layer at (0,0) size 800x600
  RenderView at (0,0) size 800x600
layer at (0,0) size 800x70
  RenderBlock {HTML} at (0,0) size 800x70
    RenderBody {BODY} at (8,8) size 784x54
      RenderBlock {DIV} at (0,0) size 784x54
        RenderText {#text} at (0,0) size 753x54
          text run at (0,0) width 727: "This table shows unicode-bidi: isolate behavior (in red) with display: inline-block behavior overlapping in green. "
          text run at (726,0) width 27: "You"
          text run at (0,18) width 191: "should see no red in this test! "
          text run at (190,18) width 532: "Behavior between these two methods should be identical for non-wrapping strings,"
          text run at (0,36) width 467: "assuming unicode-bidi: isolate is implemented and functioning correctly."
layer at (8,62) size 28x400
  RenderBlock (positioned) {DIV} at (0,0) size 29x400 [color=#FF0000]
    RenderMultiColumnSet at (0,0) size 29x400
layer at (8,62) size 28x2114 backgroundClip at (0,0) size 800x600 clip at (0,0) size 800x600
  RenderMultiColumnFlowThread at (0,0) size 29x2114
    RenderBlock {DIV} at (0,0) size 29x18
      RenderText {#text} at (0,0) size 7x18
        text run at (0,0) width 7: "\""
      RenderInline {SPAN} at (6,0) size 6x18
        RenderText {#text} at (6,0) size 6x18
          text run at (6,0) width 6: ")"
      RenderText {#text} at (11,0) size 7x18
        text run at (11,0) width 7: "("
    RenderBlock {DIV} at (0,18) size 29x20
      RenderText {#text} at (0,1) size 7x19
        text run at (0,1) width 7: "\""
      RenderInline {SPAN} at (6,1) size 6x19
        RenderText {#text} at (6,1) size 6x19
          text run at (6,1) width 6: ")"
      RenderText {#text} at (11,1) size 10x19
        text run at (11,1) width 10 RTL: "\x{5D1}"
    RenderBlock {DIV} at (0,37) size 29x19
      RenderText {#text} at (0,0) size 7x18
        text run at (0,0) width 7: "\""
      RenderInline {SPAN} at (6,0) size 6x18
        RenderText {#text} at (6,0) size 6x18
          text run at (6,0) width 6: ")"
      RenderText {#text} at (11,0) size 8x18
        text run at (11,0) width 8: "c"
    RenderBlock {DIV} at (0,55) size 29x20
      RenderText {#text} at (0,1) size 7x19
        text run at (0,1) width 7: "\""
      RenderInline {SPAN} at (6,1) size 8x19
        RenderText {#text} at (6,1) size 8x19
          text run at (6,1) width 8 RTL: "\x{5E0}"
      RenderText {#text} at (13,1) size 6x19
        text run at (13,1) width 6: "("
    RenderBlock {DIV} at (0,74) size 29x21
      RenderText {#text} at (0,1) size 7x19
        text run at (0,1) width 7: "\""
      RenderInline {SPAN} at (6,1) size 8x19
        RenderText {#text} at (6,1) size 8x19
          text run at (6,1) width 8 RTL: "\x{5E0}"
      RenderText {#text} at (13,1) size 10x19
        text run at (13,1) width 10 RTL: "\x{5D1}"
    RenderBlock {DIV} at (0,94) size 29x20
      RenderText {#text} at (0,1) size 7x19
        text run at (0,1) width 7: "\""
      RenderInline {SPAN} at (6,1) size 8x19
        RenderText {#text} at (6,1) size 8x19
          text run at (6,1) width 8 RTL: "\x{5E0}"
      RenderText {#text} at (13,1) size 8x19
        text run at (13,1) width 8: "c"
    RenderBlock {DIV} at (0,113) size 29x19
      RenderText {#text} at (0,0) size 7x18
        text run at (0,0) width 7: "\""
      RenderInline {SPAN} at (6,0) size 9x18
        RenderText {#text} at (6,0) size 9x18
          text run at (6,0) width 9: "b"
      RenderText {#text} at (14,0) size 6x18
        text run at (14,0) width 6: "("
    RenderBlock {DIV} at (0,131) size 29x21
      RenderText {#text} at (0,1) size 7x19
        text run at (0,1) width 7: "\""
      RenderInline {SPAN} at (6,1) size 9x19
        RenderText {#text} at (6,1) size 9x19
          text run at (6,1) width 9: "b"
      RenderText {#text} at (14,1) size 10x19
        text run at (14,1) width 10 RTL: "\x{5D1}"
    RenderBlock {DIV} at (0,151) size 29x19
      RenderText {#text} at (0,0) size 7x18
        text run at (0,0) width 7: "\""
      RenderInline {SPAN} at (6,0) size 9x18
        RenderText {#text} at (6,0) size 9x18
          text run at (6,0) width 9: "b"
      RenderText {#text} at (14,0) size 8x18
        text run at (14,0) width 8: "c"
    RenderBlock {DIV} at (0,169) size 29x19
      RenderText {#text} at (0,0) size 7x18
        text run at (0,0) width 7: "\""
      RenderInline {SPAN} at (6,0) size 6x18
        RenderText {#text} at (6,0) size 6x18
          text run at (6,0) width 6 RTL: ")"
      RenderText {#text} at (11,0) size 7x18
        text run at (11,0) width 7: "("
    RenderBlock {DIV} at (0,187) size 29x20
      RenderText {#text} at (0,1) size 7x19
        text run at (0,1) width 7: "\""
      RenderInline {SPAN} at (6,1) size 6x19
        RenderText {#text} at (6,1) size 6x19
          text run at (6,1) width 6 RTL: ")"
      RenderText {#text} at (11,1) size 10x19
        text run at (11,1) width 10 RTL: "\x{5D1}"
    RenderBlock {DIV} at (0,206) size 29x19
      RenderText {#text} at (0,0) size 7x18
        text run at (0,0) width 7: "\""
      RenderInline {SPAN} at (6,0) size 6x18
        RenderText {#text} at (6,0) size 6x18
          text run at (6,0) width 6 RTL: ")"
      RenderText {#text} at (11,0) size 8x18
        text run at (11,0) width 8: "c"
    RenderBlock {DIV} at (0,224) size 29x21
      RenderText {#text} at (0,1) size 7x19
        text run at (0,1) width 7: "\""
      RenderInline {SPAN} at (6,1) size 8x19
        RenderText {#text} at (6,1) size 8x19
          text run at (6,1) width 8 RTL: "\x{5E0}"
      RenderText {#text} at (13,1) size 6x19
        text run at (13,1) width 6: "("
    RenderBlock {DIV} at (0,244) size 29x20
      RenderText {#text} at (0,1) size 7x19
        text run at (0,1) width 7: "\""
      RenderInline {SPAN} at (6,1) size 8x19
        RenderText {#text} at (6,1) size 8x19
          text run at (6,1) width 8 RTL: "\x{5E0}"
      RenderText {#text} at (13,1) size 10x19
        text run at (13,1) width 10 RTL: "\x{5D1}"
    RenderBlock {DIV} at (0,263) size 29x21
      RenderText {#text} at (0,1) size 7x19
        text run at (0,1) width 7: "\""
      RenderInline {SPAN} at (6,1) size 8x19
        RenderText {#text} at (6,1) size 8x19
          text run at (6,1) width 8 RTL: "\x{5E0}"
      RenderText {#text} at (13,1) size 8x19
        text run at (13,1) width 8: "c"
    RenderBlock {DIV} at (0,283) size 29x19
      RenderText {#text} at (0,0) size 7x18
        text run at (0,0) width 7: "\""
      RenderInline {SPAN} at (6,0) size 9x18
        RenderText {#text} at (6,0) size 9x18
          text run at (6,0) width 9: "b"
      RenderText {#text} at (14,0) size 6x18
        text run at (14,0) width 6: "("
    RenderBlock {DIV} at (0,301) size 29x20
      RenderText {#text} at (0,1) size 7x19
        text run at (0,1) width 7: "\""
      RenderInline {SPAN} at (6,1) size 9x19
        RenderText {#text} at (6,1) size 9x19
          text run at (6,1) width 9: "b"
      RenderText {#text} at (14,1) size 10x19
        text run at (14,1) width 10 RTL: "\x{5D1}"
    RenderBlock {DIV} at (0,320) size 29x19
      RenderText {#text} at (0,0) size 7x18
        text run at (0,0) width 7: "\""
      RenderInline {SPAN} at (6,0) size 9x18
        RenderText {#text} at (6,0) size 9x18
          text run at (6,0) width 9: "b"
      RenderText {#text} at (14,0) size 8x18
        text run at (14,0) width 8: "c"
    RenderBlock {DIV} at (0,338) size 29x21
      RenderText {#text} at (0,1) size 12x19
        text run at (0,1) width 12 RTL: "\x{5E9}"
      RenderInline {SPAN} at (11,1) size 6x19
        RenderText {#text} at (11,1) size 6x19
          text run at (11,1) width 6: ")"
      RenderText {#text} at (16,1) size 7x19
        text run at (16,1) width 7: "("
    RenderBlock {DIV} at (0,358) size 29x20
      RenderText {#text} at (14,1) size 12x19
        text run at (14,1) width 12 RTL: "\x{5E9}"
      RenderInline {SPAN} at (9,1) size 6x19
        RenderText {#text} at (9,1) size 6x19
          text run at (9,1) width 6: ")"
      RenderText {#text} at (0,1) size 10x19
        text run at (0,1) width 10 RTL: "\x{5D1}"
    RenderBlock {DIV} at (0,377) size 29x21
      RenderText {#text} at (0,1) size 12x19
        text run at (0,1) width 12 RTL: "\x{5E9}"
      RenderInline {SPAN} at (11,1) size 6x19
        RenderText {#text} at (11,1) size 6x19
          text run at (11,1) width 6: ")"
      RenderText {#text} at (16,1) size 8x19
        text run at (16,1) width 8: "c"
    RenderBlock {DIV} at (0,400) size 29x20
      RenderText {#text} at (0,1) size 12x19
        text run at (0,1) width 12 RTL: "\x{5E9}"
      RenderInline {SPAN} at (11,1) size 8x19
        RenderText {#text} at (11,1) size 8x19
          text run at (11,1) width 8 RTL: "\x{5E0}"
      RenderText {#text} at (18,1) size 6x19
        text run at (18,1) width 6: "("
    RenderBlock {DIV} at (0,419) size 29x20
      RenderText {#text} at (15,1) size 13x19
        text run at (15,1) width 13 RTL: "\x{5E9}"
      RenderInline {SPAN} at (9,1) size 7x19
        RenderText {#text} at (9,1) size 7x19
          text run at (9,1) width 7 RTL: "\x{5E0}"
      RenderText {#text} at (0,1) size 10x19
        text run at (0,1) width 10 RTL: "\x{5D1}"
    RenderBlock {DIV} at (0,438) size 29x21
      RenderText {#text} at (0,1) size 12x19
        text run at (0,1) width 12 RTL: "\x{5E9}"
      RenderInline {SPAN} at (11,1) size 8x19
        RenderText {#text} at (11,1) size 8x19
          text run at (11,1) width 8 RTL: "\x{5E0}"
      RenderText {#text} at (18,1) size 8x19
        text run at (18,1) width 8: "c"
    RenderBlock {DIV} at (0,458) size 29x20
      RenderText {#text} at (0,1) size 12x19
        text run at (0,1) width 12 RTL: "\x{5E9}"
      RenderInline {SPAN} at (11,1) size 9x19
        RenderText {#text} at (11,1) size 9x19
          text run at (11,1) width 9: "b"
      RenderText {#text} at (19,1) size 6x19
        text run at (19,1) width 6: "("
    RenderBlock {DIV} at (0,477) size 29x21
      RenderText {#text} at (17,1) size 12x19
        text run at (17,1) width 12 RTL: "\x{5E9}"
      RenderInline {SPAN} at (9,1) size 8x19
        RenderText {#text} at (9,1) size 9x19
          text run at (9,1) width 9: "b"
      RenderText {#text} at (0,1) size 10x19
        text run at (0,1) width 10 RTL: "\x{5D1}"
    RenderBlock {DIV} at (0,497) size 29x20
      RenderText {#text} at (0,1) size 12x19
        text run at (0,1) width 12 RTL: "\x{5E9}"
      RenderInline {SPAN} at (11,1) size 9x19
        RenderText {#text} at (11,1) size 9x19
          text run at (11,1) width 9: "b"
      RenderText {#text} at (19,1) size 8x19
        text run at (19,1) width 8: "c"
    RenderBlock {DIV} at (0,516) size 29x21
      RenderText {#text} at (0,1) size 12x19
        text run at (0,1) width 12 RTL: "\x{5E9}"
      RenderInline {SPAN} at (11,1) size 6x19
        RenderText {#text} at (11,1) size 6x19
          text run at (11,1) width 6 RTL: ")"
      RenderText {#text} at (16,1) size 7x19
        text run at (16,1) width 7: "("
    RenderBlock {DIV} at (0,536) size 29x20
      RenderText {#text} at (14,1) size 12x19
        text run at (14,1) width 12 RTL: "\x{5E9}"
      RenderInline {SPAN} at (9,1) size 6x19
        RenderText {#text} at (9,1) size 6x19
          text run at (9,1) width 6 RTL: ")"
      RenderText {#text} at (0,1) size 10x19
        text run at (0,1) width 10 RTL: "\x{5D1}"
    RenderBlock {DIV} at (0,555) size 29x21
      RenderText {#text} at (0,1) size 12x19
        text run at (0,1) width 12 RTL: "\x{5E9}"
      RenderInline {SPAN} at (11,1) size 6x19
        RenderText {#text} at (11,1) size 6x19
          text run at (11,1) width 6 RTL: ")"
      RenderText {#text} at (16,1) size 8x19
        text run at (16,1) width 8: "c"
    RenderBlock {DIV} at (0,575) size 29x20
      RenderText {#text} at (0,1) size 12x19
        text run at (0,1) width 12 RTL: "\x{5E9}"
      RenderInline {SPAN} at (11,1) size 8x19
        RenderText {#text} at (11,1) size 8x19
          text run at (11,1) width 8 RTL: "\x{5E0}"
      RenderText {#text} at (18,1) size 6x19
        text run at (18,1) width 6: "("
    RenderBlock {DIV} at (0,594) size 29x21
      RenderText {#text} at (15,1) size 13x19
        text run at (15,1) width 13 RTL: "\x{5E9}"
      RenderInline {SPAN} at (9,1) size 7x19
        RenderText {#text} at (9,1) size 7x19
          text run at (9,1) width 7 RTL: "\x{5E0}"
      RenderText {#text} at (0,1) size 10x19
        text run at (0,1) width 10 RTL: "\x{5D1}"
    RenderBlock {DIV} at (0,614) size 29x20
      RenderText {#text} at (0,1) size 12x19
        text run at (0,1) width 12 RTL: "\x{5E9}"
      RenderInline {SPAN} at (11,1) size 8x19
        RenderText {#text} at (11,1) size 8x19
          text run at (11,1) width 8 RTL: "\x{5E0}"
      RenderText {#text} at (18,1) size 8x19
        text run at (18,1) width 8: "c"
    RenderBlock {DIV} at (0,633) size 29x21
      RenderText {#text} at (0,1) size 12x19
        text run at (0,1) width 12 RTL: "\x{5E9}"
      RenderInline {SPAN} at (11,1) size 9x19
        RenderText {#text} at (11,1) size 9x19
          text run at (11,1) width 9: "b"
      RenderText {#text} at (19,1) size 6x19
        text run at (19,1) width 6: "("
    RenderBlock {DIV} at (0,653) size 29x20
      RenderText {#text} at (17,1) size 12x19
        text run at (17,1) width 12 RTL: "\x{5E9}"
      RenderInline {SPAN} at (9,1) size 8x19
        RenderText {#text} at (9,1) size 9x19
          text run at (9,1) width 9: "b"
      RenderText {#text} at (0,1) size 10x19
        text run at (0,1) width 10 RTL: "\x{5D1}"
    RenderBlock {DIV} at (0,672) size 29x21
      RenderText {#text} at (0,1) size 12x19
        text run at (0,1) width 12 RTL: "\x{5E9}"
      RenderInline {SPAN} at (11,1) size 9x19
        RenderText {#text} at (11,1) size 9x19
          text run at (11,1) width 9: "b"
      RenderText {#text} at (19,1) size 8x19
        text run at (19,1) width 8: "c"
    RenderBlock {DIV} at (0,692) size 29x19
      RenderText {#text} at (0,0) size 8x18
        text run at (0,0) width 8: "a"
      RenderInline {SPAN} at (7,0) size 6x18
        RenderText {#text} at (7,0) size 6x18
          text run at (7,0) width 6: ")"
      RenderText {#text} at (12,0) size 6x18
        text run at (12,0) width 6: "("
    RenderBlock {DIV} at (0,710) size 29x20
      RenderText {#text} at (0,1) size 8x19
        text run at (0,1) width 8: "a"
      RenderInline {SPAN} at (7,1) size 6x19
        RenderText {#text} at (7,1) size 6x19
          text run at (7,1) width 6: ")"
      RenderText {#text} at (12,1) size 10x19
        text run at (12,1) width 10 RTL: "\x{5D1}"
    RenderBlock {DIV} at (0,729) size 29x19
      RenderText {#text} at (0,0) size 8x18
        text run at (0,0) width 8: "a"
      RenderInline {SPAN} at (7,0) size 6x18
        RenderText {#text} at (7,0) size 6x18
          text run at (7,0) width 6: ")"
      RenderText {#text} at (12,0) size 8x18
        text run at (12,0) width 8: "c"
    RenderBlock {DIV} at (0,747) size 29x20
      RenderText {#text} at (0,1) size 8x19
        text run at (0,1) width 8: "a"
      RenderInline {SPAN} at (7,1) size 7x19
        RenderText {#text} at (7,1) size 7x19
          text run at (7,1) width 7 RTL: "\x{5E0}"
      RenderText {#text} at (13,1) size 7x19
        text run at (13,1) width 7: "("
    RenderBlock {DIV} at (0,766) size 29x21
      RenderText {#text} at (0,1) size 8x19
        text run at (0,1) width 8: "a"
      RenderInline {SPAN} at (7,1) size 7x19
        RenderText {#text} at (7,1) size 7x19
          text run at (7,1) width 7 RTL: "\x{5E0}"
      RenderText {#text} at (13,1) size 10x19
        text run at (13,1) width 10 RTL: "\x{5D1}"
    RenderBlock {DIV} at (0,800) size 29x20
      RenderText {#text} at (0,1) size 8x19
        text run at (0,1) width 8: "a"
      RenderInline {SPAN} at (7,1) size 7x19
        RenderText {#text} at (7,1) size 7x19
          text run at (7,1) width 7 RTL: "\x{5E0}"
      RenderText {#text} at (13,1) size 8x19
        text run at (13,1) width 8: "c"
    RenderBlock {DIV} at (0,819) size 29x19
      RenderText {#text} at (0,0) size 8x18
        text run at (0,0) width 8: "a"
      RenderInline {SPAN} at (7,0) size 9x18
        RenderText {#text} at (7,0) size 9x18
          text run at (7,0) width 9: "b"
      RenderText {#text} at (15,0) size 6x18
        text run at (15,0) width 6: "("
    RenderBlock {DIV} at (0,837) size 29x20
      RenderText {#text} at (0,1) size 8x19
        text run at (0,1) width 8: "a"
      RenderInline {SPAN} at (7,1) size 9x19
        RenderText {#text} at (7,1) size 9x19
          text run at (7,1) width 9: "b"
      RenderText {#text} at (15,1) size 10x19
        text run at (15,1) width 10 RTL: "\x{5D1}"
    RenderBlock {DIV} at (0,856) size 29x19
      RenderText {#text} at (0,0) size 8x18
        text run at (0,0) width 8: "a"
      RenderInline {SPAN} at (7,0) size 9x18
        RenderText {#text} at (7,0) size 9x18
          text run at (7,0) width 9: "b"
      RenderText {#text} at (15,0) size 8x18
        text run at (15,0) width 8: "c"
    RenderBlock {DIV} at (0,874) size 29x19
      RenderText {#text} at (0,0) size 8x18
        text run at (0,0) width 8: "a"
      RenderInline {SPAN} at (7,0) size 6x18
        RenderText {#text} at (7,0) size 6x18
          text run at (7,0) width 6 RTL: ")"
      RenderText {#text} at (12,0) size 6x18
        text run at (12,0) width 6: "("
    RenderBlock {DIV} at (0,892) size 29x21
      RenderText {#text} at (0,1) size 8x19
        text run at (0,1) width 8: "a"
      RenderInline {SPAN} at (7,1) size 6x19
        RenderText {#text} at (7,1) size 6x19
          text run at (7,1) width 6 RTL: ")"
      RenderText {#text} at (12,1) size 10x19
        text run at (12,1) width 10 RTL: "\x{5D1}"
    RenderBlock {DIV} at (0,912) size 29x19
      RenderText {#text} at (0,0) size 8x18
        text run at (0,0) width 8: "a"
      RenderInline {SPAN} at (7,0) size 6x18
        RenderText {#text} at (7,0) size 6x18
          text run at (7,0) width 6 RTL: ")"
      RenderText {#text} at (12,0) size 8x18
        text run at (12,0) width 8: "c"
    RenderBlock {DIV} at (0,930) size 29x20
      RenderText {#text} at (0,1) size 8x19
        text run at (0,1) width 8: "a"
      RenderInline {SPAN} at (7,1) size 7x19
        RenderText {#text} at (7,1) size 7x19
          text run at (7,1) width 7 RTL: "\x{5E0}"
      RenderText {#text} at (13,1) size 7x19
        text run at (13,1) width 7: "("
    RenderBlock {DIV} at (0,949) size 29x21
      RenderText {#text} at (0,1) size 8x19
        text run at (0,1) width 8: "a"
      RenderInline {SPAN} at (7,1) size 7x19
        RenderText {#text} at (7,1) size 7x19
          text run at (7,1) width 7 RTL: "\x{5E0}"
      RenderText {#text} at (13,1) size 10x19
        text run at (13,1) width 10 RTL: "\x{5D1}"
    RenderBlock {DIV} at (0,969) size 29x20
      RenderText {#text} at (0,1) size 8x19
        text run at (0,1) width 8: "a"
      RenderInline {SPAN} at (7,1) size 7x19
        RenderText {#text} at (7,1) size 7x19
          text run at (7,1) width 7 RTL: "\x{5E0}"
      RenderText {#text} at (13,1) size 8x19
        text run at (13,1) width 8: "c"
    RenderBlock {DIV} at (0,988) size 29x19
      RenderText {#text} at (0,0) size 8x18
        text run at (0,0) width 8: "a"
      RenderInline {SPAN} at (7,0) size 9x18
        RenderText {#text} at (7,0) size 9x18
          text run at (7,0) width 9: "b"
      RenderText {#text} at (15,0) size 6x18
        text run at (15,0) width 6: "("
    RenderBlock {DIV} at (0,1006) size 29x21
      RenderText {#text} at (0,1) size 8x19
        text run at (0,1) width 8: "a"
      RenderInline {SPAN} at (7,1) size 9x19
        RenderText {#text} at (7,1) size 9x19
          text run at (7,1) width 9: "b"
      RenderText {#text} at (15,1) size 10x19
        text run at (15,1) width 10 RTL: "\x{5D1}"
    RenderBlock {DIV} at (0,1026) size 29x19
      RenderText {#text} at (0,0) size 8x18
        text run at (0,0) width 8: "a"
      RenderInline {SPAN} at (7,0) size 9x18
        RenderText {#text} at (7,0) size 9x18
          text run at (7,0) width 9: "b"
      RenderText {#text} at (15,0) size 8x18
        text run at (15,0) width 8: "c"
    RenderBlock {DIV} at (0,1044) size 29x19
      RenderText {#text} at (21,0) size 8x18
        text run at (21,0) width 8 RTL: "\""
      RenderInline {SPAN} at (16,0) size 6x18
        RenderText {#text} at (16,0) size 6x18
          text run at (16,0) width 6: ")"
      RenderText {#text} at (11,0) size 6x18
        text run at (11,0) width 6 RTL: "("
    RenderBlock {DIV} at (0,1062) size 29x20
      RenderText {#text} at (21,1) size 8x19
        text run at (21,1) width 8 RTL: "\""
      RenderInline {SPAN} at (16,1) size 6x19
        RenderText {#text} at (16,1) size 6x19
          text run at (16,1) width 6: ")"
      RenderText {#text} at (7,1) size 10x19
        text run at (7,1) width 10 RTL: "\x{5D1}"
    RenderBlock {DIV} at (0,1081) size 29x19
      RenderText {#text} at (21,0) size 8x18
        text run at (21,0) width 8 RTL: "\""
      RenderInline {SPAN} at (16,0) size 6x18
        RenderText {#text} at (16,0) size 6x18
          text run at (16,0) width 6: ")"
      RenderText {#text} at (9,0) size 8x18
        text run at (9,0) width 8: "c"
    RenderBlock {DIV} at (0,1099) size 29x21
      RenderText {#text} at (21,1) size 8x19
        text run at (21,1) width 8 RTL: "\""
      RenderInline {SPAN} at (15,1) size 7x19
        RenderText {#text} at (15,1) size 7x19
          text run at (15,1) width 7 RTL: "\x{5E0}"
      RenderText {#text} at (10,1) size 6x19
        text run at (10,1) width 6 RTL: "("
    RenderBlock {DIV} at (0,1119) size 29x20
      RenderText {#text} at (21,1) size 8x19
        text run at (21,1) width 8 RTL: "\""
      RenderInline {SPAN} at (15,1) size 7x19
        RenderText {#text} at (15,1) size 7x19
          text run at (15,1) width 7 RTL: "\x{5E0}"
      RenderText {#text} at (6,1) size 10x19
        text run at (6,1) width 10 RTL: "\x{5D1}"
    RenderBlock {DIV} at (0,1138) size 29x21
      RenderText {#text} at (21,1) size 8x19
        text run at (21,1) width 8 RTL: "\""
      RenderInline {SPAN} at (15,1) size 7x19
        RenderText {#text} at (15,1) size 7x19
          text run at (15,1) width 7 RTL: "\x{5E0}"
      RenderText {#text} at (8,1) size 8x19
        text run at (8,1) width 8: "c"
    RenderBlock {DIV} at (0,1158) size 29x19
      RenderText {#text} at (21,0) size 8x18
        text run at (21,0) width 8 RTL: "\""
      RenderInline {SPAN} at (13,0) size 9x18
        RenderText {#text} at (13,0) size 9x18
          text run at (13,0) width 9: "b"
      RenderText {#text} at (8,0) size 6x18
        text run at (8,0) width 6 RTL: "("
    RenderBlock {DIV} at (0,1176) size 29x20
      RenderText {#text} at (21,1) size 8x19
        text run at (21,1) width 8 RTL: "\""
      RenderInline {SPAN} at (13,1) size 9x19
        RenderText {#text} at (13,1) size 9x19
          text run at (13,1) width 9: "b"
      RenderText {#text} at (4,1) size 10x19
        text run at (4,1) width 10 RTL: "\x{5D1}"
    RenderBlock {DIV} at (0,1200) size 29x18
      RenderText {#text} at (21,0) size 8x18
        text run at (21,0) width 8 RTL: "\""
      RenderInline {SPAN} at (13,0) size 9x18
        RenderText {#text} at (13,0) size 9x18
          text run at (13,0) width 9: "b"
      RenderText {#text} at (6,0) size 8x18
        text run at (6,0) width 8: "c"
    RenderBlock {DIV} at (0,1218) size 29x18
      RenderText {#text} at (21,0) size 8x18
        text run at (21,0) width 8 RTL: "\""
      RenderInline {SPAN} at (16,0) size 6x18
        RenderText {#text} at (16,0) size 6x18
          text run at (16,0) width 6 RTL: ")"
      RenderText {#text} at (11,0) size 6x18
        text run at (11,0) width 6 RTL: "("
    RenderBlock {DIV} at (0,1236) size 29x20
      RenderText {#text} at (21,1) size 8x19
        text run at (21,1) width 8 RTL: "\""
      RenderInline {SPAN} at (16,1) size 6x19
        RenderText {#text} at (16,1) size 6x19
          text run at (16,1) width 6 RTL: ")"
      RenderText {#text} at (7,1) size 10x19
        text run at (7,1) width 10 RTL: "\x{5D1}"
    RenderBlock {DIV} at (0,1255) size 29x19
      RenderText {#text} at (21,0) size 8x18
        text run at (21,0) width 8 RTL: "\""
      RenderInline {SPAN} at (16,0) size 6x18
        RenderText {#text} at (16,0) size 6x18
          text run at (16,0) width 6 RTL: ")"
      RenderText {#text} at (9,0) size 8x18
        text run at (9,0) width 8: "c"
    RenderBlock {DIV} at (0,1273) size 29x20
      RenderText {#text} at (21,1) size 8x19
        text run at (21,1) width 8 RTL: "\""
      RenderInline {SPAN} at (15,1) size 7x19
        RenderText {#text} at (15,1) size 7x19
          text run at (15,1) width 7 RTL: "\x{5E0}"
      RenderText {#text} at (10,1) size 6x19
        text run at (10,1) width 6 RTL: "("
    RenderBlock {DIV} at (0,1292) size 29x21
      RenderText {#text} at (21,1) size 8x19
        text run at (21,1) width 8 RTL: "\""
      RenderInline {SPAN} at (15,1) size 7x19
        RenderText {#text} at (15,1) size 7x19
          text run at (15,1) width 7 RTL: "\x{5E0}"
      RenderText {#text} at (6,1) size 10x19
        text run at (6,1) width 10 RTL: "\x{5D1}"
    RenderBlock {DIV} at (0,1312) size 29x20
      RenderText {#text} at (21,1) size 8x19
        text run at (21,1) width 8 RTL: "\""
      RenderInline {SPAN} at (15,1) size 7x19
        RenderText {#text} at (15,1) size 7x19
          text run at (15,1) width 7 RTL: "\x{5E0}"
      RenderText {#text} at (8,1) size 8x19
        text run at (8,1) width 8: "c"
    RenderBlock {DIV} at (0,1331) size 29x19
      RenderText {#text} at (21,0) size 8x18
        text run at (21,0) width 8 RTL: "\""
      RenderInline {SPAN} at (13,0) size 9x18
        RenderText {#text} at (13,0) size 9x18
          text run at (13,0) width 9: "b"
      RenderText {#text} at (8,0) size 6x18
        text run at (8,0) width 6 RTL: "("
    RenderBlock {DIV} at (0,1349) size 29x21
      RenderText {#text} at (21,1) size 8x19
        text run at (21,1) width 8 RTL: "\""
      RenderInline {SPAN} at (13,1) size 9x19
        RenderText {#text} at (13,1) size 9x19
          text run at (13,1) width 9: "b"
      RenderText {#text} at (4,1) size 10x19
        text run at (4,1) width 10 RTL: "\x{5D1}"
    RenderBlock {DIV} at (0,1369) size 29x19
      RenderText {#text} at (21,0) size 8x18
        text run at (21,0) width 8 RTL: "\""
      RenderInline {SPAN} at (13,0) size 9x18
        RenderText {#text} at (13,0) size 9x18
          text run at (13,0) width 9: "b"
      RenderText {#text} at (6,0) size 8x18
        text run at (6,0) width 8: "c"
    RenderBlock {DIV} at (0,1387) size 29x20
      RenderText {#text} at (17,1) size 12x19
        text run at (17,1) width 12 RTL: "\x{5E9}"
      RenderInline {SPAN} at (11,1) size 6x19
        RenderText {#text} at (11,1) size 7x19
          text run at (11,1) width 7: ")"
      RenderText {#text} at (6,1) size 6x19
        text run at (6,1) width 6 RTL: "("
    RenderBlock {DIV} at (0,1406) size 29x21
      RenderText {#text} at (17,1) size 12x19
        text run at (17,1) width 12 RTL: "\x{5E9}"
      RenderInline {SPAN} at (11,1) size 6x19
        RenderText {#text} at (11,1) size 7x19
          text run at (11,1) width 7: ")"
      RenderText {#text} at (2,1) size 10x19
        text run at (2,1) width 10 RTL: "\x{5D1}"
    RenderBlock {DIV} at (0,1426) size 29x20
      RenderText {#text} at (17,1) size 12x19
        text run at (17,1) width 12 RTL: "\x{5E9}"
      RenderInline {SPAN} at (11,1) size 6x19
        RenderText {#text} at (11,1) size 7x19
          text run at (11,1) width 7: ")"
      RenderText {#text} at (4,1) size 8x19
        text run at (4,1) width 8: "c"
    RenderBlock {DIV} at (0,1445) size 29x21
      RenderText {#text} at (17,1) size 12x19
        text run at (17,1) width 12 RTL: "\x{5E9}"
      RenderInline {SPAN} at (10,1) size 7x19
        RenderText {#text} at (10,1) size 8x19
          text run at (10,1) width 8 RTL: "\x{5E0}"
      RenderText {#text} at (5,1) size 6x19
        text run at (5,1) width 6 RTL: "("
    RenderBlock {DIV} at (0,1465) size 29x20
      RenderText {#text} at (17,1) size 12x19
        text run at (17,1) width 12 RTL: "\x{5E9}"
      RenderInline {SPAN} at (10,1) size 7x19
        RenderText {#text} at (10,1) size 8x19
          text run at (10,1) width 8 RTL: "\x{5E0}"
      RenderText {#text} at (1,1) size 10x19
        text run at (1,1) width 10 RTL: "\x{5D1}"
    RenderBlock {DIV} at (0,1484) size 29x21
      RenderText {#text} at (17,1) size 12x19
        text run at (17,1) width 12 RTL: "\x{5E9}"
      RenderInline {SPAN} at (10,1) size 7x19
        RenderText {#text} at (10,1) size 8x19
          text run at (10,1) width 8 RTL: "\x{5E0}"
      RenderText {#text} at (3,1) size 8x19
        text run at (3,1) width 8: "c"
    RenderBlock {DIV} at (0,1504) size 29x20
      RenderText {#text} at (17,1) size 12x19
        text run at (17,1) width 12 RTL: "\x{5E9}"
      RenderInline {SPAN} at (9,1) size 8x19
        RenderText {#text} at (9,1) size 9x19
          text run at (9,1) width 9: "b"
      RenderText {#text} at (3,1) size 7x19
        text run at (3,1) width 7 RTL: "("
    RenderBlock {DIV} at (0,1523) size 29x21
      RenderText {#text} at (17,1) size 12x19
        text run at (17,1) width 12 RTL: "\x{5E9}"
      RenderInline {SPAN} at (9,1) size 8x19
        RenderText {#text} at (9,1) size 9x19
          text run at (9,1) width 9: "b"
      RenderText {#text} at (0,1) size 10x19
        text run at (0,1) width 10 RTL: "\x{5D1}"
    RenderBlock {DIV} at (0,1543) size 29x20
      RenderText {#text} at (17,1) size 12x19
        text run at (17,1) width 12 RTL: "\x{5E9}"
      RenderInline {SPAN} at (9,1) size 8x19
        RenderText {#text} at (9,1) size 9x19
          text run at (9,1) width 9: "b"
      RenderText {#text} at (1,1) size 9x19
        text run at (1,1) width 9: "c"
    RenderBlock {DIV} at (0,1562) size 29x21
      RenderText {#text} at (17,1) size 12x19
        text run at (17,1) width 12 RTL: "\x{5E9}"
      RenderInline {SPAN} at (11,1) size 6x19
        RenderText {#text} at (11,1) size 7x19
          text run at (11,1) width 7 RTL: ")"
      RenderText {#text} at (6,1) size 6x19
        text run at (6,1) width 6 RTL: "("
    RenderBlock {DIV} at (0,1600) size 29x20
      RenderText {#text} at (17,1) size 12x19
        text run at (17,1) width 12 RTL: "\x{5E9}"
      RenderInline {SPAN} at (11,1) size 6x19
        RenderText {#text} at (11,1) size 7x19
          text run at (11,1) width 7 RTL: ")"
      RenderText {#text} at (2,1) size 10x19
        text run at (2,1) width 10 RTL: "\x{5D1}"
    RenderBlock {DIV} at (0,1619) size 29x20
      RenderText {#text} at (17,1) size 12x19
        text run at (17,1) width 12 RTL: "\x{5E9}"
      RenderInline {SPAN} at (11,1) size 6x19
        RenderText {#text} at (11,1) size 7x19
          text run at (11,1) width 7 RTL: ")"
      RenderText {#text} at (4,1) size 8x19
        text run at (4,1) width 8: "c"
    RenderBlock {DIV} at (0,1638) size 29x21
      RenderText {#text} at (17,1) size 12x19
        text run at (17,1) width 12 RTL: "\x{5E9}"
      RenderInline {SPAN} at (10,1) size 7x19
        RenderText {#text} at (10,1) size 8x19
          text run at (10,1) width 8 RTL: "\x{5E0}"
      RenderText {#text} at (5,1) size 6x19
        text run at (5,1) width 6 RTL: "("
    RenderBlock {DIV} at (0,1658) size 29x20
      RenderText {#text} at (17,1) size 12x19
        text run at (17,1) width 12 RTL: "\x{5E9}"
      RenderInline {SPAN} at (10,1) size 7x19
        RenderText {#text} at (10,1) size 8x19
          text run at (10,1) width 8 RTL: "\x{5E0}"
      RenderText {#text} at (1,1) size 10x19
        text run at (1,1) width 10 RTL: "\x{5D1}"
    RenderBlock {DIV} at (0,1677) size 29x21
      RenderText {#text} at (17,1) size 12x19
        text run at (17,1) width 12 RTL: "\x{5E9}"
      RenderInline {SPAN} at (10,1) size 7x19
        RenderText {#text} at (10,1) size 8x19
          text run at (10,1) width 8 RTL: "\x{5E0}"
      RenderText {#text} at (3,1) size 8x19
        text run at (3,1) width 8: "c"
    RenderBlock {DIV} at (0,1697) size 29x20
      RenderText {#text} at (17,1) size 12x19
        text run at (17,1) width 12 RTL: "\x{5E9}"
      RenderInline {SPAN} at (9,1) size 8x19
        RenderText {#text} at (9,1) size 9x19
          text run at (9,1) width 9: "b"
      RenderText {#text} at (3,1) size 7x19
        text run at (3,1) width 7 RTL: "("
    RenderBlock {DIV} at (0,1716) size 29x21
      RenderText {#text} at (17,1) size 12x19
        text run at (17,1) width 12 RTL: "\x{5E9}"
      RenderInline {SPAN} at (9,1) size 8x19
        RenderText {#text} at (9,1) size 9x19
          text run at (9,1) width 9: "b"
      RenderText {#text} at (0,1) size 10x19
        text run at (0,1) width 10 RTL: "\x{5D1}"
    RenderBlock {DIV} at (0,1736) size 29x20
      RenderText {#text} at (17,1) size 12x19
        text run at (17,1) width 12 RTL: "\x{5E9}"
      RenderInline {SPAN} at (9,1) size 8x19
        RenderText {#text} at (9,1) size 9x19
          text run at (9,1) width 9: "b"
      RenderText {#text} at (1,1) size 9x19
        text run at (1,1) width 9: "c"
    RenderBlock {DIV} at (0,1755) size 29x19
      RenderText {#text} at (21,0) size 8x18
        text run at (21,0) width 8: "a"
      RenderInline {SPAN} at (16,0) size 6x18
        RenderText {#text} at (16,0) size 6x18
          text run at (16,0) width 6: ")"
      RenderText {#text} at (10,0) size 7x18
        text run at (10,0) width 7 RTL: "("
    RenderBlock {DIV} at (0,1773) size 29x21
      RenderText {#text} at (21,1) size 8x19
        text run at (21,1) width 8: "a"
      RenderInline {SPAN} at (16,1) size 6x19
        RenderText {#text} at (16,1) size 6x19
          text run at (16,1) width 6: ")"
      RenderText {#text} at (7,1) size 10x19
        text run at (7,1) width 10 RTL: "\x{5D1}"
    RenderBlock {DIV} at (0,1793) size 29x19
      RenderText {#text} at (8,0) size 9x18
        text run at (8,0) width 9: "a"
      RenderInline {SPAN} at (16,0) size 6x18
        RenderText {#text} at (16,0) size 6x18
          text run at (16,0) width 6: ")"
      RenderText {#text} at (21,0) size 8x18
        text run at (21,0) width 8: "c"
    RenderBlock {DIV} at (0,1811) size 29x20
      RenderText {#text} at (21,1) size 8x19
        text run at (21,1) width 8: "a"
      RenderInline {SPAN} at (14,1) size 8x19
        RenderText {#text} at (14,1) size 8x19
          text run at (14,1) width 8 RTL: "\x{5E0}"
      RenderText {#text} at (9,1) size 6x19
        text run at (9,1) width 6 RTL: "("
    RenderBlock {DIV} at (0,1830) size 29x21
      RenderText {#text} at (21,1) size 8x19
        text run at (21,1) width 8: "a"
      RenderInline {SPAN} at (14,1) size 8x19
        RenderText {#text} at (14,1) size 8x19
          text run at (14,1) width 8 RTL: "\x{5E0}"
      RenderText {#text} at (5,1) size 10x19
        text run at (5,1) width 10 RTL: "\x{5D1}"
    RenderBlock {DIV} at (0,1850) size 29x20
      RenderText {#text} at (7,1) size 8x19
        text run at (7,1) width 8: "a"
      RenderInline {SPAN} at (14,1) size 8x19
        RenderText {#text} at (14,1) size 8x19
          text run at (14,1) width 8 RTL: "\x{5E0}"
      RenderText {#text} at (21,1) size 8x19
        text run at (21,1) width 8: "c"
    RenderBlock {DIV} at (0,1869) size 29x19
      RenderText {#text} at (21,0) size 8x18
        text run at (21,0) width 8: "a"
      RenderInline {SPAN} at (13,0) size 9x18
        RenderText {#text} at (13,0) size 9x18
          text run at (13,0) width 9: "b"
      RenderText {#text} at (8,0) size 6x18
        text run at (8,0) width 6 RTL: "("
    RenderBlock {DIV} at (0,1887) size 29x21
      RenderText {#text} at (21,1) size 8x19
        text run at (21,1) width 8: "a"
      RenderInline {SPAN} at (13,1) size 9x19
        RenderText {#text} at (13,1) size 9x19
          text run at (13,1) width 9: "b"
      RenderText {#text} at (4,1) size 10x19
        text run at (4,1) width 10 RTL: "\x{5D1}"
    RenderBlock {DIV} at (0,1907) size 29x19
      RenderText {#text} at (6,0) size 8x18
        text run at (6,0) width 8: "a"
      RenderInline {SPAN} at (13,0) size 9x18
        RenderText {#text} at (13,0) size 9x18
          text run at (13,0) width 9: "b"
      RenderText {#text} at (21,0) size 8x18
        text run at (21,0) width 8: "c"
    RenderBlock {DIV} at (0,1925) size 29x19
      RenderText {#text} at (21,0) size 8x18
        text run at (21,0) width 8: "a"
      RenderInline {SPAN} at (16,0) size 6x18
        RenderText {#text} at (16,0) size 6x18
          text run at (16,0) width 6 RTL: ")"
      RenderText {#text} at (10,0) size 7x18
        text run at (10,0) width 7 RTL: "("
    RenderBlock {DIV} at (0,1943) size 29x20
      RenderText {#text} at (21,1) size 8x19
        text run at (21,1) width 8: "a"
      RenderInline {SPAN} at (16,1) size 6x19
        RenderText {#text} at (16,1) size 6x19
          text run at (16,1) width 6 RTL: ")"
      RenderText {#text} at (7,1) size 10x19
        text run at (7,1) width 10 RTL: "\x{5D1}"
    RenderBlock {DIV} at (0,1962) size 29x19
      RenderText {#text} at (8,0) size 9x18
        text run at (8,0) width 9: "a"
      RenderInline {SPAN} at (16,0) size 6x18
        RenderText {#text} at (16,0) size 6x18
          text run at (16,0) width 6 RTL: ")"
      RenderText {#text} at (21,0) size 8x18
        text run at (21,0) width 8: "c"
    RenderBlock {DIV} at (0,2000) size 29x20
      RenderText {#text} at (21,1) size 8x19
        text run at (21,1) width 8: "a"
      RenderInline {SPAN} at (14,1) size 8x19
        RenderText {#text} at (14,1) size 8x19
          text run at (14,1) width 8 RTL: "\x{5E0}"
      RenderText {#text} at (9,1) size 6x19
        text run at (9,1) width 6 RTL: "("
    RenderBlock {DIV} at (0,2019) size 29x20
      RenderText {#text} at (21,1) size 8x19
        text run at (21,1) width 8: "a"
      RenderInline {SPAN} at (14,1) size 8x19
        RenderText {#text} at (14,1) size 8x19
          text run at (14,1) width 8 RTL: "\x{5E0}"
      RenderText {#text} at (5,1) size 10x19
        text run at (5,1) width 10 RTL: "\x{5D1}"
    RenderBlock {DIV} at (0,2038) size 29x21
      RenderText {#text} at (7,1) size 8x19
        text run at (7,1) width 8: "a"
      RenderInline {SPAN} at (14,1) size 8x19
        RenderText {#text} at (14,1) size 8x19
          text run at (14,1) width 8 RTL: "\x{5E0}"
      RenderText {#text} at (21,1) size 8x19
        text run at (21,1) width 8: "c"
    RenderBlock {DIV} at (0,2058) size 29x19
      RenderText {#text} at (21,0) size 8x18
        text run at (21,0) width 8: "a"
      RenderInline {SPAN} at (13,0) size 9x18
        RenderText {#text} at (13,0) size 9x18
          text run at (13,0) width 9: "b"
      RenderText {#text} at (8,0) size 6x18
        text run at (8,0) width 6 RTL: "("
    RenderBlock {DIV} at (0,2076) size 29x20
      RenderText {#text} at (21,1) size 8x19
        text run at (21,1) width 8: "a"
      RenderInline {SPAN} at (13,1) size 9x19
        RenderText {#text} at (13,1) size 9x19
          text run at (13,1) width 9: "b"
      RenderText {#text} at (4,1) size 10x19
        text run at (4,1) width 10 RTL: "\x{5D1}"
    RenderBlock {DIV} at (0,2095) size 29x19
      RenderText {#text} at (6,0) size 8x18
        text run at (6,0) width 8: "a"
      RenderInline {SPAN} at (13,0) size 9x18
        RenderText {#text} at (13,0) size 9x18
          text run at (13,0) width 9: "b"
      RenderText {#text} at (21,0) size 8x18
        text run at (21,0) width 8: "c"
layer at (8,62) size 28x400
  RenderBlock (positioned) {DIV} at (0,0) size 29x400 [color=#008000]
    RenderMultiColumnSet at (0,0) size 29x400
layer at (8,62) size 28x2114 backgroundClip at (0,0) size 800x600 clip at (0,0) size 800x600
  RenderMultiColumnFlowThread at (0,0) size 29x2114
    RenderBlock {DIV} at (0,0) size 29x18
      RenderText {#text} at (0,0) size 7x18
        text run at (0,0) width 7: "\""
      RenderBlock {SPAN} at (6,0) size 6x18
        RenderText {#text} at (0,0) size 6x18
          text run at (0,0) width 6: ")"
      RenderText {#text} at (11,0) size 7x18
        text run at (11,0) width 7: "("
    RenderBlock {DIV} at (0,18) size 29x20
      RenderText {#text} at (0,1) size 7x19
        text run at (0,1) width 7: "\""
      RenderBlock {SPAN} at (6,1) size 6x19
        RenderText {#text} at (0,0) size 6x18
          text run at (0,0) width 6: ")"
      RenderText {#text} at (11,1) size 10x19
        text run at (11,1) width 10 RTL: "\x{5D1}"
    RenderBlock {DIV} at (0,37) size 29x19
      RenderText {#text} at (0,0) size 7x18
        text run at (0,0) width 7: "\""
      RenderBlock {SPAN} at (6,0) size 6x18
        RenderText {#text} at (0,0) size 6x18
          text run at (0,0) width 6: ")"
      RenderText {#text} at (11,0) size 8x18
        text run at (11,0) width 8: "c"
    RenderBlock {DIV} at (0,55) size 29x20
      RenderText {#text} at (0,1) size 7x19
        text run at (0,1) width 7: "\""
      RenderBlock {SPAN} at (6,0) size 8x20
        RenderText {#text} at (0,1) size 7x19
          text run at (0,1) width 7 RTL: "\x{5E0}"
      RenderText {#text} at (13,1) size 6x19
        text run at (13,1) width 6: "("
    RenderBlock {DIV} at (0,74) size 29x21
      RenderText {#text} at (0,1) size 7x19
        text run at (0,1) width 7: "\""
      RenderBlock {SPAN} at (6,0) size 8x20
        RenderText {#text} at (0,1) size 7x19
          text run at (0,1) width 7 RTL: "\x{5E0}"
      RenderText {#text} at (13,1) size 10x19
        text run at (13,1) width 10 RTL: "\x{5D1}"
    RenderBlock {DIV} at (0,94) size 29x20
      RenderText {#text} at (0,1) size 7x19
        text run at (0,1) width 7: "\""
      RenderBlock {SPAN} at (6,0) size 8x20
        RenderText {#text} at (0,1) size 7x19
          text run at (0,1) width 7 RTL: "\x{5E0}"
      RenderText {#text} at (13,1) size 8x19
        text run at (13,1) width 8: "c"
    RenderBlock {DIV} at (0,113) size 29x19
      RenderText {#text} at (0,0) size 7x18
        text run at (0,0) width 7: "\""
      RenderBlock {SPAN} at (6,0) size 9x18
        RenderText {#text} at (0,0) size 8x18
          text run at (0,0) width 8: "b"
      RenderText {#text} at (14,0) size 6x18
        text run at (14,0) width 6: "("
    RenderBlock {DIV} at (0,131) size 29x21
      RenderText {#text} at (0,1) size 7x19
        text run at (0,1) width 7: "\""
      RenderBlock {SPAN} at (6,1) size 9x19
        RenderText {#text} at (0,0) size 8x18
          text run at (0,0) width 8: "b"
      RenderText {#text} at (14,1) size 10x19
        text run at (14,1) width 10 RTL: "\x{5D1}"
    RenderBlock {DIV} at (0,151) size 29x19
      RenderText {#text} at (0,0) size 7x18
        text run at (0,0) width 7: "\""
      RenderBlock {SPAN} at (6,0) size 9x18
        RenderText {#text} at (0,0) size 8x18
          text run at (0,0) width 8: "b"
      RenderText {#text} at (14,0) size 8x18
        text run at (14,0) width 8: "c"
    RenderBlock {DIV} at (0,169) size 29x19
      RenderText {#text} at (0,0) size 7x18
        text run at (0,0) width 7: "\""
      RenderBlock {SPAN} at (6,0) size 6x18
        RenderText {#text} at (0,0) size 6x18
          text run at (0,0) width 6 RTL: ")"
      RenderText {#text} at (11,0) size 7x18
        text run at (11,0) width 7: "("
    RenderBlock {DIV} at (0,187) size 29x20
      RenderText {#text} at (0,1) size 7x19
        text run at (0,1) width 7: "\""
      RenderBlock {SPAN} at (6,1) size 6x19
        RenderText {#text} at (0,0) size 6x18
          text run at (0,0) width 6 RTL: ")"
      RenderText {#text} at (11,1) size 10x19
        text run at (11,1) width 10 RTL: "\x{5D1}"
    RenderBlock {DIV} at (0,206) size 29x19
      RenderText {#text} at (0,0) size 7x18
        text run at (0,0) width 7: "\""
      RenderBlock {SPAN} at (6,0) size 6x18
        RenderText {#text} at (0,0) size 6x18
          text run at (0,0) width 6 RTL: ")"
      RenderText {#text} at (11,0) size 8x18
        text run at (11,0) width 8: "c"
    RenderBlock {DIV} at (0,224) size 29x21
      RenderText {#text} at (0,1) size 7x19
        text run at (0,1) width 7: "\""
      RenderBlock {SPAN} at (6,0) size 8x20
        RenderText {#text} at (0,1) size 7x19
          text run at (0,1) width 7 RTL: "\x{5E0}"
      RenderText {#text} at (13,1) size 6x19
        text run at (13,1) width 6: "("
    RenderBlock {DIV} at (0,244) size 29x20
      RenderText {#text} at (0,1) size 7x19
        text run at (0,1) width 7: "\""
      RenderBlock {SPAN} at (6,0) size 8x20
        RenderText {#text} at (0,1) size 7x19
          text run at (0,1) width 7 RTL: "\x{5E0}"
      RenderText {#text} at (13,1) size 10x19
        text run at (13,1) width 10 RTL: "\x{5D1}"
    RenderBlock {DIV} at (0,263) size 29x21
      RenderText {#text} at (0,1) size 7x19
        text run at (0,1) width 7: "\""
      RenderBlock {SPAN} at (6,0) size 8x20
        RenderText {#text} at (0,1) size 7x19
          text run at (0,1) width 7 RTL: "\x{5E0}"
      RenderText {#text} at (13,1) size 8x19
        text run at (13,1) width 8: "c"
    RenderBlock {DIV} at (0,283) size 29x19
      RenderText {#text} at (0,0) size 7x18
        text run at (0,0) width 7: "\""
      RenderBlock {SPAN} at (6,0) size 9x18
        RenderText {#text} at (0,0) size 8x18
          text run at (0,0) width 8: "b"
      RenderText {#text} at (14,0) size 6x18
        text run at (14,0) width 6: "("
    RenderBlock {DIV} at (0,301) size 29x20
      RenderText {#text} at (0,1) size 7x19
        text run at (0,1) width 7: "\""
      RenderBlock {SPAN} at (6,1) size 9x19
        RenderText {#text} at (0,0) size 8x18
          text run at (0,0) width 8: "b"
      RenderText {#text} at (14,1) size 10x19
        text run at (14,1) width 10 RTL: "\x{5D1}"
    RenderBlock {DIV} at (0,320) size 29x19
      RenderText {#text} at (0,0) size 7x18
        text run at (0,0) width 7: "\""
      RenderBlock {SPAN} at (6,0) size 9x18
        RenderText {#text} at (0,0) size 8x18
          text run at (0,0) width 8: "b"
      RenderText {#text} at (14,0) size 8x18
        text run at (14,0) width 8: "c"
    RenderBlock {DIV} at (0,338) size 29x21
      RenderText {#text} at (0,1) size 12x19
        text run at (0,1) width 12 RTL: "\x{5E9}"
      RenderBlock {SPAN} at (11,1) size 6x19
        RenderText {#text} at (0,0) size 6x18
          text run at (0,0) width 6: ")"
      RenderText {#text} at (16,1) size 7x19
        text run at (16,1) width 7: "("
    RenderBlock {DIV} at (0,358) size 29x20
      RenderText {#text} at (14,1) size 12x19
        text run at (14,1) width 12 RTL: "\x{5E9}"
      RenderBlock {SPAN} at (9,1) size 6x19
        RenderText {#text} at (0,0) size 6x18
          text run at (0,0) width 6: ")"
      RenderText {#text} at (0,1) size 10x19
        text run at (0,1) width 10 RTL: "\x{5D1}"
    RenderBlock {DIV} at (0,377) size 29x21
      RenderText {#text} at (0,1) size 12x19
        text run at (0,1) width 12 RTL: "\x{5E9}"
      RenderBlock {SPAN} at (11,1) size 6x19
        RenderText {#text} at (0,0) size 6x18
          text run at (0,0) width 6: ")"
      RenderText {#text} at (16,1) size 8x19
        text run at (16,1) width 8: "c"
    RenderBlock {DIV} at (0,400) size 29x20
      RenderText {#text} at (0,1) size 12x19
        text run at (0,1) width 12 RTL: "\x{5E9}"
      RenderBlock {SPAN} at (11,0) size 8x20
        RenderText {#text} at (0,1) size 7x19
          text run at (0,1) width 7 RTL: "\x{5E0}"
      RenderText {#text} at (18,1) size 6x19
        text run at (18,1) width 6: "("
    RenderBlock {DIV} at (0,419) size 29x20
      RenderText {#text} at (15,1) size 13x19
        text run at (15,1) width 13 RTL: "\x{5E9}"
      RenderBlock {SPAN} at (9,0) size 7x20
        RenderText {#text} at (0,1) size 7x19
          text run at (0,1) width 7 RTL: "\x{5E0}"
      RenderText {#text} at (0,1) size 10x19
        text run at (0,1) width 10 RTL: "\x{5D1}"
    RenderBlock {DIV} at (0,438) size 29x21
      RenderText {#text} at (0,1) size 12x19
        text run at (0,1) width 12 RTL: "\x{5E9}"
      RenderBlock {SPAN} at (11,0) size 8x20
        RenderText {#text} at (0,1) size 7x19
          text run at (0,1) width 7 RTL: "\x{5E0}"
      RenderText {#text} at (18,1) size 8x19
        text run at (18,1) width 8: "c"
    RenderBlock {DIV} at (0,458) size 29x20
      RenderText {#text} at (0,1) size 12x19
        text run at (0,1) width 12 RTL: "\x{5E9}"
      RenderBlock {SPAN} at (11,1) size 9x19
        RenderText {#text} at (0,0) size 8x18
          text run at (0,0) width 8: "b"
      RenderText {#text} at (19,1) size 6x19
        text run at (19,1) width 6: "("
    RenderBlock {DIV} at (0,477) size 29x21
      RenderText {#text} at (17,1) size 12x19
        text run at (17,1) width 12 RTL: "\x{5E9}"
      RenderBlock {SPAN} at (9,1) size 8x19
        RenderText {#text} at (0,0) size 8x18
          text run at (0,0) width 8: "b"
      RenderText {#text} at (0,1) size 10x19
        text run at (0,1) width 10 RTL: "\x{5D1}"
    RenderBlock {DIV} at (0,497) size 29x20
      RenderText {#text} at (0,1) size 12x19
        text run at (0,1) width 12 RTL: "\x{5E9}"
      RenderBlock {SPAN} at (11,1) size 9x19
        RenderText {#text} at (0,0) size 8x18
          text run at (0,0) width 8: "b"
      RenderText {#text} at (19,1) size 8x19
        text run at (19,1) width 8: "c"
    RenderBlock {DIV} at (0,516) size 29x21
      RenderText {#text} at (0,1) size 12x19
        text run at (0,1) width 12 RTL: "\x{5E9}"
      RenderBlock {SPAN} at (11,1) size 6x19
        RenderText {#text} at (0,0) size 6x18
          text run at (0,0) width 6 RTL: ")"
      RenderText {#text} at (16,1) size 7x19
        text run at (16,1) width 7: "("
    RenderBlock {DIV} at (0,536) size 29x20
      RenderText {#text} at (14,1) size 12x19
        text run at (14,1) width 12 RTL: "\x{5E9}"
      RenderBlock {SPAN} at (9,1) size 6x19
        RenderText {#text} at (0,0) size 6x18
          text run at (0,0) width 6 RTL: ")"
      RenderText {#text} at (0,1) size 10x19
        text run at (0,1) width 10 RTL: "\x{5D1}"
    RenderBlock {DIV} at (0,555) size 29x21
      RenderText {#text} at (0,1) size 12x19
        text run at (0,1) width 12 RTL: "\x{5E9}"
      RenderBlock {SPAN} at (11,1) size 6x19
        RenderText {#text} at (0,0) size 6x18
          text run at (0,0) width 6 RTL: ")"
      RenderText {#text} at (16,1) size 8x19
        text run at (16,1) width 8: "c"
    RenderBlock {DIV} at (0,575) size 29x20
      RenderText {#text} at (0,1) size 12x19
        text run at (0,1) width 12 RTL: "\x{5E9}"
      RenderBlock {SPAN} at (11,0) size 8x20
        RenderText {#text} at (0,1) size 7x19
          text run at (0,1) width 7 RTL: "\x{5E0}"
      RenderText {#text} at (18,1) size 6x19
        text run at (18,1) width 6: "("
    RenderBlock {DIV} at (0,594) size 29x21
      RenderText {#text} at (15,1) size 13x19
        text run at (15,1) width 13 RTL: "\x{5E9}"
      RenderBlock {SPAN} at (9,0) size 7x20
        RenderText {#text} at (0,1) size 7x19
          text run at (0,1) width 7 RTL: "\x{5E0}"
      RenderText {#text} at (0,1) size 10x19
        text run at (0,1) width 10 RTL: "\x{5D1}"
    RenderBlock {DIV} at (0,614) size 29x20
      RenderText {#text} at (0,1) size 12x19
        text run at (0,1) width 12 RTL: "\x{5E9}"
      RenderBlock {SPAN} at (11,0) size 8x20
        RenderText {#text} at (0,1) size 7x19
          text run at (0,1) width 7 RTL: "\x{5E0}"
      RenderText {#text} at (18,1) size 8x19
        text run at (18,1) width 8: "c"
    RenderBlock {DIV} at (0,633) size 29x21
      RenderText {#text} at (0,1) size 12x19
        text run at (0,1) width 12 RTL: "\x{5E9}"
      RenderBlock {SPAN} at (11,1) size 9x19
        RenderText {#text} at (0,0) size 8x18
          text run at (0,0) width 8: "b"
      RenderText {#text} at (19,1) size 6x19
        text run at (19,1) width 6: "("
    RenderBlock {DIV} at (0,653) size 29x20
      RenderText {#text} at (17,1) size 12x19
        text run at (17,1) width 12 RTL: "\x{5E9}"
      RenderBlock {SPAN} at (9,1) size 8x19
        RenderText {#text} at (0,0) size 8x18
          text run at (0,0) width 8: "b"
      RenderText {#text} at (0,1) size 10x19
        text run at (0,1) width 10 RTL: "\x{5D1}"
    RenderBlock {DIV} at (0,672) size 29x21
      RenderText {#text} at (0,1) size 12x19
        text run at (0,1) width 12 RTL: "\x{5E9}"
      RenderBlock {SPAN} at (11,1) size 9x19
        RenderText {#text} at (0,0) size 8x18
          text run at (0,0) width 8: "b"
      RenderText {#text} at (19,1) size 8x19
        text run at (19,1) width 8: "c"
    RenderBlock {DIV} at (0,692) size 29x19
      RenderText {#text} at (0,0) size 8x18
        text run at (0,0) width 8: "a"
      RenderBlock {SPAN} at (7,0) size 6x18
        RenderText {#text} at (0,0) size 6x18
          text run at (0,0) width 6: ")"
      RenderText {#text} at (12,0) size 6x18
        text run at (12,0) width 6: "("
    RenderBlock {DIV} at (0,710) size 29x20
      RenderText {#text} at (0,1) size 8x19
        text run at (0,1) width 8: "a"
      RenderBlock {SPAN} at (7,1) size 6x19
        RenderText {#text} at (0,0) size 6x18
          text run at (0,0) width 6: ")"
      RenderText {#text} at (12,1) size 10x19
        text run at (12,1) width 10 RTL: "\x{5D1}"
    RenderBlock {DIV} at (0,729) size 29x19
      RenderText {#text} at (0,0) size 8x18
        text run at (0,0) width 8: "a"
      RenderBlock {SPAN} at (7,0) size 6x18
        RenderText {#text} at (0,0) size 6x18
          text run at (0,0) width 6: ")"
      RenderText {#text} at (12,0) size 8x18
        text run at (12,0) width 8: "c"
    RenderBlock {DIV} at (0,747) size 29x20
      RenderText {#text} at (0,1) size 8x19
        text run at (0,1) width 8: "a"
      RenderBlock {SPAN} at (7,0) size 7x20
        RenderText {#text} at (0,1) size 7x19
          text run at (0,1) width 7 RTL: "\x{5E0}"
      RenderText {#text} at (13,1) size 7x19
        text run at (13,1) width 7: "("
    RenderBlock {DIV} at (0,766) size 29x21
      RenderText {#text} at (0,1) size 8x19
        text run at (0,1) width 8: "a"
      RenderBlock {SPAN} at (7,0) size 7x20
        RenderText {#text} at (0,1) size 7x19
          text run at (0,1) width 7 RTL: "\x{5E0}"
      RenderText {#text} at (13,1) size 10x19
        text run at (13,1) width 10 RTL: "\x{5D1}"
    RenderBlock {DIV} at (0,800) size 29x20
      RenderText {#text} at (0,1) size 8x19
        text run at (0,1) width 8: "a"
      RenderBlock {SPAN} at (7,0) size 7x20
        RenderText {#text} at (0,1) size 7x19
          text run at (0,1) width 7 RTL: "\x{5E0}"
      RenderText {#text} at (13,1) size 8x19
        text run at (13,1) width 8: "c"
    RenderBlock {DIV} at (0,819) size 29x19
      RenderText {#text} at (0,0) size 8x18
        text run at (0,0) width 8: "a"
      RenderBlock {SPAN} at (7,0) size 9x18
        RenderText {#text} at (0,0) size 8x18
          text run at (0,0) width 8: "b"
      RenderText {#text} at (15,0) size 6x18
        text run at (15,0) width 6: "("
    RenderBlock {DIV} at (0,837) size 29x20
      RenderText {#text} at (0,1) size 8x19
        text run at (0,1) width 8: "a"
      RenderBlock {SPAN} at (7,1) size 9x19
        RenderText {#text} at (0,0) size 8x18
          text run at (0,0) width 8: "b"
      RenderText {#text} at (15,1) size 10x19
        text run at (15,1) width 10 RTL: "\x{5D1}"
    RenderBlock {DIV} at (0,856) size 29x19
      RenderText {#text} at (0,0) size 8x18
        text run at (0,0) width 8: "a"
      RenderBlock {SPAN} at (7,0) size 9x18
        RenderText {#text} at (0,0) size 8x18
          text run at (0,0) width 8: "b"
      RenderText {#text} at (15,0) size 8x18
        text run at (15,0) width 8: "c"
    RenderBlock {DIV} at (0,874) size 29x19
      RenderText {#text} at (0,0) size 8x18
        text run at (0,0) width 8: "a"
      RenderBlock {SPAN} at (7,0) size 6x18
        RenderText {#text} at (0,0) size 6x18
          text run at (0,0) width 6 RTL: ")"
      RenderText {#text} at (12,0) size 6x18
        text run at (12,0) width 6: "("
    RenderBlock {DIV} at (0,892) size 29x21
      RenderText {#text} at (0,1) size 8x19
        text run at (0,1) width 8: "a"
      RenderBlock {SPAN} at (7,1) size 6x19
        RenderText {#text} at (0,0) size 6x18
          text run at (0,0) width 6 RTL: ")"
      RenderText {#text} at (12,1) size 10x19
        text run at (12,1) width 10 RTL: "\x{5D1}"
    RenderBlock {DIV} at (0,912) size 29x19
      RenderText {#text} at (0,0) size 8x18
        text run at (0,0) width 8: "a"
      RenderBlock {SPAN} at (7,0) size 6x18
        RenderText {#text} at (0,0) size 6x18
          text run at (0,0) width 6 RTL: ")"
      RenderText {#text} at (12,0) size 8x18
        text run at (12,0) width 8: "c"
    RenderBlock {DIV} at (0,930) size 29x20
      RenderText {#text} at (0,1) size 8x19
        text run at (0,1) width 8: "a"
      RenderBlock {SPAN} at (7,0) size 7x20
        RenderText {#text} at (0,1) size 7x19
          text run at (0,1) width 7 RTL: "\x{5E0}"
      RenderText {#text} at (13,1) size 7x19
        text run at (13,1) width 7: "("
    RenderBlock {DIV} at (0,949) size 29x21
      RenderText {#text} at (0,1) size 8x19
        text run at (0,1) width 8: "a"
      RenderBlock {SPAN} at (7,0) size 7x20
        RenderText {#text} at (0,1) size 7x19
          text run at (0,1) width 7 RTL: "\x{5E0}"
      RenderText {#text} at (13,1) size 10x19
        text run at (13,1) width 10 RTL: "\x{5D1}"
    RenderBlock {DIV} at (0,969) size 29x20
      RenderText {#text} at (0,1) size 8x19
        text run at (0,1) width 8: "a"
      RenderBlock {SPAN} at (7,0) size 7x20
        RenderText {#text} at (0,1) size 7x19
          text run at (0,1) width 7 RTL: "\x{5E0}"
      RenderText {#text} at (13,1) size 8x19
        text run at (13,1) width 8: "c"
    RenderBlock {DIV} at (0,988) size 29x19
      RenderText {#text} at (0,0) size 8x18
        text run at (0,0) width 8: "a"
      RenderBlock {SPAN} at (7,0) size 9x18
        RenderText {#text} at (0,0) size 8x18
          text run at (0,0) width 8: "b"
      RenderText {#text} at (15,0) size 6x18
        text run at (15,0) width 6: "("
    RenderBlock {DIV} at (0,1006) size 29x21
      RenderText {#text} at (0,1) size 8x19
        text run at (0,1) width 8: "a"
      RenderBlock {SPAN} at (7,1) size 9x19
        RenderText {#text} at (0,0) size 8x18
          text run at (0,0) width 8: "b"
      RenderText {#text} at (15,1) size 10x19
        text run at (15,1) width 10 RTL: "\x{5D1}"
    RenderBlock {DIV} at (0,1026) size 29x19
      RenderText {#text} at (0,0) size 8x18
        text run at (0,0) width 8: "a"
      RenderBlock {SPAN} at (7,0) size 9x18
        RenderText {#text} at (0,0) size 8x18
          text run at (0,0) width 8: "b"
      RenderText {#text} at (15,0) size 8x18
        text run at (15,0) width 8: "c"
    RenderBlock {DIV} at (0,1044) size 29x19
      RenderText {#text} at (21,0) size 8x18
        text run at (21,0) width 8 RTL: "\""
      RenderBlock {SPAN} at (16,0) size 6x18
        RenderText {#text} at (0,0) size 6x18
          text run at (0,0) width 6: ")"
      RenderText {#text} at (11,0) size 6x18
        text run at (11,0) width 6 RTL: "("
    RenderBlock {DIV} at (0,1062) size 29x20
      RenderText {#text} at (21,1) size 8x19
        text run at (21,1) width 8 RTL: "\""
      RenderBlock {SPAN} at (16,1) size 6x19
        RenderText {#text} at (0,0) size 6x18
          text run at (0,0) width 6: ")"
      RenderText {#text} at (7,1) size 10x19
        text run at (7,1) width 10 RTL: "\x{5D1}"
    RenderBlock {DIV} at (0,1081) size 29x19
      RenderText {#text} at (21,0) size 8x18
        text run at (21,0) width 8 RTL: "\""
      RenderBlock {SPAN} at (16,0) size 6x18
        RenderText {#text} at (0,0) size 6x18
          text run at (0,0) width 6: ")"
      RenderText {#text} at (9,0) size 8x18
        text run at (9,0) width 8: "c"
    RenderBlock {DIV} at (0,1099) size 29x21
      RenderText {#text} at (21,1) size 8x19
        text run at (21,1) width 8 RTL: "\""
      RenderBlock {SPAN} at (15,0) size 7x20
        RenderText {#text} at (0,1) size 7x19
          text run at (0,1) width 7 RTL: "\x{5E0}"
      RenderText {#text} at (10,1) size 6x19
        text run at (10,1) width 6 RTL: "("
    RenderBlock {DIV} at (0,1119) size 29x20
      RenderText {#text} at (21,1) size 8x19
        text run at (21,1) width 8 RTL: "\""
      RenderBlock {SPAN} at (15,0) size 7x20
        RenderText {#text} at (0,1) size 7x19
          text run at (0,1) width 7 RTL: "\x{5E0}"
      RenderText {#text} at (6,1) size 10x19
        text run at (6,1) width 10 RTL: "\x{5D1}"
    RenderBlock {DIV} at (0,1138) size 29x21
      RenderText {#text} at (21,1) size 8x19
        text run at (21,1) width 8 RTL: "\""
      RenderBlock {SPAN} at (15,0) size 7x20
        RenderText {#text} at (0,1) size 7x19
          text run at (0,1) width 7 RTL: "\x{5E0}"
      RenderText {#text} at (8,1) size 8x19
        text run at (8,1) width 8: "c"
    RenderBlock {DIV} at (0,1158) size 29x19
      RenderText {#text} at (21,0) size 8x18
        text run at (21,0) width 8 RTL: "\""
      RenderBlock {SPAN} at (13,0) size 9x18
        RenderText {#text} at (0,0) size 8x18
          text run at (0,0) width 8: "b"
      RenderText {#text} at (8,0) size 6x18
        text run at (8,0) width 6 RTL: "("
    RenderBlock {DIV} at (0,1176) size 29x20
      RenderText {#text} at (21,1) size 8x19
        text run at (21,1) width 8 RTL: "\""
      RenderBlock {SPAN} at (13,1) size 9x19
        RenderText {#text} at (0,0) size 8x18
          text run at (0,0) width 8: "b"
      RenderText {#text} at (4,1) size 10x19
        text run at (4,1) width 10 RTL: "\x{5D1}"
    RenderBlock {DIV} at (0,1200) size 29x18
      RenderText {#text} at (21,0) size 8x18
        text run at (21,0) width 8 RTL: "\""
      RenderBlock {SPAN} at (13,0) size 9x18
        RenderText {#text} at (0,0) size 8x18
          text run at (0,0) width 8: "b"
      RenderText {#text} at (6,0) size 8x18
        text run at (6,0) width 8: "c"
    RenderBlock {DIV} at (0,1218) size 29x18
      RenderText {#text} at (21,0) size 8x18
        text run at (21,0) width 8 RTL: "\""
      RenderBlock {SPAN} at (16,0) size 6x18
        RenderText {#text} at (0,0) size 6x18
          text run at (0,0) width 6 RTL: ")"
      RenderText {#text} at (11,0) size 6x18
        text run at (11,0) width 6 RTL: "("
    RenderBlock {DIV} at (0,1236) size 29x20
      RenderText {#text} at (21,1) size 8x19
        text run at (21,1) width 8 RTL: "\""
      RenderBlock {SPAN} at (16,1) size 6x19
        RenderText {#text} at (0,0) size 6x18
          text run at (0,0) width 6 RTL: ")"
      RenderText {#text} at (7,1) size 10x19
        text run at (7,1) width 10 RTL: "\x{5D1}"
    RenderBlock {DIV} at (0,1255) size 29x19
      RenderText {#text} at (21,0) size 8x18
        text run at (21,0) width 8 RTL: "\""
      RenderBlock {SPAN} at (16,0) size 6x18
        RenderText {#text} at (0,0) size 6x18
          text run at (0,0) width 6 RTL: ")"
      RenderText {#text} at (9,0) size 8x18
        text run at (9,0) width 8: "c"
    RenderBlock {DIV} at (0,1273) size 29x20
      RenderText {#text} at (21,1) size 8x19
        text run at (21,1) width 8 RTL: "\""
      RenderBlock {SPAN} at (15,0) size 7x20
        RenderText {#text} at (0,1) size 7x19
          text run at (0,1) width 7 RTL: "\x{5E0}"
      RenderText {#text} at (10,1) size 6x19
        text run at (10,1) width 6 RTL: "("
    RenderBlock {DIV} at (0,1292) size 29x21
      RenderText {#text} at (21,1) size 8x19
        text run at (21,1) width 8 RTL: "\""
      RenderBlock {SPAN} at (15,0) size 7x20
        RenderText {#text} at (0,1) size 7x19
          text run at (0,1) width 7 RTL: "\x{5E0}"
      RenderText {#text} at (6,1) size 10x19
        text run at (6,1) width 10 RTL: "\x{5D1}"
    RenderBlock {DIV} at (0,1312) size 29x20
      RenderText {#text} at (21,1) size 8x19
        text run at (21,1) width 8 RTL: "\""
      RenderBlock {SPAN} at (15,0) size 7x20
        RenderText {#text} at (0,1) size 7x19
          text run at (0,1) width 7 RTL: "\x{5E0}"
      RenderText {#text} at (8,1) size 8x19
        text run at (8,1) width 8: "c"
    RenderBlock {DIV} at (0,1331) size 29x19
      RenderText {#text} at (21,0) size 8x18
        text run at (21,0) width 8 RTL: "\""
      RenderBlock {SPAN} at (13,0) size 9x18
        RenderText {#text} at (0,0) size 8x18
          text run at (0,0) width 8: "b"
      RenderText {#text} at (8,0) size 6x18
        text run at (8,0) width 6 RTL: "("
    RenderBlock {DIV} at (0,1349) size 29x21
      RenderText {#text} at (21,1) size 8x19
        text run at (21,1) width 8 RTL: "\""
      RenderBlock {SPAN} at (13,1) size 9x19
        RenderText {#text} at (0,0) size 8x18
          text run at (0,0) width 8: "b"
      RenderText {#text} at (4,1) size 10x19
        text run at (4,1) width 10 RTL: "\x{5D1}"
    RenderBlock {DIV} at (0,1369) size 29x19
      RenderText {#text} at (21,0) size 8x18
        text run at (21,0) width 8 RTL: "\""
      RenderBlock {SPAN} at (13,0) size 9x18
        RenderText {#text} at (0,0) size 8x18
          text run at (0,0) width 8: "b"
      RenderText {#text} at (6,0) size 8x18
        text run at (6,0) width 8: "c"
    RenderBlock {DIV} at (0,1387) size 29x20
      RenderText {#text} at (17,1) size 12x19
        text run at (17,1) width 12 RTL: "\x{5E9}"
      RenderBlock {SPAN} at (11,1) size 6x19
        RenderText {#text} at (0,0) size 6x18
          text run at (0,0) width 6: ")"
      RenderText {#text} at (6,1) size 6x19
        text run at (6,1) width 6 RTL: "("
    RenderBlock {DIV} at (0,1406) size 29x21
      RenderText {#text} at (17,1) size 12x19
        text run at (17,1) width 12 RTL: "\x{5E9}"
      RenderBlock {SPAN} at (11,1) size 6x19
        RenderText {#text} at (0,0) size 6x18
          text run at (0,0) width 6: ")"
      RenderText {#text} at (2,1) size 10x19
        text run at (2,1) width 10 RTL: "\x{5D1}"
    RenderBlock {DIV} at (0,1426) size 29x20
      RenderText {#text} at (17,1) size 12x19
        text run at (17,1) width 12 RTL: "\x{5E9}"
      RenderBlock {SPAN} at (11,1) size 6x19
        RenderText {#text} at (0,0) size 6x18
          text run at (0,0) width 6: ")"
      RenderText {#text} at (4,1) size 8x19
        text run at (4,1) width 8: "c"
    RenderBlock {DIV} at (0,1445) size 29x21
      RenderText {#text} at (17,1) size 12x19
        text run at (17,1) width 12 RTL: "\x{5E9}"
      RenderBlock {SPAN} at (10,0) size 7x20
        RenderText {#text} at (0,1) size 7x19
          text run at (0,1) width 7 RTL: "\x{5E0}"
      RenderText {#text} at (5,1) size 6x19
        text run at (5,1) width 6 RTL: "("
    RenderBlock {DIV} at (0,1465) size 29x20
      RenderText {#text} at (17,1) size 12x19
        text run at (17,1) width 12 RTL: "\x{5E9}"
      RenderBlock {SPAN} at (10,0) size 7x20
        RenderText {#text} at (0,1) size 7x19
          text run at (0,1) width 7 RTL: "\x{5E0}"
      RenderText {#text} at (1,1) size 10x19
        text run at (1,1) width 10 RTL: "\x{5D1}"
    RenderBlock {DIV} at (0,1484) size 29x21
      RenderText {#text} at (17,1) size 12x19
        text run at (17,1) width 12 RTL: "\x{5E9}"
      RenderBlock {SPAN} at (10,0) size 7x20
        RenderText {#text} at (0,1) size 7x19
          text run at (0,1) width 7 RTL: "\x{5E0}"
      RenderText {#text} at (3,1) size 8x19
        text run at (3,1) width 8: "c"
    RenderBlock {DIV} at (0,1504) size 29x20
      RenderText {#text} at (17,1) size 12x19
        text run at (17,1) width 12 RTL: "\x{5E9}"
      RenderBlock {SPAN} at (9,1) size 8x19
        RenderText {#text} at (0,0) size 8x18
          text run at (0,0) width 8: "b"
      RenderText {#text} at (3,1) size 7x19
        text run at (3,1) width 7 RTL: "("
    RenderBlock {DIV} at (0,1523) size 29x21
      RenderText {#text} at (17,1) size 12x19
        text run at (17,1) width 12 RTL: "\x{5E9}"
      RenderBlock {SPAN} at (9,1) size 8x19
        RenderText {#text} at (0,0) size 8x18
          text run at (0,0) width 8: "b"
      RenderText {#text} at (0,1) size 10x19
        text run at (0,1) width 10 RTL: "\x{5D1}"
    RenderBlock {DIV} at (0,1543) size 29x20
      RenderText {#text} at (17,1) size 12x19
        text run at (17,1) width 12 RTL: "\x{5E9}"
      RenderBlock {SPAN} at (9,1) size 8x19
        RenderText {#text} at (0,0) size 8x18
          text run at (0,0) width 8: "b"
      RenderText {#text} at (1,1) size 9x19
        text run at (1,1) width 9: "c"
    RenderBlock {DIV} at (0,1562) size 29x21
      RenderText {#text} at (17,1) size 12x19
        text run at (17,1) width 12 RTL: "\x{5E9}"
      RenderBlock {SPAN} at (11,1) size 6x19
        RenderText {#text} at (0,0) size 6x18
          text run at (0,0) width 6 RTL: ")"
      RenderText {#text} at (6,1) size 6x19
        text run at (6,1) width 6 RTL: "("
    RenderBlock {DIV} at (0,1600) size 29x20
      RenderText {#text} at (17,1) size 12x19
        text run at (17,1) width 12 RTL: "\x{5E9}"
      RenderBlock {SPAN} at (11,1) size 6x19
        RenderText {#text} at (0,0) size 6x18
          text run at (0,0) width 6 RTL: ")"
      RenderText {#text} at (2,1) size 10x19
        text run at (2,1) width 10 RTL: "\x{5D1}"
    RenderBlock {DIV} at (0,1619) size 29x20
      RenderText {#text} at (17,1) size 12x19
        text run at (17,1) width 12 RTL: "\x{5E9}"
      RenderBlock {SPAN} at (11,1) size 6x19
        RenderText {#text} at (0,0) size 6x18
          text run at (0,0) width 6 RTL: ")"
      RenderText {#text} at (4,1) size 8x19
        text run at (4,1) width 8: "c"
    RenderBlock {DIV} at (0,1638) size 29x21
      RenderText {#text} at (17,1) size 12x19
        text run at (17,1) width 12 RTL: "\x{5E9}"
      RenderBlock {SPAN} at (10,0) size 7x20
        RenderText {#text} at (0,1) size 7x19
          text run at (0,1) width 7 RTL: "\x{5E0}"
      RenderText {#text} at (5,1) size 6x19
        text run at (5,1) width 6 RTL: "("
    RenderBlock {DIV} at (0,1658) size 29x20
      RenderText {#text} at (17,1) size 12x19
        text run at (17,1) width 12 RTL: "\x{5E9}"
      RenderBlock {SPAN} at (10,0) size 7x20
        RenderText {#text} at (0,1) size 7x19
          text run at (0,1) width 7 RTL: "\x{5E0}"
      RenderText {#text} at (1,1) size 10x19
        text run at (1,1) width 10 RTL: "\x{5D1}"
    RenderBlock {DIV} at (0,1677) size 29x21
      RenderText {#text} at (17,1) size 12x19
        text run at (17,1) width 12 RTL: "\x{5E9}"
      RenderBlock {SPAN} at (10,0) size 7x20
        RenderText {#text} at (0,1) size 7x19
          text run at (0,1) width 7 RTL: "\x{5E0}"
      RenderText {#text} at (3,1) size 8x19
        text run at (3,1) width 8: "c"
    RenderBlock {DIV} at (0,1697) size 29x20
      RenderText {#text} at (17,1) size 12x19
        text run at (17,1) width 12 RTL: "\x{5E9}"
      RenderBlock {SPAN} at (9,1) size 8x19
        RenderText {#text} at (0,0) size 8x18
          text run at (0,0) width 8: "b"
      RenderText {#text} at (3,1) size 7x19
        text run at (3,1) width 7 RTL: "("
    RenderBlock {DIV} at (0,1716) size 29x21
      RenderText {#text} at (17,1) size 12x19
        text run at (17,1) width 12 RTL: "\x{5E9}"
      RenderBlock {SPAN} at (9,1) size 8x19
        RenderText {#text} at (0,0) size 8x18
          text run at (0,0) width 8: "b"
      RenderText {#text} at (0,1) size 10x19
        text run at (0,1) width 10 RTL: "\x{5D1}"
    RenderBlock {DIV} at (0,1736) size 29x20
      RenderText {#text} at (17,1) size 12x19
        text run at (17,1) width 12 RTL: "\x{5E9}"
      RenderBlock {SPAN} at (9,1) size 8x19
        RenderText {#text} at (0,0) size 8x18
          text run at (0,0) width 8: "b"
      RenderText {#text} at (1,1) size 9x19
        text run at (1,1) width 9: "c"
    RenderBlock {DIV} at (0,1755) size 29x19
      RenderText {#text} at (21,0) size 8x18
        text run at (21,0) width 8: "a"
      RenderBlock {SPAN} at (16,0) size 6x18
        RenderText {#text} at (0,0) size 6x18
          text run at (0,0) width 6: ")"
      RenderText {#text} at (10,0) size 7x18
        text run at (10,0) width 7 RTL: "("
    RenderBlock {DIV} at (0,1773) size 29x21
      RenderText {#text} at (21,1) size 8x19
        text run at (21,1) width 8: "a"
      RenderBlock {SPAN} at (16,1) size 6x19
        RenderText {#text} at (0,0) size 6x18
          text run at (0,0) width 6: ")"
      RenderText {#text} at (7,1) size 10x19
        text run at (7,1) width 10 RTL: "\x{5D1}"
    RenderBlock {DIV} at (0,1793) size 29x19
      RenderText {#text} at (8,0) size 9x18
        text run at (8,0) width 9: "a"
      RenderBlock {SPAN} at (16,0) size 6x18
        RenderText {#text} at (0,0) size 6x18
          text run at (0,0) width 6: ")"
      RenderText {#text} at (21,0) size 8x18
        text run at (21,0) width 8: "c"
    RenderBlock {DIV} at (0,1811) size 29x20
      RenderText {#text} at (21,1) size 8x19
        text run at (21,1) width 8: "a"
      RenderBlock {SPAN} at (14,0) size 8x20
        RenderText {#text} at (0,1) size 7x19
          text run at (0,1) width 7 RTL: "\x{5E0}"
      RenderText {#text} at (9,1) size 6x19
        text run at (9,1) width 6 RTL: "("
    RenderBlock {DIV} at (0,1830) size 29x21
      RenderText {#text} at (21,1) size 8x19
        text run at (21,1) width 8: "a"
      RenderBlock {SPAN} at (14,0) size 8x20
        RenderText {#text} at (0,1) size 7x19
          text run at (0,1) width 7 RTL: "\x{5E0}"
      RenderText {#text} at (5,1) size 10x19
        text run at (5,1) width 10 RTL: "\x{5D1}"
    RenderBlock {DIV} at (0,1850) size 29x20
      RenderText {#text} at (7,1) size 8x19
        text run at (7,1) width 8: "a"
      RenderBlock {SPAN} at (14,0) size 8x20
        RenderText {#text} at (0,1) size 7x19
          text run at (0,1) width 7 RTL: "\x{5E0}"
      RenderText {#text} at (21,1) size 8x19
        text run at (21,1) width 8: "c"
    RenderBlock {DIV} at (0,1869) size 29x19
      RenderText {#text} at (21,0) size 8x18
        text run at (21,0) width 8: "a"
      RenderBlock {SPAN} at (13,0) size 9x18
        RenderText {#text} at (0,0) size 8x18
          text run at (0,0) width 8: "b"
      RenderText {#text} at (8,0) size 6x18
        text run at (8,0) width 6 RTL: "("
    RenderBlock {DIV} at (0,1887) size 29x21
      RenderText {#text} at (21,1) size 8x19
        text run at (21,1) width 8: "a"
      RenderBlock {SPAN} at (13,1) size 9x19
        RenderText {#text} at (0,0) size 8x18
          text run at (0,0) width 8: "b"
      RenderText {#text} at (4,1) size 10x19
        text run at (4,1) width 10 RTL: "\x{5D1}"
    RenderBlock {DIV} at (0,1907) size 29x19
      RenderText {#text} at (6,0) size 8x18
        text run at (6,0) width 8: "a"
      RenderBlock {SPAN} at (13,0) size 9x18
        RenderText {#text} at (0,0) size 8x18
          text run at (0,0) width 8: "b"
      RenderText {#text} at (21,0) size 8x18
        text run at (21,0) width 8: "c"
    RenderBlock {DIV} at (0,1925) size 29x19
      RenderText {#text} at (21,0) size 8x18
        text run at (21,0) width 8: "a"
      RenderBlock {SPAN} at (16,0) size 6x18
        RenderText {#text} at (0,0) size 6x18
          text run at (0,0) width 6 RTL: ")"
      RenderText {#text} at (10,0) size 7x18
        text run at (10,0) width 7 RTL: "("
    RenderBlock {DIV} at (0,1943) size 29x20
      RenderText {#text} at (21,1) size 8x19
        text run at (21,1) width 8: "a"
      RenderBlock {SPAN} at (16,1) size 6x19
        RenderText {#text} at (0,0) size 6x18
          text run at (0,0) width 6 RTL: ")"
      RenderText {#text} at (7,1) size 10x19
        text run at (7,1) width 10 RTL: "\x{5D1}"
    RenderBlock {DIV} at (0,1962) size 29x19
      RenderText {#text} at (8,0) size 9x18
        text run at (8,0) width 9: "a"
      RenderBlock {SPAN} at (16,0) size 6x18
        RenderText {#text} at (0,0) size 6x18
          text run at (0,0) width 6 RTL: ")"
      RenderText {#text} at (21,0) size 8x18
        text run at (21,0) width 8: "c"
    RenderBlock {DIV} at (0,2000) size 29x20
      RenderText {#text} at (21,1) size 8x19
        text run at (21,1) width 8: "a"
      RenderBlock {SPAN} at (14,0) size 8x20
        RenderText {#text} at (0,1) size 7x19
          text run at (0,1) width 7 RTL: "\x{5E0}"
      RenderText {#text} at (9,1) size 6x19
        text run at (9,1) width 6 RTL: "("
    RenderBlock {DIV} at (0,2019) size 29x20
      RenderText {#text} at (21,1) size 8x19
        text run at (21,1) width 8: "a"
      RenderBlock {SPAN} at (14,0) size 8x20
        RenderText {#text} at (0,1) size 7x19
          text run at (0,1) width 7 RTL: "\x{5E0}"
      RenderText {#text} at (5,1) size 10x19
        text run at (5,1) width 10 RTL: "\x{5D1}"
    RenderBlock {DIV} at (0,2038) size 29x21
      RenderText {#text} at (7,1) size 8x19
        text run at (7,1) width 8: "a"
      RenderBlock {SPAN} at (14,0) size 8x20
        RenderText {#text} at (0,1) size 7x19
          text run at (0,1) width 7 RTL: "\x{5E0}"
      RenderText {#text} at (21,1) size 8x19
        text run at (21,1) width 8: "c"
    RenderBlock {DIV} at (0,2058) size 29x19
      RenderText {#text} at (21,0) size 8x18
        text run at (21,0) width 8: "a"
      RenderBlock {SPAN} at (13,0) size 9x18
        RenderText {#text} at (0,0) size 8x18
          text run at (0,0) width 8: "b"
      RenderText {#text} at (8,0) size 6x18
        text run at (8,0) width 6 RTL: "("
    RenderBlock {DIV} at (0,2076) size 29x20
      RenderText {#text} at (21,1) size 8x19
        text run at (21,1) width 8: "a"
      RenderBlock {SPAN} at (13,1) size 9x19
        RenderText {#text} at (0,0) size 8x18
          text run at (0,0) width 8: "b"
      RenderText {#text} at (4,1) size 10x19
        text run at (4,1) width 10 RTL: "\x{5D1}"
    RenderBlock {DIV} at (0,2095) size 29x19
      RenderText {#text} at (6,0) size 8x18
        text run at (6,0) width 8: "a"
      RenderBlock {SPAN} at (13,0) size 9x18
        RenderText {#text} at (0,0) size 8x18
          text run at (0,0) width 8: "b"
      RenderText {#text} at (21,0) size 8x18
        text run at (21,0) width 8: "c"
