layer at (0,0) size 800x600
  RenderView at (0,0) size 800x600
layer at (0,0) size 800x600
  RenderBlock {HTML} at (0,0) size 800x600
    RenderBody {BODY} at (8,8) size 784x584
      RenderTable {TABLE} at (0,0) size 784x286 [border: (1px outset #808080)]
        RenderTableSection {TBODY} at (1,1) size 782x284
          RenderTableRow {TR} at (0,2) size 782x24
            RenderTableCell {TD} at (2,2) size 663x280 [border: (1px inset #808080)] [r=0 c=0 rs=2 cs=1]
              RenderBlock {UL} at (2,2) size 659x260
                RenderListItem {LI} at (40,0) size 619x20
                  RenderListMarker at (-18,0) size 7x19: bullet
                  RenderInline {A} at (0,0) size 165x19 [color=#0000EE]
                    RenderText {#text} at (0,0) size 165x19
                      text run at (0,0) width 165: "500 list items in a single UL"
                RenderListItem {LI} at (40,20) size 619x20
                  RenderListMarker at (-18,0) size 7x19: bullet
                  RenderInline {A} at (0,0) size 200x19 [color=#0000EE]
                    RenderText {#text} at (0,0) size 200x19
                      text run at (0,0) width 200: "500 list items in 25 top-level ULs"
                RenderListItem {LI} at (40,40) size 619x20
                  RenderListMarker at (-18,0) size 7x19: bullet
                  RenderInline {A} at (0,0) size 224x19 [color=#0000EE]
                    RenderText {#text} at (0,0) size 224x19
                      text run at (0,0) width 204: "500 list items in a 25-level nested "
                      text run at (204,0) width 20: "UL"
                RenderListItem {LI} at (40,60) size 619x20
                  RenderListMarker at (-18,0) size 7x19: bullet
                  RenderInline {A} at (0,0) size 150x19 [color=#0000EE]
                    RenderText {#text} at (0,0) size 150x19
                      text run at (0,0) width 150: "300 text input form fields"
                RenderListItem {LI} at (40,80) size 619x20
                  RenderListMarker at (-18,0) size 7x19: bullet
                  RenderInline {A} at (0,0) size 142x19 [color=#0000EE]
                    RenderText {#text} at (0,0) size 142x19
                      text run at (0,0) width 142: "Massively nested tables"
                RenderListItem {LI} at (40,100) size 619x20
                  RenderListMarker at (-18,0) size 7x19: bullet
                  RenderInline {A} at (0,0) size 298x19 [color=#0000EE]
                    RenderText {#text} at (0,0) size 298x19
                      text run at (0,0) width 251: "Massively nested DIVs with padding and "
                      text run at (251,0) width 47: "borders"
                RenderListItem {LI} at (40,120) size 619x20
                  RenderListMarker at (-18,0) size 7x19: bullet
                  RenderInline {A} at (0,0) size 305x19 [color=#0000EE]
                    RenderText {#text} at (0,0) size 305x19
                      text run at (0,0) width 305: "1000 OPTIONs in a single SELECT form element"
                RenderListItem {LI} at (40,140) size 619x20
                  RenderListMarker at (-18,0) size 7x19: bullet
                  RenderInline {A} at (0,0) size 226x19 [color=#0000EE]
                    RenderText {#text} at (0,0) size 226x19
                      text run at (0,0) width 226: "10,000 cell table with text in each cell"
                RenderListItem {LI} at (40,160) size 619x20
                  RenderListMarker at (-18,0) size 7x19: bullet
                  RenderInline {A} at (0,0) size 287x19 [color=#0000EE]
                    RenderText {#text} at (0,0) size 287x19
                      text run at (0,0) width 267: "10,000 cell table with text and color in each "
                      text run at (267,0) width 20: "cell"
                RenderListItem {LI} at (40,180) size 619x20
                  RenderListMarker at (-18,0) size 7x19: bullet
                  RenderInline {A} at (0,0) size 274x19 [color=#0000EE]
                    RenderText {#text} at (0,0) size 274x19
                      text run at (0,0) width 274: "A 713k HTML document packed full of links"
                RenderListItem {LI} at (40,200) size 619x20
                  RenderListMarker at (-18,0) size 7x19: bullet
                  RenderInline {A} at (0,0) size 292x19 [color=#0000EE]
                    RenderText {#text} at (0,0) size 292x19
                      text run at (0,0) width 259: "Extraordinarily long HTML doc (approx 1 "
                      text run at (259,0) width 33: "Meg)"
                RenderListItem {LI} at (40,220) size 619x20
                  RenderListMarker at (-18,0) size 7x19: bullet
                  RenderInline {A} at (0,0) size 265x19 [color=#0000EE]
                    RenderText {#text} at (0,0) size 265x19
                      text run at (0,0) width 265: "Another large HTML doc, with colored text"
                RenderListItem {LI} at (40,240) size 619x20
                  RenderListMarker at (-18,0) size 7x19: bullet
                  RenderInline {A} at (0,0) size 444x19 [color=#0000EE]
                    RenderText {#text} at (0,0) size 444x19
                      text run at (0,0) width 312: "A relatively large (150k) document with an average "
                      text run at (312,0) width 132: "mix of HTML content"
            RenderTableCell {TD} at (666,2) size 57x24 [border: (1px inset #808080)] [r=0 c=1 rs=1 cs=1]
              RenderText {#text} at (2,2) size 32x19
                text run at (2,2) width 32: "foo 1"
            RenderTableCell {TD} at (724,2) size 57x24 [border: (1px inset #808080)] [r=0 c=2 rs=1 cs=1]
              RenderText {#text} at (2,2) size 32x19
                text run at (2,2) width 32: "foo 2"
          RenderTableRow {TR} at (0,28) size 782x254
            RenderTableCell {TD} at (666,143) size 57x24 [border: (1px inset #808080)] [r=1 c=1 rs=1 cs=1]
              RenderText {#text} at (2,2) size 37x19
                text run at (2,2) width 37: "Foo 3"
            RenderTableCell {TD} at (724,143) size 57x24 [border: (1px inset #808080)] [r=1 c=2 rs=1 cs=1]
              RenderText {#text} at (2,2) size 37x19
                text run at (2,2) width 37: "Foo 4"
