layer at (0,0) size 785x1439
  RenderView at (0,0) size 785x600
layer at (0,0) size 785x1439
  RenderBlock {HTML} at (0,0) size 785x1439
    RenderBody {BODY} at (8,8) size 769x1415
      RenderBlock {CENTER} at (0,0) size 769x1415
        RenderBlock (anonymous) at (0,0) size 769x20
          RenderText {#text} at (258,0) size 253x19
            text run at (258,0) width 253: "Build 1999/10/27/08 Win95 - Daily Build"
          RenderBR {BR} at (510,15) size 1x0
        RenderTable {TABLE} at (78,20) size 613x1259 [border: (10px outset #808080)]
          RenderBlock {CAPTION} at (0,0) size 612x20
            RenderText {#text} at (265,0) size 82x19
              text run at (265,0) width 82: "January 2000"
          RenderTableSection {TBODY} at (10,30) size 592x1219
            RenderTableRow {TR} at (0,0) size 592x468
              RenderTableCell {TD} at (0,0) size 84x24 [color=#FFFFFF] [bgcolor=#404080] [border: (1px inset #808080)] [r=0 c=0 rs=1 cs=1]
                RenderText {#text} at (2,2) size 6x19
                  text run at (2,2) width 6: "-"
              RenderTableCell {TD} at (84,0) size 84x24 [color=#FFFFFF] [bgcolor=#404080] [border: (1px inset #808080)] [r=0 c=1 rs=1 cs=1]
                RenderText {#text} at (2,2) size 6x19
                  text run at (2,2) width 6: "-"
              RenderTableCell {TD} at (168,0) size 84x24 [color=#FFFFFF] [bgcolor=#404080] [border: (1px inset #808080)] [r=0 c=2 rs=1 cs=1]
                RenderText {#text} at (2,2) size 6x19
                  text run at (2,2) width 6: "-"
              RenderTableCell {TD} at (252,0) size 84x24 [color=#FFFFFF] [bgcolor=#404080] [border: (1px inset #808080)] [r=0 c=3 rs=1 cs=1]
                RenderText {#text} at (2,2) size 6x19
                  text run at (2,2) width 6: "-"
              RenderTableCell {TD} at (336,0) size 84x24 [color=#FFFFFF] [bgcolor=#404080] [border: (1px inset #808080)] [r=0 c=4 rs=1 cs=1]
                RenderText {#text} at (2,2) size 6x19
                  text run at (2,2) width 6: "-"
              RenderTableCell {TD} at (420,0) size 84x24 [color=#FFFFFF] [bgcolor=#404080] [border: (1px inset #808080)] [r=0 c=5 rs=1 cs=1]
                RenderText {#text} at (2,2) size 6x19
                  text run at (2,2) width 6: "-"
              RenderTableCell {TD} at (504,0) size 88x468 [color=#FFFFFF] [bgcolor=#404080] [border: (1px inset #808080)] [r=0 c=6 rs=1 cs=1]
                RenderTable {TABLE} at (2,2) size 84x444 [color=#000000]
                  RenderTableSection {TBODY} at (0,0) size 84x444
                    RenderTableRow {TR} at (0,0) size 84x444
                      RenderTableCell {TD} at (0,0) size 18x27 [color=#FFFF00] [bgcolor=#404080] [r=0 c=0 rs=1 cs=1]
                        RenderText {#text} at (1,1) size 16x24
                          text run at (1,1) width 16: "1."
                      RenderTableCell {TD} at (18,0) size 66x444 [color=#FFFFFF] [bgcolor=#404080] [r=0 c=1 rs=1 cs=1]
                        RenderTable {TABLE} at (1,1) size 64x442 [color=#000000]
                          RenderTableSection {TBODY} at (0,0) size 64x442 [bgcolor=#FFFF00]
                            RenderTableRow {TR} at (0,0) size 64x442
                              RenderTableCell {TD} at (0,0) size 64x442 [color=#FFFFFF] [bgcolor=#404080] [r=0 c=0 rs=1 cs=1]
                                RenderBlock {P} at (1,1) size 62x80
                                  RenderText {#text} at (0,0) size 46x79
                                    text run at (0,0) width 26: "Test"
                                    text run at (0,20) width 41: "mozilla"
                                    text run at (0,40) width 46: "one last"
                                    text run at (0,60) width 29: "time."
                                RenderBlock {P} at (1,97) size 62x60
                                  RenderText {#text} at (0,0) size 36x59
                                    text run at (0,0) width 30: "New"
                                    text run at (0,20) width 36: "Years"
                                    text run at (0,40) width 26: "day."
                                RenderBlock {P} at (1,173) size 62x20
                                  RenderText {#text} at (0,0) size 46x19
                                    text run at (0,0) width 46: "Y2K!!!"
                                RenderBlock {P} at (1,209) size 62x60
                                  RenderText {#text} at (0,0) size 57x59
                                    text run at (0,0) width 27: "Find"
                                    text run at (0,20) width 46: "Abacus"
                                    text run at (0,40) width 57: "from attic"
                                RenderBlock {P} at (1,285) size 62x80
                                  RenderText {#text} at (0,0) size 50x79
                                    text run at (0,0) width 43: "Eat Ice"
                                    text run at (0,20) width 41: "Cream"
                                    text run at (0,40) width 50: "before it"
                                    text run at (0,60) width 31: "melts"
                                RenderBlock {P} at (1,381) size 62x60
                                  RenderText {#text} at (0,0) size 51x59
                                    text run at (0,0) width 32: "Lock"
                                    text run at (0,20) width 51: "doors &"
                                    text run at (0,40) width 25: "hide"
                RenderBlock (anonymous) at (2,446) size 84x20
                  RenderBR {BR} at (0,0) size 0x19
            RenderTableRow {TR} at (0,468) size 592x300
              RenderTableCell {TD} at (0,468) size 84x220 [color=#FFFFFF] [bgcolor=#404080] [border: (1px inset #808080)] [r=1 c=0 rs=1 cs=1]
                RenderTable {TABLE} at (2,2) size 80x196 [color=#000000]
                  RenderTableSection {TBODY} at (0,0) size 80x196
                    RenderTableRow {TR} at (0,0) size 80x196
                      RenderTableCell {TD} at (0,0) size 18x27 [color=#FFFF00] [bgcolor=#404080] [r=0 c=0 rs=1 cs=1]
                        RenderText {#text} at (1,1) size 16x24
                          text run at (1,1) width 16: "2."
                      RenderTableCell {TD} at (18,0) size 62x196 [color=#FFFFFF] [bgcolor=#404080] [r=0 c=1 rs=1 cs=1]
                        RenderTable {TABLE} at (1,1) size 60x194 [color=#000000]
                          RenderTableSection {TBODY} at (0,0) size 60x194 [bgcolor=#FFFF00]
                            RenderTableRow {TR} at (0,0) size 60x194
                              RenderTableCell {TD} at (0,0) size 60x194 [color=#FFFFFF] [bgcolor=#404080] [r=0 c=0 rs=1 cs=1]
                                RenderBlock {P} at (1,1) size 58x60
                                  RenderText {#text} at (0,0) size 57x59
                                    text run at (0,0) width 54: "Look for"
                                    text run at (0,20) width 31: "Y2K"
                                    text run at (0,40) width 57: "survivers."
                                RenderBlock {P} at (1,77) size 58x40
                                  RenderText {#text} at (0,0) size 54x39
                                    text run at (0,0) width 31: "Build"
                                    text run at (0,20) width 54: "outhouse"
                                RenderBlock {P} at (1,133) size 58x60
                                  RenderText {#text} at (0,0) size 44x59
                                    text run at (0,0) width 20: "Eat"
                                    text run at (0,20) width 44: "reserve"
                                    text run at (0,40) width 28: "food"
                RenderBlock (anonymous) at (2,198) size 80x20
                  RenderBR {BR} at (0,0) size 0x19
              RenderTableCell {TD} at (84,468) size 84x88 [color=#FFFFFF] [bgcolor=#404080] [border: (1px inset #808080)] [r=1 c=1 rs=1 cs=1]
                RenderTable {TABLE} at (2,2) size 80x84 [color=#000000]
                  RenderTableSection {TBODY} at (0,0) size 80x84
                    RenderTableRow {TR} at (0,0) size 80x84
                      RenderTableCell {TD} at (0,0) size 18x27 [color=#FFFF00] [bgcolor=#404080] [r=0 c=0 rs=1 cs=1]
                        RenderText {#text} at (1,1) size 16x24
                          text run at (1,1) width 16: "3."
                      RenderTableCell {TD} at (18,0) size 62x84 [color=#FFFFFF] [bgcolor=#404080] [r=0 c=1 rs=1 cs=1]
                        RenderTable {TABLE} at (1,1) size 60x82 [color=#000000]
                          RenderTableSection {TBODY} at (0,0) size 60x82 [bgcolor=#FFFF00]
                            RenderTableRow {TR} at (0,0) size 60x82
                              RenderTableCell {TD} at (0,0) size 60x82 [color=#FFFFFF] [bgcolor=#404080] [r=0 c=0 rs=1 cs=1]
                                RenderBlock {P} at (1,1) size 58x80
                                  RenderText {#text} at (0,0) size 55x79
                                    text run at (0,0) width 34: "Write"
                                    text run at (0,20) width 46: "letter to"
                                    text run at (0,40) width 43: "electric"
                                    text run at (0,60) width 55: "company"
              RenderTableCell {TD} at (168,468) size 84x240 [color=#FFFFFF] [bgcolor=#404080] [border: (1px inset #808080)] [r=1 c=2 rs=1 cs=1]
                RenderTable {TABLE} at (2,2) size 80x236 [color=#000000]
                  RenderTableSection {TBODY} at (0,0) size 80x236
                    RenderTableRow {TR} at (0,0) size 80x236
                      RenderTableCell {TD} at (0,0) size 18x27 [color=#FFFF00] [bgcolor=#404080] [r=0 c=0 rs=1 cs=1]
                        RenderText {#text} at (1,1) size 16x24
                          text run at (1,1) width 16: "4."
                      RenderTableCell {TD} at (18,0) size 62x236 [color=#FFFFFF] [bgcolor=#404080] [r=0 c=1 rs=1 cs=1]
                        RenderTable {TABLE} at (1,1) size 60x234 [color=#000000]
                          RenderTableSection {TBODY} at (0,0) size 60x234 [bgcolor=#FFFF00]
                            RenderTableRow {TR} at (0,0) size 60x234
                              RenderTableCell {TD} at (0,0) size 60x234 [color=#FFFFFF] [bgcolor=#404080] [r=0 c=0 rs=1 cs=1]
                                RenderBlock {P} at (1,1) size 58x40
                                  RenderText {#text} at (0,0) size 54x39
                                    text run at (0,0) width 53: "Send the"
                                    text run at (0,20) width 54: "snail mail"
                                RenderBlock {P} at (1,57) size 58x100
                                  RenderText {#text} at (0,0) size 58x99
                                    text run at (0,0) width 35: "Go to"
                                    text run at (0,20) width 58: "work and"
                                    text run at (0,40) width 44: "stare at"
                                    text run at (0,60) width 30: "dead"
                                    text run at (0,80) width 46: "monitor"
                                RenderBlock {P} at (1,173) size 58x60
                                  RenderText {#text} at (0,0) size 44x59
                                    text run at (0,0) width 20: "Eat"
                                    text run at (0,20) width 44: "reserve"
                                    text run at (0,40) width 28: "food"
              RenderTableCell {TD} at (252,468) size 84x184 [color=#FFFFFF] [bgcolor=#404080] [border: (1px inset #808080)] [r=1 c=3 rs=1 cs=1]
                RenderTable {TABLE} at (2,2) size 80x180 [color=#000000]
                  RenderTableSection {TBODY} at (0,0) size 80x180
                    RenderTableRow {TR} at (0,0) size 80x180
                      RenderTableCell {TD} at (0,0) size 18x27 [color=#FFFF00] [bgcolor=#404080] [r=0 c=0 rs=1 cs=1]
                        RenderText {#text} at (1,1) size 16x24
                          text run at (1,1) width 16: "5."
                      RenderTableCell {TD} at (18,0) size 62x180 [color=#FFFFFF] [bgcolor=#404080] [r=0 c=1 rs=1 cs=1]
                        RenderTable {TABLE} at (1,1) size 60x178 [color=#000000]
                          RenderTableSection {TBODY} at (0,0) size 60x178 [bgcolor=#FFFF00]
                            RenderTableRow {TR} at (0,0) size 60x178
                              RenderTableCell {TD} at (0,0) size 60x178 [color=#FFFFFF] [bgcolor=#404080] [r=0 c=0 rs=1 cs=1]
                                RenderBlock {P} at (1,1) size 58x100
                                  RenderText {#text} at (0,0) size 58x99
                                    text run at (0,0) width 35: "Go to"
                                    text run at (0,20) width 58: "work and"
                                    text run at (0,40) width 44: "stare at"
                                    text run at (0,60) width 30: "dead"
                                    text run at (0,80) width 46: "monitor"
                                RenderBlock {P} at (1,117) size 58x60
                                  RenderText {#text} at (0,0) size 44x59
                                    text run at (0,0) width 20: "Eat"
                                    text run at (0,20) width 44: "reserve"
                                    text run at (0,40) width 28: "food"
              RenderTableCell {TD} at (336,468) size 84x184 [color=#FFFFFF] [bgcolor=#404080] [border: (1px inset #808080)] [r=1 c=4 rs=1 cs=1]
                RenderTable {TABLE} at (2,2) size 80x180 [color=#000000]
                  RenderTableSection {TBODY} at (0,0) size 80x180
                    RenderTableRow {TR} at (0,0) size 80x180
                      RenderTableCell {TD} at (0,0) size 18x27 [color=#FFFF00] [bgcolor=#404080] [r=0 c=0 rs=1 cs=1]
                        RenderText {#text} at (1,1) size 16x24
                          text run at (1,1) width 16: "6."
                      RenderTableCell {TD} at (18,0) size 62x180 [color=#FFFFFF] [bgcolor=#404080] [r=0 c=1 rs=1 cs=1]
                        RenderTable {TABLE} at (1,1) size 60x178 [color=#000000]
                          RenderTableSection {TBODY} at (0,0) size 60x178 [bgcolor=#FFFF00]
                            RenderTableRow {TR} at (0,0) size 60x178
                              RenderTableCell {TD} at (0,0) size 60x178 [color=#FFFFFF] [bgcolor=#404080] [r=0 c=0 rs=1 cs=1]
                                RenderBlock {P} at (1,1) size 58x100
                                  RenderText {#text} at (0,0) size 58x99
                                    text run at (0,0) width 35: "Go to"
                                    text run at (0,20) width 58: "work and"
                                    text run at (0,40) width 44: "stare at"
                                    text run at (0,60) width 30: "dead"
                                    text run at (0,80) width 46: "monitor"
                                RenderBlock {P} at (1,117) size 58x60
                                  RenderText {#text} at (0,0) size 44x59
                                    text run at (0,0) width 20: "Eat"
                                    text run at (0,20) width 44: "reserve"
                                    text run at (0,40) width 28: "food"
              RenderTableCell {TD} at (420,468) size 84x260 [color=#FFFFFF] [bgcolor=#404080] [border: (1px inset #808080)] [r=1 c=5 rs=1 cs=1]
                RenderTable {TABLE} at (2,2) size 80x256 [color=#000000]
                  RenderTableSection {TBODY} at (0,0) size 80x256
                    RenderTableRow {TR} at (0,0) size 80x256
                      RenderTableCell {TD} at (0,0) size 18x27 [color=#FFFF00] [bgcolor=#404080] [r=0 c=0 rs=1 cs=1]
                        RenderText {#text} at (1,1) size 16x24
                          text run at (1,1) width 16: "7."
                      RenderTableCell {TD} at (18,0) size 62x256 [color=#FFFFFF] [bgcolor=#404080] [r=0 c=1 rs=1 cs=1]
                        RenderTable {TABLE} at (1,1) size 60x254 [color=#000000]
                          RenderTableSection {TBODY} at (0,0) size 60x254 [bgcolor=#FFFF00]
                            RenderTableRow {TR} at (0,0) size 60x254
                              RenderTableCell {TD} at (0,0) size 60x254 [color=#FFFFFF] [bgcolor=#404080] [r=0 c=0 rs=1 cs=1]
                                RenderBlock {P} at (1,1) size 58x80
                                  RenderText {#text} at (0,0) size 55x79
                                    text run at (0,0) width 19: "Go"
                                    text run at (0,20) width 44: "internet"
                                    text run at (0,40) width 55: "exploring"
                                    text run at (0,60) width 53: "for food."
                                RenderBlock {P} at (1,97) size 58x80
                                  RenderText {#text} at (0,0) size 55x79
                                    text run at (0,0) width 46: "Internet"
                                    text run at (0,20) width 55: "exploring"
                                    text run at (0,40) width 43: "doesn't"
                                    text run at (0,60) width 36: "work."
                                RenderBlock {P} at (1,193) size 58x60
                                  RenderText {#text} at (0,0) size 44x59
                                    text run at (0,0) width 20: "Eat"
                                    text run at (0,20) width 44: "reserve"
                                    text run at (0,40) width 28: "food"
              RenderTableCell {TD} at (504,468) size 88x300 [color=#FFFFFF] [bgcolor=#404080] [border: (1px inset #808080)] [r=1 c=6 rs=1 cs=1]
                RenderTable {TABLE} at (2,2) size 84x296 [color=#000000]
                  RenderTableSection {TBODY} at (0,0) size 84x296
                    RenderTableRow {TR} at (0,0) size 84x296
                      RenderTableCell {TD} at (0,0) size 18x27 [color=#FFFF00] [bgcolor=#404080] [r=0 c=0 rs=1 cs=1]
                        RenderText {#text} at (1,1) size 16x24
                          text run at (1,1) width 16: "8."
                      RenderTableCell {TD} at (18,0) size 66x296 [color=#FFFFFF] [bgcolor=#404080] [r=0 c=1 rs=1 cs=1]
                        RenderTable {TABLE} at (1,1) size 64x294 [color=#000000]
                          RenderTableSection {TBODY} at (0,0) size 64x294 [bgcolor=#FFFF00]
                            RenderTableRow {TR} at (0,0) size 64x294
                              RenderTableCell {TD} at (0,0) size 64x294 [color=#FFFFFF] [bgcolor=#404080] [r=0 c=0 rs=1 cs=1]
                                RenderBlock {P} at (1,1) size 62x100
                                  RenderText {#text} at (0,0) size 55x99
                                    text run at (0,0) width 19: "Go"
                                    text run at (0,20) width 44: "internet"
                                    text run at (0,40) width 55: "exploring"
                                    text run at (0,60) width 49: "for food"
                                    text run at (0,80) width 35: "again."
                                RenderBlock {P} at (1,117) size 62x100
                                  RenderText {#text} at (0,0) size 55x99
                                    text run at (0,0) width 46: "Internet"
                                    text run at (0,20) width 55: "exploring"
                                    text run at (0,40) width 43: "doesn't"
                                    text run at (0,60) width 32: "work"
                                    text run at (0,80) width 35: "again."
                                RenderBlock {P} at (1,233) size 62x60
                                  RenderText {#text} at (0,0) size 44x59
                                    text run at (0,0) width 20: "Eat"
                                    text run at (0,20) width 44: "reserve"
                                    text run at (0,40) width 28: "food"
            RenderTableRow {TR} at (0,768) size 592x396
              RenderTableCell {TD} at (0,768) size 84x396 [color=#FFFFFF] [bgcolor=#404080] [border: (1px inset #808080)] [r=2 c=0 rs=1 cs=1]
                RenderTable {TABLE} at (2,2) size 80x372 [color=#000000]
                  RenderTableSection {TBODY} at (0,0) size 80x372
                    RenderTableRow {TR} at (0,0) size 80x372
                      RenderTableCell {TD} at (0,0) size 18x27 [color=#FFFF00] [bgcolor=#404080] [r=0 c=0 rs=1 cs=1]
                        RenderText {#text} at (1,1) size 16x24
                          text run at (1,1) width 16: "9."
                      RenderTableCell {TD} at (18,0) size 62x372 [color=#FFFFFF] [bgcolor=#404080] [r=0 c=1 rs=1 cs=1]
                        RenderTable {TABLE} at (1,1) size 60x370 [color=#000000]
                          RenderTableSection {TBODY} at (0,0) size 60x370 [bgcolor=#FFFF00]
                            RenderTableRow {TR} at (0,0) size 60x370
                              RenderTableCell {TD} at (0,0) size 60x370 [color=#FFFFFF] [bgcolor=#404080] [r=0 c=0 rs=1 cs=1]
                                RenderBlock {P} at (1,1) size 58x80
                                  RenderText {#text} at (0,0) size 55x79
                                    text run at (0,0) width 19: "Go"
                                    text run at (0,20) width 44: "internet"
                                    text run at (0,40) width 55: "exploring"
                                    text run at (0,60) width 53: "for food."
                                RenderBlock {P} at (1,97) size 58x100
                                  RenderText {#text} at (0,0) size 55x99
                                    text run at (0,0) width 46: "Internet"
                                    text run at (0,20) width 55: "exploring"
                                    text run at (0,40) width 19: "still"
                                    text run at (0,60) width 43: "doesn't"
                                    text run at (0,80) width 36: "work."
                                RenderBlock {P} at (1,213) size 58x80
                                  RenderText {#text} at (0,0) size 55x79
                                    text run at (0,0) width 47: "Give up"
                                    text run at (0,20) width 44: "internet"
                                    text run at (0,40) width 55: "exploring"
                                    text run at (0,60) width 53: "for food."
                                RenderBlock {P} at (1,309) size 58x60
                                  RenderText {#text} at (0,0) size 44x59
                                    text run at (0,0) width 20: "Eat"
                                    text run at (0,20) width 44: "reserve"
                                    text run at (0,40) width 28: "food"
                RenderBlock (anonymous) at (2,374) size 80x20
                  RenderBR {BR} at (0,0) size 0x19
              RenderTableCell {TD} at (84,768) size 84x316 [color=#FFFFFF] [bgcolor=#404080] [border: (1px inset #808080)] [r=2 c=1 rs=1 cs=1]
                RenderTable {TABLE} at (2,2) size 80x312 [color=#000000]
                  RenderTableSection {TBODY} at (0,0) size 80x312
                    RenderTableRow {TR} at (0,0) size 80x312
                      RenderTableCell {TD} at (0,0) size 29x27 [color=#FFFF00] [bgcolor=#404080] [r=0 c=0 rs=1 cs=1]
                        RenderText {#text} at (1,1) size 27x24
                          text run at (1,1) width 27: "10."
                      RenderTableCell {TD} at (29,0) size 51x312 [color=#FFFFFF] [bgcolor=#404080] [r=0 c=1 rs=1 cs=1]
                        RenderTable {TABLE} at (1,1) size 49x310 [color=#000000]
                          RenderTableSection {TBODY} at (0,0) size 49x310 [bgcolor=#FFFF00]
                            RenderTableRow {TR} at (0,0) size 49x310
                              RenderTableCell {TD} at (0,0) size 49x310 [color=#FFFFFF] [bgcolor=#404080] [r=0 c=0 rs=1 cs=1]
                                RenderBlock {P} at (1,1) size 47x80
                                  RenderText {#text} at (0,0) size 40x79
                                    text run at (0,0) width 40: "Power"
                                    text run at (0,20) width 39: "comes"
                                    text run at (0,40) width 30: "back"
                                    text run at (0,60) width 19: "on."
                                RenderBlock {P} at (1,97) size 47x100
                                  RenderText {#text} at (0,0) size 44x99
                                    text run at (0,0) width 20: "Put"
                                    text run at (0,20) width 33: "trusty"
                                    text run at (0,40) width 42: "abacus"
                                    text run at (0,60) width 44: "back in"
                                    text run at (0,80) width 25: "attic"
                                RenderBlock {P} at (1,213) size 47x60
                                  RenderText {#text} at (0,0) size 41x59
                                    text run at (0,0) width 31: "Grab"
                                    text run at (0,20) width 31: "latest"
                                    text run at (0,40) width 41: "mozilla"
                                RenderBlock {P} at (1,289) size 47x20
                                  RenderText {#text} at (0,0) size 37x19
                                    text run at (0,0) width 37: "Test it"
              RenderTableCell {TD} at (168,768) size 84x104 [color=#FFFFFF] [bgcolor=#404080] [border: (1px inset #808080)] [r=2 c=2 rs=1 cs=1]
                RenderTable {TABLE} at (2,2) size 80x100 [color=#000000]
                  RenderTableSection {TBODY} at (0,0) size 80x100
                    RenderTableRow {TR} at (0,0) size 80x100
                      RenderTableCell {TD} at (0,0) size 29x27 [color=#FFFF00] [bgcolor=#404080] [r=0 c=0 rs=1 cs=1]
                        RenderText {#text} at (1,1) size 27x24
                          text run at (1,1) width 27: "11."
                      RenderTableCell {TD} at (29,0) size 51x100 [color=#FFFFFF] [bgcolor=#404080] [r=0 c=1 rs=1 cs=1]
                        RenderTable {TABLE} at (1,1) size 49x98 [color=#000000]
                          RenderTableSection {TBODY} at (0,0) size 49x98 [bgcolor=#FFFF00]
                            RenderTableRow {TR} at (0,0) size 49x98
                              RenderTableCell {TD} at (0,0) size 49x98 [color=#FFFFFF] [bgcolor=#404080] [r=0 c=0 rs=1 cs=1]
                                RenderBlock {P} at (1,1) size 47x60
                                  RenderText {#text} at (0,0) size 41x59
                                    text run at (0,0) width 31: "Grab"
                                    text run at (0,20) width 31: "latest"
                                    text run at (0,40) width 41: "mozilla"
                                RenderBlock {P} at (1,77) size 47x20
                                  RenderText {#text} at (0,0) size 37x19
                                    text run at (0,0) width 37: "Test it"
              RenderTableCell {TD} at (252,768) size 84x104 [color=#FFFFFF] [bgcolor=#404080] [border: (1px inset #808080)] [r=2 c=3 rs=1 cs=1]
                RenderTable {TABLE} at (2,2) size 80x100 [color=#000000]
                  RenderTableSection {TBODY} at (0,0) size 80x100
                    RenderTableRow {TR} at (0,0) size 80x100
                      RenderTableCell {TD} at (0,0) size 29x27 [color=#FFFF00] [bgcolor=#404080] [r=0 c=0 rs=1 cs=1]
                        RenderText {#text} at (1,1) size 27x24
                          text run at (1,1) width 27: "12."
                      RenderTableCell {TD} at (29,0) size 51x100 [color=#FFFFFF] [bgcolor=#404080] [r=0 c=1 rs=1 cs=1]
                        RenderTable {TABLE} at (1,1) size 49x98 [color=#000000]
                          RenderTableSection {TBODY} at (0,0) size 49x98 [bgcolor=#FFFF00]
                            RenderTableRow {TR} at (0,0) size 49x98
                              RenderTableCell {TD} at (0,0) size 49x98 [color=#FFFFFF] [bgcolor=#404080] [r=0 c=0 rs=1 cs=1]
                                RenderBlock {P} at (1,1) size 47x60
                                  RenderText {#text} at (0,0) size 41x59
                                    text run at (0,0) width 31: "Grab"
                                    text run at (0,20) width 31: "latest"
                                    text run at (0,40) width 41: "mozilla"
                                RenderBlock {P} at (1,77) size 47x20
                                  RenderText {#text} at (0,0) size 37x19
                                    text run at (0,0) width 37: "Test it"
              RenderTableCell {TD} at (336,768) size 84x104 [color=#FFFFFF] [bgcolor=#404080] [border: (1px inset #808080)] [r=2 c=4 rs=1 cs=1]
                RenderTable {TABLE} at (2,2) size 80x100 [color=#000000]
                  RenderTableSection {TBODY} at (0,0) size 80x100
                    RenderTableRow {TR} at (0,0) size 80x100
                      RenderTableCell {TD} at (0,0) size 29x27 [color=#FFFF00] [bgcolor=#404080] [r=0 c=0 rs=1 cs=1]
                        RenderText {#text} at (1,1) size 27x24
                          text run at (1,1) width 27: "13."
                      RenderTableCell {TD} at (29,0) size 51x100 [color=#FFFFFF] [bgcolor=#404080] [r=0 c=1 rs=1 cs=1]
                        RenderTable {TABLE} at (1,1) size 49x98 [color=#000000]
                          RenderTableSection {TBODY} at (0,0) size 49x98 [bgcolor=#FFFF00]
                            RenderTableRow {TR} at (0,0) size 49x98
                              RenderTableCell {TD} at (0,0) size 49x98 [color=#FFFFFF] [bgcolor=#404080] [r=0 c=0 rs=1 cs=1]
                                RenderBlock {P} at (1,1) size 47x60
                                  RenderText {#text} at (0,0) size 41x59
                                    text run at (0,0) width 31: "Grab"
                                    text run at (0,20) width 31: "latest"
                                    text run at (0,40) width 41: "mozilla"
                                RenderBlock {P} at (1,77) size 47x20
                                  RenderText {#text} at (0,0) size 37x19
                                    text run at (0,0) width 37: "Test it"
              RenderTableCell {TD} at (420,768) size 84x104 [color=#FFFFFF] [bgcolor=#404080] [border: (1px inset #808080)] [r=2 c=5 rs=1 cs=1]
                RenderTable {TABLE} at (2,2) size 80x100 [color=#000000]
                  RenderTableSection {TBODY} at (0,0) size 80x100
                    RenderTableRow {TR} at (0,0) size 80x100
                      RenderTableCell {TD} at (0,0) size 29x27 [color=#FFFF00] [bgcolor=#404080] [r=0 c=0 rs=1 cs=1]
                        RenderText {#text} at (1,1) size 27x24
                          text run at (1,1) width 27: "14."
                      RenderTableCell {TD} at (29,0) size 51x100 [color=#FFFFFF] [bgcolor=#404080] [r=0 c=1 rs=1 cs=1]
                        RenderTable {TABLE} at (1,1) size 49x98 [color=#000000]
                          RenderTableSection {TBODY} at (0,0) size 49x98 [bgcolor=#FFFF00]
                            RenderTableRow {TR} at (0,0) size 49x98
                              RenderTableCell {TD} at (0,0) size 49x98 [color=#FFFFFF] [bgcolor=#404080] [r=0 c=0 rs=1 cs=1]
                                RenderBlock {P} at (1,1) size 47x60
                                  RenderText {#text} at (0,0) size 41x59
                                    text run at (0,0) width 31: "Grab"
                                    text run at (0,20) width 31: "latest"
                                    text run at (0,40) width 41: "mozilla"
                                RenderBlock {P} at (1,77) size 47x20
                                  RenderText {#text} at (0,0) size 37x19
                                    text run at (0,0) width 37: "Test it"
              RenderTableCell {TD} at (504,768) size 88x296 [color=#FFFFFF] [bgcolor=#404080] [border: (1px inset #808080)] [r=2 c=6 rs=1 cs=1]
                RenderTable {TABLE} at (2,2) size 84x292 [color=#000000]
                  RenderTableSection {TBODY} at (0,0) size 84x292
                    RenderTableRow {TR} at (0,0) size 84x292
                      RenderTableCell {TD} at (0,0) size 29x27 [color=#FFFF00] [bgcolor=#404080] [r=0 c=0 rs=1 cs=1]
                        RenderText {#text} at (1,1) size 27x24
                          text run at (1,1) width 27: "15."
                      RenderTableCell {TD} at (29,0) size 55x292 [color=#FFFFFF] [bgcolor=#404080] [r=0 c=1 rs=1 cs=1]
                        RenderTable {TABLE} at (1,1) size 53x290 [color=#000000]
                          RenderTableSection {TBODY} at (0,0) size 53x290 [bgcolor=#FFFF00]
                            RenderTableRow {TR} at (0,0) size 53x290
                              RenderTableCell {TD} at (0,0) size 53x290 [color=#FFFFFF] [bgcolor=#404080] [r=0 c=0 rs=1 cs=1]
                                RenderBlock {P} at (1,1) size 51x60
                                  RenderText {#text} at (0,0) size 41x59
                                    text run at (0,0) width 31: "Grab"
                                    text run at (0,20) width 31: "latest"
                                    text run at (0,40) width 41: "mozilla"
                                RenderBlock {P} at (1,77) size 51x20
                                  RenderText {#text} at (0,0) size 37x19
                                    text run at (0,0) width 37: "Test it"
                                RenderBlock {P} at (1,113) size 51x120
                                  RenderText {#text} at (0,0) size 51x119
                                    text run at (0,0) width 44: "Mozilla"
                                    text run at (0,20) width 51: "removes"
                                    text run at (0,40) width 31: "Y2K"
                                    text run at (0,60) width 51: "Warning"
                                    text run at (0,80) width 28: "from"
                                    text run at (0,100) width 51: "FTP site"
                                RenderBlock {P} at (1,249) size 51x40
                                  RenderText {#text} at (0,0) size 51x39
                                    text run at (0,0) width 51: "This bug"
                                    text run at (0,20) width 42: "is fixed"
            RenderTableRow {TR} at (0,1164) size 592x31
              RenderTableCell {TD} at (0,1164) size 84x31 [color=#FFFFFF] [bgcolor=#404080] [border: (1px inset #808080)] [r=3 c=0 rs=1 cs=1]
                RenderTable {TABLE} at (2,2) size 80x27 [color=#000000]
                  RenderTableSection {TBODY} at (0,0) size 80x27
                    RenderTableRow {TR} at (0,0) size 80x27
                      RenderTableCell {TD} at (0,0) size 29x27 [color=#FFFF00] [bgcolor=#404080] [r=0 c=0 rs=1 cs=1]
                        RenderText {#text} at (1,1) size 27x24
                          text run at (1,1) width 27: "16."
                      RenderTableCell {TD} at (29,0) size 51x24 [color=#FFFFFF] [bgcolor=#404080] [r=0 c=1 rs=1 cs=1]
                        RenderTable {TABLE} at (1,1) size 49x22 [color=#000000]
                          RenderTableSection {TBODY} at (0,0) size 49x22 [bgcolor=#FFFF00]
                            RenderTableRow {TR} at (0,0) size 49x22
                              RenderTableCell {TD} at (0,0) size 49x22 [color=#FFFFFF] [bgcolor=#404080] [r=0 c=0 rs=1 cs=1]
                                RenderText {#text} at (1,1) size 7x19
                                  text run at (1,1) width 7: "?"
              RenderTableCell {TD} at (84,1164) size 84x24 [color=#FFFFFF] [bgcolor=#404080] [border: (1px inset #808080)] [r=3 c=1 rs=1 cs=1]
                RenderText {#text} at (2,2) size 6x19
                  text run at (2,2) width 6: "-"
              RenderTableCell {TD} at (168,1164) size 84x24 [color=#FFFFFF] [bgcolor=#404080] [border: (1px inset #808080)] [r=3 c=2 rs=1 cs=1]
                RenderText {#text} at (2,2) size 6x19
                  text run at (2,2) width 6: "-"
              RenderTableCell {TD} at (252,1164) size 84x24 [color=#FFFFFF] [bgcolor=#404080] [border: (1px inset #808080)] [r=3 c=3 rs=1 cs=1]
                RenderText {#text} at (2,2) size 6x19
                  text run at (2,2) width 6: "-"
              RenderTableCell {TD} at (336,1164) size 84x24 [color=#FFFFFF] [bgcolor=#404080] [border: (1px inset #808080)] [r=3 c=4 rs=1 cs=1]
                RenderText {#text} at (2,2) size 6x19
                  text run at (2,2) width 6: "-"
              RenderTableCell {TD} at (420,1164) size 84x24 [color=#FFFFFF] [bgcolor=#404080] [border: (1px inset #808080)] [r=3 c=5 rs=1 cs=1]
                RenderText {#text} at (2,2) size 6x19
                  text run at (2,2) width 6: "-"
              RenderTableCell {TD} at (504,1164) size 88x24 [color=#FFFFFF] [bgcolor=#404080] [border: (1px inset #808080)] [r=3 c=6 rs=1 cs=1]
                RenderText {#text} at (2,2) size 6x19
                  text run at (2,2) width 6: "-"
            RenderTableRow {TR} at (0,1195) size 592x24
              RenderTableCell {TD} at (0,1195) size 84x24 [color=#FFFFFF] [bgcolor=#404080] [border: (1px inset #808080)] [r=4 c=0 rs=1 cs=1]
                RenderText {#text} at (2,2) size 6x19
                  text run at (2,2) width 6: "-"
              RenderTableCell {TD} at (84,1195) size 84x24 [color=#FFFFFF] [bgcolor=#404080] [border: (1px inset #808080)] [r=4 c=1 rs=1 cs=1]
                RenderText {#text} at (2,2) size 6x19
                  text run at (2,2) width 6: "-"
              RenderTableCell {TD} at (168,1195) size 84x24 [color=#FFFFFF] [bgcolor=#404080] [border: (1px inset #808080)] [r=4 c=2 rs=1 cs=1]
                RenderText {#text} at (2,2) size 6x19
                  text run at (2,2) width 6: "-"
              RenderTableCell {TD} at (252,1195) size 84x24 [color=#FFFFFF] [bgcolor=#404080] [border: (1px inset #808080)] [r=4 c=3 rs=1 cs=1]
                RenderText {#text} at (2,2) size 6x19
                  text run at (2,2) width 6: "-"
              RenderTableCell {TD} at (336,1195) size 84x24 [color=#FFFFFF] [bgcolor=#404080] [border: (1px inset #808080)] [r=4 c=4 rs=1 cs=1]
                RenderText {#text} at (2,2) size 6x19
                  text run at (2,2) width 6: "-"
              RenderTableCell {TD} at (420,1195) size 84x24 [color=#FFFFFF] [bgcolor=#404080] [border: (1px inset #808080)] [r=4 c=5 rs=1 cs=1]
                RenderText {#text} at (2,2) size 6x19
                  text run at (2,2) width 6: "-"
              RenderTableCell {TD} at (504,1195) size 88x24 [color=#FFFFFF] [bgcolor=#404080] [border: (1px inset #808080)] [r=4 c=6 rs=1 cs=1]
                RenderText {#text} at (2,2) size 6x19
                  text run at (2,2) width 6: "-"
        RenderBlock (anonymous) at (0,1279) size 769x40
          RenderBR {BR} at (384,0) size 1x19
          RenderText {#text} at (20,20) size 729x19
            text run at (20,20) width 729: "Notice the scrollbars, they are rendered outside of the table columns, and the yellow day numbers are hidden under them."
        RenderBlock {P} at (0,1335) size 769x80
          RenderText {#text} at (7,0) size 765x79
            text run at (7,0) width 755: "This is probably another bug already covered, or fixed, but day 3 & 16 should have no scrollbar, but the area where the other"
            text run at (18,20) width 364: "scrollbars are drawn is drawn funny. They are not rendered. "
            text run at (382,20) width 369: "They seem to be whatever was drawn there before, or drawn"
            text run at (2,40) width 765: "somewhere else. Day 16 (contaings only the letter \"?\") has a region below the ? mark that is never rendered. Resize the window"
            text run at (194,60) width 381: "so the window can scroll down and scroll the page up & down."
