layer at (0,0) size 800x600
  RenderView at (0,0) size 800x600
layer at (0,0) size 800x600
  RenderBlock {HTML} at (0,0) size 800x600
    RenderBody {BODY} at (8,8) size 784x584 [bgcolor=#C0C0C0]
      RenderTable {TABLE} at (0,0) size 784x148 [border: (3px outset #808080)]
        RenderTableSection {TBODY} at (3,3) size 778x142
          RenderTableRow {TR} at (0,2) size 778x138
            RenderTableCell {TD} at (2,2) size 774x138 [border: (1px inset #808080)] [r=0 c=0 rs=1 cs=1]
              RenderTable {TABLE} at (2,2) size 385x134 [border: (3px outset #808080)]
                RenderTableSection {TBODY} at (3,3) size 379x128
                  RenderTableRow {TR} at (0,2) size 379x124
                    RenderTableCell {TD} at (2,2) size 375x124 [border: (1px inset #808080)] [r=0 c=0 rs=1 cs=1]
                      RenderText {#text} at (2,2) size 344x119
                        text run at (2,2) width 344: "blah blah blah blah blah blah blah blah blah blah blah blah"
                        text run at (2,22) width 29: "blah "
                        text run at (31,22) width 315: "blah blah blah blah blah blah blah blah blah blah blah"
                        text run at (2,42) width 58: "blah blah "
                        text run at (60,42) width 286: "blah blah blah blah blah blah blah blah blah blah"
                        text run at (2,62) width 87: "blah blah blah "
                        text run at (89,62) width 257: "blah blah blah blah blah blah blah blah blah"
                        text run at (2,82) width 116: "blah blah blah blah "
                        text run at (118,82) width 228: "blah blah blah blah blah blah blah blah"
                        text run at (2,102) width 141: "blah blah blah blah blah"
      RenderBlock (anonymous) at (0,148) size 784x20
        RenderBR {BR} at (0,0) size 0x19
      RenderTable {TABLE} at (0,168) size 784x148 [border: (3px outset #808080)]
        RenderTableSection {TBODY} at (3,3) size 778x142
          RenderTableRow {TR} at (0,2) size 778x138
            RenderTableCell {TD} at (2,2) size 774x138 [border: (1px inset #808080)] [r=0 c=0 rs=1 cs=1]
              RenderText {#text} at (387,2) size 54x19
                text run at (387,2) width 54: "blah blah"
              RenderTable {TABLE} at (2,2) size 385x134 [border: (3px outset #808080)]
                RenderTableSection {TBODY} at (3,3) size 379x128
                  RenderTableRow {TR} at (0,2) size 379x124
                    RenderTableCell {TD} at (2,2) size 375x124 [border: (1px inset #808080)] [r=0 c=0 rs=1 cs=1]
                      RenderText {#text} at (2,2) size 344x119
                        text run at (2,2) width 344: "blah blah blah blah blah blah blah blah blah blah blah blah"
                        text run at (2,22) width 29: "blah "
                        text run at (31,22) width 315: "blah blah blah blah blah blah blah blah blah blah blah"
                        text run at (2,42) width 58: "blah blah "
                        text run at (60,42) width 286: "blah blah blah blah blah blah blah blah blah blah"
                        text run at (2,62) width 87: "blah blah blah "
                        text run at (89,62) width 257: "blah blah blah blah blah blah blah blah blah"
                        text run at (2,82) width 116: "blah blah blah blah "
                        text run at (118,82) width 228: "blah blah blah blah blah blah blah blah"
                        text run at (2,102) width 141: "blah blah blah blah blah"
              RenderText {#text} at (0,0) size 0x0
      RenderBlock (anonymous) at (0,316) size 784x20
        RenderBR {BR} at (0,0) size 0x19
      RenderTable {TABLE} at (0,336) size 784x184 [border: (3px outset #808080)]
        RenderTableSection {TBODY} at (3,3) size 778x178
          RenderTableRow {TR} at (0,2) size 778x174
            RenderTableCell {TD} at (2,2) size 774x174 [border: (1px inset #808080)] [r=0 c=0 rs=1 cs=1]
              RenderBlock (anonymous) at (2,2) size 770x20
                RenderText {#text} at (0,0) size 54x19
                  text run at (0,0) width 54: "blah blah"
              RenderBlock {P} at (2,38) size 770x0
                RenderTable {TABLE} at (0,0) size 385x134 [border: (3px outset #808080)]
                  RenderTableSection {TBODY} at (3,3) size 379x128
                    RenderTableRow {TR} at (0,2) size 379x124
                      RenderTableCell {TD} at (2,2) size 375x124 [border: (1px inset #808080)] [r=0 c=0 rs=1 cs=1]
                        RenderText {#text} at (2,2) size 344x119
                          text run at (2,2) width 344: "blah blah blah blah blah blah blah blah blah blah blah blah"
                          text run at (2,22) width 29: "blah "
                          text run at (31,22) width 315: "blah blah blah blah blah blah blah blah blah blah blah"
                          text run at (2,42) width 58: "blah blah "
                          text run at (60,42) width 286: "blah blah blah blah blah blah blah blah blah blah"
                          text run at (2,62) width 87: "blah blah blah "
                          text run at (89,62) width 257: "blah blah blah blah blah blah blah blah blah"
                          text run at (2,82) width 116: "blah blah blah blah "
                          text run at (118,82) width 228: "blah blah blah blah blah blah blah blah"
                          text run at (2,102) width 141: "blah blah blah blah blah"
