layer at (0,0) size 785x664
  RenderView at (0,0) size 785x600
layer at (0,0) size 785x664
  RenderBlock {HTML} at (0,0) size 785x664
    RenderBody {BODY} at (8,8) size 769x648
      RenderTable {TABLE} at (0,0) size 769x648
        RenderTableSection {TBODY} at (0,0) size 769x648
          RenderTableRow {TR} at (0,0) size 769x324
            RenderTableCell {TD} at (0,0) size 231x324 [r=0 c=0 rs=1 cs=1]
              RenderTable {TABLE} at (0,0) size 231x324
                RenderTableSection {THEAD} at (0,0) size 231x18
                  RenderTableRow {TR} at (0,0) size 231x18
                    RenderTableCell {TH} at (0,0) size 231x18 [r=0 c=0 rs=1 cs=1]
                      RenderText {#text} at (78,0) size 75x18
                        text run at (78,0) width 75: "Header 1/1"
                RenderTableSection {TBODY} at (0,18) size 231x306
                  RenderTableRow {TR} at (0,0) size 231x306
                    RenderTableCell {TD} at (0,0) size 231x306 [r=0 c=0 rs=1 cs=1]
                      RenderText {#text} at (0,0) size 230x306
                        text run at (0,0) width 230: "1 2 3 - - - - - - - - - - - - - - - - - - - - - -"
                        text run at (0,18) width 230: "- - - - - - - - - - - - - - - - - - - - - - - - - -"
                        text run at (0,36) width 230: "- - - - - - - - - - - - - - - - - - - - - - - - - -"
                        text run at (0,54) width 230: "- - - - - - - - - - - - - - - - - - - - - - - - - -"
                        text run at (0,72) width 230: "- - - - - - - - - - - - - - - - - - - - - - - - - -"
                        text run at (0,90) width 230: "- - - - - - - - - - - - - - - - - - - - - - - - - -"
                        text run at (0,108) width 230: "- - - - - - - - - - - - - - - - - - - - - - - - - -"
                        text run at (0,126) width 230: "- - - - - - - - - - - - - - - - - - - - - - - - - -"
                        text run at (0,144) width 27: "- - - "
                        text run at (27,144) width 203: "- - - - - - - - - - - - - - - - - - - - - - -"
                        text run at (0,162) width 230: "- - - - - - - - - - - - - - - - - - - - - - - - - -"
                        text run at (0,180) width 230: "- - - - - - - - - - - - - - - - - - - - - - - - - -"
                        text run at (0,198) width 230: "- - - - - - - - - - - - - - - - - - - - - - - - - -"
                        text run at (0,216) width 230: "- - - - - - - - - - - - - - - - - - - - - - - - - -"
                        text run at (0,234) width 230: "- - - - - - - - - - - - - - - - - - - - - - - - - -"
                        text run at (0,252) width 230: "- - - - - - - - - - - - - - - - - - - - - - - - - -"
                        text run at (0,270) width 230: "- - - - - - - - - - - - - - - - - - - - - - - - - -"
                        text run at (0,288) width 41: "- - - - -"
            RenderTableCell {TD} at (230,0) size 309x324 [r=0 c=1 rs=1 cs=1]
              RenderTable {TABLE} at (0,0) size 308x324
                RenderTableSection {THEAD} at (0,0) size 308x18
                  RenderTableRow {TR} at (0,0) size 308x18
                    RenderTableCell {TH} at (0,0) size 308x18 [r=0 c=0 rs=1 cs=1]
                      RenderText {#text} at (116,0) size 75x18
                        text run at (116,0) width 75: "Header 2/1"
                RenderTableSection {TBODY} at (0,18) size 308x306
                  RenderTableRow {TR} at (0,0) size 308x306
                    RenderTableCell {TD} at (0,0) size 308x306 [r=0 c=0 rs=1 cs=1]
                      RenderText {#text} at (0,0) size 296x306
                        text run at (0,0) width 296: "1 2 3 # # # # # # # # # # # # # # # # # # # # # #"
                        text run at (0,18) width 296: "# # # # # # # # # # # # # # # # # # # # # # # # #"
                        text run at (0,36) width 296: "# # # # # # # # # # # # # # # # # # # # # # # # #"
                        text run at (0,54) width 296: "# # # # # # # # # # # # # # # # # # # # # # # # #"
                        text run at (0,72) width 296: "# # # # # # # # # # # # # # # # # # # # # # # # #"
                        text run at (0,90) width 296: "# # # # # # # # # # # # # # # # # # # # # # # # #"
                        text run at (0,108) width 296: "# # # # # # # # # # # # # # # # # # # # # # # # #"
                        text run at (0,126) width 296: "# # # # # # # # # # # # # # # # # # # # # # # # #"
                        text run at (0,144) width 120: "# # # # # # # # # # "
                        text run at (120,144) width 176: "# # # # # # # # # # # # # # #"
                        text run at (0,162) width 296: "# # # # # # # # # # # # # # # # # # # # # # # # #"
                        text run at (0,180) width 296: "# # # # # # # # # # # # # # # # # # # # # # # # #"
                        text run at (0,198) width 296: "# # # # # # # # # # # # # # # # # # # # # # # # #"
                        text run at (0,216) width 296: "# # # # # # # # # # # # # # # # # # # # # # # # #"
                        text run at (0,234) width 296: "# # # # # # # # # # # # # # # # # # # # # # # # #"
                        text run at (0,252) width 296: "# # # # # # # # # # # # # # # # # # # # # # # # #"
                        text run at (0,270) width 296: "# # # # # # # # # # # # # # # # # # # # # # # # #"
                        text run at (0,288) width 236: "# # # # # # # # # # # # # # # # # # # #"
            RenderTableCell {TD} at (538,0) size 232x324 [r=0 c=2 rs=1 cs=1]
              RenderTable {TABLE} at (0,0) size 231x324
                RenderTableSection {THEAD} at (0,0) size 231x18
                  RenderTableRow {TR} at (0,0) size 231x18
                    RenderTableCell {TH} at (0,0) size 231x18 [r=0 c=0 rs=1 cs=1]
                      RenderText {#text} at (78,0) size 75x18
                        text run at (78,0) width 75: "Header 3/1"
                RenderTableSection {TBODY} at (0,18) size 231x306
                  RenderTableRow {TR} at (0,0) size 231x306
                    RenderTableCell {TD} at (0,0) size 231x306 [r=0 c=0 rs=1 cs=1]
                      RenderText {#text} at (0,0) size 230x306
                        text run at (0,0) width 230: "1 2 3 ! ! ! ! ! ! ! ! ! ! ! ! ! ! ! ! ! ! ! ! ! !"
                        text run at (0,18) width 230: "! ! ! ! ! ! ! ! ! ! ! ! ! ! ! ! ! ! ! ! ! ! ! ! ! !"
                        text run at (0,36) width 230: "! ! ! ! ! ! ! ! ! ! ! ! ! ! ! ! ! ! ! ! ! ! ! ! ! !"
                        text run at (0,54) width 230: "! ! ! ! ! ! ! ! ! ! ! ! ! ! ! ! ! ! ! ! ! ! ! ! ! !"
                        text run at (0,72) width 230: "! ! ! ! ! ! ! ! ! ! ! ! ! ! ! ! ! ! ! ! ! ! ! ! ! !"
                        text run at (0,90) width 230: "! ! ! ! ! ! ! ! ! ! ! ! ! ! ! ! ! ! ! ! ! ! ! ! ! !"
                        text run at (0,108) width 230: "! ! ! ! ! ! ! ! ! ! ! ! ! ! ! ! ! ! ! ! ! ! ! ! ! !"
                        text run at (0,126) width 230: "! ! ! ! ! ! ! ! ! ! ! ! ! ! ! ! ! ! ! ! ! ! ! ! ! !"
                        text run at (0,144) width 27: "! ! ! "
                        text run at (27,144) width 203: "! ! ! ! ! ! ! ! ! ! ! ! ! ! ! ! ! ! ! ! ! ! !"
                        text run at (0,162) width 230: "! ! ! ! ! ! ! ! ! ! ! ! ! ! ! ! ! ! ! ! ! ! ! ! ! !"
                        text run at (0,180) width 230: "! ! ! ! ! ! ! ! ! ! ! ! ! ! ! ! ! ! ! ! ! ! ! ! ! !"
                        text run at (0,198) width 230: "! ! ! ! ! ! ! ! ! ! ! ! ! ! ! ! ! ! ! ! ! ! ! ! ! !"
                        text run at (0,216) width 230: "! ! ! ! ! ! ! ! ! ! ! ! ! ! ! ! ! ! ! ! ! ! ! ! ! !"
                        text run at (0,234) width 230: "! ! ! ! ! ! ! ! ! ! ! ! ! ! ! ! ! ! ! ! ! ! ! ! ! !"
                        text run at (0,252) width 230: "! ! ! ! ! ! ! ! ! ! ! ! ! ! ! ! ! ! ! ! ! ! ! ! ! !"
                        text run at (0,270) width 230: "! ! ! ! ! ! ! ! ! ! ! ! ! ! ! ! ! ! ! ! ! ! ! ! ! !"
                        text run at (0,288) width 41: "! ! ! ! !"
            RenderTableCell {TD} at (769,0) size 0x0 [r=0 c=3 rs=1 cs=1]
          RenderTableRow {TR} at (0,324) size 769x324
            RenderTableCell {TD} at (0,324) size 231x324 [r=1 c=0 rs=1 cs=1]
              RenderTable {TABLE} at (0,0) size 231x324
                RenderTableSection {THEAD} at (0,0) size 231x18
                  RenderTableRow {TR} at (0,0) size 231x18
                    RenderTableCell {TH} at (0,0) size 231x18 [r=0 c=0 rs=1 cs=1]
                      RenderText {#text} at (78,0) size 75x18
                        text run at (78,0) width 75: "Header 1/2"
                RenderTableSection {TBODY} at (0,18) size 231x306
                  RenderTableRow {TR} at (0,0) size 231x306
                    RenderTableCell {TD} at (0,0) size 231x306 [r=0 c=0 rs=1 cs=1]
                      RenderText {#text} at (0,0) size 230x306
                        text run at (0,0) width 230: "1 2 3 - - - - - - - - - - - - - - - - - - - - - -"
                        text run at (0,18) width 230: "- - - - - - - - - - - - - - - - - - - - - - - - - -"
                        text run at (0,36) width 230: "- - - - - - - - - - - - - - - - - - - - - - - - - -"
                        text run at (0,54) width 230: "- - - - - - - - - - - - - - - - - - - - - - - - - -"
                        text run at (0,72) width 230: "- - - - - - - - - - - - - - - - - - - - - - - - - -"
                        text run at (0,90) width 230: "- - - - - - - - - - - - - - - - - - - - - - - - - -"
                        text run at (0,108) width 230: "- - - - - - - - - - - - - - - - - - - - - - - - - -"
                        text run at (0,126) width 230: "- - - - - - - - - - - - - - - - - - - - - - - - - -"
                        text run at (0,144) width 27: "- - - "
                        text run at (27,144) width 203: "- - - - - - - - - - - - - - - - - - - - - - -"
                        text run at (0,162) width 230: "- - - - - - - - - - - - - - - - - - - - - - - - - -"
                        text run at (0,180) width 230: "- - - - - - - - - - - - - - - - - - - - - - - - - -"
                        text run at (0,198) width 230: "- - - - - - - - - - - - - - - - - - - - - - - - - -"
                        text run at (0,216) width 230: "- - - - - - - - - - - - - - - - - - - - - - - - - -"
                        text run at (0,234) width 230: "- - - - - - - - - - - - - - - - - - - - - - - - - -"
                        text run at (0,252) width 230: "- - - - - - - - - - - - - - - - - - - - - - - - - -"
                        text run at (0,270) width 230: "- - - - - - - - - - - - - - - - - - - - - - - - - -"
                        text run at (0,288) width 41: "- - - - -"
            RenderTableCell {TD} at (230,324) size 309x324 [r=1 c=1 rs=1 cs=1]
              RenderTable {TABLE} at (0,0) size 308x324
                RenderTableSection {THEAD} at (0,0) size 308x18
                  RenderTableRow {TR} at (0,0) size 308x18
                    RenderTableCell {TH} at (0,0) size 308x18 [r=0 c=0 rs=1 cs=1]
                      RenderText {#text} at (116,0) size 75x18
                        text run at (116,0) width 75: "Header 2/2"
                RenderTableSection {TBODY} at (0,18) size 308x306
                  RenderTableRow {TR} at (0,0) size 308x306
                    RenderTableCell {TD} at (0,0) size 308x306 [r=0 c=0 rs=1 cs=1]
                      RenderText {#text} at (0,0) size 296x306
                        text run at (0,0) width 296: "1 2 3 # # # # # # # # # # # # # # # # # # # # # #"
                        text run at (0,18) width 296: "# # # # # # # # # # # # # # # # # # # # # # # # #"
                        text run at (0,36) width 296: "# # # # # # # # # # # # # # # # # # # # # # # # #"
                        text run at (0,54) width 296: "# # # # # # # # # # # # # # # # # # # # # # # # #"
                        text run at (0,72) width 296: "# # # # # # # # # # # # # # # # # # # # # # # # #"
                        text run at (0,90) width 296: "# # # # # # # # # # # # # # # # # # # # # # # # #"
                        text run at (0,108) width 296: "# # # # # # # # # # # # # # # # # # # # # # # # #"
                        text run at (0,126) width 296: "# # # # # # # # # # # # # # # # # # # # # # # # #"
                        text run at (0,144) width 120: "# # # # # # # # # # "
                        text run at (120,144) width 176: "# # # # # # # # # # # # # # #"
                        text run at (0,162) width 296: "# # # # # # # # # # # # # # # # # # # # # # # # #"
                        text run at (0,180) width 296: "# # # # # # # # # # # # # # # # # # # # # # # # #"
                        text run at (0,198) width 296: "# # # # # # # # # # # # # # # # # # # # # # # # #"
                        text run at (0,216) width 296: "# # # # # # # # # # # # # # # # # # # # # # # # #"
                        text run at (0,234) width 296: "# # # # # # # # # # # # # # # # # # # # # # # # #"
                        text run at (0,252) width 296: "# # # # # # # # # # # # # # # # # # # # # # # # #"
                        text run at (0,270) width 296: "# # # # # # # # # # # # # # # # # # # # # # # # #"
                        text run at (0,288) width 236: "# # # # # # # # # # # # # # # # # # # #"
            RenderTableCell {TD} at (538,324) size 232x324 [r=1 c=2 rs=1 cs=1]
              RenderTable {TABLE} at (0,0) size 231x324
                RenderTableSection {THEAD} at (0,0) size 231x18
                  RenderTableRow {TR} at (0,0) size 231x18
                    RenderTableCell {TH} at (0,0) size 231x18 [r=0 c=0 rs=1 cs=1]
                      RenderText {#text} at (78,0) size 75x18
                        text run at (78,0) width 75: "Header 3/2"
                RenderTableSection {TBODY} at (0,18) size 231x306
                  RenderTableRow {TR} at (0,0) size 231x306
                    RenderTableCell {TD} at (0,0) size 231x306 [r=0 c=0 rs=1 cs=1]
                      RenderText {#text} at (0,0) size 230x306
                        text run at (0,0) width 230: "1 2 3 ! ! ! ! ! ! ! ! ! ! ! ! ! ! ! ! ! ! ! ! ! !"
                        text run at (0,18) width 230: "! ! ! ! ! ! ! ! ! ! ! ! ! ! ! ! ! ! ! ! ! ! ! ! ! !"
                        text run at (0,36) width 230: "! ! ! ! ! ! ! ! ! ! ! ! ! ! ! ! ! ! ! ! ! ! ! ! ! !"
                        text run at (0,54) width 230: "! ! ! ! ! ! ! ! ! ! ! ! ! ! ! ! ! ! ! ! ! ! ! ! ! !"
                        text run at (0,72) width 230: "! ! ! ! ! ! ! ! ! ! ! ! ! ! ! ! ! ! ! ! ! ! ! ! ! !"
                        text run at (0,90) width 230: "! ! ! ! ! ! ! ! ! ! ! ! ! ! ! ! ! ! ! ! ! ! ! ! ! !"
                        text run at (0,108) width 230: "! ! ! ! ! ! ! ! ! ! ! ! ! ! ! ! ! ! ! ! ! ! ! ! ! !"
                        text run at (0,126) width 230: "! ! ! ! ! ! ! ! ! ! ! ! ! ! ! ! ! ! ! ! ! ! ! ! ! !"
                        text run at (0,144) width 27: "! ! ! "
                        text run at (27,144) width 203: "! ! ! ! ! ! ! ! ! ! ! ! ! ! ! ! ! ! ! ! ! ! !"
                        text run at (0,162) width 230: "! ! ! ! ! ! ! ! ! ! ! ! ! ! ! ! ! ! ! ! ! ! ! ! ! !"
                        text run at (0,180) width 230: "! ! ! ! ! ! ! ! ! ! ! ! ! ! ! ! ! ! ! ! ! ! ! ! ! !"
                        text run at (0,198) width 230: "! ! ! ! ! ! ! ! ! ! ! ! ! ! ! ! ! ! ! ! ! ! ! ! ! !"
                        text run at (0,216) width 230: "! ! ! ! ! ! ! ! ! ! ! ! ! ! ! ! ! ! ! ! ! ! ! ! ! !"
                        text run at (0,234) width 230: "! ! ! ! ! ! ! ! ! ! ! ! ! ! ! ! ! ! ! ! ! ! ! ! ! !"
                        text run at (0,252) width 230: "! ! ! ! ! ! ! ! ! ! ! ! ! ! ! ! ! ! ! ! ! ! ! ! ! !"
                        text run at (0,270) width 230: "! ! ! ! ! ! ! ! ! ! ! ! ! ! ! ! ! ! ! ! ! ! ! ! ! !"
                        text run at (0,288) width 41: "! ! ! ! !"
