layer at (0,0) size 785x1646
  RenderView at (0,0) size 785x600
layer at (0,0) size 785x1646
  RenderBlock {HTML} at (0,0) size 785x1646
    RenderBody {BODY} at (8,8) size 769x1630
      RenderTable {TABLE} at (0,0) size 769x306
        RenderTableSection {TBODY} at (0,0) size 769x306
          RenderTableRow {TR} at (0,0) size 769x306
            RenderTableCell {TD} at (0,0) size 48x306 [bgcolor=#0000FF] [r=0 c=0 rs=1 cs=1]
              RenderText {#text} at (0,0) size 48x306
                text run at (0,0) width 48: "XXXX"
                text run at (0,18) width 48: "XXXX"
                text run at (0,36) width 48: "XXXX"
                text run at (0,54) width 48: "XXXX"
                text run at (0,72) width 48: "XXXX"
                text run at (0,90) width 48: "XXXX"
                text run at (0,108) width 48: "XXXX"
                text run at (0,126) width 48: "XXXX"
                text run at (0,144) width 48: "XXXX"
                text run at (0,162) width 48: "XXXX"
                text run at (0,180) width 48: "XXXX"
                text run at (0,198) width 48: "XXXX"
                text run at (0,216) width 48: "XXXX"
                text run at (0,234) width 48: "XXXX"
                text run at (0,252) width 48: "XXXX"
                text run at (0,270) width 48: "XXXX"
                text run at (0,288) width 48: "XXXX"
            RenderTableCell {TD} at (48,153) size 721x0 [bgcolor=#008000] [r=0 c=1 rs=1 cs=1]
              RenderTable {TABLE} at (0,0) size 0x0 [bgcolor=#FFFF00]
      RenderBlock (anonymous) at (0,306) size 769x18
        RenderBR {BR} at (0,0) size 0x18
      RenderTable {TABLE} at (0,324) size 769x310 [border: (1px outset #808080)]
        RenderTableSection {TBODY} at (1,1) size 767x308
          RenderTableRow {TR} at (0,0) size 767x308
            RenderTableCell {TD} at (0,0) size 50x308 [bgcolor=#0000FF] [border: (1px inset #808080)] [r=0 c=0 rs=1 cs=1]
              RenderText {#text} at (1,1) size 48x306
                text run at (1,1) width 48: "XXXX"
                text run at (1,19) width 48: "XXXX"
                text run at (1,37) width 48: "XXXX"
                text run at (1,55) width 48: "XXXX"
                text run at (1,73) width 48: "XXXX"
                text run at (1,91) width 48: "XXXX"
                text run at (1,109) width 48: "XXXX"
                text run at (1,127) width 48: "XXXX"
                text run at (1,145) width 48: "XXXX"
                text run at (1,163) width 48: "XXXX"
                text run at (1,181) width 48: "XXXX"
                text run at (1,199) width 48: "XXXX"
                text run at (1,217) width 48: "XXXX"
                text run at (1,235) width 48: "XXXX"
                text run at (1,253) width 48: "XXXX"
                text run at (1,271) width 48: "XXXX"
                text run at (1,289) width 48: "XXXX"
            RenderTableCell {TD} at (50,153) size 717x2 [bgcolor=#008000] [border: (1px inset #808080)] [r=0 c=1 rs=1 cs=1]
              RenderTable {TABLE} at (1,1) size 0x0 [bgcolor=#FFFF00]
      RenderBlock (anonymous) at (0,634) size 769x18
        RenderBR {BR} at (0,0) size 0x18
      RenderTable {TABLE} at (0,652) size 769x312 [border: (1px outset #808080)]
        RenderTableSection {TBODY} at (1,1) size 767x310
          RenderTableRow {TR} at (0,0) size 767x310
            RenderTableCell {TD} at (0,0) size 52x310 [bgcolor=#0000FF] [border: (1px inset #808080)] [r=0 c=0 rs=1 cs=1]
              RenderText {#text} at (2,2) size 48x306
                text run at (2,2) width 48: "XXXX"
                text run at (2,20) width 48: "XXXX"
                text run at (2,38) width 48: "XXXX"
                text run at (2,56) width 48: "XXXX"
                text run at (2,74) width 48: "XXXX"
                text run at (2,92) width 48: "XXXX"
                text run at (2,110) width 48: "XXXX"
                text run at (2,128) width 48: "XXXX"
                text run at (2,146) width 48: "XXXX"
                text run at (2,164) width 48: "XXXX"
                text run at (2,182) width 48: "XXXX"
                text run at (2,200) width 48: "XXXX"
                text run at (2,218) width 48: "XXXX"
                text run at (2,236) width 48: "XXXX"
                text run at (2,254) width 48: "XXXX"
                text run at (2,272) width 48: "XXXX"
                text run at (2,290) width 48: "XXXX"
            RenderTableCell {TD} at (52,153) size 715x4 [bgcolor=#008000] [border: (1px inset #808080)] [r=0 c=1 rs=1 cs=1]
              RenderTable {TABLE} at (2,2) size 0x0 [bgcolor=#FFFF00]
      RenderBlock (anonymous) at (0,964) size 769x18
        RenderBR {BR} at (0,0) size 0x18
      RenderTable {TABLE} at (0,982) size 769x306
        RenderTableSection {TBODY} at (0,0) size 769x306
          RenderTableRow {TR} at (0,0) size 769x306
            RenderTableCell {TD} at (0,0) size 48x306 [bgcolor=#0000FF] [r=0 c=0 rs=1 cs=1]
              RenderText {#text} at (0,0) size 48x306
                text run at (0,0) width 48: "XXXX"
                text run at (0,18) width 48: "XXXX"
                text run at (0,36) width 48: "XXXX"
                text run at (0,54) width 48: "XXXX"
                text run at (0,72) width 48: "XXXX"
                text run at (0,90) width 48: "XXXX"
                text run at (0,108) width 48: "XXXX"
                text run at (0,126) width 48: "XXXX"
                text run at (0,144) width 48: "XXXX"
                text run at (0,162) width 48: "XXXX"
                text run at (0,180) width 48: "XXXX"
                text run at (0,198) width 48: "XXXX"
                text run at (0,216) width 48: "XXXX"
                text run at (0,234) width 48: "XXXX"
                text run at (0,252) width 48: "XXXX"
                text run at (0,270) width 48: "XXXX"
                text run at (0,288) width 48: "XXXX"
            RenderTableCell {TD} at (48,0) size 48x306 [bgcolor=#FFA500] [r=0 c=1 rs=1 cs=1]
              RenderText {#text} at (0,0) size 48x306
                text run at (0,0) width 48: "XXXX"
                text run at (0,18) width 48: "XXXX"
                text run at (0,36) width 48: "XXXX"
                text run at (0,54) width 48: "XXXX"
                text run at (0,72) width 48: "XXXX"
                text run at (0,90) width 48: "XXXX"
                text run at (0,108) width 48: "XXXX"
                text run at (0,126) width 48: "XXXX"
                text run at (0,144) width 48: "XXXX"
                text run at (0,162) width 48: "XXXX"
                text run at (0,180) width 48: "XXXX"
                text run at (0,198) width 48: "XXXX"
                text run at (0,216) width 48: "XXXX"
                text run at (0,234) width 48: "XXXX"
                text run at (0,252) width 48: "XXXX"
                text run at (0,270) width 48: "XXXX"
                text run at (0,288) width 48: "XXXX"
            RenderTableCell {TD} at (96,153) size 673x0 [bgcolor=#008000] [r=0 c=2 rs=1 cs=1]
              RenderTable {TABLE} at (0,0) size 0x0 [bgcolor=#FFFF00]
      RenderBlock (anonymous) at (0,1288) size 769x18
        RenderBR {BR} at (0,0) size 0x18
      RenderTable {TABLE} at (0,1306) size 769x306
        RenderTableSection {TBODY} at (0,0) size 769x306
          RenderTableRow {TR} at (0,0) size 769x306
            RenderTableCell {TD} at (0,0) size 48x306 [bgcolor=#0000FF] [r=0 c=0 rs=1 cs=1]
              RenderText {#text} at (0,0) size 48x306
                text run at (0,0) width 48: "XXXX"
                text run at (0,18) width 48: "XXXX"
                text run at (0,36) width 48: "XXXX"
                text run at (0,54) width 48: "XXXX"
                text run at (0,72) width 48: "XXXX"
                text run at (0,90) width 48: "XXXX"
                text run at (0,108) width 48: "XXXX"
                text run at (0,126) width 48: "XXXX"
                text run at (0,144) width 48: "XXXX"
                text run at (0,162) width 48: "XXXX"
                text run at (0,180) width 48: "XXXX"
                text run at (0,198) width 48: "XXXX"
                text run at (0,216) width 48: "XXXX"
                text run at (0,234) width 48: "XXXX"
                text run at (0,252) width 48: "XXXX"
                text run at (0,270) width 48: "XXXX"
                text run at (0,288) width 48: "XXXX"
            RenderTableCell {TD} at (48,144) size 721x18 [bgcolor=#008000] [r=0 c=1 rs=1 cs=1]
              RenderText {#text} at (0,0) size 8x18
                text run at (0,0) width 8: "x"
      RenderBlock (anonymous) at (0,1612) size 769x18
        RenderText {#text} at (0,0) size 19x18
          text run at (0,0) width 19: "-->"
