layer at (0,0) size 785x901
  RenderView at (0,0) size 785x600
layer at (0,0) size 785x901
  RenderBlock {HTML} at (0,0) size 785x901
    RenderBody {BODY} at (8,8) size 769x877 [bgcolor=#FFFFFF]
      RenderBlock {H1} at (0,0) size 769x37
        RenderText {#text} at (0,0) size 359x37
          text run at (0,0) width 359: "Tests de conformit\x{E9} CSS 2"
      RenderBlock {H3} at (0,58) size 769x23
        RenderText {#text} at (0,0) size 155x22
          text run at (0,0) width 155: "Tableaux, test 13.8"
      RenderBlock {H6} at (0,105) size 769x14
        RenderText {#text} at (0,0) size 119x13
          text run at (0,0) width 119: "\x{A9} \x{C9}ditions Eyrolles 1998"
      RenderTable {TABLE} at (192,143) size 577x47
        RenderTableSection {TBODY} at (0,0) size 577x46
          RenderTableRow {TR} at (0,2) size 577x20
            RenderTableCell {TD} at (2,2) size 573x20 [r=0 c=0 rs=1 cs=3]
              RenderBlock {HR} at (1,9) size 573x2 [bgcolor=#808080] [border: (1px solid #808080)]
          RenderTableRow {TR} at (0,24) size 577x20
            RenderTableCell {TD} at (2,24) size 143x20 [r=1 c=0 rs=1 cs=1]
              RenderInline {A} at (0,0) size 86x18 [color=#0000EE]
                RenderText {#text} at (1,1) size 86x18
                  text run at (1,1) width 86: "test pr\x{E9}c\x{E9}dent"
            RenderTableCell {TD} at (146,24) size 285x20 [r=1 c=1 rs=1 cs=1]
              RenderInline {B} at (0,0) size 132x18
                RenderText {#text} at (76,1) size 132x18
                  text run at (76,1) width 132: "Cadres de tableaux"
            RenderTableCell {TD} at (432,24) size 143x20 [r=1 c=2 rs=1 cs=1]
              RenderInline {A} at (0,0) size 71x18 [color=#0000EE]
                RenderText {#text} at (71,1) size 71x18
                  text run at (71,1) width 71: "test suivant"
      RenderBlock {P} at (0,143) size 769x19
        RenderText {#text} at (0,0) size 4x18
          text run at (0,0) width 4: " "
      RenderBlock {P} at (0,177) size 769x19
        RenderText {#text} at (0,0) size 4x18
          text run at (0,0) width 4: " "
      RenderBlock {P} at (0,211) size 769x19
        RenderText {#text} at (0,0) size 377x18
          text run at (0,0) width 377: "Ce test v\x{E9}rifie que les cadres s'appliquent bien aux tableaux."
      RenderBlock {PRE} at (0,245) size 769x181
        RenderText {#text} at (0,0) size 576x180
          text run at (0,0) width 472: ".firsttable { border-width : 10pt ; border-color : yellow ;"
          text run at (0,15) width 312: "                border-style : double }"
          text run at (0,30) width 416: ".t1 { border-color : black ; border-style : double ;"
          text run at (0,45) width 288: "                border-width : 5pt }"
          text run at (0,60) width 392: ".t2 { border-color : red ; border-style : solid ;"
          text run at (0,75) width 296: "                border-width : 5pt  }"
          text run at (0,90) width 408: ".t3 { border-color : lime ; border-style : groove ;"
          text run at (0,105) width 296: "                border-width : 5pt  }"
          text run at (0,120) width 576: ".t4 { border-color : blue ; border-style : inset ; border-width : 5pt  }"
          text run at (0,135) width 480: ".secondtable { border-width : 10pt ; border-color : yellow ;"
          text run at (0,150) width 312: "                border-style : double ;"
          text run at (0,165) width 352: "                border-collapse : collapse }"
      RenderTable {TABLE} at (96,438) size 577x135 [border: (13.33px double #FFFF00)]
        RenderTableSection {TBODY} at (13,13) size 551x109
          RenderTableRow {TR} at (0,2) size 551x34
            RenderTableCell {TD} at (2,2) size 181x34 [border: (6.66px double #000000)] [r=0 c=0 rs=1 cs=1]
              RenderText {#text} at (7,8) size 9x18
                text run at (7,8) width 9: "1"
            RenderTableCell {TD} at (184,2) size 182x34 [border: (6.66px solid #FF0000)] [r=0 c=1 rs=1 cs=1]
              RenderText {#text} at (7,8) size 9x18
                text run at (7,8) width 9: "2"
            RenderTableCell {TD} at (367,2) size 182x34 [border: (6.66px groove #00FF00)] [r=0 c=2 rs=1 cs=1]
              RenderText {#text} at (7,8) size 9x18
                text run at (7,8) width 9: "3"
          RenderTableRow {TR} at (0,37) size 551x34
            RenderTableCell {TD} at (2,37) size 181x34 [border: (6.66px inset #0000FF)] [r=1 c=0 rs=1 cs=1]
              RenderText {#text} at (7,8) size 9x18
                text run at (7,8) width 9: "4"
            RenderTableCell {TD} at (184,37) size 182x34 [border: (6.66px double #000000)] [r=1 c=1 rs=1 cs=1]
              RenderText {#text} at (7,8) size 9x18
                text run at (7,8) width 9: "5"
            RenderTableCell {TD} at (367,37) size 182x34 [border: (6.66px solid #FF0000)] [r=1 c=2 rs=1 cs=1]
              RenderText {#text} at (7,8) size 9x18
                text run at (7,8) width 9: "6"
          RenderTableRow {TR} at (0,72) size 551x34
            RenderTableCell {TD} at (2,72) size 181x34 [border: (6.66px groove #00FF00)] [r=2 c=0 rs=1 cs=1]
              RenderText {#text} at (7,8) size 9x18
                text run at (7,8) width 9: "7"
            RenderTableCell {TD} at (184,72) size 182x34 [border: (6.66px inset #0000FF)] [r=2 c=1 rs=1 cs=1]
              RenderText {#text} at (7,8) size 9x18
                text run at (7,8) width 9: "8"
            RenderTableCell {TD} at (367,72) size 182x34 [border: (6.66px double #000000)] [r=2 c=2 rs=1 cs=1]
              RenderText {#text} at (7,8) size 9x18
                text run at (7,8) width 9: "9"
      RenderBlock (anonymous) at (0,572) size 769x19
        RenderBR {BR} at (0,0) size 0x18
      RenderTable {TABLE} at (96,590) size 577x99 [border: (6px double #FFFF00)]
        RenderTableSection {TBODY} at (6,6) size 564x85
          RenderTableRow {TR} at (0,0) size 564x30
            RenderTableCell {TD} at (0,0) size 205x30 [border: (7px double #000000)] [r=0 c=0 rs=1 cs=1]
              RenderText {#text} at (8,8) size 8x18
                text run at (8,8) width 8: "1"
            RenderTableCell {TD} at (205,0) size 164x30 [border: (7px solid #FF0000)] [r=0 c=1 rs=1 cs=1]
              RenderText {#text} at (4,8) size 8x18
                text run at (4,8) width 8: "2"
            RenderTableCell {TD} at (369,0) size 195x30 [border: (7px groove #00FF00)] [r=0 c=2 rs=1 cs=1]
              RenderText {#text} at (4,8) size 8x18
                text run at (4,8) width 8: "3"
          RenderTableRow {TR} at (0,30) size 564x26
            RenderTableCell {TD} at (0,30) size 205x26 [border: (3px inset #0000FF)] [r=1 c=0 rs=1 cs=1]
              RenderText {#text} at (8,4) size 8x18
                text run at (8,4) width 8: "4"
            RenderTableCell {TD} at (205,30) size 164x26 [border: (3px double #000000)] [r=1 c=1 rs=1 cs=1]
              RenderText {#text} at (4,4) size 8x18
                text run at (4,4) width 8: "5"
            RenderTableCell {TD} at (369,30) size 195x26 [border: (3px solid #FF0000)] [r=1 c=2 rs=1 cs=1]
              RenderText {#text} at (4,4) size 8x18
                text run at (4,4) width 8: "6"
          RenderTableRow {TR} at (0,56) size 564x29
            RenderTableCell {TD} at (0,56) size 205x29 [border: (3px groove #00FF00)] [r=2 c=0 rs=1 cs=1]
              RenderText {#text} at (8,4) size 8x18
                text run at (8,4) width 8: "7"
            RenderTableCell {TD} at (205,56) size 164x29 [border: (3px inset #0000FF)] [r=2 c=1 rs=1 cs=1]
              RenderText {#text} at (4,4) size 8x18
                text run at (4,4) width 8: "8"
            RenderTableCell {TD} at (369,56) size 195x29 [border: (3px double #000000)] [r=2 c=2 rs=1 cs=1]
              RenderText {#text} at (4,4) size 8x18
                text run at (4,4) width 8: "9"
      RenderBlock {P} at (0,704) size 769x37
        RenderText {#text} at (0,0) size 754x36
          text run at (0,0) width 302: "Si toutes les conditions exprim\x{E9}es par les r\x{E8}gles "
          text run at (302,0) width 452: "CSS ci-dessus se retrouvent dans le formatage des tableaux ci-dessus, la"
          text run at (0,18) width 43: "valeur "
          text run at (43,18) width 160: "de ce test est 2 et 0 sinon."
      RenderTable {TABLE} at (192,756) size 577x47
        RenderTableSection {TBODY} at (0,0) size 577x46
          RenderTableRow {TR} at (0,2) size 577x20
            RenderTableCell {TD} at (2,2) size 573x20 [r=0 c=0 rs=1 cs=3]
              RenderBlock {HR} at (1,9) size 573x2 [bgcolor=#808080] [border: (1px solid #808080)]
          RenderTableRow {TR} at (0,24) size 577x20
            RenderTableCell {TD} at (2,24) size 143x20 [r=1 c=0 rs=1 cs=1]
              RenderText {#text} at (1,1) size 86x18
                text run at (1,1) width 86: "test pr\x{E9}c\x{E9}dent"
            RenderTableCell {TD} at (146,24) size 285x20 [r=1 c=1 rs=1 cs=1]
              RenderInline {B} at (0,0) size 132x18
                RenderText {#text} at (76,1) size 132x18
                  text run at (76,1) width 132: "Cadres de tableaux"
            RenderTableCell {TD} at (432,24) size 143x20 [r=1 c=2 rs=1 cs=1]
              RenderInline {A} at (0,0) size 71x18 [color=#0000EE]
                RenderText {#text} at (71,1) size 71x18
                  text run at (71,1) width 71: "test suivant"
      RenderBlock {P} at (0,756) size 769x19
        RenderText {#text} at (0,0) size 4x18
          text run at (0,0) width 4: " "
      RenderBlock {P} at (0,790) size 769x19
        RenderText {#text} at (0,0) size 4x18
          text run at (0,0) width 4: " "
      RenderBlock {P} at (0,824) size 769x19
        RenderText {#text} at (0,0) size 4x18
          text run at (0,0) width 4: " "
      RenderBlock {P} at (0,858) size 769x19
        RenderText {#text} at (0,0) size 163x18
          text run at (0,0) width 163: "Auteur : Daniel Glazman."
