layer at (0,0) size 785x788
  RenderView at (0,0) size 785x600
layer at (0,0) size 785x788
  RenderBlock {HTML} at (0,0) size 785x788
    RenderBody {BODY} at (8,21) size 769x759
      RenderBlock {H1} at (0,0) size 769x37
        RenderText {#text} at (0,0) size 434x36
          text run at (0,0) width 434: "caption element: align attribute"
      RenderTable {TABLE} at (0,58) size 74x177 [border: (1px outset #808080)]
        RenderBlock {CAPTION} at (0,0) size 74x120
          RenderText {#text} at (4,0) size 66x119
            text run at (4,0) width 66: "The table's"
            text run at (13,20) width 48: "caption,"
            text run at (15,40) width 44: "with no"
            text run at (21,60) width 32: "align."
            text run at (9,80) width 56: "Default is"
            text run at (20,100) width 34: "\"top\"."
        RenderTableSection {TBODY} at (1,121) size 72x54
          RenderTableRow {TR} at (0,2) size 72x24
            RenderTableCell {TD} at (2,2) size 33x24 [border: (1px inset #808080)] [r=0 c=0 rs=1 cs=1]
              RenderText {#text} at (2,2) size 29x19
                text run at (2,2) width 29: "Data"
            RenderTableCell {TD} at (37,2) size 33x24 [border: (1px inset #808080)] [r=0 c=1 rs=1 cs=1]
              RenderText {#text} at (2,2) size 29x19
                text run at (2,2) width 29: "Data"
          RenderTableRow {TR} at (0,28) size 72x24
            RenderTableCell {TD} at (2,28) size 33x24 [border: (1px inset #808080)] [r=1 c=0 rs=1 cs=1]
              RenderText {#text} at (2,2) size 29x19
                text run at (2,2) width 29: "Data"
            RenderTableCell {TD} at (37,28) size 33x24 [border: (1px inset #808080)] [r=1 c=1 rs=1 cs=1]
              RenderText {#text} at (2,2) size 29x19
                text run at (2,2) width 29: "Data"
      RenderTable {TABLE} at (0,234) size 74x137 [border: (1px outset #808080)]
        RenderBlock {CAPTION} at (0,0) size 74x80
          RenderText {#text} at (4,0) size 70x79
            text run at (4,0) width 66: "The table's"
            text run at (13,20) width 48: "caption,"
            text run at (24,40) width 26: "with"
            text run at (2,60) width 70: "align=\"top\"."
        RenderTableSection {TBODY} at (1,81) size 72x54
          RenderTableRow {TR} at (0,2) size 72x24
            RenderTableCell {TD} at (2,2) size 33x24 [border: (1px inset #808080)] [r=0 c=0 rs=1 cs=1]
              RenderText {#text} at (2,2) size 29x19
                text run at (2,2) width 29: "Data"
            RenderTableCell {TD} at (37,2) size 33x24 [border: (1px inset #808080)] [r=0 c=1 rs=1 cs=1]
              RenderText {#text} at (2,2) size 29x19
                text run at (2,2) width 29: "Data"
          RenderTableRow {TR} at (0,28) size 72x24
            RenderTableCell {TD} at (2,28) size 33x24 [border: (1px inset #808080)] [r=1 c=0 rs=1 cs=1]
              RenderText {#text} at (2,2) size 29x19
                text run at (2,2) width 29: "Data"
            RenderTableCell {TD} at (37,28) size 33x24 [border: (1px inset #808080)] [r=1 c=1 rs=1 cs=1]
              RenderText {#text} at (2,2) size 29x19
                text run at (2,2) width 29: "Data"
      RenderTable {TABLE} at (0,370) size 93x117 [border: (1px outset #808080)]
        RenderBlock {CAPTION} at (0,56) size 93x60
          RenderText {#text} at (14,0) size 93x59
            text run at (14,0) width 65: "The table's"
            text run at (8,20) width 77: "caption, with"
            text run at (0,40) width 93: "align=\"bottom\"."
        RenderTableSection {TBODY} at (1,1) size 91x54
          RenderTableRow {TR} at (0,2) size 91x24
            RenderTableCell {TD} at (2,2) size 43x24 [border: (1px inset #808080)] [r=0 c=0 rs=1 cs=1]
              RenderText {#text} at (2,2) size 29x19
                text run at (2,2) width 29: "Data"
            RenderTableCell {TD} at (46,2) size 43x24 [border: (1px inset #808080)] [r=0 c=1 rs=1 cs=1]
              RenderText {#text} at (2,2) size 29x19
                text run at (2,2) width 29: "Data"
          RenderTableRow {TR} at (0,28) size 91x24
            RenderTableCell {TD} at (2,28) size 43x24 [border: (1px inset #808080)] [r=1 c=0 rs=1 cs=1]
              RenderText {#text} at (2,2) size 29x19
                text run at (2,2) width 29: "Data"
            RenderTableCell {TD} at (46,28) size 43x24 [border: (1px inset #808080)] [r=1 c=1 rs=1 cs=1]
              RenderText {#text} at (2,2) size 29x19
                text run at (2,2) width 29: "Data"
      RenderTable {TABLE} at (0,486) size 74x137 [border: (1px outset #808080)]
        RenderBlock {CAPTION} at (0,0) size 74x80
          RenderText {#text} at (4,0) size 68x79
            text run at (4,0) width 66: "The table's"
            text run at (13,20) width 48: "caption,"
            text run at (24,40) width 26: "with"
            text run at (3,60) width 68: "align=\"left\"."
        RenderTableSection {TBODY} at (1,81) size 72x54
          RenderTableRow {TR} at (0,2) size 72x24
            RenderTableCell {TD} at (2,2) size 33x24 [border: (1px inset #808080)] [r=0 c=0 rs=1 cs=1]
              RenderText {#text} at (2,2) size 29x19
                text run at (2,2) width 29: "Data"
            RenderTableCell {TD} at (37,2) size 33x24 [border: (1px inset #808080)] [r=0 c=1 rs=1 cs=1]
              RenderText {#text} at (2,2) size 29x19
                text run at (2,2) width 29: "Data"
          RenderTableRow {TR} at (0,28) size 72x24
            RenderTableCell {TD} at (2,28) size 33x24 [border: (1px inset #808080)] [r=1 c=0 rs=1 cs=1]
              RenderText {#text} at (2,2) size 29x19
                text run at (2,2) width 29: "Data"
            RenderTableCell {TD} at (37,28) size 33x24 [border: (1px inset #808080)] [r=1 c=1 rs=1 cs=1]
              RenderText {#text} at (2,2) size 29x19
                text run at (2,2) width 29: "Data"
      RenderTable {TABLE} at (0,622) size 76x137 [border: (1px outset #808080)]
        RenderBlock {CAPTION} at (0,0) size 76x80
          RenderText {#text} at (5,0) size 76x79
            text run at (5,0) width 66: "The table's"
            text run at (14,20) width 48: "caption,"
            text run at (25,40) width 26: "with"
            text run at (0,60) width 76: "align=\"right\"."
        RenderTableSection {TBODY} at (1,81) size 74x54
          RenderTableRow {TR} at (0,2) size 74x24
            RenderTableCell {TD} at (2,2) size 34x24 [border: (1px inset #808080)] [r=0 c=0 rs=1 cs=1]
              RenderText {#text} at (2,2) size 29x19
                text run at (2,2) width 29: "Data"
            RenderTableCell {TD} at (38,2) size 34x24 [border: (1px inset #808080)] [r=0 c=1 rs=1 cs=1]
              RenderText {#text} at (2,2) size 29x19
                text run at (2,2) width 29: "Data"
          RenderTableRow {TR} at (0,28) size 74x24
            RenderTableCell {TD} at (2,28) size 34x24 [border: (1px inset #808080)] [r=1 c=0 rs=1 cs=1]
              RenderText {#text} at (2,2) size 29x19
                text run at (2,2) width 29: "Data"
            RenderTableCell {TD} at (38,28) size 34x24 [border: (1px inset #808080)] [r=1 c=1 rs=1 cs=1]
              RenderText {#text} at (2,2) size 29x19
                text run at (2,2) width 29: "Data"
