layer at (0,0) size 800x600
  RenderView at (0,0) size 800x600
layer at (0,0) size 800x600
  RenderBlock {HTML} at (0,0) size 800x600
    RenderBody {BODY} at (8,8) size 784x584
      RenderTable {TABLE} at (0,0) size 600x292 [bgcolor=#FFC0CB]
        RenderTableSection {TBODY} at (0,0) size 600x292
          RenderTableRow {TR} at (0,0) size 600x20
            RenderTableCell {TD} at (0,0) size 601x20 [bgcolor=#FFFF00] [r=0 c=0 rs=1 cs=3]
              RenderText {#text} at (0,0) size 8x19
                text run at (0,0) width 8: "1"
          RenderTableRow {TR} at (0,20) size 600x20
            RenderTableCell {TD} at (0,20) size 601x20 [bgcolor=#FF0000] [r=1 c=0 rs=1 cs=3]
              RenderText {#text} at (0,0) size 8x19
                text run at (0,0) width 8: "2"
          RenderTableRow {TR} at (0,40) size 600x0
            RenderTableCell {TD} at (0,40) size 156x20 [bgcolor=#00FFFF] [r=2 c=0 rs=40 cs=1]
              RenderText {#text} at (0,0) size 8x19
                text run at (0,0) width 8: "3"
          RenderTableRow {TR} at (0,40) size 600x32
            RenderTableCell {TD} at (155,40) size 446x32 [bgcolor=#FFA500] [r=3 c=1 rs=1 cs=1]
              RenderTable {TABLE} at (0,0) size 440x32
                RenderTableSection {TBODY} at (0,0) size 440x32
                  RenderTableRow {TR} at (0,2) size 440x28
                    RenderTableCell {TD} at (2,2) size 217x28 [r=0 c=0 rs=1 cs=1]
                      RenderButton {INPUT} at (3,3) size 102x22 [bgcolor=#F0F0F0] [border: (2px outset #F0F0F0)]
                        RenderBlock (anonymous) at (8,3) size 86x16
                          RenderText at (0,0) size 86x16
                            text run at (0,0) width 86: "Submit Criteria"
                    RenderTableCell {TD} at (221,5) size 217x22 [r=0 c=1 rs=1 cs=1]
                      RenderText {#text} at (1,1) size 8x19
                        text run at (1,1) width 8: "4"
          RenderTableRow {TR} at (0,72) size 600x20
            RenderTableCell {TD} at (155,72) size 446x20 [bgcolor=#FF0000] [r=4 c=1 rs=1 cs=1]
              RenderText {#text} at (0,0) size 8x19
                text run at (0,0) width 8: "5"
          RenderTableRow {TR} at (0,92) size 600x40
            RenderTableCell {TD} at (155,92) size 446x40 [bgcolor=#FFFF00] [r=5 c=1 rs=1 cs=1]
              RenderText {#text} at (0,0) size 404x39
                text run at (0,0) width 245: "If you have entered your feature criteria, "
                text run at (245,0) width 159: "press the \"Submit Criteria\""
                text run at (0,20) width 83: "button above."
          RenderTableRow {TR} at (0,132) size 600x20
            RenderTableCell {TD} at (155,132) size 446x20 [bgcolor=#D3D3D3] [r=6 c=1 rs=1 cs=1]
              RenderText {#text} at (0,0) size 8x19
                text run at (0,0) width 8: "6"
          RenderTableRow {TR} at (0,152) size 600x60
            RenderTableCell {TD} at (155,152) size 446x60 [r=7 c=1 rs=1 cs=1]
              RenderText {#text} at (0,0) size 443x59
                text run at (0,0) width 252: "If you want to do a radius search instead, "
                text run at (252,0) width 155: "press the \"Radius Search\""
                text run at (0,20) width 46: "button. "
                text run at (46,20) width 261: "This will allow you to select a starting point "
                text run at (307,20) width 136: "and enter a radius with"
                text run at (0,40) width 119: "new feature criteria."
          RenderTableRow {TR} at (0,212) size 600x20
            RenderTableCell {TD} at (155,212) size 446x20 [r=8 c=1 rs=1 cs=1]
              RenderText {#text} at (0,0) size 4x19
                text run at (0,0) width 4: " "
          RenderTableRow {TR} at (0,232) size 600x60
            RenderTableCell {TD} at (155,232) size 446x60 [r=9 c=1 rs=1 cs=1]
              RenderText {#text} at (0,0) size 436x59
                text run at (0,0) width 413: "All information provided is deemed reliable but is not guaranteed and"
                text run at (0,20) width 62: "should be "
                text run at (62,20) width 374: "independently verified. The price shown may represent the top"
                text run at (0,40) width 91: "or bottom of a "
                text run at (91,40) width 336: "price range listing and not necessarily a fixed price offer."
