layer at (0,0) size 800x600
  RenderView at (0,0) size 800x600
layer at (0,0) size 800x600
  RenderBlock {HTML} at (0,0) size 800x600
    RenderBody {BODY} at (8,8) size 784x584 [bgcolor=#FFFFFF]
      RenderTable {TABLE} at (0,0) size 200x54 [border: (3px solid #008000)]
        RenderBlock {CAPTION} at (0,0) size 56x24 [border: (3px solid #FFA500)]
          RenderText {#text} at (17,3) size 22x18
            text run at (17,3) width 22: "cap"
        RenderTableSection {TBODY} at (3,27) size 194x24
          RenderTableRow {TR} at (0,2) size 194x20
            RenderTableCell {TD} at (2,2) size 190x20 [r=0 c=0 rs=1 cs=1]
              RenderText {#text} at (1,1) size 30x18
                text run at (1,1) width 30: "table"
