layer at (0,0) size 800x600
  RenderView at (0,0) size 800x600
layer at (0,0) size 800x600
  RenderBlock {HTML} at (0,0) size 800x600
    RenderBody {BODY} at (8,8) size 784x584
      RenderBlock {DIV} at (0,0) size 784x206 [border: (3px solid #0000FF)]
        RenderTable {TABLE} at (359,3) size 66x93 [border: (3px solid #008000)]
          RenderBlock {CAPTION} at (0,0) size 19x33 [border: (3px solid #FFA500)]
            RenderText {#text} at (3,3) size 22x19
              text run at (3,3) width 22: "cap"
          RenderTableSection {TBODY} at (3,36) size 59x54
            RenderTableRow {TR} at (0,2) size 59x50
              RenderTableCell {TD} at (2,16) size 55x22 [r=0 c=0 rs=1 cs=1]
                RenderText {#text} at (1,1) size 53x19
                  text run at (1,1) width 53: "table cell"
