layer at (0,0) size 800x600
  RenderView at (0,0) size 800x600
layer at (0,0) size 800x600
  RenderBlock {HTML} at (0,0) size 800x600
    RenderBody {BODY} at (8,8) size 784x584 [bgcolor=#FFFFFF]
      RenderTable {TABLE} at (0,0) size 784x348 [border: (1px outset #808080)]
        RenderTableSection {TBODY} at (1,1) size 782x346
          RenderTableRow {TR} at (0,2) size 782x342
            RenderTableCell {TD} at (2,2) size 778x342 [border: (1px inset #808080)] [r=0 c=0 rs=1 cs=1]
              RenderTable {TABLE} at (2,2) size 774x338 [border: (3px solid #008000)]
                RenderBlock {CAPTION} at (0,0) size 406x26 [border: (3px solid #FFA500)]
                  RenderText {#text} at (94,3) size 218x19
                    text run at (94,3) width 218: "caption text caption text caption text"
                RenderTableSection {TBODY} at (3,29) size 768x306
                  RenderTableRow {TR} at (0,2) size 768x302
                    RenderTableCell {TD} at (2,2) size 764x302 [r=0 c=0 rs=1 cs=1]
                      RenderText {#text} at (1,1) size 759x299
                        text run at (1,1) width 759: "table text which should wrap table text which should wrap table text which should wrap table text which should wrap table text"
                        text run at (1,21) width 739: "which should wrap table text which should wrap table text which should wrap table text which should wrap table text which"
                        text run at (1,41) width 743: "should wrap table text which should wrap table text which should wrap table text which should wrap table text which should"
                        text run at (1,61) width 735: "wrap table text which should wrap table text which should wrap table text which should wrap table text which should wrap"
                        text run at (1,81) width 759: "table text which should wrap table text which should wrap table text which should wrap table text which should wrap table text"
                        text run at (1,101) width 739: "which should wrap table text which should wrap table text which should wrap table text which should wrap table text which"
                        text run at (1,121) width 743: "should wrap table text which should wrap table text which should wrap table text which should wrap table text which should"
                        text run at (1,141) width 735: "wrap table text which should wrap table text which should wrap table text which should wrap table text which should wrap"
                        text run at (1,161) width 759: "table text which should wrap table text which should wrap table text which should wrap table text which should wrap table text"
                        text run at (1,181) width 735: "which should wrap table text which should wrap table text which should wrap table text which should wraptable text which"
                        text run at (1,201) width 743: "should wrap table text which should wrap table text which should wrap table text which should wrap table text which should"
                        text run at (1,221) width 735: "wrap table text which should wrap table text which should wrap table text which should wrap table text which should wrap"
                        text run at (1,241) width 759: "table text which should wrap table text which should wrap table text which should wrap table text which should wrap table text"
                        text run at (1,261) width 739: "which should wrap table text which should wrap table text which should wrap table text which should wrap table text which"
                        text run at (1,281) width 602: "should wrap table text which should wrap table text which should wrap table text which should wrap"
