layer at (0,0) size 800x600
  RenderView at (0,0) size 800x600
layer at (0,0) size 800x600
  RenderBlock {HTML} at (0,0) size 800x600
    RenderBody {BODY} at (8,8) size 784x584
      RenderBlock (anonymous) at (0,0) size 784x20
        RenderText {#text} at (0,0) size 4x19
          text run at (0,0) width 4: " "
      RenderTable {TABLE} at (0,20) size 392x66 [border: (1px outset #808080)]
        RenderTableSection {TBODY} at (1,1) size 390x64
          RenderTableRow {TR} at (0,2) size 390x60
            RenderTableCell {TD} at (2,2) size 271x60 [border: (1px inset #808080)] [r=0 c=0 rs=1 cs=1]
              RenderTable {TABLE} at (2,2) size 72x56 [border: (1px outset #808080)]
                RenderTableSection {TBODY} at (1,1) size 70x54
                  RenderTableRow {TR} at (0,2) size 70x24
                    RenderTableCell {TD} at (2,2) size 32x24 [border: (1px inset #808080)] [r=0 c=0 rs=1 cs=1]
                      RenderText {#text} at (2,2) size 28x19
                        text run at (2,2) width 28: "hello"
                    RenderTableCell {TD} at (36,2) size 32x24 [border: (1px inset #808080)] [r=0 c=1 rs=1 cs=1]
                      RenderText {#text} at (2,2) size 28x19
                        text run at (2,2) width 28: "hello"
                  RenderTableRow {TR} at (0,28) size 70x24
                    RenderTableCell {TD} at (2,28) size 32x24 [border: (1px inset #808080)] [r=1 c=0 rs=1 cs=1]
                      RenderText {#text} at (2,2) size 28x19
                        text run at (2,2) width 28: "hello"
                    RenderTableCell {TD} at (36,28) size 32x24 [border: (1px inset #808080)] [r=1 c=1 rs=1 cs=1]
                      RenderText {#text} at (2,2) size 28x19
                        text run at (2,2) width 28: "hello"
            RenderTableCell {TD} at (274,20) size 115x24 [border: (1px inset #808080)] [r=0 c=1 rs=1 cs=1]
              RenderText {#text} at (2,2) size 28x19
                text run at (2,2) width 28: "hello"
