layer at (0,0) size 800x600
  RenderView at (0,0) size 800x600
layer at (0,0) size 800x600
  RenderBlock {HTML} at (0,0) size 800x600
    RenderBody {BODY} at (8,8) size 784x584
      RenderBlock {P} at (0,0) size 784x20
        RenderText {#text} at (0,0) size 130x19
          text run at (0,0) width 130: "A paragraph of text"
      RenderTable {TABLE} at (0,36) size 264x368 [border: (1px outset #808080)]
        RenderTableSection {THEAD} at (1,1) size 262x28
          RenderTableRow {TR} at (0,2) size 262x24
            RenderTableCell {TH} at (2,2) size 63x24 [border: (1px inset #808080)] [r=0 c=0 rs=1 cs=1]
              RenderText {#text} at (2,2) size 59x19
                text run at (2,2) width 59: "column 1"
            RenderTableCell {TH} at (67,2) size 63x24 [border: (1px inset #808080)] [r=0 c=1 rs=1 cs=1]
              RenderText {#text} at (2,2) size 59x19
                text run at (2,2) width 59: "column 2"
            RenderTableCell {TH} at (132,2) size 63x24 [border: (1px inset #808080)] [r=0 c=2 rs=1 cs=1]
              RenderText {#text} at (2,2) size 59x19
                text run at (2,2) width 59: "column 3"
            RenderTableCell {TH} at (197,2) size 63x24 [border: (1px inset #808080)] [r=0 c=3 rs=1 cs=1]
              RenderText {#text} at (2,2) size 59x19
                text run at (2,2) width 59: "column 4"
        RenderTableSection {TBODY} at (1,29) size 262x338
          RenderTableRow {TR} at (0,0) size 262x24
            RenderTableCell {TD} at (2,0) size 63x24 [border: (1px inset #808080)] [r=0 c=0 rs=1 cs=1]
              RenderText {#text} at (2,2) size 22x19
                text run at (2,2) width 22: "one"
            RenderTableCell {TD} at (67,0) size 63x24 [border: (1px inset #808080)] [r=0 c=1 rs=1 cs=1]
              RenderText {#text} at (2,2) size 23x19
                text run at (2,2) width 23: "two"
            RenderTableCell {TD} at (132,0) size 63x24 [border: (1px inset #808080)] [r=0 c=2 rs=1 cs=1]
              RenderText {#text} at (2,2) size 30x19
                text run at (2,2) width 30: "three"
            RenderTableCell {TD} at (197,0) size 63x24 [border: (1px inset #808080)] [r=0 c=3 rs=1 cs=1]
              RenderText {#text} at (2,2) size 24x19
                text run at (2,2) width 24: "four"
          RenderTableRow {TR} at (0,26) size 262x24
            RenderTableCell {TD} at (2,26) size 63x24 [border: (1px inset #808080)] [r=1 c=0 rs=1 cs=1]
              RenderText {#text} at (2,2) size 22x19
                text run at (2,2) width 22: "one"
            RenderTableCell {TD} at (67,26) size 63x24 [border: (1px inset #808080)] [r=1 c=1 rs=1 cs=1]
              RenderText {#text} at (2,2) size 23x19
                text run at (2,2) width 23: "two"
            RenderTableCell {TD} at (132,26) size 63x24 [border: (1px inset #808080)] [r=1 c=2 rs=1 cs=1]
              RenderText {#text} at (2,2) size 30x19
                text run at (2,2) width 30: "three"
            RenderTableCell {TD} at (197,26) size 63x24 [border: (1px inset #808080)] [r=1 c=3 rs=1 cs=1]
              RenderText {#text} at (2,2) size 24x19
                text run at (2,2) width 24: "four"
          RenderTableRow {TR} at (0,52) size 262x24
            RenderTableCell {TD} at (2,52) size 63x24 [border: (1px inset #808080)] [r=2 c=0 rs=1 cs=1]
              RenderText {#text} at (2,2) size 22x19
                text run at (2,2) width 22: "one"
            RenderTableCell {TD} at (67,52) size 63x24 [border: (1px inset #808080)] [r=2 c=1 rs=1 cs=1]
              RenderText {#text} at (2,2) size 23x19
                text run at (2,2) width 23: "two"
            RenderTableCell {TD} at (132,52) size 63x24 [border: (1px inset #808080)] [r=2 c=2 rs=1 cs=1]
              RenderText {#text} at (2,2) size 30x19
                text run at (2,2) width 30: "three"
            RenderTableCell {TD} at (197,52) size 63x24 [border: (1px inset #808080)] [r=2 c=3 rs=1 cs=1]
              RenderText {#text} at (2,2) size 24x19
                text run at (2,2) width 24: "four"
          RenderTableRow {TR} at (0,78) size 262x24
            RenderTableCell {TD} at (2,78) size 63x24 [border: (1px inset #808080)] [r=3 c=0 rs=1 cs=1]
              RenderText {#text} at (2,2) size 22x19
                text run at (2,2) width 22: "one"
            RenderTableCell {TD} at (67,78) size 63x24 [border: (1px inset #808080)] [r=3 c=1 rs=1 cs=1]
              RenderText {#text} at (2,2) size 23x19
                text run at (2,2) width 23: "two"
            RenderTableCell {TD} at (132,78) size 63x24 [border: (1px inset #808080)] [r=3 c=2 rs=1 cs=1]
              RenderText {#text} at (2,2) size 30x19
                text run at (2,2) width 30: "three"
            RenderTableCell {TD} at (197,78) size 63x24 [border: (1px inset #808080)] [r=3 c=3 rs=1 cs=1]
              RenderText {#text} at (2,2) size 24x19
                text run at (2,2) width 24: "four"
          RenderTableRow {TR} at (0,104) size 262x24
            RenderTableCell {TD} at (2,104) size 63x24 [border: (1px inset #808080)] [r=4 c=0 rs=1 cs=1]
              RenderText {#text} at (2,2) size 22x19
                text run at (2,2) width 22: "one"
            RenderTableCell {TD} at (67,104) size 63x24 [border: (1px inset #808080)] [r=4 c=1 rs=1 cs=1]
              RenderText {#text} at (2,2) size 23x19
                text run at (2,2) width 23: "two"
            RenderTableCell {TD} at (132,104) size 63x24 [border: (1px inset #808080)] [r=4 c=2 rs=1 cs=1]
              RenderText {#text} at (2,2) size 30x19
                text run at (2,2) width 30: "three"
            RenderTableCell {TD} at (197,104) size 63x24 [border: (1px inset #808080)] [r=4 c=3 rs=1 cs=1]
              RenderText {#text} at (2,2) size 24x19
                text run at (2,2) width 24: "four"
          RenderTableRow {TR} at (0,130) size 262x24
            RenderTableCell {TD} at (2,130) size 63x24 [border: (1px inset #808080)] [r=5 c=0 rs=1 cs=1]
              RenderText {#text} at (2,2) size 22x19
                text run at (2,2) width 22: "one"
            RenderTableCell {TD} at (67,130) size 63x24 [border: (1px inset #808080)] [r=5 c=1 rs=1 cs=1]
              RenderText {#text} at (2,2) size 23x19
                text run at (2,2) width 23: "two"
            RenderTableCell {TD} at (132,130) size 63x24 [border: (1px inset #808080)] [r=5 c=2 rs=1 cs=1]
              RenderText {#text} at (2,2) size 30x19
                text run at (2,2) width 30: "three"
            RenderTableCell {TD} at (197,130) size 63x24 [border: (1px inset #808080)] [r=5 c=3 rs=1 cs=1]
              RenderText {#text} at (2,2) size 24x19
                text run at (2,2) width 24: "four"
          RenderTableRow {TR} at (0,156) size 262x24
            RenderTableCell {TD} at (2,156) size 63x24 [border: (1px inset #808080)] [r=6 c=0 rs=1 cs=1]
              RenderText {#text} at (2,2) size 22x19
                text run at (2,2) width 22: "one"
            RenderTableCell {TD} at (67,156) size 63x24 [border: (1px inset #808080)] [r=6 c=1 rs=1 cs=1]
              RenderText {#text} at (2,2) size 23x19
                text run at (2,2) width 23: "two"
            RenderTableCell {TD} at (132,156) size 63x24 [border: (1px inset #808080)] [r=6 c=2 rs=1 cs=1]
              RenderText {#text} at (2,2) size 30x19
                text run at (2,2) width 30: "three"
            RenderTableCell {TD} at (197,156) size 63x24 [border: (1px inset #808080)] [r=6 c=3 rs=1 cs=1]
              RenderText {#text} at (2,2) size 24x19
                text run at (2,2) width 24: "four"
          RenderTableRow {TR} at (0,182) size 262x24
            RenderTableCell {TD} at (2,182) size 63x24 [border: (1px inset #808080)] [r=7 c=0 rs=1 cs=1]
              RenderText {#text} at (2,2) size 22x19
                text run at (2,2) width 22: "one"
            RenderTableCell {TD} at (67,182) size 63x24 [border: (1px inset #808080)] [r=7 c=1 rs=1 cs=1]
              RenderText {#text} at (2,2) size 23x19
                text run at (2,2) width 23: "two"
            RenderTableCell {TD} at (132,182) size 63x24 [border: (1px inset #808080)] [r=7 c=2 rs=1 cs=1]
              RenderText {#text} at (2,2) size 30x19
                text run at (2,2) width 30: "three"
            RenderTableCell {TD} at (197,182) size 63x24 [border: (1px inset #808080)] [r=7 c=3 rs=1 cs=1]
              RenderText {#text} at (2,2) size 24x19
                text run at (2,2) width 24: "four"
          RenderTableRow {TR} at (0,208) size 262x24
            RenderTableCell {TD} at (2,208) size 63x24 [border: (1px inset #808080)] [r=8 c=0 rs=1 cs=1]
              RenderText {#text} at (2,2) size 22x19
                text run at (2,2) width 22: "one"
            RenderTableCell {TD} at (67,208) size 63x24 [border: (1px inset #808080)] [r=8 c=1 rs=1 cs=1]
              RenderText {#text} at (2,2) size 23x19
                text run at (2,2) width 23: "two"
            RenderTableCell {TD} at (132,208) size 63x24 [border: (1px inset #808080)] [r=8 c=2 rs=1 cs=1]
              RenderText {#text} at (2,2) size 30x19
                text run at (2,2) width 30: "three"
            RenderTableCell {TD} at (197,208) size 63x24 [border: (1px inset #808080)] [r=8 c=3 rs=1 cs=1]
              RenderText {#text} at (2,2) size 24x19
                text run at (2,2) width 24: "four"
          RenderTableRow {TR} at (0,234) size 262x24
            RenderTableCell {TD} at (2,234) size 63x24 [border: (1px inset #808080)] [r=9 c=0 rs=1 cs=1]
              RenderText {#text} at (2,2) size 22x19
                text run at (2,2) width 22: "one"
            RenderTableCell {TD} at (67,234) size 63x24 [border: (1px inset #808080)] [r=9 c=1 rs=1 cs=1]
              RenderText {#text} at (2,2) size 23x19
                text run at (2,2) width 23: "two"
            RenderTableCell {TD} at (132,234) size 63x24 [border: (1px inset #808080)] [r=9 c=2 rs=1 cs=1]
              RenderText {#text} at (2,2) size 30x19
                text run at (2,2) width 30: "three"
            RenderTableCell {TD} at (197,234) size 63x24 [border: (1px inset #808080)] [r=9 c=3 rs=1 cs=1]
              RenderText {#text} at (2,2) size 24x19
                text run at (2,2) width 24: "four"
          RenderTableRow {TR} at (0,260) size 262x24
            RenderTableCell {TD} at (2,260) size 63x24 [border: (1px inset #808080)] [r=10 c=0 rs=1 cs=1]
              RenderText {#text} at (2,2) size 22x19
                text run at (2,2) width 22: "one"
            RenderTableCell {TD} at (67,260) size 63x24 [border: (1px inset #808080)] [r=10 c=1 rs=1 cs=1]
              RenderText {#text} at (2,2) size 23x19
                text run at (2,2) width 23: "two"
            RenderTableCell {TD} at (132,260) size 63x24 [border: (1px inset #808080)] [r=10 c=2 rs=1 cs=1]
              RenderText {#text} at (2,2) size 30x19
                text run at (2,2) width 30: "three"
            RenderTableCell {TD} at (197,260) size 63x24 [border: (1px inset #808080)] [r=10 c=3 rs=1 cs=1]
              RenderText {#text} at (2,2) size 24x19
                text run at (2,2) width 24: "four"
          RenderTableRow {TR} at (0,286) size 262x24
            RenderTableCell {TD} at (2,286) size 63x24 [border: (1px inset #808080)] [r=11 c=0 rs=1 cs=1]
              RenderText {#text} at (2,2) size 22x19
                text run at (2,2) width 22: "one"
            RenderTableCell {TD} at (67,286) size 63x24 [border: (1px inset #808080)] [r=11 c=1 rs=1 cs=1]
              RenderText {#text} at (2,2) size 23x19
                text run at (2,2) width 23: "two"
            RenderTableCell {TD} at (132,286) size 63x24 [border: (1px inset #808080)] [r=11 c=2 rs=1 cs=1]
              RenderText {#text} at (2,2) size 30x19
                text run at (2,2) width 30: "three"
            RenderTableCell {TD} at (197,286) size 63x24 [border: (1px inset #808080)] [r=11 c=3 rs=1 cs=1]
              RenderText {#text} at (2,2) size 24x19
                text run at (2,2) width 24: "four"
          RenderTableRow {TR} at (0,312) size 262x24
            RenderTableCell {TD} at (2,312) size 63x24 [border: (1px inset #808080)] [r=12 c=0 rs=1 cs=1]
              RenderText {#text} at (2,2) size 22x19
                text run at (2,2) width 22: "one"
            RenderTableCell {TD} at (67,312) size 63x24 [border: (1px inset #808080)] [r=12 c=1 rs=1 cs=1]
              RenderText {#text} at (2,2) size 23x19
                text run at (2,2) width 23: "two"
            RenderTableCell {TD} at (132,312) size 63x24 [border: (1px inset #808080)] [r=12 c=2 rs=1 cs=1]
              RenderText {#text} at (2,2) size 30x19
                text run at (2,2) width 30: "three"
            RenderTableCell {TD} at (197,312) size 63x24 [border: (1px inset #808080)] [r=12 c=3 rs=1 cs=1]
              RenderText {#text} at (2,2) size 24x19
                text run at (2,2) width 24: "four"
