layer at (0,0) size 800x600
  RenderView at (0,0) size 800x600
layer at (0,0) size 800x600
  RenderBlock {HTML} at (0,0) size 800x600
    RenderBody {BODY} at (8,8) size 784x584
      RenderTable {TABLE} at (0,0) size 259x240 [border: (1px outset #808080)]
        RenderTableSection {TBODY} at (1,1) size 257x238
          RenderTableRow {TR} at (0,2) size 257x22
            RenderTableCell {TD} at (2,11) size 42x4 [border: (1px inset #808080)] [r=0 c=0 rs=1 cs=1]
            RenderTableCell {TD} at (45,2) size 77x22 [border: (1px inset #808080)] [r=0 c=1 rs=1 cs=1]
              RenderText {#text} at (2,2) size 31x18
                text run at (2,2) width 31: "col 1"
            RenderTableCell {TD} at (123,2) size 55x22 [border: (1px inset #808080)] [r=0 c=2 rs=1 cs=1]
              RenderText {#text} at (2,2) size 31x18
                text run at (2,2) width 31: "col 2"
            RenderTableCell {TD} at (179,2) size 77x22 [border: (1px inset #808080)] [r=0 c=3 rs=1 cs=1]
              RenderText {#text} at (2,2) size 31x18
                text run at (2,2) width 31: "col 3"
          RenderTableRow {TR} at (0,26) size 257x22
            RenderTableCell {TD} at (2,26) size 42x22 [border: (1px inset #808080)] [r=1 c=0 rs=1 cs=1]
              RenderText {#text} at (2,2) size 37x18
                text run at (2,2) width 37: "row 1"
            RenderTableCell {TD} at (45,26) size 211x210 [border: (1px inset #808080)] [r=1 c=1 rs=3 cs=3]
              RenderBlock (floating) {DIV} at (2,2) size 206x206 [border: (3px solid #FF0000)]
                RenderText {#text} at (84,3) size 38x18
                  text run at (84,3) width 38: "tjosan"
          RenderTableRow {TR} at (0,50) size 257x50
            RenderTableCell {TD} at (2,64) size 42x22 [border: (1px inset #808080)] [r=2 c=0 rs=1 cs=1]
              RenderText {#text} at (2,2) size 37x18
                text run at (2,2) width 37: "row 2"
          RenderTableRow {TR} at (0,102) size 257x134
            RenderTableCell {TD} at (2,158) size 42x22 [border: (1px inset #808080)] [r=3 c=0 rs=1 cs=1]
              RenderText {#text} at (2,2) size 37x18
                text run at (2,2) width 37: "row 3"
      RenderBlock (anonymous) at (0,240) size 784x25
        RenderButton {INPUT} at (2,2) size 58x21 [bgcolor=#F0F0F0] [border: (2px outset #F0F0F0)]
          RenderBlock (anonymous) at (8,3) size 42x15
            RenderText at (0,0) size 42x15
              text run at (0,0) width 42: "expand"
        RenderText {#text} at (62,3) size 4x18
          text run at (62,3) width 4: " "
        RenderButton {INPUT} at (68,2) size 47x21 [bgcolor=#F0F0F0] [border: (2px outset #F0F0F0)]
          RenderBlock (anonymous) at (8,3) size 31x15
            RenderText at (0,0) size 31x15
              text run at (0,0) width 31: "sizes"
        RenderText {#text} at (0,0) size 0x0
