layer at (0,0) size 800x600
  RenderView at (0,0) size 800x600
layer at (0,0) size 800x96
  RenderBlock {HTML} at (0,0) size 800x96
    RenderBody {BODY} at (8,8) size 784x80
      RenderTable {TABLE} at (0,0) size 400x80 [border: (1px outset #808080)]
        RenderTableSection {TBODY} at (1,1) size 398x78
          RenderTableRow {TR} at (0,0) size 398x78
            RenderTableCell {TD} at (0,0) size 302x78 [border: (1px inset #808080)] [r=0 c=0 rs=1 cs=2]
              RenderTable {TABLE} at (1,1) size 300x76 [border: (1px outset #808080)]
                RenderTableSection {TBODY} at (1,1) size 298x74
                  RenderTableRow {TR} at (0,0) size 298x74
                    RenderTableCell {TD} at (0,0) size 298x74 [border: (1px inset #808080)] [r=0 c=0 rs=1 cs=1]
                      RenderText {#text} at (1,1) size 295x72
                        text run at (1,1) width 281: "Presidential candidates George W. Bush and"
                        text run at (1,19) width 295: "Al Gore are expected to show a kinder, gentler"
                        text run at (1,37) width 242: "side Wednesday in the second of three"
                        text run at (1,55) width 180: "nationally televised debates. "
                      RenderBR {BR} at (181,69) size 0x0
            RenderTableCell {TD} at (302,2) size 96x74 [border: (1px inset #808080)] [r=0 c=2 rs=1 cs=1]
              RenderBlock (anonymous) at (1,1) size 94x72
                RenderInline {FONT} at (0,0) size 83x72 [color=#CC3333]
                  RenderText {#text} at (0,0) size 83x72
                    text run at (0,0) width 71: "Avon.com:"
                    text run at (0,18) width 78: "Fall makeup"
                    text run at (0,36) width 83: "sale. Save up"
                    text run at (0,54) width 49: "to 47%."
              RenderBlock (anonymous) at (1,73) size 94x0 [color=#CC3333]
                RenderBlock {FORM} at (0,0) size 94x0
              RenderBlock (anonymous) at (1,73) size 94x0
                RenderInline {FONT} at (0,0) size 0x0 [color=#CC3333]
