layer at (0,0) size 800x600
  RenderView at (0,0) size 800x600
layer at (0,0) size 800x600
  RenderBlock {HTML} at (0,0) size 800x600
    RenderBody {BODY} at (8,8) size 784x584
      RenderTable {TABLE} at (0,0) size 147x30 [border: (1px outset #808080)]
        RenderTableSection {TBODY} at (1,1) size 145x28
          RenderTableRow {TR} at (0,2) size 145x24
            RenderTableCell {TD} at (2,2) size 141x24 [border: (1px inset #808080)] [r=0 c=0 rs=1 cs=4]
              RenderImage {IMG} at (121,2) size 18x15
              RenderImage {IMG} at (90,2) size 28x15
              RenderImage {IMG} at (69,2) size 18x15
              RenderInline {B} at (0,0) size 64x19
                RenderInline {B} at (0,0) size 64x19
                  RenderText {#text} at (2,2) size 64x19
                    text run at (2,2) width 64: "Portfolios"
              RenderText {#text} at (0,0) size 0x0
      RenderBlock (anonymous) at (0,30) size 784x20
        RenderBR {BR} at (0,0) size 0x19
      RenderTable {TABLE} at (0,50) size 784x32 [bgcolor=#EEEEEE] [border: (1px outset #808080)]
        RenderTableSection {TBODY} at (1,1) size 782x30
          RenderTableRow {TR} at (0,0) size 782x30 [bgcolor=#CCCCFF]
            RenderTableCell {TD} at (0,0) size 782x30 [border: (1px inset #808080)] [r=0 c=0 rs=1 cs=1]
              RenderInline {A} at (0,0) size 0x0 [color=#0000EE]
                RenderText {#text} at (0,0) size 0x0
                RenderImage {IMG} at (759,5) size 18x15
              RenderText {#text} at (0,0) size 0x0
              RenderInline {A} at (0,0) size 0x0 [color=#0000EE]
                RenderText {#text} at (0,0) size 0x0
                RenderImage {IMG} at (728,5) size 28x15
              RenderText {#text} at (5,5) size 61x19
                text run at (5,5) width 61: "Some text"
