layer at (0,0) size 800x600
  RenderView at (0,0) size 800x600
layer at (0,0) size 800x600
  RenderBlock {HTML} at (0,0) size 800x600
    RenderBody {BODY} at (8,8) size 784x584
      RenderTable {TABLE} at (0,0) size 293x24
        RenderTableSection {TBODY} at (0,0) size 293x24
          RenderTableRow {TR} at (0,2) size 293x20
            RenderTableCell {TD} at (2,2) size 2x20 [bgcolor=#000000] [r=0 c=0 rs=1 cs=15]
              RenderBR {BR} at (1,1) size 0x18
            RenderTableCell {TD} at (6,2) size 281x17 [bgcolor=#000000] [r=0 c=15 rs=1 cs=1]
              RenderInline {FONT} at (0,0) size 279x15 [color=#AAAAAA]
                RenderText {#text} at (1,1) size 279x15
                  text run at (1,1) width 279: "Copyright \x{A9} 1998-1999 The Mozilla Organization."
              RenderText {#text} at (0,0) size 0x0
            RenderTableCell {TD} at (289,2) size 2x20 [bgcolor=#000000] [r=0 c=16 rs=1 cs=15]
              RenderBR {BR} at (1,1) size 0x18
