layer at (0,0) size 785x4686
  RenderView at (0,0) size 785x600
layer at (0,0) size 785x4686
  RenderBlock {HTML} at (0,0) size 785x4686
    RenderBody {BODY} at (8,8) size 769x4670
      RenderBlock {DIV} at (0,0) size 769x4654
        RenderBlock (anonymous) at (0,0) size 769x20
          RenderText {#text} at (0,0) size 4x19
            text run at (0,0) width 4: " "
        RenderTable {TABLE} at (67,20) size 474x4586 [border: none]
          RenderTableSection {TBODY} at (0,0) size 472x4585
            RenderTableRow {TR} at (0,0) size 472x22
              RenderTableCell {TD} at (0,0) size 473x22 [border: (1px solid #000000)] [r=0 c=0 rs=1 cs=4]
                RenderBlock {P} at (8,1) size 457x0
                  RenderInline {B} at (0,0) size 0x0
                    RenderInline {SPAN} at (0,0) size 0x0
                      RenderInline {O:P} at (0,0) size 0x0
                RenderBlock {P} at (8,1) size 457x21
                  RenderInline {B} at (0,0) size 406x15
                    RenderInline {SPAN} at (0,0) size 406x15
                      RenderInline {FONT} at (0,0) size 406x20 [color=#008080]
                        RenderText {#text} at (25,0) size 406x20
                          text run at (25,0) width 191: "Radio Channel usage at "
                          text run at (215,0) width 216: "Bayside.    Rev date 6-25-01"
                RenderBlock {P} at (8,22) size 457x0
                  RenderInline {B} at (0,0) size 0x0
                    RenderInline {SPAN} at (0,0) size 0x0
                      RenderInline {O:P} at (0,0) size 0x0
            RenderTableRow {TR} at (0,22) size 472x37
              RenderTableCell {TD} at (0,22) size 99x37 [border: (1px solid #000000)] [r=1 c=0 rs=1 cs=1]
                RenderInline {B} at (0,0) size 55x37
                  RenderInline {SPAN} at (0,0) size 55x35
                    RenderText {#text} at (22,1) size 55x35
                      text run at (22,1) width 55: "Channel"
                      text run at (24,19) width 51: "number"
                RenderText {#text} at (0,0) size 0x0
              RenderTableCell {TD} at (98,22) size 170x19 [border: (1px solid #000000) (1px none #808080)] [r=1 c=1 rs=1 cs=1]
                RenderInline {B} at (0,0) size 97x19
                  RenderInline {SPAN} at (0,0) size 97x17
                    RenderText {#text} at (37,1) size 97x17
                      text run at (37,1) width 97: "Member name"
                RenderText {#text} at (0,0) size 0x0
              RenderTableCell {TD} at (267,22) size 100x37 [border: (1px solid #000000) (1px none #808080)] [r=1 c=2 rs=1 cs=1]
                RenderBlock {P} at (8,1) size 84x18
                  RenderInline {B} at (0,0) size 46x15
                    RenderInline {SPAN} at (0,0) size 46x17
                      RenderText {#text} at (19,0) size 46x17
                        text run at (19,0) width 46: "Proper"
                      RenderInline {SPAN} at (0,0) size 1x17
                        RenderInline {O:P} at (0,0) size 1x17
                RenderBlock {P} at (8,19) size 84x18
                  RenderInline {B} at (0,0) size 37x15
                    RenderInline {SPAN} at (0,0) size 37x17
                      RenderText {#text} at (23,0) size 37x17
                        text run at (23,0) width 37: "Plane"
              RenderTableCell {TD} at (366,22) size 107x37 [border: (1px solid #000000) (1px none #808080)] [r=1 c=3 rs=1 cs=1]
                RenderBlock {P} at (8,1) size 90x18
                  RenderInline {B} at (0,0) size 71x15
                    RenderInline {SPAN} at (0,0) size 71x17
                      RenderText {#text} at (9,0) size 71x17
                        text run at (9,0) width 71: "Helicopter"
                      RenderInline {SPAN} at (0,0) size 1x17
                        RenderInline {O:P} at (0,0) size 1x17
                RenderBlock {P} at (8,19) size 90x18
                  RenderInline {B} at (0,0) size 50x15
                    RenderInline {SPAN} at (0,0) size 50x17
                      RenderText {#text} at (20,0) size 50x17
                        text run at (20,0) width 50: "thingy.-"
            RenderTableRow {TR} at (0,59) size 472x33
              RenderTableCell {TD} at (0,59) size 99x17 [border: (1px none #808080) none] [r=2 c=0 rs=1 cs=1]
                RenderBlock {P} at (8,1) size 84x16
                  RenderText {#text} at (35,0) size 13x15
                    text run at (35,0) width 13: "00"
                  RenderInline {SPAN} at (0,0) size 1x15
                    RenderInline {O:P} at (0,0) size 1x15
              RenderTableCell {TD} at (98,59) size 170x33 [border: (1px none #808080) none (1px none #808080)] [r=2 c=1 rs=1 cs=1]
                RenderBlock {P} at (8,1) size 155x16
                  RenderText {#text} at (0,0) size 54x15
                    text run at (0,0) width 54: "Paul Scott"
                RenderBlock {P} at (8,17) size 155x16
                  RenderText {#text} at (0,0) size 90x15
                    text run at (0,0) width 90: "Donald Carvalho"
                  RenderInline {SPAN} at (0,0) size 0x15
                    RenderInline {O:P} at (0,0) size 0x15
              RenderTableCell {TD} at (267,59) size 100x17 [border: (1px none #808080) none (1px none #808080)] [r=2 c=2 rs=1 cs=1]
                RenderBlock {P} at (8,1) size 84x16
                  RenderText {#text} at (33,0) size 17x15
                    text run at (33,0) width 17: "No"
                  RenderInline {SPAN} at (0,0) size 1x15
                    RenderInline {O:P} at (0,0) size 1x15
              RenderTableCell {TD} at (366,59) size 107x17 [border: (1px none #808080) none (1px none #808080)] [r=2 c=3 rs=1 cs=1]
                RenderBlock {P} at (8,1) size 90x16
                  RenderText {#text} at (34,0) size 21x15
                    text run at (34,0) width 21: "Yes"
                  RenderInline {SPAN} at (0,0) size 1x15
                    RenderInline {O:P} at (0,0) size 1x15
            RenderTableRow {TR} at (0,92) size 472x17
              RenderTableCell {TD} at (0,92) size 99x17 [border: (1px none #808080) none] [r=3 c=0 rs=1 cs=1]
                RenderBlock {P} at (8,1) size 84x16
                  RenderText {#text} at (35,0) size 13x15
                    text run at (35,0) width 13: "01"
                  RenderInline {SPAN} at (0,0) size 1x15
                    RenderInline {O:P} at (0,0) size 1x15
              RenderTableCell {TD} at (98,92) size 170x17 [border: (1px none #808080) none (1px none #808080)] [r=3 c=1 rs=1 cs=1]
                RenderBlock {P} at (8,1) size 155x16
                  RenderText {#text} at (0,0) size 54x15
                    text run at (0,0) width 54: "Paul Scott"
                  RenderInline {SPAN} at (0,0) size 0x15
                    RenderInline {O:P} at (0,0) size 0x15
              RenderTableCell {TD} at (267,92) size 100x17 [border: (1px none #808080) none (1px none #808080)] [r=3 c=2 rs=1 cs=1]
                RenderBlock {P} at (8,1) size 84x16
                  RenderText {#text} at (33,0) size 17x15
                    text run at (33,0) width 17: "No"
                  RenderInline {SPAN} at (0,0) size 1x15
                    RenderInline {O:P} at (0,0) size 1x15
              RenderTableCell {TD} at (366,92) size 107x17 [border: (1px none #808080) none (1px none #808080)] [r=3 c=3 rs=1 cs=1]
                RenderBlock {P} at (8,1) size 90x16
                  RenderText {#text} at (34,0) size 21x15
                    text run at (34,0) width 21: "Yes"
                  RenderInline {SPAN} at (0,0) size 1x15
                    RenderInline {O:P} at (0,0) size 1x15
            RenderTableRow {TR} at (0,109) size 472x21
              RenderTableCell {TD} at (0,109) size 99x17 [border: (1px none #808080) none] [r=4 c=0 rs=1 cs=1]
                RenderBlock {P} at (8,1) size 84x16
                  RenderInline {FONT} at (0,0) size 13x15
                    RenderText {#text} at (35,0) size 13x15
                      text run at (35,0) width 13: "02"
                  RenderText {#text} at (0,0) size 0x0
              RenderTableCell {TD} at (98,109) size 170x17 [border: (1px none #808080) none (1px none #808080)] [r=4 c=1 rs=1 cs=1]
                RenderInline {FONT} at (0,0) size 56x15
                  RenderText {#text} at (8,1) size 56x15
                    text run at (8,1) width 56: "Don Coon"
                RenderText {#text} at (0,0) size 0x0
              RenderTableCell {TD} at (267,109) size 100x21 [border: (1px none #808080) none (1px none #808080)] [r=4 c=2 rs=1 cs=1]
                RenderText {#text} at (8,1) size 5x19
                  text run at (8,1) width 5: " "
              RenderTableCell {TD} at (366,109) size 107x21 [border: (1px none #808080) none (1px none #808080)] [r=4 c=3 rs=1 cs=1]
                RenderText {#text} at (8,1) size 5x19
                  text run at (8,1) width 5: " "
            RenderTableRow {TR} at (0,130) size 472x33
              RenderTableCell {TD} at (0,130) size 99x17 [border: (1px none #808080) none] [r=5 c=0 rs=1 cs=1]
                RenderInline {FONT} at (0,0) size 13x15
                  RenderText {#text} at (43,1) size 13x15
                    text run at (43,1) width 13: "05"
                RenderText {#text} at (0,0) size 0x0
              RenderTableCell {TD} at (98,130) size 170x33 [border: (1px none #808080) none (1px none #808080)] [r=5 c=1 rs=1 cs=1]
                RenderBlock {P} at (8,1) size 155x16
                  RenderInline {FONT} at (0,0) size 54x15
                    RenderText {#text} at (0,0) size 54x15
                      text run at (0,0) width 54: "Paul Scott"
                RenderBlock {P} at (8,17) size 155x16
                  RenderInline {FONT} at (0,0) size 47x15
                    RenderText {#text} at (0,0) size 47x15
                      text run at (0,0) width 47: "Bill Hunt"
                    RenderInline {SPAN} at (0,0) size 0x15
                      RenderInline {O:P} at (0,0) size 0x15
              RenderTableCell {TD} at (267,130) size 100x17 [border: (1px none #808080) none (1px none #808080)] [r=5 c=2 rs=1 cs=1]
                RenderBlock {P} at (8,1) size 84x16
                  RenderInline {FONT} at (0,0) size 17x15
                    RenderText {#text} at (33,0) size 17x15
                      text run at (33,0) width 17: "No"
                    RenderInline {SPAN} at (0,0) size 1x15
                      RenderInline {O:P} at (0,0) size 1x15
              RenderTableCell {TD} at (366,130) size 107x17 [border: (1px none #808080) none (1px none #808080)] [r=5 c=3 rs=1 cs=1]
                RenderBlock {P} at (8,1) size 90x16
                  RenderInline {FONT} at (0,0) size 21x15
                    RenderText {#text} at (34,0) size 21x15
                      text run at (34,0) width 21: "Yes"
                    RenderInline {SPAN} at (0,0) size 1x15
                      RenderInline {O:P} at (0,0) size 1x15
            RenderTableRow {TR} at (0,163) size 472x33
              RenderTableCell {TD} at (0,163) size 99x17 [border: (1px none #808080) none] [r=6 c=0 rs=1 cs=1]
                RenderInline {FONT} at (0,0) size 13x15
                  RenderText {#text} at (43,1) size 13x15
                    text run at (43,1) width 13: "06"
                RenderText {#text} at (0,0) size 0x0
              RenderTableCell {TD} at (98,163) size 170x33 [border: (1px none #808080) none (1px none #808080)] [r=6 c=1 rs=1 cs=1]
                RenderInline {FONT} at (0,0) size 129x31
                  RenderText {#text} at (8,1) size 129x31
                    text run at (8,1) width 129: "Gene Pheiffer                   "
                    text run at (8,17) width 82: "Alberto Lanzas"
                RenderText {#text} at (0,0) size 0x0
              RenderTableCell {TD} at (267,163) size 100x33 [border: (1px none #808080) none (1px none #808080)] [r=6 c=2 rs=1 cs=1]
                RenderBlock {P} at (8,1) size 84x16
                  RenderText {#text} at (31,0) size 21x15
                    text run at (31,0) width 21: "Yes"
                RenderBlock {P} at (8,17) size 84x16
                  RenderText {#text} at (31,0) size 21x15
                    text run at (31,0) width 21: "Yes"
              RenderTableCell {TD} at (366,163) size 107x33 [border: (1px none #808080) none (1px none #808080)] [r=6 c=3 rs=1 cs=1]
                RenderBlock (anonymous) at (8,1) size 90x16
                  RenderInline {SPAN} at (0,0) size 17x19
                    RenderInline {FONT} at (0,0) size 17x15
                      RenderText {#text} at (36,0) size 17x15
                        text run at (36,0) width 17: "No"
                  RenderText {#text} at (0,0) size 0x0
                RenderBlock {P} at (8,17) size 90x16
                  RenderText {#text} at (34,0) size 21x15
                    text run at (34,0) width 21: "Yes"
            RenderTableRow {TR} at (0,196) size 472x17
              RenderTableCell {TD} at (0,196) size 99x17 [border: (1px none #808080) none] [r=7 c=0 rs=1 cs=1]
                RenderBlock {P} at (8,1) size 84x16
                  RenderInline {FONT} at (0,0) size 13x15
                    RenderText {#text} at (35,0) size 13x15
                      text run at (35,0) width 13: "07"
                  RenderText {#text} at (0,0) size 0x0
              RenderTableCell {TD} at (98,196) size 170x17 [border: (1px none #808080) none (1px none #808080)] [r=7 c=1 rs=1 cs=1]
                RenderInline {FONT} at (0,0) size 48x15
                  RenderText {#text} at (8,1) size 48x15
                    text run at (8,1) width 48: "Phil Cole"
                RenderText {#text} at (0,0) size 0x0
              RenderTableCell {TD} at (267,196) size 100x17 [border: (1px none #808080) none (1px none #808080)] [r=7 c=2 rs=1 cs=1]
                RenderBlock {P} at (8,1) size 84x16
                  RenderInline {FONT} at (0,0) size 21x15
                    RenderText {#text} at (31,0) size 21x15
                      text run at (31,0) width 21: "Yes"
                  RenderText {#text} at (0,0) size 0x0
              RenderTableCell {TD} at (366,196) size 107x17 [border: (1px none #808080) none (1px none #808080)] [r=7 c=3 rs=1 cs=1]
                RenderBlock {P} at (8,1) size 90x16
                  RenderInline {FONT} at (0,0) size 21x15
                    RenderText {#text} at (34,0) size 21x15
                      text run at (34,0) width 21: "Yes"
                  RenderText {#text} at (0,0) size 0x0
            RenderTableRow {TR} at (0,213) size 472x33
              RenderTableCell {TD} at (0,213) size 99x17 [border: (1px none #808080) none] [r=8 c=0 rs=1 cs=1]
                RenderBlock {P} at (8,1) size 84x16
                  RenderText {#text} at (35,0) size 13x15
                    text run at (35,0) width 13: "08"
                  RenderInline {SPAN} at (0,0) size 1x15
                    RenderInline {O:P} at (0,0) size 1x15
              RenderTableCell {TD} at (98,213) size 170x33 [border: (1px none #808080) none (1px none #808080)] [r=8 c=1 rs=1 cs=1]
                RenderBlock {P} at (8,1) size 155x16
                  RenderText {#text} at (0,0) size 54x15
                    text run at (0,0) width 54: "Paul Scott"
                RenderBlock {P} at (8,17) size 155x16
                  RenderText {#text} at (0,0) size 71x15
                    text run at (0,0) width 71: "Gene Pheiffer"
                  RenderInline {SPAN} at (0,0) size 0x15
                    RenderInline {O:P} at (0,0) size 0x15
              RenderTableCell {TD} at (267,213) size 100x33 [border: (1px none #808080) none (1px none #808080)] [r=8 c=2 rs=1 cs=1]
                RenderBlock {P} at (8,1) size 84x16
                  RenderText {#text} at (33,0) size 17x15
                    text run at (33,0) width 17: "No"
                RenderBlock {P} at (8,17) size 84x16
                  RenderText {#text} at (31,0) size 21x15
                    text run at (31,0) width 21: "Yes"
                  RenderInline {SPAN} at (0,0) size 1x15
                    RenderInline {O:P} at (0,0) size 1x15
              RenderTableCell {TD} at (366,213) size 107x33 [border: (1px none #808080) none (1px none #808080)] [r=8 c=3 rs=1 cs=1]
                RenderBlock {P} at (8,1) size 90x16
                  RenderText {#text} at (34,0) size 21x15
                    text run at (34,0) width 21: "Yes"
                RenderBlock {P} at (8,17) size 90x16
                  RenderText {#text} at (36,0) size 17x15
                    text run at (36,0) width 17: "No"
                  RenderInline {SPAN} at (0,0) size 1x15
                    RenderInline {O:P} at (0,0) size 1x15
            RenderTableRow {TR} at (0,246) size 472x49
              RenderTableCell {TD} at (0,246) size 99x17 [border: (1px none #808080) none] [r=9 c=0 rs=1 cs=1]
                RenderBlock {P} at (8,1) size 84x16
                  RenderText {#text} at (3,0) size 76x15
                    text run at (3,0) width 76: "Programmable"
                  RenderInline {SPAN} at (0,0) size 1x15
                    RenderInline {O:P} at (0,0) size 1x15
              RenderTableCell {TD} at (98,246) size 170x49 [border: (1px none #808080) none (1px none #808080)] [r=9 c=1 rs=1 cs=1]
                RenderBlock {P} at (8,1) size 155x16
                  RenderText {#text} at (0,0) size 103x15
                    text run at (0,0) width 103: "Richard Pevehouse"
                  RenderInline {SPAN} at (0,0) size 0x15
                    RenderInline {O:P} at (0,0) size 0x15
                RenderBlock {P} at (8,17) size 155x16
                  RenderText {#text} at (0,0) size 60x15
                    text run at (0,0) width 60: "Gary Heath"
                RenderBlock {P} at (8,33) size 155x16
                  RenderText {#text} at (0,0) size 63x15
                    text run at (0,0) width 63: "Scott Hersh"
                  RenderInline {SPAN} at (0,0) size 0x15
                    RenderInline {O:P} at (0,0) size 0x15
              RenderTableCell {TD} at (267,246) size 100x33 [border: (1px none #808080) none (1px none #808080)] [r=9 c=2 rs=1 cs=1]
                RenderBlock {P} at (8,1) size 84x16
                  RenderText {#text} at (31,0) size 21x15
                    text run at (31,0) width 21: "Yes"
                  RenderInline {SPAN} at (0,0) size 1x15
                    RenderInline {O:P} at (0,0) size 1x15
                RenderBlock {P} at (8,17) size 84x16
                  RenderText {#text} at (33,0) size 17x15
                    text run at (33,0) width 17: "No"
                  RenderInline {SPAN} at (0,0) size 1x15
                    RenderInline {O:P} at (0,0) size 1x15
              RenderTableCell {TD} at (366,246) size 107x33 [border: (1px none #808080) none (1px none #808080)] [r=9 c=3 rs=1 cs=1]
                RenderBlock {P} at (8,1) size 90x16
                  RenderText {#text} at (36,0) size 17x15
                    text run at (36,0) width 17: "No"
                  RenderInline {SPAN} at (0,0) size 1x15
                    RenderInline {O:P} at (0,0) size 1x15
                RenderBlock {P} at (8,17) size 90x16
                  RenderText {#text} at (34,0) size 21x15
                    text run at (34,0) width 21: "Yes"
                  RenderInline {SPAN} at (0,0) size 1x15
                    RenderInline {O:P} at (0,0) size 1x15
            RenderTableRow {TR} at (0,295) size 472x113
              RenderTableCell {TD} at (0,295) size 99x17 [border: (1px none #808080) none] [r=10 c=0 rs=1 cs=1]
                RenderBlock {P} at (8,1) size 84x16
                  RenderText {#text} at (35,0) size 13x15
                    text run at (35,0) width 13: "11"
                  RenderInline {SPAN} at (0,0) size 1x15
                    RenderInline {O:P} at (0,0) size 1x15
              RenderTableCell {TD} at (98,295) size 170x113 [border: (1px none #808080) none (1px none #808080)] [r=10 c=1 rs=1 cs=1]
                RenderBlock {P} at (8,1) size 155x16
                  RenderText {#text} at (0,0) size 78x15
                    text run at (0,0) width 78: "George Cowan"
                  RenderInline {SPAN} at (0,0) size 0x15
                    RenderInline {O:P} at (0,0) size 0x15
                RenderBlock {P} at (8,17) size 155x16
                  RenderText {#text} at (0,0) size 70x15
                    text run at (0,0) width 70: "Rick Klement"
                  RenderInline {SPAN} at (0,0) size 0x15
                    RenderInline {O:P} at (0,0) size 0x15
                RenderBlock {P} at (8,33) size 155x16
                  RenderText {#text} at (0,0) size 79x15
                    text run at (0,0) width 79: "John Mathews"
                RenderBlock {P} at (8,49) size 155x16
                  RenderText {#text} at (0,0) size 53x15
                    text run at (0,0) width 53: "Ed Cypret"
                RenderBlock {P} at (8,65) size 155x16
                  RenderText {#text} at (0,0) size 81x15
                    text run at (0,0) width 81: "John Chamorro"
                RenderBlock {P} at (8,81) size 155x16
                  RenderText {#text} at (0,0) size 83x15
                    text run at (0,0) width 83: "John Yearwood"
                RenderBlock {P} at (8,97) size 155x16
                  RenderText {#text} at (0,0) size 88x15
                    text run at (0,0) width 88: "Jason Anderson"
                  RenderInline {SPAN} at (0,0) size 0x15
                    RenderInline {O:P} at (0,0) size 0x15
              RenderTableCell {TD} at (267,295) size 100x113 [border: (1px none #808080) none (1px none #808080)] [r=10 c=2 rs=1 cs=1]
                RenderBlock {P} at (8,1) size 84x16
                  RenderText {#text} at (31,0) size 21x15
                    text run at (31,0) width 21: "Yes"
                  RenderInline {SPAN} at (0,0) size 1x15
                    RenderInline {O:P} at (0,0) size 1x15
                RenderBlock {P} at (8,17) size 84x16
                  RenderText {#text} at (31,0) size 21x15
                    text run at (31,0) width 21: "Yes"
                  RenderInline {SPAN} at (0,0) size 1x15
                    RenderInline {O:P} at (0,0) size 1x15
                RenderBlock {P} at (8,33) size 84x16
                  RenderText {#text} at (31,0) size 21x15
                    text run at (31,0) width 21: "Yes"
                RenderBlock {P} at (8,49) size 84x16
                  RenderText {#text} at (40,0) size 4x15
                    text run at (40,0) width 4: " "
                RenderBlock {P} at (8,65) size 84x16
                  RenderText {#text} at (40,0) size 4x15
                    text run at (40,0) width 4: " "
                RenderBlock {P} at (8,81) size 84x16
                  RenderText {#text} at (31,0) size 21x15
                    text run at (31,0) width 21: "Yes"
                RenderBlock {P} at (8,97) size 84x16
                  RenderText {#text} at (31,0) size 21x15
                    text run at (31,0) width 21: "Yes"
                  RenderInline {SPAN} at (0,0) size 1x15
                    RenderInline {O:P} at (0,0) size 1x15
              RenderTableCell {TD} at (366,295) size 107x113 [border: (1px none #808080) none (1px none #808080)] [r=10 c=3 rs=1 cs=1]
                RenderBlock {P} at (8,1) size 90x16
                  RenderText {#text} at (36,0) size 17x15
                    text run at (36,0) width 17: "No"
                  RenderInline {SPAN} at (0,0) size 1x15
                    RenderInline {O:P} at (0,0) size 1x15
                RenderBlock {P} at (8,17) size 90x16
                  RenderText {#text} at (34,0) size 21x15
                    text run at (34,0) width 21: "Yes"
                  RenderInline {SPAN} at (0,0) size 1x15
                    RenderInline {O:P} at (0,0) size 1x15
                RenderBlock {P} at (8,33) size 90x16
                  RenderText {#text} at (36,0) size 17x15
                    text run at (36,0) width 17: "No"
                RenderBlock {P} at (8,49) size 90x16
                  RenderText {#text} at (43,0) size 4x15
                    text run at (43,0) width 4: " "
                RenderBlock {P} at (8,65) size 90x16
                  RenderText {#text} at (43,0) size 4x15
                    text run at (43,0) width 4: " "
                RenderBlock {P} at (8,81) size 90x16
                  RenderText {#text} at (36,0) size 17x15
                    text run at (36,0) width 17: "No"
                RenderBlock {P} at (8,97) size 90x16
                  RenderText {#text} at (36,0) size 17x15
                    text run at (36,0) width 17: "No"
                  RenderInline {SPAN} at (0,0) size 1x15
                    RenderInline {O:P} at (0,0) size 1x15
            RenderTableRow {TR} at (0,408) size 472x81
              RenderTableCell {TD} at (0,408) size 99x17 [border: (1px none #808080) none] [r=11 c=0 rs=1 cs=1]
                RenderBlock {P} at (8,1) size 84x16
                  RenderText {#text} at (35,0) size 13x15
                    text run at (35,0) width 13: "12"
                  RenderInline {SPAN} at (0,0) size 1x15
                    RenderInline {O:P} at (0,0) size 1x15
              RenderTableCell {TD} at (98,408) size 170x81 [border: (1px none #808080) none (1px none #808080)] [r=11 c=1 rs=1 cs=1]
                RenderBlock {P} at (8,1) size 155x16
                  RenderText {#text} at (0,0) size 70x15
                    text run at (0,0) width 70: "Rick Klement"
                RenderBlock {P} at (8,17) size 155x16
                  RenderText {#text} at (0,0) size 82x15
                    text run at (0,0) width 82: "George Coward"
                RenderBlock {P} at (8,33) size 155x16
                  RenderText {#text} at (0,0) size 81x15
                    text run at (0,0) width 81: "Gerald Cardinal"
                RenderBlock {P} at (8,49) size 155x16
                  RenderText {#text} at (0,0) size 69x15
                    text run at (0,0) width 69: "Brock Brown"
                RenderBlock {P} at (8,65) size 155x16
                  RenderText {#text} at (0,0) size 93x15
                    text run at (0,0) width 93: "Ellsworth Crowell"
              RenderTableCell {TD} at (267,408) size 100x81 [border: (1px none #808080) none (1px none #808080)] [r=11 c=2 rs=1 cs=1]
                RenderBlock {P} at (8,1) size 84x16
                  RenderText {#text} at (31,0) size 21x15
                    text run at (31,0) width 21: "Yes"
                RenderBlock {P} at (8,17) size 84x16
                  RenderText {#text} at (31,0) size 21x15
                    text run at (31,0) width 21: "Yes"
                RenderBlock {P} at (8,33) size 84x16
                  RenderText {#text} at (40,0) size 4x15
                    text run at (40,0) width 4: " "
                RenderBlock {P} at (8,49) size 84x16
                  RenderText {#text} at (31,0) size 21x15
                    text run at (31,0) width 21: "Yes"
                RenderBlock {P} at (8,65) size 84x16
                  RenderText {#text} at (31,0) size 21x15
                    text run at (31,0) width 21: "Yes"
                  RenderInline {SPAN} at (0,0) size 1x15
                    RenderInline {O:P} at (0,0) size 1x15
              RenderTableCell {TD} at (366,408) size 107x81 [border: (1px none #808080) none (1px none #808080)] [r=11 c=3 rs=1 cs=1]
                RenderBlock {P} at (8,1) size 90x16
                  RenderText {#text} at (34,0) size 21x15
                    text run at (34,0) width 21: "Yes"
                RenderBlock {P} at (8,17) size 90x16
                  RenderText {#text} at (36,0) size 17x15
                    text run at (36,0) width 17: "No"
                RenderBlock {P} at (8,33) size 90x16
                  RenderText {#text} at (43,0) size 4x15
                    text run at (43,0) width 4: " "
                RenderBlock {P} at (8,49) size 90x16
                  RenderText {#text} at (36,0) size 17x15
                    text run at (36,0) width 17: "No"
                RenderBlock {P} at (8,65) size 90x16
                  RenderText {#text} at (36,0) size 17x15
                    text run at (36,0) width 17: "No"
                  RenderInline {SPAN} at (0,0) size 1x15
                    RenderInline {O:P} at (0,0) size 1x15
            RenderTableRow {TR} at (0,489) size 472x65
              RenderTableCell {TD} at (0,489) size 99x17 [border: (1px none #808080) none] [r=12 c=0 rs=1 cs=1]
                RenderBlock {P} at (8,1) size 84x16
                  RenderText {#text} at (35,0) size 13x15
                    text run at (35,0) width 13: "13"
                  RenderInline {SPAN} at (0,0) size 1x15
                    RenderInline {O:P} at (0,0) size 1x15
              RenderTableCell {TD} at (98,489) size 170x65 [border: (1px none #808080) none (1px none #808080)] [r=12 c=1 rs=1 cs=1]
                RenderBlock {P} at (8,1) size 155x16
                  RenderText {#text} at (0,0) size 62x15
                    text run at (0,0) width 62: " Oliver Baer"
                RenderBlock {P} at (8,17) size 155x16
                  RenderText {#text} at (0,0) size 58x15
                    text run at (0,0) width 58: "Joe Araujo"
                RenderBlock {P} at (8,33) size 155x16
                  RenderText {#text} at (0,0) size 70x15
                    text run at (0,0) width 70: "Jim Mirowski"
                RenderBlock {P} at (8,49) size 155x16
                  RenderText {#text} at (0,0) size 63x15
                    text run at (0,0) width 63: "Scott Hersh"
                  RenderInline {SPAN} at (0,0) size 0x15
                    RenderInline {O:P} at (0,0) size 0x15
              RenderTableCell {TD} at (267,489) size 100x65 [border: (1px none #808080) none (1px none #808080)] [r=12 c=2 rs=1 cs=1]
                RenderBlock {P} at (8,1) size 84x16
                  RenderText {#text} at (30,0) size 24x15
                    text run at (30,0) width 24: " Yes"
                RenderBlock {P} at (8,17) size 84x16
                  RenderText {#text} at (40,0) size 4x15
                    text run at (40,0) width 4: " "
                RenderBlock {P} at (8,33) size 84x16
                  RenderText {#text} at (40,0) size 4x15
                    text run at (40,0) width 4: " "
                RenderBlock {P} at (8,49) size 84x16
                  RenderText {#text} at (31,0) size 21x15
                    text run at (31,0) width 21: "Yes"
                  RenderInline {SPAN} at (0,0) size 1x15
                    RenderInline {O:P} at (0,0) size 1x15
              RenderTableCell {TD} at (366,489) size 107x65 [border: (1px none #808080) none (1px none #808080)] [r=12 c=3 rs=1 cs=1]
                RenderBlock {P} at (8,1) size 90x16
                  RenderText {#text} at (35,0) size 20x15
                    text run at (35,0) width 20: " No"
                RenderBlock {P} at (8,17) size 90x16
                  RenderText {#text} at (43,0) size 4x15
                    text run at (43,0) width 4: " "
                RenderBlock {P} at (8,33) size 90x16
                  RenderText {#text} at (43,0) size 4x15
                    text run at (43,0) width 4: " "
                RenderBlock {P} at (8,49) size 90x16
                  RenderText {#text} at (36,0) size 17x15
                    text run at (36,0) width 17: "No"
                  RenderInline {SPAN} at (0,0) size 1x15
                    RenderInline {O:P} at (0,0) size 1x15
            RenderTableRow {TR} at (0,554) size 472x49
              RenderTableCell {TD} at (0,554) size 99x17 [border: (1px none #808080) none] [r=13 c=0 rs=1 cs=1]
                RenderBlock {P} at (8,1) size 84x16
                  RenderText {#text} at (35,0) size 13x15
                    text run at (35,0) width 13: "14"
                  RenderInline {SPAN} at (0,0) size 1x15
                    RenderInline {O:P} at (0,0) size 1x15
              RenderTableCell {TD} at (98,554) size 170x49 [border: (1px none #808080) none (1px none #808080)] [r=13 c=1 rs=1 cs=1]
                RenderBlock {P} at (8,1) size 155x16
                  RenderText {#text} at (0,0) size 61x15
                    text run at (0,0) width 61: " Joe Araujo"
                RenderBlock {P} at (8,17) size 155x16
                  RenderText {#text} at (0,0) size 68x15
                    text run at (0,0) width 68: "Steve Gilbert"
                RenderBlock {P} at (8,33) size 155x16
                  RenderText {#text} at (0,0) size 74x15
                    text run at (0,0) width 74: "Gary Williams"
                  RenderInline {SPAN} at (0,0) size 0x15
                    RenderInline {O:P} at (0,0) size 0x15
              RenderTableCell {TD} at (267,554) size 100x33 [border: (1px none #808080) none (1px none #808080)] [r=13 c=2 rs=1 cs=1]
                RenderBlock {P} at (8,1) size 84x16
                  RenderText {#text} at (40,0) size 4x15
                    text run at (40,0) width 4: " "
                RenderBlock {P} at (8,17) size 84x16
                  RenderText {#text} at (31,0) size 21x15
                    text run at (31,0) width 21: "Yes"
                  RenderInline {SPAN} at (0,0) size 1x15
                    RenderInline {O:P} at (0,0) size 1x15
              RenderTableCell {TD} at (366,554) size 107x33 [border: (1px none #808080) none (1px none #808080)] [r=13 c=3 rs=1 cs=1]
                RenderBlock {P} at (8,1) size 90x16
                  RenderText {#text} at (43,0) size 4x15
                    text run at (43,0) width 4: " "
                RenderBlock {P} at (8,17) size 90x16
                  RenderText {#text} at (36,0) size 17x15
                    text run at (36,0) width 17: "No"
                  RenderInline {SPAN} at (0,0) size 1x15
                    RenderInline {O:P} at (0,0) size 1x15
            RenderTableRow {TR} at (0,603) size 472x81
              RenderTableCell {TD} at (0,603) size 99x17 [border: (1px none #808080) none] [r=14 c=0 rs=1 cs=1]
                RenderBlock {P} at (8,1) size 84x16
                  RenderText {#text} at (35,0) size 13x15
                    text run at (35,0) width 13: "15"
                  RenderInline {SPAN} at (0,0) size 1x15
                    RenderInline {O:P} at (0,0) size 1x15
              RenderTableCell {TD} at (98,603) size 170x81 [border: (1px none #808080) none (1px none #808080)] [r=14 c=1 rs=1 cs=1]
                RenderBlock {P} at (8,1) size 155x16
                  RenderText {#text} at (0,0) size 62x15
                    text run at (0,0) width 62: " Oliver Baer"
                RenderBlock {P} at (8,17) size 155x16
                  RenderText {#text} at (0,0) size 51x15
                    text run at (0,0) width 51: "Joe Smith"
                RenderBlock {P} at (8,33) size 155x16
                  RenderText {#text} at (0,0) size 55x15
                    text run at (0,0) width 55: "John Paye"
                RenderBlock {P} at (8,49) size 155x16
                  RenderText {#text} at (0,0) size 83x15
                    text run at (0,0) width 83: "John Yearwood"
                RenderBlock {P} at (8,65) size 155x16
                  RenderText {#text} at (0,0) size 68x15
                    text run at (0,0) width 68: "Harald Close"
                  RenderInline {SPAN} at (0,0) size 0x15
                    RenderInline {O:P} at (0,0) size 0x15
              RenderTableCell {TD} at (267,603) size 100x81 [border: (1px none #808080) none (1px none #808080)] [r=14 c=2 rs=1 cs=1]
                RenderBlock {P} at (8,1) size 84x16
                  RenderText {#text} at (30,0) size 24x15
                    text run at (30,0) width 24: " Yes"
                RenderBlock {P} at (8,17) size 84x16
                  RenderText {#text} at (40,0) size 4x15
                    text run at (40,0) width 4: " "
                RenderBlock {P} at (8,33) size 84x16
                  RenderText {#text} at (40,0) size 4x15
                    text run at (40,0) width 4: " "
                RenderBlock {P} at (8,49) size 84x16
                  RenderText {#text} at (31,0) size 21x15
                    text run at (31,0) width 21: "Yes"
                RenderBlock {P} at (8,65) size 84x16
                  RenderText {#text} at (31,0) size 21x15
                    text run at (31,0) width 21: "Yes"
                  RenderInline {SPAN} at (0,0) size 1x15
                    RenderInline {O:P} at (0,0) size 1x15
              RenderTableCell {TD} at (366,603) size 107x81 [border: (1px none #808080) none (1px none #808080)] [r=14 c=3 rs=1 cs=1]
                RenderBlock {P} at (8,1) size 90x16
                  RenderText {#text} at (35,0) size 20x15
                    text run at (35,0) width 20: " No"
                RenderBlock {P} at (8,17) size 90x16
                  RenderText {#text} at (43,0) size 4x15
                    text run at (43,0) width 4: " "
                RenderBlock {P} at (8,33) size 90x16
                  RenderText {#text} at (43,0) size 4x15
                    text run at (43,0) width 4: " "
                RenderBlock {P} at (8,49) size 90x16
                  RenderText {#text} at (36,0) size 17x15
                    text run at (36,0) width 17: "No"
                RenderBlock {P} at (8,65) size 90x16
                  RenderText {#text} at (36,0) size 17x15
                    text run at (36,0) width 17: "No"
                  RenderInline {SPAN} at (0,0) size 1x15
                    RenderInline {O:P} at (0,0) size 1x15
            RenderTableRow {TR} at (0,684) size 472x33
              RenderTableCell {TD} at (0,684) size 99x17 [border: (1px none #808080) none] [r=15 c=0 rs=1 cs=1]
                RenderBlock {P} at (8,1) size 84x16
                  RenderText {#text} at (35,0) size 13x15
                    text run at (35,0) width 13: "16"
                  RenderInline {SPAN} at (0,0) size 1x15
                    RenderInline {O:P} at (0,0) size 1x15
              RenderTableCell {TD} at (98,684) size 170x33 [border: (1px none #808080) none (1px none #808080)] [r=15 c=1 rs=1 cs=1]
                RenderBlock {P} at (8,1) size 155x16
                  RenderText {#text} at (0,0) size 82x15
                    text run at (0,0) width 82: " James Haladus"
                RenderBlock {P} at (8,17) size 155x16
                  RenderText {#text} at (0,0) size 51x15
                    text run at (0,0) width 51: "Joe Smith"
                  RenderInline {SPAN} at (0,0) size 0x15
                    RenderInline {O:P} at (0,0) size 0x15
              RenderTableCell {TD} at (267,684) size 100x17 [border: (1px none #808080) none (1px none #808080)] [r=15 c=2 rs=1 cs=1]
                RenderBlock {P} at (8,1) size 84x16
                  RenderText {#text} at (30,0) size 24x15
                    text run at (30,0) width 24: " Yes"
                  RenderInline {SPAN} at (0,0) size 1x15
                    RenderInline {O:P} at (0,0) size 1x15
              RenderTableCell {TD} at (366,684) size 107x17 [border: (1px none #808080) none (1px none #808080)] [r=15 c=3 rs=1 cs=1]
                RenderBlock {P} at (8,1) size 90x16
                  RenderText {#text} at (35,0) size 20x15
                    text run at (35,0) width 20: " No"
                  RenderInline {SPAN} at (0,0) size 1x15
                    RenderInline {O:P} at (0,0) size 1x15
            RenderTableRow {TR} at (0,717) size 472x81
              RenderTableCell {TD} at (0,717) size 99x17 [border: (1px none #808080) none] [r=16 c=0 rs=1 cs=1]
                RenderBlock {P} at (8,1) size 84x16
                  RenderText {#text} at (35,0) size 13x15
                    text run at (35,0) width 13: "17"
                  RenderInline {SPAN} at (0,0) size 1x15
                    RenderInline {O:P} at (0,0) size 1x15
              RenderTableCell {TD} at (98,717) size 170x81 [border: (1px none #808080) none (1px none #808080)] [r=16 c=1 rs=1 cs=1]
                RenderBlock {P} at (8,1) size 155x16
                  RenderText {#text} at (0,0) size 59x15
                    text run at (0,0) width 59: "Doug Field"
                  RenderInline {SPAN} at (0,0) size 0x15
                    RenderInline {O:P} at (0,0) size 0x15
                RenderBlock {P} at (8,17) size 155x16
                  RenderText {#text} at (0,0) size 65x15
                    text run at (0,0) width 65: "Dave Neves"
                RenderBlock {P} at (8,33) size 155x16
                  RenderText {#text} at (0,0) size 59x15
                    text run at (0,0) width 59: "Oliver Baer"
                RenderBlock {P} at (8,49) size 155x16
                  RenderText {#text} at (0,0) size 58x15
                    text run at (0,0) width 58: "John Todd"
                RenderBlock {P} at (8,65) size 155x16
                  RenderText {#text} at (0,0) size 98x15
                    text run at (0,0) width 98: "Dave Christiansen"
                  RenderInline {SPAN} at (0,0) size 0x15
                    RenderInline {O:P} at (0,0) size 0x15
              RenderTableCell {TD} at (267,717) size 100x81 [border: (1px none #808080) none (1px none #808080)] [r=16 c=2 rs=1 cs=1]
                RenderBlock {P} at (8,1) size 84x16
                  RenderText {#text} at (31,0) size 21x15
                    text run at (31,0) width 21: "Yes"
                  RenderInline {SPAN} at (0,0) size 1x15
                    RenderInline {O:P} at (0,0) size 1x15
                RenderBlock {P} at (8,17) size 84x16
                  RenderText {#text} at (31,0) size 21x15
                    text run at (31,0) width 21: "Yes"
                RenderBlock {P} at (8,33) size 84x16
                  RenderText {#text} at (31,0) size 21x15
                    text run at (31,0) width 21: "Yes"
                RenderBlock {P} at (8,49) size 84x16
                  RenderText {#text} at (40,0) size 4x15
                    text run at (40,0) width 4: " "
                RenderBlock {P} at (8,65) size 84x16
                  RenderText {#text} at (31,0) size 21x15
                    text run at (31,0) width 21: "Yes"
                  RenderInline {SPAN} at (0,0) size 1x15
                    RenderInline {O:P} at (0,0) size 1x15
              RenderTableCell {TD} at (366,717) size 107x81 [border: (1px none #808080) none (1px none #808080)] [r=16 c=3 rs=1 cs=1]
                RenderBlock {P} at (8,1) size 90x16
                  RenderText {#text} at (36,0) size 17x15
                    text run at (36,0) width 17: "No"
                  RenderInline {SPAN} at (0,0) size 1x15
                    RenderInline {O:P} at (0,0) size 1x15
                RenderBlock {P} at (8,17) size 90x16
                  RenderText {#text} at (34,0) size 21x15
                    text run at (34,0) width 21: "Yes"
                RenderBlock {P} at (8,33) size 90x16
                  RenderText {#text} at (36,0) size 17x15
                    text run at (36,0) width 17: "No"
                RenderBlock {P} at (8,49) size 90x16
                  RenderText {#text} at (43,0) size 4x15
                    text run at (43,0) width 4: " "
                RenderBlock {P} at (8,65) size 90x16
                  RenderText {#text} at (36,0) size 17x15
                    text run at (36,0) width 17: "No"
                  RenderInline {SPAN} at (0,0) size 1x15
                    RenderInline {O:P} at (0,0) size 1x15
            RenderTableRow {TR} at (0,798) size 472x113
              RenderTableCell {TD} at (0,798) size 99x17 [border: (1px none #808080) none] [r=17 c=0 rs=1 cs=1]
                RenderBlock {P} at (8,1) size 84x16
                  RenderText {#text} at (35,0) size 13x15
                    text run at (35,0) width 13: "18"
                  RenderInline {SPAN} at (0,0) size 1x15
                    RenderInline {O:P} at (0,0) size 1x15
              RenderTableCell {TD} at (98,798) size 170x113 [border: (1px none #808080) none (1px none #808080)] [r=17 c=1 rs=1 cs=1]
                RenderBlock {P} at (8,1) size 155x16
                  RenderText {#text} at (0,0) size 78x15
                    text run at (0,0) width 78: "Robert Barnett"
                RenderBlock {P} at (8,17) size 155x16
                  RenderText {#text} at (0,0) size 72x15
                    text run at (0,0) width 72: "Jim Mahoney"
                RenderBlock {P} at (8,33) size 155x16
                  RenderText {#text} at (0,0) size 78x15
                    text run at (0,0) width 78: "Dave Marshall"
                RenderBlock {P} at (8,49) size 155x16
                  RenderText {#text} at (0,0) size 81x15
                    text run at (0,0) width 81: "Gerald Cardinal"
                RenderBlock {P} at (8,65) size 155x16
                  RenderText {#text} at (0,0) size 100x15
                    text run at (0,0) width 100: "Dan & Will Sievert"
                RenderBlock {P} at (8,81) size 155x16
                  RenderText {#text} at (0,0) size 93x15
                    text run at (0,0) width 93: "Ellsworth Crowell"
                RenderBlock {P} at (8,97) size 155x16
                  RenderText {#text} at (0,0) size 55x15
                    text run at (0,0) width 55: "Jim Colvin"
                  RenderInline {SPAN} at (0,0) size 0x15
                    RenderInline {O:P} at (0,0) size 0x15
              RenderTableCell {TD} at (267,798) size 100x97 [border: (1px none #808080) none (1px none #808080)] [r=17 c=2 rs=1 cs=1]
                RenderBlock {P} at (8,1) size 84x16
                  RenderText {#text} at (31,0) size 21x15
                    text run at (31,0) width 21: "Yes"
                RenderBlock {P} at (8,17) size 84x16
                  RenderText {#text} at (31,0) size 21x15
                    text run at (31,0) width 21: "Yes"
                RenderBlock {P} at (8,33) size 84x16
                  RenderText {#text} at (31,0) size 21x15
                    text run at (31,0) width 21: "Yes"
                RenderBlock {P} at (8,49) size 84x16
                  RenderText {#text} at (40,0) size 4x15
                    text run at (40,0) width 4: " "
                RenderBlock {P} at (8,65) size 84x16
                  RenderText {#text} at (31,0) size 21x15
                    text run at (31,0) width 21: "Yes"
                RenderBlock {P} at (8,81) size 84x16
                  RenderText {#text} at (31,0) size 21x15
                    text run at (31,0) width 21: "Yes"
                  RenderInline {SPAN} at (0,0) size 1x15
                    RenderInline {O:P} at (0,0) size 1x15
              RenderTableCell {TD} at (366,798) size 107x97 [border: (1px none #808080) none (1px none #808080)] [r=17 c=3 rs=1 cs=1]
                RenderBlock {P} at (8,1) size 90x16
                  RenderText {#text} at (36,0) size 17x15
                    text run at (36,0) width 17: "No"
                RenderBlock {P} at (8,17) size 90x16
                  RenderText {#text} at (34,0) size 21x15
                    text run at (34,0) width 21: "Yes"
                RenderBlock {P} at (8,33) size 90x16
                  RenderText {#text} at (36,0) size 17x15
                    text run at (36,0) width 17: "No"
                RenderBlock {P} at (8,49) size 90x16
                  RenderText {#text} at (43,0) size 4x15
                    text run at (43,0) width 4: " "
                RenderBlock {P} at (8,65) size 90x16
                  RenderText {#text} at (36,0) size 17x15
                    text run at (36,0) width 17: "No"
                RenderBlock {P} at (8,81) size 90x16
                  RenderText {#text} at (36,0) size 17x15
                    text run at (36,0) width 17: "No"
                  RenderInline {SPAN} at (0,0) size 1x15
                    RenderInline {O:P} at (0,0) size 1x15
            RenderTableRow {TR} at (0,911) size 472x65
              RenderTableCell {TD} at (0,911) size 99x17 [border: (1px none #808080) none] [r=18 c=0 rs=1 cs=1]
                RenderBlock {P} at (8,1) size 84x16
                  RenderText {#text} at (35,0) size 13x15
                    text run at (35,0) width 13: "19"
                  RenderInline {SPAN} at (0,0) size 1x15
                    RenderInline {O:P} at (0,0) size 1x15
              RenderTableCell {TD} at (98,911) size 170x65 [border: (1px none #808080) none (1px none #808080)] [r=18 c=1 rs=1 cs=1]
                RenderBlock {P} at (8,1) size 155x16
                  RenderInline {SPAN} at (0,0) size 65x15
                    RenderText {#text} at (0,0) size 65x15
                      text run at (0,0) width 39: "Noriya "
                      text run at (39,0) width 26: "Kato"
                RenderBlock {P} at (8,17) size 155x16
                  RenderText {#text} at (0,0) size 58x15
                    text run at (0,0) width 58: "John Todd"
                RenderBlock {P} at (8,33) size 155x16
                  RenderText {#text} at (0,0) size 70x15
                    text run at (0,0) width 70: "James Brown"
                RenderBlock {P} at (8,49) size 155x16
                  RenderText {#text} at (0,0) size 84x15
                    text run at (0,0) width 84: "Mike Anderson"
                  RenderInline {SPAN} at (0,0) size 0x15
                    RenderInline {O:P} at (0,0) size 0x15
              RenderTableCell {TD} at (267,911) size 100x65 [border: (1px none #808080) none (1px none #808080)] [r=18 c=2 rs=1 cs=1]
                RenderBlock {P} at (8,1) size 84x16
                  RenderInline {SPAN} at (0,0) size 21x15
                    RenderText {#text} at (31,0) size 21x15
                      text run at (31,0) width 21: "Yes"
                RenderBlock {P} at (8,17) size 84x16
                  RenderText {#text} at (40,0) size 4x15
                    text run at (40,0) width 4: " "
                RenderBlock {P} at (8,33) size 84x16
                  RenderInline {SPAN} at (0,0) size 21x15
                    RenderText {#text} at (31,0) size 21x15
                      text run at (31,0) width 21: "Yes"
                RenderBlock {P} at (8,49) size 84x16
                  RenderInline {SPAN} at (0,0) size 21x15
                    RenderText {#text} at (31,0) size 21x15
                      text run at (31,0) width 21: "Yes"
                  RenderInline {SPAN} at (0,0) size 1x15
                    RenderInline {O:P} at (0,0) size 1x15
              RenderTableCell {TD} at (366,911) size 107x65 [border: (1px none #808080) none (1px none #808080)] [r=18 c=3 rs=1 cs=1]
                RenderBlock {P} at (8,1) size 90x16
                  RenderInline {SPAN} at (0,0) size 17x15
                    RenderText {#text} at (36,0) size 17x15
                      text run at (36,0) width 17: "No"
                RenderBlock {P} at (8,17) size 90x16
                  RenderText {#text} at (43,0) size 4x15
                    text run at (43,0) width 4: " "
                RenderBlock {P} at (8,33) size 90x16
                  RenderInline {SPAN} at (0,0) size 17x15
                    RenderText {#text} at (36,0) size 17x15
                      text run at (36,0) width 17: "No"
                RenderBlock {P} at (8,49) size 90x16
                  RenderInline {SPAN} at (0,0) size 17x15
                    RenderText {#text} at (36,0) size 17x15
                      text run at (36,0) width 17: "No"
                  RenderInline {SPAN} at (0,0) size 1x15
                    RenderInline {O:P} at (0,0) size 1x15
            RenderTableRow {TR} at (0,976) size 472x49
              RenderTableCell {TD} at (0,976) size 99x17 [border: (1px none #808080) none] [r=19 c=0 rs=1 cs=1]
                RenderBlock {P} at (8,1) size 84x16
                  RenderText {#text} at (35,0) size 13x15
                    text run at (35,0) width 13: "20"
                  RenderInline {SPAN} at (0,0) size 1x15
                    RenderInline {O:P} at (0,0) size 1x15
              RenderTableCell {TD} at (98,976) size 170x49 [border: (1px none #808080) none (1px none #808080)] [r=19 c=1 rs=1 cs=1]
                RenderBlock {P} at (8,1) size 155x16
                  RenderText {#text} at (0,0) size 66x15
                    text run at (0,0) width 66: "Bill Johnson"
                RenderBlock {P} at (8,17) size 155x16
                  RenderText {#text} at (0,0) size 84x15
                    text run at (0,0) width 84: "Dominic Bayani"
                RenderBlock {P} at (8,33) size 155x16
                  RenderText {#text} at (0,0) size 65x15
                    text run at (0,0) width 65: "Rick Latham"
                  RenderInline {SPAN} at (0,0) size 0x15
                    RenderInline {O:P} at (0,0) size 0x15
              RenderTableCell {TD} at (267,976) size 100x49 [border: (1px none #808080) none (1px none #808080)] [r=19 c=2 rs=1 cs=1]
                RenderBlock {P} at (8,1) size 84x16
                  RenderText {#text} at (31,0) size 21x15
                    text run at (31,0) width 21: "Yes"
                RenderBlock {P} at (8,17) size 84x16
                  RenderText {#text} at (40,0) size 4x15
                    text run at (40,0) width 4: " "
                RenderBlock {P} at (8,33) size 84x16
                  RenderText {#text} at (31,0) size 21x15
                    text run at (31,0) width 21: "Yes"
                  RenderInline {SPAN} at (0,0) size 1x15
                    RenderInline {O:P} at (0,0) size 1x15
              RenderTableCell {TD} at (366,976) size 107x49 [border: (1px none #808080) none (1px none #808080)] [r=19 c=3 rs=1 cs=1]
                RenderBlock {P} at (8,1) size 90x16
                  RenderText {#text} at (36,0) size 17x15
                    text run at (36,0) width 17: "No"
                RenderBlock {P} at (8,17) size 90x16
                  RenderText {#text} at (43,0) size 4x15
                    text run at (43,0) width 4: " "
                RenderBlock {P} at (8,33) size 90x16
                  RenderText {#text} at (36,0) size 17x15
                    text run at (36,0) width 17: "No"
                  RenderInline {SPAN} at (0,0) size 1x15
                    RenderInline {O:P} at (0,0) size 1x15
            RenderTableRow {TR} at (0,1025) size 472x17
              RenderTableCell {TD} at (0,1025) size 99x17 [border: (1px none #808080) none] [r=20 c=0 rs=1 cs=1]
                RenderBlock {P} at (8,1) size 84x16
                  RenderText {#text} at (35,0) size 13x15
                    text run at (35,0) width 13: "21"
                  RenderInline {SPAN} at (0,0) size 1x15
                    RenderInline {O:P} at (0,0) size 1x15
              RenderTableCell {TD} at (98,1025) size 170x17 [border: (1px none #808080) none (1px none #808080)] [r=20 c=1 rs=1 cs=1]
                RenderBlock {P} at (8,1) size 155x16
                  RenderText {#text} at (0,0) size 62x15
                    text run at (0,0) width 62: " Simon Tam"
                  RenderInline {SPAN} at (0,0) size 0x15
                    RenderInline {O:P} at (0,0) size 0x15
              RenderTableCell {TD} at (267,1025) size 100x17 [border: (1px none #808080) none (1px none #808080)] [r=20 c=2 rs=1 cs=1]
                RenderBlock {P} at (8,1) size 84x16
                  RenderText {#text} at (40,0) size 4x15
                    text run at (40,0) width 4: " "
                  RenderInline {SPAN} at (0,0) size 1x15
                    RenderInline {O:P} at (0,0) size 1x15
              RenderTableCell {TD} at (366,1025) size 107x17 [border: (1px none #808080) none (1px none #808080)] [r=20 c=3 rs=1 cs=1]
                RenderBlock {P} at (8,1) size 90x16
                  RenderText {#text} at (43,0) size 4x15
                    text run at (43,0) width 4: " "
                  RenderInline {SPAN} at (0,0) size 1x15
                    RenderInline {O:P} at (0,0) size 1x15
            RenderTableRow {TR} at (0,1042) size 472x81
              RenderTableCell {TD} at (0,1042) size 99x17 [border: (1px none #808080) none] [r=21 c=0 rs=1 cs=1]
                RenderBlock {P} at (8,1) size 84x16
                  RenderText {#text} at (35,0) size 13x15
                    text run at (35,0) width 13: "22"
                  RenderInline {SPAN} at (0,0) size 1x15
                    RenderInline {O:P} at (0,0) size 1x15
              RenderTableCell {TD} at (98,1042) size 170x81 [border: (1px none #808080) none (1px none #808080)] [r=21 c=1 rs=1 cs=1]
                RenderBlock {P} at (8,1) size 155x16
                  RenderText {#text} at (0,0) size 65x15
                    text run at (0,0) width 65: "Dave Neves"
                  RenderInline {SPAN} at (0,0) size 0x15
                    RenderInline {O:P} at (0,0) size 0x15
                RenderBlock {P} at (8,17) size 155x16
                  RenderText {#text} at (0,0) size 89x15
                    text run at (0,0) width 89: "Grant Sanderson"
                  RenderInline {SPAN} at (0,0) size 0x15
                    RenderInline {O:P} at (0,0) size 0x15
                RenderBlock {P} at (8,33) size 155x16
                  RenderText {#text} at (0,0) size 84x15
                    text run at (0,0) width 84: "Maurice Burton"
                RenderBlock {P} at (8,49) size 155x16
                  RenderText {#text} at (0,0) size 110x15
                    text run at (0,0) width 110: "Mike Gilmartin ?????"
                RenderBlock {P} at (8,65) size 155x16
                  RenderText {#text} at (0,0) size 66x15
                    text run at (0,0) width 66: "Chris Walsh"
                  RenderInline {SPAN} at (0,0) size 0x15
                    RenderInline {O:P} at (0,0) size 0x15
              RenderTableCell {TD} at (267,1042) size 100x81 [border: (1px none #808080) none (1px none #808080)] [r=21 c=2 rs=1 cs=1]
                RenderBlock {P} at (8,1) size 84x16
                  RenderText {#text} at (31,0) size 21x15
                    text run at (31,0) width 21: "Yes"
                  RenderInline {SPAN} at (0,0) size 1x15
                    RenderInline {O:P} at (0,0) size 1x15
                RenderBlock {P} at (8,17) size 84x16
                  RenderText {#text} at (31,0) size 21x15
                    text run at (31,0) width 21: "Yes"
                  RenderInline {SPAN} at (0,0) size 1x15
                    RenderInline {O:P} at (0,0) size 1x15
                RenderBlock {P} at (8,33) size 84x16
                  RenderText {#text} at (31,0) size 21x15
                    text run at (31,0) width 21: "Yes"
                RenderBlock {P} at (8,49) size 84x16
                  RenderText {#text} at (31,0) size 21x15
                    text run at (31,0) width 21: "Yes"
                RenderBlock {P} at (8,65) size 84x16
                  RenderText {#text} at (31,0) size 21x15
                    text run at (31,0) width 21: "Yes"
                  RenderInline {SPAN} at (0,0) size 1x15
                    RenderInline {O:P} at (0,0) size 1x15
              RenderTableCell {TD} at (366,1042) size 107x81 [border: (1px none #808080) none (1px none #808080)] [r=21 c=3 rs=1 cs=1]
                RenderBlock {P} at (8,1) size 90x16
                  RenderText {#text} at (34,0) size 21x15
                    text run at (34,0) width 21: "Yes"
                  RenderInline {SPAN} at (0,0) size 1x15
                    RenderInline {O:P} at (0,0) size 1x15
                RenderBlock {P} at (8,17) size 90x16
                  RenderText {#text} at (36,0) size 17x15
                    text run at (36,0) width 17: "No"
                  RenderInline {SPAN} at (0,0) size 1x15
                    RenderInline {O:P} at (0,0) size 1x15
                RenderBlock {P} at (8,33) size 90x16
                  RenderText {#text} at (36,0) size 17x15
                    text run at (36,0) width 17: "No"
                RenderBlock {P} at (8,49) size 90x16
                  RenderText {#text} at (34,0) size 21x15
                    text run at (34,0) width 21: "Yes"
                RenderBlock {P} at (8,65) size 90x16
                  RenderText {#text} at (36,0) size 17x15
                    text run at (36,0) width 17: "No"
                  RenderInline {SPAN} at (0,0) size 1x15
                    RenderInline {O:P} at (0,0) size 1x15
            RenderTableRow {TR} at (0,1123) size 472x81
              RenderTableCell {TD} at (0,1123) size 99x17 [border: (1px none #808080) none] [r=22 c=0 rs=1 cs=1]
                RenderBlock {P} at (8,1) size 84x16
                  RenderText {#text} at (35,0) size 13x15
                    text run at (35,0) width 13: "23"
                  RenderInline {SPAN} at (0,0) size 1x15
                    RenderInline {O:P} at (0,0) size 1x15
              RenderTableCell {TD} at (98,1123) size 170x81 [border: (1px none #808080) none (1px none #808080)] [r=22 c=1 rs=1 cs=1]
                RenderBlock {P} at (8,1) size 155x16
                  RenderText {#text} at (0,0) size 65x15
                    text run at (0,0) width 65: "Dave Neves"
                  RenderInline {SPAN} at (0,0) size 0x15
                    RenderInline {O:P} at (0,0) size 0x15
                RenderBlock {P} at (8,17) size 155x16
                  RenderText {#text} at (0,0) size 84x15
                    text run at (0,0) width 84: "Maurice Burton"
                RenderBlock {P} at (8,33) size 155x16
                  RenderText {#text} at (0,0) size 59x15
                    text run at (0,0) width 59: "Oliver Baer"
                RenderBlock {P} at (8,49) size 155x16
                  RenderText {#text} at (0,0) size 58x15
                    text run at (0,0) width 58: "John Todd"
                RenderBlock {P} at (8,65) size 155x16
                  RenderText {#text} at (0,0) size 64x15
                    text run at (0,0) width 64: "Rich Saunef"
                  RenderInline {SPAN} at (0,0) size 0x15
                    RenderInline {O:P} at (0,0) size 0x15
              RenderTableCell {TD} at (267,1123) size 100x81 [border: (1px none #808080) none (1px none #808080)] [r=22 c=2 rs=1 cs=1]
                RenderBlock {P} at (8,1) size 84x16
                  RenderText {#text} at (31,0) size 21x15
                    text run at (31,0) width 21: "Yes"
                  RenderInline {SPAN} at (0,0) size 1x15
                    RenderInline {O:P} at (0,0) size 1x15
                RenderBlock {P} at (8,17) size 84x16
                  RenderText {#text} at (31,0) size 21x15
                    text run at (31,0) width 21: "Yes"
                RenderBlock {P} at (8,33) size 84x16
                  RenderText {#text} at (31,0) size 21x15
                    text run at (31,0) width 21: "Yes"
                RenderBlock {P} at (8,49) size 84x16
                  RenderText {#text} at (40,0) size 4x15
                    text run at (40,0) width 4: " "
                RenderBlock {P} at (8,65) size 84x16
                  RenderText {#text} at (31,0) size 21x15
                    text run at (31,0) width 21: "Yes"
                  RenderInline {SPAN} at (0,0) size 1x15
                    RenderInline {O:P} at (0,0) size 1x15
              RenderTableCell {TD} at (366,1123) size 107x81 [border: (1px none #808080) none (1px none #808080)] [r=22 c=3 rs=1 cs=1]
                RenderBlock {P} at (8,1) size 90x16
                  RenderText {#text} at (34,0) size 21x15
                    text run at (34,0) width 21: "Yes"
                  RenderInline {SPAN} at (0,0) size 1x15
                    RenderInline {O:P} at (0,0) size 1x15
                RenderBlock {P} at (8,17) size 90x16
                  RenderText {#text} at (36,0) size 17x15
                    text run at (36,0) width 17: "No"
                RenderBlock {P} at (8,33) size 90x16
                  RenderText {#text} at (36,0) size 17x15
                    text run at (36,0) width 17: "No"
                RenderBlock {P} at (8,49) size 90x16
                  RenderText {#text} at (43,0) size 4x15
                    text run at (43,0) width 4: " "
                RenderBlock {P} at (8,65) size 90x16
                  RenderText {#text} at (36,0) size 17x15
                    text run at (36,0) width 17: "No"
                  RenderInline {SPAN} at (0,0) size 1x15
                    RenderInline {O:P} at (0,0) size 1x15
            RenderTableRow {TR} at (0,1204) size 472x81
              RenderTableCell {TD} at (0,1204) size 99x17 [border: (1px none #808080) none] [r=23 c=0 rs=1 cs=1]
                RenderBlock {P} at (8,1) size 84x16
                  RenderText {#text} at (35,0) size 13x15
                    text run at (35,0) width 13: "24"
                  RenderInline {SPAN} at (0,0) size 1x15
                    RenderInline {O:P} at (0,0) size 1x15
              RenderTableCell {TD} at (98,1204) size 170x81 [border: (1px none #808080) none (1px none #808080)] [r=23 c=1 rs=1 cs=1]
                RenderBlock {P} at (8,1) size 155x16
                  RenderText {#text} at (0,0) size 65x15
                    text run at (0,0) width 65: " Dan Sievert"
                RenderBlock {P} at (8,17) size 155x16
                  RenderText {#text} at (0,0) size 60x15
                    text run at (0,0) width 60: "Jerry Davis"
                RenderBlock {P} at (8,33) size 155x16
                  RenderText {#text} at (0,0) size 63x15
                    text run at (0,0) width 63: "Scott Hersh"
                RenderBlock {P} at (8,49) size 155x16
                  RenderText {#text} at (0,0) size 46x15
                    text run at (0,0) width 46: "Rick Bell"
                RenderBlock {P} at (8,65) size 155x16
                  RenderText {#text} at (0,0) size 53x15
                    text run at (0,0) width 53: "Eric Shum"
                  RenderInline {SPAN} at (0,0) size 0x15
                    RenderInline {O:P} at (0,0) size 0x15
              RenderTableCell {TD} at (267,1204) size 100x81 [border: (1px none #808080) none (1px none #808080)] [r=23 c=2 rs=1 cs=1]
                RenderBlock {P} at (8,1) size 84x16
                  RenderText {#text} at (30,0) size 24x15
                    text run at (30,0) width 24: " Yes"
                RenderBlock {P} at (8,17) size 84x16
                  RenderText {#text} at (31,0) size 21x15
                    text run at (31,0) width 21: "Yes"
                RenderBlock {P} at (8,33) size 84x16
                  RenderText {#text} at (31,0) size 21x15
                    text run at (31,0) width 21: "Yes"
                RenderBlock {P} at (8,49) size 84x16
                  RenderText {#text} at (31,0) size 21x15
                    text run at (31,0) width 21: "Yes"
                RenderBlock {P} at (8,65) size 84x16
                  RenderText {#text} at (31,0) size 21x15
                    text run at (31,0) width 21: "Yes"
                  RenderInline {SPAN} at (0,0) size 1x15
                    RenderInline {O:P} at (0,0) size 1x15
              RenderTableCell {TD} at (366,1204) size 107x81 [border: (1px none #808080) none (1px none #808080)] [r=23 c=3 rs=1 cs=1]
                RenderBlock {P} at (8,1) size 90x16
                  RenderText {#text} at (35,0) size 20x15
                    text run at (35,0) width 20: " No"
                RenderBlock {P} at (8,17) size 90x16
                  RenderText {#text} at (36,0) size 17x15
                    text run at (36,0) width 17: "No"
                RenderBlock {P} at (8,33) size 90x16
                  RenderText {#text} at (36,0) size 17x15
                    text run at (36,0) width 17: "No"
                RenderBlock {P} at (8,49) size 90x16
                  RenderText {#text} at (36,0) size 17x15
                    text run at (36,0) width 17: "No"
                RenderBlock {P} at (8,65) size 90x16
                  RenderText {#text} at (36,0) size 17x15
                    text run at (36,0) width 17: "No"
                  RenderInline {SPAN} at (0,0) size 1x15
                    RenderInline {O:P} at (0,0) size 1x15
            RenderTableRow {TR} at (0,1285) size 472x33
              RenderTableCell {TD} at (0,1285) size 99x17 [border: (1px none #808080) none] [r=24 c=0 rs=1 cs=1]
                RenderBlock {P} at (8,1) size 84x16
                  RenderText {#text} at (35,0) size 13x15
                    text run at (35,0) width 13: "25"
                  RenderInline {SPAN} at (0,0) size 1x15
                    RenderInline {O:P} at (0,0) size 1x15
              RenderTableCell {TD} at (98,1285) size 170x33 [border: (1px none #808080) none (1px none #808080)] [r=24 c=1 rs=1 cs=1]
                RenderBlock {P} at (8,1) size 155x16
                  RenderText {#text} at (0,0) size 70x15
                    text run at (0,0) width 70: "James Davey"
                RenderBlock {P} at (8,17) size 155x16
                  RenderText {#text} at (0,0) size 90x15
                    text run at (0,0) width 90: "Ruenjoe (Joe) Lu"
                  RenderInline {SPAN} at (0,0) size 0x15
                    RenderInline {O:P} at (0,0) size 0x15
              RenderTableCell {TD} at (267,1285) size 100x17 [border: (1px none #808080) none (1px none #808080)] [r=24 c=2 rs=1 cs=1]
                RenderBlock {P} at (8,1) size 84x16
                  RenderText {#text} at (31,0) size 21x15
                    text run at (31,0) width 21: "Yes"
                  RenderInline {SPAN} at (0,0) size 1x15
                    RenderInline {O:P} at (0,0) size 1x15
              RenderTableCell {TD} at (366,1285) size 107x17 [border: (1px none #808080) none (1px none #808080)] [r=24 c=3 rs=1 cs=1]
                RenderBlock {P} at (8,1) size 90x16
                  RenderText {#text} at (34,0) size 21x15
                    text run at (34,0) width 21: "Yes"
                  RenderInline {SPAN} at (0,0) size 1x15
                    RenderInline {O:P} at (0,0) size 1x15
            RenderTableRow {TR} at (0,1318) size 472x161
              RenderTableCell {TD} at (0,1318) size 99x17 [border: (1px none #808080) none] [r=25 c=0 rs=1 cs=1]
                RenderBlock {P} at (8,1) size 84x16
                  RenderText {#text} at (35,0) size 13x15
                    text run at (35,0) width 13: "26"
                  RenderInline {SPAN} at (0,0) size 1x15
                    RenderInline {O:P} at (0,0) size 1x15
              RenderTableCell {TD} at (98,1318) size 170x161 [border: (1px none #808080) none (1px none #808080)] [r=25 c=1 rs=1 cs=1]
                RenderBlock {P} at (8,1) size 155x16
                  RenderText {#text} at (0,0) size 86x15
                    text run at (0,0) width 86: "Alan Littlewood"
                  RenderInline {SPAN} at (0,0) size 0x15
                    RenderInline {O:P} at (0,0) size 0x15
                RenderBlock {P} at (8,17) size 155x16
                  RenderText {#text} at (0,0) size 71x15
                    text run at (0,0) width 71: "Darren Braun"
                  RenderInline {SPAN} at (0,0) size 0x15
                    RenderInline {O:P} at (0,0) size 0x15
                RenderBlock {P} at (8,33) size 155x16
                  RenderText {#text} at (0,0) size 59x15
                    text run at (0,0) width 59: "Simon Tam"
                RenderBlock {P} at (8,49) size 155x16
                  RenderText {#text} at (0,0) size 74x15
                    text run at (0,0) width 74: "Chuck Pringle"
                RenderBlock {P} at (8,65) size 155x16
                  RenderText {#text} at (0,0) size 88x15
                    text run at (0,0) width 88: "Gary Pendergras"
                RenderBlock {P} at (8,81) size 155x16
                  RenderText {#text} at (0,0) size 78x15
                    text run at (0,0) width 78: "Peter Mazanec"
                RenderBlock {P} at (8,97) size 155x16
                  RenderText {#text} at (0,0) size 78x15
                    text run at (0,0) width 78: "Harry Imamura"
                RenderBlock {P} at (8,113) size 155x16
                  RenderText {#text} at (0,0) size 58x15
                    text run at (0,0) width 58: "Joe Araujo"
                RenderBlock {P} at (8,129) size 155x16
                  RenderText {#text} at (0,0) size 74x15
                    text run at (0,0) width 74: "Gary Williams"
                RenderBlock {P} at (8,145) size 155x16
                  RenderText {#text} at (0,0) size 86x15
                    text run at (0,0) width 86: "Jack Goodfriend"
                  RenderInline {SPAN} at (0,0) size 0x15
                    RenderInline {O:P} at (0,0) size 0x15
              RenderTableCell {TD} at (267,1318) size 100x113 [border: (1px none #808080) none (1px none #808080)] [r=25 c=2 rs=1 cs=1]
                RenderBlock {P} at (8,1) size 84x16
                  RenderText {#text} at (31,0) size 21x15
                    text run at (31,0) width 21: "Yes"
                  RenderInline {SPAN} at (0,0) size 1x15
                    RenderInline {O:P} at (0,0) size 1x15
                RenderBlock {P} at (8,17) size 84x16
                  RenderText {#text} at (31,0) size 21x15
                    text run at (31,0) width 21: "Yes"
                  RenderInline {SPAN} at (0,0) size 1x15
                    RenderInline {O:P} at (0,0) size 1x15
                RenderBlock {P} at (8,33) size 84x16
                  RenderText {#text} at (31,0) size 21x15
                    text run at (31,0) width 21: "Yes"
                RenderBlock {P} at (8,49) size 84x16
                  RenderText {#text} at (31,0) size 21x15
                    text run at (31,0) width 21: "Yes"
                RenderBlock {P} at (8,65) size 84x16
                  RenderText {#text} at (31,0) size 21x15
                    text run at (31,0) width 21: "Yes"
                RenderBlock {P} at (8,81) size 84x16
                  RenderText {#text} at (31,0) size 21x15
                    text run at (31,0) width 21: "Yes"
                RenderBlock {P} at (8,97) size 84x16
                  RenderText {#text} at (33,0) size 17x15
                    text run at (33,0) width 17: "No"
                  RenderInline {SPAN} at (0,0) size 1x15
                    RenderInline {O:P} at (0,0) size 1x15
              RenderTableCell {TD} at (366,1318) size 107x113 [border: (1px none #808080) none (1px none #808080)] [r=25 c=3 rs=1 cs=1]
                RenderBlock {P} at (8,1) size 90x16
                  RenderText {#text} at (36,0) size 17x15
                    text run at (36,0) width 17: "No"
                  RenderInline {SPAN} at (0,0) size 1x15
                    RenderInline {O:P} at (0,0) size 1x15
                RenderBlock {P} at (8,17) size 90x16
                  RenderText {#text} at (36,0) size 17x15
                    text run at (36,0) width 17: "No"
                  RenderInline {SPAN} at (0,0) size 1x15
                    RenderInline {O:P} at (0,0) size 1x15
                RenderBlock {P} at (8,33) size 90x16
                  RenderText {#text} at (36,0) size 17x15
                    text run at (36,0) width 17: "No"
                RenderBlock {P} at (8,49) size 90x16
                  RenderText {#text} at (36,0) size 17x15
                    text run at (36,0) width 17: "No"
                RenderBlock {P} at (8,65) size 90x16
                  RenderText {#text} at (36,0) size 17x15
                    text run at (36,0) width 17: "No"
                RenderBlock {P} at (8,81) size 90x16
                  RenderText {#text} at (36,0) size 17x15
                    text run at (36,0) width 17: "No"
                RenderBlock {P} at (8,97) size 90x16
                  RenderText {#text} at (34,0) size 21x15
                    text run at (34,0) width 21: "Yes"
                  RenderInline {SPAN} at (0,0) size 1x15
                    RenderInline {O:P} at (0,0) size 1x15
            RenderTableRow {TR} at (0,1479) size 472x97
              RenderTableCell {TD} at (0,1479) size 99x17 [border: (1px none #808080) none] [r=26 c=0 rs=1 cs=1]
                RenderBlock {P} at (8,1) size 84x16
                  RenderText {#text} at (35,0) size 13x15
                    text run at (35,0) width 13: "27"
                  RenderInline {SPAN} at (0,0) size 1x15
                    RenderInline {O:P} at (0,0) size 1x15
              RenderTableCell {TD} at (98,1479) size 170x97 [border: (1px none #808080) none (1px none #808080)] [r=26 c=1 rs=1 cs=1]
                RenderBlock {P} at (8,1) size 155x16
                  RenderText {#text} at (0,0) size 71x15
                    text run at (0,0) width 71: "Darren Braun"
                  RenderInline {SPAN} at (0,0) size 0x15
                    RenderInline {O:P} at (0,0) size 0x15
                RenderBlock {P} at (8,17) size 155x16
                  RenderText {#text} at (0,0) size 90x15
                    text run at (0,0) width 90: "Ian + Brad Carter"
                  RenderInline {SPAN} at (0,0) size 0x15
                    RenderInline {O:P} at (0,0) size 0x15
                RenderBlock {P} at (8,33) size 155x16
                  RenderText {#text} at (0,0) size 73x15
                    text run at (0,0) width 73: "Pete Peterson"
                RenderBlock {P} at (8,49) size 155x16
                  RenderText {#text} at (0,0) size 81x15
                    text run at (0,0) width 81: "John Chamorro"
                RenderBlock {P} at (8,65) size 155x16
                  RenderText {#text} at (0,0) size 65x15
                    text run at (0,0) width 65: "Ali Erdengiz"
                RenderBlock {P} at (8,81) size 155x16
                  RenderText {#text} at (0,0) size 55x15
                    text run at (0,0) width 55: "Saibal Sen"
                  RenderInline {SPAN} at (0,0) size 0x15
                    RenderInline {O:P} at (0,0) size 0x15
              RenderTableCell {TD} at (267,1479) size 100x97 [border: (1px none #808080) none (1px none #808080)] [r=26 c=2 rs=1 cs=1]
                RenderBlock {P} at (8,1) size 84x16
                  RenderText {#text} at (31,0) size 21x15
                    text run at (31,0) width 21: "Yes"
                  RenderInline {SPAN} at (0,0) size 1x15
                    RenderInline {O:P} at (0,0) size 1x15
                RenderBlock {P} at (8,17) size 84x16
                  RenderText {#text} at (31,0) size 21x15
                    text run at (31,0) width 21: "Yes"
                  RenderInline {SPAN} at (0,0) size 1x15
                    RenderInline {O:P} at (0,0) size 1x15
                RenderBlock {P} at (8,33) size 84x16
                  RenderText {#text} at (31,0) size 21x15
                    text run at (31,0) width 21: "Yes"
                RenderBlock {P} at (8,49) size 84x16
                  RenderText {#text} at (40,0) size 4x15
                    text run at (40,0) width 4: " "
                RenderBlock {P} at (8,65) size 84x16
                  RenderText {#text} at (40,0) size 4x15
                    text run at (40,0) width 4: " "
                RenderBlock {P} at (8,81) size 84x16
                  RenderText {#text} at (31,0) size 21x15
                    text run at (31,0) width 21: "Yes"
                  RenderInline {SPAN} at (0,0) size 1x15
                    RenderInline {O:P} at (0,0) size 1x15
              RenderTableCell {TD} at (366,1479) size 107x97 [border: (1px none #808080) none (1px none #808080)] [r=26 c=3 rs=1 cs=1]
                RenderBlock {P} at (8,1) size 90x16
                  RenderText {#text} at (36,0) size 17x15
                    text run at (36,0) width 17: "No"
                  RenderInline {SPAN} at (0,0) size 1x15
                    RenderInline {O:P} at (0,0) size 1x15
                RenderBlock {P} at (8,17) size 90x16
                  RenderText {#text} at (36,0) size 17x15
                    text run at (36,0) width 17: "No"
                  RenderInline {SPAN} at (0,0) size 1x15
                    RenderInline {O:P} at (0,0) size 1x15
                RenderBlock {P} at (8,33) size 90x16
                  RenderText {#text} at (36,0) size 17x15
                    text run at (36,0) width 17: "No"
                RenderBlock {P} at (8,49) size 90x16
                  RenderText {#text} at (43,0) size 4x15
                    text run at (43,0) width 4: " "
                RenderBlock {P} at (8,65) size 90x16
                  RenderText {#text} at (43,0) size 4x15
                    text run at (43,0) width 4: " "
                RenderBlock {P} at (8,81) size 90x16
                  RenderText {#text} at (36,0) size 17x15
                    text run at (36,0) width 17: "No"
                  RenderInline {SPAN} at (0,0) size 1x15
                    RenderInline {O:P} at (0,0) size 1x15
            RenderTableRow {TR} at (0,1576) size 472x145
              RenderTableCell {TD} at (0,1576) size 99x17 [border: (1px none #808080) none] [r=27 c=0 rs=1 cs=1]
                RenderBlock {P} at (8,1) size 84x16
                  RenderText {#text} at (35,0) size 13x15
                    text run at (35,0) width 13: "28"
                  RenderInline {SPAN} at (0,0) size 1x15
                    RenderInline {O:P} at (0,0) size 1x15
              RenderTableCell {TD} at (98,1576) size 170x145 [border: (1px none #808080) none (1px none #808080)] [r=27 c=1 rs=1 cs=1]
                RenderBlock {P} at (8,1) size 155x16
                  RenderText {#text} at (0,0) size 92x15
                    text run at (0,0) width 92: "Zak + Mike West"
                  RenderInline {SPAN} at (0,0) size 0x15
                    RenderInline {O:P} at (0,0) size 0x15
                RenderBlock {P} at (8,17) size 155x16
                  RenderText {#text} at (0,0) size 65x15
                    text run at (0,0) width 65: "Dave Neves"
                  RenderInline {SPAN} at (0,0) size 0x15
                    RenderInline {O:P} at (0,0) size 0x15
                RenderBlock {P} at (8,33) size 155x16
                  RenderText {#text} at (0,0) size 75x15
                    text run at (0,0) width 75: "Richard Green"
                  RenderInline {SPAN} at (0,0) size 0x15
                    RenderInline {O:P} at (0,0) size 0x15
                RenderBlock {P} at (8,49) size 155x16
                  RenderText {#text} at (0,0) size 67x15
                    text run at (0,0) width 67: "Javier Flores"
                RenderBlock {P} at (8,65) size 155x16
                  RenderText {#text} at (0,0) size 81x15
                    text run at (0,0) width 81: "Gerald Cardinal"
                RenderBlock {P} at (8,81) size 155x16
                  RenderText {#text} at (0,0) size 62x15
                    text run at (0,0) width 62: "Dan Sievert"
                RenderBlock {P} at (8,97) size 155x16
                  RenderText {#text} at (0,0) size 65x15
                    text run at (0,0) width 65: "Ali Erdengiz"
                RenderBlock {P} at (8,113) size 155x16
                  RenderText {#text} at (0,0) size 62x15
                    text run at (0,0) width 62: "Paul Walter"
                RenderBlock {P} at (8,129) size 155x16
                  RenderText {#text} at (0,0) size 60x15
                    text run at (0,0) width 60: "Jerry Davis"
                  RenderInline {SPAN} at (0,0) size 0x15
                    RenderInline {O:P} at (0,0) size 0x15
              RenderTableCell {TD} at (267,1576) size 100x145 [border: (1px none #808080) none (1px none #808080)] [r=27 c=2 rs=1 cs=1]
                RenderBlock {P} at (8,1) size 84x16
                  RenderText {#text} at (31,0) size 21x15
                    text run at (31,0) width 21: "Yes"
                  RenderInline {SPAN} at (0,0) size 1x15
                    RenderInline {O:P} at (0,0) size 1x15
                RenderBlock {P} at (8,17) size 84x16
                  RenderText {#text} at (31,0) size 21x15
                    text run at (31,0) width 21: "Yes"
                  RenderInline {SPAN} at (0,0) size 1x15
                    RenderInline {O:P} at (0,0) size 1x15
                RenderBlock {P} at (8,33) size 84x16
                  RenderText {#text} at (31,0) size 21x15
                    text run at (31,0) width 21: "Yes"
                  RenderInline {SPAN} at (0,0) size 1x15
                    RenderInline {O:P} at (0,0) size 1x15
                RenderBlock {P} at (8,49) size 84x16
                  RenderText {#text} at (31,0) size 21x15
                    text run at (31,0) width 21: "Yes"
                RenderBlock {P} at (8,65) size 84x16
                  RenderText {#text} at (40,0) size 4x15
                    text run at (40,0) width 4: " "
                RenderBlock {P} at (8,81) size 84x16
                  RenderText {#text} at (31,0) size 21x15
                    text run at (31,0) width 21: "Yes"
                RenderBlock {P} at (8,97) size 84x16
                  RenderText {#text} at (40,0) size 4x15
                    text run at (40,0) width 4: " "
                RenderBlock {P} at (8,113) size 84x16
                  RenderText {#text} at (40,0) size 4x15
                    text run at (40,0) width 4: " "
                RenderBlock {P} at (8,129) size 84x16
                  RenderText {#text} at (31,0) size 21x15
                    text run at (31,0) width 21: "Yes"
                  RenderInline {SPAN} at (0,0) size 1x15
                    RenderInline {O:P} at (0,0) size 1x15
              RenderTableCell {TD} at (366,1576) size 107x145 [border: (1px none #808080) none (1px none #808080)] [r=27 c=3 rs=1 cs=1]
                RenderBlock {P} at (8,1) size 90x16
                  RenderText {#text} at (34,0) size 21x15
                    text run at (34,0) width 21: "Yes"
                  RenderInline {SPAN} at (0,0) size 1x15
                    RenderInline {O:P} at (0,0) size 1x15
                RenderBlock {P} at (8,17) size 90x16
                  RenderText {#text} at (34,0) size 21x15
                    text run at (34,0) width 21: "Yes"
                  RenderInline {SPAN} at (0,0) size 1x15
                    RenderInline {O:P} at (0,0) size 1x15
                RenderBlock {P} at (8,33) size 90x16
                  RenderText {#text} at (36,0) size 17x15
                    text run at (36,0) width 17: "No"
                  RenderInline {SPAN} at (0,0) size 1x15
                    RenderInline {O:P} at (0,0) size 1x15
                RenderBlock {P} at (8,49) size 90x16
                  RenderText {#text} at (36,0) size 17x15
                    text run at (36,0) width 17: "No"
                RenderBlock {P} at (8,65) size 90x16
                  RenderText {#text} at (43,0) size 4x15
                    text run at (43,0) width 4: " "
                RenderBlock {P} at (8,81) size 90x16
                  RenderText {#text} at (36,0) size 17x15
                    text run at (36,0) width 17: "No"
                RenderBlock {P} at (8,97) size 90x16
                  RenderText {#text} at (43,0) size 4x15
                    text run at (43,0) width 4: " "
                RenderBlock {P} at (8,113) size 90x16
                  RenderText {#text} at (43,0) size 4x15
                    text run at (43,0) width 4: " "
                RenderBlock {P} at (8,129) size 90x16
                  RenderText {#text} at (36,0) size 17x15
                    text run at (36,0) width 17: "No"
                  RenderInline {SPAN} at (0,0) size 1x15
                    RenderInline {O:P} at (0,0) size 1x15
            RenderTableRow {TR} at (0,1721) size 472x49
              RenderTableCell {TD} at (0,1721) size 99x17 [border: (1px none #808080) none] [r=28 c=0 rs=1 cs=1]
                RenderBlock {P} at (8,1) size 84x16
                  RenderText {#text} at (35,0) size 13x15
                    text run at (35,0) width 13: "29"
                  RenderInline {SPAN} at (0,0) size 1x15
                    RenderInline {O:P} at (0,0) size 1x15
              RenderTableCell {TD} at (98,1721) size 170x49 [border: (1px none #808080) none (1px none #808080)] [r=28 c=1 rs=1 cs=1]
                RenderBlock {P} at (8,1) size 155x16
                  RenderText {#text} at (0,0) size 67x15
                    text run at (0,0) width 67: "Javier Flores"
                  RenderInline {SPAN} at (0,0) size 0x15
                    RenderInline {O:P} at (0,0) size 0x15
                RenderBlock {P} at (8,17) size 155x16
                  RenderText {#text} at (0,0) size 66x15
                    text run at (0,0) width 66: "Bill Johnson"
                RenderBlock {P} at (8,33) size 155x16
                  RenderText {#text} at (0,0) size 58x15
                    text run at (0,0) width 58: "John Todd"
                  RenderInline {SPAN} at (0,0) size 0x15
                    RenderInline {O:P} at (0,0) size 0x15
              RenderTableCell {TD} at (267,1721) size 100x33 [border: (1px none #808080) none (1px none #808080)] [r=28 c=2 rs=1 cs=1]
                RenderBlock {P} at (8,1) size 84x16
                  RenderText {#text} at (31,0) size 21x15
                    text run at (31,0) width 21: "Yes"
                  RenderInline {SPAN} at (0,0) size 1x15
                    RenderInline {O:P} at (0,0) size 1x15
                RenderBlock {P} at (8,17) size 84x16
                  RenderText {#text} at (31,0) size 21x15
                    text run at (31,0) width 21: "Yes"
                  RenderInline {SPAN} at (0,0) size 1x15
                    RenderInline {O:P} at (0,0) size 1x15
              RenderTableCell {TD} at (366,1721) size 107x33 [border: (1px none #808080) none (1px none #808080)] [r=28 c=3 rs=1 cs=1]
                RenderBlock {P} at (8,1) size 90x16
                  RenderText {#text} at (36,0) size 17x15
                    text run at (36,0) width 17: "No"
                  RenderInline {SPAN} at (0,0) size 1x15
                    RenderInline {O:P} at (0,0) size 1x15
                RenderBlock {P} at (8,17) size 90x16
                  RenderText {#text} at (36,0) size 17x15
                    text run at (36,0) width 17: "No"
                  RenderInline {SPAN} at (0,0) size 1x15
                    RenderInline {O:P} at (0,0) size 1x15
            RenderTableRow {TR} at (0,1770) size 472x113
              RenderTableCell {TD} at (0,1770) size 99x17 [border: (1px none #808080) none] [r=29 c=0 rs=1 cs=1]
                RenderBlock {P} at (8,1) size 84x16
                  RenderText {#text} at (35,0) size 13x15
                    text run at (35,0) width 13: "30"
                  RenderInline {SPAN} at (0,0) size 1x15
                    RenderInline {O:P} at (0,0) size 1x15
              RenderTableCell {TD} at (98,1770) size 170x113 [border: (1px none #808080) none (1px none #808080)] [r=29 c=1 rs=1 cs=1]
                RenderBlock {P} at (8,1) size 155x16
                  RenderText {#text} at (0,0) size 86x15
                    text run at (0,0) width 86: "Alan Littlewood"
                  RenderInline {SPAN} at (0,0) size 0x15
                    RenderInline {O:P} at (0,0) size 0x15
                RenderBlock {P} at (8,17) size 155x16
                  RenderText {#text} at (0,0) size 82x15
                    text run at (0,0) width 82: "George Coward"
                  RenderInline {SPAN} at (0,0) size 0x15
                    RenderInline {O:P} at (0,0) size 0x15
                RenderBlock {P} at (8,33) size 155x16
                  RenderText {#text} at (0,0) size 84x15
                    text run at (0,0) width 84: "Maurice Burton"
                RenderBlock {P} at (8,49) size 155x16
                  RenderText {#text} at (0,0) size 62x15
                    text run at (0,0) width 62: "Dan Sievert"
                RenderBlock {P} at (8,65) size 155x16
                  RenderText {#text} at (0,0) size 109x15
                    text run at (0,0) width 109: "Michael DeGiovanni"
                RenderBlock {P} at (8,81) size 155x16
                  RenderText {#text} at (0,0) size 86x15
                    text run at (0,0) width 86: "Jack Goodfriend"
                RenderBlock {P} at (8,97) size 155x16
                  RenderText {#text} at (0,0) size 88x15
                    text run at (0,0) width 88: "Richard Sanchez"
                  RenderInline {SPAN} at (0,0) size 0x15
                    RenderInline {O:P} at (0,0) size 0x15
              RenderTableCell {TD} at (267,1770) size 100x113 [border: (1px none #808080) none (1px none #808080)] [r=29 c=2 rs=1 cs=1]
                RenderBlock {P} at (8,1) size 84x16
                  RenderText {#text} at (31,0) size 21x15
                    text run at (31,0) width 21: "Yes"
                  RenderInline {SPAN} at (0,0) size 1x15
                    RenderInline {O:P} at (0,0) size 1x15
                RenderBlock {P} at (8,17) size 84x16
                  RenderText {#text} at (31,0) size 21x15
                    text run at (31,0) width 21: "Yes"
                  RenderInline {SPAN} at (0,0) size 1x15
                    RenderInline {O:P} at (0,0) size 1x15
                RenderBlock {P} at (8,33) size 84x16
                  RenderText {#text} at (31,0) size 21x15
                    text run at (31,0) width 21: "Yes"
                RenderBlock {P} at (8,49) size 84x16
                  RenderText {#text} at (31,0) size 21x15
                    text run at (31,0) width 21: "Yes"
                RenderBlock {P} at (8,65) size 84x16
                  RenderText {#text} at (40,0) size 4x15
                    text run at (40,0) width 4: " "
                RenderBlock {P} at (8,81) size 84x16
                  RenderText {#text} at (40,0) size 4x15
                    text run at (40,0) width 4: " "
                RenderBlock {P} at (8,97) size 84x16
                  RenderText {#text} at (33,0) size 17x15
                    text run at (33,0) width 17: "No"
                  RenderInline {SPAN} at (0,0) size 1x15
                    RenderInline {O:P} at (0,0) size 1x15
              RenderTableCell {TD} at (366,1770) size 107x113 [border: (1px none #808080) none (1px none #808080)] [r=29 c=3 rs=1 cs=1]
                RenderBlock {P} at (8,1) size 90x16
                  RenderText {#text} at (36,0) size 17x15
                    text run at (36,0) width 17: "No"
                  RenderInline {SPAN} at (0,0) size 1x15
                    RenderInline {O:P} at (0,0) size 1x15
                RenderBlock {P} at (8,17) size 90x16
                  RenderText {#text} at (36,0) size 17x15
                    text run at (36,0) width 17: "No"
                  RenderInline {SPAN} at (0,0) size 1x15
                    RenderInline {O:P} at (0,0) size 1x15
                RenderBlock {P} at (8,33) size 90x16
                  RenderText {#text} at (36,0) size 17x15
                    text run at (36,0) width 17: "No"
                RenderBlock {P} at (8,49) size 90x16
                  RenderText {#text} at (36,0) size 17x15
                    text run at (36,0) width 17: "No"
                RenderBlock {P} at (8,65) size 90x16
                  RenderText {#text} at (43,0) size 4x15
                    text run at (43,0) width 4: " "
                RenderBlock {P} at (8,81) size 90x16
                  RenderText {#text} at (43,0) size 4x15
                    text run at (43,0) width 4: " "
                RenderBlock {P} at (8,97) size 90x16
                  RenderText {#text} at (34,0) size 21x15
                    text run at (34,0) width 21: "Yes"
                  RenderInline {SPAN} at (0,0) size 1x15
                    RenderInline {O:P} at (0,0) size 1x15
            RenderTableRow {TR} at (0,1883) size 472x49
              RenderTableCell {TD} at (0,1883) size 99x17 [border: (1px none #808080) none] [r=30 c=0 rs=1 cs=1]
                RenderBlock {P} at (8,1) size 84x16
                  RenderText {#text} at (35,0) size 13x15
                    text run at (35,0) width 13: "31"
                  RenderInline {SPAN} at (0,0) size 1x15
                    RenderInline {O:P} at (0,0) size 1x15
              RenderTableCell {TD} at (98,1883) size 170x49 [border: (1px none #808080) none (1px none #808080)] [r=30 c=1 rs=1 cs=1]
                RenderBlock {P} at (8,1) size 155x16
                  RenderText {#text} at (0,0) size 65x15
                    text run at (0,0) width 65: "Dave Neves"
                RenderBlock {P} at (8,17) size 155x16
                  RenderText {#text} at (0,0) size 79x15
                    text run at (0,0) width 79: "James Haladus"
                RenderBlock {P} at (8,33) size 155x16
                  RenderText {#text} at (0,0) size 62x15
                    text run at (0,0) width 62: "Randy Reid"
                  RenderInline {SPAN} at (0,0) size 0x15
                    RenderInline {O:P} at (0,0) size 0x15
              RenderTableCell {TD} at (267,1883) size 100x33 [border: (1px none #808080) none (1px none #808080)] [r=30 c=2 rs=1 cs=1]
                RenderBlock {P} at (8,1) size 84x16
                  RenderText {#text} at (31,0) size 21x15
                    text run at (31,0) width 21: "Yes"
                RenderBlock {P} at (8,17) size 84x16
                  RenderText {#text} at (31,0) size 21x15
                    text run at (31,0) width 21: "Yes"
                  RenderInline {SPAN} at (0,0) size 1x15
                    RenderInline {O:P} at (0,0) size 1x15
              RenderTableCell {TD} at (366,1883) size 107x33 [border: (1px none #808080) none (1px none #808080)] [r=30 c=3 rs=1 cs=1]
                RenderBlock {P} at (8,1) size 90x16
                  RenderText {#text} at (34,0) size 21x15
                    text run at (34,0) width 21: "Yes"
                RenderBlock {P} at (8,17) size 90x16
                  RenderText {#text} at (36,0) size 17x15
                    text run at (36,0) width 17: "No"
                  RenderInline {SPAN} at (0,0) size 1x15
                    RenderInline {O:P} at (0,0) size 1x15
            RenderTableRow {TR} at (0,1932) size 472x65
              RenderTableCell {TD} at (0,1932) size 99x17 [border: (1px none #808080) none] [r=31 c=0 rs=1 cs=1]
                RenderBlock {P} at (8,1) size 84x16
                  RenderText {#text} at (35,0) size 13x15
                    text run at (35,0) width 13: "32"
                  RenderInline {SPAN} at (0,0) size 1x15
                    RenderInline {O:P} at (0,0) size 1x15
              RenderTableCell {TD} at (98,1932) size 170x65 [border: (1px none #808080) none (1px none #808080)] [r=31 c=1 rs=1 cs=1]
                RenderBlock {P} at (8,1) size 155x16
                  RenderText {#text} at (0,0) size 62x15
                    text run at (0,0) width 62: " Oliver Baer"
                RenderBlock {P} at (8,17) size 155x16
                  RenderText {#text} at (0,0) size 66x15
                    text run at (0,0) width 66: "Dale Barnett"
                RenderBlock {P} at (8,33) size 155x16
                  RenderText {#text} at (0,0) size 58x15
                    text run at (0,0) width 58: "John Todd"
                RenderBlock {P} at (8,49) size 155x16
                  RenderText {#text} at (0,0) size 84x15
                    text run at (0,0) width 84: "Dominic Bayani"
                  RenderInline {SPAN} at (0,0) size 0x15
                    RenderInline {O:P} at (0,0) size 0x15
              RenderTableCell {TD} at (267,1932) size 100x33 [border: (1px none #808080) none (1px none #808080)] [r=31 c=2 rs=1 cs=1]
                RenderBlock {P} at (8,1) size 84x16
                  RenderText {#text} at (30,0) size 24x15
                    text run at (30,0) width 24: " Yes"
                RenderBlock {P} at (8,17) size 84x16
                  RenderText {#text} at (31,0) size 21x15
                    text run at (31,0) width 21: "Yes"
                  RenderInline {SPAN} at (0,0) size 1x15
                    RenderInline {O:P} at (0,0) size 1x15
              RenderTableCell {TD} at (366,1932) size 107x33 [border: (1px none #808080) none (1px none #808080)] [r=31 c=3 rs=1 cs=1]
                RenderBlock {P} at (8,1) size 90x16
                  RenderText {#text} at (35,0) size 20x15
                    text run at (35,0) width 20: " No"
                RenderBlock {P} at (8,17) size 90x16
                  RenderText {#text} at (36,0) size 17x15
                    text run at (36,0) width 17: "No"
                  RenderInline {SPAN} at (0,0) size 1x15
                    RenderInline {O:P} at (0,0) size 1x15
            RenderTableRow {TR} at (0,1997) size 472x145
              RenderTableCell {TD} at (0,1997) size 99x17 [border: (1px none #808080) none] [r=32 c=0 rs=1 cs=1]
                RenderBlock {P} at (8,1) size 84x16
                  RenderText {#text} at (35,0) size 13x15
                    text run at (35,0) width 13: "33"
                  RenderInline {SPAN} at (0,0) size 1x15
                    RenderInline {O:P} at (0,0) size 1x15
              RenderTableCell {TD} at (98,1997) size 170x145 [border: (1px none #808080) none (1px none #808080)] [r=32 c=1 rs=1 cs=1]
                RenderBlock {P} at (8,1) size 155x16
                  RenderText {#text} at (0,0) size 70x15
                    text run at (0,0) width 70: "Tom Wagner"
                  RenderInline {SPAN} at (0,0) size 0x15
                    RenderInline {O:P} at (0,0) size 0x15
                RenderBlock {P} at (8,17) size 155x16
                  RenderText {#text} at (0,0) size 73x15
                    text run at (0,0) width 73: "Gene Langley"
                RenderBlock {P} at (8,33) size 155x16
                  RenderText {#text} at (0,0) size 79x15
                    text run at (0,0) width 79: "James Haladus"
                RenderBlock {P} at (8,49) size 155x16
                  RenderText {#text} at (0,0) size 80x15
                    text run at (0,0) width 80: "Daniel Buckley"
                RenderBlock {P} at (8,65) size 155x16
                  RenderText {#text} at (0,0) size 67x15
                    text run at (0,0) width 67: "Chris Larsen"
                RenderBlock {P} at (8,81) size 155x16
                  RenderText {#text} at (0,0) size 71x15
                    text run at (0,0) width 71: "Mike Chansu"
                RenderBlock {P} at (8,97) size 155x16
                  RenderText {#text} at (0,0) size 70x15
                    text run at (0,0) width 70: "James Brown"
                RenderBlock {P} at (8,113) size 155x16
                  RenderText {#text} at (0,0) size 62x15
                    text run at (0,0) width 62: "Will Sievert"
                RenderBlock {P} at (8,129) size 155x16
                  RenderText {#text} at (0,0) size 68x15
                    text run at (0,0) width 68: "Terry Chong"
                  RenderInline {SPAN} at (0,0) size 0x15
                    RenderInline {O:P} at (0,0) size 0x15
              RenderTableCell {TD} at (267,1997) size 100x145 [border: (1px none #808080) none (1px none #808080)] [r=32 c=2 rs=1 cs=1]
                RenderBlock {P} at (8,1) size 84x16
                  RenderText {#text} at (31,0) size 21x15
                    text run at (31,0) width 21: "Yes"
                  RenderInline {SPAN} at (0,0) size 1x15
                    RenderInline {O:P} at (0,0) size 1x15
                RenderBlock {P} at (8,17) size 84x16
                  RenderText {#text} at (31,0) size 21x15
                    text run at (31,0) width 21: "Yes"
                RenderBlock {P} at (8,33) size 84x16
                  RenderText {#text} at (31,0) size 21x15
                    text run at (31,0) width 21: "Yes"
                RenderBlock {P} at (8,49) size 84x16
                  RenderText {#text} at (31,0) size 21x15
                    text run at (31,0) width 21: "Yes"
                RenderBlock {P} at (8,65) size 84x16
                  RenderText {#text} at (40,0) size 4x15
                    text run at (40,0) width 4: " "
                RenderBlock {P} at (8,81) size 84x16
                  RenderText {#text} at (31,0) size 21x15
                    text run at (31,0) width 21: "Yes"
                RenderBlock {P} at (8,97) size 84x16
                  RenderText {#text} at (31,0) size 21x15
                    text run at (31,0) width 21: "Yes"
                RenderBlock {P} at (8,113) size 84x16
                  RenderText {#text} at (31,0) size 21x15
                    text run at (31,0) width 21: "Yes"
                RenderBlock {P} at (8,129) size 84x16
                  RenderText {#text} at (31,0) size 21x15
                    text run at (31,0) width 21: "Yes"
                  RenderInline {SPAN} at (0,0) size 1x15
                    RenderInline {O:P} at (0,0) size 1x15
              RenderTableCell {TD} at (366,1997) size 107x145 [border: (1px none #808080) none (1px none #808080)] [r=32 c=3 rs=1 cs=1]
                RenderBlock {P} at (8,1) size 90x16
                  RenderText {#text} at (36,0) size 17x15
                    text run at (36,0) width 17: "No"
                  RenderInline {SPAN} at (0,0) size 1x15
                    RenderInline {O:P} at (0,0) size 1x15
                RenderBlock {P} at (8,17) size 90x16
                  RenderText {#text} at (6,0) size 78x15
                    text run at (6,0) width 78: "Gyro wannabe"
                RenderBlock {P} at (8,33) size 90x16
                  RenderText {#text} at (36,0) size 17x15
                    text run at (36,0) width 17: "No"
                RenderBlock {P} at (8,49) size 90x16
                  RenderText {#text} at (36,0) size 17x15
                    text run at (36,0) width 17: "No"
                RenderBlock {P} at (8,65) size 90x16
                  RenderText {#text} at (43,0) size 4x15
                    text run at (43,0) width 4: " "
                RenderBlock {P} at (8,81) size 90x16
                  RenderText {#text} at (36,0) size 17x15
                    text run at (36,0) width 17: "No"
                RenderBlock {P} at (8,97) size 90x16
                  RenderText {#text} at (36,0) size 17x15
                    text run at (36,0) width 17: "No"
                RenderBlock {P} at (8,113) size 90x16
                  RenderText {#text} at (36,0) size 17x15
                    text run at (36,0) width 17: "No"
                RenderBlock {P} at (8,129) size 90x16
                  RenderText {#text} at (36,0) size 17x15
                    text run at (36,0) width 17: "No"
                  RenderInline {SPAN} at (0,0) size 1x15
                    RenderInline {O:P} at (0,0) size 1x15
            RenderTableRow {TR} at (0,2142) size 472x129
              RenderTableCell {TD} at (0,2142) size 99x17 [border: (1px none #808080) none] [r=33 c=0 rs=1 cs=1]
                RenderBlock {P} at (8,1) size 84x16
                  RenderText {#text} at (35,0) size 13x15
                    text run at (35,0) width 13: "34"
                  RenderInline {SPAN} at (0,0) size 1x15
                    RenderInline {O:P} at (0,0) size 1x15
              RenderTableCell {TD} at (98,2142) size 170x129 [border: (1px none #808080) none (1px none #808080)] [r=33 c=1 rs=1 cs=1]
                RenderBlock {P} at (8,1) size 155x16
                  RenderText {#text} at (0,0) size 55x15
                    text run at (0,0) width 55: "Jay Ribera"
                RenderBlock {P} at (8,17) size 155x16
                  RenderText {#text} at (0,0) size 81x15
                    text run at (0,0) width 81: "Gerald Cardinal"
                RenderBlock {P} at (8,33) size 155x16
                  RenderText {#text} at (0,0) size 66x15
                    text run at (0,0) width 66: "Dale Barnett"
                RenderBlock {P} at (8,49) size 155x16
                  RenderText {#text} at (0,0) size 62x15
                    text run at (0,0) width 62: "Paul Walter"
                RenderBlock {P} at (8,65) size 155x16
                  RenderText {#text} at (0,0) size 84x15
                    text run at (0,0) width 84: "Dominic Bayani"
                RenderBlock {P} at (8,81) size 155x16
                  RenderText {#text} at (0,0) size 90x15
                    text run at (0,0) width 90: "Donald Carvalho"
                RenderBlock {P} at (8,97) size 155x16
                  RenderText {#text} at (0,0) size 73x15
                    text run at (0,0) width 73: "Jack Peterson"
                RenderBlock {P} at (8,113) size 155x16
                  RenderText {#text} at (0,0) size 63x15
                    text run at (0,0) width 63: "Scott Hersh"
                  RenderInline {SPAN} at (0,0) size 0x15
                    RenderInline {O:P} at (0,0) size 0x15
              RenderTableCell {TD} at (267,2142) size 100x129 [border: (1px none #808080) none (1px none #808080)] [r=33 c=2 rs=1 cs=1]
                RenderBlock {P} at (8,1) size 84x16
                  RenderText {#text} at (31,0) size 21x15
                    text run at (31,0) width 21: "Yes"
                RenderBlock {P} at (8,17) size 84x16
                  RenderText {#text} at (40,0) size 4x15
                    text run at (40,0) width 4: " "
                RenderBlock {P} at (8,33) size 84x16
                  RenderText {#text} at (31,0) size 21x15
                    text run at (31,0) width 21: "Yes"
                RenderBlock {P} at (8,49) size 84x16
                  RenderText {#text} at (40,0) size 4x15
                    text run at (40,0) width 4: " "
                RenderBlock {P} at (8,65) size 84x16
                  RenderText {#text} at (40,0) size 4x15
                    text run at (40,0) width 4: " "
                RenderBlock {P} at (8,81) size 84x16
                  RenderText {#text} at (40,0) size 4x15
                    text run at (40,0) width 4: " "
                RenderBlock {P} at (8,97) size 84x16
                  RenderText {#text} at (40,0) size 4x15
                    text run at (40,0) width 4: " "
                RenderBlock {P} at (8,113) size 84x16
                  RenderText {#text} at (31,0) size 21x15
                    text run at (31,0) width 21: "Yes"
                  RenderInline {SPAN} at (0,0) size 1x15
                    RenderInline {O:P} at (0,0) size 1x15
              RenderTableCell {TD} at (366,2142) size 107x129 [border: (1px none #808080) none (1px none #808080)] [r=33 c=3 rs=1 cs=1]
                RenderBlock {P} at (8,1) size 90x16
                  RenderText {#text} at (36,0) size 17x15
                    text run at (36,0) width 17: "No"
                RenderBlock {P} at (8,17) size 90x16
                  RenderText {#text} at (43,0) size 4x15
                    text run at (43,0) width 4: " "
                RenderBlock {P} at (8,33) size 90x16
                  RenderText {#text} at (36,0) size 17x15
                    text run at (36,0) width 17: "No"
                RenderBlock {P} at (8,49) size 90x16
                  RenderText {#text} at (43,0) size 4x15
                    text run at (43,0) width 4: " "
                RenderBlock {P} at (8,65) size 90x16
                  RenderText {#text} at (43,0) size 4x15
                    text run at (43,0) width 4: " "
                RenderBlock {P} at (8,81) size 90x16
                  RenderText {#text} at (43,0) size 4x15
                    text run at (43,0) width 4: " "
                RenderBlock {P} at (8,97) size 90x16
                  RenderText {#text} at (43,0) size 4x15
                    text run at (43,0) width 4: " "
                RenderBlock {P} at (8,113) size 90x16
                  RenderText {#text} at (36,0) size 17x15
                    text run at (36,0) width 17: "No"
                  RenderInline {SPAN} at (0,0) size 1x15
                    RenderInline {O:P} at (0,0) size 1x15
            RenderTableRow {TR} at (0,2271) size 472x81
              RenderTableCell {TD} at (0,2271) size 99x17 [border: (1px none #808080) none] [r=34 c=0 rs=1 cs=1]
                RenderBlock {P} at (8,1) size 84x16
                  RenderText {#text} at (35,0) size 13x15
                    text run at (35,0) width 13: "35"
                  RenderInline {SPAN} at (0,0) size 1x15
                    RenderInline {O:P} at (0,0) size 1x15
              RenderTableCell {TD} at (98,2271) size 170x81 [border: (1px none #808080) none (1px none #808080)] [r=34 c=1 rs=1 cs=1]
                RenderBlock {P} at (8,1) size 155x16
                  RenderText {#text} at (0,0) size 78x15
                    text run at (0,0) width 78: " Richard Green"
                RenderBlock {P} at (8,17) size 155x16
                  RenderText {#text} at (0,0) size 64x15
                    text run at (0,0) width 64: "David Allen"
                RenderBlock {P} at (8,33) size 155x16
                  RenderText {#text} at (0,0) size 55x15
                    text run at (0,0) width 55: "Jim Colvin"
                RenderBlock {P} at (8,49) size 155x16
                  RenderText {#text} at (0,0) size 68x15
                    text run at (0,0) width 68: "Harald Close"
                RenderBlock {P} at (8,65) size 155x16
                  RenderText {#text} at (0,0) size 59x15
                    text run at (0,0) width 59: "Oliver Baer"
                  RenderInline {SPAN} at (0,0) size 0x15
                    RenderInline {O:P} at (0,0) size 0x15
              RenderTableCell {TD} at (267,2271) size 100x81 [border: (1px none #808080) none (1px none #808080)] [r=34 c=2 rs=1 cs=1]
                RenderBlock {P} at (8,1) size 84x16
                  RenderText {#text} at (40,0) size 4x15
                    text run at (40,0) width 4: " "
                RenderBlock {P} at (8,17) size 84x16
                  RenderText {#text} at (40,0) size 4x15
                    text run at (40,0) width 4: " "
                RenderBlock {P} at (8,33) size 84x16
                  RenderText {#text} at (40,0) size 4x15
                    text run at (40,0) width 4: " "
                RenderBlock {P} at (8,49) size 84x16
                  RenderText {#text} at (31,0) size 21x15
                    text run at (31,0) width 21: "Yes"
                RenderBlock {P} at (8,65) size 84x16
                  RenderText {#text} at (31,0) size 21x15
                    text run at (31,0) width 21: "Yes"
                  RenderInline {SPAN} at (0,0) size 1x15
                    RenderInline {O:P} at (0,0) size 1x15
              RenderTableCell {TD} at (366,2271) size 107x81 [border: (1px none #808080) none (1px none #808080)] [r=34 c=3 rs=1 cs=1]
                RenderBlock {P} at (8,1) size 90x16
                  RenderText {#text} at (43,0) size 4x15
                    text run at (43,0) width 4: " "
                RenderBlock {P} at (8,17) size 90x16
                  RenderText {#text} at (43,0) size 4x15
                    text run at (43,0) width 4: " "
                RenderBlock {P} at (8,33) size 90x16
                  RenderText {#text} at (43,0) size 4x15
                    text run at (43,0) width 4: " "
                RenderBlock {P} at (8,49) size 90x16
                  RenderText {#text} at (34,0) size 21x15
                    text run at (34,0) width 21: "Yes"
                RenderBlock {P} at (8,65) size 90x16
                  RenderText {#text} at (36,0) size 17x15
                    text run at (36,0) width 17: "No"
                  RenderInline {SPAN} at (0,0) size 1x15
                    RenderInline {O:P} at (0,0) size 1x15
            RenderTableRow {TR} at (0,2352) size 472x81
              RenderTableCell {TD} at (0,2352) size 99x17 [border: (1px none #808080) none] [r=35 c=0 rs=1 cs=1]
                RenderBlock {P} at (8,1) size 84x16
                  RenderText {#text} at (35,0) size 13x15
                    text run at (35,0) width 13: "36"
                  RenderInline {SPAN} at (0,0) size 1x15
                    RenderInline {O:P} at (0,0) size 1x15
              RenderTableCell {TD} at (98,2352) size 170x81 [border: (1px none #808080) none (1px none #808080)] [r=35 c=1 rs=1 cs=1]
                RenderBlock {P} at (8,1) size 155x16
                  RenderText {#text} at (0,0) size 70x15
                    text run at (0,0) width 70: "Jason Beehm"
                RenderBlock {P} at (8,17) size 155x16
                  RenderText {#text} at (0,0) size 90x15
                    text run at (0,0) width 90: "Darrell Carpenter"
                RenderBlock {P} at (8,33) size 155x16
                  RenderText {#text} at (0,0) size 79x15
                    text run at (0,0) width 79: "Stefan Kiritzov"
                RenderBlock {P} at (8,49) size 155x16
                  RenderText {#text} at (0,0) size 66x15
                    text run at (0,0) width 66: "Dale Barnett"
                RenderBlock {P} at (8,65) size 155x16
                  RenderText {#text} at (0,0) size 62x15
                    text run at (0,0) width 62: "Dan Sievert"
                  RenderInline {SPAN} at (0,0) size 0x15
                    RenderInline {O:P} at (0,0) size 0x15
              RenderTableCell {TD} at (267,2352) size 100x81 [border: (1px none #808080) none (1px none #808080)] [r=35 c=2 rs=1 cs=1]
                RenderBlock {P} at (8,1) size 84x16
                  RenderText {#text} at (31,0) size 21x15
                    text run at (31,0) width 21: "Yes"
                RenderBlock {P} at (8,17) size 84x16
                  RenderText {#text} at (31,0) size 21x15
                    text run at (31,0) width 21: "Yes"
                RenderBlock {P} at (8,33) size 84x16
                  RenderText {#text} at (31,0) size 21x15
                    text run at (31,0) width 21: "Yes"
                RenderBlock {P} at (8,49) size 84x16
                  RenderText {#text} at (31,0) size 21x15
                    text run at (31,0) width 21: "Yes"
                RenderBlock {P} at (8,65) size 84x16
                  RenderText {#text} at (31,0) size 21x15
                    text run at (31,0) width 21: "Yes"
                  RenderInline {SPAN} at (0,0) size 1x15
                    RenderInline {O:P} at (0,0) size 1x15
              RenderTableCell {TD} at (366,2352) size 107x81 [border: (1px none #808080) none (1px none #808080)] [r=35 c=3 rs=1 cs=1]
                RenderBlock {P} at (8,1) size 90x16
                  RenderText {#text} at (36,0) size 17x15
                    text run at (36,0) width 17: "No"
                RenderBlock {P} at (8,17) size 90x16
                  RenderText {#text} at (36,0) size 17x15
                    text run at (36,0) width 17: "No"
                RenderBlock {P} at (8,33) size 90x16
                  RenderText {#text} at (34,0) size 21x15
                    text run at (34,0) width 21: "Yes"
                RenderBlock {P} at (8,49) size 90x16
                  RenderText {#text} at (36,0) size 17x15
                    text run at (36,0) width 17: "No"
                RenderBlock {P} at (8,65) size 90x16
                  RenderText {#text} at (36,0) size 17x15
                    text run at (36,0) width 17: "No"
                  RenderInline {SPAN} at (0,0) size 1x15
                    RenderInline {O:P} at (0,0) size 1x15
            RenderTableRow {TR} at (0,2433) size 472x65
              RenderTableCell {TD} at (0,2433) size 99x17 [border: (1px none #808080) none] [r=36 c=0 rs=1 cs=1]
                RenderBlock {P} at (8,1) size 84x16
                  RenderText {#text} at (35,0) size 13x15
                    text run at (35,0) width 13: "37"
                  RenderInline {SPAN} at (0,0) size 1x15
                    RenderInline {O:P} at (0,0) size 1x15
              RenderTableCell {TD} at (98,2433) size 170x65 [border: (1px none #808080) none (1px none #808080)] [r=36 c=1 rs=1 cs=1]
                RenderBlock {P} at (8,1) size 155x16
                  RenderText {#text} at (0,0) size 88x15
                    text run at (0,0) width 88: "Dominic Civiletti"
                RenderBlock {P} at (8,17) size 155x16
                  RenderText {#text} at (0,0) size 81x15
                    text run at (0,0) width 81: "John Chamorro"
                RenderBlock {P} at (8,33) size 155x16
                  RenderText {#text} at (0,0) size 70x15
                    text run at (0,0) width 70: "Jim Mirowski"
                RenderBlock {P} at (8,49) size 155x16
                  RenderText {#text} at (0,0) size 76x15
                    text run at (0,0) width 76: "Soohong  Kim"
                  RenderInline {SPAN} at (0,0) size 0x15
                    RenderInline {O:P} at (0,0) size 0x15
              RenderTableCell {TD} at (267,2433) size 100x65 [border: (1px none #808080) none (1px none #808080)] [r=36 c=2 rs=1 cs=1]
                RenderBlock {P} at (8,1) size 84x16
                  RenderText {#text} at (31,0) size 21x15
                    text run at (31,0) width 21: "Yes"
                RenderBlock {P} at (8,17) size 84x16
                  RenderText {#text} at (40,0) size 4x15
                    text run at (40,0) width 4: " "
                RenderBlock {P} at (8,33) size 84x16
                  RenderText {#text} at (40,0) size 4x15
                    text run at (40,0) width 4: " "
                RenderBlock {P} at (8,49) size 84x16
                  RenderText {#text} at (31,0) size 21x15
                    text run at (31,0) width 21: "Yes"
                  RenderInline {SPAN} at (0,0) size 1x15
                    RenderInline {O:P} at (0,0) size 1x15
              RenderTableCell {TD} at (366,2433) size 107x65 [border: (1px none #808080) none (1px none #808080)] [r=36 c=3 rs=1 cs=1]
                RenderBlock {P} at (8,1) size 90x16
                  RenderText {#text} at (36,0) size 17x15
                    text run at (36,0) width 17: "No"
                RenderBlock {P} at (8,17) size 90x16
                  RenderText {#text} at (43,0) size 4x15
                    text run at (43,0) width 4: " "
                RenderBlock {P} at (8,33) size 90x16
                  RenderText {#text} at (43,0) size 4x15
                    text run at (43,0) width 4: " "
                RenderBlock {P} at (8,49) size 90x16
                  RenderText {#text} at (36,0) size 17x15
                    text run at (36,0) width 17: "No"
                  RenderInline {SPAN} at (0,0) size 1x15
                    RenderInline {O:P} at (0,0) size 1x15
            RenderTableRow {TR} at (0,2498) size 472x97
              RenderTableCell {TD} at (0,2498) size 99x17 [border: (1px none #808080) none] [r=37 c=0 rs=1 cs=1]
                RenderBlock {P} at (8,1) size 84x16
                  RenderText {#text} at (35,0) size 13x15
                    text run at (35,0) width 13: "38"
                  RenderInline {SPAN} at (0,0) size 1x15
                    RenderInline {O:P} at (0,0) size 1x15
              RenderTableCell {TD} at (98,2498) size 170x97 [border: (1px none #808080) none (1px none #808080)] [r=37 c=1 rs=1 cs=1]
                RenderBlock {P} at (8,1) size 155x16
                  RenderText {#text} at (0,0) size 97x15
                    text run at (0,0) width 97: "Karl Allmendinger"
                  RenderInline {SPAN} at (0,0) size 0x15
                    RenderInline {O:P} at (0,0) size 0x15
                RenderBlock {P} at (8,17) size 155x16
                  RenderText {#text} at (0,0) size 63x15
                    text run at (0,0) width 63: "John Bernal"
                  RenderInline {SPAN} at (0,0) size 0x15
                    RenderInline {O:P} at (0,0) size 0x15
                RenderBlock {P} at (8,33) size 155x16
                  RenderText {#text} at (0,0) size 73x15
                    text run at (0,0) width 73: "Gene Langley"
                RenderBlock {P} at (8,49) size 155x16
                  RenderText {#text} at (0,0) size 74x15
                    text run at (0,0) width 74: "Chuck Pringle"
                RenderBlock {P} at (8,65) size 155x16
                  RenderText {#text} at (0,0) size 52x15
                    text run at (0,0) width 52: "Jimmy Lei"
                RenderBlock {P} at (8,81) size 155x16
                  RenderText {#text} at (0,0) size 90x15
                    text run at (0,0) width 90: "Ruenjoe (Joe) Lu"
                  RenderInline {SPAN} at (0,0) size 0x15
                    RenderInline {O:P} at (0,0) size 0x15
              RenderTableCell {TD} at (267,2498) size 100x65 [border: (1px none #808080) none (1px none #808080)] [r=37 c=2 rs=1 cs=1]
                RenderBlock {P} at (8,1) size 84x16
                  RenderText {#text} at (31,0) size 21x15
                    text run at (31,0) width 21: "Yes"
                  RenderInline {SPAN} at (0,0) size 1x15
                    RenderInline {O:P} at (0,0) size 1x15
                RenderBlock {P} at (8,17) size 84x16
                  RenderText {#text} at (31,0) size 21x15
                    text run at (31,0) width 21: "Yes"
                  RenderInline {SPAN} at (0,0) size 1x15
                    RenderInline {O:P} at (0,0) size 1x15
                RenderBlock {P} at (8,33) size 84x16
                  RenderText {#text} at (31,0) size 21x15
                    text run at (31,0) width 21: "Yes"
                RenderBlock {P} at (8,49) size 84x16
                  RenderText {#text} at (31,0) size 21x15
                    text run at (31,0) width 21: "Yes"
                  RenderInline {SPAN} at (0,0) size 1x15
                    RenderInline {O:P} at (0,0) size 1x15
              RenderTableCell {TD} at (366,2498) size 107x65 [border: (1px none #808080) none (1px none #808080)] [r=37 c=3 rs=1 cs=1]
                RenderBlock {P} at (8,1) size 90x16
                  RenderText {#text} at (36,0) size 17x15
                    text run at (36,0) width 17: "No"
                  RenderInline {SPAN} at (0,0) size 1x15
                    RenderInline {O:P} at (0,0) size 1x15
                RenderBlock {P} at (8,17) size 90x16
                  RenderText {#text} at (36,0) size 17x15
                    text run at (36,0) width 17: "No"
                  RenderInline {SPAN} at (0,0) size 1x15
                    RenderInline {O:P} at (0,0) size 1x15
                RenderBlock {P} at (8,33) size 90x16
                  RenderText {#text} at (6,0) size 78x15
                    text run at (6,0) width 78: "Gyro wannabe"
                RenderBlock {P} at (8,49) size 90x16
                  RenderText {#text} at (36,0) size 17x15
                    text run at (36,0) width 17: "No"
                  RenderInline {SPAN} at (0,0) size 1x15
                    RenderInline {O:P} at (0,0) size 1x15
            RenderTableRow {TR} at (0,2595) size 472x49
              RenderTableCell {TD} at (0,2595) size 99x17 [border: (1px none #808080) none] [r=38 c=0 rs=1 cs=1]
                RenderBlock {P} at (8,1) size 84x16
                  RenderText {#text} at (35,0) size 13x15
                    text run at (35,0) width 13: "39"
                  RenderInline {SPAN} at (0,0) size 1x15
                    RenderInline {O:P} at (0,0) size 1x15
              RenderTableCell {TD} at (98,2595) size 170x49 [border: (1px none #808080) none (1px none #808080)] [r=38 c=1 rs=1 cs=1]
                RenderBlock {P} at (8,1) size 155x16
                  RenderText {#text} at (0,0) size 70x15
                    text run at (0,0) width 70: "Tom Wagner"
                RenderBlock {P} at (8,17) size 155x16
                  RenderText {#text} at (0,0) size 59x15
                    text run at (0,0) width 59: "Oliver Baer"
                RenderBlock {P} at (8,33) size 155x16
                  RenderText {#text} at (0,0) size 62x15
                    text run at (0,0) width 62: "Will Sievert"
                  RenderInline {SPAN} at (0,0) size 0x15
                    RenderInline {O:P} at (0,0) size 0x15
              RenderTableCell {TD} at (267,2595) size 100x49 [border: (1px none #808080) none (1px none #808080)] [r=38 c=2 rs=1 cs=1]
                RenderBlock {P} at (8,1) size 84x16
                  RenderText {#text} at (31,0) size 21x15
                    text run at (31,0) width 21: "Yes"
                RenderBlock {P} at (8,17) size 84x16
                  RenderText {#text} at (31,0) size 21x15
                    text run at (31,0) width 21: "Yes"
                RenderBlock {P} at (8,33) size 84x16
                  RenderText {#text} at (31,0) size 21x15
                    text run at (31,0) width 21: "Yes"
                  RenderInline {SPAN} at (0,0) size 1x15
                    RenderInline {O:P} at (0,0) size 1x15
              RenderTableCell {TD} at (366,2595) size 107x49 [border: (1px none #808080) none (1px none #808080)] [r=38 c=3 rs=1 cs=1]
                RenderBlock {P} at (8,1) size 90x16
                  RenderText {#text} at (36,0) size 17x15
                    text run at (36,0) width 17: "No"
                RenderBlock {P} at (8,17) size 90x16
                  RenderText {#text} at (36,0) size 17x15
                    text run at (36,0) width 17: "No"
                RenderBlock {P} at (8,33) size 90x16
                  RenderText {#text} at (36,0) size 17x15
                    text run at (36,0) width 17: "No"
                  RenderInline {SPAN} at (0,0) size 1x15
                    RenderInline {O:P} at (0,0) size 1x15
            RenderTableRow {TR} at (0,2644) size 472x129
              RenderTableCell {TD} at (0,2644) size 99x17 [border: (1px none #808080) none] [r=39 c=0 rs=1 cs=1]
                RenderBlock {P} at (8,1) size 84x16
                  RenderText {#text} at (35,0) size 13x15
                    text run at (35,0) width 13: "40"
                  RenderInline {SPAN} at (0,0) size 1x15
                    RenderInline {O:P} at (0,0) size 1x15
              RenderTableCell {TD} at (98,2644) size 170x129 [border: (1px none #808080) none (1px none #808080)] [r=39 c=1 rs=1 cs=1]
                RenderBlock {P} at (8,1) size 155x16
                  RenderText {#text} at (0,0) size 81x15
                    text run at (0,0) width 81: "Alberto Lanzas"
                  RenderInline {SPAN} at (0,0) size 0x15
                    RenderInline {O:P} at (0,0) size 0x15
                RenderBlock {P} at (8,17) size 155x16
                  RenderText {#text} at (0,0) size 92x15
                    text run at (0,0) width 92: "Zak + Mike West"
                  RenderInline {SPAN} at (0,0) size 0x15
                    RenderInline {O:P} at (0,0) size 0x15
                RenderBlock {P} at (8,33) size 155x16
                  RenderText {#text} at (0,0) size 67x15
                    text run at (0,0) width 67: "Javier Flores"
                  RenderInline {SPAN} at (0,0) size 0x15
                    RenderInline {O:P} at (0,0) size 0x15
                RenderBlock {P} at (8,49) size 155x16
                  RenderText {#text} at (0,0) size 66x15
                    text run at (0,0) width 66: "Bill Johnson"
                  RenderInline {SPAN} at (0,0) size 0x15
                    RenderInline {O:P} at (0,0) size 0x15
                RenderBlock {P} at (8,65) size 155x16
                  RenderText {#text} at (0,0) size 73x15
                    text run at (0,0) width 73: "Gene Langley"
                RenderBlock {P} at (8,81) size 155x16
                  RenderText {#text} at (0,0) size 67x15
                    text run at (0,0) width 67: "Rich Burnett"
                RenderBlock {P} at (8,97) size 155x16
                  RenderText {#text} at (0,0) size 86x15
                    text run at (0,0) width 86: "Jack Goodfriend"
                RenderBlock {P} at (8,113) size 155x16
                  RenderText {#text} at (0,0) size 68x15
                    text run at (0,0) width 68: "Harald Close"
                  RenderInline {SPAN} at (0,0) size 0x15
                    RenderInline {O:P} at (0,0) size 0x15
              RenderTableCell {TD} at (267,2644) size 100x129 [border: (1px none #808080) none (1px none #808080)] [r=39 c=2 rs=1 cs=1]
                RenderBlock {P} at (8,1) size 84x16
                  RenderText {#text} at (31,0) size 21x15
                    text run at (31,0) width 21: "Yes"
                  RenderInline {SPAN} at (0,0) size 1x15
                    RenderInline {O:P} at (0,0) size 1x15
                RenderBlock {P} at (8,17) size 84x16
                  RenderText {#text} at (31,0) size 21x15
                    text run at (31,0) width 21: "Yes"
                  RenderInline {SPAN} at (0,0) size 1x15
                    RenderInline {O:P} at (0,0) size 1x15
                RenderBlock {P} at (8,33) size 84x16
                  RenderText {#text} at (31,0) size 21x15
                    text run at (31,0) width 21: "Yes"
                  RenderInline {SPAN} at (0,0) size 1x15
                    RenderInline {O:P} at (0,0) size 1x15
                RenderBlock {P} at (8,49) size 84x16
                  RenderText {#text} at (31,0) size 21x15
                    text run at (31,0) width 21: "Yes"
                  RenderInline {SPAN} at (0,0) size 1x15
                    RenderInline {O:P} at (0,0) size 1x15
                RenderBlock {P} at (8,65) size 84x16
                  RenderText {#text} at (31,0) size 21x15
                    text run at (31,0) width 21: "Yes"
                RenderBlock {P} at (8,81) size 84x16
                  RenderText {#text} at (40,0) size 4x15
                    text run at (40,0) width 4: " "
                RenderBlock {P} at (8,97) size 84x16
                  RenderText {#text} at (40,0) size 4x15
                    text run at (40,0) width 4: " "
                RenderBlock {P} at (8,113) size 84x16
                  RenderText {#text} at (31,0) size 21x15
                    text run at (31,0) width 21: "Yes"
                  RenderInline {SPAN} at (0,0) size 1x15
                    RenderInline {O:P} at (0,0) size 1x15
              RenderTableCell {TD} at (366,2644) size 107x129 [border: (1px none #808080) none (1px none #808080)] [r=39 c=3 rs=1 cs=1]
                RenderBlock {P} at (8,1) size 90x16
                  RenderText {#text} at (34,0) size 21x15
                    text run at (34,0) width 21: "Yes"
                  RenderInline {SPAN} at (0,0) size 1x15
                    RenderInline {O:P} at (0,0) size 1x15
                RenderBlock {P} at (8,17) size 90x16
                  RenderText {#text} at (34,0) size 21x15
                    text run at (34,0) width 21: "Yes"
                  RenderInline {SPAN} at (0,0) size 1x15
                    RenderInline {O:P} at (0,0) size 1x15
                RenderBlock {P} at (8,33) size 90x16
                  RenderText {#text} at (36,0) size 17x15
                    text run at (36,0) width 17: "No"
                  RenderInline {SPAN} at (0,0) size 1x15
                    RenderInline {O:P} at (0,0) size 1x15
                RenderBlock {P} at (8,49) size 90x16
                  RenderText {#text} at (36,0) size 17x15
                    text run at (36,0) width 17: "No"
                  RenderInline {SPAN} at (0,0) size 1x15
                    RenderInline {O:P} at (0,0) size 1x15
                RenderBlock {P} at (8,65) size 90x16
                  RenderText {#text} at (29,0) size 32x15
                    text run at (29,0) width 32: "Glider"
                RenderBlock {P} at (8,81) size 90x16
                  RenderText {#text} at (43,0) size 4x15
                    text run at (43,0) width 4: " "
                RenderBlock {P} at (8,97) size 90x16
                  RenderText {#text} at (43,0) size 4x15
                    text run at (43,0) width 4: " "
                RenderBlock {P} at (8,113) size 90x16
                  RenderText {#text} at (36,0) size 17x15
                    text run at (36,0) width 17: "No"
                  RenderInline {SPAN} at (0,0) size 1x15
                    RenderInline {O:P} at (0,0) size 1x15
            RenderTableRow {TR} at (0,2773) size 472x129
              RenderTableCell {TD} at (0,2773) size 99x17 [border: (1px none #808080) none] [r=40 c=0 rs=1 cs=1]
                RenderBlock {P} at (8,1) size 84x16
                  RenderText {#text} at (35,0) size 13x15
                    text run at (35,0) width 13: "41"
                  RenderInline {SPAN} at (0,0) size 1x15
                    RenderInline {O:P} at (0,0) size 1x15
              RenderTableCell {TD} at (98,2773) size 170x129 [border: (1px none #808080) none (1px none #808080)] [r=40 c=1 rs=1 cs=1]
                RenderBlock {P} at (8,1) size 155x16
                  RenderText {#text} at (0,0) size 88x15
                    text run at (0,0) width 88: "Dominic Civiletti"
                  RenderInline {SPAN} at (0,0) size 0x15
                    RenderInline {O:P} at (0,0) size 0x15
                RenderBlock {P} at (8,17) size 155x16
                  RenderText {#text} at (0,0) size 103x15
                    text run at (0,0) width 103: "Corbin Christensen"
                  RenderInline {SPAN} at (0,0) size 0x15
                    RenderInline {O:P} at (0,0) size 0x15
                RenderBlock {P} at (8,33) size 155x16
                  RenderText {#text} at (0,0) size 56x15
                    text run at (0,0) width 56: "Hal Hirsch"
                  RenderInline {SPAN} at (0,0) size 0x15
                    RenderInline {O:P} at (0,0) size 0x15
                RenderBlock {P} at (8,49) size 155x16
                  RenderText {#text} at (0,0) size 88x15
                    text run at (0,0) width 88: "Richard Sanchez"
                RenderBlock {P} at (8,65) size 155x16
                  RenderText {#text} at (0,0) size 63x15
                    text run at (0,0) width 63: "John Bernal"
                RenderBlock {P} at (8,81) size 155x16
                  RenderText {#text} at (0,0) size 67x15
                    text run at (0,0) width 67: "Rich Burnett"
                RenderBlock {P} at (8,97) size 155x16
                  RenderText {#text} at (0,0) size 69x15
                    text run at (0,0) width 69: "Brock Brown"
                RenderBlock {P} at (8,113) size 155x16
                  RenderText {#text} at (0,0) size 55x15
                    text run at (0,0) width 55: "John Paye"
                  RenderInline {SPAN} at (0,0) size 0x15
                    RenderInline {O:P} at (0,0) size 0x15
              RenderTableCell {TD} at (267,2773) size 100x113 [border: (1px none #808080) none (1px none #808080)] [r=40 c=2 rs=1 cs=1]
                RenderBlock {P} at (8,1) size 84x16
                  RenderText {#text} at (31,0) size 21x15
                    text run at (31,0) width 21: "Yes"
                  RenderInline {SPAN} at (0,0) size 1x15
                    RenderInline {O:P} at (0,0) size 1x15
                RenderBlock {P} at (8,17) size 84x16
                  RenderText {#text} at (31,0) size 21x15
                    text run at (31,0) width 21: "Yes"
                  RenderInline {SPAN} at (0,0) size 1x15
                    RenderInline {O:P} at (0,0) size 1x15
                RenderBlock {P} at (8,33) size 84x16
                  RenderText {#text} at (31,0) size 21x15
                    text run at (31,0) width 21: "Yes"
                  RenderInline {SPAN} at (0,0) size 1x15
                    RenderInline {O:P} at (0,0) size 1x15
                RenderBlock {P} at (8,49) size 84x16
                  RenderText {#text} at (33,0) size 17x15
                    text run at (33,0) width 17: "No"
                RenderBlock {P} at (8,65) size 84x16
                  RenderText {#text} at (31,0) size 21x15
                    text run at (31,0) width 21: "Yes"
                RenderBlock {P} at (8,81) size 84x16
                  RenderText {#text} at (40,0) size 4x15
                    text run at (40,0) width 4: " "
                RenderBlock {P} at (8,97) size 84x16
                  RenderText {#text} at (31,0) size 21x15
                    text run at (31,0) width 21: "Yes"
                  RenderInline {SPAN} at (0,0) size 1x15
                    RenderInline {O:P} at (0,0) size 1x15
              RenderTableCell {TD} at (366,2773) size 107x113 [border: (1px none #808080) none (1px none #808080)] [r=40 c=3 rs=1 cs=1]
                RenderBlock {P} at (8,1) size 90x16
                  RenderText {#text} at (36,0) size 17x15
                    text run at (36,0) width 17: "No"
                  RenderInline {SPAN} at (0,0) size 1x15
                    RenderInline {O:P} at (0,0) size 1x15
                RenderBlock {P} at (8,17) size 90x16
                  RenderText {#text} at (36,0) size 17x15
                    text run at (36,0) width 17: "No"
                  RenderInline {SPAN} at (0,0) size 1x15
                    RenderInline {O:P} at (0,0) size 1x15
                RenderBlock {P} at (8,33) size 90x16
                  RenderText {#text} at (36,0) size 17x15
                    text run at (36,0) width 17: "No"
                  RenderInline {SPAN} at (0,0) size 1x15
                    RenderInline {O:P} at (0,0) size 1x15
                RenderBlock {P} at (8,49) size 90x16
                  RenderText {#text} at (34,0) size 21x15
                    text run at (34,0) width 21: "Yes"
                RenderBlock {P} at (8,65) size 90x16
                  RenderText {#text} at (36,0) size 17x15
                    text run at (36,0) width 17: "No"
                RenderBlock {P} at (8,81) size 90x16
                  RenderText {#text} at (43,0) size 4x15
                    text run at (43,0) width 4: " "
                RenderBlock {P} at (8,97) size 90x16
                  RenderText {#text} at (36,0) size 17x15
                    text run at (36,0) width 17: "No"
                  RenderInline {SPAN} at (0,0) size 1x15
                    RenderInline {O:P} at (0,0) size 1x15
            RenderTableRow {TR} at (0,2902) size 472x129
              RenderTableCell {TD} at (0,2902) size 99x17 [border: (1px none #808080) none] [r=41 c=0 rs=1 cs=1]
                RenderBlock {P} at (8,1) size 84x16
                  RenderText {#text} at (35,0) size 13x15
                    text run at (35,0) width 13: "42"
                  RenderInline {SPAN} at (0,0) size 1x15
                    RenderInline {O:P} at (0,0) size 1x15
              RenderTableCell {TD} at (98,2902) size 170x129 [border: (1px none #808080) none (1px none #808080)] [r=41 c=1 rs=1 cs=1]
                RenderBlock {P} at (8,1) size 155x16
                  RenderText {#text} at (0,0) size 47x15
                    text run at (0,0) width 47: "Tony Yu"
                  RenderInline {SPAN} at (0,0) size 0x15
                    RenderInline {O:P} at (0,0) size 0x15
                RenderBlock {P} at (8,17) size 155x16
                  RenderText {#text} at (0,0) size 65x15
                    text run at (0,0) width 65: "Jason Miller"
                  RenderInline {SPAN} at (0,0) size 0x15
                    RenderInline {O:P} at (0,0) size 0x15
                RenderBlock {P} at (8,33) size 155x16
                  RenderText {#text} at (0,0) size 84x15
                    text run at (0,0) width 84: "Maurice Burton"
                RenderBlock {P} at (8,49) size 155x16
                  RenderText {#text} at (0,0) size 62x15
                    text run at (0,0) width 62: "Dan Sievert"
                RenderBlock {P} at (8,65) size 155x16
                  RenderText {#text} at (0,0) size 60x15
                    text run at (0,0) width 60: "Jerry Davis"
                RenderBlock {P} at (8,81) size 155x16
                  RenderText {#text} at (0,0) size 55x15
                    text run at (0,0) width 55: "John Paye"
                RenderBlock {P} at (8,97) size 155x16
                  RenderText {#text} at (0,0) size 71x15
                    text run at (0,0) width 71: "Gordon Frost"
                RenderBlock {P} at (8,113) size 155x16
                  RenderText {#text} at (0,0) size 66x15
                    text run at (0,0) width 66: "Chris Walsh"
                  RenderInline {SPAN} at (0,0) size 0x15
                    RenderInline {O:P} at (0,0) size 0x15
              RenderTableCell {TD} at (267,2902) size 100x81 [border: (1px none #808080) none (1px none #808080)] [r=41 c=2 rs=1 cs=1]
                RenderBlock {P} at (8,1) size 84x16
                  RenderText {#text} at (31,0) size 21x15
                    text run at (31,0) width 21: "Yes"
                  RenderInline {SPAN} at (0,0) size 1x15
                    RenderInline {O:P} at (0,0) size 1x15
                RenderBlock {P} at (8,17) size 84x16
                  RenderText {#text} at (31,0) size 21x15
                    text run at (31,0) width 21: "Yes"
                  RenderInline {SPAN} at (0,0) size 1x15
                    RenderInline {O:P} at (0,0) size 1x15
                RenderBlock {P} at (8,33) size 84x16
                  RenderText {#text} at (31,0) size 21x15
                    text run at (31,0) width 21: "Yes"
                RenderBlock {P} at (8,49) size 84x16
                  RenderText {#text} at (31,0) size 21x15
                    text run at (31,0) width 21: "Yes"
                RenderBlock {P} at (8,65) size 84x16
                  RenderText {#text} at (31,0) size 21x15
                    text run at (31,0) width 21: "Yes"
                  RenderInline {SPAN} at (0,0) size 1x15
                    RenderInline {O:P} at (0,0) size 1x15
              RenderTableCell {TD} at (366,2902) size 107x81 [border: (1px none #808080) none (1px none #808080)] [r=41 c=3 rs=1 cs=1]
                RenderBlock {P} at (8,1) size 90x16
                  RenderText {#text} at (36,0) size 17x15
                    text run at (36,0) width 17: "No"
                  RenderInline {SPAN} at (0,0) size 1x15
                    RenderInline {O:P} at (0,0) size 1x15
                RenderBlock {P} at (8,17) size 90x16
                  RenderText {#text} at (36,0) size 17x15
                    text run at (36,0) width 17: "No"
                  RenderInline {SPAN} at (0,0) size 1x15
                    RenderInline {O:P} at (0,0) size 1x15
                RenderBlock {P} at (8,33) size 90x16
                  RenderText {#text} at (36,0) size 17x15
                    text run at (36,0) width 17: "No"
                RenderBlock {P} at (8,49) size 90x16
                  RenderText {#text} at (36,0) size 17x15
                    text run at (36,0) width 17: "No"
                RenderBlock {P} at (8,65) size 90x16
                  RenderText {#text} at (36,0) size 17x15
                    text run at (36,0) width 17: "No"
                  RenderInline {SPAN} at (0,0) size 1x15
                    RenderInline {O:P} at (0,0) size 1x15
            RenderTableRow {TR} at (0,3031) size 472x113
              RenderTableCell {TD} at (0,3031) size 99x17 [border: (1px none #808080) none] [r=42 c=0 rs=1 cs=1]
                RenderBlock {P} at (8,1) size 84x16
                  RenderText {#text} at (35,0) size 13x15
                    text run at (35,0) width 13: "43"
                  RenderInline {SPAN} at (0,0) size 1x15
                    RenderInline {O:P} at (0,0) size 1x15
              RenderTableCell {TD} at (98,3031) size 170x113 [border: (1px none #808080) none (1px none #808080)] [r=42 c=1 rs=1 cs=1]
                RenderBlock {P} at (8,1) size 155x16
                  RenderText {#text} at (0,0) size 88x15
                    text run at (0,0) width 88: "Dominic Civiletti"
                  RenderInline {SPAN} at (0,0) size 0x15
                    RenderInline {O:P} at (0,0) size 0x15
                RenderBlock {P} at (8,17) size 155x16
                  RenderText {#text} at (0,0) size 63x15
                    text run at (0,0) width 63: "Ken Gullion"
                  RenderInline {SPAN} at (0,0) size 0x15
                    RenderInline {O:P} at (0,0) size 0x15
                RenderBlock {P} at (8,33) size 155x16
                  RenderText {#text} at (0,0) size 62x15
                    text run at (0,0) width 62: "Will Sievert"
                RenderBlock {P} at (8,49) size 155x16
                  RenderText {#text} at (0,0) size 72x15
                    text run at (0,0) width 72: "Jim Mahoney"
                RenderBlock {P} at (8,65) size 155x16
                  RenderText {#text} at (0,0) size 66x15
                    text run at (0,0) width 66: "Ken Manuel"
                RenderBlock {P} at (8,81) size 155x16
                  RenderText {#text} at (0,0) size 58x15
                    text run at (0,0) width 58: "John Todd"
                RenderBlock {P} at (8,97) size 155x16
                  RenderText {#text} at (0,0) size 87x15
                    text run at (0,0) width 87: "Rick Rasmussen"
                  RenderInline {SPAN} at (0,0) size 0x15
                    RenderInline {O:P} at (0,0) size 0x15
              RenderTableCell {TD} at (267,3031) size 100x81 [border: (1px none #808080) none (1px none #808080)] [r=42 c=2 rs=1 cs=1]
                RenderBlock {P} at (8,1) size 84x16
                  RenderText {#text} at (31,0) size 21x15
                    text run at (31,0) width 21: "Yes"
                  RenderInline {SPAN} at (0,0) size 1x15
                    RenderInline {O:P} at (0,0) size 1x15
                RenderBlock {P} at (8,17) size 84x16
                  RenderText {#text} at (31,0) size 21x15
                    text run at (31,0) width 21: "Yes"
                  RenderInline {SPAN} at (0,0) size 1x15
                    RenderInline {O:P} at (0,0) size 1x15
                RenderBlock {P} at (8,33) size 84x16
                  RenderText {#text} at (31,0) size 21x15
                    text run at (31,0) width 21: "Yes"
                RenderBlock {P} at (8,49) size 84x16
                  RenderText {#text} at (31,0) size 21x15
                    text run at (31,0) width 21: "Yes"
                RenderBlock {P} at (8,65) size 84x16
                  RenderText {#text} at (31,0) size 21x15
                    text run at (31,0) width 21: "Yes"
                  RenderInline {SPAN} at (0,0) size 1x15
                    RenderInline {O:P} at (0,0) size 1x15
              RenderTableCell {TD} at (366,3031) size 107x81 [border: (1px none #808080) none (1px none #808080)] [r=42 c=3 rs=1 cs=1]
                RenderBlock {P} at (8,1) size 90x16
                  RenderText {#text} at (36,0) size 17x15
                    text run at (36,0) width 17: "No"
                  RenderInline {SPAN} at (0,0) size 1x15
                    RenderInline {O:P} at (0,0) size 1x15
                RenderBlock {P} at (8,17) size 90x16
                  RenderText {#text} at (36,0) size 17x15
                    text run at (36,0) width 17: "No"
                  RenderInline {SPAN} at (0,0) size 1x15
                    RenderInline {O:P} at (0,0) size 1x15
                RenderBlock {P} at (8,33) size 90x16
                  RenderText {#text} at (20,0) size 50x15
                    text run at (20,0) width 50: "Someday"
                RenderBlock {P} at (8,49) size 90x16
                  RenderText {#text} at (34,0) size 21x15
                    text run at (34,0) width 21: "Yes"
                RenderBlock {P} at (8,65) size 90x16
                  RenderText {#text} at (36,0) size 17x15
                    text run at (36,0) width 17: "No"
                  RenderInline {SPAN} at (0,0) size 1x15
                    RenderInline {O:P} at (0,0) size 1x15
            RenderTableRow {TR} at (0,3144) size 472x65
              RenderTableCell {TD} at (0,3144) size 99x17 [border: (1px none #808080) none] [r=43 c=0 rs=1 cs=1]
                RenderBlock {P} at (8,1) size 84x16
                  RenderText {#text} at (35,0) size 13x15
                    text run at (35,0) width 13: "44"
                  RenderInline {SPAN} at (0,0) size 1x15
                    RenderInline {O:P} at (0,0) size 1x15
              RenderTableCell {TD} at (98,3144) size 170x65 [border: (1px none #808080) none (1px none #808080)] [r=43 c=1 rs=1 cs=1]
                RenderBlock {P} at (8,1) size 155x16
                  RenderText {#text} at (0,0) size 60x15
                    text run at (0,0) width 60: "Gary Heath"
                  RenderInline {SPAN} at (0,0) size 0x15
                    RenderInline {O:P} at (0,0) size 0x15
                RenderBlock {P} at (8,17) size 155x16
                  RenderText {#text} at (0,0) size 79x15
                    text run at (0,0) width 79: "Quinn Chuong"
                RenderBlock {P} at (8,33) size 155x16
                  RenderText {#text} at (0,0) size 62x15
                    text run at (0,0) width 62: "Dan Sievert"
                RenderBlock {P} at (8,49) size 155x16
                  RenderText {#text} at (0,0) size 84x15
                    text run at (0,0) width 84: "Alexander Wert"
                  RenderInline {SPAN} at (0,0) size 0x15
                    RenderInline {O:P} at (0,0) size 0x15
              RenderTableCell {TD} at (267,3144) size 100x65 [border: (1px none #808080) none (1px none #808080)] [r=43 c=2 rs=1 cs=1]
                RenderBlock {P} at (8,1) size 84x16
                  RenderText {#text} at (33,0) size 17x15
                    text run at (33,0) width 17: "No"
                  RenderInline {SPAN} at (0,0) size 1x15
                    RenderInline {O:P} at (0,0) size 1x15
                RenderBlock {P} at (8,17) size 84x16
                  RenderText {#text} at (31,0) size 21x15
                    text run at (31,0) width 21: "Yes"
                RenderBlock {P} at (8,33) size 84x16
                  RenderText {#text} at (31,0) size 21x15
                    text run at (31,0) width 21: "Yes"
                RenderBlock {P} at (8,49) size 84x16
                  RenderText {#text} at (33,0) size 17x15
                    text run at (33,0) width 17: "No"
                  RenderInline {SPAN} at (0,0) size 1x15
                    RenderInline {O:P} at (0,0) size 1x15
              RenderTableCell {TD} at (366,3144) size 107x65 [border: (1px none #808080) none (1px none #808080)] [r=43 c=3 rs=1 cs=1]
                RenderBlock {P} at (8,1) size 90x16
                  RenderText {#text} at (34,0) size 21x15
                    text run at (34,0) width 21: "Yes"
                  RenderInline {SPAN} at (0,0) size 1x15
                    RenderInline {O:P} at (0,0) size 1x15
                RenderBlock {P} at (8,17) size 90x16
                  RenderText {#text} at (34,0) size 21x15
                    text run at (34,0) width 21: "Yes"
                RenderBlock {P} at (8,33) size 90x16
                  RenderText {#text} at (36,0) size 17x15
                    text run at (36,0) width 17: "No"
                RenderBlock {P} at (8,49) size 90x16
                  RenderText {#text} at (34,0) size 21x15
                    text run at (34,0) width 21: "Yes"
                  RenderInline {SPAN} at (0,0) size 1x15
                    RenderInline {O:P} at (0,0) size 1x15
            RenderTableRow {TR} at (0,3209) size 472x49
              RenderTableCell {TD} at (0,3209) size 99x17 [border: (1px none #808080) none] [r=44 c=0 rs=1 cs=1]
                RenderBlock {P} at (8,1) size 84x16
                  RenderText {#text} at (35,0) size 13x15
                    text run at (35,0) width 13: "45"
                  RenderInline {SPAN} at (0,0) size 1x15
                    RenderInline {O:P} at (0,0) size 1x15
              RenderTableCell {TD} at (98,3209) size 170x49 [border: (1px none #808080) none (1px none #808080)] [r=44 c=1 rs=1 cs=1]
                RenderBlock {P} at (8,1) size 155x16
                  RenderText {#text} at (0,0) size 79x15
                    text run at (0,0) width 79: "James Holaduz"
                RenderBlock {P} at (8,17) size 155x16
                  RenderInline {FONT} at (0,0) size 55x15
                    RenderText {#text} at (0,0) size 55x15
                      text run at (0,0) width 55: "Don Coon"
                RenderBlock {P} at (8,33) size 155x16
                  RenderText {#text} at (0,0) size 83x15
                    text run at (0,0) width 83: "John Yearwood"
                  RenderInline {SPAN} at (0,0) size 0x15
                    RenderInline {O:P} at (0,0) size 0x15
              RenderTableCell {TD} at (267,3209) size 100x49 [border: (1px none #808080) none (1px none #808080)] [r=44 c=2 rs=1 cs=1]
                RenderBlock {P} at (8,1) size 84x16
                  RenderText {#text} at (31,0) size 21x15
                    text run at (31,0) width 21: "Yes"
                RenderBlock {P} at (8,17) size 84x16
                  RenderText {#text} at (40,0) size 4x15
                    text run at (40,0) width 4: " "
                RenderBlock {P} at (8,33) size 84x16
                  RenderText {#text} at (31,0) size 21x15
                    text run at (31,0) width 21: "Yes"
                  RenderInline {SPAN} at (0,0) size 1x15
                    RenderInline {O:P} at (0,0) size 1x15
              RenderTableCell {TD} at (366,3209) size 107x49 [border: (1px none #808080) none (1px none #808080)] [r=44 c=3 rs=1 cs=1]
                RenderBlock {P} at (8,1) size 90x16
                  RenderText {#text} at (36,0) size 17x15
                    text run at (36,0) width 17: "No"
                RenderBlock {P} at (8,17) size 90x16
                  RenderText {#text} at (43,0) size 4x15
                    text run at (43,0) width 4: " "
                RenderBlock {P} at (8,33) size 90x16
                  RenderText {#text} at (36,0) size 17x15
                    text run at (36,0) width 17: "No"
                  RenderInline {SPAN} at (0,0) size 1x15
                    RenderInline {O:P} at (0,0) size 1x15
            RenderTableRow {TR} at (0,3258) size 472x129
              RenderTableCell {TD} at (0,3258) size 99x17 [border: (1px none #808080) none] [r=45 c=0 rs=1 cs=1]
                RenderBlock {P} at (8,1) size 84x16
                  RenderText {#text} at (35,0) size 13x15
                    text run at (35,0) width 13: "46"
                  RenderInline {SPAN} at (0,0) size 1x15
                    RenderInline {O:P} at (0,0) size 1x15
              RenderTableCell {TD} at (98,3258) size 170x129 [border: (1px none #808080) none (1px none #808080)] [r=45 c=1 rs=1 cs=1]
                RenderBlock {P} at (8,1) size 155x16
                  RenderText {#text} at (0,0) size 52x15
                    text run at (0,0) width 52: "Zak West"
                  RenderInline {SPAN} at (0,0) size 0x15
                    RenderInline {O:P} at (0,0) size 0x15
                RenderBlock {P} at (8,17) size 155x16
                  RenderText {#text} at (0,0) size 97x15
                    text run at (0,0) width 97: "Karl Allmendinger"
                RenderBlock {P} at (8,33) size 155x16
                  RenderText {#text} at (0,0) size 83x15
                    text run at (0,0) width 83: "John Espectzde"
                RenderBlock {P} at (8,49) size 155x16
                  RenderText {#text} at (0,0) size 71x15
                    text run at (0,0) width 71: "Gene Pheiffer"
                RenderBlock {P} at (8,65) size 155x16
                  RenderText {#text} at (0,0) size 68x15
                    text run at (0,0) width 68: "Harold Todd"
                RenderBlock {P} at (8,81) size 155x16
                  RenderText {#text} at (0,0) size 81x15
                    text run at (0,0) width 81: "Gerald Cardinal"
                RenderBlock {P} at (8,97) size 155x16
                  RenderText {#text} at (0,0) size 65x15
                    text run at (0,0) width 65: "Ali Erdengiz"
                RenderBlock {P} at (8,113) size 155x16
                  RenderText {#text} at (0,0) size 88x15
                    text run at (0,0) width 88: "Jason Anderson"
                  RenderInline {SPAN} at (0,0) size 0x15
                    RenderInline {O:P} at (0,0) size 0x15
              RenderTableCell {TD} at (267,3258) size 100x129 [border: (1px none #808080) none (1px none #808080)] [r=45 c=2 rs=1 cs=1]
                RenderBlock {P} at (8,1) size 84x16
                  RenderText {#text} at (31,0) size 21x15
                    text run at (31,0) width 21: "Yes"
                  RenderInline {SPAN} at (0,0) size 1x15
                    RenderInline {O:P} at (0,0) size 1x15
                RenderBlock {P} at (8,17) size 84x16
                  RenderText {#text} at (31,0) size 21x15
                    text run at (31,0) width 21: "Yes"
                RenderBlock {P} at (8,33) size 84x16
                  RenderText {#text} at (40,0) size 4x15
                    text run at (40,0) width 4: " "
                RenderBlock {P} at (8,49) size 84x16
                  RenderText {#text} at (31,0) size 21x15
                    text run at (31,0) width 21: "Yes"
                RenderBlock {P} at (8,65) size 84x16
                  RenderText {#text} at (40,0) size 4x15
                    text run at (40,0) width 4: " "
                RenderBlock {P} at (8,81) size 84x16
                  RenderText {#text} at (40,0) size 4x15
                    text run at (40,0) width 4: " "
                RenderBlock {P} at (8,97) size 84x16
                  RenderText {#text} at (40,0) size 4x15
                    text run at (40,0) width 4: " "
                RenderBlock {P} at (8,113) size 84x16
                  RenderText {#text} at (31,0) size 21x15
                    text run at (31,0) width 21: "Yes"
                  RenderInline {SPAN} at (0,0) size 1x15
                    RenderInline {O:P} at (0,0) size 1x15
              RenderTableCell {TD} at (366,3258) size 107x129 [border: (1px none #808080) none (1px none #808080)] [r=45 c=3 rs=1 cs=1]
                RenderBlock {P} at (8,1) size 90x16
                  RenderText {#text} at (34,0) size 21x15
                    text run at (34,0) width 21: "Yes"
                  RenderInline {SPAN} at (0,0) size 1x15
                    RenderInline {O:P} at (0,0) size 1x15
                RenderBlock {P} at (8,17) size 90x16
                  RenderText {#text} at (36,0) size 17x15
                    text run at (36,0) width 17: "No"
                RenderBlock {P} at (8,33) size 90x16
                  RenderText {#text} at (43,0) size 4x15
                    text run at (43,0) width 4: " "
                RenderBlock {P} at (8,49) size 90x16
                  RenderText {#text} at (36,0) size 17x15
                    text run at (36,0) width 17: "No"
                RenderBlock {P} at (8,65) size 90x16
                  RenderText {#text} at (43,0) size 4x15
                    text run at (43,0) width 4: " "
                RenderBlock {P} at (8,81) size 90x16
                  RenderText {#text} at (43,0) size 4x15
                    text run at (43,0) width 4: " "
                RenderBlock {P} at (8,97) size 90x16
                  RenderText {#text} at (43,0) size 4x15
                    text run at (43,0) width 4: " "
                RenderBlock {P} at (8,113) size 90x16
                  RenderText {#text} at (36,0) size 17x15
                    text run at (36,0) width 17: "No"
                  RenderInline {SPAN} at (0,0) size 1x15
                    RenderInline {O:P} at (0,0) size 1x15
            RenderTableRow {TR} at (0,3387) size 472x177
              RenderTableCell {TD} at (0,3387) size 99x17 [border: (1px none #808080) none] [r=46 c=0 rs=1 cs=1]
                RenderBlock {P} at (8,1) size 84x16
                  RenderText {#text} at (35,0) size 13x15
                    text run at (35,0) width 13: "47"
                  RenderInline {SPAN} at (0,0) size 1x15
                    RenderInline {O:P} at (0,0) size 1x15
              RenderTableCell {TD} at (98,3387) size 170x177 [border: (1px none #808080) none (1px none #808080)] [r=46 c=1 rs=1 cs=1]
                RenderBlock {P} at (8,1) size 155x16
                  RenderText {#text} at (0,0) size 79x15
                    text run at (0,0) width 79: "James Holaduz"
                  RenderInline {SPAN} at (0,0) size 0x15
                    RenderInline {O:P} at (0,0) size 0x15
                RenderBlock {P} at (8,17) size 155x16
                  RenderText {#text} at (0,0) size 47x15
                    text run at (0,0) width 47: "Tony Yu"
                  RenderInline {SPAN} at (0,0) size 0x15
                    RenderInline {O:P} at (0,0) size 0x15
                RenderBlock {P} at (8,33) size 155x16
                  RenderText {#text} at (0,0) size 82x15
                    text run at (0,0) width 82: "Quang Nguyen"
                  RenderInline {SPAN} at (0,0) size 0x15
                    RenderInline {O:P} at (0,0) size 0x15
                RenderBlock {P} at (8,49) size 155x16
                  RenderText {#text} at (0,0) size 70x15
                    text run at (0,0) width 70: "Rick Klement"
                  RenderInline {SPAN} at (0,0) size 0x15
                    RenderInline {O:P} at (0,0) size 0x15
                RenderBlock {P} at (8,65) size 155x16
                  RenderText {#text} at (0,0) size 77x15
                    text run at (0,0) width 77: "Mark Glanville"
                  RenderInline {SPAN} at (0,0) size 0x15
                    RenderInline {O:P} at (0,0) size 0x15
                RenderBlock {P} at (8,81) size 155x16
                  RenderText {#text} at (0,0) size 87x15
                    text run at (0,0) width 87: "Michael Chansu"
                RenderBlock {P} at (8,97) size 155x16
                  RenderText {#text} at (0,0) size 68x15
                    text run at (0,0) width 68: "Harold Todd"
                RenderBlock {P} at (8,113) size 155x16
                  RenderInline {FONT} at (0,0) size 55x15
                    RenderText {#text} at (0,0) size 55x15
                      text run at (0,0) width 55: "Don Coon"
                RenderBlock {P} at (8,129) size 155x16
                  RenderText {#text} at (0,0) size 55x15
                    text run at (0,0) width 55: "John Paye"
                RenderBlock {P} at (8,145) size 155x16
                  RenderText {#text} at (0,0) size 64x15
                    text run at (0,0) width 64: "David Allen"
                RenderBlock {P} at (8,161) size 155x16
                  RenderText {#text} at (0,0) size 105x15
                    text run at (0,0) width 105: "Raymund Leonardo"
                  RenderInline {SPAN} at (0,0) size 0x15
                    RenderInline {O:P} at (0,0) size 0x15
              RenderTableCell {TD} at (267,3387) size 100x177 [border: (1px none #808080) none (1px none #808080)] [r=46 c=2 rs=1 cs=1]
                RenderBlock {P} at (8,1) size 84x16
                  RenderText {#text} at (31,0) size 21x15
                    text run at (31,0) width 21: "Yes"
                  RenderInline {SPAN} at (0,0) size 1x15
                    RenderInline {O:P} at (0,0) size 1x15
                RenderBlock {P} at (8,17) size 84x16
                  RenderText {#text} at (31,0) size 21x15
                    text run at (31,0) width 21: "Yes"
                  RenderInline {SPAN} at (0,0) size 1x15
                    RenderInline {O:P} at (0,0) size 1x15
                RenderBlock {P} at (8,33) size 84x16
                  RenderText {#text} at (31,0) size 21x15
                    text run at (31,0) width 21: "Yes"
                  RenderInline {SPAN} at (0,0) size 1x15
                    RenderInline {O:P} at (0,0) size 1x15
                RenderBlock {P} at (8,49) size 84x16
                  RenderText {#text} at (31,0) size 21x15
                    text run at (31,0) width 21: "Yes"
                  RenderInline {SPAN} at (0,0) size 1x15
                    RenderInline {O:P} at (0,0) size 1x15
                RenderBlock {P} at (8,65) size 84x16
                  RenderText {#text} at (31,0) size 21x15
                    text run at (31,0) width 21: "Yes"
                  RenderInline {SPAN} at (0,0) size 1x15
                    RenderInline {O:P} at (0,0) size 1x15
                RenderBlock {P} at (8,81) size 84x16
                  RenderText {#text} at (31,0) size 21x15
                    text run at (31,0) width 21: "Yes"
                RenderBlock {P} at (8,97) size 84x16
                  RenderText {#text} at (40,0) size 4x15
                    text run at (40,0) width 4: " "
                RenderBlock {P} at (8,113) size 84x16
                  RenderText {#text} at (40,0) size 4x15
                    text run at (40,0) width 4: " "
                RenderBlock {P} at (8,129) size 84x16
                  RenderText {#text} at (40,0) size 4x15
                    text run at (40,0) width 4: " "
                RenderBlock {P} at (8,145) size 84x16
                  RenderText {#text} at (40,0) size 4x15
                    text run at (40,0) width 4: " "
                RenderBlock {P} at (8,161) size 84x16
                  RenderText {#text} at (33,0) size 17x15
                    text run at (33,0) width 17: "No"
                  RenderInline {SPAN} at (0,0) size 1x15
                    RenderInline {O:P} at (0,0) size 1x15
              RenderTableCell {TD} at (366,3387) size 107x177 [border: (1px none #808080) none (1px none #808080)] [r=46 c=3 rs=1 cs=1]
                RenderBlock {P} at (8,1) size 90x16
                  RenderText {#text} at (36,0) size 17x15
                    text run at (36,0) width 17: "No"
                  RenderInline {SPAN} at (0,0) size 1x15
                    RenderInline {O:P} at (0,0) size 1x15
                RenderBlock {P} at (8,17) size 90x16
                  RenderText {#text} at (36,0) size 17x15
                    text run at (36,0) width 17: "No"
                  RenderInline {SPAN} at (0,0) size 1x15
                    RenderInline {O:P} at (0,0) size 1x15
                RenderBlock {P} at (8,33) size 90x16
                  RenderText {#text} at (36,0) size 17x15
                    text run at (36,0) width 17: "No"
                  RenderInline {SPAN} at (0,0) size 1x15
                    RenderInline {O:P} at (0,0) size 1x15
                RenderBlock {P} at (8,49) size 90x16
                  RenderText {#text} at (34,0) size 21x15
                    text run at (34,0) width 21: "Yes"
                  RenderInline {SPAN} at (0,0) size 1x15
                    RenderInline {O:P} at (0,0) size 1x15
                RenderBlock {P} at (8,65) size 90x16
                  RenderText {#text} at (36,0) size 17x15
                    text run at (36,0) width 17: "No"
                  RenderInline {SPAN} at (0,0) size 1x15
                    RenderInline {O:P} at (0,0) size 1x15
                RenderBlock {P} at (8,81) size 90x16
                  RenderText {#text} at (36,0) size 17x15
                    text run at (36,0) width 17: "No"
                RenderBlock {P} at (8,97) size 90x16
                  RenderText {#text} at (43,0) size 4x15
                    text run at (43,0) width 4: " "
                RenderBlock {P} at (8,113) size 90x16
                  RenderText {#text} at (43,0) size 4x15
                    text run at (43,0) width 4: " "
                RenderBlock {P} at (8,129) size 90x16
                  RenderText {#text} at (43,0) size 4x15
                    text run at (43,0) width 4: " "
                RenderBlock {P} at (8,145) size 90x16
                  RenderText {#text} at (43,0) size 4x15
                    text run at (43,0) width 4: " "
                RenderBlock {P} at (8,161) size 90x16
                  RenderText {#text} at (34,0) size 21x15
                    text run at (34,0) width 21: "Yes"
                  RenderInline {SPAN} at (0,0) size 1x15
                    RenderInline {O:P} at (0,0) size 1x15
            RenderTableRow {TR} at (0,3564) size 472x145
              RenderTableCell {TD} at (0,3564) size 99x17 [border: (1px none #808080) none] [r=47 c=0 rs=1 cs=1]
                RenderBlock {P} at (8,1) size 84x16
                  RenderText {#text} at (35,0) size 13x15
                    text run at (35,0) width 13: "48"
                  RenderInline {SPAN} at (0,0) size 1x15
                    RenderInline {O:P} at (0,0) size 1x15
              RenderTableCell {TD} at (98,3564) size 170x145 [border: (1px none #808080) none (1px none #808080)] [r=47 c=1 rs=1 cs=1]
                RenderBlock {P} at (8,1) size 155x16
                  RenderText {#text} at (0,0) size 77x15
                    text run at (0,0) width 77: "Mark Glanville"
                  RenderInline {SPAN} at (0,0) size 0x15
                    RenderInline {O:P} at (0,0) size 0x15
                RenderBlock {P} at (8,17) size 155x16
                  RenderText {#text} at (0,0) size 90x15
                    text run at (0,0) width 90: "Ian + Brad Carter"
                RenderBlock {P} at (8,33) size 155x16
                  RenderText {#text} at (0,0) size 79x15
                    text run at (0,0) width 79: "Stefan Kiritzov"
                RenderBlock {P} at (8,49) size 155x16
                  RenderText {#text} at (0,0) size 58x15
                    text run at (0,0) width 58: "Joe Araujo"
                RenderBlock {P} at (8,65) size 155x16
                  RenderText {#text} at (0,0) size 68x15
                    text run at (0,0) width 68: "Harold Todd"
                RenderBlock {P} at (8,81) size 155x16
                  RenderText {#text} at (0,0) size 68x15
                    text run at (0,0) width 68: "Steve Gilbert"
                RenderBlock {P} at (8,97) size 155x16
                  RenderText {#text} at (0,0) size 52x15
                    text run at (0,0) width 52: "Mark Diel"
                RenderBlock {P} at (8,113) size 155x16
                  RenderText {#text} at (0,0) size 86x15
                    text run at (0,0) width 86: "Jack Goodfriend"
                RenderBlock {P} at (8,129) size 155x16
                  RenderText {#text} at (0,0) size 90x15
                    text run at (0,0) width 90: "Ruenjoe (Joe) Lu"
                  RenderInline {SPAN} at (0,0) size 0x15
                    RenderInline {O:P} at (0,0) size 0x15
              RenderTableCell {TD} at (267,3564) size 100x97 [border: (1px none #808080) none (1px none #808080)] [r=47 c=2 rs=1 cs=1]
                RenderBlock {P} at (8,1) size 84x16
                  RenderText {#text} at (31,0) size 21x15
                    text run at (31,0) width 21: "Yes"
                  RenderInline {SPAN} at (0,0) size 1x15
                    RenderInline {O:P} at (0,0) size 1x15
                RenderBlock {P} at (8,17) size 84x16
                  RenderText {#text} at (31,0) size 21x15
                    text run at (31,0) width 21: "Yes"
                RenderBlock {P} at (8,33) size 84x16
                  RenderText {#text} at (31,0) size 21x15
                    text run at (31,0) width 21: "Yes"
                RenderBlock {P} at (8,49) size 84x16
                  RenderText {#text} at (40,0) size 4x15
                    text run at (40,0) width 4: " "
                RenderBlock {P} at (8,65) size 84x16
                  RenderText {#text} at (40,0) size 4x15
                    text run at (40,0) width 4: " "
                RenderBlock {P} at (8,81) size 84x16
                  RenderText {#text} at (31,0) size 21x15
                    text run at (31,0) width 21: "Yes"
                  RenderInline {SPAN} at (0,0) size 1x15
                    RenderInline {O:P} at (0,0) size 1x15
              RenderTableCell {TD} at (366,3564) size 107x97 [border: (1px none #808080) none (1px none #808080)] [r=47 c=3 rs=1 cs=1]
                RenderBlock {P} at (8,1) size 90x16
                  RenderText {#text} at (36,0) size 17x15
                    text run at (36,0) width 17: "No"
                  RenderInline {SPAN} at (0,0) size 1x15
                    RenderInline {O:P} at (0,0) size 1x15
                RenderBlock {P} at (8,17) size 90x16
                  RenderText {#text} at (36,0) size 17x15
                    text run at (36,0) width 17: "No"
                RenderBlock {P} at (8,33) size 90x16
                  RenderText {#text} at (34,0) size 21x15
                    text run at (34,0) width 21: "Yes"
                RenderBlock {P} at (8,49) size 90x16
                  RenderText {#text} at (43,0) size 4x15
                    text run at (43,0) width 4: " "
                RenderBlock {P} at (8,65) size 90x16
                  RenderText {#text} at (43,0) size 4x15
                    text run at (43,0) width 4: " "
                RenderBlock {P} at (8,81) size 90x16
                  RenderText {#text} at (36,0) size 17x15
                    text run at (36,0) width 17: "No"
                  RenderInline {SPAN} at (0,0) size 1x15
                    RenderInline {O:P} at (0,0) size 1x15
            RenderTableRow {TR} at (0,3709) size 472x65
              RenderTableCell {TD} at (0,3709) size 99x17 [border: (1px none #808080) none] [r=48 c=0 rs=1 cs=1]
                RenderBlock {P} at (8,1) size 84x16
                  RenderText {#text} at (35,0) size 13x15
                    text run at (35,0) width 13: "49"
                  RenderInline {SPAN} at (0,0) size 1x15
                    RenderInline {O:P} at (0,0) size 1x15
              RenderTableCell {TD} at (98,3709) size 170x65 [border: (1px none #808080) none (1px none #808080)] [r=48 c=1 rs=1 cs=1]
                RenderBlock {P} at (8,1) size 155x16
                  RenderText {#text} at (0,0) size 65x15
                    text run at (0,0) width 65: "Ali Erdengiz"
                RenderBlock {P} at (8,17) size 155x16
                  RenderText {#text} at (0,0) size 64x15
                    text run at (0,0) width 64: "David Allen"
                RenderBlock {P} at (8,33) size 155x16
                  RenderInline {SPAN} at (0,0) size 72x15
                    RenderInline {O:P} at (0,0) size 0x0
                    RenderText {#text} at (0,0) size 72x15
                      text run at (0,0) width 72: "Narayen Raju"
                RenderBlock {P} at (8,49) size 155x16
                  RenderInline {SPAN} at (0,0) size 88x15
                    RenderText {#text} at (0,0) size 88x15
                      text run at (0,0) width 34: "Jason "
                      text run at (34,0) width 54: "Anderson"
              RenderTableCell {TD} at (267,3709) size 100x65 [border: (1px none #808080) none (1px none #808080)] [r=48 c=2 rs=1 cs=1]
                RenderBlock {P} at (8,1) size 84x16
                  RenderText {#text} at (40,0) size 4x15
                    text run at (40,0) width 4: " "
                RenderBlock {P} at (8,17) size 84x16
                  RenderText {#text} at (40,0) size 4x15
                    text run at (40,0) width 4: " "
                RenderBlock {P} at (8,33) size 84x16
                  RenderText {#text} at (40,0) size 4x15
                    text run at (40,0) width 4: " "
                RenderBlock {P} at (8,49) size 84x16
                  RenderText {#text} at (31,0) size 21x15
                    text run at (31,0) width 21: "Yes"
                  RenderInline {SPAN} at (0,0) size 1x15
                    RenderInline {O:P} at (0,0) size 1x15
              RenderTableCell {TD} at (366,3709) size 107x65 [border: (1px none #808080) none (1px none #808080)] [r=48 c=3 rs=1 cs=1]
                RenderBlock {P} at (8,1) size 90x16
                  RenderText {#text} at (43,0) size 4x15
                    text run at (43,0) width 4: " "
                RenderBlock {P} at (8,17) size 90x16
                  RenderText {#text} at (43,0) size 4x15
                    text run at (43,0) width 4: " "
                RenderBlock {P} at (8,33) size 90x16
                  RenderText {#text} at (43,0) size 4x15
                    text run at (43,0) width 4: " "
                RenderBlock {P} at (8,49) size 90x16
                  RenderText {#text} at (36,0) size 17x15
                    text run at (36,0) width 17: "No"
                  RenderInline {SPAN} at (0,0) size 1x15
                    RenderInline {O:P} at (0,0) size 1x15
            RenderTableRow {TR} at (0,3774) size 472x145
              RenderTableCell {TD} at (0,3774) size 99x17 [border: (1px none #808080) none] [r=49 c=0 rs=1 cs=1]
                RenderBlock {P} at (8,1) size 84x16
                  RenderText {#text} at (35,0) size 13x15
                    text run at (35,0) width 13: "50"
                  RenderInline {SPAN} at (0,0) size 1x15
                    RenderInline {O:P} at (0,0) size 1x15
              RenderTableCell {TD} at (98,3774) size 170x145 [border: (1px none #808080) none (1px none #808080)] [r=49 c=1 rs=1 cs=1]
                RenderBlock {P} at (8,1) size 155x16
                  RenderText {#text} at (0,0) size 52x15
                    text run at (0,0) width 52: "Zak West"
                  RenderInline {SPAN} at (0,0) size 0x15
                    RenderInline {O:P} at (0,0) size 0x15
                RenderBlock {P} at (8,17) size 155x16
                  RenderText {#text} at (0,0) size 70x15
                    text run at (0,0) width 70: "Rick Klement"
                  RenderInline {SPAN} at (0,0) size 0x15
                    RenderInline {O:P} at (0,0) size 0x15
                RenderBlock {P} at (8,33) size 155x16
                  RenderText {#text} at (0,0) size 54x15
                    text run at (0,0) width 54: "Jim Bernal"
                RenderBlock {P} at (8,49) size 155x16
                  RenderText {#text} at (0,0) size 86x15
                    text run at (0,0) width 86: "Alan Littlewood"
                RenderBlock {P} at (8,65) size 155x16
                  RenderText {#text} at (0,0) size 60x15
                    text run at (0,0) width 60: "Jerry Davis"
                RenderBlock {P} at (8,81) size 155x16
                  RenderText {#text} at (0,0) size 84x15
                    text run at (0,0) width 84: "Lauren Bussard"
                RenderBlock {P} at (8,97) size 155x16
                  RenderText {#text} at (0,0) size 83x15
                    text run at (0,0) width 83: "John Yearwood"
                RenderBlock {P} at (8,113) size 155x16
                  RenderText {#text} at (0,0) size 72x15
                    text run at (0,0) width 72: "Narayan Raju"
                RenderBlock {P} at (8,129) size 155x16
                  RenderText {#text} at (0,0) size 66x15
                    text run at (0,0) width 66: "Ken Manuel"
                  RenderInline {SPAN} at (0,0) size 0x15
                    RenderInline {O:P} at (0,0) size 0x15
              RenderTableCell {TD} at (267,3774) size 100x113 [border: (1px none #808080) none (1px none #808080)] [r=49 c=2 rs=1 cs=1]
                RenderBlock {P} at (8,1) size 84x16
                  RenderText {#text} at (31,0) size 21x15
                    text run at (31,0) width 21: "Yes"
                  RenderInline {SPAN} at (0,0) size 1x15
                    RenderInline {O:P} at (0,0) size 1x15
                RenderBlock {P} at (8,17) size 84x16
                  RenderText {#text} at (31,0) size 21x15
                    text run at (31,0) width 21: "Yes"
                  RenderInline {SPAN} at (0,0) size 1x15
                    RenderInline {O:P} at (0,0) size 1x15
                RenderBlock {P} at (8,33) size 84x16
                  RenderText {#text} at (31,0) size 21x15
                    text run at (31,0) width 21: "Yes"
                RenderBlock {P} at (8,49) size 84x16
                  RenderText {#text} at (31,0) size 21x15
                    text run at (31,0) width 21: "Yes"
                RenderBlock {P} at (8,65) size 84x16
                  RenderText {#text} at (31,0) size 21x15
                    text run at (31,0) width 21: "Yes"
                RenderBlock {P} at (8,81) size 84x16
                  RenderText {#text} at (40,0) size 4x15
                    text run at (40,0) width 4: " "
                RenderBlock {P} at (8,97) size 84x16
                  RenderText {#text} at (31,0) size 21x15
                    text run at (31,0) width 21: "Yes"
                  RenderInline {SPAN} at (0,0) size 1x15
                    RenderInline {O:P} at (0,0) size 1x15
              RenderTableCell {TD} at (366,3774) size 107x113 [border: (1px none #808080) none (1px none #808080)] [r=49 c=3 rs=1 cs=1]
                RenderBlock {P} at (8,1) size 90x16
                  RenderText {#text} at (34,0) size 21x15
                    text run at (34,0) width 21: "Yes"
                  RenderInline {SPAN} at (0,0) size 1x15
                    RenderInline {O:P} at (0,0) size 1x15
                RenderBlock {P} at (8,17) size 90x16
                  RenderText {#text} at (34,0) size 21x15
                    text run at (34,0) width 21: "Yes"
                  RenderInline {SPAN} at (0,0) size 1x15
                    RenderInline {O:P} at (0,0) size 1x15
                RenderBlock {P} at (8,33) size 90x16
                  RenderText {#text} at (36,0) size 17x15
                    text run at (36,0) width 17: "No"
                RenderBlock {P} at (8,49) size 90x16
                  RenderText {#text} at (36,0) size 17x15
                    text run at (36,0) width 17: "No"
                RenderBlock {P} at (8,65) size 90x16
                  RenderText {#text} at (34,0) size 21x15
                    text run at (34,0) width 21: "Yes"
                RenderBlock {P} at (8,81) size 90x16
                  RenderText {#text} at (43,0) size 4x15
                    text run at (43,0) width 4: " "
                RenderBlock {P} at (8,97) size 90x16
                  RenderText {#text} at (36,0) size 17x15
                    text run at (36,0) width 17: "No"
                  RenderInline {SPAN} at (0,0) size 1x15
                    RenderInline {O:P} at (0,0) size 1x15
            RenderTableRow {TR} at (0,3919) size 472x49
              RenderTableCell {TD} at (0,3919) size 99x17 [border: (1px none #808080) none] [r=50 c=0 rs=1 cs=1]
                RenderBlock {P} at (8,1) size 84x16
                  RenderText {#text} at (35,0) size 13x15
                    text run at (35,0) width 13: "51"
                  RenderInline {SPAN} at (0,0) size 1x15
                    RenderInline {O:P} at (0,0) size 1x15
              RenderTableCell {TD} at (98,3919) size 170x49 [border: (1px none #808080) none (1px none #808080)] [r=50 c=1 rs=1 cs=1]
                RenderBlock {P} at (8,1) size 155x16
                  RenderText {#text} at (0,0) size 78x15
                    text run at (0,0) width 78: "Robert Barnett"
                RenderBlock {P} at (8,17) size 155x16
                  RenderText {#text} at (0,0) size 72x15
                    text run at (0,0) width 72: "Jim Mahoney"
                RenderBlock {P} at (8,33) size 155x16
                  RenderText {#text} at (0,0) size 88x15
                    text run at (0,0) width 88: "Jason Anderson"
                  RenderInline {SPAN} at (0,0) size 0x15
                    RenderInline {O:P} at (0,0) size 0x15
              RenderTableCell {TD} at (267,3919) size 100x49 [border: (1px none #808080) none (1px none #808080)] [r=50 c=2 rs=1 cs=1]
                RenderBlock {P} at (8,1) size 84x16
                  RenderText {#text} at (31,0) size 21x15
                    text run at (31,0) width 21: "Yes"
                RenderBlock {P} at (8,17) size 84x16
                  RenderText {#text} at (31,0) size 21x15
                    text run at (31,0) width 21: "Yes"
                RenderBlock {P} at (8,33) size 84x16
                  RenderText {#text} at (31,0) size 21x15
                    text run at (31,0) width 21: "Yes"
                  RenderInline {SPAN} at (0,0) size 1x15
                    RenderInline {O:P} at (0,0) size 1x15
              RenderTableCell {TD} at (366,3919) size 107x49 [border: (1px none #808080) none (1px none #808080)] [r=50 c=3 rs=1 cs=1]
                RenderBlock {P} at (8,1) size 90x16
                  RenderInline {SPAN} at (0,0) size 17x15
                    RenderText {#text} at (36,0) size 17x15
                      text run at (36,0) width 17: "No"
                    RenderInline {O:P} at (0,0) size 1x15
                RenderBlock {P} at (8,17) size 90x16
                  RenderInline {SPAN} at (0,0) size 21x15
                    RenderText {#text} at (34,0) size 21x15
                      text run at (34,0) width 21: "Yes"
                RenderBlock {P} at (8,33) size 90x16
                  RenderInline {SPAN} at (0,0) size 17x15
                    RenderText {#text} at (36,0) size 17x15
                      text run at (36,0) width 17: "No"
                  RenderInline {SPAN} at (0,0) size 1x15
                    RenderInline {O:P} at (0,0) size 1x15
            RenderTableRow {TR} at (0,3968) size 472x81
              RenderTableCell {TD} at (0,3968) size 99x17 [border: (1px none #808080) none] [r=51 c=0 rs=1 cs=1]
                RenderBlock {P} at (8,1) size 84x16
                  RenderText {#text} at (35,0) size 13x15
                    text run at (35,0) width 13: "52"
                  RenderInline {SPAN} at (0,0) size 1x15
                    RenderInline {O:P} at (0,0) size 1x15
              RenderTableCell {TD} at (98,3968) size 170x81 [border: (1px none #808080) none (1px none #808080)] [r=51 c=1 rs=1 cs=1]
                RenderBlock {P} at (8,1) size 155x16
                  RenderText {#text} at (0,0) size 59x15
                    text run at (0,0) width 59: "Mike West"
                  RenderInline {SPAN} at (0,0) size 0x15
                    RenderInline {O:P} at (0,0) size 0x15
                RenderBlock {P} at (8,17) size 155x16
                  RenderText {#text} at (0,0) size 81x15
                    text run at (0,0) width 81: "Robert Frogner"
                RenderBlock {P} at (8,33) size 155x16
                  RenderText {#text} at (0,0) size 86x15
                    text run at (0,0) width 86: "Chris McDowell"
                RenderBlock {P} at (8,49) size 155x16
                  RenderText {#text} at (0,0) size 53x15
                    text run at (0,0) width 53: "Ed Cypret"
                RenderBlock {P} at (8,65) size 155x16
                  RenderText {#text} at (0,0) size 66x15
                    text run at (0,0) width 66: "Dale Barnett"
                  RenderInline {SPAN} at (0,0) size 0x15
                    RenderInline {O:P} at (0,0) size 0x15
              RenderTableCell {TD} at (267,3968) size 100x81 [border: (1px none #808080) none (1px none #808080)] [r=51 c=2 rs=1 cs=1]
                RenderBlock {P} at (8,1) size 84x16
                  RenderText {#text} at (31,0) size 21x15
                    text run at (31,0) width 21: "Yes"
                  RenderInline {SPAN} at (0,0) size 1x15
                    RenderInline {O:P} at (0,0) size 1x15
                RenderBlock {P} at (8,17) size 84x16
                  RenderText {#text} at (31,0) size 21x15
                    text run at (31,0) width 21: "Yes"
                RenderBlock {P} at (8,33) size 84x16
                  RenderText {#text} at (31,0) size 21x15
                    text run at (31,0) width 21: "Yes"
                RenderBlock {P} at (8,49) size 84x16
                  RenderText {#text} at (40,0) size 4x15
                    text run at (40,0) width 4: " "
                RenderBlock {P} at (8,65) size 84x16
                  RenderText {#text} at (31,0) size 21x15
                    text run at (31,0) width 21: "Yes"
                  RenderInline {SPAN} at (0,0) size 1x15
                    RenderInline {O:P} at (0,0) size 1x15
              RenderTableCell {TD} at (366,3968) size 107x81 [border: (1px none #808080) none (1px none #808080)] [r=51 c=3 rs=1 cs=1]
                RenderBlock {P} at (8,1) size 90x16
                  RenderText {#text} at (34,0) size 21x15
                    text run at (34,0) width 21: "Yes"
                  RenderInline {SPAN} at (0,0) size 1x15
                    RenderInline {O:P} at (0,0) size 1x15
                RenderBlock {P} at (8,17) size 90x16
                  RenderText {#text} at (36,0) size 17x15
                    text run at (36,0) width 17: "No"
                RenderBlock {P} at (8,33) size 90x16
                  RenderText {#text} at (36,0) size 17x15
                    text run at (36,0) width 17: "No"
                RenderBlock {P} at (8,49) size 90x16
                  RenderText {#text} at (43,0) size 4x15
                    text run at (43,0) width 4: " "
                RenderBlock {P} at (8,65) size 90x16
                  RenderText {#text} at (36,0) size 17x15
                    text run at (36,0) width 17: "No"
                  RenderInline {SPAN} at (0,0) size 1x15
                    RenderInline {O:P} at (0,0) size 1x15
            RenderTableRow {TR} at (0,4049) size 472x81
              RenderTableCell {TD} at (0,4049) size 99x17 [border: (1px none #808080) none] [r=52 c=0 rs=1 cs=1]
                RenderBlock {P} at (8,1) size 84x16
                  RenderText {#text} at (35,0) size 13x15
                    text run at (35,0) width 13: "53"
                  RenderInline {SPAN} at (0,0) size 1x15
                    RenderInline {O:P} at (0,0) size 1x15
              RenderTableCell {TD} at (98,4049) size 170x81 [border: (1px none #808080) none (1px none #808080)] [r=52 c=1 rs=1 cs=1]
                RenderBlock {P} at (8,1) size 155x16
                  RenderText {#text} at (0,0) size 81x15
                    text run at (0,0) width 81: "Alberto Lanzas"
                  RenderInline {SPAN} at (0,0) size 0x15
                    RenderInline {O:P} at (0,0) size 0x15
                RenderBlock {P} at (8,17) size 155x16
                  RenderText {#text} at (0,0) size 66x15
                    text run at (0,0) width 66: "Bill Johnson"
                RenderBlock {P} at (8,33) size 155x16
                  RenderText {#text} at (0,0) size 43x15
                    text run at (0,0) width 43: "Al Wert"
                RenderBlock {P} at (8,49) size 155x16
                  RenderText {#text} at (0,0) size 66x15
                    text run at (0,0) width 66: "Dale Barnett"
                RenderBlock {P} at (8,65) size 155x16
                  RenderText {#text} at (0,0) size 101x15
                    text run at (0,0) width 101: "Ramin Khoshnevis"
                  RenderInline {SPAN} at (0,0) size 0x15
                    RenderInline {O:P} at (0,0) size 0x15
              RenderTableCell {TD} at (267,4049) size 100x81 [border: (1px none #808080) none (1px none #808080)] [r=52 c=2 rs=1 cs=1]
                RenderBlock {P} at (8,1) size 84x16
                  RenderText {#text} at (31,0) size 21x15
                    text run at (31,0) width 21: "Yes"
                  RenderInline {SPAN} at (0,0) size 1x15
                    RenderInline {O:P} at (0,0) size 1x15
                RenderBlock {P} at (8,17) size 84x16
                  RenderText {#text} at (31,0) size 21x15
                    text run at (31,0) width 21: "Yes"
                RenderBlock {P} at (8,33) size 84x16
                  RenderText {#text} at (33,0) size 17x15
                    text run at (33,0) width 17: "No"
                RenderBlock {P} at (8,49) size 84x16
                  RenderText {#text} at (31,0) size 21x15
                    text run at (31,0) width 21: "Yes"
                RenderBlock {P} at (8,65) size 84x16
                  RenderText {#text} at (31,0) size 21x15
                    text run at (31,0) width 21: "Yes"
                  RenderInline {SPAN} at (0,0) size 1x15
                    RenderInline {O:P} at (0,0) size 1x15
              RenderTableCell {TD} at (366,4049) size 107x81 [border: (1px none #808080) none (1px none #808080)] [r=52 c=3 rs=1 cs=1]
                RenderBlock {P} at (8,1) size 90x16
                  RenderText {#text} at (34,0) size 21x15
                    text run at (34,0) width 21: "Yes"
                  RenderInline {SPAN} at (0,0) size 1x15
                    RenderInline {O:P} at (0,0) size 1x15
                RenderBlock {P} at (8,17) size 90x16
                  RenderText {#text} at (36,0) size 17x15
                    text run at (36,0) width 17: "No"
                RenderBlock {P} at (8,33) size 90x16
                  RenderText {#text} at (34,0) size 21x15
                    text run at (34,0) width 21: "Yes"
                RenderBlock {P} at (8,49) size 90x16
                  RenderText {#text} at (36,0) size 17x15
                    text run at (36,0) width 17: "No"
                RenderBlock {P} at (8,65) size 90x16
                  RenderText {#text} at (36,0) size 17x15
                    text run at (36,0) width 17: "No"
                  RenderInline {SPAN} at (0,0) size 1x15
                    RenderInline {O:P} at (0,0) size 1x15
            RenderTableRow {TR} at (0,4130) size 472x113
              RenderTableCell {TD} at (0,4130) size 99x17 [border: (1px none #808080) none] [r=53 c=0 rs=1 cs=1]
                RenderBlock {P} at (8,1) size 84x16
                  RenderText {#text} at (35,0) size 13x15
                    text run at (35,0) width 13: "54"
                  RenderInline {SPAN} at (0,0) size 1x15
                    RenderInline {O:P} at (0,0) size 1x15
              RenderTableCell {TD} at (98,4130) size 170x113 [border: (1px none #808080) none (1px none #808080)] [r=53 c=1 rs=1 cs=1]
                RenderBlock {P} at (8,1) size 155x16
                  RenderText {#text} at (0,0) size 73x15
                    text run at (0,0) width 73: "Gene Langley"
                RenderBlock {P} at (8,17) size 155x16
                  RenderText {#text} at (0,0) size 66x15
                    text run at (0,0) width 66: "Bill Johnson"
                RenderBlock {P} at (8,33) size 155x16
                  RenderText {#text} at (0,0) size 52x15
                    text run at (0,0) width 52: "Mark Diel"
                RenderBlock {P} at (8,49) size 155x16
                  RenderText {#text} at (0,0) size 60x15
                    text run at (0,0) width 60: "Jerry Davis"
                RenderBlock {P} at (8,65) size 155x16
                  RenderText {#text} at (0,0) size 55x15
                    text run at (0,0) width 55: "Peter Starr"
                RenderBlock {P} at (8,81) size 155x16
                  RenderText {#text} at (0,0) size 83x15
                    text run at (0,0) width 83: "John Yearwood"
                RenderBlock {P} at (8,97) size 155x16
                  RenderText {#text} at (0,0) size 63x15
                    text run at (0,0) width 63: "Scott Hersh"
                  RenderInline {SPAN} at (0,0) size 0x15
                    RenderInline {O:P} at (0,0) size 0x15
              RenderTableCell {TD} at (267,4130) size 100x113 [border: (1px none #808080) none (1px none #808080)] [r=53 c=2 rs=1 cs=1]
                RenderBlock {P} at (8,1) size 84x16
                  RenderText {#text} at (31,0) size 21x15
                    text run at (31,0) width 21: "Yes"
                RenderBlock {P} at (8,17) size 84x16
                  RenderText {#text} at (31,0) size 21x15
                    text run at (31,0) width 21: "Yes"
                RenderBlock {P} at (8,33) size 84x16
                  RenderText {#text} at (40,0) size 4x15
                    text run at (40,0) width 4: " "
                RenderBlock {P} at (8,49) size 84x16
                  RenderText {#text} at (31,0) size 21x15
                    text run at (31,0) width 21: "Yes"
                RenderBlock {P} at (8,65) size 84x16
                  RenderText {#text} at (40,0) size 4x15
                    text run at (40,0) width 4: " "
                RenderBlock {P} at (8,81) size 84x16
                  RenderText {#text} at (31,0) size 21x15
                    text run at (31,0) width 21: "Yes"
                RenderBlock {P} at (8,97) size 84x16
                  RenderText {#text} at (31,0) size 21x15
                    text run at (31,0) width 21: "Yes"
                  RenderInline {SPAN} at (0,0) size 1x15
                    RenderInline {O:P} at (0,0) size 1x15
              RenderTableCell {TD} at (366,4130) size 107x113 [border: (1px none #808080) none (1px none #808080)] [r=53 c=3 rs=1 cs=1]
                RenderBlock {P} at (8,1) size 90x16
                  RenderText {#text} at (6,0) size 78x15
                    text run at (6,0) width 78: "Gyro wannabe"
                RenderBlock {P} at (8,17) size 90x16
                  RenderText {#text} at (36,0) size 17x15
                    text run at (36,0) width 17: "No"
                RenderBlock {P} at (8,33) size 90x16
                  RenderText {#text} at (43,0) size 4x15
                    text run at (43,0) width 4: " "
                RenderBlock {P} at (8,49) size 90x16
                  RenderText {#text} at (36,0) size 17x15
                    text run at (36,0) width 17: "No"
                RenderBlock {P} at (8,65) size 90x16
                  RenderText {#text} at (43,0) size 4x15
                    text run at (43,0) width 4: " "
                RenderBlock {P} at (8,81) size 90x16
                  RenderText {#text} at (36,0) size 17x15
                    text run at (36,0) width 17: "No"
                RenderBlock {P} at (8,97) size 90x16
                  RenderText {#text} at (36,0) size 17x15
                    text run at (36,0) width 17: "No"
                  RenderInline {SPAN} at (0,0) size 1x15
                    RenderInline {O:P} at (0,0) size 1x15
            RenderTableRow {TR} at (0,4243) size 472x49
              RenderTableCell {TD} at (0,4243) size 99x17 [border: (1px none #808080) none] [r=54 c=0 rs=1 cs=1]
                RenderBlock {P} at (8,1) size 84x16
                  RenderText {#text} at (35,0) size 13x15
                    text run at (35,0) width 13: "55"
                  RenderInline {SPAN} at (0,0) size 1x15
                    RenderInline {O:P} at (0,0) size 1x15
              RenderTableCell {TD} at (98,4243) size 170x49 [border: (1px none #808080) none (1px none #808080)] [r=54 c=1 rs=1 cs=1]
                RenderBlock {P} at (8,1) size 155x16
                  RenderText {#text} at (0,0) size 81x15
                    text run at (0,0) width 81: "Alberto Lanzas"
                  RenderInline {SPAN} at (0,0) size 0x15
                    RenderInline {O:P} at (0,0) size 0x15
                RenderBlock {P} at (8,17) size 155x16
                  RenderText {#text} at (0,0) size 57x15
                    text run at (0,0) width 57: "Bob Roger"
                RenderBlock {P} at (8,33) size 155x16
                  RenderText {#text} at (0,0) size 73x15
                    text run at (0,0) width 73: "Randy StClair"
                  RenderInline {SPAN} at (0,0) size 0x15
                    RenderInline {O:P} at (0,0) size 0x15
              RenderTableCell {TD} at (267,4243) size 100x49 [border: (1px none #808080) none (1px none #808080)] [r=54 c=2 rs=1 cs=1]
                RenderBlock {P} at (8,1) size 84x16
                  RenderText {#text} at (31,0) size 21x15
                    text run at (31,0) width 21: "Yes"
                  RenderInline {SPAN} at (0,0) size 1x15
                    RenderInline {O:P} at (0,0) size 1x15
                RenderBlock {P} at (8,17) size 84x16
                  RenderText {#text} at (31,0) size 21x15
                    text run at (31,0) width 21: "Yes"
                RenderBlock {P} at (8,33) size 84x16
                  RenderText {#text} at (31,0) size 21x15
                    text run at (31,0) width 21: "Yes"
                  RenderInline {SPAN} at (0,0) size 1x15
                    RenderInline {O:P} at (0,0) size 1x15
              RenderTableCell {TD} at (366,4243) size 107x49 [border: (1px none #808080) none (1px none #808080)] [r=54 c=3 rs=1 cs=1]
                RenderBlock {P} at (8,1) size 90x16
                  RenderText {#text} at (34,0) size 21x15
                    text run at (34,0) width 21: "Yes"
                  RenderInline {SPAN} at (0,0) size 1x15
                    RenderInline {O:P} at (0,0) size 1x15
                RenderBlock {P} at (8,17) size 90x16
                  RenderText {#text} at (36,0) size 17x15
                    text run at (36,0) width 17: "No"
                RenderBlock {P} at (8,33) size 90x16
                  RenderText {#text} at (36,0) size 17x15
                    text run at (36,0) width 17: "No"
                  RenderInline {SPAN} at (0,0) size 1x15
                    RenderInline {O:P} at (0,0) size 1x15
            RenderTableRow {TR} at (0,4292) size 472x81
              RenderTableCell {TD} at (0,4292) size 99x17 [border: (1px none #808080) none] [r=55 c=0 rs=1 cs=1]
                RenderBlock {P} at (8,1) size 84x16
                  RenderText {#text} at (35,0) size 13x15
                    text run at (35,0) width 13: "56"
                  RenderInline {SPAN} at (0,0) size 1x15
                    RenderInline {O:P} at (0,0) size 1x15
              RenderTableCell {TD} at (98,4292) size 170x81 [border: (1px none #808080) none (1px none #808080)] [r=55 c=1 rs=1 cs=1]
                RenderBlock {P} at (8,1) size 155x16
                  RenderText {#text} at (0,0) size 77x15
                    text run at (0,0) width 77: "Mark Glanville"
                RenderBlock {P} at (8,17) size 155x16
                  RenderText {#text} at (0,0) size 68x15
                    text run at (0,0) width 68: "Steve Gilbert"
                RenderBlock {P} at (8,33) size 155x16
                  RenderText {#text} at (0,0) size 60x15
                    text run at (0,0) width 60: "Jerry Davis"
                RenderBlock {P} at (8,49) size 155x16
                  RenderText {#text} at (0,0) size 64x15
                    text run at (0,0) width 64: "Rich Saunef"
                RenderBlock {P} at (8,65) size 155x16
                  RenderText {#text} at (0,0) size 68x15
                    text run at (0,0) width 68: "Harald Close"
                  RenderInline {SPAN} at (0,0) size 0x15
                    RenderInline {O:P} at (0,0) size 0x15
              RenderTableCell {TD} at (267,4292) size 100x81 [border: (1px none #808080) none (1px none #808080)] [r=55 c=2 rs=1 cs=1]
                RenderBlock {P} at (8,1) size 84x16
                  RenderText {#text} at (31,0) size 21x15
                    text run at (31,0) width 21: "Yes"
                RenderBlock {P} at (8,17) size 84x16
                  RenderText {#text} at (31,0) size 21x15
                    text run at (31,0) width 21: "Yes"
                RenderBlock {P} at (8,33) size 84x16
                  RenderText {#text} at (31,0) size 21x15
                    text run at (31,0) width 21: "Yes"
                RenderBlock {P} at (8,49) size 84x16
                  RenderText {#text} at (31,0) size 21x15
                    text run at (31,0) width 21: "Yes"
                RenderBlock {P} at (8,65) size 84x16
                  RenderText {#text} at (31,0) size 21x15
                    text run at (31,0) width 21: "Yes"
                  RenderInline {SPAN} at (0,0) size 1x15
                    RenderInline {O:P} at (0,0) size 1x15
              RenderTableCell {TD} at (366,4292) size 107x81 [border: (1px none #808080) none (1px none #808080)] [r=55 c=3 rs=1 cs=1]
                RenderBlock {P} at (8,1) size 90x16
                  RenderText {#text} at (36,0) size 17x15
                    text run at (36,0) width 17: "No"
                RenderBlock {P} at (8,17) size 90x16
                  RenderText {#text} at (36,0) size 17x15
                    text run at (36,0) width 17: "No"
                RenderBlock {P} at (8,33) size 90x16
                  RenderText {#text} at (36,0) size 17x15
                    text run at (36,0) width 17: "No"
                RenderBlock {P} at (8,49) size 90x16
                  RenderText {#text} at (36,0) size 17x15
                    text run at (36,0) width 17: "No"
                RenderBlock {P} at (8,65) size 90x16
                  RenderText {#text} at (36,0) size 17x15
                    text run at (36,0) width 17: "No"
                  RenderInline {SPAN} at (0,0) size 1x15
                    RenderInline {O:P} at (0,0) size 1x15
            RenderTableRow {TR} at (0,4373) size 472x49
              RenderTableCell {TD} at (0,4373) size 99x17 [border: (1px none #808080) none] [r=56 c=0 rs=1 cs=1]
                RenderBlock {P} at (8,1) size 84x16
                  RenderText {#text} at (35,0) size 13x15
                    text run at (35,0) width 13: "57"
                  RenderInline {SPAN} at (0,0) size 1x15
                    RenderInline {O:P} at (0,0) size 1x15
              RenderTableCell {TD} at (98,4373) size 170x49 [border: (1px none #808080) none (1px none #808080)] [r=56 c=1 rs=1 cs=1]
                RenderBlock {P} at (8,1) size 155x16
                  RenderText {#text} at (0,0) size 57x15
                    text run at (0,0) width 57: "Bob Roger"
                RenderBlock {P} at (8,17) size 155x16
                  RenderText {#text} at (0,0) size 67x15
                    text run at (0,0) width 67: "Rich Burnett"
                RenderBlock {P} at (8,33) size 155x16
                  RenderText {#text} at (0,0) size 65x15
                    text run at (0,0) width 65: "David Dunn"
                  RenderInline {SPAN} at (0,0) size 0x15
                    RenderInline {O:P} at (0,0) size 0x15
              RenderTableCell {TD} at (267,4373) size 100x17 [border: (1px none #808080) none (1px none #808080)] [r=56 c=2 rs=1 cs=1]
                RenderBlock {P} at (8,1) size 84x16
                  RenderText {#text} at (31,0) size 21x15
                    text run at (31,0) width 21: "Yes"
                  RenderInline {SPAN} at (0,0) size 1x15
                    RenderInline {O:P} at (0,0) size 1x15
              RenderTableCell {TD} at (366,4373) size 107x17 [border: (1px none #808080) none (1px none #808080)] [r=56 c=3 rs=1 cs=1]
                RenderBlock {P} at (8,1) size 90x16
                  RenderText {#text} at (36,0) size 17x15
                    text run at (36,0) width 17: "No"
                  RenderInline {SPAN} at (0,0) size 1x15
                    RenderInline {O:P} at (0,0) size 1x15
            RenderTableRow {TR} at (0,4422) size 472x65
              RenderTableCell {TD} at (0,4422) size 99x17 [border: (1px none #808080) none] [r=57 c=0 rs=1 cs=1]
                RenderBlock {P} at (8,1) size 84x16
                  RenderText {#text} at (35,0) size 13x15
                    text run at (35,0) width 13: "58"
                  RenderInline {SPAN} at (0,0) size 1x15
                    RenderInline {O:P} at (0,0) size 1x15
              RenderTableCell {TD} at (98,4422) size 170x65 [border: (1px none #808080) none (1px none #808080)] [r=57 c=1 rs=1 cs=1]
                RenderBlock {P} at (8,1) size 155x16
                  RenderText {#text} at (0,0) size 90x15
                    text run at (0,0) width 90: "Ian + Brad Carter"
                  RenderInline {SPAN} at (0,0) size 0x15
                    RenderInline {O:P} at (0,0) size 0x15
                RenderBlock {P} at (8,17) size 155x16
                  RenderText {#text} at (0,0) size 66x15
                    text run at (0,0) width 66: "Bill Johnson"
                RenderBlock {P} at (8,33) size 155x16
                  RenderText {#text} at (0,0) size 74x15
                    text run at (0,0) width 74: "Chuck Pringle"
                RenderBlock {P} at (8,49) size 155x16
                  RenderText {#text} at (0,0) size 65x15
                    text run at (0,0) width 65: "David Dunn"
                  RenderInline {SPAN} at (0,0) size 0x15
                    RenderInline {O:P} at (0,0) size 0x15
              RenderTableCell {TD} at (267,4422) size 100x49 [border: (1px none #808080) none (1px none #808080)] [r=57 c=2 rs=1 cs=1]
                RenderBlock {P} at (8,1) size 84x16
                  RenderText {#text} at (31,0) size 21x15
                    text run at (31,0) width 21: "Yes"
                  RenderInline {SPAN} at (0,0) size 1x15
                    RenderInline {O:P} at (0,0) size 1x15
                RenderBlock {P} at (8,17) size 84x16
                  RenderText {#text} at (31,0) size 21x15
                    text run at (31,0) width 21: "Yes"
                RenderBlock {P} at (8,33) size 84x16
                  RenderText {#text} at (31,0) size 21x15
                    text run at (31,0) width 21: "Yes"
                  RenderInline {SPAN} at (0,0) size 1x15
                    RenderInline {O:P} at (0,0) size 1x15
              RenderTableCell {TD} at (366,4422) size 107x49 [border: (1px none #808080) none (1px none #808080)] [r=57 c=3 rs=1 cs=1]
                RenderBlock {P} at (8,1) size 90x16
                  RenderText {#text} at (36,0) size 17x15
                    text run at (36,0) width 17: "No"
                  RenderInline {SPAN} at (0,0) size 1x15
                    RenderInline {O:P} at (0,0) size 1x15
                RenderBlock {P} at (8,17) size 90x16
                  RenderText {#text} at (36,0) size 17x15
                    text run at (36,0) width 17: "No"
                RenderBlock {P} at (8,33) size 90x16
                  RenderText {#text} at (36,0) size 17x15
                    text run at (36,0) width 17: "No"
                  RenderInline {SPAN} at (0,0) size 1x15
                    RenderInline {O:P} at (0,0) size 1x15
            RenderTableRow {TR} at (0,4487) size 472x33
              RenderTableCell {TD} at (0,4487) size 99x17 [border: (1px none #808080) none] [r=58 c=0 rs=1 cs=1]
                RenderBlock {P} at (8,1) size 84x16
                  RenderText {#text} at (35,0) size 13x15
                    text run at (35,0) width 13: "59"
                  RenderInline {SPAN} at (0,0) size 1x15
                    RenderInline {O:P} at (0,0) size 1x15
              RenderTableCell {TD} at (98,4487) size 170x33 [border: (1px none #808080) none (1px none #808080)] [r=58 c=1 rs=1 cs=1]
                RenderBlock {P} at (8,1) size 155x16
                  RenderText {#text} at (0,0) size 57x15
                    text run at (0,0) width 57: "Bob Roger"
                RenderBlock {P} at (8,17) size 155x16
                  RenderText {#text} at (0,0) size 67x15
                    text run at (0,0) width 67: "Rich Burnett"
                  RenderInline {SPAN} at (0,0) size 0x15
                    RenderInline {O:P} at (0,0) size 0x15
              RenderTableCell {TD} at (267,4487) size 100x17 [border: (1px none #808080) none (1px none #808080)] [r=58 c=2 rs=1 cs=1]
                RenderBlock {P} at (8,1) size 84x16
                  RenderText {#text} at (31,0) size 21x15
                    text run at (31,0) width 21: "Yes"
                  RenderInline {SPAN} at (0,0) size 1x15
                    RenderInline {O:P} at (0,0) size 1x15
              RenderTableCell {TD} at (366,4487) size 107x17 [border: (1px none #808080) none (1px none #808080)] [r=58 c=3 rs=1 cs=1]
                RenderBlock {P} at (8,1) size 90x16
                  RenderText {#text} at (36,0) size 17x15
                    text run at (36,0) width 17: "No"
                  RenderInline {SPAN} at (0,0) size 1x15
                    RenderInline {O:P} at (0,0) size 1x15
            RenderTableRow {TR} at (0,4520) size 472x65
              RenderTableCell {TD} at (0,4520) size 99x17 [border: (1px none #808080) none] [r=59 c=0 rs=1 cs=1]
                RenderBlock {P} at (8,1) size 84x16
                  RenderText {#text} at (35,0) size 13x15
                    text run at (35,0) width 13: "60"
                  RenderInline {SPAN} at (0,0) size 1x15
                    RenderInline {O:P} at (0,0) size 1x15
              RenderTableCell {TD} at (98,4520) size 170x65 [border: (1px none #808080) none (1px none #808080)] [r=59 c=1 rs=1 cs=1]
                RenderBlock {P} at (8,1) size 155x16
                  RenderText {#text} at (0,0) size 66x15
                    text run at (0,0) width 66: "Bill Johnson"
                RenderBlock {P} at (8,17) size 155x16
                  RenderText {#text} at (0,0) size 89x15
                    text run at (0,0) width 89: "Vladimir Dvorkin"
                RenderBlock {P} at (8,33) size 155x16
                  RenderText {#text} at (0,0) size 51x15
                    text run at (0,0) width 51: "Ken Price"
                RenderBlock {P} at (8,49) size 155x16
                  RenderText {#text} at (0,0) size 87x15
                    text run at (0,0) width 87: "Rick Rasmussen"
                  RenderInline {SPAN} at (0,0) size 0x15
                    RenderInline {O:P} at (0,0) size 0x15
              RenderTableCell {TD} at (267,4520) size 100x33 [border: (1px none #808080) none (1px none #808080)] [r=59 c=2 rs=1 cs=1]
                RenderBlock {P} at (8,1) size 84x16
                  RenderText {#text} at (31,0) size 21x15
                    text run at (31,0) width 21: "Yes"
                RenderBlock {P} at (8,17) size 84x16
                  RenderText {#text} at (33,0) size 17x15
                    text run at (33,0) width 17: "No"
                  RenderInline {SPAN} at (0,0) size 1x15
                    RenderInline {O:P} at (0,0) size 1x15
              RenderTableCell {TD} at (366,4520) size 107x33 [border: (1px none #808080) none (1px none #808080)] [r=59 c=3 rs=1 cs=1]
                RenderBlock {P} at (8,1) size 90x16
                  RenderText {#text} at (36,0) size 17x15
                    text run at (36,0) width 17: "No"
                RenderBlock {P} at (8,17) size 90x16
                  RenderText {#text} at (34,0) size 21x15
                    text run at (34,0) width 21: "Yes"
                  RenderInline {SPAN} at (0,0) size 1x15
                    RenderInline {O:P} at (0,0) size 1x15
        RenderBlock {P} at (0,4606) size 769x16
          RenderInline {SPAN} at (0,0) size 3x15
            RenderText {#text} at (0,0) size 3x15
              text run at (0,0) width 3: " "
        RenderBlock {P} at (0,4622) size 769x16
          RenderText {#text} at (0,0) size 3x15
            text run at (0,0) width 3: " "
        RenderBlock {P} at (0,4638) size 769x16
          RenderText {#text} at (0,0) size 3x15
            text run at (0,0) width 3: " "
      RenderBlock {P} at (0,4654) size 769x16
        RenderText {#text} at (383,0) size 3x15
          text run at (383,0) width 3: " "
