layer at (0,0) size 800x600
  RenderView at (0,0) size 800x600
layer at (0,0) size 800x600
  RenderBlock {HTML} at (0,0) size 800x600
    RenderBody {BODY} at (8,8) size 784x576
      RenderBlock {FORM} at (0,0) size 784x89
        RenderTable {TABLE} at (0,0) size 301x89 [border: (1px outset #808080)]
          RenderTableSection {TBODY} at (1,1) size 299x87
            RenderTableRow {TR} at (0,2) size 299x83
              RenderTableCell {TD} at (2,2) size 295x83 [border: (1px inset #808080)] [r=0 c=0 rs=1 cs=1]
                RenderTable {TABLE} at (2,2) size 291x79 [border: (2px outset #808080)]
                  RenderTableSection {TBODY} at (2,2) size 287x75
                    RenderTableRow {TR} at (0,2) size 287x40
                      RenderTableCell {TD} at (2,2) size 83x40 [border: (1px inset #808080)] [r=0 c=0 rs=1 cs=1]
                        RenderText {#text} at (2,2) size 56x36
                          text run at (2,2) width 53: "Member"
                          text run at (2,20) width 56: "Number:"
                      RenderTableCell {TD} at (86,7) size 194x30 [border: (1px inset #808080)] [r=0 c=1 rs=1 cs=1]
                        RenderTextControl {INPUT} at (4,4) size 150x21 [bgcolor=#FFFFFF] [border: (2px inset #000000)]
                        RenderText {#text} at (0,0) size 0x0
                    RenderTableRow {TR} at (0,44) size 287x29
                      RenderTableCell {TD} at (2,47) size 83x23 [border: (1px inset #808080)] [r=1 c=0 rs=1 cs=1]
                        RenderText {#text} at (2,2) size 30x19
                          text run at (2,3) width 30: "PIN:"
                      RenderTableCell {TD} at (86,44) size 194x29 [border: (1px inset #808080)] [r=1 c=1 rs=1 cs=1]
                        RenderTextControl {INPUT} at (4,4) size 150x21 [bgcolor=#FFFFFF] [border: (2px inset #000000)]
                        RenderText {#text} at (0,0) size 0x0
                      RenderTableCell {TD} at (281,56) size 5x5 [border: (1px inset #808080)] [r=1 c=2 rs=1 cs=1]
layer at (107,30) size 146x15
  RenderBlock {DIV} at (2,3) size 146x15
layer at (107,66) size 146x15
  RenderBlock {DIV} at (2,3) size 146x15
