layer at (0,0) size 800x600
  RenderView at (0,0) size 800x600
layer at (0,0) size 800x82
  RenderBlock {HTML} at (0,0) size 800x82
    RenderBody {BODY} at (8,8) size 784x66
      RenderBlock (anonymous) at (0,0) size 784x20
        RenderText {#text} at (0,0) size 184x19
          text run at (0,0) width 184: "the text should be courier 24pt"
      RenderTable {TABLE} at (0,20) size 75x26
        RenderTableSection {TBODY} at (0,0) size 75x26
          RenderTableRow {TR} at (0,2) size 75x22
            RenderTableCell {TD} at (2,2) size 71x22 [r=0 c=0 rs=1 cs=1]
              RenderText {#text} at (1,1) size 69x19
                text run at (1,1) width 69: "inside a cell"
      RenderBlock {DIV} at (0,46) size 784x20
        RenderText {#text} at (0,0) size 67x19
          text run at (0,0) width 67: "inside a div"
