layer at (0,0) size 800x600
  RenderView at (0,0) size 800x600
layer at (0,0) size 800x600
  RenderBlock {HTML} at (0,0) size 800x600
    RenderBody {BODY} at (8,8) size 784x576
      RenderBlock {P} at (0,0) size 784x40
        RenderText {#text} at (0,0) size 54x19
          text run at (0,0) width 54: "Test for "
        RenderInline {I} at (0,0) size 763x39
          RenderInline {A} at (0,0) size 305x19 [color=#0000EE]
            RenderText {#text} at (53,0) size 305x19
              text run at (53,0) width 305: "http://bugs.webkit.org/show_bug.cgi?id=13353"
          RenderText {#text} at (357,0) size 763x39
            text run at (357,0) width 5: " "
            text run at (361,0) width 402: "REGRESSION (r20754-20766): Textarea does not resize when"
            text run at (0,20) width 124: "scrollbar is present"
        RenderText {#text} at (123,20) size 5x19
          text run at (123,20) width 5: "."
      RenderBlock {P} at (0,56) size 784x20
        RenderText {#text} at (0,0) size 760x19
          text run at (0,0) width 584: "To test interactively, verify that you can resize each of the boxes below. The automatic test "
          text run at (583,0) width 177: "resizes them to 125 by 125."
      RenderBlock (floating) {DIV} at (0,92) size 125x125 [bgcolor=#FF0000]
      RenderBlock (floating) {DIV} at (135,92) size 125x125 [bgcolor=#FF0000]
      RenderBlock (floating) {DIV} at (270,92) size 125x125 [bgcolor=#FF0000]
      RenderBlock (floating) {DIV} at (405,92) size 125x125 [bgcolor=#FF0000]
layer at (8,100) size 75x75 clip at (8,100) size 60x60 scrollWidth 100 scrollHeight 100
  RenderBlock {DIV} at (0,0) size 75x75 [bgcolor=#008000]
    RenderBlock {DIV} at (0,0) size 100x100
layer at (143,100) size 75x75 clip at (143,100) size 60x60 scrollWidth 100 scrollHeight 100
  RenderBlock {DIV} at (0,0) size 75x75 [bgcolor=#008000]
    RenderBlock {DIV} at (0,0) size 100x100
layer at (278,100) size 75x75 clip at (278,100) size 60x75 scrollWidth 100 scrollHeight 100
  RenderBlock {DIV} at (0,0) size 75x75 [bgcolor=#008000]
    RenderBlock {DIV} at (0,0) size 100x100
layer at (413,100) size 75x75 clip at (413,100) size 75x60 scrollWidth 100 scrollHeight 100
  RenderBlock {DIV} at (0,0) size 75x75 [bgcolor=#008000]
    RenderBlock {DIV} at (0,0) size 100x100
