layer at (0,0) size 800x600
  RenderView at (0,0) size 800x600
layer at (0,0) size 800x600
  RenderBlock {HTML} at (0,0) size 800x600
    RenderBody {BODY} at (8,8) size 784x584
      RenderBlock {P} at (0,0) size 784x40
        RenderText {#text} at (0,0) size 218x19
          text run at (0,0) width 218: "This tests for a regression against "
        RenderInline {I} at (0,0) size 745x39
          RenderInline {A} at (0,0) size 354x19 [color=#0000EE]
            RenderText {#text} at (217,0) size 354x19
              text run at (217,0) width 354: "http://bugzilla.opendarwin.org/show_bug.cgi?id=6673"
          RenderText {#text} at (570,0) size 745x39
            text run at (570,0) width 5: " "
            text run at (574,0) width 171: "Selection highlight doesn't"
            text run at (0,20) width 415: "scroll along with an image contained in an overflow:scroll block"
        RenderText {#text} at (414,20) size 5x19
          text run at (414,20) width 5: "."
      RenderBlock {P} at (0,56) size 784x40
        RenderText {#text} at (0,0) size 763x39
          text run at (0,0) width 421: "There should be one contiguous highlight from \x{201C}elit\x{201D} to \x{201C}Etiam\x{201D}, "
          text run at (420,0) width 343: "including the orange square, and no other highlighted"
          text run at (0,20) width 37: "areas."
      RenderBlock {HR} at (0,112) size 784x2 [border: (1px inset #000000)]
layer at (8,130) size 100x200 clip at (8,130) size 85x200 scrollY 40 scrollHeight 320
  RenderBlock {DIV} at (0,122) size 100x200
    RenderText {#text} at (0,0) size 80x119
      text run at (0,0) width 43: "Lorem"
      text run at (0,20) width 77: "ipsum dolor"
      text run at (0,40) width 55: "sit amet,"
      text run at (0,60) width 80: "consectetuer"
      text run at (0,80) width 66: "adipiscing"
      text run at (0,100) width 29: "elit. "
    RenderImage {IMG} at (28,105) size 11x10
    RenderText {#text} at (38,100) size 85x219
      text run at (38,100) width 5: " "
      text run at (42,100) width 39: "Etiam"
      text run at (0,120) width 59: "et ipsum."
      text run at (0,140) width 32: "Nam"
      text run at (0,160) width 80: "consectetuer"
      text run at (0,180) width 84: "mi eget velit."
      text run at (0,200) width 85: "Sed nec risus"
      text run at (0,220) width 63: "vitae felis"
      text run at (0,240) width 40: "auctor"
      text run at (0,260) width 56: "ultricies."
      text run at (0,280) width 81: "Pellentesque"
      text run at (0,300) width 56: "aliquet..."
selection start: position 58 of child 0 {#text} of child 7 {DIV} of body
selection end:   position 11 of child 2 {#text} of child 7 {DIV} of body
