layer at (0,0) size 800x600
  RenderView at (0,0) size 800x600
    RenderMultiColumnSet at (0,0) size 800x600
layer at (0,0) size 4096x180 backgroundClip at (0,0) size 800x600 clip at (0,0) size 800x600
  RenderMultiColumnFlowThread at (0,0) size 4096x180
layer at (0,0) size 4096x180 backgroundClip at (0,0) size 800x600 clip at (0,0) size 800x600
  RenderBlock {HTML} at (0,0) size 4096x180
    RenderBody {BODY} at (8,8) size 4072x164
      RenderBlock {DIV} at (0,0) size 50x50 [bgcolor=#0000FF]
      RenderBlock {P} at (66,0) size 420x164
        RenderText {#text} at (1,0) size 419x163
          text run at (1,0) width 155: "1 Lorem ipsum dolor sit"
          text run at (21,0) width 112: "amet, consectetur"
          text run at (41,0) width 144: "adipisicing elit, sed do"
          text run at (61,0) width 104: "eiusmod tempor"
          text run at (81,0) width 141: "incididunt ut labore et"
          text run at (101,0) width 155: "dolore magna aliqua. Ut"
          text run at (121,0) width 152: "enim ad minim veniam,"
          text run at (141,0) width 159: "quis nostrud exercitation"
          text run at (161,0) width 143: "ullamco laboris nisi ut"
          text run at (181,0) width 150: "aliquip ex ea commodo"
          text run at (201,0) width 133: "consequat. Duis aute"
          text run at (221,0) width 85: "irure dolor in"
          text run at (241,0) width 102: "reprehenderit in"
          text run at (261,0) width 123: "voluptate velit esse"
          text run at (281,0) width 147: "cillum dolore eu fugiat"
          text run at (301,0) width 158: "nulla pariatur. Excepteur"
          text run at (321,0) width 145: "sint occaecat cupidatat"
          text run at (341,0) width 133: "non proident, sunt in"
          text run at (361,0) width 163: "culpa qui officia deserunt"
          text run at (381,0) width 113: "mollit anim id est"
          text run at (401,0) width 58: "laborum."
      RenderBlock {DIV} at (502,0) size 50x50 [bgcolor=#0000FF]
      RenderBlock {P} at (568,0) size 424x164
        RenderText {#text} at (1,0) size 423x163
          text run at (1,0) width 155: "2 Lorem ipsum dolor sit"
          text run at (21,0) width 112: "amet, consectetur"
          text run at (41,0) width 144: "adipisicing elit, sed do"
          text run at (61,0) width 104: "eiusmod tempor"
          text run at (81,0) width 141: "incididunt ut labore et"
          text run at (101,0) width 155: "dolore magna aliqua. Ut"
          text run at (121,0) width 152: "enim ad minim veniam,"
          text run at (141,0) width 159: "quis nostrud exercitation"
          text run at (161,0) width 143: "ullamco laboris nisi ut"
          text run at (181,0) width 150: "aliquip ex ea commodo"
          text run at (201,0) width 133: "consequat. Duis aute"
          text run at (225,0) width 85: "irure dolor in"
          text run at (245,0) width 102: "reprehenderit in"
          text run at (265,0) width 123: "voluptate velit esse"
          text run at (285,0) width 147: "cillum dolore eu fugiat"
          text run at (305,0) width 158: "nulla pariatur. Excepteur"
          text run at (325,0) width 145: "sint occaecat cupidatat"
          text run at (345,0) width 133: "non proident, sunt in"
          text run at (365,0) width 163: "culpa qui officia deserunt"
          text run at (385,0) width 113: "mollit anim id est"
          text run at (405,0) width 58: "laborum."
      RenderBlock {DIV} at (1008,0) size 50x50 [bgcolor=#0000FF]
      RenderBlock {P} at (1074,0) size 420x164
        RenderText {#text} at (1,0) size 419x163
          text run at (1,0) width 155: "3 Lorem ipsum dolor sit"
          text run at (21,0) width 112: "amet, consectetur"
          text run at (41,0) width 144: "adipisicing elit, sed do"
          text run at (61,0) width 104: "eiusmod tempor"
          text run at (81,0) width 141: "incididunt ut labore et"
          text run at (101,0) width 155: "dolore magna aliqua. Ut"
          text run at (121,0) width 152: "enim ad minim veniam,"
          text run at (141,0) width 159: "quis nostrud exercitation"
          text run at (161,0) width 143: "ullamco laboris nisi ut"
          text run at (181,0) width 150: "aliquip ex ea commodo"
          text run at (201,0) width 133: "consequat. Duis aute"
          text run at (221,0) width 85: "irure dolor in"
          text run at (241,0) width 102: "reprehenderit in"
          text run at (261,0) width 123: "voluptate velit esse"
          text run at (281,0) width 147: "cillum dolore eu fugiat"
          text run at (301,0) width 158: "nulla pariatur. Excepteur"
          text run at (321,0) width 145: "sint occaecat cupidatat"
          text run at (341,0) width 133: "non proident, sunt in"
          text run at (361,0) width 163: "culpa qui officia deserunt"
          text run at (381,0) width 113: "mollit anim id est"
          text run at (401,0) width 58: "laborum."
      RenderBlock {DIV} at (1510,0) size 50x50 [bgcolor=#0000FF]
      RenderBlock {P} at (1592,0) size 420x164
        RenderText {#text} at (1,0) size 419x163
          text run at (1,0) width 155: "4 Lorem ipsum dolor sit"
          text run at (21,0) width 112: "amet, consectetur"
          text run at (41,0) width 144: "adipisicing elit, sed do"
          text run at (61,0) width 104: "eiusmod tempor"
          text run at (81,0) width 141: "incididunt ut labore et"
          text run at (101,0) width 155: "dolore magna aliqua. Ut"
          text run at (121,0) width 152: "enim ad minim veniam,"
          text run at (141,0) width 159: "quis nostrud exercitation"
          text run at (161,0) width 143: "ullamco laboris nisi ut"
          text run at (181,0) width 150: "aliquip ex ea commodo"
          text run at (201,0) width 133: "consequat. Duis aute"
          text run at (221,0) width 85: "irure dolor in"
          text run at (241,0) width 102: "reprehenderit in"
          text run at (261,0) width 123: "voluptate velit esse"
          text run at (281,0) width 147: "cillum dolore eu fugiat"
          text run at (301,0) width 158: "nulla pariatur. Excepteur"
          text run at (321,0) width 145: "sint occaecat cupidatat"
          text run at (341,0) width 133: "non proident, sunt in"
          text run at (361,0) width 163: "culpa qui officia deserunt"
          text run at (381,0) width 113: "mollit anim id est"
          text run at (401,0) width 58: "laborum."
      RenderBlock {DIV} at (2028,0) size 50x50 [bgcolor=#0000FF]
      RenderBlock {P} at (2094,0) size 438x164
        RenderText {#text} at (1,0) size 437x163
          text run at (1,0) width 155: "5 Lorem ipsum dolor sit"
          text run at (21,0) width 112: "amet, consectetur"
          text run at (41,0) width 144: "adipisicing elit, sed do"
          text run at (61,0) width 104: "eiusmod tempor"
          text run at (81,0) width 141: "incididunt ut labore et"
          text run at (101,0) width 155: "dolore magna aliqua. Ut"
          text run at (121,0) width 152: "enim ad minim veniam,"
          text run at (141,0) width 159: "quis nostrud exercitation"
          text run at (161,0) width 143: "ullamco laboris nisi ut"
          text run at (181,0) width 150: "aliquip ex ea commodo"
          text run at (201,0) width 133: "consequat. Duis aute"
          text run at (221,0) width 85: "irure dolor in"
          text run at (241,0) width 102: "reprehenderit in"
          text run at (261,0) width 123: "voluptate velit esse"
          text run at (299,0) width 147: "cillum dolore eu fugiat"
          text run at (319,0) width 158: "nulla pariatur. Excepteur"
          text run at (339,0) width 145: "sint occaecat cupidatat"
          text run at (359,0) width 133: "non proident, sunt in"
          text run at (379,0) width 163: "culpa qui officia deserunt"
          text run at (399,0) width 113: "mollit anim id est"
          text run at (419,0) width 58: "laborum."
      RenderBlock {DIV} at (2548,0) size 50x50 [bgcolor=#0000FF]
      RenderBlock {P} at (2614,0) size 420x164
        RenderText {#text} at (1,0) size 419x163
          text run at (1,0) width 155: "6 Lorem ipsum dolor sit"
          text run at (21,0) width 112: "amet, consectetur"
          text run at (41,0) width 144: "adipisicing elit, sed do"
          text run at (61,0) width 104: "eiusmod tempor"
          text run at (81,0) width 141: "incididunt ut labore et"
          text run at (101,0) width 155: "dolore magna aliqua. Ut"
          text run at (121,0) width 152: "enim ad minim veniam,"
          text run at (141,0) width 159: "quis nostrud exercitation"
          text run at (161,0) width 143: "ullamco laboris nisi ut"
          text run at (181,0) width 150: "aliquip ex ea commodo"
          text run at (201,0) width 133: "consequat. Duis aute"
          text run at (221,0) width 85: "irure dolor in"
          text run at (241,0) width 102: "reprehenderit in"
          text run at (261,0) width 123: "voluptate velit esse"
          text run at (281,0) width 147: "cillum dolore eu fugiat"
          text run at (301,0) width 158: "nulla pariatur. Excepteur"
          text run at (321,0) width 145: "sint occaecat cupidatat"
          text run at (341,0) width 133: "non proident, sunt in"
          text run at (361,0) width 163: "culpa qui officia deserunt"
          text run at (381,0) width 113: "mollit anim id est"
          text run at (401,0) width 58: "laborum."
      RenderBlock {DIV} at (3050,0) size 50x50 [bgcolor=#0000FF]
      RenderBlock {P} at (3116,0) size 436x164
        RenderText {#text} at (1,0) size 435x163
          text run at (1,0) width 155: "7 Lorem ipsum dolor sit"
          text run at (21,0) width 112: "amet, consectetur"
          text run at (41,0) width 144: "adipisicing elit, sed do"
          text run at (77,0) width 104: "eiusmod tempor"
          text run at (97,0) width 141: "incididunt ut labore et"
          text run at (117,0) width 155: "dolore magna aliqua. Ut"
          text run at (137,0) width 152: "enim ad minim veniam,"
          text run at (157,0) width 159: "quis nostrud exercitation"
          text run at (177,0) width 143: "ullamco laboris nisi ut"
          text run at (197,0) width 150: "aliquip ex ea commodo"
          text run at (217,0) width 133: "consequat. Duis aute"
          text run at (237,0) width 85: "irure dolor in"
          text run at (257,0) width 102: "reprehenderit in"
          text run at (277,0) width 123: "voluptate velit esse"
          text run at (297,0) width 147: "cillum dolore eu fugiat"
          text run at (317,0) width 158: "nulla pariatur. Excepteur"
          text run at (337,0) width 145: "sint occaecat cupidatat"
          text run at (357,0) width 133: "non proident, sunt in"
          text run at (377,0) width 163: "culpa qui officia deserunt"
          text run at (397,0) width 113: "mollit anim id est"
          text run at (417,0) width 58: "laborum."
      RenderBlock {DIV} at (3568,0) size 50x50 [bgcolor=#0000FF]
      RenderBlock {P} at (3634,0) size 438x164
        RenderText {#text} at (1,0) size 437x163
          text run at (1,0) width 155: "8 Lorem ipsum dolor sit"
          text run at (21,0) width 112: "amet, consectetur"
          text run at (41,0) width 144: "adipisicing elit, sed do"
          text run at (61,0) width 104: "eiusmod tempor"
          text run at (81,0) width 141: "incididunt ut labore et"
          text run at (101,0) width 155: "dolore magna aliqua. Ut"
          text run at (121,0) width 152: "enim ad minim veniam,"
          text run at (141,0) width 159: "quis nostrud exercitation"
          text run at (161,0) width 143: "ullamco laboris nisi ut"
          text run at (181,0) width 150: "aliquip ex ea commodo"
          text run at (201,0) width 133: "consequat. Duis aute"
          text run at (221,0) width 85: "irure dolor in"
          text run at (241,0) width 102: "reprehenderit in"
          text run at (261,0) width 123: "voluptate velit esse"
          text run at (281,0) width 147: "cillum dolore eu fugiat"
          text run at (301,0) width 158: "nulla pariatur. Excepteur"
          text run at (321,0) width 145: "sint occaecat cupidatat"
          text run at (359,0) width 133: "non proident, sunt in"
          text run at (379,0) width 163: "culpa qui officia deserunt"
          text run at (399,0) width 113: "mollit anim id est"
          text run at (419,0) width 58: "laborum."
