layer at (0,0) size 1380x600
  RenderView at (0,0) size 800x600
    RenderMultiColumnSet at (0,0) size 800x600
layer at (0,0) size 180x4100 backgroundClip at (0,0) size 1380x600 clip at (0,0) size 1380x600
  RenderMultiColumnFlowThread at (0,0) size 180x4100
layer at (0,0) size 180x4100 backgroundClip at (0,0) size 1380x600 clip at (0,0) size 1380x600
  RenderBlock {HTML} at (0,0) size 180x4100
    RenderBody {BODY} at (8,8) size 164x4076
      RenderBlock {DIV} at (0,0) size 50x50 [bgcolor=#0000FF]
      RenderBlock {P} at (0,66) size 164x420
        RenderText {#text} at (0,0) size 163x419
          text run at (0,0) width 155: "1 Lorem ipsum dolor sit"
          text run at (0,20) width 112: "amet, consectetur"
          text run at (0,40) width 144: "adipisicing elit, sed do"
          text run at (0,60) width 104: "eiusmod tempor"
          text run at (0,80) width 141: "incididunt ut labore et"
          text run at (0,100) width 155: "dolore magna aliqua. Ut"
          text run at (0,120) width 152: "enim ad minim veniam,"
          text run at (0,140) width 159: "quis nostrud exercitation"
          text run at (0,160) width 143: "ullamco laboris nisi ut"
          text run at (0,180) width 150: "aliquip ex ea commodo"
          text run at (0,200) width 133: "consequat. Duis aute"
          text run at (0,220) width 85: "irure dolor in"
          text run at (0,240) width 102: "reprehenderit in"
          text run at (0,260) width 123: "voluptate velit esse"
          text run at (0,280) width 147: "cillum dolore eu fugiat"
          text run at (0,300) width 158: "nulla pariatur. Excepteur"
          text run at (0,320) width 145: "sint occaecat cupidatat"
          text run at (0,340) width 133: "non proident, sunt in"
          text run at (0,360) width 163: "culpa qui officia deserunt"
          text run at (0,380) width 113: "mollit anim id est"
          text run at (0,400) width 58: "laborum."
      RenderBlock {DIV} at (0,502) size 50x50 [bgcolor=#0000FF]
      RenderBlock {P} at (0,568) size 164x424
        RenderText {#text} at (0,0) size 163x423
          text run at (0,0) width 155: "2 Lorem ipsum dolor sit"
          text run at (0,24) width 112: "amet, consectetur"
          text run at (0,44) width 144: "adipisicing elit, sed do"
          text run at (0,64) width 104: "eiusmod tempor"
          text run at (0,84) width 141: "incididunt ut labore et"
          text run at (0,104) width 155: "dolore magna aliqua. Ut"
          text run at (0,124) width 152: "enim ad minim veniam,"
          text run at (0,144) width 159: "quis nostrud exercitation"
          text run at (0,164) width 143: "ullamco laboris nisi ut"
          text run at (0,184) width 150: "aliquip ex ea commodo"
          text run at (0,204) width 133: "consequat. Duis aute"
          text run at (0,224) width 85: "irure dolor in"
          text run at (0,244) width 102: "reprehenderit in"
          text run at (0,264) width 123: "voluptate velit esse"
          text run at (0,284) width 147: "cillum dolore eu fugiat"
          text run at (0,304) width 158: "nulla pariatur. Excepteur"
          text run at (0,324) width 145: "sint occaecat cupidatat"
          text run at (0,344) width 133: "non proident, sunt in"
          text run at (0,364) width 163: "culpa qui officia deserunt"
          text run at (0,384) width 113: "mollit anim id est"
          text run at (0,404) width 58: "laborum."
      RenderBlock {DIV} at (0,1008) size 50x50 [bgcolor=#0000FF]
      RenderBlock {P} at (0,1074) size 164x438
        RenderText {#text} at (0,0) size 163x437
          text run at (0,0) width 155: "3 Lorem ipsum dolor sit"
          text run at (0,20) width 112: "amet, consectetur"
          text run at (0,40) width 144: "adipisicing elit, sed do"
          text run at (0,60) width 104: "eiusmod tempor"
          text run at (0,80) width 141: "incididunt ut labore et"
          text run at (0,118) width 155: "dolore magna aliqua. Ut"
          text run at (0,138) width 152: "enim ad minim veniam,"
          text run at (0,158) width 159: "quis nostrud exercitation"
          text run at (0,178) width 143: "ullamco laboris nisi ut"
          text run at (0,198) width 150: "aliquip ex ea commodo"
          text run at (0,218) width 133: "consequat. Duis aute"
          text run at (0,238) width 85: "irure dolor in"
          text run at (0,258) width 102: "reprehenderit in"
          text run at (0,278) width 123: "voluptate velit esse"
          text run at (0,298) width 147: "cillum dolore eu fugiat"
          text run at (0,318) width 158: "nulla pariatur. Excepteur"
          text run at (0,338) width 145: "sint occaecat cupidatat"
          text run at (0,358) width 133: "non proident, sunt in"
          text run at (0,378) width 163: "culpa qui officia deserunt"
          text run at (0,398) width 113: "mollit anim id est"
          text run at (0,418) width 58: "laborum."
      RenderBlock {DIV} at (0,1528) size 50x50 [bgcolor=#0000FF]
      RenderBlock {P} at (0,1594) size 164x438
        RenderText {#text} at (0,0) size 163x437
          text run at (0,0) width 155: "4 Lorem ipsum dolor sit"
          text run at (0,20) width 112: "amet, consectetur"
          text run at (0,40) width 144: "adipisicing elit, sed do"
          text run at (0,60) width 104: "eiusmod tempor"
          text run at (0,80) width 141: "incididunt ut labore et"
          text run at (0,100) width 155: "dolore magna aliqua. Ut"
          text run at (0,120) width 152: "enim ad minim veniam,"
          text run at (0,140) width 159: "quis nostrud exercitation"
          text run at (0,160) width 143: "ullamco laboris nisi ut"
          text run at (0,198) width 150: "aliquip ex ea commodo"
          text run at (0,218) width 133: "consequat. Duis aute"
          text run at (0,238) width 85: "irure dolor in"
          text run at (0,258) width 102: "reprehenderit in"
          text run at (0,278) width 123: "voluptate velit esse"
          text run at (0,298) width 147: "cillum dolore eu fugiat"
          text run at (0,318) width 158: "nulla pariatur. Excepteur"
          text run at (0,338) width 145: "sint occaecat cupidatat"
          text run at (0,358) width 133: "non proident, sunt in"
          text run at (0,378) width 163: "culpa qui officia deserunt"
          text run at (0,398) width 113: "mollit anim id est"
          text run at (0,418) width 58: "laborum."
      RenderBlock {DIV} at (0,2048) size 50x50 [bgcolor=#0000FF]
      RenderBlock {P} at (0,2114) size 164x438
        RenderText {#text} at (0,0) size 163x437
          text run at (0,0) width 155: "5 Lorem ipsum dolor sit"
          text run at (0,20) width 112: "amet, consectetur"
          text run at (0,40) width 144: "adipisicing elit, sed do"
          text run at (0,60) width 104: "eiusmod tempor"
          text run at (0,80) width 141: "incididunt ut labore et"
          text run at (0,100) width 155: "dolore magna aliqua. Ut"
          text run at (0,120) width 152: "enim ad minim veniam,"
          text run at (0,140) width 159: "quis nostrud exercitation"
          text run at (0,160) width 143: "ullamco laboris nisi ut"
          text run at (0,180) width 150: "aliquip ex ea commodo"
          text run at (0,200) width 133: "consequat. Duis aute"
          text run at (0,220) width 85: "irure dolor in"
          text run at (0,240) width 102: "reprehenderit in"
          text run at (0,278) width 123: "voluptate velit esse"
          text run at (0,298) width 147: "cillum dolore eu fugiat"
          text run at (0,318) width 158: "nulla pariatur. Excepteur"
          text run at (0,338) width 145: "sint occaecat cupidatat"
          text run at (0,358) width 133: "non proident, sunt in"
          text run at (0,378) width 163: "culpa qui officia deserunt"
          text run at (0,398) width 113: "mollit anim id est"
          text run at (0,418) width 58: "laborum."
      RenderBlock {DIV} at (0,2568) size 50x50 [bgcolor=#0000FF]
      RenderBlock {P} at (0,2634) size 164x438
        RenderText {#text} at (0,0) size 163x437
          text run at (0,0) width 155: "6 Lorem ipsum dolor sit"
          text run at (0,20) width 112: "amet, consectetur"
          text run at (0,40) width 144: "adipisicing elit, sed do"
          text run at (0,60) width 104: "eiusmod tempor"
          text run at (0,80) width 141: "incididunt ut labore et"
          text run at (0,100) width 155: "dolore magna aliqua. Ut"
          text run at (0,120) width 152: "enim ad minim veniam,"
          text run at (0,140) width 159: "quis nostrud exercitation"
          text run at (0,160) width 143: "ullamco laboris nisi ut"
          text run at (0,180) width 150: "aliquip ex ea commodo"
          text run at (0,200) width 133: "consequat. Duis aute"
          text run at (0,220) width 85: "irure dolor in"
          text run at (0,240) width 102: "reprehenderit in"
          text run at (0,260) width 123: "voluptate velit esse"
          text run at (0,280) width 147: "cillum dolore eu fugiat"
          text run at (0,300) width 158: "nulla pariatur. Excepteur"
          text run at (0,320) width 145: "sint occaecat cupidatat"
          text run at (0,358) width 133: "non proident, sunt in"
          text run at (0,378) width 163: "culpa qui officia deserunt"
          text run at (0,398) width 113: "mollit anim id est"
          text run at (0,418) width 58: "laborum."
      RenderBlock {DIV} at (0,3088) size 50x50 [bgcolor=#0000FF]
      RenderBlock {P} at (0,3154) size 164x420
        RenderText {#text} at (0,0) size 163x419
          text run at (0,0) width 155: "7 Lorem ipsum dolor sit"
          text run at (0,20) width 112: "amet, consectetur"
          text run at (0,40) width 144: "adipisicing elit, sed do"
          text run at (0,60) width 104: "eiusmod tempor"
          text run at (0,80) width 141: "incididunt ut labore et"
          text run at (0,100) width 155: "dolore magna aliqua. Ut"
          text run at (0,120) width 152: "enim ad minim veniam,"
          text run at (0,140) width 159: "quis nostrud exercitation"
          text run at (0,160) width 143: "ullamco laboris nisi ut"
          text run at (0,180) width 150: "aliquip ex ea commodo"
          text run at (0,200) width 133: "consequat. Duis aute"
          text run at (0,220) width 85: "irure dolor in"
          text run at (0,240) width 102: "reprehenderit in"
          text run at (0,260) width 123: "voluptate velit esse"
          text run at (0,280) width 147: "cillum dolore eu fugiat"
          text run at (0,300) width 158: "nulla pariatur. Excepteur"
          text run at (0,320) width 145: "sint occaecat cupidatat"
          text run at (0,340) width 133: "non proident, sunt in"
          text run at (0,360) width 163: "culpa qui officia deserunt"
          text run at (0,380) width 113: "mollit anim id est"
          text run at (0,400) width 58: "laborum."
      RenderBlock {DIV} at (0,3590) size 50x50 [bgcolor=#0000FF]
      RenderBlock {P} at (0,3656) size 164x420
        RenderText {#text} at (0,0) size 163x419
          text run at (0,0) width 155: "8 Lorem ipsum dolor sit"
          text run at (0,20) width 112: "amet, consectetur"
          text run at (0,40) width 144: "adipisicing elit, sed do"
          text run at (0,60) width 104: "eiusmod tempor"
          text run at (0,80) width 141: "incididunt ut labore et"
          text run at (0,100) width 155: "dolore magna aliqua. Ut"
          text run at (0,120) width 152: "enim ad minim veniam,"
          text run at (0,140) width 159: "quis nostrud exercitation"
          text run at (0,160) width 143: "ullamco laboris nisi ut"
          text run at (0,180) width 150: "aliquip ex ea commodo"
          text run at (0,200) width 133: "consequat. Duis aute"
          text run at (0,220) width 85: "irure dolor in"
          text run at (0,240) width 102: "reprehenderit in"
          text run at (0,260) width 123: "voluptate velit esse"
          text run at (0,280) width 147: "cillum dolore eu fugiat"
          text run at (0,300) width 158: "nulla pariatur. Excepteur"
          text run at (0,320) width 145: "sint occaecat cupidatat"
          text run at (0,340) width 133: "non proident, sunt in"
          text run at (0,360) width 163: "culpa qui officia deserunt"
          text run at (0,380) width 113: "mollit anim id est"
          text run at (0,400) width 58: "laborum."
