layer at (0,0) size 1380x600
  RenderView at (0,0) size 800x600
    RenderMultiColumnSet at (0,0) size 800x600
layer at (0,-3500) size 180x4100 backgroundClip at (0,0) size 1380x600 clip at (0,0) size 1380x600
  RenderMultiColumnFlowThread at (0,0) size 180x4100
layer at (0,-3500) size 180x4100 backgroundClip at (0,0) size 1380x600 clip at (0,0) size 1380x600
  RenderBlock {HTML} at (0,0) size 180x4100
    RenderBody {BODY} at (8,8) size 164x4076
      RenderBlock {DIV} at (0,0) size 50x50 [bgcolor=#0000FF]
      RenderBlock {P} at (0,66) size 164x420
        RenderText {#text} at (0,1) size 163x419
          text run at (0,1) width 155: "1 Lorem ipsum dolor sit"
          text run at (0,21) width 112: "amet, consectetur"
          text run at (0,41) width 144: "adipisicing elit, sed do"
          text run at (0,61) width 104: "eiusmod tempor"
          text run at (0,81) width 141: "incididunt ut labore et"
          text run at (0,101) width 155: "dolore magna aliqua. Ut"
          text run at (0,121) width 152: "enim ad minim veniam,"
          text run at (0,141) width 159: "quis nostrud exercitation"
          text run at (0,161) width 143: "ullamco laboris nisi ut"
          text run at (0,181) width 150: "aliquip ex ea commodo"
          text run at (0,201) width 133: "consequat. Duis aute"
          text run at (0,221) width 85: "irure dolor in"
          text run at (0,241) width 102: "reprehenderit in"
          text run at (0,261) width 123: "voluptate velit esse"
          text run at (0,281) width 147: "cillum dolore eu fugiat"
          text run at (0,301) width 158: "nulla pariatur. Excepteur"
          text run at (0,321) width 145: "sint occaecat cupidatat"
          text run at (0,341) width 133: "non proident, sunt in"
          text run at (0,361) width 163: "culpa qui officia deserunt"
          text run at (0,381) width 113: "mollit anim id est"
          text run at (0,401) width 58: "laborum."
      RenderBlock {DIV} at (0,502) size 50x50 [bgcolor=#0000FF]
      RenderBlock {P} at (0,568) size 164x424
        RenderText {#text} at (0,1) size 163x423
          text run at (0,1) width 155: "2 Lorem ipsum dolor sit"
          text run at (0,25) width 112: "amet, consectetur"
          text run at (0,45) width 144: "adipisicing elit, sed do"
          text run at (0,65) width 104: "eiusmod tempor"
          text run at (0,85) width 141: "incididunt ut labore et"
          text run at (0,105) width 155: "dolore magna aliqua. Ut"
          text run at (0,125) width 152: "enim ad minim veniam,"
          text run at (0,145) width 159: "quis nostrud exercitation"
          text run at (0,165) width 143: "ullamco laboris nisi ut"
          text run at (0,185) width 150: "aliquip ex ea commodo"
          text run at (0,205) width 133: "consequat. Duis aute"
          text run at (0,225) width 85: "irure dolor in"
          text run at (0,245) width 102: "reprehenderit in"
          text run at (0,265) width 123: "voluptate velit esse"
          text run at (0,285) width 147: "cillum dolore eu fugiat"
          text run at (0,305) width 158: "nulla pariatur. Excepteur"
          text run at (0,325) width 145: "sint occaecat cupidatat"
          text run at (0,345) width 133: "non proident, sunt in"
          text run at (0,365) width 163: "culpa qui officia deserunt"
          text run at (0,385) width 113: "mollit anim id est"
          text run at (0,405) width 58: "laborum."
      RenderBlock {DIV} at (0,1008) size 50x50 [bgcolor=#0000FF]
      RenderBlock {P} at (0,1074) size 164x438
        RenderText {#text} at (0,1) size 163x437
          text run at (0,1) width 155: "3 Lorem ipsum dolor sit"
          text run at (0,21) width 112: "amet, consectetur"
          text run at (0,41) width 144: "adipisicing elit, sed do"
          text run at (0,61) width 104: "eiusmod tempor"
          text run at (0,81) width 141: "incididunt ut labore et"
          text run at (0,119) width 155: "dolore magna aliqua. Ut"
          text run at (0,139) width 152: "enim ad minim veniam,"
          text run at (0,159) width 159: "quis nostrud exercitation"
          text run at (0,179) width 143: "ullamco laboris nisi ut"
          text run at (0,199) width 150: "aliquip ex ea commodo"
          text run at (0,219) width 133: "consequat. Duis aute"
          text run at (0,239) width 85: "irure dolor in"
          text run at (0,259) width 102: "reprehenderit in"
          text run at (0,279) width 123: "voluptate velit esse"
          text run at (0,299) width 147: "cillum dolore eu fugiat"
          text run at (0,319) width 158: "nulla pariatur. Excepteur"
          text run at (0,339) width 145: "sint occaecat cupidatat"
          text run at (0,359) width 133: "non proident, sunt in"
          text run at (0,379) width 163: "culpa qui officia deserunt"
          text run at (0,399) width 113: "mollit anim id est"
          text run at (0,419) width 58: "laborum."
      RenderBlock {DIV} at (0,1528) size 50x50 [bgcolor=#0000FF]
      RenderBlock {P} at (0,1594) size 164x438
        RenderText {#text} at (0,1) size 163x437
          text run at (0,1) width 155: "4 Lorem ipsum dolor sit"
          text run at (0,21) width 112: "amet, consectetur"
          text run at (0,41) width 144: "adipisicing elit, sed do"
          text run at (0,61) width 104: "eiusmod tempor"
          text run at (0,81) width 141: "incididunt ut labore et"
          text run at (0,101) width 155: "dolore magna aliqua. Ut"
          text run at (0,121) width 152: "enim ad minim veniam,"
          text run at (0,141) width 159: "quis nostrud exercitation"
          text run at (0,161) width 143: "ullamco laboris nisi ut"
          text run at (0,199) width 150: "aliquip ex ea commodo"
          text run at (0,219) width 133: "consequat. Duis aute"
          text run at (0,239) width 85: "irure dolor in"
          text run at (0,259) width 102: "reprehenderit in"
          text run at (0,279) width 123: "voluptate velit esse"
          text run at (0,299) width 147: "cillum dolore eu fugiat"
          text run at (0,319) width 158: "nulla pariatur. Excepteur"
          text run at (0,339) width 145: "sint occaecat cupidatat"
          text run at (0,359) width 133: "non proident, sunt in"
          text run at (0,379) width 163: "culpa qui officia deserunt"
          text run at (0,399) width 113: "mollit anim id est"
          text run at (0,419) width 58: "laborum."
      RenderBlock {DIV} at (0,2048) size 50x50 [bgcolor=#0000FF]
      RenderBlock {P} at (0,2114) size 164x438
        RenderText {#text} at (0,1) size 163x437
          text run at (0,1) width 155: "5 Lorem ipsum dolor sit"
          text run at (0,21) width 112: "amet, consectetur"
          text run at (0,41) width 144: "adipisicing elit, sed do"
          text run at (0,61) width 104: "eiusmod tempor"
          text run at (0,81) width 141: "incididunt ut labore et"
          text run at (0,101) width 155: "dolore magna aliqua. Ut"
          text run at (0,121) width 152: "enim ad minim veniam,"
          text run at (0,141) width 159: "quis nostrud exercitation"
          text run at (0,161) width 143: "ullamco laboris nisi ut"
          text run at (0,181) width 150: "aliquip ex ea commodo"
          text run at (0,201) width 133: "consequat. Duis aute"
          text run at (0,221) width 85: "irure dolor in"
          text run at (0,241) width 102: "reprehenderit in"
          text run at (0,279) width 123: "voluptate velit esse"
          text run at (0,299) width 147: "cillum dolore eu fugiat"
          text run at (0,319) width 158: "nulla pariatur. Excepteur"
          text run at (0,339) width 145: "sint occaecat cupidatat"
          text run at (0,359) width 133: "non proident, sunt in"
          text run at (0,379) width 163: "culpa qui officia deserunt"
          text run at (0,399) width 113: "mollit anim id est"
          text run at (0,419) width 58: "laborum."
      RenderBlock {DIV} at (0,2568) size 50x50 [bgcolor=#0000FF]
      RenderBlock {P} at (0,2634) size 164x438
        RenderText {#text} at (0,1) size 163x437
          text run at (0,1) width 155: "6 Lorem ipsum dolor sit"
          text run at (0,21) width 112: "amet, consectetur"
          text run at (0,41) width 144: "adipisicing elit, sed do"
          text run at (0,61) width 104: "eiusmod tempor"
          text run at (0,81) width 141: "incididunt ut labore et"
          text run at (0,101) width 155: "dolore magna aliqua. Ut"
          text run at (0,121) width 152: "enim ad minim veniam,"
          text run at (0,141) width 159: "quis nostrud exercitation"
          text run at (0,161) width 143: "ullamco laboris nisi ut"
          text run at (0,181) width 150: "aliquip ex ea commodo"
          text run at (0,201) width 133: "consequat. Duis aute"
          text run at (0,221) width 85: "irure dolor in"
          text run at (0,241) width 102: "reprehenderit in"
          text run at (0,261) width 123: "voluptate velit esse"
          text run at (0,281) width 147: "cillum dolore eu fugiat"
          text run at (0,301) width 158: "nulla pariatur. Excepteur"
          text run at (0,321) width 145: "sint occaecat cupidatat"
          text run at (0,359) width 133: "non proident, sunt in"
          text run at (0,379) width 163: "culpa qui officia deserunt"
          text run at (0,399) width 113: "mollit anim id est"
          text run at (0,419) width 58: "laborum."
      RenderBlock {DIV} at (0,3088) size 50x50 [bgcolor=#0000FF]
      RenderBlock {P} at (0,3154) size 164x420
        RenderText {#text} at (0,1) size 163x419
          text run at (0,1) width 155: "7 Lorem ipsum dolor sit"
          text run at (0,21) width 112: "amet, consectetur"
          text run at (0,41) width 144: "adipisicing elit, sed do"
          text run at (0,61) width 104: "eiusmod tempor"
          text run at (0,81) width 141: "incididunt ut labore et"
          text run at (0,101) width 155: "dolore magna aliqua. Ut"
          text run at (0,121) width 152: "enim ad minim veniam,"
          text run at (0,141) width 159: "quis nostrud exercitation"
          text run at (0,161) width 143: "ullamco laboris nisi ut"
          text run at (0,181) width 150: "aliquip ex ea commodo"
          text run at (0,201) width 133: "consequat. Duis aute"
          text run at (0,221) width 85: "irure dolor in"
          text run at (0,241) width 102: "reprehenderit in"
          text run at (0,261) width 123: "voluptate velit esse"
          text run at (0,281) width 147: "cillum dolore eu fugiat"
          text run at (0,301) width 158: "nulla pariatur. Excepteur"
          text run at (0,321) width 145: "sint occaecat cupidatat"
          text run at (0,341) width 133: "non proident, sunt in"
          text run at (0,361) width 163: "culpa qui officia deserunt"
          text run at (0,381) width 113: "mollit anim id est"
          text run at (0,401) width 58: "laborum."
      RenderBlock {DIV} at (0,3590) size 50x50 [bgcolor=#0000FF]
      RenderBlock {P} at (0,3656) size 164x420
        RenderText {#text} at (0,1) size 163x419
          text run at (0,1) width 155: "8 Lorem ipsum dolor sit"
          text run at (0,21) width 112: "amet, consectetur"
          text run at (0,41) width 144: "adipisicing elit, sed do"
          text run at (0,61) width 104: "eiusmod tempor"
          text run at (0,81) width 141: "incididunt ut labore et"
          text run at (0,101) width 155: "dolore magna aliqua. Ut"
          text run at (0,121) width 152: "enim ad minim veniam,"
          text run at (0,141) width 159: "quis nostrud exercitation"
          text run at (0,161) width 143: "ullamco laboris nisi ut"
          text run at (0,181) width 150: "aliquip ex ea commodo"
          text run at (0,201) width 133: "consequat. Duis aute"
          text run at (0,221) width 85: "irure dolor in"
          text run at (0,241) width 102: "reprehenderit in"
          text run at (0,261) width 123: "voluptate velit esse"
          text run at (0,281) width 147: "cillum dolore eu fugiat"
          text run at (0,301) width 158: "nulla pariatur. Excepteur"
          text run at (0,321) width 145: "sint occaecat cupidatat"
          text run at (0,341) width 133: "non proident, sunt in"
          text run at (0,361) width 163: "culpa qui officia deserunt"
          text run at (0,381) width 113: "mollit anim id est"
          text run at (0,401) width 58: "laborum."
