layer at (0,0) size 785x846
  RenderView at (0,0) size 785x600
layer at (0,0) size 785x846
  RenderBlock {HTML} at (0,0) size 785x846
    RenderBody {BODY} at (8,8) size 769x830
      RenderBlock {P} at (0,0) size 769x18
        RenderText {#text} at (0,0) size 283x18
          text run at (0,0) width 283: "150% zoom, with width and height attributes"
      RenderBlock (anonymous) at (0,34) size 769x373
        RenderText {#text} at (0,355) size 4x18
          text run at (0,355) width 4: " "
        RenderBR {BR} at (493,369) size 0x0
      RenderBlock {P} at (0,423) size 769x18
        RenderText {#text} at (0,0) size 303x18
          text run at (0,0) width 303: "150% zoom, without width and height attributes"
      RenderBlock (anonymous) at (0,457) size 769x373
        RenderText {#text} at (0,355) size 4x18
          text run at (0,355) width 4: " "
        RenderBR {BR} at (493,369) size 0x0
layer at (12,42) size 489x369
  RenderVideo {VIDEO} at (4,0) size 489x369 [border: (4.50px solid #FF0000)]
layer at (12,465) size 489x369
  RenderVideo {VIDEO} at (4,0) size 489x369 [border: (4.50px solid #FF0000)]
