layer at (0,0) size 800x600
  RenderView at (0,0) size 800x600
layer at (0,0) size 800x235
  RenderBlock {HTML} at (0,0) size 800x235
    RenderBody {BODY} at (8,16) size 784x211
      RenderBlock {P} at (0,0) size 784x40
        RenderText {#text} at (0,0) size 744x39
          text run at (0,0) width 744: "Test that pausing the media element in \"playing\" event handler pauses the media immediately. The video should show the first"
          text run at (0,20) width 38: "frame."
      RenderBlock (anonymous) at (0,56) size 784x155
        RenderText {#text} at (0,0) size 0x0
layer at (8,72) size 200x150
  RenderVideo {VIDEO} at (0,0) size 200x150
layer at (8,72) size 200x150
  RenderFlexibleBox {DIV} at (0,0) size 200x150
layer at (8,177) size 200x45
  RenderFlexibleBox {DIV} at (0,105) size 200x45
layer at (8,177) size 200x45
  RenderBlock (positioned) {DIV} at (0,0) size 200x45
layer at (8,177) size 200x45
  RenderBlock (positioned) {DIV} at (0,0) size 200x45 [bgcolor=#1E1E1E73]
layer at (8,177) size 200x45
  RenderBlock (positioned) {DIV} at (0,0) size 200x45 [bgcolor=#292929]
layer at (16,202) size 12x15
  RenderButton {BUTTON} at (8,25) size 12x15 [color=#FFFFFF]
layer at (44,202) size 16x15
  RenderButton {BUTTON} at (36,24) size 16x16 [color=#FFFFFF]
layer at (154,197) size 14x25
  RenderFlexibleBox {DIV} at (146,20) size 14x25
layer at (154,202) size 14x15
  RenderButton {BUTTON} at (0,5) size 14x15 [color=#FFFFFF]
layer at (184,202) size 16x15
  RenderButton {BUTTON} at (176,25) size 16x15 [color=#FFFFFF]
