layer at (0,0) size 800x736
  RenderView at (0,0) size 800x600
layer at (0,0) size 800x736
  RenderBlock {HTML} at (0,0) size 800x736
    RenderBody {BODY} at (8,8) size 784x720
      RenderTable {TABLE} at (0,0) size 784x720
        RenderTableSection {TBODY} at (0,0) size 784x720
          RenderTableRow {TR} at (0,0) size 784x360
            RenderTableCell {TD} at (0,0) size 239x360 [r=0 c=0 rs=1 cs=1]
              RenderTable {TABLE} at (0,0) size 239x360
                RenderTableSection {THEAD} at (0,0) size 239x20
                  RenderTableRow {TR} at (0,0) size 239x20
                    RenderTableCell {TH} at (0,0) size 239x20 [r=0 c=0 rs=1 cs=1]
                      RenderText {#text} at (81,0) size 76x19
                        text run at (81,0) width 76: "Header 1/1"
                RenderTableSection {TBODY} at (0,20) size 239x340
                  RenderTableRow {TR} at (0,0) size 239x340
                    RenderTableCell {TD} at (0,0) size 239x340 [r=0 c=0 rs=1 cs=1]
                      RenderText {#text} at (0,0) size 239x339
                        text run at (0,0) width 238: "1 2 3 - - - - - - - - - - - - - - - - - - - - - -"
                        text run at (0,20) width 239: "- - - - - - - - - - - - - - - - - - - - - - - - - -"
                        text run at (0,40) width 239: "- - - - - - - - - - - - - - - - - - - - - - - - - -"
                        text run at (0,60) width 239: "- - - - - - - - - - - - - - - - - - - - - - - - - -"
                        text run at (0,80) width 239: "- - - - - - - - - - - - - - - - - - - - - - - - - -"
                        text run at (0,100) width 239: "- - - - - - - - - - - - - - - - - - - - - - - - - -"
                        text run at (0,120) width 239: "- - - - - - - - - - - - - - - - - - - - - - - - - -"
                        text run at (0,140) width 239: "- - - - - - - - - - - - - - - - - - - - - - - - - -"
                        text run at (0,160) width 28: "- - - "
                        text run at (27,160) width 212: "- - - - - - - - - - - - - - - - - - - - - - -"
                        text run at (0,180) width 239: "- - - - - - - - - - - - - - - - - - - - - - - - - -"
                        text run at (0,200) width 239: "- - - - - - - - - - - - - - - - - - - - - - - - - -"
                        text run at (0,220) width 239: "- - - - - - - - - - - - - - - - - - - - - - - - - -"
                        text run at (0,240) width 239: "- - - - - - - - - - - - - - - - - - - - - - - - - -"
                        text run at (0,260) width 239: "- - - - - - - - - - - - - - - - - - - - - - - - - -"
                        text run at (0,280) width 239: "- - - - - - - - - - - - - - - - - - - - - - - - - -"
                        text run at (0,300) width 239: "- - - - - - - - - - - - - - - - - - - - - - - - - -"
                        text run at (0,320) width 43: "- - - - -"
            RenderTableCell {TD} at (238,0) size 308x360 [r=0 c=1 rs=1 cs=1]
              RenderTable {TABLE} at (0,0) size 307x360
                RenderTableSection {THEAD} at (0,0) size 307x20
                  RenderTableRow {TR} at (0,0) size 307x20
                    RenderTableCell {TH} at (0,0) size 307x20 [r=0 c=0 rs=1 cs=1]
                      RenderText {#text} at (115,0) size 76x19
                        text run at (115,0) width 76: "Header 2/1"
                RenderTableSection {TBODY} at (0,20) size 307x340
                  RenderTableRow {TR} at (0,0) size 307x340
                    RenderTableCell {TD} at (0,0) size 307x340 [r=0 c=0 rs=1 cs=1]
                      RenderText {#text} at (0,0) size 296x339
                        text run at (0,0) width 296: "1 2 3 # # # # # # # # # # # # # # # # # # # # # #"
                        text run at (0,20) width 296: "# # # # # # # # # # # # # # # # # # # # # # # # #"
                        text run at (0,40) width 296: "# # # # # # # # # # # # # # # # # # # # # # # # #"
                        text run at (0,60) width 296: "# # # # # # # # # # # # # # # # # # # # # # # # #"
                        text run at (0,80) width 296: "# # # # # # # # # # # # # # # # # # # # # # # # #"
                        text run at (0,100) width 296: "# # # # # # # # # # # # # # # # # # # # # # # # #"
                        text run at (0,120) width 296: "# # # # # # # # # # # # # # # # # # # # # # # # #"
                        text run at (0,140) width 296: "# # # # # # # # # # # # # # # # # # # # # # # # #"
                        text run at (0,160) width 120: "# # # # # # # # # # "
                        text run at (120,160) width 176: "# # # # # # # # # # # # # # #"
                        text run at (0,180) width 296: "# # # # # # # # # # # # # # # # # # # # # # # # #"
                        text run at (0,200) width 296: "# # # # # # # # # # # # # # # # # # # # # # # # #"
                        text run at (0,220) width 296: "# # # # # # # # # # # # # # # # # # # # # # # # #"
                        text run at (0,240) width 296: "# # # # # # # # # # # # # # # # # # # # # # # # #"
                        text run at (0,260) width 296: "# # # # # # # # # # # # # # # # # # # # # # # # #"
                        text run at (0,280) width 296: "# # # # # # # # # # # # # # # # # # # # # # # # #"
                        text run at (0,300) width 296: "# # # # # # # # # # # # # # # # # # # # # # # # #"
                        text run at (0,320) width 236: "# # # # # # # # # # # # # # # # # # # #"
            RenderTableCell {TD} at (545,0) size 240x360 [r=0 c=2 rs=1 cs=1]
              RenderTable {TABLE} at (0,0) size 239x360
                RenderTableSection {THEAD} at (0,0) size 239x20
                  RenderTableRow {TR} at (0,0) size 239x20
                    RenderTableCell {TH} at (0,0) size 239x20 [r=0 c=0 rs=1 cs=1]
                      RenderText {#text} at (81,0) size 76x19
                        text run at (81,0) width 76: "Header 3/1"
                RenderTableSection {TBODY} at (0,20) size 239x340
                  RenderTableRow {TR} at (0,0) size 239x340
                    RenderTableCell {TD} at (0,0) size 239x340 [r=0 c=0 rs=1 cs=1]
                      RenderText {#text} at (0,0) size 239x339
                        text run at (0,0) width 238: "1 2 3 ! ! ! ! ! ! ! ! ! ! ! ! ! ! ! ! ! ! ! ! ! !"
                        text run at (0,20) width 239: "! ! ! ! ! ! ! ! ! ! ! ! ! ! ! ! ! ! ! ! ! ! ! ! ! !"
                        text run at (0,40) width 239: "! ! ! ! ! ! ! ! ! ! ! ! ! ! ! ! ! ! ! ! ! ! ! ! ! !"
                        text run at (0,60) width 239: "! ! ! ! ! ! ! ! ! ! ! ! ! ! ! ! ! ! ! ! ! ! ! ! ! !"
                        text run at (0,80) width 239: "! ! ! ! ! ! ! ! ! ! ! ! ! ! ! ! ! ! ! ! ! ! ! ! ! !"
                        text run at (0,100) width 239: "! ! ! ! ! ! ! ! ! ! ! ! ! ! ! ! ! ! ! ! ! ! ! ! ! !"
                        text run at (0,120) width 239: "! ! ! ! ! ! ! ! ! ! ! ! ! ! ! ! ! ! ! ! ! ! ! ! ! !"
                        text run at (0,140) width 239: "! ! ! ! ! ! ! ! ! ! ! ! ! ! ! ! ! ! ! ! ! ! ! ! ! !"
                        text run at (0,160) width 28: "! ! ! "
                        text run at (27,160) width 212: "! ! ! ! ! ! ! ! ! ! ! ! ! ! ! ! ! ! ! ! ! ! !"
                        text run at (0,180) width 239: "! ! ! ! ! ! ! ! ! ! ! ! ! ! ! ! ! ! ! ! ! ! ! ! ! !"
                        text run at (0,200) width 239: "! ! ! ! ! ! ! ! ! ! ! ! ! ! ! ! ! ! ! ! ! ! ! ! ! !"
                        text run at (0,220) width 239: "! ! ! ! ! ! ! ! ! ! ! ! ! ! ! ! ! ! ! ! ! ! ! ! ! !"
                        text run at (0,240) width 239: "! ! ! ! ! ! ! ! ! ! ! ! ! ! ! ! ! ! ! ! ! ! ! ! ! !"
                        text run at (0,260) width 239: "! ! ! ! ! ! ! ! ! ! ! ! ! ! ! ! ! ! ! ! ! ! ! ! ! !"
                        text run at (0,280) width 239: "! ! ! ! ! ! ! ! ! ! ! ! ! ! ! ! ! ! ! ! ! ! ! ! ! !"
                        text run at (0,300) width 239: "! ! ! ! ! ! ! ! ! ! ! ! ! ! ! ! ! ! ! ! ! ! ! ! ! !"
                        text run at (0,320) width 43: "! ! ! ! !"
            RenderTableCell {TD} at (784,0) size 0x0 [r=0 c=3 rs=1 cs=1]
          RenderTableRow {TR} at (0,360) size 784x360
            RenderTableCell {TD} at (0,360) size 239x360 [r=1 c=0 rs=1 cs=1]
              RenderTable {TABLE} at (0,0) size 239x360
                RenderTableSection {THEAD} at (0,0) size 239x20
                  RenderTableRow {TR} at (0,0) size 239x20
                    RenderTableCell {TH} at (0,0) size 239x20 [r=0 c=0 rs=1 cs=1]
                      RenderText {#text} at (81,0) size 76x19
                        text run at (81,0) width 76: "Header 1/2"
                RenderTableSection {TBODY} at (0,20) size 239x340
                  RenderTableRow {TR} at (0,0) size 239x340
                    RenderTableCell {TD} at (0,0) size 239x340 [r=0 c=0 rs=1 cs=1]
                      RenderText {#text} at (0,0) size 239x339
                        text run at (0,0) width 238: "1 2 3 - - - - - - - - - - - - - - - - - - - - - -"
                        text run at (0,20) width 239: "- - - - - - - - - - - - - - - - - - - - - - - - - -"
                        text run at (0,40) width 239: "- - - - - - - - - - - - - - - - - - - - - - - - - -"
                        text run at (0,60) width 239: "- - - - - - - - - - - - - - - - - - - - - - - - - -"
                        text run at (0,80) width 239: "- - - - - - - - - - - - - - - - - - - - - - - - - -"
                        text run at (0,100) width 239: "- - - - - - - - - - - - - - - - - - - - - - - - - -"
                        text run at (0,120) width 239: "- - - - - - - - - - - - - - - - - - - - - - - - - -"
                        text run at (0,140) width 239: "- - - - - - - - - - - - - - - - - - - - - - - - - -"
                        text run at (0,160) width 28: "- - - "
                        text run at (27,160) width 212: "- - - - - - - - - - - - - - - - - - - - - - -"
                        text run at (0,180) width 239: "- - - - - - - - - - - - - - - - - - - - - - - - - -"
                        text run at (0,200) width 239: "- - - - - - - - - - - - - - - - - - - - - - - - - -"
                        text run at (0,220) width 239: "- - - - - - - - - - - - - - - - - - - - - - - - - -"
                        text run at (0,240) width 239: "- - - - - - - - - - - - - - - - - - - - - - - - - -"
                        text run at (0,260) width 239: "- - - - - - - - - - - - - - - - - - - - - - - - - -"
                        text run at (0,280) width 239: "- - - - - - - - - - - - - - - - - - - - - - - - - -"
                        text run at (0,300) width 239: "- - - - - - - - - - - - - - - - - - - - - - - - - -"
                        text run at (0,320) width 43: "- - - - -"
            RenderTableCell {TD} at (238,360) size 308x360 [r=1 c=1 rs=1 cs=1]
              RenderTable {TABLE} at (0,0) size 307x360
                RenderTableSection {THEAD} at (0,0) size 307x20
                  RenderTableRow {TR} at (0,0) size 307x20
                    RenderTableCell {TH} at (0,0) size 307x20 [r=0 c=0 rs=1 cs=1]
                      RenderText {#text} at (115,0) size 76x19
                        text run at (115,0) width 76: "Header 2/2"
                RenderTableSection {TBODY} at (0,20) size 307x340
                  RenderTableRow {TR} at (0,0) size 307x340
                    RenderTableCell {TD} at (0,0) size 307x340 [r=0 c=0 rs=1 cs=1]
                      RenderText {#text} at (0,0) size 296x339
                        text run at (0,0) width 296: "1 2 3 # # # # # # # # # # # # # # # # # # # # # #"
                        text run at (0,20) width 296: "# # # # # # # # # # # # # # # # # # # # # # # # #"
                        text run at (0,40) width 296: "# # # # # # # # # # # # # # # # # # # # # # # # #"
                        text run at (0,60) width 296: "# # # # # # # # # # # # # # # # # # # # # # # # #"
                        text run at (0,80) width 296: "# # # # # # # # # # # # # # # # # # # # # # # # #"
                        text run at (0,100) width 296: "# # # # # # # # # # # # # # # # # # # # # # # # #"
                        text run at (0,120) width 296: "# # # # # # # # # # # # # # # # # # # # # # # # #"
                        text run at (0,140) width 296: "# # # # # # # # # # # # # # # # # # # # # # # # #"
                        text run at (0,160) width 120: "# # # # # # # # # # "
                        text run at (120,160) width 176: "# # # # # # # # # # # # # # #"
                        text run at (0,180) width 296: "# # # # # # # # # # # # # # # # # # # # # # # # #"
                        text run at (0,200) width 296: "# # # # # # # # # # # # # # # # # # # # # # # # #"
                        text run at (0,220) width 296: "# # # # # # # # # # # # # # # # # # # # # # # # #"
                        text run at (0,240) width 296: "# # # # # # # # # # # # # # # # # # # # # # # # #"
                        text run at (0,260) width 296: "# # # # # # # # # # # # # # # # # # # # # # # # #"
                        text run at (0,280) width 296: "# # # # # # # # # # # # # # # # # # # # # # # # #"
                        text run at (0,300) width 296: "# # # # # # # # # # # # # # # # # # # # # # # # #"
                        text run at (0,320) width 236: "# # # # # # # # # # # # # # # # # # # #"
            RenderTableCell {TD} at (545,360) size 240x360 [r=1 c=2 rs=1 cs=1]
              RenderTable {TABLE} at (0,0) size 239x360
                RenderTableSection {THEAD} at (0,0) size 239x20
                  RenderTableRow {TR} at (0,0) size 239x20
                    RenderTableCell {TH} at (0,0) size 239x20 [r=0 c=0 rs=1 cs=1]
                      RenderText {#text} at (81,0) size 76x19
                        text run at (81,0) width 76: "Header 3/2"
                RenderTableSection {TBODY} at (0,20) size 239x340
                  RenderTableRow {TR} at (0,0) size 239x340
                    RenderTableCell {TD} at (0,0) size 239x340 [r=0 c=0 rs=1 cs=1]
                      RenderText {#text} at (0,0) size 239x339
                        text run at (0,0) width 238: "1 2 3 ! ! ! ! ! ! ! ! ! ! ! ! ! ! ! ! ! ! ! ! ! !"
                        text run at (0,20) width 239: "! ! ! ! ! ! ! ! ! ! ! ! ! ! ! ! ! ! ! ! ! ! ! ! ! !"
                        text run at (0,40) width 239: "! ! ! ! ! ! ! ! ! ! ! ! ! ! ! ! ! ! ! ! ! ! ! ! ! !"
                        text run at (0,60) width 239: "! ! ! ! ! ! ! ! ! ! ! ! ! ! ! ! ! ! ! ! ! ! ! ! ! !"
                        text run at (0,80) width 239: "! ! ! ! ! ! ! ! ! ! ! ! ! ! ! ! ! ! ! ! ! ! ! ! ! !"
                        text run at (0,100) width 239: "! ! ! ! ! ! ! ! ! ! ! ! ! ! ! ! ! ! ! ! ! ! ! ! ! !"
                        text run at (0,120) width 239: "! ! ! ! ! ! ! ! ! ! ! ! ! ! ! ! ! ! ! ! ! ! ! ! ! !"
                        text run at (0,140) width 239: "! ! ! ! ! ! ! ! ! ! ! ! ! ! ! ! ! ! ! ! ! ! ! ! ! !"
                        text run at (0,160) width 28: "! ! ! "
                        text run at (27,160) width 212: "! ! ! ! ! ! ! ! ! ! ! ! ! ! ! ! ! ! ! ! ! ! !"
                        text run at (0,180) width 239: "! ! ! ! ! ! ! ! ! ! ! ! ! ! ! ! ! ! ! ! ! ! ! ! ! !"
                        text run at (0,200) width 239: "! ! ! ! ! ! ! ! ! ! ! ! ! ! ! ! ! ! ! ! ! ! ! ! ! !"
                        text run at (0,220) width 239: "! ! ! ! ! ! ! ! ! ! ! ! ! ! ! ! ! ! ! ! ! ! ! ! ! !"
                        text run at (0,240) width 239: "! ! ! ! ! ! ! ! ! ! ! ! ! ! ! ! ! ! ! ! ! ! ! ! ! !"
                        text run at (0,260) width 239: "! ! ! ! ! ! ! ! ! ! ! ! ! ! ! ! ! ! ! ! ! ! ! ! ! !"
                        text run at (0,280) width 239: "! ! ! ! ! ! ! ! ! ! ! ! ! ! ! ! ! ! ! ! ! ! ! ! ! !"
                        text run at (0,300) width 239: "! ! ! ! ! ! ! ! ! ! ! ! ! ! ! ! ! ! ! ! ! ! ! ! ! !"
                        text run at (0,320) width 43: "! ! ! ! !"
