layer at (0,0) size 800x600
  RenderView at (0,0) size 800x600
layer at (0,0) size 800x600
  RenderBlock {HTML} at (0,0) size 800x600
    RenderBody {BODY} at (8,8) size 784x584
      RenderTable {TABLE} at (0,0) size 612x32
        RenderTableSection {TBODY} at (0,0) size 612x32
          RenderTableRow {TR} at (0,2) size 612x28
            RenderTableCell {TD} at (2,2) size 608x28 [r=0 c=0 rs=1 cs=1]
              RenderTable {TABLE} at (1,1) size 606x26
                RenderTableSection {TBODY} at (0,0) size 606x26
                  RenderTableRow {TR} at (0,2) size 606x22
                    RenderTableCell {TD} at (2,2) size 35x22 [r=0 c=0 rs=1 cs=1]
                      RenderText {#text} at (1,1) size 33x19
                        text run at (1,1) width 33: "news"
                    RenderTableCell {TD} at (38,2) size 57x22 [r=0 c=1 rs=1 cs=1]
                      RenderText {#text} at (1,1) size 54x19
                        text run at (1,1) width 54: "archives"
                    RenderTableCell {TD} at (96,2) size 62x22 [r=0 c=2 rs=1 cs=1]
                      RenderText {#text} at (1,1) size 60x19
                        text run at (1,1) width 60: "hardware"
                    RenderTableCell {TD} at (159,2) size 36x22 [r=0 c=3 rs=1 cs=1]
                      RenderText {#text} at (1,1) size 33x19
                        text run at (1,1) width 33: "shots"
                    RenderTableCell {TD} at (196,2) size 44x22 [r=0 c=4 rs=1 cs=1]
                      RenderText {#text} at (1,1) size 41x19
                        text run at (1,1) width 41: "games"
                    RenderTableCell {TD} at (241,2) size 31x22 [r=0 c=5 rs=1 cs=1]
                      RenderText {#text} at (1,1) size 28x19
                        text run at (1,1) width 28: "files"
                    RenderTableCell {TD} at (273,2) size 75x22 [r=0 c=6 rs=1 cs=1]
                      RenderText {#text} at (1,1) size 72x19
                        text run at (1,1) width 72: "reviewseek"
                    RenderTableCell {TD} at (349,2) size 48x22 [r=0 c=7 rs=1 cs=1]
                      RenderText {#text} at (1,1) size 46x19
                        text run at (1,1) width 46: "forums"
                    RenderTableCell {TD} at (398,2) size 69x22 [r=0 c=8 rs=1 cs=1]
                      RenderText {#text} at (1,1) size 67x19
                        text run at (1,1) width 67: "interviews"
                    RenderTableCell {TD} at (469,2) size 38x22 [r=0 c=9 rs=1 cs=1]
                      RenderText {#text} at (1,1) size 36x19
                        text run at (1,1) width 36: "about"
                    RenderTableCell {TD} at (508,2) size 34x22 [r=0 c=10 rs=1 cs=1]
                      RenderText {#text} at (1,1) size 32x19
                        text run at (1,1) width 32: "links"
                    RenderTableCell {TD} at (543,2) size 61x22 [r=0 c=11 rs=1 cs=1]
                      RenderText {#text} at (1,1) size 58x19
                        text run at (1,1) width 58: "advertise"
