layer at (0,0) size 800x1826
  RenderView at (0,0) size 800x600
layer at (0,0) size 800x1826
  RenderBlock {HTML} at (0,0) size 800x1826
    RenderBody {BODY} at (8,8) size 784x1810
      RenderTable {TABLE} at (0,0) size 784x340
        RenderTableSection {TBODY} at (0,0) size 784x340
          RenderTableRow {TR} at (0,0) size 784x340
            RenderTableCell {TD} at (0,0) size 47x340 [bgcolor=#0000FF] [r=0 c=0 rs=1 cs=1]
              RenderText {#text} at (0,0) size 47x339
                text run at (0,0) width 47: "XXXX"
                text run at (0,20) width 47: "XXXX"
                text run at (0,40) width 47: "XXXX"
                text run at (0,60) width 47: "XXXX"
                text run at (0,80) width 47: "XXXX"
                text run at (0,100) width 47: "XXXX"
                text run at (0,120) width 47: "XXXX"
                text run at (0,140) width 47: "XXXX"
                text run at (0,160) width 47: "XXXX"
                text run at (0,180) width 47: "XXXX"
                text run at (0,200) width 47: "XXXX"
                text run at (0,220) width 47: "XXXX"
                text run at (0,240) width 47: "XXXX"
                text run at (0,260) width 47: "XXXX"
                text run at (0,280) width 47: "XXXX"
                text run at (0,300) width 47: "XXXX"
                text run at (0,320) width 47: "XXXX"
            RenderTableCell {TD} at (46,170) size 738x0 [bgcolor=#008000] [r=0 c=1 rs=1 cs=1]
              RenderTable {TABLE} at (0,0) size 0x0 [bgcolor=#FFFF00]
      RenderBlock (anonymous) at (0,340) size 784x20
        RenderBR {BR} at (0,0) size 0x19
      RenderTable {TABLE} at (0,360) size 784x344 [border: (1px outset #808080)]
        RenderTableSection {TBODY} at (1,1) size 782x342
          RenderTableRow {TR} at (0,0) size 782x342
            RenderTableCell {TD} at (0,0) size 49x342 [bgcolor=#0000FF] [border: (1px inset #808080)] [r=0 c=0 rs=1 cs=1]
              RenderText {#text} at (1,1) size 47x339
                text run at (1,1) width 47: "XXXX"
                text run at (1,21) width 47: "XXXX"
                text run at (1,41) width 47: "XXXX"
                text run at (1,61) width 47: "XXXX"
                text run at (1,81) width 47: "XXXX"
                text run at (1,101) width 47: "XXXX"
                text run at (1,121) width 47: "XXXX"
                text run at (1,141) width 47: "XXXX"
                text run at (1,161) width 47: "XXXX"
                text run at (1,181) width 47: "XXXX"
                text run at (1,201) width 47: "XXXX"
                text run at (1,221) width 47: "XXXX"
                text run at (1,241) width 47: "XXXX"
                text run at (1,261) width 47: "XXXX"
                text run at (1,281) width 47: "XXXX"
                text run at (1,301) width 47: "XXXX"
                text run at (1,321) width 47: "XXXX"
            RenderTableCell {TD} at (48,170) size 734x2 [bgcolor=#008000] [border: (1px inset #808080)] [r=0 c=1 rs=1 cs=1]
              RenderTable {TABLE} at (1,1) size 0x0 [bgcolor=#FFFF00]
      RenderBlock (anonymous) at (0,704) size 784x20
        RenderBR {BR} at (0,0) size 0x19
      RenderTable {TABLE} at (0,724) size 784x346 [border: (1px outset #808080)]
        RenderTableSection {TBODY} at (1,1) size 782x344
          RenderTableRow {TR} at (0,0) size 782x344
            RenderTableCell {TD} at (0,0) size 51x344 [bgcolor=#0000FF] [border: (1px inset #808080)] [r=0 c=0 rs=1 cs=1]
              RenderText {#text} at (2,2) size 47x339
                text run at (2,2) width 47: "XXXX"
                text run at (2,22) width 47: "XXXX"
                text run at (2,42) width 47: "XXXX"
                text run at (2,62) width 47: "XXXX"
                text run at (2,82) width 47: "XXXX"
                text run at (2,102) width 47: "XXXX"
                text run at (2,122) width 47: "XXXX"
                text run at (2,142) width 47: "XXXX"
                text run at (2,162) width 47: "XXXX"
                text run at (2,182) width 47: "XXXX"
                text run at (2,202) width 47: "XXXX"
                text run at (2,222) width 47: "XXXX"
                text run at (2,242) width 47: "XXXX"
                text run at (2,262) width 47: "XXXX"
                text run at (2,282) width 47: "XXXX"
                text run at (2,302) width 47: "XXXX"
                text run at (2,322) width 47: "XXXX"
            RenderTableCell {TD} at (50,170) size 732x4 [bgcolor=#008000] [border: (1px inset #808080)] [r=0 c=1 rs=1 cs=1]
              RenderTable {TABLE} at (2,2) size 0x0 [bgcolor=#FFFF00]
      RenderBlock (anonymous) at (0,1070) size 784x20
        RenderBR {BR} at (0,0) size 0x19
      RenderTable {TABLE} at (0,1090) size 784x340
        RenderTableSection {TBODY} at (0,0) size 784x340
          RenderTableRow {TR} at (0,0) size 784x340
            RenderTableCell {TD} at (0,0) size 47x340 [bgcolor=#0000FF] [r=0 c=0 rs=1 cs=1]
              RenderText {#text} at (0,0) size 47x339
                text run at (0,0) width 47: "XXXX"
                text run at (0,20) width 47: "XXXX"
                text run at (0,40) width 47: "XXXX"
                text run at (0,60) width 47: "XXXX"
                text run at (0,80) width 47: "XXXX"
                text run at (0,100) width 47: "XXXX"
                text run at (0,120) width 47: "XXXX"
                text run at (0,140) width 47: "XXXX"
                text run at (0,160) width 47: "XXXX"
                text run at (0,180) width 47: "XXXX"
                text run at (0,200) width 47: "XXXX"
                text run at (0,220) width 47: "XXXX"
                text run at (0,240) width 47: "XXXX"
                text run at (0,260) width 47: "XXXX"
                text run at (0,280) width 47: "XXXX"
                text run at (0,300) width 47: "XXXX"
                text run at (0,320) width 47: "XXXX"
            RenderTableCell {TD} at (46,0) size 47x340 [bgcolor=#FFA500] [r=0 c=1 rs=1 cs=1]
              RenderText {#text} at (0,0) size 47x339
                text run at (0,0) width 47: "XXXX"
                text run at (0,20) width 47: "XXXX"
                text run at (0,40) width 47: "XXXX"
                text run at (0,60) width 47: "XXXX"
                text run at (0,80) width 47: "XXXX"
                text run at (0,100) width 47: "XXXX"
                text run at (0,120) width 47: "XXXX"
                text run at (0,140) width 47: "XXXX"
                text run at (0,160) width 47: "XXXX"
                text run at (0,180) width 47: "XXXX"
                text run at (0,200) width 47: "XXXX"
                text run at (0,220) width 47: "XXXX"
                text run at (0,240) width 47: "XXXX"
                text run at (0,260) width 47: "XXXX"
                text run at (0,280) width 47: "XXXX"
                text run at (0,300) width 47: "XXXX"
                text run at (0,320) width 47: "XXXX"
            RenderTableCell {TD} at (92,170) size 692x0 [bgcolor=#008000] [r=0 c=2 rs=1 cs=1]
              RenderTable {TABLE} at (0,0) size 0x0 [bgcolor=#FFFF00]
      RenderBlock (anonymous) at (0,1430) size 784x20
        RenderBR {BR} at (0,0) size 0x19
      RenderTable {TABLE} at (0,1450) size 784x340
        RenderTableSection {TBODY} at (0,0) size 784x340
          RenderTableRow {TR} at (0,0) size 784x340
            RenderTableCell {TD} at (0,0) size 47x340 [bgcolor=#0000FF] [r=0 c=0 rs=1 cs=1]
              RenderText {#text} at (0,0) size 47x339
                text run at (0,0) width 47: "XXXX"
                text run at (0,20) width 47: "XXXX"
                text run at (0,40) width 47: "XXXX"
                text run at (0,60) width 47: "XXXX"
                text run at (0,80) width 47: "XXXX"
                text run at (0,100) width 47: "XXXX"
                text run at (0,120) width 47: "XXXX"
                text run at (0,140) width 47: "XXXX"
                text run at (0,160) width 47: "XXXX"
                text run at (0,180) width 47: "XXXX"
                text run at (0,200) width 47: "XXXX"
                text run at (0,220) width 47: "XXXX"
                text run at (0,240) width 47: "XXXX"
                text run at (0,260) width 47: "XXXX"
                text run at (0,280) width 47: "XXXX"
                text run at (0,300) width 47: "XXXX"
                text run at (0,320) width 47: "XXXX"
            RenderTableCell {TD} at (46,160) size 738x20 [bgcolor=#008000] [r=0 c=1 rs=1 cs=1]
              RenderText {#text} at (0,0) size 8x19
                text run at (0,0) width 8: "x"
      RenderBlock (anonymous) at (0,1790) size 784x20
        RenderText {#text} at (0,0) size 20x19
          text run at (0,0) width 20: "-->"
