layer at (0,0) size 800x1439
  RenderView at (0,0) size 800x600
layer at (0,0) size 800x1439
  RenderBlock {HTML} at (0,0) size 800x1439
    RenderBody {BODY} at (8,8) size 784x1415
      RenderBlock {CENTER} at (0,0) size 784x1415
        RenderBlock (anonymous) at (0,0) size 784x20
          RenderText {#text} at (257,0) size 270x19
            text run at (257,0) width 270: "Build 1999/10/27/08 Win95 - Daily Build"
          RenderBR {BR} at (526,0) size 1x19
        RenderTable {TABLE} at (80,20) size 624x1259 [border: (10px outset #808080)]
          RenderBlock {CAPTION} at (0,0) size 624x20
            RenderText {#text} at (268,0) size 87x19
              text run at (268,0) width 87: "January 2000"
          RenderTableSection {TBODY} at (10,30) size 604x1219
            RenderTableRow {TR} at (0,0) size 604x468
              RenderTableCell {TD} at (0,0) size 89x24 [color=#FFFFFF] [bgcolor=#404080] [border: (1px inset #808080)] [r=0 c=0 rs=1 cs=1]
                RenderText {#text} at (2,2) size 6x19
                  text run at (2,2) width 6: "-"
              RenderTableCell {TD} at (88,0) size 85x24 [color=#FFFFFF] [bgcolor=#404080] [border: (1px inset #808080)] [r=0 c=1 rs=1 cs=1]
                RenderText {#text} at (2,2) size 6x19
                  text run at (2,2) width 6: "-"
              RenderTableCell {TD} at (172,0) size 85x24 [color=#FFFFFF] [bgcolor=#404080] [border: (1px inset #808080)] [r=0 c=2 rs=1 cs=1]
                RenderText {#text} at (2,2) size 6x19
                  text run at (2,2) width 6: "-"
              RenderTableCell {TD} at (256,0) size 86x24 [color=#FFFFFF] [bgcolor=#404080] [border: (1px inset #808080)] [r=0 c=3 rs=1 cs=1]
                RenderText {#text} at (2,2) size 6x19
                  text run at (2,2) width 6: "-"
              RenderTableCell {TD} at (341,0) size 85x24 [color=#FFFFFF] [bgcolor=#404080] [border: (1px inset #808080)] [r=0 c=4 rs=1 cs=1]
                RenderText {#text} at (2,2) size 6x19
                  text run at (2,2) width 6: "-"
              RenderTableCell {TD} at (425,0) size 88x24 [color=#FFFFFF] [bgcolor=#404080] [border: (1px inset #808080)] [r=0 c=5 rs=1 cs=1]
                RenderText {#text} at (2,2) size 6x19
                  text run at (2,2) width 6: "-"
              RenderTableCell {TD} at (512,0) size 92x468 [color=#FFFFFF] [bgcolor=#404080] [border: (1px inset #808080)] [r=0 c=6 rs=1 cs=1]
                RenderTable {TABLE} at (2,2) size 87x444 [color=#000000]
                  RenderTableSection {TBODY} at (0,0) size 87x444
                    RenderTableRow {TR} at (0,0) size 87x444
                      RenderTableCell {TD} at (0,0) size 18x27 [color=#FFFF00] [bgcolor=#404080] [r=0 c=0 rs=1 cs=1]
                        RenderText {#text} at (1,1) size 16x24
                          text run at (1,1) width 16: "1."
                      RenderTableCell {TD} at (17,0) size 70x444 [color=#FFFFFF] [bgcolor=#404080] [r=0 c=1 rs=1 cs=1]
                        RenderTable {TABLE} at (1,1) size 68x442 [color=#000000]
                          RenderTableSection {TBODY} at (0,0) size 68x442 [bgcolor=#FFFF00]
                            RenderTableRow {TR} at (0,0) size 68x442
                              RenderTableCell {TD} at (0,0) size 68x442 [color=#FFFFFF] [bgcolor=#404080] [r=0 c=0 rs=1 cs=1]
                                RenderBlock {P} at (1,1) size 66x80
                                  RenderText {#text} at (0,0) size 50x79
                                    text run at (0,0) width 27: "Test"
                                    text run at (0,20) width 48: "mozilla"
                                    text run at (0,40) width 50: "one last"
                                    text run at (0,60) width 33: "time."
                                RenderBlock {P} at (1,97) size 66x60
                                  RenderText {#text} at (0,0) size 36x59
                                    text run at (0,0) width 31: "New"
                                    text run at (0,20) width 36: "Years"
                                    text run at (0,40) width 27: "day."
                                RenderBlock {P} at (1,173) size 66x20
                                  RenderText {#text} at (0,0) size 48x19
                                    text run at (0,0) width 48: "Y2K!!!"
                                RenderBlock {P} at (1,209) size 66x60
                                  RenderText {#text} at (0,0) size 63x59
                                    text run at (0,0) width 30: "Find"
                                    text run at (0,20) width 48: "Abacus"
                                    text run at (0,40) width 63: "from attic"
                                RenderBlock {P} at (1,285) size 66x80
                                  RenderText {#text} at (0,0) size 54x79
                                    text run at (0,0) width 45: "Eat Ice"
                                    text run at (0,20) width 43: "Cream"
                                    text run at (0,40) width 54: "before it"
                                    text run at (0,60) width 35: "melts"
                                RenderBlock {P} at (1,381) size 66x60
                                  RenderText {#text} at (0,0) size 52x59
                                    text run at (0,0) width 33: "Lock"
                                    text run at (0,20) width 52: "doors &"
                                    text run at (0,40) width 28: "hide"
                RenderBlock (anonymous) at (2,446) size 87x20
                  RenderBR {BR} at (0,0) size 0x19
            RenderTableRow {TR} at (0,468) size 604x300
              RenderTableCell {TD} at (0,468) size 89x220 [color=#FFFFFF] [bgcolor=#404080] [border: (1px inset #808080)] [r=1 c=0 rs=1 cs=1]
                RenderTable {TABLE} at (2,2) size 85x196 [color=#000000]
                  RenderTableSection {TBODY} at (0,0) size 85x196
                    RenderTableRow {TR} at (0,0) size 85x196
                      RenderTableCell {TD} at (0,0) size 18x27 [color=#FFFF00] [bgcolor=#404080] [r=0 c=0 rs=1 cs=1]
                        RenderText {#text} at (1,1) size 16x24
                          text run at (1,1) width 16: "2."
                      RenderTableCell {TD} at (17,0) size 68x196 [color=#FFFFFF] [bgcolor=#404080] [r=0 c=1 rs=1 cs=1]
                        RenderTable {TABLE} at (1,1) size 65x194 [color=#000000]
                          RenderTableSection {TBODY} at (0,0) size 65x194 [bgcolor=#FFFF00]
                            RenderTableRow {TR} at (0,0) size 65x194
                              RenderTableCell {TD} at (0,0) size 65x194 [color=#FFFFFF] [bgcolor=#404080] [r=0 c=0 rs=1 cs=1]
                                RenderBlock {P} at (1,1) size 63x60
                                  RenderText {#text} at (0,0) size 63x59
                                    text run at (0,0) width 57: "Look for"
                                    text run at (0,20) width 32: "Y2K"
                                    text run at (0,40) width 63: "survivers."
                                RenderBlock {P} at (1,77) size 63x40
                                  RenderText {#text} at (0,0) size 58x39
                                    text run at (0,0) width 36: "Build"
                                    text run at (0,20) width 58: "outhouse"
                                RenderBlock {P} at (1,133) size 63x60
                                  RenderText {#text} at (0,0) size 47x59
                                    text run at (0,0) width 22: "Eat"
                                    text run at (0,20) width 47: "reserve"
                                    text run at (0,40) width 30: "food"
                RenderBlock (anonymous) at (2,198) size 85x20
                  RenderBR {BR} at (0,0) size 0x19
              RenderTableCell {TD} at (88,468) size 85x88 [color=#FFFFFF] [bgcolor=#404080] [border: (1px inset #808080)] [r=1 c=1 rs=1 cs=1]
                RenderTable {TABLE} at (2,2) size 81x84 [color=#000000]
                  RenderTableSection {TBODY} at (0,0) size 81x84
                    RenderTableRow {TR} at (0,0) size 81x84
                      RenderTableCell {TD} at (0,0) size 18x27 [color=#FFFF00] [bgcolor=#404080] [r=0 c=0 rs=1 cs=1]
                        RenderText {#text} at (1,1) size 16x24
                          text run at (1,1) width 16: "3."
                      RenderTableCell {TD} at (17,0) size 64x84 [color=#FFFFFF] [bgcolor=#404080] [r=0 c=1 rs=1 cs=1]
                        RenderTable {TABLE} at (1,1) size 61x82 [color=#000000]
                          RenderTableSection {TBODY} at (0,0) size 61x82 [bgcolor=#FFFF00]
                            RenderTableRow {TR} at (0,0) size 61x82
                              RenderTableCell {TD} at (0,0) size 61x82 [color=#FFFFFF] [bgcolor=#404080] [r=0 c=0 rs=1 cs=1]
                                RenderBlock {P} at (1,1) size 59x80
                                  RenderText {#text} at (0,0) size 59x79
                                    text run at (0,0) width 36: "Write"
                                    text run at (0,20) width 50: "letter to"
                                    text run at (0,40) width 48: "electric"
                                    text run at (0,60) width 59: "company"
              RenderTableCell {TD} at (172,468) size 85x260 [color=#FFFFFF] [bgcolor=#404080] [border: (1px inset #808080)] [r=1 c=2 rs=1 cs=1]
                RenderTable {TABLE} at (2,2) size 80x256 [color=#000000]
                  RenderTableSection {TBODY} at (0,0) size 80x256
                    RenderTableRow {TR} at (0,0) size 80x256
                      RenderTableCell {TD} at (0,0) size 18x27 [color=#FFFF00] [bgcolor=#404080] [r=0 c=0 rs=1 cs=1]
                        RenderText {#text} at (1,1) size 16x24
                          text run at (1,1) width 16: "4."
                      RenderTableCell {TD} at (17,0) size 63x256 [color=#FFFFFF] [bgcolor=#404080] [r=0 c=1 rs=1 cs=1]
                        RenderTable {TABLE} at (1,1) size 61x254 [color=#000000]
                          RenderTableSection {TBODY} at (0,0) size 61x254 [bgcolor=#FFFF00]
                            RenderTableRow {TR} at (0,0) size 61x254
                              RenderTableCell {TD} at (0,0) size 61x254 [color=#FFFFFF] [bgcolor=#404080] [r=0 c=0 rs=1 cs=1]
                                RenderBlock {P} at (1,1) size 59x60
                                  RenderText {#text} at (0,0) size 56x59
                                    text run at (0,0) width 56: "Send the"
                                    text run at (0,20) width 31: "snail"
                                    text run at (0,40) width 29: "mail"
                                RenderBlock {P} at (1,77) size 59x100
                                  RenderText {#text} at (0,0) size 58x99
                                    text run at (0,0) width 36: "Go to"
                                    text run at (0,20) width 33: "work"
                                    text run at (0,40) width 58: "and stare"
                                    text run at (0,60) width 46: "at dead"
                                    text run at (0,80) width 51: "monitor"
                                RenderBlock {P} at (1,193) size 59x60
                                  RenderText {#text} at (0,0) size 47x59
                                    text run at (0,0) width 22: "Eat"
                                    text run at (0,20) width 47: "reserve"
                                    text run at (0,40) width 30: "food"
              RenderTableCell {TD} at (256,468) size 86x184 [color=#FFFFFF] [bgcolor=#404080] [border: (1px inset #808080)] [r=1 c=3 rs=1 cs=1]
                RenderTable {TABLE} at (2,2) size 81x180 [color=#000000]
                  RenderTableSection {TBODY} at (0,0) size 81x180
                    RenderTableRow {TR} at (0,0) size 81x180
                      RenderTableCell {TD} at (0,0) size 18x27 [color=#FFFF00] [bgcolor=#404080] [r=0 c=0 rs=1 cs=1]
                        RenderText {#text} at (1,1) size 16x24
                          text run at (1,1) width 16: "5."
                      RenderTableCell {TD} at (17,0) size 64x180 [color=#FFFFFF] [bgcolor=#404080] [r=0 c=1 rs=1 cs=1]
                        RenderTable {TABLE} at (1,1) size 61x178 [color=#000000]
                          RenderTableSection {TBODY} at (0,0) size 61x178 [bgcolor=#FFFF00]
                            RenderTableRow {TR} at (0,0) size 61x178
                              RenderTableCell {TD} at (0,0) size 61x178 [color=#FFFFFF] [bgcolor=#404080] [r=0 c=0 rs=1 cs=1]
                                RenderBlock {P} at (1,1) size 59x100
                                  RenderText {#text} at (0,0) size 58x99
                                    text run at (0,0) width 36: "Go to"
                                    text run at (0,20) width 33: "work"
                                    text run at (0,40) width 58: "and stare"
                                    text run at (0,60) width 46: "at dead"
                                    text run at (0,80) width 51: "monitor"
                                RenderBlock {P} at (1,117) size 59x60
                                  RenderText {#text} at (0,0) size 47x59
                                    text run at (0,0) width 22: "Eat"
                                    text run at (0,20) width 47: "reserve"
                                    text run at (0,40) width 30: "food"
              RenderTableCell {TD} at (341,468) size 85x184 [color=#FFFFFF] [bgcolor=#404080] [border: (1px inset #808080)] [r=1 c=4 rs=1 cs=1]
                RenderTable {TABLE} at (2,2) size 81x180 [color=#000000]
                  RenderTableSection {TBODY} at (0,0) size 81x180
                    RenderTableRow {TR} at (0,0) size 81x180
                      RenderTableCell {TD} at (0,0) size 18x27 [color=#FFFF00] [bgcolor=#404080] [r=0 c=0 rs=1 cs=1]
                        RenderText {#text} at (1,1) size 16x24
                          text run at (1,1) width 16: "6."
                      RenderTableCell {TD} at (17,0) size 64x180 [color=#FFFFFF] [bgcolor=#404080] [r=0 c=1 rs=1 cs=1]
                        RenderTable {TABLE} at (1,1) size 61x178 [color=#000000]
                          RenderTableSection {TBODY} at (0,0) size 61x178 [bgcolor=#FFFF00]
                            RenderTableRow {TR} at (0,0) size 61x178
                              RenderTableCell {TD} at (0,0) size 61x178 [color=#FFFFFF] [bgcolor=#404080] [r=0 c=0 rs=1 cs=1]
                                RenderBlock {P} at (1,1) size 59x100
                                  RenderText {#text} at (0,0) size 58x99
                                    text run at (0,0) width 36: "Go to"
                                    text run at (0,20) width 33: "work"
                                    text run at (0,40) width 58: "and stare"
                                    text run at (0,60) width 46: "at dead"
                                    text run at (0,80) width 51: "monitor"
                                RenderBlock {P} at (1,117) size 59x60
                                  RenderText {#text} at (0,0) size 47x59
                                    text run at (0,0) width 22: "Eat"
                                    text run at (0,20) width 47: "reserve"
                                    text run at (0,40) width 30: "food"
              RenderTableCell {TD} at (425,468) size 88x260 [color=#FFFFFF] [bgcolor=#404080] [border: (1px inset #808080)] [r=1 c=5 rs=1 cs=1]
                RenderTable {TABLE} at (2,2) size 84x256 [color=#000000]
                  RenderTableSection {TBODY} at (0,0) size 84x256
                    RenderTableRow {TR} at (0,0) size 84x256
                      RenderTableCell {TD} at (0,0) size 18x27 [color=#FFFF00] [bgcolor=#404080] [r=0 c=0 rs=1 cs=1]
                        RenderText {#text} at (1,1) size 16x24
                          text run at (1,1) width 16: "7."
                      RenderTableCell {TD} at (17,0) size 67x256 [color=#FFFFFF] [bgcolor=#404080] [r=0 c=1 rs=1 cs=1]
                        RenderTable {TABLE} at (1,1) size 64x254 [color=#000000]
                          RenderTableSection {TBODY} at (0,0) size 64x254 [bgcolor=#FFFF00]
                            RenderTableRow {TR} at (0,0) size 64x254
                              RenderTableCell {TD} at (0,0) size 64x254 [color=#FFFFFF] [bgcolor=#404080] [r=0 c=0 rs=1 cs=1]
                                RenderBlock {P} at (1,1) size 62x80
                                  RenderText {#text} at (0,0) size 62x79
                                    text run at (0,0) width 20: "Go"
                                    text run at (0,20) width 49: "internet"
                                    text run at (0,40) width 62: "exploring"
                                    text run at (0,60) width 56: "for food."
                                RenderBlock {P} at (1,97) size 62x80
                                  RenderText {#text} at (0,0) size 62x79
                                    text run at (0,0) width 50: "Internet"
                                    text run at (0,20) width 62: "exploring"
                                    text run at (0,40) width 45: "doesn't"
                                    text run at (0,60) width 37: "work."
                                RenderBlock {P} at (1,193) size 62x60
                                  RenderText {#text} at (0,0) size 47x59
                                    text run at (0,0) width 22: "Eat"
                                    text run at (0,20) width 47: "reserve"
                                    text run at (0,40) width 30: "food"
              RenderTableCell {TD} at (512,468) size 92x300 [color=#FFFFFF] [bgcolor=#404080] [border: (1px inset #808080)] [r=1 c=6 rs=1 cs=1]
                RenderTable {TABLE} at (2,2) size 87x296 [color=#000000]
                  RenderTableSection {TBODY} at (0,0) size 87x296
                    RenderTableRow {TR} at (0,0) size 87x296
                      RenderTableCell {TD} at (0,0) size 18x27 [color=#FFFF00] [bgcolor=#404080] [r=0 c=0 rs=1 cs=1]
                        RenderText {#text} at (1,1) size 16x24
                          text run at (1,1) width 16: "8."
                      RenderTableCell {TD} at (17,0) size 70x296 [color=#FFFFFF] [bgcolor=#404080] [r=0 c=1 rs=1 cs=1]
                        RenderTable {TABLE} at (1,1) size 68x294 [color=#000000]
                          RenderTableSection {TBODY} at (0,0) size 68x294 [bgcolor=#FFFF00]
                            RenderTableRow {TR} at (0,0) size 68x294
                              RenderTableCell {TD} at (0,0) size 68x294 [color=#FFFFFF] [bgcolor=#404080] [r=0 c=0 rs=1 cs=1]
                                RenderBlock {P} at (1,1) size 66x100
                                  RenderText {#text} at (0,0) size 62x99
                                    text run at (0,0) width 20: "Go"
                                    text run at (0,20) width 49: "internet"
                                    text run at (0,40) width 62: "exploring"
                                    text run at (0,60) width 52: "for food"
                                    text run at (0,80) width 39: "again."
                                RenderBlock {P} at (1,117) size 66x100
                                  RenderText {#text} at (0,0) size 62x99
                                    text run at (0,0) width 50: "Internet"
                                    text run at (0,20) width 62: "exploring"
                                    text run at (0,40) width 45: "doesn't"
                                    text run at (0,60) width 33: "work"
                                    text run at (0,80) width 39: "again."
                                RenderBlock {P} at (1,233) size 66x60
                                  RenderText {#text} at (0,0) size 47x59
                                    text run at (0,0) width 22: "Eat"
                                    text run at (0,20) width 47: "reserve"
                                    text run at (0,40) width 30: "food"
            RenderTableRow {TR} at (0,768) size 604x396
              RenderTableCell {TD} at (0,768) size 89x396 [color=#FFFFFF] [bgcolor=#404080] [border: (1px inset #808080)] [r=2 c=0 rs=1 cs=1]
                RenderTable {TABLE} at (2,2) size 85x372 [color=#000000]
                  RenderTableSection {TBODY} at (0,0) size 85x372
                    RenderTableRow {TR} at (0,0) size 85x372
                      RenderTableCell {TD} at (0,0) size 18x27 [color=#FFFF00] [bgcolor=#404080] [r=0 c=0 rs=1 cs=1]
                        RenderText {#text} at (1,1) size 16x24
                          text run at (1,1) width 16: "9."
                      RenderTableCell {TD} at (17,0) size 68x372 [color=#FFFFFF] [bgcolor=#404080] [r=0 c=1 rs=1 cs=1]
                        RenderTable {TABLE} at (1,1) size 65x370 [color=#000000]
                          RenderTableSection {TBODY} at (0,0) size 65x370 [bgcolor=#FFFF00]
                            RenderTableRow {TR} at (0,0) size 65x370
                              RenderTableCell {TD} at (0,0) size 65x370 [color=#FFFFFF] [bgcolor=#404080] [r=0 c=0 rs=1 cs=1]
                                RenderBlock {P} at (1,1) size 63x80
                                  RenderText {#text} at (0,0) size 62x79
                                    text run at (0,0) width 20: "Go"
                                    text run at (0,20) width 49: "internet"
                                    text run at (0,40) width 62: "exploring"
                                    text run at (0,60) width 56: "for food."
                                RenderBlock {P} at (1,97) size 63x100
                                  RenderText {#text} at (0,0) size 62x99
                                    text run at (0,0) width 50: "Internet"
                                    text run at (0,20) width 62: "exploring"
                                    text run at (0,40) width 25: "still"
                                    text run at (0,60) width 45: "doesn't"
                                    text run at (0,80) width 37: "work."
                                RenderBlock {P} at (1,213) size 63x80
                                  RenderText {#text} at (0,0) size 62x79
                                    text run at (0,0) width 52: "Give up"
                                    text run at (0,20) width 49: "internet"
                                    text run at (0,40) width 62: "exploring"
                                    text run at (0,60) width 56: "for food."
                                RenderBlock {P} at (1,309) size 63x60
                                  RenderText {#text} at (0,0) size 47x59
                                    text run at (0,0) width 22: "Eat"
                                    text run at (0,20) width 47: "reserve"
                                    text run at (0,40) width 30: "food"
                RenderBlock (anonymous) at (2,374) size 85x20
                  RenderBR {BR} at (0,0) size 0x19
              RenderTableCell {TD} at (88,768) size 85x316 [color=#FFFFFF] [bgcolor=#404080] [border: (1px inset #808080)] [r=2 c=1 rs=1 cs=1]
                RenderTable {TABLE} at (2,2) size 81x312 [color=#000000]
                  RenderTableSection {TBODY} at (0,0) size 81x312
                    RenderTableRow {TR} at (0,0) size 81x312
                      RenderTableCell {TD} at (0,0) size 29x27 [color=#FFFF00] [bgcolor=#404080] [r=0 c=0 rs=1 cs=1]
                        RenderText {#text} at (1,1) size 27x24
                          text run at (1,1) width 27: "10."
                      RenderTableCell {TD} at (28,0) size 53x312 [color=#FFFFFF] [bgcolor=#404080] [r=0 c=1 rs=1 cs=1]
                        RenderTable {TABLE} at (1,1) size 51x310 [color=#000000]
                          RenderTableSection {TBODY} at (0,0) size 51x310 [bgcolor=#FFFF00]
                            RenderTableRow {TR} at (0,0) size 51x310
                              RenderTableCell {TD} at (0,0) size 51x310 [color=#FFFFFF] [bgcolor=#404080] [r=0 c=0 rs=1 cs=1]
                                RenderBlock {P} at (1,1) size 49x80
                                  RenderText {#text} at (0,0) size 41x79
                                    text run at (0,0) width 41: "Power"
                                    text run at (0,20) width 41: "comes"
                                    text run at (0,40) width 31: "back"
                                    text run at (0,60) width 20: "on."
                                RenderBlock {P} at (1,97) size 49x100
                                  RenderText {#text} at (0,0) size 47x99
                                    text run at (0,0) width 22: "Put"
                                    text run at (0,20) width 37: "trusty"
                                    text run at (0,40) width 44: "abacus"
                                    text run at (0,60) width 47: "back in"
                                    text run at (0,80) width 28: "attic"
                                RenderBlock {P} at (1,213) size 49x60
                                  RenderText {#text} at (0,0) size 48x59
                                    text run at (0,0) width 32: "Grab"
                                    text run at (0,20) width 34: "latest"
                                    text run at (0,40) width 48: "mozilla"
                                RenderBlock {P} at (1,289) size 49x20
                                  RenderText {#text} at (0,0) size 40x19
                                    text run at (0,0) width 40: "Test it"
              RenderTableCell {TD} at (172,768) size 85x104 [color=#FFFFFF] [bgcolor=#404080] [border: (1px inset #808080)] [r=2 c=2 rs=1 cs=1]
                RenderTable {TABLE} at (2,2) size 80x100 [color=#000000]
                  RenderTableSection {TBODY} at (0,0) size 80x100
                    RenderTableRow {TR} at (0,0) size 80x100
                      RenderTableCell {TD} at (0,0) size 28x27 [color=#FFFF00] [bgcolor=#404080] [r=0 c=0 rs=1 cs=1]
                        RenderText {#text} at (1,1) size 26x24
                          text run at (1,1) width 26: "11."
                      RenderTableCell {TD} at (27,0) size 53x100 [color=#FFFFFF] [bgcolor=#404080] [r=0 c=1 rs=1 cs=1]
                        RenderTable {TABLE} at (1,1) size 51x98 [color=#000000]
                          RenderTableSection {TBODY} at (0,0) size 51x98 [bgcolor=#FFFF00]
                            RenderTableRow {TR} at (0,0) size 51x98
                              RenderTableCell {TD} at (0,0) size 51x98 [color=#FFFFFF] [bgcolor=#404080] [r=0 c=0 rs=1 cs=1]
                                RenderBlock {P} at (1,1) size 49x60
                                  RenderText {#text} at (0,0) size 48x59
                                    text run at (0,0) width 32: "Grab"
                                    text run at (0,20) width 34: "latest"
                                    text run at (0,40) width 48: "mozilla"
                                RenderBlock {P} at (1,77) size 49x20
                                  RenderText {#text} at (0,0) size 40x19
                                    text run at (0,0) width 40: "Test it"
              RenderTableCell {TD} at (256,768) size 86x104 [color=#FFFFFF] [bgcolor=#404080] [border: (1px inset #808080)] [r=2 c=3 rs=1 cs=1]
                RenderTable {TABLE} at (2,2) size 81x100 [color=#000000]
                  RenderTableSection {TBODY} at (0,0) size 81x100
                    RenderTableRow {TR} at (0,0) size 81x100
                      RenderTableCell {TD} at (0,0) size 29x27 [color=#FFFF00] [bgcolor=#404080] [r=0 c=0 rs=1 cs=1]
                        RenderText {#text} at (1,1) size 27x24
                          text run at (1,1) width 27: "12."
                      RenderTableCell {TD} at (28,0) size 53x100 [color=#FFFFFF] [bgcolor=#404080] [r=0 c=1 rs=1 cs=1]
                        RenderTable {TABLE} at (1,1) size 50x98 [color=#000000]
                          RenderTableSection {TBODY} at (0,0) size 50x98 [bgcolor=#FFFF00]
                            RenderTableRow {TR} at (0,0) size 50x98
                              RenderTableCell {TD} at (0,0) size 50x98 [color=#FFFFFF] [bgcolor=#404080] [r=0 c=0 rs=1 cs=1]
                                RenderBlock {P} at (1,1) size 48x60
                                  RenderText {#text} at (0,0) size 48x59
                                    text run at (0,0) width 32: "Grab"
                                    text run at (0,20) width 34: "latest"
                                    text run at (0,40) width 48: "mozilla"
                                RenderBlock {P} at (1,77) size 48x20
                                  RenderText {#text} at (0,0) size 40x19
                                    text run at (0,0) width 40: "Test it"
              RenderTableCell {TD} at (341,768) size 85x104 [color=#FFFFFF] [bgcolor=#404080] [border: (1px inset #808080)] [r=2 c=4 rs=1 cs=1]
                RenderTable {TABLE} at (2,2) size 81x100 [color=#000000]
                  RenderTableSection {TBODY} at (0,0) size 81x100
                    RenderTableRow {TR} at (0,0) size 81x100
                      RenderTableCell {TD} at (0,0) size 29x27 [color=#FFFF00] [bgcolor=#404080] [r=0 c=0 rs=1 cs=1]
                        RenderText {#text} at (1,1) size 27x24
                          text run at (1,1) width 27: "13."
                      RenderTableCell {TD} at (28,0) size 53x100 [color=#FFFFFF] [bgcolor=#404080] [r=0 c=1 rs=1 cs=1]
                        RenderTable {TABLE} at (1,1) size 50x98 [color=#000000]
                          RenderTableSection {TBODY} at (0,0) size 50x98 [bgcolor=#FFFF00]
                            RenderTableRow {TR} at (0,0) size 50x98
                              RenderTableCell {TD} at (0,0) size 50x98 [color=#FFFFFF] [bgcolor=#404080] [r=0 c=0 rs=1 cs=1]
                                RenderBlock {P} at (1,1) size 48x60
                                  RenderText {#text} at (0,0) size 48x59
                                    text run at (0,0) width 32: "Grab"
                                    text run at (0,20) width 34: "latest"
                                    text run at (0,40) width 48: "mozilla"
                                RenderBlock {P} at (1,77) size 48x20
                                  RenderText {#text} at (0,0) size 40x19
                                    text run at (0,0) width 40: "Test it"
              RenderTableCell {TD} at (425,768) size 88x104 [color=#FFFFFF] [bgcolor=#404080] [border: (1px inset #808080)] [r=2 c=5 rs=1 cs=1]
                RenderTable {TABLE} at (2,2) size 84x100 [color=#000000]
                  RenderTableSection {TBODY} at (0,0) size 84x100
                    RenderTableRow {TR} at (0,0) size 84x100
                      RenderTableCell {TD} at (0,0) size 29x27 [color=#FFFF00] [bgcolor=#404080] [r=0 c=0 rs=1 cs=1]
                        RenderText {#text} at (1,1) size 27x24
                          text run at (1,1) width 27: "14."
                      RenderTableCell {TD} at (28,0) size 56x100 [color=#FFFFFF] [bgcolor=#404080] [r=0 c=1 rs=1 cs=1]
                        RenderTable {TABLE} at (1,1) size 53x98 [color=#000000]
                          RenderTableSection {TBODY} at (0,0) size 53x98 [bgcolor=#FFFF00]
                            RenderTableRow {TR} at (0,0) size 53x98
                              RenderTableCell {TD} at (0,0) size 53x98 [color=#FFFFFF] [bgcolor=#404080] [r=0 c=0 rs=1 cs=1]
                                RenderBlock {P} at (1,1) size 51x60
                                  RenderText {#text} at (0,0) size 48x59
                                    text run at (0,0) width 32: "Grab"
                                    text run at (0,20) width 34: "latest"
                                    text run at (0,40) width 48: "mozilla"
                                RenderBlock {P} at (1,77) size 51x20
                                  RenderText {#text} at (0,0) size 40x19
                                    text run at (0,0) width 40: "Test it"
              RenderTableCell {TD} at (512,768) size 92x316 [color=#FFFFFF] [bgcolor=#404080] [border: (1px inset #808080)] [r=2 c=6 rs=1 cs=1]
                RenderTable {TABLE} at (2,2) size 87x312 [color=#000000]
                  RenderTableSection {TBODY} at (0,0) size 87x312
                    RenderTableRow {TR} at (0,0) size 87x312
                      RenderTableCell {TD} at (0,0) size 29x27 [color=#FFFF00] [bgcolor=#404080] [r=0 c=0 rs=1 cs=1]
                        RenderText {#text} at (1,1) size 27x24
                          text run at (1,1) width 27: "15."
                      RenderTableCell {TD} at (28,0) size 59x312 [color=#FFFFFF] [bgcolor=#404080] [r=0 c=1 rs=1 cs=1]
                        RenderTable {TABLE} at (1,1) size 57x310 [color=#000000]
                          RenderTableSection {TBODY} at (0,0) size 57x310 [bgcolor=#FFFF00]
                            RenderTableRow {TR} at (0,0) size 57x310
                              RenderTableCell {TD} at (0,0) size 57x310 [color=#FFFFFF] [bgcolor=#404080] [r=0 c=0 rs=1 cs=1]
                                RenderBlock {P} at (1,1) size 55x60
                                  RenderText {#text} at (0,0) size 48x59
                                    text run at (0,0) width 32: "Grab"
                                    text run at (0,20) width 34: "latest"
                                    text run at (0,40) width 48: "mozilla"
                                RenderBlock {P} at (1,77) size 55x20
                                  RenderText {#text} at (0,0) size 40x19
                                    text run at (0,0) width 40: "Test it"
                                RenderBlock {P} at (1,113) size 55x120
                                  RenderText {#text} at (0,0) size 55x119
                                    text run at (0,0) width 50: "Mozilla"
                                    text run at (0,20) width 55: "removes"
                                    text run at (0,40) width 32: "Y2K"
                                    text run at (0,60) width 55: "Warning"
                                    text run at (0,80) width 32: "from"
                                    text run at (0,100) width 54: "FTP site"
                                RenderBlock {P} at (1,249) size 55x60
                                  RenderText {#text} at (0,0) size 39x59
                                    text run at (0,0) width 29: "This"
                                    text run at (0,20) width 39: "bug is"
                                    text run at (0,40) width 33: "fixed"
            RenderTableRow {TR} at (0,1164) size 604x31
              RenderTableCell {TD} at (0,1164) size 89x31 [color=#FFFFFF] [bgcolor=#404080] [border: (1px inset #808080)] [r=3 c=0 rs=1 cs=1]
                RenderTable {TABLE} at (2,2) size 85x27 [color=#000000]
                  RenderTableSection {TBODY} at (0,0) size 85x27
                    RenderTableRow {TR} at (0,0) size 85x27
                      RenderTableCell {TD} at (0,0) size 29x27 [color=#FFFF00] [bgcolor=#404080] [r=0 c=0 rs=1 cs=1]
                        RenderText {#text} at (1,1) size 27x24
                          text run at (1,1) width 27: "16."
                      RenderTableCell {TD} at (28,0) size 57x24 [color=#FFFFFF] [bgcolor=#404080] [r=0 c=1 rs=1 cs=1]
                        RenderTable {TABLE} at (1,1) size 55x22 [color=#000000]
                          RenderTableSection {TBODY} at (0,0) size 55x22 [bgcolor=#FFFF00]
                            RenderTableRow {TR} at (0,0) size 55x22
                              RenderTableCell {TD} at (0,0) size 55x22 [color=#FFFFFF] [bgcolor=#404080] [r=0 c=0 rs=1 cs=1]
                                RenderText {#text} at (1,1) size 8x19
                                  text run at (1,1) width 8: "?"
              RenderTableCell {TD} at (88,1164) size 85x24 [color=#FFFFFF] [bgcolor=#404080] [border: (1px inset #808080)] [r=3 c=1 rs=1 cs=1]
                RenderText {#text} at (2,2) size 6x19
                  text run at (2,2) width 6: "-"
              RenderTableCell {TD} at (172,1164) size 85x24 [color=#FFFFFF] [bgcolor=#404080] [border: (1px inset #808080)] [r=3 c=2 rs=1 cs=1]
                RenderText {#text} at (2,2) size 6x19
                  text run at (2,2) width 6: "-"
              RenderTableCell {TD} at (256,1164) size 86x24 [color=#FFFFFF] [bgcolor=#404080] [border: (1px inset #808080)] [r=3 c=3 rs=1 cs=1]
                RenderText {#text} at (2,2) size 6x19
                  text run at (2,2) width 6: "-"
              RenderTableCell {TD} at (341,1164) size 85x24 [color=#FFFFFF] [bgcolor=#404080] [border: (1px inset #808080)] [r=3 c=4 rs=1 cs=1]
                RenderText {#text} at (2,2) size 6x19
                  text run at (2,2) width 6: "-"
              RenderTableCell {TD} at (425,1164) size 88x24 [color=#FFFFFF] [bgcolor=#404080] [border: (1px inset #808080)] [r=3 c=5 rs=1 cs=1]
                RenderText {#text} at (2,2) size 6x19
                  text run at (2,2) width 6: "-"
              RenderTableCell {TD} at (512,1164) size 92x24 [color=#FFFFFF] [bgcolor=#404080] [border: (1px inset #808080)] [r=3 c=6 rs=1 cs=1]
                RenderText {#text} at (2,2) size 6x19
                  text run at (2,2) width 6: "-"
            RenderTableRow {TR} at (0,1195) size 604x24
              RenderTableCell {TD} at (0,1195) size 89x24 [color=#FFFFFF] [bgcolor=#404080] [border: (1px inset #808080)] [r=4 c=0 rs=1 cs=1]
                RenderText {#text} at (2,2) size 6x19
                  text run at (2,2) width 6: "-"
              RenderTableCell {TD} at (88,1195) size 85x24 [color=#FFFFFF] [bgcolor=#404080] [border: (1px inset #808080)] [r=4 c=1 rs=1 cs=1]
                RenderText {#text} at (2,2) size 6x19
                  text run at (2,2) width 6: "-"
              RenderTableCell {TD} at (172,1195) size 85x24 [color=#FFFFFF] [bgcolor=#404080] [border: (1px inset #808080)] [r=4 c=2 rs=1 cs=1]
                RenderText {#text} at (2,2) size 6x19
                  text run at (2,2) width 6: "-"
              RenderTableCell {TD} at (256,1195) size 86x24 [color=#FFFFFF] [bgcolor=#404080] [border: (1px inset #808080)] [r=4 c=3 rs=1 cs=1]
                RenderText {#text} at (2,2) size 6x19
                  text run at (2,2) width 6: "-"
              RenderTableCell {TD} at (341,1195) size 85x24 [color=#FFFFFF] [bgcolor=#404080] [border: (1px inset #808080)] [r=4 c=4 rs=1 cs=1]
                RenderText {#text} at (2,2) size 6x19
                  text run at (2,2) width 6: "-"
              RenderTableCell {TD} at (425,1195) size 88x24 [color=#FFFFFF] [bgcolor=#404080] [border: (1px inset #808080)] [r=4 c=5 rs=1 cs=1]
                RenderText {#text} at (2,2) size 6x19
                  text run at (2,2) width 6: "-"
              RenderTableCell {TD} at (512,1195) size 92x24 [color=#FFFFFF] [bgcolor=#404080] [border: (1px inset #808080)] [r=4 c=6 rs=1 cs=1]
                RenderText {#text} at (2,2) size 6x19
                  text run at (2,2) width 6: "-"
        RenderBlock (anonymous) at (0,1279) size 784x40
          RenderBR {BR} at (392,0) size 0x19
          RenderText {#text} at (4,20) size 776x19
            text run at (4,20) width 776: "Notice the scrollbars, they are rendered outside of the table columns, and the yellow day numbers are hidden under them."
        RenderBlock {P} at (0,1335) size 784x80
          RenderText {#text} at (11,0) size 784x79
            text run at (11,0) width 762: "This is probably another bug already covered, or fixed, but day 3 & 16 should have no scrollbar, but the area where the"
            text run at (9,20) width 423: "other scrollbars are drawn is drawn funny. They are not rendered. "
            text run at (431,20) width 344: "They seem to be whatever was drawn there before, or"
            text run at (0,40) width 784: "drawn somewhere else. Day 16 (contaings only the letter \"?\") has a region below the ? mark that is never rendered. Resize"
            text run at (150,60) width 484: "the window so the window can scroll down and scroll the page up & down."
