layer at (0,0) size 800x2364
  RenderView at (0,0) size 800x600
layer at (0,0) size 800x2364
  RenderBlock {HTML} at (0,0) size 800x2364
    RenderBody {BODY} at (8,8) size 784x2348 [bgcolor=#19BCD2]
      RenderTable {TABLE} at (0,0) size 784x200 [bgcolor=#FFA500] [border: (1px outset #808080)]
        RenderTableSection {TBODY} at (1,1) size 782x198
          RenderTableRow {TR} at (0,0) size 782x159
            RenderTableCell {TD} at (0,0) size 782x22 [border: (1px inset #808080)] [r=0 c=0 rs=1 cs=1]
              RenderText {#text} at (1,1) size 161x19
                text run at (1,1) width 161: "80% of table 200px table"
          RenderTableRow {TR} at (0,158) size 782x40
            RenderTableCell {TD} at (0,158) size 782x23 [border: (1px inset #808080)] [r=1 c=0 rs=1 cs=1]
              RenderText {#text} at (1,1) size 161x19
                text run at (1,1) width 161: "20% of table 200px table"
      RenderBlock (anonymous) at (0,199) size 784x21
        RenderBR {BR} at (0,0) size 0x19
      RenderTable {TABLE} at (0,219) size 784x47 [bgcolor=#FFA500] [border: (1px outset #808080)]
        RenderTableSection {TBODY} at (1,1) size 782x44
          RenderTableRow {TR} at (0,0) size 782x22
            RenderTableCell {TD} at (0,0) size 782x22 [border: (1px inset #808080)] [r=0 c=0 rs=1 cs=1]
              RenderText {#text} at (1,1) size 132x19
                text run at (1,1) width 132: "80% of 200px tbody"
          RenderTableRow {TR} at (0,22) size 782x22
            RenderTableCell {TD} at (0,22) size 782x22 [border: (1px inset #808080)] [r=1 c=0 rs=1 cs=1]
              RenderText {#text} at (1,1) size 132x19
                text run at (1,1) width 132: "20% of 200px tbody"
      RenderBlock (anonymous) at (0,265) size 784x21
        RenderBR {BR} at (0,0) size 0x19
      RenderTable {TABLE} at (0,285) size 784x47 [bgcolor=#FFA500] [border: (1px outset #808080)]
        RenderTableSection {TBODY} at (1,1) size 782x44
          RenderTableRow {TR} at (0,0) size 782x22
            RenderTableCell {TD} at (0,0) size 782x22 [border: (1px inset #808080)] [r=0 c=0 rs=1 cs=1]
              RenderText {#text} at (1,1) size 132x19
                text run at (1,1) width 132: "80% of 200px tbody"
          RenderTableRow {TR} at (0,22) size 782x22
            RenderTableCell {TD} at (0,22) size 782x22 [border: (1px inset #808080)] [r=1 c=0 rs=1 cs=1]
              RenderText {#text} at (1,1) size 132x19
                text run at (1,1) width 132: "20% of 200px tbody"
      RenderBlock (anonymous) at (0,331) size 784x21
        RenderBR {BR} at (0,0) size 0x19
      RenderTable {TABLE} at (0,351) size 784x201 [bgcolor=#FFA500] [border: (1px outset #808080)]
        RenderTableSection {TBODY} at (1,1) size 782x198
          RenderTableRow {TR} at (0,0) size 782x159
            RenderTableCell {TD} at (0,0) size 782x22 [border: (1px inset #808080)] [r=0 c=0 rs=1 cs=1]
              RenderText {#text} at (1,1) size 155x19
                text run at (1,1) width 155: "row 80% of 200px table"
          RenderTableRow {TR} at (0,158) size 782x40
            RenderTableCell {TD} at (0,158) size 782x23 [border: (1px inset #808080)] [r=1 c=0 rs=1 cs=1]
              RenderText {#text} at (1,1) size 155x19
                text run at (1,1) width 155: "row 20% of 200px table"
      RenderBlock (anonymous) at (0,551) size 784x21
        RenderBR {BR} at (0,0) size 0x19
      RenderTable {TABLE} at (0,571) size 784x47 [bgcolor=#FFA500] [border: (1px outset #808080)]
        RenderTableSection {TBODY} at (1,1) size 782x44
          RenderTableRow {TR} at (0,0) size 782x22
            RenderTableCell {TD} at (0,0) size 782x22 [border: (1px inset #808080)] [r=0 c=0 rs=1 cs=1]
              RenderText {#text} at (1,1) size 160x19
                text run at (1,1) width 160: "row 80% of 200px tbody"
          RenderTableRow {TR} at (0,22) size 782x22
            RenderTableCell {TD} at (0,22) size 782x22 [border: (1px inset #808080)] [r=1 c=0 rs=1 cs=1]
              RenderText {#text} at (1,1) size 160x19
                text run at (1,1) width 160: "row 20% of 200px tbody"
      RenderBlock (anonymous) at (0,617) size 784x21
        RenderBR {BR} at (0,0) size 0x19
      RenderTable {TABLE} at (0,637) size 784x405 [bgcolor=#FFA500] [border: (1px outset #808080)]
        RenderTableSection {TBODY} at (1,1) size 782x402
          RenderTableRow {TR} at (0,0) size 782x402
            RenderTableCell {TD} at (0,0) size 782x402 [border: (1px inset #808080)] [r=0 c=0 rs=1 cs=1]
              RenderTable {TABLE} at (1,1) size 780x100 [bgcolor=#FFFF00]
                RenderTableSection {TBODY} at (0,0) size 780x100
                  RenderTableRow {TR} at (0,0) size 780x100
                    RenderTableCell {TD} at (0,40) size 780x20 [r=0 c=0 rs=1 cs=1]
                      RenderText {#text} at (0,0) size 12x19
                        text run at (0,0) width 12: " x"
              RenderTable {TABLE} at (1,101) size 780x300
                RenderTableSection {TBODY} at (0,0) size 780x300
                  RenderTableRow {TR} at (0,0) size 780x300
                    RenderTableCell {TD} at (0,0) size 780x300 [bgcolor=#E0FFFF] [r=0 c=0 rs=1 cs=1]
                      RenderText {#text} at (0,0) size 113x19
                        text run at (0,0) width 82: "yuiyututuyu "
                        text run at (81,0) width 32: "fesfe"
                      RenderBR {BR} at (112,0) size 1x19
                      RenderText {#text} at (0,20) size 4x19
                        text run at (0,20) width 4: " "
                      RenderBR {BR} at (4,20) size 0x19
                      RenderText {#text} at (0,40) size 4x19
                        text run at (0,40) width 4: " "
                      RenderBR {BR} at (4,40) size 0x19
                      RenderText {#text} at (0,60) size 4x19
                        text run at (0,60) width 4: " "
                      RenderBR {BR} at (4,60) size 0x19
                      RenderText {#text} at (0,80) size 4x19
                        text run at (0,80) width 4: " "
                      RenderBR {BR} at (4,80) size 0x19
                      RenderText {#text} at (0,100) size 4x19
                        text run at (0,100) width 4: " "
                      RenderBR {BR} at (4,100) size 0x19
                      RenderText {#text} at (0,120) size 4x19
                        text run at (0,120) width 4: " "
                      RenderBR {BR} at (4,120) size 0x19
                      RenderText {#text} at (0,140) size 4x19
                        text run at (0,140) width 4: " "
                      RenderBR {BR} at (4,140) size 0x19
                      RenderText {#text} at (0,160) size 4x19
                        text run at (0,160) width 4: " "
                      RenderBR {BR} at (4,160) size 0x19
                      RenderText {#text} at (0,180) size 4x19
                        text run at (0,180) width 4: " "
                      RenderBR {BR} at (4,180) size 0x19
                      RenderText {#text} at (0,200) size 4x19
                        text run at (0,200) width 4: " "
                      RenderBR {BR} at (4,200) size 0x19
                      RenderText {#text} at (0,220) size 4x19
                        text run at (0,220) width 4: " "
                      RenderBR {BR} at (4,220) size 0x19
                      RenderText {#text} at (0,240) size 4x19
                        text run at (0,240) width 4: " "
                      RenderBR {BR} at (4,240) size 0x19
                      RenderText {#text} at (0,260) size 4x19
                        text run at (0,260) width 4: " "
                      RenderBR {BR} at (4,260) size 0x19
                      RenderText {#text} at (0,280) size 4x19
                        text run at (0,280) width 4: " "
      RenderBlock (anonymous) at (0,1041) size 784x21
        RenderBR {BR} at (0,0) size 0x19
      RenderTable {TABLE} at (0,1061) size 600x401 [border: (1px outset #808080)]
        RenderTableSection {TBODY} at (1,1) size 598x398
          RenderTableRow {TR} at (0,2) size 598x394
            RenderTableCell {TD} at (2,2) size 594x394 [border: (1px inset #808080)] [r=0 c=0 rs=1 cs=1]
              RenderTable {TABLE} at (2,2) size 590x390 [border: (1px outset #808080)]
                RenderTableSection {TBODY} at (1,1) size 588x388
                  RenderTableRow {TR} at (0,2) size 588x384
                    RenderTableCell {TD} at (2,2) size 584x384 [border: (1px inset #808080)] [r=0 c=0 rs=1 cs=1]
                      RenderTable {TABLE} at (2,2) size 580x380 [border: (1px outset #808080)]
                        RenderTableSection {TBODY} at (1,1) size 578x378
                          RenderTableRow {TR} at (0,2) size 578x374
                            RenderTableCell {TD} at (2,177) size 574x24 [border: (1px inset #808080)] [r=0 c=0 rs=1 cs=1]
                              RenderText {#text} at (2,2) size 22x19
                                text run at (2,2) width 22: "foo"
      RenderBlock (anonymous) at (0,1461) size 784x21
        RenderBR {BR} at (0,0) size 0x19
      RenderTable {TABLE} at (0,1481) size 64x25 [border: (1px outset #808080)]
        RenderTableSection {TBODY} at (1,1) size 62x22
          RenderTableRow {TR} at (0,0) size 62x22
            RenderTableCell {TD} at (0,0) size 62x22 [border: (1px inset #808080)] [r=0 c=0 rs=2 cs=1]
              RenderText {#text} at (1,1) size 60x19
                text run at (1,1) width 60: "blah blah"
          RenderTableRow {TR} at (0,22) size 62x0
      RenderBlock (anonymous) at (0,1505) size 784x21
        RenderBR {BR} at (0,0) size 0x19
      RenderTable {TABLE} at (0,1525) size 602x365 [border: (1px outset #808080)]
        RenderTableSection {TBODY} at (1,1) size 600x362
          RenderTableRow {TR} at (0,0) size 600x0
            RenderTableCell {TD} at (0,0) size 503x362 [bgcolor=#FFFFFF] [border: (1px inset #808080)] [r=0 c=0 rs=2 cs=2]
              RenderImage {IMG} at (1,1) size 132x360
          RenderTableRow {TR} at (0,0) size 600x362
            RenderTableCell {TD} at (502,170) size 98x22 [border: (1px inset #808080)] [r=1 c=2 rs=1 cs=6]
              RenderText {#text} at (72,1) size 25x19
                text run at (72,1) width 25: "xxx"
      RenderBlock (anonymous) at (0,1889) size 784x21
        RenderBR {BR} at (0,0) size 0x19
      RenderTable {TABLE} at (18,1909) size 748x439 [bgcolor=#808080]
        RenderTableSection {TBODY} at (0,0) size 748x438
          RenderTableRow {TR} at (0,4) size 748x430
            RenderTableCell {TD} at (4,4) size 740x430 [r=0 c=0 rs=1 cs=1]
              RenderTable {TABLE} at (3,3) size 734x424 [bgcolor=#FFA500] [border: (1px outset #808080)]
                RenderTableSection {TBODY} at (1,1) size 732x422
                  RenderTableRow {TR} at (0,0) size 732x422
                    RenderTableCell {TD} at (0,0) size 732x422 [border: (1px inset #808080)] [r=0 c=0 rs=1 cs=1]
                      RenderBlock (anonymous) at (1,1) size 730x20
                        RenderText {#text} at (0,0) size 8x19
                          text run at (0,0) width 8: "x"
                      RenderTable {TABLE} at (1,21) size 730x100 [bgcolor=#FFFF00]
                        RenderTableSection {TBODY} at (0,0) size 730x100
                          RenderTableRow {TR} at (0,0) size 730x100
                            RenderTableCell {TD} at (0,40) size 730x20 [r=0 c=0 rs=1 cs=1]
                              RenderText {#text} at (0,0) size 4x19
                                text run at (0,0) width 4: " "
                      RenderTable {TABLE} at (1,121) size 730x300
                        RenderTableSection {TBODY} at (0,0) size 730x300
                          RenderTableRow {TR} at (0,0) size 730x300
                            RenderTableCell {TD} at (0,0) size 730x300 [bgcolor=#E0FFFF] [r=0 c=0 rs=1 cs=1]
                              RenderText {#text} at (0,0) size 117x19
                                text run at (0,0) width 82: "yuiyututuyu "
                                text run at (81,0) width 36: "fesf e"
                              RenderBR {BR} at (116,0) size 1x19
                              RenderText {#text} at (0,20) size 4x19
                                text run at (0,20) width 4: " "
                              RenderBR {BR} at (4,20) size 0x19
                              RenderText {#text} at (0,40) size 4x19
                                text run at (0,40) width 4: " "
                              RenderBR {BR} at (4,40) size 0x19
                              RenderText {#text} at (0,60) size 4x19
                                text run at (0,60) width 4: " "
                              RenderBR {BR} at (4,60) size 0x19
                              RenderText {#text} at (0,80) size 4x19
                                text run at (0,80) width 4: " "
                              RenderBR {BR} at (4,80) size 0x19
                              RenderText {#text} at (0,100) size 4x19
                                text run at (0,100) width 4: " "
                              RenderBR {BR} at (4,100) size 0x19
                              RenderText {#text} at (0,120) size 4x19
                                text run at (0,120) width 4: " "
                              RenderBR {BR} at (4,120) size 0x19
                              RenderText {#text} at (0,140) size 4x19
                                text run at (0,140) width 4: " "
                              RenderBR {BR} at (4,140) size 0x19
                              RenderText {#text} at (0,160) size 4x19
                                text run at (0,160) width 4: " "
                              RenderBR {BR} at (4,160) size 0x19
                              RenderText {#text} at (0,180) size 4x19
                                text run at (0,180) width 4: " "
                              RenderBR {BR} at (4,180) size 0x19
                              RenderText {#text} at (0,200) size 4x19
                                text run at (0,200) width 4: " "
                              RenderBR {BR} at (4,200) size 0x19
                              RenderText {#text} at (0,220) size 4x19
                                text run at (0,220) width 4: " "
                              RenderBR {BR} at (4,220) size 0x19
                              RenderText {#text} at (0,240) size 4x19
                                text run at (0,240) width 4: " "
                              RenderBR {BR} at (4,240) size 0x19
                              RenderText {#text} at (0,260) size 4x19
                                text run at (0,260) width 4: " "
                              RenderBR {BR} at (4,260) size 0x19
                              RenderText {#text} at (0,280) size 4x19
                                text run at (0,280) width 4: " "
