layer at (0,0) size 800x600
  RenderView at (0,0) size 800x600
layer at (0,0) size 800x600
  RenderBlock {HTML} at (0,0) size 800x600
    RenderBody {BODY} at (8,8) size 784x584
      RenderTable {TABLE} at (0,0) size 600x310 [bgcolor=#FFC0CB]
        RenderTableSection {TBODY} at (0,0) size 600x310
          RenderTableRow {TR} at (0,0) size 600x20
            RenderTableCell {TD} at (0,0) size 601x20 [bgcolor=#FFFF00] [r=0 c=0 rs=1 cs=3]
              RenderText {#text} at (0,0) size 8x19
                text run at (0,0) width 8: "1"
          RenderTableRow {TR} at (0,20) size 600x20
            RenderTableCell {TD} at (0,20) size 601x20 [bgcolor=#FF0000] [r=1 c=0 rs=1 cs=3]
              RenderText {#text} at (0,0) size 8x19
                text run at (0,0) width 8: "2"
          RenderTableRow {TR} at (0,40) size 600x0
            RenderTableCell {TD} at (0,40) size 156x20 [bgcolor=#00FFFF] [r=2 c=0 rs=40 cs=1]
              RenderText {#text} at (0,0) size 8x19
                text run at (0,0) width 8: "3"
          RenderTableRow {TR} at (0,40) size 600x30
            RenderTableCell {TD} at (155,40) size 446x30 [bgcolor=#FFA500] [r=3 c=1 rs=1 cs=1]
              RenderTable {TABLE} at (0,0) size 440x30
                RenderTableSection {TBODY} at (0,0) size 440x30
                  RenderTableRow {TR} at (0,2) size 440x26
                    RenderTableCell {TD} at (2,2) size 217x26 [r=0 c=0 rs=1 cs=1]
                      RenderButton {INPUT} at (3,3) size 109x20 [color=#FFFFFF] [bgcolor=#007AFF] [border: (1px solid #FFFFFF)]
                        RenderBlock (anonymous) at (12,3) size 85x14
                          RenderText at (0,0) size 85x14
                            text run at (0,0) width 85: "Submit Criteria"
                    RenderTableCell {TD} at (221,4) size 217x22 [r=0 c=1 rs=1 cs=1]
                      RenderText {#text} at (1,1) size 8x19
                        text run at (1,1) width 8: "4"
          RenderTableRow {TR} at (0,70) size 600x20
            RenderTableCell {TD} at (155,70) size 446x20 [bgcolor=#FF0000] [r=4 c=1 rs=1 cs=1]
              RenderText {#text} at (0,0) size 8x19
                text run at (0,0) width 8: "5"
          RenderTableRow {TR} at (0,90) size 600x40
            RenderTableCell {TD} at (155,90) size 446x40 [bgcolor=#FFFF00] [r=5 c=1 rs=1 cs=1]
              RenderText {#text} at (0,0) size 436x39
                text run at (0,0) width 263: "If you have entered your feature criteria, "
                text run at (262,0) width 174: "press the \"Submit Criteria\""
                text run at (0,20) width 88: "button above."
          RenderTableRow {TR} at (0,130) size 600x20
            RenderTableCell {TD} at (155,130) size 446x20 [bgcolor=#D3D3D3] [r=6 c=1 rs=1 cs=1]
              RenderText {#text} at (0,0) size 8x19
                text run at (0,0) width 8: "6"
          RenderTableRow {TR} at (0,150) size 600x60
            RenderTableCell {TD} at (155,150) size 446x60 [r=7 c=1 rs=1 cs=1]
              RenderText {#text} at (0,0) size 433x59
                text run at (0,0) width 267: "If you want to do a radius search instead, "
                text run at (266,0) width 167: "press the \"Radius Search\""
                text run at (0,20) width 49: "button. "
                text run at (48,20) width 287: "This will allow you to select a starting point "
                text run at (334,20) width 71: "and enter a"
                text run at (0,40) width 204: "radius with new feature criteria."
          RenderTableRow {TR} at (0,210) size 600x20
            RenderTableCell {TD} at (155,210) size 446x20 [r=8 c=1 rs=1 cs=1]
              RenderText {#text} at (0,0) size 4x19
                text run at (0,0) width 4: " "
          RenderTableRow {TR} at (0,230) size 600x80
            RenderTableCell {TD} at (155,230) size 446x80 [r=9 c=1 rs=1 cs=1]
              RenderText {#text} at (0,0) size 419x79
                text run at (0,0) width 419: "All information provided is deemed reliable but is not guaranteed"
                text run at (0,20) width 93: "and should be "
                text run at (92,20) width 292: "independently verified. The price shown may"
                text run at (0,40) width 206: "represent the top or bottom of a "
                text run at (205,40) width 168: "price range listing and not"
                text run at (0,60) width 193: "necessarily a fixed price offer."
