layer at (0,0) size 800x600
  RenderView at (0,0) size 800x600
layer at (0,0) size 800x104
  RenderBlock {HTML} at (0,0) size 800x104
    RenderBody {BODY} at (8,8) size 784x88
      RenderTable {TABLE} at (0,0) size 400x88 [border: (1px outset #808080)]
        RenderTableSection {TBODY} at (1,1) size 398x86
          RenderTableRow {TR} at (0,0) size 398x86
            RenderTableCell {TD} at (0,0) size 302x86 [border: (1px inset #808080)] [r=0 c=0 rs=1 cs=2]
              RenderTable {TABLE} at (1,1) size 300x84 [border: (1px outset #808080)]
                RenderTableSection {TBODY} at (1,1) size 298x82
                  RenderTableRow {TR} at (0,0) size 298x82
                    RenderTableCell {TD} at (0,0) size 298x82 [border: (1px inset #808080)] [r=0 c=0 rs=1 cs=1]
                      RenderText {#text} at (1,1) size 294x79
                        text run at (1,1) width 284: "Presidential candidates George W. Bush and"
                        text run at (1,21) width 250: "Al Gore are expected to show a kinder,"
                        text run at (1,41) width 294: "gentler side Wednesday in the second of three"
                        text run at (1,61) width 181: "nationally televised debates."
                      RenderBR {BR} at (181,61) size 1x19
            RenderTableCell {TD} at (302,2) size 96x82 [border: (1px inset #808080)] [r=0 c=2 rs=1 cs=1]
              RenderBlock (anonymous) at (1,1) size 94x80
                RenderInline {FONT} at (0,0) size 84x79 [color=#CC3333]
                  RenderText {#text} at (0,0) size 84x79
                    text run at (0,0) width 71: "Avon.com:"
                    text run at (0,20) width 80: "Fall makeup"
                    text run at (0,40) width 84: "sale. Save up"
                    text run at (0,60) width 50: "to 47%."
              RenderBlock (anonymous) at (1,81) size 94x0 [color=#CC3333]
                RenderBlock {FORM} at (0,0) size 94x0
              RenderBlock (anonymous) at (1,81) size 94x0
                RenderInline {FONT} at (0,0) size 0x0 [color=#CC3333]
