layer at (0,0) size 800x632
  RenderView at (0,0) size 800x600
layer at (0,0) size 800x632
  RenderBlock {HTML} at (0,0) size 800x632
    RenderBody {BODY} at (8,8) size 784x616
      RenderTable {TABLE} at (0,0) size 332x46 [border: (1px outset #808080)]
        RenderTableCol {COLGROUP} at (0,0) size 0x0
          RenderTableCol {COL} at (0,0) size 0x0
          RenderTableCol {COL} at (0,0) size 0x0
        RenderTableSection {TBODY} at (1,1) size 330x44
          RenderTableRow {TR} at (0,10) size 330x24
            RenderTableCell {TD} at (10,10) size 100x24 [border: (1px inset #808080)] [r=0 c=0 rs=1 cs=1]
              RenderText {#text} at (2,2) size 22x19
                text run at (2,2) width 22: "foo"
            RenderTableCell {TD} at (120,10) size 200x24 [border: (1px inset #808080)] [r=0 c=1 rs=1 cs=1]
              RenderText {#text} at (2,2) size 21x19
                text run at (2,2) width 21: "bar"
      RenderBlock (anonymous) at (0,46) size 784x20
        RenderBR {BR} at (0,0) size 0x19
      RenderTable {TABLE} at (0,66) size 400x26 [border: (1px outset #808080)]
        RenderTableCol {COLGROUP} at (0,0) size 0x0
          RenderTableCol {COL} at (0,0) size 0x0
          RenderTableCol {COL} at (0,0) size 0x0
        RenderTableSection {TBODY} at (1,1) size 398x24
          RenderTableRow {TR} at (0,0) size 398x24
            RenderTableCell {TD} at (0,0) size 133x24 [border: (1px inset #808080)] [r=0 c=0 rs=1 cs=1]
              RenderText {#text} at (2,2) size 22x19
                text run at (2,2) width 22: "foo"
            RenderTableCell {TD} at (132,0) size 266x24 [border: (1px inset #808080)] [r=0 c=1 rs=1 cs=1]
              RenderText {#text} at (2,2) size 21x19
                text run at (2,2) width 21: "bar"
      RenderBlock (anonymous) at (0,92) size 784x20
        RenderBR {BR} at (0,0) size 0x19
      RenderTable {TABLE} at (0,112) size 302x26 [border: (1px outset #808080)]
        RenderTableCol {COLGROUP} at (0,0) size 0x0
          RenderTableCol {COL} at (0,0) size 0x0
          RenderTableCol {COL} at (0,0) size 0x0
        RenderTableSection {TBODY} at (1,1) size 300x24
          RenderTableRow {TR} at (0,0) size 300x24
            RenderTableCell {TD} at (0,0) size 100x24 [border: (1px inset #808080)] [r=0 c=0 rs=1 cs=1]
              RenderText {#text} at (2,2) size 22x19
                text run at (2,2) width 22: "foo"
            RenderTableCell {TD} at (100,0) size 200x24 [border: (1px inset #808080)] [r=0 c=1 rs=1 cs=1]
              RenderText {#text} at (2,2) size 21x19
                text run at (2,2) width 21: "bar"
      RenderBlock (anonymous) at (0,138) size 784x20
        RenderBR {BR} at (0,0) size 0x19
      RenderTable {TABLE} at (0,158) size 336x46 [border: (1px outset #808080)]
        RenderTableCol {COLGROUP} at (0,0) size 0x0
          RenderTableCol {COL} at (0,0) size 0x0
        RenderTableSection {TBODY} at (1,1) size 334x44
          RenderTableRow {TR} at (0,10) size 334x24
            RenderTableCell {TD} at (10,10) size 100x24 [border: (1px inset #808080)] [r=0 c=0 rs=1 cs=1]
              RenderText {#text} at (2,2) size 22x19
                text run at (2,2) width 22: "foo"
            RenderTableCell {TD} at (120,10) size 204x24 [border: (1px inset #808080)] [r=0 c=1 rs=1 cs=1]
              RenderText {#text} at (2,2) size 21x19
                text run at (2,2) width 21: "bar"
      RenderBlock (anonymous) at (0,204) size 784x20
        RenderBR {BR} at (0,0) size 0x19
      RenderTable {TABLE} at (0,224) size 313x28 [border: (1px outset #808080)]
        RenderTableSection {TBODY} at (1,1) size 311x26
          RenderTableRow {TR} at (0,1) size 311x24
            RenderTableCell {TD} at (1,1) size 104x24 [border: (1px inset #808080)] [r=0 c=0 rs=1 cs=1]
              RenderText {#text} at (2,2) size 22x19
                text run at (2,2) width 22: "foo"
            RenderTableCell {TD} at (106,1) size 204x24 [border: (1px inset #808080)] [r=0 c=1 rs=1 cs=1]
              RenderText {#text} at (2,2) size 21x19
                text run at (2,2) width 21: "bar"
      RenderBlock (anonymous) at (0,252) size 784x20
        RenderBR {BR} at (0,0) size 0x19
      RenderTable {TABLE} at (0,272) size 784x110 [border: (1px outset #808080)]
        RenderTableSection {TBODY} at (1,1) size 782x108
          RenderTableRow {TR} at (0,20) size 782x24
            RenderTableCell {TD} at (20,20) size 301x24 [border: (1px inset #808080)] [r=0 c=0 rs=1 cs=2]
              RenderText {#text} at (2,2) size 22x19
                text run at (2,2) width 22: "foo"
            RenderTableCell {TD} at (340,20) size 422x24 [border: (1px inset #808080)] [r=0 c=2 rs=1 cs=1]
              RenderText {#text} at (2,2) size 21x19
                text run at (2,2) width 21: "bar"
          RenderTableRow {TR} at (0,64) size 782x24
            RenderTableCell {TD} at (20,64) size 141x24 [border: (1px inset #808080)] [r=1 c=0 rs=1 cs=1]
              RenderText {#text} at (2,2) size 22x19
                text run at (2,2) width 22: "foo"
            RenderTableCell {TD} at (180,64) size 141x24 [border: (1px inset #808080)] [r=1 c=1 rs=1 cs=1]
              RenderText {#text} at (2,2) size 21x19
                text run at (2,2) width 21: "bar"
            RenderTableCell {TD} at (340,64) size 422x24 [border: (1px inset #808080)] [r=1 c=2 rs=1 cs=1]
              RenderText {#text} at (2,2) size 21x19
                text run at (2,2) width 21: "bar"
      RenderBlock (anonymous) at (0,382) size 784x20
        RenderBR {BR} at (0,0) size 0x19
      RenderTable {TABLE} at (0,402) size 784x102 [border: (1px outset #808080)]
        RenderTableCol {COLGROUP} at (0,0) size 0x0
          RenderTableCol {COL} at (0,0) size 0x0
          RenderTableCol {COL} at (0,0) size 0x0
        RenderTableSection {TBODY} at (1,1) size 782x100
          RenderTableRow {TR} at (0,10) size 782x80
            RenderTableCell {TD} at (10,10) size 301x80 [border: (10px solid #000000)] [r=0 c=0 rs=1 cs=1]
              RenderText {#text} at (30,30) size 22x19
                text run at (30,30) width 22: "foo"
            RenderTableCell {TD} at (320,19) size 452x62 [border: (1px inset #808080)] [r=0 c=1 rs=1 cs=1]
              RenderText {#text} at (21,21) size 21x19
                text run at (21,21) width 21: "bar"
      RenderBlock (anonymous) at (0,504) size 784x20
        RenderBR {BR} at (0,0) size 0x19
      RenderTable {TABLE} at (0,524) size 100x46 [border: (1px outset #808080)]
        RenderTableCol {COLGROUP} at (0,0) size 0x0
          RenderTableCol {COL} at (0,0) size 0x0
          RenderTableCol {COL} at (0,0) size 0x0
        RenderTableSection {TBODY} at (1,1) size 98x44
          RenderTableRow {TR} at (0,10) size 98x24
            RenderTableCell {TD} at (10,10) size 14x24 [border: (1px inset #808080)] [r=0 c=0 rs=1 cs=1]
              RenderText {#text} at (2,2) size 22x19
                text run at (2,2) width 22: "foo"
            RenderTableCell {TD} at (33,10) size 21x24 [border: (1px inset #808080)] [r=0 c=1 rs=1 cs=1]
              RenderText {#text} at (2,2) size 22x19
                text run at (2,2) width 22: "foo"
            RenderTableCell {TD} at (64,10) size 24x24 [border: (1px inset #808080)] [r=0 c=2 rs=1 cs=1]
              RenderText {#text} at (2,2) size 22x19
                text run at (2,2) width 22: "foo"
      RenderBlock (anonymous) at (0,570) size 784x20
        RenderBR {BR} at (0,0) size 0x19
      RenderTable {TABLE} at (0,590) size 302x26 [border: (1px outset #808080)]
        RenderTableCol {COLGROUP} at (0,0) size 0x0
          RenderTableCol {COL} at (0,0) size 0x0
          RenderTableCol {COL} at (0,0) size 0x0
        RenderTableSection {TBODY} at (1,1) size 300x24
          RenderTableRow {TR} at (0,0) size 300x24
            RenderTableCell {TD} at (0,0) size 100x24 [border: (1px inset #808080)] [r=0 c=0 rs=1 cs=1]
              RenderText {#text} at (2,2) size 22x19
                text run at (2,2) width 22: "foo"
            RenderTableCell {TD} at (100,0) size 200x24 [border: (1px inset #808080)] [r=0 c=1 rs=1 cs=1]
              RenderText {#text} at (2,2) size 21x19
                text run at (2,2) width 21: "bar"
