layer at (0,0) size 800x600
  RenderView at (0,0) size 800x600
layer at (0,0) size 800x600
  RenderBlock {HTML} at (0,0) size 800x600
    RenderBody {BODY} at (8,8) size 784x584
      RenderBlock {DIV} at (0,0) size 784x24 [border: (2px solid #FF0000)]
        RenderInline {A} at (0,0) size 27x19 [color=#008000]
          RenderText {#text} at (2,2) size 27x19
            text run at (2,2) width 27: "First"
        RenderInline {A} at (0,0) size 46x19 [color=#008000]
          RenderText {#text} at (29,2) size 46x19
            text run at (29,2) width 46: "Second"
        RenderInline {A} at (0,0) size 32x19 [color=#008000]
          RenderText {#text} at (75,2) size 32x19
            text run at (75,2) width 32: "Third"
