layer at (0,0) size 800x600
  RenderView at (0,0) size 800x600
layer at (0,0) size 800x600
  RenderBlock {HTML} at (0,0) size 800x600
    RenderBody {BODY} at (8,8) size 784x584
      RenderBlock {DIV} at (0,0) size 204x40 [border: (2px solid #FF0000)]
        RenderText {#text} at (2,2) size 184x36
          text run at (2,2) width 162: "This is some text. What is"
          text run at (2,20) width 184: "going on here. Does it work?"
