layer at (0,0) size 800x600
  RenderView at (0,0) size 800x600
layer at (0,0) size 800x132
  RenderBlock {HTML} at (0,0) size 800x132
    RenderBody {BODY} at (8,16) size 784x108
      RenderBlock {P} at (0,0) size 784x18
        RenderText {#text} at (0,0) size 462x18
          text run at (0,0) width 462: "The following two vertical bars should be at the same horizontal position."
      RenderBlock {DIV} at (0,34) size 96x37
        RenderBlock {DIV} at (64,0) size 0x37
          RenderInline {SPAN} at (0,0) size 6x37
            RenderText {#text} at (0,0) size 6x37
              text run at (0,0) width 6: "|"
      RenderBlock {DIV} at (0,71) size 784x37
        RenderInline {SPAN} at (0,0) size 6x37
          RenderText {#text} at (64,0) size 6x37
            text run at (64,0) width 6: "|"
