layer at (0,0) size 800x600
  RenderView at (0,0) size 800x600
layer at (0,0) size 800x90
  RenderBlock {HTML} at (0,0) size 800x90
    RenderBody {BODY} at (8,16) size 784x66
      RenderBlock {P} at (0,0) size 784x18
        RenderText {#text} at (0,0) size 544x18
          text run at (0,0) width 544: "The following two DIVs should be the same width (resulting in a single 5 by 2 block)."
      RenderBlock {DIV} at (0,34) size 80x16 [bgcolor=#000080]
        RenderBlock {DIV} at (0,0) size 80x16
      RenderBlock {DIV} at (0,50) size 80x16 [bgcolor=#000080]
