layer at (0,0) size 800x600
  RenderView at (0,0) size 800x600
layer at (0,0) size 800x136
  RenderBlock {HTML} at (0,0) size 800x136
    RenderBody {BODY} at (8,8) size 784x120
      RenderBlock {DIV} at (0,0) size 784x96 [border: (3px solid #FFFF00)]
        RenderBlock (anonymous) at (3,3) size 778x18
          RenderText {#text} at (0,0) size 47x18
            text run at (0,0) width 47: "Yellow"
        RenderBlock {DIV} at (3,21) size 778x72 [border: (3px solid #0000FF)]
          RenderBlock (anonymous) at (3,3) size 772x18
            RenderText {#text} at (0,0) size 30x18
              text run at (0,0) width 30: "Blue"
          RenderBlock {DIV} at (3,21) size 772x24 [border: (3px solid #008000)]
            RenderText {#text} at (3,3) size 39x18
              text run at (3,3) width 39: "Green"
          RenderBlock {DIV} at (3,45) size 772x24 [border: (3px solid #FF0000)]
            RenderText {#text} at (3,3) size 26x18
              text run at (3,3) width 26: "Red"
      RenderBlock {DIV} at (0,96) size 784x24 [border: (3px solid #000080)]
        RenderBlock {DIV} at (3,3) size 778x18
          RenderText {#text} at (0,0) size 35x18
            text run at (0,0) width 35: "Navy"
