layer at (0,0) size 800x600
  RenderView at (0,0) size 800x600
layer at (0,0) size 800x258
  RenderBlock {HTML} at (0,0) size 800x258
    RenderBody {BODY} at (8,16) size 784x234
      RenderBlock {P} at (0,0) size 784x18
        RenderText {#text} at (0,0) size 303x18
          text run at (0,0) width 303: "There must be a green square below and no red."
layer at (8,50) size 784x200
  RenderBlock (relative positioned) {DIV} at (0,34) size 784x200
    RenderBlock (anonymous) at (0,0) size 784x18
      RenderText {#text} at (100,0) size 4x18
        text run at (100,0) width 4: " "
    RenderBlock {DIV} at (0,18) size 784x0
layer at (8,50) size 100x100
  RenderBlock (positioned) {DIV} at (0,0) size 100x100 [bgcolor=#FF0000]
layer at (8,50) size 100x100
  RenderBlock (floating) {DIV} at (0,0) size 100x100 [bgcolor=#008000]
