layer at (0,0) size 800x585
  RenderView at (0,0) size 800x585
layer at (0,0) size 800x222
  RenderBlock {HTML} at (0,0) size 800x222
    RenderBody {BODY} at (8,16) size 784x198
      RenderBlock {P} at (0,0) size 784x54
        RenderText {#text} at (0,0) size 253x18
          text run at (0,0) width 253: "This test checks for a regression against "
        RenderInline {I} at (0,0) size 726x36
          RenderInline {A} at (0,0) size 307x18 [color=#0000EE]
            RenderText {#text} at (253,0) size 307x18
              text run at (253,0) width 307: "https://bugs.webkit.org/show_bug.cgi?id=24118"
          RenderText {#text} at (560,0) size 726x36
            text run at (560,0) width 166: " RTL: Truncation behaves"
            text run at (0,18) width 183: "differently than IE/FF/Opera"
        RenderText {#text} at (183,18) size 4x18
          text run at (183,18) width 4: "."
        RenderBR {BR} at (187,18) size 0x18
        RenderText {#text} at (0,36) size 415x18
          text run at (0,36) width 415: "This test passes if the red block below is truncated on the left side."
      RenderBlock {DIV} at (-218,70) size 1002x128 [border: (1px solid #FF0000)]
        RenderText {#text} at (12,1) size 999x126
          text run at (12,1) width 989: "Lorem ipsum dolor sit amet, consectetur adipiscing elit. Nunc et nisl tellus. Vivamus aliquam elit non arcu scelerisque eget dapibus nunc vulputate. Maecenas"
          text run at (22,19) width 979: "scelerisque egestas purus, id bibendum magna venenatis vel. Vestibulum bibendum volutpat aliquam. Cum sociis natoque penatibus et magnis dis parturient"
          text run at (2,37) width 999: "montes, nascetur ridiculus mus. Vestibulum eget risus sodales mi tristique dignissim et sed lectus. Cras convallis, nibh ut dapibus gravida, enim mauris molestie"
          text run at (32,55) width 969: "elit, eget fringilla augue est nec est. Curabitur eu quam non purus sodales pulvinar. Donec ultrices dui eget dolor lobortis in porta quam rutrum. Nulla risus"
          text run at (7,73) width 994: "lacus, adipiscing quis ullamcorper vestibulum, condimentum sed lacus. Sed in nunc dolor, quis egestas turpis. Integer arcu tellus, posuere sit amet pellentesque"
          text run at (51,91) width 950: "a, molestie at mi. Nulla blandit, mi et euismod imperdiet, augue arcu ornare felis, nec viverra lacus ligula ut metus. Proin ut leo ante, at consectetur sem."
          text run at (617,109) width 4 RTL: "."
          text run at (621,109) width 380: "Nullam non nunc ligula. Proin sed ante sem, id rutrum purus"
