layer at (0,0) size 800x600
  RenderView at (0,0) size 800x600
layer at (0,0) size 800x600
  RenderBlock {HTML} at (0,0) size 800x600
    RenderBody {BODY} at (8,8) size 784x584
      RenderTable {TABLE} at (0,0) size 784x100
        RenderTableSection {TBODY} at (0,0) size 784x100
          RenderTableRow {TR} at (0,0) size 784x100
            RenderTableCell {TD} at (0,41) size 47x18 [r=0 c=0 rs=1 cs=1]
              RenderText {#text} at (0,0) size 12x18
                text run at (0,0) width 12: "A"
            RenderTableCell {TD} at (46,41) size 692x18 [r=0 c=1 rs=1 cs=1]
              RenderText {#text} at (0,0) size 11x18
                text run at (0,0) width 11: "B"
            RenderTableCell {TD} at (737,41) size 48x18 [r=0 c=2 rs=1 cs=1]
              RenderText {#text} at (0,0) size 11x18
                text run at (0,0) width 11: "C"
