layer at (0,0) size 800x600
  RenderView at (0,0) size 800x600
layer at (0,0) size 800x600
  RenderBlock {HTML} at (0,0) size 800x600
    RenderBody {BODY} at (8,8) size 784x584
      RenderTable {TABLE} at (714,0) size 70x30
        RenderTableSection {TBODY} at (0,0) size 70x30
          RenderTableRow {TR} at (0,2) size 70x26
            RenderTableCell {TD} at (2,2) size 66x26 [r=0 c=0 rs=1 cs=1]
              RenderBlock (floating) {DIV} at (1,1) size 64x24
                RenderTable {TABLE} at (0,0) size 64x24
                  RenderTableSection {TBODY} at (0,0) size 64x24
                    RenderTableRow {TR} at (0,2) size 64x20
                      RenderTableCell {TD} at (2,2) size 10x20 [r=0 c=0 rs=1 cs=1]
                        RenderText {#text} at (1,1) size 8x18
                          text run at (1,1) width 8: "a"
                      RenderTableCell {TD} at (13,2) size 38x20 [r=0 c=1 rs=1 cs=1]
                        RenderText {#text} at (1,1) size 36x18
                          text run at (1,1) width 36: "Hello"
                      RenderTableCell {TD} at (52,2) size 10x20 [r=0 c=2 rs=1 cs=1]
                        RenderText {#text} at (1,1) size 8x18
                          text run at (1,1) width 8: "c"
