layer at (0,0) size 802x585
  RenderView at (0,0) size 800x585
layer at (0,0) size 800x585
  RenderBlock {HTML} at (0,0) size 800x585
    RenderBody {BODY} at (8,8) size 784x569
      RenderTable {TABLE} at (0,0) size 794x338
        RenderTableSection {TBODY} at (0,0) size 794x338
          RenderTableRow {TR} at (0,0) size 794x26
            RenderTableCell {TD} at (0,0) size 794x26 [border: (1px solid #008000)] [r=0 c=0 rs=1 cs=3]
              RenderText {#text} at (4,4) size 239x18
                text run at (4,4) width 145: "   Join Now   Sign In   "
                text run at (148,4) width 95: "   Personalize: "
              RenderInline {A} at (0,0) size 53x18
                RenderText {#text} at (242,4) size 53x18
                  text run at (242,4) width 53: "Settings"
              RenderText {#text} at (294,4) size 14x18
                text run at (294,4) width 14: " \x{2022} "
              RenderInline {A} at (0,0) size 52x18
                RenderText {#text} at (307,4) size 52x18
                  text run at (307,4) width 52: "Content"
              RenderText {#text} at (358,4) size 15x18
                text run at (358,4) width 15: " \x{2022} "
              RenderInline {A} at (0,0) size 46x18
                RenderText {#text} at (372,4) size 46x18
                  text run at (372,4) width 46: "Layout"
              RenderText {#text} at (417,4) size 14x18
                text run at (417,4) width 14: " \x{2022} "
              RenderInline {A} at (0,0) size 114x18
                RenderText {#text} at (431,4) size 114x18
                  text run at (431,4) width 114: "Colors & Themes"
              RenderText {#text} at (544,4) size 15x18
                text run at (544,4) width 15: " \x{2022} "
              RenderInline {A} at (0,0) size 48x18
                RenderText {#text} at (558,4) size 48x18
                  text run at (558,4) width 48: "Sign In"
              RenderText {#text} at (605,4) size 185x18
                text run at (605,4) width 9: "  "
                text run at (613,4) width 92: "   My Links:   "
                text run at (704,4) width 86: "  Lite \x{2022} Email"
          RenderTableRow {TR} at (0,26) size 794x312
            RenderTableCell {TD} at (0,178) size 223x8 [border: (1px solid #008000)] [r=1 c=0 rs=1 cs=1]
            RenderTableCell {TD} at (222,26) size 350x312 [border: (1px solid #008000)] [r=1 c=1 rs=1 cs=1]
              RenderTable {TABLE} at (4,4) size 342x304
                RenderTableSection {TBODY} at (0,0) size 342x304
                  RenderTableRow {TR} at (0,2) size 342x300
                    RenderTableCell {TD} at (2,2) size 338x300 [border: (1px solid #008000)] [r=0 c=0 rs=1 cs=1]
                      RenderTable {TABLE} at (2,2) size 334x296
                        RenderTableSection {TBODY} at (0,0) size 334x296
                          RenderTableRow {TR} at (0,2) size 334x292
                            RenderTableCell {TD} at (2,146) size 127x4 [border: (1px solid #008000)] [r=0 c=0 rs=1 cs=1]
                            RenderTableCell {TD} at (130,2) size 73x292 [border: (1px solid #008000)] [r=0 c=1 rs=1 cs=1]
                              RenderText {#text} at (2,2) size 68x288
                                text run at (2,2) width 57: "This guy"
                                text run at (2,20) width 43: "should"
                                text run at (2,38) width 54: "have the"
                                text run at (2,56) width 61: "really big"
                                text run at (2,74) width 68: "maxwidth."
                                text run at (2,92) width 14: "It "
                                text run at (15,92) width 44: "should"
                                text run at (2,110) width 40: "be big"
                                text run at (2,128) width 64: "enough to"
                                text run at (2,146) width 37: "really"
                                text run at (2,164) width 37: "really"
                                text run at (2,182) width 38: "screw"
                                text run at (2,200) width 64: "things up."
                                text run at (2,218) width 44: "That is"
                                text run at (2,236) width 41: "what I"
                                text run at (2,254) width 62: "think will"
                                text run at (2,272) width 37: "work."
                            RenderTableCell {TD} at (204,146) size 128x4 [border: (1px solid #008000)] [r=0 c=2 rs=1 cs=1]
            RenderTableCell {TD} at (571,169) size 223x26 [border: (1px solid #008000)] [r=1 c=2 rs=1 cs=1]
              RenderImage {IMG} at (4,4) size 212x18
              RenderText {#text} at (0,0) size 0x0
