layer at (0,0) size 800x600
  RenderView at (0,0) size 800x600
layer at (686,0) size 114x600
  RenderBlock {HTML} at (0,0) size 114x600
    RenderBody {BODY} at (8,8) size 98x584
      RenderBlock (anonymous) at (0,0) size 18x584
        RenderText {#text} at (0,0) size 18x411
          text run at (0,0) width 411: "This test should have two centered tables and two centered divs."
      RenderTable {TABLE} at (18,197) size 22x190 [border: (1px outset #808080)]
        RenderTableSection {TBODY} at (1,1) size 20x188
          RenderTableRow {TR} at (0,0) size 20x188
            RenderTableCell {TD} at (0,0) size 20x188 [border: (1px inset #808080)] [r=0 c=0 rs=1 cs=1]
              RenderText {#text} at (1,1) size 18x186
                text run at (1,1) width 186: "This table is aligned \"center\""
      RenderTable {TABLE} at (40,185) size 22x214 [border: (1px outset #808080)]
        RenderTableSection {TBODY} at (1,1) size 20x211
          RenderTableRow {TR} at (0,0) size 20x211
            RenderTableCell {TD} at (0,0) size 20x211 [border: (1px inset #808080)] [r=0 c=0 rs=1 cs=1]
              RenderText {#text} at (1,1) size 18x209
                text run at (1,1) width 209: "This table is aligned \"CENTER\""
      RenderBlock {DIV} at (62,0) size 18x584
        RenderText {#text} at (0,204) size 18x176
          text run at (0,204) width 175: "This div is aligned \"center\""
      RenderBlock {DIV} at (80,0) size 18x584
        RenderText {#text} at (0,193) size 18x198
          text run at (0,193) width 198: "This div is aligned \"CENTER\""
