layer at (0,0) size 785x636
  RenderView at (0,0) size 785x600
layer at (0,0) size 785x636
  RenderBlock {HTML} at (0,0) size 785x636
    RenderBody {BODY} at (8,8) size 769x620
      RenderBlock (anonymous) at (0,0) size 769x36
        RenderText {#text} at (0,0) size 768x36
          text run at (0,0) width 278: "The two rows below should look identical. "
          text run at (277,0) width 491: "In both, the spanning cells in columns 2-3 should consume as much width as"
          text run at (0,18) width 258: "possible, while column 1 should be tiny."
      RenderTable {TABLE} at (0,36) size 54x584 [border: (2px outset #808080)]
        RenderTableSection {TBODY} at (2,2) size 50x580
          RenderTableRow {TR} at (0,2) size 22x580
            RenderTableCell {TD} at (2,2) size 22x12 [border: (1px inset #808080)] [r=0 c=0 rs=1 cs=1]
              RenderText {#text} at (2,2) size 18x8
                text run at (2,2) width 8: "1"
            RenderTableCell {TD} at (2,16) size 22x562 [border: (1px inset #808080)] [r=0 c=1 rs=1 cs=2]
              RenderText {#text} at (2,2) size 18x22
                text run at (2,2) width 22: "2-3"
          RenderTableRow {TR} at (0,26) size 22x580
            RenderTableCell {TD} at (26,2) size 22x12 [border: (1px inset #808080)] [r=1 c=0 rs=1 cs=1]
              RenderText {#text} at (2,2) size 18x8
                text run at (2,2) width 8: "1"
            RenderTableCell {TD} at (26,16) size 22x562 [border: (1px inset #808080)] [r=1 c=1 rs=1 cs=2]
              RenderText {#text} at (2,2) size 18x22
                text run at (2,2) width 22: "2-3"
