layer at (0,0) size 800x600
  RenderView at (0,0) size 800x600
layer at (0,0) size 800x600
  RenderBlock {HTML} at (0,0) size 800x600
    RenderBody {BODY} at (8,8) size 784x576
      RenderTable {TABLE} at (0,0) size 182x49 [border: (1px outset #808080)]
        RenderTableSection {TBODY} at (1,1) size 180x47
          RenderTableRow {TR} at (0,1) size 180x22
            RenderTableCell {TH} at (1,1) size 35x22 [border: (1px inset #808080)] [r=0 c=0 rs=1 cs=1]
              RenderText {#text} at (2,2) size 31x18
                text run at (2,2) width 31: "(1,1)"
            RenderTableCell {TH} at (36,1) size 36x22 [border: (1px inset #808080)] [r=0 c=1 rs=1 cs=1]
              RenderText {#text} at (2,2) size 31x18
                text run at (2,2) width 31: "(1,2)"
            RenderTableCell {TH} at (72,1) size 35x22 [border: (1px inset #808080)] [r=0 c=2 rs=1 cs=1]
              RenderText {#text} at (2,2) size 31x18
                text run at (2,2) width 31: "(1,3)"
            RenderTableCell {TH} at (107,1) size 36x22 [border: (1px inset #808080)] [r=0 c=3 rs=1 cs=1]
              RenderText {#text} at (2,2) size 31x18
                text run at (2,2) width 31: "(1,4)"
            RenderTableCell {TH} at (143,1) size 36x22 [border: (1px inset #808080)] [r=0 c=4 rs=1 cs=1]
              RenderText {#text} at (2,2) size 31x18
                text run at (2,2) width 31: "(1,5)"
          RenderTableRow {TR} at (0,24) size 180x22
            RenderTableCell {TD} at (1,24) size 35x22 [border: (1px inset #808080)] [r=1 c=0 rs=1 cs=1]
              RenderText {#text} at (2,2) size 31x18
                text run at (2,2) width 31: "(2,1)"
            RenderTableCell {TD} at (36,24) size 36x22 [border: (1px inset #808080)] [r=1 c=1 rs=1 cs=1]
              RenderText {#text} at (2,2) size 31x18
                text run at (2,2) width 31: "(2,2)"
            RenderTableCell {TD} at (72,24) size 35x22 [border: (1px inset #808080)] [r=1 c=2 rs=1 cs=1]
              RenderText {#text} at (2,2) size 31x18
                text run at (2,2) width 31: "(2,3)"
            RenderTableCell {TD} at (107,24) size 36x22 [border: (1px inset #808080)] [r=1 c=3 rs=1 cs=1]
              RenderText {#text} at (2,2) size 31x18
                text run at (2,2) width 31: "(2,4)"
            RenderTableCell {TD} at (143,24) size 36x22 [border: (1px inset #808080)] [r=1 c=4 rs=1 cs=1]
              RenderText {#text} at (2,2) size 31x18
                text run at (2,2) width 31: "(2,5)"
      RenderBlock {P} at (0,65) size 784x36
        RenderInline {B} at (0,0) size 49x18
          RenderText {#text} at (0,0) size 49x18
            text run at (0,0) width 49: "Row 0:"
        RenderText {#text} at (48,0) size 174x18
          text run at (48,0) width 174: " (1,1)\x{9}(1,2)\x{9}(1,3)\x{9}(1,4)\x{9}(1,5)"
        RenderBR {BR} at (221,0) size 1x18
        RenderInline {B} at (0,0) size 49x18
          RenderText {#text} at (0,18) size 49x18
            text run at (0,18) width 49: "Row 1:"
        RenderText {#text} at (48,18) size 174x18
          text run at (48,18) width 174: " (2,1)\x{9}(2,2)\x{9}(2,3)\x{9}(2,4)\x{9}(2,5)"
        RenderBR {BR} at (221,18) size 1x18
