layer at (0,0) size 800x600
  RenderView at (0,0) size 800x600
layer at (0,0) size 800x600
  RenderBlock {HTML} at (0,0) size 800x600
    RenderBody {BODY} at (8,8) size 784x584
      RenderBlock {P} at (0,0) size 784x18
        RenderText {#text} at (0,0) size 307x18
          text run at (0,0) width 307: "Both rows should have the same width (725px)."
      RenderTable {TABLE} at (0,34) size 725x36
        RenderTableSection {TBODY} at (0,0) size 725x36
          RenderTableRow {TR} at (0,0) size 725x18
            RenderTableCell {TD} at (0,0) size 182x18 [bgcolor=#7CFC00] [r=0 c=0 rs=1 cs=1]
              RenderText {#text} at (0,0) size 24x18
                text run at (0,0) width 24: "cell"
            RenderTableCell {TD} at (181,0) size 182x18 [bgcolor=#00FFFF] [r=0 c=1 rs=1 cs=1]
              RenderText {#text} at (0,0) size 24x18
                text run at (0,0) width 24: "cell"
            RenderTableCell {TD} at (362,0) size 182x18 [bgcolor=#FFFF00] [r=0 c=2 rs=1 cs=1]
              RenderText {#text} at (0,0) size 24x18
                text run at (0,0) width 24: "cell"
            RenderTableCell {TD} at (543,0) size 182x18 [bgcolor=#FFA500] [r=0 c=3 rs=1 cs=1]
              RenderText {#text} at (0,0) size 24x18
                text run at (0,0) width 24: "cell"
          RenderTableRow {TR} at (0,18) size 725x18
            RenderTableCell {TD} at (0,18) size 182x18 [r=1 c=0 rs=1 cs=1]
              RenderText {#text} at (0,0) size 4x18
                text run at (0,0) width 4: " "
            RenderTableCell {TD} at (181,18) size 182x18 [r=1 c=1 rs=1 cs=1]
              RenderText {#text} at (0,0) size 4x18
                text run at (0,0) width 4: " "
            RenderTableCell {TD} at (362,18) size 182x18 [r=1 c=2 rs=1 cs=1]
              RenderText {#text} at (0,0) size 4x18
                text run at (0,0) width 4: " "
            RenderTableCell {TD} at (543,18) size 182x18 [r=1 c=3 rs=1 cs=1]
              RenderText {#text} at (0,0) size 4x18
                text run at (0,0) width 4: " "
      RenderTable {TABLE} at (0,70) size 725x18
        RenderTableSection {TBODY} at (0,0) size 725x18
          RenderTableRow {TR} at (0,0) size 725x18
            RenderTableCell {TD} at (0,0) size 182x18 [bgcolor=#7CFC00] [r=0 c=0 rs=1 cs=1]
              RenderText {#text} at (0,0) size 8x18
                text run at (0,0) width 8: "1"
            RenderTableCell {TD} at (181,0) size 182x18 [bgcolor=#00FFFF] [r=0 c=1 rs=1 cs=1]
              RenderText {#text} at (0,0) size 8x18
                text run at (0,0) width 8: "2"
            RenderTableCell {TD} at (362,0) size 182x18 [bgcolor=#FFFF00] [r=0 c=2 rs=1 cs=1]
              RenderText {#text} at (0,0) size 8x18
                text run at (0,0) width 8: "3"
            RenderTableCell {TD} at (543,0) size 182x18 [bgcolor=#FFA500] [r=0 c=3 rs=1 cs=1]
              RenderText {#text} at (0,0) size 8x18
                text run at (0,0) width 8: "4"
