layer at (0,0) size 800x600
  RenderView at (0,0) size 800x600
layer at (0,0) size 800x156
  RenderBlock {HTML} at (0,0) size 800x156
    RenderBody {BODY} at (8,16) size 784x124
      RenderTable {TABLE} at (16,0) size 86x60 [border: (3px solid #FF0000)]
        RenderTableSection {TBODY} at (3,3) size 80x54
          RenderTableRow {TR} at (0,2) size 80x50
            RenderTableCell {TD} at (2,2) size 76x50 [r=0 c=0 rs=1 cs=1]
              RenderTable {TABLE} at (1,1) size 72x24 [color=#FFFFFF] [bgcolor=#800080]
                RenderTableSection {TBODY} at (0,0) size 72x24
                  RenderTableRow {TR} at (0,2) size 72x20
                    RenderTableCell {TD} at (2,2) size 68x20 [r=0 c=0 rs=1 cs=1]
                      RenderText {#text} at (1,1) size 66x18
                        text run at (1,1) width 66: "Table One"
              RenderTable {TABLE} at (1,25) size 74x24 [color=#FFFFFF] [bgcolor=#800080]
                RenderTableSection {TBODY} at (0,0) size 74x24
                  RenderTableRow {TR} at (0,2) size 74x20
                    RenderTableCell {TD} at (2,2) size 70x20 [r=0 c=0 rs=1 cs=1]
                      RenderText {#text} at (1,1) size 68x18
                        text run at (1,1) width 68: "Table Two"
      RenderTable {TABLE} at (16,76) size 69x48 [border: (3px solid #FF0000)]
        RenderTableSection {TBODY} at (3,3) size 63x42
          RenderTableRow {TR} at (0,2) size 63x38
            RenderTableCell {TD} at (2,2) size 59x38 [r=0 c=0 rs=1 cs=1]
              RenderBlock {DIV} at (1,1) size 57x18 [color=#FFFFFF] [bgcolor=#800080]
                RenderText {#text} at (0,0) size 55x18
                  text run at (0,0) width 55: "Div One"
              RenderBlock {DIV} at (1,19) size 57x18 [color=#FFFFFF] [bgcolor=#800080]
                RenderText {#text} at (0,0) size 57x18
                  text run at (0,0) width 57: "Div Two"
