layer at (0,0) size 800x600
  RenderView at (0,0) size 800x600
layer at (0,0) size 800x600
  RenderBlock {HTML} at (0,0) size 800x600
    RenderBody {BODY} at (8,8) size 784x584
      RenderBlock {P} at (0,0) size 784x36
        RenderText {#text} at (0,0) size 177x18
          text run at (0,0) width 177: "This is a regression test for "
        RenderInline {I} at (0,0) size 754x36
          RenderInline {A} at (0,0) size 354x18 [color=#0000EE]
            RenderText {#text} at (176,0) size 354x18
              text run at (176,0) width 354: "http://bugzilla.opendarwin.org/show_bug.cgi?id=9879"
          RenderText {#text} at (529,0) size 754x36
            text run at (529,0) width 5: " "
            text run at (533,0) width 221: "REGRESSION: Repro crash when"
            text run at (0,18) width 270: "clicking to the side of an anonymous table"
        RenderText {#text} at (269,18) size 5x18
          text run at (269,18) width 5: "."
      RenderBlock {P} at (0,52) size 784x18
        RenderText {#text} at (0,0) size 624x18
          text run at (0,0) width 624: "If the browser does not crash as you click to the right of each of the lines below, it passes the test."
      RenderBlock {HR} at (0,86) size 784x2 [border: (1px inset #000000)]
      RenderBlock {DIV} at (0,96) size 784x72
        RenderTable at (0,0) size 182x72
          RenderTableSection (anonymous) at (0,18) size 182x36
            RenderTableRow {DIV} at (0,0) size 182x18
              RenderTableCell (anonymous) at (0,0) size 182x18 [r=0 c=0 rs=1 cs=1]
                RenderText {#text} at (0,0) size 182x18
                  text run at (0,0) width 182: "Click to the right of this text"
            RenderTableRow (anonymous) at (0,18) size 182x18
              RenderTableCell {DIV} at (0,18) size 182x18 [r=1 c=0 rs=1 cs=1]
                RenderText {#text} at (0,0) size 182x18
                  text run at (0,0) width 182: "Click to the right of this text"
          RenderBlock {DIV} at (0,0) size 182x18
            RenderText {#text} at (0,0) size 182x18
              text run at (0,0) width 182: "Click to the right of this text"
          RenderTableSection {DIV} at (0,54) size 182x18
            RenderTableRow (anonymous) at (0,0) size 182x18
              RenderTableCell (anonymous) at (0,0) size 182x18 [r=0 c=0 rs=1 cs=1]
                RenderText {#text} at (0,0) size 182x18
                  text run at (0,0) width 182: "Click to the right of this text"
caret: position 40 of child 0 {#text} of child 7 {DIV} of child 7 {DIV} of body
