layer at (0,0) size 800x600
  RenderView at (0,0) size 800x600
layer at (0,0) size 800x136
  RenderBlock {HTML} at (0,0) size 800x136
    RenderBody {BODY} at (8,8) size 784x120
      RenderTable {TABLE} at (0,0) size 275x60
        RenderBlock {CAPTION} at (0,0) size 275x36
          RenderText {#text} at (30,0) size 214x36
            text run at (30,0) width 214: "The next line should have yellow"
            text run at (97,18) width 80: "background."
        RenderTableCol {COLGROUP} at (0,0) size 0x0
          RenderTableCol {COL} at (0,0) size 0x0 [bgcolor=#FFFF00]
        RenderTableSection {TBODY} at (0,36) size 275x24
          RenderTableRow {TR} at (0,2) size 275x20
            RenderTableCell {TD} at (2,2) size 271x20 [r=0 c=0 rs=1 cs=1]
              RenderText {#text} at (1,1) size 269x18
                text run at (1,1) width 269: "This line should have yellow background."
      RenderTable {TABLE} at (0,60) size 275x60
        RenderBlock {CAPTION} at (0,0) size 275x36
          RenderText {#text} at (30,0) size 214x36
            text run at (30,0) width 214: "The next line should have yellow"
            text run at (97,18) width 80: "background."
        RenderTableCol {COLGROUP} at (0,0) size 0x0
          RenderTableCol {COL} at (0,0) size 0x0 [bgcolor=#FFFF00]
        RenderTableSection {TBODY} at (0,36) size 275x24
          RenderTableRow {TR} at (0,2) size 275x20
            RenderTableCell {TD} at (2,2) size 271x20 [r=0 c=0 rs=1 cs=1]
              RenderText {#text} at (1,1) size 269x18
                text run at (1,1) width 269: "This line should have yellow background."
