layer at (0,0) size 800x600
  RenderView at (0,0) size 800x600
layer at (0,0) size 800x600
  RenderBlock {HTML} at (0,0) size 800x600
    RenderBody {BODY} at (8,8) size 784x584
      RenderTable {TABLE} at (0,0) size 240x210 [border: none]
        RenderTableCol {COLGROUP} at (0,0) size 0x0 [border: none (1px solid #000000) none (1px solid #000000)]
        RenderTableCol {COLGROUP} at (0,0) size 0x0 [border: none (1px solid #000000) none (1px solid #000000)]
        RenderTableSection {TBODY} at (0,0) size 239x209 [border: (1px solid #808080) none (1px solid #808080) none]
          RenderTableRow {TR} at (0,0) size 239x27
            RenderTableCell {TH} at (0,0) size 83x27 [border: (1px none #000000)] [r=0 c=0 rs=1 cs=1]
              RenderText {#text} at (10,5) size 64x18
                text run at (10,5) width 64: "Weekday"
            RenderTableCell {TH} at (82,0) size 46x27 [border: (1px none #000000)] [r=0 c=1 rs=1 cs=1]
              RenderText {#text} at (7,5) size 33x18
                text run at (7,5) width 33: "Date"
            RenderTableCell {TH} at (127,0) size 72x27 [border: (1px none #000000)] [r=0 c=2 rs=1 cs=1]
              RenderText {#text} at (4,5) size 63x18
                text run at (4,5) width 63: "Manager"
            RenderTableCell {TH} at (198,0) size 41x27 [border: (1px none #000000)] [r=0 c=3 rs=1 cs=1]
              RenderText {#text} at (7,5) size 26x18
                text run at (7,5) width 26: "Qty"
          RenderTableRow {TR} at (0,27) size 239x26
            RenderTableCell {TD} at (0,27) size 83x26 [border: none] [r=1 c=0 rs=1 cs=1]
              RenderText {#text} at (5,4) size 54x18
                text run at (5,4) width 54: "Monday"
            RenderTableCell {TD} at (82,27) size 46x26 [border: none] [r=1 c=1 rs=1 cs=1]
              RenderText {#text} at (5,4) size 36x18
                text run at (5,4) width 36: "09/11"
            RenderTableCell {TD} at (127,27) size 72x26 [r=1 c=2 rs=1 cs=1]
              RenderText {#text} at (4,4) size 45x18
                text run at (4,4) width 45: "Kelsey"
            RenderTableCell {TD} at (198,27) size 41x26 [r=1 c=3 rs=1 cs=1]
              RenderText {#text} at (4,4) size 24x18
                text run at (4,4) width 24: "639"
          RenderTableRow {TR} at (0,53) size 239x26
            RenderTableCell {TD} at (0,53) size 83x26 [border: none] [r=2 c=0 rs=1 cs=1]
              RenderText {#text} at (5,4) size 54x18
                text run at (5,4) width 54: "Tuesday"
            RenderTableCell {TD} at (82,53) size 46x26 [border: none] [r=2 c=1 rs=1 cs=1]
              RenderText {#text} at (5,4) size 37x18
                text run at (5,4) width 37: "09/12"
            RenderTableCell {TD} at (127,53) size 72x26 [r=2 c=2 rs=1 cs=1]
              RenderText {#text} at (4,4) size 52x18
                text run at (4,4) width 52: "Lindsey"
            RenderTableCell {TD} at (198,53) size 41x26 [r=2 c=3 rs=1 cs=1]
              RenderText {#text} at (4,4) size 24x18
                text run at (4,4) width 24: "596"
          RenderTableRow {TR} at (0,79) size 239x26
            RenderTableCell {TD} at (0,79) size 83x26 [border: none] [r=3 c=0 rs=1 cs=1]
              RenderText {#text} at (5,4) size 74x18
                text run at (5,4) width 74: "Wednesday"
            RenderTableCell {TD} at (82,79) size 46x26 [border: none] [r=3 c=1 rs=1 cs=1]
              RenderText {#text} at (5,4) size 37x18
                text run at (5,4) width 37: "09/13"
            RenderTableCell {TD} at (127,79) size 72x26 [r=3 c=2 rs=1 cs=1]
              RenderText {#text} at (4,4) size 42x18
                text run at (4,4) width 42: "Randy"
            RenderTableCell {TD} at (198,79) size 41x26 [r=3 c=3 rs=1 cs=1]
              RenderText {#text} at (4,4) size 32x18
                text run at (4,4) width 32: "1135"
          RenderTableRow {TR} at (0,105) size 239x26
            RenderTableCell {TD} at (0,105) size 83x26 [border: none] [r=4 c=0 rs=1 cs=1]
              RenderText {#text} at (5,4) size 61x18
                text run at (5,4) width 61: "Thursday"
            RenderTableCell {TD} at (82,105) size 46x26 [border: none] [r=4 c=1 rs=1 cs=1]
              RenderText {#text} at (5,4) size 37x18
                text run at (5,4) width 37: "09/14"
            RenderTableCell {TD} at (127,105) size 72x26 [r=4 c=2 rs=1 cs=1]
              RenderText {#text} at (4,4) size 39x18
                text run at (4,4) width 39: "Susan"
            RenderTableCell {TD} at (198,105) size 41x26 [r=4 c=3 rs=1 cs=1]
              RenderText {#text} at (4,4) size 32x18
                text run at (4,4) width 32: "1002"
          RenderTableRow {TR} at (0,131) size 239x26
            RenderTableCell {TD} at (0,131) size 83x26 [border: none] [r=5 c=0 rs=1 cs=1]
              RenderText {#text} at (5,4) size 42x18
                text run at (5,4) width 42: "Friday"
            RenderTableCell {TD} at (82,131) size 46x26 [border: none] [r=5 c=1 rs=1 cs=1]
              RenderText {#text} at (5,4) size 37x18
                text run at (5,4) width 37: "09/15"
            RenderTableCell {TD} at (127,131) size 72x26 [r=5 c=2 rs=1 cs=1]
              RenderText {#text} at (4,4) size 42x18
                text run at (4,4) width 42: "Randy"
            RenderTableCell {TD} at (198,131) size 41x26 [r=5 c=3 rs=1 cs=1]
              RenderText {#text} at (4,4) size 24x18
                text run at (4,4) width 24: "908"
          RenderTableRow {TR} at (0,157) size 239x26
            RenderTableCell {TD} at (0,157) size 83x26 [border: none] [r=6 c=0 rs=1 cs=1]
              RenderText {#text} at (5,4) size 57x18
                text run at (5,4) width 57: "Saturday"
            RenderTableCell {TD} at (82,157) size 46x26 [border: none] [r=6 c=1 rs=1 cs=1]
              RenderText {#text} at (5,4) size 37x18
                text run at (5,4) width 37: "09/16"
            RenderTableCell {TD} at (127,157) size 72x26 [r=6 c=2 rs=1 cs=1]
              RenderText {#text} at (4,4) size 52x18
                text run at (4,4) width 52: "Lindsey"
            RenderTableCell {TD} at (198,157) size 41x26 [r=6 c=3 rs=1 cs=1]
              RenderText {#text} at (4,4) size 24x18
                text run at (4,4) width 24: "371"
          RenderTableRow {TR} at (0,183) size 239x26
            RenderTableCell {TD} at (0,183) size 83x26 [border: none] [r=7 c=0 rs=1 cs=1]
              RenderText {#text} at (5,4) size 48x18
                text run at (5,4) width 48: "Sunday"
            RenderTableCell {TD} at (82,183) size 46x26 [border: none] [r=7 c=1 rs=1 cs=1]
              RenderText {#text} at (5,4) size 37x18
                text run at (5,4) width 37: "09/17"
            RenderTableCell {TD} at (127,183) size 72x26 [r=7 c=2 rs=1 cs=1]
              RenderText {#text} at (4,4) size 39x18
                text run at (4,4) width 39: "Susan"
            RenderTableCell {TD} at (198,183) size 41x26 [r=7 c=3 rs=1 cs=1]
              RenderText {#text} at (4,4) size 24x18
                text run at (4,4) width 24: "272"
