layer at (0,0) size 800x600
  RenderView at (0,0) size 800x600
layer at (0,0) size 800x600
  RenderBlock {HTML} at (0,0) size 800x600
    RenderBody {BODY} at (8,8) size 784x584
      RenderTable {TABLE} at (0,0) size 740x28 [bgcolor=#008000]
        RenderTableSection {TBODY} at (0,0) size 740x28
          RenderTableRow {TR} at (0,2) size 740x24
            RenderTableCell {TD} at (2,14) size 1x0 [bgcolor=#FFFF00] [r=0 c=0 rs=1 cs=1]
            RenderTableCell {TD} at (5,2) size 733x24 [r=0 c=1 rs=1 cs=1]
              RenderTable {TABLE} at (0,0) size 587x24
                RenderTableSection {TBODY} at (0,0) size 587x24
                  RenderTableRow {TR} at (0,2) size 587x20
                    RenderTableCell {TD} at (2,2) size 583x20 [r=0 c=0 rs=1 cs=1]
                      RenderText {#text} at (1,1) size 108x18
                        text run at (1,1) width 108: "here is some text"
