layer at (0,0) size 800x600
  RenderView at (0,0) size 800x600
layer at (0,0) size 800x600
  RenderBlock {HTML} at (0,0) size 800x600
    RenderBody {BODY} at (8,8) size 784x584
      RenderTable {TABLE} at (0,0) size 165x92 [border: (1px solid #000000)]
        RenderTableSection {THEAD} at (1,1) size 163x24
          RenderTableRow {TR} at (0,2) size 163x20
            RenderTableCell (anonymous) at (2,2) size 101x20 [r=0 c=0 rs=1 cs=1]
              RenderBlock (floating) {TH} at (0,0) size 51x20
                RenderText {#text} at (1,1) size 49x18
                  text run at (1,1) width 49: "Head 1"
              RenderBlock (floating) {TH} at (50,0) size 51x20
                RenderText {#text} at (1,1) size 49x18
                  text run at (1,1) width 49: "Head 2"
        RenderTableSection {TFOOT} at (1,69) size 163x22
          RenderTableRow {TR} at (0,0) size 163x20
            RenderTableCell {TD} at (2,0) size 101x20 [r=0 c=0 rs=1 cs=1]
              RenderText {#text} at (1,1) size 54x18
                text run at (1,1) width 54: "Footer 1"
            RenderTableCell {TD} at (104,0) size 57x20 [r=0 c=1 rs=1 cs=1]
              RenderText {#text} at (1,1) size 54x18
                text run at (1,1) width 54: "Footer 2"
        RenderTableSection {TBODY} at (1,25) size 163x44
          RenderTableRow {TR} at (0,0) size 163x20
            RenderTableCell {TD} at (2,0) size 101x20 [r=0 c=0 rs=1 cs=1]
              RenderText {#text} at (1,1) size 39x18
                text run at (1,1) width 39: "Cell 1"
            RenderTableCell {TD} at (104,0) size 57x20 [r=0 c=1 rs=1 cs=1]
              RenderText {#text} at (1,1) size 39x18
                text run at (1,1) width 39: "Cell 2"
          RenderTableRow {TR} at (0,22) size 163x20
            RenderTableCell {TD} at (2,22) size 101x20 [r=1 c=0 rs=1 cs=1]
              RenderText {#text} at (1,1) size 39x18
                text run at (1,1) width 39: "Cell 3"
            RenderTableCell {TD} at (104,22) size 57x20 [r=1 c=1 rs=1 cs=1]
              RenderText {#text} at (1,1) size 39x18
                text run at (1,1) width 39: "Cell 4"
