layer at (0,0) size 785x7608
  RenderView at (0,0) size 785x600
layer at (0,0) size 785x7608
  RenderBlock {HTML} at (0,0) size 785x7608
    RenderBody {BODY} at (8,8) size 769x7552
      RenderTable {TABLE} at (0,0) size 273x118
        RenderBlock {CAPTION} at (0,0) size 273x18
          RenderInline {A} at (0,0) size 227x18
            RenderText {#text} at (20,0) size 227x18
              text run at (20,0) width 227: "Frame=\x{201C}void\x{201D} and Rules=\x{201C}none\x{201D}"
          RenderInline (generated) at (0,0) size 6x18
            RenderText at (246,0) size 6x18
              text run at (246,0) width 6: ":"
        RenderTableSection {THEAD} at (0,18) size 273x20
          RenderTableRow {TR} at (0,0) size 273x20
            RenderTableCell {TD} at (0,0) size 91x20 [r=0 c=0 rs=1 cs=1]
              RenderText {#text} at (1,1) size 89x18
                text run at (1,1) width 89: "Row 1, Cell 1"
            RenderTableCell {TD} at (90,0) size 92x20 [r=0 c=1 rs=1 cs=1]
              RenderText {#text} at (1,1) size 89x18
                text run at (1,1) width 89: "Row 1, Cell 2"
            RenderTableCell {TD} at (181,0) size 92x20 [r=0 c=2 rs=1 cs=1]
              RenderText {#text} at (1,1) size 89x18
                text run at (1,1) width 89: "Row 1, Cell 3"
        RenderTableSection {TBODY} at (0,38) size 273x60
          RenderTableRow {TR} at (0,0) size 273x20
            RenderTableCell {TD} at (0,10) size 91x20 [r=0 c=0 rs=2 cs=1]
              RenderText {#text} at (1,1) size 89x18
                text run at (1,1) width 89: "Row 2, Cell 1"
            RenderTableCell {TD} at (90,0) size 183x20 [r=0 c=1 rs=1 cs=2]
              RenderText {#text} at (1,1) size 89x18
                text run at (1,1) width 89: "Row 2, Cell 2"
          RenderTableRow {TR} at (0,20) size 273x20
            RenderTableCell {TD} at (90,20) size 92x20 [r=1 c=1 rs=1 cs=1]
              RenderText {#text} at (1,1) size 89x18
                text run at (1,1) width 89: "Row 3, Cell 2"
            RenderTableCell {TD} at (181,30) size 92x20 [r=1 c=2 rs=2 cs=1]
              RenderText {#text} at (1,1) size 89x18
                text run at (1,1) width 89: "Row 3, Cell 3"
          RenderTableRow {TR} at (0,40) size 273x20
            RenderTableCell {TD} at (0,40) size 182x20 [r=2 c=0 rs=1 cs=2]
              RenderText {#text} at (1,1) size 89x18
                text run at (1,1) width 89: "Row 4, Cell 1"
        RenderTableSection {TFOOT} at (0,98) size 273x20
          RenderTableRow {TR} at (0,0) size 273x20
            RenderTableCell {TD} at (0,0) size 91x20 [r=0 c=0 rs=1 cs=1]
              RenderText {#text} at (1,1) size 89x18
                text run at (1,1) width 89: "Row 5, Cell 1"
            RenderTableCell {TD} at (90,0) size 92x20 [r=0 c=1 rs=1 cs=1]
              RenderText {#text} at (1,1) size 89x18
                text run at (1,1) width 89: "Row 5, Cell 2"
            RenderTableCell {TD} at (181,0) size 92x20 [r=0 c=2 rs=1 cs=1]
              RenderText {#text} at (1,1) size 89x18
                text run at (1,1) width 89: "Row 5, Cell 3"
      RenderTable {TABLE} at (0,166) size 273x119
        RenderBlock {CAPTION} at (0,0) size 273x18
          RenderInline {A} at (0,0) size 237x18
            RenderText {#text} at (15,0) size 237x18
              text run at (15,0) width 237: "Frame=\x{201C}above\x{201D} and Rules=\x{201C}none\x{201D}"
          RenderInline (generated) at (0,0) size 7x18
            RenderText at (251,0) size 7x18
              text run at (251,0) width 7: ":"
        RenderTableSection {THEAD} at (0,18) size 273x21
          RenderTableRow {TR} at (0,0) size 273x21
            RenderTableCell {TD} at (0,0) size 91x21 [border: (1px none #000000)] [r=0 c=0 rs=1 cs=1]
              RenderText {#text} at (1,2) size 89x18
                text run at (1,2) width 89: "Row 1, Cell 1"
            RenderTableCell {TD} at (90,0) size 92x21 [border: (1px none #000000)] [r=0 c=1 rs=1 cs=1]
              RenderText {#text} at (1,2) size 89x18
                text run at (1,2) width 89: "Row 1, Cell 2"
            RenderTableCell {TD} at (181,0) size 92x21 [border: (1px none #000000)] [r=0 c=2 rs=1 cs=1]
              RenderText {#text} at (1,2) size 89x18
                text run at (1,2) width 89: "Row 1, Cell 3"
        RenderTableSection {TBODY} at (0,39) size 273x60
          RenderTableRow {TR} at (0,0) size 273x20
            RenderTableCell {TD} at (0,10) size 91x20 [r=0 c=0 rs=2 cs=1]
              RenderText {#text} at (1,1) size 89x18
                text run at (1,1) width 89: "Row 2, Cell 1"
            RenderTableCell {TD} at (90,0) size 183x20 [r=0 c=1 rs=1 cs=2]
              RenderText {#text} at (1,1) size 89x18
                text run at (1,1) width 89: "Row 2, Cell 2"
          RenderTableRow {TR} at (0,20) size 273x20
            RenderTableCell {TD} at (90,20) size 92x20 [r=1 c=1 rs=1 cs=1]
              RenderText {#text} at (1,1) size 89x18
                text run at (1,1) width 89: "Row 3, Cell 2"
            RenderTableCell {TD} at (181,30) size 92x20 [r=1 c=2 rs=2 cs=1]
              RenderText {#text} at (1,1) size 89x18
                text run at (1,1) width 89: "Row 3, Cell 3"
          RenderTableRow {TR} at (0,40) size 273x20
            RenderTableCell {TD} at (0,40) size 182x20 [r=2 c=0 rs=1 cs=2]
              RenderText {#text} at (1,1) size 89x18
                text run at (1,1) width 89: "Row 4, Cell 1"
        RenderTableSection {TFOOT} at (0,99) size 273x20
          RenderTableRow {TR} at (0,0) size 273x20
            RenderTableCell {TD} at (0,0) size 91x20 [r=0 c=0 rs=1 cs=1]
              RenderText {#text} at (1,1) size 89x18
                text run at (1,1) width 89: "Row 5, Cell 1"
            RenderTableCell {TD} at (90,0) size 92x20 [r=0 c=1 rs=1 cs=1]
              RenderText {#text} at (1,1) size 89x18
                text run at (1,1) width 89: "Row 5, Cell 2"
            RenderTableCell {TD} at (181,0) size 92x20 [r=0 c=2 rs=1 cs=1]
              RenderText {#text} at (1,1) size 89x18
                text run at (1,1) width 89: "Row 5, Cell 3"
      RenderTable {TABLE} at (0,333) size 273x119 [border: none (1px solid #808080) none]
        RenderBlock {CAPTION} at (0,0) size 273x18
          RenderInline {A} at (0,0) size 237x18
            RenderText {#text} at (15,0) size 237x18
              text run at (15,0) width 237: "Frame=\x{201C}below\x{201D} and Rules=\x{201C}none\x{201D}"
          RenderInline (generated) at (0,0) size 7x18
            RenderText at (251,0) size 7x18
              text run at (251,0) width 7: ":"
        RenderTableSection {THEAD} at (0,18) size 273x20
          RenderTableRow {TR} at (0,0) size 273x20
            RenderTableCell {TD} at (0,0) size 91x20 [r=0 c=0 rs=1 cs=1]
              RenderText {#text} at (1,1) size 89x18
                text run at (1,1) width 89: "Row 1, Cell 1"
            RenderTableCell {TD} at (90,0) size 92x20 [r=0 c=1 rs=1 cs=1]
              RenderText {#text} at (1,1) size 89x18
                text run at (1,1) width 89: "Row 1, Cell 2"
            RenderTableCell {TD} at (181,0) size 92x20 [r=0 c=2 rs=1 cs=1]
              RenderText {#text} at (1,1) size 89x18
                text run at (1,1) width 89: "Row 1, Cell 3"
        RenderTableSection {TBODY} at (0,38) size 273x60
          RenderTableRow {TR} at (0,0) size 273x20
            RenderTableCell {TD} at (0,10) size 91x20 [r=0 c=0 rs=2 cs=1]
              RenderText {#text} at (1,1) size 89x18
                text run at (1,1) width 89: "Row 2, Cell 1"
            RenderTableCell {TD} at (90,0) size 183x20 [r=0 c=1 rs=1 cs=2]
              RenderText {#text} at (1,1) size 89x18
                text run at (1,1) width 89: "Row 2, Cell 2"
          RenderTableRow {TR} at (0,20) size 273x20
            RenderTableCell {TD} at (90,20) size 92x20 [r=1 c=1 rs=1 cs=1]
              RenderText {#text} at (1,1) size 89x18
                text run at (1,1) width 89: "Row 3, Cell 2"
            RenderTableCell {TD} at (181,30) size 92x20 [r=1 c=2 rs=2 cs=1]
              RenderText {#text} at (1,1) size 89x18
                text run at (1,1) width 89: "Row 3, Cell 3"
          RenderTableRow {TR} at (0,40) size 273x20
            RenderTableCell {TD} at (0,40) size 182x20 [r=2 c=0 rs=1 cs=2]
              RenderText {#text} at (1,1) size 89x18
                text run at (1,1) width 89: "Row 4, Cell 1"
        RenderTableSection {TFOOT} at (0,98) size 273x20
          RenderTableRow {TR} at (0,0) size 273x20
            RenderTableCell {TD} at (0,0) size 91x20 [r=0 c=0 rs=1 cs=1]
              RenderText {#text} at (1,1) size 89x18
                text run at (1,1) width 89: "Row 5, Cell 1"
            RenderTableCell {TD} at (90,0) size 92x20 [r=0 c=1 rs=1 cs=1]
              RenderText {#text} at (1,1) size 89x18
                text run at (1,1) width 89: "Row 5, Cell 2"
            RenderTableCell {TD} at (181,0) size 92x20 [r=0 c=2 rs=1 cs=1]
              RenderText {#text} at (1,1) size 89x18
                text run at (1,1) width 89: "Row 5, Cell 3"
      RenderTable {TABLE} at (0,500) size 273x120 [border: none none (1px solid #808080) none]
        RenderBlock {CAPTION} at (0,0) size 273x18
          RenderInline {A} at (0,0) size 240x18
            RenderText {#text} at (14,0) size 240x18
              text run at (14,0) width 240: "Frame=\x{201C}hsides\x{201D} and Rules=\x{201C}none\x{201D}"
          RenderInline (generated) at (0,0) size 6x18
            RenderText at (253,0) size 6x18
              text run at (253,0) width 6: ":"
        RenderTableSection {THEAD} at (0,18) size 273x21
          RenderTableRow {TR} at (0,0) size 273x21
            RenderTableCell {TD} at (0,0) size 91x21 [border: (1px none #000000)] [r=0 c=0 rs=1 cs=1]
              RenderText {#text} at (1,2) size 89x18
                text run at (1,2) width 89: "Row 1, Cell 1"
            RenderTableCell {TD} at (90,0) size 92x21 [border: (1px none #000000)] [r=0 c=1 rs=1 cs=1]
              RenderText {#text} at (1,2) size 89x18
                text run at (1,2) width 89: "Row 1, Cell 2"
            RenderTableCell {TD} at (181,0) size 92x21 [border: (1px none #000000)] [r=0 c=2 rs=1 cs=1]
              RenderText {#text} at (1,2) size 89x18
                text run at (1,2) width 89: "Row 1, Cell 3"
        RenderTableSection {TBODY} at (0,39) size 273x60
          RenderTableRow {TR} at (0,0) size 273x20
            RenderTableCell {TD} at (0,10) size 91x20 [r=0 c=0 rs=2 cs=1]
              RenderText {#text} at (1,1) size 89x18
                text run at (1,1) width 89: "Row 2, Cell 1"
            RenderTableCell {TD} at (90,0) size 183x20 [r=0 c=1 rs=1 cs=2]
              RenderText {#text} at (1,1) size 89x18
                text run at (1,1) width 89: "Row 2, Cell 2"
          RenderTableRow {TR} at (0,20) size 273x20
            RenderTableCell {TD} at (90,20) size 92x20 [r=1 c=1 rs=1 cs=1]
              RenderText {#text} at (1,1) size 89x18
                text run at (1,1) width 89: "Row 3, Cell 2"
            RenderTableCell {TD} at (181,30) size 92x20 [r=1 c=2 rs=2 cs=1]
              RenderText {#text} at (1,1) size 89x18
                text run at (1,1) width 89: "Row 3, Cell 3"
          RenderTableRow {TR} at (0,40) size 273x20
            RenderTableCell {TD} at (0,40) size 182x20 [r=2 c=0 rs=1 cs=2]
              RenderText {#text} at (1,1) size 89x18
                text run at (1,1) width 89: "Row 4, Cell 1"
        RenderTableSection {TFOOT} at (0,99) size 273x20
          RenderTableRow {TR} at (0,0) size 273x20
            RenderTableCell {TD} at (0,0) size 91x20 [r=0 c=0 rs=1 cs=1]
              RenderText {#text} at (1,1) size 89x18
                text run at (1,1) width 89: "Row 5, Cell 1"
            RenderTableCell {TD} at (90,0) size 92x20 [r=0 c=1 rs=1 cs=1]
              RenderText {#text} at (1,1) size 89x18
                text run at (1,1) width 89: "Row 5, Cell 2"
            RenderTableCell {TD} at (181,0) size 92x20 [r=0 c=2 rs=1 cs=1]
              RenderText {#text} at (1,1) size 89x18
                text run at (1,1) width 89: "Row 5, Cell 3"
      RenderTable {TABLE} at (0,668) size 275x118 [border: none (1px solid #808080) none none]
        RenderBlock {CAPTION} at (0,0) size 275x18
          RenderInline {A} at (0,0) size 238x18
            RenderText {#text} at (16,0) size 238x18
              text run at (16,0) width 238: "Frame=\x{201C}vsides\x{201D} and Rules=\x{201C}none\x{201D}"
          RenderInline (generated) at (0,0) size 6x18
            RenderText at (253,0) size 6x18
              text run at (253,0) width 6: ":"
        RenderTableSection {THEAD} at (0,18) size 274x20
          RenderTableRow {TR} at (0,0) size 274x20
            RenderTableCell {TD} at (0,0) size 92x20 [border: none] [r=0 c=0 rs=1 cs=1]
              RenderText {#text} at (2,1) size 89x18
                text run at (2,1) width 89: "Row 1, Cell 1"
            RenderTableCell {TD} at (91,0) size 92x20 [r=0 c=1 rs=1 cs=1]
              RenderText {#text} at (1,1) size 89x18
                text run at (1,1) width 89: "Row 1, Cell 2"
            RenderTableCell {TD} at (182,0) size 92x20 [r=0 c=2 rs=1 cs=1]
              RenderText {#text} at (1,1) size 89x18
                text run at (1,1) width 89: "Row 1, Cell 3"
        RenderTableSection {TBODY} at (0,38) size 274x60
          RenderTableRow {TR} at (0,0) size 274x20
            RenderTableCell {TD} at (0,10) size 92x20 [border: none] [r=0 c=0 rs=2 cs=1]
              RenderText {#text} at (2,1) size 89x18
                text run at (2,1) width 89: "Row 2, Cell 1"
            RenderTableCell {TD} at (91,0) size 183x20 [r=0 c=1 rs=1 cs=2]
              RenderText {#text} at (1,1) size 89x18
                text run at (1,1) width 89: "Row 2, Cell 2"
          RenderTableRow {TR} at (0,20) size 274x20
            RenderTableCell {TD} at (91,20) size 92x20 [r=1 c=1 rs=1 cs=1]
              RenderText {#text} at (1,1) size 89x18
                text run at (1,1) width 89: "Row 3, Cell 2"
            RenderTableCell {TD} at (182,30) size 92x20 [r=1 c=2 rs=2 cs=1]
              RenderText {#text} at (1,1) size 89x18
                text run at (1,1) width 89: "Row 3, Cell 3"
          RenderTableRow {TR} at (0,40) size 274x20
            RenderTableCell {TD} at (0,40) size 183x20 [border: none] [r=2 c=0 rs=1 cs=2]
              RenderText {#text} at (2,1) size 89x18
                text run at (2,1) width 89: "Row 4, Cell 1"
        RenderTableSection {TFOOT} at (0,98) size 274x20
          RenderTableRow {TR} at (0,0) size 274x20
            RenderTableCell {TD} at (0,0) size 92x20 [border: none] [r=0 c=0 rs=1 cs=1]
              RenderText {#text} at (2,1) size 89x18
                text run at (2,1) width 89: "Row 5, Cell 1"
            RenderTableCell {TD} at (91,0) size 92x20 [r=0 c=1 rs=1 cs=1]
              RenderText {#text} at (1,1) size 89x18
                text run at (1,1) width 89: "Row 5, Cell 2"
            RenderTableCell {TD} at (182,0) size 92x20 [r=0 c=2 rs=1 cs=1]
              RenderText {#text} at (1,1) size 89x18
                text run at (1,1) width 89: "Row 5, Cell 3"
      RenderTable {TABLE} at (0,834) size 274x118
        RenderBlock {CAPTION} at (0,0) size 274x18
          RenderInline {A} at (0,0) size 218x18
            RenderText {#text} at (25,0) size 218x18
              text run at (25,0) width 218: "Frame=\x{201C}lhs\x{201D} and Rules=\x{201C}none\x{201D}"
          RenderInline (generated) at (0,0) size 7x18
            RenderText at (242,0) size 7x18
              text run at (242,0) width 7: ":"
        RenderTableSection {THEAD} at (0,18) size 274x20
          RenderTableRow {TR} at (0,0) size 274x20
            RenderTableCell {TD} at (0,0) size 92x20 [border: none] [r=0 c=0 rs=1 cs=1]
              RenderText {#text} at (2,1) size 89x18
                text run at (2,1) width 89: "Row 1, Cell 1"
            RenderTableCell {TD} at (91,0) size 92x20 [r=0 c=1 rs=1 cs=1]
              RenderText {#text} at (1,1) size 89x18
                text run at (1,1) width 89: "Row 1, Cell 2"
            RenderTableCell {TD} at (182,0) size 92x20 [r=0 c=2 rs=1 cs=1]
              RenderText {#text} at (1,1) size 89x18
                text run at (1,1) width 89: "Row 1, Cell 3"
        RenderTableSection {TBODY} at (0,38) size 274x60
          RenderTableRow {TR} at (0,0) size 274x20
            RenderTableCell {TD} at (0,10) size 92x20 [border: none] [r=0 c=0 rs=2 cs=1]
              RenderText {#text} at (2,1) size 89x18
                text run at (2,1) width 89: "Row 2, Cell 1"
            RenderTableCell {TD} at (91,0) size 183x20 [r=0 c=1 rs=1 cs=2]
              RenderText {#text} at (1,1) size 89x18
                text run at (1,1) width 89: "Row 2, Cell 2"
          RenderTableRow {TR} at (0,20) size 274x20
            RenderTableCell {TD} at (91,20) size 92x20 [r=1 c=1 rs=1 cs=1]
              RenderText {#text} at (1,1) size 89x18
                text run at (1,1) width 89: "Row 3, Cell 2"
            RenderTableCell {TD} at (182,30) size 92x20 [r=1 c=2 rs=2 cs=1]
              RenderText {#text} at (1,1) size 89x18
                text run at (1,1) width 89: "Row 3, Cell 3"
          RenderTableRow {TR} at (0,40) size 274x20
            RenderTableCell {TD} at (0,40) size 183x20 [border: none] [r=2 c=0 rs=1 cs=2]
              RenderText {#text} at (2,1) size 89x18
                text run at (2,1) width 89: "Row 4, Cell 1"
        RenderTableSection {TFOOT} at (0,98) size 274x20
          RenderTableRow {TR} at (0,0) size 274x20
            RenderTableCell {TD} at (0,0) size 92x20 [border: none] [r=0 c=0 rs=1 cs=1]
              RenderText {#text} at (2,1) size 89x18
                text run at (2,1) width 89: "Row 5, Cell 1"
            RenderTableCell {TD} at (91,0) size 92x20 [r=0 c=1 rs=1 cs=1]
              RenderText {#text} at (1,1) size 89x18
                text run at (1,1) width 89: "Row 5, Cell 2"
            RenderTableCell {TD} at (182,0) size 92x20 [r=0 c=2 rs=1 cs=1]
              RenderText {#text} at (1,1) size 89x18
                text run at (1,1) width 89: "Row 5, Cell 3"
      RenderTable {TABLE} at (0,1000) size 274x118 [border: none (1px solid #808080) none]
        RenderBlock {CAPTION} at (0,0) size 274x18
          RenderInline {A} at (0,0) size 220x18
            RenderText {#text} at (24,0) size 220x18
              text run at (24,0) width 220: "Frame=\x{201C}rhs\x{201D} and Rules=\x{201C}none\x{201D}"
          RenderInline (generated) at (0,0) size 7x18
            RenderText at (243,0) size 7x18
              text run at (243,0) width 7: ":"
        RenderTableSection {THEAD} at (0,18) size 273x20
          RenderTableRow {TR} at (0,0) size 273x20
            RenderTableCell {TD} at (0,0) size 91x20 [r=0 c=0 rs=1 cs=1]
              RenderText {#text} at (1,1) size 89x18
                text run at (1,1) width 89: "Row 1, Cell 1"
            RenderTableCell {TD} at (90,0) size 92x20 [r=0 c=1 rs=1 cs=1]
              RenderText {#text} at (1,1) size 89x18
                text run at (1,1) width 89: "Row 1, Cell 2"
            RenderTableCell {TD} at (181,0) size 92x20 [r=0 c=2 rs=1 cs=1]
              RenderText {#text} at (1,1) size 89x18
                text run at (1,1) width 89: "Row 1, Cell 3"
        RenderTableSection {TBODY} at (0,38) size 273x60
          RenderTableRow {TR} at (0,0) size 273x20
            RenderTableCell {TD} at (0,10) size 91x20 [r=0 c=0 rs=2 cs=1]
              RenderText {#text} at (1,1) size 89x18
                text run at (1,1) width 89: "Row 2, Cell 1"
            RenderTableCell {TD} at (90,0) size 183x20 [r=0 c=1 rs=1 cs=2]
              RenderText {#text} at (1,1) size 89x18
                text run at (1,1) width 89: "Row 2, Cell 2"
          RenderTableRow {TR} at (0,20) size 273x20
            RenderTableCell {TD} at (90,20) size 92x20 [r=1 c=1 rs=1 cs=1]
              RenderText {#text} at (1,1) size 89x18
                text run at (1,1) width 89: "Row 3, Cell 2"
            RenderTableCell {TD} at (181,30) size 92x20 [r=1 c=2 rs=2 cs=1]
              RenderText {#text} at (1,1) size 89x18
                text run at (1,1) width 89: "Row 3, Cell 3"
          RenderTableRow {TR} at (0,40) size 273x20
            RenderTableCell {TD} at (0,40) size 182x20 [r=2 c=0 rs=1 cs=2]
              RenderText {#text} at (1,1) size 89x18
                text run at (1,1) width 89: "Row 4, Cell 1"
        RenderTableSection {TFOOT} at (0,98) size 273x20
          RenderTableRow {TR} at (0,0) size 273x20
            RenderTableCell {TD} at (0,0) size 91x20 [r=0 c=0 rs=1 cs=1]
              RenderText {#text} at (1,1) size 89x18
                text run at (1,1) width 89: "Row 5, Cell 1"
            RenderTableCell {TD} at (90,0) size 92x20 [r=0 c=1 rs=1 cs=1]
              RenderText {#text} at (1,1) size 89x18
                text run at (1,1) width 89: "Row 5, Cell 2"
            RenderTableCell {TD} at (181,0) size 92x20 [r=0 c=2 rs=1 cs=1]
              RenderText {#text} at (1,1) size 89x18
                text run at (1,1) width 89: "Row 5, Cell 3"
      RenderTable {TABLE} at (0,1166) size 275x120 [border: none]
        RenderBlock {CAPTION} at (0,0) size 275x18
          RenderInline {A} at (0,0) size 223x18
            RenderText {#text} at (23,0) size 223x18
              text run at (23,0) width 223: "Frame=\x{201C}box\x{201D} and Rules=\x{201C}none\x{201D}"
          RenderInline (generated) at (0,0) size 6x18
            RenderText at (245,0) size 6x18
              text run at (245,0) width 6: ":"
        RenderTableSection {THEAD} at (0,18) size 274x21
          RenderTableRow {TR} at (0,0) size 274x21
            RenderTableCell {TD} at (0,0) size 92x21 [border: (1px none #000000)] [r=0 c=0 rs=1 cs=1]
              RenderText {#text} at (2,2) size 89x18
                text run at (2,2) width 89: "Row 1, Cell 1"
            RenderTableCell {TD} at (91,0) size 92x21 [border: (1px none #000000)] [r=0 c=1 rs=1 cs=1]
              RenderText {#text} at (1,2) size 89x18
                text run at (1,2) width 89: "Row 1, Cell 2"
            RenderTableCell {TD} at (182,0) size 92x21 [border: (1px none #000000)] [r=0 c=2 rs=1 cs=1]
              RenderText {#text} at (1,2) size 89x18
                text run at (1,2) width 89: "Row 1, Cell 3"
        RenderTableSection {TBODY} at (0,39) size 274x60
          RenderTableRow {TR} at (0,0) size 274x20
            RenderTableCell {TD} at (0,10) size 92x20 [border: none] [r=0 c=0 rs=2 cs=1]
              RenderText {#text} at (2,1) size 89x18
                text run at (2,1) width 89: "Row 2, Cell 1"
            RenderTableCell {TD} at (91,0) size 183x20 [r=0 c=1 rs=1 cs=2]
              RenderText {#text} at (1,1) size 89x18
                text run at (1,1) width 89: "Row 2, Cell 2"
          RenderTableRow {TR} at (0,20) size 274x20
            RenderTableCell {TD} at (91,20) size 92x20 [r=1 c=1 rs=1 cs=1]
              RenderText {#text} at (1,1) size 89x18
                text run at (1,1) width 89: "Row 3, Cell 2"
            RenderTableCell {TD} at (182,30) size 92x20 [r=1 c=2 rs=2 cs=1]
              RenderText {#text} at (1,1) size 89x18
                text run at (1,1) width 89: "Row 3, Cell 3"
          RenderTableRow {TR} at (0,40) size 274x20
            RenderTableCell {TD} at (0,40) size 183x20 [border: none] [r=2 c=0 rs=1 cs=2]
              RenderText {#text} at (2,1) size 89x18
                text run at (2,1) width 89: "Row 4, Cell 1"
        RenderTableSection {TFOOT} at (0,99) size 274x20
          RenderTableRow {TR} at (0,0) size 274x20
            RenderTableCell {TD} at (0,0) size 92x20 [border: none] [r=0 c=0 rs=1 cs=1]
              RenderText {#text} at (2,1) size 89x18
                text run at (2,1) width 89: "Row 5, Cell 1"
            RenderTableCell {TD} at (91,0) size 92x20 [r=0 c=1 rs=1 cs=1]
              RenderText {#text} at (1,1) size 89x18
                text run at (1,1) width 89: "Row 5, Cell 2"
            RenderTableCell {TD} at (182,0) size 92x20 [r=0 c=2 rs=1 cs=1]
              RenderText {#text} at (1,1) size 89x18
                text run at (1,1) width 89: "Row 5, Cell 3"
      RenderTable {TABLE} at (0,1334) size 275x120 [border: none]
        RenderBlock {CAPTION} at (0,0) size 275x18
          RenderInline {A} at (0,0) size 243x18
            RenderText {#text} at (13,0) size 243x18
              text run at (13,0) width 243: "Frame=\x{201C}border\x{201D} and Rules=\x{201C}none\x{201D}"
          RenderInline (generated) at (0,0) size 6x18
            RenderText at (255,0) size 6x18
              text run at (255,0) width 6: ":"
        RenderTableSection {THEAD} at (0,18) size 274x21
          RenderTableRow {TR} at (0,0) size 274x21
            RenderTableCell {TD} at (0,0) size 92x21 [border: (1px none #000000)] [r=0 c=0 rs=1 cs=1]
              RenderText {#text} at (2,2) size 89x18
                text run at (2,2) width 89: "Row 1, Cell 1"
            RenderTableCell {TD} at (91,0) size 92x21 [border: (1px none #000000)] [r=0 c=1 rs=1 cs=1]
              RenderText {#text} at (1,2) size 89x18
                text run at (1,2) width 89: "Row 1, Cell 2"
            RenderTableCell {TD} at (182,0) size 92x21 [border: (1px none #000000)] [r=0 c=2 rs=1 cs=1]
              RenderText {#text} at (1,2) size 89x18
                text run at (1,2) width 89: "Row 1, Cell 3"
        RenderTableSection {TBODY} at (0,39) size 274x60
          RenderTableRow {TR} at (0,0) size 274x20
            RenderTableCell {TD} at (0,10) size 92x20 [border: none] [r=0 c=0 rs=2 cs=1]
              RenderText {#text} at (2,1) size 89x18
                text run at (2,1) width 89: "Row 2, Cell 1"
            RenderTableCell {TD} at (91,0) size 183x20 [r=0 c=1 rs=1 cs=2]
              RenderText {#text} at (1,1) size 89x18
                text run at (1,1) width 89: "Row 2, Cell 2"
          RenderTableRow {TR} at (0,20) size 274x20
            RenderTableCell {TD} at (91,20) size 92x20 [r=1 c=1 rs=1 cs=1]
              RenderText {#text} at (1,1) size 89x18
                text run at (1,1) width 89: "Row 3, Cell 2"
            RenderTableCell {TD} at (182,30) size 92x20 [r=1 c=2 rs=2 cs=1]
              RenderText {#text} at (1,1) size 89x18
                text run at (1,1) width 89: "Row 3, Cell 3"
          RenderTableRow {TR} at (0,40) size 274x20
            RenderTableCell {TD} at (0,40) size 183x20 [border: none] [r=2 c=0 rs=1 cs=2]
              RenderText {#text} at (2,1) size 89x18
                text run at (2,1) width 89: "Row 4, Cell 1"
        RenderTableSection {TFOOT} at (0,99) size 274x20
          RenderTableRow {TR} at (0,0) size 274x20
            RenderTableCell {TD} at (0,0) size 92x20 [border: none] [r=0 c=0 rs=1 cs=1]
              RenderText {#text} at (2,1) size 89x18
                text run at (2,1) width 89: "Row 5, Cell 1"
            RenderTableCell {TD} at (91,0) size 92x20 [r=0 c=1 rs=1 cs=1]
              RenderText {#text} at (1,1) size 89x18
                text run at (1,1) width 89: "Row 5, Cell 2"
            RenderTableCell {TD} at (182,0) size 92x20 [r=0 c=2 rs=1 cs=1]
              RenderText {#text} at (1,1) size 89x18
                text run at (1,1) width 89: "Row 5, Cell 3"
      RenderTable {TABLE} at (0,1502) size 273x120
        RenderBlock {CAPTION} at (0,0) size 273x18
          RenderInline {A} at (0,0) size 239x18
            RenderText {#text} at (14,0) size 239x18
              text run at (14,0) width 239: "Frame=\x{201C}void\x{201D} and Rules=\x{201C}groups\x{201D}"
          RenderInline (generated) at (0,0) size 6x18
            RenderText at (252,0) size 6x18
              text run at (252,0) width 6: ":"
        RenderTableSection {THEAD} at (0,18) size 273x20 [border: (1px solid #808080) none (1px solid #808080) none]
          RenderTableRow {TR} at (0,0) size 273x20
            RenderTableCell {TD} at (0,0) size 91x20 [r=0 c=0 rs=1 cs=1]
              RenderText {#text} at (1,1) size 89x18
                text run at (1,1) width 89: "Row 1, Cell 1"
            RenderTableCell {TD} at (90,0) size 92x20 [r=0 c=1 rs=1 cs=1]
              RenderText {#text} at (1,1) size 89x18
                text run at (1,1) width 89: "Row 1, Cell 2"
            RenderTableCell {TD} at (181,0) size 92x20 [r=0 c=2 rs=1 cs=1]
              RenderText {#text} at (1,1) size 89x18
                text run at (1,1) width 89: "Row 1, Cell 3"
        RenderTableSection {TBODY} at (0,38) size 273x61 [border: (1px solid #808080) none (1px solid #808080) none]
          RenderTableRow {TR} at (0,0) size 273x21
            RenderTableCell {TD} at (0,10) size 91x21 [border: (1px none #000000)] [r=0 c=0 rs=2 cs=1]
              RenderText {#text} at (1,2) size 89x18
                text run at (1,2) width 89: "Row 2, Cell 1"
            RenderTableCell {TD} at (90,0) size 183x21 [border: (1px none #000000)] [r=0 c=1 rs=1 cs=2]
              RenderText {#text} at (1,2) size 89x18
                text run at (1,2) width 89: "Row 2, Cell 2"
          RenderTableRow {TR} at (0,21) size 273x20
            RenderTableCell {TD} at (90,21) size 92x20 [r=1 c=1 rs=1 cs=1]
              RenderText {#text} at (1,1) size 89x18
                text run at (1,1) width 89: "Row 3, Cell 2"
            RenderTableCell {TD} at (181,31) size 92x20 [r=1 c=2 rs=2 cs=1]
              RenderText {#text} at (1,1) size 89x18
                text run at (1,1) width 89: "Row 3, Cell 3"
          RenderTableRow {TR} at (0,41) size 273x20
            RenderTableCell {TD} at (0,41) size 182x20 [r=2 c=0 rs=1 cs=2]
              RenderText {#text} at (1,1) size 89x18
                text run at (1,1) width 89: "Row 4, Cell 1"
        RenderTableSection {TFOOT} at (0,99) size 273x21 [border: (1px solid #808080) none (1px solid #808080) none]
          RenderTableRow {TR} at (0,0) size 273x21
            RenderTableCell {TD} at (0,0) size 91x21 [border: (1px none #000000)] [r=0 c=0 rs=1 cs=1]
              RenderText {#text} at (1,2) size 89x18
                text run at (1,2) width 89: "Row 5, Cell 1"
            RenderTableCell {TD} at (90,0) size 92x21 [border: (1px none #000000)] [r=0 c=1 rs=1 cs=1]
              RenderText {#text} at (1,2) size 89x18
                text run at (1,2) width 89: "Row 5, Cell 2"
            RenderTableCell {TD} at (181,0) size 92x21 [border: (1px none #000000)] [r=0 c=2 rs=1 cs=1]
              RenderText {#text} at (1,2) size 89x18
                text run at (1,2) width 89: "Row 5, Cell 3"
      RenderTable {TABLE} at (0,1670) size 273x121
        RenderBlock {CAPTION} at (0,0) size 273x18
          RenderInline {A} at (0,0) size 249x18
            RenderText {#text} at (9,0) size 249x18
              text run at (9,0) width 249: "Frame=\x{201C}above\x{201D} and Rules=\x{201C}groups\x{201D}"
          RenderInline (generated) at (0,0) size 7x18
            RenderText at (257,0) size 7x18
              text run at (257,0) width 7: ":"
        RenderTableSection {THEAD} at (0,18) size 273x21 [border: (1px solid #808080) none (1px solid #808080) none]
          RenderTableRow {TR} at (0,0) size 273x21
            RenderTableCell {TD} at (0,0) size 91x21 [border: (1px none #000000)] [r=0 c=0 rs=1 cs=1]
              RenderText {#text} at (1,2) size 89x18
                text run at (1,2) width 89: "Row 1, Cell 1"
            RenderTableCell {TD} at (90,0) size 92x21 [border: (1px none #000000)] [r=0 c=1 rs=1 cs=1]
              RenderText {#text} at (1,2) size 89x18
                text run at (1,2) width 89: "Row 1, Cell 2"
            RenderTableCell {TD} at (181,0) size 92x21 [border: (1px none #000000)] [r=0 c=2 rs=1 cs=1]
              RenderText {#text} at (1,2) size 89x18
                text run at (1,2) width 89: "Row 1, Cell 3"
        RenderTableSection {TBODY} at (0,39) size 273x61 [border: (1px solid #808080) none (1px solid #808080) none]
          RenderTableRow {TR} at (0,0) size 273x21
            RenderTableCell {TD} at (0,10) size 91x21 [border: (1px none #000000)] [r=0 c=0 rs=2 cs=1]
              RenderText {#text} at (1,2) size 89x18
                text run at (1,2) width 89: "Row 2, Cell 1"
            RenderTableCell {TD} at (90,0) size 183x21 [border: (1px none #000000)] [r=0 c=1 rs=1 cs=2]
              RenderText {#text} at (1,2) size 89x18
                text run at (1,2) width 89: "Row 2, Cell 2"
          RenderTableRow {TR} at (0,21) size 273x20
            RenderTableCell {TD} at (90,21) size 92x20 [r=1 c=1 rs=1 cs=1]
              RenderText {#text} at (1,1) size 89x18
                text run at (1,1) width 89: "Row 3, Cell 2"
            RenderTableCell {TD} at (181,31) size 92x20 [r=1 c=2 rs=2 cs=1]
              RenderText {#text} at (1,1) size 89x18
                text run at (1,1) width 89: "Row 3, Cell 3"
          RenderTableRow {TR} at (0,41) size 273x20
            RenderTableCell {TD} at (0,41) size 182x20 [r=2 c=0 rs=1 cs=2]
              RenderText {#text} at (1,1) size 89x18
                text run at (1,1) width 89: "Row 4, Cell 1"
        RenderTableSection {TFOOT} at (0,100) size 273x21 [border: (1px solid #808080) none (1px solid #808080) none]
          RenderTableRow {TR} at (0,0) size 273x21
            RenderTableCell {TD} at (0,0) size 91x21 [border: (1px none #000000)] [r=0 c=0 rs=1 cs=1]
              RenderText {#text} at (1,2) size 89x18
                text run at (1,2) width 89: "Row 5, Cell 1"
            RenderTableCell {TD} at (90,0) size 92x21 [border: (1px none #000000)] [r=0 c=1 rs=1 cs=1]
              RenderText {#text} at (1,2) size 89x18
                text run at (1,2) width 89: "Row 5, Cell 2"
            RenderTableCell {TD} at (181,0) size 92x21 [border: (1px none #000000)] [r=0 c=2 rs=1 cs=1]
              RenderText {#text} at (1,2) size 89x18
                text run at (1,2) width 89: "Row 5, Cell 3"
      RenderTable {TABLE} at (0,1839) size 273x121 [border: none (1px solid #808080) none]
        RenderBlock {CAPTION} at (0,0) size 273x18
          RenderInline {A} at (0,0) size 249x18
            RenderText {#text} at (9,0) size 249x18
              text run at (9,0) width 249: "Frame=\x{201C}below\x{201D} and Rules=\x{201C}groups\x{201D}"
          RenderInline (generated) at (0,0) size 7x18
            RenderText at (257,0) size 7x18
              text run at (257,0) width 7: ":"
        RenderTableSection {THEAD} at (0,18) size 273x20 [border: (1px solid #808080) none (1px solid #808080) none]
          RenderTableRow {TR} at (0,0) size 273x20
            RenderTableCell {TD} at (0,0) size 91x20 [r=0 c=0 rs=1 cs=1]
              RenderText {#text} at (1,1) size 89x18
                text run at (1,1) width 89: "Row 1, Cell 1"
            RenderTableCell {TD} at (90,0) size 92x20 [r=0 c=1 rs=1 cs=1]
              RenderText {#text} at (1,1) size 89x18
                text run at (1,1) width 89: "Row 1, Cell 2"
            RenderTableCell {TD} at (181,0) size 92x20 [r=0 c=2 rs=1 cs=1]
              RenderText {#text} at (1,1) size 89x18
                text run at (1,1) width 89: "Row 1, Cell 3"
        RenderTableSection {TBODY} at (0,38) size 273x61 [border: (1px solid #808080) none (1px solid #808080) none]
          RenderTableRow {TR} at (0,0) size 273x21
            RenderTableCell {TD} at (0,10) size 91x21 [border: (1px none #000000)] [r=0 c=0 rs=2 cs=1]
              RenderText {#text} at (1,2) size 89x18
                text run at (1,2) width 89: "Row 2, Cell 1"
            RenderTableCell {TD} at (90,0) size 183x21 [border: (1px none #000000)] [r=0 c=1 rs=1 cs=2]
              RenderText {#text} at (1,2) size 89x18
                text run at (1,2) width 89: "Row 2, Cell 2"
          RenderTableRow {TR} at (0,21) size 273x20
            RenderTableCell {TD} at (90,21) size 92x20 [r=1 c=1 rs=1 cs=1]
              RenderText {#text} at (1,1) size 89x18
                text run at (1,1) width 89: "Row 3, Cell 2"
            RenderTableCell {TD} at (181,31) size 92x20 [r=1 c=2 rs=2 cs=1]
              RenderText {#text} at (1,1) size 89x18
                text run at (1,1) width 89: "Row 3, Cell 3"
          RenderTableRow {TR} at (0,41) size 273x20
            RenderTableCell {TD} at (0,41) size 182x20 [r=2 c=0 rs=1 cs=2]
              RenderText {#text} at (1,1) size 89x18
                text run at (1,1) width 89: "Row 4, Cell 1"
        RenderTableSection {TFOOT} at (0,99) size 273x21 [border: (1px solid #808080) none (1px solid #808080) none]
          RenderTableRow {TR} at (0,0) size 273x21
            RenderTableCell {TD} at (0,0) size 91x21 [border: (1px none #000000)] [r=0 c=0 rs=1 cs=1]
              RenderText {#text} at (1,2) size 89x18
                text run at (1,2) width 89: "Row 5, Cell 1"
            RenderTableCell {TD} at (90,0) size 92x21 [border: (1px none #000000)] [r=0 c=1 rs=1 cs=1]
              RenderText {#text} at (1,2) size 89x18
                text run at (1,2) width 89: "Row 5, Cell 2"
            RenderTableCell {TD} at (181,0) size 92x21 [border: (1px none #000000)] [r=0 c=2 rs=1 cs=1]
              RenderText {#text} at (1,2) size 89x18
                text run at (1,2) width 89: "Row 5, Cell 3"
      RenderTable {TABLE} at (0,2008) size 273x122 [border: none none (1px solid #808080) none]
        RenderBlock {CAPTION} at (0,0) size 273x18
          RenderInline {A} at (0,0) size 252x18
            RenderText {#text} at (8,0) size 252x18
              text run at (8,0) width 252: "Frame=\x{201C}hsides\x{201D} and Rules=\x{201C}groups\x{201D}"
          RenderInline (generated) at (0,0) size 6x18
            RenderText at (259,0) size 6x18
              text run at (259,0) width 6: ":"
        RenderTableSection {THEAD} at (0,18) size 273x21 [border: (1px solid #808080) none (1px solid #808080) none]
          RenderTableRow {TR} at (0,0) size 273x21
            RenderTableCell {TD} at (0,0) size 91x21 [border: (1px none #000000)] [r=0 c=0 rs=1 cs=1]
              RenderText {#text} at (1,2) size 89x18
                text run at (1,2) width 89: "Row 1, Cell 1"
            RenderTableCell {TD} at (90,0) size 92x21 [border: (1px none #000000)] [r=0 c=1 rs=1 cs=1]
              RenderText {#text} at (1,2) size 89x18
                text run at (1,2) width 89: "Row 1, Cell 2"
            RenderTableCell {TD} at (181,0) size 92x21 [border: (1px none #000000)] [r=0 c=2 rs=1 cs=1]
              RenderText {#text} at (1,2) size 89x18
                text run at (1,2) width 89: "Row 1, Cell 3"
        RenderTableSection {TBODY} at (0,39) size 273x61 [border: (1px solid #808080) none (1px solid #808080) none]
          RenderTableRow {TR} at (0,0) size 273x21
            RenderTableCell {TD} at (0,10) size 91x21 [border: (1px none #000000)] [r=0 c=0 rs=2 cs=1]
              RenderText {#text} at (1,2) size 89x18
                text run at (1,2) width 89: "Row 2, Cell 1"
            RenderTableCell {TD} at (90,0) size 183x21 [border: (1px none #000000)] [r=0 c=1 rs=1 cs=2]
              RenderText {#text} at (1,2) size 89x18
                text run at (1,2) width 89: "Row 2, Cell 2"
          RenderTableRow {TR} at (0,21) size 273x20
            RenderTableCell {TD} at (90,21) size 92x20 [r=1 c=1 rs=1 cs=1]
              RenderText {#text} at (1,1) size 89x18
                text run at (1,1) width 89: "Row 3, Cell 2"
            RenderTableCell {TD} at (181,31) size 92x20 [r=1 c=2 rs=2 cs=1]
              RenderText {#text} at (1,1) size 89x18
                text run at (1,1) width 89: "Row 3, Cell 3"
          RenderTableRow {TR} at (0,41) size 273x20
            RenderTableCell {TD} at (0,41) size 182x20 [r=2 c=0 rs=1 cs=2]
              RenderText {#text} at (1,1) size 89x18
                text run at (1,1) width 89: "Row 4, Cell 1"
        RenderTableSection {TFOOT} at (0,100) size 273x21 [border: (1px solid #808080) none (1px solid #808080) none]
          RenderTableRow {TR} at (0,0) size 273x21
            RenderTableCell {TD} at (0,0) size 91x21 [border: (1px none #000000)] [r=0 c=0 rs=1 cs=1]
              RenderText {#text} at (1,2) size 89x18
                text run at (1,2) width 89: "Row 5, Cell 1"
            RenderTableCell {TD} at (90,0) size 92x21 [border: (1px none #000000)] [r=0 c=1 rs=1 cs=1]
              RenderText {#text} at (1,2) size 89x18
                text run at (1,2) width 89: "Row 5, Cell 2"
            RenderTableCell {TD} at (181,0) size 92x21 [border: (1px none #000000)] [r=0 c=2 rs=1 cs=1]
              RenderText {#text} at (1,2) size 89x18
                text run at (1,2) width 89: "Row 5, Cell 3"
      RenderTable {TABLE} at (0,2178) size 275x120 [border: none (1px solid #808080) none none]
        RenderBlock {CAPTION} at (0,0) size 275x18
          RenderInline {A} at (0,0) size 251x18
            RenderText {#text} at (9,0) size 251x18
              text run at (9,0) width 251: "Frame=\x{201C}vsides\x{201D} and Rules=\x{201C}groups\x{201D}"
          RenderInline (generated) at (0,0) size 6x18
            RenderText at (259,0) size 6x18
              text run at (259,0) width 6: ":"
        RenderTableSection {THEAD} at (0,18) size 274x20 [border: (1px solid #808080) none (1px solid #808080) none]
          RenderTableRow {TR} at (0,0) size 274x20
            RenderTableCell {TD} at (0,0) size 92x20 [border: none] [r=0 c=0 rs=1 cs=1]
              RenderText {#text} at (2,1) size 89x18
                text run at (2,1) width 89: "Row 1, Cell 1"
            RenderTableCell {TD} at (91,0) size 92x20 [r=0 c=1 rs=1 cs=1]
              RenderText {#text} at (1,1) size 89x18
                text run at (1,1) width 89: "Row 1, Cell 2"
            RenderTableCell {TD} at (182,0) size 92x20 [r=0 c=2 rs=1 cs=1]
              RenderText {#text} at (1,1) size 89x18
                text run at (1,1) width 89: "Row 1, Cell 3"
        RenderTableSection {TBODY} at (0,38) size 274x61 [border: (1px solid #808080) none (1px solid #808080) none]
          RenderTableRow {TR} at (0,0) size 274x21
            RenderTableCell {TD} at (0,10) size 92x21 [border: (1px none #000000)] [r=0 c=0 rs=2 cs=1]
              RenderText {#text} at (2,2) size 89x18
                text run at (2,2) width 89: "Row 2, Cell 1"
            RenderTableCell {TD} at (91,0) size 183x21 [border: (1px none #000000)] [r=0 c=1 rs=1 cs=2]
              RenderText {#text} at (1,2) size 89x18
                text run at (1,2) width 89: "Row 2, Cell 2"
          RenderTableRow {TR} at (0,21) size 274x20
            RenderTableCell {TD} at (91,21) size 92x20 [r=1 c=1 rs=1 cs=1]
              RenderText {#text} at (1,1) size 89x18
                text run at (1,1) width 89: "Row 3, Cell 2"
            RenderTableCell {TD} at (182,31) size 92x20 [r=1 c=2 rs=2 cs=1]
              RenderText {#text} at (1,1) size 89x18
                text run at (1,1) width 89: "Row 3, Cell 3"
          RenderTableRow {TR} at (0,41) size 274x20
            RenderTableCell {TD} at (0,41) size 183x20 [border: none] [r=2 c=0 rs=1 cs=2]
              RenderText {#text} at (2,1) size 89x18
                text run at (2,1) width 89: "Row 4, Cell 1"
        RenderTableSection {TFOOT} at (0,99) size 274x21 [border: (1px solid #808080) none (1px solid #808080) none]
          RenderTableRow {TR} at (0,0) size 274x21
            RenderTableCell {TD} at (0,0) size 92x21 [border: (1px none #000000)] [r=0 c=0 rs=1 cs=1]
              RenderText {#text} at (2,2) size 89x18
                text run at (2,2) width 89: "Row 5, Cell 1"
            RenderTableCell {TD} at (91,0) size 92x21 [border: (1px none #000000)] [r=0 c=1 rs=1 cs=1]
              RenderText {#text} at (1,2) size 89x18
                text run at (1,2) width 89: "Row 5, Cell 2"
            RenderTableCell {TD} at (182,0) size 92x21 [border: (1px none #000000)] [r=0 c=2 rs=1 cs=1]
              RenderText {#text} at (1,2) size 89x18
                text run at (1,2) width 89: "Row 5, Cell 3"
      RenderTable {TABLE} at (0,2346) size 274x120
        RenderBlock {CAPTION} at (0,0) size 274x18
          RenderInline {A} at (0,0) size 231x18
            RenderText {#text} at (19,0) size 231x18
              text run at (19,0) width 231: "Frame=\x{201C}lhs\x{201D} and Rules=\x{201C}groups\x{201D}"
          RenderInline (generated) at (0,0) size 6x18
            RenderText at (249,0) size 6x18
              text run at (249,0) width 6: ":"
        RenderTableSection {THEAD} at (0,18) size 274x20 [border: (1px solid #808080) none (1px solid #808080) none]
          RenderTableRow {TR} at (0,0) size 274x20
            RenderTableCell {TD} at (0,0) size 92x20 [border: none] [r=0 c=0 rs=1 cs=1]
              RenderText {#text} at (2,1) size 89x18
                text run at (2,1) width 89: "Row 1, Cell 1"
            RenderTableCell {TD} at (91,0) size 92x20 [r=0 c=1 rs=1 cs=1]
              RenderText {#text} at (1,1) size 89x18
                text run at (1,1) width 89: "Row 1, Cell 2"
            RenderTableCell {TD} at (182,0) size 92x20 [r=0 c=2 rs=1 cs=1]
              RenderText {#text} at (1,1) size 89x18
                text run at (1,1) width 89: "Row 1, Cell 3"
        RenderTableSection {TBODY} at (0,38) size 274x61 [border: (1px solid #808080) none (1px solid #808080) none]
          RenderTableRow {TR} at (0,0) size 274x21
            RenderTableCell {TD} at (0,10) size 92x21 [border: (1px none #000000)] [r=0 c=0 rs=2 cs=1]
              RenderText {#text} at (2,2) size 89x18
                text run at (2,2) width 89: "Row 2, Cell 1"
            RenderTableCell {TD} at (91,0) size 183x21 [border: (1px none #000000)] [r=0 c=1 rs=1 cs=2]
              RenderText {#text} at (1,2) size 89x18
                text run at (1,2) width 89: "Row 2, Cell 2"
          RenderTableRow {TR} at (0,21) size 274x20
            RenderTableCell {TD} at (91,21) size 92x20 [r=1 c=1 rs=1 cs=1]
              RenderText {#text} at (1,1) size 89x18
                text run at (1,1) width 89: "Row 3, Cell 2"
            RenderTableCell {TD} at (182,31) size 92x20 [r=1 c=2 rs=2 cs=1]
              RenderText {#text} at (1,1) size 89x18
                text run at (1,1) width 89: "Row 3, Cell 3"
          RenderTableRow {TR} at (0,41) size 274x20
            RenderTableCell {TD} at (0,41) size 183x20 [border: none] [r=2 c=0 rs=1 cs=2]
              RenderText {#text} at (2,1) size 89x18
                text run at (2,1) width 89: "Row 4, Cell 1"
        RenderTableSection {TFOOT} at (0,99) size 274x21 [border: (1px solid #808080) none (1px solid #808080) none]
          RenderTableRow {TR} at (0,0) size 274x21
            RenderTableCell {TD} at (0,0) size 92x21 [border: (1px none #000000)] [r=0 c=0 rs=1 cs=1]
              RenderText {#text} at (2,2) size 89x18
                text run at (2,2) width 89: "Row 5, Cell 1"
            RenderTableCell {TD} at (91,0) size 92x21 [border: (1px none #000000)] [r=0 c=1 rs=1 cs=1]
              RenderText {#text} at (1,2) size 89x18
                text run at (1,2) width 89: "Row 5, Cell 2"
            RenderTableCell {TD} at (182,0) size 92x21 [border: (1px none #000000)] [r=0 c=2 rs=1 cs=1]
              RenderText {#text} at (1,2) size 89x18
                text run at (1,2) width 89: "Row 5, Cell 3"
      RenderTable {TABLE} at (0,2514) size 274x120 [border: none (1px solid #808080) none]
        RenderBlock {CAPTION} at (0,0) size 274x18
          RenderInline {A} at (0,0) size 232x18
            RenderText {#text} at (18,0) size 232x18
              text run at (18,0) width 232: "Frame=\x{201C}rhs\x{201D} and Rules=\x{201C}groups\x{201D}"
          RenderInline (generated) at (0,0) size 7x18
            RenderText at (249,0) size 7x18
              text run at (249,0) width 7: ":"
        RenderTableSection {THEAD} at (0,18) size 273x20 [border: (1px solid #808080) none (1px solid #808080) none]
          RenderTableRow {TR} at (0,0) size 273x20
            RenderTableCell {TD} at (0,0) size 91x20 [r=0 c=0 rs=1 cs=1]
              RenderText {#text} at (1,1) size 89x18
                text run at (1,1) width 89: "Row 1, Cell 1"
            RenderTableCell {TD} at (90,0) size 92x20 [r=0 c=1 rs=1 cs=1]
              RenderText {#text} at (1,1) size 89x18
                text run at (1,1) width 89: "Row 1, Cell 2"
            RenderTableCell {TD} at (181,0) size 92x20 [r=0 c=2 rs=1 cs=1]
              RenderText {#text} at (1,1) size 89x18
                text run at (1,1) width 89: "Row 1, Cell 3"
        RenderTableSection {TBODY} at (0,38) size 273x61 [border: (1px solid #808080) none (1px solid #808080) none]
          RenderTableRow {TR} at (0,0) size 273x21
            RenderTableCell {TD} at (0,10) size 91x21 [border: (1px none #000000)] [r=0 c=0 rs=2 cs=1]
              RenderText {#text} at (1,2) size 89x18
                text run at (1,2) width 89: "Row 2, Cell 1"
            RenderTableCell {TD} at (90,0) size 183x21 [border: (1px none #000000)] [r=0 c=1 rs=1 cs=2]
              RenderText {#text} at (1,2) size 89x18
                text run at (1,2) width 89: "Row 2, Cell 2"
          RenderTableRow {TR} at (0,21) size 273x20
            RenderTableCell {TD} at (90,21) size 92x20 [r=1 c=1 rs=1 cs=1]
              RenderText {#text} at (1,1) size 89x18
                text run at (1,1) width 89: "Row 3, Cell 2"
            RenderTableCell {TD} at (181,31) size 92x20 [r=1 c=2 rs=2 cs=1]
              RenderText {#text} at (1,1) size 89x18
                text run at (1,1) width 89: "Row 3, Cell 3"
          RenderTableRow {TR} at (0,41) size 273x20
            RenderTableCell {TD} at (0,41) size 182x20 [r=2 c=0 rs=1 cs=2]
              RenderText {#text} at (1,1) size 89x18
                text run at (1,1) width 89: "Row 4, Cell 1"
        RenderTableSection {TFOOT} at (0,99) size 273x21 [border: (1px solid #808080) none (1px solid #808080) none]
          RenderTableRow {TR} at (0,0) size 273x21
            RenderTableCell {TD} at (0,0) size 91x21 [border: (1px none #000000)] [r=0 c=0 rs=1 cs=1]
              RenderText {#text} at (1,2) size 89x18
                text run at (1,2) width 89: "Row 5, Cell 1"
            RenderTableCell {TD} at (90,0) size 92x21 [border: (1px none #000000)] [r=0 c=1 rs=1 cs=1]
              RenderText {#text} at (1,2) size 89x18
                text run at (1,2) width 89: "Row 5, Cell 2"
            RenderTableCell {TD} at (181,0) size 92x21 [border: (1px none #000000)] [r=0 c=2 rs=1 cs=1]
              RenderText {#text} at (1,2) size 89x18
                text run at (1,2) width 89: "Row 5, Cell 3"
      RenderTable {TABLE} at (0,2682) size 275x122 [border: none]
        RenderBlock {CAPTION} at (0,0) size 275x18
          RenderInline {A} at (0,0) size 235x18
            RenderText {#text} at (17,0) size 235x18
              text run at (17,0) width 235: "Frame=\x{201C}box\x{201D} and Rules=\x{201C}groups\x{201D}"
          RenderInline (generated) at (0,0) size 7x18
            RenderText at (251,0) size 7x18
              text run at (251,0) width 7: ":"
        RenderTableSection {THEAD} at (0,18) size 274x21 [border: (1px solid #808080) none (1px solid #808080) none]
          RenderTableRow {TR} at (0,0) size 274x21
            RenderTableCell {TD} at (0,0) size 92x21 [border: (1px none #000000)] [r=0 c=0 rs=1 cs=1]
              RenderText {#text} at (2,2) size 89x18
                text run at (2,2) width 89: "Row 1, Cell 1"
            RenderTableCell {TD} at (91,0) size 92x21 [border: (1px none #000000)] [r=0 c=1 rs=1 cs=1]
              RenderText {#text} at (1,2) size 89x18
                text run at (1,2) width 89: "Row 1, Cell 2"
            RenderTableCell {TD} at (182,0) size 92x21 [border: (1px none #000000)] [r=0 c=2 rs=1 cs=1]
              RenderText {#text} at (1,2) size 89x18
                text run at (1,2) width 89: "Row 1, Cell 3"
        RenderTableSection {TBODY} at (0,39) size 274x61 [border: (1px solid #808080) none (1px solid #808080) none]
          RenderTableRow {TR} at (0,0) size 274x21
            RenderTableCell {TD} at (0,10) size 92x21 [border: (1px none #000000)] [r=0 c=0 rs=2 cs=1]
              RenderText {#text} at (2,2) size 89x18
                text run at (2,2) width 89: "Row 2, Cell 1"
            RenderTableCell {TD} at (91,0) size 183x21 [border: (1px none #000000)] [r=0 c=1 rs=1 cs=2]
              RenderText {#text} at (1,2) size 89x18
                text run at (1,2) width 89: "Row 2, Cell 2"
          RenderTableRow {TR} at (0,21) size 274x20
            RenderTableCell {TD} at (91,21) size 92x20 [r=1 c=1 rs=1 cs=1]
              RenderText {#text} at (1,1) size 89x18
                text run at (1,1) width 89: "Row 3, Cell 2"
            RenderTableCell {TD} at (182,31) size 92x20 [r=1 c=2 rs=2 cs=1]
              RenderText {#text} at (1,1) size 89x18
                text run at (1,1) width 89: "Row 3, Cell 3"
          RenderTableRow {TR} at (0,41) size 274x20
            RenderTableCell {TD} at (0,41) size 183x20 [border: none] [r=2 c=0 rs=1 cs=2]
              RenderText {#text} at (2,1) size 89x18
                text run at (2,1) width 89: "Row 4, Cell 1"
        RenderTableSection {TFOOT} at (0,100) size 274x21 [border: (1px solid #808080) none (1px solid #808080) none]
          RenderTableRow {TR} at (0,0) size 274x21
            RenderTableCell {TD} at (0,0) size 92x21 [border: (1px none #000000)] [r=0 c=0 rs=1 cs=1]
              RenderText {#text} at (2,2) size 89x18
                text run at (2,2) width 89: "Row 5, Cell 1"
            RenderTableCell {TD} at (91,0) size 92x21 [border: (1px none #000000)] [r=0 c=1 rs=1 cs=1]
              RenderText {#text} at (1,2) size 89x18
                text run at (1,2) width 89: "Row 5, Cell 2"
            RenderTableCell {TD} at (182,0) size 92x21 [border: (1px none #000000)] [r=0 c=2 rs=1 cs=1]
              RenderText {#text} at (1,2) size 89x18
                text run at (1,2) width 89: "Row 5, Cell 3"
      RenderTable {TABLE} at (0,2852) size 275x122 [border: none]
        RenderBlock {CAPTION} at (0,0) size 275x18
          RenderInline {A} at (0,0) size 255x18
            RenderText {#text} at (7,0) size 255x18
              text run at (7,0) width 255: "Frame=\x{201C}border\x{201D} and Rules=\x{201C}groups\x{201D}"
          RenderInline (generated) at (0,0) size 6x18
            RenderText at (261,0) size 6x18
              text run at (261,0) width 6: ":"
        RenderTableSection {THEAD} at (0,18) size 274x21 [border: (1px solid #808080) none (1px solid #808080) none]
          RenderTableRow {TR} at (0,0) size 274x21
            RenderTableCell {TD} at (0,0) size 92x21 [border: (1px none #000000)] [r=0 c=0 rs=1 cs=1]
              RenderText {#text} at (2,2) size 89x18
                text run at (2,2) width 89: "Row 1, Cell 1"
            RenderTableCell {TD} at (91,0) size 92x21 [border: (1px none #000000)] [r=0 c=1 rs=1 cs=1]
              RenderText {#text} at (1,2) size 89x18
                text run at (1,2) width 89: "Row 1, Cell 2"
            RenderTableCell {TD} at (182,0) size 92x21 [border: (1px none #000000)] [r=0 c=2 rs=1 cs=1]
              RenderText {#text} at (1,2) size 89x18
                text run at (1,2) width 89: "Row 1, Cell 3"
        RenderTableSection {TBODY} at (0,39) size 274x61 [border: (1px solid #808080) none (1px solid #808080) none]
          RenderTableRow {TR} at (0,0) size 274x21
            RenderTableCell {TD} at (0,10) size 92x21 [border: (1px none #000000)] [r=0 c=0 rs=2 cs=1]
              RenderText {#text} at (2,2) size 89x18
                text run at (2,2) width 89: "Row 2, Cell 1"
            RenderTableCell {TD} at (91,0) size 183x21 [border: (1px none #000000)] [r=0 c=1 rs=1 cs=2]
              RenderText {#text} at (1,2) size 89x18
                text run at (1,2) width 89: "Row 2, Cell 2"
          RenderTableRow {TR} at (0,21) size 274x20
            RenderTableCell {TD} at (91,21) size 92x20 [r=1 c=1 rs=1 cs=1]
              RenderText {#text} at (1,1) size 89x18
                text run at (1,1) width 89: "Row 3, Cell 2"
            RenderTableCell {TD} at (182,31) size 92x20 [r=1 c=2 rs=2 cs=1]
              RenderText {#text} at (1,1) size 89x18
                text run at (1,1) width 89: "Row 3, Cell 3"
          RenderTableRow {TR} at (0,41) size 274x20
            RenderTableCell {TD} at (0,41) size 183x20 [border: none] [r=2 c=0 rs=1 cs=2]
              RenderText {#text} at (2,1) size 89x18
                text run at (2,1) width 89: "Row 4, Cell 1"
        RenderTableSection {TFOOT} at (0,100) size 274x21 [border: (1px solid #808080) none (1px solid #808080) none]
          RenderTableRow {TR} at (0,0) size 274x21
            RenderTableCell {TD} at (0,0) size 92x21 [border: (1px none #000000)] [r=0 c=0 rs=1 cs=1]
              RenderText {#text} at (2,2) size 89x18
                text run at (2,2) width 89: "Row 5, Cell 1"
            RenderTableCell {TD} at (91,0) size 92x21 [border: (1px none #000000)] [r=0 c=1 rs=1 cs=1]
              RenderText {#text} at (1,2) size 89x18
                text run at (1,2) width 89: "Row 5, Cell 2"
            RenderTableCell {TD} at (182,0) size 92x21 [border: (1px none #000000)] [r=0 c=2 rs=1 cs=1]
              RenderText {#text} at (1,2) size 89x18
                text run at (1,2) width 89: "Row 5, Cell 3"
      RenderTable {TABLE} at (0,3022) size 273x122
        RenderBlock {CAPTION} at (0,0) size 273x18
          RenderInline {A} at (0,0) size 225x18
            RenderText {#text} at (21,0) size 225x18
              text run at (21,0) width 225: "Frame=\x{201C}void\x{201D} and Rules=\x{201C}rows\x{201D}"
          RenderInline (generated) at (0,0) size 6x18
            RenderText at (245,0) size 6x18
              text run at (245,0) width 6: ":"
        RenderTableSection {THEAD} at (0,18) size 273x20
          RenderTableRow {TR} at (0,0) size 273x20
            RenderTableCell {TD} at (0,0) size 91x20 [r=0 c=0 rs=1 cs=1]
              RenderText {#text} at (1,1) size 89x18
                text run at (1,1) width 89: "Row 1, Cell 1"
            RenderTableCell {TD} at (90,0) size 92x20 [r=0 c=1 rs=1 cs=1]
              RenderText {#text} at (1,1) size 89x18
                text run at (1,1) width 89: "Row 1, Cell 2"
            RenderTableCell {TD} at (181,0) size 92x20 [r=0 c=2 rs=1 cs=1]
              RenderText {#text} at (1,1) size 89x18
                text run at (1,1) width 89: "Row 1, Cell 3"
        RenderTableSection {TBODY} at (0,38) size 273x63
          RenderTableRow {TR} at (0,0) size 273x21
            RenderTableCell {TD} at (0,10) size 91x22 [border: (1px solid #808080) none none none] [r=0 c=0 rs=2 cs=1]
              RenderText {#text} at (1,2) size 89x19
                text run at (1,3) width 89: "Row 2, Cell 1"
            RenderTableCell {TD} at (90,0) size 183x21 [border: (1px solid #808080) none none none] [r=0 c=1 rs=1 cs=2]
              RenderText {#text} at (1,2) size 89x18
                text run at (1,2) width 89: "Row 2, Cell 2"
          RenderTableRow {TR} at (0,21) size 273x21
            RenderTableCell {TD} at (90,21) size 92x21 [border: (1px solid #808080) none none none] [r=1 c=1 rs=1 cs=1]
              RenderText {#text} at (1,2) size 89x18
                text run at (1,2) width 89: "Row 3, Cell 2"
            RenderTableCell {TD} at (181,31) size 92x22 [border: (1px solid #808080) none none none] [r=1 c=2 rs=2 cs=1]
              RenderText {#text} at (1,2) size 89x19
                text run at (1,3) width 89: "Row 3, Cell 3"
          RenderTableRow {TR} at (0,42) size 273x21
            RenderTableCell {TD} at (0,42) size 182x21 [border: (1px solid #808080) none none none] [r=2 c=0 rs=1 cs=2]
              RenderText {#text} at (1,2) size 89x18
                text run at (1,2) width 89: "Row 4, Cell 1"
        RenderTableSection {TFOOT} at (0,101) size 273x21
          RenderTableRow {TR} at (0,0) size 273x21
            RenderTableCell {TD} at (0,0) size 91x21 [border: (1px solid #808080) none none none] [r=0 c=0 rs=1 cs=1]
              RenderText {#text} at (1,2) size 89x18
                text run at (1,2) width 89: "Row 5, Cell 1"
            RenderTableCell {TD} at (90,0) size 92x21 [border: (1px solid #808080) none none none] [r=0 c=1 rs=1 cs=1]
              RenderText {#text} at (1,2) size 89x18
                text run at (1,2) width 89: "Row 5, Cell 2"
            RenderTableCell {TD} at (181,0) size 92x21 [border: (1px solid #808080) none none none] [r=0 c=2 rs=1 cs=1]
              RenderText {#text} at (1,2) size 89x18
                text run at (1,2) width 89: "Row 5, Cell 3"
      RenderTable {TABLE} at (0,3192) size 273x123
        RenderBlock {CAPTION} at (0,0) size 273x18
          RenderInline {A} at (0,0) size 235x18
            RenderText {#text} at (16,0) size 235x18
              text run at (16,0) width 235: "Frame=\x{201C}above\x{201D} and Rules=\x{201C}rows\x{201D}"
          RenderInline (generated) at (0,0) size 7x18
            RenderText at (250,0) size 7x18
              text run at (250,0) width 7: ":"
        RenderTableSection {THEAD} at (0,18) size 273x21
          RenderTableRow {TR} at (0,0) size 273x21
            RenderTableCell {TD} at (0,0) size 91x21 [border: (1px solid #808080) none none none] [r=0 c=0 rs=1 cs=1]
              RenderText {#text} at (1,2) size 89x18
                text run at (1,2) width 89: "Row 1, Cell 1"
            RenderTableCell {TD} at (90,0) size 92x21 [border: (1px solid #808080) none none none] [r=0 c=1 rs=1 cs=1]
              RenderText {#text} at (1,2) size 89x18
                text run at (1,2) width 89: "Row 1, Cell 2"
            RenderTableCell {TD} at (181,0) size 92x21 [border: (1px solid #808080) none none none] [r=0 c=2 rs=1 cs=1]
              RenderText {#text} at (1,2) size 89x18
                text run at (1,2) width 89: "Row 1, Cell 3"
        RenderTableSection {TBODY} at (0,39) size 273x63
          RenderTableRow {TR} at (0,0) size 273x21
            RenderTableCell {TD} at (0,10) size 91x22 [border: (1px solid #808080) none none none] [r=0 c=0 rs=2 cs=1]
              RenderText {#text} at (1,2) size 89x19
                text run at (1,3) width 89: "Row 2, Cell 1"
            RenderTableCell {TD} at (90,0) size 183x21 [border: (1px solid #808080) none none none] [r=0 c=1 rs=1 cs=2]
              RenderText {#text} at (1,2) size 89x18
                text run at (1,2) width 89: "Row 2, Cell 2"
          RenderTableRow {TR} at (0,21) size 273x21
            RenderTableCell {TD} at (90,21) size 92x21 [border: (1px solid #808080) none none none] [r=1 c=1 rs=1 cs=1]
              RenderText {#text} at (1,2) size 89x18
                text run at (1,2) width 89: "Row 3, Cell 2"
            RenderTableCell {TD} at (181,31) size 92x22 [border: (1px solid #808080) none none none] [r=1 c=2 rs=2 cs=1]
              RenderText {#text} at (1,2) size 89x19
                text run at (1,3) width 89: "Row 3, Cell 3"
          RenderTableRow {TR} at (0,42) size 273x21
            RenderTableCell {TD} at (0,42) size 182x21 [border: (1px solid #808080) none none none] [r=2 c=0 rs=1 cs=2]
              RenderText {#text} at (1,2) size 89x18
                text run at (1,2) width 89: "Row 4, Cell 1"
        RenderTableSection {TFOOT} at (0,102) size 273x21
          RenderTableRow {TR} at (0,0) size 273x21
            RenderTableCell {TD} at (0,0) size 91x21 [border: (1px solid #808080) none none none] [r=0 c=0 rs=1 cs=1]
              RenderText {#text} at (1,2) size 89x18
                text run at (1,2) width 89: "Row 5, Cell 1"
            RenderTableCell {TD} at (90,0) size 92x21 [border: (1px solid #808080) none none none] [r=0 c=1 rs=1 cs=1]
              RenderText {#text} at (1,2) size 89x18
                text run at (1,2) width 89: "Row 5, Cell 2"
            RenderTableCell {TD} at (181,0) size 92x21 [border: (1px solid #808080) none none none] [r=0 c=2 rs=1 cs=1]
              RenderText {#text} at (1,2) size 89x18
                text run at (1,2) width 89: "Row 5, Cell 3"
      RenderTable {TABLE} at (0,3363) size 273x123 [border: none (1px solid #808080) none]
        RenderBlock {CAPTION} at (0,0) size 273x18
          RenderInline {A} at (0,0) size 235x18
            RenderText {#text} at (16,0) size 235x18
              text run at (16,0) width 235: "Frame=\x{201C}below\x{201D} and Rules=\x{201C}rows\x{201D}"
          RenderInline (generated) at (0,0) size 7x18
            RenderText at (250,0) size 7x18
              text run at (250,0) width 7: ":"
        RenderTableSection {THEAD} at (0,18) size 273x20
          RenderTableRow {TR} at (0,0) size 273x20
            RenderTableCell {TD} at (0,0) size 91x20 [r=0 c=0 rs=1 cs=1]
              RenderText {#text} at (1,1) size 89x18
                text run at (1,1) width 89: "Row 1, Cell 1"
            RenderTableCell {TD} at (90,0) size 92x20 [r=0 c=1 rs=1 cs=1]
              RenderText {#text} at (1,1) size 89x18
                text run at (1,1) width 89: "Row 1, Cell 2"
            RenderTableCell {TD} at (181,0) size 92x20 [r=0 c=2 rs=1 cs=1]
              RenderText {#text} at (1,1) size 89x18
                text run at (1,1) width 89: "Row 1, Cell 3"
        RenderTableSection {TBODY} at (0,38) size 273x63
          RenderTableRow {TR} at (0,0) size 273x21
            RenderTableCell {TD} at (0,10) size 91x22 [border: (1px solid #808080) none none none] [r=0 c=0 rs=2 cs=1]
              RenderText {#text} at (1,2) size 89x19
                text run at (1,3) width 89: "Row 2, Cell 1"
            RenderTableCell {TD} at (90,0) size 183x21 [border: (1px solid #808080) none none none] [r=0 c=1 rs=1 cs=2]
              RenderText {#text} at (1,2) size 89x18
                text run at (1,2) width 89: "Row 2, Cell 2"
          RenderTableRow {TR} at (0,21) size 273x21
            RenderTableCell {TD} at (90,21) size 92x21 [border: (1px solid #808080) none none none] [r=1 c=1 rs=1 cs=1]
              RenderText {#text} at (1,2) size 89x18
                text run at (1,2) width 89: "Row 3, Cell 2"
            RenderTableCell {TD} at (181,31) size 92x22 [border: (1px solid #808080) none none none] [r=1 c=2 rs=2 cs=1]
              RenderText {#text} at (1,2) size 89x19
                text run at (1,3) width 89: "Row 3, Cell 3"
          RenderTableRow {TR} at (0,42) size 273x21
            RenderTableCell {TD} at (0,42) size 182x21 [border: (1px solid #808080) none none none] [r=2 c=0 rs=1 cs=2]
              RenderText {#text} at (1,2) size 89x18
                text run at (1,2) width 89: "Row 4, Cell 1"
        RenderTableSection {TFOOT} at (0,101) size 273x21
          RenderTableRow {TR} at (0,0) size 273x21
            RenderTableCell {TD} at (0,0) size 91x21 [border: (1px solid #808080) none none none] [r=0 c=0 rs=1 cs=1]
              RenderText {#text} at (1,2) size 89x18
                text run at (1,2) width 89: "Row 5, Cell 1"
            RenderTableCell {TD} at (90,0) size 92x21 [border: (1px solid #808080) none none none] [r=0 c=1 rs=1 cs=1]
              RenderText {#text} at (1,2) size 89x18
                text run at (1,2) width 89: "Row 5, Cell 2"
            RenderTableCell {TD} at (181,0) size 92x21 [border: (1px solid #808080) none none none] [r=0 c=2 rs=1 cs=1]
              RenderText {#text} at (1,2) size 89x18
                text run at (1,2) width 89: "Row 5, Cell 3"
      RenderTable {TABLE} at (0,3534) size 273x124 [border: none none (1px solid #808080) none]
        RenderBlock {CAPTION} at (0,0) size 273x18
          RenderInline {A} at (0,0) size 238x18
            RenderText {#text} at (15,0) size 238x18
              text run at (15,0) width 238: "Frame=\x{201C}hsides\x{201D} and Rules=\x{201C}rows\x{201D}"
          RenderInline (generated) at (0,0) size 6x18
            RenderText at (252,0) size 6x18
              text run at (252,0) width 6: ":"
        RenderTableSection {THEAD} at (0,18) size 273x21
          RenderTableRow {TR} at (0,0) size 273x21
            RenderTableCell {TD} at (0,0) size 91x21 [border: (1px solid #808080) none none none] [r=0 c=0 rs=1 cs=1]
              RenderText {#text} at (1,2) size 89x18
                text run at (1,2) width 89: "Row 1, Cell 1"
            RenderTableCell {TD} at (90,0) size 92x21 [border: (1px solid #808080) none none none] [r=0 c=1 rs=1 cs=1]
              RenderText {#text} at (1,2) size 89x18
                text run at (1,2) width 89: "Row 1, Cell 2"
            RenderTableCell {TD} at (181,0) size 92x21 [border: (1px solid #808080) none none none] [r=0 c=2 rs=1 cs=1]
              RenderText {#text} at (1,2) size 89x18
                text run at (1,2) width 89: "Row 1, Cell 3"
        RenderTableSection {TBODY} at (0,39) size 273x63
          RenderTableRow {TR} at (0,0) size 273x21
            RenderTableCell {TD} at (0,10) size 91x22 [border: (1px solid #808080) none none none] [r=0 c=0 rs=2 cs=1]
              RenderText {#text} at (1,2) size 89x19
                text run at (1,3) width 89: "Row 2, Cell 1"
            RenderTableCell {TD} at (90,0) size 183x21 [border: (1px solid #808080) none none none] [r=0 c=1 rs=1 cs=2]
              RenderText {#text} at (1,2) size 89x18
                text run at (1,2) width 89: "Row 2, Cell 2"
          RenderTableRow {TR} at (0,21) size 273x21
            RenderTableCell {TD} at (90,21) size 92x21 [border: (1px solid #808080) none none none] [r=1 c=1 rs=1 cs=1]
              RenderText {#text} at (1,2) size 89x18
                text run at (1,2) width 89: "Row 3, Cell 2"
            RenderTableCell {TD} at (181,31) size 92x22 [border: (1px solid #808080) none none none] [r=1 c=2 rs=2 cs=1]
              RenderText {#text} at (1,2) size 89x19
                text run at (1,3) width 89: "Row 3, Cell 3"
          RenderTableRow {TR} at (0,42) size 273x21
            RenderTableCell {TD} at (0,42) size 182x21 [border: (1px solid #808080) none none none] [r=2 c=0 rs=1 cs=2]
              RenderText {#text} at (1,2) size 89x18
                text run at (1,2) width 89: "Row 4, Cell 1"
        RenderTableSection {TFOOT} at (0,102) size 273x21
          RenderTableRow {TR} at (0,0) size 273x21
            RenderTableCell {TD} at (0,0) size 91x21 [border: (1px solid #808080) none none none] [r=0 c=0 rs=1 cs=1]
              RenderText {#text} at (1,2) size 89x18
                text run at (1,2) width 89: "Row 5, Cell 1"
            RenderTableCell {TD} at (90,0) size 92x21 [border: (1px solid #808080) none none none] [r=0 c=1 rs=1 cs=1]
              RenderText {#text} at (1,2) size 89x18
                text run at (1,2) width 89: "Row 5, Cell 2"
            RenderTableCell {TD} at (181,0) size 92x21 [border: (1px solid #808080) none none none] [r=0 c=2 rs=1 cs=1]
              RenderText {#text} at (1,2) size 89x18
                text run at (1,2) width 89: "Row 5, Cell 3"
      RenderTable {TABLE} at (0,3706) size 275x122 [border: none (1px solid #808080) none none]
        RenderBlock {CAPTION} at (0,0) size 275x18
          RenderInline {A} at (0,0) size 236x18
            RenderText {#text} at (17,0) size 236x18
              text run at (17,0) width 236: "Frame=\x{201C}vsides\x{201D} and Rules=\x{201C}rows\x{201D}"
          RenderInline (generated) at (0,0) size 6x18
            RenderText at (252,0) size 6x18
              text run at (252,0) width 6: ":"
        RenderTableSection {THEAD} at (0,18) size 274x20
          RenderTableRow {TR} at (0,0) size 274x20
            RenderTableCell {TD} at (0,0) size 92x20 [border: none none none (1px none #808080)] [r=0 c=0 rs=1 cs=1]
              RenderText {#text} at (2,1) size 89x18
                text run at (2,1) width 89: "Row 1, Cell 1"
            RenderTableCell {TD} at (91,0) size 92x20 [r=0 c=1 rs=1 cs=1]
              RenderText {#text} at (1,1) size 89x18
                text run at (1,1) width 89: "Row 1, Cell 2"
            RenderTableCell {TD} at (182,0) size 92x20 [r=0 c=2 rs=1 cs=1]
              RenderText {#text} at (1,1) size 89x18
                text run at (1,1) width 89: "Row 1, Cell 3"
        RenderTableSection {TBODY} at (0,38) size 274x63
          RenderTableRow {TR} at (0,0) size 274x21
            RenderTableCell {TD} at (0,10) size 92x22 [border: (1px solid #808080) none none (1px none #808080)] [r=0 c=0 rs=2 cs=1]
              RenderText {#text} at (2,2) size 89x19
                text run at (2,3) width 89: "Row 2, Cell 1"
            RenderTableCell {TD} at (91,0) size 183x21 [border: (1px solid #808080) none none none] [r=0 c=1 rs=1 cs=2]
              RenderText {#text} at (1,2) size 89x18
                text run at (1,2) width 89: "Row 2, Cell 2"
          RenderTableRow {TR} at (0,21) size 274x21
            RenderTableCell {TD} at (91,21) size 92x21 [border: (1px solid #808080) none none none] [r=1 c=1 rs=1 cs=1]
              RenderText {#text} at (1,2) size 89x18
                text run at (1,2) width 89: "Row 3, Cell 2"
            RenderTableCell {TD} at (182,31) size 92x22 [border: (1px solid #808080) none none none] [r=1 c=2 rs=2 cs=1]
              RenderText {#text} at (1,2) size 89x19
                text run at (1,3) width 89: "Row 3, Cell 3"
          RenderTableRow {TR} at (0,42) size 274x21
            RenderTableCell {TD} at (0,42) size 183x21 [border: (1px solid #808080) none none (1px none #808080)] [r=2 c=0 rs=1 cs=2]
              RenderText {#text} at (2,2) size 89x18
                text run at (2,2) width 89: "Row 4, Cell 1"
        RenderTableSection {TFOOT} at (0,101) size 274x21
          RenderTableRow {TR} at (0,0) size 274x21
            RenderTableCell {TD} at (0,0) size 92x21 [border: (1px solid #808080) none none (1px none #808080)] [r=0 c=0 rs=1 cs=1]
              RenderText {#text} at (2,2) size 89x18
                text run at (2,2) width 89: "Row 5, Cell 1"
            RenderTableCell {TD} at (91,0) size 92x21 [border: (1px solid #808080) none none none] [r=0 c=1 rs=1 cs=1]
              RenderText {#text} at (1,2) size 89x18
                text run at (1,2) width 89: "Row 5, Cell 2"
            RenderTableCell {TD} at (182,0) size 92x21 [border: (1px solid #808080) none none none] [r=0 c=2 rs=1 cs=1]
              RenderText {#text} at (1,2) size 89x18
                text run at (1,2) width 89: "Row 5, Cell 3"
      RenderTable {TABLE} at (0,3876) size 274x122
        RenderBlock {CAPTION} at (0,0) size 274x18
          RenderInline {A} at (0,0) size 216x18
            RenderText {#text} at (26,0) size 216x18
              text run at (26,0) width 216: "Frame=\x{201C}lhs\x{201D} and Rules=\x{201C}rows\x{201D}"
          RenderInline (generated) at (0,0) size 7x18
            RenderText at (241,0) size 7x18
              text run at (241,0) width 7: ":"
        RenderTableSection {THEAD} at (0,18) size 274x20
          RenderTableRow {TR} at (0,0) size 274x20
            RenderTableCell {TD} at (0,0) size 92x20 [border: none none none (1px none #808080)] [r=0 c=0 rs=1 cs=1]
              RenderText {#text} at (2,1) size 89x18
                text run at (2,1) width 89: "Row 1, Cell 1"
            RenderTableCell {TD} at (91,0) size 92x20 [r=0 c=1 rs=1 cs=1]
              RenderText {#text} at (1,1) size 89x18
                text run at (1,1) width 89: "Row 1, Cell 2"
            RenderTableCell {TD} at (182,0) size 92x20 [r=0 c=2 rs=1 cs=1]
              RenderText {#text} at (1,1) size 89x18
                text run at (1,1) width 89: "Row 1, Cell 3"
        RenderTableSection {TBODY} at (0,38) size 274x63
          RenderTableRow {TR} at (0,0) size 274x21
            RenderTableCell {TD} at (0,10) size 92x22 [border: (1px solid #808080) none none (1px none #808080)] [r=0 c=0 rs=2 cs=1]
              RenderText {#text} at (2,2) size 89x19
                text run at (2,3) width 89: "Row 2, Cell 1"
            RenderTableCell {TD} at (91,0) size 183x21 [border: (1px solid #808080) none none none] [r=0 c=1 rs=1 cs=2]
              RenderText {#text} at (1,2) size 89x18
                text run at (1,2) width 89: "Row 2, Cell 2"
          RenderTableRow {TR} at (0,21) size 274x21
            RenderTableCell {TD} at (91,21) size 92x21 [border: (1px solid #808080) none none none] [r=1 c=1 rs=1 cs=1]
              RenderText {#text} at (1,2) size 89x18
                text run at (1,2) width 89: "Row 3, Cell 2"
            RenderTableCell {TD} at (182,31) size 92x22 [border: (1px solid #808080) none none none] [r=1 c=2 rs=2 cs=1]
              RenderText {#text} at (1,2) size 89x19
                text run at (1,3) width 89: "Row 3, Cell 3"
          RenderTableRow {TR} at (0,42) size 274x21
            RenderTableCell {TD} at (0,42) size 183x21 [border: (1px solid #808080) none none (1px none #808080)] [r=2 c=0 rs=1 cs=2]
              RenderText {#text} at (2,2) size 89x18
                text run at (2,2) width 89: "Row 4, Cell 1"
        RenderTableSection {TFOOT} at (0,101) size 274x21
          RenderTableRow {TR} at (0,0) size 274x21
            RenderTableCell {TD} at (0,0) size 92x21 [border: (1px solid #808080) none none (1px none #808080)] [r=0 c=0 rs=1 cs=1]
              RenderText {#text} at (2,2) size 89x18
                text run at (2,2) width 89: "Row 5, Cell 1"
            RenderTableCell {TD} at (91,0) size 92x21 [border: (1px solid #808080) none none none] [r=0 c=1 rs=1 cs=1]
              RenderText {#text} at (1,2) size 89x18
                text run at (1,2) width 89: "Row 5, Cell 2"
            RenderTableCell {TD} at (182,0) size 92x21 [border: (1px solid #808080) none none none] [r=0 c=2 rs=1 cs=1]
              RenderText {#text} at (1,2) size 89x18
                text run at (1,2) width 89: "Row 5, Cell 3"
      RenderTable {TABLE} at (0,4046) size 274x122 [border: none (1px solid #808080) none]
        RenderBlock {CAPTION} at (0,0) size 274x18
          RenderInline {A} at (0,0) size 218x18
            RenderText {#text} at (25,0) size 218x18
              text run at (25,0) width 218: "Frame=\x{201C}rhs\x{201D} and Rules=\x{201C}rows\x{201D}"
          RenderInline (generated) at (0,0) size 7x18
            RenderText at (242,0) size 7x18
              text run at (242,0) width 7: ":"
        RenderTableSection {THEAD} at (0,18) size 273x20
          RenderTableRow {TR} at (0,0) size 273x20
            RenderTableCell {TD} at (0,0) size 91x20 [r=0 c=0 rs=1 cs=1]
              RenderText {#text} at (1,1) size 89x18
                text run at (1,1) width 89: "Row 1, Cell 1"
            RenderTableCell {TD} at (90,0) size 92x20 [r=0 c=1 rs=1 cs=1]
              RenderText {#text} at (1,1) size 89x18
                text run at (1,1) width 89: "Row 1, Cell 2"
            RenderTableCell {TD} at (181,0) size 92x20 [r=0 c=2 rs=1 cs=1]
              RenderText {#text} at (1,1) size 89x18
                text run at (1,1) width 89: "Row 1, Cell 3"
        RenderTableSection {TBODY} at (0,38) size 273x63
          RenderTableRow {TR} at (0,0) size 273x21
            RenderTableCell {TD} at (0,10) size 91x22 [border: (1px solid #808080) none none none] [r=0 c=0 rs=2 cs=1]
              RenderText {#text} at (1,2) size 89x19
                text run at (1,3) width 89: "Row 2, Cell 1"
            RenderTableCell {TD} at (90,0) size 183x21 [border: (1px solid #808080) none none none] [r=0 c=1 rs=1 cs=2]
              RenderText {#text} at (1,2) size 89x18
                text run at (1,2) width 89: "Row 2, Cell 2"
          RenderTableRow {TR} at (0,21) size 273x21
            RenderTableCell {TD} at (90,21) size 92x21 [border: (1px solid #808080) none none none] [r=1 c=1 rs=1 cs=1]
              RenderText {#text} at (1,2) size 89x18
                text run at (1,2) width 89: "Row 3, Cell 2"
            RenderTableCell {TD} at (181,31) size 92x22 [border: (1px solid #808080) none none none] [r=1 c=2 rs=2 cs=1]
              RenderText {#text} at (1,2) size 89x19
                text run at (1,3) width 89: "Row 3, Cell 3"
          RenderTableRow {TR} at (0,42) size 273x21
            RenderTableCell {TD} at (0,42) size 182x21 [border: (1px solid #808080) none none none] [r=2 c=0 rs=1 cs=2]
              RenderText {#text} at (1,2) size 89x18
                text run at (1,2) width 89: "Row 4, Cell 1"
        RenderTableSection {TFOOT} at (0,101) size 273x21
          RenderTableRow {TR} at (0,0) size 273x21
            RenderTableCell {TD} at (0,0) size 91x21 [border: (1px solid #808080) none none none] [r=0 c=0 rs=1 cs=1]
              RenderText {#text} at (1,2) size 89x18
                text run at (1,2) width 89: "Row 5, Cell 1"
            RenderTableCell {TD} at (90,0) size 92x21 [border: (1px solid #808080) none none none] [r=0 c=1 rs=1 cs=1]
              RenderText {#text} at (1,2) size 89x18
                text run at (1,2) width 89: "Row 5, Cell 2"
            RenderTableCell {TD} at (181,0) size 92x21 [border: (1px solid #808080) none none none] [r=0 c=2 rs=1 cs=1]
              RenderText {#text} at (1,2) size 89x18
                text run at (1,2) width 89: "Row 5, Cell 3"
      RenderTable {TABLE} at (0,4216) size 275x124 [border: none]
        RenderBlock {CAPTION} at (0,0) size 275x18
          RenderInline {A} at (0,0) size 221x18
            RenderText {#text} at (24,0) size 221x18
              text run at (24,0) width 221: "Frame=\x{201C}box\x{201D} and Rules=\x{201C}rows\x{201D}"
          RenderInline (generated) at (0,0) size 7x18
            RenderText at (244,0) size 7x18
              text run at (244,0) width 7: ":"
        RenderTableSection {THEAD} at (0,18) size 274x21
          RenderTableRow {TR} at (0,0) size 274x21
            RenderTableCell {TD} at (0,0) size 92x21 [border: (1px solid #808080) none none (1px none #808080)] [r=0 c=0 rs=1 cs=1]
              RenderText {#text} at (2,2) size 89x18
                text run at (2,2) width 89: "Row 1, Cell 1"
            RenderTableCell {TD} at (91,0) size 92x21 [border: (1px solid #808080) none none none] [r=0 c=1 rs=1 cs=1]
              RenderText {#text} at (1,2) size 89x18
                text run at (1,2) width 89: "Row 1, Cell 2"
            RenderTableCell {TD} at (182,0) size 92x21 [border: (1px solid #808080) none none none] [r=0 c=2 rs=1 cs=1]
              RenderText {#text} at (1,2) size 89x18
                text run at (1,2) width 89: "Row 1, Cell 3"
        RenderTableSection {TBODY} at (0,39) size 274x63
          RenderTableRow {TR} at (0,0) size 274x21
            RenderTableCell {TD} at (0,10) size 92x22 [border: (1px solid #808080) none none (1px none #808080)] [r=0 c=0 rs=2 cs=1]
              RenderText {#text} at (2,2) size 89x19
                text run at (2,3) width 89: "Row 2, Cell 1"
            RenderTableCell {TD} at (91,0) size 183x21 [border: (1px solid #808080) none none none] [r=0 c=1 rs=1 cs=2]
              RenderText {#text} at (1,2) size 89x18
                text run at (1,2) width 89: "Row 2, Cell 2"
          RenderTableRow {TR} at (0,21) size 274x21
            RenderTableCell {TD} at (91,21) size 92x21 [border: (1px solid #808080) none none none] [r=1 c=1 rs=1 cs=1]
              RenderText {#text} at (1,2) size 89x18
                text run at (1,2) width 89: "Row 3, Cell 2"
            RenderTableCell {TD} at (182,31) size 92x22 [border: (1px solid #808080) none none none] [r=1 c=2 rs=2 cs=1]
              RenderText {#text} at (1,2) size 89x19
                text run at (1,3) width 89: "Row 3, Cell 3"
          RenderTableRow {TR} at (0,42) size 274x21
            RenderTableCell {TD} at (0,42) size 183x21 [border: (1px solid #808080) none none (1px none #808080)] [r=2 c=0 rs=1 cs=2]
              RenderText {#text} at (2,2) size 89x18
                text run at (2,2) width 89: "Row 4, Cell 1"
        RenderTableSection {TFOOT} at (0,102) size 274x21
          RenderTableRow {TR} at (0,0) size 274x21
            RenderTableCell {TD} at (0,0) size 92x21 [border: (1px solid #808080) none none (1px none #808080)] [r=0 c=0 rs=1 cs=1]
              RenderText {#text} at (2,2) size 89x18
                text run at (2,2) width 89: "Row 5, Cell 1"
            RenderTableCell {TD} at (91,0) size 92x21 [border: (1px solid #808080) none none none] [r=0 c=1 rs=1 cs=1]
              RenderText {#text} at (1,2) size 89x18
                text run at (1,2) width 89: "Row 5, Cell 2"
            RenderTableCell {TD} at (182,0) size 92x21 [border: (1px solid #808080) none none none] [r=0 c=2 rs=1 cs=1]
              RenderText {#text} at (1,2) size 89x18
                text run at (1,2) width 89: "Row 5, Cell 3"
      RenderTable {TABLE} at (0,4388) size 275x124 [border: none]
        RenderBlock {CAPTION} at (0,0) size 275x18
          RenderInline {A} at (0,0) size 241x18
            RenderText {#text} at (14,0) size 241x18
              text run at (14,0) width 241: "Frame=\x{201C}border\x{201D} and Rules=\x{201C}rows\x{201D}"
          RenderInline (generated) at (0,0) size 6x18
            RenderText at (254,0) size 6x18
              text run at (254,0) width 6: ":"
        RenderTableSection {THEAD} at (0,18) size 274x21
          RenderTableRow {TR} at (0,0) size 274x21
            RenderTableCell {TD} at (0,0) size 92x21 [border: (1px solid #808080) none none (1px none #808080)] [r=0 c=0 rs=1 cs=1]
              RenderText {#text} at (2,2) size 89x18
                text run at (2,2) width 89: "Row 1, Cell 1"
            RenderTableCell {TD} at (91,0) size 92x21 [border: (1px solid #808080) none none none] [r=0 c=1 rs=1 cs=1]
              RenderText {#text} at (1,2) size 89x18
                text run at (1,2) width 89: "Row 1, Cell 2"
            RenderTableCell {TD} at (182,0) size 92x21 [border: (1px solid #808080) none none none] [r=0 c=2 rs=1 cs=1]
              RenderText {#text} at (1,2) size 89x18
                text run at (1,2) width 89: "Row 1, Cell 3"
        RenderTableSection {TBODY} at (0,39) size 274x63
          RenderTableRow {TR} at (0,0) size 274x21
            RenderTableCell {TD} at (0,10) size 92x22 [border: (1px solid #808080) none none (1px none #808080)] [r=0 c=0 rs=2 cs=1]
              RenderText {#text} at (2,2) size 89x19
                text run at (2,3) width 89: "Row 2, Cell 1"
            RenderTableCell {TD} at (91,0) size 183x21 [border: (1px solid #808080) none none none] [r=0 c=1 rs=1 cs=2]
              RenderText {#text} at (1,2) size 89x18
                text run at (1,2) width 89: "Row 2, Cell 2"
          RenderTableRow {TR} at (0,21) size 274x21
            RenderTableCell {TD} at (91,21) size 92x21 [border: (1px solid #808080) none none none] [r=1 c=1 rs=1 cs=1]
              RenderText {#text} at (1,2) size 89x18
                text run at (1,2) width 89: "Row 3, Cell 2"
            RenderTableCell {TD} at (182,31) size 92x22 [border: (1px solid #808080) none none none] [r=1 c=2 rs=2 cs=1]
              RenderText {#text} at (1,2) size 89x19
                text run at (1,3) width 89: "Row 3, Cell 3"
          RenderTableRow {TR} at (0,42) size 274x21
            RenderTableCell {TD} at (0,42) size 183x21 [border: (1px solid #808080) none none (1px none #808080)] [r=2 c=0 rs=1 cs=2]
              RenderText {#text} at (2,2) size 89x18
                text run at (2,2) width 89: "Row 4, Cell 1"
        RenderTableSection {TFOOT} at (0,102) size 274x21
          RenderTableRow {TR} at (0,0) size 274x21
            RenderTableCell {TD} at (0,0) size 92x21 [border: (1px solid #808080) none none (1px none #808080)] [r=0 c=0 rs=1 cs=1]
              RenderText {#text} at (2,2) size 89x18
                text run at (2,2) width 89: "Row 5, Cell 1"
            RenderTableCell {TD} at (91,0) size 92x21 [border: (1px solid #808080) none none none] [r=0 c=1 rs=1 cs=1]
              RenderText {#text} at (1,2) size 89x18
                text run at (1,2) width 89: "Row 5, Cell 2"
            RenderTableCell {TD} at (182,0) size 92x21 [border: (1px solid #808080) none none none] [r=0 c=2 rs=1 cs=1]
              RenderText {#text} at (1,2) size 89x18
                text run at (1,2) width 89: "Row 5, Cell 3"
      RenderTable {TABLE} at (0,4560) size 275x118
        RenderBlock {CAPTION} at (0,0) size 275x18
          RenderInline {A} at (0,0) size 219x18
            RenderText {#text} at (25,0) size 219x18
              text run at (25,0) width 219: "Frame=\x{201C}void\x{201D} and Rules=\x{201C}cols\x{201D}"
          RenderInline (generated) at (0,0) size 7x18
            RenderText at (243,0) size 7x18
              text run at (243,0) width 7: ":"
        RenderTableSection {THEAD} at (0,18) size 275x20
          RenderTableRow {TR} at (0,0) size 275x20
            RenderTableCell {TD} at (0,0) size 91x20 [r=0 c=0 rs=1 cs=1]
              RenderText {#text} at (1,1) size 89x18
                text run at (1,1) width 89: "Row 1, Cell 1"
            RenderTableCell {TD} at (90,0) size 93x20 [border: none none none (1px solid #808080)] [r=0 c=1 rs=1 cs=1]
              RenderText {#text} at (2,1) size 89x18
                text run at (2,1) width 89: "Row 1, Cell 2"
            RenderTableCell {TD} at (182,0) size 93x20 [border: none none none (1px solid #808080)] [r=0 c=2 rs=1 cs=1]
              RenderText {#text} at (2,1) size 89x18
                text run at (2,1) width 89: "Row 1, Cell 3"
        RenderTableSection {TBODY} at (0,38) size 275x60
          RenderTableRow {TR} at (0,0) size 275x20
            RenderTableCell {TD} at (0,10) size 91x20 [r=0 c=0 rs=2 cs=1]
              RenderText {#text} at (1,1) size 89x18
                text run at (1,1) width 89: "Row 2, Cell 1"
            RenderTableCell {TD} at (90,0) size 185x20 [border: none none none (1px solid #808080)] [r=0 c=1 rs=1 cs=2]
              RenderText {#text} at (2,1) size 89x18
                text run at (2,1) width 89: "Row 2, Cell 2"
          RenderTableRow {TR} at (0,20) size 275x20
            RenderTableCell {TD} at (90,20) size 93x20 [border: none none none (1px solid #808080)] [r=1 c=1 rs=1 cs=1]
              RenderText {#text} at (2,1) size 89x18
                text run at (2,1) width 89: "Row 3, Cell 2"
            RenderTableCell {TD} at (182,30) size 93x20 [border: none none none (1px solid #808080)] [r=1 c=2 rs=2 cs=1]
              RenderText {#text} at (2,1) size 89x18
                text run at (2,1) width 89: "Row 3, Cell 3"
          RenderTableRow {TR} at (0,40) size 275x20
            RenderTableCell {TD} at (0,40) size 183x20 [r=2 c=0 rs=1 cs=2]
              RenderText {#text} at (1,1) size 89x18
                text run at (1,1) width 89: "Row 4, Cell 1"
        RenderTableSection {TFOOT} at (0,98) size 275x20
          RenderTableRow {TR} at (0,0) size 275x20
            RenderTableCell {TD} at (0,0) size 91x20 [r=0 c=0 rs=1 cs=1]
              RenderText {#text} at (1,1) size 89x18
                text run at (1,1) width 89: "Row 5, Cell 1"
            RenderTableCell {TD} at (90,0) size 93x20 [border: none none none (1px solid #808080)] [r=0 c=1 rs=1 cs=1]
              RenderText {#text} at (2,1) size 89x18
                text run at (2,1) width 89: "Row 5, Cell 2"
            RenderTableCell {TD} at (182,0) size 93x20 [border: none none none (1px solid #808080)] [r=0 c=2 rs=1 cs=1]
              RenderText {#text} at (2,1) size 89x18
                text run at (2,1) width 89: "Row 5, Cell 3"
      RenderTable {TABLE} at (0,4726) size 275x119
        RenderBlock {CAPTION} at (0,0) size 275x18
          RenderInline {A} at (0,0) size 230x18
            RenderText {#text} at (20,0) size 230x18
              text run at (20,0) width 230: "Frame=\x{201C}above\x{201D} and Rules=\x{201C}cols\x{201D}"
          RenderInline (generated) at (0,0) size 6x18
            RenderText at (249,0) size 6x18
              text run at (249,0) width 6: ":"
        RenderTableSection {THEAD} at (0,18) size 275x21
          RenderTableRow {TR} at (0,0) size 275x21
            RenderTableCell {TD} at (0,0) size 91x21 [border: (1px none #808080) none none none] [r=0 c=0 rs=1 cs=1]
              RenderText {#text} at (1,2) size 89x18
                text run at (1,2) width 89: "Row 1, Cell 1"
            RenderTableCell {TD} at (90,0) size 93x21 [border: (1px none #808080) none none (1px solid #808080)] [r=0 c=1 rs=1 cs=1]
              RenderText {#text} at (2,2) size 89x18
                text run at (2,2) width 89: "Row 1, Cell 2"
            RenderTableCell {TD} at (182,0) size 93x21 [border: (1px none #808080) none none (1px solid #808080)] [r=0 c=2 rs=1 cs=1]
              RenderText {#text} at (2,2) size 89x18
                text run at (2,2) width 89: "Row 1, Cell 3"
        RenderTableSection {TBODY} at (0,39) size 275x60
          RenderTableRow {TR} at (0,0) size 275x20
            RenderTableCell {TD} at (0,10) size 91x20 [r=0 c=0 rs=2 cs=1]
              RenderText {#text} at (1,1) size 89x18
                text run at (1,1) width 89: "Row 2, Cell 1"
            RenderTableCell {TD} at (90,0) size 185x20 [border: none none none (1px solid #808080)] [r=0 c=1 rs=1 cs=2]
              RenderText {#text} at (2,1) size 89x18
                text run at (2,1) width 89: "Row 2, Cell 2"
          RenderTableRow {TR} at (0,20) size 275x20
            RenderTableCell {TD} at (90,20) size 93x20 [border: none none none (1px solid #808080)] [r=1 c=1 rs=1 cs=1]
              RenderText {#text} at (2,1) size 89x18
                text run at (2,1) width 89: "Row 3, Cell 2"
            RenderTableCell {TD} at (182,30) size 93x20 [border: none none none (1px solid #808080)] [r=1 c=2 rs=2 cs=1]
              RenderText {#text} at (2,1) size 89x18
                text run at (2,1) width 89: "Row 3, Cell 3"
          RenderTableRow {TR} at (0,40) size 275x20
            RenderTableCell {TD} at (0,40) size 183x20 [r=2 c=0 rs=1 cs=2]
              RenderText {#text} at (1,1) size 89x18
                text run at (1,1) width 89: "Row 4, Cell 1"
        RenderTableSection {TFOOT} at (0,99) size 275x20
          RenderTableRow {TR} at (0,0) size 275x20
            RenderTableCell {TD} at (0,0) size 91x20 [r=0 c=0 rs=1 cs=1]
              RenderText {#text} at (1,1) size 89x18
                text run at (1,1) width 89: "Row 5, Cell 1"
            RenderTableCell {TD} at (90,0) size 93x20 [border: none none none (1px solid #808080)] [r=0 c=1 rs=1 cs=1]
              RenderText {#text} at (2,1) size 89x18
                text run at (2,1) width 89: "Row 5, Cell 2"
            RenderTableCell {TD} at (182,0) size 93x20 [border: none none none (1px solid #808080)] [r=0 c=2 rs=1 cs=1]
              RenderText {#text} at (2,1) size 89x18
                text run at (2,1) width 89: "Row 5, Cell 3"
      RenderTable {TABLE} at (0,4893) size 275x119 [border: none (1px solid #808080) none]
        RenderBlock {CAPTION} at (0,0) size 275x18
          RenderInline {A} at (0,0) size 230x18
            RenderText {#text} at (20,0) size 230x18
              text run at (20,0) width 230: "Frame=\x{201C}below\x{201D} and Rules=\x{201C}cols\x{201D}"
          RenderInline (generated) at (0,0) size 6x18
            RenderText at (249,0) size 6x18
              text run at (249,0) width 6: ":"
        RenderTableSection {THEAD} at (0,18) size 275x20
          RenderTableRow {TR} at (0,0) size 275x20
            RenderTableCell {TD} at (0,0) size 91x20 [r=0 c=0 rs=1 cs=1]
              RenderText {#text} at (1,1) size 89x18
                text run at (1,1) width 89: "Row 1, Cell 1"
            RenderTableCell {TD} at (90,0) size 93x20 [border: none none none (1px solid #808080)] [r=0 c=1 rs=1 cs=1]
              RenderText {#text} at (2,1) size 89x18
                text run at (2,1) width 89: "Row 1, Cell 2"
            RenderTableCell {TD} at (182,0) size 93x20 [border: none none none (1px solid #808080)] [r=0 c=2 rs=1 cs=1]
              RenderText {#text} at (2,1) size 89x18
                text run at (2,1) width 89: "Row 1, Cell 3"
        RenderTableSection {TBODY} at (0,38) size 275x60
          RenderTableRow {TR} at (0,0) size 275x20
            RenderTableCell {TD} at (0,10) size 91x20 [r=0 c=0 rs=2 cs=1]
              RenderText {#text} at (1,1) size 89x18
                text run at (1,1) width 89: "Row 2, Cell 1"
            RenderTableCell {TD} at (90,0) size 185x20 [border: none none none (1px solid #808080)] [r=0 c=1 rs=1 cs=2]
              RenderText {#text} at (2,1) size 89x18
                text run at (2,1) width 89: "Row 2, Cell 2"
          RenderTableRow {TR} at (0,20) size 275x20
            RenderTableCell {TD} at (90,20) size 93x20 [border: none none none (1px solid #808080)] [r=1 c=1 rs=1 cs=1]
              RenderText {#text} at (2,1) size 89x18
                text run at (2,1) width 89: "Row 3, Cell 2"
            RenderTableCell {TD} at (182,30) size 93x20 [border: none none none (1px solid #808080)] [r=1 c=2 rs=2 cs=1]
              RenderText {#text} at (2,1) size 89x18
                text run at (2,1) width 89: "Row 3, Cell 3"
          RenderTableRow {TR} at (0,40) size 275x20
            RenderTableCell {TD} at (0,40) size 183x20 [r=2 c=0 rs=1 cs=2]
              RenderText {#text} at (1,1) size 89x18
                text run at (1,1) width 89: "Row 4, Cell 1"
        RenderTableSection {TFOOT} at (0,98) size 275x20
          RenderTableRow {TR} at (0,0) size 275x20
            RenderTableCell {TD} at (0,0) size 91x20 [r=0 c=0 rs=1 cs=1]
              RenderText {#text} at (1,1) size 89x18
                text run at (1,1) width 89: "Row 5, Cell 1"
            RenderTableCell {TD} at (90,0) size 93x20 [border: none none none (1px solid #808080)] [r=0 c=1 rs=1 cs=1]
              RenderText {#text} at (2,1) size 89x18
                text run at (2,1) width 89: "Row 5, Cell 2"
            RenderTableCell {TD} at (182,0) size 93x20 [border: none none none (1px solid #808080)] [r=0 c=2 rs=1 cs=1]
              RenderText {#text} at (2,1) size 89x18
                text run at (2,1) width 89: "Row 5, Cell 3"
      RenderTable {TABLE} at (0,5060) size 275x120 [border: none none (1px solid #808080) none]
        RenderBlock {CAPTION} at (0,0) size 275x18
          RenderInline {A} at (0,0) size 233x18
            RenderText {#text} at (18,0) size 233x18
              text run at (18,0) width 233: "Frame=\x{201C}hsides\x{201D} and Rules=\x{201C}cols\x{201D}"
          RenderInline (generated) at (0,0) size 6x18
            RenderText at (250,0) size 6x18
              text run at (250,0) width 6: ":"
        RenderTableSection {THEAD} at (0,18) size 275x21
          RenderTableRow {TR} at (0,0) size 275x21
            RenderTableCell {TD} at (0,0) size 91x21 [border: (1px none #808080) none none none] [r=0 c=0 rs=1 cs=1]
              RenderText {#text} at (1,2) size 89x18
                text run at (1,2) width 89: "Row 1, Cell 1"
            RenderTableCell {TD} at (90,0) size 93x21 [border: (1px none #808080) none none (1px solid #808080)] [r=0 c=1 rs=1 cs=1]
              RenderText {#text} at (2,2) size 89x18
                text run at (2,2) width 89: "Row 1, Cell 2"
            RenderTableCell {TD} at (182,0) size 93x21 [border: (1px none #808080) none none (1px solid #808080)] [r=0 c=2 rs=1 cs=1]
              RenderText {#text} at (2,2) size 89x18
                text run at (2,2) width 89: "Row 1, Cell 3"
        RenderTableSection {TBODY} at (0,39) size 275x60
          RenderTableRow {TR} at (0,0) size 275x20
            RenderTableCell {TD} at (0,10) size 91x20 [r=0 c=0 rs=2 cs=1]
              RenderText {#text} at (1,1) size 89x18
                text run at (1,1) width 89: "Row 2, Cell 1"
            RenderTableCell {TD} at (90,0) size 185x20 [border: none none none (1px solid #808080)] [r=0 c=1 rs=1 cs=2]
              RenderText {#text} at (2,1) size 89x18
                text run at (2,1) width 89: "Row 2, Cell 2"
          RenderTableRow {TR} at (0,20) size 275x20
            RenderTableCell {TD} at (90,20) size 93x20 [border: none none none (1px solid #808080)] [r=1 c=1 rs=1 cs=1]
              RenderText {#text} at (2,1) size 89x18
                text run at (2,1) width 89: "Row 3, Cell 2"
            RenderTableCell {TD} at (182,30) size 93x20 [border: none none none (1px solid #808080)] [r=1 c=2 rs=2 cs=1]
              RenderText {#text} at (2,1) size 89x18
                text run at (2,1) width 89: "Row 3, Cell 3"
          RenderTableRow {TR} at (0,40) size 275x20
            RenderTableCell {TD} at (0,40) size 183x20 [r=2 c=0 rs=1 cs=2]
              RenderText {#text} at (1,1) size 89x18
                text run at (1,1) width 89: "Row 4, Cell 1"
        RenderTableSection {TFOOT} at (0,99) size 275x20
          RenderTableRow {TR} at (0,0) size 275x20
            RenderTableCell {TD} at (0,0) size 91x20 [r=0 c=0 rs=1 cs=1]
              RenderText {#text} at (1,1) size 89x18
                text run at (1,1) width 89: "Row 5, Cell 1"
            RenderTableCell {TD} at (90,0) size 93x20 [border: none none none (1px solid #808080)] [r=0 c=1 rs=1 cs=1]
              RenderText {#text} at (2,1) size 89x18
                text run at (2,1) width 89: "Row 5, Cell 2"
            RenderTableCell {TD} at (182,0) size 93x20 [border: none none none (1px solid #808080)] [r=0 c=2 rs=1 cs=1]
              RenderText {#text} at (2,1) size 89x18
                text run at (2,1) width 89: "Row 5, Cell 3"
      RenderTable {TABLE} at (0,5228) size 277x118 [border: none (1px solid #808080) none none]
        RenderBlock {CAPTION} at (0,0) size 277x18
          RenderInline {A} at (0,0) size 231x18
            RenderText {#text} at (20,0) size 231x18
              text run at (20,0) width 231: "Frame=\x{201C}vsides\x{201D} and Rules=\x{201C}cols\x{201D}"
          RenderInline (generated) at (0,0) size 6x18
            RenderText at (250,0) size 6x18
              text run at (250,0) width 6: ":"
        RenderTableSection {THEAD} at (0,18) size 276x20
          RenderTableRow {TR} at (0,0) size 276x20
            RenderTableCell {TD} at (0,0) size 92x20 [border: none none none (1px solid #808080)] [r=0 c=0 rs=1 cs=1]
              RenderText {#text} at (2,1) size 89x18
                text run at (2,1) width 89: "Row 1, Cell 1"
            RenderTableCell {TD} at (91,0) size 93x20 [border: none none none (1px solid #808080)] [r=0 c=1 rs=1 cs=1]
              RenderText {#text} at (2,1) size 89x18
                text run at (2,1) width 89: "Row 1, Cell 2"
            RenderTableCell {TD} at (183,0) size 93x20 [border: none none none (1px solid #808080)] [r=0 c=2 rs=1 cs=1]
              RenderText {#text} at (2,1) size 89x18
                text run at (2,1) width 89: "Row 1, Cell 3"
        RenderTableSection {TBODY} at (0,38) size 276x60
          RenderTableRow {TR} at (0,0) size 276x20
            RenderTableCell {TD} at (0,10) size 92x20 [border: none none none (1px solid #808080)] [r=0 c=0 rs=2 cs=1]
              RenderText {#text} at (2,1) size 89x18
                text run at (2,1) width 89: "Row 2, Cell 1"
            RenderTableCell {TD} at (91,0) size 185x20 [border: none none none (1px solid #808080)] [r=0 c=1 rs=1 cs=2]
              RenderText {#text} at (2,1) size 89x18
                text run at (2,1) width 89: "Row 2, Cell 2"
          RenderTableRow {TR} at (0,20) size 276x20
            RenderTableCell {TD} at (91,20) size 93x20 [border: none none none (1px solid #808080)] [r=1 c=1 rs=1 cs=1]
              RenderText {#text} at (2,1) size 89x18
                text run at (2,1) width 89: "Row 3, Cell 2"
            RenderTableCell {TD} at (183,30) size 93x20 [border: none none none (1px solid #808080)] [r=1 c=2 rs=2 cs=1]
              RenderText {#text} at (2,1) size 89x18
                text run at (2,1) width 89: "Row 3, Cell 3"
          RenderTableRow {TR} at (0,40) size 276x20
            RenderTableCell {TD} at (0,40) size 184x20 [border: none none none (1px solid #808080)] [r=2 c=0 rs=1 cs=2]
              RenderText {#text} at (2,1) size 89x18
                text run at (2,1) width 89: "Row 4, Cell 1"
        RenderTableSection {TFOOT} at (0,98) size 276x20
          RenderTableRow {TR} at (0,0) size 276x20
            RenderTableCell {TD} at (0,0) size 92x20 [border: none none none (1px solid #808080)] [r=0 c=0 rs=1 cs=1]
              RenderText {#text} at (2,1) size 89x18
                text run at (2,1) width 89: "Row 5, Cell 1"
            RenderTableCell {TD} at (91,0) size 93x20 [border: none none none (1px solid #808080)] [r=0 c=1 rs=1 cs=1]
              RenderText {#text} at (2,1) size 89x18
                text run at (2,1) width 89: "Row 5, Cell 2"
            RenderTableCell {TD} at (183,0) size 93x20 [border: none none none (1px solid #808080)] [r=0 c=2 rs=1 cs=1]
              RenderText {#text} at (2,1) size 89x18
                text run at (2,1) width 89: "Row 5, Cell 3"
      RenderTable {TABLE} at (0,5394) size 276x118
        RenderBlock {CAPTION} at (0,0) size 276x18
          RenderInline {A} at (0,0) size 211x18
            RenderText {#text} at (30,0) size 211x18
              text run at (30,0) width 211: "Frame=\x{201C}lhs\x{201D} and Rules=\x{201C}cols\x{201D}"
          RenderInline (generated) at (0,0) size 6x18
            RenderText at (240,0) size 6x18
              text run at (240,0) width 6: ":"
        RenderTableSection {THEAD} at (0,18) size 276x20
          RenderTableRow {TR} at (0,0) size 276x20
            RenderTableCell {TD} at (0,0) size 92x20 [border: none none none (1px solid #808080)] [r=0 c=0 rs=1 cs=1]
              RenderText {#text} at (2,1) size 89x18
                text run at (2,1) width 89: "Row 1, Cell 1"
            RenderTableCell {TD} at (91,0) size 93x20 [border: none none none (1px solid #808080)] [r=0 c=1 rs=1 cs=1]
              RenderText {#text} at (2,1) size 89x18
                text run at (2,1) width 89: "Row 1, Cell 2"
            RenderTableCell {TD} at (183,0) size 93x20 [border: none none none (1px solid #808080)] [r=0 c=2 rs=1 cs=1]
              RenderText {#text} at (2,1) size 89x18
                text run at (2,1) width 89: "Row 1, Cell 3"
        RenderTableSection {TBODY} at (0,38) size 276x60
          RenderTableRow {TR} at (0,0) size 276x20
            RenderTableCell {TD} at (0,10) size 92x20 [border: none none none (1px solid #808080)] [r=0 c=0 rs=2 cs=1]
              RenderText {#text} at (2,1) size 89x18
                text run at (2,1) width 89: "Row 2, Cell 1"
            RenderTableCell {TD} at (91,0) size 185x20 [border: none none none (1px solid #808080)] [r=0 c=1 rs=1 cs=2]
              RenderText {#text} at (2,1) size 89x18
                text run at (2,1) width 89: "Row 2, Cell 2"
          RenderTableRow {TR} at (0,20) size 276x20
            RenderTableCell {TD} at (91,20) size 93x20 [border: none none none (1px solid #808080)] [r=1 c=1 rs=1 cs=1]
              RenderText {#text} at (2,1) size 89x18
                text run at (2,1) width 89: "Row 3, Cell 2"
            RenderTableCell {TD} at (183,30) size 93x20 [border: none none none (1px solid #808080)] [r=1 c=2 rs=2 cs=1]
              RenderText {#text} at (2,1) size 89x18
                text run at (2,1) width 89: "Row 3, Cell 3"
          RenderTableRow {TR} at (0,40) size 276x20
            RenderTableCell {TD} at (0,40) size 184x20 [border: none none none (1px solid #808080)] [r=2 c=0 rs=1 cs=2]
              RenderText {#text} at (2,1) size 89x18
                text run at (2,1) width 89: "Row 4, Cell 1"
        RenderTableSection {TFOOT} at (0,98) size 276x20
          RenderTableRow {TR} at (0,0) size 276x20
            RenderTableCell {TD} at (0,0) size 92x20 [border: none none none (1px solid #808080)] [r=0 c=0 rs=1 cs=1]
              RenderText {#text} at (2,1) size 89x18
                text run at (2,1) width 89: "Row 5, Cell 1"
            RenderTableCell {TD} at (91,0) size 93x20 [border: none none none (1px solid #808080)] [r=0 c=1 rs=1 cs=1]
              RenderText {#text} at (2,1) size 89x18
                text run at (2,1) width 89: "Row 5, Cell 2"
            RenderTableCell {TD} at (183,0) size 93x20 [border: none none none (1px solid #808080)] [r=0 c=2 rs=1 cs=1]
              RenderText {#text} at (2,1) size 89x18
                text run at (2,1) width 89: "Row 5, Cell 3"
      RenderTable {TABLE} at (0,5560) size 276x118 [border: none (1px solid #808080) none]
        RenderBlock {CAPTION} at (0,0) size 276x18
          RenderInline {A} at (0,0) size 213x18
            RenderText {#text} at (29,0) size 213x18
              text run at (29,0) width 213: "Frame=\x{201C}rhs\x{201D} and Rules=\x{201C}cols\x{201D}"
          RenderInline (generated) at (0,0) size 6x18
            RenderText at (241,0) size 6x18
              text run at (241,0) width 6: ":"
        RenderTableSection {THEAD} at (0,18) size 275x20
          RenderTableRow {TR} at (0,0) size 275x20
            RenderTableCell {TD} at (0,0) size 91x20 [r=0 c=0 rs=1 cs=1]
              RenderText {#text} at (1,1) size 89x18
                text run at (1,1) width 89: "Row 1, Cell 1"
            RenderTableCell {TD} at (90,0) size 93x20 [border: none none none (1px solid #808080)] [r=0 c=1 rs=1 cs=1]
              RenderText {#text} at (2,1) size 89x18
                text run at (2,1) width 89: "Row 1, Cell 2"
            RenderTableCell {TD} at (182,0) size 93x20 [border: none none none (1px solid #808080)] [r=0 c=2 rs=1 cs=1]
              RenderText {#text} at (2,1) size 89x18
                text run at (2,1) width 89: "Row 1, Cell 3"
        RenderTableSection {TBODY} at (0,38) size 275x60
          RenderTableRow {TR} at (0,0) size 275x20
            RenderTableCell {TD} at (0,10) size 91x20 [r=0 c=0 rs=2 cs=1]
              RenderText {#text} at (1,1) size 89x18
                text run at (1,1) width 89: "Row 2, Cell 1"
            RenderTableCell {TD} at (90,0) size 185x20 [border: none none none (1px solid #808080)] [r=0 c=1 rs=1 cs=2]
              RenderText {#text} at (2,1) size 89x18
                text run at (2,1) width 89: "Row 2, Cell 2"
          RenderTableRow {TR} at (0,20) size 275x20
            RenderTableCell {TD} at (90,20) size 93x20 [border: none none none (1px solid #808080)] [r=1 c=1 rs=1 cs=1]
              RenderText {#text} at (2,1) size 89x18
                text run at (2,1) width 89: "Row 3, Cell 2"
            RenderTableCell {TD} at (182,30) size 93x20 [border: none none none (1px solid #808080)] [r=1 c=2 rs=2 cs=1]
              RenderText {#text} at (2,1) size 89x18
                text run at (2,1) width 89: "Row 3, Cell 3"
          RenderTableRow {TR} at (0,40) size 275x20
            RenderTableCell {TD} at (0,40) size 183x20 [r=2 c=0 rs=1 cs=2]
              RenderText {#text} at (1,1) size 89x18
                text run at (1,1) width 89: "Row 4, Cell 1"
        RenderTableSection {TFOOT} at (0,98) size 275x20
          RenderTableRow {TR} at (0,0) size 275x20
            RenderTableCell {TD} at (0,0) size 91x20 [r=0 c=0 rs=1 cs=1]
              RenderText {#text} at (1,1) size 89x18
                text run at (1,1) width 89: "Row 5, Cell 1"
            RenderTableCell {TD} at (90,0) size 93x20 [border: none none none (1px solid #808080)] [r=0 c=1 rs=1 cs=1]
              RenderText {#text} at (2,1) size 89x18
                text run at (2,1) width 89: "Row 5, Cell 2"
            RenderTableCell {TD} at (182,0) size 93x20 [border: none none none (1px solid #808080)] [r=0 c=2 rs=1 cs=1]
              RenderText {#text} at (2,1) size 89x18
                text run at (2,1) width 89: "Row 5, Cell 3"
      RenderTable {TABLE} at (0,5726) size 277x120 [border: none]
        RenderBlock {CAPTION} at (0,0) size 277x18
          RenderInline {A} at (0,0) size 216x18
            RenderText {#text} at (28,0) size 216x18
              text run at (28,0) width 216: "Frame=\x{201C}box\x{201D} and Rules=\x{201C}cols\x{201D}"
          RenderInline (generated) at (0,0) size 6x18
            RenderText at (243,0) size 6x18
              text run at (243,0) width 6: ":"
        RenderTableSection {THEAD} at (0,18) size 276x21
          RenderTableRow {TR} at (0,0) size 276x21
            RenderTableCell {TD} at (0,0) size 92x21 [border: (1px none #808080) none none (1px solid #808080)] [r=0 c=0 rs=1 cs=1]
              RenderText {#text} at (2,2) size 89x18
                text run at (2,2) width 89: "Row 1, Cell 1"
            RenderTableCell {TD} at (91,0) size 93x21 [border: (1px none #808080) none none (1px solid #808080)] [r=0 c=1 rs=1 cs=1]
              RenderText {#text} at (2,2) size 89x18
                text run at (2,2) width 89: "Row 1, Cell 2"
            RenderTableCell {TD} at (183,0) size 93x21 [border: (1px none #808080) none none (1px solid #808080)] [r=0 c=2 rs=1 cs=1]
              RenderText {#text} at (2,2) size 89x18
                text run at (2,2) width 89: "Row 1, Cell 3"
        RenderTableSection {TBODY} at (0,39) size 276x60
          RenderTableRow {TR} at (0,0) size 276x20
            RenderTableCell {TD} at (0,10) size 92x20 [border: none none none (1px solid #808080)] [r=0 c=0 rs=2 cs=1]
              RenderText {#text} at (2,1) size 89x18
                text run at (2,1) width 89: "Row 2, Cell 1"
            RenderTableCell {TD} at (91,0) size 185x20 [border: none none none (1px solid #808080)] [r=0 c=1 rs=1 cs=2]
              RenderText {#text} at (2,1) size 89x18
                text run at (2,1) width 89: "Row 2, Cell 2"
          RenderTableRow {TR} at (0,20) size 276x20
            RenderTableCell {TD} at (91,20) size 93x20 [border: none none none (1px solid #808080)] [r=1 c=1 rs=1 cs=1]
              RenderText {#text} at (2,1) size 89x18
                text run at (2,1) width 89: "Row 3, Cell 2"
            RenderTableCell {TD} at (183,30) size 93x20 [border: none none none (1px solid #808080)] [r=1 c=2 rs=2 cs=1]
              RenderText {#text} at (2,1) size 89x18
                text run at (2,1) width 89: "Row 3, Cell 3"
          RenderTableRow {TR} at (0,40) size 276x20
            RenderTableCell {TD} at (0,40) size 184x20 [border: none none none (1px solid #808080)] [r=2 c=0 rs=1 cs=2]
              RenderText {#text} at (2,1) size 89x18
                text run at (2,1) width 89: "Row 4, Cell 1"
        RenderTableSection {TFOOT} at (0,99) size 276x20
          RenderTableRow {TR} at (0,0) size 276x20
            RenderTableCell {TD} at (0,0) size 92x20 [border: none none none (1px solid #808080)] [r=0 c=0 rs=1 cs=1]
              RenderText {#text} at (2,1) size 89x18
                text run at (2,1) width 89: "Row 5, Cell 1"
            RenderTableCell {TD} at (91,0) size 93x20 [border: none none none (1px solid #808080)] [r=0 c=1 rs=1 cs=1]
              RenderText {#text} at (2,1) size 89x18
                text run at (2,1) width 89: "Row 5, Cell 2"
            RenderTableCell {TD} at (183,0) size 93x20 [border: none none none (1px solid #808080)] [r=0 c=2 rs=1 cs=1]
              RenderText {#text} at (2,1) size 89x18
                text run at (2,1) width 89: "Row 5, Cell 3"
      RenderTable {TABLE} at (0,5894) size 277x120 [border: none]
        RenderBlock {CAPTION} at (0,0) size 277x18
          RenderInline {A} at (0,0) size 235x18
            RenderText {#text} at (18,0) size 235x18
              text run at (18,0) width 235: "Frame=\x{201C}border\x{201D} and Rules=\x{201C}cols\x{201D}"
          RenderInline (generated) at (0,0) size 7x18
            RenderText at (252,0) size 7x18
              text run at (252,0) width 7: ":"
        RenderTableSection {THEAD} at (0,18) size 276x21
          RenderTableRow {TR} at (0,0) size 276x21
            RenderTableCell {TD} at (0,0) size 92x21 [border: (1px none #808080) none none (1px solid #808080)] [r=0 c=0 rs=1 cs=1]
              RenderText {#text} at (2,2) size 89x18
                text run at (2,2) width 89: "Row 1, Cell 1"
            RenderTableCell {TD} at (91,0) size 93x21 [border: (1px none #808080) none none (1px solid #808080)] [r=0 c=1 rs=1 cs=1]
              RenderText {#text} at (2,2) size 89x18
                text run at (2,2) width 89: "Row 1, Cell 2"
            RenderTableCell {TD} at (183,0) size 93x21 [border: (1px none #808080) none none (1px solid #808080)] [r=0 c=2 rs=1 cs=1]
              RenderText {#text} at (2,2) size 89x18
                text run at (2,2) width 89: "Row 1, Cell 3"
        RenderTableSection {TBODY} at (0,39) size 276x60
          RenderTableRow {TR} at (0,0) size 276x20
            RenderTableCell {TD} at (0,10) size 92x20 [border: none none none (1px solid #808080)] [r=0 c=0 rs=2 cs=1]
              RenderText {#text} at (2,1) size 89x18
                text run at (2,1) width 89: "Row 2, Cell 1"
            RenderTableCell {TD} at (91,0) size 185x20 [border: none none none (1px solid #808080)] [r=0 c=1 rs=1 cs=2]
              RenderText {#text} at (2,1) size 89x18
                text run at (2,1) width 89: "Row 2, Cell 2"
          RenderTableRow {TR} at (0,20) size 276x20
            RenderTableCell {TD} at (91,20) size 93x20 [border: none none none (1px solid #808080)] [r=1 c=1 rs=1 cs=1]
              RenderText {#text} at (2,1) size 89x18
                text run at (2,1) width 89: "Row 3, Cell 2"
            RenderTableCell {TD} at (183,30) size 93x20 [border: none none none (1px solid #808080)] [r=1 c=2 rs=2 cs=1]
              RenderText {#text} at (2,1) size 89x18
                text run at (2,1) width 89: "Row 3, Cell 3"
          RenderTableRow {TR} at (0,40) size 276x20
            RenderTableCell {TD} at (0,40) size 184x20 [border: none none none (1px solid #808080)] [r=2 c=0 rs=1 cs=2]
              RenderText {#text} at (2,1) size 89x18
                text run at (2,1) width 89: "Row 4, Cell 1"
        RenderTableSection {TFOOT} at (0,99) size 276x20
          RenderTableRow {TR} at (0,0) size 276x20
            RenderTableCell {TD} at (0,0) size 92x20 [border: none none none (1px solid #808080)] [r=0 c=0 rs=1 cs=1]
              RenderText {#text} at (2,1) size 89x18
                text run at (2,1) width 89: "Row 5, Cell 1"
            RenderTableCell {TD} at (91,0) size 93x20 [border: none none none (1px solid #808080)] [r=0 c=1 rs=1 cs=1]
              RenderText {#text} at (2,1) size 89x18
                text run at (2,1) width 89: "Row 5, Cell 2"
            RenderTableCell {TD} at (183,0) size 93x20 [border: none none none (1px solid #808080)] [r=0 c=2 rs=1 cs=1]
              RenderText {#text} at (2,1) size 89x18
                text run at (2,1) width 89: "Row 5, Cell 3"
      RenderTable {TABLE} at (0,6062) size 275x122
        RenderBlock {CAPTION} at (0,0) size 275x18
          RenderInline {A} at (0,0) size 211x18
            RenderText {#text} at (29,0) size 211x18
              text run at (29,0) width 211: "Frame=\x{201C}void\x{201D} and Rules=\x{201C}all\x{201D}"
          RenderInline (generated) at (0,0) size 6x18
            RenderText at (239,0) size 6x18
              text run at (239,0) width 6: ":"
        RenderTableSection {THEAD} at (0,18) size 275x20
          RenderTableRow {TR} at (0,0) size 275x20
            RenderTableCell {TD} at (0,0) size 91x20 [r=0 c=0 rs=1 cs=1]
              RenderText {#text} at (1,1) size 89x18
                text run at (1,1) width 89: "Row 1, Cell 1"
            RenderTableCell {TD} at (90,0) size 93x20 [border: none] [r=0 c=1 rs=1 cs=1]
              RenderText {#text} at (2,1) size 89x18
                text run at (2,1) width 89: "Row 1, Cell 2"
            RenderTableCell {TD} at (182,0) size 93x20 [border: none] [r=0 c=2 rs=1 cs=1]
              RenderText {#text} at (2,1) size 89x18
                text run at (2,1) width 89: "Row 1, Cell 3"
        RenderTableSection {TBODY} at (0,38) size 275x63
          RenderTableRow {TR} at (0,0) size 275x21
            RenderTableCell {TD} at (0,10) size 91x22 [border: (1px solid #808080)] [r=0 c=0 rs=2 cs=1]
              RenderText {#text} at (1,2) size 89x19
                text run at (1,3) width 89: "Row 2, Cell 1"
            RenderTableCell {TD} at (90,0) size 185x21 [border: (1px solid #808080)] [r=0 c=1 rs=1 cs=2]
              RenderText {#text} at (2,2) size 89x18
                text run at (2,2) width 89: "Row 2, Cell 2"
          RenderTableRow {TR} at (0,21) size 275x21
            RenderTableCell {TD} at (90,21) size 93x21 [border: (1px solid #808080)] [r=1 c=1 rs=1 cs=1]
              RenderText {#text} at (2,2) size 89x18
                text run at (2,2) width 89: "Row 3, Cell 2"
            RenderTableCell {TD} at (182,31) size 93x22 [border: (1px solid #808080)] [r=1 c=2 rs=2 cs=1]
              RenderText {#text} at (2,2) size 89x19
                text run at (2,3) width 89: "Row 3, Cell 3"
          RenderTableRow {TR} at (0,42) size 275x21
            RenderTableCell {TD} at (0,42) size 183x21 [border: (1px solid #808080)] [r=2 c=0 rs=1 cs=2]
              RenderText {#text} at (1,2) size 89x18
                text run at (1,2) width 89: "Row 4, Cell 1"
        RenderTableSection {TFOOT} at (0,101) size 275x21
          RenderTableRow {TR} at (0,0) size 275x21
            RenderTableCell {TD} at (0,0) size 91x21 [border: (1px solid #808080)] [r=0 c=0 rs=1 cs=1]
              RenderText {#text} at (1,2) size 89x18
                text run at (1,2) width 89: "Row 5, Cell 1"
            RenderTableCell {TD} at (90,0) size 93x21 [border: (1px solid #808080)] [r=0 c=1 rs=1 cs=1]
              RenderText {#text} at (2,2) size 89x18
                text run at (2,2) width 89: "Row 5, Cell 2"
            RenderTableCell {TD} at (182,0) size 93x21 [border: (1px solid #808080)] [r=0 c=2 rs=1 cs=1]
              RenderText {#text} at (2,2) size 89x18
                text run at (2,2) width 89: "Row 5, Cell 3"
      RenderTable {TABLE} at (0,6232) size 275x123
        RenderBlock {CAPTION} at (0,0) size 275x18
          RenderInline {A} at (0,0) size 221x18
            RenderText {#text} at (24,0) size 221x18
              text run at (24,0) width 221: "Frame=\x{201C}above\x{201D} and Rules=\x{201C}all\x{201D}"
          RenderInline (generated) at (0,0) size 7x18
            RenderText at (244,0) size 7x18
              text run at (244,0) width 7: ":"
        RenderTableSection {THEAD} at (0,18) size 275x21
          RenderTableRow {TR} at (0,0) size 275x21
            RenderTableCell {TD} at (0,0) size 91x21 [border: (1px solid #808080)] [r=0 c=0 rs=1 cs=1]
              RenderText {#text} at (1,2) size 89x18
                text run at (1,2) width 89: "Row 1, Cell 1"
            RenderTableCell {TD} at (90,0) size 93x21 [border: (1px solid #808080)] [r=0 c=1 rs=1 cs=1]
              RenderText {#text} at (2,2) size 89x18
                text run at (2,2) width 89: "Row 1, Cell 2"
            RenderTableCell {TD} at (182,0) size 93x21 [border: (1px solid #808080)] [r=0 c=2 rs=1 cs=1]
              RenderText {#text} at (2,2) size 89x18
                text run at (2,2) width 89: "Row 1, Cell 3"
        RenderTableSection {TBODY} at (0,39) size 275x63
          RenderTableRow {TR} at (0,0) size 275x21
            RenderTableCell {TD} at (0,10) size 91x22 [border: (1px solid #808080)] [r=0 c=0 rs=2 cs=1]
              RenderText {#text} at (1,2) size 89x19
                text run at (1,3) width 89: "Row 2, Cell 1"
            RenderTableCell {TD} at (90,0) size 185x21 [border: (1px solid #808080)] [r=0 c=1 rs=1 cs=2]
              RenderText {#text} at (2,2) size 89x18
                text run at (2,2) width 89: "Row 2, Cell 2"
          RenderTableRow {TR} at (0,21) size 275x21
            RenderTableCell {TD} at (90,21) size 93x21 [border: (1px solid #808080)] [r=1 c=1 rs=1 cs=1]
              RenderText {#text} at (2,2) size 89x18
                text run at (2,2) width 89: "Row 3, Cell 2"
            RenderTableCell {TD} at (182,31) size 93x22 [border: (1px solid #808080)] [r=1 c=2 rs=2 cs=1]
              RenderText {#text} at (2,2) size 89x19
                text run at (2,3) width 89: "Row 3, Cell 3"
          RenderTableRow {TR} at (0,42) size 275x21
            RenderTableCell {TD} at (0,42) size 183x21 [border: (1px solid #808080)] [r=2 c=0 rs=1 cs=2]
              RenderText {#text} at (1,2) size 89x18
                text run at (1,2) width 89: "Row 4, Cell 1"
        RenderTableSection {TFOOT} at (0,102) size 275x21
          RenderTableRow {TR} at (0,0) size 275x21
            RenderTableCell {TD} at (0,0) size 91x21 [border: (1px solid #808080)] [r=0 c=0 rs=1 cs=1]
              RenderText {#text} at (1,2) size 89x18
                text run at (1,2) width 89: "Row 5, Cell 1"
            RenderTableCell {TD} at (90,0) size 93x21 [border: (1px solid #808080)] [r=0 c=1 rs=1 cs=1]
              RenderText {#text} at (2,2) size 89x18
                text run at (2,2) width 89: "Row 5, Cell 2"
            RenderTableCell {TD} at (182,0) size 93x21 [border: (1px solid #808080)] [r=0 c=2 rs=1 cs=1]
              RenderText {#text} at (2,2) size 89x18
                text run at (2,2) width 89: "Row 5, Cell 3"
      RenderTable {TABLE} at (0,6403) size 275x123 [border: none (1px solid #808080) none]
        RenderBlock {CAPTION} at (0,0) size 275x18
          RenderInline {A} at (0,0) size 221x18
            RenderText {#text} at (24,0) size 221x18
              text run at (24,0) width 221: "Frame=\x{201C}below\x{201D} and Rules=\x{201C}all\x{201D}"
          RenderInline (generated) at (0,0) size 7x18
            RenderText at (244,0) size 7x18
              text run at (244,0) width 7: ":"
        RenderTableSection {THEAD} at (0,18) size 275x20
          RenderTableRow {TR} at (0,0) size 275x20
            RenderTableCell {TD} at (0,0) size 91x20 [r=0 c=0 rs=1 cs=1]
              RenderText {#text} at (1,1) size 89x18
                text run at (1,1) width 89: "Row 1, Cell 1"
            RenderTableCell {TD} at (90,0) size 93x20 [border: none] [r=0 c=1 rs=1 cs=1]
              RenderText {#text} at (2,1) size 89x18
                text run at (2,1) width 89: "Row 1, Cell 2"
            RenderTableCell {TD} at (182,0) size 93x20 [border: none] [r=0 c=2 rs=1 cs=1]
              RenderText {#text} at (2,1) size 89x18
                text run at (2,1) width 89: "Row 1, Cell 3"
        RenderTableSection {TBODY} at (0,38) size 275x63
          RenderTableRow {TR} at (0,0) size 275x21
            RenderTableCell {TD} at (0,10) size 91x22 [border: (1px solid #808080)] [r=0 c=0 rs=2 cs=1]
              RenderText {#text} at (1,2) size 89x19
                text run at (1,3) width 89: "Row 2, Cell 1"
            RenderTableCell {TD} at (90,0) size 185x21 [border: (1px solid #808080)] [r=0 c=1 rs=1 cs=2]
              RenderText {#text} at (2,2) size 89x18
                text run at (2,2) width 89: "Row 2, Cell 2"
          RenderTableRow {TR} at (0,21) size 275x21
            RenderTableCell {TD} at (90,21) size 93x21 [border: (1px solid #808080)] [r=1 c=1 rs=1 cs=1]
              RenderText {#text} at (2,2) size 89x18
                text run at (2,2) width 89: "Row 3, Cell 2"
            RenderTableCell {TD} at (182,31) size 93x22 [border: (1px solid #808080)] [r=1 c=2 rs=2 cs=1]
              RenderText {#text} at (2,2) size 89x19
                text run at (2,3) width 89: "Row 3, Cell 3"
          RenderTableRow {TR} at (0,42) size 275x21
            RenderTableCell {TD} at (0,42) size 183x21 [border: (1px solid #808080)] [r=2 c=0 rs=1 cs=2]
              RenderText {#text} at (1,2) size 89x18
                text run at (1,2) width 89: "Row 4, Cell 1"
        RenderTableSection {TFOOT} at (0,101) size 275x21
          RenderTableRow {TR} at (0,0) size 275x21
            RenderTableCell {TD} at (0,0) size 91x21 [border: (1px solid #808080)] [r=0 c=0 rs=1 cs=1]
              RenderText {#text} at (1,2) size 89x18
                text run at (1,2) width 89: "Row 5, Cell 1"
            RenderTableCell {TD} at (90,0) size 93x21 [border: (1px solid #808080)] [r=0 c=1 rs=1 cs=1]
              RenderText {#text} at (2,2) size 89x18
                text run at (2,2) width 89: "Row 5, Cell 2"
            RenderTableCell {TD} at (182,0) size 93x21 [border: (1px solid #808080)] [r=0 c=2 rs=1 cs=1]
              RenderText {#text} at (2,2) size 89x18
                text run at (2,2) width 89: "Row 5, Cell 3"
      RenderTable {TABLE} at (0,6574) size 275x124 [border: none none (1px solid #808080) none]
        RenderBlock {CAPTION} at (0,0) size 275x18
          RenderInline {A} at (0,0) size 224x18
            RenderText {#text} at (23,0) size 224x18
              text run at (23,0) width 224: "Frame=\x{201C}hsides\x{201D} and Rules=\x{201C}all\x{201D}"
          RenderInline (generated) at (0,0) size 6x18
            RenderText at (246,0) size 6x18
              text run at (246,0) width 6: ":"
        RenderTableSection {THEAD} at (0,18) size 275x21
          RenderTableRow {TR} at (0,0) size 275x21
            RenderTableCell {TD} at (0,0) size 91x21 [border: (1px solid #808080)] [r=0 c=0 rs=1 cs=1]
              RenderText {#text} at (1,2) size 89x18
                text run at (1,2) width 89: "Row 1, Cell 1"
            RenderTableCell {TD} at (90,0) size 93x21 [border: (1px solid #808080)] [r=0 c=1 rs=1 cs=1]
              RenderText {#text} at (2,2) size 89x18
                text run at (2,2) width 89: "Row 1, Cell 2"
            RenderTableCell {TD} at (182,0) size 93x21 [border: (1px solid #808080)] [r=0 c=2 rs=1 cs=1]
              RenderText {#text} at (2,2) size 89x18
                text run at (2,2) width 89: "Row 1, Cell 3"
        RenderTableSection {TBODY} at (0,39) size 275x63
          RenderTableRow {TR} at (0,0) size 275x21
            RenderTableCell {TD} at (0,10) size 91x22 [border: (1px solid #808080)] [r=0 c=0 rs=2 cs=1]
              RenderText {#text} at (1,2) size 89x19
                text run at (1,3) width 89: "Row 2, Cell 1"
            RenderTableCell {TD} at (90,0) size 185x21 [border: (1px solid #808080)] [r=0 c=1 rs=1 cs=2]
              RenderText {#text} at (2,2) size 89x18
                text run at (2,2) width 89: "Row 2, Cell 2"
          RenderTableRow {TR} at (0,21) size 275x21
            RenderTableCell {TD} at (90,21) size 93x21 [border: (1px solid #808080)] [r=1 c=1 rs=1 cs=1]
              RenderText {#text} at (2,2) size 89x18
                text run at (2,2) width 89: "Row 3, Cell 2"
            RenderTableCell {TD} at (182,31) size 93x22 [border: (1px solid #808080)] [r=1 c=2 rs=2 cs=1]
              RenderText {#text} at (2,2) size 89x19
                text run at (2,3) width 89: "Row 3, Cell 3"
          RenderTableRow {TR} at (0,42) size 275x21
            RenderTableCell {TD} at (0,42) size 183x21 [border: (1px solid #808080)] [r=2 c=0 rs=1 cs=2]
              RenderText {#text} at (1,2) size 89x18
                text run at (1,2) width 89: "Row 4, Cell 1"
        RenderTableSection {TFOOT} at (0,102) size 275x21
          RenderTableRow {TR} at (0,0) size 275x21
            RenderTableCell {TD} at (0,0) size 91x21 [border: (1px solid #808080)] [r=0 c=0 rs=1 cs=1]
              RenderText {#text} at (1,2) size 89x18
                text run at (1,2) width 89: "Row 5, Cell 1"
            RenderTableCell {TD} at (90,0) size 93x21 [border: (1px solid #808080)] [r=0 c=1 rs=1 cs=1]
              RenderText {#text} at (2,2) size 89x18
                text run at (2,2) width 89: "Row 5, Cell 2"
            RenderTableCell {TD} at (182,0) size 93x21 [border: (1px solid #808080)] [r=0 c=2 rs=1 cs=1]
              RenderText {#text} at (2,2) size 89x18
                text run at (2,2) width 89: "Row 5, Cell 3"
      RenderTable {TABLE} at (0,6746) size 277x122 [border: none (1px solid #808080) none none]
        RenderBlock {CAPTION} at (0,0) size 277x18
          RenderInline {A} at (0,0) size 222x18
            RenderText {#text} at (25,0) size 222x18
              text run at (25,0) width 222: "Frame=\x{201C}vsides\x{201D} and Rules=\x{201C}all\x{201D}"
          RenderInline (generated) at (0,0) size 6x18
            RenderText at (246,0) size 6x18
              text run at (246,0) width 6: ":"
        RenderTableSection {THEAD} at (0,18) size 276x20
          RenderTableRow {TR} at (0,0) size 276x20
            RenderTableCell {TD} at (0,0) size 92x20 [border: none] [r=0 c=0 rs=1 cs=1]
              RenderText {#text} at (2,1) size 89x18
                text run at (2,1) width 89: "Row 1, Cell 1"
            RenderTableCell {TD} at (91,0) size 93x20 [border: none] [r=0 c=1 rs=1 cs=1]
              RenderText {#text} at (2,1) size 89x18
                text run at (2,1) width 89: "Row 1, Cell 2"
            RenderTableCell {TD} at (183,0) size 93x20 [border: none] [r=0 c=2 rs=1 cs=1]
              RenderText {#text} at (2,1) size 89x18
                text run at (2,1) width 89: "Row 1, Cell 3"
        RenderTableSection {TBODY} at (0,38) size 276x63
          RenderTableRow {TR} at (0,0) size 276x21
            RenderTableCell {TD} at (0,10) size 92x22 [border: (1px solid #808080)] [r=0 c=0 rs=2 cs=1]
              RenderText {#text} at (2,2) size 89x19
                text run at (2,3) width 89: "Row 2, Cell 1"
            RenderTableCell {TD} at (91,0) size 185x21 [border: (1px solid #808080)] [r=0 c=1 rs=1 cs=2]
              RenderText {#text} at (2,2) size 89x18
                text run at (2,2) width 89: "Row 2, Cell 2"
          RenderTableRow {TR} at (0,21) size 276x21
            RenderTableCell {TD} at (91,21) size 93x21 [border: (1px solid #808080)] [r=1 c=1 rs=1 cs=1]
              RenderText {#text} at (2,2) size 89x18
                text run at (2,2) width 89: "Row 3, Cell 2"
            RenderTableCell {TD} at (183,31) size 93x22 [border: (1px solid #808080)] [r=1 c=2 rs=2 cs=1]
              RenderText {#text} at (2,2) size 89x19
                text run at (2,3) width 89: "Row 3, Cell 3"
          RenderTableRow {TR} at (0,42) size 276x21
            RenderTableCell {TD} at (0,42) size 184x21 [border: (1px solid #808080)] [r=2 c=0 rs=1 cs=2]
              RenderText {#text} at (2,2) size 89x18
                text run at (2,2) width 89: "Row 4, Cell 1"
        RenderTableSection {TFOOT} at (0,101) size 276x21
          RenderTableRow {TR} at (0,0) size 276x21
            RenderTableCell {TD} at (0,0) size 92x21 [border: (1px solid #808080)] [r=0 c=0 rs=1 cs=1]
              RenderText {#text} at (2,2) size 89x18
                text run at (2,2) width 89: "Row 5, Cell 1"
            RenderTableCell {TD} at (91,0) size 93x21 [border: (1px solid #808080)] [r=0 c=1 rs=1 cs=1]
              RenderText {#text} at (2,2) size 89x18
                text run at (2,2) width 89: "Row 5, Cell 2"
            RenderTableCell {TD} at (183,0) size 93x21 [border: (1px solid #808080)] [r=0 c=2 rs=1 cs=1]
              RenderText {#text} at (2,2) size 89x18
                text run at (2,2) width 89: "Row 5, Cell 3"
      RenderTable {TABLE} at (0,6916) size 276x122
        RenderBlock {CAPTION} at (0,0) size 276x18
          RenderInline {A} at (0,0) size 202x18
            RenderText {#text} at (34,0) size 202x18
              text run at (34,0) width 202: "Frame=\x{201C}lhs\x{201D} and Rules=\x{201C}all\x{201D}"
          RenderInline (generated) at (0,0) size 7x18
            RenderText at (235,0) size 7x18
              text run at (235,0) width 7: ":"
        RenderTableSection {THEAD} at (0,18) size 276x20
          RenderTableRow {TR} at (0,0) size 276x20
            RenderTableCell {TD} at (0,0) size 92x20 [border: none] [r=0 c=0 rs=1 cs=1]
              RenderText {#text} at (2,1) size 89x18
                text run at (2,1) width 89: "Row 1, Cell 1"
            RenderTableCell {TD} at (91,0) size 93x20 [border: none] [r=0 c=1 rs=1 cs=1]
              RenderText {#text} at (2,1) size 89x18
                text run at (2,1) width 89: "Row 1, Cell 2"
            RenderTableCell {TD} at (183,0) size 93x20 [border: none] [r=0 c=2 rs=1 cs=1]
              RenderText {#text} at (2,1) size 89x18
                text run at (2,1) width 89: "Row 1, Cell 3"
        RenderTableSection {TBODY} at (0,38) size 276x63
          RenderTableRow {TR} at (0,0) size 276x21
            RenderTableCell {TD} at (0,10) size 92x22 [border: (1px solid #808080)] [r=0 c=0 rs=2 cs=1]
              RenderText {#text} at (2,2) size 89x19
                text run at (2,3) width 89: "Row 2, Cell 1"
            RenderTableCell {TD} at (91,0) size 185x21 [border: (1px solid #808080)] [r=0 c=1 rs=1 cs=2]
              RenderText {#text} at (2,2) size 89x18
                text run at (2,2) width 89: "Row 2, Cell 2"
          RenderTableRow {TR} at (0,21) size 276x21
            RenderTableCell {TD} at (91,21) size 93x21 [border: (1px solid #808080)] [r=1 c=1 rs=1 cs=1]
              RenderText {#text} at (2,2) size 89x18
                text run at (2,2) width 89: "Row 3, Cell 2"
            RenderTableCell {TD} at (183,31) size 93x22 [border: (1px solid #808080)] [r=1 c=2 rs=2 cs=1]
              RenderText {#text} at (2,2) size 89x19
                text run at (2,3) width 89: "Row 3, Cell 3"
          RenderTableRow {TR} at (0,42) size 276x21
            RenderTableCell {TD} at (0,42) size 184x21 [border: (1px solid #808080)] [r=2 c=0 rs=1 cs=2]
              RenderText {#text} at (2,2) size 89x18
                text run at (2,2) width 89: "Row 4, Cell 1"
        RenderTableSection {TFOOT} at (0,101) size 276x21
          RenderTableRow {TR} at (0,0) size 276x21
            RenderTableCell {TD} at (0,0) size 92x21 [border: (1px solid #808080)] [r=0 c=0 rs=1 cs=1]
              RenderText {#text} at (2,2) size 89x18
                text run at (2,2) width 89: "Row 5, Cell 1"
            RenderTableCell {TD} at (91,0) size 93x21 [border: (1px solid #808080)] [r=0 c=1 rs=1 cs=1]
              RenderText {#text} at (2,2) size 89x18
                text run at (2,2) width 89: "Row 5, Cell 2"
            RenderTableCell {TD} at (183,0) size 93x21 [border: (1px solid #808080)] [r=0 c=2 rs=1 cs=1]
              RenderText {#text} at (2,2) size 89x18
                text run at (2,2) width 89: "Row 5, Cell 3"
      RenderTable {TABLE} at (0,7086) size 276x122 [border: none (1px solid #808080) none]
        RenderBlock {CAPTION} at (0,0) size 276x18
          RenderInline {A} at (0,0) size 204x18
            RenderText {#text} at (33,0) size 204x18
              text run at (33,0) width 204: "Frame=\x{201C}rhs\x{201D} and Rules=\x{201C}all\x{201D}"
          RenderInline (generated) at (0,0) size 7x18
            RenderText at (236,0) size 7x18
              text run at (236,0) width 7: ":"
        RenderTableSection {THEAD} at (0,18) size 275x20
          RenderTableRow {TR} at (0,0) size 275x20
            RenderTableCell {TD} at (0,0) size 91x20 [r=0 c=0 rs=1 cs=1]
              RenderText {#text} at (1,1) size 89x18
                text run at (1,1) width 89: "Row 1, Cell 1"
            RenderTableCell {TD} at (90,0) size 93x20 [border: none] [r=0 c=1 rs=1 cs=1]
              RenderText {#text} at (2,1) size 89x18
                text run at (2,1) width 89: "Row 1, Cell 2"
            RenderTableCell {TD} at (182,0) size 93x20 [border: none] [r=0 c=2 rs=1 cs=1]
              RenderText {#text} at (2,1) size 89x18
                text run at (2,1) width 89: "Row 1, Cell 3"
        RenderTableSection {TBODY} at (0,38) size 275x63
          RenderTableRow {TR} at (0,0) size 275x21
            RenderTableCell {TD} at (0,10) size 91x22 [border: (1px solid #808080)] [r=0 c=0 rs=2 cs=1]
              RenderText {#text} at (1,2) size 89x19
                text run at (1,3) width 89: "Row 2, Cell 1"
            RenderTableCell {TD} at (90,0) size 185x21 [border: (1px solid #808080)] [r=0 c=1 rs=1 cs=2]
              RenderText {#text} at (2,2) size 89x18
                text run at (2,2) width 89: "Row 2, Cell 2"
          RenderTableRow {TR} at (0,21) size 275x21
            RenderTableCell {TD} at (90,21) size 93x21 [border: (1px solid #808080)] [r=1 c=1 rs=1 cs=1]
              RenderText {#text} at (2,2) size 89x18
                text run at (2,2) width 89: "Row 3, Cell 2"
            RenderTableCell {TD} at (182,31) size 93x22 [border: (1px solid #808080)] [r=1 c=2 rs=2 cs=1]
              RenderText {#text} at (2,2) size 89x19
                text run at (2,3) width 89: "Row 3, Cell 3"
          RenderTableRow {TR} at (0,42) size 275x21
            RenderTableCell {TD} at (0,42) size 183x21 [border: (1px solid #808080)] [r=2 c=0 rs=1 cs=2]
              RenderText {#text} at (1,2) size 89x18
                text run at (1,2) width 89: "Row 4, Cell 1"
        RenderTableSection {TFOOT} at (0,101) size 275x21
          RenderTableRow {TR} at (0,0) size 275x21
            RenderTableCell {TD} at (0,0) size 91x21 [border: (1px solid #808080)] [r=0 c=0 rs=1 cs=1]
              RenderText {#text} at (1,2) size 89x18
                text run at (1,2) width 89: "Row 5, Cell 1"
            RenderTableCell {TD} at (90,0) size 93x21 [border: (1px solid #808080)] [r=0 c=1 rs=1 cs=1]
              RenderText {#text} at (2,2) size 89x18
                text run at (2,2) width 89: "Row 5, Cell 2"
            RenderTableCell {TD} at (182,0) size 93x21 [border: (1px solid #808080)] [r=0 c=2 rs=1 cs=1]
              RenderText {#text} at (2,2) size 89x18
                text run at (2,2) width 89: "Row 5, Cell 3"
      RenderTable {TABLE} at (0,7256) size 277x124 [border: none]
        RenderBlock {CAPTION} at (0,0) size 277x18
          RenderInline {A} at (0,0) size 207x18
            RenderText {#text} at (32,0) size 207x18
              text run at (32,0) width 207: "Frame=\x{201C}box\x{201D} and Rules=\x{201C}all\x{201D}"
          RenderInline (generated) at (0,0) size 6x18
            RenderText at (238,0) size 6x18
              text run at (238,0) width 6: ":"
        RenderTableSection {THEAD} at (0,18) size 276x21
          RenderTableRow {TR} at (0,0) size 276x21
            RenderTableCell {TD} at (0,0) size 92x21 [border: (1px solid #808080)] [r=0 c=0 rs=1 cs=1]
              RenderText {#text} at (2,2) size 89x18
                text run at (2,2) width 89: "Row 1, Cell 1"
            RenderTableCell {TD} at (91,0) size 93x21 [border: (1px solid #808080)] [r=0 c=1 rs=1 cs=1]
              RenderText {#text} at (2,2) size 89x18
                text run at (2,2) width 89: "Row 1, Cell 2"
            RenderTableCell {TD} at (183,0) size 93x21 [border: (1px solid #808080)] [r=0 c=2 rs=1 cs=1]
              RenderText {#text} at (2,2) size 89x18
                text run at (2,2) width 89: "Row 1, Cell 3"
        RenderTableSection {TBODY} at (0,39) size 276x63
          RenderTableRow {TR} at (0,0) size 276x21
            RenderTableCell {TD} at (0,10) size 92x22 [border: (1px solid #808080)] [r=0 c=0 rs=2 cs=1]
              RenderText {#text} at (2,2) size 89x19
                text run at (2,3) width 89: "Row 2, Cell 1"
            RenderTableCell {TD} at (91,0) size 185x21 [border: (1px solid #808080)] [r=0 c=1 rs=1 cs=2]
              RenderText {#text} at (2,2) size 89x18
                text run at (2,2) width 89: "Row 2, Cell 2"
          RenderTableRow {TR} at (0,21) size 276x21
            RenderTableCell {TD} at (91,21) size 93x21 [border: (1px solid #808080)] [r=1 c=1 rs=1 cs=1]
              RenderText {#text} at (2,2) size 89x18
                text run at (2,2) width 89: "Row 3, Cell 2"
            RenderTableCell {TD} at (183,31) size 93x22 [border: (1px solid #808080)] [r=1 c=2 rs=2 cs=1]
              RenderText {#text} at (2,2) size 89x19
                text run at (2,3) width 89: "Row 3, Cell 3"
          RenderTableRow {TR} at (0,42) size 276x21
            RenderTableCell {TD} at (0,42) size 184x21 [border: (1px solid #808080)] [r=2 c=0 rs=1 cs=2]
              RenderText {#text} at (2,2) size 89x18
                text run at (2,2) width 89: "Row 4, Cell 1"
        RenderTableSection {TFOOT} at (0,102) size 276x21
          RenderTableRow {TR} at (0,0) size 276x21
            RenderTableCell {TD} at (0,0) size 92x21 [border: (1px solid #808080)] [r=0 c=0 rs=1 cs=1]
              RenderText {#text} at (2,2) size 89x18
                text run at (2,2) width 89: "Row 5, Cell 1"
            RenderTableCell {TD} at (91,0) size 93x21 [border: (1px solid #808080)] [r=0 c=1 rs=1 cs=1]
              RenderText {#text} at (2,2) size 89x18
                text run at (2,2) width 89: "Row 5, Cell 2"
            RenderTableCell {TD} at (183,0) size 93x21 [border: (1px solid #808080)] [r=0 c=2 rs=1 cs=1]
              RenderText {#text} at (2,2) size 89x18
                text run at (2,2) width 89: "Row 5, Cell 3"
      RenderTable {TABLE} at (0,7428) size 277x124 [border: none]
        RenderBlock {CAPTION} at (0,0) size 277x18
          RenderInline {A} at (0,0) size 227x18
            RenderText {#text} at (22,0) size 227x18
              text run at (22,0) width 227: "Frame=\x{201C}border\x{201D} and Rules=\x{201C}all\x{201D}"
          RenderInline (generated) at (0,0) size 6x18
            RenderText at (248,0) size 6x18
              text run at (248,0) width 6: ":"
        RenderTableSection {THEAD} at (0,18) size 276x21
          RenderTableRow {TR} at (0,0) size 276x21
            RenderTableCell {TD} at (0,0) size 92x21 [border: (1px solid #808080)] [r=0 c=0 rs=1 cs=1]
              RenderText {#text} at (2,2) size 89x18
                text run at (2,2) width 89: "Row 1, Cell 1"
            RenderTableCell {TD} at (91,0) size 93x21 [border: (1px solid #808080)] [r=0 c=1 rs=1 cs=1]
              RenderText {#text} at (2,2) size 89x18
                text run at (2,2) width 89: "Row 1, Cell 2"
            RenderTableCell {TD} at (183,0) size 93x21 [border: (1px solid #808080)] [r=0 c=2 rs=1 cs=1]
              RenderText {#text} at (2,2) size 89x18
                text run at (2,2) width 89: "Row 1, Cell 3"
        RenderTableSection {TBODY} at (0,39) size 276x63
          RenderTableRow {TR} at (0,0) size 276x21
            RenderTableCell {TD} at (0,10) size 92x22 [border: (1px solid #808080)] [r=0 c=0 rs=2 cs=1]
              RenderText {#text} at (2,2) size 89x19
                text run at (2,3) width 89: "Row 2, Cell 1"
            RenderTableCell {TD} at (91,0) size 185x21 [border: (1px solid #808080)] [r=0 c=1 rs=1 cs=2]
              RenderText {#text} at (2,2) size 89x18
                text run at (2,2) width 89: "Row 2, Cell 2"
          RenderTableRow {TR} at (0,21) size 276x21
            RenderTableCell {TD} at (91,21) size 93x21 [border: (1px solid #808080)] [r=1 c=1 rs=1 cs=1]
              RenderText {#text} at (2,2) size 89x18
                text run at (2,2) width 89: "Row 3, Cell 2"
            RenderTableCell {TD} at (183,31) size 93x22 [border: (1px solid #808080)] [r=1 c=2 rs=2 cs=1]
              RenderText {#text} at (2,2) size 89x19
                text run at (2,3) width 89: "Row 3, Cell 3"
          RenderTableRow {TR} at (0,42) size 276x21
            RenderTableCell {TD} at (0,42) size 184x21 [border: (1px solid #808080)] [r=2 c=0 rs=1 cs=2]
              RenderText {#text} at (2,2) size 89x18
                text run at (2,2) width 89: "Row 4, Cell 1"
        RenderTableSection {TFOOT} at (0,102) size 276x21
          RenderTableRow {TR} at (0,0) size 276x21
            RenderTableCell {TD} at (0,0) size 92x21 [border: (1px solid #808080)] [r=0 c=0 rs=1 cs=1]
              RenderText {#text} at (2,2) size 89x18
                text run at (2,2) width 89: "Row 5, Cell 1"
            RenderTableCell {TD} at (91,0) size 93x21 [border: (1px solid #808080)] [r=0 c=1 rs=1 cs=1]
              RenderText {#text} at (2,2) size 89x18
                text run at (2,2) width 89: "Row 5, Cell 2"
            RenderTableCell {TD} at (183,0) size 93x21 [border: (1px solid #808080)] [r=0 c=2 rs=1 cs=1]
              RenderText {#text} at (2,2) size 89x18
                text run at (2,2) width 89: "Row 5, Cell 3"
layer at (393,24) size 392x150
  RenderBlock (positioned) {TABLE} at (392,24) size 393x150
    RenderTable at (0,0) size 347x153
      RenderBlock {CAPTION} at (0,0) size 347x18
        RenderText {#text} at (50,0) size 241x18
          text run at (50,0) width 241: "Local links to specific testcase tables"
        RenderInline (generated) at (0,0) size 6x18
          RenderText at (290,0) size 6x18
            text run at (290,0) width 6: ":"
      RenderTableCol {COLGROUP} at (0,0) size 0x0
      RenderTableCol {COLGROUP} at (0,0) size 0x0
      RenderTableSection {THEAD} at (0,18) size 347x40
        RenderTableRow {TR} at (0,2) size 347x17
          RenderTableCell {TH} at (2,19) size 72x2 [r=0 c=0 rs=2 cs=2]
          RenderTableCell {TH} at (75,2) size 270x17 [r=0 c=2 rs=1 cs=9]
            RenderText {#text} at (118,1) size 34x15
              text run at (118,1) width 34: "Frame"
        RenderTableRow {TR} at (0,21) size 347x17
          RenderTableCell {TH} at (75,21) size 26x17 [r=1 c=2 rs=1 cs=1]
            RenderText {#text} at (1,1) size 24x15
              text run at (1,1) width 24: "void"
          RenderTableCell {TH} at (102,21) size 34x17 [r=1 c=3 rs=1 cs=1]
            RenderText {#text} at (1,1) size 32x15
              text run at (1,1) width 32: "above"
          RenderTableCell {TH} at (137,21) size 34x17 [r=1 c=4 rs=1 cs=1]
            RenderText {#text} at (1,1) size 32x15
              text run at (1,1) width 32: "below"
          RenderTableCell {TH} at (172,21) size 36x17 [r=1 c=5 rs=1 cs=1]
            RenderText {#text} at (1,1) size 33x15
              text run at (1,1) width 33: "hsides"
          RenderTableCell {TH} at (209,21) size 35x17 [r=1 c=6 rs=1 cs=1]
            RenderText {#text} at (1,1) size 33x15
              text run at (1,1) width 33: "vsides"
          RenderTableCell {TH} at (245,21) size 19x17 [r=1 c=7 rs=1 cs=1]
            RenderText {#text} at (1,1) size 16x15
              text run at (1,1) width 16: "lhs"
          RenderTableCell {TH} at (265,21) size 19x17 [r=1 c=8 rs=1 cs=1]
            RenderText {#text} at (1,1) size 16x15
              text run at (1,1) width 16: "rhs"
          RenderTableCell {TH} at (285,21) size 22x17 [r=1 c=9 rs=1 cs=1]
            RenderText {#text} at (1,1) size 20x15
              text run at (1,1) width 20: "box"
          RenderTableCell {TH} at (308,21) size 37x17 [r=1 c=10 rs=1 cs=1]
            RenderText {#text} at (1,1) size 34x15
              text run at (1,1) width 34: "border"
      RenderTableSection {TBODY} at (0,58) size 347x95
        RenderTableRow {TR} at (0,0) size 347x17
          RenderTableCell {TH} at (2,38) size 32x17 [r=0 c=0 rs=5 cs=1]
            RenderText {#text} at (1,1) size 30x15
              text run at (1,1) width 30: "Rules"
          RenderTableCell {TH} at (35,0) size 39x17 [r=0 c=1 rs=1 cs=1]
            RenderText {#text} at (11,1) size 26x15
              text run at (11,1) width 26: "none"
          RenderTableCell {TD} at (75,0) size 26x17 [bgcolor=#CCCCCC] [r=0 c=2 rs=1 cs=1]
            RenderInline {A} at (0,0) size 15x15 [color=#0000EE]
              RenderText {#text} at (5,1) size 15x15
                text run at (5,2) width 15: "Go"
          RenderTableCell {TD} at (102,0) size 34x17 [bgcolor=#CCCCCC] [r=0 c=3 rs=1 cs=1]
            RenderInline {A} at (0,0) size 15x15 [color=#0000EE]
              RenderText {#text} at (9,1) size 15x15
                text run at (9,2) width 15: "Go"
          RenderTableCell {TD} at (137,0) size 34x17 [bgcolor=#CCCCCC] [r=0 c=4 rs=1 cs=1]
            RenderInline {A} at (0,0) size 16x15 [color=#0000EE]
              RenderText {#text} at (9,1) size 16x15
                text run at (9,2) width 16: "Go"
          RenderTableCell {TD} at (172,0) size 36x17 [bgcolor=#CCCCCC] [r=0 c=5 rs=1 cs=1]
            RenderInline {A} at (0,0) size 16x15 [color=#0000EE]
              RenderText {#text} at (9,1) size 16x15
                text run at (9,2) width 16: "Go"
          RenderTableCell {TD} at (209,0) size 35x17 [bgcolor=#CCCCCC] [r=0 c=6 rs=1 cs=1]
            RenderInline {A} at (0,0) size 16x15 [color=#0000EE]
              RenderText {#text} at (9,1) size 16x15
                text run at (9,2) width 16: "Go"
          RenderTableCell {TD} at (245,0) size 19x17 [bgcolor=#CCCCCC] [r=0 c=7 rs=1 cs=1]
            RenderInline {A} at (0,0) size 15x15 [color=#0000EE]
              RenderText {#text} at (1,1) size 15x15
                text run at (1,2) width 15: "Go"
          RenderTableCell {TD} at (265,0) size 19x17 [bgcolor=#CCCCCC] [r=0 c=8 rs=1 cs=1]
            RenderInline {A} at (0,0) size 16x15 [color=#0000EE]
              RenderText {#text} at (1,1) size 16x15
                text run at (1,2) width 16: "Go"
          RenderTableCell {TD} at (285,0) size 22x17 [bgcolor=#CCCCCC] [r=0 c=9 rs=1 cs=1]
            RenderInline {A} at (0,0) size 16x15 [color=#0000EE]
              RenderText {#text} at (3,1) size 16x15
                text run at (3,2) width 16: "Go"
          RenderTableCell {TD} at (308,0) size 37x17 [bgcolor=#CCCCCC] [r=0 c=10 rs=1 cs=1]
            RenderInline {A} at (0,0) size 16x15 [color=#0000EE]
              RenderText {#text} at (10,1) size 16x15
                text run at (10,2) width 16: "Go"
        RenderTableRow {TR} at (0,19) size 347x17
          RenderTableCell {TH} at (35,19) size 39x17 [r=1 c=1 rs=1 cs=1]
            RenderText {#text} at (1,1) size 36x15
              text run at (1,1) width 36: "groups"
          RenderTableCell {TD} at (75,19) size 26x17 [bgcolor=#CCCCCC] [r=1 c=2 rs=1 cs=1]
            RenderInline {A} at (0,0) size 15x15 [color=#0000EE]
              RenderText {#text} at (5,1) size 15x15
                text run at (5,2) width 15: "Go"
          RenderTableCell {TD} at (102,19) size 34x17 [bgcolor=#CCCCCC] [r=1 c=3 rs=1 cs=1]
            RenderInline {A} at (0,0) size 15x15 [color=#0000EE]
              RenderText {#text} at (9,1) size 15x15
                text run at (9,2) width 15: "Go"
          RenderTableCell {TD} at (137,19) size 34x17 [bgcolor=#CCCCCC] [r=1 c=4 rs=1 cs=1]
            RenderInline {A} at (0,0) size 16x15 [color=#0000EE]
              RenderText {#text} at (9,1) size 16x15
                text run at (9,2) width 16: "Go"
          RenderTableCell {TD} at (172,19) size 36x17 [bgcolor=#CCCCCC] [r=1 c=5 rs=1 cs=1]
            RenderInline {A} at (0,0) size 16x15 [color=#0000EE]
              RenderText {#text} at (9,1) size 16x15
                text run at (9,2) width 16: "Go"
          RenderTableCell {TD} at (209,19) size 35x17 [bgcolor=#CCCCCC] [r=1 c=6 rs=1 cs=1]
            RenderInline {A} at (0,0) size 16x15 [color=#0000EE]
              RenderText {#text} at (9,1) size 16x15
                text run at (9,2) width 16: "Go"
          RenderTableCell {TD} at (245,19) size 19x17 [bgcolor=#CCCCCC] [r=1 c=7 rs=1 cs=1]
            RenderInline {A} at (0,0) size 15x15 [color=#0000EE]
              RenderText {#text} at (1,1) size 15x15
                text run at (1,2) width 15: "Go"
          RenderTableCell {TD} at (265,19) size 19x17 [bgcolor=#CCCCCC] [r=1 c=8 rs=1 cs=1]
            RenderInline {A} at (0,0) size 16x15 [color=#0000EE]
              RenderText {#text} at (1,1) size 16x15
                text run at (1,2) width 16: "Go"
          RenderTableCell {TD} at (285,19) size 22x17 [bgcolor=#CCCCCC] [r=1 c=9 rs=1 cs=1]
            RenderInline {A} at (0,0) size 16x15 [color=#0000EE]
              RenderText {#text} at (3,1) size 16x15
                text run at (3,2) width 16: "Go"
          RenderTableCell {TD} at (308,19) size 37x17 [bgcolor=#CCCCCC] [r=1 c=10 rs=1 cs=1]
            RenderInline {A} at (0,0) size 16x15 [color=#0000EE]
              RenderText {#text} at (10,1) size 16x15
                text run at (10,2) width 16: "Go"
        RenderTableRow {TR} at (0,38) size 347x17
          RenderTableCell {TH} at (35,38) size 39x17 [r=2 c=1 rs=1 cs=1]
            RenderText {#text} at (11,1) size 26x15
              text run at (11,1) width 26: "rows"
          RenderTableCell {TD} at (75,38) size 26x17 [bgcolor=#CCCCCC] [r=2 c=2 rs=1 cs=1]
            RenderInline {A} at (0,0) size 15x15 [color=#0000EE]
              RenderText {#text} at (5,1) size 15x15
                text run at (5,2) width 15: "Go"
          RenderTableCell {TD} at (102,38) size 34x17 [bgcolor=#CCCCCC] [r=2 c=3 rs=1 cs=1]
            RenderInline {A} at (0,0) size 15x15 [color=#0000EE]
              RenderText {#text} at (9,1) size 15x15
                text run at (9,2) width 15: "Go"
          RenderTableCell {TD} at (137,38) size 34x17 [bgcolor=#CCCCCC] [r=2 c=4 rs=1 cs=1]
            RenderInline {A} at (0,0) size 16x15 [color=#0000EE]
              RenderText {#text} at (9,1) size 16x15
                text run at (9,2) width 16: "Go"
          RenderTableCell {TD} at (172,38) size 36x17 [bgcolor=#CCCCCC] [r=2 c=5 rs=1 cs=1]
            RenderInline {A} at (0,0) size 16x15 [color=#0000EE]
              RenderText {#text} at (9,1) size 16x15
                text run at (9,2) width 16: "Go"
          RenderTableCell {TD} at (209,38) size 35x17 [bgcolor=#CCCCCC] [r=2 c=6 rs=1 cs=1]
            RenderInline {A} at (0,0) size 16x15 [color=#0000EE]
              RenderText {#text} at (9,1) size 16x15
                text run at (9,2) width 16: "Go"
          RenderTableCell {TD} at (245,38) size 19x17 [bgcolor=#CCCCCC] [r=2 c=7 rs=1 cs=1]
            RenderInline {A} at (0,0) size 15x15 [color=#0000EE]
              RenderText {#text} at (1,1) size 15x15
                text run at (1,2) width 15: "Go"
          RenderTableCell {TD} at (265,38) size 19x17 [bgcolor=#CCCCCC] [r=2 c=8 rs=1 cs=1]
            RenderInline {A} at (0,0) size 16x15 [color=#0000EE]
              RenderText {#text} at (1,1) size 16x15
                text run at (1,2) width 16: "Go"
          RenderTableCell {TD} at (285,38) size 22x17 [bgcolor=#CCCCCC] [r=2 c=9 rs=1 cs=1]
            RenderInline {A} at (0,0) size 16x15 [color=#0000EE]
              RenderText {#text} at (3,1) size 16x15
                text run at (3,2) width 16: "Go"
          RenderTableCell {TD} at (308,38) size 37x17 [bgcolor=#CCCCCC] [r=2 c=10 rs=1 cs=1]
            RenderInline {A} at (0,0) size 16x15 [color=#0000EE]
              RenderText {#text} at (10,1) size 16x15
                text run at (10,2) width 16: "Go"
        RenderTableRow {TR} at (0,57) size 347x17
          RenderTableCell {TH} at (35,57) size 39x17 [r=3 c=1 rs=1 cs=1]
            RenderText {#text} at (15,1) size 22x15
              text run at (15,1) width 22: "cols"
          RenderTableCell {TD} at (75,57) size 26x17 [bgcolor=#CCCCCC] [r=3 c=2 rs=1 cs=1]
            RenderInline {A} at (0,0) size 15x15 [color=#0000EE]
              RenderText {#text} at (5,1) size 15x15
                text run at (5,2) width 15: "Go"
          RenderTableCell {TD} at (102,57) size 34x17 [bgcolor=#CCCCCC] [r=3 c=3 rs=1 cs=1]
            RenderInline {A} at (0,0) size 15x15 [color=#0000EE]
              RenderText {#text} at (9,1) size 15x15
                text run at (9,2) width 15: "Go"
          RenderTableCell {TD} at (137,57) size 34x17 [bgcolor=#CCCCCC] [r=3 c=4 rs=1 cs=1]
            RenderInline {A} at (0,0) size 16x15 [color=#0000EE]
              RenderText {#text} at (9,1) size 16x15
                text run at (9,2) width 16: "Go"
          RenderTableCell {TD} at (172,57) size 36x17 [bgcolor=#CCCCCC] [r=3 c=5 rs=1 cs=1]
            RenderInline {A} at (0,0) size 16x15 [color=#0000EE]
              RenderText {#text} at (9,1) size 16x15
                text run at (9,2) width 16: "Go"
          RenderTableCell {TD} at (209,57) size 35x17 [bgcolor=#CCCCCC] [r=3 c=6 rs=1 cs=1]
            RenderInline {A} at (0,0) size 16x15 [color=#0000EE]
              RenderText {#text} at (9,1) size 16x15
                text run at (9,2) width 16: "Go"
          RenderTableCell {TD} at (245,57) size 19x17 [bgcolor=#CCCCCC] [r=3 c=7 rs=1 cs=1]
            RenderInline {A} at (0,0) size 15x15 [color=#0000EE]
              RenderText {#text} at (1,1) size 15x15
                text run at (1,2) width 15: "Go"
          RenderTableCell {TD} at (265,57) size 19x17 [bgcolor=#CCCCCC] [r=3 c=8 rs=1 cs=1]
            RenderInline {A} at (0,0) size 16x15 [color=#0000EE]
              RenderText {#text} at (1,1) size 16x15
                text run at (1,2) width 16: "Go"
          RenderTableCell {TD} at (285,57) size 22x17 [bgcolor=#CCCCCC] [r=3 c=9 rs=1 cs=1]
            RenderInline {A} at (0,0) size 16x15 [color=#0000EE]
              RenderText {#text} at (3,1) size 16x15
                text run at (3,2) width 16: "Go"
          RenderTableCell {TD} at (308,57) size 37x17 [bgcolor=#CCCCCC] [r=3 c=10 rs=1 cs=1]
            RenderInline {A} at (0,0) size 16x15 [color=#0000EE]
              RenderText {#text} at (10,1) size 16x15
                text run at (10,2) width 16: "Go"
        RenderTableRow {TR} at (0,76) size 347x17
          RenderTableCell {TH} at (35,76) size 39x17 [r=4 c=1 rs=1 cs=1]
            RenderText {#text} at (23,1) size 14x15
              text run at (23,1) width 14: "all"
          RenderTableCell {TD} at (75,76) size 26x17 [bgcolor=#CCCCCC] [r=4 c=2 rs=1 cs=1]
            RenderInline {A} at (0,0) size 15x15 [color=#0000EE]
              RenderText {#text} at (5,1) size 15x15
                text run at (5,2) width 15: "Go"
          RenderTableCell {TD} at (102,76) size 34x17 [bgcolor=#CCCCCC] [r=4 c=3 rs=1 cs=1]
            RenderInline {A} at (0,0) size 15x15 [color=#0000EE]
              RenderText {#text} at (9,1) size 15x15
                text run at (9,2) width 15: "Go"
          RenderTableCell {TD} at (137,76) size 34x17 [bgcolor=#CCCCCC] [r=4 c=4 rs=1 cs=1]
            RenderInline {A} at (0,0) size 16x15 [color=#0000EE]
              RenderText {#text} at (9,1) size 16x15
                text run at (9,2) width 16: "Go"
          RenderTableCell {TD} at (172,76) size 36x17 [bgcolor=#CCCCCC] [r=4 c=5 rs=1 cs=1]
            RenderInline {A} at (0,0) size 16x15 [color=#0000EE]
              RenderText {#text} at (9,1) size 16x15
                text run at (9,2) width 16: "Go"
          RenderTableCell {TD} at (209,76) size 35x17 [bgcolor=#CCCCCC] [r=4 c=6 rs=1 cs=1]
            RenderInline {A} at (0,0) size 16x15 [color=#0000EE]
              RenderText {#text} at (9,1) size 16x15
                text run at (9,2) width 16: "Go"
          RenderTableCell {TD} at (245,76) size 19x17 [bgcolor=#CCCCCC] [r=4 c=7 rs=1 cs=1]
            RenderInline {A} at (0,0) size 15x15 [color=#0000EE]
              RenderText {#text} at (1,1) size 15x15
                text run at (1,2) width 15: "Go"
          RenderTableCell {TD} at (265,76) size 19x17 [bgcolor=#CCCCCC] [r=4 c=8 rs=1 cs=1]
            RenderInline {A} at (0,0) size 16x15 [color=#0000EE]
              RenderText {#text} at (1,1) size 16x15
                text run at (1,2) width 16: "Go"
          RenderTableCell {TD} at (285,76) size 22x17 [bgcolor=#CCCCCC] [r=4 c=9 rs=1 cs=1]
            RenderInline {A} at (0,0) size 16x15 [color=#0000EE]
              RenderText {#text} at (3,1) size 16x15
                text run at (3,2) width 16: "Go"
          RenderTableCell {TD} at (308,76) size 37x17 [bgcolor=#CCCCCC] [r=4 c=10 rs=1 cs=1]
            RenderInline {A} at (0,0) size 16x15 [color=#0000EE]
              RenderText {#text} at (10,1) size 16x15
                text run at (10,2) width 16: "Go"
