layer at (0,0) size 800x600
  RenderView at (0,0) size 800x600
layer at (0,0) size 800x600
  RenderBlock {HTML} at (0,0) size 800x600
    RenderBody {BODY} at (8,8) size 784x584
      RenderBlock {P} at (0,0) size 784x18
        RenderText {#text} at (0,0) size 54x18
          text run at (0,0) width 54: "Test for "
        RenderInline {I} at (0,0) size 657x18
          RenderInline {A} at (0,0) size 156x18 [color=#0000EE]
            RenderText {#text} at (53,0) size 156x18
              text run at (53,0) width 156: "rdar://problem/5615307"
          RenderText {#text} at (208,0) size 502x18
            text run at (208,0) width 502: " Repro crash in WebKit!WebCore::RenderContainer::destroyLeftoverChildren"
        RenderText {#text} at (709,0) size 5x18
          text run at (709,0) width 5: "."
      RenderBlock {P} at (0,34) size 784x18
        RenderText {#text} at (0,0) size 274x18
          text run at (0,0) width 274: "There should be a line of green text below."
      RenderTable {TABLE} at (0,68) size 150x30 [color=#FF0000]
        RenderTableSection {TBODY} at (0,0) size 150x30
          RenderTableRow {TR} at (0,2) size 150x26
            RenderTableCell {TD} at (2,2) size 146x26 [r=0 c=0 rs=1 cs=1]
              RenderTable {TABLE} at (1,1) size 144x24 [color=#008000]
                RenderTableSection {TBODY} at (0,0) size 144x24
                  RenderTableRow {TR} at (0,2) size 144x20
                    RenderTableCell {TD} at (2,2) size 140x20 [r=0 c=0 rs=1 cs=1]
                      RenderText {#text} at (1,1) size 138x18
                        text run at (1,1) width 138: "This should be green."
