layer at (0,0) size 800x600
  RenderView at (0,0) size 800x600
layer at (0,0) size 800x600
  RenderBlock {HTML} at (0,0) size 800x600
    RenderBody {BODY} at (8,8) size 784x584
      RenderBlock {P} at (0,0) size 784x18
        RenderText {#text} at (0,0) size 320x18
          text run at (0,0) width 320: "This tests that the background of a table cell with "
        RenderInline {TT} at (0,0) size 133x15
          RenderText {#text} at (319,2) size 133x15
            text run at (319,2) width 133: "visibility:hidden"
        RenderText {#text} at (451,0) size 110x18
          text run at (451,0) width 110: " is never painted."
      RenderBlock {P} at (0,34) size 784x18
        RenderText {#text} at (0,0) size 465x18
          text run at (0,0) width 465: "You should see nine green squares and no red, orange or yellow squares."
      RenderTable {TABLE} at (4,68) size 27x25
        RenderTableSection {TBODY} at (0,0) size 27x25 [bgcolor=#FFFF00]
          RenderTableRow {TR} at (0,0) size 27x25 [bgcolor=#FFA500]
            RenderTableCell {TD} at (0,11) size 27x3 [bgcolor=#FF0000] [r=0 c=0 rs=1 cs=1]
      RenderTable {TABLE} at (4,97) size 27x25 [bgcolor=#FF0000]
        RenderTableSection {TBODY} at (0,0) size 27x25 [bgcolor=#FFFF00]
          RenderTableRow {TR} at (0,0) size 27x25 [bgcolor=#FFA500]
            RenderTableCell {TD} at (0,11) size 27x3 [bgcolor=#008000] [r=0 c=0 rs=1 cs=1]
      RenderTable {TABLE} at (4,126) size 27x25 [bgcolor=#FF0000]
        RenderTableSection {TBODY} at (0,0) size 27x25 [bgcolor=#FFFF00]
          RenderTableRow {TR} at (0,0) size 27x25 [bgcolor=#FFA500]
            RenderTableCell {TD} at (0,11) size 27x3 [bgcolor=#008000] [r=0 c=0 rs=1 cs=1]
      RenderTable {TABLE} at (4,155) size 27x25 [bgcolor=#FF0000]
        RenderTableSection {TBODY} at (0,0) size 27x25 [bgcolor=#FFFF00]
          RenderTableRow {TR} at (0,0) size 27x25 [bgcolor=#FFA500]
            RenderTableCell {TD} at (0,11) size 27x3 [bgcolor=#008000] [r=0 c=0 rs=1 cs=1]
      RenderTable {TABLE} at (4,184) size 27x25 [bgcolor=#008000]
        RenderTableSection {TBODY} at (0,0) size 27x25 [bgcolor=#FF0000]
          RenderTableRow {TR} at (0,0) size 27x25 [bgcolor=#FFA500]
            RenderTableCell {TD} at (0,11) size 27x3 [r=0 c=0 rs=1 cs=1]
      RenderTable {TABLE} at (4,213) size 27x25 [bgcolor=#FF0000]
        RenderTableSection {TBODY} at (0,0) size 27x25 [bgcolor=#FFFF00]
          RenderTableRow {TR} at (0,0) size 27x25 [bgcolor=#FFA500]
            RenderTableCell {TD} at (0,11) size 27x3 [bgcolor=#008000] [r=0 c=0 rs=1 cs=1]
      RenderTable {TABLE} at (4,242) size 27x25 [bgcolor=#FF0000]
        RenderTableSection {TBODY} at (0,0) size 27x25 [bgcolor=#FFFF00]
          RenderTableRow {TR} at (0,0) size 27x25 [bgcolor=#FFA500]
            RenderTableCell {TD} at (0,11) size 27x3 [bgcolor=#008000] [r=0 c=0 rs=1 cs=1]
      RenderTable {TABLE} at (4,271) size 27x25 [bgcolor=#008000]
        RenderTableSection {TBODY} at (0,0) size 27x25 [bgcolor=#FFFF00]
          RenderTableRow {TR} at (0,0) size 27x25 [bgcolor=#FFA500]
            RenderTableCell {TD} at (0,11) size 27x3 [bgcolor=#FF0000] [r=0 c=0 rs=1 cs=1]
      RenderTable {TABLE} at (4,300) size 27x25 [bgcolor=#FF0000]
        RenderTableSection {TBODY} at (0,0) size 27x25 [bgcolor=#FFFF00]
          RenderTableRow {TR} at (0,0) size 27x25 [bgcolor=#FFA500]
            RenderTableCell {TD} at (0,11) size 27x3 [bgcolor=#008000] [r=0 c=0 rs=1 cs=1]
      RenderTable {TABLE} at (4,329) size 27x25 [bgcolor=#008000]
        RenderTableSection {TBODY} at (0,0) size 27x25 [bgcolor=#FFFF00]
          RenderTableRow {TR} at (0,0) size 27x25 [bgcolor=#FFA500]
            RenderTableCell {TD} at (0,11) size 27x3 [bgcolor=#FF0000] [r=0 c=0 rs=1 cs=1]
