layer at (0,0) size 800x600
  RenderView at (0,0) size 800x600
layer at (0,0) size 800x280
  RenderBlock {html} at (0,0) size 800x280
    RenderBody {body} at (8,8) size 784x264
      RenderTable {table} at (0,0) size 128x264
        RenderTableSection (anonymous) at (0,148) size 128x2
          RenderTableRow (anonymous) at (0,0) size 128x0
            RenderTableCell (anonymous) at (2,0) size 124x0 [r=0 c=0 rs=1 cs=1]
        RenderBlock {caption} at (0,36) size 128x36
          RenderText {#text} at (16,0) size 95x36
            text run at (16,0) width 95: "PASS: Normal"
            text run at (38,18) width 52: "Caption"
        RenderTableSection {thead} at (0,126) size 128x22
          RenderTableRow (anonymous) at (0,2) size 128x18
            RenderTableCell (anonymous) at (2,2) size 124x18 [r=0 c=0 rs=1 cs=1]
              RenderText {#text} at (0,0) size 65x18
                text run at (0,0) width 65: "HEADER"
        RenderTableSection {tbody} at (0,150) size 128x38
          RenderTableRow (anonymous) at (0,0) size 128x36
            RenderTableCell (anonymous) at (2,0) size 124x36 [r=0 c=0 rs=1 cs=1]
              RenderBR {br} at (0,0) size 0x18
              RenderText {#text} at (0,18) size 124x18
                text run at (0,18) width 124: "Some body content"
              RenderBR {br} at (123,18) size 1x18
        RenderTableSection {tfoot} at (0,190) size 128x20
          RenderTableRow (anonymous) at (0,0) size 128x18
            RenderTableCell (anonymous) at (2,0) size 124x18 [r=0 c=0 rs=1 cs=1]
              RenderText {#text} at (0,0) size 63x18
                text run at (0,0) width 63: "FOOTER"
        RenderTableSection (anonymous) at (0,188) size 128x2
          RenderTableRow (anonymous) at (0,0) size 128x0
            RenderTableCell (anonymous) at (2,0) size 124x0 [r=0 c=0 rs=1 cs=1]
        RenderBlock {caption} at (0,72) size 128x54
          RenderText {#text} at (0,0) size 0x0
        RenderBlock {caption} at (0,126) size 128x0
layer at (8,218) size 128x54
  RenderBlock {caption} at (0,210) size 128x54
    RenderText {#text} at (26,0) size 119x54
      text run at (26,0) width 76: "PASS: First"
      text run at (4,18) width 119: "Caption aligned to"
      text run at (29,36) width 70: "the bottom"
layer at (10,156) size 231x18
  RenderBlock (positioned) {caption} at (10,156) size 231x18
    RenderText {#text} at (0,0) size 231x18
      text run at (0,0) width 231: "PASS: Caption with a fixed position"
layer at (8,8) size 128x36
  RenderBlock {caption} at (0,0) size 128x36
    RenderText {#text} at (15,0) size 104x36
      text run at (15,0) width 97: "PASS: Caption"
      text run at (12,18) width 104: "with opacity 0.7"
layer at (10,196) size 333x18
  RenderBlock (positioned) {caption} at (10,196) size 334x18
    RenderText {#text} at (0,0) size 334x18
      text run at (0,0) width 334: "PASS: Caption with a fixed position and opacity 0.6"
layer at (8,80) size 121x54
  RenderInline {a} at (0,0) size 121x54
    RenderText {#text} at (15,0) size 121x54
      text run at (15,0) width 97: "PASS: Caption"
      text run at (3,18) width 121: "with opacity 0.5 in"
      text run at (14,36) width 100: "one of its child."
layer at (72,134) size 447x18
  RenderBlock (positioned) {a} at (71,134) size 449x18
    RenderText {#text} at (0,0) size 448x18
      text run at (0,0) width 448: "PASS: Caption with opacity 0.4 and fixed position of one of the child."
