layer at (0,0) size 800x600
  RenderView at (0,0) size 800x600
layer at (0,0) size 800x600
  RenderBlock {HTML} at (0,0) size 800x600
    RenderBody {BODY} at (8,8) size 784x584
      RenderBlock {H3} at (0,0) size 784x22
        RenderText {#text} at (0,0) size 246x22
          text run at (0,0) width 246: "Small Percentage Heights Bug"
      RenderBlock {P} at (0,40) size 784x37
        RenderText {#text} at (0,0) size 761x36
          text run at (0,0) width 409: "In the example below, all eight cells should be the same height. "
          text run at (408,0) width 353: "It appears that any percentage heights cause cells to fill"
          text run at (0,18) width 148: "the entire table height. "
          text run at (147,18) width 546: "Note how cell 8 is correct but 2-7 are not, despite the cells all specifying height:30%."
      RenderTable {TABLE} at (0,92) size 784x97 [border: (1px outset #808080)]
        RenderTableSection {TBODY} at (1,1) size 782x94
          RenderTableRow {TR} at (0,0) size 782x94
            RenderTableCell {TD} at (0,0) size 479x94 [bgcolor=#FFFF00] [border: (1px inset #808080)] [r=0 c=0 rs=1 cs=1]
              RenderText {#text} at (194,11) size 91x18
                text run at (194,11) width 91: "Table Data #1"
              RenderBR {BR} at (284,11) size 1x18
              RenderText {#text} at (204,29) size 71x18
                text run at (204,29) width 71: "Other cells"
              RenderBR {BR} at (274,29) size 1x18
              RenderText {#text} at (174,47) size 131x18
                text run at (174,47) width 131: "should be the height"
              RenderBR {BR} at (304,47) size 1x18
              RenderText {#text} at (205,65) size 69x18
                text run at (205,65) width 69: "of this cell"
            RenderTableCell {TD} at (478,18) size 45x58 [bgcolor=#006000] [border: (1px inset #808080)] [r=0 c=1 rs=1 cs=1]
              RenderText {#text} at (11,11) size 22x36
                text run at (11,11) width 22: "TD"
                text run at (13,29) width 17: "#2"
            RenderTableCell {TD} at (522,18) size 44x58 [bgcolor=#00FFFF] [border: (1px inset #808080)] [r=0 c=2 rs=1 cs=1]
              RenderText {#text} at (11,11) size 22x36
                text run at (11,11) width 22: "TD"
                text run at (13,29) width 17: "#3"
            RenderTableCell {TD} at (565,18) size 44x58 [bgcolor=#0000FF] [border: (1px inset #808080)] [r=0 c=3 rs=1 cs=1]
              RenderText {#text} at (11,11) size 22x36
                text run at (11,11) width 22: "TD"
                text run at (13,29) width 17: "#4"
            RenderTableCell {TD} at (608,18) size 45x58 [bgcolor=#008000] [border: (1px inset #808080)] [r=0 c=4 rs=1 cs=1]
              RenderText {#text} at (11,11) size 22x36
                text run at (11,11) width 22: "TD"
                text run at (13,29) width 17: "#5"
            RenderTableCell {TD} at (652,18) size 44x58 [bgcolor=#000080] [border: (1px inset #808080)] [r=0 c=5 rs=1 cs=1]
              RenderText {#text} at (11,11) size 22x36
                text run at (11,11) width 22: "TD"
                text run at (13,29) width 17: "#6"
            RenderTableCell {TD} at (695,18) size 44x58 [bgcolor=#CACACA] [border: (1px inset #808080)] [r=0 c=6 rs=1 cs=1]
              RenderText {#text} at (11,11) size 22x36
                text run at (11,11) width 22: "TD"
                text run at (13,29) width 17: "#7"
            RenderTableCell {TD} at (738,18) size 44x58 [bgcolor=#000000] [border: (1px inset #808080)] [r=0 c=7 rs=1 cs=1]
              RenderInline {FONT} at (0,0) size 22x36 [color=#FFFFFF]
                RenderText {#text} at (11,11) size 22x36
                  text run at (11,11) width 22: "TD"
                  text run at (13,29) width 17: "#8"
