layer at (0,0) size 785x1490
  RenderView at (0,0) size 785x600
layer at (0,0) size 785x1490
  RenderBlock {HTML} at (0,0) size 785x1490
    RenderBody {BODY} at (8,8) size 769x1474
      RenderBlock {P} at (0,0) size 769x36
        RenderText {#text} at (0,0) size 54x18
          text run at (0,0) width 54: "Test for "
        RenderInline {I} at (0,0) size 716x36
          RenderInline {A} at (0,0) size 312x18 [color=#0000EE]
            RenderText {#text} at (53,0) size 312x18
              text run at (53,0) width 312: "https://bugs.webkit.org/show_bug.cgi?id=19519"
          RenderText {#text} at (364,0) size 716x36
            text run at (364,0) width 352: " DOM modification causes stack exhaustion (BUTTON"
            text run at (0,18) width 153: "OBJECT COLGROUP)"
        RenderText {#text} at (152,18) size 5x18
          text run at (152,18) width 5: "."
      RenderBlock {PRE} at (0,52) size 769x15
        RenderText {#text} at (0,0) size 242x15
          text run at (0,0) width 242: "Prepending block to table-cell:"
      RenderBlock {DIV} at (0,80) size 769x0
        RenderBlock {DIV} at (0,0) size 769x0
        RenderTable at (0,0) size 0x0
          RenderTableSection (anonymous) at (0,0) size 0x0
            RenderTableRow (anonymous) at (0,0) size 0x0
              RenderTableCell {DIV} at (0,0) size 0x0 [r=0 c=0 rs=1 cs=1]
      RenderBlock {DIV} at (0,80) size 769x0
        RenderBlock {DIV} at (0,0) size 769x0
        RenderTable at (0,0) size 0x0
          RenderTableSection (anonymous) at (0,0) size 0x0
            RenderTableRow (anonymous) at (0,0) size 0x0
              RenderTableCell {DIV} at (0,0) size 0x0 [r=0 c=0 rs=1 cs=1]
      RenderBlock {PRE} at (0,93) size 769x15
        RenderText {#text} at (0,0) size 250x15
          text run at (0,0) width 250: "Prepending inline to table-cell:"
      RenderBlock {DIV} at (0,121) size 769x0
        RenderBlock (anonymous) at (0,0) size 769x0
          RenderInline {DIV} at (0,0) size 0x0
        RenderTable at (0,0) size 0x0
          RenderTableSection (anonymous) at (0,0) size 0x0
            RenderTableRow (anonymous) at (0,0) size 0x0
              RenderTableCell {DIV} at (0,0) size 0x0 [r=0 c=0 rs=1 cs=1]
      RenderBlock {DIV} at (0,121) size 769x0
        RenderBlock (anonymous) at (0,0) size 769x0
          RenderInline {DIV} at (0,0) size 0x0
        RenderTable at (0,0) size 0x0
          RenderTableSection (anonymous) at (0,0) size 0x0
            RenderTableRow (anonymous) at (0,0) size 0x0
              RenderTableCell {DIV} at (0,0) size 0x0 [r=0 c=0 rs=1 cs=1]
      RenderBlock {PRE} at (0,134) size 769x15
        RenderText {#text} at (0,0) size 281x15
          text run at (0,0) width 281: "Prepending table-cell to table-cell:"
      RenderBlock {DIV} at (0,162) size 769x0
        RenderTable at (0,0) size 0x0
          RenderTableSection (anonymous) at (0,0) size 0x0
            RenderTableRow (anonymous) at (0,0) size 0x0
              RenderTableCell {DIV} at (0,0) size 0x0 [r=0 c=0 rs=1 cs=1]
              RenderTableCell {DIV} at (0,0) size 0x0 [r=0 c=1 rs=1 cs=1]
      RenderBlock {DIV} at (0,162) size 769x0
        RenderTable at (0,0) size 0x0
          RenderTableSection (anonymous) at (0,0) size 0x0
            RenderTableRow (anonymous) at (0,0) size 0x0
              RenderTableCell {DIV} at (0,0) size 0x0 [r=0 c=0 rs=1 cs=1]
              RenderTableCell {DIV} at (0,0) size 0x0 [r=0 c=1 rs=1 cs=1]
      RenderBlock {PRE} at (0,175) size 769x15
        RenderText {#text} at (0,0) size 274x15
          text run at (0,0) width 274: "Prepending table-row to table-cell:"
      RenderBlock {DIV} at (0,203) size 769x0
        RenderTable at (0,0) size 0x0
          RenderTableSection (anonymous) at (0,0) size 0x0
            RenderTableRow {DIV} at (0,0) size 0x0
            RenderTableRow (anonymous) at (0,0) size 0x0
              RenderTableCell {DIV} at (0,0) size 0x0 [r=1 c=0 rs=1 cs=1]
      RenderBlock {DIV} at (0,203) size 769x0
        RenderTable at (0,0) size 0x0
          RenderTableSection (anonymous) at (0,0) size 0x0
            RenderTableRow {DIV} at (0,0) size 0x0
            RenderTableRow (anonymous) at (0,0) size 0x0
              RenderTableCell {DIV} at (0,0) size 0x0 [r=1 c=0 rs=1 cs=1]
      RenderBlock {PRE} at (0,216) size 769x15
        RenderText {#text} at (0,0) size 320x15
          text run at (0,0) width 320: "Prepending table-row-group to table-cell:"
      RenderBlock {DIV} at (0,244) size 769x0
        RenderTable at (0,0) size 0x0
          RenderTableSection {DIV} at (0,0) size 0x0
          RenderTableSection (anonymous) at (0,0) size 0x0
            RenderTableRow (anonymous) at (0,0) size 0x0
              RenderTableCell {DIV} at (0,0) size 0x0 [r=0 c=0 rs=1 cs=1]
      RenderBlock {DIV} at (0,244) size 769x0
        RenderTable at (0,0) size 0x0
          RenderTableSection {DIV} at (0,0) size 0x0
          RenderTableSection (anonymous) at (0,0) size 0x0
            RenderTableRow (anonymous) at (0,0) size 0x0
              RenderTableCell {DIV} at (0,0) size 0x0 [r=0 c=0 rs=1 cs=1]
      RenderBlock {PRE} at (0,257) size 769x15
        RenderText {#text} at (0,0) size 344x15
          text run at (0,0) width 344: "Prepending table-column-group to table-cell:"
      RenderBlock {DIV} at (0,285) size 769x0
        RenderTable at (0,0) size 0x0
          RenderTableCol {DIV} at (0,0) size 0x0
          RenderTableSection (anonymous) at (0,0) size 0x0
            RenderTableRow (anonymous) at (0,0) size 0x0
              RenderTableCell {DIV} at (0,0) size 0x0 [r=0 c=0 rs=1 cs=1]
      RenderBlock {DIV} at (0,285) size 769x0
        RenderTable at (0,0) size 0x0
          RenderTableCol {DIV} at (0,0) size 0x0
          RenderTableSection (anonymous) at (0,0) size 0x0
            RenderTableRow (anonymous) at (0,0) size 0x0
              RenderTableCell {DIV} at (0,0) size 0x0 [r=0 c=0 rs=1 cs=1]
      RenderBlock {PRE} at (0,298) size 769x15
        RenderText {#text} at (0,0) size 305x15
          text run at (0,0) width 305: "Prepending table-caption to table-cell:"
      RenderBlock {DIV} at (0,326) size 769x0
        RenderTable at (0,0) size 0x0
          RenderBlock {DIV} at (0,0) size 0x0
          RenderTableSection (anonymous) at (0,0) size 0x0
            RenderTableRow (anonymous) at (0,0) size 0x0
              RenderTableCell {DIV} at (0,0) size 0x0 [r=0 c=0 rs=1 cs=1]
      RenderBlock {DIV} at (0,326) size 769x0
        RenderTable at (0,0) size 0x0
          RenderBlock {DIV} at (0,0) size 0x0
          RenderTableSection (anonymous) at (0,0) size 0x0
            RenderTableRow (anonymous) at (0,0) size 0x0
              RenderTableCell {DIV} at (0,0) size 0x0 [r=0 c=0 rs=1 cs=1]
      RenderBlock {PRE} at (0,339) size 769x15
        RenderText {#text} at (0,0) size 235x15
          text run at (0,0) width 235: "Prepending block to table-row:"
      RenderBlock {DIV} at (0,367) size 769x0
        RenderBlock {DIV} at (0,0) size 769x0
        RenderTable at (0,0) size 0x0
          RenderTableSection (anonymous) at (0,0) size 0x0
            RenderTableRow {DIV} at (0,0) size 0x0
      RenderBlock {DIV} at (0,367) size 769x0
        RenderBlock {DIV} at (0,0) size 769x0
        RenderTable at (0,0) size 0x0
          RenderTableSection (anonymous) at (0,0) size 0x0
            RenderTableRow {DIV} at (0,0) size 0x0
      RenderBlock {PRE} at (0,380) size 769x15
        RenderText {#text} at (0,0) size 242x15
          text run at (0,0) width 242: "Prepending inline to table-row:"
      RenderBlock {DIV} at (0,408) size 769x0
        RenderBlock (anonymous) at (0,0) size 769x0
          RenderInline {DIV} at (0,0) size 0x0
        RenderTable at (0,0) size 0x0
          RenderTableSection (anonymous) at (0,0) size 0x0
            RenderTableRow {DIV} at (0,0) size 0x0
      RenderBlock {DIV} at (0,408) size 769x0
        RenderBlock (anonymous) at (0,0) size 769x0
          RenderInline {DIV} at (0,0) size 0x0
        RenderTable at (0,0) size 0x0
          RenderTableSection (anonymous) at (0,0) size 0x0
            RenderTableRow {DIV} at (0,0) size 0x0
      RenderBlock {PRE} at (0,421) size 769x15
        RenderText {#text} at (0,0) size 274x15
          text run at (0,0) width 274: "Prepending table-cell to table-row:"
      RenderBlock {DIV} at (0,449) size 769x0
        RenderTable at (0,0) size 0x0
          RenderTableSection (anonymous) at (0,0) size 0x0
            RenderTableRow (anonymous) at (0,0) size 0x0
              RenderTableCell {DIV} at (0,0) size 0x0 [r=0 c=0 rs=1 cs=1]
            RenderTableRow {DIV} at (0,0) size 0x0
      RenderBlock {DIV} at (0,449) size 769x0
        RenderTable at (0,0) size 0x0
          RenderTableSection (anonymous) at (0,0) size 0x0
            RenderTableRow (anonymous) at (0,0) size 0x0
              RenderTableCell {DIV} at (0,0) size 0x0 [r=0 c=0 rs=1 cs=1]
            RenderTableRow {DIV} at (0,0) size 0x0
      RenderBlock {PRE} at (0,462) size 769x15
        RenderText {#text} at (0,0) size 266x15
          text run at (0,0) width 266: "Prepending table-row to table-row:"
      RenderBlock {DIV} at (0,490) size 769x0
        RenderTable at (0,0) size 0x0
          RenderTableSection (anonymous) at (0,0) size 0x0
            RenderTableRow {DIV} at (0,0) size 0x0
            RenderTableRow {DIV} at (0,0) size 0x0
      RenderBlock {DIV} at (0,490) size 769x0
        RenderTable at (0,0) size 0x0
          RenderTableSection (anonymous) at (0,0) size 0x0
            RenderTableRow {DIV} at (0,0) size 0x0
            RenderTableRow {DIV} at (0,0) size 0x0
      RenderBlock {PRE} at (0,503) size 769x15
        RenderText {#text} at (0,0) size 313x15
          text run at (0,0) width 313: "Prepending table-row-group to table-row:"
      RenderBlock {DIV} at (0,531) size 769x0
        RenderTable at (0,0) size 0x0
          RenderTableSection {DIV} at (0,0) size 0x0
          RenderTableSection (anonymous) at (0,0) size 0x0
            RenderTableRow {DIV} at (0,0) size 0x0
      RenderBlock {DIV} at (0,531) size 769x0
        RenderTable at (0,0) size 0x0
          RenderTableSection {DIV} at (0,0) size 0x0
          RenderTableSection (anonymous) at (0,0) size 0x0
            RenderTableRow {DIV} at (0,0) size 0x0
      RenderBlock {PRE} at (0,544) size 769x15
        RenderText {#text} at (0,0) size 336x15
          text run at (0,0) width 336: "Prepending table-column-group to table-row:"
      RenderBlock {DIV} at (0,572) size 769x0
        RenderTable at (0,0) size 0x0
          RenderTableCol {DIV} at (0,0) size 0x0
          RenderTableSection (anonymous) at (0,0) size 0x0
            RenderTableRow {DIV} at (0,0) size 0x0
      RenderBlock {DIV} at (0,572) size 769x0
        RenderTable at (0,0) size 0x0
          RenderTableCol {DIV} at (0,0) size 0x0
          RenderTableSection (anonymous) at (0,0) size 0x0
            RenderTableRow {DIV} at (0,0) size 0x0
      RenderBlock {PRE} at (0,585) size 769x15
        RenderText {#text} at (0,0) size 297x15
          text run at (0,0) width 297: "Prepending table-caption to table-row:"
      RenderBlock {DIV} at (0,613) size 769x0
        RenderTable at (0,0) size 0x0
          RenderBlock {DIV} at (0,0) size 0x0
          RenderTableSection (anonymous) at (0,0) size 0x0
            RenderTableRow {DIV} at (0,0) size 0x0
      RenderBlock {DIV} at (0,613) size 769x0
        RenderTable at (0,0) size 0x0
          RenderBlock {DIV} at (0,0) size 0x0
          RenderTableSection (anonymous) at (0,0) size 0x0
            RenderTableRow {DIV} at (0,0) size 0x0
      RenderBlock {PRE} at (0,626) size 769x15
        RenderText {#text} at (0,0) size 281x15
          text run at (0,0) width 281: "Prepending block to table-row-group:"
      RenderBlock {DIV} at (0,654) size 769x0
        RenderBlock {DIV} at (0,0) size 769x0
        RenderTable at (0,0) size 0x0
          RenderTableSection {DIV} at (0,0) size 0x0
      RenderBlock {DIV} at (0,654) size 769x0
        RenderBlock {DIV} at (0,0) size 769x0
        RenderTable at (0,0) size 0x0
          RenderTableSection {DIV} at (0,0) size 0x0
      RenderBlock {PRE} at (0,667) size 769x15
        RenderText {#text} at (0,0) size 289x15
          text run at (0,0) width 289: "Prepending inline to table-row-group:"
      RenderBlock {DIV} at (0,695) size 769x0
        RenderBlock (anonymous) at (0,0) size 769x0
          RenderInline {DIV} at (0,0) size 0x0
        RenderTable at (0,0) size 0x0
          RenderTableSection {DIV} at (0,0) size 0x0
      RenderBlock {DIV} at (0,695) size 769x0
        RenderBlock (anonymous) at (0,0) size 769x0
          RenderInline {DIV} at (0,0) size 0x0
        RenderTable at (0,0) size 0x0
          RenderTableSection {DIV} at (0,0) size 0x0
      RenderBlock {PRE} at (0,708) size 769x15
        RenderText {#text} at (0,0) size 320x15
          text run at (0,0) width 320: "Prepending table-cell to table-row-group:"
      RenderBlock {DIV} at (0,736) size 769x0
        RenderTable at (0,0) size 0x0
          RenderTableSection (anonymous) at (0,0) size 0x0
            RenderTableRow (anonymous) at (0,0) size 0x0
              RenderTableCell {DIV} at (0,0) size 0x0 [r=0 c=0 rs=1 cs=1]
          RenderTableSection {DIV} at (0,0) size 0x0
      RenderBlock {DIV} at (0,736) size 769x0
        RenderTable at (0,0) size 0x0
          RenderTableSection (anonymous) at (0,0) size 0x0
            RenderTableRow (anonymous) at (0,0) size 0x0
              RenderTableCell {DIV} at (0,0) size 0x0 [r=0 c=0 rs=1 cs=1]
          RenderTableSection {DIV} at (0,0) size 0x0
      RenderBlock {PRE} at (0,749) size 769x15
        RenderText {#text} at (0,0) size 313x15
          text run at (0,0) width 313: "Prepending table-row to table-row-group:"
      RenderBlock {DIV} at (0,777) size 769x0
        RenderTable at (0,0) size 0x0
          RenderTableSection (anonymous) at (0,0) size 0x0
            RenderTableRow {DIV} at (0,0) size 0x0
          RenderTableSection {DIV} at (0,0) size 0x0
      RenderBlock {DIV} at (0,777) size 769x0
        RenderTable at (0,0) size 0x0
          RenderTableSection (anonymous) at (0,0) size 0x0
            RenderTableRow {DIV} at (0,0) size 0x0
          RenderTableSection {DIV} at (0,0) size 0x0
      RenderBlock {PRE} at (0,790) size 769x15
        RenderText {#text} at (0,0) size 359x15
          text run at (0,0) width 359: "Prepending table-row-group to table-row-group:"
      RenderBlock {DIV} at (0,818) size 769x0
        RenderTable at (0,0) size 0x0
          RenderTableSection {DIV} at (0,0) size 0x0
          RenderTableSection {DIV} at (0,0) size 0x0
      RenderBlock {DIV} at (0,818) size 769x0
        RenderTable at (0,0) size 0x0
          RenderTableSection {DIV} at (0,0) size 0x0
          RenderTableSection {DIV} at (0,0) size 0x0
      RenderBlock {PRE} at (0,831) size 769x15
        RenderText {#text} at (0,0) size 383x15
          text run at (0,0) width 383: "Prepending table-column-group to table-row-group:"
      RenderBlock {DIV} at (0,859) size 769x0
        RenderTable at (0,0) size 0x0
          RenderTableCol {DIV} at (0,0) size 0x0
          RenderTableSection {DIV} at (0,0) size 0x0
      RenderBlock {DIV} at (0,859) size 769x0
        RenderTable at (0,0) size 0x0
          RenderTableCol {DIV} at (0,0) size 0x0
          RenderTableSection {DIV} at (0,0) size 0x0
      RenderBlock {PRE} at (0,872) size 769x15
        RenderText {#text} at (0,0) size 344x15
          text run at (0,0) width 344: "Prepending table-caption to table-row-group:"
      RenderBlock {DIV} at (0,900) size 769x0
        RenderTable at (0,0) size 0x0
          RenderBlock {DIV} at (0,0) size 0x0
          RenderTableSection {DIV} at (0,0) size 0x0
      RenderBlock {DIV} at (0,900) size 769x0
        RenderTable at (0,0) size 0x0
          RenderBlock {DIV} at (0,0) size 0x0
          RenderTableSection {DIV} at (0,0) size 0x0
      RenderBlock {PRE} at (0,913) size 769x15
        RenderText {#text} at (0,0) size 305x15
          text run at (0,0) width 305: "Prepending block to table-column-group:"
      RenderBlock {DIV} at (0,941) size 769x0
        RenderBlock {DIV} at (0,0) size 769x0
        RenderTable at (0,0) size 0x0
          RenderTableCol {DIV} at (0,0) size 0x0
      RenderBlock {DIV} at (0,941) size 769x0
        RenderBlock {DIV} at (0,0) size 769x0
        RenderTable at (0,0) size 0x0
          RenderTableCol {DIV} at (0,0) size 0x0
      RenderBlock {PRE} at (0,954) size 769x15
        RenderText {#text} at (0,0) size 313x15
          text run at (0,0) width 313: "Prepending inline to table-column-group:"
      RenderBlock {DIV} at (0,982) size 769x0
        RenderBlock (anonymous) at (0,0) size 769x0
          RenderInline {DIV} at (0,0) size 0x0
        RenderTable at (0,0) size 0x0
          RenderTableCol {DIV} at (0,0) size 0x0
      RenderBlock {DIV} at (0,982) size 769x0
        RenderBlock (anonymous) at (0,0) size 769x0
          RenderInline {DIV} at (0,0) size 0x0
        RenderTable at (0,0) size 0x0
          RenderTableCol {DIV} at (0,0) size 0x0
      RenderBlock {PRE} at (0,995) size 769x15
        RenderText {#text} at (0,0) size 344x15
          text run at (0,0) width 344: "Prepending table-cell to table-column-group:"
      RenderBlock {DIV} at (0,1023) size 769x0
        RenderTable at (0,0) size 0x0
          RenderTableSection (anonymous) at (0,0) size 0x0
            RenderTableRow (anonymous) at (0,0) size 0x0
              RenderTableCell {DIV} at (0,0) size 0x0 [r=0 c=0 rs=1 cs=1]
          RenderTableCol {DIV} at (0,0) size 0x0
      RenderBlock {DIV} at (0,1023) size 769x0
        RenderTable at (0,0) size 0x0
          RenderTableSection (anonymous) at (0,0) size 0x0
            RenderTableRow (anonymous) at (0,0) size 0x0
              RenderTableCell {DIV} at (0,0) size 0x0 [r=0 c=0 rs=1 cs=1]
          RenderTableCol {DIV} at (0,0) size 0x0
      RenderBlock {PRE} at (0,1036) size 769x15
        RenderText {#text} at (0,0) size 336x15
          text run at (0,0) width 336: "Prepending table-row to table-column-group:"
      RenderBlock {DIV} at (0,1064) size 769x0
        RenderTable at (0,0) size 0x0
          RenderTableSection (anonymous) at (0,0) size 0x0
            RenderTableRow {DIV} at (0,0) size 0x0
          RenderTableCol {DIV} at (0,0) size 0x0
      RenderBlock {DIV} at (0,1064) size 769x0
        RenderTable at (0,0) size 0x0
          RenderTableSection (anonymous) at (0,0) size 0x0
            RenderTableRow {DIV} at (0,0) size 0x0
          RenderTableCol {DIV} at (0,0) size 0x0
      RenderBlock {PRE} at (0,1077) size 769x15
        RenderText {#text} at (0,0) size 383x15
          text run at (0,0) width 383: "Prepending table-row-group to table-column-group:"
      RenderBlock {DIV} at (0,1105) size 769x0
        RenderTable at (0,0) size 0x0
          RenderTableSection {DIV} at (0,0) size 0x0
          RenderTableCol {DIV} at (0,0) size 0x0
      RenderBlock {DIV} at (0,1105) size 769x0
        RenderTable at (0,0) size 0x0
          RenderTableSection {DIV} at (0,0) size 0x0
          RenderTableCol {DIV} at (0,0) size 0x0
      RenderBlock {PRE} at (0,1118) size 769x15
        RenderText {#text} at (0,0) size 406x15
          text run at (0,0) width 406: "Prepending table-column-group to table-column-group:"
      RenderBlock {DIV} at (0,1146) size 769x0
        RenderTable at (0,0) size 0x0
          RenderTableCol {DIV} at (0,0) size 0x0
          RenderTableCol {DIV} at (0,0) size 0x0
      RenderBlock {DIV} at (0,1146) size 769x0
        RenderTable at (0,0) size 0x0
          RenderTableCol {DIV} at (0,0) size 0x0
          RenderTableCol {DIV} at (0,0) size 0x0
      RenderBlock {PRE} at (0,1159) size 769x15
        RenderText {#text} at (0,0) size 367x15
          text run at (0,0) width 367: "Prepending table-caption to table-column-group:"
      RenderBlock {DIV} at (0,1187) size 769x0
        RenderTable at (0,0) size 0x0
          RenderBlock {DIV} at (0,0) size 0x0
          RenderTableCol {DIV} at (0,0) size 0x0
      RenderBlock {DIV} at (0,1187) size 769x0
        RenderTable at (0,0) size 0x0
          RenderBlock {DIV} at (0,0) size 0x0
          RenderTableCol {DIV} at (0,0) size 0x0
      RenderBlock {PRE} at (0,1200) size 769x15
        RenderText {#text} at (0,0) size 266x15
          text run at (0,0) width 266: "Prepending block to table-caption:"
      RenderBlock {DIV} at (0,1228) size 769x0
        RenderBlock {DIV} at (0,0) size 769x0
        RenderTable at (0,0) size 0x0
          RenderBlock {DIV} at (0,0) size 0x0
      RenderBlock {DIV} at (0,1228) size 769x0
        RenderBlock {DIV} at (0,0) size 769x0
        RenderTable at (0,0) size 0x0
          RenderBlock {DIV} at (0,0) size 0x0
      RenderBlock {PRE} at (0,1241) size 769x15
        RenderText {#text} at (0,0) size 274x15
          text run at (0,0) width 274: "Prepending inline to table-caption:"
      RenderBlock {DIV} at (0,1269) size 769x0
        RenderBlock (anonymous) at (0,0) size 769x0
          RenderInline {DIV} at (0,0) size 0x0
        RenderTable at (0,0) size 0x0
          RenderBlock {DIV} at (0,0) size 0x0
      RenderBlock {DIV} at (0,1269) size 769x0
        RenderBlock (anonymous) at (0,0) size 769x0
          RenderInline {DIV} at (0,0) size 0x0
        RenderTable at (0,0) size 0x0
          RenderBlock {DIV} at (0,0) size 0x0
      RenderBlock {PRE} at (0,1282) size 769x15
        RenderText {#text} at (0,0) size 305x15
          text run at (0,0) width 305: "Prepending table-cell to table-caption:"
      RenderBlock {DIV} at (0,1310) size 769x0
        RenderTable at (0,0) size 0x0
          RenderTableSection (anonymous) at (0,0) size 0x0
            RenderTableRow (anonymous) at (0,0) size 0x0
              RenderTableCell {DIV} at (0,0) size 0x0 [r=0 c=0 rs=1 cs=1]
          RenderBlock {DIV} at (0,0) size 0x0
      RenderBlock {DIV} at (0,1310) size 769x0
        RenderTable at (0,0) size 0x0
          RenderTableSection (anonymous) at (0,0) size 0x0
            RenderTableRow (anonymous) at (0,0) size 0x0
              RenderTableCell {DIV} at (0,0) size 0x0 [r=0 c=0 rs=1 cs=1]
          RenderBlock {DIV} at (0,0) size 0x0
      RenderBlock {PRE} at (0,1323) size 769x15
        RenderText {#text} at (0,0) size 297x15
          text run at (0,0) width 297: "Prepending table-row to table-caption:"
      RenderBlock {DIV} at (0,1351) size 769x0
        RenderTable at (0,0) size 0x0
          RenderTableSection (anonymous) at (0,0) size 0x0
            RenderTableRow {DIV} at (0,0) size 0x0
          RenderBlock {DIV} at (0,0) size 0x0
      RenderBlock {DIV} at (0,1351) size 769x0
        RenderTable at (0,0) size 0x0
          RenderTableSection (anonymous) at (0,0) size 0x0
            RenderTableRow {DIV} at (0,0) size 0x0
          RenderBlock {DIV} at (0,0) size 0x0
      RenderBlock {PRE} at (0,1364) size 769x15
        RenderText {#text} at (0,0) size 344x15
          text run at (0,0) width 344: "Prepending table-row-group to table-caption:"
      RenderBlock {DIV} at (0,1392) size 769x0
        RenderTable at (0,0) size 0x0
          RenderTableSection {DIV} at (0,0) size 0x0
          RenderBlock {DIV} at (0,0) size 0x0
      RenderBlock {DIV} at (0,1392) size 769x0
        RenderTable at (0,0) size 0x0
          RenderTableSection {DIV} at (0,0) size 0x0
          RenderBlock {DIV} at (0,0) size 0x0
      RenderBlock {PRE} at (0,1405) size 769x15
        RenderText {#text} at (0,0) size 367x15
          text run at (0,0) width 367: "Prepending table-column-group to table-caption:"
      RenderBlock {DIV} at (0,1433) size 769x0
        RenderTable at (0,0) size 0x0
          RenderTableCol {DIV} at (0,0) size 0x0
          RenderBlock {DIV} at (0,0) size 0x0
      RenderBlock {DIV} at (0,1433) size 769x0
        RenderTable at (0,0) size 0x0
          RenderTableCol {DIV} at (0,0) size 0x0
          RenderBlock {DIV} at (0,0) size 0x0
      RenderBlock {PRE} at (0,1446) size 769x15
        RenderText {#text} at (0,0) size 328x15
          text run at (0,0) width 328: "Prepending table-caption to table-caption:"
      RenderBlock {DIV} at (0,1474) size 769x0
        RenderTable at (0,0) size 0x0
          RenderBlock {DIV} at (0,0) size 0x0
          RenderBlock {DIV} at (0,0) size 0x0
      RenderBlock {DIV} at (0,1474) size 769x0
        RenderTable at (0,0) size 0x0
          RenderBlock {DIV} at (0,0) size 0x0
          RenderBlock {DIV} at (0,0) size 0x0
