layer at (0,0) size 800x600
  RenderView at (0,0) size 800x600
layer at (0,0) size 800x600
  RenderBlock {HTML} at (0,0) size 800x600
    RenderBody {BODY} at (8,8) size 784x584
      RenderBlock {P} at (0,0) size 784x18
        RenderText {#text} at (0,0) size 307x18
          text run at (0,0) width 307: "Both rows should have the same width (725px)."
      RenderTable {TABLE} at (0,34) size 725x36
        RenderTableSection {TBODY} at (0,0) size 725x36
          RenderTableRow {TR} at (0,0) size 725x18
            RenderTableCell {TD} at (0,0) size 91x18 [bgcolor=#7CFC00] [r=0 c=0 rs=1 cs=1]
              RenderText {#text} at (0,0) size 8x18
                text run at (0,0) width 8: "1"
            RenderTableCell {TD} at (90,0) size 92x18 [bgcolor=#008000] [r=0 c=1 rs=1 cs=1]
              RenderText {#text} at (0,0) size 18x18
                text run at (0,0) width 18: "1+"
            RenderTableCell {TD} at (181,0) size 91x18 [bgcolor=#00FFFF] [r=0 c=2 rs=1 cs=1]
              RenderText {#text} at (0,0) size 8x18
                text run at (0,0) width 8: "2"
            RenderTableCell {TD} at (271,0) size 92x18 [bgcolor=#008B8B] [r=0 c=3 rs=1 cs=1]
              RenderText {#text} at (0,0) size 18x18
                text run at (0,0) width 18: "2+"
            RenderTableCell {TD} at (362,0) size 92x18 [bgcolor=#FFFF00] [r=0 c=4 rs=1 cs=1]
              RenderText {#text} at (0,0) size 8x18
                text run at (0,0) width 8: "3"
            RenderTableCell {TD} at (453,0) size 91x18 [bgcolor=#FFD700] [r=0 c=5 rs=1 cs=1]
              RenderText {#text} at (0,0) size 18x18
                text run at (0,0) width 18: "3+"
            RenderTableCell {TD} at (543,0) size 92x18 [bgcolor=#FFA500] [r=0 c=6 rs=1 cs=1]
              RenderText {#text} at (0,0) size 8x18
                text run at (0,0) width 8: "4"
            RenderTableCell {TD} at (634,0) size 91x18 [bgcolor=#FF8C00] [r=0 c=7 rs=1 cs=1]
              RenderText {#text} at (0,0) size 18x18
                text run at (0,0) width 18: "4+"
          RenderTableRow {TR} at (0,18) size 725x18
            RenderTableCell {TD} at (0,18) size 91x18 [r=1 c=0 rs=1 cs=1]
              RenderText {#text} at (0,0) size 4x18
                text run at (0,0) width 4: " "
      RenderTable {TABLE} at (0,70) size 725x18
        RenderTableSection {TBODY} at (0,0) size 725x18
          RenderTableRow {TR} at (0,0) size 725x18
            RenderTableCell {TD} at (0,0) size 182x18 [bgcolor=#7CFC00] [r=0 c=0 rs=1 cs=1]
              RenderText {#text} at (0,0) size 8x18
                text run at (0,0) width 8: "1"
            RenderTableCell {TD} at (181,0) size 182x18 [bgcolor=#00FFFF] [r=0 c=1 rs=1 cs=1]
              RenderText {#text} at (0,0) size 8x18
                text run at (0,0) width 8: "2"
            RenderTableCell {TD} at (362,0) size 182x18 [bgcolor=#FFFF00] [r=0 c=2 rs=1 cs=1]
              RenderText {#text} at (0,0) size 8x18
                text run at (0,0) width 8: "3"
            RenderTableCell {TD} at (543,0) size 182x18 [bgcolor=#FFA500] [r=0 c=3 rs=1 cs=1]
              RenderText {#text} at (0,0) size 8x18
                text run at (0,0) width 8: "4"
      RenderBlock (anonymous) at (0,88) size 784x22
        RenderButton {BUTTON} at (2,2) size 44x18 [color=#000000D8] [bgcolor=#C0C0C0] [border: none (2px outset #C0C0C0) none (2px outset #C0C0C0)]
          RenderBlock (anonymous) at (8,2) size 28x13
            RenderText {#text} at (0,0) size 28x13
              text run at (0,0) width 28: "show"
        RenderText {#text} at (47,1) size 5x18
          text run at (47,1) width 5: " "
        RenderButton {BUTTON} at (53,2) size 39x18 [color=#000000D8] [bgcolor=#C0C0C0] [border: none (2px outset #C0C0C0) none (2px outset #C0C0C0)]
          RenderBlock (anonymous) at (8,2) size 23x13
            RenderText {#text} at (0,0) size 23x13
              text run at (0,0) width 23: "hide"
        RenderText {#text} at (0,0) size 0x0
