layer at (0,0) size 800x600
  RenderView at (0,0) size 800x600
layer at (0,0) size 800x600
  RenderBlock {HTML} at (0,0) size 800x600
    RenderBody {BODY} at (8,8) size 784x584
      RenderTable {TABLE} at (0,0) size 100x580 [border: (2px outset #808080)]
        RenderTableSection {TBODY} at (2,2) size 96x576
          RenderTableRow {TR} at (0,0) size 22x576
            RenderTableCell {TD} at (0,20) size 96x-1 [bgcolor=#AAAAAA] [border: (1px inset #808080)] [r=0 c=0 rs=3 cs=1]
              RenderText {#text} at (21,-19) size 54x37
                text run at (21,-19) width 27: "Left"
                text run at (39,-19) width 14: "(3"
                text run at (57,-19) width 37: "rows)"
            RenderTableCell {TD} at (0,57) size 59x162 [bgcolor=#000000] [border: (1px inset #808080)] [r=0 c=1 rs=2 cs=1]
              RenderText {#text} at (20,-19) size 19x5
                text run at (20,-18) width 5: " "
            RenderTableCell {TD} at (0,238) size 22x98 [border: (1px inset #808080)] [r=0 c=2 rs=1 cs=10]
              RenderText {#text} at (1,1) size 18x98
                text run at (1,1) width 98: "Middle (1 row)"
            RenderTableCell {TD} at (0,357) size 59x162 [bgcolor=#000000] [border: (1px inset #808080)] [r=0 c=12 rs=2 cs=1]
              RenderText {#text} at (20,-19) size 19x5
                text run at (20,-18) width 5: " "
            RenderTableCell {TD} at (0,557) size 96x0 [bgcolor=#AAAAAA] [border: (1px inset #808080)] [r=0 c=13 rs=3 cs=1]
              RenderText {#text} at (21,-19) size 54x37
                text run at (21,-19) width 36: "Right"
                text run at (39,4) width 14: "(3"
                text run at (57,-19) width 37: "rows)"
          RenderTableRow {TR} at (22,0) size 37x576
            RenderTableCell {TD} at (22,246) size 37x-5 [bgcolor=#EEEEEE] [border: (1px inset #808080)] [r=1 c=2 rs=1 cs=1]
              RenderText {#text} at (9,-8) size 19x5
                text run at (9,-7) width 5: " "
            RenderTableCell {TD} at (22,257) size 37x-5 [bgcolor=#EEEEEE] [border: (1px inset #808080)] [r=1 c=3 rs=1 cs=1]
              RenderText {#text} at (9,-8) size 19x5
                text run at (9,-7) width 5: " "
            RenderTableCell {TD} at (22,268) size 37x-5 [bgcolor=#EEEEEE] [border: (1px inset #808080)] [r=1 c=4 rs=1 cs=1]
              RenderText {#text} at (9,-8) size 19x5
                text run at (9,-7) width 5: " "
            RenderTableCell {TD} at (22,279) size 37x-5 [bgcolor=#EEEEEE] [border: (1px inset #808080)] [r=1 c=5 rs=1 cs=1]
              RenderText {#text} at (9,-8) size 19x5
                text run at (9,-7) width 5: " "
            RenderTableCell {TD} at (22,291) size 37x-5 [bgcolor=#EEEEEE] [border: (1px inset #808080)] [r=1 c=6 rs=1 cs=1]
              RenderText {#text} at (9,-8) size 19x5
                text run at (9,-7) width 5: " "
            RenderTableCell {TD} at (22,302) size 37x-5 [bgcolor=#EEEEEE] [border: (1px inset #808080)] [r=1 c=7 rs=1 cs=1]
              RenderText {#text} at (9,-8) size 19x5
                text run at (9,-7) width 5: " "
            RenderTableCell {TD} at (22,313) size 37x-5 [bgcolor=#EEEEEE] [border: (1px inset #808080)] [r=1 c=8 rs=1 cs=1]
              RenderText {#text} at (9,-8) size 19x5
                text run at (9,-7) width 5: " "
            RenderTableCell {TD} at (22,324) size 37x-5 [bgcolor=#EEEEEE] [border: (1px inset #808080)] [r=1 c=9 rs=1 cs=1]
              RenderText {#text} at (9,-8) size 19x5
                text run at (9,-7) width 5: " "
            RenderTableCell {TD} at (22,335) size 37x-5 [bgcolor=#EEEEEE] [border: (1px inset #808080)] [r=1 c=10 rs=1 cs=1]
              RenderText {#text} at (9,-8) size 19x5
                text run at (9,-7) width 5: " "
          RenderTableRow {TR} at (59,0) size 37x576
            RenderTableCell {TD} at (59,46) size 37x522 [bgcolor=#008000] [border: (1px inset #808080)] [r=2 c=1 rs=1 cs=13]
              RenderText {#text} at (9,252) size 19x277
                text run at (9,253) width 277: "Bottom Row Overlaps with the Right Cell!"
