layer at (0,0) size 800x600
  RenderView at (0,0) size 800x600
layer at (0,0) size 800x600
  RenderBlock {HTML} at (0,0) size 800x600
    RenderBody {BODY} at (8,8) size 784x584
      RenderBlock {P} at (0,0) size 784x36
        RenderText {#text} at (0,0) size 177x18
          text run at (0,0) width 177: "This is a regression test for "
        RenderInline {I} at (0,0) size 762x36
          RenderInline {A} at (0,0) size 354x18 [color=#0000EE]
            RenderText {#text} at (176,0) size 354x18
              text run at (176,0) width 354: "http://bugzilla.opendarwin.org/show_bug.cgi?id=9652"
          RenderText {#text} at (529,0) size 762x36
            text run at (529,0) width 5: " "
            text run at (533,0) width 229: "Assertion failure when changing an"
            text run at (0,18) width 194: "RTL table cell to display:none"
        RenderText {#text} at (193,18) size 5x18
          text run at (193,18) width 5: "."
      RenderBlock {HR} at (0,52) size 784x2 [border: (1px inset #000000)]
      RenderBlock {P} at (0,70) size 784x18
        RenderText {#text} at (0,0) size 258x18
          text run at (0,0) width 258: "No assertion failure means TEST PASS."
      RenderTable {TABLE} at (0,104) size 51x26 [border: (1px solid #008000)]
        RenderTableSection {TBODY} at (1,1) size 49x24
          RenderTableRow {TR} at (0,2) size 49x20
            RenderTableCell {TD} at (2,2) size 45x20 [r=0 c=0 rs=1 cs=1]
              RenderText {#text} at (1,1) size 43x18
                text run at (1,1) width 43: "Lorem"
