layer at (0,0) size 800x600
  RenderView at (0,0) size 800x600
layer at (0,0) size 800x600
  RenderBlock {HTML} at (0,0) size 800x600
    RenderBody {BODY} at (8,8) size 784x584
      RenderTable {TABLE} at (0,0) size 172x45
        RenderTableSection {TBODY} at (0,0) size 172x45
          RenderTableRow {TR} at (0,2) size 172x2
            RenderTableCell {TD} at (2,2) size 6x2 [r=0 c=0 rs=1 cs=1]
          RenderTableRow {TR} at (0,6) size 172x0
            RenderTableCell {TD} at (2,6) size 6x2 [r=1 c=0 rs=2 cs=1]
          RenderTableRow {TR} at (0,8) size 172x0
            RenderTableCell {TD} at (10,24) size 160x3 [r=2 c=1 rs=2 cs=1]
          RenderTableRow {TR} at (0,10) size 172x33
            RenderTableCell {TD} at (2,10) size 168x33 [r=3 c=0 rs=1 cs=2]
              RenderTable {TABLE} at (1,1) size 166x31 [border: (2px outset #808080)]
                RenderTableSection {TBODY} at (2,2) size 162x27
                  RenderTableRow {TR} at (0,2) size 162x23
                    RenderTableCell {TD} at (2,11) size 4x5 [border: (1px inset #808080)] [r=0 c=0 rs=1 cs=1]
                    RenderTableCell {TD} at (8,2) size 152x23 [border: (1px inset #808080)] [r=0 c=1 rs=1 cs=1]
                      RenderTextControl {INPUT} at (2,2) size 148x19 [bgcolor=#FFFFFF] [border: (2px inset #808080)]
                      RenderText {#text} at (0,0) size 0x0
layer at (26,28) size 142x13
  RenderBlock {DIV} at (3,3) size 142x13
    RenderText {#text} at (0,0) size 26x13
      text run at (0,0) width 26: "hello"
