layer at (0,0) size 800x600
  RenderView at (0,0) size 800x600
layer at (0,0) size 800x600
  RenderBlock {HTML} at (0,0) size 800x600
    RenderBody {BODY} at (8,10) size 784x582
      RenderBlock {TABLE} at (10,0) size 764x92 [border: (1px solid #000000)]
        RenderTable at (1,1) size 118x90
          RenderTableSection {THEAD} at (0,0) size 118x24
            RenderTableRow {TR} at (0,2) size 118x20
              RenderTableCell {TD} at (2,2) size 56x20 [r=0 c=0 rs=1 cs=1]
                RenderText {#text} at (1,1) size 46x18
                  text run at (1,1) width 46: "Head 1"
              RenderTableCell {TD} at (59,2) size 57x20 [r=0 c=1 rs=1 cs=1]
                RenderText {#text} at (1,1) size 46x18
                  text run at (1,1) width 46: "Head 2"
          RenderTableSection {TFOOT} at (0,68) size 118x22
            RenderTableRow {TR} at (0,0) size 118x20
              RenderTableCell {TD} at (2,0) size 56x20 [r=0 c=0 rs=1 cs=1]
                RenderText {#text} at (1,1) size 54x18
                  text run at (1,1) width 54: "Footer 1"
              RenderTableCell {TD} at (59,0) size 57x20 [r=0 c=1 rs=1 cs=1]
                RenderText {#text} at (1,1) size 54x18
                  text run at (1,1) width 54: "Footer 2"
          RenderTableSection {TBODY} at (0,24) size 118x44
            RenderTableRow {TR} at (0,0) size 118x20
              RenderTableCell {TD} at (2,0) size 56x20 [r=0 c=0 rs=1 cs=1]
                RenderText {#text} at (1,1) size 39x18
                  text run at (1,1) width 39: "Cell 1"
              RenderTableCell {TD} at (59,0) size 57x20 [r=0 c=1 rs=1 cs=1]
                RenderText {#text} at (1,1) size 39x18
                  text run at (1,1) width 39: "Cell 2"
            RenderTableRow {TR} at (0,22) size 118x20
              RenderTableCell {TD} at (2,22) size 56x20 [r=1 c=0 rs=1 cs=1]
                RenderText {#text} at (1,1) size 39x18
                  text run at (1,1) width 39: "Cell 3"
              RenderTableCell {TD} at (59,22) size 57x20 [r=1 c=1 rs=1 cs=1]
                RenderText {#text} at (1,1) size 39x18
                  text run at (1,1) width 39: "Cell 4"
      RenderBlock {P} at (0,108) size 784x18
        RenderText {#text} at (0,0) size 227x18
          text run at (0,0) width 227: "Row groups have display:table-cell"
      RenderBlock {TABLE} at (10,142) size 764x60 [border: (1px solid #000000)]
        RenderTable at (1,1) size 238x58
          RenderTableSection (anonymous) at (0,0) size 238x32
            RenderTableRow (anonymous) at (0,2) size 238x28
              RenderTableCell {THEAD} at (2,2) size 108x28 [r=0 c=0 rs=1 cs=1]
                RenderTable at (0,0) size 108x28
                  RenderTableSection (anonymous) at (0,0) size 108x28
                    RenderTableRow (anonymous) at (0,2) size 108x24
                      RenderTableCell {TR} at (2,2) size 104x24 [r=0 c=0 rs=1 cs=1]
                        RenderTable {TD} at (0,0) size 52x24
                          RenderTableSection (anonymous) at (1,1) size 50x22
                            RenderTableRow (anonymous) at (0,2) size 50x18
                              RenderTableCell (anonymous) at (2,2) size 46x18 [r=0 c=0 rs=1 cs=1]
                                RenderText {#text} at (0,0) size 46x18
                                  text run at (0,0) width 46: "Head 1"
                        RenderTable {TD} at (51,0) size 53x24
                          RenderTableSection (anonymous) at (1,1) size 50x22
                            RenderTableRow (anonymous) at (0,2) size 50x18
                              RenderTableCell (anonymous) at (2,2) size 46x18 [r=0 c=0 rs=1 cs=1]
                                RenderText {#text} at (0,0) size 46x18
                                  text run at (0,0) width 46: "Head 2"
              RenderTableCell {TFOOT} at (111,2) size 125x28 [r=0 c=1 rs=1 cs=1]
                RenderTable at (0,0) size 124x28
                  RenderTableSection (anonymous) at (0,0) size 124x28
                    RenderTableRow (anonymous) at (0,2) size 124x24
                      RenderTableCell {TR} at (2,2) size 120x24 [r=0 c=0 rs=1 cs=1]
                        RenderTable {TD} at (0,0) size 60x24
                          RenderTableSection (anonymous) at (1,1) size 58x22
                            RenderTableRow (anonymous) at (0,2) size 58x18
                              RenderTableCell (anonymous) at (2,2) size 54x18 [r=0 c=0 rs=1 cs=1]
                                RenderText {#text} at (0,0) size 54x18
                                  text run at (0,0) width 54: "Footer 1"
                        RenderTable {TD} at (59,0) size 61x24
                          RenderTableSection (anonymous) at (1,1) size 58x22
                            RenderTableRow (anonymous) at (0,2) size 58x18
                              RenderTableCell (anonymous) at (2,2) size 54x18 [r=0 c=0 rs=1 cs=1]
                                RenderText {#text} at (0,0) size 54x18
                                  text run at (0,0) width 54: "Footer 2"
          RenderTableSection {TBODY} at (0,32) size 238x26
            RenderTableRow (anonymous) at (0,0) size 238x24
              RenderTableCell {TR} at (2,0) size 108x24 [r=0 c=0 rs=1 cs=1]
                RenderTable {TD} at (0,0) size 45x24
                  RenderTableSection (anonymous) at (1,1) size 43x22
                    RenderTableRow (anonymous) at (0,2) size 43x18
                      RenderTableCell (anonymous) at (2,2) size 39x18 [r=0 c=0 rs=1 cs=1]
                        RenderText {#text} at (0,0) size 39x18
                          text run at (0,0) width 39: "Cell 1"
                RenderTable {TD} at (44,0) size 46x24
                  RenderTableSection (anonymous) at (1,1) size 43x22
                    RenderTableRow (anonymous) at (0,2) size 43x18
                      RenderTableCell (anonymous) at (2,2) size 39x18 [r=0 c=0 rs=1 cs=1]
                        RenderText {#text} at (0,0) size 39x18
                          text run at (0,0) width 39: "Cell 2"
              RenderTableCell {TR} at (111,0) size 125x24 [r=0 c=1 rs=1 cs=1]
                RenderTable {TD} at (0,0) size 45x24
                  RenderTableSection (anonymous) at (1,1) size 43x22
                    RenderTableRow (anonymous) at (0,2) size 43x18
                      RenderTableCell (anonymous) at (2,2) size 39x18 [r=0 c=0 rs=1 cs=1]
                        RenderText {#text} at (0,0) size 39x18
                          text run at (0,0) width 39: "Cell 3"
                RenderTable {TD} at (44,0) size 46x24
                  RenderTableSection (anonymous) at (1,1) size 43x22
                    RenderTableRow (anonymous) at (0,2) size 43x18
                      RenderTableCell (anonymous) at (2,2) size 39x18 [r=0 c=0 rs=1 cs=1]
                        RenderText {#text} at (0,0) size 39x18
                          text run at (0,0) width 39: "Cell 4"
      RenderBlock {P} at (0,218) size 784x18
        RenderText {#text} at (0,0) size 203x18
          text run at (0,0) width 203: "Row groups have display:block"
      RenderBlock {TABLE} at (10,252) size 764x102 [border: (1px solid #000000)]
        RenderBlock {THEAD} at (1,1) size 762x24
          RenderBlock {TR} at (0,0) size 762x24
            RenderTable at (0,0) size 102x24
              RenderTableSection (anonymous) at (0,0) size 102x24
                RenderTableRow (anonymous) at (0,2) size 102x20
                  RenderTableCell {TD} at (2,2) size 48x20 [r=0 c=0 rs=1 cs=1]
                    RenderText {#text} at (1,1) size 46x18
                      text run at (1,1) width 46: "Head 1"
                  RenderTableCell {TD} at (51,2) size 49x20 [r=0 c=1 rs=1 cs=1]
                    RenderText {#text} at (1,1) size 46x18
                      text run at (1,1) width 46: "Head 2"
        RenderBlock {TFOOT} at (1,25) size 762x24
          RenderBlock {TR} at (0,0) size 762x24
            RenderTable at (0,0) size 118x24
              RenderTableSection (anonymous) at (0,0) size 118x24
                RenderTableRow (anonymous) at (0,2) size 118x20
                  RenderTableCell {TD} at (2,2) size 56x20 [r=0 c=0 rs=1 cs=1]
                    RenderText {#text} at (1,1) size 54x18
                      text run at (1,1) width 54: "Footer 1"
                  RenderTableCell {TD} at (59,2) size 57x20 [r=0 c=1 rs=1 cs=1]
                    RenderText {#text} at (1,1) size 54x18
                      text run at (1,1) width 54: "Footer 2"
        RenderTable at (1,49) size 92x52
          RenderTableSection {TBODY} at (0,0) size 92x52
            RenderTableRow (anonymous) at (0,2) size 92x48
              RenderTableCell (anonymous) at (2,2) size 88x48 [r=0 c=0 rs=1 cs=1]
                RenderBlock {TR} at (0,0) size 88x24
                  RenderTable at (0,0) size 88x24
                    RenderTableSection (anonymous) at (0,0) size 88x24
                      RenderTableRow (anonymous) at (0,2) size 88x20
                        RenderTableCell {TD} at (2,2) size 41x20 [r=0 c=0 rs=1 cs=1]
                          RenderText {#text} at (1,1) size 39x18
                            text run at (1,1) width 39: "Cell 1"
                        RenderTableCell {TD} at (44,2) size 42x20 [r=0 c=1 rs=1 cs=1]
                          RenderText {#text} at (1,1) size 39x18
                            text run at (1,1) width 39: "Cell 2"
                RenderBlock {TR} at (0,24) size 88x24
                  RenderTable at (0,0) size 88x24
                    RenderTableSection (anonymous) at (0,0) size 88x24
                      RenderTableRow (anonymous) at (0,2) size 88x20
                        RenderTableCell {TD} at (2,2) size 41x20 [r=0 c=0 rs=1 cs=1]
                          RenderText {#text} at (1,1) size 39x18
                            text run at (1,1) width 39: "Cell 3"
                        RenderTableCell {TD} at (44,2) size 42x20 [r=0 c=1 rs=1 cs=1]
                          RenderText {#text} at (1,1) size 39x18
                            text run at (1,1) width 39: "Cell 4"
      RenderTable at (0,364) size 302x200
        RenderTableSection (anonymous) at (0,0) size 302x200
          RenderTableRow (anonymous) at (0,0) size 302x200
            RenderTableCell {P} at (0,0) size 302x200 [border: (1px solid #000000)] [r=0 c=0 rs=1 cs=1]
              RenderText {#text} at (1,1) size 300x198
                text run at (1,1) width 259: "Lorem ipsum dolor sit amet, consectetur"
                text run at (1,19) width 252: "adipisicing elit, sed do eiusmod tempor"
                text run at (1,37) width 300: "incididunt ut labore et dolore magna aliqua. Ut"
                text run at (1,55) width 235: "enim ad minim veniam, quis nostrud"
                text run at (1,73) width 290: "exercitation ullamco laboris nisi ut aliquip ex"
                text run at (1,91) width 292: "ea commodo consequat. Duis aute irure dolor"
                text run at (1,109) width 290: "in reprehenderit in voluptate velit esse cillum"
                text run at (1,127) width 291: "dolore eu fugiat nulla pariatur. Excepteur sint"
                text run at (1,145) width 293: "occaecat cupidatat non proident, sunt in culpa"
                text run at (1,163) width 240: "qui officia deserunt mollit anim id est"
                text run at (1,181) width 58: "laborum."
