layer at (0,0) size 800x600
  RenderView at (0,0) size 800x600
layer at (0,0) size 800x493
  RenderBlock {HTML} at (0,0) size 800x493
    RenderBody {BODY} at (8,10) size 784x475
      RenderBlock {TABLE} at (10,0) size 764x92 [border: (1px solid #000000)]
        RenderTable at (1,1) size 118x90
          RenderTableSection {THEAD} at (0,0) size 118x24
            RenderTableRow {TR} at (0,2) size 118x20
              RenderTableCell {TD} at (2,2) size 56x20 [r=0 c=0 rs=1 cs=1]
                RenderText {#text} at (1,1) size 46x18
                  text run at (1,1) width 46: "Head 1"
              RenderTableCell {TD} at (59,2) size 57x20 [r=0 c=1 rs=1 cs=1]
                RenderText {#text} at (1,1) size 46x18
                  text run at (1,1) width 46: "Head 2"
          RenderTableSection {TFOOT} at (0,68) size 118x22
            RenderTableRow {TR} at (0,0) size 118x20
              RenderTableCell {TD} at (2,0) size 56x20 [r=0 c=0 rs=1 cs=1]
                RenderText {#text} at (1,1) size 54x18
                  text run at (1,1) width 54: "Footer 1"
              RenderTableCell {TD} at (59,0) size 57x20 [r=0 c=1 rs=1 cs=1]
                RenderText {#text} at (1,1) size 54x18
                  text run at (1,1) width 54: "Footer 2"
          RenderTableSection {TBODY} at (0,24) size 118x44
            RenderTableRow {TR} at (0,0) size 118x20
              RenderTableCell {TD} at (2,0) size 56x20 [r=0 c=0 rs=1 cs=1]
                RenderText {#text} at (1,1) size 39x18
                  text run at (1,1) width 39: "Cell 1"
              RenderTableCell {TD} at (59,0) size 57x20 [r=0 c=1 rs=1 cs=1]
                RenderText {#text} at (1,1) size 39x18
                  text run at (1,1) width 39: "Cell 2"
            RenderTableRow {TR} at (0,22) size 118x20
              RenderTableCell {TD} at (2,22) size 56x20 [r=1 c=0 rs=1 cs=1]
                RenderText {#text} at (1,1) size 39x18
                  text run at (1,1) width 39: "Cell 3"
              RenderTableCell {TD} at (59,22) size 57x20 [r=1 c=1 rs=1 cs=1]
                RenderText {#text} at (1,1) size 39x18
                  text run at (1,1) width 39: "Cell 4"
      RenderBlock {TABLE} at (10,102) size 764x51 [border: (1px solid #000000)]
        RenderTable at (1,1) size 222x49
          RenderTableSection (anonymous) at (0,0) size 222x28
            RenderTableRow (anonymous) at (0,2) size 222x24
              RenderTableCell {THEAD} at (2,2) size 100x24 [r=0 c=0 rs=1 cs=1]
                RenderTable at (0,0) size 100x24
                  RenderTableSection (anonymous) at (0,0) size 100x24
                    RenderTableRow (anonymous) at (0,2) size 100x20
                      RenderTableCell {TR} at (2,2) size 96x20 [r=0 c=0 rs=1 cs=1]
                        RenderInline {TD} at (0,0) size 48x20
                          RenderText {#text} at (1,1) size 46x18
                            text run at (1,1) width 46: "Head 1"
                        RenderInline {TD} at (0,0) size 49x20
                          RenderText {#text} at (48,1) size 47x18
                            text run at (48,1) width 47: "Head 2"
              RenderTableCell {TFOOT} at (103,2) size 117x24 [r=0 c=1 rs=1 cs=1]
                RenderTable at (0,0) size 116x24
                  RenderTableSection (anonymous) at (0,0) size 116x24
                    RenderTableRow (anonymous) at (0,2) size 116x20
                      RenderTableCell {TR} at (2,2) size 112x20 [r=0 c=0 rs=1 cs=1]
                        RenderInline {TD} at (0,0) size 56x20
                          RenderText {#text} at (1,1) size 54x18
                            text run at (1,1) width 54: "Footer 1"
                        RenderInline {TD} at (0,0) size 57x20
                          RenderText {#text} at (56,1) size 55x18
                            text run at (56,1) width 55: "Footer 2"
          RenderTableSection {TBODY} at (0,27) size 222x22
            RenderTableRow (anonymous) at (0,0) size 222x20
              RenderTableCell {TR} at (2,0) size 100x20 [r=0 c=0 rs=1 cs=1]
                RenderInline {TD} at (0,0) size 41x20
                  RenderText {#text} at (1,1) size 39x18
                    text run at (1,1) width 39: "Cell 1"
                RenderInline {TD} at (0,0) size 42x20
                  RenderText {#text} at (41,1) size 40x18
                    text run at (41,1) width 40: "Cell 2"
              RenderTableCell {TR} at (103,0) size 117x20 [r=0 c=1 rs=1 cs=1]
                RenderInline {TD} at (0,0) size 41x20
                  RenderText {#text} at (1,1) size 39x18
                    text run at (1,1) width 39: "Cell 3"
                RenderInline {TD} at (0,0) size 42x20
                  RenderText {#text} at (41,1) size 40x18
                    text run at (41,1) width 40: "Cell 4"
      RenderBlock {TABLE} at (10,162) size 764x103 [border: (1px solid #000000)]
        RenderBlock {THEAD} at (1,1) size 762x24
          RenderBlock {TR} at (0,0) size 762x24
            RenderTable at (0,0) size 102x24
              RenderTableSection (anonymous) at (0,0) size 102x24
                RenderTableRow (anonymous) at (0,2) size 102x20
                  RenderTableCell {TD} at (2,2) size 48x20 [r=0 c=0 rs=1 cs=1]
                    RenderText {#text} at (1,1) size 46x18
                      text run at (1,1) width 46: "Head 1"
                  RenderTableCell {TD} at (51,2) size 49x20 [r=0 c=1 rs=1 cs=1]
                    RenderText {#text} at (1,1) size 46x18
                      text run at (1,1) width 46: "Head 2"
        RenderBlock {TFOOT} at (1,25) size 762x24
          RenderBlock {TR} at (0,0) size 762x24
            RenderTable at (0,0) size 118x24
              RenderTableSection (anonymous) at (0,0) size 118x24
                RenderTableRow (anonymous) at (0,2) size 118x20
                  RenderTableCell {TD} at (2,2) size 56x20 [r=0 c=0 rs=1 cs=1]
                    RenderText {#text} at (1,1) size 54x18
                      text run at (1,1) width 54: "Footer 1"
                  RenderTableCell {TD} at (59,2) size 57x20 [r=0 c=1 rs=1 cs=1]
                    RenderText {#text} at (1,1) size 54x18
                      text run at (1,1) width 54: "Footer 2"
        RenderTable at (1,49) size 92x52
          RenderTableSection {TBODY} at (0,0) size 92x52
            RenderTableRow (anonymous) at (0,2) size 92x48
              RenderTableCell (anonymous) at (2,2) size 88x48 [r=0 c=0 rs=1 cs=1]
                RenderBlock {TR} at (0,0) size 88x24
                  RenderTable at (0,0) size 88x24
                    RenderTableSection (anonymous) at (0,0) size 88x24
                      RenderTableRow (anonymous) at (0,2) size 88x20
                        RenderTableCell {TD} at (2,2) size 41x20 [r=0 c=0 rs=1 cs=1]
                          RenderText {#text} at (1,1) size 39x18
                            text run at (1,1) width 39: "Cell 1"
                        RenderTableCell {TD} at (44,2) size 42x20 [r=0 c=1 rs=1 cs=1]
                          RenderText {#text} at (1,1) size 39x18
                            text run at (1,1) width 39: "Cell 2"
                RenderBlock {TR} at (0,24) size 88x24
                  RenderTable at (0,0) size 88x24
                    RenderTableSection (anonymous) at (0,0) size 88x24
                      RenderTableRow (anonymous) at (0,2) size 88x20
                        RenderTableCell {TD} at (2,2) size 41x20 [r=0 c=0 rs=1 cs=1]
                          RenderText {#text} at (1,1) size 39x18
                            text run at (1,1) width 39: "Cell 3"
                        RenderTableCell {TD} at (44,2) size 42x20 [r=0 c=1 rs=1 cs=1]
                          RenderText {#text} at (1,1) size 39x18
                            text run at (1,1) width 39: "Cell 4"
      RenderTable at (0,274) size 302x201
        RenderTableSection (anonymous) at (0,0) size 302x200
          RenderTableRow (anonymous) at (0,0) size 302x200
            RenderTableCell {P} at (0,0) size 302x200 [border: (1px solid #000000)] [r=0 c=0 rs=1 cs=1]
              RenderText {#text} at (1,1) size 300x198
                text run at (1,1) width 259: "Lorem ipsum dolor sit amet, consectetur"
                text run at (1,19) width 252: "adipisicing elit, sed do eiusmod tempor"
                text run at (1,37) width 300: "incididunt ut labore et dolore magna aliqua. Ut"
                text run at (1,55) width 235: "enim ad minim veniam, quis nostrud"
                text run at (1,73) width 290: "exercitation ullamco laboris nisi ut aliquip ex"
                text run at (1,91) width 292: "ea commodo consequat. Duis aute irure dolor"
                text run at (1,109) width 290: "in reprehenderit in voluptate velit esse cillum"
                text run at (1,127) width 291: "dolore eu fugiat nulla pariatur. Excepteur sint"
                text run at (1,145) width 293: "occaecat cupidatat non proident, sunt in culpa"
                text run at (1,163) width 240: "qui officia deserunt mollit anim id est"
                text run at (1,181) width 58: "laborum."
