layer at (0,0) size 785x900
  RenderView at (0,0) size 785x600
layer at (0,0) size 785x806
  RenderBlock {HTML} at (0,0) size 785x807
    RenderBody {BODY} at (8,10) size 769x789
      RenderBlock {TABLE} at (10,0) size 92x120 [border: (1px solid #000000)]
        RenderTable at (1,1) size 90x118
          RenderTableSection {THEAD} at (0,0) size 24x118
            RenderTableRow {TR} at (2,0) size 20x118
              RenderTableCell {TD} at (2,2) size 20x56 [r=0 c=0 rs=1 cs=1]
                RenderText {#text} at (1,1) size 18x46
                  text run at (1,1) width 46: "Head 1"
              RenderTableCell {TD} at (2,59) size 20x57 [r=0 c=1 rs=1 cs=1]
                RenderText {#text} at (1,1) size 18x46
                  text run at (1,1) width 46: "Head 2"
          RenderTableSection {TFOOT} at (68,0) size 22x118
            RenderTableRow {TR} at (0,0) size 20x118
              RenderTableCell {TD} at (0,2) size 20x56 [r=0 c=0 rs=1 cs=1]
                RenderText {#text} at (1,1) size 18x54
                  text run at (1,1) width 54: "Footer 1"
              RenderTableCell {TD} at (0,59) size 20x57 [r=0 c=1 rs=1 cs=1]
                RenderText {#text} at (1,1) size 18x54
                  text run at (1,1) width 54: "Footer 2"
          RenderTableSection {TBODY} at (24,0) size 44x118
            RenderTableRow {TR} at (0,0) size 20x118
              RenderTableCell {TD} at (0,2) size 20x56 [r=0 c=0 rs=1 cs=1]
                RenderText {#text} at (1,1) size 18x39
                  text run at (1,1) width 39: "Cell 1"
              RenderTableCell {TD} at (0,59) size 20x57 [r=0 c=1 rs=1 cs=1]
                RenderText {#text} at (1,1) size 18x39
                  text run at (1,1) width 39: "Cell 2"
            RenderTableRow {TR} at (22,0) size 20x118
              RenderTableCell {TD} at (22,2) size 20x56 [r=1 c=0 rs=1 cs=1]
                RenderText {#text} at (1,1) size 18x39
                  text run at (1,1) width 39: "Cell 3"
              RenderTableCell {TD} at (22,59) size 20x57 [r=1 c=1 rs=1 cs=1]
                RenderText {#text} at (1,1) size 18x39
                  text run at (1,1) width 39: "Cell 4"
      RenderBlock {P} at (0,135) size 769x19
        RenderText {#text} at (0,0) size 227x18
          text run at (0,0) width 227: "Row groups have display:table-cell"
      RenderBlock {TABLE} at (10,169) size 60x240 [border: (1px solid #000000)]
        RenderTable at (1,1) size 58x238
          RenderTableSection (anonymous) at (0,0) size 32x238
            RenderTableRow (anonymous) at (2,0) size 28x238
              RenderTableCell {THEAD} at (2,2) size 28x108 [r=0 c=0 rs=1 cs=1]
                RenderTable at (0,0) size 28x108
                  RenderTableSection (anonymous) at (0,0) size 28x108
                    RenderTableRow (anonymous) at (2,0) size 24x108
                      RenderTableCell {TR} at (2,2) size 24x104 [r=0 c=0 rs=1 cs=1]
                        RenderTable {TD} at (0,0) size 24x52
                          RenderTableSection (anonymous) at (1,1) size 22x50
                            RenderTableRow (anonymous) at (2,0) size 18x50
                              RenderTableCell (anonymous) at (2,2) size 18x46 [r=0 c=0 rs=1 cs=1]
                                RenderText {#text} at (0,0) size 18x46
                                  text run at (0,0) width 46: "Head 1"
                        RenderTable {TD} at (0,51) size 24x53
                          RenderTableSection (anonymous) at (1,1) size 22x50
                            RenderTableRow (anonymous) at (2,0) size 18x50
                              RenderTableCell (anonymous) at (2,2) size 18x46 [r=0 c=0 rs=1 cs=1]
                                RenderText {#text} at (0,0) size 18x46
                                  text run at (0,0) width 46: "Head 2"
              RenderTableCell {TFOOT} at (2,111) size 28x125 [r=0 c=1 rs=1 cs=1]
                RenderTable at (0,0) size 28x124
                  RenderTableSection (anonymous) at (0,0) size 28x124
                    RenderTableRow (anonymous) at (2,0) size 24x124
                      RenderTableCell {TR} at (2,2) size 24x120 [r=0 c=0 rs=1 cs=1]
                        RenderTable {TD} at (0,0) size 24x60
                          RenderTableSection (anonymous) at (1,1) size 22x58
                            RenderTableRow (anonymous) at (2,0) size 18x58
                              RenderTableCell (anonymous) at (2,2) size 18x54 [r=0 c=0 rs=1 cs=1]
                                RenderText {#text} at (0,0) size 18x54
                                  text run at (0,0) width 54: "Footer 1"
                        RenderTable {TD} at (0,59) size 24x61
                          RenderTableSection (anonymous) at (1,1) size 22x58
                            RenderTableRow (anonymous) at (2,0) size 18x58
                              RenderTableCell (anonymous) at (2,2) size 18x54 [r=0 c=0 rs=1 cs=1]
                                RenderText {#text} at (0,0) size 18x54
                                  text run at (0,0) width 54: "Footer 2"
          RenderTableSection {TBODY} at (32,0) size 26x238
            RenderTableRow (anonymous) at (0,0) size 24x238
              RenderTableCell {TR} at (0,2) size 24x108 [r=0 c=0 rs=1 cs=1]
                RenderTable {TD} at (0,0) size 24x45
                  RenderTableSection (anonymous) at (1,1) size 22x43
                    RenderTableRow (anonymous) at (2,0) size 18x43
                      RenderTableCell (anonymous) at (2,2) size 18x39 [r=0 c=0 rs=1 cs=1]
                        RenderText {#text} at (0,0) size 18x39
                          text run at (0,0) width 39: "Cell 1"
                RenderTable {TD} at (0,44) size 24x46
                  RenderTableSection (anonymous) at (1,1) size 22x43
                    RenderTableRow (anonymous) at (2,0) size 18x43
                      RenderTableCell (anonymous) at (2,2) size 18x39 [r=0 c=0 rs=1 cs=1]
                        RenderText {#text} at (0,0) size 18x39
                          text run at (0,0) width 39: "Cell 2"
              RenderTableCell {TR} at (0,111) size 24x125 [r=0 c=1 rs=1 cs=1]
                RenderTable {TD} at (0,0) size 24x45
                  RenderTableSection (anonymous) at (1,1) size 22x43
                    RenderTableRow (anonymous) at (2,0) size 18x43
                      RenderTableCell (anonymous) at (2,2) size 18x39 [r=0 c=0 rs=1 cs=1]
                        RenderText {#text} at (0,0) size 18x39
                          text run at (0,0) width 39: "Cell 3"
                RenderTable {TD} at (0,44) size 24x46
                  RenderTableSection (anonymous) at (1,1) size 22x43
                    RenderTableRow (anonymous) at (2,0) size 18x43
                      RenderTableCell (anonymous) at (2,2) size 18x39 [r=0 c=0 rs=1 cs=1]
                        RenderText {#text} at (0,0) size 18x39
                          text run at (0,0) width 39: "Cell 4"
      RenderBlock {P} at (0,424) size 769x19
        RenderText {#text} at (0,0) size 203x18
          text run at (0,0) width 203: "Row groups have display:block"
      RenderBlock {TABLE} at (10,458) size 102x121 [border: (1px solid #000000)]
        RenderBlock {THEAD} at (1,1) size 24x118
          RenderBlock {TR} at (0,0) size 24x118
            RenderTable at (0,0) size 24x102
              RenderTableSection (anonymous) at (0,0) size 24x102
                RenderTableRow (anonymous) at (2,0) size 20x102
                  RenderTableCell {TD} at (2,2) size 20x48 [r=0 c=0 rs=1 cs=1]
                    RenderText {#text} at (1,1) size 18x46
                      text run at (1,1) width 46: "Head 1"
                  RenderTableCell {TD} at (2,51) size 20x49 [r=0 c=1 rs=1 cs=1]
                    RenderText {#text} at (1,1) size 18x46
                      text run at (1,1) width 46: "Head 2"
        RenderBlock {TFOOT} at (25,1) size 24x118
          RenderBlock {TR} at (0,0) size 24x118
            RenderTable at (0,0) size 24x118
              RenderTableSection (anonymous) at (0,0) size 24x118
                RenderTableRow (anonymous) at (2,0) size 20x118
                  RenderTableCell {TD} at (2,2) size 20x56 [r=0 c=0 rs=1 cs=1]
                    RenderText {#text} at (1,1) size 18x54
                      text run at (1,1) width 54: "Footer 1"
                  RenderTableCell {TD} at (2,59) size 20x57 [r=0 c=1 rs=1 cs=1]
                    RenderText {#text} at (1,1) size 18x54
                      text run at (1,1) width 54: "Footer 2"
        RenderTable at (49,1) size 52x92
          RenderTableSection {TBODY} at (0,0) size 52x92
            RenderTableRow (anonymous) at (2,0) size 48x92
              RenderTableCell (anonymous) at (2,2) size 48x88 [r=0 c=0 rs=1 cs=1]
                RenderBlock {TR} at (0,0) size 24x88
                  RenderTable at (0,0) size 24x88
                    RenderTableSection (anonymous) at (0,0) size 24x88
                      RenderTableRow (anonymous) at (2,0) size 20x88
                        RenderTableCell {TD} at (2,2) size 20x41 [r=0 c=0 rs=1 cs=1]
                          RenderText {#text} at (1,1) size 18x39
                            text run at (1,1) width 39: "Cell 1"
                        RenderTableCell {TD} at (2,44) size 20x42 [r=0 c=1 rs=1 cs=1]
                          RenderText {#text} at (1,1) size 18x39
                            text run at (1,1) width 39: "Cell 2"
                RenderBlock {TR} at (24,0) size 24x88
                  RenderTable at (0,0) size 24x88
                    RenderTableSection (anonymous) at (0,0) size 24x88
                      RenderTableRow (anonymous) at (2,0) size 20x88
                        RenderTableCell {TD} at (2,2) size 20x41 [r=0 c=0 rs=1 cs=1]
                          RenderText {#text} at (1,1) size 18x39
                            text run at (1,1) width 39: "Cell 3"
                        RenderTableCell {TD} at (2,44) size 20x42 [r=0 c=1 rs=1 cs=1]
                          RenderText {#text} at (1,1) size 18x39
                            text run at (1,1) width 39: "Cell 4"
      RenderTable at (0,588) size 302x201
        RenderTableSection (anonymous) at (0,0) size 302x200
          RenderTableRow (anonymous) at (0,0) size 302x200
            RenderTableCell {P} at (0,0) size 200x302 [border: (1px solid #000000)] [r=0 c=0 rs=1 cs=1]
              RenderText {#text} at (1,1) size 198x300
                text run at (1,1) width 259: "Lorem ipsum dolor sit amet, consectetur"
                text run at (19,1) width 252: "adipisicing elit, sed do eiusmod tempor"
                text run at (37,1) width 300: "incididunt ut labore et dolore magna aliqua. Ut"
                text run at (55,1) width 235: "enim ad minim veniam, quis nostrud"
                text run at (73,1) width 290: "exercitation ullamco laboris nisi ut aliquip ex"
                text run at (91,1) width 292: "ea commodo consequat. Duis aute irure dolor"
                text run at (109,1) width 290: "in reprehenderit in voluptate velit esse cillum"
                text run at (127,1) width 291: "dolore eu fugiat nulla pariatur. Excepteur sint"
                text run at (145,1) width 293: "occaecat cupidatat non proident, sunt in culpa"
                text run at (163,1) width 240: "qui officia deserunt mollit anim id est"
                text run at (181,1) width 58: "laborum."
