layer at (0,0) size 800x600
  RenderView at (0,0) size 800x600
layer at (0,0) size 800x393
  RenderBlock {HTML} at (0,0) size 800x394
    RenderBody {BODY} at (8,16) size 784x362
      RenderBlock {P} at (0,0) size 784x36
        RenderText {#text} at (0,0) size 177x18
          text run at (0,0) width 177: "This is a regression test for "
        RenderInline {I} at (0,0) size 750x36
          RenderInline {A} at (176,0) size 354x18 [color=#0000EE]
            RenderText {#text} at (176,0) size 354x18
              text run at (176,0) width 354: "http://bugzilla.opendarwin.org/show_bug.cgi?id=9122"
          RenderText {#text} at (0,0) size 750x36
            text run at (529,0) width 5: " "
            text run at (533,0) width 217: "REGRESSION: Incorrect vertical"
            text run at (0,18) width 312: "position for text fields in a \"display: table\" block"
        RenderText {#text} at (311,18) size 5x18
          text run at (311,18) width 5: "."
      RenderBlock {P} at (0,52) size 784x36
        RenderText {#text} at (0,0) size 752x36
          text run at (0,0) width 752: "Type something in the text field. Resize the window. The text field should not jump down. Delete what you typed and"
          text run at (0,18) width 324: "resize the window. The text field should not move."
      RenderBlock {FORM} at (0,104) size 784x258
        RenderTable {DL} at (0,0) size 172x20
          RenderTableSection (anonymous) at (0,0) size 172x20
            RenderTableRow {DIV} at (0,0) size 172x20
              RenderTableCell {DT} at (0,0) size 25x18 [r=0 c=0 rs=1 cs=1]
                RenderText {#text} at (0,0) size 25x18
                  text run at (0,0) width 25: "Foo"
              RenderTableCell {DD} at (24,0) size 148x20 [r=0 c=1 rs=1 cs=1]
                RenderTextControl {INPUT} at (0,0) size 147x20 [bgcolor=#FFFFFF] [border: (2px inset #808080)]
        RenderBlock {P} at (0,53) size 784x37
          RenderText {#text} at (0,0) size 771x36
            text run at (0,0) width 771: "And here's more. There should not be a difference in distance between the labels, nor any difference in distance between"
            text run at (0,18) width 91: "the text fields."
        RenderTable {DL} at (0,105) size 237x153
          RenderTableSection (anonymous) at (0,0) size 237x152
            RenderTableRow {DIV} at (0,0) size 237x20
              RenderTableCell {DT} at (0,0) size 25x18 [r=0 c=0 rs=1 cs=1]
                RenderText {#text} at (0,0) size 25x18
                  text run at (0,0) width 25: "Foo"
              RenderTableCell {DD} at (24,0) size 213x20 [r=0 c=1 rs=1 cs=1]
                RenderTextControl {INPUT} at (0,0) size 147x20 [bgcolor=#FFFFFF] [border: (2px inset #808080)]
            RenderTableRow {DIV} at (0,19) size 237x20
              RenderTableCell {DT} at (0,19) size 25x19 [r=1 c=0 rs=1 cs=1]
                RenderText {#text} at (0,0) size 25x18
                  text run at (0,0) width 25: "Foo"
              RenderTableCell {DD} at (24,19) size 213x20 [r=1 c=1 rs=1 cs=1]
                RenderTextControl {INPUT} at (0,0) size 147x20 [bgcolor=#FFFFFF] [border: (2px inset #808080)]
            RenderTableRow {DIV} at (0,38) size 237x20
              RenderTableCell {DT} at (0,38) size 25x19 [r=2 c=0 rs=1 cs=1]
                RenderText {#text} at (0,0) size 25x18
                  text run at (0,0) width 25: "Foo"
              RenderTableCell {DD} at (24,38) size 213x20 [r=2 c=1 rs=1 cs=1]
                RenderTextControl {INPUT} at (0,0) size 147x20 [bgcolor=#FFFFFF] [border: (2px inset #808080)]
            RenderTableRow {DIV} at (0,57) size 237x21
              RenderTableCell {DT} at (0,57) size 25x19 [r=3 c=0 rs=1 cs=1]
                RenderText {#text} at (0,0) size 25x18
                  text run at (0,0) width 25: "Foo"
              RenderTableCell {DD} at (24,57) size 213x21 [r=3 c=1 rs=1 cs=1]
                RenderTextControl {INPUT} at (0,0) size 147x20 [bgcolor=#FFFFFF] [border: (2px inset #808080)]
            RenderTableRow {DIV} at (0,77) size 237x20
              RenderTableCell {DT} at (0,77) size 25x19 [r=4 c=0 rs=1 cs=1]
                RenderText {#text} at (0,0) size 25x18
                  text run at (0,0) width 25: "Foo"
              RenderTableCell {DD} at (24,77) size 213x20 [r=4 c=1 rs=1 cs=1]
                RenderTextControl {INPUT} at (0,0) size 147x20 [bgcolor=#FFFFFF] [border: (2px inset #808080)]
            RenderTableRow {DIV} at (0,96) size 237x20
              RenderTableCell {DT} at (0,96) size 25x19 [r=5 c=0 rs=1 cs=1]
                RenderText {#text} at (0,0) size 25x18
                  text run at (0,0) width 25: "Foo"
              RenderTableCell {DD} at (24,96) size 213x20 [r=5 c=1 rs=1 cs=1]
                RenderTextControl {INPUT} at (0,0) size 147x20 [bgcolor=#FFFFFF] [border: (2px inset #808080)]
            RenderTableRow {DIV} at (0,115) size 237x37
              RenderTableCell {DT} at (0,133) size 25x19 [r=6 c=0 rs=1 cs=1]
                RenderText {#text} at (0,18) size 25x18
                  text run at (0,0) width 25: "Foo"
              RenderTableCell {DD} at (24,115) size 213x37 [r=6 c=1 rs=1 cs=1]
                RenderBlock {DIV} at (0,0) size 212x36
                  RenderBR {BR} at (0,0) size 0x18
                  RenderText {#text} at (0,18) size 212x18
                    text run at (0,18) width 212: "Bar (should be aligned with Foo)"
layer at (36,123) size 141x13
  RenderBlock {DIV} at (3,3) size 141x13
layer at (8,155) size 784x2 clip at (0,0) size 0x0
  RenderBlock {HR} at (0,35) size 784x3 [color=#808080] [border: (1px inset #808080)]
layer at (36,229) size 141x13
  RenderBlock {DIV} at (3,3) size 141x13
layer at (36,248) size 141x13
  RenderBlock {DIV} at (3,3) size 141x13
layer at (36,267) size 141x13
  RenderBlock {DIV} at (3,3) size 141x13
    RenderText {#text} at (0,0) size 18x13
      text run at (0,0) width 18: "Bar"
layer at (36,287) size 141x13
  RenderBlock {DIV} at (3,3) size 141x13
    RenderText {#text} at (0,0) size 18x13
      text run at (0,0) width 18: "Bar"
layer at (36,306) size 141x13
  RenderBlock {DIV} at (3,3) size 141x13
layer at (36,325) size 141x13
  RenderBlock {DIV} at (3,3) size 141x13
