layer at (0,0) size 800x600
  RenderView at (0,0) size 800x600
layer at (0,0) size 800x600
  RenderBlock {HTML} at (0,0) size 800x600
    RenderBody {BODY} at (8,8) size 784x584
      RenderBlock (anonymous) at (0,0) size 784x0
        RenderInline {B} at (0,0) size 0x0
      RenderBlock {P} at (0,0) size 784x18
        RenderInline {B} at (0,0) size 36x18
          RenderText {#text} at (0,0) size 36x18
            text run at (0,0) width 36: "Bold "
        RenderText {#text} at (36,0) size 56x18
          text run at (36,0) width 56: "Not bold"
      RenderBlock (anonymous) at (0,34) size 784x18
        RenderText {#text} at (0,0) size 90x18
          text run at (0,0) width 90: "Also not bold."
