layer at (0,0) size 800x600
  RenderView at (0,0) size 800x600
layer at (0,0) size 800x600
  RenderBlock {HTML} at (0,0) size 800x600
    RenderBody {BODY} at (8,8) size 784x584 [color=#FFFFFF] [bgcolor=#008000]
      RenderText {#text} at (0,0) size 317x18
        text run at (0,0) width 317: "You should see white text on a green background."
