layer at (0,0) size 800x600
  RenderView at (0,0) size 800x600
layer at (0,0) size 800x600
  RenderBlock {HTML} at (0,0) size 800x600
    RenderBody {BODY} at (8,8) size 784x576
      RenderBlock {P} at (0,0) size 784x20
        RenderText {#text} at (0,0) size 705x19
          text run at (0,0) width 432: "You should see two 100x100 green squares with black borders below. "
          text run at (432,0) width 273: "If you see only one square, the test has failed."
      RenderBlock {P} at (0,36) size 784x104
        RenderImage {IMG} at (0,0) size 104x104 [bgcolor=#008000] [border: (2px solid #000000)]
