layer at (0,0) size 800x600
  RenderView at (0,0) size 800x600
layer at (0,0) size 800x600
  RenderBlock {HTML} at (0,0) size 800x600
    RenderBody {BODY} at (8,8) size 784x584
      RenderBlock {P} at (0,0) size 784x20
        RenderText {#text} at (0,0) size 252x19
          text run at (0,0) width 252: "All the text below should be part of a link."
      RenderBlock (anonymous) at (0,36) size 784x40
        RenderInline {NOBR} at (0,0) size 26x19
          RenderInline {A} at (0,0) size 26x19 [color=#0000EE]
            RenderText {#text} at (0,0) size 26x19
              text run at (0,0) width 26: "Test"
        RenderInline {A} at (0,0) size 60x19 [color=#0000EE]
          RenderText {#text} at (26,0) size 60x19
            text run at (26,0) width 60: " more test"
        RenderBR {BR} at (86,15) size 0x0
        RenderWordBreak {WBR} at (0,0) size 0x0
        RenderInline {A} at (0,0) size 86x19 [color=#0000EE]
          RenderText {#text} at (0,20) size 86x19
            text run at (0,20) width 86: "Test more test"
        RenderBR {BR} at (86,35) size 0x0
