layer at (0,0) size 800x600
  RenderView at (0,0) size 800x600
layer at (0,0) size 800x600
  RenderBlock {HTML} at (0,0) size 800x600
    RenderBody {BODY} at (8,8) size 784x584
      RenderBlock {DIV} at (0,0) size 784x20
        RenderBlock (floating) {DIV} at (515,0) size 269x104 [border: (2px solid #FF0000)]
          RenderText {#text} at (2,2) size 265x19
            text run at (2,2) width 265: "I should become a right-floating element."
        RenderText {#text} at (0,0) size 402x19
          text run at (0,0) width 200: "This text should be on the left. "
          text run at (199,0) width 203: "The float should be to the right."
      RenderBlock {DIV} at (0,20) size 784x30
      RenderBlock {DIV} at (0,50) size 784x40
        RenderBlock (floating) {SPAN} at (0,0) size 260x104 [border: (2px solid #FF0000)]
          RenderText {#text} at (2,2) size 256x19
            text run at (2,2) width 256: "I should become a left-floating element."
        RenderText {#text} at (259,0) size 234x39
          text run at (259,0) width 209: "This text should be on the right. "
          text run at (467,0) width 26: "The"
          text run at (259,20) width 166: "float should be to the left."
