layer at (0,0) size 800x600
  RenderView at (0,0) size 800x600
layer at (0,0) size 800x600
  RenderBlock {HTML} at (0,0) size 800x600
    RenderBody {BODY} at (8,8) size 784x584
      RenderTable {TABLE} at (0,0) size 199x26
        RenderTableSection {TBODY} at (0,0) size 199x26
          RenderTableRow {TR} at (0,2) size 199x22
            RenderTableCell {TD} at (2,2) size 60x22 [bgcolor=#FFFFCC] [r=0 c=0 rs=1 cs=1]
              RenderText {#text} at (1,1) size 58x19
                text run at (1,1) width 58: "Cell One"
            RenderTableCell {TD} at (63,2) size 62x22 [bgcolor=#FFFFCC] [r=0 c=1 rs=1 cs=1]
              RenderText {#text} at (1,1) size 59x19
                text run at (1,1) width 59: "Cell Two"
            RenderTableCell {TD} at (126,2) size 71x22 [bgcolor=#FFFFCC] [r=0 c=2 rs=1 cs=1]
              RenderText {#text} at (1,1) size 68x19
                text run at (1,1) width 68: "Cell Three"
