layer at (0,0) size 800x600
  RenderView at (0,0) size 800x600
layer at (0,0) size 800x600
  RenderBlock {HTML} at (0,0) size 800x600
    RenderBody {BODY} at (8,8) size 784x584
      RenderTable {TABLE} at (0,0) size 200x200 [border: (1px outset #808080)]
        RenderTableSection {TFOOT} at (1,199) size 198x0
        RenderTableSection {TBODY} at (1,1) size 198x198
          RenderTableRow {TR} at (0,0) size 198x99
            RenderTableCell {TD} at (0,38) size 99x23 [border: (1px inset #808080)] [r=0 c=0 rs=1 cs=1]
              RenderText {#text} at (1,39) size 42x20
                text run at (1,1) width 42: "span 1"
            RenderTableCell {TD} at (99,38) size 99x23 [border: (1px inset #808080)] [r=0 c=1 rs=1 cs=1]
              RenderText {#text} at (1,39) size 42x20
                text run at (1,1) width 42: "span 1"
          RenderTableRow {TR} at (0,99) size 198x99
            RenderTableCell {TD} at (0,137) size 198x23 [border: (1px inset #808080)] [r=1 c=0 rs=1 cs=2]
              RenderText {#text} at (1,39) size 88x20
                text run at (1,1) width 88: "should span 2"
