layer at (0,0) size 800x2131
  RenderView at (0,0) size 800x600
layer at (0,0) size 800x2131
  RenderBlock {HTML} at (0,0) size 800x2132
    RenderBody {BODY} at (8,8) size 784x2116
      RenderBlock {H1} at (0,0) size 784x38
        RenderText {#text} at (0,1) size 180x36
          text run at (0,1) width 180: "Anchor Lock"
      RenderBlock {P} at (0,59) size 784x41
        RenderText {#text} at (0,0) size 753x39
          text run at (0,0) width 753: "This tests WebKit's ability to lock to an anchor and maintain focus on it as images are loaded above and below it. The"
          text run at (0,20) width 376: "Anchor text should be visible and this message should not."
      RenderBlock {P} at (0,115) size 784x201
        RenderImage {IMG} at (0,0) size 200x200
      RenderBlock {P} at (0,331) size 784x201
        RenderImage {IMG} at (0,0) size 200x200
      RenderBlock {P} at (0,547) size 784x201
        RenderImage {IMG} at (0,0) size 200x200
      RenderBlock {P} at (0,763) size 784x201
        RenderImage {IMG} at (0,0) size 200x200
      RenderBlock (anonymous) at (0,979) size 784x21
        RenderInline {A} at (0,0) size 313x19
          RenderText {#text} at (0,0) size 313x19
            text run at (0,0) width 313: "Anchor text - this should be the only visible text."
        RenderText {#text} at (0,0) size 0x0
      RenderBlock {P} at (0,1015) size 784x201
        RenderImage {IMG} at (0,0) size 200x200
      RenderBlock {P} at (0,1231) size 784x201
        RenderImage {IMG} at (0,0) size 200x200
      RenderBlock {P} at (0,1447) size 784x201
        RenderImage {IMG} at (0,0) size 200x200
      RenderBlock {P} at (0,1663) size 784x201
        RenderImage {IMG} at (0,0) size 200x200
      RenderBlock {P} at (0,1879) size 784x201
        RenderImage {IMG} at (0,0) size 200x200
      RenderBlock (anonymous) at (0,2095) size 784x21
        RenderText {#text} at (0,0) size 60x19
          text run at (0,0) width 60: "#anchor1"
scrolled to 0,987
