layer at (0,0) size 800x600
  RenderView at (0,0) size 800x600
layer at (0,0) size 800x600
  RenderBlock {HTML} at (0,0) size 800x600
    RenderBody {BODY} at (8,8) size 784x584
      RenderBlock {P} at (0,0) size 784x20
        RenderText {#text} at (0,0) size 54x19
          text run at (0,0) width 54: "Test for "
        RenderInline {I} at (0,0) size 574x19
          RenderInline {A} at (0,0) size 305x19 [color=#0000EE]
            RenderText {#text} at (53,0) size 305x19
              text run at (53,0) width 305: "http://bugs.webkit.org/show_bug.cgi?id=12782"
          RenderText {#text} at (357,0) size 270x19
            text run at (357,0) width 5: " "
            text run at (361,0) width 266: "Reproducible crash in BidiContext::deref"
        RenderText {#text} at (626,0) size 5x19
          text run at (626,0) width 5: "."
      RenderBlock {P} at (0,36) size 784x20
        RenderText {#text} at (0,0) size 249x19
          text run at (0,0) width 249: "No assertion failure means SUCCESS."
      RenderBlock {DIV} at (0,72) size 784x20
        RenderInline {SPAN} at (0,0) size 22x19
          RenderText {#text} at (0,0) size 22x19
            text run at (0,0) width 22: "foo"
      RenderBlock {DIV} at (0,92) size 784x0
