layer at (0,0) size 800x600
  RenderView at (0,0) size 800x600
layer at (0,0) size 800x600
  RenderBlock {HTML} at (0,0) size 800x600
    RenderBody {BODY} at (8,8) size 784x584
      RenderBlock {DIV} at (0,0) size 784x17
        RenderInline (generated) at (0,0) size 16x17 [color=#0000FF]
          RenderText at (0,0) size 16x17
            text run at (0,0) width 16: "L"
        RenderText {#text} at (16,0) size 400x17
          text run at (16,0) width 400: "orem ipsum dolor sit amet"
