layer at (0,0) size 800x600
  RenderView at (0,0) size 800x600
layer at (0,0) size 800x600
  RenderBlock {HTML} at (0,0) size 800x600
    RenderBody {BODY} at (8,8) size 784x584
      RenderBlock {P} at (0,0) size 784x20
        RenderText {#text} at (0,0) size 54x19
          text run at (0,0) width 54: "Test for "
        RenderInline {I} at (53,0) size 638x19
          RenderInline {A} at (53,0) size 305x19 [color=#0000EE]
            RenderText {#text} at (53,0) size 305x19
              text run at (53,0) width 305: "http://bugs.webkit.org/show_bug.cgi?id=15362"
          RenderText {#text} at (357,0) size 334x19
            text run at (357,0) width 5: " "
            text run at (361,0) width 330: "Safari Crashes when opening a JS TreeGrid widget"
        RenderText {#text} at (690,0) size 5x19
          text run at (690,0) width 5: "."
      RenderBlock {P} at (0,36) size 784x80
        RenderText {#text} at (0,0) size 778x79
          text run at (0,0) width 770: "The test sets up an inline parent with a child that is some kind of table part. The child gets broken off into a continuation"
          text run at (0,20) width 778: "and anonymous table parts get created below and/or above the table parts. Then the test tries to insert a new child into the"
          text run at (0,40) width 760: "inline, specifying the table part as the \"before child\". The resulting render tree should look just like it would look if the"
          text run at (0,60) width 124: "parent was a block."
      RenderBlock {DIV} at (0,132) size 784x20
        RenderInline {SPAN} at (0,0) size 234x19
          RenderText {#text} at (0,0) size 41x19
            text run at (0,0) width 41: "Text..."
          RenderText {#text} at (40,0) size 89x19
            text run at (40,0) width 89: "goes here and"
          RenderTable at (128,0) size 106x20
            RenderTableSection (anonymous) at (0,0) size 105x20
              RenderTableRow (anonymous) at (0,0) size 105x20
                RenderTableCell {DIV} at (0,0) size 105x20 [r=0 c=0 rs=1 cs=1]
                  RenderText {#text} at (0,0) size 105x19
                    text run at (0,0) width 105: "...continues here"
      RenderBlock {DIV} at (0,152) size 784x20
        RenderInline {SPAN} at (0,0) size 148x19
          RenderText {#text} at (0,0) size 41x19
            text run at (0,0) width 41: "Text..."
          RenderTable at (40,0) size 108x20
            RenderTableSection (anonymous) at (0,0) size 107x20
              RenderTableRow (anonymous) at (0,0) size 107x20
                RenderTableCell {TD} at (0,0) size 2x2 [r=0 c=0 rs=1 cs=1]
                RenderTableCell {DIV} at (2,0) size 105x20 [r=0 c=1 rs=1 cs=1]
                  RenderText {#text} at (0,0) size 105x19
                    text run at (0,0) width 105: "...continues here"
      RenderBlock {DIV} at (0,172) size 784x25
        RenderInline {SPAN} at (0,5) size 146x19
          RenderText {#text} at (0,5) size 41x19
            text run at (0,5) width 41: "Text..."
          RenderTable at (40,0) size 106x20
            RenderTableSection (anonymous) at (0,0) size 105x20
              RenderTableRow {TR} at (0,0) size 105x0
              RenderTableRow (anonymous) at (0,0) size 105x20
                RenderTableCell {DIV} at (0,0) size 105x20 [r=1 c=0 rs=1 cs=1]
                  RenderText {#text} at (0,0) size 105x19
                    text run at (0,0) width 105: "...continues here"
      RenderBlock {DIV} at (0,197) size 784x20
        RenderInline {SPAN} at (0,0) size 146x19
          RenderText {#text} at (0,0) size 41x19
            text run at (0,0) width 41: "Text..."
          RenderInline {SPAN} at (40,0) size 0x19
          RenderTable at (40,0) size 106x20
            RenderTableSection (anonymous) at (0,0) size 105x20
              RenderTableRow (anonymous) at (0,0) size 105x20
                RenderTableCell {DIV} at (0,0) size 105x20 [r=0 c=0 rs=1 cs=1]
                  RenderText {#text} at (0,0) size 105x19
                    text run at (0,0) width 105: "...continues here"
      RenderBlock {DIV} at (0,217) size 784x40
        RenderBlock (anonymous) at (0,0) size 784x20
          RenderInline {SPAN} at (0,0) size 41x19
            RenderText {#text} at (0,0) size 41x19
              text run at (0,0) width 41: "Text..."
        RenderBlock (anonymous) at (0,20) size 784x0
          RenderBlock {DIV} at (0,0) size 784x0
        RenderBlock (anonymous) at (0,20) size 784x20
          RenderInline {SPAN} at (0,0) size 105x19
            RenderTable at (0,0) size 105x20
              RenderTableSection (anonymous) at (0,0) size 105x20
                RenderTableRow (anonymous) at (0,0) size 105x20
                  RenderTableCell {DIV} at (0,0) size 105x20 [r=0 c=0 rs=1 cs=1]
                    RenderText {#text} at (0,0) size 105x19
                      text run at (0,0) width 105: "...continues here"
      RenderBlock {DIV} at (0,257) size 784x20
        RenderInline {SPAN} at (0,0) size 234x19
          RenderText {#text} at (0,0) size 41x19
            text run at (0,0) width 41: "Text..."
          RenderText {#text} at (40,0) size 89x19
            text run at (40,0) width 89: "goes here and"
          RenderTable at (128,0) size 106x20
            RenderTableSection (anonymous) at (0,0) size 105x20
              RenderTableRow {DIV} at (0,0) size 105x20
                RenderTableCell (anonymous) at (0,0) size 105x20 [r=0 c=0 rs=1 cs=1]
                  RenderText {#text} at (0,0) size 105x19
                    text run at (0,0) width 105: "...continues here"
<<<<<<< HEAD
      RenderBlock {DIV} at (0,277) size 784x25
        RenderInline {SPAN} at (0,5) size 146x19
          RenderText {#text} at (0,5) size 41x19
            text run at (0,5) width 41: "Text..."
          RenderTable at (40,0) size 106x20
            RenderTableSection (anonymous) at (0,0) size 105x20
              RenderTableRow (anonymous) at (0,0) size 105x0
                RenderTableCell {TD} at (0,0) size 105x0 [r=0 c=0 rs=1 cs=1]
              RenderTableRow {DIV} at (0,0) size 105x20
                RenderTableCell (anonymous) at (0,0) size 105x20 [r=1 c=0 rs=1 cs=1]
                  RenderText {#text} at (0,0) size 105x19
                    text run at (0,0) width 105: "...continues here"
      RenderBlock {DIV} at (0,302) size 784x25
        RenderInline {SPAN} at (0,5) size 146x19
=======
      RenderBlock {DIV} at (0,277) size 784x27
        RenderInline {SPAN} at (0,0) size 146x19
          RenderText {#text} at (0,7) size 41x19
            text run at (0,7) width 41: "Text..."
          RenderTable at (40,0) size 106x22
            RenderTableSection (anonymous) at (0,0) size 105x22
              RenderTableRow (anonymous) at (0,0) size 105x2
                RenderTableCell {TD} at (0,0) size 105x2 [r=0 c=0 rs=1 cs=1]
              RenderTableRow {DIV} at (0,2) size 105x20
                RenderTableCell (anonymous) at (0,2) size 105x20 [r=1 c=0 rs=1 cs=1]
                  RenderText {#text} at (0,0) size 105x19
                    text run at (0,0) width 105: "...continues here"
      RenderBlock {DIV} at (0,304) size 784x25
        RenderInline {SPAN} at (0,0) size 146x19
>>>>>>> 1f877625ea48 (Add padding:1px to `td` and `th` outside tables, per spec)
          RenderText {#text} at (0,5) size 41x19
            text run at (0,5) width 41: "Text..."
          RenderTable at (40,0) size 106x20
            RenderTableSection (anonymous) at (0,0) size 105x20
              RenderTableRow {TR} at (0,0) size 105x0
              RenderTableRow {DIV} at (0,0) size 105x20
                RenderTableCell (anonymous) at (0,0) size 105x20 [r=1 c=0 rs=1 cs=1]
                  RenderText {#text} at (0,0) size 105x19
                    text run at (0,0) width 105: "...continues here"
      RenderBlock {DIV} at (0,329) size 784x20
        RenderInline {SPAN} at (0,0) size 146x19
          RenderText {#text} at (0,0) size 41x19
            text run at (0,0) width 41: "Text..."
          RenderInline {SPAN} at (40,0) size 0x19
          RenderTable at (40,0) size 106x20
            RenderTableSection (anonymous) at (0,0) size 105x20
              RenderTableRow {DIV} at (0,0) size 105x20
                RenderTableCell (anonymous) at (0,0) size 105x20 [r=0 c=0 rs=1 cs=1]
                  RenderText {#text} at (0,0) size 105x19
                    text run at (0,0) width 105: "...continues here"
      RenderBlock {DIV} at (0,349) size 784x40
        RenderBlock (anonymous) at (0,0) size 784x20
          RenderInline {SPAN} at (0,0) size 41x19
            RenderText {#text} at (0,0) size 41x19
              text run at (0,0) width 41: "Text..."
        RenderBlock (anonymous) at (0,20) size 784x0
          RenderBlock {DIV} at (0,0) size 784x0
        RenderBlock (anonymous) at (0,20) size 784x20
          RenderInline {SPAN} at (0,0) size 105x19
            RenderTable at (0,0) size 105x20
              RenderTableSection (anonymous) at (0,0) size 105x20
                RenderTableRow {DIV} at (0,0) size 105x20
                  RenderTableCell (anonymous) at (0,0) size 105x20 [r=0 c=0 rs=1 cs=1]
                    RenderText {#text} at (0,0) size 105x19
                      text run at (0,0) width 105: "...continues here"
      RenderBlock {DIV} at (0,389) size 784x20
        RenderInline {SPAN} at (0,0) size 234x19
          RenderText {#text} at (0,0) size 41x19
            text run at (0,0) width 41: "Text..."
          RenderText {#text} at (40,0) size 89x19
            text run at (40,0) width 89: "goes here and"
          RenderTable at (128,0) size 106x20
            RenderTableSection {DIV} at (0,0) size 105x20
              RenderTableRow (anonymous) at (0,0) size 105x20
                RenderTableCell (anonymous) at (0,0) size 105x20 [r=0 c=0 rs=1 cs=1]
                  RenderText {#text} at (0,0) size 105x19
                    text run at (0,0) width 105: "...continues here"
<<<<<<< HEAD
      RenderBlock {DIV} at (0,407) size 784x25
        RenderInline {SPAN} at (0,5) size 146x19
          RenderText {#text} at (0,5) size 41x19
            text run at (0,5) width 41: "Text..."
          RenderTable at (40,0) size 106x20
            RenderTableSection (anonymous) at (0,0) size 105x0
              RenderTableRow (anonymous) at (0,0) size 105x0
                RenderTableCell {TD} at (0,0) size 105x0 [r=0 c=0 rs=1 cs=1]
            RenderTableSection {DIV} at (0,0) size 105x20
=======
      RenderBlock {DIV} at (0,409) size 784x27
        RenderInline {SPAN} at (0,0) size 146x19
          RenderText {#text} at (0,7) size 41x19
            text run at (0,7) width 41: "Text..."
          RenderTable at (40,0) size 106x22
            RenderTableSection (anonymous) at (0,0) size 105x2
              RenderTableRow (anonymous) at (0,0) size 105x2
                RenderTableCell {TD} at (0,0) size 105x2 [r=0 c=0 rs=1 cs=1]
            RenderTableSection {DIV} at (0,2) size 105x20
>>>>>>> 1f877625ea48 (Add padding:1px to `td` and `th` outside tables, per spec)
              RenderTableRow (anonymous) at (0,0) size 105x20
                RenderTableCell (anonymous) at (0,0) size 105x20 [r=0 c=0 rs=1 cs=1]
                  RenderText {#text} at (0,0) size 105x19
                    text run at (0,0) width 105: "...continues here"
<<<<<<< HEAD
      RenderBlock {DIV} at (0,432) size 784x25
        RenderInline {SPAN} at (0,5) size 146x19
=======
      RenderBlock {DIV} at (0,436) size 784x25
        RenderInline {SPAN} at (0,0) size 146x19
>>>>>>> 1f877625ea48 (Add padding:1px to `td` and `th` outside tables, per spec)
          RenderText {#text} at (0,5) size 41x19
            text run at (0,5) width 41: "Text..."
          RenderTable at (40,0) size 106x20
            RenderTableSection (anonymous) at (0,0) size 105x0
              RenderTableRow {TR} at (0,0) size 105x0
            RenderTableSection {DIV} at (0,0) size 105x20
              RenderTableRow (anonymous) at (0,0) size 105x20
                RenderTableCell (anonymous) at (0,0) size 105x20 [r=0 c=0 rs=1 cs=1]
                  RenderText {#text} at (0,0) size 105x19
                    text run at (0,0) width 105: "...continues here"
      RenderBlock {DIV} at (0,461) size 784x20
        RenderInline {SPAN} at (0,0) size 146x19
          RenderText {#text} at (0,0) size 41x19
            text run at (0,0) width 41: "Text..."
          RenderInline {SPAN} at (40,0) size 0x19
          RenderTable at (40,0) size 106x20
            RenderTableSection {DIV} at (0,0) size 105x20
              RenderTableRow (anonymous) at (0,0) size 105x20
                RenderTableCell (anonymous) at (0,0) size 105x20 [r=0 c=0 rs=1 cs=1]
                  RenderText {#text} at (0,0) size 105x19
                    text run at (0,0) width 105: "...continues here"
      RenderBlock {DIV} at (0,481) size 784x40
        RenderBlock (anonymous) at (0,0) size 784x20
          RenderInline {SPAN} at (0,0) size 41x19
            RenderText {#text} at (0,0) size 41x19
              text run at (0,0) width 41: "Text..."
        RenderBlock (anonymous) at (0,20) size 784x0
          RenderBlock {DIV} at (0,0) size 784x0
        RenderBlock (anonymous) at (0,20) size 784x20
          RenderInline {SPAN} at (0,0) size 105x19
            RenderTable at (0,0) size 105x20
              RenderTableSection {DIV} at (0,0) size 105x20
                RenderTableRow (anonymous) at (0,0) size 105x20
                  RenderTableCell (anonymous) at (0,0) size 105x20 [r=0 c=0 rs=1 cs=1]
                    RenderText {#text} at (0,0) size 105x19
                      text run at (0,0) width 105: "...continues here"
