layer at (0,0) size 800x600
  RenderView at (0,0) size 800x600
layer at (0,0) size 800x600
  RenderBlock {HTML} at (0,0) size 800x600
    RenderBody {BODY} at (8,8) size 784x584
      RenderBlock {DIV} at (0,0) size 100x100 [bgcolor=#FF0000]
        RenderText {#text} at (0,0) size 99x59
          text run at (0,0) width 98: "You should not"
          text run at (0,20) width 99: "see this. Resize"
          text run at (0,40) width 79: "the window."
layer at (8,8) size 100x124
  RenderBlock (positioned) {DIV} at (0,0) size 100x124
    RenderBlock {DIV} at (0,0) size 100x100 [bgcolor=#008000]
    RenderBlock (anonymous) at (0,100) size 100x24
      RenderButton {BUTTON} at (2,2) size 59x20 [color=#007AFF] [bgcolor=#E9E9EA] [border: (1px solid #FFFFFF)]
        RenderBlock (anonymous) at (12,3) size 35x14
          RenderText {#text} at (0,0) size 35x14
            text run at (0,0) width 35: "Button"
      RenderText {#text} at (0,0) size 0x0
