layer at (0,0) size 800x600
  RenderView at (0,0) size 800x600
layer at (0,0) size 800x600
  RenderBlock {HTML} at (0,0) size 800x600
    RenderBody {BODY} at (8,8) size 784x584
      RenderBlock {P} at (0,0) size 784x40
        RenderText {#text} at (0,0) size 54x19
          text run at (0,0) width 54: "Test for "
        RenderInline {I} at (0,0) size 730x39
          RenderInline {A} at (0,0) size 305x19 [color=#0000EE]
            RenderText {#text} at (53,0) size 305x19
              text run at (53,0) width 305: "http://bugs.webkit.org/show_bug.cgi?id=12818"
          RenderText {#text} at (357,0) size 730x39
            text run at (357,0) width 5: " "
            text run at (361,0) width 369: "REGRESSION (r19148): shacknews.com does not render"
            text run at (0,20) width 70: "completely"
        RenderText {#text} at (69,20) size 5x19
          text run at (69,20) width 5: "."
      RenderBlock {P} at (0,56) size 784x20
        RenderText {#text} at (0,0) size 338x19
          text run at (0,0) width 338: "There should be a green square to the left of the text."
      RenderBlock {DIV} at (0,92) size 100x100 [bgcolor=#008000]
      RenderBlock {DIV} at (0,192) size 784x20
        RenderText {#text} at (0,0) size 37x19
          text run at (0,0) width 37: "PASS"
layer at (8,100) size 792x140
  RenderBlock (positioned) {DIV} at (8,100) size 792x140
    RenderBlock {DIV} at (100,0) size 692x140
      RenderBlock {DIV} at (0,0) size 692x140
        RenderText {#text} at (0,0) size 691x139
          text run at (0,0) width 684: "Curabitur pretium, quam quis semper malesuada, est libero feugiat libero, vel fringilla orci nibh sed neque."
          text run at (0,20) width 691: "Quisque eu nulla non nisi molestie accumsan. Etiam tellus urna, laoreet ac, laoreet non, suscipit sed, sapien."
          text run at (0,40) width 687: "Phasellus vehicula, sem at posuere vehicula, augue nibh molestie nisl, nec ullamcorper lacus ante vulputate"
          text run at (0,60) width 690: "pede. Cum sociis natoque penatibus et magnis dis parturient montes, nascetur ridiculus mus. Mauris viverra"
          text run at (0,80) width 659: "augue vitae purus. Morbi sed sem. Donec dui nisi, ultrices non, pretium quis, hendrerit non, est. Donec"
          text run at (0,100) width 683: "tellus. Donec eget dui id eros pharetra rutrum. Suspendisse sodales lectus sit amet nulla. Morbi tortor arcu,"
          text run at (0,120) width 314: "convallis blandit, elementum eu, aliquet a, tellus."
