layer at (0,0) size 800x600
  RenderView at (0,0) size 800x600
layer at (0,0) size 800x80
  RenderBlock {HTML} at (0,0) size 800x80
    RenderBody {BODY} at (8,8) size 784x64
layer at (8,8) size 314x64
  RenderBlock (relative positioned) {DIV} at (0,0) size 314x64 [bgcolor=#FF0000] [border: (2px solid #000000)]
layer at (10,10) size 310x60
  RenderImage {IMG} at (2,2) size 310x60
layer at (15,31) size 300x18
  RenderBlock (relative positioned) zI: 1 {P} at (7,23) size 300x18
    RenderText zI: 1 {#text} at (35,0) size 230x17
      text run at (35,0) width 230: "There should be no red on this page"
