layer at (0,0) size 800x600
  RenderView at (0,0) size 800x600
layer at (0,0) size 800x56
  RenderBlock {HTML} at (0,0) size 800x56
    RenderBody {BODY} at (8,8) size 784x40 [color=#008000]
      RenderListItem {LI} at (0,0) size 784x40
        RenderBlock (anonymous) at (0,0) size 784x40
          RenderListMarker at (-1,0) size 13x40: bullet
          RenderInline (generated) at (0,0) size 80x40
            RenderText at (32,0) size 80x40
              text run at (32,0) width 80: "PA"
          RenderText {#text} at (112,0) size 80x40
            text run at (112,0) width 80: "SS"
        RenderBlock {DIV} at (0,40) size 784x0
