layer at (0,0) size 800x600
  RenderView at (0,0) size 800x600
layer at (0,0) size 800x600
  RenderBlock {HTML} at (0,0) size 800x600
    RenderBody {BODY} at (8,8) size 784x584
      RenderBlock {P} at (0,0) size 784x18
        RenderText {#text} at (0,0) size 490x18
          text run at (0,0) width 490: "This tests that the AutoFill button renders. It can only be tested in the test tool."
      RenderBlock {DIV} at (0,34) size 784x25
        RenderTextControl {INPUT} at (2,2) size 150x21 [bgcolor=#FFFFFF] [border: (2px inset #000000)]
          RenderFlexibleBox {DIV} at (2,3) size 146x15
            RenderBlock {DIV} at (0,0) size 119x15
        RenderText {#text} at (154,3) size 4x18
          text run at (154,3) width 4: " "
        RenderTextControl {INPUT} at (160,2) size 150x21 [bgcolor=#FFFFFF] [border: (2px inset #000000)]
          RenderFlexibleBox {DIV} at (2,3) size 146x15
            RenderBlock {DIV} at (0,0) size 119x15
        RenderText {#text} at (312,3) size 4x18
          text run at (312,3) width 4: " "
        RenderTextControl {INPUT} at (318,2) size 150x21 [bgcolor=#FFFFFF] [border: (2px inset #000000)]
          RenderFlexibleBox {DIV} at (2,3) size 146x15
            RenderBlock {DIV} at (0,0) size 119x15
        RenderTextControl {INPUT} at (472,2) size 150x21 [bgcolor=#FFFFFF] [border: (2px inset #000000)]
layer at (12,47) size 119x15
  RenderBlock {DIV} at (0,0) size 119x15
layer at (170,47) size 119x15
  RenderBlock {DIV} at (0,0) size 119x15
layer at (328,47) size 119x15
  RenderBlock {DIV} at (0,0) size 119x15
layer at (482,47) size 146x15
  RenderBlock {DIV} at (2,3) size 146x15
layer at (134,49) size 22x12
  RenderBlock {DIV} at (122,1) size 22x13 [bgcolor=#000000]
layer at (292,49) size 22x12
  RenderBlock {DIV} at (122,1) size 22x13 [bgcolor=#000000]
layer at (450,49) size 22x12
  RenderBlock {DIV} at (122,1) size 22x13 [bgcolor=#000000]
