layer at (0,0) size 800x600
  RenderView at (0,0) size 800x600
layer at (0,0) size 800x83
  RenderBlock {HTML} at (0,0) size 800x83
    RenderBody {BODY} at (8,16) size 784x59
      RenderBlock {P} at (0,0) size 784x18
        RenderText {#text} at (0,0) size 568x18
          text run at (0,0) width 191: "This tests that the Credit Card "
          text run at (191,0) width 377: "AutoFill button renders. It can only be tested in the test tool."
      RenderBlock {DIV} at (0,34) size 784x25
        RenderTextControl {INPUT} at (2,2) size 150x21 [bgcolor=#FFFFFF] [border: (2px inset #000000)]
          RenderFlexibleBox {DIV} at (2,3) size 146x15
            RenderBlock {DIV} at (0,0) size 119x15
        RenderText {#text} at (154,3) size 4x18
          text run at (154,3) width 4: " "
        RenderTextControl {INPUT} at (160,2) size 150x21 [bgcolor=#FFFFFF] [border: (2px inset #000000)]
          RenderFlexibleBox {DIV} at (2,3) size 146x15
            RenderBlock {DIV} at (0,0) size 119x15
        RenderText {#text} at (312,3) size 4x18
          text run at (312,3) width 4: " "
        RenderTextControl {INPUT} at (318,2) size 150x21 [bgcolor=#FFFFFF] [border: (2px inset #000000)]
          RenderFlexibleBox {DIV} at (2,3) size 146x15
            RenderBlock {DIV} at (0,0) size 119x15
        RenderText {#text} at (470,3) size 4x18
          text run at (470,3) width 4: " "
        RenderTextControl {INPUT} at (476,2) size 150x21 [bgcolor=#FFFFFF] [border: (2px inset #000000)]
          RenderFlexibleBox {DIV} at (2,3) size 146x15
            RenderBlock {DIV} at (0,0) size 119x15
layer at (12,55) size 119x15
  RenderBlock {DIV} at (0,0) size 119x15
layer at (170,55) size 119x15
  RenderBlock {DIV} at (0,0) size 119x15
layer at (328,55) size 119x15
  RenderBlock {DIV} at (0,0) size 119x15
layer at (486,55) size 119x15
  RenderBlock {DIV} at (0,0) size 119x15
layer at (134,57) size 22x12
  RenderBlock {DIV} at (122,1) size 22x13 [bgcolor=#000000]
layer at (292,57) size 22x12
  RenderBlock {DIV} at (122,1) size 22x13 [bgcolor=#000000]
layer at (450,57) size 22x12
  RenderBlock {DIV} at (122,1) size 22x13 [bgcolor=#000000]
layer at (608,57) size 22x12
  RenderBlock {DIV} at (122,1) size 22x13 [bgcolor=#000000]
