layer at (0,0) size 800x600
  RenderView at (0,0) size 800x600
layer at (0,0) size 800x600
  RenderBlock {HTML} at (0,0) size 800x600
    RenderBody {BODY} at (8,8) size 784x584
      RenderBlock {P} at (0,0) size 784x60
        RenderText {#text} at (0,0) size 775x59
          text run at (0,0) width 752: "This tests for a bug where changing the alignment of an image would result in a selection that wasn't the one that was"
          text run at (0,20) width 240: "present before the alignment change. "
          text run at (239,20) width 536: "The image should be centered and the selection should be the same before and after"
          text run at (0,40) width 88: "the operation."
      RenderBlock {DIV} at (0,76) size 784x143
        RenderBlock (anonymous) at (0,0) size 784x20
          RenderText {#text} at (0,0) size 22x19
            text run at (0,0) width 22: "foo"
          RenderBR {BR} at (21,0) size 1x19
        RenderBlock {DIV} at (0,20) size 784x103
          RenderImage {IMG} at (354,0) size 76x103
        RenderBlock (anonymous) at (0,123) size 784x20
          RenderText {#text} at (0,0) size 23x19
            text run at (0,0) width 23: "baz"
selection start: position 0 of child 0 {IMG} of child 2 {DIV} of child 2 {DIV} of body
selection end:   position 1 of child 0 {IMG} of child 2 {DIV} of child 2 {DIV} of body
