layer at (0,0) size 800x600
  RenderView at (0,0) size 800x600
layer at (0,0) size 800x600
  RenderBlock {HTML} at (0,0) size 800x600
    RenderBody {BODY} at (8,8) size 784x584
      RenderBlock {P} at (0,0) size 784x60
        RenderText {#text} at (0,0) size 763x59
          text run at (0,0) width 500: "This tests for a bug where indented text would appear quoted in GoogleDocs. "
          text run at (499,0) width 221: "Google docs uses blockquotes and"
          text run at (0,20) width 763: "FormatBlock to implement a \"Quote Text\" feature, and style rules for blockquotes appeared on the blockquotes that we"
          text run at (0,40) width 179: "use to implement indenting."
      RenderBlock {DIV} at (0,76) size 784x66
        RenderBlock {BLOCKQUOTE} at (40,0) size 744x20
          RenderBlock {DIV} at (0,0) size 744x20
            RenderText {#text} at (0,0) size 234x19
              text run at (0,0) width 234: "This should be indented, not quoted."
        RenderBlock {BLOCKQUOTE} at (8,28) size 768x38 [border: (1px dashed #AAAAAA)]
          RenderText {#text} at (9,9) size 178x19
            text run at (9,9) width 178: "This text should be Quoted."
caret: position 0 of child 0 {#text} of child 0 {DIV} of child 1 {BLOCKQUOTE} of child 3 {DIV} of body
