layer at (0,0) size 800x600
  RenderView at (0,0) size 800x600
layer at (0,0) size 800x600
  RenderBlock {HTML} at (0,0) size 800x600
    RenderBody {BODY} at (8,8) size 784x584
      RenderBlock {P} at (0,0) size 784x40
        RenderText {#text} at (0,0) size 781x39
          text run at (0,0) width 458: "This tests for a bug when removing links from a selection with Unlink. "
          text run at (457,0) width 324: "There shouldn't be any links *inside the selection*"
          text run at (0,20) width 43: "below."
      RenderBlock {DIV} at (0,56) size 784x40
        RenderBlock (anonymous) at (0,0) size 784x0
        RenderBlock {DIV} at (0,0) size 784x20
          RenderInline {A} at (0,0) size 24x19 [color=#0000EE]
            RenderText {#text} at (0,0) size 24x19
              text run at (0,0) width 24: "Hel"
          RenderInline {SPAN} at (0,0) size 13x19
            RenderText {#text} at (23,0) size 13x19
              text run at (23,0) width 13: "lo"
        RenderBlock {DIV} at (0,20) size 784x20
          RenderInline {SPAN} at (0,0) size 16x19
            RenderText {#text} at (0,0) size 16x19
              text run at (0,0) width 16: "W"
          RenderText {#text} at (15,0) size 32x19
            text run at (15,0) width 32: "orld!"
selection start: position 0 of child 0 {#text} of child 1 {SPAN} of child 0 {DIV} of child 2 {DIV} of body
selection end:   position 1 of child 0 {#text} of child 0 {SPAN} of child 1 {DIV} of child 2 {DIV} of body
