layer at (0,0) size 800x600
  RenderView at (0,0) size 800x600
layer at (0,0) size 800x202
  RenderBlock {HTML} at (0,0) size 800x202
    RenderBody {BODY} at (8,8) size 784x186
      RenderBlock (anonymous) at (0,0) size 784x40
        RenderText {#text} at (0,0) size 762x39
          text run at (0,0) width 762: "This test makes sure that text which is styled with a web font which does not support arabic 1) does not get drawn with"
          text run at (0,20) width 379: "LastResort, and 2) does not get drawn with .PhoneFallback"
      RenderBlock {DIV} at (0,40) size 784x146
        RenderText {#text} at (0,0) size 299x132
          text run at (0,0) width 299 RTL: "\x{646}\x{647}\x{631} \x{627}\x{644}\x{646}\x{64A}\x{644}"
