layer at (0,0) size 800x600
  RenderView at (0,0) size 800x600
layer at (0,0) size 800x600
  RenderBlock {HTML} at (0,0) size 800x600
    RenderBody {BODY} at (8,8) size 784x576
      RenderBlock {P} at (0,0) size 784x40
        RenderText {#text} at (0,0) size 108x19
          text run at (0,0) width 108: "This is a test for "
        RenderInline {I} at (0,0) size 767x39
          RenderText {#text} at (107,0) size 767x39
            text run at (107,0) width 660: "http://bugzilla.opendarwin.org/show_bug.cgi?id=6139 ATSUI code path should implement small caps,"
            text run at (0,20) width 412: "synthetic bold and oblique and correct metrics for fallback fonts"
        RenderText {#text} at (411,20) size 5x19
          text run at (411,20) width 5: "."
      RenderBlock {HR} at (0,56) size 784x2 [border: (1px inset #000000)]
      RenderBlock {P} at (0,74) size 784x20
        RenderText {#text} at (0,0) size 611x19
          text run at (0,0) width 611: "The two columns should be identical except for the accent over the e and the umlaut over the u."
      RenderTable {TABLE} at (0,110) size 237x136 [border: none]
        RenderTableSection {TBODY} at (0,0) size 236x135
          RenderTableRow {TR} at (0,0) size 236x27
            RenderTableCell {TD} at (0,0) size 118x27 [border: (1px solid #008000)] [r=0 c=0 rs=1 cs=1]
              RenderText {#text} at (2,2) size 59x23
                text run at (2,2) width 59: "Lore\x{300}m "
              RenderInline {SPAN} at (0,0) size 50x23
                RenderText {#text} at (60,2) size 50x23
                  text run at (60,2) width 50: "ipsu\x{308}m"
              RenderText {#text} at (0,0) size 0x0
            RenderTableCell {TD} at (118,0) size 118x27 [border: (1px solid #008000)] [r=0 c=1 rs=1 cs=1]
              RenderText {#text} at (2,2) size 59x23
                text run at (2,2) width 59: "Lorem "
              RenderInline {SPAN} at (0,0) size 50x23
                RenderText {#text} at (60,2) size 50x23
                  text run at (60,2) width 50: "ipsum"
              RenderText {#text} at (0,0) size 0x0
          RenderTableRow {TR} at (0,27) size 236x27
            RenderTableCell {TD} at (0,27) size 118x27 [border: (1px solid #008000)] [r=1 c=0 rs=1 cs=1]
              RenderText {#text} at (2,2) size 63x23
                text run at (2,2) width 63: "Lore\x{300}m "
              RenderInline {SPAN} at (0,0) size 53x23
                RenderText {#text} at (64,2) size 53x23
                  text run at (64,2) width 53: "ipsu\x{308}m"
              RenderText {#text} at (0,0) size 0x0
            RenderTableCell {TD} at (118,27) size 118x27 [border: (1px solid #008000)] [r=1 c=1 rs=1 cs=1]
              RenderText {#text} at (2,2) size 63x23
                text run at (2,2) width 63: "Lorem "
              RenderInline {SPAN} at (0,0) size 53x23
                RenderText {#text} at (64,2) size 53x23
                  text run at (64,2) width 53: "ipsum"
              RenderText {#text} at (0,0) size 0x0
          RenderTableRow {TR} at (0,54) size 236x27
            RenderTableCell {TD} at (0,54) size 118x27 [border: (1px solid #008000)] [r=2 c=0 rs=1 cs=1]
              RenderText {#text} at (2,2) size 58x23
                text run at (2,2) width 58: "Lore\x{300}m "
              RenderInline {SPAN} at (0,0) size 49x23
                RenderText {#text} at (59,2) size 49x23
                  text run at (59,2) width 49: "ipsu\x{308}m"
              RenderText {#text} at (0,0) size 0x0
            RenderTableCell {TD} at (118,54) size 118x27 [border: (1px solid #008000)] [r=2 c=1 rs=1 cs=1]
              RenderText {#text} at (2,2) size 57x23
                text run at (2,2) width 57: "Lorem "
              RenderInline {SPAN} at (0,0) size 49x23
                RenderText {#text} at (58,2) size 49x23
                  text run at (58,2) width 49: "ipsum"
              RenderText {#text} at (0,0) size 0x0
          RenderTableRow {TR} at (0,81) size 236x27
            RenderTableCell {TD} at (0,81) size 118x27 [border: (1px solid #008000)] [r=3 c=0 rs=1 cs=1]
              RenderText {#text} at (2,2) size 60x23
                text run at (2,2) width 60: "Lore\x{300}m "
              RenderInline {SPAN} at (0,0) size 51x23
                RenderText {#text} at (61,2) size 51x23
                  text run at (61,2) width 51: "ipsu\x{308}m"
              RenderText {#text} at (0,0) size 0x0
            RenderTableCell {TD} at (118,81) size 118x27 [border: (1px solid #008000)] [r=3 c=1 rs=1 cs=1]
              RenderText {#text} at (2,2) size 60x23
                text run at (2,2) width 60: "Lorem "
              RenderInline {SPAN} at (0,0) size 51x23
                RenderText {#text} at (61,2) size 51x23
                  text run at (61,2) width 51: "ipsum"
              RenderText {#text} at (0,0) size 0x0
          RenderTableRow {TR} at (0,108) size 236x27
            RenderTableCell {TD} at (0,108) size 118x27 [border: (1px solid #008000)] [r=4 c=0 rs=1 cs=1]
              RenderText {#text} at (2,2) size 101x23
                text run at (2,2) width 101: "Lore\x{300}m ipsu\x{308}m"
            RenderTableCell {TD} at (118,108) size 118x27 [border: (1px solid #008000)] [r=4 c=1 rs=1 cs=1]
              RenderText {#text} at (2,2) size 101x23
                text run at (2,2) width 101: "Lorem ipsum"
      RenderBlock {HR} at (0,254) size 784x2 [border: (1px inset #000000)]
      RenderBlock {P} at (0,272) size 784x20
        RenderText {#text} at (0,0) size 283x19
          text run at (0,0) width 283: "The following two lines should be identical."
      RenderBlock {P} at (0,308) size 784x27
        RenderInline {SPAN} at (0,0) size 337x23 [border: (1px solid #008000)]
          RenderText {#text} at (1,4) size 335x21
            text run at (1,4) width 335: "\x{E01}\x{E02}\x{E03}\x{E04}\x{E05}\x{E06}\x{E07}\x{E08}\x{E01}\x{E02}\x{E03}\x{E04}\x{E05}\x{E06}\x{E07}\x{E08}\x{E01}\x{E02}\x{E03}\x{E04}\x{E05}\x{E06}\x{E07}\x{E08}\x{E01}\x{E02}\x{E03}\x{E04}\x{E05}\x{E06}\x{E07}\x{E08}"
        RenderText {#text} at (0,0) size 0x0
      RenderBlock {P} at (0,351) size 784x27
        RenderInline {SPAN} at (0,0) size 337x25 [border: (1px solid #008000)]
          RenderText {#text} at (1,2) size 335x23
            text run at (1,2) width 335: "\x{E01}\x{E02}\x{E03}\x{E04}\x{E05}\x{E06}\x{E07}\x{E08}\x{E01}\x{E02}\x{E03}\x{E04}\x{E05}\x{E06}\x{E07}\x{E08}\x{E01}\x{E02}\x{E03}\x{E04}\x{E05}\x{E06}\x{E07}\x{E08}\x{E01}\x{E02}\x{E03}\x{E04}\x{E05}\x{E06}\x{E07}\x{E08}"
        RenderText {#text} at (0,0) size 0x0
