layer at (0,0) size 800x600
  RenderView at (0,0) size 800x600
layer at (0,0) size 800x600
  RenderBlock {HTML} at (0,0) size 800x600
    RenderBody {BODY} at (8,8) size 784x576
      RenderBlock {P} at (0,0) size 784x40
        RenderText {#text} at (0,0) size 54x19
          text run at (0,0) width 54: "Test for "
        RenderInline {I} at (0,0) size 759x39
          RenderInline {A} at (0,0) size 303x19 [color=#0000EE]
            RenderText {#text} at (53,0) size 303x19
              text run at (53,0) width 303: "http://bugs.webkit.org/show_bug.cgi?id=11124"
          RenderText {#text} at (355,0) size 759x39
            text run at (355,0) width 5: " "
            text run at (359,0) width 400: "REGRESSION (r14297): No drag image for partially-selected"
            text run at (0,20) width 81: "complex text"
        RenderText {#text} at (80,20) size 5x19
          text run at (80,20) width 5: "."
      RenderBlock {P} at (0,56) size 784x20
        RenderText {#text} at (0,0) size 147x19
          text run at (0,0) width 147: "This should look like \x{201C}"
        RenderInline {SPAN} at (0,0) size 87x19 [color=#008000]
          RenderText {#text} at (146,0) size 87x19
            text run at (146,0) width 87: "Lore\x{300}m ipsum"
        RenderText {#text} at (232,0) size 16x19
          text run at (232,0) width 16: "\x{201D}: "
        RenderInline {SPAN} at (0,0) size 91x19
          RenderText {#text} at (247,0) size 91x19
            text run at (247,0) width 91: " Lore\x{300}m ipsum"
        RenderText {#text} at (0,0) size 0x0
selection start: position 1 of child 0 {#text} of child 3 {SPAN} of child 2 {P} of body
selection end:   position 13 of child 0 {#text} of child 3 {SPAN} of child 2 {P} of body
