layer at (0,0) size 800x600
  RenderView at (0,0) size 800x600
layer at (0,0) size 800x600
  RenderBlock {HTML} at (0,0) size 800x600
    RenderBody {BODY} at (0,0) size 800x600
      RenderBlock (anonymous) at (0,0) size 800x20
        RenderText {#text} at (0,0) size 55x19
          text run at (0,0) width 55: "e\x{300}e\x{300}e\x{300}e\x{300}e\x{300}e\x{300}X"
      RenderBlock {HR} at (0,28) size 800x2 [border: (1px inset #000000)]
      RenderBlock (anonymous) at (0,38) size 800x40
        RenderText {#text} at (0,0) size 213x19
          text run at (0,0) width 213: "This tests for regressions against "
        RenderInline {I} at (0,0) size 792x39
          RenderText {#text} at (212,0) size 792x39
            text run at (212,0) width 580: "http://bugzilla.opendarwin.org/show_bug.cgi?id=5878 pointToOffset always takes the CG"
            text run at (0,20) width 63: "code path"
        RenderText {#text} at (62,20) size 648x19
          text run at (62,20) width 648: " by clicking the X and verifying that the correct caret position (13) is reported to the editing delegate."
caret: position 11 of child 2 {#text} of body
