layer at (0,0) size 800x600
  RenderView at (0,0) size 800x600
layer at (0,0) size 800x600
  RenderBlock {HTML} at (0,0) size 800x600
    RenderBody {BODY} at (0,0) size 800x600
      RenderBlock (anonymous) at (0,0) size 800x20
        RenderInline {BDO} at (0,0) size 86x19
          RenderText {#text} at (0,0) size 86x19
            text run at (0,0) width 86 RTL: "\x{300}muspimeroL"
        RenderText {#text} at (0,0) size 0x0
      RenderBlock {HR} at (0,28) size 800x2 [color=#808080] [border: (1px inset #808080)]
      RenderBlock (anonymous) at (0,38) size 800x20
        RenderText {#text} at (0,0) size 287x19
          text run at (0,0) width 287: "\x{201C}remips\x{201D} should be highlighted in the above."
