layer at (0,0) size 800x600
  RenderView at (0,0) size 800x600
layer at (0,0) size 800x600
  RenderBlock {HTML} at (0,0) size 800x600
    RenderBody {BODY} at (8,8) size 784x576
      RenderBlock {P} at (0,0) size 784x40
        RenderText {#text} at (0,0) size 218x19
          text run at (0,0) width 218: "This tests for a regression against "
        RenderInline {I} at (0,0) size 754x39
          RenderInline {A} at (0,0) size 354x19 [color=#0000EE]
            RenderText {#text} at (217,0) size 354x19
              text run at (217,0) width 354: "http://bugzilla.opendarwin.org/show_bug.cgi?id=6397"
          RenderText {#text} at (570,0) size 754x39
            text run at (570,0) width 184: " ATSUI small caps use small"
            text run at (0,20) width 77: "punctuation"
        RenderText {#text} at (76,20) size 5x19
          text run at (76,20) width 5: "."
      RenderBlock {P} at (0,56) size 784x20
        RenderText {#text} at (0,0) size 375x19
          text run at (0,0) width 375: "All four question marks below should be \x{201C}big\x{201D}, like this: ?"
      RenderBlock {HR} at (0,92) size 784x2 [border: (1px inset #000000)]
      RenderBlock {P} at (0,110) size 784x20
        RenderText {#text} at (0,0) size 54x19
          text run at (0,0) width 54: "ATSUI: "
        RenderInline {SPAN} at (0,0) size 41x19
          RenderText {#text} at (53,0) size 41x19
            text run at (53,0) width 41: "A?b?e\x{300}"
      RenderBlock {P} at (0,146) size 784x20
        RenderText {#text} at (0,0) size 31x19
          text run at (0,0) width 31: "CG: "
        RenderInline {SPAN} at (0,0) size 41x19
          RenderText {#text} at (30,0) size 41x19
            text run at (30,0) width 41: "A?b?e"
