layer at (0,0) size 800x600
  RenderView at (0,0) size 800x600
layer at (0,0) size 800x56
  RenderBlock {HTML} at (0,0) size 800x56
    RenderBody {BODY} at (8,8) size 784x40
      RenderBlock {DIV} at (0,0) size 784x20
        RenderText {#text} at (0,0) size 181x19
          text run at (0,0) width 181: "This should be a yen-sign: \x{A5}"
      RenderBlock {DIV} at (0,20) size 784x20
        RenderText {#text} at (0,0) size 185x19
          text run at (0,0) width 185: "This should be a backslash: \\"
