layer at (0,0) size 800x600
  RenderView at (0,0) size 800x600
layer at (0,0) size 800x600
  RenderBlock {HTML} at (0,0) size 800x600
    RenderBody {BODY} at (8,8) size 784x584
      RenderBlock {P} at (0,0) size 784x20
        RenderText {#text} at (0,0) size 520x19
          text run at (0,0) width 520: "In each box below, the words or letters should be in the same order on every line."
      RenderBlock {DIV} at (8,36) size 768x70 [border: (1px solid #ADD8E6)]
        RenderBlock {DIV} at (5,5) size 758x20
          RenderText {#text} at (0,0) size 47x19
            text run at (0,0) width 47: "Lorem "
          RenderInline {SPAN} at (0,0) size 78x19
            RenderText {#text} at (46,0) size 78x19
              text run at (46,0) width 78: "ipsum dolor"
          RenderText {#text} at (123,0) size 59x19
            text run at (123,0) width 59: " sit amet."
        RenderBlock {DIV} at (5,25) size 758x20
          RenderText {#text} at (0,0) size 47x19
            text run at (0,0) width 47: "Lorem "
          RenderInline {SPAN} at (0,0) size 40x19
            RenderText {#text} at (46,0) size 40x19
              text run at (46,0) width 40: "ipsum"
          RenderInline {SPAN} at (0,0) size 39x19
            RenderText {#text} at (85,0) size 39x19
              text run at (85,0) width 39: " dolor"
          RenderText {#text} at (123,0) size 59x19
            text run at (123,0) width 59: " sit amet."
        RenderBlock {DIV} at (5,45) size 758x20
          RenderText {#text} at (0,0) size 47x19
            text run at (0,0) width 47: "Lorem "
          RenderInline {SPAN} at (0,0) size 44x19
            RenderText {#text} at (46,0) size 44x19
              text run at (46,0) width 44: "ipsum "
          RenderInline {B} at (0,0) size 95x19
            RenderInline {SPAN} at (0,0) size 38x19
              RenderText {#text} at (89,0) size 38x19
                text run at (89,0) width 38: "dolor"
            RenderText {#text} at (126,0) size 5x19
              text run at (126,0) width 5: " "
            RenderInline {I} at (0,0) size 16x19
              RenderText {#text} at (130,0) size 16x19
                text run at (130,0) width 16: "sit"
            RenderText {#text} at (145,0) size 39x19
              text run at (145,0) width 39: " amet"
          RenderText {#text} at (183,0) size 5x19
            text run at (183,0) width 5: "."
      RenderBlock {DIV} at (8,114) size 768x70 [border: (1px solid #ADD8E6)]
        RenderBlock {DIV} at (5,5) size 758x20
          RenderText {#text} at (0,0) size 47x19
            text run at (0,0) width 47: "Lorem "
          RenderInline {SPAN} at (0,0) size 57x19
            RenderText {#text} at (46,0) size 57x19
              text run at (46,0) width 19 RTL: " \x{5DB}\x{5DC}"
              text run at (64,0) width 11: "if"
              text run at (74,0) width 29 RTL: "\x{5D9}\x{5D5}\x{5EA}\x{5E8} "
          RenderText {#text} at (102,0) size 59x19
            text run at (102,0) width 59: " sit amet."
        RenderBlock {DIV} at (5,25) size 758x20
          RenderText {#text} at (0,0) size 47x19
            text run at (0,0) width 47: "Lorem "
          RenderInline {SPAN} at (0,0) size 29x19
            RenderText {#text} at (74,0) size 29x19
              text run at (74,0) width 29 RTL: "\x{5D9}\x{5D5}\x{5EA}\x{5E8} "
          RenderInline {SPAN} at (0,0) size 29x19
            RenderText {#text} at (46,0) size 29x19
              text run at (46,0) width 19 RTL: " \x{5DB}\x{5DC}"
              text run at (64,0) width 11: "if"
          RenderText {#text} at (102,0) size 59x19
            text run at (102,0) width 59: " sit amet."
        RenderBlock {DIV} at (5,45) size 758x20
          RenderText {#text} at (0,0) size 47x19
            text run at (0,0) width 47: "Lorem "
          RenderInline {SPAN} at (0,0) size 29x19
            RenderText {#text} at (74,0) size 29x19
              text run at (74,0) width 29 RTL: "\x{5D9}\x{5D5}\x{5EA}\x{5E8} "
          RenderInline {B} at (0,0) size 114x19
            RenderInline {SPAN} at (0,0) size 29x19
              RenderText {#text} at (46,0) size 29x19
                text run at (46,0) width 19 RTL: " \x{5DB}\x{5DC}"
                text run at (64,0) width 11: "if"
            RenderText {#text} at (102,0) size 5x19
              text run at (102,0) width 5: " "
            RenderInline {I} at (0,0) size 16x19
              RenderText {#text} at (106,0) size 16x19
                text run at (106,0) width 16: "sit"
            RenderText {#text} at (121,0) size 39x19
              text run at (121,0) width 39: " amet"
          RenderText {#text} at (159,0) size 5x19
            text run at (159,0) width 5: "."
      RenderBlock {DIV} at (8,192) size 768x50 [border: (1px solid #ADD8E6)]
        RenderBlock {DIV} at (5,5) size 758x20
          RenderInline {SPAN} at (0,0) size 20x19
            RenderText {#text} at (0,0) size 20x19
              text run at (0,0) width 20: "a b"
          RenderText {#text} at (0,0) size 0x0
        RenderBlock {DIV} at (5,25) size 758x20
          RenderInline {SPAN} at (0,0) size 8x19
            RenderText {#text} at (0,0) size 8x19
              text run at (0,0) width 8: "a"
          RenderInline {SPAN} at (0,0) size 13x19
            RenderText {#text} at (7,0) size 13x19
              text run at (7,0) width 13: " b"
          RenderText {#text} at (0,0) size 0x0
      RenderBlock {DIV} at (8,250) size 768x70 [border: (1px solid #ADD8E6)]
        RenderBlock {DIV} at (5,5) size 758x20
          RenderText {#text} at (730,0) size 28x19
            text run at (730,0) width 28 RTL: "\x{5D0}\x{5D7}\x{5EA} "
          RenderInline {SPAN} at (0,0) size 70x19
            RenderText {#text} at (661,0) size 70x19
              text run at (661,0) width 70 RTL: "\x{5E9}\x{5EA}\x{5D9}\x{5D9}\x{5DD} \x{5E9}\x{5DC}\x{5D5}\x{5E9}"
          RenderText {#text} at (594,0) size 68x19
            text run at (594,0) width 68 RTL: " \x{5D0}\x{5E8}\x{5D1}\x{5E2} \x{5D7}\x{5DE}\x{5E9}."
        RenderBlock {DIV} at (5,25) size 758x20
          RenderText {#text} at (730,0) size 28x19
            text run at (730,0) width 28 RTL: "\x{5D0}\x{5D7}\x{5EA} "
          RenderInline {SPAN} at (0,0) size 35x19
            RenderText {#text} at (696,0) size 35x19
              text run at (696,0) width 35 RTL: "\x{5E9}\x{5EA}\x{5D9}\x{5D9}\x{5DD}"
          RenderInline {SPAN} at (0,0) size 36x19
            RenderText {#text} at (661,0) size 36x19
              text run at (661,0) width 36 RTL: " \x{5E9}\x{5DC}\x{5D5}\x{5E9}"
          RenderText {#text} at (594,0) size 68x19
            text run at (594,0) width 68 RTL: " \x{5D0}\x{5E8}\x{5D1}\x{5E2} \x{5D7}\x{5DE}\x{5E9}."
        RenderBlock {DIV} at (5,45) size 758x20
          RenderText {#text} at (730,0) size 28x19
            text run at (730,0) width 28 RTL: "\x{5D0}\x{5D7}\x{5EA} "
          RenderInline {SPAN} at (0,0) size 39x19
            RenderText {#text} at (692,0) size 39x19
              text run at (692,0) width 39 RTL: "\x{5E9}\x{5EA}\x{5D9}\x{5D9}\x{5DD} "
          RenderInline {B} at (0,0) size 102x19
            RenderInline {SPAN} at (0,0) size 35x19
              RenderText {#text} at (658,0) size 35x19
                text run at (658,0) width 35 RTL: "\x{5E9}\x{5DC}\x{5D5}\x{5E9}"
            RenderText {#text} at (654,0) size 5x19
              text run at (654,0) width 5 RTL: " "
            RenderInline {I} at (0,0) size 32x19
              RenderText {#text} at (623,0) size 32x19
                text run at (623,0) width 32 RTL: "\x{5D0}\x{5E8}\x{5D1}\x{5E2}"
            RenderText {#text} at (591,0) size 33x19
              text run at (591,0) width 33 RTL: " \x{5D7}\x{5DE}\x{5E9}"
          RenderText {#text} at (587,0) size 5x19
            text run at (587,0) width 5 RTL: "."
