layer at (0,0) size 800x600
  RenderView at (0,0) size 800x600
layer at (0,0) size 800x600
  RenderBlock {HTML} at (0,0) size 800x600
    RenderBody {BODY} at (8,8) size 784x576
      RenderBlock {P} at (0,0) size 784x40
        RenderText {#text} at (0,0) size 177x19
          text run at (0,0) width 177: "This is a regression test for "
        RenderInline {I} at (0,0) size 782x39
          RenderInline {A} at (0,0) size 354x19 [color=#0000EE]
            RenderText {#text} at (176,0) size 354x19
              text run at (176,0) width 354: "http://bugzilla.opendarwin.org/show_bug.cgi?id=9432"
          RenderText {#text} at (529,0) size 782x39
            text run at (529,0) width 5: " "
            text run at (533,0) width 249: "REGRESSION: crash in capitalization"
            text run at (0,20) width 278: "code due to empty-string generated content"
        RenderText {#text} at (277,20) size 5x19
          text run at (277,20) width 5: "."
      RenderBlock {HR} at (0,56) size 784x2 [border: (1px inset #000000)]
      RenderBlock {P} at (0,74) size 784x20
        RenderInline {SPAN} at (0,0) size 87x19
          RenderText {#text} at (0,0) size 47x19
            text run at (0,0) width 47: "Lorem "
          RenderInline {SPAN} at (0,0) size 41x19
            RenderInline (generated) at (0,0) size 1x19
              RenderText at (0,0) size 0x0
            RenderText {#text} at (46,0) size 41x19
              text run at (46,0) width 41: "Ipsum"
        RenderText {#text} at (86,0) size 5x19
          text run at (86,0) width 5: " "
        RenderInline {I} at (0,0) size 63x19
          RenderText {#text} at (90,0) size 63x19
            text run at (90,0) width 63: "should be"
        RenderText {#text} at (152,0) size 92x19
          text run at (152,0) width 92: " Lorem Ipsum"
      RenderBlock {P} at (0,110) size 784x20
        RenderInline {SPAN} at (0,0) size 87x19
          RenderText {#text} at (0,0) size 24x19
            text run at (0,0) width 24: "Lor"
          RenderInline {SPAN} at (0,0) size 64x19
            RenderInline (generated) at (0,0) size 1x19
              RenderText at (0,0) size 0x0
            RenderText {#text} at (23,0) size 64x19
              text run at (23,0) width 64: "em Ipsum"
        RenderText {#text} at (86,0) size 5x19
          text run at (86,0) width 5: " "
        RenderInline {I} at (0,0) size 63x19
          RenderText {#text} at (90,0) size 63x19
            text run at (90,0) width 63: "should be"
        RenderText {#text} at (152,0) size 92x19
          text run at (152,0) width 92: " Lorem Ipsum"
