layer at (0,0) size 800x600
  RenderView at (0,0) size 800x600
layer at (0,0) size 800x600
  RenderBlock {HTML} at (0,0) size 800x600
    RenderBody {BODY} at (8,8) size 784x584
      RenderBlock (anonymous) at (0,0) size 784x20
        RenderText {#text} at (0,0) size 429x19
          text run at (0,0) width 429: "Pixel test for complex text rendering with opacity (Chromium bug "
        RenderInline {A} at (0,0) size 33x19 [color=#0000EE]
          RenderText {#text} at (428,0) size 33x19
            text run at (428,0) width 33: "8768"
        RenderText {#text} at (460,0) size 10x19
          text run at (460,0) width 10: ")."
      RenderBlock {P} at (0,36) size 784x0
      RenderBlock {DIV} at (0,36) size 784x39
        RenderInline {SPAN} at (0,0) size 46x29
          RenderText {#text} at (0,5) size 46x29
            text run at (0,5) width 46: "\x{916}\x{94B}\x{91C}\x{947}\x{902}"
        RenderText {#text} at (45,5) size 7x29
          text run at (45,5) width 7: " "
        RenderText {#text} at (96,5) size 7x29
          text run at (96,5) width 7: " "
        RenderText {#text} at (147,5) size 8x29
          text run at (147,5) width 8: " "
        RenderText {#text} at (199,5) size 7x29
          text run at (199,5) width 7: " "
        RenderText {#text} at (250,5) size 7x29
          text run at (250,5) width 7: " "
        RenderText {#text} at (302,5) size 7x29
          text run at (302,5) width 7: " "
        RenderText {#text} at (353,5) size 7x29
          text run at (353,5) width 7: " "
        RenderText {#text} at (404,5) size 8x29
          text run at (404,5) width 8: " "
        RenderText {#text} at (456,5) size 7x29
          text run at (456,5) width 7: " "
        RenderText {#text} at (507,5) size 7x29
          text run at (507,5) width 7: " "
        RenderText {#text} at (0,0) size 0x0
      RenderBlock {DIV} at (0,75) size 784x36
        RenderInline {SPAN} at (0,0) size 51x29
          RenderText {#text} at (562,2) size 51x29
            text run at (562,2) width 51 RTL: "\x{64A}\x{624}\x{644}\x{645}\x{646}\x{64A}"
        RenderText {#text} at (556,2) size 7x29
          text run at (556,2) width 7 RTL: " "
        RenderText {#text} at (500,2) size 7x29
          text run at (500,2) width 7 RTL: " "
        RenderText {#text} at (443,2) size 7x29
          text run at (443,2) width 7 RTL: " "
        RenderText {#text} at (387,2) size 7x29
          text run at (387,2) width 7 RTL: " "
        RenderText {#text} at (331,2) size 7x29
          text run at (331,2) width 7 RTL: " "
        RenderText {#text} at (275,2) size 7x29
          text run at (275,2) width 7 RTL: " "
        RenderText {#text} at (218,2) size 7x29
          text run at (218,2) width 7 RTL: " "
        RenderText {#text} at (162,2) size 7x29
          text run at (162,2) width 7 RTL: " "
        RenderText {#text} at (106,2) size 7x29
          text run at (106,2) width 7 RTL: " "
        RenderText {#text} at (50,2) size 7x29
          text run at (50,2) width 7 RTL: " "
        RenderText {#text} at (0,0) size 0x0
layer at (8,44) size 46x29
  RenderInline {SPAN} at (0,0) size 46x29
    RenderText {#text} at (51,5) size 46x29
      text run at (51,5) width 46: "\x{916}\x{94B}\x{91C}\x{947}\x{902}"
layer at (8,44) size 46x29
  RenderInline {SPAN} at (0,0) size 46x29
    RenderText {#text} at (102,5) size 46x29
      text run at (102,5) width 46: "\x{916}\x{94B}\x{91C}\x{947}\x{902}"
layer at (8,44) size 46x29
  RenderInline {SPAN} at (0,0) size 46x29
    RenderText {#text} at (154,5) size 46x29
      text run at (154,5) width 46: "\x{916}\x{94B}\x{91C}\x{947}\x{902}"
layer at (8,44) size 46x29
  RenderInline {SPAN} at (0,0) size 46x29
    RenderText {#text} at (205,5) size 46x29
      text run at (205,5) width 46: "\x{916}\x{94B}\x{91C}\x{947}\x{902}"
layer at (8,44) size 46x29
  RenderInline {SPAN} at (0,0) size 46x29
    RenderText {#text} at (257,5) size 46x29
      text run at (257,5) width 46: "\x{916}\x{94B}\x{91C}\x{947}\x{902}"
layer at (8,44) size 46x29
  RenderInline {SPAN} at (0,0) size 46x29
    RenderText {#text} at (308,5) size 46x29
      text run at (308,5) width 46: "\x{916}\x{94B}\x{91C}\x{947}\x{902}"
layer at (8,44) size 46x29
  RenderInline {SPAN} at (0,0) size 46x29
    RenderText {#text} at (359,5) size 46x29
      text run at (359,5) width 46: "\x{916}\x{94B}\x{91C}\x{947}\x{902}"
layer at (8,44) size 46x29
  RenderInline {SPAN} at (0,0) size 46x29
    RenderText {#text} at (411,5) size 46x29
      text run at (411,5) width 46: "\x{916}\x{94B}\x{91C}\x{947}\x{902}"
layer at (8,44) size 46x29
  RenderInline {SPAN} at (0,0) size 46x29
    RenderText {#text} at (462,5) size 46x29
      text run at (462,5) width 46: "\x{916}\x{94B}\x{91C}\x{947}\x{902}"
layer at (8,44) size 46x29
  RenderInline {SPAN} at (0,0) size 46x29
    RenderText {#text} at (514,5) size 46x29
      text run at (514,5) width 46: "\x{916}\x{94B}\x{91C}\x{947}\x{902}"
layer at (8,83) size 51x29
  RenderInline {SPAN} at (0,0) size 51x29
    RenderText {#text} at (506,2) size 51x29
      text run at (506,2) width 51 RTL: "\x{64A}\x{624}\x{644}\x{645}\x{646}\x{64A}"
layer at (8,83) size 50x29
  RenderInline {SPAN} at (0,0) size 50x29
    RenderText {#text} at (450,2) size 50x29
      text run at (450,2) width 50 RTL: "\x{64A}\x{624}\x{644}\x{645}\x{646}\x{64A}"
layer at (8,83) size 51x29
  RenderInline {SPAN} at (0,0) size 51x29
    RenderText {#text} at (393,2) size 51x29
      text run at (393,2) width 51 RTL: "\x{64A}\x{624}\x{644}\x{645}\x{646}\x{64A}"
layer at (8,83) size 51x29
  RenderInline {SPAN} at (0,0) size 51x29
    RenderText {#text} at (337,2) size 51x29
      text run at (337,2) width 51 RTL: "\x{64A}\x{624}\x{644}\x{645}\x{646}\x{64A}"
layer at (8,83) size 51x29
  RenderInline {SPAN} at (0,0) size 51x29
    RenderText {#text} at (281,2) size 51x29
      text run at (281,2) width 51 RTL: "\x{64A}\x{624}\x{644}\x{645}\x{646}\x{64A}"
layer at (8,83) size 50x29
  RenderInline {SPAN} at (0,0) size 50x29
    RenderText {#text} at (225,2) size 50x29
      text run at (225,2) width 50 RTL: "\x{64A}\x{624}\x{644}\x{645}\x{646}\x{64A}"
layer at (8,83) size 51x29
  RenderInline {SPAN} at (0,0) size 51x29
    RenderText {#text} at (168,2) size 51x29
      text run at (168,2) width 51 RTL: "\x{64A}\x{624}\x{644}\x{645}\x{646}\x{64A}"
layer at (8,83) size 51x29
  RenderInline {SPAN} at (0,0) size 51x29
    RenderText {#text} at (112,2) size 51x29
      text run at (112,2) width 51 RTL: "\x{64A}\x{624}\x{644}\x{645}\x{646}\x{64A}"
layer at (8,83) size 51x29
  RenderInline {SPAN} at (0,0) size 51x29
    RenderText {#text} at (56,2) size 51x29
      text run at (56,2) width 51 RTL: "\x{64A}\x{624}\x{644}\x{645}\x{646}\x{64A}"
layer at (8,83) size 50x29
  RenderInline {SPAN} at (0,0) size 50x29
    RenderText {#text} at (0,2) size 50x29
      text run at (0,2) width 50 RTL: "\x{64A}\x{624}\x{644}\x{645}\x{646}\x{64A}"
