layer at (0,0) size 800x600
  RenderView at (0,0) size 800x600
layer at (0,0) size 800x600
  RenderBlock {HTML} at (0,0) size 800x600
    RenderBody {BODY} at (8,8) size 784x584
      RenderBlock {P} at (0,0) size 784x40
        RenderText {#text} at (0,0) size 54x19
          text run at (0,0) width 54: "Test for "
        RenderInline {I} at (0,0) size 677x39
          RenderInline {A} at (0,0) size 305x19 [color=#0000EE]
            RenderText {#text} at (53,0) size 305x19
              text run at (53,0) width 305: "http://bugs.webkit.org/show_bug.cgi?id=10144"
          RenderText {#text} at (357,0) size 677x39
            text run at (357,0) width 5: " "
            text run at (361,0) width 316: "REGRESSION: Reproducible assertion failure in"
            text run at (0,20) width 294: "DeleteSelectionCommand::fixupWhitespace()"
        RenderText {#text} at (293,20) size 5x19
          text run at (293,20) width 5: "."
      RenderBlock {DIV} at (0,56) size 784x100
        RenderText {#text} at (0,0) size 0x39
          text run at (0,0) width 0: " "
          text run at (0,20) width 0: " "
        RenderBR {BR} at (0,40) size 0x19
