layer at (0,0) size 800x600
  RenderView at (0,0) size 800x600
layer at (0,0) size 800x600
  RenderBlock {HTML} at (0,0) size 800x600
    RenderBody {BODY} at (8,8) size 784x584
      RenderBlock (anonymous) at (0,0) size 784x40
        RenderText {#text} at (0,0) size 751x39
          text run at (0,0) width 751: "This test validate rendering of emoji sequences and emoji with modifiers. Horse racing emoji no longer supports skin"
          text run at (0,20) width 187: "tone. Added skin tone to spy."
      RenderBlock {DIV} at (0,40) size 784x27
        RenderText {#text} at (0,0) size 21x27
          text run at (0,0) width 21: "\x{D83D}\x{DE01}"
      RenderBlock {DIV} at (0,67) size 784x430
        RenderText {#text} at (0,7) size 448x72
          text run at (0,7) width 448: "\x{D83D}\x{DC66}\x{D83C}\x{DFFB}\x{D83D}\x{DC69}\x{D83C}\x{DFFC}\x{D83D}\x{DC66}\x{D83C}\x{DFFE}\x{2764}\x{FE0F}\x{D83D}\x{DC8B}\x{D83D}\x{DD75}\x{D83C}\x{DFFB}\x{D83C}\x{DFC7}\x{D83C}\x{DFFB}"
        RenderBR {BR} at (448,6) size 0x72
        RenderText {#text} at (0,93) size 432x72
          text run at (0,93) width 432: "\x{D83D}\x{DC68}\x{200D}\x{D83D}\x{DC69}\x{200D}\x{D83D}\x{DC66} \x{D83D}\x{DC68}\x{200D}\x{D83D}\x{DC69}\x{200D}\x{D83D}\x{DC67} \x{D83D}\x{DC6A} \x{D83D}\x{DC66}\x{D83C}\x{DFFB}\x{D83D}\x{DC69}\x{D83C}\x{DFFC}\x{D83D}\x{DC66}\x{D83C}\x{DFFE}"
        RenderBR {BR} at (432,92) size 0x72
        RenderText {#text} at (0,179) size 384x72
          text run at (0,179) width 384: "\x{D83D}\x{DC69}\x{200D}\x{D83D}\x{DC69}\x{200D}\x{D83D}\x{DC66} \x{D83D}\x{DC69}\x{200D}\x{D83D}\x{DC69}\x{200D}\x{D83D}\x{DC67} \x{D83D}\x{DC69}\x{200D}\x{D83D}\x{DC69}\x{200D}\x{D83D}\x{DC67}\x{200D}\x{D83D}\x{DC66} \x{D83D}\x{DC69}\x{200D}\x{D83D}\x{DC69}\x{200D}\x{D83D}\x{DC66}\x{200D}\x{D83D}\x{DC66} \x{D83D}\x{DC69}\x{200D}\x{D83D}\x{DC69}\x{200D}\x{D83D}\x{DC67}\x{200D}\x{D83D}\x{DC67}"
        RenderBR {BR} at (384,178) size 0x72
        RenderText {#text} at (0,265) size 384x72
          text run at (0,265) width 384: "\x{D83D}\x{DC68}\x{200D}\x{D83D}\x{DC68}\x{200D}\x{D83D}\x{DC66} \x{D83D}\x{DC68}\x{200D}\x{D83D}\x{DC68}\x{200D}\x{D83D}\x{DC67} \x{D83D}\x{DC68}\x{200D}\x{D83D}\x{DC68}\x{200D}\x{D83D}\x{DC67}\x{200D}\x{D83D}\x{DC66} \x{D83D}\x{DC68}\x{200D}\x{D83D}\x{DC68}\x{200D}\x{D83D}\x{DC66}\x{200D}\x{D83D}\x{DC66} \x{D83D}\x{DC68}\x{200D}\x{D83D}\x{DC68}\x{200D}\x{D83D}\x{DC67}\x{200D}\x{D83D}\x{DC67}"
        RenderBR {BR} at (384,264) size 0x72
        RenderText {#text} at (0,351) size 384x72
          text run at (0,351) width 384: "\x{D83D}\x{DC69}\x{200D}\x{2764}\x{FE0F}\x{200D}\x{D83D}\x{DC69} \x{D83D}\x{DC68}\x{200D}\x{2764}\x{FE0F}\x{200D}\x{D83D}\x{DC68} \x{D83D}\x{DC69}\x{200D}\x{2764}\x{FE0F}\x{200D}\x{D83D}\x{DC8B}\x{200D}\x{D83D}\x{DC69} \x{D83D}\x{DC68}\x{200D}\x{2764}\x{FE0F}\x{200D}\x{D83D}\x{DC8B}\x{200D}\x{D83D}\x{DC68} \x{D83D}\x{DC69}\x{200D}\x{2764}\x{FE0F}\x{200D}\x{D83D}\x{DC69}"
