layer at (0,0) size 800x731
  RenderView at (0,0) size 800x600
layer at (0,0) size 800x731
  RenderBlock {HTML} at (0,0) size 800x731
    RenderBody {BODY} at (8,8) size 784x0
      RenderBlock (floating) {DIV} at (8,8) size 366x150 [border: (3px solid #000000)]
        RenderText {#text} at (3,4) size 273x28
          text run at (3,4) width 273: "Lorem ipsum dolor sit amet,"
        RenderInline {SPAN} at (0,0) size 214x28
          RenderText {#text} at (3,46) size 214x28
            text run at (3,46) width 214: "consectetur adipiscing"
        RenderText {#text} at (216,46) size 134x28
          text run at (216,46) width 7: " "
          text run at (222,46) width 128: "elit. Aliquam"
        RenderInline {SPAN} at (0,0) size 110x28
          RenderText {#text} at (3,76) size 110x28
            text run at (3,76) width 110: "odio sapien"
        RenderText {#text} at (112,76) size 334x70
          text run at (112,76) width 13: ", "
          text run at (124,76) width 213: "lobortis eu iaculis vel,"
          text run at (3,118) width 208: "scelerisque nec dolor."
      RenderBlock (floating) {DIV} at (390,8) size 366x150 [border: (3px solid #000000)]
        RenderText {#text} at (3,4) size 273x28
          text run at (3,4) width 273: "Lorem ipsum dolor sit amet,"
        RenderInline {SPAN} at (0,0) size 214x28
          RenderText {#text} at (3,46) size 214x28
            text run at (3,46) width 214: "consectetur adipiscing"
        RenderText {#text} at (216,46) size 134x28
          text run at (216,46) width 7: " "
          text run at (222,46) width 128: "elit. Aliquam"
        RenderInline {SPAN} at (0,0) size 110x28
          RenderText {#text} at (3,76) size 110x28
            text run at (3,76) width 110: "odio sa\x{300}pien"
        RenderText {#text} at (112,76) size 334x70
          text run at (112,76) width 13: ", "
          text run at (124,76) width 213: "lobortis eu iaculis vel,"
          text run at (3,118) width 208: "scelerisque nec dolor."
      RenderBlock (floating) {DIV} at (8,174) size 366x162 [border: (3px solid #000000)]
        RenderText {#text} at (3,17) size 70x28
          text run at (3,17) width 70: "Lorem "
        RenderInline {SPAN} at (0,0) size 60x28
          RenderText {#text} at (72,17) size 60x28
            text run at (72,17) width 60: "ipsum"
        RenderText {#text} at (131,17) size 7x28
          text run at (131,17) width 7: " "
        RenderInline {SPAN} at (0,0) size 52x28
          RenderText {#text} at (137,17) size 52x28
            text run at (137,17) width 52: "dolor"
        RenderText {#text} at (188,17) size 7x28
          text run at (188,17) width 7: " "
        RenderInline {SPAN} at (0,0) size 23x28
          RenderText {#text} at (194,17) size 23x28
            text run at (194,17) width 23: "sit"
        RenderText {#text} at (216,17) size 7x28
          text run at (216,17) width 7: " "
        RenderInline {SPAN} at (0,0) size 48x28
          RenderText {#text} at (222,17) size 48x28
            text run at (222,17) width 48: "amet"
        RenderText {#text} at (269,17) size 7x28
          text run at (269,17) width 7: ","
        RenderInline {SPAN} at (0,0) size 110x28
          RenderText {#text} at (3,59) size 110x28
            text run at (3,59) width 110: "consectetur"
        RenderText {#text} at (112,59) size 7x28
          text run at (112,59) width 7: " "
        RenderInline {SPAN} at (0,0) size 99x28
          RenderText {#text} at (118,59) size 99x28
            text run at (118,59) width 99: "adipiscing"
        RenderText {#text} at (216,59) size 7x28
          text run at (216,59) width 7: " "
        RenderInline {SPAN} at (0,0) size 32x28
          RenderText {#text} at (222,59) size 32x28
            text run at (222,59) width 32: "elit"
        RenderText {#text} at (253,59) size 13x28
          text run at (253,59) width 13: ". "
        RenderInline {SPAN} at (0,0) size 85x28
          RenderText {#text} at (265,59) size 85x28
            text run at (265,59) width 85: "Aliquam"
        RenderText {#text} at (349,59) size 7x28
          text run at (349,59) width 7: ","
        RenderInline {SPAN} at (0,0) size 43x28
          RenderText {#text} at (3,100) size 43x28
            text run at (3,100) width 43: "odio"
        RenderText {#text} at (45,100) size 7x28
          text run at (45,100) width 7: " "
        RenderInline {SPAN} at (0,0) size 62x28
          RenderText {#text} at (51,100) size 62x28
            text run at (51,100) width 62: "sapien"
        RenderText {#text} at (112,100) size 13x28
          text run at (112,100) width 13: ", "
        RenderInline {SPAN} at (0,0) size 75x28
          RenderText {#text} at (124,100) size 75x28
            text run at (124,100) width 75: "lobortis"
        RenderText {#text} at (198,100) size 334x58
          text run at (198,100) width 7: " "
          text run at (204,100) width 133: "eu iaculis vel,"
          text run at (3,130) width 208: "scelerisque nec dolor."
      RenderBlock (floating) {DIV} at (390,174) size 366x161 [border: (3px solid #000000)]
        RenderText {#text} at (3,4) size 70x28
          text run at (3,4) width 70: "Lorem "
        RenderInline {SPAN} at (0,0) size 60x28
          RenderText {#text} at (72,4) size 60x28
            text run at (72,4) width 60: "ipsum"
        RenderText {#text} at (131,4) size 7x28
          text run at (131,4) width 7: " "
        RenderInline {SPAN} at (0,0) size 52x28
          RenderText {#text} at (137,4) size 52x28
            text run at (137,4) width 52: "dolor"
        RenderText {#text} at (188,4) size 7x28
          text run at (188,4) width 7: " "
        RenderInline {SPAN} at (0,0) size 23x28
          RenderText {#text} at (194,4) size 23x28
            text run at (194,4) width 23: "sit"
        RenderText {#text} at (216,4) size 7x28
          text run at (216,4) width 7: " "
        RenderInline {SPAN} at (0,0) size 48x28
          RenderText {#text} at (222,4) size 48x28
            text run at (222,4) width 48: "amet"
        RenderText {#text} at (269,4) size 7x28
          text run at (269,4) width 7: ","
        RenderInline {SPAN} at (0,0) size 110x28
          RenderText {#text} at (3,46) size 110x28
            text run at (3,46) width 110: "consectetur"
        RenderText {#text} at (112,46) size 7x28
          text run at (112,46) width 7: " "
        RenderInline {SPAN} at (0,0) size 99x28
          RenderText {#text} at (118,46) size 99x28
            text run at (118,46) width 99: "adipiscing"
        RenderText {#text} at (216,46) size 7x28
          text run at (216,46) width 7: " "
        RenderInline {SPAN} at (0,0) size 32x28
          RenderText {#text} at (222,46) size 32x28
            text run at (222,46) width 32: "elit"
        RenderText {#text} at (253,46) size 13x28
          text run at (253,46) width 13: ". "
        RenderInline {SPAN} at (0,0) size 85x28
          RenderText {#text} at (265,46) size 85x28
            text run at (265,46) width 85: "Aliquam"
        RenderText {#text} at (349,46) size 7x28
          text run at (349,46) width 7: ","
        RenderInline {SPAN} at (0,0) size 43x28
          RenderText {#text} at (3,88) size 43x28
            text run at (3,88) width 43: "odio"
        RenderText {#text} at (45,88) size 7x28
          text run at (45,88) width 7: " "
        RenderInline {SPAN} at (0,0) size 62x28
          RenderText {#text} at (51,88) size 62x28
            text run at (51,88) width 62: "sapien"
        RenderText {#text} at (112,88) size 13x28
          text run at (112,88) width 13: ", "
        RenderInline {SPAN} at (0,0) size 75x28
          RenderText {#text} at (124,88) size 75x28
            text run at (124,88) width 75: "lobortis"
        RenderText {#text} at (198,88) size 334x69
          text run at (198,88) width 7: " "
          text run at (204,88) width 133: "eu iaculis vel,"
          text run at (3,129) width 208: "scelerisque nec dolor."
      RenderBlock (floating) {DIV} at (390,351) size 366x198 [border: (3px solid #000000)]
        RenderText {#text} at (3,13) size 273x28
          text run at (3,13) width 273: "Lorem ipsum dolor sit amet,"
        RenderInline {SPAN} at (0,0) size 214x28
          RenderText {#text} at (3,61) size 214x28
            text run at (3,61) width 214: "consectetur adipiscing"
        RenderText {#text} at (216,61) size 134x28
          text run at (216,61) width 7: " "
          text run at (222,61) width 128: "elit. Aliquam"
        RenderInline {SPAN} at (0,0) size 110x28
          RenderText {#text} at (3,109) size 110x28
            text run at (3,109) width 110: "odio sapien"
        RenderText {#text} at (112,109) size 334x76
          text run at (112,109) width 13: ", "
          text run at (124,109) width 213: "lobortis eu iaculis vel,"
          text run at (3,157) width 208: "scelerisque nec dolor."
      RenderBlock (floating) {DIV} at (8,565) size 366x150 [border: (3px solid #000000)]
        RenderText {#text} at (3,4) size 273x28
          text run at (3,4) width 273: "Lorem ipsum dolor sit amet,"
        RenderInline {SPAN} at (0,0) size 214x28
          RenderText {#text} at (3,46) size 214x28
            text run at (3,46) width 214: "consectetur adipiscing"
        RenderText {#text} at (216,46) size 134x28
          text run at (216,46) width 7: " "
          text run at (222,46) width 128: "elit. Aliquam"
        RenderInline {SPAN} at (0,0) size 110x28
          RenderText {#text} at (3,76) size 110x28
            text run at (3,76) width 110: "odio sapien"
        RenderText {#text} at (112,76) size 334x70
          text run at (112,76) width 13: ", "
          text run at (124,76) width 213: "lobortis eu iaculis vel,"
          text run at (3,118) width 208: "scelerisque nec dolor."
selection start: position 10 of child 0 {#text} of child 1 {SPAN} of child 10 {DIV} of body
selection end:   position 7 of child 0 {#text} of child 3 {SPAN} of child 10 {DIV} of body
