layer at (0,0) size 800x600
  RenderView at (0,0) size 800x600
layer at (0,0) size 800x600
  RenderBlock {HTML} at (0,0) size 800x600
    RenderBody {BODY} at (8,8) size 784x576
      RenderBlock {P} at (0,0) size 784x60
        RenderText {#text} at (0,0) size 778x59
          text run at (0,0) width 756: "This layout test is designed to test that our fake italic mode is working correctly. The Ahem font, used below, does not"
          text run at (0,20) width 778: "include an italic variant. Thus, when we ask for italic Ahem, we should skew the glyphs ourselves, resulting in a series of"
          text run at (0,40) width 159: "italic black boxes below."
      RenderBlock {P} at (0,76) size 784x20
        RenderText {#text} at (0,0) size 51x19
          text run at (0,0) width 51: "A A A A"
