layer at (0,0) size 800x7894
  RenderView at (0,0) size 800x600
layer at (0,0) size 800x7894
  RenderBlock {HTML} at (0,0) size 800x7894
    RenderBody {BODY} at (8,8) size 784x7878
      RenderBlock (anonymous) at (0,0) size 784x160
        RenderText {#text} at (0,0) size 781x79
          text run at (0,0) width 781: "This test is designed to test the interaction between font-family and font-weight. In particular, our implementation of font-"
          text run at (0,20) width 728: "family accepts PostScript names, which may name a font with a particular weight. However, there is another CSS"
          text run at (0,40) width 769: "property, font-weight, in which the author may also name a particular weight. Our font selection algorithm takes both of"
          text run at (0,60) width 305: "these signals into account when choosing fonts."
        RenderBR {BR} at (304,60) size 1x19
        RenderBR {BR} at (0,80) size 0x19
        RenderText {#text} at (0,100) size 768x59
          text run at (0,100) width 768: "There is currently no good way in JavaScript to find the actual font chosen for some text. Therefore, the best way to test"
          text run at (0,120) width 732: "this aspect of the font selection algorithm is to dump the render tree, therefore testing glyph advances (which are a"
          text run at (0,140) width 159: "property of font weight)."
      RenderBlock {DIV} at (0,160) size 784x20
        RenderText {#text} at (0,0) size 303x19
          text run at (0,0) width 303: "Font: Helvetica Neue Weight: 100 Style: normal"
      RenderBlock {DIV} at (0,180) size 784x21
        RenderText {#text} at (0,0) size 315x20
          text run at (0,0) width 315: "Font: Helvetica Neue Weight: 200 Style: normal"
      RenderBlock {DIV} at (0,201) size 784x21
        RenderText {#text} at (0,0) size 325x20
          text run at (0,0) width 325: "Font: Helvetica Neue Weight: 300 Style: normal"
      RenderBlock {DIV} at (0,222) size 784x21
        RenderText {#text} at (0,0) size 337x20
          text run at (0,0) width 337: "Font: Helvetica Neue Weight: 400 Style: normal"
      RenderBlock {DIV} at (0,243) size 784x21
        RenderText {#text} at (0,0) size 347x20
          text run at (0,0) width 347: "Font: Helvetica Neue Weight: 500 Style: normal"
      RenderBlock {DIV} at (0,264) size 784x21
        RenderText {#text} at (0,0) size 355x20
          text run at (0,0) width 355: "Font: Helvetica Neue Weight: 600 Style: normal"
      RenderBlock {DIV} at (0,285) size 784x21
        RenderText {#text} at (0,0) size 355x20
          text run at (0,0) width 355: "Font: Helvetica Neue Weight: 700 Style: normal"
      RenderBlock {DIV} at (0,306) size 784x21
        RenderText {#text} at (0,0) size 355x20
          text run at (0,0) width 355: "Font: Helvetica Neue Weight: 800 Style: normal"
      RenderBlock {DIV} at (0,327) size 784x21
        RenderText {#text} at (0,0) size 355x20
          text run at (0,0) width 355: "Font: Helvetica Neue Weight: 900 Style: normal"
      RenderBlock {DIV} at (0,348) size 784x20
        RenderText {#text} at (0,0) size 362x19
          text run at (0,0) width 362: "Font: HelveticaNeue-UltraLight Weight: 100 Style: normal"
      RenderBlock {DIV} at (0,368) size 784x20
        RenderText {#text} at (0,0) size 362x19
          text run at (0,0) width 362: "Font: HelveticaNeue-UltraLight Weight: 200 Style: normal"
      RenderBlock {DIV} at (0,388) size 784x20
        RenderText {#text} at (0,0) size 362x19
          text run at (0,0) width 362: "Font: HelveticaNeue-UltraLight Weight: 300 Style: normal"
      RenderBlock {DIV} at (0,408) size 784x20
        RenderText {#text} at (0,0) size 362x19
          text run at (0,0) width 362: "Font: HelveticaNeue-UltraLight Weight: 400 Style: normal"
      RenderBlock {DIV} at (0,428) size 784x20
        RenderText {#text} at (0,0) size 362x19
          text run at (0,0) width 362: "Font: HelveticaNeue-UltraLight Weight: 500 Style: normal"
      RenderBlock {DIV} at (0,448) size 784x21
        RenderText {#text} at (0,0) size 433x20
          text run at (0,0) width 433: "Font: HelveticaNeue-UltraLight Weight: 600 Style: normal"
      RenderBlock {DIV} at (0,469) size 784x21
        RenderText {#text} at (0,0) size 433x20
          text run at (0,0) width 433: "Font: HelveticaNeue-UltraLight Weight: 700 Style: normal"
      RenderBlock {DIV} at (0,490) size 784x21
        RenderText {#text} at (0,0) size 433x20
          text run at (0,0) width 433: "Font: HelveticaNeue-UltraLight Weight: 800 Style: normal"
      RenderBlock {DIV} at (0,511) size 784x21
        RenderText {#text} at (0,0) size 433x20
          text run at (0,0) width 433: "Font: HelveticaNeue-UltraLight Weight: 900 Style: normal"
      RenderBlock {DIV} at (0,532) size 784x21
        RenderText {#text} at (0,0) size 361x20
          text run at (0,0) width 361: "Font: HelveticaNeue-Light Weight: 100 Style: normal"
      RenderBlock {DIV} at (0,553) size 784x21
        RenderText {#text} at (0,0) size 361x20
          text run at (0,0) width 361: "Font: HelveticaNeue-Light Weight: 200 Style: normal"
      RenderBlock {DIV} at (0,574) size 784x21
        RenderText {#text} at (0,0) size 361x20
          text run at (0,0) width 361: "Font: HelveticaNeue-Light Weight: 300 Style: normal"
      RenderBlock {DIV} at (0,595) size 784x21
        RenderText {#text} at (0,0) size 361x20
          text run at (0,0) width 361: "Font: HelveticaNeue-Light Weight: 400 Style: normal"
      RenderBlock {DIV} at (0,616) size 784x21
        RenderText {#text} at (0,0) size 361x20
          text run at (0,0) width 361: "Font: HelveticaNeue-Light Weight: 500 Style: normal"
      RenderBlock {DIV} at (0,637) size 784x21
        RenderText {#text} at (0,0) size 396x20
          text run at (0,0) width 396: "Font: HelveticaNeue-Light Weight: 600 Style: normal"
      RenderBlock {DIV} at (0,658) size 784x21
        RenderText {#text} at (0,0) size 396x20
          text run at (0,0) width 396: "Font: HelveticaNeue-Light Weight: 700 Style: normal"
      RenderBlock {DIV} at (0,679) size 784x21
        RenderText {#text} at (0,0) size 396x20
          text run at (0,0) width 396: "Font: HelveticaNeue-Light Weight: 800 Style: normal"
      RenderBlock {DIV} at (0,700) size 784x21
        RenderText {#text} at (0,0) size 396x20
          text run at (0,0) width 396: "Font: HelveticaNeue-Light Weight: 900 Style: normal"
      RenderBlock {DIV} at (0,721) size 784x21
        RenderText {#text} at (0,0) size 333x20
          text run at (0,0) width 333: "Font: HelveticaNeue Weight: 100 Style: normal"
      RenderBlock {DIV} at (0,742) size 784x21
        RenderText {#text} at (0,0) size 333x20
          text run at (0,0) width 333: "Font: HelveticaNeue Weight: 200 Style: normal"
      RenderBlock {DIV} at (0,763) size 784x21
        RenderText {#text} at (0,0) size 333x20
          text run at (0,0) width 333: "Font: HelveticaNeue Weight: 300 Style: normal"
      RenderBlock {DIV} at (0,784) size 784x21
        RenderText {#text} at (0,0) size 333x20
          text run at (0,0) width 333: "Font: HelveticaNeue Weight: 400 Style: normal"
      RenderBlock {DIV} at (0,805) size 784x21
        RenderText {#text} at (0,0) size 333x20
          text run at (0,0) width 333: "Font: HelveticaNeue Weight: 500 Style: normal"
      RenderBlock {DIV} at (0,826) size 784x21
        RenderText {#text} at (0,0) size 351x20
          text run at (0,0) width 351: "Font: HelveticaNeue Weight: 600 Style: normal"
      RenderBlock {DIV} at (0,847) size 784x21
        RenderText {#text} at (0,0) size 351x20
          text run at (0,0) width 351: "Font: HelveticaNeue Weight: 700 Style: normal"
      RenderBlock {DIV} at (0,868) size 784x21
        RenderText {#text} at (0,0) size 351x20
          text run at (0,0) width 351: "Font: HelveticaNeue Weight: 800 Style: normal"
      RenderBlock {DIV} at (0,889) size 784x21
        RenderText {#text} at (0,0) size 351x20
          text run at (0,0) width 351: "Font: HelveticaNeue Weight: 900 Style: normal"
      RenderBlock {DIV} at (0,910) size 784x21
        RenderText {#text} at (0,0) size 409x20
          text run at (0,0) width 409: "Font: HelveticaNeue-Medium Weight: 100 Style: normal"
      RenderBlock {DIV} at (0,931) size 784x21
        RenderText {#text} at (0,0) size 409x20
          text run at (0,0) width 409: "Font: HelveticaNeue-Medium Weight: 200 Style: normal"
      RenderBlock {DIV} at (0,952) size 784x21
        RenderText {#text} at (0,0) size 409x20
          text run at (0,0) width 409: "Font: HelveticaNeue-Medium Weight: 300 Style: normal"
      RenderBlock {DIV} at (0,973) size 784x21
        RenderText {#text} at (0,0) size 409x20
          text run at (0,0) width 409: "Font: HelveticaNeue-Medium Weight: 400 Style: normal"
      RenderBlock {DIV} at (0,994) size 784x21
        RenderText {#text} at (0,0) size 409x20
          text run at (0,0) width 409: "Font: HelveticaNeue-Medium Weight: 500 Style: normal"
      RenderBlock {DIV} at (0,1015) size 784x21
        RenderText {#text} at (0,0) size 419x20
          text run at (0,0) width 419: "Font: HelveticaNeue-Medium Weight: 600 Style: normal"
      RenderBlock {DIV} at (0,1036) size 784x21
        RenderText {#text} at (0,0) size 419x20
          text run at (0,0) width 419: "Font: HelveticaNeue-Medium Weight: 700 Style: normal"
      RenderBlock {DIV} at (0,1057) size 784x21
        RenderText {#text} at (0,0) size 419x20
          text run at (0,0) width 419: "Font: HelveticaNeue-Medium Weight: 800 Style: normal"
      RenderBlock {DIV} at (0,1078) size 784x21
        RenderText {#text} at (0,0) size 419x20
          text run at (0,0) width 419: "Font: HelveticaNeue-Medium Weight: 900 Style: normal"
      RenderBlock {DIV} at (0,1099) size 784x21
        RenderText {#text} at (0,0) size 392x20
          text run at (0,0) width 392: "Font: HelveticaNeue-Bold Weight: 100 Style: normal"
      RenderBlock {DIV} at (0,1120) size 784x21
        RenderText {#text} at (0,0) size 392x20
          text run at (0,0) width 392: "Font: HelveticaNeue-Bold Weight: 200 Style: normal"
      RenderBlock {DIV} at (0,1141) size 784x21
        RenderText {#text} at (0,0) size 392x20
          text run at (0,0) width 392: "Font: HelveticaNeue-Bold Weight: 300 Style: normal"
      RenderBlock {DIV} at (0,1162) size 784x21
        RenderText {#text} at (0,0) size 392x20
          text run at (0,0) width 392: "Font: HelveticaNeue-Bold Weight: 400 Style: normal"
      RenderBlock {DIV} at (0,1183) size 784x21
        RenderText {#text} at (0,0) size 392x20
          text run at (0,0) width 392: "Font: HelveticaNeue-Bold Weight: 500 Style: normal"
      RenderBlock {DIV} at (0,1204) size 784x21
        RenderText {#text} at (0,0) size 392x20
          text run at (0,0) width 392: "Font: HelveticaNeue-Bold Weight: 600 Style: normal"
      RenderBlock {DIV} at (0,1225) size 784x21
        RenderText {#text} at (0,0) size 392x20
          text run at (0,0) width 392: "Font: HelveticaNeue-Bold Weight: 700 Style: normal"
      RenderBlock {DIV} at (0,1246) size 784x21
        RenderText {#text} at (0,0) size 392x20
          text run at (0,0) width 392: "Font: HelveticaNeue-Bold Weight: 800 Style: normal"
      RenderBlock {DIV} at (0,1267) size 784x21
        RenderText {#text} at (0,0) size 392x20
          text run at (0,0) width 392: "Font: HelveticaNeue-Bold Weight: 900 Style: normal"
      RenderBlock {DIV} at (0,1288) size 784x20
        RenderText {#text} at (0,0) size 388x19
          text run at (0,0) width 388: "Font: HelveticaNeue-UltraLightItalic Weight: 100 Style: normal"
      RenderBlock {DIV} at (0,1308) size 784x20
        RenderText {#text} at (0,0) size 388x19
          text run at (0,0) width 388: "Font: HelveticaNeue-UltraLightItalic Weight: 200 Style: normal"
      RenderBlock {DIV} at (0,1328) size 784x20
        RenderText {#text} at (0,0) size 388x19
          text run at (0,0) width 388: "Font: HelveticaNeue-UltraLightItalic Weight: 300 Style: normal"
      RenderBlock {DIV} at (0,1348) size 784x20
        RenderText {#text} at (0,0) size 388x19
          text run at (0,0) width 388: "Font: HelveticaNeue-UltraLightItalic Weight: 400 Style: normal"
      RenderBlock {DIV} at (0,1368) size 784x20
        RenderText {#text} at (0,0) size 388x19
          text run at (0,0) width 388: "Font: HelveticaNeue-UltraLightItalic Weight: 500 Style: normal"
      RenderBlock {DIV} at (0,1388) size 784x21
        RenderText {#text} at (0,0) size 470x20
          text run at (0,0) width 470: "Font: HelveticaNeue-UltraLightItalic Weight: 600 Style: normal"
      RenderBlock {DIV} at (0,1409) size 784x21
        RenderText {#text} at (0,0) size 470x20
          text run at (0,0) width 470: "Font: HelveticaNeue-UltraLightItalic Weight: 700 Style: normal"
      RenderBlock {DIV} at (0,1430) size 784x21
        RenderText {#text} at (0,0) size 470x20
          text run at (0,0) width 470: "Font: HelveticaNeue-UltraLightItalic Weight: 800 Style: normal"
      RenderBlock {DIV} at (0,1451) size 784x21
        RenderText {#text} at (0,0) size 470x20
          text run at (0,0) width 470: "Font: HelveticaNeue-UltraLightItalic Weight: 900 Style: normal"
      RenderBlock {DIV} at (0,1472) size 784x21
        RenderText {#text} at (0,0) size 391x20
          text run at (0,0) width 391: "Font: HelveticaNeue-LightItalic Weight: 100 Style: normal"
      RenderBlock {DIV} at (0,1493) size 784x21
        RenderText {#text} at (0,0) size 391x20
          text run at (0,0) width 391: "Font: HelveticaNeue-LightItalic Weight: 200 Style: normal"
      RenderBlock {DIV} at (0,1514) size 784x21
        RenderText {#text} at (0,0) size 391x20
          text run at (0,0) width 391: "Font: HelveticaNeue-LightItalic Weight: 300 Style: normal"
      RenderBlock {DIV} at (0,1535) size 784x21
        RenderText {#text} at (0,0) size 391x20
          text run at (0,0) width 391: "Font: HelveticaNeue-LightItalic Weight: 400 Style: normal"
      RenderBlock {DIV} at (0,1556) size 784x21
        RenderText {#text} at (0,0) size 391x20
          text run at (0,0) width 391: "Font: HelveticaNeue-LightItalic Weight: 500 Style: normal"
      RenderBlock {DIV} at (0,1577) size 784x21
        RenderText {#text} at (0,0) size 433x20
          text run at (0,0) width 433: "Font: HelveticaNeue-LightItalic Weight: 600 Style: normal"
      RenderBlock {DIV} at (0,1598) size 784x21
        RenderText {#text} at (0,0) size 433x20
          text run at (0,0) width 433: "Font: HelveticaNeue-LightItalic Weight: 700 Style: normal"
      RenderBlock {DIV} at (0,1619) size 784x21
        RenderText {#text} at (0,0) size 433x20
          text run at (0,0) width 433: "Font: HelveticaNeue-LightItalic Weight: 800 Style: normal"
      RenderBlock {DIV} at (0,1640) size 784x21
        RenderText {#text} at (0,0) size 433x20
          text run at (0,0) width 433: "Font: HelveticaNeue-LightItalic Weight: 900 Style: normal"
      RenderBlock {DIV} at (0,1661) size 784x21
        RenderText {#text} at (0,0) size 371x20
          text run at (0,0) width 371: "Font: HelveticaNeue-Italic Weight: 100 Style: normal"
      RenderBlock {DIV} at (0,1682) size 784x21
        RenderText {#text} at (0,0) size 371x20
          text run at (0,0) width 371: "Font: HelveticaNeue-Italic Weight: 200 Style: normal"
      RenderBlock {DIV} at (0,1703) size 784x21
        RenderText {#text} at (0,0) size 371x20
          text run at (0,0) width 371: "Font: HelveticaNeue-Italic Weight: 300 Style: normal"
      RenderBlock {DIV} at (0,1724) size 784x21
        RenderText {#text} at (0,0) size 371x20
          text run at (0,0) width 371: "Font: HelveticaNeue-Italic Weight: 400 Style: normal"
      RenderBlock {DIV} at (0,1745) size 784x21
        RenderText {#text} at (0,0) size 371x20
          text run at (0,0) width 371: "Font: HelveticaNeue-Italic Weight: 500 Style: normal"
      RenderBlock {DIV} at (0,1766) size 784x21
        RenderText {#text} at (0,0) size 394x20
          text run at (0,0) width 394: "Font: HelveticaNeue-Italic Weight: 600 Style: normal"
      RenderBlock {DIV} at (0,1787) size 784x21
        RenderText {#text} at (0,0) size 394x20
          text run at (0,0) width 394: "Font: HelveticaNeue-Italic Weight: 700 Style: normal"
      RenderBlock {DIV} at (0,1808) size 784x21
        RenderText {#text} at (0,0) size 394x20
          text run at (0,0) width 394: "Font: HelveticaNeue-Italic Weight: 800 Style: normal"
      RenderBlock {DIV} at (0,1829) size 784x21
        RenderText {#text} at (0,0) size 394x20
          text run at (0,0) width 394: "Font: HelveticaNeue-Italic Weight: 900 Style: normal"
      RenderBlock {DIV} at (0,1850) size 784x21
        RenderText {#text} at (0,0) size 431x20
          text run at (0,0) width 431: "Font: HelveticaNeue-BoldItalic Weight: 100 Style: normal"
      RenderBlock {DIV} at (0,1871) size 784x21
        RenderText {#text} at (0,0) size 431x20
          text run at (0,0) width 431: "Font: HelveticaNeue-BoldItalic Weight: 200 Style: normal"
      RenderBlock {DIV} at (0,1892) size 784x21
        RenderText {#text} at (0,0) size 431x20
          text run at (0,0) width 431: "Font: HelveticaNeue-BoldItalic Weight: 300 Style: normal"
      RenderBlock {DIV} at (0,1913) size 784x21
        RenderText {#text} at (0,0) size 431x20
          text run at (0,0) width 431: "Font: HelveticaNeue-BoldItalic Weight: 400 Style: normal"
      RenderBlock {DIV} at (0,1934) size 784x21
        RenderText {#text} at (0,0) size 431x20
          text run at (0,0) width 431: "Font: HelveticaNeue-BoldItalic Weight: 500 Style: normal"
      RenderBlock {DIV} at (0,1955) size 784x21
        RenderText {#text} at (0,0) size 431x20
          text run at (0,0) width 431: "Font: HelveticaNeue-BoldItalic Weight: 600 Style: normal"
      RenderBlock {DIV} at (0,1976) size 784x21
        RenderText {#text} at (0,0) size 431x20
          text run at (0,0) width 431: "Font: HelveticaNeue-BoldItalic Weight: 700 Style: normal"
      RenderBlock {DIV} at (0,1997) size 784x21
        RenderText {#text} at (0,0) size 431x20
          text run at (0,0) width 431: "Font: HelveticaNeue-BoldItalic Weight: 800 Style: normal"
      RenderBlock {DIV} at (0,2018) size 784x21
        RenderText {#text} at (0,0) size 431x20
          text run at (0,0) width 431: "Font: HelveticaNeue-BoldItalic Weight: 900 Style: normal"
      RenderBlock {DIV} at (0,2039) size 784x20
        RenderText {#text} at (0,0) size 287x19
          text run at (0,0) width 287: "Font: Helvetica Neue Weight: 100 Style: italic"
      RenderBlock {DIV} at (0,2059) size 784x21
        RenderText {#text} at (0,0) size 299x20
          text run at (0,0) width 299: "Font: Helvetica Neue Weight: 200 Style: italic"
      RenderBlock {DIV} at (0,2080) size 784x21
        RenderText {#text} at (0,0) size 308x20
          text run at (0,0) width 308: "Font: Helvetica Neue Weight: 300 Style: italic"
      RenderBlock {DIV} at (0,2101) size 784x21
        RenderText {#text} at (0,0) size 320x20
          text run at (0,0) width 320: "Font: Helvetica Neue Weight: 400 Style: italic"
      RenderBlock {DIV} at (0,2122) size 784x21
        RenderText {#text} at (0,0) size 329x20
          text run at (0,0) width 329: "Font: Helvetica Neue Weight: 500 Style: italic"
      RenderBlock {DIV} at (0,2143) size 784x21
        RenderText {#text} at (0,0) size 340x20
          text run at (0,0) width 340: "Font: Helvetica Neue Weight: 600 Style: italic"
      RenderBlock {DIV} at (0,2164) size 784x21
        RenderText {#text} at (0,0) size 340x20
          text run at (0,0) width 340: "Font: Helvetica Neue Weight: 700 Style: italic"
      RenderBlock {DIV} at (0,2185) size 784x21
        RenderText {#text} at (0,0) size 340x20
          text run at (0,0) width 340: "Font: Helvetica Neue Weight: 800 Style: italic"
      RenderBlock {DIV} at (0,2206) size 784x21
        RenderText {#text} at (0,0) size 340x20
          text run at (0,0) width 340: "Font: Helvetica Neue Weight: 900 Style: italic"
      RenderBlock {DIV} at (0,2227) size 784x20
        RenderText {#text} at (0,0) size 345x19
          text run at (0,0) width 345: "Font: HelveticaNeue-UltraLight Weight: 100 Style: italic"
      RenderBlock {DIV} at (0,2247) size 784x21
        RenderText {#text} at (0,0) size 361x20
          text run at (0,0) width 361: "Font: HelveticaNeue-UltraLight Weight: 200 Style: italic"
      RenderBlock {DIV} at (0,2268) size 784x21
        RenderText {#text} at (0,0) size 376x20
          text run at (0,0) width 376: "Font: HelveticaNeue-UltraLight Weight: 300 Style: italic"
      RenderBlock {DIV} at (0,2289) size 784x21
        RenderText {#text} at (0,0) size 391x20
          text run at (0,0) width 391: "Font: HelveticaNeue-UltraLight Weight: 400 Style: italic"
      RenderBlock {DIV} at (0,2310) size 784x21
        RenderText {#text} at (0,0) size 404x20
          text run at (0,0) width 404: "Font: HelveticaNeue-UltraLight Weight: 500 Style: italic"
      RenderBlock {DIV} at (0,2331) size 784x21
        RenderText {#text} at (0,0) size 418x20
          text run at (0,0) width 418: "Font: HelveticaNeue-UltraLight Weight: 600 Style: italic"
      RenderBlock {DIV} at (0,2352) size 784x21
        RenderText {#text} at (0,0) size 418x20
          text run at (0,0) width 418: "Font: HelveticaNeue-UltraLight Weight: 700 Style: italic"
      RenderBlock {DIV} at (0,2373) size 784x21
        RenderText {#text} at (0,0) size 418x20
          text run at (0,0) width 418: "Font: HelveticaNeue-UltraLight Weight: 800 Style: italic"
      RenderBlock {DIV} at (0,2394) size 784x21
        RenderText {#text} at (0,0) size 418x20
          text run at (0,0) width 418: "Font: HelveticaNeue-UltraLight Weight: 900 Style: italic"
      RenderBlock {DIV} at (0,2415) size 784x20
        RenderText {#text} at (0,0) size 317x19
          text run at (0,0) width 317: "Font: HelveticaNeue-Light Weight: 100 Style: italic"
      RenderBlock {DIV} at (0,2435) size 784x21
        RenderText {#text} at (0,0) size 331x20
          text run at (0,0) width 331: "Font: HelveticaNeue-Light Weight: 200 Style: italic"
      RenderBlock {DIV} at (0,2456) size 784x21
        RenderText {#text} at (0,0) size 344x20
          text run at (0,0) width 344: "Font: HelveticaNeue-Light Weight: 300 Style: italic"
      RenderBlock {DIV} at (0,2477) size 784x21
        RenderText {#text} at (0,0) size 357x20
          text run at (0,0) width 357: "Font: HelveticaNeue-Light Weight: 400 Style: italic"
      RenderBlock {DIV} at (0,2498) size 784x21
        RenderText {#text} at (0,0) size 368x20
          text run at (0,0) width 368: "Font: HelveticaNeue-Light Weight: 500 Style: italic"
      RenderBlock {DIV} at (0,2519) size 784x21
        RenderText {#text} at (0,0) size 381x20
          text run at (0,0) width 381: "Font: HelveticaNeue-Light Weight: 600 Style: italic"
      RenderBlock {DIV} at (0,2540) size 784x21
        RenderText {#text} at (0,0) size 381x20
          text run at (0,0) width 381: "Font: HelveticaNeue-Light Weight: 700 Style: italic"
      RenderBlock {DIV} at (0,2561) size 784x21
        RenderText {#text} at (0,0) size 381x20
          text run at (0,0) width 381: "Font: HelveticaNeue-Light Weight: 800 Style: italic"
      RenderBlock {DIV} at (0,2582) size 784x21
        RenderText {#text} at (0,0) size 381x20
          text run at (0,0) width 381: "Font: HelveticaNeue-Light Weight: 900 Style: italic"
      RenderBlock {DIV} at (0,2603) size 784x20
        RenderText {#text} at (0,0) size 282x19
          text run at (0,0) width 282: "Font: HelveticaNeue Weight: 100 Style: italic"
      RenderBlock {DIV} at (0,2623) size 784x21
        RenderText {#text} at (0,0) size 294x20
          text run at (0,0) width 294: "Font: HelveticaNeue Weight: 200 Style: italic"
      RenderBlock {DIV} at (0,2644) size 784x21
        RenderText {#text} at (0,0) size 304x20
          text run at (0,0) width 304: "Font: HelveticaNeue Weight: 300 Style: italic"
      RenderBlock {DIV} at (0,2665) size 784x21
        RenderText {#text} at (0,0) size 315x20
          text run at (0,0) width 315: "Font: HelveticaNeue Weight: 400 Style: italic"
      RenderBlock {DIV} at (0,2686) size 784x21
        RenderText {#text} at (0,0) size 325x20
          text run at (0,0) width 325: "Font: HelveticaNeue Weight: 500 Style: italic"
      RenderBlock {DIV} at (0,2707) size 784x21
        RenderText {#text} at (0,0) size 336x20
          text run at (0,0) width 336: "Font: HelveticaNeue Weight: 600 Style: italic"
      RenderBlock {DIV} at (0,2728) size 784x21
        RenderText {#text} at (0,0) size 336x20
          text run at (0,0) width 336: "Font: HelveticaNeue Weight: 700 Style: italic"
      RenderBlock {DIV} at (0,2749) size 784x21
        RenderText {#text} at (0,0) size 336x20
          text run at (0,0) width 336: "Font: HelveticaNeue Weight: 800 Style: italic"
      RenderBlock {DIV} at (0,2770) size 784x21
        RenderText {#text} at (0,0) size 336x20
          text run at (0,0) width 336: "Font: HelveticaNeue Weight: 900 Style: italic"
      RenderBlock {DIV} at (0,2791) size 784x20
        RenderText {#text} at (0,0) size 339x19
          text run at (0,0) width 339: "Font: HelveticaNeue-Medium Weight: 100 Style: italic"
      RenderBlock {DIV} at (0,2811) size 784x21
        RenderText {#text} at (0,0) size 354x20
          text run at (0,0) width 354: "Font: HelveticaNeue-Medium Weight: 200 Style: italic"
      RenderBlock {DIV} at (0,2832) size 784x21
        RenderText {#text} at (0,0) size 366x20
          text run at (0,0) width 366: "Font: HelveticaNeue-Medium Weight: 300 Style: italic"
      RenderBlock {DIV} at (0,2853) size 784x21
        RenderText {#text} at (0,0) size 379x20
          text run at (0,0) width 379: "Font: HelveticaNeue-Medium Weight: 400 Style: italic"
      RenderBlock {DIV} at (0,2874) size 784x21
        RenderText {#text} at (0,0) size 391x20
          text run at (0,0) width 391: "Font: HelveticaNeue-Medium Weight: 500 Style: italic"
      RenderBlock {DIV} at (0,2895) size 784x21
        RenderText {#text} at (0,0) size 404x20
          text run at (0,0) width 404: "Font: HelveticaNeue-Medium Weight: 600 Style: italic"
      RenderBlock {DIV} at (0,2916) size 784x21
        RenderText {#text} at (0,0) size 404x20
          text run at (0,0) width 404: "Font: HelveticaNeue-Medium Weight: 700 Style: italic"
      RenderBlock {DIV} at (0,2937) size 784x21
        RenderText {#text} at (0,0) size 404x20
          text run at (0,0) width 404: "Font: HelveticaNeue-Medium Weight: 800 Style: italic"
      RenderBlock {DIV} at (0,2958) size 784x21
        RenderText {#text} at (0,0) size 404x20
          text run at (0,0) width 404: "Font: HelveticaNeue-Medium Weight: 900 Style: italic"
      RenderBlock {DIV} at (0,2979) size 784x20
        RenderText {#text} at (0,0) size 316x19
          text run at (0,0) width 316: "Font: HelveticaNeue-Bold Weight: 100 Style: italic"
      RenderBlock {DIV} at (0,2999) size 784x21
        RenderText {#text} at (0,0) size 330x20
          text run at (0,0) width 330: "Font: HelveticaNeue-Bold Weight: 200 Style: italic"
      RenderBlock {DIV} at (0,3020) size 784x21
        RenderText {#text} at (0,0) size 342x20
          text run at (0,0) width 342: "Font: HelveticaNeue-Bold Weight: 300 Style: italic"
      RenderBlock {DIV} at (0,3041) size 784x21
        RenderText {#text} at (0,0) size 355x20
          text run at (0,0) width 355: "Font: HelveticaNeue-Bold Weight: 400 Style: italic"
      RenderBlock {DIV} at (0,3062) size 784x21
        RenderText {#text} at (0,0) size 365x20
          text run at (0,0) width 365: "Font: HelveticaNeue-Bold Weight: 500 Style: italic"
      RenderBlock {DIV} at (0,3083) size 784x21
        RenderText {#text} at (0,0) size 377x20
          text run at (0,0) width 377: "Font: HelveticaNeue-Bold Weight: 600 Style: italic"
      RenderBlock {DIV} at (0,3104) size 784x21
        RenderText {#text} at (0,0) size 377x20
          text run at (0,0) width 377: "Font: HelveticaNeue-Bold Weight: 700 Style: italic"
      RenderBlock {DIV} at (0,3125) size 784x21
        RenderText {#text} at (0,0) size 377x20
          text run at (0,0) width 377: "Font: HelveticaNeue-Bold Weight: 800 Style: italic"
      RenderBlock {DIV} at (0,3146) size 784x21
        RenderText {#text} at (0,0) size 377x20
          text run at (0,0) width 377: "Font: HelveticaNeue-Bold Weight: 900 Style: italic"
      RenderBlock {DIV} at (0,3167) size 784x20
        RenderText {#text} at (0,0) size 372x19
          text run at (0,0) width 372: "Font: HelveticaNeue-UltraLightItalic Weight: 100 Style: italic"
      RenderBlock {DIV} at (0,3187) size 784x20
        RenderText {#text} at (0,0) size 372x19
          text run at (0,0) width 372: "Font: HelveticaNeue-UltraLightItalic Weight: 200 Style: italic"
      RenderBlock {DIV} at (0,3207) size 784x20
        RenderText {#text} at (0,0) size 372x19
          text run at (0,0) width 372: "Font: HelveticaNeue-UltraLightItalic Weight: 300 Style: italic"
      RenderBlock {DIV} at (0,3227) size 784x20
        RenderText {#text} at (0,0) size 372x19
          text run at (0,0) width 372: "Font: HelveticaNeue-UltraLightItalic Weight: 400 Style: italic"
      RenderBlock {DIV} at (0,3247) size 784x20
        RenderText {#text} at (0,0) size 372x19
          text run at (0,0) width 372: "Font: HelveticaNeue-UltraLightItalic Weight: 500 Style: italic"
      RenderBlock {DIV} at (0,3267) size 784x21
        RenderText {#text} at (0,0) size 455x20
          text run at (0,0) width 455: "Font: HelveticaNeue-UltraLightItalic Weight: 600 Style: italic"
      RenderBlock {DIV} at (0,3288) size 784x21
        RenderText {#text} at (0,0) size 455x20
          text run at (0,0) width 455: "Font: HelveticaNeue-UltraLightItalic Weight: 700 Style: italic"
      RenderBlock {DIV} at (0,3309) size 784x21
        RenderText {#text} at (0,0) size 455x20
          text run at (0,0) width 455: "Font: HelveticaNeue-UltraLightItalic Weight: 800 Style: italic"
      RenderBlock {DIV} at (0,3330) size 784x21
        RenderText {#text} at (0,0) size 455x20
          text run at (0,0) width 455: "Font: HelveticaNeue-UltraLightItalic Weight: 900 Style: italic"
      RenderBlock {DIV} at (0,3351) size 784x21
        RenderText {#text} at (0,0) size 375x20
          text run at (0,0) width 375: "Font: HelveticaNeue-LightItalic Weight: 100 Style: italic"
      RenderBlock {DIV} at (0,3372) size 784x21
        RenderText {#text} at (0,0) size 375x20
          text run at (0,0) width 375: "Font: HelveticaNeue-LightItalic Weight: 200 Style: italic"
      RenderBlock {DIV} at (0,3393) size 784x21
        RenderText {#text} at (0,0) size 375x20
          text run at (0,0) width 375: "Font: HelveticaNeue-LightItalic Weight: 300 Style: italic"
      RenderBlock {DIV} at (0,3414) size 784x21
        RenderText {#text} at (0,0) size 375x20
          text run at (0,0) width 375: "Font: HelveticaNeue-LightItalic Weight: 400 Style: italic"
      RenderBlock {DIV} at (0,3435) size 784x21
        RenderText {#text} at (0,0) size 375x20
          text run at (0,0) width 375: "Font: HelveticaNeue-LightItalic Weight: 500 Style: italic"
      RenderBlock {DIV} at (0,3456) size 784x21
        RenderText {#text} at (0,0) size 418x20
          text run at (0,0) width 418: "Font: HelveticaNeue-LightItalic Weight: 600 Style: italic"
      RenderBlock {DIV} at (0,3477) size 784x21
        RenderText {#text} at (0,0) size 418x20
          text run at (0,0) width 418: "Font: HelveticaNeue-LightItalic Weight: 700 Style: italic"
      RenderBlock {DIV} at (0,3498) size 784x21
        RenderText {#text} at (0,0) size 418x20
          text run at (0,0) width 418: "Font: HelveticaNeue-LightItalic Weight: 800 Style: italic"
      RenderBlock {DIV} at (0,3519) size 784x21
        RenderText {#text} at (0,0) size 418x20
          text run at (0,0) width 418: "Font: HelveticaNeue-LightItalic Weight: 900 Style: italic"
      RenderBlock {DIV} at (0,3540) size 784x21
        RenderText {#text} at (0,0) size 355x20
          text run at (0,0) width 355: "Font: HelveticaNeue-Italic Weight: 100 Style: italic"
      RenderBlock {DIV} at (0,3561) size 784x21
        RenderText {#text} at (0,0) size 355x20
          text run at (0,0) width 355: "Font: HelveticaNeue-Italic Weight: 200 Style: italic"
      RenderBlock {DIV} at (0,3582) size 784x21
        RenderText {#text} at (0,0) size 355x20
          text run at (0,0) width 355: "Font: HelveticaNeue-Italic Weight: 300 Style: italic"
      RenderBlock {DIV} at (0,3603) size 784x21
        RenderText {#text} at (0,0) size 355x20
          text run at (0,0) width 355: "Font: HelveticaNeue-Italic Weight: 400 Style: italic"
      RenderBlock {DIV} at (0,3624) size 784x21
        RenderText {#text} at (0,0) size 355x20
          text run at (0,0) width 355: "Font: HelveticaNeue-Italic Weight: 500 Style: italic"
      RenderBlock {DIV} at (0,3645) size 784x21
        RenderText {#text} at (0,0) size 379x20
          text run at (0,0) width 379: "Font: HelveticaNeue-Italic Weight: 600 Style: italic"
      RenderBlock {DIV} at (0,3666) size 784x21
        RenderText {#text} at (0,0) size 379x20
          text run at (0,0) width 379: "Font: HelveticaNeue-Italic Weight: 700 Style: italic"
      RenderBlock {DIV} at (0,3687) size 784x21
        RenderText {#text} at (0,0) size 379x20
          text run at (0,0) width 379: "Font: HelveticaNeue-Italic Weight: 800 Style: italic"
      RenderBlock {DIV} at (0,3708) size 784x21
        RenderText {#text} at (0,0) size 379x20
          text run at (0,0) width 379: "Font: HelveticaNeue-Italic Weight: 900 Style: italic"
      RenderBlock {DIV} at (0,3729) size 784x21
        RenderText {#text} at (0,0) size 414x20
          text run at (0,0) width 414: "Font: HelveticaNeue-BoldItalic Weight: 100 Style: italic"
      RenderBlock {DIV} at (0,3750) size 784x21
        RenderText {#text} at (0,0) size 414x20
          text run at (0,0) width 414: "Font: HelveticaNeue-BoldItalic Weight: 200 Style: italic"
      RenderBlock {DIV} at (0,3771) size 784x21
        RenderText {#text} at (0,0) size 414x20
          text run at (0,0) width 414: "Font: HelveticaNeue-BoldItalic Weight: 300 Style: italic"
      RenderBlock {DIV} at (0,3792) size 784x21
        RenderText {#text} at (0,0) size 414x20
          text run at (0,0) width 414: "Font: HelveticaNeue-BoldItalic Weight: 400 Style: italic"
      RenderBlock {DIV} at (0,3813) size 784x21
        RenderText {#text} at (0,0) size 414x20
          text run at (0,0) width 414: "Font: HelveticaNeue-BoldItalic Weight: 500 Style: italic"
      RenderBlock {DIV} at (0,3834) size 784x21
        RenderText {#text} at (0,0) size 414x20
          text run at (0,0) width 414: "Font: HelveticaNeue-BoldItalic Weight: 600 Style: italic"
      RenderBlock {DIV} at (0,3855) size 784x21
        RenderText {#text} at (0,0) size 414x20
          text run at (0,0) width 414: "Font: HelveticaNeue-BoldItalic Weight: 700 Style: italic"
      RenderBlock {DIV} at (0,3876) size 784x21
        RenderText {#text} at (0,0) size 414x20
          text run at (0,0) width 414: "Font: HelveticaNeue-BoldItalic Weight: 800 Style: italic"
      RenderBlock {DIV} at (0,3897) size 784x21
        RenderText {#text} at (0,0) size 414x20
          text run at (0,0) width 414: "Font: HelveticaNeue-BoldItalic Weight: 900 Style: italic"
      RenderBlock {DIV} at (0,3918) size 784x22
        RenderText {#text} at (0,0) size 272x22
          text run at (0,0) width 272: "Font: Avenir Weight: 100 Style: normal"
      RenderBlock {DIV} at (0,3940) size 784x22
        RenderText {#text} at (0,0) size 272x22
          text run at (0,0) width 272: "Font: Avenir Weight: 200 Style: normal"
      RenderBlock {DIV} at (0,3962) size 784x22
        RenderText {#text} at (0,0) size 272x22
          text run at (0,0) width 272: "Font: Avenir Weight: 300 Style: normal"
      RenderBlock {DIV} at (0,3984) size 784x22
        RenderText {#text} at (0,0) size 277x22
          text run at (0,0) width 277: "Font: Avenir Weight: 400 Style: normal"
      RenderBlock {DIV} at (0,4006) size 784x22
        RenderText {#text} at (0,0) size 280x22
          text run at (0,0) width 280: "Font: Avenir Weight: 500 Style: normal"
      RenderBlock {DIV} at (0,4028) size 784x22
        RenderText {#text} at (0,0) size 296x22
          text run at (0,0) width 296: "Font: Avenir Weight: 600 Style: normal"
      RenderBlock {DIV} at (0,4050) size 784x22
        RenderText {#text} at (0,0) size 296x22
          text run at (0,0) width 296: "Font: Avenir Weight: 700 Style: normal"
      RenderBlock {DIV} at (0,4072) size 784x22
        RenderText {#text} at (0,0) size 296x22
          text run at (0,0) width 296: "Font: Avenir Weight: 800 Style: normal"
      RenderBlock {DIV} at (0,4094) size 784x22
        RenderText {#text} at (0,0) size 293x22
          text run at (0,0) width 293: "Font: Avenir Weight: 900 Style: normal"
      RenderBlock {DIV} at (0,4116) size 784x22
        RenderText {#text} at (0,0) size 312x22
          text run at (0,0) width 312: "Font: Avenir-Light Weight: 100 Style: normal"
      RenderBlock {DIV} at (0,4138) size 784x22
        RenderText {#text} at (0,0) size 312x22
          text run at (0,0) width 312: "Font: Avenir-Light Weight: 200 Style: normal"
      RenderBlock {DIV} at (0,4160) size 784x22
        RenderText {#text} at (0,0) size 312x22
          text run at (0,0) width 312: "Font: Avenir-Light Weight: 300 Style: normal"
      RenderBlock {DIV} at (0,4182) size 784x22
        RenderText {#text} at (0,0) size 312x22
          text run at (0,0) width 312: "Font: Avenir-Light Weight: 400 Style: normal"
      RenderBlock {DIV} at (0,4204) size 784x22
        RenderText {#text} at (0,0) size 312x22
          text run at (0,0) width 312: "Font: Avenir-Light Weight: 500 Style: normal"
      RenderBlock {DIV} at (0,4226) size 784x22
        RenderText {#text} at (0,0) size 339x22
          text run at (0,0) width 339: "Font: Avenir-Light Weight: 600 Style: normal"
      RenderBlock {DIV} at (0,4248) size 784x22
        RenderText {#text} at (0,0) size 339x22
          text run at (0,0) width 339: "Font: Avenir-Light Weight: 700 Style: normal"
      RenderBlock {DIV} at (0,4270) size 784x22
        RenderText {#text} at (0,0) size 339x22
          text run at (0,0) width 339: "Font: Avenir-Light Weight: 800 Style: normal"
      RenderBlock {DIV} at (0,4292) size 784x22
        RenderText {#text} at (0,0) size 335x22
          text run at (0,0) width 335: "Font: Avenir-Light Weight: 900 Style: normal"
      RenderBlock {DIV} at (0,4314) size 784x22
        RenderText {#text} at (0,0) size 318x22
          text run at (0,0) width 318: "Font: Avenir-Book Weight: 100 Style: normal"
      RenderBlock {DIV} at (0,4336) size 784x22
        RenderText {#text} at (0,0) size 318x22
          text run at (0,0) width 318: "Font: Avenir-Book Weight: 200 Style: normal"
      RenderBlock {DIV} at (0,4358) size 784x22
        RenderText {#text} at (0,0) size 318x22
          text run at (0,0) width 318: "Font: Avenir-Book Weight: 300 Style: normal"
      RenderBlock {DIV} at (0,4380) size 784x22
        RenderText {#text} at (0,0) size 318x22
          text run at (0,0) width 318: "Font: Avenir-Book Weight: 400 Style: normal"
      RenderBlock {DIV} at (0,4402) size 784x22
        RenderText {#text} at (0,0) size 318x22
          text run at (0,0) width 318: "Font: Avenir-Book Weight: 500 Style: normal"
      RenderBlock {DIV} at (0,4424) size 784x22
        RenderText {#text} at (0,0) size 339x22
          text run at (0,0) width 339: "Font: Avenir-Book Weight: 600 Style: normal"
      RenderBlock {DIV} at (0,4446) size 784x22
        RenderText {#text} at (0,0) size 339x22
          text run at (0,0) width 339: "Font: Avenir-Book Weight: 700 Style: normal"
      RenderBlock {DIV} at (0,4468) size 784x22
        RenderText {#text} at (0,0) size 339x22
          text run at (0,0) width 339: "Font: Avenir-Book Weight: 800 Style: normal"
      RenderBlock {DIV} at (0,4490) size 784x22
        RenderText {#text} at (0,0) size 336x22
          text run at (0,0) width 336: "Font: Avenir-Book Weight: 900 Style: normal"
      RenderBlock {DIV} at (0,4512) size 784x22
        RenderText {#text} at (0,0) size 344x22
          text run at (0,0) width 344: "Font: Avenir-Medium Weight: 100 Style: normal"
      RenderBlock {DIV} at (0,4534) size 784x22
        RenderText {#text} at (0,0) size 344x22
          text run at (0,0) width 344: "Font: Avenir-Medium Weight: 200 Style: normal"
      RenderBlock {DIV} at (0,4556) size 784x22
        RenderText {#text} at (0,0) size 344x22
          text run at (0,0) width 344: "Font: Avenir-Medium Weight: 300 Style: normal"
      RenderBlock {DIV} at (0,4578) size 784x22
        RenderText {#text} at (0,0) size 344x22
          text run at (0,0) width 344: "Font: Avenir-Medium Weight: 400 Style: normal"
      RenderBlock {DIV} at (0,4600) size 784x22
        RenderText {#text} at (0,0) size 344x22
          text run at (0,0) width 344: "Font: Avenir-Medium Weight: 500 Style: normal"
      RenderBlock {DIV} at (0,4622) size 784x22
        RenderText {#text} at (0,0) size 362x22
          text run at (0,0) width 362: "Font: Avenir-Medium Weight: 600 Style: normal"
      RenderBlock {DIV} at (0,4644) size 784x22
        RenderText {#text} at (0,0) size 362x22
          text run at (0,0) width 362: "Font: Avenir-Medium Weight: 700 Style: normal"
      RenderBlock {DIV} at (0,4666) size 784x22
        RenderText {#text} at (0,0) size 362x22
          text run at (0,0) width 362: "Font: Avenir-Medium Weight: 800 Style: normal"
      RenderBlock {DIV} at (0,4688) size 784x22
        RenderText {#text} at (0,0) size 358x22
          text run at (0,0) width 358: "Font: Avenir-Medium Weight: 900 Style: normal"
      RenderBlock {DIV} at (0,4710) size 784x22
        RenderText {#text} at (0,0) size 340x22
          text run at (0,0) width 340: "Font: Avenir-Black Weight: 100 Style: normal"
      RenderBlock {DIV} at (0,4732) size 784x22
        RenderText {#text} at (0,0) size 340x22
          text run at (0,0) width 340: "Font: Avenir-Black Weight: 200 Style: normal"
      RenderBlock {DIV} at (0,4754) size 784x22
        RenderText {#text} at (0,0) size 340x22
          text run at (0,0) width 340: "Font: Avenir-Black Weight: 300 Style: normal"
      RenderBlock {DIV} at (0,4776) size 784x22
        RenderText {#text} at (0,0) size 340x22
          text run at (0,0) width 340: "Font: Avenir-Black Weight: 400 Style: normal"
      RenderBlock {DIV} at (0,4798) size 784x22
        RenderText {#text} at (0,0) size 340x22
          text run at (0,0) width 340: "Font: Avenir-Black Weight: 500 Style: normal"
      RenderBlock {DIV} at (0,4820) size 784x22
        RenderText {#text} at (0,0) size 340x22
          text run at (0,0) width 340: "Font: Avenir-Black Weight: 600 Style: normal"
      RenderBlock {DIV} at (0,4842) size 784x22
        RenderText {#text} at (0,0) size 340x22
          text run at (0,0) width 340: "Font: Avenir-Black Weight: 700 Style: normal"
      RenderBlock {DIV} at (0,4864) size 784x22
        RenderText {#text} at (0,0) size 340x22
          text run at (0,0) width 340: "Font: Avenir-Black Weight: 800 Style: normal"
      RenderBlock {DIV} at (0,4886) size 784x22
        RenderText {#text} at (0,0) size 340x22
          text run at (0,0) width 340: "Font: Avenir-Black Weight: 900 Style: normal"
      RenderBlock {DIV} at (0,4908) size 784x22
        RenderText {#text} at (0,0) size 343x22
          text run at (0,0) width 343: "Font: Avenir-Heavy Weight: 100 Style: normal"
      RenderBlock {DIV} at (0,4930) size 784x22
        RenderText {#text} at (0,0) size 343x22
          text run at (0,0) width 343: "Font: Avenir-Heavy Weight: 200 Style: normal"
      RenderBlock {DIV} at (0,4952) size 784x22
        RenderText {#text} at (0,0) size 343x22
          text run at (0,0) width 343: "Font: Avenir-Heavy Weight: 300 Style: normal"
      RenderBlock {DIV} at (0,4974) size 784x22
        RenderText {#text} at (0,0) size 343x22
          text run at (0,0) width 343: "Font: Avenir-Heavy Weight: 400 Style: normal"
      RenderBlock {DIV} at (0,4996) size 784x22
        RenderText {#text} at (0,0) size 343x22
          text run at (0,0) width 343: "Font: Avenir-Heavy Weight: 500 Style: normal"
      RenderBlock {DIV} at (0,5018) size 784x22
        RenderText {#text} at (0,0) size 343x22
          text run at (0,0) width 343: "Font: Avenir-Heavy Weight: 600 Style: normal"
      RenderBlock {DIV} at (0,5040) size 784x22
        RenderText {#text} at (0,0) size 343x22
          text run at (0,0) width 343: "Font: Avenir-Heavy Weight: 700 Style: normal"
      RenderBlock {DIV} at (0,5062) size 784x22
        RenderText {#text} at (0,0) size 343x22
          text run at (0,0) width 343: "Font: Avenir-Heavy Weight: 800 Style: normal"
      RenderBlock {DIV} at (0,5084) size 784x22
        RenderText {#text} at (0,0) size 343x22
          text run at (0,0) width 343: "Font: Avenir-Heavy Weight: 900 Style: normal"
      RenderBlock {DIV} at (0,5106) size 784x22
        RenderText {#text} at (0,0) size 370x22
          text run at (0,0) width 370: "Font: Avenir-LightOblique Weight: 100 Style: normal"
      RenderBlock {DIV} at (0,5128) size 784x22
        RenderText {#text} at (0,0) size 370x22
          text run at (0,0) width 370: "Font: Avenir-LightOblique Weight: 200 Style: normal"
      RenderBlock {DIV} at (0,5150) size 784x22
        RenderText {#text} at (0,0) size 370x22
          text run at (0,0) width 370: "Font: Avenir-LightOblique Weight: 300 Style: normal"
      RenderBlock {DIV} at (0,5172) size 784x22
        RenderText {#text} at (0,0) size 370x22
          text run at (0,0) width 370: "Font: Avenir-LightOblique Weight: 400 Style: normal"
      RenderBlock {DIV} at (0,5194) size 784x22
        RenderText {#text} at (0,0) size 370x22
          text run at (0,0) width 370: "Font: Avenir-LightOblique Weight: 500 Style: normal"
      RenderBlock {DIV} at (0,5216) size 784x22
        RenderText {#text} at (0,0) size 399x22
          text run at (0,0) width 399: "Font: Avenir-LightOblique Weight: 600 Style: normal"
      RenderBlock {DIV} at (0,5238) size 784x22
        RenderText {#text} at (0,0) size 399x22
          text run at (0,0) width 399: "Font: Avenir-LightOblique Weight: 700 Style: normal"
      RenderBlock {DIV} at (0,5260) size 784x22
        RenderText {#text} at (0,0) size 399x22
          text run at (0,0) width 399: "Font: Avenir-LightOblique Weight: 800 Style: normal"
      RenderBlock {DIV} at (0,5282) size 784x22
        RenderText {#text} at (0,0) size 395x22
          text run at (0,0) width 395: "Font: Avenir-LightOblique Weight: 900 Style: normal"
      RenderBlock {DIV} at (0,5304) size 784x22
        RenderText {#text} at (0,0) size 376x22
          text run at (0,0) width 376: "Font: Avenir-BookOblique Weight: 100 Style: normal"
      RenderBlock {DIV} at (0,5326) size 784x22
        RenderText {#text} at (0,0) size 376x22
          text run at (0,0) width 376: "Font: Avenir-BookOblique Weight: 200 Style: normal"
      RenderBlock {DIV} at (0,5348) size 784x22
        RenderText {#text} at (0,0) size 376x22
          text run at (0,0) width 376: "Font: Avenir-BookOblique Weight: 300 Style: normal"
      RenderBlock {DIV} at (0,5370) size 784x22
        RenderText {#text} at (0,0) size 376x22
          text run at (0,0) width 376: "Font: Avenir-BookOblique Weight: 400 Style: normal"
      RenderBlock {DIV} at (0,5392) size 784x22
        RenderText {#text} at (0,0) size 376x22
          text run at (0,0) width 376: "Font: Avenir-BookOblique Weight: 500 Style: normal"
      RenderBlock {DIV} at (0,5414) size 784x22
        RenderText {#text} at (0,0) size 399x22
          text run at (0,0) width 399: "Font: Avenir-BookOblique Weight: 600 Style: normal"
      RenderBlock {DIV} at (0,5436) size 784x22
        RenderText {#text} at (0,0) size 399x22
          text run at (0,0) width 399: "Font: Avenir-BookOblique Weight: 700 Style: normal"
      RenderBlock {DIV} at (0,5458) size 784x22
        RenderText {#text} at (0,0) size 399x22
          text run at (0,0) width 399: "Font: Avenir-BookOblique Weight: 800 Style: normal"
      RenderBlock {DIV} at (0,5480) size 784x22
        RenderText {#text} at (0,0) size 396x22
          text run at (0,0) width 396: "Font: Avenir-BookOblique Weight: 900 Style: normal"
      RenderBlock {DIV} at (0,5502) size 784x22
        RenderText {#text} at (0,0) size 402x22
          text run at (0,0) width 402: "Font: Avenir-MediumOblique Weight: 100 Style: normal"
      RenderBlock {DIV} at (0,5524) size 784x22
        RenderText {#text} at (0,0) size 402x22
          text run at (0,0) width 402: "Font: Avenir-MediumOblique Weight: 200 Style: normal"
      RenderBlock {DIV} at (0,5546) size 784x22
        RenderText {#text} at (0,0) size 402x22
          text run at (0,0) width 402: "Font: Avenir-MediumOblique Weight: 300 Style: normal"
      RenderBlock {DIV} at (0,5568) size 784x22
        RenderText {#text} at (0,0) size 402x22
          text run at (0,0) width 402: "Font: Avenir-MediumOblique Weight: 400 Style: normal"
      RenderBlock {DIV} at (0,5590) size 784x22
        RenderText {#text} at (0,0) size 402x22
          text run at (0,0) width 402: "Font: Avenir-MediumOblique Weight: 500 Style: normal"
      RenderBlock {DIV} at (0,5612) size 784x22
        RenderText {#text} at (0,0) size 422x22
          text run at (0,0) width 422: "Font: Avenir-MediumOblique Weight: 600 Style: normal"
      RenderBlock {DIV} at (0,5634) size 784x22
        RenderText {#text} at (0,0) size 422x22
          text run at (0,0) width 422: "Font: Avenir-MediumOblique Weight: 700 Style: normal"
      RenderBlock {DIV} at (0,5656) size 784x22
        RenderText {#text} at (0,0) size 422x22
          text run at (0,0) width 422: "Font: Avenir-MediumOblique Weight: 800 Style: normal"
      RenderBlock {DIV} at (0,5678) size 784x22
        RenderText {#text} at (0,0) size 419x22
          text run at (0,0) width 419: "Font: Avenir-MediumOblique Weight: 900 Style: normal"
      RenderBlock {DIV} at (0,5700) size 784x22
        RenderText {#text} at (0,0) size 400x22
          text run at (0,0) width 400: "Font: Avenir-BlackOblique Weight: 100 Style: normal"
      RenderBlock {DIV} at (0,5722) size 784x22
        RenderText {#text} at (0,0) size 400x22
          text run at (0,0) width 400: "Font: Avenir-BlackOblique Weight: 200 Style: normal"
      RenderBlock {DIV} at (0,5744) size 784x22
        RenderText {#text} at (0,0) size 400x22
          text run at (0,0) width 400: "Font: Avenir-BlackOblique Weight: 300 Style: normal"
      RenderBlock {DIV} at (0,5766) size 784x22
        RenderText {#text} at (0,0) size 400x22
          text run at (0,0) width 400: "Font: Avenir-BlackOblique Weight: 400 Style: normal"
      RenderBlock {DIV} at (0,5788) size 784x22
        RenderText {#text} at (0,0) size 400x22
          text run at (0,0) width 400: "Font: Avenir-BlackOblique Weight: 500 Style: normal"
      RenderBlock {DIV} at (0,5810) size 784x22
        RenderText {#text} at (0,0) size 400x22
          text run at (0,0) width 400: "Font: Avenir-BlackOblique Weight: 600 Style: normal"
      RenderBlock {DIV} at (0,5832) size 784x22
        RenderText {#text} at (0,0) size 400x22
          text run at (0,0) width 400: "Font: Avenir-BlackOblique Weight: 700 Style: normal"
      RenderBlock {DIV} at (0,5854) size 784x22
        RenderText {#text} at (0,0) size 400x22
          text run at (0,0) width 400: "Font: Avenir-BlackOblique Weight: 800 Style: normal"
      RenderBlock {DIV} at (0,5876) size 784x22
        RenderText {#text} at (0,0) size 400x22
          text run at (0,0) width 400: "Font: Avenir-BlackOblique Weight: 900 Style: normal"
      RenderBlock {DIV} at (0,5898) size 784x22
        RenderText {#text} at (0,0) size 255x22
          text run at (0,0) width 255: "Font: Avenir Weight: 100 Style: italic"
      RenderBlock {DIV} at (0,5920) size 784x22
        RenderText {#text} at (0,0) size 255x22
          text run at (0,0) width 255: "Font: Avenir Weight: 200 Style: italic"
      RenderBlock {DIV} at (0,5942) size 784x22
        RenderText {#text} at (0,0) size 255x22
          text run at (0,0) width 255: "Font: Avenir Weight: 300 Style: italic"
      RenderBlock {DIV} at (0,5964) size 784x22
        RenderText {#text} at (0,0) size 260x22
          text run at (0,0) width 260: "Font: Avenir Weight: 400 Style: italic"
      RenderBlock {DIV} at (0,5986) size 784x22
        RenderText {#text} at (0,0) size 264x22
          text run at (0,0) width 264: "Font: Avenir Weight: 500 Style: italic"
      RenderBlock {DIV} at (0,6008) size 784x22
        RenderText {#text} at (0,0) size 279x22
          text run at (0,0) width 279: "Font: Avenir Weight: 600 Style: italic"
      RenderBlock {DIV} at (0,6030) size 784x22
        RenderText {#text} at (0,0) size 279x22
          text run at (0,0) width 279: "Font: Avenir Weight: 700 Style: italic"
      RenderBlock {DIV} at (0,6052) size 784x22
        RenderText {#text} at (0,0) size 279x22
          text run at (0,0) width 279: "Font: Avenir Weight: 800 Style: italic"
      RenderBlock {DIV} at (0,6074) size 784x22
        RenderText {#text} at (0,0) size 276x22
          text run at (0,0) width 276: "Font: Avenir Weight: 900 Style: italic"
      RenderBlock {DIV} at (0,6096) size 784x22
        RenderText {#text} at (0,0) size 295x22
          text run at (0,0) width 295: "Font: Avenir-Light Weight: 100 Style: italic"
      RenderBlock {DIV} at (0,6118) size 784x22
        RenderText {#text} at (0,0) size 295x22
          text run at (0,0) width 295: "Font: Avenir-Light Weight: 200 Style: italic"
      RenderBlock {DIV} at (0,6140) size 784x22
        RenderText {#text} at (0,0) size 295x22
          text run at (0,0) width 295: "Font: Avenir-Light Weight: 300 Style: italic"
      RenderBlock {DIV} at (0,6162) size 784x22
        RenderText {#text} at (0,0) size 300x22
          text run at (0,0) width 300: "Font: Avenir-Light Weight: 400 Style: italic"
      RenderBlock {DIV} at (0,6184) size 784x22
        RenderText {#text} at (0,0) size 305x22
          text run at (0,0) width 305: "Font: Avenir-Light Weight: 500 Style: italic"
      RenderBlock {DIV} at (0,6206) size 784x22
        RenderText {#text} at (0,0) size 322x22
          text run at (0,0) width 322: "Font: Avenir-Light Weight: 600 Style: italic"
      RenderBlock {DIV} at (0,6228) size 784x22
        RenderText {#text} at (0,0) size 322x22
          text run at (0,0) width 322: "Font: Avenir-Light Weight: 700 Style: italic"
      RenderBlock {DIV} at (0,6250) size 784x22
        RenderText {#text} at (0,0) size 322x22
          text run at (0,0) width 322: "Font: Avenir-Light Weight: 800 Style: italic"
      RenderBlock {DIV} at (0,6272) size 784x22
        RenderText {#text} at (0,0) size 318x22
          text run at (0,0) width 318: "Font: Avenir-Light Weight: 900 Style: italic"
      RenderBlock {DIV} at (0,6294) size 784x22
        RenderText {#text} at (0,0) size 296x22
          text run at (0,0) width 296: "Font: Avenir-Book Weight: 100 Style: italic"
      RenderBlock {DIV} at (0,6316) size 784x22
        RenderText {#text} at (0,0) size 296x22
          text run at (0,0) width 296: "Font: Avenir-Book Weight: 200 Style: italic"
      RenderBlock {DIV} at (0,6338) size 784x22
        RenderText {#text} at (0,0) size 296x22
          text run at (0,0) width 296: "Font: Avenir-Book Weight: 300 Style: italic"
      RenderBlock {DIV} at (0,6360) size 784x22
        RenderText {#text} at (0,0) size 301x22
          text run at (0,0) width 301: "Font: Avenir-Book Weight: 400 Style: italic"
      RenderBlock {DIV} at (0,6382) size 784x22
        RenderText {#text} at (0,0) size 305x22
          text run at (0,0) width 305: "Font: Avenir-Book Weight: 500 Style: italic"
      RenderBlock {DIV} at (0,6404) size 784x22
        RenderText {#text} at (0,0) size 322x22
          text run at (0,0) width 322: "Font: Avenir-Book Weight: 600 Style: italic"
      RenderBlock {DIV} at (0,6426) size 784x22
        RenderText {#text} at (0,0) size 322x22
          text run at (0,0) width 322: "Font: Avenir-Book Weight: 700 Style: italic"
      RenderBlock {DIV} at (0,6448) size 784x22
        RenderText {#text} at (0,0) size 322x22
          text run at (0,0) width 322: "Font: Avenir-Book Weight: 800 Style: italic"
      RenderBlock {DIV} at (0,6470) size 784x22
        RenderText {#text} at (0,0) size 318x22
          text run at (0,0) width 318: "Font: Avenir-Book Weight: 900 Style: italic"
      RenderBlock {DIV} at (0,6492) size 784x22
        RenderText {#text} at (0,0) size 319x22
          text run at (0,0) width 319: "Font: Avenir-Medium Weight: 100 Style: italic"
      RenderBlock {DIV} at (0,6514) size 784x22
        RenderText {#text} at (0,0) size 319x22
          text run at (0,0) width 319: "Font: Avenir-Medium Weight: 200 Style: italic"
      RenderBlock {DIV} at (0,6536) size 784x22
        RenderText {#text} at (0,0) size 319x22
          text run at (0,0) width 319: "Font: Avenir-Medium Weight: 300 Style: italic"
      RenderBlock {DIV} at (0,6558) size 784x22
        RenderText {#text} at (0,0) size 323x22
          text run at (0,0) width 323: "Font: Avenir-Medium Weight: 400 Style: italic"
      RenderBlock {DIV} at (0,6580) size 784x22
        RenderText {#text} at (0,0) size 327x22
          text run at (0,0) width 327: "Font: Avenir-Medium Weight: 500 Style: italic"
      RenderBlock {DIV} at (0,6602) size 784x22
        RenderText {#text} at (0,0) size 345x22
          text run at (0,0) width 345: "Font: Avenir-Medium Weight: 600 Style: italic"
      RenderBlock {DIV} at (0,6624) size 784x22
        RenderText {#text} at (0,0) size 345x22
          text run at (0,0) width 345: "Font: Avenir-Medium Weight: 700 Style: italic"
      RenderBlock {DIV} at (0,6646) size 784x22
        RenderText {#text} at (0,0) size 345x22
          text run at (0,0) width 345: "Font: Avenir-Medium Weight: 800 Style: italic"
      RenderBlock {DIV} at (0,6668) size 784x22
        RenderText {#text} at (0,0) size 341x22
          text run at (0,0) width 341: "Font: Avenir-Medium Weight: 900 Style: italic"
      RenderBlock {DIV} at (0,6690) size 784x22
        RenderText {#text} at (0,0) size 297x22
          text run at (0,0) width 297: "Font: Avenir-Black Weight: 100 Style: italic"
      RenderBlock {DIV} at (0,6712) size 784x22
        RenderText {#text} at (0,0) size 297x22
          text run at (0,0) width 297: "Font: Avenir-Black Weight: 200 Style: italic"
      RenderBlock {DIV} at (0,6734) size 784x22
        RenderText {#text} at (0,0) size 297x22
          text run at (0,0) width 297: "Font: Avenir-Black Weight: 300 Style: italic"
      RenderBlock {DIV} at (0,6756) size 784x22
        RenderText {#text} at (0,0) size 302x22
          text run at (0,0) width 302: "Font: Avenir-Black Weight: 400 Style: italic"
      RenderBlock {DIV} at (0,6778) size 784x22
        RenderText {#text} at (0,0) size 306x22
          text run at (0,0) width 306: "Font: Avenir-Black Weight: 500 Style: italic"
      RenderBlock {DIV} at (0,6800) size 784x22
        RenderText {#text} at (0,0) size 323x22
          text run at (0,0) width 323: "Font: Avenir-Black Weight: 600 Style: italic"
      RenderBlock {DIV} at (0,6822) size 784x22
        RenderText {#text} at (0,0) size 323x22
          text run at (0,0) width 323: "Font: Avenir-Black Weight: 700 Style: italic"
      RenderBlock {DIV} at (0,6844) size 784x22
        RenderText {#text} at (0,0) size 323x22
          text run at (0,0) width 323: "Font: Avenir-Black Weight: 800 Style: italic"
      RenderBlock {DIV} at (0,6866) size 784x22
        RenderText {#text} at (0,0) size 319x22
          text run at (0,0) width 319: "Font: Avenir-Black Weight: 900 Style: italic"
      RenderBlock {DIV} at (0,6888) size 784x22
        RenderText {#text} at (0,0) size 303x22
          text run at (0,0) width 303: "Font: Avenir-Heavy Weight: 100 Style: italic"
      RenderBlock {DIV} at (0,6910) size 784x22
        RenderText {#text} at (0,0) size 303x22
          text run at (0,0) width 303: "Font: Avenir-Heavy Weight: 200 Style: italic"
      RenderBlock {DIV} at (0,6932) size 784x22
        RenderText {#text} at (0,0) size 303x22
          text run at (0,0) width 303: "Font: Avenir-Heavy Weight: 300 Style: italic"
      RenderBlock {DIV} at (0,6954) size 784x22
        RenderText {#text} at (0,0) size 308x22
          text run at (0,0) width 308: "Font: Avenir-Heavy Weight: 400 Style: italic"
      RenderBlock {DIV} at (0,6976) size 784x22
        RenderText {#text} at (0,0) size 313x22
          text run at (0,0) width 313: "Font: Avenir-Heavy Weight: 500 Style: italic"
      RenderBlock {DIV} at (0,6998) size 784x22
        RenderText {#text} at (0,0) size 331x22
          text run at (0,0) width 331: "Font: Avenir-Heavy Weight: 600 Style: italic"
      RenderBlock {DIV} at (0,7020) size 784x22
        RenderText {#text} at (0,0) size 331x22
          text run at (0,0) width 331: "Font: Avenir-Heavy Weight: 700 Style: italic"
      RenderBlock {DIV} at (0,7042) size 784x22
        RenderText {#text} at (0,0) size 331x22
          text run at (0,0) width 331: "Font: Avenir-Heavy Weight: 800 Style: italic"
      RenderBlock {DIV} at (0,7064) size 784x22
        RenderText {#text} at (0,0) size 326x22
          text run at (0,0) width 326: "Font: Avenir-Heavy Weight: 900 Style: italic"
      RenderBlock {DIV} at (0,7086) size 784x22
        RenderText {#text} at (0,0) size 354x22
          text run at (0,0) width 354: "Font: Avenir-LightOblique Weight: 100 Style: italic"
      RenderBlock {DIV} at (0,7108) size 784x22
        RenderText {#text} at (0,0) size 354x22
          text run at (0,0) width 354: "Font: Avenir-LightOblique Weight: 200 Style: italic"
      RenderBlock {DIV} at (0,7130) size 784x22
        RenderText {#text} at (0,0) size 354x22
          text run at (0,0) width 354: "Font: Avenir-LightOblique Weight: 300 Style: italic"
      RenderBlock {DIV} at (0,7152) size 784x22
        RenderText {#text} at (0,0) size 354x22
          text run at (0,0) width 354: "Font: Avenir-LightOblique Weight: 400 Style: italic"
      RenderBlock {DIV} at (0,7174) size 784x22
        RenderText {#text} at (0,0) size 354x22
          text run at (0,0) width 354: "Font: Avenir-LightOblique Weight: 500 Style: italic"
      RenderBlock {DIV} at (0,7196) size 784x22
        RenderText {#text} at (0,0) size 382x22
          text run at (0,0) width 382: "Font: Avenir-LightOblique Weight: 600 Style: italic"
      RenderBlock {DIV} at (0,7218) size 784x22
        RenderText {#text} at (0,0) size 382x22
          text run at (0,0) width 382: "Font: Avenir-LightOblique Weight: 700 Style: italic"
      RenderBlock {DIV} at (0,7240) size 784x22
        RenderText {#text} at (0,0) size 382x22
          text run at (0,0) width 382: "Font: Avenir-LightOblique Weight: 800 Style: italic"
      RenderBlock {DIV} at (0,7262) size 784x22
        RenderText {#text} at (0,0) size 378x22
          text run at (0,0) width 378: "Font: Avenir-LightOblique Weight: 900 Style: italic"
      RenderBlock {DIV} at (0,7284) size 784x22
        RenderText {#text} at (0,0) size 359x22
          text run at (0,0) width 359: "Font: Avenir-BookOblique Weight: 100 Style: italic"
      RenderBlock {DIV} at (0,7306) size 784x22
        RenderText {#text} at (0,0) size 359x22
          text run at (0,0) width 359: "Font: Avenir-BookOblique Weight: 200 Style: italic"
      RenderBlock {DIV} at (0,7328) size 784x22
        RenderText {#text} at (0,0) size 359x22
          text run at (0,0) width 359: "Font: Avenir-BookOblique Weight: 300 Style: italic"
      RenderBlock {DIV} at (0,7350) size 784x22
        RenderText {#text} at (0,0) size 359x22
          text run at (0,0) width 359: "Font: Avenir-BookOblique Weight: 400 Style: italic"
      RenderBlock {DIV} at (0,7372) size 784x22
        RenderText {#text} at (0,0) size 359x22
          text run at (0,0) width 359: "Font: Avenir-BookOblique Weight: 500 Style: italic"
      RenderBlock {DIV} at (0,7394) size 784x22
        RenderText {#text} at (0,0) size 382x22
          text run at (0,0) width 382: "Font: Avenir-BookOblique Weight: 600 Style: italic"
      RenderBlock {DIV} at (0,7416) size 784x22
        RenderText {#text} at (0,0) size 382x22
          text run at (0,0) width 382: "Font: Avenir-BookOblique Weight: 700 Style: italic"
      RenderBlock {DIV} at (0,7438) size 784x22
        RenderText {#text} at (0,0) size 382x22
          text run at (0,0) width 382: "Font: Avenir-BookOblique Weight: 800 Style: italic"
      RenderBlock {DIV} at (0,7460) size 784x22
        RenderText {#text} at (0,0) size 379x22
          text run at (0,0) width 379: "Font: Avenir-BookOblique Weight: 900 Style: italic"
      RenderBlock {DIV} at (0,7482) size 784x22
        RenderText {#text} at (0,0) size 386x22
          text run at (0,0) width 386: "Font: Avenir-MediumOblique Weight: 100 Style: italic"
      RenderBlock {DIV} at (0,7504) size 784x22
        RenderText {#text} at (0,0) size 386x22
          text run at (0,0) width 386: "Font: Avenir-MediumOblique Weight: 200 Style: italic"
      RenderBlock {DIV} at (0,7526) size 784x22
        RenderText {#text} at (0,0) size 386x22
          text run at (0,0) width 386: "Font: Avenir-MediumOblique Weight: 300 Style: italic"
      RenderBlock {DIV} at (0,7548) size 784x22
        RenderText {#text} at (0,0) size 386x22
          text run at (0,0) width 386: "Font: Avenir-MediumOblique Weight: 400 Style: italic"
      RenderBlock {DIV} at (0,7570) size 784x22
        RenderText {#text} at (0,0) size 386x22
          text run at (0,0) width 386: "Font: Avenir-MediumOblique Weight: 500 Style: italic"
      RenderBlock {DIV} at (0,7592) size 784x22
        RenderText {#text} at (0,0) size 405x22
          text run at (0,0) width 405: "Font: Avenir-MediumOblique Weight: 600 Style: italic"
      RenderBlock {DIV} at (0,7614) size 784x22
        RenderText {#text} at (0,0) size 405x22
          text run at (0,0) width 405: "Font: Avenir-MediumOblique Weight: 700 Style: italic"
      RenderBlock {DIV} at (0,7636) size 784x22
        RenderText {#text} at (0,0) size 405x22
          text run at (0,0) width 405: "Font: Avenir-MediumOblique Weight: 800 Style: italic"
      RenderBlock {DIV} at (0,7658) size 784x22
        RenderText {#text} at (0,0) size 402x22
          text run at (0,0) width 402: "Font: Avenir-MediumOblique Weight: 900 Style: italic"
      RenderBlock {DIV} at (0,7680) size 784x22
        RenderText {#text} at (0,0) size 383x22
          text run at (0,0) width 383: "Font: Avenir-BlackOblique Weight: 100 Style: italic"
      RenderBlock {DIV} at (0,7702) size 784x22
        RenderText {#text} at (0,0) size 383x22
          text run at (0,0) width 383: "Font: Avenir-BlackOblique Weight: 200 Style: italic"
      RenderBlock {DIV} at (0,7724) size 784x22
        RenderText {#text} at (0,0) size 383x22
          text run at (0,0) width 383: "Font: Avenir-BlackOblique Weight: 300 Style: italic"
      RenderBlock {DIV} at (0,7746) size 784x22
        RenderText {#text} at (0,0) size 383x22
          text run at (0,0) width 383: "Font: Avenir-BlackOblique Weight: 400 Style: italic"
      RenderBlock {DIV} at (0,7768) size 784x22
        RenderText {#text} at (0,0) size 383x22
          text run at (0,0) width 383: "Font: Avenir-BlackOblique Weight: 500 Style: italic"
      RenderBlock {DIV} at (0,7790) size 784x22
        RenderText {#text} at (0,0) size 383x22
          text run at (0,0) width 383: "Font: Avenir-BlackOblique Weight: 600 Style: italic"
      RenderBlock {DIV} at (0,7812) size 784x22
        RenderText {#text} at (0,0) size 383x22
          text run at (0,0) width 383: "Font: Avenir-BlackOblique Weight: 700 Style: italic"
      RenderBlock {DIV} at (0,7834) size 784x22
        RenderText {#text} at (0,0) size 383x22
          text run at (0,0) width 383: "Font: Avenir-BlackOblique Weight: 800 Style: italic"
      RenderBlock {DIV} at (0,7856) size 784x22
        RenderText {#text} at (0,0) size 383x22
          text run at (0,0) width 383: "Font: Avenir-BlackOblique Weight: 900 Style: italic"
