layer at (0,0) size 800x1100
  RenderView at (0,0) size 800x600
layer at (0,0) size 800x1100
  RenderBlock {HTML} at (0,0) size 800x1100
    RenderBody {BODY} at (8,8) size 784x584
      RenderBlock (floating) {DIV} at (4,0) size 202x514 [border: (1px solid #ADD8E6)]
        RenderText {#text} at (1,2) size 200x510
          text run at (1,2) width 200: "also the division of"
          text run at (1,34) width 200: "the mind into the"
          text run at (1,66) width 200: "rational, concupis" + hyphen string "-"
          text run at (1,98) width 112: "cent, and "
          text run at (112,98) width 89: "irascible"
          text run at (1,130) width 200: "elements, or of"
          text run at (1,162) width 200: "pleasures and de" + hyphen string "-"
          text run at (1,194) width 200: "sires into neces" + hyphen string "-"
          text run at (1,226) width 108: "sary and "
          text run at (108,226) width 93: "unneces" + hyphen string "-"
          text run at (1,258) width 200: "sary\x{2014}these and"
          text run at (1,290) width 200: "other great forms"
          text run at (1,322) width 200: "of thought are all"
          text run at (1,354) width 129: "of them "
          text run at (129,354) width 72: "to be"
          text run at (1,386) width 200: "found in the Re" + hyphen string "-"
          text run at (1,418) width 200: "public, and were"
          text run at (1,450) width 200: "probably first in" + hyphen string "-"
          text run at (1,482) width 109: "vented by "
          text run at (109,482) width 61: "Plato."
      RenderBlock (floating) {DIV} at (214,0) size 202x514 [border: (1px solid #ADD8E6)]
        RenderText {#text} at (1,2) size 200x510
          text run at (1,2) width 200: "also the division of"
          text run at (1,34) width 200: "the mind into the"
          text run at (1,66) width 200: "rational, concupis" + hyphen string "-"
          text run at (1,98) width 112: "cent, and "
          text run at (112,98) width 89: "irascible"
          text run at (1,130) width 200: "elements, or of"
          text run at (1,162) width 200: "pleasures and de" + hyphen string "-"
          text run at (1,194) width 200: "sires into neces" + hyphen string "-"
          text run at (1,226) width 108: "sary and "
          text run at (108,226) width 93: "unneces" + hyphen string "-"
          text run at (1,258) width 200: "sary\x{2014}these and"
          text run at (1,290) width 200: "other great forms"
          text run at (1,322) width 200: "of thought are all"
          text run at (1,354) width 129: "of them "
          text run at (129,354) width 72: "to be"
          text run at (1,386) width 200: "found in the Re" + hyphen string "-"
          text run at (1,418) width 200: "public, and were"
          text run at (1,450) width 200: "probably first in" + hyphen string "-"
          text run at (1,482) width 109: "vented by "
          text run at (109,482) width 61: "Plato."
      RenderBlock (floating) {DIV} at (424,0) size 202x546 [border: (1px solid #ADD8E6)]
        RenderText {#text} at (1,2) size 200x542
          text run at (1,2) width 200: "also the division of"
          text run at (1,34) width 200: "the mind into the"
          text run at (1,66) width 200: "rational, concupis" + hyphen string "-"
          text run at (1,98) width 112: "cent, and "
          text run at (112,98) width 89: "irascible"
          text run at (1,130) width 200: "elements, or of"
          text run at (1,162) width 200: "pleasures and de" + hyphen string "-"
          text run at (1,194) width 200: "sires into neces" + hyphen string "-"
          text run at (1,226) width 200: "sary and"
          text run at (1,258) width 154: "unnecessary\x{2014}"
          text run at (1,290) width 200: "these and other"
          text run at (1,322) width 200: "great forms of"
          text run at (1,354) width 200: "thought are all of"
          text run at (1,386) width 67: "them "
          text run at (67,386) width 134: "to be found"
          text run at (1,418) width 200: "in the Republic,"
          text run at (1,450) width 200: "and were probably"
          text run at (1,482) width 200: "first invented by"
          text run at (1,514) width 60: "Plato."
      RenderBlock (floating) {DIV} at (4,546) size 202x514 [border: (1px solid #ADD8E6)]
        RenderText {#text} at (1,2) size 200x510
          text run at (1,2) width 200: "also the division of"
          text run at (1,34) width 200: "the mind into the"
          text run at (1,66) width 200: "rational, concupis" + hyphen string "-"
          text run at (1,98) width 112: "cent, and "
          text run at (112,98) width 89: "irascible"
          text run at (1,130) width 200: "elements, or of"
          text run at (1,162) width 200: "pleasures and de" + hyphen string "-"
          text run at (1,194) width 200: "sires into"
          text run at (1,226) width 166: "necessary and "
          text run at (166,226) width 35: "un" + hyphen string "-"
          text run at (1,258) width 181: "necessary\x{2014}these"
          text run at (1,290) width 200: "and other great"
          text run at (1,322) width 200: "forms of thought"
          text run at (1,354) width 180: "are all of them "
          text run at (180,354) width 21: "to"
          text run at (1,386) width 200: "be found in the"
          text run at (1,418) width 200: "Republic, and"
          text run at (1,450) width 200: "were probably first"
          text run at (1,482) width 129: "invented by "
          text run at (129,482) width 61: "Plato."
      RenderBlock (floating) {DIV} at (214,546) size 202x546 [border: (1px solid #ADD8E6)]
        RenderText {#text} at (1,2) size 200x542
          text run at (1,2) width 200: "also the division of"
          text run at (1,34) width 200: "the mind into the"
          text run at (1,66) width 86: "rational,"
          text run at (1,98) width 200: "concupiscent, and"
          text run at (1,130) width 200: "irascible elements,"
          text run at (1,162) width 200: "or of pleasures and"
          text run at (1,194) width 200: "desires into"
          text run at (1,226) width 200: "necessary and"
          text run at (1,258) width 154: "unnecessary\x{2014}"
          text run at (1,290) width 200: "these and other"
          text run at (1,322) width 200: "great forms of"
          text run at (1,354) width 200: "thought are all of"
          text run at (1,386) width 67: "them "
          text run at (67,386) width 134: "to be found"
          text run at (1,418) width 200: "in the Republic,"
          text run at (1,450) width 200: "and were probably"
          text run at (1,482) width 200: "first invented by"
          text run at (1,514) width 60: "Plato."
