layer at (0,0) size 800x600
  RenderView at (0,0) size 800x600
layer at (0,0) size 800x600
  RenderBlock {HTML} at (0,0) size 800x600
    RenderBody {BODY} at (8,8) size 784x584
      RenderBlock {DIV} at (8,28) size 126x46 [border: (3px solid #000000)]
        RenderText {#text} at (3,3) size 107x39
          text run at (3,3) width 107: "There is remark" + hyphen string "-"
          text run at (3,23) width 92: "able evidence."
      RenderText {#text} at (142,51) size 4x19
        text run at (142,51) width 4: " "
      RenderBlock {DIV} at (154,28) size 126x46 [border: (3px solid #000000)]
        RenderText {#text} at (3,3) size 107x39
          text run at (3,3) width 107: "There is remark" + hyphen string "-"
          text run at (3,23) width 92: "able evidence."
      RenderText {#text} at (288,51) size 4x19
        text run at (288,51) width 4: " "
      RenderBlock {DIV} at (300,28) size 126x46 [border: (3px solid #000000)]
        RenderText {#text} at (3,3) size 107x39
          text run at (3,3) width 107: "There is remark" + hyphen string "-"
          text run at (3,23) width 92: "able evidence."
      RenderText {#text} at (434,51) size 4x19
        text run at (434,51) width 4: " "
      RenderBlock {DIV} at (446,28) size 126x46 [border: (3px solid #000000)]
        RenderText {#text} at (3,3) size 107x39
          text run at (3,3) width 107: "There is remark" + hyphen string "-"
          text run at (3,23) width 92: "able evidence."
      RenderText {#text} at (580,51) size 4x19
        text run at (580,51) width 4: " "
      RenderBlock {DIV} at (592,8) size 126x66 [border: (3px solid #000000)]
        RenderText {#text} at (3,3) size 72x59
          text run at (3,3) width 52: "There is"
          text run at (3,23) width 72: "remarkable"
          text run at (3,43) width 61: "evidence."
      RenderText {#text} at (726,51) size 4x19
        text run at (726,51) width 4: " "
      RenderBlock {DIV} at (8,110) size 126x46 [border: (3px solid #000000)]
        RenderText {#text} at (3,3) size 107x39
          text run at (3,3) width 107: "There is remark" + hyphen string "-"
          text run at (3,23) width 92: "able evidence."
      RenderText {#text} at (142,133) size 4x19
        text run at (142,133) width 4: " "
      RenderBlock {DIV} at (154,110) size 126x46 [border: (3px solid #000000)]
        RenderText {#text} at (3,3) size 107x39
          text run at (3,3) width 107: "There is remark" + hyphen string "-"
          text run at (3,23) width 92: "able evidence."
      RenderText {#text} at (288,133) size 4x19
        text run at (288,133) width 4: " "
      RenderBlock {DIV} at (300,110) size 126x46 [border: (3px solid #000000)]
        RenderText {#text} at (3,3) size 107x39
          text run at (3,3) width 107: "There is remark" + hyphen string "-"
          text run at (3,23) width 92: "able evidence."
      RenderText {#text} at (434,133) size 4x19
        text run at (434,133) width 4: " "
      RenderBlock {DIV} at (446,90) size 126x66 [border: (3px solid #000000)]
        RenderText {#text} at (3,3) size 89x59
          text run at (3,3) width 74: "There is re" + hyphen string "-"
          text run at (3,23) width 89: "markable evi" + hyphen string "-"
          text run at (3,43) width 42: "dence."
      RenderText {#text} at (580,133) size 4x19
        text run at (580,133) width 4: " "
      RenderBlock {DIV} at (592,90) size 126x66 [border: (3px solid #000000)]
        RenderText {#text} at (3,3) size 101x59
          text run at (3,3) width 52: "There is"
          text run at (3,23) width 101: "remarkable evi" + hyphen string "-"
          text run at (3,43) width 42: "dence."
      RenderText {#text} at (0,0) size 0x0
