layer at (0,0) size 800x600
  RenderView at (0,0) size 800x600
layer at (0,0) size 800x600
  RenderBlock {HTML} at (0,0) size 800x600
    RenderBody {BODY} at (8,8) size 784x584
      RenderBlock {DIV} at (0,0) size 784x159
        RenderBlock {DIV} at (0,0) size 106x56 [border: (3px solid #000000)]
          RenderText {#text} at (3,7) size 66x17
            text run at (3,7) width 66: "a. b. "
          RenderInline {SPAN} at (0,0) size 6x17
            RenderText {#text} at (68,7) size 6x17
              text run at (68,7) width 6: "i"
          RenderText {#text} at (73,7) size 100x42
            text run at (73,7) width 30: "\x{306F}"
            text run at (3,32) width 61: "xxxxxxx"
        RenderBlock {DIV} at (0,64) size 106x56 [border: (3px solid #000000)]
          RenderText {#text} at (3,7) size 100x42
            text run at (3,7) width 100: "a. b. i\x{306F}"
            text run at (3,32) width 61: "xxxxxxx"
        RenderBlock {DIV} at (0,128) size 106x31 [border: (3px solid #000000)]
          RenderText {#text} at (3,7) size 230x17
            text run at (3,7) width 230: "xxxxxxxxxxxxxxxxxxxxx\x{FF08}\x{624B}\x{FF09}"
      RenderBlock {DIV} at (0,167) size 784x159
        RenderBlock {DIV} at (0,0) size 106x56 [border: (3px solid #000000)]
          RenderText {#text} at (3,7) size 66x17
            text run at (3,7) width 66: "a. b. "
          RenderInline {SPAN} at (0,0) size 6x17
            RenderText {#text} at (68,7) size 6x17
              text run at (68,7) width 6: "i"
          RenderText {#text} at (73,7) size 100x42
            text run at (73,7) width 30: "\x{306F}"
            text run at (3,32) width 61: "xxxxxxx"
        RenderBlock {DIV} at (0,64) size 106x56 [border: (3px solid #000000)]
          RenderText {#text} at (3,7) size 100x42
            text run at (3,7) width 100: "a. b. i\x{306F}"
            text run at (3,32) width 61: "xxxxxxx"
        RenderBlock {DIV} at (0,128) size 106x31 [border: (3px solid #000000)]
          RenderText {#text} at (3,7) size 230x17
            text run at (3,7) width 230: "xxxxxxxxxxxxxxxxxxxxx\x{FF08}\x{624B}\x{FF09}"
