layer at (0,0) size 800x600
  RenderView at (0,0) size 800x600
layer at (0,0) size 800x600
  RenderBlock {HTML} at (0,0) size 800x600
    RenderBody {BODY} at (8,8) size 784x576
      RenderBlock {P} at (0,0) size 784x40
        RenderText {#text} at (0,0) size 54x19
          text run at (0,0) width 54: "Test for "
        RenderInline {I} at (0,0) size 737x39
          RenderInline {A} at (0,0) size 305x19 [color=#0000EE]
            RenderText {#text} at (53,0) size 305x19
              text run at (53,0) width 305: "http://bugs.webkit.org/show_bug.cgi?id=13156"
          RenderText {#text} at (357,0) size 737x39
            text run at (357,0) width 5: " "
            text run at (361,0) width 376: "REGRESSION (r19621): Pasting breakable content where"
            text run at (0,20) width 503: "wrapped line is too long to fit in a textarea fails to draw a horizontal scrollbar"
        RenderText {#text} at (502,20) size 5x19
          text run at (502,20) width 5: "."
      RenderBlock {P} at (0,56) size 784x40
        RenderText {#text} at (0,0) size 725x39
          text run at (0,0) width 725: "This tests that a line break will occur in the middle of the first word on a line if it\x{2019}s too long to fit on the line. The"
          text run at (0,20) width 707: "behavior is tested after breakable characters (question mark and hyphen), after a space and after a soft hyphen."
      RenderBlock {P} at (0,112) size 784x20
        RenderText {#text} at (0,0) size 266x19
          text run at (0,0) width 266: "The following blocks should be identical."
      RenderBlock (floating) {DIV} at (4,152) size 300x180 [bgcolor=#FFFFE0]
        RenderText {#text} at (0,0) size 298x179
          text run at (0,0) width 191: "Curabiturpretium,quamquiss?"
          text run at (0,20) width 295: "empermalesuada,estliberofeugiatlibero,velfrin"
          text run at (0,40) width 147: "gillaorcinibhsedneque-"
          text run at (0,60) width 295: "Quisqueeunullanonnisimolestieaccumsan.Etia"
          text run at (0,80) width 209: "mtellusurna,laoreetac,laoreetnon"
          text run at (0,100) width 298: "suscipitsed,sapien.Phasellusvehicula,sematpos"
          text run at (0,120) width 236: "uerevehicula,auguenibhmolestienisl\x{AD}" + hyphen string "-"
          text run at (0,140) width 297: "necullamcorperlacusantevulputatepede.Nascet"
          text run at (0,160) width 100: "urridiculusmus."
      RenderBlock (floating) {DIV} at (312,152) size 300x260 [bgcolor=#FFFFE0]
        RenderText {#text} at (0,0) size 191x19
          text run at (0,0) width 191: "Curabiturpretium,quamquiss?"
        RenderBR {BR} at (190,15) size 1x0
        RenderText {#text} at (0,20) size 295x39
          text run at (0,20) width 295: "empermalesuada,estliberofeugiatlibero,velfrin"
          text run at (0,40) width 13: "gi"
        RenderBR {BR} at (12,55) size 1x0
        RenderText {#text} at (0,60) size 135x19
          text run at (0,60) width 135: "llaorcinibhsedneque-"
        RenderBR {BR} at (134,75) size 1x0
        RenderText {#text} at (0,80) size 295x39
          text run at (0,80) width 295: "Quisqueeunullanonnisimolestieaccumsan.Etia"
          text run at (0,100) width 13: "m"
        RenderBR {BR} at (12,115) size 1x0
        RenderText {#text} at (0,120) size 197x19
          text run at (0,120) width 197: "tellusurna,laoreetac,laoreetnon"
        RenderBR {BR} at (196,135) size 1x0
        RenderText {#text} at (0,140) size 298x39
          text run at (0,140) width 298: "suscipitsed,sapien.Phasellusvehicula,sematpos"
          text run at (0,160) width 8: "u"
        RenderBR {BR} at (8,175) size 0x0
        RenderText {#text} at (0,180) size 228x19
          text run at (0,180) width 228: "erevehicula,auguenibhmolestienisl-"
        RenderBR {BR} at (227,195) size 1x0
        RenderText {#text} at (0,200) size 297x39
          text run at (0,200) width 297: "necullamcorperlacusantevulputatepede.Nascet"
          text run at (0,220) width 8: "u"
        RenderBR {BR} at (8,235) size 0x0
        RenderText {#text} at (0,240) size 92x19
          text run at (0,240) width 92: "rridiculusmus."
