layer at (0,0) size 800x600
  RenderView at (0,0) size 800x600
layer at (0,0) size 800x600
  RenderBlock {HTML} at (0,0) size 800x600
    RenderBody {BODY} at (8,8) size 784x584
      RenderBlock {P} at (0,0) size 784x40
        RenderText {#text} at (0,0) size 177x19
          text run at (0,0) width 177: "This is a regression test for "
        RenderInline {I} at (0,0) size 724x39
          RenderInline {A} at (0,0) size 354x19 [color=#0000EE]
            RenderText {#text} at (176,0) size 354x19
              text run at (176,0) width 354: "http://bugzilla.opendarwin.org/show_bug.cgi?id=8485"
          RenderText {#text} at (529,0) size 724x39
            text run at (529,0) width 5: " "
            text run at (533,0) width 191: "iExploder(#11705): Freeze in"
            text run at (0,20) width 144: "RenderBlock::layout()"
        RenderText {#text} at (143,20) size 5x19
          text run at (143,20) width 5: "."
      RenderBlock {HR} at (0,56) size 784x2 [border: (1px inset #000000)]
      RenderBlock {DIV} at (0,66) size 30x278
        RenderText {#text} at (0,3) size 87x272
          text run at (0,3) width 0: " "
          text run at (0,142) width 87: "A"
