layer at (0,0) size 800x600
  RenderView at (0,0) size 800x600
layer at (0,0) size 800x600
  RenderBlock {HTML} at (0,0) size 800x600
    RenderBody {BODY} at (8,8) size 784x576
      RenderBlock {P} at (0,0) size 784x40
        RenderText {#text} at (0,0) size 326x19
          text run at (0,0) width 326: "Test for monospace width cache bug mentioned in "
        RenderInline {A} at (0,0) size 68x19 [color=#0000EE]
          RenderText {#text} at (325,0) size 68x19
            text run at (325,0) width 68: "bug 11197"
        RenderText {#text} at (392,0) size 5x19
          text run at (392,0) width 5: " "
        RenderInline {I} at (0,0) size 749x39
          RenderText {#text} at (396,0) size 749x39
            text run at (396,0) width 353: "REGRESSION: Specifying a counter for a CODE tag's"
            text run at (0,20) width 354: "content style property on before or after causes a crash"
        RenderText {#text} at (353,20) size 5x19
          text run at (353,20) width 5: "."
      RenderBlock {P} at (0,56) size 784x20
        RenderText {#text} at (0,0) size 376x19
          text run at (0,0) width 376: "The blue line and the black line should be the same length."
      RenderBlock {P} at (0,92) size 784x20
        RenderInline {SPAN} at (0,0) size 192x18 [border: none (1px solid #0000FF) none]
          RenderText {#text} at (0,3) size 192x17
            text run at (0,3) width 192: "\x{2500}\x{2500}\x{2500}\x{2500}\x{2500}\x{2500}\x{2500}\x{2500}\x{2500}\x{2500}\x{2500}\x{2500}"
