layer at (0,0) size 800x600
  RenderView at (0,0) size 800x600
layer at (0,0) size 800x600
  RenderBlock {HTML} at (0,0) size 800x600
    RenderBody {BODY} at (8,8) size 784x584
      RenderBlock {P} at (0,0) size 784x20
        RenderText {#text} at (0,0) size 54x19
          text run at (0,0) width 54: "Test for "
        RenderInline {I} at (0,0) size 714x19
          RenderInline {A} at (0,0) size 305x19 [color=#0000EE]
            RenderText {#text} at (53,0) size 305x19
              text run at (53,0) width 305: "http://bugs.webkit.org/show_bug.cgi?id=14758"
          RenderText {#text} at (357,0) size 410x19
            text run at (357,0) width 5: " "
            text run at (361,0) width 406: "REGRESSION: Repeated text after line break on facebook.com"
        RenderText {#text} at (766,0) size 5x19
          text run at (766,0) width 5: "."
      RenderBlock {P} at (0,36) size 784x20
        RenderText {#text} at (0,0) size 237x19
          text run at (0,0) width 237: "These two boxes should be identical:"
      RenderBlock {DIV} at (0,72) size 76x66 [border: (3px solid #000000)]
        RenderBlock (anonymous) at (3,3) size 70x40
          RenderText {#text} at (0,0) size 43x19
            text run at (0,0) width 43: "Lorem"
          RenderInline {SPAN} at (0,0) size 40x19
            RenderText {#text} at (0,20) size 40x19
              text run at (0,20) width 40: "ipsum"
          RenderText {#text} at (0,0) size 0x0
        RenderBlock {DIV} at (3,43) size 70x20
          RenderText {#text} at (0,0) size 34x19
            text run at (0,0) width 34: "dolor"
      RenderBlock (anonymous) at (0,138) size 784x20
        RenderBR {BR} at (0,0) size 0x19
      RenderBlock {DIV} at (0,158) size 76x66 [border: (3px solid #000000)]
        RenderBlock (anonymous) at (3,3) size 70x40
          RenderText {#text} at (0,0) size 43x39
            text run at (0,0) width 43: "Lorem"
            text run at (0,20) width 40: "ipsum"
        RenderBlock {DIV} at (3,43) size 70x20
          RenderText {#text} at (0,0) size 34x19
            text run at (0,0) width 34: "dolor"
