layer at (0,0) size 800x600
  RenderView at (0,0) size 800x600
layer at (0,0) size 800x600
  RenderBlock {HTML} at (0,0) size 800x600
    RenderBody {BODY} at (8,8) size 784x584
layer at (8,8) size 100x150
  RenderBlock {DIV} at (0,0) size 100x150 [color=#00000000]
    RenderText {#text} at (0,0) size 100x150
      text run at (0,0) width 7: "i "
      text run at (6,0) width 12: "x "
      text run at (17,0) width 15: "m "
      text run at (31,0) width 12: "n "
      text run at (42,0) width 12: "o "
      text run at (53,0) width 11: "p "
      text run at (63,0) width 12: "q "
      text run at (74,0) width 10: "r "
      text run at (83,0) width 10: "s "
      text run at (92,0) width 6: "t"
      text run at (0,15) width 11: "u "
      text run at (10,15) width 12: "v "
      text run at (21,15) width 14: "w "
      text run at (34,15) width 11: "x "
      text run at (44,15) width 11: "y "
      text run at (54,15) width 11: "z "
      text run at (64,15) width 8: "i "
      text run at (71,15) width 11: "x "
      text run at (81,15) width 12: "m"
      text run at (0,30) width 11: "n "
      text run at (10,30) width 12: "o "
      text run at (21,30) width 12: "p "
      text run at (32,30) width 11: "q "
      text run at (42,30) width 10: "r "
      text run at (51,30) width 10: "s "
      text run at (60,30) width 10: "t "
      text run at (69,30) width 12: "u "
      text run at (80,30) width 11: "v "
      text run at (90,30) width 10: "w"
      text run at (0,45) width 11: "x "
      text run at (10,45) width 11: "y "
      text run at (20,45) width 11: "z "
      text run at (30,45) width 8: "i "
      text run at (37,45) width 11: "x "
      text run at (47,45) width 16: "m "
      text run at (62,45) width 12: "n "
      text run at (73,45) width 11: "o "
      text run at (83,45) width 8: "p"
      text run at (0,60) width 11: "q "
      text run at (10,60) width 10: "r "
      text run at (19,60) width 10: "s "
      text run at (28,60) width 10: "t "
      text run at (37,60) width 11: "u "
      text run at (47,60) width 12: "v "
      text run at (58,60) width 14: "w "
      text run at (71,60) width 11: "x "
      text run at (81,60) width 11: "y "
      text run at (91,60) width 7: "z"
      text run at (0,75) width 7: "i "
      text run at (6,75) width 12: "x "
      text run at (17,75) width 15: "m "
      text run at (31,75) width 12: "n "
      text run at (42,75) width 12: "o "
      text run at (53,75) width 11: "p "
      text run at (63,75) width 12: "q "
      text run at (74,75) width 10: "r "
      text run at (83,75) width 10: "s "
      text run at (92,75) width 6: "t"
      text run at (0,90) width 11: "u "
      text run at (10,90) width 12: "v "
      text run at (21,90) width 14: "w "
      text run at (34,90) width 11: "x "
      text run at (44,90) width 11: "y "
      text run at (54,90) width 11: "z "
      text run at (64,90) width 8: "i "
      text run at (71,90) width 11: "x "
      text run at (81,90) width 12: "m"
      text run at (0,105) width 11: "n "
      text run at (10,105) width 12: "o "
      text run at (21,105) width 12: "p "
      text run at (32,105) width 11: "q "
      text run at (42,105) width 10: "r "
      text run at (51,105) width 10: "s "
      text run at (60,105) width 10: "t "
      text run at (69,105) width 12: "u "
      text run at (80,105) width 11: "v "
      text run at (90,105) width 10: "w"
      text run at (0,120) width 11: "x "
      text run at (10,120) width 11: "y "
      text run at (20,120) width 11: "z "
      text run at (30,120) width 8: "i "
      text run at (37,120) width 11: "x "
      text run at (47,120) width 16: "m "
      text run at (62,120) width 12: "n "
      text run at (73,120) width 11: "o "
      text run at (83,120) width 8: "p"
      text run at (0,135) width 11: "q "
      text run at (10,135) width 10: "r "
      text run at (19,135) width 10: "s "
      text run at (28,135) width 10: "t "
      text run at (37,135) width 8: "u"
selection start: position 0 of child 0 {#text} of child 0 {DIV} of body
selection end:   position 271 of child 0 {#text} of child 0 {DIV} of body
