layer at (0,0) size 800x600
  RenderView at (0,0) size 800x600
layer at (0,0) size 800x600
  RenderBlock {HTML} at (0,0) size 800x600
    RenderBody {BODY} at (8,8) size 784x576
      RenderBlock {P} at (0,0) size 784x20
        RenderText {#text} at (0,0) size 606x19
          text run at (0,0) width 478: "Test that the intensity of text-shadow does not depend on the transparency "
          text run at (477,0) width 129: "of the text fill color."
      RenderBlock {DIV} at (0,36) size 784x72
        RenderText {#text} at (0,0) size 48x25
          text run at (0,0) width 48: "A "
        RenderInline {SPAN} at (0,0) size 24x25 [color=#00000000]
          RenderText {#text} at (48,0) size 24x25
            text run at (48,0) width 24: "A"
        RenderText {#text} at (72,0) size 24x25
          text run at (72,0) width 24: " "
        RenderInline {SPAN} at (0,0) size 24x25 [color=#00000019]
          RenderText {#text} at (96,0) size 24x25
            text run at (96,0) width 24: "A"
        RenderText {#text} at (0,0) size 0x0
      RenderBlock {P} at (0,124) size 784x20
        RenderText {#text} at (0,0) size 408x19
          text run at (0,0) width 408: "There should be three identical green squares on the line above."
      RenderBlock {DIV} at (0,160) size 784x72
        RenderText {#text} at (0,0) size 48x25
          text run at (0,0) width 48: "A "
        RenderInline {SPAN} at (0,0) size 24x25 [color=#00000000]
          RenderText {#text} at (48,0) size 24x25
            text run at (48,0) width 24: "A"
        RenderText {#text} at (72,0) size 24x25
          text run at (72,0) width 24: " "
        RenderInline {SPAN} at (0,0) size 24x25 [color=#00000019]
          RenderText {#text} at (96,0) size 24x25
            text run at (96,0) width 24: "A"
        RenderText {#text} at (0,0) size 0x0
      RenderBlock {P} at (0,248) size 784x20
        RenderText {#text} at (0,0) size 479x19
          text run at (0,0) width 479: "There should be three identical soft-edged green squares on the line above."
      RenderBlock {DIV} at (0,284) size 784x72 [textStrokeColor=#0000FF] [textStrokeWidth=5.00]
        RenderText {#text} at (0,0) size 48x25
          text run at (0,0) width 48: "A "
        RenderInline {SPAN} at (0,0) size 24x25 [color=#00000000]
          RenderText {#text} at (48,0) size 24x25
            text run at (48,0) width 24: "A"
        RenderText {#text} at (72,0) size 24x25
          text run at (72,0) width 24: " "
        RenderInline {SPAN} at (0,0) size 24x25 [color=#00000019]
          RenderText {#text} at (96,0) size 24x25
            text run at (96,0) width 24: "A"
        RenderText {#text} at (0,0) size 0x0
      RenderBlock {P} at (0,372) size 784x20
        RenderText {#text} at (0,0) size 408x19
          text run at (0,0) width 408: "There should be three identical green squares on the line above."
