layer at (0,0) size 800x600
  RenderView at (0,0) size 800x600
layer at (0,0) size 800x600
  RenderBlock {HTML} at (0,0) size 800x600
    RenderBody {BODY} at (8,8) size 784x584
      RenderBlock {P} at (0,0) size 784x40
        RenderText {#text} at (0,0) size 54x19
          text run at (0,0) width 54: "Test for "
        RenderInline {I} at (0,0) size 747x39
          RenderText {#text} at (53,0) size 747x39
            text run at (53,0) width 694: "http://bugzilla.opendarwin.org/show_bug.cgi?id=6132 Incorrect selection highlighting for ATSUI text when"
            text run at (0,20) width 179: "selected range is \"CG-safe\""
        RenderText {#text} at (178,20) size 5x19
          text run at (178,20) width 5: "."
      RenderBlock {P} at (0,56) size 784x20
        RenderText {#text} at (0,0) size 720x19
          text run at (0,0) width 720: "The word \x{201C}dolor\x{201D} below should be highlighted in its entirety. The highlight should not extend beyond that word."
      RenderBlock {HR} at (0,92) size 784x2 [border: (1px inset #000000)]
      RenderBlock (anonymous) at (0,102) size 784x20
        RenderInline {SPAN} at (0,0) size 178x19
          RenderText {#text} at (0,0) size 178x19
            text run at (0,0) width 178: "Lo\x{308}re\x{300}m ipsum dolor sit amet"
        RenderText {#text} at (0,0) size 0x0
selection start: position 14 of child 0 {#text} of child 7 {SPAN} of body
selection end:   position 19 of child 0 {#text} of child 7 {SPAN} of body
