layer at (0,0) size 800x1050
  RenderView at (0,0) size 800x600
layer at (0,0) size 800x1050
  RenderBlock {HTML} at (0,0) size 800x1050
    RenderBody {BODY} at (8,16) size 784x1018
      RenderBlock {P} at (0,0) size 784x20
        RenderText {#text} at (0,0) size 438x19
          text run at (0,0) width 438: "In all of the following, there should not be a hyphen before \x{201C}lorem\x{201D}."
      RenderBlock {P} at (0,36) size 784x20
        RenderText {#text} at (0,0) size 20x19
          text run at (0,0) width 20: "Do"
        RenderBlock (floating) {SPAN} at (770,0) size 14x22 [border: (1px solid #FF0000)]
          RenderText {#text} at (1,1) size 12x19
            text run at (1,1) width 12: "X"
        RenderText {#text} at (19,0) size 81x19
          text run at (19,0) width 81: "\x{AD}lorem ipsum"
      RenderBlock {P} at (0,72) size 784x20
        RenderBlock (floating) {SPAN} at (770,0) size 14x22 [border: (1px solid #FF0000)]
          RenderText {#text} at (1,1) size 12x19
            text run at (1,1) width 12: "X"
        RenderText {#text} at (0,0) size 81x19
          text run at (0,0) width 81: "lorem ipsum"
      RenderBlock {P} at (0,108) size 784x22
        RenderText {#text} at (0,1) size 20x19
          text run at (0,1) width 20: "Do"
        RenderText {#text} at (33,1) size 81x19
          text run at (33,1) width 81: "\x{AD}lorem ipsum"
      RenderBlock {P} at (0,146) size 784x20
        RenderText {#text} at (0,0) size 20x19
          text run at (0,0) width 20: "Do"
        RenderText {#text} at (19,0) size 81x19
          text run at (19,0) width 81: "\x{AD}lorem ipsum"
      RenderBlock (anonymous) at (0,182) size 784x20
        RenderText {#text} at (0,0) size 20x19
          text run at (0,0) width 20: "Do"
      RenderBlock {P} at (0,218) size 784x20
        RenderText {#text} at (0,0) size 81x19
          text run at (0,0) width 81: "lorem ipsum"
      RenderBlock {P} at (0,254) size 784x40
        RenderText {#text} at (0,0) size 20x19
          text run at (0,0) width 20: "Do"
        RenderBR {BR} at (19,15) size 1x0
        RenderText {#text} at (0,20) size 81x19
          text run at (0,20) width 81: "lorem ipsum"
      RenderBlock {P} at (0,310) size 784x20
        RenderText {#text} at (0,0) size 20x19
          text run at (0,0) width 20: "Do"
        RenderInline {SPAN} at (0,0) size 38x19
          RenderText {#text} at (19,0) size 38x19
            text run at (19,0) width 38: "\x{AD}lorem"
        RenderText {#text} at (56,0) size 44x19
          text run at (56,0) width 44: " ipsum"
      RenderBlock {P} at (0,346) size 784x20
        RenderText {#text} at (0,0) size 12x19
          text run at (0,0) width 12: "D"
        RenderInline {SPAN} at (0,0) size 9x19
          RenderText {#text} at (11,0) size 9x19
            text run at (11,0) width 9: "o"
        RenderText {#text} at (19,0) size 81x19
          text run at (19,0) width 81: "\x{AD}lorem ipsum"
      RenderBlock {P} at (0,382) size 784x20
        RenderText {#text} at (0,0) size 24x19
          text run at (0,0) width 24: "Do "
        RenderInline {SPAN} at (0,0) size 38x19
          RenderText {#text} at (23,0) size 38x19
            text run at (23,0) width 38: "\x{AD}lorem"
        RenderText {#text} at (60,0) size 44x19
          text run at (60,0) width 44: " ipsum"
      RenderBlock {P} at (0,418) size 784x20
        RenderText {#text} at (0,0) size 12x19
          text run at (0,0) width 12: "D"
        RenderInline {SPAN} at (0,0) size 13x19
          RenderText {#text} at (11,0) size 13x19
            text run at (11,0) width 13: "o "
        RenderText {#text} at (23,0) size 81x19
          text run at (23,0) width 81: "\x{AD}lorem ipsum"
      RenderBlock {P} at (0,454) size 784x20
        RenderText {#text} at (0,0) size 24x19
          text run at (0,0) width 24: "Do "
        RenderInline {SPAN} at (0,0) size 38x19
          RenderText {#text} at (23,0) size 38x19
            text run at (23,0) width 38: "\x{AD}lorem"
        RenderText {#text} at (60,0) size 44x19
          text run at (60,0) width 44: " ipsum"
      RenderBlock {P} at (0,490) size 784x20
        RenderText {#text} at (0,0) size 12x19
          text run at (0,0) width 12: "D"
        RenderInline {SPAN} at (0,0) size 13x19
          RenderText {#text} at (11,0) size 13x19
            text run at (11,0) width 13: "o "
        RenderText {#text} at (23,0) size 81x19
          text run at (23,0) width 81: "\x{AD}lorem ipsum"
      RenderBlock {P} at (0,526) size 784x20
        RenderText {#text} at (0,0) size 65x19
          text run at (0,0) width 65: "Do \x{AD} lorem"
      RenderBlock {P} at (0,562) size 784x20
        RenderText {#text} at (0,0) size 61x19
          text run at (0,0) width 61: "Do\x{AD} \x{AD}lorem"
      RenderBlock {P} at (0,598) size 784x20
        RenderText {#text} at (0,0) size 61x19
          text run at (0,0) width 24: "Do "
          text run at (23,0) width 38: "\x{AD}lorem"
      RenderBlock {P} at (0,634) size 784x20
        RenderText {#text} at (0,0) size 61x19
          text run at (0,0) width 24: "Do\x{AD} "
          text run at (23,0) width 38: "lorem"
      RenderBlock {P} at (0,670) size 784x20
        RenderText {#text} at (0,0) size 65x19
          text run at (0,0) width 28: "Do \x{AD} "
          text run at (27,0) width 38: "lorem"
      RenderBlock {P} at (0,706) size 784x20
        RenderText {#text} at (0,0) size 65x19
          text run at (0,0) width 24: "Do "
          text run at (23,0) width 42: "\x{AD} lorem"
      RenderBlock {P} at (0,742) size 784x20
        RenderText {#text} at (0,0) size 20x19
          text run at (0,0) width 20: "Do"
        RenderInline {SPAN} at (0,0) size 1x19
        RenderText {#text} at (19,0) size 81x19
          text run at (19,0) width 81: "\x{AD}lorem ipsum"
      RenderBlock {P} at (0,778) size 784x20
        RenderText {#text} at (0,0) size 100x19
          text run at (0,0) width 100: "Do\x{AD}\x{AD}lorem ipsum"
      RenderBlock {P} at (0,814) size 784x20
        RenderInline {SPAN} at (0,0) size 20x19
          RenderText {#text} at (0,0) size 20x19
            text run at (0,0) width 20: "Do\x{AD}"
        RenderText {#text} at (19,0) size 81x19
          text run at (19,0) width 81: "\x{AD}lorem ipsum"
      RenderBlock {P} at (0,850) size 784x20
        RenderText {#text} at (0,0) size 20x19
          text run at (0,0) width 20: "Do\x{AD}"
        RenderInline {SPAN} at (0,0) size 81x19
          RenderText {#text} at (19,0) size 81x19
            text run at (19,0) width 81: "\x{AD}lorem ipsum"
      RenderBlock {P} at (0,886) size 784x20
        RenderInline {SPAN} at (0,0) size 20x19
          RenderText {#text} at (0,0) size 20x19
            text run at (0,0) width 20: "Do\x{AD}\x{AD}"
        RenderText {#text} at (19,0) size 81x19
          text run at (19,0) width 81: "lorem ipsum"
      RenderBlock {P} at (0,922) size 784x20
        RenderText {#text} at (0,0) size 251x19
          text run at (0,0) width 251: "The following pair should be the same:"
      RenderBlock {P} at (0,958) size 784x22
        RenderText {#text} at (0,1) size 16x19
          text run at (0,1) width 16: "W"
        RenderBlock {SPAN} at (15,0) size 14x22 [border: (1px solid #FF0000)]
          RenderText {#text} at (1,1) size 12x19
            text run at (1,1) width 12: "X"
        RenderText {#text} at (28,1) size 13x19
          text run at (28,1) width 13: "Y"
      RenderBlock {P} at (0,996) size 784x22
        RenderText {#text} at (0,1) size 16x19
          text run at (0,1) width 16: "W"
        RenderBlock {SPAN} at (15,0) size 14x22 [border: (1px solid #FF0000)]
          RenderText {#text} at (1,1) size 12x19
            text run at (1,1) width 12: "X"
        RenderText {#text} at (28,1) size 13x19
          text run at (28,1) width 13: "Y"
layer at (28,124) size 13x22
  RenderBlock (relative positioned) {SPAN} at (19,0) size 15x22 [border: (1px solid #FF0000)]
    RenderText {#text} at (1,1) size 12x19
      text run at (1,1) width 12: "X"
layer at (786,162) size 14x22
  RenderBlock (positioned) {SPAN} at (786,162) size 14x22 [border: (1px solid #FF0000)]
    RenderText {#text} at (1,1) size 12x19
      text run at (1,1) width 12: "X"
