layer at (0,0) size 800x600
  RenderView at (0,0) size 800x600
layer at (0,0) size 800x600
  RenderBlock {HTML} at (0,0) size 800x600
    RenderBody {BODY} at (8,8) size 776x584
      RenderBlock {P} at (0,0) size 20x584
        RenderText {#text} at (0,0) size 19x48
          text run at (0,0) width 48: "Times: "
        RenderInline {SPAN} at (0,0) size 19x17
          RenderCombineText {#text} at (0,47) size 19x17
            text run at (0,47) width 16: "\x{FFFC}"
      RenderBlock {P} at (36,0) size 25x584
        RenderText {#text} at (4,0) size 17x170
          text run at (4,0) width 170: "Hiragino Mincho Pro: "
        RenderInline {SPAN} at (0,0) size 17x17
          RenderCombineText {#text} at (4,169) size 17x17
            text run at (4,169) width 16: "\x{FFFC}"
      RenderBlock {P} at (77,0) size 23x584
        RenderText {#text} at (0,0) size 23x132
          text run at (0,0) width 132: "STHeitiSC-Light: "
        RenderInline {SPAN} at (0,0) size 23x17
          RenderCombineText {#text} at (0,131) size 23x17
            text run at (0,131) width 16: "\x{FFFC}"
