layer at (0,0) size 800x600
  RenderView at (0,0) size 800x600
layer at (0,0) size 800x600
  RenderBlock {HTML} at (0,0) size 800x600
    RenderBody {BODY} at (8,8) size 784x584
      RenderBlock (floating) {DIV} at (8,8) size 200x52 [bgcolor=#FFFFE0]
        RenderText {#text} at (0,0) size 196x52
          text run at (0,0) width 189: "Lorem ipsum dolor"
          text run at (188,0) width 8: " "
          text run at (0,26) width 83: "sit amet"
      RenderBlock (floating) {DIV} at (224,8) size 200x52 [bgcolor=#FFFFE0]
        RenderText {#text} at (5,0) size 196x52
          text run at (5,0) width 190: "Lorem ipsum dolor"
          text run at (194,0) width 7: " "
          text run at (58,26) width 84: "sit amet"
      RenderBlock (floating) {DIV} at (440,8) size 200x52 [bgcolor=#FFFFE0]
        RenderText {#text} at (11,0) size 189x52
          text run at (11,0) width 189: "Lorem ipsum dolor"
          text run at (200,0) width 0: " "
          text run at (117,26) width 83: "sit amet"
      RenderBlock (floating) {DIV} at (8,76) size 200x52 [bgcolor=#FFFFE0]
        RenderText {#text} at (0,0) size 200x52
          text run at (0,0) width 200: "Lorem ipsum dolor"
          text run at (200,0) width 0: " "
          text run at (0,26) width 83: "sit amet"
      RenderBlock (floating) {DIV} at (224,76) size 200x52 [bgcolor=#FFFFE0]
        RenderText {#text} at (0,0) size 189x52
          text run at (0,0) width 0 RTL: " "
          text run at (0,0) width 189: "Lorem ipsum dolor"
          text run at (0,26) width 83: "sit amet"
      RenderBlock (floating) {DIV} at (440,76) size 200x52 [bgcolor=#FFFFE0]
        RenderText {#text} at (0,0) size 196x52
          text run at (0,0) width 6 RTL: " "
          text run at (5,0) width 190: "Lorem ipsum dolor"
          text run at (58,26) width 84: "sit amet"
      RenderBlock (floating) {DIV} at (8,144) size 200x52 [bgcolor=#FFFFE0]
        RenderText {#text} at (4,0) size 196x52
          text run at (4,0) width 8 RTL: " "
          text run at (11,0) width 189: "Lorem ipsum dolor"
          text run at (117,26) width 83: "sit amet"
      RenderBlock (floating) {DIV} at (224,144) size 200x52 [bgcolor=#FFFFE0]
        RenderText {#text} at (0,0) size 200x52
          text run at (0,0) width 0 RTL: " "
          text run at (0,0) width 200: "Lorem ipsum dolor"
          text run at (117,26) width 83: "sit amet"
      RenderBlock (floating) {DIV} at (440,144) size 200x56 [bgcolor=#FFFFE0]
        RenderText {#text} at (0,0) size 187x54
          text run at (0,0) width 138: "Lorem ipsum "
          text run at (137,0) width 43 RTL: "\x{5D0}\x{5E0}\x{5D8}\x{5E3}"
          text run at (179,0) width 8: " "
          text run at (0,28) width 37 RTL: "\x{5E9}\x{5DC}\x{5D2}\x{5D9}"
          text run at (36,28) width 59: " amet"
      RenderBlock (floating) {DIV} at (8,216) size 200x56 [bgcolor=#FFFFE0]
        RenderText {#text} at (10,0) size 187x54
          text run at (10,0) width 139: "Lorem ipsum "
          text run at (148,0) width 42 RTL: "\x{5D0}\x{5E0}\x{5D8}\x{5E3}"
          text run at (189,0) width 8: " "
          text run at (52,28) width 37 RTL: "\x{5E9}\x{5DC}\x{5D2}\x{5D9}"
          text run at (88,28) width 60: " amet"
      RenderBlock (floating) {DIV} at (224,216) size 200x56 [bgcolor=#FFFFE0]
        RenderText {#text} at (20,0) size 180x54
          text run at (20,0) width 139: "Lorem ipsum "
          text run at (158,0) width 42 RTL: "\x{5D0}\x{5E0}\x{5D8}\x{5E3}"
          text run at (200,0) width 0: " "
          text run at (105,28) width 37 RTL: "\x{5E9}\x{5DC}\x{5D2}\x{5D9}"
          text run at (141,28) width 59: " amet"
      RenderBlock (floating) {DIV} at (440,216) size 200x56 [bgcolor=#FFFFE0]
        RenderText {#text} at (0,0) size 200x54
          text run at (0,0) width 159: "Lorem ipsum "
          text run at (158,0) width 42 RTL: "\x{5D0}\x{5E0}\x{5D8}\x{5E3}"
          text run at (200,0) width 0: " "
          text run at (0,28) width 37 RTL: "\x{5E9}\x{5DC}\x{5D2}\x{5D9}"
          text run at (36,28) width 59: " amet"
      RenderBlock (floating) {DIV} at (8,288) size 200x56 [bgcolor=#FFFFE0]
        RenderText {#text} at (0,0) size 180x54
          text run at (0,0) width 0 RTL: " "
          text run at (0,0) width 49 RTL: " \x{5D0}\x{5E0}\x{5D8}\x{5E3}"
          text run at (48,0) width 132: "Lorem ipsum"
          text run at (0,28) width 52: "amet"
          text run at (51,28) width 44 RTL: "\x{5E9}\x{5DC}\x{5D2}\x{5D9} "
      RenderBlock (floating) {DIV} at (224,288) size 200x56 [bgcolor=#FFFFE0]
        RenderText {#text} at (3,0) size 187x54
          text run at (3,0) width 8 RTL: " "
          text run at (10,0) width 49 RTL: " \x{5D0}\x{5E0}\x{5D8}\x{5E3}"
          text run at (58,0) width 132: "Lorem ipsum"
          text run at (52,28) width 53: "amet"
          text run at (104,28) width 44 RTL: "\x{5E9}\x{5DC}\x{5D2}\x{5D9} "
      RenderBlock (floating) {DIV} at (440,288) size 200x56 [bgcolor=#FFFFE0]
        RenderText {#text} at (13,0) size 187x54
          text run at (13,0) width 8 RTL: " "
          text run at (20,0) width 50 RTL: " \x{5D0}\x{5E0}\x{5D8}\x{5E3}"
          text run at (69,0) width 131: "Lorem ipsum"
          text run at (105,28) width 52: "amet"
          text run at (156,28) width 44 RTL: "\x{5E9}\x{5DC}\x{5D2}\x{5D9} "
      RenderBlock (floating) {DIV} at (8,360) size 200x56 [bgcolor=#FFFFE0]
        RenderText {#text} at (0,0) size 200x54
          text run at (0,0) width 0 RTL: " "
          text run at (0,0) width 59 RTL: " \x{5D0}\x{5E0}\x{5D8}\x{5E3}"
          text run at (58,0) width 142: "Lorem ipsum"
          text run at (105,28) width 52: "amet"
          text run at (156,28) width 44 RTL: "\x{5E9}\x{5DC}\x{5D2}\x{5D9} "
