layer at (0,0) size 800x600
  RenderView at (0,0) size 800x600
layer at (0,0) size 800x219
  RenderBlock {HTML} at (0,0) size 800x219
    RenderBody {BODY} at (8,16) size 784x195
      RenderBlock {P} at (0,0) size 784x40
        RenderText {#text} at (0,0) size 775x39
          text run at (0,0) width 775: "This tests line break on vertical text. The test should be run on a cold font cache and refreshing the page should not show"
          text run at (0,20) width 69: "difference."
      RenderBlock {DIV} at (0,56) size 98x139
        RenderText {#text} at (0,19) size 44x120
          text run at (0,19) width 120 RTL: "\x{5D0}\x{5E0}\x{5D9} \x{5D7}\x{5EA}\x{5D5}\x{5DC}. \x{5D0}\x{5D9}\x{5DF}"
          text run at (23,74) width 65 RTL: "\x{5DC}\x{5D9} \x{5E9}\x{5DD}."
