layer at (0,0) size 800x600
  RenderView at (0,0) size 800x600
layer at (0,0) size 800x600
  RenderBlock {HTML} at (0,0) size 800x600
    RenderBody {BODY} at (8,8) size 784x576
      RenderBlock {P} at (0,0) size 784x40
        RenderText {#text} at (0,0) size 54x19
          text run at (0,0) width 54: "Test for "
        RenderInline {I} at (0,0) size 759x39
          RenderInline {A} at (0,0) size 305x19 [color=#0000EE]
            RenderText {#text} at (53,0) size 305x19
              text run at (53,0) width 305: "http://bugs.webkit.org/show_bug.cgi?id=15367"
          RenderText {#text} at (357,0) size 759x39
            text run at (357,0) width 5: " "
            text run at (361,0) width 398: "Assertion failure inspecting a document including soft hyphen"
            text run at (0,20) width 76: "code (0xad)"
        RenderText {#text} at (75,20) size 5x19
          text run at (75,20) width 5: "."
      RenderBlock {P} at (0,56) size 784x20
        RenderText {#text} at (0,0) size 499x19
          text run at (0,0) width 499: "The following text should not wrap and the border should fit tightly around it."
layer at (8,100) size 116x26
  RenderBlock (positioned) {DIV} at (8,100) size 116x26 [border: (3px solid #000000)]
    RenderText {#text} at (3,3) size 110x19
      text run at (3,3) width 110: "Two soft\x{AD}hyp\x{AD}hens"
