layer at (0,0) size 800x600
  RenderView at (0,0) size 800x600
layer at (0,0) size 800x600
  RenderBlock {HTML} at (0,0) size 800x600
    RenderBody {BODY} at (8,8) size 784x584
      RenderTable {TABLE} at (0,0) size 662x52 [border: (1px outset #808080)]
        RenderTableCol {COLGROUP} at (0,0) size 0x0
          RenderTableCol {COL} at (0,0) size 0x0
          RenderTableCol {COL} at (0,0) size 0x0
          RenderTableCol {COL} at (0,0) size 0x0
        RenderTableSection {TBODY} at (1,1) size 660x50
          RenderTableRow {TR} at (0,2) size 660x22
            RenderTableCell {TD} at (2,2) size 500x22 [border: (1px inset #808080)] [r=0 c=0 rs=1 cs=1]
              RenderText {#text} at (2,2) size 72x18
                text run at (2,2) width 72: "col 1 row 1"
            RenderTableCell {TD} at (504,2) size 76x22 [border: (1px inset #808080)] [r=0 c=1 rs=1 cs=1]
              RenderText {#text} at (2,2) size 72x18
                text run at (2,2) width 72: "col 2 row 1"
            RenderTableCell {TD} at (582,2) size 76x22 [border: (1px inset #808080)] [r=0 c=2 rs=1 cs=1]
              RenderText {#text} at (2,2) size 72x18
                text run at (2,2) width 72: "col 3 row 1"
          RenderTableRow {TR} at (0,26) size 660x22
            RenderTableCell {TD} at (2,26) size 500x22 [border: (1px inset #808080)] [r=1 c=0 rs=1 cs=1]
              RenderText {#text} at (2,2) size 72x18
                text run at (2,2) width 72: "col 1 row 2"
            RenderTableCell {TD} at (504,26) size 76x22 [border: (1px inset #808080)] [r=1 c=1 rs=1 cs=1]
              RenderText {#text} at (2,2) size 72x18
                text run at (2,2) width 72: "col 2 row 2"
            RenderTableCell {TD} at (582,26) size 76x22 [border: (1px inset #808080)] [r=1 c=2 rs=1 cs=1]
              RenderText {#text} at (2,2) size 72x18
                text run at (2,2) width 72: "col 3 row 3"
      RenderBlock (anonymous) at (0,52) size 784x25
        RenderButton {BUTTON} at (2,2) size 386x21 [bgcolor=#F0F0F0] [border: (2px outset #F0F0F0)]
          RenderBlock (anonymous) at (8,3) size 370x15
            RenderText {#text} at (0,0) size 370x15
              text run at (0,0) width 370: "Click me to test manually. The first column should grow to 500px."
        RenderText {#text} at (0,0) size 0x0
        RenderText {#text} at (0,0) size 0x0
