layer at (0,0) size 800x600
  RenderView at (0,0) size 800x600
layer at (0,0) size 800x600
  RenderBlock {HTML} at (0,0) size 800x600
    RenderBody {BODY} at (8,8) size 784x576
      RenderBlock {H1} at (0,0) size 784x37
        RenderText {#text} at (0,0) size 231x37
          text run at (0,0) width 231: "Min-Width Tests"
      RenderTable {TABLE} at (0,58) size 784x87 [border: (2px outset #808080)]
        RenderTableSection {TBODY} at (2,2) size 780x82
          RenderTableRow {TR} at (0,0) size 780x82
            RenderTableCell {TD} at (0,0) size 131x82 [border: (1px inset #808080)] [r=0 c=0 rs=1 cs=1]
              RenderMenuList {SELECT} at (1,1) size 129x80 [bgcolor=#FFFFFF] [border: (40px solid #FF0000)]
                RenderBlock (anonymous) at (40,40) size 49x16
                  RenderText at (8,1) size 20x13
                    text run at (8,1) width 20: "Foo"
            RenderTableCell {TD} at (131,40) size 649x2 [border: (1px inset #808080)] [r=0 c=1 rs=1 cs=1]
      RenderBlock {P} at (0,160) size 784x25
        RenderTable {TABLE} at (0,0) size 784x24 [border: (2px outset #808080)]
          RenderTableSection {TBODY} at (2,2) size 780x20
            RenderTableRow {TR} at (0,0) size 780x20
              RenderTableCell {TD} at (0,0) size 18x20 [border: (1px inset #808080)] [r=0 c=0 rs=1 cs=1]
                RenderBlock {INPUT} at (3,4) size 12x12
              RenderTableCell {TD} at (18,9) size 762x2 [border: (1px inset #808080)] [r=0 c=1 rs=1 cs=1]
      RenderBlock {P} at (0,200) size 784x25
        RenderTable {TABLE} at (0,0) size 784x24 [border: (2px outset #808080)]
          RenderTableSection {TBODY} at (2,2) size 780x20
            RenderTableRow {TR} at (0,0) size 780x20
              RenderTableCell {TD} at (0,0) size 18x20 [border: (1px inset #808080)] [r=0 c=0 rs=1 cs=1]
                RenderBlock {INPUT} at (3,4) size 12x12
              RenderTableCell {TD} at (18,9) size 762x2 [border: (1px inset #808080)] [r=0 c=1 rs=1 cs=1]
      RenderBlock {P} at (0,240) size 784x25
        RenderTable {TABLE} at (0,0) size 784x24 [border: (2px outset #808080)]
          RenderTableSection {TBODY} at (2,2) size 780x20
            RenderTableRow {TR} at (0,0) size 780x20
              RenderTableCell {TD} at (0,0) size 38x20 [border: (1px inset #808080)] [r=0 c=0 rs=1 cs=1]
                RenderButton {INPUT} at (1,1) size 36x18 [color=#000000D8] [bgcolor=#C0C0C0] [border: none (2px outset #C0C0C0) none (2px outset #C0C0C0)]
                  RenderBlock (anonymous) at (8,2) size 20x13
                    RenderText at (0,0) size 20x13
                      text run at (0,0) width 20: "Foo"
              RenderTableCell {TD} at (37,9) size 743x2 [border: (1px inset #808080)] [r=0 c=1 rs=1 cs=1]
      RenderBlock {P} at (0,280) size 784x268
        RenderTable {TABLE} at (0,0) size 784x91 [border: (2px outset #808080)]
          RenderTableSection {TBODY} at (2,2) size 780x87
            RenderTableRow {TR} at (0,0) size 780x87
              RenderTableCell {TD} at (0,0) size 114x87 [border: (1px inset #808080)] [r=0 c=0 rs=1 cs=1]
                RenderButton {INPUT} at (1,1) size 112x85 [color=#000000D8] [bgcolor=#C0C0C0] [border: (40px solid #FF0000)]
                  RenderBlock (anonymous) at (46,42) size 20x13
                    RenderText at (0,0) size 20x13
                      text run at (0,0) width 20: "Foo"
              RenderTableCell {TD} at (113,42) size 667x3 [border: (1px inset #808080)] [r=0 c=1 rs=1 cs=1]
        RenderTable {TABLE} at (0,91) size 784x91 [border: (2px outset #808080)]
          RenderTableSection {TBODY} at (2,2) size 780x87
            RenderTableRow {TR} at (0,0) size 780x87
              RenderTableCell {TD} at (0,0) size 164x87 [border: (1px inset #808080)] [r=0 c=0 rs=1 cs=1]
                RenderButton {INPUT} at (1,1) size 162x85 [color=#000000D8] [bgcolor=#C0C0C0] [border: (40px solid #FF0000)]
                  RenderBlock (anonymous) at (46,42) size 70x13
                    RenderText at (0,0) size 70x13
                      text run at (0,0) width 70: "Submit a bug"
              RenderTableCell {TD} at (163,42) size 617x3 [border: (1px inset #808080)] [r=0 c=1 rs=1 cs=1]
        RenderBlock (anonymous) at (0,182) size 784x85
          RenderButton {INPUT} at (0,0) size 112x85 [color=#000000D8] [bgcolor=#C0C0C0] [border: (40px solid #FF0000)]
            RenderBlock (anonymous) at (46,42) size 20x13
              RenderText at (0,0) size 20x13
                text run at (0,0) width 20: "Foo"
