layer at (0,0) size 800x600
  RenderView at (0,0) size 800x600
layer at (0,0) size 800x600
  RenderBlock {HTML} at (0,0) size 800x600
    RenderBody {BODY} at (8,8) size 784x584
      RenderMenuList {SELECT} at (2,0) size 58x18 [color=#000000D8] [bgcolor=#FFFFFF]
        RenderBlock (anonymous) at (0,0) size 58x18
          RenderText at (8,2) size 27x13
            text run at (8,2) width 27: "Hello"
      RenderBlock (anonymous) at (0,20) size 784x18
        RenderText {#text} at (0,0) size 297x18
          text run at (0,0) width 297: "This text should be *below* the select widget."
