layer at (0,0) size 800x600
  RenderView at (0,0) size 800x600
layer at (0,0) size 800x600
  RenderBlock {HTML} at (0,0) size 800x600
    RenderBody {BODY} at (8,8) size 784x584
      RenderMenuList {SELECT} at (2,2) size 58x18 [color=#000000D8] [bgcolor=#FFFFFF]
        RenderBlock (anonymous) at (0,0) size 58x18
          RenderText at (8,2) size 27x13
            text run at (8,2) width 27: "Hello"
      RenderText {#text} at (62,1) size 4x18
        text run at (62,1) width 4: " "
      RenderMenuList {SELECT} at (68,2) size 79x18 [color=#000000D8] [bgcolor=#FFFFFF]
        RenderBlock (anonymous) at (0,0) size 79x18
          RenderText at (8,2) size 48x13
            text run at (8,2) width 48: "Goodbye"
      RenderText {#text} at (0,0) size 0x0
