layer at (0,0) size 785x1426
  RenderView at (0,0) size 785x600
layer at (0,0) size 785x1426
  RenderBlock {HTML} at (0,0) size 785x1426
    RenderBody {BODY} at (0,0) size 785x1426
      RenderIFrame {IFRAME} at (0,0) size 785x742
        layer at (0,0) size 785x742
          RenderView at (0,0) size 785x742
        layer at (0,0) size 785x717
          RenderBlock {HTML} at (0,0) size 785x717
            RenderBody {BODY} at (0,5) size 785x712
              RenderBlock {DIV} at (0,0) size 785x18
                RenderText {#text} at (0,0) size 196x18
                  text run at (0,0) width 196: "CompatMode: CSS1Compat"
              RenderBlock (anonymous) at (0,23) size 785x689
                RenderBlock {DIV} at (0,30) size 163x51 [border: (1px solid #0000FF)]
                  RenderBlock {SPAN} at (1,12) size 80x0
                  RenderBR {BR} at (81,1) size 0x14
                RenderBlock {DIV} at (163,30) size 163x51 [border: (1px solid #0000FF)]
                  RenderBlock {SPAN} at (1,1) size 80x14
                    RenderText {#text} at (0,0) size 78x14
                      text run at (0,0) width 78: "disabled: \"true\","
                  RenderBR {BR} at (81,1) size 0x14
                RenderBlock {DIV} at (326,0) size 179x81 [border: (1px solid #0000FF)]
                  RenderBlock {SPAN} at (1,1) size 80x28
                    RenderText {#text} at (0,0) size 79x28
                      text run at (0,0) width 26: "style:"
                      text run at (0,14) width 79: "\"padding:10px\","
                  RenderBR {BR} at (81,15) size 0x14
                RenderBlock {DIV} at (505,20) size 159x61 [border: (1px solid #0000FF)]
                  RenderBlock {SPAN} at (1,1) size 80x28
                    RenderText {#text} at (0,0) size 73x28
                      text run at (0,0) width 26: "style:"
                      text run at (0,14) width 73: "\"padding:0px\","
                  RenderBR {BR} at (81,15) size 0x14
                RenderBlock {DIV} at (0,111) size 183x85 [border: (1px solid #0000FF)]
                  RenderBlock {SPAN} at (1,1) size 80x28
                    RenderText {#text} at (0,0) size 74x28
                      text run at (0,0) width 26: "style:"
                      text run at (0,14) width 74: "\"margin:10px\","
                  RenderBR {BR} at (81,15) size 0x14
                RenderBlock {DIV} at (183,131) size 163x65 [border: (1px solid #0000FF)]
                  RenderBlock {SPAN} at (1,1) size 80x28
                    RenderText {#text} at (0,0) size 68x28
                      text run at (0,0) width 26: "style:"
                      text run at (0,14) width 68: "\"margin:0px\","
                  RenderBR {BR} at (81,15) size 0x14
                RenderBlock {DIV} at (346,131) size 82x65 [border: (1px solid #0000FF)]
                  RenderBlock {SPAN} at (1,1) size 80x28
                    RenderText {#text} at (0,0) size 68x28
                      text run at (0,0) width 26: "style:"
                      text run at (0,14) width 68: "\"width:60px\","
                  RenderBR {BR} at (81,15) size 0x14
                RenderBlock {DIV} at (428,81) size 104x115 [border: (1px solid #0000FF)]
                  RenderBlock {SPAN} at (1,1) size 80x42
                    RenderText {#text} at (0,0) size 74x42
                      text run at (0,0) width 26: "style:"
                      text run at (0,14) width 63: "\"width:60px;"
                      text run at (0,28) width 74: "padding:20px\","
                  RenderBR {BR} at (81,29) size 0x14
                RenderBlock {DIV} at (532,121) size 82x75 [border: (1px solid #0000FF)]
                  RenderBlock {SPAN} at (1,1) size 80x42
                    RenderText {#text} at (0,0) size 63x42
                      text run at (0,0) width 26: "style:"
                      text run at (0,14) width 63: "\"width:60px;"
                      text run at (0,28) width 56: "padding:0\","
                  RenderBR {BR} at (81,29) size 0x14
                RenderBlock {DIV} at (614,97) size 163x99 [border: (1px solid #0000FF)]
                  RenderBlock {SPAN} at (1,1) size 80x28
                    RenderText {#text} at (0,0) size 71x28
                      text run at (0,0) width 26: "style:"
                      text run at (0,14) width 71: "\"height:60px\","
                  RenderBR {BR} at (81,15) size 0x14
                RenderBlock {DIV} at (0,210) size 82x113 [border: (1px solid #0000FF)]
                  RenderBlock {SPAN} at (1,1) size 80x42
                    RenderText {#text} at (0,0) size 66x42
                      text run at (0,0) width 26: "style:"
                      text run at (0,14) width 63: "\"width:60px;"
                      text run at (0,28) width 66: "height:60px\","
                  RenderBR {BR} at (81,29) size 0x14
                RenderBlock {DIV} at (82,258) size 163x65 [border: (1px solid #0000FF)]
                  RenderBlock {SPAN} at (1,1) size 80x28
                    RenderText {#text} at (0,0) size 92x28
                      text run at (0,0) width 26: "style:"
                      text run at (0,14) width 92: "\"overflow:hidden\","
                  RenderBR {BR} at (81,15) size 0x14
                RenderBlock {DIV} at (245,243) size 163x80 [border: (1px solid #0000FF)]
                  RenderBlock {SPAN} at (1,1) size 80x28
                    RenderText {#text} at (0,0) size 86x28
                      text run at (0,0) width 26: "style:"
                      text run at (0,14) width 86: "\"overflow:scroll\","
                  RenderBR {BR} at (81,15) size 0x14
                RenderBlock {DIV} at (408,196) size 82x127 [border: (1px solid #0000FF)]
                  RenderBlock {SPAN} at (1,1) size 80x56
                    RenderText {#text} at (0,0) size 87x56
                      text run at (0,0) width 26: "style:"
                      text run at (0,14) width 87: "\"overflow:hidden;"
                      text run at (0,28) width 59: "width:60px;"
                      text run at (0,42) width 66: "height:60px\","
                  RenderBR {BR} at (81,43) size 0x14
                RenderBlock {DIV} at (490,196) size 82x127 [border: (1px solid #0000FF)]
                  RenderBlock {SPAN} at (1,1) size 80x56
                    RenderText {#text} at (0,0) size 81x56
                      text run at (0,0) width 26: "style:"
                      text run at (0,14) width 81: "\"overflow:scroll;"
                      text run at (0,28) width 59: "width:60px;"
                      text run at (0,42) width 66: "height:60px\","
                  RenderBR {BR} at (81,43) size 0x14
                RenderBlock {DIV} at (572,210) size 82x113 [border: (1px solid #0000FF)]
                  RenderBlock {SPAN} at (1,1) size 80x42
                    RenderText {#text} at (0,0) size 74x42
                      text run at (0,0) width 74: "cols: \"5\", style:"
                      text run at (0,14) width 63: "\"width:60px;"
                      text run at (0,28) width 66: "height:60px\","
                  RenderBR {BR} at (81,29) size 0x14
                RenderBlock {DIV} at (654,210) size 82x113 [border: (1px solid #0000FF)]
                  RenderBlock {SPAN} at (1,1) size 80x42
                    RenderText {#text} at (0,0) size 78x42
                      text run at (0,0) width 78: "rows: \"4\", style:"
                      text run at (0,14) width 63: "\"width:60px;"
                      text run at (0,28) width 66: "height:60px\","
                  RenderBR {BR} at (81,29) size 0x14
                RenderBlock {DIV} at (0,323) size 82x127 [border: (1px solid #0000FF)]
                  RenderBlock {SPAN} at (1,1) size 80x56
                    RenderText {#text} at (0,0) size 75x56
                      text run at (0,0) width 75: "cols: \"5\", rows:"
                      text run at (0,14) width 48: "\"4\", style:"
                      text run at (0,28) width 63: "\"width:60px;"
                      text run at (0,42) width 66: "height:60px\","
                  RenderBR {BR} at (81,43) size 0x14
                RenderBlock {DIV} at (82,399) size 82x51 [border: (1px solid #0000FF)]
                  RenderBlock {SPAN} at (1,1) size 80x14
                    RenderText {#text} at (0,0) size 45x14
                      text run at (0,0) width 45: "cols: \"3\","
                  RenderBR {BR} at (81,1) size 0x14
                RenderBlock {DIV} at (164,386) size 163x64 [border: (1px solid #0000FF)]
                  RenderBlock {SPAN} at (1,1) size 80x14
                    RenderText {#text} at (0,0) size 49x14
                      text run at (0,0) width 49: "rows: \"3\","
                  RenderBR {BR} at (81,1) size 0x14
                RenderBlock {DIV} at (327,399) size 82x51 [border: (1px solid #0000FF)]
                  RenderBlock {SPAN} at (1,1) size 80x14
                    RenderText {#text} at (0,0) size 45x14
                      text run at (0,0) width 45: "cols: \"7\","
                  RenderBR {BR} at (81,1) size 0x14
                RenderBlock {DIV} at (409,334) size 163x116 [border: (1px solid #0000FF)]
                  RenderBlock {SPAN} at (1,1) size 80x14
                    RenderText {#text} at (0,0) size 49x14
                      text run at (0,0) width 49: "rows: \"7\","
                  RenderBR {BR} at (81,1) size 0x14
                RenderBlock {DIV} at (572,359) size 82x91 [border: (1px solid #0000FF)]
                  RenderBlock {SPAN} at (1,1) size 80x28
                    RenderText {#text} at (0,0) size 75x28
                      text run at (0,0) width 75: "cols: \"5\", rows:"
                      text run at (0,14) width 19: "\"4\","
                  RenderBR {BR} at (81,15) size 0x14
                RenderBlock {DIV} at (0,450) size 163x66 [border: (1px solid #0000FF)]
                  RenderBlock {SPAN} at (1,1) size 80x14
                    RenderText {#text} at (0,0) size 57x14
                      text run at (0,0) width 57: "wrap: \"off\","
                  RenderBR {BR} at (81,1) size 0x14
                RenderBlock {DIV} at (163,465) size 163x51 [border: (1px solid #0000FF)]
                  RenderBlock {SPAN} at (1,1) size 80x14
                    RenderText {#text} at (0,0) size 65x14
                      text run at (0,0) width 65: "wrap: \"hard\","
                  RenderBR {BR} at (81,1) size 0x14
                RenderBlock {DIV} at (326,465) size 163x51 [border: (1px solid #0000FF)]
                  RenderBlock {SPAN} at (1,1) size 80x14
                    RenderText {#text} at (0,0) size 62x14
                      text run at (0,0) width 62: "wrap: \"soft\","
                  RenderBR {BR} at (81,1) size 0x14
                RenderBlock {DIV} at (489,451) size 163x65 [border: (1px solid #0000FF)]
                  RenderBlock {SPAN} at (1,1) size 80x28
                    RenderText {#text} at (0,0) size 72x28
                      text run at (0,0) width 65: "style: \"white-"
                      text run at (0,14) width 72: "space:normal\","
                  RenderBR {BR} at (81,15) size 0x14
                RenderBlock {DIV} at (0,516) size 163x65 [border: (1px solid #0000FF)]
                  RenderBlock {SPAN} at (1,1) size 80x28
                    RenderText {#text} at (0,0) size 65x28
                      text run at (0,0) width 65: "style: \"white-"
                      text run at (0,14) width 54: "space:pre\","
                  RenderBR {BR} at (81,15) size 0x14
                RenderBlock {DIV} at (163,516) size 163x65 [border: (1px solid #0000FF)]
                  RenderBlock {SPAN} at (1,1) size 80x28
                    RenderText {#text} at (0,0) size 78x28
                      text run at (0,0) width 65: "style: \"white-"
                      text run at (0,14) width 78: "space:prewrap\","
                  RenderBR {BR} at (81,15) size 0x14
                RenderBlock {DIV} at (326,516) size 163x65 [border: (1px solid #0000FF)]
                  RenderBlock {SPAN} at (1,1) size 80x28
                    RenderText {#text} at (0,0) size 74x28
                      text run at (0,0) width 65: "style: \"white-"
                      text run at (0,14) width 74: "space:nowrap\","
                  RenderBR {BR} at (81,15) size 0x14
                RenderBlock {DIV} at (489,516) size 163x65 [border: (1px solid #0000FF)]
                  RenderBlock {SPAN} at (1,1) size 80x28
                    RenderText {#text} at (0,0) size 76x28
                      text run at (0,0) width 65: "style: \"white-"
                      text run at (0,14) width 76: "space:pre-line\","
                  RenderBR {BR} at (81,15) size 0x14
                RenderBlock {DIV} at (0,609) size 163x80 [border: (1px solid #0000FF)]
                  RenderBlock {SPAN} at (1,1) size 80x28
                    RenderText {#text} at (0,0) size 70x28
                      text run at (0,0) width 63: "style: \"word-"
                      text run at (0,14) width 70: "wrap:normal\","
                  RenderBR {BR} at (81,15) size 0x14
                RenderBlock {DIV} at (163,581) size 163x108 [border: (1px solid #0000FF)]
                  RenderBlock {SPAN} at (1,1) size 80x56
                    RenderText {#text} at (0,0) size 65x56
                      text run at (0,0) width 57: "wrap: \"off\","
                      text run at (0,14) width 65: "style: \"white-"
                      text run at (0,28) width 50: "space:pre-"
                      text run at (0,42) width 32: "wrap\","
                  RenderBR {BR} at (81,43) size 0x14
        layer at (1,73) size 161x32 clip at (2,74) size 159x30
          RenderTextControl {TEXTAREA} at (1,15) size 161x32 [bgcolor=#FFFFFF] [border: (1px solid #000000)]
            RenderBlock {DIV} at (3,3) size 155x13
              RenderText {#text} at (0,0) size 98x13
                text run at (0,0) width 98: "Lorem ipsum dolor"
        layer at (164,73) size 161x32 clip at (165,74) size 144x30 scrollHeight 56
          RenderTextControl {TEXTAREA} at (1,15) size 161x32 [color=#575757] [bgcolor=#FFFFFF] [border: (1px solid #575757)]
            RenderBlock {DIV} at (3,3) size 140x52
              RenderText {#text} at (0,0) size 140x52
                text run at (0,0) width 101: "Lorem ipsum  dolor"
                text run at (100,0) width 4: " "
                text run at (0,13) width 140: "ABCDEFGHIJKLMNOPQRS"
                text run at (0,26) width 56: "TUVWXYZ"
                text run at (55,26) width 4: " "
                text run at (0,39) width 127: "abcdefghijklmnopqrstuv"
        layer at (327,57) size 177x48 clip at (328,58) size 160x46 scrollHeight 72
          RenderTextControl {TEXTAREA} at (1,29) size 177x48 [bgcolor=#FFFFFF] [border: (1px solid #000000)]
            RenderBlock {DIV} at (11,11) size 140x52
              RenderText {#text} at (0,0) size 140x52
                text run at (0,0) width 101: "Lorem ipsum  dolor"
                text run at (100,0) width 4: " "
                text run at (0,13) width 140: "ABCDEFGHIJKLMNOPQRS"
                text run at (0,26) width 56: "TUVWXYZ"
                text run at (55,26) width 4: " "
                text run at (0,39) width 127: "abcdefghijklmnopqrstuv"
        layer at (506,77) size 157x28 clip at (507,78) size 140x26 scrollHeight 52
          RenderTextControl {TEXTAREA} at (1,29) size 157x28 [bgcolor=#FFFFFF] [border: (1px solid #000000)]
            RenderBlock {DIV} at (1,1) size 140x52
              RenderText {#text} at (0,0) size 140x52
                text run at (0,0) width 101: "Lorem ipsum  dolor"
                text run at (100,0) width 4: " "
                text run at (0,13) width 140: "ABCDEFGHIJKLMNOPQRS"
                text run at (0,26) width 56: "TUVWXYZ"
                text run at (55,26) width 4: " "
                text run at (0,39) width 127: "abcdefghijklmnopqrstuv"
        layer at (11,178) size 161x32 clip at (12,179) size 144x30 scrollHeight 56
          RenderTextControl {TEXTAREA} at (11,39) size 161x32 [bgcolor=#FFFFFF] [border: (1px solid #000000)]
            RenderBlock {DIV} at (3,3) size 140x52
              RenderText {#text} at (0,0) size 140x52
                text run at (0,0) width 101: "Lorem ipsum  dolor"
                text run at (100,0) width 4: " "
                text run at (0,13) width 140: "ABCDEFGHIJKLMNOPQRS"
                text run at (0,26) width 56: "TUVWXYZ"
                text run at (55,26) width 4: " "
                text run at (0,39) width 127: "abcdefghijklmnopqrstuv"
        layer at (184,188) size 161x32 clip at (185,189) size 144x30 scrollHeight 56
          RenderTextControl {TEXTAREA} at (1,29) size 161x32 [bgcolor=#FFFFFF] [border: (1px solid #000000)]
            RenderBlock {DIV} at (3,3) size 140x52
              RenderText {#text} at (0,0) size 140x52
                text run at (0,0) width 101: "Lorem ipsum  dolor"
                text run at (100,0) width 4: " "
                text run at (0,13) width 140: "ABCDEFGHIJKLMNOPQRS"
                text run at (0,26) width 56: "TUVWXYZ"
                text run at (55,26) width 4: " "
                text run at (0,39) width 127: "abcdefghijklmnopqrstuv"
        layer at (347,188) size 66x32 clip at (348,189) size 49x30 scrollHeight 147
          RenderTextControl {TEXTAREA} at (1,29) size 66x32 [bgcolor=#FFFFFF] [border: (1px solid #000000)]
            RenderBlock {DIV} at (3,3) size 45x143
              RenderText {#text} at (0,0) size 44x143
                text run at (0,0) width 33: "Lorem"
                text run at (32,0) width 4: " "
                text run at (0,13) width 32: "ipsum"
                text run at (31,13) width 7: "  "
                text run at (0,26) width 28: "dolor"
                text run at (27,26) width 4: " "
                text run at (0,39) width 44: "ABCDEF"
                text run at (0,52) width 40: "GHIJKL"
                text run at (0,65) width 43: "MNOPQ"
                text run at (0,78) width 38: "RSTUV"
                text run at (0,91) width 33: "WXYZ"
                text run at (32,91) width 5: " "
                text run at (0,104) width 43: "abcdefg"
                text run at (0,117) width 44: "hijklmno"
                text run at (0,130) width 41: "pqrstuv"
        layer at (429,152) size 102x68 clip at (430,153) size 85x66 scrollHeight 183
          RenderTextControl {TEXTAREA} at (1,43) size 102x68 [bgcolor=#FFFFFF] [border: (1px solid #000000)]
            RenderBlock {DIV} at (21,21) size 45x143
              RenderText {#text} at (0,0) size 44x143
                text run at (0,0) width 33: "Lorem"
                text run at (32,0) width 4: " "
                text run at (0,13) width 32: "ipsum"
                text run at (31,13) width 7: "  "
                text run at (0,26) width 28: "dolor"
                text run at (27,26) width 4: " "
                text run at (0,39) width 44: "ABCDEF"
                text run at (0,52) width 40: "GHIJKL"
                text run at (0,65) width 43: "MNOPQ"
                text run at (0,78) width 38: "RSTUV"
                text run at (0,91) width 33: "WXYZ"
                text run at (32,91) width 5: " "
                text run at (0,104) width 43: "abcdefg"
                text run at (0,117) width 44: "hijklmno"
                text run at (0,130) width 41: "pqrstuv"
        layer at (533,192) size 62x28 clip at (534,193) size 45x26 scrollHeight 143
          RenderTextControl {TEXTAREA} at (1,43) size 62x28 [bgcolor=#FFFFFF] [border: (1px solid #000000)]
            RenderBlock {DIV} at (1,1) size 45x143
              RenderText {#text} at (0,0) size 44x143
                text run at (0,0) width 33: "Lorem"
                text run at (32,0) width 4: " "
                text run at (0,13) width 32: "ipsum"
                text run at (31,13) width 7: "  "
                text run at (0,26) width 28: "dolor"
                text run at (27,26) width 4: " "
                text run at (0,39) width 44: "ABCDEF"
                text run at (0,52) width 40: "GHIJKL"
                text run at (0,65) width 43: "MNOPQ"
                text run at (0,78) width 38: "RSTUV"
                text run at (0,91) width 33: "WXYZ"
                text run at (32,91) width 5: " "
                text run at (0,104) width 43: "abcdefg"
                text run at (0,117) width 44: "hijklmno"
                text run at (0,130) width 41: "pqrstuv"
        layer at (615,154) size 161x66 clip at (616,155) size 159x64
          RenderTextControl {TEXTAREA} at (1,29) size 161x66 [bgcolor=#FFFFFF] [border: (1px solid #000000)]
            RenderBlock {DIV} at (3,3) size 155x52
              RenderText {#text} at (0,0) size 155x52
                text run at (0,0) width 101: "Lorem ipsum  dolor"
                text run at (100,0) width 4: " "
                text run at (0,13) width 155: "ABCDEFGHIJKLMNOPQRSTU"
                text run at (0,26) width 41: "VWXYZ"
                text run at (40,26) width 4: " "
                text run at (0,39) width 127: "abcdefghijklmnopqrstuv"
        layer at (1,281) size 66x66 clip at (2,282) size 49x64 scrollHeight 147
          RenderTextControl {TEXTAREA} at (1,43) size 66x66 [bgcolor=#FFFFFF] [border: (1px solid #000000)]
            RenderBlock {DIV} at (3,3) size 45x143
              RenderText {#text} at (0,0) size 44x143
                text run at (0,0) width 33: "Lorem"
                text run at (32,0) width 4: " "
                text run at (0,13) width 32: "ipsum"
                text run at (31,13) width 7: "  "
                text run at (0,26) width 28: "dolor"
                text run at (27,26) width 4: " "
                text run at (0,39) width 44: "ABCDEF"
                text run at (0,52) width 40: "GHIJKL"
                text run at (0,65) width 43: "MNOPQ"
                text run at (0,78) width 38: "RSTUV"
                text run at (0,91) width 33: "WXYZ"
                text run at (32,91) width 5: " "
                text run at (0,104) width 43: "abcdefg"
                text run at (0,117) width 44: "hijklmno"
                text run at (0,130) width 41: "pqrstuv"
        layer at (83,315) size 161x32 clip at (84,316) size 159x30 scrollHeight 56
          RenderTextControl {TEXTAREA} at (1,29) size 161x32 [bgcolor=#FFFFFF] [border: (1px solid #000000)]
            RenderBlock {DIV} at (3,3) size 155x52
              RenderText {#text} at (0,0) size 155x52
                text run at (0,0) width 101: "Lorem ipsum  dolor"
                text run at (100,0) width 4: " "
                text run at (0,13) width 155: "ABCDEFGHIJKLMNOPQRSTU"
                text run at (0,26) width 41: "VWXYZ"
                text run at (40,26) width 4: " "
                text run at (0,39) width 127: "abcdefghijklmnopqrstuv"
        layer at (246,300) size 161x47 clip at (247,301) size 144x30 scrollHeight 56
          RenderTextControl {TEXTAREA} at (1,29) size 161x47 [bgcolor=#FFFFFF] [border: (1px solid #000000)]
            RenderBlock {DIV} at (3,3) size 140x52
              RenderText {#text} at (0,0) size 140x52
                text run at (0,0) width 101: "Lorem ipsum  dolor"
                text run at (100,0) width 4: " "
                text run at (0,13) width 140: "ABCDEFGHIJKLMNOPQRS"
                text run at (0,26) width 56: "TUVWXYZ"
                text run at (55,26) width 4: " "
                text run at (0,39) width 127: "abcdefghijklmnopqrstuv"
        layer at (409,281) size 66x66 clip at (410,282) size 64x64 scrollHeight 134
          RenderTextControl {TEXTAREA} at (1,57) size 66x66 [bgcolor=#FFFFFF] [border: (1px solid #000000)]
            RenderBlock {DIV} at (3,3) size 60x130
              RenderText {#text} at (0,0) size 60x130
                text run at (0,0) width 33: "Lorem"
                text run at (32,0) width 4: " "
                text run at (0,13) width 32: "ipsum"
                text run at (31,13) width 7: "  "
                text run at (0,26) width 28: "dolor"
                text run at (27,26) width 4: " "
                text run at (0,39) width 53: "ABCDEFG"
                text run at (0,52) width 58: "HIJKLMNO"
                text run at (0,65) width 53: "PQRSTUV"
                text run at (0,78) width 33: "WXYZ"
                text run at (32,78) width 5: " "
                text run at (0,91) width 56: "abcdefghij"
                text run at (0,104) width 60: "klmnopqrst"
                text run at (0,117) width 13: "uv"
        layer at (491,281) size 66x66 clip at (492,282) size 49x49 scrollHeight 147
          RenderTextControl {TEXTAREA} at (1,57) size 66x66 [bgcolor=#FFFFFF] [border: (1px solid #000000)]
            RenderBlock {DIV} at (3,3) size 45x143
              RenderText {#text} at (0,0) size 44x143
                text run at (0,0) width 33: "Lorem"
                text run at (32,0) width 4: " "
                text run at (0,13) width 32: "ipsum"
                text run at (31,13) width 7: "  "
                text run at (0,26) width 28: "dolor"
                text run at (27,26) width 4: " "
                text run at (0,39) width 44: "ABCDEF"
                text run at (0,52) width 40: "GHIJKL"
                text run at (0,65) width 43: "MNOPQ"
                text run at (0,78) width 38: "RSTUV"
                text run at (0,91) width 33: "WXYZ"
                text run at (32,91) width 5: " "
                text run at (0,104) width 43: "abcdefg"
                text run at (0,117) width 44: "hijklmno"
                text run at (0,130) width 41: "pqrstuv"
        layer at (573,281) size 66x66 clip at (574,282) size 49x64 scrollHeight 147
          RenderTextControl {TEXTAREA} at (1,43) size 66x66 [bgcolor=#FFFFFF] [border: (1px solid #000000)]
            RenderBlock {DIV} at (3,3) size 45x143
              RenderText {#text} at (0,0) size 44x143
                text run at (0,0) width 33: "Lorem"
                text run at (32,0) width 4: " "
                text run at (0,13) width 32: "ipsum"
                text run at (31,13) width 7: "  "
                text run at (0,26) width 28: "dolor"
                text run at (27,26) width 4: " "
                text run at (0,39) width 44: "ABCDEF"
                text run at (0,52) width 40: "GHIJKL"
                text run at (0,65) width 43: "MNOPQ"
                text run at (0,78) width 38: "RSTUV"
                text run at (0,91) width 33: "WXYZ"
                text run at (32,91) width 5: " "
                text run at (0,104) width 43: "abcdefg"
                text run at (0,117) width 44: "hijklmno"
                text run at (0,130) width 41: "pqrstuv"
        layer at (655,281) size 66x66 clip at (656,282) size 49x64 scrollHeight 147
          RenderTextControl {TEXTAREA} at (1,43) size 66x66 [bgcolor=#FFFFFF] [border: (1px solid #000000)]
            RenderBlock {DIV} at (3,3) size 45x143
              RenderText {#text} at (0,0) size 44x143
                text run at (0,0) width 33: "Lorem"
                text run at (32,0) width 4: " "
                text run at (0,13) width 32: "ipsum"
                text run at (31,13) width 7: "  "
                text run at (0,26) width 28: "dolor"
                text run at (27,26) width 4: " "
                text run at (0,39) width 44: "ABCDEF"
                text run at (0,52) width 40: "GHIJKL"
                text run at (0,65) width 43: "MNOPQ"
                text run at (0,78) width 38: "RSTUV"
                text run at (0,91) width 33: "WXYZ"
                text run at (32,91) width 5: " "
                text run at (0,104) width 43: "abcdefg"
                text run at (0,117) width 44: "hijklmno"
                text run at (0,130) width 41: "pqrstuv"
        layer at (1,408) size 66x66 clip at (2,409) size 49x64 scrollHeight 147
          RenderTextControl {TEXTAREA} at (1,57) size 66x66 [bgcolor=#FFFFFF] [border: (1px solid #000000)]
            RenderBlock {DIV} at (3,3) size 45x143
              RenderText {#text} at (0,0) size 44x143
                text run at (0,0) width 33: "Lorem"
                text run at (32,0) width 4: " "
                text run at (0,13) width 32: "ipsum"
                text run at (31,13) width 7: "  "
                text run at (0,26) width 28: "dolor"
                text run at (27,26) width 4: " "
                text run at (0,39) width 44: "ABCDEF"
                text run at (0,52) width 40: "GHIJKL"
                text run at (0,65) width 43: "MNOPQ"
                text run at (0,78) width 38: "RSTUV"
                text run at (0,91) width 33: "WXYZ"
                text run at (32,91) width 5: " "
                text run at (0,104) width 43: "abcdefg"
                text run at (0,117) width 44: "hijklmno"
                text run at (0,130) width 41: "pqrstuv"
        layer at (83,442) size 42x32 clip at (84,443) size 25x30 scrollHeight 329
          RenderTextControl {TEXTAREA} at (1,15) size 42x32 [bgcolor=#FFFFFF] [border: (1px solid #000000)]
            RenderBlock {DIV} at (3,3) size 21x325
              RenderText {#text} at (0,0) size 21x325
                text run at (0,0) width 17: "Lor"
                text run at (0,13) width 16: "em"
                text run at (15,13) width 5: " "
                text run at (0,26) width 16: "ips"
                text run at (0,39) width 17: "um"
                text run at (16,39) width 5: "  "
                text run at (0,52) width 17: "dol"
                text run at (0,65) width 11: "or"
                text run at (10,65) width 4: " "
                text run at (0,78) width 15: "AB"
                text run at (0,91) width 16: "CD"
                text run at (0,104) width 13: "EF"
                text run at (0,117) width 20: "GHI"
                text run at (0,130) width 20: "JKL"
                text run at (0,143) width 18: "MN"
                text run at (0,156) width 16: "OP"
                text run at (0,169) width 16: "QR"
                text run at (0,182) width 15: "ST"
                text run at (0,195) width 16: "UV"
                text run at (0,208) width 19: "WX"
                text run at (0,221) width 15: "YZ"
                text run at (14,221) width 4: " "
                text run at (0,234) width 20: "abc"
                text run at (0,247) width 18: "def"
                text run at (0,260) width 19: "ghij"
                text run at (0,273) width 19: "klm"
                text run at (0,286) width 20: "nop"
                text run at (0,299) width 21: "qrst"
                text run at (0,312) width 13: "uv"
        layer at (165,429) size 161x45 clip at (166,430) size 144x43 scrollHeight 56
          RenderTextControl {TEXTAREA} at (1,15) size 161x45 [bgcolor=#FFFFFF] [border: (1px solid #000000)]
            RenderBlock {DIV} at (3,3) size 140x52
              RenderText {#text} at (0,0) size 140x52
                text run at (0,0) width 101: "Lorem ipsum  dolor"
                text run at (100,0) width 4: " "
                text run at (0,13) width 140: "ABCDEFGHIJKLMNOPQRS"
                text run at (0,26) width 56: "TUVWXYZ"
                text run at (55,26) width 4: " "
                text run at (0,39) width 127: "abcdefghijklmnopqrstuv"
        layer at (328,442) size 70x32 clip at (329,443) size 53x30 scrollHeight 147
          RenderTextControl {TEXTAREA} at (1,15) size 70x32 [bgcolor=#FFFFFF] [border: (1px solid #000000)]
            RenderBlock {DIV} at (3,3) size 49x143
              RenderText {#text} at (0,0) size 49x143
                text run at (0,0) width 33: "Lorem"
                text run at (32,0) width 4: " "
                text run at (0,13) width 32: "ipsum"
                text run at (31,13) width 7: "  "
                text run at (0,26) width 28: "dolor"
                text run at (27,26) width 4: " "
                text run at (0,39) width 44: "ABCDEF"
                text run at (0,52) width 49: "GHIJKLM"
                text run at (0,65) width 47: "NOPQRS"
                text run at (0,78) width 49: "TUVWXY"
                text run at (0,91) width 8: "Z"
                text run at (7,91) width 4: " "
                text run at (0,104) width 43: "abcdefg"
                text run at (0,117) width 44: "hijklmno"
                text run at (0,130) width 41: "pqrstuv"
        layer at (410,377) size 161x97 clip at (411,378) size 159x95
          RenderTextControl {TEXTAREA} at (1,15) size 161x97 [bgcolor=#FFFFFF] [border: (1px solid #000000)]
            RenderBlock {DIV} at (3,3) size 155x52
              RenderText {#text} at (0,0) size 155x52
                text run at (0,0) width 101: "Lorem ipsum  dolor"
                text run at (100,0) width 4: " "
                text run at (0,13) width 155: "ABCDEFGHIJKLMNOPQRSTU"
                text run at (0,26) width 41: "VWXYZ"
                text run at (40,26) width 4: " "
                text run at (0,39) width 127: "abcdefghijklmnopqrstuv"
        layer at (573,416) size 56x58 clip at (574,417) size 39x56 scrollHeight 186
          RenderTextControl {TEXTAREA} at (1,29) size 56x58 [bgcolor=#FFFFFF] [border: (1px solid #000000)]
            RenderBlock {DIV} at (3,3) size 35x182
              RenderText {#text} at (0,0) size 35x182
                text run at (0,0) width 33: "Lorem"
                text run at (32,0) width 3: " "
                text run at (0,13) width 32: "ipsum"
                text run at (31,13) width 4: "  "
                text run at (0,26) width 28: "dolor"
                text run at (27,26) width 4: " "
                text run at (0,39) width 31: "ABCD"
                text run at (0,52) width 33: "EFGHI"
                text run at (0,65) width 30: "JKLM"
                text run at (0,78) width 33: "NOPQ"
                text run at (0,91) width 30: "RSTU"
                text run at (0,104) width 33: "VWXY"
                text run at (0,117) width 8: "Z"
                text run at (7,117) width 4: " "
                text run at (0,130) width 33: "abcde"
                text run at (0,143) width 32: "fghijkl"
                text run at (0,156) width 30: "mnop"
                text run at (0,169) width 34: "qrstuv"
        layer at (1,493) size 161x47 clip at (2,494) size 159x30 scrollWidth 430
          RenderTextControl {TEXTAREA} at (1,15) size 161x47 [bgcolor=#FFFFFF] [border: (1px solid #000000)]
            RenderBlock {DIV} at (3,3) size 155x13
              RenderText {#text} at (0,0) size 429x13
                text run at (0,0) width 429: "Lorem ipsum  dolor ABCDEFGHIJKLMNOPQRSTUVWXYZ abcdefghijklmnopqrstuv"
        layer at (164,508) size 161x32 clip at (165,509) size 144x30 scrollHeight 56
          RenderTextControl {TEXTAREA} at (1,15) size 161x32 [bgcolor=#FFFFFF] [border: (1px solid #000000)]
            RenderBlock {DIV} at (3,3) size 140x52
              RenderText {#text} at (0,0) size 140x52
                text run at (0,0) width 101: "Lorem ipsum  dolor"
                text run at (100,0) width 4: " "
                text run at (0,13) width 140: "ABCDEFGHIJKLMNOPQRS"
                text run at (0,26) width 56: "TUVWXYZ"
                text run at (55,26) width 4: " "
                text run at (0,39) width 127: "abcdefghijklmnopqrstuv"
        layer at (327,508) size 161x32 clip at (328,509) size 144x30 scrollHeight 56
          RenderTextControl {TEXTAREA} at (1,15) size 161x32 [bgcolor=#FFFFFF] [border: (1px solid #000000)]
            RenderBlock {DIV} at (3,3) size 140x52
              RenderText {#text} at (0,0) size 140x52
                text run at (0,0) width 101: "Lorem ipsum  dolor"
                text run at (100,0) width 4: " "
                text run at (0,13) width 140: "ABCDEFGHIJKLMNOPQRS"
                text run at (0,26) width 56: "TUVWXYZ"
                text run at (55,26) width 4: " "
                text run at (0,39) width 127: "abcdefghijklmnopqrstuv"
        layer at (490,508) size 161x32 clip at (491,509) size 144x30 scrollHeight 56
          RenderTextControl {TEXTAREA} at (1,29) size 161x32 [bgcolor=#FFFFFF] [border: (1px solid #000000)]
            RenderBlock {DIV} at (3,3) size 140x52
              RenderText {#text} at (0,0) size 140x52
                text run at (0,0) width 71: "Lorem ipsum "
                text run at (70,0) width 28: "dolor"
                text run at (0,13) width 140: "ABCDEFGHIJKLMNOPQRS"
                text run at (0,26) width 56: "TUVWXYZ"
                text run at (0,39) width 127: "abcdefghijklmnopqrstuv"
        layer at (1,573) size 161x32 clip at (2,574) size 144x15 scrollWidth 430 scrollHeight 17
          RenderTextControl {TEXTAREA} at (1,29) size 161x32 [bgcolor=#FFFFFF] [border: (1px solid #000000)]
            RenderBlock {DIV} at (3,3) size 155x13
              RenderText {#text} at (0,0) size 429x13
                text run at (0,0) width 429: "Lorem ipsum  dolor ABCDEFGHIJKLMNOPQRSTUVWXYZ abcdefghijklmnopqrstuv"
        layer at (164,573) size 161x32 clip at (165,574) size 144x30 scrollHeight 56
          RenderTextControl {TEXTAREA} at (1,29) size 161x32 [bgcolor=#FFFFFF] [border: (1px solid #000000)]
            RenderBlock {DIV} at (3,3) size 140x52
              RenderText {#text} at (0,0) size 140x52
                text run at (0,0) width 101: "Lorem ipsum  dolor"
                text run at (100,0) width 4: " "
                text run at (0,13) width 140: "ABCDEFGHIJKLMNOPQRS"
                text run at (0,26) width 56: "TUVWXYZ"
                text run at (55,26) width 4: " "
                text run at (0,39) width 127: "abcdefghijklmnopqrstuv"
        layer at (327,573) size 161x32 clip at (328,574) size 144x15 scrollWidth 427 scrollHeight 17
          RenderTextControl {TEXTAREA} at (1,29) size 161x32 [bgcolor=#FFFFFF] [border: (1px solid #000000)]
            RenderBlock {DIV} at (3,3) size 155x13
              RenderText {#text} at (0,0) size 426x13
                text run at (0,0) width 71: "Lorem ipsum "
                text run at (70,0) width 356: "dolor ABCDEFGHIJKLMNOPQRSTUVWXYZ abcdefghijklmnopqrstuv"
        layer at (490,573) size 161x32 clip at (491,574) size 144x30 scrollHeight 56
          RenderTextControl {TEXTAREA} at (1,29) size 161x32 [bgcolor=#FFFFFF] [border: (1px solid #000000)]
            RenderBlock {DIV} at (3,3) size 140x52
              RenderText {#text} at (0,0) size 140x52
                text run at (0,0) width 71: "Lorem ipsum "
                text run at (70,0) width 28: "dolor"
                text run at (0,13) width 140: "ABCDEFGHIJKLMNOPQRS"
                text run at (0,26) width 56: "TUVWXYZ"
                text run at (0,39) width 127: "abcdefghijklmnopqrstuv"
        layer at (1,666) size 161x47 clip at (2,667) size 144x30 scrollWidth 197 scrollHeight 43
          RenderTextControl {TEXTAREA} at (1,29) size 161x47 [bgcolor=#FFFFFF] [border: (1px solid #000000)]
            RenderBlock {DIV} at (3,3) size 155x39
              RenderText {#text} at (0,0) size 195x39
                text run at (0,0) width 101: "Lorem ipsum  dolor"
                text run at (100,0) width 4: " "
                text run at (0,13) width 195: "ABCDEFGHIJKLMNOPQRSTUVWXYZ"
                text run at (0,26) width 130: " abcdefghijklmnopqrstuv"
        layer at (164,666) size 161x47 clip at (165,667) size 144x30 scrollWidth 197 scrollHeight 43
          RenderTextControl {TEXTAREA} at (1,57) size 161x47 [bgcolor=#FFFFFF] [border: (1px solid #000000)]
            RenderBlock {DIV} at (3,3) size 155x39
              RenderText {#text} at (0,0) size 195x39
                text run at (0,0) width 101: "Lorem ipsum  dolor"
                text run at (100,0) width 4: " "
                text run at (0,13) width 195: "ABCDEFGHIJKLMNOPQRSTUVWXYZ"
                text run at (0,26) width 130: " abcdefghijklmnopqrstuv"
      RenderIFrame {IFRAME} at (0,742) size 785x684
        layer at (0,0) size 785x684
          RenderView at (0,0) size 785x684
        layer at (0,0) size 785x684
          RenderBlock {HTML} at (0,0) size 785x684
            RenderBody {BODY} at (0,5) size 785x679
              RenderBlock {DIV} at (0,0) size 785x18
                RenderText {#text} at (0,0) size 194x18
                  text run at (0,0) width 194: "CompatMode: BackCompat"
              RenderBlock (anonymous) at (0,23) size 785x656
                RenderBlock {DIV} at (0,44) size 163x34 [border: (1px solid #0000FF)]
                  RenderBlock {SPAN} at (1,1) size 80x0
                  RenderBR {BR} at (81,-10) size 0x14
                RenderBlock {DIV} at (163,30) size 163x48 [border: (1px solid #0000FF)]
                  RenderBlock {SPAN} at (1,1) size 80x14
                    RenderText {#text} at (0,0) size 78x14
                      text run at (0,0) width 78: "disabled: \"true\","
                  RenderBR {BR} at (81,1) size 0x14
                RenderBlock {DIV} at (326,0) size 179x78 [border: (1px solid #0000FF)]
                  RenderBlock {SPAN} at (1,1) size 80x28
                    RenderText {#text} at (0,0) size 79x28
                      text run at (0,0) width 26: "style:"
                      text run at (0,14) width 79: "\"padding:10px\","
                  RenderBR {BR} at (81,15) size 0x14
                RenderBlock {DIV} at (505,20) size 159x58 [border: (1px solid #0000FF)]
                  RenderBlock {SPAN} at (1,1) size 80x28
                    RenderText {#text} at (0,0) size 73x28
                      text run at (0,0) width 26: "style:"
                      text run at (0,14) width 73: "\"padding:0px\","
                  RenderBR {BR} at (81,15) size 0x14
                RenderBlock {DIV} at (0,108) size 183x82 [border: (1px solid #0000FF)]
                  RenderBlock {SPAN} at (1,1) size 80x28
                    RenderText {#text} at (0,0) size 74x28
                      text run at (0,0) width 26: "style:"
                      text run at (0,14) width 74: "\"margin:10px\","
                  RenderBR {BR} at (81,15) size 0x14
                RenderBlock {DIV} at (183,128) size 163x62 [border: (1px solid #0000FF)]
                  RenderBlock {SPAN} at (1,1) size 80x28
                    RenderText {#text} at (0,0) size 68x28
                      text run at (0,0) width 26: "style:"
                      text run at (0,14) width 68: "\"margin:0px\","
                  RenderBR {BR} at (81,15) size 0x14
                RenderBlock {DIV} at (346,128) size 82x62 [border: (1px solid #0000FF)]
                  RenderBlock {SPAN} at (1,1) size 80x28
                    RenderText {#text} at (0,0) size 68x28
                      text run at (0,0) width 26: "style:"
                      text run at (0,14) width 68: "\"width:60px\","
                  RenderBR {BR} at (81,15) size 0x14
                RenderBlock {DIV} at (428,78) size 82x112 [border: (1px solid #0000FF)]
                  RenderBlock {SPAN} at (1,1) size 80x42
                    RenderText {#text} at (0,0) size 74x42
                      text run at (0,0) width 26: "style:"
                      text run at (0,14) width 63: "\"width:60px;"
                      text run at (0,28) width 74: "padding:20px\","
                  RenderBR {BR} at (81,29) size 0x14
                RenderBlock {DIV} at (510,118) size 82x72 [border: (1px solid #0000FF)]
                  RenderBlock {SPAN} at (1,1) size 80x42
                    RenderText {#text} at (0,0) size 63x42
                      text run at (0,0) width 26: "style:"
                      text run at (0,14) width 63: "\"width:60px;"
                      text run at (0,28) width 56: "padding:0\","
                  RenderBR {BR} at (81,29) size 0x14
                RenderBlock {DIV} at (592,100) size 163x90 [border: (1px solid #0000FF)]
                  RenderBlock {SPAN} at (1,1) size 80x28
                    RenderText {#text} at (0,0) size 71x28
                      text run at (0,0) width 26: "style:"
                      text run at (0,14) width 71: "\"height:60px\","
                  RenderBR {BR} at (81,15) size 0x14
                RenderBlock {DIV} at (0,204) size 82x104 [border: (1px solid #0000FF)]
                  RenderBlock {SPAN} at (1,1) size 80x42
                    RenderText {#text} at (0,0) size 66x42
                      text run at (0,0) width 26: "style:"
                      text run at (0,14) width 63: "\"width:60px;"
                      text run at (0,28) width 66: "height:60px\","
                  RenderBR {BR} at (81,29) size 0x14
                RenderBlock {DIV} at (82,246) size 163x62 [border: (1px solid #0000FF)]
                  RenderBlock {SPAN} at (1,1) size 80x28
                    RenderText {#text} at (0,0) size 92x28
                      text run at (0,0) width 26: "style:"
                      text run at (0,14) width 92: "\"overflow:hidden\","
                  RenderBR {BR} at (81,15) size 0x14
                RenderBlock {DIV} at (245,231) size 163x77 [border: (1px solid #0000FF)]
                  RenderBlock {SPAN} at (1,1) size 80x28
                    RenderText {#text} at (0,0) size 86x28
                      text run at (0,0) width 26: "style:"
                      text run at (0,14) width 86: "\"overflow:scroll\","
                  RenderBR {BR} at (81,15) size 0x14
                RenderBlock {DIV} at (408,190) size 82x118 [border: (1px solid #0000FF)]
                  RenderBlock {SPAN} at (1,1) size 80x56
                    RenderText {#text} at (0,0) size 87x56
                      text run at (0,0) width 26: "style:"
                      text run at (0,14) width 87: "\"overflow:hidden;"
                      text run at (0,28) width 59: "width:60px;"
                      text run at (0,42) width 66: "height:60px\","
                  RenderBR {BR} at (81,43) size 0x14
                RenderBlock {DIV} at (490,190) size 82x118 [border: (1px solid #0000FF)]
                  RenderBlock {SPAN} at (1,1) size 80x56
                    RenderText {#text} at (0,0) size 81x56
                      text run at (0,0) width 26: "style:"
                      text run at (0,14) width 81: "\"overflow:scroll;"
                      text run at (0,28) width 59: "width:60px;"
                      text run at (0,42) width 66: "height:60px\","
                  RenderBR {BR} at (81,43) size 0x14
                RenderBlock {DIV} at (572,204) size 82x104 [border: (1px solid #0000FF)]
                  RenderBlock {SPAN} at (1,1) size 80x42
                    RenderText {#text} at (0,0) size 74x42
                      text run at (0,0) width 74: "cols: \"5\", style:"
                      text run at (0,14) width 63: "\"width:60px;"
                      text run at (0,28) width 66: "height:60px\","
                  RenderBR {BR} at (81,29) size 0x14
                RenderBlock {DIV} at (654,204) size 82x104 [border: (1px solid #0000FF)]
                  RenderBlock {SPAN} at (1,1) size 80x42
                    RenderText {#text} at (0,0) size 78x42
                      text run at (0,0) width 78: "rows: \"4\", style:"
                      text run at (0,14) width 63: "\"width:60px;"
                      text run at (0,28) width 66: "height:60px\","
                  RenderBR {BR} at (81,29) size 0x14
                RenderBlock {DIV} at (0,308) size 82x118 [border: (1px solid #0000FF)]
                  RenderBlock {SPAN} at (1,1) size 80x56
                    RenderText {#text} at (0,0) size 75x56
                      text run at (0,0) width 75: "cols: \"5\", rows:"
                      text run at (0,14) width 48: "\"4\", style:"
                      text run at (0,28) width 63: "\"width:60px;"
                      text run at (0,42) width 66: "height:60px\","
                  RenderBR {BR} at (81,43) size 0x14
                RenderBlock {DIV} at (82,378) size 82x48 [border: (1px solid #0000FF)]
                  RenderBlock {SPAN} at (1,1) size 80x14
                    RenderText {#text} at (0,0) size 45x14
                      text run at (0,0) width 45: "cols: \"3\","
                  RenderBR {BR} at (81,1) size 0x14
                RenderBlock {DIV} at (164,365) size 163x61 [border: (1px solid #0000FF)]
                  RenderBlock {SPAN} at (1,1) size 80x14
                    RenderText {#text} at (0,0) size 49x14
                      text run at (0,0) width 49: "rows: \"3\","
                  RenderBR {BR} at (81,1) size 0x14
                RenderBlock {DIV} at (327,378) size 82x48 [border: (1px solid #0000FF)]
                  RenderBlock {SPAN} at (1,1) size 80x14
                    RenderText {#text} at (0,0) size 45x14
                      text run at (0,0) width 45: "cols: \"7\","
                  RenderBR {BR} at (81,1) size 0x14
                RenderBlock {DIV} at (409,313) size 163x113 [border: (1px solid #0000FF)]
                  RenderBlock {SPAN} at (1,1) size 80x14
                    RenderText {#text} at (0,0) size 49x14
                      text run at (0,0) width 49: "rows: \"7\","
                  RenderBR {BR} at (81,1) size 0x14
                RenderBlock {DIV} at (572,338) size 82x88 [border: (1px solid #0000FF)]
                  RenderBlock {SPAN} at (1,1) size 80x28
                    RenderText {#text} at (0,0) size 75x28
                      text run at (0,0) width 75: "cols: \"5\", rows:"
                      text run at (0,14) width 19: "\"4\","
                  RenderBR {BR} at (81,15) size 0x14
                RenderBlock {DIV} at (0,426) size 163x63 [border: (1px solid #0000FF)]
                  RenderBlock {SPAN} at (1,1) size 80x14
                    RenderText {#text} at (0,0) size 57x14
                      text run at (0,0) width 57: "wrap: \"off\","
                  RenderBR {BR} at (81,1) size 0x14
                RenderBlock {DIV} at (163,441) size 163x48 [border: (1px solid #0000FF)]
                  RenderBlock {SPAN} at (1,1) size 80x14
                    RenderText {#text} at (0,0) size 65x14
                      text run at (0,0) width 65: "wrap: \"hard\","
                  RenderBR {BR} at (81,1) size 0x14
                RenderBlock {DIV} at (326,441) size 163x48 [border: (1px solid #0000FF)]
                  RenderBlock {SPAN} at (1,1) size 80x14
                    RenderText {#text} at (0,0) size 62x14
                      text run at (0,0) width 62: "wrap: \"soft\","
                  RenderBR {BR} at (81,1) size 0x14
                RenderBlock {DIV} at (489,427) size 163x62 [border: (1px solid #0000FF)]
                  RenderBlock {SPAN} at (1,1) size 80x28
                    RenderText {#text} at (0,0) size 72x28
                      text run at (0,0) width 65: "style: \"white-"
                      text run at (0,14) width 72: "space:normal\","
                  RenderBR {BR} at (81,15) size 0x14
                RenderBlock {DIV} at (0,489) size 163x62 [border: (1px solid #0000FF)]
                  RenderBlock {SPAN} at (1,1) size 80x28
                    RenderText {#text} at (0,0) size 65x28
                      text run at (0,0) width 65: "style: \"white-"
                      text run at (0,14) width 54: "space:pre\","
                  RenderBR {BR} at (81,15) size 0x14
                RenderBlock {DIV} at (163,489) size 163x62 [border: (1px solid #0000FF)]
                  RenderBlock {SPAN} at (1,1) size 80x28
                    RenderText {#text} at (0,0) size 78x28
                      text run at (0,0) width 65: "style: \"white-"
                      text run at (0,14) width 78: "space:prewrap\","
                  RenderBR {BR} at (81,15) size 0x14
                RenderBlock {DIV} at (326,489) size 163x62 [border: (1px solid #0000FF)]
                  RenderBlock {SPAN} at (1,1) size 80x28
                    RenderText {#text} at (0,0) size 74x28
                      text run at (0,0) width 65: "style: \"white-"
                      text run at (0,14) width 74: "space:nowrap\","
                  RenderBR {BR} at (81,15) size 0x14
                RenderBlock {DIV} at (489,489) size 163x62 [border: (1px solid #0000FF)]
                  RenderBlock {SPAN} at (1,1) size 80x28
                    RenderText {#text} at (0,0) size 76x28
                      text run at (0,0) width 65: "style: \"white-"
                      text run at (0,14) width 76: "space:pre-line\","
                  RenderBR {BR} at (81,15) size 0x14
                RenderBlock {DIV} at (0,579) size 163x77 [border: (1px solid #0000FF)]
                  RenderBlock {SPAN} at (1,1) size 80x28
                    RenderText {#text} at (0,0) size 70x28
                      text run at (0,0) width 63: "style: \"word-"
                      text run at (0,14) width 70: "wrap:normal\","
                  RenderBR {BR} at (81,15) size 0x14
                RenderBlock {DIV} at (163,551) size 163x105 [border: (1px solid #0000FF)]
                  RenderBlock {SPAN} at (1,1) size 80x56
                    RenderText {#text} at (0,0) size 65x56
                      text run at (0,0) width 57: "wrap: \"off\","
                      text run at (0,14) width 65: "style: \"white-"
                      text run at (0,28) width 50: "space:pre-"
                      text run at (0,42) width 32: "wrap\","
                  RenderBR {BR} at (81,43) size 0x14
        layer at (1,73) size 161x32 clip at (2,74) size 159x30
          RenderTextControl {TEXTAREA} at (1,1) size 161x32 [bgcolor=#FFFFFF] [border: (1px solid #000000)]
            RenderBlock {DIV} at (3,3) size 155x13
              RenderText {#text} at (0,0) size 98x13
                text run at (0,0) width 98: "Lorem ipsum dolor"
        layer at (164,73) size 161x32 clip at (165,74) size 144x30 scrollHeight 56
          RenderTextControl {TEXTAREA} at (1,15) size 161x32 [color=#575757] [bgcolor=#FFFFFF] [border: (1px solid #575757)]
            RenderBlock {DIV} at (3,3) size 140x52
              RenderText {#text} at (0,0) size 140x52
                text run at (0,0) width 101: "Lorem ipsum  dolor"
                text run at (100,0) width 4: " "
                text run at (0,13) width 140: "ABCDEFGHIJKLMNOPQRS"
                text run at (0,26) width 56: "TUVWXYZ"
                text run at (55,26) width 4: " "
                text run at (0,39) width 127: "abcdefghijklmnopqrstuv"
        layer at (327,57) size 177x48 clip at (328,58) size 160x46 scrollHeight 72
          RenderTextControl {TEXTAREA} at (1,29) size 177x48 [bgcolor=#FFFFFF] [border: (1px solid #000000)]
            RenderBlock {DIV} at (11,11) size 140x52
              RenderText {#text} at (0,0) size 140x52
                text run at (0,0) width 101: "Lorem ipsum  dolor"
                text run at (100,0) width 4: " "
                text run at (0,13) width 140: "ABCDEFGHIJKLMNOPQRS"
                text run at (0,26) width 56: "TUVWXYZ"
                text run at (55,26) width 4: " "
                text run at (0,39) width 127: "abcdefghijklmnopqrstuv"
        layer at (506,77) size 157x28 clip at (507,78) size 140x26 scrollHeight 52
          RenderTextControl {TEXTAREA} at (1,29) size 157x28 [bgcolor=#FFFFFF] [border: (1px solid #000000)]
            RenderBlock {DIV} at (1,1) size 140x52
              RenderText {#text} at (0,0) size 140x52
                text run at (0,0) width 101: "Lorem ipsum  dolor"
                text run at (100,0) width 4: " "
                text run at (0,13) width 140: "ABCDEFGHIJKLMNOPQRS"
                text run at (0,26) width 56: "TUVWXYZ"
                text run at (55,26) width 4: " "
                text run at (0,39) width 127: "abcdefghijklmnopqrstuv"
        layer at (11,175) size 161x32 clip at (12,176) size 144x30 scrollHeight 56
          RenderTextControl {TEXTAREA} at (11,39) size 161x32 [bgcolor=#FFFFFF] [border: (1px solid #000000)]
            RenderBlock {DIV} at (3,3) size 140x52
              RenderText {#text} at (0,0) size 140x52
                text run at (0,0) width 101: "Lorem ipsum  dolor"
                text run at (100,0) width 4: " "
                text run at (0,13) width 140: "ABCDEFGHIJKLMNOPQRS"
                text run at (0,26) width 56: "TUVWXYZ"
                text run at (55,26) width 4: " "
                text run at (0,39) width 127: "abcdefghijklmnopqrstuv"
        layer at (184,185) size 161x32 clip at (185,186) size 144x30 scrollHeight 56
          RenderTextControl {TEXTAREA} at (1,29) size 161x32 [bgcolor=#FFFFFF] [border: (1px solid #000000)]
            RenderBlock {DIV} at (3,3) size 140x52
              RenderText {#text} at (0,0) size 140x52
                text run at (0,0) width 101: "Lorem ipsum  dolor"
                text run at (100,0) width 4: " "
                text run at (0,13) width 140: "ABCDEFGHIJKLMNOPQRS"
                text run at (0,26) width 56: "TUVWXYZ"
                text run at (55,26) width 4: " "
                text run at (0,39) width 127: "abcdefghijklmnopqrstuv"
        layer at (347,185) size 60x32 clip at (348,186) size 43x30 scrollHeight 173
          RenderTextControl {TEXTAREA} at (1,29) size 60x32 [bgcolor=#FFFFFF] [border: (1px solid #000000)]
            RenderBlock {DIV} at (3,3) size 39x169
              RenderText {#text} at (0,0) size 39x169
                text run at (0,0) width 33: "Lorem"
                text run at (32,0) width 4: " "
                text run at (0,13) width 32: "ipsum"
                text run at (31,13) width 7: "  "
                text run at (0,26) width 28: "dolor"
                text run at (27,26) width 4: " "
                text run at (0,39) width 38: "ABCDE"
                text run at (0,52) width 32: "FGHIJ"
                text run at (0,65) width 32: "KLMN"
                text run at (0,78) width 39: "OPQRS"
                text run at (0,91) width 34: "TUVW"
                text run at (0,104) width 23: "XYZ"
                text run at (22,104) width 4: " "
                text run at (0,117) width 37: "abcdef"
                text run at (0,130) width 38: "ghijklm"
                text run at (0,143) width 37: "nopqrs"
                text run at (0,156) width 17: "tuv"
        layer at (429,149) size 60x68 clip at (430,150) size 43x66 scrollHeight 924
          RenderTextControl {TEXTAREA} at (1,43) size 60x68 [bgcolor=#FFFFFF] [border: (1px solid #000000)]
            RenderBlock {DIV} at (21,21) size 3x884
              RenderText {#text} at (0,0) size 11x884
                text run at (0,0) width 7: "L"
                text run at (0,13) width 7: "o"
                text run at (0,26) width 5: "r"
                text run at (0,39) width 7: "e"
                text run at (0,52) width 10: "m"
                text run at (0,65) width 3: " "
                text run at (0,78) width 3: "i"
                text run at (0,91) width 7: "p"
                text run at (0,104) width 6: "s"
                text run at (0,117) width 7: "u"
                text run at (0,130) width 10: "m"
                text run at (0,143) width 3: " "
                text run at (0,156) width 3: " "
                text run at (0,169) width 7: "d"
                text run at (0,182) width 7: "o"
                text run at (0,195) width 3: "l"
                text run at (0,208) width 7: "o"
                text run at (0,221) width 5: "r"
                text run at (0,234) width 3: " "
                text run at (0,247) width 8: "A"
                text run at (0,260) width 8: "B"
                text run at (0,273) width 8: "C"
                text run at (0,286) width 9: "D"
                text run at (0,299) width 7: "E"
                text run at (0,312) width 7: "F"
                text run at (0,325) width 9: "G"
                text run at (0,338) width 9: "H"
                text run at (0,351) width 4: "I"
                text run at (0,364) width 6: "J"
                text run at (0,377) width 8: "K"
                text run at (0,390) width 7: "L"
                text run at (0,403) width 10: "M"
                text run at (0,416) width 9: "N"
                text run at (0,429) width 9: "O"
                text run at (0,442) width 8: "P"
                text run at (0,455) width 9: "Q"
                text run at (0,468) width 8: "R"
                text run at (0,481) width 8: "S"
                text run at (0,494) width 8: "T"
                text run at (0,507) width 9: "U"
                text run at (0,520) width 8: "V"
                text run at (0,533) width 11: "W"
                text run at (0,546) width 8: "X"
                text run at (0,559) width 8: "Y"
                text run at (0,572) width 8: "Z"
                text run at (0,585) width 3: " "
                text run at (0,598) width 7: "a"
                text run at (0,611) width 7: "b"
                text run at (0,624) width 7: "c"
                text run at (0,637) width 7: "d"
                text run at (0,650) width 7: "e"
                text run at (0,663) width 5: "f"
                text run at (0,676) width 7: "g"
                text run at (0,689) width 7: "h"
                text run at (0,702) width 3: "i"
                text run at (0,715) width 3: "j"
                text run at (0,728) width 7: "k"
                text run at (0,741) width 3: "l"
                text run at (0,754) width 10: "m"
                text run at (0,767) width 7: "n"
                text run at (0,780) width 7: "o"
                text run at (0,793) width 7: "p"
                text run at (0,806) width 7: "q"
                text run at (0,819) width 5: "r"
                text run at (0,832) width 6: "s"
                text run at (0,845) width 5: "t"
                text run at (0,858) width 7: "u"
                text run at (0,871) width 7: "v"
        layer at (511,189) size 60x28 clip at (512,190) size 43x26 scrollHeight 156
          RenderTextControl {TEXTAREA} at (1,43) size 60x28 [bgcolor=#FFFFFF] [border: (1px solid #000000)]
            RenderBlock {DIV} at (1,1) size 43x156
              RenderText {#text} at (0,0) size 43x156
                text run at (0,0) width 33: "Lorem"
                text run at (32,0) width 4: " "
                text run at (0,13) width 32: "ipsum"
                text run at (31,13) width 7: "  "
                text run at (0,26) width 28: "dolor"
                text run at (27,26) width 4: " "
                text run at (0,39) width 38: "ABCDE"
                text run at (0,52) width 40: "FGHIJK"
                text run at (0,65) width 40: "LMNOP"
                text run at (0,78) width 39: "QRSTU"
                text run at (0,91) width 41: "VWXYZ"
                text run at (40,91) width 3: " "
                text run at (0,104) width 43: "abcdefg"
                text run at (0,117) width 38: "hijklmn"
                text run at (0,130) width 41: "opqrstu"
                text run at (0,143) width 7: "v"
        layer at (593,157) size 161x60 clip at (594,158) size 159x58
          RenderTextControl {TEXTAREA} at (1,29) size 161x60 [bgcolor=#FFFFFF] [border: (1px solid #000000)]
            RenderBlock {DIV} at (3,3) size 155x52
              RenderText {#text} at (0,0) size 155x52
                text run at (0,0) width 101: "Lorem ipsum  dolor"
                text run at (100,0) width 4: " "
                text run at (0,13) width 155: "ABCDEFGHIJKLMNOPQRSTU"
                text run at (0,26) width 41: "VWXYZ"
                text run at (40,26) width 4: " "
                text run at (0,39) width 127: "abcdefghijklmnopqrstuv"
        layer at (1,275) size 60x60 clip at (2,276) size 43x58 scrollHeight 173
          RenderTextControl {TEXTAREA} at (1,43) size 60x60 [bgcolor=#FFFFFF] [border: (1px solid #000000)]
            RenderBlock {DIV} at (3,3) size 39x169
              RenderText {#text} at (0,0) size 39x169
                text run at (0,0) width 33: "Lorem"
                text run at (32,0) width 4: " "
                text run at (0,13) width 32: "ipsum"
                text run at (31,13) width 7: "  "
                text run at (0,26) width 28: "dolor"
                text run at (27,26) width 4: " "
                text run at (0,39) width 38: "ABCDE"
                text run at (0,52) width 32: "FGHIJ"
                text run at (0,65) width 32: "KLMN"
                text run at (0,78) width 39: "OPQRS"
                text run at (0,91) width 34: "TUVW"
                text run at (0,104) width 23: "XYZ"
                text run at (22,104) width 4: " "
                text run at (0,117) width 37: "abcdef"
                text run at (0,130) width 38: "ghijklm"
                text run at (0,143) width 37: "nopqrs"
                text run at (0,156) width 17: "tuv"
        layer at (83,303) size 161x32 clip at (84,304) size 159x30 scrollHeight 56
          RenderTextControl {TEXTAREA} at (1,29) size 161x32 [bgcolor=#FFFFFF] [border: (1px solid #000000)]
            RenderBlock {DIV} at (3,3) size 155x52
              RenderText {#text} at (0,0) size 155x52
                text run at (0,0) width 101: "Lorem ipsum  dolor"
                text run at (100,0) width 4: " "
                text run at (0,13) width 155: "ABCDEFGHIJKLMNOPQRSTU"
                text run at (0,26) width 41: "VWXYZ"
                text run at (40,26) width 4: " "
                text run at (0,39) width 127: "abcdefghijklmnopqrstuv"
        layer at (246,288) size 161x47 clip at (247,289) size 144x30 scrollHeight 56
          RenderTextControl {TEXTAREA} at (1,29) size 161x47 [bgcolor=#FFFFFF] [border: (1px solid #000000)]
            RenderBlock {DIV} at (3,3) size 140x52
              RenderText {#text} at (0,0) size 140x52
                text run at (0,0) width 101: "Lorem ipsum  dolor"
                text run at (100,0) width 4: " "
                text run at (0,13) width 140: "ABCDEFGHIJKLMNOPQRS"
                text run at (0,26) width 56: "TUVWXYZ"
                text run at (55,26) width 4: " "
                text run at (0,39) width 127: "abcdefghijklmnopqrstuv"
        layer at (409,275) size 60x60 clip at (410,276) size 58x58 scrollHeight 134
          RenderTextControl {TEXTAREA} at (1,57) size 60x60 [bgcolor=#FFFFFF] [border: (1px solid #000000)]
            RenderBlock {DIV} at (3,3) size 54x130
              RenderText {#text} at (0,0) size 54x130
                text run at (0,0) width 33: "Lorem"
                text run at (32,0) width 4: " "
                text run at (0,13) width 32: "ipsum"
                text run at (31,13) width 7: "  "
                text run at (0,26) width 28: "dolor"
                text run at (27,26) width 4: " "
                text run at (0,39) width 53: "ABCDEFG"
                text run at (0,52) width 49: "HIJKLMN"
                text run at (0,65) width 54: "OPQRSTU"
                text run at (0,78) width 41: "VWXYZ"
                text run at (40,78) width 4: " "
                text run at (0,91) width 53: "abcdefghi"
                text run at (0,104) width 53: "jklmnopqr"
                text run at (0,117) width 23: "stuv"
        layer at (491,275) size 60x60 clip at (492,276) size 43x43 scrollHeight 173
          RenderTextControl {TEXTAREA} at (1,57) size 60x60 [bgcolor=#FFFFFF] [border: (1px solid #000000)]
            RenderBlock {DIV} at (3,3) size 39x169
              RenderText {#text} at (0,0) size 39x169
                text run at (0,0) width 33: "Lorem"
                text run at (32,0) width 4: " "
                text run at (0,13) width 32: "ipsum"
                text run at (31,13) width 7: "  "
                text run at (0,26) width 28: "dolor"
                text run at (27,26) width 4: " "
                text run at (0,39) width 38: "ABCDE"
                text run at (0,52) width 32: "FGHIJ"
                text run at (0,65) width 32: "KLMN"
                text run at (0,78) width 39: "OPQRS"
                text run at (0,91) width 34: "TUVW"
                text run at (0,104) width 23: "XYZ"
                text run at (22,104) width 4: " "
                text run at (0,117) width 37: "abcdef"
                text run at (0,130) width 38: "ghijklm"
                text run at (0,143) width 37: "nopqrs"
                text run at (0,156) width 17: "tuv"
        layer at (573,275) size 60x60 clip at (574,276) size 43x58 scrollHeight 173
          RenderTextControl {TEXTAREA} at (1,43) size 60x60 [bgcolor=#FFFFFF] [border: (1px solid #000000)]
            RenderBlock {DIV} at (3,3) size 39x169
              RenderText {#text} at (0,0) size 39x169
                text run at (0,0) width 33: "Lorem"
                text run at (32,0) width 4: " "
                text run at (0,13) width 32: "ipsum"
                text run at (31,13) width 7: "  "
                text run at (0,26) width 28: "dolor"
                text run at (27,26) width 4: " "
                text run at (0,39) width 38: "ABCDE"
                text run at (0,52) width 32: "FGHIJ"
                text run at (0,65) width 32: "KLMN"
                text run at (0,78) width 39: "OPQRS"
                text run at (0,91) width 34: "TUVW"
                text run at (0,104) width 23: "XYZ"
                text run at (22,104) width 4: " "
                text run at (0,117) width 37: "abcdef"
                text run at (0,130) width 38: "ghijklm"
                text run at (0,143) width 37: "nopqrs"
                text run at (0,156) width 17: "tuv"
        layer at (655,275) size 60x60 clip at (656,276) size 43x58 scrollHeight 173
          RenderTextControl {TEXTAREA} at (1,43) size 60x60 [bgcolor=#FFFFFF] [border: (1px solid #000000)]
            RenderBlock {DIV} at (3,3) size 39x169
              RenderText {#text} at (0,0) size 39x169
                text run at (0,0) width 33: "Lorem"
                text run at (32,0) width 4: " "
                text run at (0,13) width 32: "ipsum"
                text run at (31,13) width 7: "  "
                text run at (0,26) width 28: "dolor"
                text run at (27,26) width 4: " "
                text run at (0,39) width 38: "ABCDE"
                text run at (0,52) width 32: "FGHIJ"
                text run at (0,65) width 32: "KLMN"
                text run at (0,78) width 39: "OPQRS"
                text run at (0,91) width 34: "TUVW"
                text run at (0,104) width 23: "XYZ"
                text run at (22,104) width 4: " "
                text run at (0,117) width 37: "abcdef"
                text run at (0,130) width 38: "ghijklm"
                text run at (0,143) width 37: "nopqrs"
                text run at (0,156) width 17: "tuv"
        layer at (1,393) size 60x60 clip at (2,394) size 43x58 scrollHeight 173
          RenderTextControl {TEXTAREA} at (1,57) size 60x60 [bgcolor=#FFFFFF] [border: (1px solid #000000)]
            RenderBlock {DIV} at (3,3) size 39x169
              RenderText {#text} at (0,0) size 39x169
                text run at (0,0) width 33: "Lorem"
                text run at (32,0) width 4: " "
                text run at (0,13) width 32: "ipsum"
                text run at (31,13) width 7: "  "
                text run at (0,26) width 28: "dolor"
                text run at (27,26) width 4: " "
                text run at (0,39) width 38: "ABCDE"
                text run at (0,52) width 32: "FGHIJ"
                text run at (0,65) width 32: "KLMN"
                text run at (0,78) width 39: "OPQRS"
                text run at (0,91) width 34: "TUVW"
                text run at (0,104) width 23: "XYZ"
                text run at (22,104) width 4: " "
                text run at (0,117) width 37: "abcdef"
                text run at (0,130) width 38: "ghijklm"
                text run at (0,143) width 37: "nopqrs"
                text run at (0,156) width 17: "tuv"
        layer at (83,421) size 42x32 clip at (84,422) size 25x30 scrollHeight 329
          RenderTextControl {TEXTAREA} at (1,15) size 42x32 [bgcolor=#FFFFFF] [border: (1px solid #000000)]
            RenderBlock {DIV} at (3,3) size 21x325
              RenderText {#text} at (0,0) size 21x325
                text run at (0,0) width 17: "Lor"
                text run at (0,13) width 16: "em"
                text run at (15,13) width 5: " "
                text run at (0,26) width 16: "ips"
                text run at (0,39) width 17: "um"
                text run at (16,39) width 5: "  "
                text run at (0,52) width 17: "dol"
                text run at (0,65) width 11: "or"
                text run at (10,65) width 4: " "
                text run at (0,78) width 15: "AB"
                text run at (0,91) width 16: "CD"
                text run at (0,104) width 13: "EF"
                text run at (0,117) width 20: "GHI"
                text run at (0,130) width 20: "JKL"
                text run at (0,143) width 18: "MN"
                text run at (0,156) width 16: "OP"
                text run at (0,169) width 16: "QR"
                text run at (0,182) width 15: "ST"
                text run at (0,195) width 16: "UV"
                text run at (0,208) width 19: "WX"
                text run at (0,221) width 15: "YZ"
                text run at (14,221) width 4: " "
                text run at (0,234) width 20: "abc"
                text run at (0,247) width 18: "def"
                text run at (0,260) width 19: "ghij"
                text run at (0,273) width 19: "klm"
                text run at (0,286) width 20: "nop"
                text run at (0,299) width 21: "qrst"
                text run at (0,312) width 13: "uv"
        layer at (165,408) size 161x45 clip at (166,409) size 144x43 scrollHeight 56
          RenderTextControl {TEXTAREA} at (1,15) size 161x45 [bgcolor=#FFFFFF] [border: (1px solid #000000)]
            RenderBlock {DIV} at (3,3) size 140x52
              RenderText {#text} at (0,0) size 140x52
                text run at (0,0) width 101: "Lorem ipsum  dolor"
                text run at (100,0) width 4: " "
                text run at (0,13) width 140: "ABCDEFGHIJKLMNOPQRS"
                text run at (0,26) width 56: "TUVWXYZ"
                text run at (55,26) width 4: " "
                text run at (0,39) width 127: "abcdefghijklmnopqrstuv"
        layer at (328,421) size 70x32 clip at (329,422) size 53x30 scrollHeight 147
          RenderTextControl {TEXTAREA} at (1,15) size 70x32 [bgcolor=#FFFFFF] [border: (1px solid #000000)]
            RenderBlock {DIV} at (3,3) size 49x143
              RenderText {#text} at (0,0) size 49x143
                text run at (0,0) width 33: "Lorem"
                text run at (32,0) width 4: " "
                text run at (0,13) width 32: "ipsum"
                text run at (31,13) width 7: "  "
                text run at (0,26) width 28: "dolor"
                text run at (27,26) width 4: " "
                text run at (0,39) width 44: "ABCDEF"
                text run at (0,52) width 49: "GHIJKLM"
                text run at (0,65) width 47: "NOPQRS"
                text run at (0,78) width 49: "TUVWXY"
                text run at (0,91) width 8: "Z"
                text run at (7,91) width 4: " "
                text run at (0,104) width 43: "abcdefg"
                text run at (0,117) width 44: "hijklmno"
                text run at (0,130) width 41: "pqrstuv"
        layer at (410,356) size 161x97 clip at (411,357) size 159x95
          RenderTextControl {TEXTAREA} at (1,15) size 161x97 [bgcolor=#FFFFFF] [border: (1px solid #000000)]
            RenderBlock {DIV} at (3,3) size 155x52
              RenderText {#text} at (0,0) size 155x52
                text run at (0,0) width 101: "Lorem ipsum  dolor"
                text run at (100,0) width 4: " "
                text run at (0,13) width 155: "ABCDEFGHIJKLMNOPQRSTU"
                text run at (0,26) width 41: "VWXYZ"
                text run at (40,26) width 4: " "
                text run at (0,39) width 127: "abcdefghijklmnopqrstuv"
        layer at (573,395) size 56x58 clip at (574,396) size 39x56 scrollHeight 186
          RenderTextControl {TEXTAREA} at (1,29) size 56x58 [bgcolor=#FFFFFF] [border: (1px solid #000000)]
            RenderBlock {DIV} at (3,3) size 35x182
              RenderText {#text} at (0,0) size 35x182
                text run at (0,0) width 33: "Lorem"
                text run at (32,0) width 3: " "
                text run at (0,13) width 32: "ipsum"
                text run at (31,13) width 4: "  "
                text run at (0,26) width 28: "dolor"
                text run at (27,26) width 4: " "
                text run at (0,39) width 31: "ABCD"
                text run at (0,52) width 33: "EFGHI"
                text run at (0,65) width 30: "JKLM"
                text run at (0,78) width 33: "NOPQ"
                text run at (0,91) width 30: "RSTU"
                text run at (0,104) width 33: "VWXY"
                text run at (0,117) width 8: "Z"
                text run at (7,117) width 4: " "
                text run at (0,130) width 33: "abcde"
                text run at (0,143) width 32: "fghijkl"
                text run at (0,156) width 30: "mnop"
                text run at (0,169) width 34: "qrstuv"
        layer at (1,469) size 161x47 clip at (2,470) size 159x30 scrollWidth 430
          RenderTextControl {TEXTAREA} at (1,15) size 161x47 [bgcolor=#FFFFFF] [border: (1px solid #000000)]
            RenderBlock {DIV} at (3,3) size 155x13
              RenderText {#text} at (0,0) size 429x13
                text run at (0,0) width 429: "Lorem ipsum  dolor ABCDEFGHIJKLMNOPQRSTUVWXYZ abcdefghijklmnopqrstuv"
        layer at (164,484) size 161x32 clip at (165,485) size 144x30 scrollHeight 56
          RenderTextControl {TEXTAREA} at (1,15) size 161x32 [bgcolor=#FFFFFF] [border: (1px solid #000000)]
            RenderBlock {DIV} at (3,3) size 140x52
              RenderText {#text} at (0,0) size 140x52
                text run at (0,0) width 101: "Lorem ipsum  dolor"
                text run at (100,0) width 4: " "
                text run at (0,13) width 140: "ABCDEFGHIJKLMNOPQRS"
                text run at (0,26) width 56: "TUVWXYZ"
                text run at (55,26) width 4: " "
                text run at (0,39) width 127: "abcdefghijklmnopqrstuv"
        layer at (327,484) size 161x32 clip at (328,485) size 144x30 scrollHeight 56
          RenderTextControl {TEXTAREA} at (1,15) size 161x32 [bgcolor=#FFFFFF] [border: (1px solid #000000)]
            RenderBlock {DIV} at (3,3) size 140x52
              RenderText {#text} at (0,0) size 140x52
                text run at (0,0) width 101: "Lorem ipsum  dolor"
                text run at (100,0) width 4: " "
                text run at (0,13) width 140: "ABCDEFGHIJKLMNOPQRS"
                text run at (0,26) width 56: "TUVWXYZ"
                text run at (55,26) width 4: " "
                text run at (0,39) width 127: "abcdefghijklmnopqrstuv"
        layer at (490,484) size 161x32 clip at (491,485) size 144x30 scrollHeight 56
          RenderTextControl {TEXTAREA} at (1,29) size 161x32 [bgcolor=#FFFFFF] [border: (1px solid #000000)]
            RenderBlock {DIV} at (3,3) size 140x52
              RenderText {#text} at (0,0) size 140x52
                text run at (0,0) width 71: "Lorem ipsum "
                text run at (70,0) width 28: "dolor"
                text run at (0,13) width 140: "ABCDEFGHIJKLMNOPQRS"
                text run at (0,26) width 56: "TUVWXYZ"
                text run at (0,39) width 127: "abcdefghijklmnopqrstuv"
        layer at (1,546) size 161x32 clip at (2,547) size 144x15 scrollWidth 430 scrollHeight 17
          RenderTextControl {TEXTAREA} at (1,29) size 161x32 [bgcolor=#FFFFFF] [border: (1px solid #000000)]
            RenderBlock {DIV} at (3,3) size 155x13
              RenderText {#text} at (0,0) size 429x13
                text run at (0,0) width 429: "Lorem ipsum  dolor ABCDEFGHIJKLMNOPQRSTUVWXYZ abcdefghijklmnopqrstuv"
        layer at (164,546) size 161x32 clip at (165,547) size 144x30 scrollHeight 56
          RenderTextControl {TEXTAREA} at (1,29) size 161x32 [bgcolor=#FFFFFF] [border: (1px solid #000000)]
            RenderBlock {DIV} at (3,3) size 140x52
              RenderText {#text} at (0,0) size 140x52
                text run at (0,0) width 101: "Lorem ipsum  dolor"
                text run at (100,0) width 4: " "
                text run at (0,13) width 140: "ABCDEFGHIJKLMNOPQRS"
                text run at (0,26) width 56: "TUVWXYZ"
                text run at (55,26) width 4: " "
                text run at (0,39) width 127: "abcdefghijklmnopqrstuv"
        layer at (327,546) size 161x32 clip at (328,547) size 144x15 scrollWidth 427 scrollHeight 17
          RenderTextControl {TEXTAREA} at (1,29) size 161x32 [bgcolor=#FFFFFF] [border: (1px solid #000000)]
            RenderBlock {DIV} at (3,3) size 155x13
              RenderText {#text} at (0,0) size 426x13
                text run at (0,0) width 71: "Lorem ipsum "
                text run at (70,0) width 356: "dolor ABCDEFGHIJKLMNOPQRSTUVWXYZ abcdefghijklmnopqrstuv"
        layer at (490,546) size 161x32 clip at (491,547) size 144x30 scrollHeight 56
          RenderTextControl {TEXTAREA} at (1,29) size 161x32 [bgcolor=#FFFFFF] [border: (1px solid #000000)]
            RenderBlock {DIV} at (3,3) size 140x52
              RenderText {#text} at (0,0) size 140x52
                text run at (0,0) width 71: "Lorem ipsum "
                text run at (70,0) width 28: "dolor"
                text run at (0,13) width 140: "ABCDEFGHIJKLMNOPQRS"
                text run at (0,26) width 56: "TUVWXYZ"
                text run at (0,39) width 127: "abcdefghijklmnopqrstuv"
        layer at (1,636) size 161x47 clip at (2,637) size 144x30 scrollWidth 197 scrollHeight 43
          RenderTextControl {TEXTAREA} at (1,29) size 161x47 [bgcolor=#FFFFFF] [border: (1px solid #000000)]
            RenderBlock {DIV} at (3,3) size 155x39
              RenderText {#text} at (0,0) size 195x39
                text run at (0,0) width 101: "Lorem ipsum  dolor"
                text run at (100,0) width 4: " "
                text run at (0,13) width 195: "ABCDEFGHIJKLMNOPQRSTUVWXYZ"
                text run at (0,26) width 130: " abcdefghijklmnopqrstuv"
        layer at (164,636) size 161x47 clip at (165,637) size 144x30 scrollWidth 197 scrollHeight 43
          RenderTextControl {TEXTAREA} at (1,57) size 161x47 [bgcolor=#FFFFFF] [border: (1px solid #000000)]
            RenderBlock {DIV} at (3,3) size 155x39
              RenderText {#text} at (0,0) size 195x39
                text run at (0,0) width 101: "Lorem ipsum  dolor"
                text run at (100,0) width 4: " "
                text run at (0,13) width 195: "ABCDEFGHIJKLMNOPQRSTUVWXYZ"
                text run at (0,26) width 130: " abcdefghijklmnopqrstuv"
      RenderText {#text} at (0,0) size 0x0
