layer at (0,0) size 800x600
  RenderView at (0,0) size 800x600
layer at (0,0) size 800x450
  RenderBlock {HTML} at (0,0) size 800x450
    RenderBody {BODY} at (8,8) size 784x434
      RenderBlock {DIV} at (0,0) size 784x434 [border: (1px solid #FF0000)]
        RenderText {#text} at (1,0) size 169x18
          text run at (1,0) width 169: "Whitespace in option text:"
        RenderMenuList {SELECT} at (169,1) size 56x19 [bgcolor=#FFFFFF]
          RenderBlock (anonymous) at (0,0) size 55x18
            RenderText at (8,2) size 24x13
              text run at (8,2) width 24: "f o o"
        RenderText {#text} at (224,0) size 8x18
          text run at (224,0) width 8: "a"
        RenderMenuList {SELECT} at (231,1) size 56x19 [bgcolor=#FFFFFF]
          RenderBlock (anonymous) at (0,0) size 55x18
            RenderText at (8,2) size 24x13
              text run at (8,2) width 24: "f o o"
        RenderText {#text} at (286,0) size 9x18
          text run at (286,0) width 9: "b"
        RenderBR {BR} at (294,0) size 1x18
        RenderBR {BR} at (1,18) size 0x19
        RenderText {#text} at (1,34) size 140x19
          text run at (1,34) width 140: "Simple select control:"
        RenderMenuList {SELECT} at (140,35) size 50x19 [bgcolor=#FFFFFF]
          RenderBlock (anonymous) at (0,0) size 49x18
            RenderText at (8,2) size 17x13
              text run at (8,2) width 17: "foo"
        RenderText {#text} at (189,34) size 8x19
          text run at (189,34) width 8: "a"
        RenderMenuList {SELECT} at (196,35) size 50x19 [color=#0000003F] [bgcolor=#FFFFFF]
          RenderBlock (anonymous) at (0,0) size 49x18
            RenderText at (8,2) size 17x13
              text run at (8,2) width 17: "foo"
        RenderText {#text} at (245,34) size 9x19
          text run at (245,34) width 9: "b"
        RenderBR {BR} at (253,34) size 1x19
        RenderBR {BR} at (1,52) size 0x19
        RenderText {#text} at (1,68) size 198x19
          text run at (1,68) width 198: "Line-height should be ignored:"
        RenderMenuList {SELECT} at (198,70) size 49x19 [bgcolor=#FFFFFF]
          RenderBlock (anonymous) at (0,0) size 48x18
            RenderText at (8,2) size 17x13
              text run at (8,2) width 17: "foo"
        RenderText {#text} at (246,68) size 8x19
          text run at (246,68) width 8: "a"
        RenderMenuList {SELECT} at (253,70) size 50x19 [color=#0000003F] [bgcolor=#FFFFFF]
          RenderBlock (anonymous) at (0,0) size 49x18
            RenderText at (8,2) size 18x13
              text run at (8,2) width 18: "bar"
        RenderText {#text} at (302,68) size 9x19
          text run at (302,68) width 9: "b"
        RenderBR {BR} at (310,68) size 1x19
        RenderBR {BR} at (1,87) size 0x19
        RenderText {#text} at (1,103) size 441x19
          text run at (1,103) width 441: "Padding should be respected, the arrow button shouldn't change size:"
        RenderMenuList {SELECT} at (442,104) size 48x19 [bgcolor=#FFFFFF]
          RenderBlock (anonymous) at (0,0) size 48x18
            RenderText at (8,2) size 17x13
              text run at (8,2) width 17: "foo"
        RenderText {#text} at (490,103) size 8x19
          text run at (490,103) width 8: "a"
        RenderMenuList {SELECT} at (497,104) size 49x19 [color=#0000003F] [bgcolor=#FFFFFF]
          RenderBlock (anonymous) at (0,0) size 48x18
            RenderText at (8,2) size 17x13
              text run at (8,2) width 17: "foo"
        RenderText {#text} at (545,103) size 9x19
          text run at (545,103) width 9: "b"
        RenderBR {BR} at (553,103) size 1x19
        RenderBR {BR} at (1,121) size 0x19
        RenderText {#text} at (1,144) size 180x19
          text run at (1,144) width 180: "Border should be respected:"
        RenderMenuList {SELECT} at (180,138) size 63x33 [bgcolor=#FFFFFF] [border: (8px solid #33CCFF)]
          RenderBlock (anonymous) at (8,8) size 46x16
            RenderText at (8,1) size 17x13
              text run at (8,1) width 17: "foo"
        RenderText {#text} at (242,144) size 8x19
          text run at (242,144) width 8: "a"
        RenderMenuList {SELECT} at (249,138) size 63x33 [color=#0000003F] [bgcolor=#FFFFFF] [border: (8px solid #33CCFF)]
          RenderBlock (anonymous) at (8,8) size 46x16
            RenderText at (8,1) size 17x13
              text run at (8,1) width 17: "foo"
        RenderText {#text} at (311,144) size 9x19
          text run at (311,144) width 9: "b"
        RenderBR {BR} at (319,144) size 1x19
        RenderBR {BR} at (1,169) size 0x19
        RenderText {#text} at (1,188) size 118x19
          text run at (1,188) width 118: "Border + padding:"
        RenderMenuList {SELECT} at (118,186) size 55x25 [bgcolor=#FFFFFF] [border: (4px solid #33CCFF)]
          RenderBlock (anonymous) at (4,4) size 46x16
            RenderText at (8,1) size 17x13
              text run at (8,1) width 17: "foo"
        RenderText {#text} at (172,188) size 8x19
          text run at (172,188) width 8: "a"
        RenderMenuList {SELECT} at (179,186) size 55x25 [color=#0000003F] [bgcolor=#FFFFFF] [border: (4px solid #33CCFF)]
          RenderBlock (anonymous) at (4,4) size 46x16
            RenderText at (8,1) size 17x13
              text run at (8,1) width 17: "foo"
        RenderText {#text} at (233,188) size 9x19
          text run at (233,188) width 9: "b"
        RenderBR {BR} at (241,188) size 1x19
        RenderBR {BR} at (1,209) size 0x19
        RenderText {#text} at (1,225) size 491x19
          text run at (1,225) width 491: "Height larger than font-size, button should grow, text baseline should center:"
        RenderMenuList {SELECT} at (491,226) size 49x19 [bgcolor=#FFFFFF]
          RenderBlock (anonymous) at (0,0) size 48x18
            RenderText at (8,2) size 17x13
              text run at (8,2) width 17: "foo"
        RenderText {#text} at (539,225) size 8x19
          text run at (539,225) width 8: "a"
        RenderMenuList {SELECT} at (546,226) size 49x19 [color=#0000003F] [bgcolor=#FFFFFF]
          RenderBlock (anonymous) at (0,0) size 48x18
            RenderText at (8,2) size 17x13
              text run at (8,2) width 17: "foo"
        RenderText {#text} at (594,225) size 9x19
          text run at (594,225) width 9: "b"
        RenderBR {BR} at (602,225) size 1x19
        RenderBR {BR} at (1,243) size 0x19
        RenderText {#text} at (1,259) size 515x19
          text run at (1,259) width 515: "Heigh smaller than font-size, whole select shrinks and is baselined with the text:"
        RenderMenuList {SELECT} at (515,261) size 50x19 [bgcolor=#FFFFFF]
          RenderBlock (anonymous) at (0,0) size 49x18
            RenderText at (8,2) size 17x13
              text run at (8,2) width 17: "foo"
        RenderText {#text} at (564,259) size 8x19
          text run at (564,259) width 8: "a"
        RenderMenuList {SELECT} at (571,261) size 50x19 [bgcolor=#FFFFFF]
          RenderBlock (anonymous) at (0,0) size 49x18
            RenderText at (8,2) size 18x13
              text run at (8,2) width 18: "bar"
        RenderText {#text} at (620,259) size 9x19
          text run at (620,259) width 9: "b"
        RenderBR {BR} at (628,259) size 1x19
        RenderBR {BR} at (1,278) size 0x19
        RenderText {#text} at (1,294) size 169x19
          text run at (1,294) width 169: "select control with size=0:"
        RenderBR {BR} at (169,294) size 1x19
        RenderMenuList {SELECT} at (1,311) size 195x19 [bgcolor=#FFFFFF]
          RenderBlock (anonymous) at (0,0) size 195x18
            RenderText at (8,2) size 70x13
              text run at (8,2) width 70: "Future Series"
        RenderBR {BR} at (196,310) size 0x19
        RenderText {#text} at (1,328) size 169x19
          text run at (1,328) width 169: "select control with size=1:"
        RenderBR {BR} at (169,328) size 1x19
        RenderMenuList {SELECT} at (1,345) size 195x19 [bgcolor=#FFFFFF]
          RenderBlock (anonymous) at (0,0) size 195x18
            RenderText at (8,2) size 70x13
              text run at (8,2) width 70: "Future Series"
        RenderBR {BR} at (196,344) size 0x19
        RenderText {#text} at (1,362) size 166x19
          text run at (1,362) width 166: "Non-styled select control:"
        RenderBR {BR} at (166,362) size 1x19
        RenderMenuList {SELECT} at (1,380) size 195x19 [bgcolor=#FFFFFF] [border: (1px solid #000000)]
          RenderBlock (anonymous) at (1,1) size 193x16
            RenderText at (8,1) size 70x13
              text run at (8,1) width 70: "Future Series"
        RenderBR {BR} at (196,378) size 0x19
        RenderText {#text} at (1,397) size 294x19
          text run at (1,397) width 294: "Styled select control with large border-radius:"
        RenderBR {BR} at (294,397) size 1x19
        RenderMenuList {SELECT} at (1,414) size 195x19 [bgcolor=#33CCFF] [border: (1px solid #000000)]
          RenderBlock (anonymous) at (1,1) size 193x16
            RenderText at (8,1) size 70x13
              text run at (8,1) width 70: "Future Series"
        RenderBR {BR} at (196,413) size 0x19
