layer at (0,0) size 800x600
  RenderView at (0,0) size 800x600
layer at (0,0) size 800x600
  RenderBlock {HTML} at (0,0) size 800x600
    RenderBody {BODY} at (8,8) size 784x584
      RenderButton {INPUT} at (0,0) size 53x18 [color=#000000D8] [bgcolor=#C0C0C0] [border: none (2px outset #C0C0C0) none (2px outset #C0C0C0)]
        RenderBlock (anonymous) at (8,2) size 37x13
          RenderText at (0,0) size 37x13
            text run at (0,0) width 37: "Submit"
      RenderBR {BR} at (52,-1) size 1x18
      RenderButton {INPUT} at (0,18) size 46x18 [color=#000000D8] [bgcolor=#C0C0C0] [border: none (2px outset #C0C0C0) none (2px outset #C0C0C0)]
        RenderBlock (anonymous) at (8,2) size 30x13
          RenderText at (0,0) size 30x13
            text run at (0,0) width 30: "Reset"
      RenderBR {BR} at (45,17) size 1x18
