layer at (0,0) size 800x600
  RenderView at (0,0) size 800x600
layer at (0,0) size 800x600
  RenderBlock {HTML} at (0,0) size 800x600
    RenderBody {BODY} at (8,8) size 784x584
      RenderBlock {P} at (0,0) size 784x18
        RenderText {#text} at (0,0) size 399x18
          text run at (0,0) width 399: "Tests that box shadow is not applied to Aqua-themed controls."
      RenderBlock {P} at (0,34) size 784x18
        RenderText {#text} at (0,0) size 259x18
          text run at (0,0) width 259: "You should not see any red on this page."
      RenderBlock {DIV} at (0,68) size 784x19
        RenderTextControl {INPUT} at (0,0) size 148x19 [bgcolor=#FFFFFF] [border: (2px inset #000000)]
          RenderFlexibleBox {DIV} at (3,0) size 142x19
            RenderBlock {DIV} at (0,0) size 8x19
            RenderBlock {DIV} at (8,3) size 115x13
            RenderBlock {DIV} at (122,0) size 20x19
        RenderText {#text} at (0,0) size 0x0
      RenderBlock {DIV} at (0,87) size 784x19
        RenderTextControl {INPUT} at (0,0) size 148x19 [bgcolor=#FFFFFF] [border: (2px inset #000000)]
          RenderFlexibleBox {DIV} at (3,0) size 142x19
            RenderBlock {DIV} at (0,0) size 17x19
            RenderBlock {DIV} at (17,3) size 106x13
            RenderBlock {DIV} at (122,0) size 20x19
        RenderText {#text} at (0,0) size 0x0
      RenderBlock {DIV} at (0,106) size 784x19
        RenderTextControl {INPUT} at (0,0) size 148x19 [bgcolor=#FFFFFF] [border: (2px inset #000000)]
          RenderFlexibleBox {DIV} at (3,0) size 142x19
            RenderBlock {DIV} at (0,0) size 22x19
            RenderBlock {DIV} at (22,3) size 101x13
            RenderBlock {DIV} at (122,0) size 20x19
        RenderText {#text} at (0,0) size 0x0
      RenderBlock (anonymous) at (0,125) size 784x28
        RenderBlock {INPUT} at (2,11) size 12x12
        RenderText {#text} at (16,7) size 4x18
          text run at (16,7) width 4: " "
        RenderBlock {INPUT} at (22,11) size 12x12
        RenderText {#text} at (36,7) size 4x18
          text run at (36,7) width 4: " "
        RenderSlider {INPUT} at (42,4) size 129x17 [color=#909090] [bgcolor=#FFFFFF]
          RenderFlexibleBox {DIV} at (0,0) size 129x17
            RenderBlock {DIV} at (0,0) size 129x17
              RenderBlock {DIV} at (56,0) size 17x17
        RenderText {#text} at (173,7) size 4x18
          text run at (173,7) width 4: " "
        RenderFileUploadControl {INPUT} at (177,8) size 238x18 "no file selected"
          RenderButton {INPUT} at (0,0) size 78x18 [color=#000000D8] [bgcolor=#C0C0C0] [border: none (2px outset #C0C0C0) none (2px outset #C0C0C0)]
            RenderBlock (anonymous) at (8,2) size 62x13
              RenderText at (0,0) size 62x13
                text run at (0,0) width 62: "Choose File"
        RenderText {#text} at (415,7) size 4x18
          text run at (415,7) width 4: " "
        RenderButton {INPUT} at (419,0) size 75x28 [color=#000000D8] [bgcolor=#C0C0C0] [border: none (2px outset #C0C0C0) none (2px outset #C0C0C0)]
          RenderBlock (anonymous) at (8,2) size 59x23
            RenderText at (0,0) size 59x23
              text run at (0,0) width 59: "Button"
        RenderText {#text} at (493,7) size 5x18
          text run at (493,7) width 5: " "
        RenderButton {INPUT} at (497,8) size 52x18 [color=#000000D8] [bgcolor=#C0C0C0] [border: none (2px outset #C0C0C0) none (2px outset #C0C0C0)]
          RenderBlock (anonymous) at (8,2) size 35x13
            RenderText at (0,0) size 35x13
              text run at (0,0) width 35: "Button"
        RenderText {#text} at (548,7) size 5x18
          text run at (548,7) width 5: " "
        RenderButton {INPUT} at (552,12) size 34x15 [color=#000000D8] [bgcolor=#C0C0C0] [border: none (2px outset #C0C0C0) none (2px outset #C0C0C0)]
          RenderBlock (anonymous) at (8,4) size 17x6
            RenderText at (0,0) size 17x6
              text run at (0,0) width 17: "Button"
        RenderText {#text} at (585,7) size 5x18
          text run at (585,7) width 5: " "
        RenderButton {BUTTON} at (589,0) size 75x28 [color=#000000D8] [bgcolor=#C0C0C0] [border: none (2px outset #C0C0C0) none (2px outset #C0C0C0)]
          RenderBlock (anonymous) at (8,2) size 59x23
            RenderText {#text} at (0,0) size 59x23
              text run at (0,0) width 59: "Button"
        RenderText {#text} at (0,0) size 0x0
layer at (19,79) size 115x13
  RenderBlock {DIV} at (0,0) size 115x13
    RenderText {#text} at (0,0) size 37x13
      text run at (0,0) width 37: "Search"
layer at (28,98) size 106x13
  RenderBlock {DIV} at (0,0) size 106x13
layer at (33,117) size 101x13
  RenderBlock {DIV} at (0,0) size 101x13
