layer at (0,0) size 800x600
  RenderView at (0,0) size 800x600
layer at (0,0) size 800x600
  RenderBlock {HTML} at (0,0) size 800x600
    RenderBody {BODY} at (8,8) size 784x584
      RenderButton {BUTTON} at (0,5) size 46x16 [color=#000000D8] [bgcolor=#C0C0C0] [border: none (2px outset #C0C0C0) none (2px outset #C0C0C0)]
        RenderBlock (anonymous) at (8,4) size 30x6
          RenderText {#text} at (0,0) size 30x6
            text run at (0,0) width 30: "Test Button"
      RenderText {#text} at (45,0) size 5x19
        text run at (45,0) width 5: " "
      RenderButton {BUTTON} at (49,5) size 52x16 [color=#000000D8] [bgcolor=#C0C0C0] [border: none (2px outset #C0C0C0) none (2px outset #C0C0C0)]
        RenderBlock (anonymous) at (8,3) size 36x8
          RenderText {#text} at (0,0) size 36x8
            text run at (0,0) width 36: "Test Button"
      RenderText {#text} at (100,0) size 5x19
        text run at (100,0) width 5: " "
      RenderButton {BUTTON} at (104,4) size 57x16 [color=#000000D8] [bgcolor=#C0C0C0] [border: none (2px outset #C0C0C0) none (2px outset #C0C0C0)]
        RenderBlock (anonymous) at (8,2) size 41x10
          RenderText {#text} at (0,0) size 41x9
            text run at (0,0) width 41: "Test Button"
      RenderText {#text} at (160,0) size 5x19
        text run at (160,0) width 5: " "
      RenderButton {BUTTON} at (164,4) size 63x16 [color=#000000D8] [bgcolor=#C0C0C0] [border: none (2px outset #C0C0C0) none (2px outset #C0C0C0)]
        RenderBlock (anonymous) at (8,2) size 46x10
          RenderText {#text} at (0,0) size 46x10
            text run at (0,0) width 46: "Test Button"
      RenderText {#text} at (226,0) size 5x19
        text run at (226,0) width 5: " "
      RenderButton {BUTTON} at (230,3) size 67x17 [color=#000000D8] [bgcolor=#C0C0C0] [border: none (2px outset #C0C0C0) none (2px outset #C0C0C0)]
        RenderBlock (anonymous) at (8,2) size 51x11
          RenderText {#text} at (0,0) size 51x11
            text run at (0,0) width 51: "Test Button"
      RenderText {#text} at (296,0) size 5x19
        text run at (296,0) width 5: " "
      RenderButton {BUTTON} at (300,2) size 72x18 [color=#000000D8] [bgcolor=#C0C0C0] [border: none (2px outset #C0C0C0) none (2px outset #C0C0C0)]
        RenderBlock (anonymous) at (8,2) size 56x12
          RenderText {#text} at (0,0) size 56x12
            text run at (0,0) width 56: "Test Button"
      RenderText {#text} at (371,0) size 5x19
        text run at (371,0) width 5: " "
      RenderButton {BUTTON} at (375,1) size 78x19 [color=#000000D8] [bgcolor=#C0C0C0] [border: none (2px outset #C0C0C0) none (2px outset #C0C0C0)]
        RenderBlock (anonymous) at (8,2) size 61x13
          RenderText {#text} at (0,0) size 61x13
            text run at (0,0) width 61: "Test Button"
      RenderText {#text} at (452,0) size 5x19
        text run at (452,0) width 5: " "
      RenderButton {INPUT} at (456,1) size 77x19 [color=#000000D8] [bgcolor=#C0C0C0] [border: none (2px outset #C0C0C0) none (2px outset #C0C0C0)]
        RenderBlock (anonymous) at (8,2) size 61x13
          RenderText at (0,0) size 61x13
            text run at (0,0) width 61: "Test Button"
      RenderText {#text} at (532,0) size 5x19
        text run at (532,0) width 5: " "
      RenderButton {BUTTON} at (536,0) size 82x21 [color=#000000D8] [bgcolor=#C0C0C0] [border: none (2px outset #C0C0C0) none (2px outset #C0C0C0)]
        RenderBlock (anonymous) at (8,2) size 65x15
          RenderText {#text} at (0,0) size 65x15
            text run at (0,0) width 65: "Test Button"
      RenderText {#text} at (617,0) size 5x19
        text run at (617,0) width 5: " "
      RenderButton {BUTTON} at (621,0) size 86x21 [color=#000000D8] [bgcolor=#C0C0C0] [border: none (2px outset #C0C0C0) none (2px outset #C0C0C0)]
        RenderBlock (anonymous) at (8,2) size 70x16
          RenderText {#text} at (0,0) size 70x16
            text run at (0,0) width 70: "Test Button"
      RenderText {#text} at (0,0) size 0x0
      RenderButton {BUTTON} at (0,26) size 91x22 [color=#000000D8] [bgcolor=#C0C0C0] [border: none (2px outset #C0C0C0) none (2px outset #C0C0C0)]
        RenderBlock (anonymous) at (8,2) size 75x17
          RenderText {#text} at (0,0) size 75x17
            text run at (0,0) width 75: "Test Button"
      RenderText {#text} at (90,28) size 5x18
        text run at (90,28) width 5: " "
      RenderButton {BUTTON} at (94,25) size 95x24 [color=#000000D8] [bgcolor=#C0C0C0] [border: none (2px outset #C0C0C0) none (2px outset #C0C0C0)]
        RenderBlock (anonymous) at (8,2) size 79x18
          RenderText {#text} at (0,0) size 79x18
            text run at (0,0) width 79: "Test Button"
      RenderText {#text} at (188,28) size 5x18
        text run at (188,28) width 5: " "
      RenderButton {BUTTON} at (192,24) size 100x25 [color=#000000D8] [bgcolor=#C0C0C0] [border: none (2px outset #C0C0C0) none (2px outset #C0C0C0)]
        RenderBlock (anonymous) at (8,2) size 84x19
          RenderText {#text} at (0,0) size 84x19
            text run at (0,0) width 84: "Test Button"
      RenderText {#text} at (291,28) size 5x18
        text run at (291,28) width 5: " "
      RenderButton {BUTTON} at (295,23) size 104x26 [color=#000000D8] [bgcolor=#C0C0C0] [border: none (2px outset #C0C0C0) none (2px outset #C0C0C0)]
        RenderBlock (anonymous) at (8,2) size 88x21
          RenderText {#text} at (0,0) size 88x21
            text run at (0,0) width 88: "Test Button"
      RenderText {#text} at (398,28) size 5x18
        text run at (398,28) width 5: " "
      RenderButton {BUTTON} at (402,22) size 109x27 [color=#000000D8] [bgcolor=#C0C0C0] [border: none (2px outset #C0C0C0) none (2px outset #C0C0C0)]
        RenderBlock (anonymous) at (8,2) size 92x22
          RenderText {#text} at (0,0) size 92x22
            text run at (0,0) width 92: "Test Button"
      RenderText {#text} at (510,28) size 5x18
        text run at (510,28) width 5: " "
      RenderButton {BUTTON} at (514,21) size 114x29 [color=#000000D8] [bgcolor=#C0C0C0] [border: none (2px outset #C0C0C0) none (2px outset #C0C0C0)]
        RenderBlock (anonymous) at (8,2) size 97x23
          RenderText {#text} at (0,0) size 97x23
            text run at (0,0) width 97: "Test Button"
      RenderText {#text} at (627,28) size 5x18
        text run at (627,28) width 5: " "
      RenderButton {BUTTON} at (631,20) size 117x30 [color=#000000D8] [bgcolor=#C0C0C0] [border: none (2px outset #C0C0C0) none (2px outset #C0C0C0)]
        RenderBlock (anonymous) at (8,2) size 100x24
          RenderText {#text} at (0,0) size 100x24
            text run at (0,0) width 100: "Test Button"
      RenderText {#text} at (0,0) size 0x0
      RenderButton {BUTTON} at (0,49) size 120x30 [color=#000000D8] [bgcolor=#C0C0C0] [border: none (2px outset #C0C0C0) none (2px outset #C0C0C0)]
        RenderBlock (anonymous) at (8,2) size 104x25
          RenderText {#text} at (0,0) size 104x25
            text run at (0,0) width 104: "Test Button"
      RenderText {#text} at (0,0) size 0x0
