layer at (0,0) size 800x600
  RenderView at (0,0) size 800x600
layer at (0,0) size 800x600
  RenderBlock {HTML} at (0,0) size 800x600
    RenderBody {BODY} at (8,8) size 784x584
      RenderBlock {P} at (0,0) size 784x18
        RenderText {#text} at (0,0) size 612x18
          text run at (0,0) width 612: "The following button elements should all be rendered on the left, with their text center justified."
      RenderBlock (anonymous) at (0,34) size 784x88
        RenderButton {BUTTON} at (0,2) size 300x18 [color=#000000D8] [bgcolor=#C0C0C0] [border: none (2px outset #C0C0C0) none (2px outset #C0C0C0)]
          RenderBlock (anonymous) at (8,2) size 284x13
            RenderText {#text} at (55,0) size 174x13
              text run at (55,0) width 174: "This is should be center justified."
        RenderBR {BR} at (300,1) size 0x18
        RenderButton {BUTTON} at (0,24) size 300x18 [color=#000000D8] [bgcolor=#C0C0C0] [border: none (2px outset #C0C0C0) none (2px outset #C0C0C0)]
          RenderBlock (anonymous) at (8,2) size 284x13
            RenderText {#text} at (55,0) size 174x13
              text run at (55,0) width 174: "This is should be center justified."
        RenderBR {BR} at (300,23) size 0x18
        RenderButton {BUTTON} at (0,46) size 300x18 [color=#000000D8] [bgcolor=#C0C0C0] [border: none (2px outset #C0C0C0) none (2px outset #C0C0C0)]
          RenderBlock (anonymous) at (8,2) size 284x13
            RenderText {#text} at (55,0) size 174x13
              text run at (55,0) width 174: "This is should be center justified."
        RenderBR {BR} at (300,45) size 0x18
        RenderButton {BUTTON} at (0,68) size 300x18 [color=#000000D8] [bgcolor=#C0C0C0] [border: none (2px outset #C0C0C0) none (2px outset #C0C0C0)]
          RenderBlock (anonymous) at (8,2) size 284x13
            RenderText {#text} at (55,0) size 174x13
              text run at (55,0) width 174: "This is should be center justified."
        RenderText {#text} at (0,0) size 0x0
        RenderText {#text} at (0,0) size 0x0
      RenderBlock {DIV} at (0,122) size 784x22
        RenderButton {BUTTON} at (0,2) size 300x18 [color=#000000D8] [bgcolor=#C0C0C0] [border: none (2px outset #C0C0C0) none (2px outset #C0C0C0)]
          RenderBlock (anonymous) at (8,2) size 284x13
            RenderText {#text} at (55,0) size 174x13
              text run at (55,0) width 174: "This is should be center justified."
