layer at (0,0) size 800x600
  RenderView at (0,0) size 800x600
layer at (0,0) size 800x600
  RenderBlock {HTML} at (0,0) size 800x600
    RenderBody {BODY} at (8,8) size 784x576
      RenderBlock {P} at (0,0) size 784x36
        RenderText {#text} at (0,0) size 54x18
          text run at (0,0) width 54: "Test for "
        RenderInline {I} at (0,0) size 757x36
          RenderInline {A} at (0,0) size 305x18 [color=#0000EE]
            RenderText {#text} at (53,0) size 305x18
              text run at (53,0) width 305: "http://bugs.webkit.org/show_bug.cgi?id=15181"
          RenderText {#text} at (357,0) size 757x36
            text run at (357,0) width 5: " "
            text run at (361,0) width 396: "text-transform: uppercase not working in input (submit, reset,"
            text run at (0,18) width 107: "button) elements"
        RenderText {#text} at (106,18) size 5x18
          text run at (106,18) width 5: "."
      RenderBlock {P} at (0,52) size 784x22
        RenderButton {BUTTON} at (2,2) size 82x18 [color=#000000D8] [bgcolor=#C0C0C0] [border: none (2px outset #C0C0C0) none (2px outset #C0C0C0)]
          RenderBlock (anonymous) at (8,2) size 66x13
            RenderText {#text} at (0,0) size 66x13
              text run at (0,0) width 66: "UPPERCASE"
        RenderText {#text} at (85,1) size 5x18
          text run at (85,1) width 5: " "
        RenderButton {BUTTON} at (91,2) size 69x18 [color=#000000D8] [bgcolor=#C0C0C0] [border: none (2px outset #C0C0C0) none (2px outset #C0C0C0)]
          RenderBlock (anonymous) at (8,2) size 53x13
            RenderText {#text} at (0,0) size 53x13
              text run at (0,0) width 53: "lowercase"
        RenderText {#text} at (161,1) size 5x18
          text run at (161,1) width 5: " "
        RenderButton {BUTTON} at (167,2) size 69x18 [color=#000000D8] [bgcolor=#C0C0C0] [border: none (2px outset #C0C0C0) none (2px outset #C0C0C0)]
          RenderBlock (anonymous) at (8,2) size 52x13
            RenderText {#text} at (0,0) size 52x13
              text run at (0,0) width 52: "Capitalize"
        RenderText {#text} at (0,0) size 0x0
      RenderBlock {P} at (0,90) size 784x22
        RenderButton {INPUT} at (2,2) size 82x18 [color=#000000D8] [bgcolor=#C0C0C0]
          RenderBlock (anonymous) at (8,2) size 66x13
            RenderText at (0,0) size 66x13
              text run at (0,0) width 66: "UPPERCASE"
        RenderText {#text} at (85,1) size 5x18
          text run at (85,1) width 5: " "
        RenderButton {INPUT} at (91,2) size 69x18 [color=#000000D8] [bgcolor=#C0C0C0]
          RenderBlock (anonymous) at (8,2) size 53x13
            RenderText at (0,0) size 53x13
              text run at (0,0) width 53: "lowercase"
        RenderText {#text} at (161,1) size 5x18
          text run at (161,1) width 5: " "
        RenderButton {INPUT} at (167,2) size 69x18 [color=#000000D8] [bgcolor=#C0C0C0]
          RenderBlock (anonymous) at (8,2) size 52x13
            RenderText at (0,0) size 52x13
              text run at (0,0) width 52: "Capitalize"
        RenderText {#text} at (0,0) size 0x0
