layer at (0,0) size 800x600
  RenderView at (0,0) size 800x600
layer at (0,0) size 800x600
  RenderBlock {HTML} at (0,0) size 800x600
    RenderBody {BODY} at (8,8) size 784x584
      RenderBlock (anonymous) at (0,0) size 784x18
        RenderText {#text} at (0,0) size 347x18
          text run at (0,0) width 347: "This tests that buttons don't honor table display styles."
        RenderBR {BR} at (346,0) size 1x18
      RenderButton {INPUT} at (0,18) size 86x18 [color=#000000D8] [bgcolor=#C0C0C0] [border: none (2px outset #C0C0C0) none (2px outset #C0C0C0)]
        RenderBlock (anonymous) at (8,2) size 70x13
          RenderText at (0,0) size 70x13
            text run at (0,0) width 70: "display: table"
      RenderButton {INPUT} at (0,35) size 86x19 [color=#000000D8] [bgcolor=#C0C0C0] [border: none (2px outset #C0C0C0) none (2px outset #C0C0C0)]
        RenderBlock (anonymous) at (8,2) size 70x13
          RenderText at (0,0) size 70x13
            text run at (0,0) width 70: "display: table"
      RenderBlock (anonymous) at (0,53) size 784x356
        RenderBR {BR} at (0,0) size 0x18
        RenderBR {BR} at (0,18) size 0x18
        RenderButton {INPUT} at (0,37) size 119x19 [color=#000000D8] [bgcolor=#C0C0C0] [border: none (2px outset #C0C0C0) none (2px outset #C0C0C0)]
          RenderBlock (anonymous) at (8,2) size 103x13
            RenderText at (0,0) size 103x13
              text run at (0,0) width 103: "display: inline-table"
        RenderText {#text} at (118,36) size 5x18
          text run at (118,36) width 5: " "
        RenderButton {INPUT} at (122,37) size 120x19 [color=#000000D8] [bgcolor=#C0C0C0] [border: none (2px outset #C0C0C0) none (2px outset #C0C0C0)]
          RenderBlock (anonymous) at (8,2) size 103x13
            RenderText at (0,0) size 103x13
              text run at (0,0) width 103: "display: inline-table"
        RenderBR {BR} at (241,36) size 1x18
        RenderBR {BR} at (0,55) size 0x19
        RenderButton {INPUT} at (0,74) size 146x19 [color=#000000D8] [bgcolor=#C0C0C0] [border: none (2px outset #C0C0C0) none (2px outset #C0C0C0)]
          RenderBlock (anonymous) at (8,2) size 130x13
            RenderText at (0,0) size 130x13
              text run at (0,0) width 130: "display: table-row-group"
        RenderText {#text} at (145,73) size 5x19
          text run at (145,73) width 5: " "
        RenderButton {INPUT} at (149,74) size 147x19 [color=#000000D8] [bgcolor=#C0C0C0] [border: none (2px outset #C0C0C0) none (2px outset #C0C0C0)]
          RenderBlock (anonymous) at (8,2) size 130x13
            RenderText at (0,0) size 130x13
              text run at (0,0) width 130: "display: table-row-group"
        RenderBR {BR} at (295,73) size 1x19
        RenderBR {BR} at (0,92) size 0x19
        RenderButton {INPUT} at (0,112) size 163x19 [color=#000000D8] [bgcolor=#C0C0C0] [border: none (2px outset #C0C0C0) none (2px outset #C0C0C0)]
          RenderBlock (anonymous) at (8,2) size 147x13
            RenderText at (0,0) size 147x13
              text run at (0,0) width 147: "display: table-header-group"
        RenderText {#text} at (162,110) size 5x19
          text run at (162,110) width 5: " "
        RenderButton {INPUT} at (166,112) size 164x19 [color=#000000D8] [bgcolor=#C0C0C0] [border: none (2px outset #C0C0C0) none (2px outset #C0C0C0)]
          RenderBlock (anonymous) at (8,2) size 147x13
            RenderText at (0,0) size 147x13
              text run at (0,0) width 147: "display: table-header-group"
        RenderBR {BR} at (329,110) size 1x19
        RenderBR {BR} at (0,130) size 0x19
        RenderButton {INPUT} at (0,149) size 158x19 [color=#000000D8] [bgcolor=#C0C0C0] [border: none (2px outset #C0C0C0) none (2px outset #C0C0C0)]
          RenderBlock (anonymous) at (8,2) size 142x13
            RenderText at (0,0) size 142x13
              text run at (0,0) width 142: "display: table-footer-group"
        RenderText {#text} at (157,148) size 5x19
          text run at (157,148) width 5: " "
        RenderButton {INPUT} at (161,149) size 159x19 [color=#000000D8] [bgcolor=#C0C0C0] [border: none (2px outset #C0C0C0) none (2px outset #C0C0C0)]
          RenderBlock (anonymous) at (8,2) size 142x13
            RenderText at (0,0) size 142x13
              text run at (0,0) width 142: "display: table-footer-group"
        RenderBR {BR} at (319,148) size 1x19
        RenderBR {BR} at (0,167) size 0x19
        RenderButton {INPUT} at (0,186) size 110x19 [color=#000000D8] [bgcolor=#C0C0C0] [border: none (2px outset #C0C0C0) none (2px outset #C0C0C0)]
          RenderBlock (anonymous) at (8,2) size 94x13
            RenderText at (0,0) size 94x13
              text run at (0,0) width 94: "display: table-row"
        RenderText {#text} at (109,185) size 5x19
          text run at (109,185) width 5: " "
        RenderButton {INPUT} at (113,186) size 111x19 [color=#000000D8] [bgcolor=#C0C0C0] [border: none (2px outset #C0C0C0) none (2px outset #C0C0C0)]
          RenderBlock (anonymous) at (8,2) size 94x13
            RenderText at (0,0) size 94x13
              text run at (0,0) width 94: "display: table-row"
        RenderBR {BR} at (223,185) size 1x19
        RenderBR {BR} at (0,204) size 0x19
        RenderButton {INPUT} at (0,224) size 166x19 [color=#000000D8] [bgcolor=#C0C0C0] [border: none (2px outset #C0C0C0) none (2px outset #C0C0C0)]
          RenderBlock (anonymous) at (8,2) size 150x13
            RenderText at (0,0) size 150x13
              text run at (0,0) width 150: "display: table-column-group"
        RenderText {#text} at (165,222) size 5x19
          text run at (165,222) width 5: " "
        RenderButton {INPUT} at (169,224) size 166x19 [color=#000000D8] [bgcolor=#C0C0C0] [border: none (2px outset #C0C0C0) none (2px outset #C0C0C0)]
          RenderBlock (anonymous) at (8,2) size 150x13
            RenderText at (0,0) size 150x13
              text run at (0,0) width 150: "display: table-column-group"
        RenderBR {BR} at (334,222) size 1x19
        RenderBR {BR} at (0,242) size 0x19
        RenderButton {INPUT} at (0,261) size 130x19 [color=#000000D8] [bgcolor=#C0C0C0] [border: none (2px outset #C0C0C0) none (2px outset #C0C0C0)]
          RenderBlock (anonymous) at (8,2) size 114x13
            RenderText at (0,0) size 114x13
              text run at (0,0) width 114: "display: table-column"
        RenderText {#text} at (129,260) size 5x19
          text run at (129,260) width 5: " "
        RenderButton {INPUT} at (133,261) size 130x19 [color=#000000D8] [bgcolor=#C0C0C0] [border: none (2px outset #C0C0C0) none (2px outset #C0C0C0)]
          RenderBlock (anonymous) at (8,2) size 114x13
            RenderText at (0,0) size 114x13
              text run at (0,0) width 114: "display: table-column"
        RenderBR {BR} at (262,260) size 1x19
        RenderBR {BR} at (0,279) size 0x19
        RenderButton {INPUT} at (0,298) size 110x19 [color=#000000D8] [bgcolor=#C0C0C0] [border: none (2px outset #C0C0C0) none (2px outset #C0C0C0)]
          RenderBlock (anonymous) at (8,2) size 94x13
            RenderText at (0,0) size 94x13
              text run at (0,0) width 94: "display: table-cell"
        RenderText {#text} at (109,297) size 5x19
          text run at (109,297) width 5: " "
        RenderButton {INPUT} at (113,298) size 110x19 [color=#000000D8] [bgcolor=#C0C0C0] [border: none (2px outset #C0C0C0) none (2px outset #C0C0C0)]
          RenderBlock (anonymous) at (8,2) size 94x13
            RenderText at (0,0) size 94x13
              text run at (0,0) width 94: "display: table-cell"
        RenderBR {BR} at (222,297) size 1x19
        RenderBR {BR} at (0,316) size 0x19
        RenderButton {INPUT} at (0,336) size 130x19 [color=#000000D8] [bgcolor=#C0C0C0] [border: none (2px outset #C0C0C0) none (2px outset #C0C0C0)]
          RenderBlock (anonymous) at (8,2) size 114x13
            RenderText at (0,0) size 114x13
              text run at (0,0) width 114: "display: table-caption"
        RenderText {#text} at (129,334) size 5x19
          text run at (129,334) width 5: " "
        RenderButton {INPUT} at (133,336) size 131x19 [color=#000000D8] [bgcolor=#C0C0C0] [border: none (2px outset #C0C0C0) none (2px outset #C0C0C0)]
          RenderBlock (anonymous) at (8,2) size 114x13
            RenderText at (0,0) size 114x13
              text run at (0,0) width 114: "display: table-caption"
        RenderText {#text} at (0,0) size 0x0
