layer at (0,0) size 800x600
  RenderView at (0,0) size 800x600
layer at (0,0) size 800x600
  RenderBlock {HTML} at (0,0) size 800x600
    RenderBody {BODY} at (8,8) size 784x584
      RenderMenuList {SELECT} at (0,0) size 60x18 [color=#0000003F] [bgcolor=#FFFFFF]
        RenderBlock (anonymous) at (0,0) size 60x18
          RenderText at (8,2) size 29x13
            text run at (8,2) width 29: "PASS"
      RenderBR {BR} at (60,-2) size 0x19
      RenderMenuList {SELECT} at (0,18) size 60x18 [color=#0000003F] [bgcolor=#FFFFFF]
        RenderBlock (anonymous) at (0,0) size 60x18
          RenderText at (8,2) size 29x13
            text run at (8,2) width 29: "PASS"
      RenderBR {BR} at (60,16) size 0x19
      RenderMenuList {SELECT} at (0,36) size 60x18 [bgcolor=#FFFFFF]
        RenderBlock (anonymous) at (0,0) size 60x18
          RenderText at (8,2) size 29x13
            text run at (8,2) width 29: "PASS"
      RenderBR {BR} at (60,34) size 0x19
      RenderMenuList {SELECT} at (0,54) size 60x18 [bgcolor=#FFFFFF]
        RenderBlock (anonymous) at (0,0) size 60x18
          RenderText at (8,2) size 29x13
            text run at (8,2) width 29: "PASS"
      RenderBR {BR} at (60,52) size 0x19
      RenderListBox {SELECT} at (0,72) size 46x29 [color=#0000003F] [bgcolor=#FFFFFF] [border: (1px inset #808080)]
      RenderBR {BR} at (46,79) size 0x19
      RenderListBox {SELECT} at (0,100) size 46x30 [color=#0000003F] [bgcolor=#FFFFFF] [border: (1px inset #808080)]
      RenderBR {BR} at (46,108) size 0x19
      RenderListBox {SELECT} at (0,129) size 46x30 [bgcolor=#FFFFFF] [border: (1px inset #808080)]
      RenderBR {BR} at (46,137) size 0x19
      RenderListBox {SELECT} at (0,158) size 46x30 [bgcolor=#FFFFFF] [border: (1px inset #808080)]
      RenderBR {BR} at (46,166) size 0x19
      RenderText {#text} at (0,187) size 495x19
        text run at (0,187) width 495: "PASS: sel1 correctly set to selectedIndex 1 by sel1.options[1].selected = true."
      RenderBR {BR} at (494,187) size 1x19
      RenderText {#text} at (0,205) size 445x19
        text run at (0,205) width 445: "PASS: sel2 correctly set to selectedIndex 1 by sel2.selectedIndex = 1."
      RenderBR {BR} at (444,205) size 1x19
      RenderText {#text} at (0,223) size 495x19
        text run at (0,223) width 495: "PASS: sel3 correctly set to selectedIndex 1 by sel3.options[1].selected = true."
      RenderBR {BR} at (494,223) size 1x19
      RenderText {#text} at (0,241) size 445x19
        text run at (0,241) width 445: "PASS: sel4 correctly set to selectedIndex 1 by sel4.selectedIndex = 1."
      RenderBR {BR} at (444,241) size 1x19
      RenderText {#text} at (0,259) size 495x19
        text run at (0,259) width 495: "PASS: sel5 correctly set to selectedIndex 1 by sel5.options[1].selected = true."
      RenderBR {BR} at (494,259) size 1x19
      RenderText {#text} at (0,277) size 445x19
        text run at (0,277) width 445: "PASS: sel6 correctly set to selectedIndex 1 by sel6.selectedIndex = 1."
      RenderBR {BR} at (444,277) size 1x19
      RenderText {#text} at (0,295) size 495x19
        text run at (0,295) width 495: "PASS: sel7 correctly set to selectedIndex 1 by sel7.options[1].selected = true."
      RenderBR {BR} at (494,295) size 1x19
      RenderText {#text} at (0,313) size 445x19
        text run at (0,313) width 445: "PASS: sel8 correctly set to selectedIndex 1 by sel8.selectedIndex = 1."
      RenderBR {BR} at (444,313) size 1x19
