layer at (0,0) size 785x1323
  RenderView at (0,0) size 785x600
layer at (0,0) size 785x1323
  RenderBlock {HTML} at (0,0) size 785x1323
    RenderBody {BODY} at (8,8) size 769x1300
      RenderBlock {P} at (0,0) size 769x18
        RenderText {#text} at (0,0) size 111x18
          text run at (0,0) width 111: "Legend align test"
      RenderFieldSet {FIELDSET} at (2,34) size 765x55 [border: (2px groove #C0C0C0)]
        RenderBlock {LEGEND} at (14,0) size 104x18
          RenderText {#text} at (2,0) size 100x18
            text run at (2,0) width 100: "My Legend left"
        RenderBlock (anonymous) at (14,23) size 737x20
          RenderTextControl {INPUT} at (0,0) size 147x19 [bgcolor=#FFFFFF] [border: (2px inset #000000)]
          RenderText {#text} at (0,0) size 0x0
      RenderFieldSet {FIELDSET} at (2,88) size 765x56 [border: (2px groove #C0C0C0)]
        RenderBlock {LEGEND} at (321,0) size 123x18
          RenderText {#text} at (2,0) size 118x18
            text run at (2,0) width 118: "My Legend center"
        RenderBlock (anonymous) at (14,23) size 737x20
          RenderTextControl {INPUT} at (0,0) size 147x19 [bgcolor=#FFFFFF] [border: (2px inset #000000)]
          RenderText {#text} at (0,0) size 0x0
      RenderFieldSet {FIELDSET} at (2,143) size 765x55 [border: (2px groove #C0C0C0)]
        RenderBlock {LEGEND} at (638,0) size 113x18
          RenderText {#text} at (2,0) size 109x18
            text run at (2,0) width 109: "My Legend right"
        RenderBlock (anonymous) at (14,23) size 737x20
          RenderTextControl {INPUT} at (0,0) size 147x19 [bgcolor=#FFFFFF] [border: (2px inset #000000)]
          RenderText {#text} at (0,0) size 0x0
      RenderFieldSet {FIELDSET} at (2,197) size 765x56 [border: (2px groove #C0C0C0)]
        RenderBlock {LEGEND} at (14,0) size 127x18
          RenderText {#text} at (2,0) size 123x18
            text run at (2,0) width 123: "My Legend default"
        RenderBlock (anonymous) at (14,23) size 737x20
          RenderTextControl {INPUT} at (0,0) size 147x19 [bgcolor=#FFFFFF] [border: (2px inset #000000)]
          RenderText {#text} at (0,0) size 0x0
      RenderBlock {P} at (0,278) size 769x19
        RenderText {#text} at (0,0) size 148x18
          text run at (0,0) width 148: "Legend align test, RTL"
      RenderBlock (anonymous) at (0,312) size 769x0
        RenderInline {SPAN} at (0,0) size 0x0
          RenderText {#text} at (0,0) size 0x0
      RenderBlock (anonymous) at (0,312) size 769x219
        RenderFieldSet {FIELDSET} at (2,0) size 765x55 [border: (2px groove #C0C0C0)]
          RenderBlock {LEGEND} at (14,0) size 104x18
            RenderText {#text} at (2,0) size 100x18
              text run at (2,0) width 100: "My Legend left"
          RenderBlock (anonymous) at (14,23) size 737x20
            RenderTextControl {INPUT} at (591,0) size 146x19 [bgcolor=#FFFFFF] [border: (2px inset #000000)]
            RenderText {#text} at (0,0) size 0x0
        RenderFieldSet {FIELDSET} at (2,54) size 765x56 [border: (2px groove #C0C0C0)]
          RenderBlock {LEGEND} at (321,0) size 123x18
            RenderText {#text} at (2,0) size 118x18
              text run at (2,0) width 118: "My Legend center"
          RenderBlock (anonymous) at (14,23) size 737x20
            RenderTextControl {INPUT} at (591,0) size 146x19 [bgcolor=#FFFFFF] [border: (2px inset #000000)]
            RenderText {#text} at (0,0) size 0x0
        RenderFieldSet {FIELDSET} at (2,109) size 765x55 [border: (2px groove #C0C0C0)]
          RenderBlock {LEGEND} at (638,0) size 113x18
            RenderText {#text} at (2,0) size 109x18
              text run at (2,0) width 109: "My Legend right"
          RenderBlock (anonymous) at (14,23) size 737x20
            RenderTextControl {INPUT} at (591,0) size 146x19 [bgcolor=#FFFFFF] [border: (2px inset #000000)]
            RenderText {#text} at (0,0) size 0x0
        RenderFieldSet {FIELDSET} at (2,163) size 765x56 [border: (2px groove #C0C0C0)]
          RenderBlock {LEGEND} at (624,0) size 127x18
            RenderText {#text} at (2,0) size 123x18
              text run at (2,0) width 123: "My Legend default"
          RenderBlock (anonymous) at (14,23) size 737x20
            RenderTextControl {INPUT} at (591,0) size 146x19 [bgcolor=#FFFFFF] [border: (2px inset #000000)]
            RenderText {#text} at (0,0) size 0x0
      RenderBlock (anonymous) at (0,530) size 769x0
        RenderInline {SPAN} at (0,0) size 0x0
        RenderText {#text} at (0,0) size 0x0
      RenderBlock {P} at (0,556) size 769x19
        RenderText {#text} at (0,0) size 275x18
          text run at (0,0) width 275: "Legend align test with margin and padding"
      RenderFieldSet {FIELDSET} at (15,590) size 739x70 [border: (2px groove #C0C0C0)]
        RenderBlock {LEGEND} at (17,0) size 104x18
          RenderText {#text} at (2,0) size 100x18
            text run at (2,0) width 100: "My Legend left"
        RenderBlock (anonymous) at (17,33) size 705x19
          RenderTextControl {INPUT} at (0,0) size 147x19 [bgcolor=#FFFFFF] [border: (2px inset #000000)]
          RenderText {#text} at (0,0) size 0x0
      RenderFieldSet {FIELDSET} at (15,674) size 739x70 [border: (2px groove #C0C0C0)]
        RenderBlock {LEGEND} at (308,0) size 123x18
          RenderText {#text} at (2,0) size 118x18
            text run at (2,0) width 118: "My Legend center"
        RenderBlock (anonymous) at (17,33) size 705x19
          RenderTextControl {INPUT} at (0,0) size 147x19 [bgcolor=#FFFFFF] [border: (2px inset #000000)]
          RenderText {#text} at (0,0) size 0x0
      RenderFieldSet {FIELDSET} at (15,758) size 739x70 [border: (2px groove #C0C0C0)]
        RenderBlock {LEGEND} at (609,0) size 113x18
          RenderText {#text} at (2,0) size 109x18
            text run at (2,0) width 109: "My Legend right"
        RenderBlock (anonymous) at (17,33) size 705x19
          RenderTextControl {INPUT} at (0,0) size 147x19 [bgcolor=#FFFFFF] [border: (2px inset #000000)]
          RenderText {#text} at (0,0) size 0x0
      RenderFieldSet {FIELDSET} at (15,842) size 739x70 [border: (2px groove #C0C0C0)]
        RenderBlock {LEGEND} at (17,0) size 127x18
          RenderText {#text} at (2,0) size 123x18
            text run at (2,0) width 123: "My Legend default"
        RenderBlock (anonymous) at (17,33) size 705x19
          RenderTextControl {INPUT} at (0,0) size 147x19 [bgcolor=#FFFFFF] [border: (2px inset #000000)]
          RenderText {#text} at (0,0) size 0x0
      RenderBlock {P} at (0,944) size 769x19
        RenderText {#text} at (0,0) size 312x18
          text run at (0,0) width 312: "Legend align test with margin and padding, RTL"
      RenderBlock (anonymous) at (0,978) size 769x0
        RenderInline {SPAN} at (0,0) size 0x0
          RenderText {#text} at (0,0) size 0x0
      RenderBlock (anonymous) at (0,978) size 769x322
        RenderFieldSet {FIELDSET} at (15,0) size 739x69 [border: (2px groove #C0C0C0)]
          RenderBlock {LEGEND} at (17,0) size 104x18
            RenderText {#text} at (2,0) size 100x18
              text run at (2,0) width 100: "My Legend left"
          RenderBlock (anonymous) at (17,33) size 705x19
            RenderTextControl {INPUT} at (559,0) size 146x19 [bgcolor=#FFFFFF] [border: (2px inset #000000)]
            RenderText {#text} at (0,0) size 0x0
        RenderFieldSet {FIELDSET} at (15,84) size 739x69 [border: (2px groove #C0C0C0)]
          RenderBlock {LEGEND} at (308,0) size 123x18
            RenderText {#text} at (2,0) size 118x18
              text run at (2,0) width 118: "My Legend center"
          RenderBlock (anonymous) at (17,33) size 705x19
            RenderTextControl {INPUT} at (559,0) size 146x19 [bgcolor=#FFFFFF] [border: (2px inset #000000)]
            RenderText {#text} at (0,0) size 0x0
        RenderFieldSet {FIELDSET} at (15,168) size 739x69 [border: (2px groove #C0C0C0)]
          RenderBlock {LEGEND} at (609,0) size 113x18
            RenderText {#text} at (2,0) size 109x18
              text run at (2,0) width 109: "My Legend right"
          RenderBlock (anonymous) at (17,33) size 705x19
            RenderTextControl {INPUT} at (559,0) size 146x19 [bgcolor=#FFFFFF] [border: (2px inset #000000)]
            RenderText {#text} at (0,0) size 0x0
        RenderFieldSet {FIELDSET} at (15,252) size 739x69 [border: (2px groove #C0C0C0)]
          RenderBlock {LEGEND} at (595,0) size 127x18
            RenderText {#text} at (2,0) size 123x18
              text run at (2,0) width 123: "My Legend default"
          RenderBlock (anonymous) at (17,33) size 705x19
            RenderTextControl {INPUT} at (559,0) size 146x19 [bgcolor=#FFFFFF] [border: (2px inset #000000)]
            RenderText {#text} at (0,0) size 0x0
      RenderBlock (anonymous) at (0,1314) size 769x0
        RenderInline {SPAN} at (0,0) size 0x0
        RenderText {#text} at (0,0) size 0x0
layer at (27,69) size 141x13
  RenderBlock {DIV} at (3,3) size 141x13
layer at (27,123) size 141x13
  RenderBlock {DIV} at (3,3) size 141x13
layer at (27,178) size 141x13
  RenderBlock {DIV} at (3,3) size 141x13
layer at (27,232) size 141x13
  RenderBlock {DIV} at (3,3) size 141x13
layer at (8,268) size 769x2 clip at (0,0) size 0x0
  RenderBlock {HR} at (0,260) size 769x3 [border: (1px inset #000000)]
layer at (618,347) size 140x13
  RenderBlock {DIV} at (3,3) size 140x13
layer at (618,402) size 140x13
  RenderBlock {DIV} at (3,3) size 140x13
layer at (618,456) size 140x13
  RenderBlock {DIV} at (3,3) size 140x13
layer at (618,511) size 140x13
  RenderBlock {DIV} at (3,3) size 140x13
layer at (8,547) size 769x2 clip at (0,0) size 0x0
  RenderBlock {HR} at (0,538) size 769x3 [border: (1px inset #000000)]
layer at (43,635) size 141x13
  RenderBlock {DIV} at (3,3) size 141x13
layer at (43,719) size 141x13
  RenderBlock {DIV} at (3,3) size 141x13
layer at (43,803) size 141x13
  RenderBlock {DIV} at (3,3) size 141x13
layer at (43,887) size 141x13
  RenderBlock {DIV} at (3,3) size 141x13
layer at (8,935) size 769x2 clip at (0,0) size 0x0
  RenderBlock {HR} at (0,926) size 769x3 [border: (1px inset #000000)]
layer at (602,1023) size 140x13
  RenderBlock {DIV} at (3,3) size 140x13
layer at (602,1107) size 140x13
  RenderBlock {DIV} at (3,3) size 140x13
layer at (602,1191) size 140x13
  RenderBlock {DIV} at (3,3) size 140x13
layer at (602,1275) size 140x13
  RenderBlock {DIV} at (3,3) size 140x13
