layer at (0,0) size 800x600
  RenderView at (0,0) size 800x600
layer at (0,0) size 800x600
  RenderBlock {HTML} at (0,0) size 800x600
    RenderBody {BODY} at (8,8) size 784x584
      RenderText {#text} at (0,0) size 298x18
        text run at (0,0) width 298: "This tests that text fields get the right baseline."
      RenderBR {BR} at (297,0) size 1x18
      RenderBR {BR} at (0,18) size 0x18
      RenderTextControl {INPUT} at (0,36) size 148x19 [bgcolor=#FFFFFF] [border: (2px inset #000000)]
      RenderText {#text} at (147,36) size 431x18
        text run at (147,36) width 431: "This text should line up with the bottom of the text in the text field."
      RenderBR {BR} at (577,36) size 1x18
      RenderBR {BR} at (0,55) size 0x18
      RenderTextControl {INPUT} at (0,73) size 148x19 [bgcolor=#FFFFFF] [border: (2px inset #000000)]
      RenderText {#text} at (147,73) size 431x18
        text run at (147,73) width 431: "This text should line up with the bottom of the text in the text field."
layer at (11,47) size 142x13
  RenderBlock {DIV} at (3,3) size 142x13
layer at (11,84) size 142x13
  RenderBlock {DIV} at (3,3) size 142x13
