layer at (0,0) size 800x600
  RenderView at (0,0) size 800x600
layer at (0,0) size 800x600
  RenderBlock {HTML} at (0,0) size 800x600
    RenderBody {BODY} at (8,8) size 784x584
      RenderText {#text} at (0,0) size 404x18
        text run at (0,0) width 404: "This tests that text can not be inserted into a disabled text field."
      RenderBR {BR} at (403,0) size 1x18
      RenderTextControl {INPUT} at (0,18) size 146x19 [color=color(srgb 0.34117648 0.34117648 0.34117648)] [bgcolor=#FFFFFF] [border: (2px inset #808080)]
      RenderText {#text} at (0,0) size 0x0
layer at (11,29) size 140x13
  RenderBlock {DIV} at (3,3) size 140x13
    RenderText {#text} at (0,0) size 63x13
      text run at (0,0) width 63: "Test Passed"
