layer at (0,0) size 800x600
  RenderView at (0,0) size 800x600
layer at (0,0) size 800x600
  RenderBlock {HTML} at (0,0) size 800x600
    RenderBody {BODY} at (8,8) size 784x576
      RenderBlock (anonymous) at (0,0) size 784x18
        RenderText {#text} at (0,0) size 491x18
          text run at (0,0) width 491: "This tests that the value becomes visible when the text field becomes visible."
      RenderBlock {P} at (0,34) size 784x19
        RenderTextControl {INPUT} at (0,0) size 148x19 [bgcolor=#FFFFFF] [border: (2px inset #000000)]
        RenderText {#text} at (0,0) size 0x0
      RenderBlock {DIV} at (0,69) size 784x0
      RenderBlock {P} at (0,69) size 784x0
layer at (11,45) size 142x13
  RenderBlock {DIV} at (3,3) size 142x13
    RenderText {#text} at (0,0) size 63x13
      text run at (0,0) width 63: "Test Passed"
