layer at (0,0) size 800x600
  RenderView at (0,0) size 800x600
layer at (0,0) size 800x546
  RenderBlock {HTML} at (0,0) size 800x546
    RenderBody {BODY} at (8,16) size 784x522
      RenderBlock {P} at (0,0) size 784x18
        RenderText {#text} at (0,0) size 421x18
          text run at (0,0) width 331: "The top table was resized while the field\x{2019}s contents "
          text run at (330,0) width 91: "were selected."
      RenderTable {TABLE} at (0,34) size 195x244
        RenderTableSection {TBODY} at (0,0) size 195x244
          RenderTableRow {TR} at (0,2) size 195x240
            RenderTableCell {TD} at (2,90) size 191x64 [bgcolor=#90EE90] [r=0 c=0 rs=1 cs=1]
              RenderTextControl {INPUT} at (22,22) size 147x19 [bgcolor=#FFFFFF] [border: (2px inset #000000)]
              RenderText {#text} at (0,0) size 0x0
      RenderTable {TABLE} at (0,278) size 195x244
        RenderTableSection {TBODY} at (0,0) size 195x244
          RenderTableRow {TR} at (0,2) size 195x240
            RenderTableCell {TD} at (2,90) size 191x64 [bgcolor=#90EE90] [r=0 c=0 rs=1 cs=1]
              RenderTextControl {INPUT} at (22,22) size 147x19 [bgcolor=#FFFFFF] [border: (2px inset #000000)]
              RenderText {#text} at (0,0) size 0x0
layer at (35,166) size 141x13
  RenderBlock {DIV} at (3,3) size 141x13
    RenderText {#text} at (0,0) size 38x13
      text run at (0,0) width 38: "foo bar"
layer at (35,410) size 141x13
  RenderBlock {DIV} at (3,3) size 141x13
    RenderText {#text} at (0,0) size 38x13
      text run at (0,0) width 38: "foo bar"
selection start: position 0 of child 0 {#text} of child 0 {DIV} of {#document-fragment} of child 1 {INPUT} of child 1 {TD} of child 0 {TR} of child 1 {TBODY} of child 3 {TABLE} of body
selection end:   position 7 of child 0 {#text} of child 0 {DIV} of {#document-fragment} of child 1 {INPUT} of child 1 {TD} of child 0 {TR} of child 1 {TBODY} of child 3 {TABLE} of body
