layer at (0,0) size 800x600
  RenderView at (0,0) size 800x600
layer at (0,0) size 800x600
  RenderBlock {HTML} at (0,0) size 800x600
    RenderBody {BODY} at (8,8) size 784x584
      RenderBlock {P} at (0,0) size 784x18
        RenderText {#text} at (0,0) size 576x18
          text run at (0,0) width 576: "The following 5 inputs should be all be rendered exactly the same, aligned to the left side."
      RenderBlock (anonymous) at (0,34) size 784x76
        RenderTextControl {INPUT} at (0,0) size 148x19 [bgcolor=#FFFFFF] [border: (2px inset #808080)]
        RenderBR {BR} at (147,0) size 1x18
        RenderTextControl {INPUT} at (0,19) size 148x19 [bgcolor=#FFFFFF] [border: (2px inset #808080)]
        RenderBR {BR} at (147,19) size 1x18
        RenderTextControl {INPUT} at (0,38) size 148x19 [bgcolor=#FFFFFF] [border: (2px inset #808080)]
        RenderBR {BR} at (147,38) size 1x18
        RenderTextControl {INPUT} at (0,57) size 148x19 [bgcolor=#FFFFFF] [border: (2px inset #808080)]
        RenderBR {BR} at (147,57) size 1x18
      RenderBlock {DIV} at (0,110) size 784x19
        RenderTextControl {INPUT} at (0,0) size 148x19 [bgcolor=#FFFFFF] [border: (2px inset #808080)]
layer at (11,45) size 142x13
  RenderBlock {DIV} at (3,3) size 142x13
    RenderText {#text} at (0,0) size 97x13
      text run at (0,0) width 97: "The quick brown..."
layer at (11,64) size 142x13
  RenderBlock {DIV} at (3,3) size 142x13
    RenderText {#text} at (0,0) size 97x13
      text run at (0,0) width 97: "The quick brown..."
layer at (11,83) size 142x13
  RenderBlock {DIV} at (3,3) size 142x13
    RenderText {#text} at (0,0) size 97x13
      text run at (0,0) width 97: "The quick brown..."
layer at (11,102) size 142x13
  RenderBlock {DIV} at (3,3) size 142x13
    RenderText {#text} at (0,0) size 97x13
      text run at (0,0) width 97: "The quick brown..."
layer at (11,121) size 142x13
  RenderBlock {DIV} at (3,3) size 142x13
    RenderText {#text} at (0,0) size 97x13
      text run at (0,0) width 97: "The quick brown..."
