layer at (0,0) size 800x600
  RenderView at (0,0) size 800x600
layer at (0,0) size 800x600
  RenderBlock {HTML} at (0,0) size 800x600
    RenderBody {BODY} at (8,8) size 784x584
      RenderButton {INPUT} at (0,6) size 46x16 [color=#000000D8] [bgcolor=#C0C0C0] [border: none (2px outset #C0C0C0) none (2px outset #C0C0C0)]
        RenderBlock (anonymous) at (8,4) size 30x6
          RenderText at (0,0) size 30x6
            text run at (0,0) width 30: "Test Button"
      RenderText {#text} at (45,1) size 5x19
        text run at (45,1) width 5: " "
      RenderButton {INPUT} at (49,6) size 52x16 [color=#000000D8] [bgcolor=#C0C0C0] [border: none (2px outset #C0C0C0) none (2px outset #C0C0C0)]
        RenderBlock (anonymous) at (8,3) size 36x8
          RenderText at (0,0) size 36x8
            text run at (0,0) width 36: "Test Button"
      RenderText {#text} at (100,1) size 5x19
        text run at (100,1) width 5: " "
      RenderButton {INPUT} at (104,5) size 57x16 [color=#000000D8] [bgcolor=#C0C0C0] [border: none (2px outset #C0C0C0) none (2px outset #C0C0C0)]
        RenderBlock (anonymous) at (8,2) size 41x10
          RenderText at (0,0) size 41x9
            text run at (0,0) width 41: "Test Button"
      RenderText {#text} at (160,1) size 5x19
        text run at (160,1) width 5: " "
      RenderButton {INPUT} at (164,5) size 63x16 [color=#000000D8] [bgcolor=#C0C0C0] [border: none (2px outset #C0C0C0) none (2px outset #C0C0C0)]
        RenderBlock (anonymous) at (8,2) size 46x10
          RenderText at (0,0) size 46x10
            text run at (0,0) width 46: "Test Button"
      RenderText {#text} at (226,1) size 5x19
        text run at (226,1) width 5: " "
      RenderButton {INPUT} at (230,4) size 67x17 [color=#000000D8] [bgcolor=#C0C0C0] [border: none (2px outset #C0C0C0) none (2px outset #C0C0C0)]
        RenderBlock (anonymous) at (8,2) size 51x11
          RenderText at (0,0) size 51x11
            text run at (0,0) width 51: "Test Button"
      RenderText {#text} at (296,1) size 5x19
        text run at (296,1) width 5: " "
      RenderButton {INPUT} at (300,3) size 72x18 [color=#000000D8] [bgcolor=#C0C0C0] [border: none (2px outset #C0C0C0) none (2px outset #C0C0C0)]
        RenderBlock (anonymous) at (8,2) size 56x12
          RenderText at (0,0) size 56x12
            text run at (0,0) width 56: "Test Button"
      RenderText {#text} at (371,1) size 5x19
        text run at (371,1) width 5: " "
      RenderButton {INPUT} at (375,2) size 78x19 [color=#000000D8] [bgcolor=#C0C0C0] [border: none (2px outset #C0C0C0) none (2px outset #C0C0C0)]
        RenderBlock (anonymous) at (8,2) size 61x13
          RenderText at (0,0) size 61x13
            text run at (0,0) width 61: "Test Button"
      RenderText {#text} at (452,1) size 5x19
        text run at (452,1) width 5: " "
      RenderButton {INPUT} at (456,1) size 82x21 [color=#000000D8] [bgcolor=#C0C0C0] [border: none (2px outset #C0C0C0) none (2px outset #C0C0C0)]
        RenderBlock (anonymous) at (8,2) size 65x15
          RenderText at (0,0) size 65x15
            text run at (0,0) width 65: "Test Button"
      RenderText {#text} at (537,1) size 5x19
        text run at (537,1) width 5: " "
      RenderButton {INPUT} at (541,0) size 86x22 [color=#000000D8] [bgcolor=#C0C0C0] [border: none (2px outset #C0C0C0) none (2px outset #C0C0C0)]
        RenderBlock (anonymous) at (8,2) size 70x16
          RenderText at (0,0) size 70x16
            text run at (0,0) width 70: "Test Button"
      RenderText {#text} at (626,1) size 5x19
        text run at (626,1) width 5: " "
      RenderButton {INPUT} at (630,0) size 91x22 [color=#000000D8] [bgcolor=#C0C0C0] [border: none (2px outset #C0C0C0) none (2px outset #C0C0C0)]
        RenderBlock (anonymous) at (8,2) size 75x17
          RenderText at (0,0) size 75x17
            text run at (0,0) width 75: "Test Button"
      RenderText {#text} at (0,0) size 0x0
      RenderButton {INPUT} at (0,27) size 95x24 [color=#000000D8] [bgcolor=#C0C0C0] [border: none (2px outset #C0C0C0) none (2px outset #C0C0C0)]
        RenderBlock (anonymous) at (8,2) size 79x18
          RenderText at (0,0) size 79x18
            text run at (0,0) width 79: "Test Button"
      RenderText {#text} at (94,29) size 5x19
        text run at (94,29) width 5: " "
      RenderButton {INPUT} at (98,26) size 100x25 [color=#000000D8] [bgcolor=#C0C0C0] [border: none (2px outset #C0C0C0) none (2px outset #C0C0C0)]
        RenderBlock (anonymous) at (8,2) size 84x19
          RenderText at (0,0) size 84x19
            text run at (0,0) width 84: "Test Button"
      RenderText {#text} at (197,29) size 5x19
        text run at (197,29) width 5: " "
      RenderButton {INPUT} at (201,25) size 104x26 [color=#000000D8] [bgcolor=#C0C0C0] [border: none (2px outset #C0C0C0) none (2px outset #C0C0C0)]
        RenderBlock (anonymous) at (8,2) size 88x21
          RenderText at (0,0) size 88x21
            text run at (0,0) width 88: "Test Button"
      RenderText {#text} at (304,29) size 5x19
        text run at (304,29) width 5: " "
      RenderButton {INPUT} at (308,24) size 109x27 [color=#000000D8] [bgcolor=#C0C0C0] [border: none (2px outset #C0C0C0) none (2px outset #C0C0C0)]
        RenderBlock (anonymous) at (8,2) size 92x22
          RenderText at (0,0) size 92x22
            text run at (0,0) width 92: "Test Button"
      RenderText {#text} at (416,29) size 5x19
        text run at (416,29) width 5: " "
      RenderButton {INPUT} at (420,23) size 114x28 [color=#000000D8] [bgcolor=#C0C0C0] [border: none (2px outset #C0C0C0) none (2px outset #C0C0C0)]
        RenderBlock (anonymous) at (8,2) size 97x23
          RenderText at (0,0) size 97x23
            text run at (0,0) width 97: "Test Button"
      RenderText {#text} at (533,29) size 5x19
        text run at (533,29) width 5: " "
      RenderButton {INPUT} at (537,22) size 117x30 [color=#000000D8] [bgcolor=#C0C0C0] [border: none (2px outset #C0C0C0) none (2px outset #C0C0C0)]
        RenderBlock (anonymous) at (8,2) size 100x24
          RenderText at (0,0) size 100x24
            text run at (0,0) width 100: "Test Button"
      RenderText {#text} at (653,29) size 5x19
        text run at (653,29) width 5: " "
      RenderButton {INPUT} at (657,21) size 121x31 [color=#000000D8] [bgcolor=#C0C0C0] [border: none (2px outset #C0C0C0) none (2px outset #C0C0C0)]
        RenderBlock (anonymous) at (8,2) size 104x25
          RenderText at (0,0) size 104x25
            text run at (0,0) width 104: "Test Button"
      RenderText {#text} at (0,0) size 0x0
