layer at (0,0) size 800x600
  RenderView at (0,0) size 800x600
layer at (0,0) size 800x600
  RenderBlock {HTML} at (0,0) size 800x600
    RenderBody {BODY} at (8,8) size 784x584
      RenderText {#text} at (0,0) size 521x18
        text run at (0,0) width 521: "This tests that the text color changes appropriately when the text field is disabled."
      RenderBR {BR} at (520,0) size 1x18
      RenderTextControl {INPUT} at (0,18) size 146x20 [color=color(srgb 0.341176 0.341176 0.341176)] [bgcolor=#FFFFFF] [border: (2px inset #808080)]
      RenderText {#text} at (145,18) size 5x18
        text run at (145,18) width 5: " "
      RenderTextControl {INPUT} at (149,18) size 148x20 [bgcolor=#FFFFFF] [border: (2px inset #808080)]
      RenderBR {BR} at (296,18) size 1x18
      RenderTextControl {INPUT} at (0,37) size 146x20 [color=#FF0000] [bgcolor=#FFFFFF] [border: (2px inset #808080)]
      RenderText {#text} at (145,37) size 5x19
        text run at (145,37) width 5: " "
      RenderTextControl {INPUT} at (149,37) size 148x20 [color=#FF0000] [bgcolor=#FFFFFF] [border: (2px inset #808080)]
      RenderBR {BR} at (296,37) size 1x19
      RenderTextControl {INPUT} at (0,57) size 146x19 [color=color(srgb 0.341176 0.341176 0.341176)] [bgcolor=#0000FF] [border: (2px inset #808080)]
      RenderText {#text} at (145,56) size 5x19
        text run at (145,56) width 5: " "
      RenderTextControl {INPUT} at (149,57) size 148x19 [bgcolor=#0000FF] [border: (2px inset #808080)]
      RenderBR {BR} at (296,56) size 1x19
      RenderTextControl {INPUT} at (0,76) size 146x20 [color=#FF0000] [bgcolor=#0000FF] [border: (2px inset #808080)]
      RenderText {#text} at (145,75) size 5x19
        text run at (145,75) width 5: " "
      RenderTextControl {INPUT} at (149,76) size 148x20 [color=#FF0000] [bgcolor=#0000FF] [border: (2px inset #808080)]
      RenderBR {BR} at (296,75) size 1x19
      RenderTextControl {INPUT} at (0,95) size 146x20 [color=color(srgb 0.341176 0.341176 0.341176)] [bgcolor=#000000] [border: (2px inset #808080)]
      RenderText {#text} at (145,95) size 5x19
        text run at (145,95) width 5: " "
      RenderTextControl {INPUT} at (149,95) size 148x20 [bgcolor=#000000] [border: (2px inset #808080)]
      RenderBR {BR} at (296,95) size 1x19
      RenderTextControl {INPUT} at (0,115) size 146x19 [color=#FFFFFF] [bgcolor=#000000] [border: (2px inset #808080)]
      RenderText {#text} at (145,114) size 5x19
        text run at (145,114) width 5: " "
      RenderTextControl {INPUT} at (149,115) size 148x19 [color=#FFFFFF] [bgcolor=#000000] [border: (2px inset #808080)]
      RenderBR {BR} at (296,114) size 1x19
      RenderTextControl {INPUT} at (0,134) size 146x20 [color=color(srgb 0.341176 0.341176 0.341176)] [bgcolor=#808080] [border: (2px inset #808080)]
      RenderText {#text} at (145,133) size 5x19
        text run at (145,133) width 5: " "
      RenderTextControl {INPUT} at (149,134) size 148x20 [bgcolor=#808080] [border: (2px inset #808080)]
      RenderBR {BR} at (296,133) size 1x19
      RenderTextControl {INPUT} at (0,153) size 146x20 [color=#FFFFFF] [bgcolor=#A9A9A9] [border: (2px inset #808080)]
      RenderText {#text} at (145,153) size 5x19
        text run at (145,153) width 5: " "
      RenderTextControl {INPUT} at (149,153) size 148x20 [color=#FFFFFF] [bgcolor=#A9A9A9] [border: (2px inset #808080)]
      RenderBR {BR} at (296,153) size 1x19
      RenderTextControl {INPUT} at (0,172) size 146x20 [color=#808080] [bgcolor=#000000] [border: (2px inset #808080)]
      RenderText {#text} at (145,172) size 5x19
        text run at (145,172) width 5: " "
      RenderTextControl {INPUT} at (149,172) size 148x20 [color=#808080] [bgcolor=#000000] [border: (2px inset #808080)]
      RenderBR {BR} at (296,172) size 1x19
      RenderTextControl {INPUT} at (0,192) size 146x20 [color=#FF0000] [bgcolor=#808080] [border: (2px inset #808080)]
      RenderText {#text} at (145,191) size 5x19
        text run at (145,191) width 5: " "
      RenderTextControl {INPUT} at (149,192) size 148x20 [color=#FF0000] [bgcolor=#808080] [border: (2px inset #808080)]
      RenderBR {BR} at (296,191) size 1x19
      RenderTextControl {INPUT} at (0,211) size 146x20 [color=#808080] [bgcolor=#FF0000] [border: (2px inset #808080)]
      RenderText {#text} at (145,211) size 5x19
        text run at (145,211) width 5: " "
      RenderTextControl {INPUT} at (149,211) size 148x20 [color=#808080] [bgcolor=#FF0000] [border: (2px inset #808080)]
      RenderBR {BR} at (296,211) size 1x19
      RenderTextControl {INPUT} at (0,230) size 146x20 [color=#FF0000] [bgcolor=#FFFFFF] [border: (2px inset #808080)]
      RenderText {#text} at (145,230) size 5x19
        text run at (145,230) width 5: " "
      RenderTextControl {INPUT} at (149,230) size 148x20 [color=#FF0000] [bgcolor=#FFFFFF] [border: (2px inset #808080)]
      RenderBR {BR} at (296,230) size 1x19
      RenderTextControl {INPUT} at (0,250) size 146x20 [color=#FF0000] [border: (2px inset #808080)]
      RenderText {#text} at (145,249) size 5x19
        text run at (145,249) width 5: " "
      RenderTextControl {INPUT} at (149,250) size 148x20 [color=#FF0000] [border: (2px inset #808080)]
      RenderBR {BR} at (296,249) size 1x19
      RenderTextControl {INPUT} at (0,269) size 146x20 [color=#ACACAC] [bgcolor=#F2F2F2] [border: (2px inset #808080)]
      RenderText {#text} at (145,269) size 5x19
        text run at (145,269) width 5: " "
      RenderTextControl {INPUT} at (149,269) size 148x20 [color=#ACACAC] [bgcolor=#F2F2F2] [border: (2px inset #808080)]
      RenderBR {BR} at (296,269) size 1x19
layer at (11,29) size 140x13 scrollWidth 343
  RenderBlock {DIV} at (3,3) size 140x13
    RenderText {#text} at (0,0) size 344x13
      text run at (0,0) width 344: "The text in this disabled field should displayed as dimmed or grey"
layer at (161,29) size 141x13 scrollWidth 152
  RenderBlock {DIV} at (3,3) size 141x13
    RenderText {#text} at (0,0) size 151x13
      text run at (0,0) width 151: "This text field is not disabled"
layer at (11,49) size 140x13 scrollWidth 343
  RenderBlock {DIV} at (3,3) size 140x13
    RenderText {#text} at (0,0) size 344x13
      text run at (0,0) width 344: "The text in this disabled field should displayed as dimmed or grey"
layer at (161,49) size 141x13 scrollWidth 152
  RenderBlock {DIV} at (3,3) size 141x13
    RenderText {#text} at (0,0) size 151x13
      text run at (0,0) width 151: "This text field is not disabled"
layer at (11,68) size 140x13 scrollWidth 343
  RenderBlock {DIV} at (3,3) size 140x13
    RenderText {#text} at (0,0) size 344x13
      text run at (0,0) width 344: "The text in this disabled field should displayed as dimmed or grey"
layer at (161,68) size 141x13 scrollWidth 152
  RenderBlock {DIV} at (3,3) size 141x13
    RenderText {#text} at (0,0) size 151x13
      text run at (0,0) width 151: "This text field is not disabled"
layer at (11,87) size 140x13 scrollWidth 343
  RenderBlock {DIV} at (3,3) size 140x13
    RenderText {#text} at (0,0) size 344x13
      text run at (0,0) width 344: "The text in this disabled field should displayed as dimmed or grey"
layer at (161,87) size 141x13 scrollWidth 152
  RenderBlock {DIV} at (3,3) size 141x13
    RenderText {#text} at (0,0) size 151x13
      text run at (0,0) width 151: "This text field is not disabled"
layer at (11,107) size 140x13 scrollWidth 343
  RenderBlock {DIV} at (3,3) size 140x13
    RenderText {#text} at (0,0) size 344x13
      text run at (0,0) width 344: "The text in this disabled field should displayed as dimmed or grey"
layer at (161,107) size 141x13 scrollWidth 152
  RenderBlock {DIV} at (3,3) size 141x13
    RenderText {#text} at (0,0) size 151x13
      text run at (0,0) width 151: "This text field is not disabled"
layer at (11,126) size 140x13 scrollWidth 343
  RenderBlock {DIV} at (3,3) size 140x13
    RenderText {#text} at (0,0) size 344x13
      text run at (0,0) width 344: "The text in this disabled field should displayed as dimmed or grey"
layer at (161,126) size 141x13 scrollWidth 152
  RenderBlock {DIV} at (3,3) size 141x13
    RenderText {#text} at (0,0) size 151x13
      text run at (0,0) width 151: "This text field is not disabled"
layer at (11,145) size 140x13 scrollWidth 343
  RenderBlock {DIV} at (3,3) size 140x13
    RenderText {#text} at (0,0) size 344x13
      text run at (0,0) width 344: "The text in this disabled field should displayed as dimmed or grey"
layer at (161,145) size 141x13 scrollWidth 152
  RenderBlock {DIV} at (3,3) size 141x13
    RenderText {#text} at (0,0) size 151x13
      text run at (0,0) width 151: "This text field is not disabled"
layer at (11,165) size 140x13 scrollWidth 343
  RenderBlock {DIV} at (3,3) size 140x13
    RenderText {#text} at (0,0) size 344x13
      text run at (0,0) width 344: "The text in this disabled field should displayed as dimmed or grey"
layer at (161,165) size 141x13 scrollWidth 152
  RenderBlock {DIV} at (3,3) size 141x13
    RenderText {#text} at (0,0) size 151x13
      text run at (0,0) width 151: "This text field is not disabled"
layer at (11,184) size 140x13 scrollWidth 343
  RenderBlock {DIV} at (3,3) size 140x13
    RenderText {#text} at (0,0) size 344x13
      text run at (0,0) width 344: "The text in this disabled field should displayed as dimmed or grey"
layer at (161,184) size 141x13 scrollWidth 152
  RenderBlock {DIV} at (3,3) size 141x13
    RenderText {#text} at (0,0) size 151x13
      text run at (0,0) width 151: "This text field is not disabled"
layer at (11,203) size 140x13 scrollWidth 343
  RenderBlock {DIV} at (3,3) size 140x13
    RenderText {#text} at (0,0) size 344x13
      text run at (0,0) width 344: "The text in this disabled field should displayed as dimmed or grey"
layer at (161,203) size 141x13 scrollWidth 152
  RenderBlock {DIV} at (3,3) size 141x13
    RenderText {#text} at (0,0) size 151x13
      text run at (0,0) width 151: "This text field is not disabled"
layer at (11,223) size 140x13 scrollWidth 343
  RenderBlock {DIV} at (3,3) size 140x13
    RenderText {#text} at (0,0) size 344x13
      text run at (0,0) width 344: "The text in this disabled field should displayed as dimmed or grey"
layer at (161,223) size 141x13 scrollWidth 152
  RenderBlock {DIV} at (3,3) size 141x13
    RenderText {#text} at (0,0) size 151x13
      text run at (0,0) width 151: "This text field is not disabled"
layer at (11,242) size 140x13 scrollWidth 343
  RenderBlock {DIV} at (3,3) size 140x13
    RenderText {#text} at (0,0) size 344x13
      text run at (0,0) width 344: "The text in this disabled field should displayed as dimmed or grey"
layer at (161,242) size 141x13 scrollWidth 152
  RenderBlock {DIV} at (3,3) size 141x13
    RenderText {#text} at (0,0) size 151x13
      text run at (0,0) width 151: "This text field is not disabled"
layer at (11,261) size 140x13 scrollWidth 343
  RenderBlock {DIV} at (3,3) size 140x13
    RenderText {#text} at (0,0) size 344x13
      text run at (0,0) width 344: "The text in this disabled field should displayed as dimmed or grey"
layer at (161,261) size 141x13 scrollWidth 152
  RenderBlock {DIV} at (3,3) size 141x13
    RenderText {#text} at (0,0) size 151x13
      text run at (0,0) width 151: "This text field is not disabled"
layer at (11,281) size 140x13 scrollWidth 343
  RenderBlock {DIV} at (3,3) size 140x13
    RenderText {#text} at (0,0) size 344x13
      text run at (0,0) width 344: "The text in this disabled field should displayed as dimmed or grey"
layer at (161,281) size 141x13 scrollWidth 152
  RenderBlock {DIV} at (3,3) size 141x13
    RenderText {#text} at (0,0) size 151x13
      text run at (0,0) width 151: "This text field is not disabled"
