layer at (0,0) size 800x600
  RenderView at (0,0) size 800x600
layer at (0,0) size 800x600
  RenderBlock {HTML} at (0,0) size 800x600
    RenderBody {BODY} at (8,8) size 784x584
      RenderText {#text} at (0,0) size 769x36
        text run at (0,0) width 769: "This tests that leading and trailing spaces in a text field don't get lost. There should be 3 spaces before and 3 spaces after"
        text run at (0,18) width 124: "the text in the field."
      RenderBR {BR} at (123,18) size 1x18
      RenderTextControl {INPUT} at (2,38) size 147x19 [bgcolor=#FFFFFF] [border: (2px inset #000000)]
      RenderText {#text} at (0,0) size 0x0
layer at (13,49) size 141x13
  RenderBlock {DIV} at (3,3) size 141x13
    RenderText {#text} at (0,0) size 57x13
      text run at (0,0) width 57: "   foo bar   "
