layer at (0,0) size 800x600
  RenderView at (0,0) size 800x600
layer at (0,0) size 800x600
  RenderBlock {HTML} at (0,0) size 800x600
    RenderBody {BODY} at (8,8) size 784x576
      RenderBlock (anonymous) at (0,0) size 784x23
        RenderTextControl {INPUT} at (2,2) size 147x19 [bgcolor=#FFFFFF] [border: (2px inset #000000)]
        RenderText {#text} at (0,0) size 0x0
      RenderBlock {P} at (0,39) size 784x36
        RenderText {#text} at (0,0) size 778x36
          text run at (0,0) width 778: "Tests clicking on an input element that has a value that self-destructs. If the test succeeds, there should be a blinking caret"
          text run at (0,18) width 101: "in the text field."
layer at (13,13) size 141x13
  RenderBlock {DIV} at (3,3) size 141x13
caret: position 0 of child 0 {DIV} of {#document-fragment} of child 0 {INPUT} of body
