layer at (0,0) size 800x600
  RenderView at (0,0) size 800x600
layer at (0,0) size 800x600
  RenderBlock {HTML} at (0,0) size 800x600
    RenderBody {BODY} at (8,8) size 784x576
      RenderBlock (anonymous) at (0,0) size 784x23
        RenderTextControl {INPUT} at (2,2) size 147x19 [bgcolor=#FFFFFF] [border: (2px inset #000000)]
        RenderText {#text} at (150,2) size 5x18
          text run at (150,2) width 5: " "
        RenderTextControl {INPUT} at (156,2) size 147x19 [bgcolor=#FFFFFF] [border: (2px inset #000000)]
        RenderText {#text} at (304,2) size 5x18
          text run at (304,2) width 5: " "
        RenderTextControl {INPUT} at (310,2) size 148x19 [bgcolor=#FFFFFF] [border: (2px inset #000000)]
        RenderText {#text} at (0,0) size 0x0
      RenderBlock {P} at (0,39) size 784x36
        RenderText {#text} at (0,0) size 765x36
          text run at (0,0) width 765: "Tests scrolling back to the beginning when a text field blurs. The first field should be scrolled to the left, the second and"
          text run at (0,18) width 164: "third scrolled to the right."
layer at (13,13) size 141x13 scrollWidth 306
  RenderBlock {DIV} at (3,3) size 141x13
    RenderText {#text} at (0,0) size 306x13
      text run at (0,0) width 306: "this text field has a lot of text in it so that it needs to scroll"
layer at (168,13) size 140x13 scrollX 166 scrollWidth 306
  RenderBlock {DIV} at (3,3) size 140x13
    RenderText {#text} at (-165,0) size 306x13
      text run at (-165,0) width 305: "this text field has a lot of text in it so that it needs to scroll"
layer at (322,13) size 141x13 scrollX 165 scrollWidth 306
  RenderBlock {DIV} at (3,3) size 141x13
    RenderText {#text} at (0,0) size 306x13
      text run at (0,0) width 306: "this text field has a lot of text in it so that it needs to scroll"
caret: position 66 of child 0 {#text} of child 0 {DIV} of {#document-fragment} of child 4 {INPUT} of body
