layer at (0,0) size 800x600
  RenderView at (0,0) size 800x600
layer at (0,0) size 800x600
  RenderBlock {HTML} at (0,0) size 800x600
    RenderBody {BODY} at (8,8) size 784x584
      RenderBlock {P} at (0,0) size 784x18
        RenderText {#text} at (0,0) size 245x18
          text run at (0,0) width 245: "Test appearances of outer-spin-button."
      RenderBlock {DIV} at (0,34) size 784x0
      RenderBlock {DIV} at (0,34) size 784x464
        RenderTable {TABLE} at (0,0) size 491x464
          RenderTableSection {TBODY} at (0,0) size 491x464
            RenderTableRow {TR} at (0,2) size 491x460
              RenderTableCell {TD} at (2,71) size 195x322 [r=0 c=0 rs=1 cs=1]
                RenderBlock {DIV} at (1,1) size 193x32
                  RenderTextControl {INPUT} at (0,0) size 113x16 [bgcolor=#FFFFFF] [border: (2px inset #808080)]
                  RenderBR {BR} at (112,-3) size 1x18
                  RenderTextControl {INPUT} at (0,16) size 113x16 [bgcolor=#FFFFFF] [border: (2px inset #808080)]
                    RenderFlexibleBox {DIV} at (3,0) size 107x16
                      RenderBlock {DIV} at (0,2) size 94x11
                RenderBlock {DIV} at (1,33) size 193x34
                  RenderTextControl {INPUT} at (0,0) size 125x17 [bgcolor=#FFFFFF] [border: (2px inset #808080)]
                  RenderBR {BR} at (124,-2) size 1x18
                  RenderTextControl {INPUT} at (0,17) size 125x17 [bgcolor=#FFFFFF] [border: (2px inset #808080)]
                    RenderFlexibleBox {DIV} at (3,1) size 119x15
                      RenderBlock {DIV} at (0,2) size 106x11
                RenderBlock {DIV} at (1,67) size 193x36
                  RenderTextControl {INPUT} at (0,0) size 137x18 [bgcolor=#FFFFFF] [border: (2px inset #808080)]
                  RenderBR {BR} at (136,-1) size 1x18
                  RenderTextControl {INPUT} at (0,18) size 137x18 [bgcolor=#FFFFFF] [border: (2px inset #808080)]
                    RenderFlexibleBox {DIV} at (3,1) size 131x16
                      RenderBlock {DIV} at (0,1) size 118x13
                RenderBlock {DIV} at (1,103) size 193x38
                  RenderTextControl {INPUT} at (0,0) size 148x19 [bgcolor=#FFFFFF] [border: (2px inset #808080)]
                  RenderBR {BR} at (147,0) size 1x18
                  RenderTextControl {INPUT} at (0,19) size 148x19 [bgcolor=#FFFFFF] [border: (2px inset #808080)]
                    RenderFlexibleBox {DIV} at (3,1) size 142x17
                      RenderBlock {DIV} at (0,1) size 129x14
                RenderBlock {DIV} at (1,141) size 193x42
                  RenderTextControl {INPUT} at (0,0) size 160x21 [bgcolor=#FFFFFF] [border: (2px inset #808080)]
                  RenderBR {BR} at (159,1) size 1x18
                  RenderTextControl {INPUT} at (0,21) size 160x21 [bgcolor=#FFFFFF] [border: (2px inset #808080)]
                    RenderFlexibleBox {DIV} at (3,1) size 154x19
                      RenderBlock {DIV} at (0,1) size 141x16
                RenderBlock {DIV} at (1,183) size 193x44
                  RenderTextControl {INPUT} at (0,0) size 171x22 [bgcolor=#FFFFFF] [border: (2px inset #808080)]
                  RenderBR {BR} at (170,2) size 1x18
                  RenderTextControl {INPUT} at (0,22) size 171x22 [bgcolor=#FFFFFF] [border: (2px inset #808080)]
                    RenderFlexibleBox {DIV} at (3,1) size 165x20
                      RenderBlock {DIV} at (0,1) size 150x17
                RenderBlock {DIV} at (1,227) size 193x46
                  RenderTextControl {INPUT} at (0,0) size 182x23 [bgcolor=#FFFFFF] [border: (2px inset #808080)]
                  RenderBR {BR} at (181,3) size 1x18
                  RenderTextControl {INPUT} at (0,23) size 182x23 [bgcolor=#FFFFFF] [border: (2px inset #808080)]
                    RenderFlexibleBox {DIV} at (3,1) size 176x21
                      RenderBlock {DIV} at (0,2) size 161x17
                RenderBlock {DIV} at (1,273) size 193x48
                  RenderTextControl {INPUT} at (0,0) size 193x24 [bgcolor=#FFFFFF] [border: (2px inset #808080)]
                  RenderBR {BR} at (192,4) size 1x18
                  RenderTextControl {INPUT} at (0,24) size 193x24 [bgcolor=#FFFFFF] [border: (2px inset #808080)]
                    RenderFlexibleBox {DIV} at (3,0) size 187x24
                      RenderBlock {DIV} at (0,2) size 172x19
              RenderTableCell {TD} at (198,2) size 291x460 [r=0 c=1 rs=1 cs=1]
                RenderBlock {DIV} at (1,1) size 289x48
                  RenderTextControl {INPUT} at (0,0) size 204x24 [bgcolor=#FFFFFF] [border: (2px inset #808080)]
                  RenderBR {BR} at (203,4) size 1x18
                  RenderTextControl {INPUT} at (0,24) size 204x24 [bgcolor=#FFFFFF] [border: (2px inset #808080)]
                    RenderFlexibleBox {DIV} at (3,0) size 198x24
                      RenderBlock {DIV} at (0,3) size 183x18
                RenderBlock {DIV} at (1,49) size 289x52
                  RenderTextControl {INPUT} at (0,0) size 214x26 [bgcolor=#FFFFFF] [border: (2px inset #808080)]
                  RenderBR {BR} at (213,5) size 1x18
                  RenderTextControl {INPUT} at (0,26) size 214x26 [bgcolor=#FFFFFF] [border: (2px inset #808080)]
                    RenderFlexibleBox {DIV} at (3,0) size 208x26
                      RenderBlock {DIV} at (0,2) size 193x21
                RenderBlock {DIV} at (1,101) size 289x54
                  RenderTextControl {INPUT} at (0,0) size 226x27 [bgcolor=#FFFFFF] [border: (2px inset #808080)]
                  RenderBR {BR} at (225,6) size 1x18
                  RenderTextControl {INPUT} at (0,27) size 226x27 [bgcolor=#FFFFFF] [border: (2px inset #808080)]
                    RenderFlexibleBox {DIV} at (3,0) size 220x27
                      RenderBlock {DIV} at (0,3) size 201x21
                RenderBlock {DIV} at (1,155) size 289x56
                  RenderTextControl {INPUT} at (0,0) size 238x28 [bgcolor=#FFFFFF] [border: (2px inset #808080)]
                  RenderBR {BR} at (237,7) size 1x18
                  RenderTextControl {INPUT} at (0,28) size 238x28 [bgcolor=#FFFFFF] [border: (2px inset #808080)]
                    RenderFlexibleBox {DIV} at (3,0) size 232x28
                      RenderBlock {DIV} at (0,3) size 213x22
                RenderBlock {DIV} at (1,211) size 289x58
                  RenderTextControl {INPUT} at (0,0) size 249x29 [bgcolor=#FFFFFF] [border: (2px inset #808080)]
                  RenderBR {BR} at (248,8) size 1x18
                  RenderTextControl {INPUT} at (0,29) size 249x29 [bgcolor=#FFFFFF] [border: (2px inset #808080)]
                    RenderFlexibleBox {DIV} at (3,0) size 243x29
                      RenderBlock {DIV} at (0,3) size 224x23
                RenderBlock {DIV} at (1,269) size 289x60
                  RenderTextControl {INPUT} at (0,0) size 262x30 [bgcolor=#FFFFFF] [border: (2px inset #808080)]
                  RenderBR {BR} at (261,9) size 1x18
                  RenderTextControl {INPUT} at (0,30) size 262x30 [bgcolor=#FFFFFF] [border: (2px inset #808080)]
                    RenderFlexibleBox {DIV} at (3,0) size 256x30
                      RenderBlock {DIV} at (0,3) size 237x24
                RenderBlock {DIV} at (1,329) size 289x64
                  RenderTextControl {INPUT} at (0,0) size 275x32 [bgcolor=#FFFFFF] [border: (2px inset #808080)]
                  RenderBR {BR} at (274,10) size 1x18
                  RenderTextControl {INPUT} at (0,32) size 275x32 [bgcolor=#FFFFFF] [border: (2px inset #808080)]
                    RenderFlexibleBox {DIV} at (3,0) size 269x32
                      RenderBlock {DIV} at (0,3) size 250x26
                RenderBlock {DIV} at (1,393) size 289x66
                  RenderTextControl {INPUT} at (0,0) size 289x33 [bgcolor=#FFFFFF] [border: (2px inset #808080)]
                  RenderBR {BR} at (288,11) size 1x18
                  RenderTextControl {INPUT} at (0,33) size 289x33 [bgcolor=#FFFFFF] [border: (2px inset #808080)]
                    RenderFlexibleBox {DIV} at (3,0) size 283x33
                      RenderBlock {DIV} at (0,3) size 264x27
layer at (14,117) size 107x10
  RenderBlock {DIV} at (3,3) size 107x10
layer at (14,133) size 94x10
  RenderBlock {DIV} at (0,0) size 94x10
layer at (14,149) size 119x11
  RenderBlock {DIV} at (3,3) size 119x11
layer at (14,166) size 106x11
  RenderBlock {DIV} at (0,0) size 106x11
layer at (14,183) size 130x12
  RenderBlock {DIV} at (3,3) size 131x12
layer at (14,201) size 117x12
  RenderBlock {DIV} at (0,0) size 118x12
layer at (14,219) size 142x13
  RenderBlock {DIV} at (3,3) size 142x13
layer at (14,238) size 129x13
  RenderBlock {DIV} at (0,0) size 129x13
layer at (14,257) size 153x15
  RenderBlock {DIV} at (3,3) size 154x15
layer at (14,278) size 140x15
  RenderBlock {DIV} at (0,0) size 141x15
layer at (14,299) size 164x16
  RenderBlock {DIV} at (3,3) size 165x16
layer at (14,321) size 149x16
  RenderBlock {DIV} at (0,0) size 150x16
layer at (14,343) size 175x17
  RenderBlock {DIV} at (3,3) size 176x17
layer at (14,366) size 160x17
  RenderBlock {DIV} at (0,0) size 161x17
layer at (14,389) size 186x18
  RenderBlock {DIV} at (3,3) size 187x18
layer at (14,413) size 171x18
  RenderBlock {DIV} at (0,0) size 172x18
layer at (210,48) size 197x18
  RenderBlock {DIV} at (3,3) size 198x18
layer at (210,72) size 182x18
  RenderBlock {DIV} at (0,0) size 183x18
layer at (210,96) size 208x20
  RenderBlock {DIV} at (3,3) size 208x20
layer at (210,122) size 193x20
  RenderBlock {DIV} at (0,0) size 193x20
layer at (210,148) size 220x21
  RenderBlock {DIV} at (3,3) size 220x21
layer at (210,175) size 201x21
  RenderBlock {DIV} at (0,0) size 201x21
layer at (210,202) size 232x22
  RenderBlock {DIV} at (3,3) size 232x22
layer at (210,230) size 213x22
  RenderBlock {DIV} at (0,0) size 213x22
layer at (210,258) size 243x23
  RenderBlock {DIV} at (3,3) size 243x23
layer at (210,287) size 224x23
  RenderBlock {DIV} at (0,0) size 224x23
layer at (210,316) size 256x24
  RenderBlock {DIV} at (3,3) size 256x24
layer at (210,346) size 237x24
  RenderBlock {DIV} at (0,0) size 237x24
layer at (210,376) size 269x26
  RenderBlock {DIV} at (3,3) size 269x26
layer at (210,408) size 250x26
  RenderBlock {DIV} at (0,0) size 250x26
layer at (210,440) size 282x27
  RenderBlock {DIV} at (3,3) size 283x27
layer at (210,473) size 263x27
  RenderBlock {DIV} at (0,0) size 264x27
layer at (108,131) size 13x15
  RenderBlock (relative positioned) {DIV} at (93,0) size 14x15
layer at (120,164) size 13x15
  RenderBlock (relative positioned) {DIV} at (105,0) size 14x15
layer at (131,200) size 13x15
  RenderBlock (relative positioned) {DIV} at (117,0) size 14x15
layer at (143,236) size 13x17
  RenderBlock (relative positioned) {DIV} at (128,0) size 14x17
layer at (154,277) size 13x18
  RenderBlock (relative positioned) {DIV} at (140,0) size 14x18
layer at (163,319) size 15x20
  RenderBlock (relative positioned) {DIV} at (149,0) size 16x20
layer at (174,364) size 15x21
  RenderBlock (relative positioned) {DIV} at (160,0) size 16x21
layer at (185,411) size 15x23
  RenderBlock (relative positioned) {DIV} at (171,0) size 16x23
layer at (393,69) size 15x24
  RenderBlock (relative positioned) {DIV} at (182,0) size 16x24
layer at (403,119) size 15x26
  RenderBlock (relative positioned) {DIV} at (192,0) size 16x26
layer at (411,172) size 19x27
  RenderBlock (relative positioned) {DIV} at (200,0) size 20x27
layer at (423,227) size 19x28
  RenderBlock (relative positioned) {DIV} at (212,-1) size 20x30
layer at (434,284) size 19x30
  RenderBlock (relative positioned) {DIV} at (223,-1) size 20x31
layer at (447,342) size 19x32
  RenderBlock (relative positioned) {DIV} at (236,-1) size 20x32
layer at (460,405) size 19x33
  RenderBlock (relative positioned) {DIV} at (249,-1) size 20x34
layer at (474,469) size 19x35
  RenderBlock (relative positioned) {DIV} at (263,-1) size 20x35
