layer at (0,0) size 800x600
  RenderView at (0,0) size 800x600
layer at (0,0) size 800x600
  RenderBlock {HTML} at (0,0) size 800x600
    RenderBody {BODY} at (8,8) size 784x584
      RenderText {#text} at (0,0) size 406x18
        text run at (0,0) width 406: "This tests that text can not be inserted into a readonly text field."
      RenderBR {BR} at (405,0) size 1x18
      RenderTextControl {INPUT} at (2,20) size 146x19 [bgcolor=#FFFFFF] [border: (2px inset #000000)]
      RenderText {#text} at (0,0) size 0x0
layer at (13,31) size 140x13
  RenderBlock {DIV} at (3,3) size 140x13
    RenderText {#text} at (0,0) size 63x13
      text run at (0,0) width 63: "Test Passed"
selection start: position 0 of child 0 {#text} of child 0 {DIV} of {#document-fragment} of child 2 {INPUT} of body
selection end:   position 11 of child 0 {#text} of child 0 {DIV} of {#document-fragment} of child 2 {INPUT} of body
