layer at (0,0) size 800x600
  RenderView at (0,0) size 800x600
layer at (0,0) size 800x600
  RenderBlock {HTML} at (0,0) size 800x600
    RenderBody {BODY} at (8,8) size 784x584
      RenderText {#text} at (0,0) size 601x18
        text run at (0,0) width 601: "This test passes if it doesn't crash and if the Submit button does not honor the first-letter style."
      RenderBR {BR} at (600,0) size 1x18
      RenderButton {INPUT} at (2,20) size 53x22 [color=#000000D8] [border: (2px outset #C0C0C0)]
        RenderBlock (anonymous) at (8,4) size 37x13
          RenderText at (0,0) size 37x13
            text run at (0,0) width 37: "Submit"
      RenderText {#text} at (0,0) size 0x0
