layer at (0,0) size 800x600
  RenderView at (0,0) size 800x600
layer at (0,0) size 800x600
  RenderBlock {HTML} at (0,0) size 800x600
    RenderBody {BODY} at (8,8) size 784x584
      RenderText {#text} at (0,0) size 461x18
        text run at (0,0) width 461: "This tests that the border of a readonly text field should appear dimmed."
      RenderBR {BR} at (460,0) size 1x18
      RenderTextControl {INPUT} at (2,20) size 146x19 [bgcolor=#FFFFFF] [border: (2px inset #000000)]
      RenderText {#text} at (0,0) size 0x0
layer at (13,31) size 140x13 scrollWidth 160
  RenderBlock {DIV} at (3,3) size 140x13
    RenderText {#text} at (0,0) size 160x13
      text run at (0,0) width 160: "This border should be dimmed"
