layer at (0,0) size 800x600
  RenderView at (0,0) size 800x600
layer at (0,0) size 800x600
  RenderBlock {HTML} at (0,0) size 800x600
    RenderBody {BODY} at (9,9) size 782x582
      RenderBlock (anonymous) at (0,0) size 781x162
        RenderListBox {SELECT} at (0,0) size 127x162 [bgcolor=#FFFFFF] [border: (12px solid #000000)]
        RenderText {#text} at (0,0) size 0x0
      RenderBlock {DIV} at (0,162) size 781x66
        RenderText {#text} at (0,0) size 62x22
          text run at (0,0) width 62: "Results:"
        RenderBR {BR} at (61,0) size 1x22
        RenderText {#text} at (0,22) size 104x22
          text run at (0,22) width 104: "Test 1 Passed"
        RenderBR {BR} at (103,22) size 1x22
        RenderText {#text} at (0,44) size 104x22
          text run at (0,44) width 104: "Test 2 Passed"
