layer at (0,0) size 800x600
  RenderView at (0,0) size 800x600
layer at (0,0) size 800x600
  RenderBlock {HTML} at (0,0) size 800x600
    RenderBody {BODY} at (8,8) size 784x584
      RenderBlock {DIV} at (0,0) size 784x6 [border: (3px solid #FFFFFF)]
      RenderBlock (anonymous) at (0,6) size 784x22
        RenderMenuList {SELECT} at (2,2) size 36x18 [bgcolor=#FFFFFF] [border: (1px solid #008000)]
          RenderBlock (anonymous) at (1,1) size 34x16
            RenderText at (8,1) size 0x13
              text run at (8,1) width 0: " "
        RenderText {#text} at (0,0) size 0x0
