layer at (0,0) size 800x600
  RenderView at (0,0) size 800x600
layer at (0,0) size 800x600
  RenderBlock {HTML} at (0,0) size 800x600
    RenderBody {BODY} at (8,8) size 784x584
      RenderMenuList {SELECT} at (2,2) size 69x18 [color=#000000D8] [bgcolor=#FFFFFF]
        RenderBlock (anonymous) at (0,0) size 69x18
          RenderText at (8,2) size 38x13
            text run at (8,2) width 38: "Default"
      RenderText {#text} at (73,1) size 4x18
        text run at (73,1) width 4: " "
      RenderMenuList {SELECT} at (79,2) size 52x18 [color=#000000D8] [bgcolor=#FFFFFF]
        RenderBlock (anonymous) at (0,0) size 52x18
          RenderText at (8,2) size 21x13
            text run at (8,2) width 21: "Red"
      RenderText {#text} at (133,1) size 4x18
        text run at (133,1) width 4: " "
      RenderMenuList {SELECT} at (139,2) size 119x18 [bgcolor=#008000] [border: (1px solid #000000)]
        RenderBlock (anonymous) at (1,1) size 117x16
          RenderText at (8,1) size 88x13
            text run at (8,1) width 88: "Default on green"
      RenderText {#text} at (260,1) size 4x18
        text run at (260,1) width 4: " "
      RenderMenuList {SELECT} at (266,2) size 101x18 [color=#FF0000] [bgcolor=#008000] [border: (1px solid #FF0000)]
        RenderBlock (anonymous) at (1,1) size 99x16
          RenderText at (8,1) size 70x13
            text run at (8,1) width 70: "Red on green"
      RenderText {#text} at (0,0) size 0x0
