layer at (0,0) size 800x600
  RenderView at (0,0) size 800x600
layer at (0,0) size 800x600
  RenderBlock {HTML} at (0,0) size 800x600
    RenderBody {BODY} at (8,8) size 784x584
      RenderMenuList {SELECT} at (0,0) size 246x15 [color=#000000D8] [bgcolor=#FFFFFF]
        RenderBlock (anonymous) at (0,0) size 246x16
          RenderText at (10,2) size 214x11
            text run at (10,2) width 214: "No overflow should be allowed on popup menus!"
      RenderText {#text} at (0,0) size 0x0
