layer at (0,0) size 800x600
  RenderView at (0,0) size 800x600
layer at (0,0) size 800x600
  RenderBlock {HTML} at (0,0) size 800x600
    RenderBody {BODY} at (8,8) size 784x576
      RenderBlock (anonymous) at (0,0) size 784x18
        RenderText {#text} at (0,0) size 680x18
          text run at (0,0) width 680: "The textarea below should have standard line-height because textareas should ignore negative line-heights"
        RenderBR {BR} at (679,0) size 1x18
      RenderBlock {P} at (0,34) size 784x240
        RenderText {#text} at (0,0) size 84x18
          text run at (0,0) width 84: "TEXTAREA"
        RenderBR {BR} at (83,0) size 1x18
        RenderText {#text} at (400,204) size 4x18
          text run at (400,204) width 4: " "
        RenderBR {BR} at (0,0) size 0x0
        RenderBR {BR} at (0,222) size 0x18
layer at (8,60) size 400x200 clip at (9,61) size 398x198
  RenderTextControl {TEXTAREA} at (0,18) size 400x200 [bgcolor=#FFFFFF] [border: (1px dotted #C0C0C0)]
    RenderBlock {DIV} at (3,3) size 394x32
      RenderText {#text} at (0,0) size 379x32
        text run at (0,0) width 374: "Demo text here that wraps a bit and should demonstrate"
        text run at (373,0) width 6: " "
        text run at (0,16) width 179: "the goodness of line-height"
