layer at (0,0) size 800x600
  RenderView at (0,0) size 800x600
layer at (0,0) size 800x600
  RenderBlock {HTML} at (0,0) size 800x600
    RenderBody {BODY} at (8,8) size 784x584
      RenderText {#text} at (0,0) size 340x18
        text run at (0,0) width 109: "TEST PASSED: "
        text run at (108,0) width 232: "If the popup menu only says \"Text\"."
      RenderBR {BR} at (339,0) size 1x18
      RenderText {#text} at (0,18) size 422x18
        text run at (0,18) width 107: "TEST FAILED: "
        text run at (106,18) width 316: "If the popup menu says \"document.write('Text')\"."
      RenderBR {BR} at (421,18) size 1x18
      RenderMenuList {SELECT} at (2,38) size 53x18 [color=#000000D8] [bgcolor=#FFFFFF]
        RenderBlock (anonymous) at (0,0) size 53x18
          RenderText at (8,2) size 22x13
            text run at (8,2) width 22: "Text"
      RenderText {#text} at (0,0) size 0x0
