layer at (0,0) size 800x600
  RenderView at (0,0) size 800x600
layer at (0,0) size 800x600
  RenderBlock {HTML} at (0,0) size 800x600
    RenderBody {BODY} at (8,8) size 784x584
      RenderBlock (anonymous) at (0,0) size 784x36
        RenderText {#text} at (0,0) size 756x36
          text run at (0,0) width 756: "This test makes sure we don't crash when trying to get the index of an option element that has no corresponding select"
          text run at (0,18) width 55: "element."
      RenderBlock {DIV} at (0,36) size 784x36
        RenderText {#text} at (0,0) size 78x18
          text run at (0,0) width 78: "Test Passed."
        RenderBR {BR} at (77,0) size 1x18
        RenderText {#text} at (0,18) size 379x18
          text run at (0,18) width 379: "Index for option element with no corresponding select is: 0"
