layer at (0,0) size 800x600
  RenderView at (0,0) size 800x600
layer at (0,0) size 800x600
  RenderBlock {HTML} at (0,0) size 800x600
    RenderBody {BODY} at (8,8) size 784x584
      RenderText {#text} at (0,0) size 336x18
        text run at (0,0) width 336: "This tests that you can set the placeholder text color."
      RenderBR {BR} at (335,0) size 1x18
      RenderTextControl {INPUT} at (0,18) size 148x19 [bgcolor=#FFFFFF] [border: (2px inset #000000)]
      RenderText {#text} at (147,18) size 5x18
        text run at (147,18) width 5: " "
      RenderTextControl {INPUT} at (151,18) size 149x19 [bgcolor=#FFFFFF] [border: (2px inset #000000)]
        RenderFlexibleBox {DIV} at (3,0) size 142x19
          RenderBlock {DIV} at (0,0) size 8x19
          RenderBlock {DIV} at (8,3) size 115x13
          RenderBlock {DIV} at (122,0) size 20x19
      RenderText {#text} at (299,18) size 5x18
        text run at (299,18) width 5: " "
      RenderTextControl {INPUT} at (303,18) size 149x19 [bgcolor=#FFFFFF] [border: (2px inset #000000)]
      RenderText {#text} at (451,18) size 5x18
        text run at (451,18) width 5: " "
      RenderTextControl {INPUT} at (455,18) size 147x19 [color=color(srgb 0.34117648 0.34117648 0.34117648)] [bgcolor=#FFFFFF] [border: (2px inset #575757)]
      RenderText {#text} at (601,18) size 5x18
        text run at (601,18) width 5: " "
      RenderTextControl {INPUT} at (605,18) size 149x19 [bgcolor=#FFFFFF] [border: (2px inset #000000)]
      RenderText {#text} at (0,0) size 0x0
      RenderTextControl {INPUT} at (0,37) size 148x19 [bgcolor=#FFFFFF] [border: (2px inset #000000)]
      RenderText {#text} at (0,0) size 0x0
layer at (11,29) size 142x13
  RenderBlock {DIV} at (3,3) size 142x13 [color=#640000]
    RenderText {#text} at (0,0) size 21x13
      text run at (0,0) width 21: "text"
layer at (11,29) size 142x13
  RenderBlock {DIV} at (3,3) size 142x13
layer at (171,29) size 115x13
  RenderBlock {DIV} at (11,3) size 115x13 [color=#640000]
    RenderText {#text} at (0,0) size 36x13
      text run at (0,0) width 36: "search"
layer at (171,29) size 115x13
  RenderBlock {DIV} at (0,0) size 115x13
layer at (315,29) size 142x13
  RenderBlock {DIV} at (3,3) size 142x13 [color=#640000]
    RenderText {#text} at (0,0) size 51x13
      text run at (0,0) width 51: "password"
layer at (315,29) size 142x13
  RenderBlock {DIV} at (3,3) size 142x13
layer at (467,29) size 140x13
  RenderBlock {DIV} at (3,3) size 140x13 [color=#640000]
    RenderText {#text} at (0,0) size 68x13
      text run at (0,0) width 68: "disabled text"
layer at (467,29) size 140x13
  RenderBlock {DIV} at (3,3) size 140x13
layer at (617,29) size 142x13 backgroundClip at (617,29) size 141x13 clip at (617,29) size 141x13
  RenderBlock {DIV} at (3,3) size 142x13 [color=#A9A9A9]
    RenderText {#text} at (0,0) size 37x13
      text run at (0,0) width 37: "default"
layer at (617,29) size 142x13 backgroundClip at (617,29) size 141x13 clip at (617,29) size 141x13
  RenderBlock {DIV} at (3,3) size 142x13
layer at (11,48) size 142x13
  RenderBlock {DIV} at (3,3) size 142x13 [color=#A9A9A9]
    RenderText {#text} at (0,0) size 85x13
      text run at (0,0) width 85: "default disabled"
layer at (11,48) size 142x13
  RenderBlock {DIV} at (3,3) size 142x13
