layer at (0,0) size 800x600
  RenderView at (0,0) size 800x600
layer at (0,0) size 800x600
  RenderBlock {HTML} at (0,0) size 800x600
    RenderBody {BODY} at (8,8) size 784x584
      RenderTextControl {INPUT} at (0,0) size 148x19 [bgcolor=#FFFFFF] [border: (2px inset #000000)]
        RenderFlexibleBox {DIV} at (3,0) size 142x19
          RenderBlock {DIV} at (0,0) size 8x19
          RenderBlock {DIV} at (8,3) size 115x13
          RenderBlock {DIV} at (122,0) size 20x19
      RenderBR {BR} at (147,0) size 1x18
      RenderTextControl {INPUT} at (0,19) size 148x19 [bgcolor=#FFFFFF] [border: (2px inset #000000)]
      RenderBR {BR} at (147,19) size 1x18
      RenderTextControl {INPUT} at (0,38) size 146x19 [bgcolor=#FFFFFF] [border: (2px inset #000000)]
        RenderFlexibleBox {DIV} at (3,0) size 140x19
          RenderBlock {DIV} at (131,0) size 9x19
          RenderBlock {DIV} at (19,3) size 113x13
          RenderBlock {DIV} at (0,0) size 19x19
      RenderBR {BR} at (145,38) size 1x18
      RenderTextControl {INPUT} at (0,57) size 148x19 [bgcolor=#FFFFFF] [border: (2px inset #000000)]
        RenderFlexibleBox {DIV} at (3,0) size 142x19
          RenderBlock {DIV} at (0,0) size 22x19
          RenderBlock {DIV} at (22,3) size 101x13
          RenderBlock {DIV} at (122,0) size 20x19
      RenderBR {BR} at (147,57) size 1x18
      RenderBR {BR} at (161,94) size 0x18
      RenderTextControl {INPUT} at (0,108) size 148x33 [bgcolor=#FFFFFF] [border: (2px inset #000000)]
      RenderBR {BR} at (147,108) size 1x18
      RenderBR {BR} at (161,172) size 0x18
      RenderTextControl {INPUT} at (5,191) size 199x30 [bgcolor=#FFFFFF] [border: (5px solid #000000)]
      RenderBR {BR} at (208,198) size 1x18
      RenderTextControl {INPUT} at (0,226) size 148x31 [bgcolor=#FFFFFF] [border: (2px inset #000000)]
      RenderText {#text} at (147,232) size 5x18
        text run at (147,232) width 5: " "
      RenderTextControl {INPUT} at (151,226) size 149x31 [bgcolor=#FFFFFF] [border: (2px inset #000000)]
      RenderText {#text} at (0,0) size 0x0
      RenderBR {BR} at (299,232) size 1x18
      RenderTextControl {INPUT} at (0,257) size 148x19 [bgcolor=#FFFFFF] [border: (2px inset #000000)]
      RenderText {#text} at (147,257) size 5x18
        text run at (147,257) width 5: " "
      RenderTextControl {INPUT} at (151,257) size 149x19 [bgcolor=#FFFFFF] [border: (2px inset #000000)]
      RenderText {#text} at (299,257) size 5x18
        text run at (299,257) width 5: " "
      RenderTextControl {INPUT} at (303,257) size 149x19 [bgcolor=#FFFFFF] [border: (2px inset #000000)]
      RenderText {#text} at (0,0) size 0x0
      RenderBR {BR} at (451,257) size 1x18
      RenderBR {BR} at (147,290) size 1x18
layer at (19,11) size 115x13
  RenderBlock {DIV} at (11,3) size 115x13 [color=#A9A9A9]
    RenderText {#text} at (0,0) size 62x13
      text run at (0,0) width 62: "placeholder"
layer at (19,11) size 115x13
  RenderBlock {DIV} at (0,0) size 115x13
layer at (11,30) size 142x13
  RenderBlock {DIV} at (3,3) size 142x13 [color=#A9A9A9]
    RenderText {#text} at (0,0) size 62x13
      text run at (0,0) width 62: "placeholder"
layer at (11,30) size 142x13
  RenderBlock {DIV} at (3,3) size 142x13
layer at (30,49) size 113x13
  RenderBlock {DIV} at (22,3) size 113x13 [color=#A9A9A9]
    RenderText {#text} at (51,0) size 62x13
      text run at (51,0) width 62: "placeholder"
layer at (30,49) size 113x13
  RenderBlock {DIV} at (0,0) size 113x13
layer at (33,68) size 101x13
  RenderBlock {DIV} at (25,3) size 101x13 [color=#A9A9A9]
    RenderText {#text} at (0,0) size 62x13
      text run at (0,0) width 62: "placeholder"
layer at (33,68) size 101x13
  RenderBlock {DIV} at (0,0) size 101x13
layer at (8,84) size 161x32 clip at (9,85) size 159x30
  RenderTextControl {TEXTAREA} at (0,76) size 161x32 [bgcolor=#FFFFFF] [border: (1px solid #000000)]
    RenderBlock {DIV} at (3,3) size 155x13
    RenderBlock {DIV} at (3,3) size 155x13 [color=#A9A9A9]
      RenderText {#text} at (0,0) size 62x13
        text run at (0,0) width 62: "placeholder"
layer at (11,119) size 142x13
  RenderBlock {DIV} at (3,3) size 142x13 [color=#A9A9A9]
    RenderText {#text} at (0,0) size 62x13
      text run at (0,0) width 62: "placeholder"
layer at (11,119) size 142x13
  RenderBlock {DIV} at (3,3) size 142x13
layer at (8,149) size 161x45 clip at (9,150) size 159x43
  RenderTextControl {TEXTAREA} at (0,141) size 161x45 [bgcolor=#FFFFFF] [border: (1px solid #000000)]
    RenderBlock {DIV} at (3,16) size 155x13
    RenderBlock {DIV} at (3,16) size 155x13 [color=#A9A9A9]
      RenderText {#text} at (0,0) size 62x13
        text run at (0,0) width 62: "placeholder"
layer at (19,205) size 186x18
  RenderBlock {DIV} at (6,6) size 187x18 [color=#A9A9A9]
    RenderText {#text} at (0,0) size 81x18
      text run at (0,0) width 81: "placeholder"
layer at (19,205) size 186x18
  RenderBlock {DIV} at (6,6) size 187x18
layer at (11,237) size 142x25
  RenderBlock {DIV} at (3,3) size 142x25
    RenderText {#text} at (0,6) size 29x13
      text run at (0,6) width 29: "Value"
layer at (163,243) size 142x13
  RenderBlock {DIV} at (3,9) size 142x13 [color=#A9A9A9]
    RenderText {#text} at (0,0) size 62x13
      text run at (0,0) width 62: "placeholder"
layer at (163,237) size 142x25
  RenderBlock {DIV} at (3,3) size 142x25
layer at (11,268) size 142x13
  RenderBlock {DIV} at (3,3) size 142x13
    RenderText {#text} at (56,0) size 30x13
      text run at (56,0) width 30: "Value"
layer at (163,268) size 142x13
  RenderBlock {DIV} at (3,3) size 142x13 [color=#A9A9A9]
    RenderText {#text} at (40,0) size 62x13
      text run at (40,0) width 62: "placeholder"
layer at (163,268) size 142x13
  RenderBlock {DIV} at (3,3) size 142x13
layer at (315,268) size 142x13
  RenderBlock {DIV} at (3,3) size 142x13 [color=#A9A9A9]
    RenderText {#text} at (40,0) size 62x13
      text run at (40,0) width 62: "placeholder"
layer at (315,268) size 142x13
  RenderBlock {DIV} at (3,3) size 142x13
layer at (8,284) size 148x33
  RenderTextControl {INPUT} at (0,276) size 148x33 [bgcolor=#FFFFFF] [border: (2px inset #000000)]
layer at (11,301) size 142x13
  RenderBlock {DIV} at (3,17) size 142x13 [color=#A9A9A9]
    RenderText {#text} at (0,0) size 62x13
      text run at (0,0) width 62: "placeholder"
layer at (11,301) size 142x13
  RenderBlock {DIV} at (3,17) size 142x13
