layer at (0,0) size 800x600
  RenderView at (0,0) size 800x600
layer at (0,0) size 800x62
  RenderBlock {HTML} at (0,0) size 800x62
    RenderBody {BODY} at (8,8) size 784x46
      RenderBlock {DIV} at (0,0) size 784x23
        RenderText {#text} at (620,2) size 164x18
          text run at (620,2) width 9 RTL: ": "
          text run at (628,2) width 156: "right to left search fields"
        RenderTextControl {INPUT} at (445,2) size 174x19 [bgcolor=#FFFFFF] [border: (2px inset #000000)]
          RenderFlexibleBox {DIV} at (3,0) size 167x19
            RenderBlock {DIV} at (158,0) size 9x19
            RenderBlock {DIV} at (19,3) size 140x13
            RenderBlock {DIV} at (0,0) size 19x19
        RenderText {#text} at (439,2) size 5x18
          text run at (439,2) width 5 RTL: " "
        RenderTextControl {INPUT} at (250,2) size 188x19 [bgcolor=#FFFFFF] [border: (2px inset #000000)]
          RenderFlexibleBox {DIV} at (3,0) size 181x19
            RenderBlock {DIV} at (158,0) size 23x19
            RenderBlock {DIV} at (19,3) size 140x13
            RenderBlock {DIV} at (0,0) size 19x19
        RenderText {#text} at (0,0) size 0x0
      RenderBlock {DIV} at (0,23) size 784x23
        RenderText {#text} at (0,2) size 164x18
          text run at (0,2) width 164: "left to right search fields: "
        RenderTextControl {INPUT} at (165,2) size 175x19 [bgcolor=#FFFFFF] [border: (2px inset #000000)]
          RenderFlexibleBox {DIV} at (3,0) size 168x19
            RenderBlock {DIV} at (0,0) size 8x19
            RenderBlock {DIV} at (8,3) size 141x13
            RenderBlock {DIV} at (148,0) size 20x19
        RenderText {#text} at (341,2) size 5x18
          text run at (341,2) width 5: " "
        RenderTextControl {INPUT} at (347,2) size 189x19 [bgcolor=#FFFFFF] [border: (2px inset #000000)]
          RenderFlexibleBox {DIV} at (3,0) size 182x19
            RenderBlock {DIV} at (0,0) size 22x19
            RenderBlock {DIV} at (22,3) size 141x13
            RenderBlock {DIV} at (162,0) size 20x19
        RenderText {#text} at (0,0) size 0x0
layer at (475,13) size 140x13
  RenderBlock {DIV} at (0,0) size 140x13
    RenderText {#text} at (105,0) size 35x13
      text run at (105,0) width 35: "foobar"
layer at (280,13) size 140x13
  RenderBlock {DIV} at (0,0) size 140x13
    RenderText {#text} at (105,0) size 35x13
      text run at (105,0) width 35: "foobar"
layer at (185,36) size 141x13
  RenderBlock {DIV} at (0,0) size 141x13
    RenderText {#text} at (0,0) size 35x13
      text run at (0,0) width 35: "foobar"
layer at (381,36) size 141x13
  RenderBlock {DIV} at (0,0) size 141x13
    RenderText {#text} at (0,0) size 35x13
      text run at (0,0) width 35: "foobar"
