layer at (0,0) size 800x600
  RenderView at (0,0) size 800x600
layer at (0,0) size 800x600
  RenderBlock {HTML} at (0,0) size 800x600
    RenderBody {BODY} at (8,8) size 784x584
      RenderBlock {P} at (0,0) size 784x18
        RenderText {#text} at (0,0) size 391x18
          text run at (0,0) width 391: "Only the second search field should have a cancel button (\x{D7})."
      RenderBlock (anonymous) at (0,34) size 784x19
        RenderTextControl {INPUT} at (0,0) size 148x19 [bgcolor=#FFFFFF] [border: (2px inset #000000)]
          RenderFlexibleBox {DIV} at (3,0) size 142x19
            RenderBlock {DIV} at (0,0) size 8x19
            RenderBlock {DIV} at (8,3) size 115x13
            RenderBlock {DIV} at (122,0) size 20x19
        RenderText {#text} at (147,0) size 5x18
          text run at (147,0) width 5: " "
        RenderTextControl {INPUT} at (151,0) size 149x19 [bgcolor=#FFFFFF] [border: (2px inset #000000)]
          RenderFlexibleBox {DIV} at (3,0) size 142x19
            RenderBlock {DIV} at (0,0) size 8x19
            RenderBlock {DIV} at (8,3) size 115x13
            RenderBlock {DIV} at (122,0) size 20x19
        RenderText {#text} at (0,0) size 0x0
layer at (19,45) size 115x13
  RenderBlock {DIV} at (0,0) size 115x13
layer at (171,45) size 115x13
  RenderBlock {DIV} at (0,0) size 115x13
    RenderText {#text} at (0,0) size 42x13
      text run at (0,0) width 42: "this one"
