layer at (0,0) size 800x600
  RenderView at (0,0) size 800x600
layer at (0,0) size 800x600
  RenderBlock {HTML} at (0,0) size 800x600
    RenderBody {BODY} at (8,8) size 784x584
      RenderText {#text} at (0,0) size 510x18
        text run at (0,0) width 510: "This tests that the display:none style will work on a search field's cancel button."
      RenderBR {BR} at (509,0) size 1x18
      RenderTextControl {INPUT} at (0,18) size 148x19 [bgcolor=#FFFFFF] [border: (2px inset #000000)]
        RenderFlexibleBox {DIV} at (3,0) size 142x19
          RenderBlock {DIV} at (0,0) size 8x19
          RenderBlock {DIV} at (8,3) size 134x13
      RenderText {#text} at (0,0) size 0x0
layer at (19,29) size 134x13
  RenderBlock {DIV} at (0,0) size 134x13
    RenderText {#text} at (0,0) size 21x13
      text run at (0,0) width 21: "test"
