layer at (0,0) size 800x600
  RenderView at (0,0) size 800x600
layer at (0,0) size 800x600
  RenderBlock {HTML} at (0,0) size 800x600
    RenderBody {BODY} at (8,8) size 784x584
      RenderText {#text} at (0,0) size 376x18
        text run at (0,0) width 376: "This tests that aqua-style search fields do not honor height."
      RenderBR {BR} at (375,0) size 1x18
      RenderTextControl {INPUT} at (0,20) size 125x17 [bgcolor=#FFFFFF] [border: (2px inset #000000)]
        RenderFlexibleBox {DIV} at (3,1) size 119x15
          RenderBlock {DIV} at (0,0) size 8x15
          RenderBlock {DIV} at (8,2) size 96x11
          RenderBlock {DIV} at (103,0) size 16x15
      RenderText {#text} at (124,18) size 5x18
        text run at (124,18) width 5: " "
      RenderTextControl {INPUT} at (128,18) size 149x19 [bgcolor=#FFFFFF] [border: (2px inset #000000)]
        RenderFlexibleBox {DIV} at (3,0) size 142x19
          RenderBlock {DIV} at (0,0) size 8x19
          RenderBlock {DIV} at (8,3) size 115x13
          RenderBlock {DIV} at (122,0) size 20x19
      RenderText {#text} at (276,18) size 5x18
        text run at (276,18) width 5: " "
      RenderTextControl {INPUT} at (280,18) size 171x19 [bgcolor=#FFFFFF] [border: (2px inset #000000)]
        RenderFlexibleBox {DIV} at (3,0) size 165x19
          RenderBlock {DIV} at (0,0) size 10x22
          RenderBlock {DIV} at (10,1) size 133x17
          RenderBlock {DIV} at (142,0) size 23x22
      RenderText {#text} at (0,0) size 0x0
layer at (19,31) size 96x11
  RenderBlock {DIV} at (0,0) size 96x11
    RenderText {#text} at (0,0) size 19x11
      text run at (0,0) width 19: "mini"
layer at (148,29) size 115x13
  RenderBlock {DIV} at (0,0) size 115x13
    RenderText {#text} at (0,0) size 28x13
      text run at (0,0) width 28: "small"
layer at (302,28) size 132x16
  RenderBlock {DIV} at (0,0) size 133x16
    RenderText {#text} at (0,0) size 43x16
      text run at (0,0) width 43: "regular"
