layer at (0,0) size 800x600
  RenderView at (0,0) size 800x600
layer at (0,0) size 800x600
  RenderBlock {HTML} at (0,0) size 800x600
    RenderBody {BODY} at (8,8) size 784x584
      RenderText {#text} at (0,0) size 474x18
        text run at (0,0) width 474: "This tests that empty select controls and buttons have the correct baseline."
      RenderBR {BR} at (473,0) size 1x18
      RenderMenuList {SELECT} at (0,19) size 36x19 [bgcolor=#FFFFFF]
        RenderBlock (anonymous) at (0,0) size 36x18
          RenderText at (8,2) size 0x13
            text run at (8,2) width 0: " "
      RenderText {#text} at (36,18) size 31x19
        text run at (36,18) width 31: " test "
      RenderMenuList {SELECT} at (66,19) size 53x19 [bgcolor=#FFFFFF]
        RenderBlock (anonymous) at (0,0) size 52x18
          RenderText at (8,2) size 21x13
            text run at (8,2) width 21: "test"
      RenderText {#text} at (118,18) size 5x19
        text run at (118,18) width 5: " "
      RenderMenuList {SELECT} at (122,19) size 37x19 [color=#00008B] [bgcolor=#ADD8E6] [border: (1px solid #00008B)]
        RenderBlock (anonymous) at (1,1) size 34x16
          RenderText at (8,1) size 0x13
            text run at (8,1) width 0: " "
      RenderText {#text} at (158,18) size 31x19
        text run at (158,18) width 31: " test "
      RenderMenuList {SELECT} at (188,19) size 53x19 [color=#00008B] [bgcolor=#ADD8E6] [border: (1px solid #00008B)]
        RenderBlock (anonymous) at (1,1) size 50x16
          RenderText at (8,1) size 21x13
            text run at (8,1) width 21: "test"
      RenderText {#text} at (240,18) size 5x19
        text run at (240,18) width 5: " "
      RenderButton {BUTTON} at (244,20) size 17x16 [color=#000000D8] [bgcolor=#C0C0C0] [border: none (2px outset #C0C0C0) none (2px outset #C0C0C0)]
      RenderText {#text} at (260,18) size 5x19
        text run at (260,18) width 5: " "
      RenderButton {BUTTON} at (264,20) size 37x18 [color=#000000D8] [bgcolor=#C0C0C0] [border: none (2px outset #C0C0C0) none (2px outset #C0C0C0)]
        RenderBlock (anonymous) at (8,2) size 21x13
          RenderText {#text} at (0,0) size 21x13
            text run at (0,0) width 21: "test"
      RenderText {#text} at (300,18) size 5x19
        text run at (300,18) width 5: " "
      RenderButton {BUTTON} at (304,28) size 17x10 [color=#00008B] [bgcolor=#ADD8E6] [border: (2px outset #C0C0C0)]
      RenderText {#text} at (320,18) size 5x19
        text run at (320,18) width 5: " "
      RenderButton {BUTTON} at (324,18) size 37x22 [color=#00008B] [bgcolor=#ADD8E6] [border: (2px outset #C0C0C0)]
        RenderBlock (anonymous) at (8,4) size 21x13
          RenderText {#text} at (0,0) size 21x13
            text run at (0,0) width 21: "test"
      RenderText {#text} at (0,0) size 0x0
