layer at (0,0) size 800x600
  RenderView at (0,0) size 800x600
layer at (0,0) size 800x600
  RenderBlock {HTML} at (0,0) size 800x600
    RenderBody {BODY} at (8,8) size 784x584
      RenderBlock {P} at (0,0) size 784x36
        RenderText {#text} at (0,0) size 54x18
          text run at (0,0) width 54: "Test for "
        RenderInline {I} at (0,0) size 746x36
          RenderInline {A} at (0,0) size 305x18 [color=#0000EE]
            RenderText {#text} at (53,0) size 305x18
              text run at (53,0) width 305: "http://bugs.webkit.org/show_bug.cgi?id=12986"
          RenderText {#text} at (357,0) size 746x36
            text run at (357,0) width 5: " "
            text run at (361,0) width 385: "REGRESSION(NativeListBox): Listboxes not updated when"
            text run at (0,18) width 127: "resized dynamically"
        RenderText {#text} at (126,18) size 5x18
          text run at (126,18) width 5: "."
      RenderBlock {P} at (0,52) size 784x18
        RenderText {#text} at (0,0) size 323x18
          text run at (0,0) width 323: "This list box should be tall enough to fit 6 options."
      RenderBlock (anonymous) at (0,86) size 784x89
        RenderListBox {SELECT} at (2,2) size 48x85 [bgcolor=#FFFFFF] [border: (1px inset #808080)]
        RenderText {#text} at (0,0) size 0x0
        RenderText {#text} at (0,0) size 0x0
