layer at (0,0) size 800x600
  RenderView at (0,0) size 800x600
layer at (0,0) size 800x600
  RenderBlock {HTML} at (0,0) size 800x600
    RenderBody {BODY} at (8,8) size 784x576
      RenderBlock {P} at (0,0) size 784x18
        RenderText {#text} at (0,0) size 54x18
          text run at (0,0) width 54: "Test for "
        RenderInline {I} at (0,0) size 659x18
          RenderInline {A} at (0,0) size 305x18 [color=#0000EE]
            RenderText {#text} at (53,0) size 305x18
              text run at (53,0) width 305: "http://bugs.webkit.org/show_bug.cgi?id=12345"
          RenderText {#text} at (357,0) size 355x18
            text run at (357,0) width 5: " "
            text run at (361,0) width 351: "REGRESSION: Disabled pop-up text is not grayed out"
        RenderText {#text} at (711,0) size 5x18
          text run at (711,0) width 5: "."
      RenderBlock {P} at (0,34) size 784x22
        RenderMenuList {SELECT} at (2,2) size 158x18 [color=#0000003F] [bgcolor=#FFFFFF]
          RenderBlock (anonymous) at (0,0) size 158x18
            RenderText at (8,2) size 127x13
              text run at (8,2) width 127: "This text should be gray"
        RenderText {#text} at (0,0) size 0x0
      RenderBlock {P} at (0,72) size 784x22
        RenderMenuList {SELECT} at (2,2) size 163x18 [color=#000000D8] [bgcolor=#FFFFFF]
          RenderBlock (anonymous) at (0,0) size 163x18
            RenderText at (8,2) size 132x13
              text run at (8,2) width 132: "This text should be black"
        RenderText {#text} at (0,0) size 0x0
