layer at (0,0) size 800x600
  RenderView at (0,0) size 800x600
layer at (0,0) size 800x600
  RenderBlock {HTML} at (0,0) size 800x600
    RenderBody {BODY} at (8,8) size 784x584
      RenderText {#text} at (0,0) size 98x18
        text run at (0,0) width 98: "initial selected:"
      RenderBR {BR} at (97,0) size 1x18
      RenderListBox {SELECT} at (0,18) size 139x57 [bgcolor=#FFFFFF] [border: (1px inset #808080)]
      RenderBR {BR} at (139,53) size 0x19
      RenderText {#text} at (0,74) size 165x19
        text run at (0,74) width 165: "dynamic selected change:"
      RenderBR {BR} at (164,74) size 1x19
      RenderListBox {SELECT} at (0,92) size 139x58 [bgcolor=#FFFFFF] [border: (1px inset #808080)]
      RenderText {#text} at (0,0) size 0x0
      RenderBR {BR} at (139,128) size 0x19
      RenderText {#text} at (0,149) size 217x19
        text run at (0,149) width 217: "dynamic insert of selected option:"
      RenderBR {BR} at (216,149) size 1x19
      RenderListBox {SELECT} at (0,167) size 139x58 [bgcolor=#FFFFFF] [border: (1px inset #808080)]
      RenderBR {BR} at (139,203) size 0x19
      RenderText {#text} at (0,224) size 98x19
        text run at (0,224) width 98: "initial selected:"
      RenderBR {BR} at (97,224) size 1x19
      RenderMenuList {SELECT} at (0,242) size 153x19 [bgcolor=#FFFFFF]
        RenderBlock (anonymous) at (0,0) size 153x18
          RenderText at (8,2) size 122x13
            text run at (8,2) width 122: "this should be selected"
      RenderBR {BR} at (153,241) size 0x19
      RenderText {#text} at (0,260) size 165x19
        text run at (0,260) width 165: "dynamic selected change:"
      RenderBR {BR} at (164,260) size 1x19
      RenderMenuList {SELECT} at (0,278) size 153x19 [bgcolor=#FFFFFF]
        RenderBlock (anonymous) at (0,0) size 153x18
          RenderText at (8,2) size 122x13
            text run at (8,2) width 122: "this should be selected"
      RenderText {#text} at (0,0) size 0x0
      RenderBR {BR} at (153,277) size 0x19
      RenderText {#text} at (0,296) size 217x19
        text run at (0,296) width 217: "dynamic insert of selected option:"
      RenderBR {BR} at (216,296) size 1x19
      RenderMenuList {SELECT} at (0,314) size 153x19 [bgcolor=#FFFFFF]
        RenderBlock (anonymous) at (0,0) size 153x18
          RenderText at (8,2) size 122x13
            text run at (8,2) width 122: "this should be selected"
      RenderText {#text} at (0,0) size 0x0
