layer at (0,0) size 800x600
  RenderView at (0,0) size 800x600
layer at (0,0) size 800x35
  RenderBlock {HTML} at (0,0) size 800x36
    RenderBody {BODY} at (8,8) size 784x20
      RenderMenuList {SELECT} at (0,1) size 36x19 [bgcolor=#FFFFFF]
        RenderBlock (anonymous) at (0,0) size 36x18
          RenderText at (8,2) size 0x13
            text run at (8,2) width 0: " "
      RenderText {#text} at (0,0) size 0x0
