layer at (0,0) size 800x600
  RenderView at (0,0) size 800x600
layer at (0,0) size 800x600
  RenderBlock {HTML} at (0,0) size 800x600
    RenderBody {BODY} at (8,8) size 784x584
      RenderText {#text} at (0,0) size 565x18
        text run at (0,0) width 256: "This tests that styled popups look right. "
        text run at (255,0) width 310: "(Aqua for now- later, we will honor the styling)."
      RenderBR {BR} at (564,0) size 1x18
      RenderMenuList {SELECT} at (0,18) size 52x18 [bgcolor=#FF0000] [border: (1px solid #000000)]
        RenderBlock (anonymous) at (1,1) size 50x16
          RenderText at (8,1) size 21x13
            text run at (8,1) width 21: "test"
      RenderBR {BR} at (52,16) size 0x19
      RenderText {#text} at (0,36) size 541x18
        text run at (0,36) width 541: "This tests that background color is white by default regardless of the parent element."
      RenderBR {BR} at (540,36) size 1x18
      RenderInline {SPAN} at (0,49) size 62x28 [bgcolor=#FF0000]
        RenderText {#text} at (0,0) size 0x0
        RenderMenuList {SELECT} at (5,55) size 52x19 [bgcolor=#FFFFFF]
          RenderBlock (anonymous) at (0,0) size 52x18
            RenderText at (8,2) size 21x13
              text run at (8,2) width 21: "test"
        RenderText {#text} at (0,0) size 0x0
      RenderBR {BR} at (62,54) size 0x18
      RenderText {#text} at (0,73) size 641x19
        text run at (0,73) width 641: "This tests that background color is inherited from the parent if background-color:inherit is specified."
      RenderBR {BR} at (640,73) size 1x19
      RenderInline {SPAN} at (0,86) size 62x29 [bgcolor=#FF0000]
        RenderText {#text} at (0,0) size 0x0
        RenderMenuList {SELECT} at (5,92) size 52x19 [border: (1px solid #000000)]
          RenderBlock (anonymous) at (1,1) size 50x16
            RenderText at (8,1) size 21x13
              text run at (8,1) width 21: "test"
        RenderText {#text} at (0,0) size 0x0
      RenderBR {BR} at (62,91) size 0x19
      RenderText {#text} at (0,110) size 652x19
        text run at (0,110) width 652: "This tests that background color is the same as the parent if background-color:transparent is specified."
      RenderBR {BR} at (651,110) size 1x19
      RenderInline {SPAN} at (0,123) size 62x29 [bgcolor=#FF0000]
        RenderText {#text} at (0,0) size 0x0
        RenderMenuList {SELECT} at (5,130) size 52x19 [border: (1px solid #000000)]
          RenderBlock (anonymous) at (1,1) size 50x16
            RenderText at (8,1) size 21x13
              text run at (8,1) width 21: "test"
        RenderText {#text} at (0,0) size 0x0
      RenderBR {BR} at (62,128) size 0x19
      RenderText {#text} at (0,148) size 508x19
        text run at (0,148) width 508: "This tests that background is white if only background-image:none is specified."
      RenderBR {BR} at (507,148) size 1x19
      RenderMenuList {SELECT} at (0,166) size 52x19 [bgcolor=#FFFFFF]
        RenderBlock (anonymous) at (0,0) size 52x18
          RenderText at (8,2) size 21x13
            text run at (8,2) width 21: "test"
      RenderBR {BR} at (52,164) size 0x19
      RenderText {#text} at (0,184) size 429x19
        text run at (0,184) width 429: "This tests that the image specified for background-image is visible."
      RenderBR {BR} at (428,184) size 1x19
      RenderMenuList {SELECT} at (0,202) size 52x19 [bgcolor=#FFFFFF] [border: (1px solid #000000)]
        RenderBlock (anonymous) at (1,1) size 50x16
          RenderText at (8,1) size 21x13
            text run at (8,1) width 21: "test"
      RenderText {#text} at (0,0) size 0x0
