layer at (0,0) size 800x600
  RenderView at (0,0) size 800x600
layer at (0,0) size 800x600
  RenderBlock {HTML} at (0,0) size 800x600
    RenderBody {BODY} at (8,8) size 784x584
      RenderBlock {P} at (0,0) size 784x18
        RenderText {#text} at (0,0) size 590x18
          text run at (0,0) width 590: "The following select elements should all be rendered on the left, with their text left justified."
      RenderBlock (anonymous) at (0,34) size 784x90
        RenderMenuList {SELECT} at (0,0) size 300x18 [bgcolor=#FFFFFF]
          RenderBlock (anonymous) at (0,0) size 300x18
            RenderText at (8,2) size 158x13
              text run at (8,2) width 158: "This is should be left justified."
        RenderBR {BR} at (300,-2) size 0x19
        RenderMenuList {SELECT} at (0,18) size 300x18 [bgcolor=#FFFFFF]
          RenderBlock (anonymous) at (0,0) size 300x18
            RenderText at (8,2) size 158x13
              text run at (8,2) width 158: "This is should be left justified."
        RenderBR {BR} at (300,16) size 0x19
        RenderMenuList {SELECT} at (0,36) size 300x18 [bgcolor=#FFFFFF]
          RenderBlock (anonymous) at (0,0) size 300x18
            RenderText at (8,2) size 158x13
              text run at (8,2) width 158: "This is should be left justified."
        RenderBR {BR} at (300,34) size 0x19
        RenderMenuList {SELECT} at (0,54) size 300x18 [bgcolor=#FFFFFF]
          RenderBlock (anonymous) at (0,0) size 300x18
            RenderText at (8,2) size 158x13
              text run at (8,2) width 158: "This is should be left justified."
        RenderBR {BR} at (300,52) size 0x19
        RenderMenuList {SELECT} at (0,72) size 300x18 [bgcolor=#FFFFFF]
          RenderBlock (anonymous) at (0,0) size 300x18
            RenderText at (8,2) size 158x13
              text run at (8,2) width 158: "This is should be left justified."
        RenderText {#text} at (0,0) size 0x0
        RenderText {#text} at (0,0) size 0x0
      RenderBlock {DIV} at (0,124) size 784x18
        RenderMenuList {SELECT} at (0,0) size 300x18 [bgcolor=#FFFFFF]
          RenderBlock (anonymous) at (0,0) size 300x18
            RenderText at (8,2) size 158x13
              text run at (8,2) width 158: "This is should be left justified."
