layer at (0,0) size 800x600
  RenderView at (0,0) size 800x600
layer at (0,0) size 800x600
  RenderBlock {HTML} at (0,0) size 800x600
    RenderBody {BODY} at (8,8) size 784x584
      RenderMenuList {SELECT} at (2,2) size 70x18 [color=#000000D8] [bgcolor=#FFFFFF]
        RenderBlock (anonymous) at (0,0) size 70x18
          RenderText at (8,2) size 39x13
            text run at (8,2) width 39: "banana"
      RenderText {#text} at (0,0) size 0x0
