layer at (0,0) size 800x600
  RenderView at (0,0) size 800x600
layer at (0,0) size 800x87
  RenderBlock {HTML} at (0,0) size 800x87
    RenderBody {BODY} at (8,8) size 784x63
      RenderTable {TABLE} at (0,0) size 62x29 [border: (1px outset #000000)]
        RenderTableSection {TBODY} at (1,1) size 60x27
          RenderTableRow {TR} at (0,2) size 60x23
            RenderTableCell {TD} at (2,2) size 56x23 [border: (1px inset #000000)] [r=0 c=0 rs=1 cs=1]
              RenderMenuList {SELECT} at (2,3) size 52x18 [bgcolor=#FFFFFF]
                RenderBlock (anonymous) at (0,0) size 52x18
                  RenderText at (8,2) size 21x13
                    text run at (8,2) width 21: "test"
      RenderBlock {P} at (0,45) size 784x18
        RenderText {#text} at (0,0) size 459x18
          text run at (0,0) width 459: "The select element in the table above must not spill outside of the table."
