layer at (0,0) size 800x600
  RenderView at (0,0) size 800x600
layer at (0,0) size 800x600
  RenderBlock {HTML} at (0,0) size 800x600
    RenderBody {BODY} at (8,8) size 784x584
      RenderText {#text} at (0,0) size 454x18
        text run at (0,0) width 454: "This tests that you can tab out of a text field if an iframe comes after it."
      RenderBR {BR} at (453,0) size 1x18
      RenderTextControl {INPUT} at (0,156) size 148x19 [bgcolor=#FFFFFF] [border: (2px inset #808080)]
      RenderText {#text} at (147,156) size 5x18
        text run at (147,156) width 5: " "
      RenderIFrame {IFRAME} at (151,18) size 303x152 [border: (1px solid #000000)]
        layer at (0,0) size 300x150
          RenderView at (0,0) size 300x150
        layer at (0,0) size 300x150
          RenderBlock {HTML} at (0,0) size 300x150
            RenderBody {BODY} at (8,8) size 284x134
      RenderText {#text} at (453,156) size 5x18
        text run at (453,156) width 5: " "
      RenderTextControl {INPUT} at (457,156) size 149x19 [bgcolor=#FFFFFF] [border: (2px inset #808080)]
      RenderText {#text} at (0,0) size 0x0
layer at (11,167) size 142x13
  RenderBlock {DIV} at (3,3) size 142x13
layer at (469,167) size 142x13
  RenderBlock {DIV} at (3,3) size 142x13
    RenderText {#text} at (0,0) size 121x13
      text run at (0,0) width 121: "This should have focus"
selection start: position 0 of child 0 {#text} of child 0 {DIV} of {#document-fragment} of child 7 {INPUT} of body
selection end:   position 22 of child 0 {#text} of child 0 {DIV} of {#document-fragment} of child 7 {INPUT} of body
