layer at (0,0) size 800x600
  RenderView at (0,0) size 800x600
layer at (0,0) size 800x600
  RenderBlock {HTML} at (0,0) size 800x600
    RenderBody {BODY} at (8,8) size 784x584
      RenderBlock {FORM} at (0,0) size 784x22
        RenderButton {INPUT} at (2,2) size 41x18 [color=#000000D8] [bgcolor=#C0C0C0]
          RenderBlock (anonymous) at (8,2) size 25x13
            RenderText at (0,0) size 25x13
              text run at (0,0) width 25: "form"
        RenderText {#text} at (0,0) size 0x0
      RenderBlock {DIV} at (0,38) size 784x36
        RenderText {#text} at (0,0) size 778x36
          text run at (0,0) width 294: "This tests Targetted frame submission works. "
          text run at (293,0) width 485: "If the test is successful, the text \"SUCCESS\" should be shown in the iframe"
          text run at (0,18) width 43: "below."
      RenderBlock (anonymous) at (0,74) size 784x154
        RenderIFrame {IFRAME} at (0,0) size 304x154 [border: (2px inset #000000)]
          layer at (0,0) size 300x150
            RenderView at (0,0) size 300x150
          layer at (0,0) size 300x150
            RenderBlock {HTML} at (0,0) size 300x150
              RenderBody {BODY} at (8,8) size 284x129
                RenderBlock {PRE} at (0,0) size 284x15
                  RenderText {#text} at (0,0) size 55x15
                    text run at (0,0) width 55: "SUCCESS"
                    text run at (54,0) width 1: " "
        RenderText {#text} at (0,0) size 0x0
