layer at (0,0) size 800x600
  RenderView at (0,0) size 800x600
layer at (0,0) size 800x600
  RenderBlock {HTML} at (0,0) size 800x600
    RenderBody {BODY} at (8,8) size 784x584
      RenderText {#text} at (0,0) size 448x18
        text run at (0,0) width 448: "This tests that a scrollbar will appear when text overflows the textarea"
      RenderBR {BR} at (447,0) size 1x18
      RenderText {#text} at (0,0) size 0x0
layer at (8,26) size 161x84 clip at (9,27) size 144x82 scrollHeight 121
  RenderTextControl {TEXTAREA} at (0,18) size 161x84 [bgcolor=#FFFFFF] [border: (1px solid #000000)]
    RenderBlock {DIV} at (3,3) size 140x117
      RenderText {#text} at (0,0) size 8x52
        text run at (0,0) width 6: "1"
        text run at (5,0) width 1: " "
        text run at (0,12) width 7: "2"
        text run at (6,12) width 1: " "
        text run at (0,25) width 7: "3"
        text run at (6,25) width 1: " "
        text run at (0,38) width 8: "4"
        text run at (7,38) width 1: " "
      RenderText {#text} at (0,51) size 7x14
        text run at (0,51) width 7: "5"
      RenderText {#text} at (6,51) size 1x14
        text run at (6,51) width 1: " "
      RenderText {#text} at (0,64) size 8x14
        text run at (0,64) width 8: "6"
      RenderText {#text} at (7,64) size 1x14
        text run at (7,64) width 1: " "
      RenderText {#text} at (0,77) size 7x14
        text run at (0,77) width 7: "7"
      RenderText {#text} at (6,77) size 1x14
        text run at (6,77) width 1: " "
      RenderText {#text} at (0,90) size 8x14
        text run at (0,90) width 8: "8"
      RenderText {#text} at (7,90) size 1x14
        text run at (7,90) width 1: " "
      RenderText {#text} at (0,103) size 0x14
        text run at (0,103) width 0: " "
caret: position 0 of child 9 {#text} of child 0 {DIV} of {#document-fragment} of child 3 {TEXTAREA} of body
