layer at (0,0) size 800x600
  RenderView at (0,0) size 800x600
layer at (0,0) size 800x600
  RenderBlock {HTML} at (0,0) size 800x600
    RenderBody {BODY} at (8,8) size 784x584
      RenderText {#text} at (0,0) size 336x18
        text run at (0,0) width 336: "This tests that you can set the placeholder text color."
      RenderBR {BR} at (335,0) size 1x18
      RenderText {#text} at (161,36) size 4x18
        text run at (161,36) width 4: " "
      RenderText {#text} at (326,36) size 4x18
        text run at (326,36) width 4: " "
      RenderText {#text} at (491,36) size 4x18
        text run at (491,36) width 4: " "
      RenderText {#text} at (0,0) size 0x0
layer at (8,26) size 161x32 clip at (9,27) size 159x30
  RenderTextControl {TEXTAREA} at (0,18) size 161x32 [bgcolor=#FFFFFF] [border: (1px solid #000000)]
    RenderBlock {DIV} at (3,3) size 155x13
    RenderBlock {DIV} at (3,3) size 155x13 [color=#640000]
      RenderText {#text} at (0,0) size 21x13
        text run at (0,0) width 21: "text"
layer at (173,26) size 161x32 clip at (174,27) size 159x30
  RenderTextControl {TEXTAREA} at (165,18) size 161x32 [color=color(srgb 0.341176 0.341176 0.341176)] [bgcolor=#FFFFFF] [border: (1px solid color(srgb 0.341176 0.341176 0.341176))]
    RenderBlock {DIV} at (3,3) size 155x13
    RenderBlock {DIV} at (3,3) size 155x13 [color=#640000]
      RenderText {#text} at (0,0) size 68x13
        text run at (0,0) width 68: "disabled text"
layer at (338,26) size 161x32 clip at (339,27) size 159x30
  RenderTextControl {TEXTAREA} at (330,18) size 161x32 [bgcolor=#FFFFFF] [border: (1px solid #000000)]
    RenderBlock {DIV} at (3,3) size 155x13
    RenderBlock {DIV} at (3,3) size 155x13 [color=#A9A9A9]
      RenderText {#text} at (0,0) size 37x13
        text run at (0,0) width 37: "default"
layer at (503,26) size 161x32 clip at (504,27) size 159x30
  RenderTextControl {TEXTAREA} at (495,18) size 161x32 [color=color(srgb 0.341176 0.341176 0.341176)] [bgcolor=#FFFFFF] [border: (1px solid color(srgb 0.341176 0.341176 0.341176))]
    RenderBlock {DIV} at (3,3) size 155x13
    RenderBlock {DIV} at (3,3) size 155x13 [color=#A9A9A9]
      RenderText {#text} at (0,0) size 85x13
        text run at (0,0) width 85: "default disabled"
