layer at (0,0) size 800x600
  RenderView at (0,0) size 800x600
layer at (0,0) size 800x600
  RenderBlock {HTML} at (0,0) size 800x600
    RenderBody {BODY} at (8,8) size 784x584
      RenderBlock (anonymous) at (0,0) size 784x115
        RenderText {#text} at (0,0) size 515x18
          text run at (0,0) width 515: "This tests that typing in a scrolled textarea does not cause unnecessary scrolling."
        RenderBR {BR} at (514,0) size 1x18
        RenderText {#text} at (0,0) size 0x0
        RenderBR {BR} at (161,100) size 0x19
      RenderBlock {DIV} at (0,114) size 784x0
layer at (8,26) size 161x97 clip at (9,27) size 144x95 scrollY 181 scrollHeight 276
  RenderTextControl {TEXTAREA} at (0,18) size 161x97 [bgcolor=#FFFFFF] [border: (1px solid #000000)]
    RenderBlock {DIV} at (3,3) size 140x273
      RenderText {#text} at (0,0) size 40x260
        text run at (0,0) width 6: "1"
        text run at (5,0) width 1: " "
        text run at (0,12) width 7: "2"
        text run at (6,12) width 1: " "
        text run at (0,25) width 7: "3"
        text run at (6,25) width 1: " "
        text run at (0,38) width 8: "4"
        text run at (7,38) width 1: " "
        text run at (0,51) width 7: "5"
        text run at (6,51) width 1: " "
        text run at (0,64) width 8: "6"
        text run at (7,64) width 1: " "
        text run at (0,77) width 7: "7"
        text run at (6,77) width 1: " "
        text run at (0,90) width 8: "8"
        text run at (7,90) width 1: " "
        text run at (0,103) width 8: "9"
        text run at (7,103) width 1: " "
        text run at (0,116) width 13: "10"
        text run at (12,116) width 1: " "
        text run at (0,129) width 11: "11"
        text run at (10,129) width 1: " "
        text run at (0,142) width 12: "12"
        text run at (11,142) width 1: " "
        text run at (0,155) width 13: "13"
        text run at (12,155) width 1: " "
        text run at (0,168) width 13: "14"
        text run at (12,168) width 1: " "
        text run at (0,181) width 13: "15"
        text run at (12,181) width 1: " "
        text run at (0,194) width 13: "16"
        text run at (12,194) width 1: " "
        text run at (0,207) width 12: "17"
        text run at (11,207) width 1: " "
        text run at (0,220) width 40: "18 Pass"
        text run at (39,220) width 1: " "
        text run at (0,233) width 13: "19"
        text run at (12,233) width 1: " "
        text run at (0,246) width 14: "20"
        text run at (13,246) width 1: " "
      RenderBR {BR} at (0,259) size 0x14
caret: position 49 of child 0 {#text} of child 0 {DIV} of {#document-fragment} of child 3 {TEXTAREA} of body
