layer at (0,0) size 800x600
  RenderView at (0,0) size 800x600
layer at (0,0) size 800x600
  RenderBlock {HTML} at (0,0) size 800x600
    RenderBody {BODY} at (8,8) size 784x584
      RenderBlock {DIV} at (0,0) size 132x500
        RenderInline {SPAN} at (0,0) size 21x391
          RenderText {#text} at (1,0) size 21x391
            text run at (1,0) width 391: "This text should be rotated 90 degrees and underlined."
        RenderText {#text} at (0,0) size 0x0
        RenderBR {BR} at (1,390) size 21x1
        RenderInline {SPAN} at (22,0) size 21x382
          RenderText {#text} at (23,0) size 21x382
            text run at (23,0) width 382: "This text should be rotated 90 degrees and overlined."
        RenderText {#text} at (0,0) size 0x0
        RenderBR {BR} at (23,381) size 21x1
        RenderInline {SPAN} at (44,0) size 21x418
          RenderText {#text} at (45,0) size 21x418
            text run at (45,0) width 418: "This text should be rotated 90 degrees and struck through."
        RenderText {#text} at (0,0) size 0x0
        RenderBR {BR} at (45,417) size 21x1
        RenderInline {SPAN} at (66,0) size 21x442
          RenderText {#text} at (67,0) size 21x442
            text run at (67,0) width 442: "This text should have a red shadow that is offset horizontally."
        RenderText {#text} at (0,0) size 0x0
        RenderBR {BR} at (67,441) size 21x1
        RenderBR {BR} at (89,0) size 21x0
        RenderInline {SPAN} at (110,0) size 21x456
          RenderText {#text} at (111,0) size 21x456
            text run at (111,0) width 456: "This text should have an overline plus horizontal green shadow"
