layer at (0,0) size 800x600
  RenderView at (0,0) size 800x600
layer at (0,0) size 800x600
  RenderBlock {HTML} at (0,0) size 800x600
    RenderBody {BODY} at (8,8) size 784x584
      RenderBlock {P} at (0,0) size 784x20
        RenderText {#text} at (0,0) size 215x19
          text run at (0,0) width 215: "This should be pointing upwards:"
      RenderBlock {DIV} at (0,36) size 121x80
        RenderText {#text} at (20,0) size 81x80
          text run at (20,0) width 80: "\x{3008}"
