layer at (0,0) size 800x1243
  RenderView at (0,0) size 800x600
layer at (0,0) size 800x1243
  RenderBlock {HTML} at (0,0) size 800x1244
    RenderBody {BODY} at (8,8) size 784x1228
      RenderText {#text} at (0,0) size 286x19
        text run at (0,0) width 286: "LTR fieldset with left/center/right text-align:"
      RenderBR {BR} at (285,0) size 1x19
      RenderFieldSet {FIELDSET} at (16,36) size 228x120 [border: (2px groove #C0C0C0)]
        RenderBlock {LEGEND} at (34,0) size 104x25
          RenderBlock {DIV} at (2,0) size 100x25 [bgcolor=#FFA500]
      RenderText {#text} at (260,157) size 4x19
        text run at (260,157) width 4: " "
      RenderFieldSet {FIELDSET} at (280,36) size 228x120 [border: (2px groove #C0C0C0)]
        RenderBlock {LEGEND} at (110,0) size 104x25
          RenderBlock {DIV} at (2,0) size 100x25 [bgcolor=#FFA500]
      RenderText {#text} at (0,0) size 0x0
      RenderFieldSet {FIELDSET} at (16,193) size 228x120 [border: (2px groove #C0C0C0)]
        RenderBlock {LEGEND} at (62,0) size 104x25
          RenderBlock {DIV} at (2,0) size 100x25 [bgcolor=#FFA500]
      RenderBR {BR} at (260,314) size 0x19
      RenderText {#text} at (0,328) size 286x20
        text run at (0,328) width 286: "RTL fieldset with left/center/right text-align:"
      RenderBR {BR} at (285,328) size 1x20
      RenderFieldSet {FIELDSET} at (16,364) size 228x121 [border: (2px groove #C0C0C0)]
        RenderBlock {LEGEND} at (14,0) size 104x25
          RenderBlock {DIV} at (2,0) size 100x25 [bgcolor=#FFA500]
      RenderText {#text} at (260,485) size 4x20
        text run at (260,485) width 4: " "
      RenderFieldSet {FIELDSET} at (280,364) size 228x121 [border: (2px groove #C0C0C0)]
        RenderBlock {LEGEND} at (90,0) size 104x25
          RenderBlock {DIV} at (2,0) size 100x25 [bgcolor=#FFA500]
      RenderText {#text} at (0,0) size 0x0
      RenderFieldSet {FIELDSET} at (16,521) size 228x121 [border: (2px groove #C0C0C0)]
        RenderBlock {LEGEND} at (62,0) size 104x25
          RenderBlock {DIV} at (2,0) size 100x25 [bgcolor=#FFA500]
      RenderBR {BR} at (260,642) size 0x20
      RenderText {#text} at (0,657) size 340x20
        text run at (0,657) width 340: "Vertical LTR fieldset with left/center/right text-align:"
      RenderBR {BR} at (339,657) size 1x20
      RenderFieldSet {FIELDSET} at (16,693) size 120x229 [border: (2px groove #C0C0C0)]
        RenderBlock {LEGEND} at (0,34) size 25x104
          RenderBlock {DIV} at (0,2) size 25x100 [bgcolor=#FFA500]
      RenderText {#text} at (151,922) size 5x20
        text run at (151,922) width 5: " "
      RenderFieldSet {FIELDSET} at (171,693) size 121x229 [border: (2px groove #C0C0C0)]
        RenderBlock {LEGEND} at (0,110) size 25x104
          RenderBlock {DIV} at (0,2) size 25x100 [bgcolor=#FFA500]
      RenderText {#text} at (307,922) size 5x20
        text run at (307,922) width 5: " "
      RenderFieldSet {FIELDSET} at (327,693) size 120x229 [border: (2px groove #C0C0C0)]
        RenderBlock {LEGEND} at (0,62) size 25x104
          RenderBlock {DIV} at (0,2) size 25x100 [bgcolor=#FFA500]
      RenderText {#text} at (0,0) size 0x0
      RenderBR {BR} at (462,922) size 1x20
      RenderText {#text} at (0,942) size 340x20
        text run at (0,942) width 340: "Vertical RTL fieldset with left/center/right text-align:"
      RenderBR {BR} at (339,942) size 1x20
      RenderFieldSet {FIELDSET} at (16,978) size 120x229 [border: (2px groove #C0C0C0)]
        RenderBlock {LEGEND} at (0,14) size 25x104
          RenderBlock {DIV} at (0,2) size 25x100 [bgcolor=#FFA500]
      RenderText {#text} at (151,1207) size 5x20
        text run at (151,1207) width 5: " "
      RenderFieldSet {FIELDSET} at (171,978) size 121x229 [border: (2px groove #C0C0C0)]
        RenderBlock {LEGEND} at (0,90) size 25x104
          RenderBlock {DIV} at (0,2) size 25x100 [bgcolor=#FFA500]
      RenderText {#text} at (307,1207) size 5x20
        text run at (307,1207) width 5: " "
      RenderFieldSet {FIELDSET} at (327,978) size 120x229 [border: (2px groove #C0C0C0)]
        RenderBlock {LEGEND} at (0,62) size 25x104
          RenderBlock {DIV} at (0,2) size 25x100 [bgcolor=#FFA500]
      RenderText {#text} at (0,0) size 0x0
