layer at (0,0) size 800x600
  RenderView at (0,0) size 800x600
layer at (0,472) size 800x128
  RenderBlock {HTML} at (0,0) size 800x128 [border: (10px solid #800000)]
    RenderBody {BODY} at (18,18) size 764x92
      RenderText {#text} at (0,10) size 227x41
        text run at (0,10) width 227: "\x{653B}\x{6BBB} \x{6A5F}\x{52D5}\x{968A} "
      RenderInline {RUBY} at (0,0) size 201x41
        RenderInline (generated) at (0,0) size 81x41
          RenderText {#text} at (226,10) size 81x41
            text run at (226,10) width 81: "\x{653B}\x{6BBB}"
        RenderBlock {RT} at (226,51) size 81x31
          RenderText {#text} at (0,5) size 80x21
            text run at (0,5) width 80: "\x{3053}\x{3046}\x{304B}\x{304F}"
        RenderInline (generated) at (0,0) size 121x41
          RenderText {#text} at (306,10) size 121x41
            text run at (306,10) width 121: "\x{6A5F}\x{52D5}\x{968A}"
        RenderBlock {RT} at (306,51) size 121x31
          RenderText {#text} at (2,5) size 116x21
            text run at (2,5) width 116: "\x{304D}\x{3069}\x{3046}\x{305F}\x{3044}"
      RenderText {#text} at (0,0) size 0x0
