layer at (0,0) size 800x600
  RenderView at (0,0) size 800x600
layer at (0,0) size 800x600
  RenderBlock {HTML} at (0,0) size 800x600
    RenderBody {BODY} at (8,8) size 784x584
      RenderText {#text} at (165,22) size 255x18
        text run at (165,22) width 255: " --> This should be outside the textarea."
layer at (10,10) size 161x32 clip at (11,11) size 159x30
  RenderTextControl {TEXTAREA} at (2,2) size 161x32 [bgcolor=#FFFFFF] [border: (1px solid #000000)]
    RenderBlock {DIV} at (3,3) size 155x13
      RenderText {#text} at (0,0) size 22x13
        text run at (0,0) width 22: "<!--"
