layer at (0,0) size 800x600
  RenderView at (0,0) size 800x600
layer at (0,0) size 800x600
  RenderBlock {HTML} at (0,0) size 800x600
    RenderBody {BODY} at (8,8) size 784x584
      RenderText {#text} at (165,22) size 252x18
        text run at (165,22) width 252: " This should not be part of the textarea."
layer at (10,10) size 161x32 clip at (11,11) size 144x30 scrollHeight 56
  RenderTextControl {TEXTAREA} at (2,2) size 161x32 [bgcolor=#FFFFFF] [border: (1px solid #000000)]
    RenderBlock {DIV} at (3,3) size 140x52
      RenderText {#text} at (0,0) size 139x39
        text run at (0,0) width 22: "<!--"
        text run at (21,0) width 1: " "
        text run at (0,13) width 139: "This should be part of the "
        text run at (0,26) width 47: "textarea."
        text run at (46,26) width 1: " "
      RenderBR {BR} at (0,39) size 0x13
