layer at (0,0) size 800x600
  RenderView at (0,0) size 800x600
layer at (0,0) size 800x600
  RenderBlock {HTML} at (0,0) size 800x600
    RenderBody {BODY} at (0,20) size 800x580
layer at (360,20) size 170x200
  RenderBlock {DIV} at (360,0) size 170x200 [border: none (20px solid #C0C0C0) none]
    RenderMultiColumnSet at (20,0) size 150x200
layer at (66,20) size 444x200
  RenderMultiColumnFlowThread at (20,0) size 444x200
    RenderText {#text} at (0,0) size 90x190
      text run at (0,0) width 182: "Lorem ipsum dolor sit amet,"
      text run at (18,0) width 77: "consectetur "
      text run at (18,76) width 95: "adipiscing elit."
      text run at (36,0) width 190: "Curabitur neque elit, pulvinar"
      text run at (54,0) width 104: "eget lobortis at, "
      text run at (54,103) width 75: "convallis ut"
      text run at (72,0) width 46: "lectus. "
    RenderText {#text} at (72,102) size 132x197
      text run at (72,102) width 64: " vulputate"
      text run at (90,0) width 151: "tincidunt leo, eu varius "
      text run at (90,150) width 32: "nunc"
      text run at (108,0) width 181: "ullamcorper vel. Integer nec"
      text run at (126,0) width 197: "dolor sed ante pharetra lacinia."
      text run at (150,0) width 194: "Integer dignissim iaculis nulla"
      text run at (168,0) width 176: "et rutrum. Praesent pretium"
      text run at (186,0) width 59: "euismod "
      text run at (186,58) width 100: "est eget laoreet."
    RenderText {#text} at (204,45) size 222x200
      text run at (204,45) width 106: " suscipit suscipit"
      text run at (222,0) width 187: "elementum. Duis consectetur"
      text run at (240,0) width 193: "pulvinar tempor. In mi sapien,"
      text run at (258,0) width 177: "malesuada vitae posuere ut,"
      text run at (276,0) width 70: "adipiscing "
      text run at (276,69) width 120: "id odio. Integer est"
      text run at (300,0) width 199: "mi, luctus sed cursus in, cursus"
      text run at (318,0) width 107: "vitae urna. Nam "
      text run at (318,106) width 73: "consectetur"
      text run at (336,0) width 172: "orci tempor nibh iaculis eu"
      text run at (354,0) width 200: "dignissim odio laoreet. Aenean"
      text run at (372,0) width 179: "congue fermentum nibh sed"
      text run at (390,0) width 173: "malesuada. Curabitur enim"
      text run at (408,0) width 101: "leo, porttitor ut "
      text run at (408,100) width 78: "interdum et,"
    RenderText {#text} at (426,53) size 18x63
      text run at (426,53) width 62: " ut lorem."
layer at (66,20) size 18x58
  RenderInline (relative positioned) {SPAN} at (0,0) size 18x58 [bgcolor=#FFFF00]
    RenderText {#text} at (72,45) size 18x58
      text run at (72,45) width 57: "Vivamus"
layer at (66,20) size 18x46
  RenderInline (relative positioned) {SPAN} at (0,0) size 18x46 [bgcolor=#FFFF00]
    RenderText {#text} at (204,0) size 18x46
      text run at (204,0) width 46: "Integer"
layer at (66,20) size 18x54
  RenderInline (relative positioned) {SPAN} at (0,0) size 18x54 [bgcolor=#FFFF00]
    RenderText {#text} at (426,0) size 18x54
      text run at (426,0) width 54: "pulvinar"
