layer at (0,0) size 785x808
  RenderView at (0,0) size 785x600
layer at (0,0) size 785x808
  RenderBlock {HTML} at (0,0) size 785x808
    RenderBody {BODY} at (8,8) size 769x792
layer at (8,8) size 769x388
  RenderBlock {DIV} at (0,0) size 769x388 [border: (5px solid #0000FF)]
    RenderMultiColumnSet at (5,5) size 759x378
layer at (13,13) size 372x450
  RenderMultiColumnFlowThread at (5,5) size 372x450
    RenderBlock (anonymous) at (0,0) size 372x378
      RenderText {#text} at (0,0) size 113x18
        text run at (0,0) width 113: "This is some text."
      RenderBR {BR} at (112,0) size 1x18
      RenderText {#text} at (0,18) size 113x18
        text run at (0,18) width 113: "This is some text."
      RenderBR {BR} at (112,18) size 1x18
      RenderText {#text} at (0,36) size 113x18
        text run at (0,36) width 113: "This is some text."
      RenderBR {BR} at (112,36) size 1x18
      RenderText {#text} at (0,54) size 113x18
        text run at (0,54) width 113: "This is some text."
      RenderBR {BR} at (112,54) size 1x18
      RenderText {#text} at (0,72) size 113x18
        text run at (0,72) width 113: "This is some text."
      RenderBR {BR} at (112,72) size 1x18
      RenderText {#text} at (0,90) size 113x18
        text run at (0,90) width 113: "This is some text."
      RenderBR {BR} at (112,90) size 1x18
      RenderText {#text} at (0,108) size 113x18
        text run at (0,108) width 113: "This is some text."
      RenderBR {BR} at (112,108) size 1x18
      RenderText {#text} at (0,126) size 113x18
        text run at (0,126) width 113: "This is some text."
      RenderBR {BR} at (112,126) size 1x18
      RenderText {#text} at (0,144) size 113x18
        text run at (0,144) width 113: "This is some text."
      RenderBR {BR} at (112,144) size 1x18
      RenderText {#text} at (0,162) size 113x18
        text run at (0,162) width 113: "This is some text."
      RenderBR {BR} at (112,162) size 1x18
      RenderText {#text} at (0,180) size 113x18
        text run at (0,180) width 113: "This is some text."
      RenderBR {BR} at (112,180) size 1x18
      RenderText {#text} at (0,198) size 113x18
        text run at (0,198) width 113: "This is some text."
      RenderBR {BR} at (112,198) size 1x18
      RenderText {#text} at (0,216) size 113x18
        text run at (0,216) width 113: "This is some text."
      RenderBR {BR} at (112,216) size 1x18
      RenderText {#text} at (0,234) size 113x18
        text run at (0,234) width 113: "This is some text."
      RenderBR {BR} at (112,234) size 1x18
      RenderText {#text} at (0,252) size 113x18
        text run at (0,252) width 113: "This is some text."
      RenderBR {BR} at (112,252) size 1x18
      RenderText {#text} at (0,270) size 113x18
        text run at (0,270) width 113: "This is some text."
      RenderBR {BR} at (112,270) size 1x18
      RenderText {#text} at (0,288) size 113x18
        text run at (0,288) width 113: "This is some text."
      RenderBR {BR} at (112,288) size 1x18
      RenderText {#text} at (0,306) size 113x18
        text run at (0,306) width 113: "This is some text."
      RenderBR {BR} at (112,306) size 1x18
      RenderText {#text} at (0,324) size 113x18
        text run at (0,324) width 113: "This is some text."
      RenderBR {BR} at (112,324) size 1x18
      RenderText {#text} at (0,342) size 113x18
        text run at (0,342) width 113: "This is some text."
      RenderBR {BR} at (112,342) size 1x18
      RenderText {#text} at (0,360) size 113x18
        text run at (0,360) width 113: "This is some text."
      RenderBR {BR} at (112,360) size 1x18
    RenderBlock {DIV} at (0,378) size 372x72
      RenderText {#text} at (0,0) size 267x18
        text run at (0,0) width 267: "This text should be in the second column."
      RenderBR {BR} at (266,0) size 1x18
      RenderText {#text} at (0,18) size 267x18
        text run at (0,18) width 267: "This text should be in the second column."
      RenderBR {BR} at (266,18) size 1x18
      RenderText {#text} at (0,36) size 267x18
        text run at (0,36) width 267: "This text should be in the second column."
      RenderBR {BR} at (266,36) size 1x18
      RenderText {#text} at (0,54) size 267x18
        text run at (0,54) width 267: "This text should be in the second column."
      RenderBR {BR} at (266,54) size 1x18
layer at (8,412) size 769x388
  RenderBlock {DIV} at (0,404) size 769x388 [border: (5px solid #0000FF)]
    RenderMultiColumnSet at (5,5) size 759x378
layer at (13,417) size 372x756 backgroundClip at (0,0) size 785x808 clip at (0,0) size 785x808
  RenderMultiColumnFlowThread at (5,5) size 372x756
    RenderBlock (anonymous) at (0,0) size 372x72
      RenderText {#text} at (0,0) size 248x18
        text run at (0,0) width 248: "This text should be in the first column."
      RenderBR {BR} at (247,0) size 1x18
      RenderText {#text} at (0,18) size 248x18
        text run at (0,18) width 248: "This text should be in the first column."
      RenderBR {BR} at (247,18) size 1x18
      RenderText {#text} at (0,36) size 248x18
        text run at (0,36) width 248: "This text should be in the first column."
      RenderBR {BR} at (247,36) size 1x18
      RenderText {#text} at (0,54) size 248x18
        text run at (0,54) width 248: "This text should be in the first column."
      RenderBR {BR} at (247,54) size 1x18
    RenderBlock {DIV} at (0,378) size 372x378
      RenderText {#text} at (0,0) size 113x18
        text run at (0,0) width 113: "This is some text."
      RenderBR {BR} at (112,0) size 1x18
      RenderText {#text} at (0,18) size 113x18
        text run at (0,18) width 113: "This is some text."
      RenderBR {BR} at (112,18) size 1x18
      RenderText {#text} at (0,36) size 113x18
        text run at (0,36) width 113: "This is some text."
      RenderBR {BR} at (112,36) size 1x18
      RenderText {#text} at (0,54) size 113x18
        text run at (0,54) width 113: "This is some text."
      RenderBR {BR} at (112,54) size 1x18
      RenderText {#text} at (0,72) size 113x18
        text run at (0,72) width 113: "This is some text."
      RenderBR {BR} at (112,72) size 1x18
      RenderText {#text} at (0,90) size 113x18
        text run at (0,90) width 113: "This is some text."
      RenderBR {BR} at (112,90) size 1x18
      RenderText {#text} at (0,108) size 113x18
        text run at (0,108) width 113: "This is some text."
      RenderBR {BR} at (112,108) size 1x18
      RenderText {#text} at (0,126) size 113x18
        text run at (0,126) width 113: "This is some text."
      RenderBR {BR} at (112,126) size 1x18
      RenderText {#text} at (0,144) size 113x18
        text run at (0,144) width 113: "This is some text."
      RenderBR {BR} at (112,144) size 1x18
      RenderText {#text} at (0,162) size 113x18
        text run at (0,162) width 113: "This is some text."
      RenderBR {BR} at (112,162) size 1x18
      RenderText {#text} at (0,180) size 113x18
        text run at (0,180) width 113: "This is some text."
      RenderBR {BR} at (112,180) size 1x18
      RenderText {#text} at (0,198) size 113x18
        text run at (0,198) width 113: "This is some text."
      RenderBR {BR} at (112,198) size 1x18
      RenderText {#text} at (0,216) size 113x18
        text run at (0,216) width 113: "This is some text."
      RenderBR {BR} at (112,216) size 1x18
      RenderText {#text} at (0,234) size 113x18
        text run at (0,234) width 113: "This is some text."
      RenderBR {BR} at (112,234) size 1x18
      RenderText {#text} at (0,252) size 113x18
        text run at (0,252) width 113: "This is some text."
      RenderBR {BR} at (112,252) size 1x18
      RenderText {#text} at (0,270) size 113x18
        text run at (0,270) width 113: "This is some text."
      RenderBR {BR} at (112,270) size 1x18
      RenderText {#text} at (0,288) size 113x18
        text run at (0,288) width 113: "This is some text."
      RenderBR {BR} at (112,288) size 1x18
      RenderText {#text} at (0,306) size 113x18
        text run at (0,306) width 113: "This is some text."
      RenderBR {BR} at (112,306) size 1x18
      RenderText {#text} at (0,324) size 113x18
        text run at (0,324) width 113: "This is some text."
      RenderBR {BR} at (112,324) size 1x18
      RenderText {#text} at (0,342) size 113x18
        text run at (0,342) width 113: "This is some text."
      RenderBR {BR} at (112,342) size 1x18
      RenderText {#text} at (0,360) size 113x18
        text run at (0,360) width 113: "This is some text."
      RenderBR {BR} at (112,360) size 1x18
