layer at (0,0) size 800x600
  RenderView at (0,0) size 800x600
layer at (0,0) size 800x600
  RenderBlock {HTML} at (0,0) size 800x600
    RenderBody {BODY} at (8,8) size 784x584
layer at (8,8) size 784x550
  RenderBlock {DIV} at (0,0) size 784x550 [border: (5px solid #000000)]
    RenderMultiColumnSet at (15,5) size 754x540
layer at (23,13) size 241x1584 backgroundClip at (0,0) size 800x600 clip at (0,0) size 800x600
  RenderMultiColumnFlowThread at (15,5) size 241x1584
    RenderText {#text} at (0,0) size 241x1584
      text run at (0,0) width 182: "Lorem ipsum dolor sit amet,"
      text run at (0,18) width 218: "consectetuer adipiscing elit. Nulla"
      text run at (0,36) width 184: "varius enim ac mi. Curabitur"
      text run at (0,54) width 237: "sollicitudin felis quis lectus. Quisque"
      text run at (0,72) width 229: "adipiscing rhoncus sem. Proin nulla"
      text run at (0,90) width 195: "purus, vulputate vel, varius ut,"
      text run at (0,108) width 224: "euismod et, nisi. Sed vitae felis vel"
      text run at (0,126) width 229: "orci sagittis aliquam. Cras convallis"
      text run at (0,144) width 204: "adipiscing sem. Nam nonummy"
      text run at (0,162) width 209: "enim. Nullam bibendum lobortis"
      text run at (0,180) width 235: "neque. Vestibulum velit orci, tempus"
      text run at (0,198) width 209: "euismod, pretium quis, interdum"
      text run at (0,216) width 217: "vitae, nulla. Phasellus eget ante et"
      text run at (0,234) width 207: "tortor condimentum vestibulum."
      text run at (0,252) width 206: "Suspendisse hendrerit quam nec"
      text run at (0,270) width 217: "felis. Sed varius turpis vitae pede."
      text run at (0,288) width 182: "Lorem ipsum dolor sit amet,"
      text run at (0,306) width 217: "consectetuer adipiscing elit. Proin"
      text run at (0,324) width 240: "bibendum justo ac enim. Class aptent"
      text run at (0,342) width 231: "taciti sociosqu ad litora torquent per"
      text run at (0,360) width 180: "conubia nostra, per inceptos"
      text run at (0,378) width 239: "hymenaeos. Sed leo nulla, rutrum eu,"
      text run at (0,396) width 217: "dictum ut, posuere vel, arcu. Nam"
      text run at (0,414) width 187: "libero. Morbi orci. Maecenas"
      text run at (0,432) width 210: "pellentesque. Curabitur erat erat,"
      text run at (0,450) width 234: "ullamcorper at, gravida vitae, iaculis"
      text run at (0,468) width 217: "vitae, elit. Nullam quam. Quisque"
      text run at (0,486) width 240: "orci lectus, ullamcorper eu, imperdiet"
      text run at (0,504) width 227: "sed, accumsan et, ligula. Duis diam"
      text run at (0,522) width 201: "nisl, sagittis a, blandit volutpat,"
      text run at (0,540) width 201: "interdum sed, velit. Vestibulum"
      text run at (0,558) width 199: "quam. Nulla a purus. Phasellus"
      text run at (0,576) width 182: "semper semper lectus. Nulla"
      text run at (0,594) width 218: "porttitor, dolor dictum scelerisque"
      text run at (0,612) width 241: "luctus, velit ipsum lobortis mauris, ac"
      text run at (0,630) width 222: "pretium enim nunc vel risus. Proin"
      text run at (0,648) width 208: "gravida mi ut sem cursus mattis."
      text run at (0,666) width 189: "Fusce laoreet, nisi quis luctus"
      text run at (0,684) width 224: "volutpat, arcu pede tincidunt enim,"
      text run at (0,702) width 213: "nec malesuada urna nisl eu enim."
      text run at (0,720) width 204: "Vivamus varius augue ac purus."
      text run at (0,738) width 232: "Vestibulum vestibulum. Phasellus et"
      text run at (0,756) width 210: "est vitae ante accumsan rhoncus."
      text run at (0,774) width 215: "Morbi convallis, arcu at hendrerit"
      text run at (0,792) width 223: "gravida, sem diam dignissim risus,"
      text run at (0,810) width 198: "sed aliquet erat mi ut mi. Nunc"
      text run at (0,828) width 186: "cursus lacinia elit. Nunc nisi."
      text run at (0,846) width 227: "Quisque at erat. Vestibulum dictum"
      text run at (0,864) width 240: "quam vitae nibh. Nunc vitae ante non"
      text run at (0,882) width 232: "odio interdum blandit. Curabitur leo"
      text run at (0,900) width 212: "quam, fermentum sed, feugiat in,"
      text run at (0,918) width 235: "ullamcorper id, nibh. Suspendisse ac"
      text run at (0,936) width 208: "turpis. In iaculis sollicitudin dui."
      text run at (0,954) width 197: "Aenean vitae lectus vitae nulla"
      text run at (0,972) width 199: "pellentesque sollicitudin. Nunc"
      text run at (0,990) width 229: "gravida pharetra lectus. Etiam lacus"
      text run at (0,1008) width 204: "ligula, placerat ut, dictum vitae,"
      text run at (0,1026) width 204: "tempus vel, risus. Cras rhoncus."
      text run at (0,1044) width 232: "Praesent varius ultricies orci. Donec"
      text run at (0,1062) width 237: "mattis, neque ut ornare fringilla, ante"
      text run at (0,1080) width 237: "urna placerat eros, vel commodo nisi"
      text run at (0,1098) width 223: "tortor ut mauris. Morbi magna dui,"
      text run at (0,1116) width 184: "sagittis sit amet, tincidunt et,"
      text run at (0,1134) width 191: "elementum eget, quam. Fusce"
      text run at (0,1152) width 236: "molestie nisl vitae nisi. Vestibulum a"
      text run at (0,1170) width 240: "sapien. Phasellus ante lacus, vehicula"
      text run at (0,1188) width 209: "non, cursus a, tempor ut, magna."
      text run at (0,1206) width 224: "Suspendisse potenti. Fusce aliquet,"
      text run at (0,1224) width 230: "odio viverra vulputate dictum, enim"
      text run at (0,1242) width 206: "odio luctus purus, ut scelerisque"
      text run at (0,1260) width 202: "quam nulla non est. Donec eros"
      text run at (0,1278) width 208: "lacus, egestas vitae, lacinia quis,"
      text run at (0,1296) width 224: "tempor quis, pede. Morbi orci erat,"
      text run at (0,1314) width 224: "iaculis id, ornare ac, elementum at,"
      text run at (0,1332) width 240: "sem. Nunc ornare sodales nisi. Morbi"
      text run at (0,1350) width 229: "interdum commodo nisl. Fusce eget"
      text run at (0,1368) width 213: "eros non nisi ornare facilisis. Sed"
      text run at (0,1386) width 216: "placerat, est non posuere posuere,"
      text run at (0,1404) width 238: "purus sem dignissim libero, a viverra"
      text run at (0,1422) width 221: "tellus dolor vel lorem. Cras augue."
      text run at (0,1440) width 199: "Etiam ultricies consequat odio."
      text run at (0,1458) width 209: "Mauris ac libero. Etiam posuere,"
      text run at (0,1476) width 220: "libero vitae euismod gravida, urna"
      text run at (0,1494) width 230: "elit imperdiet magna, vel cursus elit"
      text run at (0,1512) width 214: "felis non mauris. Donec orci erat,"
      text run at (0,1530) width 194: "porta id, dignissim ut, posuere"
      text run at (0,1548) width 234: "dictum, leo. Suspendisse scelerisque"
      text run at (0,1566) width 87: "egestas nulla."
