layer at (0,0) size 1188x585
  RenderView at (0,0) size 800x585
layer at (0,0) size 800x585
  RenderBlock {HTML} at (0,0) size 800x585
    RenderBody {BODY} at (8,8) size 784x569
layer at (8,8) size 784x404
  RenderBlock {DIV} at (0,0) size 784x404 [border: (2px solid #000000)]
    RenderMultiColumnSet at (2,2) size 780x400
layer at (10,10) size 382x944 backgroundClip at (0,0) size 1188x585 clip at (0,0) size 1188x585
  RenderMultiColumnFlowThread at (2,2) size 382x944
    RenderText {#text} at (0,0) size 113x18
      text run at (0,0) width 113: "This is some text."
    RenderBR {BR} at (112,0) size 1x18
    RenderText {#text} at (0,18) size 113x18
      text run at (0,18) width 113: "This is some text."
    RenderBR {BR} at (112,18) size 1x18
    RenderText {#text} at (0,36) size 113x18
      text run at (0,36) width 113: "This is some text."
    RenderBR {BR} at (112,36) size 1x18
    RenderText {#text} at (0,54) size 113x18
      text run at (0,54) width 113: "This is some text."
    RenderBR {BR} at (112,54) size 1x18
    RenderText {#text} at (0,72) size 113x18
      text run at (0,72) width 113: "This is some text."
    RenderBR {BR} at (112,72) size 1x18
    RenderText {#text} at (0,90) size 113x18
      text run at (0,90) width 113: "This is some text."
    RenderBR {BR} at (112,90) size 1x18
    RenderText {#text} at (0,108) size 113x18
      text run at (0,108) width 113: "This is some text."
    RenderBR {BR} at (112,108) size 1x18
    RenderText {#text} at (0,126) size 113x18
      text run at (0,126) width 113: "This is some text."
    RenderBR {BR} at (112,126) size 1x18
    RenderText {#text} at (0,144) size 113x18
      text run at (0,144) width 113: "This is some text."
    RenderBR {BR} at (112,144) size 1x18
    RenderText {#text} at (0,162) size 113x18
      text run at (0,162) width 113: "This is some text."
    RenderBR {BR} at (112,162) size 1x18
    RenderImage {IMG} at (0,400) size 250x300 [bgcolor=#008000]
    RenderText {#text} at (250,400) size 113x18
      text run at (250,400) width 113: "This is some text."
    RenderBR {BR} at (362,400) size 1x18
    RenderText {#text} at (250,418) size 113x18
      text run at (250,418) width 113: "This is some text."
    RenderBR {BR} at (362,418) size 1x18
    RenderText {#text} at (250,436) size 113x18
      text run at (250,436) width 113: "This is some text."
    RenderBR {BR} at (362,436) size 1x18
    RenderText {#text} at (250,454) size 113x18
      text run at (250,454) width 113: "This is some text."
    RenderBR {BR} at (362,454) size 1x18
    RenderText {#text} at (250,472) size 113x18
      text run at (250,472) width 113: "This is some text."
    RenderBR {BR} at (362,472) size 1x18
    RenderText {#text} at (250,490) size 113x18
      text run at (250,490) width 113: "This is some text."
    RenderBR {BR} at (362,490) size 1x18
    RenderText {#text} at (250,508) size 113x18
      text run at (250,508) width 113: "This is some text."
    RenderBR {BR} at (362,508) size 1x18
    RenderText {#text} at (250,526) size 113x18
      text run at (250,526) width 113: "This is some text."
    RenderBR {BR} at (362,526) size 1x18
    RenderText {#text} at (250,544) size 113x18
      text run at (250,544) width 113: "This is some text."
    RenderBR {BR} at (362,544) size 1x18
    RenderText {#text} at (250,562) size 113x18
      text run at (250,562) width 113: "This is some text."
    RenderBR {BR} at (362,562) size 1x18
    RenderText {#text} at (250,580) size 113x18
      text run at (250,580) width 113: "This is some text."
    RenderBR {BR} at (362,580) size 1x18
    RenderText {#text} at (250,598) size 113x18
      text run at (250,598) width 113: "This is some text."
    RenderBR {BR} at (362,598) size 1x18
    RenderText {#text} at (250,616) size 113x18
      text run at (250,616) width 113: "This is some text."
    RenderBR {BR} at (362,616) size 1x18
    RenderText {#text} at (250,634) size 113x18
      text run at (250,634) width 113: "This is some text."
    RenderBR {BR} at (362,634) size 1x18
    RenderText {#text} at (250,652) size 113x18
      text run at (250,652) width 113: "This is some text."
    RenderBR {BR} at (362,652) size 1x18
    RenderText {#text} at (250,670) size 113x18
      text run at (250,670) width 113: "This is some text."
    RenderBR {BR} at (362,670) size 1x18
    RenderText {#text} at (250,688) size 113x18
      text run at (250,688) width 113: "This is some text."
    RenderBR {BR} at (362,688) size 1x18
    RenderText {#text} at (0,706) size 113x18
      text run at (0,706) width 113: "This is some text."
    RenderBR {BR} at (112,706) size 1x18
    RenderText {#text} at (0,724) size 113x18
      text run at (0,724) width 113: "This is some text."
    RenderBR {BR} at (112,724) size 1x18
    RenderText {#text} at (0,742) size 113x18
      text run at (0,742) width 113: "This is some text."
    RenderBR {BR} at (112,742) size 1x18
    RenderText {#text} at (0,760) size 113x18
      text run at (0,760) width 113: "This is some text."
    RenderBR {BR} at (112,760) size 1x18
    RenderText {#text} at (0,778) size 113x18
      text run at (0,778) width 113: "This is some text."
    RenderBR {BR} at (112,778) size 1x18
    RenderText {#text} at (0,800) size 113x18
      text run at (0,800) width 113: "This is some text."
    RenderBR {BR} at (112,800) size 1x18
    RenderText {#text} at (0,818) size 113x18
      text run at (0,818) width 113: "This is some text."
    RenderBR {BR} at (112,818) size 1x18
    RenderText {#text} at (0,836) size 113x18
      text run at (0,836) width 113: "This is some text."
    RenderBR {BR} at (112,836) size 1x18
    RenderText {#text} at (0,854) size 113x18
      text run at (0,854) width 113: "This is some text."
    RenderBR {BR} at (112,854) size 1x18
    RenderText {#text} at (0,872) size 113x18
      text run at (0,872) width 113: "This is some text."
    RenderBR {BR} at (112,872) size 1x18
    RenderText {#text} at (0,890) size 113x18
      text run at (0,890) width 113: "This is some text."
    RenderBR {BR} at (112,890) size 1x18
    RenderText {#text} at (0,908) size 113x18
      text run at (0,908) width 113: "This is some text."
    RenderBR {BR} at (112,908) size 1x18
    RenderText {#text} at (0,926) size 113x18
      text run at (0,926) width 113: "This is some text."
    RenderBR {BR} at (112,926) size 1x18
