layer at (0,0) size 1166x1680
  RenderView at (0,0) size 785x585
layer at (0,0) size 785x1680
  RenderBlock {HTML} at (0,0) size 785x1680
    RenderBody {BODY} at (8,8) size 769x1664
layer at (8,8) size 769x404
  RenderBlock {DIV} at (0,0) size 769x404 [border: (2px solid #000000)]
    RenderMultiColumnSet at (2,2) size 765x400
layer at (10,10) size 375x888
  RenderMultiColumnFlowThread at (2,2) size 375x888
    RenderBlock (anonymous) at (0,0) size 375x252
      RenderText {#text} at (0,0) size 113x18
        text run at (0,0) width 113: "This is some text."
      RenderBR {BR} at (112,0) size 1x18
      RenderText {#text} at (0,18) size 113x18
        text run at (0,18) width 113: "This is some text."
      RenderBR {BR} at (112,18) size 1x18
      RenderText {#text} at (0,36) size 113x18
        text run at (0,36) width 113: "This is some text."
      RenderBR {BR} at (112,36) size 1x18
      RenderText {#text} at (0,54) size 113x18
        text run at (0,54) width 113: "This is some text."
      RenderBR {BR} at (112,54) size 1x18
      RenderText {#text} at (0,72) size 113x18
        text run at (0,72) width 113: "This is some text."
      RenderBR {BR} at (112,72) size 1x18
      RenderText {#text} at (0,90) size 113x18
        text run at (0,90) width 113: "This is some text."
      RenderBR {BR} at (112,90) size 1x18
      RenderText {#text} at (0,108) size 113x18
        text run at (0,108) width 113: "This is some text."
      RenderBR {BR} at (112,108) size 1x18
      RenderText {#text} at (0,126) size 113x18
        text run at (0,126) width 113: "This is some text."
      RenderBR {BR} at (112,126) size 1x18
      RenderText {#text} at (0,144) size 113x18
        text run at (0,144) width 113: "This is some text."
      RenderBR {BR} at (112,144) size 1x18
      RenderText {#text} at (0,162) size 113x18
        text run at (0,162) width 113: "This is some text."
      RenderBR {BR} at (112,162) size 1x18
      RenderText {#text} at (0,180) size 113x18
        text run at (0,180) width 113: "This is some text."
      RenderBR {BR} at (112,180) size 1x18
      RenderText {#text} at (0,198) size 113x18
        text run at (0,198) width 113: "This is some text."
      RenderBR {BR} at (112,198) size 1x18
      RenderText {#text} at (0,216) size 113x18
        text run at (0,216) width 113: "This is some text."
      RenderBR {BR} at (112,216) size 1x18
      RenderText {#text} at (0,234) size 113x18
        text run at (0,234) width 113: "This is some text."
      RenderBR {BR} at (112,234) size 1x18
    RenderBlock {P} at (0,268) size 375x604
      RenderBlock (floating) {SPAN} at (0,132) size 79x147
        RenderText {#text} at (0,0) size 79x147
          text run at (0,0) width 79: "T"
      RenderText {#text} at (78,132) size 104x18
        text run at (78,132) width 104: "his is some text."
      RenderBR {BR} at (181,132) size 1x18
      RenderText {#text} at (78,150) size 114x18
        text run at (78,150) width 114: "This is some text."
      RenderBR {BR} at (191,150) size 1x18
      RenderText {#text} at (78,168) size 114x18
        text run at (78,168) width 114: "This is some text."
      RenderBR {BR} at (191,168) size 1x18
      RenderText {#text} at (78,186) size 114x18
        text run at (78,186) width 114: "This is some text."
      RenderBR {BR} at (191,186) size 1x18
      RenderText {#text} at (78,204) size 114x18
        text run at (78,204) width 114: "This is some text."
      RenderBR {BR} at (191,204) size 1x18
      RenderText {#text} at (78,222) size 114x18
        text run at (78,222) width 114: "This is some text."
      RenderBR {BR} at (191,222) size 1x18
      RenderText {#text} at (78,240) size 114x18
        text run at (78,240) width 114: "This is some text."
      RenderBR {BR} at (191,240) size 1x18
      RenderText {#text} at (78,258) size 114x18
        text run at (78,258) width 114: "This is some text."
      RenderBR {BR} at (191,258) size 1x18
      RenderText {#text} at (78,276) size 114x18
        text run at (78,276) width 114: "This is some text."
      RenderBR {BR} at (191,276) size 1x18
      RenderText {#text} at (0,294) size 113x18
        text run at (0,294) width 113: "This is some text."
      RenderBR {BR} at (112,294) size 1x18
      RenderText {#text} at (0,312) size 113x18
        text run at (0,312) width 113: "This is some text."
      RenderBR {BR} at (112,312) size 1x18
      RenderText {#text} at (0,330) size 113x18
        text run at (0,330) width 113: "This is some text."
      RenderBR {BR} at (112,330) size 1x18
      RenderText {#text} at (0,348) size 113x18
        text run at (0,348) width 113: "This is some text."
      RenderBR {BR} at (112,348) size 1x18
      RenderText {#text} at (0,366) size 113x18
        text run at (0,366) width 113: "This is some text."
      RenderBR {BR} at (112,366) size 1x18
      RenderText {#text} at (0,384) size 113x18
        text run at (0,384) width 113: "This is some text."
      RenderBR {BR} at (112,384) size 1x18
      RenderText {#text} at (0,402) size 113x18
        text run at (0,402) width 113: "This is some text."
      RenderBR {BR} at (112,402) size 1x18
      RenderText {#text} at (0,420) size 113x18
        text run at (0,420) width 113: "This is some text."
      RenderBR {BR} at (112,420) size 1x18
      RenderText {#text} at (0,438) size 113x18
        text run at (0,438) width 113: "This is some text."
      RenderBR {BR} at (112,438) size 1x18
      RenderText {#text} at (0,456) size 113x18
        text run at (0,456) width 113: "This is some text."
      RenderBR {BR} at (112,456) size 1x18
      RenderText {#text} at (0,474) size 113x18
        text run at (0,474) width 113: "This is some text."
      RenderBR {BR} at (112,474) size 1x18
      RenderText {#text} at (0,492) size 113x18
        text run at (0,492) width 113: "This is some text."
      RenderBR {BR} at (112,492) size 1x18
      RenderText {#text} at (0,510) size 113x18
        text run at (0,510) width 113: "This is some text."
      RenderBR {BR} at (112,510) size 1x18
      RenderText {#text} at (0,532) size 113x18
        text run at (0,532) width 113: "This is some text."
      RenderBR {BR} at (112,532) size 1x18
      RenderText {#text} at (0,550) size 113x18
        text run at (0,550) width 113: "This is some text."
      RenderBR {BR} at (112,550) size 1x18
      RenderText {#text} at (0,568) size 113x18
        text run at (0,568) width 113: "This is some text."
      RenderBR {BR} at (112,568) size 1x18
      RenderText {#text} at (0,586) size 113x18
        text run at (0,586) width 113: "This is some text."
      RenderBR {BR} at (112,586) size 1x18
layer at (8,428) size 769x404
  RenderBlock {DIV} at (0,420) size 769x404 [border: (2px solid #000000)]
    RenderMultiColumnSet at (2,2) size 765x400
layer at (10,430) size 375x888
  RenderMultiColumnFlowThread at (2,2) size 375x888
    RenderBlock (anonymous) at (0,0) size 375x252
      RenderText {#text} at (0,0) size 113x18
        text run at (0,0) width 113: "This is some text."
      RenderBR {BR} at (112,0) size 1x18
      RenderText {#text} at (0,18) size 113x18
        text run at (0,18) width 113: "This is some text."
      RenderBR {BR} at (112,18) size 1x18
      RenderText {#text} at (0,36) size 113x18
        text run at (0,36) width 113: "This is some text."
      RenderBR {BR} at (112,36) size 1x18
      RenderText {#text} at (0,54) size 113x18
        text run at (0,54) width 113: "This is some text."
      RenderBR {BR} at (112,54) size 1x18
      RenderText {#text} at (0,72) size 113x18
        text run at (0,72) width 113: "This is some text."
      RenderBR {BR} at (112,72) size 1x18
      RenderText {#text} at (0,90) size 113x18
        text run at (0,90) width 113: "This is some text."
      RenderBR {BR} at (112,90) size 1x18
      RenderText {#text} at (0,108) size 113x18
        text run at (0,108) width 113: "This is some text."
      RenderBR {BR} at (112,108) size 1x18
      RenderText {#text} at (0,126) size 113x18
        text run at (0,126) width 113: "This is some text."
      RenderBR {BR} at (112,126) size 1x18
      RenderText {#text} at (0,144) size 113x18
        text run at (0,144) width 113: "This is some text."
      RenderBR {BR} at (112,144) size 1x18
      RenderText {#text} at (0,162) size 113x18
        text run at (0,162) width 113: "This is some text."
      RenderBR {BR} at (112,162) size 1x18
      RenderText {#text} at (0,180) size 113x18
        text run at (0,180) width 113: "This is some text."
      RenderBR {BR} at (112,180) size 1x18
      RenderText {#text} at (0,198) size 113x18
        text run at (0,198) width 113: "This is some text."
      RenderBR {BR} at (112,198) size 1x18
      RenderText {#text} at (0,216) size 113x18
        text run at (0,216) width 113: "This is some text."
      RenderBR {BR} at (112,216) size 1x18
      RenderText {#text} at (0,234) size 113x18
        text run at (0,234) width 113: "This is some text."
      RenderBR {BR} at (112,234) size 1x18
    RenderBlock {P} at (0,268) size 375x604
      RenderImage {IMG} at (0,132) size 100x100 [bgcolor=#008000]
      RenderImage {IMG} at (274,132) size 101x200 [bgcolor=#008000]
      RenderText {#text} at (100,132) size 109x18
        text run at (100,132) width 109: "This is some text"
      RenderBR {BR} at (208,132) size 1x18
      RenderText {#text} at (100,150) size 113x18
        text run at (100,150) width 113: "This is some text."
      RenderBR {BR} at (212,150) size 1x18
      RenderText {#text} at (100,168) size 113x18
        text run at (100,168) width 113: "This is some text."
      RenderBR {BR} at (212,168) size 1x18
      RenderText {#text} at (100,186) size 113x18
        text run at (100,186) width 113: "This is some text."
      RenderBR {BR} at (212,186) size 1x18
      RenderText {#text} at (100,204) size 113x18
        text run at (100,204) width 113: "This is some text."
      RenderBR {BR} at (212,204) size 1x18
      RenderText {#text} at (100,222) size 113x18
        text run at (100,222) width 113: "This is some text."
      RenderBR {BR} at (212,222) size 1x18
      RenderText {#text} at (0,240) size 113x18
        text run at (0,240) width 113: "This is some text."
      RenderBR {BR} at (112,240) size 1x18
      RenderText {#text} at (0,258) size 113x18
        text run at (0,258) width 113: "This is some text."
      RenderBR {BR} at (112,258) size 1x18
      RenderText {#text} at (0,276) size 113x18
        text run at (0,276) width 113: "This is some text."
      RenderBR {BR} at (112,276) size 1x18
      RenderText {#text} at (0,294) size 113x18
        text run at (0,294) width 113: "This is some text."
      RenderBR {BR} at (112,294) size 1x18
      RenderText {#text} at (0,312) size 113x18
        text run at (0,312) width 113: "This is some text."
      RenderBR {BR} at (112,312) size 1x18
      RenderText {#text} at (0,330) size 113x18
        text run at (0,330) width 113: "This is some text."
      RenderBR {BR} at (112,330) size 1x18
      RenderText {#text} at (0,348) size 113x18
        text run at (0,348) width 113: "This is some text."
      RenderBR {BR} at (112,348) size 1x18
      RenderText {#text} at (0,366) size 113x18
        text run at (0,366) width 113: "This is some text."
      RenderBR {BR} at (112,366) size 1x18
      RenderText {#text} at (0,384) size 113x18
        text run at (0,384) width 113: "This is some text."
      RenderBR {BR} at (112,384) size 1x18
      RenderText {#text} at (0,402) size 113x18
        text run at (0,402) width 113: "This is some text."
      RenderBR {BR} at (112,402) size 1x18
      RenderText {#text} at (0,420) size 113x18
        text run at (0,420) width 113: "This is some text."
      RenderBR {BR} at (112,420) size 1x18
      RenderText {#text} at (0,438) size 113x18
        text run at (0,438) width 113: "This is some text."
      RenderBR {BR} at (112,438) size 1x18
      RenderText {#text} at (0,456) size 113x18
        text run at (0,456) width 113: "This is some text."
      RenderBR {BR} at (112,456) size 1x18
      RenderText {#text} at (0,474) size 113x18
        text run at (0,474) width 113: "This is some text."
      RenderBR {BR} at (112,474) size 1x18
      RenderText {#text} at (0,492) size 113x18
        text run at (0,492) width 113: "This is some text."
      RenderBR {BR} at (112,492) size 1x18
      RenderText {#text} at (0,510) size 113x18
        text run at (0,510) width 113: "This is some text."
      RenderBR {BR} at (112,510) size 1x18
      RenderText {#text} at (0,532) size 113x18
        text run at (0,532) width 113: "This is some text."
      RenderBR {BR} at (112,532) size 1x18
      RenderText {#text} at (0,550) size 113x18
        text run at (0,550) width 113: "This is some text."
      RenderBR {BR} at (112,550) size 1x18
      RenderText {#text} at (0,568) size 113x18
        text run at (0,568) width 113: "This is some text."
      RenderBR {BR} at (112,568) size 1x18
      RenderText {#text} at (0,586) size 113x18
        text run at (0,586) width 113: "This is some text."
      RenderBR {BR} at (112,586) size 1x18
layer at (8,848) size 769x404
  RenderBlock {DIV} at (0,840) size 769x404 [border: (2px solid #000000)]
    RenderMultiColumnSet at (2,2) size 765x400
layer at (10,850) size 375x436
  RenderMultiColumnFlowThread at (2,2) size 375x436
    RenderImage {IMG} at (0,0) size 300x390 [bgcolor=#008000]
    RenderText {#text} at (300,0) size 375x436
      text run at (300,0) width 75: "Longer text"
      text run at (300,18) width 74: "designed to"
      text run at (300,36) width 55: "test float"
      text run at (300,54) width 24: "and"
      text run at (300,72) width 61: "wrapping"
      text run at (300,90) width 60: "behavior."
      text run at (300,108) width 75: "Longer text"
      text run at (300,126) width 74: "designed to"
      text run at (300,144) width 55: "test float"
      text run at (300,162) width 24: "and"
      text run at (300,180) width 61: "wrapping"
      text run at (300,198) width 60: "behavior."
      text run at (300,216) width 75: "Longer text"
      text run at (300,234) width 74: "designed to"
      text run at (300,252) width 55: "test float"
      text run at (300,270) width 24: "and"
      text run at (300,288) width 61: "wrapping"
      text run at (300,306) width 60: "behavior."
      text run at (300,324) width 75: "Longer text"
      text run at (300,342) width 74: "designed to"
      text run at (300,360) width 55: "test float"
      text run at (300,378) width 24: "and"
      text run at (0,400) width 365: "wrapping behavior. Longer text designed to test float and"
      text run at (0,418) width 124: "wrapping behavior."
layer at (8,1268) size 769x404
  RenderBlock {DIV} at (0,1260) size 769x404 [border: (2px solid #000000)]
    RenderMultiColumnSet at (2,2) size 765x400
layer at (10,1270) size 375x652 backgroundClip at (0,0) size 1166x1680 clip at (0,0) size 1166x1680
  RenderMultiColumnFlowThread at (2,2) size 375x652
    RenderImage {IMG} at (0,0) size 375x380 [bgcolor=#0000FF]
    RenderInline {SPAN} at (0,0) size 367x252
      RenderImage {IMG} at (0,400) size 100x20 [bgcolor=#008000]
      RenderText {#text} at (100,400) size 209x28
        text run at (100,400) width 209: "Longer text designed "
      RenderImage {IMG} at (274,428) size 101x20 [bgcolor=#008000]
      RenderText {#text} at (308,400) size 367x252
        text run at (308,400) width 59: "to test"
        text run at (0,428) width 180: "float and wrapping"
        text run at (0,456) width 362: "behavior. Longer text designed to test"
        text run at (0,484) width 350: "float and wrapping behavior. Longer"
        text run at (0,512) width 281: "text designed to test float and"
        text run at (0,540) width 303: "wrapping behavior. Longer text"
        text run at (0,568) width 336: "designed to test float and wrapping"
        text run at (0,596) width 362: "behavior. Longer text designed to test"
        text run at (0,624) width 275: "float and wrapping behavior."
    RenderText {#text} at (0,0) size 0x0
