layer at (0,0) size 1289x672
  RenderView at (0,0) size 785x585
layer at (0,0) size 785x672
  RenderBlock {HTML} at (0,0) size 785x672
    RenderBody {BODY} at (8,8) size 769x656
      RenderBlock (anonymous) at (0,0) size 769x18
        RenderText {#text} at (0,0) size 87x18
          text run at (0,0) width 87: "LTR Version:"
      RenderBlock (anonymous) at (0,328) size 769x18
        RenderText {#text} at (0,0) size 87x18
          text run at (0,0) width 87: "RTL Version:"
layer at (8,26) size 769x310
  RenderBlock {DIV} at (0,18) size 769x310 [border: (5px solid #800000)]
    RenderMultiColumnSet at (5,5) size 759x300
layer at (13,31) size 242x1380 backgroundClip at (0,0) size 1289x672 clip at (0,0) size 1289x672
  RenderMultiColumnFlowThread at (5,5) size 243x1380
    RenderBlock (anonymous) at (0,0) size 243x234
      RenderText {#text} at (0,0) size 109x18
        text run at (0,0) width 109: "This is some text"
      RenderBR {BR} at (108,0) size 1x18
      RenderText {#text} at (0,18) size 109x18
        text run at (0,18) width 109: "This is some text"
      RenderBR {BR} at (108,18) size 1x18
      RenderText {#text} at (0,36) size 109x18
        text run at (0,36) width 109: "This is some text"
      RenderBR {BR} at (108,36) size 1x18
      RenderText {#text} at (0,54) size 109x18
        text run at (0,54) width 109: "This is some text"
      RenderBR {BR} at (108,54) size 1x18
      RenderText {#text} at (0,72) size 109x18
        text run at (0,72) width 109: "This is some text"
      RenderBR {BR} at (108,72) size 1x18
      RenderText {#text} at (0,90) size 109x18
        text run at (0,90) width 109: "This is some text"
      RenderBR {BR} at (108,90) size 1x18
      RenderText {#text} at (0,108) size 109x18
        text run at (0,108) width 109: "This is some text"
      RenderBR {BR} at (108,108) size 1x18
      RenderText {#text} at (0,126) size 109x18
        text run at (0,126) width 109: "This is some text"
      RenderBR {BR} at (108,126) size 1x18
      RenderText {#text} at (0,144) size 109x18
        text run at (0,144) width 109: "This is some text"
      RenderBR {BR} at (108,144) size 1x18
      RenderText {#text} at (0,162) size 109x18
        text run at (0,162) width 109: "This is some text"
      RenderBR {BR} at (108,162) size 1x18
      RenderText {#text} at (0,180) size 109x18
        text run at (0,180) width 109: "This is some text"
      RenderBR {BR} at (108,180) size 1x18
      RenderText {#text} at (0,198) size 109x18
        text run at (0,198) width 109: "This is some text"
      RenderBR {BR} at (108,198) size 1x18
      RenderText {#text} at (0,216) size 109x18
        text run at (0,216) width 109: "This is some text"
      RenderBR {BR} at (108,216) size 1x18
    RenderBlock {DIV} at (0,300) size 243x270
      RenderText {#text} at (0,0) size 0x0
    RenderBlock (anonymous) at (0,570) size 243x528
      RenderText {#text} at (0,0) size 109x18
        text run at (0,0) width 109: "This is some text"
      RenderBR {BR} at (108,0) size 1x18
      RenderText {#text} at (0,30) size 109x18
        text run at (0,30) width 109: "This is some text"
      RenderBR {BR} at (108,30) size 1x18
      RenderText {#text} at (0,48) size 109x18
        text run at (0,48) width 109: "This is some text"
      RenderBR {BR} at (108,48) size 1x18
      RenderText {#text} at (0,66) size 109x18
        text run at (0,66) width 109: "This is some text"
      RenderBR {BR} at (108,66) size 1x18
      RenderText {#text} at (0,84) size 109x18
        text run at (0,84) width 109: "This is some text"
      RenderBR {BR} at (108,84) size 1x18
      RenderText {#text} at (0,102) size 109x18
        text run at (0,102) width 109: "This is some text"
      RenderBR {BR} at (108,102) size 1x18
      RenderText {#text} at (0,120) size 109x18
        text run at (0,120) width 109: "This is some text"
      RenderBR {BR} at (108,120) size 1x18
      RenderText {#text} at (0,138) size 109x18
        text run at (0,138) width 109: "This is some text"
      RenderBR {BR} at (108,138) size 1x18
      RenderText {#text} at (0,156) size 109x18
        text run at (0,156) width 109: "This is some text"
      RenderBR {BR} at (108,156) size 1x18
      RenderText {#text} at (0,174) size 109x18
        text run at (0,174) width 109: "This is some text"
      RenderBR {BR} at (108,174) size 1x18
      RenderText {#text} at (0,192) size 109x18
        text run at (0,192) width 109: "This is some text"
      RenderBR {BR} at (108,192) size 1x18
      RenderText {#text} at (0,210) size 109x18
        text run at (0,210) width 109: "This is some text"
      RenderBR {BR} at (108,210) size 1x18
      RenderText {#text} at (0,228) size 109x18
        text run at (0,228) width 109: "This is some text"
      RenderBR {BR} at (108,228) size 1x18
      RenderText {#text} at (0,246) size 109x18
        text run at (0,246) width 109: "This is some text"
      RenderBR {BR} at (108,246) size 1x18
      RenderText {#text} at (0,264) size 109x18
        text run at (0,264) width 109: "This is some text"
      RenderBR {BR} at (108,264) size 1x18
      RenderText {#text} at (0,282) size 109x18
        text run at (0,282) width 109: "This is some text"
      RenderBR {BR} at (108,282) size 1x18
      RenderText {#text} at (0,300) size 109x18
        text run at (0,300) width 109: "This is some text"
      RenderBR {BR} at (108,300) size 1x18
      RenderText {#text} at (0,330) size 109x18
        text run at (0,330) width 109: "This is some text"
      RenderBR {BR} at (108,330) size 1x18
      RenderText {#text} at (0,348) size 109x18
        text run at (0,348) width 109: "This is some text"
      RenderBR {BR} at (108,348) size 1x18
      RenderText {#text} at (0,366) size 109x18
        text run at (0,366) width 109: "This is some text"
      RenderBR {BR} at (108,366) size 1x18
      RenderText {#text} at (0,384) size 109x18
        text run at (0,384) width 109: "This is some text"
      RenderBR {BR} at (108,384) size 1x18
      RenderText {#text} at (0,402) size 109x18
        text run at (0,402) width 109: "This is some text"
      RenderBR {BR} at (108,402) size 1x18
      RenderText {#text} at (0,420) size 109x18
        text run at (0,420) width 109: "This is some text"
      RenderBR {BR} at (108,420) size 1x18
      RenderText {#text} at (0,438) size 109x18
        text run at (0,438) width 109: "This is some text"
      RenderBR {BR} at (108,438) size 1x18
      RenderText {#text} at (0,456) size 109x18
        text run at (0,456) width 109: "This is some text"
      RenderBR {BR} at (108,456) size 1x18
      RenderText {#text} at (0,474) size 109x18
        text run at (0,474) width 109: "This is some text"
      RenderBR {BR} at (108,474) size 1x18
      RenderText {#text} at (0,492) size 109x18
        text run at (0,492) width 109: "This is some text"
      RenderBR {BR} at (108,492) size 1x18
      RenderText {#text} at (0,0) size 0x0
    RenderBlock (anonymous) at (0,1116) size 243x264
      RenderText {#text} at (0,0) size 109x18
        text run at (0,0) width 109: "This is some text"
      RenderBR {BR} at (108,0) size 1x18
      RenderText {#text} at (0,18) size 109x18
        text run at (0,18) width 109: "This is some text"
      RenderBR {BR} at (108,18) size 1x18
      RenderText {#text} at (0,36) size 109x18
        text run at (0,36) width 109: "This is some text"
      RenderBR {BR} at (108,36) size 1x18
      RenderText {#text} at (0,54) size 109x18
        text run at (0,54) width 109: "This is some text"
      RenderBR {BR} at (108,54) size 1x18
      RenderText {#text} at (0,84) size 109x18
        text run at (0,84) width 109: "This is some text"
      RenderBR {BR} at (108,84) size 1x18
      RenderText {#text} at (0,102) size 109x18
        text run at (0,102) width 109: "This is some text"
      RenderBR {BR} at (108,102) size 1x18
      RenderText {#text} at (0,120) size 109x18
        text run at (0,120) width 109: "This is some text"
      RenderBR {BR} at (108,120) size 1x18
      RenderText {#text} at (0,138) size 109x18
        text run at (0,138) width 109: "This is some text"
      RenderBR {BR} at (108,138) size 1x18
      RenderText {#text} at (0,156) size 109x18
        text run at (0,156) width 109: "This is some text"
      RenderBR {BR} at (108,156) size 1x18
      RenderText {#text} at (0,174) size 109x18
        text run at (0,174) width 109: "This is some text"
      RenderBR {BR} at (108,174) size 1x18
      RenderText {#text} at (0,192) size 109x18
        text run at (0,192) width 109: "This is some text"
      RenderBR {BR} at (108,192) size 1x18
      RenderText {#text} at (0,210) size 109x18
        text run at (0,210) width 109: "This is some text"
      RenderBR {BR} at (108,210) size 1x18
      RenderText {#text} at (0,228) size 109x18
        text run at (0,228) width 109: "This is some text"
      RenderBR {BR} at (108,228) size 1x18
      RenderText {#text} at (0,246) size 109x18
        text run at (0,246) width 109: "This is some text"
      RenderBR {BR} at (108,246) size 1x18
layer at (8,354) size 769x310
  RenderBlock {DIV} at (0,346) size 769x310 [border: (5px solid #800000)]
    RenderMultiColumnSet at (5,5) size 759x300
layer at (530,359) size 242x1380 backgroundClip at (0,0) size 1289x672 clip at (0,0) size 1289x672
  RenderMultiColumnFlowThread at (521,5) size 243x1380
    RenderBlock (anonymous) at (0,0) size 243x234
      RenderText {#text} at (133,0) size 110x18
        text run at (133,0) width 110: "This is some text"
      RenderBR {BR} at (133,0) size 1x18
      RenderText {#text} at (133,18) size 110x18
        text run at (133,18) width 110: "This is some text"
      RenderBR {BR} at (133,18) size 1x18
      RenderText {#text} at (133,36) size 110x18
        text run at (133,36) width 110: "This is some text"
      RenderBR {BR} at (133,36) size 1x18
      RenderText {#text} at (133,54) size 110x18
        text run at (133,54) width 110: "This is some text"
      RenderBR {BR} at (133,54) size 1x18
      RenderText {#text} at (133,72) size 110x18
        text run at (133,72) width 110: "This is some text"
      RenderBR {BR} at (133,72) size 1x18
      RenderText {#text} at (133,90) size 110x18
        text run at (133,90) width 110: "This is some text"
      RenderBR {BR} at (133,90) size 1x18
      RenderText {#text} at (133,108) size 110x18
        text run at (133,108) width 110: "This is some text"
      RenderBR {BR} at (133,108) size 1x18
      RenderText {#text} at (133,126) size 110x18
        text run at (133,126) width 110: "This is some text"
      RenderBR {BR} at (133,126) size 1x18
      RenderText {#text} at (133,144) size 110x18
        text run at (133,144) width 110: "This is some text"
      RenderBR {BR} at (133,144) size 1x18
      RenderText {#text} at (133,162) size 110x18
        text run at (133,162) width 110: "This is some text"
      RenderBR {BR} at (133,162) size 1x18
      RenderText {#text} at (133,180) size 110x18
        text run at (133,180) width 110: "This is some text"
      RenderBR {BR} at (133,180) size 1x18
      RenderText {#text} at (133,198) size 110x18
        text run at (133,198) width 110: "This is some text"
      RenderBR {BR} at (133,198) size 1x18
      RenderText {#text} at (133,216) size 110x18
        text run at (133,216) width 110: "This is some text"
      RenderBR {BR} at (133,216) size 1x18
    RenderBlock {DIV} at (0,300) size 243x270
      RenderText {#text} at (0,0) size 0x0
    RenderBlock (anonymous) at (0,570) size 243x528
      RenderText {#text} at (133,0) size 110x18
        text run at (133,0) width 110: "This is some text"
      RenderBR {BR} at (133,0) size 1x18
      RenderText {#text} at (133,30) size 110x18
        text run at (133,30) width 110: "This is some text"
      RenderBR {BR} at (133,30) size 1x18
      RenderText {#text} at (133,48) size 110x18
        text run at (133,48) width 110: "This is some text"
      RenderBR {BR} at (133,48) size 1x18
      RenderText {#text} at (133,66) size 110x18
        text run at (133,66) width 110: "This is some text"
      RenderBR {BR} at (133,66) size 1x18
      RenderText {#text} at (133,84) size 110x18
        text run at (133,84) width 110: "This is some text"
      RenderBR {BR} at (133,84) size 1x18
      RenderText {#text} at (133,102) size 110x18
        text run at (133,102) width 110: "This is some text"
      RenderBR {BR} at (133,102) size 1x18
      RenderText {#text} at (133,120) size 110x18
        text run at (133,120) width 110: "This is some text"
      RenderBR {BR} at (133,120) size 1x18
      RenderText {#text} at (133,138) size 110x18
        text run at (133,138) width 110: "This is some text"
      RenderBR {BR} at (133,138) size 1x18
      RenderText {#text} at (133,156) size 110x18
        text run at (133,156) width 110: "This is some text"
      RenderBR {BR} at (133,156) size 1x18
      RenderText {#text} at (133,174) size 110x18
        text run at (133,174) width 110: "This is some text"
      RenderBR {BR} at (133,174) size 1x18
      RenderText {#text} at (133,192) size 110x18
        text run at (133,192) width 110: "This is some text"
      RenderBR {BR} at (133,192) size 1x18
      RenderText {#text} at (133,210) size 110x18
        text run at (133,210) width 110: "This is some text"
      RenderBR {BR} at (133,210) size 1x18
      RenderText {#text} at (133,228) size 110x18
        text run at (133,228) width 110: "This is some text"
      RenderBR {BR} at (133,228) size 1x18
      RenderText {#text} at (133,246) size 110x18
        text run at (133,246) width 110: "This is some text"
      RenderBR {BR} at (133,246) size 1x18
      RenderText {#text} at (133,264) size 110x18
        text run at (133,264) width 110: "This is some text"
      RenderBR {BR} at (133,264) size 1x18
      RenderText {#text} at (133,282) size 110x18
        text run at (133,282) width 110: "This is some text"
      RenderBR {BR} at (133,282) size 1x18
      RenderText {#text} at (133,300) size 110x18
        text run at (133,300) width 110: "This is some text"
      RenderBR {BR} at (133,300) size 1x18
      RenderText {#text} at (133,330) size 110x18
        text run at (133,330) width 110: "This is some text"
      RenderBR {BR} at (133,330) size 1x18
      RenderText {#text} at (133,348) size 110x18
        text run at (133,348) width 110: "This is some text"
      RenderBR {BR} at (133,348) size 1x18
      RenderText {#text} at (133,366) size 110x18
        text run at (133,366) width 110: "This is some text"
      RenderBR {BR} at (133,366) size 1x18
      RenderText {#text} at (133,384) size 110x18
        text run at (133,384) width 110: "This is some text"
      RenderBR {BR} at (133,384) size 1x18
      RenderText {#text} at (133,402) size 110x18
        text run at (133,402) width 110: "This is some text"
      RenderBR {BR} at (133,402) size 1x18
      RenderText {#text} at (133,420) size 110x18
        text run at (133,420) width 110: "This is some text"
      RenderBR {BR} at (133,420) size 1x18
      RenderText {#text} at (133,438) size 110x18
        text run at (133,438) width 110: "This is some text"
      RenderBR {BR} at (133,438) size 1x18
      RenderText {#text} at (133,456) size 110x18
        text run at (133,456) width 110: "This is some text"
      RenderBR {BR} at (133,456) size 1x18
      RenderText {#text} at (133,474) size 110x18
        text run at (133,474) width 110: "This is some text"
      RenderBR {BR} at (133,474) size 1x18
      RenderText {#text} at (133,492) size 110x18
        text run at (133,492) width 110: "This is some text"
      RenderBR {BR} at (133,492) size 1x18
      RenderText {#text} at (0,0) size 0x0
    RenderBlock (anonymous) at (0,1116) size 243x264
      RenderText {#text} at (133,0) size 110x18
        text run at (133,0) width 110: "This is some text"
      RenderBR {BR} at (133,0) size 1x18
      RenderText {#text} at (133,18) size 110x18
        text run at (133,18) width 110: "This is some text"
      RenderBR {BR} at (133,18) size 1x18
      RenderText {#text} at (133,36) size 110x18
        text run at (133,36) width 110: "This is some text"
      RenderBR {BR} at (133,36) size 1x18
      RenderText {#text} at (133,54) size 110x18
        text run at (133,54) width 110: "This is some text"
      RenderBR {BR} at (133,54) size 1x18
      RenderText {#text} at (133,84) size 110x18
        text run at (133,84) width 110: "This is some text"
      RenderBR {BR} at (133,84) size 1x18
      RenderText {#text} at (133,102) size 110x18
        text run at (133,102) width 110: "This is some text"
      RenderBR {BR} at (133,102) size 1x18
      RenderText {#text} at (133,120) size 110x18
        text run at (133,120) width 110: "This is some text"
      RenderBR {BR} at (133,120) size 1x18
      RenderText {#text} at (133,138) size 110x18
        text run at (133,138) width 110: "This is some text"
      RenderBR {BR} at (133,138) size 1x18
      RenderText {#text} at (133,156) size 110x18
        text run at (133,156) width 110: "This is some text"
      RenderBR {BR} at (133,156) size 1x18
      RenderText {#text} at (133,174) size 110x18
        text run at (133,174) width 110: "This is some text"
      RenderBR {BR} at (133,174) size 1x18
      RenderText {#text} at (133,192) size 110x18
        text run at (133,192) width 110: "This is some text"
      RenderBR {BR} at (133,192) size 1x18
      RenderText {#text} at (133,210) size 110x18
        text run at (133,210) width 110: "This is some text"
      RenderBR {BR} at (133,210) size 1x18
      RenderText {#text} at (133,228) size 110x18
        text run at (133,228) width 110: "This is some text"
      RenderBR {BR} at (133,228) size 1x18
      RenderText {#text} at (133,246) size 110x18
        text run at (133,246) width 110: "This is some text"
      RenderBR {BR} at (133,246) size 1x18
layer at (13,331) size 100x270
  RenderBlock (relative positioned) {DIV} at (0,0) size 100x270 [bgcolor=#008000]
layer at (672,659) size 100x270 backgroundClip at (0,0) size 1289x672 clip at (0,0) size 1289x672
  RenderBlock (relative positioned) {DIV} at (142,0) size 101x270 [bgcolor=#008000]
