layer at (0,0) size 1141x585
  RenderView at (0,0) size 800x585
layer at (0,0) size 800x585
  RenderBlock {HTML} at (0,0) size 800x585
layer at (8,8) size 750x500
  RenderBody {BODY} at (8,8) size 750x500
    RenderMultiColumnSet at (0,0) size 750x500
layer at (8,8) size 367x1018 backgroundClip at (0,0) size 1141x585 clip at (0,0) size 1141x585
  RenderMultiColumnFlowThread at (0,0) size 367x1018
    RenderBlock {H1} at (0,21) size 367x38
      RenderText {#text} at (0,0) size 166x37
        text run at (0,0) width 166: "Header One"
    RenderBlock (anonymous) at (0,79) size 367x199
      RenderText {#text} at (0,0) size 367x198
        text run at (0,0) width 364: "Lorem ipsum dolor sit amet, consectetuer adipiscing elit."
        text run at (0,18) width 362: "Nulla varius enim ac mi. Curabitur sollicitudin felis quis"
        text run at (0,36) width 332: "lectus. Quisque adipiscing rhoncus sem. Proin nulla"
        text run at (0,54) width 367: "purus, vulputate vel, varius ut, euismod et, nisi. Sed vitae"
        text run at (0,72) width 354: "felis vel orci sagittis aliquam. Cras convallis adipiscing"
        text run at (0,90) width 347: "sem. Nam nonummy enim. Nullam bibendum lobortis"
        text run at (0,108) width 351: "neque. Vestibulum velit orci, tempus euismod, pretium"
        text run at (0,126) width 353: "quis, interdum vitae, nulla. Phasellus eget ante et tortor"
        text run at (0,144) width 351: "condimentum vestibulum. Suspendisse hendrerit quam"
        text run at (0,162) width 333: "nec felis. Sed varius turpis vitae pede. Lorem ipsum"
        text run at (0,180) width 275: "dolor sit amet, consectetuer adipiscing elit."
    RenderBlock {H1} at (0,299) size 367x38
      RenderText {#text} at (0,0) size 167x37
        text run at (0,0) width 167: "Header Two"
    RenderBlock (anonymous) at (0,357) size 367x215
      RenderText {#text} at (0,0) size 367x215
        text run at (0,0) width 364: "Lorem ipsum dolor sit amet, consectetuer adipiscing elit."
        text run at (0,18) width 362: "Nulla varius enim ac mi. Curabitur sollicitudin felis quis"
        text run at (0,36) width 332: "lectus. Quisque adipiscing rhoncus sem. Proin nulla"
        text run at (0,54) width 367: "purus, vulputate vel, varius ut, euismod et, nisi. Sed vitae"
        text run at (0,72) width 354: "felis vel orci sagittis aliquam. Cras convallis adipiscing"
        text run at (0,90) width 347: "sem. Nam nonummy enim. Nullam bibendum lobortis"
        text run at (0,108) width 351: "neque. Vestibulum velit orci, tempus euismod, pretium"
        text run at (0,142) width 353: "quis, interdum vitae, nulla. Phasellus eget ante et tortor"
        text run at (0,160) width 351: "condimentum vestibulum. Suspendisse hendrerit quam"
        text run at (0,178) width 333: "nec felis. Sed varius turpis vitae pede. Lorem ipsum"
        text run at (0,196) width 275: "dolor sit amet, consectetuer adipiscing elit."
    RenderBlock {H1} at (0,593) size 367x38
      RenderText {#text} at (0,0) size 190x37
        text run at (0,0) width 190: "Header Three"
    RenderBlock {H1} at (0,907) size 367x38
      RenderText {#text} at (0,0) size 177x37
        text run at (0,0) width 177: "Header Four"
    RenderBlock (anonymous) at (0,965) size 367x53
      RenderText {#text} at (0,0) size 364x53
        text run at (0,0) width 364: "Lorem ipsum dolor sit amet, consectetuer adipiscing elit."
        text run at (0,34) width 158: "Nulla varius enim ac mi."
