layer at (0,0) size 5058x585
  RenderView at (0,0) size 800x585
layer at (0,0) size 800x316
  RenderBlock {HTML} at (0,0) size 800x316
    RenderBody {BODY} at (8,8) size 784x300
layer at (8,8) size 784x300
  RenderBlock {DIV} at (0,0) size 784x300
    RenderMultiColumnSet at (0,0) size 784x300
layer at (8,8) size 251x5434 backgroundClip at (0,0) size 5058x585 clip at (0,0) size 5058x585
  RenderMultiColumnFlowThread at (0,0) size 251x5434
    RenderBlock {P} at (0,16) size 251x572
      RenderText {#text} at (0,0) size 250x572
        text run at (0,0) width 182: "Lorem ipsum dolor sit amet,"
        text run at (0,18) width 217: "consectetur adipiscing elit. Donec"
        text run at (0,36) width 230: "posuere ligula et neque ullamcorper"
        text run at (0,54) width 237: "consectetur. Duis nec viverra magna."
        text run at (0,72) width 250: "Nullam tellus diam, auctor et auctor at,"
        text run at (0,90) width 220: "fermentum quis mi. Nulla rhoncus"
        text run at (0,108) width 230: "porttitor ultrices. Nunc gravida, nisi"
        text run at (0,126) width 242: "nec consequat scelerisque, lectus eros"
        text run at (0,144) width 249: "sagittis erat, non ultrices ipsum nibh in"
        text run at (0,162) width 218: "quam. Donec dignissim, lacus sed"
        text run at (0,180) width 233: "cursus commodo, nibh enim sodales"
        text run at (0,198) width 191: "metus, lacinia dictum felis est"
        text run at (0,216) width 244: "tincidunt orci. Morbi pretium volutpat"
        text run at (0,234) width 225: "ante, ut ultricies nulla pharetra sed."
        text run at (0,252) width 228: "Duis ac felis quis justo ullamcorper"
        text run at (0,284) width 248: "semper. Integer augue lacus, imperdiet"
        text run at (0,302) width 225: "eu euismod ut, vulputate vel purus."
        text run at (0,320) width 248: "Donec bibendum felis id nisl auctor sit"
        text run at (0,338) width 219: "amet imperdiet quam mollis. Duis"
        text run at (0,356) width 227: "aliquam tellus odio, a varius lectus."
        text run at (0,374) width 227: "Nunc a tortor augue, eu sollicitudin"
        text run at (0,392) width 224: "nibh. Phasellus ultricies, lacus eget"
        text run at (0,410) width 219: "tincidunt mattis, velit erat facilisis"
        text run at (0,428) width 218: "lacus, quis luctus arcu erat ut erat."
        text run at (0,446) width 225: "Duis feugiat eros eu ligula ultricies"
        text run at (0,464) width 240: "non tincidunt tellus viverra. Donec ut"
        text run at (0,482) width 203: "eros augue, nec elementum elit."
        text run at (0,500) width 233: "Pellentesque massa lectus, vulputate"
        text run at (0,518) width 236: "sed vehicula eget, volutpat eu augue."
        text run at (0,536) width 208: "Cras fermentum turpis vitae erat"
        text run at (0,554) width 200: "vehicula et lacinia mi molestie."
    RenderBlock {P} at (0,600) size 251x462
      RenderText {#text} at (0,0) size 250x462
        text run at (0,0) width 246: "Curabitur ac porttitor leo. Class aptent"
        text run at (0,18) width 231: "taciti sociosqu ad litora torquent per"
        text run at (0,36) width 180: "conubia nostra, per inceptos"
        text run at (0,54) width 225: "himenaeos. Quisque eget mauris id"
        text run at (0,72) width 228: "turpis ullamcorper blandit quis eget"
        text run at (0,90) width 195: "turpis. Nullam et molestie elit."
        text run at (0,108) width 236: "Curabitur urna arcu, luctus a suscipit"
        text run at (0,126) width 241: "et, viverra vel orci. Morbi scelerisque"
        text run at (0,144) width 250: "erat quis massa blandit molestie. Fusce"
        text run at (0,162) width 236: "vitae velit a lacus suscipit tempus. In"
        text run at (0,180) width 240: "vitae nisl orci, vel ultrices diam. Duis"
        text run at (0,198) width 237: "pellentesque, massa sit amet eleifend"
        text run at (0,216) width 230: "sollicitudin, dolor orci semper urna,"
        text run at (0,234) width 222: "eget euismod tortor massa sit amet"
        text run at (0,252) width 202: "ante. Quisque sed varius lectus."
        text run at (0,270) width 232: "Mauris facilisis blandit mattis. Ut id"
        text run at (0,300) width 238: "tortor ante, ac eleifend dui. Donec sit"
        text run at (0,318) width 250: "amet arcu quis neque aliquam euismod"
        text run at (0,336) width 210: "a tincidunt justo. Integer sagittis,"
        text run at (0,354) width 244: "neque sed aliquam bibendum, est ante"
        text run at (0,372) width 228: "vulputate lectus, in elementum felis"
        text run at (0,390) width 246: "tellus et nibh. Aliquam id ultrices nisl."
        text run at (0,408) width 241: "Sed sodales lacinia interdum. Aenean"
        text run at (0,426) width 182: "pharetra tellus ante, aliquam"
        text run at (0,444) width 118: "consectetur ligula."
    RenderBlock {P} at (0,1078) size 251x584
      RenderText {#text} at (0,0) size 250x584
        text run at (0,0) width 182: "Lorem ipsum dolor sit amet,"
        text run at (0,18) width 217: "consectetur adipiscing elit. Donec"
        text run at (0,36) width 230: "posuere ligula et neque ullamcorper"
        text run at (0,54) width 237: "consectetur. Duis nec viverra magna."
        text run at (0,72) width 250: "Nullam tellus diam, auctor et auctor at,"
        text run at (0,90) width 220: "fermentum quis mi. Nulla rhoncus"
        text run at (0,122) width 230: "porttitor ultrices. Nunc gravida, nisi"
        text run at (0,140) width 242: "nec consequat scelerisque, lectus eros"
        text run at (0,158) width 249: "sagittis erat, non ultrices ipsum nibh in"
        text run at (0,176) width 218: "quam. Donec dignissim, lacus sed"
        text run at (0,194) width 233: "cursus commodo, nibh enim sodales"
        text run at (0,212) width 191: "metus, lacinia dictum felis est"
        text run at (0,230) width 244: "tincidunt orci. Morbi pretium volutpat"
        text run at (0,248) width 225: "ante, ut ultricies nulla pharetra sed."
        text run at (0,266) width 228: "Duis ac felis quis justo ullamcorper"
        text run at (0,284) width 248: "semper. Integer augue lacus, imperdiet"
        text run at (0,302) width 225: "eu euismod ut, vulputate vel purus."
        text run at (0,320) width 248: "Donec bibendum felis id nisl auctor sit"
        text run at (0,338) width 219: "amet imperdiet quam mollis. Duis"
        text run at (0,356) width 227: "aliquam tellus odio, a varius lectus."
        text run at (0,374) width 227: "Nunc a tortor augue, eu sollicitudin"
        text run at (0,392) width 224: "nibh. Phasellus ultricies, lacus eget"
        text run at (0,422) width 219: "tincidunt mattis, velit erat facilisis"
        text run at (0,440) width 218: "lacus, quis luctus arcu erat ut erat."
        text run at (0,458) width 225: "Duis feugiat eros eu ligula ultricies"
        text run at (0,476) width 240: "non tincidunt tellus viverra. Donec ut"
        text run at (0,494) width 203: "eros augue, nec elementum elit."
        text run at (0,512) width 233: "Pellentesque massa lectus, vulputate"
        text run at (0,530) width 236: "sed vehicula eget, volutpat eu augue."
        text run at (0,548) width 208: "Cras fermentum turpis vitae erat"
        text run at (0,566) width 200: "vehicula et lacinia mi molestie."
    RenderBlock {P} at (0,1678) size 251x476
      RenderText {#text} at (0,0) size 250x476
        text run at (0,0) width 246: "Curabitur ac porttitor leo. Class aptent"
        text run at (0,18) width 231: "taciti sociosqu ad litora torquent per"
        text run at (0,36) width 180: "conubia nostra, per inceptos"
        text run at (0,54) width 225: "himenaeos. Quisque eget mauris id"
        text run at (0,72) width 228: "turpis ullamcorper blandit quis eget"
        text run at (0,90) width 195: "turpis. Nullam et molestie elit."
        text run at (0,122) width 236: "Curabitur urna arcu, luctus a suscipit"
        text run at (0,140) width 241: "et, viverra vel orci. Morbi scelerisque"
        text run at (0,158) width 250: "erat quis massa blandit molestie. Fusce"
        text run at (0,176) width 236: "vitae velit a lacus suscipit tempus. In"
        text run at (0,194) width 240: "vitae nisl orci, vel ultrices diam. Duis"
        text run at (0,212) width 237: "pellentesque, massa sit amet eleifend"
        text run at (0,230) width 230: "sollicitudin, dolor orci semper urna,"
        text run at (0,248) width 222: "eget euismod tortor massa sit amet"
        text run at (0,266) width 202: "ante. Quisque sed varius lectus."
        text run at (0,284) width 232: "Mauris facilisis blandit mattis. Ut id"
        text run at (0,302) width 238: "tortor ante, ac eleifend dui. Donec sit"
        text run at (0,320) width 250: "amet arcu quis neque aliquam euismod"
        text run at (0,338) width 210: "a tincidunt justo. Integer sagittis,"
        text run at (0,356) width 244: "neque sed aliquam bibendum, est ante"
        text run at (0,374) width 228: "vulputate lectus, in elementum felis"
        text run at (0,392) width 246: "tellus et nibh. Aliquam id ultrices nisl."
        text run at (0,422) width 241: "Sed sodales lacinia interdum. Aenean"
        text run at (0,440) width 182: "pharetra tellus ante, aliquam"
        text run at (0,458) width 118: "consectetur ligula."
    RenderBlock {P} at (0,2170) size 251x584
      RenderText {#text} at (0,0) size 250x584
        text run at (0,0) width 182: "Lorem ipsum dolor sit amet,"
        text run at (0,18) width 217: "consectetur adipiscing elit. Donec"
        text run at (0,36) width 230: "posuere ligula et neque ullamcorper"
        text run at (0,54) width 237: "consectetur. Duis nec viverra magna."
        text run at (0,72) width 250: "Nullam tellus diam, auctor et auctor at,"
        text run at (0,90) width 220: "fermentum quis mi. Nulla rhoncus"
        text run at (0,108) width 230: "porttitor ultrices. Nunc gravida, nisi"
        text run at (0,126) width 242: "nec consequat scelerisque, lectus eros"
        text run at (0,144) width 249: "sagittis erat, non ultrices ipsum nibh in"
        text run at (0,162) width 218: "quam. Donec dignissim, lacus sed"
        text run at (0,180) width 233: "cursus commodo, nibh enim sodales"
        text run at (0,198) width 191: "metus, lacinia dictum felis est"
        text run at (0,230) width 244: "tincidunt orci. Morbi pretium volutpat"
        text run at (0,248) width 225: "ante, ut ultricies nulla pharetra sed."
        text run at (0,266) width 228: "Duis ac felis quis justo ullamcorper"
        text run at (0,284) width 248: "semper. Integer augue lacus, imperdiet"
        text run at (0,302) width 225: "eu euismod ut, vulputate vel purus."
        text run at (0,320) width 248: "Donec bibendum felis id nisl auctor sit"
        text run at (0,338) width 219: "amet imperdiet quam mollis. Duis"
        text run at (0,356) width 227: "aliquam tellus odio, a varius lectus."
        text run at (0,374) width 227: "Nunc a tortor augue, eu sollicitudin"
        text run at (0,392) width 224: "nibh. Phasellus ultricies, lacus eget"
        text run at (0,410) width 219: "tincidunt mattis, velit erat facilisis"
        text run at (0,428) width 218: "lacus, quis luctus arcu erat ut erat."
        text run at (0,446) width 225: "Duis feugiat eros eu ligula ultricies"
        text run at (0,464) width 240: "non tincidunt tellus viverra. Donec ut"
        text run at (0,482) width 203: "eros augue, nec elementum elit."
        text run at (0,500) width 233: "Pellentesque massa lectus, vulputate"
        text run at (0,530) width 236: "sed vehicula eget, volutpat eu augue."
        text run at (0,548) width 208: "Cras fermentum turpis vitae erat"
        text run at (0,566) width 200: "vehicula et lacinia mi molestie."
    RenderBlock {P} at (0,2770) size 251x464
      RenderText {#text} at (0,0) size 250x464
        text run at (0,0) width 246: "Curabitur ac porttitor leo. Class aptent"
        text run at (0,18) width 231: "taciti sociosqu ad litora torquent per"
        text run at (0,36) width 180: "conubia nostra, per inceptos"
        text run at (0,54) width 225: "himenaeos. Quisque eget mauris id"
        text run at (0,72) width 228: "turpis ullamcorper blandit quis eget"
        text run at (0,90) width 195: "turpis. Nullam et molestie elit."
        text run at (0,108) width 236: "Curabitur urna arcu, luctus a suscipit"
        text run at (0,126) width 241: "et, viverra vel orci. Morbi scelerisque"
        text run at (0,144) width 250: "erat quis massa blandit molestie. Fusce"
        text run at (0,162) width 236: "vitae velit a lacus suscipit tempus. In"
        text run at (0,180) width 240: "vitae nisl orci, vel ultrices diam. Duis"
        text run at (0,198) width 237: "pellentesque, massa sit amet eleifend"
        text run at (0,230) width 230: "sollicitudin, dolor orci semper urna,"
        text run at (0,248) width 222: "eget euismod tortor massa sit amet"
        text run at (0,266) width 202: "ante. Quisque sed varius lectus."
        text run at (0,284) width 232: "Mauris facilisis blandit mattis. Ut id"
        text run at (0,302) width 238: "tortor ante, ac eleifend dui. Donec sit"
        text run at (0,320) width 250: "amet arcu quis neque aliquam euismod"
        text run at (0,338) width 210: "a tincidunt justo. Integer sagittis,"
        text run at (0,356) width 244: "neque sed aliquam bibendum, est ante"
        text run at (0,374) width 228: "vulputate lectus, in elementum felis"
        text run at (0,392) width 246: "tellus et nibh. Aliquam id ultrices nisl."
        text run at (0,410) width 241: "Sed sodales lacinia interdum. Aenean"
        text run at (0,428) width 182: "pharetra tellus ante, aliquam"
        text run at (0,446) width 118: "consectetur ligula."
    RenderBlock {P} at (0,3250) size 251x584
      RenderText {#text} at (0,0) size 250x584
        text run at (0,0) width 182: "Lorem ipsum dolor sit amet,"
        text run at (0,18) width 217: "consectetur adipiscing elit. Donec"
        text run at (0,50) width 230: "posuere ligula et neque ullamcorper"
        text run at (0,68) width 237: "consectetur. Duis nec viverra magna."
        text run at (0,86) width 250: "Nullam tellus diam, auctor et auctor at,"
        text run at (0,104) width 220: "fermentum quis mi. Nulla rhoncus"
        text run at (0,122) width 230: "porttitor ultrices. Nunc gravida, nisi"
        text run at (0,140) width 242: "nec consequat scelerisque, lectus eros"
        text run at (0,158) width 249: "sagittis erat, non ultrices ipsum nibh in"
        text run at (0,176) width 218: "quam. Donec dignissim, lacus sed"
        text run at (0,194) width 233: "cursus commodo, nibh enim sodales"
        text run at (0,212) width 191: "metus, lacinia dictum felis est"
        text run at (0,230) width 244: "tincidunt orci. Morbi pretium volutpat"
        text run at (0,248) width 225: "ante, ut ultricies nulla pharetra sed."
        text run at (0,266) width 228: "Duis ac felis quis justo ullamcorper"
        text run at (0,284) width 248: "semper. Integer augue lacus, imperdiet"
        text run at (0,302) width 225: "eu euismod ut, vulputate vel purus."
        text run at (0,320) width 248: "Donec bibendum felis id nisl auctor sit"
        text run at (0,350) width 219: "amet imperdiet quam mollis. Duis"
        text run at (0,368) width 227: "aliquam tellus odio, a varius lectus."
        text run at (0,386) width 227: "Nunc a tortor augue, eu sollicitudin"
        text run at (0,404) width 224: "nibh. Phasellus ultricies, lacus eget"
        text run at (0,422) width 219: "tincidunt mattis, velit erat facilisis"
        text run at (0,440) width 218: "lacus, quis luctus arcu erat ut erat."
        text run at (0,458) width 225: "Duis feugiat eros eu ligula ultricies"
        text run at (0,476) width 240: "non tincidunt tellus viverra. Donec ut"
        text run at (0,494) width 203: "eros augue, nec elementum elit."
        text run at (0,512) width 233: "Pellentesque massa lectus, vulputate"
        text run at (0,530) width 236: "sed vehicula eget, volutpat eu augue."
        text run at (0,548) width 208: "Cras fermentum turpis vitae erat"
        text run at (0,566) width 200: "vehicula et lacinia mi molestie."
    RenderBlock {P} at (0,3850) size 251x476
      RenderText {#text} at (0,0) size 250x476
        text run at (0,0) width 246: "Curabitur ac porttitor leo. Class aptent"
        text run at (0,18) width 231: "taciti sociosqu ad litora torquent per"
        text run at (0,50) width 180: "conubia nostra, per inceptos"
        text run at (0,68) width 225: "himenaeos. Quisque eget mauris id"
        text run at (0,86) width 228: "turpis ullamcorper blandit quis eget"
        text run at (0,104) width 195: "turpis. Nullam et molestie elit."
        text run at (0,122) width 236: "Curabitur urna arcu, luctus a suscipit"
        text run at (0,140) width 241: "et, viverra vel orci. Morbi scelerisque"
        text run at (0,158) width 250: "erat quis massa blandit molestie. Fusce"
        text run at (0,176) width 236: "vitae velit a lacus suscipit tempus. In"
        text run at (0,194) width 240: "vitae nisl orci, vel ultrices diam. Duis"
        text run at (0,212) width 237: "pellentesque, massa sit amet eleifend"
        text run at (0,230) width 230: "sollicitudin, dolor orci semper urna,"
        text run at (0,248) width 222: "eget euismod tortor massa sit amet"
        text run at (0,266) width 202: "ante. Quisque sed varius lectus."
        text run at (0,284) width 232: "Mauris facilisis blandit mattis. Ut id"
        text run at (0,302) width 238: "tortor ante, ac eleifend dui. Donec sit"
        text run at (0,320) width 250: "amet arcu quis neque aliquam euismod"
        text run at (0,350) width 210: "a tincidunt justo. Integer sagittis,"
        text run at (0,368) width 244: "neque sed aliquam bibendum, est ante"
        text run at (0,386) width 228: "vulputate lectus, in elementum felis"
        text run at (0,404) width 246: "tellus et nibh. Aliquam id ultrices nisl."
        text run at (0,422) width 241: "Sed sodales lacinia interdum. Aenean"
        text run at (0,440) width 182: "pharetra tellus ante, aliquam"
        text run at (0,458) width 118: "consectetur ligula."
    RenderBlock {P} at (0,4342) size 251x584
      RenderText {#text} at (0,0) size 250x584
        text run at (0,0) width 182: "Lorem ipsum dolor sit amet,"
        text run at (0,18) width 217: "consectetur adipiscing elit. Donec"
        text run at (0,36) width 230: "posuere ligula et neque ullamcorper"
        text run at (0,54) width 237: "consectetur. Duis nec viverra magna."
        text run at (0,72) width 250: "Nullam tellus diam, auctor et auctor at,"
        text run at (0,90) width 220: "fermentum quis mi. Nulla rhoncus"
        text run at (0,108) width 230: "porttitor ultrices. Nunc gravida, nisi"
        text run at (0,126) width 242: "nec consequat scelerisque, lectus eros"
        text run at (0,158) width 249: "sagittis erat, non ultrices ipsum nibh in"
        text run at (0,176) width 218: "quam. Donec dignissim, lacus sed"
        text run at (0,194) width 233: "cursus commodo, nibh enim sodales"
        text run at (0,212) width 191: "metus, lacinia dictum felis est"
        text run at (0,230) width 244: "tincidunt orci. Morbi pretium volutpat"
        text run at (0,248) width 225: "ante, ut ultricies nulla pharetra sed."
        text run at (0,266) width 228: "Duis ac felis quis justo ullamcorper"
        text run at (0,284) width 248: "semper. Integer augue lacus, imperdiet"
        text run at (0,302) width 225: "eu euismod ut, vulputate vel purus."
        text run at (0,320) width 248: "Donec bibendum felis id nisl auctor sit"
        text run at (0,338) width 219: "amet imperdiet quam mollis. Duis"
        text run at (0,356) width 227: "aliquam tellus odio, a varius lectus."
        text run at (0,374) width 227: "Nunc a tortor augue, eu sollicitudin"
        text run at (0,392) width 224: "nibh. Phasellus ultricies, lacus eget"
        text run at (0,410) width 219: "tincidunt mattis, velit erat facilisis"
        text run at (0,428) width 218: "lacus, quis luctus arcu erat ut erat."
        text run at (0,458) width 225: "Duis feugiat eros eu ligula ultricies"
        text run at (0,476) width 240: "non tincidunt tellus viverra. Donec ut"
        text run at (0,494) width 203: "eros augue, nec elementum elit."
        text run at (0,512) width 233: "Pellentesque massa lectus, vulputate"
        text run at (0,530) width 236: "sed vehicula eget, volutpat eu augue."
        text run at (0,548) width 208: "Cras fermentum turpis vitae erat"
        text run at (0,566) width 200: "vehicula et lacinia mi molestie."
    RenderBlock {P} at (0,4942) size 251x476
      RenderText {#text} at (0,0) size 250x476
        text run at (0,0) width 246: "Curabitur ac porttitor leo. Class aptent"
        text run at (0,18) width 231: "taciti sociosqu ad litora torquent per"
        text run at (0,36) width 180: "conubia nostra, per inceptos"
        text run at (0,54) width 225: "himenaeos. Quisque eget mauris id"
        text run at (0,72) width 228: "turpis ullamcorper blandit quis eget"
        text run at (0,90) width 195: "turpis. Nullam et molestie elit."
        text run at (0,108) width 236: "Curabitur urna arcu, luctus a suscipit"
        text run at (0,126) width 241: "et, viverra vel orci. Morbi scelerisque"
        text run at (0,158) width 250: "erat quis massa blandit molestie. Fusce"
        text run at (0,176) width 236: "vitae velit a lacus suscipit tempus. In"
        text run at (0,194) width 240: "vitae nisl orci, vel ultrices diam. Duis"
        text run at (0,212) width 237: "pellentesque, massa sit amet eleifend"
        text run at (0,230) width 230: "sollicitudin, dolor orci semper urna,"
        text run at (0,248) width 222: "eget euismod tortor massa sit amet"
        text run at (0,266) width 202: "ante. Quisque sed varius lectus."
        text run at (0,284) width 232: "Mauris facilisis blandit mattis. Ut id"
        text run at (0,302) width 238: "tortor ante, ac eleifend dui. Donec sit"
        text run at (0,320) width 250: "amet arcu quis neque aliquam euismod"
        text run at (0,338) width 210: "a tincidunt justo. Integer sagittis,"
        text run at (0,356) width 244: "neque sed aliquam bibendum, est ante"
        text run at (0,374) width 228: "vulputate lectus, in elementum felis"
        text run at (0,392) width 246: "tellus et nibh. Aliquam id ultrices nisl."
        text run at (0,410) width 241: "Sed sodales lacinia interdum. Aenean"
        text run at (0,428) width 182: "pharetra tellus ante, aliquam"
        text run at (0,458) width 118: "consectetur ligula."
scrolled to 100,0
