layer at (0,0) size 800x600
  RenderView at (0,0) size 800x600
layer at (0,0) size 800x8
  RenderBlock {HTML} at (0,0) size 800x8
    RenderBody {BODY} at (8,8) size 784x0
      RenderBlock {DIV} at (0,0) size 784x0
layer at (20,36) size 424x266
  RenderBlock (positioned) {P} at (20,36) size 424x266 [border: (2px solid #000000)]
    RenderMultiColumnSet at (2,2) size 420x262
layer at (22,38) size 200x509
  RenderMultiColumnFlowThread at (2,2) size 200x509
    RenderBlock (floating) at (0,0) size 25x41
      RenderText at (0,0) size 25x41
        text run at (0,0) width 25: "L"
    RenderText {#text} at (28,0) size 200x509
      text run at (28,0) width 172: "orem ipsum dolor sit"
      text run at (28,18) width 172: "amet, consectetur"
      text run at (0,36) width 200: "adipiscing elit. Cras pharetra"
      text run at (0,54) width 200: "mollis pharetra. Suspendisse"
      text run at (0,72) width 200: "lacinia orci et felis tristique"
      text run at (0,90) width 200: "sit amet semper massa"
      text run at (0,108) width 200: "tempus. Suspendisse"
      text run at (0,126) width 200: "consectetur tempor pulvinar."
      text run at (0,144) width 200: "Proin dui eros, ultricies vel"
      text run at (0,162) width 200: "malesuada vel, tempor at"
      text run at (0,180) width 200: "ante. Nam eget nisl dui."
      text run at (0,198) width 200: "Donec molestie lectus a nunc"
      text run at (0,216) width 200: "scelerisque blandit. Nam non"
      text run at (0,275) width 200: "ligula massa, sed suscipit"
      text run at (0,293) width 200: "turpis. Etiam eget ligula sit"
      text run at (0,311) width 200: "amet turpis venenatis dictum"
      text run at (0,329) width 200: "in eleifend augue. Duis tellus"
      text run at (0,347) width 200: "lectus, volutpat et adipiscing"
      text run at (0,365) width 200: "a, pellentesque eu metus."
      text run at (0,383) width 200: "Aenean suscipit congue"
      text run at (0,401) width 200: "mauris at gravida. Integer"
      text run at (0,419) width 200: "lectus ligula, consectetur sit"
      text run at (0,437) width 200: "amet venenatis id,"
      text run at (0,455) width 200: "scelerisque eget nisl. Nunc"
      text run at (0,473) width 200: "dapibus posuere risus, vitae"
      text run at (0,491) width 153: "tempor nibh iaculis et."
