EDITING DELEGATE: shouldBeginEditingInDOMRange:range from 0 of BODY > HTML > #document to 4 of BODY > HTML > #document
EDITING DELEGATE: shouldEndEditingInDOMRange:range from 0 of BODY > HTML > #document to 5 of BODY > HTML > #document
EDITING DELEGATE: webViewDidChangeSelection:WebViewDidChangeSelectionNotification
EDITING DELEGATE: webViewDidEndEditing:WebViewDidEndEditingNotification
EDITING DELEGATE: webViewDidBeginEditing:WebViewDidBeginEditingNotification
EDITING DELEGATE: webViewDidChangeSelection:WebViewDidChangeSelectionNotification
EDITING DELEGATE: shouldChangeSelectedDOMRange:range from 0 of BODY > HTML > #document to 0 of BODY > HTML > #document toDOMRange:range from 1 of #text > BODY > HTML > #document to 1 of #text > BODY > HTML > #document affinity:NSSelectionAffinityDownstream stillSelecting:FALSE
EDITING DELEGATE: shouldBeginEditingInDOMRange:range from 0 of BODY > HTML > #document to 5 of BODY > HTML > #document
EDITING DELEGATE: shouldEndEditingInDOMRange:range from 0 of BODY > HTML > #document to 5 of BODY > HTML > #document
EDITING DELEGATE: webViewDidChangeSelection:WebViewDidChangeSelectionNotification
EDITING DELEGATE: webViewDidEndEditing:WebViewDidEndEditingNotification
EDITING DELEGATE: webViewDidBeginEditing:WebViewDidBeginEditingNotification
EDITING DELEGATE: webViewDidChangeSelection:WebViewDidChangeSelectionNotification
EDITING DELEGATE: webViewDidChange:WebViewDidChangeNotification
layer at (0,0) size 800x600
  RenderView at (0,0) size 800x600
layer at (0,0) size 800x600
  RenderBlock {HTML} at (0,0) size 800x600
    RenderBody {BODY} at (8,8) size 784x584
      RenderBlock (anonymous) at (0,0) size 784x20
        RenderText {#text} at (0,0) size 8x19
          text run at (0,0) width 8: "x"
        RenderText {#text} at (0,0) size 0x0
      RenderBlock {DIV} at (0,20) size 784x0
        RenderInline {SPAN} at (0,0) size 0x0
        RenderText {#text} at (0,0) size 0x0
