EDITING DELEGATE: shouldBeginEditingInDOMRange:range from 0 of DIV > BODY > HTML > #document to 5 of DIV > BODY > HTML > #document
EDITING DELEGATE: webViewDidBeginEditing:WebViewDidBeginEditingNotification
EDITING DELEGATE: webViewDidChangeSelection:WebViewDidChangeSelectionNotification
EDITING DELEGATE: shouldDeleteDOMRange:range from 0 of DIV > DIV > BODY > HTML > #document to 3 of DIV > BODY > HTML > #document
EDITING DELEGATE: webViewDidChangeSelection:WebViewDidChangeSelectionNotification
EDITING DELEGATE: shouldChangeSelectedDOMRange:range from 0 of DIV > DIV > BODY > HTML > #document to 3 of DIV > BODY > HTML > #document toDOMRange:range from 0 of DIV > DIV > BODY > HTML > #document to 0 of DIV > DIV > BODY > HTML > #document affinity:NSSelectionAffinityDownstream stillSelecting:FALSE
EDITING DELEGATE: webViewDidChangeSelection:WebViewDidChangeSelectionNotification
EDITING DELEGATE: webViewDidChange:WebViewDidChangeNotification
layer at (0,0) size 800x600
  RenderView at (0,0) size 800x600
layer at (0,0) size 800x600
  RenderBlock {HTML} at (0,0) size 800x600
    RenderBody {BODY} at (8,8) size 784x584
      RenderBlock {P} at (0,0) size 784x60
        RenderText {#text} at (0,0) size 784x59
          text run at (0,0) width 784: "This tests deletion of an empty line starting inside a <div> element, but ending outside that element (just before a <br>). If"
          text run at (0,20) width 778: "the deletion is successful, the result should have two lines, and the insertion point should be on the second line, at the end"
          text run at (0,40) width 127: "of the editable area."
      RenderBlock {DIV} at (0,76) size 784x40
        RenderBlock {DIV} at (0,0) size 784x20
          RenderText {#text} at (0,0) size 8x19
            text run at (0,0) width 8: "a"
        RenderBlock {DIV} at (0,20) size 784x20
          RenderBR {BR} at (0,0) size 0x19
        RenderBlock (anonymous) at (0,40) size 784x0
caret: position 0 of child 0 {BR} of child 2 {DIV} of child 3 {DIV} of body
