EDITING DELEGATE: shouldBeginEditingInDOMRange:range from 0 of BODY > HTML > #document to 6 of BODY > HTML > #document
EDITING DELEGATE: webViewDidBeginEditing:WebViewDidBeginEditingNotification
EDITING DELEGATE: webViewDidChangeSelection:WebViewDidChangeSelectionNotification
EDITING DELEGATE: shouldDeleteDOMRange:range from 1 of #text > DIV > DIV > BODY > HTML > #document to 1 of #text > DIV > DIV > DIV > DIV > BODY > HTML > #document
EDITING DELEGATE: webViewDidChangeSelection:WebViewDidChangeSelectionNotification
EDITING DELEGATE: webViewDidChangeSelection:WebViewDidChangeSelectionNotification
EDITING DELEGATE: webViewDidChangeSelection:WebViewDidChangeSelectionNotification
EDITING DELEGATE: webViewDidChangeSelection:WebViewDidChangeSelectionNotification
EDITING DELEGATE: shouldChangeSelectedDOMRange:range from 0 of DIV > DIV > BODY > HTML > #document to 0 of DIV > DIV > DIV > DIV > BODY > HTML > #document toDOMRange:range from 0 of DIV > DIV > DIV > DIV > BODY > HTML > #document to 0 of DIV > DIV > DIV > DIV > BODY > HTML > #document affinity:NSSelectionAffinityDownstream stillSelecting:FALSE
EDITING DELEGATE: webViewDidChangeSelection:WebViewDidChangeSelectionNotification
EDITING DELEGATE: webViewDidChange:WebViewDidChangeNotification
layer at (0,0) size 800x600
  RenderView at (0,0) size 800x600
layer at (0,0) size 800x600
  RenderBlock {HTML} at (0,0) size 800x600
    RenderBody {BODY} at (8,8) size 784x584
      RenderBlock {DIV} at (0,0) size 784x58 [border: (2px solid #0000FF)]
        RenderText {#text} at (14,15) size 496x28
          text run at (14,15) width 496: "Should see \"X\" in a yellow box nested in a red box."
      RenderBlock {DIV} at (0,82) size 784x64
        RenderBlock {DIV} at (0,0) size 784x64 [border: (2px solid #FF0000)]
          RenderBlock (anonymous) at (14,14) size 756x0
          RenderBlock {DIV} at (14,14) size 756x36 [border: (3px solid #FFFF00)]
            RenderBlock (anonymous) at (3,3) size 750x0
            RenderBlock {DIV} at (3,3) size 750x30
              RenderText {#text} at (0,1) size 18x28
                text run at (0,1) width 18: "X"
caret: position 0 of child 0 {#text} of child 0 {DIV} of child 0 {DIV} of child 1 {DIV} of child 3 {DIV} of body
