EDITING DELEGATE: shouldBeginEditingInDOMRange:range from 0 of BODY > HTML > #document to 4 of BODY > HTML > #document
EDITING DELEGATE: webViewDidBeginEditing:WebViewDidBeginEditingNotification
EDITING DELEGATE: webViewDidChangeSelection:WebViewDidChangeSelectionNotification
EDITING DELEGATE: shouldDeleteDOMRange:range from 0 of #text > DIV > BODY > HTML > #document to 4 of DIV > BODY > HTML > #document
EDITING DELEGATE: webViewDidChangeSelection:WebViewDidChangeSelectionNotification
EDITING DELEGATE: webViewDidChangeSelection:WebViewDidChangeSelectionNotification
EDITING DELEGATE: shouldChangeSelectedDOMRange:range from 0 of #text > DIV > BODY > HTML > #document to 24 of #text > DIV > BODY > HTML > #document toDOMRange:range from 2 of DIV > BODY > HTML > #document to 2 of DIV > BODY > HTML > #document affinity:NSSelectionAffinityDownstream stillSelecting:FALSE
EDITING DELEGATE: webViewDidChangeSelection:WebViewDidChangeSelectionNotification
EDITING DELEGATE: webViewDidChange:WebViewDidChangeNotification
layer at (0,0) size 800x600
  RenderView at (0,0) size 800x600
layer at (0,0) size 800x600
  RenderBlock {HTML} at (0,0) size 800x600
    RenderBody {BODY} at (8,8) size 784x584
      RenderBlock {DIV} at (0,0) size 600x60
        RenderText {#text} at (0,1) size 137x28
          text run at (0,1) width 137: "There is a tide"
        RenderBR {BR} at (136,23) size 1x0
        RenderText {#text} at (0,31) size 238x28
          text run at (0,31) width 238: "Which taken at the flood"
caret: position 0 of child 2 {#text} of child 1 {DIV} of body
