EDITING DELEGATE: shouldBeginEditingInDOMRange:range from 0 of DIV > BODY > HTML > #document to 3 of DIV > BODY > HTML > #document
EDITING DELEGATE: webViewDidBeginEditing:WebViewDidBeginEditingNotification
EDITING DELEGATE: webViewDidChangeSelection:WebViewDidChangeSelectionNotification
EDITING DELEGATE: shouldDeleteDOMRange:range from 3 of SPAN > DIV > BODY > HTML > #document to 4 of SPAN > DIV > BODY > HTML > #document
EDITING DELEGATE: webViewDidChangeSelection:WebViewDidChangeSelectionNotification
EDITING DELEGATE: webViewDidChangeSelection:WebViewDidChangeSelectionNotification
EDITING DELEGATE: webViewDidChangeSelection:WebViewDidChangeSelectionNotification
EDITING DELEGATE: webViewDidChangeSelection:WebViewDidChangeSelectionNotification
EDITING DELEGATE: shouldChangeSelectedDOMRange:range from 11 of #text > SPAN > DIV > BODY > HTML > #document to 11 of #text > SPAN > DIV > BODY > HTML > #document toDOMRange:range from 1 of #text > SPAN > DIV > BODY > HTML > #document to 1 of #text > SPAN > DIV > BODY > HTML > #document affinity:NSSelectionAffinityDownstream stillSelecting:FALSE
EDITING DELEGATE: webViewDidChangeSelection:WebViewDidChangeSelectionNotification
EDITING DELEGATE: webViewDidChange:WebViewDidChangeNotification
layer at (0,0) size 800x600
  RenderView at (0,0) size 800x600
layer at (0,0) size 800x600
  RenderBlock {HTML} at (0,0) size 800x600
    RenderBody {BODY} at (8,8) size 784x584
      RenderBlock {DIV} at (0,0) size 784x248 [border: (2px solid #FF0000)]
        RenderInline {SPAN} at (0,0) size 202x138
          RenderText {#text} at (14,95) size 11x28
            text run at (14,95) width 11: "a"
          RenderImage {IMG} at (24,14) size 77x103
          RenderText {#text} at (100,95) size 7x28
            text run at (100,95) width 7: " "
          RenderText {#text} at (106,95) size 110x28
            text run at (106,95) width 110: " conceived "
          RenderBR {BR} at (215,117) size 1x0
          RenderText {#text} at (14,205) size 60x28
            text run at (14,205) width 60: "nation"
          RenderImage {IMG} at (73,124) size 77x103
        RenderText {#text} at (0,0) size 0x0
caret: position 1 of child 2 {#text} of child 1 {SPAN} of child 1 {DIV} of body
