EDITING DELEGATE: shouldBeginEditingInDOMRange:range from 0 of DIV > BODY > HTML > #document to 3 of DIV > BODY > HTML > #document
EDITING DELEGATE: webViewDidBeginEditing:WebViewDidBeginEditingNotification
EDITING DELEGATE: webViewDidChangeSelection:WebViewDidChangeSelectionNotification
EDITING DELEGATE: shouldDeleteDOMRange:range from 0 of #text > DIV > DIV > DIV > BODY > HTML > #document to 2 of #text > DIV > DIV > DIV > BODY > HTML > #document
EDITING DELEGATE: webViewDidChangeSelection:WebViewDidChangeSelectionNotification
EDITING DELEGATE: webViewDidChangeSelection:WebViewDidChangeSelectionNotification
EDITING DELEGATE: webViewDidChangeSelection:WebViewDidChangeSelectionNotification
EDITING DELEGATE: webViewDidChangeSelection:WebViewDidChangeSelectionNotification
EDITING DELEGATE: webViewDidChangeSelection:WebViewDidChangeSelectionNotification
EDITING DELEGATE: webViewDidChangeSelection:WebViewDidChangeSelectionNotification
EDITING DELEGATE: webViewDidChangeSelection:WebViewDidChangeSelectionNotification
EDITING DELEGATE: shouldChangeSelectedDOMRange:range from 1 of DIV > DIV > DIV > BODY > HTML > #document to 0 of DIV > DIV > DIV > BODY > HTML > #document toDOMRange:range from 0 of DIV > DIV > DIV > BODY > HTML > #document to 0 of DIV > DIV > DIV > BODY > HTML > #document affinity:NSSelectionAffinityDownstream stillSelecting:FALSE
EDITING DELEGATE: webViewDidChangeSelection:WebViewDidChangeSelectionNotification
EDITING DELEGATE: webViewDidChange:WebViewDidChangeNotification
layer at (0,0) size 800x600
  RenderView at (0,0) size 800x600
layer at (0,0) size 800x600
  RenderBlock {HTML} at (0,0) size 800x600
    RenderBody {BODY} at (8,8) size 784x584
      RenderBlock {DIV} at (0,0) size 784x344 [border: (2px solid #0000FF)]
        RenderBlock {DIV} at (14,14) size 756x120
          RenderText {#text} at (0,1) size 66x28
            text run at (0,1) width 66: "Tests: "
          RenderBR {BR} at (0,0) size 0x0
          RenderText {#text} at (0,31) size 734x58
            text run at (0,31) width 734: "Deleting when a selection starts at the beginning of a text following a nested"
            text run at (0,61) width 684: "block, and extends out of the enclosing block into the following block. "
          RenderBR {BR} at (683,83) size 1x0
          RenderText {#text} at (0,91) size 549x28
            text run at (0,91) width 266: "FIXME: Currently broken! "
            text run at (265,91) width 284: "See rdar://problem/4099839/."
        RenderBlock {DIV} at (14,150) size 756x180
          RenderText {#text} at (0,1) size 190x28
            text run at (0,1) width 190: "Expected Results: "
          RenderBR {BR} at (189,23) size 1x0
          RenderText {#text} at (0,31) size 744x148
            text run at (0,31) width 719: "Should see a total of five lines in the red box, with the third line inside of a"
            text run at (0,61) width 670: "nested red box. First line should be \"one\". Next line should be \"two\". "
            text run at (669,61) width 48: "Next"
            text run at (0,91) width 730: "line should be \"cha cha cha\", inside of a nested red box. Next line should be"
            text run at (0,121) width 52: "\"ur\". "
            text run at (51,121) width 368: "The last line should be \"cha cha cha\". "
            text run at (418,121) width 326: "Insertion point should be blinking"
            text run at (0,151) width 336: "at the start of the fourth line (\"ur\")."
      RenderBlock {DIV} at (0,368) size 784x158
        RenderBlock {DIV} at (0,0) size 784x158 [border: (2px solid #FF0000)]
          RenderBlock (anonymous) at (2,2) size 780x30
            RenderText {#text} at (0,1) size 35x28
              text run at (0,1) width 35: "one"
          RenderBlock {DIV} at (2,32) size 780x30
            RenderText {#text} at (0,1) size 36x28
              text run at (0,1) width 36: "two"
          RenderBlock {DIV} at (2,62) size 780x34 [border: (2px solid #FF0000)]
            RenderBlock {DIV} at (2,2) size 776x30
              RenderText {#text} at (0,1) size 112x28
                text run at (0,1) width 112: "cha cha cha"
            RenderBlock (anonymous) at (2,32) size 776x0
          RenderBlock {DIV} at (2,96) size 780x30
            RenderText {#text} at (0,1) size 20x28
              text run at (0,1) width 20: "ur"
          RenderBlock {DIV} at (2,126) size 780x30
            RenderText {#text} at (0,1) size 112x28
              text run at (0,1) width 112: "cha cha cha"
caret: position 0 of child 0 {#text} of child 4 {DIV} of child 1 {DIV} of child 3 {DIV} of body
