EDITING DELEGATE: shouldBeginEditingInDOMRange:range from 0 of BODY > HTML > #document to 6 of BODY > HTML > #document
EDITING DELEGATE: webViewDidBeginEditing:WebViewDidBeginEditingNotification
EDITING DELEGATE: webViewDidChangeSelection:WebViewDidChangeSelectionNotification
EDITING DELEGATE: shouldDeleteDOMRange:range from 3 of #text > DIV > DIV > BODY > HTML > #document to 1 of #text > DIV > DIV > DIV > BODY > HTML > #document
EDITING DELEGATE: webViewDidChangeSelection:WebViewDidChangeSelectionNotification
EDITING DELEGATE: webViewDidChangeSelection:WebViewDidChangeSelectionNotification
EDITING DELEGATE: webViewDidChangeSelection:WebViewDidChangeSelectionNotification
EDITING DELEGATE: webViewDidChangeSelection:WebViewDidChangeSelectionNotification
EDITING DELEGATE: webViewDidChangeSelection:WebViewDidChangeSelectionNotification
EDITING DELEGATE: webViewDidChangeSelection:WebViewDidChangeSelectionNotification
EDITING DELEGATE: shouldChangeSelectedDOMRange:range from 2 of #text > DIV > DIV > BODY > HTML > #document to 3 of #text > DIV > DIV > BODY > HTML > #document toDOMRange:range from 2 of #text > DIV > DIV > BODY > HTML > #document to 2 of #text > DIV > DIV > BODY > HTML > #document affinity:NSSelectionAffinityDownstream stillSelecting:FALSE
EDITING DELEGATE: webViewDidChangeSelection:WebViewDidChangeSelectionNotification
EDITING DELEGATE: webViewDidChange:WebViewDidChangeNotification
layer at (0,0) size 800x600
  RenderView at (0,0) size 800x600
layer at (0,0) size 800x600
  RenderBlock {HTML} at (0,0) size 800x600
    RenderBody {BODY} at (8,8) size 784x584
      RenderBlock {DIV} at (0,0) size 784x58 [border: (2px solid #0000FF)]
        RenderText {#text} at (14,15) size 355x28
          text run at (14,15) width 355: "Should see \"XX\" in a single red box."
      RenderBlock {DIV} at (0,82) size 784x58
        RenderBlock {DIV} at (0,0) size 784x58 [border: (2px solid #FF0000)]
          RenderText {#text} at (14,15) size 35x28
            text run at (14,15) width 35: "XX"
caret: position 2 of child 0 {#text} of child 1 {DIV} of child 3 {DIV} of body
