layer at (0,0) size 800x600
  RenderView at (0,0) size 800x600
layer at (0,0) size 800x600
  RenderBlock {HTML} at (0,0) size 800x600
    RenderBody {BODY} at (8,8) size 784x576
      RenderBlock {P} at (0,0) size 784x40
        RenderText {#text} at (0,0) size 759x39
          text run at (0,0) width 369: "This tests selecting and deleting the paragraph before a table. "
          text run at (369,0) width 390: "You should see only a table in the editable region below, with the"
          text run at (0,20) width 113: "caret just before it."
      RenderBlock {DIV} at (0,56) size 784x30
        RenderBlock {DIV} at (0,0) size 784x30
          RenderTable {TABLE} at (0,0) size 32x30 [border: (1px solid #BBBBBB)]
            RenderTableSection {TBODY} at (1,1) size 30x28
              RenderTableRow {TR} at (0,2) size 30x24
                RenderTableCell {TD} at (2,2) size 12x24 [border: (1px solid #BBBBBB)] [r=0 c=0 rs=1 cs=1]
                  RenderText {#text} at (2,2) size 8x19
                    text run at (2,2) width 8: "1"
                RenderTableCell {TD} at (16,2) size 12x24 [border: (1px solid #BBBBBB)] [r=0 c=1 rs=1 cs=1]
                  RenderText {#text} at (2,2) size 8x19
                    text run at (2,2) width 8: "2"
      RenderBlock {UL} at (0,102) size 784x0
caret: position 0 of child 0 {TABLE} of child 1 {DIV} of child 2 {DIV} of body
