layer at (0,0) size 800x600
  RenderView at (0,0) size 800x600
layer at (0,0) size 800x600
  RenderBlock {HTML} at (0,0) size 800x600
    RenderBody {BODY} at (8,8) size 784x584
      RenderBlock {P} at (0,0) size 784x40
        RenderText {#text} at (0,0) size 783x39
          text run at (0,0) width 393: "This tests deleting a selection that ends inside an empty table cell. "
          text run at (393,0) width 390: "No merging should happen, only editable selected content should"
          text run at (0,20) width 76: "be removed."
      RenderBlock {DIV} at (0,56) size 784x60
        RenderTable {TABLE} at (0,0) size 16x30 [border: (1px outset #808080)]
          RenderTableSection {TBODY} at (1,1) size 14x28
            RenderTableRow {TR} at (0,2) size 14x24
              RenderTableCell {TD} at (2,2) size 4x24 [border: (1px inset #808080)] [r=0 c=0 rs=1 cs=1]
              RenderTableCell {TD} at (8,2) size 4x24 [border: (1px inset #808080)] [r=0 c=1 rs=1 cs=1]
                RenderBR {BR} at (2,2) size 0x19
        RenderTable {TABLE} at (0,30) size 334x30 [border: (1px outset #808080)]
          RenderTableSection {TBODY} at (1,1) size 332x28
            RenderTableRow {TR} at (0,2) size 332x24
              RenderTableCell {TD} at (2,2) size 4x24 [border: (1px inset #808080)] [r=0 c=0 rs=1 cs=1]
              RenderTableCell {TD} at (8,2) size 322x24 [border: (1px inset #808080)] [r=0 c=1 rs=1 cs=1]
                RenderText {#text} at (2,2) size 318x19
                  text run at (2,2) width 318: "There should be one empty cell to the left of this one."
caret: position 0 of child 0 {BR} of child 3 {TD} of child 0 {TR} of child 0 {TBODY} of child 1 {TABLE} of child 3 {DIV} of body
