layer at (0,0) size 800x600
  RenderView at (0,0) size 800x600
layer at (0,0) size 800x600
  RenderBlock {HTML} at (0,0) size 800x600
    RenderBody {BODY} at (8,8) size 784x584
      RenderBlock {P} at (0,0) size 784x40
        RenderText {#text} at (0,0) size 337x19
          text run at (0,0) width 201: "This empties a row (the second). "
          text run at (201,0) width 136: "It should be removed. "
        RenderInline {B} at (0,0) size 766x39
          RenderText {#text} at (337,0) size 766x39
            text run at (337,0) width 429: "This demonstrates a bug: the two cells that contained the ends of"
            text run at (0,20) width 622: "the selection aren't given a placeholder and so appear differently than the other emptied cells."
      RenderBlock {DIV} at (0,56) size 784x56
        RenderTable {TABLE} at (0,0) size 38x56 [border: (1px outset #808080)]
          RenderTableSection {TBODY} at (1,1) size 36x54
            RenderTableRow {TR} at (0,2) size 36x24
              RenderTableCell {TD} at (2,2) size 12x24 [border: (1px inset #808080)] [r=0 c=0 rs=1 cs=1]
                RenderText {#text} at (2,2) size 8x19
                  text run at (2,2) width 8: "1"
              RenderTableCell {TD} at (16,2) size 4x24 [border: (1px inset #808080)] [r=0 c=1 rs=1 cs=1]
                RenderBR {BR} at (2,2) size 0x19
              RenderTableCell {TD} at (22,2) size 12x24 [border: (1px inset #808080)] [r=0 c=2 rs=1 cs=1]
            RenderTableRow {TR} at (0,28) size 36x24
              RenderTableCell {TD} at (2,28) size 12x24 [border: (1px inset #808080)] [r=1 c=0 rs=1 cs=1]
              RenderTableCell {TD} at (16,28) size 4x24 [border: (1px inset #808080)] [r=1 c=1 rs=1 cs=1]
              RenderTableCell {TD} at (22,28) size 12x24 [border: (1px inset #808080)] [r=1 c=2 rs=1 cs=1]
                RenderText {#text} at (2,2) size 8x19
                  text run at (2,2) width 8: "9"
      RenderBlock {P} at (0,128) size 784x20
        RenderText {#text} at (0,0) size 566x19
          text run at (0,0) width 566: "This empties a row (the second), but it still contains the selection and so shouldn't be removed."
      RenderBlock {DIV} at (0,164) size 784x82
        RenderTable {TABLE} at (0,0) size 46x82 [border: (1px outset #808080)]
          RenderTableSection {TBODY} at (1,1) size 44x80
            RenderTableRow {TR} at (0,2) size 44x24
              RenderTableCell {TD} at (2,2) size 12x24 [border: (1px inset #808080)] [r=0 c=0 rs=1 cs=1]
                RenderText {#text} at (2,2) size 8x19
                  text run at (2,2) width 8: "1"
              RenderTableCell {TD} at (16,2) size 12x24 [border: (1px inset #808080)] [r=0 c=1 rs=1 cs=1]
                RenderText {#text} at (2,2) size 8x19
                  text run at (2,2) width 8: "2"
              RenderTableCell {TD} at (30,2) size 12x24 [border: (1px inset #808080)] [r=0 c=2 rs=1 cs=1]
                RenderText {#text} at (2,2) size 8x19
                  text run at (2,2) width 8: "3"
            RenderTableRow {TR} at (0,28) size 44x24
              RenderTableCell {TD} at (2,28) size 12x24 [border: (1px inset #808080)] [r=1 c=0 rs=1 cs=1]
                RenderBR {BR} at (2,2) size 0x19
              RenderTableCell {TD} at (16,28) size 12x24 [border: (1px inset #808080)] [r=1 c=1 rs=1 cs=1]
              RenderTableCell {TD} at (30,28) size 12x24 [border: (1px inset #808080)] [r=1 c=2 rs=1 cs=1]
            RenderTableRow {TR} at (0,54) size 44x24
              RenderTableCell {TD} at (2,54) size 12x24 [border: (1px inset #808080)] [r=2 c=0 rs=1 cs=1]
                RenderText {#text} at (2,2) size 8x19
                  text run at (2,2) width 8: "7"
              RenderTableCell {TD} at (16,54) size 12x24 [border: (1px inset #808080)] [r=2 c=1 rs=1 cs=1]
                RenderText {#text} at (2,2) size 8x19
                  text run at (2,2) width 8: "8"
              RenderTableCell {TD} at (30,54) size 12x24 [border: (1px inset #808080)] [r=2 c=2 rs=1 cs=1]
                RenderText {#text} at (2,2) size 8x19
                  text run at (2,2) width 8: "9"
      RenderBlock {P} at (0,262) size 784x20
        RenderText {#text} at (0,0) size 289x19
          text run at (0,0) width 289: "This empties the first row, it should be removed."
      RenderBlock {DIV} at (0,298) size 784x76
        RenderBlock {DIV} at (0,0) size 784x20
          RenderText {#text} at (0,0) size 36x19
            text run at (0,0) width 32: "Hello"
            text run at (32,0) width 4: " "
        RenderTable {TABLE} at (0,20) size 46x56 [border: (1px outset #808080)]
          RenderTableSection {TBODY} at (1,1) size 44x54
            RenderTableRow {TR} at (0,2) size 44x24
              RenderTableCell {TD} at (2,2) size 12x24 [border: (1px inset #808080)] [r=0 c=0 rs=1 cs=1]
              RenderTableCell {TD} at (16,2) size 12x24 [border: (1px inset #808080)] [r=0 c=1 rs=1 cs=1]
              RenderTableCell {TD} at (30,2) size 12x24 [border: (1px inset #808080)] [r=0 c=2 rs=1 cs=1]
                RenderText {#text} at (2,2) size 8x19
                  text run at (2,2) width 8: "6"
            RenderTableRow {TR} at (0,28) size 44x24
              RenderTableCell {TD} at (2,28) size 12x24 [border: (1px inset #808080)] [r=1 c=0 rs=1 cs=1]
                RenderText {#text} at (2,2) size 8x19
                  text run at (2,2) width 8: "7"
              RenderTableCell {TD} at (16,28) size 12x24 [border: (1px inset #808080)] [r=1 c=1 rs=1 cs=1]
                RenderText {#text} at (2,2) size 8x19
                  text run at (2,2) width 8: "8"
              RenderTableCell {TD} at (30,28) size 12x24 [border: (1px inset #808080)] [r=1 c=2 rs=1 cs=1]
                RenderText {#text} at (2,2) size 8x19
                  text run at (2,2) width 8: "9"
caret: position 6 of child 0 {#text} of child 1 {DIV} of child 14 {DIV} of body
