layer at (0,0) size 800x600
  RenderView at (0,0) size 800x600
layer at (0,0) size 800x600
  RenderBlock {HTML} at (0,0) size 800x600
    RenderBody {BODY} at (8,8) size 784x584
      RenderBlock {P} at (0,0) size 784x40
        RenderText {#text} at (0,0) size 780x39
          text run at (0,0) width 555: "This tests for a bug where empty table rows well after the selection to delete were removed. "
          text run at (555,0) width 225: "There should be five rows in the table"
          text run at (0,20) width 218: "below, before and after the deletion."
      RenderBlock {DIV} at (0,56) size 784x140
        RenderTable {TABLE} at (0,0) size 107x140 [border: (1px outset #808080)]
          RenderTableSection {TBODY} at (1,1) size 105x138
            RenderTableRow {TR} at (0,2) size 105x32
              RenderTableCell {TD} at (2,2) size 32x32 [border: (1px inset #808080)] [r=0 c=0 rs=1 cs=1]
                RenderBR {BR} at (6,6) size 0x19
              RenderTableCell {TD} at (36,2) size 32x32 [border: (1px inset #808080)] [r=0 c=1 rs=1 cs=1]
              RenderTableCell {TD} at (70,2) size 33x32 [border: (1px inset #808080)] [r=0 c=2 rs=1 cs=1]
            RenderTableRow {TR} at (0,36) size 105x32
              RenderTableCell {TD} at (2,36) size 32x32 [border: (1px inset #808080)] [r=1 c=0 rs=1 cs=1]
                RenderText {#text} at (6,6) size 20x19
                  text run at (6,6) width 20: "foo"
              RenderTableCell {TD} at (36,36) size 32x32 [border: (1px inset #808080)] [r=1 c=1 rs=1 cs=1]
                RenderText {#text} at (6,6) size 20x19
                  text run at (6,6) width 20: "bar"
              RenderTableCell {TD} at (70,36) size 33x32 [border: (1px inset #808080)] [r=1 c=2 rs=1 cs=1]
                RenderText {#text} at (6,6) size 21x19
                  text run at (6,6) width 21: "baz"
            RenderTableRow {TR} at (0,70) size 105x32
              RenderTableCell {TD} at (2,70) size 32x32 [border: (1px inset #808080)] [r=2 c=0 rs=1 cs=1]
                RenderBR {BR} at (6,6) size 0x19
              RenderTableCell {TD} at (36,70) size 32x32 [border: (1px inset #808080)] [r=2 c=1 rs=1 cs=1]
                RenderBR {BR} at (6,6) size 0x19
              RenderTableCell {TD} at (70,70) size 33x32 [border: (1px inset #808080)] [r=2 c=2 rs=1 cs=1]
                RenderBR {BR} at (6,6) size 0x19
            RenderTableRow {TR} at (0,104) size 105x32
              RenderTableCell {TD} at (2,104) size 32x32 [border: (1px inset #808080)] [r=3 c=0 rs=1 cs=1]
                RenderBR {BR} at (6,6) size 0x19
              RenderTableCell {TD} at (36,104) size 32x32 [border: (1px inset #808080)] [r=3 c=1 rs=1 cs=1]
                RenderBR {BR} at (6,6) size 0x19
              RenderTableCell {TD} at (70,104) size 33x32 [border: (1px inset #808080)] [r=3 c=2 rs=1 cs=1]
                RenderBR {BR} at (6,6) size 0x19
caret: position 0 of child 0 {BR} of child 0 {TD} of child 0 {TR} of child 1 {TBODY} of child 1 {TABLE} of child 3 {DIV} of body
