EDITING DELEGATE: shouldBeginEditingInDOMRange:range from 0 of DIV > BODY > HTML > #document to 3 of DIV > BODY > HTML > #document
EDITING DELEGATE: webViewDidBeginEditing:WebViewDidBeginEditingNotification
EDITING DELEGATE: webViewDidChangeSelection:WebViewDidChangeSelectionNotification
EDITING DELEGATE: webViewDidChangeSelection:WebViewDidChangeSelectionNotification
EDITING DELEGATE: webViewDidChangeSelection:WebViewDidChangeSelectionNotification
EDITING DELEGATE: webViewDidChangeSelection:WebViewDidChangeSelectionNotification
EDITING DELEGATE: webViewDidChangeSelection:WebViewDidChangeSelectionNotification
EDITING DELEGATE: webViewDidChangeSelection:WebViewDidChangeSelectionNotification
EDITING DELEGATE: webViewDidChangeSelection:WebViewDidChangeSelectionNotification
EDITING DELEGATE: webViewDidChangeSelection:WebViewDidChangeSelectionNotification
EDITING DELEGATE: shouldDeleteDOMRange:range from 2 of #text > P > DIV > DIV > BODY > HTML > #document to 4 of #text > P > DIV > DIV > BODY > HTML > #document
EDITING DELEGATE: webViewDidChangeSelection:WebViewDidChangeSelectionNotification
EDITING DELEGATE: webViewDidChangeSelection:WebViewDidChangeSelectionNotification
EDITING DELEGATE: webViewDidChange:WebViewDidChangeNotification
layer at (0,0) size 800x600
  RenderView at (0,0) size 800x600
layer at (0,0) size 800x600
  RenderBlock {HTML} at (0,0) size 800x600
    RenderBody {BODY} at (8,8) size 784x584
      RenderBlock {DIV} at (0,0) size 784x238 [border: (2px solid #0000FF)]
        RenderBlock {DIV} at (14,14) size 756x83
          RenderText {#text} at (0,0) size 66x26
            text run at (0,0) width 66: "Tests: "
          RenderBR {BR} at (66,0) size 0x26
          RenderText {#text} at (0,27) size 679x55
            text run at (0,27) width 679: "Deleting when a selection starts in the middle of the last paragraph and"
            text run at (0,55) width 347: "extends to the end of that paragraph"
        RenderBlock {DIV} at (14,113) size 756x111
          RenderText {#text} at (0,0) size 189x26
            text run at (0,0) width 189: "Expected Results: "
          RenderBR {BR} at (189,0) size 0x26
          RenderText {#text} at (0,27) size 729x83
            text run at (0,27) width 729: "Should see the four lines in the red box. First line should be \"one\". Next one"
            text run at (0,55) width 166: "should be \"two\". "
            text run at (166,55) width 506: "Next one should be \"three\". Last one should be \"fo\"."
            text run at (0,83) width 658: "Insertion point should be blinking at the start of the fourth (last) line."
      RenderBlock {DIV} at (0,262) size 784x116
        RenderBlock {DIV} at (0,0) size 784x116 [border: (2px solid #FF0000)]
          RenderBlock (anonymous) at (2,2) size 780x28
            RenderText {#text} at (0,0) size 35x27
              text run at (0,0) width 35: "one"
          RenderBlock {P} at (2,30) size 780x28
            RenderText {#text} at (0,0) size 36x27
              text run at (0,0) width 36: "two"
          RenderBlock {P} at (2,58) size 780x28
            RenderText {#text} at (0,0) size 49x27
              text run at (0,0) width 49: "three"
          RenderBlock {P} at (2,86) size 780x28
            RenderText {#text} at (0,0) size 20x27
              text run at (0,0) width 20: "fo"
caret: position 2 of child 0 {#text} of child 5 {P} of child 1 {DIV} of child 3 {DIV} of body
