EDITING DELEGATE: shouldBeginEditingInDOMRange:range from 0 of DIV > BODY > HTML > #document to 3 of DIV > BODY > HTML > #document
EDITING DELEGATE: webViewDidBeginEditing:WebViewDidBeginEditingNotification
EDITING DELEGATE: webViewDidChangeSelection:WebViewDidChangeSelectionNotification
EDITING DELEGATE: webViewDidChangeSelection:WebViewDidChangeSelectionNotification
EDITING DELEGATE: webViewDidChangeSelection:WebViewDidChangeSelectionNotification
EDITING DELEGATE: webViewDidChangeSelection:WebViewDidChangeSelectionNotification
EDITING DELEGATE: shouldDeleteDOMRange:range from 3 of DIV > DIV > BODY > HTML > #document to 1 of #text > P > DIV > DIV > BODY > HTML > #document
EDITING DELEGATE: webViewDidChangeSelection:WebViewDidChangeSelectionNotification
EDITING DELEGATE: shouldChangeSelectedDOMRange:range from 3 of DIV > DIV > BODY > HTML > #document to 0 of P > DIV > DIV > BODY > HTML > #document toDOMRange:range from 0 of P > DIV > DIV > BODY > HTML > #document to 0 of P > DIV > DIV > BODY > HTML > #document affinity:NSSelectionAffinityDownstream stillSelecting:FALSE
EDITING DELEGATE: webViewDidChangeSelection:WebViewDidChangeSelectionNotification
EDITING DELEGATE: webViewDidChange:WebViewDidChangeNotification
layer at (0,0) size 800x600
  RenderView at (0,0) size 800x600
layer at (0,0) size 800x600
  RenderBlock {HTML} at (0,0) size 800x600
    RenderBody {BODY} at (8,8) size 784x584
      RenderBlock {DIV} at (0,0) size 784x233 [border: (2px solid #0000FF)]
        RenderBlock {DIV} at (14,14) size 756x108
          RenderText {#text} at (0,0) size 59x26
            text run at (0,0) width 59: "Tests:"
          RenderBR {BR} at (59,0) size 0x26
          RenderText {#text} at (0,27) size 751x80
            text run at (0,27) width 741: "Deleting when a selection starts in a blank line created by a BR element and"
            text run at (0,54) width 751: "extends to a character that is not at the end of a block. This ensures that some"
            text run at (0,81) width 508: "of our \"special-case\" code does not run for this case."
        RenderBlock {DIV} at (14,138) size 756x81
          RenderText {#text} at (0,0) size 183x26
            text run at (0,0) width 183: "Expected Results:"
          RenderBR {BR} at (183,0) size 0x26
          RenderText {#text} at (0,27) size 680x53
            text run at (0,27) width 680: "Should see the two lines in the red box. Each should contain \"A\" only."
            text run at (0,54) width 620: "Insertion point should be blinking at the start of the second line."
      RenderBlock {DIV} at (0,257) size 784x58
        RenderBlock {DIV} at (0,0) size 784x58 [border: (2px solid #FF0000)]
          RenderBlock {P} at (2,2) size 780x27
            RenderText {#text} at (0,0) size 18x26
              text run at (0,0) width 18: "A"
          RenderBlock {P} at (2,29) size 780x27
            RenderText {#text} at (0,0) size 18x26
              text run at (0,0) width 18: "A"
caret: position 0 of child 0 {#text} of child 3 {P} of child 1 {DIV} of child 3 {DIV} of body
