EDITING DELEGATE: shouldBeginEditingInDOMRange:range from 0 of DIV > BODY > HTML > #document to 2 of DIV > BODY > HTML > #document
EDITING DELEGATE: webViewDidBeginEditing:WebViewDidBeginEditingNotification
EDITING DELEGATE: webViewDidChangeSelection:WebViewDidChangeSelectionNotification
EDITING DELEGATE: webViewDidChangeSelection:WebViewDidChangeSelectionNotification
EDITING DELEGATE: shouldDeleteDOMRange:range from 3 of #text > DIV > DIV > BODY > HTML > #document to 0 of DIV > DIV > DIV > BODY > HTML > #document
EDITING DELEGATE: shouldChangeSelectedDOMRange:range from 1 of DIV > BODY > HTML > #document to 1 of DIV > BODY > HTML > #document toDOMRange:range from 3 of #text > DIV > DIV > BODY > HTML > #document to 3 of #text > DIV > DIV > BODY > HTML > #document affinity:NSSelectionAffinityDownstream stillSelecting:FALSE
EDITING DELEGATE: webViewDidChangeSelection:WebViewDidChangeSelectionNotification
EDITING DELEGATE: webViewDidChange:WebViewDidChangeNotification
layer at (0,0) size 800x600
  RenderView at (0,0) size 800x600
layer at (0,0) size 800x600
  RenderBlock {HTML} at (0,0) size 800x600
    RenderBody {BODY} at (8,8) size 784x584
      RenderBlock {P} at (0,0) size 784x40
        RenderText {#text} at (0,0) size 758x39
          text run at (0,0) width 662: "This tests to see if deletion correctly prunes the containers of the paragraph being moved during a merge. "
          text run at (662,0) width 96: "You should see"
          text run at (0,20) width 24: "'foo"
        RenderInline {B} at (0,0) size 24x19
          RenderText {#text} at (24,20) size 24x19
            text run at (24,20) width 24: "bar"
        RenderText {#text} at (48,20) size 49x19
          text run at (48,20) width 49: "' below."
      RenderBlock {DIV} at (0,56) size 784x20
        RenderBlock {DIV} at (0,0) size 784x20
          RenderText {#text} at (0,0) size 21x19
            text run at (0,0) width 21: "foo"
          RenderInline {SPAN} at (0,0) size 24x19
            RenderText {#text} at (21,0) size 24x19
              text run at (21,0) width 24: "bar"
caret: position 3 of child 0 {#text} of child 0 {DIV} of child 2 {DIV} of body
