layer at (0,0) size 800x600
  RenderView at (0,0) size 800x600
layer at (0,0) size 800x600
  RenderBlock {HTML} at (0,0) size 800x600
    RenderBody {BODY} at (8,8) size 784x576
      RenderBlock {DIV} at (0,0) size 784x40
        RenderText {#text} at (0,0) size 770x39
          text run at (0,0) width 770: "When your cursor is after an empty blockquote, hitting delete should bring the cursor (and the content following the cursor) back"
          text run at (0,20) width 371: "into the blockquote, instead of deleting the empty blockquote."
      RenderBlock {DIV} at (0,56) size 784x20
        RenderBlock {BLOCKQUOTE} at (0,0) size 744x20 [color=#0000FF] [border: none (2px solid #0000FF)]
          RenderText {#text} at (12,0) size 133x19
            text run at (12,0) width 133: "This should be quoted"
caret: position 0 of child 0 {#text} of child 0 {BLOCKQUOTE} of child 3 {DIV} of body
