layer at (0,0) size 800x600
  RenderView at (0,0) size 800x600
layer at (0,0) size 800x148
  RenderBlock {HTML} at (0,0) size 800x148
    RenderBody {BODY} at (8,16) size 784x116
      RenderBlock {P} at (0,0) size 784x40
        RenderText {#text} at (0,0) size 330x19
          text run at (0,0) width 330: "This tests copying the content inside a shadow tree."
        RenderBR {BR} at (329,0) size 1x19
        RenderText {#text} at (0,20) size 401x19
          text run at (0,20) width 401: "To manually test, copy the selected content and paste it below:"
      RenderBlock {DIV} at (0,56) size 784x22 [border: (1px solid #666666)]
        RenderInline {B} at (0,0) size 139x19
          RenderText {#text} at (1,1) size 41x19
            text run at (1,1) width 41: "hello, "
          RenderInline {SPAN} at (0,0) size 99x19
            RenderText {#text} at (41,1) size 45x19
              text run at (41,1) width 45: "world "
            RenderInline {SPAN} at (0,0) size 55x19
              RenderText {#text} at (85,1) size 55x19
                text run at (85,1) width 55: "WebKit"
        RenderText {#text} at (139,1) size 5x19
          text run at (139,1) width 5: " "
        RenderInline {I} at (0,0) size 35x19
          RenderText {#text} at (143,1) size 35x19
            text run at (143,1) width 35: "rocks"
        RenderText {#text} at (0,0) size 0x0
      RenderBlock {DIV} at (0,94) size 784x22 [border: (1px solid #666666)]
        RenderBR {BR} at (1,1) size 0x19
selection start: position 0 of child 0 {#text} of child 1 {B} of child 5 {DIV} of body
selection end:   position 5 of child 0 {#text} of child 3 {I} of child 5 {DIV} of body
