layer at (0,0) size 800x600
  RenderView at (0,0) size 800x600
layer at (0,0) size 800x212
  RenderBlock {HTML} at (0,0) size 800x212
    RenderBody {BODY} at (8,16) size 784x188
      RenderBlock {P} at (0,0) size 784x18
        RenderText {#text} at (0,0) size 188x18
          text run at (0,0) width 188: "This circle is drawn via SVG."
      RenderBlock (anonymous) at (0,34) size 784x154
        RenderSVGRoot {svg} at (8,50) size 40x40
          RenderSVGEllipse {circle} at (8,50) size 40x40 [fill={[type=SOLID] [color=#008000]}] [cx=20.00] [cy=20.00] [r=20.00]
        RenderText {#text} at (0,0) size 0x0
