layer at (0,0) size 800x600
  RenderView at (0,0) size 800x600
layer at (0,0) size 800x600
  RenderBlock {HTML} at (0,0) size 800x600
    RenderBody {BODY} at (8,8) size 784x584
      RenderText {#text} at (83,4) size 5x18
        text run at (83,4) width 5: " "
      RenderText {#text} at (0,0) size 0x0
layer at (10,10) size 79x23 clip at (12,12) size 75x19
  RenderFlexibleBox {INPUT} at (2,2) size 80x23 [bgcolor=#FFFFFF] [border: (2px inset #000000)]
layer at (13,13) size 73x17
  RenderBlock {DIV} at (3,3) size 74x17
    RenderBlock {DIV} at (1,1) size 72x15
      RenderBlock {DIV} at (0,0) size 17x15
        RenderText {#text} at (1,1) size 15x13
          text run at (1,1) width 15: "04"
      RenderInline {DIV} at (0,0) size 5x13
        RenderText {#text} at (16,1) size 5x13
          text run at (16,1) width 5: "/"
      RenderBlock {DIV} at (20,0) size 17x15
        RenderText {#text} at (1,1) size 15x13
          text run at (1,1) width 15: "01"
      RenderInline {DIV} at (0,0) size 5x13
        RenderText {#text} at (36,1) size 5x13
          text run at (36,1) width 5: "/"
      RenderBlock {DIV} at (40,0) size 32x15
        RenderText {#text} at (1,1) size 29x13
          text run at (1,1) width 29: "1976"
layer at (97,10) size 79x23 clip at (99,12) size 75x19
  RenderFlexibleBox {INPUT} at (89,2) size 80x23 [bgcolor=#FFFFFF] [border: (2px inset #000000)]
layer at (100,13) size 73x17
  RenderBlock {DIV} at (3,3) size 74x17
    RenderBlock {DIV} at (1,1) size 72x15
      RenderBlock {DIV} at (54,0) size 18x15
        RenderText {#text} at (1,1) size 15x13
          text run at (1,1) width 15: "04"
      RenderInline {DIV} at (0,0) size 5x13
        RenderText {#text} at (50,1) size 5x13
          text run at (50,1) width 5 RTL: "/"
      RenderBlock {DIV} at (34,0) size 17x15
        RenderText {#text} at (1,1) size 15x13
          text run at (1,1) width 15: "01"
      RenderInline {DIV} at (0,0) size 5x13
        RenderText {#text} at (30,1) size 5x13
          text run at (30,1) width 5 RTL: "/"
      RenderBlock {DIV} at (0,0) size 31x15
        RenderText {#text} at (1,1) size 29x13
          text run at (1,1) width 29: "1976"
