layer at (0,0) size 800x600
  RenderView at (0,0) size 800x600
layer at (0,0) size 800x552
  RenderBlock {html} at (0,0) size 800x552
    RenderBody {body} at (8,16) size 784x520
      RenderBlock {p} at (0,0) size 784x20
        RenderText {#text} at (0,0) size 172x19
          text run at (0,0) width 172: "square root (should be red): "
        RenderMathMLMath {math} at (172,2) size 21x18
          RenderMathMLRoot {msqrt} at (0,0) size 21x18 [color=#FF0000]
            RenderMathMLToken {mn} at (13,2) size 8x13
              RenderBlock (anonymous) at (0,0) size 8x12
                RenderText {#text} at (0,-46) size 8x106
                  text run at (0,-46) width 8: "2"
      RenderBlock {p} at (0,36) size 784x20
        RenderText {#text} at (0,0) size 105x19
          text run at (0,0) width 105: "long square root: "
        RenderMathMLMath {math} at (105,3) size 50x18
          RenderMathMLRoot {msqrt} at (0,0) size 50x18
            RenderMathMLRow {mrow} at (13,2) size 37x12
              RenderMathMLToken {mi} at (0,3) size 10x8 [padding: 0 2 0 0]
                RenderBlock (anonymous) at (0,0) size 8x8
                  RenderText {#text} at (0,-50) size 8x106
                    text run at (0,-50) width 8: "x"
              RenderMathMLOperator {mo} at (9,0) size 20x11
                RenderBlock (anonymous) at (3,0) size 13x11
                  RenderText {#text} at (0,-47) size 12x106
                    text run at (0,-47) width 12: "+"
              RenderMathMLToken {mn} at (28,0) size 9x11
                RenderBlock (anonymous) at (0,0) size 8x11
                  RenderText {#text} at (0,-47) size 8x106
                    text run at (0,-47) width 8: "1"
      RenderBlock {p} at (0,72) size 784x21
        RenderText {#text} at (0,1) size 209x19
          text run at (0,1) width 209: "long square root with implied row: "
        RenderMathMLMath {math} at (209,0) size 57x18
          RenderMathMLRoot {msqrt} at (0,0) size 57x18
            RenderMathMLScripts {msup} at (13,2) size 17x15
              RenderMathMLToken {mi} at (0,6) size 10x9 [padding: 0 2 0 0]
                RenderBlock (anonymous) at (0,0) size 8x8
                  RenderText {#text} at (0,-50) size 8x106
                    text run at (0,-50) width 8: "x"
              RenderMathMLToken {mn} at (9,0) size 7x9
                RenderBlock (anonymous) at (0,0) size 6x9
                  RenderText {#text} at (0,-34) size 6x79
                    text run at (0,-34) width 6: "2"
            RenderMathMLOperator {mo} at (29,6) size 20x12
              RenderBlock (anonymous) at (3,0) size 13x11
                RenderText {#text} at (0,-47) size 12x106
                  text run at (0,-47) width 12: "+"
            RenderMathMLToken {mn} at (48,6) size 9x12
              RenderBlock (anonymous) at (0,0) size 8x11
                RenderText {#text} at (0,-47) size 8x106
                  text run at (0,-47) width 8: "1"
      RenderBlock {p} at (0,109) size 784x31
        RenderText {#text} at (0,7) size 108x19
          text run at (0,7) width 108: "root of a fraction: "
        RenderMathMLMath {math} at (108,0) size 53x32
          RenderMathMLRoot {msqrt} at (0,0) size 53x32
            RenderMathMLFraction {mfrac} at (16,2) size 37x30
              RenderMathMLRow {mrow} at (0,0) size 37x11
                RenderMathMLToken {mi} at (0,3) size 10x8 [padding: 0 2 0 0]
                  RenderBlock (anonymous) at (0,0) size 8x8
                    RenderText {#text} at (0,-50) size 8x106
                      text run at (0,-50) width 8: "x"
                RenderMathMLOperator {mo} at (9,0) size 20x11
                  RenderBlock (anonymous) at (3,0) size 13x11
                    RenderText {#text} at (0,-47) size 12x106
                      text run at (0,-47) width 12: "+"
                RenderMathMLToken {mn} at (28,0) size 9x11
                  RenderBlock (anonymous) at (0,0) size 8x11
                    RenderText {#text} at (0,-47) size 8x106
                      text run at (0,-47) width 8: "1"
              RenderMathMLRow {mrow} at (0,17) size 37x13
                RenderMathMLToken {mi} at (0,4) size 10x8 [padding: 0 2 0 0]
                  RenderBlock (anonymous) at (0,0) size 8x8
                    RenderText {#text} at (0,-50) size 8x106
                      text run at (0,-50) width 8: "x"
                RenderMathMLOperator {mo} at (9,1) size 20x11
                  RenderBlock (anonymous) at (3,0) size 13x11
                    RenderText {#text} at (0,-47) size 12x106
                      text run at (0,-47) width 12: "+"
                RenderMathMLToken {mn} at (28,0) size 9x12
                  RenderBlock (anonymous) at (0,0) size 8x12
                    RenderText {#text} at (0,-46) size 8x106
                      text run at (0,-46) width 8: "2"
      RenderBlock {p} at (0,156) size 784x20
        RenderText {#text} at (0,0) size 166x19
          text run at (0,0) width 166: "cube root (should be blue): "
        RenderMathMLMath {math} at (166,2) size 22x18 [color=#0000FF]
          RenderMathMLRoot {mroot} at (0,0) size 22x18
            RenderMathMLToken {mn} at (13,2) size 9x13
              RenderBlock (anonymous) at (0,0) size 8x12
                RenderText {#text} at (0,-46) size 8x106
                  text run at (0,-46) width 8: "2"
            RenderMathMLToken {mn} at (4,0) size 6x8
              RenderBlock (anonymous) at (0,0) size 5x7
                RenderText {#text} at (0,-26) size 5x60
                  text run at (0,-26) width 5: "3"
      RenderBlock {p} at (0,192) size 784x20
        RenderText {#text} at (0,0) size 68x19
          text run at (0,0) width 68: "long index: "
        RenderMathMLMath {math} at (68,2) size 56x18
          RenderMathMLRoot {mroot} at (0,0) size 56x18
            RenderMathMLToken {mn} at (47,2) size 9x13
              RenderBlock (anonymous) at (0,0) size 8x12
                RenderText {#text} at (0,-46) size 8x106
                  text run at (0,-46) width 8: "2"
            RenderMathMLRow {mrow} at (4,0) size 40x8
              RenderMathMLToken {mi} at (0,1) size 6x5 [padding: 0 1 0 0]
                RenderBlock (anonymous) at (0,0) size 5x5
                  RenderText {#text} at (0,-28) size 5x60
                    text run at (0,-28) width 5: "x"
              RenderMathMLOperator {mo} at (5,0) size 12x6
                RenderBlock (anonymous) at (2,0) size 7x6
                  RenderText {#text} at (0,-27) size 7x60
                    text run at (0,-27) width 7: "+"
              RenderMathMLToken {mi} at (16,1) size 7x6 [padding: 0 1 0 0]
                RenderBlock (anonymous) at (0,0) size 5x6
                  RenderText {#text} at (0,-28) size 5x60
                    text run at (0,-28) width 5: "y"
              RenderMathMLOperator {mo} at (22,0) size 12x6
                RenderBlock (anonymous) at (2,0) size 7x6
                  RenderText {#text} at (0,-27) size 7x60
                    text run at (0,-27) width 7: "+"
              RenderMathMLToken {mi} at (33,1) size 6x5 [padding: 0 1 0 0]
                RenderBlock (anonymous) at (0,0) size 4x5
                  RenderText {#text} at (0,-28) size 4x60
                    text run at (0,-28) width 4: "z"
      RenderBlock {p} at (0,228) size 784x31
        RenderText {#text} at (0,7) size 174x19
          text run at (0,7) width 174: "long index w/ complex base: "
        RenderMathMLMath {math} at (174,0) size 87x32
          RenderMathMLRoot {mroot} at (0,0) size 87x32
            RenderMathMLFraction {mfrac} at (50,2) size 37x30
              RenderMathMLRow {mrow} at (0,0) size 37x11
                RenderMathMLToken {mi} at (0,3) size 10x8 [padding: 0 2 0 0]
                  RenderBlock (anonymous) at (0,0) size 8x8
                    RenderText {#text} at (0,-50) size 8x106
                      text run at (0,-50) width 8: "x"
                RenderMathMLOperator {mo} at (9,0) size 20x11
                  RenderBlock (anonymous) at (3,0) size 13x11
                    RenderText {#text} at (0,-47) size 12x106
                      text run at (0,-47) width 12: "+"
                RenderMathMLToken {mn} at (28,0) size 9x11
                  RenderBlock (anonymous) at (0,0) size 8x11
                    RenderText {#text} at (0,-47) size 8x106
                      text run at (0,-47) width 8: "1"
              RenderMathMLRow {mrow} at (0,17) size 37x13
                RenderMathMLToken {mi} at (0,4) size 10x8 [padding: 0 2 0 0]
                  RenderBlock (anonymous) at (0,0) size 8x8
                    RenderText {#text} at (0,-50) size 8x106
                      text run at (0,-50) width 8: "x"
                RenderMathMLOperator {mo} at (9,1) size 20x11
                  RenderBlock (anonymous) at (3,0) size 13x11
                    RenderText {#text} at (0,-47) size 12x106
                      text run at (0,-47) width 12: "+"
                RenderMathMLToken {mn} at (28,0) size 9x12
                  RenderBlock (anonymous) at (0,0) size 8x12
                    RenderText {#text} at (0,-46) size 8x106
                      text run at (0,-46) width 8: "2"
            RenderMathMLRow {mrow} at (4,6) size 40x8
              RenderMathMLToken {mi} at (0,1) size 6x5 [padding: 0 1 0 0]
                RenderBlock (anonymous) at (0,0) size 5x5
                  RenderText {#text} at (0,-28) size 5x60
                    text run at (0,-28) width 5: "x"
              RenderMathMLOperator {mo} at (5,0) size 12x6
                RenderBlock (anonymous) at (2,0) size 7x6
                  RenderText {#text} at (0,-27) size 7x60
                    text run at (0,-27) width 7: "+"
              RenderMathMLToken {mi} at (16,1) size 7x6 [padding: 0 1 0 0]
                RenderBlock (anonymous) at (0,0) size 5x6
                  RenderText {#text} at (0,-28) size 5x60
                    text run at (0,-28) width 5: "y"
              RenderMathMLOperator {mo} at (22,0) size 12x6
                RenderBlock (anonymous) at (2,0) size 7x6
                  RenderText {#text} at (0,-27) size 7x60
                    text run at (0,-27) width 7: "+"
              RenderMathMLToken {mi} at (33,1) size 6x5 [padding: 0 1 0 0]
                RenderBlock (anonymous) at (0,0) size 4x5
                  RenderText {#text} at (0,-28) size 4x60
                    text run at (0,-28) width 4: "z"
      RenderBlock {p} at (0,275) size 784x31
        RenderText {#text} at (0,11) size 67x19
          text run at (0,11) width 67: "high index: "
        RenderMathMLMath {math} at (67,0) size 23x31
          RenderMathMLRoot {mroot} at (0,0) size 23x31
            RenderMathMLToken {mn} at (14,14) size 9x13
              RenderBlock (anonymous) at (0,0) size 8x12
                RenderText {#text} at (0,-46) size 8x106
                  text run at (0,-46) width 8: "2"
            RenderMathMLFraction {mfrac} at (4,0) size 7x21
              RenderMathMLFraction {mfrac} at (0,0) size 6x15
                RenderMathMLToken {mi} at (0,0) size 6x5 [padding: 0 1 0 0]
                  RenderBlock (anonymous) at (0,0) size 5x5
                    RenderText {#text} at (0,-28) size 5x60
                      text run at (0,-28) width 5: "x"
                RenderMathMLToken {mi} at (0,8) size 6x7 [padding: 0 1 0 0]
                  RenderBlock (anonymous) at (0,0) size 5x6
                    RenderText {#text} at (0,-28) size 5x60
                      text run at (0,-28) width 5: "y"
              RenderMathMLToken {mi} at (0,15) size 6x6 [padding: 0 1 0 0]
                RenderBlock (anonymous) at (0,0) size 4x5
                  RenderText {#text} at (0,-28) size 4x60
                    text run at (0,-28) width 4: "z"
      RenderBlock {p} at (0,322) size 784x54
        RenderText {#text} at (0,13) size 151x19
          text run at (0,13) width 151: "Imbricated square roots: "
        RenderMathMLMath {math} at (151,0) size 332x55
          RenderMathMLRoot {msqrt} at (0,0) size 332x55
            RenderMathMLToken {mn} at (17,18) size 8x12
              RenderBlock (anonymous) at (0,0) size 8x11
                RenderText {#text} at (0,-47) size 8x106
                  text run at (0,-47) width 8: "1"
            RenderMathMLOperator {mo} at (25,18) size 20x12
              RenderBlock (anonymous) at (3,0) size 13x11
                RenderText {#text} at (0,-47) size 12x106
                  text run at (0,-47) width 12: "+"
            RenderMathMLRoot {msqrt} at (44,2) size 288x53
              RenderMathMLRow {mrow} at (17,2) size 271x51
                RenderMathMLToken {mn} at (0,13) size 8x12
                  RenderBlock (anonymous) at (0,0) size 8x12
                    RenderText {#text} at (0,-46) size 8x106
                      text run at (0,-46) width 8: "2"
                RenderMathMLOperator {mo} at (8,14) size 20x11
                  RenderBlock (anonymous) at (3,0) size 13x11
                    RenderText {#text} at (0,-47) size 12x106
                      text run at (0,-47) width 12: "+"
                RenderMathMLRoot {msqrt} at (27,0) size 244x51
                  RenderMathMLRow {mrow} at (17,2) size 227x49
                    RenderMathMLToken {mn} at (0,11) size 8x12
                      RenderBlock (anonymous) at (0,0) size 8x12
                        RenderText {#text} at (0,-46) size 8x106
                          text run at (0,-46) width 8: "3"
                    RenderMathMLOperator {mo} at (8,12) size 20x11
                      RenderBlock (anonymous) at (3,0) size 13x11
                        RenderText {#text} at (0,-47) size 12x106
                          text run at (0,-47) width 12: "+"
                    RenderMathMLRoot {msqrt} at (27,0) size 200x49
                      RenderMathMLRow {mrow} at (16,2) size 183x41
                        RenderMathMLToken {mn} at (0,8) size 8x13
                          RenderBlock (anonymous) at (0,0) size 8x13
                            RenderText {#text} at (0,-45) size 8x106
                              text run at (0,-45) width 8: "4"
                        RenderMathMLOperator {mo} at (8,10) size 20x11
                          RenderBlock (anonymous) at (3,0) size 13x11
                            RenderText {#text} at (0,-47) size 12x106
                              text run at (0,-47) width 12: "+"
                        RenderMathMLRoot {msqrt} at (27,0) size 156x41
                          RenderMathMLRow {mrow} at (16,2) size 140x31
                            RenderMathMLToken {mn} at (0,7) size 8x12
                              RenderBlock (anonymous) at (0,0) size 8x12
                                RenderText {#text} at (0,-46) size 8x106
                                  text run at (0,-46) width 8: "5"
                            RenderMathMLOperator {mo} at (8,8) size 20x11
                              RenderBlock (anonymous) at (3,0) size 13x11
                                RenderText {#text} at (0,-47) size 12x106
                                  text run at (0,-47) width 12: "+"
                            RenderMathMLRoot {msqrt} at (27,0) size 113x31
                              RenderMathMLRow {mrow} at (16,2) size 97x21
                                RenderMathMLToken {mn} at (0,5) size 8x12
                                  RenderBlock (anonymous) at (0,0) size 8x12
                                    RenderText {#text} at (0,-46) size 8x106
                                      text run at (0,-46) width 8: "6"
                                RenderMathMLOperator {mo} at (8,6) size 20x11
                                  RenderBlock (anonymous) at (3,0) size 13x11
                                    RenderText {#text} at (0,-47) size 12x106
                                      text run at (0,-47) width 12: "+"
                                RenderMathMLRoot {msqrt} at (27,0) size 70x21
                                  RenderMathMLRow {mrow} at (16,2) size 54x18
                                    RenderMathMLToken {mn} at (0,3) size 8x12
                                      RenderBlock (anonymous) at (0,0) size 8x12
                                        RenderText {#text} at (0,-46) size 8x106
                                          text run at (0,-46) width 8: "7"
                                    RenderMathMLOperator {mo} at (8,4) size 20x11
                                      RenderBlock (anonymous) at (3,0) size 13x11
                                        RenderText {#text} at (0,-47) size 12x106
                                          text run at (0,-47) width 12: "+"
                                    RenderMathMLRoot {msqrt} at (27,0) size 27x18
                                      RenderMathMLToken {mi} at (13,2) size 14x14 [padding: 0 2 0 0]
                                        RenderBlock (anonymous) at (0,0) size 12x13
                                          RenderText {#text} at (0,-45) size 12x106
                                            text run at (0,-45) width 12: "A"
        RenderText {#text} at (0,0) size 0x0
      RenderBlock {p} at (0,392) size 784x56
        RenderText {#text} at (0,20) size 107x19
          text run at (0,20) width 107: "Imbricated roots: "
        RenderMathMLMath {math} at (107,0) size 355x57
          RenderMathMLRoot {mroot} at (0,0) size 355x57
            RenderMathMLRow {mrow} at (17,2) size 338x55
              RenderMathMLToken {mn} at (0,23) size 8x11
                RenderBlock (anonymous) at (0,0) size 8x11
                  RenderText {#text} at (0,-47) size 8x106
                    text run at (0,-47) width 8: "1"
              RenderMathMLOperator {mo} at (8,23) size 20x11
                RenderBlock (anonymous) at (3,0) size 13x11
                  RenderText {#text} at (0,-47) size 12x106
                    text run at (0,-47) width 12: "+"
              RenderMathMLRoot {mroot} at (27,0) size 310x55
                RenderMathMLRow {mrow} at (17,2) size 293x53
                  RenderMathMLToken {mn} at (0,20) size 8x12
                    RenderBlock (anonymous) at (0,0) size 8x12
                      RenderText {#text} at (0,-46) size 8x106
                        text run at (0,-46) width 8: "2"
                  RenderMathMLOperator {mo} at (8,21) size 20x11
                    RenderBlock (anonymous) at (3,0) size 13x11
                      RenderText {#text} at (0,-47) size 12x106
                        text run at (0,-47) width 12: "+"
                  RenderMathMLRoot {mroot} at (27,0) size 266x53
                    RenderMathMLRow {mrow} at (17,2) size 249x51
                      RenderMathMLToken {mn} at (0,18) size 8x12
                        RenderBlock (anonymous) at (0,0) size 8x12
                          RenderText {#text} at (0,-46) size 8x106
                            text run at (0,-46) width 8: "3"
                      RenderMathMLOperator {mo} at (8,19) size 20x11
                        RenderBlock (anonymous) at (3,0) size 13x11
                          RenderText {#text} at (0,-47) size 12x106
                            text run at (0,-47) width 12: "+"
                      RenderMathMLRoot {mroot} at (27,0) size 221x51
                        RenderMathMLRow {mrow} at (17,2) size 204x49
                          RenderMathMLToken {mn} at (0,15) size 8x13
                            RenderBlock (anonymous) at (0,0) size 8x13
                              RenderText {#text} at (0,-45) size 8x106
                                text run at (0,-45) width 8: "4"
                          RenderMathMLOperator {mo} at (8,17) size 20x11
                            RenderBlock (anonymous) at (3,0) size 13x11
                              RenderText {#text} at (0,-47) size 12x106
                                text run at (0,-47) width 12: "+"
                          RenderMathMLRoot {mroot} at (27,0) size 176x49
                            RenderMathMLRow {mrow} at (16,2) size 160x41
                              RenderMathMLToken {mn} at (0,14) size 8x12
                                RenderBlock (anonymous) at (0,0) size 8x12
                                  RenderText {#text} at (0,-46) size 8x106
                                    text run at (0,-46) width 8: "5"
                              RenderMathMLOperator {mo} at (8,15) size 20x11
                                RenderBlock (anonymous) at (3,0) size 13x11
                                  RenderText {#text} at (0,-47) size 12x106
                                    text run at (0,-47) width 12: "+"
                              RenderMathMLRoot {mroot} at (27,0) size 133x41
                                RenderMathMLRow {mrow} at (16,2) size 117x31
                                  RenderMathMLToken {mn} at (0,12) size 8x12
                                    RenderBlock (anonymous) at (0,0) size 8x12
                                      RenderText {#text} at (0,-46) size 8x106
                                        text run at (0,-46) width 8: "6"
                                  RenderMathMLOperator {mo} at (8,13) size 20x11
                                    RenderBlock (anonymous) at (3,0) size 13x11
                                      RenderText {#text} at (0,-47) size 12x106
                                        text run at (0,-47) width 12: "+"
                                  RenderMathMLRoot {mroot} at (27,0) size 89x31
                                    RenderMathMLRow {mrow} at (16,2) size 73x25
                                      RenderMathMLToken {mn} at (0,10) size 8x12
                                        RenderBlock (anonymous) at (0,0) size 8x12
                                          RenderText {#text} at (0,-46) size 8x106
                                            text run at (0,-46) width 8: "7"
                                      RenderMathMLOperator {mo} at (8,11) size 20x11
                                        RenderBlock (anonymous) at (3,0) size 13x11
                                          RenderText {#text} at (0,-47) size 12x106
                                            text run at (0,-47) width 12: "+"
                                      RenderMathMLRoot {mroot} at (27,0) size 46x25
                                        RenderMathMLToken {mi} at (31,8) size 14x14 [padding: 0 2 0 0]
                                          RenderBlock (anonymous) at (0,0) size 12x13
                                            RenderText {#text} at (0,-45) size 12x106
                                              text run at (0,-45) width 12: "A"
                                        RenderMathMLFraction {mfrac} at (4,0) size 24x15
                                          RenderMathMLRow {mrow} at (0,0) size 23x7
                                            RenderMathMLToken {mi} at (0,1) size 6x5 [padding: 0 1 0 0]
                                              RenderBlock (anonymous) at (0,0) size 5x5
                                                RenderText {#text} at (0,-28) size 5x60
                                                  text run at (0,-28) width 5: "x"
                                            RenderMathMLOperator {mo} at (5,0) size 12x6
                                              RenderBlock (anonymous) at (2,0) size 7x6
                                                RenderText {#text} at (0,-27) size 7x60
                                                  text run at (0,-27) width 7: "+"
                                            RenderMathMLToken {mi} at (16,1) size 7x6 [padding: 0 1 0 0]
                                              RenderBlock (anonymous) at (0,0) size 5x6
                                                RenderText {#text} at (0,-28) size 5x60
                                                  text run at (0,-28) width 5: "y"
                                          RenderMathMLToken {mi} at (8,9) size 6x6 [padding: 0 1 0 0]
                                            RenderBlock (anonymous) at (0,0) size 4x5
                                              RenderText {#text} at (0,-28) size 4x60
                                                text run at (0,-28) width 4: "z"
                                    RenderMathMLToken {mn} at (4,5) size 6x8
                                      RenderBlock (anonymous) at (0,0) size 5x7
                                        RenderText {#text} at (0,-26) size 5x60
                                          text run at (0,-26) width 5: "9"
                                RenderMathMLToken {mn} at (4,9) size 6x8
                                  RenderBlock (anonymous) at (0,0) size 5x7
                                    RenderText {#text} at (0,-26) size 5x60
                                      text run at (0,-26) width 5: "8"
                            RenderMathMLToken {mn} at (4,12) size 6x8
                              RenderBlock (anonymous) at (0,0) size 5x7
                                RenderText {#text} at (0,-26) size 5x60
                                  text run at (0,-26) width 5: "7"
                        RenderMathMLToken {mn} at (4,14) size 6x8
                          RenderBlock (anonymous) at (0,0) size 5x7
                            RenderText {#text} at (0,-26) size 5x60
                              text run at (0,-26) width 5: "6"
                    RenderMathMLToken {mn} at (4,14) size 6x9
                      RenderBlock (anonymous) at (0,0) size 5x8
                        RenderText {#text} at (0,-25) size 5x60
                          text run at (0,-25) width 5: "5"
                RenderMathMLToken {mn} at (4,16) size 6x8
                  RenderBlock (anonymous) at (0,0) size 5x7
                    RenderText {#text} at (0,-26) size 5x60
                      text run at (0,-26) width 5: "4"
            RenderMathMLToken {mn} at (4,16) size 6x8
              RenderBlock (anonymous) at (0,0) size 5x7
                RenderText {#text} at (0,-26) size 5x60
                  text run at (0,-26) width 5: "3"
        RenderText {#text} at (0,0) size 0x0
      RenderBlock {p} at (0,464) size 784x56
        RenderText {#text} at (0,20) size 70x19
          text run at (0,20) width 70: "RTL roots: "
        RenderMathMLMath {math} at (70,0) size 355x57
          RenderMathMLRoot {mroot} at (0,0) size 355x57
            RenderMathMLRow {mrow} at (0,2) size 337x55
              RenderMathMLToken {mn} at (328,23) size 9x11
                RenderBlock (anonymous) at (0,0) size 8x11
                  RenderText {#text} at (0,-47) size 8x106
                    text run at (0,-47) width 8: "1"
              RenderMathMLOperator {mo} at (309,23) size 20x11
                RenderBlock (anonymous) at (3,0) size 13x11
                  RenderText {#text} at (0,-47) size 12x106
                    text run at (0,-47) width 12 RTL: "+"
              RenderMathMLRoot {mroot} at (0,0) size 310x55
                RenderMathMLRow {mrow} at (0,2) size 293x53
                  RenderMathMLToken {mn} at (284,20) size 9x12
                    RenderBlock (anonymous) at (0,0) size 8x12
                      RenderText {#text} at (0,-46) size 8x106
                        text run at (0,-46) width 8: "2"
                  RenderMathMLOperator {mo} at (265,21) size 20x11
                    RenderBlock (anonymous) at (3,0) size 13x11
                      RenderText {#text} at (0,-47) size 12x106
                        text run at (0,-47) width 12 RTL: "+"
                  RenderMathMLRoot {mroot} at (0,0) size 266x53
                    RenderMathMLRow {mrow} at (0,2) size 248x51
                      RenderMathMLToken {mn} at (239,18) size 9x12
                        RenderBlock (anonymous) at (0,0) size 8x12
                          RenderText {#text} at (0,-46) size 8x106
                            text run at (0,-46) width 8: "3"
                      RenderMathMLOperator {mo} at (220,19) size 20x11
                        RenderBlock (anonymous) at (3,0) size 13x11
                          RenderText {#text} at (0,-47) size 12x106
                            text run at (0,-47) width 12 RTL: "+"
                      RenderMathMLRoot {mroot} at (0,0) size 221x51
                        RenderMathMLRow {mrow} at (0,2) size 203x49
                          RenderMathMLToken {mn} at (194,15) size 9x13
                            RenderBlock (anonymous) at (0,0) size 8x13
                              RenderText {#text} at (0,-45) size 8x106
                                text run at (0,-45) width 8: "4"
                          RenderMathMLOperator {mo} at (175,17) size 20x11
                            RenderBlock (anonymous) at (3,0) size 13x11
                              RenderText {#text} at (0,-47) size 12x106
                                text run at (0,-47) width 12 RTL: "+"
                          RenderMathMLRoot {mroot} at (0,0) size 176x49
                            RenderMathMLRow {mrow} at (0,2) size 160x41
                              RenderMathMLToken {mn} at (151,14) size 9x12
                                RenderBlock (anonymous) at (0,0) size 8x12
                                  RenderText {#text} at (0,-46) size 8x106
                                    text run at (0,-46) width 8: "5"
                              RenderMathMLOperator {mo} at (132,15) size 20x11
                                RenderBlock (anonymous) at (3,0) size 13x11
                                  RenderText {#text} at (0,-47) size 12x106
                                    text run at (0,-47) width 12 RTL: "+"
                              RenderMathMLRoot {mroot} at (0,0) size 133x41
                                RenderMathMLRow {mrow} at (0,2) size 116x31
                                  RenderMathMLToken {mn} at (107,12) size 9x12
                                    RenderBlock (anonymous) at (0,0) size 8x12
                                      RenderText {#text} at (0,-46) size 8x106
                                        text run at (0,-46) width 8: "6"
                                  RenderMathMLOperator {mo} at (88,13) size 20x11
                                    RenderBlock (anonymous) at (3,0) size 13x11
                                      RenderText {#text} at (0,-47) size 12x106
                                        text run at (0,-47) width 12 RTL: "+"
                                  RenderMathMLRoot {mroot} at (0,0) size 89x31
                                    RenderMathMLRow {mrow} at (0,2) size 73x25
                                      RenderMathMLToken {mn} at (64,10) size 9x12
                                        RenderBlock (anonymous) at (0,0) size 8x12
                                          RenderText {#text} at (0,-46) size 8x106
                                            text run at (0,-46) width 8: "7"
                                      RenderMathMLOperator {mo} at (44,11) size 21x11
                                        RenderBlock (anonymous) at (3,0) size 13x11
                                          RenderText {#text} at (0,-47) size 12x106
                                            text run at (0,-47) width 12 RTL: "+"
                                      RenderMathMLRoot {mroot} at (0,0) size 45x25
                                        RenderMathMLToken {mi} at (0,8) size 14x14 [padding: 0 0 0 2]
                                          RenderBlock (anonymous) at (1,0) size 13x13
                                            RenderText {#text} at (0,-45) size 12x106
                                              text run at (0,-45) width 12: "A"
                                        RenderMathMLFraction {mfrac} at (17,0) size 24x15
                                          RenderMathMLRow {mrow} at (0,0) size 23x7
                                            RenderMathMLToken {mi} at (16,1) size 7x5 [padding: 0 0 0 1]
                                              RenderBlock (anonymous) at (0,0) size 6x5
                                                RenderText {#text} at (0,-28) size 5x60
                                                  text run at (0,-28) width 5: "x"
                                            RenderMathMLOperator {mo} at (5,0) size 12x6
                                              RenderBlock (anonymous) at (2,0) size 7x6
                                                RenderText {#text} at (0,-27) size 7x60
                                                  text run at (0,-27) width 7 RTL: "+"
                                            RenderMathMLToken {mi} at (0,1) size 6x6 [padding: 0 0 0 1]
                                              RenderBlock (anonymous) at (0,0) size 6x6
                                                RenderText {#text} at (0,-28) size 5x60
                                                  text run at (0,-28) width 5: "y"
                                          RenderMathMLToken {mi} at (8,9) size 6x6 [padding: 0 0 0 1]
                                            RenderBlock (anonymous) at (0,0) size 5x5
                                              RenderText {#text} at (0,-28) size 4x60
                                                text run at (0,-28) width 4: "z"
                                    RenderMathMLToken {mn} at (79,5) size 6x8
                                      RenderBlock (anonymous) at (0,0) size 5x7
                                        RenderText {#text} at (0,-26) size 5x60
                                          text run at (0,-26) width 5: "9"
                                RenderMathMLToken {mn} at (122,9) size 6x8
                                  RenderBlock (anonymous) at (0,0) size 5x7
                                    RenderText {#text} at (0,-26) size 5x60
                                      text run at (0,-26) width 5: "8"
                            RenderMathMLToken {mn} at (166,12) size 6x8
                              RenderBlock (anonymous) at (0,0) size 5x7
                                RenderText {#text} at (0,-26) size 5x60
                                  text run at (0,-26) width 5: "7"
                        RenderMathMLToken {mn} at (211,14) size 6x8
                          RenderBlock (anonymous) at (0,0) size 5x7
                            RenderText {#text} at (0,-26) size 5x60
                              text run at (0,-26) width 5: "6"
                    RenderMathMLToken {mn} at (255,14) size 6x9
                      RenderBlock (anonymous) at (0,0) size 5x8
                        RenderText {#text} at (0,-25) size 5x60
                          text run at (0,-25) width 5: "5"
                RenderMathMLToken {mn} at (300,16) size 6x8
                  RenderBlock (anonymous) at (0,0) size 5x7
                    RenderText {#text} at (0,-26) size 5x60
                      text run at (0,-26) width 5: "4"
            RenderMathMLToken {mn} at (344,16) size 6x8
              RenderBlock (anonymous) at (0,0) size 5x7
                RenderText {#text} at (0,-26) size 5x60
                  text run at (0,-26) width 5: "3"
        RenderText {#text} at (0,0) size 0x0
