layer at (0,0) size 800x600
  RenderView at (0,0) size 800x600
layer at (0,0) size 800x274
  RenderBlock {HTML} at (0,0) size 800x274
    RenderBody {BODY} at (8,16) size 784x250
      RenderBlock {P} at (0,0) size 784x36
        RenderText {#text} at (0,0) size 774x36
          text run at (0,0) width 774: "Test passes if the blue and orange boxes below are the same width, and the boxes are horizontally centered inside the black"
          text run at (0,18) width 28: "box."
layer at (8,68) size 198x198
  RenderBlock (relative positioned) {DIV} at (0,52) size 198x198 [border: (3px solid #000000)]
    RenderBlock {DIV} at (51,99) size 96x96 [bgcolor=#FFA500]
layer at (59,71) size 96x96
  RenderImage {IMG} at (51,3) size 96x96
