layer at (0,0) size 800x600
  RenderView at (0,0) size 800x600
layer at (0,0) size 800x378
  RenderBlock {HTML} at (0,0) size 800x378
    RenderBody {BODY} at (8,16) size 784x354
      RenderBlock {P} at (0,0) size 784x18
        RenderText {#text} at (0,0) size 300x18
          text run at (0,0) width 300: "Test passes if there is one blue box on the page."
layer at (8,50) size 320x320 clip at (18,60) size 300x300
  RenderBlock (relative positioned) {DIV} at (0,34) size 320x320 [border: (10px solid #000000)]
layer at (18,160) size 150x150
  RenderBlock (positioned) {DIV} at (10,110) size 150x150 [bgcolor=#0000FF]
layer at (168,160) size 150x150
  RenderBlock (positioned) {DIV} at (160,110) size 150x150 [bgcolor=#0000FF]
