layer at (0,0) size 800x600
  RenderView at (0,0) size 800x600
layer at (0,0) size 800x274
  RenderBlock {HTML} at (0,0) size 800x274
    RenderBody {BODY} at (8,16) size 784x250
      RenderBlock {P} at (0,0) size 784x36
        RenderText {#text} at (0,0) size 771x36
          text run at (0,0) width 771: "Test passes if the blue and orange boxes below are the same width, and the blue box is in the upper-left corner of the black"
          text run at (0,18) width 28: "box."
      RenderBlock {DIV} at (0,52) size 198x198 [border: (3px solid #000000)]
        RenderBlock {DIV} at (3,18) size 15x15 [bgcolor=#FFA500]
layer at (11,71) size 15x15
  RenderImage {IMG} at (11,71) size 15x15
