layer at (0,0) size 800x600
  RenderView at (0,0) size 800x600
layer at (0,0) size 800x352
  RenderBlock {HTML} at (0,0) size 800x352
    RenderBody {BODY} at (8,16) size 784x328
      RenderBlock {P} at (0,0) size 784x18
        RenderText {#text} at (0,0) size 408x18
          text run at (0,0) width 408: "Test passes if the blue box is vertically centered in the black box."
layer at (8,50) size 294x294
  RenderBlock (relative positioned) {DIV} at (0,34) size 294x294 [border: (3px solid #000000)]
layer at (11,173) size 288x48
  RenderBlock (positioned) {DIV} at (3,123) size 288x48 [bgcolor=#0000FF]
