layer at (0,0) size 800x600
  RenderView at (0,0) size 800x600
layer at (0,0) size 800x306
  RenderBlock {HTML} at (0,0) size 800x306
    RenderBody {BODY} at (8,16) size 784x282
      RenderBlock {P} at (0,0) size 784x18
        RenderText {#text} at (0,0) size 316x18
          text run at (0,0) width 316: "There must be two green boxes below and no red."
layer at (16,50) size 120x120
  RenderBlock (relative positioned) {DIV} at (8,34) size 120x120 [bgcolor=#008000]
layer at (26,60) size 80x53
  RenderBlock (positioned) {DIV} at (10,10) size 80x53 [bgcolor=#FF0000]
layer at (16,50) size 100x120
  RenderBlock (relative positioned) {DIV} at (0,0) size 100x120 [border: (10px solid #00000000)]
layer at (16,178) size 120x120
  RenderBlock (relative positioned) {DIV} at (8,162) size 120x120 [bgcolor=#008000]
layer at (16,178) size 100x120
  RenderBlock (relative positioned) {DIV} at (0,0) size 100x120 [border: (10px solid #00000000)]
layer at (26,188) size 80x54
  RenderBlock (positioned) {DIV} at (10,10) size 80x54
