layer at (0,0) size 785x585
  RenderView at (0,0) size 785x585
layer at (0,0) size 785x177
  RenderBlock {HTML} at (0,0) size 785x177
layer at (8,8) size 769x161 clip at (8,8) size 754x146 scrollHeight 242
  RenderBody {BODY} at (8,8) size 769x161
    RenderBlock {P} at (0,16) size 754x18
      RenderText {#text} at (0,0) size 425x18
        text run at (0,0) width 425: "Test passes if the blue and orange boxes below are the same height."
layer at (8,58) size 754x96
  RenderBlock (relative positioned) {DIV} at (0,50) size 754x96
    RenderBlock {DIV} at (0,0) size 96x96 [bgcolor=#0000FF]
layer at (104,58) size 96x96
  RenderBlock (positioned) {DIV} at (96,0) size 96x96 [bgcolor=#FFA500]
