layer at (0,0) size 800x600
  RenderView at (0,0) size 800x600
layer at (0,0) size 800x92
  RenderBlock {HTML} at (0,0) size 800x92
    RenderBody {BODY} at (8,16) size 784x68
      RenderBlock {P} at (0,0) size 784x18
        RenderText {#text} at (0,0) size 422x18
          text run at (0,0) width 422: "Test passes if the orange and blue boxes below are the same width."
      RenderBlock (anonymous) at (0,34) size 784x34
        RenderBlock {DIV} at (0,0) size 150x30 [bgcolor=#FFA500] [border: (5px solid #FFA500)]
          RenderBlock {DIV} at (15,5) size 120x20 [border: none (10px solid #FFA500) none (10px solid #FFA500)]
        RenderText {#text} at (0,0) size 0x0
layer at (8,82) size 150x30
  RenderBlock (positioned) {DIV} at (8,82) size 150x30 [bgcolor=#0000FF]
