layer at (0,0) size 800x600
  RenderView at (0,0) size 800x600
layer at (0,0) size 800x82
  RenderBlock {HTML} at (0,0) size 800x82
    RenderBody {BODY} at (8,16) size 784x58
      RenderBlock {P} at (0,0) size 784x18
        RenderText {#text} at (0,0) size 547x18
          text run at (0,0) width 547: "Test passes if there is no white space between the blue box below and the orange lines."
      RenderBlock {DIV} at (0,34) size 96x24 [border: (3px solid #FFA500) none (3px solid #FFA500) none]
        RenderBlock {DIV} at (0,3) size 96x18 [bgcolor=#0000FF]
          RenderText {#text} at (0,0) size 66x18
            text run at (0,0) width 66: "Filler Text"
