layer at (0,0) size 800x600
  RenderView at (0,0) size 800x600
layer at (0,0) size 800x256
  RenderBlock {HTML} at (0,0) size 800x256
    RenderBody {BODY} at (8,16) size 784x232
      RenderBlock {P} at (0,0) size 784x18
        RenderText {#text} at (0,0) size 694x18
          text run at (0,0) width 694: "Test passes if the blue and orange boxes are the same width and the blue box is directly below the orange box."
      RenderBlock {DIV} at (0,34) size 198x198 [border: (3px solid #000000)]
        RenderBlock {DIV} at (51,3) size 96x96 [bgcolor=#FFA500] [border: none (24px solid #FFA500) none (24px solid #FFA500)]
        RenderBlock {DIV} at (3,99) size 192x96 [color=#0000FF]
          RenderText {#text} at (48,0) size 96x96
            text run at (48,0) width 96: "X"
