layer at (0,0) size 800x600
  RenderView at (0,0) size 800x600
layer at (0,0) size 800x88
  RenderBlock {HTML} at (0,0) size 800x88
    RenderBody {BODY} at (8,16) size 784x64
      RenderBlock {P} at (0,0) size 784x18
        RenderText {#text} at (0,0) size 422x18
          text run at (0,0) width 422: "Test passes if the orange and blue boxes below are the same width."
layer at (8,50) size 784x30
  RenderBlock (relative positioned) {DIV} at (0,34) size 784x30
layer at (692,50) size 100x30
  RenderBlock (relative positioned) {DIV} at (684,0) size 100x30 [bgcolor=#FFA500]
layer at (642,50) size 140x30
  RenderBlock (relative positioned) {DIV} at (-50,0) size 140x30 [border: none (10px solid #FFA500) none (10px solid #FFA500)]
layer at (642,80) size 150x30
  RenderBlock (positioned) {DIV} at (634,30) size 150x30 [bgcolor=#0000FF]
