layer at (0,0) size 800x600
  RenderView at (0,0) size 800x600
layer at (0,0) size 800x90
  RenderBlock {HTML} at (0,0) size 800x90
    RenderBody {BODY} at (0,16) size 800x74
      RenderBlock {P} at (0,0) size 800x18
        RenderText {#text} at (0,0) size 639x18
          text run at (0,0) width 639: "Test passes if the box below spans the entire width of the page and there is no red visible on the page."
      RenderBlock {DIV} at (0,34) size 800x40 [bgcolor=#FF0000]
        RenderBlock {DIV} at (0,0) size 800x40 [bgcolor=#008000]
