layer at (0,0) size 800x600
  RenderView at (0,0) size 800x600
layer at (0,0) size 800x322
  RenderBlock {HTML} at (0,0) size 800x322
    RenderBody {BODY} at (8,16) size 784x258
      RenderBlock {P} at (0,0) size 784x18
        RenderText {#text} at (0,0) size 267x18
          text run at (0,0) width 267: "Test passes if there is a blue square below."
layer at (8,82) size 784x192
  RenderBlock (relative positioned) {DIV} at (0,66) size 784x192
    RenderBlock {DIV} at (0,0) size 96x96 [bgcolor=#0000FF] [border: (48px solid #0000FF) none]
    RenderBlock {DIV} at (0,96) size 96x96 [bgcolor=#0000FF] [border: none (48px solid #0000FF) none]
layer at (104,82) size 96x192
  RenderBlock (positioned) {DIV} at (96,0) size 96x192 [bgcolor=#0000FF]
