layer at (0,0) size 785x585
  RenderView at (0,0) size 785x585
layer at (0,0) size 785x177
  RenderBlock {HTML} at (0,0) size 785x177
layer at (8,8) size 769x161 clip at (8,8) size 754x146
  RenderBody {BODY} at (8,8) size 769x161
    RenderBlock {P} at (0,16) size 754x18
      RenderText {#text} at (0,0) size 303x18
        text run at (0,0) width 303: "Test passes if there is no red visible on the page."
    RenderBlock {DIV} at (0,50) size 754x0 [bgcolor=#FF0000]
      RenderBlock (floating) {DIV} at (0,0) size 96x96
