layer at (0,0) size 800x600
  RenderView at (0,0) size 800x600
layer at (0,0) size 800x138 layerType: background only
layer at (8,50) size 784x80
  RenderBlock (positioned) zI: -1 {DIV} at (0,0) size 784x80 [bgcolor=#FF0000]
    RenderText zI: -1 {#text} at (0,31) size 12x18
      text run at (0,31) width 12: "X"
layer at (0,0) size 800x138 layerType: foreground only
  RenderBlock {HTML} at (0,0) size 800x138
    RenderBody {BODY} at (8,16) size 784x114
      RenderBlock {P} at (0,0) size 784x18
        RenderText {#text} at (0,0) size 617x18
          text run at (0,0) width 617: "Test passes if there is a wide bright green rectangle below with one \"X\" in it and if there is no red."
layer at (8,50) size 784x80
  RenderBlock (relative positioned) {DIV} at (0,34) size 784x80
    RenderBlock {DIV} at (0,0) size 784x80 [bgcolor=#00FF00]
      RenderInline {SPAN} at (0,0) size 0x18
      RenderText {#text} at (0,31) size 12x18
        text run at (0,31) width 12: "X"
