layer at (0,0) size 800x600
  RenderView at (0,0) size 800x600
layer at (0,0) size 800x256
  RenderBlock {HTML} at (0,0) size 800x256
    RenderBody {BODY} at (8,16) size 784x232
      RenderBlock {P} at (0,0) size 784x18
        RenderText {#text} at (0,0) size 438x18
          text run at (0,0) width 438: "Test passes if the blue box is in the upper-left corner of the black box."
      RenderBlock {DIV} at (0,34) size 198x198 [border: (3px solid #000000)]
        RenderImage {IMG} at (3,3) size 96x96 [bgcolor=#0000FF]
