layer at (0,0) size 800x600
  RenderView at (0,0) size 800x600
layer at (0,0) size 800x146
  RenderBlock {HTML} at (0,0) size 800x146
    RenderBody {BODY} at (8,16) size 784x18
      RenderBlock {P} at (0,0) size 784x18
        RenderText {#text} at (0,0) size 303x18
          text run at (0,0) width 303: "Test passes if there is no red visible on the page."
      RenderBlock (floating) {DIV} at (0,34) size 96x96 [color=#008000] [bgcolor=#FF0000]
        RenderText {#text} at (0,0) size 96x96
          text run at (0,0) width 96: "X"
