layer at (0,0) size 800x600
  RenderView at (0,0) size 800x600
layer at (0,0) size 800x50
  RenderBlock {HTML} at (0,0) size 800x50
    RenderBody {BODY} at (8,16) size 784x18
      RenderBlock {P} at (0,0) size 784x18
        RenderText {#text} at (0,0) size 437x18
          text run at (0,0) width 437: "Test passes if there is space between the blue and orange lines below."
layer at (8,50) size 340x344
  RenderBlock (positioned) {DIV} at (8,50) size 340x344 [border: (10px solid #0000FF)]
    RenderTable {DIV} at (60,60) size 220x220 [border: (10px solid #FFA500)]
      RenderTableSection (anonymous) at (10,10) size 200x200
        RenderTableRow {DIV} at (0,0) size 200x200
          RenderTableCell {DIV} at (0,0) size 200x0 [r=0 c=0 rs=1 cs=1]
    RenderText {#text} at (0,0) size 0x0
