layer at (0,0) size 800x600
  RenderView at (0,0) size 800x600
layer at (0,0) size 800x76
  RenderBlock {HTML} at (0,0) size 800x76
    RenderBody {BODY} at (8,16) size 784x52
      RenderBlock {P} at (0,0) size 784x18
        RenderText {#text} at (0,0) size 437x18
          text run at (0,0) width 437: "Test passes if there is space between the blue and orange lines below."
      RenderBlock (anonymous) at (0,34) size 784x18
        RenderInline {DIV} at (0,0) size 186x18 [border: none (5px solid #0000FF) none (5px solid #0000FF)]
          RenderText {#text} at (0,0) size 0x0
          RenderInline {DIV} at (0,0) size 76x18 [border: none (5px solid #FFA500) none (5px solid #FFA500)]
            RenderText {#text} at (60,0) size 66x18
              text run at (60,0) width 66: "Filler Text"
          RenderText {#text} at (0,0) size 0x0
        RenderText {#text} at (0,0) size 0x0
