layer at (0,0) size 800x600
  RenderView at (0,0) size 800x600
layer at (0,0) size 800x50
  RenderBlock {HTML} at (0,0) size 800x50
    RenderBody {BODY} at (8,16) size 784x18
      RenderBlock {P} at (0,0) size 784x18
        RenderText {#text} at (0,0) size 457x18
          text run at (0,0) width 457: "Test passes if there is no space between the blue and orange lines below."
layer at (8,50) size 240x240
  RenderBlock (positioned) {DIV} at (8,50) size 240x240 [border: (10px solid #0000FF)]
    RenderTable {DIV} at (10,10) size 220x220
      RenderTableSection {DIV} at (0,0) size 220x220
        RenderTableRow {DIV} at (0,0) size 220x220
          RenderTableCell {DIV} at (0,0) size 220x20 [border: (10px solid #FFA500)] [r=0 c=0 rs=1 cs=1]
