layer at (0,0) size 800x600
  RenderView at (0,0) size 800x600
layer at (0,0) size 800x164
  RenderBlock {HTML} at (0,0) size 800x164
    RenderBody {BODY} at (8,16) size 784x132
      RenderBlock {P} at (0,0) size 784x18
        RenderText {#text} at (0,0) size 598x18
          text run at (0,0) width 598: "Below, there should be 2 orange boxes horizontally centered within their respective green bars."
      RenderBlock {DIV} at (16,34) size 752x41 [bgcolor=#008000]
        RenderBlock (anonymous) at (0,0) size 752x18
          RenderText {#text} at (0,0) size 36x18
            text run at (0,0) width 36: "         "
        RenderButton {INPUT} at (368,20) size 16x21 [bgcolor=#FFA500] [border: (2px outset #F0F0F0)]
      RenderBlock {FORM} at (0,91) size 784x41
        RenderBlock {DIV} at (16,0) size 752x41 [bgcolor=#008000]
          RenderBlock (anonymous) at (0,0) size 752x18
            RenderText {#text} at (0,0) size 36x18
              text run at (0,0) width 36: "         "
          RenderButton {INPUT} at (368,20) size 16x21 [bgcolor=#FFA500] [border: (2px outset #F0F0F0)]
