layer at (0,0) size 800x600
  RenderView at (0,0) size 800x600
layer at (0,0) size 800x84
  RenderBlock {HTML} at (0,0) size 800x84
    RenderBody {BODY} at (8,16) size 784x60
      RenderBlock {P} at (0,0) size 784x18
        RenderText {#text} at (0,0) size 425x18
          text run at (0,0) width 425: "Test passes if the \"Filler Text\" below is on the right side of the box."
      RenderTable {TABLE} at (0,34) size 202x26
        RenderBlock {CAPTION} at (0,0) size 202x20 [border: (1px solid #000000)]
          RenderText {#text} at (135,1) size 66x18
            text run at (135,1) width 66: "Filler Text"
        RenderTableSection {TBODY} at (0,20) size 202x6
          RenderTableRow {TR} at (0,2) size 202x2
            RenderTableCell {TD} at (2,2) size 198x2 [r=0 c=0 rs=1 cs=1]
