layer at (0,0) size 800x600
  RenderView at (0,0) size 800x600
layer at (0,0) size 800x160
  RenderBlock {HTML} at (0,0) size 800x160
    RenderTable {BODY} at (8,8) size 784x144
      RenderTableSection (anonymous) at (0,54) size 784x54
        RenderTableRow (anonymous) at (0,0) size 784x36
          RenderTableCell {DIV} at (0,0) size 784x36 [r=0 c=0 rs=1 cs=1]
            RenderText {#text} at (0,0) size 743x36
              text run at (0,0) width 743: "Test passes if the numbers above are in order from top-to-bottom (1-3) and the number below are in order from top-to-"
              text run at (0,18) width 83: "bottom (4-6)."
        RenderTableRow {DIV} at (0,36) size 784x18 [color=#008000]
          RenderTableCell (anonymous) at (0,36) size 784x18 [r=1 c=0 rs=1 cs=1]
            RenderText {#text} at (0,0) size 179x18
              text run at (0,0) width 179: "4. This line should be green."
      RenderBlock {DIV} at (0,0) size 784x18 [color=#008000]
        RenderText {#text} at (0,0) size 179x18
          text run at (0,0) width 179: "1. This line should be green."
      RenderBlock {DIV} at (0,18) size 784x18 [color=#008000]
        RenderText {#text} at (0,0) size 179x18
          text run at (0,0) width 179: "2. This line should be green."
      RenderTableSection (anonymous) at (0,108) size 784x18
        RenderTableRow {DIV} at (0,0) size 784x18 [color=#008000]
          RenderTableCell (anonymous) at (0,0) size 784x18 [r=0 c=0 rs=1 cs=1]
            RenderText {#text} at (0,0) size 179x18
              text run at (0,0) width 179: "5. This line should be green."
      RenderBlock {DIV} at (0,36) size 784x18 [color=#008000]
        RenderText {#text} at (0,0) size 179x18
          text run at (0,0) width 179: "3. This line should be green."
      RenderTableSection (anonymous) at (0,126) size 784x18
        RenderTableRow {DIV} at (0,0) size 784x18 [color=#008000]
          RenderTableCell (anonymous) at (0,0) size 784x18 [r=0 c=0 rs=1 cs=1]
            RenderText {#text} at (0,0) size 179x18
              text run at (0,0) width 179: "6. This line should be green."
