layer at (0,0) size 800x600
  RenderView at (0,0) size 800x600
layer at (0,0) size 800x600
  RenderBlock {HTML} at (0,0) size 800x600
    RenderBody {BODY} at (8,8) size 784x584
      RenderText {#text} at (0,0) size 0x0
layer at (8,8) size 120x373
  RenderInline {SPAN} at (0,0) size 120x373 [bgcolor=#808080]
    RenderText {#text} at (22,75) size 28x298
      text run at (22,75) width 298: "This content should be masked"
    RenderBR {BR} at (44,372) size 0x1
    RenderText {#text} at (94,0) size 28x160
      text run at (94,0) width 160: "with a soft glow."
