layer at (0,0) size 808x585
  RenderView at (0,0) size 800x585
layer at (0,0) size 800x585
  RenderBlock {html} at (0,0) size 800x585
    RenderBody {body} at (8,16) size 784x565
      RenderBlock {p} at (0,0) size 784x36
        RenderText {#text} at (0,0) size 761x35
          text run at (0,0) width 761: "The left edges of the black boxes below should line up with the left edges of their containing orange or green boxes. In"
          text run at (0,18) width 293: "addition, all the assertions below should pass."
      RenderBlock {div} at (0,52) size 800x200
        RenderSVGRoot {svg} at (8,68) size 569x200
          RenderSVGRect {rect} at (8,78) size 70x160 [fill={[type=SOLID] [color=#FFA500]}] [x=0.00] [y=10.00] [width=70.00] [height=160.00]
          RenderSVGRect {rect} at (78,78) size 100x150 [fill={[type=SOLID] [color=#008000]}] [x=70.00] [y=10.00] [width=100.00] [height=150.00]
          RenderSVGRect {rect} at (178,78) size 70x140 [fill={[type=SOLID] [color=#FFA500]}] [x=170.00] [y=10.00] [width=70.00] [height=140.00]
          RenderSVGRect {rect} at (248,78) size 70x130 [fill={[type=SOLID] [color=#008000]}] [x=240.00] [y=10.00] [width=70.00] [height=130.00]
          RenderSVGRect {rect} at (318,78) size 80x120 [fill={[type=SOLID] [color=#FFA500]}] [x=310.00] [y=10.00] [width=80.00] [height=120.00]
          RenderSVGRect {rect} at (398,78) size 60x110 [fill={[type=SOLID] [color=#008000]}] [x=390.00] [y=10.00] [width=60.00] [height=110.00]
          RenderSVGText {text} at (0,-90) size 569x600 contains 1 chunk(s)
            RenderSVGInlineText {#text} at (0,0) size 500x600
              chunk 1 text run 1 at (0.00,10.00) startOffset 0 endOffset 9 width 500.00: "GGDGGBBBD"
            RenderSVGTSpan {altGlyph} at (0,0) size 69x600
              RenderSVGInlineText {#text} at (500,0) size 69x600
                chunk 1 text run 1 at (500.00,10.00) startOffset 0 endOffset 1 width 68.51: "X"
        RenderText {#text} at (0,0) size 0x0
      RenderBlock {pre} at (0,265) size 784x300
        RenderInline {span} at (0,0) size 305x15
          RenderInline {span} at (0,0) size 305x15
            RenderInline {span} at (0,0) size 32x15
              RenderText {#text} at (0,0) size 32x15
                text run at (0,0) width 32: "PASS"
            RenderText {#text} at (31,0) size 274x15
              text run at (31,0) width 274: " t.getStartPositionOfChar(0).x is 0"
          RenderBR {br} at (304,0) size 1x15
        RenderInline {span} at (0,0) size 430x15
          RenderInline {span} at (0,0) size 430x15
            RenderInline {span} at (0,0) size 32x15
              RenderText {#text} at (0,15) size 32x15
                text run at (0,15) width 32: "FAIL"
            RenderText {#text} at (31,15) size 399x15
              text run at (31,15) width 399: " t.getStartPositionOfChar(1).x should be 0. Was 30."
          RenderBR {br} at (429,15) size 1x15
        RenderInline {span} at (0,0) size 437x15
          RenderInline {span} at (0,0) size 437x15
            RenderInline {span} at (0,0) size 32x15
              RenderText {#text} at (0,30) size 32x15
                text run at (0,30) width 32: "FAIL"
            RenderText {#text} at (31,30) size 406x15
              text run at (31,30) width 406: " t.getStartPositionOfChar(2).x should be 70. Was 60."
          RenderBR {br} at (436,30) size 1x15
        RenderInline {span} at (0,0) size 453x15
          RenderInline {span} at (0,0) size 453x15
            RenderInline {span} at (0,0) size 32x15
              RenderText {#text} at (0,45) size 32x15
                text run at (0,45) width 32: "FAIL"
            RenderText {#text} at (31,45) size 422x15
              text run at (31,45) width 422: " t.getStartPositionOfChar(3).x should be 170. Was 160."
          RenderBR {br} at (452,45) size 1x15
        RenderInline {span} at (0,0) size 453x15
          RenderInline {span} at (0,0) size 453x15
            RenderInline {span} at (0,0) size 32x15
              RenderText {#text} at (0,60) size 32x15
                text run at (0,60) width 32: "FAIL"
            RenderText {#text} at (31,60) size 422x15
              text run at (31,60) width 422: " t.getStartPositionOfChar(4).x should be 170. Was 190."
          RenderBR {br} at (452,60) size 1x15
        RenderInline {span} at (0,0) size 453x15
          RenderInline {span} at (0,0) size 453x15
            RenderInline {span} at (0,0) size 32x15
              RenderText {#text} at (0,75) size 32x15
                text run at (0,75) width 32: "FAIL"
            RenderText {#text} at (31,75) size 422x15
              text run at (31,75) width 422: " t.getStartPositionOfChar(5).x should be 240. Was 220."
          RenderBR {br} at (452,75) size 1x15
        RenderInline {span} at (0,0) size 453x15
          RenderInline {span} at (0,0) size 453x15
            RenderInline {span} at (0,0) size 32x15
              RenderText {#text} at (0,90) size 32x15
                text run at (0,90) width 32: "FAIL"
            RenderText {#text} at (31,90) size 422x15
              text run at (31,90) width 422: " t.getStartPositionOfChar(6).x should be 240. Was 280."
          RenderBR {br} at (452,90) size 1x15
        RenderInline {span} at (0,0) size 453x15
          RenderInline {span} at (0,0) size 453x15
            RenderInline {span} at (0,0) size 32x15
              RenderText {#text} at (0,105) size 32x15
                text run at (0,105) width 32: "FAIL"
            RenderText {#text} at (31,105) size 422x15
              text run at (31,105) width 422: " t.getStartPositionOfChar(7).x should be 310. Was 340."
          RenderBR {br} at (452,105) size 1x15
        RenderInline {span} at (0,0) size 453x15
          RenderInline {span} at (0,0) size 453x15
            RenderInline {span} at (0,0) size 32x15
              RenderText {#text} at (0,120) size 32x15
                text run at (0,120) width 32: "FAIL"
            RenderText {#text} at (31,120) size 422x15
              text run at (31,120) width 422: " t.getStartPositionOfChar(8).x should be 310. Was 400."
          RenderBR {br} at (452,120) size 1x15
        RenderInline {span} at (0,0) size 453x15
          RenderInline {span} at (0,0) size 453x15
            RenderInline {span} at (0,0) size 32x15
              RenderText {#text} at (0,135) size 32x15
                text run at (0,135) width 32: "FAIL"
            RenderText {#text} at (31,135) size 422x15
              text run at (31,135) width 422: " t.getStartPositionOfChar(9).x should be 390. Was 500."
          RenderBR {br} at (452,135) size 1x15
        RenderInline {span} at (0,0) size 422x15
          RenderInline {span} at (0,0) size 422x15
            RenderInline {span} at (0,0) size 32x15
              RenderText {#text} at (0,150) size 32x15
                text run at (0,150) width 32: "FAIL"
            RenderText {#text} at (31,150) size 391x15
              text run at (31,150) width 391: " t.getEndPositionOfChar(0).x should be 70. Was 30."
          RenderBR {br} at (421,150) size 1x15
        RenderInline {span} at (0,0) size 422x15
          RenderInline {span} at (0,0) size 422x15
            RenderInline {span} at (0,0) size 32x15
              RenderText {#text} at (0,165) size 32x15
                text run at (0,165) width 32: "FAIL"
            RenderText {#text} at (31,165) size 391x15
              text run at (31,165) width 391: " t.getEndPositionOfChar(1).x should be 70. Was 60."
          RenderBR {br} at (421,165) size 1x15
        RenderInline {span} at (0,0) size 437x15
          RenderInline {span} at (0,0) size 437x15
            RenderInline {span} at (0,0) size 32x15
              RenderText {#text} at (0,180) size 32x15
                text run at (0,180) width 32: "FAIL"
            RenderText {#text} at (31,180) size 406x15
              text run at (31,180) width 406: " t.getEndPositionOfChar(2).x should be 170. Was 160."
          RenderBR {br} at (436,180) size 1x15
        RenderInline {span} at (0,0) size 437x15
          RenderInline {span} at (0,0) size 437x15
            RenderInline {span} at (0,0) size 32x15
              RenderText {#text} at (0,195) size 32x15
                text run at (0,195) width 32: "FAIL"
            RenderText {#text} at (31,195) size 406x15
              text run at (31,195) width 406: " t.getEndPositionOfChar(3).x should be 240. Was 190."
          RenderBR {br} at (436,195) size 1x15
        RenderInline {span} at (0,0) size 437x15
          RenderInline {span} at (0,0) size 437x15
            RenderInline {span} at (0,0) size 32x15
              RenderText {#text} at (0,210) size 32x15
                text run at (0,210) width 32: "FAIL"
            RenderText {#text} at (31,210) size 406x15
              text run at (31,210) width 406: " t.getEndPositionOfChar(4).x should be 240. Was 220."
          RenderBR {br} at (436,210) size 1x15
        RenderInline {span} at (0,0) size 437x15
          RenderInline {span} at (0,0) size 437x15
            RenderInline {span} at (0,0) size 32x15
              RenderText {#text} at (0,225) size 32x15
                text run at (0,225) width 32: "FAIL"
            RenderText {#text} at (31,225) size 406x15
              text run at (31,225) width 406: " t.getEndPositionOfChar(5).x should be 310. Was 280."
          RenderBR {br} at (436,225) size 1x15
        RenderInline {span} at (0,0) size 437x15
          RenderInline {span} at (0,0) size 437x15
            RenderInline {span} at (0,0) size 32x15
              RenderText {#text} at (0,240) size 32x15
                text run at (0,240) width 32: "FAIL"
            RenderText {#text} at (31,240) size 406x15
              text run at (31,240) width 406: " t.getEndPositionOfChar(6).x should be 310. Was 340."
          RenderBR {br} at (436,240) size 1x15
        RenderInline {span} at (0,0) size 437x15
          RenderInline {span} at (0,0) size 437x15
            RenderInline {span} at (0,0) size 32x15
              RenderText {#text} at (0,255) size 32x15
                text run at (0,255) width 32: "FAIL"
            RenderText {#text} at (31,255) size 406x15
              text run at (31,255) width 406: " t.getEndPositionOfChar(7).x should be 390. Was 400."
          RenderBR {br} at (436,255) size 1x15
        RenderInline {span} at (0,0) size 437x15
          RenderInline {span} at (0,0) size 437x15
            RenderInline {span} at (0,0) size 32x15
              RenderText {#text} at (0,270) size 32x15
                text run at (0,270) width 32: "FAIL"
            RenderText {#text} at (31,270) size 406x15
              text run at (31,270) width 406: " t.getEndPositionOfChar(8).x should be 390. Was 500."
          RenderBR {br} at (436,270) size 1x15
        RenderInline {span} at (0,0) size 515x15
          RenderInline {span} at (0,0) size 515x15
            RenderInline {span} at (0,0) size 32x15
              RenderText {#text} at (0,285) size 32x15
                text run at (0,285) width 32: "FAIL"
            RenderText {#text} at (31,285) size 484x15
              text run at (31,285) width 484: " t.getEndPositionOfChar(9).x should be 590. Was 568.505859375."
          RenderBR {br} at (514,285) size 1x15
