layer at (0,0) size 800x600
  RenderView at (0,0) size 800x600
layer at (0,0) size 800x518
  RenderBlock {html} at (0,0) size 800x518 [bgcolor=#FFFFFF]
layer at (173,32) size 454x454
  RenderBody {body} at (173,32) size 454x454 [color=#FFFFFF] [bgcolor=#DD6600]
    RenderBlock {div} at (0,0) size 454x0
      RenderBlock {div} at (0,0) size 454x0
        RenderBlock {div} at (0,0) size 454x0
    RenderBlock {div} at (0,0) size 454x0
      RenderInline {span} at (0,0) size 0x0
    RenderBlock {div} at (0,0) size 454x0
      RenderInline {span} at (0,0) size 0x0
    RenderBlock {div} at (0,0) size 454x0
      RenderInline {span} at (0,0) size 0x0
    RenderBlock {div} at (0,0) size 454x0
      RenderInline {span} at (0,0) size 0x0
    RenderBlock {div} at (0,0) size 454x0
      RenderInline {span} at (0,0) size 0x0
    RenderBlock {div} at (0,0) size 454x0
      RenderInline {span} at (0,0) size 0x0
layer at (173,47) size 454x188
  RenderBlock (positioned) {h1} at (0,15) size 454x189 [color=#DD9955]
    RenderInline {span} at (0,0) size 330x181
      RenderText {#text} at (83,3) size 330x181
        text run at (83,3) width 142: "CSS"
        text run at (196,3) width 174: " ZEN"
        text run at (62,97) width 330: "GARDEN"
layer at (173,119) size 454x21
  RenderBlock (positioned) {h2} at (0,87) size 454x22 [color=#EEFF00]
    RenderInline {span} at (0,0) size 149x19
      RenderText {#text} at (152,1) size 88x19
        text run at (152,1) width 88: "The Beauty of "
      RenderInline {acronym} at (0,0) size 22x19
        RenderText {#text} at (239,1) size 22x19
          text run at (239,1) width 22: "CSS"
      RenderText {#text} at (260,1) size 41x19
        text run at (260,1) width 41: " Design"
layer at (173,379) size 454x107
  RenderBlock (positioned) {div} at (0,347) size 454x107
    RenderInline {p} at (0,0) size 431x28
      RenderInline {span} at (0,0) size 431x28
        RenderText {#text} at (11,0) size 431x28
          text run at (11,0) width 431: "Littering a dark and dreary road lay the past relics of browser-specific tags,"
          text run at (11,14) width 72: "incompatible "
        RenderInline {acronym} at (0,0) size 31x14
          RenderText {#text} at (82,14) size 31x14
            text run at (82,14) width 31: "DOM"
        RenderText {#text} at (112,14) size 78x14
          text run at (112,14) width 78: "s, and broken "
        RenderInline {acronym} at (0,0) size 23x14
          RenderText {#text} at (189,14) size 23x14
            text run at (189,14) width 23: "CSS"
        RenderText {#text} at (211,14) size 48x14
          text run at (211,14) width 48: " support."
    RenderText {#text} at (258,14) size 6x14
      text run at (258,14) width 6: " "
    RenderInline {p} at (0,0) size 431x42
      RenderInline {span} at (0,0) size 431x42
        RenderText {#text} at (263,14) size 431x42
          text run at (263,14) width 179: "Today, we must clear the mind of"
          text run at (11,28) width 431: "past practices. Web enlightenment has been achieved thanks to the tireless efforts of"
          text run at (11,42) width 71: "folk like the "
        RenderInline {acronym} at (0,0) size 28x14
          RenderText {#text} at (81,42) size 28x14
            text run at (81,42) width 28: "W3C"
        RenderText {#text} at (108,42) size 9x14
          text run at (108,42) width 9: ", "
        RenderInline {acronym} at (0,0) size 33x14
          RenderText {#text} at (116,42) size 33x14
            text run at (116,42) width 33: "WaSP"
        RenderText {#text} at (148,42) size 179x14
          text run at (148,42) width 179: " and the major browser creators."
    RenderText {#text} at (326,42) size 7x14
      text run at (326,42) width 7: " "
    RenderInline {p} at (0,0) size 431x56
      RenderInline {span} at (0,0) size 431x56
        RenderText {#text} at (332,42) size 431x56
          text run at (332,42) width 110: "The css Zen Garden"
          text run at (11,56) width 431: "invites you to relax and meditate on the important lessons of the masters. Begin to"
          text run at (11,70) width 431: "see with clarity. Learn to use the (yet to be) time-honored techniques in new and"
          text run at (11,84) width 243: "invigorating fashion. Become one with the web."
    RenderText {#text} at (0,0) size 0x0
layer at (321,235) size 306x80
  RenderBlock (positioned) {h3} at (148,-144) size 306x81 [color=#CCCC77] [bgcolor=#888811] [border: (3px solid #888811) none (3px solid #888811)]
    RenderInline {span} at (0,0) size 223x79
      RenderText {#text} at (89,0) size 223x79
        text run at (89,0) width 187: "The Road to"
        text run at (53,37) width 223: "Enlightenment"
