layer at (0,0) size 800x600
  RenderView at (0,0) size 800x600
layer at (0,0) size 800x600
  RenderBlock {HTML} at (0,0) size 800x600
    RenderBody {BODY} at (8,8) size 784x576
      RenderBlock {H1} at (0,0) size 784x37
        RenderText {#text} at (0,0) size 359x37
          text run at (0,0) width 359: "Meters with border values"
      RenderBlock {UL} at (0,58) size 784x271
        RenderListItem {LI} at (40,0) size 744x18
          RenderListMarker at (-17,0) size 7x18: bullet
          RenderText {#text} at (0,0) size 166x18
            text run at (0,0) width 166: "min,low,optimal,high,max"
        RenderListItem {LI} at (40,18) size 744x18
          RenderListMarker at (-17,0) size 7x18: bullet
          RenderInline {B} at (0,0) size 8x18
            RenderText {#text} at (0,0) size 8x18
              text run at (0,0) width 8: "9"
          RenderText {#text} at (8,0) size 107x18
            text run at (8,0) width 107: "|10,20,30,40,50: "
          RenderMeter {METER} at (115,1) size 80x17
        RenderListItem {LI} at (40,36) size 744x18
          RenderListMarker at (-17,0) size 7x18: bullet
          RenderInline {B} at (0,0) size 16x18
            RenderText {#text} at (0,0) size 16x18
              text run at (0,0) width 16: "10"
          RenderText {#text} at (16,0) size 88x18
            text run at (16,0) width 88: ",20,30,40,50: "
          RenderMeter {METER} at (104,1) size 80x17
        RenderListItem {LI} at (40,54) size 744x18
          RenderListMarker at (-17,0) size 7x18: bullet
          RenderText {#text} at (0,0) size 20x18
            text run at (0,0) width 20: "10,"
          RenderInline {B} at (0,0) size 16x18
            RenderText {#text} at (20,0) size 16x18
              text run at (20,0) width 16: "20"
          RenderText {#text} at (36,0) size 68x18
            text run at (36,0) width 68: ",30,40,50: "
          RenderMeter {METER} at (104,1) size 80x17
          RenderText {#text} at (184,0) size 110x18
            text run at (184,0) width 110: "(should be green)"
        RenderListItem {LI} at (40,72) size 744x18
          RenderListMarker at (-17,0) size 7x18: bullet
          RenderText {#text} at (0,0) size 40x18
            text run at (0,0) width 40: "10,20,"
          RenderInline {B} at (0,0) size 16x18
            RenderText {#text} at (40,0) size 16x18
              text run at (40,0) width 16: "30"
          RenderText {#text} at (56,0) size 48x18
            text run at (56,0) width 48: ",40,50: "
          RenderMeter {METER} at (104,1) size 80x17
          RenderText {#text} at (184,0) size 110x18
            text run at (184,0) width 110: "(should be green)"
        RenderListItem {LI} at (40,90) size 744x18
          RenderListMarker at (-17,0) size 7x18: bullet
          RenderText {#text} at (0,0) size 60x18
            text run at (0,0) width 60: "10,20,30,"
          RenderInline {B} at (0,0) size 16x18
            RenderText {#text} at (60,0) size 16x18
              text run at (60,0) width 16: "40"
          RenderText {#text} at (76,0) size 28x18
            text run at (76,0) width 28: ",50: "
          RenderMeter {METER} at (104,1) size 80x17
          RenderText {#text} at (184,0) size 110x18
            text run at (184,0) width 110: "(should be green)"
        RenderListItem {LI} at (40,108) size 744x18
          RenderListMarker at (-17,0) size 7x18: bullet
          RenderText {#text} at (0,0) size 80x18
            text run at (0,0) width 80: "10,20,30,40,"
          RenderInline {B} at (0,0) size 16x18
            RenderText {#text} at (80,0) size 16x18
              text run at (80,0) width 16: "50"
          RenderText {#text} at (96,0) size 8x18
            text run at (96,0) width 8: ": "
          RenderMeter {METER} at (104,1) size 80x17
          RenderText {#text} at (184,0) size 118x18
            text run at (184,0) width 118: "(should be yellow)"
        RenderListItem {LI} at (40,126) size 744x18
          RenderListMarker at (-17,0) size 7x18: bullet
          RenderText {#text} at (0,0) size 99x18
            text run at (0,0) width 99: "10,20,30,40,50|"
          RenderInline {B} at (0,0) size 16x18
            RenderText {#text} at (99,0) size 16x18
              text run at (99,0) width 16: "51"
          RenderText {#text} at (115,0) size 8x18
            text run at (115,0) width 8: ": "
          RenderMeter {METER} at (123,1) size 80x17
          RenderText {#text} at (203,0) size 118x18
            text run at (203,0) width 118: "(should be yellow)"
        RenderListItem {LI} at (40,144) size 744x18
          RenderListMarker at (-17,0) size 7x18: bullet
          RenderText {#text} at (0,0) size 20x18
            text run at (0,0) width 20: "10,"
          RenderInline {B} at (0,0) size 16x18
            RenderText {#text} at (20,0) size 16x18
              text run at (20,0) width 16: "10"
          RenderText {#text} at (36,0) size 68x18
            text run at (36,0) width 68: ",30,40,50: "
          RenderMeter {METER} at (104,1) size 80x17
        RenderListItem {LI} at (40,162) size 744x18
          RenderListMarker at (-17,0) size 7x18: bullet
          RenderText {#text} at (0,0) size 60x18
            text run at (0,0) width 60: "10,20,30,"
          RenderInline {B} at (0,0) size 16x18
            RenderText {#text} at (60,0) size 16x18
              text run at (60,0) width 16: "40"
          RenderText {#text} at (76,0) size 28x18
            text run at (76,0) width 28: ",40: "
          RenderMeter {METER} at (104,1) size 80x17
          RenderText {#text} at (184,0) size 110x18
            text run at (184,0) width 110: "(should be green)"
        RenderListItem {LI} at (40,180) size 744x18
          RenderListMarker at (-17,0) size 7x18: bullet
          RenderInline {B} at (0,0) size 8x18
            RenderText {#text} at (0,0) size 8x18
              text run at (0,0) width 8: "9"
          RenderText {#text} at (8,0) size 107x18
            text run at (8,0) width 107: "|10,10,10,20,30: "
          RenderMeter {METER} at (115,1) size 80x17
        RenderListItem {LI} at (40,198) size 744x18
          RenderListMarker at (-17,0) size 7x18: bullet
          RenderText {#text} at (0,0) size 40x18
            text run at (0,0) width 40: "10,10,"
          RenderInline {B} at (0,0) size 16x18
            RenderText {#text} at (40,0) size 16x18
              text run at (40,0) width 16: "10"
          RenderText {#text} at (56,0) size 48x18
            text run at (56,0) width 48: ",20,30: "
          RenderMeter {METER} at (104,1) size 80x17
        RenderListItem {LI} at (40,216) size 744x18
          RenderListMarker at (-17,0) size 7x18: bullet
          RenderText {#text} at (0,0) size 40x18
            text run at (0,0) width 40: "10,20,"
          RenderInline {B} at (0,0) size 16x18
            RenderText {#text} at (40,0) size 16x18
              text run at (40,0) width 16: "30"
          RenderText {#text} at (56,0) size 48x18
            text run at (56,0) width 48: ",30,30: "
          RenderMeter {METER} at (104,1) size 80x17
          RenderText {#text} at (184,0) size 110x18
            text run at (184,0) width 110: "(should be green)"
        RenderListItem {LI} at (40,234) size 744x18
          RenderListMarker at (-17,0) size 7x18: bullet
          RenderText {#text} at (0,0) size 99x18
            text run at (0,0) width 99: "10,20,30,30,30|"
          RenderInline {B} at (0,0) size 16x18
            RenderText {#text} at (99,0) size 16x18
              text run at (99,0) width 16: "31"
          RenderText {#text} at (115,0) size 8x18
            text run at (115,0) width 8: ": "
          RenderMeter {METER} at (123,1) size 80x17
          RenderText {#text} at (203,0) size 110x18
            text run at (203,0) width 110: "(should be green)"
        RenderListItem {LI} at (40,252) size 744x18
          RenderListMarker at (-17,0) size 7x18: bullet
          RenderText {#text} at (0,0) size 40x18
            text run at (0,0) width 40: "10,20,"
          RenderInline {B} at (0,0) size 16x18
            RenderText {#text} at (40,0) size 16x18
              text run at (40,0) width 16: "20"
          RenderText {#text} at (56,0) size 48x18
            text run at (56,0) width 48: ",20,30: "
          RenderMeter {METER} at (104,1) size 80x17
          RenderText {#text} at (184,0) size 110x18
            text run at (184,0) width 110: "(should be green)"
