EDITING DELEGATE: shouldBeginEditingInDOMRange:range from 0 of DIV > BODY > HTML > #document to 3 of DIV > BODY > HTML > #document
EDITING DELEGATE: webViewDidBeginEditing:WebViewDidBeginEditingNotification
EDITING DELEGATE: webViewDidChangeSelection:WebViewDidChangeSelectionNotification
EDITING DELEGATE: webViewDidChangeSelection:WebViewDidChangeSelectionNotification
EDITING DELEGATE: webViewDidChangeSelection:WebViewDidChangeSelectionNotification
EDITING DELEGATE: webViewDidChangeSelection:WebViewDidChangeSelectionNotification
EDITING DELEGATE: webViewDidChangeSelection:WebViewDidChangeSelectionNotification
EDITING DELEGATE: webViewDidChangeSelection:WebViewDidChangeSelectionNotification
EDITING DELEGATE: webViewDidChangeSelection:WebViewDidChangeSelectionNotification
EDITING DELEGATE: webViewDidChangeSelection:WebViewDidChangeSelectionNotification
EDITING DELEGATE: webViewDidChangeSelection:WebViewDidChangeSelectionNotification
EDITING DELEGATE: webViewDidChangeSelection:WebViewDidChangeSelectionNotification
EDITING DELEGATE: webViewDidChangeSelection:WebViewDidChangeSelectionNotification
EDITING DELEGATE: shouldDeleteDOMRange:range from 1 of #text > DIV > DIV > BODY > HTML > #document to 0 of #text > DIV > DIV > BODY > HTML > #document
EDITING DELEGATE: shouldChangeSelectedDOMRange:range from 0 of DIV > DIV > BODY > HTML > #document to 0 of #text > DIV > DIV > BODY > HTML > #document toDOMRange:range from 0 of DIV > DIV > BODY > HTML > #document to 0 of DIV > DIV > BODY > HTML > #document affinity:NSSelectionAffinityDownstream stillSelecting:FALSE
EDITING DELEGATE: webViewDidChangeSelection:WebViewDidChangeSelectionNotification
EDITING DELEGATE: webViewDidChange:WebViewDidChangeNotification
layer at (0,0) size 800x600
  RenderView at (0,0) size 800x600
layer at (0,0) size 800x600
  RenderBlock {HTML} at (0,0) size 800x600
    RenderBody {BODY} at (8,8) size 784x584
      RenderBlock {DIV} at (0,0) size 784x241 [border: (4px solid #0000FF)]
        RenderBlock {DIV} at (20,20) size 744x69
          RenderText {#text} at (0,0) size 65x26
            text run at (0,0) width 65: "Tests: "
          RenderBR {BR} at (0,0) size 0x0
          RenderText {#text} at (0,27) size 663x20
            text run at (0,27) width 663: "Our ability to \"edit around\" content the HTML editing code does not yet handle very well. "
          RenderBR {BR} at (662,27) size 1x20
          RenderInline {I} at (0,0) size 99x20
            RenderText {#text} at (0,48) size 99x20
              text run at (0,48) width 99: "For this test: "
          RenderText {#text} at (98,48) size 393x20
            text run at (98,48) width 393: "Select and delete a list and some surrounding content."
        RenderBlock (anonymous) at (20,89) size 744x21
          RenderBR {BR} at (0,0) size 0x20
        RenderBlock {DIV} at (20,110) size 744x111
          RenderText {#text} at (0,0) size 189x26
            text run at (0,0) width 189: "Expected Results: "
          RenderBR {BR} at (188,5) size 1x20
          RenderText {#text} at (0,27) size 709x41
            text run at (0,27) width 709: "The content in the red box must exactly match the content in the green box (except for the border"
            text run at (0,48) width 53: "color). "
          RenderBR {BR} at (53,48) size 0x20
          RenderInline {I} at (0,0) size 99x20
            RenderText {#text} at (0,69) size 99x20
              text run at (0,69) width 99: "For this test: "
          RenderText {#text} at (98,69) size 744x41
            text run at (98,69) width 305: "Only selected content should get deleted. "
            text run at (402,69) width 342: "Surrounding content that is not selected should"
            text run at (0,90) width 201: "(obviously) not be affected."
      RenderBlock {DIV} at (0,251) size 784x31 [border: (2px solid #008000)]
        RenderText {#text} at (2,2) size 45x26
          text run at (2,2) width 45: "after"
      RenderBlock {DIV} at (0,292) size 784x31
        RenderBlock {DIV} at (0,0) size 784x31 [border: (2px solid #FF0000)]
          RenderText {#text} at (2,2) size 45x26
            text run at (2,2) width 45: "after"
caret: position 0 of child 0 {#text} of child 1 {DIV} of child 5 {DIV} of body
