EDITING DELEGATE: shouldBeginEditingInDOMRange:range from 0 of DIV > BODY > HTML > #document to 3 of DIV > BODY > HTML > #document
EDITING DELEGATE: webViewDidBeginEditing:WebViewDidBeginEditingNotification
EDITING DELEGATE: webViewDidChangeSelection:WebViewDidChangeSelectionNotification
EDITING DELEGATE: webViewDidChangeSelection:WebViewDidChangeSelectionNotification
EDITING DELEGATE: webViewDidChangeSelection:WebViewDidChangeSelectionNotification
EDITING DELEGATE: webViewDidChangeSelection:WebViewDidChangeSelectionNotification
EDITING DELEGATE: webViewDidChangeSelection:WebViewDidChangeSelectionNotification
EDITING DELEGATE: webViewDidChangeSelection:WebViewDidChangeSelectionNotification
EDITING DELEGATE: webViewDidChangeSelection:WebViewDidChangeSelectionNotification
EDITING DELEGATE: webViewDidChangeSelection:WebViewDidChangeSelectionNotification
EDITING DELEGATE: webViewDidChangeSelection:WebViewDidChangeSelectionNotification
EDITING DELEGATE: webViewDidChangeSelection:WebViewDidChangeSelectionNotification
EDITING DELEGATE: webViewDidChangeSelection:WebViewDidChangeSelectionNotification
EDITING DELEGATE: shouldChangeSelectedDOMRange:range from 2 of DIV > DIV > BODY > HTML > #document to 2 of DIV > DIV > BODY > HTML > #document toDOMRange:range from 1 of #text > DIV > DIV > BODY > HTML > #document to 1 of #text > DIV > DIV > BODY > HTML > #document affinity:NSSelectionAffinityDownstream stillSelecting:FALSE
EDITING DELEGATE: webViewDidChangeSelection:WebViewDidChangeSelectionNotification
EDITING DELEGATE: webViewDidChange:WebViewDidChangeNotification
EDITING DELEGATE: shouldChangeSelectedDOMRange:range from 1 of #text > DIV > DIV > BODY > HTML > #document to 1 of #text > DIV > DIV > BODY > HTML > #document toDOMRange:range from 2 of #text > DIV > DIV > BODY > HTML > #document to 2 of #text > DIV > DIV > BODY > HTML > #document affinity:NSSelectionAffinityDownstream stillSelecting:FALSE
EDITING DELEGATE: webViewDidChangeSelection:WebViewDidChangeSelectionNotification
EDITING DELEGATE: webViewDidChange:WebViewDidChangeNotification
EDITING DELEGATE: shouldChangeSelectedDOMRange:range from 2 of #text > DIV > DIV > BODY > HTML > #document to 2 of #text > DIV > DIV > BODY > HTML > #document toDOMRange:range from 3 of #text > DIV > DIV > BODY > HTML > #document to 3 of #text > DIV > DIV > BODY > HTML > #document affinity:NSSelectionAffinityDownstream stillSelecting:FALSE
EDITING DELEGATE: webViewDidChangeSelection:WebViewDidChangeSelectionNotification
EDITING DELEGATE: webViewDidChange:WebViewDidChangeNotification
layer at (0,0) size 800x600
  RenderView at (0,0) size 800x600
layer at (0,0) size 800x600
  RenderBlock {HTML} at (0,0) size 800x600
    RenderBody {BODY} at (8,8) size 784x584
      RenderBlock {DIV} at (0,0) size 784x220 [border: (4px solid #0000FF)]
        RenderBlock {DIV} at (20,20) size 744x69
          RenderText {#text} at (0,0) size 65x26
            text run at (0,0) width 65: "Tests: "
          RenderBR {BR} at (0,0) size 0x0
          RenderText {#text} at (0,27) size 663x20
            text run at (0,27) width 663: "Our ability to \"edit around\" content the HTML editing code does not yet handle very well. "
          RenderBR {BR} at (662,27) size 1x20
          RenderInline {I} at (0,0) size 99x20
            RenderText {#text} at (0,48) size 99x20
              text run at (0,48) width 99: "For this test: "
          RenderText {#text} at (98,48) size 178x20
            text run at (98,48) width 178: "Test typing after a table."
        RenderBlock (anonymous) at (20,89) size 744x21
          RenderBR {BR} at (0,0) size 0x20
        RenderBlock {DIV} at (20,110) size 744x90
          RenderText {#text} at (0,0) size 189x26
            text run at (0,0) width 189: "Expected Results: "
          RenderBR {BR} at (188,5) size 1x20
          RenderText {#text} at (0,27) size 709x41
            text run at (0,27) width 709: "The content in the red box must exactly match the content in the green box (except for the border"
            text run at (0,48) width 53: "color). "
          RenderBR {BR} at (53,48) size 0x20
          RenderInline {I} at (0,0) size 99x20
            RenderText {#text} at (0,69) size 99x20
              text run at (0,69) width 99: "For this test: "
          RenderText {#text} at (98,69) size 437x20
            text run at (98,69) width 437: "Typed text should appear after (on the line below) the table."
      RenderBlock {DIV} at (0,230) size 784x107 [border: (2px solid #008000)]
        RenderTable {TABLE} at (2,2) size 46x76 [border: (1px outset #808080)]
          RenderTableSection {TBODY} at (1,1) size 44x74
            RenderTableRow {TR} at (0,2) size 44x22
              RenderTableCell {TD} at (2,2) size 12x22 [border: (1px inset #808080)] [r=0 c=0 rs=1 cs=1]
                RenderText {#text} at (2,2) size 8x17
                  text run at (2,2) width 8: "1"
              RenderTableCell {TD} at (16,2) size 12x22 [border: (1px inset #808080)] [r=0 c=1 rs=1 cs=1]
                RenderText {#text} at (2,2) size 8x17
                  text run at (2,2) width 8: "2"
              RenderTableCell {TD} at (30,2) size 12x22 [border: (1px inset #808080)] [r=0 c=2 rs=1 cs=1]
                RenderText {#text} at (2,2) size 8x17
                  text run at (2,2) width 8: "3"
            RenderTableRow {TR} at (0,26) size 44x22
              RenderTableCell {TD} at (2,26) size 12x22 [border: (1px inset #808080)] [r=1 c=0 rs=1 cs=1]
                RenderText {#text} at (2,2) size 8x17
                  text run at (2,2) width 8: "4"
              RenderTableCell {TD} at (16,26) size 12x22 [border: (1px inset #808080)] [r=1 c=1 rs=1 cs=1]
                RenderText {#text} at (2,2) size 8x17
                  text run at (2,2) width 8: "5"
              RenderTableCell {TD} at (30,26) size 12x22 [border: (1px inset #808080)] [r=1 c=2 rs=1 cs=1]
                RenderText {#text} at (2,2) size 8x17
                  text run at (2,2) width 8: "6"
            RenderTableRow {TR} at (0,50) size 44x22
              RenderTableCell {TD} at (2,50) size 12x22 [border: (1px inset #808080)] [r=2 c=0 rs=1 cs=1]
                RenderText {#text} at (2,2) size 8x17
                  text run at (2,2) width 8: "7"
              RenderTableCell {TD} at (16,50) size 12x22 [border: (1px inset #808080)] [r=2 c=1 rs=1 cs=1]
                RenderText {#text} at (2,2) size 8x17
                  text run at (2,2) width 8: "8"
              RenderTableCell {TD} at (30,50) size 12x22 [border: (1px inset #808080)] [r=2 c=2 rs=1 cs=1]
                RenderText {#text} at (2,2) size 8x17
                  text run at (2,2) width 8: "9"
        RenderBlock (anonymous) at (2,78) size 780x27
          RenderText {#text} at (0,0) size 36x26
            text run at (0,0) width 36: "xxx"
      RenderBlock {DIV} at (0,347) size 784x107
        RenderBlock {DIV} at (0,0) size 784x107 [border: (2px solid #FF0000)]
          RenderTable {TABLE} at (2,2) size 46x76 [border: (1px outset #808080)]
            RenderTableSection {TBODY} at (1,1) size 44x74
              RenderTableRow {TR} at (0,2) size 44x22
                RenderTableCell {TD} at (2,2) size 12x22 [border: (1px inset #808080)] [r=0 c=0 rs=1 cs=1]
                  RenderText {#text} at (2,2) size 8x17
                    text run at (2,2) width 8: "1"
                RenderTableCell {TD} at (16,2) size 12x22 [border: (1px inset #808080)] [r=0 c=1 rs=1 cs=1]
                  RenderText {#text} at (2,2) size 8x17
                    text run at (2,2) width 8: "2"
                RenderTableCell {TD} at (30,2) size 12x22 [border: (1px inset #808080)] [r=0 c=2 rs=1 cs=1]
                  RenderText {#text} at (2,2) size 8x17
                    text run at (2,2) width 8: "3"
              RenderTableRow {TR} at (0,26) size 44x22
                RenderTableCell {TD} at (2,26) size 12x22 [border: (1px inset #808080)] [r=1 c=0 rs=1 cs=1]
                  RenderText {#text} at (2,2) size 8x17
                    text run at (2,2) width 8: "4"
                RenderTableCell {TD} at (16,26) size 12x22 [border: (1px inset #808080)] [r=1 c=1 rs=1 cs=1]
                  RenderText {#text} at (2,2) size 8x17
                    text run at (2,2) width 8: "5"
                RenderTableCell {TD} at (30,26) size 12x22 [border: (1px inset #808080)] [r=1 c=2 rs=1 cs=1]
                  RenderText {#text} at (2,2) size 8x17
                    text run at (2,2) width 8: "6"
              RenderTableRow {TR} at (0,50) size 44x22
                RenderTableCell {TD} at (2,50) size 12x22 [border: (1px inset #808080)] [r=2 c=0 rs=1 cs=1]
                  RenderText {#text} at (2,2) size 8x17
                    text run at (2,2) width 8: "7"
                RenderTableCell {TD} at (16,50) size 12x22 [border: (1px inset #808080)] [r=2 c=1 rs=1 cs=1]
                  RenderText {#text} at (2,2) size 8x17
                    text run at (2,2) width 8: "8"
                RenderTableCell {TD} at (30,50) size 12x22 [border: (1px inset #808080)] [r=2 c=2 rs=1 cs=1]
                  RenderText {#text} at (2,2) size 8x17
                    text run at (2,2) width 8: "9"
          RenderBlock (anonymous) at (2,78) size 780x27
            RenderText {#text} at (0,0) size 36x26
              text run at (0,0) width 36: "xxx"
caret: position 3 of child 2 {#text} of child 1 {DIV} of child 5 {DIV} of body
