layer at (0,0) size 800x600
  RenderView at (0,0) size 800x600
layer at (0,0) size 800x600
  RenderBlock {HTML} at (0,0) size 800x600
    RenderBody {BODY} at (8,8) size 784x584
      RenderBlock {P} at (0,0) size 784x36
        RenderText {#text} at (0,0) size 766x35
          text run at (0,0) width 449: "This tests for a bug when removing links from a selection with Unlink. "
          text run at (449,0) width 317: "There shouldn't be any links *inside the selection*"
          text run at (0,18) width 42: "below."
      RenderBlock {DIV} at (0,52) size 784x36
        RenderBlock (anonymous) at (0,0) size 784x0
        RenderBlock {DIV} at (0,0) size 784x18
          RenderInline {A} at (0,0) size 23x17 [color=#0000EE]
            RenderText {#text} at (0,0) size 23x17
              text run at (0,0) width 23: "Hel"
          RenderInline {SPAN} at (0,0) size 12x17
            RenderText {#text} at (23,0) size 12x17
              text run at (23,0) width 12: "lo"
        RenderBlock {DIV} at (0,18) size 784x18
          RenderInline {SPAN} at (0,0) size 15x17
            RenderText {#text} at (0,0) size 15x17
              text run at (0,0) width 15: "W"
          RenderText {#text} at (15,0) size 30x17
            text run at (15,0) width 30: "orld!"
selection start: position 0 of child 0 {#text} of child 1 {SPAN} of child 0 {DIV} of child 2 {DIV} of body
selection end:   position 1 of child 0 {#text} of child 0 {SPAN} of child 1 {DIV} of child 2 {DIV} of body
