EDITING DELEGATE: shouldBeginEditingInDOMRange:range from 0 of DIV > BODY > HTML > #document to 3 of DIV > BODY > HTML > #document
EDITING DELEGATE: webViewDidBeginEditing:WebViewDidBeginEditingNotification
EDITING DELEGATE: webViewDidChangeSelection:WebViewDidChangeSelectionNotification
EDITING DELEGATE: shouldChangeSelectedDOMRange:range from 0 of DIV > BODY > HTML > #document to 0 of DIV > BODY > HTML > #document toDOMRange:range from 0 of #text > SPAN > DIV > BODY > HTML > #document to 562 of #text > P > SPAN > DIV > BODY > HTML > #document affinity:NSSelectionAffinityDownstream stillSelecting:FALSE
EDITING DELEGATE: webViewDidChangeSelection:WebViewDidChangeSelectionNotification
layer at (0,0) size 800x600
  RenderView at (0,0) size 800x600
layer at (0,0) size 800x600
  RenderBlock {HTML} at (0,0) size 800x600
    RenderBody {BODY} at (8,8) size 784x584
      RenderBlock {DIV} at (0,0) size 784x346 [border: (2px solid #FF0000)]
        RenderBlock (anonymous) at (14,14) size 756x54
          RenderInline {SPAN} at (0,0) size 762x53
            RenderText {#text} at (0,0) size 762x53
              text run at (0,0) width 762: "\"The quick brown fox jumps over the lazy dog\" uses every letter in the english "
              text run at (0,27) width 93: "language."
        RenderBlock (anonymous) at (14,92) size 756x216
          RenderBlock {P} at (0,0) size 756x216
            RenderText {#text} at (0,0) size 762x215
              text run at (0,0) width 458: "Here's to the crazy ones, the misfits, the rebels, "
              text run at (457,0) width 192: "the trouble makers, "
              text run at (648,0) width 98: "the round "
              text run at (0,27) width 242: "pegs in the square holes, "
              text run at (241,27) width 346: "the ones who see things differently. "
              text run at (586,27) width 176: "There not fond of "
              text run at (0,54) width 480: "rules, and they have no respect for the status quo, "
              text run at (479,54) width 195: "you can quote then, "
              text run at (673,54) width 87: "disagree "
              text run at (0,81) width 109: "with them, "
              text run at (108,81) width 216: "glorify or vilify them, "
              text run at (323,81) width 412: "about the only thing you can't do is ignore "
              text run at (0,108) width 60: "them. "
              text run at (59,108) width 279: "Because they change things. "
              text run at (337,108) width 349: "They push the human race forward. "
              text run at (685,108) width 48: "And "
              text run at (0,135) width 430: "while some may see them as the crazy ones, "
              text run at (429,135) width 146: "we see genius. "
              text run at (574,135) width 122: "Because the "
              text run at (0,162) width 626: "people who are crazy enough to think they can change the world "
              text run at (625,162) width 121: "are the ones "
              text run at (0,189) width 78: "who do."
        RenderBlock (anonymous) at (14,332) size 756x0
          RenderInline {SPAN} at (0,0) size 0x0
          RenderText {#text} at (0,0) size 0x0
selection start: position 0 of child 0 {#text} of child 1 {SPAN} of child 1 {DIV} of body
selection end:   position 562 of child 0 {#text} of child 1 {P} of child 1 {SPAN} of child 1 {DIV} of body
