layer at (0,0) size 800x600
  RenderView at (0,0) size 800x600
layer at (0,0) size 800x600
  RenderBlock {HTML} at (0,0) size 800x600
    RenderBody {BODY} at (8,8) size 784x584
      RenderBlock {P} at (0,0) size 784x36
        RenderText {#text} at (0,0) size 718x36
          text run at (0,0) width 711: "This tests to see that deleting a selection that starts just before a table and ends inside the table does not insert a"
          text run at (0,18) width 190: "placeholder br unnecessarily. "
          text run at (189,18) width 255: "You should see two ToDos, one empty. "
          text run at (443,18) width 275: "The caret should be just before the second."
      RenderBlock {DIV} at (0,52) size 784x50
        RenderTable {TABLE} at (0,0) size 131x25
          RenderTableSection {TBODY} at (0,0) size 131x25
            RenderTableRow {TR} at (0,2) size 131x21
              RenderTableCell {TD} at (2,2) size 18x21 [r=0 c=0 rs=1 cs=1]
                RenderText {#text} at (1,1) size 16x18
                  text run at (1,1) width 16: "\x{21D2}"
              RenderTableCell {TD} at (21,2) size 94x21 [r=0 c=1 rs=1 cs=1]
                RenderText {#text} at (1,0) size 91x20
                  text run at (1,1) width 91: "ToDo Content"
              RenderTableCell {TD} at (116,2) size 13x21 [r=0 c=2 rs=1 cs=1]
                RenderText {#text} at (1,2) size 11x18
                  text run at (1,2) width 11: "\x{21E3}"
        RenderTable {TABLE} at (0,25) size 41x25
          RenderTableSection {TBODY} at (0,0) size 41x25
            RenderTableRow {TR} at (0,2) size 41x21
              RenderTableCell {TD} at (2,2) size 18x21 [r=0 c=0 rs=1 cs=1]
                RenderText {#text} at (1,1) size 16x18
                  text run at (1,1) width 16: "\x{21D2}"
              RenderTableCell {TD} at (21,2) size 3x21 [r=0 c=1 rs=1 cs=1]
              RenderTableCell {TD} at (25,2) size 14x21 [r=0 c=2 rs=1 cs=1]
                RenderText {#text} at (1,2) size 11x18
                  text run at (1,2) width 11: "\x{21E3}"
caret: position 0 of child 3 {TABLE} of child 2 {DIV} of body
