layer at (0,0) size 800x600
  RenderView at (0,0) size 800x600
layer at (0,0) size 800x600
  RenderBlock {HTML} at (0,0) size 800x600
    RenderBody {BODY} at (8,8) size 784x584
      RenderBlock {P} at (0,0) size 784x36
        RenderText {#text} at (0,0) size 782x36
          text run at (0,0) width 782: "This tests for a hang on delete where a style rule would cause style spans in content moved after the delete to be displayed"
          text run at (0,18) width 204: "as blocks. You should see Hello"
        RenderInline {B} at (0,0) size 45x18
          RenderText {#text} at (203,18) size 45x18
            text run at (203,18) width 45: "World"
        RenderText {#text} at (247,18) size 47x18
          text run at (247,18) width 47: " below."
      RenderBlock {DIV} at (0,52) size 784x18
        RenderBlock {DIV} at (0,0) size 784x18
          RenderText {#text} at (0,0) size 36x18
            text run at (0,0) width 36: "Hello"
          RenderInline {SPAN} at (0,0) size 45x18
            RenderText {#text} at (35,0) size 45x18
              text run at (35,0) width 45: "World"
caret: position 5 of child 0 {#text} of child 1 {DIV} of child 2 {DIV} of body
