EDITING DELEGATE: shouldBeginEditingInDOMRange:range from 0 of DIV > BODY > HTML > #document to 3 of DIV > BODY > HTML > #document
EDITING DELEGATE: webViewDidBeginEditing:WebViewDidBeginEditingNotification
EDITING DELEGATE: webViewDidChangeSelection:WebViewDidChangeSelectionNotification
EDITING DELEGATE: webViewDidChangeSelection:WebViewDidChangeSelectionNotification
EDITING DELEGATE: webViewDidChangeSelection:WebViewDidChangeSelectionNotification
EDITING DELEGATE: shouldDeleteDOMRange:range from 0 of P > DIV > BODY > HTML > #document to 2 of DIV > BODY > HTML > #document
EDITING DELEGATE: shouldChangeSelectedDOMRange:range from 0 of P > DIV > BODY > HTML > #document to 2 of DIV > BODY > HTML > #document toDOMRange:range from 0 of P > DIV > BODY > HTML > #document to 0 of P > DIV > BODY > HTML > #document affinity:NSSelectionAffinityDownstream stillSelecting:FALSE
EDITING DELEGATE: webViewDidChangeSelection:WebViewDidChangeSelectionNotification
EDITING DELEGATE: webViewDidChange:WebViewDidChangeNotification
layer at (0,0) size 800x600
  RenderView at (0,0) size 800x600
layer at (0,0) size 800x600
  RenderBlock {HTML} at (0,0) size 800x600
    RenderBody {BODY} at (8,8) size 784x584
      RenderBlock {DIV} at (0,0) size 784x240 [border: (2px solid #0000FF)]
        RenderBlock {DIV} at (14,14) size 756x84
          RenderText {#text} at (0,0) size 66x28
            text run at (0,0) width 66: "Tests: "
          RenderBR {BR} at (65,0) size 1x28
          RenderText {#text} at (0,28) size 622x28
            text run at (0,28) width 622: "Delete at the end of document when there is a BR following a P. "
          RenderBR {BR} at (621,28) size 1x28
          RenderText {#text} at (0,56) size 437x28
            text run at (0,56) width 437: "This is a test case for rdar://problem/4110366"
        RenderBlock {DIV} at (14,114) size 756x112
          RenderText {#text} at (0,0) size 190x28
            text run at (0,0) width 190: "Expected Results: "
          RenderBR {BR} at (189,0) size 1x28
          RenderText {#text} at (0,28) size 715x56
            text run at (0,28) width 239: "Red box with four lines. "
            text run at (238,28) width 477: "The second line is a nested red box with the word"
            text run at (0,56) width 80: "\"hello\". "
            text run at (79,56) width 311: "The other three lines are empty. "
          RenderBR {BR} at (389,56) size 1x28
          RenderText {#text} at (0,84) size 461x28
            text run at (0,84) width 461: "Selection is a caret at the start of the fourth line."
      RenderBlock {DIV} at (0,264) size 784x140 [border: (2px solid #FF0000)]
        RenderBlock {P} at (2,26) size 780x32 [border: (2px solid #FF0000)]
          RenderText {#text} at (2,2) size 48x28
            text run at (2,2) width 48: "hello"
        RenderBlock {P} at (2,82) size 780x32 [border: (2px solid #FF0000)]
          RenderBR {BR} at (2,2) size 0x28
caret: position 0 of child 0 {BR} of child 1 {P} of child 3 {DIV} of body
