EDITING DELEGATE: shouldBeginEditingInDOMRange:range from 0 of DIV > BODY > HTML > #document to 1 of DIV > BODY > HTML > #document
EDITING DELEGATE: webViewDidBeginEditing:WebViewDidBeginEditingNotification
EDITING DELEGATE: webViewDidChangeSelection:WebViewDidChangeSelectionNotification
EDITING DELEGATE: shouldChangeSelectedDOMRange:range from 0 of UL > DIV > BODY > HTML > #document to 0 of UL > DIV > BODY > HTML > #document toDOMRange:range from 0 of DIV > DIV > BODY > HTML > #document to 0 of DIV > DIV > BODY > HTML > #document affinity:NSSelectionAffinityDownstream stillSelecting:FALSE
EDITING DELEGATE: webViewDidChangeSelection:WebViewDidChangeSelectionNotification
EDITING DELEGATE: webViewDidChange:WebViewDidChangeNotification
EDITING DELEGATE: shouldChangeSelectedDOMRange:range from 3 of #text > B > DIV > DIV > BODY > HTML > #document to 3 of #text > B > DIV > DIV > BODY > HTML > #document toDOMRange:range from 3 of #text > B > DIV > DIV > BODY > HTML > #document to 3 of #text > B > DIV > DIV > BODY > HTML > #document affinity:NSSelectionAffinityDownstream stillSelecting:FALSE
EDITING DELEGATE: webViewDidChangeSelection:WebViewDidChangeSelectionNotification
EDITING DELEGATE: webViewDidChange:WebViewDidChangeNotification
layer at (0,0) size 800x600
  RenderView at (0,0) size 800x600
layer at (0,0) size 800x600
  RenderBlock {HTML} at (0,0) size 800x600
    RenderBody {BODY} at (8,8) size 784x576
      RenderBlock {P} at (0,0) size 784x36
        RenderText {#text} at (0,0) size 754x36
          text run at (0,0) width 754: "This tests deletion when the caret is in an empty list item at the beginning of the document. It also makes sure that the"
          text run at (0,18) width 275: "style inside the empty list item is retained. "
          text run at (274,18) width 105: "You should see '"
        RenderInline {B} at (0,0) size 22x18
          RenderText {#text} at (378,18) size 22x18
            text run at (378,18) width 22: "foo"
        RenderText {#text} at (399,18) size 258x18
          text run at (399,18) width 258: "' followed by a list item containing 'bar'."
      RenderBlock {DIV} at (0,52) size 784x52
        RenderBlock {DIV} at (0,0) size 784x18
          RenderInline {B} at (0,0) size 22x18
            RenderText {#text} at (0,0) size 22x18
              text run at (0,0) width 22: "foo"
        RenderBlock {UL} at (0,34) size 784x18
          RenderListItem {LI} at (40,0) size 744x18
            RenderListMarker at (-17,0) size 7x18: bullet
            RenderText {#text} at (0,0) size 21x18
              text run at (0,0) width 21: "bar"
caret: position 3 of child 0 {#text} of child 0 {B} of child 0 {DIV} of child 2 {DIV} of body
