EDITING DELEGATE: shouldBeginEditingInDOMRange:range from 0 of DIV > BODY > HTML > #document to 3 of DIV > BODY > HTML > #document
EDITING DELEGATE: webViewDidBeginEditing:WebViewDidBeginEditingNotification
EDITING DELEGATE: webViewDidChangeSelection:WebViewDidChangeSelectionNotification
EDITING DELEGATE: webViewDidChangeSelection:WebViewDidChangeSelectionNotification
EDITING DELEGATE: webViewDidChangeSelection:WebViewDidChangeSelectionNotification
EDITING DELEGATE: webViewDidChangeSelection:WebViewDidChangeSelectionNotification
EDITING DELEGATE: shouldDeleteDOMRange:range from 3 of DIV > DIV > BODY > HTML > #document to 1 of #text > P > DIV > DIV > BODY > HTML > #document
EDITING DELEGATE: shouldChangeSelectedDOMRange:range from 3 of DIV > DIV > BODY > HTML > #document to 3 of DIV > DIV > BODY > HTML > #document toDOMRange:range from 3 of DIV > DIV > BODY > HTML > #document to 3 of DIV > DIV > BODY > HTML > #document affinity:NSSelectionAffinityDownstream stillSelecting:FALSE
EDITING DELEGATE: webViewDidChangeSelection:WebViewDidChangeSelectionNotification
EDITING DELEGATE: webViewDidChange:WebViewDidChangeNotification
layer at (0,0) size 800x600
  RenderView at (0,0) size 800x600
layer at (0,0) size 800x600
  RenderBlock {HTML} at (0,0) size 800x600
    RenderBody {BODY} at (8,8) size 784x584
      RenderBlock {DIV} at (0,0) size 784x240 [border: (2px solid #0000FF)]
        RenderBlock {DIV} at (14,14) size 756x84
          RenderText {#text} at (0,0) size 66x28
            text run at (0,0) width 66: "Tests: "
          RenderBR {BR} at (65,0) size 1x28
          RenderText {#text} at (0,28) size 731x56
            text run at (0,28) width 731: "Deleting when a selection starts in a blank line created by a BR element and"
            text run at (0,56) width 282: "extends to the end of a block."
        RenderBlock {DIV} at (14,114) size 756x112
          RenderText {#text} at (0,0) size 190x28
            text run at (0,0) width 190: "Expected Results: "
          RenderBR {BR} at (189,0) size 1x28
          RenderText {#text} at (0,28) size 726x84
            text run at (0,28) width 725: "Should see the three lines in the red box. First line should be \"A\". Next two"
            text run at (0,56) width 726: "lines should be empty. Insertion point should be blinking on the second line"
            text run at (0,84) width 195: "(the first blank one)."
      RenderBlock {DIV} at (0,264) size 784x88
        RenderBlock {DIV} at (0,0) size 784x88 [border: (2px solid #FF0000)]
          RenderBlock {P} at (2,2) size 780x28
            RenderText {#text} at (0,0) size 18x28
              text run at (0,0) width 18: "A"
          RenderBlock (anonymous) at (2,30) size 780x28
            RenderBR {BR} at (0,0) size 0x28
          RenderBlock {P} at (2,58) size 780x28
            RenderBR {BR} at (0,0) size 0x28
caret: position 0 of child 3 {BR} of child 1 {DIV} of child 3 {DIV} of body
