EDITING DELEGATE: shouldBeginEditingInDOMRange:range from 0 of DIV > BODY > HTML > #document to 3 of DIV > BODY > HTML > #document
EDITING DELEGATE: webViewDidBeginEditing:WebViewDidBeginEditingNotification
EDITING DELEGATE: webViewDidChangeSelection:WebViewDidChangeSelectionNotification
layer at (0,0) size 800x600
  RenderView at (0,0) size 800x600
layer at (0,0) size 800x600
  RenderBlock {HTML} at (0,0) size 800x600
    RenderBody {BODY} at (8,8) size 784x584
      RenderBlock {DIV} at (0,0) size 784x140 [border: (2px solid #FF0000)]
        RenderBlock {DIV} at (14,14) size 756x112
          RenderBlock (anonymous) at (0,0) size 756x28
            RenderText {#text} at (0,0) size 40x28
              text run at (0,0) width 40: "One"
          RenderBlock {DIV} at (0,28) size 756x56
            RenderText {#text} at (0,0) size 43x28
              text run at (0,0) width 43: "Two"
            RenderBR {BR} at (42,0) size 1x28
            RenderBR {BR} at (0,28) size 0x28
          RenderBlock (anonymous) at (0,84) size 756x28
            RenderText {#text} at (0,0) size 56x28
              text run at (0,0) width 56: "Three"
caret: position 1 of child 0 {#text} of child 1 {DIV} of child 1 {DIV} of body
