EDITING DELEGATE: shouldBeginEditingInDOMRange:range from 0 of BODY > HTML > #document to 7 of BODY > HTML > #document
EDITING DELEGATE: webViewDidBeginEditing:WebViewDidBeginEditingNotification
EDITING DELEGATE: webViewDidChangeSelection:WebViewDidChangeSelectionNotification
EDITING DELEGATE: webViewDidChangeSelection:WebViewDidChangeSelectionNotification
EDITING DELEGATE: webViewDidChangeSelection:WebViewDidChangeSelectionNotification
EDITING DELEGATE: webViewDidChangeSelection:WebViewDidChangeSelectionNotification
EDITING DELEGATE: webViewDidChangeSelection:WebViewDidChangeSelectionNotification
EDITING DELEGATE: webViewDidChangeSelection:WebViewDidChangeSelectionNotification
EDITING DELEGATE: webViewDidChangeSelection:WebViewDidChangeSelectionNotification
EDITING DELEGATE: shouldDeleteDOMRange:range from 2 of #text > B > DIV > BODY > HTML > #document to 2 of #text > I > DIV > BODY > HTML > #document
EDITING DELEGATE: webViewDidChangeSelection:WebViewDidChangeSelectionNotification
EDITING DELEGATE: shouldChangeSelectedDOMRange:range from 0 of #text > I > DIV > BODY > HTML > #document to 2 of BODY > HTML > #document toDOMRange:range from 2 of #text > B > DIV > BODY > HTML > #document to 2 of #text > B > DIV > BODY > HTML > #document affinity:NSSelectionAffinityDownstream stillSelecting:FALSE
EDITING DELEGATE: webViewDidChangeSelection:WebViewDidChangeSelectionNotification
EDITING DELEGATE: webViewDidChange:WebViewDidChangeNotification
layer at (0,0) size 800x600
  RenderView at (0,0) size 800x600
layer at (0,0) size 800x600
  RenderBlock {HTML} at (0,0) size 800x600
    RenderBody {BODY} at (8,8) size 784x584 [border: (2px solid #FF0000)]
      RenderBlock {DIV} at (14,14) size 756x28
        RenderInline {B} at (0,0) size 26x28
          RenderText {#text} at (0,0) size 26x28
            text run at (0,0) width 26: "on"
        RenderInline {I} at (0,0) size 13x28
          RenderText {#text} at (25,0) size 13x28
            text run at (25,0) width 13: "o"
      RenderBlock {DIV} at (14,42) size 756x28
        RenderInline {B} at (0,0) size 53x28
          RenderText {#text} at (0,0) size 53x28
            text run at (0,0) width 53: "three"
        RenderInline {I} at (0,0) size 41x28
          RenderText {#text} at (52,0) size 41x28
            text run at (52,0) width 41: "four"
caret: position 2 of child 0 {#text} of child 0 {B} of child 1 {DIV} of body
