layer at (0,0) size 800x600
  RenderView at (0,0) size 800x600
layer at (0,0) size 800x600
  RenderBlock {HTML} at (0,0) size 800x600
    RenderBody {BODY} at (8,8) size 784x584 [color=#FFFFFF]
      RenderBlock {DIV} at (0,0) size 784x35 [bgcolor=#008000] [border: none (1px solid #000000) none]
        RenderBlock {P} at (0,0) size 784x18
          RenderText {#text} at (0,0) size 408x17
            text run at (0,0) width 408: "This div should be 2em tall with a 1em gap underneath the text."
      RenderBlock {DIV} at (0,35) size 784x18 [bgcolor=#008000]
        RenderText {#text} at (0,0) size 407x17
          text run at (0,0) width 407: "I should also be green and flush with the other green div above."
