layer at (0,0) size 800x600
  RenderView at (0,0) size 800x600
layer at (0,0) size 800x256
  RenderBlock {HTML} at (0,0) size 800x256
    RenderBody {BODY} at (8,16) size 784x224
      RenderBlock {P} at (0,0) size 784x18
        RenderText {#text} at (0,0) size 233x17
          text run at (0,0) width 233: "There should be no red on this page."
      RenderTable {TABLE} at (0,34) size 106x156 [bgcolor=#FF0000] [border: (3px solid #000000)]
        RenderTableSection {TBODY} at (3,3) size 100x150
          RenderTableRow {TR} at (0,0) size 100x150
            RenderTableCell {TD} at (0,0) size 50x150 [bgcolor=#FF0000] [r=0 c=0 rs=1 cs=1]
              RenderBlock {DIV} at (0,0) size 50x50
                RenderBlock {DIV} at (0,0) size 50x150 [bgcolor=#00FFFF]
              RenderBlock {DIV} at (0,50) size 50x50 [bgcolor=#FFFF00]
            RenderTableCell {TD} at (50,0) size 50x150 [bgcolor=#FF0000] [r=0 c=1 rs=1 cs=1]
              RenderBlock {DIV} at (0,0) size 50x50 [border: (50px solid #00FFFF) none]
              RenderBlock {DIV} at (0,50) size 50x50 [border: (50px solid #FFFF00) none]
              RenderBlock {DIV} at (0,100) size 50x50 [border: (50px solid #00FFFF) none]
      RenderBlock {P} at (0,206) size 784x18
        RenderText {#text} at (0,0) size 57x17
          text run at (0,0) width 57: "See also "
        RenderInline {A} at (0,0) size 52x17 [color=#0000EE]
          RenderText {#text} at (56,0) size 52x17
            text run at (56,0) width 52: "test 019"
        RenderText {#text} at (107,0) size 9x17
          text run at (107,0) width 9: ", "
        RenderInline {A} at (0,0) size 51x17 [color=#0000EE]
          RenderText {#text} at (115,0) size 51x17
            text run at (115,0) width 51: "test 020"
        RenderText {#text} at (165,0) size 5x17
          text run at (165,0) width 5: "."
