layer at (0,0) size 800x600
  RenderView at (0,0) size 800x600
layer at (0,0) size 800x192
  RenderBlock {HTML} at (0,0) size 800x192
    RenderBody {BODY} at (8,16) size 784x168
      RenderBlock {P} at (0,0) size 784x18
        RenderText {#text} at (0,0) size 300x17
          text run at (0,0) width 300: "The following two squares should be identical."
      RenderTable {TABLE} at (0,34) size 252x134
        RenderTableSection {TBODY} at (0,0) size 252x134
          RenderTableRow {TR} at (0,16) size 252x102
            RenderTableCell {TD} at (16,16) size 102x102 [bgcolor=#FF0000] [r=0 c=0 rs=1 cs=1]
              RenderBlock {DIV} at (0,0) size 102x102 [bgcolor=#FFFF00] [border: (3px solid #000000)]
                RenderBlock {DIV} at (3,35) size 96x0 [bgcolor=#FF0000]
                RenderBlock (floating) {DIV} at (3,35) size 48x32 [bgcolor=#FFA500]
                RenderBlock {DIV} at (3,35) size 96x0 [bgcolor=#FF0000]
                RenderBlock {DIV} at (3,67) size 96x32 [border: (32px solid #FFA500) none]
            RenderTableCell {TD} at (134,16) size 102x102 [bgcolor=#FF0000] [r=0 c=1 rs=1 cs=1]
              RenderTable {TABLE} at (0,0) size 102x102 [border: (3px solid #000000)]
                RenderTableSection {TBODY} at (3,3) size 96x96
                  RenderTableRow {TR} at (0,0) size 96x32
                    RenderTableCell {TD} at (0,16) size 96x0 [bgcolor=#FFFF00] [r=0 c=0 rs=1 cs=2]
                  RenderTableRow {TR} at (0,32) size 96x32
                    RenderTableCell {TD} at (0,48) size 48x0 [bgcolor=#FFA500] [r=1 c=0 rs=1 cs=1]
                    RenderTableCell {TD} at (48,48) size 48x0 [bgcolor=#FFFF00] [r=1 c=1 rs=1 cs=1]
                  RenderTableRow {TR} at (0,64) size 96x32
                    RenderTableCell {TD} at (0,80) size 96x0 [bgcolor=#FFA500] [r=2 c=0 rs=1 cs=2]
