layer at (0,0) size 785x2583
  RenderView at (0,0) size 785x600
layer at (0,0) size 785x2583
  RenderBlock {html} at (0,0) size 785x2583
    RenderBody {body} at (0,10) size 785x2573
      RenderBlock {div} at (10,0) size 765x25 [border: none (2px solid #000000) none]
        RenderInline {span} at (0,0) size 739x17
          RenderText {#text} at (0,0) size 739x17
            text run at (0,0) width 739: "This XML file does not appear to have any style information associated with it. The document tree is shown below."
        RenderBR {br} at (738,0) size 1x17
      RenderBlock {div} at (20,38) size 765x2535
        RenderBlock {div} at (0,0) size 765x2535
          RenderBlock {div} at (0,0) size 765x2535
            RenderBlock {div} at (0,0) size 765x15
              RenderBlock {span} at (-10,5) size 10x10
              RenderInline {span} at (0,0) size 47x15 [color=#881280]
                RenderText {#text} at (0,0) size 40x15
                  text run at (0,0) width 40: "<html"
                RenderText {#text} at (39,0) size 8x15
                  text run at (39,0) width 8: ">"
            RenderBlock {div} at (13,15) size 752x2505
              RenderBlock (anonymous) at (0,0) size 752x0
                RenderInline {span} at (0,0) size 0x0
              RenderBlock {div} at (0,0) size 752x375
                RenderBlock {div} at (0,0) size 752x375
                  RenderBlock {div} at (0,0) size 752x15
                    RenderBlock {span} at (-10,5) size 10x10
                    RenderInline {span} at (0,0) size 47x15 [color=#881280]
                      RenderText {#text} at (0,0) size 40x15
                        text run at (0,0) width 40: "<head"
                      RenderText {#text} at (39,0) size 8x15
                        text run at (39,0) width 8: ">"
                  RenderBlock {div} at (13,15) size 739x345
                    RenderBlock (anonymous) at (0,0) size 739x0
                      RenderInline {span} at (0,0) size 0x0
                    RenderBlock {div} at (0,0) size 739x15
                      RenderInline {span} at (0,0) size 55x15 [color=#881280]
                        RenderText {#text} at (0,0) size 47x15
                          text run at (0,0) width 47: "<title"
                        RenderText {#text} at (46,0) size 9x15
                          text run at (46,0) width 9: ">"
                      RenderInline {span} at (0,0) size 142x15
                        RenderText {#text} at (54,0) size 142x15
                          text run at (54,0) width 142: "Shakespeare Survey"
                      RenderInline {span} at (0,0) size 63x15 [color=#881280]
                        RenderText {#text} at (195,0) size 55x15
                          text run at (195,0) width 55: "</title"
                        RenderText {#text} at (249,0) size 9x15
                          text run at (249,0) width 9: ">"
                    RenderBlock (anonymous) at (0,15) size 739x0
                      RenderInline {span} at (0,0) size 0x0
                    RenderBlock {div} at (0,15) size 739x15
                      RenderInline {span} at (0,0) size 531x15 [color=#881280]
                        RenderText {#text} at (0,0) size 40x15
                          text run at (0,0) width 40: "<meta"
                        RenderInline {span} at (0,0) size 203x15
                          RenderText {#text} at (39,0) size 8x15
                            text run at (39,0) width 8: " "
                          RenderInline {span} at (0,0) size 79x15 [color=#994500]
                            RenderText {#text} at (46,0) size 79x15
                              text run at (46,0) width 79: "http-equiv"
                          RenderText {#text} at (124,0) size 17x15
                            text run at (124,0) width 17: "=\""
                          RenderInline {span} at (0,0) size 95x15 [color=#1A1AA6]
                            RenderText {#text} at (140,0) size 95x15
                              text run at (140,0) width 95: "content-type"
                          RenderText {#text} at (234,0) size 8x15
                            text run at (234,0) width 8: "\""
                        RenderInline {span} at (0,0) size 274x15
                          RenderText {#text} at (241,0) size 9x15
                            text run at (241,0) width 9: " "
                          RenderInline {span} at (0,0) size 56x15 [color=#994500]
                            RenderText {#text} at (249,0) size 56x15
                              text run at (249,0) width 56: "content"
                          RenderText {#text} at (304,0) size 16x15
                            text run at (304,0) width 16: "=\""
                          RenderInline {span} at (0,0) size 189x15 [color=#1A1AA6]
                            RenderText {#text} at (319,0) size 189x15
                              text run at (319,0) width 189: "text/html; charset=utf-8"
                          RenderText {#text} at (507,0) size 8x15
                            text run at (507,0) width 8: "\""
                        RenderText {#text} at (514,0) size 17x15
                          text run at (514,0) width 17: "/>"
                    RenderBlock (anonymous) at (0,30) size 739x0
                      RenderInline {span} at (0,0) size 0x0
                    RenderBlock {div} at (0,30) size 739x15
                      RenderInline {span} at (0,0) size 570x15 [color=#881280]
                        RenderText {#text} at (0,0) size 40x15
                          text run at (0,0) width 40: "<link"
                        RenderInline {span} at (0,0) size 133x15
                          RenderText {#text} at (39,0) size 8x15
                            text run at (39,0) width 8: " "
                          RenderInline {span} at (0,0) size 25x15 [color=#994500]
                            RenderText {#text} at (46,0) size 25x15
                              text run at (46,0) width 25: "rel"
                          RenderText {#text} at (70,0) size 16x15
                            text run at (70,0) width 16: "=\""
                          RenderInline {span} at (0,0) size 79x15 [color=#1A1AA6]
                            RenderText {#text} at (85,0) size 79x15
                              text run at (85,0) width 79: "stylesheet"
                          RenderText {#text} at (163,0) size 9x15
                            text run at (163,0) width 9: "\""
                        RenderInline {span} at (0,0) size 126x15
                          RenderText {#text} at (171,0) size 9x15
                            text run at (171,0) width 9: " "
                          RenderInline {span} at (0,0) size 32x15 [color=#994500]
                            RenderText {#text} at (179,0) size 32x15
                              text run at (179,0) width 32: "type"
                          RenderText {#text} at (210,0) size 17x15
                            text run at (210,0) width 17: "=\""
                          RenderInline {span} at (0,0) size 63x15 [color=#1A1AA6]
                            RenderText {#text} at (226,0) size 63x15
                              text run at (226,0) width 63: "text/css"
                          RenderText {#text} at (288,0) size 9x15
                            text run at (288,0) width 9: "\""
                        RenderInline {span} at (0,0) size 118x15
                          RenderText {#text} at (296,0) size 9x15
                            text run at (296,0) width 9: " "
                          RenderInline {span} at (0,0) size 40x15 [color=#994500]
                            RenderText {#text} at (304,0) size 40x15
                              text run at (304,0) width 40: "media"
                          RenderText {#text} at (343,0) size 16x15
                            text run at (343,0) width 16: "=\""
                          RenderInline {span} at (0,0) size 48x15 [color=#1A1AA6]
                            RenderText {#text} at (358,0) size 48x15
                              text run at (358,0) width 48: "screen"
                          RenderText {#text} at (405,0) size 9x15
                            text run at (405,0) width 9: "\""
                        RenderInline {span} at (0,0) size 141x15
                          RenderText {#text} at (413,0) size 9x15
                            text run at (413,0) width 9: " "
                          RenderInline {span} at (0,0) size 32x15 [color=#994500]
                            RenderText {#text} at (421,0) size 32x15
                              text run at (421,0) width 32: "href"
                          RenderText {#text} at (452,0) size 17x15
                            text run at (452,0) width 17: "=\""
                          RenderInline {span} at (0,0) size 79x15 [color=#1A1AA6]
                            RenderText {#text} at (468,0) size 79x15
                              text run at (468,0) width 79: "shakes.css"
                          RenderText {#text} at (546,0) size 8x15
                            text run at (546,0) width 8: "\""
                        RenderText {#text} at (553,0) size 17x15
                          text run at (553,0) width 17: "/>"
                    RenderBlock (anonymous) at (0,45) size 739x0
                      RenderInline {span} at (0,0) size 0x0
                    RenderBlock {div} at (0,45) size 739x300
                      RenderBlock {div} at (0,0) size 739x300
                        RenderBlock {div} at (0,0) size 739x15
                          RenderBlock {span} at (-10,5) size 10x10
                          RenderInline {span} at (0,0) size 55x15 [color=#881280]
                            RenderText {#text} at (0,0) size 47x15
                              text run at (0,0) width 47: "<style"
                            RenderText {#text} at (46,0) size 9x15
                              text run at (46,0) width 9: ">"
                        RenderBlock {div} at (13,15) size 726x270
                          RenderInline {span} at (0,0) size 726x270
                            RenderText {#text} at (0,0) size 726x270
                              text run at (0,0) width 437: "body { text-align: center; background-color: #A6A972; } "
                              text run at (436,0) width 251: "p,ul,ol,a,span { font: 10pt/20px"
                              text run at (0,15) width 632: "\"trebuchet ms\", verdana, helvetica, arial, sans-serif; color: #333; } h1,h2,h3 { "
                              text run at (631,15) width 72: "margin:0;"
                              text run at (0,30) width 710: "padding: 0; margin-bottom: 10px; text-transform: uppercase; font-family: Georgia, Times New"
                              text run at (0,45) width 172: "Roman; color: #333; } "
                              text run at (171,45) width 181: "h1 {font-size: 18px; } "
                              text run at (351,45) width 24: "h2 "
                              text run at (374,45) width 17: "{ "
                              text run at (390,45) width 289: "font-size: 14px; margin-top: 25px; } "
                              text run at (678,45) width 17: "h3"
                              text run at (0,60) width 157: "{font-size: 12px; } "
                              text run at (156,60) width 16: "a "
                              text run at (171,60) width 524: "{ text-decoration: none; border-bottom: 1px dashed 3 33 333 #333; }"
                              text run at (0,75) width 172: "a:visited{} a:hover{} "
                              text run at (171,75) width 71: "a:active "
                              text run at (241,75) width 274: "{ border-bottom: 1px solid #333; } "
                              text run at (514,75) width 126: "input, textarea "
                              text run at (639,75) width 56: "{ font-"
                              text run at (0,90) width 125: "weight: bold; } "
                              text run at (124,90) width 189: "/* Specific Sections */ "
                              text run at (312,90) width 352: "#container { width: 600px; margin: 20px auto;"
                              text run at (0,105) width 562: "background-color: #FDFDE9; border: 1px solid black; text-align: left; } "
                              text run at (561,105) width 56: "#top { "
                              text run at (616,105) width 102: "height: 70px;"
                              text run at (0,120) width 625: "background-position: center top; background-repeat: no-repeat; background-image:"
                              text run at (0,135) width 687: "url(images/title.jpg); margin-top: 30px; } #content { padding-left: 20px; padding-right:"
                              text run at (0,150) width 63: "20px; } "
                              text run at (62,150) width 656: "#intro {} #bottom { clear: both; height: 50px; border-top: 1px dashed #A6A972; text-"
                              text run at (0,165) width 274: "align: center; margin-top: 20px; } "
                              text run at (273,165) width 86: "#copyright "
                              text run at (358,165) width 337: "{ display: block; height: 20px; margin-top:"
                              text run at (0,180) width 227: "15px; margin-bottom: 15px; } "
                              text run at (226,180) width 79: ".question "
                              text run at (304,180) width 406: "{ display: block; float: left; width: 325px; height:"
                              text run at (0,195) width 63: "20px; } "
                              text run at (62,195) width 63: ".answer "
                              text run at (124,195) width 423: "{ display: block; width: 180px; margin-left: 325px; } "
                              text run at (546,195) width 125: "textarea.answer "
                              text run at (670,195) width 9: "{"
                              text run at (0,210) width 718: "height: 100px; width: 500px; margin-top: 25px; margin-left: 0px; clear: both; margin-bottom:"
                              text run at (0,225) width 55: "5px; } "
                              text run at (54,225) width 64: ".figure "
                              text run at (117,225) width 609: "{ display: block; height: 100px; border-color: #000; border-width: 1px; float:"
                              text run at (0,240) width 328: "left; margin-right: 10px; width: 120px; } "
                              text run at (327,240) width 95: ".figure img "
                              text run at (421,240) width 219: "{ border: 1px solid #333; } "
                              text run at (639,240) width 71: ".caption "
                              text run at (709,240) width 9: "{"
                              text run at (0,255) width 16: "} "
                              text run at (15,255) width 56: ".error "
                              text run at (70,255) width 149: "{ color: #C92B45; }"
                        RenderBlock {div} at (0,285) size 739x15
                          RenderInline {span} at (0,0) size 63x15 [color=#881280]
                            RenderText {#text} at (0,0) size 55x15
                              text run at (0,0) width 55: "</style"
                            RenderText {#text} at (54,0) size 9x15
                              text run at (54,0) width 9: ">"
                    RenderBlock (anonymous) at (0,345) size 739x0
                      RenderInline {span} at (0,0) size 0x0
                  RenderBlock {div} at (0,360) size 752x15
                    RenderInline {span} at (0,0) size 55x15 [color=#881280]
                      RenderText {#text} at (0,0) size 47x15
                        text run at (0,0) width 47: "</head"
                      RenderText {#text} at (46,0) size 9x15
                        text run at (46,0) width 9: ">"
              RenderBlock (anonymous) at (0,375) size 752x0
                RenderInline {span} at (0,0) size 0x0
              RenderBlock {div} at (0,375) size 752x2130
                RenderBlock {div} at (0,0) size 752x2130
                  RenderBlock {div} at (0,0) size 752x15
                    RenderBlock {span} at (-10,5) size 10x10
                    RenderInline {span} at (0,0) size 47x15 [color=#881280]
                      RenderText {#text} at (0,0) size 40x15
                        text run at (0,0) width 40: "<body"
                      RenderText {#text} at (39,0) size 8x15
                        text run at (39,0) width 8: ">"
                  RenderBlock {div} at (13,15) size 739x2100
                    RenderBlock (anonymous) at (0,0) size 739x0
                      RenderInline {span} at (0,0) size 0x0
                    RenderBlock {div} at (0,0) size 739x2100
                      RenderBlock {div} at (0,0) size 739x2100
                        RenderBlock {div} at (0,0) size 739x15
                          RenderBlock {span} at (-10,5) size 10x10
                          RenderInline {span} at (0,0) size 157x15 [color=#881280]
                            RenderText {#text} at (0,0) size 32x15
                              text run at (0,0) width 32: "<div"
                            RenderInline {span} at (0,0) size 118x15
                              RenderText {#text} at (31,0) size 9x15
                                text run at (31,0) width 9: " "
                              RenderInline {span} at (0,0) size 16x15 [color=#994500]
                                RenderText {#text} at (39,0) size 16x15
                                  text run at (39,0) width 16: "id"
                              RenderText {#text} at (54,0) size 17x15
                                text run at (54,0) width 17: "=\""
                              RenderInline {span} at (0,0) size 71x15 [color=#1A1AA6]
                                RenderText {#text} at (70,0) size 71x15
                                  text run at (70,0) width 71: "container"
                              RenderText {#text} at (140,0) size 9x15
                                text run at (140,0) width 9: "\""
                            RenderText {#text} at (148,0) size 9x15
                              text run at (148,0) width 9: ">"
                        RenderBlock {div} at (13,15) size 726x2070
                          RenderBlock (anonymous) at (0,0) size 726x0
                            RenderInline {span} at (0,0) size 0x0
                          RenderBlock {div} at (0,0) size 726x15
                            RenderInline {span} at (0,0) size 118x15 [color=#881280]
                              RenderText {#text} at (0,0) size 32x15
                                text run at (0,0) width 32: "<div"
                              RenderInline {span} at (0,0) size 71x15
                                RenderText {#text} at (31,0) size 9x15
                                  text run at (31,0) width 9: " "
                                RenderInline {span} at (0,0) size 16x15 [color=#994500]
                                  RenderText {#text} at (39,0) size 16x15
                                    text run at (39,0) width 16: "id"
                                RenderText {#text} at (54,0) size 17x15
                                  text run at (54,0) width 17: "=\""
                                RenderInline {span} at (0,0) size 24x15 [color=#1A1AA6]
                                  RenderText {#text} at (70,0) size 24x15
                                    text run at (70,0) width 24: "top"
                                RenderText {#text} at (93,0) size 9x15
                                  text run at (93,0) width 9: "\""
                              RenderText {#text} at (101,0) size 17x15
                                text run at (101,0) width 17: "/>"
                          RenderBlock (anonymous) at (0,15) size 726x0
                            RenderInline {span} at (0,0) size 0x0
                          RenderBlock {div} at (0,15) size 726x2010
                            RenderBlock {div} at (0,0) size 726x2010
                              RenderBlock {div} at (0,0) size 726x15
                                RenderBlock {span} at (-10,5) size 10x10
                                RenderInline {span} at (0,0) size 141x15 [color=#881280]
                                  RenderText {#text} at (0,0) size 32x15
                                    text run at (0,0) width 32: "<div"
                                  RenderInline {span} at (0,0) size 102x15
                                    RenderText {#text} at (31,0) size 9x15
                                      text run at (31,0) width 9: " "
                                    RenderInline {span} at (0,0) size 16x15 [color=#994500]
                                      RenderText {#text} at (39,0) size 16x15
                                        text run at (39,0) width 16: "id"
                                    RenderText {#text} at (54,0) size 17x15
                                      text run at (54,0) width 17: "=\""
                                    RenderInline {span} at (0,0) size 55x15 [color=#1A1AA6]
                                      RenderText {#text} at (70,0) size 55x15
                                        text run at (70,0) width 55: "content"
                                    RenderText {#text} at (124,0) size 9x15
                                      text run at (124,0) width 9: "\""
                                  RenderText {#text} at (132,0) size 9x15
                                    text run at (132,0) width 9: ">"
                              RenderBlock {div} at (13,15) size 713x1980
                                RenderBlock (anonymous) at (0,0) size 713x0
                                  RenderInline {span} at (0,0) size 0x0
                                RenderBlock {div} at (0,0) size 713x105
                                  RenderBlock {div} at (0,0) size 713x105
                                    RenderBlock {div} at (0,0) size 713x15
                                      RenderBlock {span} at (-10,5) size 10x10
                                      RenderInline {span} at (0,0) size 24x15 [color=#881280]
                                        RenderText {#text} at (0,0) size 16x15
                                          text run at (0,0) width 16: "<p"
                                        RenderText {#text} at (15,0) size 9x15
                                          text run at (15,0) width 9: ">"
                                    RenderBlock {div} at (13,15) size 700x75
                                      RenderBlock (anonymous) at (0,0) size 700x30
                                        RenderInline {span} at (0,0) size 671x30
                                          RenderText {#text} at (0,0) size 671x30
                                            text run at (0,0) width 671: "We are trying to understand how UVic students perform Shakespeare related research for"
                                            text run at (0,15) width 359: "classes as well as for their own interest. The"
                                      RenderBlock {div} at (0,30) size 700x15
                                        RenderInline {span} at (0,0) size 297x15 [color=#881280]
                                          RenderText {#text} at (0,0) size 16x15
                                            text run at (0,0) width 16: "<a"
                                          RenderInline {span} at (0,0) size 274x15
                                            RenderText {#text} at (15,0) size 9x15
                                              text run at (15,0) width 9: " "
                                            RenderInline {span} at (0,0) size 32x15 [color=#994500]
                                              RenderText {#text} at (23,0) size 32x15
                                                text run at (23,0) width 32: "href"
                                            RenderText {#text} at (54,0) size 17x15
                                              text run at (54,0) width 17: "=\""
                                            RenderInline {span} at (0,0) size 211x15 [color=#1A1AA6]
                                              RenderText {#text} at (70,0) size 211x15
                                                text run at (70,0) width 211: "http://uvic.ca/shakespeare/"
                                            RenderText {#text} at (280,0) size 9x15
                                              text run at (280,0) width 9: "\""
                                          RenderText {#text} at (288,0) size 9x15
                                            text run at (288,0) width 9: ">"
                                        RenderInline {span} at (0,0) size 227x15
                                          RenderText {#text} at (296,0) size 227x15
                                            text run at (296,0) width 227: "Internet Shakespeare Editions"
                                        RenderInline {span} at (0,0) size 32x15 [color=#881280]
                                          RenderText {#text} at (522,0) size 25x15
                                            text run at (522,0) width 25: "</a"
                                          RenderText {#text} at (546,0) size 8x15
                                            text run at (546,0) width 8: ">"
                                      RenderBlock (anonymous) at (0,45) size 700x30
                                        RenderInline {span} at (0,0) size 664x30
                                          RenderText {#text} at (0,0) size 664x30
                                            text run at (0,0) width 437: "are being developed for students as well as Shakespeare "
                                            text run at (436,0) width 228: "scholars world wide to better"
                                            text run at (0,15) width 445: "understand the man, his plays and our interpretations of "
                                            text run at (444,15) width 40: "them."
                                    RenderBlock {div} at (0,90) size 713x15
                                      RenderInline {span} at (0,0) size 32x15 [color=#881280]
                                        RenderText {#text} at (0,0) size 24x15
                                          text run at (0,0) width 24: "</p"
                                        RenderText {#text} at (23,0) size 9x15
                                          text run at (23,0) width 9: ">"
                                RenderBlock (anonymous) at (0,105) size 713x0
                                  RenderInline {span} at (0,0) size 0x0
                                RenderBlock {div} at (0,105) size 713x45
                                  RenderBlock {div} at (0,0) size 713x45
                                    RenderBlock {div} at (0,0) size 713x15
                                      RenderBlock {span} at (-10,5) size 10x10
                                      RenderInline {span} at (0,0) size 24x15 [color=#881280]
                                        RenderText {#text} at (0,0) size 16x15
                                          text run at (0,0) width 16: "<p"
                                        RenderText {#text} at (15,0) size 9x15
                                          text run at (15,0) width 9: ">"
                                    RenderBlock {div} at (13,15) size 700x15
                                      RenderInline {span} at (0,0) size 609x15
                                        RenderText {#text} at (0,0) size 609x15
                                          text run at (0,0) width 609: "Please take the time to carefully review and complete the following questions."
                                    RenderBlock {div} at (0,30) size 713x15
                                      RenderInline {span} at (0,0) size 32x15 [color=#881280]
                                        RenderText {#text} at (0,0) size 24x15
                                          text run at (0,0) width 24: "</p"
                                        RenderText {#text} at (23,0) size 9x15
                                          text run at (23,0) width 9: ">"
                                RenderBlock (anonymous) at (0,150) size 713x0
                                  RenderInline {span} at (0,0) size 0x0
                                RenderBlock {div} at (0,150) size 713x1815
                                  RenderBlock {div} at (0,0) size 713x1815
                                    RenderBlock {div} at (0,0) size 713x15
                                      RenderBlock {span} at (-10,5) size 10x10
                                      RenderInline {span} at (0,0) size 320x15 [color=#881280]
                                        RenderText {#text} at (0,0) size 40x15
                                          text run at (0,0) width 40: "<form"
                                        RenderInline {span} at (0,0) size 164x15
                                          RenderText {#text} at (39,0) size 8x15
                                            text run at (39,0) width 8: " "
                                          RenderInline {span} at (0,0) size 48x15 [color=#994500]
                                            RenderText {#text} at (46,0) size 48x15
                                              text run at (46,0) width 48: "action"
                                          RenderText {#text} at (93,0) size 17x15
                                            text run at (93,0) width 17: "=\""
                                          RenderInline {span} at (0,0) size 87x15 [color=#1A1AA6]
                                            RenderText {#text} at (109,0) size 87x15
                                              text run at (109,0) width 87: "process.php"
                                          RenderText {#text} at (195,0) size 8x15
                                            text run at (195,0) width 8: "\""
                                        RenderInline {span} at (0,0) size 111x15
                                          RenderText {#text} at (202,0) size 9x15
                                            text run at (202,0) width 9: " "
                                          RenderInline {span} at (0,0) size 48x15 [color=#994500]
                                            RenderText {#text} at (210,0) size 48x15
                                              text run at (210,0) width 48: "method"
                                          RenderText {#text} at (257,0) size 17x15
                                            text run at (257,0) width 17: "=\""
                                          RenderInline {span} at (0,0) size 32x15 [color=#1A1AA6]
                                            RenderText {#text} at (273,0) size 32x15
                                              text run at (273,0) width 32: "post"
                                          RenderText {#text} at (304,0) size 9x15
                                            text run at (304,0) width 9: "\""
                                        RenderText {#text} at (312,0) size 8x15
                                          text run at (312,0) width 8: ">"
                                    RenderBlock {div} at (13,15) size 700x1785
                                      RenderBlock (anonymous) at (0,0) size 700x0
                                        RenderInline {span} at (0,0) size 0x0
                                      RenderBlock {div} at (0,0) size 700x15
                                        RenderInline {span} at (0,0) size 32x15 [color=#881280]
                                          RenderText {#text} at (0,0) size 24x15
                                            text run at (0,0) width 24: "<h2"
                                          RenderText {#text} at (23,0) size 9x15
                                            text run at (23,0) width 9: ">"
                                        RenderInline {span} at (0,0) size 157x15
                                          RenderText {#text} at (31,0) size 157x15
                                            text run at (31,0) width 157: "Personal Information"
                                        RenderInline {span} at (0,0) size 40x15 [color=#881280]
                                          RenderText {#text} at (187,0) size 32x15
                                            text run at (187,0) width 32: "</h2"
                                          RenderText {#text} at (218,0) size 9x15
                                            text run at (218,0) width 9: ">"
                                      RenderBlock (anonymous) at (0,15) size 700x0
                                        RenderInline {span} at (0,0) size 0x0
                                      RenderBlock {div} at (0,15) size 700x15
                                        RenderInline {span} at (0,0) size 180x15 [color=#881280]
                                          RenderText {#text} at (0,0) size 40x15
                                            text run at (0,0) width 40: "<span"
                                          RenderInline {span} at (0,0) size 133x15
                                            RenderText {#text} at (39,0) size 8x15
                                              text run at (39,0) width 8: " "
                                            RenderInline {span} at (0,0) size 40x15 [color=#994500]
                                              RenderText {#text} at (46,0) size 40x15
                                                text run at (46,0) width 40: "class"
                                            RenderText {#text} at (85,0) size 17x15
                                              text run at (85,0) width 17: "=\""
                                            RenderInline {span} at (0,0) size 63x15 [color=#1A1AA6]
                                              RenderText {#text} at (101,0) size 63x15
                                                text run at (101,0) width 63: "question"
                                            RenderText {#text} at (163,0) size 9x15
                                              text run at (163,0) width 9: "\""
                                          RenderText {#text} at (171,0) size 9x15
                                            text run at (171,0) width 9: ">"
                                        RenderInline {span} at (0,0) size 79x15
                                          RenderText {#text} at (179,0) size 79x15
                                            text run at (179,0) width 79: "Your Name*"
                                        RenderInline {span} at (0,0) size 56x15 [color=#881280]
                                          RenderText {#text} at (257,0) size 48x15
                                            text run at (257,0) width 48: "</span"
                                          RenderText {#text} at (304,0) size 9x15
                                            text run at (304,0) width 9: ">"
                                      RenderBlock (anonymous) at (0,30) size 700x0
                                        RenderInline {span} at (0,0) size 0x0
                                      RenderBlock {div} at (0,30) size 700x15
                                        RenderInline {span} at (0,0) size 367x15 [color=#881280]
                                          RenderText {#text} at (0,0) size 47x15
                                            text run at (0,0) width 47: "<input"
                                          RenderInline {span} at (0,0) size 118x15
                                            RenderText {#text} at (46,0) size 9x15
                                              text run at (46,0) width 9: " "
                                            RenderInline {span} at (0,0) size 40x15 [color=#994500]
                                              RenderText {#text} at (54,0) size 40x15
                                                text run at (54,0) width 40: "class"
                                            RenderText {#text} at (93,0) size 17x15
                                              text run at (93,0) width 17: "=\""
                                            RenderInline {span} at (0,0) size 48x15 [color=#1A1AA6]
                                              RenderText {#text} at (109,0) size 48x15
                                                text run at (109,0) width 48: "answer"
                                            RenderText {#text} at (156,0) size 8x15
                                              text run at (156,0) width 8: "\""
                                          RenderInline {span} at (0,0) size 95x15
                                            RenderText {#text} at (163,0) size 9x15
                                              text run at (163,0) width 9: " "
                                            RenderInline {span} at (0,0) size 32x15 [color=#994500]
                                              RenderText {#text} at (171,0) size 32x15
                                                text run at (171,0) width 32: "type"
                                            RenderText {#text} at (202,0) size 17x15
                                              text run at (202,0) width 17: "=\""
                                            RenderInline {span} at (0,0) size 32x15 [color=#1A1AA6]
                                              RenderText {#text} at (218,0) size 32x15
                                                text run at (218,0) width 32: "text"
                                            RenderText {#text} at (249,0) size 9x15
                                              text run at (249,0) width 9: "\""
                                          RenderInline {span} at (0,0) size 95x15
                                            RenderText {#text} at (257,0) size 9x15
                                              text run at (257,0) width 9: " "
                                            RenderInline {span} at (0,0) size 32x15 [color=#994500]
                                              RenderText {#text} at (265,0) size 32x15
                                                text run at (265,0) width 32: "name"
                                            RenderText {#text} at (296,0) size 17x15
                                              text run at (296,0) width 17: "=\""
                                            RenderInline {span} at (0,0) size 32x15 [color=#1A1AA6]
                                              RenderText {#text} at (312,0) size 32x15
                                                text run at (312,0) width 32: "name"
                                            RenderText {#text} at (343,0) size 9x15
                                              text run at (343,0) width 9: "\""
                                          RenderText {#text} at (351,0) size 16x15
                                            text run at (351,0) width 16: "/>"
                                      RenderBlock (anonymous) at (0,45) size 700x0
                                        RenderInline {span} at (0,0) size 0x0
                                      RenderBlock {div} at (0,45) size 700x15
                                        RenderInline {span} at (0,0) size 180x15 [color=#881280]
                                          RenderText {#text} at (0,0) size 40x15
                                            text run at (0,0) width 40: "<span"
                                          RenderInline {span} at (0,0) size 133x15
                                            RenderText {#text} at (39,0) size 8x15
                                              text run at (39,0) width 8: " "
                                            RenderInline {span} at (0,0) size 40x15 [color=#994500]
                                              RenderText {#text} at (46,0) size 40x15
                                                text run at (46,0) width 40: "class"
                                            RenderText {#text} at (85,0) size 17x15
                                              text run at (85,0) width 17: "=\""
                                            RenderInline {span} at (0,0) size 63x15 [color=#1A1AA6]
                                              RenderText {#text} at (101,0) size 63x15
                                                text run at (101,0) width 63: "question"
                                            RenderText {#text} at (163,0) size 9x15
                                              text run at (163,0) width 9: "\""
                                          RenderText {#text} at (171,0) size 9x15
                                            text run at (171,0) width 9: ">"
                                        RenderInline {span} at (0,0) size 157x15
                                          RenderText {#text} at (179,0) size 157x15
                                            text run at (179,0) width 157: "Your e-mail address*"
                                        RenderInline {span} at (0,0) size 56x15 [color=#881280]
                                          RenderText {#text} at (335,0) size 48x15
                                            text run at (335,0) width 48: "</span"
                                          RenderText {#text} at (382,0) size 9x15
                                            text run at (382,0) width 9: ">"
                                      RenderBlock (anonymous) at (0,60) size 700x0
                                        RenderInline {span} at (0,0) size 0x0
                                      RenderBlock {div} at (0,60) size 700x15
                                        RenderInline {span} at (0,0) size 375x15 [color=#881280]
                                          RenderText {#text} at (0,0) size 47x15
                                            text run at (0,0) width 47: "<input"
                                          RenderInline {span} at (0,0) size 118x15
                                            RenderText {#text} at (46,0) size 9x15
                                              text run at (46,0) width 9: " "
                                            RenderInline {span} at (0,0) size 40x15 [color=#994500]
                                              RenderText {#text} at (54,0) size 40x15
                                                text run at (54,0) width 40: "class"
                                            RenderText {#text} at (93,0) size 17x15
                                              text run at (93,0) width 17: "=\""
                                            RenderInline {span} at (0,0) size 48x15 [color=#1A1AA6]
                                              RenderText {#text} at (109,0) size 48x15
                                                text run at (109,0) width 48: "answer"
                                            RenderText {#text} at (156,0) size 8x15
                                              text run at (156,0) width 8: "\""
                                          RenderInline {span} at (0,0) size 95x15
                                            RenderText {#text} at (163,0) size 9x15
                                              text run at (163,0) width 9: " "
                                            RenderInline {span} at (0,0) size 32x15 [color=#994500]
                                              RenderText {#text} at (171,0) size 32x15
                                                text run at (171,0) width 32: "type"
                                            RenderText {#text} at (202,0) size 17x15
                                              text run at (202,0) width 17: "=\""
                                            RenderInline {span} at (0,0) size 32x15 [color=#1A1AA6]
                                              RenderText {#text} at (218,0) size 32x15
                                                text run at (218,0) width 32: "text"
                                            RenderText {#text} at (249,0) size 9x15
                                              text run at (249,0) width 9: "\""
                                          RenderInline {span} at (0,0) size 102x15
                                            RenderText {#text} at (257,0) size 9x15
                                              text run at (257,0) width 9: " "
                                            RenderInline {span} at (0,0) size 32x15 [color=#994500]
                                              RenderText {#text} at (265,0) size 32x15
                                                text run at (265,0) width 32: "name"
                                            RenderText {#text} at (296,0) size 17x15
                                              text run at (296,0) width 17: "=\""
                                            RenderInline {span} at (0,0) size 40x15 [color=#1A1AA6]
                                              RenderText {#text} at (312,0) size 40x15
                                                text run at (312,0) width 40: "email"
                                            RenderText {#text} at (351,0) size 8x15
                                              text run at (351,0) width 8: "\""
                                          RenderText {#text} at (358,0) size 17x15
                                            text run at (358,0) width 17: "/>"
                                      RenderBlock (anonymous) at (0,75) size 700x0
                                        RenderInline {span} at (0,0) size 0x0
                                      RenderBlock {div} at (0,75) size 700x15
                                        RenderInline {span} at (0,0) size 180x15 [color=#881280]
                                          RenderText {#text} at (0,0) size 40x15
                                            text run at (0,0) width 40: "<span"
                                          RenderInline {span} at (0,0) size 133x15
                                            RenderText {#text} at (39,0) size 8x15
                                              text run at (39,0) width 8: " "
                                            RenderInline {span} at (0,0) size 40x15 [color=#994500]
                                              RenderText {#text} at (46,0) size 40x15
                                                text run at (46,0) width 40: "class"
                                            RenderText {#text} at (85,0) size 17x15
                                              text run at (85,0) width 17: "=\""
                                            RenderInline {span} at (0,0) size 63x15 [color=#1A1AA6]
                                              RenderText {#text} at (101,0) size 63x15
                                                text run at (101,0) width 63: "question"
                                            RenderText {#text} at (163,0) size 9x15
                                              text run at (163,0) width 9: "\""
                                          RenderText {#text} at (171,0) size 9x15
                                            text run at (171,0) width 9: ">"
                                        RenderInline {span} at (0,0) size 157x15
                                          RenderText {#text} at (179,0) size 157x15
                                            text run at (179,0) width 157: "Your degree program*"
                                        RenderInline {span} at (0,0) size 56x15 [color=#881280]
                                          RenderText {#text} at (335,0) size 48x15
                                            text run at (335,0) width 48: "</span"
                                          RenderText {#text} at (382,0) size 9x15
                                            text run at (382,0) width 9: ">"
                                      RenderBlock (anonymous) at (0,90) size 700x0
                                        RenderInline {span} at (0,0) size 0x0
                                      RenderBlock {div} at (0,90) size 700x105
                                        RenderBlock {div} at (0,0) size 700x105
                                          RenderBlock {div} at (0,0) size 700x15
                                            RenderBlock {span} at (-10,5) size 10x10
                                            RenderInline {span} at (0,0) size 297x15 [color=#881280]
                                              RenderText {#text} at (0,0) size 55x15
                                                text run at (0,0) width 55: "<select"
                                              RenderInline {span} at (0,0) size 118x15
                                                RenderText {#text} at (54,0) size 9x15
                                                  text run at (54,0) width 9: " "
                                                RenderInline {span} at (0,0) size 40x15 [color=#994500]
                                                  RenderText {#text} at (62,0) size 40x15
                                                    text run at (62,0) width 40: "class"
                                                RenderText {#text} at (101,0) size 17x15
                                                  text run at (101,0) width 17: "=\""
                                                RenderInline {span} at (0,0) size 47x15 [color=#1A1AA6]
                                                  RenderText {#text} at (117,0) size 47x15
                                                    text run at (117,0) width 47: "answer"
                                                RenderText {#text} at (163,0) size 9x15
                                                  text run at (163,0) width 9: "\""
                                              RenderInline {span} at (0,0) size 118x15
                                                RenderText {#text} at (171,0) size 9x15
                                                  text run at (171,0) width 9: " "
                                                RenderInline {span} at (0,0) size 32x15 [color=#994500]
                                                  RenderText {#text} at (179,0) size 32x15
                                                    text run at (179,0) width 32: "name"
                                                RenderText {#text} at (210,0) size 17x15
                                                  text run at (210,0) width 17: "=\""
                                                RenderInline {span} at (0,0) size 55x15 [color=#1A1AA6]
                                                  RenderText {#text} at (226,0) size 55x15
                                                    text run at (226,0) width 55: "program"
                                                RenderText {#text} at (280,0) size 9x15
                                                  text run at (280,0) width 9: "\""
                                              RenderText {#text} at (288,0) size 9x15
                                                text run at (288,0) width 9: ">"
                                          RenderBlock {div} at (13,15) size 687x75
                                            RenderBlock (anonymous) at (0,0) size 687x0
                                              RenderInline {span} at (0,0) size 0x0
                                            RenderBlock {div} at (0,0) size 687x15
                                              RenderInline {span} at (0,0) size 133x15 [color=#881280]
                                                RenderText {#text} at (0,0) size 55x15
                                                  text run at (0,0) width 55: "<option"
                                                RenderInline {span} at (0,0) size 71x15
                                                  RenderText {#text} at (54,0) size 9x15
                                                    text run at (54,0) width 9: " "
                                                  RenderInline {span} at (0,0) size 40x15 [color=#994500]
                                                    RenderText {#text} at (62,0) size 40x15
                                                      text run at (62,0) width 40: "value"
                                                  RenderText {#text} at (101,0) size 17x15
                                                    text run at (101,0) width 17: "=\""
                                                  RenderInline {span} at (0,0) size 0x15 [color=#1A1AA6]
                                                  RenderText {#text} at (117,0) size 8x15
                                                    text run at (117,0) width 8: "\""
                                                RenderText {#text} at (124,0) size 9x15
                                                  text run at (124,0) width 9: ">"
                                              RenderInline {span} at (0,0) size 118x15
                                                RenderText {#text} at (132,0) size 118x15
                                                  text run at (132,0) width 118: "Program options"
                                              RenderInline {span} at (0,0) size 71x15 [color=#881280]
                                                RenderText {#text} at (249,0) size 64x15
                                                  text run at (249,0) width 64: "</option"
                                                RenderText {#text} at (312,0) size 8x15
                                                  text run at (312,0) width 8: ">"
                                            RenderBlock (anonymous) at (0,15) size 687x0
                                              RenderInline {span} at (0,0) size 0x0
                                            RenderBlock {div} at (0,15) size 687x15
                                              RenderInline {span} at (0,0) size 196x15 [color=#881280]
                                                RenderText {#text} at (0,0) size 55x15
                                                  text run at (0,0) width 55: "<option"
                                                RenderInline {span} at (0,0) size 134x15
                                                  RenderText {#text} at (54,0) size 9x15
                                                    text run at (54,0) width 9: " "
                                                  RenderInline {span} at (0,0) size 40x15 [color=#994500]
                                                    RenderText {#text} at (62,0) size 40x15
                                                      text run at (62,0) width 40: "value"
                                                  RenderText {#text} at (101,0) size 17x15
                                                    text run at (101,0) width 17: "=\""
                                                  RenderInline {span} at (0,0) size 63x15 [color=#1A1AA6]
                                                    RenderText {#text} at (117,0) size 63x15
                                                      text run at (117,0) width 63: "ugradENG"
                                                  RenderText {#text} at (179,0) size 9x15
                                                    text run at (179,0) width 9: "\""
                                                RenderText {#text} at (187,0) size 9x15
                                                  text run at (187,0) width 9: ">"
                                              RenderInline {span} at (0,0) size 164x15
                                                RenderText {#text} at (195,0) size 164x15
                                                  text run at (195,0) width 164: "Undergraduate English"
                                              RenderInline {span} at (0,0) size 72x15 [color=#881280]
                                                RenderText {#text} at (358,0) size 64x15
                                                  text run at (358,0) width 64: "</option"
                                                RenderText {#text} at (421,0) size 9x15
                                                  text run at (421,0) width 9: ">"
                                            RenderBlock (anonymous) at (0,30) size 687x0
                                              RenderInline {span} at (0,0) size 0x0
                                            RenderBlock {div} at (0,30) size 687x15
                                              RenderInline {span} at (0,0) size 188x15 [color=#881280]
                                                RenderText {#text} at (0,0) size 55x15
                                                  text run at (0,0) width 55: "<option"
                                                RenderInline {span} at (0,0) size 126x15
                                                  RenderText {#text} at (54,0) size 9x15
                                                    text run at (54,0) width 9: " "
                                                  RenderInline {span} at (0,0) size 40x15 [color=#994500]
                                                    RenderText {#text} at (62,0) size 40x15
                                                      text run at (62,0) width 40: "value"
                                                  RenderText {#text} at (101,0) size 17x15
                                                    text run at (101,0) width 17: "=\""
                                                  RenderInline {span} at (0,0) size 55x15 [color=#1A1AA6]
                                                    RenderText {#text} at (117,0) size 55x15
                                                      text run at (117,0) width 55: "gradENG"
                                                  RenderText {#text} at (171,0) size 9x15
                                                    text run at (171,0) width 9: "\""
                                                RenderText {#text} at (179,0) size 9x15
                                                  text run at (179,0) width 9: ">"
                                              RenderInline {span} at (0,0) size 126x15
                                                RenderText {#text} at (187,0) size 126x15
                                                  text run at (187,0) width 126: "Graduate English"
                                              RenderInline {span} at (0,0) size 71x15 [color=#881280]
                                                RenderText {#text} at (312,0) size 63x15
                                                  text run at (312,0) width 63: "</option"
                                                RenderText {#text} at (374,0) size 9x15
                                                  text run at (374,0) width 9: ">"
                                            RenderBlock (anonymous) at (0,45) size 687x0
                                              RenderInline {span} at (0,0) size 0x0
                                            RenderBlock {div} at (0,45) size 687x15
                                              RenderInline {span} at (0,0) size 211x15 [color=#881280]
                                                RenderText {#text} at (0,0) size 55x15
                                                  text run at (0,0) width 55: "<option"
                                                RenderInline {span} at (0,0) size 149x15
                                                  RenderText {#text} at (54,0) size 9x15
                                                    text run at (54,0) width 9: " "
                                                  RenderInline {span} at (0,0) size 40x15 [color=#994500]
                                                    RenderText {#text} at (62,0) size 40x15
                                                      text run at (62,0) width 40: "value"
                                                  RenderText {#text} at (101,0) size 17x15
                                                    text run at (101,0) width 17: "=\""
                                                  RenderInline {span} at (0,0) size 79x15 [color=#1A1AA6]
                                                    RenderText {#text} at (117,0) size 79x15
                                                      text run at (117,0) width 79: "humanities"
                                                  RenderText {#text} at (195,0) size 8x15
                                                    text run at (195,0) width 8: "\""
                                                RenderText {#text} at (202,0) size 9x15
                                                  text run at (202,0) width 9: ">"
                                              RenderInline {span} at (0,0) size 126x15
                                                RenderText {#text} at (210,0) size 126x15
                                                  text run at (210,0) width 126: "Other Humanities"
                                              RenderInline {span} at (0,0) size 71x15 [color=#881280]
                                                RenderText {#text} at (335,0) size 63x15
                                                  text run at (335,0) width 63: "</option"
                                                RenderText {#text} at (397,0) size 9x15
                                                  text run at (397,0) width 9: ">"
                                            RenderBlock (anonymous) at (0,60) size 687x0
                                              RenderInline {span} at (0,0) size 0x0
                                            RenderBlock {div} at (0,60) size 687x15
                                              RenderInline {span} at (0,0) size 172x15 [color=#881280]
                                                RenderText {#text} at (0,0) size 55x15
                                                  text run at (0,0) width 55: "<option"
                                                RenderInline {span} at (0,0) size 110x15
                                                  RenderText {#text} at (54,0) size 9x15
                                                    text run at (54,0) width 9: " "
                                                  RenderInline {span} at (0,0) size 40x15 [color=#994500]
                                                    RenderText {#text} at (62,0) size 40x15
                                                      text run at (62,0) width 40: "value"
                                                  RenderText {#text} at (101,0) size 17x15
                                                    text run at (101,0) width 17: "=\""
                                                  RenderInline {span} at (0,0) size 40x15 [color=#1A1AA6]
                                                    RenderText {#text} at (117,0) size 40x15
                                                      text run at (117,0) width 40: "other"
                                                  RenderText {#text} at (156,0) size 8x15
                                                    text run at (156,0) width 8: "\""
                                                RenderText {#text} at (163,0) size 9x15
                                                  text run at (163,0) width 9: ">"
                                              RenderInline {span} at (0,0) size 126x15
                                                RenderText {#text} at (171,0) size 126x15
                                                  text run at (171,0) width 126: "Other Altogether"
                                              RenderInline {span} at (0,0) size 71x15 [color=#881280]
                                                RenderText {#text} at (296,0) size 63x15
                                                  text run at (296,0) width 63: "</option"
                                                RenderText {#text} at (358,0) size 9x15
                                                  text run at (358,0) width 9: ">"
                                            RenderBlock (anonymous) at (0,75) size 687x0
                                              RenderInline {span} at (0,0) size 0x0
                                          RenderBlock {div} at (0,90) size 700x15
                                            RenderInline {span} at (0,0) size 71x15 [color=#881280]
                                              RenderText {#text} at (0,0) size 63x15
                                                text run at (0,0) width 63: "</select"
                                              RenderText {#text} at (62,0) size 9x15
                                                text run at (62,0) width 9: ">"
                                      RenderBlock (anonymous) at (0,195) size 700x0
                                        RenderInline {span} at (0,0) size 0x0
                                      RenderBlock {div} at (0,195) size 700x15
                                        RenderInline {span} at (0,0) size 180x15 [color=#881280]
                                          RenderText {#text} at (0,0) size 40x15
                                            text run at (0,0) width 40: "<span"
                                          RenderInline {span} at (0,0) size 133x15
                                            RenderText {#text} at (39,0) size 8x15
                                              text run at (39,0) width 8: " "
                                            RenderInline {span} at (0,0) size 40x15 [color=#994500]
                                              RenderText {#text} at (46,0) size 40x15
                                                text run at (46,0) width 40: "class"
                                            RenderText {#text} at (85,0) size 17x15
                                              text run at (85,0) width 17: "=\""
                                            RenderInline {span} at (0,0) size 63x15 [color=#1A1AA6]
                                              RenderText {#text} at (101,0) size 63x15
                                                text run at (101,0) width 63: "question"
                                            RenderText {#text} at (163,0) size 9x15
                                              text run at (163,0) width 9: "\""
                                          RenderText {#text} at (171,0) size 9x15
                                            text run at (171,0) width 9: ">"
                                        RenderInline {span} at (0,0) size 149x15
                                          RenderText {#text} at (179,0) size 149x15
                                            text run at (179,0) width 149: "Your year of study*"
                                        RenderInline {span} at (0,0) size 56x15 [color=#881280]
                                          RenderText {#text} at (327,0) size 48x15
                                            text run at (327,0) width 48: "</span"
                                          RenderText {#text} at (374,0) size 9x15
                                            text run at (374,0) width 9: ">"
                                      RenderBlock (anonymous) at (0,210) size 700x0
                                        RenderInline {span} at (0,0) size 0x0
                                      RenderBlock {div} at (0,210) size 700x135
                                        RenderBlock {div} at (0,0) size 700x135
                                          RenderBlock {div} at (0,0) size 700x15
                                            RenderBlock {span} at (-10,5) size 10x10
                                            RenderInline {span} at (0,0) size 274x15 [color=#881280]
                                              RenderText {#text} at (0,0) size 55x15
                                                text run at (0,0) width 55: "<select"
                                              RenderInline {span} at (0,0) size 118x15
                                                RenderText {#text} at (54,0) size 9x15
                                                  text run at (54,0) width 9: " "
                                                RenderInline {span} at (0,0) size 40x15 [color=#994500]
                                                  RenderText {#text} at (62,0) size 40x15
                                                    text run at (62,0) width 40: "class"
                                                RenderText {#text} at (101,0) size 17x15
                                                  text run at (101,0) width 17: "=\""
                                                RenderInline {span} at (0,0) size 47x15 [color=#1A1AA6]
                                                  RenderText {#text} at (117,0) size 47x15
                                                    text run at (117,0) width 47: "answer"
                                                RenderText {#text} at (163,0) size 9x15
                                                  text run at (163,0) width 9: "\""
                                              RenderInline {span} at (0,0) size 95x15
                                                RenderText {#text} at (171,0) size 9x15
                                                  text run at (171,0) width 9: " "
                                                RenderInline {span} at (0,0) size 32x15 [color=#994500]
                                                  RenderText {#text} at (179,0) size 32x15
                                                    text run at (179,0) width 32: "name"
                                                RenderText {#text} at (210,0) size 17x15
                                                  text run at (210,0) width 17: "=\""
                                                RenderInline {span} at (0,0) size 32x15 [color=#1A1AA6]
                                                  RenderText {#text} at (226,0) size 32x15
                                                    text run at (226,0) width 32: "year"
                                                RenderText {#text} at (257,0) size 9x15
                                                  text run at (257,0) width 9: "\""
                                              RenderText {#text} at (265,0) size 9x15
                                                text run at (265,0) width 9: ">"
                                          RenderBlock {div} at (13,15) size 687x105
                                            RenderBlock (anonymous) at (0,0) size 687x0
                                              RenderInline {span} at (0,0) size 0x0
                                            RenderBlock {div} at (0,0) size 687x15
                                              RenderInline {span} at (0,0) size 133x15 [color=#881280]
                                                RenderText {#text} at (0,0) size 55x15
                                                  text run at (0,0) width 55: "<option"
                                                RenderInline {span} at (0,0) size 71x15
                                                  RenderText {#text} at (54,0) size 9x15
                                                    text run at (54,0) width 9: " "
                                                  RenderInline {span} at (0,0) size 40x15 [color=#994500]
                                                    RenderText {#text} at (62,0) size 40x15
                                                      text run at (62,0) width 40: "value"
                                                  RenderText {#text} at (101,0) size 17x15
                                                    text run at (101,0) width 17: "=\""
                                                  RenderInline {span} at (0,0) size 0x15 [color=#1A1AA6]
                                                  RenderText {#text} at (117,0) size 8x15
                                                    text run at (117,0) width 8: "\""
                                                RenderText {#text} at (124,0) size 9x15
                                                  text run at (124,0) width 9: ">"
                                              RenderInline {span} at (0,0) size 173x15
                                                RenderText {#text} at (132,0) size 173x15
                                                  text run at (132,0) width 173: "Years you've been here"
                                              RenderInline {span} at (0,0) size 71x15 [color=#881280]
                                                RenderText {#text} at (304,0) size 63x15
                                                  text run at (304,0) width 63: "</option"
                                                RenderText {#text} at (366,0) size 9x15
                                                  text run at (366,0) width 9: ">"
                                            RenderBlock (anonymous) at (0,15) size 687x0
                                              RenderInline {span} at (0,0) size 0x0
                                            RenderBlock {div} at (0,15) size 687x15
                                              RenderInline {span} at (0,0) size 141x15 [color=#881280]
                                                RenderText {#text} at (0,0) size 55x15
                                                  text run at (0,0) width 55: "<option"
                                                RenderInline {span} at (0,0) size 79x15
                                                  RenderText {#text} at (54,0) size 9x15
                                                    text run at (54,0) width 9: " "
                                                  RenderInline {span} at (0,0) size 40x15 [color=#994500]
                                                    RenderText {#text} at (62,0) size 40x15
                                                      text run at (62,0) width 40: "value"
                                                  RenderText {#text} at (101,0) size 17x15
                                                    text run at (101,0) width 17: "=\""
                                                  RenderInline {span} at (0,0) size 8x15 [color=#1A1AA6]
                                                    RenderText {#text} at (117,0) size 8x15
                                                      text run at (117,0) width 8: "1"
                                                  RenderText {#text} at (124,0) size 9x15
                                                    text run at (124,0) width 9: "\""
                                                RenderText {#text} at (132,0) size 9x15
                                                  text run at (132,0) width 9: ">"
                                              RenderInline {span} at (0,0) size 9x15
                                                RenderText {#text} at (140,0) size 9x15
                                                  text run at (140,0) width 9: "1"
                                              RenderInline {span} at (0,0) size 71x15 [color=#881280]
                                                RenderText {#text} at (148,0) size 63x15
                                                  text run at (148,0) width 63: "</option"
                                                RenderText {#text} at (210,0) size 9x15
                                                  text run at (210,0) width 9: ">"
                                            RenderBlock (anonymous) at (0,30) size 687x0
                                              RenderInline {span} at (0,0) size 0x0
                                            RenderBlock {div} at (0,30) size 687x15
                                              RenderInline {span} at (0,0) size 141x15 [color=#881280]
                                                RenderText {#text} at (0,0) size 55x15
                                                  text run at (0,0) width 55: "<option"
                                                RenderInline {span} at (0,0) size 79x15
                                                  RenderText {#text} at (54,0) size 9x15
                                                    text run at (54,0) width 9: " "
                                                  RenderInline {span} at (0,0) size 40x15 [color=#994500]
                                                    RenderText {#text} at (62,0) size 40x15
                                                      text run at (62,0) width 40: "value"
                                                  RenderText {#text} at (101,0) size 17x15
                                                    text run at (101,0) width 17: "=\""
                                                  RenderInline {span} at (0,0) size 8x15 [color=#1A1AA6]
                                                    RenderText {#text} at (117,0) size 8x15
                                                      text run at (117,0) width 8: "2"
                                                  RenderText {#text} at (124,0) size 9x15
                                                    text run at (124,0) width 9: "\""
                                                RenderText {#text} at (132,0) size 9x15
                                                  text run at (132,0) width 9: ">"
                                              RenderInline {span} at (0,0) size 9x15
                                                RenderText {#text} at (140,0) size 9x15
                                                  text run at (140,0) width 9: "2"
                                              RenderInline {span} at (0,0) size 71x15 [color=#881280]
                                                RenderText {#text} at (148,0) size 63x15
                                                  text run at (148,0) width 63: "</option"
                                                RenderText {#text} at (210,0) size 9x15
                                                  text run at (210,0) width 9: ">"
                                            RenderBlock (anonymous) at (0,45) size 687x0
                                              RenderInline {span} at (0,0) size 0x0
                                            RenderBlock {div} at (0,45) size 687x15
                                              RenderInline {span} at (0,0) size 141x15 [color=#881280]
                                                RenderText {#text} at (0,0) size 55x15
                                                  text run at (0,0) width 55: "<option"
                                                RenderInline {span} at (0,0) size 79x15
                                                  RenderText {#text} at (54,0) size 9x15
                                                    text run at (54,0) width 9: " "
                                                  RenderInline {span} at (0,0) size 40x15 [color=#994500]
                                                    RenderText {#text} at (62,0) size 40x15
                                                      text run at (62,0) width 40: "value"
                                                  RenderText {#text} at (101,0) size 17x15
                                                    text run at (101,0) width 17: "=\""
                                                  RenderInline {span} at (0,0) size 8x15 [color=#1A1AA6]
                                                    RenderText {#text} at (117,0) size 8x15
                                                      text run at (117,0) width 8: "3"
                                                  RenderText {#text} at (124,0) size 9x15
                                                    text run at (124,0) width 9: "\""
                                                RenderText {#text} at (132,0) size 9x15
                                                  text run at (132,0) width 9: ">"
                                              RenderInline {span} at (0,0) size 9x15
                                                RenderText {#text} at (140,0) size 9x15
                                                  text run at (140,0) width 9: "3"
                                              RenderInline {span} at (0,0) size 71x15 [color=#881280]
                                                RenderText {#text} at (148,0) size 63x15
                                                  text run at (148,0) width 63: "</option"
                                                RenderText {#text} at (210,0) size 9x15
                                                  text run at (210,0) width 9: ">"
                                            RenderBlock (anonymous) at (0,60) size 687x0
                                              RenderInline {span} at (0,0) size 0x0
                                            RenderBlock {div} at (0,60) size 687x15
                                              RenderInline {span} at (0,0) size 141x15 [color=#881280]
                                                RenderText {#text} at (0,0) size 55x15
                                                  text run at (0,0) width 55: "<option"
                                                RenderInline {span} at (0,0) size 79x15
                                                  RenderText {#text} at (54,0) size 9x15
                                                    text run at (54,0) width 9: " "
                                                  RenderInline {span} at (0,0) size 40x15 [color=#994500]
                                                    RenderText {#text} at (62,0) size 40x15
                                                      text run at (62,0) width 40: "value"
                                                  RenderText {#text} at (101,0) size 17x15
                                                    text run at (101,0) width 17: "=\""
                                                  RenderInline {span} at (0,0) size 8x15 [color=#1A1AA6]
                                                    RenderText {#text} at (117,0) size 8x15
                                                      text run at (117,0) width 8: "4"
                                                  RenderText {#text} at (124,0) size 9x15
                                                    text run at (124,0) width 9: "\""
                                                RenderText {#text} at (132,0) size 9x15
                                                  text run at (132,0) width 9: ">"
                                              RenderInline {span} at (0,0) size 9x15
                                                RenderText {#text} at (140,0) size 9x15
                                                  text run at (140,0) width 9: "4"
                                              RenderInline {span} at (0,0) size 71x15 [color=#881280]
                                                RenderText {#text} at (148,0) size 63x15
                                                  text run at (148,0) width 63: "</option"
                                                RenderText {#text} at (210,0) size 9x15
                                                  text run at (210,0) width 9: ">"
                                            RenderBlock (anonymous) at (0,75) size 687x0
                                              RenderInline {span} at (0,0) size 0x0
                                            RenderBlock {div} at (0,75) size 687x15
                                              RenderInline {span} at (0,0) size 164x15 [color=#881280]
                                                RenderText {#text} at (0,0) size 55x15
                                                  text run at (0,0) width 55: "<option"
                                                RenderInline {span} at (0,0) size 103x15
                                                  RenderText {#text} at (54,0) size 9x15
                                                    text run at (54,0) width 9: " "
                                                  RenderInline {span} at (0,0) size 40x15 [color=#994500]
                                                    RenderText {#text} at (62,0) size 40x15
                                                      text run at (62,0) width 40: "value"
                                                  RenderText {#text} at (101,0) size 17x15
                                                    text run at (101,0) width 17: "=\""
                                                  RenderInline {span} at (0,0) size 32x15 [color=#1A1AA6]
                                                    RenderText {#text} at (117,0) size 32x15
                                                      text run at (117,0) width 32: "more"
                                                  RenderText {#text} at (148,0) size 9x15
                                                    text run at (148,0) width 9: "\""
                                                RenderText {#text} at (156,0) size 8x15
                                                  text run at (156,0) width 8: ">"
                                              RenderInline {span} at (0,0) size 33x15
                                                RenderText {#text} at (163,0) size 33x15
                                                  text run at (163,0) width 33: "More"
                                              RenderInline {span} at (0,0) size 71x15 [color=#881280]
                                                RenderText {#text} at (195,0) size 63x15
                                                  text run at (195,0) width 63: "</option"
                                                RenderText {#text} at (257,0) size 9x15
                                                  text run at (257,0) width 9: ">"
                                            RenderBlock (anonymous) at (0,90) size 687x0
                                              RenderInline {span} at (0,0) size 0x0
                                            RenderBlock {div} at (0,90) size 687x15
                                              RenderInline {span} at (0,0) size 149x15 [color=#881280]
                                                RenderText {#text} at (0,0) size 55x15
                                                  text run at (0,0) width 55: "<option"
                                                RenderInline {span} at (0,0) size 87x15
                                                  RenderText {#text} at (54,0) size 9x15
                                                    text run at (54,0) width 9: " "
                                                  RenderInline {span} at (0,0) size 40x15 [color=#994500]
                                                    RenderText {#text} at (62,0) size 40x15
                                                      text run at (62,0) width 40: "value"
                                                  RenderText {#text} at (101,0) size 17x15
                                                    text run at (101,0) width 17: "=\""
                                                  RenderInline {span} at (0,0) size 16x15 [color=#1A1AA6]
                                                    RenderText {#text} at (117,0) size 16x15
                                                      text run at (117,0) width 16: "na"
                                                  RenderText {#text} at (132,0) size 9x15
                                                    text run at (132,0) width 9: "\""
                                                RenderText {#text} at (140,0) size 9x15
                                                  text run at (140,0) width 9: ">"
                                              RenderInline {span} at (0,0) size 87x15
                                                RenderText {#text} at (148,0) size 87x15
                                                  text run at (148,0) width 87: "Not telling"
                                              RenderInline {span} at (0,0) size 71x15 [color=#881280]
                                                RenderText {#text} at (234,0) size 63x15
                                                  text run at (234,0) width 63: "</option"
                                                RenderText {#text} at (296,0) size 9x15
                                                  text run at (296,0) width 9: ">"
                                            RenderBlock (anonymous) at (0,105) size 687x0
                                              RenderInline {span} at (0,0) size 0x0
                                          RenderBlock {div} at (0,120) size 700x15
                                            RenderInline {span} at (0,0) size 71x15 [color=#881280]
                                              RenderText {#text} at (0,0) size 63x15
                                                text run at (0,0) width 63: "</select"
                                              RenderText {#text} at (62,0) size 9x15
                                                text run at (62,0) width 9: ">"
                                      RenderBlock (anonymous) at (0,345) size 700x0
                                        RenderInline {span} at (0,0) size 0x0
                                      RenderBlock {div} at (0,345) size 700x15
                                        RenderInline {span} at (0,0) size 180x15 [color=#881280]
                                          RenderText {#text} at (0,0) size 40x15
                                            text run at (0,0) width 40: "<span"
                                          RenderInline {span} at (0,0) size 133x15
                                            RenderText {#text} at (39,0) size 8x15
                                              text run at (39,0) width 8: " "
                                            RenderInline {span} at (0,0) size 40x15 [color=#994500]
                                              RenderText {#text} at (46,0) size 40x15
                                                text run at (46,0) width 40: "class"
                                            RenderText {#text} at (85,0) size 17x15
                                              text run at (85,0) width 17: "=\""
                                            RenderInline {span} at (0,0) size 63x15 [color=#1A1AA6]
                                              RenderText {#text} at (101,0) size 63x15
                                                text run at (101,0) width 63: "question"
                                            RenderText {#text} at (163,0) size 9x15
                                              text run at (163,0) width 9: "\""
                                          RenderText {#text} at (171,0) size 9x15
                                            text run at (171,0) width 9: ">"
                                        RenderInline {span} at (0,0) size 196x15
                                          RenderText {#text} at (179,0) size 196x15
                                            text run at (179,0) width 196: "Shakespeare classes taken"
                                        RenderInline {span} at (0,0) size 56x15 [color=#881280]
                                          RenderText {#text} at (374,0) size 48x15
                                            text run at (374,0) width 48: "</span"
                                          RenderText {#text} at (421,0) size 9x15
                                            text run at (421,0) width 9: ">"
                                      RenderBlock (anonymous) at (0,360) size 700x0
                                        RenderInline {span} at (0,0) size 0x0
                                      RenderBlock {div} at (0,360) size 700x150
                                        RenderBlock {div} at (0,0) size 700x150
                                          RenderBlock {div} at (0,0) size 700x15
                                            RenderBlock {span} at (-10,5) size 10x10
                                            RenderInline {span} at (0,0) size 297x15 [color=#881280]
                                              RenderText {#text} at (0,0) size 55x15
                                                text run at (0,0) width 55: "<select"
                                              RenderInline {span} at (0,0) size 118x15
                                                RenderText {#text} at (54,0) size 9x15
                                                  text run at (54,0) width 9: " "
                                                RenderInline {span} at (0,0) size 40x15 [color=#994500]
                                                  RenderText {#text} at (62,0) size 40x15
                                                    text run at (62,0) width 40: "class"
                                                RenderText {#text} at (101,0) size 17x15
                                                  text run at (101,0) width 17: "=\""
                                                RenderInline {span} at (0,0) size 47x15 [color=#1A1AA6]
                                                  RenderText {#text} at (117,0) size 47x15
                                                    text run at (117,0) width 47: "answer"
                                                RenderText {#text} at (163,0) size 9x15
                                                  text run at (163,0) width 9: "\""
                                              RenderInline {span} at (0,0) size 118x15
                                                RenderText {#text} at (171,0) size 9x15
                                                  text run at (171,0) width 9: " "
                                                RenderInline {span} at (0,0) size 32x15 [color=#994500]
                                                  RenderText {#text} at (179,0) size 32x15
                                                    text run at (179,0) width 32: "name"
                                                RenderText {#text} at (210,0) size 17x15
                                                  text run at (210,0) width 17: "=\""
                                                RenderInline {span} at (0,0) size 55x15 [color=#1A1AA6]
                                                  RenderText {#text} at (226,0) size 55x15
                                                    text run at (226,0) width 55: "classes"
                                                RenderText {#text} at (280,0) size 9x15
                                                  text run at (280,0) width 9: "\""
                                              RenderText {#text} at (288,0) size 9x15
                                                text run at (288,0) width 9: ">"
                                          RenderBlock {div} at (13,15) size 687x120
                                            RenderBlock (anonymous) at (0,0) size 687x0
                                              RenderInline {span} at (0,0) size 0x0
                                            RenderBlock {div} at (0,0) size 687x15
                                              RenderInline {span} at (0,0) size 133x15 [color=#881280]
                                                RenderText {#text} at (0,0) size 55x15
                                                  text run at (0,0) width 55: "<option"
                                                RenderInline {span} at (0,0) size 71x15
                                                  RenderText {#text} at (54,0) size 9x15
                                                    text run at (54,0) width 9: " "
                                                  RenderInline {span} at (0,0) size 40x15 [color=#994500]
                                                    RenderText {#text} at (62,0) size 40x15
                                                      text run at (62,0) width 40: "value"
                                                  RenderText {#text} at (101,0) size 17x15
                                                    text run at (101,0) width 17: "=\""
                                                  RenderInline {span} at (0,0) size 0x15 [color=#1A1AA6]
                                                  RenderText {#text} at (117,0) size 8x15
                                                    text run at (117,0) width 8: "\""
                                                RenderText {#text} at (124,0) size 9x15
                                                  text run at (124,0) width 9: ">"
                                              RenderInline {span} at (0,0) size 95x15
                                                RenderText {#text} at (132,0) size 95x15
                                                  text run at (132,0) width 95: "Number taken"
                                              RenderInline {span} at (0,0) size 71x15 [color=#881280]
                                                RenderText {#text} at (226,0) size 63x15
                                                  text run at (226,0) width 63: "</option"
                                                RenderText {#text} at (288,0) size 9x15
                                                  text run at (288,0) width 9: ">"
                                            RenderBlock (anonymous) at (0,15) size 687x0
                                              RenderInline {span} at (0,0) size 0x0
                                            RenderBlock {div} at (0,15) size 687x15
                                              RenderInline {span} at (0,0) size 141x15 [color=#881280]
                                                RenderText {#text} at (0,0) size 55x15
                                                  text run at (0,0) width 55: "<option"
                                                RenderInline {span} at (0,0) size 79x15
                                                  RenderText {#text} at (54,0) size 9x15
                                                    text run at (54,0) width 9: " "
                                                  RenderInline {span} at (0,0) size 40x15 [color=#994500]
                                                    RenderText {#text} at (62,0) size 40x15
                                                      text run at (62,0) width 40: "value"
                                                  RenderText {#text} at (101,0) size 17x15
                                                    text run at (101,0) width 17: "=\""
                                                  RenderInline {span} at (0,0) size 8x15 [color=#1A1AA6]
                                                    RenderText {#text} at (117,0) size 8x15
                                                      text run at (117,0) width 8: "0"
                                                  RenderText {#text} at (124,0) size 9x15
                                                    text run at (124,0) width 9: "\""
                                                RenderText {#text} at (132,0) size 9x15
                                                  text run at (132,0) width 9: ">"
                                              RenderInline {span} at (0,0) size 9x15
                                                RenderText {#text} at (140,0) size 9x15
                                                  text run at (140,0) width 9: "0"
                                              RenderInline {span} at (0,0) size 71x15 [color=#881280]
                                                RenderText {#text} at (148,0) size 63x15
                                                  text run at (148,0) width 63: "</option"
                                                RenderText {#text} at (210,0) size 9x15
                                                  text run at (210,0) width 9: ">"
                                            RenderBlock (anonymous) at (0,30) size 687x0
                                              RenderInline {span} at (0,0) size 0x0
                                            RenderBlock {div} at (0,30) size 687x15
                                              RenderInline {span} at (0,0) size 141x15 [color=#881280]
                                                RenderText {#text} at (0,0) size 55x15
                                                  text run at (0,0) width 55: "<option"
                                                RenderInline {span} at (0,0) size 79x15
                                                  RenderText {#text} at (54,0) size 9x15
                                                    text run at (54,0) width 9: " "
                                                  RenderInline {span} at (0,0) size 40x15 [color=#994500]
                                                    RenderText {#text} at (62,0) size 40x15
                                                      text run at (62,0) width 40: "value"
                                                  RenderText {#text} at (101,0) size 17x15
                                                    text run at (101,0) width 17: "=\""
                                                  RenderInline {span} at (0,0) size 8x15 [color=#1A1AA6]
                                                    RenderText {#text} at (117,0) size 8x15
                                                      text run at (117,0) width 8: "1"
                                                  RenderText {#text} at (124,0) size 9x15
                                                    text run at (124,0) width 9: "\""
                                                RenderText {#text} at (132,0) size 9x15
                                                  text run at (132,0) width 9: ">"
                                              RenderInline {span} at (0,0) size 9x15
                                                RenderText {#text} at (140,0) size 9x15
                                                  text run at (140,0) width 9: "1"
                                              RenderInline {span} at (0,0) size 71x15 [color=#881280]
                                                RenderText {#text} at (148,0) size 63x15
                                                  text run at (148,0) width 63: "</option"
                                                RenderText {#text} at (210,0) size 9x15
                                                  text run at (210,0) width 9: ">"
                                            RenderBlock (anonymous) at (0,45) size 687x0
                                              RenderInline {span} at (0,0) size 0x0
                                            RenderBlock {div} at (0,45) size 687x15
                                              RenderInline {span} at (0,0) size 141x15 [color=#881280]
                                                RenderText {#text} at (0,0) size 55x15
                                                  text run at (0,0) width 55: "<option"
                                                RenderInline {span} at (0,0) size 79x15
                                                  RenderText {#text} at (54,0) size 9x15
                                                    text run at (54,0) width 9: " "
                                                  RenderInline {span} at (0,0) size 40x15 [color=#994500]
                                                    RenderText {#text} at (62,0) size 40x15
                                                      text run at (62,0) width 40: "value"
                                                  RenderText {#text} at (101,0) size 17x15
                                                    text run at (101,0) width 17: "=\""
                                                  RenderInline {span} at (0,0) size 8x15 [color=#1A1AA6]
                                                    RenderText {#text} at (117,0) size 8x15
                                                      text run at (117,0) width 8: "2"
                                                  RenderText {#text} at (124,0) size 9x15
                                                    text run at (124,0) width 9: "\""
                                                RenderText {#text} at (132,0) size 9x15
                                                  text run at (132,0) width 9: ">"
                                              RenderInline {span} at (0,0) size 9x15
                                                RenderText {#text} at (140,0) size 9x15
                                                  text run at (140,0) width 9: "2"
                                              RenderInline {span} at (0,0) size 71x15 [color=#881280]
                                                RenderText {#text} at (148,0) size 63x15
                                                  text run at (148,0) width 63: "</option"
                                                RenderText {#text} at (210,0) size 9x15
                                                  text run at (210,0) width 9: ">"
                                            RenderBlock (anonymous) at (0,60) size 687x0
                                              RenderInline {span} at (0,0) size 0x0
                                            RenderBlock {div} at (0,60) size 687x15
                                              RenderInline {span} at (0,0) size 141x15 [color=#881280]
                                                RenderText {#text} at (0,0) size 55x15
                                                  text run at (0,0) width 55: "<option"
                                                RenderInline {span} at (0,0) size 79x15
                                                  RenderText {#text} at (54,0) size 9x15
                                                    text run at (54,0) width 9: " "
                                                  RenderInline {span} at (0,0) size 40x15 [color=#994500]
                                                    RenderText {#text} at (62,0) size 40x15
                                                      text run at (62,0) width 40: "value"
                                                  RenderText {#text} at (101,0) size 17x15
                                                    text run at (101,0) width 17: "=\""
                                                  RenderInline {span} at (0,0) size 8x15 [color=#1A1AA6]
                                                    RenderText {#text} at (117,0) size 8x15
                                                      text run at (117,0) width 8: "3"
                                                  RenderText {#text} at (124,0) size 9x15
                                                    text run at (124,0) width 9: "\""
                                                RenderText {#text} at (132,0) size 9x15
                                                  text run at (132,0) width 9: ">"
                                              RenderInline {span} at (0,0) size 9x15
                                                RenderText {#text} at (140,0) size 9x15
                                                  text run at (140,0) width 9: "3"
                                              RenderInline {span} at (0,0) size 71x15 [color=#881280]
                                                RenderText {#text} at (148,0) size 63x15
                                                  text run at (148,0) width 63: "</option"
                                                RenderText {#text} at (210,0) size 9x15
                                                  text run at (210,0) width 9: ">"
                                            RenderBlock (anonymous) at (0,75) size 687x0
                                              RenderInline {span} at (0,0) size 0x0
                                            RenderBlock {div} at (0,75) size 687x15
                                              RenderInline {span} at (0,0) size 141x15 [color=#881280]
                                                RenderText {#text} at (0,0) size 55x15
                                                  text run at (0,0) width 55: "<option"
                                                RenderInline {span} at (0,0) size 79x15
                                                  RenderText {#text} at (54,0) size 9x15
                                                    text run at (54,0) width 9: " "
                                                  RenderInline {span} at (0,0) size 40x15 [color=#994500]
                                                    RenderText {#text} at (62,0) size 40x15
                                                      text run at (62,0) width 40: "value"
                                                  RenderText {#text} at (101,0) size 17x15
                                                    text run at (101,0) width 17: "=\""
                                                  RenderInline {span} at (0,0) size 8x15 [color=#1A1AA6]
                                                    RenderText {#text} at (117,0) size 8x15
                                                      text run at (117,0) width 8: "4"
                                                  RenderText {#text} at (124,0) size 9x15
                                                    text run at (124,0) width 9: "\""
                                                RenderText {#text} at (132,0) size 9x15
                                                  text run at (132,0) width 9: ">"
                                              RenderInline {span} at (0,0) size 9x15
                                                RenderText {#text} at (140,0) size 9x15
                                                  text run at (140,0) width 9: "4"
                                              RenderInline {span} at (0,0) size 71x15 [color=#881280]
                                                RenderText {#text} at (148,0) size 63x15
                                                  text run at (148,0) width 63: "</option"
                                                RenderText {#text} at (210,0) size 9x15
                                                  text run at (210,0) width 9: ">"
                                            RenderBlock (anonymous) at (0,90) size 687x0
                                              RenderInline {span} at (0,0) size 0x0
                                            RenderBlock {div} at (0,90) size 687x15
                                              RenderInline {span} at (0,0) size 164x15 [color=#881280]
                                                RenderText {#text} at (0,0) size 55x15
                                                  text run at (0,0) width 55: "<option"
                                                RenderInline {span} at (0,0) size 103x15
                                                  RenderText {#text} at (54,0) size 9x15
                                                    text run at (54,0) width 9: " "
                                                  RenderInline {span} at (0,0) size 40x15 [color=#994500]
                                                    RenderText {#text} at (62,0) size 40x15
                                                      text run at (62,0) width 40: "value"
                                                  RenderText {#text} at (101,0) size 17x15
                                                    text run at (101,0) width 17: "=\""
                                                  RenderInline {span} at (0,0) size 32x15 [color=#1A1AA6]
                                                    RenderText {#text} at (117,0) size 32x15
                                                      text run at (117,0) width 32: "more"
                                                  RenderText {#text} at (148,0) size 9x15
                                                    text run at (148,0) width 9: "\""
                                                RenderText {#text} at (156,0) size 8x15
                                                  text run at (156,0) width 8: ">"
                                              RenderInline {span} at (0,0) size 33x15
                                                RenderText {#text} at (163,0) size 33x15
                                                  text run at (163,0) width 33: "More"
                                              RenderInline {span} at (0,0) size 71x15 [color=#881280]
                                                RenderText {#text} at (195,0) size 63x15
                                                  text run at (195,0) width 63: "</option"
                                                RenderText {#text} at (257,0) size 9x15
                                                  text run at (257,0) width 9: ">"
                                            RenderBlock (anonymous) at (0,105) size 687x0
                                              RenderInline {span} at (0,0) size 0x0
                                            RenderBlock {div} at (0,105) size 687x15
                                              RenderInline {span} at (0,0) size 149x15 [color=#881280]
                                                RenderText {#text} at (0,0) size 55x15
                                                  text run at (0,0) width 55: "<option"
                                                RenderInline {span} at (0,0) size 87x15
                                                  RenderText {#text} at (54,0) size 9x15
                                                    text run at (54,0) width 9: " "
                                                  RenderInline {span} at (0,0) size 40x15 [color=#994500]
                                                    RenderText {#text} at (62,0) size 40x15
                                                      text run at (62,0) width 40: "value"
                                                  RenderText {#text} at (101,0) size 17x15
                                                    text run at (101,0) width 17: "=\""
                                                  RenderInline {span} at (0,0) size 16x15 [color=#1A1AA6]
                                                    RenderText {#text} at (117,0) size 16x15
                                                      text run at (117,0) width 16: "na"
                                                  RenderText {#text} at (132,0) size 9x15
                                                    text run at (132,0) width 9: "\""
                                                RenderText {#text} at (140,0) size 9x15
                                                  text run at (140,0) width 9: ">"
                                              RenderInline {span} at (0,0) size 87x15
                                                RenderText {#text} at (148,0) size 87x15
                                                  text run at (148,0) width 87: "Not telling"
                                              RenderInline {span} at (0,0) size 71x15 [color=#881280]
                                                RenderText {#text} at (234,0) size 63x15
                                                  text run at (234,0) width 63: "</option"
                                                RenderText {#text} at (296,0) size 9x15
                                                  text run at (296,0) width 9: ">"
                                            RenderBlock (anonymous) at (0,120) size 687x0
                                              RenderInline {span} at (0,0) size 0x0
                                          RenderBlock {div} at (0,135) size 700x15
                                            RenderInline {span} at (0,0) size 71x15 [color=#881280]
                                              RenderText {#text} at (0,0) size 63x15
                                                text run at (0,0) width 63: "</select"
                                              RenderText {#text} at (62,0) size 9x15
                                                text run at (62,0) width 9: ">"
                                      RenderBlock (anonymous) at (0,510) size 700x0
                                        RenderInline {span} at (0,0) size 0x0
                                      RenderBlock {div} at (0,510) size 700x15
                                        RenderInline {span} at (0,0) size 24x15 [color=#881280]
                                          RenderText {#text} at (0,0) size 16x15
                                            text run at (0,0) width 16: "<p"
                                          RenderText {#text} at (15,0) size 9x15
                                            text run at (15,0) width 9: ">"
                                        RenderInline {span} at (0,0) size 219x15
                                          RenderText {#text} at (23,0) size 219x15
                                            text run at (23,0) width 219: "* indicates a required field"
                                        RenderInline {span} at (0,0) size 33x15 [color=#881280]
                                          RenderText {#text} at (241,0) size 25x15
                                            text run at (241,0) width 25: "</p"
                                          RenderText {#text} at (265,0) size 9x15
                                            text run at (265,0) width 9: ">"
                                      RenderBlock (anonymous) at (0,525) size 700x0
                                        RenderInline {span} at (0,0) size 0x0
                                      RenderBlock {div} at (0,525) size 700x15
                                        RenderInline {span} at (0,0) size 32x15 [color=#881280]
                                          RenderText {#text} at (0,0) size 24x15
                                            text run at (0,0) width 24: "<h2"
                                          RenderText {#text} at (23,0) size 9x15
                                            text run at (23,0) width 9: ">"
                                        RenderInline {span} at (0,0) size 235x15
                                          RenderText {#text} at (31,0) size 235x15
                                            text run at (31,0) width 235: "Shakespeare Research Questions"
                                        RenderInline {span} at (0,0) size 40x15 [color=#881280]
                                          RenderText {#text} at (265,0) size 32x15
                                            text run at (265,0) width 32: "</h2"
                                          RenderText {#text} at (296,0) size 9x15
                                            text run at (296,0) width 9: ">"
                                      RenderBlock (anonymous) at (0,540) size 700x0
                                        RenderInline {span} at (0,0) size 0x0
                                      RenderBlock {div} at (0,540) size 700x45
                                        RenderBlock {div} at (0,0) size 700x45
                                          RenderBlock {div} at (0,0) size 700x15
                                            RenderBlock {span} at (-10,5) size 10x10
                                            RenderInline {span} at (0,0) size 180x15 [color=#881280]
                                              RenderText {#text} at (0,0) size 40x15
                                                text run at (0,0) width 40: "<span"
                                              RenderInline {span} at (0,0) size 133x15
                                                RenderText {#text} at (39,0) size 8x15
                                                  text run at (39,0) width 8: " "
                                                RenderInline {span} at (0,0) size 40x15 [color=#994500]
                                                  RenderText {#text} at (46,0) size 40x15
                                                    text run at (46,0) width 40: "class"
                                                RenderText {#text} at (85,0) size 17x15
                                                  text run at (85,0) width 17: "=\""
                                                RenderInline {span} at (0,0) size 63x15 [color=#1A1AA6]
                                                  RenderText {#text} at (101,0) size 63x15
                                                    text run at (101,0) width 63: "question"
                                                RenderText {#text} at (163,0) size 9x15
                                                  text run at (163,0) width 9: "\""
                                              RenderText {#text} at (171,0) size 9x15
                                                text run at (171,0) width 9: ">"
                                          RenderBlock {div} at (13,15) size 687x15
                                            RenderInline {span} at (0,0) size 422x15
                                              RenderText {#text} at (0,0) size 422x15
                                                text run at (0,0) width 422: "What percentage of your research time is spent online?"
                                          RenderBlock {div} at (0,30) size 700x15
                                            RenderInline {span} at (0,0) size 55x15 [color=#881280]
                                              RenderText {#text} at (0,0) size 47x15
                                                text run at (0,0) width 47: "</span"
                                              RenderText {#text} at (46,0) size 9x15
                                                text run at (46,0) width 9: ">"
                                      RenderBlock (anonymous) at (0,585) size 700x0
                                        RenderInline {span} at (0,0) size 0x0
                                      RenderBlock {div} at (0,585) size 700x135
                                        RenderBlock {div} at (0,0) size 700x135
                                          RenderBlock {div} at (0,0) size 700x15
                                            RenderBlock {span} at (-10,5) size 10x10
                                            RenderInline {span} at (0,0) size 336x15 [color=#881280]
                                              RenderText {#text} at (0,0) size 55x15
                                                text run at (0,0) width 55: "<select"
                                              RenderInline {span} at (0,0) size 118x15
                                                RenderText {#text} at (54,0) size 9x15
                                                  text run at (54,0) width 9: " "
                                                RenderInline {span} at (0,0) size 40x15 [color=#994500]
                                                  RenderText {#text} at (62,0) size 40x15
                                                    text run at (62,0) width 40: "class"
                                                RenderText {#text} at (101,0) size 17x15
                                                  text run at (101,0) width 17: "=\""
                                                RenderInline {span} at (0,0) size 47x15 [color=#1A1AA6]
                                                  RenderText {#text} at (117,0) size 47x15
                                                    text run at (117,0) width 47: "answer"
                                                RenderText {#text} at (163,0) size 9x15
                                                  text run at (163,0) width 9: "\""
                                              RenderInline {span} at (0,0) size 157x15
                                                RenderText {#text} at (171,0) size 9x15
                                                  text run at (171,0) width 9: " "
                                                RenderInline {span} at (0,0) size 32x15 [color=#994500]
                                                  RenderText {#text} at (179,0) size 32x15
                                                    text run at (179,0) width 32: "name"
                                                RenderText {#text} at (210,0) size 17x15
                                                  text run at (210,0) width 17: "=\""
                                                RenderInline {span} at (0,0) size 94x15 [color=#1A1AA6]
                                                  RenderText {#text} at (226,0) size 94x15
                                                    text run at (226,0) width 94: "research-pct"
                                                RenderText {#text} at (319,0) size 9x15
                                                  text run at (319,0) width 9: "\""
                                              RenderText {#text} at (327,0) size 9x15
                                                text run at (327,0) width 9: ">"
                                          RenderBlock {div} at (13,15) size 687x105
                                            RenderBlock (anonymous) at (0,0) size 687x0
                                              RenderInline {span} at (0,0) size 0x0
                                            RenderBlock {div} at (0,0) size 687x15
                                              RenderInline {span} at (0,0) size 133x15 [color=#881280]
                                                RenderText {#text} at (0,0) size 55x15
                                                  text run at (0,0) width 55: "<option"
                                                RenderInline {span} at (0,0) size 71x15
                                                  RenderText {#text} at (54,0) size 9x15
                                                    text run at (54,0) width 9: " "
                                                  RenderInline {span} at (0,0) size 40x15 [color=#994500]
                                                    RenderText {#text} at (62,0) size 40x15
                                                      text run at (62,0) width 40: "value"
                                                  RenderText {#text} at (101,0) size 17x15
                                                    text run at (101,0) width 17: "=\""
                                                  RenderInline {span} at (0,0) size 0x15 [color=#1A1AA6]
                                                  RenderText {#text} at (117,0) size 8x15
                                                    text run at (117,0) width 8: "\""
                                                RenderText {#text} at (124,0) size 9x15
                                                  text run at (124,0) width 9: ">"
                                              RenderInline {span} at (0,0) size 149x15
                                                RenderText {#text} at (132,0) size 149x15
                                                  text run at (132,0) width 149: "Percentages of time"
                                              RenderInline {span} at (0,0) size 72x15 [color=#881280]
                                                RenderText {#text} at (280,0) size 64x15
                                                  text run at (280,0) width 64: "</option"
                                                RenderText {#text} at (343,0) size 9x15
                                                  text run at (343,0) width 9: ">"
                                            RenderBlock (anonymous) at (0,15) size 687x0
                                              RenderInline {span} at (0,0) size 0x0
                                            RenderBlock {div} at (0,15) size 687x15
                                              RenderInline {span} at (0,0) size 141x15 [color=#881280]
                                                RenderText {#text} at (0,0) size 55x15
                                                  text run at (0,0) width 55: "<option"
                                                RenderInline {span} at (0,0) size 79x15
                                                  RenderText {#text} at (54,0) size 9x15
                                                    text run at (54,0) width 9: " "
                                                  RenderInline {span} at (0,0) size 40x15 [color=#994500]
                                                    RenderText {#text} at (62,0) size 40x15
                                                      text run at (62,0) width 40: "value"
                                                  RenderText {#text} at (101,0) size 17x15
                                                    text run at (101,0) width 17: "=\""
                                                  RenderInline {span} at (0,0) size 8x15 [color=#1A1AA6]
                                                    RenderText {#text} at (117,0) size 8x15
                                                      text run at (117,0) width 8: "0"
                                                  RenderText {#text} at (124,0) size 9x15
                                                    text run at (124,0) width 9: "\""
                                                RenderText {#text} at (132,0) size 9x15
                                                  text run at (132,0) width 9: ">"
                                              RenderInline {span} at (0,0) size 40x15
                                                RenderText {#text} at (140,0) size 40x15
                                                  text run at (140,0) width 40: "0-10%"
                                              RenderInline {span} at (0,0) size 71x15 [color=#881280]
                                                RenderText {#text} at (179,0) size 63x15
                                                  text run at (179,0) width 63: "</option"
                                                RenderText {#text} at (241,0) size 9x15
                                                  text run at (241,0) width 9: ">"
                                            RenderBlock (anonymous) at (0,30) size 687x0
                                              RenderInline {span} at (0,0) size 0x0
                                            RenderBlock {div} at (0,30) size 687x15
                                              RenderInline {span} at (0,0) size 149x15 [color=#881280]
                                                RenderText {#text} at (0,0) size 55x15
                                                  text run at (0,0) width 55: "<option"
                                                RenderInline {span} at (0,0) size 87x15
                                                  RenderText {#text} at (54,0) size 9x15
                                                    text run at (54,0) width 9: " "
                                                  RenderInline {span} at (0,0) size 40x15 [color=#994500]
                                                    RenderText {#text} at (62,0) size 40x15
                                                      text run at (62,0) width 40: "value"
                                                  RenderText {#text} at (101,0) size 17x15
                                                    text run at (101,0) width 17: "=\""
                                                  RenderInline {span} at (0,0) size 16x15 [color=#1A1AA6]
                                                    RenderText {#text} at (117,0) size 16x15
                                                      text run at (117,0) width 16: "10"
                                                  RenderText {#text} at (132,0) size 9x15
                                                    text run at (132,0) width 9: "\""
                                                RenderText {#text} at (140,0) size 9x15
                                                  text run at (140,0) width 9: ">"
                                              RenderInline {span} at (0,0) size 48x15
                                                RenderText {#text} at (148,0) size 48x15
                                                  text run at (148,0) width 48: "10-20%"
                                              RenderInline {span} at (0,0) size 71x15 [color=#881280]
                                                RenderText {#text} at (195,0) size 63x15
                                                  text run at (195,0) width 63: "</option"
                                                RenderText {#text} at (257,0) size 9x15
                                                  text run at (257,0) width 9: ">"
                                            RenderBlock (anonymous) at (0,45) size 687x0
                                              RenderInline {span} at (0,0) size 0x0
                                            RenderBlock {div} at (0,45) size 687x15
                                              RenderInline {span} at (0,0) size 149x15 [color=#881280]
                                                RenderText {#text} at (0,0) size 55x15
                                                  text run at (0,0) width 55: "<option"
                                                RenderInline {span} at (0,0) size 87x15
                                                  RenderText {#text} at (54,0) size 9x15
                                                    text run at (54,0) width 9: " "
                                                  RenderInline {span} at (0,0) size 40x15 [color=#994500]
                                                    RenderText {#text} at (62,0) size 40x15
                                                      text run at (62,0) width 40: "value"
                                                  RenderText {#text} at (101,0) size 17x15
                                                    text run at (101,0) width 17: "=\""
                                                  RenderInline {span} at (0,0) size 16x15 [color=#1A1AA6]
                                                    RenderText {#text} at (117,0) size 16x15
                                                      text run at (117,0) width 16: "20"
                                                  RenderText {#text} at (132,0) size 9x15
                                                    text run at (132,0) width 9: "\""
                                                RenderText {#text} at (140,0) size 9x15
                                                  text run at (140,0) width 9: ">"
                                              RenderInline {span} at (0,0) size 48x15
                                                RenderText {#text} at (148,0) size 48x15
                                                  text run at (148,0) width 48: "20-30%"
                                              RenderInline {span} at (0,0) size 71x15 [color=#881280]
                                                RenderText {#text} at (195,0) size 63x15
                                                  text run at (195,0) width 63: "</option"
                                                RenderText {#text} at (257,0) size 9x15
                                                  text run at (257,0) width 9: ">"
                                            RenderBlock (anonymous) at (0,60) size 687x0
                                              RenderInline {span} at (0,0) size 0x0
                                            RenderBlock {div} at (0,60) size 687x15
                                              RenderInline {span} at (0,0) size 149x15 [color=#881280]
                                                RenderText {#text} at (0,0) size 55x15
                                                  text run at (0,0) width 55: "<option"
                                                RenderInline {span} at (0,0) size 87x15
                                                  RenderText {#text} at (54,0) size 9x15
                                                    text run at (54,0) width 9: " "
                                                  RenderInline {span} at (0,0) size 40x15 [color=#994500]
                                                    RenderText {#text} at (62,0) size 40x15
                                                      text run at (62,0) width 40: "value"
                                                  RenderText {#text} at (101,0) size 17x15
                                                    text run at (101,0) width 17: "=\""
                                                  RenderInline {span} at (0,0) size 16x15 [color=#1A1AA6]
                                                    RenderText {#text} at (117,0) size 16x15
                                                      text run at (117,0) width 16: "30"
                                                  RenderText {#text} at (132,0) size 9x15
                                                    text run at (132,0) width 9: "\""
                                                RenderText {#text} at (140,0) size 9x15
                                                  text run at (140,0) width 9: ">"
                                              RenderInline {span} at (0,0) size 48x15
                                                RenderText {#text} at (148,0) size 48x15
                                                  text run at (148,0) width 48: "30-40%"
                                              RenderInline {span} at (0,0) size 71x15 [color=#881280]
                                                RenderText {#text} at (195,0) size 63x15
                                                  text run at (195,0) width 63: "</option"
                                                RenderText {#text} at (257,0) size 9x15
                                                  text run at (257,0) width 9: ">"
                                            RenderBlock (anonymous) at (0,75) size 687x0
                                              RenderInline {span} at (0,0) size 0x0
                                            RenderBlock {div} at (0,75) size 687x15
                                              RenderInline {span} at (0,0) size 149x15 [color=#881280]
                                                RenderText {#text} at (0,0) size 55x15
                                                  text run at (0,0) width 55: "<option"
                                                RenderInline {span} at (0,0) size 87x15
                                                  RenderText {#text} at (54,0) size 9x15
                                                    text run at (54,0) width 9: " "
                                                  RenderInline {span} at (0,0) size 40x15 [color=#994500]
                                                    RenderText {#text} at (62,0) size 40x15
                                                      text run at (62,0) width 40: "value"
                                                  RenderText {#text} at (101,0) size 17x15
                                                    text run at (101,0) width 17: "=\""
                                                  RenderInline {span} at (0,0) size 16x15 [color=#1A1AA6]
                                                    RenderText {#text} at (117,0) size 16x15
                                                      text run at (117,0) width 16: "50"
                                                  RenderText {#text} at (132,0) size 9x15
                                                    text run at (132,0) width 9: "\""
                                                RenderText {#text} at (140,0) size 9x15
                                                  text run at (140,0) width 9: ">"
                                              RenderInline {span} at (0,0) size 87x15
                                                RenderText {#text} at (148,0) size 87x15
                                                  text run at (148,0) width 87: "50% or more"
                                              RenderInline {span} at (0,0) size 71x15 [color=#881280]
                                                RenderText {#text} at (234,0) size 63x15
                                                  text run at (234,0) width 63: "</option"
                                                RenderText {#text} at (296,0) size 9x15
                                                  text run at (296,0) width 9: ">"
                                            RenderBlock (anonymous) at (0,90) size 687x0
                                              RenderInline {span} at (0,0) size 0x0
                                            RenderBlock {div} at (0,90) size 687x15
                                              RenderInline {span} at (0,0) size 149x15 [color=#881280]
                                                RenderText {#text} at (0,0) size 55x15
                                                  text run at (0,0) width 55: "<option"
                                                RenderInline {span} at (0,0) size 87x15
                                                  RenderText {#text} at (54,0) size 9x15
                                                    text run at (54,0) width 9: " "
                                                  RenderInline {span} at (0,0) size 40x15 [color=#994500]
                                                    RenderText {#text} at (62,0) size 40x15
                                                      text run at (62,0) width 40: "value"
                                                  RenderText {#text} at (101,0) size 17x15
                                                    text run at (101,0) width 17: "=\""
                                                  RenderInline {span} at (0,0) size 16x15 [color=#1A1AA6]
                                                    RenderText {#text} at (117,0) size 16x15
                                                      text run at (117,0) width 16: "na"
                                                  RenderText {#text} at (132,0) size 9x15
                                                    text run at (132,0) width 9: "\""
                                                RenderText {#text} at (140,0) size 9x15
                                                  text run at (140,0) width 9: ">"
                                              RenderInline {span} at (0,0) size 24x15
                                                RenderText {#text} at (148,0) size 24x15
                                                  text run at (148,0) width 24: "n/a"
                                              RenderInline {span} at (0,0) size 71x15 [color=#881280]
                                                RenderText {#text} at (171,0) size 64x15
                                                  text run at (171,0) width 64: "</option"
                                                RenderText {#text} at (234,0) size 8x15
                                                  text run at (234,0) width 8: ">"
                                            RenderBlock (anonymous) at (0,105) size 687x0
                                              RenderInline {span} at (0,0) size 0x0
                                          RenderBlock {div} at (0,120) size 700x15
                                            RenderInline {span} at (0,0) size 71x15 [color=#881280]
                                              RenderText {#text} at (0,0) size 63x15
                                                text run at (0,0) width 63: "</select"
                                              RenderText {#text} at (62,0) size 9x15
                                                text run at (62,0) width 9: ">"
                                      RenderBlock (anonymous) at (0,720) size 700x0
                                        RenderInline {span} at (0,0) size 0x0
                                      RenderBlock {div} at (0,720) size 700x45
                                        RenderBlock {div} at (0,0) size 700x45
                                          RenderBlock {div} at (0,0) size 700x15
                                            RenderBlock {span} at (-10,5) size 10x10
                                            RenderInline {span} at (0,0) size 180x15 [color=#881280]
                                              RenderText {#text} at (0,0) size 40x15
                                                text run at (0,0) width 40: "<span"
                                              RenderInline {span} at (0,0) size 133x15
                                                RenderText {#text} at (39,0) size 8x15
                                                  text run at (39,0) width 8: " "
                                                RenderInline {span} at (0,0) size 40x15 [color=#994500]
                                                  RenderText {#text} at (46,0) size 40x15
                                                    text run at (46,0) width 40: "class"
                                                RenderText {#text} at (85,0) size 17x15
                                                  text run at (85,0) width 17: "=\""
                                                RenderInline {span} at (0,0) size 63x15 [color=#1A1AA6]
                                                  RenderText {#text} at (101,0) size 63x15
                                                    text run at (101,0) width 63: "question"
                                                RenderText {#text} at (163,0) size 9x15
                                                  text run at (163,0) width 9: "\""
                                              RenderText {#text} at (171,0) size 9x15
                                                text run at (171,0) width 9: ">"
                                          RenderBlock {div} at (13,15) size 687x15
                                            RenderInline {span} at (0,0) size 445x15
                                              RenderText {#text} at (0,0) size 445x15
                                                text run at (0,0) width 445: "What is holding you back from doing more research online?"
                                          RenderBlock {div} at (0,30) size 700x15
                                            RenderInline {span} at (0,0) size 55x15 [color=#881280]
                                              RenderText {#text} at (0,0) size 47x15
                                                text run at (0,0) width 47: "</span"
                                              RenderText {#text} at (46,0) size 9x15
                                                text run at (46,0) width 9: ">"
                                      RenderBlock (anonymous) at (0,765) size 700x0
                                        RenderInline {span} at (0,0) size 0x0
                                      RenderBlock {div} at (0,765) size 700x120
                                        RenderBlock {div} at (0,0) size 700x120
                                          RenderBlock {div} at (0,0) size 700x15
                                            RenderBlock {span} at (-10,5) size 10x10
                                            RenderInline {span} at (0,0) size 344x15 [color=#881280]
                                              RenderText {#text} at (0,0) size 55x15
                                                text run at (0,0) width 55: "<select"
                                              RenderInline {span} at (0,0) size 118x15
                                                RenderText {#text} at (54,0) size 9x15
                                                  text run at (54,0) width 9: " "
                                                RenderInline {span} at (0,0) size 40x15 [color=#994500]
                                                  RenderText {#text} at (62,0) size 40x15
                                                    text run at (62,0) width 40: "class"
                                                RenderText {#text} at (101,0) size 17x15
                                                  text run at (101,0) width 17: "=\""
                                                RenderInline {span} at (0,0) size 47x15 [color=#1A1AA6]
                                                  RenderText {#text} at (117,0) size 47x15
                                                    text run at (117,0) width 47: "answer"
                                                RenderText {#text} at (163,0) size 9x15
                                                  text run at (163,0) width 9: "\""
                                              RenderInline {span} at (0,0) size 165x15
                                                RenderText {#text} at (171,0) size 9x15
                                                  text run at (171,0) width 9: " "
                                                RenderInline {span} at (0,0) size 32x15 [color=#994500]
                                                  RenderText {#text} at (179,0) size 32x15
                                                    text run at (179,0) width 32: "name"
                                                RenderText {#text} at (210,0) size 17x15
                                                  text run at (210,0) width 17: "=\""
                                                RenderInline {span} at (0,0) size 102x15 [color=#1A1AA6]
                                                  RenderText {#text} at (226,0) size 102x15
                                                    text run at (226,0) width 102: "research-hold"
                                                RenderText {#text} at (327,0) size 9x15
                                                  text run at (327,0) width 9: "\""
                                              RenderText {#text} at (335,0) size 9x15
                                                text run at (335,0) width 9: ">"
                                          RenderBlock {div} at (13,15) size 687x90
                                            RenderBlock (anonymous) at (0,0) size 687x0
                                              RenderInline {span} at (0,0) size 0x0
                                            RenderBlock {div} at (0,0) size 687x15
                                              RenderInline {span} at (0,0) size 133x15 [color=#881280]
                                                RenderText {#text} at (0,0) size 55x15
                                                  text run at (0,0) width 55: "<option"
                                                RenderInline {span} at (0,0) size 71x15
                                                  RenderText {#text} at (54,0) size 9x15
                                                    text run at (54,0) width 9: " "
                                                  RenderInline {span} at (0,0) size 40x15 [color=#994500]
                                                    RenderText {#text} at (62,0) size 40x15
                                                      text run at (62,0) width 40: "value"
                                                  RenderText {#text} at (101,0) size 17x15
                                                    text run at (101,0) width 17: "=\""
                                                  RenderInline {span} at (0,0) size 0x15 [color=#1A1AA6]
                                                  RenderText {#text} at (117,0) size 8x15
                                                    text run at (117,0) width 8: "\""
                                                RenderText {#text} at (124,0) size 9x15
                                                  text run at (124,0) width 9: ">"
                                              RenderInline {span} at (0,0) size 56x15
                                                RenderText {#text} at (132,0) size 56x15
                                                  text run at (132,0) width 56: "Reasons"
                                              RenderInline {span} at (0,0) size 71x15 [color=#881280]
                                                RenderText {#text} at (187,0) size 63x15
                                                  text run at (187,0) width 63: "</option"
                                                RenderText {#text} at (249,0) size 9x15
                                                  text run at (249,0) width 9: ">"
                                            RenderBlock (anonymous) at (0,15) size 687x0
                                              RenderInline {span} at (0,0) size 0x0
                                            RenderBlock {div} at (0,15) size 687x15
                                              RenderInline {span} at (0,0) size 172x15 [color=#881280]
                                                RenderText {#text} at (0,0) size 55x15
                                                  text run at (0,0) width 55: "<option"
                                                RenderInline {span} at (0,0) size 110x15
                                                  RenderText {#text} at (54,0) size 9x15
                                                    text run at (54,0) width 9: " "
                                                  RenderInline {span} at (0,0) size 40x15 [color=#994500]
                                                    RenderText {#text} at (62,0) size 40x15
                                                      text run at (62,0) width 40: "value"
                                                  RenderText {#text} at (101,0) size 17x15
                                                    text run at (101,0) width 17: "=\""
                                                  RenderInline {span} at (0,0) size 40x15 [color=#1A1AA6]
                                                    RenderText {#text} at (117,0) size 40x15
                                                      text run at (117,0) width 40: "tools"
                                                  RenderText {#text} at (156,0) size 8x15
                                                    text run at (156,0) width 8: "\""
                                                RenderText {#text} at (163,0) size 9x15
                                                  text run at (163,0) width 9: ">"
                                              RenderInline {span} at (0,0) size 227x15
                                                RenderText {#text} at (171,0) size 227x15
                                                  text run at (171,0) width 227: "Lack of good online resources"
                                              RenderInline {span} at (0,0) size 72x15 [color=#881280]
                                                RenderText {#text} at (397,0) size 64x15
                                                  text run at (397,0) width 64: "</option"
                                                RenderText {#text} at (460,0) size 9x15
                                                  text run at (460,0) width 9: ">"
                                            RenderBlock (anonymous) at (0,30) size 687x0
                                              RenderInline {span} at (0,0) size 0x0
                                            RenderBlock {div} at (0,30) size 687x15
                                              RenderInline {span} at (0,0) size 180x15 [color=#881280]
                                                RenderText {#text} at (0,0) size 55x15
                                                  text run at (0,0) width 55: "<option"
                                                RenderInline {span} at (0,0) size 118x15
                                                  RenderText {#text} at (54,0) size 9x15
                                                    text run at (54,0) width 9: " "
                                                  RenderInline {span} at (0,0) size 40x15 [color=#994500]
                                                    RenderText {#text} at (62,0) size 40x15
                                                      text run at (62,0) width 40: "value"
                                                  RenderText {#text} at (101,0) size 17x15
                                                    text run at (101,0) width 17: "=\""
                                                  RenderInline {span} at (0,0) size 47x15 [color=#1A1AA6]
                                                    RenderText {#text} at (117,0) size 47x15
                                                      text run at (117,0) width 47: "refuse"
                                                  RenderText {#text} at (163,0) size 9x15
                                                    text run at (163,0) width 9: "\""
                                                RenderText {#text} at (171,0) size 9x15
                                                  text run at (171,0) width 9: ">"
                                              RenderInline {span} at (0,0) size 212x15
                                                RenderText {#text} at (179,0) size 212x15
                                                  text run at (179,0) width 212: "Online sources not accepted"
                                              RenderInline {span} at (0,0) size 71x15 [color=#881280]
                                                RenderText {#text} at (390,0) size 63x15
                                                  text run at (390,0) width 63: "</option"
                                                RenderText {#text} at (452,0) size 9x15
                                                  text run at (452,0) width 9: ">"
                                            RenderBlock (anonymous) at (0,45) size 687x0
                                              RenderInline {span} at (0,0) size 0x0
                                            RenderBlock {div} at (0,45) size 687x15
                                              RenderInline {span} at (0,0) size 180x15 [color=#881280]
                                                RenderText {#text} at (0,0) size 55x15
                                                  text run at (0,0) width 55: "<option"
                                                RenderInline {span} at (0,0) size 118x15
                                                  RenderText {#text} at (54,0) size 9x15
                                                    text run at (54,0) width 9: " "
                                                  RenderInline {span} at (0,0) size 40x15 [color=#994500]
                                                    RenderText {#text} at (62,0) size 40x15
                                                      text run at (62,0) width 40: "value"
                                                  RenderText {#text} at (101,0) size 17x15
                                                    text run at (101,0) width 17: "=\""
                                                  RenderInline {span} at (0,0) size 47x15 [color=#1A1AA6]
                                                    RenderText {#text} at (117,0) size 47x15
                                                      text run at (117,0) width 47: "prefer"
                                                  RenderText {#text} at (163,0) size 9x15
                                                    text run at (163,0) width 9: "\""
                                                RenderText {#text} at (171,0) size 9x15
                                                  text run at (171,0) width 9: ">"
                                              RenderInline {span} at (0,0) size 157x15
                                                RenderText {#text} at (179,0) size 157x15
                                                  text run at (179,0) width 157: "I prefer the library"
                                              RenderInline {span} at (0,0) size 71x15 [color=#881280]
                                                RenderText {#text} at (335,0) size 63x15
                                                  text run at (335,0) width 63: "</option"
                                                RenderText {#text} at (397,0) size 9x15
                                                  text run at (397,0) width 9: ">"
                                            RenderBlock (anonymous) at (0,60) size 687x0
                                              RenderInline {span} at (0,0) size 0x0
                                            RenderBlock {div} at (0,60) size 687x15
                                              RenderInline {span} at (0,0) size 188x15 [color=#881280]
                                                RenderText {#text} at (0,0) size 55x15
                                                  text run at (0,0) width 55: "<option"
                                                RenderInline {span} at (0,0) size 126x15
                                                  RenderText {#text} at (54,0) size 9x15
                                                    text run at (54,0) width 9: " "
                                                  RenderInline {span} at (0,0) size 40x15 [color=#994500]
                                                    RenderText {#text} at (62,0) size 40x15
                                                      text run at (62,0) width 40: "value"
                                                  RenderText {#text} at (101,0) size 17x15
                                                    text run at (101,0) width 17: "=\""
                                                  RenderInline {span} at (0,0) size 55x15 [color=#1A1AA6]
                                                    RenderText {#text} at (117,0) size 55x15
                                                      text run at (117,0) width 55: "nothing"
                                                  RenderText {#text} at (171,0) size 9x15
                                                    text run at (171,0) width 9: "\""
                                                RenderText {#text} at (179,0) size 9x15
                                                  text run at (179,0) width 9: ">"
                                              RenderInline {span} at (0,0) size 219x15
                                                RenderText {#text} at (187,0) size 219x15
                                                  text run at (187,0) width 219: "I do everything I can online"
                                              RenderInline {span} at (0,0) size 71x15 [color=#881280]
                                                RenderText {#text} at (405,0) size 64x15
                                                  text run at (405,0) width 64: "</option"
                                                RenderText {#text} at (468,0) size 8x15
                                                  text run at (468,0) width 8: ">"
                                            RenderBlock (anonymous) at (0,75) size 687x0
                                              RenderInline {span} at (0,0) size 0x0
                                            RenderBlock {div} at (0,75) size 687x15
                                              RenderInline {span} at (0,0) size 149x15 [color=#881280]
                                                RenderText {#text} at (0,0) size 55x15
                                                  text run at (0,0) width 55: "<option"
                                                RenderInline {span} at (0,0) size 87x15
                                                  RenderText {#text} at (54,0) size 9x15
                                                    text run at (54,0) width 9: " "
                                                  RenderInline {span} at (0,0) size 40x15 [color=#994500]
                                                    RenderText {#text} at (62,0) size 40x15
                                                      text run at (62,0) width 40: "value"
                                                  RenderText {#text} at (101,0) size 17x15
                                                    text run at (101,0) width 17: "=\""
                                                  RenderInline {span} at (0,0) size 16x15 [color=#1A1AA6]
                                                    RenderText {#text} at (117,0) size 16x15
                                                      text run at (117,0) width 16: "na"
                                                  RenderText {#text} at (132,0) size 9x15
                                                    text run at (132,0) width 9: "\""
                                                RenderText {#text} at (140,0) size 9x15
                                                  text run at (140,0) width 9: ">"
                                              RenderInline {span} at (0,0) size 24x15
                                                RenderText {#text} at (148,0) size 24x15
                                                  text run at (148,0) width 24: "n/a"
                                              RenderInline {span} at (0,0) size 71x15 [color=#881280]
                                                RenderText {#text} at (171,0) size 64x15
                                                  text run at (171,0) width 64: "</option"
                                                RenderText {#text} at (234,0) size 8x15
                                                  text run at (234,0) width 8: ">"
                                            RenderBlock (anonymous) at (0,90) size 687x0
                                              RenderInline {span} at (0,0) size 0x0
                                          RenderBlock {div} at (0,105) size 700x15
                                            RenderInline {span} at (0,0) size 71x15 [color=#881280]
                                              RenderText {#text} at (0,0) size 63x15
                                                text run at (0,0) width 63: "</select"
                                              RenderText {#text} at (62,0) size 9x15
                                                text run at (62,0) width 9: ">"
                                      RenderBlock (anonymous) at (0,885) size 700x0
                                        RenderInline {span} at (0,0) size 0x0
                                      RenderBlock {div} at (0,885) size 700x15
                                        RenderInline {span} at (0,0) size 180x15 [color=#881280]
                                          RenderText {#text} at (0,0) size 40x15
                                            text run at (0,0) width 40: "<span"
                                          RenderInline {span} at (0,0) size 133x15
                                            RenderText {#text} at (39,0) size 8x15
                                              text run at (39,0) width 8: " "
                                            RenderInline {span} at (0,0) size 40x15 [color=#994500]
                                              RenderText {#text} at (46,0) size 40x15
                                                text run at (46,0) width 40: "class"
                                            RenderText {#text} at (85,0) size 17x15
                                              text run at (85,0) width 17: "=\""
                                            RenderInline {span} at (0,0) size 63x15 [color=#1A1AA6]
                                              RenderText {#text} at (101,0) size 63x15
                                                text run at (101,0) width 63: "question"
                                            RenderText {#text} at (163,0) size 9x15
                                              text run at (163,0) width 9: "\""
                                          RenderText {#text} at (171,0) size 9x15
                                            text run at (171,0) width 9: ">"
                                        RenderInline {span} at (0,0) size 297x15
                                          RenderText {#text} at (179,0) size 297x15
                                            text run at (179,0) width 297: "Your research is primarily focused on:"
                                        RenderInline {span} at (0,0) size 56x15 [color=#881280]
                                          RenderText {#text} at (475,0) size 48x15
                                            text run at (475,0) width 48: "</span"
                                          RenderText {#text} at (522,0) size 9x15
                                            text run at (522,0) width 9: ">"
                                      RenderBlock (anonymous) at (0,900) size 700x0
                                        RenderInline {span} at (0,0) size 0x0
                                      RenderBlock {div} at (0,900) size 700x60
                                        RenderBlock {div} at (0,0) size 700x60
                                          RenderBlock {div} at (0,0) size 700x15
                                            RenderBlock {span} at (-10,5) size 10x10
                                            RenderInline {span} at (0,0) size 164x15 [color=#881280]
                                              RenderText {#text} at (0,0) size 40x15
                                                text run at (0,0) width 40: "<span"
                                              RenderInline {span} at (0,0) size 118x15
                                                RenderText {#text} at (39,0) size 8x15
                                                  text run at (39,0) width 8: " "
                                                RenderInline {span} at (0,0) size 40x15 [color=#994500]
                                                  RenderText {#text} at (46,0) size 40x15
                                                    text run at (46,0) width 40: "class"
                                                RenderText {#text} at (85,0) size 17x15
                                                  text run at (85,0) width 17: "=\""
                                                RenderInline {span} at (0,0) size 48x15 [color=#1A1AA6]
                                                  RenderText {#text} at (101,0) size 48x15
                                                    text run at (101,0) width 48: "answer"
                                                RenderText {#text} at (148,0) size 9x15
                                                  text run at (148,0) width 9: "\""
                                              RenderText {#text} at (156,0) size 8x15
                                                text run at (156,0) width 8: ">"
                                          RenderBlock {div} at (13,15) size 687x30
                                            RenderBlock {div} at (0,0) size 687x15
                                              RenderInline {span} at (0,0) size 554x15 [color=#881280]
                                                RenderText {#text} at (0,0) size 47x15
                                                  text run at (0,0) width 47: "<input"
                                                RenderInline {span} at (0,0) size 103x15
                                                  RenderText {#text} at (46,0) size 9x15
                                                    text run at (46,0) width 9: " "
                                                  RenderInline {span} at (0,0) size 32x15 [color=#994500]
                                                    RenderText {#text} at (54,0) size 32x15
                                                      text run at (54,0) width 32: "type"
                                                  RenderText {#text} at (85,0) size 17x15
                                                    text run at (85,0) width 17: "=\""
                                                  RenderInline {span} at (0,0) size 40x15 [color=#1A1AA6]
                                                    RenderText {#text} at (101,0) size 40x15
                                                      text run at (101,0) width 40: "radio"
                                                  RenderText {#text} at (140,0) size 9x15
                                                    text run at (140,0) width 9: "\""
                                                RenderInline {span} at (0,0) size 149x15
                                                  RenderText {#text} at (148,0) size 9x15
                                                    text run at (148,0) width 9: " "
                                                  RenderInline {span} at (0,0) size 32x15 [color=#994500]
                                                    RenderText {#text} at (156,0) size 32x15
                                                      text run at (156,0) width 32: "name"
                                                  RenderText {#text} at (187,0) size 16x15
                                                    text run at (187,0) width 16: "=\""
                                                  RenderInline {span} at (0,0) size 87x15 [color=#1A1AA6]
                                                    RenderText {#text} at (202,0) size 87x15
                                                      text run at (202,0) width 87: "research-tp"
                                                  RenderText {#text} at (288,0) size 9x15
                                                    text run at (288,0) width 9: "\""
                                                RenderInline {span} at (0,0) size 102x15
                                                  RenderText {#text} at (296,0) size 9x15
                                                    text run at (296,0) width 9: " "
                                                  RenderInline {span} at (0,0) size 40x15 [color=#994500]
                                                    RenderText {#text} at (304,0) size 40x15
                                                      text run at (304,0) width 40: "value"
                                                  RenderText {#text} at (343,0) size 16x15
                                                    text run at (343,0) width 16: "=\""
                                                  RenderInline {span} at (0,0) size 33x15 [color=#1A1AA6]
                                                    RenderText {#text} at (358,0) size 33x15
                                                      text run at (358,0) width 33: "text"
                                                  RenderText {#text} at (390,0) size 8x15
                                                    text run at (390,0) width 8: "\""
                                                RenderInline {span} at (0,0) size 142x15
                                                  RenderText {#text} at (397,0) size 9x15
                                                    text run at (397,0) width 9: " "
                                                  RenderInline {span} at (0,0) size 56x15 [color=#994500]
                                                    RenderText {#text} at (405,0) size 56x15
                                                      text run at (405,0) width 56: "checked"
                                                  RenderText {#text} at (460,0) size 16x15
                                                    text run at (460,0) width 16: "=\""
                                                  RenderInline {span} at (0,0) size 56x15 [color=#1A1AA6]
                                                    RenderText {#text} at (475,0) size 56x15
                                                      text run at (475,0) width 56: "checked"
                                                  RenderText {#text} at (530,0) size 9x15
                                                    text run at (530,0) width 9: "\""
                                                RenderText {#text} at (538,0) size 16x15
                                                  text run at (538,0) width 16: "/>"
                                            RenderBlock (anonymous) at (0,15) size 687x15
                                              RenderInline {span} at (0,0) size 40x15
                                                RenderText {#text} at (0,0) size 40x15
                                                  text run at (0,0) width 40: "Texts"
                                          RenderBlock {div} at (0,45) size 700x15
                                            RenderInline {span} at (0,0) size 55x15 [color=#881280]
                                              RenderText {#text} at (0,0) size 47x15
                                                text run at (0,0) width 47: "</span"
                                              RenderText {#text} at (46,0) size 9x15
                                                text run at (46,0) width 9: ">"
                                      RenderBlock (anonymous) at (0,960) size 700x0
                                        RenderInline {span} at (0,0) size 0x0
                                      RenderBlock {div} at (0,960) size 700x60
                                        RenderBlock {div} at (0,0) size 700x60
                                          RenderBlock {div} at (0,0) size 700x15
                                            RenderBlock {span} at (-10,5) size 10x10
                                            RenderInline {span} at (0,0) size 164x15 [color=#881280]
                                              RenderText {#text} at (0,0) size 40x15
                                                text run at (0,0) width 40: "<span"
                                              RenderInline {span} at (0,0) size 118x15
                                                RenderText {#text} at (39,0) size 8x15
                                                  text run at (39,0) width 8: " "
                                                RenderInline {span} at (0,0) size 40x15 [color=#994500]
                                                  RenderText {#text} at (46,0) size 40x15
                                                    text run at (46,0) width 40: "class"
                                                RenderText {#text} at (85,0) size 17x15
                                                  text run at (85,0) width 17: "=\""
                                                RenderInline {span} at (0,0) size 48x15 [color=#1A1AA6]
                                                  RenderText {#text} at (101,0) size 48x15
                                                    text run at (101,0) width 48: "answer"
                                                RenderText {#text} at (148,0) size 9x15
                                                  text run at (148,0) width 9: "\""
                                              RenderText {#text} at (156,0) size 8x15
                                                text run at (156,0) width 8: ">"
                                          RenderBlock {div} at (13,15) size 687x30
                                            RenderBlock {div} at (0,0) size 687x15
                                              RenderInline {span} at (0,0) size 414x15 [color=#881280]
                                                RenderText {#text} at (0,0) size 47x15
                                                  text run at (0,0) width 47: "<input"
                                                RenderInline {span} at (0,0) size 103x15
                                                  RenderText {#text} at (46,0) size 9x15
                                                    text run at (46,0) width 9: " "
                                                  RenderInline {span} at (0,0) size 32x15 [color=#994500]
                                                    RenderText {#text} at (54,0) size 32x15
                                                      text run at (54,0) width 32: "type"
                                                  RenderText {#text} at (85,0) size 17x15
                                                    text run at (85,0) width 17: "=\""
                                                  RenderInline {span} at (0,0) size 40x15 [color=#1A1AA6]
                                                    RenderText {#text} at (101,0) size 40x15
                                                      text run at (101,0) width 40: "radio"
                                                  RenderText {#text} at (140,0) size 9x15
                                                    text run at (140,0) width 9: "\""
                                                RenderInline {span} at (0,0) size 149x15
                                                  RenderText {#text} at (148,0) size 9x15
                                                    text run at (148,0) width 9: " "
                                                  RenderInline {span} at (0,0) size 32x15 [color=#994500]
                                                    RenderText {#text} at (156,0) size 32x15
                                                      text run at (156,0) width 32: "name"
                                                  RenderText {#text} at (187,0) size 16x15
                                                    text run at (187,0) width 16: "=\""
                                                  RenderInline {span} at (0,0) size 87x15 [color=#1A1AA6]
                                                    RenderText {#text} at (202,0) size 87x15
                                                      text run at (202,0) width 87: "research-tp"
                                                  RenderText {#text} at (288,0) size 9x15
                                                    text run at (288,0) width 9: "\""
                                                RenderInline {span} at (0,0) size 102x15
                                                  RenderText {#text} at (296,0) size 9x15
                                                    text run at (296,0) width 9: " "
                                                  RenderInline {span} at (0,0) size 40x15 [color=#994500]
                                                    RenderText {#text} at (304,0) size 40x15
                                                      text run at (304,0) width 40: "value"
                                                  RenderText {#text} at (343,0) size 16x15
                                                    text run at (343,0) width 16: "=\""
                                                  RenderInline {span} at (0,0) size 33x15 [color=#1A1AA6]
                                                    RenderText {#text} at (358,0) size 33x15
                                                      text run at (358,0) width 33: "perf"
                                                  RenderText {#text} at (390,0) size 8x15
                                                    text run at (390,0) width 8: "\""
                                                RenderText {#text} at (397,0) size 17x15
                                                  text run at (397,0) width 17: "/>"
                                            RenderBlock (anonymous) at (0,15) size 687x15
                                              RenderInline {span} at (0,0) size 164x15
                                                RenderText {#text} at (0,0) size 164x15
                                                  text run at (0,0) width 164: "Performance materials"
                                          RenderBlock {div} at (0,45) size 700x15
                                            RenderInline {span} at (0,0) size 55x15 [color=#881280]
                                              RenderText {#text} at (0,0) size 47x15
                                                text run at (0,0) width 47: "</span"
                                              RenderText {#text} at (46,0) size 9x15
                                                text run at (46,0) width 9: ">"
                                      RenderBlock (anonymous) at (0,1020) size 700x0
                                        RenderInline {span} at (0,0) size 0x0
                                      RenderBlock {div} at (0,1020) size 700x60
                                        RenderBlock {div} at (0,0) size 700x60
                                          RenderBlock {div} at (0,0) size 700x15
                                            RenderBlock {span} at (-10,5) size 10x10
                                            RenderInline {span} at (0,0) size 164x15 [color=#881280]
                                              RenderText {#text} at (0,0) size 40x15
                                                text run at (0,0) width 40: "<span"
                                              RenderInline {span} at (0,0) size 118x15
                                                RenderText {#text} at (39,0) size 8x15
                                                  text run at (39,0) width 8: " "
                                                RenderInline {span} at (0,0) size 40x15 [color=#994500]
                                                  RenderText {#text} at (46,0) size 40x15
                                                    text run at (46,0) width 40: "class"
                                                RenderText {#text} at (85,0) size 17x15
                                                  text run at (85,0) width 17: "=\""
                                                RenderInline {span} at (0,0) size 48x15 [color=#1A1AA6]
                                                  RenderText {#text} at (101,0) size 48x15
                                                    text run at (101,0) width 48: "answer"
                                                RenderText {#text} at (148,0) size 9x15
                                                  text run at (148,0) width 9: "\""
                                              RenderText {#text} at (156,0) size 8x15
                                                text run at (156,0) width 8: ">"
                                          RenderBlock {div} at (13,15) size 687x30
                                            RenderBlock {div} at (0,0) size 687x15
                                              RenderInline {span} at (0,0) size 398x15 [color=#881280]
                                                RenderText {#text} at (0,0) size 47x15
                                                  text run at (0,0) width 47: "<input"
                                                RenderInline {span} at (0,0) size 103x15
                                                  RenderText {#text} at (46,0) size 9x15
                                                    text run at (46,0) width 9: " "
                                                  RenderInline {span} at (0,0) size 32x15 [color=#994500]
                                                    RenderText {#text} at (54,0) size 32x15
                                                      text run at (54,0) width 32: "type"
                                                  RenderText {#text} at (85,0) size 17x15
                                                    text run at (85,0) width 17: "=\""
                                                  RenderInline {span} at (0,0) size 40x15 [color=#1A1AA6]
                                                    RenderText {#text} at (101,0) size 40x15
                                                      text run at (101,0) width 40: "radio"
                                                  RenderText {#text} at (140,0) size 9x15
                                                    text run at (140,0) width 9: "\""
                                                RenderInline {span} at (0,0) size 149x15
                                                  RenderText {#text} at (148,0) size 9x15
                                                    text run at (148,0) width 9: " "
                                                  RenderInline {span} at (0,0) size 32x15 [color=#994500]
                                                    RenderText {#text} at (156,0) size 32x15
                                                      text run at (156,0) width 32: "name"
                                                  RenderText {#text} at (187,0) size 16x15
                                                    text run at (187,0) width 16: "=\""
                                                  RenderInline {span} at (0,0) size 87x15 [color=#1A1AA6]
                                                    RenderText {#text} at (202,0) size 87x15
                                                      text run at (202,0) width 87: "research-tp"
                                                  RenderText {#text} at (288,0) size 9x15
                                                    text run at (288,0) width 9: "\""
                                                RenderInline {span} at (0,0) size 87x15
                                                  RenderText {#text} at (296,0) size 9x15
                                                    text run at (296,0) width 9: " "
                                                  RenderInline {span} at (0,0) size 40x15 [color=#994500]
                                                    RenderText {#text} at (304,0) size 40x15
                                                      text run at (304,0) width 40: "value"
                                                  RenderText {#text} at (343,0) size 16x15
                                                    text run at (343,0) width 16: "=\""
                                                  RenderInline {span} at (0,0) size 17x15 [color=#1A1AA6]
                                                    RenderText {#text} at (358,0) size 17x15
                                                      text run at (358,0) width 17: "na"
                                                  RenderText {#text} at (374,0) size 9x15
                                                    text run at (374,0) width 9: "\""
                                                RenderText {#text} at (382,0) size 16x15
                                                  text run at (382,0) width 16: "/>"
                                            RenderBlock (anonymous) at (0,15) size 687x15
                                              RenderInline {span} at (0,0) size 24x15
                                                RenderText {#text} at (0,0) size 24x15
                                                  text run at (0,0) width 24: "n/a"
                                          RenderBlock {div} at (0,45) size 700x15
                                            RenderInline {span} at (0,0) size 55x15 [color=#881280]
                                              RenderText {#text} at (0,0) size 47x15
                                                text run at (0,0) width 47: "</span"
                                              RenderText {#text} at (46,0) size 9x15
                                                text run at (46,0) width 9: ">"
                                      RenderBlock (anonymous) at (0,1080) size 700x0
                                        RenderInline {span} at (0,0) size 0x0
                                      RenderBlock {div} at (0,1080) size 700x15
                                        RenderInline {span} at (0,0) size 32x15 [color=#881280]
                                          RenderText {#text} at (0,0) size 24x15
                                            text run at (0,0) width 24: "<h2"
                                          RenderText {#text} at (23,0) size 9x15
                                            text run at (23,0) width 9: ">"
                                        RenderInline {span} at (0,0) size 305x15
                                          RenderText {#text} at (31,0) size 305x15
                                            text run at (31,0) width 305: "Internet Shakespeare Editions Questions"
                                        RenderInline {span} at (0,0) size 40x15 [color=#881280]
                                          RenderText {#text} at (335,0) size 32x15
                                            text run at (335,0) width 32: "</h2"
                                          RenderText {#text} at (366,0) size 9x15
                                            text run at (366,0) width 9: ">"
                                      RenderBlock (anonymous) at (0,1095) size 700x0
                                        RenderInline {span} at (0,0) size 0x0
                                      RenderBlock {div} at (0,1095) size 700x45
                                        RenderBlock {div} at (0,0) size 700x45
                                          RenderBlock {div} at (0,0) size 700x15
                                            RenderBlock {span} at (-10,5) size 10x10
                                            RenderInline {span} at (0,0) size 180x15 [color=#881280]
                                              RenderText {#text} at (0,0) size 40x15
                                                text run at (0,0) width 40: "<span"
                                              RenderInline {span} at (0,0) size 133x15
                                                RenderText {#text} at (39,0) size 8x15
                                                  text run at (39,0) width 8: " "
                                                RenderInline {span} at (0,0) size 40x15 [color=#994500]
                                                  RenderText {#text} at (46,0) size 40x15
                                                    text run at (46,0) width 40: "class"
                                                RenderText {#text} at (85,0) size 17x15
                                                  text run at (85,0) width 17: "=\""
                                                RenderInline {span} at (0,0) size 63x15 [color=#1A1AA6]
                                                  RenderText {#text} at (101,0) size 63x15
                                                    text run at (101,0) width 63: "question"
                                                RenderText {#text} at (163,0) size 9x15
                                                  text run at (163,0) width 9: "\""
                                              RenderText {#text} at (171,0) size 9x15
                                                text run at (171,0) width 9: ">"
                                          RenderBlock {div} at (13,15) size 687x15
                                            RenderInline {span} at (0,0) size 398x15
                                              RenderText {#text} at (0,0) size 398x15
                                                text run at (0,0) width 398: "Have you used UVic's Internet Shakespeare Editions?"
                                          RenderBlock {div} at (0,30) size 700x15
                                            RenderInline {span} at (0,0) size 55x15 [color=#881280]
                                              RenderText {#text} at (0,0) size 47x15
                                                text run at (0,0) width 47: "</span"
                                              RenderText {#text} at (46,0) size 9x15
                                                text run at (46,0) width 9: ">"
                                      RenderBlock (anonymous) at (0,1140) size 700x0
                                        RenderInline {span} at (0,0) size 0x0
                                      RenderBlock {div} at (0,1140) size 700x90
                                        RenderBlock {div} at (0,0) size 700x90
                                          RenderBlock {div} at (0,0) size 700x15
                                            RenderBlock {span} at (-10,5) size 10x10
                                            RenderInline {span} at (0,0) size 164x15 [color=#881280]
                                              RenderText {#text} at (0,0) size 40x15
                                                text run at (0,0) width 40: "<span"
                                              RenderInline {span} at (0,0) size 118x15
                                                RenderText {#text} at (39,0) size 8x15
                                                  text run at (39,0) width 8: " "
                                                RenderInline {span} at (0,0) size 40x15 [color=#994500]
                                                  RenderText {#text} at (46,0) size 40x15
                                                    text run at (46,0) width 40: "class"
                                                RenderText {#text} at (85,0) size 17x15
                                                  text run at (85,0) width 17: "=\""
                                                RenderInline {span} at (0,0) size 48x15 [color=#1A1AA6]
                                                  RenderText {#text} at (101,0) size 48x15
                                                    text run at (101,0) width 48: "answer"
                                                RenderText {#text} at (148,0) size 9x15
                                                  text run at (148,0) width 9: "\""
                                              RenderText {#text} at (156,0) size 8x15
                                                text run at (156,0) width 8: ">"
                                          RenderBlock {div} at (13,15) size 687x60
                                            RenderBlock (anonymous) at (0,0) size 687x15
                                              RenderInline {span} at (0,0) size 24x15
                                                RenderText {#text} at (0,0) size 24x15
                                                  text run at (0,0) width 24: "Yes"
                                            RenderBlock {div} at (0,15) size 687x15
                                              RenderInline {span} at (0,0) size 484x15 [color=#881280]
                                                RenderText {#text} at (0,0) size 47x15
                                                  text run at (0,0) width 47: "<input"
                                                RenderInline {span} at (0,0) size 103x15
                                                  RenderText {#text} at (46,0) size 9x15
                                                    text run at (46,0) width 9: " "
                                                  RenderInline {span} at (0,0) size 32x15 [color=#994500]
                                                    RenderText {#text} at (54,0) size 32x15
                                                      text run at (54,0) width 32: "type"
                                                  RenderText {#text} at (85,0) size 17x15
                                                    text run at (85,0) width 17: "=\""
                                                  RenderInline {span} at (0,0) size 40x15 [color=#1A1AA6]
                                                    RenderText {#text} at (101,0) size 40x15
                                                      text run at (101,0) width 40: "radio"
                                                  RenderText {#text} at (140,0) size 9x15
                                                    text run at (140,0) width 9: "\""
                                                RenderInline {span} at (0,0) size 87x15
                                                  RenderText {#text} at (148,0) size 9x15
                                                    text run at (148,0) width 9: " "
                                                  RenderInline {span} at (0,0) size 32x15 [color=#994500]
                                                    RenderText {#text} at (156,0) size 32x15
                                                      text run at (156,0) width 32: "name"
                                                  RenderText {#text} at (187,0) size 16x15
                                                    text run at (187,0) width 16: "=\""
                                                  RenderInline {span} at (0,0) size 25x15 [color=#1A1AA6]
                                                    RenderText {#text} at (202,0) size 25x15
                                                      text run at (202,0) width 25: "ise"
                                                  RenderText {#text} at (226,0) size 9x15
                                                    text run at (226,0) width 9: "\""
                                                RenderInline {span} at (0,0) size 94x15
                                                  RenderText {#text} at (234,0) size 8x15
                                                    text run at (234,0) width 8: " "
                                                  RenderInline {span} at (0,0) size 40x15 [color=#994500]
                                                    RenderText {#text} at (241,0) size 40x15
                                                      text run at (241,0) width 40: "value"
                                                  RenderText {#text} at (280,0) size 17x15
                                                    text run at (280,0) width 17: "=\""
                                                  RenderInline {span} at (0,0) size 24x15 [color=#1A1AA6]
                                                    RenderText {#text} at (296,0) size 24x15
                                                      text run at (296,0) width 24: "yes"
                                                  RenderText {#text} at (319,0) size 9x15
                                                    text run at (319,0) width 9: "\""
                                                RenderInline {span} at (0,0) size 142x15
                                                  RenderText {#text} at (327,0) size 9x15
                                                    text run at (327,0) width 9: " "
                                                  RenderInline {span} at (0,0) size 56x15 [color=#994500]
                                                    RenderText {#text} at (335,0) size 56x15
                                                      text run at (335,0) width 56: "checked"
                                                  RenderText {#text} at (390,0) size 16x15
                                                    text run at (390,0) width 16: "=\""
                                                  RenderInline {span} at (0,0) size 56x15 [color=#1A1AA6]
                                                    RenderText {#text} at (405,0) size 56x15
                                                      text run at (405,0) width 56: "checked"
                                                  RenderText {#text} at (460,0) size 9x15
                                                    text run at (460,0) width 9: "\""
                                                RenderText {#text} at (468,0) size 16x15
                                                  text run at (468,0) width 16: "/>"
                                            RenderBlock (anonymous) at (0,30) size 687x15
                                              RenderInline {span} at (0,0) size 16x15
                                                RenderText {#text} at (0,0) size 16x15
                                                  text run at (0,0) width 16: "No"
                                            RenderBlock {div} at (0,45) size 687x15
                                              RenderInline {span} at (0,0) size 336x15 [color=#881280]
                                                RenderText {#text} at (0,0) size 47x15
                                                  text run at (0,0) width 47: "<input"
                                                RenderInline {span} at (0,0) size 103x15
                                                  RenderText {#text} at (46,0) size 9x15
                                                    text run at (46,0) width 9: " "
                                                  RenderInline {span} at (0,0) size 32x15 [color=#994500]
                                                    RenderText {#text} at (54,0) size 32x15
                                                      text run at (54,0) width 32: "type"
                                                  RenderText {#text} at (85,0) size 17x15
                                                    text run at (85,0) width 17: "=\""
                                                  RenderInline {span} at (0,0) size 40x15 [color=#1A1AA6]
                                                    RenderText {#text} at (101,0) size 40x15
                                                      text run at (101,0) width 40: "radio"
                                                  RenderText {#text} at (140,0) size 9x15
                                                    text run at (140,0) width 9: "\""
                                                RenderInline {span} at (0,0) size 87x15
                                                  RenderText {#text} at (148,0) size 9x15
                                                    text run at (148,0) width 9: " "
                                                  RenderInline {span} at (0,0) size 32x15 [color=#994500]
                                                    RenderText {#text} at (156,0) size 32x15
                                                      text run at (156,0) width 32: "name"
                                                  RenderText {#text} at (187,0) size 16x15
                                                    text run at (187,0) width 16: "=\""
                                                  RenderInline {span} at (0,0) size 25x15 [color=#1A1AA6]
                                                    RenderText {#text} at (202,0) size 25x15
                                                      text run at (202,0) width 25: "ise"
                                                  RenderText {#text} at (226,0) size 9x15
                                                    text run at (226,0) width 9: "\""
                                                RenderInline {span} at (0,0) size 86x15
                                                  RenderText {#text} at (234,0) size 8x15
                                                    text run at (234,0) width 8: " "
                                                  RenderInline {span} at (0,0) size 40x15 [color=#994500]
                                                    RenderText {#text} at (241,0) size 40x15
                                                      text run at (241,0) width 40: "value"
                                                  RenderText {#text} at (280,0) size 17x15
                                                    text run at (280,0) width 17: "=\""
                                                  RenderInline {span} at (0,0) size 17x15 [color=#1A1AA6]
                                                    RenderText {#text} at (296,0) size 17x15
                                                      text run at (296,0) width 17: "no"
                                                  RenderText {#text} at (312,0) size 8x15
                                                    text run at (312,0) width 8: "\""
                                                RenderText {#text} at (319,0) size 17x15
                                                  text run at (319,0) width 17: "/>"
                                            RenderBlock (anonymous) at (0,60) size 687x0
                                              RenderInline {span} at (0,0) size 0x0
                                          RenderBlock {div} at (0,75) size 700x15
                                            RenderInline {span} at (0,0) size 55x15 [color=#881280]
                                              RenderText {#text} at (0,0) size 47x15
                                                text run at (0,0) width 47: "</span"
                                              RenderText {#text} at (46,0) size 9x15
                                                text run at (46,0) width 9: ">"
                                      RenderBlock (anonymous) at (0,1230) size 700x0
                                        RenderInline {span} at (0,0) size 0x0
                                      RenderBlock {div} at (0,1230) size 700x45
                                        RenderBlock {div} at (0,0) size 700x45
                                          RenderBlock {div} at (0,0) size 700x15
                                            RenderBlock {span} at (-10,5) size 10x10
                                            RenderInline {span} at (0,0) size 24x15 [color=#881280]
                                              RenderText {#text} at (0,0) size 16x15
                                                text run at (0,0) width 16: "<p"
                                              RenderText {#text} at (15,0) size 9x15
                                                text run at (15,0) width 9: ">"
                                          RenderBlock {div} at (13,15) size 687x15
                                            RenderInline {span} at (0,0) size 523x15
                                              RenderText {#text} at (0,0) size 523x15
                                                text run at (0,0) width 523: "-- If you answered no to this question, skip to the next section --"
                                          RenderBlock {div} at (0,30) size 700x15
                                            RenderInline {span} at (0,0) size 32x15 [color=#881280]
                                              RenderText {#text} at (0,0) size 24x15
                                                text run at (0,0) width 24: "</p"
                                              RenderText {#text} at (23,0) size 9x15
                                                text run at (23,0) width 9: ">"
                                      RenderBlock (anonymous) at (0,1275) size 700x0
                                        RenderInline {span} at (0,0) size 0x0
                                      RenderBlock {div} at (0,1275) size 700x15
                                        RenderInline {span} at (0,0) size 180x15 [color=#881280]
                                          RenderText {#text} at (0,0) size 40x15
                                            text run at (0,0) width 40: "<span"
                                          RenderInline {span} at (0,0) size 133x15
                                            RenderText {#text} at (39,0) size 8x15
                                              text run at (39,0) width 8: " "
                                            RenderInline {span} at (0,0) size 40x15 [color=#994500]
                                              RenderText {#text} at (46,0) size 40x15
                                                text run at (46,0) width 40: "class"
                                            RenderText {#text} at (85,0) size 17x15
                                              text run at (85,0) width 17: "=\""
                                            RenderInline {span} at (0,0) size 63x15 [color=#1A1AA6]
                                              RenderText {#text} at (101,0) size 63x15
                                                text run at (101,0) width 63: "question"
                                            RenderText {#text} at (163,0) size 9x15
                                              text run at (163,0) width 9: "\""
                                          RenderText {#text} at (171,0) size 9x15
                                            text run at (171,0) width 9: ">"
                                        RenderInline {span} at (0,0) size 368x15
                                          RenderText {#text} at (179,0) size 368x15
                                            text run at (179,0) width 368: "Which area of the ISE did you find most useful?"
                                        RenderInline {span} at (0,0) size 55x15 [color=#881280]
                                          RenderText {#text} at (546,0) size 47x15
                                            text run at (546,0) width 47: "</span"
                                          RenderText {#text} at (592,0) size 9x15
                                            text run at (592,0) width 9: ">"
                                      RenderBlock (anonymous) at (0,1290) size 700x0
                                        RenderInline {span} at (0,0) size 0x0
                                      RenderBlock {div} at (0,1290) size 700x90
                                        RenderBlock {div} at (0,0) size 700x90
                                          RenderBlock {div} at (0,0) size 700x15
                                            RenderBlock {span} at (-10,5) size 10x10
                                            RenderInline {span} at (0,0) size 305x15 [color=#881280]
                                              RenderText {#text} at (0,0) size 55x15
                                                text run at (0,0) width 55: "<select"
                                              RenderInline {span} at (0,0) size 118x15
                                                RenderText {#text} at (54,0) size 9x15
                                                  text run at (54,0) width 9: " "
                                                RenderInline {span} at (0,0) size 40x15 [color=#994500]
                                                  RenderText {#text} at (62,0) size 40x15
                                                    text run at (62,0) width 40: "class"
                                                RenderText {#text} at (101,0) size 17x15
                                                  text run at (101,0) width 17: "=\""
                                                RenderInline {span} at (0,0) size 47x15 [color=#1A1AA6]
                                                  RenderText {#text} at (117,0) size 47x15
                                                    text run at (117,0) width 47: "answer"
                                                RenderText {#text} at (163,0) size 9x15
                                                  text run at (163,0) width 9: "\""
                                              RenderInline {span} at (0,0) size 126x15
                                                RenderText {#text} at (171,0) size 9x15
                                                  text run at (171,0) width 9: " "
                                                RenderInline {span} at (0,0) size 32x15 [color=#994500]
                                                  RenderText {#text} at (179,0) size 32x15
                                                    text run at (179,0) width 32: "name"
                                                RenderText {#text} at (210,0) size 17x15
                                                  text run at (210,0) width 17: "=\""
                                                RenderInline {span} at (0,0) size 63x15 [color=#1A1AA6]
                                                  RenderText {#text} at (226,0) size 63x15
                                                    text run at (226,0) width 63: "ise-area"
                                                RenderText {#text} at (288,0) size 9x15
                                                  text run at (288,0) width 9: "\""
                                              RenderText {#text} at (296,0) size 9x15
                                                text run at (296,0) width 9: ">"
                                          RenderBlock {div} at (13,15) size 687x60
                                            RenderBlock (anonymous) at (0,0) size 687x0
                                              RenderInline {span} at (0,0) size 0x0
                                            RenderBlock {div} at (0,0) size 687x15
                                              RenderInline {span} at (0,0) size 133x15 [color=#881280]
                                                RenderText {#text} at (0,0) size 55x15
                                                  text run at (0,0) width 55: "<option"
                                                RenderInline {span} at (0,0) size 71x15
                                                  RenderText {#text} at (54,0) size 9x15
                                                    text run at (54,0) width 9: " "
                                                  RenderInline {span} at (0,0) size 40x15 [color=#994500]
                                                    RenderText {#text} at (62,0) size 40x15
                                                      text run at (62,0) width 40: "value"
                                                  RenderText {#text} at (101,0) size 17x15
                                                    text run at (101,0) width 17: "=\""
                                                  RenderInline {span} at (0,0) size 0x15 [color=#1A1AA6]
                                                  RenderText {#text} at (117,0) size 8x15
                                                    text run at (117,0) width 8: "\""
                                                RenderText {#text} at (124,0) size 9x15
                                                  text run at (124,0) width 9: ">"
                                              RenderInline {span} at (0,0) size 149x15
                                                RenderText {#text} at (132,0) size 149x15
                                                  text run at (132,0) width 149: "Sections of the ISE"
                                              RenderInline {span} at (0,0) size 72x15 [color=#881280]
                                                RenderText {#text} at (280,0) size 64x15
                                                  text run at (280,0) width 64: "</option"
                                                RenderText {#text} at (343,0) size 9x15
                                                  text run at (343,0) width 9: ">"
                                            RenderBlock (anonymous) at (0,15) size 687x0
                                              RenderInline {span} at (0,0) size 0x0
                                            RenderBlock {div} at (0,15) size 687x15
                                              RenderInline {span} at (0,0) size 164x15 [color=#881280]
                                                RenderText {#text} at (0,0) size 55x15
                                                  text run at (0,0) width 55: "<option"
                                                RenderInline {span} at (0,0) size 103x15
                                                  RenderText {#text} at (54,0) size 9x15
                                                    text run at (54,0) width 9: " "
                                                  RenderInline {span} at (0,0) size 40x15 [color=#994500]
                                                    RenderText {#text} at (62,0) size 40x15
                                                      text run at (62,0) width 40: "value"
                                                  RenderText {#text} at (101,0) size 17x15
                                                    text run at (101,0) width 17: "=\""
                                                  RenderInline {span} at (0,0) size 32x15 [color=#1A1AA6]
                                                    RenderText {#text} at (117,0) size 32x15
                                                      text run at (117,0) width 32: "life"
                                                  RenderText {#text} at (148,0) size 9x15
                                                    text run at (148,0) width 9: "\""
                                                RenderText {#text} at (156,0) size 8x15
                                                  text run at (156,0) width 8: ">"
                                              RenderInline {span} at (0,0) size 111x15
                                                RenderText {#text} at (163,0) size 111x15
                                                  text run at (163,0) width 111: "Life and Times"
                                              RenderInline {span} at (0,0) size 71x15 [color=#881280]
                                                RenderText {#text} at (273,0) size 63x15
                                                  text run at (273,0) width 63: "</option"
                                                RenderText {#text} at (335,0) size 9x15
                                                  text run at (335,0) width 9: ">"
                                            RenderBlock (anonymous) at (0,30) size 687x0
                                              RenderInline {span} at (0,0) size 0x0
                                            RenderBlock {div} at (0,30) size 687x15
                                              RenderInline {span} at (0,0) size 164x15 [color=#881280]
                                                RenderText {#text} at (0,0) size 55x15
                                                  text run at (0,0) width 55: "<option"
                                                RenderInline {span} at (0,0) size 103x15
                                                  RenderText {#text} at (54,0) size 9x15
                                                    text run at (54,0) width 9: " "
                                                  RenderInline {span} at (0,0) size 40x15 [color=#994500]
                                                    RenderText {#text} at (62,0) size 40x15
                                                      text run at (62,0) width 40: "value"
                                                  RenderText {#text} at (101,0) size 17x15
                                                    text run at (101,0) width 17: "=\""
                                                  RenderInline {span} at (0,0) size 32x15 [color=#1A1AA6]
                                                    RenderText {#text} at (117,0) size 32x15
                                                      text run at (117,0) width 32: "text"
                                                  RenderText {#text} at (148,0) size 9x15
                                                    text run at (148,0) width 9: "\""
                                                RenderText {#text} at (156,0) size 8x15
                                                  text run at (156,0) width 8: ">"
                                              RenderInline {span} at (0,0) size 165x15
                                                RenderText {#text} at (163,0) size 165x15
                                                  text run at (163,0) width 165: "Old versions of texts"
                                              RenderInline {span} at (0,0) size 71x15 [color=#881280]
                                                RenderText {#text} at (327,0) size 64x15
                                                  text run at (327,0) width 64: "</option"
                                                RenderText {#text} at (390,0) size 8x15
                                                  text run at (390,0) width 8: ">"
                                            RenderBlock (anonymous) at (0,45) size 687x0
                                              RenderInline {span} at (0,0) size 0x0
                                            RenderBlock {div} at (0,45) size 687x15
                                              RenderInline {span} at (0,0) size 172x15 [color=#881280]
                                                RenderText {#text} at (0,0) size 55x15
                                                  text run at (0,0) width 55: "<option"
                                                RenderInline {span} at (0,0) size 110x15
                                                  RenderText {#text} at (54,0) size 9x15
                                                    text run at (54,0) width 9: " "
                                                  RenderInline {span} at (0,0) size 40x15 [color=#994500]
                                                    RenderText {#text} at (62,0) size 40x15
                                                      text run at (62,0) width 40: "value"
                                                  RenderText {#text} at (101,0) size 17x15
                                                    text run at (101,0) width 17: "=\""
                                                  RenderInline {span} at (0,0) size 40x15 [color=#1A1AA6]
                                                    RenderText {#text} at (117,0) size 40x15
                                                      text run at (117,0) width 40: "links"
                                                  RenderText {#text} at (156,0) size 8x15
                                                    text run at (156,0) width 8: "\""
                                                RenderText {#text} at (163,0) size 9x15
                                                  text run at (163,0) width 9: ">"
                                              RenderInline {span} at (0,0) size 157x15
                                                RenderText {#text} at (171,0) size 157x15
                                                  text run at (171,0) width 157: "Links to other sites"
                                              RenderInline {span} at (0,0) size 71x15 [color=#881280]
                                                RenderText {#text} at (327,0) size 64x15
                                                  text run at (327,0) width 64: "</option"
                                                RenderText {#text} at (390,0) size 8x15
                                                  text run at (390,0) width 8: ">"
                                            RenderBlock (anonymous) at (0,60) size 687x0
                                              RenderInline {span} at (0,0) size 0x0
                                          RenderBlock {div} at (0,75) size 700x15
                                            RenderInline {span} at (0,0) size 71x15 [color=#881280]
                                              RenderText {#text} at (0,0) size 63x15
                                                text run at (0,0) width 63: "</select"
                                              RenderText {#text} at (62,0) size 9x15
                                                text run at (62,0) width 9: ">"
                                      RenderBlock (anonymous) at (0,1380) size 700x0
                                        RenderInline {span} at (0,0) size 0x0
                                      RenderBlock {div} at (0,1380) size 700x15
                                        RenderInline {span} at (0,0) size 180x15 [color=#881280]
                                          RenderText {#text} at (0,0) size 40x15
                                            text run at (0,0) width 40: "<span"
                                          RenderInline {span} at (0,0) size 133x15
                                            RenderText {#text} at (39,0) size 8x15
                                              text run at (39,0) width 8: " "
                                            RenderInline {span} at (0,0) size 40x15 [color=#994500]
                                              RenderText {#text} at (46,0) size 40x15
                                                text run at (46,0) width 40: "class"
                                            RenderText {#text} at (85,0) size 17x15
                                              text run at (85,0) width 17: "=\""
                                            RenderInline {span} at (0,0) size 63x15 [color=#1A1AA6]
                                              RenderText {#text} at (101,0) size 63x15
                                                text run at (101,0) width 63: "question"
                                            RenderText {#text} at (163,0) size 9x15
                                              text run at (163,0) width 9: "\""
                                          RenderText {#text} at (171,0) size 9x15
                                            text run at (171,0) width 9: ">"
                                        RenderInline {span} at (0,0) size 336x15
                                          RenderText {#text} at (179,0) size 336x15
                                            text run at (179,0) width 336: "How did you find the navigation of the ISE?"
                                        RenderInline {span} at (0,0) size 56x15 [color=#881280]
                                          RenderText {#text} at (514,0) size 48x15
                                            text run at (514,0) width 48: "</span"
                                          RenderText {#text} at (561,0) size 9x15
                                            text run at (561,0) width 9: ">"
                                      RenderBlock (anonymous) at (0,1395) size 700x0
                                        RenderInline {span} at (0,0) size 0x0
                                      RenderBlock {div} at (0,1395) size 700x90
                                        RenderBlock {div} at (0,0) size 700x90
                                          RenderBlock {div} at (0,0) size 700x15
                                            RenderBlock {span} at (-10,5) size 10x10
                                            RenderInline {span} at (0,0) size 297x15 [color=#881280]
                                              RenderText {#text} at (0,0) size 55x15
                                                text run at (0,0) width 55: "<select"
                                              RenderInline {span} at (0,0) size 118x15
                                                RenderText {#text} at (54,0) size 9x15
                                                  text run at (54,0) width 9: " "
                                                RenderInline {span} at (0,0) size 40x15 [color=#994500]
                                                  RenderText {#text} at (62,0) size 40x15
                                                    text run at (62,0) width 40: "class"
                                                RenderText {#text} at (101,0) size 17x15
                                                  text run at (101,0) width 17: "=\""
                                                RenderInline {span} at (0,0) size 47x15 [color=#1A1AA6]
                                                  RenderText {#text} at (117,0) size 47x15
                                                    text run at (117,0) width 47: "answer"
                                                RenderText {#text} at (163,0) size 9x15
                                                  text run at (163,0) width 9: "\""
                                              RenderInline {span} at (0,0) size 118x15
                                                RenderText {#text} at (171,0) size 9x15
                                                  text run at (171,0) width 9: " "
                                                RenderInline {span} at (0,0) size 32x15 [color=#994500]
                                                  RenderText {#text} at (179,0) size 32x15
                                                    text run at (179,0) width 32: "name"
                                                RenderText {#text} at (210,0) size 17x15
                                                  text run at (210,0) width 17: "=\""
                                                RenderInline {span} at (0,0) size 55x15 [color=#1A1AA6]
                                                  RenderText {#text} at (226,0) size 55x15
                                                    text run at (226,0) width 55: "ise-nav"
                                                RenderText {#text} at (280,0) size 9x15
                                                  text run at (280,0) width 9: "\""
                                              RenderText {#text} at (288,0) size 9x15
                                                text run at (288,0) width 9: ">"
                                          RenderBlock {div} at (13,15) size 687x60
                                            RenderBlock (anonymous) at (0,0) size 687x0
                                              RenderInline {span} at (0,0) size 0x0
                                            RenderBlock {div} at (0,0) size 687x15
                                              RenderInline {span} at (0,0) size 133x15 [color=#881280]
                                                RenderText {#text} at (0,0) size 55x15
                                                  text run at (0,0) width 55: "<option"
                                                RenderInline {span} at (0,0) size 71x15
                                                  RenderText {#text} at (54,0) size 9x15
                                                    text run at (54,0) width 9: " "
                                                  RenderInline {span} at (0,0) size 40x15 [color=#994500]
                                                    RenderText {#text} at (62,0) size 40x15
                                                      text run at (62,0) width 40: "value"
                                                  RenderText {#text} at (101,0) size 17x15
                                                    text run at (101,0) width 17: "=\""
                                                  RenderInline {span} at (0,0) size 0x15 [color=#1A1AA6]
                                                  RenderText {#text} at (117,0) size 8x15
                                                    text run at (117,0) width 8: "\""
                                                RenderText {#text} at (124,0) size 9x15
                                                  text run at (124,0) width 9: ">"
                                              RenderInline {span} at (0,0) size 149x15
                                                RenderText {#text} at (132,0) size 149x15
                                                  text run at (132,0) width 149: "Level of difficulty"
                                              RenderInline {span} at (0,0) size 72x15 [color=#881280]
                                                RenderText {#text} at (280,0) size 64x15
                                                  text run at (280,0) width 64: "</option"
                                                RenderText {#text} at (343,0) size 9x15
                                                  text run at (343,0) width 9: ">"
                                            RenderBlock (anonymous) at (0,15) size 687x0
                                              RenderInline {span} at (0,0) size 0x0
                                            RenderBlock {div} at (0,15) size 687x15
                                              RenderInline {span} at (0,0) size 141x15 [color=#881280]
                                                RenderText {#text} at (0,0) size 55x15
                                                  text run at (0,0) width 55: "<option"
                                                RenderInline {span} at (0,0) size 79x15
                                                  RenderText {#text} at (54,0) size 9x15
                                                    text run at (54,0) width 9: " "
                                                  RenderInline {span} at (0,0) size 40x15 [color=#994500]
                                                    RenderText {#text} at (62,0) size 40x15
                                                      text run at (62,0) width 40: "value"
                                                  RenderText {#text} at (101,0) size 17x15
                                                    text run at (101,0) width 17: "=\""
                                                  RenderInline {span} at (0,0) size 8x15 [color=#1A1AA6]
                                                    RenderText {#text} at (117,0) size 8x15
                                                      text run at (117,0) width 8: "1"
                                                  RenderText {#text} at (124,0) size 9x15
                                                    text run at (124,0) width 9: "\""
                                                RenderText {#text} at (132,0) size 9x15
                                                  text run at (132,0) width 9: ">"
                                              RenderInline {span} at (0,0) size 141x15
                                                RenderText {#text} at (140,0) size 141x15
                                                  text run at (140,0) width 141: "No problems at all"
                                              RenderInline {span} at (0,0) size 72x15 [color=#881280]
                                                RenderText {#text} at (280,0) size 64x15
                                                  text run at (280,0) width 64: "</option"
                                                RenderText {#text} at (343,0) size 9x15
                                                  text run at (343,0) width 9: ">"
                                            RenderBlock (anonymous) at (0,30) size 687x0
                                              RenderInline {span} at (0,0) size 0x0
                                            RenderBlock {div} at (0,30) size 687x15
                                              RenderInline {span} at (0,0) size 141x15 [color=#881280]
                                                RenderText {#text} at (0,0) size 55x15
                                                  text run at (0,0) width 55: "<option"
                                                RenderInline {span} at (0,0) size 79x15
                                                  RenderText {#text} at (54,0) size 9x15
                                                    text run at (54,0) width 9: " "
                                                  RenderInline {span} at (0,0) size 40x15 [color=#994500]
                                                    RenderText {#text} at (62,0) size 40x15
                                                      text run at (62,0) width 40: "value"
                                                  RenderText {#text} at (101,0) size 17x15
                                                    text run at (101,0) width 17: "=\""
                                                  RenderInline {span} at (0,0) size 8x15 [color=#1A1AA6]
                                                    RenderText {#text} at (117,0) size 8x15
                                                      text run at (117,0) width 8: "2"
                                                  RenderText {#text} at (124,0) size 9x15
                                                    text run at (124,0) width 9: "\""
                                                RenderText {#text} at (132,0) size 9x15
                                                  text run at (132,0) width 9: ">"
                                              RenderInline {span} at (0,0) size 126x15
                                                RenderText {#text} at (140,0) size 126x15
                                                  text run at (140,0) width 126: "A bit cumbersome"
                                              RenderInline {span} at (0,0) size 71x15 [color=#881280]
                                                RenderText {#text} at (265,0) size 63x15
                                                  text run at (265,0) width 63: "</option"
                                                RenderText {#text} at (327,0) size 9x15
                                                  text run at (327,0) width 9: ">"
                                            RenderBlock (anonymous) at (0,45) size 687x0
                                              RenderInline {span} at (0,0) size 0x0
                                            RenderBlock {div} at (0,45) size 687x15
                                              RenderInline {span} at (0,0) size 141x15 [color=#881280]
                                                RenderText {#text} at (0,0) size 55x15
                                                  text run at (0,0) width 55: "<option"
                                                RenderInline {span} at (0,0) size 79x15
                                                  RenderText {#text} at (54,0) size 9x15
                                                    text run at (54,0) width 9: " "
                                                  RenderInline {span} at (0,0) size 40x15 [color=#994500]
                                                    RenderText {#text} at (62,0) size 40x15
                                                      text run at (62,0) width 40: "value"
                                                  RenderText {#text} at (101,0) size 17x15
                                                    text run at (101,0) width 17: "=\""
                                                  RenderInline {span} at (0,0) size 8x15 [color=#1A1AA6]
                                                    RenderText {#text} at (117,0) size 8x15
                                                      text run at (117,0) width 8: "3"
                                                  RenderText {#text} at (124,0) size 9x15
                                                    text run at (124,0) width 9: "\""
                                                RenderText {#text} at (132,0) size 9x15
                                                  text run at (132,0) width 9: ">"
                                              RenderInline {span} at (0,0) size 165x15
                                                RenderText {#text} at (140,0) size 165x15
                                                  text run at (140,0) width 165: "Very difficult to use"
                                              RenderInline {span} at (0,0) size 71x15 [color=#881280]
                                                RenderText {#text} at (304,0) size 63x15
                                                  text run at (304,0) width 63: "</option"
                                                RenderText {#text} at (366,0) size 9x15
                                                  text run at (366,0) width 9: ">"
                                            RenderBlock (anonymous) at (0,60) size 687x0
                                              RenderInline {span} at (0,0) size 0x0
                                          RenderBlock {div} at (0,75) size 700x15
                                            RenderInline {span} at (0,0) size 71x15 [color=#881280]
                                              RenderText {#text} at (0,0) size 63x15
                                                text run at (0,0) width 63: "</select"
                                              RenderText {#text} at (62,0) size 9x15
                                                text run at (62,0) width 9: ">"
                                      RenderBlock (anonymous) at (0,1485) size 700x0
                                        RenderInline {span} at (0,0) size 0x0
                                      RenderBlock {div} at (0,1485) size 700x15
                                        RenderInline {span} at (0,0) size 180x15 [color=#881280]
                                          RenderText {#text} at (0,0) size 40x15
                                            text run at (0,0) width 40: "<span"
                                          RenderInline {span} at (0,0) size 133x15
                                            RenderText {#text} at (39,0) size 8x15
                                              text run at (39,0) width 8: " "
                                            RenderInline {span} at (0,0) size 40x15 [color=#994500]
                                              RenderText {#text} at (46,0) size 40x15
                                                text run at (46,0) width 40: "class"
                                            RenderText {#text} at (85,0) size 17x15
                                              text run at (85,0) width 17: "=\""
                                            RenderInline {span} at (0,0) size 63x15 [color=#1A1AA6]
                                              RenderText {#text} at (101,0) size 63x15
                                                text run at (101,0) width 63: "question"
                                            RenderText {#text} at (163,0) size 9x15
                                              text run at (163,0) width 9: "\""
                                          RenderText {#text} at (171,0) size 9x15
                                            text run at (171,0) width 9: ">"
                                        RenderInline {span} at (0,0) size 282x15
                                          RenderText {#text} at (179,0) size 282x15
                                            text run at (179,0) width 282: "Please describe your use of the ISE."
                                        RenderInline {span} at (0,0) size 55x15 [color=#881280]
                                          RenderText {#text} at (460,0) size 48x15
                                            text run at (460,0) width 48: "</span"
                                          RenderText {#text} at (507,0) size 8x15
                                            text run at (507,0) width 8: ">"
                                      RenderBlock (anonymous) at (0,1500) size 700x0
                                        RenderInline {span} at (0,0) size 0x0
                                      RenderBlock {div} at (0,1500) size 700x15
                                        RenderInline {span} at (0,0) size 359x15 [color=#881280]
                                          RenderText {#text} at (0,0) size 71x15
                                            text run at (0,0) width 71: "<textarea"
                                          RenderInline {span} at (0,0) size 118x15
                                            RenderText {#text} at (70,0) size 9x15
                                              text run at (70,0) width 9: " "
                                            RenderInline {span} at (0,0) size 40x15 [color=#994500]
                                              RenderText {#text} at (78,0) size 40x15
                                                text run at (78,0) width 40: "class"
                                            RenderText {#text} at (117,0) size 16x15
                                              text run at (117,0) width 16: "=\""
                                            RenderInline {span} at (0,0) size 48x15 [color=#1A1AA6]
                                              RenderText {#text} at (132,0) size 48x15
                                                text run at (132,0) width 48: "answer"
                                            RenderText {#text} at (179,0) size 9x15
                                              text run at (179,0) width 9: "\""
                                          RenderInline {span} at (0,0) size 157x15
                                            RenderText {#text} at (187,0) size 9x15
                                              text run at (187,0) width 9: " "
                                            RenderInline {span} at (0,0) size 32x15 [color=#994500]
                                              RenderText {#text} at (195,0) size 32x15
                                                text run at (195,0) width 32: "name"
                                            RenderText {#text} at (226,0) size 16x15
                                              text run at (226,0) width 16: "=\""
                                            RenderInline {span} at (0,0) size 95x15 [color=#1A1AA6]
                                              RenderText {#text} at (241,0) size 95x15
                                                text run at (241,0) width 95: "ise-describe"
                                            RenderText {#text} at (335,0) size 9x15
                                              text run at (335,0) width 9: "\""
                                          RenderText {#text} at (343,0) size 16x15
                                            text run at (343,0) width 16: "/>"
                                      RenderBlock (anonymous) at (0,1515) size 700x0
                                        RenderInline {span} at (0,0) size 0x0
                                      RenderBlock {div} at (0,1515) size 700x15
                                        RenderInline {span} at (0,0) size 32x15 [color=#881280]
                                          RenderText {#text} at (0,0) size 24x15
                                            text run at (0,0) width 24: "<h2"
                                          RenderText {#text} at (23,0) size 9x15
                                            text run at (23,0) width 9: ">"
                                        RenderInline {span} at (0,0) size 235x15
                                          RenderText {#text} at (31,0) size 235x15
                                            text run at (31,0) width 235: "Tools in Development Questions"
                                        RenderInline {span} at (0,0) size 40x15 [color=#881280]
                                          RenderText {#text} at (265,0) size 32x15
                                            text run at (265,0) width 32: "</h2"
                                          RenderText {#text} at (296,0) size 9x15
                                            text run at (296,0) width 9: ">"
                                      RenderBlock (anonymous) at (0,1530) size 700x0
                                        RenderInline {span} at (0,0) size 0x0
                                      RenderBlock {div} at (0,1530) size 700x75
                                        RenderBlock {div} at (0,0) size 700x75
                                          RenderBlock {div} at (0,0) size 700x15
                                            RenderBlock {span} at (-10,5) size 10x10
                                            RenderInline {span} at (0,0) size 24x15 [color=#881280]
                                              RenderText {#text} at (0,0) size 16x15
                                                text run at (0,0) width 16: "<p"
                                              RenderText {#text} at (15,0) size 9x15
                                                text run at (15,0) width 9: ">"
                                          RenderBlock {div} at (13,15) size 687x45
                                            RenderInline {span} at (0,0) size 679x45
                                              RenderText {#text} at (0,0) size 679x45
                                                text run at (0,0) width 586: "We are in the process of both making new material available and developing "
                                                text run at (585,0) width 94: "new tools to"
                                                text run at (0,15) width 492: "view and extrapolate information from Shakespeare's works. The "
                                                text run at (491,15) width 157: "following images are"
                                                text run at (0,30) width 500: "visual representations of some of the ideas being thrown around."
                                          RenderBlock {div} at (0,60) size 700x15
                                            RenderInline {span} at (0,0) size 32x15 [color=#881280]
                                              RenderText {#text} at (0,0) size 24x15
                                                text run at (0,0) width 24: "</p"
                                              RenderText {#text} at (23,0) size 9x15
                                                text run at (23,0) width 9: ">"
                                      RenderBlock (anonymous) at (0,1605) size 700x0
                                        RenderInline {span} at (0,0) size 0x0
                                      RenderBlock {div} at (0,1605) size 700x45
                                        RenderBlock {div} at (0,0) size 700x45
                                          RenderBlock {div} at (0,0) size 700x15
                                            RenderBlock {span} at (-10,5) size 10x10
                                            RenderInline {span} at (0,0) size 24x15 [color=#881280]
                                              RenderText {#text} at (0,0) size 16x15
                                                text run at (0,0) width 16: "<p"
                                              RenderText {#text} at (15,0) size 9x15
                                                text run at (15,0) width 9: ">"
                                          RenderBlock {div} at (13,15) size 687x15
                                            RenderInline {span} at (0,0) size 430x15
                                              RenderText {#text} at (0,0) size 430x15
                                                text run at (0,0) width 430: "Please review them carefully and provide feedback below"
                                          RenderBlock {div} at (0,30) size 700x15
                                            RenderInline {span} at (0,0) size 32x15 [color=#881280]
                                              RenderText {#text} at (0,0) size 24x15
                                                text run at (0,0) width 24: "</p"
                                              RenderText {#text} at (23,0) size 9x15
                                                text run at (23,0) width 9: ">"
                                      RenderBlock (anonymous) at (0,1650) size 700x0
                                        RenderInline {span} at (0,0) size 0x0
                                      RenderBlock {div} at (0,1650) size 700x15
                                        RenderInline {span} at (0,0) size 180x15 [color=#881280]
                                          RenderText {#text} at (0,0) size 40x15
                                            text run at (0,0) width 40: "<span"
                                          RenderInline {span} at (0,0) size 133x15
                                            RenderText {#text} at (39,0) size 8x15
                                              text run at (39,0) width 8: " "
                                            RenderInline {span} at (0,0) size 40x15 [color=#994500]
                                              RenderText {#text} at (46,0) size 40x15
                                                text run at (46,0) width 40: "class"
                                            RenderText {#text} at (85,0) size 17x15
                                              text run at (85,0) width 17: "=\""
                                            RenderInline {span} at (0,0) size 63x15 [color=#1A1AA6]
                                              RenderText {#text} at (101,0) size 63x15
                                                text run at (101,0) width 63: "question"
                                            RenderText {#text} at (163,0) size 9x15
                                              text run at (163,0) width 9: "\""
                                          RenderText {#text} at (171,0) size 9x15
                                            text run at (171,0) width 9: ">"
                                        RenderInline {span} at (0,0) size 180x15
                                          RenderText {#text} at (179,0) size 180x15
                                            text run at (179,0) width 180: "Your comments on Fig. 1"
                                        RenderInline {span} at (0,0) size 56x15 [color=#881280]
                                          RenderText {#text} at (358,0) size 48x15
                                            text run at (358,0) width 48: "</span"
                                          RenderText {#text} at (405,0) size 9x15
                                            text run at (405,0) width 9: ">"
                                      RenderBlock (anonymous) at (0,1665) size 700x0
                                        RenderInline {span} at (0,0) size 0x0
                                      RenderBlock {div} at (0,1665) size 700x15
                                        RenderInline {span} at (0,0) size 297x15 [color=#881280]
                                          RenderText {#text} at (0,0) size 71x15
                                            text run at (0,0) width 71: "<textarea"
                                          RenderInline {span} at (0,0) size 118x15
                                            RenderText {#text} at (70,0) size 9x15
                                              text run at (70,0) width 9: " "
                                            RenderInline {span} at (0,0) size 40x15 [color=#994500]
                                              RenderText {#text} at (78,0) size 40x15
                                                text run at (78,0) width 40: "class"
                                            RenderText {#text} at (117,0) size 16x15
                                              text run at (117,0) width 16: "=\""
                                            RenderInline {span} at (0,0) size 48x15 [color=#1A1AA6]
                                              RenderText {#text} at (132,0) size 48x15
                                                text run at (132,0) width 48: "answer"
                                            RenderText {#text} at (179,0) size 9x15
                                              text run at (179,0) width 9: "\""
                                          RenderInline {span} at (0,0) size 94x15
                                            RenderText {#text} at (187,0) size 9x15
                                              text run at (187,0) width 9: " "
                                            RenderInline {span} at (0,0) size 32x15 [color=#994500]
                                              RenderText {#text} at (195,0) size 32x15
                                                text run at (195,0) width 32: "name"
                                            RenderText {#text} at (226,0) size 16x15
                                              text run at (226,0) width 16: "=\""
                                            RenderInline {span} at (0,0) size 33x15 [color=#1A1AA6]
                                              RenderText {#text} at (241,0) size 33x15
                                                text run at (241,0) width 33: "fig1"
                                            RenderText {#text} at (273,0) size 8x15
                                              text run at (273,0) width 8: "\""
                                          RenderText {#text} at (280,0) size 17x15
                                            text run at (280,0) width 17: "/>"
                                      RenderBlock (anonymous) at (0,1680) size 700x0
                                        RenderInline {span} at (0,0) size 0x0
                                      RenderBlock {div} at (0,1680) size 700x15
                                        RenderInline {span} at (0,0) size 180x15 [color=#881280]
                                          RenderText {#text} at (0,0) size 40x15
                                            text run at (0,0) width 40: "<span"
                                          RenderInline {span} at (0,0) size 133x15
                                            RenderText {#text} at (39,0) size 8x15
                                              text run at (39,0) width 8: " "
                                            RenderInline {span} at (0,0) size 40x15 [color=#994500]
                                              RenderText {#text} at (46,0) size 40x15
                                                text run at (46,0) width 40: "class"
                                            RenderText {#text} at (85,0) size 17x15
                                              text run at (85,0) width 17: "=\""
                                            RenderInline {span} at (0,0) size 63x15 [color=#1A1AA6]
                                              RenderText {#text} at (101,0) size 63x15
                                                text run at (101,0) width 63: "question"
                                            RenderText {#text} at (163,0) size 9x15
                                              text run at (163,0) width 9: "\""
                                          RenderText {#text} at (171,0) size 9x15
                                            text run at (171,0) width 9: ">"
                                        RenderInline {span} at (0,0) size 180x15
                                          RenderText {#text} at (179,0) size 180x15
                                            text run at (179,0) width 180: "Your comments on Fig. 2"
                                        RenderInline {span} at (0,0) size 56x15 [color=#881280]
                                          RenderText {#text} at (358,0) size 48x15
                                            text run at (358,0) width 48: "</span"
                                          RenderText {#text} at (405,0) size 9x15
                                            text run at (405,0) width 9: ">"
                                      RenderBlock (anonymous) at (0,1695) size 700x0
                                        RenderInline {span} at (0,0) size 0x0
                                      RenderBlock {div} at (0,1695) size 700x15
                                        RenderInline {span} at (0,0) size 297x15 [color=#881280]
                                          RenderText {#text} at (0,0) size 71x15
                                            text run at (0,0) width 71: "<textarea"
                                          RenderInline {span} at (0,0) size 118x15
                                            RenderText {#text} at (70,0) size 9x15
                                              text run at (70,0) width 9: " "
                                            RenderInline {span} at (0,0) size 40x15 [color=#994500]
                                              RenderText {#text} at (78,0) size 40x15
                                                text run at (78,0) width 40: "class"
                                            RenderText {#text} at (117,0) size 16x15
                                              text run at (117,0) width 16: "=\""
                                            RenderInline {span} at (0,0) size 48x15 [color=#1A1AA6]
                                              RenderText {#text} at (132,0) size 48x15
                                                text run at (132,0) width 48: "answer"
                                            RenderText {#text} at (179,0) size 9x15
                                              text run at (179,0) width 9: "\""
                                          RenderInline {span} at (0,0) size 94x15
                                            RenderText {#text} at (187,0) size 9x15
                                              text run at (187,0) width 9: " "
                                            RenderInline {span} at (0,0) size 32x15 [color=#994500]
                                              RenderText {#text} at (195,0) size 32x15
                                                text run at (195,0) width 32: "name"
                                            RenderText {#text} at (226,0) size 16x15
                                              text run at (226,0) width 16: "=\""
                                            RenderInline {span} at (0,0) size 33x15 [color=#1A1AA6]
                                              RenderText {#text} at (241,0) size 33x15
                                                text run at (241,0) width 33: "fig2"
                                            RenderText {#text} at (273,0) size 8x15
                                              text run at (273,0) width 8: "\""
                                          RenderText {#text} at (280,0) size 17x15
                                            text run at (280,0) width 17: "/>"
                                      RenderBlock (anonymous) at (0,1710) size 700x0
                                        RenderInline {span} at (0,0) size 0x0
                                      RenderBlock {div} at (0,1710) size 700x15
                                        RenderInline {span} at (0,0) size 180x15 [color=#881280]
                                          RenderText {#text} at (0,0) size 40x15
                                            text run at (0,0) width 40: "<span"
                                          RenderInline {span} at (0,0) size 133x15
                                            RenderText {#text} at (39,0) size 8x15
                                              text run at (39,0) width 8: " "
                                            RenderInline {span} at (0,0) size 40x15 [color=#994500]
                                              RenderText {#text} at (46,0) size 40x15
                                                text run at (46,0) width 40: "class"
                                            RenderText {#text} at (85,0) size 17x15
                                              text run at (85,0) width 17: "=\""
                                            RenderInline {span} at (0,0) size 63x15 [color=#1A1AA6]
                                              RenderText {#text} at (101,0) size 63x15
                                                text run at (101,0) width 63: "question"
                                            RenderText {#text} at (163,0) size 9x15
                                              text run at (163,0) width 9: "\""
                                          RenderText {#text} at (171,0) size 9x15
                                            text run at (171,0) width 9: ">"
                                        RenderInline {span} at (0,0) size 180x15
                                          RenderText {#text} at (179,0) size 180x15
                                            text run at (179,0) width 180: "Your comments on Fig. 3"
                                        RenderInline {span} at (0,0) size 56x15 [color=#881280]
                                          RenderText {#text} at (358,0) size 48x15
                                            text run at (358,0) width 48: "</span"
                                          RenderText {#text} at (405,0) size 9x15
                                            text run at (405,0) width 9: ">"
                                      RenderBlock (anonymous) at (0,1725) size 700x0
                                        RenderInline {span} at (0,0) size 0x0
                                      RenderBlock {div} at (0,1725) size 700x15
                                        RenderInline {span} at (0,0) size 297x15 [color=#881280]
                                          RenderText {#text} at (0,0) size 71x15
                                            text run at (0,0) width 71: "<textarea"
                                          RenderInline {span} at (0,0) size 118x15
                                            RenderText {#text} at (70,0) size 9x15
                                              text run at (70,0) width 9: " "
                                            RenderInline {span} at (0,0) size 40x15 [color=#994500]
                                              RenderText {#text} at (78,0) size 40x15
                                                text run at (78,0) width 40: "class"
                                            RenderText {#text} at (117,0) size 16x15
                                              text run at (117,0) width 16: "=\""
                                            RenderInline {span} at (0,0) size 48x15 [color=#1A1AA6]
                                              RenderText {#text} at (132,0) size 48x15
                                                text run at (132,0) width 48: "answer"
                                            RenderText {#text} at (179,0) size 9x15
                                              text run at (179,0) width 9: "\""
                                          RenderInline {span} at (0,0) size 94x15
                                            RenderText {#text} at (187,0) size 9x15
                                              text run at (187,0) width 9: " "
                                            RenderInline {span} at (0,0) size 32x15 [color=#994500]
                                              RenderText {#text} at (195,0) size 32x15
                                                text run at (195,0) width 32: "name"
                                            RenderText {#text} at (226,0) size 16x15
                                              text run at (226,0) width 16: "=\""
                                            RenderInline {span} at (0,0) size 33x15 [color=#1A1AA6]
                                              RenderText {#text} at (241,0) size 33x15
                                                text run at (241,0) width 33: "fig3"
                                            RenderText {#text} at (273,0) size 8x15
                                              text run at (273,0) width 8: "\""
                                          RenderText {#text} at (280,0) size 17x15
                                            text run at (280,0) width 17: "/>"
                                      RenderBlock (anonymous) at (0,1740) size 700x0
                                        RenderInline {span} at (0,0) size 0x0
                                      RenderBlock {div} at (0,1740) size 700x15
                                        RenderInline {span} at (0,0) size 32x15 [color=#881280]
                                          RenderText {#text} at (0,0) size 24x15
                                            text run at (0,0) width 24: "<h2"
                                          RenderText {#text} at (23,0) size 9x15
                                            text run at (23,0) width 9: ">"
                                        RenderInline {span} at (0,0) size 110x15
                                          RenderText {#text} at (31,0) size 110x15
                                            text run at (31,0) width 110: "Other Feedback"
                                        RenderInline {span} at (0,0) size 40x15 [color=#881280]
                                          RenderText {#text} at (140,0) size 32x15
                                            text run at (140,0) width 32: "</h2"
                                          RenderText {#text} at (171,0) size 9x15
                                            text run at (171,0) width 9: ">"
                                      RenderBlock (anonymous) at (0,1755) size 700x0
                                        RenderInline {span} at (0,0) size 0x0
                                      RenderBlock {div} at (0,1755) size 700x15
                                        RenderInline {span} at (0,0) size 180x15 [color=#881280]
                                          RenderText {#text} at (0,0) size 40x15
                                            text run at (0,0) width 40: "<span"
                                          RenderInline {span} at (0,0) size 133x15
                                            RenderText {#text} at (39,0) size 8x15
                                              text run at (39,0) width 8: " "
                                            RenderInline {span} at (0,0) size 40x15 [color=#994500]
                                              RenderText {#text} at (46,0) size 40x15
                                                text run at (46,0) width 40: "class"
                                            RenderText {#text} at (85,0) size 17x15
                                              text run at (85,0) width 17: "=\""
                                            RenderInline {span} at (0,0) size 63x15 [color=#1A1AA6]
                                              RenderText {#text} at (101,0) size 63x15
                                                text run at (101,0) width 63: "question"
                                            RenderText {#text} at (163,0) size 9x15
                                              text run at (163,0) width 9: "\""
                                          RenderText {#text} at (171,0) size 9x15
                                            text run at (171,0) width 9: ">"
                                        RenderInline {span} at (0,0) size 290x15
                                          RenderText {#text} at (179,0) size 290x15
                                            text run at (179,0) width 290: "Please enter any other thoughts here."
                                        RenderInline {span} at (0,0) size 55x15 [color=#881280]
                                          RenderText {#text} at (468,0) size 47x15
                                            text run at (468,0) width 47: "</span"
                                          RenderText {#text} at (514,0) size 9x15
                                            text run at (514,0) width 9: ">"
                                      RenderBlock (anonymous) at (0,1770) size 700x0
                                        RenderInline {span} at (0,0) size 0x0
                                      RenderBlock {div} at (0,1770) size 700x15
                                        RenderInline {span} at (0,0) size 305x15 [color=#881280]
                                          RenderText {#text} at (0,0) size 71x15
                                            text run at (0,0) width 71: "<textarea"
                                          RenderInline {span} at (0,0) size 118x15
                                            RenderText {#text} at (70,0) size 9x15
                                              text run at (70,0) width 9: " "
                                            RenderInline {span} at (0,0) size 40x15 [color=#994500]
                                              RenderText {#text} at (78,0) size 40x15
                                                text run at (78,0) width 40: "class"
                                            RenderText {#text} at (117,0) size 16x15
                                              text run at (117,0) width 16: "=\""
                                            RenderInline {span} at (0,0) size 48x15 [color=#1A1AA6]
                                              RenderText {#text} at (132,0) size 48x15
                                                text run at (132,0) width 48: "answer"
                                            RenderText {#text} at (179,0) size 9x15
                                              text run at (179,0) width 9: "\""
                                          RenderInline {span} at (0,0) size 102x15
                                            RenderText {#text} at (187,0) size 9x15
                                              text run at (187,0) width 9: " "
                                            RenderInline {span} at (0,0) size 32x15 [color=#994500]
                                              RenderText {#text} at (195,0) size 32x15
                                                text run at (195,0) width 32: "name"
                                            RenderText {#text} at (226,0) size 16x15
                                              text run at (226,0) width 16: "=\""
                                            RenderInline {span} at (0,0) size 40x15 [color=#1A1AA6]
                                              RenderText {#text} at (241,0) size 40x15
                                                text run at (241,0) width 40: "other"
                                            RenderText {#text} at (280,0) size 9x15
                                              text run at (280,0) width 9: "\""
                                          RenderText {#text} at (288,0) size 17x15
                                            text run at (288,0) width 17: "/>"
                                      RenderBlock (anonymous) at (0,1785) size 700x0
                                        RenderInline {span} at (0,0) size 0x0
                                    RenderBlock {div} at (0,1800) size 713x15
                                      RenderInline {span} at (0,0) size 55x15 [color=#881280]
                                        RenderText {#text} at (0,0) size 47x15
                                          text run at (0,0) width 47: "</form"
                                        RenderText {#text} at (46,0) size 9x15
                                          text run at (46,0) width 9: ">"
                                RenderBlock (anonymous) at (0,1965) size 713x0
                                  RenderInline {span} at (0,0) size 0x0
                                RenderBlock {div} at (0,1965) size 713x15
                                  RenderInline {span} at (0,0) size 24x15 [color=#881280]
                                    RenderText {#text} at (0,0) size 16x15
                                      text run at (0,0) width 16: "<p"
                                    RenderText {#text} at (15,0) size 9x15
                                      text run at (15,0) width 9: ">"
                                  RenderInline {span} at (0,0) size 321x15
                                    RenderText {#text} at (23,0) size 321x15
                                      text run at (23,0) width 321: "Thank you for your time filling this out."
                                  RenderInline {span} at (0,0) size 32x15 [color=#881280]
                                    RenderText {#text} at (343,0) size 24x15
                                      text run at (343,0) width 24: "</p"
                                    RenderText {#text} at (366,0) size 9x15
                                      text run at (366,0) width 9: ">"
                                RenderBlock (anonymous) at (0,1980) size 713x0
                                  RenderInline {span} at (0,0) size 0x0
                              RenderBlock {div} at (0,1995) size 726x15
                                RenderInline {span} at (0,0) size 47x15 [color=#881280]
                                  RenderText {#text} at (0,0) size 40x15
                                    text run at (0,0) width 40: "</div"
                                  RenderText {#text} at (39,0) size 8x15
                                    text run at (39,0) width 8: ">"
                          RenderBlock (anonymous) at (0,2025) size 726x0
                            RenderInline {span} at (0,0) size 0x0
                          RenderBlock {div} at (0,2025) size 726x45
                            RenderBlock {div} at (0,0) size 726x45
                              RenderBlock {div} at (0,0) size 726x15
                                RenderBlock {span} at (-10,5) size 10x10
                                RenderInline {span} at (0,0) size 133x15 [color=#881280]
                                  RenderText {#text} at (0,0) size 32x15
                                    text run at (0,0) width 32: "<div"
                                  RenderInline {span} at (0,0) size 94x15
                                    RenderText {#text} at (31,0) size 9x15
                                      text run at (31,0) width 9: " "
                                    RenderInline {span} at (0,0) size 16x15 [color=#994500]
                                      RenderText {#text} at (39,0) size 16x15
                                        text run at (39,0) width 16: "id"
                                    RenderText {#text} at (54,0) size 17x15
                                      text run at (54,0) width 17: "=\""
                                    RenderInline {span} at (0,0) size 48x15 [color=#1A1AA6]
                                      RenderText {#text} at (70,0) size 48x15
                                        text run at (70,0) width 48: "bottom"
                                    RenderText {#text} at (117,0) size 8x15
                                      text run at (117,0) width 8: "\""
                                  RenderText {#text} at (124,0) size 9x15
                                    text run at (124,0) width 9: ">"
                              RenderBlock {div} at (13,15) size 713x15
                                RenderBlock {div} at (0,0) size 713x15
                                  RenderInline {span} at (0,0) size 164x15 [color=#881280]
                                    RenderText {#text} at (0,0) size 40x15
                                      text run at (0,0) width 40: "<span"
                                    RenderInline {span} at (0,0) size 118x15
                                      RenderText {#text} at (39,0) size 8x15
                                        text run at (39,0) width 8: " "
                                      RenderInline {span} at (0,0) size 17x15 [color=#994500]
                                        RenderText {#text} at (46,0) size 17x15
                                          text run at (46,0) width 17: "id"
                                      RenderText {#text} at (62,0) size 17x15
                                        text run at (62,0) width 17: "=\""
                                      RenderInline {span} at (0,0) size 71x15 [color=#1A1AA6]
                                        RenderText {#text} at (78,0) size 71x15
                                          text run at (78,0) width 71: "copyright"
                                      RenderText {#text} at (148,0) size 9x15
                                        text run at (148,0) width 9: "\""
                                    RenderText {#text} at (156,0) size 8x15
                                      text run at (156,0) width 8: ">"
                                  RenderInline {span} at (0,0) size 134x15
                                    RenderText {#text} at (163,0) size 134x15
                                      text run at (163,0) width 134: "\x{A9}2003 Kevin Davis"
                                  RenderInline {span} at (0,0) size 56x15 [color=#881280]
                                    RenderText {#text} at (296,0) size 48x15
                                      text run at (296,0) width 48: "</span"
                                    RenderText {#text} at (343,0) size 9x15
                                      text run at (343,0) width 9: ">"
                              RenderBlock {div} at (0,30) size 726x15
                                RenderInline {span} at (0,0) size 47x15 [color=#881280]
                                  RenderText {#text} at (0,0) size 40x15
                                    text run at (0,0) width 40: "</div"
                                  RenderText {#text} at (39,0) size 8x15
                                    text run at (39,0) width 8: ">"
                          RenderBlock (anonymous) at (0,2070) size 726x0
                            RenderInline {span} at (0,0) size 0x0
                        RenderBlock {div} at (0,2085) size 739x15
                          RenderInline {span} at (0,0) size 47x15 [color=#881280]
                            RenderText {#text} at (0,0) size 40x15
                              text run at (0,0) width 40: "</div"
                            RenderText {#text} at (39,0) size 8x15
                              text run at (39,0) width 8: ">"
                    RenderBlock (anonymous) at (0,2100) size 739x0
                      RenderInline {span} at (0,0) size 0x0
                  RenderBlock {div} at (0,2115) size 752x15
                    RenderInline {span} at (0,0) size 55x15 [color=#881280]
                      RenderText {#text} at (0,0) size 47x15
                        text run at (0,0) width 47: "</body"
                      RenderText {#text} at (46,0) size 9x15
                        text run at (46,0) width 9: ">"
              RenderBlock (anonymous) at (0,2505) size 752x0
                RenderInline {span} at (0,0) size 0x0
            RenderBlock {div} at (0,2520) size 765x15
              RenderInline {span} at (0,0) size 55x15 [color=#881280]
                RenderText {#text} at (0,0) size 47x15
                  text run at (0,0) width 47: "</html"
                RenderText {#text} at (46,0) size 9x15
                  text run at (46,0) width 9: ">"
