layer at (0,0) size 976x585
  RenderView at (0,0) size 800x585
layer at (0,0) size 800x585
  RenderBlock {HTML} at (0,0) size 800x585
    RenderBody {BODY} at (8,8) size 784x569
      RenderBlock {DIV} at (0,0) size 784x108 [border: (2px solid #0000FF)]
        RenderBlock (anonymous) at (2,2) size 780x54
          RenderText {#text} at (0,0) size 746x35
            text run at (0,0) width 583: "Resize the window. Red boxes below must not overflow the blue box (or window) from the "
            text run at (582,0) width 164: "left side, though they may"
            text run at (0,18) width 128: "overflow from right."
          RenderBR {BR} at (128,18) size 0x17
          RenderBR {BR} at (0,36) size 0x17
        RenderTable {TABLE} at (2,56) size 966x28 [border: (2px solid #FF0000)]
          RenderTableSection {TBODY} at (2,2) size 962x24
            RenderTableRow {TR} at (0,2) size 962x20
              RenderTableCell {TD} at (2,2) size 958x20 [r=0 c=0 rs=1 cs=1]
                RenderText {#text} at (1,1) size 956x17
                  text run at (1,1) width 480: "Blabla blah. Blabla blah. Blabla blah. Blabla blah. Blabla blah. Blabla blah. "
                  text run at (481,1) width 476: "Blabla blah. Blabla blah. Blabla blah. Blabla blah. Blabla blah. Blabla blah."
        RenderBlock {DIV} at (2,84) size 904x22 [border: (2px solid #FF0000)]
          RenderText {#text} at (2,2) size 476x17
            text run at (2,2) width 476: "Blabla blah. Blabla blah. Blabla blah. Blabla blah. Blabla blah. Blabla blah."
