layer at (0,0) size 800x600
  RenderView at (0,0) size 800x600
layer at (0,0) size 800x0
  RenderBlock {HTML} at (0,0) size 800x0
layer at (0,0) size 800x20
  RenderBlock (positioned) {HEAD} at (0,0) size 800x20 [bgcolor=#FFFF00]
layer at (0,0) size 800x20
  RenderBody {BODY} at (0,0) size 800x20 [color=#000080] [bgcolor=#FFFFFF]
    RenderBlock {P} at (0,0) size 800x18
      RenderText {#text} at (0,0) size 276x18
        text run at (0,0) width 276: "This line should have a yellow background."
