layer at (0,0) size 800x600
  RenderView at (0,0) size 800x600
layer at (0,0) size 800x0
  RenderBlock {HTML} at (0,0) size 800x0
    RenderBody {BODY} at (0,0) size 800x0
layer at (0,300) size 511x18
  RenderBlock (positioned) {P} at (0,300) size 511x18
    RenderText {#text} at (0,0) size 511x18
      text run at (0,0) width 511: "The test passes if there is a green square and no red. And it is rotated 45 degree."
layer at (50,50) size 200x200
  RenderBlock (positioned) {DIV} at (50,50) size 200x200 [bgcolor=#008000]
layer at (100,100) size 100x100
  RenderBlock (positioned) {DIV} at (50,50) size 100x100 [bgcolor=#FF0000]
layer at (100,100) size 100x100
  RenderBlock (positioned) zI: 2 {DIV} at (100,100) size 100x100 [bgcolor=#008000]
