layer at (0,0) size 800x600
  RenderView at (0,0) size 800x600
layer at (0,0) size 800x600
  RenderBlock {HTML} at (0,0) size 800x600
    RenderBody {BODY} at (8,8) size 784x584
      RenderBlock {P} at (0,0) size 784x36
        RenderText {#text} at (0,0) size 52x17
          text run at (0,0) width 52: "Test for "
        RenderInline {I} at (0,0) size 741x35
          RenderInline {A} at (0,0) size 302x17 [color=#0000EE]
            RenderText {#text} at (51,0) size 302x17
              text run at (51,0) width 302: "http://bugs.webkit.org/show_bug.cgi?id=12726"
          RenderText {#text} at (352,0) size 741x35
            text run at (352,0) width 5: " "
            text run at (356,0) width 385: "REGRESSION (r12073): Text wraps in the middle of a word"
            text run at (0,18) width 308: "instead of wrapping at the space before the word"
        RenderText {#text} at (307,18) size 5x17
          text run at (307,18) width 5: "."
      RenderBlock {P} at (0,52) size 784x18
        RenderText {#text} at (0,0) size 382x17
          text run at (0,0) width 382: "\x{201C}onelongwrodwithnobreaks\x{201D} should not break in the middle."
      RenderBlock {DIV} at (0,86) size 200x24 [bgcolor=#FFFF00]
        RenderText {#text} at (0,0) size 127x24
          text run at (0,0) width 110: "lllllllllllllllllllllllllllllllllllllllllllllllllllllll"
          text run at (0,12) width 127: "onelongwrodwithnobreaks"
