layer at (0,0) size 800x600
  RenderView at (0,0) size 800x600
layer at (0,0) size 800x600
  RenderBlock {HTML} at (0,0) size 800x600
    RenderBody {BODY} at (8,8) size 784x576
      RenderBlock {P} at (0,0) size 784x36
        RenderText {#text} at (0,0) size 52x17
          text run at (0,0) width 52: "Test for "
        RenderInline {I} at (0,0) size 768x35
          RenderInline {A} at (0,0) size 301x17 [color=#0000EE]
            RenderText {#text} at (51,0) size 301x17
              text run at (51,0) width 301: "http://bugs.webkit.org/show_bug.cgi?id=11671"
          RenderText {#text} at (351,0) size 768x35
            text run at (351,0) width 5: " "
            text run at (355,0) width 413: "REGRESSION (r13702): text-transform: capitalize changes non-"
            text run at (0,18) width 164: "breaking spaces to spaces"
        RenderText {#text} at (163,18) size 5x17
          text run at (163,18) width 5: "."
      RenderBlock {P} at (0,52) size 784x18
        RenderText {#text} at (0,0) size 284x17
          text run at (0,0) width 284: "The next three lines should all look the same."
      RenderBlock {P} at (0,86) size 784x18
        RenderText {#text} at (0,0) size 101x17
          text run at (0,0) width 101: "Lorem     Ipsum"
      RenderBlock {P} at (0,120) size 784x18
        RenderText {#text} at (0,0) size 62x17
          text run at (0,0) width 62: "Lorem     "
        RenderInline {SPAN} at (0,0) size 39x17
          RenderText {#text} at (62,0) size 39x17
            text run at (62,0) width 39: "Ipsum"
      RenderBlock {P} at (0,154) size 784x18
        RenderText {#text} at (0,0) size 101x17
          text run at (0,0) width 101: "Lorem     Ipsum"
