layer at (0,0) size 800x600
  RenderView at (0,0) size 800x600
layer at (0,0) size 800x600
  RenderBlock {HTML} at (0,0) size 800x600
    RenderBody {BODY} at (8,8) size 744x584
      RenderBlock {P} at (0,0) size 109x584
        RenderInline {SPAN} at (0,0) size 53x219
          RenderText {#text} at (56,0) size 53x98
            text run at (56,0) width 98: "\x{6587}\x{5B57}"
          RenderInline {SPAN} at (0,0) size 53x72
            RenderCombineText {#text} at (56,98) size 53x72
              text run at (56,98) width 72: "900"
          RenderText {#text} at (56,170) size 53x49
            text run at (56,170) width 49: "\x{5E74}"
        RenderText {#text} at (0,0) size 0x0
      RenderBlock {P} at (157,0) size 79x584
        RenderInline {SPAN} at (0,0) size 53x219
          RenderText {#text} at (26,0) size 53x98
            text run at (26,0) width 98: "\x{6587}\x{5B57}"
          RenderInline {SPAN} at (0,0) size 53x72
            RenderCombineText {#text} at (26,98) size 53x72
              text run at (26,98) width 72: "900"
          RenderText {#text} at (26,170) size 53x49
            text run at (26,170) width 49: "\x{5E74}"
        RenderText {#text} at (0,0) size 0x0
      RenderBlock {P} at (284,0) size 102x584
        RenderInline {SPAN} at (0,0) size 53x219
          RenderText {#text} at (49,0) size 53x98
            text run at (49,0) width 98: "\x{6587}\x{5B57}"
          RenderInline {SPAN} at (0,0) size 53x72
            RenderCombineText {#text} at (49,98) size 53x72
              text run at (49,98) width 72: "900"
          RenderText {#text} at (49,170) size 53x49
            text run at (49,170) width 49: "\x{5E74}"
        RenderText {#text} at (0,0) size 0x0
