layer at (0,0) size 800x600
  RenderView at (0,0) size 800x600
layer at (0,0) size 800x600
  RenderBlock {HTML} at (0,0) size 800x600
    RenderBody {BODY} at (8,8) size 784x584
      RenderBlock {DIV} at (0,0) size 226x339 [border: (3px solid #000000)]
        RenderText {#text} at (3,5) size 220x329
          text run at (3,5) width 220: "decli" + hyphen string "-"
          text run at (3,116) width 123: "na" + hyphen string "-"
          text run at (3,227) width 150: "tion"
