layer at (0,0) size 785x772
  RenderView at (0,0) size 785x600
layer at (0,0) size 785x772
  RenderBlock {HTML} at (0,0) size 785x772
    RenderBody {BODY} at (8,8) size 769x756
      RenderBlock {DIV} at (0,0) size 130x378
        RenderBlock {DIV} at (0,0) size 130x84
          RenderText {#text} at (0,1) size 124x82
            text run at (0,1) width 124: "through" + hyphen string "-"
            text run at (0,43) width 46: "out"
        RenderBlock {DIV} at (0,84) size 130x84
          RenderText {#text} at (0,1) size 124x82
            text run at (0,1) width 124: "through" + hyphen string "-"
            text run at (0,43) width 46: "out"
        RenderBlock {DIV} at (0,168) size 130x84
          RenderText {#text} at (0,1) size 124x82
            text run at (0,1) width 124: "through" + hyphen string "-"
            text run at (0,43) width 46: "out"
        RenderBlock {DIV} at (0,252) size 130x84
          RenderText {#text} at (0,1) size 124x82
            text run at (0,1) width 124: "through" + hyphen string "-"
            text run at (0,43) width 46: "out"
        RenderBlock {DIV} at (0,336) size 130x42
          RenderText {#text} at (0,1) size 158x40
            text run at (0,1) width 158: "throughout"
      RenderBlock {DIV} at (0,378) size 135x378
        RenderBlock {DIV} at (0,0) size 135x84
          RenderText {#text} at (0,1) size 130x82
            text run at (0,1) width 130: "reciproc" + hyphen string "-"
            text run at (0,43) width 38: "ity"
        RenderBlock {DIV} at (0,84) size 135x84
          RenderText {#text} at (0,1) size 130x82
            text run at (0,1) width 130: "reciproc" + hyphen string "-"
            text run at (0,43) width 38: "ity"
        RenderBlock {DIV} at (0,168) size 135x84
          RenderText {#text} at (0,1) size 130x82
            text run at (0,1) width 130: "reciproc" + hyphen string "-"
            text run at (0,43) width 38: "ity"
        RenderBlock {DIV} at (0,252) size 135x84
          RenderText {#text} at (0,1) size 114x82
            text run at (0,1) width 114: "recipro" + hyphen string "-"
            text run at (0,43) width 54: "city"
        RenderBlock {DIV} at (0,336) size 135x42
          RenderText {#text} at (0,1) size 156x40
            text run at (0,1) width 156: "reciprocity"
