layer at (0,0) size 800x600
  RenderView at (0,0) size 800x600
layer at (0,0) size 800x600
  RenderBlock {HTML} at (0,0) size 800x600
    RenderBody {BODY} at (8,8) size 784x584
      RenderBlock {P} at (0,0) size 784x38
        RenderText {#text} at (0,1) size 65x17
          text run at (0,1) width 65: "Test for "
        RenderInline {I} at (0,0) size 777x36
          RenderInline {A} at (0,0) size 427x17 [color=#0000EE]
            RenderText {#text} at (64,1) size 427x17
              text run at (64,1) width 427: "http://bugzilla.opendarwin.org/show_bug.cgi?id=7433"
          RenderText {#text} at (490,1) size 777x36
            text run at (490,1) width 287: " REGRESSION (r12789): Second RTL"
            text run at (0,20) width 293: "text run on a line cannot be selected"
        RenderText {#text} at (293,20) size 5x17
          text run at (293,20) width 5: "."
      RenderBlock {P} at (0,54) size 784x38
        RenderText {#text} at (0,1) size 766x36
          text run at (0,1) width 766: "The rightmost two words in the Hebrew text should be selectable by dragging or double-clicking"
          text run at (0,20) width 47: "them."
      RenderBlock {HR} at (0,108) size 784x2 [border: (1px inset #000000)]
      RenderBlock (anonymous) at (0,118) size 784x19
        RenderInline {SPAN} at (0,0) size 144x17
          RenderText {#text} at (0,1) size 144x17
            text run at (0,1) width 61 RTL: "\x{5E9}\x{5EA}\x{5D4} \x{5DE}\x{5D9}\x{5E5}"
            text run at (61,1) width 83 RTL: "\x{5D0}\x{5DB}\x{5DC}\x{5EA} \x{5E4}\x{5DC}\x{5E4}\x{5DC} "
        RenderText {#text} at (0,0) size 0x0
caret: position 3 of child 0 {#text} of child 7 {SPAN} of body
