layer at (0,0) size 800x600
  RenderView at (0,0) size 800x600
layer at (0,0) size 800x600
  RenderBlock {HTML} at (0,0) size 800x600
    RenderBody {BODY} at (8,8) size 784x576
      RenderBlock {P} at (0,0) size 784x17
        RenderText {#text} at (0,0) size 691x17
          text run at (0,0) width 691: "This file includes Khmer and Lao text, and makes sure that the render tree metrics match what they should be."
      RenderBlock (anonymous) at (0,33) size 784x17
        RenderText {#text} at (0,0) size 48x17
          text run at (0,0) width 48: "Khmer:"
      RenderBlock {P} at (0,66) size 784x85
        RenderText {#text} at (0,0) size 780x85
          text run at (0,0) width 756: "\x{179A}\x{17C3}\x{17A1}\x{1784}\x{17CB} \x{179A}\x{1794}\x{179F}\x{17CB}\x{1781}\x{17D2}\x{1798}\x{17C2}\x{179A} \x{179B}\x{1791}\x{17D2}\x{1792}\x{1795}\x{179B}\x{200B}\x{1794}\x{17D2}\x{179A}\x{17A0}\x{17C2}\x{179B} \x{1794}\x{1780}\x{1794}\x{17D2}\x{179A}\x{17C2}\x{200B}\x{1791}\x{17C6}\x{1796}\x{17D0}\x{179A}\x{200B}\x{1793}\x{17C1}\x{17C7} \x{179F}\x{17D2}\x{179C}\x{17C2}\x{1784}\x{179A}\x{1780} \x{179A}\x{17BC}\x{1794}\x{1797}\x{17B6}\x{1796} \x{1795}\x{17C2}\x{1793}\x{1791}\x{17B8} \x{1794}\x{1780}\x{200B}\x{1794}\x{17D2}\x{179A}\x{17C2} \x{179A}\x{17BC}\x{1794}\x{1797}\x{17B6}\x{1796}\x{200B}\x{179F}\x{1798}\x{17D2}\x{179A}\x{17B6}\x{1794}\x{17CB} \x{1785}\x{17D2}\x{179A}\x{17BE}\x{1793}\x{200B}\x{1791}\x{17C0}\x{178F}\x{200B}\x{178A}\x{17C4}\x{1799}"
          text run at (0,17) width 744: "\x{1787}\x{17C6}\x{1793}\x{17BD}\x{1799} \x{1795}\x{17D2}\x{1789}\x{17BE}\x{200B}\x{1798}\x{178F}\x{17B7}\x{200B}\x{1794}\x{17D2}\x{179A}\x{178F}\x{17B7}\x{1780}\x{1798}\x{17D2}\x{1798} \x{17AF}\x{1780}\x{1787}\x{1793}\x{1797}\x{17B6}\x{1796} & \x{1782}\x{17C4}\x{179B}\x{1780}\x{17B6}\x{179A}\x{178E}\x{17CD} \x{1796}\x{179B}\x{200B}\x{179B}\x{17B6}\x{179C} \x{1787}\x{17B6}\x{200B}\x{1781}\x{17C1}\x{178F}\x{17D2}\x{178F}\x{200B}\x{1798}\x{17BD}\x{1799}\x{200B}\x{1793}\x{17C3}\x{200B}\x{178A}\x{17C2}\x{1793}\x{178A}\x{17B8}\x{200B}\x{1780}\x{1798}\x{17D2}\x{1796}\x{17BB}\x{1787}\x{17B6}\x{200B}\x{1780}\x{17D2}\x{179A}\x{17C4}\x{1798} \x{178B}\x{17B7}\x{178F}\x{200B}\x{1793}\x{17C5}\x{200B}\x{178F}\x{17C6}\x{1794}\x{1793}\x{17CB} \x{178A}\x{17C2}\x{1793}\x{178A}\x{17B8}\x{200B}\x{179F}\x{178E}\x{17D2}\x{178F}\x{200B}"
          text run at (0,34) width 780: "\x{1791}\x{1793}\x{17D2}\x{179B}\x{17C1}\x{1798}\x{17C1}\x{1782}\x{1784}\x{17D2}\x{1782} \x{17D4} \x{1781}\x{17C1}\x{178F}\x{17D2}\x{178F}\x{200B}\x{1796}\x{179B}\x{200B}\x{179B}\x{17B6}\x{179C}\x{179F}\x{1798}\x{17D2}\x{1794}\x{17BC}\x{179A} \x{178A}\x{17C4}\x{1799} \x{1797}\x{17C4}\x{1782}\x{1795}\x{179B}\x{200B}\x{1780}\x{179F}\x{17B7}\x{1780}\x{1798}\x{17D2}\x{1798} \x{1798}\x{17B6}\x{1793}\x{200B}\x{1785}\x{17C6}\x{1780}\x{17B6}\x{179A} \x{178A}\x{17C6}\x{178E}\x{17B6}\x{17C6}\x{200B}\x{179F}\x{17D2}\x{179A}\x{17C2}\x{200B}\x{179F}\x{17D2}\x{179A}\x{17BC}\x{179C} \x{179F}\x{17D2}\x{179A}\x{17C2}\x{17A2}\x{17C6}\x{1794}\x{17B7}\x{179B} \x{1787}\x{179B}\x{1795}\x{179B}\x{200B}\x{1791}\x{17B9}\x{1780}\x{179F}\x{17B6}\x{1794}\x{200B}\x{1791}\x{17B9}\x{1780} \x{1794}\x{17D2}\x{179A}\x{17C3} \x{1793}\x{17B7}\x{1784}\x{200B}"
          text run at (0,51) width 766: "\x{179A}\x{1785}\x{1793}\x{17B6}\x{179F}\x{1798}\x{17D2}\x{1796}\x{17D0}\x{1793}\x{17D2}\x{1792}\x{1792}\x{17B6}\x{179A}\x{17B6}\x{179F}\x{17B6}\x{179F}\x{17D2}\x{178F}\x{17D2}\x{179A} \x{1792}\x{1798}\x{17D2}\x{1798}\x{1787}\x{17B6}\x{178F}\x{17B7}\x{200B}\x{1781}\x{17D2}\x{179C}\x{17B6}\x{178F}\x{17CB}\x{1781}\x{17D2}\x{179C}\x{17C2}\x{1784}\x{17D4}\x{200B} \x{1796}\x{179B}\x{200B}\x{179B}\x{17B6}\x{179C} \x{179F}\x{17D2}\x{1790}\x{17B7}\x{178F}\x{1793}\x{17C5}\x{200B}\x{1794}\x{17C2}\x{1780}\x{200B}\x{1781}\x{17B6}\x{1784}\x{179B}\x{17B7}\x{1785}\x{200B}\x{1793}\x{17C3}\x{200B}\x{178A}\x{17C2}\x{1793}\x{178A}\x{17B8}\x{200B}\x{1780}\x{1798}\x{17D2}\x{1796}\x{17BB}\x{1787}\x{17B6}\x{200B}\x{1780}\x{17D2}\x{179A}\x{17C4}\x{1798} \x{1798}\x{1787}\x{17D2}\x{1788}\x{1798}\x{178E}\x{17D2}\x{178C}\x{179B}\x{200B}\x{1793}\x{17C3}\x{200B}"
          text run at (0,68) width 756: "\x{1781}\x{17C1}\x{178F}\x{17D2}\x{178F}\x{200B}\x{1793}\x{17C1}\x{17C7}\x{200B}\x{1782}\x{17BA} \x{1791}\x{17B8}\x{200B}\x{179A}\x{17BD}\x{1798}\x{200B}\x{1781}\x{17C1}\x{178F}\x{17D2}\x{178F}\x{200B}\x{1796}\x{179B}\x{200B}\x{179B}\x{17B6}\x{179C}\x{17D4} \x{1796}\x{17B8}\x{200B}\x{1791}\x{17B8}\x{200B}\x{179A}\x{17BD}\x{1798}\x{200B}\x{1781}\x{17C1}\x{178F}\x{17D2}\x{178F}\x{200B}\x{1796}\x{179B}\x{200B}\x{179B}\x{17B6}\x{179C}\x{200B}\x{1791}\x{17C5}\x{200B}\x{1791}\x{17B8}\x{1780}\x{17D2}\x{179A}\x{17BB}\x{1784}\x{200B}\x{1796}\x{17D2}\x{179A}\x{17C3}\x{1793}\x{1782}\x{179A}\x{1798}\x{17B6}\x{1793}\x{200B}\x{1785}\x{1798}\x{17D2}\x{1784}\x{17B6}\x{1799} \x{17E2}\x{17E8}\x{17E0} \x{1782}\x{200B}.\x{200B}\x{1798}\x{200B}. \x{178F}\x{17B6}\x{1798}\x{1795}\x{17D2}\x{179B}\x{17BC}\x{179C}\x{200B}\x{1787}\x{17B6}\x{178F}\x{17B7} \x{179B}\x{17C1}\x{1781} \x{17E1}"
      RenderBlock (anonymous) at (0,167) size 784x34
        RenderBR {BR} at (0,0) size 0x17
        RenderText {#text} at (0,17) size 29x17
          text run at (0,17) width 29: "Lao:"
      RenderBlock {P} at (0,217) size 784x187
        RenderText {#text} at (0,0) size 782x187
          text run at (0,0) width 756: "\x{E84}\x{EBB}\x{EC9}\x{E99}\x{EAB}\x{EB2} \x{EAE}\x{EB9}\x{E9A}\x{E9E}\x{EB2}\x{E9A} \x{EC1}\x{E9C}\x{E99}\x{E97}\x{EB5}\x{EC8} \x{EC1}\x{E9B}\x{E9E}\x{EB2}\x{EAA}\x{EB2} \x{EA1}\x{EB7}\x{E96}\x{EB7} \x{E9A}\x{EA5}\x{EB1}\x{EAD}\x{E81}\x{EC0}\x{E81}\x{EB5} \x{EC0}\x{E9E}\x{EB5}\x{EC8}\x{EA1}\x{EC0}\x{E95}\x{EB5}\x{EA1}\x{E88}\x{EB2}\x{E81} \x{EC1}\x{E9B}\x{EDC}\x{EC9}\x{EB2}\x{E99}\x{EB5}\x{EC9} \x{EAE}\x{EB9}\x{E9A}\x{E9E}\x{EB2}\x{E9A}\x{EAA}\x{EB3}\x{EA5}\x{EB1}\x{E9A} \x{EC1}\x{E9B}\x{EDC}\x{EC9}\x{EB2}\x{E99}\x{EB5}\x{EC9} \x{EAB}\x{EBC}\x{EB1}\x{E87}\x{E88}\x{EB2}\x{E81}\x{E97}\x{EB5}\x{EC8}\x{EC0}\x{E9B}\x{EB5}\x{E94}\x{EC0}\x{EA7}\x{EB1}\x{E9A}\x{EC4}\x{E8A} \x{E9A}"
          text run at (0,17) width 757: "\x{EAA}\x{EB2}\x{EA1}\x{E9B}\x{EB5} \x{E95}\x{EB1}\x{EC9}\x{E87}\x{EC1}\x{E95}\x{EC8}\x{E9B}\x{EB5} \x{E88}\x{EBB}\x{E99}\x{E95}\x{EAD}\x{E99}\x{E99}\x{EB5}\x{EC9}\x{E9B}\x{EB5} \x{EC1}\x{EA5}\x{EC9}\x{EA7} \x{E81}\x{ECD}\x{EA1}\x{EB5}\x{EAB}\x{EBC}\x{EB2}\x{E8D}\x{EAA}\x{EB4}\x{EC8}\x{E87}\x{EAB}\x{EBC}\x{EB2}\x{E8D}\x{EA2}\x{EC8}\x{EB2}\x{E87}\x{EC0}\x{E81}\x{EB5}\x{E94}\x{E82}\x{EB6}\x{EC9}\x{E99} \x{EAB}\x{EBC}\x{EB2}\x{E8D}\x{E84}\x{EBB}\x{E99}\x{E81}\x{ECD}\x{EC4}\x{E94}\x{EC9}\x{EAE}\x{EBD}\x{E99}\x{EAE}\x{EB9}\x{EC9}\x{EA7}\x{EB4}\x{E97}\x{EB5}\x{E81}\x{EB2}\x{E99}\x{EC3}\x{E8A}\x{EC9} \x{EAB}\x{EBC}\x{EB2}\x{E8D}\x{E84}\x{EBB}\x{E99}\x{E81}\x{ECD}\x{E87}\x{EBB}\x{E87}\x{E81}\x{EB1}\x{E9A}\x{E81}\x{EB2}\x{E99}\x{EC3}\x{E8A}\x{EC9}"
          text run at (0,34) width 754: "\x{EC0}\x{E82}\x{EBB}\x{EC9}\x{EB2}\x{EC4}\x{E9B}\x{EAD}\x{EB5}\x{E81} (\x{EAD}\x{EC9}\x{EB2}\x{EA7}!) \x{EC1}\x{E95}\x{EC8}\x{EA2}\x{EC8}\x{EB2}\x{E87}\x{EC3}\x{E94}\x{E81}\x{ECD}\x{E95}\x{EB2}\x{EA1} \x{E82}\x{EC9}\x{EB2}\x{E9E}\x{EB0}\x{EC0}\x{E88}\x{EBB}\x{EC9}\x{EB2} \x{EC3}\x{E99}\x{E99}\x{EB2}\x{EA1}\x{E82}\x{EAD}\x{E87}\x{E9C}\x{EB9}\x{EC8}\x{EAA}\x{EC9}\x{EB2}\x{E87}\x{EC0}\x{EA7}\x{EB1}\x{E9A}\x{EC4}\x{E8A}\x{E99}\x{EB5}\x{EC9} \x{E81}\x{ECD}\x{E95}\x{EC9}\x{EAD}\x{E87}\x{E82}\x{ECD}\x{E82}\x{EAD}\x{E9A}\x{EC3}\x{E88}\x{E97}\x{EB8}\x{E81}\x{EC6} \x{E97}\x{EC8}\x{EB2}\x{E99}\x{E97}\x{EB5}\x{EC8}\x{EA1}\x{EB5}\x{EAA}\x{EC8}\x{EA7}\x{E99}\x{EAE}\x{EC8}\x{EA7}\x{EA1} \x{E97}\x{EB1}\x{E87}"
          text run at (0,51) width 726: "\x{E81}\x{EB2}\x{E99}\x{E96}\x{EB2}\x{EA1} \x{EC1}\x{EA5}\x{EB0}\x{E95}\x{EAD}\x{E9A}\x{E97}\x{EB5}\x{EC8}\x{EC0}\x{E81}\x{EB5}\x{E94}\x{E82}\x{EB6}\x{EC9}\x{E99}\x{EC3}\x{E99}\x{E9A}\x{EBB}\x{E94}\x{E84}\x{EA7}\x{EB2}\x{EA1} \x{EC1}\x{EA5}\x{EB0}\x{E81}\x{EB0}\x{E97}\x{EB9}\x{EC9}\x{E95}\x{EC8}\x{EB2}\x{E87}\x{EC6} \x{EC3}\x{E99}\x{EC0}\x{EA7}\x{EB1}\x{E9A}\x{E9A}\x{EAD}\x{E94} \x{EC0}\x{E8A}\x{EB4}\x{EC8}\x{E87}\x{E81}\x{ECD}\x{E96}\x{EB7}\x{EA7}\x{EC8}\x{EB2}\x{EC0}\x{E9B}\x{EB1}\x{E99}\x{E81}\x{EB2}\x{E99}\x{EC1}\x{EA5}\x{E81}\x{E9B}\x{EC8}\x{EBD}\x{E99}\x{E84}\x{EA7}\x{EB2}\x{EA1}\x{EAE}\x{EB9}\x{EC9}\x{E81}\x{EB1}\x{E99}. "
          text run at (726,51) width 40: "\x{EAA}\x{EB3}\x{EA5}\x{EB1}\x{E9A}"
          text run at (0,68) width 782: "\x{EC3}\x{E99}\x{E9B}\x{EB5} 2011 \x{E99}\x{EB5}\x{EC9} \x{E82}\x{EC9}\x{EB2}\x{E9E}\x{EB0}\x{EC0}\x{E88}\x{EBB}\x{EC9}\x{EB2}\x{EA1}\x{EB5}\x{E84}\x{EA7}\x{EB2}\x{EA1}\x{E84}\x{EB2}\x{E94}\x{EAB}\x{EA7}\x{EB1}\x{E87}\x{EC0}\x{E9B}\x{EB1}\x{E99}\x{EA2}\x{EC8}\x{EB2}\x{E87}\x{EAA}\x{EB9}\x{E87}\x{EA7}\x{EC8}\x{EB2} \x{E88}\x{EB0}\x{E9B}\x{EB1}\x{E9A}\x{E9B}\x{EB8}\x{E87}\x{EC0}\x{EA7}\x{EB1}\x{E9A}\x{EC4}\x{E8A}\x{EC1}\x{EAB}\x{EC8}\x{E87}\x{E99}\x{EB5}\x{EC9} \x{EC3}\x{EAB}\x{EC9}\x{E94}\x{EB5}\x{E8D}\x{EB4}\x{EC8}\x{E87}\x{EC6} \x{E82}\x{EB6}\x{EC9}\x{E99}\x{EC4}\x{E9B}\x{EAD}\x{EB5}\x{E81} \x{EC2}\x{E94}\x{E8D}\x{EAA}\x{EB0}\x{EC0}\x{E9E}\x{EB2}\x{EB0}\x{EC1}\x{EA1}\x{EC8}\x{E99}\x{EC3}\x{E99}"
          text run at (0,85) width 765: "\x{E94}\x{EC9}\x{EB2}\x{E99} Localization \x{EAB}\x{EBC}\x{EB7}\x{E81}\x{EB2}\x{E99}\x{EC1}\x{E9B}\x{E9E}\x{EB2}\x{EAA}\x{EB2}\x{EA5}\x{EB2}\x{EA7}\x{E82}\x{EAD}\x{E87} \x{E99}\x{EB1}\x{EC9}\x{E99}\x{EC0}\x{EAD}\x{E87}. \x{EC0}\x{E96}\x{EB4}\x{E87}\x{EC1}\x{EA1}\x{EC8}\x{E99}\x{EA7}\x{EC8}\x{EB2}\x{E88}\x{EB0}\x{EA1}\x{EB5}\x{EC4}\x{E9F}\x{EA5}\x{ECC}\x{E9E}\x{EB2}\x{EAA}\x{EB2}\x{EA5}\x{EB2}\x{EA7}\x{EC0}\x{E81}\x{EBB}\x{EC8}\x{EB2}\x{EA2}\x{EB9}\x{EC8}\x{EC1}\x{EA5}\x{EC9}\x{EA7} \x{EC1}\x{E95}\x{EC8}\x{E81}\x{ECD}\x{E8D}\x{EB1}\x{E87}\x{E9A}\x{ECD}\x{EC8}\x{EAA}\x{EBB}\x{EA1}\x{E9A}\x{EB9}\x{E99} \x{EC1}\x{EA5}\x{EB0}\x{EA1}\x{EB5}"
          text run at (0,102) width 764: "\x{E84}\x{EA7}\x{EB2}\x{EA1}\x{E9C}\x{EB4}\x{E94}\x{E9E}\x{EB2}\x{E94}\x{EAB}\x{EBC}\x{EB2}\x{E8D}\x{E9B}\x{EB0}\x{E81}\x{EB2}\x{E99} \x{E9A}\x{ECD}\x{EC8}\x{EA7}\x{EC8}\x{EB2}\x{E88}\x{EB0}\x{EC0}\x{E9B}\x{EB1}\x{E99}\x{E9E}\x{EB4}\x{EA1}\x{E9C}\x{EB4}\x{E94} \x{EAB}\x{EBC}\x{EB7}\x{EC1}\x{E9B}\x{E9A}\x{ECD}\x{EC8}\x{E96}\x{EB7}\x{E81} \x{EC0}\x{E9B}\x{EB1}\x{E99}\x{E95}\x{EBB}\x{EC9}\x{E99}. \x{E94}\x{EB1}\x{EC8}\x{E87}\x{E99}\x{EB1}\x{EC9}\x{E99} \x{E81}\x{EB2}\x{E99}\x{EC1}\x{E9B}\x{E84}\x{EB7}\x{E99}\x{E9E}\x{EB2}\x{EAA}\x{EB2}\x{EA5}\x{EB2}\x{EA7}\x{EAA}\x{EB3}\x{EA5}\x{EB1}\x{E9A} \x{E81}\x{ECD}\x{EC0}\x{E9B}\x{EB1}\x{E99}\x{EC0}\x{E9B}\x{EBB}\x{EC9}\x{EB2}\x{EDD}\x{EB2}\x{E8D}"
          text run at (0,119) width 708: "\x{EAD}\x{EB1}\x{E99}\x{E99}\x{EB6}\x{EC8}\x{E87} \x{EC0}\x{E8A}\x{EB1}\x{EC8}\x{E99}\x{E94}\x{EBD}\x{EA7}\x{E81}\x{EB1}\x{E9A}\x{E81}\x{EB2}\x{E99}\x{EC1}\x{E9B} Component \x{EC2}\x{E95}\x{EAD}\x{EB7}\x{EC8}\x{E99}\x{EC6} \x{E97}\x{EB5}\x{EC8}\x{E99}\x{EB4}\x{E8D}\x{EBB}\x{EA1}\x{EC3}\x{E8A}\x{EC9}\x{E81}\x{EB1}\x{E99} \x{EA2}\x{EC8}\x{EB2}\x{E87}\x{EC0}\x{E8A}\x{EB1}\x{EC8}\x{E99} Kunena \x{EC0}\x{E8A}\x{EB4}\x{EC8}\x{E87}\x{EC0}\x{E9B}\x{EB1}\x{E99}\x{EA5}\x{EB0}\x{E9A}\x{EBB}\x{E9A}\x{EC0}\x{EA7}\x{EB1}\x{E9A}\x{E9A}\x{EAD}\x{E94}\x{EAA}\x{EB3}\x{EA5}\x{EB1}\x{E9A} "
          text run at (708,119) width 62: "\x{E99}\x{EAD}\x{E81}\x{E88}\x{EB2}\x{E81}"
          text run at (0,136) width 776: "\x{E99}\x{EB1}\x{EC9}\x{E99} \x{EC3}\x{E99}\x{E94}\x{EC9}\x{EB2}\x{E99}\x{E81}\x{EB2}\x{E99}\x{EAA}\x{EAD}\x{E99} \x{E82}\x{EC9}\x{EB2}\x{E9E}\x{EB0}\x{EC0}\x{E88}\x{EBB}\x{EC9}\x{EB2}\x{E81}\x{ECD}\x{EAB}\x{EA7}\x{EB1}\x{E87}\x{EC0}\x{E9B}\x{EB1}\x{E99}\x{EA2}\x{EC8}\x{EB2}\x{E87}\x{E8D}\x{EB4}\x{EC8}\x{E87}\x{EA7}\x{EC8}\x{EB2} \x{E88}\x{EB0}\x{EAA}\x{EB2}\x{EA1}\x{EB2}\x{E94}\x{EC0}\x{E9B}\x{EB5}\x{E94}\x{E84}\x{EAD}\x{EAA}\x{EAA}\x{EAD}\x{E99} \x{EC3}\x{E99}\x{EA7}\x{EBD}\x{E87}\x{E88}\x{EB1}\x{E99}\x{EC4}\x{E94}\x{EC9}\x{EC0}\x{E9B}\x{EB1}\x{E99}\x{EAE}\x{EB9}\x{E9A}\x{EC0}\x{E9B}\x{EB1}\x{E99}\x{EAE}\x{EC8}\x{EB2}\x{E87} \x{EC0}\x{E8A}\x{EB4}\x{EC8}\x{E87}\x{EAA}\x{EB3}\x{EA5}\x{EB1}\x{E9A}"
          text run at (0,153) width 780: "\x{E95}\x{EAD}\x{E99}\x{E99}\x{EB5}\x{EC9}\x{E81}\x{ECD}\x{EC1}\x{EA1}\x{EC8}\x{E99}\x{EA1}\x{EB5}\x{E84}\x{EA7}\x{EB2}\x{EA1}\x{E82}\x{EB2}\x{E94}\x{EC0}\x{E82}\x{EB5}\x{E99}\x{EC3}\x{E99}\x{E94}\x{EC9}\x{EB2}\x{E99}\x{EC0}\x{E87}\x{EB7}\x{EC8}\x{EAD}\x{E99}\x{EC4}\x{E82}\x{E95}\x{EC8}\x{EB2}\x{E87}\x{EC6} \x{EC2}\x{E94}\x{E8D}\x{EAA}\x{EB0}\x{EC0}\x{E9E}\x{EB2}\x{EB0}\x{E81}\x{ECD}\x{EC1}\x{EA1}\x{EC8}\x{E99}\x{EAA}\x{EB0}\x{E96}\x{EB2}\x{E99}\x{E97}\x{EB5}\x{EC8}. \x{EC0}\x{E96}\x{EB4}\x{E87}\x{EA2}\x{EC8}\x{EB2}\x{E87}\x{EC3}\x{E94}\x{E81}\x{ECD}\x{E95}\x{EB2}\x{EA1} \x{E82}\x{EC9}\x{EB2}\x{E9E}\x{EB0}\x{EC0}\x{E88}\x{EBB}\x{EC9}\x{EB2}\x{EC0}\x{E8A}\x{EB7}\x{EC8}\x{EAD}\x{EDD}\x{EB1}\x{EC9}\x{E99}"
          text run at (0,170) width 315: "\x{EA7}\x{EC8}\x{EB2} \x{E88}\x{EB0}\x{EA1}\x{EB5}\x{EA1}\x{EB7}\x{EC9}\x{E99}\x{EB6}\x{EC8}\x{E87} \x{E97}\x{EB5}\x{EC8}\x{E84}\x{EA7}\x{EB2}\x{EA1}\x{EAB}\x{EA7}\x{EB1}\x{E87}\x{E99}\x{EB5}\x{EC9}\x{E88}\x{EB0}\x{EC0}\x{E9B}\x{EB1}\x{E99}\x{E88}\x{EB4}\x{E87}\x{E82}\x{EB6}\x{EC9}\x{E99}\x{EA1}\x{EB2}\x{EC4}\x{E94}\x{EC9}. "
          text run at (315,170) width 401: "\x{ED1}\x{ED6} \x{EA1}\x{EB1}\x{E87}\x{E81}\x{EAD}\x{E99} \x{ED2}\x{ED0}\x{ED1}\x{ED1} \x{E97}\x{EB0}\x{E99}\x{EB0}\x{EA7}\x{ECD}\x{EA5}\x{EB0}\x{E81}\x{EB4}\x{E94} \x{E81}\x{EB8}\x{E99}\x{E97}\x{EB0}\x{EA7}\x{EB1}\x{E94}\x{E9E}\x{EB4}\x{E99}\x{EC2}\x{E8D} \x{EC0}\x{EA7}\x{EB1}\x{E9A}\x{EA1}\x{EB2}\x{EAA}\x{EC0}\x{E95}\x{EB5}"
