layer at (0,0) size 800x600
  RenderView at (0,0) size 800x600
layer at (0,0) size 800x600
  RenderBlock {HTML} at (0,0) size 800x600
    RenderBody {BODY} at (8,8) size 784x576
      RenderBlock {P} at (0,0) size 784x38
        RenderText {#text} at (0,1) size 65x17
          text run at (0,1) width 65: "Test for "
        RenderInline {I} at (0,0) size 772x36
          RenderInline {A} at (0,0) size 373x17 [color=#0000EE]
            RenderText {#text} at (64,1) size 373x17
              text run at (64,1) width 373: "http://bugs.webkit.org/show_bug.cgi?id=13156"
          RenderText {#text} at (436,1) size 772x36
            text run at (436,1) width 6: " "
            text run at (441,1) width 331: "REGRESSION (r19621): Pasting breakable"
            text run at (0,20) width 736: "content where wrapped line is too long to fit in a textarea fails to draw a horizontal scrollbar"
        RenderText {#text} at (736,20) size 5x17
          text run at (736,20) width 5: "."
      RenderBlock {P} at (0,54) size 784x57
        RenderText {#text} at (0,1) size 770x55
          text run at (0,1) width 761: "This tests that a line break will occur in the middle of the first word on a line if it\x{2019}s too long to fit"
          text run at (0,20) width 770: "on the line. The behavior is tested after breakable characters (question mark and hyphen), after"
          text run at (0,39) width 260: "a space and after a soft hyphen."
      RenderBlock {P} at (0,127) size 784x19
        RenderText {#text} at (0,1) size 320x17
          text run at (0,1) width 320: "The following blocks should be identical."
      RenderBlock (floating) {DIV} at (4,166) size 300x209 [bgcolor=#FFFFE0]
        RenderText {#text} at (0,1) size 300x207
          text run at (0,1) width 238: "Curabiturpretium,quamquiss?"
          text run at (0,20) width 299: "empermalesuada,estliberofeugiatlibe"
          text run at (0,39) width 252: "ro,velfringillaorcinibhsedneque-"
          text run at (0,58) width 285: "Quisqueeunullanonnisimolestieaccu"
          text run at (0,77) width 291: "msan.Etiamtellusurna,laoreetac,laor"
          text run at (0,96) width 56: "eetnon"
          text run at (0,115) width 294: "suscipitsed,sapien.Phasellusvehicula,"
          text run at (0,134) width 300: "sematposuerevehicula,auguenibhmol"
          text run at (0,153) width 70: "estienisl\x{AD}" + hyphen string "-"
          text run at (0,172) width 298: "necullamcorperlacusantevulputatepe"
          text run at (0,191) width 202: "de.Nasceturridiculusmus."
      RenderBlock (floating) {DIV} at (312,166) size 300x247 [bgcolor=#FFFFE0]
        RenderText {#text} at (0,1) size 238x17
          text run at (0,1) width 238: "Curabiturpretium,quamquiss?"
        RenderBR {BR} at (237,1) size 1x17
        RenderText {#text} at (0,20) size 299x36
          text run at (0,20) width 299: "empermalesuada,estliberofeugiatlibe"
          text run at (0,39) width 86: "ro,velfringi"
        RenderBR {BR} at (85,39) size 1x17
        RenderText {#text} at (0,58) size 166x17
          text run at (0,58) width 166: "llaorcinibhsedneque-"
        RenderBR {BR} at (165,58) size 1x17
        RenderText {#text} at (0,77) size 285x36
          text run at (0,77) width 285: "Quisqueeunullanonnisimolestieaccu"
          text run at (0,96) width 95: "msan.Etiam"
        RenderBR {BR} at (95,96) size 0x17
        RenderText {#text} at (0,115) size 252x17
          text run at (0,115) width 252: "tellusurna,laoreetac,laoreetnon"
        RenderBR {BR} at (251,115) size 1x17
        RenderText {#text} at (0,134) size 294x36
          text run at (0,134) width 294: "suscipitsed,sapien.Phasellusvehicula,"
          text run at (0,153) width 88: "sematposu"
        RenderBR {BR} at (88,153) size 0x17
        RenderText {#text} at (0,172) size 282x17
          text run at (0,172) width 282: "erevehicula,auguenibhmolestienisl-"
        RenderBR {BR} at (281,172) size 1x17
        RenderText {#text} at (0,191) size 298x36
          text run at (0,191) width 298: "necullamcorperlacusantevulputatepe"
          text run at (0,210) width 90: "de.Nascetu"
        RenderBR {BR} at (90,210) size 0x17
        RenderText {#text} at (0,229) size 112x17
          text run at (0,229) width 112: "rridiculusmus."
