layer at (0,0) size 800x600
  RenderView at (0,0) size 800x600
layer at (0,0) size 800x600
  RenderBlock {HTML} at (0,0) size 800x600
    RenderBody {BODY} at (8,8) size 784x584
      RenderBlock {DIV} at (0,0) size 784x28
        RenderText {#text} at (0,1) size 144x26
          text run at (0,1) width 144: "\x{653B}\x{6BBB}\x{2307}\x{30FC}\x{FF1C}\x{FF1D}4"
      RenderBlock {DIV} at (0,28) size 112x164
        RenderBlock {DIV} at (0,10) size 28x144
          RenderText {#text} at (1,0) size 26x144
            text run at (1,0) width 144: "\x{653B}\x{6BBB}\x{2307}\x{30FC}\x{FF1C}\x{FF1D}4"
        RenderBlock {DIV} at (28,10) size 28x144 [color=#0000FF]
          RenderText {#text} at (1,0) size 26x144
            text run at (1,0) width 144: "\x{653B}\x{6BBB}\x{2307}\x{30FC}\x{FF1C}\x{FF1D}4"
        RenderBlock {DIV} at (56,10) size 28x144 [color=#008080]
          RenderText {#text} at (1,0) size 26x144
            text run at (1,0) width 144: "\x{653B}\x{6BBB}\x{2307}\x{30FC}\x{FF1C}\x{FF1D}4"
        RenderBlock {DIV} at (84,10) size 28x144 [color=#A52A2A]
          RenderText {#text} at (1,0) size 26x144
            text run at (1,0) width 144: "\x{653B}\x{6BBB}\x{2307}\x{30FC}\x{FF1C}\x{FF1D}4"
      RenderBlock {DIV} at (0,192) size 112x164
        RenderBlock {DIV} at (0,10) size 28x144
          RenderText {#text} at (1,0) size 26x144
            text run at (1,0) width 144: "\x{653B}\x{6BBB}\x{2307}\x{30FC}\x{FF1C}\x{FF1D}4"
        RenderBlock {DIV} at (28,10) size 28x144 [color=#0000FF]
          RenderText {#text} at (1,0) size 26x144
            text run at (1,0) width 144: "\x{653B}\x{6BBB}\x{2307}\x{30FC}\x{FF1C}\x{FF1D}4"
        RenderBlock {DIV} at (56,10) size 28x144 [color=#008080]
          RenderText {#text} at (1,0) size 26x144
            text run at (1,0) width 144: "\x{653B}\x{6BBB}\x{2307}\x{30FC}\x{FF1C}\x{FF1D}4"
        RenderBlock {DIV} at (84,10) size 28x144 [color=#A52A2A]
          RenderText {#text} at (1,0) size 26x144
            text run at (1,0) width 144: "\x{653B}\x{6BBB}\x{2307}\x{30FC}\x{FF1C}\x{FF1D}4"
      RenderBlock {DIV} at (0,356) size 112x144
        RenderBlock {DIV} at (0,0) size 28x144
          RenderText {#text} at (1,0) size 26x144
            text run at (1,0) width 144: "\x{653B}\x{6BBB}\x{2307}\x{30FC}\x{FF1C}\x{FF1D}4"
        RenderBlock {DIV} at (28,0) size 28x144 [color=#0000FF]
          RenderText {#text} at (1,0) size 26x144
            text run at (1,0) width 144: "\x{653B}\x{6BBB}\x{2307}\x{30FC}\x{FF1C}\x{FF1D}4"
        RenderBlock {DIV} at (56,0) size 28x144 [color=#008080]
          RenderText {#text} at (1,0) size 26x144
            text run at (1,0) width 144: "\x{653B}\x{6BBB}\x{2307}\x{30FC}\x{FF1C}\x{FF1D}4"
        RenderBlock {DIV} at (84,0) size 28x144 [color=#A52A2A]
          RenderText {#text} at (1,0) size 26x144
            text run at (1,0) width 144: "\x{653B}\x{6BBB}\x{2307}\x{30FC}\x{FF1C}\x{FF1D}4"
