layer at (0,0) size 800x600
  RenderView at (0,0) size 800x600
layer at (0,0) size 800x600
  RenderBlock {HTML} at (0,0) size 800x600
    RenderBody {BODY} at (8,8) size 784x584
layer at (8,8) size 100x108
  RenderBlock {DIV} at (0,0) size 100x108 [color=#00000000]
    RenderText {#text} at (0,0) size 99x108
      text run at (0,0) width 5: "i "
      text run at (5,0) width 9: "x "
      text run at (14,0) width 12: "m "
      text run at (26,0) width 9: "n "
      text run at (35,0) width 9: "o "
      text run at (44,0) width 9: "p "
      text run at (53,0) width 9: "q "
      text run at (62,0) width 7: "r "
      text run at (69,0) width 9: "s "
      text run at (78,0) width 6: "t "
      text run at (84,0) width 9: "u "
      text run at (93,0) width 6: "v"
      text run at (0,12) width 11: "w "
      text run at (11,12) width 9: "x "
      text run at (20,12) width 9: "y "
      text run at (29,12) width 9: "z "
      text run at (38,12) width 5: "i "
      text run at (43,12) width 9: "x "
      text run at (52,12) width 12: "m "
      text run at (64,12) width 9: "n "
      text run at (73,12) width 9: "o "
      text run at (82,12) width 9: "p "
      text run at (91,12) width 6: "q"
      text run at (0,24) width 7: "r "
      text run at (7,24) width 9: "s "
      text run at (16,24) width 6: "t "
      text run at (22,24) width 9: "u "
      text run at (31,24) width 9: "v "
      text run at (40,24) width 11: "w "
      text run at (51,24) width 9: "x "
      text run at (60,24) width 9: "y "
      text run at (69,24) width 9: "z "
      text run at (78,24) width 5: "i "
      text run at (83,24) width 6: "x"
      text run at (0,36) width 12: "m "
      text run at (12,36) width 9: "n "
      text run at (21,36) width 9: "o "
      text run at (30,36) width 9: "p "
      text run at (39,36) width 9: "q "
      text run at (48,36) width 7: "r "
      text run at (55,36) width 9: "s "
      text run at (64,36) width 6: "t "
      text run at (70,36) width 9: "u "
      text run at (79,36) width 9: "v "
      text run at (88,36) width 8: "w"
      text run at (0,48) width 9: "x "
      text run at (9,48) width 9: "y "
      text run at (18,48) width 9: "z "
      text run at (27,48) width 5: "i "
      text run at (32,48) width 9: "x "
      text run at (41,48) width 12: "m "
      text run at (53,48) width 9: "n "
      text run at (62,48) width 9: "o "
      text run at (71,48) width 9: "p "
      text run at (80,48) width 9: "q "
      text run at (89,48) width 4: "r"
      text run at (0,60) width 9: "s "
      text run at (9,60) width 6: "t "
      text run at (15,60) width 9: "u "
      text run at (24,60) width 9: "v "
      text run at (33,60) width 11: "w "
      text run at (44,60) width 9: "x "
      text run at (53,60) width 9: "y "
      text run at (62,60) width 9: "z "
      text run at (71,60) width 5: "i "
      text run at (76,60) width 9: "x "
      text run at (85,60) width 9: "m"
      text run at (0,72) width 9: "n "
      text run at (9,72) width 9: "o "
      text run at (18,72) width 9: "p "
      text run at (27,72) width 9: "q "
      text run at (36,72) width 7: "r "
      text run at (43,72) width 9: "s "
      text run at (52,72) width 6: "t "
      text run at (58,72) width 9: "u "
      text run at (67,72) width 9: "v "
      text run at (76,72) width 11: "w "
      text run at (87,72) width 6: "x"
      text run at (0,84) width 9: "y "
      text run at (9,84) width 9: "z "
      text run at (18,84) width 5: "i "
      text run at (23,84) width 9: "x "
      text run at (32,84) width 12: "m "
      text run at (44,84) width 9: "n "
      text run at (53,84) width 9: "o "
      text run at (62,84) width 9: "p "
      text run at (71,84) width 9: "q "
      text run at (80,84) width 7: "r "
      text run at (87,84) width 9: "s "
      text run at (96,84) width 3: "t"
      text run at (0,96) width 6: "u"
selection start: position 0 of child 0 {#text} of child 0 {DIV} of body
selection end:   position 271 of child 0 {#text} of child 0 {DIV} of body
