layer at (0,0) size 800x600
  RenderView at (0,0) size 800x600
layer at (0,0) size 800x600
  RenderBlock {HTML} at (0,0) size 800x600
    RenderBody {BODY} at (8,8) size 784x584
      RenderBlock {DIV} at (0,0) size 784x275 [color=#00000080]
        RenderBlock {DIV} at (0,0) size 784x55
          RenderText {#text} at (0,1) size 268x53
            text run at (0,1) width 268: "Text shadow"
        RenderBlock {DIV} at (0,55) size 784x55
          RenderText {#text} at (0,1) size 268x53
            text run at (0,1) width 268: "Text shadow"
        RenderBlock {DIV} at (0,110) size 784x55
          RenderText {#text} at (0,1) size 268x53
            text run at (0,1) width 268: "Text shadow"
        RenderBlock {DIV} at (0,165) size 784x55
          RenderText {#text} at (0,1) size 268x53
            text run at (0,1) width 268: "Text shadow"
        RenderBlock {DIV} at (0,220) size 784x55
          RenderText {#text} at (0,1) size 268x53
            text run at (0,1) width 268: "Text shadow"
