layer at (0,0) size 800x600
  RenderView at (0,0) size 800x600
layer at (0,0) size 800x240
  RenderBlock {HTML} at (0,0) size 800x240
    RenderBody {BODY} at (8,8) size 784x224
      RenderBlock {DIV} at (0,0) size 784x224
        RenderBlock {DIV} at (0,0) size 784x112
          RenderText {#text} at (0,0) size 112x112
            text run at (0,0) width 112: "\x{E001} a \x{E001}"
        RenderBlock {DIV} at (0,112) size 784x112
          RenderText {#text} at (0,0) size 0x112
            text run at (0,0) width 0: "\x{E001}"
