layer at (0,0) size 800x600
  RenderView at (0,0) size 800x600
layer at (0,0) size 800x600
  RenderBlock {HTML} at (0,0) size 800x600
    RenderBody {BODY} at (8,8) size 784x584
      RenderBlock (floating) {DIV} at (8,8) size 200x46 [bgcolor=#FFFFE0]
        RenderText {#text} at (0,0) size 198x45
          text run at (0,0) width 198: "Lorem ipsum dolor sit "
          text run at (0,23) width 45: "amet"
      RenderBlock (floating) {DIV} at (224,8) size 200x46 [bgcolor=#FFFFE0]
        RenderText {#text} at (1,0) size 198x45
          text run at (1,0) width 198: "Lorem ipsum dolor sit "
          text run at (77,23) width 46: "amet"
      RenderBlock (floating) {DIV} at (440,8) size 200x46 [bgcolor=#FFFFE0]
        RenderText {#text} at (2,0) size 198x45
          text run at (2,0) width 198: "Lorem ipsum dolor sit "
          text run at (155,23) width 45: "amet"
      RenderBlock (floating) {DIV} at (8,70) size 200x46 [bgcolor=#FFFFE0]
        RenderText {#text} at (0,0) size 200x45
          text run at (0,0) width 200: "Lorem ipsum dolor sit "
          text run at (0,23) width 45: "amet"
      RenderBlock (floating) {DIV} at (224,70) size 200x46 [bgcolor=#FFFFE0]
        RenderText {#text} at (0,0) size 198x45
          text run at (0,0) width 6 RTL: " "
          text run at (6,0) width 192: "Lorem ipsum dolor sit"
          text run at (0,23) width 45: "amet"
      RenderBlock (floating) {DIV} at (440,70) size 200x46 [bgcolor=#FFFFE0]
        RenderText {#text} at (1,0) size 198x45
          text run at (1,0) width 6 RTL: " "
          text run at (7,0) width 192: "Lorem ipsum dolor sit"
          text run at (77,23) width 46: "amet"
      RenderBlock (floating) {DIV} at (8,132) size 200x46 [bgcolor=#FFFFE0]
        RenderText {#text} at (2,0) size 198x45
          text run at (2,0) width 6 RTL: " "
          text run at (8,0) width 192: "Lorem ipsum dolor sit"
          text run at (155,23) width 45: "amet"
      RenderBlock (floating) {DIV} at (224,132) size 200x46 [bgcolor=#FFFFE0]
        RenderText {#text} at (0,0) size 200x45
          text run at (0,0) width 6 RTL: " "
          text run at (6,0) width 194: "Lorem ipsum dolor sit"
          text run at (155,23) width 45: "amet"
      RenderBlock (floating) {DIV} at (440,132) size 200x46 [bgcolor=#FFFFE0]
        RenderText {#text} at (0,0) size 174x45
          text run at (0,0) width 122: "Lorem ipsum "
          text run at (122,0) width 46 RTL: "\x{5D0}\x{5E0}\x{5D8}\x{5E3}"
          text run at (168,0) width 6: " "
          text run at (0,23) width 39 RTL: "\x{5E9}\x{5DC}\x{5D2}\x{5D9}"
          text run at (38,23) width 52: " amet"
      RenderBlock (floating) {DIV} at (8,194) size 200x46 [bgcolor=#FFFFE0]
        RenderText {#text} at (13,0) size 174x45
          text run at (13,0) width 122: "Lorem ipsum "
          text run at (135,0) width 46 RTL: "\x{5D0}\x{5E0}\x{5D8}\x{5E3}"
          text run at (181,0) width 6: " "
          text run at (55,23) width 39 RTL: "\x{5E9}\x{5DC}\x{5D2}\x{5D9}"
          text run at (93,23) width 52: " amet"
      RenderBlock (floating) {DIV} at (224,194) size 200x46 [bgcolor=#FFFFE0]
        RenderText {#text} at (26,0) size 174x45
          text run at (26,0) width 122: "Lorem ipsum "
          text run at (148,0) width 46 RTL: "\x{5D0}\x{5E0}\x{5D8}\x{5E3}"
          text run at (194,0) width 6: " "
          text run at (110,23) width 39 RTL: "\x{5E9}\x{5DC}\x{5D2}\x{5D9}"
          text run at (149,23) width 51: " amet"
      RenderBlock (floating) {DIV} at (440,194) size 200x46 [bgcolor=#FFFFE0]
        RenderText {#text} at (0,0) size 200x45
          text run at (0,0) width 148: "Lorem ipsum "
          text run at (148,0) width 46 RTL: "\x{5D0}\x{5E0}\x{5D8}\x{5E3}"
          text run at (194,0) width 6: " "
          text run at (0,23) width 39 RTL: "\x{5E9}\x{5DC}\x{5D2}\x{5D9}"
          text run at (38,23) width 52: " amet"
      RenderBlock (floating) {DIV} at (8,256) size 200x46 [bgcolor=#FFFFE0]
        RenderText {#text} at (0,0) size 174x45
          text run at (0,0) width 58 RTL: " \x{5D0}\x{5E0}\x{5D8}\x{5E3} "
          text run at (58,0) width 116: "Lorem ipsum"
          text run at (0,23) width 45: "amet"
          text run at (45,23) width 45 RTL: "\x{5E9}\x{5DC}\x{5D2}\x{5D9} "
      RenderBlock (floating) {DIV} at (224,256) size 200x46 [bgcolor=#FFFFE0]
        RenderText {#text} at (13,0) size 174x45
          text run at (13,0) width 58 RTL: " \x{5D0}\x{5E0}\x{5D8}\x{5E3} "
          text run at (71,0) width 116: "Lorem ipsum"
          text run at (55,23) width 46: "amet"
          text run at (100,23) width 45 RTL: "\x{5E9}\x{5DC}\x{5D2}\x{5D9} "
      RenderBlock (floating) {DIV} at (440,256) size 200x46 [bgcolor=#FFFFE0]
        RenderText {#text} at (26,0) size 174x45
          text run at (26,0) width 58 RTL: " \x{5D0}\x{5E0}\x{5D8}\x{5E3} "
          text run at (84,0) width 116: "Lorem ipsum"
          text run at (110,23) width 46: "amet"
          text run at (155,23) width 45 RTL: "\x{5E9}\x{5DC}\x{5D2}\x{5D9} "
      RenderBlock (floating) {DIV} at (8,318) size 200x46 [bgcolor=#FFFFE0]
        RenderText {#text} at (0,0) size 200x45
          text run at (0,0) width 71 RTL: " \x{5D0}\x{5E0}\x{5D8}\x{5E3} "
          text run at (71,0) width 129: "Lorem ipsum"
          text run at (110,23) width 46: "amet"
          text run at (155,23) width 45 RTL: "\x{5E9}\x{5DC}\x{5D2}\x{5D9} "
