layer at (0,0) size 800x600
  RenderView at (0,0) size 800x600
layer at (0,0) size 800x600
  RenderBlock {HTML} at (0,0) size 800x600
    RenderBody {BODY} at (8,8) size 784x584
      RenderBlock {P} at (0,0) size 784x20
        RenderText {#text} at (0,0) size 733x19
          text run at (0,0) width 733: "The word \"PASSED\" should be shown below with a cirlce before and a square after. This is a test for WebKit bug "
        RenderInline {A} at (0,0) size 40x19 [color=#0000EE]
          RenderText {#text} at (732,0) size 40x19
            text run at (732,0) width 40: "11197"
        RenderText {#text} at (771,0) size 5x19
          text run at (771,0) width 5: "."
      RenderBlock (anonymous) at (0,36) size 784x17
        RenderInline {CODE} at (0,0) size 63x14
          RenderInline (generated) at (0,0) size 8x14
            RenderCounter at (0,3) size 8x14
              text run at (0,3) width 8: "\x{25E6}"
          RenderText {#text} at (7,3) size 48x14
            text run at (7,3) width 48: "PASSED"
          RenderInline (generated) at (0,0) size 9x14
            RenderCounter at (54,3) size 9x14
              text run at (54,3) width 9: "\x{25A0}"
        RenderText {#text} at (0,0) size 0x0
