layer at (0,0) size 800x1300
  RenderView at (0,0) size 800x600
layer at (0,0) size 800x1300
  RenderBlock {HTML} at (0,0) size 800x1301
    RenderBody {BODY} at (8,16) size 784x1277
      RenderBlock {P} at (0,0) size 784x20
        RenderText {#text} at (0,0) size 164x19
          text run at (0,0) width 164: "div, span, nested div/span"
      RenderBlock {P} at (0,36) size 784x20
        RenderText {#text} at (0,0) size 66x19
          text run at (0,0) width 66: "Single div"
      RenderBlock {DIV} at (1,72) size 782x22 [border: (1px solid #000000)]
        RenderText {#text} at (757,1) size 24x19
          text run at (757,1) width 24 RTL: "abc"
      RenderBlock {P} at (0,110) size 784x20
        RenderText {#text} at (0,0) size 419x19
          text run at (0,0) width 419: "The following 2 lines should be identical, ignorning whitespaces:"
      RenderBlock {DIV} at (1,146) size 782x42 [border: (1px solid #000000)]
        RenderBlock (anonymous) at (1,1) size 780x20
          RenderText {#text} at (756,0) size 24x19
            text run at (756,0) width 24 RTL: "abc"
        RenderBlock {DIV} at (1,21) size 780x20
          RenderText {#text} at (756,0) size 24x19
            text run at (756,0) width 24: "cba"
      RenderBlock {P} at (0,204) size 784x20
        RenderText {#text} at (0,0) size 426x19
          text run at (0,0) width 426: "The following 2 textes should be identical, ignorning whitespaces:"
      RenderBlock {DIV} at (1,240) size 782x22 [border: (1px solid #000000)]
        RenderText {#text} at (753,1) size 28x19
          text run at (753,1) width 28 RTL: "abc "
        RenderInline {SPAN} at (0,0) size 23x19
          RenderText {#text} at (731,1) size 23x19
            text run at (731,1) width 23 RTL: "abc"
      RenderBlock {P} at (0,278) size 784x20
        RenderText {#text} at (0,0) size 419x19
          text run at (0,0) width 419: "The following 2 lines should be identical, ignorning whitespaces:"
      RenderBlock {DIV} at (1,314) size 782x42 [border: (1px solid #000000)]
        RenderBlock {DIV} at (1,1) size 780x20
          RenderText {#text} at (756,0) size 24x19
            text run at (756,0) width 24: "cba"
        RenderBlock (anonymous) at (1,21) size 780x20
          RenderText {#text} at (756,0) size 24x19
            text run at (756,0) width 24 RTL: "abc"
      RenderBlock {P} at (0,372) size 784x20
        RenderText {#text} at (0,0) size 426x19
          text run at (0,0) width 426: "The following 2 textes should be identical, ignorning whitespaces:"
      RenderBlock {DIV} at (1,408) size 782x22 [border: (1px solid #000000)]
        RenderInline {SPAN} at (0,0) size 28x19
          RenderText {#text} at (753,1) size 28x19
            text run at (753,1) width 28 RTL: "abc "
        RenderText {#text} at (731,1) size 23x19
          text run at (731,1) width 23 RTL: "abc"
      RenderBlock {P} at (0,446) size 784x20
        RenderText {#text} at (0,0) size 75x19
          text run at (0,0) width 75: "Single span"
      RenderBlock (anonymous) at (0,482) size 784x20
        RenderInline {SPAN} at (0,0) size 25x21 [border: (1px solid #000000)]
          RenderText {#text} at (2,0) size 23x19
            text run at (2,0) width 23 RTL: "abc"
        RenderText {#text} at (0,0) size 0x0
      RenderBlock {P} at (0,518) size 784x20
        RenderText {#text} at (0,0) size 426x19
          text run at (0,0) width 426: "The following 2 textes should be identical, ignorning whitespaces:"
      RenderBlock (anonymous) at (0,554) size 784x20
        RenderInline {SPAN} at (0,0) size 51x21 [border: (1px solid #000000)]
          RenderText {#text} at (24,0) size 27x19
            text run at (24,0) width 27 RTL: "abc "
          RenderInline {SPAN} at (0,0) size 23x19
            RenderText {#text} at (2,0) size 23x19
              text run at (2,0) width 23 RTL: "abc"
        RenderText {#text} at (0,0) size 0x0
      RenderBlock {P} at (0,590) size 784x20
        RenderText {#text} at (0,0) size 426x19
          text run at (0,0) width 426: "The following 2 textes should be identical, ignorning whitespaces:"
      RenderBlock (anonymous) at (0,626) size 784x20
        RenderInline {SPAN} at (0,0) size 51x21 [border: (1px solid #000000)]
          RenderInline {SPAN} at (0,0) size 27x19
            RenderText {#text} at (24,0) size 27x19
              text run at (24,0) width 27 RTL: "abc "
          RenderText {#text} at (2,0) size 23x19
            text run at (2,0) width 23 RTL: "abc"
        RenderText {#text} at (0,0) size 0x0
      RenderBlock {P} at (0,662) size 784x20
        RenderText {#text} at (0,0) size 426x19
          text run at (0,0) width 426: "The following 2 textes should be identical, ignorning whitespaces:"
      RenderBlock (anonymous) at (0,698) size 784x20
        RenderInline {SPAN} at (0,0) size 24x21 [border: (1px solid #000000)]
          RenderText {#text} at (0,0) size 23x19
            text run at (0,0) width 23 RTL: "abc"
      RenderBlock (anonymous) at (0,718) size 784x20
        RenderBlock {DIV} at (0,0) size 784x20
          RenderText {#text} at (761,0) size 23x19
            text run at (761,0) width 23: "cba"
      RenderBlock (anonymous) at (0,738) size 784x20
        RenderInline {SPAN} at (0,0) size 2x21 [border: (1px solid #000000)]
        RenderText {#text} at (0,0) size 0x0
      RenderBlock {P} at (0,774) size 784x20
        RenderText {#text} at (0,0) size 426x19
          text run at (0,0) width 426: "The following 2 textes should be identical, ignorning whitespaces:"
      RenderBlock (anonymous) at (0,810) size 784x20
        RenderInline {SPAN} at (0,0) size 1x21 [border: (1px solid #000000)]
      RenderBlock (anonymous) at (0,830) size 784x20
        RenderBlock {DIV} at (0,0) size 784x20
          RenderText {#text} at (761,0) size 23x19
            text run at (761,0) width 23: "cba"
      RenderBlock (anonymous) at (0,850) size 784x20
        RenderInline {SPAN} at (0,0) size 24x21 [border: (1px solid #000000)]
          RenderText {#text} at (2,0) size 23x19
            text run at (2,0) width 23 RTL: "abc"
        RenderText {#text} at (0,0) size 0x0
      RenderBlock {P} at (0,886) size 784x20
        RenderText {#text} at (0,0) size 30x19
          text run at (0,0) width 30: "ruby"
      RenderBlock {DIV} at (0,922) size 784x33 [border: (1px solid #000000)]
        RenderRuby (inline) {RUBY} at (0,0) size 23x19
          RenderRubyRun (anonymous) at (166,12) size 23x20
            RenderRubyText {RT} at (0,-11) size 23x12
              RenderText {#text} at (5,0) size 12x11
                text run at (5,0) width 12: "def"
            RenderRubyBase (anonymous) at (0,0) size 23x20
              RenderText {#text} at (0,0) size 23x19
                text run at (0,0) width 23 RTL: "abc"
        RenderText {#text} at (160,12) size 5x19
          text run at (160,12) width 5 RTL: " "
        RenderRuby (inline) {RUBY} at (0,0) size 24x19
          RenderRubyRun (anonymous) at (136,12) size 24x20
            RenderRubyText {RT} at (0,-11) size 23x12
              RenderText {#text} at (5,0) size 12x11
                text run at (5,0) width 12 RTL: "def"
            RenderRubyBase (anonymous) at (0,0) size 23x20
              RenderText {#text} at (0,0) size 23x19
                text run at (0,0) width 23 RTL: "abc"
        RenderText {#text} at (131,12) size 5x19
          text run at (131,12) width 5 RTL: " "
        RenderRuby (inline) {RUBY} at (0,0) size 24x19
          RenderRubyRun (anonymous) at (107,12) size 24x20
            RenderRubyBase (anonymous) at (0,0) size 23x20
              RenderText {#text} at (0,0) size 23x19
                text run at (0,0) width 23 RTL: "abc"
        RenderText {#text} at (102,12) size 5x19
          text run at (102,12) width 5 RTL: " "
        RenderRuby (inline) {RUBY} at (0,0) size 13x19
          RenderRubyRun (anonymous) at (89,29) size 13x0
            RenderRubyText {RT} at (0,-11) size 12x12
              RenderText {#text} at (0,0) size 12x11
                text run at (0,0) width 12: "def"
        RenderText {#text} at (84,12) size 5x19
          text run at (84,12) width 5 RTL: " "
        RenderRuby (inline) {RUBY} at (0,0) size 23x19
          RenderRubyRun (anonymous) at (60,12) size 23x20
            RenderRubyBase (anonymous) at (0,0) size 23x20
              RenderInline {RB} at (0,0) size 23x19
                RenderText {#text} at (0,0) size 23x19
                  text run at (0,0) width 23 RTL: "abc"
        RenderText {#text} at (55,12) size 5x19
          text run at (55,12) width 5 RTL: " "
        RenderRuby (inline) {RUBY} at (0,0) size 23x19
          RenderRubyRun (anonymous) at (31,12) size 23x20
            RenderRubyText {RT} at (0,-11) size 23x12
              RenderText {#text} at (5,0) size 12x11
                text run at (5,0) width 12: "def"
            RenderRubyBase (anonymous) at (0,0) size 23x20
              RenderInline {RB} at (0,0) size 23x19
                RenderText {#text} at (0,0) size 23x19
                  text run at (0,0) width 23 RTL: "abc"
        RenderText {#text} at (26,12) size 5x19
          text run at (26,12) width 5 RTL: " "
        RenderRuby (inline) {RUBY} at (0,0) size 23x19
          RenderRubyRun (anonymous) at (2,12) size 23x20
            RenderRubyText {RT} at (0,-11) size 23x12
              RenderText {#text} at (5,0) size 12x11
                text run at (5,0) width 12: "def"
            RenderRubyBase (anonymous) at (0,0) size 23x20
              RenderInline {RB} at (0,0) size 23x19
                RenderText {#text} at (0,0) size 23x19
                  text run at (0,0) width 23 RTL: "abc"
        RenderText {#text} at (0,0) size 0x0
      RenderBlock {P} at (0,971) size 784x20
        RenderText {#text} at (0,0) size 426x19
          text run at (0,0) width 426: "The following 2 tables should be identical, ignorning whitespaces:"
      RenderTable {TABLE} at (1,1007) size 85x72 [border: (1px solid #808080)]
        RenderBlock {CAPTION} at (0,0) size 85x20
          RenderText {#text} at (0,0) size 85x19
            text run at (0,0) width 85: "NormalTable"
        RenderTableSection {TBODY} at (1,21) size 83x50
          RenderTableRow {TR} at (0,2) size 83x22
            RenderTableCell {TD} at (43,2) size 38x22 [r=0 c=0 rs=1 cs=1]
              RenderText {#text} at (13,1) size 23x19
                text run at (13,1) width 23: "abc"
            RenderTableCell {TD} at (2,2) size 40x22 [r=0 c=1 rs=1 cs=1]
              RenderText {#text} at (18,1) size 21x19
                text run at (18,1) width 21: "def"
          RenderTableRow {TR} at (0,26) size 83x22
            RenderTableCell {TD} at (43,26) size 38x22 [r=1 c=0 rs=1 cs=1]
              RenderText {#text} at (18,1) size 18x19
                text run at (18,1) width 18: "hij"
            RenderTableCell {TD} at (2,26) size 40x22 [r=1 c=1 rs=1 cs=1]
              RenderText {#text} at (14,1) size 25x19
                text run at (14,1) width 25: "opq"
      RenderTable {DIV} at (1,1080) size 145x63 [border: (1px solid #000000)]
        RenderBlock {DIV} at (0,0) size 144x20
          RenderText {#text} at (0,0) size 144x19
            text run at (0,0) width 144: "AnonymousTableRow"
        RenderTableSection (anonymous) at (1,21) size 142x40
          RenderTableRow {DIV} at (0,0) size 142x20
            RenderTableCell {DIV} at (73,0) size 69x20 [r=0 c=0 rs=1 cs=1]
              RenderText {#text} at (45,0) size 24x19
                text run at (45,0) width 24: "abc"
            RenderTableCell {DIV} at (0,0) size 74x20 [r=0 c=1 rs=1 cs=1]
              RenderText {#text} at (53,0) size 21x19
                text run at (53,0) width 21: "def"
          RenderTableRow {DIV} at (0,20) size 142x20
            RenderTableCell {DIV} at (73,20) size 69x20 [r=1 c=0 rs=1 cs=1]
              RenderText {#text} at (51,0) size 18x19
                text run at (51,0) width 18: "hij"
            RenderTableCell {DIV} at (0,20) size 74x20 [r=1 c=1 rs=1 cs=1]
              RenderText {#text} at (49,0) size 25x19
                text run at (49,0) width 25: "opq"
      RenderBlock {P} at (0,1158) size 784x21
        RenderText {#text} at (0,0) size 505x19
          text run at (0,0) width 505: "Anonymous TABLE, TABLE_ROW, TABLE_ROW_GROUP, TABLE_CELL"
      RenderBlock {DIV} at (0,1194) size 784x83 [border: (1px solid #000000)]
        RenderTable at (1,1) size 24x80
          RenderTableSection (anonymous) at (0,20) size 24x40
            RenderTableRow {DIV} at (0,0) size 24x20
              RenderTableCell (anonymous) at (0,0) size 24x20 [r=0 c=0 rs=1 cs=1]
                RenderText {#text} at (1,0) size 23x19
                  text run at (1,0) width 23 RTL: "abc"
            RenderTableRow (anonymous) at (0,20) size 24x20
              RenderTableCell {DIV} at (0,20) size 24x20 [r=1 c=0 rs=1 cs=1]
                RenderText {#text} at (3,0) size 21x19
                  text run at (3,0) width 21 RTL: "def"
          RenderBlock {DIV} at (0,0) size 24x20
            RenderText {#text} at (7,0) size 17x19
              text run at (7,0) width 17 RTL: "hij"
          RenderTableSection {DIV} at (0,60) size 24x20
            RenderTableRow (anonymous) at (0,0) size 24x20
              RenderTableCell (anonymous) at (0,0) size 24x20 [r=0 c=0 rs=1 cs=1]
                RenderText {#text} at (0,0) size 24x19
                  text run at (0,0) width 24 RTL: "opq"
