layer at (0,0) size 1576x600
  RenderView at (0,0) size 800x600
layer at (0,0) size 800x600
  RenderBlock {HTML} at (0,0) size 800x600
    RenderBody {BODY} at (8,8) size 784x584
layer at (8,8) size 784x20
  RenderBlock {DIV} at (0,0) size 784x20
    RenderInline {SPAN} at (0,0) size 223x19 [bgcolor=#FF0000]
      RenderText {#text} at (0,0) size 223x19
        text run at (0,0) width 223: "This text should be nice and sharp."
    RenderText {#text} at (0,0) size 0x0
