layer at (0,0) size 800x600
  RenderView at (0,0) size 800x600
layer at (0,0) size 800x600
  RenderBlock {HTML} at (0,0) size 800x600
    RenderBody {BODY} at (8,8) size 784x576
      RenderBlock (anonymous) at (0,0) size 784x0
        RenderInline {SPAN} at (0,0) size 0x0
          RenderInline {SPAN} at (0,0) size 0x0
        RenderText {#text} at (0,0) size 0x0
      RenderBlock {H4} at (0,0) size 784x20
        RenderText {#text} at (0,0) size 83x19
          text run at (0,0) width 83: "Instructions"
      RenderBlock {P} at (0,41) size 784x21
        RenderText {#text} at (0,0) size 180x19
          text run at (0,0) width 180: "Click the following buttons."
      RenderBlock {OL} at (0,77) size 784x185
        RenderListItem {LI} at (40,0) size 744x20
          RenderListMarker at (-21,0) size 16x19: "1"
          RenderText {#text} at (0,0) size 199x19
            text run at (0,0) width 199: "Start with the outmost left one."
        RenderListItem {LI} at (40,20) size 744x20
          RenderListMarker at (-21,0) size 16x19: "2"
          RenderText {#text} at (0,0) size 138x19
            text run at (0,0) width 138: "Click the middle one."
        RenderListItem {LI} at (40,40) size 744x20
          RenderListMarker at (-21,0) size 16x19: "3"
          RenderText {#text} at (0,0) size 271x19
            text run at (0,0) width 271: "(The ouline will not be updated correctly.)"
        RenderListItem {LI} at (40,60) size 744x20
          RenderListMarker at (-21,0) size 16x19: "4"
          RenderText {#text} at (0,0) size 142x19
            text run at (0,0) width 142: "Click the right button."
        RenderListItem {LI} at (40,80) size 744x20
          RenderListMarker at (-21,0) size 16x19: "5"
          RenderText {#text} at (0,0) size 474x19
            text run at (0,0) width 474: "This will crash Safari 1.3 (v176 and v170, no other configurations tested)."
        RenderListItem {LI} at (40,100) size 744x20
          RenderListMarker at (-21,0) size 16x19: "6"
          RenderText {#text} at (0,0) size 300x19
            text run at (0,0) width 300: "The combination 2. 1. 3. will also crash Safari."
        RenderListItem {LI} at (40,120) size 744x20
          RenderListMarker at (-21,0) size 16x19: "7"
          RenderText {#text} at (0,0) size 457x19
            text run at (0,0) width 457: "1. 3. will not crash Safari. (But the outline should vanish. Shouldn't it?)"
        RenderListItem {LI} at (40,140) size 744x20
          RenderListMarker at (-21,0) size 16x19: "8"
          RenderText {#text} at (0,0) size 205x19
            text run at (0,0) width 205: "2. 3. will not crash Safari either."
        RenderBlock (anonymous) at (40,160) size 744x24
          RenderButton {INPUT} at (2,2) size 140x20 [color=#007AFF] [bgcolor=#E9E9EA] [border: (1px solid #FFFFFF)]
            RenderBlock (anonymous) at (12,3) size 116x14
              RenderText at (0,0) size 116x14
                text run at (0,0) width 116: "1. Set outline property"
          RenderText {#text} at (144,1) size 4x19
            text run at (144,1) width 4: " "
          RenderButton {INPUT} at (150,2) size 144x20 [color=#007AFF] [bgcolor=#E9E9EA] [border: (1px solid #FFFFFF)]
            RenderBlock (anonymous) at (12,3) size 120x14
              RenderText at (0,0) size 120x14
                text run at (0,0) width 120: "2. Set display property"
          RenderText {#text} at (295,1) size 5x19
            text run at (295,1) width 5: " "
          RenderButton {INPUT} at (301,2) size 155x20 [color=#007AFF] [bgcolor=#E9E9EA] [border: (1px solid #FFFFFF)]
            RenderBlock (anonymous) at (12,3) size 131x14
              RenderText at (0,0) size 131x14
                text run at (0,0) width 131: "3. Replace span-element"
          RenderText {#text} at (0,0) size 0x0
