layer at (0,0) size 800x600
  RenderView at (0,0) size 800x600
layer at (0,0) size 800x447
  RenderBlock {HTML} at (0,0) size 800x448
    RenderBody {BODY} at (8,16) size 784x416
      RenderBlock {DIV} at (0,0) size 784x40 [color=#008000] [bgcolor=#FFFFFF]
        RenderBlock {P} at (0,0) size 784x40
          RenderText {#text} at (0,0) size 751x39
            text run at (0,0) width 751: "First sentence: this text should be green. The markup code is invalid according to W3C HTML validator and the CSS"
            text run at (0,20) width 312: "code is invalid according to W3C CSS validator."
      RenderBlock {DIV} at (0,56) size 784x60 [color=#008000] [bgcolor=#FFFFFF]
        RenderBlock {P} at (0,0) size 784x60 [color=#FF0000]
          RenderText {#text} at (0,0) size 753x59
            text run at (0,0) width 753: "Second sentence: this text should be green according to CSS 1 but it should be red according to CSS 2.1. The markup"
            text run at (0,20) width 734: "code is also invalid according to W3C HTML validator but the CSS code is perfectly valid according to W3C CSS"
            text run at (0,40) width 60: "validator."
      RenderBlock {H3} at (0,134) size 784x47 [color=#008000] [bgcolor=#FFFFFF]
        RenderText {#text} at (0,0) size 759x45
          text run at (0,0) width 759: "Third sentence: this text should be green. The markup code is valid according to W3C HTML"
          text run at (0,23) width 570: "validator but the CSS code is invalid according to W3C CSS validator."
      RenderBlock {H4} at (0,201) size 784x61 [color=#FF0000] [bgcolor=#FFFFFF]
        RenderText {#text} at (0,0) size 784x59
          text run at (0,0) width 784: "Fourth sentence: this text should be green according to CSS 1 (class name can not start with a dash in CSS 1) but it"
          text run at (0,20) width 776: "should be red according to CSS 2.1 and the markup code is valid according to W3C HTML validator and the CSS"
          text run at (0,40) width 379: "code is perfectly valid according to W3C CSS validator."
      RenderBlock {H5} at (0,288) size 784x81 [color=#800080] [bgcolor=#FFFFFF]
        RenderText {#text} at (0,0) size 777x79
          text run at (0,0) width 770: "Fifth sentence: this text should be green according to CSS 1 (class name can not start with a dash in CSS 1) but it"
          text run at (0,20) width 723: "should be purple according to latest CSS 2.1 WD (class name can not start with a dash unless immediately"
          text run at (0,40) width 777: "followed by [_A-Za-z] character in CSS 2.1) and the markup code is valid according to W3C HTML validator and"
          text run at (0,60) width 466: "the CSS code is perfectly valid according to the W3C CSS validator!"
      RenderBlock {P} at (0,395) size 784x21
        RenderText {#text} at (0,0) size 28x19
          text run at (0,0) width 28: "See "
        RenderInline {A} at (0,0) size 71x19 [color=#0000EE]
          RenderText {#text} at (27,0) size 71x19
            text run at (27,0) width 71: "Bug 14373"
        RenderInline {A} at (0,0) size 5x19
          RenderText {#text} at (97,0) size 5x19
            text run at (97,0) width 5: "."
      RenderBlock (anonymous) at (0,431) size 784x0
        RenderInline {A} at (0,0) size 0x0
          RenderText {#text} at (0,0) size 0x0
