layer at (0,0) size 800x600
  RenderView at (0,0) size 800x600
layer at (0,0) size 800x256 layerType: background only
layer at (8,8) size 784x240
  RenderBlock (positioned) zI: -1 {DIV} at (0,0) size 784x240 [bgcolor=#FF0000]
    RenderText zI: -1 {#text} at (0,111) size 16x17
      text run at (0,111) width 16: "X"
layer at (0,0) size 800x256 layerType: foreground only
  RenderBlock {HTML} at (0,0) size 800x256
    RenderBody {BODY} at (8,8) size 784x240
layer at (8,8) size 784x240
  RenderBlock (relative positioned) {DIV} at (0,0) size 784x240
    RenderBlock {DIV} at (0,0) size 784x240 [bgcolor=#00FF00]
      RenderInline {SPAN} at (0,0) size 0x17
      RenderBR {BR} at (0,31) size 0x17
      RenderInline {SPAN} at (0,0) size 0x17
      RenderText {#text} at (0,151) size 16x17
        text run at (0,151) width 16: "X"
