layer at (0,0) size 800x600
  RenderView at (0,0) size 800x600
layer at (0,0) size 800x600
  RenderBlock {HTML} at (0,0) size 800x600
    RenderBody {BODY} at (8,8) size 784x576
      RenderBlock {P} at (0,0) size 784x40
        RenderText {#text} at (0,0) size 54x19
          text run at (0,0) width 54: "Test for "
        RenderInline {I} at (0,0) size 770x39
          RenderInline {A} at (0,0) size 305x19 [color=#0000EE]
            RenderText {#text} at (53,0) size 305x19
              text run at (53,0) width 305: "http://bugs.webkit.org/show_bug.cgi?id=17834"
          RenderText {#text} at (357,0) size 770x39
            text run at (357,0) width 5: " "
            text run at (361,0) width 409: "REGRESSION: floated first-letter does not work when included"
            text run at (0,20) width 49: "in table"
        RenderText {#text} at (48,20) size 5x19
          text run at (48,20) width 5: "."
      RenderBlock {P} at (0,56) size 784x20
        RenderText {#text} at (0,0) size 280x19
          text run at (0,0) width 280: "The following three lines should look like \x{201C}"
        RenderInline {SPAN} at (0,0) size 13x19 [color=#008000]
          RenderText {#text} at (279,0) size 13x19
            text run at (279,0) width 13: "A"
        RenderText {#text} at (291,0) size 27x19
          text run at (291,0) width 27: "-Z\x{201D}."
      RenderTable {TABLE} at (0,92) size 33x26
        RenderTableSection {TBODY} at (0,0) size 33x26
          RenderTableRow {TR} at (0,2) size 33x22
            RenderTableCell {TD} at (2,2) size 29x22 [r=0 c=0 rs=1 cs=1]
              RenderBlock {DIV} at (1,1) size 27x20
                RenderBlock {P} at (0,0) size 27x20
                  RenderBlock (floating) at (0,0) size 12x20 [color=#008000]
                    RenderText at (0,0) size 12x19
                      text run at (0,0) width 12: "A"
                  RenderText {#text} at (11,0) size 16x19
                    text run at (11,0) width 16: "-Z"
      RenderTable {TABLE} at (0,118) size 33x26
        RenderTableSection {TBODY} at (0,0) size 33x26
          RenderTableRow {TR} at (0,2) size 33x22
            RenderTableCell {TD} at (2,2) size 29x22 [r=0 c=0 rs=1 cs=1]
              RenderBlock {P} at (1,1) size 27x20
                RenderBlock (floating) at (0,0) size 12x20 [color=#008000]
                  RenderText at (0,0) size 12x19
                    text run at (0,0) width 12: "A"
                RenderText {#text} at (11,0) size 16x19
                  text run at (11,0) width 16: "-Z"
      RenderBlock {P} at (0,160) size 784x20
        RenderBlock (floating) at (0,0) size 12x20 [color=#008000]
          RenderText at (0,0) size 12x19
            text run at (0,0) width 12: "A"
        RenderText {#text} at (11,0) size 16x19
          text run at (11,0) width 16: "-Z"
