layer at (0,0) size 800x600
  RenderView at (0,0) size 800x600
layer at (0,0) size 800x600
  RenderBlock {HTML} at (0,0) size 800x600
    RenderBody {BODY} at (8,8) size 784x576
      RenderBlock {P} at (0,0) size 784x40
        RenderText {#text} at (0,0) size 54x19
          text run at (0,0) width 54: "Test for "
        RenderInline {I} at (0,0) size 673x39
          RenderInline {A} at (0,0) size 305x19 [color=#0000EE]
            RenderText {#text} at (53,0) size 305x19
              text run at (53,0) width 305: "http://bugs.webkit.org/show_bug.cgi?id=14545"
          RenderText {#text} at (357,0) size 673x39
            text run at (357,0) width 5: " "
            text run at (361,0) width 312: "REGRESSION (r21854-r21869): Repro crash in"
            text run at (0,20) width 324: "RenderBlock::updateFirstLetter @ nola.com/rose/"
        RenderText {#text} at (323,20) size 5x19
          text run at (323,20) width 5: "."
      RenderBlock {P} at (0,56) size 784x20
        RenderText {#text} at (0,0) size 255x19
          text run at (0,0) width 255: "The following lines should be identical:"
      RenderBlock {DIV} at (0,92) size 784x20
        RenderInline (generated) at (0,0) size 10x19 [color=#008000]
          RenderText at (0,0) size 10x19
            text run at (0,0) width 10: "L"
        RenderText {#text} at (9,0) size 78x19
          text run at (9,0) width 78: "orem Ipsum"
      RenderBlock {P} at (0,128) size 784x20
        RenderInline {SPAN} at (0,0) size 10x19 [color=#008000]
          RenderText {#text} at (0,0) size 10x19
            text run at (0,0) width 10: "L"
        RenderText {#text} at (9,0) size 78x19
          text run at (9,0) width 78: "orem Ipsum"
