layer at (0,0) size 800x600
  RenderView at (0,0) size 800x600
layer at (0,0) size 800x600
  RenderBlock {HTML} at (0,0) size 800x600
    RenderBody {BODY} at (8,8) size 784x584
      RenderBlock {P} at (0,0) size 784x40
        RenderText {#text} at (0,0) size 54x19
          text run at (0,0) width 54: "Test for "
        RenderInline {I} at (0,0) size 776x39
          RenderInline {A} at (0,0) size 312x19 [color=#0000EE]
            RenderText {#text} at (53,0) size 312x19
              text run at (53,0) width 312: "https://bugs.webkit.org/show_bug.cgi?id=18818"
          RenderText {#text} at (364,0) size 776x39
            text run at (364,0) width 5: " "
            text run at (368,0) width 408: "REGRESSION (3.1.1-TOT): Character order (float:left ordered"
            text run at (0,20) width 127: "after the first letter)"
        RenderText {#text} at (126,20) size 5x19
          text run at (126,20) width 5: "."
      RenderBlock {P} at (0,56) size 784x20
        RenderText {#text} at (0,0) size 203x19
          text run at (0,0) width 203: "The next line should say \x{201C}123\x{201D}."
      RenderBlock {DIV} at (0,92) size 784x20
        RenderBlock (floating) {SPAN} at (0,0) size 8x20
          RenderText {#text} at (0,0) size 8x19
            text run at (0,0) width 8: "1"
        RenderBlock (floating) at (8,0) size 8x20
          RenderText at (0,0) size 8x19
            text run at (0,0) width 8: "2"
        RenderText {#text} at (16,0) size 8x19
          text run at (16,0) width 8: "3"
