layer at (0,0) size 800x600
  RenderView at (0,0) size 800x600
layer at (0,0) size 800x600
  RenderBlock {HTML} at (0,0) size 800x600
    RenderBody {BODY} at (8,8) size 784x584
      RenderBlock {P} at (0,0) size 784x20
        RenderText {#text} at (0,0) size 54x19
          text run at (0,0) width 54: "Test for "
        RenderInline {A} at (0,0) size 300x19 [color=#0000EE]
          RenderText {#text} at (53,0) size 300x19
            text run at (53,0) width 300: "http://bugs.webkit.org/show_bug.cgi?id=4104 "
        RenderText {#text} at (352,0) size 256x19
          text run at (352,0) width 256: "first-letter not updating style with hover"
      RenderBlock {P} at (0,36) size 784x20
        RenderText {#text} at (0,0) size 397x19
          text run at (0,0) width 397: "The next line of text should turn green when we hover over it."
      RenderBlock {DIV} at (0,72) size 784x40 [color=#008000]
        RenderInline (generated) at (0,0) size 10x19 [color=#0000FF]
          RenderText {#text} at (0,0) size 10x19
            text run at (0,0) width 10: "T"
        RenderText {#text} at (9,0) size 771x39
          text run at (9,0) width 762: "he first letter of this paragraph should be larger than the rest. If you hover over this paragraph, all of the text (including"
          text run at (0,20) width 541: "the first letter) should turn green. If the first letter remains black, then there is a bug!"
