layer at (0,0) size 800x600
  RenderView at (0,0) size 800x600
layer at (0,0) size 800x600
  RenderBlock {HTML} at (0,0) size 800x600
    RenderBody {BODY} at (8,8) size 784x584
      RenderBlock {DIV} at (0,0) size 160x160
        RenderText {#text} at (0,0) size 139x159
          text run at (0,0) width 124: "Assuming the port-"
          text run at (20,0) width 136: "specific theme draws"
          text run at (20,135) width 4: " "
          text run at (40,0) width 128: "focus rings, this test"
          text run at (40,127) width 4: " "
          text run at (60,0) width 113: "draws focus rings"
          text run at (60,112) width 4: " "
          text run at (80,0) width 100: "around editable"
          text run at (80,99) width 4: " "
          text run at (100,0) width 155: "multiline text in vertical"
          text run at (100,154) width 4: " "
          text run at (120,0) width 90: "writing mode."
caret: position 1 of child 0 {#text} of child 1 {DIV} of body
