layer at (0,0) size 800x600
  RenderView at (0,0) size 800x600
layer at (0,0) size 800x76
  RenderBlock {HTML} at (0,0) size 800x76
    RenderBody {BODY} at (8,8) size 784x60
      RenderBlock (anonymous) at (0,0) size 784x20
        RenderText {#text} at (0,0) size 702x19
          text run at (0,0) width 702: "Tests focus ring around an inline element containing block continuations. There should be a single focus ring."
      RenderBlock {DIV} at (0,20) size 200x40
        RenderBlock (anonymous) at (0,0) size 200x20
          RenderInline {SPAN} at (0,0) size 99x19
            RenderText {#text} at (0,0) size 99x19
              text run at (0,0) width 99: "INLINE TEXT"
        RenderBlock (anonymous) at (0,20) size 200x20
        RenderBlock (anonymous) at (0,40) size 200x0
          RenderInline {SPAN} at (0,0) size 0x0
          RenderText {#text} at (0,0) size 0x0
layer at (8,45) size 200x20
  RenderBlock (relative positioned) {DIV} at (0,0) size 200x20
    RenderText {#text} at (0,0) size 142x19
      text run at (0,0) width 142: "BLOCK CONTENTS"
