layer at (0,0) size 800x600
  RenderView at (0,0) size 800x600
layer at (0,0) size 800x600
  RenderBlock {HTML} at (0,0) size 800x600
    RenderBody {BODY} at (8,8) size 784x576
      RenderBlock {P} at (0,0) size 784x40
        RenderText {#text} at (0,0) size 54x19
          text run at (0,0) width 54: "Test for "
        RenderInline {I} at (0,0) size 759x39
          RenderInline {A} at (0,0) size 312x19 [color=#0000EE]
            RenderText {#text} at (53,0) size 312x19
              text run at (53,0) width 312: "https://bugs.webkit.org/show_bug.cgi?id=34147"
          RenderText {#text} at (364,0) size 759x39
            text run at (364,0) width 395: " If @font-face does not provide an explicit italic/bold variant,"
            text run at (0,20) width 96: "regular is used"
        RenderText {#text} at (95,20) size 5x19
          text run at (95,20) width 5: "."
      RenderBlock {P} at (0,56) size 784x20
        RenderText {#text} at (0,0) size 93x19
          text run at (0,0) width 93: "Ahem regular:"
      RenderBlock {P} at (0,92) size 784x16
        RenderText {#text} at (0,0) size 192x16
          text run at (0,0) width 192: "Ahem regular"
      RenderBlock {P} at (0,124) size 784x20
        RenderText {#text} at (0,0) size 138x19
          text run at (0,0) width 138: "Ahem synthetic bold:"
      RenderBlock (anonymous) at (0,160) size 784x0
        RenderInline {STRONG} at (0,0) size 0x0
      RenderBlock (anonymous) at (0,160) size 784x16
        RenderBlock {P} at (0,0) size 784x16
          RenderText {#text} at (0,0) size 323x16
            text run at (0,0) width 323: "Ahem synthetic bold"
      RenderBlock (anonymous) at (0,192) size 784x0
        RenderInline {STRONG} at (0,0) size 0x0
        RenderText {#text} at (0,0) size 0x0
      RenderBlock {P} at (0,192) size 784x20
        RenderText {#text} at (0,0) size 142x19
          text run at (0,0) width 142: "Ahem synthetic italic:"
      RenderBlock (anonymous) at (0,228) size 784x0
        RenderInline {I} at (0,0) size 0x0
      RenderBlock (anonymous) at (0,228) size 784x16
        RenderBlock {P} at (0,0) size 784x16
          RenderText {#text} at (0,0) size 336x16
            text run at (0,0) width 336: "Ahem synthetic italic"
      RenderBlock (anonymous) at (0,260) size 784x0
        RenderInline {I} at (0,0) size 0x0
        RenderText {#text} at (0,0) size 0x0
      RenderBlock {P} at (0,260) size 784x20
        RenderText {#text} at (0,0) size 174x19
          text run at (0,0) width 174: "Ahem synthetic bold italic:"
      RenderBlock (anonymous) at (0,296) size 784x0
        RenderInline {STRONG} at (0,0) size 0x0
          RenderInline {I} at (0,0) size 0x0
      RenderBlock (anonymous) at (0,296) size 784x16
        RenderBlock {P} at (0,0) size 784x16
          RenderText {#text} at (0,0) size 442x16
            text run at (0,0) width 442: "Ahem synthetic bold italic"
      RenderBlock (anonymous) at (0,328) size 784x0
        RenderInline {STRONG} at (0,0) size 0x0
          RenderInline {I} at (0,0) size 0x0
        RenderText {#text} at (0,0) size 0x0
        RenderText {#text} at (0,0) size 0x0
