layer at (0,0) size 800x600
  RenderView at (0,0) size 800x600
layer at (0,0) size 800x600
  RenderBlock {HTML} at (0,0) size 800x600
    RenderBody {BODY} at (8,8) size 784x584
      RenderBlock {P} at (0,0) size 784x20
        RenderText {#text} at (0,0) size 180x19
          text run at (0,0) width 180: "Each font name in that font:"
      RenderBlock {DIV} at (4,36) size 776x28 [border: (1px solid #ADD8E6)]
        RenderInline {B} at (0,0) size 109x20
          RenderText {#text} at (1,1) size 109x20
            text run at (1,1) width 109: "Helvetica bold"
        RenderText {#text} at (109,1) size 76x20
          text run at (109,1) width 76: " Helvetica "
        RenderInline {I} at (0,0) size 419x17
          RenderText {#text} at (184,4) size 193x17
            text run at (184,4) width 193: "Courier syn. italic "
          RenderInline {B} at (0,0) size 227x26
            RenderText {#text} at (376,1) size 227x26
              text run at (376,1) width 227: "Papyrus syn. bold syn. italic"
        RenderText {#text} at (0,0) size 0x0
      RenderBlock {DIV} at (4,68) size 776x54 [border: (1px solid #ADD8E6)]
        RenderInline {SPAN} at (0,0) size 68x17
          RenderText {#text} at (1,4) size 68x17
            text run at (1,4) width 68: "Courier"
        RenderText {#text} at (68,4) size 10x17
          text run at (68,4) width 10: " "
        RenderInline {SPAN} at (0,0) size 69x17
          RenderText {#text} at (77,4) size 69x17
            text run at (77,4) width 69: "Courier"
        RenderText {#text} at (145,4) size 10x17
          text run at (145,4) width 10: " "
        RenderInline {SPAN} at (0,0) size 68x17
          RenderText {#text} at (154,4) size 68x17
            text run at (154,4) width 68: "Courier"
        RenderText {#text} at (221,4) size 11x17
          text run at (221,4) width 11: " "
        RenderInline {SPAN} at (0,0) size 68x17
          RenderText {#text} at (231,4) size 68x17
            text run at (231,4) width 68: "Courier"
        RenderText {#text} at (298,4) size 11x17
          text run at (298,4) width 11: " "
        RenderInline {SPAN} at (0,0) size 68x17
          RenderText {#text} at (308,4) size 68x17
            text run at (308,4) width 68: "Courier"
        RenderText {#text} at (375,4) size 11x17
          text run at (375,4) width 11: " "
        RenderInline {SPAN} at (0,0) size 111x20
          RenderText {#text} at (385,1) size 111x20
            text run at (385,1) width 111: "Helvetica Bold"
        RenderText {#text} at (495,4) size 10x17
          text run at (495,4) width 10: " "
        RenderInline {SPAN} at (0,0) size 112x20
          RenderText {#text} at (504,1) size 112x20
            text run at (504,1) width 112: "Helvetica Bold"
        RenderText {#text} at (615,4) size 10x17
          text run at (615,4) width 10: " "
        RenderInline {SPAN} at (0,0) size 146x26
          RenderText {#text} at (624,1) size 146x26
            text run at (624,1) width 146: "Papyrus syn. bold"
        RenderText {#text} at (0,0) size 0x0
        RenderInline {SPAN} at (0,0) size 145x26
          RenderText {#text} at (1,27) size 145x26
            text run at (1,27) width 145: "Papyrus syn. bold"
        RenderText {#text} at (0,0) size 0x0
      RenderBlock {DIV} at (4,126) size 776x42 [border: (1px solid #ADD8E6)]
        RenderInline {SPAN} at (0,0) size 68x17
          RenderText {#text} at (1,4) size 68x17
            text run at (1,4) width 68: "Courier"
        RenderText {#text} at (68,4) size 10x17
          text run at (68,4) width 10: " "
        RenderInline {SPAN} at (0,0) size 69x17
          RenderText {#text} at (77,4) size 69x17
            text run at (77,4) width 69: "Courier"
        RenderText {#text} at (145,4) size 10x17
          text run at (145,4) width 10: " "
        RenderInline {SPAN} at (0,0) size 68x17
          RenderText {#text} at (154,4) size 68x17
            text run at (154,4) width 68: "Courier"
        RenderText {#text} at (221,4) size 11x17
          text run at (221,4) width 11: " "
        RenderInline {SPAN} at (0,0) size 68x17
          RenderText {#text} at (231,4) size 68x17
            text run at (231,4) width 68: "Courier"
        RenderText {#text} at (298,4) size 11x17
          text run at (298,4) width 11: " "
        RenderInline {SPAN} at (0,0) size 68x17
          RenderText {#text} at (308,4) size 68x17
            text run at (308,4) width 68: "Courier"
        RenderText {#text} at (375,4) size 11x17
          text run at (375,4) width 11: " "
        RenderInline {SPAN} at (0,0) size 111x20
          RenderText {#text} at (385,1) size 111x20
            text run at (385,1) width 111: "Helvetica Bold"
        RenderText {#text} at (495,4) size 10x17
          text run at (495,4) width 10: " "
        RenderInline {SPAN} at (0,0) size 112x20
          RenderText {#text} at (504,1) size 112x20
            text run at (504,1) width 112: "Helvetica Bold"
        RenderText {#text} at (615,4) size 10x17
          text run at (615,4) width 10: " "
        RenderInline {SPAN} at (0,0) size 112x20
          RenderText {#text} at (624,1) size 112x20
            text run at (624,1) width 112: "Helvetica Bold"
        RenderText {#text} at (0,0) size 0x0
        RenderInline {SPAN} at (0,0) size 111x20
          RenderText {#text} at (1,21) size 111x20
            text run at (1,21) width 111: "Helvetica Bold"
        RenderText {#text} at (0,0) size 0x0
      RenderBlock {DIV} at (4,172) size 776x42 [border: (1px solid #ADD8E6)]
        RenderInline {SPAN} at (0,0) size 68x17
          RenderText {#text} at (1,4) size 68x17
            text run at (1,4) width 68: "Courier"
        RenderText {#text} at (68,4) size 10x17
          text run at (68,4) width 10: " "
        RenderInline {SPAN} at (0,0) size 69x17
          RenderText {#text} at (77,4) size 69x17
            text run at (77,4) width 69: "Courier"
        RenderText {#text} at (145,4) size 10x17
          text run at (145,4) width 10: " "
        RenderInline {SPAN} at (0,0) size 68x17
          RenderText {#text} at (154,4) size 68x17
            text run at (154,4) width 68: "Courier"
        RenderText {#text} at (221,4) size 11x17
          text run at (221,4) width 11: " "
        RenderInline {SPAN} at (0,0) size 68x17
          RenderText {#text} at (231,4) size 68x17
            text run at (231,4) width 68: "Courier"
        RenderText {#text} at (298,4) size 11x17
          text run at (298,4) width 11: " "
        RenderInline {SPAN} at (0,0) size 68x17
          RenderText {#text} at (308,4) size 68x17
            text run at (308,4) width 68: "Courier"
        RenderText {#text} at (375,4) size 11x17
          text run at (375,4) width 11: " "
        RenderInline {SPAN} at (0,0) size 111x20
          RenderText {#text} at (385,1) size 111x20
            text run at (385,1) width 111: "Helvetica Bold"
        RenderText {#text} at (495,4) size 10x17
          text run at (495,4) width 10: " "
        RenderInline {SPAN} at (0,0) size 112x20
          RenderText {#text} at (504,1) size 112x20
            text run at (504,1) width 112: "Helvetica Bold"
        RenderText {#text} at (615,4) size 10x17
          text run at (615,4) width 10: " "
        RenderInline {SPAN} at (0,0) size 112x20
          RenderText {#text} at (624,1) size 112x20
            text run at (624,1) width 112: "Helvetica Bold"
        RenderText {#text} at (0,0) size 0x0
        RenderInline {SPAN} at (0,0) size 111x20
          RenderText {#text} at (1,21) size 111x20
            text run at (1,21) width 111: "Helvetica Bold"
        RenderText {#text} at (0,0) size 0x0
      RenderBlock {P} at (0,230) size 784x20
        RenderText {#text} at (0,0) size 228x19
          text run at (0,0) width 228: "Times followed by Ahem (normal):"
      RenderBlock {DIV} at (4,266) size 776x22 [border: (1px solid #ADD8E6)]
        RenderText {#text} at (1,1) size 44x19
          text run at (1,1) width 44: "Times "
        RenderInline {I} at (0,0) size 65x16
          RenderText {#text} at (44,3) size 65x16
            text run at (44,3) width 65: "AHEM"
        RenderText {#text} at (0,0) size 0x0
      RenderBlock {P} at (0,304) size 784x20
        RenderText {#text} at (0,0) size 104x19
          text run at (0,0) width 104: "Ahem (normal):"
      RenderBlock {DIV} at (4,340) size 776x18 [border: (1px solid #ADD8E6)]
        RenderText {#text} at (1,1) size 80x16
          text run at (1,1) width 80: "AHEM "
        RenderInline {I} at (0,0) size 64x16
          RenderText {#text} at (81,1) size 64x16
            text run at (81,1) width 64: "AHEM"
        RenderText {#text} at (0,0) size 0x0
      RenderBlock {P} at (0,374) size 784x20
        RenderText {#text} at (0,0) size 333x19
          text run at (0,0) width 333: "Ahem (normal) followed by Ahem (synthetic bold):"
      RenderBlock {DIV} at (4,410) size 776x18 [border: (1px solid #ADD8E6)]
        RenderText {#text} at (1,1) size 80x16
          text run at (1,1) width 80: "AHEM "
        RenderInline {B} at (0,0) size 68x16
          RenderText {#text} at (81,1) size 68x16
            text run at (81,1) width 68: "AHEM"
        RenderText {#text} at (0,0) size 0x0
      RenderBlock {P} at (0,444) size 784x20
        RenderText {#text} at (0,0) size 343x19
          text run at (0,0) width 343: "Ahem (normal) followed by Ahem (synthetic italics):"
      RenderBlock {DIV} at (4,480) size 776x18 [border: (1px solid #ADD8E6)]
        RenderText {#text} at (1,1) size 80x16
          text run at (1,1) width 80: "AHEM "
        RenderInline {I} at (0,0) size 64x16
          RenderText {#text} at (81,1) size 64x16
            text run at (81,1) width 64: "AHEM"
        RenderText {#text} at (0,0) size 0x0
