layer at (0,0) size 800x600
  RenderView at (0,0) size 800x600
layer at (0,0) size 800x462
  RenderBlock {HTML} at (0,0) size 800x462
    RenderBody {BODY} at (8,16) size 784x430
      RenderBlock {P} at (0,0) size 784x20
        RenderText {#text} at (0,0) size 471x19
          text run at (0,0) width 471: "Fails indicate that the font property specification is invalid in strict mode."
      RenderBlock {P} at (0,52) size 784x38
        RenderText {#text} at (0,1) size 220x36
          text run at (0,1) width 220: "24pt italic = 24pt"
      RenderBlock {P} at (0,122) size 784x20
        RenderText {#text} at (0,0) size 147x19
          text run at (0,0) width 147: "24pt italic Arial = 24pt"
      RenderBlock {P} at (0,158) size 784x20
        RenderText {#text} at (0,0) size 190x19
          text run at (0,0) width 190: "24pt italic 'Arial' = 24pt Arial"
      RenderBlock {P} at (0,194) size 784x20
        RenderText {#text} at (0,0) size 109x19
          text run at (0,0) width 109: "italic 24pt = fails"
      RenderBlock {P} at (0,230) size 784x20
        RenderText {#text} at (0,0) size 221x19
          text run at (0,0) width 221: "italic 24pt Arial = 24pt Arial Italic"
      RenderBlock {P} at (0,266) size 784x20
        RenderText {#text} at (0,0) size 227x19
          text run at (0,0) width 227: "italic 24pt 'Arial' = 24pt Arial Italic"
      RenderBlock {P} at (0,302) size 784x20
        RenderText {#text} at (0,0) size 146x19
          text run at (0,0) width 146: "Arial 24pt italic = fails"
      RenderBlock {P} at (0,338) size 784x20
        RenderText {#text} at (0,0) size 152x19
          text run at (0,0) width 152: "'Arial' 24pt italic = fails"
      RenderBlock {P} at (0,374) size 784x20
        RenderText {#text} at (0,0) size 146x19
          text run at (0,0) width 146: "Arial italic 24pt = fails"
      RenderBlock {P} at (0,410) size 784x20
        RenderText {#text} at (0,0) size 152x19
          text run at (0,0) width 152: "'Arial' italic 24pt = fails"
