layer at (0,0) size 800x600
  RenderView at (0,0) size 800x600
layer at (0,0) size 800x600
  RenderBlock {HTML} at (0,0) size 800x600
    RenderBody {BODY} at (8,8) size 784x584
      RenderBlock {P} at (0,0) size 784x40
        RenderText {#text} at (0,0) size 783x39
          text run at (0,0) width 491: "This tests that when @font-face rules with unicode-range are specified for a "
          text run at (490,0) width 293: "font that exists on the system, the system font"
          text run at (0,20) width 160: "is used for all characters "
          text run at (159,20) width 159: "not explictly overridden."
      RenderBlock {P} at (0,56) size 784x20
        RenderText {#text} at (0,0) size 523x19
          text run at (0,0) width 455: "In the next line, the digits should be in Times, but the letters should be "
          text run at (454,0) width 69: "in Courier."
      RenderBlock (anonymous) at (0,92) size 784x30
        RenderInline {SPAN} at (0,0) size 279x25
          RenderText {#text} at (0,4) size 279x25
            text run at (0,4) width 279: "ABCDEFGHIJ 1234567890"
        RenderText {#text} at (0,0) size 0x0
