layer at (0,0) size 800x600
  RenderView at (0,0) size 800x600
layer at (0,0) size 800x600
  RenderBlock {HTML} at (0,0) size 800x600
    RenderBody {BODY} at (8,8) size 784x584
      RenderBlock {P} at (0,0) size 784x20
        RenderText {#text} at (0,0) size 54x19
          text run at (0,0) width 54: "Test for "
        RenderInline {A} at (0,0) size 68x19 [color=#0000EE]
          RenderText {#text} at (53,0) size 68x19
            text run at (53,0) width 68: "bug 11590"
        RenderText {#text} at (120,0) size 577x19
          text run at (120,0) width 577: ": REGRESSION (r17726-r17742): Wikipedia page intermittently loads but doesn't render."
      RenderBlock {P} at (0,36) size 784x40
        RenderText {#text} at (0,0) size 765x39
          text run at (0,0) width 765: "All four sides of the square below should be present for this test to really pass, and WebKit shouldn't crash for it to pass"
          text run at (0,20) width 57: "partially."
      RenderBlock {DIV} at (0,92) size 106x106 [border: (3px solid #000000)]
