layer at (0,0) size 800x600
  RenderView at (0,0) size 800x600
layer at (0,0) size 800x600
  RenderBlock {HTML} at (0,0) size 800x600
    RenderBody {BODY} at (8,8) size 784x542
      RenderBlock {P} at (0,0) size 784x20
        RenderInline {A} at (0,0) size 60x19 [color=#0000EE]
          RenderText {#text} at (0,0) size 60x19
            text run at (0,0) width 60: "bug 7118"
        RenderText {#text} at (59,0) size 363x19
          text run at (59,0) width 363: ": Wrong property values do not get invalidated correctly."
      RenderBlock {P} at (0,36) size 784x20
        RenderText {#text} at (0,0) size 385x19
          text run at (0,0) width 385: "The two words \"test\" should look the same, with no outline:"
      RenderBlock {DIV} at (0,106) size 784x59
        RenderBlock {P} at (0,0) size 100x59
          RenderText {#text} at (0,1) size 70x56
            text run at (0,1) width 70: "test"
      RenderBlock {P} at (0,215) size 784x59
        RenderText {#text} at (0,1) size 70x56
          text run at (0,1) width 70: "test"
