layer at (0,0) size 800x600
  RenderView at (0,0) size 800x600
layer at (0,0) size 800x600
  RenderBlock {HTML} at (0,0) size 800x600
    RenderBody {BODY} at (8,8) size 784x576
      RenderBlock {P} at (0,0) size 784x20
        RenderInline {A} at (0,0) size 60x19 [color=#0000EE]
          RenderText {#text} at (0,0) size 60x19
            text run at (0,0) width 60: "bug 7118"
        RenderText {#text} at (59,0) size 363x19
          text run at (59,0) width 363: ": Wrong property values do not get invalidated correctly."
      RenderBlock (anonymous) at (0,36) size 784x0
        RenderInline {DIV} at (0,0) size 0x0
          RenderText {#text} at (0,0) size 0x0
        RenderText {#text} at (0,0) size 0x0
layer at (8,44) size 200x200
  RenderBlock (floating) {DIV} at (0,0) size 200x200 [color=#FFFFFF] [bgcolor=#006400]
    RenderText {#text} at (0,0) size 187x144
      text run at (0,0) width 154: "this text should be left-"
      text run at (0,18) width 153: "aligned, all lower-case,"
      text run at (0,36) width 165: "normal font, white, 14px,"
      text run at (0,54) width 177: "bold, normally spaced and"
      text run at (0,72) width 162: "wrapped, in a darkgreen"
      text run at (0,90) width 99: "200x200px div "
      text run at (98,90) width 89: "in the top left"
      text run at (0,108) width 171: "corner with no borders or"
      text run at (0,126) width 58: "outlines."
