layer at (0,0) size 800x2864
  RenderView at (0,0) size 800x600
layer at (0,0) size 800x2864
  RenderBlock {HTML} at (0,0) size 800x2864
    RenderBody {BODY} at (8,16) size 784x2800 [bgcolor=#FFFFFF]
      RenderBlock {P} at (0,0) size 784x20
        RenderText {#text} at (0,0) size 168x19
          text run at (0,0) width 168: "This page is part of the "
        RenderInline {A} at (0,0) size 73x19 [color=#0000EE]
          RenderText {#text} at (167,0) size 73x19
            text run at (167,0) width 73: "CSS3.info"
        RenderText {#text} at (239,0) size 5x19
          text run at (239,0) width 5: " "
        RenderInline {A} at (0,0) size 133x19 [color=#0000EE]
          RenderText {#text} at (243,0) size 133x19
            text run at (243,0) width 133: "CSS selectors test"
        RenderText {#text} at (375,0) size 136x19
          text run at (375,0) width 136: ". See more info on "
        RenderInline {A} at (0,0) size 111x19 [color=#0000EE]
          RenderText {#text} at (510,0) size 111x19
            text run at (510,0) width 111: "CSS3 selectors"
        RenderText {#text} at (620,0) size 6x19
          text run at (620,0) width 6: "."
      RenderBlock {DIV} at (0,36) size 784x0 [bgcolor=#009900]
      RenderBlock {OL} at (0,36) size 784x2764
        RenderListItem {LI} at (40,0) size 628x210 [bgcolor=#AAAAAA]
          RenderBlock {DIV} at (16,16) size 596x24 [bgcolor=#990000]
            RenderBlock {DIV} at (0,0) size 596x24 [bgcolor=#009900]
          RenderBlock {PRE} at (16,53) size 596x69 [bgcolor=#FFFFFF]
            RenderListMarker at (-39,1) size 18x20: "1"
            RenderText {#text} at (6,6) size 274x57
              text run at (6,6) width 141: "div:last-of-type {"
              text run at (146,6) width 1: " "
              text run at (6,20) width 9: "}"
              text run at (14,20) width 1: " "
              text run at (6,34) width 1: " "
              text run at (6,48) width 274: "<div>Does this element match?</div>"
          RenderBlock {P} at (16,138) size 596x40
            RenderText {#text} at (0,0) size 555x39
              text run at (0,0) width 555: "The CSS selector should match the marked div element, because it is the only"
              text run at (0,20) width 139: "element of this type"
        RenderListItem {LI} at (40,258) size 628x224 [bgcolor=#AAAAAA]
          RenderBlock {DIV} at (16,16) size 596x24 [bgcolor=#990000]
            RenderBlock {DIV} at (0,0) size 596x0
            RenderBlock {DIV} at (0,0) size 596x24 [bgcolor=#009900]
          RenderBlock {PRE} at (16,53) size 596x83 [bgcolor=#FFFFFF]
            RenderListMarker at (-39,1) size 18x20: "2"
            RenderText {#text} at (6,6) size 274x71
              text run at (6,6) width 141: "div:last-of-type {"
              text run at (146,6) width 1: " "
              text run at (6,20) width 9: "}"
              text run at (14,20) width 1: " "
              text run at (6,34) width 1: " "
              text run at (6,48) width 87: "<div></div>"
              text run at (92,48) width 1: " "
              text run at (6,62) width 274: "<div>Does this element match?</div>"
          RenderBlock {P} at (16,152) size 596x40
            RenderText {#text} at (0,0) size 550x39
              text run at (0,0) width 550: "The CSS selector should match the marked div element, because it is the last"
              text run at (0,20) width 139: "element of this type"
        RenderListItem {LI} at (40,530) size 628x224 [bgcolor=#AAAAAA]
          RenderBlock {DIV} at (16,16) size 596x24 [bgcolor=#990000]
            RenderBlock {DIV} at (0,0) size 596x24 [bgcolor=#009900]
            RenderBlock {BLOCKQUOTE} at (0,24) size 596x0 [bgcolor=#009900]
          RenderBlock {PRE} at (16,53) size 596x83 [bgcolor=#FFFFFF]
            RenderListMarker at (-39,1) size 18x20: "3"
            RenderText {#text} at (6,6) size 274x71
              text run at (6,6) width 141: "div:last-of-type {"
              text run at (146,6) width 1: " "
              text run at (6,20) width 9: "}"
              text run at (14,20) width 1: " "
              text run at (6,34) width 1: " "
              text run at (6,48) width 274: "<div>Does this element match?</div>"
              text run at (279,48) width 1: " "
              text run at (6,62) width 196: "<blockquote></blockquote>"
          RenderBlock {P} at (16,152) size 596x40
            RenderText {#text} at (0,0) size 550x39
              text run at (0,0) width 550: "The CSS selector should match the marked div element, because it is the last"
              text run at (0,20) width 139: "element of this type"
        RenderListItem {LI} at (40,802) size 628x252 [bgcolor=#AAAAAA]
          RenderBlock {DIV} at (16,16) size 596x24 [bgcolor=#990000]
            RenderBlock {BLOCKQUOTE} at (0,0) size 596x24 [bgcolor=#009900]
              RenderBlock {DIV} at (0,0) size 596x24
            RenderBlock {DIV} at (0,24) size 596x0 [bgcolor=#009900]
          RenderBlock {PRE} at (16,53) size 596x111 [bgcolor=#FFFFFF]
            RenderListMarker at (-39,1) size 18x20: "4"
            RenderText {#text} at (6,6) size 297x99
              text run at (6,6) width 141: "div:last-of-type {"
              text run at (146,6) width 1: " "
              text run at (6,20) width 9: "}"
              text run at (14,20) width 1: " "
              text run at (6,34) width 1: " "
              text run at (6,48) width 95: "<blockquote>"
              text run at (100,48) width 1: " "
              text run at (6,62) width 297: "   <div>Does this element match?</div>"
              text run at (302,62) width 1: " "
              text run at (6,76) width 102: "</blockquote>"
              text run at (107,76) width 1: " "
              text run at (6,90) width 87: "<div></div>"
          RenderBlock {P} at (16,180) size 596x40
            RenderText {#text} at (0,0) size 550x39
              text run at (0,0) width 550: "The CSS selector should match the marked div element, because it is the last"
              text run at (0,20) width 233: "element of this type in this scope"
        RenderListItem {LI} at (40,1102) size 628x238 [bgcolor=#AAAAAA]
          RenderBlock {DIV} at (16,16) size 596x24 [bgcolor=#990000]
            RenderBlock {DIV} at (0,0) size 596x24 [bgcolor=#009900]
              RenderBlock {DIV} at (0,0) size 596x24
          RenderBlock {PRE} at (16,53) size 596x97 [bgcolor=#FFFFFF]
            RenderListMarker at (-39,1) size 18x20: "5"
            RenderText {#text} at (6,6) size 297x85
              text run at (6,6) width 141: "div:last-of-type {"
              text run at (146,6) width 1: " "
              text run at (6,20) width 9: "}"
              text run at (14,20) width 1: " "
              text run at (6,34) width 1: " "
              text run at (6,48) width 40: "<div>"
              text run at (45,48) width 1: " "
              text run at (6,62) width 297: "   <div>Does this element match?</div>"
              text run at (302,62) width 1: " "
              text run at (6,76) width 48: "</div>"
          RenderBlock {P} at (16,166) size 596x40
            RenderText {#text} at (0,0) size 550x39
              text run at (0,0) width 550: "The CSS selector should match the marked div element, because it is the last"
              text run at (0,20) width 284: "element of this type in the current scope"
        RenderListItem {LI} at (40,1388) size 628x252 [bgcolor=#AAAAAA]
          RenderBlock {DIV} at (16,16) size 596x24 [bgcolor=#990000]
            RenderBlock {DIV} at (0,0) size 596x24 [bgcolor=#009900]
            RenderBlock {BLOCKQUOTE} at (0,24) size 596x0 [bgcolor=#009900]
              RenderBlock {DIV} at (0,0) size 596x0
          RenderBlock {PRE} at (16,53) size 596x111 [bgcolor=#FFFFFF]
            RenderListMarker at (-39,1) size 18x20: "6"
            RenderText {#text} at (6,6) size 274x99
              text run at (6,6) width 141: "div:last-of-type {"
              text run at (146,6) width 1: " "
              text run at (6,20) width 9: "}"
              text run at (14,20) width 1: " "
              text run at (6,34) width 1: " "
              text run at (6,48) width 274: "<div>Does this element match?</div>"
              text run at (279,48) width 1: " "
              text run at (6,62) width 95: "<blockquote>"
              text run at (100,62) width 1: " "
              text run at (6,76) width 110: "   <div></div>"
              text run at (115,76) width 1: " "
              text run at (6,90) width 102: "</blockquote>"
          RenderBlock {P} at (16,180) size 596x40
            RenderText {#text} at (0,0) size 550x39
              text run at (0,0) width 550: "The CSS selector should match the marked div element, because it is the last"
              text run at (0,20) width 284: "element of this type in the current scope"
        RenderListItem {LI} at (40,1688) size 628x224 [bgcolor=#AAAAAA]
          RenderBlock {DIV} at (16,16) size 596x24 [bgcolor=#009900]
            RenderBlock {DIV} at (0,0) size 596x24
            RenderBlock {DIV} at (0,24) size 596x0 [bgcolor=#990000]
          RenderBlock {PRE} at (16,53) size 596x83 [bgcolor=#FFFFFF]
            RenderListMarker at (-39,1) size 18x20: "7"
            RenderText {#text} at (6,6) size 274x71
              text run at (6,6) width 141: "div:last-of-type {"
              text run at (146,6) width 1: " "
              text run at (6,20) width 9: "}"
              text run at (14,20) width 1: " "
              text run at (6,34) width 1: " "
              text run at (6,48) width 274: "<div>Does this element match?</div>"
              text run at (279,48) width 1: " "
              text run at (6,62) width 87: "<div></div>"
          RenderBlock {P} at (16,152) size 596x40
            RenderText {#text} at (0,0) size 578x39
              text run at (0,0) width 578: "The CSS selector should not match the marked div element, because it is the first"
              text run at (0,20) width 139: "element of this type"
        RenderListItem {LI} at (40,1960) size 628x224 [bgcolor=#AAAAAA]
          RenderBlock {DIV} at (16,16) size 596x24 [bgcolor=#009900]
            RenderBlock {DIV} at (0,0) size 596x24
            RenderBlock {DIV} at (0,24) size 596x0 [bgcolor=#990000]
          RenderBlock {PRE} at (16,53) size 596x83 [bgcolor=#FFFFFF]
            RenderListMarker at (-39,1) size 18x20: "8"
            RenderText {#text} at (6,6) size 274x71
              text run at (6,6) width 141: "div:last-of-type {"
              text run at (146,6) width 1: " "
              text run at (6,20) width 9: "}"
              text run at (14,20) width 1: " "
              text run at (6,34) width 1: " "
              text run at (6,48) width 274: "<div>Does this element match?</div>"
              text run at (279,48) width 1: " "
              text run at (6,62) width 87: "<DIV></DIV>"
          RenderBlock {P} at (16,152) size 596x40
            RenderText {#text} at (0,0) size 578x39
              text run at (0,0) width 578: "The CSS selector should not match the marked div element, because it is the first"
              text run at (0,20) width 139: "element of this type"
        RenderListItem {LI} at (40,2232) size 628x252 [bgcolor=#AAAAAA]
          RenderBlock {DIV} at (16,16) size 596x24 [bgcolor=#990000]
            RenderBlock {DIV} at (0,0) size 596x0
            RenderBlock {DIV} at (0,0) size 596x24 [bgcolor=#009900]
          RenderBlock {PRE} at (16,53) size 596x111 [bgcolor=#FFFFFF]
            RenderListMarker at (-39,1) size 18x20: "9"
            RenderText {#text} at (6,6) size 469x99
              text run at (6,6) width 141: "div:last-of-type {"
              text run at (146,6) width 1: " "
              text run at (6,20) width 9: "}"
              text run at (14,20) width 1: " "
              text run at (6,34) width 1: " "
              text run at (6,48) width 219: "<div id='insertAfter'></div>"
              text run at (224,48) width 1: " "
              text run at (6,62) width 1: " "
              text run at (6,76) width 375: "var ib = document.getElementById('insertAfter');"
              text run at (380,76) width 1: " "
              text run at (6,90) width 469: "ib.parentElement.appendChild(document.createElement(\"div\"));"
          RenderBlock {P} at (16,180) size 596x40
            RenderText {#text} at (0,0) size 571x39
              text run at (0,0) width 571: "The CSS selector should match the div element that is inserted by the Javascript"
              text run at (0,20) width 40: "code."
        RenderListItem {LI} at (40,2532) size 628x232 [bgcolor=#AAAAAA]
          RenderBlock {DIV} at (16,16) size 596x24 [bgcolor=#009900]
            RenderBlock {DIV} at (0,0) size 596x24
            RenderBlock {DIV} at (0,24) size 596x0 [bgcolor=#990000]
          RenderBlock {PRE} at (16,53) size 596x111 [bgcolor=#FFFFFF]
            RenderListMarker at (-48,1) size 27x20: "10"
            RenderText {#text} at (6,6) size 469x99
              text run at (6,6) width 141: "div:last-of-type {"
              text run at (146,6) width 1: " "
              text run at (6,20) width 9: "}"
              text run at (14,20) width 1: " "
              text run at (6,34) width 1: " "
              text run at (6,48) width 219: "<div id='insertAfter'></div>"
              text run at (224,48) width 1: " "
              text run at (6,62) width 1: " "
              text run at (6,76) width 375: "var ib = document.getElementById('insertAfter');"
              text run at (380,76) width 1: " "
              text run at (6,90) width 469: "ib.parentElement.appendChild(document.createElement(\"div\"));"
          RenderBlock {P} at (16,180) size 596x20
            RenderText {#text} at (0,0) size 534x19
              text run at (0,0) width 534: "The original div element should not be a match for the :last-of-type selector."
