layer at (0,0) size 800x600
  RenderView at (0,0) size 800x600
layer at (0,0) size 800x600
  RenderBlock {HTML} at (0,0) size 800x600
    RenderBody {BODY} at (8,8) size 784x584
      RenderBlock {DIV} at (0,0) size 784x20
        RenderText {#text} at (0,0) size 54x19
          text run at (0,0) width 54: "Test for "
        RenderInline {A} at (0,0) size 121x19 [color=#0000EE]
          RenderText {#text} at (53,0) size 121x19
            text run at (53,0) width 121: "Bugzilla Bug 9934"
        RenderText {#text} at (173,0) size 463x19
          text run at (173,0) width 463: " Selecting text in text field with {line-height:100%} causes it to bounce."
      RenderBlock {DIV} at (0,20) size 784x25
        RenderTextControl {INPUT} at (2,2) size 155x22 [bgcolor=#FFFFFF] [border: (1px solid #E4E4E5)]
      RenderBlock {DIV} at (0,45) size 784x40
        RenderText {#text} at (0,0) size 750x39
          text run at (0,0) width 586: "Select the text in the text field using horizontal mouse movements, then drag up and down. "
          text run at (585,0) width 165: "The text should not move"
          text run at (0,20) width 64: "vertically."
layer at (17,33) size 141x14
  RenderBlock {DIV} at (6,3) size 143x15
    RenderText {#text} at (0,0) size 68x14
      text run at (0,0) width 68: "Lorem Ipsum"
