layer at (0,0) size 800x600
  RenderView at (0,0) size 800x600
layer at (0,0) size 800x52
  RenderBlock {HTML} at (0,0) size 800x52
    RenderBody {BODY} at (8,8) size 784x36
      RenderTable {TABLE} at (0,0) size 784x36
        RenderTableSection {TBODY} at (0,0) size 784x36
          RenderTableRow {TR} at (0,2) size 784x15
            RenderTableCell {TD} at (2,2) size 8x15 [color=#333333] [bgcolor=#EEEEEE] [r=0 c=0 rs=1 cs=1]
              RenderText {#text} at (1,1) size 144x13
                text run at (1,1) width 144: "texttesttest"
            RenderTableCell {TD} at (11,2) size 9x15 [color=#333333] [bgcolor=#EEEEEE] [r=0 c=1 rs=1 cs=1]
              RenderText {#text} at (1,1) size 144x13
                text run at (1,1) width 144: "texttesttest"
            RenderTableCell {TD} at (21,8) size 761x3 [color=#333333] [bgcolor=#EEEEEE] [r=0 c=2 rs=1 cs=1]
          RenderTableRow {TR} at (0,19) size 784x15
            RenderTableCell {TD} at (2,19) size 780x15 [color=#333333] [bgcolor=#EEEEEE] [r=1 c=0 rs=1 cs=3]
              RenderText {#text} at (1,1) size 312x13
                text run at (1,1) width 312: "texttesttexttesttesttextte"
