layer at (0,0) size 800x600
  RenderView at (0,0) size 800x600
layer at (0,0) size 800x204
  RenderBlock {HTML} at (0,0) size 800x204
    RenderBody {BODY} at (8,16) size 784x180
      RenderBlock {P} at (0,0) size 784x40
        RenderText {#text} at (0,0) size 766x39
          text run at (0,0) width 766: "The following two phrases should appear identical. The second line of text should overlap both the first line and the red"
          text run at (0,20) width 45: "border."
      RenderBlock {DIV} at (0,56) size 424x52 [border: (2px solid #FF0000)]
        RenderBlock {DIV} at (12,12) size 400x38
          RenderText {#text} at (0,-18) size 398x74
            text run at (0,-18) width 398: "Lorem ipsum dolor"
            text run at (0,1) width 169: "sit amet"
      RenderBlock (anonymous) at (0,108) size 784x20
        RenderBR {BR} at (0,0) size 0x19
      RenderBlock {DIV} at (0,128) size 424x52 [border: (2px solid #FF0000)]
        RenderBlock {DIV} at (12,12) size 400x38
          RenderText {#text} at (0,-18) size 398x74
            text run at (0,-18) width 398: "Lorem ipsum dolor"
            text run at (0,1) width 169: "sit amet"
