layer at (0,0) size 800x600
  RenderView at (0,0) size 800x600
layer at (0,0) size 800x473
  RenderBlock {HTML} at (0,0) size 800x473
    RenderBody {BODY} at (8,8) size 784x457
      RenderBlock {DIV} at (0,0) size 784x20
        RenderText {#text} at (0,0) size 121x19
          text run at (0,0) width 121: "Before empty span"
      RenderBlock (anonymous) at (0,20) size 784x100
        RenderInline {SPAN} at (0,0) size 0x19
        RenderText {#text} at (0,40) size 12x19
          text run at (0,40) width 12: "X"
      RenderBlock {DIV} at (0,120) size 784x20
        RenderText {#text} at (0,0) size 112x19
          text run at (0,0) width 112: "After empty span"
      RenderBlock {DIV} at (0,140) size 784x20
        RenderText {#text} at (0,0) size 121x19
          text run at (0,0) width 121: "Before empty span"
      RenderBlock (anonymous) at (0,160) size 784x117
        RenderInline {SPAN} at (0,0) size 0x112
        RenderText {#text} at (0,77) size 12x19
          text run at (0,77) width 12: "X"
      RenderBlock {DIV} at (0,277) size 784x20
        RenderText {#text} at (0,0) size 112x19
          text run at (0,0) width 112: "After empty span"
      RenderBlock {DIV} at (0,297) size 784x20
        RenderText {#text} at (0,0) size 121x19
          text run at (0,0) width 121: "Before empty span"
      RenderBlock (anonymous) at (0,317) size 784x120
        RenderInline {SPAN} at (0,0) size 0x19
        RenderText {#text} at (0,100) size 12x19
          text run at (0,100) width 12: "X"
      RenderBlock {DIV} at (0,437) size 784x20
        RenderText {#text} at (0,0) size 112x19
          text run at (0,0) width 112: "After empty span"
