layer at (0,0) size 800x600
  RenderView at (0,0) size 800x600
layer at (0,0) size 800x600
  RenderBlock {HTML} at (0,0) size 800x600
    RenderBody {BODY} at (8,8) size 784x582
      RenderBlock {P} at (0,0) size 784x20
        RenderText {#text} at (0,0) size 331x19
          text run at (0,0) width 331: "Test :nth-child() when dynamically adding siblings."
      RenderBlock {P} at (0,36) size 784x20
        RenderInline {A} at (0,0) size 310x19 [color=#0000EE]
          RenderText {#text} at (0,0) size 310x19
            text run at (0,0) width 310: "https://bugs.webkit.org/show_bug.cgi?id=26362"
      RenderBlock {DIV} at (10,72) size 764x232 [border: (1px solid #000000)]
        RenderBlock {P} at (11,6) size 747x20 [color=#FF0000]
          RenderText {#text} at (0,0) size 61x19
            text run at (0,0) width 13: "P "
            text run at (12,0) width 49: "red text"
        RenderBlock {DIV} at (6,26) size 752x20
          RenderText {#text} at (0,0) size 29x19
            text run at (0,0) width 29: "DIV"
        RenderBlock {P} at (11,46) size 747x20
          RenderText {#text} at (0,0) size 9x19
            text run at (0,0) width 9: "P"
        RenderBlock {DIV} at (6,66) size 752x20 [color=#FF0000] [bgcolor=#9999FF]
          RenderText {#text} at (0,0) size 133x19
            text run at (0,0) width 33: "DIV "
            text run at (32,0) width 53: "red text "
            text run at (84,0) width 49: "blue bg"
        RenderBlock {P} at (11,86) size 747x20
          RenderText {#text} at (0,0) size 9x19
            text run at (0,0) width 9: "P"
        RenderBlock {DIV} at (6,106) size 752x20
          RenderText {#text} at (0,0) size 29x19
            text run at (0,0) width 29: "DIV"
        RenderBlock {P} at (11,126) size 747x20 [color=#FF0000]
          RenderText {#text} at (0,0) size 61x19
            text run at (0,0) width 13: "P "
            text run at (12,0) width 49: "red text"
        RenderBlock {DIV} at (6,146) size 752x20
          RenderText {#text} at (0,0) size 29x19
            text run at (0,0) width 29: "DIV"
        RenderBlock {P} at (11,166) size 747x20
          RenderText {#text} at (0,0) size 9x19
            text run at (0,0) width 9: "P"
        RenderBlock {DIV} at (6,186) size 752x20 [color=#FF0000]
          RenderText {#text} at (0,0) size 81x19
            text run at (0,0) width 33: "DIV "
            text run at (32,0) width 49: "red text"
        RenderBlock {P} at (11,206) size 747x20
          RenderText {#text} at (0,0) size 9x19
            text run at (0,0) width 9: "P"
      RenderBlock {DIV} at (10,314) size 764x252 [border: (1px solid #000000)]
        RenderText {#text} at (6,6) size 264x19
          text run at (6,6) width 264: "child 0: PASS: found color rgb(255, 0, 0)"
        RenderBR {BR} at (269,6) size 1x19
        RenderText {#text} at (6,26) size 248x19
          text run at (6,26) width 248: "child 1: PASS: found color rgb(0, 0, 0)"
        RenderBR {BR} at (253,26) size 1x19
        RenderText {#text} at (6,46) size 248x19
          text run at (6,46) width 248: "child 2: PASS: found color rgb(0, 0, 0)"
        RenderBR {BR} at (253,46) size 1x19
        RenderText {#text} at (6,66) size 264x19
          text run at (6,66) width 264: "child 3: PASS: found color rgb(255, 0, 0)"
        RenderBR {BR} at (269,66) size 1x19
        RenderText {#text} at (6,86) size 248x19
          text run at (6,86) width 248: "child 4: PASS: found color rgb(0, 0, 0)"
        RenderBR {BR} at (253,86) size 1x19
        RenderText {#text} at (6,106) size 248x19
          text run at (6,106) width 248: "child 5: PASS: found color rgb(0, 0, 0)"
        RenderBR {BR} at (253,106) size 1x19
        RenderText {#text} at (6,126) size 264x19
          text run at (6,126) width 264: "child 6: PASS: found color rgb(255, 0, 0)"
        RenderBR {BR} at (269,126) size 1x19
        RenderText {#text} at (6,146) size 248x19
          text run at (6,146) width 248: "child 7: PASS: found color rgb(0, 0, 0)"
        RenderBR {BR} at (253,146) size 1x19
        RenderText {#text} at (6,166) size 248x19
          text run at (6,166) width 248: "child 8: PASS: found color rgb(0, 0, 0)"
        RenderBR {BR} at (253,166) size 1x19
        RenderText {#text} at (6,186) size 264x19
          text run at (6,186) width 264: "child 9: PASS: found color rgb(255, 0, 0)"
        RenderBR {BR} at (269,186) size 1x19
        RenderText {#text} at (6,206) size 256x19
          text run at (6,206) width 256: "child 10: PASS: found color rgb(0, 0, 0)"
        RenderBR {BR} at (261,206) size 1x19
        RenderText {#text} at (6,226) size 285x19
          text run at (6,226) width 285: "div 1: PASS: found color rgb(153, 153, 255)"
        RenderBR {BR} at (290,226) size 1x19
