layer at (0,0) size 800x1589
  RenderView at (0,0) size 800x600
layer at (0,0) size 800x1589
  RenderBlock {HTML} at (0,0) size 800x1589
    RenderBody {BODY} at (8,16) size 784x1525 [bgcolor=#FFFFFF]
      RenderBlock {P} at (0,0) size 784x20
        RenderText {#text} at (0,0) size 168x19
          text run at (0,0) width 168: "This page is part of the "
        RenderInline {A} at (0,0) size 73x19 [color=#0000EE]
          RenderText {#text} at (167,0) size 73x19
            text run at (167,0) width 73: "CSS3.info"
        RenderText {#text} at (239,0) size 5x19
          text run at (239,0) width 5: " "
        RenderInline {A} at (0,0) size 133x19 [color=#0000EE]
          RenderText {#text} at (243,0) size 133x19
            text run at (243,0) width 133: "CSS selectors test"
        RenderText {#text} at (375,0) size 136x19
          text run at (375,0) width 136: ". See more info on "
        RenderInline {A} at (0,0) size 111x19 [color=#0000EE]
          RenderText {#text} at (510,0) size 111x19
            text run at (510,0) width 111: "CSS3 selectors"
        RenderText {#text} at (620,0) size 6x19
          text run at (620,0) width 6: "."
      RenderBlock {DIV} at (0,36) size 784x0 [bgcolor=#009900]
      RenderBlock {OL} at (0,36) size 784x1489
        RenderListItem {LI} at (40,0) size 628x238 [bgcolor=#AAAAAA]
          RenderBlock {DIV} at (16,16) size 596x24 [bgcolor=#990000]
            RenderBlock {DIV} at (0,0) size 596x24 [bgcolor=#009900]
          RenderBlock {PRE} at (16,53) size 596x97 [bgcolor=#FFFFFF]
            RenderListMarker at (-39,1) size 18x20: "1"
            RenderText {#text} at (6,6) size 134x85
              text run at (6,6) width 134: "div :only-child {"
              text run at (139,6) width 1: " "
              text run at (6,20) width 9: "}"
              text run at (14,20) width 1: " "
              text run at (6,34) width 1: " "
              text run at (6,48) width 40: "<div>"
              text run at (45,48) width 1: " "
              text run at (6,62) width 110: "   <div></div>"
              text run at (115,62) width 1: " "
              text run at (6,76) width 48: "</div>"
          RenderBlock {P} at (16,166) size 596x40
            RenderText {#text} at (0,0) size 592x39
              text run at (0,0) width 592: "The CSS selector should match the inner div element, because it is the only child of"
              text run at (0,20) width 150: "the outer div element"
        RenderListItem {LI} at (40,286) size 628x252 [bgcolor=#AAAAAA]
          RenderBlock {DIV} at (16,16) size 596x24 [bgcolor=#990000]
            RenderBlock {DIV} at (0,0) size 596x24 [bgcolor=#009900]
          RenderBlock {PRE} at (16,53) size 596x111 [bgcolor=#FFFFFF]
            RenderListMarker at (-39,1) size 18x20: "2"
            RenderText {#text} at (6,6) size 204x99
              text run at (6,6) width 134: "div :only-child {"
              text run at (139,6) width 1: " "
              text run at (6,20) width 9: "}"
              text run at (14,20) width 1: " "
              text run at (6,34) width 1: " "
              text run at (6,48) width 40: "<div>"
              text run at (45,48) width 1: " "
              text run at (6,62) width 110: "   <div></div>"
              text run at (115,62) width 1: " "
              text run at (6,76) width 204: "   <!-- Just a comment -->"
              text run at (209,76) width 1: " "
              text run at (6,90) width 48: "</div>"
          RenderBlock {P} at (16,180) size 596x40
            RenderText {#text} at (0,0) size 592x39
              text run at (0,0) width 592: "The CSS selector should match the inner div element, because it is the only child of"
              text run at (0,20) width 150: "the outer div element"
        RenderListItem {LI} at (40,586) size 628x272 [bgcolor=#AAAAAA]
          RenderBlock {DIV} at (16,16) size 596x44 [bgcolor=#990000]
            RenderBlock {DIV} at (0,0) size 596x24 [bgcolor=#009900]
            RenderBlock (anonymous) at (0,24) size 596x20
              RenderListMarker at (-39,0) size 18x19: "3"
              RenderText {#text} at (0,0) size 5x19
                text run at (0,0) width 5: "."
          RenderBlock {PRE} at (16,73) size 596x111 [bgcolor=#FFFFFF]
            RenderText {#text} at (6,6) size 219x99
              text run at (6,6) width 134: "div :only-child {"
              text run at (139,6) width 1: " "
              text run at (6,20) width 9: "}"
              text run at (14,20) width 1: " "
              text run at (6,34) width 1: " "
              text run at (6,48) width 40: "<div>"
              text run at (45,48) width 1: " "
              text run at (6,62) width 110: "   <div></div>"
              text run at (115,62) width 1: " "
              text run at (6,76) width 219: "   How about regular text..."
              text run at (224,76) width 1: " "
              text run at (6,90) width 48: "</div>"
          RenderBlock {P} at (16,200) size 596x40
            RenderText {#text} at (0,0) size 592x39
              text run at (0,0) width 592: "The CSS selector should match the inner div element, because it is the only child of"
              text run at (0,20) width 150: "the outer div element"
        RenderListItem {LI} at (40,906) size 628x255 [bgcolor=#AAAAAA]
          RenderBlock {DIV} at (16,16) size 596x24 [bgcolor=#009900]
            RenderBlock {DIV} at (0,0) size 596x24
            RenderBlock {BLOCKQUOTE} at (40,40) size 516x0
          RenderBlock {PRE} at (16,56) size 596x111 [bgcolor=#FFFFFF]
            RenderListMarker at (-39,1) size 18x20: "4"
            RenderText {#text} at (6,6) size 219x99
              text run at (6,6) width 134: "div :only-child {"
              text run at (139,6) width 1: " "
              text run at (6,20) width 9: "}"
              text run at (14,20) width 1: " "
              text run at (6,34) width 1: " "
              text run at (6,48) width 48: "<div> "
              text run at (53,48) width 1: " "
              text run at (6,62) width 110: "   <div></div>"
              text run at (115,62) width 1: " "
              text run at (6,76) width 219: "   <blockquote></blockquote>"
              text run at (224,76) width 1: " "
              text run at (6,90) width 48: "</div>"
          RenderBlock {P} at (16,183) size 596x40
            RenderText {#text} at (0,0) size 574x39
              text run at (0,0) width 574: "The CSS selector should not match the inner div element, because it not the only"
              text run at (0,20) width 33: "child"
        RenderListItem {LI} at (40,1209) size 628x280 [bgcolor=#AAAAAA]
          RenderBlock {DIV} at (16,16) size 596x24 [bgcolor=#009900]
            RenderBlock {DIV} at (0,0) size 596x24
            RenderBlock {DIV} at (0,24) size 596x0
          RenderBlock {PRE} at (16,53) size 596x139 [bgcolor=#FFFFFF]
            RenderListMarker at (-39,1) size 18x20: "5"
            RenderText {#text} at (6,6) size 469x127
              text run at (6,6) width 134: "div :only-child {"
              text run at (139,6) width 1: " "
              text run at (6,20) width 9: "}"
              text run at (14,20) width 1: " "
              text run at (6,34) width 1: " "
              text run at (6,48) width 40: "<div>"
              text run at (45,48) width 1: " "
              text run at (6,62) width 243: "   <div id='appendChild'></div>"
              text run at (248,62) width 1: " "
              text run at (6,76) width 48: "</div>"
              text run at (53,76) width 1: " "
              text run at (6,90) width 1: " "
              text run at (6,104) width 375: "var ib = document.getElementById('appendChild');"
              text run at (380,104) width 1: " "
              text run at (6,118) width 469: "ib.parentElement.appendChild(document.createElement(\"div\"));"
          RenderBlock {P} at (16,208) size 596x40
            RenderText {#text} at (0,0) size 572x39
              text run at (0,0) width 523: "The CSS selector should not match the original div element, because it is "
              text run at (522,0) width 50: "not the"
              text run at (0,20) width 508: "only child anymore after another child is append by the Javascript code."
