layer at (0,0) size 800x600
  RenderView at (0,0) size 800x600
layer at (0,0) size 800x452
  RenderBlock {HTML} at (0,0) size 800x452
    RenderBody {BODY} at (8,8) size 784x344
      RenderBlock {DIV} at (0,0) size 784x34
        RenderText {#text} at (0,0) size 144x17
          text run at (0,0) width 144: "Test for "
        RenderInline {A} at (0,0) size 736x34 [color=#0000EE]
          RenderText {#text} at (144,0) size 736x34
            text run at (144,0) width 592: "https://bugs.webkit.org/show_bug.cgi?"
            text run at (0,17) width 128: "id=79526"
      RenderBlock {P} at (0,134) size 784x210
        RenderText {#text} at (0,0) size 350x10
          text run at (0,0) width 350: "A green 10px border on the left of "
        RenderInline {SPAN} at (0,0) size 500x210 [border: none (100px solid #008000)]
          RenderText {#text} at (450,0) size 50x10
            text run at (450,0) width 50: "this,"
          RenderBR {BR} at (500,0) size 0x10
          RenderText {#text} at (0,10) size 500x200
            text run at (0,10) width 400: "is a"
            text run at (0,110) width 500: "pass."
