layer at (0,0) size 800x600
  RenderView at (0,0) size 800x600
layer at (0,0) size 800x600
  RenderBlock {HTML} at (0,0) size 800x600
    RenderBody {BODY} at (8,8) size 784x576
      RenderBlock {P} at (0,0) size 784x40
        RenderText {#text} at (0,0) size 218x19
          text run at (0,0) width 218: "This tests for a regression against "
        RenderInline {I} at (0,0) size 722x39
          RenderInline {A} at (0,0) size 354x19 [color=#0000EE]
            RenderText {#text} at (217,0) size 354x19
              text run at (217,0) width 354: "http://bugzilla.opendarwin.org/show_bug.cgi?id=6334"
          RenderText {#text} at (570,0) size 722x39
            text run at (570,0) width 152: " REGRESSION: <input"
            text run at (0,20) width 374: "type=\"button\"> text is reversed on \"visual Hebrew\" pages"
        RenderText {#text} at (373,20) size 5x19
          text run at (373,20) width 5: "."
      RenderBlock {P} at (0,74) size 784x20
        RenderText {#text} at (0,0) size 301x19
          text run at (0,0) width 301: "The text on both buttons should like this: \x{5E8}\x{5D5}\x{5EA}\x{5E4}\x{5DB}"
      RenderBlock (anonymous) at (0,110) size 784x40
        RenderButton {BUTTON} at (0,0) size 55x20 [color=#007AFF] [bgcolor=#E9E9EA] [border: (1px solid #FFFFFF)]
          RenderBlock (anonymous) at (12,3) size 31x14
            RenderText {#text} at (0,0) size 31x14
              text run at (0,0) width 31: "\x{5E8}\x{5D5}\x{5EA}\x{5E4}\x{5DB}"
        RenderText {#text} at (0,0) size 0x0
        RenderBR {BR} at (54,-1) size 1x19
        RenderButton {INPUT} at (0,20) size 55x20 [color=#007AFF] [bgcolor=#E9E9EA] [border: (1px solid #FFFFFF)]
          RenderBlock (anonymous) at (12,3) size 31x14
            RenderText at (0,0) size 31x14
              text run at (0,0) width 31 RTL: "\x{5DB}\x{5E4}\x{5EA}\x{5D5}\x{5E8}"
        RenderText {#text} at (0,0) size 0x0
      RenderBlock {P} at (0,176) size 784x20
        RenderText {#text} at (0,0) size 255x19
          text run at (0,0) width 255: "The following lines should be identical:"
      RenderBlock {P} at (0,212) size 784x20
        RenderText {#text} at (0,0) size 64x19
          text run at (0,0) width 16: "21"
          text run at (16,0) width 48 RTL: "\x{5D4}\x{5DE}\x{5D0}\x{5D4} \x{5D4}-"
      RenderBlock {P} at (0,248) size 784x20
        RenderText {#text} at (0,0) size 64x19
          text run at (0,0) width 64: "21-\x{5D4} \x{5D4}\x{5D0}\x{5DE}\x{5D4}"
layer at (8,64) size 784x2 clip at (0,0) size 0x0
  RenderBlock {HR} at (0,56) size 784x2 [color=#808080] [border: (1px inset #808080)]
layer at (8,166) size 784x2 clip at (0,0) size 0x0
  RenderBlock {HR} at (0,158) size 784x2 [color=#808080] [border: (1px inset #808080)]
