layer at (0,0) size 800x600
  RenderView at (0,0) size 800x600
layer at (696,0) size 104x104
  RenderBlock {HTML} at (696,0) size 104x104 [border: (2px solid #000000)]
    RenderBody {BODY} at (10,10) size 84x20
      RenderText {#text} at (18,0) size 66x19
        text run at (18,0) width 5 RTL: "."
        text run at (22,0) width 62: "This is rtl"
