layer at (0,0) size 800x600
  RenderView at (0,0) size 800x600
layer at (0,0) size 800x600
  RenderBlock {HTML} at (0,0) size 800x600
    RenderBody {BODY} at (8,8) size 784x576
      RenderBlock {H1} at (0,0) size 784x38
        RenderText {#text} at (0,1) size 251x36
          text run at (0,1) width 251: "setAttribute() Test"
      RenderBlock {P} at (0,59) size 784x21 [color=#008000]
        RenderText {#text} at (0,0) size 481x19
          text run at (0,0) width 481: "This element's Class attribute is set using setAttribute(). It should be green."
      RenderBlock {P} at (0,95) size 784x21 [color=#008000]
        RenderText {#text} at (0,0) size 463x19
          text run at (0,0) width 463: "This element's ID attribute is set using setAttribute(). It should be green."
      RenderBlock {P} at (0,131) size 784x21 [color=#008000]
        RenderText {#text} at (0,0) size 476x19
          text run at (0,0) width 476: "This element's Title attribute is set using setAttribute(). It should be green."
      RenderBlock {P} at (0,167) size 784x21 [color=#008000]
        RenderText {#text} at (0,0) size 401x19
          text run at (0,0) width 401: "This element's Title attribute is hard-coded. It should be green."
      RenderBlock {P} at (0,203) size 784x21 [color=#008000]
        RenderText {#text} at (0,0) size 479x19
          text run at (0,0) width 479: "This element's Lang attribute is set using setAttribute(). It should be green."
