layer at (0,0) size 800x600
  RenderView at (0,0) size 800x600
layer at (0,0) size 800x216
  RenderBlock {HTML} at (0,0) size 800x216
    RenderBody {BODY} at (8,8) size 784x200
      RenderBlock (anonymous) at (0,0) size 784x80
        RenderText {#text} at (0,0) size 580x19
          text run at (0,0) width 580: "Each consecutive pair of lines should look exactly the same apart from the trailing ellipsis."
        RenderBR {BR} at (579,0) size 1x19
        RenderText {#text} at (0,20) size 543x19
          text run at (0,20) width 543: "The ellipsis should appear on the left for the RTL case and on the right for LTR case."
        RenderBR {BR} at (542,20) size 1x19
        RenderBR {BR} at (0,40) size 0x19
        RenderText {#text} at (0,60) size 62x19
          text run at (0,60) width 62: "RTL text:"
      RenderBlock (anonymous) at (0,120) size 784x40
        RenderBR {BR} at (0,0) size 0x19
        RenderText {#text} at (0,20) size 61x19
          text run at (0,20) width 61: "LTR Text"
layer at (8,88) size 207x20 scrollX 97 scrollWidth 304
  RenderBlock {DIV} at (0,80) size 207x20
    RenderText {#text} at (-98,0) size 305x19
      text run at (-97,0) width 4 RTL: " \x{202C}"
      text run at (-93,0) width 215 RTL: " \x{5D8}\x{5E7}\x{5E1}\x{5D8} \x{5E2}\x{5D1}\x{5E8}\x{5D9} \x{5DC}\x{5D3}\x{5D5}\x{5D2}\x{5DE}\x{5D0} \x{5D8}\x{5E7}\x{5E1}\x{5D8} \x{5E2}\x{5D1}\x{5E8}\x{5D9} \x{5DC}\x{5D3}\x{5D5}\x{5D2}\x{5DE}\x{5D0}"
      text run at (121,0) width 82: "English Text"
      text run at (203,0) width 4 RTL: "\x{202B} "
layer at (8,108) size 207x20 scrollX 97 scrollWidth 304
  RenderBlock {DIV} at (0,100) size 207x20
    RenderText {#text} at (-98,0) size 305x19
      text run at (-97,0) width 4 RTL: " \x{202C}"
      text run at (-93,0) width 215 RTL: " \x{5D8}\x{5E7}\x{5E1}\x{5D8} \x{5E2}\x{5D1}\x{5E8}\x{5D9} \x{5DC}\x{5D3}\x{5D5}\x{5D2}\x{5DE}\x{5D0} \x{5D8}\x{5E7}\x{5E1}\x{5D8} \x{5E2}\x{5D1}\x{5E8}\x{5D9} \x{5DC}\x{5D3}\x{5D5}\x{5D2}\x{5DE}\x{5D0}"
      text run at (121,0) width 82: "English Text"
      text run at (203,0) width 4 RTL: "\x{202B} "
layer at (8,168) size 207x20 scrollWidth 228
  RenderBlock {DIV} at (0,160) size 207x20
    RenderText {#text} at (0,0) size 228x19
      text run at (0,0) width 27 RTL: "\x{5DE}\x{5D9}\x{5DC}\x{5D4}"
      text run at (26,0) width 42: " word "
      text run at (67,0) width 32 RTL: "\x{5D0}\x{5D7}\x{5E8}\x{5EA}"
      text run at (98,0) width 57: " another "
      text run at (154,0) width 24 RTL: "\x{5D5}\x{5E2}\x{5D5}\x{5D3}"
      text run at (177,0) width 28: " yet "
      text run at (204,0) width 24 RTL: "\x{5D0}\x{5D7}\x{5EA}"
layer at (8,188) size 207x20 scrollWidth 228
  RenderBlock {DIV} at (0,180) size 207x20
    RenderText {#text} at (0,0) size 228x19
      text run at (0,0) width 27 RTL: "\x{5DE}\x{5D9}\x{5DC}\x{5D4}"
      text run at (26,0) width 42: " word "
      text run at (67,0) width 32 RTL: "\x{5D0}\x{5D7}\x{5E8}\x{5EA}"
      text run at (98,0) width 57: " another "
      text run at (154,0) width 24 RTL: "\x{5D5}\x{5E2}\x{5D5}\x{5D3}"
      text run at (177,0) width 28: " yet "
      text run at (204,0) width 24 RTL: "\x{5D0}\x{5D7}\x{5EA}"
