layer at (0,0) size 800x600
  RenderView at (0,0) size 800x600
layer at (0,0) size 800x551
  RenderBlock {HTML} at (0,0) size 800x551
    RenderBody {BODY} at (8,10) size 784x525
      RenderBlock {H1} at (0,0) size 784x20
        RenderText {#text} at (0,0) size 80x19
          text run at (0,0) width 80: "Simple case"
      RenderBlock {P} at (0,36) size 784x20
        RenderText {#text} at (0,0) size 63x19
          text run at (0,0) width 63: "LTR Start"
      RenderBlock {P} at (0,72) size 784x20
        RenderText {#text} at (725,0) size 59x19
          text run at (725,0) width 59: "LTR End"
      RenderBlock {P} at (0,108) size 784x20
        RenderText {#text} at (721,0) size 63x19
          text run at (721,0) width 63: "RTL Start"
      RenderBlock {P} at (0,144) size 784x20
        RenderText {#text} at (0,0) size 59x19
          text run at (0,0) width 59: "RTL End"
      RenderBlock {H1} at (0,180) size 784x20
        RenderText {#text} at (0,0) size 97x19
          text run at (0,0) width 97: "Inherited case"
      RenderBlock {DIV} at (0,216) size 784x20
        RenderBlock {P} at (0,0) size 784x20
          RenderText {#text} at (0,0) size 63x19
            text run at (0,0) width 63: "LTR Start"
      RenderBlock {DIV} at (0,252) size 784x20
        RenderBlock {P} at (0,0) size 784x20
          RenderText {#text} at (725,0) size 59x19
            text run at (725,0) width 59: "LTR End"
      RenderBlock {DIV} at (0,288) size 784x20
        RenderBlock {P} at (0,0) size 784x20
          RenderText {#text} at (721,0) size 63x19
            text run at (721,0) width 63: "RTL Start"
      RenderBlock {DIV} at (0,324) size 784x20
        RenderBlock {P} at (0,0) size 784x20
          RenderText {#text} at (0,0) size 59x19
            text run at (0,0) width 59: "RTL End"
      RenderBlock {H1} at (0,360) size 784x20
        RenderText {#text} at (0,0) size 419x19
          text run at (0,0) width 419: "Inherited case where parent block has opposite directionality."
      RenderBlock {DIV} at (0,396) size 784x20
        RenderBlock {P} at (0,0) size 784x20
          RenderText {#text} at (0,0) size 63x19
            text run at (0,0) width 63: "LTR Start"
      RenderBlock {DIV} at (0,432) size 784x20
        RenderBlock {P} at (0,0) size 784x20
          RenderText {#text} at (725,0) size 59x19
            text run at (725,0) width 59: "LTR End"
      RenderBlock {DIV} at (0,468) size 784x20
        RenderBlock {P} at (0,0) size 784x20
          RenderText {#text} at (721,0) size 63x19
            text run at (721,0) width 63: "RTL Start"
      RenderBlock {DIV} at (0,504) size 784x20
        RenderBlock {P} at (0,0) size 784x20
          RenderText {#text} at (0,0) size 59x19
            text run at (0,0) width 59: "RTL End"
