layer at (0,0) size 800x600
  RenderView at (0,0) size 800x600
layer at (0,0) size 800x340
  RenderBlock {HTML} at (0,0) size 800x340
    RenderBody {BODY} at (8,16) size 784x308
      RenderBlock {P} at (0,0) size 784x20
        RenderText {#text} at (0,0) size 314x19
          text run at (0,0) width 314: "This test is a basic check for using text-overflow."
      RenderBlock {P} at (0,36) size 784x88
        RenderText {#text} at (0,0) size 490x19
          text run at (0,0) width 490: "Apply \"text-overflow:clip\" to inputs. The following input should be clipped:"
        RenderBR {BR} at (489,0) size 1x19
        RenderTextControl {INPUT} at (0,21) size 155x22 [bgcolor=#FFFFFF] [border: (1px solid #3C3C4399)]
        RenderText {#text} at (154,20) size 5x19
          text run at (154,20) width 5: " "
        RenderTextControl {INPUT} at (158,21) size 156x22 [bgcolor=#EEEEEF] [border: (1px solid #FFFFFF)]
          RenderFlexibleBox {DIV} at (6,3) size 143x15
            RenderBlock {DIV} at (0,1) size 11x12
            RenderBlock {DIV} at (15,0) size 127x14
            RenderBlock {DIV} at (141,7) size 0x0
        RenderText {#text} at (313,20) size 5x19
          text run at (313,20) width 5: " "
        RenderTextControl {INPUT} at (317,21) size 156x22 [bgcolor=#FFFFFF] [border: (1px solid #3C3C4399)]
        RenderText {#text} at (472,20) size 5x19
          text run at (472,20) width 5: " "
        RenderTextControl {INPUT} at (476,21) size 156x22 [bgcolor=#EEEEEF] [border: (1px solid #FFFFFF)]
          RenderFlexibleBox {DIV} at (6,3) size 143x15
            RenderBlock {DIV} at (0,1) size 11x12
            RenderBlock {DIV} at (15,0) size 127x14
            RenderBlock {DIV} at (141,7) size 0x0
        RenderText {#text} at (0,0) size 0x0
        RenderTextControl {INPUT} at (0,43) size 155x22 [bgcolor=#FFFFFF] [border: (1px solid #3C3C4399)]
          RenderFlexibleBox {DIV} at (6,3) size 143x15
            RenderBlock {DIV} at (0,0) size 142x14
        RenderBR {BR} at (154,42) size 1x20
        RenderTextControl {INPUT} at (0,65) size 153x23 [bgcolor=#FFFFFF] [border: (1px solid #3C3C4399)]
        RenderText {#text} at (152,64) size 5x20
          text run at (152,64) width 5: " "
        RenderTextControl {INPUT} at (156,65) size 154x23 [bgcolor=#EEEEEF] [border: (1px solid #FFFFFF)]
          RenderFlexibleBox {DIV} at (6,3) size 141x15
            RenderBlock {DIV} at (128,1) size 12x12
            RenderBlock {DIV} at (0,0) size 125x14
            RenderBlock {DIV} at (0,7) size 0x0
        RenderText {#text} at (309,64) size 5x20
          text run at (309,64) width 5: " "
        RenderTextControl {INPUT} at (313,65) size 154x23 [bgcolor=#FFFFFF] [border: (1px solid #3C3C4399)]
        RenderText {#text} at (466,64) size 5x20
          text run at (466,64) width 5: " "
        RenderTextControl {INPUT} at (470,65) size 154x23 [bgcolor=#EEEEEF] [border: (1px solid #FFFFFF)]
          RenderFlexibleBox {DIV} at (6,3) size 141x15
            RenderBlock {DIV} at (128,1) size 12x12
            RenderBlock {DIV} at (0,0) size 125x14
            RenderBlock {DIV} at (0,7) size 0x0
        RenderText {#text} at (623,64) size 5x20
          text run at (623,64) width 5: " "
        RenderTextControl {INPUT} at (627,65) size 156x23 [bgcolor=#FFFFFF] [border: (1px solid #3C3C4399)]
          RenderFlexibleBox {DIV} at (6,3) size 143x15
            RenderBlock {DIV} at (0,0) size 142x14
        RenderText {#text} at (0,0) size 0x0
      RenderBlock {P} at (0,139) size 784x88
        RenderText {#text} at (0,0) size 547x19
          text run at (0,0) width 547: "Apply \"text-overflow:ellipsis\" to inputs. The following input should show an ellipsis:"
        RenderBR {BR} at (546,0) size 1x19
        RenderTextControl {INPUT} at (0,21) size 155x22 [bgcolor=#FFFFFF] [border: (1px solid #3C3C4399)]
        RenderText {#text} at (154,20) size 5x19
          text run at (154,20) width 5: " "
        RenderTextControl {INPUT} at (158,21) size 156x22 [bgcolor=#EEEEEF] [border: (1px solid #FFFFFF)]
          RenderFlexibleBox {DIV} at (6,3) size 143x15
            RenderBlock {DIV} at (0,1) size 11x12
            RenderBlock {DIV} at (15,0) size 127x14
            RenderBlock {DIV} at (141,7) size 0x0
        RenderText {#text} at (313,20) size 5x19
          text run at (313,20) width 5: " "
        RenderTextControl {INPUT} at (317,21) size 156x22 [bgcolor=#FFFFFF] [border: (1px solid #3C3C4399)]
        RenderText {#text} at (472,20) size 5x19
          text run at (472,20) width 5: " "
        RenderTextControl {INPUT} at (476,21) size 156x22 [bgcolor=#EEEEEF] [border: (1px solid #FFFFFF)]
          RenderFlexibleBox {DIV} at (6,3) size 143x15
            RenderBlock {DIV} at (0,1) size 11x12
            RenderBlock {DIV} at (15,0) size 127x14
            RenderBlock {DIV} at (141,7) size 0x0
        RenderText {#text} at (0,0) size 0x0
        RenderTextControl {INPUT} at (0,43) size 155x22 [bgcolor=#FFFFFF] [border: (1px solid #3C3C4399)]
          RenderFlexibleBox {DIV} at (6,3) size 143x15
            RenderBlock {DIV} at (0,0) size 142x14
        RenderBR {BR} at (154,42) size 1x20
        RenderTextControl {INPUT} at (0,65) size 153x23 [bgcolor=#FFFFFF] [border: (1px solid #3C3C4399)]
        RenderText {#text} at (152,64) size 5x20
          text run at (152,64) width 5: " "
        RenderTextControl {INPUT} at (156,65) size 154x23 [bgcolor=#EEEEEF] [border: (1px solid #FFFFFF)]
          RenderFlexibleBox {DIV} at (6,3) size 141x15
            RenderBlock {DIV} at (128,1) size 12x12
            RenderBlock {DIV} at (0,0) size 125x14
            RenderBlock {DIV} at (0,7) size 0x0
        RenderText {#text} at (309,64) size 5x20
          text run at (309,64) width 5: " "
        RenderTextControl {INPUT} at (313,65) size 154x23 [bgcolor=#FFFFFF] [border: (1px solid #3C3C4399)]
        RenderText {#text} at (466,64) size 5x20
          text run at (466,64) width 5: " "
        RenderTextControl {INPUT} at (470,65) size 154x23 [bgcolor=#EEEEEF] [border: (1px solid #FFFFFF)]
          RenderFlexibleBox {DIV} at (6,3) size 141x15
            RenderBlock {DIV} at (128,1) size 12x12
            RenderBlock {DIV} at (0,0) size 125x14
            RenderBlock {DIV} at (0,7) size 0x0
        RenderText {#text} at (623,64) size 5x20
          text run at (623,64) width 5: " "
        RenderTextControl {INPUT} at (627,65) size 156x23 [bgcolor=#FFFFFF] [border: (1px solid #3C3C4399)]
          RenderFlexibleBox {DIV} at (6,3) size 143x15
            RenderBlock {DIV} at (0,0) size 142x14
        RenderText {#text} at (0,0) size 0x0
      RenderBlock {P} at (0,242) size 784x66
        RenderText {#text} at (0,0) size 238x19
          text run at (0,0) width 238: "Dynamic style change text-overflow:"
        RenderBR {BR} at (237,0) size 1x19
        RenderText {#text} at (0,20) size 247x19
          text run at (0,20) width 247: "Clip to ellipsis (should show ellipsis): "
        RenderTextControl {INPUT} at (246,21) size 156x22 [bgcolor=#FFFFFF] [border: (1px solid #3C3C4399)]
        RenderText {#text} at (401,20) size 5x19
          text run at (401,20) width 5: " "
        RenderTextControl {INPUT} at (405,21) size 155x22 [bgcolor=#FFFFFF] [border: (1px solid #3C3C4399)]
        RenderText {#text} at (0,0) size 0x0
        RenderBR {BR} at (559,20) size 1x19
        RenderText {#text} at (0,42) size 270x20
          text run at (0,42) width 270: "Ellipsis to clip (should not show ellipsis): "
        RenderTextControl {INPUT} at (269,43) size 156x22 [bgcolor=#FFFFFF] [border: (1px solid #3C3C4399)]
        RenderText {#text} at (424,42) size 5x20
          text run at (424,42) width 5: " "
        RenderTextControl {INPUT} at (428,43) size 156x22 [bgcolor=#FFFFFF] [border: (1px solid #3C3C4399)]
        RenderText {#text} at (0,0) size 0x0
        RenderBR {BR} at (583,42) size 1x20
layer at (15,76) size 141x14 scrollWidth 288
  RenderBlock {DIV} at (6,3) size 143x15 [color=#A9A9A9]
    RenderText {#text} at (0,0) size 288x14
      text run at (0,0) width 288: "Lorem ipsum dolor sit amet, consectetur adipiscing elit"
layer at (15,76) size 141x14
  RenderBlock {DIV} at (6,3) size 143x15
layer at (188,76) size 126x14 scrollWidth 288
  RenderBlock {DIV} at (21,3) size 128x15 [color=#A9A9A9]
    RenderText {#text} at (0,0) size 288x14
      text run at (0,0) width 288: "Lorem ipsum dolor sit amet, consectetur adipiscing elit"
layer at (188,76) size 127x14
  RenderBlock {DIV} at (0,0) size 127x14
layer at (332,76) size 141x14 scrollWidth 290
  RenderBlock {DIV} at (6,3) size 143x15
    RenderText {#text} at (0,0) size 288x14
      text run at (0,0) width 288: "Lorem ipsum dolor sit amet, consectetur adipiscing elit"
layer at (506,76) size 127x14 scrollWidth 290
  RenderBlock {DIV} at (0,0) size 127x14
    RenderText {#text} at (0,0) size 288x14
      text run at (0,0) width 288: "Lorem ipsum dolor sit amet, consectetur adipiscing elit"
layer at (15,99) size 142x14 backgroundClip at (15,99) size 141x14 clip at (15,99) size 141x14 scrollWidth 387
  RenderBlock {DIV} at (0,0) size 142x14
    RenderText {#text} at (0,0) size 385x14
      text run at (0,0) width 385: "\x{F79A}\x{F79A}\x{F79A}\x{F79A}\x{F79A}\x{F79A}\x{F79A}\x{F79A}\x{F79A}\x{F79A}\x{F79A}\x{F79A}\x{F79A}\x{F79A}\x{F79A}\x{F79A}\x{F79A}\x{F79A}\x{F79A}\x{F79A}\x{F79A}\x{F79A}\x{F79A}\x{F79A}\x{F79A}\x{F79A}\x{F79A}\x{F79A}\x{F79A}\x{F79A}\x{F79A}\x{F79A}\x{F79A}\x{F79A}\x{F79A}\x{F79A}\x{F79A}\x{F79A}\x{F79A}\x{F79A}\x{F79A}\x{F79A}\x{F79A}\x{F79A}\x{F79A}\x{F79A}\x{F79A}\x{F79A}\x{F79A}\x{F79A}\x{F79A}\x{F79A}\x{F79A}\x{F79A}\x{F79A}"
layer at (15,121) size 139x14 scrollX 148 scrollWidth 288
  RenderBlock {DIV} at (6,3) size 141x15 [color=#A9A9A9]
    RenderText {#text} at (-148,0) size 288x14
      text run at (-147,0) width 32: "Lorem"
      text run at (-115,0) width 3: " "
      text run at (-112,0) width 32: "ipsum"
      text run at (-80,0) width 3: " "
      text run at (-77,0) width 27: "dolor"
      text run at (-50,0) width 3: " "
      text run at (-47,0) width 13: "sit"
      text run at (-34,0) width 3: " "
      text run at (-31,0) width 30: "amet,"
      text run at (-1,0) width 3: " "
      text run at (1,0) width 64: "consectetur"
      text run at (64,0) width 4: " "
      text run at (67,0) width 54: "adipiscing"
      text run at (120,0) width 4: " "
      text run at (123,0) width 17: "elit"
layer at (15,121) size 139x14
  RenderBlock {DIV} at (6,3) size 141x15
layer at (171,121) size 124x14 scrollX 163 scrollWidth 288
  RenderBlock {DIV} at (6,3) size 126x15 [color=#A9A9A9]
    RenderText {#text} at (-163,0) size 288x14
      text run at (-162,0) width 32: "Lorem"
      text run at (-130,0) width 3: " "
      text run at (-127,0) width 32: "ipsum"
      text run at (-95,0) width 3: " "
      text run at (-92,0) width 27: "dolor"
      text run at (-65,0) width 3: " "
      text run at (-62,0) width 13: "sit"
      text run at (-49,0) width 3: " "
      text run at (-46,0) width 30: "amet,"
      text run at (-16,0) width 3: " "
      text run at (-13,0) width 63: "consectetur"
      text run at (49,0) width 4: " "
      text run at (52,0) width 54: "adipiscing"
      text run at (105,0) width 4: " "
      text run at (108,0) width 17: "elit"
layer at (171,121) size 125x14
  RenderBlock {DIV} at (0,0) size 125x14
layer at (328,121) size 139x14 scrollX 148 scrollWidth 288
  RenderBlock {DIV} at (6,3) size 141x15
    RenderText {#text} at (-148,0) size 288x14
      text run at (-147,0) width 32: "Lorem"
      text run at (-115,0) width 3: " "
      text run at (-112,0) width 32: "ipsum"
      text run at (-80,0) width 3: " "
      text run at (-77,0) width 27: "dolor"
      text run at (-50,0) width 3: " "
      text run at (-47,0) width 13: "sit"
      text run at (-34,0) width 3: " "
      text run at (-31,0) width 30: "amet,"
      text run at (-1,0) width 3: " "
      text run at (1,0) width 64: "consectetur"
      text run at (64,0) width 4: " "
      text run at (67,0) width 54: "adipiscing"
      text run at (120,0) width 4: " "
      text run at (123,0) width 17: "elit"
layer at (485,121) size 125x14 scrollX 163 scrollWidth 288
  RenderBlock {DIV} at (0,0) size 125x14
    RenderText {#text} at (-163,0) size 288x14
      text run at (-162,0) width 32: "Lorem"
      text run at (-130,0) width 3: " "
      text run at (-127,0) width 32: "ipsum"
      text run at (-95,0) width 3: " "
      text run at (-92,0) width 27: "dolor"
      text run at (-65,0) width 3: " "
      text run at (-62,0) width 13: "sit"
      text run at (-49,0) width 3: " "
      text run at (-46,0) width 30: "amet,"
      text run at (-16,0) width 3: " "
      text run at (-13,0) width 63: "consectetur"
      text run at (49,0) width 4: " "
      text run at (52,0) width 54: "adipiscing"
      text run at (105,0) width 4: " "
      text run at (108,0) width 17: "elit"
layer at (642,121) size 142x14 scrollWidth 387
  RenderBlock {DIV} at (0,0) size 142x14
    RenderText {#text} at (0,0) size 385x14
      text run at (0,0) width 385: "\x{F79A}\x{F79A}\x{F79A}\x{F79A}\x{F79A}\x{F79A}\x{F79A}\x{F79A}\x{F79A}\x{F79A}\x{F79A}\x{F79A}\x{F79A}\x{F79A}\x{F79A}\x{F79A}\x{F79A}\x{F79A}\x{F79A}\x{F79A}\x{F79A}\x{F79A}\x{F79A}\x{F79A}\x{F79A}\x{F79A}\x{F79A}\x{F79A}\x{F79A}\x{F79A}\x{F79A}\x{F79A}\x{F79A}\x{F79A}\x{F79A}\x{F79A}\x{F79A}\x{F79A}\x{F79A}\x{F79A}\x{F79A}\x{F79A}\x{F79A}\x{F79A}\x{F79A}\x{F79A}\x{F79A}\x{F79A}\x{F79A}\x{F79A}\x{F79A}\x{F79A}\x{F79A}\x{F79A}\x{F79A}"
layer at (15,180) size 141x14 scrollWidth 288
  RenderBlock {DIV} at (6,3) size 143x15 [color=#A9A9A9]
    RenderText {#text} at (0,0) size 288x14
      text run at (0,0) width 288: "Lorem ipsum dolor sit amet, consectetur adipiscing elit"
layer at (15,180) size 141x14
  RenderBlock {DIV} at (6,3) size 143x15
layer at (188,180) size 126x14 scrollWidth 288
  RenderBlock {DIV} at (21,3) size 128x15 [color=#A9A9A9]
    RenderText {#text} at (0,0) size 288x14
      text run at (0,0) width 288: "Lorem ipsum dolor sit amet, consectetur adipiscing elit"
layer at (188,180) size 127x14
  RenderBlock {DIV} at (0,0) size 127x14
layer at (332,180) size 141x14 scrollWidth 290
  RenderBlock {DIV} at (6,3) size 143x15
    RenderText {#text} at (0,0) size 288x14
      text run at (0,0) width 288: "Lorem ipsum dolor sit amet, consectetur adipiscing elit"
layer at (506,180) size 127x14 scrollWidth 290
  RenderBlock {DIV} at (0,0) size 127x14
    RenderText {#text} at (0,0) size 288x14
      text run at (0,0) width 288: "Lorem ipsum dolor sit amet, consectetur adipiscing elit"
layer at (15,202) size 142x14 backgroundClip at (15,202) size 141x14 clip at (15,202) size 141x14 scrollWidth 387
  RenderBlock {DIV} at (0,0) size 142x14
    RenderText {#text} at (0,0) size 385x14
      text run at (0,0) width 385: "\x{F79A}\x{F79A}\x{F79A}\x{F79A}\x{F79A}\x{F79A}\x{F79A}\x{F79A}\x{F79A}\x{F79A}\x{F79A}\x{F79A}\x{F79A}\x{F79A}\x{F79A}\x{F79A}\x{F79A}\x{F79A}\x{F79A}\x{F79A}\x{F79A}\x{F79A}\x{F79A}\x{F79A}\x{F79A}\x{F79A}\x{F79A}\x{F79A}\x{F79A}\x{F79A}\x{F79A}\x{F79A}\x{F79A}\x{F79A}\x{F79A}\x{F79A}\x{F79A}\x{F79A}\x{F79A}\x{F79A}\x{F79A}\x{F79A}\x{F79A}\x{F79A}\x{F79A}\x{F79A}\x{F79A}\x{F79A}\x{F79A}\x{F79A}\x{F79A}\x{F79A}\x{F79A}\x{F79A}\x{F79A}"
layer at (15,225) size 139x14 scrollX 148 scrollWidth 288
  RenderBlock {DIV} at (6,3) size 141x15 [color=#A9A9A9]
    RenderText {#text} at (-148,0) size 288x14
      text run at (-147,0) width 32: "Lorem"
      text run at (-115,0) width 3: " "
      text run at (-112,0) width 32: "ipsum"
      text run at (-80,0) width 3: " "
      text run at (-77,0) width 27: "dolor"
      text run at (-50,0) width 3: " "
      text run at (-47,0) width 13: "sit"
      text run at (-34,0) width 3: " "
      text run at (-31,0) width 30: "amet,"
      text run at (-1,0) width 3: " "
      text run at (1,0) width 64: "consectetur"
      text run at (64,0) width 4: " "
      text run at (67,0) width 54: "adipiscing"
      text run at (120,0) width 4: " "
      text run at (123,0) width 17: "elit"
layer at (15,225) size 139x14
  RenderBlock {DIV} at (6,3) size 141x15
layer at (171,225) size 124x14 scrollX 163 scrollWidth 288
  RenderBlock {DIV} at (6,3) size 126x15 [color=#A9A9A9]
    RenderText {#text} at (-163,0) size 288x14
      text run at (-162,0) width 32: "Lorem"
      text run at (-130,0) width 3: " "
      text run at (-127,0) width 32: "ipsum"
      text run at (-95,0) width 3: " "
      text run at (-92,0) width 27: "dolor"
      text run at (-65,0) width 3: " "
      text run at (-62,0) width 13: "sit"
      text run at (-49,0) width 3: " "
      text run at (-46,0) width 30: "amet,"
      text run at (-16,0) width 3: " "
      text run at (-13,0) width 63: "consectetur"
      text run at (49,0) width 4: " "
      text run at (52,0) width 54: "adipiscing"
      text run at (105,0) width 4: " "
      text run at (108,0) width 17: "elit"
layer at (171,225) size 125x14
  RenderBlock {DIV} at (0,0) size 125x14
layer at (328,225) size 139x14 scrollX 148 scrollWidth 288
  RenderBlock {DIV} at (6,3) size 141x15
    RenderText {#text} at (-148,0) size 288x14
      text run at (-147,0) width 32: "Lorem"
      text run at (-115,0) width 3: " "
      text run at (-112,0) width 32: "ipsum"
      text run at (-80,0) width 3: " "
      text run at (-77,0) width 27: "dolor"
      text run at (-50,0) width 3: " "
      text run at (-47,0) width 13: "sit"
      text run at (-34,0) width 3: " "
      text run at (-31,0) width 30: "amet,"
      text run at (-1,0) width 3: " "
      text run at (1,0) width 64: "consectetur"
      text run at (64,0) width 4: " "
      text run at (67,0) width 54: "adipiscing"
      text run at (120,0) width 4: " "
      text run at (123,0) width 17: "elit"
layer at (485,225) size 125x14 scrollX 163 scrollWidth 288
  RenderBlock {DIV} at (0,0) size 125x14
    RenderText {#text} at (-163,0) size 288x14
      text run at (-162,0) width 32: "Lorem"
      text run at (-130,0) width 3: " "
      text run at (-127,0) width 32: "ipsum"
      text run at (-95,0) width 3: " "
      text run at (-92,0) width 27: "dolor"
      text run at (-65,0) width 3: " "
      text run at (-62,0) width 13: "sit"
      text run at (-49,0) width 3: " "
      text run at (-46,0) width 30: "amet,"
      text run at (-16,0) width 3: " "
      text run at (-13,0) width 63: "consectetur"
      text run at (49,0) width 4: " "
      text run at (52,0) width 54: "adipiscing"
      text run at (105,0) width 4: " "
      text run at (108,0) width 17: "elit"
layer at (642,225) size 142x14 scrollWidth 387
  RenderBlock {DIV} at (0,0) size 142x14
    RenderText {#text} at (0,0) size 385x14
      text run at (0,0) width 385: "\x{F79A}\x{F79A}\x{F79A}\x{F79A}\x{F79A}\x{F79A}\x{F79A}\x{F79A}\x{F79A}\x{F79A}\x{F79A}\x{F79A}\x{F79A}\x{F79A}\x{F79A}\x{F79A}\x{F79A}\x{F79A}\x{F79A}\x{F79A}\x{F79A}\x{F79A}\x{F79A}\x{F79A}\x{F79A}\x{F79A}\x{F79A}\x{F79A}\x{F79A}\x{F79A}\x{F79A}\x{F79A}\x{F79A}\x{F79A}\x{F79A}\x{F79A}\x{F79A}\x{F79A}\x{F79A}\x{F79A}\x{F79A}\x{F79A}\x{F79A}\x{F79A}\x{F79A}\x{F79A}\x{F79A}\x{F79A}\x{F79A}\x{F79A}\x{F79A}\x{F79A}\x{F79A}\x{F79A}\x{F79A}"
layer at (261,283) size 141x14 scrollWidth 288
  RenderBlock {DIV} at (6,3) size 143x15 [color=#A9A9A9]
    RenderText {#text} at (0,0) size 288x14
      text run at (0,0) width 288: "Lorem ipsum dolor sit amet, consectetur adipiscing elit"
layer at (261,283) size 141x14
  RenderBlock {DIV} at (6,3) size 143x15
layer at (420,283) size 141x14 scrollWidth 290
  RenderBlock {DIV} at (6,3) size 143x15
    RenderText {#text} at (0,0) size 288x14
      text run at (0,0) width 288: "Lorem ipsum dolor sit amet, consectetur adipiscing elit"
layer at (284,306) size 141x14 scrollWidth 288
  RenderBlock {DIV} at (6,3) size 143x15 [color=#A9A9A9]
    RenderText {#text} at (0,0) size 288x14
      text run at (0,0) width 288: "Lorem ipsum dolor sit amet, consectetur adipiscing elit"
layer at (284,306) size 141x14
  RenderBlock {DIV} at (6,3) size 143x15
layer at (443,306) size 141x14 scrollWidth 290
  RenderBlock {DIV} at (6,3) size 143x15
    RenderText {#text} at (0,0) size 288x14
      text run at (0,0) width 288: "Lorem ipsum dolor sit amet, consectetur adipiscing elit"
