layer at (0,0) size 800x600
  RenderView at (0,0) size 800x600
layer at (0,0) size 800x141
  RenderBlock {HTML} at (0,0) size 800x141
    RenderBody {BODY} at (8,16) size 784x117
      RenderBlock {P} at (0,0) size 784x20
        RenderText {#text} at (0,0) size 309x19
          text run at (0,0) width 309: "This test checks that text input fields handle the "
        RenderInline {CODE} at (0,0) size 165x14
          RenderText {#text} at (308,5) size 165x14
            text run at (308,5) width 165: "-webkit-border-radius"
        RenderText {#text} at (472,0) size 299x19
          text run at (472,0) width 299: " CSS property correctly, or degrade gracefully."
      RenderBlock {P} at (0,36) size 784x20
        RenderText {#text} at (0,0) size 630x19
          text run at (0,0) width 630: "If the test passes, you will see a text entry field containing \"default text\" inside the grey div below."
      RenderBlock {DIV} at (0,72) size 163x45 [bgcolor=#888888]
        RenderTextControl {INPUT} at (11,9) size 133x22 [bgcolor=#00FF00] [border: (1px solid #FFFFFF)]
          RenderFlexibleBox {DIV} at (6,3) size 121x15
            RenderBlock {DIV} at (0,1) size 11x12
            RenderBlock {DIV} at (15,0) size 105x14
            RenderBlock {DIV} at (120,7) size 0x0
        RenderText {#text} at (0,0) size 0x0
layer at (41,100) size 105x14
  RenderBlock {DIV} at (0,0) size 105x14
    RenderText {#text} at (0,0) size 60x14
      text run at (0,0) width 60: "default text"
