layer at (0,0) size 800x600
  RenderView at (0,0) size 800x600
layer at (0,0) size 800x180
  RenderBlock {HTML} at (0,0) size 800x180
    RenderBody {BODY} at (8,8) size 784x164
      RenderBlock (anonymous) at (0,0) size 784x20
        RenderText {#text} at (0,0) size 664x19
          text run at (0,0) width 664: "The text in the button, popup menu and list box should have the same case as in the accompanying text."
      RenderBlock {DIV} at (0,20) size 784x24
        RenderMenuList {SELECT} at (2,2) size 64x20 [color=#007AFF] [bgcolor=#EBF5FF]
          RenderBlock (anonymous) at (5,3) size 54x14
            RenderText at (0,0) size 38x14
              text run at (0,0) width 38: "HELLO"
        RenderText {#text} at (68,1) size 4x19
          text run at (68,1) width 4: " "
        RenderMenuList {SELECT} at (74,2) size 63x20 [color=#007AFF] [bgcolor=#EBF5FF]
          RenderBlock (anonymous) at (4,3) size 55x14
            RenderText at (0,0) size 46x14
              text run at (0,0) width 46: "0 ITEMS"
        RenderText {#text} at (138,1) size 5x19
          text run at (138,1) width 5: " "
        RenderInline {SPAN} at (0,0) size 116x19
          RenderText {#text} at (142,1) size 116x19
            text run at (142,1) width 116: "HELLO WORLD"
        RenderText {#text} at (0,0) size 0x0
      RenderBlock {DIV} at (0,44) size 784x24
        RenderMenuList {SELECT} at (2,2) size 60x20 [color=#007AFF] [bgcolor=#EBF5FF]
          RenderBlock (anonymous) at (5,3) size 50x14
            RenderText at (0,0) size 36x14
              text run at (0,0) width 36: "HeLLo"
        RenderText {#text} at (64,1) size 4x19
          text run at (64,1) width 4: " "
        RenderMenuList {SELECT} at (70,2) size 59x20 [color=#007AFF] [bgcolor=#EBF5FF]
          RenderBlock (anonymous) at (4,3) size 51x14
            RenderText at (0,0) size 42x14
              text run at (0,0) width 42: "0 Items"
        RenderText {#text} at (130,1) size 5x19
          text run at (130,1) width 5: " "
        RenderInline {SPAN} at (0,0) size 102x19
          RenderText {#text} at (134,1) size 102x19
            text run at (134,1) width 102: "HeLLo WoRLd"
        RenderText {#text} at (0,0) size 0x0
      RenderBlock {DIV} at (0,68) size 784x24
        RenderMenuList {SELECT} at (2,2) size 53x20 [color=#007AFF] [bgcolor=#EBF5FF]
          RenderBlock (anonymous) at (5,3) size 43x14
            RenderText at (0,0) size 28x14
              text run at (0,0) width 28: "hello"
        RenderText {#text} at (57,1) size 4x19
          text run at (57,1) width 4: " "
        RenderMenuList {SELECT} at (63,2) size 52x20 [color=#007AFF] [bgcolor=#EBF5FF]
          RenderBlock (anonymous) at (4,3) size 44x14
            RenderText at (0,0) size 42x14
              text run at (0,0) width 42: "0 items"
        RenderText {#text} at (116,1) size 5x19
          text run at (116,1) width 5: " "
        RenderInline {SPAN} at (0,0) size 75x19
          RenderText {#text} at (120,1) size 75x19
            text run at (120,1) width 75: "hello world"
        RenderText {#text} at (0,0) size 0x0
      RenderBlock {DIV} at (0,92) size 784x24
        RenderMenuList {SELECT} at (2,2) size 51x20 [color=#007AFF] [bgcolor=#EBF5FF]
          RenderBlock (anonymous) at (5,3) size 41x14
            RenderText at (0,0) size 15x14
              text run at (0,0) width 15: "SS"
        RenderText {#text} at (55,1) size 4x19
          text run at (55,1) width 4: " "
        RenderMenuList {SELECT} at (61,2) size 50x20 [color=#007AFF] [bgcolor=#EBF5FF]
          RenderBlock (anonymous) at (4,3) size 42x14
            RenderText at (0,0) size 46x14
              text run at (0,0) width 46: "0 ITEMS"
        RenderText {#text} at (112,1) size 5x19
          text run at (112,1) width 5: " "
        RenderInline {SPAN} at (0,0) size 59x19
          RenderText {#text} at (116,1) size 59x19
            text run at (116,1) width 59: "SS SSSS"
        RenderText {#text} at (0,0) size 0x0
      RenderBlock {DIV} at (0,116) size 784x24
        RenderMenuList {SELECT} at (2,2) size 37x20 [color=#007AFF] [bgcolor=#EBF5FF]
          RenderBlock (anonymous) at (5,3) size 27x14
            RenderText at (0,0) size 8x14
              text run at (0,0) width 8: "\x{DF}"
        RenderText {#text} at (41,1) size 4x19
          text run at (41,1) width 4: " "
        RenderMenuList {SELECT} at (47,2) size 36x20 [color=#007AFF] [bgcolor=#EBF5FF]
          RenderBlock (anonymous) at (4,3) size 28x14
            RenderText at (0,0) size 42x14
              text run at (0,0) width 42: "0 Items"
        RenderText {#text} at (84,1) size 5x19
          text run at (84,1) width 5: " "
        RenderInline {SPAN} at (0,0) size 29x19
          RenderText {#text} at (88,1) size 29x19
            text run at (88,1) width 29: "\x{DF} \x{DF}\x{DF}"
        RenderText {#text} at (0,0) size 0x0
      RenderBlock {DIV} at (0,140) size 784x24
        RenderMenuList {SELECT} at (2,2) size 37x20 [color=#007AFF] [bgcolor=#EBF5FF]
          RenderBlock (anonymous) at (5,3) size 27x14
            RenderText at (0,0) size 8x14
              text run at (0,0) width 8: "\x{DF}"
        RenderText {#text} at (41,1) size 4x19
          text run at (41,1) width 4: " "
        RenderMenuList {SELECT} at (47,2) size 36x20 [color=#007AFF] [bgcolor=#EBF5FF]
          RenderBlock (anonymous) at (4,3) size 28x14
            RenderText at (0,0) size 42x14
              text run at (0,0) width 42: "0 items"
        RenderText {#text} at (84,1) size 5x19
          text run at (84,1) width 5: " "
        RenderInline {SPAN} at (0,0) size 29x19
          RenderText {#text} at (88,1) size 29x19
            text run at (88,1) width 29: "\x{DF} \x{DF}\x{DF}"
        RenderText {#text} at (0,0) size 0x0
