layer at (0,0) size 800x600
  RenderView at (0,0) size 800x600
layer at (0,0) size 800x600
  RenderBlock {HTML} at (0,0) size 800x600
    RenderBody {BODY} at (8,8) size 784x576
      RenderBlock {DIV} at (0,0) size 784x20
        RenderInline {SPAN} at (0,0) size 252x19
          RenderText {#text} at (0,0) size 252x19
            text run at (0,0) width 252: "This should not turn red when hovered."
        RenderText {#text} at (0,0) size 0x0
      RenderBlock {HR} at (0,28) size 784x2 [border: (1px inset #000000)]
      RenderBlock {P} at (0,46) size 784x40
        RenderText {#text} at (0,0) size 54x19
          text run at (0,0) width 54: "Test for "
        RenderInline {I} at (0,0) size 554x19
          RenderInline {A} at (0,0) size 353x19 [color=#0000EE]
            RenderText {#text} at (53,0) size 353x19
              text run at (53,0) width 353: "http://bugzilla.opendarwin.org/show_bug.cgi?id=7218"
          RenderText {#text} at (405,0) size 202x19
            text run at (405,0) width 202: " Text underlined on mouse over"
        RenderText {#text} at (606,0) size 102x19
          text run at (606,0) width 102: ". This tests that "
        RenderInline {CODE} at (0,0) size 56x14
          RenderText {#text} at (707,5) size 56x14
            text run at (707,5) width 56: "*:hover"
        RenderText {#text} at (0,20) size 261x19
          text run at (0,20) width 261: "does not match anything in quirks mode."
caret: position 1 of child 0 {#text} of child 1 {SPAN} of child 1 {DIV} of body
