layer at (0,0) size 800x2982
  RenderView at (0,0) size 800x600
layer at (0,0) size 800x2982
  RenderBlock {HTML} at (0,0) size 800x2982
    RenderBody {BODY} at (8,8) size 784x2954
      RenderBlock {H3} at (0,0) size 784x23
        RenderText {#text} at (0,0) size 83x22
          text run at (0,0) width 83: "Single line"
      RenderBlock {H3} at (0,371) size 784x24
        RenderText {#text} at (0,0) size 79x22
          text run at (0,0) width 79: "Multi line"
      RenderBlock {H3} at (0,743) size 784x24
        RenderText {#text} at (0,0) size 227x22
          text run at (0,0) width 227: "Containing replaced content"
      RenderBlock {H3} at (0,1115) size 784x24
        RenderText {#text} at (0,0) size 389x22
          text run at (0,0) width 389: "Containing replaced content blocking the ellipsis"
      RenderBlock {H3} at (0,1486) size 784x24
        RenderText {#text} at (0,0) size 195x22
          text run at (0,0) width 195: "Right-To-Left single line"
      RenderBlock {H3} at (0,1858) size 784x24
        RenderText {#text} at (0,0) size 194x22
          text run at (0,0) width 194: "Right-To-Left Multi line"
      RenderBlock {H3} at (0,2230) size 784x24
        RenderText {#text} at (0,0) size 337x22
          text run at (0,0) width 337: "Right-To-Left containing replaced content"
      RenderBlock {H3} at (0,2602) size 784x24
        RenderText {#text} at (0,0) size 499x22
          text run at (0,0) width 499: "Right-To-Left containing replaced content blocking the ellipsis"
layer at (8,50) size 22x310 clip at (9,51) size 20x308 scrollHeight 737
  RenderBlock {DIV} at (0,41) size 22x311 [border: (1px solid #000000)]
    RenderText {#text} at (1,1) size 19x737
      text run at (1,1) width 737: "Lorem ipsum dolor sit amet, consectetur adipiscing elit. Vivamus vitae eros non libero faucibus sagittis sed ut eros."
layer at (8,421) size 82x310 clip at (9,422) size 80x308 scrollHeight 737
  RenderBlock {DIV} at (0,413) size 82x311 [border: (1px solid #000000)]
    RenderText {#text} at (1,1) size 19x737
      text run at (1,1) width 737: "Lorem ipsum dolor sit amet, consectetur adipiscing elit. Vivamus vitae eros non libero faucibus sagittis sed ut eros."
    RenderBR {BR} at (1,737) size 19x1
    RenderText {#text} at (21,1) size 19x727
      text run at (21,1) width 727: "orem ipsum dolor sit amet, consectetur adipiscing elit. Vivamus vitae eros non libero faucibus sagittis sed ut eros."
    RenderBR {BR} at (21,727) size 19x1
    RenderText {#text} at (41,1) size 19x719
      text run at (41,1) width 719: "rem ipsum dolor sit amet, consectetur adipiscing elit. Vivamus vitae eros non libero faucibus sagittis sed ut eros."
    RenderBR {BR} at (41,719) size 19x1
    RenderText {#text} at (61,1) size 19x714
      text run at (61,1) width 714: "em ipsum dolor sit amet, consectetur adipiscing elit. Vivamus vitae eros non libero faucibus sagittis sed ut eros."
    RenderBR {BR} at (61,714) size 19x1
layer at (8,793) size 32x310 clip at (9,794) size 30x308 scrollHeight 766
  RenderBlock {DIV} at (0,785) size 32x311 [border: (1px solid #000000)]
    RenderText {#text} at (11,1) size 19x186
      text run at (11,1) width 186: "Lorem ipsum dolor sit amet, "
    RenderImage {IMG} at (1,186) size 25x26
    RenderText {#text} at (11,211) size 19x556
      text run at (11,211) width 555: " consectetur adipiscing elit. Vivamus vitae eros non libero faucibus sagittis sed ut eros."
layer at (8,1165) size 32x310 clip at (9,1166) size 30x308 scrollHeight 762
  RenderBlock {DIV} at (0,1156) size 32x311 [border: (1px solid #000000)]
    RenderText {#text} at (11,1) size 19x278
      text run at (11,1) width 278: "Lorem ipsum dolor sit amet, consectetur ad"
    RenderImage {IMG} at (1,278) size 25x26
    RenderText {#text} at (11,303) size 19x460
      text run at (11,303) width 459: "ipiscing elit. Vivamus vitae eros non libero faucibus sagittis sed ut eros."
layer at (8,1537) size 22x310 clip at (9,1538) size 20x308 scrollY 429 scrollHeight 737
  RenderBlock {DIV} at (0,1528) size 22x311 [border: (1px solid #000000)]
    RenderText {#text} at (1,-428) size 19x737
      text run at (1,-427) width 737 RTL: "Lorem ipsum dolor sit amet, consectetur adipiscing elit. Vivamus vitae eros non libero faucibus sagittis sed ut eros."
layer at (8,1908) size 82x310 clip at (9,1909) size 80x308 scrollY 429 scrollHeight 737
  RenderBlock {DIV} at (0,1900) size 82x311 [border: (1px solid #000000)]
    RenderText {#text} at (1,-428) size 19x737
      text run at (1,-427) width 737 RTL: "Lorem ipsum dolor sit amet, consectetur adipiscing elit. Vivamus vitae eros non libero faucibus sagittis sed ut eros."
    RenderBR {BR} at (1,-428) size 19x1
    RenderText {#text} at (21,-418) size 19x727
      text run at (21,-417) width 727 RTL: "orem ipsum dolor sit amet, consectetur adipiscing elit. Vivamus vitae eros non libero faucibus sagittis sed ut eros."
    RenderBR {BR} at (21,-418) size 19x1
    RenderText {#text} at (41,-410) size 19x719
      text run at (41,-409) width 719 RTL: "rem ipsum dolor sit amet, consectetur adipiscing elit. Vivamus vitae eros non libero faucibus sagittis sed ut eros."
    RenderBR {BR} at (41,-410) size 19x1
    RenderText {#text} at (61,-405) size 19x714
      text run at (61,-404) width 714 RTL: "em ipsum dolor sit amet, consectetur adipiscing elit. Vivamus vitae eros non libero faucibus sagittis sed ut eros."
    RenderBR {BR} at (61,-405) size 19x1
layer at (8,2280) size 32x310 clip at (9,2281) size 30x308 scrollY 458 scrollHeight 766
  RenderBlock {DIV} at (0,2272) size 32x311 [border: (1px solid #000000)]
    RenderText {#text} at (11,123) size 19x186
      text run at (11,123) width 186 RTL: "Lorem ipsum dolor sit amet, "
    RenderImage {IMG} at (1,98) size 25x26
    RenderText {#text} at (11,-457) size 19x556
      text run at (11,-456) width 555 RTL: " consectetur adipiscing elit. Vivamus vitae eros non libero faucibus sagittis sed ut eros."
layer at (8,2652) size 32x310 clip at (9,2653) size 30x308 scrollY 454 scrollHeight 762
  RenderBlock {DIV} at (0,2643) size 32x311 [border: (1px solid #000000)]
    RenderText {#text} at (11,31) size 19x278
      text run at (11,31) width 278 RTL: "Lorem ipsum dolor sit amet, consectetur ad"
    RenderImage {IMG} at (1,6) size 25x26
    RenderText {#text} at (11,-453) size 19x460
      text run at (11,-452) width 459 RTL: "ipiscing elit. Vivamus vitae eros non libero faucibus sagittis sed ut eros."
