layer at (0,0) size 800x2982
  RenderView at (0,0) size 800x600
layer at (0,0) size 800x2982
  RenderBlock {HTML} at (0,0) size 800x2982
    RenderBody {BODY} at (8,8) size 784x2954
      RenderBlock {H3} at (0,0) size 784x23
        RenderText {#text} at (0,0) size 84x22
          text run at (0,0) width 84: "Single line"
      RenderBlock {H3} at (0,371) size 784x24
        RenderText {#text} at (0,0) size 80x22
          text run at (0,0) width 80: "Multi line"
      RenderBlock {H3} at (0,743) size 784x24
        RenderText {#text} at (0,0) size 230x22
          text run at (0,0) width 230: "Containing replaced content"
      RenderBlock {H3} at (0,1115) size 784x24
        RenderText {#text} at (0,0) size 394x22
          text run at (0,0) width 394: "Containing replaced content blocking the ellipsis"
      RenderBlock {H3} at (0,1486) size 784x24
        RenderText {#text} at (0,0) size 198x22
          text run at (0,0) width 198: "Right-To-Left single line"
      RenderBlock {H3} at (0,1858) size 784x24
        RenderText {#text} at (0,0) size 197x22
          text run at (0,0) width 197: "Right-To-Left Multi line"
      RenderBlock {H3} at (0,2230) size 784x24
        RenderText {#text} at (0,0) size 342x22
          text run at (0,0) width 342: "Right-To-Left containing replaced content"
      RenderBlock {H3} at (0,2602) size 784x24
        RenderText {#text} at (0,0) size 506x22
          text run at (0,0) width 506: "Right-To-Left containing replaced content blocking the ellipsis"
layer at (8,50) size 22x310 clip at (9,51) size 20x308 scrollHeight 737
  RenderBlock {DIV} at (0,41) size 22x311 [border: (1px solid #000000)]
    RenderText {#text} at (1,1) size 19x737
      text run at (1,1) width 737: "Lorem ipsum dolor sit amet, consectetur adipiscing elit. Vivamus vitae eros non libero faucibus sagittis sed ut eros."
layer at (8,421) size 82x310 clip at (9,422) size 80x308 scrollHeight 737
  RenderBlock {DIV} at (0,413) size 82x311 [border: (1px solid #000000)]
    RenderText {#text} at (1,1) size 19x737
      text run at (1,1) width 737: "Lorem ipsum dolor sit amet, consectetur adipiscing elit. Vivamus vitae eros non libero faucibus sagittis sed ut eros."
    RenderBR {BR} at (1,737) size 19x1
    RenderText {#text} at (21,1) size 19x727
      text run at (21,1) width 727: "orem ipsum dolor sit amet, consectetur adipiscing elit. Vivamus vitae eros non libero faucibus sagittis sed ut eros."
    RenderBR {BR} at (21,727) size 19x1
    RenderText {#text} at (41,1) size 19x719
      text run at (41,1) width 719: "rem ipsum dolor sit amet, consectetur adipiscing elit. Vivamus vitae eros non libero faucibus sagittis sed ut eros."
    RenderBR {BR} at (41,719) size 19x1
    RenderText {#text} at (61,1) size 19x714
      text run at (61,1) width 714: "em ipsum dolor sit amet, consectetur adipiscing elit. Vivamus vitae eros non libero faucibus sagittis sed ut eros."
    RenderBR {BR} at (61,714) size 19x1
layer at (8,793) size 27x310 clip at (9,794) size 25x308 scrollHeight 766
  RenderBlock {DIV} at (0,785) size 27x311 [border: (1px solid #000000)]
    RenderText {#text} at (4,1) size 19x186
      text run at (4,1) width 186: "Lorem ipsum dolor sit amet, "
    RenderImage {IMG} at (1,186) size 25x26
    RenderText {#text} at (4,211) size 19x556
      text run at (4,211) width 555: " consectetur adipiscing elit. Vivamus vitae eros non libero faucibus sagittis sed ut eros."
layer at (8,1165) size 27x310 clip at (9,1166) size 25x308 scrollHeight 762
  RenderBlock {DIV} at (0,1156) size 27x311 [border: (1px solid #000000)]
    RenderText {#text} at (4,1) size 19x278
      text run at (4,1) width 278: "Lorem ipsum dolor sit amet, consectetur ad"
    RenderImage {IMG} at (1,278) size 25x26
    RenderText {#text} at (4,303) size 19x460
      text run at (4,303) width 459: "ipiscing elit. Vivamus vitae eros non libero faucibus sagittis sed ut eros."
layer at (8,1537) size 22x310 clip at (9,1538) size 20x308 scrollY 430 scrollHeight 738
  RenderBlock {DIV} at (0,1528) size 22x311 [border: (1px solid #000000)]
    RenderText {#text} at (1,-428) size 19x738
      text run at (1,-428) width 738 RTL: "Lorem ipsum dolor sit amet, consectetur adipiscing elit. Vivamus vitae eros non libero faucibus sagittis sed ut eros."
layer at (8,1908) size 82x310 clip at (9,1909) size 80x308 scrollY 430 scrollHeight 738
  RenderBlock {DIV} at (0,1900) size 82x311 [border: (1px solid #000000)]
    RenderText {#text} at (1,-428) size 19x738
      text run at (1,-428) width 738 RTL: "Lorem ipsum dolor sit amet, consectetur adipiscing elit. Vivamus vitae eros non libero faucibus sagittis sed ut eros."
    RenderBR {BR} at (1,-429) size 19x1
    RenderText {#text} at (21,-418) size 19x728
      text run at (21,-418) width 728 RTL: "orem ipsum dolor sit amet, consectetur adipiscing elit. Vivamus vitae eros non libero faucibus sagittis sed ut eros."
    RenderBR {BR} at (21,-419) size 19x1
    RenderText {#text} at (41,-410) size 19x720
      text run at (41,-410) width 720 RTL: "rem ipsum dolor sit amet, consectetur adipiscing elit. Vivamus vitae eros non libero faucibus sagittis sed ut eros."
    RenderBR {BR} at (41,-411) size 19x1
    RenderText {#text} at (61,-405) size 19x715
      text run at (61,-405) width 715 RTL: "em ipsum dolor sit amet, consectetur adipiscing elit. Vivamus vitae eros non libero faucibus sagittis sed ut eros."
    RenderBR {BR} at (61,-406) size 19x1
layer at (8,2280) size 27x310 clip at (9,2281) size 25x308 scrollY 459 scrollHeight 767
  RenderBlock {DIV} at (0,2272) size 27x311 [border: (1px solid #000000)]
    RenderText {#text} at (4,123) size 19x186
      text run at (4,123) width 186 RTL: "Lorem ipsum dolor sit amet, "
    RenderImage {IMG} at (1,98) size 25x26
    RenderText {#text} at (4,-457) size 19x557
      text run at (4,-457) width 556 RTL: " consectetur adipiscing elit. Vivamus vitae eros non libero faucibus sagittis sed ut eros."
layer at (8,2652) size 27x310 clip at (9,2653) size 25x308 scrollY 455 scrollHeight 763
  RenderBlock {DIV} at (0,2643) size 27x311 [border: (1px solid #000000)]
    RenderText {#text} at (4,31) size 19x278
      text run at (4,31) width 278 RTL: "Lorem ipsum dolor sit amet, consectetur ad"
    RenderImage {IMG} at (1,6) size 25x26
    RenderText {#text} at (4,-453) size 19x461
      text run at (4,-453) width 460 RTL: "ipiscing elit. Vivamus vitae eros non libero faucibus sagittis sed ut eros."
