layer at (0,0) size 800x600
  RenderView at (0,0) size 800x600
layer at (0,0) size 800x600
  RenderBlock {HTML} at (0,0) size 800x600
    RenderBody {BODY} at (8,8) size 784x584
      RenderInline {B} at (0,0) size 96x19
        RenderText {#text} at (0,25) size 24x19
          text run at (0,25) width 24: "___"
        RenderInline {B} at (0,0) size 72x19
          RenderText {#text} at (24,65) size 24x19
            text run at (24,65) width 24: "___"
          RenderInline {B} at (0,0) size 48x19
            RenderText {#text} at (48,105) size 24x19
              text run at (48,105) width 24: "___"
            RenderInline {B} at (0,0) size 24x19
              RenderText {#text} at (72,145) size 24x19
                text run at (72,145) width 24: "___"
