layer at (0,0) size 4486x600
  RenderView at (0,0) size 800x600
layer at (-3686,0) size 4486x600 backgroundClip at (0,0) size 4486x600 clip at (0,0) size 4486x600 outlineClip at (0,0) size 4486x600
  RenderBlock {HTML} at (0,0) size 4487x600
    RenderBody {BODY} at (60,48) size 4367x504
      RenderBlock {H1} at (0,0) size 48x504
        RenderText {#text} at (6,0) size 36x64
          text run at (6,0) width 64: "\x{8349}\x{6795}"
      RenderBlock {H2} at (69,0) size 37x504
        RenderText {#text} at (4,0) size 28x96
          text run at (4,0) width 96: "\x{590F}\x{76EE}\x{6F31}\x{77F3}"
      RenderBlock {DIV} at (125,0) size 4242x504
        RenderBlock (anonymous) at (0,0) size 2400x504
          RenderBR {BR} at (0,0) size 19x0
          RenderBR {BR} at (20,0) size 19x0
          RenderBR {BR} at (40,0) size 19x0
          RenderText {#text} at (60,0) size 19x144
            text run at (60,0) width 144: "\x{3000}\x{3000}\x{3000}\x{3000}\x{3000}\x{3000}\x{3000}\x{3000}\x{4E00}"
          RenderBR {BR} at (60,144) size 19x0
          RenderBR {BR} at (80,0) size 19x0
          RenderText {#text} at (110,0) size 19x16
            text run at (110,0) width 16: "\x{3000}"
          RenderRuby (inline) {RUBY} at (0,0) size 19x34
            RenderRubyRun (anonymous) at (110,15) size 20x36
              RenderRubyText {RT} at (-11,0) size 12x36
                RenderText {#text} at (0,0) size 11x36
                  text run at (0,0) width 36: "\x{3084}\x{307E}\x{307F}\x{3061}"
              RenderRubyBase (anonymous) at (0,0) size 20x36
                RenderInline {RB} at (0,0) size 19x34
                  RenderText {#text} at (0,1) size 19x34
                    text run at (0,1) width 34: "\x{5C71}\x{8DEF}"
          RenderText {#text} at (110,50) size 19x208
            text run at (110,50) width 208: "\x{3092}\x{767B}\x{308A}\x{306A}\x{304C}\x{3089}\x{3001}\x{3053}\x{3046}\x{8003}\x{3048}\x{305F}\x{3002}"
          RenderBR {BR} at (110,258) size 19x0
          RenderText {#text} at (140,0) size 19x16
            text run at (140,0) width 16: "\x{3000}"
          RenderRuby (inline) {RUBY} at (0,0) size 19x16
            RenderRubyRun (anonymous) at (140,16) size 20x16
              RenderRubyText {RT} at (-11,0) size 12x16
                RenderText {#text} at (0,3) size 11x10
                  text run at (0,3) width 9: "\x{3061}"
              RenderRubyBase (anonymous) at (0,0) size 20x16
                RenderInline {RB} at (0,0) size 19x16
                  RenderText {#text} at (0,0) size 19x16
                    text run at (0,0) width 16: "\x{667A}"
          RenderText {#text} at (140,32) size 19x64
            text run at (140,32) width 64: "\x{306B}\x{50CD}\x{3051}\x{3070}"
          RenderRuby (inline) {RUBY} at (0,0) size 19x16
            RenderRubyRun (anonymous) at (140,95) size 20x18
              RenderRubyText {RT} at (-11,0) size 12x18
                RenderText {#text} at (0,0) size 11x18
                  text run at (0,0) width 18: "\x{304B}\x{3069}"
              RenderRubyBase (anonymous) at (0,0) size 20x18
                RenderInline {RB} at (0,0) size 19x16
                  RenderText {#text} at (0,1) size 19x16
                    text run at (0,1) width 16: "\x{89D2}"
          RenderText {#text} at (140,112) size 19x64
            text run at (140,112) width 64: "\x{304C}\x{7ACB}\x{3064}\x{3002}"
          RenderRuby (inline) {RUBY} at (0,0) size 19x19
            RenderRubyRun (anonymous) at (140,172) size 20x27
              RenderRubyText {RT} at (-11,0) size 12x27
                RenderText {#text} at (0,0) size 11x27
                  text run at (0,0) width 27: "\x{3058}\x{3087}\x{3046}"
              RenderRubyBase (anonymous) at (0,0) size 20x27
                RenderInline {RB} at (0,0) size 19x17
                  RenderText {#text} at (0,5) size 19x17
                    text run at (0,5) width 16: "\x{60C5}"
          RenderText {#text} at (140,195) size 19x16
            text run at (140,195) width 16: "\x{306B}"
          RenderRuby (inline) {RUBY} at (0,0) size 19x16
            RenderRubyRun (anonymous) at (140,210) size 20x18
              RenderRubyText {RT} at (-11,0) size 12x18
                RenderText {#text} at (0,0) size 11x18
                  text run at (0,0) width 18: "\x{3055}\x{304A}"
              RenderRubyBase (anonymous) at (0,0) size 20x18
                RenderInline {RB} at (0,0) size 19x16
                  RenderText {#text} at (0,1) size 19x16
                    text run at (0,1) width 16: "\x{68F9}"
          RenderText {#text} at (140,227) size 19x176
            text run at (140,227) width 176: "\x{3055}\x{305B}\x{3070}\x{6D41}\x{3055}\x{308C}\x{308B}\x{3002}\x{610F}\x{5730}\x{3092}"
          RenderRuby (inline) {RUBY} at (0,0) size 19x16
            RenderRubyRun (anonymous) at (140,402) size 20x18
              RenderRubyText {RT} at (-11,0) size 12x18
                RenderText {#text} at (0,0) size 11x18
                  text run at (0,0) width 18: "\x{3068}\x{304A}"
              RenderRubyBase (anonymous) at (0,0) size 20x18
                RenderInline {RB} at (0,0) size 19x16
                  RenderText {#text} at (0,1) size 19x16
                    text run at (0,1) width 16: "\x{901A}"
          RenderText {#text} at (140,419) size 19x32
            text run at (140,419) width 32: "\x{305B}\x{3070}"
          RenderRuby (inline) {RUBY} at (0,0) size 19x42
            RenderRubyRun (anonymous) at (140,448) size 20x45
              RenderRubyText {RT} at (-11,0) size 12x45
                RenderText {#text} at (0,0) size 11x45
                  text run at (0,0) width 45: "\x{304D}\x{3085}\x{3046}\x{304F}\x{3064}"
              RenderRubyBase (anonymous) at (0,0) size 20x45
                RenderInline {RB} at (0,0) size 19x39
                  RenderText {#text} at (0,3) size 19x39
                    text run at (0,3) width 39: "\x{7AAE}\x{5C48}"
          RenderText {#text} at (160,0) size 19x256
            text run at (160,0) width 256: "\x{3060}\x{3002}\x{3068}\x{304B}\x{304F}\x{306B}\x{4EBA}\x{306E}\x{4E16}\x{306F}\x{4F4F}\x{307F}\x{306B}\x{304F}\x{3044}\x{3002}"
          RenderBR {BR} at (160,256) size 19x0
          RenderText {#text} at (190,0) size 19x112
            text run at (190,0) width 112: "\x{3000}\x{4F4F}\x{307F}\x{306B}\x{304F}\x{3055}\x{304C}"
          RenderRuby (inline) {RUBY} at (0,0) size 19x16
            RenderRubyRun (anonymous) at (190,111) size 20x18
              RenderRubyText {RT} at (-11,0) size 12x18
                RenderText {#text} at (0,0) size 11x18
                  text run at (0,0) width 18: "\x{3053}\x{3046}"
              RenderRubyBase (anonymous) at (0,0) size 20x18
                RenderInline {RB} at (0,0) size 19x16
                  RenderText {#text} at (0,1) size 19x16
                    text run at (0,1) width 16: "\x{9AD8}"
          RenderText {#text} at (190,128) size 49x496
            text run at (190,128) width 368: "\x{3058}\x{308B}\x{3068}\x{3001}\x{5B89}\x{3044}\x{6240}\x{3078}\x{5F15}\x{304D}\x{8D8A}\x{3057}\x{305F}\x{304F}\x{306A}\x{308B}\x{3002}\x{3069}\x{3053}\x{3078}\x{8D8A}\x{3057}\x{3066}"
            text run at (220,0) width 112: "\x{3082}\x{4F4F}\x{307F}\x{306B}\x{304F}\x{3044}\x{3068}"
          RenderRuby (inline) {RUBY} at (0,0) size 19x16
            RenderRubyRun (anonymous) at (220,111) size 20x18
              RenderRubyText {RT} at (-11,0) size 12x18
                RenderText {#text} at (0,0) size 11x18
                  text run at (0,0) width 18: "\x{3055}\x{3068}"
              RenderRubyBase (anonymous) at (0,0) size 20x18
                RenderInline {RB} at (0,0) size 19x16
                  RenderText {#text} at (0,1) size 19x16
                    text run at (0,1) width 16: "\x{609F}"
          RenderText {#text} at (220,128) size 19x160
            text run at (220,128) width 160: "\x{3063}\x{305F}\x{6642}\x{3001}\x{8A69}\x{304C}\x{751F}\x{308C}\x{3066}\x{3001}"
          RenderRuby (inline) {RUBY} at (0,0) size 19x16
            RenderRubyRun (anonymous) at (220,288) size 20x16
              RenderRubyText {RT} at (-11,0) size 12x16
                RenderText {#text} at (0,3) size 11x10
                  text run at (0,3) width 9: "\x{3048}"
              RenderRubyBase (anonymous) at (0,0) size 20x16
                RenderInline {RB} at (0,0) size 19x16
                  RenderText {#text} at (0,0) size 19x16
                    text run at (0,0) width 16: "\x{753B}"
          RenderText {#text} at (220,304) size 19x80
            text run at (220,304) width 80: "\x{304C}\x{51FA}\x{6765}\x{308B}\x{3002}"
          RenderBR {BR} at (220,384) size 19x0
          RenderText {#text} at (240,0) size 19x16
            text run at (240,0) width 16: "\x{3000}"
          RenderInline {STRONG} at (0,0) size 19x48
            RenderText {#text} at (240,16) size 19x48
              text run at (240,16) width 48: "\x{4EBA}\x{306E}\x{4E16}"
          RenderText {#text} at (240,64) size 19x432
            text run at (240,64) width 432: "\x{3092}\x{4F5C}\x{3063}\x{305F}\x{3082}\x{306E}\x{306F}\x{795E}\x{3067}\x{3082}\x{306A}\x{3051}\x{308C}\x{3070}\x{9B3C}\x{3067}\x{3082}\x{306A}\x{3044}\x{3002}\x{3084}\x{306F}\x{308A}\x{5411}\x{3046}\x{4E09}\x{8ED2}"
          RenderRuby (inline) {RUBY} at (0,0) size 19x42
            RenderRubyRun (anonymous) at (270,0) size 20x45
              RenderRubyText {RT} at (-11,0) size 12x45
                RenderText {#text} at (0,0) size 11x45
                  text run at (0,0) width 45: "\x{308A}\x{3087}\x{3046}\x{3069}\x{306A}"
              RenderRubyBase (anonymous) at (0,0) size 20x45
                RenderInline {RB} at (0,0) size 19x39
                  RenderText {#text} at (0,3) size 19x39
                    text run at (0,3) width 39: "\x{4E21}\x{96A3}"
          RenderText {#text} at (270,42) size 19x384
            text run at (270,42) width 384: "\x{308A}\x{306B}\x{3061}\x{3089}\x{3061}\x{3089}\x{3059}\x{308B}\x{305F}\x{3060}\x{306E}\x{4EBA}\x{3067}\x{3042}\x{308B}\x{3002}\x{305F}\x{3060}\x{306E}\x{4EBA}\x{304C}\x{4F5C}\x{3063}\x{305F}"
          RenderInline {STRONG} at (0,0) size 19x48
            RenderText {#text} at (270,426) size 19x48
              text run at (270,426) width 48: "\x{4EBA}\x{306E}\x{4E16}"
          RenderText {#text} at (270,474) size 39x490
            text run at (270,474) width 16: "\x{304C}"
            text run at (290,0) width 352: "\x{4F4F}\x{307F}\x{306B}\x{304F}\x{3044}\x{304B}\x{3089}\x{3068}\x{3066}\x{3001}\x{8D8A}\x{3059}\x{56FD}\x{306F}\x{3042}\x{308B}\x{307E}\x{3044}\x{3002}\x{3042}\x{308C}\x{3070}"
          RenderInline {STRONG} at (0,0) size 19x64
            RenderText {#text} at (290,352) size 19x64
              text run at (290,352) width 64: "\x{4EBA}\x{3067}\x{306A}\x{3057}"
          RenderText {#text} at (290,416) size 39x496
            text run at (290,416) width 80: "\x{306E}\x{56FD}\x{3078}\x{884C}\x{304F}"
            text run at (310,0) width 80: "\x{3070}\x{304B}\x{308A}\x{3060}\x{3002}"
          RenderInline {STRONG} at (0,0) size 19x64
            RenderText {#text} at (310,80) size 19x64
              text run at (310,80) width 64: "\x{4EBA}\x{3067}\x{306A}\x{3057}"
          RenderText {#text} at (310,144) size 19x48
            text run at (310,144) width 48: "\x{306E}\x{56FD}\x{306F}"
          RenderInline {STRONG} at (0,0) size 19x48
            RenderText {#text} at (310,192) size 19x48
              text run at (310,192) width 48: "\x{4EBA}\x{306E}\x{4E16}"
          RenderText {#text} at (310,240) size 19x208
            text run at (310,240) width 208: "\x{3088}\x{308A}\x{3082}\x{306A}\x{304A}\x{4F4F}\x{307F}\x{306B}\x{304F}\x{304B}\x{308D}\x{3046}\x{3002}"
          RenderBR {BR} at (310,448) size 19x0
          RenderText {#text} at (330,0) size 19x496
            text run at (330,0) width 496: "\x{3000}\x{8D8A}\x{3059}\x{4E8B}\x{306E}\x{306A}\x{3089}\x{306C}\x{4E16}\x{304C}\x{4F4F}\x{307F}\x{306B}\x{304F}\x{3051}\x{308C}\x{3070}\x{3001}\x{4F4F}\x{307F}\x{306B}\x{304F}\x{3044}\x{6240}\x{3092}\x{3069}\x{308C}\x{307B}\x{3069}\x{304B}\x{3001}"
          RenderRuby (inline) {RUBY} at (0,0) size 19x35
            RenderRubyRun (anonymous) at (360,0) size 20x36
              RenderRubyText {RT} at (-11,0) size 12x36
                RenderText {#text} at (0,0) size 11x36
                  text run at (0,0) width 36: "\x{304F}\x{3064}\x{308D}\x{3052}"
              RenderRubyBase (anonymous) at (0,0) size 20x36
                RenderInline {RB} at (0,0) size 19x34
                  RenderText {#text} at (0,1) size 19x34
                    text run at (0,1) width 34: "\x{5BDB}\x{5BB9}"
          RenderText {#text} at (360,35) size 19x32
            text run at (360,35) width 32: "\x{3066}\x{3001}"
          RenderRuby (inline) {RUBY} at (0,0) size 19x16
            RenderRubyRun (anonymous) at (360,66) size 20x18
              RenderRubyText {RT} at (-11,0) size 12x18
                RenderText {#text} at (0,0) size 11x18
                  text run at (0,0) width 18: "\x{3064}\x{304B}"
              RenderRubyBase (anonymous) at (0,0) size 20x18
                RenderInline {RB} at (0,0) size 19x16
                  RenderText {#text} at (0,1) size 19x16
                    text run at (0,1) width 16: "\x{675F}"
          RenderText {#text} at (360,83) size 19x16
            text run at (360,83) width 16: "\x{306E}"
          RenderRuby (inline) {RUBY} at (0,0) size 19x16
            RenderRubyRun (anonymous) at (360,99) size 20x16
              RenderRubyText {RT} at (-11,0) size 12x16
                RenderText {#text} at (0,3) size 11x10
                  text run at (0,3) width 9: "\x{307E}"
              RenderRubyBase (anonymous) at (0,0) size 20x16
                RenderInline {RB} at (0,0) size 19x16
                  RenderText {#text} at (0,0) size 19x16
                    text run at (0,0) width 16: "\x{9593}"
          RenderText {#text} at (360,115) size 49x499
            text run at (360,115) width 384: "\x{306E}\x{547D}\x{3092}\x{3001}\x{675F}\x{306E}\x{9593}\x{3067}\x{3082}\x{4F4F}\x{307F}\x{3088}\x{304F}\x{305B}\x{306D}\x{3070}\x{306A}\x{3089}\x{306C}\x{3002}\x{3053}\x{3053}\x{306B}\x{8A69}"
            text run at (390,0) width 352: "\x{4EBA}\x{3068}\x{3044}\x{3046}\x{5929}\x{8077}\x{304C}\x{51FA}\x{6765}\x{3066}\x{3001}\x{3053}\x{3053}\x{306B}\x{753B}\x{5BB6}\x{3068}\x{3044}\x{3046}\x{4F7F}\x{547D}\x{304C}"
          RenderRuby (inline) {RUBY} at (0,0) size 19x16
            RenderRubyRun (anonymous) at (390,351) size 20x18
              RenderRubyText {RT} at (-11,0) size 12x18
                RenderText {#text} at (0,0) size 11x18
                  text run at (0,0) width 18: "\x{304F}\x{3060}"
              RenderRubyBase (anonymous) at (0,0) size 20x18
                RenderInline {RB} at (0,0) size 19x16
                  RenderText {#text} at (0,1) size 19x16
                    text run at (0,1) width 16: "\x{964D}"
          RenderText {#text} at (390,368) size 49x496
            text run at (390,368) width 128: "\x{308B}\x{3002}\x{3042}\x{3089}\x{3086}\x{308B}\x{82B8}\x{8853}"
            text run at (420,0) width 112: "\x{306E}\x{58EB}\x{306F}\x{4EBA}\x{306E}\x{4E16}\x{3092}"
          RenderRuby (inline) {RUBY} at (0,0) size 19x32
            RenderRubyRun (anonymous) at (420,112) size 20x32
              RenderRubyText {RT} at (-11,0) size 12x32
                RenderText {#text} at (0,0) size 11x32
                  text run at (0,0) width 31: "\x{306E}\x{3069}\x{304B}"
              RenderRubyBase (anonymous) at (0,0) size 20x32
                RenderInline {RB} at (0,0) size 19x32
                  RenderText {#text} at (0,0) size 19x32
                    text run at (0,0) width 32: "\x{9577}\x{9591}"
          RenderText {#text} at (420,144) size 19x208
            text run at (420,144) width 208: "\x{306B}\x{3057}\x{3001}\x{4EBA}\x{306E}\x{5FC3}\x{3092}\x{8C4A}\x{304B}\x{306B}\x{3059}\x{308B}\x{304C}"
          RenderRuby (inline) {RUBY} at (0,0) size 19x16
            RenderRubyRun (anonymous) at (420,351) size 20x18
              RenderRubyText {RT} at (-11,0) size 12x18
                RenderText {#text} at (0,0) size 11x18
                  text run at (0,0) width 18: "\x{3086}\x{3048}"
              RenderRubyBase (anonymous) at (0,0) size 20x18
                RenderInline {RB} at (0,0) size 19x16
                  RenderText {#text} at (0,1) size 19x16
                    text run at (0,1) width 16: "\x{6545}"
          RenderText {#text} at (420,368) size 19x16
            text run at (420,368) width 16: "\x{306B}"
          RenderRuby (inline) {RUBY} at (0,0) size 19x16
            RenderRubyRun (anonymous) at (420,383) size 20x18
              RenderRubyText {RT} at (-11,0) size 12x18
                RenderText {#text} at (0,0) size 11x18
                  text run at (0,0) width 18: "\x{305F}\x{3063}"
              RenderRubyBase (anonymous) at (0,0) size 20x18
                RenderInline {RB} at (0,0) size 19x16
                  RenderText {#text} at (0,1) size 19x16
                    text run at (0,1) width 16: "\x{5C0A}"
          RenderText {#text} at (420,400) size 19x48
            text run at (420,400) width 48: "\x{3068}\x{3044}\x{3002}"
          RenderBR {BR} at (420,448) size 19x0
          RenderText {#text} at (450,0) size 19x240
            text run at (450,0) width 240: "\x{3000}\x{4F4F}\x{307F}\x{306B}\x{304F}\x{304D}\x{4E16}\x{304B}\x{3089}\x{3001}\x{4F4F}\x{307F}\x{306B}\x{304F}\x{304D}"
          RenderRuby (inline) {RUBY} at (0,0) size 19x19
            RenderRubyRun (anonymous) at (450,236) size 20x27
              RenderRubyText {RT} at (-11,0) size 12x27
                RenderText {#text} at (0,0) size 11x27
                  text run at (0,0) width 27: "\x{308F}\x{305A}\x{3089}"
              RenderRubyBase (anonymous) at (0,0) size 20x27
                RenderInline {RB} at (0,0) size 19x17
                  RenderText {#text} at (0,5) size 19x17
                    text run at (0,5) width 16: "\x{7169}"
          RenderText {#text} at (450,259) size 49x499
            text run at (450,259) width 240: "\x{3044}\x{3092}\x{5F15}\x{304D}\x{629C}\x{3044}\x{3066}\x{3001}\x{3042}\x{308A}\x{304C}\x{305F}\x{3044}\x{4E16}\x{754C}"
            text run at (480,0) width 256: "\x{3092}\x{307E}\x{306E}\x{3042}\x{305F}\x{308A}\x{306B}\x{5199}\x{3059}\x{306E}\x{304C}\x{8A69}\x{3067}\x{3042}\x{308B}\x{3001}"
          RenderRuby (inline) {RUBY} at (0,0) size 19x16
            RenderRubyRun (anonymous) at (480,256) size 20x16
              RenderRubyText {RT} at (-11,0) size 12x16
                RenderText {#text} at (0,3) size 11x10
                  text run at (0,3) width 9: "\x{3048}"
              RenderRubyBase (anonymous) at (0,0) size 20x16
                RenderInline {RB} at (0,0) size 19x16
                  RenderText {#text} at (0,0) size 19x16
                    text run at (0,0) width 16: "\x{753B}"
          RenderText {#text} at (480,272) size 49x496
            text run at (480,272) width 224: "\x{3067}\x{3042}\x{308B}\x{3002}\x{3042}\x{308B}\x{306F}\x{97F3}\x{697D}\x{3068}\x{5F6B}\x{523B}\x{3067}\x{3042}"
            text run at (510,0) width 96: "\x{308B}\x{3002}\x{3053}\x{307E}\x{304B}\x{306B}"
          RenderRuby (inline) {RUBY} at (0,0) size 19x16
            RenderRubyRun (anonymous) at (510,96) size 20x16
              RenderRubyText {RT} at (-11,0) size 12x16
                RenderText {#text} at (0,3) size 11x10
                  text run at (0,3) width 9: "\x{3044}"
              RenderRubyBase (anonymous) at (0,0) size 20x16
                RenderInline {RB} at (0,0) size 19x16
                  RenderText {#text} at (0,0) size 19x16
                    text run at (0,0) width 16: "\x{4E91}"
          RenderText {#text} at (510,112) size 49x496
            text run at (510,112) width 384: "\x{3048}\x{3070}\x{5199}\x{3055}\x{306A}\x{3044}\x{3067}\x{3082}\x{3088}\x{3044}\x{3002}\x{305F}\x{3060}\x{307E}\x{306E}\x{3042}\x{305F}\x{308A}\x{306B}\x{898B}\x{308C}\x{3070}\x{3001}\x{305D}"
            text run at (540,0) width 144: "\x{3053}\x{306B}\x{8A69}\x{3082}\x{751F}\x{304D}\x{3001}\x{6B4C}\x{3082}"
          RenderRuby (inline) {RUBY} at (0,0) size 19x16
            RenderRubyRun (anonymous) at (540,144) size 20x16
              RenderRubyText {RT} at (-11,0) size 12x16
                RenderText {#text} at (0,3) size 11x10
                  text run at (0,3) width 9: "\x{308F}"
              RenderRubyBase (anonymous) at (0,0) size 20x16
                RenderInline {RB} at (0,0) size 19x16
                  RenderText {#text} at (0,0) size 19x16
                    text run at (0,0) width 16: "\x{6E67}"
          RenderText {#text} at (540,160) size 19x192
            text run at (540,160) width 192: "\x{304F}\x{3002}\x{7740}\x{60F3}\x{3092}\x{7D19}\x{306B}\x{843D}\x{3055}\x{306C}\x{3068}\x{3082}"
          RenderRuby (inline) {RUBY} at (0,0) size 19x39
            RenderRubyRun (anonymous) at (540,349) size 20x45
              RenderRubyText {RT} at (-11,0) size 12x45
                RenderText {#text} at (0,0) size 11x45
                  text run at (0,0) width 45: "\x{304D}\x{3085}\x{3046}\x{305D}\x{3046}"
              RenderRubyBase (anonymous) at (0,0) size 20x45
                RenderInline {RB} at (0,0) size 19x39
                  RenderText {#text} at (0,3) size 19x23
                    text run at (0,3) width 23: "\x{7486}"
                  RenderText {#text} at (0,25) size 19x17
                    text run at (0,25) width 16: "\x{93D8}"
          RenderText {#text} at (540,391) size 19x16
            text run at (540,391) width 16: "\x{306E}"
          RenderRuby (inline) {RUBY} at (0,0) size 19x16
            RenderRubyRun (anonymous) at (540,406) size 20x18
              RenderRubyText {RT} at (-11,0) size 12x18
                RenderText {#text} at (0,0) size 11x18
                  text run at (0,0) width 18: "\x{304A}\x{3093}"
              RenderRubyBase (anonymous) at (0,0) size 20x18
                RenderInline {RB} at (0,0) size 19x16
                  RenderText {#text} at (0,1) size 19x16
                    text run at (0,1) width 16: "\x{97F3}"
          RenderText {#text} at (540,423) size 19x16
            text run at (540,423) width 16: "\x{306F}"
          RenderRuby (inline) {RUBY} at (0,0) size 19x34
            RenderRubyRun (anonymous) at (540,438) size 20x36
              RenderRubyText {RT} at (-11,0) size 12x36
                RenderText {#text} at (0,0) size 11x36
                  text run at (0,0) width 36: "\x{304D}\x{3087}\x{3046}\x{308A}"
              RenderRubyBase (anonymous) at (0,0) size 20x36
                RenderInline {RB} at (0,0) size 19x34
                  RenderText {#text} at (0,1) size 19x34
                    text run at (0,1) width 34: "\x{80F8}\x{88CF}"
          RenderText {#text} at (540,473) size 19x16
            text run at (540,473) width 16: "\x{306B}"
          RenderRuby (inline) {RUBY} at (0,0) size 19x17
            RenderRubyRun (anonymous) at (570,0) size 20x18
              RenderRubyText {RT} at (-11,0) size 12x18
                RenderText {#text} at (0,0) size 11x18
                  text run at (0,0) width 18: "\x{304A}\x{3053}"
              RenderRubyBase (anonymous) at (0,0) size 20x18
                RenderInline {RB} at (0,0) size 19x16
                  RenderText {#text} at (0,1) size 19x16
                    text run at (0,1) width 16: "\x{8D77}"
          RenderText {#text} at (570,17) size 19x32
            text run at (570,17) width 32: "\x{308B}\x{3002}"
          RenderRuby (inline) {RUBY} at (0,0) size 19x34
            RenderRubyRun (anonymous) at (570,48) size 20x36
              RenderRubyText {RT} at (-11,0) size 12x36
                RenderText {#text} at (0,0) size 11x36
                  text run at (0,0) width 36: "\x{305F}\x{3093}\x{305B}\x{3044}"
              RenderRubyBase (anonymous) at (0,0) size 20x36
                RenderInline {RB} at (0,0) size 19x34
                  RenderText {#text} at (0,1) size 19x34
                    text run at (0,1) width 34: "\x{4E39}\x{9752}"
          RenderText {#text} at (570,83) size 19x16
            text run at (570,83) width 16: "\x{306F}"
          RenderRuby (inline) {RUBY} at (0,0) size 19x32
            RenderRubyRun (anonymous) at (570,99) size 20x32
              RenderRubyText {RT} at (-11,0) size 12x32
                RenderText {#text} at (0,3) size 11x26
                  text run at (0,3) width 25: "\x{304C}\x{304B}"
              RenderRubyBase (anonymous) at (0,0) size 20x32
                RenderInline {RB} at (0,0) size 19x32
                  RenderText {#text} at (0,0) size 19x32
                    text run at (0,0) width 32: "\x{753B}\x{67B6}"
          RenderText {#text} at (570,131) size 19x64
            text run at (570,131) width 64: "\x{306B}\x{5411}\x{3063}\x{3066}"
          RenderRuby (inline) {RUBY} at (0,0) size 19x32
            RenderRubyRun (anonymous) at (570,195) size 20x32
              RenderRubyText {RT} at (-11,0) size 12x32
                RenderText {#text} at (0,0) size 11x32
                  text run at (0,0) width 31: "\x{3068}\x{307E}\x{3064}"
              RenderRubyBase (anonymous) at (0,0) size 20x32
                RenderInline {RB} at (0,0) size 19x32
                  RenderText {#text} at (0,0) size 19x32
                    text run at (0,0) width 32: "\x{5857}\x{62B9}"
          RenderText {#text} at (570,227) size 19x64
            text run at (570,227) width 64: "\x{305B}\x{3093}\x{3067}\x{3082}"
          RenderRuby (inline) {RUBY} at (0,0) size 19x32
            RenderRubyRun (anonymous) at (570,291) size 20x32
              RenderRubyText {RT} at (-11,0) size 12x32
                RenderText {#text} at (0,0) size 11x32
                  text run at (0,0) width 31: "\x{3054}\x{3055}\x{3044}"
              RenderRubyBase (anonymous) at (0,0) size 20x32
                RenderInline {RB} at (0,0) size 19x32
                  RenderText {#text} at (0,0) size 19x32
                    text run at (0,0) width 32: "\x{4E94}\x{5F69}"
          RenderText {#text} at (570,323) size 19x16
            text run at (570,323) width 16: "\x{306E}"
          RenderRuby (inline) {RUBY} at (0,0) size 19x34
            RenderRubyRun (anonymous) at (570,338) size 20x36
              RenderRubyText {RT} at (-11,0) size 12x36
                RenderText {#text} at (0,0) size 11x36
                  text run at (0,0) width 36: "\x{3051}\x{3093}\x{3089}\x{3093}"
              RenderRubyBase (anonymous) at (0,0) size 20x36
                RenderInline {RB} at (0,0) size 19x34
                  RenderText {#text} at (0,1) size 19x34
                    text run at (0,1) width 34: "\x{7D62}\x{721B}"
          RenderText {#text} at (570,373) size 19x16
            text run at (570,373) width 16: "\x{306F}"
          RenderRuby (inline) {RUBY} at (0,0) size 19x19
            RenderRubyRun (anonymous) at (570,385) size 20x27
              RenderRubyText {RT} at (-11,0) size 12x27
                RenderText {#text} at (0,0) size 11x27
                  text run at (0,0) width 27: "\x{304A}\x{306E}\x{305A}"
              RenderRubyBase (anonymous) at (0,0) size 20x27
                RenderInline {RB} at (0,0) size 19x17
                  RenderText {#text} at (0,5) size 19x17
                    text run at (0,5) width 16: "\x{81EA}"
          RenderText {#text} at (570,408) size 19x32
            text run at (570,408) width 32: "\x{304B}\x{3089}"
          RenderRuby (inline) {RUBY} at (0,0) size 19x34
            RenderRubyRun (anonymous) at (570,439) size 20x36
              RenderRubyText {RT} at (-11,0) size 12x36
                RenderText {#text} at (0,0) size 11x36
                  text run at (0,0) width 36: "\x{3057}\x{3093}\x{304C}\x{3093}"
              RenderRubyBase (anonymous) at (0,0) size 20x36
                RenderInline {RB} at (0,0) size 19x34
                  RenderText {#text} at (0,1) size 19x34
                    text run at (0,1) width 34: "\x{5FC3}\x{773C}"
          RenderText {#text} at (570,474) size 49x490
            text run at (570,474) width 16: "\x{306B}"
            text run at (600,0) width 240: "\x{6620}\x{308B}\x{3002}\x{305F}\x{3060}\x{304A}\x{306E}\x{304C}\x{4F4F}\x{3080}\x{4E16}\x{3092}\x{3001}\x{304B}\x{304F}"
          RenderRuby (inline) {RUBY} at (0,0) size 19x16
            RenderRubyRun (anonymous) at (600,239) size 20x18
              RenderRubyText {RT} at (-11,0) size 12x18
                RenderText {#text} at (0,0) size 11x18
                  text run at (0,0) width 18: "\x{304B}\x{3093}"
              RenderRubyBase (anonymous) at (0,0) size 20x18
                RenderInline {RB} at (0,0) size 19x16
                  RenderText {#text} at (0,1) size 19x16
                    text run at (0,1) width 16: "\x{89B3}"
          RenderText {#text} at (600,256) size 19x64
            text run at (600,256) width 64: "\x{3058}\x{5F97}\x{3066}\x{3001}"
          RenderRuby (inline) {RUBY} at (0,0) size 19x70
            RenderRubyRun (anonymous) at (600,319) size 20x72
              RenderRubyText {RT} at (-11,0) size 12x72
                RenderText {#text} at (0,0) size 11x72
                  text run at (0,0) width 72: "\x{308C}\x{3044}\x{3060}\x{3044}\x{307B}\x{3046}\x{3059}\x{3093}"
              RenderRubyBase (anonymous) at (0,0) size 20x72
                RenderInline {RB} at (0,0) size 19x70
                  RenderText {#text} at (0,1) size 19x70
                    text run at (0,1) width 70: "\x{970A}\x{53F0}\x{65B9}\x{5BF8}"
          RenderText {#text} at (600,390) size 19x80
            text run at (600,390) width 80: "\x{306E}\x{30AB}\x{30E1}\x{30E9}\x{306B}"
          RenderRuby (inline) {RUBY} at (0,0) size 19x71
            RenderRubyRun (anonymous) at (630,0) size 20x72
              RenderRubyText {RT} at (-11,0) size 12x72
                RenderText {#text} at (0,0) size 11x72
                  text run at (0,0) width 72: "\x{304E}\x{3087}\x{3046}\x{304D}\x{3053}\x{3093}\x{3060}\x{304F}"
              RenderRubyBase (anonymous) at (0,0) size 20x72
                RenderInline {RB} at (0,0) size 19x70
                  RenderText {#text} at (0,1) size 19x70
                    text run at (0,1) width 70: "\x{6F86}\x{5B63}\x{6EB7}\x{6FC1}"
          RenderText {#text} at (630,71) size 19x208
            text run at (630,71) width 208: "\x{306E}\x{4FD7}\x{754C}\x{3092}\x{6E05}\x{304F}\x{3046}\x{3089}\x{3089}\x{304B}\x{306B}\x{53CE}\x{3081}"
          RenderRuby (inline) {RUBY} at (0,0) size 19x16
            RenderRubyRun (anonymous) at (630,279) size 20x16
              RenderRubyText {RT} at (-11,0) size 12x16
                RenderText {#text} at (0,3) size 11x10
                  text run at (0,3) width 9: "\x{3046}"
              RenderRubyBase (anonymous) at (0,0) size 20x16
                RenderInline {RB} at (0,0) size 19x16
                  RenderText {#text} at (0,0) size 19x16
                    text run at (0,0) width 16: "\x{5F97}"
          RenderText {#text} at (630,295) size 19x32
            text run at (630,295) width 32: "\x{308C}\x{3070}"
          RenderRuby (inline) {RUBY} at (0,0) size 19x16
            RenderRubyRun (anonymous) at (630,327) size 20x16
              RenderRubyText {RT} at (-11,0) size 12x16
                RenderText {#text} at (0,3) size 11x10
                  text run at (0,3) width 9: "\x{305F}"
              RenderRubyBase (anonymous) at (0,0) size 20x16
                RenderInline {RB} at (0,0) size 19x16
                  RenderText {#text} at (0,0) size 19x16
                    text run at (0,0) width 16: "\x{8DB3}"
          RenderText {#text} at (630,343) size 19x96
            text run at (630,343) width 96: "\x{308B}\x{3002}\x{3053}\x{306E}\x{6545}\x{306B}"
          RenderRuby (inline) {RUBY} at (0,0) size 19x32
            RenderRubyRun (anonymous) at (630,439) size 20x32
              RenderRubyText {RT} at (-11,0) size 12x32
                RenderText {#text} at (0,0) size 11x32
                  text run at (0,0) width 31: "\x{3080}\x{305B}\x{3044}"
              RenderRubyBase (anonymous) at (0,0) size 20x32
                RenderInline {RB} at (0,0) size 19x32
                  RenderText {#text} at (0,0) size 19x32
                    text run at (0,0) width 32: "\x{7121}\x{58F0}"
          RenderText {#text} at (630,471) size 49x503
            text run at (630,471) width 32: "\x{306E}\x{8A69}"
            text run at (660,0) width 128: "\x{4EBA}\x{306B}\x{306F}\x{4E00}\x{53E5}\x{306A}\x{304F}\x{3001}"
          RenderRuby (inline) {RUBY} at (0,0) size 19x34
            RenderRubyRun (anonymous) at (660,127) size 20x36
              RenderRubyText {RT} at (-11,0) size 12x36
                RenderText {#text} at (0,0) size 11x36
                  text run at (0,0) width 36: "\x{3080}\x{3057}\x{3087}\x{304F}"
              RenderRubyBase (anonymous) at (0,0) size 20x36
                RenderInline {RB} at (0,0) size 19x34
                  RenderText {#text} at (0,1) size 19x34
                    text run at (0,1) width 34: "\x{7121}\x{8272}"
          RenderText {#text} at (660,162) size 19x80
            text run at (660,162) width 80: "\x{306E}\x{753B}\x{5BB6}\x{306B}\x{306F}"
          RenderRuby (inline) {RUBY} at (0,0) size 19x34
            RenderRubyRun (anonymous) at (660,241) size 20x36
              RenderRubyText {RT} at (-11,0) size 12x36
                RenderText {#text} at (0,0) size 11x36
                  text run at (0,0) width 36: "\x{305B}\x{3063}\x{3051}\x{3093}"
              RenderRubyBase (anonymous) at (0,0) size 20x36
                RenderInline {RB} at (0,0) size 19x34
                  RenderText {#text} at (0,1) size 19x34
                    text run at (0,1) width 34: "\x{5C3A}\x{7E11}"
          RenderText {#text} at (660,276) size 19x96
            text run at (660,276) width 96: "\x{306A}\x{304D}\x{3082}\x{3001}\x{304B}\x{304F}"
          RenderRuby (inline) {RUBY} at (0,0) size 19x34
            RenderRubyRun (anonymous) at (660,371) size 20x36
              RenderRubyText {RT} at (-11,0) size 12x36
                RenderText {#text} at (0,0) size 11x36
                  text run at (0,0) width 36: "\x{3058}\x{3093}\x{305B}\x{3044}"
              RenderRubyBase (anonymous) at (0,0) size 20x36
                RenderInline {RB} at (0,0) size 19x34
                  RenderText {#text} at (0,1) size 19x34
                    text run at (0,1) width 34: "\x{4EBA}\x{4E16}"
          RenderText {#text} at (660,406) size 49x502
            text run at (660,406) width 96: "\x{3092}\x{89B3}\x{3058}\x{5F97}\x{308B}\x{306E}"
            text run at (690,0) width 128: "\x{70B9}\x{306B}\x{304A}\x{3044}\x{3066}\x{3001}\x{304B}\x{304F}"
          RenderRuby (inline) {RUBY} at (0,0) size 19x34
            RenderRubyRun (anonymous) at (690,127) size 20x36
              RenderRubyText {RT} at (-11,0) size 12x36
                RenderText {#text} at (0,0) size 11x36
                  text run at (0,0) width 36: "\x{307C}\x{3093}\x{306E}\x{3046}"
              RenderRubyBase (anonymous) at (0,0) size 20x36
                RenderInline {RB} at (0,0) size 19x34
                  RenderText {#text} at (0,1) size 19x34
                    text run at (0,1) width 34: "\x{7169}\x{60A9}"
          RenderText {#text} at (690,162) size 19x16
            text run at (690,162) width 16: "\x{3092}"
          RenderRuby (inline) {RUBY} at (0,0) size 19x32
            RenderRubyRun (anonymous) at (690,178) size 20x32
              RenderRubyText {RT} at (-11,0) size 12x32
                RenderText {#text} at (0,0) size 11x32
                  text run at (0,0) width 31: "\x{3052}\x{3060}\x{3064}"
              RenderRubyBase (anonymous) at (0,0) size 20x32
                RenderInline {RB} at (0,0) size 19x32
                  RenderText {#text} at (0,0) size 19x32
                    text run at (0,0) width 32: "\x{89E3}\x{8131}"
          RenderText {#text} at (690,210) size 19x176
            text run at (690,210) width 176: "\x{3059}\x{308B}\x{306E}\x{70B9}\x{306B}\x{304A}\x{3044}\x{3066}\x{3001}\x{304B}\x{304F}"
          RenderRuby (inline) {RUBY} at (0,0) size 19x64
            RenderRubyRun (anonymous) at (690,382) size 20x72
              RenderRubyText {RT} at (-11,0) size 12x72
                RenderText {#text} at (0,0) size 11x72
                  text run at (0,0) width 72: "\x{3057}\x{3087}\x{3046}\x{3058}\x{3087}\x{3046}\x{304B}\x{3044}"
              RenderRubyBase (anonymous) at (0,0) size 20x72
                RenderInline {RB} at (0,0) size 19x64
                  RenderText {#text} at (0,4) size 19x64
                    text run at (0,4) width 64: "\x{6E05}\x{6D44}\x{754C}"
          RenderText {#text} at (690,450) size 19x16
            text run at (690,450) width 16: "\x{306B}"
          RenderRuby (inline) {RUBY} at (0,0) size 19x50
            RenderRubyRun (anonymous) at (720,0) size 20x54
              RenderRubyText {RT} at (-11,0) size 12x54
                RenderText {#text} at (0,0) size 11x54
                  text run at (0,0) width 54: "\x{3057}\x{3085}\x{3064}\x{306B}\x{3085}\x{3046}"
              RenderRubyBase (anonymous) at (0,0) size 20x54
                RenderInline {RB} at (0,0) size 19x44
                  RenderText {#text} at (0,5) size 19x44
                    text run at (0,5) width 43: "\x{51FA}\x{5165}"
          RenderText {#text} at (720,50) size 19x224
            text run at (720,50) width 224: "\x{3057}\x{5F97}\x{308B}\x{306E}\x{70B9}\x{306B}\x{304A}\x{3044}\x{3066}\x{3001}\x{307E}\x{305F}\x{3053}\x{306E}"
          RenderRuby (inline) {RUBY} at (0,0) size 19x64
            RenderRubyRun (anonymous) at (720,274) size 20x64
              RenderRubyText {RT} at (-11,0) size 12x64
                RenderText {#text} at (0,1) size 11x62
                  text run at (0,1) width 61: "\x{3075}\x{3069}\x{3046}\x{3075}\x{3058}"
              RenderRubyBase (anonymous) at (0,0) size 20x64
                RenderInline {RB} at (0,0) size 19x64
                  RenderText {#text} at (0,0) size 19x64
                    text run at (0,0) width 64: "\x{4E0D}\x{540C}\x{4E0D}\x{4E8C}"
          RenderText {#text} at (720,338) size 19x16
            text run at (720,338) width 16: "\x{306E}"
          RenderRuby (inline) {RUBY} at (0,0) size 19x34
            RenderRubyRun (anonymous) at (720,353) size 20x36
              RenderRubyText {RT} at (-11,0) size 12x36
                RenderText {#text} at (0,0) size 11x36
                  text run at (0,0) width 36: "\x{3051}\x{3093}\x{3053}\x{3093}"
              RenderRubyBase (anonymous) at (0,0) size 20x36
                RenderInline {RB} at (0,0) size 19x34
                  RenderText {#text} at (0,1) size 19x34
                    text run at (0,1) width 34: "\x{4E7E}\x{5764}"
          RenderText {#text} at (720,388) size 19x16
            text run at (720,388) width 16: "\x{3092}"
          RenderRuby (inline) {RUBY} at (0,0) size 19x39
            RenderRubyRun (anonymous) at (720,401) size 20x45
              RenderRubyText {RT} at (-11,0) size 12x45
                RenderText {#text} at (0,0) size 11x45
                  text run at (0,0) width 45: "\x{3053}\x{3093}\x{308A}\x{3085}\x{3046}"
              RenderRubyBase (anonymous) at (0,0) size 20x45
                RenderInline {RB} at (0,0) size 19x39
                  RenderText {#text} at (0,3) size 19x39
                    text run at (0,3) width 39: "\x{5EFA}\x{7ACB}"
          RenderText {#text} at (720,443) size 49x491
            text run at (720,443) width 48: "\x{3057}\x{5F97}\x{308B}"
            text run at (750,0) width 112: "\x{306E}\x{70B9}\x{306B}\x{304A}\x{3044}\x{3066}\x{3001}"
          RenderRuby (inline) {RUBY} at (0,0) size 19x64
            RenderRubyRun (anonymous) at (750,112) size 20x64
              RenderRubyText {RT} at (-11,0) size 12x64
                RenderText {#text} at (0,1) size 11x62
                  text run at (0,1) width 61: "\x{304C}\x{308A}\x{3057}\x{3088}\x{304F}"
              RenderRubyBase (anonymous) at (0,0) size 20x64
                RenderInline {RB} at (0,0) size 19x64
                  RenderText {#text} at (0,0) size 19x64
                    text run at (0,0) width 64: "\x{6211}\x{5229}\x{79C1}\x{617E}"
          RenderText {#text} at (750,176) size 19x16
            text run at (750,176) width 16: "\x{306E}"
          RenderRuby (inline) {RUBY} at (0,0) size 19x32
            RenderRubyRun (anonymous) at (750,192) size 20x32
              RenderRubyText {RT} at (-11,0) size 12x32
                RenderText {#text} at (0,0) size 11x32
                  text run at (0,0) width 31: "\x{304D}\x{306F}\x{3093}"
              RenderRubyBase (anonymous) at (0,0) size 20x32
                RenderInline {RB} at (0,0) size 19x32
                  RenderText {#text} at (0,0) size 19x32
                    text run at (0,0) width 32: "\x{898A}\x{7D46}"
          RenderText {#text} at (750,224) size 19x16
            text run at (750,224) width 16: "\x{3092}"
          RenderRuby (inline) {RUBY} at (0,0) size 19x34
            RenderRubyRun (anonymous) at (750,239) size 20x36
              RenderRubyText {RT} at (-11,0) size 12x36
                RenderText {#text} at (0,0) size 11x36
                  text run at (0,0) width 36: "\x{305D}\x{3046}\x{3068}\x{3046}"
              RenderRubyBase (anonymous) at (0,0) size 20x36
                RenderInline {RB} at (0,0) size 19x34
                  RenderText {#text} at (0,1) size 19x34
                    text run at (0,1) width 34: "\x{6383}\x{8569}"
          RenderText {#text} at (750,274) size 19x176
            text run at (750,274) width 176: "\x{3059}\x{308B}\x{306E}\x{70B9}\x{306B}\x{304A}\x{3044}\x{3066}\x{3001}\x{2015}\x{2015}"
          RenderRuby (inline) {RUBY} at (0,0) size 19x34
            RenderRubyRun (anonymous) at (750,449) size 20x36
              RenderRubyText {RT} at (-11,0) size 12x36
                RenderText {#text} at (0,0) size 11x36
                  text run at (0,0) width 36: "\x{305B}\x{3093}\x{304D}\x{3093}"
              RenderRubyBase (anonymous) at (0,0) size 20x36
                RenderInline {RB} at (0,0) size 19x34
                  RenderText {#text} at (0,1) size 19x34
                    text run at (0,1) width 34: "\x{5343}\x{91D1}"
          RenderText {#text} at (750,484) size 49x500
            text run at (750,484) width 16: "\x{306E}"
            text run at (780,0) width 80: "\x{5B50}\x{3088}\x{308A}\x{3082}\x{3001}"
          RenderRuby (inline) {RUBY} at (0,0) size 19x39
            RenderRubyRun (anonymous) at (780,77) size 20x45
              RenderRubyText {RT} at (-11,0) size 12x45
                RenderText {#text} at (0,0) size 11x45
                  text run at (0,0) width 45: "\x{3070}\x{3093}\x{3058}\x{3087}\x{3046}"
              RenderRubyBase (anonymous) at (0,0) size 20x45
                RenderInline {RB} at (0,0) size 19x39
                  RenderText {#text} at (0,3) size 19x39
                    text run at (0,3) width 39: "\x{4E07}\x{4E57}"
          RenderText {#text} at (780,119) size 19x208
            text run at (780,119) width 208: "\x{306E}\x{541B}\x{3088}\x{308A}\x{3082}\x{3001}\x{3042}\x{3089}\x{3086}\x{308B}\x{4FD7}\x{754C}\x{306E}"
          RenderRuby (inline) {RUBY} at (0,0) size 19x34
            RenderRubyRun (anonymous) at (780,326) size 20x36
              RenderRubyText {RT} at (-11,0) size 12x36
                RenderText {#text} at (0,0) size 11x36
                  text run at (0,0) width 36: "\x{3061}\x{3087}\x{3046}\x{3058}"
              RenderRubyBase (anonymous) at (0,0) size 20x36
                RenderInline {RB} at (0,0) size 19x34
                  RenderText {#text} at (0,1) size 19x34
                    text run at (0,1) width 34: "\x{5BF5}\x{5150}"
          RenderText {#text} at (780,361) size 39x473
            text run at (780,361) width 112: "\x{3088}\x{308A}\x{3082}\x{5E78}\x{798F}\x{3067}\x{3042}"
            text run at (800,0) width 32: "\x{308B}\x{3002}"
          RenderBR {BR} at (800,32) size 19x0
          RenderText {#text} at (830,0) size 19x272
            text run at (830,0) width 272: "\x{3000}\x{4E16}\x{306B}\x{4F4F}\x{3080}\x{3053}\x{3068}\x{4E8C}\x{5341}\x{5E74}\x{306B}\x{3057}\x{3066}\x{3001}\x{4F4F}\x{3080}\x{306B}"
          RenderRuby (inline) {RUBY} at (0,0) size 19x32
            RenderRubyRun (anonymous) at (830,272) size 20x32
              RenderRubyText {RT} at (-11,0) size 12x32
                RenderText {#text} at (0,3) size 11x26
                  text run at (0,3) width 25: "\x{304B}\x{3044}"
              RenderRubyBase (anonymous) at (0,0) size 20x32
                RenderInline {RB} at (0,0) size 19x32
                  RenderText {#text} at (0,0) size 19x32
                    text run at (0,0) width 32: "\x{7532}\x{6590}"
          RenderText {#text} at (830,304) size 49x496
            text run at (830,304) width 192: "\x{3042}\x{308B}\x{4E16}\x{3068}\x{77E5}\x{3063}\x{305F}\x{3002}\x{4E8C}\x{5341}\x{4E94}\x{5E74}"
            text run at (860,0) width 96: "\x{306B}\x{3057}\x{3066}\x{660E}\x{6697}\x{306F}"
          RenderRuby (inline) {RUBY} at (0,0) size 19x34
            RenderRubyRun (anonymous) at (860,95) size 20x36
              RenderRubyText {RT} at (-11,0) size 12x36
                RenderText {#text} at (0,0) size 11x36
                  text run at (0,0) width 36: "\x{3072}\x{3087}\x{3046}\x{308A}"
              RenderRubyBase (anonymous) at (0,0) size 20x36
                RenderInline {RB} at (0,0) size 19x34
                  RenderText {#text} at (0,1) size 19x34
                    text run at (0,1) width 34: "\x{8868}\x{88CF}"
          RenderText {#text} at (860,130) size 49x498
            text run at (860,130) width 368: "\x{306E}\x{3054}\x{3068}\x{304F}\x{3001}\x{65E5}\x{306E}\x{3042}\x{305F}\x{308B}\x{6240}\x{306B}\x{306F}\x{304D}\x{3063}\x{3068}\x{5F71}\x{304C}\x{3055}\x{3059}\x{3068}\x{609F}\x{3063}"
            text run at (890,0) width 80: "\x{305F}\x{3002}\x{4E09}\x{5341}\x{306E}"
          RenderRuby (inline) {RUBY} at (0,0) size 19x34
            RenderRubyRun (anonymous) at (890,79) size 20x36
              RenderRubyText {RT} at (-11,0) size 12x36
                RenderText {#text} at (0,0) size 11x36
                  text run at (0,0) width 36: "\x{3053}\x{3093}\x{306B}\x{3061}"
              RenderRubyBase (anonymous) at (0,0) size 20x36
                RenderInline {RB} at (0,0) size 19x34
                  RenderText {#text} at (0,1) size 19x34
                    text run at (0,1) width 34: "\x{4ECA}\x{65E5}"
          RenderText {#text} at (890,114) size 19x288
            text run at (890,114) width 288: "\x{306F}\x{3053}\x{3046}\x{601D}\x{3046}\x{3066}\x{3044}\x{308B}\x{3002}\x{2015}\x{2015}\x{559C}\x{3073}\x{306E}\x{6DF1}\x{304D}\x{3068}\x{304D}"
          RenderRuby (inline) {RUBY} at (0,0) size 19x19
            RenderRubyRun (anonymous) at (890,398) size 20x27
              RenderRubyText {RT} at (-11,0) size 12x27
                RenderText {#text} at (0,0) size 11x27
                  text run at (0,0) width 27: "\x{3046}\x{308C}\x{3044}"
              RenderRubyBase (anonymous) at (0,0) size 20x27
                RenderInline {RB} at (0,0) size 19x17
                  RenderText {#text} at (0,5) size 19x17
                    text run at (0,5) width 16: "\x{6182}"
          RenderText {#text} at (890,421) size 49x501
            text run at (890,421) width 80: "\x{3044}\x{3088}\x{3044}\x{3088}\x{6DF1}"
            text run at (920,0) width 32: "\x{304F}\x{3001}"
          RenderRuby (inline) {RUBY} at (0,0) size 19x19
            RenderRubyRun (anonymous) at (920,28) size 20x27
              RenderRubyText {RT} at (-11,0) size 12x27
                RenderText {#text} at (0,0) size 11x27
                  text run at (0,0) width 27: "\x{305F}\x{306E}\x{3057}"
              RenderRubyBase (anonymous) at (0,0) size 20x27
                RenderInline {RB} at (0,0) size 19x17
                  RenderText {#text} at (0,5) size 19x17
                    text run at (0,5) width 16: "\x{697D}"
          RenderText {#text} at (920,51) size 49x499
            text run at (920,51) width 448: "\x{307F}\x{306E}\x{5927}\x{3044}\x{306A}\x{308B}\x{307B}\x{3069}\x{82E6}\x{3057}\x{307F}\x{3082}\x{5927}\x{304D}\x{3044}\x{3002}\x{3053}\x{308C}\x{3092}\x{5207}\x{308A}\x{653E}\x{305D}\x{3046}\x{3068}\x{3059}\x{308B}\x{3068}"
            text run at (950,0) width 96: "\x{8EAB}\x{304C}\x{6301}\x{3066}\x{306C}\x{3002}"
          RenderRuby (inline) {RUBY} at (0,0) size 19x16
            RenderRubyRun (anonymous) at (950,95) size 20x18
              RenderRubyText {RT} at (-11,0) size 12x18
                RenderText {#text} at (0,0) size 11x18
                  text run at (0,0) width 18: "\x{304B}\x{305F}"
              RenderRubyBase (anonymous) at (0,0) size 20x18
                RenderInline {RB} at (0,0) size 19x16
                  RenderText {#text} at (0,1) size 19x16
                    text run at (0,1) width 16: "\x{7247}"
          RenderText {#text} at (950,112) size 49x496
            text run at (950,112) width 384: "\x{3065}\x{3051}\x{3088}\x{3046}\x{3068}\x{3059}\x{308C}\x{3070}\x{4E16}\x{304C}\x{7ACB}\x{305F}\x{306C}\x{3002}\x{91D1}\x{306F}\x{5927}\x{4E8B}\x{3060}\x{3001}\x{5927}\x{4E8B}\x{306A}\x{3082}"
            text run at (980,0) width 32: "\x{306E}\x{304C}"
          RenderRuby (inline) {RUBY} at (0,0) size 19x16
            RenderRubyRun (anonymous) at (980,32) size 20x16
              RenderRubyText {RT} at (-11,0) size 12x16
                RenderText {#text} at (0,3) size 11x10
                  text run at (0,3) width 9: "\x{3075}"
              RenderRubyBase (anonymous) at (0,0) size 20x16
                RenderInline {RB} at (0,0) size 19x16
                  RenderText {#text} at (0,0) size 19x16
                    text run at (0,0) width 16: "\x{6B96}"
          RenderText {#text} at (980,48) size 19x48
            text run at (980,48) width 48: "\x{3048}\x{308C}\x{3070}"
          RenderRuby (inline) {RUBY} at (0,0) size 19x16
            RenderRubyRun (anonymous) at (980,96) size 20x16
              RenderRubyText {RT} at (-11,0) size 12x16
                RenderText {#text} at (0,3) size 11x10
                  text run at (0,3) width 9: "\x{306D}"
              RenderRubyBase (anonymous) at (0,0) size 20x16
                RenderInline {RB} at (0,0) size 19x16
                  RenderText {#text} at (0,0) size 19x16
                    text run at (0,0) width 16: "\x{5BDD}"
          RenderText {#text} at (980,112) size 19x16
            text run at (980,112) width 16: "\x{308B}"
          RenderRuby (inline) {RUBY} at (0,0) size 19x16
            RenderRubyRun (anonymous) at (980,128) size 20x16
              RenderRubyText {RT} at (-11,0) size 12x16
                RenderText {#text} at (0,3) size 11x10
                  text run at (0,3) width 9: "\x{307E}"
              RenderRubyBase (anonymous) at (0,0) size 20x16
                RenderInline {RB} at (0,0) size 19x16
                  RenderText {#text} at (0,0) size 19x16
                    text run at (0,0) width 16: "\x{9593}"
          RenderText {#text} at (980,144) size 49x496
            text run at (980,144) width 352: "\x{3082}\x{5FC3}\x{914D}\x{3060}\x{308D}\x{3046}\x{3002}\x{604B}\x{306F}\x{3046}\x{308C}\x{3057}\x{3044}\x{3001}\x{5B09}\x{3057}\x{3044}\x{604B}\x{304C}\x{7A4D}\x{3082}\x{308C}"
            text run at (1010,0) width 464: "\x{3070}\x{3001}\x{604B}\x{3092}\x{305B}\x{306C}\x{6614}\x{304C}\x{304B}\x{3048}\x{3063}\x{3066}\x{604B}\x{3057}\x{304B}\x{308D}\x{3002}\x{95A3}\x{50DA}\x{306E}\x{80A9}\x{306F}\x{6570}\x{767E}\x{4E07}\x{4EBA}\x{306E}\x{8DB3}\x{3092}"
          RenderRuby (inline) {RUBY} at (0,0) size 19x16
            RenderRubyRun (anonymous) at (1010,463) size 20x18
              RenderRubyText {RT} at (-11,0) size 12x18
                RenderText {#text} at (0,0) size 11x18
                  text run at (0,0) width 18: "\x{3055}\x{3055}"
              RenderRubyBase (anonymous) at (0,0) size 20x18
                RenderInline {RB} at (0,0) size 19x16
                  RenderText {#text} at (0,1) size 19x16
                    text run at (0,1) width 16: "\x{652F}"
          RenderText {#text} at (1010,480) size 49x496
            text run at (1010,480) width 16: "\x{3048}"
            text run at (1040,0) width 64: "\x{3066}\x{3044}\x{308B}\x{3002}"
          RenderRuby (inline) {RUBY} at (0,0) size 19x32
            RenderRubyRun (anonymous) at (1040,64) size 20x32
              RenderRubyText {RT} at (-11,0) size 12x32
                RenderText {#text} at (0,0) size 11x32
                  text run at (0,0) width 31: "\x{305B}\x{306A}\x{304B}"
              RenderRubyBase (anonymous) at (0,0) size 20x32
                RenderInline {RB} at (0,0) size 19x32
                  RenderText {#text} at (0,0) size 19x32
                    text run at (0,0) width 32: "\x{80CC}\x{4E2D}"
          RenderText {#text} at (1040,96) size 49x496
            text run at (1040,96) width 400: "\x{306B}\x{306F}\x{91CD}\x{3044}\x{5929}\x{4E0B}\x{304C}\x{304A}\x{3076}\x{3055}\x{3063}\x{3066}\x{3044}\x{308B}\x{3002}\x{3046}\x{307E}\x{3044}\x{7269}\x{3082}\x{98DF}\x{308F}\x{306D}\x{3070}\x{60DC}"
            text run at (1070,0) width 128: "\x{3057}\x{3044}\x{3002}\x{5C11}\x{3057}\x{98DF}\x{3048}\x{3070}"
          RenderRuby (inline) {RUBY} at (0,0) size 19x16
            RenderRubyRun (anonymous) at (1070,128) size 20x16
              RenderRubyText {RT} at (-11,0) size 12x16
                RenderText {#text} at (0,3) size 11x10
                  text run at (0,3) width 9: "\x{3042}"
              RenderRubyBase (anonymous) at (0,0) size 20x16
                RenderInline {RB} at (0,0) size 19x16
                  RenderText {#text} at (0,0) size 19x16
                    text run at (0,0) width 16: "\x{98FD}"
          RenderText {#text} at (1070,144) size 19x16
            text run at (1070,144) width 16: "\x{304D}"
          RenderRuby (inline) {RUBY} at (0,0) size 19x16
            RenderRubyRun (anonymous) at (1070,160) size 20x16
              RenderRubyText {RT} at (-11,0) size 12x16
                RenderText {#text} at (0,3) size 11x10
                  text run at (0,3) width 9: "\x{305F}"
              RenderRubyBase (anonymous) at (0,0) size 20x16
                RenderInline {RB} at (0,0) size 19x16
                  RenderText {#text} at (0,0) size 19x16
                    text run at (0,0) width 16: "\x{8DB3}"
          RenderText {#text} at (1070,176) size 19x288
            text run at (1070,176) width 288: "\x{3089}\x{306C}\x{3002}\x{5B58}\x{5206}\x{98DF}\x{3048}\x{3070}\x{3042}\x{3068}\x{304C}\x{4E0D}\x{6109}\x{5FEB}\x{3060}\x{3002}\x{2026}\x{2026}"
          RenderBR {BR} at (1070,464) size 19x0
          RenderText {#text} at (1100,0) size 19x16
            text run at (1100,0) width 16: "\x{3000}"
          RenderRuby (inline) {RUBY} at (0,0) size 19x16
            RenderRubyRun (anonymous) at (1100,16) size 20x16
              RenderRubyText {RT} at (-11,0) size 12x16
                RenderText {#text} at (0,3) size 11x10
                  text run at (0,3) width 9: "\x{3088}"
              RenderRubyBase (anonymous) at (0,0) size 20x16
                RenderInline {RB} at (0,0) size 19x16
                  RenderText {#text} at (0,0) size 19x16
                    text run at (0,0) width 16: "\x{4F59}"
          RenderText {#text} at (1100,32) size 19x16
            text run at (1100,32) width 16: "\x{306E}"
          RenderRuby (inline) {RUBY} at (0,0) size 19x28
            RenderRubyRun (anonymous) at (1100,44) size 20x36
              RenderRubyText {RT} at (-11,0) size 12x36
                RenderText {#text} at (0,0) size 11x36
                  text run at (0,0) width 36: "\x{304B}\x{3093}\x{304C}\x{3048}"
              RenderRubyBase (anonymous) at (0,0) size 20x36
                RenderInline {RB} at (0,0) size 19x16
                  RenderText {#text} at (0,10) size 19x16
                    text run at (0,10) width 16: "\x{8003}"
          RenderText {#text} at (1100,76) size 19x256
            text run at (1100,76) width 256: "\x{304C}\x{3053}\x{3053}\x{307E}\x{3067}\x{6F02}\x{6D41}\x{3057}\x{3066}\x{6765}\x{305F}\x{6642}\x{306B}\x{3001}\x{4F59}\x{306E}"
          RenderRuby (inline) {RUBY} at (0,0) size 19x32
            RenderRubyRun (anonymous) at (1100,332) size 20x32
              RenderRubyText {RT} at (-11,0) size 12x32
                RenderText {#text} at (0,0) size 11x32
                  text run at (0,0) width 31: "\x{3046}\x{305D}\x{304F}"
              RenderRubyBase (anonymous) at (0,0) size 20x32
                RenderInline {RB} at (0,0) size 19x32
                  RenderText {#text} at (0,0) size 19x32
                    text run at (0,0) width 32: "\x{53F3}\x{8DB3}"
          RenderText {#text} at (1100,364) size 19x48
            text run at (1100,364) width 48: "\x{306F}\x{7A81}\x{7136}"
          RenderRuby (inline) {RUBY} at (0,0) size 19x16
            RenderRubyRun (anonymous) at (1100,411) size 20x18
              RenderRubyText {RT} at (-11,0) size 12x18
                RenderText {#text} at (0,0) size 11x18
                  text run at (0,0) width 18: "\x{3059}\x{308F}"
              RenderRubyBase (anonymous) at (0,0) size 20x18
                RenderInline {RB} at (0,0) size 19x16
                  RenderText {#text} at (0,1) size 19x16
                    text run at (0,1) width 16: "\x{5750}"
          RenderText {#text} at (1100,428) size 49x492
            text run at (1100,428) width 64: "\x{308A}\x{306E}\x{308F}\x{308B}"
            text run at (1130,0) width 16: "\x{3044}"
          RenderRuby (inline) {RUBY} at (0,0) size 19x34
            RenderRubyRun (anonymous) at (1130,15) size 20x36
              RenderRubyText {RT} at (-11,0) size 12x36
                RenderText {#text} at (0,0) size 11x36
                  text run at (0,0) width 36: "\x{304B}\x{304F}\x{3044}\x{3057}"
              RenderRubyBase (anonymous) at (0,0) size 20x36
                RenderInline {RB} at (0,0) size 19x34
                  RenderText {#text} at (0,1) size 19x34
                    text run at (0,1) width 34: "\x{89D2}\x{77F3}"
          RenderText {#text} at (1130,50) size 19x16
            text run at (1130,50) width 16: "\x{306E}"
          RenderRuby (inline) {RUBY} at (0,0) size 19x16
            RenderRubyRun (anonymous) at (1130,65) size 20x18
              RenderRubyText {RT} at (-11,0) size 12x18
                RenderText {#text} at (0,0) size 11x18
                  text run at (0,0) width 18: "\x{306F}\x{3057}"
              RenderRubyBase (anonymous) at (0,0) size 20x18
                RenderInline {RB} at (0,0) size 19x16
                  RenderText {#text} at (0,1) size 19x16
                    text run at (0,1) width 16: "\x{7AEF}"
          RenderText {#text} at (1130,82) size 19x48
            text run at (1130,82) width 48: "\x{3092}\x{8E0F}\x{307F}"
          RenderRuby (inline) {RUBY} at (0,0) size 19x16
            RenderRubyRun (anonymous) at (1130,130) size 20x16
              RenderRubyText {RT} at (-11,0) size 12x16
                RenderText {#text} at (0,3) size 11x10
                  text run at (0,3) width 9: "\x{305D}"
              RenderRubyBase (anonymous) at (0,0) size 20x16
                RenderInline {RB} at (0,0) size 19x16
                  RenderText {#text} at (0,0) size 19x16
                    text run at (0,0) width 16: "\x{640D}"
          RenderText {#text} at (1130,146) size 19x80
            text run at (1130,146) width 80: "\x{304F}\x{306A}\x{3063}\x{305F}\x{3002}"
          RenderRuby (inline) {RUBY} at (0,0) size 19x34
            RenderRubyRun (anonymous) at (1130,225) size 20x36
              RenderRubyText {RT} at (-11,0) size 12x36
                RenderText {#text} at (0,0) size 11x36
                  text run at (0,0) width 36: "\x{3078}\x{3044}\x{3053}\x{3046}"
              RenderRubyBase (anonymous) at (0,0) size 20x36
                RenderInline {RB} at (0,0) size 19x34
                  RenderText {#text} at (0,1) size 19x34
                    text run at (0,1) width 34: "\x{5E73}\x{8861}"
          RenderText {#text} at (1130,260) size 49x500
            text run at (1130,260) width 240: "\x{3092}\x{4FDD}\x{3064}\x{305F}\x{3081}\x{306B}\x{3001}\x{3059}\x{308F}\x{3084}\x{3068}\x{524D}\x{306B}\x{98DB}\x{3073}"
            text run at (1160,0) width 48: "\x{51FA}\x{3057}\x{305F}"
          RenderRuby (inline) {RUBY} at (0,0) size 19x32
            RenderRubyRun (anonymous) at (1160,48) size 20x32
              RenderRubyText {RT} at (-11,0) size 12x32
                RenderText {#text} at (0,0) size 11x32
                  text run at (0,0) width 31: "\x{3055}\x{305D}\x{304F}"
              RenderRubyBase (anonymous) at (0,0) size 20x32
                RenderInline {RB} at (0,0) size 19x32
                  RenderText {#text} at (0,0) size 19x32
                    text run at (0,0) width 32: "\x{5DE6}\x{8DB3}"
          RenderText {#text} at (1160,80) size 19x32
            text run at (1160,80) width 32: "\x{304C}\x{3001}"
          RenderRuby (inline) {RUBY} at (0,0) size 19x32
            RenderRubyRun (anonymous) at (1160,112) size 20x32
              RenderRubyText {RT} at (-11,0) size 12x32
                RenderText {#text} at (0,0) size 11x32
                  text run at (0,0) width 31: "\x{3057}\x{305D}\x{3093}"
              RenderRubyBase (anonymous) at (0,0) size 20x32
                RenderInline {RB} at (0,0) size 19x32
                  RenderText {#text} at (0,0) size 19x32
                    text run at (0,0) width 32: "\x{4ED5}\x{640D}"
          RenderText {#text} at (1160,144) size 19x32
            text run at (1160,144) width 32: "\x{3058}\x{306E}"
          RenderRuby (inline) {RUBY} at (0,0) size 19x16
            RenderRubyRun (anonymous) at (1160,176) size 20x16
              RenderRubyText {RT} at (-11,0) size 12x16
                RenderText {#text} at (0,3) size 11x10
                  text run at (0,3) width 9: "\x{3046}"
              RenderRubyBase (anonymous) at (0,0) size 20x16
                RenderInline {RB} at (0,0) size 19x16
                  RenderText {#text} at (0,0) size 19x16
                    text run at (0,0) width 16: "\x{57CB}"
          RenderText {#text} at (1160,192) size 19x16
            text run at (1160,192) width 16: "\x{3081}"
          RenderRuby (inline) {RUBY} at (0,0) size 19x16
            RenderRubyRun (anonymous) at (1160,207) size 20x18
              RenderRubyText {RT} at (-11,0) size 12x18
                RenderText {#text} at (0,0) size 11x18
                  text run at (0,0) width 18: "\x{3042}\x{308F}"
              RenderRubyBase (anonymous) at (0,0) size 20x18
                RenderInline {RB} at (0,0) size 19x16
                  RenderText {#text} at (0,1) size 19x16
                    text run at (0,1) width 16: "\x{5408}"
          RenderText {#text} at (1160,224) size 19x256
            text run at (1160,224) width 256: "\x{305B}\x{3092}\x{3059}\x{308B}\x{3068}\x{5171}\x{306B}\x{3001}\x{4F59}\x{306E}\x{8170}\x{306F}\x{5177}\x{5408}\x{3088}\x{304F}"
          RenderRuby (inline) {RUBY} at (0,0) size 19x17
            RenderRubyRun (anonymous) at (1160,479) size 20x18
              RenderRubyText {RT} at (-11,0) size 12x18
                RenderText {#text} at (0,0) size 11x18
                  text run at (0,0) width 18: "\x{307B}\x{3046}"
              RenderRubyBase (anonymous) at (0,0) size 20x18
                RenderInline {RB} at (0,0) size 19x16
                  RenderText {#text} at (0,1) size 19x16
                    text run at (0,1) width 16: "\x{65B9}"
          RenderText {#text} at (1190,0) size 19x144
            text run at (1190,0) width 144: "\x{4E09}\x{5C3A}\x{307B}\x{3069}\x{306A}\x{5CA9}\x{306E}\x{4E0A}\x{306B}"
          RenderRuby (inline) {RUBY} at (0,0) size 19x16
            RenderRubyRun (anonymous) at (1190,144) size 20x16
              RenderRubyText {RT} at (-11,0) size 12x16
                RenderText {#text} at (0,3) size 11x10
                  text run at (0,3) width 9: "\x{304A}"
              RenderRubyBase (anonymous) at (0,0) size 20x16
                RenderInline {RB} at (0,0) size 19x16
                  RenderText {#text} at (0,0) size 19x16
                    text run at (0,0) width 16: "\x{5378}"
          RenderText {#text} at (1190,160) size 19x208
            text run at (1190,160) width 208: "\x{308A}\x{305F}\x{3002}\x{80A9}\x{306B}\x{304B}\x{3051}\x{305F}\x{7D75}\x{306E}\x{5177}\x{7BB1}\x{304C}"
          RenderRuby (inline) {RUBY} at (0,0) size 19x16
            RenderRubyRun (anonymous) at (1190,367) size 20x18
              RenderRubyText {RT} at (-11,0) size 12x18
                RenderText {#text} at (0,0) size 11x18
                  text run at (0,0) width 18: "\x{308F}\x{304D}"
              RenderRubyBase (anonymous) at (0,0) size 20x18
                RenderInline {RB} at (0,0) size 19x16
                  RenderText {#text} at (0,1) size 19x16
                    text run at (0,1) width 16: "\x{814B}"
          RenderText {#text} at (1190,384) size 19x64
            text run at (1190,384) width 64: "\x{306E}\x{4E0B}\x{304B}\x{3089}"
          RenderRuby (inline) {RUBY} at (0,0) size 19x16
            RenderRubyRun (anonymous) at (1190,447) size 20x18
              RenderRubyText {RT} at (-11,0) size 12x18
                RenderText {#text} at (0,0) size 11x18
                  text run at (0,0) width 18: "\x{304A}\x{3069}"
              RenderRubyBase (anonymous) at (0,0) size 20x18
                RenderInline {RB} at (0,0) size 19x16
                  RenderText {#text} at (0,1) size 19x16
                    text run at (0,1) width 16: "\x{8E8D}"
          RenderText {#text} at (1190,464) size 49x496
            text run at (1190,464) width 32: "\x{308A}\x{51FA}"
            text run at (1220,0) width 144: "\x{3057}\x{305F}\x{3060}\x{3051}\x{3067}\x{3001}\x{5E78}\x{3044}\x{3068}"
          RenderRuby (inline) {RUBY} at (0,0) size 19x16
            RenderRubyRun (anonymous) at (1220,143) size 20x18
              RenderRubyText {RT} at (-11,0) size 12x18
                RenderText {#text} at (0,0) size 11x18
                  text run at (0,0) width 18: "\x{306A}\x{3093}"
              RenderRubyBase (anonymous) at (0,0) size 20x18
                RenderInline {RB} at (0,0) size 19x16
                  RenderText {#text} at (0,1) size 19x16
                    text run at (0,1) width 16: "\x{4F55}"
          RenderText {#text} at (1220,160) size 19x128
            text run at (1220,160) width 128: "\x{306E}\x{4E8B}\x{3082}\x{306A}\x{304B}\x{3063}\x{305F}\x{3002}"
          RenderBR {BR} at (1220,288) size 19x0
          RenderText {#text} at (1250,0) size 19x240
            text run at (1250,0) width 240: "\x{3000}\x{7ACB}\x{3061}\x{4E0A}\x{304C}\x{308B}\x{6642}\x{306B}\x{5411}\x{3046}\x{3092}\x{898B}\x{308B}\x{3068}\x{3001}"
          RenderRuby (inline) {RUBY} at (0,0) size 19x16
            RenderRubyRun (anonymous) at (1250,239) size 20x18
              RenderRubyText {RT} at (-11,0) size 12x18
                RenderText {#text} at (0,0) size 11x18
                  text run at (0,0) width 18: "\x{307F}\x{3061}"
              RenderRubyBase (anonymous) at (0,0) size 20x18
                RenderInline {RB} at (0,0) size 19x16
                  RenderText {#text} at (0,1) size 19x16
                    text run at (0,1) width 16: "\x{8DEF}"
          RenderText {#text} at (1250,256) size 49x496
            text run at (1250,256) width 240: "\x{304B}\x{3089}\x{5DE6}\x{306E}\x{65B9}\x{306B}\x{30D0}\x{30B1}\x{30C4}\x{3092}\x{4F0F}\x{305B}\x{305F}\x{3088}\x{3046}"
            text run at (1280,0) width 48: "\x{306A}\x{5CF0}\x{304C}"
          RenderRuby (inline) {RUBY} at (0,0) size 19x16
            RenderRubyRun (anonymous) at (1280,47) size 20x18
              RenderRubyText {RT} at (-11,0) size 12x18
                RenderText {#text} at (0,0) size 11x18
                  text run at (0,0) width 18: "\x{305D}\x{3073}"
              RenderRubyBase (anonymous) at (0,0) size 20x18
                RenderInline {RB} at (0,0) size 19x16
                  RenderText {#text} at (0,1) size 19x16
                    text run at (0,1) width 16: "\x{8073}"
          RenderText {#text} at (1280,64) size 19x112
            text run at (1280,64) width 112: "\x{3048}\x{3066}\x{3044}\x{308B}\x{3002}\x{6749}\x{304B}"
          RenderRuby (inline) {RUBY} at (0,0) size 19x19
            RenderRubyRun (anonymous) at (1280,172) size 20x27
              RenderRubyText {RT} at (-11,0) size 12x27
                RenderText {#text} at (0,0) size 11x27
                  text run at (0,0) width 27: "\x{3072}\x{306E}\x{304D}"
              RenderRubyBase (anonymous) at (0,0) size 20x27
                RenderInline {RB} at (0,0) size 19x17
                  RenderText {#text} at (0,5) size 19x17
                    text run at (0,5) width 16: "\x{6A9C}"
          RenderText {#text} at (1280,195) size 19x112
            text run at (1280,195) width 112: "\x{304B}\x{5206}\x{304B}\x{3089}\x{306A}\x{3044}\x{304C}"
          RenderRuby (inline) {RUBY} at (0,0) size 19x32
            RenderRubyRun (anonymous) at (1280,307) size 20x32
              RenderRubyText {RT} at (-11,0) size 12x32
                RenderText {#text} at (0,0) size 11x32
                  text run at (0,0) width 31: "\x{306D}\x{3082}\x{3068}"
              RenderRubyBase (anonymous) at (0,0) size 20x32
                RenderInline {RB} at (0,0) size 19x32
                  RenderText {#text} at (0,0) size 19x32
                    text run at (0,0) width 32: "\x{6839}\x{5143}"
          RenderText {#text} at (1280,339) size 19x32
            text run at (1280,339) width 32: "\x{304B}\x{3089}"
          RenderRuby (inline) {RUBY} at (0,0) size 19x19
            RenderRubyRun (anonymous) at (1280,367) size 20x27
              RenderRubyText {RT} at (-11,0) size 12x27
                RenderText {#text} at (0,0) size 11x27
                  text run at (0,0) width 27: "\x{3044}\x{305F}\x{3060}"
              RenderRubyBase (anonymous) at (0,0) size 20x27
                RenderInline {RB} at (0,0) size 19x17
                  RenderText {#text} at (0,5) size 19x17
                    text run at (0,5) width 16: "\x{9802}"
          RenderText {#text} at (1280,390) size 49x502
            text run at (1280,390) width 112: "\x{304D}\x{307E}\x{3067}\x{3053}\x{3068}\x{3054}\x{3068}"
            text run at (1310,0) width 16: "\x{304F}"
          RenderRuby (inline) {RUBY} at (0,0) size 19x34
            RenderRubyRun (anonymous) at (1310,15) size 20x36
              RenderRubyText {RT} at (-11,0) size 12x36
                RenderText {#text} at (0,0) size 11x36
                  text run at (0,0) width 36: "\x{3042}\x{304A}\x{3050}\x{308D}"
              RenderRubyBase (anonymous) at (0,0) size 20x36
                RenderInline {RB} at (0,0) size 19x34
                  RenderText {#text} at (0,1) size 19x34
                    text run at (0,1) width 34: "\x{84BC}\x{9ED2}"
          RenderText {#text} at (1310,50) size 19x240
            text run at (1310,50) width 240: "\x{3044}\x{4E2D}\x{306B}\x{3001}\x{5C71}\x{685C}\x{304C}\x{8584}\x{8D64}\x{304F}\x{3060}\x{3093}\x{3060}\x{3089}\x{306B}"
          RenderRuby (inline) {RUBY} at (0,0) size 19x32
            RenderRubyRun (anonymous) at (1310,290) size 20x32
              RenderRubyText {RT} at (-11,0) size 12x32
                RenderText {#text} at (0,0) size 11x32
                  text run at (0,0) width 31: "\x{305F}\x{306A}\x{3073}"
              RenderRubyBase (anonymous) at (0,0) size 20x32
                RenderInline {RB} at (0,0) size 19x32
                  RenderText {#text} at (0,0) size 19x32
                    text run at (0,0) width 32: "\x{68DA}\x{5F15}"
          RenderText {#text} at (1310,322) size 19x48
            text run at (1310,322) width 48: "\x{3044}\x{3066}\x{3001}"
          RenderRuby (inline) {RUBY} at (0,0) size 19x16
            RenderRubyRun (anonymous) at (1310,370) size 20x16
              RenderRubyText {RT} at (-11,0) size 12x16
                RenderText {#text} at (0,3) size 11x10
                  text run at (0,3) width 9: "\x{3064}"
              RenderRubyBase (anonymous) at (0,0) size 20x16
                RenderInline {RB} at (0,0) size 19x16
                  RenderText {#text} at (0,0) size 19x16
                    text run at (0,0) width 16: "\x{7D9A}"
          RenderText {#text} at (1310,386) size 19x16
            text run at (1310,386) width 16: "\x{304E}"
          RenderRuby (inline) {RUBY} at (0,0) size 19x16
            RenderRubyRun (anonymous) at (1310,402) size 20x16
              RenderRubyText {RT} at (-11,0) size 12x16
                RenderText {#text} at (0,3) size 11x10
                  text run at (0,3) width 9: "\x{3081}"
              RenderRubyBase (anonymous) at (0,0) size 20x16
                RenderInline {RB} at (0,0) size 19x16
                  RenderText {#text} at (0,0) size 19x16
                    text run at (0,0) width 16: "\x{76EE}"
          RenderText {#text} at (1310,418) size 19x16
            text run at (1310,418) width 16: "\x{304C}"
          RenderRuby (inline) {RUBY} at (0,0) size 19x16
            RenderRubyRun (anonymous) at (1310,433) size 20x18
              RenderRubyText {RT} at (-11,0) size 12x18
                RenderText {#text} at (0,0) size 11x18
                  text run at (0,0) width 18: "\x{3057}\x{304B}"
              RenderRubyBase (anonymous) at (0,0) size 20x18
                RenderInline {RB} at (0,0) size 19x16
                  RenderText {#text} at (0,1) size 19x16
                    text run at (0,1) width 16: "\x{78BA}"
          RenderText {#text} at (1310,450) size 49x498
            text run at (1310,450) width 48: "\x{3068}\x{898B}\x{3048}"
            text run at (1340,0) width 64: "\x{306C}\x{304F}\x{3089}\x{3044}"
          RenderRuby (inline) {RUBY} at (0,0) size 19x16
            RenderRubyRun (anonymous) at (1340,63) size 20x18
              RenderRubyText {RT} at (-11,0) size 12x18
                RenderText {#text} at (0,0) size 11x18
                  text run at (0,0) width 18: "\x{3082}\x{3084}"
              RenderRubyBase (anonymous) at (0,0) size 20x18
                RenderInline {RB} at (0,0) size 19x16
                  RenderText {#text} at (0,1) size 19x16
                    text run at (0,1) width 16: "\x{9744}"
          RenderText {#text} at (1340,80) size 19x144
            text run at (1340,80) width 144: "\x{304C}\x{6FC3}\x{3044}\x{3002}\x{5C11}\x{3057}\x{624B}\x{524D}\x{306B}"
          RenderRuby (inline) {RUBY} at (0,0) size 19x34
            RenderRubyRun (anonymous) at (1340,223) size 20x36
              RenderRubyText {RT} at (-11,0) size 12x36
                RenderText {#text} at (0,0) size 11x36
                  text run at (0,0) width 36: "\x{306F}\x{3052}\x{3084}\x{307E}"
              RenderRubyBase (anonymous) at (0,0) size 20x36
                RenderInline {RB} at (0,0) size 19x34
                  RenderText {#text} at (0,1) size 19x34
                    text run at (0,1) width 34: "\x{79BF}\x{5C71}"
          RenderText {#text} at (1340,258) size 19x64
            text run at (1340,258) width 64: "\x{304C}\x{4E00}\x{3064}\x{3001}"
          RenderRuby (inline) {RUBY} at (0,0) size 19x16
            RenderRubyRun (anonymous) at (1340,321) size 20x18
              RenderRubyText {RT} at (-11,0) size 12x18
                RenderText {#text} at (0,0) size 11x18
                  text run at (0,0) width 18: "\x{3050}\x{3093}"
              RenderRubyBase (anonymous) at (0,0) size 20x18
                RenderInline {RB} at (0,0) size 19x16
                  RenderText {#text} at (0,1) size 19x16
                    text run at (0,1) width 16: "\x{7FA4}"
          RenderText {#text} at (1340,338) size 19x96
            text run at (1340,338) width 96: "\x{3092}\x{306C}\x{304D}\x{3093}\x{3067}\x{3066}"
          RenderRuby (inline) {RUBY} at (0,0) size 19x16
            RenderRubyRun (anonymous) at (1340,433) size 20x18
              RenderRubyText {RT} at (-11,0) size 12x18
                RenderText {#text} at (0,0) size 11x18
                  text run at (0,0) width 18: "\x{307E}\x{3086}"
              RenderRubyBase (anonymous) at (0,0) size 20x18
                RenderInline {RB} at (0,0) size 19x16
                  RenderText {#text} at (0,1) size 19x16
                    text run at (0,1) width 16: "\x{7709}"
          RenderText {#text} at (1340,450) size 19x16
            text run at (1340,450) width 16: "\x{306B}"
          RenderRuby (inline) {RUBY} at (0,0) size 19x17
            RenderRubyRun (anonymous) at (1340,465) size 20x18
              RenderRubyText {RT} at (-11,0) size 12x18
                RenderText {#text} at (0,0) size 11x18
                  text run at (0,0) width 18: "\x{305B}\x{307E}"
              RenderRubyBase (anonymous) at (0,0) size 20x18
                RenderInline {RB} at (0,0) size 19x16
                  RenderText {#text} at (0,1) size 19x16
                    text run at (0,1) width 16: "\x{903C}"
          RenderText {#text} at (1370,0) size 19x32
            text run at (1370,0) width 32: "\x{308B}\x{3002}"
          RenderRuby (inline) {RUBY} at (0,0) size 19x16
            RenderRubyRun (anonymous) at (1370,32) size 20x16
              RenderRubyText {RT} at (-11,0) size 12x16
                RenderText {#text} at (0,3) size 11x10
                  text run at (0,3) width 9: "\x{306F}"
              RenderRubyBase (anonymous) at (0,0) size 20x16
                RenderInline {RB} at (0,0) size 19x16
                  RenderText {#text} at (0,0) size 19x16
                    text run at (0,0) width 16: "\x{79BF}"
          RenderText {#text} at (1370,48) size 19x128
            text run at (1370,48) width 128: "\x{3052}\x{305F}\x{5074}\x{9762}\x{306F}\x{5DE8}\x{4EBA}\x{306E}"
          RenderRuby (inline) {RUBY} at (0,0) size 19x16
            RenderRubyRun (anonymous) at (1370,175) size 20x18
              RenderRubyText {RT} at (-11,0) size 12x18
                RenderText {#text} at (0,0) size 11x18
                  text run at (0,0) width 18: "\x{304A}\x{306E}"
              RenderRubyBase (anonymous) at (0,0) size 20x18
                RenderInline {RB} at (0,0) size 19x16
                  RenderText {#text} at (0,1) size 19x16
                    text run at (0,1) width 16: "\x{65A7}"
          RenderText {#text} at (1370,192) size 19x16
            text run at (1370,192) width 16: "\x{3067}"
          RenderRuby (inline) {RUBY} at (0,0) size 19x16
            RenderRubyRun (anonymous) at (1370,207) size 20x18
              RenderRubyText {RT} at (-11,0) size 12x18
                RenderText {#text} at (0,0) size 11x18
                  text run at (0,0) width 18: "\x{3051}\x{305A}"
              RenderRubyBase (anonymous) at (0,0) size 20x18
                RenderInline {RB} at (0,0) size 19x16
                  RenderText {#text} at (0,1) size 19x16
                    text run at (0,1) width 16: "\x{524A}"
          RenderText {#text} at (1370,224) size 49x496
            text run at (1370,224) width 272: "\x{308A}\x{53BB}\x{3063}\x{305F}\x{304B}\x{3001}\x{92ED}\x{3069}\x{304D}\x{5E73}\x{9762}\x{3092}\x{3084}\x{3051}\x{306B}\x{8C37}\x{306E}"
            text run at (1400,0) width 32: "\x{5E95}\x{306B}"
          RenderRuby (inline) {RUBY} at (0,0) size 19x16
            RenderRubyRun (anonymous) at (1400,31) size 20x18
              RenderRubyText {RT} at (-11,0) size 12x18
                RenderText {#text} at (0,0) size 11x18
                  text run at (0,0) width 18: "\x{3046}\x{305A}"
              RenderRubyBase (anonymous) at (0,0) size 20x18
                RenderInline {RB} at (0,0) size 19x16
                  RenderText {#text} at (0,1) size 19x16
                    text run at (0,1) width 16: "\x{57CB}"
          RenderText {#text} at (1400,48) size 19x80
            text run at (1400,48) width 80: "\x{3081}\x{3066}\x{3044}\x{308B}\x{3002}"
          RenderRuby (inline) {RUBY} at (0,0) size 19x34
            RenderRubyRun (anonymous) at (1400,127) size 20x36
              RenderRubyText {RT} at (-11,0) size 12x36
                RenderText {#text} at (0,0) size 11x36
                  text run at (0,0) width 36: "\x{3066}\x{3063}\x{307A}\x{3093}"
              RenderRubyBase (anonymous) at (0,0) size 20x36
                RenderInline {RB} at (0,0) size 19x34
                  RenderText {#text} at (0,1) size 19x34
                    text run at (0,1) width 34: "\x{5929}\x{8FBA}"
          RenderText {#text} at (1400,162) size 19x336
            text run at (1400,162) width 336: "\x{306B}\x{4E00}\x{672C}\x{898B}\x{3048}\x{308B}\x{306E}\x{306F}\x{8D64}\x{677E}\x{3060}\x{308D}\x{3046}\x{3002}\x{679D}\x{306E}\x{9593}\x{306E}\x{7A7A}\x{3055}\x{3048}"
          RenderRuby (inline) {RUBY} at (0,0) size 19x35
            RenderRubyRun (anonymous) at (1430,0) size 20x36
              RenderRubyText {RT} at (-11,0) size 12x36
                RenderText {#text} at (0,0) size 11x36
                  text run at (0,0) width 36: "\x{306F}\x{3063}\x{304D}\x{308A}"
              RenderRubyBase (anonymous) at (0,0) size 20x36
                RenderInline {RB} at (0,0) size 19x34
                  RenderText {#text} at (0,1) size 19x34
                    text run at (0,1) width 34: "\x{5224}\x{7136}"
          RenderText {#text} at (1430,35) size 19x448
            text run at (1430,35) width 448: "\x{3057}\x{3066}\x{3044}\x{308B}\x{3002}\x{884C}\x{304F}\x{624B}\x{306F}\x{4E8C}\x{4E01}\x{307B}\x{3069}\x{3067}\x{5207}\x{308C}\x{3066}\x{3044}\x{308B}\x{304C}\x{3001}\x{9AD8}\x{3044}\x{6240}\x{304B}\x{3089}\x{8D64}\x{3044}"
          RenderRuby (inline) {RUBY} at (0,0) size 19x32
            RenderRubyRun (anonymous) at (1460,0) size 20x32
              RenderRubyText {RT} at (-11,0) size 12x32
                RenderText {#text} at (0,0) size 11x32
                  text run at (0,0) width 31: "\x{3051}\x{3063}\x{3068}"
              RenderRubyBase (anonymous) at (0,0) size 20x32
                RenderInline {RB} at (0,0) size 19x32
                  RenderText {#text} at (0,0) size 19x32
                    text run at (0,0) width 32: "\x{6BDB}\x{5E03}"
          RenderText {#text} at (1460,32) size 49x496
            text run at (1460,32) width 464: "\x{304C}\x{52D5}\x{3044}\x{3066}\x{6765}\x{308B}\x{306E}\x{3092}\x{898B}\x{308B}\x{3068}\x{3001}\x{767B}\x{308C}\x{3070}\x{3042}\x{3059}\x{3053}\x{3078}\x{51FA}\x{308B}\x{306E}\x{3060}\x{308D}\x{3046}\x{3002}\x{8DEF}\x{306F}\x{3059}"
            text run at (1490,0) width 48: "\x{3053}\x{3076}\x{308B}"
          RenderRuby (inline) {RUBY} at (0,0) size 19x32
            RenderRubyRun (anonymous) at (1490,48) size 20x32
              RenderRubyText {RT} at (-11,0) size 12x32
                RenderText {#text} at (0,0) size 11x32
                  text run at (0,0) width 31: "\x{306A}\x{3093}\x{304E}"
              RenderRubyBase (anonymous) at (0,0) size 20x32
                RenderInline {RB} at (0,0) size 19x32
                  RenderText {#text} at (0,0) size 19x32
                    text run at (0,0) width 32: "\x{96E3}\x{7FA9}"
          RenderText {#text} at (1490,80) size 19x32
            text run at (1490,80) width 32: "\x{3060}\x{3002}"
          RenderBR {BR} at (1490,112) size 19x0
          RenderText {#text} at (1520,0) size 19x208
            text run at (1520,0) width 208: "\x{3000}\x{571F}\x{3092}\x{306A}\x{3089}\x{3059}\x{3060}\x{3051}\x{306A}\x{3089}\x{3055}\x{307B}\x{3069}"
          RenderRuby (inline) {RUBY} at (0,0) size 19x32
            RenderRubyRun (anonymous) at (1520,208) size 20x32
              RenderRubyText {RT} at (-11,0) size 12x32
                RenderText {#text} at (0,3) size 11x26
                  text run at (0,3) width 25: "\x{3066}\x{307E}"
              RenderRubyBase (anonymous) at (0,0) size 20x32
                RenderInline {RB} at (0,0) size 19x32
                  RenderText {#text} at (0,0) size 19x32
                    text run at (0,0) width 32: "\x{624B}\x{9593}"
          RenderText {#text} at (1520,240) size 19x16
            text run at (1520,240) width 16: "\x{3082}"
          RenderRuby (inline) {RUBY} at (0,0) size 19x16
            RenderRubyRun (anonymous) at (1520,256) size 20x16
              RenderRubyText {RT} at (-11,0) size 12x16
                RenderText {#text} at (0,3) size 11x10
                  text run at (0,3) width 9: "\x{3044}"
              RenderRubyBase (anonymous) at (0,0) size 20x16
                RenderInline {RB} at (0,0) size 19x16
                  RenderText {#text} at (0,0) size 19x16
                    text run at (0,0) width 16: "\x{5165}"
          RenderText {#text} at (1520,272) size 49x496
            text run at (1520,272) width 224: "\x{308B}\x{307E}\x{3044}\x{304C}\x{3001}\x{571F}\x{306E}\x{4E2D}\x{306B}\x{306F}\x{5927}\x{304D}\x{306A}\x{77F3}"
            text run at (1550,0) width 96: "\x{304C}\x{3042}\x{308B}\x{3002}\x{571F}\x{306F}"
          RenderRuby (inline) {RUBY} at (0,0) size 19x16
            RenderRubyRun (anonymous) at (1550,95) size 20x18
              RenderRubyText {RT} at (-11,0) size 12x18
                RenderText {#text} at (0,0) size 11x18
                  text run at (0,0) width 18: "\x{305F}\x{3044}"
              RenderRubyBase (anonymous) at (0,0) size 20x18
                RenderInline {RB} at (0,0) size 19x16
                  RenderText {#text} at (0,1) size 19x16
                    text run at (0,1) width 16: "\x{5E73}"
          RenderText {#text} at (1550,112) size 49x496
            text run at (1550,112) width 384: "\x{3089}\x{306B}\x{3057}\x{3066}\x{3082}\x{77F3}\x{306F}\x{5E73}\x{3089}\x{306B}\x{306A}\x{3089}\x{306C}\x{3002}\x{77F3}\x{306F}\x{5207}\x{308A}\x{7815}\x{3044}\x{3066}\x{3082}\x{3001}\x{5CA9}"
            text run at (1580,0) width 128: "\x{306F}\x{59CB}\x{672B}\x{304C}\x{3064}\x{304B}\x{306C}\x{3002}"
          RenderRuby (inline) {RUBY} at (0,0) size 19x34
            RenderRubyRun (anonymous) at (1580,127) size 20x36
              RenderRubyText {RT} at (-11,0) size 12x36
                RenderText {#text} at (0,0) size 11x36
                  text run at (0,0) width 36: "\x{307B}\x{308A}\x{304F}\x{305A}"
              RenderRubyBase (anonymous) at (0,0) size 20x36
                RenderInline {RB} at (0,0) size 19x34
                  RenderText {#text} at (0,1) size 19x34
                    text run at (0,1) width 34: "\x{6398}\x{5D29}"
          RenderText {#text} at (1580,162) size 19x96
            text run at (1580,162) width 96: "\x{3057}\x{305F}\x{571F}\x{306E}\x{4E0A}\x{306B}"
          RenderRuby (inline) {RUBY} at (0,0) size 19x34
            RenderRubyRun (anonymous) at (1580,257) size 20x36
              RenderRubyText {RT} at (-11,0) size 12x36
                RenderText {#text} at (0,0) size 11x36
                  text run at (0,0) width 36: "\x{3086}\x{3046}\x{305C}\x{3093}"
              RenderRubyBase (anonymous) at (0,0) size 20x36
                RenderInline {RB} at (0,0) size 19x34
                  RenderText {#text} at (0,1) size 19x34
                    text run at (0,1) width 34: "\x{60A0}\x{7136}"
          RenderText {#text} at (1580,292) size 19x16
            text run at (1580,292) width 16: "\x{3068}"
          RenderRuby (inline) {RUBY} at (0,0) size 19x19
            RenderRubyRun (anonymous) at (1580,304) size 20x27
              RenderRubyText {RT} at (-11,0) size 12x27
                RenderText {#text} at (0,0) size 11x27
                  text run at (0,0) width 27: "\x{305D}\x{3070}\x{3060}"
              RenderRubyBase (anonymous) at (0,0) size 20x27
                RenderInline {RB} at (0,0) size 19x17
                  RenderText {#text} at (0,5) size 19x17
                    text run at (0,5) width 16: "\x{5CD9}"
          RenderText {#text} at (1580,327) size 49x503
            text run at (1580,327) width 176: "\x{3063}\x{3066}\x{3001}\x{543E}\x{3089}\x{306E}\x{305F}\x{3081}\x{306B}\x{9053}\x{3092}"
            text run at (1610,0) width 32: "\x{8B72}\x{308B}"
          RenderRuby (inline) {RUBY} at (0,0) size 19x32
            RenderRubyRun (anonymous) at (1610,32) size 20x32
              RenderRubyText {RT} at (-11,0) size 12x32
                RenderText {#text} at (0,0) size 11x32
                  text run at (0,0) width 31: "\x{3051}\x{3057}\x{304D}"
              RenderRubyBase (anonymous) at (0,0) size 20x32
                RenderInline {RB} at (0,0) size 19x32
                  RenderText {#text} at (0,0) size 19x32
                    text run at (0,0) width 32: "\x{666F}\x{8272}"
          RenderText {#text} at (1610,64) size 49x480
            text run at (1610,64) width 416: "\x{306F}\x{306A}\x{3044}\x{3002}\x{5411}\x{3046}\x{3067}\x{805E}\x{304B}\x{306C}\x{4E0A}\x{306F}\x{4E57}\x{308A}\x{8D8A}\x{3059}\x{304B}\x{3001}\x{5EFB}\x{3089}\x{306A}\x{3051}\x{308C}\x{3070}\x{306A}\x{3089}"
            text run at (1640,0) width 32: "\x{3093}\x{3002}"
          RenderRuby (inline) {RUBY} at (0,0) size 19x16
            RenderRubyRun (anonymous) at (1640,31) size 20x18
              RenderRubyText {RT} at (-11,0) size 12x18
                RenderText {#text} at (0,0) size 11x18
                  text run at (0,0) width 18: "\x{3044}\x{308F}"
              RenderRubyBase (anonymous) at (0,0) size 20x18
                RenderInline {RB} at (0,0) size 19x16
                  RenderText {#text} at (0,1) size 19x16
                    text run at (0,1) width 16: "\x{5DCC}"
          RenderText {#text} at (1640,48) size 19x112
            text run at (1640,48) width 112: "\x{306E}\x{306A}\x{3044}\x{6240}\x{3067}\x{3055}\x{3048}"
          RenderRuby (inline) {RUBY} at (0,0) size 19x16
            RenderRubyRun (anonymous) at (1640,160) size 20x16
              RenderRubyText {RT} at (-11,0) size 12x16
                RenderText {#text} at (0,3) size 11x10
                  text run at (0,3) width 9: "\x{3042}"
              RenderRubyBase (anonymous) at (0,0) size 20x16
                RenderInline {RB} at (0,0) size 19x16
                  RenderText {#text} at (0,0) size 19x16
                    text run at (0,0) width 16: "\x{6B69}"
          RenderText {#text} at (1640,176) size 19x304
            text run at (1640,176) width 304: "\x{308B}\x{304D}\x{3088}\x{304F}\x{306F}\x{306A}\x{3044}\x{3002}\x{5DE6}\x{53F3}\x{304C}\x{9AD8}\x{304F}\x{3063}\x{3066}\x{3001}\x{4E2D}\x{5FC3}\x{304C}"
          RenderRuby (inline) {RUBY} at (0,0) size 19x17
            RenderRubyRun (anonymous) at (1640,479) size 20x18
              RenderRubyText {RT} at (-11,0) size 12x18
                RenderText {#text} at (0,0) size 11x18
                  text run at (0,0) width 18: "\x{304F}\x{307C}"
              RenderRubyBase (anonymous) at (0,0) size 20x18
                RenderInline {RB} at (0,0) size 19x16
                  RenderText {#text} at (0,1) size 19x16
                    text run at (0,1) width 16: "\x{7AAA}"
          RenderText {#text} at (1670,0) size 19x128
            text run at (1670,0) width 128: "\x{3093}\x{3067}\x{3001}\x{307E}\x{308B}\x{3067}\x{4E00}\x{9593}"
          RenderRuby (inline) {RUBY} at (0,0) size 19x16
            RenderRubyRun (anonymous) at (1670,127) size 20x18
              RenderRubyText {RT} at (-11,0) size 12x18
                RenderText {#text} at (0,0) size 11x18
                  text run at (0,0) width 18: "\x{306F}\x{3070}"
              RenderRubyBase (anonymous) at (0,0) size 20x18
                RenderInline {RB} at (0,0) size 19x16
                  RenderText {#text} at (0,1) size 19x16
                    text run at (0,1) width 16: "\x{5E45}"
          RenderText {#text} at (1670,144) size 19x64
            text run at (1670,144) width 64: "\x{3092}\x{4E09}\x{89D2}\x{306B}"
          RenderRuby (inline) {RUBY} at (0,0) size 19x16
            RenderRubyRun (anonymous) at (1670,208) size 20x16
              RenderRubyText {RT} at (-11,0) size 12x16
                RenderText {#text} at (0,3) size 11x10
                  text run at (0,3) width 9: "\x{304F}"
              RenderRubyBase (anonymous) at (0,0) size 20x16
                RenderInline {RB} at (0,0) size 19x16
                  RenderText {#text} at (0,0) size 19x16
                    text run at (0,0) width 16: "\x{7A7F}"
          RenderText {#text} at (1670,224) size 19x128
            text run at (1670,224) width 128: "\x{3063}\x{3066}\x{3001}\x{305D}\x{306E}\x{9802}\x{70B9}\x{304C}"
          RenderRuby (inline) {RUBY} at (0,0) size 19x34
            RenderRubyRun (anonymous) at (1670,351) size 20x36
              RenderRubyText {RT} at (-11,0) size 12x36
                RenderText {#text} at (0,0) size 11x36
                  text run at (0,0) width 36: "\x{307E}\x{3093}\x{306A}\x{304B}"
              RenderRubyBase (anonymous) at (0,0) size 20x36
                RenderInline {RB} at (0,0) size 19x34
                  RenderText {#text} at (0,1) size 19x34
                    text run at (0,1) width 34: "\x{771F}\x{4E2D}"
          RenderText {#text} at (1670,386) size 19x16
            text run at (1670,386) width 16: "\x{3092}"
          RenderRuby (inline) {RUBY} at (0,0) size 19x19
            RenderRubyRun (anonymous) at (1670,398) size 20x27
              RenderRubyText {RT} at (-11,0) size 12x27
                RenderText {#text} at (0,0) size 11x27
                  text run at (0,0) width 27: "\x{3064}\x{3089}\x{306C}"
              RenderRubyBase (anonymous) at (0,0) size 20x27
                RenderInline {RB} at (0,0) size 19x17
                  RenderText {#text} at (0,5) size 19x17
                    text run at (0,5) width 16: "\x{8CAB}"
          RenderText {#text} at (1670,421) size 49x501
            text run at (1670,421) width 80: "\x{3044}\x{3066}\x{3044}\x{308B}\x{3068}"
            text run at (1700,0) width 320: "\x{8A55}\x{3057}\x{3066}\x{3082}\x{3088}\x{3044}\x{3002}\x{8DEF}\x{3092}\x{884C}\x{304F}\x{3068}\x{4E91}\x{308F}\x{3093}\x{3088}\x{308A}\x{5DDD}\x{5E95}\x{3092}"
          RenderRuby (inline) {RUBY} at (0,0) size 19x16
            RenderRubyRun (anonymous) at (1700,319) size 20x18
              RenderRubyText {RT} at (-11,0) size 12x18
                RenderText {#text} at (0,0) size 11x18
                  text run at (0,0) width 18: "\x{308F}\x{305F}"
              RenderRubyBase (anonymous) at (0,0) size 20x18
                RenderInline {RB} at (0,0) size 19x16
                  RenderText {#text} at (0,1) size 19x16
                    text run at (0,1) width 16: "\x{6E09}"
          RenderText {#text} at (1700,336) size 19x160
            text run at (1700,336) width 160: "\x{308B}\x{3068}\x{4E91}\x{3046}\x{65B9}\x{304C}\x{9069}\x{5F53}\x{3060}\x{3002}"
          RenderRuby (inline) {RUBY} at (0,0) size 19x17
            RenderRubyRun (anonymous) at (1730,0) size 20x18
              RenderRubyText {RT} at (-11,0) size 12x18
                RenderText {#text} at (0,0) size 11x18
                  text run at (0,0) width 18: "\x{3082}\x{3068}"
              RenderRubyBase (anonymous) at (0,0) size 20x18
                RenderInline {RB} at (0,0) size 19x16
                  RenderText {#text} at (0,1) size 19x16
                    text run at (0,1) width 16: "\x{56FA}"
          RenderText {#text} at (1730,17) size 19x256
            text run at (1730,17) width 256: "\x{3088}\x{308A}\x{6025}\x{3050}\x{65C5}\x{3067}\x{306A}\x{3044}\x{304B}\x{3089}\x{3001}\x{3076}\x{3089}\x{3076}\x{3089}\x{3068}"
          RenderRuby (inline) {RUBY} at (0,0) size 19x34
            RenderRubyRun (anonymous) at (1730,272) size 20x36
              RenderRubyText {RT} at (-11,0) size 12x36
                RenderText {#text} at (0,0) size 11x36
                  text run at (0,0) width 36: "\x{306A}\x{306A}\x{307E}\x{304C}"
              RenderRubyBase (anonymous) at (0,0) size 20x36
                RenderInline {RB} at (0,0) size 19x34
                  RenderText {#text} at (0,1) size 19x34
                    text run at (0,1) width 34: "\x{4E03}\x{66F2}"
          RenderText {#text} at (1730,307) size 19x96
            text run at (1730,307) width 96: "\x{308A}\x{3078}\x{304B}\x{304B}\x{308B}\x{3002}"
          RenderBR {BR} at (1730,403) size 19x0
          RenderText {#text} at (1760,0) size 19x144
            text run at (1760,0) width 144: "\x{3000}\x{305F}\x{3061}\x{307E}\x{3061}\x{8DB3}\x{306E}\x{4E0B}\x{3067}"
          RenderRuby (inline) {RUBY} at (0,0) size 19x32
            RenderRubyRun (anonymous) at (1760,144) size 20x32
              RenderRubyText {RT} at (-11,0) size 12x32
                RenderText {#text} at (0,0) size 11x32
                  text run at (0,0) width 31: "\x{3072}\x{3070}\x{308A}"
              RenderRubyBase (anonymous) at (0,0) size 20x32
                RenderInline {RB} at (0,0) size 19x32
                  RenderText {#text} at (0,0) size 19x32
                    text run at (0,0) width 32: "\x{96F2}\x{96C0}"
          RenderText {#text} at (1760,176) size 19x160
            text run at (1760,176) width 160: "\x{306E}\x{58F0}\x{304C}\x{3057}\x{51FA}\x{3057}\x{305F}\x{3002}\x{8C37}\x{3092}"
          RenderRuby (inline) {RUBY} at (0,0) size 19x32
            RenderRubyRun (anonymous) at (1760,336) size 20x32
              RenderRubyText {RT} at (-11,0) size 12x32
                RenderText {#text} at (0,0) size 11x32
                  text run at (0,0) width 31: "\x{307F}\x{304A}\x{308D}"
              RenderRubyBase (anonymous) at (0,0) size 20x32
                RenderInline {RB} at (0,0) size 19x32
                  RenderText {#text} at (0,0) size 19x32
                    text run at (0,0) width 32: "\x{898B}\x{4E0B}"
          RenderText {#text} at (1760,368) size 49x496
            text run at (1760,368) width 128: "\x{3057}\x{305F}\x{304C}\x{3001}\x{3069}\x{3053}\x{3067}\x{9CF4}"
            text run at (1790,0) width 480: "\x{3044}\x{3066}\x{308B}\x{304B}\x{5F71}\x{3082}\x{5F62}\x{3082}\x{898B}\x{3048}\x{306C}\x{3002}\x{305F}\x{3060}\x{58F0}\x{3060}\x{3051}\x{304C}\x{660E}\x{3089}\x{304B}\x{306B}\x{805E}\x{3048}\x{308B}\x{3002}\x{305B}\x{3063}\x{305B}\x{3068}"
          RenderRuby (inline) {RUBY} at (0,0) size 19x17
            RenderRubyRun (anonymous) at (1790,479) size 20x18
              RenderRubyText {RT} at (-11,0) size 12x18
                RenderText {#text} at (0,0) size 11x18
                  text run at (0,0) width 18: "\x{305B}\x{308F}"
              RenderRubyBase (anonymous) at (0,0) size 20x18
                RenderInline {RB} at (0,0) size 19x16
                  RenderText {#text} at (0,1) size 19x16
                    text run at (0,1) width 16: "\x{5FD9}"
          RenderText {#text} at (1820,0) size 19x48
            text run at (1820,0) width 48: "\x{3057}\x{304F}\x{3001}"
          RenderRuby (inline) {RUBY} at (0,0) size 19x32
            RenderRubyRun (anonymous) at (1820,48) size 20x32
              RenderRubyText {RT} at (-11,0) size 12x32
                RenderText {#text} at (0,0) size 11x32
                  text run at (0,0) width 31: "\x{305F}\x{3048}\x{307E}"
              RenderRubyBase (anonymous) at (0,0) size 20x32
                RenderInline {RB} at (0,0) size 19x32
                  RenderText {#text} at (0,0) size 19x32
                    text run at (0,0) width 32: "\x{7D76}\x{9593}"
          RenderText {#text} at (1820,80) size 19x128
            text run at (1820,80) width 128: "\x{306A}\x{304F}\x{9CF4}\x{3044}\x{3066}\x{3044}\x{308B}\x{3002}"
          RenderRuby (inline) {RUBY} at (0,0) size 19x48
            RenderRubyRun (anonymous) at (1820,208) size 20x48
              RenderRubyText {RT} at (-11,0) size 12x48
                RenderText {#text} at (0,0) size 11x48
                  text run at (0,0) width 48: "\x{307B}\x{3046}\x{3044}\x{304F}\x{308A}"
              RenderRubyBase (anonymous) at (0,0) size 20x48
                RenderInline {RB} at (0,0) size 19x48
                  RenderText {#text} at (0,0) size 19x48
                    text run at (0,0) width 48: "\x{65B9}\x{5E7E}\x{91CC}"
          RenderText {#text} at (1820,256) size 19x112
            text run at (1820,256) width 112: "\x{306E}\x{7A7A}\x{6C17}\x{304C}\x{4E00}\x{9762}\x{306B}"
          RenderRuby (inline) {RUBY} at (0,0) size 19x16
            RenderRubyRun (anonymous) at (1820,367) size 20x18
              RenderRubyText {RT} at (-11,0) size 12x18
                RenderText {#text} at (0,0) size 11x18
                  text run at (0,0) width 18: "\x{306E}\x{307F}"
              RenderRubyBase (anonymous) at (0,0) size 20x18
                RenderInline {RB} at (0,0) size 19x16
                  RenderText {#text} at (0,1) size 19x16
                    text run at (0,1) width 16: "\x{86A4}"
          RenderText {#text} at (1820,384) size 49x496
            text run at (1820,384) width 112: "\x{306B}\x{523A}\x{3055}\x{308C}\x{3066}\x{3044}\x{305F}"
            text run at (1850,0) width 304: "\x{305F}\x{307E}\x{308C}\x{306A}\x{3044}\x{3088}\x{3046}\x{306A}\x{6C17}\x{304C}\x{3059}\x{308B}\x{3002}\x{3042}\x{306E}\x{9CE5}\x{306E}\x{9CF4}\x{304F}"
          RenderRuby (inline) {RUBY} at (0,0) size 19x16
            RenderRubyRun (anonymous) at (1850,304) size 20x16
              RenderRubyText {RT} at (-11,0) size 12x16
                RenderText {#text} at (0,3) size 11x10
                  text run at (0,3) width 9: "\x{306D}"
              RenderRubyBase (anonymous) at (0,0) size 20x16
                RenderInline {RB} at (0,0) size 19x16
                  RenderText {#text} at (0,0) size 19x16
                    text run at (0,0) width 16: "\x{97F3}"
          RenderText {#text} at (1850,320) size 89x496
            text run at (1850,320) width 176: "\x{306B}\x{306F}\x{77AC}\x{6642}\x{306E}\x{4F59}\x{88D5}\x{3082}\x{306A}\x{3044}\x{3002}"
            text run at (1870,0) width 496: "\x{306E}\x{3069}\x{304B}\x{306A}\x{6625}\x{306E}\x{65E5}\x{3092}\x{9CF4}\x{304D}\x{5C3D}\x{304F}\x{3057}\x{3001}\x{9CF4}\x{304D}\x{3042}\x{304B}\x{3057}\x{3001}\x{307E}\x{305F}\x{9CF4}\x{304D}\x{66AE}\x{3089}\x{3055}\x{306A}\x{3051}\x{308C}\x{3070}"
            text run at (1890,0) width 496: "\x{6C17}\x{304C}\x{6E08}\x{307E}\x{3093}\x{3068}\x{898B}\x{3048}\x{308B}\x{3002}\x{305D}\x{306E}\x{4E0A}\x{3069}\x{3053}\x{307E}\x{3067}\x{3082}\x{767B}\x{3063}\x{3066}\x{884C}\x{304F}\x{3001}\x{3044}\x{3064}\x{307E}\x{3067}\x{3082}\x{767B}\x{3063}"
            text run at (1920,0) width 432: "\x{3066}\x{884C}\x{304F}\x{3002}\x{96F2}\x{96C0}\x{306F}\x{304D}\x{3063}\x{3068}\x{96F2}\x{306E}\x{4E2D}\x{3067}\x{6B7B}\x{306C}\x{306B}\x{76F8}\x{9055}\x{306A}\x{3044}\x{3002}\x{767B}\x{308A}\x{8A70}\x{3081}\x{305F}"
          RenderRuby (inline) {RUBY} at (0,0) size 19x32
            RenderRubyRun (anonymous) at (1920,432) size 20x32
              RenderRubyText {RT} at (-11,0) size 12x32
                RenderText {#text} at (0,0) size 11x32
                  text run at (0,0) width 31: "\x{3042}\x{3052}\x{304F}"
              RenderRubyBase (anonymous) at (0,0) size 20x32
                RenderInline {RB} at (0,0) size 19x32
                  RenderText {#text} at (0,0) size 19x32
                    text run at (0,0) width 32: "\x{63DA}\x{53E5}"
          RenderText {#text} at (1920,464) size 49x496
            text run at (1920,464) width 32: "\x{306F}\x{3001}"
            text run at (1950,0) width 80: "\x{6D41}\x{308C}\x{3066}\x{96F2}\x{306B}"
          RenderRuby (inline) {RUBY} at (0,0) size 19x16
            RenderRubyRun (anonymous) at (1950,80) size 20x16
              RenderRubyText {RT} at (-11,0) size 12x16
                RenderText {#text} at (0,3) size 11x10
                  text run at (0,3) width 9: "\x{3044}"
              RenderRubyBase (anonymous) at (0,0) size 20x16
                RenderInline {RB} at (0,0) size 19x16
                  RenderText {#text} at (0,0) size 19x16
                    text run at (0,0) width 16: "\x{5165}"
          RenderText {#text} at (1950,96) size 19x48
            text run at (1950,96) width 48: "\x{3063}\x{3066}\x{3001}"
          RenderRuby (inline) {RUBY} at (0,0) size 19x19
            RenderRubyRun (anonymous) at (1950,140) size 20x27
              RenderRubyText {RT} at (-11,0) size 12x27
                RenderText {#text} at (0,0) size 11x27
                  text run at (0,0) width 27: "\x{305F}\x{3060}\x{3088}"
              RenderRubyBase (anonymous) at (0,0) size 20x27
                RenderInline {RB} at (0,0) size 19x17
                  RenderText {#text} at (0,5) size 19x17
                    text run at (0,5) width 16: "\x{6F02}"
          RenderText {#text} at (1950,163) size 49x499
            text run at (1950,163) width 336: "\x{3046}\x{3066}\x{3044}\x{308B}\x{3046}\x{3061}\x{306B}\x{5F62}\x{306F}\x{6D88}\x{3048}\x{3066}\x{306A}\x{304F}\x{306A}\x{3063}\x{3066}\x{3001}\x{305F}\x{3060}\x{58F0}"
            text run at (1980,0) width 80: "\x{3060}\x{3051}\x{304C}\x{7A7A}\x{306E}"
          RenderRuby (inline) {RUBY} at (0,0) size 19x16
            RenderRubyRun (anonymous) at (1980,79) size 20x18
              RenderRubyText {RT} at (-11,0) size 12x18
                RenderText {#text} at (0,0) size 11x18
                  text run at (0,0) width 18: "\x{3046}\x{3061}"
              RenderRubyBase (anonymous) at (0,0) size 20x18
                RenderInline {RB} at (0,0) size 19x16
                  RenderText {#text} at (0,1) size 19x16
                    text run at (0,1) width 16: "\x{88E1}"
          RenderText {#text} at (1980,96) size 19x176
            text run at (1980,96) width 176: "\x{306B}\x{6B8B}\x{308B}\x{306E}\x{304B}\x{3082}\x{77E5}\x{308C}\x{306A}\x{3044}\x{3002}"
          RenderBR {BR} at (1980,272) size 19x0
          RenderText {#text} at (2010,0) size 19x16
            text run at (2010,0) width 16: "\x{3000}"
          RenderRuby (inline) {RUBY} at (0,0) size 19x34
            RenderRubyRun (anonymous) at (2010,15) size 20x36
              RenderRubyText {RT} at (-11,0) size 12x36
                RenderText {#text} at (0,0) size 11x36
                  text run at (0,0) width 36: "\x{3044}\x{308F}\x{304B}\x{3069}"
              RenderRubyBase (anonymous) at (0,0) size 20x36
                RenderInline {RB} at (0,0) size 19x34
                  RenderText {#text} at (0,1) size 19x34
                    text run at (0,1) width 34: "\x{5DCC}\x{89D2}"
          RenderText {#text} at (2010,50) size 19x128
            text run at (2010,50) width 128: "\x{3092}\x{92ED}\x{3069}\x{304F}\x{5EFB}\x{3063}\x{3066}\x{3001}"
          RenderRuby (inline) {RUBY} at (0,0) size 19x32
            RenderRubyRun (anonymous) at (2010,178) size 20x32
              RenderRubyText {RT} at (-11,0) size 12x32
                RenderText {#text} at (0,0) size 11x32
                  text run at (0,0) width 31: "\x{3042}\x{3093}\x{307E}"
              RenderRubyBase (anonymous) at (0,0) size 20x32
                RenderInline {RB} at (0,0) size 19x32
                  RenderText {#text} at (0,0) size 19x32
                    text run at (0,0) width 32: "\x{6309}\x{6469}"
          RenderText {#text} at (2010,210) size 19x32
            text run at (2010,210) width 32: "\x{306A}\x{3089}"
          RenderRuby (inline) {RUBY} at (0,0) size 19x52
            RenderRubyRun (anonymous) at (2010,241) size 20x54
              RenderRubyText {RT} at (-11,0) size 12x54
                RenderText {#text} at (0,0) size 11x54
                  text run at (0,0) width 54: "\x{307E}\x{3063}\x{3055}\x{304B}\x{3055}\x{307E}"
              RenderRubyBase (anonymous) at (0,0) size 20x54
                RenderInline {RB} at (0,0) size 19x52
                  RenderText {#text} at (0,1) size 19x52
                    text run at (0,1) width 52: "\x{771F}\x{9006}\x{69D8}"
          RenderText {#text} at (2010,294) size 19x144
            text run at (2010,294) width 144: "\x{306B}\x{843D}\x{3064}\x{308B}\x{3068}\x{3053}\x{308D}\x{3092}\x{3001}"
          RenderRuby (inline) {RUBY} at (0,0) size 19x16
            RenderRubyRun (anonymous) at (2010,437) size 20x18
              RenderRubyText {RT} at (-11,0) size 12x18
                RenderText {#text} at (0,0) size 11x18
                  text run at (0,0) width 18: "\x{304D}\x{308F}"
              RenderRubyBase (anonymous) at (0,0) size 20x18
                RenderInline {RB} at (0,0) size 19x16
                  RenderText {#text} at (0,1) size 19x16
                    text run at (0,1) width 16: "\x{969B}"
          RenderText {#text} at (2010,454) size 49x502
            text run at (2010,454) width 48: "\x{3069}\x{304F}\x{53F3}"
            text run at (2040,0) width 112: "\x{3078}\x{5207}\x{308C}\x{3066}\x{3001}\x{6A2A}\x{306B}"
          RenderRuby (inline) {RUBY} at (0,0) size 19x32
            RenderRubyRun (anonymous) at (2040,112) size 20x32
              RenderRubyText {RT} at (-11,0) size 12x32
                RenderText {#text} at (0,0) size 11x32
                  text run at (0,0) width 31: "\x{307F}\x{304A}\x{308D}"
              RenderRubyBase (anonymous) at (0,0) size 20x32
                RenderInline {RB} at (0,0) size 19x32
                  RenderText {#text} at (0,0) size 19x32
                    text run at (0,0) width 32: "\x{898B}\x{4E0B}"
          RenderText {#text} at (2040,144) size 19x48
            text run at (2040,144) width 48: "\x{3059}\x{3068}\x{3001}"
          RenderRuby (inline) {RUBY} at (0,0) size 19x16
            RenderRubyRun (anonymous) at (2040,192) size 20x16
              RenderRubyText {RT} at (-11,0) size 12x16
                RenderText {#text} at (0,3) size 11x10
                  text run at (0,3) width 9: "\x{306A}"
              RenderRubyBase (anonymous) at (0,0) size 20x16
                RenderInline {RB} at (0,0) size 19x16
                  RenderText {#text} at (0,0) size 19x16
                    text run at (0,0) width 16: "\x{83DC}"
          RenderText {#text} at (2040,208) size 49x496
            text run at (2040,208) width 288: "\x{306E}\x{82B1}\x{304C}\x{4E00}\x{9762}\x{306B}\x{898B}\x{3048}\x{308B}\x{3002}\x{96F2}\x{96C0}\x{306F}\x{3042}\x{3059}\x{3053}\x{3078}\x{843D}"
            text run at (2070,0) width 240: "\x{3061}\x{308B}\x{306E}\x{304B}\x{3068}\x{601D}\x{3063}\x{305F}\x{3002}\x{3044}\x{3044}\x{3084}\x{3001}\x{3042}\x{306E}"
          RenderRuby (inline) {RUBY} at (0,0) size 19x32
            RenderRubyRun (anonymous) at (2070,240) size 20x32
              RenderRubyText {RT} at (-11,0) size 12x32
                RenderText {#text} at (0,0) size 11x32
                  text run at (0,0) width 31: "\x{3053}\x{304C}\x{306D}"
              RenderRubyBase (anonymous) at (0,0) size 20x32
                RenderInline {RB} at (0,0) size 19x32
                  RenderText {#text} at (0,0) size 19x32
                    text run at (0,0) width 32: "\x{9EC4}\x{91D1}"
          RenderText {#text} at (2070,272) size 49x496
            text run at (2070,272) width 224: "\x{306E}\x{539F}\x{304B}\x{3089}\x{98DB}\x{3073}\x{4E0A}\x{304C}\x{3063}\x{3066}\x{304F}\x{308B}\x{306E}\x{304B}"
            text run at (2100,0) width 240: "\x{3068}\x{601D}\x{3063}\x{305F}\x{3002}\x{6B21}\x{306B}\x{306F}\x{843D}\x{3061}\x{308B}\x{96F2}\x{96C0}\x{3068}\x{3001}"
          RenderRuby (inline) {RUBY} at (0,0) size 19x16
            RenderRubyRun (anonymous) at (2100,239) size 20x18
              RenderRubyText {RT} at (-11,0) size 12x18
                RenderText {#text} at (0,0) size 11x18
                  text run at (0,0) width 18: "\x{3042}\x{304C}"
              RenderRubyBase (anonymous) at (0,0) size 20x18
                RenderInline {RB} at (0,0) size 19x16
                  RenderText {#text} at (0,1) size 19x16
                    text run at (0,1) width 16: "\x{4E0A}"
          RenderText {#text} at (2100,256) size 19x16
            text run at (2100,256) width 16: "\x{308B}"
          RenderRuby (inline) {RUBY} at (0,0) size 19x32
            RenderRubyRun (anonymous) at (2100,272) size 20x32
              RenderRubyText {RT} at (-11,0) size 12x32
                RenderText {#text} at (0,0) size 11x32
                  text run at (0,0) width 31: "\x{3072}\x{3070}\x{308A}"
              RenderRubyBase (anonymous) at (0,0) size 20x32
                RenderInline {RB} at (0,0) size 19x32
                  RenderText {#text} at (0,0) size 19x32
                    text run at (0,0) width 32: "\x{96F2}\x{96C0}"
          RenderText {#text} at (2100,304) size 49x496
            text run at (2100,304) width 192: "\x{304C}\x{5341}\x{6587}\x{5B57}\x{306B}\x{3059}\x{308C}\x{9055}\x{3046}\x{306E}\x{304B}\x{3068}"
            text run at (2130,0) width 400: "\x{601D}\x{3063}\x{305F}\x{3002}\x{6700}\x{5F8C}\x{306B}\x{3001}\x{843D}\x{3061}\x{308B}\x{6642}\x{3082}\x{3001}\x{4E0A}\x{308B}\x{6642}\x{3082}\x{3001}\x{307E}\x{305F}\x{5341}\x{6587}\x{5B57}\x{306B}"
          RenderRuby (inline) {RUBY} at (0,0) size 19x16
            RenderRubyRun (anonymous) at (2130,400) size 20x16
              RenderRubyText {RT} at (-11,0) size 12x16
                RenderText {#text} at (0,3) size 11x10
                  text run at (0,3) width 9: "\x{3059}"
              RenderRubyBase (anonymous) at (0,0) size 20x16
                RenderInline {RB} at (0,0) size 19x16
                  RenderText {#text} at (0,0) size 19x16
                    text run at (0,0) width 16: "\x{64E6}"
          RenderText {#text} at (2130,416) size 39x496
            text run at (2130,416) width 80: "\x{308C}\x{9055}\x{3046}\x{3068}\x{304D}"
            text run at (2150,0) width 320: "\x{306B}\x{3082}\x{5143}\x{6C17}\x{3088}\x{304F}\x{9CF4}\x{304D}\x{3064}\x{3065}\x{3051}\x{308B}\x{3060}\x{308D}\x{3046}\x{3068}\x{601D}\x{3063}\x{305F}\x{3002}"
          RenderBR {BR} at (2150,320) size 19x0
          RenderText {#text} at (2180,0) size 19x192
            text run at (2180,0) width 192: "\x{3000}\x{6625}\x{306F}\x{7720}\x{304F}\x{306A}\x{308B}\x{3002}\x{732B}\x{306F}\x{9F20}\x{3092}"
          RenderRuby (inline) {RUBY} at (0,0) size 19x16
            RenderRubyRun (anonymous) at (2180,192) size 20x16
              RenderRubyText {RT} at (-11,0) size 12x16
                RenderText {#text} at (0,3) size 11x10
                  text run at (0,3) width 9: "\x{3068}"
              RenderRubyBase (anonymous) at (0,0) size 20x16
                RenderInline {RB} at (0,0) size 19x16
                  RenderText {#text} at (0,0) size 19x16
                    text run at (0,0) width 16: "\x{6355}"
          RenderText {#text} at (2180,208) size 49x496
            text run at (2180,208) width 288: "\x{308B}\x{4E8B}\x{3092}\x{5FD8}\x{308C}\x{3001}\x{4EBA}\x{9593}\x{306F}\x{501F}\x{91D1}\x{306E}\x{3042}\x{308B}\x{4E8B}\x{3092}\x{5FD8}\x{308C}"
            text run at (2210,0) width 128: "\x{308B}\x{3002}\x{6642}\x{306B}\x{306F}\x{81EA}\x{5206}\x{306E}"
          RenderRuby (inline) {RUBY} at (0,0) size 19x28
            RenderRubyRun (anonymous) at (2210,124) size 20x36
              RenderRubyText {RT} at (-11,0) size 12x36
                RenderText {#text} at (0,0) size 11x36
                  text run at (0,0) width 36: "\x{305F}\x{307E}\x{3057}\x{3044}"
              RenderRubyBase (anonymous) at (0,0) size 20x36
                RenderInline {RB} at (0,0) size 19x16
                  RenderText {#text} at (0,10) size 19x16
                    text run at (0,10) width 16: "\x{9B42}"
          RenderText {#text} at (2210,156) size 19x16
            text run at (2210,156) width 16: "\x{306E}"
          RenderRuby (inline) {RUBY} at (0,0) size 19x34
            RenderRubyRun (anonymous) at (2210,171) size 20x36
              RenderRubyText {RT} at (-11,0) size 12x36
                RenderText {#text} at (0,0) size 11x36
                  text run at (0,0) width 36: "\x{3044}\x{3069}\x{3053}\x{308D}"
              RenderRubyBase (anonymous) at (0,0) size 20x36
                RenderInline {RB} at (0,0) size 19x34
                  RenderText {#text} at (0,1) size 19x34
                    text run at (0,1) width 34: "\x{5C45}\x{6240}"
          RenderText {#text} at (2210,206) size 49x494
            text run at (2210,206) width 288: "\x{3055}\x{3048}\x{5FD8}\x{308C}\x{3066}\x{6B63}\x{4F53}\x{306A}\x{304F}\x{306A}\x{308B}\x{3002}\x{305F}\x{3060}\x{83DC}\x{306E}\x{82B1}\x{3092}"
            text run at (2240,0) width 160: "\x{9060}\x{304F}\x{671B}\x{3093}\x{3060}\x{3068}\x{304D}\x{306B}\x{773C}\x{304C}"
          RenderRuby (inline) {RUBY} at (0,0) size 19x16
            RenderRubyRun (anonymous) at (2240,160) size 20x16
              RenderRubyText {RT} at (-11,0) size 12x16
                RenderText {#text} at (0,3) size 11x10
                  text run at (0,3) width 9: "\x{3055}"
              RenderRubyBase (anonymous) at (0,0) size 20x16
                RenderInline {RB} at (0,0) size 19x16
                  RenderText {#text} at (0,0) size 19x16
                    text run at (0,0) width 16: "\x{9192}"
          RenderText {#text} at (2240,176) size 19x320
            text run at (2240,176) width 320: "\x{3081}\x{308B}\x{3002}\x{96F2}\x{96C0}\x{306E}\x{58F0}\x{3092}\x{805E}\x{3044}\x{305F}\x{3068}\x{304D}\x{306B}\x{9B42}\x{306E}\x{3042}\x{308A}\x{304B}\x{304C}"
          RenderRuby (inline) {RUBY} at (0,0) size 19x35
            RenderRubyRun (anonymous) at (2270,0) size 20x36
              RenderRubyText {RT} at (-11,0) size 12x36
                RenderText {#text} at (0,0) size 11x36
                  text run at (0,0) width 36: "\x{306F}\x{3093}\x{305C}\x{3093}"
              RenderRubyBase (anonymous) at (0,0) size 20x36
                RenderInline {RB} at (0,0) size 19x34
                  RenderText {#text} at (0,1) size 19x34
                    text run at (0,1) width 34: "\x{5224}\x{7136}"
          RenderText {#text} at (2270,35) size 59x499
            text run at (2270,35) width 464: "\x{3059}\x{308B}\x{3002}\x{96F2}\x{96C0}\x{306E}\x{9CF4}\x{304F}\x{306E}\x{306F}\x{53E3}\x{3067}\x{9CF4}\x{304F}\x{306E}\x{3067}\x{306F}\x{306A}\x{3044}\x{3001}\x{9B42}\x{5168}\x{4F53}\x{304C}\x{9CF4}\x{304F}\x{306E}\x{3060}\x{3002}"
            text run at (2290,0) width 496: "\x{9B42}\x{306E}\x{6D3B}\x{52D5}\x{304C}\x{58F0}\x{306B}\x{3042}\x{3089}\x{308F}\x{308C}\x{305F}\x{3082}\x{306E}\x{306E}\x{3046}\x{3061}\x{3067}\x{3001}\x{3042}\x{308C}\x{307B}\x{3069}\x{5143}\x{6C17}\x{306E}\x{3042}\x{308B}\x{3082}\x{306E}\x{306F}"
            text run at (2310,0) width 464: "\x{306A}\x{3044}\x{3002}\x{3042}\x{3042}\x{6109}\x{5FEB}\x{3060}\x{3002}\x{3053}\x{3046}\x{601D}\x{3063}\x{3066}\x{3001}\x{3053}\x{3046}\x{6109}\x{5FEB}\x{306B}\x{306A}\x{308B}\x{306E}\x{304C}\x{8A69}\x{3067}\x{3042}\x{308B}\x{3002}"
          RenderBR {BR} at (2310,464) size 19x0
          RenderText {#text} at (2330,0) size 49x496
            text run at (2330,0) width 496: "\x{3000}\x{305F}\x{3061}\x{307E}\x{3061}\x{30B7}\x{30A7}\x{30EC}\x{30FC}\x{306E}\x{96F2}\x{96C0}\x{306E}\x{8A69}\x{3092}\x{601D}\x{3044}\x{51FA}\x{3057}\x{3066}\x{3001}\x{53E3}\x{306E}\x{3046}\x{3061}\x{3067}\x{899A}\x{3048}\x{305F}\x{3068}\x{3053}"
            text run at (2360,0) width 48: "\x{308D}\x{3060}\x{3051}"
          RenderRuby (inline) {RUBY} at (0,0) size 19x39
            RenderRubyRun (anonymous) at (2360,45) size 20x45
              RenderRubyText {RT} at (-11,0) size 12x45
                RenderText {#text} at (0,0) size 11x45
                  text run at (0,0) width 45: "\x{3042}\x{3093}\x{3057}\x{3087}\x{3046}"
              RenderRubyBase (anonymous) at (0,0) size 20x45
                RenderInline {RB} at (0,0) size 19x39
                  RenderText {#text} at (0,3) size 19x39
                    text run at (0,3) width 39: "\x{6697}\x{8AA6}"
          RenderText {#text} at (2360,87) size 39x503
            text run at (2360,87) width 416: "\x{3057}\x{3066}\x{898B}\x{305F}\x{304C}\x{3001}\x{899A}\x{3048}\x{3066}\x{3044}\x{308B}\x{3068}\x{3053}\x{308D}\x{306F}\x{4E8C}\x{4E09}\x{53E5}\x{3057}\x{304B}\x{306A}\x{304B}\x{3063}\x{305F}\x{3002}\x{305D}"
            text run at (2380,0) width 256: "\x{306E}\x{4E8C}\x{4E09}\x{53E5}\x{306E}\x{306A}\x{304B}\x{306B}\x{3053}\x{3093}\x{306A}\x{306E}\x{304C}\x{3042}\x{308B}\x{3002}"
          RenderBR {BR} at (2380,256) size 19x0
        RenderBlock {DIV} at (2400,32) size 100x472
          RenderText {#text} at (0,0) size 19x191
            text run at (0,0) width 191: "\x{3000}\x{3000}We look before and after"
          RenderBR {BR} at (0,190) size 19x1
          RenderText {#text} at (20,0) size 19x225
            text run at (20,0) width 225: "\x{3000}\x{3000}\x{3000}\x{3000}And pine for what is not:"
          RenderBR {BR} at (20,224) size 19x1
          RenderText {#text} at (40,0) size 19x174
            text run at (40,0) width 174: "\x{3000}\x{3000}Our sincerest laughter"
          RenderBR {BR} at (40,173) size 19x1
          RenderText {#text} at (60,0) size 19x234
            text run at (60,0) width 234: "\x{3000}\x{3000}\x{3000}\x{3000}With some pain is fraught;"
          RenderBR {BR} at (60,233) size 19x1
          RenderText {#text} at (80,0) size 19x363
            text run at (80,0) width 363: "Our sweetest songs are those that tell of saddest thought."
          RenderBR {BR} at (80,362) size 19x1
        RenderBlock (anonymous) at (2500,0) size 1741x504
          RenderText {#text} at (11,0) size 19x112
            text run at (11,0) width 112: "\x{300C}\x{524D}\x{3092}\x{307F}\x{3066}\x{306F}\x{3001}"
          RenderRuby (inline) {RUBY} at (0,0) size 19x16
            RenderRubyRun (anonymous) at (11,111) size 20x18
              RenderRubyText {RT} at (-11,0) size 12x18
                RenderText {#text} at (0,0) size 11x18
                  text run at (0,0) width 18: "\x{3057}\x{308A}"
              RenderRubyBase (anonymous) at (0,0) size 20x18
                RenderInline {RB} at (0,0) size 19x16
                  RenderText {#text} at (0,1) size 19x16
                    text run at (0,1) width 16: "\x{5F8C}"
          RenderText {#text} at (11,128) size 19x96
            text run at (11,128) width 96: "\x{3048}\x{3092}\x{898B}\x{3066}\x{306F}\x{3001}"
          RenderRuby (inline) {RUBY} at (0,0) size 19x32
            RenderRubyRun (anonymous) at (11,224) size 20x32
              RenderRubyText {RT} at (-11,0) size 12x32
                RenderText {#text} at (0,0) size 11x32
                  text run at (0,0) width 31: "\x{3082}\x{306E}\x{307B}"
              RenderRubyBase (anonymous) at (0,0) size 20x32
                RenderInline {RB} at (0,0) size 19x32
                  RenderText {#text} at (0,0) size 19x32
                    text run at (0,0) width 32: "\x{7269}\x{6B32}"
          RenderText {#text} at (11,256) size 49x496
            text run at (11,256) width 240: "\x{3057}\x{3068}\x{3001}\x{3042}\x{3053}\x{304C}\x{308B}\x{308B}\x{304B}\x{306A}\x{308F}\x{308C}\x{3002}\x{8179}\x{304B}"
            text run at (41,0) width 448: "\x{3089}\x{306E}\x{3001}\x{7B11}\x{3068}\x{3044}\x{3048}\x{3069}\x{3001}\x{82E6}\x{3057}\x{307F}\x{306E}\x{3001}\x{305D}\x{3053}\x{306B}\x{3042}\x{308B}\x{3079}\x{3057}\x{3002}\x{3046}\x{3064}\x{304F}\x{3057}\x{304D}\x{3001}"
          RenderRuby (inline) {RUBY} at (0,0) size 19x16
            RenderRubyRun (anonymous) at (41,447) size 20x18
              RenderRubyText {RT} at (-11,0) size 12x18
                RenderText {#text} at (0,0) size 11x18
                  text run at (0,0) width 18: "\x{304D}\x{308F}"
              RenderRubyBase (anonymous) at (0,0) size 20x18
                RenderInline {RB} at (0,0) size 19x16
                  RenderText {#text} at (0,1) size 19x16
                    text run at (0,1) width 16: "\x{6975}"
          RenderText {#text} at (41,464) size 49x496
            text run at (41,464) width 32: "\x{307F}\x{306E}"
            text run at (71,0) width 176: "\x{6B4C}\x{306B}\x{3001}\x{60B2}\x{3057}\x{3055}\x{306E}\x{3001}\x{6975}\x{307F}\x{306E}"
          RenderRuby (inline) {RUBY} at (0,0) size 19x19
            RenderRubyRun (anonymous) at (71,172) size 20x27
              RenderRubyText {RT} at (-11,0) size 12x27
                RenderText {#text} at (0,0) size 11x27
                  text run at (0,0) width 27: "\x{304A}\x{3082}\x{3044}"
              RenderRubyBase (anonymous) at (0,0) size 20x27
                RenderInline {RB} at (0,0) size 19x17
                  RenderText {#text} at (0,5) size 19x17
                    text run at (0,5) width 16: "\x{60F3}"
          RenderText {#text} at (71,195) size 19x16
            text run at (71,195) width 16: "\x{3001}"
          RenderRuby (inline) {RUBY} at (0,0) size 19x16
            RenderRubyRun (anonymous) at (71,210) size 20x18
              RenderRubyText {RT} at (-11,0) size 12x18
                RenderText {#text} at (0,0) size 11x18
                  text run at (0,0) width 18: "\x{3053}\x{3082}"
              RenderRubyBase (anonymous) at (0,0) size 20x18
                RenderInline {RB} at (0,0) size 19x16
                  RenderText {#text} at (0,1) size 19x16
                    text run at (0,1) width 16: "\x{7C60}"
          RenderText {#text} at (71,227) size 19x96
            text run at (71,227) width 96: "\x{308B}\x{3068}\x{305E}\x{77E5}\x{308C}\x{300D}"
          RenderBR {BR} at (71,323) size 19x0
          RenderText {#text} at (91,0) size 49x496
            text run at (91,0) width 496: "\x{3000}\x{306A}\x{308B}\x{307B}\x{3069}\x{3044}\x{304F}\x{3089}\x{8A69}\x{4EBA}\x{304C}\x{5E78}\x{798F}\x{3067}\x{3082}\x{3001}\x{3042}\x{306E}\x{96F2}\x{96C0}\x{306E}\x{3088}\x{3046}\x{306B}\x{601D}\x{3044}\x{5207}\x{3063}\x{3066}\x{3001}\x{4E00}"
            text run at (121,0) width 320: "\x{5FC3}\x{4E0D}\x{4E71}\x{306B}\x{3001}\x{524D}\x{5F8C}\x{3092}\x{5FD8}\x{5374}\x{3057}\x{3066}\x{3001}\x{308F}\x{304C}\x{559C}\x{3073}\x{3092}\x{6B4C}\x{3046}"
          RenderRuby (inline) {RUBY} at (0,0) size 19x16
            RenderRubyRun (anonymous) at (121,319) size 20x18
              RenderRubyText {RT} at (-11,0) size 12x18
                RenderText {#text} at (0,0) size 11x18
                  text run at (0,0) width 18: "\x{308F}\x{3051}"
              RenderRubyBase (anonymous) at (0,0) size 20x18
                RenderInline {RB} at (0,0) size 19x16
                  RenderText {#text} at (0,1) size 19x16
                    text run at (0,1) width 16: "\x{8A33}"
          RenderText {#text} at (121,336) size 49x496
            text run at (121,336) width 160: "\x{306B}\x{306F}\x{884C}\x{304F}\x{307E}\x{3044}\x{3002}\x{897F}\x{6D0B}\x{306E}"
            text run at (151,0) width 256: "\x{8A69}\x{306F}\x{7121}\x{8AD6}\x{306E}\x{4E8B}\x{3001}\x{652F}\x{90A3}\x{306E}\x{8A69}\x{306B}\x{3082}\x{3001}\x{3088}\x{304F}"
          RenderRuby (inline) {RUBY} at (0,0) size 19x34
            RenderRubyRun (anonymous) at (151,255) size 20x36
              RenderRubyText {RT} at (-11,0) size 12x36
                RenderText {#text} at (0,0) size 11x36
                  text run at (0,0) width 36: "\x{3070}\x{3093}\x{3053}\x{304F}"
              RenderRubyBase (anonymous) at (0,0) size 20x36
                RenderInline {RB} at (0,0) size 19x34
                  RenderText {#text} at (0,1) size 19x34
                    text run at (0,1) width 34: "\x{4E07}\x{659B}"
          RenderText {#text} at (151,290) size 19x16
            text run at (151,290) width 16: "\x{306E}"
          RenderRuby (inline) {RUBY} at (0,0) size 19x19
            RenderRubyRun (anonymous) at (151,302) size 20x27
              RenderRubyText {RT} at (-11,0) size 12x27
                RenderText {#text} at (0,0) size 11x27
                  text run at (0,0) width 27: "\x{3046}\x{308C}\x{3044}"
              RenderRubyBase (anonymous) at (0,0) size 20x27
                RenderInline {RB} at (0,0) size 19x17
                  RenderText {#text} at (0,5) size 19x17
                    text run at (0,5) width 16: "\x{6101}"
          RenderText {#text} at (151,325) size 49x501
            text run at (151,325) width 176: "\x{306A}\x{3069}\x{3068}\x{4E91}\x{3046}\x{5B57}\x{304C}\x{3042}\x{308B}\x{3002}\x{8A69}"
            text run at (181,0) width 112: "\x{4EBA}\x{3060}\x{304B}\x{3089}\x{4E07}\x{659B}\x{3067}"
          RenderRuby (inline) {RUBY} at (0,0) size 19x34
            RenderRubyRun (anonymous) at (181,111) size 20x36
              RenderRubyText {RT} at (-11,0) size 12x36
                RenderText {#text} at (0,0) size 11x36
                  text run at (0,0) width 36: "\x{3057}\x{308D}\x{3046}\x{3068}"
              RenderRubyBase (anonymous) at (0,0) size 20x36
                RenderInline {RB} at (0,0) size 19x34
                  RenderText {#text} at (0,1) size 19x34
                    text run at (0,1) width 34: "\x{7D20}\x{4EBA}"
          RenderText {#text} at (181,146) size 19x48
            text run at (181,146) width 48: "\x{306A}\x{3089}\x{4E00}"
          RenderRuby (inline) {RUBY} at (0,0) size 19x16
            RenderRubyRun (anonymous) at (181,193) size 20x18
              RenderRubyText {RT} at (-11,0) size 12x18
                RenderText {#text} at (0,0) size 11x18
                  text run at (0,0) width 18: "\x{3054}\x{3046}"
              RenderRubyBase (anonymous) at (0,0) size 20x18
                RenderInline {RB} at (0,0) size 19x16
                  RenderText {#text} at (0,1) size 19x16
                    text run at (0,1) width 16: "\x{5408}"
          RenderText {#text} at (181,210) size 49x498
            text run at (181,210) width 288: "\x{3067}\x{6E08}\x{3080}\x{304B}\x{3082}\x{77E5}\x{308C}\x{306C}\x{3002}\x{3057}\x{3066}\x{898B}\x{308B}\x{3068}\x{8A69}\x{4EBA}\x{306F}\x{5E38}"
            text run at (211,0) width 160: "\x{306E}\x{4EBA}\x{3088}\x{308A}\x{3082}\x{82E6}\x{52B4}\x{6027}\x{3067}\x{3001}"
          RenderRuby (inline) {RUBY} at (0,0) size 19x34
            RenderRubyRun (anonymous) at (211,159) size 20x36
              RenderRubyText {RT} at (-11,0) size 12x36
                RenderText {#text} at (0,0) size 11x36
                  text run at (0,0) width 36: "\x{307C}\x{3093}\x{3053}\x{3064}"
              RenderRubyBase (anonymous) at (0,0) size 20x36
                RenderInline {RB} at (0,0) size 19x34
                  RenderText {#text} at (0,1) size 19x34
                    text run at (0,1) width 34: "\x{51E1}\x{9AA8}"
          RenderText {#text} at (211,194) size 49x498
            text run at (211,194) width 304: "\x{306E}\x{500D}\x{4EE5}\x{4E0A}\x{306B}\x{795E}\x{7D4C}\x{304C}\x{92ED}\x{654F}\x{306A}\x{306E}\x{304B}\x{3082}\x{77E5}\x{308C}\x{3093}\x{3002}\x{8D85}"
            text run at (241,0) width 208: "\x{4FD7}\x{306E}\x{559C}\x{3073}\x{3082}\x{3042}\x{308D}\x{3046}\x{304C}\x{3001}\x{7121}\x{91CF}\x{306E}"
          RenderRuby (inline) {RUBY} at (0,0) size 19x28
            RenderRubyRun (anonymous) at (241,204) size 20x36
              RenderRubyText {RT} at (-11,0) size 12x36
                RenderText {#text} at (0,0) size 11x36
                  text run at (0,0) width 36: "\x{304B}\x{306A}\x{3057}\x{307F}"
              RenderRubyBase (anonymous) at (0,0) size 20x36
                RenderInline {RB} at (0,0) size 19x16
                  RenderText {#text} at (0,10) size 19x16
                    text run at (0,10) width 16: "\x{60B2}"
          RenderText {#text} at (241,236) size 39x492
            text run at (241,236) width 256: "\x{3082}\x{591A}\x{304B}\x{308D}\x{3046}\x{3002}\x{305D}\x{3093}\x{306A}\x{3089}\x{3070}\x{8A69}\x{4EBA}\x{306B}\x{306A}\x{308B}"
            text run at (261,0) width 112: "\x{306E}\x{3082}\x{8003}\x{3048}\x{7269}\x{3060}\x{3002}"
          RenderBR {BR} at (261,112) size 19x0
          RenderText {#text} at (291,0) size 19x128
            text run at (291,0) width 128: "\x{3000}\x{3057}\x{3070}\x{3089}\x{304F}\x{306F}\x{8DEF}\x{304C}"
          RenderRuby (inline) {RUBY} at (0,0) size 19x19
            RenderRubyRun (anonymous) at (291,124) size 20x27
              RenderRubyText {RT} at (-11,0) size 12x27
                RenderText {#text} at (0,0) size 11x27
                  text run at (0,0) width 27: "\x{305F}\x{3044}\x{3089}"
              RenderRubyBase (anonymous) at (0,0) size 20x27
                RenderInline {RB} at (0,0) size 19x17
                  RenderText {#text} at (0,5) size 19x17
                    text run at (0,5) width 16: "\x{5E73}"
          RenderText {#text} at (291,147) size 19x64
            text run at (291,147) width 64: "\x{3067}\x{3001}\x{53F3}\x{306F}"
          RenderRuby (inline) {RUBY} at (0,0) size 19x48
            RenderRubyRun (anonymous) at (291,211) size 20x48
              RenderRubyText {RT} at (-11,0) size 12x48
                RenderText {#text} at (0,0) size 11x48
                  text run at (0,0) width 48: "\x{305E}\x{3046}\x{304D}\x{3084}\x{307E}"
              RenderRubyBase (anonymous) at (0,0) size 20x48
                RenderInline {RB} at (0,0) size 19x48
                  RenderText {#text} at (0,0) size 19x48
                    text run at (0,0) width 48: "\x{96D1}\x{6728}\x{5C71}"
          RenderText {#text} at (291,259) size 49x499
            text run at (291,259) width 240: "\x{3001}\x{5DE6}\x{306F}\x{83DC}\x{306E}\x{82B1}\x{306E}\x{898B}\x{3064}\x{3065}\x{3051}\x{3067}\x{3042}\x{308B}\x{3002}"
            text run at (321,0) width 96: "\x{8DB3}\x{306E}\x{4E0B}\x{306B}\x{6642}\x{3005}"
          RenderRuby (inline) {RUBY} at (0,0) size 19x48
            RenderRubyRun (anonymous) at (321,96) size 20x48
              RenderRubyText {RT} at (-11,0) size 12x48
                RenderText {#text} at (0,1) size 11x46
                  text run at (0,1) width 45: "\x{305F}\x{3093}\x{307D}\x{307D}"
              RenderRubyBase (anonymous) at (0,0) size 20x48
                RenderInline {RB} at (0,0) size 19x48
                  RenderText {#text} at (0,0) size 19x48
                    text run at (0,0) width 48: "\x{84B2}\x{516C}\x{82F1}"
          RenderText {#text} at (321,144) size 19x112
            text run at (321,144) width 112: "\x{3092}\x{8E0F}\x{307F}\x{3064}\x{3051}\x{308B}\x{3002}"
          RenderRuby (inline) {RUBY} at (0,0) size 19x28
            RenderRubyRun (anonymous) at (321,252) size 20x36
              RenderRubyText {RT} at (-11,0) size 12x36
                RenderText {#text} at (0,0) size 11x36
                  text run at (0,0) width 36: "\x{306E}\x{3053}\x{304E}\x{308A}"
              RenderRubyBase (anonymous) at (0,0) size 20x36
                RenderInline {RB} at (0,0) size 19x16
                  RenderText {#text} at (0,10) size 19x16
                    text run at (0,10) width 16: "\x{92F8}"
          RenderText {#text} at (321,284) size 49x492
            text run at (321,284) width 208: "\x{306E}\x{3088}\x{3046}\x{306A}\x{8449}\x{304C}\x{9060}\x{616E}\x{306A}\x{304F}\x{56DB}\x{65B9}\x{3078}"
            text run at (351,0) width 144: "\x{306E}\x{3057}\x{3066}\x{771F}\x{4E2D}\x{306B}\x{9EC4}\x{8272}\x{306A}"
          RenderRuby (inline) {RUBY} at (0,0) size 19x16
            RenderRubyRun (anonymous) at (351,143) size 20x18
              RenderRubyText {RT} at (-11,0) size 12x18
                RenderText {#text} at (0,0) size 11x18
                  text run at (0,0) width 18: "\x{305F}\x{307E}"
              RenderRubyBase (anonymous) at (0,0) size 20x18
                RenderInline {RB} at (0,0) size 19x16
                  RenderText {#text} at (0,1) size 19x16
                    text run at (0,1) width 16: "\x{73E0}"
          RenderText {#text} at (351,160) size 69x496
            text run at (351,160) width 336: "\x{3092}\x{64C1}\x{8B77}\x{3057}\x{3066}\x{3044}\x{308B}\x{3002}\x{83DC}\x{306E}\x{82B1}\x{306B}\x{6C17}\x{3092}\x{3068}\x{3089}\x{308C}\x{3066}\x{3001}\x{8E0F}\x{307F}"
            text run at (371,0) width 496: "\x{3064}\x{3051}\x{305F}\x{3042}\x{3068}\x{3067}\x{3001}\x{6C17}\x{306E}\x{6BD2}\x{306A}\x{4E8B}\x{3092}\x{3057}\x{305F}\x{3068}\x{3001}\x{632F}\x{308A}\x{5411}\x{3044}\x{3066}\x{898B}\x{308B}\x{3068}\x{3001}\x{9EC4}\x{8272}\x{306A}\x{73E0}\x{306F}"
            text run at (401,0) width 160: "\x{4F9D}\x{7136}\x{3068}\x{3057}\x{3066}\x{92F8}\x{306E}\x{306A}\x{304B}\x{306B}"
          RenderRuby (inline) {RUBY} at (0,0) size 19x32
            RenderRubyRun (anonymous) at (401,160) size 20x32
              RenderRubyText {RT} at (-11,0) size 12x32
                RenderText {#text} at (0,0) size 11x32
                  text run at (0,0) width 31: "\x{3061}\x{3093}\x{3056}"
              RenderRubyBase (anonymous) at (0,0) size 20x32
                RenderInline {RB} at (0,0) size 19x32
                  RenderText {#text} at (0,0) size 19x32
                    text run at (0,0) width 32: "\x{93AE}\x{5EA7}"
          RenderText {#text} at (401,192) size 19x80
            text run at (401,192) width 80: "\x{3057}\x{3066}\x{3044}\x{308B}\x{3002}"
          RenderRuby (inline) {RUBY} at (0,0) size 19x32
            RenderRubyRun (anonymous) at (401,272) size 20x32
              RenderRubyText {RT} at (-11,0) size 12x32
                RenderText {#text} at (0,0) size 11x32
                  text run at (0,0) width 31: "\x{306E}\x{3093}\x{304D}"
              RenderRubyBase (anonymous) at (0,0) size 20x32
                RenderInline {RB} at (0,0) size 19x32
                  RenderText {#text} at (0,0) size 19x32
                    text run at (0,0) width 32: "\x{5451}\x{6C17}"
          RenderText {#text} at (401,304) size 39x496
            text run at (401,304) width 192: "\x{306A}\x{3082}\x{306E}\x{3060}\x{3002}\x{307E}\x{305F}\x{8003}\x{3048}\x{3092}\x{3064}\x{3065}"
            text run at (421,0) width 48: "\x{3051}\x{308B}\x{3002}"
          RenderBR {BR} at (421,48) size 19x0
          RenderText {#text} at (451,0) size 19x64
            text run at (451,0) width 64: "\x{3000}\x{8A69}\x{4EBA}\x{306B}"
          RenderRuby (inline) {RUBY} at (0,0) size 19x19
            RenderRubyRun (anonymous) at (451,60) size 20x27
              RenderRubyText {RT} at (-11,0) size 12x27
                RenderText {#text} at (0,0) size 11x27
                  text run at (0,0) width 27: "\x{3046}\x{308C}\x{3044}"
              RenderRubyBase (anonymous) at (0,0) size 20x27
                RenderInline {RB} at (0,0) size 19x17
                  RenderText {#text} at (0,5) size 19x17
                    text run at (0,5) width 16: "\x{6182}"
          RenderText {#text} at (451,83) size 19x240
            text run at (451,83) width 240: "\x{306F}\x{3064}\x{304D}\x{3082}\x{306E}\x{304B}\x{3082}\x{77E5}\x{308C}\x{306A}\x{3044}\x{304C}\x{3001}\x{3042}\x{306E}"
          RenderRuby (inline) {RUBY} at (0,0) size 19x32
            RenderRubyRun (anonymous) at (451,323) size 20x32
              RenderRubyText {RT} at (-11,0) size 12x32
                RenderText {#text} at (0,0) size 11x32
                  text run at (0,0) width 31: "\x{3072}\x{3070}\x{308A}"
              RenderRubyBase (anonymous) at (0,0) size 20x32
                RenderInline {RB} at (0,0) size 19x32
                  RenderText {#text} at (0,0) size 19x32
                    text run at (0,0) width 32: "\x{96F2}\x{96C0}"
          RenderText {#text} at (451,355) size 19x144
            text run at (451,355) width 144: "\x{3092}\x{805E}\x{304F}\x{5FC3}\x{6301}\x{306B}\x{306A}\x{308C}\x{3070}"
          RenderRuby (inline) {RUBY} at (0,0) size 19x32
            RenderRubyRun (anonymous) at (481,0) size 20x32
              RenderRubyText {RT} at (-11,0) size 12x32
                RenderText {#text} at (0,0) size 11x32
                  text run at (0,0) width 31: "\x{307F}\x{3058}\x{3093}"
              RenderRubyBase (anonymous) at (0,0) size 20x32
                RenderInline {RB} at (0,0) size 19x32
                  RenderText {#text} at (0,0) size 19x32
                    text run at (0,0) width 32: "\x{5FAE}\x{5875}"
          RenderText {#text} at (481,32) size 19x16
            text run at (481,32) width 16: "\x{306E}"
          RenderRuby (inline) {RUBY} at (0,0) size 19x16
            RenderRubyRun (anonymous) at (481,48) size 20x16
              RenderRubyText {RT} at (-11,0) size 12x16
                RenderText {#text} at (0,3) size 11x10
                  text run at (0,3) width 9: "\x{304F}"
              RenderRubyBase (anonymous) at (0,0) size 20x16
                RenderInline {RB} at (0,0) size 19x16
                  RenderText {#text} at (0,0) size 19x16
                    text run at (0,0) width 16: "\x{82E6}"
          RenderText {#text} at (481,64) size 19x336
            text run at (481,64) width 336: "\x{3082}\x{306A}\x{3044}\x{3002}\x{83DC}\x{306E}\x{82B1}\x{3092}\x{898B}\x{3066}\x{3082}\x{3001}\x{305F}\x{3060}\x{3046}\x{308C}\x{3057}\x{304F}\x{3066}\x{80F8}\x{304C}"
          RenderRuby (inline) {RUBY} at (0,0) size 19x16
            RenderRubyRun (anonymous) at (481,399) size 20x18
              RenderRubyText {RT} at (-11,0) size 12x18
                RenderText {#text} at (0,0) size 11x18
                  text run at (0,0) width 18: "\x{304A}\x{3069}"
              RenderRubyBase (anonymous) at (0,0) size 20x18
                RenderInline {RB} at (0,0) size 19x16
                  RenderText {#text} at (0,1) size 19x16
                    text run at (0,1) width 16: "\x{8E8D}"
          RenderText {#text} at (481,416) size 69x496
            text run at (481,416) width 64: "\x{308B}\x{3070}\x{304B}\x{308A}"
            text run at (501,0) width 496: "\x{3060}\x{3002}\x{84B2}\x{516C}\x{82F1}\x{3082}\x{305D}\x{306E}\x{901A}\x{308A}\x{3001}\x{685C}\x{3082}\x{2015}\x{2015}\x{685C}\x{306F}\x{3044}\x{3064}\x{304B}\x{898B}\x{3048}\x{306A}\x{304F}\x{306A}\x{3063}\x{305F}\x{3002}\x{3053}\x{3046}\x{5C71}"
            text run at (531,0) width 128: "\x{306E}\x{4E2D}\x{3078}\x{6765}\x{3066}\x{81EA}\x{7136}\x{306E}"
          RenderRuby (inline) {RUBY} at (0,0) size 19x34
            RenderRubyRun (anonymous) at (531,127) size 20x36
              RenderRubyText {RT} at (-11,0) size 12x36
                RenderText {#text} at (0,0) size 11x36
                  text run at (0,0) width 36: "\x{3051}\x{3044}\x{3076}\x{3064}"
              RenderRubyBase (anonymous) at (0,0) size 20x36
                RenderInline {RB} at (0,0) size 19x34
                  RenderText {#text} at (0,1) size 19x34
                    text run at (0,1) width 34: "\x{666F}\x{7269}"
          RenderText {#text} at (531,162) size 49x498
            text run at (531,162) width 336: "\x{306B}\x{63A5}\x{3059}\x{308C}\x{3070}\x{3001}\x{898B}\x{308B}\x{3082}\x{306E}\x{3082}\x{805E}\x{304F}\x{3082}\x{306E}\x{3082}\x{9762}\x{767D}\x{3044}\x{3002}\x{9762}"
            text run at (561,0) width 384: "\x{767D}\x{3044}\x{3060}\x{3051}\x{3067}\x{5225}\x{6BB5}\x{306E}\x{82E6}\x{3057}\x{307F}\x{3082}\x{8D77}\x{3089}\x{306C}\x{3002}\x{8D77}\x{308B}\x{3068}\x{3059}\x{308C}\x{3070}\x{8DB3}\x{304C}"
          RenderRuby (inline) {RUBY} at (0,0) size 19x32
            RenderRubyRun (anonymous) at (561,384) size 20x32
              RenderRubyText {RT} at (-11,0) size 12x32
                RenderText {#text} at (0,0) size 11x32
                  text run at (0,0) width 31: "\x{304F}\x{305F}\x{3073}"
              RenderRubyBase (anonymous) at (0,0) size 20x32
                RenderInline {RB} at (0,0) size 19x32
                  RenderText {#text} at (0,0) size 19x32
                    text run at (0,0) width 32: "\x{8349}\x{81E5}"
          RenderText {#text} at (561,416) size 19x48
            text run at (561,416) width 48: "\x{308C}\x{3066}\x{3001}"
          RenderRuby (inline) {RUBY} at (0,0) size 19x16
            RenderRubyRun (anonymous) at (561,463) size 20x18
              RenderRubyText {RT} at (-11,0) size 12x18
                RenderText {#text} at (0,0) size 11x18
                  text run at (0,0) width 18: "\x{3046}\x{307E}"
              RenderRubyBase (anonymous) at (0,0) size 20x18
                RenderInline {RB} at (0,0) size 19x16
                  RenderText {#text} at (0,1) size 19x16
                    text run at (0,1) width 16: "\x{65E8}"
          RenderText {#text} at (561,480) size 39x496
            text run at (561,480) width 16: "\x{3044}"
            text run at (581,0) width 272: "\x{3082}\x{306E}\x{304C}\x{98DF}\x{3079}\x{3089}\x{308C}\x{306C}\x{304F}\x{3089}\x{3044}\x{306E}\x{4E8B}\x{3060}\x{308D}\x{3046}\x{3002}"
          RenderBR {BR} at (581,272) size 19x0
          RenderText {#text} at (611,0) size 19x416
            text run at (611,0) width 416: "\x{3000}\x{3057}\x{304B}\x{3057}\x{82E6}\x{3057}\x{307F}\x{306E}\x{306A}\x{3044}\x{306E}\x{306F}\x{306A}\x{305C}\x{3060}\x{308D}\x{3046}\x{3002}\x{305F}\x{3060}\x{3053}\x{306E}\x{666F}\x{8272}\x{3092}\x{4E00}"
          RenderRuby (inline) {RUBY} at (0,0) size 19x16
            RenderRubyRun (anonymous) at (611,415) size 20x18
              RenderRubyText {RT} at (-11,0) size 12x18
                RenderText {#text} at (0,0) size 11x18
                  text run at (0,0) width 18: "\x{3077}\x{304F}"
              RenderRubyBase (anonymous) at (0,0) size 20x18
                RenderInline {RB} at (0,0) size 19x16
                  RenderText {#text} at (0,1) size 19x16
                    text run at (0,1) width 16: "\x{5E45}"
          RenderText {#text} at (611,432) size 19x16
            text run at (611,432) width 16: "\x{306E}"
          RenderRuby (inline) {RUBY} at (0,0) size 19x16
            RenderRubyRun (anonymous) at (611,448) size 20x16
              RenderRubyText {RT} at (-11,0) size 12x16
                RenderText {#text} at (0,3) size 11x10
                  text run at (0,3) width 9: "\x{3048}"
              RenderRubyBase (anonymous) at (0,0) size 20x16
                RenderInline {RB} at (0,0) size 19x16
                  RenderText {#text} at (0,0) size 19x16
                    text run at (0,0) width 16: "\x{753B}"
          RenderText {#text} at (611,464) size 49x496
            text run at (611,464) width 32: "\x{3068}\x{3057}"
            text run at (641,0) width 16: "\x{3066}"
          RenderRuby (inline) {RUBY} at (0,0) size 19x16
            RenderRubyRun (anonymous) at (641,16) size 20x16
              RenderRubyText {RT} at (-11,0) size 12x16
                RenderText {#text} at (0,3) size 11x10
                  text run at (0,3) width 9: "\x{307F}"
              RenderRubyBase (anonymous) at (0,0) size 20x16
                RenderInline {RB} at (0,0) size 19x16
                  RenderText {#text} at (0,0) size 19x16
                    text run at (0,0) width 16: "\x{89B3}"
          RenderText {#text} at (641,32) size 19x32
            text run at (641,32) width 32: "\x{3001}\x{4E00}"
          RenderRuby (inline) {RUBY} at (0,0) size 19x16
            RenderRubyRun (anonymous) at (641,63) size 20x18
              RenderRubyText {RT} at (-11,0) size 12x18
                RenderText {#text} at (0,0) size 11x18
                  text run at (0,0) width 18: "\x{304B}\x{3093}"
              RenderRubyBase (anonymous) at (0,0) size 20x18
                RenderInline {RB} at (0,0) size 19x16
                  RenderText {#text} at (0,1) size 19x16
                    text run at (0,1) width 16: "\x{5DFB}"
          RenderText {#text} at (641,80) size 19x208
            text run at (641,80) width 208: "\x{306E}\x{8A69}\x{3068}\x{3057}\x{3066}\x{8AAD}\x{3080}\x{304B}\x{3089}\x{3067}\x{3042}\x{308B}\x{3002}"
          RenderRuby (inline) {RUBY} at (0,0) size 19x16
            RenderRubyRun (anonymous) at (641,288) size 20x16
              RenderRubyText {RT} at (-11,0) size 12x16
                RenderText {#text} at (0,3) size 11x10
                  text run at (0,3) width 9: "\x{304C}"
              RenderRubyBase (anonymous) at (0,0) size 20x16
                RenderInline {RB} at (0,0) size 19x16
                  RenderText {#text} at (0,0) size 19x16
                    text run at (0,0) width 16: "\x{753B}"
          RenderText {#text} at (641,304) size 19x160
            text run at (641,304) width 160: "\x{3067}\x{3042}\x{308A}\x{8A69}\x{3067}\x{3042}\x{308B}\x{4EE5}\x{4E0A}\x{306F}"
          RenderRuby (inline) {RUBY} at (0,0) size 19x32
            RenderRubyRun (anonymous) at (641,464) size 20x32
              RenderRubyText {RT} at (-11,0) size 12x32
                RenderText {#text} at (0,0) size 11x32
                  text run at (0,0) width 31: "\x{3058}\x{3081}\x{3093}"
              RenderRubyBase (anonymous) at (0,0) size 20x32
                RenderInline {RB} at (0,0) size 19x32
                  RenderText {#text} at (0,0) size 19x32
                    text run at (0,0) width 32: "\x{5730}\x{9762}"
          RenderText {#text} at (671,0) size 19x368
            text run at (671,0) width 368: "\x{3092}\x{8CB0}\x{3063}\x{3066}\x{3001}\x{958B}\x{62D3}\x{3059}\x{308B}\x{6C17}\x{306B}\x{3082}\x{306A}\x{3089}\x{306D}\x{3070}\x{3001}\x{9244}\x{9053}\x{3092}\x{304B}\x{3051}\x{3066}"
          RenderRuby (inline) {RUBY} at (0,0) size 19x34
            RenderRubyRun (anonymous) at (671,367) size 20x36
              RenderRubyText {RT} at (-11,0) size 12x36
                RenderText {#text} at (0,0) size 11x36
                  text run at (0,0) width 36: "\x{3072}\x{3068}\x{3082}\x{3046}"
              RenderRubyBase (anonymous) at (0,0) size 20x36
                RenderInline {RB} at (0,0) size 19x34
                  RenderText {#text} at (0,1) size 19x34
                    text run at (0,1) width 34: "\x{4E00}\x{5132}"
          RenderText {#text} at (671,402) size 19x48
            text run at (671,402) width 48: "\x{3051}\x{3059}\x{308B}"
          RenderRuby (inline) {RUBY} at (0,0) size 19x42
            RenderRubyRun (anonymous) at (671,447) size 20x45
              RenderRubyText {RT} at (-11,0) size 12x45
                RenderText {#text} at (0,0) size 11x45
                  text run at (0,0) width 45: "\x{308A}\x{3087}\x{3046}\x{3051}\x{3093}"
              RenderRubyBase (anonymous) at (0,0) size 20x45
                RenderInline {RB} at (0,0) size 19x39
                  RenderText {#text} at (0,3) size 19x39
                    text run at (0,3) width 39: "\x{4E86}\x{898B}"
          RenderText {#text} at (701,0) size 19x256
            text run at (701,0) width 256: "\x{3082}\x{8D77}\x{3089}\x{306C}\x{3002}\x{305F}\x{3060}\x{3053}\x{306E}\x{666F}\x{8272}\x{304C}\x{2015}\x{2015}\x{8179}\x{306E}"
          RenderRuby (inline) {RUBY} at (0,0) size 19x16
            RenderRubyRun (anonymous) at (701,256) size 20x16
              RenderRubyText {RT} at (-11,0) size 12x16
                RenderText {#text} at (0,3) size 11x10
                  text run at (0,3) width 9: "\x{305F}"
              RenderRubyBase (anonymous) at (0,0) size 20x16
                RenderInline {RB} at (0,0) size 19x16
                  RenderText {#text} at (0,0) size 19x16
                    text run at (0,0) width 16: "\x{8DB3}"
          RenderText {#text} at (701,272) size 69x496
            text run at (701,272) width 224: "\x{3057}\x{306B}\x{3082}\x{306A}\x{3089}\x{306C}\x{3001}\x{6708}\x{7D66}\x{306E}\x{88DC}\x{3044}\x{306B}\x{3082}"
            text run at (721,0) width 496: "\x{306A}\x{3089}\x{306C}\x{3053}\x{306E}\x{666F}\x{8272}\x{304C}\x{666F}\x{8272}\x{3068}\x{3057}\x{3066}\x{306E}\x{307F}\x{3001}\x{4F59}\x{304C}\x{5FC3}\x{3092}\x{697D}\x{307E}\x{305B}\x{3064}\x{3064}\x{3042}\x{308B}\x{304B}\x{3089}\x{82E6}\x{52B4}"
            text run at (751,0) width 64: "\x{3082}\x{5FC3}\x{914D}\x{3082}"
          RenderRuby (inline) {RUBY} at (0,0) size 19x19
            RenderRubyRun (anonymous) at (751,60) size 20x27
              RenderRubyText {RT} at (-11,0) size 12x27
                RenderText {#text} at (0,0) size 11x27
                  text run at (0,0) width 27: "\x{3068}\x{3082}\x{306A}"
              RenderRubyBase (anonymous) at (0,0) size 20x27
                RenderInline {RB} at (0,0) size 19x17
                  RenderText {#text} at (0,5) size 19x17
                    text run at (0,5) width 16: "\x{4F34}"
          RenderText {#text} at (751,83) size 19x288
            text run at (751,83) width 288: "\x{308F}\x{306C}\x{306E}\x{3060}\x{308D}\x{3046}\x{3002}\x{81EA}\x{7136}\x{306E}\x{529B}\x{306F}\x{3053}\x{3053}\x{306B}\x{304A}\x{3044}\x{3066}"
          RenderRuby (inline) {RUBY} at (0,0) size 19x16
            RenderRubyRun (anonymous) at (751,370) size 20x18
              RenderRubyText {RT} at (-11,0) size 12x18
                RenderText {#text} at (0,0) size 11x18
                  text run at (0,0) width 18: "\x{305F}\x{3063}"
              RenderRubyBase (anonymous) at (0,0) size 20x18
                RenderInline {RB} at (0,0) size 19x16
                  RenderText {#text} at (0,1) size 19x16
                    text run at (0,1) width 16: "\x{5C0A}"
          RenderText {#text} at (751,387) size 49x499
            text run at (751,387) width 112: "\x{3068}\x{3044}\x{3002}\x{543E}\x{4EBA}\x{306E}\x{6027}"
            text run at (781,0) width 80: "\x{60C5}\x{3092}\x{77AC}\x{523B}\x{306B}"
          RenderRuby (inline) {RUBY} at (0,0) size 19x32
            RenderRubyRun (anonymous) at (781,80) size 20x32
              RenderRubyText {RT} at (-11,0) size 12x32
                RenderText {#text} at (0,0) size 11x32
                  text run at (0,0) width 31: "\x{3068}\x{3046}\x{3084}"
              RenderRubyBase (anonymous) at (0,0) size 20x32
                RenderInline {RB} at (0,0) size 19x32
                  RenderText {#text} at (0,0) size 19x32
                    text run at (0,0) width 32: "\x{9676}\x{51B6}"
          RenderText {#text} at (781,112) size 19x32
            text run at (781,112) width 32: "\x{3057}\x{3066}"
          RenderRuby (inline) {RUBY} at (0,0) size 19x34
            RenderRubyRun (anonymous) at (781,143) size 20x36
              RenderRubyText {RT} at (-11,0) size 12x36
                RenderText {#text} at (0,0) size 11x36
                  text run at (0,0) width 36: "\x{3058}\x{3085}\x{3093}\x{3053}"
              RenderRubyBase (anonymous) at (0,0) size 20x36
                RenderInline {RB} at (0,0) size 19x34
                  RenderText {#text} at (0,1) size 19x34
                    text run at (0,1) width 34: "\x{9187}\x{4E4E}"
          RenderText {#text} at (781,178) size 39x498
            text run at (781,178) width 320: "\x{3068}\x{3057}\x{3066}\x{9187}\x{306A}\x{308B}\x{8A69}\x{5883}\x{306B}\x{5165}\x{3089}\x{3057}\x{3080}\x{308B}\x{306E}\x{306F}\x{81EA}\x{7136}\x{3067}\x{3042}"
            text run at (801,0) width 32: "\x{308B}\x{3002}"
          RenderBR {BR} at (801,32) size 19x0
          RenderText {#text} at (821,0) size 49x496
            text run at (821,0) width 496: "\x{3000}\x{604B}\x{306F}\x{3046}\x{3064}\x{304F}\x{3057}\x{304B}\x{308D}\x{3001}\x{5B5D}\x{3082}\x{3046}\x{3064}\x{304F}\x{3057}\x{304B}\x{308D}\x{3001}\x{5FE0}\x{541B}\x{611B}\x{56FD}\x{3082}\x{7D50}\x{69CB}\x{3060}\x{308D}\x{3046}\x{3002}\x{3057}"
            text run at (851,0) width 112: "\x{304B}\x{3057}\x{81EA}\x{8EAB}\x{304C}\x{305D}\x{306E}"
          RenderRuby (inline) {RUBY} at (0,0) size 19x19
            RenderRubyRun (anonymous) at (851,108) size 20x27
              RenderRubyText {RT} at (-11,0) size 12x27
                RenderText {#text} at (0,0) size 11x27
                  text run at (0,0) width 27: "\x{304D}\x{3087}\x{304F}"
              RenderRubyBase (anonymous) at (0,0) size 20x27
                RenderInline {RB} at (0,0) size 19x17
                  RenderText {#text} at (0,5) size 19x17
                    text run at (0,5) width 16: "\x{5C40}"
          RenderText {#text} at (851,131) size 19x112
            text run at (851,131) width 112: "\x{306B}\x{5F53}\x{308C}\x{3070}\x{5229}\x{5BB3}\x{306E}"
          RenderRuby (inline) {RUBY} at (0,0) size 19x32
            RenderRubyRun (anonymous) at (851,243) size 20x32
              RenderRubyText {RT} at (-11,0) size 12x32
                RenderText {#text} at (0,0) size 11x32
                  text run at (0,0) width 31: "\x{3064}\x{3080}\x{3058}"
              RenderRubyBase (anonymous) at (0,0) size 20x32
                RenderInline {RB} at (0,0) size 19x32
                  RenderText {#text} at (0,0) size 19x32
                    text run at (0,0) width 32: "\x{65CB}\x{98A8}"
          RenderText {#text} at (851,275) size 19x16
            text run at (851,275) width 16: "\x{306B}"
          RenderRuby (inline) {RUBY} at (0,0) size 19x16
            RenderRubyRun (anonymous) at (851,291) size 20x16
              RenderRubyText {RT} at (-11,0) size 12x16
                RenderText {#text} at (0,3) size 11x10
                  text run at (0,3) width 9: "\x{307E}"
              RenderRubyBase (anonymous) at (0,0) size 20x16
                RenderInline {RB} at (0,0) size 19x16
                  RenderText {#text} at (0,0) size 19x16
                    text run at (0,0) width 16: "\x{6372}"
          RenderText {#text} at (851,307) size 49x499
            text run at (851,307) width 192: "\x{304D}\x{8FBC}\x{307E}\x{308C}\x{3066}\x{3001}\x{3046}\x{3064}\x{304F}\x{3057}\x{304D}\x{4E8B}"
            text run at (881,0) width 192: "\x{306B}\x{3082}\x{3001}\x{7D50}\x{69CB}\x{306A}\x{4E8B}\x{306B}\x{3082}\x{3001}\x{76EE}\x{306F}"
          RenderRuby (inline) {RUBY} at (0,0) size 19x16
            RenderRubyRun (anonymous) at (881,191) size 20x18
              RenderRubyText {RT} at (-11,0) size 12x18
                RenderText {#text} at (0,0) size 11x18
                  text run at (0,0) width 18: "\x{304F}\x{3089}"
              RenderRubyBase (anonymous) at (0,0) size 20x18
                RenderInline {RB} at (0,0) size 19x16
                  RenderText {#text} at (0,1) size 19x16
                    text run at (0,1) width 16: "\x{7729}"
          RenderText {#text} at (881,208) size 49x496
            text run at (881,208) width 288: "\x{3093}\x{3067}\x{3057}\x{307E}\x{3046}\x{3002}\x{3057}\x{305F}\x{304C}\x{3063}\x{3066}\x{3069}\x{3053}\x{306B}\x{8A69}\x{304C}\x{3042}\x{308B}"
            text run at (911,0) width 80: "\x{304B}\x{81EA}\x{8EAB}\x{306B}\x{306F}"
          RenderRuby (inline) {RUBY} at (0,0) size 19x16
            RenderRubyRun (anonymous) at (911,80) size 20x16
              RenderRubyText {RT} at (-11,0) size 12x16
                RenderText {#text} at (0,3) size 11x10
                  text run at (0,3) width 9: "\x{3052}"
              RenderRubyBase (anonymous) at (0,0) size 20x16
                RenderInline {RB} at (0,0) size 19x16
                  RenderText {#text} at (0,0) size 19x16
                    text run at (0,0) width 16: "\x{89E3}"
          RenderText {#text} at (911,96) size 19x80
            text run at (911,96) width 80: "\x{3057}\x{304B}\x{306D}\x{308B}\x{3002}"
          RenderBR {BR} at (911,176) size 19x0
          RenderText {#text} at (931,0) size 49x496
            text run at (931,0) width 496: "\x{3000}\x{3053}\x{308C}\x{304C}\x{308F}\x{304B}\x{308B}\x{305F}\x{3081}\x{306B}\x{306F}\x{3001}\x{308F}\x{304B}\x{308B}\x{3060}\x{3051}\x{306E}\x{4F59}\x{88D5}\x{306E}\x{3042}\x{308B}\x{7B2C}\x{4E09}\x{8005}\x{306E}\x{5730}\x{4F4D}\x{306B}\x{7ACB}"
            text run at (961,0) width 336: "\x{305F}\x{306D}\x{3070}\x{306A}\x{3089}\x{306C}\x{3002}\x{4E09}\x{8005}\x{306E}\x{5730}\x{4F4D}\x{306B}\x{7ACB}\x{3066}\x{3070}\x{3053}\x{305D}\x{829D}\x{5C45}\x{306F}"
          RenderRuby (inline) {RUBY} at (0,0) size 19x16
            RenderRubyRun (anonymous) at (961,336) size 20x16
              RenderRubyText {RT} at (-11,0) size 12x16
                RenderText {#text} at (0,3) size 11x10
                  text run at (0,3) width 9: "\x{307F}"
              RenderRubyBase (anonymous) at (0,0) size 20x16
                RenderInline {RB} at (0,0) size 19x16
                  RenderText {#text} at (0,0) size 19x16
                    text run at (0,0) width 16: "\x{89B3}"
          RenderText {#text} at (961,352) size 69x496
            text run at (961,352) width 144: "\x{3066}\x{9762}\x{767D}\x{3044}\x{3002}\x{5C0F}\x{8AAC}\x{3082}\x{898B}"
            text run at (981,0) width 496: "\x{3066}\x{9762}\x{767D}\x{3044}\x{3002}\x{829D}\x{5C45}\x{3092}\x{898B}\x{3066}\x{9762}\x{767D}\x{3044}\x{4EBA}\x{3082}\x{3001}\x{5C0F}\x{8AAC}\x{3092}\x{8AAD}\x{3093}\x{3067}\x{9762}\x{767D}\x{3044}\x{4EBA}\x{3082}\x{3001}\x{81EA}\x{5DF1}\x{306E}"
            text run at (1011,0) width 48: "\x{5229}\x{5BB3}\x{306F}"
          RenderRuby (inline) {RUBY} at (0,0) size 19x16
            RenderRubyRun (anonymous) at (1011,47) size 20x18
              RenderRubyText {RT} at (-11,0) size 12x18
                RenderText {#text} at (0,0) size 11x18
                  text run at (0,0) width 18: "\x{305F}\x{306A}"
              RenderRubyBase (anonymous) at (0,0) size 20x18
                RenderInline {RB} at (0,0) size 19x16
                  RenderText {#text} at (0,1) size 19x16
                    text run at (0,1) width 16: "\x{68DA}"
          RenderText {#text} at (1011,64) size 19x416
            text run at (1011,64) width 416: "\x{3078}\x{4E0A}\x{3052}\x{3066}\x{3044}\x{308B}\x{3002}\x{898B}\x{305F}\x{308A}\x{8AAD}\x{3093}\x{3060}\x{308A}\x{3059}\x{308B}\x{9593}\x{3060}\x{3051}\x{306F}\x{8A69}\x{4EBA}\x{3067}\x{3042}\x{308B}\x{3002}"
          RenderBR {BR} at (1011,480) size 19x0
          RenderText {#text} at (1041,0) size 19x304
            text run at (1041,0) width 304: "\x{3000}\x{305D}\x{308C}\x{3059}\x{3089}\x{3001}\x{666E}\x{901A}\x{306E}\x{829D}\x{5C45}\x{3084}\x{5C0F}\x{8AAC}\x{3067}\x{306F}\x{4EBA}\x{60C5}\x{3092}"
          RenderRuby (inline) {RUBY} at (0,0) size 19x16
            RenderRubyRun (anonymous) at (1041,303) size 20x18
              RenderRubyText {RT} at (-11,0) size 12x18
                RenderText {#text} at (0,0) size 11x18
                  text run at (0,0) width 18: "\x{307E}\x{306C}"
              RenderRubyBase (anonymous) at (0,0) size 20x18
                RenderInline {RB} at (0,0) size 19x16
                  RenderText {#text} at (0,1) size 19x16
                    text run at (0,1) width 16: "\x{514D}"
          RenderText {#text} at (1041,320) size 69x496
            text run at (1041,320) width 160: "\x{304B}\x{308C}\x{306C}\x{3002}\x{82E6}\x{3057}\x{3093}\x{3060}\x{308A}\x{3001}"
            text run at (1061,0) width 496: "\x{6012}\x{3063}\x{305F}\x{308A}\x{3001}\x{9A12}\x{3044}\x{3060}\x{308A}\x{3001}\x{6CE3}\x{3044}\x{305F}\x{308A}\x{3059}\x{308B}\x{3002}\x{898B}\x{308B}\x{3082}\x{306E}\x{3082}\x{3044}\x{3064}\x{304B}\x{305D}\x{306E}\x{4E2D}\x{306B}\x{540C}\x{5316}"
            text run at (1091,0) width 400: "\x{3057}\x{3066}\x{82E6}\x{3057}\x{3093}\x{3060}\x{308A}\x{3001}\x{6012}\x{3063}\x{305F}\x{308A}\x{3001}\x{9A12}\x{3044}\x{3060}\x{308A}\x{3001}\x{6CE3}\x{3044}\x{305F}\x{308A}\x{3059}\x{308B}\x{3002}"
          RenderRuby (inline) {RUBY} at (0,0) size 19x32
            RenderRubyRun (anonymous) at (1091,400) size 20x32
              RenderRubyText {RT} at (-11,0) size 12x32
                RenderText {#text} at (0,0) size 11x32
                  text run at (0,0) width 31: "\x{3068}\x{308A}\x{3048}"
              RenderRubyBase (anonymous) at (0,0) size 20x32
                RenderInline {RB} at (0,0) size 19x32
                  RenderText {#text} at (0,0) size 19x32
                    text run at (0,0) width 32: "\x{53D6}\x{67C4}"
          RenderText {#text} at (1091,432) size 19x64
            text run at (1091,432) width 64: "\x{306F}\x{5229}\x{617E}\x{304C}"
          RenderRuby (inline) {RUBY} at (0,0) size 19x17
            RenderRubyRun (anonymous) at (1121,0) size 20x18
              RenderRubyText {RT} at (-11,0) size 12x18
                RenderText {#text} at (0,0) size 11x18
                  text run at (0,0) width 18: "\x{307E}\x{3058}"
              RenderRubyBase (anonymous) at (0,0) size 20x18
                RenderInline {RB} at (0,0) size 19x16
                  RenderText {#text} at (0,1) size 19x16
                    text run at (0,1) width 16: "\x{4EA4}"
          RenderText {#text} at (1121,17) size 19x112
            text run at (1121,17) width 112: "\x{3089}\x{306C}\x{3068}\x{4E91}\x{3046}\x{70B9}\x{306B}"
          RenderRuby (inline) {RUBY} at (0,0) size 19x16
            RenderRubyRun (anonymous) at (1121,128) size 20x18
              RenderRubyText {RT} at (-11,0) size 12x18
                RenderText {#text} at (0,0) size 11x18
                  text run at (0,0) width 18: "\x{305D}\x{3093}"
              RenderRubyBase (anonymous) at (0,0) size 20x18
                RenderInline {RB} at (0,0) size 19x16
                  RenderText {#text} at (0,1) size 19x16
                    text run at (0,1) width 16: "\x{5B58}"
          RenderText {#text} at (1121,145) size 19x304
            text run at (1121,145) width 304: "\x{3059}\x{308B}\x{304B}\x{3082}\x{77E5}\x{308C}\x{306C}\x{304C}\x{3001}\x{4EA4}\x{3089}\x{306C}\x{3060}\x{3051}\x{306B}\x{305D}\x{306E}\x{4ED6}\x{306E}"
          RenderRuby (inline) {RUBY} at (0,0) size 19x39
            RenderRubyRun (anonymous) at (1121,446) size 20x45
              RenderRubyText {RT} at (-11,0) size 12x45
                RenderText {#text} at (0,0) size 11x45
                  text run at (0,0) width 45: "\x{3058}\x{3087}\x{3046}\x{3057}\x{3087}"
              RenderRubyBase (anonymous) at (0,0) size 20x45
                RenderInline {RB} at (0,0) size 19x39
                  RenderText {#text} at (0,3) size 19x39
                    text run at (0,3) width 39: "\x{60C5}\x{7DD2}"
          RenderText {#text} at (1121,488) size 49x504
            text run at (1121,488) width 16: "\x{306F}"
            text run at (1151,0) width 288: "\x{5E38}\x{3088}\x{308A}\x{306F}\x{4F59}\x{8A08}\x{306B}\x{6D3B}\x{52D5}\x{3059}\x{308B}\x{3060}\x{308D}\x{3046}\x{3002}\x{305D}\x{308C}\x{304C}"
          RenderRuby (inline) {RUBY} at (0,0) size 19x16
            RenderRubyRun (anonymous) at (1151,287) size 20x18
              RenderRubyText {RT} at (-11,0) size 12x18
                RenderText {#text} at (0,0) size 11x18
                  text run at (0,0) width 18: "\x{3044}\x{3084}"
              RenderRubyBase (anonymous) at (0,0) size 20x18
                RenderInline {RB} at (0,0) size 19x16
                  RenderText {#text} at (0,1) size 19x16
                    text run at (0,1) width 16: "\x{5ACC}"
          RenderText {#text} at (1151,304) size 19x32
            text run at (1151,304) width 32: "\x{3060}\x{3002}"
          RenderBR {BR} at (1151,336) size 19x0
          RenderText {#text} at (1171,0) size 49x480
            text run at (1171,0) width 480: "\x{3000}\x{82E6}\x{3057}\x{3093}\x{3060}\x{308A}\x{3001}\x{6012}\x{3063}\x{305F}\x{308A}\x{3001}\x{9A12}\x{3044}\x{3060}\x{308A}\x{3001}\x{6CE3}\x{3044}\x{305F}\x{308A}\x{306F}\x{4EBA}\x{306E}\x{4E16}\x{306B}\x{3064}\x{304D}\x{3082}\x{306E}"
            text run at (1201,0) width 192: "\x{3060}\x{3002}\x{4F59}\x{3082}\x{4E09}\x{5341}\x{5E74}\x{306E}\x{9593}\x{305D}\x{308C}\x{3092}"
          RenderRuby (inline) {RUBY} at (0,0) size 19x32
            RenderRubyRun (anonymous) at (1201,192) size 20x32
              RenderRubyText {RT} at (-11,0) size 12x32
                RenderText {#text} at (0,0) size 11x32
                  text run at (0,0) width 31: "\x{3057}\x{3068}\x{304A}"
              RenderRubyBase (anonymous) at (0,0) size 20x32
                RenderInline {RB} at (0,0) size 19x32
                  RenderText {#text} at (0,0) size 19x32
                    text run at (0,0) width 32: "\x{4ED5}\x{901A}"
          RenderText {#text} at (1201,224) size 19x48
            text run at (1201,224) width 48: "\x{3057}\x{3066}\x{3001}"
          RenderRuby (inline) {RUBY} at (0,0) size 19x34
            RenderRubyRun (anonymous) at (1201,271) size 20x36
              RenderRubyText {RT} at (-11,0) size 12x36
                RenderText {#text} at (0,0) size 11x36
                  text run at (0,0) width 36: "\x{3042}\x{304D}\x{3042}\x{304D}"
              RenderRubyBase (anonymous) at (0,0) size 20x36
                RenderInline {RB} at (0,0) size 19x34
                  RenderText {#text} at (0,1) size 19x34
                    text run at (0,1) width 34: "\x{98FD}\x{3005}"
          RenderText {#text} at (1201,306) size 19x48
            text run at (1201,306) width 48: "\x{3057}\x{305F}\x{3002}"
          RenderRuby (inline) {RUBY} at (0,0) size 19x16
            RenderRubyRun (anonymous) at (1201,354) size 20x16
              RenderRubyText {RT} at (-11,0) size 12x16
                RenderText {#text} at (0,3) size 11x10
                  text run at (0,3) width 9: "\x{3042}"
              RenderRubyBase (anonymous) at (0,0) size 20x16
                RenderInline {RB} at (0,0) size 19x16
                  RenderText {#text} at (0,0) size 19x16
                    text run at (0,0) width 16: "\x{98FD}"
          RenderText {#text} at (1201,370) size 69x498
            text run at (1201,370) width 128: "\x{304D}\x{98FD}\x{304D}\x{3057}\x{305F}\x{4E0A}\x{306B}\x{829D}"
            text run at (1221,0) width 496: "\x{5C45}\x{3084}\x{5C0F}\x{8AAC}\x{3067}\x{540C}\x{3058}\x{523A}\x{6FC0}\x{3092}\x{7E70}\x{308A}\x{8FD4}\x{3057}\x{3066}\x{306F}\x{5927}\x{5909}\x{3060}\x{3002}\x{4F59}\x{304C}\x{6B32}\x{3059}\x{308B}\x{8A69}\x{306F}\x{305D}\x{3093}\x{306A}\x{4E16}"
            text run at (1251,0) width 96: "\x{9593}\x{7684}\x{306E}\x{4EBA}\x{60C5}\x{3092}"
          RenderRuby (inline) {RUBY} at (0,0) size 19x32
            RenderRubyRun (anonymous) at (1251,96) size 20x32
              RenderRubyText {RT} at (-11,0) size 12x32
                RenderText {#text} at (0,3) size 11x26
                  text run at (0,3) width 25: "\x{3053}\x{3076}"
              RenderRubyBase (anonymous) at (0,0) size 20x32
                RenderInline {RB} at (0,0) size 19x32
                  RenderText {#text} at (0,0) size 19x32
                    text run at (0,0) width 32: "\x{9F13}\x{821E}"
          RenderText {#text} at (1251,128) size 49x496
            text run at (1251,128) width 368: "\x{3059}\x{308B}\x{3088}\x{3046}\x{306A}\x{3082}\x{306E}\x{3067}\x{306F}\x{306A}\x{3044}\x{3002}\x{4FD7}\x{5FF5}\x{3092}\x{653E}\x{68C4}\x{3057}\x{3066}\x{3001}\x{3057}\x{3070}\x{3089}"
            text run at (1281,0) width 48: "\x{304F}\x{3067}\x{3082}"
          RenderRuby (inline) {RUBY} at (0,0) size 19x34
            RenderRubyRun (anonymous) at (1281,47) size 20x36
              RenderRubyText {RT} at (-11,0) size 12x36
                RenderText {#text} at (0,0) size 11x36
                  text run at (0,0) width 36: "\x{3058}\x{3093}\x{304B}\x{3044}"
              RenderRubyBase (anonymous) at (0,0) size 20x36
                RenderInline {RB} at (0,0) size 19x34
                  RenderText {#text} at (0,1) size 19x34
                    text run at (0,1) width 34: "\x{5875}\x{754C}"
          RenderText {#text} at (1281,82) size 89x498
            text run at (1281,82) width 416: "\x{3092}\x{96E2}\x{308C}\x{305F}\x{5FC3}\x{6301}\x{3061}\x{306B}\x{306A}\x{308C}\x{308B}\x{8A69}\x{3067}\x{3042}\x{308B}\x{3002}\x{3044}\x{304F}\x{3089}\x{5091}\x{4F5C}\x{3067}\x{3082}\x{4EBA}\x{60C5}\x{3092}"
            text run at (1301,0) width 496: "\x{96E2}\x{308C}\x{305F}\x{829D}\x{5C45}\x{306F}\x{306A}\x{3044}\x{3001}\x{7406}\x{975E}\x{3092}\x{7D76}\x{3057}\x{305F}\x{5C0F}\x{8AAC}\x{306F}\x{5C11}\x{304B}\x{308D}\x{3046}\x{3002}\x{3069}\x{3053}\x{307E}\x{3067}\x{3082}\x{4E16}\x{9593}\x{3092}"
            text run at (1321,0) width 496: "\x{51FA}\x{308B}\x{4E8B}\x{304C}\x{51FA}\x{6765}\x{306C}\x{306E}\x{304C}\x{5F7C}\x{3089}\x{306E}\x{7279}\x{8272}\x{3067}\x{3042}\x{308B}\x{3002}\x{3053}\x{3068}\x{306B}\x{897F}\x{6D0B}\x{306E}\x{8A69}\x{306B}\x{306A}\x{308B}\x{3068}\x{3001}\x{4EBA}"
            text run at (1351,0) width 208: "\x{4E8B}\x{304C}\x{6839}\x{672C}\x{306B}\x{306A}\x{308B}\x{304B}\x{3089}\x{3044}\x{308F}\x{3086}\x{308B}"
          RenderRuby (inline) {RUBY} at (0,0) size 19x32
            RenderRubyRun (anonymous) at (1351,208) size 20x32
              RenderRubyText {RT} at (-11,0) size 12x32
                RenderText {#text} at (0,0) size 11x32
                  text run at (0,0) width 31: "\x{3057}\x{3044}\x{304B}"
              RenderRubyBase (anonymous) at (0,0) size 20x32
                RenderInline {RB} at (0,0) size 19x32
                  RenderText {#text} at (0,0) size 19x32
                    text run at (0,0) width 32: "\x{8A69}\x{6B4C}"
          RenderText {#text} at (1351,240) size 19x160
            text run at (1351,240) width 160: "\x{306E}\x{7D14}\x{7C8B}\x{306A}\x{308B}\x{3082}\x{306E}\x{3082}\x{3053}\x{306E}"
          RenderRuby (inline) {RUBY} at (0,0) size 19x19
            RenderRubyRun (anonymous) at (1351,396) size 20x27
              RenderRubyText {RT} at (-11,0) size 12x27
                RenderText {#text} at (0,0) size 11x27
                  text run at (0,0) width 27: "\x{304D}\x{3087}\x{3046}"
              RenderRubyBase (anonymous) at (0,0) size 20x27
                RenderInline {RB} at (0,0) size 19x17
                  RenderText {#text} at (0,5) size 19x17
                    text run at (0,5) width 16: "\x{5883}"
          RenderText {#text} at (1351,419) size 19x16
            text run at (1351,419) width 16: "\x{3092}"
          RenderRuby (inline) {RUBY} at (0,0) size 19x32
            RenderRubyRun (anonymous) at (1351,435) size 20x32
              RenderRubyText {RT} at (-11,0) size 12x32
                RenderText {#text} at (0,0) size 11x32
                  text run at (0,0) width 31: "\x{3052}\x{3060}\x{3064}"
              RenderRubyBase (anonymous) at (0,0) size 20x32
                RenderInline {RB} at (0,0) size 19x32
                  RenderText {#text} at (0,0) size 19x32
                    text run at (0,0) width 32: "\x{89E3}\x{8131}"
          RenderText {#text} at (1351,467) size 69x499
            text run at (1351,467) width 32: "\x{3059}\x{308B}"
            text run at (1371,0) width 496: "\x{4E8B}\x{3092}\x{77E5}\x{3089}\x{306C}\x{3002}\x{3069}\x{3053}\x{307E}\x{3067}\x{3082}\x{540C}\x{60C5}\x{3060}\x{3068}\x{304B}\x{3001}\x{611B}\x{3060}\x{3068}\x{304B}\x{3001}\x{6B63}\x{7FA9}\x{3060}\x{3068}\x{304B}\x{3001}\x{81EA}\x{7531}\x{3060}"
            text run at (1401,0) width 48: "\x{3068}\x{304B}\x{3001}"
          RenderRuby (inline) {RUBY} at (0,0) size 19x32
            RenderRubyRun (anonymous) at (1401,48) size 20x32
              RenderRubyText {RT} at (-11,0) size 12x32
                RenderText {#text} at (0,0) size 11x32
                  text run at (0,0) width 31: "\x{3046}\x{304D}\x{3088}"
              RenderRubyBase (anonymous) at (0,0) size 20x32
                RenderInline {RB} at (0,0) size 19x32
                  RenderText {#text} at (0,0) size 19x32
                    text run at (0,0) width 32: "\x{6D6E}\x{4E16}"
          RenderText {#text} at (1401,80) size 19x16
            text run at (1401,80) width 16: "\x{306E}"
          RenderRuby (inline) {RUBY} at (0,0) size 19x48
            RenderRubyRun (anonymous) at (1401,96) size 20x48
              RenderRubyText {RT} at (-11,0) size 12x48
                RenderText {#text} at (0,0) size 11x48
                  text run at (0,0) width 48: "\x{304B}\x{3093}\x{3053}\x{3046}\x{3070}"
              RenderRubyBase (anonymous) at (0,0) size 20x48
                RenderInline {RB} at (0,0) size 19x48
                  RenderText {#text} at (0,0) size 19x48
                    text run at (0,0) width 48: "\x{52E7}\x{5DE5}\x{5834}"
          RenderText {#text} at (1401,144) size 19x160
            text run at (1401,144) width 160: "\x{306B}\x{3042}\x{308B}\x{3082}\x{306E}\x{3060}\x{3051}\x{3067}\x{7528}\x{3092}"
          RenderRuby (inline) {RUBY} at (0,0) size 19x16
            RenderRubyRun (anonymous) at (1401,303) size 20x18
              RenderRubyText {RT} at (-11,0) size 12x18
                RenderText {#text} at (0,0) size 11x18
                  text run at (0,0) width 18: "\x{3079}\x{3093}"
              RenderRubyBase (anonymous) at (0,0) size 20x18
                RenderInline {RB} at (0,0) size 19x16
                  RenderText {#text} at (0,1) size 19x16
                    text run at (0,1) width 16: "\x{5F01}"
          RenderText {#text} at (1401,320) size 49x496
            text run at (1401,320) width 176: "\x{3058}\x{3066}\x{3044}\x{308B}\x{3002}\x{3044}\x{304F}\x{3089}\x{8A69}\x{7684}\x{306B}"
            text run at (1431,0) width 144: "\x{306A}\x{3063}\x{3066}\x{3082}\x{5730}\x{9762}\x{306E}\x{4E0A}\x{3092}"
          RenderRuby (inline) {RUBY} at (0,0) size 19x16
            RenderRubyRun (anonymous) at (1431,144) size 20x16
              RenderRubyText {RT} at (-11,0) size 12x16
                RenderText {#text} at (0,3) size 11x10
                  text run at (0,3) width 9: "\x{304B}"
              RenderRubyBase (anonymous) at (0,0) size 20x16
                RenderInline {RB} at (0,0) size 19x16
                  RenderText {#text} at (0,0) size 19x16
                    text run at (0,0) width 16: "\x{99B3}"
          RenderText {#text} at (1431,160) size 19x112
            text run at (1431,160) width 112: "\x{3051}\x{3066}\x{3042}\x{308B}\x{3044}\x{3066}\x{3001}"
          RenderRuby (inline) {RUBY} at (0,0) size 19x16
            RenderRubyRun (anonymous) at (1431,271) size 20x18
              RenderRubyText {RT} at (-11,0) size 12x18
                RenderText {#text} at (0,0) size 11x18
                  text run at (0,0) width 18: "\x{305C}\x{306B}"
              RenderRubyBase (anonymous) at (0,0) size 20x18
                RenderInline {RB} at (0,0) size 19x16
                  RenderText {#text} at (0,1) size 19x16
                    text run at (0,1) width 16: "\x{92AD}"
          RenderText {#text} at (1431,288) size 49x496
            text run at (1431,288) width 208: "\x{306E}\x{52D8}\x{5B9A}\x{3092}\x{5FD8}\x{308C}\x{308B}\x{3072}\x{307E}\x{304C}\x{306A}\x{3044}\x{3002}"
            text run at (1461,0) width 80: "\x{30B7}\x{30A7}\x{30EC}\x{30FC}\x{304C}"
          RenderRuby (inline) {RUBY} at (0,0) size 19x32
            RenderRubyRun (anonymous) at (1461,80) size 20x32
              RenderRubyText {RT} at (-11,0) size 12x32
                RenderText {#text} at (0,0) size 11x32
                  text run at (0,0) width 31: "\x{3072}\x{3070}\x{308A}"
              RenderRubyBase (anonymous) at (0,0) size 20x32
                RenderInline {RB} at (0,0) size 19x32
                  RenderText {#text} at (0,0) size 19x32
                    text run at (0,0) width 32: "\x{96F2}\x{96C0}"
          RenderText {#text} at (1461,112) size 19x256
            text run at (1461,112) width 256: "\x{3092}\x{805E}\x{3044}\x{3066}\x{5606}\x{606F}\x{3057}\x{305F}\x{306E}\x{3082}\x{7121}\x{7406}\x{306F}\x{306A}\x{3044}\x{3002}"
          RenderBR {BR} at (1461,368) size 19x0
          RenderText {#text} at (1491,0) size 19x160
            text run at (1491,0) width 160: "\x{3000}\x{3046}\x{308C}\x{3057}\x{3044}\x{4E8B}\x{306B}\x{6771}\x{6D0B}\x{306E}"
          RenderRuby (inline) {RUBY} at (0,0) size 19x32
            RenderRubyRun (anonymous) at (1491,160) size 20x32
              RenderRubyText {RT} at (-11,0) size 12x32
                RenderText {#text} at (0,0) size 11x32
                  text run at (0,0) width 31: "\x{3057}\x{3044}\x{304B}"
              RenderRubyBase (anonymous) at (0,0) size 20x32
                RenderInline {RB} at (0,0) size 19x32
                  RenderText {#text} at (0,0) size 19x32
                    text run at (0,0) width 32: "\x{8A69}\x{6B4C}"
          RenderText {#text} at (1491,192) size 19x64
            text run at (1491,192) width 64: "\x{306F}\x{305D}\x{3053}\x{3092}"
          RenderRuby (inline) {RUBY} at (0,0) size 19x32
            RenderRubyRun (anonymous) at (1491,256) size 20x32
              RenderRubyText {RT} at (-11,0) size 12x32
                RenderText {#text} at (0,0) size 11x32
                  text run at (0,0) width 31: "\x{3052}\x{3060}\x{3064}"
              RenderRubyBase (anonymous) at (0,0) size 20x32
                RenderInline {RB} at (0,0) size 19x32
                  RenderText {#text} at (0,0) size 19x32
                    text run at (0,0) width 32: "\x{89E3}\x{8131}"
          RenderText {#text} at (1491,288) size 19x112
            text run at (1491,288) width 112: "\x{3057}\x{305F}\x{306E}\x{304C}\x{3042}\x{308B}\x{3002}"
          RenderRuby (inline) {RUBY} at (0,0) size 19x42
            RenderRubyRun (anonymous) at (1491,397) size 20x45
              RenderRubyText {RT} at (-11,0) size 12x45
                RenderText {#text} at (0,0) size 11x45
                  text run at (0,0) width 45: "\x{304D}\x{304F}\x{3092}\x{3068}\x{308B}"
              RenderRubyBase (anonymous) at (0,0) size 20x45
                RenderInline {RB} at (0,0) size 19x39
                  RenderText {#text} at (0,3) size 19x39
                    text run at (0,3) width 39: "\x{63A1}\x{83CA}"
          RenderRuby (inline) {RUBY} at (0,0) size 19x54
            RenderRubyRun (anonymous) at (1491,442) size 20x54
              RenderRubyText {RT} at (-11,0) size 12x54
                RenderText {#text} at (0,0) size 11x54
                  text run at (0,0) width 54: "\x{3068}\x{3046}\x{308A}\x{306E}\x{3082}\x{3068}"
              RenderRubyBase (anonymous) at (0,0) size 20x54
                RenderInline {RB} at (0,0) size 19x52
                  RenderText {#text} at (0,1) size 19x52
                    text run at (0,1) width 52: "\x{6771}\x{7C6C}\x{4E0B}"
          RenderText {#text} at (1521,0) size 19x16
            text run at (1521,0) width 16: "\x{3001}"
          RenderRuby (inline) {RUBY} at (0,0) size 19x59
            RenderRubyRun (anonymous) at (1521,12) size 20x63
              RenderRubyText {RT} at (-11,0) size 12x63
                RenderText {#text} at (0,0) size 11x63
                  text run at (0,0) width 63: "\x{3086}\x{3046}\x{305C}\x{3093}\x{3068}\x{3057}\x{3066}"
              RenderRubyBase (anonymous) at (0,0) size 20x63
                RenderInline {RB} at (0,0) size 19x49
                  RenderText {#text} at (0,7) size 19x49
                    text run at (0,7) width 48: "\x{60A0}\x{7136}"
          RenderRuby (inline) {RUBY} at (0,0) size 19x61
            RenderRubyRun (anonymous) at (1521,75) size 20x63
              RenderRubyText {RT} at (-11,0) size 12x63
                RenderText {#text} at (0,0) size 11x63
                  text run at (0,0) width 63: "\x{306A}\x{3093}\x{3056}\x{3093}\x{3092}\x{307F}\x{308B}"
              RenderRubyBase (anonymous) at (0,0) size 20x63
                RenderInline {RB} at (0,0) size 19x59
                  RenderText {#text} at (0,2) size 19x59
                    text run at (0,2) width 58: "\x{898B}\x{5357}\x{5C71}"
          RenderText {#text} at (1521,136) size 19x128
            text run at (1521,136) width 128: "\x{3002}\x{305F}\x{3060}\x{305D}\x{308C}\x{304E}\x{308A}\x{306E}"
          RenderRuby (inline) {RUBY} at (0,0) size 19x16
            RenderRubyRun (anonymous) at (1521,263) size 20x18
              RenderRubyText {RT} at (-11,0) size 12x18
                RenderText {#text} at (0,0) size 11x18
                  text run at (0,0) width 18: "\x{3046}\x{3061}"
              RenderRubyBase (anonymous) at (0,0) size 20x18
                RenderInline {RB} at (0,0) size 19x16
                  RenderText {#text} at (0,1) size 19x16
                    text run at (0,1) width 16: "\x{88CF}"
          RenderText {#text} at (1521,280) size 49x504
            text run at (1521,280) width 224: "\x{306B}\x{6691}\x{82E6}\x{3057}\x{3044}\x{4E16}\x{306E}\x{4E2D}\x{3092}\x{307E}\x{308B}\x{3067}\x{5FD8}\x{308C}"
            text run at (1551,0) width 304: "\x{305F}\x{5149}\x{666F}\x{304C}\x{51FA}\x{3066}\x{304F}\x{308B}\x{3002}\x{57A3}\x{306E}\x{5411}\x{3046}\x{306B}\x{96A3}\x{308A}\x{306E}\x{5A18}\x{304C}"
          RenderRuby (inline) {RUBY} at (0,0) size 19x16
            RenderRubyRun (anonymous) at (1551,303) size 20x18
              RenderRubyText {RT} at (-11,0) size 12x18
                RenderText {#text} at (0,0) size 11x18
                  text run at (0,0) width 18: "\x{306E}\x{305E}"
              RenderRubyBase (anonymous) at (0,0) size 20x18
                RenderInline {RB} at (0,0) size 19x16
                  RenderText {#text} at (0,1) size 19x16
                    text run at (0,1) width 16: "\x{8997}"
          RenderText {#text} at (1551,320) size 19x176
            text run at (1551,320) width 176: "\x{3044}\x{3066}\x{308B}\x{8A33}\x{3067}\x{3082}\x{306A}\x{3051}\x{308C}\x{3070}\x{3001}"
          RenderRuby (inline) {RUBY} at (0,0) size 19x35
            RenderRubyRun (anonymous) at (1581,0) size 20x36
              RenderRubyText {RT} at (-11,0) size 12x36
                RenderText {#text} at (0,0) size 11x36
                  text run at (0,0) width 36: "\x{306A}\x{3093}\x{3056}\x{3093}"
              RenderRubyBase (anonymous) at (0,0) size 20x36
                RenderInline {RB} at (0,0) size 19x34
                  RenderText {#text} at (0,1) size 19x34
                    text run at (0,1) width 34: "\x{5357}\x{5C71}"
          RenderText {#text} at (1581,35) size 19x320
            text run at (1581,35) width 320: "\x{306B}\x{89AA}\x{53CB}\x{304C}\x{5949}\x{8077}\x{3057}\x{3066}\x{3044}\x{308B}\x{6B21}\x{7B2C}\x{3067}\x{3082}\x{306A}\x{3044}\x{3002}\x{8D85}\x{7136}\x{3068}"
          RenderRuby (inline) {RUBY} at (0,0) size 19x70
            RenderRubyRun (anonymous) at (1581,354) size 20x72
              RenderRubyText {RT} at (-11,0) size 12x72
                RenderText {#text} at (0,0) size 11x72
                  text run at (0,0) width 72: "\x{3057}\x{3085}\x{3063}\x{305B}\x{3051}\x{3093}\x{3066}\x{304D}"
              RenderRubyBase (anonymous) at (0,0) size 20x72
                RenderInline {RB} at (0,0) size 19x70
                  RenderText {#text} at (0,1) size 19x70
                    text run at (0,1) width 70: "\x{51FA}\x{4E16}\x{9593}\x{7684}"
          RenderText {#text} at (1581,425) size 49x489
            text run at (1581,425) width 64: "\x{306B}\x{5229}\x{5BB3}\x{640D}"
            text run at (1611,0) width 272: "\x{5F97}\x{306E}\x{6C57}\x{3092}\x{6D41}\x{3057}\x{53BB}\x{3063}\x{305F}\x{5FC3}\x{6301}\x{3061}\x{306B}\x{306A}\x{308C}\x{308B}\x{3002}"
          RenderRuby (inline) {RUBY} at (0,0) size 19x23
            RenderRubyRun (anonymous) at (1611,268) size 20x27
              RenderRubyText {RT} at (-11,0) size 12x27
                RenderText {#text} at (0,0) size 11x27
                  text run at (0,0) width 27: "\x{3072}\x{3068}\x{308A}"
              RenderRubyBase (anonymous) at (0,0) size 20x27
                RenderInline {RB} at (0,0) size 19x17
                  RenderText {#text} at (0,5) size 19x17
                    text run at (0,5) width 16: "\x{72EC}"
          RenderRuby (inline) {RUBY} at (0,0) size 19x87
            RenderRubyRun (anonymous) at (1611,295) size 20x90
              RenderRubyText {RT} at (-11,0) size 12x90
                RenderText {#text} at (0,0) size 11x90
                  text run at (0,0) width 90: "\x{3086}\x{3046}\x{3053}\x{3046}\x{306E}\x{3046}\x{3061}\x{306B}\x{3056}\x{3057}"
              RenderRubyBase (anonymous) at (0,0) size 20x90
                RenderInline {RB} at (0,0) size 19x84
                  RenderText {#text} at (0,3) size 19x84
                    text run at (0,3) width 84: "\x{5750}\x{5E7D}\x{7BC1}\x{88CF}"
          RenderText {#text} at (1611,382) size 19x16
            text run at (1611,382) width 16: "\x{3001}"
          RenderRuby (inline) {RUBY} at (0,0) size 19x59
            RenderRubyRun (anonymous) at (1611,394) size 20x63
              RenderRubyText {RT} at (-11,0) size 12x63
                RenderText {#text} at (0,0) size 11x63
                  text run at (0,0) width 63: "\x{304D}\x{3093}\x{3092}\x{3060}\x{3093}\x{3058}\x{3066}"
              RenderRubyBase (anonymous) at (0,0) size 20x63
                RenderInline {RB} at (0,0) size 19x49
                  RenderText {#text} at (0,7) size 19x49
                    text run at (0,7) width 48: "\x{5F3E}\x{7434}"
          RenderRuby (inline) {RUBY} at (0,0) size 19x77
            RenderRubyRun (anonymous) at (1641,0) size 20x81
              RenderRubyText {RT} at (-11,0) size 12x81
                RenderText {#text} at (0,0) size 11x81
                  text run at (0,0) width 81: "\x{307E}\x{305F}\x{3061}\x{3087}\x{3046}\x{3057}\x{3087}\x{3046}\x{3059}"
              RenderRubyBase (anonymous) at (0,0) size 20x81
                RenderInline {RB} at (0,0) size 19x71
                  RenderText {#text} at (0,5) size 19x71
                    text run at (0,5) width 70: "\x{5FA9}\x{9577}\x{562F}"
          RenderText {#text} at (1641,77) size 19x16
            text run at (1641,77) width 16: "\x{3001}"
          RenderRuby (inline) {RUBY} at (0,0) size 19x35
            RenderRubyRun (anonymous) at (1641,92) size 20x36
              RenderRubyText {RT} at (-11,0) size 12x36
                RenderText {#text} at (0,0) size 11x36
                  text run at (0,0) width 36: "\x{3057}\x{3093}\x{308A}\x{3093}"
              RenderRubyBase (anonymous) at (0,0) size 20x36
                RenderInline {RB} at (0,0) size 19x34
                  RenderText {#text} at (0,1) size 19x34
                    text run at (0,1) width 34: "\x{6DF1}\x{6797}"
          RenderRuby (inline) {RUBY} at (0,0) size 19x48
            RenderRubyRun (anonymous) at (1641,128) size 20x48
              RenderRubyText {RT} at (-11,0) size 12x48
                RenderText {#text} at (0,0) size 11x48
                  text run at (0,0) width 48: "\x{3072}\x{3068}\x{3057}\x{3089}\x{305A}"
              RenderRubyBase (anonymous) at (0,0) size 20x48
                RenderInline {RB} at (0,0) size 19x48
                  RenderText {#text} at (0,0) size 19x48
                    text run at (0,0) width 48: "\x{4EBA}\x{4E0D}\x{77E5}"
          RenderText {#text} at (1641,176) size 19x16
            text run at (1641,176) width 16: "\x{3001}"
          RenderRuby (inline) {RUBY} at (0,0) size 19x68
            RenderRubyRun (anonymous) at (1641,188) size 20x72
              RenderRubyText {RT} at (-11,0) size 12x72
                RenderText {#text} at (0,0) size 11x72
                  text run at (0,0) width 72: "\x{3081}\x{3044}\x{3052}\x{3064}\x{304D}\x{305F}\x{308A}\x{3066}"
              RenderRubyBase (anonymous) at (0,0) size 20x72
                RenderInline {RB} at (0,0) size 19x64
                  RenderText {#text} at (0,4) size 19x64
                    text run at (0,4) width 64: "\x{660E}\x{6708}\x{6765}"
          RenderRuby (inline) {RUBY} at (0,0) size 19x42
            RenderRubyRun (anonymous) at (1641,260) size 20x45
              RenderRubyText {RT} at (-11,0) size 12x45
                RenderText {#text} at (0,0) size 11x45
                  text run at (0,0) width 45: "\x{3042}\x{3044}\x{3066}\x{3089}\x{3059}"
              RenderRubyBase (anonymous) at (0,0) size 20x45
                RenderInline {RB} at (0,0) size 19x39
                  RenderText {#text} at (0,3) size 19x39
                    text run at (0,3) width 39: "\x{76F8}\x{7167}"
          RenderText {#text} at (1641,302) size 19x160
            text run at (1641,302) width 160: "\x{3002}\x{305F}\x{3060}\x{4E8C}\x{5341}\x{5B57}\x{306E}\x{3046}\x{3061}\x{306B}"
          RenderRuby (inline) {RUBY} at (0,0) size 19x16
            RenderRubyRun (anonymous) at (1641,461) size 20x18
              RenderRubyText {RT} at (-11,0) size 12x18
                RenderText {#text} at (0,0) size 11x18
                  text run at (0,0) width 18: "\x{3086}\x{3046}"
              RenderRubyBase (anonymous) at (0,0) size 20x18
                RenderInline {RB} at (0,0) size 19x16
                  RenderText {#text} at (0,1) size 19x16
                    text run at (0,1) width 16: "\x{512A}"
          RenderText {#text} at (1641,478) size 19x16
            text run at (1641,478) width 16: "\x{306B}"
          RenderRuby (inline) {RUBY} at (0,0) size 19x53
            RenderRubyRun (anonymous) at (1671,0) size 20x54
              RenderRubyText {RT} at (-11,0) size 12x54
                RenderText {#text} at (0,0) size 11x54
                  text run at (0,0) width 54: "\x{3079}\x{3064}\x{3051}\x{3093}\x{3053}\x{3093}"
              RenderRubyBase (anonymous) at (0,0) size 20x54
                RenderInline {RB} at (0,0) size 19x52
                  RenderText {#text} at (0,1) size 19x52
                    text run at (0,1) width 52: "\x{5225}\x{4E7E}\x{5764}"
          RenderText {#text} at (1671,53) size 19x16
            text run at (1671,53) width 16: "\x{3092}"
          RenderRuby (inline) {RUBY} at (0,0) size 19x39
            RenderRubyRun (anonymous) at (1671,66) size 20x45
              RenderRubyText {RT} at (-11,0) size 12x45
                RenderText {#text} at (0,0) size 11x45
                  text run at (0,0) width 45: "\x{3053}\x{3093}\x{308A}\x{3085}\x{3046}"
              RenderRubyBase (anonymous) at (0,0) size 20x45
                RenderInline {RB} at (0,0) size 19x39
                  RenderText {#text} at (0,3) size 19x39
                    text run at (0,3) width 39: "\x{5EFA}\x{7ACB}"
          RenderText {#text} at (1671,108) size 19x160
            text run at (1671,108) width 160: "\x{3057}\x{3066}\x{3044}\x{308B}\x{3002}\x{3053}\x{306E}\x{4E7E}\x{5764}\x{306E}"
          RenderRuby (inline) {RUBY} at (0,0) size 19x32
            RenderRubyRun (anonymous) at (1671,268) size 20x32
              RenderRubyText {RT} at (-11,0) size 12x32
                RenderText {#text} at (0,0) size 11x32
                  text run at (0,0) width 31: "\x{304F}\x{3069}\x{304F}"
              RenderRubyBase (anonymous) at (0,0) size 20x32
                RenderInline {RB} at (0,0) size 19x32
                  RenderText {#text} at (0,0) size 19x32
                    text run at (0,0) width 32: "\x{529F}\x{5FB3}"
          RenderText {#text} at (1671,300) size 19x32
            text run at (1671,300) width 32: "\x{306F}\x{300C}"
          RenderRuby (inline) {RUBY} at (0,0) size 19x48
            RenderRubyRun (anonymous) at (1671,332) size 20x48
              RenderRubyText {RT} at (-11,0) size 12x48
                RenderText {#text} at (0,0) size 11x48
                  text run at (0,0) width 48: "\x{307B}\x{3068}\x{3068}\x{304E}\x{3059}"
              RenderRubyBase (anonymous) at (0,0) size 20x48
                RenderInline {RB} at (0,0) size 19x48
                  RenderText {#text} at (0,0) size 19x48
                    text run at (0,0) width 48: "\x{4E0D}\x{5982}\x{5E30}"
          RenderText {#text} at (1671,380) size 19x48
            text run at (1671,380) width 48: "\x{300D}\x{3084}\x{300C}"
          RenderRuby (inline) {RUBY} at (0,0) size 19x64
            RenderRubyRun (anonymous) at (1671,428) size 20x64
              RenderRubyText {RT} at (-11,0) size 12x64
                RenderText {#text} at (0,0) size 11x64
                  text run at (0,0) width 64: "\x{3053}\x{3093}\x{3058}\x{304D}\x{3084}\x{3057}\x{3083}"
              RenderRubyBase (anonymous) at (0,0) size 20x64
                RenderInline {RB} at (0,0) size 19x64
                  RenderText {#text} at (0,0) size 19x64
                    text run at (0,0) width 64: "\x{91D1}\x{8272}\x{591C}\x{53C9}"
          RenderText {#text} at (1691,0) size 49x496
            text run at (1691,0) width 496: "\x{300D}\x{306E}\x{529F}\x{5FB3}\x{3067}\x{306F}\x{306A}\x{3044}\x{3002}\x{6C7D}\x{8239}\x{3001}\x{6C7D}\x{8ECA}\x{3001}\x{6A29}\x{5229}\x{3001}\x{7FA9}\x{52D9}\x{3001}\x{9053}\x{5FB3}\x{3001}\x{793C}\x{7FA9}\x{3067}\x{75B2}\x{308C}\x{679C}\x{3066}"
            text run at (1721,0) width 16: "\x{305F}"
          RenderRuby (inline) {RUBY} at (0,0) size 19x16
            RenderRubyRun (anonymous) at (1721,15) size 20x18
              RenderRubyText {RT} at (-11,0) size 12x18
                RenderText {#text} at (0,0) size 11x18
                  text run at (0,0) width 18: "\x{306E}\x{3061}"
              RenderRubyBase (anonymous) at (0,0) size 20x18
                RenderInline {RB} at (0,0) size 19x16
                  RenderText {#text} at (0,1) size 19x16
                    text run at (0,1) width 16: "\x{5F8C}"
          RenderText {#text} at (1721,32) size 19x416
            text run at (1721,32) width 416: "\x{306B}\x{3001}\x{3059}\x{3079}\x{3066}\x{3092}\x{5FD8}\x{5374}\x{3057}\x{3066}\x{3050}\x{3063}\x{3059}\x{308A}\x{5BDD}\x{8FBC}\x{3080}\x{3088}\x{3046}\x{306A}\x{529F}\x{5FB3}\x{3067}\x{3042}\x{308B}\x{3002}"
          RenderBR {BR} at (1721,448) size 19x0
