layer at (0,0) size 800x600
  RenderView at (0,0) size 800x600
layer at (0,0) size 800x600
  RenderBlock {HTML} at (0,0) size 800x600
    RenderBody {BODY} at (8,8) size 784x584
      RenderBlock {P} at (0,0) size 784x18
        RenderText {#text} at (0,0) size 554x17
          text run at (0,0) width 252: "This tests for an infinite loop on Paste. "
          text run at (251,0) width 303: "You should see 'Hello: ' and then an input field."
      RenderBlock {DIV} at (0,34) size 784x24
        RenderText {#text} at (0,3) size 36x17
          text run at (0,3) width 36: "Hello"
        RenderTextControl {INPUT} at (35,0) size 193x24 [bgcolor=#FFFFFF] [border: (2px inset #000000)]
        RenderText {#text} at (227,3) size 5x17
          text run at (227,3) width 5: ":"
layer at (47,45) size 186x18
  RenderBlock {DIV} at (3,3) size 186x18
caret: position 1 of child 1 {INPUT} of child 2 {DIV} of body
