layer at (0,0) size 800x600
  RenderView at (0,0) size 800x600
layer at (0,0) size 800x600
  RenderBlock {HTML} at (0,0) size 800x600
    RenderBody {BODY} at (8,8) size 784x584
      RenderBlock {P} at (0,0) size 784x36
        RenderText {#text} at (0,0) size 776x35
          text run at (0,0) width 408: "This tests smart paste of a fragment that ends in a select element. "
          text run at (408,0) width 368: "There should be spaces added before and after the inserted"
          text run at (0,18) width 50: "content."
      RenderBlock {DIV} at (0,52) size 784x34
        RenderMenuList {SELECT} at (2,2) size 37x30 [bgcolor=#FFFFFF] [border: (1px solid #000000)]
          RenderBlock (anonymous) at (1,1) size 35x28
            RenderText at (5,5) size 9x17
              text run at (5,5) width 9: "1"
      RenderBlock {DIV} at (0,86) size 784x34
        RenderText {#text} at (0,8) size 12x17
          text run at (0,8) width 12: "x "
        RenderMenuList {SELECT} at (14,2) size 37x30 [bgcolor=#FFFFFF] [border: (1px solid #000000)]
          RenderBlock (anonymous) at (1,1) size 35x28
            RenderText at (5,5) size 9x17
              text run at (5,5) width 9: "1"
        RenderText {#text} at (53,8) size 12x17
          text run at (53,8) width 12: " x"
caret: position 1 of child 2 {#text} of child 4 {DIV} of body
