layer at (0,0) size 800x600
  RenderView at (0,0) size 800x600
layer at (0,0) size 800x600
  RenderBlock {HTML} at (0,0) size 800x600
    RenderBody {BODY} at (8,8) size 784x584
      RenderBlock {P} at (0,0) size 784x36
        RenderText {#text} at (0,0) size 779x35
          text run at (0,0) width 491: "This tests to see if dragging an image is a move drag by default (it should be). "
          text run at (491,0) width 288: "You should only see one picture and it should"
          text run at (0,18) width 200: "be somewhere near the middle. "
        RenderInline {B} at (200,18) size 492x17
          RenderText {#text} at (200,18) size 492x17
            text run at (200,18) width 492: "This demonstrates a bug, the ghost of the drag caret is left after the drop."
      RenderBlock {DIV} at (0,52) size 784x107
        RenderText {#text} at (0,89) size 80x17
          text run at (0,89) width 80: "xxxxxxxxxx"
        RenderImage {IMG} at (80,0) size 76x103
        RenderText {#text} at (0,0) size 0x0
selection start: position 0 of child 1 {IMG} of child 2 {DIV} of body
selection end:   position 1 of child 1 {IMG} of child 2 {DIV} of body
