layer at (0,0) size 800x600
  RenderView at (0,0) size 800x600
layer at (0,0) size 800x600
  RenderBlock {HTML} at (0,0) size 800x600
    RenderBody {BODY} at (8,8) size 784x584
      RenderText {#text} at (0,0) size 785x55
        text run at (0,0) width 412: "All the text here should be the same size."
        text run at (412,0) width 6: " "
        text run at (418,0) width 367: "All the text here should be the same "
        text run at (0,28) width 45: "size."
        text run at (45,28) width 6: " "
      RenderText {#text} at (0,0) size 0x0
caret: position 87 of child 0 {#text} of body
