layer at (0,0) size 800x600
  RenderView at (0,0) size 800x600
layer at (0,0) size 800x600
  RenderBlock {HTML} at (0,0) size 800x600
    RenderBody {BODY} at (8,8) size 784x584
      RenderBlock {P} at (0,0) size 784x18
        RenderText {#text} at (0,0) size 553x17
          text run at (0,0) width 553: "This tests for a bug where copied links wouldn't be pasted as links at certain positions."
      RenderBlock {DIV} at (0,34) size 784x36
        RenderBlock (anonymous) at (0,0) size 784x18
          RenderText {#text} at (0,0) size 163x17
            text run at (0,0) width 163: "This should be plain text."
        RenderBlock {DIV} at (0,18) size 784x18
          RenderText {#text} at (0,0) size 163x17
            text run at (0,0) width 163: "This should be plain text."
          RenderInline {A} at (0,0) size 139x17 [color=#0000EE]
            RenderText {#text} at (162,0) size 139x17
              text run at (162,0) width 139: "This should be a link."
caret: position 22 of child 0 {#text} of child 1 {A} of child 1 {DIV} of child 2 {DIV} of body
