layer at (0,0) size 800x600
  RenderView at (0,0) size 800x600
layer at (0,0) size 800x600
  RenderBlock {HTML} at (0,0) size 800x600
    RenderBody {BODY} at (8,8) size 784x584
      RenderBlock {P} at (0,0) size 784x18
        RenderText {#text} at (0,0) size 513x17
          text run at (0,0) width 513: "This tests that inherited block properties do not propigate to the editing style span."
      RenderBlock {DIV} at (50,34) size 734x18
        RenderText {#text} at (267,0) size 150x17
          text run at (267,0) width 150: "Some text that is bold."
      RenderBlock {DIV} at (0,52) size 784x36
        RenderBlock (anonymous) at (0,0) size 784x18
          RenderText {#text} at (0,0) size 108x17
            text run at (0,0) width 108: "Some text that is "
          RenderInline {SPAN} at (0,0) size 34x17
            RenderText {#text} at (108,0) size 34x17
              text run at (108,0) width 34: "bold."
        RenderBlock {DIV} at (0,18) size 784x18
          RenderInline {SPAN} at (0,0) size 393x17
            RenderText {#text} at (0,0) size 393x17
              text run at (0,0) width 393: "This text should bold and left justified with \"Some text...\"."
caret: position 61 of child 0 {#text} of child 0 {SPAN} of child 2 {DIV} of child 4 {DIV} of body
