layer at (0,0) size 800x600
  RenderView at (0,0) size 800x600
layer at (0,0) size 800x600
  RenderBlock {HTML} at (0,0) size 800x600
    RenderBody {BODY} at (8,8) size 784x584
      RenderBlock {P} at (0,0) size 784x36
        RenderText {#text} at (0,0) size 719x35
          text run at (0,0) width 407: "This tests for a bug where a copied link wouldn't paste as a link. "
          text run at (407,0) width 312: "Both editable regions below should contain a link"
          text run at (0,18) width 104: "\"Hello\\nWorld\"."
      RenderBlock {DIV} at (0,52) size 784x36
        RenderInline {A} at (0,0) size 39x35 [color=#0000EE]
          RenderText {#text} at (0,0) size 35x17
            text run at (0,0) width 35: "Hello"
          RenderBR {BR} at (35,0) size 0x17
          RenderText {#text} at (0,18) size 39x17
            text run at (0,18) width 39: "World"
        RenderText {#text} at (0,0) size 0x0
      RenderBlock {DIV} at (0,88) size 784x36
        RenderInline {A} at (0,0) size 39x35 [color=#0000EE]
          RenderText {#text} at (0,0) size 35x17
            text run at (0,0) width 35: "Hello"
          RenderBR {BR} at (35,0) size 0x17
          RenderText {#text} at (0,18) size 39x17
            text run at (0,18) width 39: "World"
caret: position 5 of child 2 {#text} of child 0 {A} of child 4 {DIV} of body
