EDITING DELEGATE: shouldBeginEditingInDOMRange:range from 0 of DIV > BODY > HTML > #document to 2 of DIV > BODY > HTML > #document
EDITING DELEGATE: webViewDidBeginEditing:WebViewDidBeginEditingNotification
EDITING DELEGATE: webViewDidChangeSelection:WebViewDidChangeSelectionNotification
EDITING DELEGATE: webViewDidChangeSelection:WebViewDidChangeSelectionNotification
layer at (0,0) size 800x600
  RenderView at (0,0) size 800x600
layer at (0,0) size 800x600
  RenderBlock {HTML} at (0,0) size 800x600
    RenderBody {BODY} at (8,8) size 784x584
      RenderBlock {P} at (0,0) size 784x36
        RenderText {#text} at (0,0) size 719x35
          text run at (0,0) width 719: "This tests non-smartmove drag/drop. The space should be deleted on move, but not reinserted on drop, resulting in"
          text run at (0,18) width 86: "\"worldhello\"."
      RenderBlock {DIV} at (0,52) size 784x18
        RenderInline {SPAN} at (0,0) size 31x17
          RenderText {#text} at (0,0) size 31x17
            text run at (0,0) width 31: "hello"
        RenderText {#text} at (31,0) size 41x17
          text run at (31,0) width 41: " world"
selection start: position 0 of child 0 {#text} of child 0 {SPAN} of child 3 {DIV} of body
selection end:   position 5 of child 0 {#text} of child 0 {SPAN} of child 3 {DIV} of body
