layer at (0,0) size 800x600
  RenderView at (0,0) size 800x600
layer at (0,0) size 800x600
  RenderBlock {HTML} at (0,0) size 800x600
    RenderBody {BODY} at (0,0) size 800x584
      RenderBlock {DIV} at (0,0) size 302x122 [border: (1px solid #000000)]
      RenderBlock (anonymous) at (0,122) size 800x103
        RenderImage {IMG} at (0,0) size 76x103
        RenderText {#text} at (0,0) size 0x0
      RenderBlock {UL} at (0,241) size 800x18
        RenderListItem {LI} at (40,0) size 760x18
          RenderListMarker at (-17,0) size 7x17: bullet
          RenderText {#text} at (0,0) size 409x17
            text run at (0,0) width 409: "Abe should appear twice, once inside the div and once outside it."
