layer at (0,0) size 800x600
  RenderView at (0,0) size 800x600
layer at (0,0) size 800x600
  RenderBlock {HTML} at (0,0) size 800x600
    RenderBody {BODY} at (8,8) size 784x584
      RenderBlock {P} at (0,0) size 784x18
        RenderText {#text} at (0,0) size 362x17
          text run at (0,0) width 362: "This tests pasting a blockquote after another blockquote."
      RenderBlock {DIV} at (0,34) size 784x36
        RenderBlock {BLOCKQUOTE} at (0,0) size 784x18 [color=#0000FF] [border: none (2px solid #0000FF)]
          RenderText {#text} at (22,0) size 42x17
            text run at (22,0) width 42: "Line 1"
        RenderBlock {BLOCKQUOTE} at (0,18) size 784x18 [color=#0000FF] [border: none (2px solid #0000FF)]
          RenderText {#text} at (22,0) size 42x17
            text run at (22,0) width 42: "Line 2"
caret: position 6 of child 0 {#text} of child 1 {BLOCKQUOTE} of child 2 {DIV} of body
