EDITING DELEGATE: shouldBeginEditingInDOMRange:range from 0 of DIV > BODY > HTML > #document to 3 of DIV > BODY > HTML > #document
EDITING DELEGATE: webViewDidBeginEditing:WebViewDidBeginEditingNotification
EDITING DELEGATE: webViewDidChangeSelection:WebViewDidChangeSelectionNotification
EDITING DELEGATE: webViewDidChangeSelection:WebViewDidChangeSelectionNotification
EDITING DELEGATE: webViewDidChangeSelection:WebViewDidChangeSelectionNotification
EDITING DELEGATE: webViewDidChangeSelection:WebViewDidChangeSelectionNotification
EDITING DELEGATE: webViewDidChangeSelection:WebViewDidChangeSelectionNotification
EDITING DELEGATE: shouldInsertNode:#document-fragment replacingDOMRange:range from 3 of #text > DIV > DIV > DIV > BODY > HTML > #document to 0 of DIV > DIV > DIV > BODY > HTML > #document givenAction:WebViewInsertActionPasted
EDITING DELEGATE: shouldChangeSelectedDOMRange:range from 3 of #text > DIV > DIV > DIV > BODY > HTML > #document to 0 of DIV > DIV > DIV > BODY > HTML > #document toDOMRange:range from 0 of DIV > DIV > DIV > BODY > HTML > #document to 0 of DIV > DIV > DIV > BODY > HTML > #document affinity:NSSelectionAffinityDownstream stillSelecting:FALSE
EDITING DELEGATE: webViewDidChangeSelection:WebViewDidChangeSelectionNotification
EDITING DELEGATE: webViewDidChange:WebViewDidChangeNotification
layer at (0,0) size 800x600
  RenderView at (0,0) size 800x600
layer at (0,0) size 800x600
  RenderBlock {HTML} at (0,0) size 800x600
    RenderBody {BODY} at (8,8) size 784x584
      RenderBlock {DIV} at (0,0) size 784x260 [border: (2px solid #0000FF)]
        RenderBlock {DIV} at (14,14) size 756x81
          RenderText {#text} at (0,0) size 59x26
            text run at (0,0) width 59: "Tests:"
          RenderBR {BR} at (58,0) size 1x26
          RenderText {#text} at (0,27) size 113x26
            text run at (0,27) width 113: "Bug fix for "
          RenderInline {A} at (112,27) size 261x26 [color=#0000EE]
            RenderText {#text} at (112,27) size 261x26
              text run at (112,27) width 261: "<rdar://problem/4038267>"
          RenderText {#text} at (0,27) size 747x53
            text run at (372,27) width 375: " REGRESSION (Mail): Crash copying"
            text run at (0,54) width 287: "and pasting end of paragraph."
        RenderBlock {DIV} at (14,111) size 756x135
          RenderBlock (anonymous) at (0,0) size 756x81
            RenderText {#text} at (0,0) size 183x26
              text run at (0,0) width 183: "Expected Results:"
            RenderBR {BR} at (182,0) size 1x26
            RenderText {#text} at (0,27) size 732x53
              text run at (0,27) width 732: "Should see this content in the red box below (insertion point must be on the"
              text run at (0,54) width 308: "second line, right before \"bar\"):"
          RenderBlock {DIV} at (0,81) size 756x27
            RenderText {#text} at (0,0) size 32x26
              text run at (0,0) width 32: "foo"
          RenderBlock {DIV} at (0,108) size 756x27
            RenderText {#text} at (0,0) size 31x26
              text run at (0,0) width 31: "bar"
      RenderBlock {DIV} at (0,284) size 784x58
        RenderBlock {DIV} at (0,0) size 784x58 [border: (2px solid #FF0000)]
          RenderBlock {DIV} at (2,2) size 780x27
            RenderText {#text} at (0,0) size 32x26
              text run at (0,0) width 32: "foo"
          RenderBlock {DIV} at (2,29) size 780x27
            RenderText {#text} at (0,0) size 31x26
              text run at (0,0) width 31: "bar"
caret: position 0 of child 0 {#text} of child 2 {DIV} of child 1 {DIV} of child 3 {DIV} of body
