EDITING DELEGATE: shouldBeginEditingInDOMRange:range from 0 of DIV > BODY > HTML > #document to 3 of DIV > BODY > HTML > #document
EDITING DELEGATE: webViewDidBeginEditing:WebViewDidBeginEditingNotification
EDITING DELEGATE: webViewDidChangeSelection:WebViewDidChangeSelectionNotification
EDITING DELEGATE: webViewDidChangeSelection:WebViewDidChangeSelectionNotification
EDITING DELEGATE: webViewDidChangeSelection:WebViewDidChangeSelectionNotification
EDITING DELEGATE: webViewDidChangeSelection:WebViewDidChangeSelectionNotification
EDITING DELEGATE: webViewDidChangeSelection:WebViewDidChangeSelectionNotification
EDITING DELEGATE: webViewDidChangeSelection:WebViewDidChangeSelectionNotification
EDITING DELEGATE: webViewDidChangeSelection:WebViewDidChangeSelectionNotification
EDITING DELEGATE: webViewDidChangeSelection:WebViewDidChangeSelectionNotification
EDITING DELEGATE: webViewDidChangeSelection:WebViewDidChangeSelectionNotification
EDITING DELEGATE: webViewDidChangeSelection:WebViewDidChangeSelectionNotification
EDITING DELEGATE: webViewDidChangeSelection:WebViewDidChangeSelectionNotification
EDITING DELEGATE: shouldInsertNode:#document-fragment replacingDOMRange:range from 9 of #text > DIV > DIV > BODY > HTML > #document to 1 of #text > DIV > DIV > DIV > BODY > HTML > #document givenAction:WebViewInsertActionPasted
EDITING DELEGATE: webViewDidChangeSelection:WebViewDidChangeSelectionNotification
EDITING DELEGATE: shouldChangeSelectedDOMRange:range from 1 of DIV > DIV > BODY > HTML > #document to 8 of #text > DIV > DIV > DIV > BODY > HTML > #document toDOMRange:range from 1 of #text > DIV > DIV > DIV > BODY > HTML > #document to 1 of #text > DIV > DIV > DIV > BODY > HTML > #document affinity:NSSelectionAffinityDownstream stillSelecting:FALSE
EDITING DELEGATE: webViewDidChangeSelection:WebViewDidChangeSelectionNotification
EDITING DELEGATE: webViewDidChange:WebViewDidChangeNotification
layer at (0,0) size 800x600
  RenderView at (0,0) size 800x600
layer at (0,0) size 800x600
  RenderBlock {HTML} at (0,0) size 800x600
    RenderBody {BODY} at (8,8) size 784x584
      RenderBlock {DIV} at (0,0) size 784x233 [border: (2px solid #0000FF)]
        RenderBlock {DIV} at (14,14) size 756x81
          RenderText {#text} at (0,0) size 60x26
            text run at (0,0) width 60: "Tests:"
          RenderBR {BR} at (59,0) size 1x26
          RenderText {#text} at (0,27) size 162x26
            text run at (0,27) width 162: "Fix for this bug: "
          RenderInline {A} at (0,0) size 257x26 [color=#0000EE]
            RenderText {#text} at (161,27) size 257x26
              text run at (161,27) width 257: "<rdar://problem/4045513>"
          RenderText {#text} at (417,27) size 714x53
            text run at (417,27) width 297: " Copying and pasting selection"
            text run at (0,54) width 593: "starting at end of paragraph can incorrectly remove line break"
        RenderBlock {DIV} at (14,111) size 756x108
          RenderText {#text} at (0,0) size 184x26
            text run at (0,0) width 184: "Expected Results:"
          RenderBR {BR} at (183,0) size 1x26
          RenderText {#text} at (0,27) size 750x80
            text run at (0,27) width 750: "Should see two lines of text below, self-documenting themselves as \"line one\""
            text run at (0,54) width 713: "and \"line two\". The insertion point must be after the first character (\"l\") of"
            text run at (0,81) width 104: "\"line two\"."
      RenderBlock {DIV} at (0,257) size 784x58
        RenderBlock {DIV} at (0,0) size 784x58 [border: (2px solid #FF0000)]
          RenderBlock (anonymous) at (2,2) size 780x27
            RenderText {#text} at (0,0) size 77x26
              text run at (0,0) width 77: "line one"
            RenderBR {BR} at (76,0) size 1x26
          RenderBlock {DIV} at (2,29) size 780x27
            RenderText {#text} at (0,0) size 78x26
              text run at (0,0) width 78: "line two"
caret: position 1 of child 0 {#text} of child 2 {DIV} of child 1 {DIV} of child 3 {DIV} of body
