EDITING DELEGATE: shouldBeginEditingInDOMRange:range from 0 of DIV > BODY > HTML > #document to 3 of DIV > BODY > HTML > #document
EDITING DELEGATE: webViewDidBeginEditing:WebViewDidBeginEditingNotification
EDITING DELEGATE: webViewDidChangeSelection:WebViewDidChangeSelectionNotification
EDITING DELEGATE: webViewDidChangeSelection:WebViewDidChangeSelectionNotification
EDITING DELEGATE: webViewDidChangeSelection:WebViewDidChangeSelectionNotification
EDITING DELEGATE: webViewDidChangeSelection:WebViewDidChangeSelectionNotification
EDITING DELEGATE: webViewDidChangeSelection:WebViewDidChangeSelectionNotification
EDITING DELEGATE: webViewDidChangeSelection:WebViewDidChangeSelectionNotification
EDITING DELEGATE: webViewDidChangeSelection:WebViewDidChangeSelectionNotification
EDITING DELEGATE: webViewDidChangeSelection:WebViewDidChangeSelectionNotification
EDITING DELEGATE: webViewDidChangeSelection:WebViewDidChangeSelectionNotification
EDITING DELEGATE: webViewDidChangeSelection:WebViewDidChangeSelectionNotification
EDITING DELEGATE: webViewDidChangeSelection:WebViewDidChangeSelectionNotification
EDITING DELEGATE: shouldInsertNode:#document-fragment replacingDOMRange:range from 8 of #text > DIV > DIV > DIV > DIV > BODY > HTML > #document to 1 of #text > DIV > DIV > DIV > BODY > HTML > #document givenAction:WebViewInsertActionPasted
EDITING DELEGATE: webViewDidChangeSelection:WebViewDidChangeSelectionNotification
EDITING DELEGATE: shouldChangeSelectedDOMRange:range from 8 of #text > DIV > DIV > DIV > DIV > BODY > HTML > #document to 8 of #text > DIV > DIV > DIV > BODY > HTML > #document toDOMRange:range from 1 of #text > DIV > DIV > DIV > BODY > HTML > #document to 1 of #text > DIV > DIV > DIV > BODY > HTML > #document affinity:NSSelectionAffinityDownstream stillSelecting:FALSE
EDITING DELEGATE: webViewDidChangeSelection:WebViewDidChangeSelectionNotification
EDITING DELEGATE: webViewDidChange:WebViewDidChangeNotification
layer at (0,0) size 800x600
  RenderView at (0,0) size 800x600
layer at (0,0) size 800x600
  RenderBlock {HTML} at (0,0) size 800x600
    RenderBody {BODY} at (8,8) size 784x584
      RenderBlock {DIV} at (0,0) size 784x233 [border: (2px solid #0000FF)]
        RenderBlock {DIV} at (14,14) size 756x81
          RenderText {#text} at (0,0) size 65x26
            text run at (0,0) width 65: "Tests: "
          RenderBR {BR} at (0,0) size 0x0
          RenderText {#text} at (0,27) size 162x26
            text run at (0,27) width 162: "Fix for this bug: "
          RenderInline {A} at (0,0) size 261x26 [color=#0000EE]
            RenderText {#text} at (161,27) size 261x26
              text run at (161,27) width 261: "<rdar://problem/4045513>"
          RenderText {#text} at (421,27) size 721x53
            text run at (421,27) width 300: " Copying and pasting selection"
            text run at (0,54) width 601: "starting at end of paragraph can incorrectly remove line break"
        RenderBlock {DIV} at (14,111) size 756x108
          RenderText {#text} at (0,0) size 189x26
            text run at (0,0) width 189: "Expected Results: "
          RenderBR {BR} at (188,0) size 1x26
          RenderText {#text} at (0,27) size 747x80
            text run at (0,27) width 707: "Should see two lines of text below, self-documenting themselves as \"line"
            text run at (0,54) width 747: "one\" and \"line two\". The insertion point must be after the first character (\"l\")"
            text run at (0,81) width 131: "of \"line two\"."
      RenderBlock {DIV} at (0,257) size 784x58
        RenderBlock {DIV} at (0,0) size 784x58 [border: (2px solid #FF0000)]
          RenderBlock {DIV} at (2,2) size 780x54
            RenderBlock {DIV} at (0,0) size 780x27
              RenderText {#text} at (0,0) size 78x26
                text run at (0,0) width 78: "line one"
            RenderBlock (anonymous) at (0,27) size 780x27
              RenderText {#text} at (0,0) size 79x26
                text run at (0,0) width 79: "line two"
caret: position 1 of child 1 {#text} of child 1 {DIV} of child 1 {DIV} of child 3 {DIV} of body
