layer at (0,0) size 858x1194
  RenderView at (0,0) size 785x585
layer at (0,0) size 785x1194
  RenderBlock {HTML} at (0,0) size 785x1195
    RenderBody {BODY} at (8,8) size 769x1179 [bgcolor=#CCCCCC]
      RenderBlock {P} at (0,0) size 769x18
        RenderText {#text} at (0,0) size 363x18
          text run at (0,0) width 363: "The style declarations which apply to the text below are:"
      RenderBlock {PRE} at (0,34) size 769x30
        RenderText {#text} at (0,0) size 851x30
          text run at (0,0) width 851: "BODY {background-image: url(../resources/bg.gif); background-repeat: repeat-x; background-attachment: fixed;}"
          text run at (850,0) width 1: " "
          text run at (0,15) width 0: " "
      RenderBlock {P} at (0,95) size 769x90
        RenderText {#text} at (0,0) size 760x90
          text run at (0,0) width 745: "This document should have a green grid-pattern line across the top of the page (or at least a tiled background) which"
          text run at (0,18) width 237: "does NOT scroll with the document. "
          text run at (236,18) width 524: "It should, instead, appear to be a fixed pattern past which the content scrolls, even"
          text run at (0,36) width 237: "when the end of the page is reached. "
          text run at (236,36) width 501: "In addition, the default Test Suite background should NOT appear, as it's been"
          text run at (0,54) width 250: "overridden by the styles shown above. "
          text run at (249,54) width 510: "I'll have to add a lot of extra text to the page in order to make all this something"
          text run at (0,72) width 149: "we can actually check. "
          text run at (148,72) width 231: "Don't worry, I'll think of something."
      RenderBlock {P} at (0,201) size 769x18
        RenderText {#text} at (0,0) size 517x18
          text run at (0,0) width 425: "In fact, why not the relevant section from the CSS1 specification? "
          text run at (424,0) width 93: "A capital idea."
      RenderBlock {H4} at (0,268) size 769x19
        RenderInline {A} at (0,0) size 222x18
          RenderText {#text} at (0,0) size 222x18
            text run at (0,0) width 222: "5.3.5    'background-attachment'"
        RenderText {#text} at (0,0) size 0x0
      RenderBlock {P} at (0,307) size 769x91
        RenderInline {EM} at (0,0) size 41x18
          RenderText {#text} at (0,0) size 41x18
            text run at (0,0) width 41: "Value:"
        RenderText {#text} at (40,0) size 84x18
          text run at (40,0) width 84: " scroll | fixed"
        RenderBR {BR} at (123,0) size 1x18
        RenderInline {EM} at (0,18) size 45x18
          RenderText {#text} at (0,18) size 45x18
            text run at (0,18) width 45: "Initial:"
        RenderText {#text} at (44,18) size 40x18
          text run at (44,18) width 40: " scroll"
        RenderBR {BR} at (83,18) size 1x18
        RenderInline {EM} at (0,36) size 70x18
          RenderText {#text} at (0,36) size 70x18
            text run at (0,36) width 70: "Applies to:"
        RenderText {#text} at (69,36) size 82x18
          text run at (69,36) width 82: " all elements"
        RenderBR {BR} at (150,36) size 1x18
        RenderInline {EM} at (0,54) size 64x18
          RenderText {#text} at (0,54) size 64x18
            text run at (0,54) width 64: "Inherited:"
        RenderText {#text} at (63,54) size 21x18
          text run at (63,54) width 21: " no"
        RenderBR {BR} at (83,54) size 1x18
        RenderInline {EM} at (0,72) size 123x18
          RenderText {#text} at (0,72) size 123x18
            text run at (0,72) width 123: "Percentage values:"
        RenderText {#text} at (122,72) size 33x18
          text run at (122,72) width 33: " N/A"
        RenderBR {BR} at (154,72) size 1x18
      RenderBlock {P} at (0,413) size 769x37
        RenderText {#text} at (0,0) size 734x36
          text run at (0,0) width 734: "If a background image is specified, the value of 'background-attachment' determines if it is fixed with regard to the"
          text run at (0,18) width 284: "canvas or if it scrolls along with the content."
      RenderBlock {PRE} at (0,465) size 769x76
        RenderText {#text} at (0,0) size 289x75
          text run at (0,0) width 71: "  BODY { "
          text run at (70,0) width 1: " "
          text run at (0,15) width 289: "    background: red url(pendant.gif);"
          text run at (288,15) width 1: " "
          text run at (0,30) width 250: "    background-repeat: repeat-y;"
          text run at (249,30) width 1: " "
          text run at (0,45) width 258: "    background-attachment: fixed;"
          text run at (257,45) width 1: " "
          text run at (0,60) width 24: "  }"
          text run at (23,60) width 1: " "
      RenderBlock {P} at (0,556) size 769x55
        RenderInline {EM} at (0,0) size 72x18
          RenderText {#text} at (0,0) size 72x18
            text run at (0,0) width 72: "CSS1 core:"
        RenderText {#text} at (0,0) size 754x54
          text run at (71,0) width 683: " UAs may treat 'fixed' as 'scroll'. However, it is recommended they interpret 'fixed' correctly, at least on the"
          text run at (0,18) width 725: "HTML and BODY elements, since there is no way for an author to provide an image only for those browsers that"
          text run at (0,36) width 94: "support 'fixed'."
      RenderTable {TABLE} at (0,626) size 769x553 [border: (1px outset #808080)]
        RenderTableSection {TBODY} at (1,1) size 767x550
          RenderTableRow {TR} at (0,0) size 767x26
            RenderTableCell {TD} at (0,0) size 768x26 [bgcolor=#C0C0C0] [border: (1px inset #808080)] [r=0 c=0 rs=1 cs=2]
              RenderInline {STRONG} at (4,4) size 161x18
                RenderText {#text} at (4,4) size 161x18
                  text run at (4,4) width 161: "TABLE Testing Section"
          RenderTableRow {TR} at (0,26) size 767x524
            RenderTableCell {TD} at (0,274) size 13x27 [bgcolor=#C0C0C0] [border: (1px inset #808080)] [r=1 c=0 rs=1 cs=1]
              RenderText {#text} at (4,252) size 4x19
                text run at (4,4) width 4: " "
            RenderTableCell {TD} at (12,26) size 756x524 [border: (1px inset #808080)] [r=1 c=1 rs=1 cs=1]
              RenderBlock {P} at (4,4) size 747x90
                RenderText {#text} at (0,0) size 745x90
                  text run at (0,0) width 745: "This document should have a green grid-pattern line across the top of the page (or at least a tiled background) which"
                  text run at (0,18) width 237: "does NOT scroll with the document. "
                  text run at (236,18) width 490: "It should, instead, appear to be a fixed pattern past which the content scrolls,"
                  text run at (0,36) width 271: "even when the end of the page is reached. "
                  text run at (270,36) width 467: "In addition, the default Test Suite background should NOT appear, as it's"
                  text run at (0,54) width 284: "been overridden by the styles shown above. "
                  text run at (283,54) width 440: "I'll have to add a lot of extra text to the page in order to make all this"
                  text run at (0,72) width 220: "something we can actually check. "
                  text run at (219,72) width 231: "Don't worry, I'll think of something."
              RenderBlock {P} at (4,110) size 747x18
                RenderText {#text} at (0,0) size 517x18
                  text run at (0,0) width 425: "In fact, why not the relevant section from the CSS1 specification? "
                  text run at (424,0) width 93: "A capital idea."
              RenderBlock {H4} at (4,177) size 747x19
                RenderInline {A} at (0,0) size 222x18
                  RenderText {#text} at (0,0) size 222x18
                    text run at (0,0) width 222: "5.3.5    'background-attachment'"
                RenderText {#text} at (0,0) size 0x0
              RenderBlock {P} at (4,216) size 747x91
                RenderInline {EM} at (0,0) size 41x18
                  RenderText {#text} at (0,0) size 41x18
                    text run at (0,0) width 41: "Value:"
                RenderText {#text} at (40,0) size 84x18
                  text run at (40,0) width 84: " scroll | fixed"
                RenderBR {BR} at (123,0) size 1x18
                RenderInline {EM} at (0,18) size 45x18
                  RenderText {#text} at (0,18) size 45x18
                    text run at (0,18) width 45: "Initial:"
                RenderText {#text} at (44,18) size 40x18
                  text run at (44,18) width 40: " scroll"
                RenderBR {BR} at (83,18) size 1x18
                RenderInline {EM} at (0,36) size 70x18
                  RenderText {#text} at (0,36) size 70x18
                    text run at (0,36) width 70: "Applies to:"
                RenderText {#text} at (69,36) size 82x18
                  text run at (69,36) width 82: " all elements"
                RenderBR {BR} at (150,36) size 1x18
                RenderInline {EM} at (0,54) size 64x18
                  RenderText {#text} at (0,54) size 64x18
                    text run at (0,54) width 64: "Inherited:"
                RenderText {#text} at (63,54) size 21x18
                  text run at (63,54) width 21: " no"
                RenderBR {BR} at (83,54) size 1x18
                RenderInline {EM} at (0,72) size 123x18
                  RenderText {#text} at (0,72) size 123x18
                    text run at (0,72) width 123: "Percentage values:"
                RenderText {#text} at (122,72) size 33x18
                  text run at (122,72) width 33: " N/A"
                RenderBR {BR} at (154,72) size 1x18
              RenderBlock {P} at (4,322) size 747x37
                RenderText {#text} at (0,0) size 734x36
                  text run at (0,0) width 734: "If a background image is specified, the value of 'background-attachment' determines if it is fixed with regard to the"
                  text run at (0,18) width 284: "canvas or if it scrolls along with the content."
              RenderBlock {PRE} at (4,374) size 747x76
                RenderText {#text} at (0,0) size 289x75
                  text run at (0,0) width 71: "  BODY { "
                  text run at (70,0) width 1: " "
                  text run at (0,15) width 289: "    background: red url(pendant.gif);"
                  text run at (288,15) width 1: " "
                  text run at (0,30) width 250: "    background-repeat: repeat-y;"
                  text run at (249,30) width 1: " "
                  text run at (0,45) width 258: "    background-attachment: fixed;"
                  text run at (257,45) width 1: " "
                  text run at (0,60) width 24: "  }"
                  text run at (23,60) width 1: " "
              RenderBlock {P} at (4,465) size 747x55
                RenderInline {EM} at (0,0) size 72x18
                  RenderText {#text} at (0,0) size 72x18
                    text run at (0,0) width 72: "CSS1 core:"
                RenderText {#text} at (0,0) size 730x54
                  text run at (71,0) width 659: " UAs may treat 'fixed' as 'scroll'. However, it is recommended they interpret 'fixed' correctly, at least on"
                  text run at (0,18) width 720: "the HTML and BODY elements, since there is no way for an author to provide an image only for those browsers"
                  text run at (0,36) width 122: "that support 'fixed'."
layer at (8,85) size 769x2 clip at (0,0) size 0x0
  RenderBlock {HR} at (0,77) size 769x2 [color=#808080] [border: (1px inset #808080)]
layer at (8,243) size 769x2 clip at (0,0) size 0x0
  RenderBlock {HR} at (0,235) size 769x2 [color=#808080] [border: (1px inset #808080)]
layer at (8,253) size 769x2 clip at (0,0) size 0x0
  RenderBlock {HR} at (0,245) size 769x2 [color=#808080] [border: (1px inset #808080)]
layer at (25,806) size 747x2 clip at (0,0) size 0x0
  RenderBlock {HR} at (4,144) size 747x2 [color=#808080] [border: (1px inset #808080)]
layer at (25,816) size 747x2 clip at (0,0) size 0x0
  RenderBlock {HR} at (4,154) size 747x2 [color=#808080] [border: (1px inset #808080)]
