layer at (0,0) size 785x721
  RenderView at (0,0) size 785x600
layer at (0,0) size 785x721
  RenderBlock {HTML} at (0,0) size 785x721
    RenderBody {BODY} at (8,8) size 769x705 [bgcolor=#008000]
      RenderBlock {P} at (0,0) size 769x18
        RenderText {#text} at (0,0) size 363x18
          text run at (0,0) width 363: "The style declarations which apply to the text below are:"
      RenderBlock {PRE} at (0,34) size 769x60
        RenderText {#text} at (0,0) size 632x60
          text run at (0,0) width 632: "BODY {background: green url(../resources/oransqr.gif) repeat-x center top fixed;}"
          text run at (631,0) width 1: " "
          text run at (0,15) width 554: ".one {background: lime url(../resources/oransqr.gif) repeat-y 100% 0%;}"
          text run at (553,15) width 1: " "
          text run at (0,30) width 578: ".two {background: lime url(../resources/oransqr.gif) repeat-y center top;}"
          text run at (577,30) width 1: " "
          text run at (0,45) width 578: ".three {background: lime url(../resources/oransqr.gif) repeat-x left top;}"
          text run at (577,45) width 1: " "
      RenderBlock {HR} at (0,107) size 769x2 [border: (1px inset #000000)]
      RenderBlock {P} at (0,125) size 769x54
        RenderText {#text} at (0,0) size 741x18
          text run at (0,0) width 741: "This document should have a green background with an orange strip running across the entire top of the page, since"
        RenderInline {CODE} at (0,0) size 63x15
          RenderText {#text} at (0,20) size 63x15
            text run at (0,20) width 63: "repeat-x"
        RenderText {#text} at (62,18) size 768x36
          text run at (62,18) width 308: " indicates tiling in both directions of the x-axis. "
          text run at (369,18) width 304: "Furthermore, the strip should be fixed in place. "
          text run at (672,18) width 96: "I'll have to add"
          text run at (0,36) width 502: "extra text at the end of this page to make it long enough to scroll conveniently."
      RenderBlock {P} at (0,195) size 769x54 [bgcolor=#00FF00]
        RenderText {#text} at (0,0) size 758x54
          text run at (0,0) width 758: "This paragraph should have a lime background and an orange strip which starts at the top right and runs to the bottom."
          text run at (0,18) width 717: "Therefore, extra text would be in order, so that we can intelligently evaluate the performance of your browser in"
          text run at (0,36) width 183: "handling these declarations. "
          text run at (182,36) width 311: "Hey, I didn't say the page would be pretty, did I?"
      RenderBlock {P} at (0,265) size 769x54 [bgcolor=#00FF00]
        RenderText {#text} at (0,0) size 767x54
          text run at (0,0) width 767: "This paragraph should have a lime background and an orange strip which starts at the center top and runs to the bottom."
          text run at (0,18) width 717: "Therefore, extra text would be in order, so that we can intelligently evaluate the performance of your browser in"
          text run at (0,36) width 183: "handling these declarations. "
          text run at (182,36) width 311: "Hey, I didn't say the page would be pretty, did I?"
      RenderBlock {P} at (0,335) size 769x54 [bgcolor=#00FF00]
        RenderText {#text} at (0,0) size 758x54
          text run at (0,0) width 758: "This paragraph should have a lime background and an orange strip which starts at the top left and runs to the top right."
          text run at (0,18) width 717: "Therefore, extra text would be in order, so that we can intelligently evaluate the performance of your browser in"
          text run at (0,36) width 183: "handling these declarations. "
          text run at (182,36) width 311: "Hey, I didn't say the page would be pretty, did I?"
      RenderTable {TABLE} at (0,405) size 769x300 [border: (1px outset #808080)]
        RenderTableSection {TBODY} at (1,1) size 767x298
          RenderTableRow {TR} at (0,0) size 767x26
            RenderTableCell {TD} at (0,0) size 767x26 [bgcolor=#C0C0C0] [border: (1px inset #808080)] [r=0 c=0 rs=1 cs=2]
              RenderInline {STRONG} at (0,0) size 161x18
                RenderText {#text} at (4,4) size 161x18
                  text run at (4,4) width 161: "TABLE Testing Section"
          RenderTableRow {TR} at (0,26) size 767x272
            RenderTableCell {TD} at (0,149) size 12x26 [bgcolor=#C0C0C0] [border: (1px inset #808080)] [r=1 c=0 rs=1 cs=1]
              RenderText {#text} at (4,4) size 4x18
                text run at (4,4) width 4: " "
            RenderTableCell {TD} at (12,26) size 755x272 [border: (1px inset #808080)] [r=1 c=1 rs=1 cs=1]
              RenderBlock {P} at (4,4) size 747x54
                RenderText {#text} at (0,0) size 741x18
                  text run at (0,0) width 741: "This document should have a green background with an orange strip running across the entire top of the page, since"
                RenderInline {CODE} at (0,0) size 63x15
                  RenderText {#text} at (0,20) size 63x15
                    text run at (0,20) width 63: "repeat-x"
                RenderText {#text} at (62,18) size 741x36
                  text run at (62,18) width 308: " indicates tiling in both directions of the x-axis. "
                  text run at (369,18) width 304: "Furthermore, the strip should be fixed in place. "
                  text run at (672,18) width 69: "I'll have to"
                  text run at (0,36) width 530: "add extra text at the end of this page to make it long enough to scroll conveniently."
              RenderBlock {P} at (4,74) size 747x54 [bgcolor=#00FF00]
                RenderText {#text} at (0,0) size 704x54
                  text run at (0,0) width 704: "This paragraph should have a lime background and an orange strip which starts at the top right and runs to the"
                  text run at (0,18) width 54: "bottom. "
                  text run at (53,18) width 645: "Therefore, extra text would be in order, so that we can intelligently evaluate the performance of your"
                  text run at (0,36) width 255: "browser in handling these declarations. "
                  text run at (254,36) width 311: "Hey, I didn't say the page would be pretty, did I?"
              RenderBlock {P} at (4,144) size 747x54 [bgcolor=#00FF00]
                RenderText {#text} at (0,0) size 713x54
                  text run at (0,0) width 713: "This paragraph should have a lime background and an orange strip which starts at the center top and runs to the"
                  text run at (0,18) width 54: "bottom. "
                  text run at (53,18) width 645: "Therefore, extra text would be in order, so that we can intelligently evaluate the performance of your"
                  text run at (0,36) width 255: "browser in handling these declarations. "
                  text run at (254,36) width 311: "Hey, I didn't say the page would be pretty, did I?"
              RenderBlock {P} at (4,214) size 747x54 [bgcolor=#00FF00]
                RenderText {#text} at (0,0) size 739x54
                  text run at (0,0) width 720: "This paragraph should have a lime background and an orange strip which starts at the top left and runs to the top"
                  text run at (0,18) width 39: "right. "
                  text run at (38,18) width 701: "Therefore, extra text would be in order, so that we can intelligently evaluate the performance of your browser"
                  text run at (0,36) width 199: "in handling these declarations. "
                  text run at (198,36) width 311: "Hey, I didn't say the page would be pretty, did I?"
