layer at (0,0) size 800x600
  RenderView at (0,0) size 800x600
layer at (0,0) size 800x600
  RenderBlock {HTML} at (0,0) size 800x600
    RenderBody {BODY} at (8,8) size 784x584 [bgcolor=#CCCCCC]
      RenderBlock {P} at (0,0) size 784x18
        RenderText {#text} at (0,0) size 363x18
          text run at (0,0) width 363: "The style declarations which apply to the text below are:"
      RenderBlock {PRE} at (0,34) size 784x30
        RenderText {#text} at (0,0) size 157x30
          text run at (0,0) width 157: ".one {color: green;}"
          text run at (156,0) width 1: " "
          text run at (0,15) width 0: " "
      RenderBlock {HR} at (0,77) size 784x2 [border: (1px inset #000000)]
      RenderBlock {P} at (0,95) size 784x18 [color=#008000]
        RenderText {#text} at (0,0) size 197x18
          text run at (0,0) width 197: "This sentence should be green."
      RenderBlock {P} at (0,129) size 784x18 [color=#008000]
        RenderText {#text} at (0,0) size 197x18
          text run at (0,0) width 197: "This sentence should be green."
      RenderTable {TABLE} at (0,163) size 219x88 [border: (1px outset #808080)]
        RenderTableSection {TBODY} at (1,1) size 217x86
          RenderTableRow {TR} at (0,0) size 217x26
            RenderTableCell {TD} at (0,0) size 217x26 [bgcolor=#C0C0C0] [border: (1px inset #808080)] [r=0 c=0 rs=1 cs=2]
              RenderInline {STRONG} at (0,0) size 161x18
                RenderText {#text} at (4,4) size 161x18
                  text run at (4,4) width 161: "TABLE Testing Section"
          RenderTableRow {TR} at (0,26) size 217x60
            RenderTableCell {TD} at (0,43) size 12x26 [bgcolor=#C0C0C0] [border: (1px inset #808080)] [r=1 c=0 rs=1 cs=1]
              RenderText {#text} at (4,4) size 4x18
                text run at (4,4) width 4: " "
            RenderTableCell {TD} at (12,26) size 205x60 [border: (1px inset #808080)] [r=1 c=1 rs=1 cs=1]
              RenderBlock {P} at (4,4) size 197x18 [color=#008000]
                RenderText {#text} at (0,0) size 197x18
                  text run at (0,0) width 197: "This sentence should be green."
              RenderBlock {P} at (4,38) size 197x18 [color=#008000]
                RenderText {#text} at (0,0) size 197x18
                  text run at (0,0) width 197: "This sentence should be green."
