layer at (0,0) size 800x600
  RenderView at (0,0) size 800x600
layer at (0,0) size 800x564
  RenderBlock {HTML} at (0,0) size 800x564
    RenderBody {BODY} at (8,16) size 784x486
      RenderBlock {P} at (0,0) size 784x40
        RenderText {#text} at (0,0) size 51x19
          text run at (0,0) width 51: "Test for "
        RenderInline {I} at (0,0) size 729x39
          RenderInline {A} at (0,0) size 297x19 [color=#0000EE]
            RenderText {#text} at (51,0) size 297x19
              text run at (51,0) width 297: "http://bugs.webkit.org/show_bug.cgi?id=5399"
          RenderText {#text} at (348,0) size 729x39
            text run at (348,0) width 4: " "
            text run at (352,0) width 377: "no-repeat on negatively positioned background images are"
            text run at (0,20) width 49: "ignored"
        RenderText {#text} at (49,20) size 4x19
          text run at (49,20) width 4: "."
      RenderBlock {P} at (0,56) size 784x20
        RenderText {#text} at (0,0) size 436x19
          text run at (0,0) width 436: "Element with background image starting at (-13, -13) with no-repeat set:"
      RenderBlock (floating) {DIV} at (6,98) size 34x34 [border: (1px dotted #008000)]
      RenderBlock (floating) {DIV} at (52,98) size 29x29 [border: (1px dotted #008000)]
      RenderBlock (floating) {DIV} at (93,98) size 24x24 [border: (1px dotted #008000)]
      RenderBlock {P} at (0,138) size 784x20
        RenderText {#text} at (0,0) size 428x19
          text run at (0,0) width 428: "Element with background image starting at (-13, -13) with repeat-y set:"
      RenderBlock (floating) {DIV} at (6,180) size 34x34 [border: (1px dotted #008000)]
      RenderBlock (floating) {DIV} at (52,180) size 29x29 [border: (1px dotted #008000)]
      RenderBlock (floating) {DIV} at (93,180) size 24x24 [border: (1px dotted #008000)]
      RenderBlock {P} at (0,220) size 784x20
        RenderText {#text} at (0,0) size 428x19
          text run at (0,0) width 428: "Element with background image starting at (-13, -13) with repeat-x set:"
      RenderBlock (floating) {DIV} at (6,262) size 34x34 [border: (1px dotted #008000)]
      RenderBlock (floating) {DIV} at (52,262) size 29x29 [border: (1px dotted #008000)]
      RenderBlock (floating) {DIV} at (93,262) size 24x24 [border: (1px dotted #008000)]
      RenderBlock {P} at (0,302) size 784x20
        RenderText {#text} at (0,0) size 424x19
          text run at (0,0) width 424: "Element with background image starting at (13, 13) with no-repeat set:"
      RenderBlock (floating) {DIV} at (6,344) size 34x34 [border: (1px dotted #008000)]
      RenderBlock (floating) {DIV} at (52,344) size 29x29 [border: (1px dotted #008000)]
      RenderBlock (floating) {DIV} at (93,344) size 24x24 [border: (1px dotted #008000)]
      RenderBlock {P} at (0,384) size 784x20
        RenderText {#text} at (0,0) size 416x19
          text run at (0,0) width 416: "Element with background image starting at (13, 13) with repeat-y set:"
      RenderBlock (floating) {DIV} at (6,426) size 34x34 [border: (1px dotted #008000)]
      RenderBlock (floating) {DIV} at (52,426) size 29x29 [border: (1px dotted #008000)]
      RenderBlock (floating) {DIV} at (93,426) size 24x24 [border: (1px dotted #008000)]
      RenderBlock {P} at (0,466) size 784x20
        RenderText {#text} at (0,0) size 416x19
          text run at (0,0) width 416: "Element with background image starting at (13, 13) with repeat-x set:"
      RenderBlock (floating) {DIV} at (6,508) size 34x34 [border: (1px dotted #008000)]
      RenderBlock (floating) {DIV} at (52,508) size 29x29 [border: (1px dotted #008000)]
      RenderBlock (floating) {DIV} at (93,508) size 24x24 [border: (1px dotted #008000)]
