layer at (0,0) size 785x616
  RenderView at (0,0) size 785x600
layer at (0,0) size 785x616
  RenderBlock {HTML} at (0,0) size 785x616
    RenderBody {BODY} at (8,8) size 769x600
      RenderBlock {P} at (0,0) size 769x18
        RenderText {#text} at (0,0) size 524x18
          text run at (0,0) width 524: "Testing masks on compositing layers. Left and right columns should look the same."
      RenderBlock (anonymous) at (0,34) size 769x566
        RenderBlock {DIV} at (0,0) size 262x562 [border: (1px solid #000000)]
        RenderText {#text} at (262,548) size 4x18
          text run at (262,548) width 4: " "
        RenderBlock {DIV} at (266,0) size 262x562 [border: (1px solid #000000)]
        RenderText {#text} at (0,0) size 0x0
layer at (39,73) size 200x200
  RenderBlock (relative positioned) {DIV} at (31,31) size 200x200 [bgcolor=#6464FFCC] [border: (10px solid #000000)]
layer at (305,73) size 200x200
  RenderBlock (relative positioned) {DIV} at (31,31) size 200x200 [bgcolor=#6464FFCC] [border: (10px solid #000000)]
