layer at (0,0) size 800x600
  RenderView at (0,0) size 800x600
layer at (0,0) size 800x126
  RenderBlock {HTML} at (0,0) size 800x126
    RenderBody {BODY} at (8,8) size 784x110
      RenderBlock {ATTACHMENT} at (0,0) size 266x110
        RenderGrid {DIV} at (0,0) size 266x80 [bgcolor=#F2F2F2]
          RenderGrid {DIV} at (0,0) size 68x80
            RenderAttachment {ATTACHMENT} at (8,14) size 52x52
          RenderGrid {DIV} at (68,0) size 198x80
            RenderGrid {DIV} at (4,40) size 170x0
        RenderBlock (anonymous) at (0,80) size 266x30
      RenderText {#text} at (266,92) size 4x18
        text run at (266,92) width 4: " "
      RenderImage {IMG} at (270,86) size 20x20
      RenderText {#text} at (0,0) size 0x0
layer at (8,88) size 28x26
  RenderBlock (relative positioned) {DIV} at (0,0) size 28x26 [color=#00000000]
layer at (8,88) size 28x26
  RenderButton {BUTTON} at (0,0) size 28x26 [color=#000000D8] [bgcolor=#C0C0C0] [border: (2px outset #C0C0C0)]
