layer at (0,0) size 800x600
  RenderView at (0,0) size 800x600
layer at (0,0) size 800x600
  RenderBlock {HTML} at (0,0) size 800x600
    RenderBody {BODY} at (8,8) size 784x574
      RenderBlock (anonymous) at (0,0) size 784x18
        RenderText {#text} at (0,0) size 72x17
          text run at (0,0) width 72: "no spacing:"
      RenderBlock {P} at (0,36) size 784x20
        RenderText {#text} at (0,1) size 66x18
          text run at (0,1) width 66: "abc abc abc"
      RenderBlock (anonymous) at (0,74) size 784x18
        RenderText {#text} at (0,0) size 294x17
          text run at (0,0) width 294: "word-spacing: 100px, all should look the same"
      RenderBlock {P} at (0,110) size 784x20
        RenderText {#text} at (0,1) size 266x18
          text run at (0,1) width 266: "abc abc abc"
      RenderBlock {P} at (0,148) size 784x20
        RenderText {#text} at (0,1) size 124x18
          text run at (0,1) width 124: "abc "
        RenderInline {SPAN} at (0,0) size 14x18
          RenderText {#text} at (123,1) size 14x18
            text run at (123,1) width 14: "ab"
        RenderText {#text} at (136,1) size 130x18
          text run at (136,1) width 130: "c abc"
      RenderBlock {P} at (0,186) size 784x20
        RenderText {#text} at (0,1) size 124x18
          text run at (0,1) width 124: "abc "
        RenderInline {SPAN} at (0,0) size 8x18
          RenderText {#text} at (123,1) size 8x18
            text run at (123,1) width 8: "a"
        RenderInline {SPAN} at (0,0) size 7x18
          RenderText {#text} at (130,1) size 7x18
            text run at (130,1) width 7: "b"
        RenderText {#text} at (136,1) size 130x18
          text run at (136,1) width 130: "c abc"
      RenderBlock {P} at (0,224) size 784x20
        RenderText {#text} at (0,1) size 124x18
          text run at (0,1) width 124: "abc "
        RenderInline {SPAN} at (0,0) size 8x18
          RenderText {#text} at (123,1) size 8x18
            text run at (123,1) width 8: "a"
        RenderText {#text} at (130,1) size 7x18
          text run at (130,1) width 7: "b"
        RenderInline {SPAN} at (0,0) size 6x18
          RenderText {#text} at (136,1) size 6x18
            text run at (136,1) width 6: "c"
        RenderText {#text} at (241,1) size 25x18
          text run at (241,1) width 25: " abc"
      RenderBlock {P} at (0,262) size 784x20
        RenderText {#text} at (0,1) size 131x18
          text run at (0,1) width 131: "abc a"
        RenderInline {SPAN} at (0,0) size 7x18
          RenderText {#text} at (130,1) size 7x18
            text run at (130,1) width 7: "b"
        RenderInline {SPAN} at (0,0) size 6x18
          RenderText {#text} at (136,1) size 6x18
            text run at (136,1) width 6: "c"
        RenderText {#text} at (241,1) size 25x18
          text run at (241,1) width 25: " abc"
      RenderBlock {P} at (0,300) size 784x20
        RenderText {#text} at (0,1) size 131x18
          text run at (0,1) width 131: "abc a"
        RenderInline {SPAN} at (0,0) size 7x18
          RenderText {#text} at (130,1) size 7x18
            text run at (130,1) width 7: "b"
        RenderText {#text} at (136,1) size 130x18
          text run at (136,1) width 130: "c abc"
      RenderBlock {P} at (0,338) size 784x20
        RenderText {#text} at (0,1) size 124x18
          text run at (0,1) width 124: "abc "
        RenderInline {SPAN} at (0,0) size 1x18
        RenderText {#text} at (123,1) size 125x18
          text run at (123,1) width 125: "abc "
        RenderInline {SPAN} at (0,0) size 1x18
        RenderText {#text} at (247,1) size 19x18
          text run at (247,1) width 19: "abc"
