layer at (0,0) size 785x7165
  RenderView at (0,0) size 785x600
layer at (0,0) size 785x7165
  RenderBlock {HTML} at (0,0) size 785x7165
    RenderBody {BODY} at (8,8) size 769x7141
      RenderBlock (anonymous) at (0,0) size 769x18
        RenderText {#text} at (0,0) size 342x17
          text run at (0,0) width 342: "This tests font choices and metrics for the fantasy font."
      RenderBlock {P} at (0,34) size 769x2375
        RenderInline {FONT} at (0,0) size 72x2375
          RenderText {#text} at (0,0) size 51x25
            text run at (0,0) width 51: "fantasy"
          RenderBR {BR} at (51,0) size 0x25
          RenderText {#text} at (0,25) size 14x25
            text run at (0,25) width 14: "    "
          RenderBR {BR} at (13,25) size 1x25
          RenderText {#text} at (0,50) size 12x25
            text run at (0,50) width 12: "!!!!"
          RenderBR {BR} at (12,50) size 0x25
          RenderText {#text} at (0,75) size 24x25
            text run at (0,75) width 24: "\"\"\"\""
          RenderBR {BR} at (24,75) size 0x25
          RenderText {#text} at (0,100) size 36x25
            text run at (0,100) width 36: "####"
          RenderBR {BR} at (36,100) size 0x25
          RenderText {#text} at (0,125) size 36x25
            text run at (0,125) width 36: "$$$$"
          RenderBR {BR} at (36,125) size 0x25
          RenderText {#text} at (0,150) size 44x25
            text run at (0,150) width 44: "%%%%"
          RenderBR {BR} at (44,150) size 0x25
          RenderText {#text} at (0,175) size 44x25
            text run at (0,175) width 44: "&&&&"
          RenderBR {BR} at (44,175) size 0x25
          RenderText {#text} at (0,200) size 12x25
            text run at (0,200) width 12: "''''"
          RenderBR {BR} at (12,200) size 0x25
          RenderText {#text} at (0,225) size 20x25
            text run at (0,225) width 20: "(((("
          RenderBR {BR} at (20,225) size 0x25
          RenderText {#text} at (0,250) size 20x25
            text run at (0,250) width 20: "))))"
          RenderBR {BR} at (20,250) size 0x25
          RenderText {#text} at (0,275) size 24x25
            text run at (0,275) width 24: "****"
          RenderBR {BR} at (24,275) size 0x25
          RenderText {#text} at (0,300) size 36x25
            text run at (0,300) width 36: "++++"
          RenderBR {BR} at (36,300) size 0x25
          RenderText {#text} at (0,325) size 12x25
            text run at (0,325) width 12: ",,,,"
          RenderBR {BR} at (12,325) size 0x25
          RenderText {#text} at (0,350) size 22x25
            text run at (0,350) width 22: "----"
          RenderBR {BR} at (21,350) size 1x25
          RenderText {#text} at (0,375) size 12x25
            text run at (0,375) width 12: "...."
          RenderBR {BR} at (12,375) size 0x25
          RenderText {#text} at (0,400) size 40x25
            text run at (0,400) width 40: "////"
          RenderBR {BR} at (40,400) size 0x25
          RenderText {#text} at (0,425) size 36x25
            text run at (0,425) width 36: "0000"
          RenderBR {BR} at (36,425) size 0x25
          RenderText {#text} at (0,450) size 36x25
            text run at (0,450) width 36: "1111"
          RenderBR {BR} at (36,450) size 0x25
          RenderText {#text} at (0,475) size 36x25
            text run at (0,475) width 36: "2222"
          RenderBR {BR} at (36,475) size 0x25
          RenderText {#text} at (0,500) size 36x25
            text run at (0,500) width 36: "3333"
          RenderBR {BR} at (36,500) size 0x25
          RenderText {#text} at (0,525) size 36x25
            text run at (0,525) width 36: "4444"
          RenderBR {BR} at (36,525) size 0x25
          RenderText {#text} at (0,550) size 36x25
            text run at (0,550) width 36: "5555"
          RenderBR {BR} at (36,550) size 0x25
          RenderText {#text} at (0,575) size 36x25
            text run at (0,575) width 36: "6666"
          RenderBR {BR} at (36,575) size 0x25
          RenderText {#text} at (0,600) size 36x25
            text run at (0,600) width 36: "7777"
          RenderBR {BR} at (36,600) size 0x25
          RenderText {#text} at (0,625) size 36x25
            text run at (0,625) width 36: "8888"
          RenderBR {BR} at (36,625) size 0x25
          RenderText {#text} at (0,650) size 36x25
            text run at (0,650) width 36: "9999"
          RenderBR {BR} at (36,650) size 0x25
          RenderText {#text} at (0,675) size 12x25
            text run at (0,675) width 12: "::::"
          RenderBR {BR} at (12,675) size 0x25
          RenderText {#text} at (0,700) size 12x25
            text run at (0,700) width 12: ";;;;"
          RenderBR {BR} at (12,700) size 0x25
          RenderText {#text} at (0,725) size 36x25
            text run at (0,725) width 36: "<<<<"
          RenderBR {BR} at (36,725) size 0x25
          RenderText {#text} at (0,750) size 36x25
            text run at (0,750) width 36: "===="
          RenderBR {BR} at (36,750) size 0x25
          RenderText {#text} at (0,775) size 36x25
            text run at (0,775) width 36: ">>>>"
          RenderBR {BR} at (36,775) size 0x25
          RenderText {#text} at (0,800) size 24x25
            text run at (0,800) width 24: "????"
          RenderBR {BR} at (24,800) size 0x25
          RenderText {#text} at (0,825) size 52x25
            text run at (0,825) width 52: "@@@@"
          RenderBR {BR} at (52,825) size 0x25
          RenderText {#text} at (0,850) size 64x25
            text run at (0,850) width 64: "AAAA"
          RenderBR {BR} at (64,850) size 0x25
          RenderText {#text} at (0,875) size 64x25
            text run at (0,875) width 64: "BBBB"
          RenderBR {BR} at (64,875) size 0x25
          RenderText {#text} at (0,900) size 64x25
            text run at (0,900) width 64: "CCCC"
          RenderBR {BR} at (64,900) size 0x25
          RenderText {#text} at (0,925) size 64x25
            text run at (0,925) width 64: "DDDD"
          RenderBR {BR} at (64,925) size 0x25
          RenderText {#text} at (0,950) size 64x25
            text run at (0,950) width 64: "EEEE"
          RenderBR {BR} at (64,950) size 0x25
          RenderText {#text} at (0,975) size 48x25
            text run at (0,975) width 48: "FFFF"
          RenderBR {BR} at (48,975) size 0x25
          RenderText {#text} at (0,1000) size 64x25
            text run at (0,1000) width 64: "GGGG"
          RenderBR {BR} at (64,1000) size 0x25
          RenderText {#text} at (0,1025) size 64x25
            text run at (0,1025) width 64: "HHHH"
          RenderBR {BR} at (64,1025) size 0x25
          RenderText {#text} at (0,1050) size 16x25
            text run at (0,1050) width 16: "IIII"
          RenderBR {BR} at (16,1050) size 0x25
          RenderText {#text} at (0,1075) size 44x25
            text run at (0,1075) width 44: "JJJJ"
          RenderBR {BR} at (44,1075) size 0x25
          RenderText {#text} at (0,1100) size 56x25
            text run at (0,1100) width 56: "KKKK"
          RenderBR {BR} at (56,1100) size 0x25
          RenderText {#text} at (0,1125) size 48x25
            text run at (0,1125) width 48: "LLLL"
          RenderBR {BR} at (48,1125) size 0x25
          RenderText {#text} at (0,1150) size 64x25
            text run at (0,1150) width 64: "MMMM"
          RenderBR {BR} at (64,1150) size 0x25
          RenderText {#text} at (0,1175) size 60x25
            text run at (0,1175) width 60: "NNNN"
          RenderBR {BR} at (60,1175) size 0x25
          RenderText {#text} at (0,1200) size 72x25
            text run at (0,1200) width 72: "OOOO"
          RenderBR {BR} at (72,1200) size 0x25
          RenderText {#text} at (0,1225) size 44x25
            text run at (0,1225) width 44: "PPPP"
          RenderBR {BR} at (44,1225) size 0x25
          RenderText {#text} at (0,1250) size 72x25
            text run at (0,1250) width 72: "QQQQ"
          RenderBR {BR} at (72,1250) size 0x25
          RenderText {#text} at (0,1275) size 52x25
            text run at (0,1275) width 52: "RRRR"
          RenderBR {BR} at (52,1275) size 0x25
          RenderText {#text} at (0,1300) size 60x25
            text run at (0,1300) width 60: "SSSS"
          RenderBR {BR} at (60,1300) size 0x25
          RenderText {#text} at (0,1325) size 60x25
            text run at (0,1325) width 60: "TTTT"
          RenderBR {BR} at (60,1325) size 0x25
          RenderText {#text} at (0,1350) size 64x25
            text run at (0,1350) width 64: "UUUU"
          RenderBR {BR} at (64,1350) size 0x25
          RenderText {#text} at (0,1375) size 48x25
            text run at (0,1375) width 48: "VVVV"
          RenderBR {BR} at (48,1375) size 0x25
          RenderText {#text} at (0,1400) size 68x25
            text run at (0,1400) width 68: "WWWW"
          RenderBR {BR} at (68,1400) size 0x25
          RenderText {#text} at (0,1425) size 48x25
            text run at (0,1425) width 48: "XXXX"
          RenderBR {BR} at (48,1425) size 0x25
          RenderText {#text} at (0,1450) size 52x25
            text run at (0,1450) width 52: "YYYY"
          RenderBR {BR} at (52,1450) size 0x25
          RenderText {#text} at (0,1475) size 52x25
            text run at (0,1475) width 52: "ZZZZ"
          RenderBR {BR} at (52,1475) size 0x25
          RenderText {#text} at (0,1500) size 20x25
            text run at (0,1500) width 20: "[[[["
          RenderBR {BR} at (20,1500) size 0x25
          RenderText {#text} at (0,1525) size 36x25
            text run at (0,1525) width 36: "\\\\\\\\"
          RenderBR {BR} at (36,1525) size 0x25
          RenderText {#text} at (0,1550) size 20x25
            text run at (0,1550) width 20: "]]]]"
          RenderBR {BR} at (20,1550) size 0x25
          RenderText {#text} at (0,1575) size 36x25
            text run at (0,1575) width 36: "^^^^"
          RenderBR {BR} at (36,1575) size 0x25
          RenderText {#text} at (0,1600) size 36x25
            text run at (0,1600) width 36: "____"
          RenderBR {BR} at (36,1600) size 0x25
          RenderText {#text} at (0,1625) size 28x25
            text run at (0,1625) width 28: "````"
          RenderBR {BR} at (28,1625) size 0x25
          RenderText {#text} at (0,1650) size 32x25
            text run at (0,1650) width 32: "aaaa"
          RenderBR {BR} at (32,1650) size 0x25
          RenderText {#text} at (0,1675) size 36x25
            text run at (0,1675) width 36: "bbbb"
          RenderBR {BR} at (36,1675) size 0x25
          RenderText {#text} at (0,1700) size 28x25
            text run at (0,1700) width 28: "cccc"
          RenderBR {BR} at (28,1700) size 0x25
          RenderText {#text} at (0,1725) size 36x25
            text run at (0,1725) width 36: "dddd"
          RenderBR {BR} at (36,1725) size 0x25
          RenderText {#text} at (0,1750) size 32x25
            text run at (0,1750) width 32: "eeee"
          RenderBR {BR} at (32,1750) size 0x25
          RenderText {#text} at (0,1775) size 24x25
            text run at (0,1775) width 24: "ffff"
          RenderBR {BR} at (24,1775) size 0x25
          RenderText {#text} at (0,1800) size 32x25
            text run at (0,1800) width 32: "gggg"
          RenderBR {BR} at (32,1800) size 0x25
          RenderText {#text} at (0,1825) size 32x25
            text run at (0,1825) width 32: "hhhh"
          RenderBR {BR} at (32,1825) size 0x25
          RenderText {#text} at (0,1850) size 12x25
            text run at (0,1850) width 12: "iiii"
          RenderBR {BR} at (12,1850) size 0x25
          RenderText {#text} at (0,1875) size 12x25
            text run at (0,1875) width 12: "jjjj"
          RenderBR {BR} at (12,1875) size 0x25
          RenderText {#text} at (0,1900) size 32x25
            text run at (0,1900) width 32: "kkkk"
          RenderBR {BR} at (32,1900) size 0x25
          RenderText {#text} at (0,1925) size 12x25
            text run at (0,1925) width 12: "llll"
          RenderBR {BR} at (12,1925) size 0x25
          RenderText {#text} at (0,1950) size 40x25
            text run at (0,1950) width 40: "mmmm"
          RenderBR {BR} at (40,1950) size 0x25
          RenderText {#text} at (0,1975) size 32x25
            text run at (0,1975) width 32: "nnnn"
          RenderBR {BR} at (32,1975) size 0x25
          RenderText {#text} at (0,2000) size 36x25
            text run at (0,2000) width 36: "oooo"
          RenderBR {BR} at (36,2000) size 0x25
          RenderText {#text} at (0,2025) size 36x25
            text run at (0,2025) width 36: "pppp"
          RenderBR {BR} at (36,2025) size 0x25
          RenderText {#text} at (0,2050) size 36x25
            text run at (0,2050) width 36: "qqqq"
          RenderBR {BR} at (36,2050) size 0x25
          RenderText {#text} at (0,2075) size 20x25
            text run at (0,2075) width 20: "rrrr"
          RenderBR {BR} at (20,2075) size 0x25
          RenderText {#text} at (0,2100) size 28x25
            text run at (0,2100) width 28: "ssss"
          RenderBR {BR} at (28,2100) size 0x25
          RenderText {#text} at (0,2125) size 24x25
            text run at (0,2125) width 24: "tttt"
          RenderBR {BR} at (24,2125) size 0x25
          RenderText {#text} at (0,2150) size 32x25
            text run at (0,2150) width 32: "uuuu"
          RenderBR {BR} at (32,2150) size 0x25
          RenderText {#text} at (0,2175) size 28x25
            text run at (0,2175) width 28: "vvvv"
          RenderBR {BR} at (28,2175) size 0x25
          RenderText {#text} at (0,2200) size 40x25
            text run at (0,2200) width 40: "wwww"
          RenderBR {BR} at (40,2200) size 0x25
          RenderText {#text} at (0,2225) size 28x25
            text run at (0,2225) width 28: "xxxx"
          RenderBR {BR} at (28,2225) size 0x25
          RenderText {#text} at (0,2250) size 32x25
            text run at (0,2250) width 32: "yyyy"
          RenderBR {BR} at (32,2250) size 0x25
          RenderText {#text} at (0,2275) size 24x25
            text run at (0,2275) width 24: "zzzz"
          RenderBR {BR} at (24,2275) size 0x25
          RenderText {#text} at (0,2300) size 28x25
            text run at (0,2300) width 28: "{{{{"
          RenderBR {BR} at (28,2300) size 0x25
          RenderText {#text} at (0,2325) size 36x25
            text run at (0,2325) width 36: "||||"
          RenderBR {BR} at (36,2325) size 0x25
          RenderText {#text} at (0,2350) size 28x25
            text run at (0,2350) width 28: "}}}}"
          RenderBR {BR} at (28,2350) size 0x25
      RenderBlock {P} at (0,2425) size 769x2350
        RenderInline {FONT} at (0,0) size 72x2350
          RenderText {#text} at (0,0) size 0x0
          RenderInline {B} at (0,0) size 72x2350
            RenderText {#text} at (0,0) size 14x25
              text run at (0,0) width 14: "    "
            RenderBR {BR} at (13,0) size 1x25
            RenderText {#text} at (0,25) size 12x25
              text run at (0,25) width 12: "!!!!"
            RenderBR {BR} at (12,25) size 0x25
            RenderText {#text} at (0,50) size 24x25
              text run at (0,50) width 24: "\"\"\"\""
            RenderBR {BR} at (24,50) size 0x25
            RenderText {#text} at (0,75) size 36x25
              text run at (0,75) width 36: "####"
            RenderBR {BR} at (36,75) size 0x25
            RenderText {#text} at (0,100) size 36x25
              text run at (0,100) width 36: "$$$$"
            RenderBR {BR} at (36,100) size 0x25
            RenderText {#text} at (0,125) size 44x25
              text run at (0,125) width 44: "%%%%"
            RenderBR {BR} at (44,125) size 0x25
            RenderText {#text} at (0,150) size 44x25
              text run at (0,150) width 44: "&&&&"
            RenderBR {BR} at (44,150) size 0x25
            RenderText {#text} at (0,175) size 12x25
              text run at (0,175) width 12: "''''"
            RenderBR {BR} at (12,175) size 0x25
            RenderText {#text} at (0,200) size 20x25
              text run at (0,200) width 20: "(((("
            RenderBR {BR} at (20,200) size 0x25
            RenderText {#text} at (0,225) size 20x25
              text run at (0,225) width 20: "))))"
            RenderBR {BR} at (20,225) size 0x25
            RenderText {#text} at (0,250) size 24x25
              text run at (0,250) width 24: "****"
            RenderBR {BR} at (24,250) size 0x25
            RenderText {#text} at (0,275) size 36x25
              text run at (0,275) width 36: "++++"
            RenderBR {BR} at (36,275) size 0x25
            RenderText {#text} at (0,300) size 12x25
              text run at (0,300) width 12: ",,,,"
            RenderBR {BR} at (12,300) size 0x25
            RenderText {#text} at (0,325) size 23x25
              text run at (0,325) width 23: "----"
            RenderBR {BR} at (22,325) size 1x25
            RenderText {#text} at (0,350) size 12x25
              text run at (0,350) width 12: "...."
            RenderBR {BR} at (12,350) size 0x25
            RenderText {#text} at (0,375) size 40x25
              text run at (0,375) width 40: "////"
            RenderBR {BR} at (40,375) size 0x25
            RenderText {#text} at (0,400) size 36x25
              text run at (0,400) width 36: "0000"
            RenderBR {BR} at (36,400) size 0x25
            RenderText {#text} at (0,425) size 36x25
              text run at (0,425) width 36: "1111"
            RenderBR {BR} at (36,425) size 0x25
            RenderText {#text} at (0,450) size 36x25
              text run at (0,450) width 36: "2222"
            RenderBR {BR} at (36,450) size 0x25
            RenderText {#text} at (0,475) size 36x25
              text run at (0,475) width 36: "3333"
            RenderBR {BR} at (36,475) size 0x25
            RenderText {#text} at (0,500) size 36x25
              text run at (0,500) width 36: "4444"
            RenderBR {BR} at (36,500) size 0x25
            RenderText {#text} at (0,525) size 36x25
              text run at (0,525) width 36: "5555"
            RenderBR {BR} at (36,525) size 0x25
            RenderText {#text} at (0,550) size 36x25
              text run at (0,550) width 36: "6666"
            RenderBR {BR} at (36,550) size 0x25
            RenderText {#text} at (0,575) size 36x25
              text run at (0,575) width 36: "7777"
            RenderBR {BR} at (36,575) size 0x25
            RenderText {#text} at (0,600) size 36x25
              text run at (0,600) width 36: "8888"
            RenderBR {BR} at (36,600) size 0x25
            RenderText {#text} at (0,625) size 36x25
              text run at (0,625) width 36: "9999"
            RenderBR {BR} at (36,625) size 0x25
            RenderText {#text} at (0,650) size 12x25
              text run at (0,650) width 12: "::::"
            RenderBR {BR} at (12,650) size 0x25
            RenderText {#text} at (0,675) size 12x25
              text run at (0,675) width 12: ";;;;"
            RenderBR {BR} at (12,675) size 0x25
            RenderText {#text} at (0,700) size 36x25
              text run at (0,700) width 36: "<<<<"
            RenderBR {BR} at (36,700) size 0x25
            RenderText {#text} at (0,725) size 36x25
              text run at (0,725) width 36: "===="
            RenderBR {BR} at (36,725) size 0x25
            RenderText {#text} at (0,750) size 36x25
              text run at (0,750) width 36: ">>>>"
            RenderBR {BR} at (36,750) size 0x25
            RenderText {#text} at (0,775) size 24x25
              text run at (0,775) width 24: "????"
            RenderBR {BR} at (24,775) size 0x25
            RenderText {#text} at (0,800) size 52x25
              text run at (0,800) width 52: "@@@@"
            RenderBR {BR} at (52,800) size 0x25
            RenderText {#text} at (0,825) size 64x25
              text run at (0,825) width 64: "AAAA"
            RenderBR {BR} at (64,825) size 0x25
            RenderText {#text} at (0,850) size 64x25
              text run at (0,850) width 64: "BBBB"
            RenderBR {BR} at (64,850) size 0x25
            RenderText {#text} at (0,875) size 64x25
              text run at (0,875) width 64: "CCCC"
            RenderBR {BR} at (64,875) size 0x25
            RenderText {#text} at (0,900) size 64x25
              text run at (0,900) width 64: "DDDD"
            RenderBR {BR} at (64,900) size 0x25
            RenderText {#text} at (0,925) size 64x25
              text run at (0,925) width 64: "EEEE"
            RenderBR {BR} at (64,925) size 0x25
            RenderText {#text} at (0,950) size 48x25
              text run at (0,950) width 48: "FFFF"
            RenderBR {BR} at (48,950) size 0x25
            RenderText {#text} at (0,975) size 64x25
              text run at (0,975) width 64: "GGGG"
            RenderBR {BR} at (64,975) size 0x25
            RenderText {#text} at (0,1000) size 64x25
              text run at (0,1000) width 64: "HHHH"
            RenderBR {BR} at (64,1000) size 0x25
            RenderText {#text} at (0,1025) size 16x25
              text run at (0,1025) width 16: "IIII"
            RenderBR {BR} at (16,1025) size 0x25
            RenderText {#text} at (0,1050) size 44x25
              text run at (0,1050) width 44: "JJJJ"
            RenderBR {BR} at (44,1050) size 0x25
            RenderText {#text} at (0,1075) size 56x25
              text run at (0,1075) width 56: "KKKK"
            RenderBR {BR} at (56,1075) size 0x25
            RenderText {#text} at (0,1100) size 48x25
              text run at (0,1100) width 48: "LLLL"
            RenderBR {BR} at (48,1100) size 0x25
            RenderText {#text} at (0,1125) size 68x25
              text run at (0,1125) width 68: "MMMM"
            RenderBR {BR} at (68,1125) size 0x25
            RenderText {#text} at (0,1150) size 60x25
              text run at (0,1150) width 60: "NNNN"
            RenderBR {BR} at (60,1150) size 0x25
            RenderText {#text} at (0,1175) size 72x25
              text run at (0,1175) width 72: "OOOO"
            RenderBR {BR} at (72,1175) size 0x25
            RenderText {#text} at (0,1200) size 44x25
              text run at (0,1200) width 44: "PPPP"
            RenderBR {BR} at (44,1200) size 0x25
            RenderText {#text} at (0,1225) size 72x25
              text run at (0,1225) width 72: "QQQQ"
            RenderBR {BR} at (72,1225) size 0x25
            RenderText {#text} at (0,1250) size 52x25
              text run at (0,1250) width 52: "RRRR"
            RenderBR {BR} at (52,1250) size 0x25
            RenderText {#text} at (0,1275) size 64x25
              text run at (0,1275) width 64: "SSSS"
            RenderBR {BR} at (64,1275) size 0x25
            RenderText {#text} at (0,1300) size 60x25
              text run at (0,1300) width 60: "TTTT"
            RenderBR {BR} at (60,1300) size 0x25
            RenderText {#text} at (0,1325) size 64x25
              text run at (0,1325) width 64: "UUUU"
            RenderBR {BR} at (64,1325) size 0x25
            RenderText {#text} at (0,1350) size 48x25
              text run at (0,1350) width 48: "VVVV"
            RenderBR {BR} at (48,1350) size 0x25
            RenderText {#text} at (0,1375) size 68x25
              text run at (0,1375) width 68: "WWWW"
            RenderBR {BR} at (68,1375) size 0x25
            RenderText {#text} at (0,1400) size 48x25
              text run at (0,1400) width 48: "XXXX"
            RenderBR {BR} at (48,1400) size 0x25
            RenderText {#text} at (0,1425) size 52x25
              text run at (0,1425) width 52: "YYYY"
            RenderBR {BR} at (52,1425) size 0x25
            RenderText {#text} at (0,1450) size 52x25
              text run at (0,1450) width 52: "ZZZZ"
            RenderBR {BR} at (52,1450) size 0x25
            RenderText {#text} at (0,1475) size 20x25
              text run at (0,1475) width 20: "[[[["
            RenderBR {BR} at (20,1475) size 0x25
            RenderText {#text} at (0,1500) size 36x25
              text run at (0,1500) width 36: "\\\\\\\\"
            RenderBR {BR} at (36,1500) size 0x25
            RenderText {#text} at (0,1525) size 20x25
              text run at (0,1525) width 20: "]]]]"
            RenderBR {BR} at (20,1525) size 0x25
            RenderText {#text} at (0,1550) size 36x25
              text run at (0,1550) width 36: "^^^^"
            RenderBR {BR} at (36,1550) size 0x25
            RenderText {#text} at (0,1575) size 36x25
              text run at (0,1575) width 36: "____"
            RenderBR {BR} at (36,1575) size 0x25
            RenderText {#text} at (0,1600) size 28x25
              text run at (0,1600) width 28: "````"
            RenderBR {BR} at (28,1600) size 0x25
            RenderText {#text} at (0,1625) size 32x25
              text run at (0,1625) width 32: "aaaa"
            RenderBR {BR} at (32,1625) size 0x25
            RenderText {#text} at (0,1650) size 36x25
              text run at (0,1650) width 36: "bbbb"
            RenderBR {BR} at (36,1650) size 0x25
            RenderText {#text} at (0,1675) size 32x25
              text run at (0,1675) width 32: "cccc"
            RenderBR {BR} at (32,1675) size 0x25
            RenderText {#text} at (0,1700) size 36x25
              text run at (0,1700) width 36: "dddd"
            RenderBR {BR} at (36,1700) size 0x25
            RenderText {#text} at (0,1725) size 32x25
              text run at (0,1725) width 32: "eeee"
            RenderBR {BR} at (32,1725) size 0x25
            RenderText {#text} at (0,1750) size 24x25
              text run at (0,1750) width 24: "ffff"
            RenderBR {BR} at (24,1750) size 0x25
            RenderText {#text} at (0,1775) size 32x25
              text run at (0,1775) width 32: "gggg"
            RenderBR {BR} at (32,1775) size 0x25
            RenderText {#text} at (0,1800) size 32x25
              text run at (0,1800) width 32: "hhhh"
            RenderBR {BR} at (32,1800) size 0x25
            RenderText {#text} at (0,1825) size 12x25
              text run at (0,1825) width 12: "iiii"
            RenderBR {BR} at (12,1825) size 0x25
            RenderText {#text} at (0,1850) size 12x25
              text run at (0,1850) width 12: "jjjj"
            RenderBR {BR} at (12,1850) size 0x25
            RenderText {#text} at (0,1875) size 32x25
              text run at (0,1875) width 32: "kkkk"
            RenderBR {BR} at (32,1875) size 0x25
            RenderText {#text} at (0,1900) size 12x25
              text run at (0,1900) width 12: "llll"
            RenderBR {BR} at (12,1900) size 0x25
            RenderText {#text} at (0,1925) size 40x25
              text run at (0,1925) width 40: "mmmm"
            RenderBR {BR} at (40,1925) size 0x25
            RenderText {#text} at (0,1950) size 32x25
              text run at (0,1950) width 32: "nnnn"
            RenderBR {BR} at (32,1950) size 0x25
            RenderText {#text} at (0,1975) size 36x25
              text run at (0,1975) width 36: "oooo"
            RenderBR {BR} at (36,1975) size 0x25
            RenderText {#text} at (0,2000) size 36x25
              text run at (0,2000) width 36: "pppp"
            RenderBR {BR} at (36,2000) size 0x25
            RenderText {#text} at (0,2025) size 36x25
              text run at (0,2025) width 36: "qqqq"
            RenderBR {BR} at (36,2025) size 0x25
            RenderText {#text} at (0,2050) size 20x25
              text run at (0,2050) width 20: "rrrr"
            RenderBR {BR} at (20,2050) size 0x25
            RenderText {#text} at (0,2075) size 28x25
              text run at (0,2075) width 28: "ssss"
            RenderBR {BR} at (28,2075) size 0x25
            RenderText {#text} at (0,2100) size 24x25
              text run at (0,2100) width 24: "tttt"
            RenderBR {BR} at (24,2100) size 0x25
            RenderText {#text} at (0,2125) size 32x25
              text run at (0,2125) width 32: "uuuu"
            RenderBR {BR} at (32,2125) size 0x25
            RenderText {#text} at (0,2150) size 28x25
              text run at (0,2150) width 28: "vvvv"
            RenderBR {BR} at (28,2150) size 0x25
            RenderText {#text} at (0,2175) size 40x25
              text run at (0,2175) width 40: "wwww"
            RenderBR {BR} at (40,2175) size 0x25
            RenderText {#text} at (0,2200) size 28x25
              text run at (0,2200) width 28: "xxxx"
            RenderBR {BR} at (28,2200) size 0x25
            RenderText {#text} at (0,2225) size 32x25
              text run at (0,2225) width 32: "yyyy"
            RenderBR {BR} at (32,2225) size 0x25
            RenderText {#text} at (0,2250) size 24x25
              text run at (0,2250) width 24: "zzzz"
            RenderBR {BR} at (24,2250) size 0x25
            RenderText {#text} at (0,2275) size 28x25
              text run at (0,2275) width 28: "{{{{"
            RenderBR {BR} at (28,2275) size 0x25
            RenderText {#text} at (0,2300) size 36x25
              text run at (0,2300) width 36: "||||"
            RenderBR {BR} at (36,2300) size 0x25
            RenderText {#text} at (0,2325) size 28x25
              text run at (0,2325) width 28: "}}}}"
            RenderBR {BR} at (28,2325) size 0x25
          RenderText {#text} at (0,0) size 0x0
      RenderBlock {P} at (0,4791) size 769x2350
        RenderInline {FONT} at (0,0) size 72x2350
          RenderText {#text} at (0,0) size 0x0
          RenderInline {I} at (0,0) size 72x2350
            RenderText {#text} at (0,0) size 14x25
              text run at (0,0) width 14: "    "
            RenderBR {BR} at (13,0) size 1x25
            RenderText {#text} at (0,25) size 12x25
              text run at (0,25) width 12: "!!!!"
            RenderBR {BR} at (12,25) size 0x25
            RenderText {#text} at (0,50) size 24x25
              text run at (0,50) width 24: "\"\"\"\""
            RenderBR {BR} at (24,50) size 0x25
            RenderText {#text} at (0,75) size 36x25
              text run at (0,75) width 36: "####"
            RenderBR {BR} at (36,75) size 0x25
            RenderText {#text} at (0,100) size 36x25
              text run at (0,100) width 36: "$$$$"
            RenderBR {BR} at (36,100) size 0x25
            RenderText {#text} at (0,125) size 44x25
              text run at (0,125) width 44: "%%%%"
            RenderBR {BR} at (44,125) size 0x25
            RenderText {#text} at (0,150) size 44x25
              text run at (0,150) width 44: "&&&&"
            RenderBR {BR} at (44,150) size 0x25
            RenderText {#text} at (0,175) size 12x25
              text run at (0,175) width 12: "''''"
            RenderBR {BR} at (12,175) size 0x25
            RenderText {#text} at (0,200) size 20x25
              text run at (0,200) width 20: "(((("
            RenderBR {BR} at (20,200) size 0x25
            RenderText {#text} at (0,225) size 20x25
              text run at (0,225) width 20: "))))"
            RenderBR {BR} at (20,225) size 0x25
            RenderText {#text} at (0,250) size 24x25
              text run at (0,250) width 24: "****"
            RenderBR {BR} at (24,250) size 0x25
            RenderText {#text} at (0,275) size 36x25
              text run at (0,275) width 36: "++++"
            RenderBR {BR} at (36,275) size 0x25
            RenderText {#text} at (0,300) size 12x25
              text run at (0,300) width 12: ",,,,"
            RenderBR {BR} at (12,300) size 0x25
            RenderText {#text} at (0,325) size 22x25
              text run at (0,325) width 22: "----"
            RenderBR {BR} at (21,325) size 1x25
            RenderText {#text} at (0,350) size 12x25
              text run at (0,350) width 12: "...."
            RenderBR {BR} at (12,350) size 0x25
            RenderText {#text} at (0,375) size 40x25
              text run at (0,375) width 40: "////"
            RenderBR {BR} at (40,375) size 0x25
            RenderText {#text} at (0,400) size 36x25
              text run at (0,400) width 36: "0000"
            RenderBR {BR} at (36,400) size 0x25
            RenderText {#text} at (0,425) size 36x25
              text run at (0,425) width 36: "1111"
            RenderBR {BR} at (36,425) size 0x25
            RenderText {#text} at (0,450) size 36x25
              text run at (0,450) width 36: "2222"
            RenderBR {BR} at (36,450) size 0x25
            RenderText {#text} at (0,475) size 36x25
              text run at (0,475) width 36: "3333"
            RenderBR {BR} at (36,475) size 0x25
            RenderText {#text} at (0,500) size 36x25
              text run at (0,500) width 36: "4444"
            RenderBR {BR} at (36,500) size 0x25
            RenderText {#text} at (0,525) size 36x25
              text run at (0,525) width 36: "5555"
            RenderBR {BR} at (36,525) size 0x25
            RenderText {#text} at (0,550) size 36x25
              text run at (0,550) width 36: "6666"
            RenderBR {BR} at (36,550) size 0x25
            RenderText {#text} at (0,575) size 36x25
              text run at (0,575) width 36: "7777"
            RenderBR {BR} at (36,575) size 0x25
            RenderText {#text} at (0,600) size 36x25
              text run at (0,600) width 36: "8888"
            RenderBR {BR} at (36,600) size 0x25
            RenderText {#text} at (0,625) size 36x25
              text run at (0,625) width 36: "9999"
            RenderBR {BR} at (36,625) size 0x25
            RenderText {#text} at (0,650) size 12x25
              text run at (0,650) width 12: "::::"
            RenderBR {BR} at (12,650) size 0x25
            RenderText {#text} at (0,675) size 12x25
              text run at (0,675) width 12: ";;;;"
            RenderBR {BR} at (12,675) size 0x25
            RenderText {#text} at (0,700) size 36x25
              text run at (0,700) width 36: "<<<<"
            RenderBR {BR} at (36,700) size 0x25
            RenderText {#text} at (0,725) size 36x25
              text run at (0,725) width 36: "===="
            RenderBR {BR} at (36,725) size 0x25
            RenderText {#text} at (0,750) size 36x25
              text run at (0,750) width 36: ">>>>"
            RenderBR {BR} at (36,750) size 0x25
            RenderText {#text} at (0,775) size 24x25
              text run at (0,775) width 24: "????"
            RenderBR {BR} at (24,775) size 0x25
            RenderText {#text} at (0,800) size 52x25
              text run at (0,800) width 52: "@@@@"
            RenderBR {BR} at (52,800) size 0x25
            RenderText {#text} at (0,825) size 64x25
              text run at (0,825) width 64: "AAAA"
            RenderBR {BR} at (64,825) size 0x25
            RenderText {#text} at (0,850) size 64x25
              text run at (0,850) width 64: "BBBB"
            RenderBR {BR} at (64,850) size 0x25
            RenderText {#text} at (0,875) size 64x25
              text run at (0,875) width 64: "CCCC"
            RenderBR {BR} at (64,875) size 0x25
            RenderText {#text} at (0,900) size 64x25
              text run at (0,900) width 64: "DDDD"
            RenderBR {BR} at (64,900) size 0x25
            RenderText {#text} at (0,925) size 64x25
              text run at (0,925) width 64: "EEEE"
            RenderBR {BR} at (64,925) size 0x25
            RenderText {#text} at (0,950) size 48x25
              text run at (0,950) width 48: "FFFF"
            RenderBR {BR} at (48,950) size 0x25
            RenderText {#text} at (0,975) size 64x25
              text run at (0,975) width 64: "GGGG"
            RenderBR {BR} at (64,975) size 0x25
            RenderText {#text} at (0,1000) size 64x25
              text run at (0,1000) width 64: "HHHH"
            RenderBR {BR} at (64,1000) size 0x25
            RenderText {#text} at (0,1025) size 16x25
              text run at (0,1025) width 16: "IIII"
            RenderBR {BR} at (16,1025) size 0x25
            RenderText {#text} at (0,1050) size 44x25
              text run at (0,1050) width 44: "JJJJ"
            RenderBR {BR} at (44,1050) size 0x25
            RenderText {#text} at (0,1075) size 56x25
              text run at (0,1075) width 56: "KKKK"
            RenderBR {BR} at (56,1075) size 0x25
            RenderText {#text} at (0,1100) size 48x25
              text run at (0,1100) width 48: "LLLL"
            RenderBR {BR} at (48,1100) size 0x25
            RenderText {#text} at (0,1125) size 64x25
              text run at (0,1125) width 64: "MMMM"
            RenderBR {BR} at (64,1125) size 0x25
            RenderText {#text} at (0,1150) size 60x25
              text run at (0,1150) width 60: "NNNN"
            RenderBR {BR} at (60,1150) size 0x25
            RenderText {#text} at (0,1175) size 72x25
              text run at (0,1175) width 72: "OOOO"
            RenderBR {BR} at (72,1175) size 0x25
            RenderText {#text} at (0,1200) size 44x25
              text run at (0,1200) width 44: "PPPP"
            RenderBR {BR} at (44,1200) size 0x25
            RenderText {#text} at (0,1225) size 72x25
              text run at (0,1225) width 72: "QQQQ"
            RenderBR {BR} at (72,1225) size 0x25
            RenderText {#text} at (0,1250) size 52x25
              text run at (0,1250) width 52: "RRRR"
            RenderBR {BR} at (52,1250) size 0x25
            RenderText {#text} at (0,1275) size 60x25
              text run at (0,1275) width 60: "SSSS"
            RenderBR {BR} at (60,1275) size 0x25
            RenderText {#text} at (0,1300) size 60x25
              text run at (0,1300) width 60: "TTTT"
            RenderBR {BR} at (60,1300) size 0x25
            RenderText {#text} at (0,1325) size 64x25
              text run at (0,1325) width 64: "UUUU"
            RenderBR {BR} at (64,1325) size 0x25
            RenderText {#text} at (0,1350) size 48x25
              text run at (0,1350) width 48: "VVVV"
            RenderBR {BR} at (48,1350) size 0x25
            RenderText {#text} at (0,1375) size 68x25
              text run at (0,1375) width 68: "WWWW"
            RenderBR {BR} at (68,1375) size 0x25
            RenderText {#text} at (0,1400) size 48x25
              text run at (0,1400) width 48: "XXXX"
            RenderBR {BR} at (48,1400) size 0x25
            RenderText {#text} at (0,1425) size 52x25
              text run at (0,1425) width 52: "YYYY"
            RenderBR {BR} at (52,1425) size 0x25
            RenderText {#text} at (0,1450) size 52x25
              text run at (0,1450) width 52: "ZZZZ"
            RenderBR {BR} at (52,1450) size 0x25
            RenderText {#text} at (0,1475) size 20x25
              text run at (0,1475) width 20: "[[[["
            RenderBR {BR} at (20,1475) size 0x25
            RenderText {#text} at (0,1500) size 36x25
              text run at (0,1500) width 36: "\\\\\\\\"
            RenderBR {BR} at (36,1500) size 0x25
            RenderText {#text} at (0,1525) size 20x25
              text run at (0,1525) width 20: "]]]]"
            RenderBR {BR} at (20,1525) size 0x25
            RenderText {#text} at (0,1550) size 36x25
              text run at (0,1550) width 36: "^^^^"
            RenderBR {BR} at (36,1550) size 0x25
            RenderText {#text} at (0,1575) size 36x25
              text run at (0,1575) width 36: "____"
            RenderBR {BR} at (36,1575) size 0x25
            RenderText {#text} at (0,1600) size 28x25
              text run at (0,1600) width 28: "````"
            RenderBR {BR} at (28,1600) size 0x25
            RenderText {#text} at (0,1625) size 32x25
              text run at (0,1625) width 32: "aaaa"
            RenderBR {BR} at (32,1625) size 0x25
            RenderText {#text} at (0,1650) size 36x25
              text run at (0,1650) width 36: "bbbb"
            RenderBR {BR} at (36,1650) size 0x25
            RenderText {#text} at (0,1675) size 28x25
              text run at (0,1675) width 28: "cccc"
            RenderBR {BR} at (28,1675) size 0x25
            RenderText {#text} at (0,1700) size 36x25
              text run at (0,1700) width 36: "dddd"
            RenderBR {BR} at (36,1700) size 0x25
            RenderText {#text} at (0,1725) size 32x25
              text run at (0,1725) width 32: "eeee"
            RenderBR {BR} at (32,1725) size 0x25
            RenderText {#text} at (0,1750) size 24x25
              text run at (0,1750) width 24: "ffff"
            RenderBR {BR} at (24,1750) size 0x25
            RenderText {#text} at (0,1775) size 32x25
              text run at (0,1775) width 32: "gggg"
            RenderBR {BR} at (32,1775) size 0x25
            RenderText {#text} at (0,1800) size 32x25
              text run at (0,1800) width 32: "hhhh"
            RenderBR {BR} at (32,1800) size 0x25
            RenderText {#text} at (0,1825) size 12x25
              text run at (0,1825) width 12: "iiii"
            RenderBR {BR} at (12,1825) size 0x25
            RenderText {#text} at (0,1850) size 12x25
              text run at (0,1850) width 12: "jjjj"
            RenderBR {BR} at (12,1850) size 0x25
            RenderText {#text} at (0,1875) size 32x25
              text run at (0,1875) width 32: "kkkk"
            RenderBR {BR} at (32,1875) size 0x25
            RenderText {#text} at (0,1900) size 12x25
              text run at (0,1900) width 12: "llll"
            RenderBR {BR} at (12,1900) size 0x25
            RenderText {#text} at (0,1925) size 40x25
              text run at (0,1925) width 40: "mmmm"
            RenderBR {BR} at (40,1925) size 0x25
            RenderText {#text} at (0,1950) size 32x25
              text run at (0,1950) width 32: "nnnn"
            RenderBR {BR} at (32,1950) size 0x25
            RenderText {#text} at (0,1975) size 36x25
              text run at (0,1975) width 36: "oooo"
            RenderBR {BR} at (36,1975) size 0x25
            RenderText {#text} at (0,2000) size 36x25
              text run at (0,2000) width 36: "pppp"
            RenderBR {BR} at (36,2000) size 0x25
            RenderText {#text} at (0,2025) size 36x25
              text run at (0,2025) width 36: "qqqq"
            RenderBR {BR} at (36,2025) size 0x25
            RenderText {#text} at (0,2050) size 20x25
              text run at (0,2050) width 20: "rrrr"
            RenderBR {BR} at (20,2050) size 0x25
            RenderText {#text} at (0,2075) size 28x25
              text run at (0,2075) width 28: "ssss"
            RenderBR {BR} at (28,2075) size 0x25
            RenderText {#text} at (0,2100) size 24x25
              text run at (0,2100) width 24: "tttt"
            RenderBR {BR} at (24,2100) size 0x25
            RenderText {#text} at (0,2125) size 32x25
              text run at (0,2125) width 32: "uuuu"
            RenderBR {BR} at (32,2125) size 0x25
            RenderText {#text} at (0,2150) size 28x25
              text run at (0,2150) width 28: "vvvv"
            RenderBR {BR} at (28,2150) size 0x25
            RenderText {#text} at (0,2175) size 40x25
              text run at (0,2175) width 40: "wwww"
            RenderBR {BR} at (40,2175) size 0x25
            RenderText {#text} at (0,2200) size 28x25
              text run at (0,2200) width 28: "xxxx"
            RenderBR {BR} at (28,2200) size 0x25
            RenderText {#text} at (0,2225) size 32x25
              text run at (0,2225) width 32: "yyyy"
            RenderBR {BR} at (32,2225) size 0x25
            RenderText {#text} at (0,2250) size 24x25
              text run at (0,2250) width 24: "zzzz"
            RenderBR {BR} at (24,2250) size 0x25
            RenderText {#text} at (0,2275) size 28x25
              text run at (0,2275) width 28: "{{{{"
            RenderBR {BR} at (28,2275) size 0x25
            RenderText {#text} at (0,2300) size 36x25
              text run at (0,2300) width 36: "||||"
            RenderBR {BR} at (36,2300) size 0x25
            RenderText {#text} at (0,2325) size 28x25
              text run at (0,2325) width 28: "}}}}"
            RenderBR {BR} at (28,2325) size 0x25
          RenderText {#text} at (0,0) size 0x0
        RenderText {#text} at (0,0) size 0x0
