layer at (0,0) size 785x5069
  RenderView at (0,0) size 785x600
layer at (0,0) size 785x5069
  RenderBlock {HTML} at (0,0) size 785x5069
    RenderBody {BODY} at (8,8) size 769x5045
      RenderBlock (anonymous) at (0,0) size 769x20
        RenderText {#text} at (0,0) size 336x19
          text run at (0,0) width 336: "This tests font choices and metrics for monospace fonts."
      RenderBlock {P} at (0,36) size 769x140
        RenderInline {FONT} at (0,0) size 767x139
          RenderText {#text} at (0,0) size 51x19
            text run at (0,0) width 51: "Monaco"
          RenderBR {BR} at (51,0) size 0x19
          RenderText {#text} at (0,20) size 767x39
            text run at (0,20) width 767: "  ! \" # $ % & ' ( ) * + , - . / 0 1 2 3 4 5 6 7 8 9 : ; < = > ? @ A B C D E F G H I J K L M N O P Q R S T U V W X Y Z [ \\ ]"
            text run at (0,40) width 351: "^ _ ` a b c d e f g h i j k l m n o p q r s t u v w x y z { | } >"
          RenderBR {BR} at (351,40) size 0x19
          RenderInline {B} at (0,0) size 766x39
            RenderText {#text} at (0,60) size 766x39
              text run at (0,60) width 766: "  ! \" # $ % & ' ( ) * + , - . / 0 1 2 3 4 5 6 7 8 9 : ; < = > ? @ A B C D E F G H I J K L M N O P Q R S T U V W X Y Z"
              text run at (0,80) width 395: "[ \\ ] ^ _ ` a b c d e f g h i j k l m n o p q r s t u v w x y z { | } > "
          RenderBR {BR} at (395,80) size 0x19
          RenderInline {I} at (0,0) size 763x39
            RenderText {#text} at (0,100) size 763x39
              text run at (0,100) width 763: "  ! \" # $ % & ' ( ) * + , - . / 0 1 2 3 4 5 6 7 8 9 : ; < = > ? @ A B C D E F G H I J K L M N O P Q R S T U V W X Y Z [ \\"
              text run at (0,120) width 375: "] ^ _ ` a b c d e f g h i j k l m n o p q r s t u v w x y z { | } >"
          RenderText {#text} at (0,0) size 0x0
        RenderText {#text} at (0,0) size 0x0
      RenderBlock {P} at (0,192) size 769x183
        RenderInline {FONT} at (0,0) size 750x182
          RenderText {#text} at (0,0) size 70x18
            text run at (0,0) width 70: "Courier"
          RenderBR {BR} at (70,0) size 0x18
          RenderText {#text} at (0,18) size 750x54
            text run at (0,18) width 750: "  ! \" # $ % & ' ( ) * + , - . / 0 1 2 3 4 5 6 7 8 9 : ; < = > ? @ A B C D E"
            text run at (0,36) width 750: "F G H I J K L M N O P Q R S T U V W X Y Z [ \\ ] ^ _ ` a b c d e f g h i j k"
            text run at (0,54) width 370: "l m n o p q r s t u v w x y z { | } >"
          RenderBR {BR} at (370,54) size 0x18
          RenderInline {B} at (0,0) size 750x54
            RenderText {#text} at (0,72) size 750x54
              text run at (0,72) width 750: "  ! \" # $ % & ' ( ) * + , - . / 0 1 2 3 4 5 6 7 8 9 : ; < = > ? @ A B C D E"
              text run at (0,90) width 750: "F G H I J K L M N O P Q R S T U V W X Y Z [ \\ ] ^ _ ` a b c d e f g h i j k"
              text run at (0,108) width 380: "l m n o p q r s t u v w x y z { | } > "
          RenderBR {BR} at (380,107) size 0x18
          RenderInline {I} at (0,0) size 750x57
            RenderText {#text} at (0,126) size 750x57
              text run at (0,126) width 750: "  ! \" # $ % & ' ( ) * + , - . / 0 1 2 3 4 5 6 7 8 9 : ; < = > ? @ A B C D E"
              text run at (0,145) width 750: "F G H I J K L M N O P Q R S T U V W X Y Z [ \\ ] ^ _ ` a b c d e f g h i j k"
              text run at (0,164) width 370: "l m n o p q r s t u v w x y z { | } >"
          RenderText {#text} at (0,0) size 0x0
        RenderText {#text} at (0,0) size 0x0
      RenderBlock {P} at (0,391) size 769x1520
        RenderInline {FONT} at (0,0) size 72x1520
          RenderText {#text} at (0,0) size 72x16
            text run at (0,0) width 72: "monospace"
          RenderBR {BR} at (72,0) size 0x16
          RenderText {#text} at (0,16) size 32x16
            text run at (0,16) width 32: "    "
          RenderBR {BR} at (32,16) size 0x16
          RenderText {#text} at (0,32) size 32x16
            text run at (0,32) width 32: "!!!!"
          RenderBR {BR} at (32,32) size 0x16
          RenderText {#text} at (0,48) size 32x16
            text run at (0,48) width 32: "\"\"\"\""
          RenderBR {BR} at (32,48) size 0x16
          RenderText {#text} at (0,64) size 32x16
            text run at (0,64) width 32: "####"
          RenderBR {BR} at (32,64) size 0x16
          RenderText {#text} at (0,80) size 32x16
            text run at (0,80) width 32: "$$$$"
          RenderBR {BR} at (32,80) size 0x16
          RenderText {#text} at (0,96) size 32x16
            text run at (0,96) width 32: "%%%%"
          RenderBR {BR} at (32,96) size 0x16
          RenderText {#text} at (0,112) size 32x16
            text run at (0,112) width 32: "&&&&"
          RenderBR {BR} at (32,112) size 0x16
          RenderText {#text} at (0,128) size 32x16
            text run at (0,128) width 32: "''''"
          RenderBR {BR} at (32,128) size 0x16
          RenderText {#text} at (0,144) size 32x16
            text run at (0,144) width 32: "(((("
          RenderBR {BR} at (32,144) size 0x16
          RenderText {#text} at (0,160) size 32x16
            text run at (0,160) width 32: "))))"
          RenderBR {BR} at (32,160) size 0x16
          RenderText {#text} at (0,176) size 32x16
            text run at (0,176) width 32: "****"
          RenderBR {BR} at (32,176) size 0x16
          RenderText {#text} at (0,192) size 32x16
            text run at (0,192) width 32: "++++"
          RenderBR {BR} at (32,192) size 0x16
          RenderText {#text} at (0,208) size 32x16
            text run at (0,208) width 32: ",,,,"
          RenderBR {BR} at (32,208) size 0x16
          RenderText {#text} at (0,224) size 32x16
            text run at (0,224) width 32: "----"
          RenderBR {BR} at (32,224) size 0x16
          RenderText {#text} at (0,240) size 32x16
            text run at (0,240) width 32: "...."
          RenderBR {BR} at (32,240) size 0x16
          RenderText {#text} at (0,256) size 32x16
            text run at (0,256) width 32: "////"
          RenderBR {BR} at (32,256) size 0x16
          RenderText {#text} at (0,272) size 32x16
            text run at (0,272) width 32: "0000"
          RenderBR {BR} at (32,272) size 0x16
          RenderText {#text} at (0,288) size 32x16
            text run at (0,288) width 32: "1111"
          RenderBR {BR} at (32,288) size 0x16
          RenderText {#text} at (0,304) size 32x16
            text run at (0,304) width 32: "2222"
          RenderBR {BR} at (32,304) size 0x16
          RenderText {#text} at (0,320) size 32x16
            text run at (0,320) width 32: "3333"
          RenderBR {BR} at (32,320) size 0x16
          RenderText {#text} at (0,336) size 32x16
            text run at (0,336) width 32: "4444"
          RenderBR {BR} at (32,336) size 0x16
          RenderText {#text} at (0,352) size 32x16
            text run at (0,352) width 32: "5555"
          RenderBR {BR} at (32,352) size 0x16
          RenderText {#text} at (0,368) size 32x16
            text run at (0,368) width 32: "6666"
          RenderBR {BR} at (32,368) size 0x16
          RenderText {#text} at (0,384) size 32x16
            text run at (0,384) width 32: "7777"
          RenderBR {BR} at (32,384) size 0x16
          RenderText {#text} at (0,400) size 32x16
            text run at (0,400) width 32: "8888"
          RenderBR {BR} at (32,400) size 0x16
          RenderText {#text} at (0,416) size 32x16
            text run at (0,416) width 32: "9999"
          RenderBR {BR} at (32,416) size 0x16
          RenderText {#text} at (0,432) size 32x16
            text run at (0,432) width 32: "::::"
          RenderBR {BR} at (32,432) size 0x16
          RenderText {#text} at (0,448) size 32x16
            text run at (0,448) width 32: ";;;;"
          RenderBR {BR} at (32,448) size 0x16
          RenderText {#text} at (0,464) size 32x16
            text run at (0,464) width 32: "<<<<"
          RenderBR {BR} at (32,464) size 0x16
          RenderText {#text} at (0,480) size 32x16
            text run at (0,480) width 32: "===="
          RenderBR {BR} at (32,480) size 0x16
          RenderText {#text} at (0,496) size 32x16
            text run at (0,496) width 32: ">>>>"
          RenderBR {BR} at (32,496) size 0x16
          RenderText {#text} at (0,512) size 32x16
            text run at (0,512) width 32: "????"
          RenderBR {BR} at (32,512) size 0x16
          RenderText {#text} at (0,528) size 32x16
            text run at (0,528) width 32: "@@@@"
          RenderBR {BR} at (32,528) size 0x16
          RenderText {#text} at (0,544) size 32x16
            text run at (0,544) width 32: "AAAA"
          RenderBR {BR} at (32,544) size 0x16
          RenderText {#text} at (0,560) size 32x16
            text run at (0,560) width 32: "BBBB"
          RenderBR {BR} at (32,560) size 0x16
          RenderText {#text} at (0,576) size 32x16
            text run at (0,576) width 32: "CCCC"
          RenderBR {BR} at (32,576) size 0x16
          RenderText {#text} at (0,592) size 32x16
            text run at (0,592) width 32: "DDDD"
          RenderBR {BR} at (32,592) size 0x16
          RenderText {#text} at (0,608) size 32x16
            text run at (0,608) width 32: "EEEE"
          RenderBR {BR} at (32,608) size 0x16
          RenderText {#text} at (0,624) size 32x16
            text run at (0,624) width 32: "FFFF"
          RenderBR {BR} at (32,624) size 0x16
          RenderText {#text} at (0,640) size 32x16
            text run at (0,640) width 32: "GGGG"
          RenderBR {BR} at (32,640) size 0x16
          RenderText {#text} at (0,656) size 32x16
            text run at (0,656) width 32: "HHHH"
          RenderBR {BR} at (32,656) size 0x16
          RenderText {#text} at (0,672) size 32x16
            text run at (0,672) width 32: "IIII"
          RenderBR {BR} at (32,672) size 0x16
          RenderText {#text} at (0,688) size 32x16
            text run at (0,688) width 32: "JJJJ"
          RenderBR {BR} at (32,688) size 0x16
          RenderText {#text} at (0,704) size 32x16
            text run at (0,704) width 32: "KKKK"
          RenderBR {BR} at (32,704) size 0x16
          RenderText {#text} at (0,720) size 32x16
            text run at (0,720) width 32: "LLLL"
          RenderBR {BR} at (32,720) size 0x16
          RenderText {#text} at (0,736) size 32x16
            text run at (0,736) width 32: "MMMM"
          RenderBR {BR} at (32,736) size 0x16
          RenderText {#text} at (0,752) size 32x16
            text run at (0,752) width 32: "NNNN"
          RenderBR {BR} at (32,752) size 0x16
          RenderText {#text} at (0,768) size 32x16
            text run at (0,768) width 32: "OOOO"
          RenderBR {BR} at (32,768) size 0x16
          RenderText {#text} at (0,784) size 32x16
            text run at (0,784) width 32: "PPPP"
          RenderBR {BR} at (32,784) size 0x16
          RenderText {#text} at (0,800) size 32x16
            text run at (0,800) width 32: "QQQQ"
          RenderBR {BR} at (32,800) size 0x16
          RenderText {#text} at (0,816) size 32x16
            text run at (0,816) width 32: "RRRR"
          RenderBR {BR} at (32,816) size 0x16
          RenderText {#text} at (0,832) size 32x16
            text run at (0,832) width 32: "SSSS"
          RenderBR {BR} at (32,832) size 0x16
          RenderText {#text} at (0,848) size 32x16
            text run at (0,848) width 32: "TTTT"
          RenderBR {BR} at (32,848) size 0x16
          RenderText {#text} at (0,864) size 32x16
            text run at (0,864) width 32: "UUUU"
          RenderBR {BR} at (32,864) size 0x16
          RenderText {#text} at (0,880) size 32x16
            text run at (0,880) width 32: "VVVV"
          RenderBR {BR} at (32,880) size 0x16
          RenderText {#text} at (0,896) size 32x16
            text run at (0,896) width 32: "WWWW"
          RenderBR {BR} at (32,896) size 0x16
          RenderText {#text} at (0,912) size 32x16
            text run at (0,912) width 32: "XXXX"
          RenderBR {BR} at (32,912) size 0x16
          RenderText {#text} at (0,928) size 32x16
            text run at (0,928) width 32: "YYYY"
          RenderBR {BR} at (32,928) size 0x16
          RenderText {#text} at (0,944) size 32x16
            text run at (0,944) width 32: "ZZZZ"
          RenderBR {BR} at (32,944) size 0x16
          RenderText {#text} at (0,960) size 32x16
            text run at (0,960) width 32: "[[[["
          RenderBR {BR} at (32,960) size 0x16
          RenderText {#text} at (0,976) size 32x16
            text run at (0,976) width 32: "\\\\\\\\"
          RenderBR {BR} at (32,976) size 0x16
          RenderText {#text} at (0,992) size 32x16
            text run at (0,992) width 32: "]]]]"
          RenderBR {BR} at (32,992) size 0x16
          RenderText {#text} at (0,1008) size 32x16
            text run at (0,1008) width 32: "^^^^"
          RenderBR {BR} at (32,1008) size 0x16
          RenderText {#text} at (0,1024) size 32x16
            text run at (0,1024) width 32: "____"
          RenderBR {BR} at (32,1024) size 0x16
          RenderText {#text} at (0,1040) size 32x16
            text run at (0,1040) width 32: "````"
          RenderBR {BR} at (32,1040) size 0x16
          RenderText {#text} at (0,1056) size 32x16
            text run at (0,1056) width 32: "aaaa"
          RenderBR {BR} at (32,1056) size 0x16
          RenderText {#text} at (0,1072) size 32x16
            text run at (0,1072) width 32: "bbbb"
          RenderBR {BR} at (32,1072) size 0x16
          RenderText {#text} at (0,1088) size 32x16
            text run at (0,1088) width 32: "cccc"
          RenderBR {BR} at (32,1088) size 0x16
          RenderText {#text} at (0,1104) size 32x16
            text run at (0,1104) width 32: "dddd"
          RenderBR {BR} at (32,1104) size 0x16
          RenderText {#text} at (0,1120) size 32x16
            text run at (0,1120) width 32: "eeee"
          RenderBR {BR} at (32,1120) size 0x16
          RenderText {#text} at (0,1136) size 32x16
            text run at (0,1136) width 32: "ffff"
          RenderBR {BR} at (32,1136) size 0x16
          RenderText {#text} at (0,1152) size 32x16
            text run at (0,1152) width 32: "gggg"
          RenderBR {BR} at (32,1152) size 0x16
          RenderText {#text} at (0,1168) size 32x16
            text run at (0,1168) width 32: "hhhh"
          RenderBR {BR} at (32,1168) size 0x16
          RenderText {#text} at (0,1184) size 32x16
            text run at (0,1184) width 32: "iiii"
          RenderBR {BR} at (32,1184) size 0x16
          RenderText {#text} at (0,1200) size 32x16
            text run at (0,1200) width 32: "jjjj"
          RenderBR {BR} at (32,1200) size 0x16
          RenderText {#text} at (0,1216) size 32x16
            text run at (0,1216) width 32: "kkkk"
          RenderBR {BR} at (32,1216) size 0x16
          RenderText {#text} at (0,1232) size 32x16
            text run at (0,1232) width 32: "llll"
          RenderBR {BR} at (32,1232) size 0x16
          RenderText {#text} at (0,1248) size 32x16
            text run at (0,1248) width 32: "mmmm"
          RenderBR {BR} at (32,1248) size 0x16
          RenderText {#text} at (0,1264) size 32x16
            text run at (0,1264) width 32: "nnnn"
          RenderBR {BR} at (32,1264) size 0x16
          RenderText {#text} at (0,1280) size 32x16
            text run at (0,1280) width 32: "oooo"
          RenderBR {BR} at (32,1280) size 0x16
          RenderText {#text} at (0,1296) size 32x16
            text run at (0,1296) width 32: "pppp"
          RenderBR {BR} at (32,1296) size 0x16
          RenderText {#text} at (0,1312) size 32x16
            text run at (0,1312) width 32: "qqqq"
          RenderBR {BR} at (32,1312) size 0x16
          RenderText {#text} at (0,1328) size 32x16
            text run at (0,1328) width 32: "rrrr"
          RenderBR {BR} at (32,1328) size 0x16
          RenderText {#text} at (0,1344) size 32x16
            text run at (0,1344) width 32: "ssss"
          RenderBR {BR} at (32,1344) size 0x16
          RenderText {#text} at (0,1360) size 32x16
            text run at (0,1360) width 32: "tttt"
          RenderBR {BR} at (32,1360) size 0x16
          RenderText {#text} at (0,1376) size 32x16
            text run at (0,1376) width 32: "uuuu"
          RenderBR {BR} at (32,1376) size 0x16
          RenderText {#text} at (0,1392) size 32x16
            text run at (0,1392) width 32: "vvvv"
          RenderBR {BR} at (32,1392) size 0x16
          RenderText {#text} at (0,1408) size 32x16
            text run at (0,1408) width 32: "wwww"
          RenderBR {BR} at (32,1408) size 0x16
          RenderText {#text} at (0,1424) size 32x16
            text run at (0,1424) width 32: "xxxx"
          RenderBR {BR} at (32,1424) size 0x16
          RenderText {#text} at (0,1440) size 32x16
            text run at (0,1440) width 32: "yyyy"
          RenderBR {BR} at (32,1440) size 0x16
          RenderText {#text} at (0,1456) size 32x16
            text run at (0,1456) width 32: "zzzz"
          RenderBR {BR} at (32,1456) size 0x16
          RenderText {#text} at (0,1472) size 32x16
            text run at (0,1472) width 32: "{{{{"
          RenderBR {BR} at (32,1472) size 0x16
          RenderText {#text} at (0,1488) size 32x16
            text run at (0,1488) width 32: "||||"
          RenderBR {BR} at (32,1488) size 0x16
          RenderText {#text} at (0,1504) size 32x16
            text run at (0,1504) width 32: "}}}}"
          RenderBR {BR} at (32,1504) size 0x16
      RenderBlock {P} at (0,1927) size 769x1504
        RenderInline {FONT} at (0,0) size 32x1504
          RenderText {#text} at (0,0) size 0x0
          RenderInline {B} at (0,0) size 32x1504
            RenderText {#text} at (0,0) size 32x16
              text run at (0,0) width 32: "    "
            RenderBR {BR} at (32,0) size 0x16
            RenderText {#text} at (0,16) size 32x16
              text run at (0,16) width 32: "!!!!"
            RenderBR {BR} at (32,16) size 0x16
            RenderText {#text} at (0,32) size 32x16
              text run at (0,32) width 32: "\"\"\"\""
            RenderBR {BR} at (32,32) size 0x16
            RenderText {#text} at (0,48) size 32x16
              text run at (0,48) width 32: "####"
            RenderBR {BR} at (32,48) size 0x16
            RenderText {#text} at (0,64) size 32x16
              text run at (0,64) width 32: "$$$$"
            RenderBR {BR} at (32,64) size 0x16
            RenderText {#text} at (0,80) size 32x16
              text run at (0,80) width 32: "%%%%"
            RenderBR {BR} at (32,80) size 0x16
            RenderText {#text} at (0,96) size 32x16
              text run at (0,96) width 32: "&&&&"
            RenderBR {BR} at (32,96) size 0x16
            RenderText {#text} at (0,112) size 32x16
              text run at (0,112) width 32: "''''"
            RenderBR {BR} at (32,112) size 0x16
            RenderText {#text} at (0,128) size 32x16
              text run at (0,128) width 32: "(((("
            RenderBR {BR} at (32,128) size 0x16
            RenderText {#text} at (0,144) size 32x16
              text run at (0,144) width 32: "))))"
            RenderBR {BR} at (32,144) size 0x16
            RenderText {#text} at (0,160) size 32x16
              text run at (0,160) width 32: "****"
            RenderBR {BR} at (32,160) size 0x16
            RenderText {#text} at (0,176) size 32x16
              text run at (0,176) width 32: "++++"
            RenderBR {BR} at (32,176) size 0x16
            RenderText {#text} at (0,192) size 32x16
              text run at (0,192) width 32: ",,,,"
            RenderBR {BR} at (32,192) size 0x16
            RenderText {#text} at (0,208) size 32x16
              text run at (0,208) width 32: "----"
            RenderBR {BR} at (32,208) size 0x16
            RenderText {#text} at (0,224) size 32x16
              text run at (0,224) width 32: "...."
            RenderBR {BR} at (32,224) size 0x16
            RenderText {#text} at (0,240) size 32x16
              text run at (0,240) width 32: "////"
            RenderBR {BR} at (32,240) size 0x16
            RenderText {#text} at (0,256) size 32x16
              text run at (0,256) width 32: "0000"
            RenderBR {BR} at (32,256) size 0x16
            RenderText {#text} at (0,272) size 32x16
              text run at (0,272) width 32: "1111"
            RenderBR {BR} at (32,272) size 0x16
            RenderText {#text} at (0,288) size 32x16
              text run at (0,288) width 32: "2222"
            RenderBR {BR} at (32,288) size 0x16
            RenderText {#text} at (0,304) size 32x16
              text run at (0,304) width 32: "3333"
            RenderBR {BR} at (32,304) size 0x16
            RenderText {#text} at (0,320) size 32x16
              text run at (0,320) width 32: "4444"
            RenderBR {BR} at (32,320) size 0x16
            RenderText {#text} at (0,336) size 32x16
              text run at (0,336) width 32: "5555"
            RenderBR {BR} at (32,336) size 0x16
            RenderText {#text} at (0,352) size 32x16
              text run at (0,352) width 32: "6666"
            RenderBR {BR} at (32,352) size 0x16
            RenderText {#text} at (0,368) size 32x16
              text run at (0,368) width 32: "7777"
            RenderBR {BR} at (32,368) size 0x16
            RenderText {#text} at (0,384) size 32x16
              text run at (0,384) width 32: "8888"
            RenderBR {BR} at (32,384) size 0x16
            RenderText {#text} at (0,400) size 32x16
              text run at (0,400) width 32: "9999"
            RenderBR {BR} at (32,400) size 0x16
            RenderText {#text} at (0,416) size 32x16
              text run at (0,416) width 32: "::::"
            RenderBR {BR} at (32,416) size 0x16
            RenderText {#text} at (0,432) size 32x16
              text run at (0,432) width 32: ";;;;"
            RenderBR {BR} at (32,432) size 0x16
            RenderText {#text} at (0,448) size 32x16
              text run at (0,448) width 32: "<<<<"
            RenderBR {BR} at (32,448) size 0x16
            RenderText {#text} at (0,464) size 32x16
              text run at (0,464) width 32: "===="
            RenderBR {BR} at (32,464) size 0x16
            RenderText {#text} at (0,480) size 32x16
              text run at (0,480) width 32: ">>>>"
            RenderBR {BR} at (32,480) size 0x16
            RenderText {#text} at (0,496) size 32x16
              text run at (0,496) width 32: "????"
            RenderBR {BR} at (32,496) size 0x16
            RenderText {#text} at (0,512) size 32x16
              text run at (0,512) width 32: "@@@@"
            RenderBR {BR} at (32,512) size 0x16
            RenderText {#text} at (0,528) size 32x16
              text run at (0,528) width 32: "AAAA"
            RenderBR {BR} at (32,528) size 0x16
            RenderText {#text} at (0,544) size 32x16
              text run at (0,544) width 32: "BBBB"
            RenderBR {BR} at (32,544) size 0x16
            RenderText {#text} at (0,560) size 32x16
              text run at (0,560) width 32: "CCCC"
            RenderBR {BR} at (32,560) size 0x16
            RenderText {#text} at (0,576) size 32x16
              text run at (0,576) width 32: "DDDD"
            RenderBR {BR} at (32,576) size 0x16
            RenderText {#text} at (0,592) size 32x16
              text run at (0,592) width 32: "EEEE"
            RenderBR {BR} at (32,592) size 0x16
            RenderText {#text} at (0,608) size 32x16
              text run at (0,608) width 32: "FFFF"
            RenderBR {BR} at (32,608) size 0x16
            RenderText {#text} at (0,624) size 32x16
              text run at (0,624) width 32: "GGGG"
            RenderBR {BR} at (32,624) size 0x16
            RenderText {#text} at (0,640) size 32x16
              text run at (0,640) width 32: "HHHH"
            RenderBR {BR} at (32,640) size 0x16
            RenderText {#text} at (0,656) size 32x16
              text run at (0,656) width 32: "IIII"
            RenderBR {BR} at (32,656) size 0x16
            RenderText {#text} at (0,672) size 32x16
              text run at (0,672) width 32: "JJJJ"
            RenderBR {BR} at (32,672) size 0x16
            RenderText {#text} at (0,688) size 32x16
              text run at (0,688) width 32: "KKKK"
            RenderBR {BR} at (32,688) size 0x16
            RenderText {#text} at (0,704) size 32x16
              text run at (0,704) width 32: "LLLL"
            RenderBR {BR} at (32,704) size 0x16
            RenderText {#text} at (0,720) size 32x16
              text run at (0,720) width 32: "MMMM"
            RenderBR {BR} at (32,720) size 0x16
            RenderText {#text} at (0,736) size 32x16
              text run at (0,736) width 32: "NNNN"
            RenderBR {BR} at (32,736) size 0x16
            RenderText {#text} at (0,752) size 32x16
              text run at (0,752) width 32: "OOOO"
            RenderBR {BR} at (32,752) size 0x16
            RenderText {#text} at (0,768) size 32x16
              text run at (0,768) width 32: "PPPP"
            RenderBR {BR} at (32,768) size 0x16
            RenderText {#text} at (0,784) size 32x16
              text run at (0,784) width 32: "QQQQ"
            RenderBR {BR} at (32,784) size 0x16
            RenderText {#text} at (0,800) size 32x16
              text run at (0,800) width 32: "RRRR"
            RenderBR {BR} at (32,800) size 0x16
            RenderText {#text} at (0,816) size 32x16
              text run at (0,816) width 32: "SSSS"
            RenderBR {BR} at (32,816) size 0x16
            RenderText {#text} at (0,832) size 32x16
              text run at (0,832) width 32: "TTTT"
            RenderBR {BR} at (32,832) size 0x16
            RenderText {#text} at (0,848) size 32x16
              text run at (0,848) width 32: "UUUU"
            RenderBR {BR} at (32,848) size 0x16
            RenderText {#text} at (0,864) size 32x16
              text run at (0,864) width 32: "VVVV"
            RenderBR {BR} at (32,864) size 0x16
            RenderText {#text} at (0,880) size 32x16
              text run at (0,880) width 32: "WWWW"
            RenderBR {BR} at (32,880) size 0x16
            RenderText {#text} at (0,896) size 32x16
              text run at (0,896) width 32: "XXXX"
            RenderBR {BR} at (32,896) size 0x16
            RenderText {#text} at (0,912) size 32x16
              text run at (0,912) width 32: "YYYY"
            RenderBR {BR} at (32,912) size 0x16
            RenderText {#text} at (0,928) size 32x16
              text run at (0,928) width 32: "ZZZZ"
            RenderBR {BR} at (32,928) size 0x16
            RenderText {#text} at (0,944) size 32x16
              text run at (0,944) width 32: "[[[["
            RenderBR {BR} at (32,944) size 0x16
            RenderText {#text} at (0,960) size 32x16
              text run at (0,960) width 32: "\\\\\\\\"
            RenderBR {BR} at (32,960) size 0x16
            RenderText {#text} at (0,976) size 32x16
              text run at (0,976) width 32: "]]]]"
            RenderBR {BR} at (32,976) size 0x16
            RenderText {#text} at (0,992) size 32x16
              text run at (0,992) width 32: "^^^^"
            RenderBR {BR} at (32,992) size 0x16
            RenderText {#text} at (0,1008) size 32x16
              text run at (0,1008) width 32: "____"
            RenderBR {BR} at (32,1008) size 0x16
            RenderText {#text} at (0,1024) size 32x16
              text run at (0,1024) width 32: "````"
            RenderBR {BR} at (32,1024) size 0x16
            RenderText {#text} at (0,1040) size 32x16
              text run at (0,1040) width 32: "aaaa"
            RenderBR {BR} at (32,1040) size 0x16
            RenderText {#text} at (0,1056) size 32x16
              text run at (0,1056) width 32: "bbbb"
            RenderBR {BR} at (32,1056) size 0x16
            RenderText {#text} at (0,1072) size 32x16
              text run at (0,1072) width 32: "cccc"
            RenderBR {BR} at (32,1072) size 0x16
            RenderText {#text} at (0,1088) size 32x16
              text run at (0,1088) width 32: "dddd"
            RenderBR {BR} at (32,1088) size 0x16
            RenderText {#text} at (0,1104) size 32x16
              text run at (0,1104) width 32: "eeee"
            RenderBR {BR} at (32,1104) size 0x16
            RenderText {#text} at (0,1120) size 32x16
              text run at (0,1120) width 32: "ffff"
            RenderBR {BR} at (32,1120) size 0x16
            RenderText {#text} at (0,1136) size 32x16
              text run at (0,1136) width 32: "gggg"
            RenderBR {BR} at (32,1136) size 0x16
            RenderText {#text} at (0,1152) size 32x16
              text run at (0,1152) width 32: "hhhh"
            RenderBR {BR} at (32,1152) size 0x16
            RenderText {#text} at (0,1168) size 32x16
              text run at (0,1168) width 32: "iiii"
            RenderBR {BR} at (32,1168) size 0x16
            RenderText {#text} at (0,1184) size 32x16
              text run at (0,1184) width 32: "jjjj"
            RenderBR {BR} at (32,1184) size 0x16
            RenderText {#text} at (0,1200) size 32x16
              text run at (0,1200) width 32: "kkkk"
            RenderBR {BR} at (32,1200) size 0x16
            RenderText {#text} at (0,1216) size 32x16
              text run at (0,1216) width 32: "llll"
            RenderBR {BR} at (32,1216) size 0x16
            RenderText {#text} at (0,1232) size 32x16
              text run at (0,1232) width 32: "mmmm"
            RenderBR {BR} at (32,1232) size 0x16
            RenderText {#text} at (0,1248) size 32x16
              text run at (0,1248) width 32: "nnnn"
            RenderBR {BR} at (32,1248) size 0x16
            RenderText {#text} at (0,1264) size 32x16
              text run at (0,1264) width 32: "oooo"
            RenderBR {BR} at (32,1264) size 0x16
            RenderText {#text} at (0,1280) size 32x16
              text run at (0,1280) width 32: "pppp"
            RenderBR {BR} at (32,1280) size 0x16
            RenderText {#text} at (0,1296) size 32x16
              text run at (0,1296) width 32: "qqqq"
            RenderBR {BR} at (32,1296) size 0x16
            RenderText {#text} at (0,1312) size 32x16
              text run at (0,1312) width 32: "rrrr"
            RenderBR {BR} at (32,1312) size 0x16
            RenderText {#text} at (0,1328) size 32x16
              text run at (0,1328) width 32: "ssss"
            RenderBR {BR} at (32,1328) size 0x16
            RenderText {#text} at (0,1344) size 32x16
              text run at (0,1344) width 32: "tttt"
            RenderBR {BR} at (32,1344) size 0x16
            RenderText {#text} at (0,1360) size 32x16
              text run at (0,1360) width 32: "uuuu"
            RenderBR {BR} at (32,1360) size 0x16
            RenderText {#text} at (0,1376) size 32x16
              text run at (0,1376) width 32: "vvvv"
            RenderBR {BR} at (32,1376) size 0x16
            RenderText {#text} at (0,1392) size 32x16
              text run at (0,1392) width 32: "wwww"
            RenderBR {BR} at (32,1392) size 0x16
            RenderText {#text} at (0,1408) size 32x16
              text run at (0,1408) width 32: "xxxx"
            RenderBR {BR} at (32,1408) size 0x16
            RenderText {#text} at (0,1424) size 32x16
              text run at (0,1424) width 32: "yyyy"
            RenderBR {BR} at (32,1424) size 0x16
            RenderText {#text} at (0,1440) size 32x16
              text run at (0,1440) width 32: "zzzz"
            RenderBR {BR} at (32,1440) size 0x16
            RenderText {#text} at (0,1456) size 32x16
              text run at (0,1456) width 32: "{{{{"
            RenderBR {BR} at (32,1456) size 0x16
            RenderText {#text} at (0,1472) size 32x16
              text run at (0,1472) width 32: "||||"
            RenderBR {BR} at (32,1472) size 0x16
            RenderText {#text} at (0,1488) size 32x16
              text run at (0,1488) width 32: "}}}}"
            RenderBR {BR} at (32,1488) size 0x16
          RenderText {#text} at (0,0) size 0x0
      RenderBlock {P} at (0,3447) size 769x1598
        RenderInline {FONT} at (0,0) size 32x1597
          RenderText {#text} at (0,0) size 0x0
          RenderInline {I} at (0,0) size 32x1598
            RenderText {#text} at (0,0) size 32x17
              text run at (0,0) width 32: "    "
            RenderBR {BR} at (32,0) size 0x17
            RenderText {#text} at (0,17) size 32x17
              text run at (0,17) width 32: "!!!!"
            RenderBR {BR} at (32,17) size 0x17
            RenderText {#text} at (0,34) size 32x17
              text run at (0,34) width 32: "\"\"\"\""
            RenderBR {BR} at (32,34) size 0x17
            RenderText {#text} at (0,51) size 32x17
              text run at (0,51) width 32: "####"
            RenderBR {BR} at (32,51) size 0x17
            RenderText {#text} at (0,68) size 32x17
              text run at (0,68) width 32: "$$$$"
            RenderBR {BR} at (32,68) size 0x17
            RenderText {#text} at (0,85) size 32x17
              text run at (0,85) width 32: "%%%%"
            RenderBR {BR} at (32,85) size 0x17
            RenderText {#text} at (0,102) size 32x17
              text run at (0,102) width 32: "&&&&"
            RenderBR {BR} at (32,102) size 0x17
            RenderText {#text} at (0,119) size 32x17
              text run at (0,119) width 32: "''''"
            RenderBR {BR} at (32,119) size 0x17
            RenderText {#text} at (0,136) size 32x17
              text run at (0,136) width 32: "(((("
            RenderBR {BR} at (32,136) size 0x17
            RenderText {#text} at (0,153) size 32x17
              text run at (0,153) width 32: "))))"
            RenderBR {BR} at (32,153) size 0x17
            RenderText {#text} at (0,170) size 32x17
              text run at (0,170) width 32: "****"
            RenderBR {BR} at (32,170) size 0x17
            RenderText {#text} at (0,187) size 32x17
              text run at (0,187) width 32: "++++"
            RenderBR {BR} at (32,187) size 0x17
            RenderText {#text} at (0,204) size 32x17
              text run at (0,204) width 32: ",,,,"
            RenderBR {BR} at (32,204) size 0x17
            RenderText {#text} at (0,221) size 32x17
              text run at (0,221) width 32: "----"
            RenderBR {BR} at (32,221) size 0x17
            RenderText {#text} at (0,238) size 32x17
              text run at (0,238) width 32: "...."
            RenderBR {BR} at (32,238) size 0x17
            RenderText {#text} at (0,255) size 32x17
              text run at (0,255) width 32: "////"
            RenderBR {BR} at (32,255) size 0x17
            RenderText {#text} at (0,272) size 32x17
              text run at (0,272) width 32: "0000"
            RenderBR {BR} at (32,272) size 0x17
            RenderText {#text} at (0,289) size 32x17
              text run at (0,289) width 32: "1111"
            RenderBR {BR} at (32,289) size 0x17
            RenderText {#text} at (0,306) size 32x17
              text run at (0,306) width 32: "2222"
            RenderBR {BR} at (32,306) size 0x17
            RenderText {#text} at (0,323) size 32x17
              text run at (0,323) width 32: "3333"
            RenderBR {BR} at (32,323) size 0x17
            RenderText {#text} at (0,340) size 32x17
              text run at (0,340) width 32: "4444"
            RenderBR {BR} at (32,340) size 0x17
            RenderText {#text} at (0,357) size 32x17
              text run at (0,357) width 32: "5555"
            RenderBR {BR} at (32,357) size 0x17
            RenderText {#text} at (0,374) size 32x17
              text run at (0,374) width 32: "6666"
            RenderBR {BR} at (32,374) size 0x17
            RenderText {#text} at (0,391) size 32x17
              text run at (0,391) width 32: "7777"
            RenderBR {BR} at (32,391) size 0x17
            RenderText {#text} at (0,408) size 32x17
              text run at (0,408) width 32: "8888"
            RenderBR {BR} at (32,408) size 0x17
            RenderText {#text} at (0,425) size 32x17
              text run at (0,425) width 32: "9999"
            RenderBR {BR} at (32,425) size 0x17
            RenderText {#text} at (0,442) size 32x17
              text run at (0,442) width 32: "::::"
            RenderBR {BR} at (32,442) size 0x17
            RenderText {#text} at (0,459) size 32x17
              text run at (0,459) width 32: ";;;;"
            RenderBR {BR} at (32,459) size 0x17
            RenderText {#text} at (0,476) size 32x17
              text run at (0,476) width 32: "<<<<"
            RenderBR {BR} at (32,476) size 0x17
            RenderText {#text} at (0,493) size 32x17
              text run at (0,493) width 32: "===="
            RenderBR {BR} at (32,493) size 0x17
            RenderText {#text} at (0,510) size 32x17
              text run at (0,510) width 32: ">>>>"
            RenderBR {BR} at (32,510) size 0x17
            RenderText {#text} at (0,527) size 32x17
              text run at (0,527) width 32: "????"
            RenderBR {BR} at (32,527) size 0x17
            RenderText {#text} at (0,544) size 32x17
              text run at (0,544) width 32: "@@@@"
            RenderBR {BR} at (32,544) size 0x17
            RenderText {#text} at (0,561) size 32x17
              text run at (0,561) width 32: "AAAA"
            RenderBR {BR} at (32,561) size 0x17
            RenderText {#text} at (0,578) size 32x17
              text run at (0,578) width 32: "BBBB"
            RenderBR {BR} at (32,578) size 0x17
            RenderText {#text} at (0,595) size 32x17
              text run at (0,595) width 32: "CCCC"
            RenderBR {BR} at (32,595) size 0x17
            RenderText {#text} at (0,612) size 32x17
              text run at (0,612) width 32: "DDDD"
            RenderBR {BR} at (32,612) size 0x17
            RenderText {#text} at (0,629) size 32x17
              text run at (0,629) width 32: "EEEE"
            RenderBR {BR} at (32,629) size 0x17
            RenderText {#text} at (0,646) size 32x17
              text run at (0,646) width 32: "FFFF"
            RenderBR {BR} at (32,646) size 0x17
            RenderText {#text} at (0,663) size 32x17
              text run at (0,663) width 32: "GGGG"
            RenderBR {BR} at (32,663) size 0x17
            RenderText {#text} at (0,680) size 32x17
              text run at (0,680) width 32: "HHHH"
            RenderBR {BR} at (32,680) size 0x17
            RenderText {#text} at (0,697) size 32x17
              text run at (0,697) width 32: "IIII"
            RenderBR {BR} at (32,697) size 0x17
            RenderText {#text} at (0,714) size 32x17
              text run at (0,714) width 32: "JJJJ"
            RenderBR {BR} at (32,714) size 0x17
            RenderText {#text} at (0,731) size 32x17
              text run at (0,731) width 32: "KKKK"
            RenderBR {BR} at (32,731) size 0x17
            RenderText {#text} at (0,748) size 32x17
              text run at (0,748) width 32: "LLLL"
            RenderBR {BR} at (32,748) size 0x17
            RenderText {#text} at (0,765) size 32x17
              text run at (0,765) width 32: "MMMM"
            RenderBR {BR} at (32,765) size 0x17
            RenderText {#text} at (0,782) size 32x17
              text run at (0,782) width 32: "NNNN"
            RenderBR {BR} at (32,782) size 0x17
            RenderText {#text} at (0,799) size 32x17
              text run at (0,799) width 32: "OOOO"
            RenderBR {BR} at (32,799) size 0x17
            RenderText {#text} at (0,816) size 32x17
              text run at (0,816) width 32: "PPPP"
            RenderBR {BR} at (32,816) size 0x17
            RenderText {#text} at (0,833) size 32x17
              text run at (0,833) width 32: "QQQQ"
            RenderBR {BR} at (32,833) size 0x17
            RenderText {#text} at (0,850) size 32x17
              text run at (0,850) width 32: "RRRR"
            RenderBR {BR} at (32,850) size 0x17
            RenderText {#text} at (0,867) size 32x17
              text run at (0,867) width 32: "SSSS"
            RenderBR {BR} at (32,867) size 0x17
            RenderText {#text} at (0,884) size 32x17
              text run at (0,884) width 32: "TTTT"
            RenderBR {BR} at (32,884) size 0x17
            RenderText {#text} at (0,901) size 32x17
              text run at (0,901) width 32: "UUUU"
            RenderBR {BR} at (32,901) size 0x17
            RenderText {#text} at (0,918) size 32x17
              text run at (0,918) width 32: "VVVV"
            RenderBR {BR} at (32,918) size 0x17
            RenderText {#text} at (0,935) size 32x17
              text run at (0,935) width 32: "WWWW"
            RenderBR {BR} at (32,935) size 0x17
            RenderText {#text} at (0,952) size 32x17
              text run at (0,952) width 32: "XXXX"
            RenderBR {BR} at (32,952) size 0x17
            RenderText {#text} at (0,969) size 32x17
              text run at (0,969) width 32: "YYYY"
            RenderBR {BR} at (32,969) size 0x17
            RenderText {#text} at (0,986) size 32x17
              text run at (0,986) width 32: "ZZZZ"
            RenderBR {BR} at (32,986) size 0x17
            RenderText {#text} at (0,1003) size 32x17
              text run at (0,1003) width 32: "[[[["
            RenderBR {BR} at (32,1003) size 0x17
            RenderText {#text} at (0,1020) size 32x17
              text run at (0,1020) width 32: "\\\\\\\\"
            RenderBR {BR} at (32,1020) size 0x17
            RenderText {#text} at (0,1037) size 32x17
              text run at (0,1037) width 32: "]]]]"
            RenderBR {BR} at (32,1037) size 0x17
            RenderText {#text} at (0,1054) size 32x17
              text run at (0,1054) width 32: "^^^^"
            RenderBR {BR} at (32,1054) size 0x17
            RenderText {#text} at (0,1071) size 32x17
              text run at (0,1071) width 32: "____"
            RenderBR {BR} at (32,1071) size 0x17
            RenderText {#text} at (0,1088) size 32x17
              text run at (0,1088) width 32: "````"
            RenderBR {BR} at (32,1088) size 0x17
            RenderText {#text} at (0,1105) size 32x17
              text run at (0,1105) width 32: "aaaa"
            RenderBR {BR} at (32,1105) size 0x17
            RenderText {#text} at (0,1122) size 32x17
              text run at (0,1122) width 32: "bbbb"
            RenderBR {BR} at (32,1122) size 0x17
            RenderText {#text} at (0,1139) size 32x17
              text run at (0,1139) width 32: "cccc"
            RenderBR {BR} at (32,1139) size 0x17
            RenderText {#text} at (0,1156) size 32x17
              text run at (0,1156) width 32: "dddd"
            RenderBR {BR} at (32,1156) size 0x17
            RenderText {#text} at (0,1173) size 32x17
              text run at (0,1173) width 32: "eeee"
            RenderBR {BR} at (32,1173) size 0x17
            RenderText {#text} at (0,1190) size 32x17
              text run at (0,1190) width 32: "ffff"
            RenderBR {BR} at (32,1190) size 0x17
            RenderText {#text} at (0,1207) size 32x17
              text run at (0,1207) width 32: "gggg"
            RenderBR {BR} at (32,1207) size 0x17
            RenderText {#text} at (0,1224) size 32x17
              text run at (0,1224) width 32: "hhhh"
            RenderBR {BR} at (32,1224) size 0x17
            RenderText {#text} at (0,1241) size 32x17
              text run at (0,1241) width 32: "iiii"
            RenderBR {BR} at (32,1241) size 0x17
            RenderText {#text} at (0,1258) size 32x17
              text run at (0,1258) width 32: "jjjj"
            RenderBR {BR} at (32,1258) size 0x17
            RenderText {#text} at (0,1275) size 32x17
              text run at (0,1275) width 32: "kkkk"
            RenderBR {BR} at (32,1275) size 0x17
            RenderText {#text} at (0,1292) size 32x17
              text run at (0,1292) width 32: "llll"
            RenderBR {BR} at (32,1292) size 0x17
            RenderText {#text} at (0,1309) size 32x17
              text run at (0,1309) width 32: "mmmm"
            RenderBR {BR} at (32,1309) size 0x17
            RenderText {#text} at (0,1326) size 32x17
              text run at (0,1326) width 32: "nnnn"
            RenderBR {BR} at (32,1326) size 0x17
            RenderText {#text} at (0,1343) size 32x17
              text run at (0,1343) width 32: "oooo"
            RenderBR {BR} at (32,1343) size 0x17
            RenderText {#text} at (0,1360) size 32x17
              text run at (0,1360) width 32: "pppp"
            RenderBR {BR} at (32,1360) size 0x17
            RenderText {#text} at (0,1377) size 32x17
              text run at (0,1377) width 32: "qqqq"
            RenderBR {BR} at (32,1377) size 0x17
            RenderText {#text} at (0,1394) size 32x17
              text run at (0,1394) width 32: "rrrr"
            RenderBR {BR} at (32,1394) size 0x17
            RenderText {#text} at (0,1411) size 32x17
              text run at (0,1411) width 32: "ssss"
            RenderBR {BR} at (32,1411) size 0x17
            RenderText {#text} at (0,1428) size 32x17
              text run at (0,1428) width 32: "tttt"
            RenderBR {BR} at (32,1428) size 0x17
            RenderText {#text} at (0,1445) size 32x17
              text run at (0,1445) width 32: "uuuu"
            RenderBR {BR} at (32,1445) size 0x17
            RenderText {#text} at (0,1462) size 32x17
              text run at (0,1462) width 32: "vvvv"
            RenderBR {BR} at (32,1462) size 0x17
            RenderText {#text} at (0,1479) size 32x17
              text run at (0,1479) width 32: "wwww"
            RenderBR {BR} at (32,1479) size 0x17
            RenderText {#text} at (0,1496) size 32x17
              text run at (0,1496) width 32: "xxxx"
            RenderBR {BR} at (32,1496) size 0x17
            RenderText {#text} at (0,1513) size 32x17
              text run at (0,1513) width 32: "yyyy"
            RenderBR {BR} at (32,1513) size 0x17
            RenderText {#text} at (0,1530) size 32x17
              text run at (0,1530) width 32: "zzzz"
            RenderBR {BR} at (32,1530) size 0x17
            RenderText {#text} at (0,1547) size 32x17
              text run at (0,1547) width 32: "{{{{"
            RenderBR {BR} at (32,1547) size 0x17
            RenderText {#text} at (0,1564) size 32x17
              text run at (0,1564) width 32: "||||"
            RenderBR {BR} at (32,1564) size 0x17
            RenderText {#text} at (0,1581) size 32x17
              text run at (0,1581) width 32: "}}}}"
            RenderBR {BR} at (32,1581) size 0x17
          RenderText {#text} at (0,0) size 0x0
        RenderText {#text} at (0,0) size 0x0
