layer at (0,0) size 785x6119
  RenderView at (0,0) size 785x600
layer at (0,0) size 785x6119
  RenderBlock {HTML} at (0,0) size 785x6119
    RenderBody {BODY} at (8,8) size 769x6095
      RenderBlock (anonymous) at (0,0) size 769x20
        RenderText {#text} at (0,0) size 324x19
          text run at (0,0) width 324: "This tests font choices and metrics for sans-serif fonts."
      RenderBlock {P} at (0,36) size 769x137
        RenderInline {FONT} at (0,0) size 762x136
          RenderText {#text} at (0,0) size 64x18
            text run at (0,0) width 64: "Helvetica"
          RenderBR {BR} at (64,0) size 0x18
          RenderText {#text} at (0,19) size 762x37
            text run at (0,19) width 762: "  ! \" # $ % & ' ( ) * + , - . / 0 1 2 3 4 5 6 7 8 9 : ; < = > ? @ A B C D E F G H I J K L M N O P Q R S T U V W X Y Z"
            text run at (0,38) width 390: "[ \\ ] ^ _ ` a b c d e f g h i j k l m n o p q r s t u v w x y z { | } >"
          RenderBR {BR} at (390,38) size 0x18
          RenderInline {B} at (0,0) size 756x39
            RenderText {#text} at (0,57) size 756x39
              text run at (0,57) width 756: "  ! \" # $ % & ' ( ) * + , - . / 0 1 2 3 4 5 6 7 8 9 : ; < = > ? @ A B C D E F G H I J K L M N O P Q R S T U V W X"
              text run at (0,77) width 459: "Y Z [ \\ ] ^ _ ` a b c d e f g h i j k l m n o p q r s t u v w x y z { | } > "
          RenderBR {BR} at (459,77) size 0x18
          RenderInline {I} at (0,0) size 757x39
            RenderText {#text} at (0,97) size 757x39
              text run at (0,97) width 757: "  ! \" # $ % & ' ( ) * + , - . / 0 1 2 3 4 5 6 7 8 9 : ; < = > ? @ A B C D E F G H I J K L M N O P Q R S T U V W X Y"
              text run at (0,117) width 413: "Z [ \\ ] ^ _ ` a b c d e f g h i j k l m n o p q r s t u v w x y z { | } >"
          RenderText {#text} at (0,0) size 0x0
        RenderText {#text} at (0,0) size 0x0
      RenderBlock {P} at (0,189) size 769x140
        RenderInline {FONT} at (0,0) size 767x139
          RenderText {#text} at (0,0) size 90x19
            text run at (0,0) width 90: "Lucida Grande"
          RenderBR {BR} at (90,0) size 0x19
          RenderText {#text} at (0,20) size 767x39
            text run at (0,20) width 767: "  ! \" # $ % & ' ( ) * + , - . / 0 1 2 3 4 5 6 7 8 9 : ; < = > ? @ A B C D E F G H I J K L M N O P Q R S T U V W X Y Z [ \\ ]"
            text run at (0,40) width 351: "^ _ ` a b c d e f g h i j k l m n o p q r s t u v w x y z { | } >"
          RenderBR {BR} at (351,40) size 0x19
          RenderInline {B} at (0,0) size 766x39
            RenderText {#text} at (0,60) size 766x39
              text run at (0,60) width 766: "  ! \" # $ % & ' ( ) * + , - . / 0 1 2 3 4 5 6 7 8 9 : ; < = > ? @ A B C D E F G H I J K L M N O P Q R S T U V W X Y Z"
              text run at (0,80) width 395: "[ \\ ] ^ _ ` a b c d e f g h i j k l m n o p q r s t u v w x y z { | } > "
          RenderBR {BR} at (395,80) size 0x19
          RenderInline {I} at (0,0) size 763x39
            RenderText {#text} at (0,100) size 763x39
              text run at (0,100) width 763: "  ! \" # $ % & ' ( ) * + , - . / 0 1 2 3 4 5 6 7 8 9 : ; < = > ? @ A B C D E F G H I J K L M N O P Q R S T U V W X Y Z [ \\"
              text run at (0,120) width 375: "] ^ _ ` a b c d e f g h i j k l m n o p q r s t u v w x y z { | } >"
          RenderText {#text} at (0,0) size 0x0
        RenderText {#text} at (0,0) size 0x0
      RenderBlock {P} at (0,345) size 769x137
        RenderInline {FONT} at (0,0) size 762x136
          RenderText {#text} at (0,0) size 32x18
            text run at (0,0) width 32: "Arial"
          RenderBR {BR} at (32,0) size 0x18
          RenderText {#text} at (0,19) size 762x37
            text run at (0,19) width 762: "  ! \" # $ % & ' ( ) * + , - . / 0 1 2 3 4 5 6 7 8 9 : ; < = > ? @ A B C D E F G H I J K L M N O P Q R S T U V W X Y Z"
            text run at (0,38) width 390: "[ \\ ] ^ _ ` a b c d e f g h i j k l m n o p q r s t u v w x y z { | } >"
          RenderBR {BR} at (390,38) size 0x18
          RenderInline {B} at (0,0) size 756x39
            RenderText {#text} at (0,57) size 756x39
              text run at (0,57) width 756: "  ! \" # $ % & ' ( ) * + , - . / 0 1 2 3 4 5 6 7 8 9 : ; < = > ? @ A B C D E F G H I J K L M N O P Q R S T U V W X"
              text run at (0,77) width 459: "Y Z [ \\ ] ^ _ ` a b c d e f g h i j k l m n o p q r s t u v w x y z { | } > "
          RenderBR {BR} at (459,77) size 0x18
          RenderInline {I} at (0,0) size 757x39
            RenderText {#text} at (0,97) size 757x39
              text run at (0,97) width 757: "  ! \" # $ % & ' ( ) * + , - . / 0 1 2 3 4 5 6 7 8 9 : ; < = > ? @ A B C D E F G H I J K L M N O P Q R S T U V W X Y"
              text run at (0,117) width 413: "Z [ \\ ] ^ _ ` a b c d e f g h i j k l m n o p q r s t u v w x y z { | } >"
          RenderText {#text} at (0,0) size 0x0
          RenderInline {FONT} at (0,0) size 0x18
            RenderText {#text} at (0,0) size 0x0
      RenderBlock {P} at (0,498) size 769x1805
        RenderInline {FONT} at (0,0) size 68x1804
          RenderInline {FONT} at (0,0) size 68x1804
            RenderText {#text} at (0,0) size 0x0
            RenderInline {FONT} at (0,0) size 68x1804
              RenderText {#text} at (0,0) size 68x18
                text run at (0,0) width 68: "sans-serif"
              RenderBR {BR} at (68,0) size 0x18
              RenderText {#text} at (0,19) size 16x18
                text run at (0,19) width 16: "    "
              RenderBR {BR} at (16,19) size 0x18
              RenderText {#text} at (0,38) size 20x18
                text run at (0,38) width 20: "!!!!"
              RenderBR {BR} at (20,38) size 0x18
              RenderText {#text} at (0,57) size 24x18
                text run at (0,57) width 24: "\"\"\"\""
              RenderBR {BR} at (24,57) size 0x18
              RenderText {#text} at (0,76) size 36x18
                text run at (0,76) width 36: "####"
              RenderBR {BR} at (36,76) size 0x18
              RenderText {#text} at (0,95) size 36x18
                text run at (0,95) width 36: "$$$$"
              RenderBR {BR} at (36,95) size 0x18
              RenderText {#text} at (0,114) size 56x18
                text run at (0,114) width 56: "%%%%"
              RenderBR {BR} at (56,114) size 0x18
              RenderText {#text} at (0,133) size 44x18
                text run at (0,133) width 44: "&&&&"
              RenderBR {BR} at (44,133) size 0x18
              RenderText {#text} at (0,152) size 12x18
                text run at (0,152) width 12: "''''"
              RenderBR {BR} at (12,152) size 0x18
              RenderText {#text} at (0,171) size 20x18
                text run at (0,171) width 20: "(((("
              RenderBR {BR} at (20,171) size 0x18
              RenderText {#text} at (0,190) size 20x18
                text run at (0,190) width 20: "))))"
              RenderBR {BR} at (20,190) size 0x18
              RenderText {#text} at (0,209) size 24x18
                text run at (0,209) width 24: "****"
              RenderBR {BR} at (24,209) size 0x18
              RenderText {#text} at (0,228) size 36x18
                text run at (0,228) width 36: "++++"
              RenderBR {BR} at (36,228) size 0x18
              RenderText {#text} at (0,247) size 16x18
                text run at (0,247) width 16: ",,,,"
              RenderBR {BR} at (16,247) size 0x18
              RenderText {#text} at (0,266) size 20x18
                text run at (0,266) width 20: "----"
              RenderBR {BR} at (20,266) size 0x18
              RenderText {#text} at (0,285) size 16x18
                text run at (0,285) width 16: "...."
              RenderBR {BR} at (16,285) size 0x18
              RenderText {#text} at (0,304) size 16x18
                text run at (0,304) width 16: "////"
              RenderBR {BR} at (16,304) size 0x18
              RenderText {#text} at (0,323) size 36x18
                text run at (0,323) width 36: "0000"
              RenderBR {BR} at (36,323) size 0x18
              RenderText {#text} at (0,342) size 36x18
                text run at (0,342) width 36: "1111"
              RenderBR {BR} at (36,342) size 0x18
              RenderText {#text} at (0,361) size 36x18
                text run at (0,361) width 36: "2222"
              RenderBR {BR} at (36,361) size 0x18
              RenderText {#text} at (0,380) size 36x18
                text run at (0,380) width 36: "3333"
              RenderBR {BR} at (36,380) size 0x18
              RenderText {#text} at (0,399) size 36x18
                text run at (0,399) width 36: "4444"
              RenderBR {BR} at (36,399) size 0x18
              RenderText {#text} at (0,418) size 36x18
                text run at (0,418) width 36: "5555"
              RenderBR {BR} at (36,418) size 0x18
              RenderText {#text} at (0,437) size 36x18
                text run at (0,437) width 36: "6666"
              RenderBR {BR} at (36,437) size 0x18
              RenderText {#text} at (0,456) size 36x18
                text run at (0,456) width 36: "7777"
              RenderBR {BR} at (36,456) size 0x18
              RenderText {#text} at (0,475) size 36x18
                text run at (0,475) width 36: "8888"
              RenderBR {BR} at (36,475) size 0x18
              RenderText {#text} at (0,494) size 36x18
                text run at (0,494) width 36: "9999"
              RenderBR {BR} at (36,494) size 0x18
              RenderText {#text} at (0,513) size 16x18
                text run at (0,513) width 16: "::::"
              RenderBR {BR} at (16,513) size 0x18
              RenderText {#text} at (0,532) size 16x18
                text run at (0,532) width 16: ";;;;"
              RenderBR {BR} at (16,532) size 0x18
              RenderText {#text} at (0,551) size 36x18
                text run at (0,551) width 36: "<<<<"
              RenderBR {BR} at (36,551) size 0x18
              RenderText {#text} at (0,570) size 36x18
                text run at (0,570) width 36: "===="
              RenderBR {BR} at (36,570) size 0x18
              RenderText {#text} at (0,589) size 36x18
                text run at (0,589) width 36: ">>>>"
              RenderBR {BR} at (36,589) size 0x18
              RenderText {#text} at (0,608) size 36x18
                text run at (0,608) width 36: "????"
              RenderBR {BR} at (36,608) size 0x18
              RenderText {#text} at (0,627) size 64x18
                text run at (0,627) width 64: "@@@@"
              RenderBR {BR} at (64,627) size 0x18
              RenderText {#text} at (0,646) size 44x18
                text run at (0,646) width 44: "AAAA"
              RenderBR {BR} at (44,646) size 0x18
              RenderText {#text} at (0,665) size 44x18
                text run at (0,665) width 44: "BBBB"
              RenderBR {BR} at (44,665) size 0x18
              RenderText {#text} at (0,684) size 48x18
                text run at (0,684) width 48: "CCCC"
              RenderBR {BR} at (48,684) size 0x18
              RenderText {#text} at (0,703) size 48x18
                text run at (0,703) width 48: "DDDD"
              RenderBR {BR} at (48,703) size 0x18
              RenderText {#text} at (0,722) size 44x18
                text run at (0,722) width 44: "EEEE"
              RenderBR {BR} at (44,722) size 0x18
              RenderText {#text} at (0,741) size 40x18
                text run at (0,741) width 40: "FFFF"
              RenderBR {BR} at (40,741) size 0x18
              RenderText {#text} at (0,760) size 48x18
                text run at (0,760) width 48: "GGGG"
              RenderBR {BR} at (48,760) size 0x18
              RenderText {#text} at (0,779) size 44x18
                text run at (0,779) width 44: "HHHH"
              RenderBR {BR} at (44,779) size 0x18
              RenderText {#text} at (0,798) size 12x18
                text run at (0,798) width 12: "IIII"
              RenderBR {BR} at (12,798) size 0x18
              RenderText {#text} at (0,817) size 32x18
                text run at (0,817) width 32: "JJJJ"
              RenderBR {BR} at (32,817) size 0x18
              RenderText {#text} at (0,836) size 44x18
                text run at (0,836) width 44: "KKKK"
              RenderBR {BR} at (44,836) size 0x18
              RenderText {#text} at (0,855) size 36x18
                text run at (0,855) width 36: "LLLL"
              RenderBR {BR} at (36,855) size 0x18
              RenderText {#text} at (0,874) size 52x18
                text run at (0,874) width 52: "MMMM"
              RenderBR {BR} at (52,874) size 0x18
              RenderText {#text} at (0,893) size 44x18
                text run at (0,893) width 44: "NNNN"
              RenderBR {BR} at (44,893) size 0x18
              RenderText {#text} at (0,912) size 48x18
                text run at (0,912) width 48: "OOOO"
              RenderBR {BR} at (48,912) size 0x18
              RenderText {#text} at (0,931) size 44x18
                text run at (0,931) width 44: "PPPP"
              RenderBR {BR} at (44,931) size 0x18
              RenderText {#text} at (0,950) size 48x18
                text run at (0,950) width 48: "QQQQ"
              RenderBR {BR} at (48,950) size 0x18
              RenderText {#text} at (0,969) size 44x18
                text run at (0,969) width 44: "RRRR"
              RenderBR {BR} at (44,969) size 0x18
              RenderText {#text} at (0,988) size 44x18
                text run at (0,988) width 44: "SSSS"
              RenderBR {BR} at (44,988) size 0x18
              RenderText {#text} at (0,1007) size 36x18
                text run at (0,1007) width 36: "TTTT"
              RenderBR {BR} at (36,1007) size 0x18
              RenderText {#text} at (0,1026) size 44x18
                text run at (0,1026) width 44: "UUUU"
              RenderBR {BR} at (44,1026) size 0x18
              RenderText {#text} at (0,1045) size 44x18
                text run at (0,1045) width 44: "VVVV"
              RenderBR {BR} at (44,1045) size 0x18
              RenderText {#text} at (0,1064) size 60x18
                text run at (0,1064) width 60: "WWWW"
              RenderBR {BR} at (60,1064) size 0x18
              RenderText {#text} at (0,1083) size 44x18
                text run at (0,1083) width 44: "XXXX"
              RenderBR {BR} at (44,1083) size 0x18
              RenderText {#text} at (0,1102) size 36x18
                text run at (0,1102) width 36: "YYYY"
              RenderBR {BR} at (36,1102) size 0x18
              RenderText {#text} at (0,1121) size 36x18
                text run at (0,1121) width 36: "ZZZZ"
              RenderBR {BR} at (36,1121) size 0x18
              RenderText {#text} at (0,1140) size 16x18
                text run at (0,1140) width 16: "[[[["
              RenderBR {BR} at (16,1140) size 0x18
              RenderText {#text} at (0,1159) size 16x18
                text run at (0,1159) width 16: "\\\\\\\\"
              RenderBR {BR} at (16,1159) size 0x18
              RenderText {#text} at (0,1178) size 16x18
                text run at (0,1178) width 16: "]]]]"
              RenderBR {BR} at (16,1178) size 0x18
              RenderText {#text} at (0,1197) size 28x18
                text run at (0,1197) width 28: "^^^^"
              RenderBR {BR} at (28,1197) size 0x18
              RenderText {#text} at (0,1216) size 36x18
                text run at (0,1216) width 36: "____"
              RenderBR {BR} at (36,1216) size 0x18
              RenderText {#text} at (0,1235) size 20x18
                text run at (0,1235) width 20: "````"
              RenderBR {BR} at (20,1235) size 0x18
              RenderText {#text} at (0,1254) size 36x18
                text run at (0,1254) width 36: "aaaa"
              RenderBR {BR} at (36,1254) size 0x18
              RenderText {#text} at (0,1273) size 36x18
                text run at (0,1273) width 36: "bbbb"
              RenderBR {BR} at (36,1273) size 0x18
              RenderText {#text} at (0,1292) size 32x18
                text run at (0,1292) width 32: "cccc"
              RenderBR {BR} at (32,1292) size 0x18
              RenderText {#text} at (0,1311) size 36x18
                text run at (0,1311) width 36: "dddd"
              RenderBR {BR} at (36,1311) size 0x18
              RenderText {#text} at (0,1330) size 36x18
                text run at (0,1330) width 36: "eeee"
              RenderBR {BR} at (36,1330) size 0x18
              RenderText {#text} at (0,1349) size 16x18
                text run at (0,1349) width 16: "ffff"
              RenderBR {BR} at (16,1349) size 0x18
              RenderText {#text} at (0,1368) size 36x18
                text run at (0,1368) width 36: "gggg"
              RenderBR {BR} at (36,1368) size 0x18
              RenderText {#text} at (0,1387) size 32x18
                text run at (0,1387) width 32: "hhhh"
              RenderBR {BR} at (32,1387) size 0x18
              RenderText {#text} at (0,1406) size 16x18
                text run at (0,1406) width 16: "iiii"
              RenderBR {BR} at (16,1406) size 0x18
              RenderText {#text} at (0,1425) size 12x18
                text run at (0,1425) width 12: "jjjj"
              RenderBR {BR} at (12,1425) size 0x18
              RenderText {#text} at (0,1444) size 32x18
                text run at (0,1444) width 32: "kkkk"
              RenderBR {BR} at (32,1444) size 0x18
              RenderText {#text} at (0,1463) size 12x18
                text run at (0,1463) width 12: "llll"
              RenderBR {BR} at (12,1463) size 0x18
              RenderText {#text} at (0,1482) size 52x18
                text run at (0,1482) width 52: "mmmm"
              RenderBR {BR} at (52,1482) size 0x18
              RenderText {#text} at (0,1501) size 32x18
                text run at (0,1501) width 32: "nnnn"
              RenderBR {BR} at (32,1501) size 0x18
              RenderText {#text} at (0,1520) size 36x18
                text run at (0,1520) width 36: "oooo"
              RenderBR {BR} at (36,1520) size 0x18
              RenderText {#text} at (0,1539) size 36x18
                text run at (0,1539) width 36: "pppp"
              RenderBR {BR} at (36,1539) size 0x18
              RenderText {#text} at (0,1558) size 36x18
                text run at (0,1558) width 36: "qqqq"
              RenderBR {BR} at (36,1558) size 0x18
              RenderText {#text} at (0,1577) size 20x18
                text run at (0,1577) width 20: "rrrr"
              RenderBR {BR} at (20,1577) size 0x18
              RenderText {#text} at (0,1596) size 32x18
                text run at (0,1596) width 32: "ssss"
              RenderBR {BR} at (32,1596) size 0x18
              RenderText {#text} at (0,1615) size 16x18
                text run at (0,1615) width 16: "tttt"
              RenderBR {BR} at (16,1615) size 0x18
              RenderText {#text} at (0,1634) size 32x18
                text run at (0,1634) width 32: "uuuu"
              RenderBR {BR} at (32,1634) size 0x18
              RenderText {#text} at (0,1653) size 28x18
                text run at (0,1653) width 28: "vvvv"
              RenderBR {BR} at (28,1653) size 0x18
              RenderText {#text} at (0,1672) size 44x18
                text run at (0,1672) width 44: "wwww"
              RenderBR {BR} at (44,1672) size 0x18
              RenderText {#text} at (0,1691) size 28x18
                text run at (0,1691) width 28: "xxxx"
              RenderBR {BR} at (28,1691) size 0x18
              RenderText {#text} at (0,1710) size 28x18
                text run at (0,1710) width 28: "yyyy"
              RenderBR {BR} at (28,1710) size 0x18
              RenderText {#text} at (0,1729) size 28x18
                text run at (0,1729) width 28: "zzzz"
              RenderBR {BR} at (28,1729) size 0x18
              RenderText {#text} at (0,1748) size 20x18
                text run at (0,1748) width 20: "{{{{"
              RenderBR {BR} at (20,1748) size 0x18
              RenderText {#text} at (0,1767) size 12x18
                text run at (0,1767) width 12: "||||"
              RenderBR {BR} at (12,1767) size 0x18
              RenderText {#text} at (0,1786) size 20x18
                text run at (0,1786) width 20: "}}}}"
              RenderBR {BR} at (20,1786) size 0x18
      RenderBlock {P} at (0,2319) size 769x1880
        RenderInline {FONT} at (0,0) size 64x1878
          RenderInline {FONT} at (0,0) size 64x1878
            RenderInline {FONT} at (0,0) size 64x1878
              RenderText {#text} at (0,0) size 0x0
              RenderInline {B} at (0,0) size 64x1879
                RenderText {#text} at (0,0) size 16x19
                  text run at (0,0) width 16: "    "
                RenderBR {BR} at (16,0) size 0x19
                RenderText {#text} at (0,20) size 16x19
                  text run at (0,20) width 16: "!!!!"
                RenderBR {BR} at (16,20) size 0x19
                RenderText {#text} at (0,40) size 32x19
                  text run at (0,40) width 32: "\"\"\"\""
                RenderBR {BR} at (32,40) size 0x19
                RenderText {#text} at (0,60) size 36x19
                  text run at (0,60) width 36: "####"
                RenderBR {BR} at (36,60) size 0x19
                RenderText {#text} at (0,80) size 36x19
                  text run at (0,80) width 36: "$$$$"
                RenderBR {BR} at (36,80) size 0x19
                RenderText {#text} at (0,100) size 64x19
                  text run at (0,100) width 64: "%%%%"
                RenderBR {BR} at (64,100) size 0x19
                RenderText {#text} at (0,120) size 48x19
                  text run at (0,120) width 48: "&&&&"
                RenderBR {BR} at (48,120) size 0x19
                RenderText {#text} at (0,140) size 16x19
                  text run at (0,140) width 16: "''''"
                RenderBR {BR} at (16,140) size 0x19
                RenderText {#text} at (0,160) size 20x19
                  text run at (0,160) width 20: "(((("
                RenderBR {BR} at (20,160) size 0x19
                RenderText {#text} at (0,180) size 20x19
                  text run at (0,180) width 20: "))))"
                RenderBR {BR} at (20,180) size 0x19
                RenderText {#text} at (0,200) size 24x19
                  text run at (0,200) width 24: "****"
                RenderBR {BR} at (24,200) size 0x19
                RenderText {#text} at (0,220) size 36x19
                  text run at (0,220) width 36: "++++"
                RenderBR {BR} at (36,220) size 0x19
                RenderText {#text} at (0,240) size 16x19
                  text run at (0,240) width 16: ",,,,"
                RenderBR {BR} at (16,240) size 0x19
                RenderText {#text} at (0,260) size 20x19
                  text run at (0,260) width 20: "----"
                RenderBR {BR} at (20,260) size 0x19
                RenderText {#text} at (0,280) size 16x19
                  text run at (0,280) width 16: "...."
                RenderBR {BR} at (16,280) size 0x19
                RenderText {#text} at (0,300) size 16x19
                  text run at (0,300) width 16: "////"
                RenderBR {BR} at (16,300) size 0x19
                RenderText {#text} at (0,320) size 36x19
                  text run at (0,320) width 36: "0000"
                RenderBR {BR} at (36,320) size 0x19
                RenderText {#text} at (0,340) size 36x19
                  text run at (0,340) width 36: "1111"
                RenderBR {BR} at (36,340) size 0x19
                RenderText {#text} at (0,360) size 36x19
                  text run at (0,360) width 36: "2222"
                RenderBR {BR} at (36,360) size 0x19
                RenderText {#text} at (0,380) size 36x19
                  text run at (0,380) width 36: "3333"
                RenderBR {BR} at (36,380) size 0x19
                RenderText {#text} at (0,400) size 36x19
                  text run at (0,400) width 36: "4444"
                RenderBR {BR} at (36,400) size 0x19
                RenderText {#text} at (0,420) size 36x19
                  text run at (0,420) width 36: "5555"
                RenderBR {BR} at (36,420) size 0x19
                RenderText {#text} at (0,440) size 36x19
                  text run at (0,440) width 36: "6666"
                RenderBR {BR} at (36,440) size 0x19
                RenderText {#text} at (0,460) size 36x19
                  text run at (0,460) width 36: "7777"
                RenderBR {BR} at (36,460) size 0x19
                RenderText {#text} at (0,480) size 36x19
                  text run at (0,480) width 36: "8888"
                RenderBR {BR} at (36,480) size 0x19
                RenderText {#text} at (0,500) size 36x19
                  text run at (0,500) width 36: "9999"
                RenderBR {BR} at (36,500) size 0x19
                RenderText {#text} at (0,520) size 24x19
                  text run at (0,520) width 24: "::::"
                RenderBR {BR} at (24,520) size 0x19
                RenderText {#text} at (0,540) size 24x19
                  text run at (0,540) width 24: ";;;;"
                RenderBR {BR} at (24,540) size 0x19
                RenderText {#text} at (0,560) size 36x19
                  text run at (0,560) width 36: "<<<<"
                RenderBR {BR} at (36,560) size 0x19
                RenderText {#text} at (0,580) size 36x19
                  text run at (0,580) width 36: "===="
                RenderBR {BR} at (36,580) size 0x19
                RenderText {#text} at (0,600) size 36x19
                  text run at (0,600) width 36: ">>>>"
                RenderBR {BR} at (36,600) size 0x19
                RenderText {#text} at (0,620) size 40x19
                  text run at (0,620) width 40: "????"
                RenderBR {BR} at (40,620) size 0x19
                RenderText {#text} at (0,640) size 64x19
                  text run at (0,640) width 64: "@@@@"
                RenderBR {BR} at (64,640) size 0x19
                RenderText {#text} at (0,660) size 44x19
                  text run at (0,660) width 44: "AAAA"
                RenderBR {BR} at (44,660) size 0x19
                RenderText {#text} at (0,680) size 48x19
                  text run at (0,680) width 48: "BBBB"
                RenderBR {BR} at (48,680) size 0x19
                RenderText {#text} at (0,700) size 48x19
                  text run at (0,700) width 48: "CCCC"
                RenderBR {BR} at (48,700) size 0x19
                RenderText {#text} at (0,720) size 48x19
                  text run at (0,720) width 48: "DDDD"
                RenderBR {BR} at (48,720) size 0x19
                RenderText {#text} at (0,740) size 44x19
                  text run at (0,740) width 44: "EEEE"
                RenderBR {BR} at (44,740) size 0x19
                RenderText {#text} at (0,760) size 40x19
                  text run at (0,760) width 40: "FFFF"
                RenderBR {BR} at (40,760) size 0x19
                RenderText {#text} at (0,780) size 48x19
                  text run at (0,780) width 48: "GGGG"
                RenderBR {BR} at (48,780) size 0x19
                RenderText {#text} at (0,800) size 48x19
                  text run at (0,800) width 48: "HHHH"
                RenderBR {BR} at (48,800) size 0x19
                RenderText {#text} at (0,820) size 16x19
                  text run at (0,820) width 16: "IIII"
                RenderBR {BR} at (16,820) size 0x19
                RenderText {#text} at (0,840) size 36x19
                  text run at (0,840) width 36: "JJJJ"
                RenderBR {BR} at (36,840) size 0x19
                RenderText {#text} at (0,860) size 48x19
                  text run at (0,860) width 48: "KKKK"
                RenderBR {BR} at (48,860) size 0x19
                RenderText {#text} at (0,880) size 40x19
                  text run at (0,880) width 40: "LLLL"
                RenderBR {BR} at (40,880) size 0x19
                RenderText {#text} at (0,900) size 52x19
                  text run at (0,900) width 52: "MMMM"
                RenderBR {BR} at (52,900) size 0x19
                RenderText {#text} at (0,920) size 48x19
                  text run at (0,920) width 48: "NNNN"
                RenderBR {BR} at (48,920) size 0x19
                RenderText {#text} at (0,940) size 48x19
                  text run at (0,940) width 48: "OOOO"
                RenderBR {BR} at (48,940) size 0x19
                RenderText {#text} at (0,960) size 44x19
                  text run at (0,960) width 44: "PPPP"
                RenderBR {BR} at (44,960) size 0x19
                RenderText {#text} at (0,980) size 48x19
                  text run at (0,980) width 48: "QQQQ"
                RenderBR {BR} at (48,980) size 0x19
                RenderText {#text} at (0,1000) size 48x19
                  text run at (0,1000) width 48: "RRRR"
                RenderBR {BR} at (48,1000) size 0x19
                RenderText {#text} at (0,1020) size 44x19
                  text run at (0,1020) width 44: "SSSS"
                RenderBR {BR} at (44,1020) size 0x19
                RenderText {#text} at (0,1040) size 40x19
                  text run at (0,1040) width 40: "TTTT"
                RenderBR {BR} at (40,1040) size 0x19
                RenderText {#text} at (0,1060) size 48x19
                  text run at (0,1060) width 48: "UUUU"
                RenderBR {BR} at (48,1060) size 0x19
                RenderText {#text} at (0,1080) size 44x19
                  text run at (0,1080) width 44: "VVVV"
                RenderBR {BR} at (44,1080) size 0x19
                RenderText {#text} at (0,1100) size 60x19
                  text run at (0,1100) width 60: "WWWW"
                RenderBR {BR} at (60,1100) size 0x19
                RenderText {#text} at (0,1120) size 44x19
                  text run at (0,1120) width 44: "XXXX"
                RenderBR {BR} at (44,1120) size 0x19
                RenderText {#text} at (0,1140) size 40x19
                  text run at (0,1140) width 40: "YYYY"
                RenderBR {BR} at (40,1140) size 0x19
                RenderText {#text} at (0,1160) size 36x19
                  text run at (0,1160) width 36: "ZZZZ"
                RenderBR {BR} at (36,1160) size 0x19
                RenderText {#text} at (0,1180) size 20x19
                  text run at (0,1180) width 20: "[[[["
                RenderBR {BR} at (20,1180) size 0x19
                RenderText {#text} at (0,1200) size 16x19
                  text run at (0,1200) width 16: "\\\\\\\\"
                RenderBR {BR} at (16,1200) size 0x19
                RenderText {#text} at (0,1220) size 20x19
                  text run at (0,1220) width 20: "]]]]"
                RenderBR {BR} at (20,1220) size 0x19
                RenderText {#text} at (0,1240) size 36x19
                  text run at (0,1240) width 36: "^^^^"
                RenderBR {BR} at (36,1240) size 0x19
                RenderText {#text} at (0,1260) size 36x19
                  text run at (0,1260) width 36: "____"
                RenderBR {BR} at (36,1260) size 0x19
                RenderText {#text} at (0,1280) size 20x19
                  text run at (0,1280) width 20: "````"
                RenderBR {BR} at (20,1280) size 0x19
                RenderText {#text} at (0,1300) size 36x19
                  text run at (0,1300) width 36: "aaaa"
                RenderBR {BR} at (36,1300) size 0x19
                RenderText {#text} at (0,1320) size 40x19
                  text run at (0,1320) width 40: "bbbb"
                RenderBR {BR} at (40,1320) size 0x19
                RenderText {#text} at (0,1340) size 36x19
                  text run at (0,1340) width 36: "cccc"
                RenderBR {BR} at (36,1340) size 0x19
                RenderText {#text} at (0,1360) size 40x19
                  text run at (0,1360) width 40: "dddd"
                RenderBR {BR} at (40,1360) size 0x19
                RenderText {#text} at (0,1380) size 36x19
                  text run at (0,1380) width 36: "eeee"
                RenderBR {BR} at (36,1380) size 0x19
                RenderText {#text} at (0,1400) size 20x19
                  text run at (0,1400) width 20: "ffff"
                RenderBR {BR} at (20,1400) size 0x19
                RenderText {#text} at (0,1420) size 40x19
                  text run at (0,1420) width 40: "gggg"
                RenderBR {BR} at (40,1420) size 0x19
                RenderText {#text} at (0,1440) size 40x19
                  text run at (0,1440) width 40: "hhhh"
                RenderBR {BR} at (40,1440) size 0x19
                RenderText {#text} at (0,1460) size 16x19
                  text run at (0,1460) width 16: "iiii"
                RenderBR {BR} at (16,1460) size 0x19
                RenderText {#text} at (0,1480) size 16x19
                  text run at (0,1480) width 16: "jjjj"
                RenderBR {BR} at (16,1480) size 0x19
                RenderText {#text} at (0,1500) size 36x19
                  text run at (0,1500) width 36: "kkkk"
                RenderBR {BR} at (36,1500) size 0x19
                RenderText {#text} at (0,1520) size 16x19
                  text run at (0,1520) width 16: "llll"
                RenderBR {BR} at (16,1520) size 0x19
                RenderText {#text} at (0,1540) size 56x19
                  text run at (0,1540) width 56: "mmmm"
                RenderBR {BR} at (56,1540) size 0x19
                RenderText {#text} at (0,1560) size 40x19
                  text run at (0,1560) width 40: "nnnn"
                RenderBR {BR} at (40,1560) size 0x19
                RenderText {#text} at (0,1580) size 40x19
                  text run at (0,1580) width 40: "oooo"
                RenderBR {BR} at (40,1580) size 0x19
                RenderText {#text} at (0,1600) size 40x19
                  text run at (0,1600) width 40: "pppp"
                RenderBR {BR} at (40,1600) size 0x19
                RenderText {#text} at (0,1620) size 40x19
                  text run at (0,1620) width 40: "qqqq"
                RenderBR {BR} at (40,1620) size 0x19
                RenderText {#text} at (0,1640) size 24x19
                  text run at (0,1640) width 24: "rrrr"
                RenderBR {BR} at (24,1640) size 0x19
                RenderText {#text} at (0,1660) size 36x19
                  text run at (0,1660) width 36: "ssss"
                RenderBR {BR} at (36,1660) size 0x19
                RenderText {#text} at (0,1680) size 20x19
                  text run at (0,1680) width 20: "tttt"
                RenderBR {BR} at (20,1680) size 0x19
                RenderText {#text} at (0,1700) size 40x19
                  text run at (0,1700) width 40: "uuuu"
                RenderBR {BR} at (40,1700) size 0x19
                RenderText {#text} at (0,1720) size 36x19
                  text run at (0,1720) width 36: "vvvv"
                RenderBR {BR} at (36,1720) size 0x19
                RenderText {#text} at (0,1740) size 52x19
                  text run at (0,1740) width 52: "wwww"
                RenderBR {BR} at (52,1740) size 0x19
                RenderText {#text} at (0,1760) size 36x19
                  text run at (0,1760) width 36: "xxxx"
                RenderBR {BR} at (36,1760) size 0x19
                RenderText {#text} at (0,1780) size 36x19
                  text run at (0,1780) width 36: "yyyy"
                RenderBR {BR} at (36,1780) size 0x19
                RenderText {#text} at (0,1800) size 36x19
                  text run at (0,1800) width 36: "zzzz"
                RenderBR {BR} at (36,1800) size 0x19
                RenderText {#text} at (0,1820) size 24x19
                  text run at (0,1820) width 24: "{{{{"
                RenderBR {BR} at (24,1820) size 0x19
                RenderText {#text} at (0,1840) size 16x19
                  text run at (0,1840) width 16: "||||"
                RenderBR {BR} at (16,1840) size 0x19
                RenderText {#text} at (0,1860) size 24x19
                  text run at (0,1860) width 24: "}}}}"
                RenderBR {BR} at (24,1860) size 0x19
              RenderText {#text} at (0,0) size 0x0
      RenderBlock {P} at (0,4215) size 769x1880
        RenderInline {FONT} at (0,0) size 64x1878
          RenderInline {FONT} at (0,0) size 64x1878
            RenderInline {FONT} at (0,0) size 64x1878
              RenderText {#text} at (0,0) size 0x0
              RenderInline {I} at (0,0) size 64x1879
                RenderText {#text} at (0,0) size 16x19
                  text run at (0,0) width 16: "    "
                RenderBR {BR} at (16,0) size 0x19
                RenderText {#text} at (0,20) size 16x19
                  text run at (0,20) width 16: "!!!!"
                RenderBR {BR} at (16,20) size 0x19
                RenderText {#text} at (0,40) size 24x19
                  text run at (0,40) width 24: "\"\"\"\""
                RenderBR {BR} at (24,40) size 0x19
                RenderText {#text} at (0,60) size 36x19
                  text run at (0,60) width 36: "####"
                RenderBR {BR} at (36,60) size 0x19
                RenderText {#text} at (0,80) size 36x19
                  text run at (0,80) width 36: "$$$$"
                RenderBR {BR} at (36,80) size 0x19
                RenderText {#text} at (0,100) size 56x19
                  text run at (0,100) width 56: "%%%%"
                RenderBR {BR} at (56,100) size 0x19
                RenderText {#text} at (0,120) size 44x19
                  text run at (0,120) width 44: "&&&&"
                RenderBR {BR} at (44,120) size 0x19
                RenderText {#text} at (0,140) size 12x19
                  text run at (0,140) width 12: "''''"
                RenderBR {BR} at (12,140) size 0x19
                RenderText {#text} at (0,160) size 20x19
                  text run at (0,160) width 20: "(((("
                RenderBR {BR} at (20,160) size 0x19
                RenderText {#text} at (0,180) size 20x19
                  text run at (0,180) width 20: "))))"
                RenderBR {BR} at (20,180) size 0x19
                RenderText {#text} at (0,200) size 24x19
                  text run at (0,200) width 24: "****"
                RenderBR {BR} at (24,200) size 0x19
                RenderText {#text} at (0,220) size 36x19
                  text run at (0,220) width 36: "++++"
                RenderBR {BR} at (36,220) size 0x19
                RenderText {#text} at (0,240) size 16x19
                  text run at (0,240) width 16: ",,,,"
                RenderBR {BR} at (16,240) size 0x19
                RenderText {#text} at (0,260) size 20x19
                  text run at (0,260) width 20: "----"
                RenderBR {BR} at (20,260) size 0x19
                RenderText {#text} at (0,280) size 16x19
                  text run at (0,280) width 16: "...."
                RenderBR {BR} at (16,280) size 0x19
                RenderText {#text} at (0,300) size 16x19
                  text run at (0,300) width 16: "////"
                RenderBR {BR} at (16,300) size 0x19
                RenderText {#text} at (0,320) size 36x19
                  text run at (0,320) width 36: "0000"
                RenderBR {BR} at (36,320) size 0x19
                RenderText {#text} at (0,340) size 36x19
                  text run at (0,340) width 36: "1111"
                RenderBR {BR} at (36,340) size 0x19
                RenderText {#text} at (0,360) size 36x19
                  text run at (0,360) width 36: "2222"
                RenderBR {BR} at (36,360) size 0x19
                RenderText {#text} at (0,380) size 36x19
                  text run at (0,380) width 36: "3333"
                RenderBR {BR} at (36,380) size 0x19
                RenderText {#text} at (0,400) size 36x19
                  text run at (0,400) width 36: "4444"
                RenderBR {BR} at (36,400) size 0x19
                RenderText {#text} at (0,420) size 36x19
                  text run at (0,420) width 36: "5555"
                RenderBR {BR} at (36,420) size 0x19
                RenderText {#text} at (0,440) size 36x19
                  text run at (0,440) width 36: "6666"
                RenderBR {BR} at (36,440) size 0x19
                RenderText {#text} at (0,460) size 36x19
                  text run at (0,460) width 36: "7777"
                RenderBR {BR} at (36,460) size 0x19
                RenderText {#text} at (0,480) size 36x19
                  text run at (0,480) width 36: "8888"
                RenderBR {BR} at (36,480) size 0x19
                RenderText {#text} at (0,500) size 36x19
                  text run at (0,500) width 36: "9999"
                RenderBR {BR} at (36,500) size 0x19
                RenderText {#text} at (0,520) size 16x19
                  text run at (0,520) width 16: "::::"
                RenderBR {BR} at (16,520) size 0x19
                RenderText {#text} at (0,540) size 16x19
                  text run at (0,540) width 16: ";;;;"
                RenderBR {BR} at (16,540) size 0x19
                RenderText {#text} at (0,560) size 36x19
                  text run at (0,560) width 36: "<<<<"
                RenderBR {BR} at (36,560) size 0x19
                RenderText {#text} at (0,580) size 36x19
                  text run at (0,580) width 36: "===="
                RenderBR {BR} at (36,580) size 0x19
                RenderText {#text} at (0,600) size 36x19
                  text run at (0,600) width 36: ">>>>"
                RenderBR {BR} at (36,600) size 0x19
                RenderText {#text} at (0,620) size 36x19
                  text run at (0,620) width 36: "????"
                RenderBR {BR} at (36,620) size 0x19
                RenderText {#text} at (0,640) size 64x19
                  text run at (0,640) width 64: "@@@@"
                RenderBR {BR} at (64,640) size 0x19
                RenderText {#text} at (0,660) size 44x19
                  text run at (0,660) width 44: "AAAA"
                RenderBR {BR} at (44,660) size 0x19
                RenderText {#text} at (0,680) size 44x19
                  text run at (0,680) width 44: "BBBB"
                RenderBR {BR} at (44,680) size 0x19
                RenderText {#text} at (0,700) size 48x19
                  text run at (0,700) width 48: "CCCC"
                RenderBR {BR} at (48,700) size 0x19
                RenderText {#text} at (0,720) size 48x19
                  text run at (0,720) width 48: "DDDD"
                RenderBR {BR} at (48,720) size 0x19
                RenderText {#text} at (0,740) size 44x19
                  text run at (0,740) width 44: "EEEE"
                RenderBR {BR} at (44,740) size 0x19
                RenderText {#text} at (0,760) size 40x19
                  text run at (0,760) width 40: "FFFF"
                RenderBR {BR} at (40,760) size 0x19
                RenderText {#text} at (0,780) size 48x19
                  text run at (0,780) width 48: "GGGG"
                RenderBR {BR} at (48,780) size 0x19
                RenderText {#text} at (0,800) size 48x19
                  text run at (0,800) width 48: "HHHH"
                RenderBR {BR} at (48,800) size 0x19
                RenderText {#text} at (0,820) size 16x19
                  text run at (0,820) width 16: "IIII"
                RenderBR {BR} at (16,820) size 0x19
                RenderText {#text} at (0,840) size 32x19
                  text run at (0,840) width 32: "JJJJ"
                RenderBR {BR} at (32,840) size 0x19
                RenderText {#text} at (0,860) size 44x19
                  text run at (0,860) width 44: "KKKK"
                RenderBR {BR} at (44,860) size 0x19
                RenderText {#text} at (0,880) size 36x19
                  text run at (0,880) width 36: "LLLL"
                RenderBR {BR} at (36,880) size 0x19
                RenderText {#text} at (0,900) size 56x19
                  text run at (0,900) width 56: "MMMM"
                RenderBR {BR} at (56,900) size 0x19
                RenderText {#text} at (0,920) size 48x19
                  text run at (0,920) width 48: "NNNN"
                RenderBR {BR} at (48,920) size 0x19
                RenderText {#text} at (0,940) size 48x19
                  text run at (0,940) width 48: "OOOO"
                RenderBR {BR} at (48,940) size 0x19
                RenderText {#text} at (0,960) size 44x19
                  text run at (0,960) width 44: "PPPP"
                RenderBR {BR} at (44,960) size 0x19
                RenderText {#text} at (0,980) size 48x19
                  text run at (0,980) width 48: "QQQQ"
                RenderBR {BR} at (48,980) size 0x19
                RenderText {#text} at (0,1000) size 48x19
                  text run at (0,1000) width 48: "RRRR"
                RenderBR {BR} at (48,1000) size 0x19
                RenderText {#text} at (0,1020) size 44x19
                  text run at (0,1020) width 44: "SSSS"
                RenderBR {BR} at (44,1020) size 0x19
                RenderText {#text} at (0,1040) size 40x19
                  text run at (0,1040) width 40: "TTTT"
                RenderBR {BR} at (40,1040) size 0x19
                RenderText {#text} at (0,1060) size 48x19
                  text run at (0,1060) width 48: "UUUU"
                RenderBR {BR} at (48,1060) size 0x19
                RenderText {#text} at (0,1080) size 44x19
                  text run at (0,1080) width 44: "VVVV"
                RenderBR {BR} at (44,1080) size 0x19
                RenderText {#text} at (0,1100) size 60x19
                  text run at (0,1100) width 60: "WWWW"
                RenderBR {BR} at (60,1100) size 0x19
                RenderText {#text} at (0,1120) size 44x19
                  text run at (0,1120) width 44: "XXXX"
                RenderBR {BR} at (44,1120) size 0x19
                RenderText {#text} at (0,1140) size 44x19
                  text run at (0,1140) width 44: "YYYY"
                RenderBR {BR} at (44,1140) size 0x19
                RenderText {#text} at (0,1160) size 40x19
                  text run at (0,1160) width 40: "ZZZZ"
                RenderBR {BR} at (40,1160) size 0x19
                RenderText {#text} at (0,1180) size 16x19
                  text run at (0,1180) width 16: "[[[["
                RenderBR {BR} at (16,1180) size 0x19
                RenderText {#text} at (0,1200) size 16x19
                  text run at (0,1200) width 16: "\\\\\\\\"
                RenderBR {BR} at (16,1200) size 0x19
                RenderText {#text} at (0,1220) size 16x19
                  text run at (0,1220) width 16: "]]]]"
                RenderBR {BR} at (16,1220) size 0x19
                RenderText {#text} at (0,1240) size 32x19
                  text run at (0,1240) width 32: "^^^^"
                RenderBR {BR} at (32,1240) size 0x19
                RenderText {#text} at (0,1260) size 36x19
                  text run at (0,1260) width 36: "____"
                RenderBR {BR} at (36,1260) size 0x19
                RenderText {#text} at (0,1280) size 20x19
                  text run at (0,1280) width 20: "````"
                RenderBR {BR} at (20,1280) size 0x19
                RenderText {#text} at (0,1300) size 36x19
                  text run at (0,1300) width 36: "aaaa"
                RenderBR {BR} at (36,1300) size 0x19
                RenderText {#text} at (0,1320) size 36x19
                  text run at (0,1320) width 36: "bbbb"
                RenderBR {BR} at (36,1320) size 0x19
                RenderText {#text} at (0,1340) size 32x19
                  text run at (0,1340) width 32: "cccc"
                RenderBR {BR} at (32,1340) size 0x19
                RenderText {#text} at (0,1360) size 36x19
                  text run at (0,1360) width 36: "dddd"
                RenderBR {BR} at (36,1360) size 0x19
                RenderText {#text} at (0,1380) size 36x19
                  text run at (0,1380) width 36: "eeee"
                RenderBR {BR} at (36,1380) size 0x19
                RenderText {#text} at (0,1400) size 16x19
                  text run at (0,1400) width 16: "ffff"
                RenderBR {BR} at (16,1400) size 0x19
                RenderText {#text} at (0,1420) size 36x19
                  text run at (0,1420) width 36: "gggg"
                RenderBR {BR} at (36,1420) size 0x19
                RenderText {#text} at (0,1440) size 36x19
                  text run at (0,1440) width 36: "hhhh"
                RenderBR {BR} at (36,1440) size 0x19
                RenderText {#text} at (0,1460) size 16x19
                  text run at (0,1460) width 16: "iiii"
                RenderBR {BR} at (16,1460) size 0x19
                RenderText {#text} at (0,1480) size 16x19
                  text run at (0,1480) width 16: "jjjj"
                RenderBR {BR} at (16,1480) size 0x19
                RenderText {#text} at (0,1500) size 32x19
                  text run at (0,1500) width 32: "kkkk"
                RenderBR {BR} at (32,1500) size 0x19
                RenderText {#text} at (0,1520) size 16x19
                  text run at (0,1520) width 16: "llll"
                RenderBR {BR} at (16,1520) size 0x19
                RenderText {#text} at (0,1540) size 56x19
                  text run at (0,1540) width 56: "mmmm"
                RenderBR {BR} at (56,1540) size 0x19
                RenderText {#text} at (0,1560) size 36x19
                  text run at (0,1560) width 36: "nnnn"
                RenderBR {BR} at (36,1560) size 0x19
                RenderText {#text} at (0,1580) size 36x19
                  text run at (0,1580) width 36: "oooo"
                RenderBR {BR} at (36,1580) size 0x19
                RenderText {#text} at (0,1600) size 36x19
                  text run at (0,1600) width 36: "pppp"
                RenderBR {BR} at (36,1600) size 0x19
                RenderText {#text} at (0,1620) size 36x19
                  text run at (0,1620) width 36: "qqqq"
                RenderBR {BR} at (36,1620) size 0x19
                RenderText {#text} at (0,1640) size 20x19
                  text run at (0,1640) width 20: "rrrr"
                RenderBR {BR} at (20,1640) size 0x19
                RenderText {#text} at (0,1660) size 32x19
                  text run at (0,1660) width 32: "ssss"
                RenderBR {BR} at (32,1660) size 0x19
                RenderText {#text} at (0,1680) size 16x19
                  text run at (0,1680) width 16: "tttt"
                RenderBR {BR} at (16,1680) size 0x19
                RenderText {#text} at (0,1700) size 36x19
                  text run at (0,1700) width 36: "uuuu"
                RenderBR {BR} at (36,1700) size 0x19
                RenderText {#text} at (0,1720) size 32x19
                  text run at (0,1720) width 32: "vvvv"
                RenderBR {BR} at (32,1720) size 0x19
                RenderText {#text} at (0,1740) size 36x19
                  text run at (0,1740) width 36: "wwww"
                RenderBR {BR} at (36,1740) size 0x19
                RenderText {#text} at (0,1760) size 32x19
                  text run at (0,1760) width 32: "xxxx"
                RenderBR {BR} at (32,1760) size 0x19
                RenderText {#text} at (0,1780) size 32x19
                  text run at (0,1780) width 32: "yyyy"
                RenderBR {BR} at (32,1780) size 0x19
                RenderText {#text} at (0,1800) size 28x19
                  text run at (0,1800) width 28: "zzzz"
                RenderBR {BR} at (28,1800) size 0x19
                RenderText {#text} at (0,1820) size 20x19
                  text run at (0,1820) width 20: "{{{{"
                RenderBR {BR} at (20,1820) size 0x19
                RenderText {#text} at (0,1840) size 16x19
                  text run at (0,1840) width 16: "||||"
                RenderBR {BR} at (16,1840) size 0x19
                RenderText {#text} at (0,1860) size 20x19
                  text run at (0,1860) width 20: "}}}}"
                RenderBR {BR} at (20,1860) size 0x19
              RenderText {#text} at (0,0) size 0x0
            RenderText {#text} at (0,0) size 0x0
