layer at (0,0) size 800x600
  RenderView at (0,0) size 800x600
layer at (0,0) size 800x76
  RenderBlock {root} at (0,0) size 800x76
    RenderBody {body} at (8,16) size 784x52
      RenderBlock {p} at (0,0) size 784x18
        RenderText {#text} at (0,0) size 419x18
          text run at (0,0) width 419: "Test passes if the \"Filler Text\" text below has a green background."
      RenderBlock (anonymous) at (0,34) size 784x18
        RenderInline {span} at (0,0) size 66x18 [bgcolor=#00FF00]
          RenderText {#text} at (0,0) size 66x18
            text run at (0,0) width 66: "Filler Text"
        RenderText {#text} at (0,0) size 0x0
