layer at (0,0) size 800x600
  RenderView at (0,0) size 800x600
layer at (0,0) size 800x600
  RenderBlock {HTML} at (0,0) size 800x600
    RenderBody {BODY} at (8,8) size 784x584
      RenderBlock {P} at (0,0) size 784x18
        RenderText {#text} at (0,0) size 52x17
          text run at (0,0) width 52: "Test for "
        RenderInline {I} at (0,0) size 566x17
          RenderInline {A} at (0,0) size 302x17 [color=#0000EE]
            RenderText {#text} at (51,0) size 302x17
              text run at (51,0) width 302: "http://bugs.webkit.org/show_bug.cgi?id=12782"
          RenderText {#text} at (352,0) size 265x17
            text run at (352,0) width 5: " "
            text run at (356,0) width 261: "Reproducible crash in BidiContext::deref"
        RenderText {#text} at (616,0) size 5x17
          text run at (616,0) width 5: "."
      RenderBlock {P} at (0,34) size 784x18
        RenderText {#text} at (0,0) size 246x17
          text run at (0,0) width 246: "No assertion failure means SUCCESS."
      RenderBlock {DIV} at (0,68) size 784x18
        RenderInline {SPAN} at (0,0) size 21x17
          RenderText {#text} at (0,0) size 21x17
            text run at (0,0) width 21: "foo"
      RenderBlock {DIV} at (0,86) size 784x0
