layer at (0,0) size 800x600
  RenderView at (0,0) size 800x600
layer at (0,0) size 800x600
  RenderBlock {HTML} at (0,0) size 800x600
    RenderBody {BODY} at (8,8) size 784x584
      RenderBlock {P} at (0,0) size 784x18
        RenderText {#text} at (0,0) size 52x17
          text run at (0,0) width 52: "Test for "
        RenderInline {I} at (0,0) size 579x17
          RenderInline {A} at (0,0) size 302x17 [color=#0000EE]
            RenderText {#text} at (51,0) size 302x17
              text run at (51,0) width 302: "http://bugs.webkit.org/show_bug.cgi?id=12886"
          RenderText {#text} at (352,0) size 278x17
            text run at (352,0) width 5: " "
            text run at (356,0) width 274: "Crash with Scriptalicious javascript library"
        RenderText {#text} at (629,0) size 5x17
          text run at (629,0) width 5: "."
      RenderBlock {P} at (0,34) size 784x18
        RenderText {#text} at (0,0) size 297x17
          text run at (0,0) width 297: "You should see two purple 100\x{D7}50 rectangles, "
        RenderInline {EM} at (0,0) size 21x17
          RenderText {#text} at (296,0) size 21x17
            text run at (296,0) width 21: "not"
        RenderText {#text} at (316,0) size 152x17
          text run at (316,0) width 152: " a checkerboard pattern."
      RenderTable {TABLE} at (0,68) size 100x300
        RenderTableSection {TBODY} at (0,0) size 100x300
          RenderTableRow {TR} at (0,0) size 100x150
            RenderTableCell {TD} at (0,0) size 50x100 [r=0 c=0 rs=1 cs=1]
              RenderBlock {DIV} at (0,0) size 50x100
                RenderBlock {DIV} at (0,0) size 50x50
                  RenderBlock (floating) {DIV} at (0,0) size 50x25
                RenderBlock {DIV} at (0,50) size 50x50
                  RenderBlock {DIV} at (0,0) size 50x50 [bgcolor=#800080]
            RenderTableCell {TD} at (50,0) size 50x100 [r=0 c=1 rs=1 cs=1]
              RenderBlock {DIV} at (0,0) size 50x100
                RenderBlock {DIV} at (0,0) size 50x50
                  RenderBlock (floating) {DIV} at (0,0) size 50x25
                RenderBlock {DIV} at (0,50) size 50x50
                  RenderBlock {DIV} at (0,0) size 50x50 [bgcolor=#800080]
          RenderTableRow {TR} at (0,150) size 100x150
            RenderTableCell {TD} at (0,150) size 50x50 [r=1 c=0 rs=1 cs=1]
              RenderBlock {DIV} at (0,0) size 50x50
                RenderBlock {DIV} at (0,0) size 50x0
                  RenderBlock (floating) {DIV} at (0,0) size 50x0
                RenderBlock {DIV} at (0,0) size 50x50
                  RenderBlock {DIV} at (0,0) size 50x50 [bgcolor=#800080]
            RenderTableCell {TD} at (50,150) size 50x50 [r=1 c=1 rs=1 cs=1]
              RenderBlock {DIV} at (0,0) size 50x50 [bgcolor=#800080]
      RenderBlock {DIV} at (0,368) size 784x200
