layer at (0,0) size 800x600
  RenderView at (0,0) size 800x600
layer at (0,0) size 800x600
  RenderBlock {HTML} at (0,0) size 800x600
    RenderBody {BODY} at (8,8) size 784x584
      RenderBlock {P} at (0,0) size 784x18
        RenderText {#text} at (0,0) size 52x17
          text run at (0,0) width 52: "Test for "
        RenderInline {I} at (0,0) size 631x17
          RenderInline {A} at (0,0) size 302x17 [color=#0000EE]
            RenderText {#text} at (51,0) size 302x17
              text run at (51,0) width 302: "http://bugs.webkit.org/show_bug.cgi?id=15362"
          RenderText {#text} at (352,0) size 330x17
            text run at (352,0) width 5: " "
            text run at (356,0) width 326: "Safari Crashes when opening a JS TreeGrid widget"
        RenderText {#text} at (681,0) size 5x17
          text run at (681,0) width 5: "."
      RenderBlock {P} at (0,34) size 784x72
        RenderText {#text} at (0,0) size 783x71
          text run at (0,0) width 780: "The test sets up an inline parent with a child that is some kind of table part. The child gets broken off into a continuation and"
          text run at (0,18) width 777: "anonymous table parts get created below and/or above the table parts. Then the test tries to insert a new child into the inline,"
          text run at (0,36) width 783: "specifying the table part as the \"before child\". The resulting render tree should look just like it would look if the parent was a"
          text run at (0,54) width 39: "block."
      RenderBlock {DIV} at (0,122) size 784x18
        RenderInline {SPAN} at (0,0) size 230x17
          RenderText {#text} at (0,0) size 40x17
            text run at (0,0) width 40: "Text..."
          RenderText {#text} at (39,0) size 88x17
            text run at (39,0) width 88: "goes here and"
          RenderTable at (126,0) size 104x18
            RenderTableSection (anonymous) at (0,0) size 103x18
              RenderTableRow (anonymous) at (0,0) size 103x18
                RenderTableCell {DIV} at (0,0) size 103x18 [r=0 c=0 rs=1 cs=1]
                  RenderText {#text} at (0,0) size 103x17
                    text run at (0,0) width 103: "...continues here"
      RenderBlock {DIV} at (0,140) size 784x18
        RenderInline {SPAN} at (0,0) size 145x17
          RenderText {#text} at (0,0) size 40x17
            text run at (0,0) width 40: "Text..."
          RenderTable at (39,0) size 106x18
            RenderTableSection (anonymous) at (0,0) size 105x18
              RenderTableRow (anonymous) at (0,0) size 105x18
                RenderTableCell {TD} at (0,0) size 2x2 [r=0 c=0 rs=1 cs=1]
                RenderTableCell {DIV} at (2,0) size 103x18 [r=0 c=1 rs=1 cs=1]
                  RenderText {#text} at (0,0) size 103x17
                    text run at (0,0) width 103: "...continues here"
      RenderBlock {DIV} at (0,158) size 784x22
        RenderInline {SPAN} at (0,0) size 143x17
          RenderText {#text} at (0,4) size 40x17
            text run at (0,4) width 40: "Text..."
          RenderTable at (39,0) size 104x18
            RenderTableSection (anonymous) at (0,0) size 103x18
              RenderTableRow {TR} at (0,0) size 103x0
              RenderTableRow (anonymous) at (0,0) size 103x18
                RenderTableCell {DIV} at (0,0) size 103x18 [r=1 c=0 rs=1 cs=1]
                  RenderText {#text} at (0,0) size 103x17
                    text run at (0,0) width 103: "...continues here"
      RenderBlock {DIV} at (0,180) size 784x18
        RenderInline {SPAN} at (0,0) size 143x17
          RenderText {#text} at (0,0) size 40x17
            text run at (0,0) width 40: "Text..."
          RenderInline {SPAN} at (0,0) size 0x17
          RenderTable at (39,0) size 104x18
            RenderTableSection (anonymous) at (0,0) size 103x18
              RenderTableRow (anonymous) at (0,0) size 103x18
                RenderTableCell {DIV} at (0,0) size 103x18 [r=0 c=0 rs=1 cs=1]
                  RenderText {#text} at (0,0) size 103x17
                    text run at (0,0) width 103: "...continues here"
      RenderBlock {DIV} at (0,198) size 784x36
        RenderBlock (anonymous) at (0,0) size 784x18
          RenderInline {SPAN} at (0,0) size 40x17
            RenderText {#text} at (0,0) size 40x17
              text run at (0,0) width 40: "Text..."
        RenderBlock (anonymous) at (0,18) size 784x0
          RenderBlock {DIV} at (0,0) size 784x0
        RenderBlock (anonymous) at (0,18) size 784x18
          RenderInline {SPAN} at (0,0) size 103x17
            RenderTable at (0,0) size 103x18
              RenderTableSection (anonymous) at (0,0) size 103x18
                RenderTableRow (anonymous) at (0,0) size 103x18
                  RenderTableCell {DIV} at (0,0) size 103x18 [r=0 c=0 rs=1 cs=1]
                    RenderText {#text} at (0,0) size 103x17
                      text run at (0,0) width 103: "...continues here"
      RenderBlock {DIV} at (0,234) size 784x18
        RenderInline {SPAN} at (0,0) size 230x17
          RenderText {#text} at (0,0) size 40x17
            text run at (0,0) width 40: "Text..."
          RenderText {#text} at (39,0) size 88x17
            text run at (39,0) width 88: "goes here and"
          RenderTable at (126,0) size 104x18
            RenderTableSection (anonymous) at (0,0) size 103x18
              RenderTableRow {DIV} at (0,0) size 103x18
                RenderTableCell (anonymous) at (0,0) size 103x18 [r=0 c=0 rs=1 cs=1]
                  RenderText {#text} at (0,0) size 103x17
                    text run at (0,0) width 103: "...continues here"
      RenderBlock {DIV} at (0,252) size 784x24
        RenderInline {SPAN} at (0,0) size 143x17
          RenderText {#text} at (0,6) size 40x17
            text run at (0,6) width 40: "Text..."
          RenderTable at (39,0) size 104x20
            RenderTableSection (anonymous) at (0,0) size 103x20
              RenderTableRow (anonymous) at (0,0) size 103x2
                RenderTableCell {TD} at (0,0) size 103x2 [r=0 c=0 rs=1 cs=1]
              RenderTableRow {DIV} at (0,2) size 103x18
                RenderTableCell (anonymous) at (0,2) size 103x18 [r=1 c=0 rs=1 cs=1]
                  RenderText {#text} at (0,0) size 103x17
                    text run at (0,0) width 103: "...continues here"
      RenderBlock {DIV} at (0,276) size 784x22
        RenderInline {SPAN} at (0,0) size 143x17
          RenderText {#text} at (0,4) size 40x17
            text run at (0,4) width 40: "Text..."
          RenderTable at (39,0) size 104x18
            RenderTableSection (anonymous) at (0,0) size 103x18
              RenderTableRow {TR} at (0,0) size 103x0
              RenderTableRow {DIV} at (0,0) size 103x18
                RenderTableCell (anonymous) at (0,0) size 103x18 [r=1 c=0 rs=1 cs=1]
                  RenderText {#text} at (0,0) size 103x17
                    text run at (0,0) width 103: "...continues here"
      RenderBlock {DIV} at (0,298) size 784x18
        RenderInline {SPAN} at (0,0) size 143x17
          RenderText {#text} at (0,0) size 40x17
            text run at (0,0) width 40: "Text..."
          RenderInline {SPAN} at (0,0) size 0x17
          RenderTable at (39,0) size 104x18
            RenderTableSection (anonymous) at (0,0) size 103x18
              RenderTableRow {DIV} at (0,0) size 103x18
                RenderTableCell (anonymous) at (0,0) size 103x18 [r=0 c=0 rs=1 cs=1]
                  RenderText {#text} at (0,0) size 103x17
                    text run at (0,0) width 103: "...continues here"
      RenderBlock {DIV} at (0,316) size 784x36
        RenderBlock (anonymous) at (0,0) size 784x18
          RenderInline {SPAN} at (0,0) size 40x17
            RenderText {#text} at (0,0) size 40x17
              text run at (0,0) width 40: "Text..."
        RenderBlock (anonymous) at (0,18) size 784x0
          RenderBlock {DIV} at (0,0) size 784x0
        RenderBlock (anonymous) at (0,18) size 784x18
          RenderInline {SPAN} at (0,0) size 103x17
            RenderTable at (0,0) size 103x18
              RenderTableSection (anonymous) at (0,0) size 103x18
                RenderTableRow {DIV} at (0,0) size 103x18
                  RenderTableCell (anonymous) at (0,0) size 103x18 [r=0 c=0 rs=1 cs=1]
                    RenderText {#text} at (0,0) size 103x17
                      text run at (0,0) width 103: "...continues here"
      RenderBlock {DIV} at (0,352) size 784x18
        RenderInline {SPAN} at (0,0) size 230x17
          RenderText {#text} at (0,0) size 40x17
            text run at (0,0) width 40: "Text..."
          RenderText {#text} at (39,0) size 88x17
            text run at (39,0) width 88: "goes here and"
          RenderTable at (126,0) size 104x18
            RenderTableSection {DIV} at (0,0) size 103x18
              RenderTableRow (anonymous) at (0,0) size 103x18
                RenderTableCell (anonymous) at (0,0) size 103x18 [r=0 c=0 rs=1 cs=1]
                  RenderText {#text} at (0,0) size 103x17
                    text run at (0,0) width 103: "...continues here"
      RenderBlock {DIV} at (0,370) size 784x24
        RenderInline {SPAN} at (0,0) size 143x17
          RenderText {#text} at (0,6) size 40x17
            text run at (0,6) width 40: "Text..."
          RenderTable at (39,0) size 104x20
            RenderTableSection (anonymous) at (0,0) size 103x2
              RenderTableRow (anonymous) at (0,0) size 103x2
                RenderTableCell {TD} at (0,0) size 103x2 [r=0 c=0 rs=1 cs=1]
            RenderTableSection {DIV} at (0,2) size 103x18
              RenderTableRow (anonymous) at (0,0) size 103x18
                RenderTableCell (anonymous) at (0,0) size 103x18 [r=0 c=0 rs=1 cs=1]
                  RenderText {#text} at (0,0) size 103x17
                    text run at (0,0) width 103: "...continues here"
      RenderBlock {DIV} at (0,394) size 784x22
        RenderInline {SPAN} at (0,0) size 143x17
          RenderText {#text} at (0,4) size 40x17
            text run at (0,4) width 40: "Text..."
          RenderTable at (39,0) size 104x18
            RenderTableSection (anonymous) at (0,0) size 103x0
              RenderTableRow {TR} at (0,0) size 103x0
            RenderTableSection {DIV} at (0,0) size 103x18
              RenderTableRow (anonymous) at (0,0) size 103x18
                RenderTableCell (anonymous) at (0,0) size 103x18 [r=0 c=0 rs=1 cs=1]
                  RenderText {#text} at (0,0) size 103x17
                    text run at (0,0) width 103: "...continues here"
      RenderBlock {DIV} at (0,416) size 784x18
        RenderInline {SPAN} at (0,0) size 143x17
          RenderText {#text} at (0,0) size 40x17
            text run at (0,0) width 40: "Text..."
          RenderInline {SPAN} at (0,0) size 0x17
          RenderTable at (39,0) size 104x18
            RenderTableSection {DIV} at (0,0) size 103x18
              RenderTableRow (anonymous) at (0,0) size 103x18
                RenderTableCell (anonymous) at (0,0) size 103x18 [r=0 c=0 rs=1 cs=1]
                  RenderText {#text} at (0,0) size 103x17
                    text run at (0,0) width 103: "...continues here"
      RenderBlock {DIV} at (0,434) size 784x36
        RenderBlock (anonymous) at (0,0) size 784x18
          RenderInline {SPAN} at (0,0) size 40x17
            RenderText {#text} at (0,0) size 40x17
              text run at (0,0) width 40: "Text..."
        RenderBlock (anonymous) at (0,18) size 784x0
          RenderBlock {DIV} at (0,0) size 784x0
        RenderBlock (anonymous) at (0,18) size 784x18
          RenderInline {SPAN} at (0,0) size 103x17
            RenderTable at (0,0) size 103x18
              RenderTableSection {DIV} at (0,0) size 103x18
                RenderTableRow (anonymous) at (0,0) size 103x18
                  RenderTableCell (anonymous) at (0,0) size 103x18 [r=0 c=0 rs=1 cs=1]
                    RenderText {#text} at (0,0) size 103x17
                      text run at (0,0) width 103: "...continues here"
