layer at (0,0) size 800x600
  RenderView at (0,0) size 800x600
layer at (0,0) size 800x80
  RenderBlock {HTML} at (0,0) size 800x80
    RenderBody {BODY} at (8,16) size 784x56
      RenderBlock {P} at (0,0) size 784x20
        RenderText {#text} at (0,0) size 304x19
          text run at (0,0) width 304: "Test passes if there is green visible on the page."
      RenderBlock {DIV} at (0,36) size 784x20
        RenderText {#text} at (0,0) size 67x19
          text run at (0,0) width 67: "Filler Text"
      RenderBlock {DIV} at (0,56) size 784x0
