layer at (0,0) size 800x600
  RenderView at (0,0) size 800x600
layer at (0,0) size 800x297
  RenderBlock {html} at (0,0) size 800x297
    RenderBody {body} at (8,16) size 784x273
      RenderBlock {p} at (0,0) size 784x19
        RenderTextControl {input} at (0,0) size 357x19 [bgcolor=#FFFFFF] [border: (2px inset #808080)]
      RenderBlock {p} at (0,35) size 784x18
        RenderText {#text} at (0,0) size 465x18
          text run at (0,0) width 465: "It should say \"PASSED\" above and there should be a green circle below."
      RenderBlock (anonymous) at (0,69) size 784x204
        RenderSVGRoot {svg} at (8,85) size 100x100
          RenderSVGEllipse {circle} at (8,85) size 100x100 [fill={[type=SOLID] [color=#008000]}] [cx=50.00] [cy=50.00] [r=50.00]
        RenderText {#text} at (0,0) size 0x0
        RenderText {#text} at (0,0) size 0x0
layer at (11,19) size 351x13
  RenderBlock {div} at (3,3) size 351x13
    RenderText {#text} at (0,0) size 117x13
      text run at (0,0) width 117: "This test has PASSED."
