layer at (0,0) size 800x600
  RenderView at (0,0) size 800x600
layer at (0,0) size 800x600
  RenderBlock {HTML} at (0,0) size 800x600
    RenderBody {BODY} at (8,8) size 784x576 [bgcolor=#008000]
      RenderBlock {P} at (0,0) size 784x20
        RenderText {#text} at (0,0) size 402x19
          text run at (0,0) width 402: "Test for iframe flattening. The flattening only works inside the DRT."
      RenderBlock {P} at (0,36) size 784x20
        RenderText {#text} at (0,0) size 742x19
          text run at (0,0) width 410: "This inner frame should be 400px in each direction, disregarding the "
          text run at (410,0) width 332: "border, and it must not be scrollable or have scrollbars."
      RenderBlock {P} at (0,72) size 784x404
        RenderIFrame {IFRAME} at (0,0) size 404x404 [border: (2px inset #000000)]
          layer at (0,0) size 400x400
            RenderView at (0,0) size 400x400
          layer at (0,0) size 400x400
            RenderBlock {HTML} at (0,0) size 400x400
              RenderBody {BODY} at (8,8) size 384x384 [bgcolor=#0000FF]
          layer at (0,0) size 400x400
            RenderBlock (positioned) {DIV} at (0,0) size 400x400
        RenderText {#text} at (0,0) size 0x0
