layer at (0,0) size 9200x800
  RenderView at (0,0) size 785x585
layer at (0,0) size 785x585
  RenderBlock {HTML} at (0,0) size 785x585
    RenderBody {BODY} at (8,8) size 769x561
      RenderBlock {DIV} at (0,0) size 769x20
        RenderBlock {P} at (0,0) size 769x20
          RenderText {#text} at (0,0) size 756x19
            text run at (0,0) width 756: "Test that an iframe with negative coordinates is not flattened, but an iframe with positive coordinates is, even if it is out of view."
      RenderBlock {P} at (0,36) size 769x0
      RenderBlock {P} at (0,36) size 769x0
layer at (1200,0) size 8000x800
  RenderIFrame {IFRAME} at (1200,0) size 8000x800
    layer at (0,0) size 8000x800
      RenderView at (0,0) size 8000x800
    layer at (0,0) size 8000x800
      RenderBlock {HTML} at (0,0) size 8000x800
        RenderBody {BODY} at (8,8) size 7984x784 [bgcolor=#0000FF]
    layer at (0,0) size 8000x800
      RenderBlock (positioned) {DIV} at (0,0) size 8000x800
        RenderText {#text} at (0,0) size 417x19
          text run at (0,0) width 417: "You will not see me but you will see the horizontal scrollbar streching."
