layer at (0,0) size 800x600
  RenderView at (0,0) size 800x600
layer at (0,0) size 800x312
  RenderBlock {HTML} at (0,0) size 800x312
    RenderBody {BODY} at (8,16) size 784x288
      RenderBlock {P} at (0,0) size 784x20
        RenderText {#text} at (0,0) size 268x19
          text run at (0,0) width 268: "Left and right sides should look the same."
      RenderBlock (anonymous) at (0,36) size 784x252
        RenderBlock {DIV} at (50,50) size 202x152 [border: (1px solid #000000)]
        RenderText {#text} at (302,151) size 4x19
          text run at (302,151) width 4: " "
        RenderText {#text} at (0,0) size 0x0
layer at (59,140) size 200x88
  RenderBlock {P} at (1,38) size 200x89 [color=#0000FF]
    RenderText {#text} at (22,1) size 156x86
      text run at (22,1) width 156: "Shadowed"
      text run at (72,45) width 56: "text"
layer at (364,102) size 202x152
  RenderBlock {DIV} at (356,50) size 202x152 [border: (1px solid #000000)]
layer at (365,140) size 200x88
  RenderBlock {P} at (1,38) size 200x89 [color=#0000FF]
    RenderText {#text} at (22,1) size 156x86
      text run at (22,1) width 156: "Shadowed"
      text run at (72,45) width 56: "text"
