layer at (0,0) size 800x600
  RenderView at (0,0) size 800x600
layer at (0,0) size 800x600
  RenderBlock {HTML} at (0,0) size 800x600
    RenderBody {BODY} at (8,8) size 784x576
      RenderBlock {H1} at (0,0) size 784x37
        RenderText {#text} at (0,0) size 360x37
          text run at (0,0) width 360: "Meters with border values"
      RenderBlock {UL} at (0,58) size 784x271
        RenderListItem {LI} at (40,0) size 744x18
          RenderListMarker at (-17,0) size 7x18: bullet
          RenderText {#text} at (0,0) size 169x18
            text run at (0,0) width 169: "min,low,optimal,high,max"
        RenderListItem {LI} at (40,18) size 744x18
          RenderListMarker at (-17,0) size 7x18: bullet
          RenderInline {B} at (0,0) size 8x18
            RenderText {#text} at (0,0) size 8x18
              text run at (0,0) width 8: "9"
          RenderText {#text} at (8,0) size 108x18
            text run at (8,0) width 108: "|10,20,30,40,50: "
          RenderMeter {METER} at (115,1) size 81x17
        RenderListItem {LI} at (40,36) size 744x18
          RenderListMarker at (-17,0) size 7x18: bullet
          RenderInline {B} at (0,0) size 16x18
            RenderText {#text} at (0,0) size 16x18
              text run at (0,0) width 16: "10"
          RenderText {#text} at (16,0) size 89x18
            text run at (16,0) width 89: ",20,30,40,50: "
          RenderMeter {METER} at (104,1) size 81x17
        RenderListItem {LI} at (40,54) size 744x18
          RenderListMarker at (-17,0) size 7x18: bullet
          RenderText {#text} at (0,0) size 20x18
            text run at (0,0) width 20: "10,"
          RenderInline {B} at (0,0) size 16x18
            RenderText {#text} at (20,0) size 16x18
              text run at (20,0) width 16: "20"
          RenderText {#text} at (36,0) size 69x18
            text run at (36,0) width 69: ",30,40,50: "
          RenderMeter {METER} at (104,1) size 81x17
          RenderText {#text} at (184,0) size 113x18
            text run at (184,0) width 113: "(should be green)"
        RenderListItem {LI} at (40,72) size 744x18
          RenderListMarker at (-17,0) size 7x18: bullet
          RenderText {#text} at (0,0) size 40x18
            text run at (0,0) width 40: "10,20,"
          RenderInline {B} at (0,0) size 16x18
            RenderText {#text} at (40,0) size 16x18
              text run at (40,0) width 16: "30"
          RenderText {#text} at (56,0) size 49x18
            text run at (56,0) width 49: ",40,50: "
          RenderMeter {METER} at (104,1) size 81x17
          RenderText {#text} at (184,0) size 113x18
            text run at (184,0) width 113: "(should be green)"
        RenderListItem {LI} at (40,90) size 744x18
          RenderListMarker at (-17,0) size 7x18: bullet
          RenderText {#text} at (0,0) size 60x18
            text run at (0,0) width 60: "10,20,30,"
          RenderInline {B} at (0,0) size 16x18
            RenderText {#text} at (60,0) size 16x18
              text run at (60,0) width 16: "40"
          RenderText {#text} at (76,0) size 29x18
            text run at (76,0) width 29: ",50: "
          RenderMeter {METER} at (104,1) size 81x17
          RenderText {#text} at (184,0) size 113x18
            text run at (184,0) width 113: "(should be green)"
        RenderListItem {LI} at (40,108) size 744x18
          RenderListMarker at (-17,0) size 7x18: bullet
          RenderText {#text} at (0,0) size 80x18
            text run at (0,0) width 80: "10,20,30,40,"
          RenderInline {B} at (0,0) size 16x18
            RenderText {#text} at (80,0) size 16x18
              text run at (80,0) width 16: "50"
          RenderText {#text} at (96,0) size 9x18
            text run at (96,0) width 9: ": "
          RenderMeter {METER} at (104,1) size 81x17
          RenderText {#text} at (184,0) size 121x18
            text run at (184,0) width 121: "(should be yellow)"
        RenderListItem {LI} at (40,126) size 744x18
          RenderListMarker at (-17,0) size 7x18: bullet
          RenderText {#text} at (0,0) size 100x18
            text run at (0,0) width 100: "10,20,30,40,50|"
          RenderInline {B} at (0,0) size 17x18
            RenderText {#text} at (99,0) size 17x18
              text run at (99,0) width 17: "51"
          RenderText {#text} at (115,0) size 9x18
            text run at (115,0) width 9: ": "
          RenderMeter {METER} at (123,1) size 81x17
          RenderText {#text} at (203,0) size 121x18
            text run at (203,0) width 121: "(should be yellow)"
        RenderListItem {LI} at (40,144) size 744x18
          RenderListMarker at (-17,0) size 7x18: bullet
          RenderText {#text} at (0,0) size 20x18
            text run at (0,0) width 20: "10,"
          RenderInline {B} at (0,0) size 16x18
            RenderText {#text} at (20,0) size 16x18
              text run at (20,0) width 16: "10"
          RenderText {#text} at (36,0) size 69x18
            text run at (36,0) width 69: ",30,40,50: "
          RenderMeter {METER} at (104,1) size 81x17
        RenderListItem {LI} at (40,162) size 744x18
          RenderListMarker at (-17,0) size 7x18: bullet
          RenderText {#text} at (0,0) size 60x18
            text run at (0,0) width 60: "10,20,30,"
          RenderInline {B} at (0,0) size 16x18
            RenderText {#text} at (60,0) size 16x18
              text run at (60,0) width 16: "40"
          RenderText {#text} at (76,0) size 29x18
            text run at (76,0) width 29: ",40: "
          RenderMeter {METER} at (104,1) size 81x17
          RenderText {#text} at (184,0) size 113x18
            text run at (184,0) width 113: "(should be green)"
        RenderListItem {LI} at (40,180) size 744x18
          RenderListMarker at (-17,0) size 7x18: bullet
          RenderInline {B} at (0,0) size 8x18
            RenderText {#text} at (0,0) size 8x18
              text run at (0,0) width 8: "9"
          RenderText {#text} at (8,0) size 108x18
            text run at (8,0) width 108: "|10,10,10,20,30: "
          RenderMeter {METER} at (115,1) size 81x17
        RenderListItem {LI} at (40,198) size 744x18
          RenderListMarker at (-17,0) size 7x18: bullet
          RenderText {#text} at (0,0) size 40x18
            text run at (0,0) width 40: "10,10,"
          RenderInline {B} at (0,0) size 16x18
            RenderText {#text} at (40,0) size 16x18
              text run at (40,0) width 16: "10"
          RenderText {#text} at (56,0) size 49x18
            text run at (56,0) width 49: ",20,30: "
          RenderMeter {METER} at (104,1) size 81x17
        RenderListItem {LI} at (40,216) size 744x18
          RenderListMarker at (-17,0) size 7x18: bullet
          RenderText {#text} at (0,0) size 40x18
            text run at (0,0) width 40: "10,20,"
          RenderInline {B} at (0,0) size 16x18
            RenderText {#text} at (40,0) size 16x18
              text run at (40,0) width 16: "30"
          RenderText {#text} at (56,0) size 49x18
            text run at (56,0) width 49: ",30,30: "
          RenderMeter {METER} at (104,1) size 81x17
          RenderText {#text} at (184,0) size 113x18
            text run at (184,0) width 113: "(should be green)"
        RenderListItem {LI} at (40,234) size 744x18
          RenderListMarker at (-17,0) size 7x18: bullet
          RenderText {#text} at (0,0) size 100x18
            text run at (0,0) width 100: "10,20,30,30,30|"
          RenderInline {B} at (0,0) size 17x18
            RenderText {#text} at (99,0) size 17x18
              text run at (99,0) width 17: "31"
          RenderText {#text} at (115,0) size 9x18
            text run at (115,0) width 9: ": "
          RenderMeter {METER} at (123,1) size 81x17
          RenderText {#text} at (203,0) size 113x18
            text run at (203,0) width 113: "(should be green)"
        RenderListItem {LI} at (40,252) size 744x18
          RenderListMarker at (-17,0) size 7x18: bullet
          RenderText {#text} at (0,0) size 40x18
            text run at (0,0) width 40: "10,20,"
          RenderInline {B} at (0,0) size 16x18
            RenderText {#text} at (40,0) size 16x18
              text run at (40,0) width 16: "20"
          RenderText {#text} at (56,0) size 49x18
            text run at (56,0) width 49: ",20,30: "
          RenderMeter {METER} at (104,1) size 81x17
          RenderText {#text} at (184,0) size 113x18
            text run at (184,0) width 113: "(should be green)"
