layer at (0,0) size 785x626
  RenderView at (0,0) size 785x600
layer at (0,0) size 785x626
  RenderBlock {html} at (0,0) size 785x626
    RenderBody {body} at (8,8) size 769x610
      RenderBlock {div} at (0,0) size 769x203
        RenderBlock {div} at (0,0) size 77x146 [border: (1px solid #FF0000)]
          RenderText {#text} at (1,1) size 53x48
            text run at (1,1) width 48: "\x{70BA}"
          RenderInline {ruby} at (23,49) size 53x48
            RenderInline (generated) at (23,49) size 53x48
              RenderText {#text} at (1,49) size 53x48
                text run at (1,49) width 48: "\x{6AFB}"
          RenderText {#text} at (1,97) size 53x48
            text run at (1,97) width 48: "\x{7530}"
        RenderBlock {div} at (0,146) size 769x57 [border: (1px solid #008000)]
          RenderText {#text} at (1,3) size 48x53
            text run at (1,3) width 48: "\x{70BA}"
          RenderInline {ruby} at (49,3) size 48x53
            RenderInline (generated) at (49,3) size 48x53
              RenderText {#text} at (49,3) size 48x53
                text run at (49,3) width 48: "\x{6AFB}"
          RenderText {#text} at (97,3) size 48x53
            text run at (97,3) width 48: "\x{7530}"
      RenderBlock {div} at (0,203) size 769x204
        RenderBlock {div} at (0,0) size 58x146 [border: (1px solid #FF0000)]
          RenderText {#text} at (2,1) size 53x48
            text run at (2,1) width 48: "\x{70BA}"
          RenderInline {ruby} at (3,49) size 53x48
            RenderInline (generated) at (3,49) size 53x48
              RenderText {#text} at (2,49) size 53x48
                text run at (2,49) width 48: "\x{6AFB}"
          RenderText {#text} at (2,97) size 53x48
            text run at (2,97) width 48: "\x{7530}"
        RenderBlock {div} at (0,146) size 769x58 [border: (1px solid #008000)]
          RenderText {#text} at (1,3) size 48x53
            text run at (1,3) width 48: "\x{70BA}"
          RenderInline {ruby} at (49,3) size 48x53
            RenderInline (generated) at (49,3) size 48x53
              RenderText {#text} at (49,3) size 48x53
                text run at (49,3) width 48: "\x{6AFB}"
          RenderText {#text} at (97,3) size 48x53
            text run at (97,3) width 48: "\x{7530}"
      RenderBlock {div} at (0,407) size 769x203
        RenderBlock {div} at (0,0) size 57x146 [border: (1px solid #FF0000)]
          RenderText {#text} at (1,1) size 53x48
            text run at (1,1) width 48: "\x{70BA}"
          RenderInline {ruby} at (3,49) size 53x48
            RenderInline (generated) at (3,49) size 53x48
              RenderText {#text} at (1,49) size 53x48
                text run at (1,49) width 48: "\x{6AFB}"
          RenderText {#text} at (1,97) size 53x48
            text run at (1,97) width 48: "\x{7530}"
        RenderBlock {div} at (0,146) size 769x57 [border: (1px solid #008000)]
          RenderText {#text} at (1,3) size 48x53
            text run at (1,3) width 48: "\x{70BA}"
          RenderInline {ruby} at (49,3) size 48x53
            RenderInline (generated) at (49,3) size 48x53
              RenderText {#text} at (49,3) size 48x53
                text run at (49,3) width 48: "\x{6AFB}"
          RenderText {#text} at (97,3) size 48x53
            text run at (97,3) width 48: "\x{7530}"
