layer at (0,0) size 1024x768
  RenderView at (0,0) size 1024x768
layer at (0,0) size 1024x768
  RenderBlock {HTML} at (0,0) size 1024x768
    RenderBody {BODY} at (8,8) size 1008x739
      RenderBlock (anonymous) at (0,0) size 1008x20
        RenderText {#text} at (0,0) size 558x19
          text run at (0,0) width 558: "--> */ h1 { background-color: red; } /* This comment should not be part of the style. */"
      RenderBlock {H1} at (0,41) size 1008x39
        RenderText {#text} at (0,1) size 602x36
          text run at (0,1) width 602: "This text should not have a red background."
