layer at (0,0) size 800x600
  RenderView at (0,0) size 800x600
layer at (0,0) size 800x600
  RenderBlock {HTML} at (0,0) size 800x600
    RenderBody {BODY} at (8,8) size 784x584
      RenderText {#text} at (172,23) size 252x19
        text run at (172,23) width 252: " This should not be part of the textarea."
layer at (10,10) size 168x34 clip at (11,11) size 151x32 scrollHeight 60
  RenderTextControl {TEXTAREA} at (2,2) size 168x34 [bgcolor=#FFFFFF] [border: (1px solid #E4E4E5)]
    RenderBlock {DIV} at (6,3) size 141x56
      RenderText {#text} at (0,0) size 139x42
        text run at (0,0) width 21: "<!--"
        text run at (20,0) width 1: " "
        text run at (0,14) width 136: "This should be part of the"
        text run at (135,14) width 4: " "
        text run at (0,28) width 47: "textarea."
        text run at (46,28) width 1: " "
      RenderBR {BR} at (0,42) size 0x14
