layer at (0,0) size 800x600
  RenderView at (0,0) size 800x600
layer at (0,0) size 800x600
  RenderBlock {HTML} at (0,0) size 800x600
    RenderBody {BODY} at (8,8) size 784x584
      RenderBlock {DIV} at (0,0) size 784x128
        RenderBlock {DIV} at (12,12) size 110x100 [bgcolor=#000000] [border: (20px solid #FFFFFF)]
        RenderText {#text} at (132,108) size 4x18
          text run at (132,108) width 4: " "
        RenderBlock {DIV} at (146,12) size 110x100 [bgcolor=#000000] [border: (20px double #FFFFFF)]
        RenderText {#text} at (266,108) size 4x18
          text run at (266,108) width 4: " "
        RenderBlock {DIV} at (280,12) size 110x100 [bgcolor=#000000] [border: (20px groove #808080)]
        RenderText {#text} at (400,108) size 4x18
          text run at (400,108) width 4: " "
        RenderBlock {DIV} at (414,12) size 110x100 [bgcolor=#000000] [border: (20px solid #FFFFFF) (20px double #FFFFFF) (20px solid #FFFFFF)]
        RenderText {#text} at (0,0) size 0x0
      RenderBlock {DIV} at (0,128) size 784x128 [bgcolor=#808080]
        RenderBlock {DIV} at (12,12) size 110x100 [bgcolor=#FFFFFF] [border: (20px solid #0000FF80)]
        RenderText {#text} at (132,108) size 4x18
          text run at (132,108) width 4: " "
        RenderBlock {DIV} at (146,12) size 110x100 [bgcolor=#FFFFFF] [border: (20px double #0000FF80)]
        RenderText {#text} at (266,108) size 4x18
          text run at (266,108) width 4: " "
        RenderBlock {DIV} at (280,12) size 110x100 [bgcolor=#FFFFFF] [border: (20px groove #808080)]
        RenderText {#text} at (400,108) size 4x18
          text run at (400,108) width 4: " "
        RenderBlock {DIV} at (414,12) size 110x100 [bgcolor=#FFFFFF] [border: (20px solid #0000FF80) (20px double #0000FF80) (20px solid #0000FF80)]
        RenderText {#text} at (0,0) size 0x0
      RenderBlock {DIV} at (0,256) size 784x128
        RenderBlock {DIV} at (12,12) size 110x100 [bgcolor=#000000] [border: (20px solid #FFFFFF)]
        RenderText {#text} at (132,108) size 4x18
          text run at (132,108) width 4: " "
        RenderBlock {DIV} at (146,12) size 110x100 [bgcolor=#000000] [border: (20px double #FFFFFF)]
        RenderText {#text} at (266,108) size 4x18
          text run at (266,108) width 4: " "
        RenderBlock {DIV} at (280,12) size 110x100 [bgcolor=#000000] [border: (20px groove #808080)]
        RenderText {#text} at (400,108) size 4x18
          text run at (400,108) width 4: " "
        RenderBlock {DIV} at (414,12) size 110x100 [bgcolor=#000000] [border: (20px solid #FFFFFF) (20px double #FFFFFF) (20px solid #FFFFFF)]
        RenderText {#text} at (0,0) size 0x0
