layer at (0,0) size 800x600
  RenderView at (0,0) size 800x600
layer at (0,0) size 800x278
  RenderBlock {HTML} at (0,0) size 800x278
    RenderBody {BODY} at (8,16) size 784x254
      RenderBlock {P} at (0,0) size 784x36
        RenderInline {A} at (0,0) size 310x18 [color=#0000EE]
          RenderText {#text} at (0,0) size 310x18
            text run at (0,0) width 310: "https://bugs.webkit.org/show_bug.cgi?id=25829"
        RenderBR {BR} at (309,0) size 1x18
        RenderText {#text} at (0,18) size 580x18
          text run at (0,18) width 580: "You should see no areas of read below. (This paragraph is required for the test to be valid.)"
      RenderBlock {DIV} at (0,52) size 502x202 [color=#008000] [bgcolor=#FF0000] [border: (1px solid #000000)]
        RenderText {#text} at (1,1) size 432x148
          text run at (1,1) width 432: "This background"
          text run at (1,75) width 409: "clips to the text."
