layer at (0,0) size 800x600
  RenderView at (0,0) size 800x600
layer at (0,0) size 800x600
  RenderBlock {HTML} at (0,0) size 800x600
    RenderBody {BODY} at (8,8) size 784x584
      RenderBlock {DIV} at (0,0) size 179x452 [border: (1px solid #000000)]
        RenderInline {SPAN} at (1,16) size 177x419 [bgcolor=#808080] [border: (2px solid #000000)]
          RenderText {#text} at (3,18) size 50x115
            text run at (3,18) width 50: "  "
          RenderBR {BR} at (53,18) size 0x115
          RenderText {#text} at (1,168) size 125x115
            text run at (1,168) width 125: "     "
          RenderBR {BR} at (126,168) size 0x115
          RenderText {#text} at (1,318) size 175x115
            text run at (1,318) width 175: "       "
        RenderText {#text} at (0,0) size 0x0
      RenderText {#text} at (179,394) size 4x18
        text run at (179,394) width 4: " "
      RenderBlock {DIV} at (183,229) size 452x179 [border: (1px solid #000000)]
        RenderInline {SPAN} at (16,1) size 419x177 [bgcolor=#808080] [border: (2px solid #000000)]
          RenderText {#text} at (18,3) size 115x50
            text run at (18,3) width 50: "  "
          RenderBR {BR} at (18,53) size 115x0
          RenderText {#text} at (168,1) size 115x125
            text run at (168,1) width 125: "     "
          RenderBR {BR} at (168,126) size 115x0
          RenderText {#text} at (318,1) size 115x175
            text run at (318,1) width 175: "       "
        RenderText {#text} at (0,0) size 0x0
      RenderText {#text} at (0,0) size 0x0
