layer at (0,0) size 800x600
  RenderView at (0,0) size 800x600
layer at (0,0) size 800x356
  RenderBlock {HTML} at (0,0) size 800x356
    RenderBody {BODY} at (8,8) size 784x340
      RenderBlock {FORM} at (0,0) size 784x340
        RenderListBox {SELECT} at (0,0) size 83x321 [bgcolor=#FFFFFF] [border: (1px inset #808080)]
        RenderText {#text} at (83,300) size 4x18
          text run at (83,300) width 4: " "
        RenderBR {BR} at (87,300) size 0x18
        RenderMenuList {SELECT} at (0,321) size 70x19 [bgcolor=#FFFFFF]
          RenderBlock (anonymous) at (4,2) size 45x15
            RenderText at (0,0) size 33x15
              text run at (0,0) width 33: "Three"
        RenderText {#text} at (0,0) size 0x0
