layer at (0,0) size 800x600
  RenderView at (0,0) size 800x600
layer at (0,0) size 800x308
  RenderBlock {HTML} at (0,0) size 800x308
    RenderBody {BODY} at (8,16) size 784x272
      RenderBlock {P} at (0,0) size 784x20
        RenderText {#text} at (0,0) size 456x19
          text run at (0,0) width 456: "You should see the original and three copies of the green box with text."
layer at (28,56) size 122x232
  RenderBlock {DIV} at (20,40) size 122x232 [border: (1px solid #000000)]
layer at (39,67) size 100x100
  RenderBlock {DIV} at (11,11) size 100x100 [bgcolor=#008000]
layer at (39,67) size 100x100 scrollHeight 500
  RenderBlock (relative positioned) {DIV} at (0,0) size 100x100
layer at (39,67) size 100x500 backgroundClip at (39,67) size 100x100 clip at (39,67) size 100x100
  RenderBlock {DIV} at (0,0) size 100x500
    RenderText {#text} at (0,0) size 100x379
      text run at (0,0) width 86: "Lorem ipsum"
      text run at (0,20) width 92: "dolor sit amet,"
      text run at (0,40) width 73: "consectetur"
      text run at (0,60) width 99: "adipisicing elit,"
      text run at (0,80) width 100: "sed do eiusmod"
      text run at (0,100) width 46: "tempor"
      text run at (0,120) width 82: "incididunt ut"
      text run at (0,140) width 56: "labore et"
      text run at (0,160) width 88: "dolore magna"
      text run at (0,180) width 100: "aliqua. Ut enim"
      text run at (0,200) width 61: "ad minim"
      text run at (0,220) width 82: "veniam, quis"
      text run at (0,240) width 48: "nostrud"
      text run at (0,260) width 76: "exercitation"
      text run at (0,280) width 100: "ullamco laboris"
      text run at (0,300) width 88: "nisi ut aliquip"
      text run at (0,320) width 34: "ex ea"
      text run at (0,340) width 64: "commodo"
      text run at (0,360) width 68: "consequat."
