layer at (0,0) size 800x600
  RenderView at (0,0) size 800x600
layer at (0,0) size 800x50
  RenderBlock {HTML} at (0,0) size 800x50
    RenderBody {BODY} at (8,16) size 784x18
      RenderBlock {P} at (0,0) size 784x18
        RenderText {#text} at (0,0) size 323x18
          text run at (0,0) width 323: "Gray div should be clipped by overflow: scroll div"
layer at (8,50) size 202x202 clip at (9,51) size 200x200 scrollHeight 516
  RenderBlock (positioned) {DIV} at (8,50) size 202x202 [border: (1px solid #000000)]
layer at (9,67) size 200x500 backgroundClip at (9,51) size 200x200 clip at (9,51) size 200x200
  RenderBlock (relative positioned) {DIV} at (1,17) size 200x500 [bgcolor=#808080]
    RenderBlock {P} at (0,0) size 200x108
      RenderText {#text} at (0,0) size 200x108
        text run at (0,0) width 192: "ihasdkas sdkha sjdkahk dahsd"
        text run at (0,18) width 200: "jashd kashd kasdh aksd haskdh"
        text run at (0,36) width 46: "aksd h "
        text run at (45,36) width 141: "asfadjaskdh akdhaskd"
        text run at (0,54) width 185: "haskd haskd haskd haskdhka"
        text run at (0,72) width 117: "shdkasdh kas hdk "
        text run at (116,72) width 48: "asd asd"
        text run at (0,90) width 72: "asdas das d"
    RenderBlock {P} at (0,124) size 200x108
      RenderText {#text} at (0,0) size 200x108
        text run at (0,0) width 192: "ihasdkas sdkha sjdkahk dahsd"
        text run at (0,18) width 200: "jashd kashd kasdh aksd haskdh"
        text run at (0,36) width 46: "aksd h "
        text run at (45,36) width 141: "asfadjaskdh akdhaskd"
        text run at (0,54) width 185: "haskd haskd haskd haskdhka"
        text run at (0,72) width 117: "shdkasdh kas hdk "
        text run at (116,72) width 48: "asd asd"
        text run at (0,90) width 72: "asdas das d"
    RenderBlock {P} at (0,248) size 200x108
      RenderText {#text} at (0,0) size 200x108
        text run at (0,0) width 192: "ihasdkas sdkha sjdkahk dahsd"
        text run at (0,18) width 200: "jashd kashd kasdh aksd haskdh"
        text run at (0,36) width 46: "aksd h "
        text run at (45,36) width 141: "asfadjaskdh akdhaskd"
        text run at (0,54) width 185: "haskd haskd haskd haskdhka"
        text run at (0,72) width 117: "shdkasdh kas hdk "
        text run at (116,72) width 48: "asd asd"
        text run at (0,90) width 72: "asdas das d"
