layer at (0,0) size 800x600
  RenderView at (0,0) size 800x600
layer at (0,0) size 800x600
  RenderBlock {HTML} at (0,0) size 800x600
    RenderBody {BODY} at (8,8) size 784x576
      RenderBlock {P} at (0,0) size 784x18
        RenderText {#text} at (0,0) size 29x18
          text run at (0,0) width 29: "The "
        RenderInline {SPAN} at (0,0) size 142x18
          RenderText {#text} at (28,0) size 142x18
            text run at (28,0) width 142: "span in this paragraph"
        RenderText {#text} at (169,0) size 307x18
          text run at (169,0) width 307: " has a transform, which has no effect on inlines."
      RenderBlock {P} at (0,34) size 784x36
        RenderText {#text} at (0,0) size 29x18
          text run at (0,0) width 29: "The "
        RenderText {#text} at (169,0) size 707x36
          text run at (169,0) width 538: " has a transform, which has no effect on inlines. It also has opacity to throw it into a"
          text run at (0,18) width 87: "RenderLayer."
      RenderBlock {P} at (0,86) size 784x18
        RenderText {#text} at (0,0) size 29x18
          text run at (0,0) width 29: "The "
        RenderText {#text} at (169,0) size 555x18
          text run at (169,0) width 555: " has a transform and opacity, and is an inline-block. So it should respect the transform."
layer at (8,42) size 142x18
  RenderInline {SPAN} at (0,0) size 142x18
    RenderText {#text} at (28,0) size 142x18
      text run at (28,0) width 142: "span in this paragraph"
layer at (37,94) size 141x18
  RenderBlock {SPAN} at (28,0) size 142x18
    RenderText {#text} at (0,0) size 141x18
      text run at (0,0) width 141: "span in this paragraph"
