layer at (0,0) size 2460x585
  RenderView at (0,0) size 800x585
    RenderMultiColumnSet at (0,0) size 800x585
layer at (-1294,0) size 2094x585 backgroundClip at (0,0) size 2460x585 clip at (0,0) size 2460x585
  RenderMultiColumnFlowThread at (0,0) size 2094x585
layer at (-1294,0) size 2094x585 backgroundClip at (0,0) size 2460x585 clip at (0,0) size 2460x585
  RenderBlock {HTML} at (0,0) size 2094x585 [border: (1px solid #008000)]
    RenderBody {BODY} at (4,4) size 2086x577 [border: (1px solid #000000)]
      RenderBlock {P} at (25,1) size 224x575
        RenderText {#text} at (0,0) size 224x564
          text run at (0,0) width 560: "1 Lorem ipsum dolor sit amet, consectetur adipisicing elit,"
          text run at (28,0) width 508: "sed do eiusmod tempor incididunt ut labore et dolore"
          text run at (56,0) width 523: "magna aliqua. Ut enim ad minim veniam, quis nostrud"
          text run at (84,0) width 564: "exercitation ullamco laboris nisi ut aliquip ex ea commodo"
          text run at (112,0) width 491: "consequat. Duis aute irure dolor in reprehenderit in"
          text run at (140,0) width 549: "voluptate velit esse cillum dolore eu fugiat nulla pariatur."
          text run at (168,0) width 526: "Excepteur sint occaecat cupidatat non proident, sunt in"
          text run at (196,0) width 510: "culpa qui officia deserunt mollit anim id est laborum."
      RenderBlock {P} at (273,1) size 248x575
        RenderText {#text} at (0,0) size 248x564
          text run at (0,0) width 560: "2 Lorem ipsum dolor sit amet, consectetur adipisicing elit,"
          text run at (28,0) width 508: "sed do eiusmod tempor incididunt ut labore et dolore"
          text run at (56,0) width 523: "magna aliqua. Ut enim ad minim veniam, quis nostrud"
          text run at (108,0) width 564: "exercitation ullamco laboris nisi ut aliquip ex ea commodo"
          text run at (136,0) width 491: "consequat. Duis aute irure dolor in reprehenderit in"
          text run at (164,0) width 549: "voluptate velit esse cillum dolore eu fugiat nulla pariatur."
          text run at (192,0) width 526: "Excepteur sint occaecat cupidatat non proident, sunt in"
          text run at (220,0) width 510: "culpa qui officia deserunt mollit anim id est laborum."
      RenderBlock {P} at (545,1) size 249x575
        RenderText {#text} at (0,0) size 249x564
          text run at (0,0) width 560: "3 Lorem ipsum dolor sit amet, consectetur adipisicing elit,"
          text run at (28,0) width 508: "sed do eiusmod tempor incididunt ut labore et dolore"
          text run at (56,0) width 523: "magna aliqua. Ut enim ad minim veniam, quis nostrud"
          text run at (84,0) width 564: "exercitation ullamco laboris nisi ut aliquip ex ea commodo"
          text run at (112,0) width 491: "consequat. Duis aute irure dolor in reprehenderit in"
          text run at (140,0) width 549: "voluptate velit esse cillum dolore eu fugiat nulla pariatur."
          text run at (168,0) width 526: "Excepteur sint occaecat cupidatat non proident, sunt in"
          text run at (221,0) width 510: "culpa qui officia deserunt mollit anim id est laborum."
      RenderBlock {P} at (818,1) size 224x575
        RenderText {#text} at (0,0) size 224x564
          text run at (0,0) width 560: "4 Lorem ipsum dolor sit amet, consectetur adipisicing elit,"
          text run at (28,0) width 508: "sed do eiusmod tempor incididunt ut labore et dolore"
          text run at (56,0) width 523: "magna aliqua. Ut enim ad minim veniam, quis nostrud"
          text run at (84,0) width 564: "exercitation ullamco laboris nisi ut aliquip ex ea commodo"
          text run at (112,0) width 491: "consequat. Duis aute irure dolor in reprehenderit in"
          text run at (140,0) width 549: "voluptate velit esse cillum dolore eu fugiat nulla pariatur."
          text run at (168,0) width 526: "Excepteur sint occaecat cupidatat non proident, sunt in"
          text run at (196,0) width 510: "culpa qui officia deserunt mollit anim id est laborum."
      RenderBlock {P} at (1066,1) size 225x575
        RenderText {#text} at (0,0) size 225x564
          text run at (0,0) width 560: "5 Lorem ipsum dolor sit amet, consectetur adipisicing elit,"
          text run at (28,0) width 508: "sed do eiusmod tempor incididunt ut labore et dolore"
          text run at (56,0) width 523: "magna aliqua. Ut enim ad minim veniam, quis nostrud"
          text run at (85,0) width 564: "exercitation ullamco laboris nisi ut aliquip ex ea commodo"
          text run at (113,0) width 491: "consequat. Duis aute irure dolor in reprehenderit in"
          text run at (141,0) width 549: "voluptate velit esse cillum dolore eu fugiat nulla pariatur."
          text run at (169,0) width 526: "Excepteur sint occaecat cupidatat non proident, sunt in"
          text run at (197,0) width 510: "culpa qui officia deserunt mollit anim id est laborum."
      RenderBlock {P} at (1315,1) size 249x575
        RenderText {#text} at (0,0) size 249x564
          text run at (0,0) width 560: "6 Lorem ipsum dolor sit amet, consectetur adipisicing elit,"
          text run at (28,0) width 508: "sed do eiusmod tempor incididunt ut labore et dolore"
          text run at (56,0) width 523: "magna aliqua. Ut enim ad minim veniam, quis nostrud"
          text run at (84,0) width 564: "exercitation ullamco laboris nisi ut aliquip ex ea commodo"
          text run at (112,0) width 491: "consequat. Duis aute irure dolor in reprehenderit in"
          text run at (140,0) width 549: "voluptate velit esse cillum dolore eu fugiat nulla pariatur."
          text run at (168,0) width 526: "Excepteur sint occaecat cupidatat non proident, sunt in"
          text run at (221,0) width 510: "culpa qui officia deserunt mollit anim id est laborum."
      RenderBlock {P} at (1588,1) size 224x575
        RenderText {#text} at (0,0) size 224x564
          text run at (0,0) width 560: "7 Lorem ipsum dolor sit amet, consectetur adipisicing elit,"
          text run at (28,0) width 508: "sed do eiusmod tempor incididunt ut labore et dolore"
          text run at (56,0) width 523: "magna aliqua. Ut enim ad minim veniam, quis nostrud"
          text run at (84,0) width 564: "exercitation ullamco laboris nisi ut aliquip ex ea commodo"
          text run at (112,0) width 491: "consequat. Duis aute irure dolor in reprehenderit in"
          text run at (140,0) width 549: "voluptate velit esse cillum dolore eu fugiat nulla pariatur."
          text run at (168,0) width 526: "Excepteur sint occaecat cupidatat non proident, sunt in"
          text run at (196,0) width 510: "culpa qui officia deserunt mollit anim id est laborum."
      RenderBlock {P} at (1836,1) size 225x575
        RenderText {#text} at (0,0) size 225x564
          text run at (0,0) width 560: "8 Lorem ipsum dolor sit amet, consectetur adipisicing elit,"
          text run at (28,0) width 508: "sed do eiusmod tempor incididunt ut labore et dolore"
          text run at (56,0) width 523: "magna aliqua. Ut enim ad minim veniam, quis nostrud"
          text run at (85,0) width 564: "exercitation ullamco laboris nisi ut aliquip ex ea commodo"
          text run at (113,0) width 491: "consequat. Duis aute irure dolor in reprehenderit in"
          text run at (141,0) width 549: "voluptate velit esse cillum dolore eu fugiat nulla pariatur."
          text run at (169,0) width 526: "Excepteur sint occaecat cupidatat non proident, sunt in"
          text run at (197,0) width 510: "culpa qui officia deserunt mollit anim id est laborum."
caret: position 70 of child 0 {#text} of child 11 {P} of body
scrolled to -800,0
