layer at (0,0) size 800x600
  RenderView at (0,0) size 800x600
layer at (0,0) size 800x265
  RenderBlock {HTML} at (0,0) size 800x265
    RenderBody {BODY} at (8,16) size 784x241
      RenderBlock {P} at (0,0) size 784x18
        RenderText {#text} at (0,0) size 309x18
          text run at (0,0) width 309: "Test passes if there is no red visible on the page."
      RenderBlock {DIV} at (0,34) size 784x207
        RenderBlock (anonymous) at (0,0) size 784x69
          RenderText {#text} at (0,0) size 236x69
            text run at (0,0) width 236: "FillerText"
        RenderBlock {DIV} at (0,69) size 784x69
          RenderText {#text} at (0,0) size 236x69
            text run at (0,0) width 236: "FillerText"
        RenderBlock (anonymous) at (0,138) size 784x69
          RenderText {#text} at (0,0) size 236x69
            text run at (0,0) width 236: "FillerText"
