EDITING DELEGATE: shouldBeginEditingInDOMRange:range from 0 of DIV > BODY > HTML > #document to 3 of DIV > BODY > HTML > #document
EDITING DELEGATE: webViewDidBeginEditing:WebViewDidBeginEditingNotification
EDITING DELEGATE: webViewDidChangeSelection:WebViewDidChangeSelectionNotification
EDITING DELEGATE: webViewDidChangeSelection:WebViewDidChangeSelectionNotification
EDITING DELEGATE: webViewDidChangeSelection:WebViewDidChangeSelectionNotification
EDITING DELEGATE: webViewDidChangeSelection:WebViewDidChangeSelectionNotification
EDITING DELEGATE: webViewDidChangeSelection:WebViewDidChangeSelectionNotification
EDITING DELEGATE: webViewDidChangeSelection:WebViewDidChangeSelectionNotification
EDITING DELEGATE: webViewDidChangeSelection:WebViewDidChangeSelectionNotification
EDITING DELEGATE: webViewDidChangeSelection:WebViewDidChangeSelectionNotification
EDITING DELEGATE: webViewDidChangeSelection:WebViewDidChangeSelectionNotification
EDITING DELEGATE: webViewDidChangeSelection:WebViewDidChangeSelectionNotification
EDITING DELEGATE: webViewDidChangeSelection:WebViewDidChangeSelectionNotification
EDITING DELEGATE: shouldDeleteDOMRange:range from 1 of #text > DIV > DIV > BODY > HTML > #document to 0 of #text > DIV > DIV > BODY > HTML > #document
EDITING DELEGATE: webViewDidChangeSelection:WebViewDidChangeSelectionNotification
EDITING DELEGATE: shouldChangeSelectedDOMRange:range from 0 of DIV > DIV > BODY > HTML > #document to 0 of #text > DIV > DIV > BODY > HTML > #document toDOMRange:range from 0 of DIV > DIV > BODY > HTML > #document to 0 of DIV > DIV > BODY > HTML > #document affinity:NSSelectionAffinityDownstream stillSelecting:FALSE
EDITING DELEGATE: webViewDidChangeSelection:WebViewDidChangeSelectionNotification
EDITING DELEGATE: webViewDidChange:WebViewDidChangeNotification
layer at (0,0) size 800x600
  RenderView at (0,0) size 800x600
layer at (0,0) size 800x600
  RenderBlock {HTML} at (0,0) size 800x600
    RenderBody {BODY} at (8,8) size 784x584
      RenderBlock {DIV} at (0,0) size 784x254 [border: (4px solid #0000FF)]
        RenderBlock {DIV} at (20,20) size 744x74
          RenderText {#text} at (0,1) size 60x28
            text run at (0,1) width 60: "Tests:"
          RenderBR {BR} at (59,1) size 1x28
          RenderText {#text} at (0,30) size 650x21
            text run at (0,30) width 650: "Our ability to \"edit around\" content the HTML editing code does not yet handle very well."
          RenderBR {BR} at (649,30) size 1x21
          RenderInline {I} at (0,52) size 98x21
            RenderText {#text} at (0,52) size 98x21
              text run at (0,52) width 98: "For this test: "
          RenderText {#text} at (97,52) size 388x21
            text run at (97,52) width 388: "Select and delete a list and some surrounding content."
        RenderBlock (anonymous) at (20,94) size 744x22
          RenderBR {BR} at (0,0) size 0x21
        RenderBlock {DIV} at (20,116) size 744x118
          RenderText {#text} at (0,1) size 184x28
            text run at (0,1) width 184: "Expected Results:"
          RenderBR {BR} at (183,1) size 1x28
          RenderText {#text} at (0,30) size 700x43
            text run at (0,30) width 700: "The content in the red box must exactly match the content in the green box (except for the border"
            text run at (0,52) width 48: "color)."
          RenderBR {BR} at (47,52) size 1x21
          RenderInline {I} at (0,74) size 98x21
            RenderText {#text} at (0,74) size 98x21
              text run at (0,74) width 98: "For this test: "
          RenderText {#text} at (0,74) size 736x43
            text run at (97,74) width 301: "Only selected content should get deleted. "
            text run at (397,74) width 339: "Surrounding content that is not selected should"
            text run at (0,96) width 199: "(obviously) not be affected."
      RenderBlock {DIV} at (0,264) size 784x34 [border: (2px solid #008000)]
        RenderText {#text} at (2,3) size 44x28
          text run at (2,3) width 44: "after"
      RenderBlock {DIV} at (0,308) size 784x34
        RenderBlock {DIV} at (0,0) size 784x34 [border: (2px solid #FF0000)]
          RenderText {#text} at (2,3) size 44x28
            text run at (2,3) width 44: "after"
caret: position 0 of child 0 {#text} of child 1 {DIV} of child 5 {DIV} of body
