EDITING DELEGATE: shouldBeginEditingInDOMRange:range from 0 of DIV > BODY > HTML > #document to 3 of DIV > BODY > HTML > #document
EDITING DELEGATE: webViewDidBeginEditing:WebViewDidBeginEditingNotification
EDITING DELEGATE: webViewDidChangeSelection:WebViewDidChangeSelectionNotification
EDITING DELEGATE: webViewDidChangeSelection:WebViewDidChangeSelectionNotification
EDITING DELEGATE: webViewDidChangeSelection:WebViewDidChangeSelectionNotification
EDITING DELEGATE: webViewDidChangeSelection:WebViewDidChangeSelectionNotification
EDITING DELEGATE: webViewDidChangeSelection:WebViewDidChangeSelectionNotification
EDITING DELEGATE: webViewDidChangeSelection:WebViewDidChangeSelectionNotification
EDITING DELEGATE: webViewDidChangeSelection:WebViewDidChangeSelectionNotification
EDITING DELEGATE: webViewDidChangeSelection:WebViewDidChangeSelectionNotification
EDITING DELEGATE: webViewDidChangeSelection:WebViewDidChangeSelectionNotification
EDITING DELEGATE: webViewDidChangeSelection:WebViewDidChangeSelectionNotification
EDITING DELEGATE: webViewDidChangeSelection:WebViewDidChangeSelectionNotification
EDITING DELEGATE: shouldChangeSelectedDOMRange:range from 2 of DIV > DIV > BODY > HTML > #document to 2 of DIV > DIV > BODY > HTML > #document toDOMRange:range from 1 of #text > DIV > DIV > BODY > HTML > #document to 1 of #text > DIV > DIV > BODY > HTML > #document affinity:NSSelectionAffinityDownstream stillSelecting:FALSE
EDITING DELEGATE: webViewDidChangeSelection:WebViewDidChangeSelectionNotification
EDITING DELEGATE: webViewDidChange:WebViewDidChangeNotification
EDITING DELEGATE: shouldChangeSelectedDOMRange:range from 1 of #text > DIV > DIV > BODY > HTML > #document to 1 of #text > DIV > DIV > BODY > HTML > #document toDOMRange:range from 2 of #text > DIV > DIV > BODY > HTML > #document to 2 of #text > DIV > DIV > BODY > HTML > #document affinity:NSSelectionAffinityDownstream stillSelecting:FALSE
EDITING DELEGATE: webViewDidChangeSelection:WebViewDidChangeSelectionNotification
EDITING DELEGATE: webViewDidChange:WebViewDidChangeNotification
EDITING DELEGATE: shouldChangeSelectedDOMRange:range from 2 of #text > DIV > DIV > BODY > HTML > #document to 2 of #text > DIV > DIV > BODY > HTML > #document toDOMRange:range from 3 of #text > DIV > DIV > BODY > HTML > #document to 3 of #text > DIV > DIV > BODY > HTML > #document affinity:NSSelectionAffinityDownstream stillSelecting:FALSE
EDITING DELEGATE: webViewDidChangeSelection:WebViewDidChangeSelectionNotification
EDITING DELEGATE: webViewDidChange:WebViewDidChangeNotification
layer at (0,0) size 800x600
  RenderView at (0,0) size 800x600
layer at (0,0) size 800x600
  RenderBlock {HTML} at (0,0) size 800x600
    RenderBody {BODY} at (8,8) size 784x584
      RenderBlock {DIV} at (0,0) size 784x232 [border: (4px solid #0000FF)]
        RenderBlock {DIV} at (20,20) size 744x74
          RenderText {#text} at (0,1) size 66x28
            text run at (0,1) width 66: "Tests: "
          RenderBR {BR} at (0,0) size 0x0
          RenderText {#text} at (0,30) size 655x21
            text run at (0,30) width 655: "Our ability to \"edit around\" content the HTML editing code does not yet handle very well. "
          RenderBR {BR} at (654,47) size 1x0
          RenderInline {I} at (0,0) size 98x21
            RenderText {#text} at (0,52) size 98x21
              text run at (0,52) width 98: "For this test: "
          RenderText {#text} at (97,52) size 175x21
            text run at (97,52) width 175: "Test typing after a table."
        RenderBlock (anonymous) at (20,94) size 744x22
          RenderBR {BR} at (0,0) size 0x21
        RenderBlock {DIV} at (20,116) size 744x96
          RenderText {#text} at (0,1) size 190x28
            text run at (0,1) width 190: "Expected Results: "
          RenderBR {BR} at (189,23) size 1x0
          RenderText {#text} at (0,30) size 700x43
            text run at (0,30) width 700: "The content in the red box must exactly match the content in the green box (except for the border"
            text run at (0,52) width 52: "color). "
          RenderBR {BR} at (51,69) size 1x0
          RenderInline {I} at (0,0) size 98x21
            RenderText {#text} at (0,74) size 98x21
              text run at (0,74) width 98: "For this test: "
          RenderText {#text} at (97,74) size 431x21
            text run at (97,74) width 431: "Typed text should appear after (on the line below) the table."
      RenderBlock {DIV} at (0,242) size 784x116 [border: (2px solid #008000)]
        RenderTable {TABLE} at (2,2) size 46x82 [border: (1px outset #808080)]
          RenderTableSection {TBODY} at (1,1) size 44x80
            RenderTableRow {TR} at (0,2) size 44x24
              RenderTableCell {TD} at (2,2) size 12x24 [border: (1px inset #808080)] [r=0 c=0 rs=1 cs=1]
                RenderText {#text} at (2,2) size 8x19
                  text run at (2,2) width 8: "1"
              RenderTableCell {TD} at (16,2) size 12x24 [border: (1px inset #808080)] [r=0 c=1 rs=1 cs=1]
                RenderText {#text} at (2,2) size 8x19
                  text run at (2,2) width 8: "2"
              RenderTableCell {TD} at (30,2) size 12x24 [border: (1px inset #808080)] [r=0 c=2 rs=1 cs=1]
                RenderText {#text} at (2,2) size 8x19
                  text run at (2,2) width 8: "3"
            RenderTableRow {TR} at (0,28) size 44x24
              RenderTableCell {TD} at (2,28) size 12x24 [border: (1px inset #808080)] [r=1 c=0 rs=1 cs=1]
                RenderText {#text} at (2,2) size 8x19
                  text run at (2,2) width 8: "4"
              RenderTableCell {TD} at (16,28) size 12x24 [border: (1px inset #808080)] [r=1 c=1 rs=1 cs=1]
                RenderText {#text} at (2,2) size 8x19
                  text run at (2,2) width 8: "5"
              RenderTableCell {TD} at (30,28) size 12x24 [border: (1px inset #808080)] [r=1 c=2 rs=1 cs=1]
                RenderText {#text} at (2,2) size 8x19
                  text run at (2,2) width 8: "6"
            RenderTableRow {TR} at (0,54) size 44x24
              RenderTableCell {TD} at (2,54) size 12x24 [border: (1px inset #808080)] [r=2 c=0 rs=1 cs=1]
                RenderText {#text} at (2,2) size 8x19
                  text run at (2,2) width 8: "7"
              RenderTableCell {TD} at (16,54) size 12x24 [border: (1px inset #808080)] [r=2 c=1 rs=1 cs=1]
                RenderText {#text} at (2,2) size 8x19
                  text run at (2,2) width 8: "8"
              RenderTableCell {TD} at (30,54) size 12x24 [border: (1px inset #808080)] [r=2 c=2 rs=1 cs=1]
                RenderText {#text} at (2,2) size 8x19
                  text run at (2,2) width 8: "9"
        RenderBlock (anonymous) at (2,84) size 780x30
          RenderText {#text} at (0,1) size 36x28
            text run at (0,1) width 36: "xxx"
      RenderBlock {DIV} at (0,368) size 784x116
        RenderBlock {DIV} at (0,0) size 784x116 [border: (2px solid #FF0000)]
          RenderTable {TABLE} at (2,2) size 46x82 [border: (1px outset #808080)]
            RenderTableSection {TBODY} at (1,1) size 44x80
              RenderTableRow {TR} at (0,2) size 44x24
                RenderTableCell {TD} at (2,2) size 12x24 [border: (1px inset #808080)] [r=0 c=0 rs=1 cs=1]
                  RenderText {#text} at (2,2) size 8x19
                    text run at (2,2) width 8: "1"
                RenderTableCell {TD} at (16,2) size 12x24 [border: (1px inset #808080)] [r=0 c=1 rs=1 cs=1]
                  RenderText {#text} at (2,2) size 8x19
                    text run at (2,2) width 8: "2"
                RenderTableCell {TD} at (30,2) size 12x24 [border: (1px inset #808080)] [r=0 c=2 rs=1 cs=1]
                  RenderText {#text} at (2,2) size 8x19
                    text run at (2,2) width 8: "3"
              RenderTableRow {TR} at (0,28) size 44x24
                RenderTableCell {TD} at (2,28) size 12x24 [border: (1px inset #808080)] [r=1 c=0 rs=1 cs=1]
                  RenderText {#text} at (2,2) size 8x19
                    text run at (2,2) width 8: "4"
                RenderTableCell {TD} at (16,28) size 12x24 [border: (1px inset #808080)] [r=1 c=1 rs=1 cs=1]
                  RenderText {#text} at (2,2) size 8x19
                    text run at (2,2) width 8: "5"
                RenderTableCell {TD} at (30,28) size 12x24 [border: (1px inset #808080)] [r=1 c=2 rs=1 cs=1]
                  RenderText {#text} at (2,2) size 8x19
                    text run at (2,2) width 8: "6"
              RenderTableRow {TR} at (0,54) size 44x24
                RenderTableCell {TD} at (2,54) size 12x24 [border: (1px inset #808080)] [r=2 c=0 rs=1 cs=1]
                  RenderText {#text} at (2,2) size 8x19
                    text run at (2,2) width 8: "7"
                RenderTableCell {TD} at (16,54) size 12x24 [border: (1px inset #808080)] [r=2 c=1 rs=1 cs=1]
                  RenderText {#text} at (2,2) size 8x19
                    text run at (2,2) width 8: "8"
                RenderTableCell {TD} at (30,54) size 12x24 [border: (1px inset #808080)] [r=2 c=2 rs=1 cs=1]
                  RenderText {#text} at (2,2) size 8x19
                    text run at (2,2) width 8: "9"
          RenderBlock (anonymous) at (2,84) size 780x30
            RenderText {#text} at (0,1) size 36x28
              text run at (0,1) width 36: "xxx"
caret: position 3 of child 2 {#text} of child 1 {DIV} of child 5 {DIV} of body
