layer at (0,0) size 800x613
  RenderView at (0,0) size 800x600
layer at (0,0) size 800x613
  RenderBlock {HTML} at (0,0) size 800x613
    RenderBody {BODY} at (8,8) size 784x589
      RenderBlock {H1} at (0,0) size 784x38
        RenderText {#text} at (0,1) size 419x36
          text run at (0,1) width 419: "Meters with various optimums"
      RenderBlock {P} at (0,59) size 784x21
        RenderText {#text} at (0,0) size 264x19
          text run at (0,0) width 264: "(min=0, max=1000, low=300, high=600)"
      RenderBlock {H2} at (0,99) size 784x31
        RenderText {#text} at (0,1) size 144x28
          text run at (0,1) width 144: "optimum=450"
      RenderBlock {UL} at (0,149) size 784x101
        RenderListItem {LI} at (40,0) size 744x20
          RenderListMarker at (-18,0) size 7x19: bullet
          RenderText {#text} at (0,0) size 77x19
            text run at (0,0) width 77: "value=150: "
          RenderMeter {METER} at (76,2) size 81x17
        RenderListItem {LI} at (40,20) size 744x20
          RenderListMarker at (-18,0) size 7x19: bullet
          RenderText {#text} at (0,0) size 77x19
            text run at (0,0) width 77: "value=450: "
          RenderMeter {METER} at (76,2) size 81x17
        RenderListItem {LI} at (40,40) size 744x20
          RenderListMarker at (-18,0) size 7x19: bullet
          RenderText {#text} at (0,0) size 77x19
            text run at (0,0) width 77: "value=750: "
          RenderMeter {METER} at (76,2) size 81x17
        RenderListItem {LI} at (40,60) size 744x20
          RenderListMarker at (-18,0) size 7x19: bullet
          RenderText {#text} at (0,0) size 61x19
            text run at (0,0) width 61: "value=0: "
          RenderMeter {METER} at (60,2) size 81x17
        RenderListItem {LI} at (40,80) size 744x20
          RenderListMarker at (-18,0) size 7x19: bullet
          RenderText {#text} at (0,0) size 85x19
            text run at (0,0) width 85: "value=1000: "
          RenderMeter {METER} at (84,2) size 81x17
      RenderBlock {H2} at (0,269) size 784x31
        RenderText {#text} at (0,1) size 144x28
          text run at (0,1) width 144: "optimum=150"
      RenderBlock {UL} at (0,319) size 784x101
        RenderListItem {LI} at (40,0) size 744x20
          RenderListMarker at (-18,0) size 7x19: bullet
          RenderText {#text} at (0,0) size 77x19
            text run at (0,0) width 77: "value=150: "
          RenderMeter {METER} at (76,2) size 81x17
        RenderListItem {LI} at (40,20) size 744x20
          RenderListMarker at (-18,0) size 7x19: bullet
          RenderText {#text} at (0,0) size 77x19
            text run at (0,0) width 77: "value=450: "
          RenderMeter {METER} at (76,2) size 81x17
        RenderListItem {LI} at (40,40) size 744x20
          RenderListMarker at (-18,0) size 7x19: bullet
          RenderText {#text} at (0,0) size 77x19
            text run at (0,0) width 77: "value=750: "
          RenderMeter {METER} at (76,2) size 81x17
        RenderListItem {LI} at (40,60) size 744x20
          RenderListMarker at (-18,0) size 7x19: bullet
          RenderText {#text} at (0,0) size 61x19
            text run at (0,0) width 61: "value=0: "
          RenderMeter {METER} at (60,2) size 81x17
        RenderListItem {LI} at (40,80) size 744x20
          RenderListMarker at (-18,0) size 7x19: bullet
          RenderText {#text} at (0,0) size 85x19
            text run at (0,0) width 85: "value=1000: "
          RenderMeter {METER} at (84,2) size 81x17
      RenderBlock {H2} at (0,438) size 784x31
        RenderText {#text} at (0,1) size 144x28
          text run at (0,1) width 144: "optimum=750"
      RenderBlock {UL} at (0,488) size 784x101
        RenderListItem {LI} at (40,0) size 744x20
          RenderListMarker at (-18,0) size 7x19: bullet
          RenderText {#text} at (0,0) size 77x19
            text run at (0,0) width 77: "value=150: "
          RenderMeter {METER} at (76,2) size 81x17
        RenderListItem {LI} at (40,20) size 744x20
          RenderListMarker at (-18,0) size 7x19: bullet
          RenderText {#text} at (0,0) size 77x19
            text run at (0,0) width 77: "value=450: "
          RenderMeter {METER} at (76,2) size 81x17
        RenderListItem {LI} at (40,40) size 744x20
          RenderListMarker at (-18,0) size 7x19: bullet
          RenderText {#text} at (0,0) size 77x19
            text run at (0,0) width 77: "value=750: "
          RenderMeter {METER} at (76,2) size 81x17
        RenderListItem {LI} at (40,60) size 744x20
          RenderListMarker at (-18,0) size 7x19: bullet
          RenderText {#text} at (0,0) size 61x19
            text run at (0,0) width 61: "value=0: "
          RenderMeter {METER} at (60,2) size 81x17
        RenderListItem {LI} at (40,80) size 744x20
          RenderListMarker at (-18,0) size 7x19: bullet
          RenderText {#text} at (0,0) size 85x19
            text run at (0,0) width 85: "value=1000: "
          RenderMeter {METER} at (84,2) size 81x17
