layer at (0,0) size 800x600
  RenderView at (0,0) size 800x600
layer at (0,0) size 800x600
  RenderBlock {HTML} at (0,0) size 800x600
    RenderBody {BODY} at (8,8) size 784x584
      RenderBlock {P} at (0,0) size 784x40
        RenderText {#text} at (0,0) size 761x39
          text run at (0,0) width 420: "This tests smart paste of a fragment that ends in a select element. "
          text run at (419,0) width 342: "There should be no spaces added because the paste is"
          text run at (0,20) width 219: "performed in an empty paragraph."
      RenderBlock {DIV} at (0,56) size 784x24
        RenderText {#text} at (0,1) size 22x19
          text run at (0,1) width 22: "foo"
        RenderMenuList {SELECT} at (23,2) size 32x20 [color=#007AFF] [bgcolor=#E9E9EA] [border: (1px solid #FFFFFF)]
          RenderBlock (anonymous) at (6,3) size 19x14
            RenderText at (0,0) size 6x14
              text run at (0,0) width 6: "1"
      RenderBlock {DIV} at (0,80) size 784x24
        RenderText {#text} at (0,1) size 22x19
          text run at (0,1) width 22: "foo"
        RenderMenuList {SELECT} at (23,2) size 32x20 [color=#007AFF] [bgcolor=#E9E9EA] [border: (1px solid #FFFFFF)]
          RenderBlock (anonymous) at (6,3) size 19x14
            RenderText at (0,0) size 6x14
              text run at (0,0) width 6: "1"
caret: position 3 of child 1 {SELECT} of child 4 {DIV} of body
