layer at (0,0) size 800x600
  RenderView at (0,0) size 800x600
layer at (0,0) size 800x600
  RenderBlock {HTML} at (0,0) size 800x600
    RenderBody {BODY} at (8,8) size 784x584
      RenderBlock {P} at (0,0) size 784x40
        RenderText {#text} at (0,0) size 740x39
          text run at (0,0) width 420: "This tests smart paste of a fragment that ends in a select element. "
          text run at (419,0) width 321: "There should be spaces added before and after the"
          text run at (0,20) width 106: "inserted content."
      RenderBlock {DIV} at (0,56) size 784x24
        RenderMenuList {SELECT} at (2,2) size 31x20 [color=#007AFF] [bgcolor=#E9E9EA] [border: (1px solid #FFFFFF)]
          RenderBlock (anonymous) at (6,3) size 19x14
            RenderText at (0,0) size 6x14
              text run at (0,0) width 6: "1"
      RenderBlock {DIV} at (0,80) size 784x20
        RenderText {#text} at (0,0) size 16x19
          text run at (0,0) width 16: "xx"
caret: position 1 of child 0 {#text} of child 4 {DIV} of body
