layer at (0,0) size 800x600
  RenderView at (0,0) size 800x600
layer at (0,0) size 800x600
  RenderBlock {HTML} at (0,0) size 800x600
    RenderBody {BODY} at (8,8) size 784x584
      RenderText {#text} at (0,1) size 782x60
        text run at (0,1) width 776: "All the text here should be the same size. All the text here should be the same"
        text run at (775,1) width 7: " "
        text run at (0,32) width 46: "size."
        text run at (45,32) width 7: " "
      RenderText {#text} at (0,0) size 0x0
caret: position 87 of child 0 {#text} of body
