layer at (0,0) size 800x600
  RenderView at (0,0) size 800x600
layer at (0,0) size 800x600
  RenderBlock {HTML} at (0,0) size 800x600
    RenderBody {BODY} at (8,8) size 784x584
      RenderBlock {P} at (0,0) size 784x20
        RenderText {#text} at (0,0) size 527x19
          text run at (0,0) width 527: "This tests that inherited block properties do not propigate to the editing style span."
      RenderBlock {DIV} at (50,36) size 734x20
        RenderText {#text} at (266,0) size 152x19
          text run at (266,0) width 152: "Some text that is bold."
      RenderBlock {DIV} at (0,56) size 784x40
        RenderBlock (anonymous) at (0,0) size 784x20
          RenderText {#text} at (0,0) size 112x19
            text run at (0,0) width 112: "Some text that is "
          RenderInline {SPAN} at (0,0) size 35x19
            RenderText {#text} at (111,0) size 35x19
              text run at (111,0) width 35: "bold."
        RenderBlock {DIV} at (0,20) size 784x20
          RenderInline {SPAN} at (0,0) size 399x19
            RenderText {#text} at (0,0) size 399x19
              text run at (0,0) width 399: "This text should bold and left justified with \"Some text...\"."
caret: position 61 of child 0 {#text} of child 0 {SPAN} of child 2 {DIV} of child 4 {DIV} of body
