EDITING DELEGATE: shouldBeginEditingInDOMRange:range from 0 of DIV > BODY > HTML > #document to 3 of DIV > BODY > HTML > #document
EDITING DELEGATE: webViewDidBeginEditing:WebViewDidBeginEditingNotification
EDITING DELEGATE: webViewDidChangeSelection:WebViewDidChangeSelectionNotification
EDITING DELEGATE: shouldChangeSelectedDOMRange:range from 0 of DIV > DIV > BODY > HTML > #document to 0 of DIV > DIV > BODY > HTML > #document toDOMRange:range from 0 of #text > DIV > DIV > BODY > HTML > #document to 3 of #text > DIV > DIV > BODY > HTML > #document affinity:NSSelectionAffinityDownstream stillSelecting:FALSE
EDITING DELEGATE: webViewDidChangeSelection:WebViewDidChangeSelectionNotification
EDITING DELEGATE: shouldEndEditingInDOMRange:range from 0 of DIV > BODY > HTML > #document to 3 of DIV > BODY > HTML > #document
EDITING DELEGATE: webViewDidEndEditing:WebViewDidEndEditingNotification
EDITING DELEGATE: shouldBeginEditingInDOMRange:range from 0 of DIV > BODY > HTML > #document to 1 of DIV > BODY > HTML > #document
EDITING DELEGATE: webViewDidBeginEditing:WebViewDidBeginEditingNotification
EDITING DELEGATE: webViewDidChangeSelection:WebViewDidChangeSelectionNotification
EDITING DELEGATE: shouldInsertNode:#document-fragment replacingDOMRange:range from 0 of DIV > BODY > HTML > #document to 0 of DIV > BODY > HTML > #document givenAction:WebViewInsertActionPasted
EDITING DELEGATE: shouldChangeSelectedDOMRange:range from 2 of DIV > BODY > HTML > #document to 2 of DIV > BODY > HTML > #document toDOMRange:range from 3 of #text > DIV > DIV > BODY > HTML > #document to 3 of #text > DIV > DIV > BODY > HTML > #document affinity:NSSelectionAffinityDownstream stillSelecting:FALSE
EDITING DELEGATE: webViewDidChangeSelection:WebViewDidChangeSelectionNotification
EDITING DELEGATE: webViewDidChange:WebViewDidChangeNotification
EDITING DELEGATE: shouldChangeSelectedDOMRange:range from 1 of DIV > BODY > HTML > #document to 1 of DIV > BODY > HTML > #document toDOMRange:range from 0 of DIV > BODY > HTML > #document to 0 of DIV > BODY > HTML > #document affinity:NSSelectionAffinityDownstream stillSelecting:FALSE
EDITING DELEGATE: webViewDidChangeSelection:WebViewDidChangeSelectionNotification
EDITING DELEGATE: webViewDidChange:WebViewDidChangeNotification
layer at (0,0) size 800x600
  RenderView at (0,0) size 800x600
layer at (0,0) size 800x600
  RenderBlock {HTML} at (0,0) size 800x600
    RenderBody {BODY} at (8,8) size 784x584
      RenderBlock {P} at (0,0) size 784x40
        RenderText {#text} at (0,0) size 763x39
          text run at (0,0) width 583: "This is a testcase for 8193, hitting an assert inside RemoveNodeCommand on Undo Paste. "
          text run at (582,0) width 181: "Both editable regions below"
          text run at (0,20) width 223: "should look the same after the test."
      RenderBlock {HR} at (0,56) size 784x2 [border: (1px inset #000000)]
      RenderBlock {DIV} at (0,66) size 784x42 [border: (1px solid #000000)]
        RenderBlock {DIV} at (1,1) size 782x20
          RenderText {#text} at (0,0) size 22x19
            text run at (0,0) width 22: "foo"
        RenderBlock {DIV} at (1,21) size 782x20
          RenderText {#text} at (0,0) size 21x19
            text run at (0,0) width 21: "bar"
      RenderBlock {DIV} at (0,108) size 784x22 [border: (1px solid #000000)]
        RenderBlock (anonymous) at (1,1) size 782x20
          RenderBR {BR} at (0,0) size 0x19
caret: position 0 of child 0 {BR} of child 6 {DIV} of body
