layer at (0,0) size 800x600
  RenderView at (0,0) size 800x600
layer at (0,0) size 800x0
  RenderBlock {HTML} at (0,0) size 800x0
layer at (8,8) size 784x54
  RenderBody {BODY} at (8,8) size 784x54
    RenderBlock {DIV} at (0,0) size 784x54
      RenderText {#text} at (0,0) size 129x17
        text run at (0,0) width 129: "You should see two "
      RenderInline {I} at (0,0) size 110x17
        RenderText {#text} at (128,0) size 110x17
          text run at (128,0) width 110: "vertically stacked"
      RenderText {#text} at (237,0) size 763x53
        text run at (237,0) width 157: " green rectangles below. "
        text run at (393,0) width 182: "Each one is 100 pixels wide "
        text run at (574,0) width 116: "and 50 pixels tall. "
        text run at (689,0) width 62: "If the two"
        text run at (0,18) width 386: "green rectangles are on the same line, then the test has failed. "
        text run at (386,18) width 264: "This is a test of section 10.3.7 in CSS2.1. "
        text run at (650,18) width 113: "In particular it is a"
        text run at (0,36) width 216: "test of the shrink-to-fit algorithm's "
        text run at (216,36) width 247: "preferred minimum width computation."
layer at (8,62) size 100x108
  RenderBlock (positioned) {DIV} at (0,0) size 100x108
    RenderBlock {SPAN} at (0,0) size 100x50 [bgcolor=#008000]
    RenderText {#text} at (0,0) size 0x0
    RenderBlock {SPAN} at (0,54) size 100x50 [bgcolor=#008000]
    RenderText {#text} at (0,0) size 0x0
