layer at (0,0) size 800x600
  RenderView at (0,0) size 800x600
layer at (0,0) size 800x600
  RenderBlock {HTML} at (0,0) size 800x600
    RenderBody {BODY} at (8,8) size 784x584
      RenderBlock {P} at (0,0) size 784x36
        RenderText {#text} at (0,0) size 640x17
          text run at (0,0) width 640: "The black outline box should be a 50px by 50px square with its top right corner anchored to the right "
        RenderInline {SPAN} at (0,0) size 27x17 [color=#0000FF]
          RenderText {#text} at (640,0) size 27x17
            text run at (640,0) width 27: "blue"
        RenderText {#text} at (667,0) size 783x35
          text run at (667,0) width 116: " border on the first"
          text run at (0,18) width 27: "line."
      RenderBlock {DIV} at (0,52) size 600x72
        RenderText {#text} at (414,0) size 186x17
          text run at (414,0) width 186 RTL: "ILorem ipsum dolor sit amet, "
        RenderText {#text} at (7,36) size 593x35
          text run at (7,36) width 89 RTL: "duis aute irure"
          text run at (351,54) width 249 RTL: "dolor in reprehenderit in voluptate velit."
layer at (8,60) size 597x55
  RenderInline (relative positioned) {SPAN} at (0,0) size 597x55 [bgcolor=#008000] [border: (1px solid #808080) (20px solid #0000FF) (1px solid #808080) (20px solid #FFA500)]
    RenderText {#text} at (43,0) size 557x35
      text run at (43,0) width 331 RTL: "con a pariatur. Excepteur sint occaecat cupidatat non"
      text run at (234,18) width 366 RTL: "proident, sunt in culp qui officia deserunt mollit animequs "
    RenderText {#text} at (3,18) size 597x35
      text run at (3,18) width 232 RTL: "ILOREM ipsum dol sDuis aute irure"
      text run at (136,36) width 464 RTL: "dolor in reprehenderit in voluptate velit esse cillum dolore eu fugiat nullat "
layer at (342,60) size 50x50
  RenderBlock (positioned) {DIV} at (290,1) size 51x50
