layer at (0,0) size 800x600
  RenderView at (0,0) size 800x600
layer at (0,0) size 800x47
  RenderBlock {html} at (0,0) size 800x47
    RenderBody {body} at (8,8) size 784x31
      RenderText {#text} at (0,0) size 0x0
layer at (8,10) size 100x27
  RenderButton {button} at (0,2) size 100x27 [color=#000000CC] [bgcolor=#C0C0C0] [border: (2px outset #C0C0C0)]
    RenderBlock (anonymous) at (8,4) size 84x18
      RenderText {#text} at (11,0) size 62x17
        text run at (11,0) width 62: "Click Me"
layer at (78,32) size 33x18
  RenderBlock (positioned) {div} at (70,22) size 33x18
    RenderText {#text} at (0,0) size 33x17
      text run at (0,0) width 33: "Now"
