layer at (0,0) size 800x600
  RenderView at (0,0) size 800x600
layer at (0,0) size 800x600
  RenderBlock {HTML} at (0,0) size 800x600
    RenderBody {BODY} at (8,8) size 784x584
      RenderText {#text} at (84,1) size 4x19
        text run at (84,1) width 4: " "
      RenderText {#text} at (0,0) size 0x0
layer at (10,10) size 80x20
  RenderFlexibleBox {INPUT} at (2,2) size 80x20 [color=#007AFF] [bgcolor=#78788029]
    RenderBlock {DIV} at (5,3) size 70x14
      RenderText {#text} at (5,0) size 60x14
        text run at (5,0) width 60: "Apr 1, 1976"
layer at (98,10) size 80x20
  RenderFlexibleBox {INPUT} at (90,2) size 80x20 [color=#007AFF] [bgcolor=#78788029]
    RenderBlock {DIV} at (5,3) size 70x14
      RenderText {#text} at (5,0) size 60x14
        text run at (5,0) width 60: "Apr 1, 1976"
