layer at (0,0) size 800x600
  RenderView at (0,0) size 800x600
layer at (0,0) size 800x77
  RenderBlock {HTML} at (0,0) size 800x77
    RenderBody {BODY} at (8,16) size 784x53
      RenderBlock {P} at (0,0) size 784x18
        RenderText {#text} at (0,0) size 582x18
          text run at (0,0) width 196: "This tests that the Credit Card "
          text run at (195,0) width 387: "AutoFill button renders. It can only be tested in the test tool."
      RenderBlock {DIV} at (0,34) size 784x19
        RenderTextControl {INPUT} at (0,0) size 148x19 [bgcolor=#FFFFFF] [border: (2px inset #808080)]
          RenderFlexibleBox {DIV} at (3,3) size 142x13
            RenderBlock {DIV} at (0,0) size 115x13
        RenderText {#text} at (147,0) size 5x18
          text run at (147,0) width 5: " "
        RenderTextControl {INPUT} at (151,0) size 149x19 [bgcolor=#FFFFFF] [border: (2px inset #808080)]
          RenderFlexibleBox {DIV} at (3,3) size 142x13
            RenderBlock {DIV} at (0,0) size 115x13
        RenderText {#text} at (299,0) size 5x18
          text run at (299,0) width 5: " "
        RenderTextControl {INPUT} at (303,0) size 149x19 [bgcolor=#FFFFFF] [border: (2px inset #808080)]
          RenderFlexibleBox {DIV} at (3,3) size 142x13
            RenderBlock {DIV} at (0,0) size 115x13
        RenderText {#text} at (451,0) size 5x18
          text run at (451,0) width 5: " "
        RenderTextControl {INPUT} at (455,0) size 149x19 [bgcolor=#FFFFFF] [border: (2px inset #808080)]
          RenderFlexibleBox {DIV} at (3,3) size 142x13
            RenderBlock {DIV} at (0,0) size 115x13
layer at (11,53) size 115x13
  RenderBlock {DIV} at (0,0) size 115x13
layer at (163,53) size 115x13
  RenderBlock {DIV} at (0,0) size 115x13
layer at (315,53) size 115x13
  RenderBlock {DIV} at (0,0) size 115x13
layer at (467,53) size 115x13
  RenderBlock {DIV} at (0,0) size 115x13
layer at (129,54) size 22x12
  RenderBlock {DIV} at (117,0) size 23x13 [bgcolor=#000000]
layer at (281,54) size 22x12
  RenderBlock {DIV} at (117,0) size 23x13 [bgcolor=#000000]
layer at (433,54) size 22x12
  RenderBlock {DIV} at (117,0) size 23x13 [bgcolor=#000000]
layer at (585,54) size 22x12
  RenderBlock {DIV} at (117,0) size 23x13 [bgcolor=#000000]
