layer at (0,0) size 800x600
  RenderView at (0,0) size 800x600
layer at (0,0) size 800x202
  RenderBlock {HTML} at (0,0) size 800x202
    RenderBody {BODY} at (8,16) size 784x178
      RenderBlock {P} at (0,0) size 784x36
        RenderText {#text} at (0,0) size 767x36
          text run at (0,0) width 767: "This tests that the Strong Password AutoFill and viewable visual treatment renders in an auto-filled input. It can only be"
          text run at (0,18) width 137: "tested in the test tool."
      RenderBlock {DIV} at (0,52) size 784x126
        RenderTextControl {INPUT} at (0,1) size 160x19 [bgcolor=#FAFFBD] [border: (2px inset #808080)]
        RenderText {#text} at (160,0) size 4x18
          text run at (160,0) width 4: " "
        RenderTextControl {INPUT} at (164,1) size 160x19 [bgcolor=#FAFFBD] [border: (2px inset #808080)]
          RenderFlexibleBox {DIV} at (3,3) size 154x13
            RenderBlock {DIV} at (0,0) size 154x13
        RenderText {#text} at (324,0) size 4x18
          text run at (324,0) width 4: " "
        RenderTextControl {INPUT} at (328,1) size 306x19 [bgcolor=#FAFFBD] [border: (2px inset #808080)]
          RenderFlexibleBox {DIV} at (3,3) size 300x13
            RenderBlock {DIV} at (0,0) size 300x13
        RenderText {#text} at (634,0) size 4x18
          text run at (634,0) width 4: " "
        RenderTextControl {INPUT} at (638,1) size 26x19 [bgcolor=#FAFFBD] [border: (2px inset #808080)]
          RenderFlexibleBox {DIV} at (3,3) size 20x13
            RenderBlock {DIV} at (0,0) size 20x13
        RenderText {#text} at (0,0) size 0x0
        RenderTextControl {INPUT} at (0,20) size 160x106 [bgcolor=#FAFFBD] [border: (2px inset #808080)]
          RenderFlexibleBox {DIV} at (3,3) size 154x100
            RenderBlock {DIV} at (0,43) size 154x14
        RenderText {#text} at (160,62) size 4x18
          text run at (160,62) width 4: " "
        RenderTextControl {INPUT} at (164,20) size 26x106 [bgcolor=#FAFFBD] [border: (2px inset #808080)]
          RenderFlexibleBox {DIV} at (3,3) size 20x100
            RenderBlock {DIV} at (0,43) size 20x14
        RenderText {#text} at (190,62) size 4x18
          text run at (190,62) width 4: " "
        RenderTextControl {INPUT} at (194,63) size 160x19 [bgcolor=#FAFFBD] [border: (2px inset #808080)]
layer at (11,72) size 154x13 scrollWidth 286
  RenderBlock {DIV} at (3,3) size 154x13
    RenderText {#text} at (0,0) size 284x13
      text run at (0,0) width 284: "A quick brown fox jumped over the lazy dog."
layer at (175,72) size 154x13 scrollWidth 286
  RenderBlock {DIV} at (0,0) size 154x13
    RenderText {#text} at (0,0) size 284x13
      text run at (0,0) width 284: "A quick brown fox jumped over the lazy dog."
layer at (339,72) size 300x13
  RenderBlock {DIV} at (0,0) size 300x13
    RenderText {#text} at (0,0) size 284x13
      text run at (0,0) width 284: "A quick brown fox jumped over the lazy dog."
layer at (649,72) size 20x13 scrollWidth 286
  RenderBlock {DIV} at (0,0) size 20x13
    RenderText {#text} at (0,0) size 284x13
      text run at (0,0) width 284: "A quick brown fox jumped over the lazy dog."
layer at (11,135) size 154x13 scrollWidth 286
  RenderBlock {DIV} at (0,0) size 154x13
    RenderText {#text} at (0,0) size 284x13
      text run at (0,0) width 284: "A quick brown fox jumped over the lazy dog."
layer at (175,135) size 20x13 scrollWidth 286
  RenderBlock {DIV} at (0,0) size 20x13
    RenderText {#text} at (0,0) size 284x13
      text run at (0,0) width 284: "A quick brown fox jumped over the lazy dog."
layer at (205,134) size 154x13
  RenderBlock {DIV} at (3,3) size 154x13
