layer at (0,0) size 800x600
  RenderView at (0,0) size 800x600
layer at (0,0) size 800x600 isolatesBlending
  RenderBlock {HTML} at (0,0) size 800x600
    RenderBody {BODY} at (8,8) size 784x584
      RenderBlock {P} at (0,0) size 784x18
        RenderText {#text} at (0,0) size 503x18
          text run at (0,0) width 503: "This tests that the AutoFill button renders. It can only be tested in the test tool."
      RenderBlock {DIV} at (0,34) size 784x23
        RenderTextControl {INPUT} at (2,2) size 147x19 [bgcolor=#FFFFFF] [border: (2px inset #000000)]
          RenderFlexibleBox {DIV} at (3,0) size 141x19
            RenderBlock {DIV} at (0,3) size 114x13
        RenderText {#text} at (150,2) size 5x18
          text run at (150,2) width 5: " "
        RenderTextControl {INPUT} at (156,2) size 148x19 [bgcolor=#FFFFFF] [border: (2px inset #000000)]
          RenderFlexibleBox {DIV} at (3,0) size 141x19
            RenderBlock {DIV} at (0,3) size 114x13
        RenderText {#text} at (305,2) size 5x18
          text run at (305,2) width 5: " "
        RenderTextControl {INPUT} at (311,2) size 148x19 [bgcolor=#FFFFFF] [border: (2px inset #000000)]
          RenderFlexibleBox {DIV} at (3,0) size 141x19
            RenderBlock {DIV} at (0,3) size 114x13
        RenderTextControl {INPUT} at (462,2) size 148x19 [bgcolor=#FFFFFF] [border: (2px inset #000000)]
          RenderFlexibleBox {DIV} at (3,0) size 141x19
            RenderBlock {DIV} at (0,3) size 114x13
layer at (13,47) size 114x13
  RenderBlock {DIV} at (0,0) size 114x13
layer at (168,47) size 114x13
  RenderBlock {DIV} at (0,0) size 114x13
layer at (323,47) size 114x13
  RenderBlock {DIV} at (0,0) size 114x13
layer at (474,47) size 114x13
  RenderBlock {DIV} at (0,0) size 114x13
layer at (129,42) size 24x24 blendMode: luminosity
  RenderBlock {DIV} at (115,-3) size 25x25
layer at (284,42) size 24x24 blendMode: luminosity
  RenderBlock {DIV} at (115,-3) size 25x25
layer at (439,42) size 24x24 blendMode: luminosity
  RenderBlock {DIV} at (115,-3) size 25x25
layer at (590,42) size 24x24 blendMode: luminosity
  RenderBlock {DIV} at (115,-3) size 25x25
