layer at (0,0) size 800x600
  RenderView at (0,0) size 800x600
layer at (0,0) size 800x209
  RenderBlock {HTML} at (0,0) size 800x209
    RenderBody {BODY} at (8,16) size 784x185
      RenderBlock {P} at (0,0) size 784x18
        RenderText {#text} at (0,0) size 757x18
          text run at (0,0) width 757: "This tests that the Strong Password AutoFill button renders in an auto-filled input. It can only be tested in the test tool."
      RenderBlock {DIV} at (0,34) size 784x151
        RenderTextControl {INPUT} at (0,13) size 158x19 [bgcolor=#FAFFBD] [border: (2px inset #808080)]
        RenderText {#text} at (158,13) size 4x18
          text run at (158,13) width 4: " "
        RenderTextControl {INPUT} at (162,13) size 158x19 [bgcolor=#FAFFBD] [border: (2px inset #808080)]
        RenderText {#text} at (320,13) size 4x18
          text run at (320,13) width 4: " "
        RenderTextControl {INPUT} at (324,13) size 306x19 [bgcolor=#FAFFBD] [border: (2px inset #808080)]
        RenderText {#text} at (630,13) size 4x18
          text run at (630,13) width 4: " "
        RenderTextControl {INPUT} at (634,0) size 26x19 [bgcolor=#FAFFBD] [border: (2px inset #808080)]
        RenderText {#text} at (0,0) size 0x0
        RenderTextControl {INPUT} at (0,45) size 158x106 [bgcolor=#FAFFBD] [border: (2px inset #808080)]
        RenderText {#text} at (158,88) size 4x18
          text run at (158,88) width 4: " "
        RenderTextControl {INPUT} at (162,32) size 26x106 [bgcolor=#FAFFBD] [border: (2px inset #808080)]
        RenderText {#text} at (188,88) size 4x18
          text run at (188,88) width 4: " "
        RenderTextControl {INPUT} at (192,88) size 158x19 [bgcolor=#FAFFBD] [border: (2px inset #808080)]
layer at (11,66) size 152x13
  RenderFlexibleBox {DIV} at (3,3) size 152x13
    RenderBlock {DIV} at (57,0) size 95x13 [color=#000000CC]
      RenderText {#text} at (6,0) size 89x13
        text run at (6,0) width 89: "Strong Password"
layer at (11,66) size 58x13
  RenderBlock {DIV} at (0,0) size 58x13
layer at (173,66) size 152x13
  RenderFlexibleBox {DIV} at (3,3) size 152x13
    RenderBlock {DIV} at (57,0) size 95x13 [color=#000000CC]
      RenderText {#text} at (6,0) size 89x13
        text run at (6,0) width 89: "Strong Password"
layer at (173,66) size 58x13
  RenderBlock {DIV} at (0,0) size 58x13
layer at (335,66) size 300x13
  RenderFlexibleBox {DIV} at (3,3) size 300x13
    RenderBlock {DIV} at (205,0) size 95x13 [color=#000000CC]
      RenderText {#text} at (6,0) size 89x13
        text run at (6,0) width 89: "Strong Password"
layer at (335,66) size 206x13
  RenderBlock {DIV} at (0,0) size 206x13
layer at (645,53) size 20x13 scrollWidth 94 scrollHeight 26
  RenderFlexibleBox {DIV} at (3,3) size 20x13
    RenderBlock {DIV} at (0,13) size 95x13 [color=#000000CC]
      RenderText {#text} at (6,0) size 89x13
        text run at (6,0) width 89: "Strong Password"
layer at (645,53) size 20x13
  RenderBlock {DIV} at (0,0) size 20x13
layer at (11,142) size 152x13
  RenderFlexibleBox {DIV} at (3,46) size 152x14
    RenderBlock {DIV} at (57,0) size 95x13 [color=#000000CC]
      RenderText {#text} at (6,0) size 89x13
        text run at (6,0) width 89: "Strong Password"
layer at (11,142) size 58x13
  RenderBlock {DIV} at (0,0) size 58x13
layer at (173,129) size 20x13 scrollWidth 94 scrollHeight 26
  RenderFlexibleBox {DIV} at (3,46) size 20x14
    RenderBlock {DIV} at (0,13) size 95x13 [color=#000000CC]
      RenderText {#text} at (6,0) size 89x13
        text run at (6,0) width 89: "Strong Password"
layer at (173,129) size 20x13
  RenderBlock {DIV} at (0,0) size 20x13
layer at (203,141) size 152x13
  RenderFlexibleBox {DIV} at (3,3) size 152x13
    RenderBlock {DIV} at (57,0) size 95x13 [color=#000000CC]
      RenderText {#text} at (6,0) size 89x13
        text run at (6,0) width 89: "Strong Password"
layer at (203,141) size 58x13
  RenderBlock {DIV} at (0,0) size 58x13
layer at (11,66) size 58x13 scrollWidth 284
  RenderBlock {DIV} at (0,0) size 58x13 [color=#00000099]
    RenderText {#text} at (0,0) size 284x13
      text run at (0,0) width 284: "A quick brown fox jumped over the lazy dog."
layer at (173,66) size 58x13 scrollWidth 284
  RenderBlock {DIV} at (0,0) size 58x13 [color=#00000099]
    RenderText {#text} at (0,0) size 284x13
      text run at (0,0) width 284: "A quick brown fox jumped over the lazy dog."
layer at (335,66) size 206x13 scrollWidth 284
  RenderBlock {DIV} at (0,0) size 206x13 [color=#00000099]
    RenderText {#text} at (0,0) size 284x13
      text run at (0,0) width 284: "A quick brown fox jumped over the lazy dog."
layer at (645,53) size 20x13 scrollWidth 284
  RenderBlock {DIV} at (0,0) size 20x13 [color=#00000099]
    RenderText {#text} at (0,0) size 284x13
      text run at (0,0) width 284: "A quick brown fox jumped over the lazy dog."
layer at (11,142) size 58x13 scrollWidth 284
  RenderBlock {DIV} at (0,0) size 58x13 [color=#00000099]
    RenderText {#text} at (0,0) size 284x13
      text run at (0,0) width 284: "A quick brown fox jumped over the lazy dog."
layer at (173,129) size 20x13 scrollWidth 284
  RenderBlock {DIV} at (0,0) size 20x13 [color=#00000099]
    RenderText {#text} at (0,0) size 284x13
      text run at (0,0) width 284: "A quick brown fox jumped over the lazy dog."
