layer at (0,0) size 800x600
  RenderView at (0,0) size 800x600
layer at (0,0) size 800x600
  RenderBlock {HTML} at (0,0) size 800x600
    RenderBody {BODY} at (8,8) size 784x584
      RenderBlock {DIV} at (0,0) size 784x20
        RenderText {#text} at (0,0) size 476x19
          text run at (0,0) width 476: "This test passes if the resize corner icon appears high-resolution in HiDPI."
      RenderBlock (anonymous) at (0,20) size 784x34
        RenderText {#text} at (0,0) size 0x0
layer at (8,28) size 168x34 clip at (9,29) size 166x32
  RenderTextControl {TEXTAREA} at (0,0) size 168x34 [bgcolor=#FFFFFF] [border: (1px solid #3C3C4399)]
    RenderBlock {DIV} at (6,3) size 156x14
