layer at (0,0) size 800x600
  RenderView at (0,0) size 800x600
layer at (0,0) size 800x600
  RenderBlock {HTML} at (0,0) size 800x600
    RenderBody {BODY} at (8,8) size 784x584
      RenderBlock {P} at (0,0) size 784x18
        RenderText {#text} at (0,0) size 69x18
          text run at (0,0) width 69: "All of this "
        RenderInline {SPAN} at (0,0) size 91x18
          RenderText {#text} at (68,0) size 91x18
            text run at (68,0) width 91: "text should be"
        RenderText {#text} at (158,0) size 45x18
          text run at (158,0) width 45: " green."
      RenderBlock {UL} at (0,34) size 784x18
        RenderListItem {LI} at (40,0) size 744x18
          RenderListMarker at (-17,0) size 7x18: bullet
          RenderText {#text} at (0,0) size 380x18
            text run at (0,0) width 380: "All of this text should be green. The bullet should be black."
      RenderBlock {DIV} at (0,68) size 784x55 [color=#FF0000]
        RenderInline {SPAN} at (0,0) size 437x18 [color=#008000]
          RenderInline (generated) at (0,0) size 35x55
            RenderText at (0,0) size 35x55
              text run at (0,0) width 35: "A"
          RenderText {#text} at (34,29) size 403x18
            text run at (34,29) width 403: "ll of this text should be green, including the big \"A\" first-letter."
      RenderBlock {P} at (0,139) size 784x0
      RenderBlock {DIV} at (0,139) size 784x18
        RenderBlock {DIV} at (0,0) size 166x18 [color=#FF0000]
          RenderText {#text} at (0,0) size 166x18
            text run at (0,0) width 166: "This text should be green."
