layer at (0,0) size 800x600
  RenderView at (0,0) size 800x600
layer at (0,0) size 800x112
  RenderBlock {HTML} at (0,0) size 800x112
    RenderBody {BODY} at (8,8) size 784x96
      RenderBlock {DETAILS} at (0,0) size 784x96 [border: (1px solid #000000)]
        RenderBlock (anonymous) at (1,1) size 782x18
          RenderInline (generated) at (0,0) size 41x18
            RenderText at (0,0) size 41x18
              text run at (0,0) width 41: "before"
        RenderBlock {SUMMARY} at (1,19) size 782x58 [border: (1px solid #000000)]
          RenderBlock (anonymous) at (1,1) size 780x18
            RenderInline (generated) at (0,0) size 41x18
              RenderText at (0,0) size 41x18
                text run at (0,0) width 41: "before"
            RenderDetailsMarker {DIV} at (40,3) size 12x11: down
            RenderText {#text} at (57,0) size 64x18
              text run at (57,0) width 64: "Summary"
          RenderBlock {DIV} at (1,19) size 780x20 [border: (1px solid #000000)]
            RenderText {#text} at (1,1) size 62x18
              text run at (1,1) width 62: "Inner Div"
          RenderBlock (anonymous) at (1,39) size 780x18
            RenderInline (generated) at (0,0) size 30x18
              RenderText at (0,0) size 30x18
                text run at (0,0) width 30: "after"
        RenderBlock (anonymous) at (1,77) size 782x18
          RenderText {#text} at (0,0) size 50x18
            text run at (0,0) width 50: "Details "
          RenderInline (generated) at (0,0) size 30x18
            RenderText at (49,0) size 30x18
              text run at (49,0) width 30: "after"
