layer at (0,0) size 800x600
  RenderView at (0,0) size 800x600
layer at (0,0) size 800x600
  RenderBlock {HTML} at (0,0) size 800x600
    RenderBody {BODY} at (8,16) size 784x568
      RenderBlock {DIV} at (16,0) size 400x144
        RenderBlock (floating) at (2,3) size 48x81
          RenderText at (0,-46) size 48x200
            text run at (0,-46) width 48: "J"
        RenderText {#text} at (51,36) size 397x108
          text run at (51,36) width 346: "ust an example of first-letter. This letter should span 3"
          text run at (51,54) width 340: "lines of text, and so it should align itself cleanly with"
          text run at (51,72) width 338: "the cap-height of the H lining up with the cap-height"
          text run at (0,90) width 374: "of the first line, and the baseline of the J lining up with the"
          text run at (0,108) width 351: "baseline of the third line. The descender of the J is still"
          text run at (0,126) width 176: "avoided by following lines."
