layer at (0,0) size 800x600
  RenderView at (0,0) size 800x600
layer at (0,0) size 800x600
  RenderBlock {HTML} at (0,0) size 800x600
    RenderBody {BODY} at (8,16) size 784x568
      RenderBlock {DIV} at (16,0) size 400x108
        RenderBlock (floating) at (2,0) size 58x54 [color=#FF0000] [border: (2px solid #FF0000)]
          RenderText at (3,-14) size 52x82
            text run at (3,-14) width 52: "A"
        RenderText {#text} at (61,18) size 386x90
          text run at (61,18) width 316: "n example of first-letter. This letter should span 3"
          text run at (61,36) width 307: "lines of text, and so it should align itself cleanly"
          text run at (0,54) width 386: "with the cap-height of the A lining up with the cap-height of"
          text run at (0,72) width 361: "the first line, and the baseline of the A lining up with the"
          text run at (0,90) width 160: "baseline of the third line."
      RenderBlock {SPAN} at (0,124) size 784x108
        RenderBlock {DIV} at (368,0) size 400x108
          RenderBlock (floating) at (340,0) size 58x54 [color=#FF0000] [border: (2px solid #FF0000)]
            RenderText at (3,-14) size 52x82
              text run at (3,-14) width 52: "A"
          RenderText {#text} at (2,18) size 398x90
            text run at (2,18) width 337: "n RTL example of first-letter. This letter should span"
            text run at (20,36) width 319: "3 lines of text, and so it should align itself cleanly"
            text run at (14,54) width 386: "with the cap-height of the A lining up with the cap-height of"
            text run at (39,72) width 361: "the first line, and the baseline of the A lining up with the"
            text run at (240,90) width 5 RTL: "."
            text run at (244,90) width 156: "baseline of the third line"
