layer at (0,0) size 800x600
  RenderView at (0,0) size 800x600
layer at (0,0) size 800x600
  RenderBlock {HTML} at (0,0) size 800x600
    RenderBody {BODY} at (8,16) size 784x568
      RenderBlock {DIV} at (16,0) size 400x90
        RenderBlock (floating) at (2,21) size 32x30
          RenderText at (0,-11) size 32x51
            text run at (0,-11) width 32: "A"
        RenderText {#text} at (35,0) size 396x90
          text run at (35,0) width 351: "n example of first-letter. This letter should span 3 lines"
          text run at (35,18) width 361: "of text, and so it should align itself cleanly with the cap-"
          text run at (35,36) width 355: "height of the A lining up with the cap-height of the first"
          text run at (0,54) width 382: "line, and the baseline of the A lining up with the baseline of"
          text run at (0,72) width 86: "the third line."
      RenderBlock {SPAN} at (0,106) size 784x90
        RenderBlock {DIV} at (368,0) size 400x90
          RenderBlock (floating) at (366,21) size 32x30
            RenderText at (0,-11) size 32x51
              text run at (0,-11) width 32: "A"
          RenderText {#text} at (16,0) size 399x90
            text run at (16,0) width 349: "n RTL example of first-letter. This letter should span 3"
            text run at (1,18) width 364: "lines of text, and so it should align itself cleanly with the"
            text run at (11,36) width 354: "cap-height of the A lining up with the cap-height of the"
            text run at (6,54) width 394: "first line, and the baseline of the A lining up with the baseline"
            text run at (296,72) width 5 RTL: "."
            text run at (300,72) width 100: "of the third line"
