layer at (0,0) size 800x600
  RenderView at (0,0) size 800x600
layer at (0,0) size 800x600
  RenderBlock {HTML} at (0,0) size 800x600
    RenderBody {BODY} at (8,8) size 784x584
      RenderBlock {H1} at (0,0) size 784x37
        RenderText {#text} at (0,0) size 91x37
          text run at (0,0) width 91: "Blocks"
      RenderBlock {DIV} at (0,58) size 784x19
        RenderInline (generated) at (0,0) size 35x18
          RenderText at (0,0) size 35x18
            text run at (0,0) width 35: "Test: "
        RenderText {#text} at (34,0) size 48x18
          text run at (34,0) width 48: "content"
      RenderBlock {DIV} at (0,76) size 784x19
        RenderBlock (generated) at (0,0) size 31x18
          RenderText at (0,0) size 31x18
            text run at (0,0) width 31: "Test:"
        RenderText {#text} at (30,0) size 48x18
          text run at (30,0) width 48: "content"
      RenderBlock {DIV} at (0,94) size 784x19
        RenderTable at (0,0) size 31x18
          RenderTableSection (anonymous) at (0,0) size 31x18
            RenderTableRow (anonymous) at (0,0) size 31x18
              RenderTableCell (anonymous) at (0,0) size 31x18 [r=0 c=0 rs=1 cs=1]
                RenderText at (0,0) size 31x18
                  text run at (0,0) width 31: "Test:"
        RenderText {#text} at (30,0) size 48x18
          text run at (30,0) width 48: "content"
      RenderBlock {H1} at (0,133) size 784x38
        RenderText {#text} at (0,0) size 93x37
          text run at (0,0) width 93: "Inlines"
      RenderBlock (anonymous) at (0,192) size 784x55
        RenderInline {SPAN} at (0,0) size 82x18
          RenderInline (generated) at (0,0) size 35x18
            RenderText at (0,0) size 35x18
              text run at (0,0) width 35: "Test: "
          RenderText {#text} at (34,0) size 48x18
            text run at (34,0) width 48: "content"
        RenderBR {BR} at (81,0) size 1x18
        RenderInline {SPAN} at (0,0) size 78x18
          RenderBlock (generated) at (0,18) size 31x18
            RenderText at (0,0) size 31x18
              text run at (0,0) width 31: "Test:"
          RenderText {#text} at (30,18) size 48x18
            text run at (30,18) width 48: "content"
        RenderBR {BR} at (77,18) size 1x18
        RenderInline {SPAN} at (0,0) size 78x18
          RenderTable at (0,36) size 31x18
            RenderTableSection (anonymous) at (0,0) size 31x18
              RenderTableRow (anonymous) at (0,0) size 31x18
                RenderTableCell (anonymous) at (0,0) size 31x18 [r=0 c=0 rs=1 cs=1]
                  RenderText at (0,0) size 31x18
                    text run at (0,0) width 31: "Test:"
          RenderText {#text} at (30,36) size 48x18
            text run at (30,36) width 48: "content"
        RenderBR {BR} at (77,36) size 1x18
