layer at (0,0) size 800x600
  RenderView at (0,0) size 800x600
layer at (0,0) size 800x600
  RenderBlock {HTML} at (0,0) size 800x600
    RenderBody {BODY} at (8,8) size 784x576
      RenderBlock (anonymous) at (0,0) size 784x18
        RenderInline {SPAN} at (0,0) size 226x18
          RenderText {#text} at (0,0) size 226x18
            text run at (0,0) width 226: "This test passes if it does not crash."
        RenderText {#text} at (225,0) size 5x18
          text run at (225,0) width 5: " "
        RenderBR {BR} at (229,0) size 1x18
      RenderBlock {UL} at (0,34) size 784x54
        RenderListItem {LI} at (40,0) size 744x54
          RenderBlock (anonymous) at (0,0) size 744x18
            RenderListMarker at (-17,0) size 7x18: bullet
          RenderTable at (0,18) size 32x18
            RenderTableSection (anonymous) at (0,0) size 32x18
              RenderTableRow (anonymous) at (0,0) size 32x18
                RenderTableCell (anonymous) at (0,0) size 32x18 [r=0 c=0 rs=1 cs=1]
                  RenderText at (0,0) size 32x18
                    text run at (0,0) width 32: "hello"
          RenderBlock (anonymous) at (0,36) size 744x18
            RenderText {#text} at (0,0) size 23x18
              text run at (0,0) width 23: "test"
