layer at (0,0) size 800x600
  RenderView at (0,0) size 800x600
layer at (0,0) size 800x34
  RenderBlock {HTML} at (0,0) size 800x34
    RenderBody {BODY} at (8,8) size 784x18 [color=#0000FF]
      RenderBlock {DIV} at (0,0) size 784x18
        RenderTable at (0,0) size 287x18
          RenderTableSection (anonymous) at (0,0) size 287x18
            RenderTableRow (anonymous) at (0,0) size 287x18
              RenderTableCell (anonymous) at (0,0) size 206x18 [r=0 c=0 rs=1 cs=1]
                RenderText at (0,0) size 206x18
                  text run at (0,0) width 206: "You should just see a single line"
              RenderTableCell {DIV} at (205,0) size 5x18 [r=0 c=1 rs=1 cs=1]
                RenderText {#text} at (0,0) size 4x18
                  text run at (0,0) width 4: " "
              RenderTableCell (anonymous) at (209,0) size 78x18 [r=0 c=2 rs=1 cs=1]
                RenderText at (0,0) size 77x18
                  text run at (0,0) width 77: "of blue text."
