layer at (0,0) size 800x600
  RenderView at (0,0) size 800x600
layer at (0,0) size 800x600
  RenderBlock {HTML} at (0,0) size 800x600
    RenderBody {BODY} at (8,8) size 784x576
      RenderBlock {P} at (0,0) size 784x20
        RenderText {#text} at (0,0) size 54x19
          text run at (0,0) width 54: "Test for "
        RenderInline {I} at (0,0) size 666x19
          RenderInline {A} at (0,0) size 312x19 [color=#0000EE]
            RenderText {#text} at (53,0) size 312x19
              text run at (53,0) width 312: "https://bugs.webkit.org/show_bug.cgi?id=19525"
          RenderText {#text} at (364,0) size 355x19
            text run at (364,0) width 5: " "
            text run at (368,0) width 351: "-webkit-box-reflect in hyperlink causes webkit to crash"
        RenderText {#text} at (718,0) size 5x19
          text run at (718,0) width 5: "."
      RenderBlock {P} at (0,36) size 784x20
        RenderText {#text} at (0,0) size 181x19
          text run at (0,0) width 181: "Because it is an inline flow, "
        RenderInline {SPAN} at (0,0) size 58x19
          RenderText {#text} at (180,0) size 58x19
            text run at (180,0) width 58: "this span"
        RenderText {#text} at (237,0) size 451x19
          text run at (237,0) width 451: " should not have a reflection, and selecting it should not cause a crash."
selection start: position 0 of child 0 {#text} of child 1 {SPAN} of child 2 {P} of body
selection end:   position 9 of child 0 {#text} of child 1 {SPAN} of child 2 {P} of body
