layer at (0,0) size 800x600
  RenderView at (0,0) size 800x600
layer at (0,0) size 800x414
  RenderBlock {html} at (0,0) size 800x414
    RenderBody {body} at (0,16) size 800x398
      RenderBlock {p} at (0,0) size 800x20
        RenderText {#text} at (0,0) size 456x19
          text run at (0,0) width 456: "The first two texts should look identical, as there is no shadow applied."
      RenderBlock (anonymous) at (0,36) size 800x155
        RenderSVGRoot {svg} at (20,123) size 717x57
          RenderSVGText {text} at (20,21) size 717x57 contains 1 chunk(s)
            RenderSVGTSpan {tspan} at (0,0) size 95x57
              RenderSVGInlineText {#text} at (0,0) size 95x57
                chunk 1 text run 1 at (20.00,66.80) startOffset 0 endOffset 4 width 94.46: "This"
            RenderSVGInlineText {#text} at (94,0) size 14x57
              chunk 1 text run 1 at (114.46,66.80) startOffset 0 endOffset 1 width 13.89: " "
            RenderSVGTSpan {tspan} at (0,0) size 81x57
              RenderSVGInlineText {#text} at (108,0) size 81x57
                chunk 1 text run 1 at (128.35,66.80) startOffset 0 endOffset 4 width 80.59: "text"
            RenderSVGInlineText {#text} at (188,0) size 14x57
              chunk 1 text run 1 at (208.94,66.80) startOffset 0 endOffset 1 width 13.89: " "
            RenderSVGTSpan {tspan} at (0,0) size 304x57
              RenderSVGInlineText {#text} at (202,0) size 303x57
                chunk 1 text run 1 at (222.83,66.80) startOffset 0 endOffset 14 width 302.88: "casts multiple"
            RenderSVGInlineText {#text} at (505,0) size 212x57
              chunk 1 text run 1 at (525.71,66.80) startOffset 0 endOffset 1 width 13.89: " "
              chunk 1 text run 1 at (539.60,66.80) startOffset 0 endOffset 7 width 197.34: "shadows"
        RenderText {#text} at (0,0) size 0x0
      RenderBlock {p} at (0,207) size 800x20
        RenderText {#text} at (0,0) size 568x19
          text run at (0,0) width 568: "The next two texts have subtle differences, as the stroke/fill is painted seperated in SVG."
      RenderBlock (anonymous) at (0,243) size 800x155
        RenderSVGRoot {svg} at (0,311) size 744x93
          RenderSVGText {text} at (20,21) size 717x57 contains 1 chunk(s)
            RenderSVGTSpan {tspan} at (0,0) size 95x57
              RenderSVGInlineText {#text} at (0,0) size 95x57
                chunk 1 text run 1 at (20.00,66.80) startOffset 0 endOffset 4 width 94.46: "This"
            RenderSVGInlineText {#text} at (94,0) size 14x57
              chunk 1 text run 1 at (114.46,66.80) startOffset 0 endOffset 1 width 13.89: " "
            RenderSVGTSpan {tspan} at (0,0) size 81x57
              RenderSVGInlineText {#text} at (108,0) size 81x57
                chunk 1 text run 1 at (128.35,66.80) startOffset 0 endOffset 4 width 80.59: "text"
            RenderSVGInlineText {#text} at (188,0) size 14x57
              chunk 1 text run 1 at (208.94,66.80) startOffset 0 endOffset 1 width 13.89: " "
            RenderSVGTSpan {tspan} at (0,0) size 304x57
              RenderSVGInlineText {#text} at (202,0) size 303x57
                chunk 1 text run 1 at (222.83,66.80) startOffset 0 endOffset 14 width 302.88: "casts multiple"
            RenderSVGInlineText {#text} at (505,0) size 212x57
              chunk 1 text run 1 at (525.71,66.80) startOffset 0 endOffset 1 width 13.89: " "
              chunk 1 text run 1 at (539.60,66.80) startOffset 0 endOffset 7 width 197.34: "shadows"
        RenderText {#text} at (0,0) size 0x0
layer at (20,52) size 717x59
  RenderBlock (positioned) {div} at (20,52) size 717x59
    RenderInline {span} at (0,0) size 95x57 [textStrokeWidth=1.00]
      RenderText {#text} at (0,1) size 95x57
        text run at (0,1) width 95: "This"
    RenderText {#text} at (94,1) size 15x57
      text run at (94,1) width 15: " "
    RenderInline {span} at (0,0) size 81x57 [textFillColor=#FFFFFF] [textStrokeWidth=1.00]
      RenderText {#text} at (108,1) size 81x57
        text run at (108,1) width 81: "text"
    RenderText {#text} at (188,1) size 15x57
      text run at (188,1) width 15: " "
    RenderInline {span} at (0,0) size 304x57
      RenderText {#text} at (202,1) size 304x57
        text run at (202,1) width 304: "casts multiple"
    RenderText {#text} at (505,1) size 212x57
      text run at (505,1) width 15: " "
      text run at (519,1) width 198: "shadows"
layer at (20,259) size 717x59
  RenderBlock (positioned) {div} at (20,259) size 717x59
    RenderInline {span} at (0,0) size 95x57 [textStrokeWidth=1.00]
      RenderText {#text} at (0,1) size 95x57
        text run at (0,1) width 95: "This"
    RenderText {#text} at (94,1) size 15x57
      text run at (94,1) width 15: " "
    RenderInline {span} at (0,0) size 81x57 [textFillColor=#FFFFFF] [textStrokeWidth=1.00]
      RenderText {#text} at (108,1) size 81x57
        text run at (108,1) width 81: "text"
    RenderText {#text} at (188,1) size 15x57
      text run at (188,1) width 15: " "
    RenderInline {span} at (0,0) size 304x57
      RenderText {#text} at (202,1) size 304x57
        text run at (202,1) width 304: "casts multiple"
    RenderText {#text} at (505,1) size 212x57
      text run at (505,1) width 15: " "
      text run at (519,1) width 198: "shadows"
