layer at (0,0) size 800x600
  RenderView at (0,0) size 800x600
layer at (0,0) size 800x454
  RenderBlock {HTML} at (0,0) size 800x454
    RenderBody {BODY} at (8,16) size 784x430 [color=#0000FF]
      RenderBlock {P} at (0,0) size 784x237
        RenderInline (generated) at (0,0) size 88x159 [color=#00FFFF]
          RenderText at (0,3) size 88x159
            text run at (0,3) width 88: "T"
        RenderText {#text} at (88,88) size 57x53
          text run at (88,88) width 57: "he "
        RenderInline {STRONG} at (0,0) size 205x53
          RenderText {#text} at (145,88) size 205x53
            text run at (145,88) width 205: "first letter"
        RenderText {#text} at (350,88) size 779x94
          text run at (350,88) width 429: " of this paragraph, and"
          text run at (0,165) width 59: "only that "
          text run at (59,165) width 96: "one, should be "
        RenderInline {STRONG} at (0,0) size 87x17
          RenderText {#text} at (155,165) size 87x17
            text run at (155,165) width 87: "600% bigger"
        RenderText {#text} at (242,165) size 513x17
          text run at (242,165) width 133: " than the normal text "
          text run at (375,165) width 380: "(300% bigger than the rest of first line of this paragraph) and"
        RenderInline {STRONG} at (0,0) size 34x17
          RenderText {#text} at (0,183) size 34x17
            text run at (0,183) width 34: "aqua"
        RenderText {#text} at (34,183) size 109x17
          text run at (34,183) width 109: ", while the entire "
        RenderInline {STRONG} at (0,0) size 55x17
          RenderText {#text} at (143,183) size 55x17
            text run at (143,183) width 55: "first line"
        RenderText {#text} at (198,183) size 69x17
          text run at (198,183) width 4: " "
          text run at (202,183) width 65: "should be "
        RenderInline {STRONG} at (0,0) size 87x17
          RenderText {#text} at (267,183) size 87x17
            text run at (267,183) width 87: "300% bigger"
        RenderText {#text} at (354,183) size 110x17
          text run at (354,183) width 110: " than normal and "
        RenderInline {STRONG} at (0,0) size 24x17
          RenderText {#text} at (464,183) size 24x17
            text run at (464,183) width 24: "teal"
        RenderText {#text} at (488,183) size 779x53
          text run at (488,183) width 274: ". If this precise combination does not occur,"
          text run at (0,201) width 410: "then the user agent has failed this test. Remember that in order to "
          text run at (410,201) width 369: "ensure a complete test, the paragraph must be displayed on"
          text run at (0,219) width 36: "more "
          text run at (36,219) width 146: "than one line. (TEST1)"
      RenderBlock {P} at (0,253) size 784x73
        RenderInline (generated) at (0,0) size 33x36 [color=#00FFFF]
          RenderText at (0,0) size 33x36
            text run at (0,0) width 33: "\"T"
        RenderText {#text} at (33,15) size 98x17
          text run at (33,15) width 98: "est\": The first "
        RenderInline {STRONG} at (0,0) size 108x17
          RenderText {#text} at (131,15) size 108x17
            text run at (131,15) width 108: "two characters"
        RenderText {#text} at (239,15) size 447x17
          text run at (239,15) width 118: " in this paragraph "
          text run at (356,15) width 330: "(a double-quote mark and a capital 'T') should be "
        RenderInline {STRONG} at (0,0) size 89x17
          RenderText {#text} at (685,15) size 89x17
            text run at (685,15) width 45: "200% "
            text run at (729,15) width 45: "bigger"
        RenderText {#text} at (0,37) size 218x17
          text run at (0,37) width 218: "than the rest of the paragraph, and "
        RenderInline {STRONG} at (0,0) size 34x17
          RenderText {#text} at (218,37) size 34x17
            text run at (218,37) width 34: "aqua"
        RenderText {#text} at (252,37) size 146x17
          text run at (252,37) width 146: ". In addition, the entire "
        RenderInline {STRONG} at (0,0) size 55x17
          RenderText {#text} at (398,37) size 55x17
            text run at (398,37) width 31: "first "
            text run at (429,37) width 24: "line"
        RenderText {#text} at (453,37) size 96x17
          text run at (453,37) width 96: " should be in a "
        RenderInline {STRONG} at (0,0) size 159x17
          RenderText {#text} at (549,37) size 159x17
            text run at (549,37) width 135: "small-caps font and "
            text run at (684,37) width 24: "teal"
        RenderText {#text} at (708,37) size 724x35
          text run at (708,37) width 4: "."
          text run at (0,55) width 315: "Remember that in order to ensure a complete test, "
          text run at (315,55) width 409: "the paragraph must be displayed on more than one line. (TEST2)"
      RenderBlock {P} at (0,342) size 784x54
        RenderInline (generated) at (0,0) size 10x17 [color=#00FFFF]
          RenderText at (0,0) size 10x17
            text run at (0,0) width 10: "T"
        RenderText {#text} at (10,0) size 19x17
          text run at (10,0) width 19: "he "
        RenderInline {STRONG} at (0,0) size 66x17
          RenderText {#text} at (29,0) size 66x17
            text run at (29,0) width 66: "first letter"
        RenderText {#text} at (95,0) size 300x17
          text run at (95,0) width 204: " of this paragraph, and only that "
          text run at (299,0) width 96: "one, should be "
        RenderInline {STRONG} at (0,0) size 34x17
          RenderText {#text} at (395,0) size 34x17
            text run at (395,0) width 34: "aqua"
        RenderText {#text} at (429,0) size 109x17
          text run at (429,0) width 109: ", while the entire "
        RenderInline {STRONG} at (0,0) size 55x17
          RenderText {#text} at (538,0) size 55x17
            text run at (538,0) width 55: "first line"
        RenderText {#text} at (593,0) size 69x17
          text run at (593,0) width 69: " should be "
        RenderInline {STRONG} at (0,0) size 24x17
          RenderText {#text} at (662,0) size 24x17
            text run at (662,0) width 24: "teal"
        RenderText {#text} at (686,0) size 778x53
          text run at (686,0) width 22: ". If "
          text run at (708,0) width 70: "this precise"
          text run at (0,18) width 329: "combination does not occur, then the user agent has "
          text run at (329,18) width 409: "failed this test. Remember that in order to ensure a complete test, "
          text run at (738,18) width 19: "the"
          text run at (0,36) width 386: "paragraph must be displayed on more than one line. (TEST3)"
      RenderBlock {DIV} at (0,412) size 784x18
        RenderText {#text} at (0,0) size 168x17
          text run at (0,0) width 168: "You should see the words "
        RenderInline {STRONG} at (0,0) size 68x17
          RenderText {#text} at (168,0) size 68x17
            text run at (168,0) width 68: "\"TEST1\""
        RenderText {#text} at (236,0) size 8x17
          text run at (236,0) width 8: ", "
        RenderInline {STRONG} at (0,0) size 68x17
          RenderText {#text} at (244,0) size 68x17
            text run at (244,0) width 68: "\"TEST2\""
        RenderText {#text} at (312,0) size 35x17
          text run at (312,0) width 35: ", and "
        RenderInline {STRONG} at (0,0) size 68x17
          RenderText {#text} at (347,0) size 68x17
            text run at (347,0) width 68: "\"TEST3\""
        RenderText {#text} at (415,0) size 236x17
          text run at (415,0) width 86: " at the end of "
          text run at (501,0) width 150: "three paragraphs above."
