layer at (0,0) size 800x600
  RenderView at (0,0) size 800x600
layer at (0,0) size 800x320
  RenderBlock {HTML} at (0,0) size 800x320
    RenderBody {BODY} at (8,8) size 784x304
      RenderBlock {DIV} at (0,0) size 784x18
        RenderText {#text} at (0,0) size 341x17
          text run at (0,0) width 341: "The blue bits of text should be decorated as described."
      RenderBlock {P} at (0,34) size 784x236 [color=#C0C0C0]
        RenderText {#text} at (0,0) size 759x54
          text run at (0,0) width 474: "dummy text dummy text dummy text dummy text dummy text dummy text "
          text run at (474,0) width 285: "dummy text dummy text dummy text dummy"
          text run at (0,18) width 185: "text dummy text dummy text "
          text run at (185,18) width 474: "dummy text dummy text dummy text dummy text dummy text dummy text "
          text run at (659,18) width 75: "dummy text"
          text run at (0,37) width 395: "dummy text dummy text dummy text dummy text dummy text "
        RenderInline {SPAN} at (0,0) size 783x35 [color=#0000FF] [border: none (10px double #0000FF)]
          RenderText {#text} at (405,37) size 172x17
            text run at (405,37) width 172: "\x{21E6} two blue lines to the left "
          RenderInline {SPAN} at (0,0) size 783x35 [color=#C0C0C0]
            RenderText {#text} at (577,37) size 783x35
              text run at (577,37) width 52: "dummy "
              text run at (629,37) width 154: "text dummy text dummy"
              text run at (0,55) width 316: "text dummy text dummy text dummy text dummy "
              text run at (316,55) width 418: "text dummy text dummy text dummy text dummy text dummy text"
          RenderText {#text} at (0,0) size 0x0
        RenderText {#text} at (0,73) size 759x90
          text run at (0,73) width 395: "dummy text dummy text dummy text dummy text dummy text "
          text run at (395,73) width 364: "dummy text dummy text dummy text dummy text dummy"
          text run at (0,91) width 106: "text dummy text "
          text run at (106,91) width 474: "dummy text dummy text dummy text dummy text dummy text dummy text "
          text run at (580,91) width 154: "dummy text dummy text"
          text run at (0,109) width 316: "dummy text dummy text dummy text dummy text "
          text run at (316,109) width 443: "dummy text dummy text dummy text dummy text dummy text dummy"
          text run at (0,127) width 27: "text "
          text run at (27,127) width 474: "dummy text dummy text dummy text dummy text dummy text dummy text "
          text run at (501,127) width 233: "dummy text dummy text dummy text"
          text run at (0,146) width 158: "dummy text dummy text "
        RenderInline {SPAN} at (0,0) size 194x17 [color=#0000FF] [border: none (1px solid #0000FF)]
          RenderText {#text} at (159,146) size 193x17
            text run at (159,146) width 193: "\x{21E6} one thin blue line to the left "
        RenderText {#text} at (352,146) size 759x89
          text run at (352,146) width 52: "dummy "
          text run at (404,146) width 339: "text dummy text dummy text dummy text dummy text"
          text run at (0,164) width 131: "dummy text dummy "
          text run at (131,164) width 474: "text dummy text dummy text dummy text dummy text dummy text dummy "
          text run at (605,164) width 154: "text dummy text dummy"
          text run at (0,182) width 316: "text dummy text dummy text dummy text dummy "
          text run at (316,182) width 418: "text dummy text dummy text dummy text dummy text dummy text"
          text run at (0,200) width 52: "dummy "
          text run at (52,200) width 474: "text dummy text dummy text dummy text dummy text dummy text dummy "
          text run at (526,200) width 233: "text dummy text dummy text dummy"
          text run at (0,218) width 237: "text dummy text dummy text dummy "
          text run at (237,218) width 181: "text dummy text dummy text"
      RenderBlock {DIV} at (0,286) size 784x18
        RenderText {#text} at (0,0) size 416x17
          text run at (0,0) width 416: "(All the lines of text in the block above should be equally spaced.)"
