layer at (0,0) size 800x600
  RenderView at (0,0) size 800x600
layer at (0,0) size 800x278
  RenderBlock {HTML} at (0,0) size 800x278
    RenderBody {BODY} at (8,8) size 784x0
      RenderBlock (floating) {DIV} at (0,0) size 588x270 [color=#FFFFFF] [bgcolor=#000080]
        RenderBlock (floating) {DIV} at (277,0) size 294x73 [color=#00FFFF] [bgcolor=#008080]
          RenderBlock {P} at (0,0) size 294x73
            RenderText {#text} at (0,0) size 294x72
              text run at (0,0) width 294: "To the right of this teal box there should be a"
              text run at (0,18) width 94: "purple square, "
              text run at (94,18) width 200: "tightly squeezed in between the"
              text run at (0,36) width 194: "edge of the teal box and the "
              text run at (193,36) width 101: "outside edge of"
              text run at (0,55) width 110: "the blue block. \x{21E8}"
        RenderBlock {P} at (0,0) size 588x270
          RenderText {#text} at (0,0) size 277x35
            text run at (0,0) width 277: "Inside this blue block on the right there"
            text run at (0,18) width 159: "should be a teal box. \x{21E8} "
          RenderInline {SPAN} at (0,0) size 588x251 [color=#000080]
            RenderText {#text} at (158,18) size 588x251
              text run at (158,18) width 119: "FAIL FAIL FAIL"
              text run at (0,36) width 277: "FAIL FAIL FAIL FAIL FAIL FAIL FAIL"
              text run at (0,54) width 81: "FAIL FAIL "
              text run at (80,54) width 197: "FAIL FAIL FAIL FAIL FAIL"
              text run at (0,72) width 277: "FAIL FAIL FAIL FAIL FAIL FAIL FAIL"
              text run at (0,90) width 510: "FAIL FAIL FAIL FAIL FAIL FAIL FAIL FAIL FAIL FAIL FAIL FAIL "
              text run at (509,90) width 79: "FAIL FAIL"
              text run at (0,108) width 425: "FAIL FAIL FAIL FAIL FAIL FAIL FAIL FAIL FAIL FAIL "
              text run at (424,108) width 164: "FAIL FAIL FAIL FAIL"
              text run at (0,126) width 340: "FAIL FAIL FAIL FAIL FAIL FAIL FAIL FAIL "
              text run at (339,126) width 249: "FAIL FAIL FAIL FAIL FAIL FAIL"
              text run at (0,144) width 255: "FAIL FAIL FAIL FAIL FAIL FAIL "
              text run at (254,144) width 334: "FAIL FAIL FAIL FAIL FAIL FAIL FAIL FAIL"
              text run at (0,162) width 170: "FAIL FAIL FAIL FAIL "
              text run at (169,162) width 419: "FAIL FAIL FAIL FAIL FAIL FAIL FAIL FAIL FAIL FAIL"
              text run at (0,180) width 85: "FAIL FAIL "
              text run at (84,180) width 504: "FAIL FAIL FAIL FAIL FAIL FAIL FAIL FAIL FAIL FAIL FAIL FAIL"
              text run at (0,198) width 510: "FAIL FAIL FAIL FAIL FAIL FAIL FAIL FAIL FAIL FAIL FAIL FAIL "
              text run at (509,198) width 79: "FAIL FAIL"
              text run at (0,216) width 425: "FAIL FAIL FAIL FAIL FAIL FAIL FAIL FAIL FAIL FAIL "
              text run at (424,216) width 164: "FAIL FAIL FAIL FAIL"
              text run at (0,234) width 340: "FAIL FAIL FAIL FAIL FAIL FAIL FAIL FAIL "
              text run at (339,234) width 249: "FAIL FAIL FAIL FAIL FAIL FAIL"
              text run at (0,252) width 236: "FAIL FAIL FAIL FAIL FAIL FAIL"
          RenderText {#text} at (0,0) size 0x0
