layer at (0,0) size 785x602
  RenderView at (0,0) size 785x600
layer at (0,0) size 785x602
  RenderBlock {HTML} at (0,0) size 785x602
    RenderBody {BODY} at (8,16) size 769x578
      RenderBlock {P} at (0,0) size 769x18
        RenderText {#text} at (0,0) size 417x17
          text run at (0,0) width 374: "The blue text should not go past the 50% mark on the ruler "
          text run at (374,0) width 43: "below."
      RenderBlock {DIV} at (0,34) size 385x504 [color=#0000FF]
        RenderText {#text} at (0,0) size 377x503
          text run at (0,0) width 377: "a bit of dummy text a bit of dummy text a bit of dummy text"
          text run at (0,18) width 11: "a "
          text run at (11,18) width 366: "bit of dummy text a bit of dummy text a bit of dummy text"
          text run at (0,36) width 48: "a bit of "
          text run at (48,36) width 329: "dummy text a bit of dummy text a bit of dummy text"
          text run at (0,54) width 100: "a bit of dummy "
          text run at (100,54) width 277: "text a bit of dummy text a bit of dummy text"
          text run at (0,72) width 138: "a bit of dummy text a "
          text run at (138,72) width 239: "bit of dummy text a bit of dummy text"
          text run at (0,90) width 175: "a bit of dummy text a bit of "
          text run at (175,90) width 202: "dummy text a bit of dummy text"
          text run at (0,108) width 227: "a bit of dummy text a bit of dummy "
          text run at (227,108) width 150: "text a bit of dummy text"
          text run at (0,126) width 265: "a bit of dummy text a bit of dummy text a "
          text run at (265,126) width 112: "bit of dummy text"
          text run at (0,144) width 302: "a bit of dummy text a bit of dummy text a bit of "
          text run at (302,144) width 75: "dummy text"
          text run at (0,162) width 354: "a bit of dummy text a bit of dummy text a bit of dummy "
          text run at (354,162) width 23: "text"
          text run at (0,180) width 377: "a bit of dummy text a bit of dummy text a bit of dummy text"
          text run at (0,198) width 11: "a "
          text run at (11,198) width 366: "bit of dummy text a bit of dummy text a bit of dummy text"
          text run at (0,216) width 48: "a bit of "
          text run at (48,216) width 329: "dummy text a bit of dummy text a bit of dummy text"
          text run at (0,234) width 100: "a bit of dummy "
          text run at (100,234) width 277: "text a bit of dummy text a bit of dummy text"
          text run at (0,252) width 138: "a bit of dummy text a "
          text run at (138,252) width 239: "bit of dummy text a bit of dummy text"
          text run at (0,270) width 175: "a bit of dummy text a bit of "
          text run at (175,270) width 202: "dummy text a bit of dummy text"
          text run at (0,288) width 227: "a bit of dummy text a bit of dummy "
          text run at (227,288) width 150: "text a bit of dummy text"
          text run at (0,306) width 265: "a bit of dummy text a bit of dummy text a "
          text run at (265,306) width 112: "bit of dummy text"
          text run at (0,324) width 302: "a bit of dummy text a bit of dummy text a bit of "
          text run at (302,324) width 75: "dummy text"
          text run at (0,342) width 354: "a bit of dummy text a bit of dummy text a bit of dummy "
          text run at (354,342) width 23: "text"
          text run at (0,360) width 377: "a bit of dummy text a bit of dummy text a bit of dummy text"
          text run at (0,378) width 11: "a "
          text run at (11,378) width 366: "bit of dummy text a bit of dummy text a bit of dummy text"
          text run at (0,396) width 48: "a bit of "
          text run at (48,396) width 329: "dummy text a bit of dummy text a bit of dummy text"
          text run at (0,414) width 100: "a bit of dummy "
          text run at (100,414) width 277: "text a bit of dummy text a bit of dummy text"
          text run at (0,432) width 138: "a bit of dummy text a "
          text run at (138,432) width 239: "bit of dummy text a bit of dummy text"
          text run at (0,450) width 175: "a bit of dummy text a bit of "
          text run at (175,450) width 202: "dummy text a bit of dummy text"
          text run at (0,468) width 227: "a bit of dummy text a bit of dummy "
          text run at (227,468) width 150: "text a bit of dummy text"
          text run at (0,486) width 227: "a bit of dummy text a bit of dummy "
          text run at (227,486) width 23: "text"
