layer at (0,0) size 800x600
  RenderView at (0,0) size 800x600
layer at (0,0) size 800x218
  RenderBlock {HTML} at (0,0) size 800x218
    RenderBody {BODY} at (8,16) size 784x194
      RenderBlock {P} at (0,0) size 784x36 [bgcolor=#00FFFF]
        RenderText {#text} at (392,0) size 751x35
          text run at (392,0) width 359: "The first line of this sentence should be indented halfway"
          text run at (0,18) width 66: "across the "
          text run at (66,18) width 415: "page, but the rest of it should be flush with the normal left margin "
          text run at (481,18) width 74: "of the page."
      RenderBlock {P} at (0,52) size 784x72 [bgcolor=#00FFFF]
        RenderText {#text} at (80,0) size 211x17
          text run at (80,0) width 211: "Only the first line of this sentence"
        RenderBR {BR} at (291,0) size 0x17
        RenderText {#text} at (0,18) size 123x17
          text run at (0,18) width 123: "should be indented,"
        RenderBR {BR} at (123,18) size 0x17
        RenderText {#text} at (0,36) size 145x17
          text run at (0,36) width 145: "the others should all be"
        RenderBR {BR} at (145,36) size 0x17
        RenderInline {EM} at (0,0) size 113x17
          RenderText {#text} at (0,54) size 113x17
            text run at (0,54) width 113: "aligned on the left"
        RenderText {#text} at (113,54) size 100x17
          text run at (113,54) width 100: " of the window."
      RenderBlock {DIV} at (0,140) size 196x54 [bgcolor=#00FFFF]
        RenderText {#text} at (98,0) size 179x53
          text run at (98,0) width 77: "X The X on"
          text run at (0,18) width 169: "the previous line should be"
          text run at (0,36) width 179: "centered across the window."
