layer at (0,0) size 800x600
  RenderView at (0,0) size 800x600
layer at (0,0) size 800x600
  RenderBlock {HTML} at (0,0) size 800x600
    RenderBody {BODY} at (8,8) size 784x584
      RenderImage {IMG} at (0,0) size 76x103
      RenderInline {SPAN} at (0,0) size 740x142 [bgcolor=#FFFFFF00]
        RenderImage {IMG} at (76,0) size 76x103
        RenderBR {BR} at (152,103) size 0x0
        RenderText {#text} at (0,103) size 740x127
          text run at (0,103) width 635: "This tests for a bug where an images pasted on the same line would appear on different lines. "
          text run at (634,103) width 102: "You should see"
          text run at (735,103) width 5: " "
          text run at (0,211) width 364: "several pictures above all in the same line/paragraph."
        RenderImage {IMG} at (363,123) size 77x103
      RenderText {#text} at (0,0) size 0x0
      RenderText {#text} at (0,0) size 0x0
caret: position 164 of child 2 {#text} of child 1 {SPAN} of body
