layer at (0,0) size 800x600
  RenderView at (0,0) size 800x600
layer at (0,0) size 800x600
  RenderBlock {HTML} at (0,0) size 800x600
    RenderBody {BODY} at (8,8) size 784x584
      RenderText {#text} at (0,1) size 417x29
        text run at (0,1) width 417: "All the text here should be the same size. "
      RenderInline {SPAN} at (0,0) size 782x60 [bgcolor=#FFFFFF00]
        RenderText {#text} at (416,1) size 782x60
          text run at (416,1) width 360: "All the text here should be the same"
          text run at (775,1) width 7: " "
          text run at (0,32) width 46: "size."
          text run at (45,32) width 7: " "
      RenderText {#text} at (0,0) size 0x0
caret: position 43 of child 0 {#text} of child 1 {SPAN} of body (upstream affinity)
