EDITING DELEGATE: shouldBeginEditingInDOMRange:range from 0 of DIV > BODY > HTML > #document to 5 of DIV > BODY > HTML > #document
EDITING DELEGATE: shouldEndEditingInDOMRange:range from 0 of DIV > BODY > HTML > #document to 5 of DIV > BODY > HTML > #document
EDITING DELEGATE: webViewDidChangeSelection:WebViewDidChangeSelectionNotification
EDITING DELEGATE: webViewDidEndEditing:WebViewDidEndEditingNotification
EDITING DELEGATE: webViewDidChangeSelection:WebViewDidChangeSelectionNotification
layer at (0,0) size 800x600
  RenderView at (0,0) size 800x600
layer at (0,0) size 800x600
  RenderBlock {HTML} at (0,0) size 800x600
    RenderBody {BODY} at (8,8) size 784x584
      RenderBlock {P} at (0,0) size 784x60
        RenderText {#text} at (0,0) size 774x59
          text run at (0,0) width 305: "This tests a change made with the fix for 8145. "
          text run at (304,0) width 434: "The paragraph separator inserted to prevent nesting blocks from the"
          text run at (0,20) width 774: "fragment to paste inside the block where the paste occured was incorrectly inserted when the paste occured at the start of"
          text run at (0,40) width 80: "a paragraph."
      RenderBlock {DIV} at (0,76) size 784x62 [border: (1px solid #000000)]
        RenderText {#text} at (1,1) size 22x19
          text run at (1,1) width 22: "foo"
        RenderBR {BR} at (22,16) size 1x0
        RenderText {#text} at (1,21) size 21x19
          text run at (1,21) width 21: "bar"
        RenderBR {BR} at (21,36) size 1x0
        RenderText {#text} at (1,41) size 23x19
          text run at (1,41) width 23: "baz"
