EDITING DELEGATE: shouldBeginEditingInDOMRange:range from 0 of DIV > BODY > HTML > #document to 1 of DIV > BODY > HTML > #document
EDITING DELEGATE: shouldEndEditingInDOMRange:range from 0 of DIV > BODY > HTML > #document to 1 of DIV > BODY > HTML > #document
EDITING DELEGATE: webViewDidChangeSelection:WebViewDidChangeSelectionNotification
EDITING DELEGATE: webViewDidEndEditing:WebViewDidEndEditingNotification
EDITING DELEGATE: webViewDidChangeSelection:WebViewDidChangeSelectionNotification
layer at (0,0) size 800x600
  RenderView at (0,0) size 800x600
layer at (0,0) size 800x600
  RenderBlock {HTML} at (0,0) size 800x600
    RenderBody {BODY} at (8,8) size 784x584
      RenderBlock {P} at (0,0) size 784x60
        RenderText {#text} at (0,0) size 771x59
          text run at (0,0) width 305: "This tests a change made with the fix for 8145. "
          text run at (304,0) width 434: "The paragraph separator inserted to prevent nesting blocks from the"
          text run at (0,20) width 771: "fragment to paste inside the block where the paste occured was not being inserted when the fragment had an interchange"
          text run at (0,40) width 121: "newline at the end."
      RenderBlock {DIV} at (0,76) size 784x22 [border: (1px solid #000000)]
        RenderBlock {DIV} at (1,1) size 782x20
          RenderText {#text} at (0,0) size 22x19
            text run at (0,0) width 22: "foo"
