EDITING DELEGATE: shouldBeginEditingInDOMRange:range from 0 of DIV > BODY > HTML > #document to 3 of DIV > BODY > HTML > #document
EDITING DELEGATE: shouldEndEditingInDOMRange:range from 0 of DIV > BODY > HTML > #document to 3 of DIV > BODY > HTML > #document
EDITING DELEGATE: webViewDidChangeSelection:WebViewDidChangeSelectionNotification
EDITING DELEGATE: webViewDidEndEditing:WebViewDidEndEditingNotification
EDITING DELEGATE: webViewDidChangeSelection:WebViewDidChangeSelectionNotification
layer at (0,0) size 800x600
  RenderView at (0,0) size 800x600
layer at (0,0) size 800x600
  RenderBlock {HTML} at (0,0) size 800x600
    RenderBody {BODY} at (8,8) size 784x584
      RenderBlock {P} at (0,0) size 784x40
        RenderText {#text} at (0,0) size 766x39
          text run at (0,0) width 766: "This is a test to make sure that a placeholder, even one without our special class on it, is removed only when it has been"
          text run at (0,20) width 411: "collapsed away or when it has been displaced by pasted content."
      RenderBlock {P} at (0,56) size 784x40
        RenderText {#text} at (0,0) size 778x39
          text run at (0,0) width 709: "Placeholders with our special class can, through bugs in deletion, be inserted into the document unnecessarily. "
          text run at (708,0) width 63: "Once that"
          text run at (0,20) width 778: "happens, we don't want to make matters worse by removing them if they are acting as line breaks instead of placeholders."
      RenderBlock {DIV} at (0,112) size 784x40
        RenderText {#text} at (0,0) size 30x19
          text run at (0,0) width 30: "First"
        RenderBR {BR} at (29,15) size 1x0
        RenderText {#text} at (0,20) size 120x19
          text run at (0,20) width 120: "Second paragraph."
