EDITING DELEGATE: shouldBeginEditingInDOMRange:range from 0 of DIV > BODY > HTML > #document to 3 of DIV > BODY > HTML > #document
EDITING DELEGATE: webViewDidBeginEditing:WebViewDidBeginEditingNotification
EDITING DELEGATE: webViewDidChangeSelection:WebViewDidChangeSelectionNotification
EDITING DELEGATE: webViewDidChangeSelection:WebViewDidChangeSelectionNotification
EDITING DELEGATE: webViewDidChangeSelection:WebViewDidChangeSelectionNotification
EDITING DELEGATE: shouldInsertText:y replacingDOMRange:range from 8 of #text > DIV > DIV > BODY > HTML > #document to 8 of #text > DIV > DIV > BODY > HTML > #document givenAction:WebViewInsertActionTyped
EDITING DELEGATE: shouldChangeSelectedDOMRange:range from 8 of #text > DIV > DIV > BODY > HTML > #document to 8 of #text > DIV > DIV > BODY > HTML > #document toDOMRange:range from 9 of #text > DIV > DIV > BODY > HTML > #document to 9 of #text > DIV > DIV > BODY > HTML > #document affinity:NSSelectionAffinityDownstream stillSelecting:FALSE
EDITING DELEGATE: webViewDidChangeSelection:WebViewDidChangeSelectionNotification
EDITING DELEGATE: webViewDidChange:WebViewDidChangeNotification
layer at (0,0) size 800x600
  RenderView at (0,0) size 800x600
layer at (0,0) size 800x600
  RenderBlock {HTML} at (0,0) size 800x600
    RenderBody {BODY} at (8,8) size 784x584
      RenderBlock {DIV} at (0,0) size 784x194 [border: (2px solid #0000FF)]
        RenderBlock {DIV} at (14,14) size 756x60
          RenderText {#text} at (0,1) size 66x28
            text run at (0,1) width 66: "Tests: "
          RenderBR {BR} at (0,0) size 0x0
          RenderText {#text} at (0,31) size 537x28
            text run at (0,31) width 537: "Cntl-y at caret selection when nothing is in the kill ring."
        RenderBlock {DIV} at (14,90) size 756x90
          RenderText {#text} at (0,1) size 190x28
            text run at (0,1) width 190: "Expected Results: "
          RenderBR {BR} at (189,23) size 1x0
          RenderText {#text} at (0,31) size 285x28
            text run at (0,31) width 285: "Deletes a character, yielding: "
          RenderBR {BR} at (284,53) size 1x0
          RenderText {#text} at (0,61) size 165x28
            text run at (0,61) width 165: "one tw three four"
      RenderBlock {DIV} at (0,218) size 784x34
        RenderBlock {DIV} at (0,0) size 784x34 [border: (2px solid #FF0000)]
          RenderText {#text} at (2,3) size 189x28
            text run at (2,3) width 189: "one two ythree four"
caret: position 9 of child 0 {#text} of child 1 {DIV} of child 3 {DIV} of body
