EDITING DELEGATE: shouldBeginEditingInDOMRange:range from 0 of BODY > HTML > #document to 10 of BODY > HTML > #document
EDITING DELEGATE: webViewDidBeginEditing:WebViewDidBeginEditingNotification
EDITING DELEGATE: webViewDidChangeSelection:WebViewDidChangeSelectionNotification
EDITING DELEGATE: shouldChangeSelectedDOMRange:range from 0 of DIV > BODY > HTML > #document to 0 of DIV > BODY > HTML > #document toDOMRange:range from 1 of #text > DIV > BODY > HTML > #document to 1 of #text > DIV > BODY > HTML > #document affinity:NSSelectionAffinityDownstream stillSelecting:FALSE
EDITING DELEGATE: webViewDidChangeSelection:WebViewDidChangeSelectionNotification
EDITING DELEGATE: webViewDidChangeSelection:WebViewDidChangeSelectionNotification
EDITING DELEGATE: webViewDidChangeSelection:WebViewDidChangeSelectionNotification
EDITING DELEGATE: webViewDidChangeSelection:WebViewDidChangeSelectionNotification
EDITING DELEGATE: webViewDidChangeSelection:WebViewDidChangeSelectionNotification
EDITING DELEGATE: webViewDidChangeSelection:WebViewDidChangeSelectionNotification
EDITING DELEGATE: webViewDidChange:WebViewDidChangeNotification
EDITING DELEGATE: webViewDidChangeSelection:WebViewDidChangeSelectionNotification
EDITING DELEGATE: shouldInsertNode:#document-fragment replacingDOMRange:range from 0 of DIV > BODY > HTML > #document to 0 of DIV > BODY > HTML > #document givenAction:WebViewInsertActionPasted
EDITING DELEGATE: shouldChangeSelectedDOMRange:range from 0 of DIV > BODY > HTML > #document to 0 of DIV > BODY > HTML > #document toDOMRange:range from 0 of #text > BLOCKQUOTE > DIV > BODY > HTML > #document to 0 of DIV > BODY > HTML > #document affinity:NSSelectionAffinityDownstream stillSelecting:FALSE
EDITING DELEGATE: webViewDidChangeSelection:WebViewDidChangeSelectionNotification
EDITING DELEGATE: webViewDidChange:WebViewDidChangeNotification
EDITING DELEGATE: shouldApplyStyle:<DOMCSSStyleDeclaration: 0x7fdd12c62af0> toElementsInDOMRange:range from 0 of #text > BLOCKQUOTE > DIV > BODY > HTML > #document to 0 of DIV > BODY > HTML > #document
EDITING DELEGATE: shouldChangeSelectedDOMRange:range from 1 of BLOCKQUOTE > DIV > BODY > HTML > #document to 0 of DIV > BODY > HTML > #document toDOMRange:range from 0 of #text > SPAN > FONT > BLOCKQUOTE > DIV > BODY > HTML > #document to 0 of DIV > BODY > HTML > #document affinity:NSSelectionAffinityDownstream stillSelecting:FALSE
EDITING DELEGATE: webViewDidChangeSelection:WebViewDidChangeSelectionNotification
EDITING DELEGATE: webViewDidChange:WebViewDidChangeNotification
EDITING DELEGATE: webViewDidChangeSelection:WebViewDidChangeSelectionNotification
layer at (0,0) size 800x600
  RenderView at (0,0) size 800x600
layer at (0,0) size 800x600
  RenderBlock {HTML} at (0,0) size 800x600
    RenderBody {BODY} at (8,8) size 784x584
      RenderBlock (anonymous) at (0,0) size 784x40
        RenderText {#text} at (0,0) size 87x19
          text run at (0,0) width 87: "See this bug: "
        RenderInline {A} at (0,0) size 172x19 [color=#0000EE]
          RenderText {#text} at (86,0) size 172x19
            text run at (86,0) width 172: "<rdar://problem/3918712>"
        RenderText {#text} at (257,0) size 756x39
          text run at (257,0) width 495: " \"Paste as Quotation\" in Mail just pastes (<blockquote> tag seems to be lost)."
          text run at (751,0) width 5: " "
          text run at (0,20) width 590: "Should see two boxes with blockquoted \"foo\" text, followed by a box with an unquoted \"x\"."
      RenderBlock {DIV} at (0,40) size 784x24
      RenderBlock {DIV} at (0,64) size 784x106 [border: (2px solid #FF0000)]
        RenderBlock {DIV} at (14,38) size 756x30
          RenderBlock {BLOCKQUOTE} at (40,0) size 676x30
            RenderText {#text} at (0,1) size 32x28
              text run at (0,1) width 32: "foo"
      RenderBlock {DIV} at (0,170) size 784x96 [border: (2px solid #FF0000)]
        RenderBlock {BLOCKQUOTE} at (54,38) size 676x20
          RenderInline {FONT} at (0,0) size 22x19
            RenderInline {SPAN} at (0,0) size 22x19 [bgcolor=#FFFFFF00]
              RenderText {#text} at (0,0) size 22x19
                text run at (0,0) width 22: "foo"
      RenderBlock {DIV} at (0,266) size 784x58 [border: (2px solid #FF0000)]
        RenderText {#text} at (14,15) size 12x28
          text run at (14,15) width 12: "x"
caret: position 0 of child 0 {#text} of child 8 {DIV} of body (upstream affinity)
