EDITING DELEGATE: shouldBeginEditingInDOMRange:range from 0 of DIV > BODY > HTML > #document to 3 of DIV > BODY > HTML > #document
EDITING DELEGATE: webViewDidBeginEditing:WebViewDidBeginEditingNotification
EDITING DELEGATE: webViewDidChangeSelection:WebViewDidChangeSelectionNotification
EDITING DELEGATE: webViewDidChangeSelection:WebViewDidChangeSelectionNotification
EDITING DELEGATE: webViewDidChangeSelection:WebViewDidChangeSelectionNotification
EDITING DELEGATE: webViewDidChangeSelection:WebViewDidChangeSelectionNotification
EDITING DELEGATE: webViewDidChangeSelection:WebViewDidChangeSelectionNotification
EDITING DELEGATE: webViewDidChangeSelection:WebViewDidChangeSelectionNotification
EDITING DELEGATE: shouldInsertNode:#document-fragment replacingDOMRange:range from 3 of #text > SPAN > SPAN > DIV > BODY > HTML > #document to 3 of #text > SPAN > SPAN > DIV > BODY > HTML > #document givenAction:WebViewInsertActionPasted
EDITING DELEGATE: shouldChangeSelectedDOMRange:range from 3 of #text > SPAN > SPAN > DIV > BODY > HTML > #document to 3 of #text > SPAN > SPAN > DIV > BODY > HTML > #document toDOMRange:range from 0 of #text > SPAN > DIV > BODY > HTML > #document to 1 of #text > SPAN > DIV > BODY > HTML > #document affinity:NSSelectionAffinityDownstream stillSelecting:FALSE
EDITING DELEGATE: webViewDidChangeSelection:WebViewDidChangeSelectionNotification
EDITING DELEGATE: webViewDidChange:WebViewDidChangeNotification
EDITING DELEGATE: shouldApplyStyle:<DOMCSSStyleDeclaration: 0x7fd063608a50> toElementsInDOMRange:range from 0 of #text > SPAN > DIV > BODY > HTML > #document to 1 of #text > SPAN > DIV > BODY > HTML > #document
EDITING DELEGATE: webViewDidChangeSelection:WebViewDidChangeSelectionNotification
EDITING DELEGATE: shouldChangeSelectedDOMRange:range from 0 of #text > SPAN > FONT > SPAN > DIV > BODY > HTML > #document to 1 of #text > SPAN > FONT > SPAN > DIV > BODY > HTML > #document toDOMRange:range from 0 of #text > SPAN > FONT > SPAN > DIV > BODY > HTML > #document to 1 of #text > SPAN > FONT > SPAN > DIV > BODY > HTML > #document affinity:NSSelectionAffinityDownstream stillSelecting:FALSE
EDITING DELEGATE: webViewDidChangeSelection:WebViewDidChangeSelectionNotification
EDITING DELEGATE: webViewDidChange:WebViewDidChangeNotification
EDITING DELEGATE: webViewDidChangeSelection:WebViewDidChangeSelectionNotification
EDITING DELEGATE: shouldChangeSelectedDOMRange:range from 1 of #text > SPAN > FONT > SPAN > DIV > BODY > HTML > #document to 1 of #text > SPAN > FONT > SPAN > DIV > BODY > HTML > #document toDOMRange:range from 2 of #text > SPAN > FONT > SPAN > DIV > BODY > HTML > #document to 2 of #text > SPAN > FONT > SPAN > DIV > BODY > HTML > #document affinity:NSSelectionAffinityDownstream stillSelecting:FALSE
EDITING DELEGATE: webViewDidChangeSelection:WebViewDidChangeSelectionNotification
EDITING DELEGATE: webViewDidChange:WebViewDidChangeNotification
layer at (0,0) size 800x600
  RenderView at (0,0) size 800x600
layer at (0,0) size 800x600
  RenderBlock {HTML} at (0,0) size 800x600
    RenderBody {BODY} at (8,8) size 784x584
      RenderBlock {DIV} at (0,0) size 784x58 [border: (2px solid #FF0000)]
        RenderInline {SPAN} at (0,0) size 170x28
          RenderText {#text} at (14,15) size 11x28
            text run at (14,15) width 11: "a"
          RenderInline {SPAN} at (0,0) size 134x28
            RenderText {#text} at (24,15) size 134x28
              text run at (24,15) width 134: "\x{9}\x{9}\x{9}"
          RenderInline {FONT} at (0,0) size 16x19
            RenderInline {SPAN} at (0,0) size 16x19 [bgcolor=#FFFFFF00]
              RenderText {#text} at (158,22) size 16x19
                text run at (158,22) width 16: "ax"
          RenderText {#text} at (173,15) size 11x28
            text run at (173,15) width 11: "z"
        RenderText {#text} at (0,0) size 0x0
caret: position 2 of child 0 {#text} of child 0 {SPAN} of child 2 {FONT} of child 1 {SPAN} of child 1 {DIV} of body
