EDITING DELEGATE: shouldBeginEditingInDOMRange:range from 0 of BODY > HTML > #document to 10 of BODY > HTML > #document
EDITING DELEGATE: webViewDidBeginEditing:WebViewDidBeginEditingNotification
EDITING DELEGATE: webViewDidChangeSelection:WebViewDidChangeSelectionNotification
EDITING DELEGATE: shouldDeleteDOMRange:range from 0 of #text > P > DIV > DIV > BODY > HTML > #document to 0 of P > DIV > DIV > BODY > HTML > #document
EDITING DELEGATE: webViewDidChangeSelection:WebViewDidChangeSelectionNotification
EDITING DELEGATE: webViewDidChangeSelection:WebViewDidChangeSelectionNotification
EDITING DELEGATE: webViewDidChangeSelection:WebViewDidChangeSelectionNotification
EDITING DELEGATE: webViewDidChangeSelection:WebViewDidChangeSelectionNotification
EDITING DELEGATE: webViewDidChangeSelection:WebViewDidChangeSelectionNotification
EDITING DELEGATE: webViewDidChangeSelection:WebViewDidChangeSelectionNotification
EDITING DELEGATE: shouldChangeSelectedDOMRange:range from 0 of P > DIV > DIV > BODY > HTML > #document to 6 of DIV > DIV > BODY > HTML > #document toDOMRange:range from 0 of P > DIV > DIV > BODY > HTML > #document to 0 of P > DIV > DIV > BODY > HTML > #document affinity:NSSelectionAffinityDownstream stillSelecting:FALSE
EDITING DELEGATE: webViewDidChangeSelection:WebViewDidChangeSelectionNotification
EDITING DELEGATE: webViewDidChange:WebViewDidChangeNotification
EDITING DELEGATE: webViewDidChangeSelection:WebViewDidChangeSelectionNotification
EDITING DELEGATE: webViewDidChangeSelection:WebViewDidChangeSelectionNotification
EDITING DELEGATE: webViewDidChangeSelection:WebViewDidChangeSelectionNotification
EDITING DELEGATE: webViewDidChangeSelection:WebViewDidChangeSelectionNotification
EDITING DELEGATE: webViewDidChangeSelection:WebViewDidChangeSelectionNotification
EDITING DELEGATE: webViewDidChangeSelection:WebViewDidChangeSelectionNotification
EDITING DELEGATE: shouldInsertNode:#document-fragment replacingDOMRange:range from 2 of P > DIV > DIV > BODY > HTML > #document to 2 of P > DIV > DIV > BODY > HTML > #document givenAction:WebViewInsertActionPasted
EDITING DELEGATE: shouldChangeSelectedDOMRange:range from 13 of #text > P > DIV > DIV > BODY > HTML > #document to 13 of #text > P > DIV > DIV > BODY > HTML > #document toDOMRange:range from 0 of #text > P > DIV > DIV > BODY > HTML > #document to 0 of DIV > DIV > DIV > BODY > HTML > #document affinity:NSSelectionAffinityDownstream stillSelecting:FALSE
EDITING DELEGATE: webViewDidChangeSelection:WebViewDidChangeSelectionNotification
EDITING DELEGATE: webViewDidChange:WebViewDidChangeNotification
EDITING DELEGATE: shouldApplyStyle:<DOMCSSStyleDeclaration: 0x7fccfe210d40> toElementsInDOMRange:range from 0 of #text > P > DIV > DIV > BODY > HTML > #document to 0 of DIV > DIV > DIV > BODY > HTML > #document
EDITING DELEGATE: shouldChangeSelectedDOMRange:range from 1 of P > DIV > DIV > BODY > HTML > #document to 0 of DIV > DIV > DIV > BODY > HTML > #document toDOMRange:range from 0 of #text > SPAN > FONT > P > DIV > DIV > BODY > HTML > #document to 0 of DIV > DIV > DIV > BODY > HTML > #document affinity:NSSelectionAffinityDownstream stillSelecting:FALSE
EDITING DELEGATE: webViewDidChangeSelection:WebViewDidChangeSelectionNotification
EDITING DELEGATE: webViewDidChange:WebViewDidChangeNotification
EDITING DELEGATE: webViewDidChangeSelection:WebViewDidChangeSelectionNotification
layer at (0,0) size 800x600
  RenderView at (0,0) size 800x600
layer at (0,0) size 800x600
  RenderBlock {HTML} at (0,0) size 800x600
    RenderBody {BODY} at (8,8) size 784x584
      RenderBlock (anonymous) at (0,0) size 784x40
        RenderText {#text} at (0,0) size 99x19
          text run at (0,0) width 99: "Fixes this bug: "
        RenderInline {A} at (0,0) size 172x19 [color=#0000EE]
          RenderText {#text} at (98,0) size 172x19
            text run at (98,0) width 172: "<rdar://problem/3927554>"
        RenderText {#text} at (269,0) size 390x19
          text run at (269,0) width 390: " REGRESSION (Mail): Paste inserts content in wrong place "
        RenderBR {BR} at (0,0) size 0x0
        RenderText {#text} at (0,20) size 384x19
          text run at (0,20) width 384: "***TEST*** line should be second, following the first line."
      RenderBlock {DIV} at (0,40) size 784x12
      RenderBlock {DIV} at (0,52) size 784x228
        RenderBlock {DIV} at (0,0) size 784x228 [border: (2px solid #FF0000)]
          RenderBlock {P} at (14,14) size 756x30
            RenderText {#text} at (0,1) size 316x28
              text run at (0,1) width 316: "Should be first line of document."
            RenderBR {BR} at (315,23) size 1x0
          RenderBlock {P} at (14,44) size 756x20
            RenderInline {FONT} at (0,0) size 87x19
              RenderInline {SPAN} at (0,0) size 87x19 [bgcolor=#FFFFFF00]
                RenderText {#text} at (0,0) size 87x19
                  text run at (0,0) width 87: "***TEST***"
          RenderBlock {DIV} at (14,64) size 756x30
            RenderBR {BR} at (0,1) size 0x28
          RenderBlock {P} at (14,94) size 756x30
            RenderText {#text} at (0,1) size 127x28
              text run at (0,1) width 127: "Another line."
          RenderBlock {P} at (14,124) size 756x0
          RenderBlock (anonymous) at (14,124) size 756x30
            RenderText {#text} at (0,1) size 6x28
              text run at (0,1) width 6: " "
          RenderBlock {P} at (14,154) size 756x0
          RenderBlock (anonymous) at (14,154) size 756x30
            RenderText {#text} at (0,1) size 6x28
              text run at (0,1) width 6: " "
          RenderBlock {P} at (14,184) size 756x30
            RenderBR {BR} at (0,1) size 0x28
caret: position 0 of child 0 {BR} of child 2 {DIV} of child 1 {DIV} of child 7 {DIV} of body (upstream affinity)
