EDITING DELEGATE: shouldBeginEditingInDOMRange:range from 0 of DIV > BODY > HTML > #document to 2 of DIV > BODY > HTML > #document
EDITING DELEGATE: webViewDidBeginEditing:WebViewDidBeginEditingNotification
EDITING DELEGATE: webViewDidChangeSelection:WebViewDidChangeSelectionNotification
EDITING DELEGATE: shouldChangeSelectedDOMRange:range from 6 of #text > DIV > BODY > HTML > #document to 6 of #text > DIV > BODY > HTML > #document toDOMRange:range from 17 of #text > DIV > DIV > BODY > HTML > #document to 17 of #text > DIV > DIV > BODY > HTML > #document affinity:NSSelectionAffinityDownstream stillSelecting:FALSE
EDITING DELEGATE: webViewDidChangeSelection:WebViewDidChangeSelectionNotification
EDITING DELEGATE: webViewDidChangeSelection:WebViewDidChangeSelectionNotification
EDITING DELEGATE: webViewDidChange:WebViewDidChangeNotification
layer at (0,0) size 800x600
  RenderView at (0,0) size 800x600
layer at (0,0) size 800x600
  RenderBlock {HTML} at (0,0) size 800x600
    RenderBody {BODY} at (8,8) size 784x584
      RenderBlock {P} at (0,0) size 784x40
        RenderText {#text} at (0,0) size 779x39
          text run at (0,0) width 779: "This is a test to make sure that an unrendered br at the end of the selection being pasted into doesn't become rendered as a"
          text run at (0,20) width 118: "result of the paste."
      RenderBlock {DIV} at (0,56) size 784x40
        RenderBlock (anonymous) at (0,0) size 784x20
          RenderText {#text} at (0,0) size 102x19
            text run at (0,0) width 102: "First paragraph."
        RenderBlock {DIV} at (0,20) size 784x20
          RenderText {#text} at (0,0) size 120x19
            text run at (0,0) width 120: "Second paragraph."
        RenderBlock (anonymous) at (0,40) size 784x0
caret: position 17 of child 0 {#text} of child 1 {DIV} of child 2 {DIV} of body
