layer at (0,0) size 800x600
  RenderView at (0,0) size 800x600
layer at (0,0) size 800x600
  RenderBlock {HTML} at (0,0) size 800x600
    RenderBody {BODY} at (8,8) size 784x584
      RenderBlock {DIV} at (0,0) size 784x58 [border: (2px solid #FF0000)]
        RenderText {#text} at (2,38) size 162x18
          text run at (2,38) width 162: "This image has a margin "
        RenderImage {IMG} at (213,2) size 50x50 [bgcolor=#008000]
        RenderText {#text} at (313,38) size 37x18
          text run at (313,38) width 37: " on it."
