layer at (0,0) size 800x600
  RenderView at (0,0) size 800x600
layer at (0,0) size 800x600
  RenderBlock {HTML} at (0,0) size 800x600
    RenderBody {BODY} at (8,8) size 784x584
      RenderText {#text} at (0,0) size 46x18
        text run at (0,0) width 46: "Line 1 "
      RenderInline {SPAN} at (0,0) size 46x18
        RenderText {#text} at (0,0) size 0x0
        RenderInline {SPAN} at (0,0) size 42x18
          RenderText {#text} at (45,1) size 42x18
            text run at (45,1) width 42: "Line 2"
        RenderText {#text} at (86,0) size 5x18
          text run at (86,0) width 5: " "
      RenderText {#text} at (90,0) size 42x18
        text run at (90,0) width 42: "Line 3"
