layer at (0,0) size 800x600
  RenderView at (0,0) size 800x600
layer at (0,0) size 800x600
  RenderBlock {HTML} at (0,0) size 800x600
    RenderBody {BODY} at (8,16) size 784x566
      RenderBlock {DIV} at (0,0) size 784x18
        RenderText {#text} at (0,0) size 165x18
          text run at (0,0) width 165: "Outline ring painting test."
      RenderBlock {DIV} at (0,34) size 784x96
        RenderBlock (anonymous) at (0,0) size 784x18
          RenderInline {SPAN} at (0,0) size 100x18
            RenderText {#text} at (0,0) size 100x18
              text run at (0,0) width 100: "Content before."
        RenderBlock (anonymous) at (0,36) size 784x23
          RenderBlock {H3} at (0,0) size 784x22
            RenderText {#text} at (0,0) size 146x22
              text run at (0,0) width 146: "Bold with margin."
        RenderBlock (anonymous) at (0,77) size 784x19
          RenderInline {SPAN} at (0,0) size 84x18
            RenderText {#text} at (0,0) size 84x18
              text run at (0,0) width 84: "Content after"
      RenderBlock {DIV} at (0,148) size 784x59
        RenderBlock (anonymous) at (0,0) size 784x0
          RenderInline {SPAN} at (0,0) size 0x0
        RenderBlock (anonymous) at (0,0) size 784x22
          RenderBlock {H3} at (0,0) size 784x22
            RenderText {#text} at (0,0) size 147x22
              text run at (0,0) width 147: "No content before."
        RenderBlock (anonymous) at (0,40) size 784x19
          RenderInline {SPAN} at (0,0) size 88x18
            RenderText {#text} at (0,0) size 88x18
              text run at (0,0) width 88: "Content after."
      RenderBlock {DIV} at (0,222) size 784x60
        RenderBlock (anonymous) at (0,0) size 784x18
          RenderInline {SPAN} at (0,0) size 96x18
            RenderText {#text} at (0,0) size 96x18
              text run at (0,0) width 96: "Content before"
        RenderBlock (anonymous) at (0,36) size 784x23
          RenderBlock {H3} at (0,0) size 784x22
            RenderText {#text} at (0,0) size 174x22
              text run at (0,0) width 174: "But No Content After"
        RenderBlock (anonymous) at (0,77) size 784x0
          RenderInline {SPAN} at (0,0) size 0x0
      RenderBlock {DIV} at (0,300) size 784x23
        RenderBlock (anonymous) at (0,0) size 784x0
          RenderInline {SPAN} at (0,0) size 0x0
        RenderBlock (anonymous) at (0,0) size 784x22
          RenderBlock {H3} at (0,0) size 784x22
            RenderText {#text} at (0,0) size 211x22
              text run at (0,0) width 211: "No content before or after."
        RenderBlock (anonymous) at (0,40) size 784x0
          RenderInline {SPAN} at (0,0) size 0x0
