layer at (0,0) size 800x600
  RenderView at (0,0) size 800x600
layer at (0,0) size 800x600
  RenderBlock {HTML} at (0,0) size 800x600
    RenderBody {BODY} at (8,16) size 784x566
      RenderBlock {DIV} at (0,0) size 784x18
        RenderText {#text} at (0,0) size 165x18
          text run at (0,0) width 165: "Outline ring painting test."
      RenderBlock {DIV} at (0,34) size 784x96
        RenderBlock (anonymous) at (0,0) size 784x18
        RenderBlock (anonymous) at (0,77) size 784x19
      RenderBlock {DIV} at (0,148) size 784x59
        RenderBlock (anonymous) at (0,0) size 784x0
        RenderBlock (anonymous) at (0,40) size 784x19
      RenderBlock {DIV} at (0,222) size 784x60
        RenderBlock (anonymous) at (0,0) size 784x18
        RenderBlock (anonymous) at (0,77) size 784x0
      RenderBlock {DIV} at (0,300) size 784x23
        RenderBlock (anonymous) at (0,0) size 784x0
        RenderBlock (anonymous) at (0,40) size 784x0
layer at (8,50) size 100x18
  RenderInline (relative positioned) {SPAN} at (0,0) size 100x18
    RenderText {#text} at (0,0) size 100x18
      text run at (0,0) width 100: "Content before."
layer at (8,87) size 784x22
  RenderBlock (anonymous) at (0,36) size 784x23
    RenderBlock {H3} at (0,0) size 784x22
      RenderText {#text} at (0,0) size 148x22
        text run at (0,0) width 148: "Bold with margin."
layer at (8,127) size 84x18
  RenderInline (relative positioned) {SPAN} at (0,0) size 84x18
    RenderText {#text} at (0,0) size 84x18
      text run at (0,0) width 84: "Content after"
layer at (8,164) size 784x22
  RenderBlock (anonymous) at (0,0) size 784x22
    RenderBlock {H3} at (0,0) size 784x22
      RenderText {#text} at (0,0) size 149x22
        text run at (0,0) width 149: "No content before."
layer at (8,205) size 88x18
  RenderInline (relative positioned) {SPAN} at (0,0) size 88x18
    RenderText {#text} at (0,0) size 88x18
      text run at (0,0) width 88: "Content after."
layer at (8,239) size 96x18
  RenderInline (relative positioned) {SPAN} at (0,0) size 96x18
    RenderText {#text} at (0,0) size 96x18
      text run at (0,0) width 96: "Content before"
layer at (8,276) size 784x22
  RenderBlock (anonymous) at (0,36) size 784x23
    RenderBlock {H3} at (0,0) size 784x22
      RenderText {#text} at (0,0) size 176x22
        text run at (0,0) width 176: "But No Content After"
layer at (8,316) size 784x22
  RenderBlock (anonymous) at (0,0) size 784x22
    RenderBlock {H3} at (0,0) size 784x22
      RenderText {#text} at (0,0) size 214x22
        text run at (0,0) width 214: "No content before or after."
