layer at (0,0) size 800x600
  RenderView at (0,0) size 800x600
layer at (0,0) size 800x560
  RenderBlock {HTML} at (0,0) size 800x560
    RenderBody {BODY} at (8,21) size 784x363
      RenderBlock {H1} at (0,0) size 784x37 [color=#990000]
        RenderText {#text} at (0,0) size 694x37
          text run at (0,0) width 694: "Webkit background image positioning on RTL text"
      RenderBlock {H2} at (0,58) size 784x29
        RenderText {#text} at (0,0) size 263x28
          text run at (0,0) width 263: "Behaviour within <p> tag"
      RenderBlock (floating) {DIV} at (0,106) size 318x207 [bgcolor=#DDDDDD]
        RenderBlock {P} at (6,22) size 306x162
          RenderText {#text} at (40,0) size 266x162
            text run at (40,0) width 259: "Lorem ipsum dolor sit amet, consectetur"
            text run at (40,18) width 99: "adipiscing elit. "
            text run at (138,18) width 123: "Nam mollis, elit eu"
            text run at (40,36) width 265: "vulputate ornare, est urna congue felis, id"
            text run at (40,54) width 44: "auctor "
            text run at (83,54) width 200: "arcu odio imperdiet nulla. Cras"
            text run at (40,72) width 196: "viverra interdum diam blandit "
            text run at (235,72) width 71: "adipiscing."
            text run at (40,90) width 220: "Aliquam erat felis, iaculis sit amet"
            text run at (40,108) width 90: "rhoncus quis, "
            text run at (129,108) width 170: "condimentum at nisl. Duis"
            text run at (40,126) width 235: "malesuada quam vel augue hendrerit"
            text run at (40,144) width 41: "porta. "
            text run at (80,144) width 199: "Nulla vitae elementum mauris."
      RenderBlock (floating) {DIV} at (332,106) size 318x140 [bgcolor=#DDDDDD]
        RenderBlock {P} at (6,22) size 306x95
          RenderText {#text} at (13,1) size 261x94
            text run at (13,1) width 253 RTL: "\x{5D4}\x{5D5}\x{5D1}\x{5DC}\x{5EA} \x{5D3}\x{5D9}\x{5E8}\x{5D5}\x{5EA} \x{5D1}\x{5DB}\x{5DC} \x{5D4}\x{5D0}\x{5E8}\x{5E5} \x{5E9}\x{5D9}\x{5E8}\x{5D5}\x{5EA}, \x{5D0}\x{5D9}\x{5DB}\x{5D5}\x{5EA}"
            text run at (5,20) width 261 RTL: "\x{5D5}\x{5DE}\x{5D7}\x{5D9}\x{5E8}\x{5D9}\x{5DD} \x{5DC}\x{5DC}\x{5D0} \x{5EA}\x{5D7}\x{5E8}\x{5D5}\x{5EA} \x{5D4}\x{5D5}\x{5D1}\x{5DC}\x{5EA} \x{5D3}\x{5D9}\x{5E8}\x{5D5}\x{5EA} \x{5D1}\x{5DB}\x{5DC}"
            text run at (42,39) width 224 RTL: "\x{5D4}\x{5D0}\x{5E8}\x{5E5} \x{5E9}\x{5D9}\x{5E8}\x{5D5}\x{5EA}, \x{5D0}\x{5D9}\x{5DB}\x{5D5}\x{5EA} \x{5D5}\x{5DE}\x{5D7}\x{5D9}\x{5E8}\x{5D9}\x{5DD} \x{5DC}\x{5DC}\x{5D0}"
            text run at (7,58) width 259 RTL: "\x{5EA}\x{5D7}\x{5E8}\x{5D5}\x{5EA} \x{5D4}\x{5D5}\x{5D1}\x{5DC}\x{5EA} \x{5D3}\x{5D9}\x{5E8}\x{5D5}\x{5EA} \x{5D1}\x{5DB}\x{5DC} \x{5D4}\x{5D0}\x{5E8}\x{5E5} \x{5E9}\x{5D9}\x{5E8}\x{5D5}\x{5EA},"
            text run at (81,77) width 185 RTL: "\x{5D0}\x{5D9}\x{5DB}\x{5D5}\x{5EA} \x{5D5}\x{5DE}\x{5D7}\x{5D9}\x{5E8}\x{5D9}\x{5DD} \x{5DC}\x{5DC}\x{5D0} \x{5EA}\x{5D7}\x{5E8}\x{5D5}\x{5EA}"
      RenderBlock {HR} at (0,312) size 784x3 [border: (1px inset #000000)]
      RenderBlock {H2} at (0,334) size 784x29
        RenderText {#text} at (0,0) size 261x28
          text run at (0,0) width 261: "Behaviour within <a> tag"
      RenderBlock (floating) {DIV} at (0,382) size 318x157 [bgcolor=#DDDDDD]
        RenderInline {A} at (0,0) size 300x144 [color=#0000EE]
          RenderText {#text} at (46,6) size 300x144
            text run at (46,6) width 259: "Lorem ipsum dolor sit amet, consectetur"
            text run at (6,24) width 285: "adipiscing elit. Nam mollis, elit eu vulputate"
            text run at (6,42) width 154: "ornare, est urna congue "
            text run at (159,42) width 124: "felis, id auctor arcu"
            text run at (6,60) width 279: "odio imperdiet nulla. Cras viverra interdum"
            text run at (6,78) width 36: "diam "
            text run at (41,78) width 243: "blandit adipiscing. Aliquam erat felis,"
            text run at (6,96) width 190: "iaculis sit amet rhoncus quis, "
            text run at (195,96) width 104: "condimentum at"
            text run at (6,114) width 300: "nisl. Duis malesuada quam vel augue hendrerit"
            text run at (6,132) width 41: "porta. "
            text run at (46,132) width 199: "Nulla vitae elementum mauris."
        RenderText {#text} at (0,0) size 0x0
      RenderBlock (floating) {DIV} at (332,382) size 318x108 [bgcolor=#DDDDDD]
        RenderInline {A} at (0,0) size 303x94 [color=#0000EE]
          RenderText {#text} at (19,7) size 303x94
            text run at (19,7) width 253 RTL: "\x{5D4}\x{5D5}\x{5D1}\x{5DC}\x{5EA} \x{5D3}\x{5D9}\x{5E8}\x{5D5}\x{5EA} \x{5D1}\x{5DB}\x{5DC} \x{5D4}\x{5D0}\x{5E8}\x{5E5} \x{5E9}\x{5D9}\x{5E8}\x{5D5}\x{5EA}, \x{5D0}\x{5D9}\x{5DB}\x{5D5}\x{5EA}"
            text run at (9,26) width 303 RTL: "\x{5D5}\x{5DE}\x{5D7}\x{5D9}\x{5E8}\x{5D9}\x{5DD} \x{5DC}\x{5DC}\x{5D0} \x{5EA}\x{5D7}\x{5E8}\x{5D5}\x{5EA} \x{5D4}\x{5D5}\x{5D1}\x{5DC}\x{5EA} \x{5D3}\x{5D9}\x{5E8}\x{5D5}\x{5EA} \x{5D1}\x{5DB}\x{5DC} \x{5D4}\x{5D0}\x{5E8}\x{5E5}"
            text run at (29,45) width 283 RTL: "\x{5E9}\x{5D9}\x{5E8}\x{5D5}\x{5EA}, \x{5D0}\x{5D9}\x{5DB}\x{5D5}\x{5EA} \x{5D5}\x{5DE}\x{5D7}\x{5D9}\x{5E8}\x{5D9}\x{5DD} \x{5DC}\x{5DC}\x{5D0} \x{5EA}\x{5D7}\x{5E8}\x{5D5}\x{5EA} \x{5D4}\x{5D5}\x{5D1}\x{5DC}\x{5EA}"
            text run at (16,64) width 296 RTL: "\x{5D3}\x{5D9}\x{5E8}\x{5D5}\x{5EA} \x{5D1}\x{5DB}\x{5DC} \x{5D4}\x{5D0}\x{5E8}\x{5E5} \x{5E9}\x{5D9}\x{5E8}\x{5D5}\x{5EA}, \x{5D0}\x{5D9}\x{5DB}\x{5D5}\x{5EA} \x{5D5}\x{5DE}\x{5D7}\x{5D9}\x{5E8}\x{5D9}\x{5DD} \x{5DC}\x{5DC}\x{5D0}"
            text run at (265,83) width 47 RTL: "\x{5EA}\x{5D7}\x{5E8}\x{5D5}\x{5EA}"
        RenderText {#text} at (0,0) size 0x0
