layer at (0,0) size 902x585
  RenderView at (0,0) size 800x585
layer at (0,0) size 800x585
  RenderBlock {HTML} at (0,0) size 800x585
    RenderBody {BODY} at (8,8) size 800x569
      RenderBlock {DIV} at (0,0) size 800x0
      RenderBlock {DIV} at (0,0) size 800x0
      RenderBlock {DIV} at (0,0) size 800x0
      RenderBlock {DIV} at (0,0) size 800x0
      RenderBlock {DIV} at (0,0) size 800x0
      RenderBlock {DIV} at (0,0) size 800x0
      RenderBlock {DIV} at (0,0) size 800x0
      RenderBlock {DIV} at (0,0) size 800x0
layer at (162,547) size 246x28
  RenderBlock (positioned) {FONT} at (162,547) size 246x28
    RenderText {#text} at (0,0) size 246x28
      text run at (0,0) width 246: "RTL-Center-Aligned"
layer at (-86,451) size 94x84 backgroundClip at (0,0) size 902x585 clip at (0,0) size 902x585
  RenderBlock (positioned) {FONT} at (-86,451) size 94x84
    RenderText {#text} at (0,0) size 94x84
      text run at (0,0) width 60: "RTL-"
      text run at (0,28) width 63: "Left-"
      text run at (0,56) width 94: "Aligned"
layer at (578,457) size 230x28
  RenderBlock (positioned) {FONT} at (578,457) size 230x28
    RenderText {#text} at (0,0) size 230x28
      text run at (0,0) width 230: "RTL-Right-Aligned"
layer at (611,407) size 197x28
  RenderBlock (positioned) {FONT} at (610,407) size 198x28
    RenderText {#text} at (0,0) size 198x28
      text run at (0,0) width 198: "RTL-No-Aligned"
layer at (408,357) size 245x28
  RenderBlock (positioned) {FONT} at (408,357) size 246x28
    RenderText {#text} at (0,0) size 246x28
      text run at (0,0) width 246: "LTR-Center-Aligned"
layer at (8,307) size 216x28
  RenderBlock (positioned) {FONT} at (8,307) size 216x28
    RenderText {#text} at (0,0) size 216x28
      text run at (0,0) width 216: "LTR-Left-Aligned"
layer at (808,201) size 94x84
  RenderBlock (positioned) {FONT} at (808,201) size 94x84
    RenderText {#text} at (34,0) size 94x84
      text run at (34,0) width 60: "LTR-"
      text run at (17,28) width 77: "Right-"
      text run at (0,56) width 94: "Aligned"
layer at (8,207) size 196x28
  RenderBlock (positioned) {FONT} at (8,207) size 197x28
    RenderText {#text} at (0,0) size 197x28
      text run at (0,0) width 197: "LTR-No-Aligned"
