layer at (0,0) size 800x600
  RenderView at (0,0) size 800x600
layer at (0,0) size 800x305
  RenderBlock {HTML} at (0,0) size 800x305
    RenderBody {BODY} at (8,8) size 784x289
      RenderBlock {DIV} at (0,0) size 784x41 [bgcolor=#CCCCCC]
        RenderInline {SPAN} at (0,20) size 46x20 [bgcolor=#FF0000]
          RenderText {#text} at (0,20) size 46x20
            text run at (0,20) width 46: "small"
        RenderText {#text} at (45,20) size 10x21
          text run at (45,20) width 10: " "
        RenderInline {SPAN} at (54,1) size 55x38 [bgcolor=#FF0000]
          RenderText {#text} at (54,1) size 55x38
            text run at (54,1) width 55: "BIG"
        RenderText {#text} at (0,0) size 0x0
      RenderBlock {DIV} at (0,44) size 784x141 [bgcolor=#CCCCCC]
        RenderInline {SPAN} at (0,40) size 46x20 [bgcolor=#FF0000]
          RenderText {#text} at (0,40) size 46x20
            text run at (0,40) width 46: "small"
        RenderText {#text} at (45,80) size 10x20
          text run at (45,80) width 10: " "
        RenderInline {SPAN} at (54,31) size 55x38 [bgcolor=#FF0000]
          RenderText {#text} at (54,31) size 55x38
            text run at (54,31) width 55: "BIG"
        RenderText {#text} at (0,0) size 0x0
      RenderBlock {DIV} at (0,188) size 784x101 [bgcolor=#CCCCCC]
        RenderInline {SPAN} at (0,20) size 46x20 [bgcolor=#FF0000]
          RenderText {#text} at (0,20) size 46x20
            text run at (0,20) width 46: "small"
        RenderText {#text} at (45,20) size 10x21
          text run at (45,20) width 10: " "
        RenderInline {SPAN} at (54,1) size 55x38 [bgcolor=#FF0000]
          RenderText {#text} at (54,1) size 55x38
            text run at (54,1) width 55: "BIG"
        RenderText {#text} at (0,0) size 0x0
