layer at (0,0) size 800x600
  RenderView at (0,0) size 800x600
layer at (0,0) size 800x600
  RenderBlock {HTML} at (0,0) size 800x600
    RenderBody {BODY} at (8,8) size 784x576
      RenderBlock {P} at (0,0) size 784x18
        RenderInline (generated) at (0,0) size 54x17
          RenderInline (generated) at (0,0) size 9x17 [color=#FFD800]
            RenderText at (0,0) size 9x17
              text run at (0,0) width 9: "S"
          RenderText at (8,0) size 46x17
            text run at (8,0) width 46: "pecial: "
        RenderText {#text} at (53,0) size 590x17
          text run at (53,0) width 221: "The \"S\" to the left should be gold. "
          text run at (273,0) width 370: "This is testing :before used in conjunction with :first-letter. "
        RenderInline (generated) at (0,0) size 66x17
          RenderText at (642,0) size 66x17
            text run at (642,0) width 66: "[The End]"
