layer at (0,0) size 800x600
  RenderView at (0,0) size 800x600
layer at (0,0) size 800x600
  RenderBlock {HTML} at (0,0) size 800x600
    RenderBody {BODY} at (8,8) size 784x584
      RenderBlock {DIV} at (0,0) size 784x20
        RenderBlock (floating) at (0,0) size 14x54
          RenderText at (0,1) size 14x52
            text run at (0,1) width 14: "I"
        RenderText {#text} at (14,0) size 429x19
          text run at (14,0) width 429: "n an attempt to lose some weight, I have switched computing platforms."
