layer at (0,0) size 800x600
  RenderView at (0,0) size 800x600
layer at (0,0) size 800x600
  RenderBlock {HTML} at (0,0) size 800x600
    RenderBody {BODY} at (8,8) size 784x584
      RenderBlock {P} at (0,0) size 784x20
        RenderText {#text} at (0,0) size 67x19
          text run at (0,0) width 67: "All of this "
        RenderInline {SPAN} at (0,0) size 88x19
          RenderText {#text} at (67,0) size 88x19
            text run at (67,0) width 88: "text should be"
        RenderText {#text} at (155,0) size 43x19
          text run at (155,0) width 43: " green."
      RenderBlock {UL} at (0,36) size 784x20
        RenderListItem {LI} at (40,0) size 744x20
          RenderListMarker at (-18,0) size 7x19: bullet
          RenderText {#text} at (0,0) size 373x19
            text run at (0,0) width 373: "All of this text should be green. The bullet should be black."
      RenderBlock {DIV} at (0,72) size 784x57 [color=#FF0000]
        RenderInline {SPAN} at (0,0) size 427x19 [color=#008000]
          RenderInline (generated) at (0,0) size 34x55
            RenderText at (0,1) size 34x55
              text run at (0,1) width 34: "A"
          RenderText {#text} at (34,29) size 393x19
            text run at (34,29) width 393: "ll of this text should be green, including the big \"A\" first-letter."
      RenderBlock {P} at (0,145) size 784x0
      RenderBlock {DIV} at (0,145) size 784x20
        RenderBlock {DIV} at (0,0) size 163x20 [color=#FF0000]
          RenderText {#text} at (0,0) size 163x19
            text run at (0,0) width 163: "This text should be green."
