layer at (0,0) size 800x600
  RenderView at (0,0) size 800x600
layer at (0,0) size 800x600
  RenderBlock {HTML} at (0,0) size 800x600
    RenderBody {BODY} at (8,8) size 784x582
      RenderBlock {P} at (0,0) size 784x20
        RenderInline {EM} at (0,0) size 629x19
          RenderText {#text} at (0,0) size 629x19
            text run at (0,0) width 629: "When an :after rule has multiple pieces of content, older versions of Safari display them backwards."
      RenderBlock {DIV} at (10,36) size 764x52 [border: (1px solid #000000)]
        RenderText {#text} at (11,21) size 44x19
          text run at (11,21) width 44: "Inline: "
        RenderInline (generated) at (0,0) size 483x19
          RenderText at (55,21) size 235x19
            text run at (55,21) width 235: "This should be before the green box. "
          RenderImage at (290,11) size 25x25
          RenderText at (315,21) size 223x19
            text run at (315,21) width 223: " This should be after the green box."
      RenderBlock {DIV} at (10,98) size 764x92 [border: (1px solid #000000)]
        RenderText {#text} at (11,61) size 84x19
          text run at (11,61) width 84: "Inline-block: "
        RenderBlock (generated) at (95,11) size 200x70
          RenderText at (0,0) size 199x49
            text run at (0,0) width 199: "This should be before the green"
            text run at (0,30) width 32: "box. "
          RenderImage at (32,20) size 25x25
          RenderText at (57,30) size 186x39
            text run at (57,30) width 129: " This should be after"
            text run at (0,50) width 90: "the green box."
      RenderBlock {DIV} at (10,200) size 764x112 [border: (1px solid #000000)]
        RenderBlock (anonymous) at (11,11) size 742x20
          RenderText {#text} at (0,0) size 42x19
            text run at (0,0) width 42: "Block:"
        RenderBlock (generated) at (11,31) size 200x70
          RenderText at (0,0) size 199x49
            text run at (0,0) width 199: "This should be before the green"
            text run at (0,30) width 32: "box. "
          RenderImage at (32,20) size 25x25
          RenderText at (57,30) size 186x39
            text run at (57,30) width 129: " This should be after"
            text run at (0,50) width 90: "the green box."
