layer at (0,0) size 800x600
  RenderView at (0,0) size 800x600
layer at (0,0) size 800x600
  RenderBlock {HTML} at (0,0) size 800x600
    RenderBody {BODY} at (8,8) size 784x584
      RenderBlock {P} at (0,0) size 784x36
        RenderText {#text} at (0,0) size 52x17
          text run at (0,0) width 52: "Test for "
        RenderInline {I} at (0,0) size 655x35
          RenderInline {A} at (0,0) size 301x17 [color=#0000EE]
            RenderText {#text} at (52,0) size 301x17
              text run at (52,0) width 301: "http://bugs.webkit.org/show_bug.cgi?id=14221"
          RenderText {#text} at (353,0) size 655x35
            text run at (353,0) width 4: " "
            text run at (357,0) width 298: "Repro crash (ASSERTION FAILED: oldText in"
            text run at (0,18) width 562: "RenderBlock::updateFirstLetter() during relayout of :before content with first-letter style)"
        RenderText {#text} at (562,18) size 4x17
          text run at (562,18) width 4: "."
      RenderBlock {DIV} at (0,52) size 784x33
        RenderInline (generated) at (0,0) size 47x26
          RenderInline (generated) at (0,0) size 18x32 [color=#008000]
            RenderText at (0,0) size 18x32
              text run at (0,0) width 18: "T"
          RenderText at (17,5) size 30x26
            text run at (17,5) width 30: "he "
        RenderText {#text} at (46,5) size 414x26
          text run at (46,5) width 414: "first letter is green and larger than the rest."
