layer at (0,0) size 800x600
  RenderView at (0,0) size 800x600
layer at (0,0) size 800x600
  RenderBlock {HTML} at (0,0) size 800x600
    RenderBody {BODY} at (8,8) size 784x584
      RenderBlock {P} at (0,0) size 784x20
        RenderText {#text} at (0,0) size 31x19
          text run at (0,0) width 31: "Bug "
        RenderInline {A} at (0,0) size 44x19 [color=#0000EE]
          RenderText {#text} at (31,0) size 44x19
            text run at (31,0) width 44: "23826 "
        RenderText {#text} at (75,0) size 565x19
          text run at (75,0) width 565: ": Potential bug with before/after rule while moving element from one document to another"
      RenderBlock {P} at (0,36) size 784x20
        RenderText {#text} at (0,0) size 538x19
          text run at (0,0) width 538: "This test that moving a quote element sets the before / after flag in the final document."
      RenderBlock {DIV} at (0,72) size 784x56
        RenderBlock (anonymous) at (0,0) size 784x20
          RenderInline {Q} at (0,0) size 156x19
            RenderInline (generated) at (0,0) size 5x19
              RenderQuote at (0,0) size 5x19
                RenderText at (0,0) size 5x19
                  text run at (0,0) width 5: "\""
            RenderText {#text} at (5,0) size 151x19
              text run at (5,0) width 151: "Quotes should surround"
        RenderBlock (anonymous) at (0,36) size 784x0
          RenderBlock {P} at (0,0) size 784x0
        RenderBlock (anonymous) at (0,36) size 784x20
          RenderInline {Q} at (0,0) size 58x19
            RenderText {#text} at (0,0) size 53x19
              text run at (0,0) width 53: "this text."
            RenderInline (generated) at (0,0) size 5x19
              RenderQuote at (0,0) size 5x19
                RenderText at (53,0) size 5x19
                  text run at (53,0) width 5: "\""
