layer at (0,0) size 800x600
  RenderView at (0,0) size 800x600
layer at (0,0) size 800x122
  RenderBlock {HTML} at (0,0) size 800x122
    RenderBody {BODY} at (8,8) size 784x106
      RenderBlock {DETAILS} at (0,0) size 784x106 [border: (1px solid #000000)]
        RenderBlock (anonymous) at (1,1) size 782x20
          RenderInline (generated) at (0,0) size 40x19
            RenderText at (0,0) size 40x19
              text run at (0,0) width 40: "before"
        RenderBlock {SUMMARY} at (1,21) size 782x64 [border: (1px solid #000000)]
          RenderBlock (anonymous) at (1,1) size 780x20
            RenderInline (generated) at (0,0) size 40x19
              RenderText at (0,0) size 40x19
                text run at (0,0) width 40: "before"
            RenderDetailsMarker {DIV} at (40,4) size 11x11: down
            RenderText {#text} at (56,0) size 62x19
              text run at (56,0) width 62: "Summary"
          RenderBlock {DIV} at (1,21) size 780x22 [border: (1px solid #000000)]
            RenderText {#text} at (1,1) size 61x19
              text run at (1,1) width 61: "Inner Div"
          RenderBlock (anonymous) at (1,43) size 780x20
            RenderInline (generated) at (0,0) size 28x19
              RenderText at (0,0) size 28x19
                text run at (0,0) width 28: "after"
        RenderBlock (anonymous) at (1,85) size 782x20
          RenderText {#text} at (0,0) size 48x19
            text run at (0,0) width 48: "Details "
          RenderInline (generated) at (0,0) size 28x19
            RenderText at (48,0) size 28x19
              text run at (48,0) width 28: "after"
