layer at (0,0) size 800x600
  RenderView at (0,0) size 800x600
layer at (0,0) size 800x600
  RenderBlock {HTML} at (0,0) size 800x600
    RenderBody {BODY} at (8,16) size 784x568
      RenderBlock {DIV} at (16,0) size 400x140
        RenderBlock (floating) at (2,3) size 37x74
          RenderText at (0,-13) size 37x108
            text run at (0,-13) width 37: "J"
        RenderText {#text} at (41,40) size 399x99
          text run at (41,40) width 351: "ust an example of first-letter. This letter should span 3 lines"
          text run at (41,60) width 330: "of text, and so it should align itself cleanly with the cap-"
          text run at (0,80) width 399: "height of the H lining up with the cap-height of the first line, and the"
          text run at (0,100) width 376: "baseline of the J lining up with the baseline of the third line. The"
          text run at (0,120) width 309: "descender of the J is still avoided by following lines."
