layer at (0,0) size 800x600
  RenderView at (0,0) size 800x600
layer at (0,0) size 800x600
  RenderBlock {HTML} at (0,0) size 800x600
    RenderBody {BODY} at (8,16) size 784x568
      RenderBlock {DIV} at (16,0) size 400x80
        RenderBlock (floating) at (2,23) size 30x33
          RenderText at (0,-6) size 30x48
            text run at (0,-6) width 30: "A"
        RenderText {#text} at (34,0) size 399x79
          text run at (34,0) width 339: "n example of first-letter. This letter should span 3 lines of"
          text run at (34,20) width 365: "text, and so it should align itself cleanly with the cap-height of"
          text run at (34,40) width 344: "the A lining up with the cap-height of the first line, and the"
          text run at (0,60) width 354: "baseline of the A lining up with the baseline of the third line."
      RenderBlock {SPAN} at (0,96) size 784x80
        RenderBlock {DIV} at (368,0) size 400x80
          RenderBlock (floating) at (368,23) size 30x33
            RenderText at (0,-6) size 30x48
              text run at (0,-6) width 30: "A"
          RenderText {#text} at (11,0) size 399x79
            text run at (11,0) width 355: "n RTL example of first-letter. This letter should span 3 lines"
            text run at (1,20) width 365: "of text, and so it should align itself cleanly with the cap-height"
            text run at (6,40) width 360: "of the A lining up with the cap-height of the first line, and the"
            text run at (46,60) width 4 RTL: "."
            text run at (50,60) width 350: "baseline of the A lining up with the baseline of the third line"
