layer at (0,0) size 800x600
  RenderView at (0,0) size 800x600
layer at (0,0) size 800x600
  RenderBlock {HTML} at (0,0) size 800x600
    RenderBody {BODY} at (8,16) size 784x568
      RenderBlock {DIV} at (16,0) size 400x100
        RenderBlock (floating) at (2,3) size 50x52
          RenderText at (0,-9) size 50x78
            text run at (0,-9) width 50: "A"
        RenderText {#text} at (54,20) size 399x79
          text run at (54,20) width 339: "n example of first-letter. This letter should span 3 lines of"
          text run at (54,40) width 314: "text, and so it should align itself cleanly with the cap-"
          text run at (0,60) width 399: "height of the A lining up with the cap-height of the first line, and the"
          text run at (0,80) width 354: "baseline of the A lining up with the baseline of the third line."
      RenderBlock {SPAN} at (0,116) size 784x120
        RenderBlock {DIV} at (368,0) size 400x120
          RenderBlock (floating) at (348,3) size 50x52
            RenderText at (0,-9) size 50x78
              text run at (0,-9) width 50: "A"
          RenderText {#text} at (21,20) size 382x99
            text run at (21,20) width 325: "n RTL example of first-letter. This letter should span 3"
            text run at (18,40) width 328: "lines of text, and so it should align itself cleanly with the"
            text run at (21,60) width 379: "cap-height of the A lining up with the cap-height of the first line,"
            text run at (26,80) width 374: "and the baseline of the A lining up with the baseline of the third"
            text run at (376,100) width 4 RTL: "."
            text run at (380,100) width 20: "line"
