layer at (0,0) size 800x600
  RenderView at (0,0) size 800x600
layer at (0,0) size 800x600
  RenderBlock {HTML} at (0,0) size 800x600
    RenderBody {BODY} at (8,8) size 784x584
      RenderBlock {H1} at (0,0) size 784x37
        RenderText {#text} at (0,0) size 90x36
          text run at (0,0) width 90: "Blocks"
      RenderBlock {DIV} at (0,58) size 784x21
        RenderInline (generated) at (0,0) size 34x19
          RenderText at (0,0) size 34x19
            text run at (0,0) width 34: "Test: "
        RenderText {#text} at (34,0) size 46x19
          text run at (34,0) width 46: "content"
      RenderBlock {DIV} at (0,78) size 784x21
        RenderBlock (generated) at (0,0) size 30x20
          RenderText at (0,0) size 30x19
            text run at (0,0) width 30: "Test:"
        RenderText {#text} at (30,0) size 46x19
          text run at (30,0) width 46: "content"
      RenderBlock {DIV} at (0,98) size 784x21
        RenderTable at (0,0) size 30x20
          RenderTableSection (anonymous) at (0,0) size 30x20
            RenderTableRow (anonymous) at (0,0) size 30x20
              RenderTableCell (anonymous) at (0,0) size 30x20 [r=0 c=0 rs=1 cs=1]
                RenderText at (0,0) size 30x19
                  text run at (0,0) width 30: "Test:"
        RenderText {#text} at (30,0) size 46x19
          text run at (30,0) width 46: "content"
      RenderBlock {H1} at (0,139) size 784x38
        RenderText {#text} at (0,0) size 92x36
          text run at (0,0) width 92: "Inlines"
      RenderBlock (anonymous) at (0,198) size 784x61
        RenderInline {SPAN} at (0,0) size 80x19
          RenderInline (generated) at (0,0) size 34x19
            RenderText at (0,0) size 34x19
              text run at (0,0) width 34: "Test: "
          RenderText {#text} at (34,0) size 46x19
            text run at (34,0) width 46: "content"
        RenderBR {BR} at (80,0) size 0x19
        RenderInline {SPAN} at (0,0) size 76x19
          RenderBlock (generated) at (0,20) size 30x20
            RenderText at (0,0) size 30x19
              text run at (0,0) width 30: "Test:"
          RenderText {#text} at (30,20) size 46x19
            text run at (30,20) width 46: "content"
        RenderBR {BR} at (76,20) size 0x19
        RenderInline {SPAN} at (0,0) size 76x19
          RenderTable at (0,40) size 30x20
            RenderTableSection (anonymous) at (0,0) size 30x20
              RenderTableRow (anonymous) at (0,0) size 30x20
                RenderTableCell (anonymous) at (0,0) size 30x20 [r=0 c=0 rs=1 cs=1]
                  RenderText at (0,0) size 30x19
                    text run at (0,0) width 30: "Test:"
          RenderText {#text} at (30,40) size 46x19
            text run at (30,40) width 46: "content"
        RenderBR {BR} at (76,40) size 0x19
