layer at (0,0) size 800x600
  RenderView at (0,0) size 800x600
layer at (0,0) size 800x600
  RenderBlock {HTML} at (0,0) size 800x600
    RenderBody {BODY} at (8,8) size 784x576
      RenderBlock (anonymous) at (0,0) size 784x20
        RenderInline {SPAN} at (0,0) size 212x19
          RenderText {#text} at (0,0) size 212x19
            text run at (0,0) width 212: "This test passes if it does not crash."
        RenderText {#text} at (212,0) size 4x19
          text run at (212,0) width 4: " "
        RenderBR {BR} at (216,0) size 0x19
      RenderBlock {UL} at (0,36) size 784x60
        RenderListItem {LI} at (40,0) size 744x60
          RenderBlock (anonymous) at (0,0) size 744x20
            RenderListMarker at (-18,0) size 7x19: bullet
          RenderTable at (0,20) size 28x20
            RenderTableSection (anonymous) at (0,0) size 28x20
              RenderTableRow (anonymous) at (0,0) size 28x20
                RenderTableCell (anonymous) at (0,0) size 28x20 [r=0 c=0 rs=1 cs=1]
                  RenderText at (0,0) size 28x19
                    text run at (0,0) width 28: "hello"
          RenderBlock (anonymous) at (0,40) size 744x20
            RenderText {#text} at (0,0) size 21x19
              text run at (0,0) width 21: "test"
