layer at (0,0) size 800x600
  RenderView at (0,0) size 800x600
layer at (0,0) size 800x600
  RenderBlock {HTML} at (0,0) size 800x600
    RenderBody {BODY} at (8,8) size 784x584 [color=#FF0000]
      RenderBlock {P} at (0,0) size 784x20
        RenderText {#text} at (0,0) size 369x19
          text run at (0,0) width 369: "Should say \x{201C}BEFORE CONTENT AFTER CONTENT\x{201D}"
      RenderTable {DIV} at (0,36) size 77x60
        RenderTableSection (anonymous) at (0,0) size 77x60
          RenderTableRow (anonymous) at (0,0) size 77x60
            RenderTableCell (anonymous) at (0,0) size 77x60 [r=0 c=0 rs=1 cs=1]
              RenderTable at (0,0) size 63x20
                RenderTableSection (anonymous) at (0,0) size 63x20
                  RenderTableRow (anonymous) at (0,0) size 63x20
                    RenderTableCell (anonymous) at (0,0) size 63x20 [r=0 c=0 rs=1 cs=1]
                      RenderText at (0,0) size 63x19
                        text run at (0,0) width 63: "BEFORE"
              RenderBlock {DIV} at (0,20) size 77x20
                RenderText {#text} at (0,0) size 77x19
                  text run at (0,0) width 77: "CONTENT"
              RenderTable at (0,40) size 52x20
                RenderTableSection (anonymous) at (0,0) size 52x20
                  RenderTableRow (anonymous) at (0,0) size 52x20
                    RenderTableCell (anonymous) at (0,0) size 52x20 [r=0 c=0 rs=1 cs=1]
                      RenderText at (0,0) size 52x19
                        text run at (0,0) width 52: "AFTER"
      RenderBlock (anonymous) at (0,96) size 784x20
        RenderText {#text} at (0,0) size 77x19
          text run at (0,0) width 77: "CONTENT"
        RenderText {#text} at (0,0) size 0x0
