layer at (0,0) size 800x600
  RenderView at (0,0) size 800x600
layer at (0,0) size 800x600
  RenderBlock {HTML} at (0,0) size 800x600
    RenderBody {BODY} at (8,8) size 784x584 [color=#FF0000]
      RenderBlock {P} at (0,0) size 784x20
        RenderText {#text} at (0,0) size 349x19
          text run at (0,0) width 349: "Should say \x{201C}BEFORE CONTENT AFTER CONTENT\x{201D}"
      RenderTable {DIV} at (0,36) size 74x60
        RenderTableSection (anonymous) at (0,0) size 74x60
          RenderTableRow (anonymous) at (0,0) size 74x20
            RenderTableCell (anonymous) at (0,0) size 74x20 [r=0 c=0 rs=1 cs=1]
              RenderText at (0,0) size 59x19
                text run at (0,0) width 59: "BEFORE"
          RenderTableRow (anonymous) at (0,20) size 74x20
            RenderTableCell (anonymous) at (0,20) size 74x20 [r=1 c=0 rs=1 cs=1]
              RenderBlock {DIV} at (0,0) size 74x20
                RenderText {#text} at (0,0) size 74x19
                  text run at (0,0) width 74: "CONTENT"
          RenderTableRow (anonymous) at (0,40) size 74x20
            RenderTableCell (anonymous) at (0,40) size 74x20 [r=2 c=0 rs=1 cs=1]
              RenderText at (0,0) size 48x19
                text run at (0,0) width 48: "AFTER"
      RenderBlock (anonymous) at (0,96) size 784x20
        RenderText {#text} at (0,0) size 74x19
          text run at (0,0) width 74: "CONTENT"
        RenderText {#text} at (0,0) size 0x0
