layer at (0,0) size 800x600
  RenderView at (0,0) size 800x600
layer at (0,0) size 800x600
  RenderBlock {HTML} at (0,0) size 800x600
    RenderBody {BODY} at (8,8) size 784x584
      RenderInline {A} at (0,0) size 520x19
        RenderInline (generated) at (0,0) size 344x19
          RenderText at (0,0) size 344x19
            text run at (0,0) width 344: "This test passes if it does not crash, and this text appears."
        RenderText {#text} at (344,0) size 176x19
          text run at (344,0) width 176: "But it fails if this text appears."
      RenderText {#text} at (0,0) size 0x0
