layer at (0,0) size 800x600
  RenderView at (0,0) size 800x600
layer at (0,0) size 800x600
  RenderBlock {HTML} at (0,0) size 800x600
    RenderBody {BODY} at (8,8) size 784x584
      RenderBlock (anonymous) at (0,0) size 784x20
        RenderText {#text} at (0,0) size 177x19
          text run at (0,0) width 177: "You should not see any cyan."
      RenderBlock {DIV} at (0,20) size 202x27 [bgcolor=#00FFFF] [border: (1px solid #777777)]
        RenderBlock {A} at (1,1) size 200x25 [color=#0000EE] [bgcolor=#FFFFFF]
          RenderText {#text} at (0,3) size 20x19
            text run at (0,3) width 20: "foo"
          RenderWordBreak {WBR} at (0,0) size 0x0
          RenderText {#text} at (20,3) size 20x19
            text run at (20,3) width 20: "bar"
