layer at (0,0) size 785x616
  RenderView at (0,0) size 785x600
layer at (0,0) size 785x600
  RenderBlock {html} at (0,0) size 785x600
    RenderBody {body} at (8,16) size 769x600
      RenderBlock {parsererror} at (16,0) size 737x137 [bgcolor=#FFDDDD] [border: (2px solid #CC7777)]
        RenderBlock {h3} at (18,20) size 701x23
          RenderText {#text} at (0,0) size 323x22
            text run at (0,0) width 323: "This page contains the following errors:"
        RenderBlock {div} at (18,61) size 701x15
          RenderText {#text} at (0,0) size 497x14
            text run at (0,0) width 497: "error on line 3 at column 1: Extra content at the end of the document"
            text run at (496,0) width 1: " "
        RenderBlock {h3} at (18,94) size 701x23
          RenderText {#text} at (0,0) size 424x22
            text run at (0,0) width 424: "Below is a rendering of the page up to the first error."
