layer at (0,0) size 800x600
  RenderView at (0,0) size 800x600
layer at (0,0) size 800x162
  RenderBlock {html} at (0,0) size 800x162
    RenderBody {body} at (8,16) size 784x138
      RenderBlock {p} at (0,0) size 784x18
        RenderText {#text} at (0,0) size 700x18
          text run at (0,0) width 700: "Below two svg areas are shown. Both should have the text aligned to the paths in the same way (Bug 13052)."
      RenderBlock {div} at (0,34) size 784x104
        RenderText {#text} at (100,86) size 4x18
          text run at (100,86) width 4: " "
        RenderText {#text} at (0,0) size 0x0
layer at (8,50) size 100x100
  RenderSVGRoot {svg} at (0,0) size 100x100
layer at (8,50) size 100x100
  RenderSVGViewportContainer at (0,0) size 100x100
layer at (36,69) size 45x63
  RenderSVGPath {path} at (28,18) size 45x63 [fill={[type=SOLID] [color=#337711]}] [data="M 38 38 C 38 26 62 23 61 36 C 61 45 45 49 45 59 L 45 66 L 56 66 L 56 62 C 56 53 73 50 73 35 C 71 13 28 13 28 38 Z M 45 70 L 56 70 L 56 81 L 45 81 Z"]
layer at (18,86) size 38x18
  RenderSVGText {text} at (10,36) size 39x18 contains 1 chunk(s)
    RenderSVGInlineText {#text} at (0,0) size 39x18
      chunk 1 text run 1 at (10.00,50.00) startOffset 0 endOffset 4 width 38.25: "PASS"
layer at (112,50) size 100x100
  RenderSVGRoot {svg} at (104,0) size 100x100
layer at (112,50) size 100x100
  RenderSVGViewportContainer at (0,0) size 100x100
layer at (140,69) size 45x63
  RenderSVGPath {path} at (28,18) size 45x63 [fill={[type=SOLID] [color=#337711]}] [data="M 38 38 C 38 26 62 23 61 36 C 61 45 45 49 45 59 L 45 66 L 56 66 L 56 62 C 56 53 73 50 73 35 C 71 13 28 13 28 38 Z M 45 70 L 56 70 L 56 81 L 45 81 Z"]
layer at (122,86) size 38x18
  RenderSVGText {text} at (10,36) size 39x18 contains 1 chunk(s)
    RenderSVGInlineText {#text} at (0,0) size 39x18
      chunk 1 text run 1 at (10.00,50.00) startOffset 0 endOffset 4 width 38.25: "PASS"
