layer at (0,0) size 800x600
  RenderView at (0,0) size 800x600
layer at (0,0) size 800x99
  RenderBlock {HTML} at (0,0) size 800x98.67
    RenderBody {BODY} at (8,18.89) size 784x60.89
      RenderBlock {P} at (0,0) size 784x21
        RenderText {#text} at (0,1) size 277x19
          text run at (0,1) width 277: "This text should be rendered with a first font."
      RenderBlock {P} at (0,39.89) size 784x21
        RenderText {#text} at (0,1) size 285x19
          text run at (0,1) width 285: "This text should be rendered with a second font."
