layer at (0,0) size 785x773 backgroundClip at (0,0) size 785x772.88 clip at (0,0) size 785x772.88
  RenderView at (0,0) size 785x600
layer at (0,0) size 785x600
  RenderBlock {html} at (0,0) size 785x600
    RenderBody {body} at (8,16) size 769x600
      RenderBlock {parsererror} at (16,0) size 737x136.88 [bgcolor=#FFDDDD] [border: (2px solid #CC7777)]
        RenderBlock {h3} at (18,20.72) size 701x22
          RenderText {#text} at (0,0) size 323x22
            text run at (0,0) width 323: "This page contains the following errors:"
        RenderBlock {div} at (18,61.44) size 701x14
          RenderText {#text} at (0,0) size 512x14
            text run at (0,0) width 512: "error on line 1 at column 210: Extra content at the end of the document"
            text run at (511,0) width 1: " "
        RenderBlock {h3} at (18,94.16) size 701x22
          RenderText {#text} at (0,0) size 424x22
            text run at (0,0) width 424: "Below is a rendering of the page up to the first error."
      RenderBlock (anonymous) at (0,152.88) size 769x604
layer at (8,169) size 769x600
  RenderSVGRoot {svg} at (0,0) size 769x600
layer at (8,168.88) size 769x600
  RenderSVGViewportContainer at (0,0) size 769x600
layer at (8,174.88) size 341x18
  RenderSVGText {text} at (0,6) size 342x18 contains 1 chunk(s)
    RenderSVGInlineText {#text} at (0,0) size 342x18
      chunk 1 text run 1 at (0.00,20.00) startOffset 0 endOffset 53 width 341.27: "This should not crash, but display an error document."
