layer at (0,0) size 800x600
  RenderView at (0,0) size 800x600
layer at (0,0) size 800x600
  RenderBlock {HTML} at (0,0) size 800x600
    RenderBody {BODY} at (8,8) size 784x576
      RenderBlock (anonymous) at (0,0) size 784x36
        RenderText {#text} at (0,0) size 762x36
          text run at (0,0) width 493: "This tests whether alt text is shown for image-type form input elements with "
          text run at (492,0) width 270: "no src attribute. You should see \"Success\""
          text run at (0,18) width 229: "twice, followed by a blue rectangle."
      RenderBlock {P} at (0,52) size 784x0
      RenderBlock {FORM} at (0,52) size 784x94
        RenderImage {INPUT} at (0,0) size 48x17
        RenderBR {BR} at (48,3) size 0x18
        RenderImage {INPUT} at (0,17) size 102x52 [border: (1px solid #000000)]
        RenderBR {BR} at (102,55) size 0x18
        RenderImage {INPUT} at (0,69) size 75x25
        RenderBR {BR} at (75,80) size 0x18
