layer at (0,0) size 800x600
  RenderView at (0,0) size 800x600
layer at (0,0) size 800x356
  RenderBlock {html} at (0,0) size 800x356
    RenderBody {body} at (8,8) size 784x340
      RenderBlock (anonymous) at (0,0) size 784x306
        RenderSVGRoot {svg} at (8,8) size 302x302
          RenderSVGEllipse {circle} at (8,8) size 302x302 [fill={[type=SOLID] [color=#FF0000]}] [cx=300.00] [cy=300.00] [r=50.00]
        RenderText {#text} at (0,0) size 0x0
        RenderBR {br} at (302,288) size 0x17
      RenderBlock {p} at (0,322) size 784x0
      RenderBlock {p} at (0,322) size 784x0
      RenderBlock (anonymous) at (0,322) size 784x18
        RenderText {#text} at (0,0) size 552x17
          text run at (0,0) width 552: "The circle should not be (partially or fully)visible at the original position after moving it."
