layer at (0,0) size 800x600
  RenderView at (0,0) size 800x600
layer at (0,0) size 800x458
  RenderBlock {html} at (0,0) size 800x458
    RenderBody {body} at (8,8) size 784x442
      RenderText {#text} at (0,0) size 762x17
        text run at (0,0) width 762: "There should be no red displayed on the screen, and the patterns should not change when the browser window is resized."
      RenderBR {br} at (762,0) size 0x17
      RenderBR {br} at (0,18) size 0x17
      RenderSVGRoot {svg} at (8,144) size 202x302
        RenderSVGContainer {g} at (8,144) size 202x302
          RenderSVGRect {rect} at (8,144) size 202x302 [fill={[type=SOLID] [color=#FF0000]}] [x=0.00] [y=100.00] [width=100.00] [height=50.00]
          RenderSVGRect {rect} at (8,144) size 202x302 [fill={[type=SOLID] [color=#FF0000]}] [x=100.00] [y=0.00] [width=100.00] [height=50.00]
          RenderSVGRect {rect} at (8,144) size 202x302 [fill={[type=PATTERN] [id="pattern"]}] [x=0.00] [y=100.00] [width=100.00] [height=100.00]
          RenderSVGRect {rect} at (8,144) size 202x302 [fill={[type=PATTERN] [id="pattern"]}] [x=100.00] [y=0.00] [width=100.00] [height=100.00]
      RenderText {#text} at (202,424) size 4x17
        text run at (202,424) width 4: " "
      RenderSVGRoot {svg} at (214,44) size 302x402
        RenderSVGText {text} at (5,265) size 82x19 contains 1 chunk(s)
          RenderSVGInlineText {#text} at (0,0) size 82x18
            chunk 1 text run 1 at (5.00,280.00) startOffset 0 endOffset 11 width 81.94: "+Transforms"
        RenderSVGContainer {g} at (214,44) size 302x402 [transform={m=((1.00,0.00)(0.00,1.00)) t=(0.00,100.00)}]
          RenderSVGRect {rect} at (214,44) size 302x402 [fill={[type=SOLID] [color=#FF0000]}] [x=0.00] [y=0.00] [width=100.00] [height=50.00]
          RenderSVGRect {rect} at (214,44) size 302x402 [fill={[type=PATTERN] [id="pattern"]}] [x=0.00] [y=0.00] [width=100.00] [height=100.00]
        RenderSVGContainer {g} at (214,44) size 302x402 [transform={m=((1.00,0.00)(0.00,1.00)) t=(100.00,0.00)}]
          RenderSVGRect {rect} at (214,44) size 302x402 [fill={[type=SOLID] [color=#FF0000]}] [x=0.00] [y=0.00] [width=100.00] [height=50.00]
          RenderSVGRect {rect} at (214,44) size 302x402 [fill={[type=PATTERN] [id="pattern"]}] [x=0.00] [y=0.00] [width=100.00] [height=100.00]
        RenderSVGHiddenContainer {defs} at (0,0) size 0x0
          RenderSVGResourcePattern {pattern} [id="pattern"] [patternUnits=userSpaceOnUse] [patternContentUnits=userSpaceOnUse]
            RenderSVGRect {rect} at (214,44) size 302x402 [fill={[type=SOLID] [color=#008000]}] [x=0.00] [y=0.00] [width=100.00] [height=25.00]
            RenderSVGRect {rect} at (214,44) size 302x402 [fill={[type=SOLID] [color=#0000FF]}] [x=0.00] [y=25.00] [width=100.00] [height=25.00]
      RenderText {#text} at (508,424) size 4x17
        text run at (508,424) width 4: " "
      RenderText {#text} at (0,0) size 0x0
layer at (520,144) size 202x302
  RenderSVGRoot {svg} at (520,144) size 202x302
    RenderSVGText {text} at (5,266) size 169x17 contains 1 chunk(s)
      RenderSVGInlineText {#text} at (0,0) size 169x17
        chunk 1 text run 1 at (5.00,280.00) startOffset 0 endOffset 24 width 169.00: "+Accelerated Compositing"
    RenderSVGContainer {g} at (520,144) size 202x302
      RenderSVGRect {rect} at (520,144) size 202x302 [fill={[type=PATTERN] [id="pattern"]}] [x=0.00] [y=100.00] [width=100.00] [height=100.00]
      RenderSVGRect {rect} at (520,144) size 202x302 [fill={[type=PATTERN] [id="pattern"]}] [x=100.00] [y=0.00] [width=100.00] [height=100.00]
