layer at (0,0) size 1026x986
  RenderView at (0,0) size 785x585
layer at (0,0) size 785x986
  RenderBlock {html} at (0,0) size 785x986
    RenderBody {body} at (8,16) size 769x954
      RenderBlock {div} at (0,0) size 769x86
        RenderBlock {p} at (0,0) size 769x18
          RenderInline {a} at (0,0) size 77x17 [color=#0000EE]
            RenderText {#text} at (0,0) size 77x17
              text run at (0,0) width 77: "Full version"
          RenderText {#text} at (76,0) size 9x17
            text run at (76,0) width 9: ", "
          RenderInline {a} at (0,0) size 88x17 [color=#0000EE]
            RenderText {#text} at (84,0) size 88x17
              text run at (84,0) width 88: "Basic version"
        RenderBlock {p} at (0,34) size 769x18
          RenderText {#text} at (0,0) size 122x17
            text run at (0,0) width 122: "Specification link: "
          RenderInline {a} at (0,0) size 187x17 [color=#0000EE]
            RenderText {#text} at (121,0) size 187x17
              text run at (121,0) width 187: "3.4 How groups are rendered"
        RenderBlock {p} at (0,68) size 769x18
          RenderInline {a} at (0,0) size 158x17 [color=#0000EE]
            RenderText {#text} at (0,0) size 158x17
              text run at (0,0) width 158: "pservers-pattern-01-b \x{2190}"
          RenderText {#text} at (157,0) size 5x17
            text run at (157,0) width 5: " "
          RenderInline {a} at (0,0) size 37x17 [color=#0000EE]
            RenderText {#text} at (161,0) size 37x17
              text run at (161,0) width 37: "index"
          RenderText {#text} at (197,0) size 5x17
            text run at (197,0) width 5: " "
          RenderInline {a} at (0,0) size 139x17 [color=#0000EE]
            RenderText {#text} at (201,0) size 139x17
              text run at (201,0) width 139: "\x{2192} script-handle-01-b"
          RenderText {#text} at (0,0) size 0x0
      RenderTable {table} at (0,102) size 1018x538
        RenderTableSection (anonymous) at (0,0) size 1018x538
          RenderTableRow {tr} at (0,0) size 1018x538
            RenderTableCell {td} at (0,0) size 1018x538 [r=0 c=0 rs=1 cs=3]
              RenderTable {table} at (10,10) size 998x518
                RenderTableSection (anonymous) at (0,0) size 998x518
                  RenderTableRow {tr} at (0,2) size 998x96
                    RenderTableCell {td} at (2,2) size 994x96 [r=0 c=0 rs=1 cs=2]
                      RenderBlock {h1} at (8,29) size 978x38
                        RenderText {#text} at (355,0) size 268x36
                          text run at (355,0) width 268: "render-groups-01-b"
                  RenderTableRow {tr} at (0,99) size 998x35
                    RenderTableCell {td} at (2,99) size 496x35 [r=1 c=0 rs=1 cs=1]
                      RenderText {#text} at (210,8) size 76x17
                        text run at (210,8) width 76: "SVG Image"
                    RenderTableCell {td} at (500,99) size 496x35 [r=1 c=1 rs=1 cs=1]
                      RenderText {#text} at (210,8) size 76x17
                        text run at (210,8) width 76: "PNG Image"
                  RenderTableRow {tr} at (0,135) size 998x381
                    RenderTableCell {td} at (2,135) size 496x381 [r=2 c=0 rs=1 cs=1]
                      RenderEmbeddedObject {embed} at (8,8) size 480x360
                        layer at (0,0) size 480x360
                          RenderView at (0,0) size 480x360
                        layer at (0,0) size 480x360
                          RenderSVGRoot {svg} at (0,0) size 480x360
                            RenderSVGContainer {g} at (35,10) size 429x305
                              RenderSVGHiddenContainer {defs} at (0,0) size 0x0
                              RenderSVGContainer {g} at (35,10) size 429x305 [transform={m=((1.80,0.00)(0.00,1.80)) t=(0.00,0.00)}]
                                RenderSVGRect {rect} at (36,18) size 414x279 [fill={[type=SOLID] [color=#C0C0C0]}] [x=20.00] [y=10.00] [width=230.00] [height=155.00]
                                RenderSVGPath {line} at (58,18) size 28x297 [stroke={[type=SOLID] [color=#FFFFFF] [stroke width=15.00]}] [fill={[type=SOLID] [color=#000000]}] [x1=40.00] [y1=10.00] [x2=40.00] [y2=175.00]
                                RenderSVGPath {line} at (112,18) size 28x297 [stroke={[type=SOLID] [color=#FFFFFF] [stroke width=15.00]}] [fill={[type=SOLID] [color=#000000]}] [x1=70.00] [y1=10.00] [x2=70.00] [y2=175.00]
                                RenderSVGPath {line} at (166,18) size 28x297 [stroke={[type=SOLID] [color=#FFFFFF] [stroke width=15.00]}] [fill={[type=SOLID] [color=#000000]}] [x1=100.00] [y1=10.00] [x2=100.00] [y2=175.00]
                                RenderSVGPath {line} at (220,18) size 28x297 [stroke={[type=SOLID] [color=#FFFFFF] [stroke width=15.00]}] [fill={[type=SOLID] [color=#000000]}] [x1=130.00] [y1=10.00] [x2=130.00] [y2=175.00]
                                RenderSVGPath {line} at (274,18) size 28x297 [stroke={[type=SOLID] [color=#FFFFFF] [stroke width=15.00]}] [fill={[type=SOLID] [color=#000000]}] [x1=160.00] [y1=10.00] [x2=160.00] [y2=175.00]
                                RenderSVGPath {line} at (328,18) size 28x297 [stroke={[type=SOLID] [color=#FFFFFF] [stroke width=15.00]}] [fill={[type=SOLID] [color=#000000]}] [x1=190.00] [y1=10.00] [x2=190.00] [y2=175.00]
                                RenderSVGPath {line} at (382,18) size 28x297 [stroke={[type=SOLID] [color=#FFFFFF] [stroke width=15.00]}] [fill={[type=SOLID] [color=#000000]}] [x1=220.00] [y1=10.00] [x2=220.00] [y2=175.00]
                                RenderSVGPath {line} at (436,18) size 28x297 [stroke={[type=SOLID] [color=#FFFFFF] [stroke width=15.00]}] [fill={[type=SOLID] [color=#000000]}] [x1=250.00] [y1=10.00] [x2=250.00] [y2=175.00]
                                RenderSVGRect {rect} at (35,17) size 416x281 [stroke={[type=SOLID] [color=#000000]}] [x=20.00] [y=10.00] [width=230.00] [height=155.00]
                                RenderSVGContainer {g} at (54,10) size 382x269 [opacity=0.50]
                                  RenderSVGText {text} at (30,5) size 138x121 contains 1 chunk(s)
                                    RenderSVGInlineText {#text} at (0,0) size 138x121
                                      chunk 1 text run 1 at (30.00,90.00) startOffset 0 endOffset 3 width 137.16: "SVG"
                                  RenderSVGRect {rect} at (126,99) size 234x126 [fill={[type=SOLID] [color=#820032]}] [x=70.00] [y=55.00] [width=130.00] [height=70.00]
                                  RenderSVGImage {image} at (291,135) size 145x144
                            RenderSVGText {text} at (10,304) size 264x45 contains 1 chunk(s)
                              RenderSVGInlineText {#text} at (0,0) size 264x45
                                chunk 1 text run 1 at (10.00,340.00) startOffset 0 endOffset 16 width 263.34: "$Revision: 1.6 $"
                            RenderSVGRect {rect} at (0,0) size 480x360 [stroke={[type=SOLID] [color=#000000]}] [x=1.00] [y=1.00] [width=478.00] [height=358.00]
                      RenderText {#text} at (0,0) size 0x0
                    RenderTableCell {td} at (500,135) size 496x381 [r=2 c=1 rs=1 cs=1]
                      RenderImage {img} at (8,8) size 480x360
                      RenderText {#text} at (0,0) size 0x0
      RenderBlock {div} at (0,655) size 769x265
        RenderBlock {p} at (0,0) size 769x36
          RenderText {#text} at (0,0) size 730x35
            text run at (0,0) width 592: "Verifies implicit rendering order (paragraph 3.3) and grouping mechanism (paragraphs 3.4). "
            text run at (591,0) width 139: "It also validates basic"
            text run at (0,18) width 212: "Shape, Image and text rendering."
        RenderBlock {p} at (0,52) size 769x108
          RenderText {#text} at (0,0) size 769x107
            text run at (0,0) width 122: "This test renders 3 "
            text run at (121,0) width 231: "elements: a text string \"SVG\", then "
            text run at (351,0) width 389: "a shape, then an image. Because of their definition order and"
            text run at (0,18) width 149: "coordinates, the image "
            text run at (148,18) width 474: "should be on top of the rectangle and the rectangle on top of the text. The "
            text run at (621,18) width 112: "test validates that"
            text run at (0,36) width 365: "groups are conceptually rendered offscreen before being "
            text run at (364,36) width 376: "rendered on the canvas. This is done by grouping the same"
            text run at (0,54) width 157: "overlapping objects and "
            text run at (156,54) width 542: "rendering the group at half opacity. The background pattern (vertical stripes) should "
            text run at (697,54) width 35: "show"
            text run at (0,72) width 544: "throw all the group elements. However, none of the \"SVG\" should show through the "
            text run at (543,72) width 226: "rectangle and none of the rectangle"
            text run at (0,90) width 205: "should show through the image."
        RenderBlock {p} at (0,176) size 769x54
          RenderText {#text} at (0,0) size 765x53
            text run at (0,0) width 504: "Prerequisites: the test assumes proper handling of the fill stroke, stroke-width, "
            text run at (503,0) width 262: "opacity, font-size rendering properties. It"
            text run at (0,18) width 300: "uses the rect, line, text and image elements, as "
            text run at (299,18) width 461: "well as all the elements required for the test template. To ensure that the"
            text run at (0,36) width 84: "text string is "
            text run at (83,36) width 633: "overlapped by the other elements and to avoid a dependency on system fonts, an SVG font is used."
        RenderBlock {p} at (0,246) size 769x18
          RenderText {#text} at (0,0) size 401x17
            text run at (0,0) width 401: "The rendered image should match the reference image exactly."
      RenderBlock {div} at (0,935) size 769x19
        RenderBlock {p} at (0,0) size 769x18
          RenderInline {a} at (0,0) size 158x17 [color=#0000EE]
            RenderText {#text} at (0,0) size 158x17
              text run at (0,0) width 158: "pservers-pattern-01-b \x{2190}"
          RenderText {#text} at (157,0) size 5x17
            text run at (157,0) width 5: " "
          RenderInline {a} at (0,0) size 37x17 [color=#0000EE]
            RenderText {#text} at (161,0) size 37x17
              text run at (161,0) width 37: "index"
          RenderText {#text} at (197,0) size 5x17
            text run at (197,0) width 5: " "
          RenderInline {a} at (0,0) size 139x17 [color=#0000EE]
            RenderText {#text} at (201,0) size 139x17
              text run at (201,0) width 139: "\x{2192} script-handle-01-b"
          RenderText {#text} at (0,0) size 0x0
scrolled to 0,401
