layer at (0,0) size 800x600
  RenderView at (0,0) size 800x600
layer at (0,0) size 800x85
  RenderBlock {HTML} at (0,0) size 800x85
    RenderBody {BODY} at (8,16) size 784x61
      RenderBlock {P} at (0,0) size 784x20
        RenderText {#text} at (0,0) size 152x19
          text run at (0,0) width 152: "This test should not crash"
      RenderBlock (anonymous) at (0,36) size 784x25
        RenderText {#text} at (0,0) size 0x0
layer at (8,52) size 20x20
  RenderImage {IMG} at (0,0) size 20x20
