layer at (0,0) size 800x600
  RenderView at (0,0) size 800x600
layer at (0,0) size 800x600
  RenderBlock {HTML} at (0,0) size 800x600
    RenderBody {BODY} at (8,8) size 784x584
      RenderBlock {DIV} at (0,0) size 100x40 [color=#ADD8E6] [bgcolor=#90EE90]
        RenderText {#text} at (0,0) size 40x20
          text run at (0,0) width 40: "xx"
        RenderInline {SPAN} at (0,0) size 80x40 [border: none (40px solid #C0C0C0)]
          RenderText {#text} at (0,20) size 20x20
            text run at (0,20) width 20: "x"
        RenderText {#text} at (20,20) size 80x20
          text run at (20,20) width 80: " x x"
      RenderBlock {DIV} at (0,40) size 100x40 [color=#ADD8E6] [bgcolor=#90EE90]
        RenderInline {SPAN} at (0,0) size 60x20 [border: none (40px solid #C0C0C0)]
          RenderText {#text} at (40,0) size 20x20
            text run at (40,0) width 20: "x"
        RenderText {#text} at (0,0) size 100x40
          text run at (60,0) width 40: " x"
          text run at (0,20) width 20: "x"
