layer at (0,0) size 800x600
  RenderView at (0,0) size 800x600
layer at (0,0) size 800x600
  RenderBlock {HTML} at (0,0) size 800x600
    RenderBody {BODY} at (8,8) size 784x576
      RenderBlock {P} at (0,0) size 784x36
        RenderText {#text} at (0,0) size 104x17
          text run at (0,0) width 104: "This is a test for "
        RenderInline {I} at (0,0) size 757x35
          RenderText {#text} at (104,0) size 757x35
            text run at (104,0) width 653: "http://bugzilla.opendarwin.org/show_bug.cgi?id=6139 ATSUI code path should implement small caps,"
            text run at (0,18) width 403: "synthetic bold and oblique and correct metrics for fallback fonts"
        RenderText {#text} at (403,18) size 4x17
          text run at (403,18) width 4: "."
      RenderBlock {HR} at (0,52) size 784x2 [border: (1px inset #000000)]
      RenderBlock {P} at (0,70) size 784x18
        RenderText {#text} at (0,0) size 600x17
          text run at (0,0) width 600: "The two columns should be identical except for the accent over the e and the umlaut over the u."
      RenderTable {TABLE} at (0,104) size 239x131 [border: none]
        RenderTableSection {TBODY} at (0,0) size 238x130
          RenderTableRow {TR} at (0,0) size 238x26
            RenderTableCell {TD} at (0,0) size 119x26 [border: (1px solid #008000)] [r=0 c=0 rs=1 cs=1]
              RenderText {#text} at (2,2) size 59x22
                text run at (2,2) width 59: "Lore\x{300}m "
              RenderInline {SPAN} at (0,0) size 50x22
                RenderText {#text} at (61,2) size 50x22
                  text run at (61,2) width 50: "ipsu\x{308}m"
              RenderText {#text} at (0,0) size 0x0
            RenderTableCell {TD} at (119,0) size 119x26 [border: (1px solid #008000)] [r=0 c=1 rs=1 cs=1]
              RenderText {#text} at (2,2) size 59x22
                text run at (2,2) width 59: "Lorem "
              RenderInline {SPAN} at (0,0) size 50x22
                RenderText {#text} at (61,2) size 50x22
                  text run at (61,2) width 50: "ipsum"
              RenderText {#text} at (0,0) size 0x0
          RenderTableRow {TR} at (0,26) size 238x26
            RenderTableCell {TD} at (0,26) size 119x26 [border: (1px solid #008000)] [r=1 c=0 rs=1 cs=1]
              RenderText {#text} at (2,2) size 63x22
                text run at (2,2) width 63: "Lore\x{300}m "
              RenderInline {SPAN} at (0,0) size 53x22
                RenderText {#text} at (65,2) size 53x22
                  text run at (65,2) width 53: "ipsu\x{308}m"
              RenderText {#text} at (0,0) size 0x0
            RenderTableCell {TD} at (119,26) size 119x26 [border: (1px solid #008000)] [r=1 c=1 rs=1 cs=1]
              RenderText {#text} at (2,2) size 63x22
                text run at (2,2) width 63: "Lorem "
              RenderInline {SPAN} at (0,0) size 53x22
                RenderText {#text} at (65,2) size 53x22
                  text run at (65,2) width 53: "ipsum"
              RenderText {#text} at (0,0) size 0x0
          RenderTableRow {TR} at (0,52) size 238x26
            RenderTableCell {TD} at (0,52) size 119x26 [border: (1px solid #008000)] [r=2 c=0 rs=1 cs=1]
              RenderText {#text} at (2,2) size 57x22
                text run at (2,2) width 57: "Lore\x{300}m "
              RenderInline {SPAN} at (0,0) size 48x22
                RenderText {#text} at (59,2) size 48x22
                  text run at (59,2) width 48: "ipsu\x{308}m"
              RenderText {#text} at (0,0) size 0x0
            RenderTableCell {TD} at (119,52) size 119x26 [border: (1px solid #008000)] [r=2 c=1 rs=1 cs=1]
              RenderText {#text} at (2,2) size 57x22
                text run at (2,2) width 57: "Lorem "
              RenderInline {SPAN} at (0,0) size 48x22
                RenderText {#text} at (59,2) size 48x22
                  text run at (59,2) width 48: "ipsum"
              RenderText {#text} at (0,0) size 0x0
          RenderTableRow {TR} at (0,78) size 238x26
            RenderTableCell {TD} at (0,78) size 119x26 [border: (1px solid #008000)] [r=3 c=0 rs=1 cs=1]
              RenderText {#text} at (2,2) size 60x22
                text run at (2,2) width 60: "Lore\x{300}m "
              RenderInline {SPAN} at (0,0) size 51x22
                RenderText {#text} at (62,2) size 51x22
                  text run at (62,2) width 51: "ipsu\x{308}m"
              RenderText {#text} at (0,0) size 0x0
            RenderTableCell {TD} at (119,78) size 119x26 [border: (1px solid #008000)] [r=3 c=1 rs=1 cs=1]
              RenderText {#text} at (2,2) size 60x22
                text run at (2,2) width 60: "Lorem "
              RenderInline {SPAN} at (0,0) size 51x22
                RenderText {#text} at (62,2) size 51x22
                  text run at (62,2) width 51: "ipsum"
              RenderText {#text} at (0,0) size 0x0
          RenderTableRow {TR} at (0,104) size 238x26
            RenderTableCell {TD} at (0,104) size 119x26 [border: (1px solid #008000)] [r=4 c=0 rs=1 cs=1]
              RenderText {#text} at (2,2) size 100x22
                text run at (2,2) width 100: "Lore\x{300}m ipsu\x{308}m"
            RenderTableCell {TD} at (119,104) size 119x26 [border: (1px solid #008000)] [r=4 c=1 rs=1 cs=1]
              RenderText {#text} at (2,2) size 100x22
                text run at (2,2) width 100: "Lorem ipsum"
      RenderBlock {HR} at (0,243) size 784x2 [border: (1px inset #000000)]
      RenderBlock {P} at (0,261) size 784x18
        RenderText {#text} at (0,0) size 277x17
          text run at (0,0) width 277: "The following two lines should be identical."
      RenderBlock {P} at (0,295) size 784x21
        RenderInline {SPAN} at (0,0) size 310x22 [border: (1px solid #008000)]
          RenderText {#text} at (1,0) size 308x20
            text run at (1,0) width 308: "\x{E01}\x{E02}\x{E03}\x{E04}\x{E05}\x{E06}\x{E07}\x{E08}\x{E01}\x{E02}\x{E03}\x{E04}\x{E05}\x{E06}\x{E07}\x{E08}\x{E01}\x{E02}\x{E03}\x{E04}\x{E05}\x{E06}\x{E07}\x{E08}\x{E01}\x{E02}\x{E03}\x{E04}\x{E05}\x{E06}\x{E07}\x{E08}"
        RenderText {#text} at (0,0) size 0x0
      RenderBlock {P} at (0,332) size 784x21
        RenderInline {SPAN} at (0,0) size 310x22 [border: (1px solid #008000)]
          RenderText {#text} at (1,0) size 308x20
            text run at (1,0) width 308: "\x{E01}\x{E02}\x{E03}\x{E04}\x{E05}\x{E06}\x{E07}\x{E08}\x{E01}\x{E02}\x{E03}\x{E04}\x{E05}\x{E06}\x{E07}\x{E08}\x{E01}\x{E02}\x{E03}\x{E04}\x{E05}\x{E06}\x{E07}\x{E08}\x{E01}\x{E02}\x{E03}\x{E04}\x{E05}\x{E06}\x{E07}\x{E08}"
        RenderText {#text} at (0,0) size 0x0
