layer at (0,0) size 800x600
  RenderView at (0,0) size 800x600
layer at (0,0) size 800x600
  RenderBlock {HTML} at (0,0) size 800x600
    RenderBody {BODY} at (8,8) size 784x576
      RenderBlock {P} at (0,0) size 784x36
        RenderText {#text} at (0,0) size 172x17
          text run at (0,0) width 172: "This is a regression test for "
        RenderInline {I} at (0,0) size 769x35
          RenderInline {A} at (0,0) size 348x17 [color=#0000EE]
            RenderText {#text} at (172,0) size 348x17
              text run at (172,0) width 348: "http://bugzilla.opendarwin.org/show_bug.cgi?id=9432"
          RenderText {#text} at (520,0) size 769x35
            text run at (520,0) width 4: " "
            text run at (524,0) width 245: "REGRESSION: crash in capitalization"
            text run at (0,18) width 273: "code due to empty-string generated content"
        RenderText {#text} at (273,18) size 4x17
          text run at (273,18) width 4: "."
      RenderBlock {HR} at (0,52) size 784x2 [border: (1px inset #000000)]
      RenderBlock {P} at (0,70) size 784x18
        RenderInline {SPAN} at (0,0) size 85x17
          RenderText {#text} at (0,0) size 46x17
            text run at (0,0) width 46: "Lorem "
          RenderInline {SPAN} at (0,0) size 39x17
            RenderInline (generated) at (0,0) size 0x17
              RenderText at (0,0) size 0x0
            RenderText {#text} at (46,0) size 39x17
              text run at (46,0) width 39: "Ipsum"
        RenderText {#text} at (85,0) size 4x17
          text run at (85,0) width 4: " "
        RenderInline {I} at (0,0) size 61x17
          RenderText {#text} at (89,0) size 61x17
            text run at (89,0) width 61: "should be"
        RenderText {#text} at (150,0) size 89x17
          text run at (150,0) width 89: " Lorem Ipsum"
      RenderBlock {P} at (0,104) size 784x18
        RenderInline {SPAN} at (0,0) size 85x17
          RenderText {#text} at (0,0) size 23x17
            text run at (0,0) width 23: "Lor"
          RenderInline {SPAN} at (0,0) size 62x17
            RenderInline (generated) at (0,0) size 0x17
              RenderText at (0,0) size 0x0
            RenderText {#text} at (23,0) size 62x17
              text run at (23,0) width 62: "em Ipsum"
        RenderText {#text} at (85,0) size 4x17
          text run at (85,0) width 4: " "
        RenderInline {I} at (0,0) size 61x17
          RenderText {#text} at (89,0) size 61x17
            text run at (89,0) width 61: "should be"
        RenderText {#text} at (150,0) size 89x17
          text run at (150,0) width 89: " Lorem Ipsum"
