layer at (0,0) size 800x600
  RenderView at (0,0) size 800x600
layer at (0,0) size 800x600
  RenderBlock {HTML} at (0,0) size 800x600
    RenderBody {BODY} at (8,8) size 782x584
      RenderBlock {DIV} at (0,0) size 64x584
        RenderBlock {DIV} at (0,0) size 27x584
          RenderText {#text} at (0,0) size 26x72
            text run at (0,0) width 72: "\x{305D}\x{306E}\x{5973}"
          RenderInline {SPAN} at (0,0) size 26x24 [color=#0000FF]
            RenderCombineText {#text} at (0,72) size 26x24
              text run at (0,72) width 24: "\x{FFFC}"
          RenderText {#text} at (0,96) size 26x48
            text run at (0,96) width 48: "\x{304C}\x{306D}"
          RenderInline {SPAN} at (0,0) size 26x24 [color=#0000FF]
            RenderCombineText {#text} at (0,144) size 26x24
              text run at (0,144) width 24: "\x{FFFC}"
          RenderText {#text} at (0,168) size 26x120
            text run at (0,168) width 120: "\x{304B}\x{3057}\x{3064}\x{3051}\x{306B}"
          RenderInline {SPAN} at (0,0) size 26x24 [color=#0000FF]
            RenderCombineText {#text} at (0,288) size 26x24
              text run at (0,288) width 24: "\x{FFFC}"
          RenderText {#text} at (0,312) size 26x168
            text run at (0,312) width 168: "\x{6765}\x{3066}\x{304F}\x{308C}\x{308B}\x{307E}\x{3067}"
        RenderBlock {DIV} at (37,0) size 27x584
          RenderText {#text} at (0,0) size 26x72
            text run at (0,0) width 72: "\x{305D}\x{306E}\x{5973}"
          RenderInline {SPAN} at (0,0) size 26x24 [color=#0000FF]
            RenderCombineText {#text} at (0,72) size 26x24
              text run at (0,72) width 24: "\x{FFFC}"
          RenderText {#text} at (0,96) size 26x48
            text run at (0,96) width 48: "\x{304C}\x{306D}"
          RenderInline {SPAN} at (0,0) size 26x24 [color=#0000FF]
            RenderCombineText {#text} at (0,144) size 26x24
              text run at (0,144) width 24: "\x{FFFC}"
          RenderText {#text} at (0,168) size 26x120
            text run at (0,168) width 120: "\x{304B}\x{3057}\x{3064}\x{3051}\x{306B}"
          RenderInline {SPAN} at (0,0) size 26x24 [color=#0000FF]
            RenderCombineText {#text} at (0,288) size 26x24
              text run at (0,288) width 24: "\x{FFFC}"
          RenderText {#text} at (0,312) size 26x168
            text run at (0,312) width 168: "\x{6765}\x{3066}\x{304F}\x{308C}\x{308B}\x{307E}\x{3067}"
      RenderBlock {DIV} at (74,0) size 64x584
        RenderBlock {DIV} at (0,0) size 27x584
          RenderText {#text} at (0,0) size 26x72
            text run at (0,0) width 72: "\x{305D}\x{306E}\x{5973}"
          RenderInline {SPAN} at (0,0) size 26x24 [color=#0000FF]
            RenderCombineText {#text} at (0,72) size 26x24
              text run at (0,72) width 24: "\x{FFFC}"
          RenderText {#text} at (0,96) size 26x48
            text run at (0,96) width 48: "\x{304C}\x{306D}"
          RenderInline {SPAN} at (0,0) size 26x24 [color=#0000FF]
            RenderCombineText {#text} at (0,144) size 26x24
              text run at (0,144) width 24: "\x{FFFC}"
          RenderText {#text} at (0,168) size 26x120
            text run at (0,168) width 120: "\x{304B}\x{3057}\x{3064}\x{3051}\x{306B}"
          RenderInline {SPAN} at (0,0) size 26x24 [color=#0000FF]
            RenderCombineText {#text} at (0,288) size 26x24
              text run at (0,288) width 24: "\x{FFFC}"
          RenderText {#text} at (0,312) size 26x168
            text run at (0,312) width 168: "\x{6765}\x{3066}\x{304F}\x{308C}\x{308B}\x{307E}\x{3067}"
        RenderBlock {DIV} at (37,0) size 27x584
          RenderText {#text} at (0,0) size 26x72
            text run at (0,0) width 72: "\x{305D}\x{306E}\x{5973}"
          RenderInline {SPAN} at (0,0) size 26x24 [color=#0000FF]
            RenderCombineText {#text} at (0,72) size 26x24
              text run at (0,72) width 24: "\x{FFFC}"
          RenderText {#text} at (0,96) size 26x48
            text run at (0,96) width 48: "\x{304C}\x{306D}"
          RenderInline {SPAN} at (0,0) size 26x24 [color=#0000FF]
            RenderCombineText {#text} at (0,144) size 26x24
              text run at (0,144) width 24: "\x{FFFC}"
          RenderText {#text} at (0,168) size 26x120
            text run at (0,168) width 120: "\x{304B}\x{3057}\x{3064}\x{3051}\x{306B}"
          RenderInline {SPAN} at (0,0) size 26x24 [color=#0000FF]
            RenderCombineText {#text} at (0,288) size 26x24
              text run at (0,288) width 24: "\x{FFFC}"
          RenderText {#text} at (0,312) size 26x168
            text run at (0,312) width 168: "\x{6765}\x{3066}\x{304F}\x{308C}\x{308B}\x{307E}\x{3067}"
      RenderBlock {DIV} at (148,0) size 64x584
        RenderBlock {DIV} at (0,0) size 27x584
          RenderText {#text} at (0,0) size 26x72
            text run at (0,0) width 72: "\x{305D}\x{306E}\x{5973}"
          RenderInline {SPAN} at (0,0) size 26x24 [color=#0000FF]
            RenderCombineText {#text} at (0,72) size 26x24
              text run at (0,72) width 24: "\x{FFFC}"
          RenderText {#text} at (0,96) size 26x48
            text run at (0,96) width 48: "\x{304C}\x{306D}"
          RenderInline {SPAN} at (0,0) size 26x24 [color=#0000FF]
            RenderCombineText {#text} at (0,144) size 26x24
              text run at (0,144) width 24: "\x{FFFC}"
          RenderText {#text} at (0,168) size 26x120
            text run at (0,168) width 120: "\x{304B}\x{3057}\x{3064}\x{3051}\x{306B}"
          RenderInline {SPAN} at (0,0) size 26x24 [color=#0000FF]
            RenderCombineText {#text} at (0,288) size 26x24
              text run at (0,288) width 24: "\x{FFFC}"
          RenderText {#text} at (0,312) size 26x168
            text run at (0,312) width 168: "\x{6765}\x{3066}\x{304F}\x{308C}\x{308B}\x{307E}\x{3067}"
        RenderBlock {DIV} at (37,0) size 27x584
          RenderText {#text} at (0,0) size 26x72
            text run at (0,0) width 72: "\x{305D}\x{306E}\x{5973}"
          RenderInline {SPAN} at (0,0) size 26x24 [color=#0000FF]
            RenderCombineText {#text} at (0,72) size 26x24
              text run at (0,72) width 24: "\x{FFFC}"
          RenderText {#text} at (0,96) size 26x48
            text run at (0,96) width 48: "\x{304C}\x{306D}"
          RenderInline {SPAN} at (0,0) size 26x24 [color=#0000FF]
            RenderCombineText {#text} at (0,144) size 26x24
              text run at (0,144) width 24: "\x{FFFC}"
          RenderText {#text} at (0,168) size 26x120
            text run at (0,168) width 120: "\x{304B}\x{3057}\x{3064}\x{3051}\x{306B}"
          RenderInline {SPAN} at (0,0) size 26x24 [color=#0000FF]
            RenderCombineText {#text} at (0,288) size 26x24
              text run at (0,288) width 24: "\x{FFFC}"
          RenderText {#text} at (0,312) size 26x168
            text run at (0,312) width 168: "\x{6765}\x{3066}\x{304F}\x{308C}\x{308B}\x{307E}\x{3067}"
      RenderBlock {DIV} at (222,0) size 64x584
        RenderBlock {DIV} at (0,0) size 27x584
          RenderText {#text} at (0,0) size 26x72
            text run at (0,0) width 72: "\x{305D}\x{306E}\x{5973}"
          RenderInline {SPAN} at (0,0) size 26x24 [color=#0000FF]
            RenderCombineText {#text} at (0,72) size 26x24
              text run at (0,72) width 24: "\x{FFFC}"
          RenderText {#text} at (0,96) size 26x48
            text run at (0,96) width 48: "\x{304C}\x{306D}"
          RenderInline {SPAN} at (0,0) size 26x24 [color=#0000FF]
            RenderCombineText {#text} at (0,144) size 26x24
              text run at (0,144) width 24: "\x{FFFC}"
          RenderText {#text} at (0,168) size 26x120
            text run at (0,168) width 120: "\x{304B}\x{3057}\x{3064}\x{3051}\x{306B}"
          RenderInline {SPAN} at (0,0) size 26x24 [color=#0000FF]
            RenderCombineText {#text} at (0,288) size 26x24
              text run at (0,288) width 24: "\x{FFFC}"
          RenderText {#text} at (0,312) size 26x168
            text run at (0,312) width 168: "\x{6765}\x{3066}\x{304F}\x{308C}\x{308B}\x{307E}\x{3067}"
        RenderBlock {DIV} at (37,0) size 27x584
          RenderText {#text} at (0,0) size 26x72
            text run at (0,0) width 72: "\x{305D}\x{306E}\x{5973}"
          RenderInline {SPAN} at (0,0) size 26x24 [color=#0000FF]
            RenderCombineText {#text} at (0,72) size 26x24
              text run at (0,72) width 24: "\x{FFFC}"
          RenderText {#text} at (0,96) size 26x48
            text run at (0,96) width 48: "\x{304C}\x{306D}"
          RenderInline {SPAN} at (0,0) size 26x24 [color=#0000FF]
            RenderCombineText {#text} at (0,144) size 26x24
              text run at (0,144) width 24: "\x{FFFC}"
          RenderText {#text} at (0,168) size 26x120
            text run at (0,168) width 120: "\x{304B}\x{3057}\x{3064}\x{3051}\x{306B}"
          RenderInline {SPAN} at (0,0) size 26x24 [color=#0000FF]
            RenderCombineText {#text} at (0,288) size 26x24
              text run at (0,288) width 24: "\x{FFFC}"
          RenderText {#text} at (0,312) size 26x168
            text run at (0,312) width 168: "\x{6765}\x{3066}\x{304F}\x{308C}\x{308B}\x{307E}\x{3067}"
