layer at (0,0) size 800x600
  RenderView at (0,0) size 800x600
layer at (0,0) size 800x600
  RenderBlock {HTML} at (0,0) size 800x600
    RenderBody {BODY} at (8,8) size 784x584
      RenderBlock (anonymous) at (0,0) size 784x36
        RenderText {#text} at (0,0) size 769x35
          text run at (0,0) width 769: "This test validate rendering of emoji sequences and emoji with modifiers. Horse racing emoji no longer supports skin tone."
          text run at (0,18) width 150: "Added skin tone to spy."
      RenderBlock {DIV} at (0,36) size 784x19
        RenderText {#text} at (0,1) size 20x17
          text run at (0,1) width 20: "\x{D83D}\x{DE01}"
      RenderBlock {DIV} at (0,55) size 784x370
        RenderText {#text} at (0,1) size 559x71
          text run at (0,1) width 559: "\x{D83D}\x{DC66}\x{D83C}\x{DFFB}\x{D83D}\x{DC69}\x{D83C}\x{DFFC}\x{D83D}\x{DC66}\x{D83C}\x{DFFE}\x{2764}\x{FE0F}\x{D83D}\x{DC8B}\x{D83D}\x{DD75}\x{D83C}\x{DFFB}\x{D83C}\x{DFC7}\x{D83C}\x{DFFB}"
        RenderBR {BR} at (558,0) size 1x71
        RenderText {#text} at (0,75) size 528x71
          text run at (0,75) width 528: "\x{D83D}\x{DC68}\x{200D}\x{D83D}\x{DC69}\x{200D}\x{D83D}\x{DC66} \x{D83D}\x{DC68}\x{200D}\x{D83D}\x{DC69}\x{200D}\x{D83D}\x{DC67} \x{D83D}\x{DC6A} \x{D83D}\x{DC66}\x{D83C}\x{DFFB}\x{D83D}\x{DC69}\x{D83C}\x{DFFC}\x{D83D}\x{DC66}\x{D83C}\x{DFFE}"
        RenderBR {BR} at (527,74) size 1x71
        RenderText {#text} at (0,149) size 464x71
          text run at (0,149) width 464: "\x{D83D}\x{DC69}\x{200D}\x{D83D}\x{DC69}\x{200D}\x{D83D}\x{DC66} \x{D83D}\x{DC69}\x{200D}\x{D83D}\x{DC69}\x{200D}\x{D83D}\x{DC67} \x{D83D}\x{DC69}\x{200D}\x{D83D}\x{DC69}\x{200D}\x{D83D}\x{DC67}\x{200D}\x{D83D}\x{DC66} \x{D83D}\x{DC69}\x{200D}\x{D83D}\x{DC69}\x{200D}\x{D83D}\x{DC66}\x{200D}\x{D83D}\x{DC66} \x{D83D}\x{DC69}\x{200D}\x{D83D}\x{DC69}\x{200D}\x{D83D}\x{DC67}\x{200D}\x{D83D}\x{DC67}"
        RenderBR {BR} at (463,148) size 1x71
        RenderText {#text} at (0,223) size 464x71
          text run at (0,223) width 464: "\x{D83D}\x{DC68}\x{200D}\x{D83D}\x{DC68}\x{200D}\x{D83D}\x{DC66} \x{D83D}\x{DC68}\x{200D}\x{D83D}\x{DC68}\x{200D}\x{D83D}\x{DC67} \x{D83D}\x{DC68}\x{200D}\x{D83D}\x{DC68}\x{200D}\x{D83D}\x{DC67}\x{200D}\x{D83D}\x{DC66} \x{D83D}\x{DC68}\x{200D}\x{D83D}\x{DC68}\x{200D}\x{D83D}\x{DC66}\x{200D}\x{D83D}\x{DC66} \x{D83D}\x{DC68}\x{200D}\x{D83D}\x{DC68}\x{200D}\x{D83D}\x{DC67}\x{200D}\x{D83D}\x{DC67}"
        RenderBR {BR} at (463,222) size 1x71
        RenderText {#text} at (0,297) size 464x71
          text run at (0,297) width 464: "\x{D83D}\x{DC69}\x{200D}\x{2764}\x{FE0F}\x{200D}\x{D83D}\x{DC69} \x{D83D}\x{DC68}\x{200D}\x{2764}\x{FE0F}\x{200D}\x{D83D}\x{DC68} \x{D83D}\x{DC69}\x{200D}\x{2764}\x{FE0F}\x{200D}\x{D83D}\x{DC8B}\x{200D}\x{D83D}\x{DC69} \x{D83D}\x{DC68}\x{200D}\x{2764}\x{FE0F}\x{200D}\x{D83D}\x{DC8B}\x{200D}\x{D83D}\x{DC68} \x{D83D}\x{DC69}\x{200D}\x{2764}\x{FE0F}\x{200D}\x{D83D}\x{DC69}"
