layer at (0,0) size 785x6640
  RenderView at (0,0) size 785x600
layer at (0,0) size 785x6640
  RenderBlock {HTML} at (0,0) size 785x6640
    RenderBody {BODY} at (8,8) size 769x6624
      RenderBlock (anonymous) at (0,0) size 769x144
        RenderText {#text} at (0,0) size 761x71
          text run at (0,0) width 761: "This test is designed to test the interaction between font-family and font-weight. In particular, our implementation of font-"
          text run at (0,18) width 715: "family accepts PostScript names, which may name a font with a particular weight. However, there is another CSS"
          text run at (0,36) width 753: "property, font-weight, in which the author may also name a particular weight. Our font selection algorithm takes both of"
          text run at (0,54) width 299: "these signals into account when choosing fonts."
        RenderBR {BR} at (299,54) size 0x17
        RenderBR {BR} at (0,72) size 0x17
        RenderText {#text} at (0,90) size 753x53
          text run at (0,90) width 753: "There is currently no good way in JavaScript to find the actual font chosen for some text. Therefore, the best way to test"
          text run at (0,108) width 714: "this aspect of the font selection algorithm is to dump the render tree, therefore testing glyph advances (which are a"
          text run at (0,126) width 155: "property of font weight)."
      RenderBlock {DIV} at (0,144) size 769x18
        RenderText {#text} at (0,0) size 305x17
          text run at (0,0) width 305: "Font: Helvetica Neue Weight: 100 Style: normal"
      RenderBlock {DIV} at (0,162) size 769x18
        RenderText {#text} at (0,0) size 305x17
          text run at (0,0) width 305: "Font: Helvetica Neue Weight: 200 Style: normal"
      RenderBlock {DIV} at (0,180) size 769x18
        RenderText {#text} at (0,0) size 305x17
          text run at (0,0) width 305: "Font: Helvetica Neue Weight: 300 Style: normal"
      RenderBlock {DIV} at (0,198) size 769x18
        RenderText {#text} at (0,0) size 305x17
          text run at (0,0) width 305: "Font: Helvetica Neue Weight: 400 Style: normal"
      RenderBlock {DIV} at (0,216) size 769x18
        RenderText {#text} at (0,0) size 305x17
          text run at (0,0) width 305: "Font: Helvetica Neue Weight: 500 Style: normal"
      RenderBlock {DIV} at (0,234) size 769x18
        RenderText {#text} at (0,0) size 323x17
          text run at (0,0) width 323: "Font: Helvetica Neue Weight: 600 Style: normal"
      RenderBlock {DIV} at (0,252) size 769x18
        RenderText {#text} at (0,0) size 323x17
          text run at (0,0) width 323: "Font: Helvetica Neue Weight: 700 Style: normal"
      RenderBlock {DIV} at (0,270) size 769x18
        RenderText {#text} at (0,0) size 323x17
          text run at (0,0) width 323: "Font: Helvetica Neue Weight: 800 Style: normal"
      RenderBlock {DIV} at (0,288) size 769x18
        RenderText {#text} at (0,0) size 323x17
          text run at (0,0) width 323: "Font: Helvetica Neue Weight: 900 Style: normal"
      RenderBlock {DIV} at (0,306) size 769x18
        RenderText {#text} at (0,0) size 372x17
          text run at (0,0) width 372: "Font: HelveticaNeue-UltraLight Weight: 100 Style: normal"
      RenderBlock {DIV} at (0,324) size 769x18
        RenderText {#text} at (0,0) size 372x17
          text run at (0,0) width 372: "Font: HelveticaNeue-UltraLight Weight: 200 Style: normal"
      RenderBlock {DIV} at (0,342) size 769x18
        RenderText {#text} at (0,0) size 372x17
          text run at (0,0) width 372: "Font: HelveticaNeue-UltraLight Weight: 300 Style: normal"
      RenderBlock {DIV} at (0,360) size 769x18
        RenderText {#text} at (0,0) size 372x17
          text run at (0,0) width 372: "Font: HelveticaNeue-UltraLight Weight: 400 Style: normal"
      RenderBlock {DIV} at (0,378) size 769x18
        RenderText {#text} at (0,0) size 372x17
          text run at (0,0) width 372: "Font: HelveticaNeue-UltraLight Weight: 500 Style: normal"
      RenderBlock {DIV} at (0,396) size 769x18
        RenderText {#text} at (0,0) size 397x17
          text run at (0,0) width 397: "Font: HelveticaNeue-UltraLight Weight: 600 Style: normal"
      RenderBlock {DIV} at (0,414) size 769x18
        RenderText {#text} at (0,0) size 397x17
          text run at (0,0) width 397: "Font: HelveticaNeue-UltraLight Weight: 700 Style: normal"
      RenderBlock {DIV} at (0,432) size 769x18
        RenderText {#text} at (0,0) size 397x17
          text run at (0,0) width 397: "Font: HelveticaNeue-UltraLight Weight: 800 Style: normal"
      RenderBlock {DIV} at (0,450) size 769x18
        RenderText {#text} at (0,0) size 397x17
          text run at (0,0) width 397: "Font: HelveticaNeue-UltraLight Weight: 900 Style: normal"
      RenderBlock {DIV} at (0,468) size 769x18
        RenderText {#text} at (0,0) size 340x17
          text run at (0,0) width 340: "Font: HelveticaNeue-Light Weight: 100 Style: normal"
      RenderBlock {DIV} at (0,486) size 769x18
        RenderText {#text} at (0,0) size 340x17
          text run at (0,0) width 340: "Font: HelveticaNeue-Light Weight: 200 Style: normal"
      RenderBlock {DIV} at (0,504) size 769x18
        RenderText {#text} at (0,0) size 340x17
          text run at (0,0) width 340: "Font: HelveticaNeue-Light Weight: 300 Style: normal"
      RenderBlock {DIV} at (0,522) size 769x18
        RenderText {#text} at (0,0) size 340x17
          text run at (0,0) width 340: "Font: HelveticaNeue-Light Weight: 400 Style: normal"
      RenderBlock {DIV} at (0,540) size 769x18
        RenderText {#text} at (0,0) size 340x17
          text run at (0,0) width 340: "Font: HelveticaNeue-Light Weight: 500 Style: normal"
      RenderBlock {DIV} at (0,558) size 769x18
        RenderText {#text} at (0,0) size 361x17
          text run at (0,0) width 361: "Font: HelveticaNeue-Light Weight: 600 Style: normal"
      RenderBlock {DIV} at (0,576) size 769x18
        RenderText {#text} at (0,0) size 361x17
          text run at (0,0) width 361: "Font: HelveticaNeue-Light Weight: 700 Style: normal"
      RenderBlock {DIV} at (0,594) size 769x18
        RenderText {#text} at (0,0) size 361x17
          text run at (0,0) width 361: "Font: HelveticaNeue-Light Weight: 800 Style: normal"
      RenderBlock {DIV} at (0,612) size 769x18
        RenderText {#text} at (0,0) size 361x17
          text run at (0,0) width 361: "Font: HelveticaNeue-Light Weight: 900 Style: normal"
      RenderBlock {DIV} at (0,630) size 769x18
        RenderText {#text} at (0,0) size 301x17
          text run at (0,0) width 301: "Font: HelveticaNeue Weight: 100 Style: normal"
      RenderBlock {DIV} at (0,648) size 769x18
        RenderText {#text} at (0,0) size 301x17
          text run at (0,0) width 301: "Font: HelveticaNeue Weight: 200 Style: normal"
      RenderBlock {DIV} at (0,666) size 769x18
        RenderText {#text} at (0,0) size 301x17
          text run at (0,0) width 301: "Font: HelveticaNeue Weight: 300 Style: normal"
      RenderBlock {DIV} at (0,684) size 769x18
        RenderText {#text} at (0,0) size 301x17
          text run at (0,0) width 301: "Font: HelveticaNeue Weight: 400 Style: normal"
      RenderBlock {DIV} at (0,702) size 769x18
        RenderText {#text} at (0,0) size 301x17
          text run at (0,0) width 301: "Font: HelveticaNeue Weight: 500 Style: normal"
      RenderBlock {DIV} at (0,720) size 769x18
        RenderText {#text} at (0,0) size 319x17
          text run at (0,0) width 319: "Font: HelveticaNeue Weight: 600 Style: normal"
      RenderBlock {DIV} at (0,738) size 769x18
        RenderText {#text} at (0,0) size 319x17
          text run at (0,0) width 319: "Font: HelveticaNeue Weight: 700 Style: normal"
      RenderBlock {DIV} at (0,756) size 769x18
        RenderText {#text} at (0,0) size 319x17
          text run at (0,0) width 319: "Font: HelveticaNeue Weight: 800 Style: normal"
      RenderBlock {DIV} at (0,774) size 769x18
        RenderText {#text} at (0,0) size 319x17
          text run at (0,0) width 319: "Font: HelveticaNeue Weight: 900 Style: normal"
      RenderBlock {DIV} at (0,792) size 769x18
        RenderText {#text} at (0,0) size 359x17
          text run at (0,0) width 359: "Font: HelveticaNeue-Medium Weight: 100 Style: normal"
      RenderBlock {DIV} at (0,810) size 769x18
        RenderText {#text} at (0,0) size 359x17
          text run at (0,0) width 359: "Font: HelveticaNeue-Medium Weight: 200 Style: normal"
      RenderBlock {DIV} at (0,828) size 769x18
        RenderText {#text} at (0,0) size 359x17
          text run at (0,0) width 359: "Font: HelveticaNeue-Medium Weight: 300 Style: normal"
      RenderBlock {DIV} at (0,846) size 769x18
        RenderText {#text} at (0,0) size 359x17
          text run at (0,0) width 359: "Font: HelveticaNeue-Medium Weight: 400 Style: normal"
      RenderBlock {DIV} at (0,864) size 769x18
        RenderText {#text} at (0,0) size 359x17
          text run at (0,0) width 359: "Font: HelveticaNeue-Medium Weight: 500 Style: normal"
      RenderBlock {DIV} at (0,882) size 769x18
        RenderText {#text} at (0,0) size 381x17
          text run at (0,0) width 381: "Font: HelveticaNeue-Medium Weight: 600 Style: normal"
      RenderBlock {DIV} at (0,900) size 769x18
        RenderText {#text} at (0,0) size 381x17
          text run at (0,0) width 381: "Font: HelveticaNeue-Medium Weight: 700 Style: normal"
      RenderBlock {DIV} at (0,918) size 769x18
        RenderText {#text} at (0,0) size 381x17
          text run at (0,0) width 381: "Font: HelveticaNeue-Medium Weight: 800 Style: normal"
      RenderBlock {DIV} at (0,936) size 769x18
        RenderText {#text} at (0,0) size 381x17
          text run at (0,0) width 381: "Font: HelveticaNeue-Medium Weight: 900 Style: normal"
      RenderBlock {DIV} at (0,954) size 769x18
        RenderText {#text} at (0,0) size 337x17
          text run at (0,0) width 337: "Font: HelveticaNeue-Bold Weight: 100 Style: normal"
      RenderBlock {DIV} at (0,972) size 769x18
        RenderText {#text} at (0,0) size 337x17
          text run at (0,0) width 337: "Font: HelveticaNeue-Bold Weight: 200 Style: normal"
      RenderBlock {DIV} at (0,990) size 769x18
        RenderText {#text} at (0,0) size 337x17
          text run at (0,0) width 337: "Font: HelveticaNeue-Bold Weight: 300 Style: normal"
      RenderBlock {DIV} at (0,1008) size 769x18
        RenderText {#text} at (0,0) size 337x17
          text run at (0,0) width 337: "Font: HelveticaNeue-Bold Weight: 400 Style: normal"
      RenderBlock {DIV} at (0,1026) size 769x18
        RenderText {#text} at (0,0) size 337x17
          text run at (0,0) width 337: "Font: HelveticaNeue-Bold Weight: 500 Style: normal"
      RenderBlock {DIV} at (0,1044) size 769x18
        RenderText {#text} at (0,0) size 356x17
          text run at (0,0) width 356: "Font: HelveticaNeue-Bold Weight: 600 Style: normal"
      RenderBlock {DIV} at (0,1062) size 769x18
        RenderText {#text} at (0,0) size 356x17
          text run at (0,0) width 356: "Font: HelveticaNeue-Bold Weight: 700 Style: normal"
      RenderBlock {DIV} at (0,1080) size 769x18
        RenderText {#text} at (0,0) size 356x17
          text run at (0,0) width 356: "Font: HelveticaNeue-Bold Weight: 800 Style: normal"
      RenderBlock {DIV} at (0,1098) size 769x18
        RenderText {#text} at (0,0) size 356x17
          text run at (0,0) width 356: "Font: HelveticaNeue-Bold Weight: 900 Style: normal"
      RenderBlock {DIV} at (0,1116) size 769x18
        RenderText {#text} at (0,0) size 403x17
          text run at (0,0) width 403: "Font: HelveticaNeue-UltraLightItalic Weight: 100 Style: normal"
      RenderBlock {DIV} at (0,1134) size 769x18
        RenderText {#text} at (0,0) size 403x17
          text run at (0,0) width 403: "Font: HelveticaNeue-UltraLightItalic Weight: 200 Style: normal"
      RenderBlock {DIV} at (0,1152) size 769x18
        RenderText {#text} at (0,0) size 403x17
          text run at (0,0) width 403: "Font: HelveticaNeue-UltraLightItalic Weight: 300 Style: normal"
      RenderBlock {DIV} at (0,1170) size 769x18
        RenderText {#text} at (0,0) size 403x17
          text run at (0,0) width 403: "Font: HelveticaNeue-UltraLightItalic Weight: 400 Style: normal"
      RenderBlock {DIV} at (0,1188) size 769x18
        RenderText {#text} at (0,0) size 403x17
          text run at (0,0) width 403: "Font: HelveticaNeue-UltraLightItalic Weight: 500 Style: normal"
      RenderBlock {DIV} at (0,1206) size 769x18
        RenderText {#text} at (0,0) size 431x17
          text run at (0,0) width 431: "Font: HelveticaNeue-UltraLightItalic Weight: 600 Style: normal"
      RenderBlock {DIV} at (0,1224) size 769x18
        RenderText {#text} at (0,0) size 431x17
          text run at (0,0) width 431: "Font: HelveticaNeue-UltraLightItalic Weight: 700 Style: normal"
      RenderBlock {DIV} at (0,1242) size 769x18
        RenderText {#text} at (0,0) size 431x17
          text run at (0,0) width 431: "Font: HelveticaNeue-UltraLightItalic Weight: 800 Style: normal"
      RenderBlock {DIV} at (0,1260) size 769x18
        RenderText {#text} at (0,0) size 431x17
          text run at (0,0) width 431: "Font: HelveticaNeue-UltraLightItalic Weight: 900 Style: normal"
      RenderBlock {DIV} at (0,1278) size 769x18
        RenderText {#text} at (0,0) size 371x17
          text run at (0,0) width 371: "Font: HelveticaNeue-LightItalic Weight: 100 Style: normal"
      RenderBlock {DIV} at (0,1296) size 769x18
        RenderText {#text} at (0,0) size 371x17
          text run at (0,0) width 371: "Font: HelveticaNeue-LightItalic Weight: 200 Style: normal"
      RenderBlock {DIV} at (0,1314) size 769x18
        RenderText {#text} at (0,0) size 371x17
          text run at (0,0) width 371: "Font: HelveticaNeue-LightItalic Weight: 300 Style: normal"
      RenderBlock {DIV} at (0,1332) size 769x18
        RenderText {#text} at (0,0) size 371x17
          text run at (0,0) width 371: "Font: HelveticaNeue-LightItalic Weight: 400 Style: normal"
      RenderBlock {DIV} at (0,1350) size 769x18
        RenderText {#text} at (0,0) size 371x17
          text run at (0,0) width 371: "Font: HelveticaNeue-LightItalic Weight: 500 Style: normal"
      RenderBlock {DIV} at (0,1368) size 769x18
        RenderText {#text} at (0,0) size 395x17
          text run at (0,0) width 395: "Font: HelveticaNeue-LightItalic Weight: 600 Style: normal"
      RenderBlock {DIV} at (0,1386) size 769x18
        RenderText {#text} at (0,0) size 395x17
          text run at (0,0) width 395: "Font: HelveticaNeue-LightItalic Weight: 700 Style: normal"
      RenderBlock {DIV} at (0,1404) size 769x18
        RenderText {#text} at (0,0) size 395x17
          text run at (0,0) width 395: "Font: HelveticaNeue-LightItalic Weight: 800 Style: normal"
      RenderBlock {DIV} at (0,1422) size 769x18
        RenderText {#text} at (0,0) size 395x17
          text run at (0,0) width 395: "Font: HelveticaNeue-LightItalic Weight: 900 Style: normal"
      RenderBlock {DIV} at (0,1440) size 769x18
        RenderText {#text} at (0,0) size 337x17
          text run at (0,0) width 337: "Font: HelveticaNeue-Italic Weight: 100 Style: normal"
      RenderBlock {DIV} at (0,1458) size 769x18
        RenderText {#text} at (0,0) size 337x17
          text run at (0,0) width 337: "Font: HelveticaNeue-Italic Weight: 200 Style: normal"
      RenderBlock {DIV} at (0,1476) size 769x18
        RenderText {#text} at (0,0) size 337x17
          text run at (0,0) width 337: "Font: HelveticaNeue-Italic Weight: 300 Style: normal"
      RenderBlock {DIV} at (0,1494) size 769x18
        RenderText {#text} at (0,0) size 337x17
          text run at (0,0) width 337: "Font: HelveticaNeue-Italic Weight: 400 Style: normal"
      RenderBlock {DIV} at (0,1512) size 769x18
        RenderText {#text} at (0,0) size 337x17
          text run at (0,0) width 337: "Font: HelveticaNeue-Italic Weight: 500 Style: normal"
      RenderBlock {DIV} at (0,1530) size 769x18
        RenderText {#text} at (0,0) size 358x17
          text run at (0,0) width 358: "Font: HelveticaNeue-Italic Weight: 600 Style: normal"
      RenderBlock {DIV} at (0,1548) size 769x18
        RenderText {#text} at (0,0) size 358x17
          text run at (0,0) width 358: "Font: HelveticaNeue-Italic Weight: 700 Style: normal"
      RenderBlock {DIV} at (0,1566) size 769x18
        RenderText {#text} at (0,0) size 358x17
          text run at (0,0) width 358: "Font: HelveticaNeue-Italic Weight: 800 Style: normal"
      RenderBlock {DIV} at (0,1584) size 769x18
        RenderText {#text} at (0,0) size 358x17
          text run at (0,0) width 358: "Font: HelveticaNeue-Italic Weight: 900 Style: normal"
      RenderBlock {DIV} at (0,1602) size 769x18
        RenderText {#text} at (0,0) size 368x17
          text run at (0,0) width 368: "Font: HelveticaNeue-BoldItalic Weight: 100 Style: normal"
      RenderBlock {DIV} at (0,1620) size 769x18
        RenderText {#text} at (0,0) size 368x17
          text run at (0,0) width 368: "Font: HelveticaNeue-BoldItalic Weight: 200 Style: normal"
      RenderBlock {DIV} at (0,1638) size 769x18
        RenderText {#text} at (0,0) size 368x17
          text run at (0,0) width 368: "Font: HelveticaNeue-BoldItalic Weight: 300 Style: normal"
      RenderBlock {DIV} at (0,1656) size 769x18
        RenderText {#text} at (0,0) size 368x17
          text run at (0,0) width 368: "Font: HelveticaNeue-BoldItalic Weight: 400 Style: normal"
      RenderBlock {DIV} at (0,1674) size 769x18
        RenderText {#text} at (0,0) size 368x17
          text run at (0,0) width 368: "Font: HelveticaNeue-BoldItalic Weight: 500 Style: normal"
      RenderBlock {DIV} at (0,1692) size 769x18
        RenderText {#text} at (0,0) size 390x17
          text run at (0,0) width 390: "Font: HelveticaNeue-BoldItalic Weight: 600 Style: normal"
      RenderBlock {DIV} at (0,1710) size 769x18
        RenderText {#text} at (0,0) size 390x17
          text run at (0,0) width 390: "Font: HelveticaNeue-BoldItalic Weight: 700 Style: normal"
      RenderBlock {DIV} at (0,1728) size 769x18
        RenderText {#text} at (0,0) size 390x17
          text run at (0,0) width 390: "Font: HelveticaNeue-BoldItalic Weight: 800 Style: normal"
      RenderBlock {DIV} at (0,1746) size 769x18
        RenderText {#text} at (0,0) size 390x17
          text run at (0,0) width 390: "Font: HelveticaNeue-BoldItalic Weight: 900 Style: normal"
      RenderBlock {DIV} at (0,1764) size 769x18
        RenderText {#text} at (0,0) size 291x17
          text run at (0,0) width 291: "Font: Helvetica Neue Weight: 100 Style: italic"
      RenderBlock {DIV} at (0,1782) size 769x18
        RenderText {#text} at (0,0) size 291x17
          text run at (0,0) width 291: "Font: Helvetica Neue Weight: 200 Style: italic"
      RenderBlock {DIV} at (0,1800) size 769x18
        RenderText {#text} at (0,0) size 291x17
          text run at (0,0) width 291: "Font: Helvetica Neue Weight: 300 Style: italic"
      RenderBlock {DIV} at (0,1818) size 769x18
        RenderText {#text} at (0,0) size 291x17
          text run at (0,0) width 291: "Font: Helvetica Neue Weight: 400 Style: italic"
      RenderBlock {DIV} at (0,1836) size 769x18
        RenderText {#text} at (0,0) size 291x17
          text run at (0,0) width 291: "Font: Helvetica Neue Weight: 500 Style: italic"
      RenderBlock {DIV} at (0,1854) size 769x18
        RenderText {#text} at (0,0) size 298x17
          text run at (0,0) width 298: "Font: Helvetica Neue Weight: 600 Style: italic"
      RenderBlock {DIV} at (0,1872) size 769x18
        RenderText {#text} at (0,0) size 298x17
          text run at (0,0) width 298: "Font: Helvetica Neue Weight: 700 Style: italic"
      RenderBlock {DIV} at (0,1890) size 769x18
        RenderText {#text} at (0,0) size 298x17
          text run at (0,0) width 298: "Font: Helvetica Neue Weight: 800 Style: italic"
      RenderBlock {DIV} at (0,1908) size 769x18
        RenderText {#text} at (0,0) size 298x17
          text run at (0,0) width 298: "Font: Helvetica Neue Weight: 900 Style: italic"
      RenderBlock {DIV} at (0,1926) size 769x18
        RenderText {#text} at (0,0) size 359x17
          text run at (0,0) width 359: "Font: HelveticaNeue-UltraLight Weight: 100 Style: italic"
      RenderBlock {DIV} at (0,1944) size 769x18
        RenderText {#text} at (0,0) size 359x17
          text run at (0,0) width 359: "Font: HelveticaNeue-UltraLight Weight: 200 Style: italic"
      RenderBlock {DIV} at (0,1962) size 769x18
        RenderText {#text} at (0,0) size 359x17
          text run at (0,0) width 359: "Font: HelveticaNeue-UltraLight Weight: 300 Style: italic"
      RenderBlock {DIV} at (0,1980) size 769x18
        RenderText {#text} at (0,0) size 359x17
          text run at (0,0) width 359: "Font: HelveticaNeue-UltraLight Weight: 400 Style: italic"
      RenderBlock {DIV} at (0,1998) size 769x18
        RenderText {#text} at (0,0) size 359x17
          text run at (0,0) width 359: "Font: HelveticaNeue-UltraLight Weight: 500 Style: italic"
      RenderBlock {DIV} at (0,2016) size 769x18
        RenderText {#text} at (0,0) size 368x17
          text run at (0,0) width 368: "Font: HelveticaNeue-UltraLight Weight: 600 Style: italic"
      RenderBlock {DIV} at (0,2034) size 769x18
        RenderText {#text} at (0,0) size 368x17
          text run at (0,0) width 368: "Font: HelveticaNeue-UltraLight Weight: 700 Style: italic"
      RenderBlock {DIV} at (0,2052) size 769x18
        RenderText {#text} at (0,0) size 368x17
          text run at (0,0) width 368: "Font: HelveticaNeue-UltraLight Weight: 800 Style: italic"
      RenderBlock {DIV} at (0,2070) size 769x18
        RenderText {#text} at (0,0) size 368x17
          text run at (0,0) width 368: "Font: HelveticaNeue-UltraLight Weight: 900 Style: italic"
      RenderBlock {DIV} at (0,2088) size 769x18
        RenderText {#text} at (0,0) size 325x17
          text run at (0,0) width 325: "Font: HelveticaNeue-Light Weight: 100 Style: italic"
      RenderBlock {DIV} at (0,2106) size 769x18
        RenderText {#text} at (0,0) size 325x17
          text run at (0,0) width 325: "Font: HelveticaNeue-Light Weight: 200 Style: italic"
      RenderBlock {DIV} at (0,2124) size 769x18
        RenderText {#text} at (0,0) size 325x17
          text run at (0,0) width 325: "Font: HelveticaNeue-Light Weight: 300 Style: italic"
      RenderBlock {DIV} at (0,2142) size 769x18
        RenderText {#text} at (0,0) size 325x17
          text run at (0,0) width 325: "Font: HelveticaNeue-Light Weight: 400 Style: italic"
      RenderBlock {DIV} at (0,2160) size 769x18
        RenderText {#text} at (0,0) size 325x17
          text run at (0,0) width 325: "Font: HelveticaNeue-Light Weight: 500 Style: italic"
      RenderBlock {DIV} at (0,2178) size 769x18
        RenderText {#text} at (0,0) size 334x17
          text run at (0,0) width 334: "Font: HelveticaNeue-Light Weight: 600 Style: italic"
      RenderBlock {DIV} at (0,2196) size 769x18
        RenderText {#text} at (0,0) size 334x17
          text run at (0,0) width 334: "Font: HelveticaNeue-Light Weight: 700 Style: italic"
      RenderBlock {DIV} at (0,2214) size 769x18
        RenderText {#text} at (0,0) size 334x17
          text run at (0,0) width 334: "Font: HelveticaNeue-Light Weight: 800 Style: italic"
      RenderBlock {DIV} at (0,2232) size 769x18
        RenderText {#text} at (0,0) size 334x17
          text run at (0,0) width 334: "Font: HelveticaNeue-Light Weight: 900 Style: italic"
      RenderBlock {DIV} at (0,2250) size 769x18
        RenderText {#text} at (0,0) size 287x17
          text run at (0,0) width 287: "Font: HelveticaNeue Weight: 100 Style: italic"
      RenderBlock {DIV} at (0,2268) size 769x18
        RenderText {#text} at (0,0) size 287x17
          text run at (0,0) width 287: "Font: HelveticaNeue Weight: 200 Style: italic"
      RenderBlock {DIV} at (0,2286) size 769x18
        RenderText {#text} at (0,0) size 287x17
          text run at (0,0) width 287: "Font: HelveticaNeue Weight: 300 Style: italic"
      RenderBlock {DIV} at (0,2304) size 769x18
        RenderText {#text} at (0,0) size 287x17
          text run at (0,0) width 287: "Font: HelveticaNeue Weight: 400 Style: italic"
      RenderBlock {DIV} at (0,2322) size 769x18
        RenderText {#text} at (0,0) size 287x17
          text run at (0,0) width 287: "Font: HelveticaNeue Weight: 500 Style: italic"
      RenderBlock {DIV} at (0,2340) size 769x18
        RenderText {#text} at (0,0) size 294x17
          text run at (0,0) width 294: "Font: HelveticaNeue Weight: 600 Style: italic"
      RenderBlock {DIV} at (0,2358) size 769x18
        RenderText {#text} at (0,0) size 294x17
          text run at (0,0) width 294: "Font: HelveticaNeue Weight: 700 Style: italic"
      RenderBlock {DIV} at (0,2376) size 769x18
        RenderText {#text} at (0,0) size 294x17
          text run at (0,0) width 294: "Font: HelveticaNeue Weight: 800 Style: italic"
      RenderBlock {DIV} at (0,2394) size 769x18
        RenderText {#text} at (0,0) size 294x17
          text run at (0,0) width 294: "Font: HelveticaNeue Weight: 900 Style: italic"
      RenderBlock {DIV} at (0,2412) size 769x18
        RenderText {#text} at (0,0) size 344x17
          text run at (0,0) width 344: "Font: HelveticaNeue-Medium Weight: 100 Style: italic"
      RenderBlock {DIV} at (0,2430) size 769x18
        RenderText {#text} at (0,0) size 344x17
          text run at (0,0) width 344: "Font: HelveticaNeue-Medium Weight: 200 Style: italic"
      RenderBlock {DIV} at (0,2448) size 769x18
        RenderText {#text} at (0,0) size 344x17
          text run at (0,0) width 344: "Font: HelveticaNeue-Medium Weight: 300 Style: italic"
      RenderBlock {DIV} at (0,2466) size 769x18
        RenderText {#text} at (0,0) size 344x17
          text run at (0,0) width 344: "Font: HelveticaNeue-Medium Weight: 400 Style: italic"
      RenderBlock {DIV} at (0,2484) size 769x18
        RenderText {#text} at (0,0) size 344x17
          text run at (0,0) width 344: "Font: HelveticaNeue-Medium Weight: 500 Style: italic"
      RenderBlock {DIV} at (0,2502) size 769x18
        RenderText {#text} at (0,0) size 353x17
          text run at (0,0) width 353: "Font: HelveticaNeue-Medium Weight: 600 Style: italic"
      RenderBlock {DIV} at (0,2520) size 769x18
        RenderText {#text} at (0,0) size 353x17
          text run at (0,0) width 353: "Font: HelveticaNeue-Medium Weight: 700 Style: italic"
      RenderBlock {DIV} at (0,2538) size 769x18
        RenderText {#text} at (0,0) size 353x17
          text run at (0,0) width 353: "Font: HelveticaNeue-Medium Weight: 800 Style: italic"
      RenderBlock {DIV} at (0,2556) size 769x18
        RenderText {#text} at (0,0) size 353x17
          text run at (0,0) width 353: "Font: HelveticaNeue-Medium Weight: 900 Style: italic"
      RenderBlock {DIV} at (0,2574) size 769x18
        RenderText {#text} at (0,0) size 322x17
          text run at (0,0) width 322: "Font: HelveticaNeue-Bold Weight: 100 Style: italic"
      RenderBlock {DIV} at (0,2592) size 769x18
        RenderText {#text} at (0,0) size 322x17
          text run at (0,0) width 322: "Font: HelveticaNeue-Bold Weight: 200 Style: italic"
      RenderBlock {DIV} at (0,2610) size 769x18
        RenderText {#text} at (0,0) size 322x17
          text run at (0,0) width 322: "Font: HelveticaNeue-Bold Weight: 300 Style: italic"
      RenderBlock {DIV} at (0,2628) size 769x18
        RenderText {#text} at (0,0) size 322x17
          text run at (0,0) width 322: "Font: HelveticaNeue-Bold Weight: 400 Style: italic"
      RenderBlock {DIV} at (0,2646) size 769x18
        RenderText {#text} at (0,0) size 322x17
          text run at (0,0) width 322: "Font: HelveticaNeue-Bold Weight: 500 Style: italic"
      RenderBlock {DIV} at (0,2664) size 769x18
        RenderText {#text} at (0,0) size 330x17
          text run at (0,0) width 330: "Font: HelveticaNeue-Bold Weight: 600 Style: italic"
      RenderBlock {DIV} at (0,2682) size 769x18
        RenderText {#text} at (0,0) size 330x17
          text run at (0,0) width 330: "Font: HelveticaNeue-Bold Weight: 700 Style: italic"
      RenderBlock {DIV} at (0,2700) size 769x18
        RenderText {#text} at (0,0) size 330x17
          text run at (0,0) width 330: "Font: HelveticaNeue-Bold Weight: 800 Style: italic"
      RenderBlock {DIV} at (0,2718) size 769x18
        RenderText {#text} at (0,0) size 330x17
          text run at (0,0) width 330: "Font: HelveticaNeue-Bold Weight: 900 Style: italic"
      RenderBlock {DIV} at (0,2736) size 769x18
        RenderText {#text} at (0,0) size 391x17
          text run at (0,0) width 391: "Font: HelveticaNeue-UltraLightItalic Weight: 100 Style: italic"
      RenderBlock {DIV} at (0,2754) size 769x18
        RenderText {#text} at (0,0) size 391x17
          text run at (0,0) width 391: "Font: HelveticaNeue-UltraLightItalic Weight: 200 Style: italic"
      RenderBlock {DIV} at (0,2772) size 769x18
        RenderText {#text} at (0,0) size 391x17
          text run at (0,0) width 391: "Font: HelveticaNeue-UltraLightItalic Weight: 300 Style: italic"
      RenderBlock {DIV} at (0,2790) size 769x18
        RenderText {#text} at (0,0) size 391x17
          text run at (0,0) width 391: "Font: HelveticaNeue-UltraLightItalic Weight: 400 Style: italic"
      RenderBlock {DIV} at (0,2808) size 769x18
        RenderText {#text} at (0,0) size 391x17
          text run at (0,0) width 391: "Font: HelveticaNeue-UltraLightItalic Weight: 500 Style: italic"
      RenderBlock {DIV} at (0,2826) size 769x18
        RenderText {#text} at (0,0) size 401x17
          text run at (0,0) width 401: "Font: HelveticaNeue-UltraLightItalic Weight: 600 Style: italic"
      RenderBlock {DIV} at (0,2844) size 769x18
        RenderText {#text} at (0,0) size 401x17
          text run at (0,0) width 401: "Font: HelveticaNeue-UltraLightItalic Weight: 700 Style: italic"
      RenderBlock {DIV} at (0,2862) size 769x18
        RenderText {#text} at (0,0) size 401x17
          text run at (0,0) width 401: "Font: HelveticaNeue-UltraLightItalic Weight: 800 Style: italic"
      RenderBlock {DIV} at (0,2880) size 769x18
        RenderText {#text} at (0,0) size 401x17
          text run at (0,0) width 401: "Font: HelveticaNeue-UltraLightItalic Weight: 900 Style: italic"
      RenderBlock {DIV} at (0,2898) size 769x18
        RenderText {#text} at (0,0) size 357x17
          text run at (0,0) width 357: "Font: HelveticaNeue-LightItalic Weight: 100 Style: italic"
      RenderBlock {DIV} at (0,2916) size 769x18
        RenderText {#text} at (0,0) size 357x17
          text run at (0,0) width 357: "Font: HelveticaNeue-LightItalic Weight: 200 Style: italic"
      RenderBlock {DIV} at (0,2934) size 769x18
        RenderText {#text} at (0,0) size 357x17
          text run at (0,0) width 357: "Font: HelveticaNeue-LightItalic Weight: 300 Style: italic"
      RenderBlock {DIV} at (0,2952) size 769x18
        RenderText {#text} at (0,0) size 357x17
          text run at (0,0) width 357: "Font: HelveticaNeue-LightItalic Weight: 400 Style: italic"
      RenderBlock {DIV} at (0,2970) size 769x18
        RenderText {#text} at (0,0) size 357x17
          text run at (0,0) width 357: "Font: HelveticaNeue-LightItalic Weight: 500 Style: italic"
      RenderBlock {DIV} at (0,2988) size 769x18
        RenderText {#text} at (0,0) size 367x17
          text run at (0,0) width 367: "Font: HelveticaNeue-LightItalic Weight: 600 Style: italic"
      RenderBlock {DIV} at (0,3006) size 769x18
        RenderText {#text} at (0,0) size 367x17
          text run at (0,0) width 367: "Font: HelveticaNeue-LightItalic Weight: 700 Style: italic"
      RenderBlock {DIV} at (0,3024) size 769x18
        RenderText {#text} at (0,0) size 367x17
          text run at (0,0) width 367: "Font: HelveticaNeue-LightItalic Weight: 800 Style: italic"
      RenderBlock {DIV} at (0,3042) size 769x18
        RenderText {#text} at (0,0) size 367x17
          text run at (0,0) width 367: "Font: HelveticaNeue-LightItalic Weight: 900 Style: italic"
      RenderBlock {DIV} at (0,3060) size 769x18
        RenderText {#text} at (0,0) size 324x17
          text run at (0,0) width 324: "Font: HelveticaNeue-Italic Weight: 100 Style: italic"
      RenderBlock {DIV} at (0,3078) size 769x18
        RenderText {#text} at (0,0) size 324x17
          text run at (0,0) width 324: "Font: HelveticaNeue-Italic Weight: 200 Style: italic"
      RenderBlock {DIV} at (0,3096) size 769x18
        RenderText {#text} at (0,0) size 324x17
          text run at (0,0) width 324: "Font: HelveticaNeue-Italic Weight: 300 Style: italic"
      RenderBlock {DIV} at (0,3114) size 769x18
        RenderText {#text} at (0,0) size 324x17
          text run at (0,0) width 324: "Font: HelveticaNeue-Italic Weight: 400 Style: italic"
      RenderBlock {DIV} at (0,3132) size 769x18
        RenderText {#text} at (0,0) size 324x17
          text run at (0,0) width 324: "Font: HelveticaNeue-Italic Weight: 500 Style: italic"
      RenderBlock {DIV} at (0,3150) size 769x18
        RenderText {#text} at (0,0) size 332x17
          text run at (0,0) width 332: "Font: HelveticaNeue-Italic Weight: 600 Style: italic"
      RenderBlock {DIV} at (0,3168) size 769x18
        RenderText {#text} at (0,0) size 332x17
          text run at (0,0) width 332: "Font: HelveticaNeue-Italic Weight: 700 Style: italic"
      RenderBlock {DIV} at (0,3186) size 769x18
        RenderText {#text} at (0,0) size 332x17
          text run at (0,0) width 332: "Font: HelveticaNeue-Italic Weight: 800 Style: italic"
      RenderBlock {DIV} at (0,3204) size 769x18
        RenderText {#text} at (0,0) size 332x17
          text run at (0,0) width 332: "Font: HelveticaNeue-Italic Weight: 900 Style: italic"
      RenderBlock {DIV} at (0,3222) size 769x18
        RenderText {#text} at (0,0) size 354x17
          text run at (0,0) width 354: "Font: HelveticaNeue-BoldItalic Weight: 100 Style: italic"
      RenderBlock {DIV} at (0,3240) size 769x18
        RenderText {#text} at (0,0) size 354x17
          text run at (0,0) width 354: "Font: HelveticaNeue-BoldItalic Weight: 200 Style: italic"
      RenderBlock {DIV} at (0,3258) size 769x18
        RenderText {#text} at (0,0) size 354x17
          text run at (0,0) width 354: "Font: HelveticaNeue-BoldItalic Weight: 300 Style: italic"
      RenderBlock {DIV} at (0,3276) size 769x18
        RenderText {#text} at (0,0) size 354x17
          text run at (0,0) width 354: "Font: HelveticaNeue-BoldItalic Weight: 400 Style: italic"
      RenderBlock {DIV} at (0,3294) size 769x18
        RenderText {#text} at (0,0) size 354x17
          text run at (0,0) width 354: "Font: HelveticaNeue-BoldItalic Weight: 500 Style: italic"
      RenderBlock {DIV} at (0,3312) size 769x18
        RenderText {#text} at (0,0) size 363x17
          text run at (0,0) width 363: "Font: HelveticaNeue-BoldItalic Weight: 600 Style: italic"
      RenderBlock {DIV} at (0,3330) size 769x18
        RenderText {#text} at (0,0) size 363x17
          text run at (0,0) width 363: "Font: HelveticaNeue-BoldItalic Weight: 700 Style: italic"
      RenderBlock {DIV} at (0,3348) size 769x18
        RenderText {#text} at (0,0) size 363x17
          text run at (0,0) width 363: "Font: HelveticaNeue-BoldItalic Weight: 800 Style: italic"
      RenderBlock {DIV} at (0,3366) size 769x18
        RenderText {#text} at (0,0) size 363x17
          text run at (0,0) width 363: "Font: HelveticaNeue-BoldItalic Weight: 900 Style: italic"
      RenderBlock {DIV} at (0,3384) size 769x18
        RenderText {#text} at (0,0) size 251x17
          text run at (0,0) width 251: "Font: Avenir Weight: 100 Style: normal"
      RenderBlock {DIV} at (0,3402) size 769x18
        RenderText {#text} at (0,0) size 251x17
          text run at (0,0) width 251: "Font: Avenir Weight: 200 Style: normal"
      RenderBlock {DIV} at (0,3420) size 769x18
        RenderText {#text} at (0,0) size 251x17
          text run at (0,0) width 251: "Font: Avenir Weight: 300 Style: normal"
      RenderBlock {DIV} at (0,3438) size 769x18
        RenderText {#text} at (0,0) size 251x17
          text run at (0,0) width 251: "Font: Avenir Weight: 400 Style: normal"
      RenderBlock {DIV} at (0,3456) size 769x18
        RenderText {#text} at (0,0) size 251x17
          text run at (0,0) width 251: "Font: Avenir Weight: 500 Style: normal"
      RenderBlock {DIV} at (0,3474) size 769x18
        RenderText {#text} at (0,0) size 269x17
          text run at (0,0) width 269: "Font: Avenir Weight: 600 Style: normal"
      RenderBlock {DIV} at (0,3492) size 769x18
        RenderText {#text} at (0,0) size 269x17
          text run at (0,0) width 269: "Font: Avenir Weight: 700 Style: normal"
      RenderBlock {DIV} at (0,3510) size 769x18
        RenderText {#text} at (0,0) size 269x17
          text run at (0,0) width 269: "Font: Avenir Weight: 800 Style: normal"
      RenderBlock {DIV} at (0,3528) size 769x18
        RenderText {#text} at (0,0) size 269x17
          text run at (0,0) width 269: "Font: Avenir Weight: 900 Style: normal"
      RenderBlock {DIV} at (0,3546) size 769x18
        RenderText {#text} at (0,0) size 290x17
          text run at (0,0) width 290: "Font: Avenir-Light Weight: 100 Style: normal"
      RenderBlock {DIV} at (0,3564) size 769x18
        RenderText {#text} at (0,0) size 290x17
          text run at (0,0) width 290: "Font: Avenir-Light Weight: 200 Style: normal"
      RenderBlock {DIV} at (0,3582) size 769x18
        RenderText {#text} at (0,0) size 290x17
          text run at (0,0) width 290: "Font: Avenir-Light Weight: 300 Style: normal"
      RenderBlock {DIV} at (0,3600) size 769x18
        RenderText {#text} at (0,0) size 290x17
          text run at (0,0) width 290: "Font: Avenir-Light Weight: 400 Style: normal"
      RenderBlock {DIV} at (0,3618) size 769x18
        RenderText {#text} at (0,0) size 290x17
          text run at (0,0) width 290: "Font: Avenir-Light Weight: 500 Style: normal"
      RenderBlock {DIV} at (0,3636) size 769x18
        RenderText {#text} at (0,0) size 311x17
          text run at (0,0) width 311: "Font: Avenir-Light Weight: 600 Style: normal"
      RenderBlock {DIV} at (0,3654) size 769x18
        RenderText {#text} at (0,0) size 311x17
          text run at (0,0) width 311: "Font: Avenir-Light Weight: 700 Style: normal"
      RenderBlock {DIV} at (0,3672) size 769x18
        RenderText {#text} at (0,0) size 311x17
          text run at (0,0) width 311: "Font: Avenir-Light Weight: 800 Style: normal"
      RenderBlock {DIV} at (0,3690) size 769x18
        RenderText {#text} at (0,0) size 311x17
          text run at (0,0) width 311: "Font: Avenir-Light Weight: 900 Style: normal"
      RenderBlock {DIV} at (0,3708) size 769x18
        RenderText {#text} at (0,0) size 291x17
          text run at (0,0) width 291: "Font: Avenir-Book Weight: 100 Style: normal"
      RenderBlock {DIV} at (0,3726) size 769x18
        RenderText {#text} at (0,0) size 291x17
          text run at (0,0) width 291: "Font: Avenir-Book Weight: 200 Style: normal"
      RenderBlock {DIV} at (0,3744) size 769x18
        RenderText {#text} at (0,0) size 291x17
          text run at (0,0) width 291: "Font: Avenir-Book Weight: 300 Style: normal"
      RenderBlock {DIV} at (0,3762) size 769x18
        RenderText {#text} at (0,0) size 291x17
          text run at (0,0) width 291: "Font: Avenir-Book Weight: 400 Style: normal"
      RenderBlock {DIV} at (0,3780) size 769x18
        RenderText {#text} at (0,0) size 291x17
          text run at (0,0) width 291: "Font: Avenir-Book Weight: 500 Style: normal"
      RenderBlock {DIV} at (0,3798) size 769x18
        RenderText {#text} at (0,0) size 310x17
          text run at (0,0) width 310: "Font: Avenir-Book Weight: 600 Style: normal"
      RenderBlock {DIV} at (0,3816) size 769x18
        RenderText {#text} at (0,0) size 310x17
          text run at (0,0) width 310: "Font: Avenir-Book Weight: 700 Style: normal"
      RenderBlock {DIV} at (0,3834) size 769x18
        RenderText {#text} at (0,0) size 310x17
          text run at (0,0) width 310: "Font: Avenir-Book Weight: 800 Style: normal"
      RenderBlock {DIV} at (0,3852) size 769x18
        RenderText {#text} at (0,0) size 310x17
          text run at (0,0) width 310: "Font: Avenir-Book Weight: 900 Style: normal"
      RenderBlock {DIV} at (0,3870) size 769x18
        RenderText {#text} at (0,0) size 309x17
          text run at (0,0) width 309: "Font: Avenir-Medium Weight: 100 Style: normal"
      RenderBlock {DIV} at (0,3888) size 769x18
        RenderText {#text} at (0,0) size 309x17
          text run at (0,0) width 309: "Font: Avenir-Medium Weight: 200 Style: normal"
      RenderBlock {DIV} at (0,3906) size 769x18
        RenderText {#text} at (0,0) size 309x17
          text run at (0,0) width 309: "Font: Avenir-Medium Weight: 300 Style: normal"
      RenderBlock {DIV} at (0,3924) size 769x18
        RenderText {#text} at (0,0) size 309x17
          text run at (0,0) width 309: "Font: Avenir-Medium Weight: 400 Style: normal"
      RenderBlock {DIV} at (0,3942) size 769x18
        RenderText {#text} at (0,0) size 309x17
          text run at (0,0) width 309: "Font: Avenir-Medium Weight: 500 Style: normal"
      RenderBlock {DIV} at (0,3960) size 769x18
        RenderText {#text} at (0,0) size 331x17
          text run at (0,0) width 331: "Font: Avenir-Medium Weight: 600 Style: normal"
      RenderBlock {DIV} at (0,3978) size 769x18
        RenderText {#text} at (0,0) size 331x17
          text run at (0,0) width 331: "Font: Avenir-Medium Weight: 700 Style: normal"
      RenderBlock {DIV} at (0,3996) size 769x18
        RenderText {#text} at (0,0) size 331x17
          text run at (0,0) width 331: "Font: Avenir-Medium Weight: 800 Style: normal"
      RenderBlock {DIV} at (0,4014) size 769x18
        RenderText {#text} at (0,0) size 331x17
          text run at (0,0) width 331: "Font: Avenir-Medium Weight: 900 Style: normal"
      RenderBlock {DIV} at (0,4032) size 769x18
        RenderText {#text} at (0,0) size 293x17
          text run at (0,0) width 293: "Font: Avenir-Black Weight: 100 Style: normal"
      RenderBlock {DIV} at (0,4050) size 769x18
        RenderText {#text} at (0,0) size 293x17
          text run at (0,0) width 293: "Font: Avenir-Black Weight: 200 Style: normal"
      RenderBlock {DIV} at (0,4068) size 769x18
        RenderText {#text} at (0,0) size 293x17
          text run at (0,0) width 293: "Font: Avenir-Black Weight: 300 Style: normal"
      RenderBlock {DIV} at (0,4086) size 769x18
        RenderText {#text} at (0,0) size 293x17
          text run at (0,0) width 293: "Font: Avenir-Black Weight: 400 Style: normal"
      RenderBlock {DIV} at (0,4104) size 769x18
        RenderText {#text} at (0,0) size 293x17
          text run at (0,0) width 293: "Font: Avenir-Black Weight: 500 Style: normal"
      RenderBlock {DIV} at (0,4122) size 769x18
        RenderText {#text} at (0,0) size 313x17
          text run at (0,0) width 313: "Font: Avenir-Black Weight: 600 Style: normal"
      RenderBlock {DIV} at (0,4140) size 769x18
        RenderText {#text} at (0,0) size 313x17
          text run at (0,0) width 313: "Font: Avenir-Black Weight: 700 Style: normal"
      RenderBlock {DIV} at (0,4158) size 769x18
        RenderText {#text} at (0,0) size 313x17
          text run at (0,0) width 313: "Font: Avenir-Black Weight: 800 Style: normal"
      RenderBlock {DIV} at (0,4176) size 769x18
        RenderText {#text} at (0,0) size 313x17
          text run at (0,0) width 313: "Font: Avenir-Black Weight: 900 Style: normal"
      RenderBlock {DIV} at (0,4194) size 769x18
        RenderText {#text} at (0,0) size 298x17
          text run at (0,0) width 298: "Font: Avenir-Heavy Weight: 100 Style: normal"
      RenderBlock {DIV} at (0,4212) size 769x18
        RenderText {#text} at (0,0) size 298x17
          text run at (0,0) width 298: "Font: Avenir-Heavy Weight: 200 Style: normal"
      RenderBlock {DIV} at (0,4230) size 769x18
        RenderText {#text} at (0,0) size 298x17
          text run at (0,0) width 298: "Font: Avenir-Heavy Weight: 300 Style: normal"
      RenderBlock {DIV} at (0,4248) size 769x18
        RenderText {#text} at (0,0) size 298x17
          text run at (0,0) width 298: "Font: Avenir-Heavy Weight: 400 Style: normal"
      RenderBlock {DIV} at (0,4266) size 769x18
        RenderText {#text} at (0,0) size 298x17
          text run at (0,0) width 298: "Font: Avenir-Heavy Weight: 500 Style: normal"
      RenderBlock {DIV} at (0,4284) size 769x18
        RenderText {#text} at (0,0) size 317x17
          text run at (0,0) width 317: "Font: Avenir-Heavy Weight: 600 Style: normal"
      RenderBlock {DIV} at (0,4302) size 769x18
        RenderText {#text} at (0,0) size 317x17
          text run at (0,0) width 317: "Font: Avenir-Heavy Weight: 700 Style: normal"
      RenderBlock {DIV} at (0,4320) size 769x18
        RenderText {#text} at (0,0) size 317x17
          text run at (0,0) width 317: "Font: Avenir-Heavy Weight: 800 Style: normal"
      RenderBlock {DIV} at (0,4338) size 769x18
        RenderText {#text} at (0,0) size 317x17
          text run at (0,0) width 317: "Font: Avenir-Heavy Weight: 900 Style: normal"
      RenderBlock {DIV} at (0,4356) size 769x18
        RenderText {#text} at (0,0) size 341x17
          text run at (0,0) width 341: "Font: Avenir-LightOblique Weight: 100 Style: normal"
      RenderBlock {DIV} at (0,4374) size 769x18
        RenderText {#text} at (0,0) size 341x17
          text run at (0,0) width 341: "Font: Avenir-LightOblique Weight: 200 Style: normal"
      RenderBlock {DIV} at (0,4392) size 769x18
        RenderText {#text} at (0,0) size 341x17
          text run at (0,0) width 341: "Font: Avenir-LightOblique Weight: 300 Style: normal"
      RenderBlock {DIV} at (0,4410) size 769x18
        RenderText {#text} at (0,0) size 341x17
          text run at (0,0) width 341: "Font: Avenir-LightOblique Weight: 400 Style: normal"
      RenderBlock {DIV} at (0,4428) size 769x18
        RenderText {#text} at (0,0) size 341x17
          text run at (0,0) width 341: "Font: Avenir-LightOblique Weight: 500 Style: normal"
      RenderBlock {DIV} at (0,4446) size 769x18
        RenderText {#text} at (0,0) size 365x17
          text run at (0,0) width 365: "Font: Avenir-LightOblique Weight: 600 Style: normal"
      RenderBlock {DIV} at (0,4464) size 769x18
        RenderText {#text} at (0,0) size 365x17
          text run at (0,0) width 365: "Font: Avenir-LightOblique Weight: 700 Style: normal"
      RenderBlock {DIV} at (0,4482) size 769x18
        RenderText {#text} at (0,0) size 365x17
          text run at (0,0) width 365: "Font: Avenir-LightOblique Weight: 800 Style: normal"
      RenderBlock {DIV} at (0,4500) size 769x18
        RenderText {#text} at (0,0) size 365x17
          text run at (0,0) width 365: "Font: Avenir-LightOblique Weight: 900 Style: normal"
      RenderBlock {DIV} at (0,4518) size 769x18
        RenderText {#text} at (0,0) size 342x17
          text run at (0,0) width 342: "Font: Avenir-BookOblique Weight: 100 Style: normal"
      RenderBlock {DIV} at (0,4536) size 769x18
        RenderText {#text} at (0,0) size 342x17
          text run at (0,0) width 342: "Font: Avenir-BookOblique Weight: 200 Style: normal"
      RenderBlock {DIV} at (0,4554) size 769x18
        RenderText {#text} at (0,0) size 342x17
          text run at (0,0) width 342: "Font: Avenir-BookOblique Weight: 300 Style: normal"
      RenderBlock {DIV} at (0,4572) size 769x18
        RenderText {#text} at (0,0) size 342x17
          text run at (0,0) width 342: "Font: Avenir-BookOblique Weight: 400 Style: normal"
      RenderBlock {DIV} at (0,4590) size 769x18
        RenderText {#text} at (0,0) size 342x17
          text run at (0,0) width 342: "Font: Avenir-BookOblique Weight: 500 Style: normal"
      RenderBlock {DIV} at (0,4608) size 769x18
        RenderText {#text} at (0,0) size 364x17
          text run at (0,0) width 364: "Font: Avenir-BookOblique Weight: 600 Style: normal"
      RenderBlock {DIV} at (0,4626) size 769x18
        RenderText {#text} at (0,0) size 364x17
          text run at (0,0) width 364: "Font: Avenir-BookOblique Weight: 700 Style: normal"
      RenderBlock {DIV} at (0,4644) size 769x18
        RenderText {#text} at (0,0) size 364x17
          text run at (0,0) width 364: "Font: Avenir-BookOblique Weight: 800 Style: normal"
      RenderBlock {DIV} at (0,4662) size 769x18
        RenderText {#text} at (0,0) size 364x17
          text run at (0,0) width 364: "Font: Avenir-BookOblique Weight: 900 Style: normal"
      RenderBlock {DIV} at (0,4680) size 769x18
        RenderText {#text} at (0,0) size 360x17
          text run at (0,0) width 360: "Font: Avenir-MediumOblique Weight: 100 Style: normal"
      RenderBlock {DIV} at (0,4698) size 769x18
        RenderText {#text} at (0,0) size 360x17
          text run at (0,0) width 360: "Font: Avenir-MediumOblique Weight: 200 Style: normal"
      RenderBlock {DIV} at (0,4716) size 769x18
        RenderText {#text} at (0,0) size 360x17
          text run at (0,0) width 360: "Font: Avenir-MediumOblique Weight: 300 Style: normal"
      RenderBlock {DIV} at (0,4734) size 769x18
        RenderText {#text} at (0,0) size 360x17
          text run at (0,0) width 360: "Font: Avenir-MediumOblique Weight: 400 Style: normal"
      RenderBlock {DIV} at (0,4752) size 769x18
        RenderText {#text} at (0,0) size 360x17
          text run at (0,0) width 360: "Font: Avenir-MediumOblique Weight: 500 Style: normal"
      RenderBlock {DIV} at (0,4770) size 769x18
        RenderText {#text} at (0,0) size 385x17
          text run at (0,0) width 385: "Font: Avenir-MediumOblique Weight: 600 Style: normal"
      RenderBlock {DIV} at (0,4788) size 769x18
        RenderText {#text} at (0,0) size 385x17
          text run at (0,0) width 385: "Font: Avenir-MediumOblique Weight: 700 Style: normal"
      RenderBlock {DIV} at (0,4806) size 769x18
        RenderText {#text} at (0,0) size 385x17
          text run at (0,0) width 385: "Font: Avenir-MediumOblique Weight: 800 Style: normal"
      RenderBlock {DIV} at (0,4824) size 769x18
        RenderText {#text} at (0,0) size 385x17
          text run at (0,0) width 385: "Font: Avenir-MediumOblique Weight: 900 Style: normal"
      RenderBlock {DIV} at (0,4842) size 769x18
        RenderText {#text} at (0,0) size 344x17
          text run at (0,0) width 344: "Font: Avenir-BlackOblique Weight: 100 Style: normal"
      RenderBlock {DIV} at (0,4860) size 769x18
        RenderText {#text} at (0,0) size 344x17
          text run at (0,0) width 344: "Font: Avenir-BlackOblique Weight: 200 Style: normal"
      RenderBlock {DIV} at (0,4878) size 769x18
        RenderText {#text} at (0,0) size 344x17
          text run at (0,0) width 344: "Font: Avenir-BlackOblique Weight: 300 Style: normal"
      RenderBlock {DIV} at (0,4896) size 769x18
        RenderText {#text} at (0,0) size 344x17
          text run at (0,0) width 344: "Font: Avenir-BlackOblique Weight: 400 Style: normal"
      RenderBlock {DIV} at (0,4914) size 769x18
        RenderText {#text} at (0,0) size 344x17
          text run at (0,0) width 344: "Font: Avenir-BlackOblique Weight: 500 Style: normal"
      RenderBlock {DIV} at (0,4932) size 769x18
        RenderText {#text} at (0,0) size 367x17
          text run at (0,0) width 367: "Font: Avenir-BlackOblique Weight: 600 Style: normal"
      RenderBlock {DIV} at (0,4950) size 769x18
        RenderText {#text} at (0,0) size 367x17
          text run at (0,0) width 367: "Font: Avenir-BlackOblique Weight: 700 Style: normal"
      RenderBlock {DIV} at (0,4968) size 769x18
        RenderText {#text} at (0,0) size 367x17
          text run at (0,0) width 367: "Font: Avenir-BlackOblique Weight: 800 Style: normal"
      RenderBlock {DIV} at (0,4986) size 769x18
        RenderText {#text} at (0,0) size 367x17
          text run at (0,0) width 367: "Font: Avenir-BlackOblique Weight: 900 Style: normal"
      RenderBlock {DIV} at (0,5004) size 769x18
        RenderText {#text} at (0,0) size 236x17
          text run at (0,0) width 236: "Font: Avenir Weight: 100 Style: italic"
      RenderBlock {DIV} at (0,5022) size 769x18
        RenderText {#text} at (0,0) size 236x17
          text run at (0,0) width 236: "Font: Avenir Weight: 200 Style: italic"
      RenderBlock {DIV} at (0,5040) size 769x18
        RenderText {#text} at (0,0) size 236x17
          text run at (0,0) width 236: "Font: Avenir Weight: 300 Style: italic"
      RenderBlock {DIV} at (0,5058) size 769x18
        RenderText {#text} at (0,0) size 236x17
          text run at (0,0) width 236: "Font: Avenir Weight: 400 Style: italic"
      RenderBlock {DIV} at (0,5076) size 769x18
        RenderText {#text} at (0,0) size 236x17
          text run at (0,0) width 236: "Font: Avenir Weight: 500 Style: italic"
      RenderBlock {DIV} at (0,5094) size 769x18
        RenderText {#text} at (0,0) size 243x17
          text run at (0,0) width 243: "Font: Avenir Weight: 600 Style: italic"
      RenderBlock {DIV} at (0,5112) size 769x18
        RenderText {#text} at (0,0) size 243x17
          text run at (0,0) width 243: "Font: Avenir Weight: 700 Style: italic"
      RenderBlock {DIV} at (0,5130) size 769x18
        RenderText {#text} at (0,0) size 243x17
          text run at (0,0) width 243: "Font: Avenir Weight: 800 Style: italic"
      RenderBlock {DIV} at (0,5148) size 769x18
        RenderText {#text} at (0,0) size 243x17
          text run at (0,0) width 243: "Font: Avenir Weight: 900 Style: italic"
      RenderBlock {DIV} at (0,5166) size 769x18
        RenderText {#text} at (0,0) size 274x17
          text run at (0,0) width 274: "Font: Avenir-Light Weight: 100 Style: italic"
      RenderBlock {DIV} at (0,5184) size 769x18
        RenderText {#text} at (0,0) size 274x17
          text run at (0,0) width 274: "Font: Avenir-Light Weight: 200 Style: italic"
      RenderBlock {DIV} at (0,5202) size 769x18
        RenderText {#text} at (0,0) size 274x17
          text run at (0,0) width 274: "Font: Avenir-Light Weight: 300 Style: italic"
      RenderBlock {DIV} at (0,5220) size 769x18
        RenderText {#text} at (0,0) size 274x17
          text run at (0,0) width 274: "Font: Avenir-Light Weight: 400 Style: italic"
      RenderBlock {DIV} at (0,5238) size 769x18
        RenderText {#text} at (0,0) size 274x17
          text run at (0,0) width 274: "Font: Avenir-Light Weight: 500 Style: italic"
      RenderBlock {DIV} at (0,5256) size 769x18
        RenderText {#text} at (0,0) size 283x17
          text run at (0,0) width 283: "Font: Avenir-Light Weight: 600 Style: italic"
      RenderBlock {DIV} at (0,5274) size 769x18
        RenderText {#text} at (0,0) size 283x17
          text run at (0,0) width 283: "Font: Avenir-Light Weight: 700 Style: italic"
      RenderBlock {DIV} at (0,5292) size 769x18
        RenderText {#text} at (0,0) size 283x17
          text run at (0,0) width 283: "Font: Avenir-Light Weight: 800 Style: italic"
      RenderBlock {DIV} at (0,5310) size 769x18
        RenderText {#text} at (0,0) size 283x17
          text run at (0,0) width 283: "Font: Avenir-Light Weight: 900 Style: italic"
      RenderBlock {DIV} at (0,5328) size 769x18
        RenderText {#text} at (0,0) size 274x17
          text run at (0,0) width 274: "Font: Avenir-Book Weight: 100 Style: italic"
      RenderBlock {DIV} at (0,5346) size 769x18
        RenderText {#text} at (0,0) size 274x17
          text run at (0,0) width 274: "Font: Avenir-Book Weight: 200 Style: italic"
      RenderBlock {DIV} at (0,5364) size 769x18
        RenderText {#text} at (0,0) size 274x17
          text run at (0,0) width 274: "Font: Avenir-Book Weight: 300 Style: italic"
      RenderBlock {DIV} at (0,5382) size 769x18
        RenderText {#text} at (0,0) size 274x17
          text run at (0,0) width 274: "Font: Avenir-Book Weight: 400 Style: italic"
      RenderBlock {DIV} at (0,5400) size 769x18
        RenderText {#text} at (0,0) size 274x17
          text run at (0,0) width 274: "Font: Avenir-Book Weight: 500 Style: italic"
      RenderBlock {DIV} at (0,5418) size 769x18
        RenderText {#text} at (0,0) size 283x17
          text run at (0,0) width 283: "Font: Avenir-Book Weight: 600 Style: italic"
      RenderBlock {DIV} at (0,5436) size 769x18
        RenderText {#text} at (0,0) size 283x17
          text run at (0,0) width 283: "Font: Avenir-Book Weight: 700 Style: italic"
      RenderBlock {DIV} at (0,5454) size 769x18
        RenderText {#text} at (0,0) size 283x17
          text run at (0,0) width 283: "Font: Avenir-Book Weight: 800 Style: italic"
      RenderBlock {DIV} at (0,5472) size 769x18
        RenderText {#text} at (0,0) size 283x17
          text run at (0,0) width 283: "Font: Avenir-Book Weight: 900 Style: italic"
      RenderBlock {DIV} at (0,5490) size 769x18
        RenderText {#text} at (0,0) size 293x17
          text run at (0,0) width 293: "Font: Avenir-Medium Weight: 100 Style: italic"
      RenderBlock {DIV} at (0,5508) size 769x18
        RenderText {#text} at (0,0) size 293x17
          text run at (0,0) width 293: "Font: Avenir-Medium Weight: 200 Style: italic"
      RenderBlock {DIV} at (0,5526) size 769x18
        RenderText {#text} at (0,0) size 293x17
          text run at (0,0) width 293: "Font: Avenir-Medium Weight: 300 Style: italic"
      RenderBlock {DIV} at (0,5544) size 769x18
        RenderText {#text} at (0,0) size 293x17
          text run at (0,0) width 293: "Font: Avenir-Medium Weight: 400 Style: italic"
      RenderBlock {DIV} at (0,5562) size 769x18
        RenderText {#text} at (0,0) size 293x17
          text run at (0,0) width 293: "Font: Avenir-Medium Weight: 500 Style: italic"
      RenderBlock {DIV} at (0,5580) size 769x18
        RenderText {#text} at (0,0) size 302x17
          text run at (0,0) width 302: "Font: Avenir-Medium Weight: 600 Style: italic"
      RenderBlock {DIV} at (0,5598) size 769x18
        RenderText {#text} at (0,0) size 302x17
          text run at (0,0) width 302: "Font: Avenir-Medium Weight: 700 Style: italic"
      RenderBlock {DIV} at (0,5616) size 769x18
        RenderText {#text} at (0,0) size 302x17
          text run at (0,0) width 302: "Font: Avenir-Medium Weight: 800 Style: italic"
      RenderBlock {DIV} at (0,5634) size 769x18
        RenderText {#text} at (0,0) size 302x17
          text run at (0,0) width 302: "Font: Avenir-Medium Weight: 900 Style: italic"
      RenderBlock {DIV} at (0,5652) size 769x18
        RenderText {#text} at (0,0) size 277x17
          text run at (0,0) width 277: "Font: Avenir-Black Weight: 100 Style: italic"
      RenderBlock {DIV} at (0,5670) size 769x18
        RenderText {#text} at (0,0) size 277x17
          text run at (0,0) width 277: "Font: Avenir-Black Weight: 200 Style: italic"
      RenderBlock {DIV} at (0,5688) size 769x18
        RenderText {#text} at (0,0) size 277x17
          text run at (0,0) width 277: "Font: Avenir-Black Weight: 300 Style: italic"
      RenderBlock {DIV} at (0,5706) size 769x18
        RenderText {#text} at (0,0) size 277x17
          text run at (0,0) width 277: "Font: Avenir-Black Weight: 400 Style: italic"
      RenderBlock {DIV} at (0,5724) size 769x18
        RenderText {#text} at (0,0) size 277x17
          text run at (0,0) width 277: "Font: Avenir-Black Weight: 500 Style: italic"
      RenderBlock {DIV} at (0,5742) size 769x18
        RenderText {#text} at (0,0) size 286x17
          text run at (0,0) width 286: "Font: Avenir-Black Weight: 600 Style: italic"
      RenderBlock {DIV} at (0,5760) size 769x18
        RenderText {#text} at (0,0) size 286x17
          text run at (0,0) width 286: "Font: Avenir-Black Weight: 700 Style: italic"
      RenderBlock {DIV} at (0,5778) size 769x18
        RenderText {#text} at (0,0) size 286x17
          text run at (0,0) width 286: "Font: Avenir-Black Weight: 800 Style: italic"
      RenderBlock {DIV} at (0,5796) size 769x18
        RenderText {#text} at (0,0) size 286x17
          text run at (0,0) width 286: "Font: Avenir-Black Weight: 900 Style: italic"
      RenderBlock {DIV} at (0,5814) size 769x18
        RenderText {#text} at (0,0) size 282x17
          text run at (0,0) width 282: "Font: Avenir-Heavy Weight: 100 Style: italic"
      RenderBlock {DIV} at (0,5832) size 769x18
        RenderText {#text} at (0,0) size 282x17
          text run at (0,0) width 282: "Font: Avenir-Heavy Weight: 200 Style: italic"
      RenderBlock {DIV} at (0,5850) size 769x18
        RenderText {#text} at (0,0) size 282x17
          text run at (0,0) width 282: "Font: Avenir-Heavy Weight: 300 Style: italic"
      RenderBlock {DIV} at (0,5868) size 769x18
        RenderText {#text} at (0,0) size 282x17
          text run at (0,0) width 282: "Font: Avenir-Heavy Weight: 400 Style: italic"
      RenderBlock {DIV} at (0,5886) size 769x18
        RenderText {#text} at (0,0) size 282x17
          text run at (0,0) width 282: "Font: Avenir-Heavy Weight: 500 Style: italic"
      RenderBlock {DIV} at (0,5904) size 769x18
        RenderText {#text} at (0,0) size 289x17
          text run at (0,0) width 289: "Font: Avenir-Heavy Weight: 600 Style: italic"
      RenderBlock {DIV} at (0,5922) size 769x18
        RenderText {#text} at (0,0) size 289x17
          text run at (0,0) width 289: "Font: Avenir-Heavy Weight: 700 Style: italic"
      RenderBlock {DIV} at (0,5940) size 769x18
        RenderText {#text} at (0,0) size 289x17
          text run at (0,0) width 289: "Font: Avenir-Heavy Weight: 800 Style: italic"
      RenderBlock {DIV} at (0,5958) size 769x18
        RenderText {#text} at (0,0) size 289x17
          text run at (0,0) width 289: "Font: Avenir-Heavy Weight: 900 Style: italic"
      RenderBlock {DIV} at (0,5976) size 769x18
        RenderText {#text} at (0,0) size 325x17
          text run at (0,0) width 325: "Font: Avenir-LightOblique Weight: 100 Style: italic"
      RenderBlock {DIV} at (0,5994) size 769x18
        RenderText {#text} at (0,0) size 325x17
          text run at (0,0) width 325: "Font: Avenir-LightOblique Weight: 200 Style: italic"
      RenderBlock {DIV} at (0,6012) size 769x18
        RenderText {#text} at (0,0) size 325x17
          text run at (0,0) width 325: "Font: Avenir-LightOblique Weight: 300 Style: italic"
      RenderBlock {DIV} at (0,6030) size 769x18
        RenderText {#text} at (0,0) size 325x17
          text run at (0,0) width 325: "Font: Avenir-LightOblique Weight: 400 Style: italic"
      RenderBlock {DIV} at (0,6048) size 769x18
        RenderText {#text} at (0,0) size 325x17
          text run at (0,0) width 325: "Font: Avenir-LightOblique Weight: 500 Style: italic"
      RenderBlock {DIV} at (0,6066) size 769x18
        RenderText {#text} at (0,0) size 335x17
          text run at (0,0) width 335: "Font: Avenir-LightOblique Weight: 600 Style: italic"
      RenderBlock {DIV} at (0,6084) size 769x18
        RenderText {#text} at (0,0) size 335x17
          text run at (0,0) width 335: "Font: Avenir-LightOblique Weight: 700 Style: italic"
      RenderBlock {DIV} at (0,6102) size 769x18
        RenderText {#text} at (0,0) size 335x17
          text run at (0,0) width 335: "Font: Avenir-LightOblique Weight: 800 Style: italic"
      RenderBlock {DIV} at (0,6120) size 769x18
        RenderText {#text} at (0,0) size 335x17
          text run at (0,0) width 335: "Font: Avenir-LightOblique Weight: 900 Style: italic"
      RenderBlock {DIV} at (0,6138) size 769x18
        RenderText {#text} at (0,0) size 325x17
          text run at (0,0) width 325: "Font: Avenir-BookOblique Weight: 100 Style: italic"
      RenderBlock {DIV} at (0,6156) size 769x18
        RenderText {#text} at (0,0) size 325x17
          text run at (0,0) width 325: "Font: Avenir-BookOblique Weight: 200 Style: italic"
      RenderBlock {DIV} at (0,6174) size 769x18
        RenderText {#text} at (0,0) size 325x17
          text run at (0,0) width 325: "Font: Avenir-BookOblique Weight: 300 Style: italic"
      RenderBlock {DIV} at (0,6192) size 769x18
        RenderText {#text} at (0,0) size 325x17
          text run at (0,0) width 325: "Font: Avenir-BookOblique Weight: 400 Style: italic"
      RenderBlock {DIV} at (0,6210) size 769x18
        RenderText {#text} at (0,0) size 325x17
          text run at (0,0) width 325: "Font: Avenir-BookOblique Weight: 500 Style: italic"
      RenderBlock {DIV} at (0,6228) size 769x18
        RenderText {#text} at (0,0) size 335x17
          text run at (0,0) width 335: "Font: Avenir-BookOblique Weight: 600 Style: italic"
      RenderBlock {DIV} at (0,6246) size 769x18
        RenderText {#text} at (0,0) size 335x17
          text run at (0,0) width 335: "Font: Avenir-BookOblique Weight: 700 Style: italic"
      RenderBlock {DIV} at (0,6264) size 769x18
        RenderText {#text} at (0,0) size 335x17
          text run at (0,0) width 335: "Font: Avenir-BookOblique Weight: 800 Style: italic"
      RenderBlock {DIV} at (0,6282) size 769x18
        RenderText {#text} at (0,0) size 335x17
          text run at (0,0) width 335: "Font: Avenir-BookOblique Weight: 900 Style: italic"
      RenderBlock {DIV} at (0,6300) size 769x18
        RenderText {#text} at (0,0) size 344x17
          text run at (0,0) width 344: "Font: Avenir-MediumOblique Weight: 100 Style: italic"
      RenderBlock {DIV} at (0,6318) size 769x18
        RenderText {#text} at (0,0) size 344x17
          text run at (0,0) width 344: "Font: Avenir-MediumOblique Weight: 200 Style: italic"
      RenderBlock {DIV} at (0,6336) size 769x18
        RenderText {#text} at (0,0) size 344x17
          text run at (0,0) width 344: "Font: Avenir-MediumOblique Weight: 300 Style: italic"
      RenderBlock {DIV} at (0,6354) size 769x18
        RenderText {#text} at (0,0) size 344x17
          text run at (0,0) width 344: "Font: Avenir-MediumOblique Weight: 400 Style: italic"
      RenderBlock {DIV} at (0,6372) size 769x18
        RenderText {#text} at (0,0) size 344x17
          text run at (0,0) width 344: "Font: Avenir-MediumOblique Weight: 500 Style: italic"
      RenderBlock {DIV} at (0,6390) size 769x18
        RenderText {#text} at (0,0) size 354x17
          text run at (0,0) width 354: "Font: Avenir-MediumOblique Weight: 600 Style: italic"
      RenderBlock {DIV} at (0,6408) size 769x18
        RenderText {#text} at (0,0) size 354x17
          text run at (0,0) width 354: "Font: Avenir-MediumOblique Weight: 700 Style: italic"
      RenderBlock {DIV} at (0,6426) size 769x18
        RenderText {#text} at (0,0) size 354x17
          text run at (0,0) width 354: "Font: Avenir-MediumOblique Weight: 800 Style: italic"
      RenderBlock {DIV} at (0,6444) size 769x18
        RenderText {#text} at (0,0) size 354x17
          text run at (0,0) width 354: "Font: Avenir-MediumOblique Weight: 900 Style: italic"
      RenderBlock {DIV} at (0,6462) size 769x18
        RenderText {#text} at (0,0) size 328x17
          text run at (0,0) width 328: "Font: Avenir-BlackOblique Weight: 100 Style: italic"
      RenderBlock {DIV} at (0,6480) size 769x18
        RenderText {#text} at (0,0) size 328x17
          text run at (0,0) width 328: "Font: Avenir-BlackOblique Weight: 200 Style: italic"
      RenderBlock {DIV} at (0,6498) size 769x18
        RenderText {#text} at (0,0) size 328x17
          text run at (0,0) width 328: "Font: Avenir-BlackOblique Weight: 300 Style: italic"
      RenderBlock {DIV} at (0,6516) size 769x18
        RenderText {#text} at (0,0) size 328x17
          text run at (0,0) width 328: "Font: Avenir-BlackOblique Weight: 400 Style: italic"
      RenderBlock {DIV} at (0,6534) size 769x18
        RenderText {#text} at (0,0) size 328x17
          text run at (0,0) width 328: "Font: Avenir-BlackOblique Weight: 500 Style: italic"
      RenderBlock {DIV} at (0,6552) size 769x18
        RenderText {#text} at (0,0) size 338x17
          text run at (0,0) width 338: "Font: Avenir-BlackOblique Weight: 600 Style: italic"
      RenderBlock {DIV} at (0,6570) size 769x18
        RenderText {#text} at (0,0) size 338x17
          text run at (0,0) width 338: "Font: Avenir-BlackOblique Weight: 700 Style: italic"
      RenderBlock {DIV} at (0,6588) size 769x18
        RenderText {#text} at (0,0) size 338x17
          text run at (0,0) width 338: "Font: Avenir-BlackOblique Weight: 800 Style: italic"
      RenderBlock {DIV} at (0,6606) size 769x18
        RenderText {#text} at (0,0) size 338x17
          text run at (0,0) width 338: "Font: Avenir-BlackOblique Weight: 900 Style: italic"
