layer at (0,0) size 800x600
  RenderView at (0,0) size 800x600
layer at (0,0) size 800x208
  RenderBlock {HTML} at (0,0) size 800x208
    RenderBody {BODY} at (8,8) size 784x192
      RenderBlock (anonymous) at (0,0) size 784x18
        RenderText {#text} at (0,0) size 594x17
          text run at (0,0) width 594: "This test is designed to test WebKit's mappings for the generic font families for Hangul scripts."
      RenderBlock {DIV} at (0,18) size 784x58
        RenderText {#text} at (0,1) size 676x56
          text run at (0,1) width 676: "\x{AD6D}\x{D68C}\x{BC95} \x{AC1C}\x{C815}\x{C548}\x{C5D0} \x{B300}\x{D55C} \x{BC15}\x{ADFC}\x{D61C} \x{B300}\x{D1B5}\x{B839}\x{C758}"
      RenderBlock {DIV} at (0,76) size 784x58
        RenderText {#text} at (0,1) size 676x56
          text run at (0,1) width 676: "\x{AD6D}\x{D68C}\x{BC95} \x{AC1C}\x{C815}\x{C548}\x{C5D0} \x{B300}\x{D55C} \x{BC15}\x{ADFC}\x{D61C} \x{B300}\x{D1B5}\x{B839}\x{C758}"
      RenderBlock {DIV} at (0,134) size 784x58
        RenderText {#text} at (0,1) size 664x56
          text run at (0,1) width 664: "\x{AD6D}\x{D68C}\x{BC95} \x{AC1C}\x{C815}\x{C548}\x{C5D0} \x{B300}\x{D55C} \x{BC15}\x{ADFC}\x{D61C} \x{B300}\x{D1B5}\x{B839}\x{C758}"
