layer at (0,0) size 800x600
  RenderView at (0,0) size 800x600
layer at (0,0) size 800x600
  RenderBlock {HTML} at (0,0) size 800x600
    RenderBody {BODY} at (8,8) size 784x584
      RenderBlock (floating) {DIV} at (8,8) size 200x46 [bgcolor=#FFFFE0]
        RenderText {#text} at (0,0) size 198x45
          text run at (0,0) width 192: "Lorem ipsum dolor sit"
          text run at (192,0) width 6: " "
          text run at (0,23) width 45: "amet"
      RenderBlock (floating) {DIV} at (224,8) size 200x46 [bgcolor=#FFFFE0]
        RenderText {#text} at (4,0) size 197x45
          text run at (4,0) width 192: "Lorem ipsum dolor sit"
          text run at (196,0) width 5: " "
          text run at (77,23) width 46: "amet"
      RenderBlock (floating) {DIV} at (440,8) size 200x46 [bgcolor=#FFFFE0]
        RenderText {#text} at (8,0) size 192x45
          text run at (8,0) width 192: "Lorem ipsum dolor sit"
          text run at (200,0) width 0: " "
          text run at (155,23) width 45: "amet"
      RenderBlock (floating) {DIV} at (8,70) size 200x46 [bgcolor=#FFFFE0]
        RenderText {#text} at (0,0) size 200x45
          text run at (0,0) width 200: "Lorem ipsum dolor sit"
          text run at (200,0) width 0: " "
          text run at (0,23) width 45: "amet"
      RenderBlock (floating) {DIV} at (224,70) size 200x46 [bgcolor=#FFFFE0]
        RenderText {#text} at (0,0) size 192x45
          text run at (0,0) width 0 RTL: " "
          text run at (0,0) width 192: "Lorem ipsum dolor sit"
          text run at (0,23) width 45: "amet"
      RenderBlock (floating) {DIV} at (440,70) size 200x46 [bgcolor=#FFFFE0]
        RenderText {#text} at (0,0) size 197x45
          text run at (0,0) width 4 RTL: " "
          text run at (4,0) width 192: "Lorem ipsum dolor sit"
          text run at (77,23) width 46: "amet"
      RenderBlock (floating) {DIV} at (8,132) size 200x46 [bgcolor=#FFFFE0]
        RenderText {#text} at (2,0) size 198x45
          text run at (2,0) width 6 RTL: " "
          text run at (8,0) width 192: "Lorem ipsum dolor sit"
          text run at (155,23) width 45: "amet"
      RenderBlock (floating) {DIV} at (224,132) size 200x46 [bgcolor=#FFFFE0]
        RenderText {#text} at (0,0) size 200x45
          text run at (0,0) width 0 RTL: " "
          text run at (0,0) width 200: "Lorem ipsum dolor sit"
          text run at (155,23) width 45: "amet"
      RenderBlock (floating) {DIV} at (440,132) size 200x46 [bgcolor=#FFFFE0]
        RenderText {#text} at (0,0) size 174x45
          text run at (0,0) width 122: "Lorem ipsum "
          text run at (122,0) width 46 RTL: "\x{5D0}\x{5E0}\x{5D8}\x{5E3}"
          text run at (168,0) width 6: " "
          text run at (0,23) width 39 RTL: "\x{5E9}\x{5DC}\x{5D2}\x{5D9}"
          text run at (39,23) width 51: " amet"
      RenderBlock (floating) {DIV} at (8,194) size 200x46 [bgcolor=#FFFFE0]
        RenderText {#text} at (16,0) size 174x45
          text run at (16,0) width 122: "Lorem ipsum "
          text run at (138,0) width 46 RTL: "\x{5D0}\x{5E0}\x{5D8}\x{5E3}"
          text run at (184,0) width 6: " "
          text run at (55,23) width 39 RTL: "\x{5E9}\x{5DC}\x{5D2}\x{5D9}"
          text run at (94,23) width 51: " amet"
      RenderBlock (floating) {DIV} at (224,194) size 200x46 [bgcolor=#FFFFE0]
        RenderText {#text} at (32,0) size 168x45
          text run at (32,0) width 122: "Lorem ipsum "
          text run at (154,0) width 46 RTL: "\x{5D0}\x{5E0}\x{5D8}\x{5E3}"
          text run at (200,0) width 0: " "
          text run at (110,23) width 39 RTL: "\x{5E9}\x{5DC}\x{5D2}\x{5D9}"
          text run at (149,23) width 51: " amet"
      RenderBlock (floating) {DIV} at (440,194) size 200x46 [bgcolor=#FFFFE0]
        RenderText {#text} at (0,0) size 200x45
          text run at (0,0) width 154: "Lorem ipsum "
          text run at (154,0) width 46 RTL: "\x{5D0}\x{5E0}\x{5D8}\x{5E3}"
          text run at (200,0) width 0: " "
          text run at (0,23) width 39 RTL: "\x{5E9}\x{5DC}\x{5D2}\x{5D9}"
          text run at (39,23) width 51: " amet"
      RenderBlock (floating) {DIV} at (8,256) size 200x46 [bgcolor=#FFFFE0]
        RenderText {#text} at (0,0) size 168x45
          text run at (0,0) width 0 RTL: " "
          text run at (0,0) width 52 RTL: " \x{5D0}\x{5E0}\x{5D8}\x{5E3}"
          text run at (52,0) width 116: "Lorem ipsum"
          text run at (0,23) width 45: "amet"
          text run at (45,23) width 45 RTL: "\x{5E9}\x{5DC}\x{5D2}\x{5D9} "
      RenderBlock (floating) {DIV} at (224,256) size 200x46 [bgcolor=#FFFFE0]
        RenderText {#text} at (10,0) size 174x45
          text run at (10,0) width 6 RTL: " "
          text run at (16,0) width 52 RTL: " \x{5D0}\x{5E0}\x{5D8}\x{5E3}"
          text run at (68,0) width 116: "Lorem ipsum"
          text run at (55,23) width 45: "amet"
          text run at (100,23) width 45 RTL: "\x{5E9}\x{5DC}\x{5D2}\x{5D9} "
      RenderBlock (floating) {DIV} at (440,256) size 200x46 [bgcolor=#FFFFE0]
        RenderText {#text} at (26,0) size 174x45
          text run at (26,0) width 6 RTL: " "
          text run at (32,0) width 52 RTL: " \x{5D0}\x{5E0}\x{5D8}\x{5E3}"
          text run at (84,0) width 116: "Lorem ipsum"
          text run at (110,23) width 45: "amet"
          text run at (155,23) width 45 RTL: "\x{5E9}\x{5DC}\x{5D2}\x{5D9} "
      RenderBlock (floating) {DIV} at (8,318) size 200x46 [bgcolor=#FFFFE0]
        RenderText {#text} at (0,0) size 200x45
          text run at (0,0) width 0 RTL: " "
          text run at (0,0) width 68 RTL: " \x{5D0}\x{5E0}\x{5D8}\x{5E3}"
          text run at (68,0) width 132: "Lorem ipsum"
          text run at (110,23) width 45: "amet"
          text run at (155,23) width 45 RTL: "\x{5E9}\x{5DC}\x{5D2}\x{5D9} "
