layer at (0,0) size 800x600
  RenderView at (0,0) size 800x600
layer at (0,0) size 800x600
  RenderBlock {HTML} at (0,0) size 800x600
    RenderBody {BODY} at (8,8) size 784x579
      RenderBlock {PRE} at (0,0) size 784x45
        RenderText {#text} at (0,0) size 184x15
          text run at (0,0) width 184: "[ONE] This is the first"
        RenderWordBreak {WBR} at (0,0) size 0x0
        RenderText {#text} at (184,0) size 568x45
          text run at (184,0) width 48: " line."
          text run at (232,0) width 0: " "
          text run at (0,15) width 568: "[TWO] If this on the same line as the first line, this test has failed."
          text run at (568,15) width 0: " "
          text run at (0,30) width 32: "    "
