layer at (0,0) size 800x600
  RenderView at (0,0) size 800x600
layer at (0,0) size 800x600
  RenderBlock {HTML} at (0,0) size 800x600
    RenderBody {BODY} at (8,8) size 784x584
      RenderTextControl {INPUT} at (0,0) size 165x43 [bgcolor=#FFFFFF] [border: (2px inset #808080)]
        RenderFlexibleBox {DIV} at (12,12) size 141x19
          RenderBlock {DIV} at (0,0) size 22x19
          RenderBlock {DIV} at (22,3) size 100x13
          RenderBlock {DIV} at (121,0) size 20x19
      RenderText {#text} at (0,0) size 0x0
layer at (42,23) size 100x13
  RenderBlock {DIV} at (0,0) size 100x13
    RenderText {#text} at (0,0) size 21x13
      text run at (0,0) width 21: "test"
