layer at (0,0) size 800x600
  RenderView at (0,0) size 800x600
layer at (0,0) size 800x264
  RenderBlock {HTML} at (0,0) size 800x264
    RenderBody {BODY} at (8,8) size 784x248
      RenderBlock (anonymous) at (0,0) size 784x36
        RenderText {#text} at (0,0) size 778x35
          text run at (0,0) width 410: "Test for empty buttons, which inherit from RenderFlexibleBox. "
          text run at (409,0) width 369: "Empty <input> buttons should not collapse, which makes"
          text run at (0,18) width 498: "them different from most flex boxes. Empty <button>s should collapse. Note "
        RenderInline {A} at (0,0) size 76x17 [color=#0000EE]
          RenderText {#text} at (497,18) size 76x17
            text run at (497,18) width 76: "bug 110654"
        RenderText {#text} at (572,18) size 5x17
          text run at (572,18) width 5: "."
      RenderBlock (anonymous) at (0,54) size 784x64
        RenderText {#text} at (0,0) size 81x17
          text run at (0,0) width 81: "Simple case."
        RenderBR {BR} at (80,0) size 1x17
        RenderButton {BUTTON} at (0,28) size 16x9 [color=#000000CC] [bgcolor=#C0C0C0] [border: (2px outset #C0C0C0)]
        RenderBR {BR} at (16,18) size 0x17
        RenderButton {INPUT} at (0,37) size 16x27 [color=#000000CC] [bgcolor=#C0C0C0] [border: (2px outset #C0C0C0)]
        RenderBR {BR} at (16,45) size 0x17
      RenderBlock (anonymous) at (0,136) size 784x112
        RenderText {#text} at (0,0) size 745x35
          text run at (0,0) width 745: "Empty <button> and <input type=button> with overflow: scroll;. The presence of the scrollbar should not shrink the"
          text run at (0,18) width 45: "button."
        RenderBR {BR} at (44,18) size 1x17
        RenderBR {BR} at (31,36) size 0x17
        RenderBR {BR} at (31,78) size 0x17
layer at (8,52) size 784x2 clip at (0,0) size 0x0
  RenderBlock {HR} at (0,44) size 784x2 [border: (1px inset #000000)]
layer at (8,134) size 784x2 clip at (0,0) size 0x0
  RenderBlock {HR} at (0,126) size 784x2 [border: (1px inset #000000)]
layer at (8,190) size 31x24 clip at (10,192) size 12x5
  RenderButton {BUTTON} at (0,46) size 31x24 [color=#000000CC] [bgcolor=#C0C0C0] [border: (2px outset #C0C0C0)]
layer at (8,214) size 31x42 clip at (10,216) size 12x23
  RenderButton {INPUT} at (0,70) size 31x42 [color=#000000CC] [bgcolor=#C0C0C0] [border: (2px outset #C0C0C0)]
