layer at (0,0) size 800x600
  RenderView at (0,0) size 800x600
layer at (0,0) size 800x494
  RenderBlock {HTML} at (0,0) size 800x494
layer at (0,0) size 800x494
  RenderBody {BODY} at (0,0) size 800x494
    RenderBlock {DIV} at (0,0) size 800x55
      RenderText {#text} at (0,20) size 73x17
        text run at (0,20) width 73: "before text "
      RenderFlexibleBox {DIV} at (72,5) size 131x50 [bgcolor=#D3D3D3]
        RenderBlock {DIV} at (0,32) size 40x18
          RenderText {#text} at (0,0) size 40x17
            text run at (0,0) width 40: "below"
        RenderBlock {DIV} at (39,15) size 53x18
          RenderText {#text} at (0,0) size 53x17
            text run at (0,0) width 53: "baseline"
        RenderBlock {DIV} at (91,0) size 39x18
          RenderText {#text} at (0,0) size 39x17
            text run at (0,0) width 39: "above"
      RenderText {#text} at (202,20) size 62x17
        text run at (202,20) width 62: " after text"
    RenderBlock {DIV} at (0,55) size 800x45
      RenderText {#text} at (0,27) size 73x17
        text run at (0,27) width 73: "before text "
      RenderFlexibleBox {DIV} at (72,5) size 92x40 [bgcolor=#D3D3D3]
        RenderBlock {DIV} at (0,22) size 53x18
          RenderText {#text} at (0,0) size 53x17
            text run at (0,0) width 53: "baseline"
        RenderBlock {DIV} at (52,0) size 0x0
        RenderBlock {DIV} at (52,0) size 39x18
          RenderText {#text} at (0,0) size 39x17
            text run at (0,0) width 39: "above"
      RenderText {#text} at (163,27) size 62x17
        text run at (163,27) width 62: " after text"
    RenderBlock {DIV} at (0,100) size 800x72
      RenderText {#text} at (0,31) size 73x17
        text run at (0,31) width 73: "before text "
      RenderFlexibleBox {DIV} at (72,5) size 154x67 [bgcolor=#D3D3D3]
        RenderBlock {H2} at (0,19) size 115x28
          RenderText {#text} at (0,0) size 115x26
            text run at (0,0) width 115: "h2 baseline"
        RenderBlock {DIV} at (114,0) size 39x67
          RenderText {#text} at (0,0) size 39x17
            text run at (0,0) width 39: "above"
      RenderText {#text} at (225,31) size 62x17
        text run at (225,31) width 62: " after text"
    RenderBlock {DIV} at (0,172) size 800x72
      RenderText {#text} at (0,5) size 73x17
        text run at (0,5) width 73: "before text "
      RenderFlexibleBox {DIV} at (72,5) size 145x67 [bgcolor=#D3D3D3]
        RenderBlock {DIV} at (0,0) size 53x67
          RenderText {#text} at (0,0) size 53x17
            text run at (0,0) width 53: "baseline"
        RenderBlock {H2} at (52,19) size 92x28
          RenderText {#text} at (0,0) size 92x26
            text run at (0,0) width 92: "h2 below"
      RenderText {#text} at (216,5) size 62x17
        text run at (216,5) width 62: " after text"
    RenderBlock {DIV} at (0,244) size 800x45
      RenderText {#text} at (0,12) size 188x17
        text run at (0,12) width 188: "should align with the middle "
      RenderFlexibleBox {DIV} at (187,5) size 41x40 [bgcolor=#D3D3D3]
        RenderBlock {DIV} at (0,0) size 40x21 [border: none (1px solid #000000) none]
      RenderText {#text} at (227,12) size 127x17
        text run at (227,12) width 127: " of the grey flexbox"
    RenderBlock {DIV} at (0,289) size 800x39
      RenderText {#text} at (0,21) size 188x17
        text run at (0,21) width 188: "should align with the bottom "
      RenderFlexibleBox {DIV} at (187,5) size 31x30 [bgcolor=#D3D3D3]
      RenderText {#text} at (217,21) size 128x17
        text run at (217,21) width 128: " of the grey flexbox"
    RenderBlock {DIV} at (0,328) size 800x41
      RenderText {#text} at (0,5) size 73x17
        text run at (0,5) width 73: "before text "
      RenderFlexibleBox {DIV} at (72,5) size 54x36 [bgcolor=#D3D3D3]
        RenderBlock {DIV} at (0,0) size 53x18
          RenderText {#text} at (0,0) size 53x17
            text run at (0,0) width 53: "baseline"
        RenderBlock {DIV} at (0,18) size 53x18
          RenderText {#text} at (0,0) size 40x17
            text run at (0,0) width 40: "below"
      RenderText {#text} at (125,5) size 62x17
        text run at (125,5) width 62: " after text"
    RenderBlock {DIV} at (0,369) size 800x41
      RenderText {#text} at (0,23) size 73x17
        text run at (0,23) width 73: "before text "
      RenderFlexibleBox {DIV} at (72,5) size 54x36 [bgcolor=#D3D3D3]
        RenderBlock {DIV} at (0,18) size 53x18
          RenderText {#text} at (0,0) size 53x17
            text run at (0,0) width 53: "baseline"
        RenderBlock {DIV} at (0,0) size 53x18
          RenderText {#text} at (0,0) size 39x17
            text run at (0,0) width 39: "above"
      RenderText {#text} at (125,23) size 62x17
        text run at (125,23) width 62: " after text"
    RenderBlock {DIV} at (0,410) size 800x45
      RenderText {#text} at (0,11) size 188x17
        text run at (0,11) width 188: "should align with the middle "
      RenderFlexibleBox {DIV} at (187,5) size 41x40 [bgcolor=#D3D3D3]
        RenderBlock {DIV} at (0,0) size 40x21 [border: none (1px solid #000000) none]
        RenderBlock {DIV} at (0,20) size 40x20
      RenderText {#text} at (227,11) size 127x17
        text run at (227,11) width 127: " of the grey flexbox"
    RenderBlock {DIV} at (0,455) size 800x39
      RenderText {#text} at (0,21) size 188x17
        text run at (0,21) width 188: "should align with the bottom "
      RenderFlexibleBox {DIV} at (187,5) size 31x30 [bgcolor=#D3D3D3]
      RenderText {#text} at (217,21) size 128x17
        text run at (217,21) width 128: " of the grey flexbox"
layer at (400,0) size 360x416
  RenderBlock (positioned) {DIV} at (400,0) size 360x416
    RenderBlock {DIV} at (0,0) size 360x53
      RenderText {#text} at (0,35) size 73x17
        text run at (0,35) width 73: "before text "
      RenderFlexibleBox {DIV} at (72,5) size 54x48 [bgcolor=#D3D3D3]
        RenderBlock {DIV} at (0,30) size 53x18
          RenderText {#text} at (0,0) size 53x17
            text run at (0,0) width 53: "baseline"
      RenderText {#text} at (125,35) size 62x17
        text run at (125,35) width 62: " after text"
    RenderBlock {DIV} at (0,53) size 360x45
      RenderText {#text} at (0,5) size 73x17
        text run at (0,5) width 73: "before text "
      RenderFlexibleBox {DIV} at (72,5) size 93x40 [bgcolor=#D3D3D3]
        RenderBlock {DIV} at (0,0) size 53x40
          RenderText {#text} at (0,0) size 53x17
            text run at (0,0) width 53: "baseline"
        RenderBlock {DIV} at (52,22) size 40x18
          RenderText {#text} at (0,0) size 40x17
            text run at (0,0) width 40: "below"
      RenderText {#text} at (164,5) size 62x17
        text run at (164,5) width 62: " after text"
    RenderBlock {DIV} at (0,98) size 360x45
      RenderText {#text} at (0,15) size 73x17
        text run at (0,15) width 73: "before text "
      RenderBlock {DIV} at (72,0) size 163x45
        RenderFlexibleBox {DIV} at (0,5) size 129x40 [bgcolor=#D3D3D3]
          RenderBlock {DIV} at (0,0) size 39x40
            RenderText {#text} at (0,0) size 39x17
              text run at (0,0) width 39: "above"
          RenderBlock {DIV} at (38,10) size 53x18
            RenderText {#text} at (0,0) size 53x17
              text run at (0,0) width 53: "baseline"
          RenderBlock {DIV} at (90,0) size 39x40
            RenderText {#text} at (0,0) size 39x17
              text run at (0,0) width 39: "above"
        RenderText {#text} at (128,15) size 35x17
          text run at (128,15) width 35: " after"
      RenderText {#text} at (234,15) size 29x17
        text run at (234,15) width 29: " text"
    RenderBlock {DIV} at (0,143) size 360x40
      RenderText {#text} at (0,10) size 73x17
        text run at (0,10) width 73: "before text "
      RenderBlock {DIV} at (72,0) size 54x40
        RenderFlexibleBox {DIV} at (0,10) size 53x30 [bgcolor=#808080]
          RenderBlock (anonymous) at (0,0) size 53x30
            RenderText {#text} at (0,0) size 53x17
              text run at (0,0) width 53: "baseline"
      RenderText {#text} at (125,10) size 62x17
        text run at (125,10) width 62: " after text"
    RenderTable {TABLE} at (0,188) size 246x70 [bgcolor=#D3D3D3]
      RenderTableSection {TBODY} at (0,0) size 246x70
        RenderTableRow {TR} at (0,2) size 246x66
          RenderTableCell {TD} at (2,48) size 48x20 [r=0 c=0 rs=1 cs=1]
            RenderText {#text} at (1,1) size 46x17
              text run at (1,1) width 46: "bottom"
          RenderTableCell {TD} at (51,30) size 55x20 [r=0 c=1 rs=1 cs=1]
            RenderText {#text} at (1,1) size 53x17
              text run at (1,1) width 53: "baseline"
          RenderTableCell {TD} at (107,2) size 24x20 [r=0 c=2 rs=1 cs=1]
            RenderText {#text} at (1,1) size 21x17
              text run at (1,1) width 21: "top"
          RenderTableCell {TD} at (132,20) size 55x48 [r=0 c=3 rs=1 cs=1]
            RenderFlexibleBox {DIV} at (1,11) size 53x36 [bgcolor=#808080]
              RenderBlock {DIV} at (0,0) size 53x18
                RenderText {#text} at (0,0) size 53x17
                  text run at (0,0) width 53: "baseline"
              RenderBlock {DIV} at (0,18) size 53x18
                RenderText {#text} at (0,0) size 40x17
                  text run at (0,0) width 40: "below"
          RenderTableCell {TD} at (188,2) size 56x48 [r=0 c=4 rs=1 cs=1]
            RenderFlexibleBox {DIV} at (1,11) size 53x36 [bgcolor=#808080]
              RenderBlock {DIV} at (0,18) size 53x18
                RenderText {#text} at (0,0) size 53x17
                  text run at (0,0) width 53: "baseline"
              RenderBlock {DIV} at (0,0) size 53x18
                RenderText {#text} at (0,0) size 39x17
                  text run at (0,0) width 39: "above"
    RenderTable {TABLE} at (0,263) size 289x83 [bgcolor=#D3D3D3]
      RenderTableSection {TBODY} at (0,0) size 289x83
        RenderTableRow {TR} at (0,2) size 289x79
          RenderTableCell {TD} at (2,60) size 48x21 [r=0 c=0 rs=1 cs=1]
            RenderText {#text} at (1,0) size 46x19
              text run at (1,1) width 46: "bottom"
          RenderTableCell {TD} at (51,38) size 55x20 [r=0 c=1 rs=1 cs=1]
            RenderText {#text} at (1,1) size 53x17
              text run at (1,1) width 53: "baseline"
          RenderTableCell {TD} at (107,2) size 24x20 [r=0 c=2 rs=1 cs=1]
            RenderText {#text} at (1,1) size 21x17
              text run at (1,1) width 21: "top"
          RenderTableCell {TD} at (132,2) size 155x79 [r=0 c=3 rs=1 cs=1]
            RenderFlexibleBox {DIV} at (1,11) size 153x67 [bgcolor=#808080]
              RenderBlock {H2} at (0,19) size 115x28
                RenderText {#text} at (0,0) size 115x26
                  text run at (0,0) width 115: "h2 baseline"
              RenderBlock {DIV} at (114,0) size 39x67
                RenderText {#text} at (0,0) size 39x17
                  text run at (0,0) width 39: "above"
    RenderBlock {DIV} at (0,345) size 360x71
      RenderText {#text} at (0,20) size 73x17
        text run at (0,20) width 73: "before text "
      RenderFlexibleBox {DIV} at (72,5) size 180x65 [bgcolor=#D3D3D3]
      RenderText {#text} at (251,20) size 62x17
        text run at (251,20) width 62: " after text"
layer at (473,351) size 179x65 backgroundClip at (473,351) size 178x65 clip at (473,351) size 163x65 scrollY 4 scrollHeight 69
  RenderBlock {DIV} at (0,0) size 179x65
    RenderText {#text} at (0,15) size 157x17
      text run at (0,15) width 157: "The baseline is based on"
    RenderBR {BR} at (156,15) size 1x17
    RenderText {#text} at (0,33) size 164x17
      text run at (0,33) width 164: "the non-scrolled position;"
    RenderBR {BR} at (163,33) size 1x17
    RenderText {#text} at (0,51) size 114x17
      text run at (0,51) width 114: "this won't line up."
layer at (473,5) size 53x18
  RenderBlock (positioned) {DIV} at (72,5) size 55x18
    RenderText {#text} at (0,0) size 54x17
      text run at (0,0) width 54: "absolute"
