layer at (0,0) size 800x600
  RenderView at (0,0) size 800x600
layer at (0,0) size 800x34
  RenderBlock {HTML} at (0,0) size 800x34
    RenderBody {BODY} at (8,8) size 784x18
      RenderFlexibleBox {DIV} at (0,0) size 784x18
        RenderBlock {DIV} at (0,0) size 80x18
layer at (8,8) size 80x18
  RenderBlock (relative positioned) {DIV} at (0,0) size 80x18
layer at (8,8) size 80x33 clip at (8,8) size 80x18 scrollWidth 176
  RenderBlock {DIV} at (0,0) size 80x33
    RenderBlock {DIV} at (0,0) size 80x18
      RenderText {#text} at (0,0) size 176x17
        text run at (0,0) width 176: "xxxxxxxxxxxxxxxxxxxxxx"
