layer at (0,0) size 800x600
  RenderView at (0,0) size 800x600
layer at (0,0) size 800x166
  RenderBlock {html} at (0,0) size 800x166
    RenderBody {body} at (8,8) size 784x38
      RenderBlock (floating) {div} at (532,0) size 252x102 [border: (1px solid #FF0000)]
        RenderText {#text} at (1,1) size 86x17
          text run at (1,1) width 86: "TOP-RIGHT"
        RenderBR {br} at (86,1) size 1x17
        RenderText {#text} at (1,19) size 65x17
          text run at (1,19) width 65: "float:right;"
        RenderBR {br} at (66,19) size 0x17
        RenderText {#text} at (1,37) size 88x17
          text run at (1,37) width 88: "width: 250px;"
        RenderBR {br} at (89,37) size 0x17
        RenderText {#text} at (1,55) size 87x17
          text run at (1,55) width 87: "height:100px;"
      RenderBlock {div} at (0,0) size 394x38 [border: (1px solid #FF0000)]
        RenderText {#text} at (1,1) size 31x17
          text run at (1,1) width 31: "TOP"
        RenderBR {br} at (31,1) size 1x17
        RenderText {#text} at (1,19) size 73x17
          text run at (1,19) width 73: "width:50%;"
      RenderBlock (floating) {div} at (0,102) size 115x56 [border: (1px solid #FF0000)]
        RenderText {#text} at (1,1) size 113x17
          text run at (1,1) width 113: "BOTTOM-LEFT"
        RenderBR {br} at (113,1) size 1x17
        RenderText {#text} at (1,19) size 60x17
          text run at (1,19) width 60: "float: left;"
        RenderBR {br} at (61,19) size 0x17
        RenderText {#text} at (1,37) size 70x17
          text run at (1,37) width 70: "clear: both;"
