layer at (0,0) size 800x600
  RenderView at (0,0) size 800x600
layer at (0,0) size 800x600
  RenderBlock {HTML} at (0,0) size 800x600
    RenderBody {BODY} at (8,8) size 784x584
      RenderBlock {P} at (0,0) size 784x18
        RenderText {#text} at (0,0) size 252x17
          text run at (0,0) width 252: "Text should not overlap the blue square."
      RenderBlock {DIV} at (0,34) size 406x190 [border: (3px solid #800000)]
        RenderText {#text} at (5,5) size 399x71
          text run at (5,5) width 363: "Fusce at ante. In hac habitasse platea dictumst. Maecenas "
          text run at (5,23) width 385: "iaculis nonummy magna. Vivamus a tortor vitae enim ornare "
          text run at (5,41) width 349: "consectetuer. Lorem ipsum dolor sit amet, consectetuer "
          text run at (5,59) width 399: "adipiscing elit. Etiam et ipsum. Nam consectetuer mi eget velit. "
        RenderBlock (floating) {DIV} at (337,77) size 64x64 [bgcolor=#ADD8E6]
        RenderText {#text} at (5,77) size 352x107
          text run at (5,77) width 334: "Sed nec risus vitae felis auctor ultricies. Pellentesque "
          text run at (5,95) width 284: "aliquet quam ac lorem. Duis interdum, elit in "
          text run at (5,113) width 306: "ultricies auctor, erat pede sollicitudin libero, non "
          text run at (5,131) width 302: "ultrices odio elit in augue. Ut egestas bibendum "
          text run at (5,149) width 352: "lectus. Class aptent taciti sociosqu ad litora torquent per "
          text run at (5,167) width 255: "conubia nostra, per inceptos hymenaeos."
