layer at (0,0) size 800x600
  RenderView at (0,0) size 800x600
layer at (0,0) size 800x400
  RenderBlock {html} at (0,0) size 800x400
    RenderBlock {parsererror} at (16,16) size 768x143 [bgcolor=#FFDDDD] [border: (2px solid #CC7777)]
      RenderBlock {h3} at (18,20) size 732x23
        RenderText {#text} at (0,0) size 324x21
          text run at (0,0) width 324: "This page contains the following errors:"
      RenderBlock {div} at (18,61) size 732x21 [border: (3px solid #FF0000)]
        RenderText {#text} at (3,3) size 490x14
          text run at (3,3) width 490: "error on line 16 at column 7: Extra content at the end of the document"
          text run at (492,3) width 1: " "
      RenderBlock {h3} at (18,100) size 732x23
        RenderText {#text} at (0,0) size 427x21
          text run at (0,0) width 427: "Below is a rendering of the page up to the first error."
    RenderBody {body} at (8,174) size 784x133
      RenderBlock {div} at (0,0) size 146x132 [border: (3px solid #008000)]
        RenderText {#text} at (3,3) size 136x125
          text run at (3,3) width 136: "Test float positioning."
          text run at (3,21) width 132: "There should be four"
          text run at (3,39) width 93: "red boxes with"
          text run at (3,57) width 102: "numbers 1,2,3,4"
          text run at (3,75) width 125: "below this text. The"
          text run at (3,93) width 107: "boxes should not"
          text run at (3,111) width 104: "overlap this text."
        RenderBlock (floating) {div} at (3,129) size 76x24 [border: (3px solid #FF0000)]
          RenderText {#text} at (3,3) size 8x17
            text run at (3,3) width 8: "1"
        RenderText {#text} at (0,0) size 0x0
        RenderBlock (floating) {div} at (3,153) size 76x24 [border: (3px solid #FF0000)]
          RenderText {#text} at (3,3) size 8x17
            text run at (3,3) width 8: "2"
        RenderText {#text} at (0,0) size 0x0
        RenderBlock (floating) {div} at (3,177) size 76x24 [border: (3px solid #FF0000)]
          RenderText {#text} at (3,3) size 8x17
            text run at (3,3) width 8: "3"
        RenderText {#text} at (0,0) size 0x0
        RenderBlock (floating) {div} at (3,201) size 76x24 [border: (3px solid #FF0000)]
          RenderText {#text} at (3,3) size 8x17
            text run at (3,3) width 8: "4"
        RenderText {#text} at (0,0) size 0x0
