layer at (0,0) size 800x600
  RenderView at (0,0) size 800x600
layer at (0,0) size 800x600
  RenderBlock {HTML} at (0,0) size 800x600
    RenderBody {BODY} at (8,8) size 784x584
      RenderBlock {P} at (0,0) size 784x18
        RenderText {#text} at (0,0) size 52x17
          text run at (0,0) width 52: "Test for "
        RenderInline {I} at (0,0) size 607x17
          RenderInline {A} at (0,0) size 349x17 [color=#0000EE]
            RenderText {#text} at (51,0) size 349x17
              text run at (51,0) width 349: "http://bugzilla.opendarwin.org/show_bug.cgi?id=6795"
          RenderText {#text} at (399,0) size 259x17
            text run at (399,0) width 5: " "
            text run at (403,0) width 255: "Slow image load causes render problem"
        RenderText {#text} at (657,0) size 5x17
          text run at (657,0) width 5: "."
      RenderBlock {P} at (0,34) size 784x18
        RenderText {#text} at (0,0) size 284x17
          text run at (0,0) width 284: "There should be only one blue square below:"
      RenderBlock {DIV} at (0,68) size 784x140
        RenderBlock (anonymous) at (0,0) size 784x120
          RenderBlock (floating) {DIV} at (0,0) size 100x100 [bgcolor=#87CEEB]
          RenderBlock {DIV} at (100,0) size 50x120
          RenderText {#text} at (0,0) size 0x0
        RenderBlock {DIV} at (0,120) size 784x20
