layer at (0,0) size 1357x614
  RenderView at (0,0) size 785x585
layer at (0,0) size 785x614
  RenderBlock {HTML} at (0,0) size 785x614
    RenderBody {BODY} at (8,8) size 769x598
      RenderBlock {DIV} at (0,1) size 671x592
        RenderBR {BR} at (335,281) size 0x19
        RenderBR {BR} at (671,577) size 0x19
      RenderText {#text} at (671,578) size 4x19
        text run at (671,578) width 4: " "
      RenderBlock {DIV} at (675,0) size 674x598
        RenderText {#text} at (335,578) size 4x19
          text run at (335,578) width 4: " "
        RenderText {#text} at (0,0) size 0x0
      RenderText {#text} at (0,0) size 0x0
layer at (8,9) size 335x296
  RenderImage {IMG} at (0,0) size 335x296
layer at (344,305) size 335x296
  RenderImage {IMG} at (336,296) size 335x296
layer at (683,305) size 335x296
  RenderImage {IMG} at (0,297) size 335x296
layer at (1022,8) size 335x296
  RenderImage {IMG} at (339,0) size 335x296
