layer at (0,0) size 800x600
  RenderView at (0,0) size 800x600
layer at (0,0) size 800x140 layerType: background only
layer at (50,100) size 400x50
  RenderBlock (positioned) zI: -1 {DIV} at (50,100) size 400x50 [bgcolor=#FF0000]
layer at (50,250) size 400x50
  RenderBlock (positioned) zI: -1 {DIV} at (50,250) size 400x50 [bgcolor=#FF0000]
layer at (0,0) size 800x140 layerType: foreground only
  RenderBlock {HTML} at (0,0) size 800x140
    RenderBody {BODY} at (50,50) size 700x40
      RenderBlock {P} at (0,0) size 700x40
        RenderInline {A} at (0,0) size 305x19 [color=#0000EE]
          RenderText {#text} at (0,0) size 305x19
            text run at (0,0) width 305: "https://bugs.webkit.org/show_bug.cgi?id=22570"
        RenderText {#text} at (305,0) size 694x39
          text run at (305,0) width 60: ". Test for "
          text run at (365,0) width 329: "reflection painting on overflow:hidden element. You"
          text run at (0,20) width 187: "should not see any red below."
layer at (50,100) size 400x200
  RenderBlock (positioned) {DIV} at (50,100) size 400x200
layer at (50,100) size 400x200
  RenderBlock (relative positioned) {DIV} at (0,0) size 400x200
layer at (50,100) size 400x50
  RenderBlock (positioned) {DIV} at (0,0) size 400x50 [bgcolor=#008000]
    RenderText {#text} at (0,0) size 25x19
      text run at (0,0) width 25: "Top"
layer at (50,250) size 400x50
  RenderBlock (positioned) {DIV} at (0,150) size 400x50 [bgcolor=#008000]
    RenderText {#text} at (0,0) size 47x19
      text run at (0,0) width 47: "Bottom"
