layer at (0,0) size 800x600
  RenderView at (0,0) size 800x600
layer at (0,0) size 800x303
  RenderBlock {html} at (0,0) size 800x303
    RenderBody {body} at (8,16) size 784x279
      RenderBlock {p} at (0,0) size 784x18
        RenderText {#text} at (0,0) size 177x17
          text run at (0,0) width 177: "TH VALIGN=BASELINE"
      RenderTable {table} at (0,34) size 784x245 [border: (1px outset #808080)]
        RenderTableSection (anonymous) at (1,1) size 782x243
          RenderTableRow {tr} at (0,2) size 782x239
            RenderTableCell {th} at (2,25) size 215x94 [border: (1px inset #808080)] [r=0 c=0 rs=1 cs=1]
              RenderText {#text} at (12,2) size 207x89
                text run at (12,2) width 190: "Compare the baseline of the"
                text run at (4,20) width 77: "first line of "
                text run at (80,20) width 131: "text in this cell with"
                text run at (8,38) width 198: "the baseline of the first line of"
                text run at (25,56) width 47: "text in "
                text run at (71,56) width 119: "the next cell: they"
                text run at (15,74) width 185: "should be vertically aligned"
            RenderTableCell {th} at (218,2) size 563x239 [border: (1px inset #808080)] [r=0 c=1 rs=1 cs=1]
              RenderText {#text} at (42,3) size 529x233
                text run at (42,3) width 382: "Compare the baseline "
                text run at (423,3) width 97: "of the"
                text run at (16,50) width 529: "first line of text in this cell with"
                text run at (29,97) width 318: "the baseline of the "
                text run at (346,97) width 187: "first line of"
                text run at (35,144) width 492: "text in the previous cell: they"
                text run at (47,191) width 344: "should be vertically "
                text run at (390,191) width 125: "aligned"
