layer at (0,0) size 800x1508
  RenderView at (0,0) size 800x600
layer at (0,0) size 800x1508
  RenderBlock {HTML} at (0,0) size 800x1508
    RenderBody {BODY} at (8,8) size 784x1492
      RenderTable {TABLE} at (0,0) size 614x358 [border: (1px outset #808080)]
        RenderTableSection {TBODY} at (1,1) size 612x356
          RenderTableRow {TR} at (0,2) size 612x32
            RenderTableCell {TH} at (2,2) size 608x32 [border: (1px inset #808080)] [r=0 c=0 rs=1 cs=6]
              RenderText {#text} at (226,6) size 156x19
                text run at (226,6) width 156: "text-align not specified"
          RenderTableRow {TR} at (0,36) size 612x32
            RenderTableCell {TH} at (2,53) size 104x32 [border: (1px inset #808080)] [r=1 c=0 rs=2 cs=2]
              RenderText {#text} at (49,6) size 5x19
                text run at (49,6) width 5: " "
            RenderTableCell {TH} at (107,36) size 503x32 [border: (1px inset #808080)] [r=1 c=2 rs=1 cs=4]
              RenderText {#text} at (176,6) size 150x19
                text run at (176,6) width 150: "-webkit-writing-mode"
          RenderTableRow {TR} at (0,70) size 612x32
            RenderTableCell {TH} at (107,70) size 125x32 [border: (1px inset #808080)] [r=2 c=2 rs=1 cs=1]
              RenderText {#text} at (17,6) size 90x19
                text run at (17,6) width 90: "horizontal-tb"
            RenderTableCell {TH} at (233,70) size 125x32 [border: (1px inset #808080)] [r=2 c=3 rs=1 cs=1]
              RenderText {#text} at (17,6) size 90x19
                text run at (17,6) width 90: "horizontal-bt"
            RenderTableCell {TH} at (359,70) size 125x32 [border: (1px inset #808080)] [r=2 c=4 rs=1 cs=1]
              RenderText {#text} at (27,6) size 70x19
                text run at (27,6) width 70: "vertical-lr"
            RenderTableCell {TH} at (485,70) size 125x32 [border: (1px inset #808080)] [r=2 c=5 rs=1 cs=1]
              RenderText {#text} at (27,6) size 70x19
                text run at (27,6) width 70: "vertical-rl"
          RenderTableRow {TR} at (0,104) size 612x124
            RenderTableCell {TH} at (2,213) size 74x32 [border: (1px inset #808080)] [r=3 c=0 rs=4 cs=1]
              RenderText {#text} at (6,6) size 62x19
                text run at (6,6) width 62: "direction"
            RenderTableCell {TH} at (77,150) size 29x32 [border: (1px inset #808080)] [r=3 c=1 rs=1 cs=1]
              RenderText {#text} at (6,6) size 17x19
                text run at (6,6) width 17: "ltr"
            RenderTableCell {TD} at (107,104) size 125x124 [border: (1px solid #000000)] [r=3 c=2 rs=1 cs=1]
              RenderBlock {DIV} at (2,2) size 120x120
                RenderBlock {DETAILS} at (0,0) size 120x20
                  RenderBlock {SUMMARY} at (0,0) size 120x20
                    RenderDetailsMarker {DIV} at (0,4) size 11x11: right
                    RenderText {#text} at (16,0) size 61x19
                      text run at (16,0) width 61: "summary"
                RenderBlock {DETAILS} at (0,20) size 120x20
                  RenderBlock {SUMMARY} at (0,0) size 120x20
                    RenderDetailsMarker {DIV} at (0,4) size 11x11: down
                    RenderText {#text} at (16,0) size 61x19
                      text run at (16,0) width 61: "summary"
            RenderTableCell {TD} at (233,104) size 125x124 [border: (1px solid #000000)] [r=3 c=3 rs=1 cs=1]
              RenderBlock {DIV} at (2,2) size 120x120
                RenderBlock {DETAILS} at (0,0) size 120x20
                  RenderBlock {SUMMARY} at (0,0) size 120x20
                    RenderDetailsMarker {DIV} at (0,4) size 11x11: right
                    RenderText {#text} at (16,0) size 61x19
                      text run at (16,0) width 61: "summary"
                RenderBlock {DETAILS} at (0,20) size 120x20
                  RenderBlock {SUMMARY} at (0,0) size 120x20
                    RenderDetailsMarker {DIV} at (0,4) size 11x11: up
                    RenderText {#text} at (16,0) size 61x19
                      text run at (16,0) width 61: "summary"
            RenderTableCell {TD} at (359,104) size 125x124 [border: (1px solid #000000)] [r=3 c=4 rs=1 cs=1]
              RenderBlock {DIV} at (2,2) size 120x120
                RenderBlock {DETAILS} at (0,0) size 20x120
                  RenderBlock {SUMMARY} at (0,0) size 20x120
                    RenderDetailsMarker {DIV} at (1,0) size 11x11: down
                    RenderText {#text} at (0,10) size 19x61
                      text run at (0,10) width 60: "summary"
                RenderBlock {DETAILS} at (20,0) size 20x120
                  RenderBlock {SUMMARY} at (0,0) size 20x120
                    RenderDetailsMarker {DIV} at (1,0) size 11x11: right
                    RenderText {#text} at (0,10) size 19x61
                      text run at (0,10) width 60: "summary"
            RenderTableCell {TD} at (485,104) size 125x124 [border: (1px solid #000000)] [r=3 c=5 rs=1 cs=1]
              RenderBlock {DIV} at (2,2) size 120x120
                RenderBlock {DETAILS} at (0,0) size 20x120
                  RenderBlock {SUMMARY} at (0,0) size 20x120
                    RenderDetailsMarker {DIV} at (7,0) size 11x11: down
                    RenderText {#text} at (0,10) size 19x61
                      text run at (0,10) width 60: "summary"
                RenderBlock {DETAILS} at (20,0) size 20x120
                  RenderBlock {SUMMARY} at (0,0) size 20x120
                    RenderDetailsMarker {DIV} at (7,0) size 11x11: left
                    RenderText {#text} at (0,10) size 19x61
                      text run at (0,10) width 60: "summary"
          RenderTableRow {TR} at (0,230) size 612x124
            RenderTableCell {TH} at (77,276) size 29x32 [border: (1px inset #808080)] [r=4 c=1 rs=1 cs=1]
              RenderText {#text} at (6,6) size 17x19
                text run at (6,6) width 17: "rtl"
            RenderTableCell {TD} at (107,230) size 125x124 [border: (1px solid #000000)] [r=4 c=2 rs=1 cs=1]
              RenderBlock {DIV} at (2,2) size 120x120
                RenderBlock {DETAILS} at (0,0) size 120x20
                  RenderBlock {SUMMARY} at (0,0) size 120x20
                    RenderDetailsMarker {DIV} at (103,4) size 11x11: left
                    RenderText {#text} at (43,0) size 61x19
                      text run at (43,0) width 61: "summary"
                RenderBlock {DETAILS} at (0,20) size 120x20
                  RenderBlock {SUMMARY} at (0,0) size 120x20
                    RenderDetailsMarker {DIV} at (103,4) size 11x11: down
                    RenderText {#text} at (43,0) size 61x19
                      text run at (43,0) width 61: "summary"
            RenderTableCell {TD} at (233,230) size 125x124 [border: (1px solid #000000)] [r=4 c=3 rs=1 cs=1]
              RenderBlock {DIV} at (2,2) size 120x120
                RenderBlock {DETAILS} at (0,0) size 120x20
                  RenderBlock {SUMMARY} at (0,0) size 120x20
                    RenderDetailsMarker {DIV} at (103,4) size 11x11: left
                    RenderText {#text} at (43,0) size 61x19
                      text run at (43,0) width 61: "summary"
                RenderBlock {DETAILS} at (0,20) size 120x20
                  RenderBlock {SUMMARY} at (0,0) size 120x20
                    RenderDetailsMarker {DIV} at (103,4) size 11x11: up
                    RenderText {#text} at (43,0) size 61x19
                      text run at (43,0) width 61: "summary"
            RenderTableCell {TD} at (359,230) size 125x124 [border: (1px solid #000000)] [r=4 c=4 rs=1 cs=1]
              RenderBlock {DIV} at (2,2) size 120x120
                RenderBlock {DETAILS} at (0,0) size 20x120
                  RenderBlock {SUMMARY} at (0,0) size 20x120
                    RenderDetailsMarker {DIV} at (1,109) size 11x11: up
                    RenderText {#text} at (0,49) size 19x61
                      text run at (0,49) width 60: "summary"
                RenderBlock {DETAILS} at (20,0) size 20x120
                  RenderBlock {SUMMARY} at (0,0) size 20x120
                    RenderDetailsMarker {DIV} at (1,109) size 11x11: right
                    RenderText {#text} at (0,49) size 19x61
                      text run at (0,49) width 60: "summary"
            RenderTableCell {TD} at (485,230) size 125x124 [border: (1px solid #000000)] [r=4 c=5 rs=1 cs=1]
              RenderBlock {DIV} at (2,2) size 120x120
                RenderBlock {DETAILS} at (0,0) size 20x120
                  RenderBlock {SUMMARY} at (0,0) size 20x120
                    RenderDetailsMarker {DIV} at (7,109) size 11x11: up
                    RenderText {#text} at (0,49) size 19x61
                      text run at (0,49) width 60: "summary"
                RenderBlock {DETAILS} at (20,0) size 20x120
                  RenderBlock {SUMMARY} at (0,0) size 20x120
                    RenderDetailsMarker {DIV} at (7,109) size 11x11: left
                    RenderText {#text} at (0,49) size 19x61
                      text run at (0,49) width 60: "summary"
      RenderBlock (anonymous) at (0,358) size 784x20
        RenderBR {BR} at (0,0) size 0x19
      RenderTable {TABLE} at (0,378) size 614x358 [border: (1px outset #808080)]
        RenderTableSection {TBODY} at (1,1) size 612x356
          RenderTableRow {TR} at (0,2) size 612x32
            RenderTableCell {TH} at (2,2) size 608x32 [border: (1px inset #808080)] [r=0 c=0 rs=1 cs=6]
              RenderText {#text} at (255,6) size 98x19
                text run at (255,6) width 98: "text-align: left"
          RenderTableRow {TR} at (0,36) size 612x32
            RenderTableCell {TH} at (2,53) size 104x32 [border: (1px inset #808080)] [r=1 c=0 rs=2 cs=2]
              RenderText {#text} at (49,6) size 5x19
                text run at (49,6) width 5: " "
            RenderTableCell {TH} at (107,36) size 503x32 [border: (1px inset #808080)] [r=1 c=2 rs=1 cs=4]
              RenderText {#text} at (176,6) size 150x19
                text run at (176,6) width 150: "-webkit-writing-mode"
          RenderTableRow {TR} at (0,70) size 612x32
            RenderTableCell {TH} at (107,70) size 125x32 [border: (1px inset #808080)] [r=2 c=2 rs=1 cs=1]
              RenderText {#text} at (17,6) size 90x19
                text run at (17,6) width 90: "horizontal-tb"
            RenderTableCell {TH} at (233,70) size 125x32 [border: (1px inset #808080)] [r=2 c=3 rs=1 cs=1]
              RenderText {#text} at (17,6) size 90x19
                text run at (17,6) width 90: "horizontal-bt"
            RenderTableCell {TH} at (359,70) size 125x32 [border: (1px inset #808080)] [r=2 c=4 rs=1 cs=1]
              RenderText {#text} at (27,6) size 70x19
                text run at (27,6) width 70: "vertical-lr"
            RenderTableCell {TH} at (485,70) size 125x32 [border: (1px inset #808080)] [r=2 c=5 rs=1 cs=1]
              RenderText {#text} at (27,6) size 70x19
                text run at (27,6) width 70: "vertical-rl"
          RenderTableRow {TR} at (0,104) size 612x124
            RenderTableCell {TH} at (2,213) size 74x32 [border: (1px inset #808080)] [r=3 c=0 rs=4 cs=1]
              RenderText {#text} at (6,6) size 62x19
                text run at (6,6) width 62: "direction"
            RenderTableCell {TH} at (77,150) size 29x32 [border: (1px inset #808080)] [r=3 c=1 rs=1 cs=1]
              RenderText {#text} at (6,6) size 17x19
                text run at (6,6) width 17: "ltr"
            RenderTableCell {TD} at (107,104) size 125x124 [border: (1px solid #000000)] [r=3 c=2 rs=1 cs=1]
              RenderBlock {DIV} at (2,2) size 120x120
                RenderBlock {DETAILS} at (0,0) size 120x20
                  RenderBlock {SUMMARY} at (0,0) size 120x20
                    RenderDetailsMarker {DIV} at (0,4) size 11x11: right
                    RenderText {#text} at (16,0) size 61x19
                      text run at (16,0) width 61: "summary"
                RenderBlock {DETAILS} at (0,20) size 120x20
                  RenderBlock {SUMMARY} at (0,0) size 120x20
                    RenderDetailsMarker {DIV} at (0,4) size 11x11: down
                    RenderText {#text} at (16,0) size 61x19
                      text run at (16,0) width 61: "summary"
            RenderTableCell {TD} at (233,104) size 125x124 [border: (1px solid #000000)] [r=3 c=3 rs=1 cs=1]
              RenderBlock {DIV} at (2,2) size 120x120
                RenderBlock {DETAILS} at (0,0) size 120x20
                  RenderBlock {SUMMARY} at (0,0) size 120x20
                    RenderDetailsMarker {DIV} at (0,4) size 11x11: right
                    RenderText {#text} at (16,0) size 61x19
                      text run at (16,0) width 61: "summary"
                RenderBlock {DETAILS} at (0,20) size 120x20
                  RenderBlock {SUMMARY} at (0,0) size 120x20
                    RenderDetailsMarker {DIV} at (0,4) size 11x11: up
                    RenderText {#text} at (16,0) size 61x19
                      text run at (16,0) width 61: "summary"
            RenderTableCell {TD} at (359,104) size 125x124 [border: (1px solid #000000)] [r=3 c=4 rs=1 cs=1]
              RenderBlock {DIV} at (2,2) size 120x120
                RenderBlock {DETAILS} at (0,0) size 20x120
                  RenderBlock {SUMMARY} at (0,0) size 20x120
                    RenderDetailsMarker {DIV} at (1,0) size 11x11: down
                    RenderText {#text} at (0,10) size 19x61
                      text run at (0,10) width 60: "summary"
                RenderBlock {DETAILS} at (20,0) size 20x120
                  RenderBlock {SUMMARY} at (0,0) size 20x120
                    RenderDetailsMarker {DIV} at (1,0) size 11x11: right
                    RenderText {#text} at (0,10) size 19x61
                      text run at (0,10) width 60: "summary"
            RenderTableCell {TD} at (485,104) size 125x124 [border: (1px solid #000000)] [r=3 c=5 rs=1 cs=1]
              RenderBlock {DIV} at (2,2) size 120x120
                RenderBlock {DETAILS} at (0,0) size 20x120
                  RenderBlock {SUMMARY} at (0,0) size 20x120
                    RenderDetailsMarker {DIV} at (7,0) size 11x11: down
                    RenderText {#text} at (0,10) size 19x61
                      text run at (0,10) width 60: "summary"
                RenderBlock {DETAILS} at (20,0) size 20x120
                  RenderBlock {SUMMARY} at (0,0) size 20x120
                    RenderDetailsMarker {DIV} at (7,0) size 11x11: left
                    RenderText {#text} at (0,10) size 19x61
                      text run at (0,10) width 60: "summary"
          RenderTableRow {TR} at (0,230) size 612x124
            RenderTableCell {TH} at (77,276) size 29x32 [border: (1px inset #808080)] [r=4 c=1 rs=1 cs=1]
              RenderText {#text} at (6,6) size 17x19
                text run at (6,6) width 17: "rtl"
            RenderTableCell {TD} at (107,230) size 125x124 [border: (1px solid #000000)] [r=4 c=2 rs=1 cs=1]
              RenderBlock {DIV} at (2,2) size 120x120
                RenderBlock {DETAILS} at (0,0) size 120x20
                  RenderBlock {SUMMARY} at (0,0) size 120x20
                    RenderDetailsMarker {DIV} at (59,4) size 12x11: left
                    RenderText {#text} at (0,0) size 60x19
                      text run at (0,0) width 60: "summary"
                RenderBlock {DETAILS} at (0,20) size 120x20
                  RenderBlock {SUMMARY} at (0,0) size 120x20
                    RenderDetailsMarker {DIV} at (59,4) size 12x11: down
                    RenderText {#text} at (0,0) size 60x19
                      text run at (0,0) width 60: "summary"
            RenderTableCell {TD} at (233,230) size 125x124 [border: (1px solid #000000)] [r=4 c=3 rs=1 cs=1]
              RenderBlock {DIV} at (2,2) size 120x120
                RenderBlock {DETAILS} at (0,0) size 120x20
                  RenderBlock {SUMMARY} at (0,0) size 120x20
                    RenderDetailsMarker {DIV} at (59,4) size 12x11: left
                    RenderText {#text} at (0,0) size 60x19
                      text run at (0,0) width 60: "summary"
                RenderBlock {DETAILS} at (0,20) size 120x20
                  RenderBlock {SUMMARY} at (0,0) size 120x20
                    RenderDetailsMarker {DIV} at (59,4) size 12x11: up
                    RenderText {#text} at (0,0) size 60x19
                      text run at (0,0) width 60: "summary"
            RenderTableCell {TD} at (359,230) size 125x124 [border: (1px solid #000000)] [r=4 c=4 rs=1 cs=1]
              RenderBlock {DIV} at (2,2) size 120x120
                RenderBlock {DETAILS} at (0,0) size 20x120
                  RenderBlock {SUMMARY} at (0,0) size 20x120
                    RenderDetailsMarker {DIV} at (1,59) size 11x12: up
                    RenderText {#text} at (0,0) size 19x60
                      text run at (0,0) width 60: "summary"
                RenderBlock {DETAILS} at (20,0) size 20x120
                  RenderBlock {SUMMARY} at (0,0) size 20x120
                    RenderDetailsMarker {DIV} at (1,59) size 11x12: right
                    RenderText {#text} at (0,0) size 19x60
                      text run at (0,0) width 60: "summary"
            RenderTableCell {TD} at (485,230) size 125x124 [border: (1px solid #000000)] [r=4 c=5 rs=1 cs=1]
              RenderBlock {DIV} at (2,2) size 120x120
                RenderBlock {DETAILS} at (0,0) size 20x120
                  RenderBlock {SUMMARY} at (0,0) size 20x120
                    RenderDetailsMarker {DIV} at (7,59) size 11x12: up
                    RenderText {#text} at (0,0) size 19x60
                      text run at (0,0) width 60: "summary"
                RenderBlock {DETAILS} at (20,0) size 20x120
                  RenderBlock {SUMMARY} at (0,0) size 20x120
                    RenderDetailsMarker {DIV} at (7,59) size 11x12: left
                    RenderText {#text} at (0,0) size 19x60
                      text run at (0,0) width 60: "summary"
      RenderBlock (anonymous) at (0,736) size 784x20
        RenderBR {BR} at (0,0) size 0x19
      RenderTable {TABLE} at (0,756) size 614x358 [border: (1px outset #808080)]
        RenderTableSection {TBODY} at (1,1) size 612x356
          RenderTableRow {TR} at (0,2) size 612x32
            RenderTableCell {TH} at (2,2) size 608x32 [border: (1px inset #808080)] [r=0 c=0 rs=1 cs=6]
              RenderText {#text} at (245,6) size 118x19
                text run at (245,6) width 118: "text-align: center"
          RenderTableRow {TR} at (0,36) size 612x32
            RenderTableCell {TH} at (2,53) size 104x32 [border: (1px inset #808080)] [r=1 c=0 rs=2 cs=2]
              RenderText {#text} at (49,6) size 5x19
                text run at (49,6) width 5: " "
            RenderTableCell {TH} at (107,36) size 503x32 [border: (1px inset #808080)] [r=1 c=2 rs=1 cs=4]
              RenderText {#text} at (176,6) size 150x19
                text run at (176,6) width 150: "-webkit-writing-mode"
          RenderTableRow {TR} at (0,70) size 612x32
            RenderTableCell {TH} at (107,70) size 125x32 [border: (1px inset #808080)] [r=2 c=2 rs=1 cs=1]
              RenderText {#text} at (17,6) size 90x19
                text run at (17,6) width 90: "horizontal-tb"
            RenderTableCell {TH} at (233,70) size 125x32 [border: (1px inset #808080)] [r=2 c=3 rs=1 cs=1]
              RenderText {#text} at (17,6) size 90x19
                text run at (17,6) width 90: "horizontal-bt"
            RenderTableCell {TH} at (359,70) size 125x32 [border: (1px inset #808080)] [r=2 c=4 rs=1 cs=1]
              RenderText {#text} at (27,6) size 70x19
                text run at (27,6) width 70: "vertical-lr"
            RenderTableCell {TH} at (485,70) size 125x32 [border: (1px inset #808080)] [r=2 c=5 rs=1 cs=1]
              RenderText {#text} at (27,6) size 70x19
                text run at (27,6) width 70: "vertical-rl"
          RenderTableRow {TR} at (0,104) size 612x124
            RenderTableCell {TH} at (2,213) size 74x32 [border: (1px inset #808080)] [r=3 c=0 rs=4 cs=1]
              RenderText {#text} at (6,6) size 62x19
                text run at (6,6) width 62: "direction"
            RenderTableCell {TH} at (77,150) size 29x32 [border: (1px inset #808080)] [r=3 c=1 rs=1 cs=1]
              RenderText {#text} at (6,6) size 17x19
                text run at (6,6) width 17: "ltr"
            RenderTableCell {TD} at (107,104) size 125x124 [border: (1px solid #000000)] [r=3 c=2 rs=1 cs=1]
              RenderBlock {DIV} at (2,2) size 120x120
                RenderBlock {DETAILS} at (0,0) size 120x20
                  RenderBlock {SUMMARY} at (0,0) size 120x20
                    RenderDetailsMarker {DIV} at (21,4) size 12x11: right
                    RenderText {#text} at (38,0) size 61x19
                      text run at (38,0) width 61: "summary"
                RenderBlock {DETAILS} at (0,20) size 120x20
                  RenderBlock {SUMMARY} at (0,0) size 120x20
                    RenderDetailsMarker {DIV} at (21,4) size 12x11: down
                    RenderText {#text} at (38,0) size 61x19
                      text run at (38,0) width 61: "summary"
            RenderTableCell {TD} at (233,104) size 125x124 [border: (1px solid #000000)] [r=3 c=3 rs=1 cs=1]
              RenderBlock {DIV} at (2,2) size 120x120
                RenderBlock {DETAILS} at (0,0) size 120x20
                  RenderBlock {SUMMARY} at (0,0) size 120x20
                    RenderDetailsMarker {DIV} at (21,4) size 12x11: right
                    RenderText {#text} at (38,0) size 61x19
                      text run at (38,0) width 61: "summary"
                RenderBlock {DETAILS} at (0,20) size 120x20
                  RenderBlock {SUMMARY} at (0,0) size 120x20
                    RenderDetailsMarker {DIV} at (21,4) size 12x11: up
                    RenderText {#text} at (38,0) size 61x19
                      text run at (38,0) width 61: "summary"
            RenderTableCell {TD} at (359,104) size 125x124 [border: (1px solid #000000)] [r=3 c=4 rs=1 cs=1]
              RenderBlock {DIV} at (2,2) size 120x120
                RenderBlock {DETAILS} at (0,0) size 20x120
                  RenderBlock {SUMMARY} at (0,0) size 20x120
                    RenderDetailsMarker {DIV} at (1,24) size 11x12: down
                    RenderText {#text} at (0,35) size 19x61
                      text run at (0,35) width 60: "summary"
                RenderBlock {DETAILS} at (20,0) size 20x120
                  RenderBlock {SUMMARY} at (0,0) size 20x120
                    RenderDetailsMarker {DIV} at (1,24) size 11x12: right
                    RenderText {#text} at (0,35) size 19x61
                      text run at (0,35) width 60: "summary"
            RenderTableCell {TD} at (485,104) size 125x124 [border: (1px solid #000000)] [r=3 c=5 rs=1 cs=1]
              RenderBlock {DIV} at (2,2) size 120x120
                RenderBlock {DETAILS} at (0,0) size 20x120
                  RenderBlock {SUMMARY} at (0,0) size 20x120
                    RenderDetailsMarker {DIV} at (7,24) size 11x12: down
                    RenderText {#text} at (0,35) size 19x61
                      text run at (0,35) width 60: "summary"
                RenderBlock {DETAILS} at (20,0) size 20x120
                  RenderBlock {SUMMARY} at (0,0) size 20x120
                    RenderDetailsMarker {DIV} at (7,24) size 11x12: left
                    RenderText {#text} at (0,35) size 19x61
                      text run at (0,35) width 60: "summary"
          RenderTableRow {TR} at (0,230) size 612x124
            RenderTableCell {TH} at (77,276) size 29x32 [border: (1px inset #808080)] [r=4 c=1 rs=1 cs=1]
              RenderText {#text} at (6,6) size 17x19
                text run at (6,6) width 17: "rtl"
            RenderTableCell {TD} at (107,230) size 125x124 [border: (1px solid #000000)] [r=4 c=2 rs=1 cs=1]
              RenderBlock {DIV} at (2,2) size 120x120
                RenderBlock {DETAILS} at (0,0) size 120x20
                  RenderBlock {SUMMARY} at (0,0) size 120x20
                    RenderDetailsMarker {DIV} at (81,4) size 11x11: left
                    RenderText {#text} at (21,0) size 61x19
                      text run at (21,0) width 61: "summary"
                RenderBlock {DETAILS} at (0,20) size 120x20
                  RenderBlock {SUMMARY} at (0,0) size 120x20
                    RenderDetailsMarker {DIV} at (81,4) size 11x11: down
                    RenderText {#text} at (21,0) size 61x19
                      text run at (21,0) width 61: "summary"
            RenderTableCell {TD} at (233,230) size 125x124 [border: (1px solid #000000)] [r=4 c=3 rs=1 cs=1]
              RenderBlock {DIV} at (2,2) size 120x120
                RenderBlock {DETAILS} at (0,0) size 120x20
                  RenderBlock {SUMMARY} at (0,0) size 120x20
                    RenderDetailsMarker {DIV} at (81,4) size 11x11: left
                    RenderText {#text} at (21,0) size 61x19
                      text run at (21,0) width 61: "summary"
                RenderBlock {DETAILS} at (0,20) size 120x20
                  RenderBlock {SUMMARY} at (0,0) size 120x20
                    RenderDetailsMarker {DIV} at (81,4) size 11x11: up
                    RenderText {#text} at (21,0) size 61x19
                      text run at (21,0) width 61: "summary"
            RenderTableCell {TD} at (359,230) size 125x124 [border: (1px solid #000000)] [r=4 c=4 rs=1 cs=1]
              RenderBlock {DIV} at (2,2) size 120x120
                RenderBlock {DETAILS} at (0,0) size 20x120
                  RenderBlock {SUMMARY} at (0,0) size 20x120
                    RenderDetailsMarker {DIV} at (1,84) size 11x12: up
                    RenderText {#text} at (0,24) size 19x61
                      text run at (0,24) width 60: "summary"
                RenderBlock {DETAILS} at (20,0) size 20x120
                  RenderBlock {SUMMARY} at (0,0) size 20x120
                    RenderDetailsMarker {DIV} at (1,84) size 11x12: right
                    RenderText {#text} at (0,24) size 19x61
                      text run at (0,24) width 60: "summary"
            RenderTableCell {TD} at (485,230) size 125x124 [border: (1px solid #000000)] [r=4 c=5 rs=1 cs=1]
              RenderBlock {DIV} at (2,2) size 120x120
                RenderBlock {DETAILS} at (0,0) size 20x120
                  RenderBlock {SUMMARY} at (0,0) size 20x120
                    RenderDetailsMarker {DIV} at (7,84) size 11x12: up
                    RenderText {#text} at (0,24) size 19x61
                      text run at (0,24) width 60: "summary"
                RenderBlock {DETAILS} at (20,0) size 20x120
                  RenderBlock {SUMMARY} at (0,0) size 20x120
                    RenderDetailsMarker {DIV} at (7,84) size 11x12: left
                    RenderText {#text} at (0,24) size 19x61
                      text run at (0,24) width 60: "summary"
      RenderBlock (anonymous) at (0,1114) size 784x20
        RenderBR {BR} at (0,0) size 0x19
      RenderTable {TABLE} at (0,1134) size 614x358 [border: (1px outset #808080)]
        RenderTableSection {TBODY} at (1,1) size 612x356
          RenderTableRow {TR} at (0,2) size 612x32
            RenderTableCell {TH} at (2,2) size 608x32 [border: (1px inset #808080)] [r=0 c=0 rs=1 cs=6]
              RenderText {#text} at (249,6) size 109x19
                text run at (249,6) width 109: "text-align: right"
          RenderTableRow {TR} at (0,36) size 612x32
            RenderTableCell {TH} at (2,53) size 104x32 [border: (1px inset #808080)] [r=1 c=0 rs=2 cs=2]
              RenderText {#text} at (49,6) size 5x19
                text run at (49,6) width 5: " "
            RenderTableCell {TH} at (107,36) size 503x32 [border: (1px inset #808080)] [r=1 c=2 rs=1 cs=4]
              RenderText {#text} at (176,6) size 150x19
                text run at (176,6) width 150: "-webkit-writing-mode"
          RenderTableRow {TR} at (0,70) size 612x32
            RenderTableCell {TH} at (107,70) size 125x32 [border: (1px inset #808080)] [r=2 c=2 rs=1 cs=1]
              RenderText {#text} at (17,6) size 90x19
                text run at (17,6) width 90: "horizontal-tb"
            RenderTableCell {TH} at (233,70) size 125x32 [border: (1px inset #808080)] [r=2 c=3 rs=1 cs=1]
              RenderText {#text} at (17,6) size 90x19
                text run at (17,6) width 90: "horizontal-bt"
            RenderTableCell {TH} at (359,70) size 125x32 [border: (1px inset #808080)] [r=2 c=4 rs=1 cs=1]
              RenderText {#text} at (27,6) size 70x19
                text run at (27,6) width 70: "vertical-lr"
            RenderTableCell {TH} at (485,70) size 125x32 [border: (1px inset #808080)] [r=2 c=5 rs=1 cs=1]
              RenderText {#text} at (27,6) size 70x19
                text run at (27,6) width 70: "vertical-rl"
          RenderTableRow {TR} at (0,104) size 612x124
            RenderTableCell {TH} at (2,213) size 74x32 [border: (1px inset #808080)] [r=3 c=0 rs=4 cs=1]
              RenderText {#text} at (6,6) size 62x19
                text run at (6,6) width 62: "direction"
            RenderTableCell {TH} at (77,150) size 29x32 [border: (1px inset #808080)] [r=3 c=1 rs=1 cs=1]
              RenderText {#text} at (6,6) size 17x19
                text run at (6,6) width 17: "ltr"
            RenderTableCell {TD} at (107,104) size 125x124 [border: (1px solid #000000)] [r=3 c=2 rs=1 cs=1]
              RenderBlock {DIV} at (2,2) size 120x120
                RenderBlock {DETAILS} at (0,0) size 120x20
                  RenderBlock {SUMMARY} at (0,0) size 120x20
                    RenderDetailsMarker {DIV} at (43,4) size 12x11: right
                    RenderText {#text} at (60,0) size 60x19
                      text run at (60,0) width 60: "summary"
                RenderBlock {DETAILS} at (0,20) size 120x20
                  RenderBlock {SUMMARY} at (0,0) size 120x20
                    RenderDetailsMarker {DIV} at (43,4) size 12x11: down
                    RenderText {#text} at (60,0) size 60x19
                      text run at (60,0) width 60: "summary"
            RenderTableCell {TD} at (233,104) size 125x124 [border: (1px solid #000000)] [r=3 c=3 rs=1 cs=1]
              RenderBlock {DIV} at (2,2) size 120x120
                RenderBlock {DETAILS} at (0,0) size 120x20
                  RenderBlock {SUMMARY} at (0,0) size 120x20
                    RenderDetailsMarker {DIV} at (43,4) size 12x11: right
                    RenderText {#text} at (60,0) size 60x19
                      text run at (60,0) width 60: "summary"
                RenderBlock {DETAILS} at (0,20) size 120x20
                  RenderBlock {SUMMARY} at (0,0) size 120x20
                    RenderDetailsMarker {DIV} at (43,4) size 12x11: up
                    RenderText {#text} at (60,0) size 60x19
                      text run at (60,0) width 60: "summary"
            RenderTableCell {TD} at (359,104) size 125x124 [border: (1px solid #000000)] [r=3 c=4 rs=1 cs=1]
              RenderBlock {DIV} at (2,2) size 120x120
                RenderBlock {DETAILS} at (0,0) size 20x120
                  RenderBlock {SUMMARY} at (0,0) size 20x120
                    RenderDetailsMarker {DIV} at (1,49) size 11x12: down
                    RenderText {#text} at (0,60) size 19x60
                      text run at (0,60) width 60: "summary"
                RenderBlock {DETAILS} at (20,0) size 20x120
                  RenderBlock {SUMMARY} at (0,0) size 20x120
                    RenderDetailsMarker {DIV} at (1,49) size 11x12: right
                    RenderText {#text} at (0,60) size 19x60
                      text run at (0,60) width 60: "summary"
            RenderTableCell {TD} at (485,104) size 125x124 [border: (1px solid #000000)] [r=3 c=5 rs=1 cs=1]
              RenderBlock {DIV} at (2,2) size 120x120
                RenderBlock {DETAILS} at (0,0) size 20x120
                  RenderBlock {SUMMARY} at (0,0) size 20x120
                    RenderDetailsMarker {DIV} at (7,49) size 11x12: down
                    RenderText {#text} at (0,60) size 19x60
                      text run at (0,60) width 60: "summary"
                RenderBlock {DETAILS} at (20,0) size 20x120
                  RenderBlock {SUMMARY} at (0,0) size 20x120
                    RenderDetailsMarker {DIV} at (7,49) size 11x12: left
                    RenderText {#text} at (0,60) size 19x60
                      text run at (0,60) width 60: "summary"
          RenderTableRow {TR} at (0,230) size 612x124
            RenderTableCell {TH} at (77,276) size 29x32 [border: (1px inset #808080)] [r=4 c=1 rs=1 cs=1]
              RenderText {#text} at (6,6) size 17x19
                text run at (6,6) width 17: "rtl"
            RenderTableCell {TD} at (107,230) size 125x124 [border: (1px solid #000000)] [r=4 c=2 rs=1 cs=1]
              RenderBlock {DIV} at (2,2) size 120x120
                RenderBlock {DETAILS} at (0,0) size 120x20
                  RenderBlock {SUMMARY} at (0,0) size 120x20
                    RenderDetailsMarker {DIV} at (103,4) size 11x11: left
                    RenderText {#text} at (43,0) size 61x19
                      text run at (43,0) width 61: "summary"
                RenderBlock {DETAILS} at (0,20) size 120x20
                  RenderBlock {SUMMARY} at (0,0) size 120x20
                    RenderDetailsMarker {DIV} at (103,4) size 11x11: down
                    RenderText {#text} at (43,0) size 61x19
                      text run at (43,0) width 61: "summary"
            RenderTableCell {TD} at (233,230) size 125x124 [border: (1px solid #000000)] [r=4 c=3 rs=1 cs=1]
              RenderBlock {DIV} at (2,2) size 120x120
                RenderBlock {DETAILS} at (0,0) size 120x20
                  RenderBlock {SUMMARY} at (0,0) size 120x20
                    RenderDetailsMarker {DIV} at (103,4) size 11x11: left
                    RenderText {#text} at (43,0) size 61x19
                      text run at (43,0) width 61: "summary"
                RenderBlock {DETAILS} at (0,20) size 120x20
                  RenderBlock {SUMMARY} at (0,0) size 120x20
                    RenderDetailsMarker {DIV} at (103,4) size 11x11: up
                    RenderText {#text} at (43,0) size 61x19
                      text run at (43,0) width 61: "summary"
            RenderTableCell {TD} at (359,230) size 125x124 [border: (1px solid #000000)] [r=4 c=4 rs=1 cs=1]
              RenderBlock {DIV} at (2,2) size 120x120
                RenderBlock {DETAILS} at (0,0) size 20x120
                  RenderBlock {SUMMARY} at (0,0) size 20x120
                    RenderDetailsMarker {DIV} at (1,109) size 11x11: up
                    RenderText {#text} at (0,49) size 19x61
                      text run at (0,49) width 60: "summary"
                RenderBlock {DETAILS} at (20,0) size 20x120
                  RenderBlock {SUMMARY} at (0,0) size 20x120
                    RenderDetailsMarker {DIV} at (1,109) size 11x11: right
                    RenderText {#text} at (0,49) size 19x61
                      text run at (0,49) width 60: "summary"
            RenderTableCell {TD} at (485,230) size 125x124 [border: (1px solid #000000)] [r=4 c=5 rs=1 cs=1]
              RenderBlock {DIV} at (2,2) size 120x120
                RenderBlock {DETAILS} at (0,0) size 20x120
                  RenderBlock {SUMMARY} at (0,0) size 20x120
                    RenderDetailsMarker {DIV} at (7,109) size 11x11: up
                    RenderText {#text} at (0,49) size 19x61
                      text run at (0,49) width 60: "summary"
                RenderBlock {DETAILS} at (20,0) size 20x120
                  RenderBlock {SUMMARY} at (0,0) size 20x120
                    RenderDetailsMarker {DIV} at (7,109) size 11x11: left
                    RenderText {#text} at (0,49) size 19x61
                      text run at (0,49) width 60: "summary"
