layer at (0,0) size 800x600
  RenderView at (0,0) size 800x600
layer at (0,0) size 800x456
  RenderBlock {HTML} at (0,0) size 800x457
    RenderBody {BODY} at (8,8) size 784x441
      RenderBlock {DIV} at (0,0) size 784x87
        RenderBlock {DETAILS} at (0,0) size 784x87
          RenderBlock {SUMMARY} at (0,0) size 784x87
            RenderDetailsMarker {DIV} at (0,0) size 112x80 [border: (8px solid #00FF00) (16px solid #00FF00) (24px solid #00FF00) (32px solid #00FF00)]: right
            RenderText {#text} at (121,58) size 94x28
              text run at (121,58) width 94: "Summary"
      RenderBlock {DIV} at (0,87) size 121x174
        RenderBlock {DETAILS} at (0,0) size 121x174
          RenderBlock {SUMMARY} at (0,0) size 121x174
            RenderDetailsMarker {DIV} at (9,0) size 113x80 [border: (8px solid #00FF00) (16px solid #00FF00) (24px solid #00FF00) (32px solid #00FF00)]: down
            RenderText {#text} at (47,79) size 28x95
              text run at (47,79) width 94: "Summary"
      RenderBlock {DIV} at (0,260) size 784x48
        RenderBlock {DETAILS} at (0,0) size 784x47
          RenderBlock {SUMMARY} at (0,0) size 784x47
            RenderDetailsMarker {DIV} at (0,0) size 64x40 [border: (8px solid #00FF00)]: right
            RenderText {#text} at (73,18) size 94x28
              text run at (73,18) width 94: "Summary"
      RenderBlock {DIV} at (0,307) size 74x134
        RenderBlock {DETAILS} at (0,0) size 74x134
          RenderBlock {SUMMARY} at (0,0) size 74x134
            RenderDetailsMarker {DIV} at (9,0) size 65x40 [border: (8px solid #00FF00)]: down
            RenderText {#text} at (23,40) size 28x94
              text run at (23,40) width 94: "Summary"
