layer at (0,0) size 942x600
  RenderView at (0,0) size 800x600
layer at (0,0) size 800x600
  RenderBlock {HTML} at (0,0) size 800x600
    RenderBody {BODY} at (8,8) size 784x584
      RenderBlock {DETAILS} at (0,0) size 784x0
      RenderBlock {DETAILS} at (0,0) size 784x20
      RenderBlock {DETAILS} at (0,20) size 784x0
layer at (50,150) size 50x20
  RenderBlock (positioned) {SUMMARY} at (50,150) size 50x20
    RenderDetailsMarker {DIV} at (0,4) size 11x11: right
    RenderText {#text} at (16,0) size 34x19
      text run at (16,0) width 34: "fixed"
layer at (158,158) size 784x20
  RenderBlock (relative positioned) {SUMMARY} at (0,0) size 784x20
    RenderDetailsMarker {DIV} at (0,4) size 11x11: right
    RenderText {#text} at (16,0) size 49x19
      text run at (16,0) width 49: "relative"
layer at (250,150) size 70x20
  RenderBlock (positioned) {SUMMARY} at (250,150) size 71x20
    RenderDetailsMarker {DIV} at (0,4) size 11x11: right
    RenderText {#text} at (16,0) size 55x19
      text run at (16,0) width 55: "absolute"
