layer at (0,0) size 800x600
  RenderView at (0,0) size 800x600
layer at (0,0) size 800x600
  RenderBlock {HTML} at (0,0) size 800x600
    RenderBody {BODY} at (8,8) size 784x576
      RenderBlock {P} at (0,0) size 784x20
        RenderText {#text} at (0,0) size 417x19
          text run at (0,0) width 417: "This tests the listing tag. It's an obsolete synonym for the pre tag."
      RenderBlock {DIV} at (0,36) size 784x20
        RenderText {#text} at (0,0) size 172x19
          text run at (0,0) width 172: "Text just before the listing."
      RenderBlock {LISTING} at (0,69) size 784x42
        RenderText {#text} at (0,0) size 773x42
          text run at (0,0) width 266: "This text is inside a listing tag."
          text run at (0,14) width 749: "It acts exactly like the pre tag, so the text should be monospaced and not have any line breaks."
          text run at (0,28) width 773: "Also, it eats the very first newline inside the listing, so there should not be a blank line above."
      RenderBlock {P} at (0,127) size 784x20
        RenderText {#text} at (0,0) size 600x19
          text run at (0,0) width 600: "The listing tag has a width in it. To test the JavaScript binding, this page gets the width, here: "
        RenderInline {A} at (0,0) size 25x19
          RenderText {#text} at (599,0) size 25x19
            text run at (599,0) width 25: "100"
