layer at (0,0) size 800x600
  RenderView at (0,0) size 800x600
layer at (0,0) size 800x238
  RenderBlock {html} at (0,0) size 800x238
    RenderBody {body} at (8,16) size 784x206
      RenderBlock {p} at (0,0) size 784x18
        RenderText {#text} at (0,0) size 458x17
          text run at (0,0) width 458: "Each link below should display the text \"n(href=n)\" where n is a number"
      RenderBlock {p} at (0,34) size 784x18
        RenderText {#text} at (0,0) size 323x17
          text run at (0,0) width 323: "The href attribute of the last one is changed onload."
      RenderBlock {p} at (0,86) size 784x18
        RenderInline {a} at (0,0) size 60x17 [color=#0000EE]
          RenderText {#text} at (0,0) size 8x17
            text run at (0,0) width 8: "1"
          RenderInline (generated) at (0,0) size 52x17
            RenderText at (8,0) size 52x17
              text run at (8,0) width 52: "(href=1)"
      RenderBlock {p} at (0,120) size 784x18
        RenderInline {a} at (0,0) size 60x17 [color=#0000EE]
          RenderText {#text} at (0,0) size 8x17
            text run at (0,0) width 8: "2"
          RenderInline (generated) at (0,0) size 52x17
            RenderText at (8,0) size 52x17
              text run at (8,0) width 52: "(href=2)"
      RenderBlock {p} at (0,154) size 784x18
        RenderInline {a} at (0,0) size 60x17 [color=#0000EE]
          RenderText {#text} at (0,0) size 8x17
            text run at (0,0) width 8: "3"
          RenderInline (generated) at (0,0) size 52x17
            RenderText at (8,0) size 52x17
              text run at (8,0) width 52: "(href=3)"
      RenderBlock {p} at (0,188) size 784x18
        RenderInline {a} at (0,0) size 60x17 [color=#0000EE]
          RenderText {#text} at (0,0) size 8x17
            text run at (0,0) width 8: "4"
          RenderInline (generated) at (0,0) size 52x17
            RenderText at (8,0) size 52x17
              text run at (8,0) width 52: "(href=4)"
layer at (8,84) size 784x2 clip at (0,0) size 0x0
  RenderBlock {hr} at (0,68) size 784x2 [border: (1px inset #000000)]
