layer at (0,0) size 800x600
  RenderView at (0,0) size 800x600
layer at (0,0) size 800x600
  RenderBlock {HTML} at (0,0) size 800x600
    RenderBody {BODY} at (8,8) size 784x584
      RenderBlock {P} at (0,0) size 784x18
        RenderText {#text} at (0,0) size 52x17
          text run at (0,0) width 52: "Test for "
        RenderInline {I} at (0,0) size 326x17
          RenderInline {A} at (0,0) size 154x17 [color=#0000EE]
            RenderText {#text} at (51,0) size 154x17
              text run at (51,0) width 154: "rdar://problem/7898436"
          RenderText {#text} at (204,0) size 173x17
            text run at (204,0) width 173: " :after content is duplicated"
        RenderText {#text} at (376,0) size 5x17
          text run at (376,0) width 5: "."
      RenderBlock {P} at (0,34) size 784x18
        RenderText {#text} at (0,0) size 508x17
          text run at (0,0) width 508: "The test passed if the word \x{201C}not\x{201D} appears exactly once in the following sentence:"
      RenderBlock {DIV} at (0,68) size 784x222
        RenderBlock (anonymous) at (0,0) size 784x111
          RenderText {#text} at (0,2) size 455x107
            text run at (0,2) width 455: "The test did"
          RenderInline {SPAN} at (0,0) size 0x0
            RenderInline {B} at (0,0) size 0x0
        RenderBlock (anonymous) at (0,111) size 784x0
          RenderBlock {DIV} at (0,0) size 784x0
        RenderBlock (anonymous) at (0,111) size 784x111
          RenderInline {SPAN} at (0,0) size 147x107
            RenderInline {B} at (0,0) size 0x0
            RenderInline (generated) at (0,0) size 147x107
              RenderText at (0,2) size 147x107
                text run at (0,2) width 147: "not "
          RenderText {#text} at (147,2) size 153x107
            text run at (147,2) width 153: "fail."
