layer at (0,0) size 800x600
  RenderView at (0,0) size 800x600
layer at (0,0) size 800x600
  RenderBlock {HTML} at (0,0) size 800x600
    RenderBody {BODY} at (8,16) size 784x568
      RenderBlock {DIV} at (16,0) size 400x126
        RenderBlock (floating) at (2,-4) size 25x74
          RenderText at (0,16) size 25x70
            text run at (0,16) width 25: "J"
        RenderText {#text} at (29,36) size 399x89
          text run at (29,36) width 370: "ust an example of first-letter. This letter should span 3 lines"
          text run at (29,54) width 351: "of text, and so it should align itself cleanly with the cap-"
          text run at (0,72) width 379: "height of the H lining up with the cap-height of the first line,"
          text run at (0,90) width 394: "and the baseline of the J lining up with the baseline of the third"
          text run at (0,108) width 389: "line. The descender of the J is still avoided by following lines."
