layer at (0,0) size 800x600
  RenderView at (0,0) size 800x600
layer at (0,0) size 800x600
  RenderBlock {HTML} at (0,0) size 800x600
    RenderBody {BODY} at (8,16) size 784x568
      RenderBlock {DIV} at (16,0) size 400x90
        RenderBlock (floating) at (2,4) size 51x46
          RenderText at (0,-17) size 51x78
            text run at (0,-17) width 51: "A"
        RenderText {#text} at (55,0) size 396x89
          text run at (55,0) width 341: "n example of first-letter. This letter should span 3 lines"
          text run at (55,18) width 320: "of text, and so it should align itself cleanly with the"
          text run at (55,36) width 324: "cap-height of the A lining up with the cap-height of"
          text run at (0,54) width 354: "the first line, and the baseline of the A lining up with the"
          text run at (0,72) width 155: "baseline of the third line."
      RenderBlock {SPAN} at (0,106) size 784x90
        RenderBlock {DIV} at (368,0) size 400x90
          RenderBlock (floating) at (347,4) size 51x46
            RenderText at (0,-17) size 51x78
              text run at (0,-17) width 51: "A"
          RenderText {#text} at (4,0) size 396x89
            text run at (4,0) width 341: "n RTL example of first-letter. This letter should span 3"
            text run at (15,18) width 330: "lines of text, and so it should align itself cleanly with"
            text run at (15,36) width 330: "the cap-height of the A lining up with the cap-height"
            text run at (29,54) width 371: "of the first line, and the baseline of the A lining up with the"
            text run at (245,72) width 4 RTL: "."
            text run at (249,72) width 151: "baseline of the third line"
