layer at (0,0) size 800x600
  RenderView at (0,0) size 800x600
layer at (0,0) size 800x600
  RenderBlock {HTML} at (0,0) size 800x600
    RenderBody {BODY} at (8,16) size 784x568
      RenderBlock {DIV} at (16,0) size 400x108
        RenderBlock (floating) at (2,1) size 57x52 [color=#FF0000] [border: (2px solid #FF0000)]
          RenderText at (3,-14) size 51x78
            text run at (3,-14) width 51: "A"
        RenderText {#text} at (61,18) size 398x89
          text run at (61,18) width 308: "n example of first-letter. This letter should span 3"
          text run at (61,36) width 330: "lines of text, and so it should align itself cleanly with"
          text run at (0,54) width 398: "the cap-height of the A lining up with the cap-height of the first"
          text run at (0,72) width 398: "line, and the baseline of the A lining up with the baseline of the"
          text run at (0,90) width 60: "third line."
      RenderBlock {SPAN} at (0,124) size 784x108
        RenderBlock {DIV} at (368,0) size 400x108
          RenderBlock (floating) at (341,1) size 57x52 [color=#FF0000] [border: (2px solid #FF0000)]
            RenderText at (3,-14) size 51x78
              text run at (3,-14) width 51: "A"
          RenderText {#text} at (10,18) size 390x89
            text run at (10,18) width 329: "n RTL example of first-letter. This letter should span"
            text run at (29,36) width 310: "3 lines of text, and so it should align itself cleanly"
            text run at (21,54) width 379: "with the cap-height of the A lining up with the cap-height of"
            text run at (46,72) width 354: "the first line, and the baseline of the A lining up with the"
            text run at (245,90) width 4 RTL: "."
            text run at (249,90) width 151: "baseline of the third line"
