layer at (0,0) size 800x600
  RenderView at (0,0) size 800x600
layer at (0,0) size 800x188
  RenderBlock {HTML} at (0,0) size 800x188
    RenderBody {BODY} at (8,8) size 784x172
      RenderBlock (anonymous) at (0,0) size 784x18
        RenderInline {DIV} at (0,0) size 528x16 [color=#FFFFFF] [bgcolor=#FF0000]
          RenderText {#text} at (0,1) size 528x16
            text run at (0,1) width 528: "Ahem_font_required_for_this_test."
        RenderText {#text} at (0,0) size 0x0
      RenderBlock {P} at (0,34) size 784x18
        RenderText {#text} at (0,0) size 439x18
          text run at (0,0) width 439: "There should be no red below, only a green square bordered in green."
      RenderTable {TABLE} at (0,68) size 104x104
        RenderTableSection {TBODY} at (0,0) size 104x104
          RenderTableRow {TR} at (0,2) size 104x100
            RenderTableCell {TD} at (2,2) size 100x100 [color=#800000] [bgcolor=#FF0000] [r=0 c=0 rs=1 cs=1]
              RenderBlock {DIV} at (0,0) size 100x20 [color=#008000]
                RenderText {#text} at (0,0) size 100x20
                  text run at (0,0) width 100: "XXXXX"
              RenderBlock {DIV} at (0,20) size 100x20 [color=#008000]
                RenderInline {SPAN} at (0,0) size 100x20 [bgcolor=#00FF00]
                  RenderText {#text} at (0,0) size 100x20
                    text run at (0,0) width 100: "X   X"
              RenderBlock {DIV} at (0,40) size 100x20 [color=#008000]
                RenderInline {SPAN} at (0,0) size 100x20 [bgcolor=#00FF00]
                  RenderText {#text} at (0,0) size 100x20
                    text run at (0,0) width 100: "X\x{200B} \x{200B} \x{200B} \x{200B}X"
              RenderBlock {DIV} at (0,60) size 100x20 [color=#008000]
                RenderInline {SPAN} at (0,0) size 100x20 [bgcolor=#00FF00]
                  RenderText {#text} at (0,0) size 100x20
                    text run at (0,0) width 100: "X \x{200B} \x{200B} X"
              RenderBlock {DIV} at (0,80) size 100x20 [color=#008000]
                RenderText {#text} at (0,0) size 100x20
                  text run at (0,0) width 100: "XXXXX"
