layer at (0,0) size 800x600
  RenderView at (0,0) size 800x600
layer at (0,0) size 800x600
  RenderBlock {HTML} at (0,0) size 800x600
    RenderBody {BODY} at (8,8) size 784x584
      RenderBlock {DIV} at (0,0) size 204x43 [border: (2px solid #FF0000)]
        RenderInline {FONT} at (0,0) size 175x36 [color=#996699]
          RenderText {#text} at (0,0) size 0x0
          RenderInline {NOBR} at (0,0) size 150x18
            RenderText {#text} at (2,2) size 10x18
              text run at (2,2) width 10: "\x{2022} "
            RenderInline {A} at (0,0) size 120x18 [color=#0000EE]
              RenderText {#text} at (12,2) size 120x18
                text run at (12,2) width 120: "Corporate Services"
            RenderText {#text} at (132,2) size 20x18
              text run at (132,2) width 20: "     "
          RenderText {#text} at (0,0) size 0x0
          RenderInline {NOBR} at (0,0) size 175x18
            RenderText {#text} at (2,20) size 10x18
              text run at (2,20) width 10: "\x{2022} "
            RenderInline {A} at (0,0) size 145x18 [color=#0000EE]
              RenderText {#text} at (12,20) size 130x18
                text run at (12,20) width 130: "1-800-las-flores.com"
              RenderInline {SUB} at (0,0) size 15x15
                RenderText {#text} at (142,26) size 15x15
                  text run at (142,26) width 15: "sm"
            RenderText {#text} at (157,20) size 20x18
              text run at (157,20) width 20: "     "
          RenderText {#text} at (0,0) size 0x0
      RenderBlock (anonymous) at (0,43) size 784x0
        RenderInline {FONT} at (0,0) size 0x0 [color=#996699]
          RenderText {#text} at (0,0) size 0x0
