layer at (0,0) size 785x1187
  RenderView at (0,0) size 785x600
layer at (0,0) size 785x1187
  RenderBlock {HTML} at (0,0) size 785x1187
    RenderBody {BODY} at (8,8) size 769x1171 [bgcolor=#FFFFFF]
      RenderBlock {H1} at (0,0) size 769x37
        RenderText {#text} at (0,0) size 351x37
          text run at (0,0) width 351: "Safari 1.0 PRE width bug"
      RenderBlock (anonymous) at (0,58) size 769x73
        RenderText {#text} at (0,0) size 101x18
          text run at (0,0) width 101: "As noted in my "
        RenderInline {A} at (0,0) size 28x18 [color=#0000EE]
          RenderText {#text} at (101,0) size 28x18
            text run at (101,0) width 28: "blog"
        RenderText {#text} at (129,0) size 763x72
          text run at (129,0) width 8: ", "
          text run at (137,0) width 431: "in certain cases Safari will miscalculate the width of a PRE element. "
          text run at (568,0) width 195: "I think I've found the trigger. If"
          text run at (0,18) width 265: "a nested container element is preceded by "
          text run at (265,18) width 441: "uncontained text and a blank line, and there are \"too many\" characters"
          text run at (0,36) width 412: "contained in the nested element, the PRE width will be too wide. "
          text run at (412,36) width 337: "In the examples below, the nested element is a SPAN"
          text run at (0,54) width 95: "whose content "
          text run at (95,54) width 226: "is the days-of-week line, as follows:"
      RenderBlock {PRE} at (0,143) size 769x16
        RenderText {#text} at (0,0) size 376x15
          text run at (0,0) width 376: "    <SPAN CLASS=dow> D  M  T  W  J  F  S</SPAN>"
          text run at (376,0) width 0: " "
      RenderBlock {H2} at (0,178) size 769x29
        RenderText {#text} at (0,0) size 109x28
          text run at (0,0) width 109: "Example 1"
      RenderTable {TABLE} at (0,226) size 769x172
        RenderTableSection {TBODY} at (0,0) size 769x171
          RenderTableRow {TR} at (0,2) size 769x167
            RenderTableCell {TD} at (2,2) size 177x167 [r=0 c=0 rs=1 cs=1]
              RenderBlock {PRE} at (1,1) size 175x165 [bgcolor=#CCCC99] [border: (1px solid #000000)]
                RenderText {#text} at (7,8) size 97x30
                  text run at (7,8) width 97: "        2003"
                  text run at (103,8) width 1: " "
                  text run at (7,23) width 1: " "
                RenderInline {SPAN} at (0,0) size 161x19 [border: (1px solid #000000) none (2px solid #000000) none]
                  RenderText {#text} at (7,37) size 161x16
                    text run at (7,37) width 161: " D  M  T  W  J  F  S"
                RenderText {#text} at (167,37) size 161x121
                  text run at (167,37) width 1: " "
                  text run at (7,53) width 1: " "
                  text run at (7,68) width 121: "      September"
                  text run at (127,68) width 1: " "
                  text run at (7,83) width 161: "    1  2  3  4  5  6"
                  text run at (167,83) width 1: " "
                  text run at (7,98) width 161: " 7  8  9 10 11 12 13"
                  text run at (167,98) width 1: " "
                  text run at (7,113) width 161: "14 15 16 17 18 19 20"
                  text run at (167,113) width 1: " "
                  text run at (7,128) width 161: "21 22 23 24 25 26 27"
                  text run at (167,128) width 1: " "
                  text run at (7,143) width 65: "28 29 30"
            RenderTableCell {TD} at (181,2) size 586x20 [r=0 c=1 rs=1 cs=1]
              RenderText {#text} at (1,1) size 483x18
                text run at (1,1) width 341: "The blank line between '2003' and the nested element "
                text run at (342,1) width 142: "triggers the width bug."
      RenderBlock (anonymous) at (0,397) size 769x19
        RenderBR {BR} at (0,0) size 0x18
      RenderBlock {H2} at (0,435) size 769x29
        RenderText {#text} at (0,0) size 109x28
          text run at (0,0) width 109: "Example 2"
      RenderTable {TABLE} at (0,483) size 769x172
        RenderTableSection {TBODY} at (0,0) size 769x171
          RenderTableRow {TR} at (0,2) size 769x167
            RenderTableCell {TD} at (2,2) size 177x167 [r=0 c=0 rs=1 cs=1]
              RenderBlock {PRE} at (1,1) size 175x165 [bgcolor=#CCCC99] [border: (1px solid #000000)]
                RenderText {#text} at (7,8) size 97x30
                  text run at (7,8) width 97: "        2003"
                  text run at (103,8) width 1: " "
                  text run at (7,23) width 1: " "
                RenderInline {SPAN} at (0,0) size 97x19 [border: (1px solid #000000) none (2px solid #000000) none]
                  RenderText {#text} at (7,37) size 97x16
                    text run at (7,37) width 97: " D  M  TWJFS"
                RenderText {#text} at (103,37) size 161x121
                  text run at (103,37) width 1: " "
                  text run at (7,53) width 1: " "
                  text run at (7,68) width 121: "      September"
                  text run at (127,68) width 1: " "
                  text run at (7,83) width 161: "    1  2  3  4  5  6"
                  text run at (167,83) width 1: " "
                  text run at (7,98) width 161: " 7  8  9 10 11 12 13"
                  text run at (167,98) width 1: " "
                  text run at (7,113) width 161: "14 15 16 17 18 19 20"
                  text run at (167,113) width 1: " "
                  text run at (7,128) width 161: "21 22 23 24 25 26 27"
                  text run at (167,128) width 1: " "
                  text run at (7,143) width 65: "28 29 30"
            RenderTableCell {TD} at (181,2) size 586x72 [r=0 c=1 rs=1 cs=1]
              RenderBlock (anonymous) at (1,1) size 584x18
                RenderText {#text} at (0,0) size 483x18
                  text run at (0,0) width 341: "The blank line between '2003' and the nested element "
                  text run at (341,0) width 142: "triggers the width bug."
              RenderBlock {P} at (1,35) size 584x36
                RenderText {#text} at (0,0) size 568x36
                  text run at (0,0) width 351: "Here, the excess whitespace is reduced by reducing the "
                  text run at (351,0) width 217: "number of characters contained by"
                  text run at (0,18) width 120: "the nested element."
      RenderBlock (anonymous) at (0,654) size 769x19
        RenderBR {BR} at (0,0) size 0x18
      RenderBlock {H2} at (0,691) size 769x29
        RenderText {#text} at (0,0) size 109x28
          text run at (0,0) width 109: "Example 3"
      RenderTable {TABLE} at (0,739) size 769x157
        RenderTableSection {TBODY} at (0,0) size 769x156
          RenderTableRow {TR} at (0,2) size 769x152
            RenderTableCell {TD} at (2,2) size 177x152 [r=0 c=0 rs=1 cs=1]
              RenderBlock {PRE} at (1,1) size 175x150 [bgcolor=#CCCC99] [border: (1px solid #000000)]
                RenderText {#text} at (7,8) size 97x15
                  text run at (7,8) width 97: "        2003"
                  text run at (103,8) width 1: " "
                RenderInline {SPAN} at (0,0) size 161x19 [border: (1px solid #000000) none (2px solid #000000) none]
                  RenderText {#text} at (7,22) size 161x16
                    text run at (7,22) width 161: " D  M  T  W  J  F  S"
                RenderText {#text} at (167,22) size 161x121
                  text run at (167,22) width 1: " "
                  text run at (7,38) width 1: " "
                  text run at (7,53) width 121: "      September"
                  text run at (127,53) width 1: " "
                  text run at (7,68) width 161: "    1  2  3  4  5  6"
                  text run at (167,68) width 1: " "
                  text run at (7,83) width 161: " 7  8  9 10 11 12 13"
                  text run at (167,83) width 1: " "
                  text run at (7,98) width 161: "14 15 16 17 18 19 20"
                  text run at (167,98) width 1: " "
                  text run at (7,113) width 161: "21 22 23 24 25 26 27"
                  text run at (167,113) width 1: " "
                  text run at (7,128) width 65: "28 29 30"
            RenderTableCell {TD} at (181,2) size 586x38 [r=0 c=1 rs=1 cs=1]
              RenderText {#text} at (1,1) size 566x36
                text run at (1,1) width 341: "The blank line between '2003' and the nested element "
                text run at (342,1) width 225: "has been removed, so the bug is not"
                text run at (1,19) width 60: "triggered."
      RenderBlock (anonymous) at (0,895) size 769x19
        RenderBR {BR} at (0,0) size 0x18
      RenderBlock {H2} at (0,933) size 769x29
        RenderText {#text} at (0,0) size 109x28
          text run at (0,0) width 109: "Example 4"
      RenderTable {TABLE} at (0,981) size 769x172
        RenderTableSection {TBODY} at (0,0) size 769x171
          RenderTableRow {TR} at (0,2) size 769x167
            RenderTableCell {TD} at (2,2) size 177x167 [r=0 c=0 rs=1 cs=1]
              RenderBlock {PRE} at (1,1) size 175x165 [bgcolor=#CCCC99] [border: (1px solid #000000)]
                RenderInline {SPAN} at (0,0) size 97x15
                  RenderText {#text} at (7,8) size 97x15
                    text run at (7,8) width 97: "        2003"
                RenderText {#text} at (103,8) size 97x30
                  text run at (103,8) width 1: " "
                  text run at (7,23) width 1: " "
                RenderInline {SPAN} at (0,0) size 161x19 [border: (1px solid #000000) none (2px solid #000000) none]
                  RenderText {#text} at (7,37) size 161x16
                    text run at (7,37) width 161: " D  M  T  W  J  F  S"
                RenderText {#text} at (167,37) size 161x121
                  text run at (167,37) width 1: " "
                  text run at (7,53) width 1: " "
                  text run at (7,68) width 121: "      September"
                  text run at (127,68) width 1: " "
                  text run at (7,83) width 161: "    1  2  3  4  5  6"
                  text run at (167,83) width 1: " "
                  text run at (7,98) width 161: " 7  8  9 10 11 12 13"
                  text run at (167,98) width 1: " "
                  text run at (7,113) width 161: "14 15 16 17 18 19 20"
                  text run at (167,113) width 1: " "
                  text run at (7,128) width 161: "21 22 23 24 25 26 27"
                  text run at (167,128) width 1: " "
                  text run at (7,143) width 65: "28 29 30"
            RenderTableCell {TD} at (181,2) size 586x38 [r=0 c=1 rs=1 cs=1]
              RenderText {#text} at (1,1) size 576x36
                text run at (1,1) width 341: "The blank line between '2003' and the nested element "
                text run at (342,1) width 206: "no longer triggers the width bug,"
                text run at (1,19) width 284: "because now the '2003' is itself contained by "
                text run at (285,19) width 292: "a nested element (in this case, another SPAN)."
      RenderBlock (anonymous) at (0,1152) size 769x19
        RenderBR {BR} at (0,0) size 0x18
