layer at (0,0) size 800x600
  RenderView at (0,0) size 800x600
layer at (0,0) size 800x600
  RenderBlock {HTML} at (0,0) size 800x600
    RenderBody {BODY} at (8,8) size 784x584
      RenderFieldSet {FIELDSET} at (2,0) size 780x362 [border: (2px groove #F0F0F0)]
        RenderBlock {DIV} at (14,7) size 752x343
          RenderInline {DIV} at (0,0) size 123x18
            RenderInline {DIV} at (0,0) size 123x18
              RenderText {#text} at (0,0) size 0x0
              RenderInline {A} at (0,0) size 50x18 [color=#0000EE]
                RenderImage {IMG} at (0,0) size 50x34
              RenderText {#text} at (50,20) size 4x18
                text run at (50,20) width 4: " "
              RenderBlock {INPUT} at (58,21) size 13x13
              RenderInline {LABEL} at (0,0) size 45x18
                RenderText {#text} at (74,20) size 45x18
                  text run at (74,20) width 45: "Classic"
              RenderText {#text} at (119,20) size 4x18
                text run at (119,20) width 4: " "
          RenderText {#text} at (0,0) size 0x0
          RenderInline {DIV} at (0,0) size 118x18
            RenderInline {DIV} at (0,0) size 118x18
              RenderText {#text} at (0,0) size 0x0
              RenderInline {A} at (0,0) size 50x18 [color=#0000EE]
                RenderImage {IMG} at (123,0) size 50x34
              RenderText {#text} at (173,20) size 4x18
                text run at (173,20) width 4: " "
              RenderBlock {INPUT} at (181,21) size 13x13
              RenderInline {LABEL} at (0,0) size 40x18
                RenderText {#text} at (197,20) size 40x18
                  text run at (197,20) width 40: "Africa"
              RenderText {#text} at (237,20) size 4x18
                text run at (237,20) width 4: " "
          RenderText {#text} at (0,0) size 0x0
          RenderInline {DIV} at (0,0) size 203x18
            RenderInline {DIV} at (0,0) size 203x18
              RenderText {#text} at (0,0) size 0x0
              RenderInline {A} at (0,0) size 50x18 [color=#0000EE]
                RenderImage {IMG} at (241,0) size 50x34
              RenderText {#text} at (291,20) size 4x18
                text run at (291,20) width 4: " "
              RenderBlock {INPUT} at (299,21) size 13x13
              RenderInline {LABEL} at (0,0) size 125x18
                RenderText {#text} at (315,20) size 125x18
                  text run at (315,20) width 125: "Alexander's Empire"
              RenderText {#text} at (440,20) size 4x18
                text run at (440,20) width 4: " "
          RenderText {#text} at (0,0) size 0x0
          RenderInline {DIV} at (0,0) size 177x18
            RenderInline {DIV} at (0,0) size 177x18
              RenderText {#text} at (0,0) size 0x0
              RenderInline {A} at (0,0) size 50x18 [color=#0000EE]
                RenderImage {IMG} at (444,0) size 50x34
              RenderText {#text} at (494,20) size 4x18
                text run at (494,20) width 4: " "
              RenderBlock {INPUT} at (502,21) size 13x13
              RenderInline {LABEL} at (0,0) size 99x18
                RenderText {#text} at (518,20) size 99x18
                  text run at (518,20) width 99: "Ancient Greece"
              RenderText {#text} at (617,20) size 4x18
                text run at (617,20) width 4: " "
          RenderText {#text} at (0,0) size 0x0
          RenderInline {DIV} at (0,0) size 119x18
            RenderInline {DIV} at (0,0) size 119x18
              RenderText {#text} at (0,0) size 0x0
              RenderInline {A} at (0,0) size 50x18 [color=#0000EE]
                RenderImage {IMG} at (621,0) size 50x34
              RenderText {#text} at (671,20) size 4x18
                text run at (671,20) width 4: " "
              RenderBlock {INPUT} at (679,21) size 13x13
              RenderInline {LABEL} at (0,0) size 45x18
                RenderText {#text} at (695,20) size 45x18
                  text run at (695,20) width 45: "Classic"
              RenderText {#text} at (0,0) size 0x0
          RenderText {#text} at (0,0) size 0x0
          RenderInline {DIV} at (0,0) size 118x18
            RenderInline {DIV} at (0,0) size 118x18
              RenderText {#text} at (0,0) size 0x0
              RenderInline {A} at (0,0) size 50x18 [color=#0000EE]
                RenderImage {IMG} at (0,38) size 50x34
              RenderText {#text} at (50,58) size 4x18
                text run at (50,58) width 4: " "
              RenderBlock {INPUT} at (58,59) size 13x13
              RenderInline {LABEL} at (0,0) size 40x18
                RenderText {#text} at (74,58) size 40x18
                  text run at (74,58) width 40: "Africa"
              RenderText {#text} at (114,58) size 4x18
                text run at (114,58) width 4: " "
          RenderText {#text} at (0,0) size 0x0
          RenderInline {DIV} at (0,0) size 203x18
            RenderInline {DIV} at (0,0) size 203x18
              RenderText {#text} at (0,0) size 0x0
              RenderInline {A} at (0,0) size 50x18 [color=#0000EE]
                RenderImage {IMG} at (118,38) size 50x34
              RenderText {#text} at (168,58) size 4x18
                text run at (168,58) width 4: " "
              RenderBlock {INPUT} at (176,59) size 13x13
              RenderInline {LABEL} at (0,0) size 125x18
                RenderText {#text} at (192,58) size 125x18
                  text run at (192,58) width 125: "Alexander's Empire"
              RenderText {#text} at (317,58) size 4x18
                text run at (317,58) width 4: " "
          RenderText {#text} at (0,0) size 0x0
          RenderInline {DIV} at (0,0) size 177x18
            RenderInline {DIV} at (0,0) size 177x18
              RenderText {#text} at (0,0) size 0x0
              RenderInline {A} at (0,0) size 50x18 [color=#0000EE]
                RenderImage {IMG} at (321,38) size 50x34
              RenderText {#text} at (371,58) size 4x18
                text run at (371,58) width 4: " "
              RenderBlock {INPUT} at (379,59) size 13x13
              RenderInline {LABEL} at (0,0) size 99x18
                RenderText {#text} at (395,58) size 99x18
                  text run at (395,58) width 99: "Ancient Greece"
              RenderText {#text} at (494,58) size 4x18
                text run at (494,58) width 4: " "
          RenderText {#text} at (0,0) size 0x0
          RenderInline {DIV} at (0,0) size 123x18
            RenderInline {DIV} at (0,0) size 123x18
              RenderText {#text} at (0,0) size 0x0
              RenderInline {A} at (0,0) size 50x18 [color=#0000EE]
                RenderImage {IMG} at (498,38) size 50x34
              RenderText {#text} at (548,58) size 4x18
                text run at (548,58) width 4: " "
              RenderBlock {INPUT} at (556,59) size 13x13
              RenderInline {LABEL} at (0,0) size 45x18
                RenderText {#text} at (572,58) size 45x18
                  text run at (572,58) width 45: "Classic"
              RenderText {#text} at (617,58) size 4x18
                text run at (617,58) width 4: " "
          RenderText {#text} at (0,0) size 0x0
          RenderInline {DIV} at (0,0) size 114x18
            RenderInline {DIV} at (0,0) size 114x18
              RenderText {#text} at (0,0) size 0x0
              RenderInline {A} at (0,0) size 50x18 [color=#0000EE]
                RenderImage {IMG} at (621,38) size 50x34
              RenderText {#text} at (671,58) size 4x18
                text run at (671,58) width 4: " "
              RenderBlock {INPUT} at (679,59) size 13x13
              RenderInline {LABEL} at (0,0) size 40x18
                RenderText {#text} at (695,58) size 40x18
                  text run at (695,58) width 40: "Africa"
              RenderText {#text} at (0,0) size 0x0
          RenderText {#text} at (0,0) size 0x0
          RenderInline {DIV} at (0,0) size 203x18
            RenderInline {DIV} at (0,0) size 203x18
              RenderText {#text} at (0,0) size 0x0
              RenderInline {A} at (0,0) size 50x18 [color=#0000EE]
                RenderImage {IMG} at (0,76) size 50x34
              RenderText {#text} at (50,96) size 4x18
                text run at (50,96) width 4: " "
              RenderBlock {INPUT} at (58,97) size 13x13
              RenderInline {LABEL} at (0,0) size 125x18
                RenderText {#text} at (74,96) size 125x18
                  text run at (74,96) width 125: "Alexander's Empire"
              RenderText {#text} at (199,96) size 4x18
                text run at (199,96) width 4: " "
          RenderText {#text} at (0,0) size 0x0
          RenderInline {DIV} at (0,0) size 177x18
            RenderInline {DIV} at (0,0) size 177x18
              RenderText {#text} at (0,0) size 0x0
              RenderInline {A} at (0,0) size 50x18 [color=#0000EE]
                RenderImage {IMG} at (203,76) size 50x34
              RenderText {#text} at (253,96) size 4x18
                text run at (253,96) width 4: " "
              RenderBlock {INPUT} at (261,97) size 13x13
              RenderInline {LABEL} at (0,0) size 99x18
                RenderText {#text} at (277,96) size 99x18
                  text run at (277,96) width 99: "Ancient Greece"
              RenderText {#text} at (376,96) size 4x18
                text run at (376,96) width 4: " "
          RenderText {#text} at (0,0) size 0x0
          RenderInline {DIV} at (0,0) size 123x18
            RenderInline {DIV} at (0,0) size 123x18
              RenderText {#text} at (0,0) size 0x0
              RenderInline {A} at (0,0) size 50x18 [color=#0000EE]
                RenderImage {IMG} at (380,76) size 50x34
              RenderText {#text} at (430,96) size 4x18
                text run at (430,96) width 4: " "
              RenderBlock {INPUT} at (438,97) size 13x13
              RenderInline {LABEL} at (0,0) size 45x18
                RenderText {#text} at (454,96) size 45x18
                  text run at (454,96) width 45: "Classic"
              RenderText {#text} at (499,96) size 4x18
                text run at (499,96) width 4: " "
          RenderText {#text} at (0,0) size 0x0
          RenderInline {DIV} at (0,0) size 114x18
            RenderInline {DIV} at (0,0) size 114x18
              RenderText {#text} at (0,0) size 0x0
              RenderInline {A} at (0,0) size 50x18 [color=#0000EE]
                RenderImage {IMG} at (503,76) size 50x34
              RenderText {#text} at (553,96) size 4x18
                text run at (553,96) width 4: " "
              RenderBlock {INPUT} at (561,97) size 13x13
              RenderInline {LABEL} at (0,0) size 40x18
                RenderText {#text} at (577,96) size 40x18
                  text run at (577,96) width 40: "Africa"
              RenderText {#text} at (0,0) size 0x0
          RenderText {#text} at (0,0) size 0x0
          RenderInline {DIV} at (0,0) size 203x18
            RenderInline {DIV} at (0,0) size 203x18
              RenderText {#text} at (0,0) size 0x0
              RenderInline {A} at (0,0) size 50x18 [color=#0000EE]
                RenderImage {IMG} at (0,114) size 50x34
              RenderText {#text} at (50,134) size 4x18
                text run at (50,134) width 4: " "
              RenderBlock {INPUT} at (58,135) size 13x13
              RenderInline {LABEL} at (0,0) size 125x18
                RenderText {#text} at (74,134) size 125x18
                  text run at (74,134) width 125: "Alexander's Empire"
              RenderText {#text} at (199,134) size 4x18
                text run at (199,134) width 4: " "
          RenderText {#text} at (0,0) size 0x0
          RenderInline {DIV} at (0,0) size 177x18
            RenderInline {DIV} at (0,0) size 177x18
              RenderText {#text} at (0,0) size 0x0
              RenderInline {A} at (0,0) size 50x18 [color=#0000EE]
                RenderImage {IMG} at (203,114) size 50x34
              RenderText {#text} at (253,134) size 4x18
                text run at (253,134) width 4: " "
              RenderBlock {INPUT} at (261,135) size 13x13
              RenderInline {LABEL} at (0,0) size 99x18
                RenderText {#text} at (277,134) size 99x18
                  text run at (277,134) width 99: "Ancient Greece"
              RenderText {#text} at (376,134) size 4x18
                text run at (376,134) width 4: " "
          RenderText {#text} at (0,0) size 0x0
          RenderInline {DIV} at (0,0) size 123x18
            RenderInline {DIV} at (0,0) size 123x18
              RenderText {#text} at (0,0) size 0x0
              RenderInline {A} at (0,0) size 50x18 [color=#0000EE]
                RenderImage {IMG} at (380,114) size 50x34
              RenderText {#text} at (430,134) size 4x18
                text run at (430,134) width 4: " "
              RenderBlock {INPUT} at (438,135) size 13x13
              RenderInline {LABEL} at (0,0) size 45x18
                RenderText {#text} at (454,134) size 45x18
                  text run at (454,134) width 45: "Classic"
              RenderText {#text} at (499,134) size 4x18
                text run at (499,134) width 4: " "
          RenderText {#text} at (0,0) size 0x0
          RenderInline {DIV} at (0,0) size 114x18
            RenderInline {DIV} at (0,0) size 114x18
              RenderText {#text} at (0,0) size 0x0
              RenderInline {A} at (0,0) size 50x18 [color=#0000EE]
                RenderImage {IMG} at (503,114) size 50x34
              RenderText {#text} at (553,134) size 4x18
                text run at (553,134) width 4: " "
              RenderBlock {INPUT} at (561,135) size 13x13
              RenderInline {LABEL} at (0,0) size 40x18
                RenderText {#text} at (577,134) size 40x18
                  text run at (577,134) width 40: "Africa"
              RenderText {#text} at (0,0) size 0x0
          RenderText {#text} at (0,0) size 0x0
          RenderInline {DIV} at (0,0) size 203x18
            RenderInline {DIV} at (0,0) size 203x18
              RenderText {#text} at (0,0) size 0x0
              RenderInline {A} at (0,0) size 50x18 [color=#0000EE]
                RenderImage {IMG} at (0,152) size 50x34
              RenderText {#text} at (50,172) size 4x18
                text run at (50,172) width 4: " "
              RenderBlock {INPUT} at (58,173) size 13x13
              RenderInline {LABEL} at (0,0) size 125x18
                RenderText {#text} at (74,172) size 125x18
                  text run at (74,172) width 125: "Alexander's Empire"
              RenderText {#text} at (199,172) size 4x18
                text run at (199,172) width 4: " "
          RenderText {#text} at (0,0) size 0x0
          RenderInline {DIV} at (0,0) size 177x18
            RenderInline {DIV} at (0,0) size 177x18
              RenderText {#text} at (0,0) size 0x0
              RenderInline {A} at (0,0) size 50x18 [color=#0000EE]
                RenderImage {IMG} at (203,152) size 50x34
              RenderText {#text} at (253,172) size 4x18
                text run at (253,172) width 4: " "
              RenderBlock {INPUT} at (261,173) size 13x13
              RenderInline {LABEL} at (0,0) size 99x18
                RenderText {#text} at (277,172) size 99x18
                  text run at (277,172) width 99: "Ancient Greece"
              RenderText {#text} at (376,172) size 4x18
                text run at (376,172) width 4: " "
          RenderText {#text} at (0,0) size 0x0
          RenderInline {DIV} at (0,0) size 123x18
            RenderInline {DIV} at (0,0) size 123x18
              RenderText {#text} at (0,0) size 0x0
              RenderInline {A} at (0,0) size 50x18 [color=#0000EE]
                RenderImage {IMG} at (380,152) size 50x34
              RenderText {#text} at (430,172) size 4x18
                text run at (430,172) width 4: " "
              RenderBlock {INPUT} at (438,173) size 13x13
              RenderInline {LABEL} at (0,0) size 45x18
                RenderText {#text} at (454,172) size 45x18
                  text run at (454,172) width 45: "Classic"
              RenderText {#text} at (499,172) size 4x18
                text run at (499,172) width 4: " "
          RenderText {#text} at (0,0) size 0x0
          RenderInline {DIV} at (0,0) size 114x18
            RenderInline {DIV} at (0,0) size 114x18
              RenderText {#text} at (0,0) size 0x0
              RenderInline {A} at (0,0) size 50x18 [color=#0000EE]
                RenderImage {IMG} at (503,152) size 50x34
              RenderText {#text} at (553,172) size 4x18
                text run at (553,172) width 4: " "
              RenderBlock {INPUT} at (561,173) size 13x13
              RenderInline {LABEL} at (0,0) size 40x18
                RenderText {#text} at (577,172) size 40x18
                  text run at (577,172) width 40: "Africa"
              RenderText {#text} at (0,0) size 0x0
          RenderText {#text} at (0,0) size 0x0
          RenderInline {DIV} at (0,0) size 203x18
            RenderInline {DIV} at (0,0) size 203x18
              RenderText {#text} at (0,0) size 0x0
              RenderInline {A} at (0,0) size 50x18 [color=#0000EE]
                RenderImage {IMG} at (0,190) size 50x34
              RenderText {#text} at (50,210) size 4x18
                text run at (50,210) width 4: " "
              RenderBlock {INPUT} at (58,211) size 13x13
              RenderInline {LABEL} at (0,0) size 125x18
                RenderText {#text} at (74,210) size 125x18
                  text run at (74,210) width 125: "Alexander's Empire"
              RenderText {#text} at (199,210) size 4x18
                text run at (199,210) width 4: " "
          RenderText {#text} at (0,0) size 0x0
          RenderInline {DIV} at (0,0) size 177x18
            RenderInline {DIV} at (0,0) size 177x18
              RenderText {#text} at (0,0) size 0x0
              RenderInline {A} at (0,0) size 50x18 [color=#0000EE]
                RenderImage {IMG} at (203,190) size 50x34
              RenderText {#text} at (253,210) size 4x18
                text run at (253,210) width 4: " "
              RenderBlock {INPUT} at (261,211) size 13x13
              RenderInline {LABEL} at (0,0) size 99x18
                RenderText {#text} at (277,210) size 99x18
                  text run at (277,210) width 99: "Ancient Greece"
              RenderText {#text} at (376,210) size 4x18
                text run at (376,210) width 4: " "
          RenderText {#text} at (0,0) size 0x0
          RenderInline {DIV} at (0,0) size 123x18
            RenderInline {DIV} at (0,0) size 123x18
              RenderText {#text} at (0,0) size 0x0
              RenderInline {A} at (0,0) size 50x18 [color=#0000EE]
                RenderImage {IMG} at (380,190) size 50x34
              RenderText {#text} at (430,210) size 4x18
                text run at (430,210) width 4: " "
              RenderBlock {INPUT} at (438,211) size 13x13
              RenderInline {LABEL} at (0,0) size 45x18
                RenderText {#text} at (454,210) size 45x18
                  text run at (454,210) width 45: "Classic"
              RenderText {#text} at (499,210) size 4x18
                text run at (499,210) width 4: " "
          RenderText {#text} at (0,0) size 0x0
          RenderInline {DIV} at (0,0) size 114x18
            RenderInline {DIV} at (0,0) size 114x18
              RenderText {#text} at (0,0) size 0x0
              RenderInline {A} at (0,0) size 50x18 [color=#0000EE]
                RenderImage {IMG} at (503,190) size 50x34
              RenderText {#text} at (553,210) size 4x18
                text run at (553,210) width 4: " "
              RenderBlock {INPUT} at (561,211) size 13x13
              RenderInline {LABEL} at (0,0) size 40x18
                RenderText {#text} at (577,210) size 40x18
                  text run at (577,210) width 40: "Africa"
              RenderText {#text} at (0,0) size 0x0
          RenderText {#text} at (0,0) size 0x0
          RenderInline {DIV} at (0,0) size 203x18
            RenderInline {DIV} at (0,0) size 203x18
              RenderText {#text} at (0,0) size 0x0
              RenderInline {A} at (0,0) size 50x18 [color=#0000EE]
                RenderImage {IMG} at (0,228) size 50x34
              RenderText {#text} at (50,248) size 4x18
                text run at (50,248) width 4: " "
              RenderBlock {INPUT} at (58,249) size 13x13
              RenderInline {LABEL} at (0,0) size 125x18
                RenderText {#text} at (74,248) size 125x18
                  text run at (74,248) width 125: "Alexander's Empire"
              RenderText {#text} at (199,248) size 4x18
                text run at (199,248) width 4: " "
          RenderText {#text} at (0,0) size 0x0
          RenderInline {DIV} at (0,0) size 177x18
            RenderInline {DIV} at (0,0) size 177x18
              RenderText {#text} at (0,0) size 0x0
              RenderInline {A} at (0,0) size 50x18 [color=#0000EE]
                RenderImage {IMG} at (203,228) size 50x34
              RenderText {#text} at (253,248) size 4x18
                text run at (253,248) width 4: " "
              RenderBlock {INPUT} at (261,249) size 13x13
              RenderInline {LABEL} at (0,0) size 99x18
                RenderText {#text} at (277,248) size 99x18
                  text run at (277,248) width 99: "Ancient Greece"
              RenderText {#text} at (376,248) size 4x18
                text run at (376,248) width 4: " "
          RenderText {#text} at (0,0) size 0x0
          RenderInline {DIV} at (0,0) size 123x18
            RenderInline {DIV} at (0,0) size 123x18
              RenderText {#text} at (0,0) size 0x0
              RenderInline {A} at (0,0) size 50x18 [color=#0000EE]
                RenderImage {IMG} at (380,228) size 50x34
              RenderText {#text} at (430,248) size 4x18
                text run at (430,248) width 4: " "
              RenderBlock {INPUT} at (438,249) size 13x13
              RenderInline {LABEL} at (0,0) size 45x18
                RenderText {#text} at (454,248) size 45x18
                  text run at (454,248) width 45: "Classic"
              RenderText {#text} at (499,248) size 4x18
                text run at (499,248) width 4: " "
          RenderText {#text} at (0,0) size 0x0
          RenderInline {DIV} at (0,0) size 114x18
            RenderInline {DIV} at (0,0) size 114x18
              RenderText {#text} at (0,0) size 0x0
              RenderInline {A} at (0,0) size 50x18 [color=#0000EE]
                RenderImage {IMG} at (503,228) size 50x34
              RenderText {#text} at (553,248) size 4x18
                text run at (553,248) width 4: " "
              RenderBlock {INPUT} at (561,249) size 13x13
              RenderInline {LABEL} at (0,0) size 40x18
                RenderText {#text} at (577,248) size 40x18
                  text run at (577,248) width 40: "Africa"
              RenderText {#text} at (0,0) size 0x0
          RenderText {#text} at (0,0) size 0x0
          RenderInline {DIV} at (0,0) size 203x18
            RenderInline {DIV} at (0,0) size 203x18
              RenderText {#text} at (0,0) size 0x0
              RenderInline {A} at (0,0) size 50x18 [color=#0000EE]
                RenderImage {IMG} at (0,266) size 50x34
              RenderText {#text} at (50,286) size 4x18
                text run at (50,286) width 4: " "
              RenderBlock {INPUT} at (58,287) size 13x13
              RenderInline {LABEL} at (0,0) size 125x18
                RenderText {#text} at (74,286) size 125x18
                  text run at (74,286) width 125: "Alexander's Empire"
              RenderText {#text} at (199,286) size 4x18
                text run at (199,286) width 4: " "
          RenderText {#text} at (0,0) size 0x0
          RenderInline {DIV} at (0,0) size 177x18
            RenderInline {DIV} at (0,0) size 177x18
              RenderText {#text} at (0,0) size 0x0
              RenderInline {A} at (0,0) size 50x18 [color=#0000EE]
                RenderImage {IMG} at (203,266) size 50x34
              RenderText {#text} at (253,286) size 4x18
                text run at (253,286) width 4: " "
              RenderBlock {INPUT} at (261,287) size 13x13
              RenderInline {LABEL} at (0,0) size 99x18
                RenderText {#text} at (277,286) size 99x18
                  text run at (277,286) width 99: "Ancient Greece"
              RenderText {#text} at (376,286) size 4x18
                text run at (376,286) width 4: " "
          RenderText {#text} at (0,0) size 0x0
          RenderInline {DIV} at (0,0) size 123x18
            RenderInline {DIV} at (0,0) size 123x18
              RenderText {#text} at (0,0) size 0x0
              RenderInline {A} at (0,0) size 50x18 [color=#0000EE]
                RenderImage {IMG} at (380,266) size 50x34
              RenderText {#text} at (430,286) size 4x18
                text run at (430,286) width 4: " "
              RenderBlock {INPUT} at (438,287) size 13x13
              RenderInline {LABEL} at (0,0) size 45x18
                RenderText {#text} at (454,286) size 45x18
                  text run at (454,286) width 45: "Classic"
              RenderText {#text} at (499,286) size 4x18
                text run at (499,286) width 4: " "
          RenderText {#text} at (0,0) size 0x0
          RenderInline {DIV} at (0,0) size 114x18
            RenderInline {DIV} at (0,0) size 114x18
              RenderText {#text} at (0,0) size 0x0
              RenderInline {A} at (0,0) size 50x18 [color=#0000EE]
                RenderImage {IMG} at (503,266) size 50x34
              RenderText {#text} at (553,286) size 4x18
                text run at (553,286) width 4: " "
              RenderBlock {INPUT} at (561,287) size 13x13
              RenderInline {LABEL} at (0,0) size 40x18
                RenderText {#text} at (577,286) size 40x18
                  text run at (577,286) width 40: "Africa"
              RenderText {#text} at (0,0) size 0x0
          RenderText {#text} at (0,0) size 0x0
          RenderInline {DIV} at (0,0) size 203x18
            RenderInline {DIV} at (0,0) size 203x18
              RenderText {#text} at (0,0) size 0x0
              RenderInline {A} at (0,0) size 50x18 [color=#0000EE]
                RenderImage {IMG} at (0,304) size 50x34
              RenderText {#text} at (50,324) size 4x18
                text run at (50,324) width 4: " "
              RenderBlock {INPUT} at (58,325) size 13x13
              RenderInline {LABEL} at (0,0) size 125x18
                RenderText {#text} at (74,324) size 125x18
                  text run at (74,324) width 125: "Alexander's Empire"
              RenderText {#text} at (199,324) size 4x18
                text run at (199,324) width 4: " "
          RenderText {#text} at (0,0) size 0x0
          RenderInline {DIV} at (0,0) size 173x18
            RenderInline {DIV} at (0,0) size 173x18
              RenderText {#text} at (0,0) size 0x0
              RenderInline {A} at (0,0) size 50x18 [color=#0000EE]
                RenderImage {IMG} at (203,304) size 50x34
              RenderText {#text} at (253,324) size 4x18
                text run at (253,324) width 4: " "
              RenderBlock {INPUT} at (261,325) size 13x13
              RenderInline {LABEL} at (0,0) size 99x18
                RenderText {#text} at (277,324) size 99x18
                  text run at (277,324) width 99: "Ancient Greece"
              RenderText {#text} at (0,0) size 0x0
          RenderText {#text} at (0,0) size 0x0
