layer at (0,0) size 785x1728
  RenderView at (0,0) size 785x600
layer at (0,0) size 785x1728
  RenderBlock {HTML} at (0,0) size 785x1729
    RenderBody {BODY} at (8,8) size 769x1713 [bgcolor=#CCCCCC]
      RenderBlock {P} at (0,0) size 769x18
        RenderText {#text} at (0,0) size 355x18
          text run at (0,0) width 355: "The style declarations which apply to the text below are:"
      RenderBlock {PRE} at (0,34) size 769x135
        RenderText {#text} at (0,0) size 416x135
          text run at (0,0) width 408: ".zero {background-color: silver; margin-bottom: 0;}"
          text run at (408,0) width 0: " "
          text run at (0,15) width 416: ".one {margin-bottom: 0.5in; background-color: aqua;}"
          text run at (416,15) width 0: " "
          text run at (0,30) width 408: ".two {margin-bottom: 25px; background-color: aqua;}"
          text run at (408,30) width 0: " "
          text run at (0,45) width 416: ".three {margin-bottom: 5em; background-color: aqua;}"
          text run at (416,45) width 0: " "
          text run at (0,60) width 408: ".four {margin-bottom: 25%; background-color: aqua;}"
          text run at (408,60) width 0: " "
          text run at (0,75) width 224: ".five {margin-bottom: 25px;}"
          text run at (224,75) width 0: " "
          text run at (0,90) width 416: ".six {margin-bottom: -10px; background-color: aqua;}"
          text run at (416,90) width 0: " "
          text run at (0,105) width 176: "P, UL {margin-top: 0;}"
          text run at (176,105) width 0: " "
          text run at (0,120) width 0: " "
      RenderBlock {HR} at (0,182) size 769x2 [border: (1px inset #000000)]
      RenderBlock {P} at (0,192) size 769x18 [bgcolor=#C0C0C0]
        RenderText {#text} at (0,0) size 203x18
          text run at (0,0) width 203: "This element has a class of zero."
      RenderBlock {P} at (0,210) size 769x36 [bgcolor=#00FFFF]
        RenderText {#text} at (0,0) size 740x36
          text run at (0,0) width 740: "This sentence should have a bottom margin of half an inch, which will require extra text in order to make sure that the"
          text run at (0,18) width 203: "margin isn't applied to each line."
      RenderBlock {P} at (0,294) size 769x36 [bgcolor=#00FFFF]
        RenderText {#text} at (0,0) size 723x36
          text run at (0,0) width 723: "This sentence should have a bottom margin of 25 pixels, which will require extra text in order to make sure that the"
          text run at (0,18) width 203: "margin isn't applied to each line."
      RenderBlock {P} at (0,355) size 769x36 [bgcolor=#00FFFF]
        RenderText {#text} at (0,0) size 745x36
          text run at (0,0) width 745: "This sentence should have a bottom margin of 5 em, which will require extra text in order to make sure that the margin"
          text run at (0,18) width 155: "isn't applied to each line."
      RenderBlock {P} at (0,471) size 769x36 [bgcolor=#00FFFF]
        RenderText {#text} at (0,0) size 767x36
          text run at (0,0) width 767: "This element should have a bottom margin of 25%, which will require extra text in order to make sure that the margin isn't"
          text run at (0,18) width 126: "applied to each line."
      RenderBlock {P} at (0,699) size 769x19 [bgcolor=#C0C0C0]
        RenderText {#text} at (0,0) size 203x18
          text run at (0,0) width 203: "This element has a class of zero."
      RenderBlock {P} at (0,717) size 769x19 [bgcolor=#C0C0C0]
        RenderText {#text} at (0,0) size 232x18
          text run at (0,0) width 232: "This element also has a class of zero."
      RenderBlock {UL} at (0,735) size 769x98 [bgcolor=#00FFFF]
        RenderListItem {LI} at (40,0) size 729x18
          RenderListMarker at (-17,0) size 7x18: bullet
          RenderText {#text} at (0,0) size 424x18
            text run at (0,0) width 424: "This list has a margin-bottom of 25px, and a light blue background."
        RenderListItem {LI} at (40,18) size 729x18
          RenderListMarker at (-17,0) size 7x18: bullet
          RenderText {#text} at (0,0) size 264x18
            text run at (0,0) width 264: "Therefore, it ought to have such a margin."
        RenderListItem {LI} at (40,36) size 729x18
          RenderListMarker at (-17,0) size 7x18: bullet
          RenderText {#text} at (0,0) size 591x18
            text run at (0,0) width 591: "This list item has a bottom margin of 25px, which should cause it to be offset in some fashion."
        RenderListItem {LI} at (40,79) size 729x18
          RenderListMarker at (-17,0) size 7x18: bullet
          RenderText {#text} at (0,0) size 294x18
            text run at (0,0) width 294: "This list item has no special styles applied to it."
      RenderBlock {P} at (0,857) size 769x55 [bgcolor=#00FFFF]
        RenderText {#text} at (0,0) size 760x54
          text run at (0,0) width 748: "This paragraph has a bottom margin of -10px, which should cause elements after it to be shifted \"upward\" on the page,"
          text run at (0,18) width 123: "and no top margin. "
          text run at (123,18) width 488: "No other styles have been applied to it besides a light blue background color. "
          text run at (611,18) width 149: "In all other respects, the"
          text run at (0,36) width 166: "element should be normal."
      RenderBlock {P} at (0,901) size 769x19 [bgcolor=#C0C0C0]
        RenderText {#text} at (0,0) size 203x18
          text run at (0,0) width 203: "This element has a class of zero."
      RenderBlock {P} at (0,919) size 769x19 [bgcolor=#C0C0C0]
        RenderText {#text} at (0,0) size 232x18
          text run at (0,0) width 232: "This element also has a class of zero."
      RenderTable {TABLE} at (0,937) size 769x776 [border: (1px outset #808080)]
        RenderTableSection {TBODY} at (1,1) size 767x773
          RenderTableRow {TR} at (0,0) size 767x26
            RenderTableCell {TD} at (0,0) size 767x26 [bgcolor=#C0C0C0] [border: (1px inset #808080)] [r=0 c=0 rs=1 cs=2]
              RenderInline {STRONG} at (0,0) size 163x18
                RenderText {#text} at (4,4) size 163x18
                  text run at (4,4) width 163: "TABLE Testing Section"
          RenderTableRow {TR} at (0,26) size 767x747
            RenderTableCell {TD} at (0,386) size 12x26 [bgcolor=#C0C0C0] [border: (1px inset #808080)] [r=1 c=0 rs=1 cs=1]
              RenderText {#text} at (4,4) size 4x18
                text run at (4,4) width 4: " "
            RenderTableCell {TD} at (12,26) size 755x748 [border: (1px inset #808080)] [r=1 c=1 rs=1 cs=1]
              RenderBlock {P} at (4,4) size 747x18 [bgcolor=#C0C0C0]
                RenderText {#text} at (0,0) size 203x18
                  text run at (0,0) width 203: "This element has a class of zero."
              RenderBlock {P} at (4,22) size 747x36 [bgcolor=#00FFFF]
                RenderText {#text} at (0,0) size 740x36
                  text run at (0,0) width 740: "This sentence should have a bottom margin of half an inch, which will require extra text in order to make sure that the"
                  text run at (0,18) width 203: "margin isn't applied to each line."
              RenderBlock {P} at (4,106) size 747x36 [bgcolor=#00FFFF]
                RenderText {#text} at (0,0) size 723x36
                  text run at (0,0) width 723: "This sentence should have a bottom margin of 25 pixels, which will require extra text in order to make sure that the"
                  text run at (0,18) width 203: "margin isn't applied to each line."
              RenderBlock {P} at (4,167) size 747x36 [bgcolor=#00FFFF]
                RenderText {#text} at (0,0) size 745x36
                  text run at (0,0) width 745: "This sentence should have a bottom margin of 5 em, which will require extra text in order to make sure that the margin"
                  text run at (0,18) width 155: "isn't applied to each line."
              RenderBlock {P} at (4,283) size 747x36 [bgcolor=#00FFFF]
                RenderText {#text} at (0,0) size 738x36
                  text run at (0,0) width 738: "This element should have a bottom margin of 25%, which will require extra text in order to make sure that the margin"
                  text run at (0,18) width 155: "isn't applied to each line."
              RenderBlock {P} at (4,505) size 747x19 [bgcolor=#C0C0C0]
                RenderText {#text} at (0,0) size 203x18
                  text run at (0,0) width 203: "This element has a class of zero."
              RenderBlock {P} at (4,523) size 747x19 [bgcolor=#C0C0C0]
                RenderText {#text} at (0,0) size 232x18
                  text run at (0,0) width 232: "This element also has a class of zero."
              RenderBlock {UL} at (4,541) size 747x98 [bgcolor=#00FFFF]
                RenderListItem {LI} at (40,0) size 707x18
                  RenderListMarker at (-17,0) size 7x18: bullet
                  RenderText {#text} at (0,0) size 424x18
                    text run at (0,0) width 424: "This list has a margin-bottom of 25px, and a light blue background."
                RenderListItem {LI} at (40,18) size 707x18
                  RenderListMarker at (-17,0) size 7x18: bullet
                  RenderText {#text} at (0,0) size 264x18
                    text run at (0,0) width 264: "Therefore, it ought to have such a margin."
                RenderListItem {LI} at (40,36) size 707x18
                  RenderListMarker at (-17,0) size 7x18: bullet
                  RenderText {#text} at (0,0) size 591x18
                    text run at (0,0) width 591: "This list item has a bottom margin of 25px, which should cause it to be offset in some fashion."
                RenderListItem {LI} at (40,79) size 707x18
                  RenderListMarker at (-17,0) size 7x18: bullet
                  RenderText {#text} at (0,0) size 294x18
                    text run at (0,0) width 294: "This list item has no special styles applied to it."
              RenderBlock {P} at (4,663) size 747x55 [bgcolor=#00FFFF]
                RenderText {#text} at (0,0) size 717x54
                  text run at (0,0) width 710: "This paragraph has a bottom margin of -10px, which should cause elements after it to be shifted \"upward\" on the"
                  text run at (0,18) width 161: "page, and no top margin. "
                  text run at (161,18) width 488: "No other styles have been applied to it besides a light blue background color. "
                  text run at (649,18) width 68: "In all other"
                  text run at (0,36) width 247: "respects, the element should be normal."
              RenderBlock {P} at (4,707) size 747x19 [bgcolor=#C0C0C0]
                RenderText {#text} at (0,0) size 203x18
                  text run at (0,0) width 203: "This element has a class of zero."
              RenderBlock {P} at (4,725) size 747x19 [bgcolor=#C0C0C0]
                RenderText {#text} at (0,0) size 232x18
                  text run at (0,0) width 232: "This element also has a class of zero."
