layer at (0,0) size 785x1549
  RenderView at (0,0) size 785x600
layer at (0,0) size 785x1549
  RenderBlock {HTML} at (0,0) size 785x1550
    RenderBody {BODY} at (8,8) size 769x1534 [bgcolor=#CCCCCC]
      RenderBlock {P} at (0,0) size 769x18
        RenderText {#text} at (0,0) size 355x18
          text run at (0,0) width 355: "The style declarations which apply to the text below are:"
      RenderBlock {PRE} at (0,34) size 769x90
        RenderText {#text} at (0,0) size 432x90
          text run at (0,0) width 416: ".zero {background-color: silver; padding-bottom: 0;}"
          text run at (416,0) width 0: " "
          text run at (0,15) width 424: ".one {padding-bottom: 0.5in; background-color: aqua;}"
          text run at (424,15) width 0: " "
          text run at (0,30) width 416: ".two {padding-bottom: 25px; background-color: aqua;}"
          text run at (416,30) width 0: " "
          text run at (0,45) width 424: ".three {padding-bottom: 5em; background-color: aqua;}"
          text run at (424,45) width 0: " "
          text run at (0,60) width 416: ".four {padding-bottom: 25%; background-color: aqua;}"
          text run at (416,60) width 0: " "
          text run at (0,75) width 432: ".five {padding-bottom: -20px; background-color: aqua;}"
          text run at (432,75) width 0: " "
      RenderBlock {HR} at (0,137) size 769x2 [border: (1px inset #000000)]
      RenderBlock {P} at (0,155) size 769x18 [bgcolor=#C0C0C0]
        RenderText {#text} at (0,0) size 203x18
          text run at (0,0) width 203: "This element has a class of zero."
      RenderBlock {P} at (0,189) size 769x84 [bgcolor=#00FFFF]
        RenderText {#text} at (0,0) size 761x36
          text run at (0,0) width 657: "This element should have a bottom padding of half an inch, which will require extra text in order to test. "
          text run at (657,0) width 104: "Both the content"
          text run at (0,18) width 356: "background and the padding should be aqua (light blue)."
      RenderBlock {P} at (0,289) size 769x61 [bgcolor=#00FFFF]
        RenderText {#text} at (0,0) size 744x36
          text run at (0,0) width 640: "This element should have a bottom padding of 25 pixels, which will require extra text in order to test. "
          text run at (640,0) width 104: "Both the content"
          text run at (0,18) width 356: "background and the padding should be aqua (light blue)."
      RenderBlock {P} at (0,366) size 769x116 [bgcolor=#00FFFF]
        RenderText {#text} at (0,0) size 718x36
          text run at (0,0) width 614: "This element should have a bottom padding of 5 em, which will require extra text in order to test. "
          text run at (614,0) width 104: "Both the content"
          text run at (0,18) width 356: "background and the padding should be aqua (light blue)."
      RenderBlock {P} at (0,498) size 769x229 [bgcolor=#00FFFF]
        RenderText {#text} at (0,0) size 752x36
          text run at (0,0) width 752: "This element should have a bottom padding of 25%, which is calculated with respect to the width of the parent element."
          text run at (0,18) width 268: "This will require extra text in order to test. "
          text run at (268,18) width 464: "Both the content background and the padding should be aqua (light blue)."
      RenderBlock {P} at (0,742) size 769x19 [bgcolor=#C0C0C0]
        RenderText {#text} at (0,0) size 203x18
          text run at (0,0) width 203: "This element has a class of zero."
      RenderBlock {P} at (0,776) size 769x37 [bgcolor=#00FFFF]
        RenderText {#text} at (0,0) size 693x36
          text run at (0,0) width 589: "This element should have no bottom padding, since negative padding values are not allowed. "
          text run at (589,0) width 104: "Both the content"
          text run at (0,18) width 404: "background and the normal padding should be aqua (light blue)."
      RenderTable {TABLE} at (0,828) size 769x706 [border: (1px outset #808080)]
        RenderTableSection {TBODY} at (1,1) size 767x703
          RenderTableRow {TR} at (0,0) size 767x26
            RenderTableCell {TD} at (0,0) size 767x26 [bgcolor=#C0C0C0] [border: (1px inset #808080)] [r=0 c=0 rs=1 cs=2]
              RenderInline {STRONG} at (0,0) size 163x18
                RenderText {#text} at (4,4) size 163x18
                  text run at (4,4) width 163: "TABLE Testing Section"
          RenderTableRow {TR} at (0,26) size 767x677
            RenderTableCell {TD} at (0,351) size 12x26 [bgcolor=#C0C0C0] [border: (1px inset #808080)] [r=1 c=0 rs=1 cs=1]
              RenderText {#text} at (4,4) size 4x18
                text run at (4,4) width 4: " "
            RenderTableCell {TD} at (12,26) size 755x678 [border: (1px inset #808080)] [r=1 c=1 rs=1 cs=1]
              RenderBlock {P} at (4,4) size 747x18 [bgcolor=#C0C0C0]
                RenderText {#text} at (0,0) size 203x18
                  text run at (0,0) width 203: "This element has a class of zero."
              RenderBlock {P} at (4,38) size 747x84 [bgcolor=#00FFFF]
                RenderText {#text} at (0,0) size 711x36
                  text run at (0,0) width 657: "This element should have a bottom padding of half an inch, which will require extra text in order to test. "
                  text run at (657,0) width 54: "Both the"
                  text run at (0,18) width 406: "content background and the padding should be aqua (light blue)."
              RenderBlock {P} at (4,138) size 747x61 [bgcolor=#00FFFF]
                RenderText {#text} at (0,0) size 744x36
                  text run at (0,0) width 640: "This element should have a bottom padding of 25 pixels, which will require extra text in order to test. "
                  text run at (640,0) width 104: "Both the content"
                  text run at (0,18) width 356: "background and the padding should be aqua (light blue)."
              RenderBlock {P} at (4,215) size 747x116 [bgcolor=#00FFFF]
                RenderText {#text} at (0,0) size 718x36
                  text run at (0,0) width 614: "This element should have a bottom padding of 5 em, which will require extra text in order to test. "
                  text run at (614,0) width 104: "Both the content"
                  text run at (0,18) width 356: "background and the padding should be aqua (light blue)."
              RenderBlock {P} at (4,347) size 747x241 [bgcolor=#00FFFF]
                RenderText {#text} at (0,0) size 712x54
                  text run at (0,0) width 695: "This element should have a bottom padding of 25%, which is calculated with respect to the width of the parent"
                  text run at (0,18) width 57: "element. "
                  text run at (57,18) width 268: "This will require extra text in order to test. "
                  text run at (325,18) width 387: "Both the content background and the padding should be aqua"
                  text run at (0,36) width 73: "(light blue)."
              RenderBlock {P} at (4,603) size 747x19 [bgcolor=#C0C0C0]
                RenderText {#text} at (0,0) size 203x18
                  text run at (0,0) width 203: "This element has a class of zero."
              RenderBlock {P} at (4,637) size 747x37 [bgcolor=#00FFFF]
                RenderText {#text} at (0,0) size 693x36
                  text run at (0,0) width 589: "This element should have no bottom padding, since negative padding values are not allowed. "
                  text run at (589,0) width 104: "Both the content"
                  text run at (0,18) width 404: "background and the normal padding should be aqua (light blue)."
