layer at (0,0) size 826x585
  RenderView at (0,0) size 800x585
layer at (0,0) size 826x585
  RenderBlock {HTML} at (0,0) size 826x585
    RenderBody {BODY} at (8,8) size 810x569
layer at (8,8) size 810x569
  RenderBlock {DIV} at (0,0) size 810x569 [border: (5px solid #000000)]
    RenderMultiColumnSet at (5,15) size 800x539
layer at (13,23) size 2400x169 backgroundClip at (0,0) size 826x585 clip at (0,0) size 826x585
  RenderMultiColumnFlowThread at (5,15) size 2400x169
    RenderText {#text} at (0,0) size 2399x169
      text run at (0,0) width 169: "Lorem ipsum dolor sit amet,"
      text run at (20,0) width 164: "consectetuer adipiscing elit."
      text run at (40,0) width 143: "Nulla varius enim ac mi."
      text run at (60,0) width 150: "Curabitur sollicitudin felis"
      text run at (80,0) width 120: "quis lectus. Quisque"
      text run at (100,0) width 142: "adipiscing rhoncus sem."
      text run at (120,0) width 162: "Proin nulla purus, vulputate"
      text run at (140,0) width 152: "vel, varius ut, euismod et,"
      text run at (160,0) width 158: "nisi. Sed vitae felis vel orci"
      text run at (180,0) width 127: "sagittis aliquam. Cras"
      text run at (200,0) width 146: "convallis adipiscing sem."
      text run at (220,0) width 128: "Nam nonummy enim."
      text run at (240,0) width 155: "Nullam bibendum lobortis"
      text run at (260,0) width 139: "neque. Vestibulum velit"
      text run at (280,0) width 132: "orci, tempus euismod,"
      text run at (300,0) width 169: "pretium quis, interdum vitae,"
      text run at (320,0) width 163: "nulla. Phasellus eget ante et"
      text run at (340,0) width 118: "tortor condimentum"
      text run at (360,0) width 145: "vestibulum. Suspendisse"
      text run at (380,0) width 146: "hendrerit quam nec felis."
      text run at (400,0) width 132: "Sed varius turpis vitae"
      text run at (420,0) width 153: "pede. Lorem ipsum dolor"
      text run at (440,0) width 130: "sit amet, consectetuer"
      text run at (460,0) width 120: "adipiscing elit. Proin"
      text run at (480,0) width 146: "bibendum justo ac enim."
      text run at (500,0) width 163: "Class aptent taciti sociosqu"
      text run at (520,0) width 127: "ad litora torquent per"
      text run at (540,0) width 116: "conubia nostra, per"
      text run at (560,0) width 153: "inceptos hymenaeos. Sed"
      text run at (580,0) width 162: "leo nulla, rutrum eu, dictum"
      text run at (600,0) width 160: "ut, posuere vel, arcu. Nam"
      text run at (620,0) width 111: "libero. Morbi orci."
      text run at (640,0) width 144: "Maecenas pellentesque."
      text run at (660,0) width 115: "Curabitur erat erat,"
      text run at (680,0) width 138: "ullamcorper at, gravida"
      text run at (700,0) width 133: "vitae, iaculis vitae, elit."
      text run at (720,0) width 165: "Nullam quam. Quisque orci"
      text run at (740,0) width 135: "lectus, ullamcorper eu,"
      text run at (760,0) width 167: "imperdiet sed, accumsan et,"
      text run at (780,0) width 169: "ligula. Duis diam nisl, sagittis"
      text run at (800,0) width 167: "a, blandit volutpat, interdum"
      text run at (820,0) width 169: "sed, velit. Vestibulum quam."
      text run at (840,0) width 143: "Nulla a purus. Phasellus"
      text run at (860,0) width 134: "semper semper lectus."
      text run at (880,0) width 169: "Nulla porttitor, dolor dictum"
      text run at (900,0) width 136: "scelerisque luctus, velit"
      text run at (920,0) width 149: "ipsum lobortis mauris, ac"
      text run at (940,0) width 165: "pretium enim nunc vel risus."
      text run at (960,0) width 141: "Proin gravida mi ut sem"
      text run at (980,0) width 121: "cursus mattis. Fusce"
      text run at (1000,0) width 134: "laoreet, nisi quis luctus"
      text run at (1020,0) width 116: "volutpat, arcu pede"
      text run at (1040,0) width 111: "tincidunt enim, nec"
      text run at (1060,0) width 134: "malesuada urna nisl eu"
      text run at (1080,0) width 166: "enim. Vivamus varius augue"
      text run at (1100,0) width 126: "ac purus. Vestibulum"
      text run at (1120,0) width 162: "vestibulum. Phasellus et est"
      text run at (1140,0) width 120: "vitae ante accumsan"
      text run at (1160,0) width 152: "rhoncus. Morbi convallis,"
      text run at (1180,0) width 150: "arcu at hendrerit gravida,"
      text run at (1200,0) width 150: "sem diam dignissim risus,"
      text run at (1220,0) width 146: "sed aliquet erat mi ut mi."
      text run at (1240,0) width 141: "Nunc cursus lacinia elit."
      text run at (1260,0) width 160: "Nunc nisi. Quisque at erat."
      text run at (1280,0) width 148: "Vestibulum dictum quam"
      text run at (1300,0) width 159: "vitae nibh. Nunc vitae ante"
      text run at (1320,0) width 157: "non odio interdum blandit."
      text run at (1340,0) width 120: "Curabitur leo quam,"
      text run at (1360,0) width 153: "fermentum sed, feugiat in,"
      text run at (1380,0) width 123: "ullamcorper id, nibh."
      text run at (1400,0) width 149: "Suspendisse ac turpis. In"
      text run at (1420,0) width 128: "iaculis sollicitudin dui."
      text run at (1440,0) width 148: "Aenean vitae lectus vitae"
      text run at (1460,0) width 105: "nulla pellentesque"
      text run at (1480,0) width 151: "sollicitudin. Nunc gravida"
      text run at (1500,0) width 164: "pharetra lectus. Etiam lacus"
      text run at (1520,0) width 149: "ligula, placerat ut, dictum"
      text run at (1540,0) width 139: "vitae, tempus vel, risus."
      text run at (1560,0) width 140: "Cras rhoncus. Praesent"
      text run at (1580,0) width 159: "varius ultricies orci. Donec"
      text run at (1600,0) width 137: "mattis, neque ut ornare"
      text run at (1620,0) width 157: "fringilla, ante urna placerat"
      text run at (1640,0) width 139: "eros, vel commodo nisi"
      text run at (1660,0) width 138: "tortor ut mauris. Morbi"
      text run at (1680,0) width 163: "magna dui, sagittis sit amet,"
      text run at (1700,0) width 137: "tincidunt et, elementum"
      text run at (1720,0) width 163: "eget, quam. Fusce molestie"
      text run at (1740,0) width 160: "nisl vitae nisi. Vestibulum a"
      text run at (1760,0) width 168: "sapien. Phasellus ante lacus,"
      text run at (1780,0) width 135: "vehicula non, cursus a,"
      text run at (1800,0) width 109: "tempor ut, magna."
      text run at (1820,0) width 163: "Suspendisse potenti. Fusce"
      text run at (1840,0) width 119: "aliquet, odio viverra"
      text run at (1860,0) width 165: "vulputate dictum, enim odio"
      text run at (1880,0) width 160: "luctus purus, ut scelerisque"
      text run at (1900,0) width 159: "quam nulla non est. Donec"
      text run at (1920,0) width 148: "eros lacus, egestas vitae,"
      text run at (1940,0) width 148: "lacinia quis, tempor quis,"
      text run at (1960,0) width 134: "pede. Morbi orci erat,"
      text run at (1980,0) width 120: "iaculis id, ornare ac,"
      text run at (2000,0) width 152: "elementum at, sem. Nunc"
      text run at (2020,0) width 157: "ornare sodales nisi. Morbi"
      text run at (2040,0) width 144: "interdum commodo nisl."
      text run at (2060,0) width 144: "Fusce eget eros non nisi"
      text run at (2080,0) width 117: "ornare facilisis. Sed"
      text run at (2100,0) width 151: "placerat, est non posuere"
      text run at (2120,0) width 117: "posuere, purus sem"
      text run at (2140,0) width 152: "dignissim libero, a viverra"
      text run at (2160,0) width 162: "tellus dolor vel lorem. Cras"
      text run at (2180,0) width 126: "augue. Etiam ultricies"
      text run at (2200,0) width 160: "consequat odio. Mauris ac"
      text run at (2220,0) width 132: "libero. Etiam posuere,"
      text run at (2240,0) width 120: "libero vitae euismod"
      text run at (2260,0) width 159: "gravida, urna elit imperdiet"
      text run at (2280,0) width 154: "magna, vel cursus elit felis"
      text run at (2300,0) width 140: "non mauris. Donec orci"
      text run at (2320,0) width 159: "erat, porta id, dignissim ut,"
      text run at (2340,0) width 122: "posuere dictum, leo."
      text run at (2360,0) width 144: "Suspendisse scelerisque"
      text run at (2380,0) width 79: "egestas nulla."
