layer at (0,0) size 785x836
  RenderView at (0,0) size 785x600
layer at (0,0) size 785x836
  RenderBlock {HTML} at (0,0) size 785x836
    RenderBody {BODY} at (8,8) size 769x820
      RenderBlock (anonymous) at (0,0) size 769x18
        RenderText {#text} at (0,0) size 83x18
          text run at (0,0) width 83: "Text outside."
layer at (8,26) size 702x802 clip at (9,27) size 685x785 scrollHeight 1298
  RenderBlock {DIV} at (0,18) size 702x802 [border: (1px solid #000000)]
    RenderBlock {P} at (1,17) size 685x168
      RenderText {#text} at (0,7) size 668x154
        text run at (0,7) width 659: "Lorem ipsum dolor sit amet, consectetur adipisicing elit, sed do eiusmod tempor incididunt ut labore et"
        text run at (0,41) width 668: "dolore magna aliqua. Ut enim ad minim veniam, quis nostrud exercitation ullamco laboris nisi ut aliquip"
        text run at (0,75) width 668: "ex ea commodo consequat. Duis aute irure dolor in reprehenderit in voluptate velit esse cillum dolore eu"
        text run at (0,108) width 651: "fugiat nulla pariatur. Excepteur sint occaecat cupidatat non proident, sunt in culpa qui officia deserunt"
        text run at (0,142) width 174: "mollit anim id est laborum."
    RenderBlock {P} at (1,233) size 685x168
      RenderText {#text} at (0,7) size 668x154
        text run at (0,7) width 659: "Lorem ipsum dolor sit amet, consectetur adipisicing elit, sed do eiusmod tempor incididunt ut labore et"
        text run at (0,41) width 668: "dolore magna aliqua. Ut enim ad minim veniam, quis nostrud exercitation ullamco laboris nisi ut aliquip"
        text run at (0,75) width 668: "ex ea commodo consequat. Duis aute irure dolor in reprehenderit in voluptate velit esse cillum dolore eu"
        text run at (0,108) width 651: "fugiat nulla pariatur. Excepteur sint occaecat cupidatat non proident, sunt in culpa qui officia deserunt"
        text run at (0,142) width 174: "mollit anim id est laborum."
    RenderBlock {P} at (1,867) size 685x168
      RenderText {#text} at (0,7) size 668x154
        text run at (0,7) width 659: "Lorem ipsum dolor sit amet, consectetur adipisicing elit, sed do eiusmod tempor incididunt ut labore et"
        text run at (0,41) width 668: "dolore magna aliqua. Ut enim ad minim veniam, quis nostrud exercitation ullamco laboris nisi ut aliquip"
        text run at (0,75) width 668: "ex ea commodo consequat. Duis aute irure dolor in reprehenderit in voluptate velit esse cillum dolore eu"
        text run at (0,108) width 651: "fugiat nulla pariatur. Excepteur sint occaecat cupidatat non proident, sunt in culpa qui officia deserunt"
        text run at (0,142) width 174: "mollit anim id est laborum."
    RenderBlock {P} at (1,1083) size 685x168
      RenderText {#text} at (0,7) size 668x154
        text run at (0,7) width 659: "Lorem ipsum dolor sit amet, consectetur adipisicing elit, sed do eiusmod tempor incididunt ut labore et"
        text run at (0,41) width 668: "dolore magna aliqua. Ut enim ad minim veniam, quis nostrud exercitation ullamco laboris nisi ut aliquip"
        text run at (0,75) width 668: "ex ea commodo consequat. Duis aute irure dolor in reprehenderit in voluptate velit esse cillum dolore eu"
        text run at (0,108) width 651: "fugiat nulla pariatur. Excepteur sint occaecat cupidatat non proident, sunt in culpa qui officia deserunt"
        text run at (0,142) width 174: "mollit anim id est laborum."
layer at (19,475) size 602x402 backgroundClip at (19,475) size 602x337 clip at (20,476) size 585x336 scrollHeight 515
  RenderBlock {DIV} at (11,449) size 602x402 [border: (1px solid #000000)]
    RenderBlock {P} at (1,17) size 585x202
      RenderText {#text} at (0,7) size 583x187
        text run at (0,7) width 583: "Lorem ipsum dolor sit amet, consectetur adipisicing elit, sed do eiusmod tempor incididunt"
        text run at (0,41) width 549: "ut labore et dolore magna aliqua. Ut enim ad minim veniam, quis nostrud exercitation"
        text run at (0,75) width 522: "ullamco laboris nisi ut aliquip ex ea commodo consequat. Duis aute irure dolor in"
        text run at (0,108) width 568: "reprehenderit in voluptate velit esse cillum dolore eu fugiat nulla pariatur. Excepteur sint"
        text run at (0,142) width 537: "occaecat cupidatat non proident, sunt in culpa qui officia deserunt mollit anim id est"
        text run at (0,175) width 58: "laborum."
    RenderBlock {P} at (1,266) size 585x203
      RenderText {#text} at (0,7) size 583x187
        text run at (0,7) width 583: "Lorem ipsum dolor sit amet, consectetur adipisicing elit, sed do eiusmod tempor incididunt"
        text run at (0,41) width 549: "ut labore et dolore magna aliqua. Ut enim ad minim veniam, quis nostrud exercitation"
        text run at (0,75) width 522: "ullamco laboris nisi ut aliquip ex ea commodo consequat. Duis aute irure dolor in"
        text run at (0,108) width 568: "reprehenderit in voluptate velit esse cillum dolore eu fugiat nulla pariatur. Excepteur sint"
        text run at (0,142) width 537: "occaecat cupidatat non proident, sunt in culpa qui officia deserunt mollit anim id est"
        text run at (0,175) width 58: "laborum."
