layer at (0,0) size 800x600
  RenderView at (0,0) size 800x600
layer at (0,0) size 800x600
  RenderBlock {HTML} at (0,0) size 800x600
    RenderBody {BODY} at (8,8) size 784x576
      RenderBlock {H1} at (0,0) size 784x37
        RenderText {#text} at (0,0) size 234x37
          text run at (0,0) width 234: "Min-Width Tests"
      RenderTable {TABLE} at (0,58) size 784x106 [border: (2px outset #808080)]
        RenderTableSection {TBODY} at (2,2) size 780x101
          RenderTableRow {TR} at (0,0) size 780x101
            RenderTableCell {TD} at (0,0) size 133x101 [border: (1px inset #808080)] [r=0 c=0 rs=1 cs=1]
              RenderMenuList {SELECT} at (3,1) size 127x99 [bgcolor=#FFFFFF] [border: (40px solid #FF0000)]
                RenderBlock (anonymous) at (44,42) size 22x15
                  RenderText at (0,0) size 22x15
                    text run at (0,0) width 22: "Foo"
            RenderTableCell {TD} at (133,49) size 647x3 [border: (1px inset #808080)] [r=0 c=1 rs=1 cs=1]
      RenderBlock {P} at (0,179) size 784x25
        RenderTable {TABLE} at (0,0) size 784x24 [border: (2px outset #808080)]
          RenderTableSection {TBODY} at (2,2) size 780x20
            RenderTableRow {TR} at (0,0) size 780x20
              RenderTableCell {TD} at (0,0) size 22x20 [border: (1px inset #808080)] [r=0 c=0 rs=1 cs=1]
                RenderBlock {INPUT} at (5,4) size 13x12
              RenderTableCell {TD} at (22,9) size 758x2 [border: (1px inset #808080)] [r=0 c=1 rs=1 cs=1]
      RenderBlock {P} at (0,219) size 784x22
        RenderTable {TABLE} at (0,0) size 784x21 [border: (2px outset #808080)]
          RenderTableSection {TBODY} at (2,2) size 780x17
            RenderTableRow {TR} at (0,0) size 780x17
              RenderTableCell {TD} at (0,0) size 23x17 [border: (1px inset #808080)] [r=0 c=0 rs=1 cs=1]
                RenderBlock {INPUT} at (6,4) size 13x12
              RenderTableCell {TD} at (23,7) size 757x3 [border: (1px inset #808080)] [r=0 c=1 rs=1 cs=1]
      RenderBlock {P} at (0,256) size 784x32
        RenderTable {TABLE} at (0,0) size 784x31 [border: (2px outset #808080)]
          RenderTableSection {TBODY} at (2,2) size 780x27
            RenderTableRow {TR} at (0,0) size 780x27
              RenderTableCell {TD} at (0,0) size 44x27 [border: (1px inset #808080)] [r=0 c=0 rs=1 cs=1]
                RenderButton {INPUT} at (3,3) size 38x21 [bgcolor=#F0F0F0] [border: (2px outset #F0F0F0)]
                  RenderBlock (anonymous) at (8,3) size 22x15
                    RenderText at (0,0) size 22x15
                      text run at (0,0) width 22: "Foo"
              RenderTableCell {TD} at (44,12) size 736x3 [border: (1px inset #808080)] [r=0 c=1 rs=1 cs=1]
      RenderBlock {P} at (0,303) size 784x259
        RenderTable {TABLE} at (0,0) size 784x88 [border: (2px outset #808080)]
          RenderTableSection {TBODY} at (2,2) size 780x84
            RenderTableRow {TR} at (0,0) size 780x84
              RenderTableCell {TD} at (0,0) size 120x84 [border: (1px inset #808080)] [r=0 c=0 rs=1 cs=1]
                RenderButton {INPUT} at (3,1) size 114x82 [bgcolor=#F0F0F0] [border: (40px solid #FF0000)]
                  RenderBlock (anonymous) at (46,41) size 22x15
                    RenderText at (0,0) size 22x15
                      text run at (0,0) width 22: "Foo"
              RenderTableCell {TD} at (120,41) size 660x2 [border: (1px inset #808080)] [r=0 c=1 rs=1 cs=1]
        RenderTable {TABLE} at (0,88) size 784x88 [border: (2px outset #808080)]
          RenderTableSection {TBODY} at (2,2) size 780x84
            RenderTableRow {TR} at (0,0) size 780x84
              RenderTableCell {TD} at (0,0) size 173x84 [border: (1px inset #808080)] [r=0 c=0 rs=1 cs=1]
                RenderButton {INPUT} at (3,1) size 167x82 [bgcolor=#F0F0F0] [border: (40px solid #FF0000)]
                  RenderBlock (anonymous) at (46,41) size 75x15
                    RenderText at (0,0) size 75x15
                      text run at (0,0) width 75: "Submit a bug"
              RenderTableCell {TD} at (173,41) size 607x2 [border: (1px inset #808080)] [r=0 c=1 rs=1 cs=1]
        RenderBlock (anonymous) at (0,176) size 784x82
          RenderButton {INPUT} at (2,0) size 114x82 [bgcolor=#F0F0F0] [border: (40px solid #FF0000)]
            RenderBlock (anonymous) at (46,41) size 22x15
              RenderText at (0,0) size 22x15
                text run at (0,0) width 22: "Foo"
