layer at (0,0) size 800x600
  RenderView at (0,0) size 800x600
layer at (0,0) size 800x600
  RenderBlock {HTML} at (0,0) size 800x600
    RenderBody {BODY} at (8,8) size 784x584
      RenderMenuList {SELECT} at (2,0) size 57x20 [bgcolor=#FFFFFF]
        RenderBlock (anonymous) at (4,2) size 32x16
          RenderText at (0,0) size 32x16
            text run at (0,0) width 32: "Hello"
      RenderBlock (anonymous) at (0,22) size 784x20
        RenderText {#text} at (0,0) size 278x19
          text run at (0,0) width 278: "This text should be *below* the select widget."
