layer at (0,0) size 800x600
  RenderView at (0,0) size 800x600
layer at (0,0) size 800x600
  RenderBlock {HTML} at (0,0) size 800x600
    RenderBody {BODY} at (8,8) size 784x584
      RenderMenuList {SELECT} at (2,2) size 57x20 [bgcolor=#FFFFFF]
        RenderBlock (anonymous) at (4,2) size 32x16
          RenderText at (0,0) size 32x16
            text run at (0,0) width 32: "Hello"
      RenderText {#text} at (61,2) size 4x19
        text run at (61,2) width 4: " "
      RenderMenuList {SELECT} at (67,2) size 82x20 [bgcolor=#FFFFFF]
        RenderBlock (anonymous) at (4,2) size 57x16
          RenderText at (0,0) size 57x16
            text run at (0,0) width 57: "Goodbye"
      RenderText {#text} at (0,0) size 0x0
