layer at (0,0) size 800x600
  RenderView at (0,0) size 800x600
layer at (0,0) size 800x600
  RenderBlock {HTML} at (0,0) size 800x600
    RenderBody {BODY} at (8,8) size 784x584
      RenderFieldSet {FIELDSET} at (2,0) size 112x78 [border: (2px groove #F0F0F0)]
        RenderBlock {LEGEND} at (14,0) size 84x20
          RenderText {#text} at (2,0) size 80x19
            text run at (2,0) width 80: "Number One"
        RenderBlock (anonymous) at (14,25) size 84x41
          RenderText {#text} at (0,0) size 75x19
            text run at (0,0) width 75: "Hello world."
          RenderBR {BR} at (75,15) size 0x0
          RenderText {#text} at (0,20) size 75x19
            text run at (0,20) width 75: "Hello world."
      RenderText {#text} at (116,45) size 4x19
        text run at (116,45) width 4: " "
      RenderFieldSet {FIELDSET} at (122,20) size 114x58 [border: (2px groove #F0F0F0)]
        RenderBlock {LEGEND} at (14,0) size 86x20
          RenderText {#text} at (2,0) size 82x19
            text run at (2,0) width 82: "Number Two"
        RenderBlock (anonymous) at (14,25) size 86x21
          RenderText {#text} at (0,0) size 75x19
            text run at (0,0) width 75: "Hello world."
      RenderText {#text} at (0,0) size 0x0
