layer at (0,0) size 785x1527
  RenderView at (0,0) size 785x600
layer at (0,0) size 785x1527
  RenderBlock {HTML} at (0,0) size 785x1527
    RenderBody {BODY} at (0,0) size 785x1527
      RenderIFrame {IFRAME} at (0,0) size 785x783
        layer at (0,0) size 785x783
          RenderView at (0,0) size 785x783
        layer at (0,0) size 785x783
          RenderBlock {HTML} at (0,0) size 785x783
            RenderBody {BODY} at (0,5) size 785x778
              RenderBlock {DIV} at (0,0) size 785x18
                RenderText {#text} at (0,0) size 196x18
                  text run at (0,0) width 196: "CompatMode: CSS1Compat"
              RenderBlock (anonymous) at (0,23) size 785x755
                RenderBlock {DIV} at (0,30) size 183x55 [border: (1px solid #0000FF)]
                  RenderBlock {SPAN} at (1,12) size 80x0
                  RenderBR {BR} at (81,1) size 0x14
                RenderBlock {DIV} at (183,30) size 183x55 [border: (1px solid #0000FF)]
                  RenderBlock {SPAN} at (1,1) size 80x14
                    RenderText {#text} at (0,0) size 76x14
                      text run at (0,0) width 76: "disabled: \"true\","
                  RenderBR {BR} at (81,1) size 0x14
                RenderBlock {DIV} at (366,0) size 199x85 [border: (1px solid #0000FF)]
                  RenderBlock {SPAN} at (1,1) size 80x28
                    RenderText {#text} at (0,0) size 78x28
                      text run at (0,0) width 25: "style:"
                      text run at (0,14) width 78: "\"padding:10px\","
                  RenderBR {BR} at (81,15) size 0x14
                RenderBlock {DIV} at (565,20) size 179x65 [border: (1px solid #0000FF)]
                  RenderBlock {SPAN} at (1,1) size 80x28
                    RenderText {#text} at (0,0) size 72x28
                      text run at (0,0) width 25: "style:"
                      text run at (0,14) width 72: "\"padding:0px\","
                  RenderBR {BR} at (81,15) size 0x14
                RenderBlock {DIV} at (0,115) size 203x89 [border: (1px solid #0000FF)]
                  RenderBlock {SPAN} at (1,1) size 80x28
                    RenderText {#text} at (0,0) size 73x28
                      text run at (0,0) width 25: "style:"
                      text run at (0,14) width 73: "\"margin:10px\","
                  RenderBR {BR} at (81,15) size 0x14
                RenderBlock {DIV} at (203,135) size 183x69 [border: (1px solid #0000FF)]
                  RenderBlock {SPAN} at (1,1) size 80x28
                    RenderText {#text} at (0,0) size 67x28
                      text run at (0,0) width 25: "style:"
                      text run at (0,14) width 67: "\"margin:0px\","
                  RenderBR {BR} at (81,15) size 0x14
                RenderBlock {DIV} at (386,135) size 82x69 [border: (1px solid #0000FF)]
                  RenderBlock {SPAN} at (1,1) size 80x28
                    RenderText {#text} at (0,0) size 67x28
                      text run at (0,0) width 25: "style:"
                      text run at (0,14) width 67: "\"width:60px\","
                  RenderBR {BR} at (81,15) size 0x14
                RenderBlock {DIV} at (468,85) size 104x119 [border: (1px solid #0000FF)]
                  RenderBlock {SPAN} at (1,1) size 80x42
                    RenderText {#text} at (0,0) size 73x42
                      text run at (0,0) width 25: "style:"
                      text run at (0,14) width 62: "\"width:60px;"
                      text run at (0,28) width 73: "padding:20px\","
                  RenderBR {BR} at (81,29) size 0x14
                RenderBlock {DIV} at (572,125) size 82x79 [border: (1px solid #0000FF)]
                  RenderBlock {SPAN} at (1,1) size 80x42
                    RenderText {#text} at (0,0) size 62x42
                      text run at (0,0) width 25: "style:"
                      text run at (0,14) width 62: "\"width:60px;"
                      text run at (0,28) width 55: "padding:0\","
                  RenderBR {BR} at (81,29) size 0x14
                RenderBlock {DIV} at (0,232) size 183x99 [border: (1px solid #0000FF)]
                  RenderBlock {SPAN} at (1,1) size 80x28
                    RenderText {#text} at (0,0) size 69x28
                      text run at (0,0) width 25: "style:"
                      text run at (0,14) width 69: "\"height:60px\","
                  RenderBR {BR} at (81,15) size 0x14
                RenderBlock {DIV} at (183,218) size 82x113 [border: (1px solid #0000FF)]
                  RenderBlock {SPAN} at (1,1) size 80x42
                    RenderText {#text} at (0,0) size 64x42
                      text run at (0,0) width 25: "style:"
                      text run at (0,14) width 62: "\"width:60px;"
                      text run at (0,28) width 64: "height:60px\","
                  RenderBR {BR} at (81,29) size 0x14
                RenderBlock {DIV} at (265,262) size 183x69 [border: (1px solid #0000FF)]
                  RenderBlock {SPAN} at (1,1) size 80x28
                    RenderText {#text} at (0,0) size 91x28
                      text run at (0,0) width 25: "style:"
                      text run at (0,14) width 91: "\"overflow:hidden\","
                  RenderBR {BR} at (81,15) size 0x14
                RenderBlock {DIV} at (448,247) size 183x84 [border: (1px solid #0000FF)]
                  RenderBlock {SPAN} at (1,1) size 80x28
                    RenderText {#text} at (0,0) size 85x28
                      text run at (0,0) width 25: "style:"
                      text run at (0,14) width 85: "\"overflow:scroll\","
                  RenderBR {BR} at (81,15) size 0x14
                RenderBlock {DIV} at (631,204) size 82x127 [border: (1px solid #0000FF)]
                  RenderBlock {SPAN} at (1,1) size 80x56
                    RenderText {#text} at (0,0) size 86x56
                      text run at (0,0) width 25: "style:"
                      text run at (0,14) width 86: "\"overflow:hidden;"
                      text run at (0,28) width 57: "width:60px;"
                      text run at (0,42) width 64: "height:60px\","
                  RenderBR {BR} at (81,43) size 0x14
                RenderBlock {DIV} at (0,331) size 82x127 [border: (1px solid #0000FF)]
                  RenderBlock {SPAN} at (1,1) size 80x56
                    RenderText {#text} at (0,0) size 80x56
                      text run at (0,0) width 25: "style:"
                      text run at (0,14) width 80: "\"overflow:scroll;"
                      text run at (0,28) width 57: "width:60px;"
                      text run at (0,42) width 64: "height:60px\","
                  RenderBR {BR} at (81,43) size 0x14
                RenderBlock {DIV} at (82,345) size 82x113 [border: (1px solid #0000FF)]
                  RenderBlock {SPAN} at (1,1) size 80x42
                    RenderText {#text} at (0,0) size 72x42
                      text run at (0,0) width 72: "cols: \"5\", style:"
                      text run at (0,14) width 62: "\"width:60px;"
                      text run at (0,28) width 64: "height:60px\","
                  RenderBR {BR} at (81,29) size 0x14
                RenderBlock {DIV} at (164,345) size 82x113 [border: (1px solid #0000FF)]
                  RenderBlock {SPAN} at (1,1) size 80x42
                    RenderText {#text} at (0,0) size 77x42
                      text run at (0,0) width 77: "rows: \"4\", style:"
                      text run at (0,14) width 62: "\"width:60px;"
                      text run at (0,28) width 64: "height:60px\","
                  RenderBR {BR} at (81,29) size 0x14
                RenderBlock {DIV} at (246,331) size 82x127 [border: (1px solid #0000FF)]
                  RenderBlock {SPAN} at (1,1) size 80x56
                    RenderText {#text} at (0,0) size 74x56
                      text run at (0,0) width 74: "cols: \"5\", rows:"
                      text run at (0,14) width 47: "\"4\", style:"
                      text run at (0,28) width 62: "\"width:60px;"
                      text run at (0,42) width 64: "height:60px\","
                  RenderBR {BR} at (81,43) size 0x14
                RenderBlock {DIV} at (328,403) size 82x55 [border: (1px solid #0000FF)]
                  RenderBlock {SPAN} at (1,1) size 80x14
                    RenderText {#text} at (0,0) size 44x14
                      text run at (0,0) width 44: "cols: \"3\","
                  RenderBR {BR} at (81,1) size 0x14
                RenderBlock {DIV} at (410,388) size 183x70 [border: (1px solid #0000FF)]
                  RenderBlock {SPAN} at (1,1) size 80x14
                    RenderText {#text} at (0,0) size 49x14
                      text run at (0,0) width 49: "rows: \"3\","
                  RenderBR {BR} at (81,1) size 0x14
                RenderBlock {DIV} at (593,403) size 82x55 [border: (1px solid #0000FF)]
                  RenderBlock {SPAN} at (1,1) size 80x14
                    RenderText {#text} at (0,0) size 44x14
                      text run at (0,0) width 44: "cols: \"7\","
                  RenderBR {BR} at (81,1) size 0x14
                RenderBlock {DIV} at (0,458) size 183x130 [border: (1px solid #0000FF)]
                  RenderBlock {SPAN} at (1,1) size 80x14
                    RenderText {#text} at (0,0) size 49x14
                      text run at (0,0) width 49: "rows: \"7\","
                  RenderBR {BR} at (81,1) size 0x14
                RenderBlock {DIV} at (183,489) size 82x99 [border: (1px solid #0000FF)]
                  RenderBlock {SPAN} at (1,1) size 80x28
                    RenderText {#text} at (0,0) size 74x28
                      text run at (0,0) width 74: "cols: \"5\", rows:"
                      text run at (0,14) width 19: "\"4\","
                  RenderBR {BR} at (81,15) size 0x14
                RenderBlock {DIV} at (265,518) size 183x70 [border: (1px solid #0000FF)]
                  RenderBlock {SPAN} at (1,1) size 80x14
                    RenderText {#text} at (0,0) size 57x14
                      text run at (0,0) width 57: "wrap: \"off\","
                  RenderBR {BR} at (81,1) size 0x14
                RenderBlock {DIV} at (448,533) size 183x55 [border: (1px solid #0000FF)]
                  RenderBlock {SPAN} at (1,1) size 80x14
                    RenderText {#text} at (0,0) size 64x14
                      text run at (0,0) width 64: "wrap: \"hard\","
                  RenderBR {BR} at (81,1) size 0x14
                RenderBlock {DIV} at (0,602) size 183x55 [border: (1px solid #0000FF)]
                  RenderBlock {SPAN} at (1,1) size 80x14
                    RenderText {#text} at (0,0) size 61x14
                      text run at (0,0) width 61: "wrap: \"soft\","
                  RenderBR {BR} at (81,1) size 0x14
                RenderBlock {DIV} at (183,588) size 183x69 [border: (1px solid #0000FF)]
                  RenderBlock {SPAN} at (1,1) size 80x28
                    RenderText {#text} at (0,0) size 70x28
                      text run at (0,0) width 63: "style: \"white-"
                      text run at (0,14) width 70: "space:normal\","
                  RenderBR {BR} at (81,15) size 0x14
                RenderBlock {DIV} at (366,588) size 183x69 [border: (1px solid #0000FF)]
                  RenderBlock {SPAN} at (1,1) size 80x28
                    RenderText {#text} at (0,0) size 63x28
                      text run at (0,0) width 63: "style: \"white-"
                      text run at (0,14) width 52: "space:pre\","
                  RenderBR {BR} at (81,15) size 0x14
                RenderBlock {DIV} at (549,588) size 183x69 [border: (1px solid #0000FF)]
                  RenderBlock {SPAN} at (1,1) size 80x28
                    RenderText {#text} at (0,0) size 76x28
                      text run at (0,0) width 63: "style: \"white-"
                      text run at (0,14) width 76: "space:prewrap\","
                  RenderBR {BR} at (81,15) size 0x14
                RenderBlock {DIV} at (0,686) size 183x69 [border: (1px solid #0000FF)]
                  RenderBlock {SPAN} at (1,1) size 80x28
                    RenderText {#text} at (0,0) size 73x28
                      text run at (0,0) width 63: "style: \"white-"
                      text run at (0,14) width 73: "space:nowrap\","
                  RenderBR {BR} at (81,15) size 0x14
                RenderBlock {DIV} at (183,686) size 183x69 [border: (1px solid #0000FF)]
                  RenderBlock {SPAN} at (1,1) size 80x28
                    RenderText {#text} at (0,0) size 73x28
                      text run at (0,0) width 63: "style: \"white-"
                      text run at (0,14) width 73: "space:pre-line\","
                  RenderBR {BR} at (81,15) size 0x14
                RenderBlock {DIV} at (366,671) size 183x84 [border: (1px solid #0000FF)]
                  RenderBlock {SPAN} at (1,1) size 80x28
                    RenderText {#text} at (0,0) size 68x28
                      text run at (0,0) width 62: "style: \"word-"
                      text run at (0,14) width 68: "wrap:normal\","
                  RenderBR {BR} at (81,15) size 0x14
                RenderBlock {DIV} at (549,657) size 183x98 [border: (1px solid #0000FF)]
                  RenderBlock {SPAN} at (1,1) size 80x42
                    RenderText {#text} at (0,0) size 80x42
                      text run at (0,0) width 57: "wrap: \"off\","
                      text run at (0,14) width 63: "style: \"white-"
                      text run at (0,28) width 80: "space:pre-wrap\","
                  RenderBR {BR} at (81,29) size 0x14
        layer at (1,73) size 181x36 clip at (2,74) size 179x34
          RenderTextControl {TEXTAREA} at (1,15) size 181x36 [bgcolor=#FFFFFF] [border: (1px solid #000000)]
            RenderBlock {DIV} at (3,3) size 175x15
              RenderText {#text} at (0,0) size 136x15
                text run at (0,0) width 136: "Lorem ipsum dolor"
        layer at (184,73) size 181x36 clip at (185,74) size 164x34 scrollHeight 79
          RenderTextControl {TEXTAREA} at (1,15) size 181x36 [bgcolor=#EBEBE4] [border: (1px solid #000000)]
            RenderBlock {DIV} at (3,3) size 160x75 [color=#545454]
              RenderText {#text} at (0,0) size 160x75
                text run at (0,0) width 144: "Lorem ipsum  dolor"
                text run at (144,0) width 8: " "
                text run at (0,15) width 160: "ABCDEFGHIJKLMNOPQRST"
                text run at (0,30) width 48: "UVWXYZ"
                text run at (48,30) width 8: " "
                text run at (0,45) width 160: "abcdefghijklmnopqrst"
                text run at (0,60) width 16: "uv"
        layer at (367,57) size 197x52 clip at (368,58) size 180x50 scrollHeight 95
          RenderTextControl {TEXTAREA} at (1,29) size 197x52 [bgcolor=#FFFFFF] [border: (1px solid #000000)]
            RenderBlock {DIV} at (11,11) size 160x75
              RenderText {#text} at (0,0) size 160x75
                text run at (0,0) width 144: "Lorem ipsum  dolor"
                text run at (144,0) width 8: " "
                text run at (0,15) width 160: "ABCDEFGHIJKLMNOPQRST"
                text run at (0,30) width 48: "UVWXYZ"
                text run at (48,30) width 8: " "
                text run at (0,45) width 160: "abcdefghijklmnopqrst"
                text run at (0,60) width 16: "uv"
        layer at (566,77) size 177x32 clip at (567,78) size 160x30 scrollHeight 75
          RenderTextControl {TEXTAREA} at (1,29) size 177x32 [bgcolor=#FFFFFF] [border: (1px solid #000000)]
            RenderBlock {DIV} at (1,1) size 160x75
              RenderText {#text} at (0,0) size 160x75
                text run at (0,0) width 144: "Lorem ipsum  dolor"
                text run at (144,0) width 8: " "
                text run at (0,15) width 160: "ABCDEFGHIJKLMNOPQRST"
                text run at (0,30) width 48: "UVWXYZ"
                text run at (48,30) width 8: " "
                text run at (0,45) width 160: "abcdefghijklmnopqrst"
                text run at (0,60) width 16: "uv"
        layer at (11,182) size 181x36 clip at (12,183) size 164x34 scrollHeight 79
          RenderTextControl {TEXTAREA} at (11,39) size 181x36 [bgcolor=#FFFFFF] [border: (1px solid #000000)]
            RenderBlock {DIV} at (3,3) size 160x75
              RenderText {#text} at (0,0) size 160x75
                text run at (0,0) width 144: "Lorem ipsum  dolor"
                text run at (144,0) width 8: " "
                text run at (0,15) width 160: "ABCDEFGHIJKLMNOPQRST"
                text run at (0,30) width 48: "UVWXYZ"
                text run at (48,30) width 8: " "
                text run at (0,45) width 160: "abcdefghijklmnopqrst"
                text run at (0,60) width 16: "uv"
        layer at (204,192) size 181x36 clip at (205,193) size 164x34 scrollHeight 79
          RenderTextControl {TEXTAREA} at (1,29) size 181x36 [bgcolor=#FFFFFF] [border: (1px solid #000000)]
            RenderBlock {DIV} at (3,3) size 160x75
              RenderText {#text} at (0,0) size 160x75
                text run at (0,0) width 144: "Lorem ipsum  dolor"
                text run at (144,0) width 8: " "
                text run at (0,15) width 160: "ABCDEFGHIJKLMNOPQRST"
                text run at (0,30) width 48: "UVWXYZ"
                text run at (48,30) width 8: " "
                text run at (0,45) width 160: "abcdefghijklmnopqrst"
                text run at (0,60) width 16: "uv"
        layer at (387,192) size 66x36 clip at (388,193) size 49x34 scrollHeight 214
          RenderTextControl {TEXTAREA} at (1,29) size 66x36 [bgcolor=#FFFFFF] [border: (1px solid #000000)]
            RenderBlock {DIV} at (3,3) size 45x210
              RenderText {#text} at (0,0) size 45x210
                text run at (0,0) width 40: "Lorem"
                text run at (40,0) width 5: " "
                text run at (0,15) width 40: "ipsum"
                text run at (40,15) width 5: "  "
                text run at (0,30) width 40: "dolor"
                text run at (40,30) width 5: " "
                text run at (0,45) width 40: "ABCDE"
                text run at (0,60) width 40: "FGHIJ"
                text run at (0,75) width 40: "KLMNO"
                text run at (0,90) width 40: "PQRST"
                text run at (0,105) width 40: "UVWXY"
                text run at (0,120) width 8: "Z"
                text run at (8,120) width 8: " "
                text run at (0,135) width 40: "abcde"
                text run at (0,150) width 40: "fghij"
                text run at (0,165) width 40: "klmno"
                text run at (0,180) width 40: "pqrst"
                text run at (0,195) width 16: "uv"
        layer at (469,156) size 102x72 clip at (470,157) size 85x70 scrollHeight 250
          RenderTextControl {TEXTAREA} at (1,43) size 102x72 [bgcolor=#FFFFFF] [border: (1px solid #000000)]
            RenderBlock {DIV} at (21,21) size 45x210
              RenderText {#text} at (0,0) size 45x210
                text run at (0,0) width 40: "Lorem"
                text run at (40,0) width 5: " "
                text run at (0,15) width 40: "ipsum"
                text run at (40,15) width 5: "  "
                text run at (0,30) width 40: "dolor"
                text run at (40,30) width 5: " "
                text run at (0,45) width 40: "ABCDE"
                text run at (0,60) width 40: "FGHIJ"
                text run at (0,75) width 40: "KLMNO"
                text run at (0,90) width 40: "PQRST"
                text run at (0,105) width 40: "UVWXY"
                text run at (0,120) width 8: "Z"
                text run at (8,120) width 8: " "
                text run at (0,135) width 40: "abcde"
                text run at (0,150) width 40: "fghij"
                text run at (0,165) width 40: "klmno"
                text run at (0,180) width 40: "pqrst"
                text run at (0,195) width 16: "uv"
        layer at (573,196) size 62x32 clip at (574,197) size 45x30 scrollHeight 210
          RenderTextControl {TEXTAREA} at (1,43) size 62x32 [bgcolor=#FFFFFF] [border: (1px solid #000000)]
            RenderBlock {DIV} at (1,1) size 45x210
              RenderText {#text} at (0,0) size 45x210
                text run at (0,0) width 40: "Lorem"
                text run at (40,0) width 5: " "
                text run at (0,15) width 40: "ipsum"
                text run at (40,15) width 5: "  "
                text run at (0,30) width 40: "dolor"
                text run at (40,30) width 5: " "
                text run at (0,45) width 40: "ABCDE"
                text run at (0,60) width 40: "FGHIJ"
                text run at (0,75) width 40: "KLMNO"
                text run at (0,90) width 40: "PQRST"
                text run at (0,105) width 40: "UVWXY"
                text run at (0,120) width 8: "Z"
                text run at (8,120) width 8: " "
                text run at (0,135) width 40: "abcde"
                text run at (0,150) width 40: "fghij"
                text run at (0,165) width 40: "klmno"
                text run at (0,180) width 40: "pqrst"
                text run at (0,195) width 16: "uv"
        layer at (1,289) size 181x66 clip at (2,290) size 164x64 scrollHeight 79
          RenderTextControl {TEXTAREA} at (1,29) size 181x66 [bgcolor=#FFFFFF] [border: (1px solid #000000)]
            RenderBlock {DIV} at (3,3) size 160x75
              RenderText {#text} at (0,0) size 160x75
                text run at (0,0) width 144: "Lorem ipsum  dolor"
                text run at (144,0) width 8: " "
                text run at (0,15) width 160: "ABCDEFGHIJKLMNOPQRST"
                text run at (0,30) width 48: "UVWXYZ"
                text run at (48,30) width 8: " "
                text run at (0,45) width 160: "abcdefghijklmnopqrst"
                text run at (0,60) width 16: "uv"
        layer at (184,289) size 66x66 clip at (185,290) size 49x64 scrollHeight 214
          RenderTextControl {TEXTAREA} at (1,43) size 66x66 [bgcolor=#FFFFFF] [border: (1px solid #000000)]
            RenderBlock {DIV} at (3,3) size 45x210
              RenderText {#text} at (0,0) size 45x210
                text run at (0,0) width 40: "Lorem"
                text run at (40,0) width 5: " "
                text run at (0,15) width 40: "ipsum"
                text run at (40,15) width 5: "  "
                text run at (0,30) width 40: "dolor"
                text run at (40,30) width 5: " "
                text run at (0,45) width 40: "ABCDE"
                text run at (0,60) width 40: "FGHIJ"
                text run at (0,75) width 40: "KLMNO"
                text run at (0,90) width 40: "PQRST"
                text run at (0,105) width 40: "UVWXY"
                text run at (0,120) width 8: "Z"
                text run at (8,120) width 8: " "
                text run at (0,135) width 40: "abcde"
                text run at (0,150) width 40: "fghij"
                text run at (0,165) width 40: "klmno"
                text run at (0,180) width 40: "pqrst"
                text run at (0,195) width 16: "uv"
        layer at (266,319) size 181x36 clip at (267,320) size 179x34 scrollHeight 79
          RenderTextControl {TEXTAREA} at (1,29) size 181x36 [bgcolor=#FFFFFF] [border: (1px solid #000000)]
            RenderBlock {DIV} at (3,3) size 175x75
              RenderText {#text} at (0,0) size 168x75
                text run at (0,0) width 144: "Lorem ipsum  dolor"
                text run at (144,0) width 8: " "
                text run at (0,15) width 168: "ABCDEFGHIJKLMNOPQRSTU"
                text run at (0,30) width 40: "VWXYZ"
                text run at (40,30) width 8: " "
                text run at (0,45) width 168: "abcdefghijklmnopqrstu"
                text run at (0,60) width 8: "v"
        layer at (449,304) size 181x51 clip at (450,305) size 164x34 scrollHeight 79
          RenderTextControl {TEXTAREA} at (1,29) size 181x51 [bgcolor=#FFFFFF] [border: (1px solid #000000)]
            RenderBlock {DIV} at (3,3) size 160x75
              RenderText {#text} at (0,0) size 160x75
                text run at (0,0) width 144: "Lorem ipsum  dolor"
                text run at (144,0) width 8: " "
                text run at (0,15) width 160: "ABCDEFGHIJKLMNOPQRST"
                text run at (0,30) width 48: "UVWXYZ"
                text run at (48,30) width 8: " "
                text run at (0,45) width 160: "abcdefghijklmnopqrst"
                text run at (0,60) width 16: "uv"
        layer at (632,289) size 66x66 clip at (633,290) size 64x64 scrollHeight 169
          RenderTextControl {TEXTAREA} at (1,57) size 66x66 [bgcolor=#FFFFFF] [border: (1px solid #000000)]
            RenderBlock {DIV} at (3,3) size 60x165
              RenderText {#text} at (0,0) size 56x165
                text run at (0,0) width 40: "Lorem"
                text run at (40,0) width 8: " "
                text run at (0,15) width 40: "ipsum"
                text run at (40,15) width 16: "  "
                text run at (0,30) width 40: "dolor"
                text run at (40,30) width 8: " "
                text run at (0,45) width 56: "ABCDEFG"
                text run at (0,60) width 56: "HIJKLMN"
                text run at (0,75) width 56: "OPQRSTU"
                text run at (0,90) width 40: "VWXYZ"
                text run at (40,90) width 8: " "
                text run at (0,105) width 56: "abcdefg"
                text run at (0,120) width 56: "hijklmn"
                text run at (0,135) width 56: "opqrstu"
                text run at (0,150) width 8: "v"
        layer at (1,416) size 66x66 clip at (2,417) size 49x49 scrollHeight 214
          RenderTextControl {TEXTAREA} at (1,57) size 66x66 [bgcolor=#FFFFFF] [border: (1px solid #000000)]
            RenderBlock {DIV} at (3,3) size 45x210
              RenderText {#text} at (0,0) size 45x210
                text run at (0,0) width 40: "Lorem"
                text run at (40,0) width 5: " "
                text run at (0,15) width 40: "ipsum"
                text run at (40,15) width 5: "  "
                text run at (0,30) width 40: "dolor"
                text run at (40,30) width 5: " "
                text run at (0,45) width 40: "ABCDE"
                text run at (0,60) width 40: "FGHIJ"
                text run at (0,75) width 40: "KLMNO"
                text run at (0,90) width 40: "PQRST"
                text run at (0,105) width 40: "UVWXY"
                text run at (0,120) width 8: "Z"
                text run at (8,120) width 8: " "
                text run at (0,135) width 40: "abcde"
                text run at (0,150) width 40: "fghij"
                text run at (0,165) width 40: "klmno"
                text run at (0,180) width 40: "pqrst"
                text run at (0,195) width 16: "uv"
        layer at (83,416) size 66x66 clip at (84,417) size 49x64 scrollHeight 214
          RenderTextControl {TEXTAREA} at (1,43) size 66x66 [bgcolor=#FFFFFF] [border: (1px solid #000000)]
            RenderBlock {DIV} at (3,3) size 45x210
              RenderText {#text} at (0,0) size 45x210
                text run at (0,0) width 40: "Lorem"
                text run at (40,0) width 5: " "
                text run at (0,15) width 40: "ipsum"
                text run at (40,15) width 5: "  "
                text run at (0,30) width 40: "dolor"
                text run at (40,30) width 5: " "
                text run at (0,45) width 40: "ABCDE"
                text run at (0,60) width 40: "FGHIJ"
                text run at (0,75) width 40: "KLMNO"
                text run at (0,90) width 40: "PQRST"
                text run at (0,105) width 40: "UVWXY"
                text run at (0,120) width 8: "Z"
                text run at (8,120) width 8: " "
                text run at (0,135) width 40: "abcde"
                text run at (0,150) width 40: "fghij"
                text run at (0,165) width 40: "klmno"
                text run at (0,180) width 40: "pqrst"
                text run at (0,195) width 16: "uv"
        layer at (165,416) size 66x66 clip at (166,417) size 49x64 scrollHeight 214
          RenderTextControl {TEXTAREA} at (1,43) size 66x66 [bgcolor=#FFFFFF] [border: (1px solid #000000)]
            RenderBlock {DIV} at (3,3) size 45x210
              RenderText {#text} at (0,0) size 45x210
                text run at (0,0) width 40: "Lorem"
                text run at (40,0) width 5: " "
                text run at (0,15) width 40: "ipsum"
                text run at (40,15) width 5: "  "
                text run at (0,30) width 40: "dolor"
                text run at (40,30) width 5: " "
                text run at (0,45) width 40: "ABCDE"
                text run at (0,60) width 40: "FGHIJ"
                text run at (0,75) width 40: "KLMNO"
                text run at (0,90) width 40: "PQRST"
                text run at (0,105) width 40: "UVWXY"
                text run at (0,120) width 8: "Z"
                text run at (8,120) width 8: " "
                text run at (0,135) width 40: "abcde"
                text run at (0,150) width 40: "fghij"
                text run at (0,165) width 40: "klmno"
                text run at (0,180) width 40: "pqrst"
                text run at (0,195) width 16: "uv"
        layer at (247,416) size 66x66 clip at (248,417) size 49x64 scrollHeight 214
          RenderTextControl {TEXTAREA} at (1,57) size 66x66 [bgcolor=#FFFFFF] [border: (1px solid #000000)]
            RenderBlock {DIV} at (3,3) size 45x210
              RenderText {#text} at (0,0) size 45x210
                text run at (0,0) width 40: "Lorem"
                text run at (40,0) width 5: " "
                text run at (0,15) width 40: "ipsum"
                text run at (40,15) width 5: "  "
                text run at (0,30) width 40: "dolor"
                text run at (40,30) width 5: " "
                text run at (0,45) width 40: "ABCDE"
                text run at (0,60) width 40: "FGHIJ"
                text run at (0,75) width 40: "KLMNO"
                text run at (0,90) width 40: "PQRST"
                text run at (0,105) width 40: "UVWXY"
                text run at (0,120) width 8: "Z"
                text run at (8,120) width 8: " "
                text run at (0,135) width 40: "abcde"
                text run at (0,150) width 40: "fghij"
                text run at (0,165) width 40: "klmno"
                text run at (0,180) width 40: "pqrst"
                text run at (0,195) width 16: "uv"
        layer at (329,446) size 45x36 clip at (330,447) size 28x34 scrollHeight 349
          RenderTextControl {TEXTAREA} at (1,15) size 45x36 [bgcolor=#FFFFFF] [border: (1px solid #000000)]
            RenderBlock {DIV} at (3,3) size 24x345
              RenderText {#text} at (0,0) size 24x345
                text run at (0,0) width 24: "Lor"
                text run at (0,15) width 16: "em"
                text run at (16,15) width 8: " "
                text run at (0,30) width 24: "ips"
                text run at (0,45) width 16: "um"
                text run at (16,45) width 8: "  "
                text run at (0,60) width 24: "dol"
                text run at (0,75) width 16: "or"
                text run at (16,75) width 8: " "
                text run at (0,90) width 24: "ABC"
                text run at (0,105) width 24: "DEF"
                text run at (0,120) width 24: "GHI"
                text run at (0,135) width 24: "JKL"
                text run at (0,150) width 24: "MNO"
                text run at (0,165) width 24: "PQR"
                text run at (0,180) width 24: "STU"
                text run at (0,195) width 24: "VWX"
                text run at (0,210) width 16: "YZ"
                text run at (16,210) width 8: " "
                text run at (0,225) width 24: "abc"
                text run at (0,240) width 24: "def"
                text run at (0,255) width 24: "ghi"
                text run at (0,270) width 24: "jkl"
                text run at (0,285) width 24: "mno"
                text run at (0,300) width 24: "pqr"
                text run at (0,315) width 24: "stu"
                text run at (0,330) width 8: "v"
        layer at (411,431) size 181x51 clip at (412,432) size 164x49 scrollHeight 79
          RenderTextControl {TEXTAREA} at (1,15) size 181x51 [bgcolor=#FFFFFF] [border: (1px solid #000000)]
            RenderBlock {DIV} at (3,3) size 160x75
              RenderText {#text} at (0,0) size 160x75
                text run at (0,0) width 144: "Lorem ipsum  dolor"
                text run at (144,0) width 8: " "
                text run at (0,15) width 160: "ABCDEFGHIJKLMNOPQRST"
                text run at (0,30) width 48: "UVWXYZ"
                text run at (48,30) width 8: " "
                text run at (0,45) width 160: "abcdefghijklmnopqrst"
                text run at (0,60) width 16: "uv"
        layer at (594,446) size 77x36 clip at (595,447) size 60x34 scrollHeight 169
          RenderTextControl {TEXTAREA} at (1,15) size 77x36 [bgcolor=#FFFFFF] [border: (1px solid #000000)]
            RenderBlock {DIV} at (3,3) size 56x165
              RenderText {#text} at (0,0) size 56x165
                text run at (0,0) width 40: "Lorem"
                text run at (40,0) width 8: " "
                text run at (0,15) width 40: "ipsum"
                text run at (40,15) width 16: "  "
                text run at (0,30) width 40: "dolor"
                text run at (40,30) width 8: " "
                text run at (0,45) width 56: "ABCDEFG"
                text run at (0,60) width 56: "HIJKLMN"
                text run at (0,75) width 56: "OPQRSTU"
                text run at (0,90) width 40: "VWXYZ"
                text run at (40,90) width 8: " "
                text run at (0,105) width 56: "abcdefg"
                text run at (0,120) width 56: "hijklmn"
                text run at (0,135) width 56: "opqrstu"
                text run at (0,150) width 8: "v"
        layer at (1,501) size 181x111 clip at (2,502) size 179x109
          RenderTextControl {TEXTAREA} at (1,15) size 181x111 [bgcolor=#FFFFFF] [border: (1px solid #000000)]
            RenderBlock {DIV} at (3,3) size 175x75
              RenderText {#text} at (0,0) size 168x75
                text run at (0,0) width 144: "Lorem ipsum  dolor"
                text run at (144,0) width 8: " "
                text run at (0,15) width 168: "ABCDEFGHIJKLMNOPQRSTU"
                text run at (0,30) width 40: "VWXYZ"
                text run at (40,30) width 8: " "
                text run at (0,45) width 168: "abcdefghijklmnopqrstu"
                text run at (0,60) width 8: "v"
        layer at (184,546) size 61x66 clip at (185,547) size 44x64 scrollHeight 214
          RenderTextControl {TEXTAREA} at (1,29) size 61x66 [bgcolor=#FFFFFF] [border: (1px solid #000000)]
            RenderBlock {DIV} at (3,3) size 40x210
              RenderText {#text} at (0,0) size 40x210
                text run at (0,0) width 40: "Lorem"
                text run at (40,0) width 0: " "
                text run at (0,15) width 40: "ipsum"
                text run at (40,15) width 0: "  "
                text run at (0,30) width 40: "dolor"
                text run at (40,30) width 0: " "
                text run at (0,45) width 40: "ABCDE"
                text run at (0,60) width 40: "FGHIJ"
                text run at (0,75) width 40: "KLMNO"
                text run at (0,90) width 40: "PQRST"
                text run at (0,105) width 40: "UVWXY"
                text run at (0,120) width 8: "Z"
                text run at (8,120) width 8: " "
                text run at (0,135) width 40: "abcde"
                text run at (0,150) width 40: "fghij"
                text run at (0,165) width 40: "klmno"
                text run at (0,180) width 40: "pqrst"
                text run at (0,195) width 16: "uv"
        layer at (266,561) size 181x51 clip at (267,562) size 179x34 scrollWidth 546
          RenderTextControl {TEXTAREA} at (1,15) size 181x51 [bgcolor=#FFFFFF] [border: (1px solid #000000)]
            RenderBlock {DIV} at (3,3) size 175x15
              RenderText {#text} at (0,0) size 544x15
                text run at (0,0) width 544: "Lorem ipsum  dolor ABCDEFGHIJKLMNOPQRSTUVWXYZ abcdefghijklmnopqrstuv"
        layer at (449,576) size 181x36 clip at (450,577) size 164x34 scrollHeight 79
          RenderTextControl {TEXTAREA} at (1,15) size 181x36 [bgcolor=#FFFFFF] [border: (1px solid #000000)]
            RenderBlock {DIV} at (3,3) size 160x75
              RenderText {#text} at (0,0) size 160x75
                text run at (0,0) width 144: "Lorem ipsum  dolor"
                text run at (144,0) width 8: " "
                text run at (0,15) width 160: "ABCDEFGHIJKLMNOPQRST"
                text run at (0,30) width 48: "UVWXYZ"
                text run at (48,30) width 8: " "
                text run at (0,45) width 160: "abcdefghijklmnopqrst"
                text run at (0,60) width 16: "uv"
        layer at (1,645) size 181x36 clip at (2,646) size 164x34 scrollHeight 79
          RenderTextControl {TEXTAREA} at (1,15) size 181x36 [bgcolor=#FFFFFF] [border: (1px solid #000000)]
            RenderBlock {DIV} at (3,3) size 160x75
              RenderText {#text} at (0,0) size 160x75
                text run at (0,0) width 144: "Lorem ipsum  dolor"
                text run at (144,0) width 8: " "
                text run at (0,15) width 160: "ABCDEFGHIJKLMNOPQRST"
                text run at (0,30) width 48: "UVWXYZ"
                text run at (48,30) width 8: " "
                text run at (0,45) width 160: "abcdefghijklmnopqrst"
                text run at (0,60) width 16: "uv"
        layer at (184,645) size 181x36 clip at (185,646) size 164x34 scrollHeight 79
          RenderTextControl {TEXTAREA} at (1,29) size 181x36 [bgcolor=#FFFFFF] [border: (1px solid #000000)]
            RenderBlock {DIV} at (3,3) size 160x75
              RenderText {#text} at (0,0) size 160x75
                text run at (0,0) width 96: "Lorem ipsum "
                text run at (96,0) width 40: "dolor"
                text run at (0,15) width 160: "ABCDEFGHIJKLMNOPQRST"
                text run at (0,30) width 48: "UVWXYZ"
                text run at (0,45) width 160: "abcdefghijklmnopqrst"
                text run at (0,60) width 16: "uv"
        layer at (367,645) size 181x36 clip at (368,646) size 164x34 scrollHeight 64
          RenderTextControl {TEXTAREA} at (1,29) size 181x36 [bgcolor=#FFFFFF] [border: (1px solid #000000)]
            RenderBlock {DIV} at (3,3) size 160x60
              RenderText {#text} at (0,0) size 160x60
                text run at (0,0) width 160: "Lorem ipsum  dolor A"
                text run at (0,15) width 160: "BCDEFGHIJKLMNOPQRSTU"
                text run at (0,30) width 160: "VWXYZ abcdefghijklmn"
                text run at (0,45) width 64: "opqrstuv"
        layer at (550,645) size 181x36 clip at (551,646) size 164x34 scrollHeight 79
          RenderTextControl {TEXTAREA} at (1,29) size 181x36 [bgcolor=#FFFFFF] [border: (1px solid #000000)]
            RenderBlock {DIV} at (3,3) size 160x75
              RenderText {#text} at (0,0) size 160x75
                text run at (0,0) width 144: "Lorem ipsum  dolor"
                text run at (144,0) width 8: " "
                text run at (0,15) width 160: "ABCDEFGHIJKLMNOPQRST"
                text run at (0,30) width 48: "UVWXYZ"
                text run at (48,30) width 8: " "
                text run at (0,45) width 160: "abcdefghijklmnopqrst"
                text run at (0,60) width 16: "uv"
        layer at (1,743) size 181x36 clip at (2,744) size 179x19 scrollWidth 538
          RenderTextControl {TEXTAREA} at (1,29) size 181x36 [bgcolor=#FFFFFF] [border: (1px solid #000000)]
            RenderBlock {DIV} at (3,3) size 175x15
              RenderText {#text} at (0,0) size 536x15
                text run at (0,0) width 96: "Lorem ipsum "
                text run at (96,0) width 440: "dolor ABCDEFGHIJKLMNOPQRSTUVWXYZ abcdefghijklmnopqrstuv"
        layer at (184,743) size 181x36 clip at (185,744) size 164x34 scrollHeight 79
          RenderTextControl {TEXTAREA} at (1,29) size 181x36 [bgcolor=#FFFFFF] [border: (1px solid #000000)]
            RenderBlock {DIV} at (3,3) size 160x75
              RenderText {#text} at (0,0) size 160x75
                text run at (0,0) width 96: "Lorem ipsum "
                text run at (96,0) width 40: "dolor"
                text run at (0,15) width 160: "ABCDEFGHIJKLMNOPQRST"
                text run at (0,30) width 48: "UVWXYZ"
                text run at (0,45) width 160: "abcdefghijklmnopqrst"
                text run at (0,60) width 16: "uv"
        layer at (367,728) size 181x51 clip at (368,729) size 164x34 scrollWidth 210 scrollHeight 64
          RenderTextControl {TEXTAREA} at (1,29) size 181x51 [bgcolor=#FFFFFF] [border: (1px solid #000000)]
            RenderBlock {DIV} at (3,3) size 160x60
              RenderText {#text} at (0,0) size 208x60
                text run at (0,0) width 144: "Lorem ipsum  dolor"
                text run at (144,0) width 8: " "
                text run at (0,15) width 208: "ABCDEFGHIJKLMNOPQRSTUVWXYZ"
                text run at (0,30) width 8: " "
                text run at (0,45) width 176: "abcdefghijklmnopqrstuv"
        layer at (550,728) size 181x51 clip at (551,729) size 164x34 scrollWidth 210 scrollHeight 64
          RenderTextControl {TEXTAREA} at (1,43) size 181x51 [bgcolor=#FFFFFF] [border: (1px solid #000000)]
            RenderBlock {DIV} at (3,3) size 160x60
              RenderText {#text} at (0,0) size 208x60
                text run at (0,0) width 144: "Lorem ipsum  dolor"
                text run at (144,0) width 8: " "
                text run at (0,15) width 208: "ABCDEFGHIJKLMNOPQRSTUVWXYZ"
                text run at (0,30) width 8: " "
                text run at (0,45) width 176: "abcdefghijklmnopqrstuv"
      RenderIFrame {IFRAME} at (0,783) size 785x744
        layer at (0,0) size 785x744
          RenderView at (0,0) size 785x744
        layer at (0,0) size 785x744
          RenderBlock {HTML} at (0,0) size 785x744
            RenderBody {BODY} at (0,5) size 785x739
              RenderBlock {DIV} at (0,0) size 785x18
                RenderText {#text} at (0,0) size 193x18
                  text run at (0,0) width 193: "CompatMode: BackCompat"
              RenderBlock (anonymous) at (0,23) size 785x716
                RenderBlock {DIV} at (0,46) size 181x36 [border: (1px solid #0000FF)]
                  RenderBlock {SPAN} at (1,1) size 80x0
                  RenderBR {BR} at (81,1) size 0x0
                RenderBlock {DIV} at (181,32) size 181x50 [border: (1px solid #0000FF)]
                  RenderBlock {SPAN} at (1,1) size 80x14
                    RenderText {#text} at (0,0) size 76x14
                      text run at (0,0) width 76: "disabled: \"true\","
                  RenderBR {BR} at (81,12) size 0x0
                RenderBlock {DIV} at (362,0) size 199x82 [border: (1px solid #0000FF)]
                  RenderBlock {SPAN} at (1,1) size 80x28
                    RenderText {#text} at (0,0) size 78x28
                      text run at (0,0) width 25: "style:"
                      text run at (0,14) width 78: "\"padding:10px\","
                  RenderBR {BR} at (81,26) size 0x0
                RenderBlock {DIV} at (561,20) size 179x62 [border: (1px solid #0000FF)]
                  RenderBlock {SPAN} at (1,1) size 80x28
                    RenderText {#text} at (0,0) size 72x28
                      text run at (0,0) width 25: "style:"
                      text run at (0,14) width 72: "\"padding:0px\","
                  RenderBR {BR} at (81,26) size 0x0
                RenderBlock {DIV} at (0,114) size 201x84 [border: (1px solid #0000FF)]
                  RenderBlock {SPAN} at (1,1) size 80x28
                    RenderText {#text} at (0,0) size 73x28
                      text run at (0,0) width 25: "style:"
                      text run at (0,14) width 73: "\"margin:10px\","
                  RenderBR {BR} at (81,26) size 0x0
                RenderBlock {DIV} at (201,134) size 181x64 [border: (1px solid #0000FF)]
                  RenderBlock {SPAN} at (1,1) size 80x28
                    RenderText {#text} at (0,0) size 67x28
                      text run at (0,0) width 25: "style:"
                      text run at (0,14) width 67: "\"margin:0px\","
                  RenderBR {BR} at (81,26) size 0x0
                RenderBlock {DIV} at (382,134) size 82x64 [border: (1px solid #0000FF)]
                  RenderBlock {SPAN} at (1,1) size 80x28
                    RenderText {#text} at (0,0) size 67x28
                      text run at (0,0) width 25: "style:"
                      text run at (0,14) width 67: "\"width:60px\","
                  RenderBR {BR} at (81,26) size 0x0
                RenderBlock {DIV} at (464,82) size 82x116 [border: (1px solid #0000FF)]
                  RenderBlock {SPAN} at (1,1) size 80x42
                    RenderText {#text} at (0,0) size 73x42
                      text run at (0,0) width 25: "style:"
                      text run at (0,14) width 62: "\"width:60px;"
                      text run at (0,28) width 73: "padding:20px\","
                  RenderBR {BR} at (81,40) size 0x0
                RenderBlock {DIV} at (546,122) size 82x76 [border: (1px solid #0000FF)]
                  RenderBlock {SPAN} at (1,1) size 80x42
                    RenderText {#text} at (0,0) size 62x42
                      text run at (0,0) width 25: "style:"
                      text run at (0,14) width 62: "\"width:60px;"
                      text run at (0,28) width 55: "padding:0\","
                  RenderBR {BR} at (81,40) size 0x0
                RenderBlock {DIV} at (0,226) size 181x90 [border: (1px solid #0000FF)]
                  RenderBlock {SPAN} at (1,1) size 80x28
                    RenderText {#text} at (0,0) size 69x28
                      text run at (0,0) width 25: "style:"
                      text run at (0,14) width 69: "\"height:60px\","
                  RenderBR {BR} at (81,26) size 0x0
                RenderBlock {DIV} at (181,212) size 82x104 [border: (1px solid #0000FF)]
                  RenderBlock {SPAN} at (1,1) size 80x42
                    RenderText {#text} at (0,0) size 64x42
                      text run at (0,0) width 25: "style:"
                      text run at (0,14) width 62: "\"width:60px;"
                      text run at (0,28) width 64: "height:60px\","
                  RenderBR {BR} at (81,40) size 0x0
                RenderBlock {DIV} at (263,252) size 181x64 [border: (1px solid #0000FF)]
                  RenderBlock {SPAN} at (1,1) size 80x28
                    RenderText {#text} at (0,0) size 91x28
                      text run at (0,0) width 25: "style:"
                      text run at (0,14) width 91: "\"overflow:hidden\","
                  RenderBR {BR} at (81,26) size 0x0
                RenderBlock {DIV} at (444,237) size 181x79 [border: (1px solid #0000FF)]
                  RenderBlock {SPAN} at (1,1) size 80x28
                    RenderText {#text} at (0,0) size 85x28
                      text run at (0,0) width 25: "style:"
                      text run at (0,14) width 85: "\"overflow:scroll\","
                  RenderBR {BR} at (81,26) size 0x0
                RenderBlock {DIV} at (625,198) size 82x118 [border: (1px solid #0000FF)]
                  RenderBlock {SPAN} at (1,1) size 80x56
                    RenderText {#text} at (0,0) size 86x56
                      text run at (0,0) width 25: "style:"
                      text run at (0,14) width 86: "\"overflow:hidden;"
                      text run at (0,28) width 57: "width:60px;"
                      text run at (0,42) width 64: "height:60px\","
                  RenderBR {BR} at (81,54) size 0x0
                RenderBlock {DIV} at (0,316) size 82x118 [border: (1px solid #0000FF)]
                  RenderBlock {SPAN} at (1,1) size 80x56
                    RenderText {#text} at (0,0) size 80x56
                      text run at (0,0) width 25: "style:"
                      text run at (0,14) width 80: "\"overflow:scroll;"
                      text run at (0,28) width 57: "width:60px;"
                      text run at (0,42) width 64: "height:60px\","
                  RenderBR {BR} at (81,54) size 0x0
                RenderBlock {DIV} at (82,330) size 82x104 [border: (1px solid #0000FF)]
                  RenderBlock {SPAN} at (1,1) size 80x42
                    RenderText {#text} at (0,0) size 72x42
                      text run at (0,0) width 72: "cols: \"5\", style:"
                      text run at (0,14) width 62: "\"width:60px;"
                      text run at (0,28) width 64: "height:60px\","
                  RenderBR {BR} at (81,40) size 0x0
                RenderBlock {DIV} at (164,330) size 82x104 [border: (1px solid #0000FF)]
                  RenderBlock {SPAN} at (1,1) size 80x42
                    RenderText {#text} at (0,0) size 77x42
                      text run at (0,0) width 77: "rows: \"4\", style:"
                      text run at (0,14) width 62: "\"width:60px;"
                      text run at (0,28) width 64: "height:60px\","
                  RenderBR {BR} at (81,40) size 0x0
                RenderBlock {DIV} at (246,316) size 82x118 [border: (1px solid #0000FF)]
                  RenderBlock {SPAN} at (1,1) size 80x56
                    RenderText {#text} at (0,0) size 74x56
                      text run at (0,0) width 74: "cols: \"5\", rows:"
                      text run at (0,14) width 47: "\"4\", style:"
                      text run at (0,28) width 62: "\"width:60px;"
                      text run at (0,42) width 64: "height:60px\","
                  RenderBR {BR} at (81,54) size 0x0
                RenderBlock {DIV} at (328,384) size 82x50 [border: (1px solid #0000FF)]
                  RenderBlock {SPAN} at (1,1) size 80x14
                    RenderText {#text} at (0,0) size 44x14
                      text run at (0,0) width 44: "cols: \"3\","
                  RenderBR {BR} at (81,12) size 0x0
                RenderBlock {DIV} at (410,369) size 181x65 [border: (1px solid #0000FF)]
                  RenderBlock {SPAN} at (1,1) size 80x14
                    RenderText {#text} at (0,0) size 49x14
                      text run at (0,0) width 49: "rows: \"3\","
                  RenderBR {BR} at (81,12) size 0x0
                RenderBlock {DIV} at (591,384) size 82x50 [border: (1px solid #0000FF)]
                  RenderBlock {SPAN} at (1,1) size 80x14
                    RenderText {#text} at (0,0) size 44x14
                      text run at (0,0) width 44: "cols: \"7\","
                  RenderBR {BR} at (81,12) size 0x0
                RenderBlock {DIV} at (0,434) size 181x125 [border: (1px solid #0000FF)]
                  RenderBlock {SPAN} at (1,1) size 80x14
                    RenderText {#text} at (0,0) size 49x14
                      text run at (0,0) width 49: "rows: \"7\","
                  RenderBR {BR} at (81,12) size 0x0
                RenderBlock {DIV} at (181,465) size 82x94 [border: (1px solid #0000FF)]
                  RenderBlock {SPAN} at (1,1) size 80x28
                    RenderText {#text} at (0,0) size 74x28
                      text run at (0,0) width 74: "cols: \"5\", rows:"
                      text run at (0,14) width 19: "\"4\","
                  RenderBR {BR} at (81,26) size 0x0
                RenderBlock {DIV} at (263,494) size 181x65 [border: (1px solid #0000FF)]
                  RenderBlock {SPAN} at (1,1) size 80x14
                    RenderText {#text} at (0,0) size 57x14
                      text run at (0,0) width 57: "wrap: \"off\","
                  RenderBR {BR} at (81,12) size 0x0
                RenderBlock {DIV} at (444,509) size 181x50 [border: (1px solid #0000FF)]
                  RenderBlock {SPAN} at (1,1) size 80x14
                    RenderText {#text} at (0,0) size 64x14
                      text run at (0,0) width 64: "wrap: \"hard\","
                  RenderBR {BR} at (81,12) size 0x0
                RenderBlock {DIV} at (0,573) size 181x50 [border: (1px solid #0000FF)]
                  RenderBlock {SPAN} at (1,1) size 80x14
                    RenderText {#text} at (0,0) size 61x14
                      text run at (0,0) width 61: "wrap: \"soft\","
                  RenderBR {BR} at (81,12) size 0x0
                RenderBlock {DIV} at (181,559) size 181x64 [border: (1px solid #0000FF)]
                  RenderBlock {SPAN} at (1,1) size 80x28
                    RenderText {#text} at (0,0) size 70x28
                      text run at (0,0) width 63: "style: \"white-"
                      text run at (0,14) width 70: "space:normal\","
                  RenderBR {BR} at (81,26) size 0x0
                RenderBlock {DIV} at (362,559) size 181x64 [border: (1px solid #0000FF)]
                  RenderBlock {SPAN} at (1,1) size 80x28
                    RenderText {#text} at (0,0) size 63x28
                      text run at (0,0) width 63: "style: \"white-"
                      text run at (0,14) width 52: "space:pre\","
                  RenderBR {BR} at (81,26) size 0x0
                RenderBlock {DIV} at (543,559) size 181x64 [border: (1px solid #0000FF)]
                  RenderBlock {SPAN} at (1,1) size 80x28
                    RenderText {#text} at (0,0) size 76x28
                      text run at (0,0) width 63: "style: \"white-"
                      text run at (0,14) width 76: "space:prewrap\","
                  RenderBR {BR} at (81,26) size 0x0
                RenderBlock {DIV} at (0,652) size 181x64 [border: (1px solid #0000FF)]
                  RenderBlock {SPAN} at (1,1) size 80x28
                    RenderText {#text} at (0,0) size 73x28
                      text run at (0,0) width 63: "style: \"white-"
                      text run at (0,14) width 73: "space:nowrap\","
                  RenderBR {BR} at (81,26) size 0x0
                RenderBlock {DIV} at (181,652) size 181x64 [border: (1px solid #0000FF)]
                  RenderBlock {SPAN} at (1,1) size 80x28
                    RenderText {#text} at (0,0) size 73x28
                      text run at (0,0) width 63: "style: \"white-"
                      text run at (0,14) width 73: "space:pre-line\","
                  RenderBR {BR} at (81,26) size 0x0
                RenderBlock {DIV} at (362,637) size 181x79 [border: (1px solid #0000FF)]
                  RenderBlock {SPAN} at (1,1) size 80x28
                    RenderText {#text} at (0,0) size 68x28
                      text run at (0,0) width 62: "style: \"word-"
                      text run at (0,14) width 68: "wrap:normal\","
                  RenderBR {BR} at (81,26) size 0x0
                RenderBlock {DIV} at (543,623) size 181x93 [border: (1px solid #0000FF)]
                  RenderBlock {SPAN} at (1,1) size 80x42
                    RenderText {#text} at (0,0) size 80x42
                      text run at (0,0) width 57: "wrap: \"off\","
                      text run at (0,14) width 63: "style: \"white-"
                      text run at (0,28) width 80: "space:pre-wrap\","
                  RenderBR {BR} at (81,40) size 0x0
        layer at (1,75) size 179x34 clip at (2,76) size 177x32
          RenderTextControl {TEXTAREA} at (1,1) size 179x34 [bgcolor=#FFFFFF] [border: (1px solid #000000)]
            RenderBlock {DIV} at (3,3) size 175x15
              RenderText {#text} at (0,0) size 136x15
                text run at (0,0) width 136: "Lorem ipsum dolor"
        layer at (182,75) size 179x34 clip at (183,76) size 162x32 scrollHeight 77
          RenderTextControl {TEXTAREA} at (1,15) size 179x34 [bgcolor=#EBEBE4] [border: (1px solid #000000)]
            RenderBlock {DIV} at (3,3) size 160x75 [color=#545454]
              RenderText {#text} at (0,0) size 160x75
                text run at (0,0) width 144: "Lorem ipsum  dolor"
                text run at (144,0) width 8: " "
                text run at (0,15) width 160: "ABCDEFGHIJKLMNOPQRST"
                text run at (0,30) width 48: "UVWXYZ"
                text run at (48,30) width 8: " "
                text run at (0,45) width 160: "abcdefghijklmnopqrst"
                text run at (0,60) width 16: "uv"
        layer at (363,57) size 197x52 clip at (364,58) size 180x50 scrollHeight 95
          RenderTextControl {TEXTAREA} at (1,29) size 197x52 [bgcolor=#FFFFFF] [border: (1px solid #000000)]
            RenderBlock {DIV} at (11,11) size 160x75
              RenderText {#text} at (0,0) size 160x75
                text run at (0,0) width 144: "Lorem ipsum  dolor"
                text run at (144,0) width 8: " "
                text run at (0,15) width 160: "ABCDEFGHIJKLMNOPQRST"
                text run at (0,30) width 48: "UVWXYZ"
                text run at (48,30) width 8: " "
                text run at (0,45) width 160: "abcdefghijklmnopqrst"
                text run at (0,60) width 16: "uv"
        layer at (562,77) size 177x32 clip at (563,78) size 160x30 scrollHeight 75
          RenderTextControl {TEXTAREA} at (1,29) size 177x32 [bgcolor=#FFFFFF] [border: (1px solid #000000)]
            RenderBlock {DIV} at (1,1) size 160x75
              RenderText {#text} at (0,0) size 160x75
                text run at (0,0) width 144: "Lorem ipsum  dolor"
                text run at (144,0) width 8: " "
                text run at (0,15) width 160: "ABCDEFGHIJKLMNOPQRST"
                text run at (0,30) width 48: "UVWXYZ"
                text run at (48,30) width 8: " "
                text run at (0,45) width 160: "abcdefghijklmnopqrst"
                text run at (0,60) width 16: "uv"
        layer at (11,181) size 179x34 clip at (12,182) size 162x32 scrollHeight 77
          RenderTextControl {TEXTAREA} at (11,39) size 179x34 [bgcolor=#FFFFFF] [border: (1px solid #000000)]
            RenderBlock {DIV} at (3,3) size 160x75
              RenderText {#text} at (0,0) size 160x75
                text run at (0,0) width 144: "Lorem ipsum  dolor"
                text run at (144,0) width 8: " "
                text run at (0,15) width 160: "ABCDEFGHIJKLMNOPQRST"
                text run at (0,30) width 48: "UVWXYZ"
                text run at (48,30) width 8: " "
                text run at (0,45) width 160: "abcdefghijklmnopqrst"
                text run at (0,60) width 16: "uv"
        layer at (202,191) size 179x34 clip at (203,192) size 162x32 scrollHeight 77
          RenderTextControl {TEXTAREA} at (1,29) size 179x34 [bgcolor=#FFFFFF] [border: (1px solid #000000)]
            RenderBlock {DIV} at (3,3) size 160x75
              RenderText {#text} at (0,0) size 160x75
                text run at (0,0) width 144: "Lorem ipsum  dolor"
                text run at (144,0) width 8: " "
                text run at (0,15) width 160: "ABCDEFGHIJKLMNOPQRST"
                text run at (0,30) width 48: "UVWXYZ"
                text run at (48,30) width 8: " "
                text run at (0,45) width 160: "abcdefghijklmnopqrst"
                text run at (0,60) width 16: "uv"
        layer at (383,191) size 60x34 clip at (384,192) size 43x32 scrollHeight 212
          RenderTextControl {TEXTAREA} at (1,29) size 60x34 [bgcolor=#FFFFFF] [border: (1px solid #000000)]
            RenderBlock {DIV} at (3,3) size 41x210
              RenderText {#text} at (0,0) size 41x210
                text run at (0,0) width 40: "Lorem"
                text run at (40,0) width 1: " "
                text run at (0,15) width 40: "ipsum"
                text run at (40,15) width 1: "  "
                text run at (0,30) width 40: "dolor"
                text run at (40,30) width 1: " "
                text run at (0,45) width 40: "ABCDE"
                text run at (0,60) width 40: "FGHIJ"
                text run at (0,75) width 40: "KLMNO"
                text run at (0,90) width 40: "PQRST"
                text run at (0,105) width 40: "UVWXY"
                text run at (0,120) width 8: "Z"
                text run at (8,120) width 8: " "
                text run at (0,135) width 40: "abcde"
                text run at (0,150) width 40: "fghij"
                text run at (0,165) width 40: "klmno"
                text run at (0,180) width 40: "pqrst"
                text run at (0,195) width 16: "uv"
        layer at (465,153) size 60x72 clip at (466,154) size 43x70 scrollHeight 1060
          RenderTextControl {TEXTAREA} at (1,43) size 60x72 [bgcolor=#FFFFFF] [border: (1px solid #000000)]
            RenderBlock {DIV} at (21,21) size 3x1020
              RenderText {#text} at (0,0) size 8x1020
                text run at (0,0) width 8: "L"
                text run at (0,15) width 8: "o"
                text run at (0,30) width 8: "r"
                text run at (0,45) width 8: "e"
                text run at (0,60) width 8: "m"
                text run at (0,75) width 3: " "
                text run at (0,90) width 8: "i"
                text run at (0,105) width 8: "p"
                text run at (0,120) width 8: "s"
                text run at (0,135) width 8: "u"
                text run at (0,150) width 8: "m"
                text run at (0,165) width 3: " "
                text run at (0,180) width 3: " "
                text run at (0,195) width 8: "d"
                text run at (0,210) width 8: "o"
                text run at (0,225) width 8: "l"
                text run at (0,240) width 8: "o"
                text run at (0,255) width 8: "r"
                text run at (0,270) width 3: " "
                text run at (0,285) width 8: "A"
                text run at (0,300) width 8: "B"
                text run at (0,315) width 8: "C"
                text run at (0,330) width 8: "D"
                text run at (0,345) width 8: "E"
                text run at (0,360) width 8: "F"
                text run at (0,375) width 8: "G"
                text run at (0,390) width 8: "H"
                text run at (0,405) width 8: "I"
                text run at (0,420) width 8: "J"
                text run at (0,435) width 8: "K"
                text run at (0,450) width 8: "L"
                text run at (0,465) width 8: "M"
                text run at (0,480) width 8: "N"
                text run at (0,495) width 8: "O"
                text run at (0,510) width 8: "P"
                text run at (0,525) width 8: "Q"
                text run at (0,540) width 8: "R"
                text run at (0,555) width 8: "S"
                text run at (0,570) width 8: "T"
                text run at (0,585) width 8: "U"
                text run at (0,600) width 8: "V"
                text run at (0,615) width 8: "W"
                text run at (0,630) width 8: "X"
                text run at (0,645) width 8: "Y"
                text run at (0,660) width 8: "Z"
                text run at (0,675) width 3: " "
                text run at (0,690) width 8: "a"
                text run at (0,705) width 8: "b"
                text run at (0,720) width 8: "c"
                text run at (0,735) width 8: "d"
                text run at (0,750) width 8: "e"
                text run at (0,765) width 8: "f"
                text run at (0,780) width 8: "g"
                text run at (0,795) width 8: "h"
                text run at (0,810) width 8: "i"
                text run at (0,825) width 8: "j"
                text run at (0,840) width 8: "k"
                text run at (0,855) width 8: "l"
                text run at (0,870) width 8: "m"
                text run at (0,885) width 8: "n"
                text run at (0,900) width 8: "o"
                text run at (0,915) width 8: "p"
                text run at (0,930) width 8: "q"
                text run at (0,945) width 8: "r"
                text run at (0,960) width 8: "s"
                text run at (0,975) width 8: "t"
                text run at (0,990) width 8: "u"
                text run at (0,1005) width 8: "v"
        layer at (547,193) size 60x32 clip at (548,194) size 43x30 scrollHeight 210
          RenderTextControl {TEXTAREA} at (1,43) size 60x32 [bgcolor=#FFFFFF] [border: (1px solid #000000)]
            RenderBlock {DIV} at (1,1) size 43x210
              RenderText {#text} at (0,0) size 43x210
                text run at (0,0) width 40: "Lorem"
                text run at (40,0) width 3: " "
                text run at (0,15) width 40: "ipsum"
                text run at (40,15) width 3: "  "
                text run at (0,30) width 40: "dolor"
                text run at (40,30) width 3: " "
                text run at (0,45) width 40: "ABCDE"
                text run at (0,60) width 40: "FGHIJ"
                text run at (0,75) width 40: "KLMNO"
                text run at (0,90) width 40: "PQRST"
                text run at (0,105) width 40: "UVWXY"
                text run at (0,120) width 8: "Z"
                text run at (8,120) width 8: " "
                text run at (0,135) width 40: "abcde"
                text run at (0,150) width 40: "fghij"
                text run at (0,165) width 40: "klmno"
                text run at (0,180) width 40: "pqrst"
                text run at (0,195) width 16: "uv"
        layer at (1,283) size 179x60 clip at (2,284) size 162x58 scrollHeight 77
          RenderTextControl {TEXTAREA} at (1,29) size 179x60 [bgcolor=#FFFFFF] [border: (1px solid #000000)]
            RenderBlock {DIV} at (3,3) size 160x75
              RenderText {#text} at (0,0) size 160x75
                text run at (0,0) width 144: "Lorem ipsum  dolor"
                text run at (144,0) width 8: " "
                text run at (0,15) width 160: "ABCDEFGHIJKLMNOPQRST"
                text run at (0,30) width 48: "UVWXYZ"
                text run at (48,30) width 8: " "
                text run at (0,45) width 160: "abcdefghijklmnopqrst"
                text run at (0,60) width 16: "uv"
        layer at (182,283) size 60x60 clip at (183,284) size 43x58 scrollHeight 212
          RenderTextControl {TEXTAREA} at (1,43) size 60x60 [bgcolor=#FFFFFF] [border: (1px solid #000000)]
            RenderBlock {DIV} at (3,3) size 41x210
              RenderText {#text} at (0,0) size 41x210
                text run at (0,0) width 40: "Lorem"
                text run at (40,0) width 1: " "
                text run at (0,15) width 40: "ipsum"
                text run at (40,15) width 1: "  "
                text run at (0,30) width 40: "dolor"
                text run at (40,30) width 1: " "
                text run at (0,45) width 40: "ABCDE"
                text run at (0,60) width 40: "FGHIJ"
                text run at (0,75) width 40: "KLMNO"
                text run at (0,90) width 40: "PQRST"
                text run at (0,105) width 40: "UVWXY"
                text run at (0,120) width 8: "Z"
                text run at (8,120) width 8: " "
                text run at (0,135) width 40: "abcde"
                text run at (0,150) width 40: "fghij"
                text run at (0,165) width 40: "klmno"
                text run at (0,180) width 40: "pqrst"
                text run at (0,195) width 16: "uv"
        layer at (264,309) size 179x34 clip at (265,310) size 177x32 scrollHeight 77
          RenderTextControl {TEXTAREA} at (1,29) size 179x34 [bgcolor=#FFFFFF] [border: (1px solid #000000)]
            RenderBlock {DIV} at (3,3) size 175x75
              RenderText {#text} at (0,0) size 168x75
                text run at (0,0) width 144: "Lorem ipsum  dolor"
                text run at (144,0) width 8: " "
                text run at (0,15) width 168: "ABCDEFGHIJKLMNOPQRSTU"
                text run at (0,30) width 40: "VWXYZ"
                text run at (40,30) width 8: " "
                text run at (0,45) width 168: "abcdefghijklmnopqrstu"
                text run at (0,60) width 8: "v"
        layer at (445,294) size 179x49 clip at (446,295) size 162x32 scrollHeight 77
          RenderTextControl {TEXTAREA} at (1,29) size 179x49 [bgcolor=#FFFFFF] [border: (1px solid #000000)]
            RenderBlock {DIV} at (3,3) size 160x75
              RenderText {#text} at (0,0) size 160x75
                text run at (0,0) width 144: "Lorem ipsum  dolor"
                text run at (144,0) width 8: " "
                text run at (0,15) width 160: "ABCDEFGHIJKLMNOPQRST"
                text run at (0,30) width 48: "UVWXYZ"
                text run at (48,30) width 8: " "
                text run at (0,45) width 160: "abcdefghijklmnopqrst"
                text run at (0,60) width 16: "uv"
        layer at (626,283) size 60x60 clip at (627,284) size 58x58 scrollHeight 167
          RenderTextControl {TEXTAREA} at (1,57) size 60x60 [bgcolor=#FFFFFF] [border: (1px solid #000000)]
            RenderBlock {DIV} at (3,3) size 56x165
              RenderText {#text} at (0,0) size 56x165
                text run at (0,0) width 40: "Lorem"
                text run at (40,0) width 8: " "
                text run at (0,15) width 40: "ipsum"
                text run at (40,15) width 16: "  "
                text run at (0,30) width 40: "dolor"
                text run at (40,30) width 8: " "
                text run at (0,45) width 56: "ABCDEFG"
                text run at (0,60) width 56: "HIJKLMN"
                text run at (0,75) width 56: "OPQRSTU"
                text run at (0,90) width 40: "VWXYZ"
                text run at (40,90) width 8: " "
                text run at (0,105) width 56: "abcdefg"
                text run at (0,120) width 56: "hijklmn"
                text run at (0,135) width 56: "opqrstu"
                text run at (0,150) width 8: "v"
        layer at (1,401) size 60x60 clip at (2,402) size 43x43 scrollHeight 212
          RenderTextControl {TEXTAREA} at (1,57) size 60x60 [bgcolor=#FFFFFF] [border: (1px solid #000000)]
            RenderBlock {DIV} at (3,3) size 41x210
              RenderText {#text} at (0,0) size 41x210
                text run at (0,0) width 40: "Lorem"
                text run at (40,0) width 1: " "
                text run at (0,15) width 40: "ipsum"
                text run at (40,15) width 1: "  "
                text run at (0,30) width 40: "dolor"
                text run at (40,30) width 1: " "
                text run at (0,45) width 40: "ABCDE"
                text run at (0,60) width 40: "FGHIJ"
                text run at (0,75) width 40: "KLMNO"
                text run at (0,90) width 40: "PQRST"
                text run at (0,105) width 40: "UVWXY"
                text run at (0,120) width 8: "Z"
                text run at (8,120) width 8: " "
                text run at (0,135) width 40: "abcde"
                text run at (0,150) width 40: "fghij"
                text run at (0,165) width 40: "klmno"
                text run at (0,180) width 40: "pqrst"
                text run at (0,195) width 16: "uv"
        layer at (83,401) size 60x60 clip at (84,402) size 43x58 scrollHeight 212
          RenderTextControl {TEXTAREA} at (1,43) size 60x60 [bgcolor=#FFFFFF] [border: (1px solid #000000)]
            RenderBlock {DIV} at (3,3) size 41x210
              RenderText {#text} at (0,0) size 41x210
                text run at (0,0) width 40: "Lorem"
                text run at (40,0) width 1: " "
                text run at (0,15) width 40: "ipsum"
                text run at (40,15) width 1: "  "
                text run at (0,30) width 40: "dolor"
                text run at (40,30) width 1: " "
                text run at (0,45) width 40: "ABCDE"
                text run at (0,60) width 40: "FGHIJ"
                text run at (0,75) width 40: "KLMNO"
                text run at (0,90) width 40: "PQRST"
                text run at (0,105) width 40: "UVWXY"
                text run at (0,120) width 8: "Z"
                text run at (8,120) width 8: " "
                text run at (0,135) width 40: "abcde"
                text run at (0,150) width 40: "fghij"
                text run at (0,165) width 40: "klmno"
                text run at (0,180) width 40: "pqrst"
                text run at (0,195) width 16: "uv"
        layer at (165,401) size 60x60 clip at (166,402) size 43x58 scrollHeight 212
          RenderTextControl {TEXTAREA} at (1,43) size 60x60 [bgcolor=#FFFFFF] [border: (1px solid #000000)]
            RenderBlock {DIV} at (3,3) size 41x210
              RenderText {#text} at (0,0) size 41x210
                text run at (0,0) width 40: "Lorem"
                text run at (40,0) width 1: " "
                text run at (0,15) width 40: "ipsum"
                text run at (40,15) width 1: "  "
                text run at (0,30) width 40: "dolor"
                text run at (40,30) width 1: " "
                text run at (0,45) width 40: "ABCDE"
                text run at (0,60) width 40: "FGHIJ"
                text run at (0,75) width 40: "KLMNO"
                text run at (0,90) width 40: "PQRST"
                text run at (0,105) width 40: "UVWXY"
                text run at (0,120) width 8: "Z"
                text run at (8,120) width 8: " "
                text run at (0,135) width 40: "abcde"
                text run at (0,150) width 40: "fghij"
                text run at (0,165) width 40: "klmno"
                text run at (0,180) width 40: "pqrst"
                text run at (0,195) width 16: "uv"
        layer at (247,401) size 60x60 clip at (248,402) size 43x58 scrollHeight 212
          RenderTextControl {TEXTAREA} at (1,57) size 60x60 [bgcolor=#FFFFFF] [border: (1px solid #000000)]
            RenderBlock {DIV} at (3,3) size 41x210
              RenderText {#text} at (0,0) size 41x210
                text run at (0,0) width 40: "Lorem"
                text run at (40,0) width 1: " "
                text run at (0,15) width 40: "ipsum"
                text run at (40,15) width 1: "  "
                text run at (0,30) width 40: "dolor"
                text run at (40,30) width 1: " "
                text run at (0,45) width 40: "ABCDE"
                text run at (0,60) width 40: "FGHIJ"
                text run at (0,75) width 40: "KLMNO"
                text run at (0,90) width 40: "PQRST"
                text run at (0,105) width 40: "UVWXY"
                text run at (0,120) width 8: "Z"
                text run at (8,120) width 8: " "
                text run at (0,135) width 40: "abcde"
                text run at (0,150) width 40: "fghij"
                text run at (0,165) width 40: "klmno"
                text run at (0,180) width 40: "pqrst"
                text run at (0,195) width 16: "uv"
        layer at (329,427) size 43x34 clip at (330,428) size 26x32 scrollHeight 347
          RenderTextControl {TEXTAREA} at (1,15) size 43x34 [bgcolor=#FFFFFF] [border: (1px solid #000000)]
            RenderBlock {DIV} at (3,3) size 24x345
              RenderText {#text} at (0,0) size 24x345
                text run at (0,0) width 24: "Lor"
                text run at (0,15) width 16: "em"
                text run at (16,15) width 8: " "
                text run at (0,30) width 24: "ips"
                text run at (0,45) width 16: "um"
                text run at (16,45) width 8: "  "
                text run at (0,60) width 24: "dol"
                text run at (0,75) width 16: "or"
                text run at (16,75) width 8: " "
                text run at (0,90) width 24: "ABC"
                text run at (0,105) width 24: "DEF"
                text run at (0,120) width 24: "GHI"
                text run at (0,135) width 24: "JKL"
                text run at (0,150) width 24: "MNO"
                text run at (0,165) width 24: "PQR"
                text run at (0,180) width 24: "STU"
                text run at (0,195) width 24: "VWX"
                text run at (0,210) width 16: "YZ"
                text run at (16,210) width 8: " "
                text run at (0,225) width 24: "abc"
                text run at (0,240) width 24: "def"
                text run at (0,255) width 24: "ghi"
                text run at (0,270) width 24: "jkl"
                text run at (0,285) width 24: "mno"
                text run at (0,300) width 24: "pqr"
                text run at (0,315) width 24: "stu"
                text run at (0,330) width 8: "v"
        layer at (411,412) size 179x49 clip at (412,413) size 162x47 scrollHeight 77
          RenderTextControl {TEXTAREA} at (1,15) size 179x49 [bgcolor=#FFFFFF] [border: (1px solid #000000)]
            RenderBlock {DIV} at (3,3) size 160x75
              RenderText {#text} at (0,0) size 160x75
                text run at (0,0) width 144: "Lorem ipsum  dolor"
                text run at (144,0) width 8: " "
                text run at (0,15) width 160: "ABCDEFGHIJKLMNOPQRST"
                text run at (0,30) width 48: "UVWXYZ"
                text run at (48,30) width 8: " "
                text run at (0,45) width 160: "abcdefghijklmnopqrst"
                text run at (0,60) width 16: "uv"
        layer at (592,427) size 75x34 clip at (593,428) size 58x32 scrollHeight 167
          RenderTextControl {TEXTAREA} at (1,15) size 75x34 [bgcolor=#FFFFFF] [border: (1px solid #000000)]
            RenderBlock {DIV} at (3,3) size 56x165
              RenderText {#text} at (0,0) size 56x165
                text run at (0,0) width 40: "Lorem"
                text run at (40,0) width 8: " "
                text run at (0,15) width 40: "ipsum"
                text run at (40,15) width 16: "  "
                text run at (0,30) width 40: "dolor"
                text run at (40,30) width 8: " "
                text run at (0,45) width 56: "ABCDEFG"
                text run at (0,60) width 56: "HIJKLMN"
                text run at (0,75) width 56: "OPQRSTU"
                text run at (0,90) width 40: "VWXYZ"
                text run at (40,90) width 8: " "
                text run at (0,105) width 56: "abcdefg"
                text run at (0,120) width 56: "hijklmn"
                text run at (0,135) width 56: "opqrstu"
                text run at (0,150) width 8: "v"
        layer at (1,477) size 179x109 clip at (2,478) size 177x107
          RenderTextControl {TEXTAREA} at (1,15) size 179x109 [bgcolor=#FFFFFF] [border: (1px solid #000000)]
            RenderBlock {DIV} at (3,3) size 175x75
              RenderText {#text} at (0,0) size 168x75
                text run at (0,0) width 144: "Lorem ipsum  dolor"
                text run at (144,0) width 8: " "
                text run at (0,15) width 168: "ABCDEFGHIJKLMNOPQRSTU"
                text run at (0,30) width 40: "VWXYZ"
                text run at (40,30) width 8: " "
                text run at (0,45) width 168: "abcdefghijklmnopqrstu"
                text run at (0,60) width 8: "v"
        layer at (182,522) size 59x64 clip at (183,523) size 42x62 scrollHeight 212
          RenderTextControl {TEXTAREA} at (1,29) size 59x64 [bgcolor=#FFFFFF] [border: (1px solid #000000)]
            RenderBlock {DIV} at (3,3) size 40x210
              RenderText {#text} at (0,0) size 40x210
                text run at (0,0) width 40: "Lorem"
                text run at (40,0) width 0: " "
                text run at (0,15) width 40: "ipsum"
                text run at (40,15) width 0: "  "
                text run at (0,30) width 40: "dolor"
                text run at (40,30) width 0: " "
                text run at (0,45) width 40: "ABCDE"
                text run at (0,60) width 40: "FGHIJ"
                text run at (0,75) width 40: "KLMNO"
                text run at (0,90) width 40: "PQRST"
                text run at (0,105) width 40: "UVWXY"
                text run at (0,120) width 8: "Z"
                text run at (8,120) width 8: " "
                text run at (0,135) width 40: "abcde"
                text run at (0,150) width 40: "fghij"
                text run at (0,165) width 40: "klmno"
                text run at (0,180) width 40: "pqrst"
                text run at (0,195) width 16: "uv"
        layer at (264,537) size 179x49 clip at (265,538) size 177x32 scrollWidth 546
          RenderTextControl {TEXTAREA} at (1,15) size 179x49 [bgcolor=#FFFFFF] [border: (1px solid #000000)]
            RenderBlock {DIV} at (3,3) size 175x15
              RenderText {#text} at (0,0) size 544x15
                text run at (0,0) width 544: "Lorem ipsum  dolor ABCDEFGHIJKLMNOPQRSTUVWXYZ abcdefghijklmnopqrstuv"
        layer at (445,552) size 179x34 clip at (446,553) size 162x32 scrollHeight 77
          RenderTextControl {TEXTAREA} at (1,15) size 179x34 [bgcolor=#FFFFFF] [border: (1px solid #000000)]
            RenderBlock {DIV} at (3,3) size 160x75
              RenderText {#text} at (0,0) size 160x75
                text run at (0,0) width 144: "Lorem ipsum  dolor"
                text run at (144,0) width 8: " "
                text run at (0,15) width 160: "ABCDEFGHIJKLMNOPQRST"
                text run at (0,30) width 48: "UVWXYZ"
                text run at (48,30) width 8: " "
                text run at (0,45) width 160: "abcdefghijklmnopqrst"
                text run at (0,60) width 16: "uv"
        layer at (1,616) size 179x34 clip at (2,617) size 162x32 scrollHeight 77
          RenderTextControl {TEXTAREA} at (1,15) size 179x34 [bgcolor=#FFFFFF] [border: (1px solid #000000)]
            RenderBlock {DIV} at (3,3) size 160x75
              RenderText {#text} at (0,0) size 160x75
                text run at (0,0) width 144: "Lorem ipsum  dolor"
                text run at (144,0) width 8: " "
                text run at (0,15) width 160: "ABCDEFGHIJKLMNOPQRST"
                text run at (0,30) width 48: "UVWXYZ"
                text run at (48,30) width 8: " "
                text run at (0,45) width 160: "abcdefghijklmnopqrst"
                text run at (0,60) width 16: "uv"
        layer at (182,616) size 179x34 clip at (183,617) size 162x32 scrollHeight 77
          RenderTextControl {TEXTAREA} at (1,29) size 179x34 [bgcolor=#FFFFFF] [border: (1px solid #000000)]
            RenderBlock {DIV} at (3,3) size 160x75
              RenderText {#text} at (0,0) size 160x75
                text run at (0,0) width 96: "Lorem ipsum "
                text run at (96,0) width 40: "dolor"
                text run at (0,15) width 160: "ABCDEFGHIJKLMNOPQRST"
                text run at (0,30) width 48: "UVWXYZ"
                text run at (0,45) width 160: "abcdefghijklmnopqrst"
                text run at (0,60) width 16: "uv"
        layer at (363,616) size 179x34 clip at (364,617) size 162x32 scrollHeight 62
          RenderTextControl {TEXTAREA} at (1,29) size 179x34 [bgcolor=#FFFFFF] [border: (1px solid #000000)]
            RenderBlock {DIV} at (3,3) size 160x60
              RenderText {#text} at (0,0) size 160x60
                text run at (0,0) width 160: "Lorem ipsum  dolor A"
                text run at (0,15) width 160: "BCDEFGHIJKLMNOPQRSTU"
                text run at (0,30) width 160: "VWXYZ abcdefghijklmn"
                text run at (0,45) width 64: "opqrstuv"
        layer at (544,616) size 179x34 clip at (545,617) size 162x32 scrollHeight 77
          RenderTextControl {TEXTAREA} at (1,29) size 179x34 [bgcolor=#FFFFFF] [border: (1px solid #000000)]
            RenderBlock {DIV} at (3,3) size 160x75
              RenderText {#text} at (0,0) size 160x75
                text run at (0,0) width 144: "Lorem ipsum  dolor"
                text run at (144,0) width 8: " "
                text run at (0,15) width 160: "ABCDEFGHIJKLMNOPQRST"
                text run at (0,30) width 48: "UVWXYZ"
                text run at (48,30) width 8: " "
                text run at (0,45) width 160: "abcdefghijklmnopqrst"
                text run at (0,60) width 16: "uv"
        layer at (1,709) size 179x34 clip at (2,710) size 177x17 scrollWidth 538
          RenderTextControl {TEXTAREA} at (1,29) size 179x34 [bgcolor=#FFFFFF] [border: (1px solid #000000)]
            RenderBlock {DIV} at (3,3) size 175x15
              RenderText {#text} at (0,0) size 536x15
                text run at (0,0) width 96: "Lorem ipsum "
                text run at (96,0) width 440: "dolor ABCDEFGHIJKLMNOPQRSTUVWXYZ abcdefghijklmnopqrstuv"
        layer at (182,709) size 179x34 clip at (183,710) size 162x32 scrollHeight 77
          RenderTextControl {TEXTAREA} at (1,29) size 179x34 [bgcolor=#FFFFFF] [border: (1px solid #000000)]
            RenderBlock {DIV} at (3,3) size 160x75
              RenderText {#text} at (0,0) size 160x75
                text run at (0,0) width 96: "Lorem ipsum "
                text run at (96,0) width 40: "dolor"
                text run at (0,15) width 160: "ABCDEFGHIJKLMNOPQRST"
                text run at (0,30) width 48: "UVWXYZ"
                text run at (0,45) width 160: "abcdefghijklmnopqrst"
                text run at (0,60) width 16: "uv"
        layer at (363,694) size 179x49 clip at (364,695) size 162x32 scrollWidth 210 scrollHeight 62
          RenderTextControl {TEXTAREA} at (1,29) size 179x49 [bgcolor=#FFFFFF] [border: (1px solid #000000)]
            RenderBlock {DIV} at (3,3) size 160x60
              RenderText {#text} at (0,0) size 208x60
                text run at (0,0) width 144: "Lorem ipsum  dolor"
                text run at (144,0) width 8: " "
                text run at (0,15) width 208: "ABCDEFGHIJKLMNOPQRSTUVWXYZ"
                text run at (0,30) width 8: " "
                text run at (0,45) width 176: "abcdefghijklmnopqrstuv"
        layer at (544,694) size 179x49 clip at (545,695) size 162x32 scrollWidth 210 scrollHeight 62
          RenderTextControl {TEXTAREA} at (1,43) size 179x49 [bgcolor=#FFFFFF] [border: (1px solid #000000)]
            RenderBlock {DIV} at (3,3) size 160x60
              RenderText {#text} at (0,0) size 208x60
                text run at (0,0) width 144: "Lorem ipsum  dolor"
                text run at (144,0) width 8: " "
                text run at (0,15) width 208: "ABCDEFGHIJKLMNOPQRSTUVWXYZ"
                text run at (0,30) width 8: " "
                text run at (0,45) width 176: "abcdefghijklmnopqrstuv"
      RenderText {#text} at (0,0) size 0x0
