layer at (0,0) size 800x600
  RenderView at (0,0) size 800x600
layer at (0,0) size 800x600
  RenderBlock {HTML} at (0,0) size 800x600
    RenderBody {BODY} at (8,8) size 470x582
      RenderBlock (anonymous) at (0,0) size 470x306
        RenderText {#text} at (0,0) size 326x18
          text run at (0,0) width 326: "This tests basic inputs. Here's what you should see: "
        RenderBR {BR} at (326,14) size 0x0
        RenderBR {BR} at (0,18) size 0x18
        RenderText {#text} at (0,36) size 455x54
          text run at (0,36) width 432: "first line: the letter \"a\" and then a text input field filled with repeating"
          text run at (0,54) width 85: "\"foobarbaz\", "
          text run at (85,54) width 370: "then the word \"text\" followed by a disabled text input field"
          text run at (0,72) width 332: "filled with \"foo\" and then the letter \"b\" and then \"a\" "
        RenderBR {BR} at (332,86) size 0x0
        RenderBR {BR} at (0,90) size 0x18
        RenderText {#text} at (0,108) size 466x54
          text run at (0,108) width 466: "second line: and then a password input field that's filled and then the word"
          text run at (0,126) width 448: "\"password\" and then a disabled password field that's filled and then the"
          text run at (0,144) width 61: "letter \"b\" "
        RenderBR {BR} at (61,158) size 0x0
        RenderBR {BR} at (0,162) size 0x18
        RenderText {#text} at (0,180) size 451x36
          text run at (0,180) width 451: "third line: the letter \"a\" and then a checkbox (unchecked) with the word"
          text run at (0,198) width 357: "\"checkbox\" and then a disabled checkbox and letter \"b\" "
        RenderBR {BR} at (357,212) size 0x0
        RenderBR {BR} at (0,216) size 0x18
        RenderText {#text} at (0,234) size 449x54
          text run at (0,234) width 401: "fourth line: the last line has the letter \"a\" and then a redio button"
          text run at (0,252) width 449: "(unselected) and then the word \"radio\" and then a disabled radio button"
          text run at (0,270) width 111: "and the letter \"b\" "
        RenderBR {BR} at (111,284) size 0x0
        RenderBR {BR} at (0,288) size 0x18
      RenderBlock {DIV} at (10,316) size 450x52 [border: (1px solid #FF0000)]
        RenderText {#text} at (1,4) size 7x18
          text run at (1,4) width 7: "a"
        RenderTextControl {INPUT} at (10,3) size 150x21 [bgcolor=#FFFFFF] [border: (2px inset #000000)]
        RenderText {#text} at (162,4) size 27x18
          text run at (162,4) width 27: "text "
        RenderTextControl {INPUT} at (191,3) size 149x21 [bgcolor=#EBEBE4] [border: (2px inset #000000)]
        RenderText {#text} at (342,4) size 19x18
          text run at (342,4) width 12: "b "
          text run at (354,4) width 7: "a"
        RenderTextControl {INPUT} at (3,28) size 150x21 [bgcolor=#FFFFFF] [border: (2px inset #000000)]
        RenderText {#text} at (155,29) size 64x18
          text run at (155,29) width 64: "password "
        RenderTextControl {INPUT} at (221,28) size 149x21 [bgcolor=#EBEBE4] [border: (2px inset #000000)]
        RenderText {#text} at (372,29) size 8x18
          text run at (372,29) width 8: "b"
      RenderBlock {DIV} at (10,378) size 450x22 [border: (1px solid #FF0000)]
        RenderText {#text} at (1,3) size 7x18
          text run at (1,3) width 7: "a"
        RenderBlock {INPUT} at (12,4) size 13x13
        RenderText {#text} at (28,3) size 65x18
          text run at (28,3) width 65: "checkbox "
        RenderBlock {INPUT} at (97,4) size 13x13
        RenderText {#text} at (113,3) size 8x18
          text run at (113,3) width 8: "b"
      RenderBlock {DIV} at (10,410) size 450x22 [border: (1px solid #FF0000)]
        RenderText {#text} at (1,3) size 7x18
          text run at (1,3) width 7: "a"
        RenderBlock {INPUT} at (13,4) size 13x13
        RenderText {#text} at (29,3) size 36x18
          text run at (29,3) width 36: "radio "
        RenderBlock {INPUT} at (70,4) size 13x13
        RenderText {#text} at (86,3) size 8x18
          text run at (86,3) width 8: "b"
layer at (30,330) size 146x15 scrollWidth 172
  RenderBlock {DIV} at (2,3) size 146x15
    RenderText {#text} at (0,0) size 171x15
      text run at (0,0) width 171: "foobarbazfoobarbazfoobarbaz"
layer at (211,330) size 145x15
  RenderBlock {DIV} at (2,3) size 145x15 [color=#545454]
    RenderText {#text} at (0,0) size 18x15
      text run at (0,0) width 18: "foo"
layer at (23,355) size 146x15
  RenderBlock {DIV} at (2,3) size 146x15
    RenderText {#text} at (0,0) size 15x15
      text run at (0,0) width 15: "\x{2022}\x{2022}\x{2022}"
layer at (241,355) size 145x15
  RenderBlock {DIV} at (2,3) size 145x15 [color=#545454]
    RenderText {#text} at (0,0) size 15x15
      text run at (0,0) width 15: "\x{2022}\x{2022}\x{2022}"
