layer at (0,0) size 800x600
  RenderView at (0,0) size 800x600
layer at (0,0) size 800x466
  RenderBlock {HTML} at (0,0) size 800x466
    RenderBody {BODY} at (8,8) size 784x450
      RenderBlock {DIV} at (0,0) size 784x450 [border: (1px solid #FF0000)]
        RenderText {#text} at (1,1) size 164x18
          text run at (1,1) width 164: "Whitespace in option text:"
        RenderMenuList {SELECT} at (165,1) size 49x19 [bgcolor=#FFFFFF]
          RenderBlock (anonymous) at (4,2) size 24x15
            RenderText at (0,0) size 24x15
              text run at (0,0) width 24: "f o o"
        RenderText {#text} at (214,1) size 7x18
          text run at (214,1) width 7: "a"
        RenderMenuList {SELECT} at (221,1) size 49x19 [bgcolor=#FFFFFF]
          RenderBlock (anonymous) at (4,2) size 24x15
            RenderText at (0,0) size 24x15
              text run at (0,0) width 24: "f o o"
        RenderText {#text} at (270,1) size 8x18
          text run at (270,1) width 8: "b"
        RenderBR {BR} at (278,1) size 0x18
        RenderBR {BR} at (1,19) size 0x18
        RenderText {#text} at (1,36) size 135x18
          text run at (1,36) width 135: "Simple select control:"
        RenderMenuList {SELECT} at (136,36) size 43x19 [bgcolor=#FFFFFF]
          RenderBlock (anonymous) at (4,2) size 18x15
            RenderText at (0,0) size 18x15
              text run at (0,0) width 18: "foo"
        RenderText {#text} at (179,36) size 7x18
          text run at (179,36) width 7: "a"
        RenderMenuList {SELECT} at (186,36) size 43x19 [color=#6D6D6D] [bgcolor=#FFFFFF]
          RenderBlock (anonymous) at (4,2) size 18x15
            RenderText at (0,0) size 18x15
              text run at (0,0) width 18: "foo"
        RenderText {#text} at (229,36) size 8x18
          text run at (229,36) width 8: "b"
        RenderBR {BR} at (237,36) size 0x18
        RenderBR {BR} at (1,54) size 0x18
        RenderText {#text} at (1,71) size 194x18
          text run at (1,71) width 194: "Line-height should be ignored:"
        RenderMenuList {SELECT} at (195,71) size 43x19 [bgcolor=#FFFFFF]
          RenderBlock (anonymous) at (4,2) size 18x15
            RenderText at (0,0) size 18x15
              text run at (0,0) width 18: "foo"
        RenderText {#text} at (238,71) size 7x18
          text run at (238,71) width 7: "a"
        RenderMenuList {SELECT} at (245,71) size 43x19 [color=#6D6D6D] [bgcolor=#FFFFFF]
          RenderBlock (anonymous) at (4,2) size 18x15
            RenderText at (0,0) size 18x15
              text run at (0,0) width 18: "bar"
        RenderText {#text} at (288,71) size 8x18
          text run at (288,71) width 8: "b"
        RenderBR {BR} at (296,71) size 0x18
        RenderBR {BR} at (1,89) size 0x18
        RenderText {#text} at (1,106) size 434x18
          text run at (1,106) width 434: "Padding should be respected, the arrow button shouldn't change size:"
        RenderMenuList {SELECT} at (435,106) size 43x19 [bgcolor=#FFFFFF]
          RenderBlock (anonymous) at (4,2) size 18x15
            RenderText at (0,0) size 18x15
              text run at (0,0) width 18: "foo"
        RenderText {#text} at (478,106) size 7x18
          text run at (478,106) width 7: "a"
        RenderMenuList {SELECT} at (485,106) size 43x19 [color=#6D6D6D] [bgcolor=#FFFFFF]
          RenderBlock (anonymous) at (4,2) size 18x15
            RenderText at (0,0) size 18x15
              text run at (0,0) width 18: "foo"
        RenderText {#text} at (528,106) size 8x18
          text run at (528,106) width 8: "b"
        RenderBR {BR} at (536,106) size 0x18
        RenderBR {BR} at (1,124) size 0x18
        RenderText {#text} at (1,149) size 176x18
          text run at (1,149) width 176: "Border should be respected:"
        RenderMenuList {SELECT} at (177,141) size 59x35 [bgcolor=#FFFFFF] [border: (8px solid #33CCFF)]
          RenderBlock (anonymous) at (12,10) size 18x15
            RenderText at (0,0) size 18x15
              text run at (0,0) width 18: "foo"
        RenderText {#text} at (236,149) size 7x18
          text run at (236,149) width 7: "a"
        RenderMenuList {SELECT} at (243,141) size 59x35 [color=#6D6D6D] [bgcolor=#FFFFFF] [border: (8px solid #33CCFF)]
          RenderBlock (anonymous) at (12,10) size 18x15
            RenderText at (0,0) size 18x15
              text run at (0,0) width 18: "foo"
        RenderText {#text} at (302,149) size 8x18
          text run at (302,149) width 8: "b"
        RenderBR {BR} at (310,149) size 0x18
        RenderBR {BR} at (1,175) size 0x18
        RenderText {#text} at (1,196) size 116x18
          text run at (1,196) width 116: "Border + padding:"
        RenderMenuList {SELECT} at (117,192) size 51x27 [bgcolor=#FFFFFF] [border: (4px solid #33CCFF)]
          RenderBlock (anonymous) at (8,6) size 18x15
            RenderText at (0,0) size 18x15
              text run at (0,0) width 18: "foo"
        RenderText {#text} at (168,196) size 7x18
          text run at (168,196) width 7: "a"
        RenderMenuList {SELECT} at (175,192) size 51x27 [color=#6D6D6D] [bgcolor=#FFFFFF] [border: (4px solid #33CCFF)]
          RenderBlock (anonymous) at (8,6) size 18x15
            RenderText at (0,0) size 18x15
              text run at (0,0) width 18: "foo"
        RenderText {#text} at (226,196) size 8x18
          text run at (226,196) width 8: "b"
        RenderBR {BR} at (234,196) size 0x18
        RenderBR {BR} at (1,218) size 0x18
        RenderText {#text} at (1,235) size 481x18
          text run at (1,235) width 481: "Height larger than font-size, button should grow, text baseline should center:"
        RenderMenuList {SELECT} at (482,235) size 43x19 [bgcolor=#FFFFFF]
          RenderBlock (anonymous) at (4,2) size 18x15
            RenderText at (0,0) size 18x15
              text run at (0,0) width 18: "foo"
        RenderText {#text} at (525,235) size 7x18
          text run at (525,235) width 7: "a"
        RenderMenuList {SELECT} at (532,235) size 43x19 [color=#6D6D6D] [bgcolor=#FFFFFF]
          RenderBlock (anonymous) at (4,2) size 18x15
            RenderText at (0,0) size 18x15
              text run at (0,0) width 18: "foo"
        RenderText {#text} at (575,235) size 8x18
          text run at (575,235) width 8: "b"
        RenderBR {BR} at (583,235) size 0x18
        RenderBR {BR} at (1,253) size 0x18
        RenderText {#text} at (1,270) size 502x18
          text run at (1,270) width 502: "Heigh smaller than font-size, whole select shrinks and is baselined with the text:"
        RenderMenuList {SELECT} at (503,270) size 43x19 [bgcolor=#FFFFFF]
          RenderBlock (anonymous) at (4,2) size 18x15
            RenderText at (0,0) size 18x15
              text run at (0,0) width 18: "foo"
        RenderText {#text} at (546,270) size 7x18
          text run at (546,270) width 7: "a"
        RenderMenuList {SELECT} at (553,270) size 43x19 [bgcolor=#FFFFFF]
          RenderBlock (anonymous) at (4,2) size 18x15
            RenderText at (0,0) size 18x15
              text run at (0,0) width 18: "bar"
        RenderText {#text} at (596,270) size 8x18
          text run at (596,270) width 8: "b"
        RenderBR {BR} at (604,270) size 0x18
        RenderBR {BR} at (1,288) size 0x18
        RenderText {#text} at (1,304) size 168x18
          text run at (1,304) width 168: "select control with size=0: "
        RenderBR {BR} at (169,304) size 0x18
        RenderMenuList {SELECT} at (1,321) size 202x19 [bgcolor=#FFFFFF]
          RenderBlock (anonymous) at (4,2) size 177x15
            RenderText at (0,0) size 77x15
              text run at (0,0) width 77: "Future Series"
        RenderText {#text} at (203,321) size 4x18
          text run at (203,321) width 4: " "
        RenderBR {BR} at (0,0) size 0x0
        RenderText {#text} at (1,339) size 168x18
          text run at (1,339) width 168: "select control with size=1: "
        RenderBR {BR} at (169,339) size 0x18
        RenderMenuList {SELECT} at (1,356) size 202x19 [bgcolor=#FFFFFF]
          RenderBlock (anonymous) at (4,2) size 177x15
            RenderText at (0,0) size 77x15
              text run at (0,0) width 77: "Future Series"
        RenderText {#text} at (203,356) size 4x18
          text run at (203,356) width 4: " "
        RenderBR {BR} at (0,0) size 0x0
        RenderText {#text} at (1,374) size 165x18
          text run at (1,374) width 165: "Non-styled select control: "
        RenderBR {BR} at (166,374) size 0x18
        RenderMenuList {SELECT} at (1,391) size 204x21 [bgcolor=#FFFFFF] [border: (1px solid #000000)]
          RenderBlock (anonymous) at (5,3) size 177x15
            RenderText at (0,0) size 77x15
              text run at (0,0) width 77: "Future Series"
        RenderText {#text} at (205,392) size 4x18
          text run at (205,392) width 4: " "
        RenderBR {BR} at (0,0) size 0x0
        RenderText {#text} at (1,411) size 290x18
          text run at (1,411) width 290: "Styled select control with large border-radius: "
        RenderBR {BR} at (291,411) size 0x18
        RenderMenuList {SELECT} at (1,428) size 204x21 [bgcolor=#33CCFF] [border: (1px solid #000000)]
          RenderBlock (anonymous) at (5,3) size 177x15
            RenderText at (0,0) size 77x15
              text run at (0,0) width 77: "Future Series"
        RenderText {#text} at (205,429) size 4x18
          text run at (205,429) width 4: " "
        RenderBR {BR} at (0,0) size 0x0
