layer at (0,0) size 785x1053
  RenderView at (0,0) size 785x600
layer at (0,0) size 785x1053
  RenderBlock {HTML} at (0,0) size 785x1053
    RenderBody {BODY} at (8,8) size 769x584
      RenderBlock (floating) {DIV} at (0,0) size 352x839 [border: (1px solid #FF0000)]
        RenderBlock (anonymous) at (1,1) size 350x14
          RenderText {#text} at (0,-2) size 181x17
            text run at (0,-2) width 181: "Plain textarea with little content"
        RenderBlock {DIV} at (1,15) size 352x39 [border: (1px solid #FF0000)]
          RenderText {#text} at (1,22) size 14x17
            text run at (1,22) width 14: "A "
          RenderText {#text} at (194,22) size 13x17
            text run at (194,22) width 13: " B"
        RenderBlock (anonymous) at (1,54) size 350x14
          RenderText {#text} at (0,-2) size 77x17
            text run at (0,-2) width 77: "Plain textarea"
        RenderBlock {DIV} at (1,68) size 352x39 [border: (1px solid #FF0000)]
          RenderText {#text} at (1,22) size 14x17
            text run at (1,22) width 14: "A "
          RenderText {#text} at (194,22) size 13x17
            text run at (194,22) width 13: " B"
        RenderBlock (anonymous) at (1,107) size 350x14
          RenderText {#text} at (0,-2) size 97x17
            text run at (0,-2) width 97: "Disabled textarea"
        RenderBlock {DIV} at (1,121) size 352x39 [border: (1px solid #FF0000)]
          RenderText {#text} at (1,22) size 14x17
            text run at (1,22) width 14: "A "
          RenderText {#text} at (194,22) size 13x17
            text run at (194,22) width 13: " B"
        RenderBlock (anonymous) at (1,160) size 350x14
          RenderText {#text} at (0,-2) size 123x17
            text run at (0,-2) width 123: "style=\"padding:10px\""
        RenderBlock {DIV} at (1,174) size 352x57 [border: (1px solid #FF0000)]
          RenderText {#text} at (1,40) size 14x17
            text run at (1,40) width 14: "A "
          RenderText {#text} at (212,40) size 13x17
            text run at (212,40) width 13: " B"
        RenderBlock (anonymous) at (1,231) size 350x14
          RenderText {#text} at (0,-2) size 116x17
            text run at (0,-2) width 116: "style=\"padding:0px\""
        RenderBlock {DIV} at (1,245) size 352x37 [border: (1px solid #FF0000)]
          RenderText {#text} at (1,20) size 14x17
            text run at (1,20) width 14: "A "
          RenderText {#text} at (192,20) size 13x17
            text run at (192,20) width 13: " B"
        RenderBlock (anonymous) at (1,282) size 350x14
          RenderText {#text} at (0,-2) size 118x17
            text run at (0,-2) width 118: "style=\"margin:10px\""
        RenderBlock {DIV} at (1,296) size 352x59 [border: (1px solid #FF0000)]
          RenderText {#text} at (1,42) size 14x17
            text run at (1,42) width 14: "A "
          RenderText {#text} at (214,42) size 13x17
            text run at (214,42) width 13: " B"
        RenderBlock (anonymous) at (1,355) size 350x14
          RenderText {#text} at (0,-2) size 111x17
            text run at (0,-2) width 111: "style=\"margin:0px\""
        RenderBlock {DIV} at (1,369) size 352x39 [border: (1px solid #FF0000)]
          RenderText {#text} at (1,22) size 14x17
            text run at (1,22) width 14: "A "
          RenderText {#text} at (194,22) size 13x17
            text run at (194,22) width 13: " B"
        RenderBlock (anonymous) at (1,408) size 350x14
          RenderText {#text} at (0,-2) size 37x17
            text run at (0,-2) width 37: "cols=3"
        RenderBlock {DIV} at (1,422) size 352x39 [border: (1px solid #FF0000)]
          RenderText {#text} at (1,22) size 14x17
            text run at (1,22) width 14: "A "
          RenderText {#text} at (58,22) size 13x17
            text run at (58,22) width 13: " B"
        RenderBlock (anonymous) at (1,461) size 350x14
          RenderText {#text} at (0,-2) size 42x17
            text run at (0,-2) width 42: "rows=3"
        RenderBlock {DIV} at (1,475) size 352x54 [border: (1px solid #FF0000)]
          RenderText {#text} at (1,37) size 14x17
            text run at (1,37) width 14: "A "
          RenderText {#text} at (194,37) size 13x17
            text run at (194,37) width 13: " B"
        RenderBlock (anonymous) at (1,529) size 350x14
          RenderText {#text} at (0,-2) size 44x17
            text run at (0,-2) width 44: "cols=10"
        RenderBlock {DIV} at (1,543) size 352x39 [border: (1px solid #FF0000)]
          RenderText {#text} at (1,22) size 14x17
            text run at (1,22) width 14: "A "
          RenderText {#text} at (114,22) size 13x17
            text run at (114,22) width 13: " B"
        RenderBlock (anonymous) at (1,582) size 350x14
          RenderText {#text} at (0,-2) size 49x17
            text run at (0,-2) width 49: "rows=10"
        RenderBlock {DIV} at (1,596) size 352x159 [border: (1px solid #FF0000)]
          RenderText {#text} at (1,142) size 14x17
            text run at (1,142) width 14: "A "
          RenderText {#text} at (194,142) size 13x17
            text run at (194,142) width 13: " B"
        RenderBlock (anonymous) at (1,755) size 350x14
          RenderText {#text} at (0,-2) size 83x17
            text run at (0,-2) width 83: "cols=5 rows=4"
        RenderBlock {DIV} at (1,769) size 352x69 [border: (1px solid #FF0000)]
          RenderText {#text} at (1,52) size 14x17
            text run at (1,52) width 14: "A "
          RenderText {#text} at (74,52) size 13x17
            text run at (74,52) width 13: " B"
      RenderBlock (floating) {DIV} at (352,0) size 352x1045 [border: (1px solid #FF0000)]
        RenderBlock (anonymous) at (1,1) size 350x14
          RenderText {#text} at (0,-2) size 110x17
            text run at (0,-2) width 110: "style=\"width:60px\""
        RenderBlock {DIV} at (1,15) size 352x39 [border: (1px solid #FF0000)]
          RenderText {#text} at (1,22) size 14x17
            text run at (1,22) width 14: "A "
          RenderText {#text} at (75,22) size 13x17
            text run at (75,22) width 13: " B"
        RenderBlock (anonymous) at (1,54) size 350x14
          RenderText {#text} at (0,-2) size 191x17
            text run at (0,-2) width 191: "style=\"width:60px;padding:20px\""
        RenderBlock {DIV} at (1,68) size 352x77 [border: (1px solid #FF0000)]
          RenderText {#text} at (1,60) size 14x17
            text run at (1,60) width 14: "A "
          RenderText {#text} at (75,60) size 13x17
            text run at (75,60) width 13: " B"
        RenderBlock (anonymous) at (1,145) size 350x14
          RenderText {#text} at (0,-2) size 170x17
            text run at (0,-2) width 170: "style=\"width:60px;padding:0\""
        RenderBlock {DIV} at (1,159) size 352x37 [border: (1px solid #FF0000)]
          RenderText {#text} at (1,20) size 14x17
            text run at (1,20) width 14: "A "
          RenderText {#text} at (75,20) size 13x17
            text run at (75,20) width 13: " B"
        RenderBlock (anonymous) at (1,196) size 350x14
          RenderText {#text} at (0,-2) size 113x17
            text run at (0,-2) width 113: "style=\"height:60px\""
        RenderBlock {DIV} at (1,210) size 352x65 [border: (1px solid #FF0000)]
          RenderText {#text} at (1,48) size 14x17
            text run at (1,48) width 14: "A "
          RenderText {#text} at (194,48) size 13x17
            text run at (194,48) width 13: " B"
        RenderBlock (anonymous) at (1,275) size 350x14
          RenderText {#text} at (0,-2) size 181x17
            text run at (0,-2) width 181: "style=\"width:60px;height:60px\""
        RenderBlock {DIV} at (1,289) size 352x65 [border: (1px solid #FF0000)]
          RenderText {#text} at (1,48) size 14x17
            text run at (1,48) width 14: "A "
          RenderText {#text} at (75,48) size 13x17
            text run at (75,48) width 13: " B"
        RenderBlock (anonymous) at (1,354) size 350x14
          RenderText {#text} at (0,-2) size 139x17
            text run at (0,-2) width 139: "style=\"overflow:hidden\""
        RenderBlock {DIV} at (1,368) size 352x39 [border: (1px solid #FF0000)]
          RenderText {#text} at (1,22) size 14x17
            text run at (1,22) width 14: "A "
          RenderText {#text} at (194,22) size 13x17
            text run at (194,22) width 13: " B"
        RenderBlock (anonymous) at (1,407) size 350x14
          RenderText {#text} at (0,-2) size 132x17
            text run at (0,-2) width 132: "style=\"overflow:scroll\""
        RenderBlock {DIV} at (1,421) size 352x54 [border: (1px solid #FF0000)]
          RenderText {#text} at (1,37) size 14x17
            text run at (1,37) width 14: "A "
          RenderText {#text} at (194,37) size 13x17
            text run at (194,37) width 13: " B"
        RenderBlock (anonymous) at (1,475) size 350x14
          RenderText {#text} at (0,-2) size 278x17
            text run at (0,-2) width 278: "style=\"overflow:hidden;width:60px;height:60px\""
        RenderBlock {DIV} at (1,489) size 352x65 [border: (1px solid #FF0000)]
          RenderText {#text} at (1,48) size 14x17
            text run at (1,48) width 14: "A "
          RenderText {#text} at (75,48) size 13x17
            text run at (75,48) width 13: " B"
        RenderBlock (anonymous) at (1,554) size 350x14
          RenderText {#text} at (0,-2) size 271x17
            text run at (0,-2) width 271: "style=\"overflow:scroll;width:60px;height:60px\""
        RenderBlock {DIV} at (1,568) size 352x65 [border: (1px solid #FF0000)]
          RenderText {#text} at (1,48) size 14x17
            text run at (1,48) width 14: "A "
          RenderText {#text} at (75,48) size 13x17
            text run at (75,48) width 13: " B"
        RenderBlock (anonymous) at (1,633) size 350x14
          RenderText {#text} at (0,-2) size 222x17
            text run at (0,-2) width 222: "cols=5 style=\"width:60px;height:60px\""
        RenderBlock {DIV} at (1,647) size 352x65 [border: (1px solid #FF0000)]
          RenderText {#text} at (1,48) size 14x17
            text run at (1,48) width 14: "A "
          RenderText {#text} at (75,48) size 13x17
            text run at (75,48) width 13: " B"
        RenderBlock (anonymous) at (1,712) size 350x14
          RenderText {#text} at (0,-2) size 227x17
            text run at (0,-2) width 227: "rows=4 style=\"width:60px;height:60px\""
        RenderBlock {DIV} at (1,726) size 352x65 [border: (1px solid #FF0000)]
          RenderText {#text} at (1,48) size 14x17
            text run at (1,48) width 14: "A "
          RenderText {#text} at (75,48) size 13x17
            text run at (75,48) width 13: " B"
        RenderBlock (anonymous) at (1,791) size 350x14
          RenderText {#text} at (0,-2) size 268x17
            text run at (0,-2) width 268: "cols=5 rows=4 style=\"width:60px;height:60px\""
        RenderBlock {DIV} at (1,805) size 352x65 [border: (1px solid #FF0000)]
          RenderText {#text} at (1,48) size 14x17
            text run at (1,48) width 14: "A "
          RenderText {#text} at (75,48) size 13x17
            text run at (75,48) width 13: " B"
        RenderBlock (anonymous) at (1,870) size 350x14
          RenderText {#text} at (0,-2) size 65x17
            text run at (0,-2) width 65: "wrap=\"off\""
        RenderBlock {DIV} at (1,884) size 352x54 [border: (1px solid #FF0000)]
          RenderText {#text} at (1,37) size 14x17
            text run at (1,37) width 14: "A "
          RenderText {#text} at (194,37) size 13x17
            text run at (194,37) width 4: " "
            text run at (198,37) width 9: "B"
        RenderBlock (anonymous) at (1,938) size 350x14
          RenderText {#text} at (0,-2) size 73x17
            text run at (0,-2) width 73: "wrap=\"hard\""
        RenderBlock {DIV} at (1,952) size 352x39 [border: (1px solid #FF0000)]
          RenderText {#text} at (1,22) size 14x17
            text run at (1,22) width 14: "A "
          RenderText {#text} at (194,22) size 13x17
            text run at (194,22) width 4: " "
            text run at (198,22) width 9: "B"
        RenderBlock (anonymous) at (1,991) size 350x14
          RenderText {#text} at (0,-2) size 69x17
            text run at (0,-2) width 69: "wrap=\"soft\""
        RenderBlock {DIV} at (1,1005) size 352x39 [border: (1px solid #FF0000)]
          RenderText {#text} at (1,22) size 14x17
            text run at (1,22) width 14: "A "
          RenderText {#text} at (194,22) size 13x17
            text run at (194,22) width 4: " "
            text run at (198,22) width 9: "B"
layer at (24,24) size 179x34 clip at (25,25) size 177x32
  RenderTextControl {TEXTAREA} at (15,1) size 179x34 [bgcolor=#FFFFFF] [border: (1px solid #000000)]
    RenderBlock {DIV} at (3,3) size 175x15
      RenderText {#text} at (0,0) size 136x15
        text run at (0,0) width 136: "Lorem ipsum dolor"
layer at (24,77) size 179x34 clip at (25,78) size 162x32 scrollHeight 77
  RenderTextControl {TEXTAREA} at (15,1) size 179x34 [bgcolor=#FFFFFF] [border: (1px solid #000000)]
    RenderBlock {DIV} at (3,3) size 160x75
      RenderText {#text} at (0,0) size 160x75
        text run at (0,0) width 136: "Lorem ipsum dolor"
        text run at (136,0) width 8: " "
        text run at (0,15) width 160: "ABCDEFGHIJKLMNOPQRST"
        text run at (0,30) width 48: "UVWXYZ"
        text run at (48,30) width 8: " "
        text run at (0,45) width 160: "abcdefghijklmnopqrst"
        text run at (0,60) width 16: "uv"
        text run at (16,60) width 8: " "
layer at (24,130) size 179x34 clip at (25,131) size 162x32 scrollHeight 77
  RenderTextControl {TEXTAREA} at (15,1) size 179x34 [bgcolor=#EBEBE4] [border: (1px solid #000000)]
    RenderBlock {DIV} at (3,3) size 160x75 [color=#545454]
      RenderText {#text} at (0,0) size 160x75
        text run at (0,0) width 136: "Lorem ipsum dolor"
        text run at (136,0) width 8: " "
        text run at (0,15) width 160: "ABCDEFGHIJKLMNOPQRST"
        text run at (0,30) width 48: "UVWXYZ"
        text run at (48,30) width 8: " "
        text run at (0,45) width 160: "abcdefghijklmnopqrst"
        text run at (0,60) width 16: "uv"
        text run at (16,60) width 8: " "
layer at (24,183) size 197x52 clip at (25,184) size 180x50 scrollHeight 95
  RenderTextControl {TEXTAREA} at (15,1) size 197x52 [bgcolor=#FFFFFF] [border: (1px solid #000000)]
    RenderBlock {DIV} at (11,11) size 160x75
      RenderText {#text} at (0,0) size 160x75
        text run at (0,0) width 136: "Lorem ipsum dolor"
        text run at (136,0) width 8: " "
        text run at (0,15) width 160: "ABCDEFGHIJKLMNOPQRST"
        text run at (0,30) width 48: "UVWXYZ"
        text run at (48,30) width 8: " "
        text run at (0,45) width 160: "abcdefghijklmnopqrst"
        text run at (0,60) width 16: "uv"
        text run at (16,60) width 8: " "
layer at (24,254) size 177x32 clip at (25,255) size 160x30 scrollHeight 75
  RenderTextControl {TEXTAREA} at (15,1) size 177x32 [bgcolor=#FFFFFF] [border: (1px solid #000000)]
    RenderBlock {DIV} at (1,1) size 160x75
      RenderText {#text} at (0,0) size 160x75
        text run at (0,0) width 136: "Lorem ipsum dolor"
        text run at (136,0) width 8: " "
        text run at (0,15) width 160: "ABCDEFGHIJKLMNOPQRST"
        text run at (0,30) width 48: "UVWXYZ"
        text run at (48,30) width 8: " "
        text run at (0,45) width 160: "abcdefghijklmnopqrst"
        text run at (0,60) width 16: "uv"
        text run at (16,60) width 8: " "
layer at (34,315) size 179x34 clip at (35,316) size 162x32 scrollHeight 77
  RenderTextControl {TEXTAREA} at (25,11) size 179x34 [bgcolor=#FFFFFF] [border: (1px solid #000000)]
    RenderBlock {DIV} at (3,3) size 160x75
      RenderText {#text} at (0,0) size 160x75
        text run at (0,0) width 136: "Lorem ipsum dolor"
        text run at (136,0) width 8: " "
        text run at (0,15) width 160: "ABCDEFGHIJKLMNOPQRST"
        text run at (0,30) width 48: "UVWXYZ"
        text run at (48,30) width 8: " "
        text run at (0,45) width 160: "abcdefghijklmnopqrst"
        text run at (0,60) width 16: "uv"
        text run at (16,60) width 8: " "
layer at (24,378) size 179x34 clip at (25,379) size 162x32 scrollHeight 77
  RenderTextControl {TEXTAREA} at (15,1) size 179x34 [bgcolor=#FFFFFF] [border: (1px solid #000000)]
    RenderBlock {DIV} at (3,3) size 160x75
      RenderText {#text} at (0,0) size 160x75
        text run at (0,0) width 136: "Lorem ipsum dolor"
        text run at (136,0) width 8: " "
        text run at (0,15) width 160: "ABCDEFGHIJKLMNOPQRST"
        text run at (0,30) width 48: "UVWXYZ"
        text run at (48,30) width 8: " "
        text run at (0,45) width 160: "abcdefghijklmnopqrst"
        text run at (0,60) width 16: "uv"
        text run at (16,60) width 8: " "
layer at (24,431) size 43x34 clip at (25,432) size 26x32 scrollHeight 347
  RenderTextControl {TEXTAREA} at (15,1) size 43x34 [bgcolor=#FFFFFF] [border: (1px solid #000000)]
    RenderBlock {DIV} at (3,3) size 24x345
      RenderText {#text} at (0,0) size 24x345
        text run at (0,0) width 24: "Lor"
        text run at (0,15) width 16: "em"
        text run at (16,15) width 8: " "
        text run at (0,30) width 24: "ips"
        text run at (0,45) width 16: "um"
        text run at (16,45) width 8: " "
        text run at (0,60) width 24: "dol"
        text run at (0,75) width 16: "or"
        text run at (16,75) width 8: " "
        text run at (0,90) width 24: "ABC"
        text run at (0,105) width 24: "DEF"
        text run at (0,120) width 24: "GHI"
        text run at (0,135) width 24: "JKL"
        text run at (0,150) width 24: "MNO"
        text run at (0,165) width 24: "PQR"
        text run at (0,180) width 24: "STU"
        text run at (0,195) width 24: "VWX"
        text run at (0,210) width 16: "YZ"
        text run at (16,210) width 8: " "
        text run at (0,225) width 24: "abc"
        text run at (0,240) width 24: "def"
        text run at (0,255) width 24: "ghi"
        text run at (0,270) width 24: "jkl"
        text run at (0,285) width 24: "mno"
        text run at (0,300) width 24: "pqr"
        text run at (0,315) width 24: "stu"
        text run at (0,330) width 8: "v"
        text run at (8,330) width 8: " "
layer at (24,484) size 179x49 clip at (25,485) size 162x47 scrollHeight 77
  RenderTextControl {TEXTAREA} at (15,1) size 179x49 [bgcolor=#FFFFFF] [border: (1px solid #000000)]
    RenderBlock {DIV} at (3,3) size 160x75
      RenderText {#text} at (0,0) size 160x75
        text run at (0,0) width 136: "Lorem ipsum dolor"
        text run at (136,0) width 8: " "
        text run at (0,15) width 160: "ABCDEFGHIJKLMNOPQRST"
        text run at (0,30) width 48: "UVWXYZ"
        text run at (48,30) width 8: " "
        text run at (0,45) width 160: "abcdefghijklmnopqrst"
        text run at (0,60) width 16: "uv"
        text run at (16,60) width 8: " "
layer at (24,552) size 99x34 clip at (25,553) size 82x32 scrollHeight 137
  RenderTextControl {TEXTAREA} at (15,1) size 99x34 [bgcolor=#FFFFFF] [border: (1px solid #000000)]
    RenderBlock {DIV} at (3,3) size 80x135
      RenderText {#text} at (0,0) size 80x135
        text run at (0,0) width 40: "Lorem"
        text run at (40,0) width 8: " "
        text run at (0,15) width 40: "ipsum"
        text run at (40,15) width 8: " "
        text run at (0,30) width 40: "dolor"
        text run at (40,30) width 8: " "
        text run at (0,45) width 80: "ABCDEFGHIJ"
        text run at (0,60) width 80: "KLMNOPQRST"
        text run at (0,75) width 48: "UVWXYZ"
        text run at (48,75) width 8: " "
        text run at (0,90) width 80: "abcdefghij"
        text run at (0,105) width 80: "klmnopqrst"
        text run at (0,120) width 16: "uv"
        text run at (16,120) width 8: " "
layer at (24,605) size 179x154 clip at (25,606) size 177x152
  RenderTextControl {TEXTAREA} at (15,1) size 179x154 [bgcolor=#FFFFFF] [border: (1px solid #000000)]
    RenderBlock {DIV} at (3,3) size 175x75
      RenderText {#text} at (0,0) size 168x75
        text run at (0,0) width 136: "Lorem ipsum dolor"
        text run at (136,0) width 8: " "
        text run at (0,15) width 168: "ABCDEFGHIJKLMNOPQRSTU"
        text run at (0,30) width 40: "VWXYZ"
        text run at (40,30) width 8: " "
        text run at (0,45) width 168: "abcdefghijklmnopqrstu"
        text run at (0,60) width 8: "v"
        text run at (8,60) width 8: " "
layer at (24,778) size 59x64 clip at (25,779) size 42x62 scrollHeight 212
  RenderTextControl {TEXTAREA} at (15,1) size 59x64 [bgcolor=#FFFFFF] [border: (1px solid #000000)]
    RenderBlock {DIV} at (3,3) size 40x210
      RenderText {#text} at (0,0) size 40x210
        text run at (0,0) width 40: "Lorem"
        text run at (40,0) width 0: " "
        text run at (0,15) width 40: "ipsum"
        text run at (40,15) width 0: " "
        text run at (0,30) width 40: "dolor"
        text run at (40,30) width 0: " "
        text run at (0,45) width 40: "ABCDE"
        text run at (0,60) width 40: "FGHIJ"
        text run at (0,75) width 40: "KLMNO"
        text run at (0,90) width 40: "PQRST"
        text run at (0,105) width 40: "UVWXY"
        text run at (0,120) width 8: "Z"
        text run at (8,120) width 8: " "
        text run at (0,135) width 40: "abcde"
        text run at (0,150) width 40: "fghij"
        text run at (0,165) width 40: "klmno"
        text run at (0,180) width 40: "pqrst"
        text run at (0,195) width 16: "uv"
        text run at (16,195) width 8: " "
layer at (376,24) size 60x34 clip at (377,25) size 43x32 scrollHeight 212
  RenderTextControl {TEXTAREA} at (15,1) size 60x34 [bgcolor=#FFFFFF] [border: (1px solid #000000)]
    RenderBlock {DIV} at (3,3) size 41x210
      RenderText {#text} at (0,0) size 41x210
        text run at (0,0) width 40: "Lorem"
        text run at (40,0) width 1: " "
        text run at (0,15) width 40: "ipsum"
        text run at (40,15) width 1: " "
        text run at (0,30) width 40: "dolor"
        text run at (40,30) width 1: " "
        text run at (0,45) width 40: "ABCDE"
        text run at (0,60) width 40: "FGHIJ"
        text run at (0,75) width 40: "KLMNO"
        text run at (0,90) width 40: "PQRST"
        text run at (0,105) width 40: "UVWXY"
        text run at (0,120) width 8: "Z"
        text run at (8,120) width 8: " "
        text run at (0,135) width 40: "abcde"
        text run at (0,150) width 40: "fghij"
        text run at (0,165) width 40: "klmno"
        text run at (0,180) width 40: "pqrst"
        text run at (0,195) width 16: "uv"
        text run at (16,195) width 8: " "
layer at (376,77) size 60x72 clip at (377,78) size 43x70 scrollHeight 1060
  RenderTextControl {TEXTAREA} at (15,1) size 60x72 [bgcolor=#FFFFFF] [border: (1px solid #000000)]
    RenderBlock {DIV} at (21,21) size 3x1020
      RenderText {#text} at (0,0) size 8x1020
        text run at (0,0) width 8: "L"
        text run at (0,15) width 8: "o"
        text run at (0,30) width 8: "r"
        text run at (0,45) width 8: "e"
        text run at (0,60) width 8: "m"
        text run at (0,75) width 3: " "
        text run at (0,90) width 8: "i"
        text run at (0,105) width 8: "p"
        text run at (0,120) width 8: "s"
        text run at (0,135) width 8: "u"
        text run at (0,150) width 8: "m"
        text run at (0,165) width 3: " "
        text run at (0,180) width 8: "d"
        text run at (0,195) width 8: "o"
        text run at (0,210) width 8: "l"
        text run at (0,225) width 8: "o"
        text run at (0,240) width 8: "r"
        text run at (0,255) width 3: " "
        text run at (0,270) width 8: "A"
        text run at (0,285) width 8: "B"
        text run at (0,300) width 8: "C"
        text run at (0,315) width 8: "D"
        text run at (0,330) width 8: "E"
        text run at (0,345) width 8: "F"
        text run at (0,360) width 8: "G"
        text run at (0,375) width 8: "H"
        text run at (0,390) width 8: "I"
        text run at (0,405) width 8: "J"
        text run at (0,420) width 8: "K"
        text run at (0,435) width 8: "L"
        text run at (0,450) width 8: "M"
        text run at (0,465) width 8: "N"
        text run at (0,480) width 8: "O"
        text run at (0,495) width 8: "P"
        text run at (0,510) width 8: "Q"
        text run at (0,525) width 8: "R"
        text run at (0,540) width 8: "S"
        text run at (0,555) width 8: "T"
        text run at (0,570) width 8: "U"
        text run at (0,585) width 8: "V"
        text run at (0,600) width 8: "W"
        text run at (0,615) width 8: "X"
        text run at (0,630) width 8: "Y"
        text run at (0,645) width 8: "Z"
        text run at (0,660) width 3: " "
        text run at (0,675) width 8: "a"
        text run at (0,690) width 8: "b"
        text run at (0,705) width 8: "c"
        text run at (0,720) width 8: "d"
        text run at (0,735) width 8: "e"
        text run at (0,750) width 8: "f"
        text run at (0,765) width 8: "g"
        text run at (0,780) width 8: "h"
        text run at (0,795) width 8: "i"
        text run at (0,810) width 8: "j"
        text run at (0,825) width 8: "k"
        text run at (0,840) width 8: "l"
        text run at (0,855) width 8: "m"
        text run at (0,870) width 8: "n"
        text run at (0,885) width 8: "o"
        text run at (0,900) width 8: "p"
        text run at (0,915) width 8: "q"
        text run at (0,930) width 8: "r"
        text run at (0,945) width 8: "s"
        text run at (0,960) width 8: "t"
        text run at (0,975) width 8: "u"
        text run at (0,990) width 8: "v"
        text run at (0,1005) width 3: " "
layer at (376,168) size 60x32 clip at (377,169) size 43x30 scrollHeight 210
  RenderTextControl {TEXTAREA} at (15,1) size 60x32 [bgcolor=#FFFFFF] [border: (1px solid #000000)]
    RenderBlock {DIV} at (1,1) size 43x210
      RenderText {#text} at (0,0) size 43x210
        text run at (0,0) width 40: "Lorem"
        text run at (40,0) width 3: " "
        text run at (0,15) width 40: "ipsum"
        text run at (40,15) width 3: " "
        text run at (0,30) width 40: "dolor"
        text run at (40,30) width 3: " "
        text run at (0,45) width 40: "ABCDE"
        text run at (0,60) width 40: "FGHIJ"
        text run at (0,75) width 40: "KLMNO"
        text run at (0,90) width 40: "PQRST"
        text run at (0,105) width 40: "UVWXY"
        text run at (0,120) width 8: "Z"
        text run at (8,120) width 8: " "
        text run at (0,135) width 40: "abcde"
        text run at (0,150) width 40: "fghij"
        text run at (0,165) width 40: "klmno"
        text run at (0,180) width 40: "pqrst"
        text run at (0,195) width 16: "uv"
        text run at (16,195) width 8: " "
layer at (376,219) size 179x60 clip at (377,220) size 162x58 scrollHeight 77
  RenderTextControl {TEXTAREA} at (15,1) size 179x60 [bgcolor=#FFFFFF] [border: (1px solid #000000)]
    RenderBlock {DIV} at (3,3) size 160x75
      RenderText {#text} at (0,0) size 160x75
        text run at (0,0) width 136: "Lorem ipsum dolor"
        text run at (136,0) width 8: " "
        text run at (0,15) width 160: "ABCDEFGHIJKLMNOPQRST"
        text run at (0,30) width 48: "UVWXYZ"
        text run at (48,30) width 8: " "
        text run at (0,45) width 160: "abcdefghijklmnopqrst"
        text run at (0,60) width 16: "uv"
        text run at (16,60) width 8: " "
layer at (376,298) size 60x60 clip at (377,299) size 43x58 scrollHeight 212
  RenderTextControl {TEXTAREA} at (15,1) size 60x60 [bgcolor=#FFFFFF] [border: (1px solid #000000)]
    RenderBlock {DIV} at (3,3) size 41x210
      RenderText {#text} at (0,0) size 41x210
        text run at (0,0) width 40: "Lorem"
        text run at (40,0) width 1: " "
        text run at (0,15) width 40: "ipsum"
        text run at (40,15) width 1: " "
        text run at (0,30) width 40: "dolor"
        text run at (40,30) width 1: " "
        text run at (0,45) width 40: "ABCDE"
        text run at (0,60) width 40: "FGHIJ"
        text run at (0,75) width 40: "KLMNO"
        text run at (0,90) width 40: "PQRST"
        text run at (0,105) width 40: "UVWXY"
        text run at (0,120) width 8: "Z"
        text run at (8,120) width 8: " "
        text run at (0,135) width 40: "abcde"
        text run at (0,150) width 40: "fghij"
        text run at (0,165) width 40: "klmno"
        text run at (0,180) width 40: "pqrst"
        text run at (0,195) width 16: "uv"
        text run at (16,195) width 8: " "
layer at (376,377) size 179x34 clip at (377,378) size 177x32 scrollHeight 77
  RenderTextControl {TEXTAREA} at (15,1) size 179x34 [bgcolor=#FFFFFF] [border: (1px solid #000000)]
    RenderBlock {DIV} at (3,3) size 175x75
      RenderText {#text} at (0,0) size 168x75
        text run at (0,0) width 136: "Lorem ipsum dolor"
        text run at (136,0) width 8: " "
        text run at (0,15) width 168: "ABCDEFGHIJKLMNOPQRSTU"
        text run at (0,30) width 40: "VWXYZ"
        text run at (40,30) width 8: " "
        text run at (0,45) width 168: "abcdefghijklmnopqrstu"
        text run at (0,60) width 8: "v"
        text run at (8,60) width 8: " "
layer at (376,430) size 179x49 clip at (377,431) size 162x32 scrollHeight 77
  RenderTextControl {TEXTAREA} at (15,1) size 179x49 [bgcolor=#FFFFFF] [border: (1px solid #000000)]
    RenderBlock {DIV} at (3,3) size 160x75
      RenderText {#text} at (0,0) size 160x75
        text run at (0,0) width 136: "Lorem ipsum dolor"
        text run at (136,0) width 8: " "
        text run at (0,15) width 160: "ABCDEFGHIJKLMNOPQRST"
        text run at (0,30) width 48: "UVWXYZ"
        text run at (48,30) width 8: " "
        text run at (0,45) width 160: "abcdefghijklmnopqrst"
        text run at (0,60) width 16: "uv"
        text run at (16,60) width 8: " "
layer at (376,498) size 60x60 clip at (377,499) size 58x58 scrollHeight 167
  RenderTextControl {TEXTAREA} at (15,1) size 60x60 [bgcolor=#FFFFFF] [border: (1px solid #000000)]
    RenderBlock {DIV} at (3,3) size 56x165
      RenderText {#text} at (0,0) size 56x165
        text run at (0,0) width 40: "Lorem"
        text run at (40,0) width 8: " "
        text run at (0,15) width 40: "ipsum"
        text run at (40,15) width 8: " "
        text run at (0,30) width 40: "dolor"
        text run at (40,30) width 8: " "
        text run at (0,45) width 56: "ABCDEFG"
        text run at (0,60) width 56: "HIJKLMN"
        text run at (0,75) width 56: "OPQRSTU"
        text run at (0,90) width 40: "VWXYZ"
        text run at (40,90) width 8: " "
        text run at (0,105) width 56: "abcdefg"
        text run at (0,120) width 56: "hijklmn"
        text run at (0,135) width 56: "opqrstu"
        text run at (0,150) width 8: "v"
        text run at (8,150) width 8: " "
layer at (376,577) size 60x60 clip at (377,578) size 43x43 scrollHeight 212
  RenderTextControl {TEXTAREA} at (15,1) size 60x60 [bgcolor=#FFFFFF] [border: (1px solid #000000)]
    RenderBlock {DIV} at (3,3) size 41x210
      RenderText {#text} at (0,0) size 41x210
        text run at (0,0) width 40: "Lorem"
        text run at (40,0) width 1: " "
        text run at (0,15) width 40: "ipsum"
        text run at (40,15) width 1: " "
        text run at (0,30) width 40: "dolor"
        text run at (40,30) width 1: " "
        text run at (0,45) width 40: "ABCDE"
        text run at (0,60) width 40: "FGHIJ"
        text run at (0,75) width 40: "KLMNO"
        text run at (0,90) width 40: "PQRST"
        text run at (0,105) width 40: "UVWXY"
        text run at (0,120) width 8: "Z"
        text run at (8,120) width 8: " "
        text run at (0,135) width 40: "abcde"
        text run at (0,150) width 40: "fghij"
        text run at (0,165) width 40: "klmno"
        text run at (0,180) width 40: "pqrst"
        text run at (0,195) width 16: "uv"
        text run at (16,195) width 8: " "
layer at (376,656) size 60x60 clip at (377,657) size 43x58 scrollHeight 212
  RenderTextControl {TEXTAREA} at (15,1) size 60x60 [bgcolor=#FFFFFF] [border: (1px solid #000000)]
    RenderBlock {DIV} at (3,3) size 41x210
      RenderText {#text} at (0,0) size 41x210
        text run at (0,0) width 40: "Lorem"
        text run at (40,0) width 1: " "
        text run at (0,15) width 40: "ipsum"
        text run at (40,15) width 1: " "
        text run at (0,30) width 40: "dolor"
        text run at (40,30) width 1: " "
        text run at (0,45) width 40: "ABCDE"
        text run at (0,60) width 40: "FGHIJ"
        text run at (0,75) width 40: "KLMNO"
        text run at (0,90) width 40: "PQRST"
        text run at (0,105) width 40: "UVWXY"
        text run at (0,120) width 8: "Z"
        text run at (8,120) width 8: " "
        text run at (0,135) width 40: "abcde"
        text run at (0,150) width 40: "fghij"
        text run at (0,165) width 40: "klmno"
        text run at (0,180) width 40: "pqrst"
        text run at (0,195) width 16: "uv"
        text run at (16,195) width 8: " "
layer at (376,735) size 60x60 clip at (377,736) size 43x58 scrollHeight 212
  RenderTextControl {TEXTAREA} at (15,1) size 60x60 [bgcolor=#FFFFFF] [border: (1px solid #000000)]
    RenderBlock {DIV} at (3,3) size 41x210
      RenderText {#text} at (0,0) size 41x210
        text run at (0,0) width 40: "Lorem"
        text run at (40,0) width 1: " "
        text run at (0,15) width 40: "ipsum"
        text run at (40,15) width 1: " "
        text run at (0,30) width 40: "dolor"
        text run at (40,30) width 1: " "
        text run at (0,45) width 40: "ABCDE"
        text run at (0,60) width 40: "FGHIJ"
        text run at (0,75) width 40: "KLMNO"
        text run at (0,90) width 40: "PQRST"
        text run at (0,105) width 40: "UVWXY"
        text run at (0,120) width 8: "Z"
        text run at (8,120) width 8: " "
        text run at (0,135) width 40: "abcde"
        text run at (0,150) width 40: "fghij"
        text run at (0,165) width 40: "klmno"
        text run at (0,180) width 40: "pqrst"
        text run at (0,195) width 16: "uv"
        text run at (16,195) width 8: " "
layer at (376,814) size 60x60 clip at (377,815) size 43x58 scrollHeight 212
  RenderTextControl {TEXTAREA} at (15,1) size 60x60 [bgcolor=#FFFFFF] [border: (1px solid #000000)]
    RenderBlock {DIV} at (3,3) size 41x210
      RenderText {#text} at (0,0) size 41x210
        text run at (0,0) width 40: "Lorem"
        text run at (40,0) width 1: " "
        text run at (0,15) width 40: "ipsum"
        text run at (40,15) width 1: " "
        text run at (0,30) width 40: "dolor"
        text run at (40,30) width 1: " "
        text run at (0,45) width 40: "ABCDE"
        text run at (0,60) width 40: "FGHIJ"
        text run at (0,75) width 40: "KLMNO"
        text run at (0,90) width 40: "PQRST"
        text run at (0,105) width 40: "UVWXY"
        text run at (0,120) width 8: "Z"
        text run at (8,120) width 8: " "
        text run at (0,135) width 40: "abcde"
        text run at (0,150) width 40: "fghij"
        text run at (0,165) width 40: "klmno"
        text run at (0,180) width 40: "pqrst"
        text run at (0,195) width 16: "uv"
        text run at (16,195) width 8: " "
layer at (376,893) size 179x49 clip at (377,894) size 162x32 scrollWidth 290 scrollHeight 242
  RenderTextControl {TEXTAREA} at (15,1) size 179x49 [bgcolor=#FFFFFF] [border: (1px solid #000000)]
    RenderBlock {DIV} at (3,3) size 160x240
      RenderText {#text} at (0,0) size 288x225
        text run at (0,0) width 8: " "
        text run at (8,0) width 0: " "
        text run at (0,15) width 288: "This is a text area with wrap=\"soft\""
        text run at (288,15) width 0: " "
        text run at (0,30) width 288: "This is a text area with wrap=\"soft\""
        text run at (288,30) width 0: " "
        text run at (0,45) width 288: "This is a text area with wrap=\"soft\""
        text run at (288,45) width 0: " "
        text run at (0,60) width 288: "This is a text area with wrap=\"soft\""
        text run at (288,60) width 0: " "
        text run at (0,75) width 288: "This is a text area with wrap=\"soft\""
        text run at (288,75) width 0: " "
        text run at (0,90) width 288: "This is a text area with wrap=\"soft\""
        text run at (288,90) width 0: " "
        text run at (0,105) width 288: "This is a text area with wrap=\"soft\""
        text run at (288,105) width 0: " "
        text run at (0,120) width 288: "This is a text area with wrap=\"soft\""
        text run at (288,120) width 0: " "
        text run at (0,135) width 288: "This is a text area with wrap=\"soft\""
        text run at (288,135) width 0: " "
        text run at (0,150) width 288: "This is a text area with wrap=\"soft\""
        text run at (288,150) width 0: " "
        text run at (0,165) width 288: "This is a text area with wrap=\"soft\""
        text run at (288,165) width 0: " "
        text run at (0,180) width 288: "This is a text area with wrap=\"soft\""
        text run at (288,180) width 0: " "
        text run at (0,195) width 288: "This is a text area with wrap=\"soft\""
        text run at (288,195) width 0: " "
        text run at (0,210) width 288: "This is a text area with wrap=\"soft\""
        text run at (288,210) width 0: " "
      RenderBR {BR} at (0,225) size 0x15
layer at (376,961) size 179x34 clip at (377,962) size 162x32 scrollHeight 452
  RenderTextControl {TEXTAREA} at (15,1) size 179x34 [bgcolor=#FFFFFF] [border: (1px solid #000000)]
    RenderBlock {DIV} at (3,3) size 160x450
      RenderText {#text} at (0,0) size 160x435
        text run at (0,0) width 8: " "
        text run at (8,0) width 0: " "
        text run at (0,15) width 152: "This is a text area"
        text run at (152,15) width 8: " "
        text run at (0,30) width 128: "with wrap=\"soft\""
        text run at (128,30) width 0: " "
        text run at (0,45) width 152: "This is a text area"
        text run at (152,45) width 8: " "
        text run at (0,60) width 128: "with wrap=\"soft\""
        text run at (128,60) width 0: " "
        text run at (0,75) width 152: "This is a text area"
        text run at (152,75) width 8: " "
        text run at (0,90) width 128: "with wrap=\"soft\""
        text run at (128,90) width 0: " "
        text run at (0,105) width 152: "This is a text area"
        text run at (152,105) width 8: " "
        text run at (0,120) width 128: "with wrap=\"soft\""
        text run at (128,120) width 0: " "
        text run at (0,135) width 152: "This is a text area"
        text run at (152,135) width 8: " "
        text run at (0,150) width 128: "with wrap=\"soft\""
        text run at (128,150) width 0: " "
        text run at (0,165) width 152: "This is a text area"
        text run at (152,165) width 8: " "
        text run at (0,180) width 128: "with wrap=\"soft\""
        text run at (128,180) width 0: " "
        text run at (0,195) width 152: "This is a text area"
        text run at (152,195) width 8: " "
        text run at (0,210) width 128: "with wrap=\"soft\""
        text run at (128,210) width 0: " "
        text run at (0,225) width 152: "This is a text area"
        text run at (152,225) width 8: " "
        text run at (0,240) width 128: "with wrap=\"soft\""
        text run at (128,240) width 0: " "
        text run at (0,255) width 152: "This is a text area"
        text run at (152,255) width 8: " "
        text run at (0,270) width 128: "with wrap=\"soft\""
        text run at (128,270) width 0: " "
        text run at (0,285) width 152: "This is a text area"
        text run at (152,285) width 8: " "
        text run at (0,300) width 128: "with wrap=\"soft\""
        text run at (128,300) width 0: " "
        text run at (0,315) width 152: "This is a text area"
        text run at (152,315) width 8: " "
        text run at (0,330) width 128: "with wrap=\"soft\""
        text run at (128,330) width 0: " "
        text run at (0,345) width 152: "This is a text area"
        text run at (152,345) width 8: " "
        text run at (0,360) width 128: "with wrap=\"soft\""
        text run at (128,360) width 0: " "
        text run at (0,375) width 152: "This is a text area"
        text run at (152,375) width 8: " "
        text run at (0,390) width 128: "with wrap=\"soft\""
        text run at (128,390) width 0: " "
        text run at (0,405) width 152: "This is a text area"
        text run at (152,405) width 8: " "
        text run at (0,420) width 128: "with wrap=\"soft\""
        text run at (128,420) width 0: " "
      RenderBR {BR} at (0,435) size 0x15
layer at (376,1014) size 179x34 clip at (377,1015) size 162x32 scrollHeight 452
  RenderTextControl {TEXTAREA} at (15,1) size 179x34 [bgcolor=#FFFFFF] [border: (1px solid #000000)]
    RenderBlock {DIV} at (3,3) size 160x450
      RenderText {#text} at (0,0) size 160x435
        text run at (0,0) width 8: " "
        text run at (8,0) width 0: " "
        text run at (0,15) width 152: "This is a text area"
        text run at (152,15) width 8: " "
        text run at (0,30) width 128: "with wrap=\"soft\""
        text run at (128,30) width 0: " "
        text run at (0,45) width 152: "This is a text area"
        text run at (152,45) width 8: " "
        text run at (0,60) width 128: "with wrap=\"soft\""
        text run at (128,60) width 0: " "
        text run at (0,75) width 152: "This is a text area"
        text run at (152,75) width 8: " "
        text run at (0,90) width 128: "with wrap=\"soft\""
        text run at (128,90) width 0: " "
        text run at (0,105) width 152: "This is a text area"
        text run at (152,105) width 8: " "
        text run at (0,120) width 128: "with wrap=\"soft\""
        text run at (128,120) width 0: " "
        text run at (0,135) width 152: "This is a text area"
        text run at (152,135) width 8: " "
        text run at (0,150) width 128: "with wrap=\"soft\""
        text run at (128,150) width 0: " "
        text run at (0,165) width 152: "This is a text area"
        text run at (152,165) width 8: " "
        text run at (0,180) width 128: "with wrap=\"soft\""
        text run at (128,180) width 0: " "
        text run at (0,195) width 152: "This is a text area"
        text run at (152,195) width 8: " "
        text run at (0,210) width 128: "with wrap=\"soft\""
        text run at (128,210) width 0: " "
        text run at (0,225) width 152: "This is a text area"
        text run at (152,225) width 8: " "
        text run at (0,240) width 128: "with wrap=\"soft\""
        text run at (128,240) width 0: " "
        text run at (0,255) width 152: "This is a text area"
        text run at (152,255) width 8: " "
        text run at (0,270) width 128: "with wrap=\"soft\""
        text run at (128,270) width 0: " "
        text run at (0,285) width 152: "This is a text area"
        text run at (152,285) width 8: " "
        text run at (0,300) width 128: "with wrap=\"soft\""
        text run at (128,300) width 0: " "
        text run at (0,315) width 152: "This is a text area"
        text run at (152,315) width 8: " "
        text run at (0,330) width 128: "with wrap=\"soft\""
        text run at (128,330) width 0: " "
        text run at (0,345) width 152: "This is a text area"
        text run at (152,345) width 8: " "
        text run at (0,360) width 128: "with wrap=\"soft\""
        text run at (128,360) width 0: " "
        text run at (0,375) width 152: "This is a text area"
        text run at (152,375) width 8: " "
        text run at (0,390) width 128: "with wrap=\"soft\""
        text run at (128,390) width 0: " "
        text run at (0,405) width 152: "This is a text area"
        text run at (152,405) width 8: " "
        text run at (0,420) width 128: "with wrap=\"soft\""
        text run at (128,420) width 0: " "
      RenderBR {BR} at (0,435) size 0x15
