layer at (0,0) size 800x600
  RenderView at (0,0) size 800x600
layer at (0,0) size 800x338
  RenderBlock {HTML} at (0,0) size 800x338
    RenderBody {BODY} at (8,8) size 784x322
      RenderBlock (anonymous) at (0,0) size 784x72
        RenderText {#text} at (0,0) size 538x18
          text run at (0,0) width 538: "Tests for basic button rendering. Creates a table with seven columns and seven rows. "
        RenderBR {BR} at (538,0) size 0x18
        RenderText {#text} at (0,18) size 511x18
          text run at (0,18) width 511: "Creates two different types of buttons, one with an image (a red dot) and another "
        RenderBR {BR} at (511,18) size 0x18
        RenderText {#text} at (0,36) size 649x18
          text run at (0,36) width 649: "with text (\"foo\") and then uses six different paddings to make sure each of the buttons render properly. "
        RenderBR {BR} at (649,36) size 0x18
        RenderBR {BR} at (0,54) size 0x18
      RenderTable {TABLE} at (0,72) size 684x250
        RenderTableSection {TBODY} at (0,0) size 684x250
          RenderTableRow {TR} at (0,0) size 684x20
            RenderTableCell {TD} at (0,0) size 169x20 [r=0 c=0 rs=1 cs=1]
              RenderText {#text} at (1,1) size 42x18
                text run at (1,1) width 42: "styling"
            RenderTableCell {TD} at (169,0) size 60x20 [r=0 c=1 rs=1 cs=1]
              RenderText {#text} at (1,1) size 58x18
                text run at (1,1) width 58: "<button>"
            RenderTableCell {TD} at (229,0) size 157x20 [r=0 c=2 rs=1 cs=1]
              RenderText {#text} at (1,1) size 155x18
                text run at (1,1) width 155: "(offsetH,W) (clientH,W)"
            RenderTableCell {TD} at (386,0) size 132x20 [r=0 c=3 rs=1 cs=1]
              RenderText {#text} at (1,1) size 130x18
                text run at (1,1) width 130: "<input type=button>"
            RenderTableCell {TD} at (518,0) size 166x20 [r=0 c=4 rs=1 cs=1]
              RenderText {#text} at (1,1) size 164x18
                text run at (1,1) width 164: "(offsetH,W) (clientH, -W)"
          RenderTableRow {TR} at (0,20) size 684x23
            RenderTableCell {TD} at (0,21) size 169x21 [r=1 c=0 rs=1 cs=1]
              RenderText {#text} at (1,1) size 53x19
                text run at (1,2) width 53: "(default)"
            RenderTableCell {TD} at (169,20) size 60x23 [r=1 c=1 rs=1 cs=1]
              RenderButton {BUTTON} at (1,1) size 26x21 [bgcolor=#F0F0F0] [border: (2px outset #F0F0F0)]
                RenderBlock (anonymous) at (8,3) size 10x15
                  RenderImage {IMG} at (0,2) size 10x10
            RenderTableCell {TD} at (229,21) size 157x21 [r=1 c=2 rs=1 cs=1]
              RenderText {#text} at (1,1) size 104x19
                text run at (1,2) width 104: "(21, 26) (17, 22)"
            RenderTableCell {TD} at (386,20) size 132x23 [r=1 c=3 rs=1 cs=1]
              RenderButton {INPUT} at (1,1) size 34x21 [bgcolor=#F0F0F0] [border: (2px outset #F0F0F0)]
                RenderBlock (anonymous) at (8,3) size 18x15
                  RenderText at (0,0) size 18x15
                    text run at (0,0) width 18: "foo"
            RenderTableCell {TD} at (518,21) size 166x21 [r=1 c=4 rs=1 cs=1]
              RenderText {#text} at (1,1) size 104x19
                text run at (1,2) width 104: "(21, 34) (17, 30)"
          RenderTableRow {TR} at (0,43) size 684x21
            RenderTableCell {TD} at (0,43) size 169x21 [r=2 c=0 rs=1 cs=1]
              RenderText {#text} at (1,1) size 67x19
                text run at (1,2) width 67: "padding: 0"
            RenderTableCell {TD} at (169,43) size 60x21 [r=2 c=1 rs=1 cs=1]
              RenderButton {BUTTON} at (1,1) size 14x19 [bgcolor=#F0F0F0] [border: (2px outset #F0F0F0)]
                RenderBlock (anonymous) at (2,2) size 10x15
                  RenderImage {IMG} at (0,2) size 10x10
            RenderTableCell {TD} at (229,43) size 157x21 [r=2 c=2 rs=1 cs=1]
              RenderText {#text} at (1,1) size 104x19
                text run at (1,2) width 104: "(19, 14) (15, 10)"
            RenderTableCell {TD} at (386,43) size 132x21 [r=2 c=3 rs=1 cs=1]
              RenderButton {INPUT} at (1,1) size 22x19 [bgcolor=#F0F0F0] [border: (2px outset #F0F0F0)]
                RenderBlock (anonymous) at (2,2) size 18x15
                  RenderText at (0,0) size 18x15
                    text run at (0,0) width 18: "foo"
            RenderTableCell {TD} at (518,43) size 166x21 [r=2 c=4 rs=1 cs=1]
              RenderText {#text} at (1,1) size 104x19
                text run at (1,2) width 104: "(19, 22) (15, 18)"
          RenderTableRow {TR} at (0,64) size 684x47
            RenderTableCell {TD} at (0,77) size 169x21 [r=3 c=0 rs=1 cs=1]
              RenderText {#text} at (1,1) size 88x19
                text run at (1,2) width 88: "padding: 10%"
            RenderTableCell {TD} at (169,71) size 60x33 [r=3 c=1 rs=1 cs=1]
              RenderButton {BUTTON} at (1,1) size 26x31 [bgcolor=#F0F0F0] [border: (2px outset #F0F0F0)]
                RenderBlock (anonymous) at (7,7) size 11x16
                  RenderImage {IMG} at (0,2) size 10x10
            RenderTableCell {TD} at (229,77) size 157x21 [r=3 c=2 rs=1 cs=1]
              RenderText {#text} at (1,1) size 104x19
                text run at (1,2) width 104: "(31, 26) (27, 22)"
            RenderTableCell {TD} at (386,64) size 132x47 [r=3 c=3 rs=1 cs=1]
              RenderButton {INPUT} at (1,1) size 48x45 [bgcolor=#F0F0F0] [border: (2px outset #F0F0F0)]
                RenderBlock (anonymous) at (15,15) size 18x15
                  RenderText at (0,0) size 18x15
                    text run at (0,0) width 18: "foo"
            RenderTableCell {TD} at (518,77) size 166x21 [r=3 c=4 rs=1 cs=1]
              RenderText {#text} at (1,1) size 104x19
                text run at (1,2) width 104: "(45, 48) (41, 44)"
          RenderTableRow {TR} at (0,111) size 684x25
            RenderTableCell {TD} at (0,113) size 169x21 [r=4 c=0 rs=1 cs=1]
              RenderText {#text} at (1,1) size 83x19
                text run at (1,2) width 83: "padding: 2px"
            RenderTableCell {TD} at (169,111) size 60x25 [r=4 c=1 rs=1 cs=1]
              RenderButton {BUTTON} at (1,1) size 18x23 [bgcolor=#F0F0F0] [border: (2px outset #F0F0F0)]
                RenderBlock (anonymous) at (4,4) size 10x15
                  RenderImage {IMG} at (0,2) size 10x10
            RenderTableCell {TD} at (229,113) size 157x21 [r=4 c=2 rs=1 cs=1]
              RenderText {#text} at (1,1) size 104x19
                text run at (1,2) width 104: "(23, 18) (19, 14)"
            RenderTableCell {TD} at (386,111) size 132x25 [r=4 c=3 rs=1 cs=1]
              RenderButton {INPUT} at (1,1) size 26x23 [bgcolor=#F0F0F0] [border: (2px outset #F0F0F0)]
                RenderBlock (anonymous) at (4,4) size 18x15
                  RenderText at (0,0) size 18x15
                    text run at (0,0) width 18: "foo"
            RenderTableCell {TD} at (518,113) size 166x21 [r=4 c=4 rs=1 cs=1]
              RenderText {#text} at (1,1) size 104x19
                text run at (1,2) width 104: "(23, 26) (19, 22)"
          RenderTableRow {TR} at (0,136) size 684x26
            RenderTableCell {TD} at (0,139) size 169x20 [r=5 c=0 rs=1 cs=1]
              RenderText {#text} at (1,1) size 167x18
                text run at (1,1) width 167: "padding: 2px 6px 3px 6px"
            RenderTableCell {TD} at (169,136) size 60x26 [r=5 c=1 rs=1 cs=1]
              RenderButton {BUTTON} at (1,1) size 26x24 [bgcolor=#F0F0F0] [border: (2px outset #F0F0F0)]
                RenderBlock (anonymous) at (8,4) size 10x15
                  RenderImage {IMG} at (0,2) size 10x10
            RenderTableCell {TD} at (229,139) size 157x20 [r=5 c=2 rs=1 cs=1]
              RenderText {#text} at (1,1) size 104x18
                text run at (1,1) width 104: "(24, 26) (20, 22)"
            RenderTableCell {TD} at (386,136) size 132x26 [r=5 c=3 rs=1 cs=1]
              RenderButton {INPUT} at (1,1) size 34x24 [bgcolor=#F0F0F0] [border: (2px outset #F0F0F0)]
                RenderBlock (anonymous) at (8,4) size 18x15
                  RenderText at (0,0) size 18x15
                    text run at (0,0) width 18: "foo"
            RenderTableCell {TD} at (518,139) size 166x20 [r=5 c=4 rs=1 cs=1]
              RenderText {#text} at (1,1) size 104x18
                text run at (1,1) width 104: "(24, 34) (20, 30)"
          RenderTableRow {TR} at (0,162) size 684x27
            RenderTableCell {TD} at (0,165) size 169x21 [r=6 c=0 rs=1 cs=1]
              RenderText {#text} at (1,1) size 111x19
                text run at (1,2) width 111: "padding: 3px 7px"
            RenderTableCell {TD} at (169,162) size 60x27 [r=6 c=1 rs=1 cs=1]
              RenderButton {BUTTON} at (1,1) size 28x25 [bgcolor=#F0F0F0] [border: (2px outset #F0F0F0)]
                RenderBlock (anonymous) at (9,5) size 10x15
                  RenderImage {IMG} at (0,2) size 10x10
            RenderTableCell {TD} at (229,165) size 157x21 [r=6 c=2 rs=1 cs=1]
              RenderText {#text} at (1,1) size 104x19
                text run at (1,2) width 104: "(25, 28) (21, 24)"
            RenderTableCell {TD} at (386,162) size 132x27 [r=6 c=3 rs=1 cs=1]
              RenderButton {INPUT} at (1,1) size 36x25 [bgcolor=#F0F0F0] [border: (2px outset #F0F0F0)]
                RenderBlock (anonymous) at (9,5) size 18x15
                  RenderText at (0,0) size 18x15
                    text run at (0,0) width 18: "foo"
            RenderTableCell {TD} at (518,165) size 166x21 [r=6 c=4 rs=1 cs=1]
              RenderText {#text} at (1,1) size 104x19
                text run at (1,2) width 104: "(25, 36) (21, 32)"
          RenderTableRow {TR} at (0,189) size 684x61
            RenderTableCell {TD} at (0,209) size 169x21 [r=7 c=0 rs=1 cs=1]
              RenderText {#text} at (1,1) size 91x19
                text run at (1,2) width 91: "padding: 20px"
            RenderTableCell {TD} at (169,189) size 60x61 [r=7 c=1 rs=1 cs=1]
              RenderButton {BUTTON} at (1,1) size 54x59 [bgcolor=#F0F0F0] [border: (2px outset #F0F0F0)]
                RenderBlock (anonymous) at (22,22) size 10x15
                  RenderImage {IMG} at (0,2) size 10x10
            RenderTableCell {TD} at (229,209) size 157x21 [r=7 c=2 rs=1 cs=1]
              RenderText {#text} at (1,1) size 104x19
                text run at (1,2) width 104: "(59, 54) (55, 50)"
            RenderTableCell {TD} at (386,189) size 132x61 [r=7 c=3 rs=1 cs=1]
              RenderButton {INPUT} at (1,1) size 62x59 [bgcolor=#F0F0F0] [border: (2px outset #F0F0F0)]
                RenderBlock (anonymous) at (22,22) size 18x15
                  RenderText at (0,0) size 18x15
                    text run at (0,0) width 18: "foo"
            RenderTableCell {TD} at (518,209) size 166x21 [r=7 c=4 rs=1 cs=1]
              RenderText {#text} at (1,1) size 104x19
                text run at (1,2) width 104: "(59, 62) (55, 58)"
