layer at (0,0) size 800x600
  RenderView at (0,0) size 800x600
layer at (0,0) size 800x600
  RenderBlock {HTML} at (0,0) size 800x600
    RenderBody {BODY} at (8,8) size 784x584
      RenderButton {INPUT} at (0,0) size 57x21 [bgcolor=#F0F0F0] [border: (2px outset #F0F0F0)]
        RenderBlock (anonymous) at (8,3) size 41x15
          RenderText at (0,0) size 41x15
            text run at (0,0) width 41: "Submit"
      RenderBR {BR} at (57,15) size 0x0
      RenderButton {INPUT} at (0,21) size 50x21 [bgcolor=#F0F0F0] [border: (2px outset #F0F0F0)]
        RenderBlock (anonymous) at (8,3) size 34x15
          RenderText at (0,0) size 34x15
            text run at (0,0) width 34: "Reset"
      RenderBR {BR} at (50,36) size 0x0
