layer at (0,0) size 800x600
  RenderView at (0,0) size 800x600
layer at (0,0) size 800x600
  RenderBlock {HTML} at (0,0) size 800x600
    RenderBody {BODY} at (8,8) size 784x584
      RenderBlock {P} at (0,0) size 784x20
        RenderText {#text} at (0,0) size 563x19
          text run at (0,0) width 563: "The following button elements should all be rendered on the left, with their text center justified."
      RenderBlock (anonymous) at (0,36) size 784x104
        RenderButton {BUTTON} at (0,2) size 300x22 [bgcolor=#F0F0F0] [border: (2px outset #F0F0F0)]
          RenderBlock (anonymous) at (8,3) size 284x16
            RenderText {#text} at (46,0) size 192x16
              text run at (46,0) width 192: "This is should be center justified."
        RenderText {#text} at (300,3) size 4x19
          text run at (300,3) width 4: " "
        RenderBR {BR} at (0,0) size 0x0
        RenderButton {BUTTON} at (0,28) size 300x22 [bgcolor=#F0F0F0] [border: (2px outset #F0F0F0)]
          RenderBlock (anonymous) at (8,3) size 284x16
            RenderText {#text} at (46,0) size 192x16
              text run at (46,0) width 192: "This is should be center justified."
        RenderText {#text} at (300,29) size 4x19
          text run at (300,29) width 4: " "
        RenderBR {BR} at (0,0) size 0x0
        RenderButton {BUTTON} at (0,54) size 300x22 [bgcolor=#F0F0F0] [border: (2px outset #F0F0F0)]
          RenderBlock (anonymous) at (8,3) size 284x16
            RenderText {#text} at (46,0) size 192x16
              text run at (46,0) width 192: "This is should be center justified."
        RenderText {#text} at (300,55) size 4x19
          text run at (300,55) width 4: " "
        RenderBR {BR} at (0,0) size 0x0
        RenderButton {BUTTON} at (0,80) size 300x22 [bgcolor=#F0F0F0] [border: (2px outset #F0F0F0)]
          RenderBlock (anonymous) at (8,3) size 284x16
            RenderText {#text} at (46,0) size 192x16
              text run at (46,0) width 192: "This is should be center justified."
        RenderText {#text} at (0,0) size 0x0
        RenderText {#text} at (0,0) size 0x0
      RenderBlock {DIV} at (0,140) size 784x26
        RenderButton {BUTTON} at (0,2) size 300x22 [bgcolor=#F0F0F0] [border: (2px outset #F0F0F0)]
          RenderBlock (anonymous) at (8,3) size 284x16
            RenderText {#text} at (46,0) size 192x16
              text run at (46,0) width 192: "This is should be center justified."
