layer at (0,0) size 800x600
  RenderView at (0,0) size 800x600
layer at (0,0) size 800x254
  RenderBlock {HTML} at (0,0) size 800x254
    RenderBody {BODY} at (8,16) size 784x230
      RenderBlock {P} at (0,0) size 784x36
        RenderText {#text} at (0,0) size 314x18
          text run at (0,0) width 292: "This is a test of generated content in <button> "
          text run at (292,0) width 22: "for "
        RenderInline {I} at (0,0) size 767x36
          RenderInline {A} at (0,0) size 348x18 [color=#0000EE]
            RenderText {#text} at (314,0) size 348x18
              text run at (314,0) width 348: "http://bugzilla.opendarwin.org/show_bug.cgi?id=9561"
          RenderText {#text} at (662,0) size 767x36
            text run at (662,0) width 4: " "
            text run at (666,0) width 101: "REGRESSION:"
            text run at (0,18) width 430: "Content property on :before of button causes hang on click or hover"
        RenderText {#text} at (430,18) size 4x18
          text run at (430,18) width 4: "."
      RenderBlock {HR} at (0,52) size 784x2 [border: (1px inset #000000)]
      RenderBlock (anonymous) at (0,62) size 784x168
        RenderButton {BUTTON} at (0,0) size 52x21 [color=#0000FF] [bgcolor=#F0F0F0] [border: (2px outset #F0F0F0)]
          RenderBlock (anonymous) at (8,3) size 36x15
            RenderInline (generated) at (0,0) size 36x15
              RenderText at (0,0) size 36x15
                text run at (0,0) width 36: "before"
        RenderText {#text} at (52,1) size 4x18
          text run at (52,1) width 4: " "
        RenderButton {BUTTON} at (56,0) size 88x21 [color=#0000FF] [bgcolor=#F0F0F0] [border: (2px outset #F0F0F0)]
          RenderBlock (anonymous) at (8,3) size 72x15
            RenderInline (generated) at (0,0) size 36x15
              RenderText at (0,0) size 36x15
                text run at (0,0) width 36: "before"
            RenderText {#text} at (36,0) size 36x15
              text run at (36,0) width 36: "button"
        RenderText {#text} at (144,1) size 4x18
          text run at (144,1) width 4: " "
        RenderBR {BR} at (0,0) size 0x0
        RenderButton {BUTTON} at (0,21) size 42x21 [color=#0000FF] [bgcolor=#F0F0F0] [border: (2px outset #F0F0F0)]
          RenderBlock (anonymous) at (8,3) size 26x15
            RenderInline (generated) at (0,0) size 26x15
              RenderText at (0,0) size 26x15
                text run at (0,0) width 26: "after"
        RenderText {#text} at (42,22) size 4x18
          text run at (42,22) width 4: " "
        RenderButton {BUTTON} at (46,21) size 78x21 [color=#0000FF] [bgcolor=#F0F0F0] [border: (2px outset #F0F0F0)]
          RenderBlock (anonymous) at (8,3) size 62x15
            RenderText {#text} at (0,0) size 36x15
              text run at (0,0) width 36: "button"
            RenderInline (generated) at (0,0) size 26x15
              RenderText at (36,0) size 26x15
                text run at (36,0) width 26: "after"
        RenderText {#text} at (124,22) size 4x18
          text run at (124,22) width 4: " "
        RenderBR {BR} at (0,0) size 0x0
        RenderButton {BUTTON} at (0,54) size 16x6 [bgcolor=#F0F0F0] [border: (2px outset #F0F0F0)]
        RenderText {#text} at (16,43) size 4x18
          text run at (16,43) width 4: " "
        RenderButton {BUTTON} at (20,42) size 52x21 [bgcolor=#F0F0F0] [border: (2px outset #F0F0F0)]
          RenderBlock (anonymous) at (8,3) size 36x15
            RenderText {#text} at (0,0) size 36x15
              text run at (0,0) width 36: "button"
        RenderText {#text} at (72,43) size 4x18
          text run at (72,43) width 4: " "
        RenderBR {BR} at (0,0) size 0x0
        RenderButton {BUTTON} at (0,75) size 16x6 [bgcolor=#F0F0F0] [border: (2px outset #F0F0F0)]
        RenderText {#text} at (16,64) size 4x18
          text run at (16,64) width 4: " "
        RenderButton {BUTTON} at (20,63) size 52x21 [bgcolor=#F0F0F0] [border: (2px outset #F0F0F0)]
          RenderBlock (anonymous) at (8,3) size 36x15
            RenderText {#text} at (0,0) size 36x15
              text run at (0,0) width 36: "button"
        RenderText {#text} at (72,64) size 4x18
          text run at (72,64) width 4: " "
        RenderBR {BR} at (0,0) size 0x0
        RenderButton {BUTTON} at (0,84) size 52x21 [bgcolor=#F0F0F0] [border: (2px outset #F0F0F0)]
          RenderBlock (anonymous) at (8,3) size 36x15
            RenderInline (generated) at (0,0) size 36x15
              RenderText at (0,0) size 36x15
                text run at (0,0) width 36: "before"
        RenderText {#text} at (52,85) size 4x18
          text run at (52,85) width 4: " "
        RenderButton {BUTTON} at (56,84) size 88x21 [bgcolor=#F0F0F0] [border: (2px outset #F0F0F0)]
          RenderBlock (anonymous) at (8,3) size 72x15
            RenderInline (generated) at (0,0) size 36x15
              RenderText at (0,0) size 36x15
                text run at (0,0) width 36: "before"
            RenderText {#text} at (36,0) size 36x15
              text run at (36,0) width 36: "button"
        RenderText {#text} at (144,85) size 4x18
          text run at (144,85) width 4: " "
        RenderBR {BR} at (0,0) size 0x0
        RenderButton {BUTTON} at (0,105) size 42x21 [bgcolor=#F0F0F0] [border: (2px outset #F0F0F0)]
          RenderBlock (anonymous) at (8,3) size 26x15
            RenderInline (generated) at (0,0) size 26x15
              RenderText at (0,0) size 26x15
                text run at (0,0) width 26: "after"
        RenderText {#text} at (42,106) size 4x18
          text run at (42,106) width 4: " "
        RenderButton {BUTTON} at (46,105) size 78x21 [bgcolor=#F0F0F0] [border: (2px outset #F0F0F0)]
          RenderBlock (anonymous) at (8,3) size 62x15
            RenderText {#text} at (0,0) size 36x15
              text run at (0,0) width 36: "button"
            RenderInline (generated) at (0,0) size 26x15
              RenderText at (36,0) size 26x15
                text run at (36,0) width 26: "after"
        RenderText {#text} at (124,106) size 4x18
          text run at (124,106) width 4: " "
        RenderBR {BR} at (0,0) size 0x0
        RenderButton {BUTTON} at (0,126) size 52x21 [bgcolor=#F0F0F0] [border: (2px outset #F0F0F0)]
          RenderBlock (anonymous) at (8,3) size 36x15
            RenderInline (generated) at (0,0) size 36x15
              RenderText at (0,0) size 36x15
                text run at (0,0) width 36: "before"
        RenderText {#text} at (52,127) size 4x18
          text run at (52,127) width 4: " "
        RenderButton {BUTTON} at (56,126) size 88x21 [bgcolor=#F0F0F0] [border: (2px outset #F0F0F0)]
          RenderBlock (anonymous) at (8,3) size 72x15
            RenderInline (generated) at (0,0) size 36x15
              RenderText at (0,0) size 36x15
                text run at (0,0) width 36: "before"
            RenderText {#text} at (36,0) size 36x15
              text run at (36,0) width 36: "button"
        RenderText {#text} at (144,127) size 4x18
          text run at (144,127) width 4: " "
        RenderBR {BR} at (0,0) size 0x0
        RenderButton {BUTTON} at (0,147) size 42x21 [bgcolor=#F0F0F0] [border: (2px outset #F0F0F0)]
          RenderBlock (anonymous) at (8,3) size 26x15
            RenderInline (generated) at (0,0) size 26x15
              RenderText at (0,0) size 26x15
                text run at (0,0) width 26: "after"
        RenderText {#text} at (42,148) size 4x18
          text run at (42,148) width 4: " "
        RenderButton {BUTTON} at (46,147) size 78x21 [bgcolor=#F0F0F0] [border: (2px outset #F0F0F0)]
          RenderBlock (anonymous) at (8,3) size 62x15
            RenderText {#text} at (0,0) size 36x15
              text run at (0,0) width 36: "button"
            RenderInline (generated) at (0,0) size 26x15
              RenderText at (36,0) size 26x15
                text run at (36,0) width 26: "after"
        RenderText {#text} at (124,148) size 4x18
          text run at (124,148) width 4: " "
        RenderBR {BR} at (0,0) size 0x0
