layer at (0,0) size 800x600
  RenderView at (0,0) size 800x600
layer at (0,0) size 800x600
  RenderBlock {HTML} at (0,0) size 800x600
    RenderBody {BODY} at (8,8) size 784x584
      RenderBlock {P} at (0,0) size 784x36
        RenderText {#text} at (0,0) size 207x18
          text run at (0,0) width 207: "This tests for regressions against "
        RenderInline {I} at (0,0) size 784x36
          RenderInline {A} at (0,0) size 348x18 [color=#0000EE]
            RenderText {#text} at (207,0) size 348x18
              text run at (207,0) width 348: "http://bugzilla.opendarwin.org/show_bug.cgi?id=8420"
          RenderText {#text} at (555,0) size 784x36
            text run at (555,0) width 4: " "
            text run at (559,0) width 225: "iExploder(#12): Assertion failure in"
            text run at (0,18) width 236: "RenderContainer::removeChildNode"
        RenderText {#text} at (236,18) size 4x18
          text run at (236,18) width 4: "."
      RenderBlock {P} at (0,52) size 784x36
        RenderText {#text} at (0,0) size 703x36
          text run at (0,0) width 559: "In the render tree, the button should have only one child, an anonymous block wrapping "
          text run at (559,0) width 144: "all of the button's other"
          text run at (0,18) width 80: "descendants."
      RenderBlock {HR} at (0,104) size 784x2 [border: (1px inset #000000)]
      RenderBlock (anonymous) at (0,114) size 784x10
        RenderButton {BUTTON} at (2,2) size 16x6 [bgcolor=#F0F0F0] [border: (2px outset #F0F0F0)]
          RenderBlock (anonymous) at (8,3) size 0x0
            RenderBlock (anonymous) at (0,0) size 0x0
              RenderInline {SPAN} at (0,0) size 0x0
            RenderBlock (anonymous) at (0,0) size 0x0
              RenderBlock {DIV} at (0,0) size 0x0
            RenderBlock (anonymous) at (0,0) size 0x0
              RenderInline {SPAN} at (0,0) size 0x0
        RenderText {#text} at (0,0) size 0x0
