layer at (0,0) size 800x600
  RenderView at (0,0) size 800x600
layer at (0,0) size 800x600
  RenderBlock {HTML} at (0,0) size 800x600
    RenderBody {BODY} at (8,8) size 784x579
      RenderBlock {P} at (0,0) size 784x36
        RenderInline {A} at (0,0) size 63x18 [color=#0000EE]
          RenderText {#text} at (0,0) size 63x18
            text run at (0,0) width 63: "Bug 5656"
        RenderText {#text} at (63,0) size 765x36
          text run at (63,0) width 702: " tests whether buttons force a white-space mode or not. These tests will only pass if the white-space mode is not"
          text run at (0,18) width 169: "forced and if it is inherited."
      RenderBlock {DIV} at (0,52) size 784x18
        RenderText {#text} at (0,0) size 358x18
          text run at (0,0) width 358: "Buttons should appear next to each other in a single row:"
      RenderTable {TABLE} at (0,70) size 201x27
        RenderTableSection {TBODY} at (0,0) size 201x27
          RenderTableRow {TR} at (0,2) size 201x23
            RenderTableCell {TD} at (2,2) size 197x23 [r=0 c=0 rs=1 cs=1]
              RenderButton {BUTTON} at (1,1) size 84x21 [bgcolor=#F0F0F0] [border: (2px outset #F0F0F0)]
                RenderBlock (anonymous) at (8,3) size 68x15
                  RenderText {#text} at (0,0) size 68x15
                    text run at (0,0) width 68: "Search Mail"
              RenderText {#text} at (85,2) size 4x18
                text run at (85,2) width 4: " "
              RenderButton {BUTTON} at (89,1) size 107x21 [bgcolor=#F0F0F0] [border: (2px outset #F0F0F0)]
                RenderBlock (anonymous) at (8,3) size 91x15
                  RenderText {#text} at (0,0) size 91x15
                    text run at (0,0) width 91: "Search the Web"
              RenderText {#text} at (0,0) size 0x0
      RenderBlock {DIV} at (0,97) size 784x18
        RenderText {#text} at (0,0) size 188x18
          text run at (0,0) width 188: "Buttons should look identical:"
      RenderBlock {DIV} at (0,115) size 784x21
        RenderButton {BUTTON} at (0,0) size 77x21 [bgcolor=#F0F0F0] [border: (2px outset #F0F0F0)]
          RenderBlock (anonymous) at (8,3) size 61x15
            RenderText {#text} at (0,0) size 61x15
              text run at (0,0) width 61: "test button"
      RenderBlock {DIV} at (0,136) size 784x21
        RenderButton {BUTTON} at (0,0) size 77x21 [bgcolor=#F0F0F0] [border: (2px outset #F0F0F0)]
          RenderBlock (anonymous) at (8,3) size 61x15
            RenderText {#text} at (0,0) size 61x15
              text run at (0,0) width 25: "test "
              text run at (25,0) width 36: "button"
      RenderBlock {DIV} at (0,157) size 784x18
        RenderText {#text} at (0,0) size 344x18
          text run at (0,0) width 344: "Buttons should look identical (ignore vertical spacing):"
      RenderBlock {DIV} at (0,175) size 784x21
        RenderButton {BUTTON} at (0,0) size 92x21 [bgcolor=#F0F0F0] [border: (2px outset #F0F0F0)]
          RenderBlock (anonymous) at (8,3) size 76x15
            RenderText {#text} at (0,0) size 76x15
              text run at (0,0) width 76: "  test  button  "
      RenderBlock {DIV} at (0,196) size 784x21
        RenderButton {BUTTON} at (0,0) size 92x21 [bgcolor=#F0F0F0] [border: (2px outset #F0F0F0)]
          RenderBlock (anonymous) at (8,3) size 76x15
            RenderText {#text} at (0,0) size 76x15
              text run at (0,0) width 76: "  test  button  "
      RenderBlock {DIV} at (0,230) size 784x21
        RenderBlock {PRE} at (0,0) size 784x21
          RenderButton {BUTTON} at (0,0) size 92x21 [bgcolor=#F0F0F0] [border: (2px outset #F0F0F0)]
            RenderBlock (anonymous) at (8,3) size 76x15
              RenderText {#text} at (0,0) size 76x15
                text run at (0,0) width 76: "  test  button  "
