layer at (0,0) size 800x600
  RenderView at (0,0) size 800x600
layer at (0,0) size 800x600
  RenderBlock {HTML} at (0,0) size 800x600
    RenderBody {BODY} at (8,8) size 784x584
      RenderButton {BUTTON} at (0,10) size 41x12 [bgcolor=#F0F0F0] [border: (2px outset #F0F0F0)]
        RenderBlock (anonymous) at (8,3) size 25x6
          RenderText {#text} at (0,0) size 25x6
            text run at (0,0) width 25: "Test Button"
      RenderText {#text} at (41,3) size 4x19
        text run at (41,3) width 4: " "
      RenderButton {BUTTON} at (45,9) size 47x13 [bgcolor=#F0F0F0] [border: (2px outset #F0F0F0)]
        RenderBlock (anonymous) at (8,3) size 31x7
          RenderText {#text} at (0,0) size 31x7
            text run at (0,0) width 31: "Test Button"
      RenderText {#text} at (92,3) size 4x19
        text run at (92,3) width 4: " "
      RenderButton {BUTTON} at (96,9) size 53x13 [bgcolor=#F0F0F0] [border: (2px outset #F0F0F0)]
        RenderBlock (anonymous) at (8,3) size 37x7
          RenderText {#text} at (0,0) size 37x7
            text run at (0,0) width 37: "Test Button"
      RenderText {#text} at (149,3) size 4x19
        text run at (149,3) width 4: " "
      RenderButton {BUTTON} at (153,8) size 54x15 [bgcolor=#F0F0F0] [border: (2px outset #F0F0F0)]
        RenderBlock (anonymous) at (8,3) size 38x9
          RenderText {#text} at (0,0) size 38x9
            text run at (0,0) width 38: "Test Button"
      RenderText {#text} at (207,3) size 4x19
        text run at (207,3) width 4: " "
      RenderButton {BUTTON} at (211,5) size 63x18 [bgcolor=#F0F0F0] [border: (2px outset #F0F0F0)]
        RenderBlock (anonymous) at (8,3) size 47x12
          RenderText {#text} at (0,0) size 47x12
            text run at (0,0) width 47: "Test Button"
      RenderText {#text} at (274,3) size 4x19
        text run at (274,3) width 4: " "
      RenderButton {BUTTON} at (278,4) size 69x19 [bgcolor=#F0F0F0] [border: (2px outset #F0F0F0)]
        RenderBlock (anonymous) at (8,3) size 53x13
          RenderText {#text} at (0,0) size 53x13
            text run at (0,0) width 53: "Test Button"
      RenderText {#text} at (347,3) size 4x19
        text run at (347,3) width 4: " "
      RenderButton {BUTTON} at (353,4) size 71x19 [bgcolor=#F0F0F0] [border: (2px outset #F0F0F0)]
        RenderBlock (anonymous) at (8,3) size 55x13
          RenderText {#text} at (0,0) size 55x13
            text run at (0,0) width 55: "Test Button"
      RenderText {#text} at (426,3) size 4x19
        text run at (426,3) width 4: " "
      RenderButton {INPUT} at (432,2) size 83x22 [bgcolor=#F0F0F0] [border: (2px outset #F0F0F0)]
        RenderBlock (anonymous) at (8,3) size 67x16
          RenderText at (0,0) size 67x16
            text run at (0,0) width 67: "Test Button"
      RenderText {#text} at (517,3) size 4x19
        text run at (517,3) width 4: " "
      RenderButton {BUTTON} at (523,2) size 77x21 [bgcolor=#F0F0F0] [border: (2px outset #F0F0F0)]
        RenderBlock (anonymous) at (8,3) size 61x15
          RenderText {#text} at (0,0) size 61x15
            text run at (0,0) width 61: "Test Button"
      RenderText {#text} at (602,3) size 4x19
        text run at (602,3) width 4: " "
      RenderButton {BUTTON} at (608,2) size 83x22 [bgcolor=#F0F0F0] [border: (2px outset #F0F0F0)]
        RenderBlock (anonymous) at (8,3) size 67x16
          RenderText {#text} at (0,0) size 67x16
            text run at (0,0) width 67: "Test Button"
      RenderText {#text} at (693,3) size 4x19
        text run at (693,3) width 4: " "
      RenderButton {BUTTON} at (2,34) size 89x23 [bgcolor=#F0F0F0] [border: (2px outset #F0F0F0)]
        RenderBlock (anonymous) at (8,3) size 73x17
          RenderText {#text} at (0,0) size 73x17
            text run at (0,0) width 73: "Test Button"
      RenderText {#text} at (93,36) size 4x19
        text run at (93,36) width 4: " "
      RenderButton {BUTTON} at (99,33) size 92x24 [bgcolor=#F0F0F0] [border: (2px outset #F0F0F0)]
        RenderBlock (anonymous) at (8,3) size 76x18
          RenderText {#text} at (0,0) size 76x18
            text run at (0,0) width 76: "Test Button"
      RenderText {#text} at (193,36) size 4x19
        text run at (193,36) width 4: " "
      RenderButton {BUTTON} at (199,32) size 99x26 [bgcolor=#F0F0F0] [border: (2px outset #F0F0F0)]
        RenderBlock (anonymous) at (8,3) size 83x20
          RenderText {#text} at (0,0) size 83x20
            text run at (0,0) width 83: "Test Button"
      RenderText {#text} at (300,36) size 4x19
        text run at (300,36) width 4: " "
      RenderButton {BUTTON} at (306,32) size 103x26 [bgcolor=#F0F0F0] [border: (2px outset #F0F0F0)]
        RenderBlock (anonymous) at (8,3) size 87x20
          RenderText {#text} at (0,0) size 87x20
            text run at (0,0) width 87: "Test Button"
      RenderText {#text} at (411,36) size 4x19
        text run at (411,36) width 4: " "
      RenderButton {BUTTON} at (417,30) size 109x28 [bgcolor=#F0F0F0] [border: (2px outset #F0F0F0)]
        RenderBlock (anonymous) at (8,3) size 93x22
          RenderText {#text} at (0,0) size 93x22
            text run at (0,0) width 93: "Test Button"
      RenderText {#text} at (528,36) size 4x19
        text run at (528,36) width 4: " "
      RenderButton {BUTTON} at (534,29) size 110x30 [bgcolor=#F0F0F0] [border: (2px outset #F0F0F0)]
        RenderBlock (anonymous) at (8,3) size 94x24
          RenderText {#text} at (0,0) size 94x24
            text run at (0,0) width 94: "Test Button"
      RenderText {#text} at (646,36) size 4x19
        text run at (646,36) width 4: " "
      RenderButton {BUTTON} at (652,28) size 116x31 [bgcolor=#F0F0F0] [border: (2px outset #F0F0F0)]
        RenderBlock (anonymous) at (8,3) size 100x25
          RenderText {#text} at (0,0) size 100x25
            text run at (0,0) width 100: "Test Button"
      RenderText {#text} at (770,36) size 4x19
        text run at (770,36) width 4: " "
      RenderButton {BUTTON} at (2,63) size 126x31 [bgcolor=#F0F0F0] [border: (2px outset #F0F0F0)]
        RenderBlock (anonymous) at (8,3) size 110x25
          RenderText {#text} at (0,0) size 110x25
            text run at (0,0) width 110: "Test Button"
      RenderText {#text} at (0,0) size 0x0
