layer at (0,0) size 800x600
  RenderView at (0,0) size 800x600
layer at (0,0) size 800x600
  RenderBlock {HTML} at (0,0) size 800x600
    RenderBody {BODY} at (8,8) size 784x584
      RenderButton {BUTTON} at (0,0) size 83x21 [bgcolor=#F0F0F0] [border: (2px outset #F0F0F0)]
        RenderBlock (anonymous) at (8,3) size 67x15
          RenderText {#text} at (0,0) size 67x15
            text run at (0,0) width 67: "Test Button"
      RenderText {#text} at (83,1) size 4x18
        text run at (83,1) width 4: " "
      RenderButton {BUTTON} at (87,0) size 83x21 [color=#FF0000] [bgcolor=#F0F0F0] [border: (2px outset #F0F0F0)]
        RenderBlock (anonymous) at (8,3) size 67x15
          RenderText {#text} at (0,0) size 67x15
            text run at (0,0) width 67: "Test Button"
      RenderText {#text} at (170,1) size 4x18
        text run at (170,1) width 4: " "
      RenderButton {BUTTON} at (174,0) size 83x21 [bgcolor=#008000] [border: (2px outset #F0F0F0)]
        RenderBlock (anonymous) at (8,3) size 67x15
          RenderText {#text} at (0,0) size 67x15
            text run at (0,0) width 67: "Test Button"
      RenderText {#text} at (257,1) size 4x18
        text run at (257,1) width 4: " "
      RenderButton {BUTTON} at (261,0) size 83x21 [color=#FF0000] [bgcolor=#008000] [border: (2px outset #F0F0F0)]
        RenderBlock (anonymous) at (8,3) size 67x15
          RenderText {#text} at (0,0) size 67x15
            text run at (0,0) width 67: "Test Button"
      RenderText {#text} at (344,1) size 4x18
        text run at (344,1) width 4: " "
      RenderButton {INPUT} at (348,0) size 83x21 [bgcolor=#F0F0F0] [border: (2px outset #F0F0F0)]
        RenderBlock (anonymous) at (8,3) size 67x15
          RenderText at (0,0) size 67x15
            text run at (0,0) width 67: "Test Button"
      RenderText {#text} at (431,1) size 4x18
        text run at (431,1) width 4: " "
      RenderButton {INPUT} at (435,0) size 83x21 [color=#FF0000] [bgcolor=#F0F0F0] [border: (2px outset #F0F0F0)]
        RenderBlock (anonymous) at (8,3) size 67x15
          RenderText at (0,0) size 67x15
            text run at (0,0) width 67: "Test Button"
      RenderText {#text} at (518,1) size 4x18
        text run at (518,1) width 4: " "
      RenderButton {INPUT} at (522,0) size 83x21 [bgcolor=#008000] [border: (2px outset #F0F0F0)]
        RenderBlock (anonymous) at (8,3) size 67x15
          RenderText at (0,0) size 67x15
            text run at (0,0) width 67: "Test Button"
      RenderText {#text} at (605,1) size 4x18
        text run at (605,1) width 4: " "
      RenderButton {INPUT} at (609,0) size 83x21 [color=#FF0000] [bgcolor=#008000] [border: (2px outset #F0F0F0)]
        RenderBlock (anonymous) at (8,3) size 67x15
          RenderText at (0,0) size 67x15
            text run at (0,0) width 67: "Test Button"
      RenderText {#text} at (0,0) size 0x0
