layer at (0,0) size 800x600
  RenderView at (0,0) size 800x600
layer at (0,0) size 800x600
  RenderBlock {HTML} at (0,0) size 800x600
    RenderBody {BODY} at (8,8) size 784x576
      RenderBlock {P} at (0,0) size 784x40
        RenderText {#text} at (0,0) size 51x19
          text run at (0,0) width 51: "Test for "
        RenderInline {I} at (0,0) size 758x39
          RenderInline {A} at (0,0) size 305x19 [color=#0000EE]
            RenderText {#text} at (51,0) size 305x19
              text run at (51,0) width 305: "http://bugs.webkit.org/show_bug.cgi?id=15181"
          RenderText {#text} at (356,0) size 758x39
            text run at (356,0) width 4: " "
            text run at (360,0) width 398: "text-transform: uppercase not working in input (submit, reset,"
            text run at (0,20) width 107: "button) elements"
        RenderText {#text} at (107,20) size 4x19
          text run at (107,20) width 4: "."
      RenderBlock {P} at (0,56) size 784x26
        RenderButton {BUTTON} at (2,2) size 99x22 [bgcolor=#F0F0F0] [border: (2px outset #F0F0F0)]
          RenderBlock (anonymous) at (8,3) size 83x16
            RenderText {#text} at (0,0) size 83x16
              text run at (0,0) width 83: "UPPERCASE"
        RenderText {#text} at (103,3) size 4x19
          text run at (103,3) width 4: " "
        RenderButton {BUTTON} at (109,2) size 78x22 [bgcolor=#F0F0F0] [border: (2px outset #F0F0F0)]
          RenderBlock (anonymous) at (8,3) size 62x16
            RenderText {#text} at (0,0) size 62x16
              text run at (0,0) width 62: "lowercase"
        RenderText {#text} at (189,3) size 4x19
          text run at (189,3) width 4: " "
        RenderButton {BUTTON} at (195,2) size 75x22 [bgcolor=#F0F0F0] [border: (2px outset #F0F0F0)]
          RenderBlock (anonymous) at (8,3) size 59x16
            RenderText {#text} at (0,0) size 59x16
              text run at (0,0) width 59: "Capitalize"
        RenderText {#text} at (0,0) size 0x0
      RenderBlock {P} at (0,98) size 784x26
        RenderButton {INPUT} at (2,2) size 99x22 [bgcolor=#F0F0F0] [border: (2px outset #F0F0F0)]
          RenderBlock (anonymous) at (8,3) size 83x16
            RenderText at (0,0) size 83x16
              text run at (0,0) width 83: "UPPERCASE"
        RenderText {#text} at (103,3) size 4x19
          text run at (103,3) width 4: " "
        RenderButton {INPUT} at (109,2) size 78x22 [bgcolor=#F0F0F0] [border: (2px outset #F0F0F0)]
          RenderBlock (anonymous) at (8,3) size 62x16
            RenderText at (0,0) size 62x16
              text run at (0,0) width 62: "lowercase"
        RenderText {#text} at (189,3) size 4x19
          text run at (189,3) width 4: " "
        RenderButton {INPUT} at (195,2) size 75x22 [bgcolor=#F0F0F0] [border: (2px outset #F0F0F0)]
          RenderBlock (anonymous) at (8,3) size 59x16
            RenderText at (0,0) size 59x16
              text run at (0,0) width 59: "Capitalize"
        RenderText {#text} at (0,0) size 0x0
