layer at (0,0) size 800x600
  RenderView at (0,0) size 800x600
layer at (0,0) size 800x600
  RenderBlock {HTML} at (0,0) size 800x600
    RenderBody {BODY} at (8,8) size 784x584
      RenderText {#text} at (0,0) size 519x18
        text run at (0,0) width 519: "This tests that we don't honor line-height for controls that have restricted font size. "
      RenderBR {BR} at (0,0) size 0x0
      RenderMenuList {SELECT} at (2,20) size 314x19 [bgcolor=#FFFFFF]
        RenderBlock (anonymous) at (4,2) size 289x15
          RenderText at (0,0) size 289x15
            text run at (0,0) width 289: "This text should be centered vertically in the button"
      RenderText {#text} at (318,20) size 4x18
        text run at (318,20) width 4: " "
      RenderBR {BR} at (0,0) size 0x0
      RenderButton {INPUT} at (2,43) size 305x32 [bgcolor=#F0F0F0] [border: (2px outset #F0F0F0)]
        RenderBlock (anonymous) at (8,3) size 289x26
          RenderText at (0,5) size 289x15
            text run at (0,5) width 289: "This text should be centered vertically in the button"
      RenderText {#text} at (309,49) size 4x18
        text run at (309,49) width 4: " "
      RenderBR {BR} at (0,0) size 0x0
      RenderTextControl {INPUT} at (2,79) size 162x32 [bgcolor=#FFFFFF] [border: (2px inset #000000)]
        RenderFlexibleBox {DIV} at (3,3) size 156x26
          RenderBlock {DIV} at (0,7) size 1x12
          RenderBlock {DIV} at (1,0) size 143x26
          RenderBlock {DIV} at (144,8) size 9x10
      RenderText {#text} at (0,0) size 0x0
layer at (14,90) size 143x26 scrollWidth 290
  RenderBlock {DIV} at (0,0) size 143x26
    RenderText {#text} at (0,5) size 289x15
      text run at (0,5) width 289: "This text should be centered vertically in the button"
