layer at (0,0) size 800x600
  RenderView at (0,0) size 800x600
layer at (0,0) size 800x600
  RenderBlock {HTML} at (0,0) size 800x600
    RenderBody {BODY} at (8,8) size 784x572
      RenderBlock {P} at (0,0) size 784x36
        RenderText {#text} at (0,0) size 53x18
          text run at (0,0) width 53: "Test for "
        RenderInline {I} at (0,0) size 764x36
          RenderInline {A} at (0,0) size 301x18 [color=#0000EE]
            RenderText {#text} at (53,0) size 301x18
              text run at (53,0) width 301: "http://bugs.webkit.org/show_bug.cgi?id=17033"
          RenderText {#text} at (354,0) size 764x36
            text run at (354,0) width 4: " "
            text run at (358,0) width 406: "REGRESSION: Really long <option> causes unnecessary page"
            text run at (0,18) width 226: "scroll bars to accommodate content"
        RenderText {#text} at (226,18) size 4x18
          text run at (226,18) width 4: "."
      RenderBlock {P} at (0,52) size 784x18
        RenderText {#text} at (0,0) size 402x18
          text run at (0,0) width 402: "There should not be scroll bars below the popup and the button."
layer at (8,94) size 100x50
  RenderBlock {DIV} at (0,86) size 100x50
    RenderMenuList {SELECT} at (0,2) size 80x19 [bgcolor=#FFFFFF]
      RenderBlock (anonymous) at (4,2) size 55x15
        RenderText at (0,0) size 154x15
          text run at (0,0) width 154: "Lorem ipsum dolor sit amet"
    RenderText {#text} at (0,0) size 0x0
layer at (8,164) size 100x50
  RenderBlock {DIV} at (0,156) size 100x50
    RenderButton {BUTTON} at (0,2) size 80x21 [bgcolor=#F0F0F0] [border: (2px outset #F0F0F0)]
      RenderBlock (anonymous) at (8,3) size 64x15
        RenderText {#text} at (0,0) size 154x15
          text run at (0,0) width 154: "Lorem ipsum dolor sit amet"
    RenderText {#text} at (0,0) size 0x0
