layer at (0,0) size 800x600
  RenderView at (0,0) size 800x600
layer at (0,0) size 800x600
  RenderBlock {HTML} at (0,0) size 800x600
    RenderBody {BODY} at (8,8) size 784x584
      RenderMenuList {SELECT} at (0,0) size 61x19 [color=#6D6D6D] [bgcolor=#FFFFFF]
        RenderBlock (anonymous) at (4,2) size 36x15
          RenderText at (0,0) size 36x15
            text run at (0,0) width 36: "PASS"
      RenderBR {BR} at (61,14) size 0x0
      RenderMenuList {SELECT} at (0,19) size 61x19 [color=#6D6D6D] [bgcolor=#FFFFFF]
        RenderBlock (anonymous) at (4,2) size 36x15
          RenderText at (0,0) size 36x15
            text run at (0,0) width 36: "PASS"
      RenderBR {BR} at (61,33) size 0x0
      RenderMenuList {SELECT} at (0,38) size 61x19 [bgcolor=#FFFFFF]
        RenderBlock (anonymous) at (4,2) size 36x15
          RenderText at (0,0) size 36x15
            text run at (0,0) width 36: "PASS"
      RenderBR {BR} at (61,52) size 0x0
      RenderMenuList {SELECT} at (0,57) size 61x19 [bgcolor=#FFFFFF]
        RenderBlock (anonymous) at (4,2) size 36x15
          RenderText at (0,0) size 36x15
            text run at (0,0) width 36: "PASS"
      RenderBR {BR} at (61,71) size 0x0
      RenderListBox {SELECT} at (0,76) size 57x65 [color=#6D6D6D] [bgcolor=#FFFFFF] [border: (1px inset #808080)]
      RenderBR {BR} at (57,134) size 0x0
      RenderListBox {SELECT} at (0,141) size 57x65 [color=#6D6D6D] [bgcolor=#FFFFFF] [border: (1px inset #808080)]
      RenderBR {BR} at (57,199) size 0x0
      RenderListBox {SELECT} at (0,206) size 57x65 [bgcolor=#FFFFFF] [border: (1px inset #808080)]
      RenderBR {BR} at (57,264) size 0x0
      RenderListBox {SELECT} at (0,271) size 57x65 [bgcolor=#FFFFFF] [border: (1px inset #808080)]
      RenderBR {BR} at (57,329) size 0x0
      RenderText {#text} at (0,336) size 486x18
        text run at (0,336) width 486: "PASS: sel1 correctly set to selectedIndex 1 by sel1.options[1].selected = true."
      RenderBR {BR} at (486,350) size 0x0
      RenderText {#text} at (0,354) size 438x18
        text run at (0,354) width 438: "PASS: sel2 correctly set to selectedIndex 1 by sel2.selectedIndex = 1."
      RenderBR {BR} at (438,368) size 0x0
      RenderText {#text} at (0,372) size 486x18
        text run at (0,372) width 486: "PASS: sel3 correctly set to selectedIndex 1 by sel3.options[1].selected = true."
      RenderBR {BR} at (486,386) size 0x0
      RenderText {#text} at (0,390) size 438x18
        text run at (0,390) width 438: "PASS: sel4 correctly set to selectedIndex 1 by sel4.selectedIndex = 1."
      RenderBR {BR} at (438,404) size 0x0
      RenderText {#text} at (0,408) size 486x18
        text run at (0,408) width 486: "PASS: sel5 correctly set to selectedIndex 1 by sel5.options[1].selected = true."
      RenderBR {BR} at (486,422) size 0x0
      RenderText {#text} at (0,426) size 438x18
        text run at (0,426) width 438: "PASS: sel6 correctly set to selectedIndex 1 by sel6.selectedIndex = 1."
      RenderBR {BR} at (438,440) size 0x0
      RenderText {#text} at (0,444) size 486x18
        text run at (0,444) width 486: "PASS: sel7 correctly set to selectedIndex 1 by sel7.options[1].selected = true."
      RenderBR {BR} at (486,458) size 0x0
      RenderText {#text} at (0,462) size 438x18
        text run at (0,462) width 438: "PASS: sel8 correctly set to selectedIndex 1 by sel8.selectedIndex = 1."
      RenderBR {BR} at (438,476) size 0x0
