layer at (0,0) size 800x600
  RenderView at (0,0) size 800x600
layer at (0,0) size 800x600
  RenderBlock {HTML} at (0,0) size 800x600
    RenderBody {BODY} at (8,8) size 784x576
      RenderBlock {FORM} at (0,0) size 784x59
        RenderBlock (anonymous) at (0,0) size 784x59
          RenderBlock {INPUT} at (2,4) size 12x12
          RenderInline {B} at (0,0) size 75x18
            RenderText {#text} at (16,0) size 75x18
              text run at (16,0) width 75: "Attach File"
          RenderBR {BR} at (91,14) size 0x0
          RenderBR {BR} at (0,19) size 0x18
          RenderText {#text} at (0,38) size 86x18
            text run at (0,38) width 86: "  Select File:  "
          RenderFileUploadControl {INPUT} at (88,39) size 237x18 "no file selected"
            RenderButton {INPUT} at (0,0) size 78x18 [color=#808080] [bgcolor=#C0C0C0]
              RenderBlock (anonymous) at (8,2) size 62x13
                RenderText at (0,0) size 62x13
                  text run at (0,0) width 62: "Choose File"
          RenderBR {BR} at (327,52) size 0x0
        RenderTable {TABLE} at (0,59) size 0x0
