layer at (0,0) size 800x600
  RenderView at (0,0) size 800x600
layer at (0,0) size 800x600
  RenderBlock {HTML} at (0,0) size 800x600
    RenderBody {BODY} at (8,8) size 784x584
      RenderBlock {P} at (0,0) size 784x36
        RenderText {#text} at (0,0) size 104x18
          text run at (0,0) width 104: "This is a test for "
        RenderInline {I} at (0,0) size 750x36
          RenderInline {A} at (0,0) size 348x18 [color=#0000EE]
            RenderText {#text} at (104,0) size 348x18
              text run at (104,0) width 348: "http://bugzilla.opendarwin.org/show_bug.cgi?id=9316"
          RenderText {#text} at (452,0) size 750x36
            text run at (452,0) width 4: " "
            text run at (456,0) width 294: "REGRESSION: text field width shrinks on first"
            text run at (0,18) width 59: "keystroke"
        RenderText {#text} at (59,18) size 4x18
          text run at (59,18) width 4: "."
      RenderBlock {HR} at (0,52) size 784x2 [border: (1px inset #000000)]
layer at (8,70) size 784x0
  RenderBlock (relative positioned) {DIV} at (0,62) size 784x0
    RenderTextControl {INPUT} at (0,2) size 392x21 [bgcolor=#FFFFFF] [border: (2px inset #000000)]
layer at (10,75) size 388x15
  RenderBlock {DIV} at (2,3) size 388x15
    RenderText {#text} at (0,0) size 18x15
      text run at (0,0) width 18: "foo"
