layer at (0,0) size 800x600
  RenderView at (0,0) size 800x600
layer at (0,0) size 800x600
  RenderBlock {HTML} at (0,0) size 800x600
    RenderBody {BODY} at (8,8) size 784x584
      RenderBlock {FORM} at (0,0) size 784x20
        RenderBlock {INPUT} at (5,3) size 13x13
        RenderText {#text} at (21,2) size 34x18
          text run at (21,2) width 34: "Two "
        RenderBlock {INPUT} at (60,3) size 13x13
        RenderText {#text} at (76,2) size 37x18
          text run at (76,2) width 37: "Three"
      RenderBlock {FORM} at (0,36) size 784x20
        RenderBlock {INPUT} at (5,3) size 13x13
        RenderText {#text} at (21,2) size 31x18
          text run at (21,2) width 31: "One "
        RenderBlock {INPUT} at (57,3) size 13x13
        RenderText {#text} at (73,2) size 34x18
          text run at (73,2) width 34: "Two "
        RenderBlock {INPUT} at (112,3) size 13x13
        RenderText {#text} at (128,2) size 41x18
          text run at (128,2) width 41: "Three "
        RenderBlock {INPUT} at (174,3) size 13x13
        RenderText {#text} at (190,2) size 27x18
          text run at (190,2) width 27: "One"
      RenderBlock (anonymous) at (0,72) size 784x36
        RenderText {#text} at (0,0) size 766x36
          text run at (0,0) width 505: "The count of the # of elements in form 1 should be 2 and in form 2 should be 4. "
          text run at (505,0) width 261: "The count in form 1 is 2, and the count in"
          text run at (0,18) width 68: "form 2 is 4"
