layer at (0,0) size 800x600
  RenderView at (0,0) size 800x600
layer at (0,0) size 800x600
  RenderBlock {HTML} at (0,0) size 800x600
    RenderBody {BODY} at (8,8) size 784x584
      RenderBlock (anonymous) at (0,0) size 784x0
        RenderInline {A} at (0,0) size 0x0
          RenderText {#text} at (0,0) size 0x0
      RenderBlock {DIV} at (0,0) size 784x27
        RenderBlock (anonymous) at (0,0) size 784x0
          RenderInline {A} at (0,0) size 0x0
            RenderText {#text} at (0,0) size 0x0
        RenderBlock (anonymous) at (0,0) size 784x27
          RenderTable {TABLE} at (0,0) size 67x27
            RenderTableSection {TBODY} at (0,0) size 67x27
              RenderTableRow {TR} at (0,2) size 67x23
                RenderTableCell {TD} at (2,12) size 2x3 [r=0 c=0 rs=1 cs=1]
                RenderTableCell {TD} at (6,2) size 59x23 [r=0 c=1 rs=1 cs=1]
                  RenderButton {INPUT} at (1,1) size 57x21 [bgcolor=#F0F0F0] [border: (2px outset #F0F0F0)]
                    RenderBlock (anonymous) at (8,3) size 41x15
                      RenderText at (0,0) size 41x15
                        text run at (0,0) width 41: "Search"
        RenderBlock (anonymous) at (0,27) size 784x0
          RenderInline {A} at (0,0) size 0x0
          RenderInline {A} at (0,0) size 0x0 [color=#0000EE]
          RenderText {#text} at (0,0) size 0x0
      RenderBlock (anonymous) at (0,27) size 784x18
        RenderText {#text} at (0,0) size 104x18
          text run at (0,0) width 104: "Form did submit"
