layer at (0,0) size 800x600
  RenderView at (0,0) size 800x600
layer at (0,0) size 800x600
  RenderBlock {HTML} at (0,0) size 800x600
    RenderBody {BODY} at (8,8) size 784x584
      RenderBlock {P} at (0,0) size 784x18
        RenderText {#text} at (0,0) size 382x18
          text run at (0,0) width 382: "Focus field with a placeholder, then type, then delete all text."
      RenderBlock {DIV} at (0,34) size 784x25
        RenderTextControl {INPUT} at (2,2) size 150x21 [bgcolor=#FFFFFF] [border: (2px inset #000000)]
        RenderText {#text} at (0,0) size 0x0
        RenderText {#text} at (0,0) size 0x0
layer at (12,47) size 146x15
  RenderBlock {DIV} at (2,3) size 146x15 [color=#A9A9A9]
    RenderText {#text} at (0,0) size 68x15
      text run at (0,0) width 68: "Placeholder"
layer at (12,47) size 146x15
  RenderBlock {DIV} at (2,3) size 146x15
    RenderBR {BR} at (0,0) size 0x15
caret: position 0 of child 0 {BR} of child 1 {DIV} of {#document-fragment} of child 1 {INPUT} of child 3 {DIV} of body
