layer at (0,0) size 800x600
  RenderView at (0,0) size 800x600
layer at (0,0) size 800x600
  RenderBlock {HTML} at (0,0) size 800x600
    RenderBody {BODY} at (8,8) size 784x584
      RenderBlock {P} at (0,0) size 784x20
        RenderText {#text} at (0,0) size 547x19
          text run at (0,0) width 547: "The following 4 images should be all be rendered exactly the same, aligned to the right side."
      RenderImage {INPUT} at (767,36) size 17x19
      RenderBlock (anonymous) at (0,36) size 784x120
        RenderBR {BR} at (0,0) size 0x19
        RenderBR {BR} at (0,20) size 0x19
        RenderImage {INPUT} at (767,40) size 17x19
        RenderBR {BR} at (0,40) size 0x19
        RenderBR {BR} at (0,60) size 0x19
        RenderImage {INPUT} at (767,80) size 17x19
        RenderBR {BR} at (0,80) size 0x19
        RenderBR {BR} at (0,100) size 0x19
      RenderBlock {DIV} at (0,156) size 784x0
        RenderImage {INPUT} at (767,0) size 17x19
