layer at (0,0) size 800x600
  RenderView at (0,0) size 800x600
layer at (0,0) size 800x600
  RenderBlock {HTML} at (0,0) size 800x600
    RenderBody {BODY} at (8,8) size 784x584
      RenderText {#text} at (0,0) size 455x18
        text run at (0,0) width 455: "This tests that the border of a readonly text field should appear dimmed. "
      RenderBR {BR} at (455,14) size 0x0
      RenderTextControl {INPUT} at (2,20) size 149x21 [bgcolor=#FFFFFF] [border: (2px inset #000000)]
      RenderText {#text} at (0,0) size 0x0
layer at (12,31) size 145x15 scrollWidth 171
  RenderBlock {DIV} at (2,3) size 145x15
    RenderText {#text} at (0,0) size 171x15
      text run at (0,0) width 171: "This border should be dimmed"
