layer at (0,0) size 800x600
  RenderView at (0,0) size 800x600
layer at (0,0) size 800x600
  RenderBlock {HTML} at (0,0) size 800x600
    RenderBody {BODY} at (8,8) size 784x584
      RenderBlock {P} at (0,0) size 784x18
        RenderText {#text} at (0,0) size 241x18
          text run at (0,0) width 241: "Test appearances of outer-spin-button."
      RenderBlock {DIV} at (0,34) size 784x0
      RenderBlock {DIV} at (0,34) size 784x520
        RenderTable {TABLE} at (0,0) size 468x520
          RenderTableSection {TBODY} at (0,0) size 468x520
            RenderTableRow {TR} at (0,2) size 468x516
              RenderTableCell {TD} at (2,82) size 180x356 [r=0 c=0 rs=1 cs=1]
                RenderBlock {DIV} at (1,1) size 178x34
                  RenderTextControl {INPUT} at (0,4) size 87x15 [bgcolor=#FFFFFF] [border: (2px inset #000000)]
                  RenderText {#text} at (87,0) size 4x18
                    text run at (87,0) width 4: " "
                  RenderBR {BR} at (91,14) size 0x0
                  RenderTextControl {INPUT} at (0,19) size 87x15 [bgcolor=#FFFFFF] [border: (2px inset #000000)]
                    RenderFlexibleBox {DIV} at (2,1) size 83x13
                      RenderBlock {DIV} at (0,1) size 66x10
                RenderBlock {DIV} at (1,35) size 178x35
                  RenderTextControl {INPUT} at (0,3) size 107x16 [bgcolor=#FFFFFF] [border: (2px inset #000000)]
                  RenderText {#text} at (107,0) size 4x18
                    text run at (107,0) width 4: " "
                  RenderBR {BR} at (111,14) size 0x0
                  RenderTextControl {INPUT} at (0,19) size 107x16 [bgcolor=#FFFFFF] [border: (2px inset #000000)]
                    RenderFlexibleBox {DIV} at (2,1) size 103x14
                      RenderBlock {DIV} at (0,1) size 86x11
                RenderBlock {DIV} at (1,70) size 178x36
                  RenderTextControl {INPUT} at (0,2) size 127x17 [bgcolor=#FFFFFF] [border: (2px inset #000000)]
                  RenderText {#text} at (127,0) size 4x18
                    text run at (127,0) width 4: " "
                  RenderBR {BR} at (131,14) size 0x0
                  RenderTextControl {INPUT} at (0,19) size 127x17 [bgcolor=#FFFFFF] [border: (2px inset #000000)]
                    RenderFlexibleBox {DIV} at (2,1) size 123x15
                      RenderBlock {DIV} at (0,2) size 106x11
                RenderBlock {DIV} at (1,106) size 178x44
                  RenderTextControl {INPUT} at (2,2) size 128x18 [bgcolor=#FFFFFF] [border: (2px inset #000000)]
                  RenderText {#text} at (132,1) size 4x18
                    text run at (132,1) width 4: " "
                  RenderBR {BR} at (136,15) size 0x0
                  RenderTextControl {INPUT} at (2,24) size 128x18 [bgcolor=#FFFFFF] [border: (2px inset #000000)]
                    RenderFlexibleBox {DIV} at (2,0) size 124x18
                      RenderBlock {DIV} at (0,2) size 107x13
                RenderBlock {DIV} at (1,150) size 178x48
                  RenderTextControl {INPUT} at (2,2) size 148x20 [bgcolor=#FFFFFF] [border: (2px inset #000000)]
                  RenderText {#text} at (152,2) size 4x18
                    text run at (152,2) width 4: " "
                  RenderBR {BR} at (156,16) size 0x0
                  RenderTextControl {INPUT} at (2,26) size 148x20 [bgcolor=#FFFFFF] [border: (2px inset #000000)]
                    RenderFlexibleBox {DIV} at (2,1) size 144x18
                      RenderBlock {DIV} at (0,2) size 127x14
                RenderBlock {DIV} at (1,198) size 178x50
                  RenderTextControl {INPUT} at (2,2) size 149x21 [bgcolor=#FFFFFF] [border: (2px inset #000000)]
                  RenderText {#text} at (153,3) size 4x18
                    text run at (153,3) width 4: " "
                  RenderBR {BR} at (157,17) size 0x0
                  RenderTextControl {INPUT} at (2,27) size 149x21 [bgcolor=#FFFFFF] [border: (2px inset #000000)]
                    RenderFlexibleBox {DIV} at (2,0) size 145x21
                      RenderBlock {DIV} at (0,2) size 128x16
                RenderBlock {DIV} at (1,248) size 178x52
                  RenderTextControl {INPUT} at (2,2) size 169x22 [bgcolor=#FFFFFF] [border: (2px inset #000000)]
                  RenderText {#text} at (173,4) size 4x18
                    text run at (173,4) width 4: " "
                  RenderBR {BR} at (177,18) size 0x0
                  RenderTextControl {INPUT} at (2,28) size 169x22 [bgcolor=#FFFFFF] [border: (2px inset #000000)]
                    RenderFlexibleBox {DIV} at (2,0) size 165x22
                      RenderBlock {DIV} at (0,2) size 148x17
                RenderBlock {DIV} at (1,300) size 178x54
                  RenderTextControl {INPUT} at (2,2) size 170x23 [bgcolor=#FFFFFF] [border: (2px inset #000000)]
                  RenderText {#text} at (174,5) size 4x18
                    text run at (174,5) width 4: " "
                  RenderBR {BR} at (178,19) size 0x0
                  RenderTextControl {INPUT} at (2,29) size 170x23 [bgcolor=#FFFFFF] [border: (2px inset #000000)]
                    RenderFlexibleBox {DIV} at (2,0) size 166x23
                      RenderBlock {DIV} at (0,2) size 149x18
              RenderTableCell {TD} at (184,2) size 282x516 [r=0 c=1 rs=1 cs=1]
                RenderBlock {DIV} at (1,1) size 280x56
                  RenderTextControl {INPUT} at (2,2) size 190x24 [bgcolor=#FFFFFF] [border: (2px inset #000000)]
                  RenderText {#text} at (194,6) size 4x18
                    text run at (194,6) width 4: " "
                  RenderBR {BR} at (198,20) size 0x0
                  RenderTextControl {INPUT} at (2,30) size 190x24 [bgcolor=#FFFFFF] [border: (2px inset #000000)]
                    RenderFlexibleBox {DIV} at (2,0) size 186x24
                      RenderBlock {DIV} at (0,3) size 169x18
                RenderBlock {DIV} at (1,57) size 280x60
                  RenderTextControl {INPUT} at (2,2) size 191x26 [bgcolor=#FFFFFF] [border: (2px inset #000000)]
                  RenderText {#text} at (195,7) size 4x18
                    text run at (195,7) width 4: " "
                  RenderBR {BR} at (199,21) size 0x0
                  RenderTextControl {INPUT} at (2,32) size 191x26 [bgcolor=#FFFFFF] [border: (2px inset #000000)]
                    RenderFlexibleBox {DIV} at (2,0) size 187x26
                      RenderBlock {DIV} at (0,2) size 170x21
                RenderBlock {DIV} at (1,117) size 280x62
                  RenderTextControl {INPUT} at (2,2) size 211x27 [bgcolor=#FFFFFF] [border: (2px inset #000000)]
                  RenderText {#text} at (215,8) size 4x18
                    text run at (215,8) width 4: " "
                  RenderBR {BR} at (219,22) size 0x0
                  RenderTextControl {INPUT} at (2,33) size 211x27 [bgcolor=#FFFFFF] [border: (2px inset #000000)]
                    RenderFlexibleBox {DIV} at (2,0) size 207x27
                      RenderBlock {DIV} at (0,3) size 190x21
                RenderBlock {DIV} at (1,179) size 280x64
                  RenderTextControl {INPUT} at (2,2) size 231x28 [bgcolor=#FFFFFF] [border: (2px inset #000000)]
                  RenderText {#text} at (235,9) size 4x18
                    text run at (235,9) width 4: " "
                  RenderBR {BR} at (239,23) size 0x0
                  RenderTextControl {INPUT} at (2,34) size 231x28 [bgcolor=#FFFFFF] [border: (2px inset #000000)]
                    RenderFlexibleBox {DIV} at (2,0) size 227x28
                      RenderBlock {DIV} at (0,3) size 210x22
                RenderBlock {DIV} at (1,243) size 280x64
                  RenderTextControl {INPUT} at (2,2) size 231x28 [bgcolor=#FFFFFF] [border: (2px inset #000000)]
                  RenderText {#text} at (235,9) size 4x18
                    text run at (235,9) width 4: " "
                  RenderBR {BR} at (239,23) size 0x0
                  RenderTextControl {INPUT} at (2,34) size 231x28 [bgcolor=#FFFFFF] [border: (2px inset #000000)]
                    RenderFlexibleBox {DIV} at (2,0) size 227x28
                      RenderBlock {DIV} at (0,3) size 210x22
                RenderBlock {DIV} at (1,307) size 280x66
                  RenderTextControl {INPUT} at (2,2) size 251x29 [bgcolor=#FFFFFF] [border: (2px inset #000000)]
                  RenderText {#text} at (255,10) size 4x18
                    text run at (255,10) width 4: " "
                  RenderBR {BR} at (259,24) size 0x0
                  RenderTextControl {INPUT} at (2,35) size 251x29 [bgcolor=#FFFFFF] [border: (2px inset #000000)]
                    RenderFlexibleBox {DIV} at (2,0) size 247x29
                      RenderBlock {DIV} at (0,3) size 230x23
                RenderBlock {DIV} at (1,373) size 280x70
                  RenderTextControl {INPUT} at (2,2) size 252x31 [bgcolor=#FFFFFF] [border: (2px inset #000000)]
                  RenderText {#text} at (256,11) size 4x18
                    text run at (256,11) width 4: " "
                  RenderBR {BR} at (260,25) size 0x0
                  RenderTextControl {INPUT} at (2,37) size 252x31 [bgcolor=#FFFFFF] [border: (2px inset #000000)]
                    RenderFlexibleBox {DIV} at (2,0) size 248x31
                      RenderBlock {DIV} at (0,3) size 231x25
                RenderBlock {DIV} at (1,443) size 280x72
                  RenderTextControl {INPUT} at (2,2) size 272x32 [bgcolor=#FFFFFF] [border: (2px inset #000000)]
                  RenderText {#text} at (276,12) size 4x18
                    text run at (276,12) width 4: " "
                  RenderBR {BR} at (280,26) size 0x0
                  RenderTextControl {INPUT} at (2,38) size 272x32 [bgcolor=#FFFFFF] [border: (2px inset #000000)]
                    RenderFlexibleBox {DIV} at (2,0) size 268x32
                      RenderBlock {DIV} at (0,3) size 251x26
layer at (13,133) size 83x9
  RenderBlock {DIV} at (2,3) size 83x9
layer at (13,148) size 66x9
  RenderBlock {DIV} at (0,0) size 66x9
layer at (13,166) size 103x10
  RenderBlock {DIV} at (2,3) size 103x10
layer at (13,182) size 86x10
  RenderBlock {DIV} at (0,0) size 86x10
layer at (13,200) size 123x11
  RenderBlock {DIV} at (2,3) size 123x11
layer at (13,217) size 106x11
  RenderBlock {DIV} at (0,0) size 106x11
layer at (15,236) size 124x12
  RenderBlock {DIV} at (2,3) size 124x12
layer at (15,258) size 107x12
  RenderBlock {DIV} at (0,0) size 107x12
layer at (15,280) size 144x14
  RenderBlock {DIV} at (2,3) size 144x14
layer at (15,304) size 127x14
  RenderBlock {DIV} at (0,0) size 127x14
layer at (15,328) size 145x15
  RenderBlock {DIV} at (2,3) size 145x15
layer at (15,353) size 128x15
  RenderBlock {DIV} at (0,0) size 128x15
layer at (15,378) size 165x16
  RenderBlock {DIV} at (2,3) size 165x16
layer at (15,404) size 148x16
  RenderBlock {DIV} at (0,0) size 148x16
layer at (15,430) size 166x17
  RenderBlock {DIV} at (2,3) size 166x17
layer at (15,457) size 149x17
  RenderBlock {DIV} at (0,0) size 149x17
layer at (197,50) size 186x18
  RenderBlock {DIV} at (2,3) size 186x18
layer at (197,78) size 169x18
  RenderBlock {DIV} at (0,0) size 169x18
layer at (197,106) size 187x20
  RenderBlock {DIV} at (2,3) size 187x20
layer at (197,136) size 170x20
  RenderBlock {DIV} at (0,0) size 170x20
layer at (197,166) size 207x21
  RenderBlock {DIV} at (2,3) size 207x21
layer at (197,197) size 190x21
  RenderBlock {DIV} at (0,0) size 190x21
layer at (197,228) size 227x22
  RenderBlock {DIV} at (2,3) size 227x22
layer at (197,260) size 210x22
  RenderBlock {DIV} at (0,0) size 210x22
layer at (197,292) size 227x22
  RenderBlock {DIV} at (2,3) size 227x22
layer at (197,324) size 210x22
  RenderBlock {DIV} at (0,0) size 210x22
layer at (197,356) size 247x23
  RenderBlock {DIV} at (2,3) size 247x23
layer at (197,389) size 230x23
  RenderBlock {DIV} at (0,0) size 230x23
layer at (197,422) size 248x25
  RenderBlock {DIV} at (2,3) size 248x25
layer at (197,457) size 231x25
  RenderBlock {DIV} at (0,0) size 231x25
layer at (197,492) size 268x26
  RenderBlock {DIV} at (2,3) size 268x26
layer at (197,528) size 251x26
  RenderBlock {DIV} at (0,0) size 251x26
layer at (79,146) size 17x12
  RenderBlock (relative positioned) {DIV} at (66,0) size 17x12
layer at (99,180) size 17x14
  RenderBlock (relative positioned) {DIV} at (86,0) size 17x14
layer at (119,215) size 17x15
  RenderBlock (relative positioned) {DIV} at (106,0) size 17x15
layer at (122,255) size 17x17
  RenderBlock (relative positioned) {DIV} at (107,0) size 17x17
layer at (142,302) size 17x18
  RenderBlock (relative positioned) {DIV} at (127,0) size 17x18
layer at (143,350) size 17x20
  RenderBlock (relative positioned) {DIV} at (128,0) size 17x20
layer at (163,401) size 17x21
  RenderBlock (relative positioned) {DIV} at (148,0) size 17x21
layer at (164,454) size 17x23
  RenderBlock (relative positioned) {DIV} at (149,0) size 17x23
layer at (366,75) size 17x24
  RenderBlock (relative positioned) {DIV} at (169,0) size 17x24
layer at (367,133) size 17x26
  RenderBlock (relative positioned) {DIV} at (170,0) size 17x26
layer at (387,194) size 17x27
  RenderBlock (relative positioned) {DIV} at (190,0) size 17x27
layer at (407,257) size 17x28
  RenderBlock (relative positioned) {DIV} at (210,-1) size 17x30
layer at (407,320) size 17x30
  RenderBlock (relative positioned) {DIV} at (210,-1) size 17x30
layer at (427,385) size 17x31
  RenderBlock (relative positioned) {DIV} at (230,-2) size 17x33
layer at (428,453) size 17x33
  RenderBlock (relative positioned) {DIV} at (231,-1) size 17x33
layer at (448,524) size 17x34
  RenderBlock (relative positioned) {DIV} at (251,-2) size 17x36
