layer at (0,0) size 800x600
  RenderView at (0,0) size 800x600
layer at (0,0) size 800x600
  RenderBlock {HTML} at (0,0) size 800x600
    RenderBody {BODY} at (8,8) size 784x576
      RenderBlock (anonymous) at (0,0) size 784x18
        RenderText {#text} at (0,0) size 755x18
          text run at (0,0) width 755: "This test uses the new text field to test focus() and blur() and to make sure that onFocus and onBlur events fire correctly."
      RenderBlock {P} at (0,34) size 784x25
        RenderTextControl {INPUT} at (2,2) size 150x21 [bgcolor=#FFFFFF] [border: (2px inset #000000)]
        RenderText {#text} at (154,3) size 4x18
          text run at (154,3) width 4: " "
        RenderTextControl {INPUT} at (160,2) size 150x21 [bgcolor=#FFFFFF] [border: (2px inset #000000)]
        RenderText {#text} at (0,0) size 0x0
      RenderBlock {DIV} at (0,75) size 784x72
        RenderBR {BR} at (0,0) size 0x18
        RenderText {#text} at (0,18) size 322x18
          text run at (0,18) width 322: "Test Passed. Text field 1's onFocus event has fired."
        RenderBR {BR} at (322,32) size 0x0
        RenderText {#text} at (0,36) size 312x18
          text run at (0,36) width 312: "Test Passed. Text field 1's onBlur event has fired."
        RenderBR {BR} at (312,50) size 0x0
        RenderText {#text} at (0,54) size 322x18
          text run at (0,54) width 322: "Test Passed. Text field 2's onFocus event has fired."
      RenderBlock {P} at (0,163) size 784x0
layer at (12,47) size 146x15
  RenderBlock {DIV} at (2,3) size 146x15
    RenderText {#text} at (0,0) size 88x15
      text run at (0,0) width 88: "My Text Field 1"
layer at (170,47) size 146x15
  RenderBlock {DIV} at (2,3) size 146x15
    RenderText {#text} at (0,0) size 88x15
      text run at (0,0) width 88: "My Text Field 2"
selection start: position 0 of child 0 {#text} of child 0 {DIV} of {#document-fragment} of child 3 {INPUT} of child 1 {P} of body
selection end:   position 15 of child 0 {#text} of child 0 {DIV} of {#document-fragment} of child 3 {INPUT} of child 1 {P} of body
