layer at (0,0) size 800x600
  RenderView at (0,0) size 800x600
layer at (0,0) size 800x600
  RenderBlock {HTML} at (0,0) size 800x600
    RenderBody {BODY} at (8,8) size 784x576
      RenderBlock {DIV} at (0,0) size 425x75 [bgcolor=#FFFF00]
        RenderTextControl {INPUT} at (27,27) size 150x21 [bgcolor=#FFFFFF] [border: (2px inset #000000)]
      RenderBlock {P} at (0,91) size 784x36
        RenderText {#text} at (0,0) size 739x36
          text run at (0,0) width 739: "This test clicks inside an input element, and must result in the element receiving focus. If the test succeeds the element"
          text run at (0,18) width 158: "should have a focus ring."
layer at (37,38) size 146x15
  RenderBlock {DIV} at (2,3) size 146x15
caret: position 0 of child 0 {DIV} of {#document-fragment} of child 0 {INPUT} of child 0 {DIV} of body
