layer at (0,0) size 800x600
  RenderView at (0,0) size 800x600
layer at (0,0) size 800x600
  RenderBlock {HTML} at (0,0) size 800x600
    RenderBody {BODY} at (8,8) size 784x584
      RenderText {#text} at (0,0) size 400x18
        text run at (0,0) width 400: "This tests that text can not be inserted into a readonly text field. "
      RenderBR {BR} at (400,14) size 0x0
      RenderTextControl {INPUT} at (2,20) size 149x21 [bgcolor=#FFFFFF] [border: (2px inset #000000)]
      RenderText {#text} at (0,0) size 0x0
layer at (12,31) size 145x15
  RenderBlock {DIV} at (2,3) size 145x15
    RenderText {#text} at (0,0) size 73x15
      text run at (0,0) width 73: "Test Passed"
selection start: position 0 of child 0 {#text} of child 0 {DIV} of {#document-fragment} of child 2 {INPUT} of body
selection end:   position 11 of child 0 {#text} of child 0 {DIV} of {#document-fragment} of child 2 {INPUT} of body
