layer at (0,0) size 800x600
  RenderView at (0,0) size 800x600
layer at (0,0) size 800x600
  RenderBlock {HTML} at (0,0) size 800x600
    RenderBody {BODY} at (8,8) size 784x584
      RenderText {#text} at (0,3) size 476x18
        text run at (0,3) width 476: "This tests that empty readonly text fields have the right height and baseline. "
      RenderTextControl {INPUT} at (478,2) size 149x21 [bgcolor=#FFFFFF] [border: (2px inset #000000)]
      RenderText {#text} at (0,0) size 0x0
layer at (488,13) size 145x15
  RenderBlock {DIV} at (2,3) size 145x15
