layer at (0,0) size 800x600
  RenderView at (0,0) size 800x600
layer at (0,0) size 800x600
  RenderBlock {HTML} at (0,0) size 800x600
    RenderBody {BODY} at (8,8) size 784x584
      RenderButton {INPUT} at (0,9) size 41x12 [bgcolor=#F0F0F0] [border: (2px outset #F0F0F0)]
        RenderBlock (anonymous) at (8,3) size 25x6
          RenderText at (0,0) size 25x6
            text run at (0,0) width 25: "Test Button"
      RenderText {#text} at (41,3) size 4x18
        text run at (41,3) width 4: " "
      RenderButton {INPUT} at (45,8) size 47x13 [bgcolor=#F0F0F0] [border: (2px outset #F0F0F0)]
        RenderBlock (anonymous) at (8,3) size 31x7
          RenderText at (0,0) size 31x7
            text run at (0,0) width 31: "Test Button"
      RenderText {#text} at (92,3) size 4x18
        text run at (92,3) width 4: " "
      RenderButton {INPUT} at (96,8) size 53x13 [bgcolor=#F0F0F0] [border: (2px outset #F0F0F0)]
        RenderBlock (anonymous) at (8,3) size 37x7
          RenderText at (0,0) size 37x7
            text run at (0,0) width 37: "Test Button"
      RenderText {#text} at (149,3) size 4x18
        text run at (149,3) width 4: " "
      RenderButton {INPUT} at (153,7) size 54x15 [bgcolor=#F0F0F0] [border: (2px outset #F0F0F0)]
        RenderBlock (anonymous) at (8,3) size 38x9
          RenderText at (0,0) size 38x9
            text run at (0,0) width 38: "Test Button"
      RenderText {#text} at (207,3) size 4x18
        text run at (207,3) width 4: " "
      RenderButton {INPUT} at (211,6) size 63x16 [bgcolor=#F0F0F0] [border: (2px outset #F0F0F0)]
        RenderBlock (anonymous) at (8,3) size 47x10
          RenderText at (0,0) size 47x10
            text run at (0,0) width 47: "Test Button"
      RenderText {#text} at (274,3) size 4x18
        text run at (274,3) width 4: " "
      RenderButton {INPUT} at (278,5) size 70x17 [bgcolor=#F0F0F0] [border: (2px outset #F0F0F0)]
        RenderBlock (anonymous) at (8,3) size 54x11
          RenderText at (0,0) size 54x11
            text run at (0,0) width 54: "Test Button"
      RenderText {#text} at (348,3) size 4x18
        text run at (348,3) width 4: " "
      RenderButton {INPUT} at (352,4) size 72x18 [bgcolor=#F0F0F0] [border: (2px outset #F0F0F0)]
        RenderBlock (anonymous) at (8,3) size 56x12
          RenderText at (0,0) size 56x12
            text run at (0,0) width 56: "Test Button"
      RenderText {#text} at (424,3) size 4x18
        text run at (424,3) width 4: " "
      RenderButton {INPUT} at (428,3) size 77x20 [bgcolor=#F0F0F0] [border: (2px outset #F0F0F0)]
        RenderBlock (anonymous) at (8,3) size 61x14
          RenderText at (0,0) size 61x14
            text run at (0,0) width 61: "Test Button"
      RenderText {#text} at (505,3) size 4x18
        text run at (505,3) width 4: " "
      RenderButton {INPUT} at (509,2) size 83x21 [bgcolor=#F0F0F0] [border: (2px outset #F0F0F0)]
        RenderBlock (anonymous) at (8,3) size 67x15
          RenderText at (0,0) size 67x15
            text run at (0,0) width 67: "Test Button"
      RenderText {#text} at (592,3) size 4x18
        text run at (592,3) width 4: " "
      RenderButton {INPUT} at (596,1) size 89x22 [bgcolor=#F0F0F0] [border: (2px outset #F0F0F0)]
        RenderBlock (anonymous) at (8,3) size 73x16
          RenderText at (0,0) size 73x16
            text run at (0,0) width 73: "Test Button"
      RenderText {#text} at (685,3) size 4x18
        text run at (685,3) width 4: " "
      RenderButton {INPUT} at (689,0) size 91x23 [bgcolor=#F0F0F0] [border: (2px outset #F0F0F0)]
        RenderBlock (anonymous) at (8,3) size 75x17
          RenderText at (0,0) size 75x17
            text run at (0,0) width 75: "Test Button"
      RenderText {#text} at (780,3) size 4x18
        text run at (780,3) width 4: " "
      RenderButton {INPUT} at (0,27) size 97x24 [bgcolor=#F0F0F0] [border: (2px outset #F0F0F0)]
        RenderBlock (anonymous) at (8,3) size 81x18
          RenderText at (0,0) size 81x18
            text run at (0,0) width 81: "Test Button"
      RenderText {#text} at (97,31) size 4x18
        text run at (97,31) width 4: " "
      RenderButton {INPUT} at (101,26) size 102x26 [bgcolor=#F0F0F0] [border: (2px outset #F0F0F0)]
        RenderBlock (anonymous) at (8,3) size 86x20
          RenderText at (0,0) size 86x20
            text run at (0,0) width 86: "Test Button"
      RenderText {#text} at (203,31) size 4x18
        text run at (203,31) width 4: " "
      RenderButton {INPUT} at (207,25) size 108x27 [bgcolor=#F0F0F0] [border: (2px outset #F0F0F0)]
        RenderBlock (anonymous) at (8,3) size 92x21
          RenderText at (0,0) size 92x21
            text run at (0,0) width 92: "Test Button"
      RenderText {#text} at (315,31) size 4x18
        text run at (315,31) width 4: " "
      RenderButton {INPUT} at (319,24) size 115x28 [bgcolor=#F0F0F0] [border: (2px outset #F0F0F0)]
        RenderBlock (anonymous) at (8,3) size 99x22
          RenderText at (0,0) size 99x22
            text run at (0,0) width 99: "Test Button"
      RenderText {#text} at (434,31) size 4x18
        text run at (434,31) width 4: " "
      RenderButton {INPUT} at (438,24) size 118x28 [bgcolor=#F0F0F0] [border: (2px outset #F0F0F0)]
        RenderBlock (anonymous) at (8,3) size 102x22
          RenderText at (0,0) size 102x22
            text run at (0,0) width 102: "Test Button"
      RenderText {#text} at (556,31) size 4x18
        text run at (556,31) width 4: " "
      RenderButton {INPUT} at (560,23) size 126x29 [bgcolor=#F0F0F0] [border: (2px outset #F0F0F0)]
        RenderBlock (anonymous) at (8,3) size 110x23
          RenderText at (0,0) size 110x23
            text run at (0,0) width 110: "Test Button"
      RenderText {#text} at (0,0) size 0x0
