layer at (0,0) size 800x600
  RenderView at (0,0) size 800x600
layer at (0,0) size 800x600
  RenderBlock {HTML} at (0,0) size 800x600
    RenderBody {BODY} at (8,8) size 784x576
      RenderBlock (anonymous) at (0,0) size 784x18
        RenderText {#text} at (0,0) size 335x18
          text run at (0,0) width 335: "This tests the selection methods on the new text field."
      RenderBlock {P} at (0,34) size 784x25
        RenderTextControl {INPUT} at (2,2) size 150x21 [bgcolor=#FFFFFF] [border: (2px inset #000000)]
        RenderText {#text} at (0,0) size 0x0
      RenderBlock {DIV} at (0,75) size 784x486
        RenderBR {BR} at (0,0) size 0x18
        RenderText {#text} at (0,18) size 197x18
          text run at (0,18) width 197: "Test 1: setSelectionRange(0, 0)"
        RenderBR {BR} at (197,32) size 0x0
        RenderText {#text} at (0,36) size 47x18
          text run at (0,36) width 47: "Passed."
        RenderBR {BR} at (47,50) size 0x0
        RenderBR {BR} at (0,54) size 0x18
        RenderText {#text} at (0,72) size 161x18
          text run at (0,72) width 161: "Test 2: selectionEnd = 17"
        RenderBR {BR} at (161,86) size 0x0
        RenderText {#text} at (0,90) size 47x18
          text run at (0,90) width 47: "Passed."
        RenderBR {BR} at (47,104) size 0x0
        RenderBR {BR} at (0,108) size 0x18
        RenderText {#text} at (0,126) size 156x18
          text run at (0,126) width 156: "Test 3: selectionStart = 1"
        RenderBR {BR} at (156,140) size 0x0
        RenderText {#text} at (0,144) size 47x18
          text run at (0,144) width 47: "Passed."
        RenderBR {BR} at (47,158) size 0x0
        RenderBR {BR} at (0,162) size 0x18
        RenderText {#text} at (0,180) size 205x18
          text run at (0,180) width 205: "Test 4: setSelectionRange(10, 3)"
        RenderBR {BR} at (205,194) size 0x0
        RenderText {#text} at (0,198) size 47x18
          text run at (0,198) width 47: "Passed."
        RenderBR {BR} at (47,212) size 0x0
        RenderBR {BR} at (0,216) size 0x18
        RenderText {#text} at (0,234) size 153x18
          text run at (0,234) width 153: "Test 5: selectionEnd = 2"
        RenderBR {BR} at (153,248) size 0x0
        RenderText {#text} at (0,252) size 47x18
          text run at (0,252) width 47: "Passed."
        RenderBR {BR} at (47,266) size 0x0
        RenderBR {BR} at (0,270) size 0x18
        RenderText {#text} at (0,288) size 197x18
          text run at (0,288) width 197: "Test 6: setSelectionRange(5, 4)"
        RenderBR {BR} at (197,302) size 0x0
        RenderText {#text} at (0,306) size 47x18
          text run at (0,306) width 47: "Passed."
        RenderBR {BR} at (47,320) size 0x0
        RenderBR {BR} at (0,324) size 0x18
        RenderText {#text} at (0,342) size 207x18
          text run at (0,342) width 207: "Test 7: setSelectionRange(-5, -4)"
        RenderBR {BR} at (207,356) size 0x0
        RenderText {#text} at (0,360) size 47x18
          text run at (0,360) width 47: "Passed."
        RenderBR {BR} at (47,374) size 0x0
        RenderBR {BR} at (0,378) size 0x18
        RenderText {#text} at (0,396) size 210x18
          text run at (0,396) width 210: "Test 8: setSelectionRange(-5, 80)"
        RenderBR {BR} at (210,410) size 0x0
        RenderText {#text} at (0,414) size 47x18
          text run at (0,414) width 47: "Passed."
        RenderBR {BR} at (47,428) size 0x0
        RenderBR {BR} at (0,432) size 0x18
        RenderText {#text} at (0,450) size 205x18
          text run at (0,450) width 205: "Test 9: setSelectionRange(3, 12)"
        RenderBR {BR} at (205,464) size 0x0
        RenderText {#text} at (0,468) size 47x18
          text run at (0,468) width 47: "Passed."
        RenderBR {BR} at (47,482) size 0x0
      RenderBlock {P} at (0,577) size 784x0
layer at (12,47) size 146x15 scrollWidth 150
  RenderBlock {DIV} at (2,3) size 146x15
    RenderText {#text} at (0,0) size 149x15
      text run at (0,0) width 149: "123456789 ABCDEFGHIJ"
selection start: position 3 of child 0 {#text} of child 0 {DIV} of {#document-fragment} of child 1 {INPUT} of child 1 {P} of body
selection end:   position 12 of child 0 {#text} of child 0 {DIV} of {#document-fragment} of child 1 {INPUT} of child 1 {P} of body
