layer at (0,0) size 800x600
  RenderView at (0,0) size 800x600
layer at (0,0) size 800x600
  RenderBlock {HTML} at (0,0) size 800x600
    RenderBody {BODY} at (8,8) size 784x584
      RenderText {#text} at (0,0) size 397x18
        text run at (0,0) width 397: "This tests that text can not be inserted into a disabled text field. "
      RenderBR {BR} at (397,14) size 0x0
      RenderTextControl {INPUT} at (2,20) size 149x21 [bgcolor=#EBEBE4] [border: (2px inset #000000)]
      RenderText {#text} at (0,0) size 0x0
layer at (12,31) size 145x15
  RenderBlock {DIV} at (2,3) size 145x15 [color=#545454]
    RenderText {#text} at (0,0) size 73x15
      text run at (0,0) width 73: "Test Passed"
