layer at (0,0) size 800x600
  RenderView at (0,0) size 800x600
layer at (0,0) size 800x528
  RenderBlock {HTML} at (0,0) size 800x528
    RenderBody {BODY} at (8,8) size 784x512
      RenderBlock (anonymous) at (0,0) size 784x36
        RenderText {#text} at (0,0) size 597x18
          text run at (0,0) width 597: "This test verifies the visual alignment of items in a select element while changing text direction."
        RenderBR {BR} at (597,0) size 0x18
        RenderText {#text} at (0,18) size 426x18
          text run at (0,18) width 426: "All the items in the following select elements should be left-aligned."
      RenderTable {TABLE} at (0,36) size 704x140
        RenderTableSection {TBODY} at (0,0) size 704x140
          RenderTableRow {TR} at (0,2) size 704x67
            RenderTableCell {TD} at (2,2) size 165x67 [r=0 c=0 rs=1 cs=1]
              RenderListBox {SELECT} at (1,1) size 163x65 [bgcolor=#FFFFFF] [border: (1px inset #808080)]
            RenderTableCell {TD} at (169,2) size 182x67 [r=0 c=1 rs=1 cs=1]
              RenderListBox {SELECT} at (1,1) size 180x65 [bgcolor=#FFFFFF] [border: (1px inset #808080)]
            RenderTableCell {TD} at (353,2) size 165x67 [r=0 c=2 rs=1 cs=1]
              RenderListBox {SELECT} at (1,1) size 163x65 [bgcolor=#FFFFFF] [border: (1px inset #808080)]
            RenderTableCell {TD} at (520,2) size 182x67 [r=0 c=3 rs=1 cs=1]
              RenderListBox {SELECT} at (1,1) size 180x65 [bgcolor=#FFFFFF] [border: (1px inset #808080)]
          RenderTableRow {TR} at (0,71) size 704x67
            RenderTableCell {TD} at (2,71) size 165x67 [r=1 c=0 rs=1 cs=1]
              RenderListBox {SELECT} at (1,1) size 163x65 [bgcolor=#FFFFFF] [border: (1px inset #808080)]
            RenderTableCell {TD} at (169,71) size 182x67 [r=1 c=1 rs=1 cs=1]
              RenderListBox {SELECT} at (1,1) size 180x65 [bgcolor=#FFFFFF] [border: (1px inset #808080)]
      RenderBlock (anonymous) at (0,176) size 784x18
        RenderText {#text} at (0,0) size 435x18
          text run at (0,0) width 435: "All the items in the following select elements should be right-aligned."
      RenderTable {TABLE} at (0,194) size 696x140
        RenderTableSection {TBODY} at (0,0) size 696x140
          RenderTableRow {TR} at (0,2) size 696x67
            RenderTableCell {TD} at (2,2) size 172x67 [r=0 c=0 rs=1 cs=1]
              RenderListBox {SELECT} at (1,1) size 170x65 [bgcolor=#FFFFFF] [border: (1px inset #808080)]
            RenderTableCell {TD} at (176,2) size 171x67 [r=0 c=1 rs=1 cs=1]
              RenderListBox {SELECT} at (1,1) size 169x65 [bgcolor=#FFFFFF] [border: (1px inset #808080)]
            RenderTableCell {TD} at (349,2) size 172x67 [r=0 c=2 rs=1 cs=1]
              RenderListBox {SELECT} at (1,1) size 170x65 [bgcolor=#FFFFFF] [border: (1px inset #808080)]
            RenderTableCell {TD} at (523,2) size 171x67 [r=0 c=3 rs=1 cs=1]
              RenderListBox {SELECT} at (1,1) size 169x65 [bgcolor=#FFFFFF] [border: (1px inset #808080)]
          RenderTableRow {TR} at (0,71) size 696x67
            RenderTableCell {TD} at (2,71) size 172x67 [r=1 c=0 rs=1 cs=1]
              RenderListBox {SELECT} at (1,1) size 170x65 [bgcolor=#FFFFFF] [border: (1px inset #808080)]
            RenderTableCell {TD} at (176,71) size 171x67 [r=1 c=1 rs=1 cs=1]
              RenderListBox {SELECT} at (1,1) size 169x65 [bgcolor=#FFFFFF] [border: (1px inset #808080)]
      RenderBlock (anonymous) at (0,334) size 784x18
        RenderText {#text} at (0,0) size 444x18
          text run at (0,0) width 444: "All the items in the following select elements should be center-aligned."
      RenderTable {TABLE} at (0,352) size 738x71
        RenderTableSection {TBODY} at (0,0) size 738x71
          RenderTableRow {TR} at (0,2) size 738x67
            RenderTableCell {TD} at (2,2) size 183x67 [r=0 c=0 rs=1 cs=1]
              RenderListBox {SELECT} at (1,1) size 181x65 [bgcolor=#FFFFFF] [border: (1px inset #808080)]
            RenderTableCell {TD} at (187,2) size 181x67 [r=0 c=1 rs=1 cs=1]
              RenderListBox {SELECT} at (1,1) size 179x65 [bgcolor=#FFFFFF] [border: (1px inset #808080)]
            RenderTableCell {TD} at (370,2) size 183x67 [r=0 c=2 rs=1 cs=1]
              RenderListBox {SELECT} at (1,1) size 181x65 [bgcolor=#FFFFFF] [border: (1px inset #808080)]
            RenderTableCell {TD} at (555,2) size 181x67 [r=0 c=3 rs=1 cs=1]
              RenderListBox {SELECT} at (1,1) size 179x65 [bgcolor=#FFFFFF] [border: (1px inset #808080)]
      RenderBlock (anonymous) at (0,423) size 784x18
        RenderText {#text} at (0,0) size 290x18
          text run at (0,0) width 290: "The following tables check mixed alignments."
      RenderTable {TABLE} at (0,441) size 784x71
        RenderTableSection {TBODY} at (0,0) size 784x71
          RenderTableRow {TR} at (0,2) size 784x67
            RenderTableCell {TD} at (2,2) size 178x67 [r=0 c=0 rs=1 cs=1]
              RenderListBox {SELECT} at (1,1) size 176x65 [bgcolor=#FFFFFF] [border: (1px inset #808080)]
            RenderTableCell {TD} at (182,2) size 178x67 [r=0 c=1 rs=1 cs=1]
              RenderListBox {SELECT} at (1,1) size 176x65 [bgcolor=#FFFFFF] [border: (1px inset #808080)]
            RenderTableCell {TD} at (362,2) size 209x67 [r=0 c=2 rs=1 cs=1]
              RenderListBox {SELECT} at (1,1) size 207x65 [bgcolor=#FFFFFF] [border: (1px inset #808080)]
            RenderTableCell {TD} at (573,2) size 209x67 [r=0 c=3 rs=1 cs=1]
              RenderListBox {SELECT} at (1,1) size 207x65 [bgcolor=#FFFFFF] [border: (1px inset #808080)]
