layer at (0,0) size 800x600
  RenderView at (0,0) size 800x600
layer at (0,0) size 800x600
  RenderBlock {HTML} at (0,0) size 800x600
    RenderBody {BODY} at (8,8) size 784x584
      RenderBlock {P} at (0,0) size 784x36
        RenderText {#text} at (0,0) size 53x18
          text run at (0,0) width 53: "Test for "
        RenderInline {I} at (0,0) size 767x36
          RenderInline {A} at (0,0) size 301x18 [color=#0000EE]
            RenderText {#text} at (53,0) size 301x18
              text run at (53,0) width 301: "http://bugs.webkit.org/show_bug.cgi?id=13500"
          RenderText {#text} at (354,0) size 767x36
            text run at (354,0) width 4: " "
            text run at (358,0) width 409: "REGRESSION: Listbox scrollbar does not reflect actual scrolled"
            text run at (0,18) width 319: "position when selected option is added after layout"
        RenderText {#text} at (319,18) size 4x18
          text run at (319,18) width 4: "."
      RenderBlock {P} at (0,52) size 784x36
        RenderText {#text} at (0,0) size 780x36
          text run at (0,0) width 493: "The list box should be scrolled all the way down, showing the selected option "
          text run at (493,0) width 287: "\x{201C}Seven\x{201D}. The scroller should be at the bottom"
          text run at (0,18) width 102: "of the scroll bar "
          text run at (102,18) width 85: "to reflect this."
      RenderBlock (anonymous) at (0,104) size 784x69
        RenderListBox {SELECT} at (2,2) size 58x65 [bgcolor=#FFFFFF] [border: (1px inset #808080)]
        RenderText {#text} at (0,0) size 0x0
