layer at (0,0) size 800x600
  RenderView at (0,0) size 800x600
layer at (0,0) size 800x600
  RenderBlock {HTML} at (0,0) size 800x600
    RenderBody {BODY} at (8,8) size 784x584
      RenderBlock {P} at (0,0) size 784x40
        RenderText {#text} at (0,0) size 111x19
          text run at (0,0) width 111: "Rendering test for "
        RenderInline {I} at (0,0) size 765x39
          RenderInline {A} at (0,0) size 305x19 [color=#0000EE]
            RenderText {#text} at (111,0) size 305x19
              text run at (111,0) width 305: "http://bugs.webkit.org/show_bug.cgi?id=15156"
          RenderText {#text} at (416,0) size 765x39
            text run at (416,0) width 4: " "
            text run at (420,0) width 345: "REGRESSION (r24594-r24668): The bottom of styled"
            text run at (0,20) width 222: "<select> button text is clipped out"
        RenderText {#text} at (222,20) size 4x19
          text run at (222,20) width 4: "."
      RenderBlock (anonymous) at (0,56) size 784x30
        RenderMenuList {SELECT} at (2,0) size 48x30 [bgcolor=#FFFFFF] [border: (1px solid #000000)]
          RenderBlock (anonymous) at (1,4) size 46x22
            RenderText at (0,0) size 46x22
              text run at (0,0) width 46: "Apple"
        RenderText {#text} at (0,0) size 0x0
