layer at (0,0) size 800x600
  RenderView at (0,0) size 800x600
layer at (0,0) size 800x600
  RenderBlock {HTML} at (0,0) size 800x600
    RenderBody {BODY} at (8,8) size 784x584
      RenderBlock {DIV} at (0,0) size 784x6 [border: (3px solid #FFFFFF)]
      RenderBlock (anonymous) at (0,6) size 784x25
        RenderMenuList {SELECT} at (2,2) size 27x21 [bgcolor=#FFFFFF] [border: (1px solid #008000)]
          RenderBlock (anonymous) at (5,3) size 0x15
            RenderText at (0,0) size 0x15
              text run at (0,0) width 0: " "
        RenderText {#text} at (0,0) size 0x0
