layer at (0,0) size 800x600
  RenderView at (0,0) size 800x600
layer at (0,0) size 800x600
  RenderBlock {HTML} at (0,0) size 800x600
    RenderBody {BODY} at (8,8) size 784x576
      RenderBlock {P} at (0,0) size 784x18
        RenderText {#text} at (0,0) size 53x18
          text run at (0,0) width 53: "Test for "
        RenderInline {I} at (0,0) size 574x18
          RenderInline {A} at (0,0) size 301x18 [color=#0000EE]
            RenderText {#text} at (53,0) size 301x18
              text run at (53,0) width 301: "http://bugs.webkit.org/show_bug.cgi?id=11362"
          RenderText {#text} at (354,0) size 273x18
            text run at (354,0) width 4: " "
            text run at (358,0) width 269: "Native popup with size=\"1\" wraps options"
        RenderText {#text} at (627,0) size 4x18
          text run at (627,0) width 4: "."
      RenderBlock {P} at (0,34) size 784x21
        RenderText {#text} at (0,1) size 35x18
          text run at (0,1) width 35: "With "
        RenderInline {TT} at (0,0) size 64x15
          RenderText {#text} at (35,3) size 64x15
            text run at (35,3) width 64: "size=\"1\""
        RenderText {#text} at (99,1) size 8x18
          text run at (99,1) width 8: ": "
        RenderMenuList {SELECT} at (107,2) size 100x17 [bgcolor=#FFFFFF] [border: (1px solid #000000)]
          RenderBlock (anonymous) at (1,1) size 98x15
            RenderText at (0,0) size 183x15
              text run at (0,0) width 183: "Very long option that does not fit"
        RenderText {#text} at (0,0) size 0x0
      RenderBlock {P} at (0,71) size 784x21
        RenderText {#text} at (0,1) size 55x18
          text run at (0,1) width 55: "Without "
        RenderInline {TT} at (0,0) size 32x15
          RenderText {#text} at (55,3) size 32x15
            text run at (55,3) width 32: "size"
        RenderText {#text} at (87,1) size 8x18
          text run at (87,1) width 8: ": "
        RenderMenuList {SELECT} at (95,2) size 100x17 [bgcolor=#FFFFFF] [border: (1px solid #000000)]
          RenderBlock (anonymous) at (1,1) size 98x15
            RenderText at (0,0) size 183x15
              text run at (0,0) width 183: "Very long option that does not fit"
        RenderText {#text} at (0,0) size 0x0
