layer at (0,0) size 800x600
  RenderView at (0,0) size 800x600
layer at (0,0) size 800x600
  RenderBlock {HTML} at (0,0) size 800x600
    RenderBody {BODY} at (8,8) size 784x584
      RenderText {#text} at (0,0) size 479x19
        text run at (0,0) width 479: "This tests that select elements with a narrow width (1px) are rendered correctly."
      RenderBR {BR} at (479,15) size 0x0
      RenderMenuList {SELECT} at (0,22) size 25x20 [bgcolor=#FFFFFF]
        RenderBlock (anonymous) at (4,2) size 0x16
          RenderText at (0,0) size 21x16
            text run at (0,0) width 21: "test"
      RenderBR {BR} at (25,37) size 0x0
      RenderMenuList {SELECT} at (0,46) size 27x22 [bgcolor=#0000FF] [border: (1px solid #000000)]
        RenderBlock (anonymous) at (5,3) size 0x16
          RenderText at (0,0) size 21x16
            text run at (0,0) width 21: "test"
      RenderText {#text} at (0,0) size 0x0
