layer at (0,0) size 800x600
  RenderView at (0,0) size 800x600
layer at (0,0) size 800x600
  RenderBlock {HTML} at (0,0) size 800x600
    RenderBody {BODY} at (8,8) size 784x584
      RenderMenuList {SELECT} at (0,1) size 66x19 [bgcolor=#FFFFFF]
        RenderBlock (anonymous) at (4,2) size 41x15
          RenderText at (0,0) size 41x15
            text run at (0,0) width 41: "Default"
      RenderText {#text} at (66,1) size 4x18
        text run at (66,1) width 4: " "
      RenderMenuList {SELECT} at (70,1) size 48x19 [color=#FF0000] [bgcolor=#FFFFFF]
        RenderBlock (anonymous) at (4,2) size 23x15
          RenderText at (0,0) size 23x15
            text run at (0,0) width 23: "Red"
      RenderText {#text} at (118,1) size 4x18
        text run at (118,1) width 4: " "
      RenderMenuList {SELECT} at (122,0) size 120x21 [bgcolor=#008000] [border: (1px solid #000000)]
        RenderBlock (anonymous) at (5,3) size 93x15
          RenderText at (0,0) size 93x15
            text run at (0,0) width 93: "Default on green"
      RenderText {#text} at (242,1) size 4x18
        text run at (242,1) width 4: " "
      RenderMenuList {SELECT} at (246,0) size 102x21 [color=#FF0000] [bgcolor=#008000] [border: (1px solid #FF0000)]
        RenderBlock (anonymous) at (5,3) size 75x15
          RenderText at (0,0) size 75x15
            text run at (0,0) width 75: "Red on green"
      RenderText {#text} at (0,0) size 0x0
