layer at (0,0) size 800x600
  RenderView at (0,0) size 800x600
layer at (0,0) size 800x600
  RenderBlock {HTML} at (0,0) size 800x600
    RenderBody {BODY} at (8,8) size 784x584
      RenderMenuList {SELECT} at (0,0) size 254x17 [bgcolor=#FFFFFF]
        RenderBlock (anonymous) at (4,2) size 229x13
          RenderText at (0,0) size 229x13
            text run at (0,0) width 229: "No overflow should be allowed on popup menus!"
      RenderText {#text} at (0,0) size 0x0
