layer at (0,0) size 800x600
  RenderView at (0,0) size 800x600
layer at (0,0) size 800x600
  RenderBlock {HTML} at (0,0) size 800x600
    RenderBody {BODY} at (8,8) size 784x584
      RenderBlock {P} at (0,0) size 784x18
        RenderText {#text} at (0,0) size 403x18
          text run at (0,0) width 403: "All of these selects should have the same amount of whitespace."
      RenderBlock (anonymous) at (0,34) size 784x259
        RenderText {#text} at (0,44) size 71x18
          text run at (0,44) width 71: "Five Tabs: "
        RenderListBox {SELECT} at (71,0) size 78x65 [bgcolor=#FFFFFF] [border: (1px inset #808080)]
        RenderBR {BR} at (149,58) size 0x0
        RenderBR {BR} at (0,65) size 0x18
        RenderText {#text} at (0,127) size 84x18
          text run at (0,127) width 84: "Five Spaces: "
        RenderListBox {SELECT} at (84,83) size 78x65 [bgcolor=#FFFFFF] [border: (1px inset #808080)]
        RenderBR {BR} at (162,141) size 0x0
        RenderBR {BR} at (0,148) size 0x18
        RenderText {#text} at (0,166) size 298x18
          text run at (0,166) width 298: "Five Spaces (with leading/trailing whitespace): "
        RenderMenuList {SELECT} at (298,166) size 97x19 [bgcolor=#FFFFFF]
          RenderBlock (anonymous) at (4,2) size 72x15
            RenderText at (0,0) size 72x15
              text run at (0,0) width 72: "Five Spaces"
        RenderBR {BR} at (395,180) size 0x0
        RenderBR {BR} at (0,185) size 0x18
        RenderText {#text} at (0,203) size 285x18
          text run at (0,203) width 285: "Five Tabs (with leading/trailing whitespace): "
        RenderMenuList {SELECT} at (285,203) size 82x19 [bgcolor=#FFFFFF]
          RenderBlock (anonymous) at (4,2) size 57x15
            RenderText at (0,0) size 57x15
              text run at (0,0) width 57: "Five Tabs"
        RenderBR {BR} at (367,217) size 0x0
        RenderBR {BR} at (0,222) size 0x18
        RenderText {#text} at (0,240) size 126x18
          text run at (0,240) width 126: "Mixed Whitespace: "
        RenderMenuList {SELECT} at (126,240) size 82x19 [bgcolor=#FFFFFF]
          RenderBlock (anonymous) at (4,2) size 57x15
            RenderText at (0,0) size 57x15
              text run at (0,0) width 57: "Five Tabs"
        RenderText {#text} at (0,0) size 0x0
