layer at (0,0) size 800x600
  RenderView at (0,0) size 800x600
layer at (0,0) size 800x600
  RenderBlock {HTML} at (0,0) size 800x600
    RenderBody {BODY} at (8,8) size 784x584
      RenderTextControl {INPUT} at (2,2) size 161x21 [bgcolor=#FFFFFF] [border: (2px inset #000000)]
        RenderFlexibleBox {DIV} at (3,3) size 155x15
          RenderBlock {DIV} at (0,2) size 1x11
          RenderBlock {DIV} at (1,0) size 142x15
          RenderBlock {DIV} at (143,3) size 9x9
      RenderBR {BR} at (165,17) size 0x0
      RenderTextControl {INPUT} at (2,27) size 149x21 [bgcolor=#FFFFFF] [border: (2px inset #000000)]
      RenderBR {BR} at (153,42) size 0x0
      RenderTextControl {INPUT} at (2,52) size 161x21 [bgcolor=#FFFFFF] [border: (2px inset #000000)]
        RenderFlexibleBox {DIV} at (3,3) size 155x15
          RenderBlock {DIV} at (0,2) size 1x11
          RenderBlock {DIV} at (1,0) size 142x15
          RenderBlock {DIV} at (143,3) size 9x9
      RenderBR {BR} at (165,67) size 0x0
      RenderTextControl {INPUT} at (2,77) size 178x21 [bgcolor=#FFFFFF] [border: (2px inset #000000)]
        RenderFlexibleBox {DIV} at (3,3) size 172x15
          RenderBlock {DIV} at (2,1) size 18x13
          RenderBlock {DIV} at (23,0) size 137x15
          RenderBlock {DIV} at (160,3) size 9x9
      RenderBR {BR} at (182,92) size 0x0
      RenderBR {BR} at (183,138) size 0x0
      RenderTextControl {INPUT} at (2,140) size 149x35 [bgcolor=#FFFFFF] [border: (2px inset #000000)]
      RenderBR {BR} at (153,155) size 0x0
      RenderBR {BR} at (183,228) size 0x0
      RenderTextControl {INPUT} at (5,233) size 176x29 [bgcolor=#FFFFFF] [border: (5px solid #000000)]
      RenderBR {BR} at (186,253) size 0x0
      RenderTextControl {INPUT} at (2,269) size 149x31 [bgcolor=#FFFFFF] [border: (2px inset #000000)]
      RenderText {#text} at (153,275) size 4x18
        text run at (153,275) width 4: " "
      RenderTextControl {INPUT} at (159,269) size 149x31 [bgcolor=#FFFFFF] [border: (2px inset #000000)]
      RenderText {#text} at (310,275) size 4x18
        text run at (310,275) width 4: " "
      RenderBR {BR} at (314,289) size 0x0
      RenderTextControl {INPUT} at (2,304) size 149x21 [bgcolor=#FFFFFF] [border: (2px inset #000000)]
      RenderText {#text} at (153,305) size 4x18
        text run at (153,305) width 4: " "
      RenderTextControl {INPUT} at (159,304) size 149x21 [bgcolor=#FFFFFF] [border: (2px inset #000000)]
      RenderText {#text} at (310,305) size 4x18
        text run at (310,305) width 4: " "
      RenderTextControl {INPUT} at (316,304) size 149x21 [bgcolor=#FFFFFF] [border: (2px inset #000000)]
      RenderText {#text} at (467,305) size 4x18
        text run at (467,305) width 4: " "
      RenderBR {BR} at (471,319) size 0x0
      RenderBR {BR} at (153,358) size 0x0
layer at (14,13) size 142x15
  RenderBlock {DIV} at (4,3) size 142x15 [color=#A9A9A9]
    RenderText {#text} at (0,0) size 66x15
      text run at (0,0) width 66: "placeholder"
layer at (14,13) size 142x15
  RenderBlock {DIV} at (0,0) size 142x15
layer at (12,38) size 145x15
  RenderBlock {DIV} at (2,3) size 145x15 [color=#A9A9A9]
    RenderText {#text} at (0,0) size 66x15
      text run at (0,0) width 66: "placeholder"
layer at (12,38) size 145x15
  RenderBlock {DIV} at (2,3) size 145x15
layer at (14,63) size 142x15
  RenderBlock {DIV} at (4,3) size 142x15 [color=#A9A9A9]
    RenderText {#text} at (76,0) size 66x15
      text run at (76,0) width 66: "placeholder"
layer at (14,63) size 142x15
  RenderBlock {DIV} at (0,0) size 142x15
layer at (36,88) size 137x15
  RenderBlock {DIV} at (26,3) size 137x15 [color=#A9A9A9]
    RenderText {#text} at (0,0) size 66x15
      text run at (0,0) width 66: "placeholder"
layer at (36,88) size 137x15
  RenderBlock {DIV} at (0,0) size 137x15
layer at (10,110) size 179x34 clip at (11,111) size 177x32
  RenderTextControl {TEXTAREA} at (2,102) size 179x34 [bgcolor=#FFFFFF] [border: (1px solid #000000)]
    RenderBlock {DIV} at (3,3) size 175x15
    RenderBlock {DIV} at (3,3) size 175x15 [color=#A9A9A9]
      RenderText {#text} at (0,0) size 88x15
        text run at (0,0) width 88: "placeholder"
layer at (12,151) size 145x15
  RenderBlock {DIV} at (2,3) size 145x15 [color=#A9A9A9]
    RenderText {#text} at (0,0) size 66x15
      text run at (0,0) width 66: "placeholder"
layer at (12,151) size 145x15
  RenderBlock {DIV} at (2,3) size 145x15
layer at (10,187) size 179x47 clip at (11,188) size 177x45
  RenderTextControl {TEXTAREA} at (2,179) size 179x47 [bgcolor=#FFFFFF] [border: (1px solid #000000)]
    RenderBlock {DIV} at (3,16) size 175x15
    RenderBlock {DIV} at (3,16) size 175x15 [color=#A9A9A9]
      RenderText {#text} at (0,0) size 88x15
        text run at (0,0) width 88: "placeholder"
layer at (18,247) size 166x17
  RenderBlock {DIV} at (5,6) size 166x17 [color=#A9A9A9]
    RenderText {#text} at (0,0) size 75x17
      text run at (0,0) width 75: "placeholder"
layer at (18,247) size 166x17
  RenderBlock {DIV} at (5,6) size 166x17
layer at (12,280) size 145x25
  RenderBlock {DIV} at (2,3) size 145x25
    RenderText {#text} at (0,5) size 33x15
      text run at (0,5) width 33: "Value"
layer at (169,280) size 145x25
  RenderBlock {DIV} at (2,3) size 145x25 [color=#A9A9A9]
    RenderText {#text} at (0,5) size 66x15
      text run at (0,5) width 66: "placeholder"
layer at (169,280) size 145x25
  RenderBlock {DIV} at (2,3) size 145x25
layer at (12,315) size 145x15
  RenderBlock {DIV} at (2,3) size 145x15
    RenderText {#text} at (56,0) size 33x15
      text run at (56,0) width 33: "Value"
layer at (169,315) size 145x15
  RenderBlock {DIV} at (2,3) size 145x15 [color=#A9A9A9]
    RenderText {#text} at (39,0) size 67x15
      text run at (39,0) width 67: "placeholder"
layer at (169,315) size 145x15
  RenderBlock {DIV} at (2,3) size 145x15
layer at (326,315) size 145x15
  RenderBlock {DIV} at (2,3) size 145x15 [color=#A9A9A9]
    RenderText {#text} at (39,0) size 67x15
      text run at (39,0) width 67: "placeholder"
layer at (326,315) size 145x15
  RenderBlock {DIV} at (2,3) size 145x15
layer at (10,337) size 149x35
  RenderTextControl {INPUT} at (2,329) size 149x35 [bgcolor=#FFFFFF] [border: (2px inset #000000)]
layer at (12,354) size 145x15
  RenderBlock {DIV} at (2,17) size 145x15 [color=#A9A9A9]
    RenderText {#text} at (0,0) size 66x15
      text run at (0,0) width 66: "placeholder"
layer at (12,354) size 145x15
  RenderBlock {DIV} at (2,17) size 145x15
