layer at (0,0) size 800x600
  RenderView at (0,0) size 800x600
layer at (0,0) size 800x600
  RenderBlock {HTML} at (0,0) size 800x600
    RenderBody {BODY} at (8,8) size 784x576
      RenderBlock {P} at (0,0) size 784x18
        RenderText {#text} at (0,0) size 53x18
          text run at (0,0) width 53: "Test for "
        RenderInline {I} at (0,0) size 699x18
          RenderInline {A} at (0,0) size 301x18 [color=#0000EE]
            RenderText {#text} at (53,0) size 301x18
              text run at (53,0) width 301: "http://bugs.webkit.org/show_bug.cgi?id=11916"
          RenderText {#text} at (354,0) size 398x18
            text run at (354,0) width 4: " "
            text run at (358,0) width 394: "REGRESSION (SearchField): RTL search fields are mixed up"
        RenderText {#text} at (752,0) size 4x18
          text run at (752,0) width 4: "."
      RenderBlock {P} at (0,34) size 784x75
        RenderTextControl {INPUT} at (2,2) size 178x21 [bgcolor=#FFFFFF] [border: (2px inset #000000)]
          RenderFlexibleBox {DIV} at (3,3) size 172x15
            RenderBlock {DIV} at (2,1) size 18x13
            RenderBlock {DIV} at (23,0) size 137x15
            RenderBlock {DIV} at (160,3) size 9x9
        RenderText {#text} at (182,3) size 4x18
          text run at (182,3) width 4: " "
        RenderBR {BR} at (0,0) size 0x0
        RenderTextControl {INPUT} at (2,27) size 248x21 [bgcolor=#FFFFFF] [border: (2px inset #000000)]
          RenderFlexibleBox {DIV} at (3,3) size 242x15
            RenderBlock {DIV} at (2,1) size 18x13
            RenderBlock {DIV} at (23,0) size 207x15
            RenderBlock {DIV} at (230,3) size 9x9
        RenderText {#text} at (252,28) size 4x18
          text run at (252,28) width 4: " "
        RenderBR {BR} at (0,0) size 0x0
        RenderTextControl {INPUT} at (2,52) size 178x21 [bgcolor=#FFFFFF] [border: (2px inset #000000)]
          RenderFlexibleBox {DIV} at (3,3) size 172x15
            RenderBlock {DIV} at (2,1) size 18x13
            RenderBlock {DIV} at (23,0) size 137x15
            RenderBlock {DIV} at (160,3) size 9x9
        RenderText {#text} at (0,0) size 0x0
      RenderBlock {P} at (0,125) size 784x18
        RenderText {#text} at (0,0) size 39x18
          text run at (0,0) width 39: "PASS"
layer at (36,47) size 137x15 scrollX 7 scrollWidth 144
  RenderBlock {DIV} at (0,0) size 137x15
    RenderText {#text} at (-7,0) size 144x15
      text run at (-7,0) width 24 RTL: " \x{5D5}\x{5D6}\x{5D4}\x{5D5}"
      text run at (17,0) width 21: "she"
      text run at (38,0) width 46 RTL: " \x{5D5}\x{5D4}\x{5D9}\x{5D0} \x{5D6}\x{5D4} "
      text run at (84,0) width 14: "he"
      text run at (98,0) width 39 RTL: "\x{5D4}\x{5D5}\x{5D0} \x{5D6}\x{5D4} "
layer at (36,72) size 207x15
  RenderBlock {DIV} at (0,0) size 207x15
    RenderText {#text} at (63,0) size 144x15
      text run at (63,0) width 24 RTL: " \x{5D5}\x{5D6}\x{5D4}\x{5D5}"
      text run at (87,0) width 21: "she"
      text run at (108,0) width 46 RTL: " \x{5D5}\x{5D4}\x{5D9}\x{5D0} \x{5D6}\x{5D4} "
      text run at (154,0) width 14: "he"
      text run at (168,0) width 39 RTL: "\x{5D4}\x{5D5}\x{5D0} \x{5D6}\x{5D4} "
layer at (36,97) size 137x15
  RenderBlock {DIV} at (0,0) size 137x15
caret: position 0 of child 0 {DIV} of child 1 {DIV} of child 0 {DIV} of {#document-fragment} of child 9 {INPUT} of child 3 {P} of body
