layer at (0,0) size 800x600
  RenderView at (0,0) size 800x600
layer at (0,0) size 800x600
  RenderBlock {HTML} at (0,0) size 800x600
    RenderBody {BODY} at (8,8) size 784x576
      RenderBlock {P} at (0,0) size 784x36
        RenderText {#text} at (0,0) size 753x36
          text run at (0,0) width 420: "Test that search field text is vertically centered if the search field is "
          text run at (420,0) width 333: "taller than the text. In each of the following pairs of a"
          text run at (0,18) width 103: "search field and "
          text run at (103,18) width 356: "a text field, the vertical position of the text should be the "
          text run at (459,18) width 122: "same in both fields."
      RenderBlock {P} at (0,52) size 784x45
        RenderTextControl {INPUT} at (2,0) size 174x45 [bgcolor=#FFFFFF] [border: (2px inset #000000)]
          RenderFlexibleBox {DIV} at (3,3) size 168x39
            RenderBlock {DIV} at (2,13) size 13x13
            RenderBlock {DIV} at (18,12) size 138x15
            RenderBlock {DIV} at (156,15) size 9x9
        RenderText {#text} at (178,13) size 4x18
          text run at (178,13) width 4: " "
        RenderTextControl {INPUT} at (184,0) size 150x45 [bgcolor=#FFFFFF] [border: (2px inset #000000)]
        RenderText {#text} at (0,0) size 0x0
      RenderBlock {P} at (0,113) size 784x18
        RenderTextControl {INPUT} at (2,2) size 174x16 [bgcolor=#FFFFFF] [border: (2px inset #000000)]
          RenderFlexibleBox {DIV} at (3,0) size 168x16
            RenderBlock {DIV} at (2,1) size 13x13
            RenderBlock {DIV} at (18,0) size 138x15
            RenderBlock {DIV} at (156,3) size 9x9
        RenderText {#text} at (178,0) size 4x18
          text run at (178,0) width 4: " "
        RenderTextControl {INPUT} at (184,2) size 150x16 [bgcolor=#FFFFFF] [border: (2px inset #000000)]
        RenderText {#text} at (0,0) size 0x0
      RenderBlock {P} at (0,147) size 784x18
        RenderTextControl {INPUT} at (2,5) size 174x12 [bgcolor=#FFFFFF] [border: (2px inset #000000)]
          RenderFlexibleBox {DIV} at (3,0) size 168x12
            RenderBlock {DIV} at (2,0) size 13x13
            RenderBlock {DIV} at (18,3) size 138x6
            RenderBlock {DIV} at (156,1) size 9x10
        RenderText {#text} at (178,0) size 4x18
          text run at (178,0) width 4: " "
        RenderTextControl {INPUT} at (184,5) size 150x12 [bgcolor=#FFFFFF] [border: (2px inset #000000)]
        RenderText {#text} at (0,0) size 0x0
layer at (31,75) size 138x15
  RenderBlock {DIV} at (0,0) size 138x15
    RenderText {#text} at (0,0) size 26x15
      text run at (0,0) width 26: "Text"
layer at (194,75) size 146x15
  RenderBlock {DIV} at (2,15) size 146x15
    RenderText {#text} at (0,0) size 26x15
      text run at (0,0) width 26: "Text"
layer at (31,124) size 138x15
  RenderBlock {DIV} at (0,0) size 138x15
    RenderText {#text} at (0,0) size 26x15
      text run at (0,0) width 26: "Text"
layer at (194,124) size 146x15
  RenderBlock {DIV} at (2,0) size 146x16
    RenderText {#text} at (0,0) size 26x15
      text run at (0,0) width 26: "Text"
layer at (31,163) size 138x6 scrollHeight 15
  RenderBlock {DIV} at (0,0) size 138x6
    RenderText {#text} at (0,0) size 26x15
      text run at (0,0) width 26: "Text"
layer at (194,163) size 146x6 scrollHeight 15
  RenderBlock {DIV} at (2,3) size 146x6
    RenderText {#text} at (0,0) size 26x15
      text run at (0,0) width 26: "Text"
