layer at (0,0) size 800x600
  RenderView at (0,0) size 800x600
layer at (0,0) size 800x600
  RenderBlock {HTML} at (0,0) size 800x600
    RenderBody {BODY} at (8,8) size 784x584
      RenderBlock {P} at (0,0) size 784x18
        RenderText {#text} at (0,0) size 619x18
          text run at (0,0) width 619: "This tests that native pop-ups are rendered in logical order even in visually-ordered Hebrew pages."
      RenderBlock {HR} at (0,34) size 784x2 [border: (1px inset #000000)]
      RenderBlock {P} at (0,52) size 784x19
        RenderText {#text} at (0,1) size 391x18
          text run at (0,1) width 391: "Text on the pop-up and in the list should look like this: \x{5E8}\x{5D5}\x{5EA}\x{5E4}\x{5DB}"
      RenderBlock (anonymous) at (0,87) size 784x23
        RenderMenuList {SELECT} at (2,2) size 58x19 [bgcolor=#FFFFFF]
          RenderBlock (anonymous) at (4,2) size 33x15
            RenderText at (0,0) size 33x15
              text run at (0,0) width 33 RTL: "\x{5DB}\x{5E4}\x{5EA}\x{5D5}\x{5E8}"
        RenderText {#text} at (0,0) size 0x0
