layer at (0,0) size 800x600
  RenderView at (0,0) size 800x600
layer at (0,0) size 800x87
  RenderBlock {HTML} at (0,0) size 800x87
    RenderBody {BODY} at (8,8) size 784x63
      RenderTable {TABLE} at (0,0) size 57x29 [border: (1px outset #808080)]
        RenderTableSection {TBODY} at (1,1) size 55x27
          RenderTableRow {TR} at (0,2) size 55x23
            RenderTableCell {TD} at (2,2) size 51x23 [border: (1px inset #808080)] [r=0 c=0 rs=1 cs=1]
              RenderMenuList {SELECT} at (2,2) size 47x19 [bgcolor=#FFFFFF]
                RenderBlock (anonymous) at (4,2) size 22x15
                  RenderText at (0,0) size 22x15
                    text run at (0,0) width 22: "test"
      RenderBlock {P} at (0,45) size 784x18
        RenderText {#text} at (0,0) size 447x18
          text run at (0,0) width 447: "The select element in the table above must not spill outside of the table."
