layer at (0,0) size 800x600
  RenderView at (0,0) size 800x600
layer at (0,0) size 800x600
  RenderBlock {HTML} at (0,0) size 800x600
    RenderBody {BODY} at (8,8) size 784x584
      RenderText {#text} at (0,0) size 554x18
        text run at (0,0) width 250: "This tests that styled popups look right. "
        text run at (250,0) width 304: "(Aqua for now- later, we will honor the styling)."
      RenderBR {BR} at (554,14) size 0x0
      RenderMenuList {SELECT} at (0,18) size 49x21 [bgcolor=#FF0000] [border: (1px solid #000000)]
        RenderBlock (anonymous) at (5,3) size 22x15
          RenderText at (0,0) size 22x15
            text run at (0,0) width 22: "test"
      RenderText {#text} at (49,19) size 4x18
        text run at (49,19) width 4: " "
      RenderBR {BR} at (53,33) size 0x0
      RenderText {#text} at (0,39) size 528x18
        text run at (0,39) width 528: "This tests that background color is white by default regardless of the parent element."
      RenderBR {BR} at (528,53) size 0x0
      RenderInline {SPAN} at (0,0) size 61x28 [bgcolor=#FF0000]
        RenderText {#text} at (0,0) size 0x0
        RenderMenuList {SELECT} at (5,57) size 47x19 [bgcolor=#FFFFFF]
          RenderBlock (anonymous) at (4,2) size 22x15
            RenderText at (0,0) size 22x15
              text run at (0,0) width 22: "test"
        RenderText {#text} at (52,57) size 4x18
          text run at (52,57) width 4: " "
      RenderText {#text} at (0,0) size 0x0
      RenderBR {BR} at (0,0) size 0x0
      RenderText {#text} at (0,76) size 625x18
        text run at (0,76) width 625: "This tests that background color is inherited from the parent if background-color:inherit is specified."
      RenderBR {BR} at (625,90) size 0x0
      RenderInline {SPAN} at (0,0) size 63x28 [bgcolor=#FF0000]
        RenderText {#text} at (0,0) size 0x0
        RenderMenuList {SELECT} at (5,94) size 49x21 [border: (1px solid #000000)]
          RenderBlock (anonymous) at (5,3) size 22x15
            RenderText at (0,0) size 22x15
              text run at (0,0) width 22: "test"
        RenderText {#text} at (54,95) size 4x18
          text run at (54,95) width 4: " "
      RenderText {#text} at (0,0) size 0x0
      RenderBR {BR} at (0,0) size 0x0
      RenderText {#text} at (0,115) size 637x18
        text run at (0,115) width 637: "This tests that background color is the same as the parent if background-color:transparent is specified."
      RenderBR {BR} at (637,129) size 0x0
      RenderInline {SPAN} at (0,0) size 63x28 [bgcolor=#FF0000]
        RenderText {#text} at (0,0) size 0x0
        RenderMenuList {SELECT} at (5,133) size 49x21 [border: (1px solid #000000)]
          RenderBlock (anonymous) at (5,3) size 22x15
            RenderText at (0,0) size 22x15
              text run at (0,0) width 22: "test"
        RenderText {#text} at (54,134) size 4x18
          text run at (54,134) width 4: " "
      RenderText {#text} at (0,0) size 0x0
      RenderBR {BR} at (0,0) size 0x0
      RenderText {#text} at (0,154) size 498x18
        text run at (0,154) width 498: "This tests that background is white if only background-image:none is specified."
      RenderBR {BR} at (498,168) size 0x0
      RenderMenuList {SELECT} at (0,172) size 47x19 [bgcolor=#FFFFFF]
        RenderBlock (anonymous) at (4,2) size 22x15
          RenderText at (0,0) size 22x15
            text run at (0,0) width 22: "test"
      RenderText {#text} at (47,172) size 4x18
        text run at (47,172) width 4: " "
      RenderBR {BR} at (51,186) size 0x0
      RenderText {#text} at (0,191) size 418x18
        text run at (0,191) width 418: "This tests that the image specified for background-image is visible."
      RenderBR {BR} at (418,205) size 0x0
      RenderMenuList {SELECT} at (0,209) size 49x21 [bgcolor=#FFFFFF] [border: (1px solid #000000)]
        RenderBlock (anonymous) at (5,3) size 22x15
          RenderText at (0,0) size 22x15
            text run at (0,0) width 22: "test"
      RenderText {#text} at (0,0) size 0x0
