layer at (0,0) size 800x600
  RenderView at (0,0) size 800x600
layer at (0,0) size 800x600
  RenderBlock {HTML} at (0,0) size 800x600
    RenderBody {BODY} at (8,8) size 784x584
      RenderBlock {P} at (0,0) size 784x18
        RenderText {#text} at (0,0) size 575x18
          text run at (0,0) width 575: "The following select elements should all be rendered on the left, with their text left justified."
      RenderBlock (anonymous) at (0,34) size 784x95
        RenderMenuList {SELECT} at (0,0) size 300x19 [bgcolor=#FFFFFF]
          RenderBlock (anonymous) at (4,2) size 275x15
            RenderText at (0,0) size 169x15
              text run at (0,0) width 169: "This is should be left justified."
        RenderText {#text} at (300,0) size 4x18
          text run at (300,0) width 4: " "
        RenderBR {BR} at (0,0) size 0x0
        RenderMenuList {SELECT} at (0,19) size 300x19 [bgcolor=#FFFFFF]
          RenderBlock (anonymous) at (4,2) size 275x15
            RenderText at (0,0) size 169x15
              text run at (0,0) width 169: "This is should be left justified."
        RenderText {#text} at (300,19) size 4x18
          text run at (300,19) width 4: " "
        RenderBR {BR} at (0,0) size 0x0
        RenderMenuList {SELECT} at (0,38) size 300x19 [bgcolor=#FFFFFF]
          RenderBlock (anonymous) at (4,2) size 275x15
            RenderText at (0,0) size 169x15
              text run at (0,0) width 169: "This is should be left justified."
        RenderText {#text} at (300,38) size 4x18
          text run at (300,38) width 4: " "
        RenderBR {BR} at (0,0) size 0x0
        RenderMenuList {SELECT} at (0,57) size 300x19 [bgcolor=#FFFFFF]
          RenderBlock (anonymous) at (4,2) size 275x15
            RenderText at (0,0) size 169x15
              text run at (0,0) width 169: "This is should be left justified."
        RenderText {#text} at (300,57) size 4x18
          text run at (300,57) width 4: " "
        RenderBR {BR} at (0,0) size 0x0
        RenderMenuList {SELECT} at (0,76) size 300x19 [bgcolor=#FFFFFF]
          RenderBlock (anonymous) at (4,2) size 275x15
            RenderText at (0,0) size 169x15
              text run at (0,0) width 169: "This is should be left justified."
        RenderText {#text} at (0,0) size 0x0
        RenderText {#text} at (0,0) size 0x0
      RenderBlock {DIV} at (0,129) size 784x19
        RenderMenuList {SELECT} at (0,0) size 300x19 [bgcolor=#FFFFFF]
          RenderBlock (anonymous) at (4,2) size 275x15
            RenderText at (0,0) size 169x15
              text run at (0,0) width 169: "This is should be left justified."
