layer at (0,0) size 800x600
  RenderView at (0,0) size 800x600
layer at (0,0) size 800x600
  RenderBlock {HTML} at (0,0) size 800x600
    RenderBody {BODY} at (8,8) size 784x584
      RenderBlock {P} at (0,0) size 784x36
        RenderText {#text} at (0,0) size 53x18
          text run at (0,0) width 53: "Test for "
        RenderInline {I} at (0,0) size 710x36
          RenderInline {A} at (0,0) size 301x18 [color=#0000EE]
            RenderText {#text} at (53,0) size 301x18
              text run at (53,0) width 301: "http://bugs.webkit.org/show_bug.cgi?id=13775"
          RenderText {#text} at (354,0) size 710x36
            text run at (354,0) width 4: " "
            text run at (358,0) width 352: "REGRESSION: Popup button text should use \"natural\""
            text run at (0,18) width 324: "directionality to match the items in the popup menu"
        RenderText {#text} at (324,18) size 4x18
          text run at (324,18) width 4: "."
      RenderBlock {P} at (0,52) size 784x19
        RenderText {#text} at (0,1) size 664x18
          text run at (0,1) width 508: "In all of the popup buttons below, the letter A should be on the left and the letter "
          text run at (508,1) width 11 RTL: "\x{5D0}"
          text run at (518,1) width 146: " should be on the right."
      RenderBlock {DIV} at (0,87) size 784x46
        RenderBlock {DIV} at (0,0) size 784x23
          RenderMenuList {SELECT} at (0,2) size 70x19 [bgcolor=#FFFFFF]
            RenderBlock (anonymous) at (4,2) size 45x15
              RenderText at (0,0) size 17x15
                text run at (0,0) width 8 RTL: "\x{5D0}"
                text run at (8,0) width 9: "A"
          RenderText {#text} at (70,2) size 4x18
            text run at (70,2) width 4: " "
          RenderMenuList {SELECT} at (74,2) size 70x19 [bgcolor=#FFFFFF]
            RenderBlock (anonymous) at (4,2) size 45x15
              RenderText at (0,0) size 17x15
                text run at (0,0) width 9: "A"
                text run at (9,0) width 8 RTL: "\x{5D0}"
          RenderText {#text} at (144,2) size 4x18
            text run at (144,2) width 4: " "
          RenderMenuList {SELECT} at (148,2) size 70x19 [bgcolor=#FFFFFF]
            RenderBlock (anonymous) at (4,2) size 45x15
              RenderText at (0,0) size 21x15
                text run at (0,0) width 4: "("
                text run at (4,0) width 8 RTL: "\x{5D0}"
                text run at (12,0) width 9: "A"
          RenderText {#text} at (218,2) size 4x18
            text run at (218,2) width 4: " "
          RenderMenuList {SELECT} at (222,2) size 70x19 [bgcolor=#FFFFFF]
            RenderBlock (anonymous) at (4,2) size 45x15
              RenderText at (0,0) size 21x15
                text run at (0,0) width 13: "(A"
                text run at (13,0) width 8 RTL: "\x{5D0}"
          RenderText {#text} at (0,0) size 0x0
        RenderBlock {DIV} at (0,23) size 784x23
          RenderMenuList {SELECT} at (492,2) size 70x19 [bgcolor=#FFFFFF]
            RenderBlock (anonymous) at (4,2) size 45x15
              RenderText at (0,0) size 17x15
                text run at (0,0) width 8 RTL: "\x{5D0}"
                text run at (8,0) width 9: "A"
          RenderText {#text} at (562,2) size 4x18
            text run at (562,2) width 4: " "
          RenderMenuList {SELECT} at (566,2) size 70x19 [bgcolor=#FFFFFF]
            RenderBlock (anonymous) at (4,2) size 45x15
              RenderText at (0,0) size 17x15
                text run at (0,0) width 9: "A"
                text run at (9,0) width 8 RTL: "\x{5D0}"
          RenderText {#text} at (636,2) size 4x18
            text run at (636,2) width 4: " "
          RenderMenuList {SELECT} at (640,2) size 70x19 [bgcolor=#FFFFFF]
            RenderBlock (anonymous) at (4,2) size 45x15
              RenderText at (0,0) size 21x15
                text run at (0,0) width 4: "("
                text run at (4,0) width 8 RTL: "\x{5D0}"
                text run at (12,0) width 9: "A"
          RenderText {#text} at (710,2) size 4x18
            text run at (710,2) width 4: " "
          RenderMenuList {SELECT} at (714,2) size 70x19 [bgcolor=#FFFFFF]
            RenderBlock (anonymous) at (4,2) size 45x15
              RenderText at (0,0) size 21x15
                text run at (0,0) width 13: "(A"
                text run at (13,0) width 8 RTL: "\x{5D0}"
          RenderText {#text} at (0,0) size 0x0
      RenderBlock {DIV} at (0,133) size 784x46
        RenderBlock {DIV} at (0,0) size 784x23
          RenderMenuList {SELECT} at (222,2) size 70x19 [bgcolor=#FFFFFF]
            RenderBlock (anonymous) at (21,2) size 45x15
              RenderText at (28,0) size 17x15
                text run at (28,0) width 9: "A"
                text run at (37,0) width 8 RTL: "\x{5D0}"
          RenderText {#text} at (218,2) size 4x18
            text run at (218,2) width 4 RTL: " "
          RenderMenuList {SELECT} at (148,2) size 70x19 [bgcolor=#FFFFFF]
            RenderBlock (anonymous) at (21,2) size 45x15
              RenderText at (28,0) size 17x15
                text run at (28,0) width 8 RTL: "\x{5D0}"
                text run at (36,0) width 9: "A"
          RenderText {#text} at (144,2) size 4x18
            text run at (144,2) width 4 RTL: " "
          RenderMenuList {SELECT} at (74,2) size 70x19 [bgcolor=#FFFFFF]
            RenderBlock (anonymous) at (21,2) size 45x15
              RenderText at (24,0) size 21x15
                text run at (24,0) width 9: "A"
                text run at (33,0) width 12 RTL: "(\x{5D0}"
          RenderText {#text} at (70,2) size 4x18
            text run at (70,2) width 4 RTL: " "
          RenderMenuList {SELECT} at (0,2) size 70x19 [bgcolor=#FFFFFF]
            RenderBlock (anonymous) at (21,2) size 45x15
              RenderText at (24,0) size 21x15
                text run at (24,0) width 8 RTL: "\x{5D0}"
                text run at (32,0) width 9: "A"
                text run at (41,0) width 4 RTL: "("
          RenderText {#text} at (0,0) size 0x0
        RenderBlock {DIV} at (0,23) size 784x23
          RenderMenuList {SELECT} at (714,2) size 70x19 [bgcolor=#FFFFFF]
            RenderBlock (anonymous) at (21,2) size 45x15
              RenderText at (28,0) size 17x15
                text run at (28,0) width 9: "A"
                text run at (37,0) width 8 RTL: "\x{5D0}"
          RenderText {#text} at (710,2) size 4x18
            text run at (710,2) width 4 RTL: " "
          RenderMenuList {SELECT} at (640,2) size 70x19 [bgcolor=#FFFFFF]
            RenderBlock (anonymous) at (21,2) size 45x15
              RenderText at (28,0) size 17x15
                text run at (28,0) width 8 RTL: "\x{5D0}"
                text run at (36,0) width 9: "A"
          RenderText {#text} at (636,2) size 4x18
            text run at (636,2) width 4 RTL: " "
          RenderMenuList {SELECT} at (566,2) size 70x19 [bgcolor=#FFFFFF]
            RenderBlock (anonymous) at (21,2) size 45x15
              RenderText at (24,0) size 21x15
                text run at (24,0) width 9: "A"
                text run at (33,0) width 12 RTL: "(\x{5D0}"
          RenderText {#text} at (562,2) size 4x18
            text run at (562,2) width 4 RTL: " "
          RenderMenuList {SELECT} at (492,2) size 70x19 [bgcolor=#FFFFFF]
            RenderBlock (anonymous) at (21,2) size 45x15
              RenderText at (24,0) size 21x15
                text run at (24,0) width 8 RTL: "\x{5D0}"
                text run at (32,0) width 9: "A"
                text run at (41,0) width 4 RTL: "("
          RenderText {#text} at (0,0) size 0x0
