layer at (0,0) size 800x600
  RenderView at (0,0) size 800x600
layer at (0,0) size 800x600
  RenderBlock {HTML} at (0,0) size 800x600
    RenderBody {BODY} at (8,8) size 784x576
      RenderBlock {P} at (0,0) size 784x36
        RenderText {#text} at (0,0) size 53x18
          text run at (0,0) width 53: "Test for "
        RenderInline {I} at (0,0) size 772x36
          RenderInline {A} at (0,0) size 301x18 [color=#0000EE]
            RenderText {#text} at (53,0) size 301x18
              text run at (53,0) width 301: "http://bugs.webkit.org/show_bug.cgi?id=13896"
          RenderText {#text} at (354,0) size 772x36
            text run at (354,0) width 4: " "
            text run at (358,0) width 414: "REGRESSION (NativePopup): Reproductible crasher on Google"
            text run at (0,18) width 123: "Coop control panel"
        RenderText {#text} at (123,18) size 4x18
          text run at (123,18) width 4: "."
      RenderBlock {P} at (0,52) size 784x18
        RenderText {#text} at (0,0) size 180x18
          text run at (0,0) width 180: "No crash means SUCCESS."
