layer at (0,0) size 800x600
  RenderView at (0,0) size 800x600
layer at (0,0) size 800x40
  RenderBlock {HTML} at (0,0) size 800x40
    RenderBody {BODY} at (8,8) size 784x24
      RenderMenuList {SELECT} at (2,2) size 25x20 [bgcolor=#FFFFFF]
        RenderBlock (anonymous) at (4,2) size 0x16
          RenderText at (0,0) size 0x16
            text run at (0,0) width 0: " "
      RenderText {#text} at (0,0) size 0x0
