layer at (0,0) size 800x600
  RenderView at (0,0) size 800x600
layer at (0,0) size 800x600
  RenderBlock {HTML} at (0,0) size 800x600
    RenderBody {BODY} at (8,8) size 784x584
      RenderMenuList {SELECT} at (0,0) size 61x19 [bgcolor=#FFFFFF]
        RenderBlock (anonymous) at (4,2) size 36x15
          RenderText at (0,0) size 24x15
            text run at (0,0) width 24: "One"
      RenderBR {BR} at (61,14) size 0x0
      RenderMenuList {SELECT} at (0,19) size 61x19 [bgcolor=#FFFFFF]
        RenderBlock (anonymous) at (4,2) size 36x15
          RenderText at (0,0) size 24x15
            text run at (0,0) width 24: "One"
      RenderText {#text} at (0,0) size 0x0
