layer at (0,0) size 800x600
  RenderView at (0,0) size 800x600
layer at (0,0) size 800x600
  RenderBlock {HTML} at (0,0) size 800x600
    RenderBody {BODY} at (8,8) size 784x584
      RenderBlock {DIV} at (0,0) size 784x36
        RenderText {#text} at (0,0) size 778x36
          text run at (0,0) width 778: "This text area should be drawn with a reasonable width. To match IE, using GDI fonts it should wrap at 66 characters (after"
          text run at (0,18) width 532: "the X in the third set of digits). See https://bugs.webkit.org/show_bug.cgi?id=15312."
      RenderBlock (anonymous) at (0,36) size 784x262
        RenderBR {BR} at (0,0) size 0x18
        RenderText {#text} at (0,0) size 0x0
layer at (8,62) size 547x244 clip at (9,63) size 545x242
  RenderTextControl {TEXTAREA} at (0,18) size 547x244 [color=#333333] [bgcolor=#FFFFFF] [border: (1px solid #333333)]
    RenderBlock {DIV} at (3,3) size 543x36
      RenderText {#text} at (0,0) size 543x24
        text run at (0,0) width 543: "1234567890abcdefghijABCDEFGHIJ1234567890abcdefghijABCDEFGHIJ12345X7890abcdefghijABCDEFGXIJ12"
        text run at (0,12) width 165: "34567890abcdefghijABCDEFGHIJ"
        text run at (165,12) width 0: " "
      RenderBR {BR} at (0,24) size 0x12
