layer at (0,0) size 800x600
  RenderView at (0,0) size 800x600
layer at (0,0) size 800x600
  RenderBlock {HTML} at (0,0) size 800x600
    RenderBody {BODY} at (8,8) size 784x584
      RenderBlock {P} at (0,0) size 784x18
        RenderText {#text} at (0,0) size 624x18
          text run at (0,0) width 624: "The following textarea elements should all be rendered on the left, with their text aligned to the left."
      RenderBlock (anonymous) at (0,34) size 784x148
        RenderText {#text} at (419,20) size 4x18
          text run at (419,20) width 4: " "
        RenderBR {BR} at (0,0) size 0x0
        RenderText {#text} at (419,58) size 4x18
          text run at (419,58) width 4: " "
        RenderBR {BR} at (0,0) size 0x0
        RenderText {#text} at (419,96) size 4x18
          text run at (419,96) width 4: " "
        RenderBR {BR} at (0,0) size 0x0
        RenderText {#text} at (0,0) size 0x0
        RenderText {#text} at (0,0) size 0x0
      RenderBlock {DIV} at (0,182) size 784x34
layer at (8,42) size 419x34 clip at (9,43) size 417x32
  RenderTextControl {TEXTAREA} at (0,0) size 419x34 [bgcolor=#FFFFFF] [border: (1px solid #000000)]
    RenderBlock {DIV} at (3,3) size 415x15
      RenderText {#text} at (0,0) size 304x15
        text run at (0,0) width 304: "This is should be aligned to the left."
layer at (8,80) size 419x34 clip at (9,81) size 417x32
  RenderTextControl {TEXTAREA} at (0,38) size 419x34 [bgcolor=#FFFFFF] [border: (1px solid #000000)]
    RenderBlock {DIV} at (3,3) size 415x15
      RenderText {#text} at (0,0) size 304x15
        text run at (0,0) width 304: "This is should be aligned to the left."
layer at (8,118) size 419x34 clip at (9,119) size 417x32
  RenderTextControl {TEXTAREA} at (0,76) size 419x34 [bgcolor=#FFFFFF] [border: (1px solid #000000)]
    RenderBlock {DIV} at (3,3) size 415x15
      RenderText {#text} at (0,0) size 304x15
        text run at (0,0) width 304: "This is should be aligned to the left."
layer at (8,156) size 419x34 clip at (9,157) size 417x32
  RenderTextControl {TEXTAREA} at (0,114) size 419x34 [bgcolor=#FFFFFF] [border: (1px solid #000000)]
    RenderBlock {DIV} at (3,3) size 415x15
      RenderText {#text} at (0,0) size 304x15
        text run at (0,0) width 304: "This is should be aligned to the left."
layer at (8,190) size 419x34 clip at (9,191) size 417x32
  RenderTextControl {TEXTAREA} at (0,0) size 419x34 [bgcolor=#FFFFFF] [border: (1px solid #000000)]
    RenderBlock {DIV} at (3,3) size 415x15
      RenderText {#text} at (0,0) size 304x15
        text run at (0,0) width 304: "This is should be aligned to the left."
