layer at (0,0) size 800x600
  RenderView at (0,0) size 800x600
layer at (0,0) size 800x600
  RenderBlock {HTML} at (0,0) size 800x600
    RenderBody {BODY} at (8,8) size 784x584
      RenderText {#text} at (0,0) size 522x19
        text run at (0,0) width 522: "This tests that a negative outline-offset won't get in the way of a cursor in a text control."
      RenderBR {BR} at (522,15) size 0x0
      RenderTextControl {INPUT} at (2,22) size 231x29 [bgcolor=#FFFFFF] [border: (1px solid #000000)]
      RenderText {#text} at (0,0) size 0x0
layer at (11,32) size 229x25
  RenderBlock {DIV} at (1,2) size 229x25
    RenderText {#text} at (0,0) size 32x25
      text run at (0,0) width 32: "abc"
caret: position 3 of child 0 {#text} of child 0 {DIV} of {#document-fragment} of child 3 {INPUT} of body
