layer at (0,0) size 800x600
  RenderView at (0,0) size 800x600
layer at (0,0) size 800x600
  RenderBlock {HTML} at (0,0) size 800x600
    RenderBody {BODY} at (8,8) size 784x584
      RenderText {#text} at (0,0) size 328x18
        text run at (0,0) width 328: "This tests that you can set the placeholder text color."
      RenderBR {BR} at (328,14) size 0x0
      RenderText {#text} at (179,38) size 4x18
        text run at (179,38) width 4: " "
      RenderText {#text} at (362,38) size 4x18
        text run at (362,38) width 4: " "
      RenderText {#text} at (545,38) size 4x18
        text run at (545,38) width 4: " "
      RenderText {#text} at (0,0) size 0x0
layer at (8,26) size 179x34 clip at (9,27) size 177x32
  RenderTextControl {TEXTAREA} at (0,18) size 179x34 [bgcolor=#FFFFFF] [border: (1px solid #000000)]
    RenderBlock {DIV} at (3,3) size 175x15
    RenderBlock {DIV} at (3,3) size 175x15 [color=#640000]
      RenderText {#text} at (0,0) size 32x15
        text run at (0,0) width 32: "text"
layer at (191,26) size 179x34 clip at (192,27) size 177x32
  RenderTextControl {TEXTAREA} at (183,18) size 179x34 [bgcolor=#EBEBE4] [border: (1px solid #000000)]
    RenderBlock {DIV} at (3,3) size 175x15 [color=#545454]
    RenderBlock {DIV} at (3,3) size 175x15 [color=#640000]
      RenderText {#text} at (0,0) size 104x15
        text run at (0,0) width 104: "disabled text"
layer at (374,26) size 179x34 clip at (375,27) size 177x32
  RenderTextControl {TEXTAREA} at (366,18) size 179x34 [bgcolor=#FFFFFF] [border: (1px solid #000000)]
    RenderBlock {DIV} at (3,3) size 175x15
    RenderBlock {DIV} at (3,3) size 175x15 [color=#A9A9A9]
      RenderText {#text} at (0,0) size 56x15
        text run at (0,0) width 56: "default"
layer at (557,26) size 179x34 clip at (558,27) size 177x32
  RenderTextControl {TEXTAREA} at (549,18) size 179x34 [bgcolor=#EBEBE4] [border: (1px solid #000000)]
    RenderBlock {DIV} at (3,3) size 175x15 [color=#545454]
    RenderBlock {DIV} at (3,3) size 175x15 [color=#A9A9A9]
      RenderText {#text} at (0,0) size 128x15
        text run at (0,0) width 128: "default disabled"
