layer at (0,0) size 800x600
  RenderView at (0,0) size 800x600
layer at (0,0) size 800x600
  RenderBlock {HTML} at (0,0) size 800x600
    RenderBody {BODY} at (8,8) size 784x584
      RenderBlock {P} at (0,0) size 784x36
        RenderText {#text} at (0,0) size 212x18
          text run at (0,0) width 212: "This tests for a regression against "
        RenderInline {I} at (0,0) size 770x36
          RenderInline {A} at (0,0) size 348x18 [color=#0000EE]
            RenderText {#text} at (212,0) size 348x18
              text run at (212,0) width 348: "http://bugzilla.opendarwin.org/show_bug.cgi?id=8076"
          RenderText {#text} at (560,0) size 770x36
            text run at (560,0) width 210: " REGRESSION: native text fields"
            text run at (0,18) width 250: "are reversed on \"visual Hebrew\" pages"
        RenderText {#text} at (250,18) size 4x18
          text run at (250,18) width 4: "."
      RenderBlock {HR} at (0,52) size 784x2 [border: (1px inset #000000)]
      RenderBlock {P} at (0,70) size 784x19
        RenderText {#text} at (0,1) size 282x18
          text run at (0,1) width 282: "Text in the field should look like this: \x{5E8}\x{5D5}\x{5EA}\x{5E4}\x{5DB}"
      RenderBlock (anonymous) at (0,105) size 784x25
        RenderTextControl {INPUT} at (2,2) size 150x21 [bgcolor=#FFFFFF] [border: (2px inset #000000)]
        RenderText {#text} at (0,0) size 0x0
layer at (12,118) size 146x15
  RenderBlock {DIV} at (2,3) size 146x15
    RenderText {#text} at (0,0) size 33x15
      text run at (0,0) width 33 RTL: "\x{5DB}\x{5E4}\x{5EA}\x{5D5}\x{5E8}"
