layer at (0,0) size 800x600
  RenderView at (0,0) size 800x600
layer at (0,0) size 800x600
  RenderBlock {HTML} at (0,0) size 800x600
    RenderBody {BODY} at (8,8) size 784x576
      RenderBlock (anonymous) at (0,0) size 784x38
        RenderText {#text} at (0,1) size 779x36
          text run at (0,1) width 575: "The following tests text iteration over RTL text embedded with LTR text. "
          text run at (574,1) width 205: "TextIterators are used for"
          text run at (0,20) width 246: "find, spellcheck, and .innerText"
      RenderBlock {HR} at (0,46) size 784x2 [border: (1px inset #000000)]
      RenderBlock (anonymous) at (0,56) size 784x19
        RenderText {#text} at (0,1) size 169x17
          text run at (0,1) width 169: "Embedded Numbers:"
      RenderBlock {DIV} at (0,75) size 784x18 [color=#0000FF]
        RenderText {#text} at (0,0) size 132x17
          text run at (0,0) width 67: "Testing ("
          text run at (66,0) width 16 RTL: "\x{5DF}\x{5DE}"
          text run at (81,0) width 11: "3"
          text run at (91,0) width 35 RTL: "\x{5D7}\x{5D5}\x{5D3}\x{5D0}"
          text run at (125,0) width 7: ")"
      RenderBlock (anonymous) at (0,93) size 784x19
        RenderText {#text} at (0,1) size 124x17
          text run at (0,1) width 124: "Embedded LTR:"
      RenderBlock {DIV} at (0,112) size 784x18 [color=#0000FF]
        RenderText {#text} at (0,0) size 160x17
          text run at (0,0) width 67: "Testing ("
          text run at (66,0) width 35 RTL: "\x{5D7}\x{5D5}\x{5D3}\x{5D0}"
          text run at (100,0) width 39: "hello"
          text run at (138,0) width 16 RTL: "\x{5DF}\x{5DE}"
          text run at (153,0) width 7: ")"
      RenderBlock (anonymous) at (0,130) size 784x19
        RenderText {#text} at (0,1) size 232x17
          text run at (0,1) width 232: "Embedded Numbers and LTR"
      RenderBlock {DIV} at (0,149) size 784x18 [color=#0000FF]
        RenderText {#text} at (0,0) size 152x17
          text run at (0,0) width 67: "Testing ("
          text run at (66,0) width 28 RTL: "\x{5E7}\x{5E7}\x{5E8}"
          text run at (93,0) width 11: "3"
          text run at (103,0) width 33 RTL: "\x{5D9}\x{5E7}\x{5DD}\x{5DC}"
          text run at (135,0) width 17: "h)"
      RenderBlock (anonymous) at (0,167) size 784x19
        RenderText {#text} at (0,1) size 273x17
          text run at (0,1) width 273: "Embedded Numbers with spacing:"
      RenderBlock {DIV} at (0,186) size 784x18 [color=#0000FF]
        RenderText {#text} at (0,0) size 287x17
          text run at (0,0) width 67: "Testing ("
          text run at (66,0) width 40 RTL: " \x{5D7}\x{5D5}\x{5D3}\x{5D0}"
          text run at (105,0) width 31: "300"
          text run at (135,0) width 55 RTL: "\x{5D7}\x{5D5}\x{5D3}\x{5D0}\x{5DF}\x{5DE} "
          text run at (189,0) width 51: "34023"
          text run at (239,0) width 42 RTL: "\x{5D9}\x{5E7}\x{5DA}\x{5DA}\x{5DD}"
          text run at (280,0) width 7: ")"
      RenderBlock (anonymous) at (0,204) size 784x19
        RenderText {#text} at (0,1) size 76x17
          text run at (0,1) width 76: "Plain LTR:"
      RenderBlock {DIV} at (0,223) size 784x19 [color=#0000FF]
        RenderText {#text} at (0,1) size 111x17
          text run at (0,1) width 111: "Testing (hello)"
      RenderBlock (anonymous) at (0,242) size 784x19
        RenderText {#text} at (0,1) size 228x17
          text run at (0,1) width 228: "Embedded LTR with spacing:"
      RenderBlock {DIV} at (0,261) size 784x18 [color=#0000FF]
        RenderText {#text} at (0,0) size 205x17
          text run at (0,0) width 67: "Testing ("
          text run at (66,0) width 66 RTL: "\x{5D7}\x{5D5}\x{5D3}\x{5D9}\x{5E7}\x{5DA}\x{5DA}\x{5DD}"
          text run at (131,0) width 49: " hello "
          text run at (179,0) width 20 RTL: "\x{5DF}\x{5DE}\x{5D9}"
          text run at (198,0) width 7: ")"
      RenderBlock (anonymous) at (0,279) size 784x19
        RenderText {#text} at (0,1) size 205x17
          text run at (0,1) width 205: "Mixed but not embedded:"
      RenderBlock {DIV} at (0,298) size 784x18 [color=#0000FF]
        RenderText {#text} at (0,0) size 150x17
          text run at (0,0) width 105: "Testing (hello"
          text run at (104,0) width 40 RTL: "\x{5D7}\x{5D5}\x{5D3}\x{5DF}\x{5DE}"
          text run at (143,0) width 7: ")"
      RenderBlock (anonymous) at (0,316) size 784x19
        RenderText {#text} at (0,1) size 205x17
          text run at (0,1) width 205: "Mixed but not embedded:"
      RenderBlock {DIV} at (0,335) size 784x18 [color=#0000FF]
        RenderText {#text} at (0,0) size 150x17
          text run at (0,0) width 67: "Testing ("
          text run at (66,0) width 40 RTL: "\x{5D7}\x{5D5}\x{5D3}\x{5DF}\x{5DE}"
          text run at (105,0) width 45: "hello)"
      RenderBlock {OL} at (0,369) size 784x0
