layer at (0,0) size 800x600
  RenderView at (0,0) size 800x600
layer at (0,0) size 800x517
  RenderBlock {HTML} at (0,0) size 800x517
    RenderBody {BODY} at (8,21) size 784x480
      RenderBlock {H1} at (0,0) size 784x38
        RenderText {#text} at (0,1) size 571x36
          text run at (0,1) width 571: "Bidirectional Text Test 2 - HTML"
      RenderBlock {P} at (0,59) size 784x20
        RenderText {#text} at (0,1) size 167x17
          text run at (0,1) width 167: "This test is based on "
        RenderInline {A} at (0,0) size 143x17 [color=#0000EE]
          RenderText {#text} at (167,1) size 143x17
            text run at (167,1) width 143: "CSS2 section 9.10"
        RenderText {#text} at (310,1) size 40x17
          text run at (310,1) width 40: " and "
        RenderInline {A} at (0,0) size 79x17 [color=#0000EE]
          RenderText {#text} at (350,1) size 79x17
            text run at (350,1) width 79: "Chapter 3"
        RenderText {#text} at (429,1) size 57x17
          text run at (429,1) width 57: " of the "
        RenderInline {A} at (0,0) size 143x17 [color=#0000EE]
          RenderText {#text} at (486,1) size 143x17
            text run at (486,1) width 143: "Unicode Standard"
        RenderText {#text} at (628,1) size 6x17
          text run at (628,1) width 6: "."
      RenderBlock {PRE} at (0,94) size 784x0
      RenderBlock {P} at (0,94) size 784x20
        RenderText {#text} at (0,1) size 360x17
          text run at (0,1) width 360: "In each box, all the lines should be the same."
      RenderBlock (anonymous) at (0,129) size 784x236
        RenderBlock {DIV} at (3,7) size 101x171 [border: (1px solid #008000)]
          RenderBlock {P} at (4,4) size 93x18
            RenderText {#text} at (0,0) size 93x17
              text run at (0,0) width 93: "ABCDEFGHI"
          RenderBlock {P} at (4,22) size 93x18
            RenderText {#text} at (0,0) size 93x17
              text run at (0,0) width 93: "ABCDEFGHI"
          RenderBlock {P} at (4,40) size 93x18
            RenderText {#text} at (0,0) size 33x17
              text run at (0,0) width 33: "ABC"
            RenderInline {SPAN} at (0,0) size 32x17
              RenderText {#text} at (32,0) size 32x17
                text run at (32,0) width 32: "DEF"
            RenderText {#text} at (63,0) size 30x17
              text run at (63,0) width 30: "GHI"
          RenderBlock {P} at (4,58) size 93x18
            RenderText {#text} at (0,0) size 93x17
              text run at (0,0) width 93 RTL override: "IHGFEDCBA"
          RenderBlock {P} at (4,76) size 93x18
            RenderText {#text} at (64,0) size 29x17
              text run at (64,0) width 29 RTL override: "IHG"
            RenderInline {SPAN} at (0,0) size 31x17
              RenderText {#text} at (33,0) size 31x17
                text run at (33,0) width 31 RTL override: "FED"
            RenderText {#text} at (0,0) size 33x17
              text run at (0,0) width 33 RTL override: "CBA"
          RenderBlock {P} at (4,94) size 93x18
            RenderText {#text} at (64,0) size 29x17
              text run at (64,0) width 29 RTL override: "IHG"
            RenderInline {SPAN} at (0,0) size 31x17
              RenderText {#text} at (33,0) size 31x17
                text run at (33,0) width 31: "DEF"
            RenderText {#text} at (0,0) size 33x17
              text run at (0,0) width 33 RTL override: "CBA"
          RenderBlock {P} at (4,112) size 93x18
            RenderText {#text} at (64,0) size 29x17
              text run at (64,0) width 29 RTL override: "IHG"
            RenderInline {BDO} at (0,0) size 31x17
              RenderText {#text} at (33,0) size 31x17
                text run at (33,0) width 31 RTL override: "FED"
            RenderText {#text} at (0,0) size 33x17
              text run at (0,0) width 33 RTL override: "CBA"
          RenderBlock {P} at (4,130) size 93x18
            RenderText {#text} at (64,0) size 29x17
              text run at (64,0) width 29 RTL override: "IHG"
            RenderInline {SPAN} at (0,0) size 31x17
              RenderText {#text} at (33,0) size 31x17
                text run at (33,0) width 31 RTL override: "FED"
            RenderText {#text} at (0,0) size 33x17
              text run at (0,0) width 33 RTL override: "CBA"
          RenderBlock {P} at (4,148) size 93x18
            RenderText {#text} at (64,0) size 29x17
              text run at (64,0) width 29 RTL override: "IHG"
            RenderInline {BDO} at (0,0) size 31x17
              RenderText {#text} at (33,0) size 31x17
                text run at (33,0) width 31 LTR override: "DEF"
            RenderText {#text} at (0,0) size 33x17
              text run at (0,0) width 33 RTL override: "CBA"
        RenderText {#text} at (107,83) size 5x17
          text run at (107,83) width 5: " "
        RenderBlock {DIV} at (115,52) size 35x81 [border: (1px solid #008000)]
          RenderTable {TABLE} at (4,4) size 27x18
            RenderTableSection {TBODY} at (0,0) size 27x18
              RenderTableRow {TR} at (0,0) size 27x18
                RenderTableCell {TD} at (0,0) size 7x18 [r=0 c=0 rs=1 cs=1]
                  RenderText {#text} at (0,0) size 7x17
                    text run at (0,0) width 7 RTL: "\x{5D2}"
                RenderTableCell {TD} at (7,0) size 10x18 [r=0 c=1 rs=1 cs=1]
                  RenderText {#text} at (0,0) size 10x17
                    text run at (0,0) width 10 RTL: "\x{5D1}"
                RenderTableCell {TD} at (17,0) size 10x18 [r=0 c=2 rs=1 cs=1]
                  RenderText {#text} at (0,0) size 10x17
                    text run at (0,0) width 10 RTL: "\x{5D0}"
          RenderBlock {P} at (4,22) size 27x18
            RenderText {#text} at (0,0) size 27x17
              text run at (0,0) width 27 RTL: "\x{5D0}\x{5D1}\x{5D2}"
          RenderBlock {P} at (4,40) size 27x18
            RenderText {#text} at (0,0) size 27x17
              text run at (0,0) width 27 RTL: "\x{5D0}\x{5D1}\x{5D2}"
          RenderBlock {P} at (4,58) size 27x18
            RenderText {#text} at (0,0) size 27x17
              text run at (0,0) width 27 LTR override: "\x{5D2}\x{5D1}\x{5D0}"
        RenderText {#text} at (153,83) size 5x17
          text run at (153,83) width 5: " "
        RenderBlock {DIV} at (161,60) size 101x65 [border: (1px solid #008000)]
          RenderTable {TABLE} at (4,4) size 93x18
            RenderTableSection {TBODY} at (0,0) size 93x18
              RenderTableRow {TR} at (0,0) size 93x18
                RenderTableCell {TD} at (0,0) size 7x18 [r=0 c=0 rs=1 cs=1]
                  RenderText {#text} at (0,0) size 7x17
                    text run at (0,0) width 7 RTL: "\x{5D2}"
                RenderTableCell {TD} at (7,0) size 10x18 [r=0 c=1 rs=1 cs=1]
                  RenderText {#text} at (0,0) size 10x17
                    text run at (0,0) width 10 RTL: "\x{5D1}"
                RenderTableCell {TD} at (17,0) size 10x18 [r=0 c=2 rs=1 cs=1]
                  RenderText {#text} at (0,0) size 10x17
                    text run at (0,0) width 10 RTL: "\x{5D0}"
                RenderTableCell {TD} at (27,0) size 5x18 [r=0 c=3 rs=1 cs=1]
                  RenderText {#text} at (0,0) size 5x17
                    text run at (0,0) width 5: " "
                RenderTableCell {TD} at (32,0) size 11x18 [r=0 c=4 rs=1 cs=1]
                  RenderText {#text} at (0,0) size 11x17
                    text run at (0,0) width 11: "A"
                RenderTableCell {TD} at (43,0) size 11x18 [r=0 c=5 rs=1 cs=1]
                  RenderText {#text} at (0,0) size 11x17
                    text run at (0,0) width 11: "B"
                RenderTableCell {TD} at (54,0) size 11x18 [r=0 c=6 rs=1 cs=1]
                  RenderText {#text} at (0,0) size 11x17
                    text run at (0,0) width 11: "C"
                RenderTableCell {TD} at (65,0) size 5x18 [r=0 c=7 rs=1 cs=1]
                  RenderText {#text} at (0,0) size 5x17
                    text run at (0,0) width 5: " "
                RenderTableCell {TD} at (70,0) size 4x18 [r=0 c=8 rs=1 cs=1]
                  RenderText {#text} at (0,0) size 4x17
                    text run at (0,0) width 4 RTL: "\x{5D5}"
                RenderTableCell {TD} at (74,0) size 10x18 [r=0 c=9 rs=1 cs=1]
                  RenderText {#text} at (0,0) size 10x17
                    text run at (0,0) width 10 RTL: "\x{5D4}"
                RenderTableCell {TD} at (84,0) size 9x18 [r=0 c=10 rs=1 cs=1]
                  RenderText {#text} at (0,0) size 9x17
                    text run at (0,0) width 9 RTL: "\x{5D3}"
          RenderBlock {P} at (4,22) size 93x19
            RenderText {#text} at (0,1) size 93x17
              text run at (0,1) width 27 RTL: "\x{5D0}\x{5D1}\x{5D2}"
              text run at (27,1) width 43: " ABC "
              text run at (69,1) width 24 RTL: "\x{5D3}\x{5D4}\x{5D5}"
          RenderBlock {P} at (4,41) size 93x19
            RenderText {#text} at (0,1) size 93x17
              text run at (0,1) width 32 RTL: " \x{5D0}\x{5D1}\x{5D2}"
              text run at (32,1) width 33: "ABC"
              text run at (64,1) width 29 RTL: "\x{5D3}\x{5D4}\x{5D5} "
        RenderText {#text} at (265,83) size 5x17
          text run at (265,83) width 5: " "
        RenderBlock {DIV} at (273,3) size 168x178 [border: (1px solid #008000)]
          RenderTable {TABLE} at (4,4) size 160x18
            RenderTableSection {TBODY} at (0,0) size 160x18
              RenderTableRow {TR} at (0,0) size 160x18
                RenderTableCell {TD} at (0,0) size 7x18 [r=0 c=0 rs=1 cs=1]
                  RenderText {#text} at (0,0) size 7x17
                    text run at (0,0) width 7 RTL: "\x{5D2}"
                RenderTableCell {TD} at (7,0) size 10x18 [r=0 c=1 rs=1 cs=1]
                  RenderText {#text} at (0,0) size 10x17
                    text run at (0,0) width 10 RTL: "\x{5D1}"
                RenderTableCell {TD} at (17,0) size 10x18 [r=0 c=2 rs=1 cs=1]
                  RenderText {#text} at (0,0) size 10x17
                    text run at (0,0) width 10 RTL: "\x{5D0}"
                RenderTableCell {TD} at (27,0) size 5x18 [r=0 c=3 rs=1 cs=1]
                  RenderText {#text} at (0,0) size 5x17
                    text run at (0,0) width 5: " "
                RenderTableCell {TD} at (32,0) size 11x18 [r=0 c=4 rs=1 cs=1]
                  RenderText {#text} at (0,0) size 11x17
                    text run at (0,0) width 11: "A"
                RenderTableCell {TD} at (43,0) size 11x18 [r=0 c=5 rs=1 cs=1]
                  RenderText {#text} at (0,0) size 11x17
                    text run at (0,0) width 11: "B"
                RenderTableCell {TD} at (54,0) size 11x18 [r=0 c=6 rs=1 cs=1]
                  RenderText {#text} at (0,0) size 11x17
                    text run at (0,0) width 11: "C"
                RenderTableCell {TD} at (65,0) size 5x18 [r=0 c=7 rs=1 cs=1]
                  RenderText {#text} at (0,0) size 5x17
                    text run at (0,0) width 5: " "
                RenderTableCell {TD} at (70,0) size 4x18 [r=0 c=8 rs=1 cs=1]
                  RenderText {#text} at (0,0) size 4x17
                    text run at (0,0) width 4 RTL: "\x{5D5}"
                RenderTableCell {TD} at (74,0) size 10x18 [r=0 c=9 rs=1 cs=1]
                  RenderText {#text} at (0,0) size 10x17
                    text run at (0,0) width 10 RTL: "\x{5D4}"
                RenderTableCell {TD} at (84,0) size 9x18 [r=0 c=10 rs=1 cs=1]
                  RenderText {#text} at (0,0) size 9x17
                    text run at (0,0) width 9 RTL: "\x{5D3}"
                RenderTableCell {TD} at (93,0) size 5x18 [r=0 c=11 rs=1 cs=1]
                  RenderText {#text} at (0,0) size 5x17
                    text run at (0,0) width 5: " "
                RenderTableCell {TD} at (98,0) size 12x18 [r=0 c=12 rs=1 cs=1]
                  RenderText {#text} at (0,0) size 12x17
                    text run at (0,0) width 12: "D"
                RenderTableCell {TD} at (110,0) size 10x18 [r=0 c=13 rs=1 cs=1]
                  RenderText {#text} at (0,0) size 10x17
                    text run at (0,0) width 10: "E"
                RenderTableCell {TD} at (120,0) size 9x18 [r=0 c=14 rs=1 cs=1]
                  RenderText {#text} at (0,0) size 9x17
                    text run at (0,0) width 9: "F"
                RenderTableCell {TD} at (129,0) size 5x18 [r=0 c=15 rs=1 cs=1]
                  RenderText {#text} at (0,0) size 5x17
                    text run at (0,0) width 5: " "
                RenderTableCell {TD} at (134,0) size 10x18 [r=0 c=16 rs=1 cs=1]
                  RenderText {#text} at (0,0) size 10x17
                    text run at (0,0) width 10 RTL: "\x{5D8}"
                RenderTableCell {TD} at (144,0) size 11x18 [r=0 c=17 rs=1 cs=1]
                  RenderText {#text} at (0,0) size 11x17
                    text run at (0,0) width 11 RTL: "\x{5D7}"
                RenderTableCell {TD} at (155,0) size 5x18 [r=0 c=18 rs=1 cs=1]
                  RenderText {#text} at (0,0) size 5x17
                    text run at (0,0) width 5 RTL: "\x{5D6}"
          RenderBlock {P} at (4,22) size 160x19
            RenderText {#text} at (0,1) size 159x17
              text run at (0,1) width 27 RTL: "\x{5D0}\x{5D1}\x{5D2}"
              text run at (27,1) width 43: " ABC "
              text run at (69,1) width 24 RTL: "\x{5D3}\x{5D4}\x{5D5}"
              text run at (92,1) width 42: " DEF "
              text run at (133,1) width 26 RTL: "\x{5D6}\x{5D7}\x{5D8}"
          RenderBlock {P} at (4,41) size 160x19
            RenderText {#text} at (0,1) size 32x17
              text run at (0,1) width 27 RTL: "\x{5D0}\x{5D1}\x{5D2}"
              text run at (27,1) width 5: " "
            RenderInline {SPAN} at (0,0) size 61x17
              RenderText {#text} at (32,1) size 61x17
                text run at (32,1) width 38: "ABC "
                text run at (69,1) width 24 RTL: "\x{5D3}\x{5D4}\x{5D5}"
            RenderText {#text} at (92,1) size 67x17
              text run at (92,1) width 42: " DEF "
              text run at (133,1) width 26 RTL: "\x{5D6}\x{5D7}\x{5D8}"
          RenderBlock {P} at (4,60) size 160x19
            RenderText {#text} at (0,1) size 32x17
              text run at (0,1) width 27 RTL: "\x{5D0}\x{5D1}\x{5D2}"
              text run at (27,1) width 5: " "
            RenderInline {SPAN} at (0,0) size 97x17
              RenderText {#text} at (32,1) size 97x17
                text run at (32,1) width 38: "ABC "
                text run at (69,1) width 24 RTL: "\x{5D3}\x{5D4}\x{5D5}"
                text run at (92,1) width 37: " DEF"
            RenderText {#text} at (128,1) size 31x17
              text run at (128,1) width 6: " "
              text run at (133,1) width 26 RTL: "\x{5D6}\x{5D7}\x{5D8}"
          RenderBlock {P} at (4,79) size 160x19
            RenderText {#text} at (128,1) size 31x17
              text run at (128,1) width 31 RTL: "\x{5D6}\x{5D7}\x{5D8} "
            RenderInline {SPAN} at (0,0) size 97x17
              RenderText {#text} at (32,1) size 97x17
                text run at (32,1) width 33: "ABC"
                text run at (64,1) width 34 RTL: " \x{5D3}\x{5D4}\x{5D5} "
                text run at (97,1) width 32: "DEF"
            RenderText {#text} at (0,1) size 32x17
              text run at (0,1) width 32 RTL: " \x{5D0}\x{5D1}\x{5D2}"
          RenderBlock {P} at (4,98) size 160x19
            RenderText {#text} at (64,1) size 29x17
              text run at (64,1) width 29 RTL: "\x{5D3}\x{5D4}\x{5D5} "
            RenderInline {SPAN} at (0,0) size 65x17
              RenderText {#text} at (0,1) size 65x17
                text run at (0,1) width 32 RTL: " \x{5D0}\x{5D1}\x{5D2}"
                text run at (32,1) width 33: "ABC"
            RenderText {#text} at (92,1) size 67x17
              text run at (92,1) width 42: " DEF "
              text run at (133,1) width 26 RTL: "\x{5D6}\x{5D7}\x{5D8}"
          RenderBlock {P} at (4,117) size 160x19
            RenderText {#text} at (65,1) size 28x17
              text run at (65,1) width 28 RTL: "\x{5D3}\x{5D4}\x{5D5} "
            RenderInline {BDO} at (0,0) size 65x17
              RenderText {#text} at (0,1) size 65x17
                text run at (0,1) width 65 RTL override: "CBA \x{5D0}\x{5D1}\x{5D2}"
            RenderText {#text} at (92,1) size 68x17
              text run at (92,1) width 42: " DEF "
              text run at (133,1) width 27 RTL: "\x{5D6}\x{5D7}\x{5D8}"
          RenderBlock {P} at (4,136) size 160x19
            RenderText {#text} at (0,1) size 32x17
              text run at (0,1) width 27 RTL: "\x{5D0}\x{5D1}\x{5D2}"
              text run at (27,1) width 5: " "
            RenderInline {BDO} at (0,0) size 61x17
              RenderText {#text} at (32,1) size 61x17
                text run at (32,1) width 61 LTR override: "ABC \x{5D5}\x{5D4}\x{5D3}"
            RenderText {#text} at (92,1) size 68x17
              text run at (92,1) width 42: " DEF "
              text run at (133,1) width 27 RTL: "\x{5D6}\x{5D7}\x{5D8}"
          RenderBlock {P} at (4,155) size 160x19
            RenderText {#text} at (128,1) size 32x17
              text run at (128,1) width 32 RTL: "\x{5D6}\x{5D7}\x{5D8} "
            RenderInline {BDO} at (0,0) size 61x17
              RenderText {#text} at (32,1) size 61x17
                text run at (32,1) width 61 LTR override: "ABC \x{5D5}\x{5D4}\x{5D3}"
            RenderText {#text} at (0,1) size 129x17
              text run at (0,1) width 32 RTL: " \x{5D0}\x{5D1}\x{5D2}"
              text run at (92,1) width 37: " DEF"
        RenderText {#text} at (444,83) size 5x17
          text run at (444,83) width 5: " "
        RenderBlock {DIV} at (452,70) size 202x46 [border: (1px solid #008000)]
          RenderTable {TABLE} at (4,4) size 194x18
            RenderTableSection {TBODY} at (0,0) size 194x18
              RenderTableRow {TR} at (0,0) size 194x18
                RenderTableCell {TD} at (0,0) size 7x18 [r=0 c=0 rs=1 cs=1]
                  RenderText {#text} at (0,0) size 7x17
                    text run at (0,0) width 7 RTL: "\x{5D2}"
                RenderTableCell {TD} at (7,0) size 10x18 [r=0 c=1 rs=1 cs=1]
                  RenderText {#text} at (0,0) size 10x17
                    text run at (0,0) width 10 RTL: "\x{5D1}"
                RenderTableCell {TD} at (17,0) size 10x18 [r=0 c=2 rs=1 cs=1]
                  RenderText {#text} at (0,0) size 10x17
                    text run at (0,0) width 10 RTL: "\x{5D0}"
                RenderTableCell {TD} at (27,0) size 5x18 [r=0 c=3 rs=1 cs=1]
                  RenderText {#text} at (0,0) size 5x17
                    text run at (0,0) width 5: " "
                RenderTableCell {TD} at (32,0) size 11x18 [r=0 c=4 rs=1 cs=1]
                  RenderText {#text} at (0,0) size 11x17
                    text run at (0,0) width 11: "A"
                RenderTableCell {TD} at (43,0) size 11x18 [r=0 c=5 rs=1 cs=1]
                  RenderText {#text} at (0,0) size 11x17
                    text run at (0,0) width 11: "B"
                RenderTableCell {TD} at (54,0) size 11x18 [r=0 c=6 rs=1 cs=1]
                  RenderText {#text} at (0,0) size 11x17
                    text run at (0,0) width 11: "C"
                RenderTableCell {TD} at (65,0) size 5x18 [r=0 c=7 rs=1 cs=1]
                  RenderText {#text} at (0,0) size 5x17
                    text run at (0,0) width 5: " "
                RenderTableCell {TD} at (70,0) size 4x18 [r=0 c=8 rs=1 cs=1]
                  RenderText {#text} at (0,0) size 4x17
                    text run at (0,0) width 4 RTL: "\x{5D5}"
                RenderTableCell {TD} at (74,0) size 10x18 [r=0 c=9 rs=1 cs=1]
                  RenderText {#text} at (0,0) size 10x17
                    text run at (0,0) width 10 RTL: "\x{5D4}"
                RenderTableCell {TD} at (84,0) size 9x18 [r=0 c=10 rs=1 cs=1]
                  RenderText {#text} at (0,0) size 9x17
                    text run at (0,0) width 9 RTL: "\x{5D3}"
                RenderTableCell {TD} at (93,0) size 5x18 [r=0 c=11 rs=1 cs=1]
                  RenderText {#text} at (0,0) size 5x17
                    text run at (0,0) width 5: " "
                RenderTableCell {TD} at (98,0) size 12x18 [r=0 c=12 rs=1 cs=1]
                  RenderText {#text} at (0,0) size 12x17
                    text run at (0,0) width 12: "D"
                RenderTableCell {TD} at (110,0) size 10x18 [r=0 c=13 rs=1 cs=1]
                  RenderText {#text} at (0,0) size 10x17
                    text run at (0,0) width 10: "E"
                RenderTableCell {TD} at (120,0) size 9x18 [r=0 c=14 rs=1 cs=1]
                  RenderText {#text} at (0,0) size 9x17
                    text run at (0,0) width 9: "F"
                RenderTableCell {TD} at (129,0) size 5x18 [r=0 c=15 rs=1 cs=1]
                  RenderText {#text} at (0,0) size 5x17
                    text run at (0,0) width 5: " "
                RenderTableCell {TD} at (134,0) size 12x18 [r=0 c=16 rs=1 cs=1]
                  RenderText {#text} at (0,0) size 12x17
                    text run at (0,0) width 12: "G"
                RenderTableCell {TD} at (146,0) size 12x18 [r=0 c=17 rs=1 cs=1]
                  RenderText {#text} at (0,0) size 12x17
                    text run at (0,0) width 12: "H"
                RenderTableCell {TD} at (158,0) size 5x18 [r=0 c=18 rs=1 cs=1]
                  RenderText {#text} at (0,0) size 5x17
                    text run at (0,0) width 5: "I"
                RenderTableCell {TD} at (163,0) size 5x18 [r=0 c=19 rs=1 cs=1]
                  RenderText {#text} at (0,0) size 5x17
                    text run at (0,0) width 5: " "
                RenderTableCell {TD} at (168,0) size 10x18 [r=0 c=20 rs=1 cs=1]
                  RenderText {#text} at (0,0) size 10x17
                    text run at (0,0) width 10 RTL: "\x{5D8}"
                RenderTableCell {TD} at (178,0) size 11x18 [r=0 c=21 rs=1 cs=1]
                  RenderText {#text} at (0,0) size 11x17
                    text run at (0,0) width 11 RTL: "\x{5D7}"
                RenderTableCell {TD} at (189,0) size 5x18 [r=0 c=22 rs=1 cs=1]
                  RenderText {#text} at (0,0) size 5x17
                    text run at (0,0) width 5 RTL: "\x{5D6}"
          RenderBlock {P} at (4,22) size 194x19
            RenderText {#text} at (0,1) size 193x17
              text run at (0,1) width 27 RTL: "\x{5D0}\x{5D1}\x{5D2}"
              text run at (27,1) width 43: " ABC "
              text run at (69,1) width 24 RTL: "\x{5D3}\x{5D4}\x{5D5}"
              text run at (92,1) width 76: " DEF GHI "
              text run at (167,1) width 26 RTL: "\x{5D6}\x{5D7}\x{5D8}"
        RenderText {#text} at (657,83) size 5x17
          text run at (657,83) width 5: " "
        RenderBR {BR} at (662,83) size 0x17
        RenderBlock {DIV} at (3,187) size 202x45 [border: (1px solid #008000)]
          RenderTable {TABLE} at (4,4) size 194x18
            RenderTableSection {TBODY} at (0,0) size 194x18
              RenderTableRow {TR} at (0,0) size 194x18
                RenderTableCell {TD} at (0,0) size 9x18 [r=0 c=0 rs=1 cs=1]
                  RenderText {#text} at (0,0) size 9x17
                    text run at (0,0) width 9: "F"
                RenderTableCell {TD} at (9,0) size 10x18 [r=0 c=1 rs=1 cs=1]
                  RenderText {#text} at (0,0) size 10x17
                    text run at (0,0) width 10: "E"
                RenderTableCell {TD} at (19,0) size 12x18 [r=0 c=2 rs=1 cs=1]
                  RenderText {#text} at (0,0) size 12x17
                    text run at (0,0) width 12: "D"
                RenderTableCell {TD} at (31,0) size 5x18 [r=0 c=3 rs=1 cs=1]
                  RenderText {#text} at (0,0) size 5x17
                    text run at (0,0) width 5: " "
                RenderTableCell {TD} at (36,0) size 4x18 [r=0 c=4 rs=1 cs=1]
                  RenderText {#text} at (0,0) size 4x17
                    text run at (0,0) width 4 RTL: "\x{5D5}"
                RenderTableCell {TD} at (40,0) size 10x18 [r=0 c=5 rs=1 cs=1]
                  RenderText {#text} at (0,0) size 10x17
                    text run at (0,0) width 10 RTL: "\x{5D4}"
                RenderTableCell {TD} at (50,0) size 9x18 [r=0 c=6 rs=1 cs=1]
                  RenderText {#text} at (0,0) size 9x17
                    text run at (0,0) width 9 RTL: "\x{5D3}"
                RenderTableCell {TD} at (59,0) size 5x18 [r=0 c=7 rs=1 cs=1]
                  RenderText {#text} at (0,0) size 5x17
                    text run at (0,0) width 5: " "
                RenderTableCell {TD} at (64,0) size 11x18 [r=0 c=8 rs=1 cs=1]
                  RenderText {#text} at (0,0) size 11x17
                    text run at (0,0) width 11: "C"
                RenderTableCell {TD} at (75,0) size 11x18 [r=0 c=9 rs=1 cs=1]
                  RenderText {#text} at (0,0) size 11x17
                    text run at (0,0) width 11: "B"
                RenderTableCell {TD} at (86,0) size 11x18 [r=0 c=10 rs=1 cs=1]
                  RenderText {#text} at (0,0) size 11x17
                    text run at (0,0) width 11: "A"
                RenderTableCell {TD} at (97,0) size 5x18 [r=0 c=11 rs=1 cs=1]
                  RenderText {#text} at (0,0) size 5x17
                    text run at (0,0) width 5: " "
                RenderTableCell {TD} at (102,0) size 7x18 [r=0 c=12 rs=1 cs=1]
                  RenderText {#text} at (0,0) size 7x17
                    text run at (0,0) width 7 RTL: "\x{5D2}"
                RenderTableCell {TD} at (109,0) size 10x18 [r=0 c=13 rs=1 cs=1]
                  RenderText {#text} at (0,0) size 10x17
                    text run at (0,0) width 10 RTL: "\x{5D1}"
                RenderTableCell {TD} at (119,0) size 10x18 [r=0 c=14 rs=1 cs=1]
                  RenderText {#text} at (0,0) size 10x17
                    text run at (0,0) width 10 RTL: "\x{5D0}"
                RenderTableCell {TD} at (129,0) size 5x18 [r=0 c=15 rs=1 cs=1]
                  RenderText {#text} at (0,0) size 5x17
                    text run at (0,0) width 5: " "
                RenderTableCell {TD} at (134,0) size 12x18 [r=0 c=16 rs=1 cs=1]
                  RenderText {#text} at (0,0) size 12x17
                    text run at (0,0) width 12: "G"
                RenderTableCell {TD} at (146,0) size 12x18 [r=0 c=17 rs=1 cs=1]
                  RenderText {#text} at (0,0) size 12x17
                    text run at (0,0) width 12: "H"
                RenderTableCell {TD} at (158,0) size 5x18 [r=0 c=18 rs=1 cs=1]
                  RenderText {#text} at (0,0) size 5x17
                    text run at (0,0) width 5: "I"
                RenderTableCell {TD} at (163,0) size 5x18 [r=0 c=19 rs=1 cs=1]
                  RenderText {#text} at (0,0) size 5x17
                    text run at (0,0) width 5: " "
                RenderTableCell {TD} at (168,0) size 10x18 [r=0 c=20 rs=1 cs=1]
                  RenderText {#text} at (0,0) size 10x17
                    text run at (0,0) width 10 RTL: "\x{5D8}"
                RenderTableCell {TD} at (178,0) size 11x18 [r=0 c=21 rs=1 cs=1]
                  RenderText {#text} at (0,0) size 11x17
                    text run at (0,0) width 11 RTL: "\x{5D7}"
                RenderTableCell {TD} at (189,0) size 5x18 [r=0 c=22 rs=1 cs=1]
                  RenderText {#text} at (0,0) size 5x17
                    text run at (0,0) width 5 RTL: "\x{5D6}"
          RenderBlock {P} at (4,22) size 194x19
            RenderText {#text} at (96,1) size 33x17
              text run at (96,1) width 33 RTL: "\x{5D0}\x{5D1}\x{5D2} "
            RenderInline {BDO} at (0,0) size 97x17
              RenderText {#text} at (0,1) size 97x17
                text run at (0,1) width 97 RTL override: "ABC \x{5D3}\x{5D4}\x{5D5} DEF"
            RenderText {#text} at (128,1) size 65x17
              text run at (128,1) width 40: " GHI "
              text run at (167,1) width 26 RTL: "\x{5D6}\x{5D7}\x{5D8}"
        RenderText {#text} at (208,200) size 5x17
          text run at (208,200) width 5: " "
        RenderBlock {DIV} at (216,187) size 202x45 [border: (1px solid #008000)]
          RenderTable {TABLE} at (4,4) size 194x18
            RenderTableSection {TBODY} at (0,0) size 194x18
              RenderTableRow {TR} at (0,0) size 194x18
                RenderTableCell {TD} at (0,0) size 7x18 [r=0 c=0 rs=1 cs=1]
                  RenderText {#text} at (0,0) size 7x17
                    text run at (0,0) width 7 RTL: "\x{5D2}"
                RenderTableCell {TD} at (7,0) size 10x18 [r=0 c=1 rs=1 cs=1]
                  RenderText {#text} at (0,0) size 10x17
                    text run at (0,0) width 10 RTL: "\x{5D1}"
                RenderTableCell {TD} at (17,0) size 10x18 [r=0 c=2 rs=1 cs=1]
                  RenderText {#text} at (0,0) size 10x17
                    text run at (0,0) width 10 RTL: "\x{5D0}"
                RenderTableCell {TD} at (27,0) size 5x18 [r=0 c=3 rs=1 cs=1]
                  RenderText {#text} at (0,0) size 5x17
                    text run at (0,0) width 5: " "
                RenderTableCell {TD} at (32,0) size 11x18 [r=0 c=4 rs=1 cs=1]
                  RenderText {#text} at (0,0) size 11x17
                    text run at (0,0) width 11: "A"
                RenderTableCell {TD} at (43,0) size 11x18 [r=0 c=5 rs=1 cs=1]
                  RenderText {#text} at (0,0) size 11x17
                    text run at (0,0) width 11: "B"
                RenderTableCell {TD} at (54,0) size 11x18 [r=0 c=6 rs=1 cs=1]
                  RenderText {#text} at (0,0) size 11x17
                    text run at (0,0) width 11: "C"
                RenderTableCell {TD} at (65,0) size 5x18 [r=0 c=7 rs=1 cs=1]
                  RenderText {#text} at (0,0) size 5x17
                    text run at (0,0) width 5: " "
                RenderTableCell {TD} at (70,0) size 9x18 [r=0 c=8 rs=1 cs=1]
                  RenderText {#text} at (0,0) size 9x17
                    text run at (0,0) width 9: "F"
                RenderTableCell {TD} at (79,0) size 10x18 [r=0 c=9 rs=1 cs=1]
                  RenderText {#text} at (0,0) size 10x17
                    text run at (0,0) width 10: "E"
                RenderTableCell {TD} at (89,0) size 12x18 [r=0 c=10 rs=1 cs=1]
                  RenderText {#text} at (0,0) size 12x17
                    text run at (0,0) width 12: "D"
                RenderTableCell {TD} at (101,0) size 5x18 [r=0 c=11 rs=1 cs=1]
                  RenderText {#text} at (0,0) size 5x17
                    text run at (0,0) width 5: " "
                RenderTableCell {TD} at (106,0) size 4x18 [r=0 c=12 rs=1 cs=1]
                  RenderText {#text} at (0,0) size 4x17
                    text run at (0,0) width 4 RTL: "\x{5D5}"
                RenderTableCell {TD} at (110,0) size 10x18 [r=0 c=13 rs=1 cs=1]
                  RenderText {#text} at (0,0) size 10x17
                    text run at (0,0) width 10 RTL: "\x{5D4}"
                RenderTableCell {TD} at (120,0) size 9x18 [r=0 c=14 rs=1 cs=1]
                  RenderText {#text} at (0,0) size 9x17
                    text run at (0,0) width 9 RTL: "\x{5D3}"
                RenderTableCell {TD} at (129,0) size 5x18 [r=0 c=15 rs=1 cs=1]
                  RenderText {#text} at (0,0) size 5x17
                    text run at (0,0) width 5: " "
                RenderTableCell {TD} at (134,0) size 12x18 [r=0 c=16 rs=1 cs=1]
                  RenderText {#text} at (0,0) size 12x17
                    text run at (0,0) width 12: "G"
                RenderTableCell {TD} at (146,0) size 12x18 [r=0 c=17 rs=1 cs=1]
                  RenderText {#text} at (0,0) size 12x17
                    text run at (0,0) width 12: "H"
                RenderTableCell {TD} at (158,0) size 5x18 [r=0 c=18 rs=1 cs=1]
                  RenderText {#text} at (0,0) size 5x17
                    text run at (0,0) width 5: "I"
                RenderTableCell {TD} at (163,0) size 5x18 [r=0 c=19 rs=1 cs=1]
                  RenderText {#text} at (0,0) size 5x17
                    text run at (0,0) width 5: " "
                RenderTableCell {TD} at (168,0) size 10x18 [r=0 c=20 rs=1 cs=1]
                  RenderText {#text} at (0,0) size 10x17
                    text run at (0,0) width 10 RTL: "\x{5D8}"
                RenderTableCell {TD} at (178,0) size 11x18 [r=0 c=21 rs=1 cs=1]
                  RenderText {#text} at (0,0) size 11x17
                    text run at (0,0) width 11 RTL: "\x{5D7}"
                RenderTableCell {TD} at (189,0) size 5x18 [r=0 c=22 rs=1 cs=1]
                  RenderText {#text} at (0,0) size 5x17
                    text run at (0,0) width 5 RTL: "\x{5D6}"
          RenderBlock {P} at (4,22) size 194x19
            RenderText {#text} at (0,1) size 70x17
              text run at (0,1) width 27 RTL: "\x{5D0}\x{5D1}\x{5D2}"
              text run at (27,1) width 43: " ABC "
            RenderInline {BDO} at (0,0) size 60x17
              RenderText {#text} at (69,1) size 60x17
                text run at (69,1) width 60 RTL override: "\x{5D3}\x{5D4}\x{5D5} DEF"
            RenderText {#text} at (128,1) size 65x17
              text run at (128,1) width 40: " GHI "
              text run at (167,1) width 26 RTL: "\x{5D6}\x{5D7}\x{5D8}"
        RenderText {#text} at (0,0) size 0x0
      RenderBlock {HR} at (0,372) size 784x3 [border: (1px inset #000000)]
      RenderBlock {P} at (0,390) size 784x20
        RenderText {#text} at (0,1) size 71x17
          text run at (0,1) width 71: "(Back to "
        RenderInline {A} at (0,0) size 190x17 [color=#0000EE]
          RenderText {#text} at (71,1) size 190x17
            text run at (71,1) width 190: "CSS Testing Information"
        RenderText {#text} at (261,1) size 10x17
          text run at (261,1) width 10: ", "
        RenderInline {A} at (0,0) size 98x17 [color=#0000EE]
          RenderText {#text} at (271,1) size 98x17
            text run at (271,1) width 98: "David Baron"
        RenderText {#text} at (368,1) size 7x17
          text run at (368,1) width 7: ")"
      RenderBlock {P} at (0,425) size 784x20
        RenderInline {A} at (0,0) size 32x17 [color=#0000EE]
          RenderText {#text} at (0,1) size 32x17
            text run at (0,1) width 32: "LDB"
        RenderText {#text} at (32,1) size 10x17
          text run at (32,1) width 10: ", "
        RenderInline {A} at (0,0) size 162x17 [color=#0000EE]
          RenderText {#text} at (42,1) size 162x17
            text run at (42,1) width 162: "dbaron@dbaron.org"
        RenderText {#text} at (203,1) size 103x17
          text run at (203,1) width 103: ", 2001-06-05"
      RenderBlock {P} at (0,460) size 784x20
        RenderText {#text} at (0,1) size 383x17
          text run at (0,1) width 383: "Modified and used with the author\x{2019}s permission."
