layer at (0,0) size 800x600
  RenderView at (0,0) size 800x600
layer at (0,0) size 800x600
  RenderBlock {HTML} at (0,0) size 800x600
    RenderBody {BODY} at (8,8) size 784x584
      RenderBlock {P} at (0,0) size 784x57
        RenderText {#text} at (0,1) size 569x17
          text run at (0,1) width 569: "This tests that bidirectional text is correctly rendered in popup controls."
        RenderBR {BR} at (568,1) size 1x17
        RenderText {#text} at (0,20) size 779x36
          text run at (0,20) width 779: "The order of the text below each popup button should match the order of the select's option text,"
          text run at (0,39) width 359: "and the order of the text in the popup menu."
      RenderBlock (anonymous) at (0,73) size 784x53
        RenderText {#text} at (0,1) size 344x17
          text run at (0,1) width 344: "1) direction: rtl; -webkit-rtl-ordering: logical"
        RenderBR {BR} at (343,1) size 1x17
        RenderMenuList {SELECT} at (0,21) size 100x30 [bgcolor=#FFFFFF] [border: (1px solid #000000)]
          RenderBlock (anonymous) at (1,1) size 98x28
            RenderText at (8,5) size 85x17
              text run at (8,5) width 59 RTL: "\x{5D0}\x{5E4}\x{5E8}\x{5E1}\x{5DE}\x{5D5}\x{5DF}"
              text run at (67,5) width 26: "abc"
        RenderBR {BR} at (100,27) size 0x17
      RenderBlock {DIV} at (0,126) size 100x18
        RenderText {#text} at (0,0) size 88x17
          text run at (0,0) width 29: "abc"
          text run at (29,0) width 59 RTL: "\x{5D0}\x{5E4}\x{5E8}\x{5E1}\x{5DE}\x{5D5}\x{5DF}"
      RenderBlock (anonymous) at (0,144) size 784x71
        RenderBR {BR} at (0,0) size 0x17
        RenderText {#text} at (0,19) size 143x17
          text run at (0,19) width 143: "2) text-align: right"
        RenderBR {BR} at (142,19) size 1x17
        RenderMenuList {SELECT} at (0,39) size 200x30 [bgcolor=#FFFFFF] [border: (1px solid #000000)]
          RenderBlock (anonymous) at (1,1) size 198x28
            RenderText at (5,5) size 85x17
              text run at (5,5) width 26: "abc"
              text run at (31,5) width 59 RTL: "\x{5D0}\x{5E4}\x{5E8}\x{5E1}\x{5DE}\x{5D5}\x{5DF}"
        RenderBR {BR} at (200,45) size 0x17
      RenderBlock {DIV} at (0,215) size 200x18
        RenderText {#text} at (0,0) size 88x17
          text run at (0,0) width 29: "abc"
          text run at (29,0) width 59 RTL: "\x{5D0}\x{5E4}\x{5E8}\x{5E1}\x{5DE}\x{5D5}\x{5DF}"
      RenderBlock (anonymous) at (0,233) size 784x71
        RenderBR {BR} at (0,0) size 0x17
        RenderText {#text} at (0,19) size 85x17
          text run at (0,19) width 85: "3) No style"
        RenderBR {BR} at (85,19) size 0x17
        RenderMenuList {SELECT} at (0,39) size 100x30 [bgcolor=#FFFFFF] [border: (1px solid #000000)]
          RenderBlock (anonymous) at (1,1) size 98x28
            RenderText at (5,5) size 85x17
              text run at (5,5) width 26: "abc"
              text run at (31,5) width 59 RTL: "\x{5D0}\x{5E4}\x{5E8}\x{5E1}\x{5DE}\x{5D5}\x{5DF}"
        RenderBR {BR} at (100,45) size 0x17
      RenderBlock {DIV} at (0,304) size 100x18
        RenderText {#text} at (0,0) size 88x17
          text run at (0,0) width 29: "abc"
          text run at (29,0) width 59 RTL: "\x{5D0}\x{5E4}\x{5E8}\x{5E1}\x{5DE}\x{5D5}\x{5DF}"
      RenderBlock (anonymous) at (0,322) size 784x18
        RenderBR {BR} at (0,0) size 0x17
