layer at (0,0) size 800x600
  RenderView at (0,0) size 800x600
layer at (0,0) size 800x85
  RenderBlock {HTML} at (0,0) size 800x85
    RenderBody {BODY} at (8,16) size 784x53
      RenderBlock {P} at (0,0) size 784x18
        RenderText {#text} at (0,0) size 471x17
          text run at (0,0) width 471: "The following should look like: Arabic characters 123.4 Arabic characters."
      RenderBlock {P} at (0,34) size 784x19
        RenderText {#text} at (0,1) size 88x17
          text run at (0,1) width 30 RTL: " \x{644}\x{645}\x{646}"
          text run at (30,1) width 36: "123.4"
          text run at (66,1) width 22 RTL: "\x{627}\x{628}\x{62C} "
