layer at (0,0) size 800x600
  RenderView at (0,0) size 800x600
layer at (0,0) size 800x105
  RenderBlock {HTML} at (0,0) size 800x105
    RenderBody {BODY} at (8,16) size 784x73
      RenderBlock {P} at (0,0) size 784x38
        RenderText {#text} at (0,1) size 752x36
          text run at (0,1) width 752: "The three boxes should be the same. The order in each box should be: Roman letters, Hebrew"
          text run at (0,20) width 358: "letters, digits, Hebrew letters, Roman letters."
      RenderBlock {P} at (0,54) size 784x19
        RenderInline {SPAN} at (0,0) size 157x19 [border: (1px solid #008000)]
          RenderText {#text} at (1,1) size 155x17
            text run at (1,1) width 34: "abc "
            text run at (35,1) width 28 RTL: " \x{5D3}\x{5D4}\x{5D5}"
            text run at (62,1) width 31: "123"
            text run at (92,1) width 33 RTL: "\x{5D0}\x{5D1}\x{5D2} "
            text run at (124,1) width 32: " def"
        RenderText {#text} at (156,1) size 6x17
          text run at (156,1) width 6: " "
        RenderInline {SPAN} at (0,0) size 158x19 [border: (1px solid #008000)]
          RenderText {#text} at (162,1) size 156x17
            text run at (162,1) width 35: "abc "
            text run at (196,1) width 29 RTL: " \x{5D3}\x{5D4}\x{5D5}"
            text run at (224,1) width 31: "123"
            text run at (254,1) width 33 RTL: "\x{5D0}\x{5D1}\x{5D2} "
            text run at (286,1) width 32: " def"
        RenderText {#text} at (318,1) size 6x17
          text run at (318,1) width 6: " "
        RenderInline {SPAN} at (0,0) size 157x19 [border: (1px solid #008000)]
          RenderText {#text} at (324,1) size 155x17
            text run at (324,1) width 35: "abc "
            text run at (358,1) width 28 RTL: " \x{5D3}\x{5D4}\x{5D5}"
            text run at (385,1) width 31: "123"
            text run at (415,1) width 33 RTL: "\x{5D0}\x{5D1}\x{5D2} "
            text run at (447,1) width 32: " def"
        RenderText {#text} at (0,0) size 0x0
