layer at (0,0) size 800x600
  RenderView at (0,0) size 800x600
layer at (0,0) size 800x117
  RenderBlock {HTML} at (0,0) size 800x117
    RenderBody {BODY} at (8,16) size 784x85
      RenderBlock {P} at (0,0) size 784x17
        RenderInline {NOBR} at (0,0) size 192x17
          RenderInline {B} at (0,0) size 30x17
            RenderText {#text} at (0,0) size 30x17
              text run at (0,0) width 30: "\x{179C}\x{17C9}\x{17C2}\x{1794}"
          RenderText {#text} at (30,0) size 4x17
            text run at (30,0) width 4: " "
          RenderInline {A} at (0,0) size 50x17 [color=#0000EE]
            RenderText {#text} at (34,0) size 50x17
              text run at (34,0) width 50: "\x{179A}\x{17BC}\x{1794}\x{1797}\x{17B6}\x{1796}"
          RenderText {#text} at (84,0) size 4x17
            text run at (84,0) width 4: " "
          RenderInline {A} at (0,0) size 30x17 [color=#0000EE]
            RenderText {#text} at (88,0) size 30x17
              text run at (88,0) width 30: "\x{1780}\x{17D2}\x{179A}\x{17BB}\x{1798}"
          RenderText {#text} at (118,0) size 4x17
            text run at (118,0) width 4: " "
          RenderInline {A} at (0,0) size 70x17 [color=#0000EE]
            RenderText {#text} at (122,0) size 70x17
              text run at (122,0) width 70: "\x{1790}\x{178F}\x{17AF}\x{1780}\x{179F}\x{17B6}\x{179A}"
        RenderText {#text} at (0,0) size 0x0
      RenderBlock {P} at (0,33) size 784x52
        RenderText {#text} at (0,0) size 532x17
          text run at (0,0) width 532: "Some Harfbuzz shapers will output cluster logs which suggest that some glyphs had "
        RenderInline {I} at (0,0) size 16x17
          RenderText {#text} at (532,0) size 16x17
            text run at (532,0) width 16: "no"
        RenderText {#text} at (548,0) size 765x34
          text run at (548,0) width 217: " contributing code points. This test"
          text run at (0,17) width 174: "contains such text and uses "
        RenderInline {TT} at (0,0) size 88x15
          RenderText {#text} at (174,20) size 88x15
            text run at (174,20) width 88: "eventSender"
        RenderText {#text} at (262,17) size 442x17
          text run at (262,17) width 442: " to select the text. You should see some of the above text selected and "
        RenderInline {TT} at (0,0) size 80x15
          RenderText {#text} at (704,20) size 80x15
            text run at (704,20) width 80: "test_shell"
        RenderText {#text} at (0,35) size 252x17
          text run at (0,35) width 252: "shouldn't trigger any assertions or crash."
caret: position 0 of child 0 {#text} of child 0 {B} of child 1 {NOBR} of child 1 {P} of body
