layer at (0,0) size 800x600
  RenderView at (0,0) size 800x600
layer at (0,0) size 800x600
  RenderBlock {HTML} at (0,0) size 800x600
    RenderBody {BODY} at (8,8) size 784x584
      RenderBlock {P} at (0,0) size 784x51
        RenderText {#text} at (0,0) size 53x17
          text run at (0,0) width 53: "Test for "
        RenderInline {A} at (0,0) size 68x17 [color=#0000EE]
          RenderText {#text} at (53,0) size 68x17
            text run at (53,0) width 68: "bug 35605"
        RenderText {#text} at (121,0) size 758x51
          text run at (121,0) width 634: ": Two lines below have one character from CJK Ideograph, one from CJK Ext A (both in BMP) and"
          text run at (0,17) width 758: "three characters from CJK Ext B (plane 2). The last group of characters are covered by Japanese fonts on Mac as well as"
          text run at (0,34) width 331: "two Chinese fonts for Ext B shipped with Windows."
      RenderBlock {DIV} at (0,67) size 784x72
        RenderBlock {DIV} at (0,0) size 784x36
          RenderText {#text} at (0,0) size 124x36
            text run at (0,0) width 124: "\x{4E00} \x{3400} \x{D867}\x{DE8A}\x{D867}\x{DE49}\x{D867}\x{DEDB}"
        RenderBlock {DIV} at (0,36) size 784x36
          RenderText {#text} at (0,0) size 124x36
            text run at (0,0) width 124: "\x{4E00} \x{3400} \x{D867}\x{DE8A}\x{D867}\x{DE49}\x{D867}\x{DEDB}"
