layer at (0,0) size 800x600
  RenderView at (0,0) size 800x600
layer at (0,0) size 800x578
  RenderBlock {HTML} at (0,0) size 800x578
    RenderBody {BODY} at (8,16) size 784x554
      RenderBlock {P} at (0,0) size 784x18
        RenderText {#text} at (0,0) size 709x17
          text run at (0,0) width 497: "Verify that the alignment and writing direction of each selected item matches "
          text run at (496,0) width 213: "the one below the pop-up button."
      RenderBlock {DIV} at (0,34) size 784x260
        RenderMenuList {SELECT} at (0,0) size 500x30 [bgcolor=#FFFFFF] [border: (1px solid #000000)]
          RenderBlock (anonymous) at (1,1) size 498x28
            RenderText at (5,5) size 182x17
              text run at (5,5) width 36: "First "
              text run at (40,5) width 57 RTL: ") \x{5E8}\x{5D1}\x{5D9}\x{5E2}\x{5D9}\x{5EA}"
              text run at (96,5) width 19: "03"
              text run at (114,5) width 42 RTL: "\x{5E9}\x{5E0}\x{5D9}\x{5D4} ("
              text run at (155,5) width 32: " fifth"
        RenderBlock {DIV} at (0,30) size 470x35
          RenderText {#text} at (10,10) size 148x15
            text run at (10,10) width 29: "First "
            text run at (38,10) width 47 RTL: ") \x{5E8}\x{5D1}\x{5D9}\x{5E2}\x{5D9}\x{5EA}"
            text run at (84,10) width 15: "03"
            text run at (98,10) width 35 RTL: "\x{5E9}\x{5E0}\x{5D9}\x{5D4} ("
            text run at (132,10) width 26: " fifth"
        RenderMenuList {SELECT} at (0,65) size 500x30 [bgcolor=#FFFFFF] [border: (1px solid #000000)]
          RenderBlock (anonymous) at (1,1) size 498x28
            RenderText at (5,5) size 182x17
              text run at (5,5) width 26: "fifth"
              text run at (30,5) width 6 RTL: " "
              text run at (35,5) width 47 RTL: "\x{5E8}\x{5D1}\x{5D9}\x{5E2}\x{5D9}\x{5EA}"
              text run at (81,5) width 5 RTL: " "
              text run at (85,5) width 7 RTL: ")"
              text run at (91,5) width 18: "03"
              text run at (108,5) width 7 RTL: "("
              text run at (114,5) width 5 RTL: " "
              text run at (118,5) width 33 RTL: "\x{5E9}\x{5E0}\x{5D9}\x{5D4}"
              text run at (150,5) width 5 RTL: " "
              text run at (154,5) width 33: "First"
        RenderBlock {DIV} at (0,95) size 470x35
          RenderText {#text} at (10,10) size 148x15
            text run at (10,10) width 21: "fifth"
            text run at (30,10) width 50 RTL: ") \x{5E8}\x{5D1}\x{5D9}\x{5E2}\x{5D9}\x{5EA} "
            text run at (79,10) width 16: "03"
            text run at (94,10) width 38 RTL: " \x{5E9}\x{5E0}\x{5D9}\x{5D4} ("
            text run at (131,10) width 27: "First"
        RenderMenuList {SELECT} at (0,130) size 500x30 [bgcolor=#FFFFFF] [border: (1px solid #000000)]
          RenderBlock (anonymous) at (1,1) size 498x28
            RenderText at (5,5) size 182x17
              text run at (5,5) width 182: "First \x{5E9}\x{5E0}\x{5D9}\x{5D4} (03) \x{5E8}\x{5D1}\x{5D9}\x{5E2}\x{5D9}\x{5EA} fifth"
        RenderBlock {DIV} at (0,160) size 470x35
          RenderText {#text} at (10,10) size 148x15
            text run at (10,10) width 148: "First \x{5E9}\x{5E0}\x{5D9}\x{5D4} (03) \x{5E8}\x{5D1}\x{5D9}\x{5E2}\x{5D9}\x{5EA} fifth"
        RenderMenuList {SELECT} at (0,195) size 500x30 [bgcolor=#FFFFFF] [border: (1px solid #000000)]
          RenderBlock (anonymous) at (1,1) size 498x28
            RenderText at (5,5) size 182x17
              text run at (5,5) width 26 RTL: "fifth"
              text run at (30,5) width 6 RTL: " "
              text run at (35,5) width 47 RTL: "\x{5E8}\x{5D1}\x{5D9}\x{5E2}\x{5D9}\x{5EA}"
              text run at (81,5) width 5 RTL: " "
              text run at (85,5) width 30 RTL: "(03)"
              text run at (114,5) width 5 RTL: " "
              text run at (118,5) width 33 RTL: "\x{5E9}\x{5E0}\x{5D9}\x{5D4}"
              text run at (150,5) width 5 RTL: " "
              text run at (154,5) width 33 RTL: "First"
        RenderBlock {DIV} at (0,225) size 470x35
          RenderText {#text} at (10,10) size 148x15
            text run at (10,10) width 148 RTL: "First \x{5E9}\x{5E0}\x{5D9}\x{5D4} (03) \x{5E8}\x{5D1}\x{5D9}\x{5E2}\x{5D9}\x{5EA} fifth"
      RenderBlock {DIV} at (0,294) size 784x260
        RenderMenuList {SELECT} at (0,0) size 500x30 [bgcolor=#FFFFFF] [border: (1px solid #000000)]
          RenderBlock (anonymous) at (1,1) size 498x28
            RenderText at (311,5) size 182x17
              text run at (311,5) width 37: "First "
              text run at (347,5) width 57 RTL: ") \x{5E8}\x{5D1}\x{5D9}\x{5E2}\x{5D9}\x{5EA}"
              text run at (403,5) width 19: "03"
              text run at (421,5) width 42 RTL: "\x{5E9}\x{5E0}\x{5D9}\x{5D4} ("
              text run at (462,5) width 31: " fifth"
        RenderBlock {DIV} at (0,30) size 470x35
          RenderText {#text} at (312,10) size 148x15
            text run at (312,10) width 30: "First "
            text run at (341,10) width 47 RTL: ") \x{5E8}\x{5D1}\x{5D9}\x{5E2}\x{5D9}\x{5EA}"
            text run at (387,10) width 15: "03"
            text run at (401,10) width 35 RTL: "\x{5E9}\x{5E0}\x{5D9}\x{5D4} ("
            text run at (435,10) width 25: " fifth"
        RenderMenuList {SELECT} at (0,65) size 500x30 [bgcolor=#FFFFFF] [border: (1px solid #000000)]
          RenderBlock (anonymous) at (1,1) size 498x28
            RenderText at (311,5) size 182x17
              text run at (311,5) width 27: "fifth"
              text run at (337,5) width 6 RTL: " "
              text run at (342,5) width 47 RTL: "\x{5E8}\x{5D1}\x{5D9}\x{5E2}\x{5D9}\x{5EA}"
              text run at (388,5) width 5 RTL: " "
              text run at (392,5) width 6 RTL: ")"
              text run at (398,5) width 18: "03"
              text run at (415,5) width 7 RTL: "("
              text run at (421,5) width 5 RTL: " "
              text run at (425,5) width 33 RTL: "\x{5E9}\x{5E0}\x{5D9}\x{5D4}"
              text run at (457,5) width 5 RTL: " "
              text run at (461,5) width 32: "First"
        RenderBlock {DIV} at (0,95) size 470x35
          RenderText {#text} at (312,10) size 148x15
            text run at (312,10) width 22: "fifth"
            text run at (333,10) width 50 RTL: ") \x{5E8}\x{5D1}\x{5D9}\x{5E2}\x{5D9}\x{5EA} "
            text run at (382,10) width 16: "03"
            text run at (397,10) width 38 RTL: " \x{5E9}\x{5E0}\x{5D9}\x{5D4} ("
            text run at (434,10) width 26: "First"
        RenderMenuList {SELECT} at (0,130) size 500x30 [bgcolor=#FFFFFF] [border: (1px solid #000000)]
          RenderBlock (anonymous) at (1,1) size 498x28
            RenderText at (311,5) size 182x17
              text run at (311,5) width 182: "First \x{5E9}\x{5E0}\x{5D9}\x{5D4} (03) \x{5E8}\x{5D1}\x{5D9}\x{5E2}\x{5D9}\x{5EA} fifth"
        RenderBlock {DIV} at (0,160) size 470x35
          RenderText {#text} at (312,10) size 148x15
            text run at (312,10) width 148: "First \x{5E9}\x{5E0}\x{5D9}\x{5D4} (03) \x{5E8}\x{5D1}\x{5D9}\x{5E2}\x{5D9}\x{5EA} fifth"
        RenderMenuList {SELECT} at (0,195) size 500x30 [bgcolor=#FFFFFF] [border: (1px solid #000000)]
          RenderBlock (anonymous) at (1,1) size 498x28
            RenderText at (311,5) size 182x17
              text run at (311,5) width 27 RTL: "fifth"
              text run at (337,5) width 6 RTL: " "
              text run at (342,5) width 47 RTL: "\x{5E8}\x{5D1}\x{5D9}\x{5E2}\x{5D9}\x{5EA}"
              text run at (388,5) width 5 RTL: " "
              text run at (392,5) width 30 RTL: "(03)"
              text run at (421,5) width 5 RTL: " "
              text run at (425,5) width 33 RTL: "\x{5E9}\x{5E0}\x{5D9}\x{5D4}"
              text run at (457,5) width 5 RTL: " "
              text run at (461,5) width 32 RTL: "First"
        RenderBlock {DIV} at (0,225) size 470x35
          RenderText {#text} at (312,10) size 148x15
            text run at (312,10) width 148 RTL: "First \x{5E9}\x{5E0}\x{5D9}\x{5D4} (03) \x{5E8}\x{5D1}\x{5D9}\x{5E2}\x{5D9}\x{5EA} fifth"
