layer at (0,0) size 800x600
  RenderView at (0,0) size 800x600
layer at (0,0) size 800x600
  RenderBlock {HTML} at (0,0) size 800x600
    RenderBody {BODY} at (8,8) size 784x584
      RenderBlock {P} at (0,0) size 784x38
        RenderText {#text} at (0,1) size 221x17
          text run at (0,1) width 221: "This is a regression test for "
        RenderInline {I} at (0,0) size 760x36
          RenderInline {A} at (0,0) size 427x17 [color=#0000EE]
            RenderText {#text} at (220,1) size 427x17
              text run at (220,1) width 427: "http://bugzilla.opendarwin.org/show_bug.cgi?id=8866"
          RenderText {#text} at (646,1) size 760x36
            text run at (646,1) width 6: " "
            text run at (651,1) width 109: "REGRESSION:"
            text run at (0,20) width 277: "Incorrect caret position in RTL text"
        RenderText {#text} at (277,20) size 5x17
          text run at (277,20) width 5: "."
      RenderBlock {P} at (0,54) size 784x19
        RenderText {#text} at (0,1) size 437x17
          text run at (0,1) width 437: "The caret should be in the middle of the Hebrew word."
      RenderBlock {HR} at (0,89) size 784x2 [border: (1px inset #000000)]
      RenderBlock {DIV} at (0,99) size 784x19
        RenderText {#text} at (0,1) size 58x17
          text run at (0,1) width 58 RTL: "\x{5D0}\x{5D5}\x{5DB}\x{5DE}\x{5E0}\x{5D9}\x{5D5}\x{5EA}"
caret: position 5 of child 0 {#text} of child 7 {DIV} of body
