layer at (0,0) size 785x25431
  RenderView at (0,0) size 785x600
layer at (0,0) size 785x600
  RenderBlock {HTML} at (0,0) size 785x600
    RenderBody {BODY} at (8,8) size 769x576
      RenderBlock {P} at (0,0) size 769x72
        RenderText {#text} at (0,0) size 764x71
          text run at (0,0) width 764: "The column on the right has explicit spaces. Line breaks should be roughly the same if Thai line breaks are working well."
          text run at (0,18) width 760: "The original source of this text was ICU, and the test program said \"by it's very nature, Thai word breaking is not exact\","
          text run at (0,36) width 758: "so the columns don't match exactly. In a future version we might decide to tweak the right column to match our expected"
          text run at (0,54) width 59: "behavior."
layer at (236,96) size 1x24092
  RenderBlock (positioned) {DIV} at (235,96) size 2x24092
    RenderText {#text} at (0,1) size 74x24090
      text run at (0,1) width 18: "\x{E1A}\x{E17}"
      text run at (0,20) width 41: "\x{E17}\x{E35}\x{E48}\x{E51}\x{E1E}\x{E32}\x{E22}\x{E38}"
      text run at (0,39) width 50: "\x{E44}\x{E0B}\x{E42}\x{E04}\x{E25}\x{E19}"
      text run at (0,58) width 16: "\x{E42}\x{E14}"
      text run at (0,77) width 21: "\x{E42}\x{E23}\x{E18}\x{E35}"
      text run at (0,96) width 31: "\x{E2D}\x{E32}\x{E28}\x{E31}\x{E22}"
      text run at (0,115) width 16: "\x{E2D}\x{E22}\x{E39}\x{E48}"
      text run at (0,134) width 54: "\x{E17}\x{E48}\x{E32}\x{E21}\x{E01}\x{E25}\x{E32}\x{E07}"
      text run at (0,153) width 43: "\x{E17}\x{E38}\x{E48}\x{E07}\x{E43}\x{E2B}\x{E0D}\x{E48}"
      text run at (0,172) width 17: "\x{E43}\x{E19}"
      text run at (0,191) width 44: "\x{E41}\x{E04}\x{E19}\x{E0B}\x{E31}\x{E2A}"
      text run at (0,210) width 18: "\x{E01}\x{E31}\x{E1A}"
      text run at (0,229) width 15: "\x{E25}\x{E38}\x{E07}"
      text run at (0,248) width 13: "\x{E40}\x{E2E}"
      text run at (0,267) width 17: "\x{E19}\x{E23}\x{E35}"
      text run at (0,286) width 36: "\x{E0A}\x{E32}\x{E27}\x{E44}\x{E23}\x{E48}"
      text run at (0,305) width 22: "\x{E41}\x{E25}\x{E30}"
      text run at (0,324) width 15: "\x{E1B}\x{E49}\x{E32}"
      text run at (0,343) width 22: "\x{E40}\x{E2D}\x{E47}\x{E21}"
      text run at (0,362) width 37: "\x{E20}\x{E23}\x{E23}\x{E22}\x{E32}"
      text run at (0,381) width 36: "\x{E0A}\x{E32}\x{E27}\x{E44}\x{E23}\x{E48}"
      text run at (0,400) width 25: "\x{E1A}\x{E49}\x{E32}\x{E19}"
      text run at (0,419) width 23: "\x{E02}\x{E2D}\x{E07}"
      text run at (0,438) width 27: "\x{E1E}\x{E27}\x{E01}"
      text run at (0,457) width 19: "\x{E40}\x{E02}\x{E32}"
      text run at (0,476) width 24: "\x{E2B}\x{E25}\x{E31}\x{E07}"
      text run at (0,495) width 22: "\x{E40}\x{E25}\x{E47}\x{E01}"
      text run at (0,514) width 34: "\x{E40}\x{E1E}\x{E23}\x{E32}\x{E30}"
      text run at (0,533) width 16: "\x{E44}\x{E21}\x{E49}"
      text run at (0,552) width 28: "\x{E2A}\x{E23}\x{E49}\x{E32}\x{E07}"
      text run at (0,571) width 25: "\x{E1A}\x{E49}\x{E32}\x{E19}"
      text run at (0,590) width 24: "\x{E15}\x{E49}\x{E2D}\x{E07}"
      text run at (0,609) width 18: "\x{E02}\x{E19}"
      text run at (0,628) width 15: "\x{E21}\x{E32}"
      text run at (0,647) width 25: "\x{E14}\x{E49}\x{E27}\x{E22}"
      text run at (0,666) width 40: "\x{E40}\x{E01}\x{E27}\x{E35}\x{E22}\x{E19}"
      text run at (0,685) width 24: "\x{E40}\x{E1B}\x{E47}\x{E19}"
      text run at (0,704) width 27: "\x{E23}\x{E30}\x{E22}\x{E30}"
      text run at (0,723) width 22: "\x{E17}\x{E32}\x{E07}"
      text run at (0,742) width 31: "\x{E2B}\x{E25}\x{E32}\x{E22}"
      text run at (0,761) width 24: "\x{E44}\x{E21}\x{E25}\x{E4C}"
      text run at (0,780) width 25: "\x{E1A}\x{E49}\x{E32}\x{E19}"
      text run at (0,799) width 9: "\x{E21}\x{E35}"
      text run at (0,818) width 8: "\x{E2A}\x{E35}\x{E48}"
      text run at (0,837) width 15: "\x{E1D}\x{E32}"
      text run at (0,856) width 9: "\x{E21}\x{E35}"
      text run at (0,875) width 20: "\x{E1E}\x{E37}\x{E49}\x{E19}"
      text run at (0,894) width 18: "\x{E01}\x{E31}\x{E1A}"
      text run at (0,913) width 39: "\x{E2B}\x{E25}\x{E31}\x{E07}\x{E04}\x{E32}"
      text run at (0,932) width 24: "\x{E23}\x{E27}\x{E21}"
      text run at (0,951) width 15: "\x{E17}\x{E33}"
      text run at (0,970) width 24: "\x{E40}\x{E1B}\x{E47}\x{E19}"
      text run at (0,989) width 24: "\x{E2B}\x{E49}\x{E2D}\x{E07}"
      text run at (0,1008) width 30: "\x{E40}\x{E14}\x{E35}\x{E22}\x{E27}"
      text run at (0,1027) width 17: "\x{E43}\x{E19}"
      text run at (0,1046) width 24: "\x{E2B}\x{E49}\x{E2D}\x{E07}"
      text run at (0,1065) width 9: "\x{E21}\x{E35}"
      text run at (0,1084) width 16: "\x{E17}\x{E31}\x{E49}\x{E07}"
      text run at (0,1103) width 20: "\x{E40}\x{E15}\x{E32}"
      text run at (0,1122) width 16: "\x{E2B}\x{E38}\x{E07}"
      text run at (0,1141) width 18: "\x{E15}\x{E49}\x{E21}"
      text run at (0,1160) width 9: "\x{E17}\x{E35}\x{E48}"
      text run at (0,1179) width 27: "\x{E2A}\x{E19}\x{E34}\x{E21}"
      text run at (0,1198) width 9: "\x{E14}\x{E39}"
      text run at (0,1217) width 18: "\x{E02}\x{E36}\x{E49}\x{E19}"
      text run at (0,1236) width 27: "\x{E40}\x{E25}\x{E2D}\x{E30}"
      text run at (0,1255) width 9: "\x{E21}\x{E35}"
      text run at (0,1274) width 9: "\x{E15}\x{E39}\x{E49}"
      text run at (0,1293) width 15: "\x{E43}\x{E2A}\x{E48}"
      text run at (0,1312) width 24: "\x{E16}\x{E49}\x{E27}\x{E22}"
      text run at (0,1331) width 23: "\x{E0A}\x{E32}\x{E21}"
      text run at (0,1350) width 22: "\x{E42}\x{E15}\x{E4A}\x{E30}"
      text run at (0,1369) width 28: "\x{E40}\x{E01}\x{E49}\x{E32}\x{E2D}\x{E35}\x{E49}"
      text run at (0,1388) width 23: "\x{E2A}\x{E32}\x{E21}"
      text run at (0,1407) width 24: "\x{E2B}\x{E23}\x{E37}\x{E2D}"
      text run at (0,1426) width 8: "\x{E2A}\x{E35}\x{E48}"
      text run at (0,1445) width 17: "\x{E15}\x{E31}\x{E27}"
      text run at (0,1464) width 24: "\x{E41}\x{E25}\x{E49}\x{E27}"
      text run at (0,1483) width 9: "\x{E01}\x{E47}"
      text run at (0,1502) width 9: "\x{E21}\x{E35}"
      text run at (0,1521) width 29: "\x{E40}\x{E15}\x{E35}\x{E22}\x{E07}"
      text run at (0,1540) width 28: "\x{E19}\x{E2D}\x{E19}"
      text run at (0,1559) width 15: "\x{E25}\x{E38}\x{E07}"
      text run at (0,1578) width 13: "\x{E40}\x{E2E}"
      text run at (0,1597) width 17: "\x{E19}\x{E23}\x{E35}"
      text run at (0,1616) width 18: "\x{E01}\x{E31}\x{E1A}"
      text run at (0,1635) width 15: "\x{E1B}\x{E49}\x{E32}"
      text run at (0,1654) width 22: "\x{E40}\x{E2D}\x{E47}\x{E21}"
      text run at (0,1673) width 9: "\x{E21}\x{E35}"
      text run at (0,1692) width 29: "\x{E40}\x{E15}\x{E35}\x{E22}\x{E07}"
      text run at (0,1711) width 28: "\x{E19}\x{E2D}\x{E19}"
      text run at (0,1730) width 27: "\x{E43}\x{E2B}\x{E0D}\x{E48}"
      text run at (0,1749) width 16: "\x{E2D}\x{E22}\x{E39}\x{E48}"
      text run at (0,1768) width 9: "\x{E17}\x{E35}\x{E48}"
      text run at (0,1787) width 18: "\x{E21}\x{E38}\x{E21}"
      text run at (0,1806) width 26: "\x{E2B}\x{E19}\x{E36}\x{E48}\x{E07}"
      text run at (0,1825) width 26: "\x{E2A}\x{E48}\x{E27}\x{E19}"
      text run at (0,1844) width 16: "\x{E42}\x{E14}"
      text run at (0,1863) width 14: "\x{E42}\x{E23}"
      text run at (0,1882) width 16: "\x{E18}\x{E35}\x{E21}\x{E35}"
      text run at (0,1901) width 29: "\x{E40}\x{E15}\x{E35}\x{E22}\x{E07}"
      text run at (0,1920) width 22: "\x{E40}\x{E25}\x{E47}\x{E01}"
      text run at (0,1939) width 17: "\x{E2D}\x{E35}\x{E01}"
      text run at (0,1958) width 9: "\x{E17}\x{E35}\x{E48}"
      text run at (0,1977) width 18: "\x{E21}\x{E38}\x{E21}"
      text run at (0,1996) width 26: "\x{E2B}\x{E19}\x{E36}\x{E48}\x{E07}"
      text run at (0,2015) width 25: "\x{E44}\x{E21}\x{E48}\x{E21}\x{E35}"
      text run at (0,2034) width 24: "\x{E2B}\x{E49}\x{E2D}\x{E07}"
      text run at (0,2053) width 16: "\x{E43}\x{E15}\x{E49}"
      text run at (0,2072) width 40: "\x{E40}\x{E1E}\x{E14}\x{E32}\x{E19}"
      text run at (0,2091) width 21: "\x{E40}\x{E25}\x{E22}"
      text run at (0,2110) width 24: "\x{E2B}\x{E49}\x{E2D}\x{E07}"
      text run at (0,2129) width 34: "\x{E43}\x{E15}\x{E49}\x{E16}\x{E38}\x{E19}"
      text run at (0,2148) width 9: "\x{E01}\x{E47}"
      text run at (0,2167) width 25: "\x{E44}\x{E21}\x{E48}\x{E21}\x{E35}"
      text run at (0,2186) width 23: "\x{E40}\x{E27}\x{E49}\x{E19}"
      text run at (0,2205) width 17: "\x{E41}\x{E15}\x{E48}"
      text run at (0,2224) width 9: "\x{E21}\x{E35}"
      text run at (0,2243) width 17: "\x{E42}\x{E1E}"
      text run at (0,2262) width 14: "\x{E23}\x{E07}"
      text run at (0,2281) width 29: "\x{E40}\x{E25}\x{E47}\x{E01}\x{E46}"
      text run at (0,2300) width 9: "\x{E17}\x{E35}\x{E48}"
      text run at (0,2319) width 17: "\x{E02}\x{E38}\x{E14}"
      text run at (0,2338) width 16: "\x{E44}\x{E1B}"
      text run at (0,2357) width 16: "\x{E43}\x{E15}\x{E49}"
      text run at (0,2376) width 20: "\x{E1E}\x{E37}\x{E49}\x{E19}"
      text run at (0,2395) width 29: "\x{E40}\x{E23}\x{E35}\x{E22}\x{E01}"
      text run at (0,2414) width 14: "\x{E27}\x{E48}\x{E32}"
      text run at (0,2433) width 38: "\"\x{E42}\x{E1E}\x{E23}\x{E07}"
      text run at (0,2452) width 57: "\x{E44}\x{E0B}\x{E42}\x{E04}\x{E25}\x{E19}\""
      text run at (0,2471) width 24: "\x{E40}\x{E1B}\x{E47}\x{E19}"
      text run at (0,2490) width 9: "\x{E17}\x{E35}\x{E48}"
      text run at (0,2509) width 57: "\x{E04}\x{E23}\x{E2D}\x{E1A}\x{E04}\x{E23}\x{E31}\x{E27}"
      text run at (0,2528) width 10: "\x{E19}\x{E35}\x{E49}"
      text run at (0,2547) width 14: "\x{E08}\x{E30}"
      text run at (0,2566) width 18: "\x{E21}\x{E38}\x{E14}"
      text run at (0,2585) width 35: "\x{E40}\x{E02}\x{E49}\x{E32}\x{E44}\x{E1B}"
      text run at (0,2604) width 22: "\x{E40}\x{E21}\x{E37}\x{E48}\x{E2D}"
      text run at (0,2623) width 23: "\x{E40}\x{E01}\x{E34}\x{E14}"
      text run at (0,2642) width 17: "\x{E25}\x{E21}"
      text run at (0,2661) width 24: "\x{E21}\x{E2B}\x{E32}"
      text run at (0,2680) width 17: "\x{E20}\x{E31}\x{E22}"
      text run at (0,2699) width 16: "\x{E0B}\x{E36}\x{E48}\x{E07}"
      text run at (0,2718) width 46: "\x{E01}\x{E23}\x{E30}\x{E42}\x{E0A}\x{E01}"
      text run at (0,2737) width 22: "\x{E41}\x{E23}\x{E07}"
      text run at (0,2756) width 18: "\x{E08}\x{E19}"
      text run at (0,2775) width 34: "\x{E1A}\x{E14}\x{E02}\x{E22}\x{E35}\x{E49}"
      text run at (0,2794) width 15: "\x{E2A}\x{E34}\x{E48}\x{E07}"
      text run at (0,2813) width 17: "\x{E01}\x{E48}\x{E2D}"
      text run at (0,2832) width 28: "\x{E2A}\x{E23}\x{E49}\x{E32}\x{E07}"
      text run at (0,2851) width 23: "\x{E43}\x{E14}\x{E46}"
      text run at (0,2870) width 9: "\x{E17}\x{E35}\x{E48}"
      text run at (0,2889) width 29: "\x{E02}\x{E27}\x{E32}\x{E07}"
      text run at (0,2908) width 22: "\x{E17}\x{E32}\x{E07}"
      text run at (0,2927) width 19: "\x{E21}\x{E31}\x{E19}"
      text run at (0,2946) width 16: "\x{E44}\x{E14}\x{E49}"
      text run at (0,2965) width 23: "\x{E15}\x{E23}\x{E07}"
      text run at (0,2984) width 30: "\x{E01}\x{E25}\x{E32}\x{E07}"
      text run at (0,3003) width 20: "\x{E1E}\x{E37}\x{E49}\x{E19}"
      text run at (0,3022) width 9: "\x{E21}\x{E35}"
      text run at (0,3041) width 15: "\x{E1D}\x{E32}"
      text run at (0,3060) width 23: "\x{E40}\x{E1B}\x{E34}\x{E14}"
      text run at (0,3079) width 35: "\x{E40}\x{E02}\x{E49}\x{E32}\x{E44}\x{E1B}"
      text run at (0,3098) width 23: "\x{E08}\x{E32}\x{E01}"
      text run at (0,3117) width 20: "\x{E19}\x{E31}\x{E49}\x{E19}"
      text run at (0,3136) width 9: "\x{E21}\x{E35}"
      text run at (0,3155) width 35: "\x{E1A}\x{E31}\x{E19}\x{E44}\x{E14}"
      text run at (0,3174) width 15: "\x{E25}\x{E07}"
      text run at (0,3193) width 16: "\x{E44}\x{E1B}"
      text run at (0,3212) width 15: "\x{E16}\x{E36}\x{E07}"
      text run at (0,3231) width 31: "\x{E42}\x{E1E}\x{E23}\x{E07}"
      text run at (0,3250) width 18: "\x{E21}\x{E37}\x{E14}"
      text run at (0,3269) width 29: "\x{E40}\x{E25}\x{E47}\x{E01}\x{E46}"
      text run at (0,3288) width 22: "\x{E40}\x{E21}\x{E37}\x{E48}\x{E2D}"
      text run at (0,3307) width 16: "\x{E42}\x{E14}"
      text run at (0,3326) width 21: "\x{E42}\x{E23}\x{E18}\x{E35}"
      text run at (0,3345) width 18: "\x{E22}\x{E37}\x{E19}"
      text run at (0,3364) width 9: "\x{E17}\x{E35}\x{E48}"
      text run at (0,3383) width 24: "\x{E1B}\x{E32}\x{E01}"
      text run at (0,3402) width 31: "\x{E1B}\x{E23}\x{E30}\x{E15}\x{E39}"
      text run at (0,3421) width 22: "\x{E41}\x{E25}\x{E30}"
      text run at (0,3440) width 24: "\x{E21}\x{E2D}\x{E07}"
      text run at (0,3459) width 16: "\x{E44}\x{E1B}"
      text run at (0,3478) width 31: "\x{E23}\x{E2D}\x{E1A}\x{E46}"
      text run at (0,3497) width 20: "\x{E40}\x{E18}\x{E2D}"
      text run at (0,3516) width 16: "\x{E44}\x{E21}\x{E48}"
      text run at (0,3535) width 24: "\x{E40}\x{E2B}\x{E47}\x{E19}"
      text run at (0,3554) width 28: "\x{E2D}\x{E30}\x{E44}\x{E23}"
      text run at (0,3573) width 50: "\x{E19}\x{E2D}\x{E01}\x{E08}\x{E32}\x{E01}"
      text run at (0,3592) width 24: "\x{E17}\x{E49}\x{E2D}\x{E07}"
      text run at (0,3611) width 16: "\x{E17}\x{E38}\x{E48}\x{E07}"
      text run at (0,3630) width 30: "\x{E01}\x{E27}\x{E49}\x{E32}\x{E07}"
      text run at (0,3649) width 8: "\x{E2A}\x{E35}"
      text run at (0,3668) width 20: "\x{E40}\x{E17}\x{E32}"
      text run at (0,3687) width 28: "\x{E2B}\x{E21}\x{E48}\x{E19}"
      text run at (0,3706) width 17: "\x{E17}\x{E31}\x{E48}\x{E27}"
      text run at (0,3725) width 18: "\x{E17}\x{E38}\x{E01}"
      text run at (0,3744) width 25: "\x{E14}\x{E49}\x{E32}\x{E19}"
      text run at (0,3763) width 25: "\x{E44}\x{E21}\x{E48}\x{E21}\x{E35}"
      text run at (0,3782) width 17: "\x{E41}\x{E21}\x{E49}"
      text run at (0,3801) width 35: "\x{E15}\x{E49}\x{E19}\x{E44}\x{E21}\x{E49}"
      text run at (0,3820) width 17: "\x{E2A}\x{E31}\x{E01}"
      text run at (0,3839) width 19: "\x{E15}\x{E49}\x{E19}"
      text run at (0,3858) width 24: "\x{E2B}\x{E23}\x{E37}\x{E2D}"
      text run at (0,3877) width 25: "\x{E1A}\x{E49}\x{E32}\x{E19}"
      text run at (0,3896) width 17: "\x{E2A}\x{E31}\x{E01}"
      text run at (0,3915) width 24: "\x{E2B}\x{E25}\x{E31}\x{E07}"
      text run at (0,3934) width 9: "\x{E17}\x{E35}\x{E48}"
      text run at (0,3953) width 24: "\x{E42}\x{E1C}\x{E25}\x{E48}"
      text run at (0,3972) width 20: "\x{E1E}\x{E49}\x{E19}"
      text run at (0,3991) width 63: "\x{E20}\x{E39}\x{E21}\x{E34}\x{E1B}\x{E23}\x{E30}\x{E40}\x{E17}\x{E28}"
      text run at (0,4010) width 18: "\x{E2D}\x{E31}\x{E19}"
      text run at (0,4029) width 22: "\x{E23}\x{E32}\x{E1A}"
      text run at (0,4048) width 29: "\x{E40}\x{E23}\x{E35}\x{E22}\x{E1A}"
      text run at (0,4067) width 17: "\x{E41}\x{E1C}\x{E48}"
      text run at (0,4086) width 16: "\x{E44}\x{E1B}"
      text run at (0,4105) width 24: "\x{E44}\x{E01}\x{E25}"
      text run at (0,4124) width 18: "\x{E08}\x{E19}"
      text run at (0,4143) width 17: "\x{E08}\x{E14}"
      text run at (0,4162) width 25: "\x{E02}\x{E2D}\x{E1A}"
      text run at (0,4181) width 16: "\x{E1F}\x{E49}\x{E32}"
      text run at (0,4200) width 17: "\x{E17}\x{E31}\x{E48}\x{E27}"
      text run at (0,4219) width 18: "\x{E17}\x{E38}\x{E01}"
      text run at (0,4238) width 18: "\x{E17}\x{E34}\x{E28}"
      text run at (0,4257) width 57: "\x{E14}\x{E27}\x{E07}\x{E15}\x{E30}\x{E27}\x{E31}\x{E19}"
      text run at (0,4276) width 20: "\x{E40}\x{E1C}\x{E32}"
      text run at (0,4295) width 19: "\x{E1C}\x{E37}\x{E19}"
      text run at (0,4314) width 19: "\x{E14}\x{E34}\x{E19}"
      text run at (0,4333) width 9: "\x{E17}\x{E35}\x{E48}"
      text run at (0,4352) width 15: "\x{E44}\x{E16}"
      text run at (0,4371) width 24: "\x{E41}\x{E25}\x{E49}\x{E27}"
      text run at (0,4390) width 18: "\x{E08}\x{E19}"
      text run at (0,4409) width 31: "\x{E01}\x{E25}\x{E32}\x{E22}"
      text run at (0,4428) width 24: "\x{E40}\x{E1B}\x{E47}\x{E19}"
      text run at (0,4447) width 27: "\x{E41}\x{E1C}\x{E48}\x{E19}"
      text run at (0,4466) width 33: "\x{E21}\x{E2B}\x{E36}\x{E21}\x{E32}"
      text run at (0,4485) width 8: "\x{E2A}\x{E35}"
      text run at (0,4504) width 15: "\x{E14}\x{E33}"
      text run at (0,4523) width 9: "\x{E21}\x{E35}"
      text run at (0,4542) width 23: "\x{E23}\x{E2D}\x{E22}"
      text run at (0,4561) width 26: "\x{E41}\x{E15}\x{E01}"
      text run at (0,4580) width 37: "\x{E23}\x{E30}\x{E41}\x{E2B}\x{E07}"
      text run at (0,4599) width 16: "\x{E2D}\x{E22}\x{E39}\x{E48}"
      text run at (0,4618) width 34: "\x{E15}\x{E25}\x{E2D}\x{E14}"
      text run at (0,4637) width 34: "\x{E41}\x{E21}\x{E49}\x{E41}\x{E15}\x{E48}"
      text run at (0,4656) width 26: "\x{E2B}\x{E0D}\x{E49}\x{E32}"
      text run at (0,4675) width 9: "\x{E01}\x{E47}"
      text run at (0,4694) width 16: "\x{E44}\x{E21}\x{E48}"
      text run at (0,4713) width 29: "\x{E40}\x{E02}\x{E35}\x{E22}\x{E27}"
      text run at (0,4732) width 34: "\x{E40}\x{E1E}\x{E23}\x{E32}\x{E30}"
      text run at (0,4751) width 57: "\x{E14}\x{E27}\x{E07}\x{E15}\x{E30}\x{E27}\x{E31}\x{E19}"
      text run at (0,4770) width 20: "\x{E40}\x{E1C}\x{E32}"
      text run at (0,4789) width 25: "\x{E22}\x{E2D}\x{E14}"
      text run at (0,4808) width 16: "\x{E43}\x{E1A}"
      text run at (0,4827) width 22: "\x{E22}\x{E32}\x{E27}"
      text run at (0,4846) width 21: "\x{E40}\x{E2A}\x{E35}\x{E22}"
      text run at (0,4865) width 18: "\x{E08}\x{E19}"
      text run at (0,4884) width 24: "\x{E40}\x{E1B}\x{E47}\x{E19}"
      text run at (0,4903) width 8: "\x{E2A}\x{E35}"
      text run at (0,4922) width 20: "\x{E40}\x{E17}\x{E32}"
      text run at (0,4941) width 28: "\x{E2B}\x{E21}\x{E48}\x{E19}"
      text run at (0,4960) width 24: "\x{E21}\x{E2D}\x{E07}"
      text run at (0,4979) width 24: "\x{E40}\x{E2B}\x{E47}\x{E19}"
      text run at (0,4998) width 16: "\x{E2D}\x{E22}\x{E39}\x{E48}"
      text run at (0,5017) width 33: "\x{E17}\x{E31}\x{E48}\x{E27}\x{E44}\x{E1B}"
      text run at (0,5036) width 23: "\x{E04}\x{E23}\x{E31}\x{E49}\x{E07}"
      text run at (0,5055) width 26: "\x{E2B}\x{E19}\x{E36}\x{E48}\x{E07}"
      text run at (0,5074) width 22: "\x{E40}\x{E04}\x{E22}"
      text run at (0,5093) width 23: "\x{E17}\x{E32}\x{E2A}\x{E35}"
      text run at (0,5112) width 25: "\x{E1A}\x{E49}\x{E32}\x{E19}"
      text run at (0,5131) width 19: "\x{E40}\x{E2D}\x{E32}"
      text run at (0,5150) width 15: "\x{E44}\x{E27}\x{E49}"
      text run at (0,5169) width 17: "\x{E41}\x{E15}\x{E48}"
      text run at (0,5188) width 9: "\x{E01}\x{E47}"
      text run at (0,5207) width 17: "\x{E16}\x{E39}\x{E01}"
      text run at (0,5226) width 57: "\x{E14}\x{E27}\x{E07}\x{E15}\x{E30}\x{E27}\x{E31}\x{E19}"
      text run at (0,5245) width 20: "\x{E40}\x{E1C}\x{E32}"
      text run at (0,5264) width 21: "\x{E40}\x{E2A}\x{E35}\x{E22}"
      text run at (0,5283) width 18: "\x{E08}\x{E19}"
      text run at (0,5302) width 8: "\x{E2A}\x{E35}"
      text run at (0,5321) width 25: "\x{E1E}\x{E2D}\x{E07}"
      text run at (0,5340) width 24: "\x{E41}\x{E25}\x{E49}\x{E27}"
      text run at (0,5359) width 19: "\x{E1D}\x{E19}"
      text run at (0,5378) width 9: "\x{E01}\x{E47}"
      text run at (0,5397) width 14: "\x{E0A}\x{E30}"
      text run at (0,5416) width 19: "\x{E21}\x{E31}\x{E19}"
      text run at (0,5435) width 26: "\x{E2B}\x{E25}\x{E38}\x{E14}"
      text run at (0,5454) width 16: "\x{E44}\x{E1B}"
      text run at (0,5473) width 18: "\x{E08}\x{E19}"
      text run at (0,5492) width 27: "\x{E2B}\x{E21}\x{E14}"
      text run at (0,5511) width 22: "\x{E41}\x{E25}\x{E30}"
      text run at (0,5530) width 27: "\x{E15}\x{E2D}\x{E19}"
      text run at (0,5549) width 10: "\x{E19}\x{E35}\x{E49}"
      text run at (0,5568) width 25: "\x{E1A}\x{E49}\x{E32}\x{E19}"
      text run at (0,5587) width 15: "\x{E08}\x{E36}\x{E07}"
      text run at (0,5606) width 9: "\x{E14}\x{E39}"
      text run at (0,5625) width 61: "\x{E2B}\x{E21}\x{E48}\x{E19}\x{E2B}\x{E21}\x{E2D}\x{E07}"
      text run at (0,5644) width 24: "\x{E40}\x{E1B}\x{E47}\x{E19}"
      text run at (0,5663) width 8: "\x{E2A}\x{E35}"
      text run at (0,5682) width 20: "\x{E40}\x{E17}\x{E32}"
      text run at (0,5701) width 41: "\x{E40}\x{E2B}\x{E21}\x{E37}\x{E2D}\x{E19}"
      text run at (0,5720) width 15: "\x{E2A}\x{E34}\x{E48}\x{E07}"
      text run at (0,5739) width 25: "\x{E2D}\x{E37}\x{E48}\x{E19}\x{E46}"
      text run at (0,5758) width 25: "\x{E14}\x{E49}\x{E27}\x{E22}"
      text run at (0,5777) width 27: "\x{E15}\x{E2D}\x{E19}"
      text run at (0,5796) width 9: "\x{E17}\x{E35}\x{E48}"
      text run at (0,5815) width 15: "\x{E1B}\x{E49}\x{E32}"
      text run at (0,5834) width 22: "\x{E40}\x{E2D}\x{E47}\x{E21}"
      text run at (0,5853) width 22: "\x{E22}\x{E49}\x{E32}\x{E22}"
      text run at (0,5872) width 15: "\x{E21}\x{E32}"
      text run at (0,5891) width 16: "\x{E2D}\x{E22}\x{E39}\x{E48}"
      text run at (0,5910) width 9: "\x{E17}\x{E35}\x{E48}"
      text run at (0,5929) width 10: "\x{E19}\x{E35}\x{E48}"
      text run at (0,5948) width 20: "\x{E40}\x{E18}\x{E2D}"
      text run at (0,5967) width 15: "\x{E22}\x{E31}\x{E07}"
      text run at (0,5986) width 22: "\x{E2A}\x{E32}\x{E27}"
      text run at (0,6005) width 24: "\x{E40}\x{E1B}\x{E47}\x{E19}"
      text run at (0,6024) width 37: "\x{E20}\x{E23}\x{E23}\x{E22}\x{E32}"
      text run at (0,6043) width 9: "\x{E17}\x{E35}\x{E48}"
      text run at (0,6062) width 38: "\x{E07}\x{E14}\x{E07}\x{E32}\x{E21}"
      text run at (0,6081) width 24: "\x{E41}\x{E25}\x{E49}\x{E27}"
      text run at (0,6100) width 26: "\x{E41}\x{E14}\x{E14}"
      text run at (0,6119) width 22: "\x{E41}\x{E25}\x{E30}"
      text run at (0,6138) width 17: "\x{E25}\x{E21}"
      text run at (0,6157) width 25: "\x{E01}\x{E47}\x{E44}\x{E14}\x{E49}"
      text run at (0,6176) width 40: "\x{E40}\x{E1B}\x{E25}\x{E35}\x{E48}\x{E22}\x{E19}"
      text run at (0,6195) width 20: "\x{E40}\x{E18}\x{E2D}"
      text run at (0,6214) width 16: "\x{E44}\x{E1B}"
      text run at (0,6233) width 19: "\x{E40}\x{E2D}\x{E32}"
      text run at (0,6252) width 45: "\x{E1B}\x{E23}\x{E30}\x{E01}\x{E32}\x{E22}"
      text run at (0,6271) width 16: "\x{E44}\x{E1B}"
      text run at (0,6290) width 23: "\x{E08}\x{E32}\x{E01}"
      text run at (0,6309) width 39: "\x{E14}\x{E27}\x{E07}\x{E15}\x{E32}"
      text run at (0,6328) width 20: "\x{E40}\x{E18}\x{E2D}"
      text run at (0,6347) width 33: "\x{E1B}\x{E25}\x{E48}\x{E2D}\x{E22}"
      text run at (0,6366) width 15: "\x{E44}\x{E27}\x{E49}"
      text run at (0,6385) width 17: "\x{E41}\x{E15}\x{E48}"
      text run at (0,6404) width 32: "\x{E04}\x{E27}\x{E32}\x{E21}"
      text run at (0,6423) width 25: "\x{E2A}\x{E38}\x{E02}\x{E38}\x{E21}"
      text run at (0,6442) width 29: "\x{E2D}\x{E22}\x{E48}\x{E32}\x{E07}"
      text run at (0,6461) width 61: "\x{E2B}\x{E21}\x{E48}\x{E19}\x{E2B}\x{E21}\x{E2D}\x{E07}"
      text run at (0,6480) width 19: "\x{E40}\x{E2D}\x{E32}"
      text run at (0,6499) width 8: "\x{E2A}\x{E35}"
      text run at (0,6518) width 24: "\x{E41}\x{E14}\x{E07}"
      text run at (0,6537) width 23: "\x{E08}\x{E32}\x{E01}"
      text run at (0,6556) width 26: "\x{E41}\x{E01}\x{E49}\x{E21}"
      text run at (0,6575) width 22: "\x{E41}\x{E25}\x{E30}"
      text run at (0,6594) width 16: "\x{E23}\x{E34}\x{E21}"
      text run at (0,6613) width 33: "\x{E1D}\x{E35}\x{E1B}\x{E32}\x{E01}"
      text run at (0,6632) width 20: "\x{E40}\x{E18}\x{E2D}"
      text run at (0,6651) width 16: "\x{E44}\x{E1B}"
      text run at (0,6670) width 31: "\x{E01}\x{E25}\x{E32}\x{E22}"
      text run at (0,6689) width 24: "\x{E40}\x{E1B}\x{E47}\x{E19}"
      text run at (0,6708) width 8: "\x{E2A}\x{E35}"
      text run at (0,6727) width 35: "\x{E2B}\x{E21}\x{E48}\x{E19}\x{E46}"
      text run at (0,6746) width 41: "\x{E40}\x{E2B}\x{E21}\x{E37}\x{E2D}\x{E19}"
      text run at (0,6765) width 19: "\x{E01}\x{E31}\x{E19}"
      text run at (0,6784) width 20: "\x{E40}\x{E18}\x{E2D}"
      text run at (0,6803) width 26: "\x{E1C}\x{E2D}\x{E21}"
      text run at (0,6822) width 22: "\x{E41}\x{E25}\x{E30}"
      text run at (0,6841) width 24: "\x{E2B}\x{E25}\x{E31}\x{E07}"
      text run at (0,6860) width 23: "\x{E42}\x{E04}\x{E49}\x{E07}"
      text run at (0,6879) width 22: "\x{E41}\x{E25}\x{E30}"
      text run at (0,6898) width 30: "\x{E40}\x{E14}\x{E35}\x{E4B}\x{E22}\x{E27}"
      text run at (0,6917) width 10: "\x{E19}\x{E35}\x{E49}"
      text run at (0,6936) width 16: "\x{E44}\x{E21}\x{E48}"
      text run at (0,6955) width 22: "\x{E40}\x{E04}\x{E22}"
      text run at (0,6974) width 17: "\x{E22}\x{E34}\x{E49}\x{E21}"
      text run at (0,6993) width 21: "\x{E40}\x{E25}\x{E22}"
      text run at (0,7012) width 22: "\x{E40}\x{E21}\x{E37}\x{E48}\x{E2D}"
      text run at (0,7031) width 16: "\x{E42}\x{E14}"
      text run at (0,7050) width 21: "\x{E42}\x{E23}\x{E18}\x{E35}"
      text run at (0,7069) width 16: "\x{E0B}\x{E36}\x{E48}\x{E07}"
      text run at (0,7088) width 24: "\x{E40}\x{E1B}\x{E47}\x{E19}"
      text run at (0,7107) width 23: "\x{E40}\x{E14}\x{E47}\x{E01}"
      text run at (0,7126) width 38: "\x{E01}\x{E33}\x{E1E}\x{E23}\x{E49}\x{E32}"
      text run at (0,7145) width 15: "\x{E21}\x{E32}"
      text run at (0,7164) width 16: "\x{E2D}\x{E22}\x{E39}\x{E48}"
      text run at (0,7183) width 18: "\x{E01}\x{E31}\x{E1A}"
      text run at (0,7202) width 20: "\x{E40}\x{E18}\x{E2D}"
      text run at (0,7221) width 27: "\x{E15}\x{E2D}\x{E19}"
      text run at (0,7240) width 24: "\x{E41}\x{E23}\x{E01}"
      text run at (0,7259) width 15: "\x{E1B}\x{E49}\x{E32}"
      text run at (0,7278) width 22: "\x{E40}\x{E2D}\x{E47}\x{E21}"
      text run at (0,7297) width 19: "\x{E15}\x{E37}\x{E48}\x{E19}"
      text run at (0,7316) width 24: "\x{E40}\x{E15}\x{E49}\x{E19}"
      text run at (0,7335) width 18: "\x{E01}\x{E31}\x{E1A}"
      text run at (0,7354) width 28: "\x{E40}\x{E2A}\x{E35}\x{E22}\x{E07}"
      text run at (0,7373) width 41: "\x{E2B}\x{E31}\x{E27}\x{E40}\x{E23}\x{E32}\x{E30}"
      text run at (0,7392) width 23: "\x{E02}\x{E2D}\x{E07}"
      text run at (0,7411) width 23: "\x{E40}\x{E14}\x{E47}\x{E01}"
      text run at (0,7430) width 26: "\x{E19}\x{E49}\x{E2D}\x{E22}"
      text run at (0,7449) width 24: "\x{E21}\x{E32}\x{E01}"
      text run at (0,7468) width 20: "\x{E40}\x{E18}\x{E2D}"
      text run at (0,7487) width 14: "\x{E08}\x{E30}"
      text run at (0,7506) width 15: "\x{E2A}\x{E48}\x{E07}"
      text run at (0,7525) width 28: "\x{E40}\x{E2A}\x{E35}\x{E22}\x{E07}"
      text run at (0,7544) width 22: "\x{E23}\x{E49}\x{E2D}\x{E07}"
      text run at (0,7563) width 24: "\x{E41}\x{E25}\x{E49}\x{E27}"
      text run at (0,7582) width 19: "\x{E40}\x{E2D}\x{E32}"
      text run at (0,7601) width 17: "\x{E21}\x{E37}\x{E2D}"
      text run at (0,7620) width 24: "\x{E17}\x{E32}\x{E1A}"
      text run at (0,7639) width 17: "\x{E2D}\x{E01}"
      text run at (0,7658) width 18: "\x{E17}\x{E38}\x{E01}"
      text run at (0,7677) width 23: "\x{E04}\x{E23}\x{E31}\x{E49}\x{E07}"
      text run at (0,7696) width 9: "\x{E17}\x{E35}\x{E48}"
      text run at (0,7715) width 28: "\x{E40}\x{E2A}\x{E35}\x{E22}\x{E07}"
      text run at (0,7734) width 18: "\x{E2D}\x{E31}\x{E19}"
      text run at (0,7753) width 32: "\x{E23}\x{E48}\x{E32}\x{E40}\x{E23}\x{E34}\x{E07}"
      text run at (0,7772) width 23: "\x{E02}\x{E2D}\x{E07}"
      text run at (0,7791) width 16: "\x{E42}\x{E14}"
      text run at (0,7810) width 21: "\x{E42}\x{E23}\x{E18}\x{E35}"
      text run at (0,7829) width 28: "\x{E40}\x{E02}\x{E49}\x{E32}\x{E2B}\x{E39}"
      text run at (0,7848) width 20: "\x{E40}\x{E18}\x{E2D}"
      text run at (0,7867) width 22: "\x{E41}\x{E25}\x{E30}"
      text run at (0,7886) width 20: "\x{E40}\x{E18}\x{E2D}"
      text run at (0,7905) width 20: "\x{E40}\x{E1D}\x{E49}\x{E32}"
      text run at (0,7924) width 24: "\x{E21}\x{E2D}\x{E07}"
      text run at (0,7943) width 23: "\x{E40}\x{E14}\x{E47}\x{E01}"
      text run at (0,7962) width 27: "\x{E2B}\x{E0D}\x{E34}\x{E07}"
      text run at (0,7981) width 33: "\x{E19}\x{E49}\x{E2D}\x{E22}\x{E46}"
      text run at (0,8000) width 25: "\x{E14}\x{E49}\x{E27}\x{E22}"
      text run at (0,8019) width 32: "\x{E04}\x{E27}\x{E32}\x{E21}"
      text run at (0,8038) width 54: "\x{E1B}\x{E23}\x{E30}\x{E2B}\x{E25}\x{E32}\x{E14}"
      text run at (0,8057) width 15: "\x{E43}\x{E08}"
      text run at (0,8076) width 25: "\x{E14}\x{E49}\x{E27}\x{E22}"
      text run at (0,8095) width 15: "\x{E22}\x{E31}\x{E07}"
      text run at (0,8114) width 15: "\x{E2B}\x{E32}"
      text run at (0,8133) width 28: "\x{E2D}\x{E30}\x{E44}\x{E23}"
      text run at (0,8152) width 15: "\x{E21}\x{E32}"
      text run at (0,8171) width 24: "\x{E40}\x{E1B}\x{E47}\x{E19}"
      text run at (0,8190) width 27: "\x{E40}\x{E23}\x{E37}\x{E48}\x{E2D}\x{E07}"
      text run at (0,8209) width 41: "\x{E2B}\x{E31}\x{E27}\x{E40}\x{E23}\x{E32}\x{E30}"
      text run at (0,8228) width 16: "\x{E44}\x{E14}\x{E49}"
      text run at (0,8247) width 15: "\x{E25}\x{E38}\x{E07}"
      text run at (0,8266) width 13: "\x{E40}\x{E2E}"
      text run at (0,8285) width 17: "\x{E19}\x{E23}\x{E35}"
      text run at (0,8304) width 16: "\x{E44}\x{E21}\x{E48}"
      text run at (0,8323) width 22: "\x{E40}\x{E04}\x{E22}"
      text run at (0,8342) width 41: "\x{E2B}\x{E31}\x{E27}\x{E40}\x{E23}\x{E32}\x{E30}"
      text run at (0,8361) width 15: "\x{E25}\x{E38}\x{E07}"
      text run at (0,8380) width 38: "\x{E17}\x{E33}\x{E07}\x{E32}\x{E19}"
      text run at (0,8399) width 28: "\x{E2B}\x{E19}\x{E31}\x{E01}"
      text run at (0,8418) width 23: "\x{E08}\x{E32}\x{E01}"
      text run at (0,8437) width 19: "\x{E40}\x{E0A}\x{E49}\x{E32}"
      text run at (0,8456) width 18: "\x{E22}\x{E31}\x{E19}"
      text run at (0,8475) width 15: "\x{E04}\x{E48}\x{E33}"
      text run at (0,8494) width 22: "\x{E41}\x{E25}\x{E30}"
      text run at (0,8513) width 16: "\x{E44}\x{E21}\x{E48}"
      text run at (0,8532) width 22: "\x{E40}\x{E04}\x{E22}"
      text run at (0,8551) width 24: "\x{E23}\x{E39}\x{E49}\x{E08}\x{E31}\x{E01}"
      text run at (0,8570) width 14: "\x{E27}\x{E48}\x{E32}"
      text run at (0,8589) width 32: "\x{E04}\x{E27}\x{E32}\x{E21}"
      text run at (0,8608) width 32: "\x{E23}\x{E48}\x{E32}\x{E40}\x{E23}\x{E34}\x{E07}"
      text run at (0,8627) width 17: "\x{E04}\x{E37}\x{E2D}"
      text run at (0,8646) width 28: "\x{E2D}\x{E30}\x{E44}\x{E23}"
      text run at (0,8665) width 15: "\x{E25}\x{E38}\x{E07}"
      text run at (0,8684) width 9: "\x{E14}\x{E39}"
      text run at (0,8703) width 61: "\x{E2B}\x{E21}\x{E48}\x{E19}\x{E2B}\x{E21}\x{E2D}\x{E07}"
      text run at (0,8722) width 16: "\x{E44}\x{E1B}"
      text run at (0,8741) width 27: "\x{E2B}\x{E21}\x{E14}"
      text run at (0,8760) width 33: "\x{E15}\x{E31}\x{E49}\x{E07}\x{E41}\x{E15}\x{E48}"
      text run at (0,8779) width 27: "\x{E40}\x{E04}\x{E23}\x{E32}"
      text run at (0,8798) width 22: "\x{E22}\x{E32}\x{E27}"
      text run at (0,8817) width 18: "\x{E08}\x{E19}"
      text run at (0,8836) width 17: "\x{E08}\x{E14}"
      text run at (0,8855) width 42: "\x{E23}\x{E2D}\x{E07}\x{E40}\x{E17}\x{E49}\x{E32}"
      text run at (0,8874) width 18: "\x{E1A}\x{E39}\x{E15}"
      text run at (0,8893) width 18: "\x{E2D}\x{E31}\x{E19}"
      text run at (0,8912) width 32: "\x{E2B}\x{E22}\x{E32}\x{E1A}"
      text run at (0,8931) width 24: "\x{E41}\x{E25}\x{E49}\x{E27}"
      text run at (0,8950) width 15: "\x{E25}\x{E38}\x{E07}"
      text run at (0,8969) width 9: "\x{E01}\x{E47}"
      text run at (0,8988) width 9: "\x{E14}\x{E39}"
      text run at (0,9007) width 52: "\x{E40}\x{E04}\x{E23}\x{E48}\x{E07}\x{E02}\x{E23}\x{E36}\x{E21}"
      text run at (0,9026) width 16: "\x{E19}\x{E48}\x{E32}"
      text run at (0,9045) width 28: "\x{E40}\x{E01}\x{E23}\x{E07}"
      text run at (0,9064) width 23: "\x{E02}\x{E32}\x{E21}"
      text run at (0,9083) width 16: "\x{E44}\x{E21}\x{E48}"
      text run at (0,9102) width 25: "\x{E04}\x{E48}\x{E2D}\x{E22}"
      text run at (0,9121) width 14: "\x{E08}\x{E30}"
      text run at (0,9140) width 19: "\x{E1E}\x{E39}\x{E14}"
      text run at (0,9159) width 9: "\x{E21}\x{E35}"
      text run at (0,9178) width 16: "\x{E42}\x{E15}"
      text run at (0,9197) width 16: "\x{E42}\x{E15}\x{E49}"
      text run at (0,9216) width 9: "\x{E17}\x{E35}\x{E48}"
      text run at (0,9235) width 31: "\x{E17}\x{E33}\x{E43}\x{E2B}\x{E49}"
      text run at (0,9254) width 16: "\x{E42}\x{E14}"
      text run at (0,9273) width 21: "\x{E42}\x{E23}\x{E18}\x{E35}"
      text run at (0,9292) width 41: "\x{E2B}\x{E31}\x{E27}\x{E40}\x{E23}\x{E32}\x{E30}"
      text run at (0,9311) width 16: "\x{E44}\x{E14}\x{E49}"
      text run at (0,9330) width 22: "\x{E41}\x{E25}\x{E30}"
      text run at (0,9349) width 24: "\x{E0A}\x{E48}\x{E27}\x{E22}"
      text run at (0,9368) width 20: "\x{E40}\x{E18}\x{E2D}"
      text run at (0,9387) width 16: "\x{E43}\x{E2B}\x{E49}"
      text run at (0,9406) width 20: "\x{E1E}\x{E49}\x{E19}"
      text run at (0,9425) width 23: "\x{E08}\x{E32}\x{E01}"
      text run at (0,9444) width 31: "\x{E01}\x{E32}\x{E23}\x{E01}"
      text run at (0,9463) width 22: "\x{E25}\x{E32}\x{E22}"
      text run at (0,9482) width 24: "\x{E40}\x{E1B}\x{E47}\x{E19}"
      text run at (0,9501) width 8: "\x{E2A}\x{E35}"
      text run at (0,9520) width 20: "\x{E40}\x{E17}\x{E32}"
      text run at (0,9539) width 28: "\x{E2B}\x{E21}\x{E48}\x{E19}"
      text run at (0,9558) width 41: "\x{E40}\x{E2B}\x{E21}\x{E37}\x{E2D}\x{E19}"
      text run at (0,9577) width 18: "\x{E01}\x{E31}\x{E1A}"
      text run at (0,9596) width 15: "\x{E2A}\x{E34}\x{E48}\x{E07}"
      text run at (0,9615) width 24: "\x{E23}\x{E2D}\x{E1A}"
      text run at (0,9634) width 17: "\x{E15}\x{E31}\x{E27}"
      text run at (0,9653) width 25: "\x{E2D}\x{E37}\x{E48}\x{E19}\x{E46}"
      text run at (0,9672) width 16: "\x{E42}\x{E15}"
      text run at (0,9691) width 16: "\x{E42}\x{E15}\x{E49}"
      text run at (0,9710) width 8: "\x{E2A}\x{E35}"
      text run at (0,9729) width 16: "\x{E44}\x{E21}\x{E48}"
      text run at (0,9748) width 20: "\x{E40}\x{E17}\x{E32}"
      text run at (0,9767) width 28: "\x{E2B}\x{E21}\x{E48}\x{E19}"
      text run at (0,9786) width 17: "\x{E41}\x{E15}\x{E48}"
      text run at (0,9805) width 19: "\x{E21}\x{E31}\x{E19}"
      text run at (0,9824) width 24: "\x{E40}\x{E1B}\x{E47}\x{E19}"
      text run at (0,9843) width 24: "\x{E2B}\x{E21}\x{E32}"
      text run at (0,9862) width 8: "\x{E2A}\x{E35}"
      text run at (0,9881) width 15: "\x{E14}\x{E33}"
      text run at (0,9900) width 17: "\x{E15}\x{E31}\x{E27}"
      text run at (0,9919) width 33: "\x{E19}\x{E49}\x{E2D}\x{E22}\x{E46}"
      text run at (0,9938) width 18: "\x{E02}\x{E19}"
      text run at (0,9957) width 22: "\x{E22}\x{E32}\x{E27}"
      text run at (0,9976) width 17: "\x{E1B}\x{E38}\x{E22}"
      text run at (0,9995) width 39: "\x{E23}\x{E32}\x{E27}\x{E01}\x{E31}\x{E1A}"
      text run at (0,10014) width 25: "\x{E44}\x{E2B}\x{E21}"
      text run at (0,10033) width 9: "\x{E21}\x{E35}"
      text run at (0,10052) width 15: "\x{E15}\x{E32}"
      text run at (0,10071) width 15: "\x{E14}\x{E33}"
      text run at (0,10090) width 22: "\x{E40}\x{E25}\x{E47}\x{E01}"
      text run at (0,10109) width 24: "\x{E40}\x{E1B}\x{E47}\x{E19}"
      text run at (0,10128) width 45: "\x{E1B}\x{E23}\x{E30}\x{E01}\x{E32}\x{E22}"
      text run at (0,10147) width 36: "\x{E23}\x{E37}\x{E48}\x{E19}\x{E40}\x{E23}\x{E34}\x{E07}"
      text run at (0,10166) width 16: "\x{E2D}\x{E22}\x{E39}\x{E48}"
      text run at (0,10185) width 23: "\x{E2A}\x{E2D}\x{E07}"
      text run at (0,10204) width 21: "\x{E02}\x{E49}\x{E32}\x{E07}"
      text run at (0,10223) width 26: "\x{E08}\x{E21}\x{E39}\x{E01}"
      text run at (0,10242) width 22: "\x{E40}\x{E25}\x{E47}\x{E01}"
      text run at (0,10261) width 18: "\x{E2D}\x{E31}\x{E19}"
      text run at (0,10280) width 16: "\x{E19}\x{E48}\x{E32}"
      text run at (0,10299) width 18: "\x{E02}\x{E31}\x{E19}"
      text run at (0,10318) width 23: "\x{E02}\x{E2D}\x{E07}"
      text run at (0,10337) width 19: "\x{E21}\x{E31}\x{E19}"
      text run at (0,10356) width 16: "\x{E42}\x{E15}"
      text run at (0,10375) width 16: "\x{E42}\x{E15}\x{E49}"
      text run at (0,10394) width 23: "\x{E40}\x{E25}\x{E48}\x{E19}"
      text run at (0,10413) width 16: "\x{E17}\x{E31}\x{E49}\x{E07}"
      text run at (0,10432) width 18: "\x{E27}\x{E31}\x{E19}"
      text run at (0,10451) width 22: "\x{E41}\x{E25}\x{E30}"
      text run at (0,10470) width 16: "\x{E42}\x{E14}"
      text run at (0,10489) width 21: "\x{E42}\x{E23}\x{E18}\x{E35}"
      text run at (0,10508) width 9: "\x{E01}\x{E47}"
      text run at (0,10527) width 23: "\x{E40}\x{E25}\x{E48}\x{E19}"
      text run at (0,10546) width 18: "\x{E01}\x{E31}\x{E1A}"
      text run at (0,10565) width 19: "\x{E21}\x{E31}\x{E19}"
      text run at (0,10584) width 22: "\x{E41}\x{E25}\x{E30}"
      text run at (0,10603) width 16: "\x{E23}\x{E31}\x{E01}"
      text run at (0,10622) width 19: "\x{E21}\x{E31}\x{E19}"
      text run at (0,10641) width 30: "\x{E40}\x{E2B}\x{E25}\x{E37}\x{E2D}"
      text run at (0,10660) width 24: "\x{E40}\x{E01}\x{E34}\x{E19}"
      text run at (0,10679) width 43: "\x{E2D}\x{E22}\x{E48}\x{E32}\x{E07}\x{E44}\x{E23}"
      text run at (0,10698) width 33: "\x{E01}\x{E47}\x{E15}\x{E32}\x{E21}"
      text run at (0,10717) width 18: "\x{E27}\x{E31}\x{E19}"
      text run at (0,10736) width 10: "\x{E19}\x{E35}\x{E49}"
      text run at (0,10755) width 16: "\x{E17}\x{E31}\x{E49}\x{E07}"
      text run at (0,10774) width 9: "\x{E04}\x{E39}\x{E48}"
      text run at (0,10793) width 16: "\x{E44}\x{E21}\x{E48}"
      text run at (0,10812) width 16: "\x{E44}\x{E14}\x{E49}"
      text run at (0,10831) width 23: "\x{E40}\x{E25}\x{E48}\x{E19}"
      text run at (0,10850) width 15: "\x{E25}\x{E38}\x{E07}"
      text run at (0,10869) width 13: "\x{E40}\x{E2E}"
      text run at (0,10888) width 17: "\x{E19}\x{E23}\x{E35}"
      text run at (0,10907) width 17: "\x{E19}\x{E31}\x{E48}\x{E07}"
      text run at (0,10926) width 16: "\x{E2D}\x{E22}\x{E39}\x{E48}"
      text run at (0,10945) width 9: "\x{E17}\x{E35}\x{E48}"
      text run at (0,10964) width 35: "\x{E1A}\x{E31}\x{E19}\x{E44}\x{E14}"
      text run at (0,10983) width 31: "\x{E1B}\x{E23}\x{E30}\x{E15}\x{E39}"
      text run at (0,11002) width 22: "\x{E41}\x{E25}\x{E30}"
      text run at (0,11021) width 20: "\x{E40}\x{E1D}\x{E49}\x{E32}"
      text run at (0,11040) width 32: "\x{E01}\x{E31}\x{E07}\x{E27}\x{E25}"
      text run at (0,11059) width 23: "\x{E08}\x{E49}\x{E2D}\x{E07}"
      text run at (0,11078) width 9: "\x{E14}\x{E39}"
      text run at (0,11097) width 40: "\x{E17}\x{E49}\x{E2D}\x{E07}\x{E1F}\x{E49}\x{E32}"
      text run at (0,11116) width 8: "\x{E2A}\x{E35}"
      text run at (0,11135) width 20: "\x{E40}\x{E17}\x{E32}"
      text run at (0,11154) width 28: "\x{E2B}\x{E21}\x{E48}\x{E19}"
      text run at (0,11173) width 18: "\x{E1C}\x{E34}\x{E14}"
      text run at (0,11192) width 27: "\x{E1B}\x{E01}\x{E15}\x{E34}"
      text run at (0,11211) width 16: "\x{E42}\x{E14}"
      text run at (0,11230) width 21: "\x{E42}\x{E23}\x{E18}\x{E35}"
      text run at (0,11249) width 18: "\x{E22}\x{E37}\x{E19}"
      text run at (0,11268) width 9: "\x{E17}\x{E35}\x{E48}"
      text run at (0,11287) width 31: "\x{E1B}\x{E23}\x{E30}\x{E15}\x{E39}"
      text run at (0,11306) width 26: "\x{E01}\x{E2D}\x{E14}"
      text run at (0,11325) width 16: "\x{E42}\x{E15}"
      text run at (0,11344) width 16: "\x{E42}\x{E15}\x{E49}"
      text run at (0,11363) width 15: "\x{E44}\x{E27}\x{E49}"
      text run at (0,11382) width 17: "\x{E43}\x{E19}"
      text run at (0,11401) width 25: "\x{E2D}\x{E49}\x{E2D}\x{E21}"
      text run at (0,11420) width 26: "\x{E41}\x{E02}\x{E19}"
      text run at (0,11439) width 22: "\x{E41}\x{E25}\x{E30}"
      text run at (0,11458) width 9: "\x{E01}\x{E47}"
      text run at (0,11477) width 24: "\x{E21}\x{E2D}\x{E07}"
      text run at (0,11496) width 9: "\x{E14}\x{E39}"
      text run at (0,11515) width 40: "\x{E17}\x{E49}\x{E2D}\x{E07}\x{E1F}\x{E49}\x{E32}"
      text run at (0,11534) width 16: "\x{E2D}\x{E22}\x{E39}\x{E48}"
      text run at (0,11553) width 41: "\x{E40}\x{E2B}\x{E21}\x{E37}\x{E2D}\x{E19}"
      text run at (0,11572) width 19: "\x{E01}\x{E31}\x{E19}"
      text run at (0,11591) width 15: "\x{E1B}\x{E49}\x{E32}"
      text run at (0,11610) width 13: "\x{E40}\x{E2D}\x{E47}"
      text run at (0,11629) width 24: "\x{E21}\x{E01}\x{E33}"
      text run at (0,11648) width 15: "\x{E25}\x{E31}\x{E07}"
      text run at (0,11667) width 21: "\x{E25}\x{E49}\x{E32}\x{E07}"
      text run at (0,11686) width 23: "\x{E0A}\x{E32}\x{E21}"
      text run at (0,11705) width 16: "\x{E2D}\x{E22}\x{E39}\x{E48}"
      text run at (0,11724) width 23: "\x{E08}\x{E32}\x{E01}"
      text run at (0,11743) width 25: "\x{E14}\x{E49}\x{E32}\x{E19}"
      text run at (0,11762) width 32: "\x{E40}\x{E2B}\x{E19}\x{E37}\x{E2D}"
      text run at (0,11781) width 24: "\x{E44}\x{E01}\x{E25}"
      text run at (0,11800) width 25: "\x{E2D}\x{E2D}\x{E01}"
      text run at (0,11819) width 16: "\x{E44}\x{E1B}"
      text run at (0,11838) width 9: "\x{E21}\x{E35}"
      text run at (0,11857) width 28: "\x{E40}\x{E2A}\x{E35}\x{E22}\x{E07}"
      text run at (0,11876) width 17: "\x{E25}\x{E21}"
      text run at (0,11895) width 29: "\x{E04}\x{E23}\x{E32}\x{E07}"
      text run at (0,11914) width 25: "\x{E41}\x{E1C}\x{E48}\x{E27}"
      text run at (0,11933) width 20: "\x{E40}\x{E1A}\x{E32}"
      text run at (0,11952) width 34: "\x{E44}\x{E14}\x{E49}\x{E22}\x{E34}\x{E19}"
      text run at (0,11971) width 15: "\x{E21}\x{E32}"
      text run at (0,11990) width 15: "\x{E25}\x{E38}\x{E07}"
      text run at (0,12009) width 13: "\x{E40}\x{E2E}"
      text run at (0,12028) width 17: "\x{E19}\x{E23}\x{E35}"
      text run at (0,12047) width 22: "\x{E41}\x{E25}\x{E30}"
      text run at (0,12066) width 16: "\x{E42}\x{E14}"
      text run at (0,12085) width 21: "\x{E42}\x{E23}\x{E18}\x{E35}"
      text run at (0,12104) width 24: "\x{E40}\x{E2B}\x{E47}\x{E19}"
      text run at (0,12123) width 19: "\x{E15}\x{E49}\x{E19}"
      text run at (0,12142) width 26: "\x{E2B}\x{E0D}\x{E49}\x{E32}"
      text run at (0,12161) width 15: "\x{E2A}\x{E39}\x{E07}"
      text run at (0,12180) width 23: "\x{E40}\x{E2D}\x{E19}"
      text run at (0,12199) width 24: "\x{E40}\x{E1B}\x{E47}\x{E19}"
      text run at (0,12218) width 27: "\x{E04}\x{E25}\x{E37}\x{E48}\x{E19}"
      text run at (0,12237) width 27: "\x{E01}\x{E48}\x{E2D}\x{E19}"
      text run at (0,12256) width 9: "\x{E17}\x{E35}\x{E48}"
      text run at (0,12275) width 24: "\x{E1E}\x{E32}\x{E22}\x{E38}"
      text run at (0,12294) width 14: "\x{E08}\x{E30}"
      text run at (0,12313) width 15: "\x{E21}\x{E32}"
      text run at (0,12332) width 15: "\x{E16}\x{E36}\x{E07}"
      text run at (0,12351) width 24: "\x{E41}\x{E25}\x{E49}\x{E27}"
      text run at (0,12370) width 9: "\x{E01}\x{E47}"
      text run at (0,12389) width 9: "\x{E21}\x{E35}"
      text run at (0,12408) width 28: "\x{E40}\x{E2A}\x{E35}\x{E22}\x{E07}"
      text run at (0,12427) width 26: "\x{E2B}\x{E27}\x{E35}\x{E14}"
      text run at (0,12446) width 25: "\x{E2B}\x{E27}\x{E34}\x{E27}"
      text run at (0,12465) width 40: "\x{E0A}\x{E31}\x{E14}\x{E40}\x{E08}\x{E19}"
      text run at (0,12484) width 15: "\x{E21}\x{E32}"
      text run at (0,12503) width 23: "\x{E08}\x{E32}\x{E01}"
      text run at (0,12522) width 61: "\x{E1A}\x{E23}\x{E23}\x{E22}\x{E32}\x{E01}\x{E32}\x{E28}"
      text run at (0,12541) width 22: "\x{E17}\x{E32}\x{E07}"
      text run at (0,12560) width 16: "\x{E43}\x{E15}\x{E49}"
      text run at (0,12579) width 22: "\x{E41}\x{E25}\x{E30}"
      text run at (0,12598) width 22: "\x{E40}\x{E21}\x{E37}\x{E48}\x{E2D}"
      text run at (0,12617) width 39: "\x{E40}\x{E2B}\x{E25}\x{E37}\x{E2D}\x{E1A}"
      text run at (0,12636) width 15: "\x{E15}\x{E32}"
      text run at (0,12655) width 16: "\x{E44}\x{E1B}"
      text run at (0,12674) width 22: "\x{E17}\x{E32}\x{E07}"
      text run at (0,12693) width 25: "\x{E14}\x{E49}\x{E32}\x{E19}"
      text run at (0,12712) width 20: "\x{E19}\x{E31}\x{E49}\x{E19}"
      text run at (0,12731) width 9: "\x{E01}\x{E47}"
      text run at (0,12750) width 24: "\x{E40}\x{E2B}\x{E47}\x{E19}"
      text run at (0,12769) width 27: "\x{E04}\x{E25}\x{E37}\x{E48}\x{E19}"
      text run at (0,12788) width 26: "\x{E2B}\x{E0D}\x{E49}\x{E32}"
      text run at (0,12807) width 15: "\x{E21}\x{E32}"
      text run at (0,12826) width 22: "\x{E17}\x{E32}\x{E07}"
      text run at (0,12845) width 25: "\x{E14}\x{E49}\x{E32}\x{E19}"
      text run at (0,12864) width 20: "\x{E19}\x{E31}\x{E49}\x{E19}"
      text run at (0,12883) width 25: "\x{E14}\x{E49}\x{E27}\x{E22}"
      text run at (0,12902) width 15: "\x{E25}\x{E38}\x{E07}"
      text run at (0,12921) width 13: "\x{E40}\x{E2E}"
      text run at (0,12940) width 17: "\x{E19}\x{E23}\x{E35}"
      text run at (0,12959) width 18: "\x{E1C}\x{E38}\x{E14}"
      text run at (0,12978) width 17: "\x{E25}\x{E38}\x{E01}"
      text run at (0,12997) width 18: "\x{E02}\x{E36}\x{E49}\x{E19}"
      text run at (0,13016) width 35: "\x{E17}\x{E31}\x{E19}\x{E43}\x{E14}"
      text run at (0,13035) width 24: "\"\x{E25}\x{E21}"
      text run at (0,13054) width 50: "\x{E44}\x{E0B}\x{E42}\x{E04}\x{E25}\x{E19}"
      text run at (0,13073) width 15: "\x{E21}\x{E32}"
      text run at (0,13092) width 29: "\x{E40}\x{E2D}\x{E47}\x{E21}\""
      text run at (0,13111) width 15: "\x{E25}\x{E38}\x{E07}"
      text run at (0,13130) width 22: "\x{E23}\x{E49}\x{E2D}\x{E07}"
      text run at (0,13149) width 26: "\x{E1A}\x{E2D}\x{E01}"
      text run at (0,13168) width 37: "\x{E20}\x{E23}\x{E23}\x{E22}\x{E32}"
      text run at (0,13187) width 21: "\"\x{E02}\x{E49}\x{E32}"
      text run at (0,13206) width 14: "\x{E08}\x{E30}"
      text run at (0,13225) width 16: "\x{E44}\x{E1B}"
      text run at (0,13244) width 9: "\x{E14}\x{E39}"
      text run at (0,13263) width 25: "\x{E2A}\x{E31}\x{E15}\x{E27}\x{E4C}"
      text run at (0,13282) width 28: "\x{E40}\x{E25}\x{E35}\x{E49}\x{E22}\x{E07}"
      text run at (0,13301) width 42: "\x{E2B}\x{E19}\x{E48}\x{E2D}\x{E22}\""
      text run at (0,13320) width 24: "\x{E41}\x{E25}\x{E49}\x{E27}"
      text run at (0,13339) width 15: "\x{E25}\x{E38}\x{E07}"
      text run at (0,13358) width 9: "\x{E01}\x{E47}"
      text run at (0,13377) width 15: "\x{E27}\x{E34}\x{E48}\x{E07}"
      text run at (0,13396) width 16: "\x{E44}\x{E1B}"
      text run at (0,13415) width 15: "\x{E22}\x{E31}\x{E07}"
      text run at (0,13434) width 22: "\x{E40}\x{E1E}\x{E34}\x{E07}"
      text run at (0,13453) width 9: "\x{E17}\x{E35}\x{E48}"
      text run at (0,13472) width 16: "\x{E27}\x{E31}\x{E27}"
      text run at (0,13491) width 22: "\x{E41}\x{E25}\x{E30}"
      text run at (0,13510) width 15: "\x{E21}\x{E49}\x{E32}"
      text run at (0,13529) width 31: "\x{E2D}\x{E32}\x{E28}\x{E31}\x{E22}"
      text run at (0,13548) width 16: "\x{E2D}\x{E22}\x{E39}\x{E48}"
      text run at (0,13567) width 15: "\x{E1B}\x{E49}\x{E32}"
      text run at (0,13586) width 22: "\x{E40}\x{E2D}\x{E47}\x{E21}"
      text run at (0,13605) width 26: "\x{E2B}\x{E22}\x{E38}\x{E14}"
      text run at (0,13624) width 38: "\x{E17}\x{E33}\x{E07}\x{E32}\x{E19}"
      text run at (0,13643) width 22: "\x{E41}\x{E25}\x{E30}"
      text run at (0,13662) width 15: "\x{E21}\x{E32}"
      text run at (0,13681) width 9: "\x{E17}\x{E35}\x{E48}"
      text run at (0,13700) width 31: "\x{E1B}\x{E23}\x{E30}\x{E15}\x{E39}"
      text run at (0,13719) width 30: "\x{E40}\x{E1E}\x{E35}\x{E22}\x{E07}"
      text run at (0,13738) width 37: "\x{E0A}\x{E32}\x{E22}\x{E15}\x{E32}"
      text run at (0,13757) width 24: "\x{E21}\x{E2D}\x{E07}"
      text run at (0,13776) width 15: "\x{E1B}\x{E49}\x{E32}"
      text run at (0,13795) width 9: "\x{E01}\x{E47}"
      text run at (0,13814) width 26: "\x{E1A}\x{E2D}\x{E01}"
      text run at (0,13833) width 16: "\x{E44}\x{E14}\x{E49}"
      text run at (0,13852) width 14: "\x{E27}\x{E48}\x{E32}"
      text run at (0,13871) width 48: "\x{E2D}\x{E31}\x{E19}\x{E15}\x{E23}\x{E32}\x{E22}"
      text run at (0,13890) width 15: "\x{E21}\x{E32}"
      text run at (0,13909) width 15: "\x{E16}\x{E36}\x{E07}"
      text run at (0,13928) width 24: "\x{E41}\x{E25}\x{E49}\x{E27}"
      text run at (0,13947) width 27: "\"\x{E40}\x{E23}\x{E47}\x{E27}"
      text run at (0,13966) width 16: "\x{E42}\x{E14}"
      text run at (0,13985) width 33: "\x{E42}\x{E23}\x{E18}\x{E35}!\""
      text run at (0,14004) width 15: "\x{E1B}\x{E49}\x{E32}"
      text run at (0,14023) width 41: "\x{E15}\x{E30}\x{E42}\x{E01}\x{E19}"
      text run at (0,14042) width 22: "\"\x{E27}\x{E34}\x{E48}\x{E07}"
      text run at (0,14061) width 16: "\x{E44}\x{E1B}"
      text run at (0,14080) width 24: "\x{E2B}\x{E49}\x{E2D}\x{E07}"
      text run at (0,14099) width 41: "\x{E43}\x{E15}\x{E49}\x{E16}\x{E38}\x{E19}\""
      text run at (0,14118) width 16: "\x{E42}\x{E15}"
      text run at (0,14137) width 16: "\x{E42}\x{E15}\x{E49}"
      text run at (0,14156) width 27: "\x{E1C}\x{E25}\x{E38}\x{E19}"
      text run at (0,14175) width 47: "\x{E01}\x{E23}\x{E30}\x{E42}\x{E14}\x{E14}"
      text run at (0,14194) width 15: "\x{E25}\x{E07}"
      text run at (0,14213) width 23: "\x{E08}\x{E32}\x{E01}"
      text run at (0,14232) width 25: "\x{E2D}\x{E49}\x{E2D}\x{E21}"
      text run at (0,14251) width 26: "\x{E41}\x{E02}\x{E19}"
      text run at (0,14270) width 16: "\x{E42}\x{E14}"
      text run at (0,14289) width 21: "\x{E42}\x{E23}\x{E18}\x{E35}"
      text run at (0,14308) width 24: "\x{E41}\x{E25}\x{E49}\x{E27}"
      text run at (0,14327) width 35: "\x{E40}\x{E02}\x{E49}\x{E32}\x{E44}\x{E1B}"
      text run at (0,14346) width 27: "\x{E0B}\x{E48}\x{E2D}\x{E19}"
      text run at (0,14365) width 16: "\x{E2D}\x{E22}\x{E39}\x{E48}"
      text run at (0,14384) width 16: "\x{E43}\x{E15}\x{E49}"
      text run at (0,14403) width 29: "\x{E40}\x{E15}\x{E35}\x{E22}\x{E07}"
      text run at (0,14422) width 23: "\x{E40}\x{E14}\x{E47}\x{E01}"
      text run at (0,14441) width 27: "\x{E2B}\x{E0D}\x{E34}\x{E07}"
      text run at (0,14460) width 26: "\x{E19}\x{E49}\x{E2D}\x{E22}"
      text run at (0,14479) width 35: "\x{E40}\x{E02}\x{E49}\x{E32}\x{E44}\x{E1B}"
      text run at (0,14498) width 16: "\x{E14}\x{E36}\x{E07}"
      text run at (0,14517) width 19: "\x{E21}\x{E31}\x{E19}"
      text run at (0,14536) width 25: "\x{E2D}\x{E2D}\x{E01}"
      text run at (0,14555) width 15: "\x{E21}\x{E32}"
      text run at (0,14574) width 15: "\x{E1B}\x{E49}\x{E32}"
      text run at (0,14593) width 13: "\x{E40}\x{E2D}\x{E47}"
      text run at (0,14612) width 18: "\x{E21}\x{E01}"
      text run at (0,14631) width 13: "\x{E23}\x{E30}"
      text run at (0,14650) width 23: "\x{E0A}\x{E32}\x{E01}"
      text run at (0,14669) width 15: "\x{E1D}\x{E32}"
      text run at (0,14688) width 9: "\x{E17}\x{E35}\x{E48}"
      text run at (0,14707) width 20: "\x{E1E}\x{E37}\x{E49}\x{E19}"
      text run at (0,14726) width 25: "\x{E2D}\x{E2D}\x{E01}"
      text run at (0,14745) width 29: "\x{E2D}\x{E22}\x{E48}\x{E32}\x{E07}"
      text run at (0,14764) width 17: "\x{E2D}\x{E01}"
      text run at (0,14783) width 18: "\x{E2A}\x{E31}\x{E48}\x{E19}"
      text run at (0,14802) width 27: "\x{E02}\x{E27}\x{E31}\x{E0D}"
      text run at (0,14821) width 23: "\x{E2B}\x{E32}\x{E22}"
      text run at (0,14840) width 19: "\x{E1B}\x{E35}\x{E19}"
      text run at (0,14859) width 35: "\x{E1A}\x{E31}\x{E19}\x{E44}\x{E14}"
      text run at (0,14878) width 16: "\x{E44}\x{E21}\x{E49}"
      text run at (0,14897) width 15: "\x{E25}\x{E07}"
      text run at (0,14916) width 16: "\x{E44}\x{E1B}"
      text run at (0,14935) width 17: "\x{E43}\x{E19}"
      text run at (0,14954) width 31: "\x{E42}\x{E1E}\x{E23}\x{E07}"
      text run at (0,14973) width 22: "\x{E40}\x{E25}\x{E47}\x{E01}"
      text run at (0,14992) width 18: "\x{E2D}\x{E31}\x{E19}"
      text run at (0,15011) width 18: "\x{E21}\x{E37}\x{E14}"
      text run at (0,15030) width 18: "\x{E17}\x{E36}\x{E1A}"
      text run at (0,15049) width 16: "\x{E42}\x{E14}"
      text run at (0,15068) width 21: "\x{E42}\x{E23}\x{E18}\x{E35}"
      text run at (0,15087) width 17: "\x{E08}\x{E31}\x{E1A}"
      text run at (0,15106) width 16: "\x{E42}\x{E15}"
      text run at (0,15125) width 16: "\x{E42}\x{E15}\x{E49}"
      text run at (0,15144) width 16: "\x{E44}\x{E14}\x{E49}"
      text run at (0,15163) width 17: "\x{E43}\x{E19}"
      text run at (0,15182) width 26: "\x{E17}\x{E35}\x{E48}\x{E2A}\x{E38}\x{E14}"
      text run at (0,15201) width 22: "\x{E41}\x{E25}\x{E30}"
      text run at (0,15220) width 15: "\x{E27}\x{E34}\x{E48}\x{E07}"
      text run at (0,15239) width 24: "\x{E15}\x{E32}\x{E21}"
      text run at (0,15258) width 15: "\x{E1B}\x{E49}\x{E32}"
      text run at (0,15277) width 20: "\x{E40}\x{E18}\x{E2D}"
      text run at (0,15296) width 16: "\x{E44}\x{E1B}"
      text run at (0,15315) width 22: "\x{E40}\x{E21}\x{E37}\x{E48}\x{E2D}"
      text run at (0,15334) width 20: "\x{E40}\x{E18}\x{E2D}"
      text run at (0,15353) width 15: "\x{E21}\x{E32}"
      text run at (0,15372) width 16: "\x{E44}\x{E14}\x{E49}"
      text run at (0,15391) width 23: "\x{E04}\x{E23}\x{E36}\x{E48}\x{E07}"
      text run at (0,15410) width 24: "\x{E2B}\x{E49}\x{E2D}\x{E07}"
      text run at (0,15429) width 9: "\x{E01}\x{E47}"
      text run at (0,15448) width 9: "\x{E21}\x{E35}"
      text run at (0,15467) width 28: "\x{E40}\x{E2A}\x{E35}\x{E22}\x{E07}"
      text run at (0,15486) width 26: "\x{E2B}\x{E27}\x{E35}\x{E14}"
      text run at (0,15505) width 25: "\x{E2B}\x{E27}\x{E37}\x{E2D}"
      text run at (0,15524) width 26: "\x{E2A}\x{E48}\x{E27}\x{E19}"
      text run at (0,15543) width 25: "\x{E1A}\x{E49}\x{E32}\x{E19}"
      text run at (0,15562) width 9: "\x{E01}\x{E47}"
      text run at (0,15581) width 18: "\x{E2A}\x{E31}\x{E48}\x{E19}"
      text run at (0,15600) width 29: "\x{E2D}\x{E22}\x{E48}\x{E32}\x{E07}"
      text run at (0,15619) width 22: "\x{E41}\x{E23}\x{E07}"
      text run at (0,15638) width 18: "\x{E08}\x{E19}"
      text run at (0,15657) width 20: "\x{E40}\x{E18}\x{E2D}"
      text run at (0,15676) width 18: "\x{E2B}\x{E01}"
      text run at (0,15695) width 30: "\x{E04}\x{E30}\x{E21}\x{E33}"
      text run at (0,15714) width 17: "\x{E19}\x{E31}\x{E48}\x{E07}"
      text run at (0,15733) width 34: "\x{E08}\x{E49}\x{E33}\x{E40}\x{E1A}\x{E49}\x{E32}"
      text run at (0,15752) width 16: "\x{E2D}\x{E22}\x{E39}\x{E48}"
      text run at (0,15771) width 18: "\x{E01}\x{E31}\x{E1A}"
      text run at (0,15790) width 20: "\x{E1E}\x{E37}\x{E49}\x{E19}"
      text run at (0,15809) width 24: "\x{E41}\x{E25}\x{E49}\x{E27}"
      text run at (0,15828) width 15: "\x{E2A}\x{E34}\x{E48}\x{E07}"
      text run at (0,15847) width 54: "\x{E1B}\x{E23}\x{E30}\x{E2B}\x{E25}\x{E32}\x{E14}"
      text run at (0,15866) width 9: "\x{E01}\x{E47}"
      text run at (0,15885) width 23: "\x{E40}\x{E01}\x{E34}\x{E14}"
      text run at (0,15904) width 18: "\x{E02}\x{E36}\x{E49}\x{E19}"
      text run at (0,15923) width 25: "\x{E1A}\x{E49}\x{E32}\x{E19}"
      text run at (0,15942) width 28: "\x{E2B}\x{E21}\x{E38}\x{E19}"
      text run at (0,15961) width 16: "\x{E44}\x{E1B}"
      text run at (0,15980) width 28: "\x{E2B}\x{E21}\x{E38}\x{E19}"
      text run at (0,15999) width 23: "\x{E21}\x{E32}\x{E2A}"
      text run at (0,16018) width 15: "\x{E2D}\x{E07}"
      text run at (0,16037) width 23: "\x{E2A}\x{E32}\x{E21}"
      text run at (0,16056) width 24: "\x{E23}\x{E2D}\x{E1A}"
      text run at (0,16075) width 24: "\x{E41}\x{E25}\x{E49}\x{E27}"
      text run at (0,16094) width 9: "\x{E01}\x{E47}"
      text run at (0,16113) width 24: "\x{E25}\x{E2D}\x{E22}"
      text run at (0,16132) width 18: "\x{E02}\x{E36}\x{E49}\x{E19}"
      text run at (0,16151) width 8: "\x{E2A}\x{E39}\x{E48}"
      text run at (0,16170) width 38: "\x{E2D}\x{E32}\x{E01}\x{E32}\x{E28}"
      text run at (0,16189) width 29: "\x{E2D}\x{E22}\x{E48}\x{E32}\x{E07}"
      text run at (0,16208) width 21: "\x{E0A}\x{E49}\x{E32}\x{E46}"
      text run at (0,16227) width 16: "\x{E42}\x{E14}"
      text run at (0,16246) width 14: "\x{E42}\x{E23}"
      text run at (0,16265) width 14: "\x{E18}\x{E35}\x{E23}\x{E39}\x{E49}"
      text run at (0,16284) width 17: "\x{E2A}\x{E36}\x{E01}"
      text run at (0,16303) width 39: "\x{E23}\x{E32}\x{E27}\x{E01}\x{E31}\x{E1A}"
      text run at (0,16322) width 14: "\x{E27}\x{E48}\x{E32}"
      text run at (0,16341) width 20: "\x{E40}\x{E18}\x{E2D}"
      text run at (0,16360) width 16: "\x{E44}\x{E14}\x{E49}"
      text run at (0,16379) width 18: "\x{E02}\x{E36}\x{E49}\x{E19}"
      text run at (0,16398) width 16: "\x{E44}\x{E1B}"
      text run at (0,16417) width 18: "\x{E01}\x{E31}\x{E1A}"
      text run at (0,16436) width 17: "\x{E25}\x{E39}\x{E01}"
      text run at (0,16455) width 43: "\x{E1A}\x{E2D}\x{E25}\x{E25}\x{E39}\x{E19}"
      text run at (0,16474) width 24: "\x{E1E}\x{E32}\x{E22}\x{E38}"
      text run at (0,16493) width 32: "\x{E40}\x{E2B}\x{E19}\x{E37}\x{E2D}"
      text run at (0,16512) width 18: "\x{E01}\x{E31}\x{E1A}"
      text run at (0,16531) width 24: "\x{E1E}\x{E32}\x{E22}\x{E38}"
      text run at (0,16550) width 16: "\x{E43}\x{E15}\x{E49}"
      text run at (0,16569) width 15: "\x{E21}\x{E32}"
      text run at (0,16588) width 19: "\x{E1E}\x{E1A}"
      text run at (0,16607) width 19: "\x{E01}\x{E31}\x{E19}"
      text run at (0,16626) width 23: "\x{E15}\x{E23}\x{E07}"
      text run at (0,16645) width 9: "\x{E17}\x{E35}\x{E48}"
      text run at (0,16664) width 25: "\x{E1A}\x{E49}\x{E32}\x{E19}"
      text run at (0,16683) width 27: "\x{E1E}\x{E2D}\x{E14}\x{E35}"
      text run at (0,16702) width 22: "\x{E41}\x{E25}\x{E30}"
      text run at (0,16721) width 31: "\x{E17}\x{E33}\x{E43}\x{E2B}\x{E49}"
      text run at (0,16740) width 23: "\x{E15}\x{E23}\x{E07}"
      text run at (0,16759) width 20: "\x{E19}\x{E31}\x{E49}\x{E19}"
      text run at (0,16778) width 24: "\x{E40}\x{E1B}\x{E47}\x{E19}"
      text run at (0,16797) width 74: "\x{E08}\x{E38}\x{E14}\x{E28}\x{E39}\x{E19}\x{E22}\x{E4C}\x{E01}\x{E25}\x{E32}\x{E07}"
      text run at (0,16816) width 23: "\x{E02}\x{E2D}\x{E07}"
      text run at (0,16835) width 24: "\x{E1E}\x{E32}\x{E22}\x{E38}"
      text run at (0,16854) width 50: "\x{E44}\x{E0B}\x{E42}\x{E04}\x{E25}\x{E19}"
      text run at (0,16873) width 24: "\x{E15}\x{E32}\x{E21}"
      text run at (0,16892) width 27: "\x{E1B}\x{E01}\x{E15}\x{E34}"
      text run at (0,16911) width 23: "\x{E15}\x{E23}\x{E07}"
      text run at (0,16930) width 30: "\x{E01}\x{E25}\x{E32}\x{E07}"
      text run at (0,16949) width 24: "\x{E1E}\x{E32}\x{E22}\x{E38}"
      text run at (0,16968) width 50: "\x{E44}\x{E0B}\x{E42}\x{E04}\x{E25}\x{E19}"
      text run at (0,16987) width 38: "\x{E2D}\x{E32}\x{E01}\x{E32}\x{E28}"
      text run at (0,17006) width 14: "\x{E08}\x{E30}"
      text run at (0,17025) width 17: "\x{E19}\x{E34}\x{E48}\x{E07}"
      text run at (0,17044) width 17: "\x{E41}\x{E15}\x{E48}"
      text run at (0,17063) width 32: "\x{E04}\x{E27}\x{E32}\x{E21}"
      text run at (0,17082) width 37: "\x{E01}\x{E14}\x{E14}\x{E31}\x{E19}"
      text run at (0,17101) width 29: "\x{E2D}\x{E22}\x{E48}\x{E32}\x{E07}"
      text run at (0,17120) width 28: "\x{E2B}\x{E19}\x{E31}\x{E01}"
      text run at (0,17139) width 23: "\x{E02}\x{E2D}\x{E07}"
      text run at (0,17158) width 17: "\x{E25}\x{E21}"
      text run at (0,17177) width 18: "\x{E17}\x{E38}\x{E01}"
      text run at (0,17196) width 25: "\x{E14}\x{E49}\x{E32}\x{E19}"
      text run at (0,17215) width 24: "\x{E23}\x{E2D}\x{E1A}"
      text run at (0,17234) width 25: "\x{E1A}\x{E49}\x{E32}\x{E19}"
      text run at (0,17253) width 31: "\x{E17}\x{E33}\x{E43}\x{E2B}\x{E49}"
      text run at (0,17272) width 25: "\x{E1A}\x{E49}\x{E32}\x{E19}"
      text run at (0,17291) width 24: "\x{E25}\x{E2D}\x{E22}"
      text run at (0,17310) width 15: "\x{E2A}\x{E39}\x{E07}"
      text run at (0,17329) width 25: "\x{E02}\x{E36}\x{E49}\x{E19}\x{E46}"
      text run at (0,17348) width 18: "\x{E08}\x{E19}"
      text run at (0,17367) width 38: "\x{E01}\x{E23}\x{E30}\x{E17}\x{E31}\x{E48}\x{E07}"
      text run at (0,17386) width 18: "\x{E02}\x{E36}\x{E49}\x{E19}"
      text run at (0,17405) width 16: "\x{E44}\x{E1B}"
      text run at (0,17424) width 16: "\x{E2D}\x{E22}\x{E39}\x{E48}"
      text run at (0,17443) width 17: "\x{E2A}\x{E38}\x{E14}"
      text run at (0,17462) width 25: "\x{E22}\x{E2D}\x{E14}"
      text run at (0,17481) width 23: "\x{E02}\x{E2D}\x{E07}"
      text run at (0,17500) width 24: "\x{E1E}\x{E32}\x{E22}\x{E38}"
      text run at (0,17519) width 50: "\x{E44}\x{E0B}\x{E42}\x{E04}\x{E25}\x{E19}"
      text run at (0,17538) width 22: "\x{E41}\x{E25}\x{E30}"
      text run at (0,17557) width 23: "\x{E08}\x{E32}\x{E01}"
      text run at (0,17576) width 23: "\x{E15}\x{E23}\x{E07}"
      text run at (0,17595) width 20: "\x{E19}\x{E31}\x{E49}\x{E19}"
      text run at (0,17614) width 9: "\x{E01}\x{E47}"
      text run at (0,17633) width 17: "\x{E16}\x{E39}\x{E01}"
      text run at (0,17652) width 26: "\x{E2B}\x{E2D}\x{E1A}"
      text run at (0,17671) width 16: "\x{E44}\x{E1B}"
      text run at (0,17690) width 31: "\x{E2B}\x{E25}\x{E32}\x{E22}"
      text run at (0,17709) width 24: "\x{E44}\x{E21}\x{E25}\x{E4C}"
      text run at (0,17728) width 44: "\x{E07}\x{E48}\x{E32}\x{E22}\x{E14}\x{E32}\x{E22}"
      text run at (0,17747) width 39: "\x{E23}\x{E32}\x{E27}\x{E01}\x{E31}\x{E1A}"
      text run at (0,17766) width 26: "\x{E2B}\x{E2D}\x{E1A}"
      text run at (0,17785) width 18: "\x{E02}\x{E19}"
      text run at (0,17804) width 19: "\x{E19}\x{E01}"
      text run at (0,17823) width 18: "\x{E21}\x{E37}\x{E14}"
      text run at (0,17842) width 24: "\x{E21}\x{E32}\x{E01}"
      text run at (0,17861) width 24: "\x{E41}\x{E25}\x{E49}\x{E27}"
      text run at (0,17880) width 17: "\x{E25}\x{E21}"
      text run at (0,17899) width 15: "\x{E22}\x{E31}\x{E07}"
      text run at (0,17918) width 15: "\x{E2A}\x{E48}\x{E07}"
      text run at (0,17937) width 28: "\x{E40}\x{E2A}\x{E35}\x{E22}\x{E07}"
      text run at (0,17956) width 26: "\x{E2B}\x{E27}\x{E35}\x{E14}"
      text run at (0,17975) width 25: "\x{E2B}\x{E27}\x{E37}\x{E2D}"
      text run at (0,17994) width 16: "\x{E19}\x{E48}\x{E32}"
      text run at (0,18013) width 25: "\x{E01}\x{E25}\x{E31}\x{E27}"
      text run at (0,18032) width 16: "\x{E2D}\x{E22}\x{E39}\x{E48}"
      text run at (0,18051) width 24: "\x{E23}\x{E2D}\x{E1A}"
      text run at (0,18070) width 17: "\x{E15}\x{E31}\x{E27}"
      text run at (0,18089) width 20: "\x{E40}\x{E18}\x{E2D}"
      text run at (0,18108) width 17: "\x{E41}\x{E15}\x{E48}"
      text run at (0,18127) width 16: "\x{E42}\x{E14}"
      text run at (0,18146) width 21: "\x{E42}\x{E23}\x{E18}\x{E35}"
      text run at (0,18165) width 24: "\x{E40}\x{E2B}\x{E47}\x{E19}"
      text run at (0,18184) width 14: "\x{E27}\x{E48}\x{E32}"
      text run at (0,18203) width 20: "\x{E40}\x{E18}\x{E2D}"
      text run at (0,18222) width 44: "\x{E2A}\x{E32}\x{E21}\x{E32}\x{E23}\x{E16}"
      text run at (0,18241) width 17: "\x{E19}\x{E31}\x{E48}\x{E07}"
      text run at (0,18260) width 16: "\x{E44}\x{E1B}"
      text run at (0,18279) width 16: "\x{E44}\x{E14}\x{E49}"
      text run at (0,18298) width 29: "\x{E2D}\x{E22}\x{E48}\x{E32}\x{E07}"
      text run at (0,18317) width 44: "\x{E07}\x{E48}\x{E32}\x{E22}\x{E14}\x{E32}\x{E22}"
      text run at (0,18336) width 19: "\x{E19}\x{E31}\x{E01}"
      text run at (0,18355) width 23: "\x{E04}\x{E23}\x{E31}\x{E49}\x{E07}"
      text run at (0,18374) width 26: "\x{E2B}\x{E19}\x{E36}\x{E48}\x{E07}"
      text run at (0,18393) width 24: "\x{E2B}\x{E25}\x{E31}\x{E07}"
      text run at (0,18412) width 23: "\x{E08}\x{E32}\x{E01}"
      text run at (0,18431) width 9: "\x{E17}\x{E35}\x{E48}"
      text run at (0,18450) width 25: "\x{E1A}\x{E49}\x{E32}\x{E19}"
      text run at (0,18469) width 32: "\x{E2A}\x{E30}\x{E14}\x{E38}\x{E14}"
      text run at (0,18488) width 29: "\x{E2D}\x{E22}\x{E48}\x{E32}\x{E07}"
      text run at (0,18507) width 22: "\x{E41}\x{E23}\x{E07}"
      text run at (0,18526) width 22: "\x{E41}\x{E25}\x{E30}"
      text run at (0,18545) width 28: "\x{E2B}\x{E21}\x{E38}\x{E19}"
      text run at (0,18564) width 16: "\x{E44}\x{E1B}"
      text run at (0,18583) width 31: "\x{E23}\x{E2D}\x{E1A}\x{E46}"
      text run at (0,18602) width 23: "\x{E2A}\x{E2D}\x{E07}"
      text run at (0,18621) width 23: "\x{E2A}\x{E32}\x{E21}"
      text run at (0,18640) width 23: "\x{E04}\x{E23}\x{E31}\x{E49}\x{E07}"
      text run at (0,18659) width 17: "\x{E43}\x{E19}"
      text run at (0,18678) width 27: "\x{E15}\x{E2D}\x{E19}"
      text run at (0,18697) width 24: "\x{E41}\x{E23}\x{E01}"
      text run at (0,18716) width 20: "\x{E40}\x{E18}\x{E2D}"
      text run at (0,18735) width 9: "\x{E01}\x{E47}"
      text run at (0,18754) width 24: "\x{E23}\x{E39}\x{E49}\x{E2A}\x{E36}\x{E01}"
      text run at (0,18773) width 14: "\x{E27}\x{E48}\x{E32}"
      text run at (0,18792) width 17: "\x{E15}\x{E31}\x{E27}"
      text run at (0,18811) width 20: "\x{E40}\x{E2D}\x{E07}"
      text run at (0,18830) width 17: "\x{E16}\x{E39}\x{E01}"
      text run at (0,18849) width 32: "\x{E41}\x{E01}\x{E27}\x{E48}\x{E07}"
      text run at (0,18868) width 29: "\x{E2D}\x{E22}\x{E48}\x{E32}\x{E07}"
      text run at (0,18887) width 25: "\x{E41}\x{E1C}\x{E48}\x{E27}"
      text run at (0,18906) width 20: "\x{E40}\x{E1A}\x{E32}"
      text run at (0,18925) width 21: "\x{E23}\x{E32}\x{E27}"
      text run at (0,18944) width 31: "\x{E17}\x{E32}\x{E23}\x{E01}"
      text run at (0,18963) width 17: "\x{E43}\x{E19}"
      text run at (0,18982) width 22: "\x{E40}\x{E1B}\x{E25}"
      text run at (0,19001) width 16: "\x{E42}\x{E15}"
      text run at (0,19020) width 16: "\x{E42}\x{E15}\x{E49}"
      text run at (0,19039) width 16: "\x{E44}\x{E21}\x{E48}"
      text run at (0,19058) width 40: "\x{E0A}\x{E2D}\x{E1A}\x{E43}\x{E08}"
      text run at (0,19077) width 21: "\x{E40}\x{E25}\x{E22}"
      text run at (0,19096) width 19: "\x{E21}\x{E31}\x{E19}"
      text run at (0,19115) width 15: "\x{E27}\x{E34}\x{E48}\x{E07}"
      text run at (0,19134) width 16: "\x{E44}\x{E1B}"
      text run at (0,19153) width 15: "\x{E27}\x{E34}\x{E48}\x{E07}"
      text run at (0,19172) width 22: "\x{E21}\x{E32}\x{E23}"
      text run at (0,19191) width 17: "\x{E2D}\x{E1A}"
      text run at (0,19210) width 24: "\x{E2B}\x{E49}\x{E2D}\x{E07}"
      text run at (0,19229) width 22: "\x{E17}\x{E32}\x{E07}"
      text run at (0,19248) width 27: "\x{E42}\x{E19}\x{E49}\x{E19}"
      text run at (0,19267) width 9: "\x{E17}\x{E35}"
      text run at (0,19286) width 22: "\x{E17}\x{E32}\x{E07}"
      text run at (0,19305) width 10: "\x{E19}\x{E35}\x{E49}"
      text run at (0,19324) width 9: "\x{E17}\x{E35}"
      text run at (0,19343) width 15: "\x{E2A}\x{E48}\x{E07}"
      text run at (0,19362) width 28: "\x{E40}\x{E2A}\x{E35}\x{E22}\x{E07}"
      text run at (0,19381) width 20: "\x{E40}\x{E2B}\x{E48}\x{E32}"
      text run at (0,19400) width 16: "\x{E14}\x{E31}\x{E07}"
      text run at (0,19419) width 24: "\x{E01}\x{E49}\x{E2D}\x{E07}"
      text run at (0,19438) width 17: "\x{E41}\x{E15}\x{E48}"
      text run at (0,19457) width 16: "\x{E42}\x{E14}"
      text run at (0,19476) width 21: "\x{E42}\x{E23}\x{E18}\x{E35}"
      text run at (0,19495) width 17: "\x{E19}\x{E31}\x{E48}\x{E07}"
      text run at (0,19514) width 17: "\x{E19}\x{E34}\x{E48}\x{E07}"
      text run at (0,19533) width 16: "\x{E2D}\x{E22}\x{E39}\x{E48}"
      text run at (0,19552) width 19: "\x{E1A}\x{E19}"
      text run at (0,19571) width 20: "\x{E1E}\x{E37}\x{E49}\x{E19}"
      text run at (0,19590) width 20: "\x{E40}\x{E1D}\x{E49}\x{E32}"
      text run at (0,19609) width 25: "\x{E04}\x{E2D}\x{E22}"
      text run at (0,19628) width 9: "\x{E14}\x{E39}"
      text run at (0,19647) width 14: "\x{E27}\x{E48}\x{E32}"
      text run at (0,19666) width 14: "\x{E08}\x{E30}"
      text run at (0,19685) width 23: "\x{E40}\x{E01}\x{E34}\x{E14}"
      text run at (0,19704) width 28: "\x{E2D}\x{E30}\x{E44}\x{E23}"
      text run at (0,19723) width 18: "\x{E02}\x{E36}\x{E49}\x{E19}"
      text run at (0,19742) width 23: "\x{E04}\x{E23}\x{E31}\x{E49}\x{E07}"
      text run at (0,19761) width 26: "\x{E2B}\x{E19}\x{E36}\x{E48}\x{E07}"
      text run at (0,19780) width 16: "\x{E42}\x{E15}"
      text run at (0,19799) width 16: "\x{E42}\x{E15}\x{E49}"
      text run at (0,19818) width 35: "\x{E40}\x{E02}\x{E49}\x{E32}\x{E44}\x{E1B}"
      text run at (0,19837) width 24: "\x{E43}\x{E01}\x{E25}\x{E49}"
      text run at (0,19856) width 15: "\x{E1D}\x{E32}"
      text run at (0,19875) width 9: "\x{E17}\x{E35}\x{E48}"
      text run at (0,19894) width 20: "\x{E1E}\x{E37}\x{E49}\x{E19}"
      text run at (0,19913) width 24: "\x{E21}\x{E32}\x{E01}"
      text run at (0,19932) width 16: "\x{E44}\x{E1B}"
      text run at (0,19951) width 21: "\x{E40}\x{E25}\x{E22}"
      text run at (0,19970) width 27: "\x{E1E}\x{E25}\x{E31}\x{E14}"
      text run at (0,19989) width 33: "\x{E15}\x{E01}\x{E25}\x{E07}"
      text run at (0,20008) width 16: "\x{E44}\x{E1B}"
      text run at (0,20027) width 9: "\x{E17}\x{E35}"
      text run at (0,20046) width 24: "\x{E41}\x{E23}\x{E01}"
      text run at (0,20065) width 23: "\x{E40}\x{E14}\x{E47}\x{E01}"
      text run at (0,20084) width 27: "\x{E2B}\x{E0D}\x{E34}\x{E07}"
      text run at (0,20103) width 18: "\x{E04}\x{E34}\x{E14}"
      text run at (0,20122) width 14: "\x{E27}\x{E48}\x{E32}"
      text run at (0,20141) width 20: "\x{E40}\x{E18}\x{E2D}"
      text run at (0,20160) width 14: "\x{E08}\x{E30}"
      text run at (0,20179) width 19: "\x{E2A}\x{E39}\x{E0D}"
      text run at (0,20198) width 21: "\x{E40}\x{E2A}\x{E35}\x{E22}"
      text run at (0,20217) width 19: "\x{E21}\x{E31}\x{E19}"
      text run at (0,20236) width 16: "\x{E44}\x{E1B}"
      text run at (0,20255) width 21: "\x{E40}\x{E2A}\x{E35}\x{E22}"
      text run at (0,20274) width 24: "\x{E41}\x{E25}\x{E49}\x{E27}"
      text run at (0,20293) width 17: "\x{E41}\x{E15}\x{E48}"
      text run at (0,20312) width 16: "\x{E0A}\x{E31}\x{E48}\x{E27}"
      text run at (0,20331) width 16: "\x{E04}\x{E23}\x{E39}\x{E48}"
      text run at (0,20350) width 20: "\x{E40}\x{E18}\x{E2D}"
      text run at (0,20369) width 9: "\x{E01}\x{E47}"
      text run at (0,20388) width 24: "\x{E40}\x{E2B}\x{E47}\x{E19}"
      text run at (0,20407) width 9: "\x{E2B}\x{E39}"
      text run at (0,20426) width 23: "\x{E02}\x{E2D}\x{E07}"
      text run at (0,20445) width 19: "\x{E21}\x{E31}\x{E19}"
      text run at (0,20464) width 24: "\x{E42}\x{E1C}\x{E25}\x{E48}"
      text run at (0,20483) width 18: "\x{E02}\x{E36}\x{E49}\x{E19}"
      text run at (0,20502) width 15: "\x{E21}\x{E32}"
      text run at (0,20521) width 23: "\x{E08}\x{E32}\x{E01}"
      text run at (0,20540) width 23: "\x{E0A}\x{E48}\x{E2D}\x{E07}"
      text run at (0,20559) width 20: "\x{E19}\x{E31}\x{E49}\x{E19}"
      text run at (0,20578) width 26: "\x{E17}\x{E31}\x{E49}\x{E07}\x{E19}\x{E35}\x{E49}"
      text run at (0,20597) width 34: "\x{E40}\x{E1E}\x{E23}\x{E32}\x{E30}"
      text run at (0,20616) width 22: "\x{E41}\x{E23}\x{E07}"
      text run at (0,20635) width 18: "\x{E01}\x{E14}"
      text run at (0,20654) width 29: "\x{E2D}\x{E22}\x{E48}\x{E32}\x{E07}"
      text run at (0,20673) width 28: "\x{E2B}\x{E19}\x{E31}\x{E01}"
      text run at (0,20692) width 23: "\x{E02}\x{E2D}\x{E07}"
      text run at (0,20711) width 38: "\x{E2D}\x{E32}\x{E01}\x{E32}\x{E28}"
      text run at (0,20730) width 31: "\x{E17}\x{E33}\x{E43}\x{E2B}\x{E49}"
      text run at (0,20749) width 16: "\x{E42}\x{E15}"
      text run at (0,20768) width 16: "\x{E42}\x{E15}\x{E49}"
      text run at (0,20787) width 16: "\x{E44}\x{E21}\x{E48}"
      text run at (0,20806) width 33: "\x{E15}\x{E01}\x{E25}\x{E07}"
      text run at (0,20825) width 16: "\x{E44}\x{E1B}"
      text run at (0,20844) width 21: "\x{E02}\x{E49}\x{E32}\x{E07}"
      text run at (0,20863) width 21: "\x{E25}\x{E48}\x{E32}\x{E07}"
      text run at (0,20882) width 16: "\x{E42}\x{E14}"
      text run at (0,20901) width 21: "\x{E42}\x{E23}\x{E18}\x{E35}"
      text run at (0,20920) width 33: "\x{E04}\x{E25}\x{E32}\x{E19}"
      text run at (0,20939) width 16: "\x{E44}\x{E1B}"
      text run at (0,20958) width 9: "\x{E17}\x{E35}\x{E48}"
      text run at (0,20977) width 23: "\x{E0A}\x{E48}\x{E2D}\x{E07}"
      text run at (0,20996) width 20: "\x{E19}\x{E31}\x{E49}\x{E19}"
      text run at (0,21015) width 17: "\x{E08}\x{E31}\x{E1A}"
      text run at (0,21034) width 9: "\x{E2B}\x{E39}"
      text run at (0,21053) width 16: "\x{E42}\x{E15}"
      text run at (0,21072) width 16: "\x{E42}\x{E15}\x{E49}"
      text run at (0,21091) width 15: "\x{E44}\x{E27}\x{E49}"
      text run at (0,21110) width 16: "\x{E44}\x{E14}\x{E49}"
      text run at (0,21129) width 22: "\x{E41}\x{E25}\x{E30}"
      text run at (0,21148) width 23: "\x{E25}\x{E32}\x{E01}"
      text run at (0,21167) width 19: "\x{E21}\x{E31}\x{E19}"
      text run at (0,21186) width 15: "\x{E21}\x{E32}"
      text run at (0,21205) width 9: "\x{E17}\x{E35}\x{E48}"
      text run at (0,21224) width 24: "\x{E2B}\x{E49}\x{E2D}\x{E07}"
      text run at (0,21243) width 17: "\x{E2D}\x{E35}\x{E01}"
      text run at (0,21262) width 24: "\x{E2B}\x{E25}\x{E31}\x{E07}"
      text run at (0,21281) width 23: "\x{E08}\x{E32}\x{E01}"
      text run at (0,21300) width 20: "\x{E19}\x{E31}\x{E49}\x{E19}"
      text run at (0,21319) width 9: "\x{E01}\x{E47}"
      text run at (0,21338) width 18: "\x{E1B}\x{E34}\x{E14}"
      text run at (0,21357) width 15: "\x{E1D}\x{E32}"
      text run at (0,21376) width 20: "\x{E1E}\x{E37}\x{E49}\x{E19}"
      text run at (0,21395) width 23: "\x{E40}\x{E1E}\x{E37}\x{E48}\x{E2D}"
      text run at (0,21414) width 14: "\x{E08}\x{E30}"
      text run at (0,21433) width 16: "\x{E44}\x{E14}\x{E49}"
      text run at (0,21452) width 16: "\x{E44}\x{E21}\x{E48}"
      text run at (0,21471) width 23: "\x{E40}\x{E01}\x{E34}\x{E14}"
      text run at (0,21490) width 49: "\x{E2D}\x{E38}\x{E1A}\x{E31}\x{E15}\x{E34}\x{E40}\x{E2B}\x{E15}\x{E38}"
      text run at (0,21509) width 17: "\x{E2D}\x{E35}\x{E01}"
      text run at (0,21528) width 39: "\x{E0A}\x{E31}\x{E48}\x{E27}\x{E42}\x{E21}\x{E07}"
      text run at (0,21547) width 24: "\x{E41}\x{E25}\x{E49}\x{E27}"
      text run at (0,21566) width 39: "\x{E0A}\x{E31}\x{E48}\x{E27}\x{E42}\x{E21}\x{E07}"
      text run at (0,21585) width 19: "\x{E40}\x{E25}\x{E48}\x{E32}"
      text run at (0,21604) width 25: "\x{E1C}\x{E48}\x{E32}\x{E19}"
      text run at (0,21623) width 16: "\x{E44}\x{E1B}"
      text run at (0,21642) width 16: "\x{E42}\x{E14}"
      text run at (0,21661) width 21: "\x{E42}\x{E23}\x{E18}\x{E35}"
      text run at (0,21680) width 32: "\x{E04}\x{E48}\x{E2D}\x{E22}\x{E46}"
      text run at (0,21699) width 23: "\x{E2B}\x{E32}\x{E22}"
      text run at (0,21718) width 25: "\x{E01}\x{E25}\x{E31}\x{E27}"
      text run at (0,21737) width 17: "\x{E41}\x{E15}\x{E48}"
      text run at (0,21756) width 20: "\x{E40}\x{E18}\x{E2D}"
      text run at (0,21775) width 24: "\x{E23}\x{E39}\x{E49}\x{E2A}\x{E36}\x{E01}"
      text run at (0,21794) width 27: "\x{E40}\x{E2B}\x{E07}\x{E32}"
      text run at (0,21813) width 30: "\x{E40}\x{E2B}\x{E25}\x{E37}\x{E2D}"
      text run at (0,21832) width 24: "\x{E40}\x{E01}\x{E34}\x{E19}"
      text run at (0,21851) width 22: "\x{E41}\x{E25}\x{E30}"
      text run at (0,21870) width 17: "\x{E25}\x{E21}"
      text run at (0,21889) width 9: "\x{E01}\x{E47}"
      text run at (0,21908) width 15: "\x{E2A}\x{E48}\x{E07}"
      text run at (0,21927) width 28: "\x{E40}\x{E2A}\x{E35}\x{E22}\x{E07}"
      text run at (0,21946) width 26: "\x{E2B}\x{E27}\x{E35}\x{E14}"
      text run at (0,21965) width 25: "\x{E2B}\x{E27}\x{E37}\x{E2D}"
      text run at (0,21984) width 16: "\x{E14}\x{E31}\x{E07}"
      text run at (0,22003) width 21: "\x{E40}\x{E2A}\x{E35}\x{E22}"
      text run at (0,22022) width 18: "\x{E08}\x{E19}"
      text run at (0,22041) width 20: "\x{E40}\x{E18}\x{E2D}"
      text run at (0,22060) width 26: "\x{E41}\x{E17}\x{E1A}"
      text run at (0,22079) width 14: "\x{E08}\x{E30}"
      text run at (0,22098) width 9: "\x{E2B}\x{E39}"
      text run at (0,22117) width 36: "\x{E2B}\x{E19}\x{E27}\x{E01}"
      text run at (0,22136) width 9: "\x{E17}\x{E35}"
      text run at (0,22155) width 24: "\x{E41}\x{E23}\x{E01}"
      text run at (0,22174) width 20: "\x{E40}\x{E18}\x{E2D}"
      text run at (0,22193) width 31: "\x{E2A}\x{E07}\x{E2A}\x{E31}\x{E22}"
      text run at (0,22212) width 14: "\x{E27}\x{E48}\x{E32}"
      text run at (0,22231) width 30: "\x{E04}\x{E07}\x{E08}\x{E30}"
      text run at (0,22250) width 17: "\x{E16}\x{E39}\x{E01}"
      text run at (0,22269) width 19: "\x{E09}\x{E35}\x{E01}"
      text run at (0,22288) width 45: "\x{E01}\x{E23}\x{E30}\x{E0A}\x{E32}\x{E01}"
      text run at (0,22307) width 25: "\x{E2D}\x{E2D}\x{E01}"
      text run at (0,22326) width 24: "\x{E40}\x{E1B}\x{E47}\x{E19}"
      text run at (0,22345) width 18: "\x{E0A}\x{E34}\x{E49}\x{E19}"
      text run at (0,22364) width 22: "\x{E40}\x{E25}\x{E47}\x{E01}"
      text run at (0,22383) width 18: "\x{E0A}\x{E34}\x{E49}\x{E19}"
      text run at (0,22402) width 26: "\x{E19}\x{E49}\x{E2D}\x{E22}"
      text run at (0,22421) width 22: "\x{E40}\x{E21}\x{E37}\x{E48}\x{E2D}"
      text run at (0,22440) width 25: "\x{E1A}\x{E49}\x{E32}\x{E19}"
      text run at (0,22459) width 23: "\x{E40}\x{E2D}\x{E19}"
      text run at (0,22478) width 17: "\x{E25}\x{E49}\x{E21}"
      text run at (0,22497) width 15: "\x{E25}\x{E07}"
      text run at (0,22516) width 17: "\x{E2D}\x{E35}\x{E01}"
      text run at (0,22535) width 23: "\x{E04}\x{E23}\x{E31}\x{E49}\x{E07}"
      text run at (0,22554) width 17: "\x{E41}\x{E15}\x{E48}"
      text run at (0,22573) width 31: "\x{E2B}\x{E25}\x{E32}\x{E22}"
      text run at (0,22592) width 39: "\x{E0A}\x{E31}\x{E48}\x{E27}\x{E42}\x{E21}\x{E07}"
      text run at (0,22611) width 25: "\x{E1C}\x{E48}\x{E32}\x{E19}"
      text run at (0,22630) width 16: "\x{E44}\x{E1B}"
      text run at (0,22649) width 9: "\x{E01}\x{E47}"
      text run at (0,22668) width 25: "\x{E44}\x{E21}\x{E48}\x{E21}\x{E35}"
      text run at (0,22687) width 28: "\x{E2D}\x{E30}\x{E44}\x{E23}"
      text run at (0,22706) width 23: "\x{E40}\x{E01}\x{E34}\x{E14}"
      text run at (0,22725) width 18: "\x{E02}\x{E36}\x{E49}\x{E19}"
      text run at (0,22744) width 20: "\x{E40}\x{E18}\x{E2D}"
      text run at (0,22763) width 21: "\x{E40}\x{E25}\x{E22}"
      text run at (0,22782) width 22: "\x{E40}\x{E25}\x{E34}\x{E01}"
      text run at (0,22801) width 26: "\x{E27}\x{E34}\x{E15}\x{E01}"
      text run at (0,22820) width 22: "\x{E41}\x{E25}\x{E30}"
      text run at (0,22839) width 36: "\x{E15}\x{E31}\x{E14}\x{E2A}\x{E34}\x{E19}"
      text run at (0,22858) width 15: "\x{E43}\x{E08}"
      text run at (0,22877) width 25: "\x{E04}\x{E2D}\x{E22}"
      text run at (0,22896) width 9: "\x{E14}\x{E39}"
      text run at (0,22915) width 29: "\x{E2D}\x{E22}\x{E48}\x{E32}\x{E07}"
      text run at (0,22934) width 24: "\x{E2A}\x{E07}\x{E1A}"
      text run at (0,22953) width 22: "\x{E41}\x{E25}\x{E30}"
      text run at (0,22972) width 15: "\x{E23}\x{E2D}"
      text run at (0,22991) width 14: "\x{E27}\x{E48}\x{E32}"
      text run at (0,23010) width 42: "\x{E2D}\x{E19}\x{E32}\x{E04}\x{E15}"
      text run at (0,23029) width 14: "\x{E08}\x{E30}"
      text run at (0,23048) width 24: "\x{E40}\x{E1B}\x{E47}\x{E19}"
      text run at (0,23067) width 43: "\x{E2D}\x{E22}\x{E48}\x{E32}\x{E07}\x{E44}\x{E23}"
      text run at (0,23086) width 17: "\x{E43}\x{E19}"
      text run at (0,23105) width 26: "\x{E17}\x{E35}\x{E48}\x{E2A}\x{E38}\x{E14}"
      text run at (0,23124) width 20: "\x{E40}\x{E18}\x{E2D}"
      text run at (0,23143) width 33: "\x{E04}\x{E25}\x{E32}\x{E19}"
      text run at (0,23162) width 23: "\x{E08}\x{E32}\x{E01}"
      text run at (0,23181) width 20: "\x{E1E}\x{E37}\x{E49}\x{E19}"
      text run at (0,23200) width 24: "\x{E2B}\x{E49}\x{E2D}\x{E07}"
      text run at (0,23219) width 9: "\x{E17}\x{E35}\x{E48}"
      text run at (0,23238) width 24: "\x{E42}\x{E22}\x{E01}"
      text run at (0,23257) width 16: "\x{E44}\x{E1B}"
      text run at (0,23276) width 15: "\x{E21}\x{E32}"
      text run at (0,23295) width 18: "\x{E02}\x{E36}\x{E49}\x{E19}"
      text run at (0,23314) width 16: "\x{E44}\x{E1B}"
      text run at (0,23333) width 19: "\x{E1A}\x{E19}"
      text run at (0,23352) width 29: "\x{E40}\x{E15}\x{E35}\x{E22}\x{E07}"
      text run at (0,23371) width 24: "\x{E41}\x{E25}\x{E49}\x{E27}"
      text run at (0,23390) width 9: "\x{E01}\x{E47}"
      text run at (0,23409) width 28: "\x{E19}\x{E2D}\x{E19}"
      text run at (0,23428) width 15: "\x{E25}\x{E07}"
      text run at (0,23447) width 16: "\x{E42}\x{E15}"
      text run at (0,23466) width 16: "\x{E42}\x{E15}\x{E49}"
      text run at (0,23485) width 24: "\x{E15}\x{E32}\x{E21}"
      text run at (0,23504) width 18: "\x{E15}\x{E34}\x{E14}"
      text run at (0,23523) width 15: "\x{E21}\x{E32}"
      text run at (0,23542) width 28: "\x{E19}\x{E2D}\x{E19}"
      text run at (0,23561) width 15: "\x{E25}\x{E07}"
      text run at (0,23580) width 31: "\x{E43}\x{E01}\x{E25}\x{E49}\x{E46}"
      text run at (0,23599) width 20: "\x{E40}\x{E18}\x{E2D}"
      text run at (0,23618) width 16: "\x{E44}\x{E21}\x{E48}"
      text run at (0,23637) width 14: "\x{E0A}\x{E49}\x{E32}"
      text run at (0,23656) width 16: "\x{E42}\x{E14}"
      text run at (0,23675) width 21: "\x{E42}\x{E23}\x{E18}\x{E35}"
      text run at (0,23694) width 9: "\x{E01}\x{E47}"
      text run at (0,23713) width 18: "\x{E1B}\x{E34}\x{E14}"
      text run at (0,23732) width 15: "\x{E15}\x{E32}"
      text run at (0,23751) width 15: "\x{E25}\x{E07}"
      text run at (0,23770) width 26: "\x{E2B}\x{E25}\x{E31}\x{E1A}"
      text run at (0,23789) width 33: "\x{E1C}\x{E25}\x{E47}\x{E2D}\x{E22}"
      text run at (0,23808) width 16: "\x{E44}\x{E1B}"
      text run at (0,23827) width 29: "\x{E2D}\x{E22}\x{E48}\x{E32}\x{E07}"
      text run at (0,23846) width 27: "\x{E2A}\x{E19}\x{E34}\x{E17}"
      text run at (0,23865) width 23: "\x{E17}\x{E31}\x{E49}\x{E07}\x{E46}"
      text run at (0,23884) width 9: "\x{E17}\x{E35}\x{E48}"
      text run at (0,23903) width 25: "\x{E1A}\x{E49}\x{E32}\x{E19}"
      text run at (0,23922) width 24: "\x{E42}\x{E22}\x{E01}"
      text run at (0,23941) width 16: "\x{E44}\x{E1B}"
      text run at (0,23960) width 15: "\x{E21}\x{E32}"
      text run at (0,23979) width 22: "\x{E41}\x{E25}\x{E30}"
      text run at (0,23998) width 17: "\x{E25}\x{E21}"
      text run at (0,24017) width 9: "\x{E01}\x{E47}"
      text run at (0,24036) width 29: "\x{E04}\x{E23}\x{E32}\x{E07}"
      text run at (0,24055) width 26: "\x{E2B}\x{E27}\x{E35}\x{E14}"
      text run at (0,24074) width 25: "\x{E2B}\x{E27}\x{E37}\x{E2D}"
layer at (471,96) size 1x25335
  RenderBlock (positioned) {DIV} at (471,96) size 1x25335
    RenderText {#text} at (0,1) size 61x25333
      text run at (0,1) width 18: "\x{E1A}\x{E17}"
      text run at (0,20) width 9: "\x{E17}\x{E35}\x{E48}"
      text run at (0,39) width 8: "\x{E51}"
      text run at (0,58) width 24: "\x{E1E}\x{E32}\x{E22}\x{E38}"
      text run at (0,77) width 50: "\x{E44}\x{E0B}\x{E42}\x{E04}\x{E25}\x{E19}"
      text run at (0,96) width 16: "\x{E42}\x{E14}"
      text run at (0,115) width 21: "\x{E42}\x{E23}\x{E18}\x{E35}"
      text run at (0,134) width 31: "\x{E2D}\x{E32}\x{E28}\x{E31}\x{E22}"
      text run at (0,153) width 16: "\x{E2D}\x{E22}\x{E39}\x{E48}"
      text run at (0,172) width 24: "\x{E17}\x{E48}\x{E32}\x{E21}"
      text run at (0,191) width 30: "\x{E01}\x{E25}\x{E32}\x{E07}"
      text run at (0,210) width 16: "\x{E17}\x{E38}\x{E48}\x{E07}"
      text run at (0,229) width 27: "\x{E43}\x{E2B}\x{E0D}\x{E48}"
      text run at (0,248) width 17: "\x{E43}\x{E19}"
      text run at (0,267) width 44: "\x{E41}\x{E04}\x{E19}\x{E0B}\x{E31}\x{E2A}"
      text run at (0,286) width 18: "\x{E01}\x{E31}\x{E1A}"
      text run at (0,305) width 15: "\x{E25}\x{E38}\x{E07}"
      text run at (0,324) width 13: "\x{E40}\x{E2E}"
      text run at (0,343) width 17: "\x{E19}\x{E23}\x{E35}"
      text run at (0,362) width 22: "\x{E0A}\x{E32}\x{E27}"
      text run at (0,381) width 14: "\x{E44}\x{E23}\x{E48}"
      text run at (0,400) width 22: "\x{E41}\x{E25}\x{E30}"
      text run at (0,419) width 15: "\x{E1B}\x{E49}\x{E32}"
      text run at (0,438) width 22: "\x{E40}\x{E2D}\x{E47}\x{E21}"
      text run at (0,457) width 37: "\x{E20}\x{E23}\x{E23}\x{E22}\x{E32}"
      text run at (0,476) width 36: "\x{E0A}\x{E32}\x{E27}\x{E44}\x{E23}\x{E48}"
      text run at (0,495) width 25: "\x{E1A}\x{E49}\x{E32}\x{E19}"
      text run at (0,514) width 23: "\x{E02}\x{E2D}\x{E07}"
      text run at (0,533) width 27: "\x{E1E}\x{E27}\x{E01}"
      text run at (0,552) width 19: "\x{E40}\x{E02}\x{E32}"
      text run at (0,571) width 24: "\x{E2B}\x{E25}\x{E31}\x{E07}"
      text run at (0,590) width 22: "\x{E40}\x{E25}\x{E47}\x{E01}"
      text run at (0,609) width 34: "\x{E40}\x{E1E}\x{E23}\x{E32}\x{E30}"
      text run at (0,628) width 16: "\x{E44}\x{E21}\x{E49}"
      text run at (0,647) width 28: "\x{E2A}\x{E23}\x{E49}\x{E32}\x{E07}"
      text run at (0,666) width 25: "\x{E1A}\x{E49}\x{E32}\x{E19}"
      text run at (0,685) width 24: "\x{E15}\x{E49}\x{E2D}\x{E07}"
      text run at (0,704) width 18: "\x{E02}\x{E19}"
      text run at (0,723) width 15: "\x{E21}\x{E32}"
      text run at (0,742) width 25: "\x{E14}\x{E49}\x{E27}\x{E22}"
      text run at (0,761) width 40: "\x{E40}\x{E01}\x{E27}\x{E35}\x{E22}\x{E19}"
      text run at (0,780) width 24: "\x{E40}\x{E1B}\x{E47}\x{E19}"
      text run at (0,799) width 27: "\x{E23}\x{E30}\x{E22}\x{E30}"
      text run at (0,818) width 22: "\x{E17}\x{E32}\x{E07}"
      text run at (0,837) width 31: "\x{E2B}\x{E25}\x{E32}\x{E22}"
      text run at (0,856) width 24: "\x{E44}\x{E21}\x{E25}\x{E4C}"
      text run at (0,875) width 25: "\x{E1A}\x{E49}\x{E32}\x{E19}"
      text run at (0,894) width 9: "\x{E21}\x{E35}"
      text run at (0,913) width 8: "\x{E2A}\x{E35}\x{E48}"
      text run at (0,932) width 15: "\x{E1D}\x{E32}"
      text run at (0,951) width 9: "\x{E21}\x{E35}"
      text run at (0,970) width 20: "\x{E1E}\x{E37}\x{E49}\x{E19}"
      text run at (0,989) width 18: "\x{E01}\x{E31}\x{E1A}"
      text run at (0,1008) width 39: "\x{E2B}\x{E25}\x{E31}\x{E07}\x{E04}\x{E32}"
      text run at (0,1027) width 24: "\x{E23}\x{E27}\x{E21}"
      text run at (0,1046) width 15: "\x{E17}\x{E33}"
      text run at (0,1065) width 24: "\x{E40}\x{E1B}\x{E47}\x{E19}"
      text run at (0,1084) width 24: "\x{E2B}\x{E49}\x{E2D}\x{E07}"
      text run at (0,1103) width 30: "\x{E40}\x{E14}\x{E35}\x{E22}\x{E27}"
      text run at (0,1122) width 17: "\x{E43}\x{E19}"
      text run at (0,1141) width 24: "\x{E2B}\x{E49}\x{E2D}\x{E07}"
      text run at (0,1160) width 9: "\x{E21}\x{E35}"
      text run at (0,1179) width 16: "\x{E17}\x{E31}\x{E49}\x{E07}"
      text run at (0,1198) width 20: "\x{E40}\x{E15}\x{E32}"
      text run at (0,1217) width 16: "\x{E2B}\x{E38}\x{E07}"
      text run at (0,1236) width 18: "\x{E15}\x{E49}\x{E21}"
      text run at (0,1255) width 9: "\x{E17}\x{E35}\x{E48}"
      text run at (0,1274) width 27: "\x{E2A}\x{E19}\x{E34}\x{E21}"
      text run at (0,1293) width 9: "\x{E14}\x{E39}"
      text run at (0,1312) width 18: "\x{E02}\x{E36}\x{E49}\x{E19}"
      text run at (0,1331) width 27: "\x{E40}\x{E25}\x{E2D}\x{E30}"
      text run at (0,1350) width 9: "\x{E21}\x{E35}"
      text run at (0,1369) width 9: "\x{E15}\x{E39}\x{E49}"
      text run at (0,1388) width 15: "\x{E43}\x{E2A}\x{E48}"
      text run at (0,1407) width 24: "\x{E16}\x{E49}\x{E27}\x{E22}"
      text run at (0,1426) width 23: "\x{E0A}\x{E32}\x{E21}"
      text run at (0,1445) width 22: "\x{E42}\x{E15}\x{E4A}\x{E30}"
      text run at (0,1464) width 28: "\x{E40}\x{E01}\x{E49}\x{E32}\x{E2D}\x{E35}\x{E49}"
      text run at (0,1483) width 23: "\x{E2A}\x{E32}\x{E21}"
      text run at (0,1502) width 24: "\x{E2B}\x{E23}\x{E37}\x{E2D}"
      text run at (0,1521) width 8: "\x{E2A}\x{E35}\x{E48}"
      text run at (0,1540) width 17: "\x{E15}\x{E31}\x{E27}"
      text run at (0,1559) width 24: "\x{E41}\x{E25}\x{E49}\x{E27}"
      text run at (0,1578) width 9: "\x{E01}\x{E47}"
      text run at (0,1597) width 9: "\x{E21}\x{E35}"
      text run at (0,1616) width 29: "\x{E40}\x{E15}\x{E35}\x{E22}\x{E07}"
      text run at (0,1635) width 28: "\x{E19}\x{E2D}\x{E19}"
      text run at (0,1654) width 15: "\x{E25}\x{E38}\x{E07}"
      text run at (0,1673) width 13: "\x{E40}\x{E2E}"
      text run at (0,1692) width 17: "\x{E19}\x{E23}\x{E35}"
      text run at (0,1711) width 18: "\x{E01}\x{E31}\x{E1A}"
      text run at (0,1730) width 15: "\x{E1B}\x{E49}\x{E32}"
      text run at (0,1749) width 22: "\x{E40}\x{E2D}\x{E47}\x{E21}"
      text run at (0,1768) width 9: "\x{E21}\x{E35}"
      text run at (0,1787) width 29: "\x{E40}\x{E15}\x{E35}\x{E22}\x{E07}"
      text run at (0,1806) width 28: "\x{E19}\x{E2D}\x{E19}"
      text run at (0,1825) width 27: "\x{E43}\x{E2B}\x{E0D}\x{E48}"
      text run at (0,1844) width 16: "\x{E2D}\x{E22}\x{E39}\x{E48}"
      text run at (0,1863) width 9: "\x{E17}\x{E35}\x{E48}"
      text run at (0,1882) width 18: "\x{E21}\x{E38}\x{E21}"
      text run at (0,1901) width 26: "\x{E2B}\x{E19}\x{E36}\x{E48}\x{E07}"
      text run at (0,1920) width 26: "\x{E2A}\x{E48}\x{E27}\x{E19}"
      text run at (0,1939) width 16: "\x{E42}\x{E14}"
      text run at (0,1958) width 21: "\x{E42}\x{E23}\x{E18}\x{E35}"
      text run at (0,1977) width 9: "\x{E21}\x{E35}"
      text run at (0,1996) width 29: "\x{E40}\x{E15}\x{E35}\x{E22}\x{E07}"
      text run at (0,2015) width 22: "\x{E40}\x{E25}\x{E47}\x{E01}"
      text run at (0,2034) width 17: "\x{E2D}\x{E35}\x{E01}"
      text run at (0,2053) width 9: "\x{E17}\x{E35}\x{E48}"
      text run at (0,2072) width 18: "\x{E21}\x{E38}\x{E21}"
      text run at (0,2091) width 26: "\x{E2B}\x{E19}\x{E36}\x{E48}\x{E07}"
      text run at (0,2110) width 16: "\x{E44}\x{E21}\x{E48}"
      text run at (0,2129) width 9: "\x{E21}\x{E35}"
      text run at (0,2148) width 24: "\x{E2B}\x{E49}\x{E2D}\x{E07}"
      text run at (0,2167) width 16: "\x{E43}\x{E15}\x{E49}"
      text run at (0,2186) width 40: "\x{E40}\x{E1E}\x{E14}\x{E32}\x{E19}"
      text run at (0,2205) width 21: "\x{E40}\x{E25}\x{E22}"
      text run at (0,2224) width 24: "\x{E2B}\x{E49}\x{E2D}\x{E07}"
      text run at (0,2243) width 34: "\x{E43}\x{E15}\x{E49}\x{E16}\x{E38}\x{E19}"
      text run at (0,2262) width 9: "\x{E01}\x{E47}"
      text run at (0,2281) width 16: "\x{E44}\x{E21}\x{E48}"
      text run at (0,2300) width 9: "\x{E21}\x{E35}"
      text run at (0,2319) width 23: "\x{E40}\x{E27}\x{E49}\x{E19}"
      text run at (0,2338) width 17: "\x{E41}\x{E15}\x{E48}"
      text run at (0,2357) width 9: "\x{E21}\x{E35}"
      text run at (0,2376) width 31: "\x{E42}\x{E1E}\x{E23}\x{E07}"
      text run at (0,2395) width 29: "\x{E40}\x{E25}\x{E47}\x{E01}\x{E46}"
      text run at (0,2414) width 9: "\x{E17}\x{E35}\x{E48}"
      text run at (0,2433) width 17: "\x{E02}\x{E38}\x{E14}"
      text run at (0,2452) width 16: "\x{E44}\x{E1B}"
      text run at (0,2471) width 16: "\x{E43}\x{E15}\x{E49}"
      text run at (0,2490) width 20: "\x{E1E}\x{E37}\x{E49}\x{E19}"
      text run at (0,2509) width 29: "\x{E40}\x{E23}\x{E35}\x{E22}\x{E01}"
      text run at (0,2528) width 14: "\x{E27}\x{E48}\x{E32}"
      text run at (0,2546) width 7: "\""
      text run at (0,2565) width 31: "\x{E42}\x{E1E}\x{E23}\x{E07}"
      text run at (0,2584) width 50: "\x{E44}\x{E0B}\x{E42}\x{E04}\x{E25}\x{E19}"
      text run at (0,2602) width 7: "\""
      text run at (0,2621) width 24: "\x{E40}\x{E1B}\x{E47}\x{E19}"
      text run at (0,2640) width 9: "\x{E17}\x{E35}\x{E48}"
      text run at (0,2659) width 57: "\x{E04}\x{E23}\x{E2D}\x{E1A}\x{E04}\x{E23}\x{E31}\x{E27}"
      text run at (0,2678) width 10: "\x{E19}\x{E35}\x{E49}"
      text run at (0,2697) width 14: "\x{E08}\x{E30}"
      text run at (0,2716) width 18: "\x{E21}\x{E38}\x{E14}"
      text run at (0,2735) width 19: "\x{E40}\x{E02}\x{E49}\x{E32}"
      text run at (0,2754) width 16: "\x{E44}\x{E1B}"
      text run at (0,2773) width 22: "\x{E40}\x{E21}\x{E37}\x{E48}\x{E2D}"
      text run at (0,2792) width 23: "\x{E40}\x{E01}\x{E34}\x{E14}"
      text run at (0,2811) width 17: "\x{E25}\x{E21}"
      text run at (0,2830) width 24: "\x{E21}\x{E2B}\x{E32}"
      text run at (0,2849) width 17: "\x{E20}\x{E31}\x{E22}"
      text run at (0,2868) width 16: "\x{E0B}\x{E36}\x{E48}\x{E07}"
      text run at (0,2887) width 46: "\x{E01}\x{E23}\x{E30}\x{E42}\x{E0A}\x{E01}"
      text run at (0,2906) width 22: "\x{E41}\x{E23}\x{E07}"
      text run at (0,2925) width 18: "\x{E08}\x{E19}"
      text run at (0,2944) width 18: "\x{E1A}\x{E14}"
      text run at (0,2963) width 16: "\x{E02}\x{E22}\x{E35}\x{E49}"
      text run at (0,2982) width 15: "\x{E2A}\x{E34}\x{E48}\x{E07}"
      text run at (0,3001) width 17: "\x{E01}\x{E48}\x{E2D}"
      text run at (0,3020) width 28: "\x{E2A}\x{E23}\x{E49}\x{E32}\x{E07}"
      text run at (0,3039) width 16: "\x{E43}\x{E14}"
      text run at (0,3058) width 7: "\x{E46}"
      text run at (0,3077) width 9: "\x{E17}\x{E35}\x{E48}"
      text run at (0,3096) width 29: "\x{E02}\x{E27}\x{E32}\x{E07}"
      text run at (0,3115) width 22: "\x{E17}\x{E32}\x{E07}"
      text run at (0,3134) width 19: "\x{E21}\x{E31}\x{E19}"
      text run at (0,3153) width 16: "\x{E44}\x{E14}\x{E49}"
      text run at (0,3172) width 23: "\x{E15}\x{E23}\x{E07}"
      text run at (0,3191) width 30: "\x{E01}\x{E25}\x{E32}\x{E07}"
      text run at (0,3210) width 20: "\x{E1E}\x{E37}\x{E49}\x{E19}"
      text run at (0,3229) width 9: "\x{E21}\x{E35}"
      text run at (0,3248) width 15: "\x{E1D}\x{E32}"
      text run at (0,3267) width 23: "\x{E40}\x{E1B}\x{E34}\x{E14}"
      text run at (0,3286) width 19: "\x{E40}\x{E02}\x{E49}\x{E32}"
      text run at (0,3305) width 16: "\x{E44}\x{E1B}"
      text run at (0,3324) width 23: "\x{E08}\x{E32}\x{E01}"
      text run at (0,3343) width 20: "\x{E19}\x{E31}\x{E49}\x{E19}"
      text run at (0,3362) width 9: "\x{E21}\x{E35}"
      text run at (0,3381) width 35: "\x{E1A}\x{E31}\x{E19}\x{E44}\x{E14}"
      text run at (0,3400) width 15: "\x{E25}\x{E07}"
      text run at (0,3419) width 16: "\x{E44}\x{E1B}"
      text run at (0,3438) width 15: "\x{E16}\x{E36}\x{E07}"
      text run at (0,3457) width 31: "\x{E42}\x{E1E}\x{E23}\x{E07}"
      text run at (0,3476) width 18: "\x{E21}\x{E37}\x{E14}"
      text run at (0,3495) width 22: "\x{E40}\x{E25}\x{E47}\x{E01}"
      text run at (0,3514) width 7: "\x{E46}"
      text run at (0,3533) width 22: "\x{E40}\x{E21}\x{E37}\x{E48}\x{E2D}"
      text run at (0,3552) width 16: "\x{E42}\x{E14}"
      text run at (0,3571) width 21: "\x{E42}\x{E23}\x{E18}\x{E35}"
      text run at (0,3590) width 18: "\x{E22}\x{E37}\x{E19}"
      text run at (0,3609) width 9: "\x{E17}\x{E35}\x{E48}"
      text run at (0,3628) width 24: "\x{E1B}\x{E32}\x{E01}"
      text run at (0,3647) width 31: "\x{E1B}\x{E23}\x{E30}\x{E15}\x{E39}"
      text run at (0,3666) width 22: "\x{E41}\x{E25}\x{E30}"
      text run at (0,3685) width 24: "\x{E21}\x{E2D}\x{E07}"
      text run at (0,3704) width 16: "\x{E44}\x{E1B}"
      text run at (0,3723) width 24: "\x{E23}\x{E2D}\x{E1A}"
      text run at (0,3742) width 7: "\x{E46}"
      text run at (0,3761) width 20: "\x{E40}\x{E18}\x{E2D}"
      text run at (0,3780) width 16: "\x{E44}\x{E21}\x{E48}"
      text run at (0,3799) width 24: "\x{E40}\x{E2B}\x{E47}\x{E19}"
      text run at (0,3818) width 28: "\x{E2D}\x{E30}\x{E44}\x{E23}"
      text run at (0,3837) width 27: "\x{E19}\x{E2D}\x{E01}"
      text run at (0,3856) width 23: "\x{E08}\x{E32}\x{E01}"
      text run at (0,3875) width 24: "\x{E17}\x{E49}\x{E2D}\x{E07}"
      text run at (0,3894) width 16: "\x{E17}\x{E38}\x{E48}\x{E07}"
      text run at (0,3913) width 30: "\x{E01}\x{E27}\x{E49}\x{E32}\x{E07}"
      text run at (0,3932) width 8: "\x{E2A}\x{E35}"
      text run at (0,3951) width 20: "\x{E40}\x{E17}\x{E32}"
      text run at (0,3970) width 28: "\x{E2B}\x{E21}\x{E48}\x{E19}"
      text run at (0,3989) width 17: "\x{E17}\x{E31}\x{E48}\x{E27}"
      text run at (0,4008) width 18: "\x{E17}\x{E38}\x{E01}"
      text run at (0,4027) width 25: "\x{E14}\x{E49}\x{E32}\x{E19}"
      text run at (0,4046) width 16: "\x{E44}\x{E21}\x{E48}"
      text run at (0,4065) width 9: "\x{E21}\x{E35}"
      text run at (0,4084) width 17: "\x{E41}\x{E21}\x{E49}"
      text run at (0,4103) width 35: "\x{E15}\x{E49}\x{E19}\x{E44}\x{E21}\x{E49}"
      text run at (0,4122) width 17: "\x{E2A}\x{E31}\x{E01}"
      text run at (0,4141) width 19: "\x{E15}\x{E49}\x{E19}"
      text run at (0,4160) width 24: "\x{E2B}\x{E23}\x{E37}\x{E2D}"
      text run at (0,4179) width 25: "\x{E1A}\x{E49}\x{E32}\x{E19}"
      text run at (0,4198) width 17: "\x{E2A}\x{E31}\x{E01}"
      text run at (0,4217) width 24: "\x{E2B}\x{E25}\x{E31}\x{E07}"
      text run at (0,4236) width 9: "\x{E17}\x{E35}\x{E48}"
      text run at (0,4255) width 24: "\x{E42}\x{E1C}\x{E25}\x{E48}"
      text run at (0,4274) width 20: "\x{E1E}\x{E49}\x{E19}"
      text run at (0,4293) width 18: "\x{E20}\x{E39}\x{E21}\x{E34}"
      text run at (0,4312) width 45: "\x{E1B}\x{E23}\x{E30}\x{E40}\x{E17}\x{E28}"
      text run at (0,4331) width 18: "\x{E2D}\x{E31}\x{E19}"
      text run at (0,4350) width 22: "\x{E23}\x{E32}\x{E1A}"
      text run at (0,4369) width 29: "\x{E40}\x{E23}\x{E35}\x{E22}\x{E1A}"
      text run at (0,4388) width 17: "\x{E41}\x{E1C}\x{E48}"
      text run at (0,4407) width 16: "\x{E44}\x{E1B}"
      text run at (0,4426) width 24: "\x{E44}\x{E01}\x{E25}"
      text run at (0,4445) width 18: "\x{E08}\x{E19}"
      text run at (0,4464) width 17: "\x{E08}\x{E14}"
      text run at (0,4483) width 25: "\x{E02}\x{E2D}\x{E1A}"
      text run at (0,4502) width 16: "\x{E1F}\x{E49}\x{E32}"
      text run at (0,4521) width 17: "\x{E17}\x{E31}\x{E48}\x{E27}"
      text run at (0,4540) width 18: "\x{E17}\x{E38}\x{E01}"
      text run at (0,4559) width 18: "\x{E17}\x{E34}\x{E28}"
      text run at (0,4578) width 24: "\x{E14}\x{E27}\x{E07}"
      text run at (0,4597) width 33: "\x{E15}\x{E30}\x{E27}\x{E31}\x{E19}"
      text run at (0,4616) width 20: "\x{E40}\x{E1C}\x{E32}"
      text run at (0,4635) width 19: "\x{E1C}\x{E37}\x{E19}"
      text run at (0,4654) width 19: "\x{E14}\x{E34}\x{E19}"
      text run at (0,4673) width 9: "\x{E17}\x{E35}\x{E48}"
      text run at (0,4692) width 15: "\x{E44}\x{E16}"
      text run at (0,4711) width 24: "\x{E41}\x{E25}\x{E49}\x{E27}"
      text run at (0,4730) width 18: "\x{E08}\x{E19}"
      text run at (0,4749) width 31: "\x{E01}\x{E25}\x{E32}\x{E22}"
      text run at (0,4768) width 24: "\x{E40}\x{E1B}\x{E47}\x{E19}"
      text run at (0,4787) width 27: "\x{E41}\x{E1C}\x{E48}\x{E19}"
      text run at (0,4806) width 33: "\x{E21}\x{E2B}\x{E36}\x{E21}\x{E32}"
      text run at (0,4825) width 8: "\x{E2A}\x{E35}"
      text run at (0,4844) width 15: "\x{E14}\x{E33}"
      text run at (0,4863) width 9: "\x{E21}\x{E35}"
      text run at (0,4882) width 23: "\x{E23}\x{E2D}\x{E22}"
      text run at (0,4901) width 26: "\x{E41}\x{E15}\x{E01}"
      text run at (0,4920) width 37: "\x{E23}\x{E30}\x{E41}\x{E2B}\x{E07}"
      text run at (0,4939) width 16: "\x{E2D}\x{E22}\x{E39}\x{E48}"
      text run at (0,4958) width 34: "\x{E15}\x{E25}\x{E2D}\x{E14}"
      text run at (0,4977) width 34: "\x{E41}\x{E21}\x{E49}\x{E41}\x{E15}\x{E48}"
      text run at (0,4996) width 26: "\x{E2B}\x{E0D}\x{E49}\x{E32}"
      text run at (0,5015) width 9: "\x{E01}\x{E47}"
      text run at (0,5034) width 16: "\x{E44}\x{E21}\x{E48}"
      text run at (0,5053) width 29: "\x{E40}\x{E02}\x{E35}\x{E22}\x{E27}"
      text run at (0,5072) width 34: "\x{E40}\x{E1E}\x{E23}\x{E32}\x{E30}"
      text run at (0,5091) width 24: "\x{E14}\x{E27}\x{E07}"
      text run at (0,5110) width 33: "\x{E15}\x{E30}\x{E27}\x{E31}\x{E19}"
      text run at (0,5129) width 20: "\x{E40}\x{E1C}\x{E32}"
      text run at (0,5148) width 25: "\x{E22}\x{E2D}\x{E14}"
      text run at (0,5167) width 16: "\x{E43}\x{E1A}"
      text run at (0,5186) width 22: "\x{E22}\x{E32}\x{E27}"
      text run at (0,5205) width 21: "\x{E40}\x{E2A}\x{E35}\x{E22}"
      text run at (0,5224) width 18: "\x{E08}\x{E19}"
      text run at (0,5243) width 24: "\x{E40}\x{E1B}\x{E47}\x{E19}"
      text run at (0,5262) width 8: "\x{E2A}\x{E35}"
      text run at (0,5281) width 20: "\x{E40}\x{E17}\x{E32}"
      text run at (0,5300) width 28: "\x{E2B}\x{E21}\x{E48}\x{E19}"
      text run at (0,5319) width 24: "\x{E21}\x{E2D}\x{E07}"
      text run at (0,5338) width 24: "\x{E40}\x{E2B}\x{E47}\x{E19}"
      text run at (0,5357) width 16: "\x{E2D}\x{E22}\x{E39}\x{E48}"
      text run at (0,5376) width 17: "\x{E17}\x{E31}\x{E48}\x{E27}"
      text run at (0,5395) width 16: "\x{E44}\x{E1B}"
      text run at (0,5414) width 23: "\x{E04}\x{E23}\x{E31}\x{E49}\x{E07}"
      text run at (0,5433) width 26: "\x{E2B}\x{E19}\x{E36}\x{E48}\x{E07}"
      text run at (0,5452) width 22: "\x{E40}\x{E04}\x{E22}"
      text run at (0,5471) width 15: "\x{E17}\x{E32}"
      text run at (0,5490) width 8: "\x{E2A}\x{E35}"
      text run at (0,5509) width 25: "\x{E1A}\x{E49}\x{E32}\x{E19}"
      text run at (0,5528) width 19: "\x{E40}\x{E2D}\x{E32}"
      text run at (0,5547) width 15: "\x{E44}\x{E27}\x{E49}"
      text run at (0,5566) width 17: "\x{E41}\x{E15}\x{E48}"
      text run at (0,5585) width 9: "\x{E01}\x{E47}"
      text run at (0,5604) width 17: "\x{E16}\x{E39}\x{E01}"
      text run at (0,5623) width 24: "\x{E14}\x{E27}\x{E07}"
      text run at (0,5642) width 33: "\x{E15}\x{E30}\x{E27}\x{E31}\x{E19}"
      text run at (0,5661) width 20: "\x{E40}\x{E1C}\x{E32}"
      text run at (0,5680) width 21: "\x{E40}\x{E2A}\x{E35}\x{E22}"
      text run at (0,5699) width 18: "\x{E08}\x{E19}"
      text run at (0,5718) width 8: "\x{E2A}\x{E35}"
      text run at (0,5737) width 25: "\x{E1E}\x{E2D}\x{E07}"
      text run at (0,5756) width 24: "\x{E41}\x{E25}\x{E49}\x{E27}"
      text run at (0,5775) width 19: "\x{E1D}\x{E19}"
      text run at (0,5794) width 9: "\x{E01}\x{E47}"
      text run at (0,5813) width 14: "\x{E0A}\x{E30}"
      text run at (0,5832) width 19: "\x{E21}\x{E31}\x{E19}"
      text run at (0,5851) width 26: "\x{E2B}\x{E25}\x{E38}\x{E14}"
      text run at (0,5870) width 16: "\x{E44}\x{E1B}"
      text run at (0,5889) width 18: "\x{E08}\x{E19}"
      text run at (0,5908) width 27: "\x{E2B}\x{E21}\x{E14}"
      text run at (0,5927) width 22: "\x{E41}\x{E25}\x{E30}"
      text run at (0,5946) width 27: "\x{E15}\x{E2D}\x{E19}"
      text run at (0,5965) width 10: "\x{E19}\x{E35}\x{E49}"
      text run at (0,5984) width 25: "\x{E1A}\x{E49}\x{E32}\x{E19}"
      text run at (0,6003) width 15: "\x{E08}\x{E36}\x{E07}"
      text run at (0,6022) width 9: "\x{E14}\x{E39}"
      text run at (0,6041) width 61: "\x{E2B}\x{E21}\x{E48}\x{E19}\x{E2B}\x{E21}\x{E2D}\x{E07}"
      text run at (0,6060) width 24: "\x{E40}\x{E1B}\x{E47}\x{E19}"
      text run at (0,6079) width 8: "\x{E2A}\x{E35}"
      text run at (0,6098) width 20: "\x{E40}\x{E17}\x{E32}"
      text run at (0,6117) width 41: "\x{E40}\x{E2B}\x{E21}\x{E37}\x{E2D}\x{E19}"
      text run at (0,6136) width 15: "\x{E2A}\x{E34}\x{E48}\x{E07}"
      text run at (0,6155) width 18: "\x{E2D}\x{E37}\x{E48}\x{E19}"
      text run at (0,6174) width 7: "\x{E46}"
      text run at (0,6193) width 25: "\x{E14}\x{E49}\x{E27}\x{E22}"
      text run at (0,6212) width 27: "\x{E15}\x{E2D}\x{E19}"
      text run at (0,6231) width 9: "\x{E17}\x{E35}\x{E48}"
      text run at (0,6250) width 15: "\x{E1B}\x{E49}\x{E32}"
      text run at (0,6269) width 22: "\x{E40}\x{E2D}\x{E47}\x{E21}"
      text run at (0,6288) width 22: "\x{E22}\x{E49}\x{E32}\x{E22}"
      text run at (0,6307) width 15: "\x{E21}\x{E32}"
      text run at (0,6326) width 16: "\x{E2D}\x{E22}\x{E39}\x{E48}"
      text run at (0,6345) width 9: "\x{E17}\x{E35}\x{E48}"
      text run at (0,6364) width 10: "\x{E19}\x{E35}\x{E48}"
      text run at (0,6383) width 20: "\x{E40}\x{E18}\x{E2D}"
      text run at (0,6402) width 15: "\x{E22}\x{E31}\x{E07}"
      text run at (0,6421) width 22: "\x{E2A}\x{E32}\x{E27}"
      text run at (0,6440) width 24: "\x{E40}\x{E1B}\x{E47}\x{E19}"
      text run at (0,6459) width 37: "\x{E20}\x{E23}\x{E23}\x{E22}\x{E32}"
      text run at (0,6478) width 9: "\x{E17}\x{E35}\x{E48}"
      text run at (0,6497) width 38: "\x{E07}\x{E14}\x{E07}\x{E32}\x{E21}"
      text run at (0,6516) width 24: "\x{E41}\x{E25}\x{E49}\x{E27}"
      text run at (0,6535) width 26: "\x{E41}\x{E14}\x{E14}"
      text run at (0,6554) width 22: "\x{E41}\x{E25}\x{E30}"
      text run at (0,6573) width 17: "\x{E25}\x{E21}"
      text run at (0,6592) width 9: "\x{E01}\x{E47}"
      text run at (0,6611) width 16: "\x{E44}\x{E14}\x{E49}"
      text run at (0,6630) width 40: "\x{E40}\x{E1B}\x{E25}\x{E35}\x{E48}\x{E22}\x{E19}"
      text run at (0,6649) width 20: "\x{E40}\x{E18}\x{E2D}"
      text run at (0,6668) width 16: "\x{E44}\x{E1B}"
      text run at (0,6687) width 19: "\x{E40}\x{E2D}\x{E32}"
      text run at (0,6706) width 45: "\x{E1B}\x{E23}\x{E30}\x{E01}\x{E32}\x{E22}"
      text run at (0,6725) width 16: "\x{E44}\x{E1B}"
      text run at (0,6744) width 23: "\x{E08}\x{E32}\x{E01}"
      text run at (0,6763) width 39: "\x{E14}\x{E27}\x{E07}\x{E15}\x{E32}"
      text run at (0,6782) width 20: "\x{E40}\x{E18}\x{E2D}"
      text run at (0,6801) width 33: "\x{E1B}\x{E25}\x{E48}\x{E2D}\x{E22}"
      text run at (0,6820) width 15: "\x{E44}\x{E27}\x{E49}"
      text run at (0,6839) width 17: "\x{E41}\x{E15}\x{E48}"
      text run at (0,6858) width 32: "\x{E04}\x{E27}\x{E32}\x{E21}"
      text run at (0,6877) width 25: "\x{E2A}\x{E38}\x{E02}\x{E38}\x{E21}"
      text run at (0,6896) width 29: "\x{E2D}\x{E22}\x{E48}\x{E32}\x{E07}"
      text run at (0,6915) width 61: "\x{E2B}\x{E21}\x{E48}\x{E19}\x{E2B}\x{E21}\x{E2D}\x{E07}"
      text run at (0,6934) width 19: "\x{E40}\x{E2D}\x{E32}"
      text run at (0,6953) width 8: "\x{E2A}\x{E35}"
      text run at (0,6972) width 24: "\x{E41}\x{E14}\x{E07}"
      text run at (0,6991) width 23: "\x{E08}\x{E32}\x{E01}"
      text run at (0,7010) width 26: "\x{E41}\x{E01}\x{E49}\x{E21}"
      text run at (0,7029) width 22: "\x{E41}\x{E25}\x{E30}"
      text run at (0,7048) width 16: "\x{E23}\x{E34}\x{E21}"
      text run at (0,7067) width 33: "\x{E1D}\x{E35}\x{E1B}\x{E32}\x{E01}"
      text run at (0,7086) width 20: "\x{E40}\x{E18}\x{E2D}"
      text run at (0,7105) width 16: "\x{E44}\x{E1B}"
      text run at (0,7124) width 31: "\x{E01}\x{E25}\x{E32}\x{E22}"
      text run at (0,7143) width 24: "\x{E40}\x{E1B}\x{E47}\x{E19}"
      text run at (0,7162) width 8: "\x{E2A}\x{E35}"
      text run at (0,7181) width 28: "\x{E2B}\x{E21}\x{E48}\x{E19}"
      text run at (0,7200) width 7: "\x{E46}"
      text run at (0,7219) width 41: "\x{E40}\x{E2B}\x{E21}\x{E37}\x{E2D}\x{E19}"
      text run at (0,7238) width 19: "\x{E01}\x{E31}\x{E19}"
      text run at (0,7257) width 20: "\x{E40}\x{E18}\x{E2D}"
      text run at (0,7276) width 26: "\x{E1C}\x{E2D}\x{E21}"
      text run at (0,7295) width 22: "\x{E41}\x{E25}\x{E30}"
      text run at (0,7314) width 24: "\x{E2B}\x{E25}\x{E31}\x{E07}"
      text run at (0,7333) width 23: "\x{E42}\x{E04}\x{E49}\x{E07}"
      text run at (0,7352) width 22: "\x{E41}\x{E25}\x{E30}"
      text run at (0,7371) width 30: "\x{E40}\x{E14}\x{E35}\x{E4B}\x{E22}\x{E27}"
      text run at (0,7390) width 10: "\x{E19}\x{E35}\x{E49}"
      text run at (0,7409) width 16: "\x{E44}\x{E21}\x{E48}"
      text run at (0,7428) width 22: "\x{E40}\x{E04}\x{E22}"
      text run at (0,7447) width 17: "\x{E22}\x{E34}\x{E49}\x{E21}"
      text run at (0,7466) width 21: "\x{E40}\x{E25}\x{E22}"
      text run at (0,7485) width 22: "\x{E40}\x{E21}\x{E37}\x{E48}\x{E2D}"
      text run at (0,7504) width 16: "\x{E42}\x{E14}"
      text run at (0,7523) width 21: "\x{E42}\x{E23}\x{E18}\x{E35}"
      text run at (0,7542) width 16: "\x{E0B}\x{E36}\x{E48}\x{E07}"
      text run at (0,7561) width 24: "\x{E40}\x{E1B}\x{E47}\x{E19}"
      text run at (0,7580) width 23: "\x{E40}\x{E14}\x{E47}\x{E01}"
      text run at (0,7599) width 38: "\x{E01}\x{E33}\x{E1E}\x{E23}\x{E49}\x{E32}"
      text run at (0,7618) width 15: "\x{E21}\x{E32}"
      text run at (0,7637) width 16: "\x{E2D}\x{E22}\x{E39}\x{E48}"
      text run at (0,7656) width 18: "\x{E01}\x{E31}\x{E1A}"
      text run at (0,7675) width 20: "\x{E40}\x{E18}\x{E2D}"
      text run at (0,7694) width 27: "\x{E15}\x{E2D}\x{E19}"
      text run at (0,7713) width 24: "\x{E41}\x{E23}\x{E01}"
      text run at (0,7732) width 15: "\x{E1B}\x{E49}\x{E32}"
      text run at (0,7751) width 22: "\x{E40}\x{E2D}\x{E47}\x{E21}"
      text run at (0,7770) width 19: "\x{E15}\x{E37}\x{E48}\x{E19}"
      text run at (0,7789) width 24: "\x{E40}\x{E15}\x{E49}\x{E19}"
      text run at (0,7808) width 18: "\x{E01}\x{E31}\x{E1A}"
      text run at (0,7827) width 28: "\x{E40}\x{E2A}\x{E35}\x{E22}\x{E07}"
      text run at (0,7846) width 41: "\x{E2B}\x{E31}\x{E27}\x{E40}\x{E23}\x{E32}\x{E30}"
      text run at (0,7865) width 23: "\x{E02}\x{E2D}\x{E07}"
      text run at (0,7884) width 23: "\x{E40}\x{E14}\x{E47}\x{E01}"
      text run at (0,7903) width 26: "\x{E19}\x{E49}\x{E2D}\x{E22}"
      text run at (0,7922) width 24: "\x{E21}\x{E32}\x{E01}"
      text run at (0,7941) width 20: "\x{E40}\x{E18}\x{E2D}"
      text run at (0,7960) width 14: "\x{E08}\x{E30}"
      text run at (0,7979) width 15: "\x{E2A}\x{E48}\x{E07}"
      text run at (0,7998) width 28: "\x{E40}\x{E2A}\x{E35}\x{E22}\x{E07}"
      text run at (0,8017) width 22: "\x{E23}\x{E49}\x{E2D}\x{E07}"
      text run at (0,8036) width 24: "\x{E41}\x{E25}\x{E49}\x{E27}"
      text run at (0,8055) width 19: "\x{E40}\x{E2D}\x{E32}"
      text run at (0,8074) width 17: "\x{E21}\x{E37}\x{E2D}"
      text run at (0,8093) width 24: "\x{E17}\x{E32}\x{E1A}"
      text run at (0,8112) width 17: "\x{E2D}\x{E01}"
      text run at (0,8131) width 18: "\x{E17}\x{E38}\x{E01}"
      text run at (0,8150) width 23: "\x{E04}\x{E23}\x{E31}\x{E49}\x{E07}"
      text run at (0,8169) width 9: "\x{E17}\x{E35}\x{E48}"
      text run at (0,8188) width 28: "\x{E40}\x{E2A}\x{E35}\x{E22}\x{E07}"
      text run at (0,8207) width 18: "\x{E2D}\x{E31}\x{E19}"
      text run at (0,8226) width 32: "\x{E23}\x{E48}\x{E32}\x{E40}\x{E23}\x{E34}\x{E07}"
      text run at (0,8245) width 23: "\x{E02}\x{E2D}\x{E07}"
      text run at (0,8264) width 16: "\x{E42}\x{E14}"
      text run at (0,8283) width 21: "\x{E42}\x{E23}\x{E18}\x{E35}"
      text run at (0,8302) width 19: "\x{E40}\x{E02}\x{E49}\x{E32}"
      text run at (0,8321) width 9: "\x{E2B}\x{E39}"
      text run at (0,8340) width 20: "\x{E40}\x{E18}\x{E2D}"
      text run at (0,8359) width 22: "\x{E41}\x{E25}\x{E30}"
      text run at (0,8378) width 20: "\x{E40}\x{E18}\x{E2D}"
      text run at (0,8397) width 20: "\x{E40}\x{E1D}\x{E49}\x{E32}"
      text run at (0,8416) width 24: "\x{E21}\x{E2D}\x{E07}"
      text run at (0,8435) width 23: "\x{E40}\x{E14}\x{E47}\x{E01}"
      text run at (0,8454) width 27: "\x{E2B}\x{E0D}\x{E34}\x{E07}"
      text run at (0,8473) width 26: "\x{E19}\x{E49}\x{E2D}\x{E22}"
      text run at (0,8492) width 7: "\x{E46}"
      text run at (0,8511) width 25: "\x{E14}\x{E49}\x{E27}\x{E22}"
      text run at (0,8530) width 32: "\x{E04}\x{E27}\x{E32}\x{E21}"
      text run at (0,8549) width 54: "\x{E1B}\x{E23}\x{E30}\x{E2B}\x{E25}\x{E32}\x{E14}"
      text run at (0,8568) width 15: "\x{E43}\x{E08}"
      text run at (0,8587) width 25: "\x{E14}\x{E49}\x{E27}\x{E22}"
      text run at (0,8606) width 15: "\x{E22}\x{E31}\x{E07}"
      text run at (0,8625) width 15: "\x{E2B}\x{E32}"
      text run at (0,8644) width 28: "\x{E2D}\x{E30}\x{E44}\x{E23}"
      text run at (0,8663) width 15: "\x{E21}\x{E32}"
      text run at (0,8682) width 24: "\x{E40}\x{E1B}\x{E47}\x{E19}"
      text run at (0,8701) width 27: "\x{E40}\x{E23}\x{E37}\x{E48}\x{E2D}\x{E07}"
      text run at (0,8720) width 41: "\x{E2B}\x{E31}\x{E27}\x{E40}\x{E23}\x{E32}\x{E30}"
      text run at (0,8739) width 16: "\x{E44}\x{E14}\x{E49}"
      text run at (0,8758) width 15: "\x{E25}\x{E38}\x{E07}"
      text run at (0,8777) width 13: "\x{E40}\x{E2E}"
      text run at (0,8796) width 17: "\x{E19}\x{E23}\x{E35}"
      text run at (0,8815) width 16: "\x{E44}\x{E21}\x{E48}"
      text run at (0,8834) width 22: "\x{E40}\x{E04}\x{E22}"
      text run at (0,8853) width 41: "\x{E2B}\x{E31}\x{E27}\x{E40}\x{E23}\x{E32}\x{E30}"
      text run at (0,8872) width 15: "\x{E25}\x{E38}\x{E07}"
      text run at (0,8891) width 38: "\x{E17}\x{E33}\x{E07}\x{E32}\x{E19}"
      text run at (0,8910) width 28: "\x{E2B}\x{E19}\x{E31}\x{E01}"
      text run at (0,8929) width 23: "\x{E08}\x{E32}\x{E01}"
      text run at (0,8948) width 19: "\x{E40}\x{E0A}\x{E49}\x{E32}"
      text run at (0,8967) width 18: "\x{E22}\x{E31}\x{E19}"
      text run at (0,8986) width 15: "\x{E04}\x{E48}\x{E33}"
      text run at (0,9005) width 22: "\x{E41}\x{E25}\x{E30}"
      text run at (0,9024) width 16: "\x{E44}\x{E21}\x{E48}"
      text run at (0,9043) width 22: "\x{E40}\x{E04}\x{E22}"
      text run at (0,9062) width 24: "\x{E23}\x{E39}\x{E49}\x{E08}\x{E31}\x{E01}"
      text run at (0,9081) width 14: "\x{E27}\x{E48}\x{E32}"
      text run at (0,9100) width 32: "\x{E04}\x{E27}\x{E32}\x{E21}"
      text run at (0,9119) width 32: "\x{E23}\x{E48}\x{E32}\x{E40}\x{E23}\x{E34}\x{E07}"
      text run at (0,9138) width 17: "\x{E04}\x{E37}\x{E2D}"
      text run at (0,9157) width 28: "\x{E2D}\x{E30}\x{E44}\x{E23}"
      text run at (0,9176) width 15: "\x{E25}\x{E38}\x{E07}"
      text run at (0,9195) width 9: "\x{E14}\x{E39}"
      text run at (0,9214) width 61: "\x{E2B}\x{E21}\x{E48}\x{E19}\x{E2B}\x{E21}\x{E2D}\x{E07}"
      text run at (0,9233) width 16: "\x{E44}\x{E1B}"
      text run at (0,9252) width 27: "\x{E2B}\x{E21}\x{E14}"
      text run at (0,9271) width 16: "\x{E15}\x{E31}\x{E49}\x{E07}"
      text run at (0,9290) width 17: "\x{E41}\x{E15}\x{E48}"
      text run at (0,9309) width 27: "\x{E40}\x{E04}\x{E23}\x{E32}"
      text run at (0,9328) width 22: "\x{E22}\x{E32}\x{E27}"
      text run at (0,9347) width 18: "\x{E08}\x{E19}"
      text run at (0,9366) width 17: "\x{E08}\x{E14}"
      text run at (0,9385) width 42: "\x{E23}\x{E2D}\x{E07}\x{E40}\x{E17}\x{E49}\x{E32}"
      text run at (0,9404) width 18: "\x{E1A}\x{E39}\x{E15}"
      text run at (0,9423) width 18: "\x{E2D}\x{E31}\x{E19}"
      text run at (0,9442) width 32: "\x{E2B}\x{E22}\x{E32}\x{E1A}"
      text run at (0,9461) width 24: "\x{E41}\x{E25}\x{E49}\x{E27}"
      text run at (0,9480) width 15: "\x{E25}\x{E38}\x{E07}"
      text run at (0,9499) width 9: "\x{E01}\x{E47}"
      text run at (0,9518) width 9: "\x{E14}\x{E39}"
      text run at (0,9537) width 52: "\x{E40}\x{E04}\x{E23}\x{E48}\x{E07}\x{E02}\x{E23}\x{E36}\x{E21}"
      text run at (0,9556) width 16: "\x{E19}\x{E48}\x{E32}"
      text run at (0,9575) width 28: "\x{E40}\x{E01}\x{E23}\x{E07}"
      text run at (0,9594) width 23: "\x{E02}\x{E32}\x{E21}"
      text run at (0,9613) width 16: "\x{E44}\x{E21}\x{E48}"
      text run at (0,9632) width 25: "\x{E04}\x{E48}\x{E2D}\x{E22}"
      text run at (0,9651) width 14: "\x{E08}\x{E30}"
      text run at (0,9670) width 19: "\x{E1E}\x{E39}\x{E14}"
      text run at (0,9689) width 9: "\x{E21}\x{E35}"
      text run at (0,9708) width 16: "\x{E42}\x{E15}"
      text run at (0,9727) width 16: "\x{E42}\x{E15}\x{E49}"
      text run at (0,9746) width 9: "\x{E17}\x{E35}\x{E48}"
      text run at (0,9765) width 15: "\x{E17}\x{E33}"
      text run at (0,9784) width 16: "\x{E43}\x{E2B}\x{E49}"
      text run at (0,9803) width 16: "\x{E42}\x{E14}"
      text run at (0,9822) width 21: "\x{E42}\x{E23}\x{E18}\x{E35}"
      text run at (0,9841) width 41: "\x{E2B}\x{E31}\x{E27}\x{E40}\x{E23}\x{E32}\x{E30}"
      text run at (0,9860) width 16: "\x{E44}\x{E14}\x{E49}"
      text run at (0,9879) width 22: "\x{E41}\x{E25}\x{E30}"
      text run at (0,9898) width 24: "\x{E0A}\x{E48}\x{E27}\x{E22}"
      text run at (0,9917) width 20: "\x{E40}\x{E18}\x{E2D}"
      text run at (0,9936) width 16: "\x{E43}\x{E2B}\x{E49}"
      text run at (0,9955) width 20: "\x{E1E}\x{E49}\x{E19}"
      text run at (0,9974) width 23: "\x{E08}\x{E32}\x{E01}"
      text run at (0,9993) width 22: "\x{E01}\x{E32}\x{E23}"
      text run at (0,10012) width 31: "\x{E01}\x{E25}\x{E32}\x{E22}"
      text run at (0,10031) width 24: "\x{E40}\x{E1B}\x{E47}\x{E19}"
      text run at (0,10050) width 8: "\x{E2A}\x{E35}"
      text run at (0,10069) width 20: "\x{E40}\x{E17}\x{E32}"
      text run at (0,10088) width 28: "\x{E2B}\x{E21}\x{E48}\x{E19}"
      text run at (0,10107) width 41: "\x{E40}\x{E2B}\x{E21}\x{E37}\x{E2D}\x{E19}"
      text run at (0,10126) width 18: "\x{E01}\x{E31}\x{E1A}"
      text run at (0,10145) width 15: "\x{E2A}\x{E34}\x{E48}\x{E07}"
      text run at (0,10164) width 24: "\x{E23}\x{E2D}\x{E1A}"
      text run at (0,10183) width 17: "\x{E15}\x{E31}\x{E27}"
      text run at (0,10202) width 18: "\x{E2D}\x{E37}\x{E48}\x{E19}"
      text run at (0,10221) width 7: "\x{E46}"
      text run at (0,10240) width 16: "\x{E42}\x{E15}"
      text run at (0,10259) width 16: "\x{E42}\x{E15}\x{E49}"
      text run at (0,10278) width 8: "\x{E2A}\x{E35}"
      text run at (0,10297) width 16: "\x{E44}\x{E21}\x{E48}"
      text run at (0,10316) width 20: "\x{E40}\x{E17}\x{E32}"
      text run at (0,10335) width 28: "\x{E2B}\x{E21}\x{E48}\x{E19}"
      text run at (0,10354) width 17: "\x{E41}\x{E15}\x{E48}"
      text run at (0,10373) width 19: "\x{E21}\x{E31}\x{E19}"
      text run at (0,10392) width 24: "\x{E40}\x{E1B}\x{E47}\x{E19}"
      text run at (0,10411) width 24: "\x{E2B}\x{E21}\x{E32}"
      text run at (0,10430) width 8: "\x{E2A}\x{E35}"
      text run at (0,10449) width 15: "\x{E14}\x{E33}"
      text run at (0,10468) width 17: "\x{E15}\x{E31}\x{E27}"
      text run at (0,10487) width 26: "\x{E19}\x{E49}\x{E2D}\x{E22}"
      text run at (0,10506) width 7: "\x{E46}"
      text run at (0,10525) width 18: "\x{E02}\x{E19}"
      text run at (0,10544) width 22: "\x{E22}\x{E32}\x{E27}"
      text run at (0,10563) width 17: "\x{E1B}\x{E38}\x{E22}"
      text run at (0,10582) width 21: "\x{E23}\x{E32}\x{E27}"
      text run at (0,10601) width 18: "\x{E01}\x{E31}\x{E1A}"
      text run at (0,10620) width 25: "\x{E44}\x{E2B}\x{E21}"
      text run at (0,10639) width 9: "\x{E21}\x{E35}"
      text run at (0,10658) width 15: "\x{E15}\x{E32}"
      text run at (0,10677) width 15: "\x{E14}\x{E33}"
      text run at (0,10696) width 22: "\x{E40}\x{E25}\x{E47}\x{E01}"
      text run at (0,10715) width 24: "\x{E40}\x{E1B}\x{E47}\x{E19}"
      text run at (0,10734) width 45: "\x{E1B}\x{E23}\x{E30}\x{E01}\x{E32}\x{E22}"
      text run at (0,10753) width 36: "\x{E23}\x{E37}\x{E48}\x{E19}\x{E40}\x{E23}\x{E34}\x{E07}"
      text run at (0,10772) width 16: "\x{E2D}\x{E22}\x{E39}\x{E48}"
      text run at (0,10791) width 23: "\x{E2A}\x{E2D}\x{E07}"
      text run at (0,10810) width 21: "\x{E02}\x{E49}\x{E32}\x{E07}"
      text run at (0,10829) width 26: "\x{E08}\x{E21}\x{E39}\x{E01}"
      text run at (0,10848) width 22: "\x{E40}\x{E25}\x{E47}\x{E01}"
      text run at (0,10867) width 18: "\x{E2D}\x{E31}\x{E19}"
      text run at (0,10886) width 16: "\x{E19}\x{E48}\x{E32}"
      text run at (0,10905) width 18: "\x{E02}\x{E31}\x{E19}"
      text run at (0,10924) width 23: "\x{E02}\x{E2D}\x{E07}"
      text run at (0,10943) width 19: "\x{E21}\x{E31}\x{E19}"
      text run at (0,10962) width 16: "\x{E42}\x{E15}"
      text run at (0,10981) width 16: "\x{E42}\x{E15}\x{E49}"
      text run at (0,11000) width 23: "\x{E40}\x{E25}\x{E48}\x{E19}"
      text run at (0,11019) width 16: "\x{E17}\x{E31}\x{E49}\x{E07}"
      text run at (0,11038) width 18: "\x{E27}\x{E31}\x{E19}"
      text run at (0,11057) width 22: "\x{E41}\x{E25}\x{E30}"
      text run at (0,11076) width 16: "\x{E42}\x{E14}"
      text run at (0,11095) width 21: "\x{E42}\x{E23}\x{E18}\x{E35}"
      text run at (0,11114) width 9: "\x{E01}\x{E47}"
      text run at (0,11133) width 23: "\x{E40}\x{E25}\x{E48}\x{E19}"
      text run at (0,11152) width 18: "\x{E01}\x{E31}\x{E1A}"
      text run at (0,11171) width 19: "\x{E21}\x{E31}\x{E19}"
      text run at (0,11190) width 22: "\x{E41}\x{E25}\x{E30}"
      text run at (0,11209) width 16: "\x{E23}\x{E31}\x{E01}"
      text run at (0,11228) width 19: "\x{E21}\x{E31}\x{E19}"
      text run at (0,11247) width 30: "\x{E40}\x{E2B}\x{E25}\x{E37}\x{E2D}"
      text run at (0,11266) width 24: "\x{E40}\x{E01}\x{E34}\x{E19}"
      text run at (0,11285) width 43: "\x{E2D}\x{E22}\x{E48}\x{E32}\x{E07}\x{E44}\x{E23}"
      text run at (0,11304) width 9: "\x{E01}\x{E47}"
      text run at (0,11323) width 24: "\x{E15}\x{E32}\x{E21}"
      text run at (0,11342) width 18: "\x{E27}\x{E31}\x{E19}"
      text run at (0,11361) width 10: "\x{E19}\x{E35}\x{E49}"
      text run at (0,11380) width 16: "\x{E17}\x{E31}\x{E49}\x{E07}"
      text run at (0,11399) width 9: "\x{E04}\x{E39}\x{E48}"
      text run at (0,11418) width 16: "\x{E44}\x{E21}\x{E48}"
      text run at (0,11437) width 16: "\x{E44}\x{E14}\x{E49}"
      text run at (0,11456) width 23: "\x{E40}\x{E25}\x{E48}\x{E19}"
      text run at (0,11475) width 15: "\x{E25}\x{E38}\x{E07}"
      text run at (0,11494) width 13: "\x{E40}\x{E2E}"
      text run at (0,11513) width 17: "\x{E19}\x{E23}\x{E35}"
      text run at (0,11532) width 17: "\x{E19}\x{E31}\x{E48}\x{E07}"
      text run at (0,11551) width 16: "\x{E2D}\x{E22}\x{E39}\x{E48}"
      text run at (0,11570) width 9: "\x{E17}\x{E35}\x{E48}"
      text run at (0,11589) width 35: "\x{E1A}\x{E31}\x{E19}\x{E44}\x{E14}"
      text run at (0,11608) width 31: "\x{E1B}\x{E23}\x{E30}\x{E15}\x{E39}"
      text run at (0,11627) width 22: "\x{E41}\x{E25}\x{E30}"
      text run at (0,11646) width 20: "\x{E40}\x{E1D}\x{E49}\x{E32}"
      text run at (0,11665) width 32: "\x{E01}\x{E31}\x{E07}\x{E27}\x{E25}"
      text run at (0,11684) width 23: "\x{E08}\x{E49}\x{E2D}\x{E07}"
      text run at (0,11703) width 9: "\x{E14}\x{E39}"
      text run at (0,11722) width 24: "\x{E17}\x{E49}\x{E2D}\x{E07}"
      text run at (0,11741) width 16: "\x{E1F}\x{E49}\x{E32}"
      text run at (0,11760) width 8: "\x{E2A}\x{E35}"
      text run at (0,11779) width 20: "\x{E40}\x{E17}\x{E32}"
      text run at (0,11798) width 28: "\x{E2B}\x{E21}\x{E48}\x{E19}"
      text run at (0,11817) width 18: "\x{E1C}\x{E34}\x{E14}"
      text run at (0,11836) width 27: "\x{E1B}\x{E01}\x{E15}\x{E34}"
      text run at (0,11855) width 16: "\x{E42}\x{E14}"
      text run at (0,11874) width 21: "\x{E42}\x{E23}\x{E18}\x{E35}"
      text run at (0,11893) width 18: "\x{E22}\x{E37}\x{E19}"
      text run at (0,11912) width 9: "\x{E17}\x{E35}\x{E48}"
      text run at (0,11931) width 31: "\x{E1B}\x{E23}\x{E30}\x{E15}\x{E39}"
      text run at (0,11950) width 26: "\x{E01}\x{E2D}\x{E14}"
      text run at (0,11969) width 16: "\x{E42}\x{E15}"
      text run at (0,11988) width 16: "\x{E42}\x{E15}\x{E49}"
      text run at (0,12007) width 15: "\x{E44}\x{E27}\x{E49}"
      text run at (0,12026) width 17: "\x{E43}\x{E19}"
      text run at (0,12045) width 25: "\x{E2D}\x{E49}\x{E2D}\x{E21}"
      text run at (0,12064) width 26: "\x{E41}\x{E02}\x{E19}"
      text run at (0,12083) width 22: "\x{E41}\x{E25}\x{E30}"
      text run at (0,12102) width 9: "\x{E01}\x{E47}"
      text run at (0,12121) width 24: "\x{E21}\x{E2D}\x{E07}"
      text run at (0,12140) width 9: "\x{E14}\x{E39}"
      text run at (0,12159) width 24: "\x{E17}\x{E49}\x{E2D}\x{E07}"
      text run at (0,12178) width 16: "\x{E1F}\x{E49}\x{E32}"
      text run at (0,12197) width 16: "\x{E2D}\x{E22}\x{E39}\x{E48}"
      text run at (0,12216) width 41: "\x{E40}\x{E2B}\x{E21}\x{E37}\x{E2D}\x{E19}"
      text run at (0,12235) width 19: "\x{E01}\x{E31}\x{E19}"
      text run at (0,12254) width 15: "\x{E1B}\x{E49}\x{E32}"
      text run at (0,12273) width 22: "\x{E40}\x{E2D}\x{E47}\x{E21}"
      text run at (0,12292) width 30: "\x{E01}\x{E33}\x{E25}\x{E31}\x{E07}"
      text run at (0,12311) width 21: "\x{E25}\x{E49}\x{E32}\x{E07}"
      text run at (0,12330) width 23: "\x{E0A}\x{E32}\x{E21}"
      text run at (0,12349) width 16: "\x{E2D}\x{E22}\x{E39}\x{E48}"
      text run at (0,12368) width 23: "\x{E08}\x{E32}\x{E01}"
      text run at (0,12387) width 25: "\x{E14}\x{E49}\x{E32}\x{E19}"
      text run at (0,12406) width 32: "\x{E40}\x{E2B}\x{E19}\x{E37}\x{E2D}"
      text run at (0,12425) width 24: "\x{E44}\x{E01}\x{E25}"
      text run at (0,12444) width 25: "\x{E2D}\x{E2D}\x{E01}"
      text run at (0,12463) width 16: "\x{E44}\x{E1B}"
      text run at (0,12482) width 9: "\x{E21}\x{E35}"
      text run at (0,12501) width 28: "\x{E40}\x{E2A}\x{E35}\x{E22}\x{E07}"
      text run at (0,12520) width 17: "\x{E25}\x{E21}"
      text run at (0,12539) width 29: "\x{E04}\x{E23}\x{E32}\x{E07}"
      text run at (0,12558) width 25: "\x{E41}\x{E1C}\x{E48}\x{E27}"
      text run at (0,12577) width 20: "\x{E40}\x{E1A}\x{E32}"
      text run at (0,12596) width 34: "\x{E44}\x{E14}\x{E49}\x{E22}\x{E34}\x{E19}"
      text run at (0,12615) width 15: "\x{E21}\x{E32}"
      text run at (0,12634) width 15: "\x{E25}\x{E38}\x{E07}"
      text run at (0,12653) width 13: "\x{E40}\x{E2E}"
      text run at (0,12672) width 17: "\x{E19}\x{E23}\x{E35}"
      text run at (0,12691) width 22: "\x{E41}\x{E25}\x{E30}"
      text run at (0,12710) width 16: "\x{E42}\x{E14}"
      text run at (0,12729) width 21: "\x{E42}\x{E23}\x{E18}\x{E35}"
      text run at (0,12748) width 24: "\x{E40}\x{E2B}\x{E47}\x{E19}"
      text run at (0,12767) width 19: "\x{E15}\x{E49}\x{E19}"
      text run at (0,12786) width 26: "\x{E2B}\x{E0D}\x{E49}\x{E32}"
      text run at (0,12805) width 15: "\x{E2A}\x{E39}\x{E07}"
      text run at (0,12824) width 23: "\x{E40}\x{E2D}\x{E19}"
      text run at (0,12843) width 24: "\x{E40}\x{E1B}\x{E47}\x{E19}"
      text run at (0,12862) width 27: "\x{E04}\x{E25}\x{E37}\x{E48}\x{E19}"
      text run at (0,12881) width 27: "\x{E01}\x{E48}\x{E2D}\x{E19}"
      text run at (0,12900) width 9: "\x{E17}\x{E35}\x{E48}"
      text run at (0,12919) width 24: "\x{E1E}\x{E32}\x{E22}\x{E38}"
      text run at (0,12938) width 14: "\x{E08}\x{E30}"
      text run at (0,12957) width 15: "\x{E21}\x{E32}"
      text run at (0,12976) width 15: "\x{E16}\x{E36}\x{E07}"
      text run at (0,12995) width 24: "\x{E41}\x{E25}\x{E49}\x{E27}"
      text run at (0,13014) width 9: "\x{E01}\x{E47}"
      text run at (0,13033) width 9: "\x{E21}\x{E35}"
      text run at (0,13052) width 28: "\x{E40}\x{E2A}\x{E35}\x{E22}\x{E07}"
      text run at (0,13071) width 26: "\x{E2B}\x{E27}\x{E35}\x{E14}"
      text run at (0,13090) width 25: "\x{E2B}\x{E27}\x{E34}\x{E27}"
      text run at (0,13109) width 40: "\x{E0A}\x{E31}\x{E14}\x{E40}\x{E08}\x{E19}"
      text run at (0,13128) width 15: "\x{E21}\x{E32}"
      text run at (0,13147) width 23: "\x{E08}\x{E32}\x{E01}"
      text run at (0,13166) width 61: "\x{E1A}\x{E23}\x{E23}\x{E22}\x{E32}\x{E01}\x{E32}\x{E28}"
      text run at (0,13185) width 22: "\x{E17}\x{E32}\x{E07}"
      text run at (0,13204) width 16: "\x{E43}\x{E15}\x{E49}"
      text run at (0,13223) width 22: "\x{E41}\x{E25}\x{E30}"
      text run at (0,13242) width 22: "\x{E40}\x{E21}\x{E37}\x{E48}\x{E2D}"
      text run at (0,13261) width 39: "\x{E40}\x{E2B}\x{E25}\x{E37}\x{E2D}\x{E1A}"
      text run at (0,13280) width 15: "\x{E15}\x{E32}"
      text run at (0,13299) width 16: "\x{E44}\x{E1B}"
      text run at (0,13318) width 22: "\x{E17}\x{E32}\x{E07}"
      text run at (0,13337) width 25: "\x{E14}\x{E49}\x{E32}\x{E19}"
      text run at (0,13356) width 20: "\x{E19}\x{E31}\x{E49}\x{E19}"
      text run at (0,13375) width 9: "\x{E01}\x{E47}"
      text run at (0,13394) width 24: "\x{E40}\x{E2B}\x{E47}\x{E19}"
      text run at (0,13413) width 27: "\x{E04}\x{E25}\x{E37}\x{E48}\x{E19}"
      text run at (0,13432) width 26: "\x{E2B}\x{E0D}\x{E49}\x{E32}"
      text run at (0,13451) width 15: "\x{E21}\x{E32}"
      text run at (0,13470) width 22: "\x{E17}\x{E32}\x{E07}"
      text run at (0,13489) width 25: "\x{E14}\x{E49}\x{E32}\x{E19}"
      text run at (0,13508) width 20: "\x{E19}\x{E31}\x{E49}\x{E19}"
      text run at (0,13527) width 25: "\x{E14}\x{E49}\x{E27}\x{E22}"
      text run at (0,13546) width 15: "\x{E25}\x{E38}\x{E07}"
      text run at (0,13565) width 13: "\x{E40}\x{E2E}"
      text run at (0,13584) width 17: "\x{E19}\x{E23}\x{E35}"
      text run at (0,13603) width 18: "\x{E1C}\x{E38}\x{E14}"
      text run at (0,13622) width 17: "\x{E25}\x{E38}\x{E01}"
      text run at (0,13641) width 18: "\x{E02}\x{E36}\x{E49}\x{E19}"
      text run at (0,13660) width 19: "\x{E17}\x{E31}\x{E19}"
      text run at (0,13679) width 16: "\x{E43}\x{E14}"
      text run at (0,13697) width 7: "\""
      text run at (0,13716) width 17: "\x{E25}\x{E21}"
      text run at (0,13735) width 50: "\x{E44}\x{E0B}\x{E42}\x{E04}\x{E25}\x{E19}"
      text run at (0,13754) width 15: "\x{E21}\x{E32}"
      text run at (0,13773) width 22: "\x{E40}\x{E2D}\x{E47}\x{E21}"
      text run at (0,13791) width 7: "\""
      text run at (0,13810) width 15: "\x{E25}\x{E38}\x{E07}"
      text run at (0,13829) width 22: "\x{E23}\x{E49}\x{E2D}\x{E07}"
      text run at (0,13848) width 26: "\x{E1A}\x{E2D}\x{E01}"
      text run at (0,13867) width 37: "\x{E20}\x{E23}\x{E23}\x{E22}\x{E32}"
      text run at (0,13885) width 7: "\""
      text run at (0,13904) width 14: "\x{E02}\x{E49}\x{E32}"
      text run at (0,13923) width 14: "\x{E08}\x{E30}"
      text run at (0,13942) width 16: "\x{E44}\x{E1B}"
      text run at (0,13961) width 9: "\x{E14}\x{E39}"
      text run at (0,13980) width 25: "\x{E2A}\x{E31}\x{E15}\x{E27}\x{E4C}"
      text run at (0,13999) width 28: "\x{E40}\x{E25}\x{E35}\x{E49}\x{E22}\x{E07}"
      text run at (0,14018) width 35: "\x{E2B}\x{E19}\x{E48}\x{E2D}\x{E22}"
      text run at (0,14036) width 7: "\""
      text run at (0,14055) width 24: "\x{E41}\x{E25}\x{E49}\x{E27}"
      text run at (0,14074) width 15: "\x{E25}\x{E38}\x{E07}"
      text run at (0,14093) width 9: "\x{E01}\x{E47}"
      text run at (0,14112) width 15: "\x{E27}\x{E34}\x{E48}\x{E07}"
      text run at (0,14131) width 16: "\x{E44}\x{E1B}"
      text run at (0,14150) width 15: "\x{E22}\x{E31}\x{E07}"
      text run at (0,14169) width 22: "\x{E40}\x{E1E}\x{E34}\x{E07}"
      text run at (0,14188) width 9: "\x{E17}\x{E35}\x{E48}"
      text run at (0,14207) width 16: "\x{E27}\x{E31}\x{E27}"
      text run at (0,14226) width 22: "\x{E41}\x{E25}\x{E30}"
      text run at (0,14245) width 15: "\x{E21}\x{E49}\x{E32}"
      text run at (0,14264) width 31: "\x{E2D}\x{E32}\x{E28}\x{E31}\x{E22}"
      text run at (0,14283) width 16: "\x{E2D}\x{E22}\x{E39}\x{E48}"
      text run at (0,14302) width 15: "\x{E1B}\x{E49}\x{E32}"
      text run at (0,14321) width 22: "\x{E40}\x{E2D}\x{E47}\x{E21}"
      text run at (0,14340) width 26: "\x{E2B}\x{E22}\x{E38}\x{E14}"
      text run at (0,14359) width 38: "\x{E17}\x{E33}\x{E07}\x{E32}\x{E19}"
      text run at (0,14378) width 22: "\x{E41}\x{E25}\x{E30}"
      text run at (0,14397) width 15: "\x{E21}\x{E32}"
      text run at (0,14416) width 9: "\x{E17}\x{E35}\x{E48}"
      text run at (0,14435) width 31: "\x{E1B}\x{E23}\x{E30}\x{E15}\x{E39}"
      text run at (0,14454) width 30: "\x{E40}\x{E1E}\x{E35}\x{E22}\x{E07}"
      text run at (0,14473) width 37: "\x{E0A}\x{E32}\x{E22}\x{E15}\x{E32}"
      text run at (0,14492) width 24: "\x{E21}\x{E2D}\x{E07}"
      text run at (0,14511) width 15: "\x{E1B}\x{E49}\x{E32}"
      text run at (0,14530) width 9: "\x{E01}\x{E47}"
      text run at (0,14549) width 26: "\x{E1A}\x{E2D}\x{E01}"
      text run at (0,14568) width 16: "\x{E44}\x{E14}\x{E49}"
      text run at (0,14587) width 14: "\x{E27}\x{E48}\x{E32}"
      text run at (0,14606) width 48: "\x{E2D}\x{E31}\x{E19}\x{E15}\x{E23}\x{E32}\x{E22}"
      text run at (0,14625) width 15: "\x{E21}\x{E32}"
      text run at (0,14644) width 15: "\x{E16}\x{E36}\x{E07}"
      text run at (0,14663) width 24: "\x{E41}\x{E25}\x{E49}\x{E27}"
      text run at (0,14681) width 7: "\""
      text run at (0,14700) width 20: "\x{E40}\x{E23}\x{E47}\x{E27}"
      text run at (0,14719) width 16: "\x{E42}\x{E14}"
      text run at (0,14738) width 21: "\x{E42}\x{E23}\x{E18}\x{E35}"
      text run at (0,14756) width 5: "!"
      text run at (0,14774) width 7: "\""
      text run at (0,14793) width 15: "\x{E1B}\x{E49}\x{E32}"
      text run at (0,14812) width 41: "\x{E15}\x{E30}\x{E42}\x{E01}\x{E19}"
      text run at (0,14830) width 7: "\""
      text run at (0,14849) width 15: "\x{E27}\x{E34}\x{E48}\x{E07}"
      text run at (0,14868) width 16: "\x{E44}\x{E1B}"
      text run at (0,14887) width 24: "\x{E2B}\x{E49}\x{E2D}\x{E07}"
      text run at (0,14906) width 34: "\x{E43}\x{E15}\x{E49}\x{E16}\x{E38}\x{E19}"
      text run at (0,14924) width 7: "\""
      text run at (0,14943) width 16: "\x{E42}\x{E15}"
      text run at (0,14962) width 16: "\x{E42}\x{E15}\x{E49}"
      text run at (0,14981) width 27: "\x{E1C}\x{E25}\x{E38}\x{E19}"
      text run at (0,15000) width 47: "\x{E01}\x{E23}\x{E30}\x{E42}\x{E14}\x{E14}"
      text run at (0,15019) width 15: "\x{E25}\x{E07}"
      text run at (0,15038) width 23: "\x{E08}\x{E32}\x{E01}"
      text run at (0,15057) width 25: "\x{E2D}\x{E49}\x{E2D}\x{E21}"
      text run at (0,15076) width 26: "\x{E41}\x{E02}\x{E19}"
      text run at (0,15095) width 16: "\x{E42}\x{E14}"
      text run at (0,15114) width 21: "\x{E42}\x{E23}\x{E18}\x{E35}"
      text run at (0,15133) width 24: "\x{E41}\x{E25}\x{E49}\x{E27}"
      text run at (0,15152) width 19: "\x{E40}\x{E02}\x{E49}\x{E32}"
      text run at (0,15171) width 16: "\x{E44}\x{E1B}"
      text run at (0,15190) width 27: "\x{E0B}\x{E48}\x{E2D}\x{E19}"
      text run at (0,15209) width 16: "\x{E2D}\x{E22}\x{E39}\x{E48}"
      text run at (0,15228) width 16: "\x{E43}\x{E15}\x{E49}"
      text run at (0,15247) width 29: "\x{E40}\x{E15}\x{E35}\x{E22}\x{E07}"
      text run at (0,15266) width 23: "\x{E40}\x{E14}\x{E47}\x{E01}"
      text run at (0,15285) width 27: "\x{E2B}\x{E0D}\x{E34}\x{E07}"
      text run at (0,15304) width 26: "\x{E19}\x{E49}\x{E2D}\x{E22}"
      text run at (0,15323) width 19: "\x{E40}\x{E02}\x{E49}\x{E32}"
      text run at (0,15342) width 16: "\x{E44}\x{E1B}"
      text run at (0,15361) width 16: "\x{E14}\x{E36}\x{E07}"
      text run at (0,15380) width 19: "\x{E21}\x{E31}\x{E19}"
      text run at (0,15399) width 25: "\x{E2D}\x{E2D}\x{E01}"
      text run at (0,15418) width 15: "\x{E21}\x{E32}"
      text run at (0,15437) width 15: "\x{E1B}\x{E49}\x{E32}"
      text run at (0,15456) width 22: "\x{E40}\x{E2D}\x{E47}\x{E21}"
      text run at (0,15475) width 45: "\x{E01}\x{E23}\x{E30}\x{E0A}\x{E32}\x{E01}"
      text run at (0,15494) width 15: "\x{E1D}\x{E32}"
      text run at (0,15513) width 9: "\x{E17}\x{E35}\x{E48}"
      text run at (0,15532) width 20: "\x{E1E}\x{E37}\x{E49}\x{E19}"
      text run at (0,15551) width 25: "\x{E2D}\x{E2D}\x{E01}"
      text run at (0,15570) width 29: "\x{E2D}\x{E22}\x{E48}\x{E32}\x{E07}"
      text run at (0,15589) width 17: "\x{E2D}\x{E01}"
      text run at (0,15608) width 18: "\x{E2A}\x{E31}\x{E48}\x{E19}"
      text run at (0,15627) width 27: "\x{E02}\x{E27}\x{E31}\x{E0D}"
      text run at (0,15646) width 23: "\x{E2B}\x{E32}\x{E22}"
      text run at (0,15665) width 19: "\x{E1B}\x{E35}\x{E19}"
      text run at (0,15684) width 35: "\x{E1A}\x{E31}\x{E19}\x{E44}\x{E14}"
      text run at (0,15703) width 16: "\x{E44}\x{E21}\x{E49}"
      text run at (0,15722) width 15: "\x{E25}\x{E07}"
      text run at (0,15741) width 16: "\x{E44}\x{E1B}"
      text run at (0,15760) width 17: "\x{E43}\x{E19}"
      text run at (0,15779) width 31: "\x{E42}\x{E1E}\x{E23}\x{E07}"
      text run at (0,15798) width 22: "\x{E40}\x{E25}\x{E47}\x{E01}"
      text run at (0,15817) width 18: "\x{E2D}\x{E31}\x{E19}"
      text run at (0,15836) width 18: "\x{E21}\x{E37}\x{E14}"
      text run at (0,15855) width 18: "\x{E17}\x{E36}\x{E1A}"
      text run at (0,15874) width 16: "\x{E42}\x{E14}"
      text run at (0,15893) width 21: "\x{E42}\x{E23}\x{E18}\x{E35}"
      text run at (0,15912) width 17: "\x{E08}\x{E31}\x{E1A}"
      text run at (0,15931) width 16: "\x{E42}\x{E15}"
      text run at (0,15950) width 16: "\x{E42}\x{E15}\x{E49}"
      text run at (0,15969) width 16: "\x{E44}\x{E14}\x{E49}"
      text run at (0,15988) width 17: "\x{E43}\x{E19}"
      text run at (0,16007) width 9: "\x{E17}\x{E35}\x{E48}"
      text run at (0,16026) width 17: "\x{E2A}\x{E38}\x{E14}"
      text run at (0,16045) width 22: "\x{E41}\x{E25}\x{E30}"
      text run at (0,16064) width 15: "\x{E27}\x{E34}\x{E48}\x{E07}"
      text run at (0,16083) width 24: "\x{E15}\x{E32}\x{E21}"
      text run at (0,16102) width 15: "\x{E1B}\x{E49}\x{E32}"
      text run at (0,16121) width 20: "\x{E40}\x{E18}\x{E2D}"
      text run at (0,16140) width 16: "\x{E44}\x{E1B}"
      text run at (0,16159) width 22: "\x{E40}\x{E21}\x{E37}\x{E48}\x{E2D}"
      text run at (0,16178) width 20: "\x{E40}\x{E18}\x{E2D}"
      text run at (0,16197) width 15: "\x{E21}\x{E32}"
      text run at (0,16216) width 16: "\x{E44}\x{E14}\x{E49}"
      text run at (0,16235) width 23: "\x{E04}\x{E23}\x{E36}\x{E48}\x{E07}"
      text run at (0,16254) width 24: "\x{E2B}\x{E49}\x{E2D}\x{E07}"
      text run at (0,16273) width 9: "\x{E01}\x{E47}"
      text run at (0,16292) width 9: "\x{E21}\x{E35}"
      text run at (0,16311) width 28: "\x{E40}\x{E2A}\x{E35}\x{E22}\x{E07}"
      text run at (0,16330) width 26: "\x{E2B}\x{E27}\x{E35}\x{E14}"
      text run at (0,16349) width 25: "\x{E2B}\x{E27}\x{E37}\x{E2D}"
      text run at (0,16368) width 26: "\x{E2A}\x{E48}\x{E27}\x{E19}"
      text run at (0,16387) width 25: "\x{E1A}\x{E49}\x{E32}\x{E19}"
      text run at (0,16406) width 9: "\x{E01}\x{E47}"
      text run at (0,16425) width 18: "\x{E2A}\x{E31}\x{E48}\x{E19}"
      text run at (0,16444) width 29: "\x{E2D}\x{E22}\x{E48}\x{E32}\x{E07}"
      text run at (0,16463) width 22: "\x{E41}\x{E23}\x{E07}"
      text run at (0,16482) width 18: "\x{E08}\x{E19}"
      text run at (0,16501) width 20: "\x{E40}\x{E18}\x{E2D}"
      text run at (0,16520) width 18: "\x{E2B}\x{E01}"
      text run at (0,16539) width 30: "\x{E04}\x{E30}\x{E21}\x{E33}"
      text run at (0,16558) width 17: "\x{E19}\x{E31}\x{E48}\x{E07}"
      text run at (0,16577) width 34: "\x{E08}\x{E49}\x{E33}\x{E40}\x{E1A}\x{E49}\x{E32}"
      text run at (0,16596) width 16: "\x{E2D}\x{E22}\x{E39}\x{E48}"
      text run at (0,16615) width 18: "\x{E01}\x{E31}\x{E1A}"
      text run at (0,16634) width 20: "\x{E1E}\x{E37}\x{E49}\x{E19}"
      text run at (0,16653) width 24: "\x{E41}\x{E25}\x{E49}\x{E27}"
      text run at (0,16672) width 15: "\x{E2A}\x{E34}\x{E48}\x{E07}"
      text run at (0,16691) width 54: "\x{E1B}\x{E23}\x{E30}\x{E2B}\x{E25}\x{E32}\x{E14}"
      text run at (0,16710) width 9: "\x{E01}\x{E47}"
      text run at (0,16729) width 23: "\x{E40}\x{E01}\x{E34}\x{E14}"
      text run at (0,16748) width 18: "\x{E02}\x{E36}\x{E49}\x{E19}"
      text run at (0,16767) width 25: "\x{E1A}\x{E49}\x{E32}\x{E19}"
      text run at (0,16786) width 28: "\x{E2B}\x{E21}\x{E38}\x{E19}"
      text run at (0,16805) width 16: "\x{E44}\x{E1B}"
      text run at (0,16824) width 28: "\x{E2B}\x{E21}\x{E38}\x{E19}"
      text run at (0,16843) width 15: "\x{E21}\x{E32}"
      text run at (0,16862) width 23: "\x{E2A}\x{E2D}\x{E07}"
      text run at (0,16881) width 23: "\x{E2A}\x{E32}\x{E21}"
      text run at (0,16900) width 24: "\x{E23}\x{E2D}\x{E1A}"
      text run at (0,16919) width 24: "\x{E41}\x{E25}\x{E49}\x{E27}"
      text run at (0,16938) width 9: "\x{E01}\x{E47}"
      text run at (0,16957) width 24: "\x{E25}\x{E2D}\x{E22}"
      text run at (0,16976) width 18: "\x{E02}\x{E36}\x{E49}\x{E19}"
      text run at (0,16995) width 8: "\x{E2A}\x{E39}\x{E48}"
      text run at (0,17014) width 38: "\x{E2D}\x{E32}\x{E01}\x{E32}\x{E28}"
      text run at (0,17033) width 29: "\x{E2D}\x{E22}\x{E48}\x{E32}\x{E07}"
      text run at (0,17052) width 14: "\x{E0A}\x{E49}\x{E32}"
      text run at (0,17071) width 7: "\x{E46}"
      text run at (0,17090) width 16: "\x{E42}\x{E14}"
      text run at (0,17109) width 21: "\x{E42}\x{E23}\x{E18}\x{E35}"
      text run at (0,17128) width 24: "\x{E23}\x{E39}\x{E49}\x{E2A}\x{E36}\x{E01}"
      text run at (0,17147) width 21: "\x{E23}\x{E32}\x{E27}"
      text run at (0,17166) width 18: "\x{E01}\x{E31}\x{E1A}"
      text run at (0,17185) width 14: "\x{E27}\x{E48}\x{E32}"
      text run at (0,17204) width 20: "\x{E40}\x{E18}\x{E2D}"
      text run at (0,17223) width 16: "\x{E44}\x{E14}\x{E49}"
      text run at (0,17242) width 18: "\x{E02}\x{E36}\x{E49}\x{E19}"
      text run at (0,17261) width 16: "\x{E44}\x{E1B}"
      text run at (0,17280) width 18: "\x{E01}\x{E31}\x{E1A}"
      text run at (0,17299) width 17: "\x{E25}\x{E39}\x{E01}"
      text run at (0,17318) width 43: "\x{E1A}\x{E2D}\x{E25}\x{E25}\x{E39}\x{E19}"
      text run at (0,17337) width 24: "\x{E1E}\x{E32}\x{E22}\x{E38}"
      text run at (0,17356) width 32: "\x{E40}\x{E2B}\x{E19}\x{E37}\x{E2D}"
      text run at (0,17375) width 18: "\x{E01}\x{E31}\x{E1A}"
      text run at (0,17394) width 24: "\x{E1E}\x{E32}\x{E22}\x{E38}"
      text run at (0,17413) width 16: "\x{E43}\x{E15}\x{E49}"
      text run at (0,17432) width 15: "\x{E21}\x{E32}"
      text run at (0,17451) width 19: "\x{E1E}\x{E1A}"
      text run at (0,17470) width 19: "\x{E01}\x{E31}\x{E19}"
      text run at (0,17489) width 23: "\x{E15}\x{E23}\x{E07}"
      text run at (0,17508) width 9: "\x{E17}\x{E35}\x{E48}"
      text run at (0,17527) width 25: "\x{E1A}\x{E49}\x{E32}\x{E19}"
      text run at (0,17546) width 18: "\x{E1E}\x{E2D}"
      text run at (0,17565) width 9: "\x{E14}\x{E35}"
      text run at (0,17584) width 22: "\x{E41}\x{E25}\x{E30}"
      text run at (0,17603) width 15: "\x{E17}\x{E33}"
      text run at (0,17622) width 16: "\x{E43}\x{E2B}\x{E49}"
      text run at (0,17641) width 23: "\x{E15}\x{E23}\x{E07}"
      text run at (0,17660) width 20: "\x{E19}\x{E31}\x{E49}\x{E19}"
      text run at (0,17679) width 24: "\x{E40}\x{E1B}\x{E47}\x{E19}"
      text run at (0,17698) width 17: "\x{E08}\x{E38}\x{E14}"
      text run at (0,17717) width 27: "\x{E28}\x{E39}\x{E19}\x{E22}\x{E4C}"
      text run at (0,17736) width 30: "\x{E01}\x{E25}\x{E32}\x{E07}"
      text run at (0,17755) width 23: "\x{E02}\x{E2D}\x{E07}"
      text run at (0,17774) width 24: "\x{E1E}\x{E32}\x{E22}\x{E38}"
      text run at (0,17793) width 50: "\x{E44}\x{E0B}\x{E42}\x{E04}\x{E25}\x{E19}"
      text run at (0,17812) width 24: "\x{E15}\x{E32}\x{E21}"
      text run at (0,17831) width 27: "\x{E1B}\x{E01}\x{E15}\x{E34}"
      text run at (0,17850) width 23: "\x{E15}\x{E23}\x{E07}"
      text run at (0,17869) width 30: "\x{E01}\x{E25}\x{E32}\x{E07}"
      text run at (0,17888) width 24: "\x{E1E}\x{E32}\x{E22}\x{E38}"
      text run at (0,17907) width 50: "\x{E44}\x{E0B}\x{E42}\x{E04}\x{E25}\x{E19}"
      text run at (0,17926) width 38: "\x{E2D}\x{E32}\x{E01}\x{E32}\x{E28}"
      text run at (0,17945) width 14: "\x{E08}\x{E30}"
      text run at (0,17964) width 17: "\x{E19}\x{E34}\x{E48}\x{E07}"
      text run at (0,17983) width 17: "\x{E41}\x{E15}\x{E48}"
      text run at (0,18002) width 32: "\x{E04}\x{E27}\x{E32}\x{E21}"
      text run at (0,18021) width 37: "\x{E01}\x{E14}\x{E14}\x{E31}\x{E19}"
      text run at (0,18040) width 29: "\x{E2D}\x{E22}\x{E48}\x{E32}\x{E07}"
      text run at (0,18059) width 28: "\x{E2B}\x{E19}\x{E31}\x{E01}"
      text run at (0,18078) width 23: "\x{E02}\x{E2D}\x{E07}"
      text run at (0,18097) width 17: "\x{E25}\x{E21}"
      text run at (0,18116) width 18: "\x{E17}\x{E38}\x{E01}"
      text run at (0,18135) width 25: "\x{E14}\x{E49}\x{E32}\x{E19}"
      text run at (0,18154) width 24: "\x{E23}\x{E2D}\x{E1A}"
      text run at (0,18173) width 25: "\x{E1A}\x{E49}\x{E32}\x{E19}"
      text run at (0,18192) width 15: "\x{E17}\x{E33}"
      text run at (0,18211) width 16: "\x{E43}\x{E2B}\x{E49}"
      text run at (0,18230) width 25: "\x{E1A}\x{E49}\x{E32}\x{E19}"
      text run at (0,18249) width 24: "\x{E25}\x{E2D}\x{E22}"
      text run at (0,18268) width 15: "\x{E2A}\x{E39}\x{E07}"
      text run at (0,18287) width 18: "\x{E02}\x{E36}\x{E49}\x{E19}"
      text run at (0,18306) width 7: "\x{E46}"
      text run at (0,18325) width 18: "\x{E08}\x{E19}"
      text run at (0,18344) width 38: "\x{E01}\x{E23}\x{E30}\x{E17}\x{E31}\x{E48}\x{E07}"
      text run at (0,18363) width 18: "\x{E02}\x{E36}\x{E49}\x{E19}"
      text run at (0,18382) width 16: "\x{E44}\x{E1B}"
      text run at (0,18401) width 16: "\x{E2D}\x{E22}\x{E39}\x{E48}"
      text run at (0,18420) width 17: "\x{E2A}\x{E38}\x{E14}"
      text run at (0,18439) width 25: "\x{E22}\x{E2D}\x{E14}"
      text run at (0,18458) width 23: "\x{E02}\x{E2D}\x{E07}"
      text run at (0,18477) width 24: "\x{E1E}\x{E32}\x{E22}\x{E38}"
      text run at (0,18496) width 50: "\x{E44}\x{E0B}\x{E42}\x{E04}\x{E25}\x{E19}"
      text run at (0,18515) width 22: "\x{E41}\x{E25}\x{E30}"
      text run at (0,18534) width 23: "\x{E08}\x{E32}\x{E01}"
      text run at (0,18553) width 23: "\x{E15}\x{E23}\x{E07}"
      text run at (0,18572) width 20: "\x{E19}\x{E31}\x{E49}\x{E19}"
      text run at (0,18591) width 9: "\x{E01}\x{E47}"
      text run at (0,18610) width 17: "\x{E16}\x{E39}\x{E01}"
      text run at (0,18629) width 26: "\x{E2B}\x{E2D}\x{E1A}"
      text run at (0,18648) width 16: "\x{E44}\x{E1B}"
      text run at (0,18667) width 31: "\x{E2B}\x{E25}\x{E32}\x{E22}"
      text run at (0,18686) width 24: "\x{E44}\x{E21}\x{E25}\x{E4C}"
      text run at (0,18705) width 21: "\x{E07}\x{E48}\x{E32}\x{E22}"
      text run at (0,18724) width 23: "\x{E14}\x{E32}\x{E22}"
      text run at (0,18743) width 21: "\x{E23}\x{E32}\x{E27}"
      text run at (0,18762) width 18: "\x{E01}\x{E31}\x{E1A}"
      text run at (0,18781) width 26: "\x{E2B}\x{E2D}\x{E1A}"
      text run at (0,18800) width 18: "\x{E02}\x{E19}"
      text run at (0,18819) width 19: "\x{E19}\x{E01}"
      text run at (0,18838) width 18: "\x{E21}\x{E37}\x{E14}"
      text run at (0,18857) width 24: "\x{E21}\x{E32}\x{E01}"
      text run at (0,18876) width 24: "\x{E41}\x{E25}\x{E49}\x{E27}"
      text run at (0,18895) width 17: "\x{E25}\x{E21}"
      text run at (0,18914) width 15: "\x{E22}\x{E31}\x{E07}"
      text run at (0,18933) width 15: "\x{E2A}\x{E48}\x{E07}"
      text run at (0,18952) width 28: "\x{E40}\x{E2A}\x{E35}\x{E22}\x{E07}"
      text run at (0,18971) width 26: "\x{E2B}\x{E27}\x{E35}\x{E14}"
      text run at (0,18990) width 25: "\x{E2B}\x{E27}\x{E37}\x{E2D}"
      text run at (0,19009) width 16: "\x{E19}\x{E48}\x{E32}"
      text run at (0,19028) width 25: "\x{E01}\x{E25}\x{E31}\x{E27}"
      text run at (0,19047) width 16: "\x{E2D}\x{E22}\x{E39}\x{E48}"
      text run at (0,19066) width 24: "\x{E23}\x{E2D}\x{E1A}"
      text run at (0,19085) width 17: "\x{E15}\x{E31}\x{E27}"
      text run at (0,19104) width 20: "\x{E40}\x{E18}\x{E2D}"
      text run at (0,19123) width 17: "\x{E41}\x{E15}\x{E48}"
      text run at (0,19142) width 16: "\x{E42}\x{E14}"
      text run at (0,19161) width 21: "\x{E42}\x{E23}\x{E18}\x{E35}"
      text run at (0,19180) width 24: "\x{E40}\x{E2B}\x{E47}\x{E19}"
      text run at (0,19199) width 14: "\x{E27}\x{E48}\x{E32}"
      text run at (0,19218) width 20: "\x{E40}\x{E18}\x{E2D}"
      text run at (0,19237) width 44: "\x{E2A}\x{E32}\x{E21}\x{E32}\x{E23}\x{E16}"
      text run at (0,19256) width 17: "\x{E19}\x{E31}\x{E48}\x{E07}"
      text run at (0,19275) width 16: "\x{E44}\x{E1B}"
      text run at (0,19294) width 16: "\x{E44}\x{E14}\x{E49}"
      text run at (0,19313) width 22: "\x{E2D}\x{E22}\x{E48}\x{E32}"
      text run at (0,19332) width 28: "\x{E07}\x{E07}\x{E48}\x{E32}\x{E22}"
      text run at (0,19351) width 23: "\x{E14}\x{E32}\x{E22}"
      text run at (0,19370) width 19: "\x{E19}\x{E31}\x{E01}"
      text run at (0,19389) width 23: "\x{E04}\x{E23}\x{E31}\x{E49}\x{E07}"
      text run at (0,19408) width 26: "\x{E2B}\x{E19}\x{E36}\x{E48}\x{E07}"
      text run at (0,19427) width 24: "\x{E2B}\x{E25}\x{E31}\x{E07}"
      text run at (0,19446) width 23: "\x{E08}\x{E32}\x{E01}"
      text run at (0,19465) width 9: "\x{E17}\x{E35}\x{E48}"
      text run at (0,19484) width 25: "\x{E1A}\x{E49}\x{E32}\x{E19}"
      text run at (0,19503) width 32: "\x{E2A}\x{E30}\x{E14}\x{E38}\x{E14}"
      text run at (0,19522) width 29: "\x{E2D}\x{E22}\x{E48}\x{E32}\x{E07}"
      text run at (0,19541) width 22: "\x{E41}\x{E23}\x{E07}"
      text run at (0,19560) width 22: "\x{E41}\x{E25}\x{E30}"
      text run at (0,19579) width 28: "\x{E2B}\x{E21}\x{E38}\x{E19}"
      text run at (0,19598) width 16: "\x{E44}\x{E1B}"
      text run at (0,19617) width 24: "\x{E23}\x{E2D}\x{E1A}"
      text run at (0,19636) width 7: "\x{E46}"
      text run at (0,19655) width 23: "\x{E2A}\x{E2D}\x{E07}"
      text run at (0,19674) width 23: "\x{E2A}\x{E32}\x{E21}"
      text run at (0,19693) width 23: "\x{E04}\x{E23}\x{E31}\x{E49}\x{E07}"
      text run at (0,19712) width 17: "\x{E43}\x{E19}"
      text run at (0,19731) width 27: "\x{E15}\x{E2D}\x{E19}"
      text run at (0,19750) width 24: "\x{E41}\x{E23}\x{E01}"
      text run at (0,19769) width 20: "\x{E40}\x{E18}\x{E2D}"
      text run at (0,19788) width 9: "\x{E01}\x{E47}"
      text run at (0,19807) width 24: "\x{E23}\x{E39}\x{E49}\x{E2A}\x{E36}\x{E01}"
      text run at (0,19826) width 14: "\x{E27}\x{E48}\x{E32}"
      text run at (0,19845) width 17: "\x{E15}\x{E31}\x{E27}"
      text run at (0,19864) width 20: "\x{E40}\x{E2D}\x{E07}"
      text run at (0,19883) width 17: "\x{E16}\x{E39}\x{E01}"
      text run at (0,19902) width 32: "\x{E41}\x{E01}\x{E27}\x{E48}\x{E07}"
      text run at (0,19921) width 29: "\x{E2D}\x{E22}\x{E48}\x{E32}\x{E07}"
      text run at (0,19940) width 25: "\x{E41}\x{E1C}\x{E48}\x{E27}"
      text run at (0,19959) width 20: "\x{E40}\x{E1A}\x{E32}"
      text run at (0,19978) width 21: "\x{E23}\x{E32}\x{E27}"
      text run at (0,19997) width 31: "\x{E17}\x{E32}\x{E23}\x{E01}"
      text run at (0,20016) width 17: "\x{E43}\x{E19}"
      text run at (0,20035) width 22: "\x{E40}\x{E1B}\x{E25}"
      text run at (0,20054) width 16: "\x{E42}\x{E15}"
      text run at (0,20073) width 16: "\x{E42}\x{E15}\x{E49}"
      text run at (0,20092) width 16: "\x{E44}\x{E21}\x{E48}"
      text run at (0,20111) width 25: "\x{E0A}\x{E2D}\x{E1A}"
      text run at (0,20130) width 15: "\x{E43}\x{E08}"
      text run at (0,20149) width 21: "\x{E40}\x{E25}\x{E22}"
      text run at (0,20168) width 19: "\x{E21}\x{E31}\x{E19}"
      text run at (0,20187) width 15: "\x{E27}\x{E34}\x{E48}\x{E07}"
      text run at (0,20206) width 16: "\x{E44}\x{E1B}"
      text run at (0,20225) width 15: "\x{E27}\x{E34}\x{E48}\x{E07}"
      text run at (0,20244) width 15: "\x{E21}\x{E32}"
      text run at (0,20263) width 24: "\x{E23}\x{E2D}\x{E1A}"
      text run at (0,20282) width 24: "\x{E2B}\x{E49}\x{E2D}\x{E07}"
      text run at (0,20301) width 22: "\x{E17}\x{E32}\x{E07}"
      text run at (0,20320) width 27: "\x{E42}\x{E19}\x{E49}\x{E19}"
      text run at (0,20339) width 9: "\x{E17}\x{E35}"
      text run at (0,20358) width 22: "\x{E17}\x{E32}\x{E07}"
      text run at (0,20377) width 10: "\x{E19}\x{E35}\x{E49}"
      text run at (0,20396) width 9: "\x{E17}\x{E35}"
      text run at (0,20415) width 15: "\x{E2A}\x{E48}\x{E07}"
      text run at (0,20434) width 28: "\x{E40}\x{E2A}\x{E35}\x{E22}\x{E07}"
      text run at (0,20453) width 20: "\x{E40}\x{E2B}\x{E48}\x{E32}"
      text run at (0,20472) width 16: "\x{E14}\x{E31}\x{E07}"
      text run at (0,20491) width 24: "\x{E01}\x{E49}\x{E2D}\x{E07}"
      text run at (0,20510) width 17: "\x{E41}\x{E15}\x{E48}"
      text run at (0,20529) width 16: "\x{E42}\x{E14}"
      text run at (0,20548) width 21: "\x{E42}\x{E23}\x{E18}\x{E35}"
      text run at (0,20567) width 17: "\x{E19}\x{E31}\x{E48}\x{E07}"
      text run at (0,20586) width 17: "\x{E19}\x{E34}\x{E48}\x{E07}"
      text run at (0,20605) width 16: "\x{E2D}\x{E22}\x{E39}\x{E48}"
      text run at (0,20624) width 19: "\x{E1A}\x{E19}"
      text run at (0,20643) width 20: "\x{E1E}\x{E37}\x{E49}\x{E19}"
      text run at (0,20662) width 20: "\x{E40}\x{E1D}\x{E49}\x{E32}"
      text run at (0,20681) width 25: "\x{E04}\x{E2D}\x{E22}"
      text run at (0,20700) width 9: "\x{E14}\x{E39}"
      text run at (0,20719) width 14: "\x{E27}\x{E48}\x{E32}"
      text run at (0,20738) width 14: "\x{E08}\x{E30}"
      text run at (0,20757) width 23: "\x{E40}\x{E01}\x{E34}\x{E14}"
      text run at (0,20776) width 28: "\x{E2D}\x{E30}\x{E44}\x{E23}"
      text run at (0,20795) width 18: "\x{E02}\x{E36}\x{E49}\x{E19}"
      text run at (0,20814) width 23: "\x{E04}\x{E23}\x{E31}\x{E49}\x{E07}"
      text run at (0,20833) width 26: "\x{E2B}\x{E19}\x{E36}\x{E48}\x{E07}"
      text run at (0,20852) width 16: "\x{E42}\x{E15}"
      text run at (0,20871) width 16: "\x{E42}\x{E15}\x{E49}"
      text run at (0,20890) width 19: "\x{E40}\x{E02}\x{E49}\x{E32}"
      text run at (0,20909) width 16: "\x{E44}\x{E1B}"
      text run at (0,20928) width 24: "\x{E43}\x{E01}\x{E25}\x{E49}"
      text run at (0,20947) width 15: "\x{E1D}\x{E32}"
      text run at (0,20966) width 9: "\x{E17}\x{E35}\x{E48}"
      text run at (0,20985) width 20: "\x{E1E}\x{E37}\x{E49}\x{E19}"
      text run at (0,21004) width 24: "\x{E21}\x{E32}\x{E01}"
      text run at (0,21023) width 16: "\x{E44}\x{E1B}"
      text run at (0,21042) width 21: "\x{E40}\x{E25}\x{E22}"
      text run at (0,21061) width 27: "\x{E1E}\x{E25}\x{E31}\x{E14}"
      text run at (0,21080) width 33: "\x{E15}\x{E01}\x{E25}\x{E07}"
      text run at (0,21099) width 16: "\x{E44}\x{E1B}"
      text run at (0,21118) width 9: "\x{E17}\x{E35}"
      text run at (0,21137) width 24: "\x{E41}\x{E23}\x{E01}"
      text run at (0,21156) width 23: "\x{E40}\x{E14}\x{E47}\x{E01}"
      text run at (0,21175) width 27: "\x{E2B}\x{E0D}\x{E34}\x{E07}"
      text run at (0,21194) width 18: "\x{E04}\x{E34}\x{E14}"
      text run at (0,21213) width 14: "\x{E27}\x{E48}\x{E32}"
      text run at (0,21232) width 20: "\x{E40}\x{E18}\x{E2D}"
      text run at (0,21251) width 14: "\x{E08}\x{E30}"
      text run at (0,21270) width 19: "\x{E2A}\x{E39}\x{E0D}"
      text run at (0,21289) width 21: "\x{E40}\x{E2A}\x{E35}\x{E22}"
      text run at (0,21308) width 19: "\x{E21}\x{E31}\x{E19}"
      text run at (0,21327) width 16: "\x{E44}\x{E1B}"
      text run at (0,21346) width 21: "\x{E40}\x{E2A}\x{E35}\x{E22}"
      text run at (0,21365) width 24: "\x{E41}\x{E25}\x{E49}\x{E27}"
      text run at (0,21384) width 17: "\x{E41}\x{E15}\x{E48}"
      text run at (0,21403) width 16: "\x{E0A}\x{E31}\x{E48}\x{E27}"
      text run at (0,21422) width 16: "\x{E04}\x{E23}\x{E39}\x{E48}"
      text run at (0,21441) width 20: "\x{E40}\x{E18}\x{E2D}"
      text run at (0,21460) width 9: "\x{E01}\x{E47}"
      text run at (0,21479) width 24: "\x{E40}\x{E2B}\x{E47}\x{E19}"
      text run at (0,21498) width 9: "\x{E2B}\x{E39}"
      text run at (0,21517) width 23: "\x{E02}\x{E2D}\x{E07}"
      text run at (0,21536) width 19: "\x{E21}\x{E31}\x{E19}"
      text run at (0,21555) width 24: "\x{E42}\x{E1C}\x{E25}\x{E48}"
      text run at (0,21574) width 18: "\x{E02}\x{E36}\x{E49}\x{E19}"
      text run at (0,21593) width 15: "\x{E21}\x{E32}"
      text run at (0,21612) width 23: "\x{E08}\x{E32}\x{E01}"
      text run at (0,21631) width 23: "\x{E0A}\x{E48}\x{E2D}\x{E07}"
      text run at (0,21650) width 20: "\x{E19}\x{E31}\x{E49}\x{E19}"
      text run at (0,21669) width 16: "\x{E17}\x{E31}\x{E49}\x{E07}"
      text run at (0,21688) width 10: "\x{E19}\x{E35}\x{E49}"
      text run at (0,21707) width 34: "\x{E40}\x{E1E}\x{E23}\x{E32}\x{E30}"
      text run at (0,21726) width 22: "\x{E41}\x{E23}\x{E07}"
      text run at (0,21745) width 18: "\x{E01}\x{E14}"
      text run at (0,21764) width 29: "\x{E2D}\x{E22}\x{E48}\x{E32}\x{E07}"
      text run at (0,21783) width 28: "\x{E2B}\x{E19}\x{E31}\x{E01}"
      text run at (0,21802) width 23: "\x{E02}\x{E2D}\x{E07}"
      text run at (0,21821) width 38: "\x{E2D}\x{E32}\x{E01}\x{E32}\x{E28}"
      text run at (0,21840) width 15: "\x{E17}\x{E33}"
      text run at (0,21859) width 16: "\x{E43}\x{E2B}\x{E49}"
      text run at (0,21878) width 16: "\x{E42}\x{E15}"
      text run at (0,21897) width 16: "\x{E42}\x{E15}\x{E49}"
      text run at (0,21916) width 16: "\x{E44}\x{E21}\x{E48}"
      text run at (0,21935) width 33: "\x{E15}\x{E01}\x{E25}\x{E07}"
      text run at (0,21954) width 16: "\x{E44}\x{E1B}"
      text run at (0,21973) width 21: "\x{E02}\x{E49}\x{E32}\x{E07}"
      text run at (0,21992) width 21: "\x{E25}\x{E48}\x{E32}\x{E07}"
      text run at (0,22011) width 16: "\x{E42}\x{E14}"
      text run at (0,22030) width 21: "\x{E42}\x{E23}\x{E18}\x{E35}"
      text run at (0,22049) width 33: "\x{E04}\x{E25}\x{E32}\x{E19}"
      text run at (0,22068) width 16: "\x{E44}\x{E1B}"
      text run at (0,22087) width 9: "\x{E17}\x{E35}\x{E48}"
      text run at (0,22106) width 23: "\x{E0A}\x{E48}\x{E2D}\x{E07}"
      text run at (0,22125) width 20: "\x{E19}\x{E31}\x{E49}\x{E19}"
      text run at (0,22144) width 17: "\x{E08}\x{E31}\x{E1A}"
      text run at (0,22163) width 9: "\x{E2B}\x{E39}"
      text run at (0,22182) width 16: "\x{E42}\x{E15}"
      text run at (0,22201) width 16: "\x{E42}\x{E15}\x{E49}"
      text run at (0,22220) width 15: "\x{E44}\x{E27}\x{E49}"
      text run at (0,22239) width 16: "\x{E44}\x{E14}\x{E49}"
      text run at (0,22258) width 22: "\x{E41}\x{E25}\x{E30}"
      text run at (0,22277) width 23: "\x{E25}\x{E32}\x{E01}"
      text run at (0,22296) width 19: "\x{E21}\x{E31}\x{E19}"
      text run at (0,22315) width 15: "\x{E21}\x{E32}"
      text run at (0,22334) width 9: "\x{E17}\x{E35}\x{E48}"
      text run at (0,22353) width 24: "\x{E2B}\x{E49}\x{E2D}\x{E07}"
      text run at (0,22372) width 17: "\x{E2D}\x{E35}\x{E01}"
      text run at (0,22391) width 24: "\x{E2B}\x{E25}\x{E31}\x{E07}"
      text run at (0,22410) width 23: "\x{E08}\x{E32}\x{E01}"
      text run at (0,22429) width 20: "\x{E19}\x{E31}\x{E49}\x{E19}"
      text run at (0,22448) width 9: "\x{E01}\x{E47}"
      text run at (0,22467) width 18: "\x{E1B}\x{E34}\x{E14}"
      text run at (0,22486) width 15: "\x{E1D}\x{E32}"
      text run at (0,22505) width 20: "\x{E1E}\x{E37}\x{E49}\x{E19}"
      text run at (0,22524) width 23: "\x{E40}\x{E1E}\x{E37}\x{E48}\x{E2D}"
      text run at (0,22543) width 14: "\x{E08}\x{E30}"
      text run at (0,22562) width 16: "\x{E44}\x{E14}\x{E49}"
      text run at (0,22581) width 16: "\x{E44}\x{E21}\x{E48}"
      text run at (0,22600) width 23: "\x{E40}\x{E01}\x{E34}\x{E14}"
      text run at (0,22619) width 49: "\x{E2D}\x{E38}\x{E1A}\x{E31}\x{E15}\x{E34}\x{E40}\x{E2B}\x{E15}\x{E38}"
      text run at (0,22638) width 17: "\x{E2D}\x{E35}\x{E01}"
      text run at (0,22657) width 39: "\x{E0A}\x{E31}\x{E48}\x{E27}\x{E42}\x{E21}\x{E07}"
      text run at (0,22676) width 24: "\x{E41}\x{E25}\x{E49}\x{E27}"
      text run at (0,22695) width 39: "\x{E0A}\x{E31}\x{E48}\x{E27}\x{E42}\x{E21}\x{E07}"
      text run at (0,22714) width 19: "\x{E40}\x{E25}\x{E48}\x{E32}"
      text run at (0,22733) width 25: "\x{E1C}\x{E48}\x{E32}\x{E19}"
      text run at (0,22752) width 16: "\x{E44}\x{E1B}"
      text run at (0,22771) width 16: "\x{E42}\x{E14}"
      text run at (0,22790) width 21: "\x{E42}\x{E23}\x{E18}\x{E35}"
      text run at (0,22809) width 25: "\x{E04}\x{E48}\x{E2D}\x{E22}"
      text run at (0,22828) width 7: "\x{E46}"
      text run at (0,22847) width 23: "\x{E2B}\x{E32}\x{E22}"
      text run at (0,22866) width 25: "\x{E01}\x{E25}\x{E31}\x{E27}"
      text run at (0,22885) width 17: "\x{E41}\x{E15}\x{E48}"
      text run at (0,22904) width 20: "\x{E40}\x{E18}\x{E2D}"
      text run at (0,22923) width 24: "\x{E23}\x{E39}\x{E49}\x{E2A}\x{E36}\x{E01}"
      text run at (0,22942) width 27: "\x{E40}\x{E2B}\x{E07}\x{E32}"
      text run at (0,22961) width 30: "\x{E40}\x{E2B}\x{E25}\x{E37}\x{E2D}"
      text run at (0,22980) width 24: "\x{E40}\x{E01}\x{E34}\x{E19}"
      text run at (0,22999) width 22: "\x{E41}\x{E25}\x{E30}"
      text run at (0,23018) width 17: "\x{E25}\x{E21}"
      text run at (0,23037) width 9: "\x{E01}\x{E47}"
      text run at (0,23056) width 15: "\x{E2A}\x{E48}\x{E07}"
      text run at (0,23075) width 28: "\x{E40}\x{E2A}\x{E35}\x{E22}\x{E07}"
      text run at (0,23094) width 26: "\x{E2B}\x{E27}\x{E35}\x{E14}"
      text run at (0,23113) width 25: "\x{E2B}\x{E27}\x{E37}\x{E2D}"
      text run at (0,23132) width 16: "\x{E14}\x{E31}\x{E07}"
      text run at (0,23151) width 21: "\x{E40}\x{E2A}\x{E35}\x{E22}"
      text run at (0,23170) width 18: "\x{E08}\x{E19}"
      text run at (0,23189) width 20: "\x{E40}\x{E18}\x{E2D}"
      text run at (0,23208) width 26: "\x{E41}\x{E17}\x{E1A}"
      text run at (0,23227) width 14: "\x{E08}\x{E30}"
      text run at (0,23246) width 9: "\x{E2B}\x{E39}"
      text run at (0,23265) width 36: "\x{E2B}\x{E19}\x{E27}\x{E01}"
      text run at (0,23284) width 9: "\x{E17}\x{E35}"
      text run at (0,23303) width 24: "\x{E41}\x{E23}\x{E01}"
      text run at (0,23322) width 20: "\x{E40}\x{E18}\x{E2D}"
      text run at (0,23341) width 31: "\x{E2A}\x{E07}\x{E2A}\x{E31}\x{E22}"
      text run at (0,23360) width 14: "\x{E27}\x{E48}\x{E32}"
      text run at (0,23379) width 16: "\x{E04}\x{E07}"
      text run at (0,23398) width 14: "\x{E08}\x{E30}"
      text run at (0,23417) width 17: "\x{E16}\x{E39}\x{E01}"
      text run at (0,23436) width 19: "\x{E09}\x{E35}\x{E01}"
      text run at (0,23455) width 45: "\x{E01}\x{E23}\x{E30}\x{E0A}\x{E32}\x{E01}"
      text run at (0,23474) width 25: "\x{E2D}\x{E2D}\x{E01}"
      text run at (0,23493) width 24: "\x{E40}\x{E1B}\x{E47}\x{E19}"
      text run at (0,23512) width 18: "\x{E0A}\x{E34}\x{E49}\x{E19}"
      text run at (0,23531) width 22: "\x{E40}\x{E25}\x{E47}\x{E01}"
      text run at (0,23550) width 18: "\x{E0A}\x{E34}\x{E49}\x{E19}"
      text run at (0,23569) width 26: "\x{E19}\x{E49}\x{E2D}\x{E22}"
      text run at (0,23588) width 22: "\x{E40}\x{E21}\x{E37}\x{E48}\x{E2D}"
      text run at (0,23607) width 25: "\x{E1A}\x{E49}\x{E32}\x{E19}"
      text run at (0,23626) width 23: "\x{E40}\x{E2D}\x{E19}"
      text run at (0,23645) width 17: "\x{E25}\x{E49}\x{E21}"
      text run at (0,23664) width 15: "\x{E25}\x{E07}"
      text run at (0,23683) width 17: "\x{E2D}\x{E35}\x{E01}"
      text run at (0,23702) width 23: "\x{E04}\x{E23}\x{E31}\x{E49}\x{E07}"
      text run at (0,23721) width 17: "\x{E41}\x{E15}\x{E48}"
      text run at (0,23740) width 31: "\x{E2B}\x{E25}\x{E32}\x{E22}"
      text run at (0,23759) width 39: "\x{E0A}\x{E31}\x{E48}\x{E27}\x{E42}\x{E21}\x{E07}"
      text run at (0,23778) width 25: "\x{E1C}\x{E48}\x{E32}\x{E19}"
      text run at (0,23797) width 16: "\x{E44}\x{E1B}"
      text run at (0,23816) width 9: "\x{E01}\x{E47}"
      text run at (0,23835) width 16: "\x{E44}\x{E21}\x{E48}"
      text run at (0,23854) width 9: "\x{E21}\x{E35}"
      text run at (0,23873) width 28: "\x{E2D}\x{E30}\x{E44}\x{E23}"
      text run at (0,23892) width 23: "\x{E40}\x{E01}\x{E34}\x{E14}"
      text run at (0,23911) width 18: "\x{E02}\x{E36}\x{E49}\x{E19}"
      text run at (0,23930) width 20: "\x{E40}\x{E18}\x{E2D}"
      text run at (0,23949) width 21: "\x{E40}\x{E25}\x{E22}"
      text run at (0,23968) width 22: "\x{E40}\x{E25}\x{E34}\x{E01}"
      text run at (0,23987) width 26: "\x{E27}\x{E34}\x{E15}\x{E01}"
      text run at (0,24006) width 22: "\x{E41}\x{E25}\x{E30}"
      text run at (0,24025) width 36: "\x{E15}\x{E31}\x{E14}\x{E2A}\x{E34}\x{E19}"
      text run at (0,24044) width 15: "\x{E43}\x{E08}"
      text run at (0,24063) width 25: "\x{E04}\x{E2D}\x{E22}"
      text run at (0,24082) width 9: "\x{E14}\x{E39}"
      text run at (0,24101) width 29: "\x{E2D}\x{E22}\x{E48}\x{E32}\x{E07}"
      text run at (0,24120) width 24: "\x{E2A}\x{E07}\x{E1A}"
      text run at (0,24139) width 22: "\x{E41}\x{E25}\x{E30}"
      text run at (0,24158) width 15: "\x{E23}\x{E2D}"
      text run at (0,24177) width 14: "\x{E27}\x{E48}\x{E32}"
      text run at (0,24196) width 42: "\x{E2D}\x{E19}\x{E32}\x{E04}\x{E15}"
      text run at (0,24215) width 14: "\x{E08}\x{E30}"
      text run at (0,24234) width 24: "\x{E40}\x{E1B}\x{E47}\x{E19}"
      text run at (0,24253) width 43: "\x{E2D}\x{E22}\x{E48}\x{E32}\x{E07}\x{E44}\x{E23}"
      text run at (0,24272) width 17: "\x{E43}\x{E19}"
      text run at (0,24291) width 9: "\x{E17}\x{E35}\x{E48}"
      text run at (0,24310) width 17: "\x{E2A}\x{E38}\x{E14}"
      text run at (0,24329) width 20: "\x{E40}\x{E18}\x{E2D}"
      text run at (0,24348) width 33: "\x{E04}\x{E25}\x{E32}\x{E19}"
      text run at (0,24367) width 23: "\x{E08}\x{E32}\x{E01}"
      text run at (0,24386) width 20: "\x{E1E}\x{E37}\x{E49}\x{E19}"
      text run at (0,24405) width 24: "\x{E2B}\x{E49}\x{E2D}\x{E07}"
      text run at (0,24424) width 9: "\x{E17}\x{E35}\x{E48}"
      text run at (0,24443) width 24: "\x{E42}\x{E22}\x{E01}"
      text run at (0,24462) width 16: "\x{E44}\x{E1B}"
      text run at (0,24481) width 15: "\x{E21}\x{E32}"
      text run at (0,24500) width 18: "\x{E02}\x{E36}\x{E49}\x{E19}"
      text run at (0,24519) width 16: "\x{E44}\x{E1B}"
      text run at (0,24538) width 19: "\x{E1A}\x{E19}"
      text run at (0,24557) width 29: "\x{E40}\x{E15}\x{E35}\x{E22}\x{E07}"
      text run at (0,24576) width 24: "\x{E41}\x{E25}\x{E49}\x{E27}"
      text run at (0,24595) width 9: "\x{E01}\x{E47}"
      text run at (0,24614) width 28: "\x{E19}\x{E2D}\x{E19}"
      text run at (0,24633) width 15: "\x{E25}\x{E07}"
      text run at (0,24652) width 16: "\x{E42}\x{E15}"
      text run at (0,24671) width 16: "\x{E42}\x{E15}\x{E49}"
      text run at (0,24690) width 24: "\x{E15}\x{E32}\x{E21}"
      text run at (0,24709) width 18: "\x{E15}\x{E34}\x{E14}"
      text run at (0,24728) width 15: "\x{E21}\x{E32}"
      text run at (0,24747) width 28: "\x{E19}\x{E2D}\x{E19}"
      text run at (0,24766) width 15: "\x{E25}\x{E07}"
      text run at (0,24785) width 24: "\x{E43}\x{E01}\x{E25}\x{E49}"
      text run at (0,24804) width 7: "\x{E46}"
      text run at (0,24823) width 20: "\x{E40}\x{E18}\x{E2D}"
      text run at (0,24842) width 16: "\x{E44}\x{E21}\x{E48}"
      text run at (0,24861) width 14: "\x{E0A}\x{E49}\x{E32}"
      text run at (0,24880) width 16: "\x{E42}\x{E14}"
      text run at (0,24899) width 21: "\x{E42}\x{E23}\x{E18}\x{E35}"
      text run at (0,24918) width 9: "\x{E01}\x{E47}"
      text run at (0,24937) width 18: "\x{E1B}\x{E34}\x{E14}"
      text run at (0,24956) width 15: "\x{E15}\x{E32}"
      text run at (0,24975) width 15: "\x{E25}\x{E07}"
      text run at (0,24994) width 26: "\x{E2B}\x{E25}\x{E31}\x{E1A}"
      text run at (0,25013) width 33: "\x{E1C}\x{E25}\x{E47}\x{E2D}\x{E22}"
      text run at (0,25032) width 16: "\x{E44}\x{E1B}"
      text run at (0,25051) width 29: "\x{E2D}\x{E22}\x{E48}\x{E32}\x{E07}"
      text run at (0,25070) width 27: "\x{E2A}\x{E19}\x{E34}\x{E17}"
      text run at (0,25089) width 16: "\x{E17}\x{E31}\x{E49}\x{E07}"
      text run at (0,25108) width 7: "\x{E46}"
      text run at (0,25127) width 9: "\x{E17}\x{E35}\x{E48}"
      text run at (0,25146) width 25: "\x{E1A}\x{E49}\x{E32}\x{E19}"
      text run at (0,25165) width 24: "\x{E42}\x{E22}\x{E01}"
      text run at (0,25184) width 16: "\x{E44}\x{E1B}"
      text run at (0,25203) width 15: "\x{E21}\x{E32}"
      text run at (0,25222) width 22: "\x{E41}\x{E25}\x{E30}"
      text run at (0,25241) width 17: "\x{E25}\x{E21}"
      text run at (0,25260) width 9: "\x{E01}\x{E47}"
      text run at (0,25279) width 29: "\x{E04}\x{E23}\x{E32}\x{E07}"
      text run at (0,25298) width 26: "\x{E2B}\x{E27}\x{E35}\x{E14}"
      text run at (0,25317) width 25: "\x{E2B}\x{E27}\x{E37}\x{E2D}"
