layer at (0,0) size 785x602
  RenderView at (0,0) size 785x600
layer at (0,0) size 785x602
  RenderBlock {HTML} at (0,0) size 785x602
    RenderBody {BODY} at (8,21) size 769x573
      RenderBlock {P} at (0,0) size 769x25
        RenderText {#text} at (0,0) size 140x24
          text run at (0,0) width 140: "Simple text path"
      RenderBlock (anonymous) at (0,46) size 769x224
        RenderBlock {SPAN} at (0,0) size 25x217
          RenderText {#text} at (0,0) size 24x217
            text run at (0,0) width 217: "string\x{300C}\x{3042}\x{3001}\x{5909}\x{3063}\x{FF01}\x{300D}\x{3002}"
        RenderText {#text} at (0,0) size 0x0
      RenderBlock {P} at (0,303) size 769x26
        RenderText {#text} at (0,0) size 158x24
          text run at (0,0) width 158: "Complex text path"
      RenderBlock (anonymous) at (0,349) size 769x224
        RenderBlock {SPAN} at (0,0) size 25x217
          RenderText {#text} at (0,0) size 24x217
            text run at (0,0) width 217: "string\x{300C}\x{3042}\x{3001}\x{5909}\x{3063}\x{FF01}\x{300D}\x{3002}"
        RenderText {#text} at (0,0) size 0x0
layer at (8,301) size 769x2 clip at (0,0) size 0x0
  RenderBlock {HR} at (0,279) size 769x3 [border: (1px inset #000000)]
