layer at (0,0) size 785x670
  RenderView at (0,0) size 785x600
layer at (0,0) size 785x670
  RenderBlock {HTML} at (0,0) size 785x671
    RenderBody {BODY} at (8,8) size 769x655
      RenderText {#text} at (0,0) size 0x0
      RenderText {#text} at (0,0) size 0x0
layer at (8,8) size 301x654 clip at (9,9) size 299x652
  RenderTextControl {TEXTAREA} at (0,0) size 301x655 [bgcolor=#FFFFFF] [border: (1px solid #000000)]
    RenderBlock {DIV} at (3,3) size 295x13
      RenderText {#text} at (0,0) size 62x13
        text run at (0,0) width 62: "Sample text"
