layer at (0,0) size 800x600
  RenderView at (0,0) size 800x600
layer at (0,0) size 800x600
  RenderBlock {HTML} at (0,0) size 800x600
    RenderBody {BODY} at (8,8) size 784x584
      RenderBlock {P} at (0,0) size 784x18
        RenderText {#text} at (0,0) size 54x18
          text run at (0,0) width 54: "Test for "
        RenderInline {I} at (53,0) size 638x18
          RenderInline {A} at (53,0) size 305x18 [color=#0000EE]
            RenderText {#text} at (53,0) size 305x18
              text run at (53,0) width 305: "http://bugs.webkit.org/show_bug.cgi?id=15362"
          RenderText {#text} at (357,0) size 334x18
            text run at (357,0) width 5: " "
            text run at (361,0) width 330: "Safari Crashes when opening a JS TreeGrid widget"
        RenderText {#text} at (690,0) size 5x18
          text run at (690,0) width 5: "."
      RenderBlock {P} at (0,34) size 784x72
        RenderText {#text} at (0,0) size 778x72
          text run at (0,0) width 770: "The test sets up an inline parent with a child that is some kind of table part. The child gets broken off into a continuation"
          text run at (0,18) width 778: "and anonymous table parts get created below and/or above the table parts. Then the test tries to insert a new child into the"
          text run at (0,36) width 760: "inline, specifying the table part as the \"before child\". The resulting render tree should look just like it would look if the"
          text run at (0,54) width 124: "parent was a block."
      RenderBlock {DIV} at (0,122) size 784x18
        RenderInline {SPAN} at (0,0) size 234x18
          RenderText {#text} at (0,0) size 41x18
            text run at (0,0) width 41: "Text..."
          RenderText {#text} at (40,0) size 89x18
            text run at (40,0) width 89: "goes here and"
          RenderTable at (128,0) size 106x18
            RenderTableSection (anonymous) at (0,0) size 105x18
              RenderTableRow (anonymous) at (0,0) size 105x18
                RenderTableCell {DIV} at (0,0) size 105x18 [r=0 c=0 rs=1 cs=1]
                  RenderText {#text} at (0,0) size 105x18
                    text run at (0,0) width 105: "...continues here"
      RenderBlock {DIV} at (0,140) size 784x18
        RenderInline {SPAN} at (0,0) size 146x18
          RenderText {#text} at (0,0) size 41x18
            text run at (0,0) width 41: "Text..."
          RenderTable at (40,0) size 106x18
            RenderTableSection (anonymous) at (0,0) size 105x18
              RenderTableRow (anonymous) at (0,0) size 105x18
                RenderTableCell {TD} at (0,14) size 0x0 [r=0 c=0 rs=1 cs=1]
                RenderTableCell {DIV} at (0,0) size 105x18 [r=0 c=1 rs=1 cs=1]
                  RenderText {#text} at (0,0) size 105x18
                    text run at (0,0) width 105: "...continues here"
      RenderBlock {DIV} at (0,158) size 784x22
        RenderInline {SPAN} at (0,4) size 146x18
          RenderText {#text} at (0,4) size 41x18
            text run at (0,4) width 41: "Text..."
          RenderTable at (40,0) size 106x18
            RenderTableSection (anonymous) at (0,0) size 105x18
              RenderTableRow {TR} at (0,0) size 105x0
              RenderTableRow (anonymous) at (0,0) size 105x18
                RenderTableCell {DIV} at (0,0) size 105x18 [r=1 c=0 rs=1 cs=1]
                  RenderText {#text} at (0,0) size 105x18
                    text run at (0,0) width 105: "...continues here"
      RenderBlock {DIV} at (0,180) size 784x18
        RenderInline {SPAN} at (0,0) size 146x18
          RenderText {#text} at (0,0) size 41x18
            text run at (0,0) width 41: "Text..."
          RenderInline {SPAN} at (40,0) size 0x18
          RenderTable at (40,0) size 106x18
            RenderTableSection (anonymous) at (0,0) size 105x18
              RenderTableRow (anonymous) at (0,0) size 105x18
                RenderTableCell {DIV} at (0,0) size 105x18 [r=0 c=0 rs=1 cs=1]
                  RenderText {#text} at (0,0) size 105x18
                    text run at (0,0) width 105: "...continues here"
      RenderBlock {DIV} at (0,198) size 784x36
        RenderBlock (anonymous) at (0,0) size 784x18
          RenderInline {SPAN} at (0,0) size 41x18
            RenderText {#text} at (0,0) size 41x18
              text run at (0,0) width 41: "Text..."
        RenderBlock (anonymous) at (0,18) size 784x0
          RenderBlock {DIV} at (0,0) size 784x0
        RenderBlock (anonymous) at (0,18) size 784x18
          RenderInline {SPAN} at (0,0) size 105x18
            RenderTable at (0,0) size 105x18
              RenderTableSection (anonymous) at (0,0) size 105x18
                RenderTableRow (anonymous) at (0,0) size 105x18
                  RenderTableCell {DIV} at (0,0) size 105x18 [r=0 c=0 rs=1 cs=1]
                    RenderText {#text} at (0,0) size 105x18
                      text run at (0,0) width 105: "...continues here"
      RenderBlock {DIV} at (0,234) size 784x18
        RenderInline {SPAN} at (0,0) size 234x18
          RenderText {#text} at (0,0) size 41x18
            text run at (0,0) width 41: "Text..."
          RenderText {#text} at (40,0) size 89x18
            text run at (40,0) width 89: "goes here and"
          RenderTable at (128,0) size 106x18
            RenderTableSection (anonymous) at (0,0) size 105x18
              RenderTableRow {DIV} at (0,0) size 105x18
                RenderTableCell (anonymous) at (0,0) size 105x18 [r=0 c=0 rs=1 cs=1]
                  RenderText {#text} at (0,0) size 105x18
                    text run at (0,0) width 105: "...continues here"
      RenderBlock {DIV} at (0,252) size 784x22
        RenderInline {SPAN} at (0,4) size 146x18
          RenderText {#text} at (0,4) size 41x18
            text run at (0,4) width 41: "Text..."
          RenderTable at (40,0) size 106x18
            RenderTableSection (anonymous) at (0,0) size 105x18
              RenderTableRow (anonymous) at (0,0) size 105x0
                RenderTableCell {TD} at (0,0) size 105x0 [r=0 c=0 rs=1 cs=1]
              RenderTableRow {DIV} at (0,0) size 105x18
                RenderTableCell (anonymous) at (0,0) size 105x18 [r=1 c=0 rs=1 cs=1]
                  RenderText {#text} at (0,0) size 105x18
                    text run at (0,0) width 105: "...continues here"
      RenderBlock {DIV} at (0,274) size 784x22
        RenderInline {SPAN} at (0,4) size 146x18
          RenderText {#text} at (0,4) size 41x18
            text run at (0,4) width 41: "Text..."
          RenderTable at (40,0) size 106x18
            RenderTableSection (anonymous) at (0,0) size 105x18
              RenderTableRow {TR} at (0,0) size 105x0
              RenderTableRow {DIV} at (0,0) size 105x18
                RenderTableCell (anonymous) at (0,0) size 105x18 [r=1 c=0 rs=1 cs=1]
                  RenderText {#text} at (0,0) size 105x18
                    text run at (0,0) width 105: "...continues here"
      RenderBlock {DIV} at (0,296) size 784x18
        RenderInline {SPAN} at (0,0) size 146x18
          RenderText {#text} at (0,0) size 41x18
            text run at (0,0) width 41: "Text..."
          RenderInline {SPAN} at (40,0) size 0x18
          RenderTable at (40,0) size 106x18
            RenderTableSection (anonymous) at (0,0) size 105x18
              RenderTableRow {DIV} at (0,0) size 105x18
                RenderTableCell (anonymous) at (0,0) size 105x18 [r=0 c=0 rs=1 cs=1]
                  RenderText {#text} at (0,0) size 105x18
                    text run at (0,0) width 105: "...continues here"
      RenderBlock {DIV} at (0,314) size 784x36
        RenderBlock (anonymous) at (0,0) size 784x18
          RenderInline {SPAN} at (0,0) size 41x18
            RenderText {#text} at (0,0) size 41x18
              text run at (0,0) width 41: "Text..."
        RenderBlock (anonymous) at (0,18) size 784x0
          RenderBlock {DIV} at (0,0) size 784x0
        RenderBlock (anonymous) at (0,18) size 784x18
          RenderInline {SPAN} at (0,0) size 105x18
            RenderTable at (0,0) size 105x18
              RenderTableSection (anonymous) at (0,0) size 105x18
                RenderTableRow {DIV} at (0,0) size 105x18
                  RenderTableCell (anonymous) at (0,0) size 105x18 [r=0 c=0 rs=1 cs=1]
                    RenderText {#text} at (0,0) size 105x18
                      text run at (0,0) width 105: "...continues here"
      RenderBlock {DIV} at (0,350) size 784x18
        RenderInline {SPAN} at (0,0) size 234x18
          RenderText {#text} at (0,0) size 41x18
            text run at (0,0) width 41: "Text..."
          RenderText {#text} at (40,0) size 89x18
            text run at (40,0) width 89: "goes here and"
          RenderTable at (128,0) size 106x18
            RenderTableSection {DIV} at (0,0) size 105x18
              RenderTableRow (anonymous) at (0,0) size 105x18
                RenderTableCell (anonymous) at (0,0) size 105x18 [r=0 c=0 rs=1 cs=1]
                  RenderText {#text} at (0,0) size 105x18
                    text run at (0,0) width 105: "...continues here"
      RenderBlock {DIV} at (0,368) size 784x22
        RenderInline {SPAN} at (0,4) size 146x18
          RenderText {#text} at (0,4) size 41x18
            text run at (0,4) width 41: "Text..."
          RenderTable at (40,0) size 106x18
            RenderTableSection (anonymous) at (0,0) size 105x0
              RenderTableRow (anonymous) at (0,0) size 105x0
                RenderTableCell {TD} at (0,0) size 105x0 [r=0 c=0 rs=1 cs=1]
            RenderTableSection {DIV} at (0,0) size 105x18
              RenderTableRow (anonymous) at (0,0) size 105x18
                RenderTableCell (anonymous) at (0,0) size 105x18 [r=0 c=0 rs=1 cs=1]
                  RenderText {#text} at (0,0) size 105x18
                    text run at (0,0) width 105: "...continues here"
      RenderBlock {DIV} at (0,390) size 784x22
        RenderInline {SPAN} at (0,4) size 146x18
          RenderText {#text} at (0,4) size 41x18
            text run at (0,4) width 41: "Text..."
          RenderTable at (40,0) size 106x18
            RenderTableSection (anonymous) at (0,0) size 105x0
              RenderTableRow {TR} at (0,0) size 105x0
            RenderTableSection {DIV} at (0,0) size 105x18
              RenderTableRow (anonymous) at (0,0) size 105x18
                RenderTableCell (anonymous) at (0,0) size 105x18 [r=0 c=0 rs=1 cs=1]
                  RenderText {#text} at (0,0) size 105x18
                    text run at (0,0) width 105: "...continues here"
      RenderBlock {DIV} at (0,412) size 784x18
        RenderInline {SPAN} at (0,0) size 146x18
          RenderText {#text} at (0,0) size 41x18
            text run at (0,0) width 41: "Text..."
          RenderInline {SPAN} at (40,0) size 0x18
          RenderTable at (40,0) size 106x18
            RenderTableSection {DIV} at (0,0) size 105x18
              RenderTableRow (anonymous) at (0,0) size 105x18
                RenderTableCell (anonymous) at (0,0) size 105x18 [r=0 c=0 rs=1 cs=1]
                  RenderText {#text} at (0,0) size 105x18
                    text run at (0,0) width 105: "...continues here"
      RenderBlock {DIV} at (0,430) size 784x36
        RenderBlock (anonymous) at (0,0) size 784x18
          RenderInline {SPAN} at (0,0) size 41x18
            RenderText {#text} at (0,0) size 41x18
              text run at (0,0) width 41: "Text..."
        RenderBlock (anonymous) at (0,18) size 784x0
          RenderBlock {DIV} at (0,0) size 784x0
        RenderBlock (anonymous) at (0,18) size 784x18
          RenderInline {SPAN} at (0,0) size 105x18
            RenderTable at (0,0) size 105x18
              RenderTableSection {DIV} at (0,0) size 105x18
                RenderTableRow (anonymous) at (0,0) size 105x18
                  RenderTableCell (anonymous) at (0,0) size 105x18 [r=0 c=0 rs=1 cs=1]
                    RenderText {#text} at (0,0) size 105x18
                      text run at (0,0) width 105: "...continues here"
