layer at (0,0) size 800x600
  RenderView at (0,0) size 800x600
layer at (0,0) size 800x600
  RenderBlock {HTML} at (0,0) size 800x600
    RenderBody {BODY} at (8,8) size 784x584
      RenderBlock {P} at (0,0) size 784x18
        RenderText {#text} at (0,0) size 49x18
          text run at (0,0) width 49: "test for "
        RenderInline {A} at (0,0) size 57x18 [color=#0000EE]
          RenderText {#text} at (48,0) size 57x18
            text run at (48,0) width 57: "4110775"
        RenderText {#text} at (104,0) size 479x18
          text run at (104,0) width 479: " Crash will occur when double-clicking outerHTML link on W3 DOM test"
      RenderBlock {P} at (0,34) size 784x0
      RenderBlock {DIV} at (0,34) size 784x18
        RenderText {#text} at (0,0) size 593x18
          text run at (0,0) width 461: "This test passed. We don't support outerHTML on the document object. "
          text run at (460,0) width 133: "Neither does WinIE."
