layer at (0,0) size 800x600
  RenderView at (0,0) size 800x600
layer at (0,0) size 800x600
  RenderBlock {HTML} at (0,0) size 800x600
    RenderBody {BODY} at (8,8) size 784x584
      RenderBlock {DIV} at (0,0) size 100x100 [bgcolor=#FF0000]
        RenderText {#text} at (0,0) size 99x54
          text run at (0,0) width 98: "You should not"
          text run at (0,18) width 99: "see this. Resize"
          text run at (0,36) width 79: "the window."
layer at (8,8) size 100x122
  RenderBlock (positioned) {DIV} at (0,0) size 100x122
    RenderBlock {DIV} at (0,0) size 100x100 [bgcolor=#008000]
    RenderBlock (anonymous) at (0,100) size 100x22
      RenderButton {BUTTON} at (2,2) size 51x18 [color=#000000D8] [bgcolor=#C0C0C0] [border: none (2px outset #C0C0C0) none (2px outset #C0C0C0)]
        RenderBlock (anonymous) at (8,2) size 35x13
          RenderText {#text} at (0,0) size 35x13
            text run at (0,0) width 35: "Button"
      RenderText {#text} at (0,0) size 0x0
