layer at (0,0) size 785x862
  RenderView at (0,0) size 785x600
layer at (0,0) size 785x862
  RenderBlock {HTML} at (0,0) size 785x862
    RenderBody {BODY} at (8,8) size 769x846
      RenderTable {TABLE} at (0,0) size 769x846 [border: (5px outset #808080)]
        RenderTableSection {TBODY} at (5,5) size 759x836
          RenderTableRow {TR} at (0,2) size 759x832
            RenderTableCell {TD} at (2,416) size 725x4 [border: (1px inset #808080)] [r=0 c=0 rs=1 cs=1]
            RenderTableCell {TD} at (729,2) size 28x832 [border: (1px inset #808080)] [r=0 c=1 rs=1 cs=1]
              RenderInline {A} at (0,0) size 16x35 [color=#0000EE]
                RenderText {#text} at (2,2) size 16x35
                  text run at (2,2) width 16: "\x{5CA1}"
                  text run at (2,20) width 16: "\x{5C71}"
              RenderText {#text} at (2,38) size 16x17
                text run at (2,38) width 16: "\x{FF5C}"
              RenderInline {A} at (0,0) size 16x35 [color=#0000EE]
                RenderText {#text} at (2,56) size 16x35
                  text run at (2,56) width 16: "\x{5E83}"
                  text run at (2,74) width 16: "\x{5CF6}"
              RenderText {#text} at (2,92) size 16x17
                text run at (2,92) width 16: "\x{FF5C}"
              RenderInline {A} at (0,0) size 16x35 [color=#0000EE]
                RenderText {#text} at (2,110) size 16x35
                  text run at (2,110) width 16: "\x{5C71}"
                  text run at (2,128) width 16: "\x{53E3}"
              RenderText {#text} at (2,146) size 16x17
                text run at (2,146) width 16: "\x{FF5C}"
              RenderInline {A} at (0,0) size 16x35 [color=#0000EE]
                RenderText {#text} at (2,164) size 16x35
                  text run at (2,164) width 16: "\x{5FB3}"
                  text run at (2,182) width 16: "\x{5CF6}"
              RenderText {#text} at (2,200) size 16x17
                text run at (2,200) width 16: "\x{FF5C}"
              RenderInline {A} at (0,0) size 16x35 [color=#0000EE]
                RenderText {#text} at (2,218) size 16x35
                  text run at (2,218) width 16: "\x{9999}"
                  text run at (2,236) width 16: "\x{5DDD}"
              RenderText {#text} at (2,254) size 16x17
                text run at (2,254) width 16: "\x{FF5C}"
              RenderInline {A} at (0,0) size 16x35 [color=#0000EE]
                RenderText {#text} at (2,272) size 16x35
                  text run at (2,272) width 16: "\x{611B}"
                  text run at (2,290) width 16: "\x{5A9B}"
              RenderText {#text} at (2,308) size 16x17
                text run at (2,308) width 16: "\x{FF5C}"
              RenderInline {A} at (0,0) size 16x35 [color=#0000EE]
                RenderText {#text} at (2,326) size 16x35
                  text run at (2,326) width 16: "\x{9AD8}"
                  text run at (2,344) width 16: "\x{77E5}"
              RenderText {#text} at (2,362) size 16x17
                text run at (2,362) width 16: "\x{FF5C}"
              RenderInline {A} at (0,0) size 24x89 [color=#0000EE]
                RenderText {#text} at (2,380) size 24x89
                  text run at (2,380) width 16: "\x{798F}"
                  text run at (2,398) width 24: "\x{5CA1}\x{30FB}"
                  text run at (2,416) width 16: "\x{5317}"
                  text run at (2,434) width 16: "\x{4E5D}"
                  text run at (2,452) width 16: "\x{5DDE}"
              RenderText {#text} at (2,470) size 16x17
                text run at (2,470) width 16: "\x{FF5C}"
              RenderInline {A} at (0,0) size 16x35 [color=#0000EE]
                RenderText {#text} at (2,488) size 16x35
                  text run at (2,488) width 16: "\x{4F50}"
                  text run at (2,506) width 16: "\x{8CC0}"
              RenderText {#text} at (2,524) size 16x17
                text run at (2,524) width 16: "\x{FF5C}"
              RenderInline {A} at (0,0) size 16x35 [color=#0000EE]
                RenderText {#text} at (2,542) size 16x35
                  text run at (2,542) width 16: "\x{9577}"
                  text run at (2,560) width 16: "\x{5D0E}"
              RenderText {#text} at (2,578) size 16x17
                text run at (2,578) width 16: "\x{FF5C}"
              RenderInline {A} at (0,0) size 16x35 [color=#0000EE]
                RenderText {#text} at (2,596) size 16x35
                  text run at (2,596) width 16: "\x{718A}"
                  text run at (2,614) width 16: "\x{672C}"
              RenderText {#text} at (2,632) size 16x17
                text run at (2,632) width 16: "\x{FF5C}"
              RenderInline {A} at (0,0) size 16x35 [color=#0000EE]
                RenderText {#text} at (2,650) size 16x35
                  text run at (2,650) width 16: "\x{5927}"
                  text run at (2,668) width 16: "\x{5206}"
              RenderText {#text} at (2,686) size 16x17
                text run at (2,686) width 16: "\x{FF5C}"
              RenderInline {A} at (0,0) size 16x35 [color=#0000EE]
                RenderText {#text} at (2,704) size 16x35
                  text run at (2,704) width 16: "\x{5BAE}"
                  text run at (2,722) width 16: "\x{5D0E}"
              RenderText {#text} at (2,740) size 16x17
                text run at (2,740) width 16: "\x{FF5C}"
              RenderInline {A} at (0,0) size 16x53 [color=#0000EE]
                RenderText {#text} at (2,758) size 16x53
                  text run at (2,758) width 16: "\x{9E7F}"
                  text run at (2,776) width 16: "\x{5150}"
                  text run at (2,794) width 16: "\x{5CF6}"
              RenderText {#text} at (2,812) size 16x17
                text run at (2,812) width 16: "\x{FF5C}"
