layer at (0,0) size 800x600
  RenderView at (0,0) size 800x600
layer at (0,0) size 800x600
  RenderBlock {HTML} at (0,0) size 800x600
    RenderBody {BODY} at (8,8) size 784x576
      RenderBlock (anonymous) at (0,0) size 784x36
        RenderText {#text} at (0,0) size 755x35
          text run at (0,0) width 464: "The following tests text iteration over RTL text embedded with LTR text. "
          text run at (464,0) width 291: "TextIterators are used for find, spellcheck, and"
          text run at (0,18) width 64: ".innerText"
      RenderBlock (anonymous) at (0,54) size 784x18
        RenderText {#text} at (0,0) size 134x17
          text run at (0,0) width 134: "Embedded Numbers:"
      RenderBlock {DIV} at (0,72) size 784x18 [color=#0000FF]
        RenderText {#text} at (0,0) size 108x17
          text run at (0,0) width 56: "Testing ("
          text run at (55,0) width 13 RTL: "\x{5DF}\x{5DE}"
          text run at (67,0) width 9: "3"
          text run at (75,0) width 28 RTL: "\x{5D7}\x{5D5}\x{5D3}\x{5D0}"
          text run at (102,0) width 6: ")"
      RenderBlock (anonymous) at (0,90) size 784x18
        RenderText {#text} at (0,0) size 105x17
          text run at (0,0) width 105: "Embedded LTR:"
      RenderBlock {DIV} at (0,108) size 784x18 [color=#0000FF]
        RenderText {#text} at (0,0) size 131x17
          text run at (0,0) width 56: "Testing ("
          text run at (55,0) width 28 RTL: "\x{5D7}\x{5D5}\x{5D3}\x{5D0}"
          text run at (82,0) width 32: "hello"
          text run at (113,0) width 13 RTL: "\x{5DF}\x{5DE}"
          text run at (125,0) width 6: ")"
      RenderBlock (anonymous) at (0,126) size 784x18
        RenderText {#text} at (0,0) size 190x17
          text run at (0,0) width 190: "Embedded Numbers and LTR"
      RenderBlock {DIV} at (0,144) size 784x18 [color=#0000FF]
        RenderText {#text} at (0,0) size 128x17
          text run at (0,0) width 56: "Testing ("
          text run at (55,0) width 25 RTL: "\x{5E7}\x{5E7}\x{5E8}"
          text run at (79,0) width 9: "3"
          text run at (87,0) width 28 RTL: "\x{5D9}\x{5E7}\x{5DD}\x{5DC}"
          text run at (114,0) width 14: "h)"
      RenderBlock (anonymous) at (0,162) size 784x18
        RenderText {#text} at (0,0) size 218x17
          text run at (0,0) width 218: "Embedded Numbers with spacing:"
      RenderBlock {DIV} at (0,180) size 784x18 [color=#0000FF]
        RenderText {#text} at (0,0) size 233x17
          text run at (0,0) width 56: "Testing ("
          text run at (55,0) width 32 RTL: " \x{5D7}\x{5D5}\x{5D3}\x{5D0}"
          text run at (86,0) width 25: "300"
          text run at (110,0) width 44 RTL: "\x{5D7}\x{5D5}\x{5D3}\x{5D0}\x{5DF}\x{5DE} "
          text run at (153,0) width 41: "34023"
          text run at (193,0) width 35 RTL: "\x{5D9}\x{5E7}\x{5DA}\x{5DA}\x{5DD}"
          text run at (227,0) width 6: ")"
      RenderBlock (anonymous) at (0,198) size 784x18
        RenderText {#text} at (0,0) size 69x17
          text run at (0,0) width 69: "Plain LTR:"
      RenderBlock {DIV} at (0,216) size 784x18 [color=#0000FF]
        RenderText {#text} at (0,0) size 91x17
          text run at (0,0) width 91: "Testing (hello)"
      RenderBlock (anonymous) at (0,234) size 784x18
        RenderText {#text} at (0,0) size 189x17
          text run at (0,0) width 189: "Embedded LTR with spacing:"
      RenderBlock {DIV} at (0,252) size 784x18 [color=#0000FF]
        RenderText {#text} at (0,0) size 169x17
          text run at (0,0) width 56: "Testing ("
          text run at (55,0) width 54 RTL: "\x{5D7}\x{5D5}\x{5D3}\x{5D9}\x{5E7}\x{5DA}\x{5DA}\x{5DD}"
          text run at (108,0) width 40: " hello "
          text run at (147,0) width 17 RTL: "\x{5DF}\x{5DE}\x{5D9}"
          text run at (163,0) width 6: ")"
      RenderBlock (anonymous) at (0,270) size 784x18
        RenderText {#text} at (0,0) size 162x17
          text run at (0,0) width 162: "Mixed but not embedded:"
      RenderBlock {DIV} at (0,288) size 784x18 [color=#0000FF]
        RenderText {#text} at (0,0) size 123x17
          text run at (0,0) width 86: "Testing (hello"
          text run at (86,0) width 31 RTL: "\x{5D7}\x{5D5}\x{5D3}\x{5DF}\x{5DE}"
          text run at (117,0) width 6: ")"
      RenderBlock (anonymous) at (0,306) size 784x18
        RenderText {#text} at (0,0) size 162x17
          text run at (0,0) width 162: "Mixed but not embedded:"
      RenderBlock {DIV} at (0,324) size 784x18 [color=#0000FF]
        RenderText {#text} at (0,0) size 123x17
          text run at (0,0) width 56: "Testing ("
          text run at (55,0) width 32 RTL: "\x{5D7}\x{5D5}\x{5D3}\x{5DF}\x{5DE}"
          text run at (86,0) width 37: "hello)"
      RenderBlock {OL} at (0,358) size 784x0
layer at (8,52) size 784x2 clip at (0,0) size 0x0
  RenderBlock {HR} at (0,44) size 784x2 [color=#808080] [border: (1px inset #808080)]
