layer at (0,0) size 800x600
  RenderView at (0,0) size 800x600
layer at (0,0) size 800x600
  RenderBlock {HTML} at (0,0) size 800x600
    RenderBody {BODY} at (8,8) size 784x584
      RenderBlock {P} at (0,0) size 784x18
        RenderText {#text} at (464,0) size 320x18
          text run at (464,0) width 320: "This test tests bidi mirroring in Hebrew and Arabic"
      RenderBlock {P} at (0,34) size 784x18
        RenderText {#text} at (327,0) size 457x18
          text run at (327,0) width 457: "The parenthesis should be displayed as \"(...)...\" visually from left to right"
      RenderBlock {DIV} at (0,68) size 784x18
        RenderText {#text} at (752,0) size 32x18
          text run at (752,0) width 32 RTL: "\x{5E9}(\x{5E9})"
      RenderBlock {DIV} at (0,86) size 784x20
        RenderText {#text} at (762,2) size 22x18
          text run at (762,2) width 22 RTL: "\x{5C6}(\x{5C6})"
      RenderBlock {DIV} at (0,106) size 784x18
        RenderText {#text} at (758,0) size 26x18
          text run at (758,0) width 26 RTL: "\x{644}(\x{644})"
