layer at (0,0) size 800x600
  RenderView at (0,0) size 800x600
layer at (0,0) size 800x344
  RenderBlock {HTML} at (0,0) size 800x344
    RenderBody {BODY} at (8,16) size 784x320
      RenderBlock {P} at (0,0) size 784x18
        RenderText {#text} at (0,0) size 311x18
          text run at (0,0) width 311: "All rows should be identical to the reference row."
      RenderTable {TABLE} at (0,34) size 578x113 [border: none]
        RenderTableSection {TBODY} at (0,0) size 577x112
          RenderTableRow {TR} at (0,0) size 577x28
            RenderTableCell {TD} at (0,0) size 97x28 [border: (1px solid #008000)] [r=0 c=0 rs=1 cs=1]
              RenderText {#text} at (29,5) size 64x19
                text run at (29,6) width 64: "Reference"
            RenderTableCell {TD} at (97,0) size 240x28 [border: (1px solid #008000)] [r=0 c=1 rs=1 cs=1]
              RenderText {#text} at (5,6) size 231x18
                text run at (5,6) width 42: "abcdef"
                text run at (47,6) width 27 RTL: "\x{5D0}\x{5D1}\x{5D2}"
                text run at (73,6) width 41: "ghijkl "
                text run at (113,6) width 51 RTL: "\x{5D6}\x{5D7}\x{5D8}\x{5D9}\x{5DB}\x{5DC}"
                text run at (163,6) width 23: "abc"
                text run at (185,6) width 51 RTL: "\x{5D0}\x{5D1}\x{5D2}\x{5D3}\x{5D4}\x{5D5}"
            RenderTableCell {TD} at (336,0) size 241x28 [border: (1px solid #008000)] [r=0 c=2 rs=1 cs=1]
              RenderText {#text} at (5,6) size 231x18
                text run at (5,6) width 50 RTL: "\x{5D6}\x{5D7}\x{5D8}\x{5D9}\x{5DB}\x{5DC}"
                text run at (54,6) width 23: "abc"
                text run at (76,6) width 52 RTL: "\x{5D0}\x{5D1}\x{5D2}\x{5D3}\x{5D4}\x{5D5}"
                text run at (127,6) width 5 RTL: " "
                text run at (131,6) width 43: "abcdef"
                text run at (173,6) width 27 RTL: "\x{5D0}\x{5D1}\x{5D2}"
                text run at (199,6) width 37: "ghijkl"
          RenderTableRow {TR} at (0,28) size 577x28
            RenderTableCell {TD} at (0,28) size 97x28 [border: (1px solid #008000)] [r=1 c=0 rs=1 cs=1]
              RenderText {#text} at (8,5) size 85x19
                text run at (8,6) width 85: "CSS, siblings"
            RenderTableCell {TD} at (97,28) size 240x28 [border: (1px solid #008000)] [r=1 c=1 rs=1 cs=1]
              RenderText {#text} at (5,6) size 22x18
                text run at (5,6) width 22: "abc"
              RenderInline {SPAN} at (0,0) size 67x18
                RenderText {#text} at (27,6) size 67x18
                  text run at (27,6) width 67 RTL: "ihg\x{5D0}\x{5D1}\x{5D2}fed"
              RenderText {#text} at (93,6) size 143x18
                text run at (93,6) width 21: "jkl "
                text run at (209,6) width 27 RTL: "\x{5D0}\x{5D1}\x{5D2}"
              RenderInline {SPAN} at (0,0) size 75x18
                RenderText {#text} at (135,6) size 75x18
                  text run at (135,6) width 75: "\x{5D8}\x{5D7}\x{5D6}abc\x{5D5}\x{5D4}\x{5D3}"
              RenderText {#text} at (113,6) size 23x18
                text run at (113,6) width 23 RTL: "\x{5D9}\x{5DB}\x{5DC}"
            RenderTableCell {TD} at (336,28) size 241x28 [border: (1px solid #008000)] [r=1 c=2 rs=1 cs=1]
              RenderText {#text} at (131,6) size 23x18
                text run at (131,6) width 23: "abc"
              RenderInline {SPAN} at (0,0) size 67x18
                RenderText {#text} at (153,6) size 67x18
                  text run at (153,6) width 67 RTL: "ihg\x{5D0}\x{5D1}\x{5D2}fed"
              RenderText {#text} at (101,6) size 135x18
                text run at (101,6) width 31 RTL: " \x{5D0}\x{5D1}\x{5D2}"
                text run at (219,6) width 17: "jkl"
              RenderInline {SPAN} at (0,0) size 75x18
                RenderText {#text} at (27,6) size 75x18
                  text run at (27,6) width 75: "\x{5D8}\x{5D7}\x{5D6}abc\x{5D5}\x{5D4}\x{5D3}"
              RenderText {#text} at (5,6) size 23x18
                text run at (5,6) width 23 RTL: "\x{5D9}\x{5DB}\x{5DC}"
          RenderTableRow {TR} at (0,56) size 577x28
            RenderTableCell {TD} at (0,56) size 97x28 [border: (1px solid #008000)] [r=2 c=0 rs=1 cs=1]
              RenderText {#text} at (5,5) size 88x19
                text run at (5,6) width 88: "CSS, children"
            RenderTableCell {TD} at (97,56) size 240x28 [border: (1px solid #008000)] [r=2 c=1 rs=1 cs=1]
              RenderInline {SPAN} at (0,0) size 105x18
                RenderText {#text} at (5,6) size 22x18
                  text run at (5,6) width 22: "abc"
                RenderInline {SPAN} at (0,0) size 67x18
                  RenderText {#text} at (27,6) size 67x18
                    text run at (27,6) width 67 RTL: "ihg\x{5D0}\x{5D1}\x{5D2}fed"
                RenderText {#text} at (93,6) size 17x18
                  text run at (93,6) width 17: "jkl"
              RenderText {#text} at (109,6) size 5x18
                text run at (109,6) width 5: " "
              RenderInline {SPAN} at (0,0) size 123x18
                RenderText {#text} at (209,6) size 27x18
                  text run at (209,6) width 27 RTL: "\x{5D0}\x{5D1}\x{5D2}"
                RenderInline {SPAN} at (0,0) size 75x18
                  RenderText {#text} at (135,6) size 75x18
                    text run at (135,6) width 75: "\x{5D8}\x{5D7}\x{5D6}abc\x{5D5}\x{5D4}\x{5D3}"
                RenderText {#text} at (113,6) size 23x18
                  text run at (113,6) width 23 RTL: "\x{5D9}\x{5DB}\x{5DC}"
            RenderTableCell {TD} at (336,56) size 241x28 [border: (1px solid #008000)] [r=2 c=2 rs=1 cs=1]
              RenderInline {SPAN} at (0,0) size 105x18
                RenderText {#text} at (131,6) size 23x18
                  text run at (131,6) width 23: "abc"
                RenderInline {SPAN} at (0,0) size 67x18
                  RenderText {#text} at (153,6) size 67x18
                    text run at (153,6) width 67 RTL: "ihg\x{5D0}\x{5D1}\x{5D2}fed"
                RenderText {#text} at (219,6) size 17x18
                  text run at (219,6) width 17: "jkl"
              RenderText {#text} at (127,6) size 5x18
                text run at (127,6) width 5 RTL: " "
              RenderInline {SPAN} at (0,0) size 123x18
                RenderText {#text} at (101,6) size 27x18
                  text run at (101,6) width 27 RTL: "\x{5D0}\x{5D1}\x{5D2}"
                RenderInline {SPAN} at (0,0) size 75x18
                  RenderText {#text} at (27,6) size 75x18
                    text run at (27,6) width 75: "\x{5D8}\x{5D7}\x{5D6}abc\x{5D5}\x{5D4}\x{5D3}"
                RenderText {#text} at (5,6) size 23x18
                  text run at (5,6) width 23 RTL: "\x{5D9}\x{5DB}\x{5DC}"
          RenderTableRow {TR} at (0,84) size 577x28
            RenderTableCell {TD} at (0,84) size 97x28 [border: (1px solid #008000)] [r=3 c=0 rs=1 cs=1]
              RenderText {#text} at (39,5) size 54x19
                text run at (39,6) width 54: "Unicode"
            RenderTableCell {TD} at (97,84) size 240x28 [border: (1px solid #008000)] [r=3 c=1 rs=1 cs=1]
              RenderText {#text} at (5,6) size 231x18
                text run at (5,6) width 22: "abc"
                text run at (27,6) width 67 RTL: "\x{202E}ihg\x{5D0}\x{5D1}\x{5D2}fed"
                text run at (93,6) width 21: "\x{202C}jkl "
                text run at (113,6) width 23 RTL: "\x{202C}\x{5D9}\x{5DB}\x{5DC}"
                text run at (135,6) width 75: "\x{202D}\x{5D8}\x{5D7}\x{5D6}abc\x{5D5}\x{5D4}\x{5D3}"
                text run at (209,6) width 27 RTL: "\x{5D0}\x{5D1}\x{5D2}"
            RenderTableCell {TD} at (336,84) size 241x28 [border: (1px solid #008000)] [r=3 c=2 rs=1 cs=1]
              RenderText {#text} at (5,6) size 231x18
                text run at (5,6) width 23 RTL: "\x{202C}\x{5D9}\x{5DB}\x{5DC}"
                text run at (27,6) width 75: "\x{202D}\x{5D8}\x{5D7}\x{5D6}abc\x{5D5}\x{5D4}\x{5D3}"
                text run at (101,6) width 27 RTL: "\x{5D0}\x{5D1}\x{5D2}"
                text run at (127,6) width 5 RTL: " "
                text run at (131,6) width 23: "abc"
                text run at (153,6) width 67 RTL: "\x{202E}ihg\x{5D0}\x{5D1}\x{5D2}fed"
                text run at (219,6) width 17: "\x{202C}jkl"
      RenderBlock {P} at (0,163) size 784x18
        RenderText {#text} at (0,0) size 387x18
          text run at (0,0) width 387: "The CSS column should be identical to the reference column."
      RenderTable {TABLE} at (0,197) size 265x123 [border: none]
        RenderTableSection {TBODY} at (0,0) size 264x122
          RenderTableRow {TR} at (0,0) size 264x27
            RenderTableCell {TD} at (0,0) size 132x27 [border: (1px solid #008000)] [r=0 c=0 rs=1 cs=1]
              RenderText {#text} at (34,5) size 65x18
                text run at (34,5) width 65: "Reference"
            RenderTableCell {TD} at (131,0) size 133x27 [border: (1px solid #008000)] [r=0 c=1 rs=1 cs=1]
              RenderText {#text} at (51,5) size 30x18
                text run at (51,5) width 30: "CSS"
          RenderTableRow {TR} at (0,27) size 264x95
            RenderTableCell {TD} at (0,27) size 132x95 [border: (1px solid #008000)] [r=1 c=0 rs=1 cs=1]
              RenderBlock {P} at (5,21) size 123x19
                RenderText {#text} at (9,1) size 105x18
                  text run at (9,1) width 43: "abcdef"
                  text run at (51,1) width 27 RTL: "\x{5D0}\x{5D1}\x{5D2}"
                  text run at (77,1) width 37: "ghijkl"
              RenderBlock {P} at (5,56) size 123x19
                RenderText {#text} at (0,1) size 123x18
                  text run at (0,1) width 50 RTL: "\x{5D6}\x{5D7}\x{5D8}\x{5D9}\x{5DB}\x{5DC}"
                  text run at (49,1) width 23: "abc"
                  text run at (71,1) width 52 RTL: "\x{5D0}\x{5D1}\x{5D2}\x{5D3}\x{5D4}\x{5D5}"
            RenderTableCell {TD} at (131,27) size 133x95 [border: (1px solid #008000)] [r=1 c=1 rs=1 cs=1]
              RenderBlock {P} at (5,21) size 123x19
                RenderText {#text} at (9,1) size 105x18
                  text run at (9,1) width 105 RTL: "lkjihg\x{5D0}\x{5D1}\x{5D2}fedcba"
              RenderBlock {P} at (5,56) size 123x19
                RenderText {#text} at (0,1) size 123x18
                  text run at (0,1) width 123: "\x{5DC}\x{5DB}\x{5D9}\x{5D8}\x{5D7}\x{5D6}abc\x{5D5}\x{5D4}\x{5D3}\x{5D2}\x{5D1}\x{5D0}"
