layer at (0,0) size 800x600
  RenderView at (0,0) size 800x600
layer at (0,0) size 800x600
  RenderBlock {HTML} at (0,0) size 800x600
    RenderBody {BODY} at (8,8) size 784x584
      RenderBlock {P} at (0,0) size 784x36
        RenderText {#text} at (0,0) size 451x18
          text run at (0,0) width 451: "This tests that bidirectional text is correctly rendered in list box controls."
        RenderBR {BR} at (451,14) size 0x0
        RenderText {#text} at (0,18) size 566x18
          text run at (0,18) width 566: "The order of the text below each list box should match the order of the select's option text."
      RenderBlock (anonymous) at (0,52) size 784x83
        RenderText {#text} at (0,0) size 97x18
          text run at (0,0) width 97: "1) direction: rtl;"
        RenderBR {BR} at (97,14) size 0x0
        RenderListBox {SELECT} at (0,18) size 89x65 [bgcolor=#FFFFFF] [border: (1px inset #808080)]
        RenderBR {BR} at (89,76) size 0x0
      RenderBlock {DIV} at (0,135) size 100x19
        RenderText {#text} at (18,1) size 82x18
          text run at (18,1) width 60 RTL: "\x{5D0}\x{5E4}\x{5E8}\x{5E1}\x{5DE}\x{5D5}\x{5DF}"
          text run at (78,1) width 22: "abc"
      RenderBlock (anonymous) at (0,154) size 784x101
        RenderBR {BR} at (0,0) size 0x18
        RenderText {#text} at (0,18) size 97x18
          text run at (0,18) width 97: "2) direction: ltr;"
        RenderBR {BR} at (97,32) size 0x0
        RenderListBox {SELECT} at (0,36) size 89x65 [bgcolor=#FFFFFF] [border: (1px inset #808080)]
        RenderBR {BR} at (89,94) size 0x0
      RenderBlock {DIV} at (0,255) size 100x19
        RenderText {#text} at (0,1) size 82x18
          text run at (0,1) width 22: "abc"
          text run at (22,1) width 60 RTL: "\x{5D0}\x{5E4}\x{5E8}\x{5E1}\x{5DE}\x{5D5}\x{5DF}"
      RenderBlock (anonymous) at (0,274) size 784x101
        RenderBR {BR} at (0,0) size 0x18
        RenderText {#text} at (0,18) size 70x18
          text run at (0,18) width 70: "3) No style"
        RenderBR {BR} at (70,32) size 0x0
        RenderListBox {SELECT} at (0,36) size 89x65 [bgcolor=#FFFFFF] [border: (1px inset #808080)]
        RenderBR {BR} at (89,94) size 0x0
      RenderBlock {DIV} at (0,375) size 100x19
        RenderText {#text} at (0,1) size 82x18
          text run at (0,1) width 22: "abc"
          text run at (22,1) width 60 RTL: "\x{5D0}\x{5E4}\x{5E8}\x{5E1}\x{5DE}\x{5D5}\x{5DF}"
      RenderBlock (anonymous) at (0,394) size 784x18
        RenderBR {BR} at (0,0) size 0x18
