layer at (0,0) size 785x6378
  RenderView at (0,0) size 785x600
layer at (0,0) size 785x6378
  RenderBlock {HTML} at (0,0) size 785x6378
    RenderBody {BODY} at (8,8) size 769x6354
      RenderBlock {P} at (0,0) size 769x18
        RenderText {#text} at (0,0) size 300x18
          text run at (0,0) width 300: "Tests the resolved level of runs of neutral types."
      RenderBlock {DIV} at (0,34) size 769x3152
        RenderBlock {P} at (0,0) size 769x18
          RenderText {#text} at (0,0) size 43x18
            text run at (0,0) width 43: "ab(^cd"
        RenderBlock {P} at (0,34) size 769x19
          RenderText {#text} at (0,1) size 48x18
            text run at (0,1) width 20 RTL: "\x{5D0}\x{5D1}"
            text run at (19,1) width 29: "(^cd"
        RenderBlock {P} at (0,69) size 769x21
          RenderText {#text} at (0,1) size 43x18
            text run at (0,1) width 15 RTL: "\x{627}\x{628}"
            text run at (14,1) width 29: "(^cd"
        RenderBlock {P} at (0,106) size 769x18
          RenderText {#text} at (0,0) size 59x18
            text run at (0,0) width 59: "ab12(^cd"
        RenderBlock {P} at (0,140) size 769x19
          RenderText {#text} at (0,1) size 64x18
            text run at (0,1) width 16: "12"
            text run at (16,1) width 20 RTL: "\x{5D0}\x{5D1}"
            text run at (35,1) width 29: "(^cd"
        RenderBlock {P} at (0,175) size 769x21
          RenderText {#text} at (0,1) size 59x18
            text run at (0,1) width 16: "12"
            text run at (16,1) width 15 RTL: "\x{627}\x{628}"
            text run at (30,1) width 29: "(^cd"
        RenderBlock {P} at (0,212) size 769x21
          RenderText {#text} at (0,1) size 60x18
            text run at (0,1) width 15: "ab"
            text run at (15,1) width 17: "\x{661}\x{662}"
            text run at (31,1) width 29: "(^cd"
        RenderBlock {P} at (0,249) size 769x21
          RenderText {#text} at (0,1) size 65x18
            text run at (0,1) width 17: "\x{661}\x{662}"
            text run at (16,1) width 21 RTL: "\x{5D0}\x{5D1}"
            text run at (36,1) width 29: "(^cd"
        RenderBlock {P} at (0,286) size 769x21
          RenderText {#text} at (0,1) size 60x18
            text run at (0,1) width 17: "\x{661}\x{662}"
            text run at (16,1) width 16 RTL: "\x{627}\x{628}"
            text run at (31,1) width 29: "(^cd"
        RenderBlock {P} at (0,323) size 769x18
          RenderText {#text} at (0,0) size 35x18
            text run at (0,0) width 7: "\x{202A}?"
            text run at (7,0) width 28: "\x{202C}(^cd"
        RenderBlock {P} at (0,357) size 769x18
          RenderText {#text} at (0,0) size 35x18
            text run at (0,0) width 7 RTL: "\x{202B}?"
            text run at (7,0) width 28: "\x{202C}(^cd"
        RenderBlock {P} at (0,391) size 769x19
          RenderText {#text} at (0,1) size 43x18
            text run at (0,1) width 28: "ab(^"
            text run at (28,1) width 15 RTL: "\x{5D2}\x{5D3}"
        RenderBlock {P} at (0,426) size 769x19
          RenderText {#text} at (0,1) size 48x18
            text run at (0,1) width 48 RTL: "\x{5D0}\x{5D1}(^\x{5D2}\x{5D3}"
        RenderBlock {P} at (0,461) size 769x21
          RenderText {#text} at (0,1) size 43x18
            text run at (0,1) width 43 RTL: "\x{627}\x{628}(^\x{5D2}\x{5D3}"
        RenderBlock {P} at (0,498) size 769x19
          RenderText {#text} at (0,1) size 59x18
            text run at (0,1) width 44: "ab12(^"
            text run at (44,1) width 15 RTL: "\x{5D2}\x{5D3}"
        RenderBlock {P} at (0,533) size 769x19
          RenderText {#text} at (0,1) size 64x18
            text run at (0,1) width 28 RTL: "(^\x{5D2}\x{5D3}"
            text run at (27,1) width 17: "12"
            text run at (43,1) width 21 RTL: "\x{5D0}\x{5D1}"
        RenderBlock {P} at (0,568) size 769x21
          RenderText {#text} at (0,1) size 59x18
            text run at (0,1) width 28 RTL: "(^\x{5D2}\x{5D3}"
            text run at (27,1) width 17: "12"
            text run at (43,1) width 16 RTL: "\x{627}\x{628}"
        RenderBlock {P} at (0,605) size 769x21
          RenderText {#text} at (0,1) size 60x18
            text run at (0,1) width 15: "ab"
            text run at (15,1) width 28 RTL: "(^\x{5D2}\x{5D3}"
            text run at (42,1) width 18: "\x{661}\x{662}"
        RenderBlock {P} at (0,642) size 769x21
          RenderText {#text} at (0,1) size 64x18
            text run at (0,1) width 28 RTL: "(^\x{5D2}\x{5D3}"
            text run at (27,1) width 18: "\x{661}\x{662}"
            text run at (44,1) width 20 RTL: "\x{5D0}\x{5D1}"
        RenderBlock {P} at (0,679) size 769x21
          RenderText {#text} at (0,1) size 60x18
            text run at (0,1) width 28 RTL: "(^\x{5D2}\x{5D3}"
            text run at (27,1) width 18: "\x{661}\x{662}"
            text run at (44,1) width 16 RTL: "\x{627}\x{628}"
        RenderBlock {P} at (0,716) size 769x19
          RenderText {#text} at (0,1) size 35x18
            text run at (0,1) width 7: "\x{202A}?"
            text run at (7,1) width 13: "\x{202C}(^"
            text run at (20,1) width 15 RTL: "\x{5D2}\x{5D3}"
        RenderBlock {P} at (0,751) size 769x19
          RenderText {#text} at (0,1) size 35x18
            text run at (0,1) width 28 RTL: "\x{202C}(^\x{5D2}\x{5D3}"
            text run at (27,1) width 8 RTL: "\x{202B}?"
        RenderBlock {P} at (0,786) size 769x21
          RenderText {#text} at (0,1) size 45x18
            text run at (0,1) width 28: "ab(^"
            text run at (28,1) width 17 RTL: "\x{62C}\x{62F}"
        RenderBlock {P} at (0,823) size 769x21
          RenderText {#text} at (0,1) size 49x18
            text run at (0,1) width 49 RTL: "\x{5D0}\x{5D1}(^\x{62C}\x{62F}"
        RenderBlock {P} at (0,860) size 769x21
          RenderText {#text} at (0,1) size 45x18
            text run at (0,1) width 45 RTL: "\x{627}\x{628}(^\x{62C}\x{62F}"
        RenderBlock {P} at (0,897) size 769x21
          RenderText {#text} at (0,1) size 61x18
            text run at (0,1) width 44: "ab12(^"
            text run at (44,1) width 17 RTL: "\x{62C}\x{62F}"
        RenderBlock {P} at (0,934) size 769x21
          RenderText {#text} at (0,1) size 65x18
            text run at (0,1) width 30 RTL: "(^\x{62C}\x{62F}"
            text run at (29,1) width 17: "12"
            text run at (45,1) width 20 RTL: "\x{5D0}\x{5D1}"
        RenderBlock {P} at (0,971) size 769x21
          RenderText {#text} at (0,1) size 61x18
            text run at (0,1) width 30 RTL: "(^\x{62C}\x{62F}"
            text run at (29,1) width 17: "12"
            text run at (45,1) width 16 RTL: "\x{627}\x{628}"
        RenderBlock {P} at (0,1008) size 769x21
          RenderText {#text} at (0,1) size 62x18
            text run at (0,1) width 15: "ab"
            text run at (15,1) width 30 RTL: "(^\x{62C}\x{62F}"
            text run at (44,1) width 18: "\x{661}\x{662}"
        RenderBlock {P} at (0,1045) size 769x21
          RenderText {#text} at (0,1) size 66x18
            text run at (0,1) width 30 RTL: "(^\x{62C}\x{62F}"
            text run at (29,1) width 18: "\x{661}\x{662}"
            text run at (46,1) width 20 RTL: "\x{5D0}\x{5D1}"
        RenderBlock {P} at (0,1082) size 769x21
          RenderText {#text} at (0,1) size 62x18
            text run at (0,1) width 30 RTL: "(^\x{62C}\x{62F}"
            text run at (29,1) width 18: "\x{661}\x{662}"
            text run at (46,1) width 16 RTL: "\x{627}\x{628}"
        RenderBlock {P} at (0,1119) size 769x21
          RenderText {#text} at (0,1) size 37x18
            text run at (0,1) width 7: "\x{202A}?"
            text run at (7,1) width 13: "\x{202C}(^"
            text run at (20,1) width 17 RTL: "\x{62C}\x{62F}"
        RenderBlock {P} at (0,1156) size 769x21
          RenderText {#text} at (0,1) size 37x18
            text run at (0,1) width 30 RTL: "\x{202C}(^\x{62C}\x{62F}"
            text run at (29,1) width 8 RTL: "\x{202B}?"
        RenderBlock {P} at (0,1193) size 769x19
          RenderText {#text} at (0,1) size 63x18
            text run at (0,1) width 44: "ab(^34"
            text run at (44,1) width 12 RTL: "\x{5E9}"
            text run at (55,1) width 8: "z"
        RenderBlock {P} at (0,1228) size 769x19
          RenderText {#text} at (0,1) size 67x18
            text run at (0,1) width 12 RTL: "\x{5E9}"
            text run at (11,1) width 17: "34"
            text run at (27,1) width 33 RTL: "\x{5D0}\x{5D1}(^"
            text run at (59,1) width 8: "z"
        RenderBlock {P} at (0,1263) size 769x21
          RenderText {#text} at (0,1) size 63x18
            text run at (0,1) width 12 RTL: "\x{5E9}"
            text run at (11,1) width 17: "34"
            text run at (27,1) width 29 RTL: "\x{627}\x{628}(^"
            text run at (55,1) width 8: "z"
        RenderBlock {P} at (0,1300) size 769x19
          RenderText {#text} at (0,1) size 79x18
            text run at (0,1) width 60: "ab12(^34"
            text run at (60,1) width 12 RTL: "\x{5E9}"
            text run at (71,1) width 8: "z"
        RenderBlock {P} at (0,1335) size 769x19
          RenderText {#text} at (0,1) size 83x18
            text run at (0,1) width 12 RTL: "\x{5E9}"
            text run at (11,1) width 17: "34"
            text run at (27,1) width 14 RTL: "(^"
            text run at (40,1) width 17: "12"
            text run at (56,1) width 20 RTL: "\x{5D0}\x{5D1}"
            text run at (75,1) width 8: "z"
        RenderBlock {P} at (0,1370) size 769x21
          RenderText {#text} at (0,1) size 79x18
            text run at (0,1) width 12 RTL: "\x{5E9}"
            text run at (11,1) width 17: "34"
            text run at (27,1) width 14 RTL: "(^"
            text run at (40,1) width 17: "12"
            text run at (56,1) width 16 RTL: "\x{627}\x{628}"
            text run at (71,1) width 8: "z"
        RenderBlock {P} at (0,1407) size 769x21
          RenderText {#text} at (0,1) size 80x18
            text run at (0,1) width 15: "ab"
            text run at (15,1) width 17: "\x{661}\x{662}"
            text run at (31,1) width 30: "(^34"
            text run at (60,1) width 13 RTL: "\x{5E9}"
            text run at (72,1) width 8: "z"
        RenderBlock {P} at (0,1444) size 769x21
          RenderText {#text} at (0,1) size 84x18
            text run at (0,1) width 12 RTL: "\x{5E9}"
            text run at (11,1) width 17: "34"
            text run at (27,1) width 14 RTL: "(^"
            text run at (40,1) width 18: "\x{661}\x{662}"
            text run at (57,1) width 20 RTL: "\x{5D0}\x{5D1}"
            text run at (76,1) width 8: "z"
        RenderBlock {P} at (0,1481) size 769x21
          RenderText {#text} at (0,1) size 80x18
            text run at (0,1) width 12 RTL: "\x{5E9}"
            text run at (11,1) width 17: "34"
            text run at (27,1) width 14 RTL: "(^"
            text run at (40,1) width 18: "\x{661}\x{662}"
            text run at (57,1) width 16 RTL: "\x{627}\x{628}"
            text run at (72,1) width 8: "z"
        RenderBlock {P} at (0,1518) size 769x19
          RenderText {#text} at (0,1) size 55x18
            text run at (0,1) width 7: "\x{202A}?"
            text run at (7,1) width 29: "\x{202C}(^34"
            text run at (36,1) width 12 RTL: "\x{5E9}"
            text run at (47,1) width 8: "z"
        RenderBlock {P} at (0,1553) size 769x19
          RenderText {#text} at (0,1) size 55x18
            text run at (0,1) width 12 RTL: "\x{5E9}"
            text run at (11,1) width 17: "34"
            text run at (27,1) width 14 RTL: "\x{202C}(^"
            text run at (40,1) width 8 RTL: "\x{202B}?"
            text run at (47,1) width 8: "z"
        RenderBlock {P} at (0,1588) size 769x21
          RenderText {#text} at (0,1) size 64x18
            text run at (0,1) width 28: "ab(^"
            text run at (28,1) width 12 RTL: "\x{5E9}"
            text run at (39,1) width 18: "\x{663}\x{664}"
            text run at (56,1) width 8: "z"
        RenderBlock {P} at (0,1625) size 769x21
          RenderText {#text} at (0,1) size 68x18
            text run at (0,1) width 12 RTL: "\x{5E9}"
            text run at (11,1) width 18: "\x{663}\x{664}"
            text run at (28,1) width 33 RTL: "\x{5D0}\x{5D1}(^"
            text run at (60,1) width 8: "z"
        RenderBlock {P} at (0,1662) size 769x21
          RenderText {#text} at (0,1) size 64x18
            text run at (0,1) width 12 RTL: "\x{5E9}"
            text run at (11,1) width 18: "\x{663}\x{664}"
            text run at (28,1) width 29 RTL: "\x{627}\x{628}(^"
            text run at (56,1) width 8: "z"
        RenderBlock {P} at (0,1699) size 769x21
          RenderText {#text} at (0,1) size 80x18
            text run at (0,1) width 44: "ab12(^"
            text run at (44,1) width 12 RTL: "\x{5E9}"
            text run at (55,1) width 18: "\x{663}\x{664}"
            text run at (72,1) width 8: "z"
        RenderBlock {P} at (0,1736) size 769x21
          RenderText {#text} at (0,1) size 84x18
            text run at (0,1) width 12 RTL: "\x{5E9}"
            text run at (11,1) width 18: "\x{663}\x{664}"
            text run at (28,1) width 14 RTL: "(^"
            text run at (41,1) width 17: "12"
            text run at (57,1) width 20 RTL: "\x{5D0}\x{5D1}"
            text run at (76,1) width 8: "z"
        RenderBlock {P} at (0,1773) size 769x21
          RenderText {#text} at (0,1) size 80x18
            text run at (0,1) width 12 RTL: "\x{5E9}"
            text run at (11,1) width 18: "\x{663}\x{664}"
            text run at (28,1) width 14 RTL: "(^"
            text run at (41,1) width 17: "12"
            text run at (57,1) width 16 RTL: "\x{627}\x{628}"
            text run at (72,1) width 8: "z"
        RenderBlock {P} at (0,1810) size 769x21
          RenderText {#text} at (0,1) size 81x18
            text run at (0,1) width 15: "ab"
            text run at (15,1) width 12 RTL: "\x{5E9}"
            text run at (26,1) width 18: "\x{663}\x{664}"
            text run at (43,1) width 14 RTL: "(^"
            text run at (56,1) width 18: "\x{661}\x{662}"
            text run at (73,1) width 8: "z"
        RenderBlock {P} at (0,1847) size 769x21
          RenderText {#text} at (0,1) size 85x18
            text run at (0,1) width 12 RTL: "\x{5E9}"
            text run at (11,1) width 18: "\x{663}\x{664}"
            text run at (28,1) width 14 RTL: "(^"
            text run at (41,1) width 18: "\x{661}\x{662}"
            text run at (58,1) width 20 RTL: "\x{5D0}\x{5D1}"
            text run at (77,1) width 8: "z"
        RenderBlock {P} at (0,1884) size 769x21
          RenderText {#text} at (0,1) size 80x18
            text run at (0,1) width 12 RTL: "\x{5E9}"
            text run at (11,1) width 18: "\x{663}\x{664}"
            text run at (28,1) width 14 RTL: "(^"
            text run at (41,1) width 18: "\x{661}\x{662}"
            text run at (58,1) width 15 RTL: "\x{627}\x{628}"
            text run at (72,1) width 8: "z"
        RenderBlock {P} at (0,1921) size 769x21
          RenderText {#text} at (0,1) size 56x18
            text run at (0,1) width 7: "\x{202A}?"
            text run at (7,1) width 13: "\x{202C}(^"
            text run at (20,1) width 12 RTL: "\x{5E9}"
            text run at (31,1) width 18: "\x{663}\x{664}"
            text run at (48,1) width 8: "z"
        RenderBlock {P} at (0,1958) size 769x21
          RenderText {#text} at (0,1) size 56x18
            text run at (0,1) width 12 RTL: "\x{5E9}"
            text run at (11,1) width 18: "\x{663}\x{664}"
            text run at (28,1) width 14 RTL: "\x{202C}(^"
            text run at (41,1) width 8 RTL: "\x{202B}?"
            text run at (48,1) width 8: "z"
        RenderBlock {P} at (0,1995) size 769x18
          RenderText {#text} at (0,0) size 33x18
            text run at (0,0) width 28: "ab(^"
            text run at (28,0) width 5: "\x{202A}!"
            text run at (33,0) width 0: "\x{202C}"
        RenderBlock {P} at (0,2029) size 769x19
          RenderText {#text} at (0,1) size 38x18
            text run at (0,1) width 20 RTL: "\x{5D0}\x{5D1}"
            text run at (19,1) width 14: "(^"
            text run at (32,1) width 6: "\x{202A}!"
            text run at (37,1) width 1: "\x{202C}"
        RenderBlock {P} at (0,2064) size 769x21
          RenderText {#text} at (0,1) size 33x18
            text run at (0,1) width 15 RTL: "\x{627}\x{628}"
            text run at (14,1) width 14: "(^"
            text run at (27,1) width 6: "\x{202A}!"
            text run at (32,1) width 1: "\x{202C}"
        RenderBlock {P} at (0,2101) size 769x18
          RenderText {#text} at (0,0) size 49x18
            text run at (0,0) width 44: "ab12(^"
            text run at (44,0) width 5: "\x{202A}!"
            text run at (49,0) width 0: "\x{202C}"
        RenderBlock {P} at (0,2135) size 769x19
          RenderText {#text} at (0,1) size 54x18
            text run at (0,1) width 16: "12"
            text run at (16,1) width 20 RTL: "\x{5D0}\x{5D1}"
            text run at (35,1) width 14: "(^"
            text run at (48,1) width 6: "\x{202A}!"
            text run at (53,1) width 1: "\x{202C}"
        RenderBlock {P} at (0,2170) size 769x21
          RenderText {#text} at (0,1) size 49x18
            text run at (0,1) width 16: "12"
            text run at (16,1) width 15 RTL: "\x{627}\x{628}"
            text run at (30,1) width 14: "(^"
            text run at (43,1) width 6: "\x{202A}!"
            text run at (48,1) width 1: "\x{202C}"
        RenderBlock {P} at (0,2207) size 769x21
          RenderText {#text} at (0,1) size 50x18
            text run at (0,1) width 15: "ab"
            text run at (15,1) width 17: "\x{661}\x{662}"
            text run at (31,1) width 14: "(^"
            text run at (44,1) width 6: "\x{202A}!"
            text run at (49,1) width 1: "\x{202C}"
        RenderBlock {P} at (0,2244) size 769x21
          RenderText {#text} at (0,1) size 55x18
            text run at (0,1) width 17: "\x{661}\x{662}"
            text run at (16,1) width 21 RTL: "\x{5D0}\x{5D1}"
            text run at (36,1) width 14: "(^"
            text run at (49,1) width 6: "\x{202A}!"
            text run at (54,1) width 1: "\x{202C}"
        RenderBlock {P} at (0,2281) size 769x21
          RenderText {#text} at (0,1) size 50x18
            text run at (0,1) width 17: "\x{661}\x{662}"
            text run at (16,1) width 16 RTL: "\x{627}\x{628}"
            text run at (31,1) width 14: "(^"
            text run at (44,1) width 6: "\x{202A}!"
            text run at (49,1) width 1: "\x{202C}"
        RenderBlock {P} at (0,2318) size 769x18
          RenderText {#text} at (0,0) size 25x18
            text run at (0,0) width 7: "\x{202A}?"
            text run at (7,0) width 13: "\x{202C}(^"
            text run at (20,0) width 5: "\x{202A}!"
            text run at (25,0) width 0: "\x{202C}"
        RenderBlock {P} at (0,2352) size 769x18
          RenderText {#text} at (0,0) size 25x18
            text run at (0,0) width 7 RTL: "\x{202B}?"
            text run at (7,0) width 13: "\x{202C}(^"
            text run at (20,0) width 5: "\x{202A}!"
            text run at (25,0) width 0: "\x{202C}"
        RenderBlock {P} at (0,2386) size 769x18
          RenderText {#text} at (0,0) size 33x18
            text run at (0,0) width 28: "ab(^"
            text run at (28,0) width 5 RTL: "\x{202B}!"
            text run at (33,0) width 0: "\x{202C}"
        RenderBlock {P} at (0,2420) size 769x19
          RenderText {#text} at (0,1) size 38x18
            text run at (0,1) width 5 RTL: "\x{202B}!"
            text run at (5,1) width 33 RTL: "\x{5D0}\x{5D1}(^"
            text run at (37,1) width 1: "\x{202C}"
        RenderBlock {P} at (0,2455) size 769x21
          RenderText {#text} at (0,1) size 33x18
            text run at (0,1) width 5 RTL: "\x{202B}!"
            text run at (5,1) width 28 RTL: "\x{627}\x{628}(^"
            text run at (32,1) width 1: "\x{202C}"
        RenderBlock {P} at (0,2492) size 769x18
          RenderText {#text} at (0,0) size 49x18
            text run at (0,0) width 44: "ab12(^"
            text run at (44,0) width 5 RTL: "\x{202B}!"
            text run at (49,0) width 0: "\x{202C}"
        RenderBlock {P} at (0,2526) size 769x19
          RenderText {#text} at (0,1) size 54x18
            text run at (0,1) width 5 RTL: "\x{202B}!"
            text run at (5,1) width 13 RTL: "(^"
            text run at (18,1) width 16: "12"
            text run at (34,1) width 20 RTL: "\x{5D0}\x{5D1}"
            text run at (53,1) width 1: "\x{202C}"
        RenderBlock {P} at (0,2561) size 769x21
          RenderText {#text} at (0,1) size 49x18
            text run at (0,1) width 5 RTL: "\x{202B}!"
            text run at (5,1) width 13 RTL: "(^"
            text run at (18,1) width 16: "12"
            text run at (34,1) width 15 RTL: "\x{627}\x{628}"
            text run at (48,1) width 1: "\x{202C}"
        RenderBlock {P} at (0,2598) size 769x21
          RenderText {#text} at (0,1) size 50x18
            text run at (0,1) width 15: "ab"
            text run at (15,1) width 5 RTL: "\x{202B}!"
            text run at (20,1) width 13 RTL: "(^"
            text run at (33,1) width 17: "\x{661}\x{662}"
            text run at (49,1) width 1: "\x{202C}"
        RenderBlock {P} at (0,2635) size 769x21
          RenderText {#text} at (0,1) size 55x18
            text run at (0,1) width 5 RTL: "\x{202B}!"
            text run at (5,1) width 13 RTL: "(^"
            text run at (18,1) width 17: "\x{661}\x{662}"
            text run at (34,1) width 21 RTL: "\x{5D0}\x{5D1}"
            text run at (54,1) width 1: "\x{202C}"
        RenderBlock {P} at (0,2672) size 769x21
          RenderText {#text} at (0,1) size 50x18
            text run at (0,1) width 5 RTL: "\x{202B}!"
            text run at (5,1) width 13 RTL: "(^"
            text run at (18,1) width 17: "\x{661}\x{662}"
            text run at (34,1) width 16 RTL: "\x{627}\x{628}"
            text run at (49,1) width 1: "\x{202C}"
        RenderBlock {P} at (0,2709) size 769x18
          RenderText {#text} at (0,0) size 25x18
            text run at (0,0) width 7: "\x{202A}?"
            text run at (7,0) width 13: "\x{202C}(^"
            text run at (20,0) width 5 RTL: "\x{202B}!"
            text run at (25,0) width 0: "\x{202C}"
        RenderBlock {P} at (0,2743) size 769x18
          RenderText {#text} at (0,0) size 25x18
            text run at (0,0) width 5 RTL: "\x{202B}!"
            text run at (5,0) width 13 RTL: "\x{202C}(^"
            text run at (18,0) width 7 RTL: "\x{202B}?"
            text run at (25,0) width 0: "\x{202C}"
        RenderBlock {P} at (0,2777) size 769x18
          RenderText {#text} at (0,0) size 28x18
            text run at (0,0) width 28: "\x{202A}ab(^"
            text run at (28,0) width 0: "\x{202C}"
        RenderBlock {P} at (0,2811) size 769x19
          RenderText {#text} at (0,1) size 33x18
            text run at (0,1) width 20 RTL: "\x{202A}\x{5D0}\x{5D1}"
            text run at (19,1) width 14: "(^"
            text run at (32,1) width 1: "\x{202C}"
        RenderBlock {P} at (0,2846) size 769x21
          RenderText {#text} at (0,1) size 28x18
            text run at (0,1) width 15 RTL: "\x{202A}\x{627}\x{628}"
            text run at (14,1) width 14: "(^"
            text run at (27,1) width 1: "\x{202C}"
        RenderBlock {P} at (0,2883) size 769x18
          RenderText {#text} at (0,0) size 44x18
            text run at (0,0) width 44: "\x{202A}ab12(^"
            text run at (44,0) width 0: "\x{202C}"
        RenderBlock {P} at (0,2917) size 769x19
          RenderText {#text} at (0,1) size 49x18
            text run at (0,1) width 16: "12"
            text run at (16,1) width 20 RTL: "\x{202A}\x{5D0}\x{5D1}"
            text run at (35,1) width 14: "(^"
            text run at (48,1) width 1: "\x{202C}"
        RenderBlock {P} at (0,2952) size 769x21
          RenderText {#text} at (0,1) size 44x18
            text run at (0,1) width 16: "12"
            text run at (16,1) width 15 RTL: "\x{202A}\x{627}\x{628}"
            text run at (30,1) width 14: "(^"
            text run at (43,1) width 1: "\x{202C}"
        RenderBlock {P} at (0,2989) size 769x21
          RenderText {#text} at (0,1) size 45x18
            text run at (0,1) width 15: "\x{202A}ab"
            text run at (15,1) width 17: "\x{661}\x{662}"
            text run at (31,1) width 14: "(^"
            text run at (44,1) width 1: "\x{202C}"
        RenderBlock {P} at (0,3026) size 769x21
          RenderText {#text} at (0,1) size 50x18
            text run at (0,1) width 17: "\x{661}\x{662}"
            text run at (16,1) width 21 RTL: "\x{202A}\x{5D0}\x{5D1}"
            text run at (36,1) width 14: "(^"
            text run at (49,1) width 1: "\x{202C}"
        RenderBlock {P} at (0,3063) size 769x21
          RenderText {#text} at (0,1) size 45x18
            text run at (0,1) width 17: "\x{661}\x{662}"
            text run at (16,1) width 16 RTL: "\x{202A}\x{627}\x{628}"
            text run at (31,1) width 14: "(^"
            text run at (44,1) width 1: "\x{202C}"
        RenderBlock {P} at (0,3100) size 769x18
          RenderText {#text} at (0,0) size 20x18
            text run at (0,0) width 0: "\x{202A}"
            text run at (0,0) width 7: "\x{202A}?"
            text run at (7,0) width 13: "\x{202C}(^"
            text run at (20,0) width 0: "\x{202C}"
        RenderBlock {P} at (0,3134) size 769x18
          RenderText {#text} at (0,0) size 20x18
            text run at (0,0) width 0: "\x{202A}"
            text run at (0,0) width 7 RTL: "\x{202B}?"
            text run at (7,0) width 13: "\x{202C}(^"
            text run at (20,0) width 0: "\x{202C}"
      RenderBlock {DIV} at (0,3202) size 769x3152
        RenderBlock {P} at (0,0) size 769x18
          RenderText {#text} at (0,0) size 43x18
            text run at (0,0) width 43: "ab(^cd"
        RenderBlock {P} at (0,34) size 769x19
          RenderText {#text} at (0,1) size 48x18
            text run at (0,1) width 15: "cd"
            text run at (15,1) width 33 RTL: "\x{5D0}\x{5D1}(^"
        RenderBlock {P} at (0,69) size 769x21
          RenderText {#text} at (0,1) size 43x18
            text run at (0,1) width 15: "cd"
            text run at (15,1) width 28 RTL: "\x{627}\x{628}(^"
        RenderBlock {P} at (0,106) size 769x18
          RenderText {#text} at (0,0) size 59x18
            text run at (0,0) width 59: "ab12(^cd"
        RenderBlock {P} at (0,140) size 769x19
          RenderText {#text} at (0,1) size 64x18
            text run at (0,1) width 15: "cd"
            text run at (15,1) width 13 RTL: "(^"
            text run at (28,1) width 16: "12"
            text run at (44,1) width 20 RTL: "\x{5D0}\x{5D1}"
        RenderBlock {P} at (0,175) size 769x21
          RenderText {#text} at (0,1) size 59x18
            text run at (0,1) width 15: "cd"
            text run at (15,1) width 13 RTL: "(^"
            text run at (28,1) width 16: "12"
            text run at (44,1) width 15 RTL: "\x{627}\x{628}"
        RenderBlock {P} at (0,212) size 769x21
          RenderText {#text} at (0,1) size 60x18
            text run at (0,1) width 15: "cd"
            text run at (15,1) width 13 RTL: "(^"
            text run at (28,1) width 32: "ab\x{661}\x{662}"
        RenderBlock {P} at (0,249) size 769x21
          RenderText {#text} at (0,1) size 65x18
            text run at (0,1) width 15: "cd"
            text run at (15,1) width 13 RTL: "(^"
            text run at (28,1) width 17: "\x{661}\x{662}"
            text run at (44,1) width 21 RTL: "\x{5D0}\x{5D1}"
        RenderBlock {P} at (0,286) size 769x21
          RenderText {#text} at (0,1) size 60x18
            text run at (0,1) width 15: "cd"
            text run at (15,1) width 13 RTL: "(^"
            text run at (28,1) width 17: "\x{661}\x{662}"
            text run at (44,1) width 16 RTL: "\x{627}\x{628}"
        RenderBlock {P} at (0,323) size 769x18
          RenderText {#text} at (0,0) size 35x18
            text run at (0,0) width 7: "\x{202A}?"
            text run at (7,0) width 28: "\x{202C}(^cd"
        RenderBlock {P} at (0,357) size 769x18
          RenderText {#text} at (0,0) size 35x18
            text run at (0,0) width 15: "cd"
            text run at (15,0) width 13 RTL: "\x{202C}(^"
            text run at (28,0) width 7 RTL: "\x{202B}?"
        RenderBlock {P} at (0,391) size 769x19
          RenderText {#text} at (0,1) size 43x18
            text run at (0,1) width 28 RTL: "(^\x{5D2}\x{5D3}"
            text run at (27,1) width 16: "ab"
        RenderBlock {P} at (0,426) size 769x19
          RenderText {#text} at (0,1) size 48x18
            text run at (0,1) width 48 RTL: "\x{5D0}\x{5D1}(^\x{5D2}\x{5D3}"
        RenderBlock {P} at (0,461) size 769x21
          RenderText {#text} at (0,1) size 43x18
            text run at (0,1) width 43 RTL: "\x{627}\x{628}(^\x{5D2}\x{5D3}"
        RenderBlock {P} at (0,498) size 769x19
          RenderText {#text} at (0,1) size 59x18
            text run at (0,1) width 28 RTL: "(^\x{5D2}\x{5D3}"
            text run at (27,1) width 32: "ab12"
        RenderBlock {P} at (0,533) size 769x19
          RenderText {#text} at (0,1) size 64x18
            text run at (0,1) width 28 RTL: "(^\x{5D2}\x{5D3}"
            text run at (27,1) width 17: "12"
            text run at (43,1) width 21 RTL: "\x{5D0}\x{5D1}"
        RenderBlock {P} at (0,568) size 769x21
          RenderText {#text} at (0,1) size 59x18
            text run at (0,1) width 28 RTL: "(^\x{5D2}\x{5D3}"
            text run at (27,1) width 17: "12"
            text run at (43,1) width 16 RTL: "\x{627}\x{628}"
        RenderBlock {P} at (0,605) size 769x21
          RenderText {#text} at (0,1) size 60x18
            text run at (0,1) width 28 RTL: "(^\x{5D2}\x{5D3}"
            text run at (27,1) width 33: "ab\x{661}\x{662}"
        RenderBlock {P} at (0,642) size 769x21
          RenderText {#text} at (0,1) size 64x18
            text run at (0,1) width 28 RTL: "(^\x{5D2}\x{5D3}"
            text run at (27,1) width 18: "\x{661}\x{662}"
            text run at (44,1) width 20 RTL: "\x{5D0}\x{5D1}"
        RenderBlock {P} at (0,679) size 769x21
          RenderText {#text} at (0,1) size 60x18
            text run at (0,1) width 28 RTL: "(^\x{5D2}\x{5D3}"
            text run at (27,1) width 18: "\x{661}\x{662}"
            text run at (44,1) width 16 RTL: "\x{627}\x{628}"
        RenderBlock {P} at (0,716) size 769x19
          RenderText {#text} at (0,1) size 35x18
            text run at (0,1) width 28 RTL: "\x{202C}(^\x{5D2}\x{5D3}"
            text run at (27,1) width 8: "\x{202A}?"
        RenderBlock {P} at (0,751) size 769x19
          RenderText {#text} at (0,1) size 35x18
            text run at (0,1) width 28 RTL: "\x{202C}(^\x{5D2}\x{5D3}"
            text run at (27,1) width 8 RTL: "\x{202B}?"
        RenderBlock {P} at (0,786) size 769x21
          RenderText {#text} at (0,1) size 45x18
            text run at (0,1) width 30 RTL: "(^\x{62C}\x{62F}"
            text run at (29,1) width 16: "ab"
        RenderBlock {P} at (0,823) size 769x21
          RenderText {#text} at (0,1) size 49x18
            text run at (0,1) width 49 RTL: "\x{5D0}\x{5D1}(^\x{62C}\x{62F}"
        RenderBlock {P} at (0,860) size 769x21
          RenderText {#text} at (0,1) size 45x18
            text run at (0,1) width 45 RTL: "\x{627}\x{628}(^\x{62C}\x{62F}"
        RenderBlock {P} at (0,897) size 769x21
          RenderText {#text} at (0,1) size 61x18
            text run at (0,1) width 30 RTL: "(^\x{62C}\x{62F}"
            text run at (29,1) width 32: "ab12"
        RenderBlock {P} at (0,934) size 769x21
          RenderText {#text} at (0,1) size 65x18
            text run at (0,1) width 30 RTL: "(^\x{62C}\x{62F}"
            text run at (29,1) width 17: "12"
            text run at (45,1) width 20 RTL: "\x{5D0}\x{5D1}"
        RenderBlock {P} at (0,971) size 769x21
          RenderText {#text} at (0,1) size 61x18
            text run at (0,1) width 30 RTL: "(^\x{62C}\x{62F}"
            text run at (29,1) width 17: "12"
            text run at (45,1) width 16 RTL: "\x{627}\x{628}"
        RenderBlock {P} at (0,1008) size 769x21
          RenderText {#text} at (0,1) size 62x18
            text run at (0,1) width 30 RTL: "(^\x{62C}\x{62F}"
            text run at (29,1) width 33: "ab\x{661}\x{662}"
        RenderBlock {P} at (0,1045) size 769x21
          RenderText {#text} at (0,1) size 66x18
            text run at (0,1) width 30 RTL: "(^\x{62C}\x{62F}"
            text run at (29,1) width 18: "\x{661}\x{662}"
            text run at (46,1) width 20 RTL: "\x{5D0}\x{5D1}"
        RenderBlock {P} at (0,1082) size 769x21
          RenderText {#text} at (0,1) size 62x18
            text run at (0,1) width 30 RTL: "(^\x{62C}\x{62F}"
            text run at (29,1) width 18: "\x{661}\x{662}"
            text run at (46,1) width 16 RTL: "\x{627}\x{628}"
        RenderBlock {P} at (0,1119) size 769x21
          RenderText {#text} at (0,1) size 37x18
            text run at (0,1) width 30 RTL: "\x{202C}(^\x{62C}\x{62F}"
            text run at (29,1) width 8: "\x{202A}?"
        RenderBlock {P} at (0,1156) size 769x21
          RenderText {#text} at (0,1) size 37x18
            text run at (0,1) width 30 RTL: "\x{202C}(^\x{62C}\x{62F}"
            text run at (29,1) width 8 RTL: "\x{202B}?"
        RenderBlock {P} at (0,1193) size 769x19
          RenderText {#text} at (0,1) size 63x18
            text run at (0,1) width 7: "z"
            text run at (7,1) width 12 RTL: "\x{5E9}"
            text run at (18,1) width 45: "ab(^34"
        RenderBlock {P} at (0,1228) size 769x19
          RenderText {#text} at (0,1) size 67x18
            text run at (0,1) width 7: "z"
            text run at (7,1) width 12 RTL: "\x{5E9}"
            text run at (18,1) width 17: "34"
            text run at (34,1) width 33 RTL: "\x{5D0}\x{5D1}(^"
        RenderBlock {P} at (0,1263) size 769x21
          RenderText {#text} at (0,1) size 63x18
            text run at (0,1) width 7: "z"
            text run at (7,1) width 12 RTL: "\x{5E9}"
            text run at (18,1) width 17: "34"
            text run at (34,1) width 29 RTL: "\x{627}\x{628}(^"
        RenderBlock {P} at (0,1300) size 769x19
          RenderText {#text} at (0,1) size 79x18
            text run at (0,1) width 7: "z"
            text run at (7,1) width 12 RTL: "\x{5E9}"
            text run at (18,1) width 61: "ab12(^34"
        RenderBlock {P} at (0,1335) size 769x19
          RenderText {#text} at (0,1) size 83x18
            text run at (0,1) width 7: "z"
            text run at (7,1) width 12 RTL: "\x{5E9}"
            text run at (18,1) width 17: "34"
            text run at (34,1) width 14 RTL: "(^"
            text run at (47,1) width 17: "12"
            text run at (63,1) width 20 RTL: "\x{5D0}\x{5D1}"
        RenderBlock {P} at (0,1370) size 769x21
          RenderText {#text} at (0,1) size 79x18
            text run at (0,1) width 7: "z"
            text run at (7,1) width 12 RTL: "\x{5E9}"
            text run at (18,1) width 17: "34"
            text run at (34,1) width 14 RTL: "(^"
            text run at (47,1) width 17: "12"
            text run at (63,1) width 16 RTL: "\x{627}\x{628}"
        RenderBlock {P} at (0,1407) size 769x21
          RenderText {#text} at (0,1) size 80x18
            text run at (0,1) width 7: "z"
            text run at (7,1) width 12 RTL: "\x{5E9}"
            text run at (18,1) width 17: "34"
            text run at (34,1) width 14 RTL: "(^"
            text run at (47,1) width 33: "ab\x{661}\x{662}"
        RenderBlock {P} at (0,1444) size 769x21
          RenderText {#text} at (0,1) size 84x18
            text run at (0,1) width 7: "z"
            text run at (7,1) width 12 RTL: "\x{5E9}"
            text run at (18,1) width 17: "34"
            text run at (34,1) width 14 RTL: "(^"
            text run at (47,1) width 18: "\x{661}\x{662}"
            text run at (64,1) width 20 RTL: "\x{5D0}\x{5D1}"
        RenderBlock {P} at (0,1481) size 769x21
          RenderText {#text} at (0,1) size 80x18
            text run at (0,1) width 7: "z"
            text run at (7,1) width 12 RTL: "\x{5E9}"
            text run at (18,1) width 17: "34"
            text run at (34,1) width 14 RTL: "(^"
            text run at (47,1) width 18: "\x{661}\x{662}"
            text run at (64,1) width 16 RTL: "\x{627}\x{628}"
        RenderBlock {P} at (0,1518) size 769x19
          RenderText {#text} at (0,1) size 55x18
            text run at (0,1) width 7: "z"
            text run at (7,1) width 12 RTL: "\x{5E9}"
            text run at (18,1) width 8: "\x{202A}?"
            text run at (25,1) width 30: "\x{202C}(^34"
        RenderBlock {P} at (0,1553) size 769x19
          RenderText {#text} at (0,1) size 55x18
            text run at (0,1) width 7: "z"
            text run at (7,1) width 12 RTL: "\x{5E9}"
            text run at (18,1) width 17: "34"
            text run at (34,1) width 14 RTL: "\x{202C}(^"
            text run at (47,1) width 8 RTL: "\x{202B}?"
        RenderBlock {P} at (0,1588) size 769x21
          RenderText {#text} at (0,1) size 64x18
            text run at (0,1) width 7: "z"
            text run at (7,1) width 12 RTL: "\x{5E9}"
            text run at (18,1) width 18: "\x{663}\x{664}"
            text run at (35,1) width 14 RTL: "(^"
            text run at (48,1) width 16: "ab"
        RenderBlock {P} at (0,1625) size 769x21
          RenderText {#text} at (0,1) size 68x18
            text run at (0,1) width 7: "z"
            text run at (7,1) width 12 RTL: "\x{5E9}"
            text run at (18,1) width 18: "\x{663}\x{664}"
            text run at (35,1) width 33 RTL: "\x{5D0}\x{5D1}(^"
        RenderBlock {P} at (0,1662) size 769x21
          RenderText {#text} at (0,1) size 64x18
            text run at (0,1) width 7: "z"
            text run at (7,1) width 12 RTL: "\x{5E9}"
            text run at (18,1) width 18: "\x{663}\x{664}"
            text run at (35,1) width 29 RTL: "\x{627}\x{628}(^"
        RenderBlock {P} at (0,1699) size 769x21
          RenderText {#text} at (0,1) size 80x18
            text run at (0,1) width 7: "z"
            text run at (7,1) width 12 RTL: "\x{5E9}"
            text run at (18,1) width 18: "\x{663}\x{664}"
            text run at (35,1) width 14 RTL: "(^"
            text run at (48,1) width 32: "ab12"
        RenderBlock {P} at (0,1736) size 769x21
          RenderText {#text} at (0,1) size 84x18
            text run at (0,1) width 7: "z"
            text run at (7,1) width 12 RTL: "\x{5E9}"
            text run at (18,1) width 18: "\x{663}\x{664}"
            text run at (35,1) width 14 RTL: "(^"
            text run at (48,1) width 17: "12"
            text run at (64,1) width 20 RTL: "\x{5D0}\x{5D1}"
        RenderBlock {P} at (0,1773) size 769x21
          RenderText {#text} at (0,1) size 80x18
            text run at (0,1) width 7: "z"
            text run at (7,1) width 12 RTL: "\x{5E9}"
            text run at (18,1) width 18: "\x{663}\x{664}"
            text run at (35,1) width 14 RTL: "(^"
            text run at (48,1) width 17: "12"
            text run at (64,1) width 16 RTL: "\x{627}\x{628}"
        RenderBlock {P} at (0,1810) size 769x21
          RenderText {#text} at (0,1) size 81x18
            text run at (0,1) width 7: "z"
            text run at (7,1) width 12 RTL: "\x{5E9}"
            text run at (18,1) width 18: "\x{663}\x{664}"
            text run at (35,1) width 14 RTL: "(^"
            text run at (48,1) width 33: "ab\x{661}\x{662}"
        RenderBlock {P} at (0,1847) size 769x21
          RenderText {#text} at (0,1) size 85x18
            text run at (0,1) width 7: "z"
            text run at (7,1) width 12 RTL: "\x{5E9}"
            text run at (18,1) width 18: "\x{663}\x{664}"
            text run at (35,1) width 14 RTL: "(^"
            text run at (48,1) width 18: "\x{661}\x{662}"
            text run at (65,1) width 20 RTL: "\x{5D0}\x{5D1}"
        RenderBlock {P} at (0,1884) size 769x21
          RenderText {#text} at (0,1) size 80x18
            text run at (0,1) width 7: "z"
            text run at (7,1) width 12 RTL: "\x{5E9}"
            text run at (18,1) width 18: "\x{663}\x{664}"
            text run at (35,1) width 14 RTL: "(^"
            text run at (48,1) width 18: "\x{661}\x{662}"
            text run at (65,1) width 15 RTL: "\x{627}\x{628}"
        RenderBlock {P} at (0,1921) size 769x21
          RenderText {#text} at (0,1) size 56x18
            text run at (0,1) width 7: "z"
            text run at (7,1) width 12 RTL: "\x{5E9}"
            text run at (18,1) width 18: "\x{663}\x{664}"
            text run at (35,1) width 14 RTL: "\x{202C}(^"
            text run at (48,1) width 8: "\x{202A}?"
        RenderBlock {P} at (0,1958) size 769x21
          RenderText {#text} at (0,1) size 56x18
            text run at (0,1) width 7: "z"
            text run at (7,1) width 12 RTL: "\x{5E9}"
            text run at (18,1) width 18: "\x{663}\x{664}"
            text run at (35,1) width 14 RTL: "\x{202C}(^"
            text run at (48,1) width 8 RTL: "\x{202B}?"
        RenderBlock {P} at (0,1995) size 769x18
          RenderText {#text} at (0,0) size 33x18
            text run at (0,0) width 0 RTL: "\x{202C}"
            text run at (0,0) width 28: "ab(^"
            text run at (28,0) width 5: "\x{202A}!"
        RenderBlock {P} at (0,2029) size 769x19
          RenderText {#text} at (0,1) size 38x18
            text run at (0,1) width 0 RTL: "\x{202C}"
            text run at (0,1) width 5: "\x{202A}!"
            text run at (5,1) width 33 RTL: "\x{5D0}\x{5D1}(^"
        RenderBlock {P} at (0,2064) size 769x21
          RenderText {#text} at (0,1) size 33x18
            text run at (0,1) width 0 RTL: "\x{202C}"
            text run at (0,1) width 5: "\x{202A}!"
            text run at (5,1) width 28 RTL: "\x{627}\x{628}(^"
        RenderBlock {P} at (0,2101) size 769x18
          RenderText {#text} at (0,0) size 49x18
            text run at (0,0) width 0 RTL: "\x{202C}"
            text run at (0,0) width 44: "ab12(^"
            text run at (44,0) width 5: "\x{202A}!"
        RenderBlock {P} at (0,2135) size 769x19
          RenderText {#text} at (0,1) size 54x18
            text run at (0,1) width 0 RTL: "\x{202C}"
            text run at (0,1) width 5: "\x{202A}!"
            text run at (5,1) width 13 RTL: "(^"
            text run at (18,1) width 16: "12"
            text run at (34,1) width 20 RTL: "\x{5D0}\x{5D1}"
        RenderBlock {P} at (0,2170) size 769x21
          RenderText {#text} at (0,1) size 49x18
            text run at (0,1) width 0 RTL: "\x{202C}"
            text run at (0,1) width 5: "\x{202A}!"
            text run at (5,1) width 13 RTL: "(^"
            text run at (18,1) width 16: "12"
            text run at (34,1) width 15 RTL: "\x{627}\x{628}"
        RenderBlock {P} at (0,2207) size 769x21
          RenderText {#text} at (0,1) size 50x18
            text run at (0,1) width 0 RTL: "\x{202C}"
            text run at (0,1) width 5: "\x{202A}!"
            text run at (5,1) width 13 RTL: "(^"
            text run at (18,1) width 32: "ab\x{661}\x{662}"
        RenderBlock {P} at (0,2244) size 769x21
          RenderText {#text} at (0,1) size 55x18
            text run at (0,1) width 0 RTL: "\x{202C}"
            text run at (0,1) width 5: "\x{202A}!"
            text run at (5,1) width 13 RTL: "(^"
            text run at (18,1) width 17: "\x{661}\x{662}"
            text run at (34,1) width 21 RTL: "\x{5D0}\x{5D1}"
        RenderBlock {P} at (0,2281) size 769x21
          RenderText {#text} at (0,1) size 50x18
            text run at (0,1) width 0 RTL: "\x{202C}"
            text run at (0,1) width 5: "\x{202A}!"
            text run at (5,1) width 13 RTL: "(^"
            text run at (18,1) width 17: "\x{661}\x{662}"
            text run at (34,1) width 16 RTL: "\x{627}\x{628}"
        RenderBlock {P} at (0,2318) size 769x18
          RenderText {#text} at (0,0) size 25x18
            text run at (0,0) width 0 RTL: "\x{202C}"
            text run at (0,0) width 7: "\x{202A}?"
            text run at (7,0) width 13: "\x{202C}(^"
            text run at (20,0) width 5: "\x{202A}!"
        RenderBlock {P} at (0,2352) size 769x18
          RenderText {#text} at (0,0) size 25x18
            text run at (0,0) width 0 RTL: "\x{202C}"
            text run at (0,0) width 5: "\x{202A}!"
            text run at (5,0) width 13 RTL: "\x{202C}(^"
            text run at (18,0) width 7 RTL: "\x{202B}?"
        RenderBlock {P} at (0,2386) size 769x18
          RenderText {#text} at (0,0) size 33x18
            text run at (0,0) width 0 RTL: "\x{202C}"
            text run at (0,0) width 5 RTL: "\x{202B}!"
            text run at (5,0) width 13 RTL: "(^"
            text run at (18,0) width 15: "ab"
        RenderBlock {P} at (0,2420) size 769x19
          RenderText {#text} at (0,1) size 38x18
            text run at (0,1) width 0 RTL: "\x{202C}"
            text run at (0,1) width 5 RTL: "\x{202B}!"
            text run at (5,1) width 33 RTL: "\x{5D0}\x{5D1}(^"
        RenderBlock {P} at (0,2455) size 769x21
          RenderText {#text} at (0,1) size 33x18
            text run at (0,1) width 0 RTL: "\x{202C}"
            text run at (0,1) width 5 RTL: "\x{202B}!"
            text run at (5,1) width 28 RTL: "\x{627}\x{628}(^"
        RenderBlock {P} at (0,2492) size 769x18
          RenderText {#text} at (0,0) size 49x18
            text run at (0,0) width 0 RTL: "\x{202C}"
            text run at (0,0) width 5 RTL: "\x{202B}!"
            text run at (5,0) width 13 RTL: "(^"
            text run at (18,0) width 31: "ab12"
        RenderBlock {P} at (0,2526) size 769x19
          RenderText {#text} at (0,1) size 54x18
            text run at (0,1) width 0 RTL: "\x{202C}"
            text run at (0,1) width 5 RTL: "\x{202B}!"
            text run at (5,1) width 13 RTL: "(^"
            text run at (18,1) width 16: "12"
            text run at (34,1) width 20 RTL: "\x{5D0}\x{5D1}"
        RenderBlock {P} at (0,2561) size 769x21
          RenderText {#text} at (0,1) size 49x18
            text run at (0,1) width 0 RTL: "\x{202C}"
            text run at (0,1) width 5 RTL: "\x{202B}!"
            text run at (5,1) width 13 RTL: "(^"
            text run at (18,1) width 16: "12"
            text run at (34,1) width 15 RTL: "\x{627}\x{628}"
        RenderBlock {P} at (0,2598) size 769x21
          RenderText {#text} at (0,1) size 50x18
            text run at (0,1) width 0 RTL: "\x{202C}"
            text run at (0,1) width 5 RTL: "\x{202B}!"
            text run at (5,1) width 13 RTL: "(^"
            text run at (18,1) width 32: "ab\x{661}\x{662}"
        RenderBlock {P} at (0,2635) size 769x21
          RenderText {#text} at (0,1) size 55x18
            text run at (0,1) width 0 RTL: "\x{202C}"
            text run at (0,1) width 5 RTL: "\x{202B}!"
            text run at (5,1) width 13 RTL: "(^"
            text run at (18,1) width 17: "\x{661}\x{662}"
            text run at (34,1) width 21 RTL: "\x{5D0}\x{5D1}"
        RenderBlock {P} at (0,2672) size 769x21
          RenderText {#text} at (0,1) size 50x18
            text run at (0,1) width 0 RTL: "\x{202C}"
            text run at (0,1) width 5 RTL: "\x{202B}!"
            text run at (5,1) width 13 RTL: "(^"
            text run at (18,1) width 17: "\x{661}\x{662}"
            text run at (34,1) width 16 RTL: "\x{627}\x{628}"
        RenderBlock {P} at (0,2709) size 769x18
          RenderText {#text} at (0,0) size 25x18
            text run at (0,0) width 0 RTL: "\x{202C}"
            text run at (0,0) width 5 RTL: "\x{202B}!"
            text run at (5,0) width 13 RTL: "\x{202C}(^"
            text run at (18,0) width 7: "\x{202A}?"
        RenderBlock {P} at (0,2743) size 769x18
          RenderText {#text} at (0,0) size 25x18
            text run at (0,0) width 0 RTL: "\x{202C}"
            text run at (0,0) width 5 RTL: "\x{202B}!"
            text run at (5,0) width 13 RTL: "\x{202C}(^"
            text run at (18,0) width 7 RTL: "\x{202B}?"
        RenderBlock {P} at (0,2777) size 769x18
          RenderText {#text} at (0,0) size 28x18
            text run at (0,0) width 0 RTL: "\x{202C}"
            text run at (0,0) width 28: "\x{202A}ab(^"
        RenderBlock {P} at (0,2811) size 769x19
          RenderText {#text} at (0,1) size 33x18
            text run at (0,1) width 0 RTL: "\x{202C}"
            text run at (0,1) width 20 RTL: "\x{202A}\x{5D0}\x{5D1}"
            text run at (19,1) width 14: "(^"
        RenderBlock {P} at (0,2846) size 769x21
          RenderText {#text} at (0,1) size 28x18
            text run at (0,1) width 0 RTL: "\x{202C}"
            text run at (0,1) width 15 RTL: "\x{202A}\x{627}\x{628}"
            text run at (14,1) width 14: "(^"
        RenderBlock {P} at (0,2883) size 769x18
          RenderText {#text} at (0,0) size 44x18
            text run at (0,0) width 0 RTL: "\x{202C}"
            text run at (0,0) width 44: "\x{202A}ab12(^"
        RenderBlock {P} at (0,2917) size 769x19
          RenderText {#text} at (0,1) size 49x18
            text run at (0,1) width 0 RTL: "\x{202C}"
            text run at (0,1) width 16: "12"
            text run at (16,1) width 20 RTL: "\x{202A}\x{5D0}\x{5D1}"
            text run at (35,1) width 14: "(^"
        RenderBlock {P} at (0,2952) size 769x21
          RenderText {#text} at (0,1) size 44x18
            text run at (0,1) width 0 RTL: "\x{202C}"
            text run at (0,1) width 16: "12"
            text run at (16,1) width 15 RTL: "\x{202A}\x{627}\x{628}"
            text run at (30,1) width 14: "(^"
        RenderBlock {P} at (0,2989) size 769x21
          RenderText {#text} at (0,1) size 45x18
            text run at (0,1) width 0 RTL: "\x{202C}"
            text run at (0,1) width 15: "\x{202A}ab"
            text run at (15,1) width 17: "\x{661}\x{662}"
            text run at (31,1) width 14: "(^"
        RenderBlock {P} at (0,3026) size 769x21
          RenderText {#text} at (0,1) size 50x18
            text run at (0,1) width 0 RTL: "\x{202C}"
            text run at (0,1) width 17: "\x{661}\x{662}"
            text run at (16,1) width 21 RTL: "\x{202A}\x{5D0}\x{5D1}"
            text run at (36,1) width 14: "(^"
        RenderBlock {P} at (0,3063) size 769x21
          RenderText {#text} at (0,1) size 45x18
            text run at (0,1) width 0 RTL: "\x{202C}"
            text run at (0,1) width 17: "\x{661}\x{662}"
            text run at (16,1) width 16 RTL: "\x{202A}\x{627}\x{628}"
            text run at (31,1) width 14: "(^"
        RenderBlock {P} at (0,3100) size 769x18
          RenderText {#text} at (0,0) size 20x18
            text run at (0,0) width 0 RTL: "\x{202C}"
            text run at (0,0) width 0: "\x{202A}"
            text run at (0,0) width 7: "\x{202A}?"
            text run at (7,0) width 13: "\x{202C}(^"
        RenderBlock {P} at (0,3134) size 769x18
          RenderText {#text} at (0,0) size 20x18
            text run at (0,0) width 0 RTL: "\x{202C}"
            text run at (0,0) width 0: "\x{202A}"
            text run at (0,0) width 7 RTL: "\x{202B}?"
            text run at (7,0) width 13: "\x{202C}(^"
