layer at (0,0) size 800x600
  RenderView at (0,0) size 800x600
layer at (0,0) size 800x513
  RenderBlock {HTML} at (0,0) size 800x513
    RenderBody {BODY} at (8,21) size 784x476
      RenderBlock {H1} at (0,0) size 784x37
        RenderText {#text} at (0,0) size 462x37
          text run at (0,0) width 462: "Bidirectional Text Test 2 - HTML"
      RenderBlock {P} at (0,58) size 784x19
        RenderText {#text} at (0,0) size 131x18
          text run at (0,0) width 131: "This test is based on "
        RenderInline {A} at (0,0) size 117x18 [color=#0000EE]
          RenderText {#text} at (131,0) size 117x18
            text run at (131,0) width 117: "CSS2 section 9.10"
        RenderText {#text} at (248,0) size 31x18
          text run at (248,0) width 31: " and "
        RenderInline {A} at (0,0) size 62x18 [color=#0000EE]
          RenderText {#text} at (279,0) size 62x18
            text run at (279,0) width 62: "Chapter 3"
        RenderText {#text} at (341,0) size 44x18
          text run at (341,0) width 44: " of the "
        RenderInline {A} at (0,0) size 114x18 [color=#0000EE]
          RenderText {#text} at (385,0) size 114x18
            text run at (385,0) width 114: "Unicode Standard"
        RenderText {#text} at (499,0) size 4x18
          text run at (499,0) width 4: "."
      RenderBlock {PRE} at (0,92) size 784x0
      RenderBlock {P} at (0,92) size 784x19
        RenderText {#text} at (0,0) size 281x18
          text run at (0,0) width 281: "In each box, all the lines should be the same."
      RenderBlock (anonymous) at (0,126) size 784x238
        RenderBlock {DIV} at (3,7) size 102x170 [border: (1px solid #008000)]
          RenderBlock {P} at (4,4) size 94x18
            RenderText {#text} at (0,0) size 94x18
              text run at (0,0) width 94: "ABCDEFGHI"
          RenderBlock {P} at (4,22) size 94x18
            RenderText {#text} at (0,0) size 94x18
              text run at (0,0) width 94: "ABCDEFGHI"
          RenderBlock {P} at (4,40) size 94x18
            RenderText {#text} at (0,0) size 34x18
              text run at (0,0) width 34: "ABC"
            RenderInline {SPAN} at (0,0) size 31x18
              RenderText {#text} at (34,0) size 31x18
                text run at (34,0) width 31: "DEF"
            RenderText {#text} at (65,0) size 29x18
              text run at (65,0) width 29: "GHI"
          RenderBlock {P} at (4,58) size 94x18
            RenderText {#text} at (0,0) size 94x18
              text run at (0,0) width 94 RTL: "IHGFEDCBA"
          RenderBlock {P} at (4,76) size 94x18
            RenderText {#text} at (65,0) size 29x18
              text run at (65,0) width 29 RTL: "IHG"
            RenderInline {SPAN} at (0,0) size 31x18
              RenderText {#text} at (34,0) size 31x18
                text run at (34,0) width 31 RTL: "FED"
            RenderText {#text} at (0,0) size 34x18
              text run at (0,0) width 34 RTL: "CBA"
          RenderBlock {P} at (4,94) size 94x18
            RenderText {#text} at (65,0) size 29x18
              text run at (65,0) width 29 RTL: "IHG"
            RenderInline {SPAN} at (0,0) size 31x18
              RenderText {#text} at (34,0) size 31x18
                text run at (34,0) width 31: "DEF"
            RenderText {#text} at (0,0) size 34x18
              text run at (0,0) width 34 RTL: "CBA"
          RenderBlock {P} at (4,112) size 94x18
            RenderText {#text} at (65,0) size 29x18
              text run at (65,0) width 29 RTL: "IHG"
            RenderInline {BDO} at (0,0) size 31x18
              RenderText {#text} at (34,0) size 31x18
                text run at (34,0) width 31 RTL: "FED"
            RenderText {#text} at (0,0) size 34x18
              text run at (0,0) width 34 RTL: "CBA"
          RenderBlock {P} at (4,130) size 94x18
            RenderText {#text} at (65,0) size 29x18
              text run at (65,0) width 29 RTL: "IHG"
            RenderInline {SPAN} at (0,0) size 31x18
              RenderText {#text} at (34,0) size 31x18
                text run at (34,0) width 31 RTL: "FED"
            RenderText {#text} at (0,0) size 34x18
              text run at (0,0) width 34 RTL: "CBA"
          RenderBlock {P} at (4,148) size 94x18
            RenderText {#text} at (65,0) size 29x18
              text run at (65,0) width 29 RTL: "IHG"
            RenderInline {BDO} at (0,0) size 31x18
              RenderText {#text} at (34,0) size 31x18
                text run at (34,0) width 31: "DEF"
            RenderText {#text} at (0,0) size 34x18
              text run at (0,0) width 34 RTL: "CBA"
        RenderText {#text} at (108,82) size 4x18
          text run at (108,82) width 4: " "
        RenderBlock {DIV} at (115,50) size 35x84 [border: (1px solid #008000)]
          RenderTable {TABLE} at (4,4) size 27x19
            RenderTableSection {TBODY} at (0,0) size 27x19
              RenderTableRow {TR} at (0,0) size 27x19
                RenderTableCell {TD} at (0,0) size 7x19 [r=0 c=0 rs=1 cs=1]
                  RenderText {#text} at (0,1) size 7x18
                    text run at (0,1) width 7 RTL: "\x{5D2}"
                RenderTableCell {TD} at (6,0) size 10x19 [r=0 c=1 rs=1 cs=1]
                  RenderText {#text} at (0,1) size 10x18
                    text run at (0,1) width 10 RTL: "\x{5D1}"
                RenderTableCell {TD} at (15,0) size 12x19 [r=0 c=2 rs=1 cs=1]
                  RenderText {#text} at (0,1) size 11x18
                    text run at (0,1) width 11 RTL: "\x{5D0}"
          RenderBlock {P} at (4,23) size 27x19
            RenderText {#text} at (0,1) size 27x18
              text run at (0,1) width 27 RTL: "\x{5D0}\x{5D1}\x{5D2}"
          RenderBlock {P} at (4,42) size 27x19
            RenderText {#text} at (0,1) size 27x18
              text run at (0,1) width 27 RTL: "\x{5D0}\x{5D1}\x{5D2}"
          RenderBlock {P} at (4,61) size 27x19
            RenderText {#text} at (0,1) size 27x18
              text run at (0,1) width 27: "\x{5D2}\x{5D1}\x{5D0}"
        RenderText {#text} at (152,82) size 5x18
          text run at (152,82) width 5: " "
        RenderBlock {DIV} at (159,60) size 101x65 [border: (1px solid #008000)]
          RenderTable {TABLE} at (4,4) size 93x19
            RenderTableSection {TBODY} at (0,0) size 93x19
              RenderTableRow {TR} at (0,0) size 93x19
                RenderTableCell {TD} at (0,0) size 7x19 [r=0 c=0 rs=1 cs=1]
                  RenderText {#text} at (0,1) size 7x18
                    text run at (0,1) width 7 RTL: "\x{5D2}"
                RenderTableCell {TD} at (6,0) size 10x19 [r=0 c=1 rs=1 cs=1]
                  RenderText {#text} at (0,1) size 10x18
                    text run at (0,1) width 10 RTL: "\x{5D1}"
                RenderTableCell {TD} at (15,0) size 12x19 [r=0 c=2 rs=1 cs=1]
                  RenderText {#text} at (0,1) size 11x18
                    text run at (0,1) width 11 RTL: "\x{5D0}"
                RenderTableCell {TD} at (26,0) size 5x19 [r=0 c=3 rs=1 cs=1]
                  RenderText {#text} at (0,0) size 4x19
                    text run at (0,1) width 4: " "
                RenderTableCell {TD} at (30,0) size 13x19 [r=0 c=4 rs=1 cs=1]
                  RenderText {#text} at (0,0) size 12x19
                    text run at (0,1) width 12: "A"
                RenderTableCell {TD} at (42,0) size 12x19 [r=0 c=5 rs=1 cs=1]
                  RenderText {#text} at (0,0) size 11x19
                    text run at (0,1) width 11: "B"
                RenderTableCell {TD} at (53,0) size 12x19 [r=0 c=6 rs=1 cs=1]
                  RenderText {#text} at (0,0) size 11x19
                    text run at (0,1) width 11: "C"
                RenderTableCell {TD} at (64,0) size 5x19 [r=0 c=7 rs=1 cs=1]
                  RenderText {#text} at (0,0) size 4x19
                    text run at (0,1) width 4: " "
                RenderTableCell {TD} at (68,0) size 6x19 [r=0 c=8 rs=1 cs=1]
                  RenderText {#text} at (0,1) size 6x18
                    text run at (0,1) width 6 RTL: "\x{5D5}"
                RenderTableCell {TD} at (73,0) size 12x19 [r=0 c=9 rs=1 cs=1]
                  RenderText {#text} at (0,1) size 12x18
                    text run at (0,1) width 12 RTL: "\x{5D4}"
                RenderTableCell {TD} at (84,0) size 9x19 [r=0 c=10 rs=1 cs=1]
                  RenderText {#text} at (0,1) size 9x18
                    text run at (0,1) width 9 RTL: "\x{5D3}"
          RenderBlock {P} at (4,23) size 93x19
            RenderText {#text} at (0,1) size 93x18
              text run at (0,1) width 27 RTL: "\x{5D0}\x{5D1}\x{5D2}"
              text run at (26,1) width 43: " ABC "
              text run at (68,1) width 25 RTL: "\x{5D3}\x{5D4}\x{5D5}"
          RenderBlock {P} at (4,42) size 93x19
            RenderText {#text} at (0,1) size 93x18
              text run at (0,1) width 31 RTL: " \x{5D0}\x{5D1}\x{5D2}"
              text run at (30,1) width 35: "ABC"
              text run at (64,1) width 29 RTL: "\x{5D3}\x{5D4}\x{5D5} "
        RenderText {#text} at (262,82) size 5x18
          text run at (262,82) width 5: " "
        RenderBlock {DIV} at (269,3) size 168x179 [border: (1px solid #008000)]
          RenderTable {TABLE} at (4,4) size 159x19
            RenderTableSection {TBODY} at (0,0) size 159x19
              RenderTableRow {TR} at (0,0) size 159x19
                RenderTableCell {TD} at (0,0) size 7x19 [r=0 c=0 rs=1 cs=1]
                  RenderText {#text} at (0,1) size 7x18
                    text run at (0,1) width 7 RTL: "\x{5D2}"
                RenderTableCell {TD} at (6,0) size 10x19 [r=0 c=1 rs=1 cs=1]
                  RenderText {#text} at (0,1) size 10x18
                    text run at (0,1) width 10 RTL: "\x{5D1}"
                RenderTableCell {TD} at (15,0) size 12x19 [r=0 c=2 rs=1 cs=1]
                  RenderText {#text} at (0,1) size 11x18
                    text run at (0,1) width 11 RTL: "\x{5D0}"
                RenderTableCell {TD} at (26,0) size 5x19 [r=0 c=3 rs=1 cs=1]
                  RenderText {#text} at (0,0) size 4x19
                    text run at (0,1) width 4: " "
                RenderTableCell {TD} at (30,0) size 13x19 [r=0 c=4 rs=1 cs=1]
                  RenderText {#text} at (0,0) size 12x19
                    text run at (0,1) width 12: "A"
                RenderTableCell {TD} at (42,0) size 12x19 [r=0 c=5 rs=1 cs=1]
                  RenderText {#text} at (0,0) size 11x19
                    text run at (0,1) width 11: "B"
                RenderTableCell {TD} at (53,0) size 12x19 [r=0 c=6 rs=1 cs=1]
                  RenderText {#text} at (0,0) size 11x19
                    text run at (0,1) width 11: "C"
                RenderTableCell {TD} at (64,0) size 5x19 [r=0 c=7 rs=1 cs=1]
                  RenderText {#text} at (0,0) size 4x19
                    text run at (0,1) width 4: " "
                RenderTableCell {TD} at (68,0) size 6x19 [r=0 c=8 rs=1 cs=1]
                  RenderText {#text} at (0,1) size 6x18
                    text run at (0,1) width 6 RTL: "\x{5D5}"
                RenderTableCell {TD} at (73,0) size 12x19 [r=0 c=9 rs=1 cs=1]
                  RenderText {#text} at (0,1) size 12x18
                    text run at (0,1) width 12 RTL: "\x{5D4}"
                RenderTableCell {TD} at (84,0) size 9x19 [r=0 c=10 rs=1 cs=1]
                  RenderText {#text} at (0,1) size 9x18
                    text run at (0,1) width 9 RTL: "\x{5D3}"
                RenderTableCell {TD} at (92,0) size 5x19 [r=0 c=11 rs=1 cs=1]
                  RenderText {#text} at (0,0) size 4x19
                    text run at (0,1) width 4: " "
                RenderTableCell {TD} at (96,0) size 13x19 [r=0 c=12 rs=1 cs=1]
                  RenderText {#text} at (0,0) size 12x19
                    text run at (0,1) width 12: "D"
                RenderTableCell {TD} at (108,0) size 11x19 [r=0 c=13 rs=1 cs=1]
                  RenderText {#text} at (0,0) size 10x19
                    text run at (0,1) width 10: "E"
                RenderTableCell {TD} at (118,0) size 10x19 [r=0 c=14 rs=1 cs=1]
                  RenderText {#text} at (0,0) size 9x19
                    text run at (0,1) width 9: "F"
                RenderTableCell {TD} at (127,0) size 5x19 [r=0 c=15 rs=1 cs=1]
                  RenderText {#text} at (0,0) size 4x19
                    text run at (0,1) width 4: " "
                RenderTableCell {TD} at (131,0) size 12x19 [r=0 c=16 rs=1 cs=1]
                  RenderText {#text} at (0,1) size 11x18
                    text run at (0,1) width 11 RTL: "\x{5D8}"
                RenderTableCell {TD} at (142,0) size 12x19 [r=0 c=17 rs=1 cs=1]
                  RenderText {#text} at (0,1) size 12x18
                    text run at (0,1) width 12 RTL: "\x{5D7}"
                RenderTableCell {TD} at (153,0) size 6x19 [r=0 c=18 rs=1 cs=1]
                  RenderText {#text} at (0,1) size 6x18
                    text run at (0,1) width 6 RTL: "\x{5D6}"
          RenderBlock {P} at (4,23) size 159x19
            RenderText {#text} at (0,1) size 159x18
              text run at (0,1) width 27 RTL: "\x{5D0}\x{5D1}\x{5D2}"
              text run at (26,1) width 43: " ABC "
              text run at (68,1) width 25 RTL: "\x{5D3}\x{5D4}\x{5D5}"
              text run at (92,1) width 40: " DEF "
              text run at (131,1) width 28 RTL: "\x{5D6}\x{5D7}\x{5D8}"
          RenderBlock {P} at (4,42) size 159x19
            RenderText {#text} at (0,1) size 31x18
              text run at (0,1) width 27 RTL: "\x{5D0}\x{5D1}\x{5D2}"
              text run at (26,1) width 5: " "
            RenderInline {SPAN} at (0,0) size 63x18
              RenderText {#text} at (30,1) size 63x18
                text run at (30,1) width 39: "ABC "
                text run at (68,1) width 25 RTL: "\x{5D3}\x{5D4}\x{5D5}"
            RenderText {#text} at (92,1) size 67x18
              text run at (92,1) width 40: " DEF "
              text run at (131,1) width 28 RTL: "\x{5D6}\x{5D7}\x{5D8}"
          RenderBlock {P} at (4,61) size 159x19
            RenderText {#text} at (0,1) size 31x18
              text run at (0,1) width 27 RTL: "\x{5D0}\x{5D1}\x{5D2}"
              text run at (26,1) width 5: " "
            RenderInline {SPAN} at (0,0) size 98x18
              RenderText {#text} at (30,1) size 98x18
                text run at (30,1) width 39: "ABC "
                text run at (68,1) width 25 RTL: "\x{5D3}\x{5D4}\x{5D5}"
                text run at (92,1) width 36: " DEF"
            RenderText {#text} at (127,1) size 32x18
              text run at (127,1) width 5: " "
              text run at (131,1) width 28 RTL: "\x{5D6}\x{5D7}\x{5D8}"
          RenderBlock {P} at (4,80) size 159x19
            RenderText {#text} at (127,1) size 32x18
              text run at (127,1) width 32 RTL: "\x{5D6}\x{5D7}\x{5D8} "
            RenderInline {SPAN} at (0,0) size 98x18
              RenderText {#text} at (30,1) size 98x18
                text run at (30,1) width 35: "ABC"
                text run at (64,1) width 33 RTL: " \x{5D3}\x{5D4}\x{5D5} "
                text run at (96,1) width 32: "DEF"
            RenderText {#text} at (0,1) size 31x18
              text run at (0,1) width 31 RTL: " \x{5D0}\x{5D1}\x{5D2}"
          RenderBlock {P} at (4,99) size 159x19
            RenderText {#text} at (64,1) size 29x18
              text run at (64,1) width 29 RTL: "\x{5D3}\x{5D4}\x{5D5} "
            RenderInline {SPAN} at (0,0) size 65x18
              RenderText {#text} at (0,1) size 65x18
                text run at (0,1) width 31 RTL: " \x{5D0}\x{5D1}\x{5D2}"
                text run at (30,1) width 35: "ABC"
            RenderText {#text} at (92,1) size 67x18
              text run at (92,1) width 40: " DEF "
              text run at (131,1) width 28 RTL: "\x{5D6}\x{5D7}\x{5D8}"
          RenderBlock {P} at (4,118) size 159x19
            RenderText {#text} at (64,1) size 29x18
              text run at (64,1) width 29 RTL: "\x{5D3}\x{5D4}\x{5D5} "
            RenderInline {BDO} at (0,0) size 65x18
              RenderText {#text} at (0,1) size 65x18
                text run at (0,1) width 65 RTL: "CBA \x{5D0}\x{5D1}\x{5D2}"
            RenderText {#text} at (92,1) size 67x18
              text run at (92,1) width 40: " DEF "
              text run at (131,1) width 28 RTL: "\x{5D6}\x{5D7}\x{5D8}"
          RenderBlock {P} at (4,137) size 159x19
            RenderText {#text} at (0,1) size 31x18
              text run at (0,1) width 27 RTL: "\x{5D0}\x{5D1}\x{5D2}"
              text run at (26,1) width 5: " "
            RenderInline {BDO} at (0,0) size 63x18
              RenderText {#text} at (30,1) size 63x18
                text run at (30,1) width 63: "ABC \x{5D5}\x{5D4}\x{5D3}"
            RenderText {#text} at (92,1) size 67x18
              text run at (92,1) width 40: " DEF "
              text run at (131,1) width 28 RTL: "\x{5D6}\x{5D7}\x{5D8}"
          RenderBlock {P} at (4,156) size 159x19
            RenderText {#text} at (127,1) size 32x18
              text run at (127,1) width 32 RTL: "\x{5D6}\x{5D7}\x{5D8} "
            RenderInline {BDO} at (0,0) size 63x18
              RenderText {#text} at (30,1) size 63x18
                text run at (30,1) width 63: "ABC \x{5D5}\x{5D4}\x{5D3}"
            RenderText {#text} at (0,1) size 128x18
              text run at (0,1) width 31 RTL: " \x{5D0}\x{5D1}\x{5D2}"
              text run at (92,1) width 36: " DEF"
        RenderText {#text} at (439,82) size 5x18
          text run at (439,82) width 5: " "
        RenderBlock {DIV} at (446,69) size 201x46 [border: (1px solid #008000)]
          RenderTable {TABLE} at (4,4) size 192x19
            RenderTableSection {TBODY} at (0,0) size 192x19
              RenderTableRow {TR} at (0,0) size 192x19
                RenderTableCell {TD} at (0,0) size 7x19 [r=0 c=0 rs=1 cs=1]
                  RenderText {#text} at (0,1) size 7x18
                    text run at (0,1) width 7 RTL: "\x{5D2}"
                RenderTableCell {TD} at (6,0) size 10x19 [r=0 c=1 rs=1 cs=1]
                  RenderText {#text} at (0,1) size 10x18
                    text run at (0,1) width 10 RTL: "\x{5D1}"
                RenderTableCell {TD} at (15,0) size 12x19 [r=0 c=2 rs=1 cs=1]
                  RenderText {#text} at (0,1) size 11x18
                    text run at (0,1) width 11 RTL: "\x{5D0}"
                RenderTableCell {TD} at (26,0) size 5x19 [r=0 c=3 rs=1 cs=1]
                  RenderText {#text} at (0,0) size 4x19
                    text run at (0,1) width 4: " "
                RenderTableCell {TD} at (30,0) size 13x19 [r=0 c=4 rs=1 cs=1]
                  RenderText {#text} at (0,0) size 12x19
                    text run at (0,1) width 12: "A"
                RenderTableCell {TD} at (42,0) size 12x19 [r=0 c=5 rs=1 cs=1]
                  RenderText {#text} at (0,0) size 11x19
                    text run at (0,1) width 11: "B"
                RenderTableCell {TD} at (53,0) size 12x19 [r=0 c=6 rs=1 cs=1]
                  RenderText {#text} at (0,0) size 11x19
                    text run at (0,1) width 11: "C"
                RenderTableCell {TD} at (64,0) size 5x19 [r=0 c=7 rs=1 cs=1]
                  RenderText {#text} at (0,0) size 4x19
                    text run at (0,1) width 4: " "
                RenderTableCell {TD} at (68,0) size 6x19 [r=0 c=8 rs=1 cs=1]
                  RenderText {#text} at (0,1) size 6x18
                    text run at (0,1) width 6 RTL: "\x{5D5}"
                RenderTableCell {TD} at (73,0) size 12x19 [r=0 c=9 rs=1 cs=1]
                  RenderText {#text} at (0,1) size 12x18
                    text run at (0,1) width 12 RTL: "\x{5D4}"
                RenderTableCell {TD} at (84,0) size 9x19 [r=0 c=10 rs=1 cs=1]
                  RenderText {#text} at (0,1) size 9x18
                    text run at (0,1) width 9 RTL: "\x{5D3}"
                RenderTableCell {TD} at (92,0) size 5x19 [r=0 c=11 rs=1 cs=1]
                  RenderText {#text} at (0,0) size 4x19
                    text run at (0,1) width 4: " "
                RenderTableCell {TD} at (96,0) size 13x19 [r=0 c=12 rs=1 cs=1]
                  RenderText {#text} at (0,0) size 12x19
                    text run at (0,1) width 12: "D"
                RenderTableCell {TD} at (108,0) size 11x19 [r=0 c=13 rs=1 cs=1]
                  RenderText {#text} at (0,0) size 10x19
                    text run at (0,1) width 10: "E"
                RenderTableCell {TD} at (118,0) size 10x19 [r=0 c=14 rs=1 cs=1]
                  RenderText {#text} at (0,0) size 9x19
                    text run at (0,1) width 9: "F"
                RenderTableCell {TD} at (127,0) size 5x19 [r=0 c=15 rs=1 cs=1]
                  RenderText {#text} at (0,0) size 4x19
                    text run at (0,1) width 4: " "
                RenderTableCell {TD} at (131,0) size 13x19 [r=0 c=16 rs=1 cs=1]
                  RenderText {#text} at (0,0) size 12x19
                    text run at (0,1) width 12: "G"
                RenderTableCell {TD} at (143,0) size 13x19 [r=0 c=17 rs=1 cs=1]
                  RenderText {#text} at (0,0) size 12x19
                    text run at (0,1) width 12: "H"
                RenderTableCell {TD} at (155,0) size 6x19 [r=0 c=18 rs=1 cs=1]
                  RenderText {#text} at (0,0) size 5x19
                    text run at (0,1) width 5: "I"
                RenderTableCell {TD} at (160,0) size 5x19 [r=0 c=19 rs=1 cs=1]
                  RenderText {#text} at (0,0) size 4x19
                    text run at (0,1) width 4: " "
                RenderTableCell {TD} at (164,0) size 12x19 [r=0 c=20 rs=1 cs=1]
                  RenderText {#text} at (0,1) size 11x18
                    text run at (0,1) width 11 RTL: "\x{5D8}"
                RenderTableCell {TD} at (175,0) size 12x19 [r=0 c=21 rs=1 cs=1]
                  RenderText {#text} at (0,1) size 12x18
                    text run at (0,1) width 12 RTL: "\x{5D7}"
                RenderTableCell {TD} at (186,0) size 6x19 [r=0 c=22 rs=1 cs=1]
                  RenderText {#text} at (0,1) size 6x18
                    text run at (0,1) width 6 RTL: "\x{5D6}"
          RenderBlock {P} at (4,23) size 192x19
            RenderText {#text} at (0,1) size 192x18
              text run at (0,1) width 27 RTL: "\x{5D0}\x{5D1}\x{5D2}"
              text run at (26,1) width 43: " ABC "
              text run at (68,1) width 25 RTL: "\x{5D3}\x{5D4}\x{5D5}"
              text run at (92,1) width 73: " DEF GHI "
              text run at (164,1) width 28 RTL: "\x{5D6}\x{5D7}\x{5D8}"
        RenderText {#text} at (649,82) size 5x18
          text run at (649,82) width 5: " "
        RenderBR {BR} at (653,82) size 1x18
        RenderBlock {DIV} at (3,188) size 200x46 [border: (1px solid #008000)]
          RenderTable {TABLE} at (4,4) size 192x19
            RenderTableSection {TBODY} at (0,0) size 192x19
              RenderTableRow {TR} at (0,0) size 192x19
                RenderTableCell {TD} at (0,0) size 9x19 [r=0 c=0 rs=1 cs=1]
                  RenderText {#text} at (0,0) size 9x19
                    text run at (0,1) width 9: "F"
                RenderTableCell {TD} at (9,0) size 10x19 [r=0 c=1 rs=1 cs=1]
                  RenderText {#text} at (0,0) size 10x19
                    text run at (0,1) width 10: "E"
                RenderTableCell {TD} at (19,0) size 12x19 [r=0 c=2 rs=1 cs=1]
                  RenderText {#text} at (0,0) size 12x19
                    text run at (0,1) width 12: "D"
                RenderTableCell {TD} at (31,0) size 4x19 [r=0 c=3 rs=1 cs=1]
                  RenderText {#text} at (0,0) size 4x19
                    text run at (0,1) width 4: " "
                RenderTableCell {TD} at (35,0) size 6x19 [r=0 c=4 rs=1 cs=1]
                  RenderText {#text} at (0,1) size 6x18
                    text run at (0,1) width 6 RTL: "\x{5D5}"
                RenderTableCell {TD} at (40,0) size 12x19 [r=0 c=5 rs=1 cs=1]
                  RenderText {#text} at (0,1) size 12x18
                    text run at (0,1) width 12 RTL: "\x{5D4}"
                RenderTableCell {TD} at (51,0) size 9x19 [r=0 c=6 rs=1 cs=1]
                  RenderText {#text} at (0,1) size 9x18
                    text run at (0,1) width 9 RTL: "\x{5D3}"
                RenderTableCell {TD} at (59,0) size 5x19 [r=0 c=7 rs=1 cs=1]
                  RenderText {#text} at (0,0) size 4x19
                    text run at (0,1) width 4: " "
                RenderTableCell {TD} at (63,0) size 12x19 [r=0 c=8 rs=1 cs=1]
                  RenderText {#text} at (0,0) size 11x19
                    text run at (0,1) width 11: "C"
                RenderTableCell {TD} at (74,0) size 12x19 [r=0 c=9 rs=1 cs=1]
                  RenderText {#text} at (0,0) size 11x19
                    text run at (0,1) width 11: "B"
                RenderTableCell {TD} at (85,0) size 13x19 [r=0 c=10 rs=1 cs=1]
                  RenderText {#text} at (0,0) size 12x19
                    text run at (0,1) width 12: "A"
                RenderTableCell {TD} at (97,0) size 5x19 [r=0 c=11 rs=1 cs=1]
                  RenderText {#text} at (0,0) size 4x19
                    text run at (0,1) width 4: " "
                RenderTableCell {TD} at (101,0) size 8x19 [r=0 c=12 rs=1 cs=1]
                  RenderText {#text} at (0,1) size 7x18
                    text run at (0,1) width 7 RTL: "\x{5D2}"
                RenderTableCell {TD} at (108,0) size 10x19 [r=0 c=13 rs=1 cs=1]
                  RenderText {#text} at (0,1) size 10x18
                    text run at (0,1) width 10 RTL: "\x{5D1}"
                RenderTableCell {TD} at (117,0) size 11x19 [r=0 c=14 rs=1 cs=1]
                  RenderText {#text} at (0,1) size 11x18
                    text run at (0,1) width 11 RTL: "\x{5D0}"
                RenderTableCell {TD} at (127,0) size 5x19 [r=0 c=15 rs=1 cs=1]
                  RenderText {#text} at (0,0) size 4x19
                    text run at (0,1) width 4: " "
                RenderTableCell {TD} at (131,0) size 13x19 [r=0 c=16 rs=1 cs=1]
                  RenderText {#text} at (0,0) size 12x19
                    text run at (0,1) width 12: "G"
                RenderTableCell {TD} at (143,0) size 13x19 [r=0 c=17 rs=1 cs=1]
                  RenderText {#text} at (0,0) size 12x19
                    text run at (0,1) width 12: "H"
                RenderTableCell {TD} at (155,0) size 6x19 [r=0 c=18 rs=1 cs=1]
                  RenderText {#text} at (0,0) size 5x19
                    text run at (0,1) width 5: "I"
                RenderTableCell {TD} at (160,0) size 5x19 [r=0 c=19 rs=1 cs=1]
                  RenderText {#text} at (0,0) size 4x19
                    text run at (0,1) width 4: " "
                RenderTableCell {TD} at (164,0) size 12x19 [r=0 c=20 rs=1 cs=1]
                  RenderText {#text} at (0,1) size 11x18
                    text run at (0,1) width 11 RTL: "\x{5D8}"
                RenderTableCell {TD} at (175,0) size 12x19 [r=0 c=21 rs=1 cs=1]
                  RenderText {#text} at (0,1) size 12x18
                    text run at (0,1) width 12 RTL: "\x{5D7}"
                RenderTableCell {TD} at (186,0) size 6x19 [r=0 c=22 rs=1 cs=1]
                  RenderText {#text} at (0,1) size 6x18
                    text run at (0,1) width 6 RTL: "\x{5D6}"
          RenderBlock {P} at (4,23) size 192x19
            RenderText {#text} at (97,1) size 31x18
              text run at (97,1) width 31 RTL: "\x{5D0}\x{5D1}\x{5D2} "
            RenderInline {BDO} at (0,0) size 98x18
              RenderText {#text} at (0,1) size 98x18
                text run at (0,1) width 98 RTL: "ABC \x{5D3}\x{5D4}\x{5D5} DEF"
            RenderText {#text} at (127,1) size 65x18
              text run at (127,1) width 38: " GHI "
              text run at (164,1) width 28 RTL: "\x{5D6}\x{5D7}\x{5D8}"
        RenderText {#text} at (205,201) size 5x18
          text run at (205,201) width 5: " "
        RenderBlock {DIV} at (212,188) size 201x46 [border: (1px solid #008000)]
          RenderTable {TABLE} at (4,4) size 192x19
            RenderTableSection {TBODY} at (0,0) size 192x19
              RenderTableRow {TR} at (0,0) size 192x19
                RenderTableCell {TD} at (0,0) size 7x19 [r=0 c=0 rs=1 cs=1]
                  RenderText {#text} at (0,1) size 7x18
                    text run at (0,1) width 7 RTL: "\x{5D2}"
                RenderTableCell {TD} at (6,0) size 10x19 [r=0 c=1 rs=1 cs=1]
                  RenderText {#text} at (0,1) size 10x18
                    text run at (0,1) width 10 RTL: "\x{5D1}"
                RenderTableCell {TD} at (15,0) size 12x19 [r=0 c=2 rs=1 cs=1]
                  RenderText {#text} at (0,1) size 11x18
                    text run at (0,1) width 11 RTL: "\x{5D0}"
                RenderTableCell {TD} at (26,0) size 5x19 [r=0 c=3 rs=1 cs=1]
                  RenderText {#text} at (0,0) size 4x19
                    text run at (0,1) width 4: " "
                RenderTableCell {TD} at (30,0) size 13x19 [r=0 c=4 rs=1 cs=1]
                  RenderText {#text} at (0,0) size 12x19
                    text run at (0,1) width 12: "A"
                RenderTableCell {TD} at (42,0) size 12x19 [r=0 c=5 rs=1 cs=1]
                  RenderText {#text} at (0,0) size 11x19
                    text run at (0,1) width 11: "B"
                RenderTableCell {TD} at (53,0) size 12x19 [r=0 c=6 rs=1 cs=1]
                  RenderText {#text} at (0,0) size 11x19
                    text run at (0,1) width 11: "C"
                RenderTableCell {TD} at (64,0) size 5x19 [r=0 c=7 rs=1 cs=1]
                  RenderText {#text} at (0,0) size 4x19
                    text run at (0,1) width 4: " "
                RenderTableCell {TD} at (68,0) size 10x19 [r=0 c=8 rs=1 cs=1]
                  RenderText {#text} at (0,0) size 9x19
                    text run at (0,1) width 9: "F"
                RenderTableCell {TD} at (77,0) size 11x19 [r=0 c=9 rs=1 cs=1]
                  RenderText {#text} at (0,0) size 10x19
                    text run at (0,1) width 10: "E"
                RenderTableCell {TD} at (87,0) size 13x19 [r=0 c=10 rs=1 cs=1]
                  RenderText {#text} at (0,0) size 12x19
                    text run at (0,1) width 12: "D"
                RenderTableCell {TD} at (99,0) size 5x19 [r=0 c=11 rs=1 cs=1]
                  RenderText {#text} at (0,0) size 4x19
                    text run at (0,1) width 4: " "
                RenderTableCell {TD} at (103,0) size 6x19 [r=0 c=12 rs=1 cs=1]
                  RenderText {#text} at (0,1) size 6x18
                    text run at (0,1) width 6 RTL: "\x{5D5}"
                RenderTableCell {TD} at (108,0) size 12x19 [r=0 c=13 rs=1 cs=1]
                  RenderText {#text} at (0,1) size 12x18
                    text run at (0,1) width 12 RTL: "\x{5D4}"
                RenderTableCell {TD} at (119,0) size 9x19 [r=0 c=14 rs=1 cs=1]
                  RenderText {#text} at (0,1) size 9x18
                    text run at (0,1) width 9 RTL: "\x{5D3}"
                RenderTableCell {TD} at (127,0) size 5x19 [r=0 c=15 rs=1 cs=1]
                  RenderText {#text} at (0,0) size 4x19
                    text run at (0,1) width 4: " "
                RenderTableCell {TD} at (131,0) size 13x19 [r=0 c=16 rs=1 cs=1]
                  RenderText {#text} at (0,0) size 12x19
                    text run at (0,1) width 12: "G"
                RenderTableCell {TD} at (143,0) size 13x19 [r=0 c=17 rs=1 cs=1]
                  RenderText {#text} at (0,0) size 12x19
                    text run at (0,1) width 12: "H"
                RenderTableCell {TD} at (155,0) size 6x19 [r=0 c=18 rs=1 cs=1]
                  RenderText {#text} at (0,0) size 5x19
                    text run at (0,1) width 5: "I"
                RenderTableCell {TD} at (160,0) size 5x19 [r=0 c=19 rs=1 cs=1]
                  RenderText {#text} at (0,0) size 4x19
                    text run at (0,1) width 4: " "
                RenderTableCell {TD} at (164,0) size 12x19 [r=0 c=20 rs=1 cs=1]
                  RenderText {#text} at (0,1) size 11x18
                    text run at (0,1) width 11 RTL: "\x{5D8}"
                RenderTableCell {TD} at (175,0) size 12x19 [r=0 c=21 rs=1 cs=1]
                  RenderText {#text} at (0,1) size 12x18
                    text run at (0,1) width 12 RTL: "\x{5D7}"
                RenderTableCell {TD} at (186,0) size 6x19 [r=0 c=22 rs=1 cs=1]
                  RenderText {#text} at (0,1) size 6x18
                    text run at (0,1) width 6 RTL: "\x{5D6}"
          RenderBlock {P} at (4,23) size 192x19
            RenderText {#text} at (0,1) size 69x18
              text run at (0,1) width 27 RTL: "\x{5D0}\x{5D1}\x{5D2}"
              text run at (26,1) width 43: " ABC "
            RenderInline {BDO} at (0,0) size 60x18
              RenderText {#text} at (68,1) size 60x18
                text run at (68,1) width 60 RTL: "\x{5D3}\x{5D4}\x{5D5} DEF"
            RenderText {#text} at (127,1) size 65x18
              text run at (127,1) width 38: " GHI "
              text run at (164,1) width 28 RTL: "\x{5D6}\x{5D7}\x{5D8}"
        RenderText {#text} at (0,0) size 0x0
      RenderBlock {HR} at (0,371) size 784x3 [border: (1px inset #000000)]
      RenderBlock {P} at (0,389) size 784x19
        RenderText {#text} at (0,0) size 58x18
          text run at (0,0) width 58: "(Back to "
        RenderInline {A} at (0,0) size 158x18 [color=#0000EE]
          RenderText {#text} at (58,0) size 158x18
            text run at (58,0) width 158: "CSS Testing Information"
        RenderText {#text} at (216,0) size 8x18
          text run at (216,0) width 8: ", "
        RenderInline {A} at (0,0) size 82x18 [color=#0000EE]
          RenderText {#text} at (224,0) size 82x18
            text run at (224,0) width 82: "David Baron"
        RenderText {#text} at (306,0) size 5x18
          text run at (306,0) width 5: ")"
      RenderBlock {P} at (0,423) size 784x19
        RenderInline {A} at (0,0) size 33x18 [color=#0000EE]
          RenderText {#text} at (0,0) size 33x18
            text run at (0,0) width 33: "LDB"
        RenderText {#text} at (33,0) size 8x18
          text run at (33,0) width 8: ", "
        RenderInline {A} at (0,0) size 128x18 [color=#0000EE]
          RenderText {#text} at (41,0) size 128x18
            text run at (41,0) width 128: "dbaron@dbaron.org"
        RenderText {#text} at (169,0) size 82x18
          text run at (169,0) width 82: ", 2001-06-05"
      RenderBlock {P} at (0,457) size 784x19
        RenderText {#text} at (0,0) size 304x18
          text run at (0,0) width 304: "Modified and used with the author\x{2019}s permission."
