layer at (0,0) size 800x600
  RenderView at (0,0) size 800x600
layer at (0,0) size 800x600
  RenderBlock {HTML} at (0,0) size 800x600
    RenderBody {BODY} at (8,8) size 784x576
      RenderBlock {P} at (0,0) size 784x36
        RenderText {#text} at (0,0) size 778x36
          text run at (0,0) width 346: "This test verifies we can render bold Bengali properly. "
          text run at (346,0) width 432: "(This is complicated on Linux because it's typically covered by fake-"
          text run at (0,18) width 433: "bolded FreeSans even though there's also a FreeSansBold available.)"
      RenderBlock {P} at (0,52) size 784x18
        RenderText {#text} at (0,0) size 738x18
          text run at (0,0) width 478: "The test passes if the two words below look similar, but the top one is bold. "
          text run at (478,0) width 260: "There should be no missing-glyph boxes."
      RenderBlock {P} at (0,86) size 784x23
        RenderInline {B} at (0,0) size 39x18
          RenderText {#text} at (0,2) size 39x18
            text run at (0,2) width 39: "\x{9AC}\x{9BE}\x{982}\x{9B2}\x{9BE}"
      RenderBlock {P} at (0,125) size 784x0
      RenderBlock {P} at (0,125) size 784x23
        RenderText {#text} at (0,2) size 32x18
          text run at (0,2) width 32: "\x{9AC}\x{9BE}\x{982}\x{9B2}\x{9BE}"
