layer at (0,0) size 800x600
  RenderView at (0,0) size 800x600
layer at (0,0) size 800x600
  RenderBlock {HTML} at (0,0) size 800x600
    RenderBody {BODY} at (8,8) size 784x576
      RenderBlock {P} at (0,0) size 784x18
        RenderText {#text} at (0,0) size 52x17
          text run at (0,0) width 52: "Test for "
        RenderInline {A} at (0,0) size 68x17 [color=#0000EE]
          RenderText {#text} at (52,0) size 68x17
            text run at (52,0) width 68: "bug 25464"
        RenderText {#text} at (120,0) size 384x17
          text run at (120,0) width 384: ": Test for rendering of Danda (U+0964) followed by a space."
      RenderBlock {P} at (0,34) size 784x21
        RenderText {#text} at (0,3) size 304x17
          text run at (0,3) width 304: "\x{A39}\x{A41}\x{A70}\x{A26}\x{A40} \x{A39}\x{A48}\x{964} \x{A07}\x{A38} \x{A32}\x{A3F}\x{A2A}\x{A40} \x{A26}\x{A47} \x{A35}\x{A3F}\x{A1A} \x{A69}\x{A6B} (35) \x{A05}\x{A71}\x{A16}\x{A30} \x{A39}\x{A41}\x{A70}\x{A26}\x{A47} \x{A39}\x{A28}\x{964}"
