layer at (0,0) size 800x600
  RenderView at (0,0) size 800x600
layer at (0,0) size 800x600
  RenderBlock {HTML} at (0,0) size 800x600
    RenderBody {BODY} at (8,8) size 784x576
      RenderBlock {P} at (0,0) size 784x36
        RenderText {#text} at (0,0) size 760x35
          text run at (0,0) width 760: "This HTML tests if the 'while-space' property controls the behavors of line-break characters (U+000A and U+000D) in a"
          text run at (0,18) width 135: "complex text (Hindi)."
      RenderBlock {P} at (0,52) size 784x39
        RenderText {#text} at (0,3) size 718x35
          text run at (0,3) width 718: "If this test succeeds, you can see this Hindi word \"\x{935}\x{93F}\x{937}\x{92F}\x{94B}\x{902}\" repeated three times separated by a space in the first two"
          text run at (0,21) width 491: "paragraphs. In the third paragraphs, it'll be shown three times in separate lines."
      RenderBlock {P} at (0,107) size 784x21
        RenderText {#text} at (0,3) size 131x17
          text run at (0,3) width 131: "1. \x{935}\x{93F}\x{937}\x{92F}\x{94B}\x{902} \x{935}\x{93F}\x{937}\x{92F}\x{94B}\x{902}\x{D}\x{935}\x{93F}\x{937}\x{92F}\x{94B}\x{902}"
      RenderBlock {P} at (0,144) size 784x21
        RenderText {#text} at (0,3) size 131x17
          text run at (0,3) width 131: "2. \x{935}\x{93F}\x{937}\x{92F}\x{94B}\x{902} \x{935}\x{93F}\x{937}\x{92F}\x{94B}\x{902}\x{D}\x{935}\x{93F}\x{937}\x{92F}\x{94B}\x{902}"
      RenderBlock {P} at (0,181) size 784x60
        RenderText {#text} at (0,0) size 74x59
          text run at (0,0) width 12: "3."
          text run at (12,0) width 0: " "
          text run at (0,21) width 37: "\x{935}\x{93F}\x{937}\x{92F}\x{94B}\x{902}"
          text run at (37,21) width 0: " "
          text run at (0,42) width 74: "\x{935}\x{93F}\x{937}\x{92F}\x{94B}\x{902}\x{D}\x{935}\x{93F}\x{937}\x{92F}\x{94B}\x{902}"
