layer at (0,0) size 800x600
  RenderView at (0,0) size 800x600
layer at (0,0) size 800x600
  RenderBlock {HTML} at (0,0) size 800x600
    RenderBody {BODY} at (8,8) size 784x584
      RenderText {#text} at (0,0) size 777x36
        text run at (0,0) width 777: "This tests the width of a breaking space after a Hindi character to ensure that it's measured properly and enough space is left"
        text run at (0,18) width 752: "for it. Neither the Hindi on the button below nor the same text on two lines below that should be truncated at either end."
      RenderBR {BR} at (752,32) size 0x0
      RenderButton {INPUT} at (2,38) size 121x28 [bgcolor=#F0F0F0] [border: (2px outset #F0F0F0)]
        RenderBlock (anonymous) at (8,3) size 105x22
          RenderText at (0,4) size 105x15
            text run at (0,4) width 105: "\x{915}\x{93F}\x{938}\x{940} \x{92D}\x{940} \x{924}\x{930}\x{939} \x{906}\x{917}\x{947} \x{92C}"
      RenderBR {BR} at (125,57) size 0x0
      RenderInline {SPAN} at (0,0) size 132x18
        RenderText {#text} at (0,74) size 132x18
          text run at (0,74) width 132: "\x{915}\x{93F}\x{938}\x{940} \x{92D}\x{940} \x{924}\x{930}\x{939} \x{906}\x{917}\x{947} \x{92C}"
      RenderText {#text} at (132,74) size 25x18
        text run at (132,74) width 25: "Foo"
      RenderBR {BR} at (157,88) size 0x0
      RenderInline {SPAN} at (0,0) size 132x17
        RenderText {#text} at (0,101) size 132x17
          text run at (0,101) width 132: "\x{915}\x{93F}\x{938}\x{940} \x{92D}\x{940} \x{924}\x{930}\x{939} \x{906}\x{917}\x{947} \x{92C}"
      RenderText {#text} at (132,101) size 25x18
        text run at (132,101) width 25: "Foo"
      RenderBR {BR} at (157,115) size 0x0
