layer at (0,0) size 800x600
  RenderView at (0,0) size 800x600
layer at (0,0) size 800x123
  RenderBlock {HTML} at (0,0) size 800x123
    RenderBody {BODY} at (8,16) size 784x91
      RenderBlock {P} at (0,0) size 784x21
        RenderInline {NOBR} at (0,0) size 193x17
          RenderInline {B} at (0,0) size 25x17
            RenderText {#text} at (0,3) size 25x17
              text run at (0,3) width 25: "\x{179C}\x{17C9}\x{17C2}\x{1794}"
          RenderText {#text} at (25,3) size 4x17
            text run at (25,3) width 4: " "
          RenderInline {A} at (0,0) size 50x17 [color=#0000EE]
            RenderText {#text} at (29,3) size 50x17
              text run at (29,3) width 50: "\x{179A}\x{17BC}\x{1794}\x{1797}\x{17B6}\x{1796}"
          RenderText {#text} at (79,3) size 4x17
            text run at (79,3) width 4: " "
          RenderInline {A} at (0,0) size 30x17 [color=#0000EE]
            RenderText {#text} at (83,3) size 30x17
              text run at (83,3) width 30: "\x{1780}\x{17D2}\x{179A}\x{17BB}\x{1798}"
          RenderText {#text} at (113,3) size 4x17
            text run at (113,3) width 4: " "
          RenderInline {A} at (0,0) size 76x17 [color=#0000EE]
            RenderText {#text} at (117,3) size 76x17
              text run at (117,3) width 76: "\x{1790}\x{178F}\x{17AF}\x{1780}\x{179F}\x{17B6}\x{179A}"
        RenderText {#text} at (0,0) size 0x0
      RenderBlock {P} at (0,37) size 784x54
        RenderText {#text} at (0,0) size 532x17
          text run at (0,0) width 532: "Some Harfbuzz shapers will output cluster logs which suggest that some glyphs had "
        RenderInline {I} at (0,0) size 16x17
          RenderText {#text} at (532,0) size 16x17
            text run at (532,0) width 16: "no"
        RenderText {#text} at (548,0) size 765x35
          text run at (548,0) width 217: " contributing code points. This test"
          text run at (0,18) width 174: "contains such text and uses "
        RenderInline {TT} at (0,0) size 88x15
          RenderText {#text} at (174,21) size 88x15
            text run at (174,21) width 88: "eventSender"
        RenderText {#text} at (262,18) size 440x17
          text run at (262,18) width 440: " to select the text. You should see some of the above text selected and "
        RenderInline {TT} at (0,0) size 80x15
          RenderText {#text} at (702,21) size 80x15
            text run at (702,21) width 80: "test_shell"
        RenderText {#text} at (0,36) size 252x17
          text run at (0,36) width 252: "shouldn't trigger any assertions or crash."
selection start: position 0 of child 0 {#text} of child 0 {B} of child 1 {NOBR} of child 1 {P} of body
selection end:   position 7 of child 0 {#text} of child 6 {A} of child 1 {NOBR} of child 1 {P} of body
