layer at (0,0) size 800x600
  RenderView at (0,0) size 800x600
layer at (0,0) size 800x600
  RenderBlock {HTML} at (0,0) size 800x600
    RenderBody {BODY} at (8,8) size 784x584
      RenderBlock {P} at (0,0) size 784x54
        RenderText {#text} at (0,0) size 53x18
          text run at (0,0) width 53: "Test for "
        RenderInline {A} at (0,0) size 68x18 [color=#0000EE]
          RenderText {#text} at (53,0) size 68x18
            text run at (53,0) width 68: "bug 35605"
        RenderText {#text} at (121,0) size 758x54
          text run at (121,0) width 634: ": Two lines below have one character from CJK Ideograph, one from CJK Ext A (both in BMP) and"
          text run at (0,18) width 758: "three characters from CJK Ext B (plane 2). The last group of characters are covered by Japanese fonts on Mac as well as"
          text run at (0,36) width 331: "two Chinese fonts for Ext B shipped with Windows."
      RenderBlock {DIV} at (0,70) size 784x96
        RenderBlock {DIV} at (0,0) size 784x48
          RenderText {#text} at (0,7) size 176x37
            text run at (0,7) width 176: "\x{4E00} \x{3400} \x{D867}\x{DE8A}\x{D867}\x{DE49}\x{D867}\x{DEDB}"
        RenderBlock {DIV} at (0,48) size 784x48
          RenderText {#text} at (0,7) size 176x37
            text run at (0,7) width 176: "\x{4E00} \x{3400} \x{D867}\x{DE8A}\x{D867}\x{DE49}\x{D867}\x{DEDB}"
