layer at (0,0) size 800x600
  RenderView at (0,0) size 800x600
layer at (0,0) size 800x600
  RenderBlock {HTML} at (0,0) size 800x600
    RenderBody {BODY} at (8,8) size 784x584
      RenderBlock {P} at (0,0) size 784x36
        RenderText {#text} at (0,0) size 104x17
          text run at (0,0) width 104: "This is a test for "
        RenderInline {I} at (0,0) size 749x35
          RenderInline {A} at (0,0) size 348x17 [color=#0000EE]
            RenderText {#text} at (104,0) size 348x17
              text run at (104,0) width 348: "http://bugzilla.opendarwin.org/show_bug.cgi?id=9670"
          RenderText {#text} at (452,0) size 749x35
            text run at (452,0) width 4: " "
            text run at (456,0) width 293: "http://bugzilla.opendarwin.org/show_bug.cgi?"
            text run at (0,18) width 55: "id=9670"
        RenderText {#text} at (55,18) size 4x17
          text run at (55,18) width 4: "."
      RenderBlock {P} at (0,52) size 784x18
        RenderText {#text} at (0,0) size 542x17
          text run at (0,0) width 542: "All text should be aligned with the right edge of its container and should not overflow."
      RenderBlock {DIV} at (0,96) size 191x27 [bgcolor=#FFFF00]
        RenderText {#text} at (0,0) size 191x26
          text run at (0,0) width 38 RTL: "\x{5DE}\x{5D9}\x{5E5}!"
          text run at (38,0) width 6 RTL: " "
          text run at (44,0) width 38 RTL: "\x{5E9}\x{5EA}\x{5D4}"
          text run at (82,0) width 6 RTL: " "
          text run at (88,0) width 53 RTL: "\x{5E4}\x{5DC}\x{5E4}\x{5DC}?"
          text run at (141,0) width 6 RTL: " "
          text run at (147,0) width 44 RTL: "\x{5D0}\x{5DB}\x{5DC}\x{5EA}"
      RenderBlock (anonymous) at (0,123) size 784x78
        RenderBR {BR} at (0,0) size 0x17
        RenderBR {BR} at (199,64) size 0x17
      RenderBlock {DIV} at (0,201) size 191x27 [bgcolor=#FFFF00]
        RenderText {#text} at (0,0) size 191x26
          text run at (0,0) width 191 RTL: "\x{5D0}\x{5DB}\x{5DC}\x{5EA} \x{5E4}\x{5DC}\x{5E4}\x{5DC}? \x{5E9}\x{5EA}\x{5D4} \x{5DE}\x{5D9}\x{5E5}!"
layer at (8,94) size 784x2 clip at (0,0) size 0x0
  RenderBlock {HR} at (0,86) size 784x2 [color=#808080] [border: (1px inset #808080)]
layer at (8,149) size 199x60 clip at (9,150) size 197x58
  RenderTextControl {TEXTAREA} at (0,18) size 199x60 [bgcolor=#FFFFFF] [border: (1px solid #000000)]
    RenderBlock {DIV} at (3,3) size 193x27
      RenderText {#text} at (2,0) size 191x26
        text run at (2,0) width 38 RTL: "\x{5DE}\x{5D9}\x{5E5}!"
        text run at (40,0) width 6 RTL: " "
        text run at (46,0) width 38 RTL: "\x{5E9}\x{5EA}\x{5D4}"
        text run at (84,0) width 6 RTL: " "
        text run at (90,0) width 53 RTL: "\x{5E4}\x{5DC}\x{5E4}\x{5DC}?"
        text run at (143,0) width 6 RTL: " "
        text run at (149,0) width 44 RTL: "\x{5D0}\x{5DB}\x{5DC}\x{5EA}"
