layer at (0,0) size 800x600
  RenderView at (0,0) size 800x600
layer at (313,0) size 487x600
  RenderBlock {HTML} at (0,0) size 487x600
    RenderBody {BODY} at (8,8) size 447x584
      RenderBlock {HR} at (0,0) size 2x584 [border: (1px inset #000000)]
      RenderBlock (anonymous) at (10,0) size 37x584
        RenderInline {SPAN} at (0,0) size 37x429
          RenderText {#text} at (0,0) size 37x429
            text run at (0,0) width 429: "OFF=\x{897F}\x{66A6}2010\x{5E74}1\x{6708}20\x{65E5}365\x{56DE}"
        RenderText {#text} at (0,0) size 0x0
      RenderBlock {HR} at (55,0) size 2x584 [border: (1px inset #000000)]
      RenderBlock (anonymous) at (65,0) size 37x584
        RenderInline {SPAN} at (0,0) size 37x432
          RenderInline {SPAN} at (0,0) size 37x46
            RenderCombineText {#text} at (0,0) size 37x46
              text run at (0,0) width 46: "ON"
          RenderText {#text} at (0,46) size 37x82
            text run at (0,46) width 82: "=\x{897F}\x{66A6}"
          RenderInline {SPAN} at (0,0) size 37x64
            RenderCombineText {#text} at (0,128) size 37x64
              text run at (0,128) width 64: "2010"
          RenderText {#text} at (0,192) size 37x32
            text run at (0,192) width 32: "\x{5E74}"
          RenderInline {SPAN} at (0,0) size 37x32
            RenderCombineText {#text} at (0,224) size 37x32
              text run at (0,224) width 32: "\x{FFFC}"
          RenderText {#text} at (0,256) size 37x32
            text run at (0,256) width 32: "\x{6708}"
          RenderInline {SPAN} at (0,0) size 37x32
            RenderCombineText {#text} at (0,288) size 37x32
              text run at (0,288) width 32: "\x{FFFC}"
          RenderText {#text} at (0,320) size 37x32
            text run at (0,320) width 32: "\x{65E5}"
          RenderInline {SPAN} at (0,0) size 37x48
            RenderCombineText {#text} at (0,352) size 37x48
              text run at (0,352) width 48: "365"
          RenderText {#text} at (0,400) size 37x32
            text run at (0,400) width 32: "\x{56DE}"
        RenderText {#text} at (0,0) size 0x0
      RenderBlock {HR} at (110,0) size 2x584 [border: (1px inset #000000)]
      RenderBlock (anonymous) at (120,0) size 37x584
        RenderInline {SPAN} at (0,0) size 37x466
          RenderInline {SPAN} at (0,0) size 37x80
            RenderCombineText {#text} at (0,0) size 37x80
              text run at (0,0) width 80: "Times"
          RenderText {#text} at (0,80) size 37x82
            text run at (0,80) width 82: "=\x{897F}\x{66A6}"
          RenderInline {SPAN} at (0,0) size 37x64
            RenderCombineText {#text} at (0,162) size 37x64
              text run at (0,162) width 64: "2010"
          RenderText {#text} at (0,226) size 37x32
            text run at (0,226) width 32: "\x{5E74}"
          RenderInline {SPAN} at (0,0) size 37x32
            RenderCombineText {#text} at (0,258) size 37x32
              text run at (0,258) width 32: "\x{FFFC}"
          RenderText {#text} at (0,290) size 37x32
            text run at (0,290) width 32: "\x{6708}"
          RenderInline {SPAN} at (0,0) size 37x32
            RenderCombineText {#text} at (0,322) size 37x32
              text run at (0,322) width 32: "\x{FFFC}"
          RenderText {#text} at (0,354) size 37x32
            text run at (0,354) width 32: "\x{65E5}"
          RenderInline {SPAN} at (0,0) size 37x48
            RenderCombineText {#text} at (0,386) size 37x48
              text run at (0,386) width 48: "365"
          RenderText {#text} at (0,434) size 37x32
            text run at (0,434) width 32: "\x{56DE}"
        RenderText {#text} at (0,0) size 0x0
      RenderBlock {HR} at (165,0) size 2x584 [border: (1px inset #000000)]
      RenderBlock (anonymous) at (175,0) size 74x584
        RenderInline {SPAN} at (0,0) size 37x212
          RenderText {#text} at (0,0) size 37x212
            text run at (0,0) width 212: "OFF=\x{5B57}\x{3042}\x{FF21}A%"
        RenderBR {BR} at (15,212) size 18x0
        RenderInline {SPAN} at (0,0) size 37x224
          RenderInline {SPAN} at (0,0) size 37x46
            RenderCombineText {#text} at (37,0) size 37x46
              text run at (37,0) width 46: "ON"
          RenderText {#text} at (37,46) size 37x18
            text run at (37,46) width 18: "="
          RenderInline {SPAN} at (0,0) size 37x32
            RenderCombineText {#text} at (37,64) size 37x32
              text run at (37,64) width 32: "\x{FFFC}"
          RenderInline {SPAN} at (0,0) size 37x32
            RenderCombineText {#text} at (37,96) size 37x32
              text run at (37,96) width 32: "\x{FFFC}"
          RenderInline {SPAN} at (0,0) size 37x32
            RenderCombineText {#text} at (37,128) size 37x32
              text run at (37,128) width 32: "\x{FFFC}"
          RenderInline {SPAN} at (0,0) size 37x32
            RenderCombineText {#text} at (37,160) size 37x32
              text run at (37,160) width 32: "\x{FFFC}"
          RenderInline {SPAN} at (0,0) size 37x32
            RenderCombineText {#text} at (37,192) size 37x32
              text run at (37,192) width 32: "\x{FFFC}"
          RenderText {#text} at (0,0) size 0x0
      RenderBlock (anonymous) at (265,0) size 182x584
        RenderBlock {HR} at (0,0) size 2x584 [border: (1px inset #000000)]
        RenderBlock {P} at (34,0) size 148x584
          RenderBlock (floating) {SPAN} at (0,309) size 30x275 [border: (1px solid #FF0000)]
            RenderText {#text} at (1,1) size 28x105
              text run at (1,1) width 105: "float:right:"
            RenderInline {SPAN} at (0,0) size 28x48
              RenderCombineText {#text} at (1,106) size 28x48
                text run at (1,106) width 48: "2010"
            RenderText {#text} at (1,154) size 28x24
              text run at (1,154) width 24: "\x{5E74}"
            RenderInline {SPAN} at (0,0) size 28x24
              RenderCombineText {#text} at (1,178) size 28x24
                text run at (1,178) width 24: "\x{FFFC}"
            RenderText {#text} at (1,202) size 28x24
              text run at (1,202) width 24: "\x{6708}"
            RenderInline {SPAN} at (0,0) size 28x24
              RenderCombineText {#text} at (1,226) size 28x24
                text run at (1,226) width 24: "\x{FFFC}"
            RenderText {#text} at (1,250) size 28x24
              text run at (1,250) width 24: "\x{65E5}"
          RenderInline {SPAN} at (0,0) size 129x579
            RenderText {#text} at (15,0) size 129x579
              text run at (15,0) width 303: "\x{305D}\x{306E}\x{5973}\x{304C}\x{306D}\x{304B}\x{3057}\x{3064}\x{3051}\x{306B}\x{6765}\x{3066}\x{304F}\x{308C}\x{308B}\x{307E}\x{3067}\x{3001}\x{308F}\x{305F}\x{3057}"
              text run at (52,0) width 579: "\x{306F}\x{3051}\x{3063}\x{3057}\x{3066}\x{306D}\x{3069}\x{3053}\x{306B}\x{306F}\x{306F}\x{3044}\x{3089}\x{306A}\x{304B}\x{3063}\x{305F}\x{3002}\x{51AC}\x{306E}\x{3042}\x{3089}\x{3057}\x{304C}\x{3060}\x{3093}\x{3054}\x{306E}\x{3088}\x{3046}\x{306A}\x{96EA}\x{3092}\x{3075}\x{304D}\x{3064}\x{3051}\x{3066}\x{7A93}\x{30AC}"
              text run at (89,0) width 577: "\x{30E9}\x{30B9}\x{3092}\x{767D}\x{304F}\x{3059}\x{308B}\x{3058}\x{3076}\x{3093}\x{306B}\x{306A}\x{308B}\x{3068}\x{3001}\x{3053}\x{306E}\x{5973}\x{306E}\x{4EBA}\x{306F}\x{4E21}\x{624B}\x{306E}\x{9593}\x{306B}\x{308F}\x{305F}\x{3057}\x{306E}\x{8DB3}\x{3092}\x{304A}\x{3055}\x{3048}\x{3066}\x{3001}\x{6B4C}\x{3092}\x{6B4C}"
              text run at (126,0) width 450: "\x{3044}\x{306A}\x{304C}\x{3089}\x{6696}\x{3081}\x{3066}\x{304F}\x{308C}\x{305F}\x{3002}\x{305D}\x{306E}\x{6B4C}\x{306E}\x{7BC0}\x{3082}\x{6587}\x{53E5}\x{3082}\x{3001}\x{3044}\x{307E}\x{306B}\x{5FD8}\x{308C}\x{305A}\x{306B}\x{3044}\x{308B}\x{3002}"
          RenderText {#text} at (0,0) size 0x0
      RenderBlock (anonymous) at (479,0) size 0x584
        RenderInline {SPAN} at (0,0) size 0x0
