layer at (0,0) size 800x600
  RenderView at (0,0) size 800x600
layer at (0,0) size 800x332
  RenderBlock {HTML} at (0,0) size 800x332
    RenderBody {BODY} at (8,8) size 784x316
      RenderBlock {DIV} at (0,0) size 784x316
        RenderBlock (anonymous) at (0,0) size 784x36
          RenderText {#text} at (0,0) size 761x36
            text run at (0,0) width 761: "In all four cases below, the exclamation mark should be on the left side of the first line and on the right side of the second"
            text run at (0,18) width 27: "line."
        RenderBlock {DIV} at (0,36) size 784x280
          RenderBR {BR} at (421,52) size 0x18
          RenderBR {BR} at (421,122) size 0x18
          RenderBR {BR} at (421,192) size 0x18
          RenderText {#text} at (0,0) size 0x0
layer at (8,44) size 421x66 clip at (9,45) size 419x64
  RenderTextControl {TEXTAREA} at (0,0) size 421x66 [bgcolor=#FFFFFF] [border: (1px solid #000000)]
    RenderBlock {DIV} at (3,3) size 415x45
      RenderText {#text} at (375,0) size 415x30
        text run at (375,0) width 0 RTL: " "
        text run at (375,0) width 40 RTL: "\x{5E9}\x{5DC}\x{5D5}\x{5DD}!"
        text run at (0,15) width 48: "hello!"
        text run at (48,15) width 0: " "
      RenderBR {BR} at (415,30) size 0x15
layer at (8,114) size 421x66 clip at (9,115) size 419x64
  RenderTextControl {TEXTAREA} at (0,70) size 421x66 [bgcolor=#FFFFFF] [border: (1px solid #000000)]
    RenderBlock {DIV} at (3,3) size 415x45
      RenderText {#text} at (375,0) size 415x30
        text run at (375,0) width 0 RTL: " "
        text run at (375,0) width 40 RTL: "\x{5E9}\x{5DC}\x{5D5}\x{5DD}!"
        text run at (0,15) width 48: "hello!"
        text run at (48,15) width 0: " "
      RenderBR {BR} at (0,30) size 0x15
layer at (8,184) size 421x66 clip at (9,185) size 419x64
  RenderTextControl {TEXTAREA} at (0,140) size 421x66 [bgcolor=#FFFFFF] [border: (1px solid #000000)]
    RenderBlock {DIV} at (3,3) size 415x45
      RenderText {#text} at (375,0) size 415x30
        text run at (375,0) width 0 RTL: " "
        text run at (375,0) width 40 RTL: "\x{5E9}\x{5DC}\x{5D5}\x{5DD}!"
        text run at (0,15) width 48: "hello!"
        text run at (48,15) width 0: " "
      RenderBR {BR} at (0,30) size 0x15
layer at (8,254) size 421x66 clip at (9,255) size 419x64
  RenderTextControl {TEXTAREA} at (0,210) size 421x66 [bgcolor=#FFFFFF] [border: (1px solid #000000)]
    RenderBlock {DIV} at (3,3) size 415x45
      RenderText {#text} at (375,0) size 415x30
        text run at (375,0) width 0 RTL: " "
        text run at (375,0) width 40 RTL: "\x{5E9}\x{5DC}\x{5D5}\x{5DD}!"
        text run at (0,15) width 48: "hello!"
        text run at (48,15) width 0: " "
      RenderBR {BR} at (415,30) size 0x15
