layer at (0,0) size 800x600
  RenderView at (0,0) size 800x600
layer at (0,0) size 800x600
  RenderBlock {HTML} at (0,0) size 800x600
    RenderBody {BODY} at (8,8) size 784x580
      RenderBlock (anonymous) at (0,0) size 784x14
        RenderText {#text} at (0,0) size 345x14
          text run at (0,0) width 345: "Tests that wrapping does not trim the last character if it is not whitespace."
      RenderBlock {P} at (0,26) size 551x42 [border: (3px solid #FF0000)]
        RenderText {#text} at (3,5) size 545x32
          text run at (3,5) width 545: "\x{6700}\x{5927}2GHz\x{306E}Intel Core Duo\x{30D7}\x{30ED}\x{30BB}\x{30C3}\x{30B5}\x{306E}\x{30D1}\x{30EF}\x{30FC}\x{3001}iSight\x{30AB}\x{30E1}\x{30E9}\x{3001}Front Row\x{3001}iLife \x{2019}06\x{3001}13\x{30A4}\x{30F3}\x{30C1}\x{306E}\x{30AF}\x{30EA}\x{30A2}"
          text run at (3,23) width 168: "\x{30EF}\x{30A4}\x{30C9}\x{30B9}\x{30AF}\x{30EA}\x{30FC}\x{30F3}\x{30C7}\x{30A3}\x{30B9}\x{30D7}\x{30EC}\x{30A4}"
