layer at (0,0) size 785x922
  RenderView at (0,0) size 785x600
layer at (0,0) size 785x922
  RenderBlock {HTML} at (0,0) size 785x922
    RenderBody {BODY} at (8,8) size 769x906
      RenderText {#text} at (0,0) size 0x0
      RenderText {#text} at (0,0) size 0x0
layer at (8,8) size 381x906 clip at (9,9) size 379x904
  RenderTextControl {TEXTAREA} at (0,0) size 381x906 [bgcolor=#FFFFFF] [border: (1px solid #000000)]
    RenderBlock {DIV} at (3,3) size 375x18
      RenderText {#text} at (0,0) size 85x17
        text run at (0,0) width 85: "Sample text"
