layer at (0,0) size 800x600
  RenderView at (0,0) size 800x600
layer at (0,0) size 800x600
  RenderBlock {HTML} at (0,0) size 800x600
    RenderBody {BODY} at (8,8) size 784x584
      RenderBlock {P} at (0,0) size 784x36
        RenderText {#text} at (0,0) size 52x17
          text run at (0,0) width 52: "Test for "
        RenderInline {I} at (0,0) size 739x35
          RenderInline {A} at (0,0) size 308x17 [color=#0000EE]
            RenderText {#text} at (51,0) size 308x17
              text run at (51,0) width 308: "https://bugs.webkit.org/show_bug.cgi?id=19278"
          RenderText {#text} at (358,0) size 739x35
            text run at (358,0) width 5: " "
            text run at (362,0) width 377: "REGRESSION (r31114-r31132): image float disappears on"
            text run at (0,18) width 43: "refresh"
        RenderText {#text} at (42,18) size 5x17
          text run at (42,18) width 5: "."
      RenderBlock {DIV} at (0,52) size 784x72
        RenderBlock (anonymous) at (0,0) size 784x36
          RenderText {#text} at (0,0) size 259x17
            text run at (0,0) width 259: "Somewhere on this page, there should be"
          RenderBR {BR} at (259,0) size 0x17
          RenderBR {BR} at (0,18) size 0x17
          RenderBlock (floating) {DIV} at (0,36) size 100x100 [bgcolor=#008000]
          RenderText {#text} at (0,0) size 0x0
        RenderBlock {DIV} at (0,36) size 150x36
          RenderText {#text} at (100,0) size 46x35
            text run at (100,0) width 46: "a green"
            text run at (100,18) width 45: "square."
