layer at (0,0) size 800x600
  RenderView at (0,0) size 800x600
layer at (0,0) size 800x145
  RenderBlock {HTML} at (0,0) size 800x145
    RenderBody {BODY} at (8,16) size 784x121
      RenderBlock {P} at (0,0) size 784x18
        RenderText {#text} at (0,0) size 31x18
          text run at (0,0) width 31: "Bug "
        RenderInline {A} at (0,0) size 40x18 [color=#0000EE]
          RenderText {#text} at (31,0) size 40x18
            text run at (31,0) width 40: "78684"
        RenderText {#text} at (71,0) size 268x18
          text run at (71,0) width 268: ": Layout issue with fieldset legend element"
      RenderBlock {P} at (0,34) size 784x18
        RenderText {#text} at (0,0) size 719x18
          text run at (0,0) width 719: "For this test to pass, you should see a full border with out any clipping, especially under blue box(legend element)."
      RenderBlock {FORM} at (0,68) size 784x53
        RenderFieldSet {FIELDSET} at (2,0) size 780x53 [border: (2px groove #C0C0C0)]
          RenderBlock {LEGEND} at (14,0) size 36x36 [border: (1px solid #0000FF)]
