layer at (0,0) size 800x600
  RenderView at (0,0) size 800x600
layer at (0,0) size 800x600
  RenderBlock {HTML} at (0,0) size 800x600
    RenderBody {BODY} at (8,8) size 784x584
      RenderBlock {P} at (0,0) size 784x18
        RenderText {#text} at (0,0) size 245x18
          text run at (0,0) width 245: "Test appearances of outer-spin-button."
      RenderBlock {DIV} at (0,34) size 784x0
      RenderBlock {DIV} at (0,34) size 784x528
        RenderTable {TABLE} at (0,0) size 466x528
          RenderTableSection {TBODY} at (0,0) size 466x528
            RenderTableRow {TR} at (0,2) size 466x524
              RenderTableCell {TD} at (2,81) size 189x366 [r=0 c=0 rs=1 cs=1]
                RenderBlock {DIV} at (1,1) size 187x35
                  RenderTextControl {INPUT} at (0,3) size 106x16 [bgcolor=#FFFFFF] [border: (2px inset #000000)]
                  RenderText {#text} at (105,0) size 5x18
                    text run at (105,0) width 5: " "
                  RenderBR {BR} at (109,14) size 1x0
                  RenderTextControl {INPUT} at (0,19) size 106x16 [bgcolor=#FFFFFF] [border: (2px inset #000000)]
                    RenderFlexibleBox {DIV} at (3,3) size 100x10
                      RenderBlock {DIV} at (0,0) size 87x10
                RenderBlock {DIV} at (1,36) size 187x36
                  RenderTextControl {INPUT} at (0,2) size 116x17 [bgcolor=#FFFFFF] [border: (2px inset #000000)]
                  RenderText {#text} at (115,0) size 5x18
                    text run at (115,0) width 5: " "
                  RenderBR {BR} at (119,14) size 1x0
                  RenderTextControl {INPUT} at (0,19) size 116x17 [bgcolor=#FFFFFF] [border: (2px inset #000000)]
                    RenderFlexibleBox {DIV} at (3,3) size 110x11
                      RenderBlock {DIV} at (0,0) size 97x11
                RenderBlock {DIV} at (1,72) size 187x37
                  RenderTextControl {INPUT} at (0,1) size 126x18 [bgcolor=#FFFFFF] [border: (2px inset #000000)]
                  RenderText {#text} at (125,0) size 5x18
                    text run at (125,0) width 5: " "
                  RenderBR {BR} at (129,14) size 1x0
                  RenderTextControl {INPUT} at (0,19) size 126x18 [bgcolor=#FFFFFF] [border: (2px inset #000000)]
                    RenderFlexibleBox {DIV} at (3,3) size 120x12
                      RenderBlock {DIV} at (0,0) size 107x12
                RenderBlock {DIV} at (1,109) size 187x46
                  RenderTextControl {INPUT} at (2,2) size 137x19 [bgcolor=#FFFFFF] [border: (2px inset #000000)]
                  RenderText {#text} at (140,2) size 5x18
                    text run at (140,2) width 5: " "
                  RenderBR {BR} at (144,16) size 1x0
                  RenderTextControl {INPUT} at (2,25) size 137x19 [bgcolor=#FFFFFF] [border: (2px inset #000000)]
                    RenderFlexibleBox {DIV} at (3,3) size 131x13
                      RenderBlock {DIV} at (0,0) size 118x13
                RenderBlock {DIV} at (1,155) size 187x50
                  RenderTextControl {INPUT} at (2,2) size 148x21 [bgcolor=#FFFFFF] [border: (2px inset #000000)]
                  RenderText {#text} at (151,3) size 5x18
                    text run at (151,3) width 5: " "
                  RenderBR {BR} at (155,17) size 1x0
                  RenderTextControl {INPUT} at (2,27) size 148x21 [bgcolor=#FFFFFF] [border: (2px inset #000000)]
                    RenderFlexibleBox {DIV} at (3,3) size 142x15
                      RenderBlock {DIV} at (0,0) size 129x15
                RenderBlock {DIV} at (1,205) size 187x52
                  RenderTextControl {INPUT} at (2,2) size 159x22 [bgcolor=#FFFFFF] [border: (2px inset #000000)]
                  RenderText {#text} at (162,4) size 5x18
                    text run at (162,4) width 5: " "
                  RenderBR {BR} at (166,18) size 1x0
                  RenderTextControl {INPUT} at (2,28) size 159x22 [bgcolor=#FFFFFF] [border: (2px inset #000000)]
                    RenderFlexibleBox {DIV} at (3,3) size 153x16
                      RenderBlock {DIV} at (0,0) size 138x16
                RenderBlock {DIV} at (1,257) size 187x54
                  RenderTextControl {INPUT} at (2,2) size 169x23 [bgcolor=#FFFFFF] [border: (2px inset #000000)]
                  RenderText {#text} at (172,5) size 5x18
                    text run at (172,5) width 5: " "
                  RenderBR {BR} at (176,19) size 1x0
                  RenderTextControl {INPUT} at (2,29) size 169x23 [bgcolor=#FFFFFF] [border: (2px inset #000000)]
                    RenderFlexibleBox {DIV} at (3,3) size 163x17
                      RenderBlock {DIV} at (0,0) size 148x17
                RenderBlock {DIV} at (1,311) size 187x54
                  RenderTextControl {INPUT} at (2,2) size 179x23 [bgcolor=#FFFFFF] [border: (2px inset #000000)]
                  RenderText {#text} at (182,5) size 5x18
                    text run at (182,5) width 5: " "
                  RenderBR {BR} at (186,19) size 1x0
                  RenderTextControl {INPUT} at (2,29) size 179x23 [bgcolor=#FFFFFF] [border: (2px inset #000000)]
                    RenderFlexibleBox {DIV} at (3,3) size 173x17
                      RenderBlock {DIV} at (0,0) size 158x17
              RenderTableCell {TD} at (193,2) size 271x524 [r=0 c=1 rs=1 cs=1]
                RenderBlock {DIV} at (1,1) size 269x56
                  RenderTextControl {INPUT} at (2,2) size 190x24 [bgcolor=#FFFFFF] [border: (2px inset #000000)]
                  RenderText {#text} at (193,6) size 5x18
                    text run at (193,6) width 5: " "
                  RenderBR {BR} at (197,20) size 1x0
                  RenderTextControl {INPUT} at (2,30) size 190x24 [bgcolor=#FFFFFF] [border: (2px inset #000000)]
                    RenderFlexibleBox {DIV} at (3,3) size 184x18
                      RenderBlock {DIV} at (0,0) size 169x18
                RenderBlock {DIV} at (1,57) size 269x60
                  RenderTextControl {INPUT} at (2,2) size 201x26 [bgcolor=#FFFFFF] [border: (2px inset #000000)]
                  RenderText {#text} at (204,7) size 5x18
                    text run at (204,7) width 5: " "
                  RenderBR {BR} at (208,21) size 1x0
                  RenderTextControl {INPUT} at (2,32) size 201x26 [bgcolor=#FFFFFF] [border: (2px inset #000000)]
                    RenderFlexibleBox {DIV} at (3,3) size 195x20
                      RenderBlock {DIV} at (0,0) size 180x20
                RenderBlock {DIV} at (1,117) size 269x62
                  RenderTextControl {INPUT} at (2,2) size 210x27 [bgcolor=#FFFFFF] [border: (2px inset #000000)]
                  RenderText {#text} at (213,8) size 5x18
                    text run at (213,8) width 5: " "
                  RenderBR {BR} at (217,22) size 1x0
                  RenderTextControl {INPUT} at (2,33) size 210x27 [bgcolor=#FFFFFF] [border: (2px inset #000000)]
                    RenderFlexibleBox {DIV} at (3,3) size 204x21
                      RenderBlock {DIV} at (0,0) size 185x21
                RenderBlock {DIV} at (1,179) size 269x64
                  RenderTextControl {INPUT} at (2,2) size 220x28 [bgcolor=#FFFFFF] [border: (2px inset #000000)]
                  RenderText {#text} at (223,9) size 5x18
                    text run at (223,9) width 5: " "
                  RenderBR {BR} at (227,23) size 1x0
                  RenderTextControl {INPUT} at (2,34) size 220x28 [bgcolor=#FFFFFF] [border: (2px inset #000000)]
                    RenderFlexibleBox {DIV} at (3,3) size 214x22
                      RenderBlock {DIV} at (0,0) size 195x22
                RenderBlock {DIV} at (1,243) size 269x66
                  RenderTextControl {INPUT} at (2,2) size 229x29 [bgcolor=#FFFFFF] [border: (2px inset #000000)]
                  RenderText {#text} at (232,10) size 5x18
                    text run at (232,10) width 5: " "
                  RenderBR {BR} at (236,24) size 1x0
                  RenderTextControl {INPUT} at (2,35) size 229x29 [bgcolor=#FFFFFF] [border: (2px inset #000000)]
                    RenderFlexibleBox {DIV} at (3,3) size 223x23
                      RenderBlock {DIV} at (0,0) size 204x23
                RenderBlock {DIV} at (1,309) size 269x68
                  RenderTextControl {INPUT} at (2,2) size 240x30 [bgcolor=#FFFFFF] [border: (2px inset #000000)]
                  RenderText {#text} at (243,11) size 5x18
                    text run at (243,11) width 5: " "
                  RenderBR {BR} at (247,25) size 1x0
                  RenderTextControl {INPUT} at (2,36) size 240x30 [bgcolor=#FFFFFF] [border: (2px inset #000000)]
                    RenderFlexibleBox {DIV} at (3,3) size 234x24
                      RenderBlock {DIV} at (0,0) size 215x24
                RenderBlock {DIV} at (1,377) size 269x72
                  RenderTextControl {INPUT} at (2,2) size 251x32 [bgcolor=#FFFFFF] [border: (2px inset #000000)]
                  RenderText {#text} at (254,12) size 5x18
                    text run at (254,12) width 5: " "
                  RenderBR {BR} at (258,26) size 1x0
                  RenderTextControl {INPUT} at (2,38) size 251x32 [bgcolor=#FFFFFF] [border: (2px inset #000000)]
                    RenderFlexibleBox {DIV} at (3,3) size 245x26
                      RenderBlock {DIV} at (0,0) size 226x26
                RenderBlock {DIV} at (1,449) size 269x74
                  RenderTextControl {INPUT} at (2,2) size 261x33 [bgcolor=#FFFFFF] [border: (2px inset #000000)]
                  RenderText {#text} at (264,13) size 5x18
                    text run at (264,13) width 5: " "
                  RenderBR {BR} at (268,27) size 1x0
                  RenderTextControl {INPUT} at (2,39) size 261x33 [bgcolor=#FFFFFF] [border: (2px inset #000000)]
                    RenderFlexibleBox {DIV} at (3,3) size 255x27
                      RenderBlock {DIV} at (0,0) size 236x27
layer at (14,130) size 99x10
  RenderBlock {DIV} at (3,3) size 100x10
layer at (14,146) size 86x10
  RenderBlock {DIV} at (0,0) size 87x10
layer at (14,164) size 109x11
  RenderBlock {DIV} at (3,3) size 110x11
layer at (14,181) size 96x11
  RenderBlock {DIV} at (0,0) size 97x11
layer at (14,199) size 119x12
  RenderBlock {DIV} at (3,3) size 120x12
layer at (14,217) size 106x12
  RenderBlock {DIV} at (0,0) size 107x12
layer at (16,237) size 130x13
  RenderBlock {DIV} at (3,3) size 131x13
layer at (16,260) size 117x13
  RenderBlock {DIV} at (0,0) size 118x13
layer at (16,283) size 141x15
  RenderBlock {DIV} at (3,3) size 142x15
layer at (16,308) size 128x15
  RenderBlock {DIV} at (0,0) size 129x15
layer at (16,333) size 152x16
  RenderBlock {DIV} at (3,3) size 153x16
layer at (16,359) size 137x16
  RenderBlock {DIV} at (0,0) size 138x16
layer at (16,385) size 162x17
  RenderBlock {DIV} at (3,3) size 163x17
layer at (16,412) size 147x17
  RenderBlock {DIV} at (0,0) size 148x17
layer at (16,439) size 173x17
  RenderBlock {DIV} at (3,3) size 173x17
layer at (16,466) size 158x17
  RenderBlock {DIV} at (0,0) size 158x17
layer at (207,50) size 183x18
  RenderBlock {DIV} at (3,3) size 184x18
layer at (207,78) size 168x18
  RenderBlock {DIV} at (0,0) size 169x18
layer at (207,106) size 194x20
  RenderBlock {DIV} at (3,3) size 195x20
layer at (207,136) size 179x20
  RenderBlock {DIV} at (0,0) size 180x20
layer at (207,166) size 203x21
  RenderBlock {DIV} at (3,3) size 204x21
layer at (207,197) size 184x21
  RenderBlock {DIV} at (0,0) size 185x21
layer at (207,228) size 213x22
  RenderBlock {DIV} at (3,3) size 214x22
layer at (207,260) size 194x22
  RenderBlock {DIV} at (0,0) size 195x22
layer at (207,292) size 223x23
  RenderBlock {DIV} at (3,3) size 223x23
layer at (207,325) size 204x23
  RenderBlock {DIV} at (0,0) size 204x23
layer at (207,358) size 233x24
  RenderBlock {DIV} at (3,3) size 234x24
layer at (207,392) size 214x24
  RenderBlock {DIV} at (0,0) size 215x24
layer at (207,426) size 244x26
  RenderBlock {DIV} at (3,3) size 245x26
layer at (207,462) size 225x26
  RenderBlock {DIV} at (0,0) size 226x26
layer at (207,498) size 255x27
  RenderBlock {DIV} at (3,3) size 255x27
layer at (207,535) size 236x27
  RenderBlock {DIV} at (0,0) size 236x27
layer at (101,145) size 13x12
  RenderBlock (relative positioned) {DIV} at (87,-1) size 14x12
layer at (111,180) size 13x13
  RenderBlock (relative positioned) {DIV} at (97,-1) size 14x13
layer at (121,216) size 13x14
  RenderBlock (relative positioned) {DIV} at (107,-1) size 14x14
layer at (134,259) size 13x15
  RenderBlock (relative positioned) {DIV} at (118,-1) size 14x15
layer at (145,307) size 13x17
  RenderBlock (relative positioned) {DIV} at (129,-1) size 14x17
layer at (154,358) size 15x18
  RenderBlock (relative positioned) {DIV} at (138,-1) size 16x18
layer at (164,411) size 15x19
  RenderBlock (relative positioned) {DIV} at (148,-1) size 16x19
layer at (175,465) size 15x19
  RenderBlock (relative positioned) {DIV} at (158,-1) size 16x19
layer at (376,77) size 15x20
  RenderBlock (relative positioned) {DIV} at (169,-1) size 16x20
layer at (387,135) size 15x22
  RenderBlock (relative positioned) {DIV} at (180,-1) size 16x22
layer at (392,196) size 19x23
  RenderBlock (relative positioned) {DIV} at (185,-1) size 20x23
layer at (402,259) size 19x24
  RenderBlock (relative positioned) {DIV} at (195,-1) size 20x24
layer at (412,324) size 19x25
  RenderBlock (relative positioned) {DIV} at (204,-1) size 20x25
layer at (422,391) size 19x26
  RenderBlock (relative positioned) {DIV} at (215,-1) size 20x26
layer at (433,461) size 19x28
  RenderBlock (relative positioned) {DIV} at (226,-1) size 20x28
layer at (444,534) size 19x29
  RenderBlock (relative positioned) {DIV} at (236,-1) size 20x29
