layer at (0,0) size 800x600
  RenderView at (0,0) size 800x600
layer at (0,0) size 800x600
  RenderBlock {HTML} at (0,0) size 800x600
    RenderBody {BODY} at (8,8) size 784x584
      RenderBlock {DIV} at (0,0) size 784x31
        RenderText {#text} at (0,7) size 122x17
          text run at (0,7) width 122: "Left to right select: "
        RenderMenuList {SELECT} at (124,2) size 140x27 [bgcolor=#FFFFFF] [border: (1px solid #000000)]
          RenderBlock (anonymous) at (1,1) size 138x25
            RenderText at (4,4) size 64x17
              text run at (4,4) width 64: "Alabama"
        RenderText {#text} at (0,0) size 0x0
      RenderBlock {DIV} at (0,31) size 784x31
        RenderText {#text} at (662,7) size 122x17
          text run at (662,7) width 8 RTL: ": "
          text run at (670,7) width 114: "Right to left select"
        RenderMenuList {SELECT} at (520,2) size 140x27 [bgcolor=#FFFFFF] [border: (1px solid #000000)]
          RenderBlock (anonymous) at (1,1) size 138x25
            RenderText at (70,4) size 64x17
              text run at (70,4) width 64: "Alabama"
        RenderText {#text} at (0,0) size 0x0
