layer at (0,0) size 800x600
  RenderView at (0,0) size 800x600
layer at (0,0) size 800x36
  RenderBlock {HTML} at (0,0) size 800x36
    RenderBody {BODY} at (8,8) size 784x20
      RenderBlock (anonymous) at (0,0) size 784x20
        RenderInline {SPAN} at (0,0) size 294x19
          RenderText {#text} at (0,0) size 294x19
            text run at (0,0) width 294: "This test passes if the renderer does not crash."
        RenderText {#text} at (0,0) size 0x0
      RenderBlock {DIV} at (0,20) size 784x0
