layer at (0,0) size 800x600
  RenderView at (0,0) size 800x600
layer at (0,0) size 800x299
  RenderBlock {HTML} at (0,0) size 800x299
    RenderBody {BODY} at (8,16) size 784x267
      RenderBlock {P} at (0,0) size 784x20
        RenderTextControl {INPUT} at (638,0) size 146x20 [bgcolor=#FFFFFF] [border: (2px inset #808080)]
          RenderFlexibleBox {DIV} at (3,1) size 140x17
            RenderBlock {DIV} at (13,1) size 127x14
        RenderText {#text} at (0,0) size 0x0
      RenderBlock {P} at (0,35) size 784x20
        RenderTextControl {INPUT} at (638,0) size 146x20 [bgcolor=#FFFFFF] [border: (2px inset #808080)]
          RenderFlexibleBox {DIV} at (3,1) size 140x17
            RenderBlock {DIV} at (13,1) size 127x14
        RenderText {#text} at (0,0) size 0x0
      RenderBlock {P} at (0,70) size 784x21
        RenderTextControl {INPUT} at (0,0) size 146x20 [bgcolor=#FFFFFF] [border: (2px inset #808080)]
          RenderFlexibleBox {DIV} at (3,1) size 140x17
            RenderBlock {DIV} at (13,1) size 127x14
        RenderText {#text} at (0,0) size 0x0
      RenderBlock {P} at (0,106) size 784x20
        RenderTextControl {INPUT} at (0,0) size 146x20 [bgcolor=#FFFFFF] [border: (2px inset #808080)]
          RenderFlexibleBox {DIV} at (3,1) size 140x17
            RenderBlock {DIV} at (13,1) size 127x14
        RenderText {#text} at (0,0) size 0x0
        RenderText {#text} at (0,0) size 0x0
      RenderBlock {P} at (0,141) size 784x20
        RenderTextControl {INPUT} at (0,0) size 147x20 [bgcolor=#FFFFFF] [border: (2px inset #808080)]
          RenderFlexibleBox {DIV} at (3,1) size 141x17
            RenderBlock {DIV} at (0,1) size 128x14
        RenderText {#text} at (0,0) size 0x0
      RenderBlock {P} at (0,176) size 784x21
        RenderTextControl {INPUT} at (0,0) size 147x20 [bgcolor=#FFFFFF] [border: (2px inset #808080)]
          RenderFlexibleBox {DIV} at (3,1) size 141x17
            RenderBlock {DIV} at (0,1) size 128x14
        RenderText {#text} at (0,0) size 0x0
        RenderText {#text} at (0,0) size 0x0
      RenderBlock {P} at (0,212) size 784x20
        RenderTextControl {INPUT} at (0,0) size 146x20 [bgcolor=#FFFFFF] [border: (2px inset #808080)]
          RenderFlexibleBox {DIV} at (3,1) size 140x17
            RenderBlock {DIV} at (13,1) size 127x14
        RenderText {#text} at (0,0) size 0x0
      RenderBlock {P} at (0,247) size 784x20
        RenderTextControl {INPUT} at (0,0) size 146x20 [bgcolor=#FFFFFF] [border: (2px inset #808080)]
          RenderFlexibleBox {DIV} at (3,1) size 140x17
            RenderBlock {DIV} at (13,1) size 127x14
        RenderText {#text} at (0,0) size 0x0
        RenderText {#text} at (0,0) size 0x0
layer at (662,19) size 127x13
  RenderBlock {DIV} at (0,0) size 127x13
    RenderText {#text} at (121,0) size 6x13
      text run at (121,0) width 6: "1"
layer at (662,55) size 127x13
  RenderBlock {DIV} at (0,0) size 127x13
    RenderText {#text} at (120,0) size 7x13
      text run at (120,0) width 7: "2"
layer at (24,90) size 127x13
  RenderBlock {DIV} at (0,0) size 127x13
    RenderText {#text} at (119,0) size 8x13
      text run at (119,0) width 8: "3"
layer at (24,125) size 127x13
  RenderBlock {DIV} at (0,0) size 127x13
    RenderText {#text} at (100,0) size 27x13
      text run at (100,0) width 27: "1234"
layer at (11,161) size 128x13
  RenderBlock {DIV} at (0,0) size 128x13
    RenderText {#text} at (0,0) size 7x13
      text run at (0,0) width 7: "5"
layer at (11,196) size 128x13
  RenderBlock {DIV} at (0,0) size 128x13
    RenderText {#text} at (0,0) size 8x13
      text run at (0,0) width 8: "6"
layer at (24,231) size 127x13
  RenderBlock {DIV} at (0,0) size 127x13
    RenderText {#text} at (120,0) size 7x13
      text run at (120,0) width 7: "7"
layer at (24,267) size 127x13
  RenderBlock {DIV} at (0,0) size 127x13
    RenderText {#text} at (119,0) size 8x13
      text run at (119,0) width 8: "8"
layer at (649,18) size 13x17
  RenderBlock (relative positioned) {DIV} at (0,0) size 13x17
layer at (649,53) size 13x17
  RenderBlock (relative positioned) {DIV} at (0,0) size 13x17
layer at (11,88) size 13x17
  RenderBlock (relative positioned) {DIV} at (0,0) size 13x17
layer at (11,124) size 13x17
  RenderBlock (relative positioned) {DIV} at (0,0) size 13x17
layer at (139,159) size 13x17
  RenderBlock (relative positioned) {DIV} at (127,0) size 14x17
layer at (139,194) size 13x17
  RenderBlock (relative positioned) {DIV} at (127,0) size 14x17
layer at (11,230) size 13x17
  RenderBlock (relative positioned) {DIV} at (0,0) size 13x17
layer at (11,265) size 13x17
  RenderBlock (relative positioned) {DIV} at (0,0) size 13x17
caret: position 4 of child 0 {#text} of child 0 {DIV} of child 0 {DIV} of child 0 {DIV} of {#document-fragment} of child 0 {INPUT} of child 6 {P} of body
