layer at (0,0) size 800x600
  RenderView at (0,0) size 800x600
layer at (0,0) size 800x600
  RenderBlock {HTML} at (0,0) size 800x600
    RenderBody {BODY} at (8,8) size 784x584
      RenderInline {A} at (0,0) size 230x19 [color=#0000EE]
        RenderInline {B} at (0,0) size 230x19
          RenderText {#text} at (0,0) size 230x19
            text run at (0,0) width 230: "the second copy should not be bold"
      RenderText {#text} at (230,0) size 4x19
        text run at (230,0) width 4: " "
      RenderText {#text} at (234,0) size 215x19
        text run at (234,0) width 215: "the second copy should not be bold"
