layer at (0,0) size 800x600
  RenderView at (0,0) size 800x600
layer at (0,0) size 800x600
  RenderBlock {HTML} at (0,0) size 800x600
    RenderBody {BODY} at (8,8) size 784x584
      RenderBlock (anonymous) at (0,0) size 784x20
        RenderText {#text} at (0,0) size 459x19
          text run at (0,0) width 459: "This test will try to call blur() on a contenteditable div, and then a normal div."
      RenderBlock {DIV} at (0,20) size 784x26 [border: (3px solid #000000)]
        RenderText {#text} at (3,3) size 115x19
          text run at (3,3) width 115: "contentEditable div"
      RenderBlock {DIV} at (0,46) size 784x20
        RenderText {#text} at (0,0) size 77x19
          text run at (0,0) width 77: "Test Passed."
      RenderBlock {DIV} at (0,66) size 784x0
