layer at (0,0) size 800x600
  RenderView at (0,0) size 800x600
layer at (0,0) size 800x600
  RenderBlock {HTML} at (0,0) size 800x600
    RenderBody {BODY} at (8,8) size 784x576
      RenderBlock {BLOCKQUOTE} at (40,0) size 704x20
        RenderInline {SPAN} at (0,0) size 158x19
          RenderText {#text} at (0,0) size 158x19
            text run at (0,0) width 158: "Heck, son, you're a failure"
      RenderBlock {P} at (0,36) size 784x20
        RenderText {#text} at (0,0) size 352x19
          text run at (0,0) width 352: "The result appears below here; should not include any text:"
      RenderBlock {P} at (0,72) size 784x0
        RenderInline {SPAN} at (0,0) size 0x0
