layer at (0,0) size 800x600
  RenderView at (0,0) size 800x600
layer at (0,0) size 800x76
  RenderBlock {HTML} at (0,0) size 800x76
    RenderBody {BODY} at (8,16) size 784x52
      RenderBlock {P} at (0,0) size 784x18 [bgcolor=#00FF00]
        RenderText {#text} at (0,0) size 488x18
          text run at (0,0) width 409: "This paragraph should have green background because CLASS "
          text run at (408,0) width 80: "contains \"b\""
      RenderBlock {ADDRESS} at (0,34) size 784x18 [bgcolor=#00FF00]
        RenderInline {SPAN} at (0,0) size 159x18
          RenderText {#text} at (0,0) size 159x18
            text run at (0,0) width 159: "This address should also"
        RenderText {#text} at (158,0) size 5x18
          text run at (158,0) width 5: " "
        RenderInline {SPAN} at (0,0) size 607x18
          RenderText {#text} at (162,0) size 607x18
            text run at (162,0) width 355: "have green background because the selector in the last "
            text run at (516,0) width 253: "rule does not apply to the inner SPANs."
        RenderText {#text} at (0,0) size 0x0
