layer at (0,0) size 800x600
  RenderView at (0,0) size 800x600
layer at (0,0) size 800x299
  RenderBlock {HTML} at (0,0) size 800x299
    RenderBody {BODY} at (8,16) size 784x275
      RenderBlock {P} at (0,0) size 784x36
        RenderText {#text} at (0,0) size 687x18
          text run at (0,0) width 429: "The background color of this paragraph should turn to green when "
          text run at (428,0) width 259: "the mouse pointer hovers either its text ("
        RenderInline {STRONG} at (0,0) size 31x18
          RenderText {#text} at (686,0) size 31x18
            text run at (686,0) width 31: "here"
        RenderText {#text} at (716,0) size 759x36
          text run at (716,0) width 43: ") or its"
          text run at (0,18) width 159: "whitespace background, "
        RenderInline {STRONG} at (0,0) size 31x18
          RenderText {#text} at (158,18) size 31x18
            text run at (158,18) width 31: "here"
        RenderText {#text} at (188,18) size 5x18
          text run at (188,18) width 5: ":"
      RenderBlock {ADDRESS} at (0,52) size 784x18
        RenderText {#text} at (0,0) size 163x18
          text run at (0,0) width 163: "The background color of "
        RenderInline {A} at (0,0) size 117x18 [color=#0000EE]
          RenderText {#text} at (162,0) size 82x18
            text run at (162,0) width 82: "this anchor ("
          RenderInline {STRONG} at (0,0) size 31x18
            RenderText {#text} at (243,0) size 31x18
              text run at (243,0) width 31: "here"
          RenderText {#text} at (273,0) size 6x18
            text run at (273,0) width 6: ")"
        RenderText {#text} at (278,0) size 394x18
          text run at (278,0) width 394: " should turn to green when the pointing device hovers over it."
      RenderTable {TABLE} at (0,70) size 314x205
        RenderTableSection {TBODY} at (0,0) size 314x205
          RenderTableRow {TR} at (0,5) size 314x20
            RenderTableCell {TD} at (5,5) size 102x20 [r=0 c=0 rs=1 cs=1]
              RenderText {#text} at (1,1) size 75x18
                text run at (1,1) width 75: "The cells in"
            RenderTableCell {TD} at (111,5) size 92x20 [r=0 c=1 rs=1 cs=1]
              RenderText {#text} at (1,1) size 59x18
                text run at (1,1) width 59: "this table"
            RenderTableCell {TD} at (207,5) size 102x20 [r=0 c=2 rs=1 cs=1]
              RenderText {#text} at (1,1) size 63x18
                text run at (1,1) width 63: "should go"
          RenderTableRow {TR} at (0,30) size 314x20
            RenderTableCell {TD} at (5,30) size 102x20 [r=1 c=0 rs=1 cs=1]
              RenderText {#text} at (1,1) size 75x18
                text run at (1,1) width 75: "green when"
            RenderTableCell {TD} at (111,30) size 92x20 [r=1 c=1 rs=1 cs=1]
              RenderText {#text} at (1,1) size 65x18
                text run at (1,1) width 65: "you hover"
            RenderTableCell {TD} at (207,30) size 102x20 [r=1 c=2 rs=1 cs=1]
              RenderText {#text} at (1,1) size 77x18
                text run at (1,1) width 77: "the pointing"
          RenderTableRow {TR} at (0,55) size 314x20
            RenderTableCell {TD} at (5,55) size 102x20 [r=2 c=0 rs=1 cs=1]
              RenderText {#text} at (1,1) size 75x18
                text run at (1,1) width 75: "device over"
            RenderTableCell {TD} at (111,55) size 92x20 [r=2 c=1 rs=1 cs=1]
              RenderText {#text} at (1,1) size 42x18
                text run at (1,1) width 42: "them ("
              RenderInline {STRONG} at (0,0) size 31x18
                RenderText {#text} at (42,1) size 31x18
                  text run at (42,1) width 31: "here"
              RenderText {#text} at (72,1) size 10x18
                text run at (72,1) width 10: ")."
            RenderTableCell {TD} at (207,64) size 102x2 [r=2 c=2 rs=1 cs=1]
          RenderTableRow {TR} at (0,80) size 314x20
            RenderTableCell {TD} at (5,80) size 102x20 [r=3 c=0 rs=1 cs=1]
              RenderText {#text} at (1,1) size 77x18
                text run at (1,1) width 77: "The rows in"
            RenderTableCell {TD} at (111,80) size 92x20 [r=3 c=1 rs=1 cs=1]
              RenderText {#text} at (1,1) size 59x18
                text run at (1,1) width 59: "this table"
            RenderTableCell {TD} at (207,80) size 102x20 [r=3 c=2 rs=1 cs=1]
              RenderText {#text} at (1,1) size 63x18
                text run at (1,1) width 63: "should go"
          RenderTableRow {TR} at (0,105) size 314x20
            RenderTableCell {TD} at (5,105) size 102x20 [r=4 c=0 rs=1 cs=1]
              RenderText {#text} at (1,1) size 68x18
                text run at (1,1) width 68: "dark green"
            RenderTableCell {TD} at (111,105) size 92x20 [r=4 c=1 rs=1 cs=1]
              RenderText {#text} at (1,1) size 59x18
                text run at (1,1) width 59: "when the"
            RenderTableCell {TD} at (207,105) size 102x20 [r=4 c=2 rs=1 cs=1]
              RenderText {#text} at (1,1) size 100x18
                text run at (1,1) width 100: "pointing device"
          RenderTableRow {TR} at (0,130) size 314x20
            RenderTableCell {TD} at (5,130) size 102x20 [r=5 c=0 rs=1 cs=1]
              RenderText {#text} at (1,1) size 67x18
                text run at (1,1) width 67: "is over the"
            RenderTableCell {TD} at (111,130) size 92x20 [r=5 c=1 rs=1 cs=1]
              RenderText {#text} at (1,1) size 60x18
                text run at (1,1) width 60: "five pixel"
            RenderTableCell {TD} at (207,130) size 102x20 [r=5 c=2 rs=1 cs=1]
              RenderText {#text} at (1,1) size 95x18
                text run at (1,1) width 95: "border spacing"
          RenderTableRow {TR} at (0,155) size 314x20
            RenderTableCell {TD} at (5,155) size 102x20 [r=6 c=0 rs=1 cs=1]
              RenderText {#text} at (1,1) size 90x18
                text run at (1,1) width 90: "and when it is"
            RenderTableCell {TD} at (111,155) size 92x20 [r=6 c=1 rs=1 cs=1]
              RenderText {#text} at (1,1) size 90x18
                text run at (1,1) width 90: "over the cells."
            RenderTableCell {TD} at (207,164) size 102x2 [r=6 c=2 rs=1 cs=1]
          RenderTableRow {TR} at (0,180) size 314x20
            RenderTableCell {TD} at (5,180) size 102x20 [r=7 c=0 rs=1 cs=1]
              RenderText {#text} at (1,1) size 66x18
                text run at (1,1) width 66: "Including "
              RenderInline {STRONG} at (0,0) size 31x18
                RenderText {#text} at (66,1) size 31x18
                  text run at (66,1) width 31: "here"
              RenderText {#text} at (96,1) size 5x18
                text run at (96,1) width 5: ","
            RenderTableCell {TD} at (111,189) size 92x2 [r=7 c=1 rs=1 cs=1]
            RenderTableCell {TD} at (207,180) size 102x20 [r=7 c=2 rs=1 cs=1]
              RenderText {#text} at (1,1) size 73x18
                text run at (1,1) width 73: "blank cells."
