layer at (0,0) size 800x600
  RenderView at (0,0) size 800x600
layer at (0,0) size 800x134
  RenderBlock {HTML} at (0,0) size 800x134
    RenderBody {BODY} at (8,8) size 784x110
      RenderBlock {DIV} at (0,0) size 784x76
        RenderTable {TABLE} at (329,0) size 126x76 [border: (1px outset #808080)]
          RenderTableSection {TBODY} at (1,1) size 123x74
            RenderTableRow {TR} at (0,2) size 123x22
              RenderTableCell {TD} at (2,2) size 67x22 [bgcolor=#00FF00] [border: (1px inset #808080)] [r=0 c=0 rs=1 cs=1]
                RenderText {#text} at (2,2) size 63x18
                  text run at (2,2) width 63: "green cell"
              RenderTableCell {TD} at (70,2) size 25x22 [border: (1px inset #808080)] [r=0 c=1 rs=1 cs=1]
                RenderText {#text} at (2,2) size 20x18
                  text run at (2,2) width 20: "1.2"
              RenderTableCell {TD} at (96,2) size 25x22 [border: (1px inset #808080)] [r=0 c=2 rs=1 cs=1]
                RenderText {#text} at (2,2) size 20x18
                  text run at (2,2) width 20: "1.3"
            RenderTableRow {TR} at (0,26) size 123x22
              RenderTableCell {TD} at (2,26) size 67x22 [bgcolor=#00FF00] [border: (1px inset #808080)] [r=1 c=0 rs=1 cs=1]
                RenderText {#text} at (2,2) size 63x18
                  text run at (2,2) width 63: "green cell"
              RenderTableCell {TD} at (70,26) size 25x22 [border: (1px inset #808080)] [r=1 c=1 rs=1 cs=1]
                RenderText {#text} at (2,2) size 20x18
                  text run at (2,2) width 20: "2.2"
              RenderTableCell {TD} at (96,26) size 25x22 [border: (1px inset #808080)] [r=1 c=2 rs=1 cs=1]
                RenderText {#text} at (2,2) size 20x18
                  text run at (2,2) width 20: "2.3"
            RenderTableRow {TR} at (0,50) size 123x22
              RenderTableCell {TD} at (2,50) size 67x22 [bgcolor=#00FF00] [border: (1px inset #808080)] [r=2 c=0 rs=1 cs=1]
                RenderText {#text} at (2,2) size 63x18
                  text run at (2,2) width 63: "green cell"
              RenderTableCell {TD} at (70,50) size 25x22 [border: (1px inset #808080)] [r=2 c=1 rs=1 cs=1]
                RenderText {#text} at (2,2) size 20x18
                  text run at (2,2) width 20: "3.2"
              RenderTableCell {TD} at (96,50) size 25x22 [border: (1px inset #808080)] [r=2 c=2 rs=1 cs=1]
                RenderText {#text} at (2,2) size 20x18
                  text run at (2,2) width 20: "3.3"
      RenderBlock {P} at (0,92) size 784x18
        RenderText {#text} at (0,0) size 224x18
          text run at (0,0) width 224: "This paragraph contains some text "
        RenderInline {SPAN} at (0,0) size 308x18 [bgcolor=#00FF00]
          RenderText {#text} at (223,0) size 308x18
            text run at (223,0) width 308: "and a span that should have a green background"
        RenderText {#text} at (0,0) size 0x0
