layer at (0,0) size 800x600
  RenderView at (0,0) size 800x600
layer at (0,0) size 800x128
  RenderBlock {HTML} at (0,0) size 800x128
    RenderBody {BODY} at (8,8) size 784x104
      RenderBlock {DIV} at (0,0) size 784x104
        RenderBlock (anonymous) at (0,0) size 784x18
          RenderText {#text} at (0,0) size 192x18
            text run at (0,0) width 192: "This div contains 3 addresses:"
        RenderBlock {ADDRESS} at (16,18) size 768x18 [bgcolor=#00FF00]
          RenderText {#text} at (0,0) size 334x18
            text run at (0,0) width 334: "A first address that should have a green background"
        RenderBlock {ADDRESS} at (16,52) size 768x18
          RenderText {#text} at (0,0) size 273x18
            text run at (0,0) width 273: "A second address with normal background"
        RenderBlock {ADDRESS} at (16,86) size 768x18
          RenderText {#text} at (0,0) size 259x18
            text run at (0,0) width 259: "A third address with normal background"
