layer at (0,0) size 800x600
  RenderView at (0,0) size 800x600
layer at (0,0) size 800x122
  RenderBlock {HTML} at (0,0) size 800x122
    RenderBody {BODY} at (8,16) size 784x90
      RenderBlock {P} at (0,0) size 784x90
        RenderText {#text} at (0,0) size 780x90
          text run at (0,0) width 258: "This very long paragraph should have a "
          text run at (257,0) width 499: "first line with green background. This very long paragraph should have a first "
          text run at (755,0) width 25: "line"
          text run at (0,18) width 156: "with green background. "
          text run at (155,18) width 315: "This very long paragraph should have a first line "
          text run at (469,18) width 250: "with green background. This very long"
          text run at (0,36) width 250: "paragraph should have a first line with "
          text run at (249,36) width 506: "green background. This very long paragraph should have a first line with green"
          text run at (0,54) width 554: "background. This very long paragraph should have a first line with green background. "
          text run at (553,54) width 209: "This very long paragraph should"
          text run at (0,72) width 254: "have a first line with green background."
