layer at (0,0) size 800x600
  RenderView at (0,0) size 800x600
layer at (0,0) size 800x186
  RenderBlock {HTML} at (0,0) size 800x186
    RenderBody {BODY} at (8,16) size 784x154
      RenderBlock {DIV} at (0,0) size 784x154
        RenderBlock {P} at (0,0) size 784x18 [bgcolor=#00FF00]
          RenderText {#text} at (0,0) size 312x18
            text run at (0,0) width 312: "This paragraph should have a green background."
        RenderBlock {P} at (0,34) size 784x18
          RenderText {#text} at (0,0) size 206x18
            text run at (0,0) width 206: "But this one should be unstyled."
        RenderBlock {P} at (0,68) size 784x18
          RenderText {#text} at (0,0) size 240x18
            text run at (0,0) width 240: "And this one should also be unstyled."
        RenderBlock {ADDRESS} at (0,102) size 784x18 [bgcolor=#00FF00]
          RenderText {#text} at (0,0) size 681x18
            text run at (0,0) width 681: "This address is only here to fill some space between two paragraphs and should have a green background."
        RenderBlock {P} at (0,136) size 784x18 [bgcolor=#00FF00]
          RenderText {#text} at (0,0) size 336x18
            text run at (0,0) width 336: "This paragraph should have a green background too."
