layer at (0,0) size 800x600
  RenderView at (0,0) size 800x600
layer at (0,0) size 800x186
  RenderBlock {HTML} at (0,0) size 800x186
    RenderBody {BODY} at (8,16) size 784x154
      RenderBlock {DIV} at (0,0) size 784x154
        RenderBlock {P} at (0,0) size 784x18
          RenderText {#text} at (0,0) size 225x18
            text run at (0,0) width 225: "This paragraph should be unstyled."
        RenderBlock {P} at (0,34) size 784x18 [bgcolor=#00FF00]
          RenderText {#text} at (0,0) size 289x18
            text run at (0,0) width 289: "But this one should have a green background"
        RenderBlock {P} at (0,68) size 784x18 [bgcolor=#00FF00]
          RenderText {#text} at (0,0) size 323x18
            text run at (0,0) width 323: "And this one should also have a green background"
        RenderBlock {ADDRESS} at (0,102) size 784x18
          RenderText {#text} at (0,0) size 436x18
            text run at (0,0) width 436: "This address is only here to fill some space between two paragraphs"
        RenderBlock {P} at (0,136) size 784x18 [bgcolor=#00FF00]
          RenderText {#text} at (0,0) size 308x18
            text run at (0,0) width 308: "This paragraph should have a green background"
