layer at (0,0) size 800x600
  RenderView at (0,0) size 800x600
layer at (0,0) size 800x85
  RenderBlock {HTML} at (0,0) size 800x85
    RenderBody {BODY} at (8,16) size 784x53
      RenderBlock {DIV} at (0,0) size 784x53
        RenderBlock {P} at (0,0) size 784x18 [color=#00FF00]
          RenderInline {A} at (0,0) size 286x18 [color=#000000]
            RenderText {#text} at (0,0) size 286x18
              text run at (0,0) width 286: "This text should turn green while it is active."
          RenderText {#text} at (0,0) size 0x0
        RenderBlock {P} at (0,34) size 784x19 [color=#00FF00]
          RenderButton {BUTTON} at (0,1) size 248x18 [color=#000000] [bgcolor=#C0C0C0] [border: none (2px outset #C0C0C0) none (2px outset #C0C0C0)]
            RenderBlock (anonymous) at (8,2) size 232x13
              RenderText {#text} at (0,0) size 232x13
                text run at (0,0) width 232: "This text should turn green while it is active."
          RenderText {#text} at (0,0) size 0x0
