layer at (0,0) size 800x600
  RenderView at (0,0) size 800x600
layer at (0,0) size 800x134
  RenderBlock {HTML} at (0,0) size 800x134
    RenderBody {BODY} at (8,8) size 784x110
      RenderBlock {DIV} at (0,0) size 784x76
        RenderTable {TABLE} at (308,0) size 168x76 [border: (1px outset #808080)]
          RenderTableSection {TBODY} at (1,1) size 166x74
            RenderTableRow {TR} at (0,2) size 166x22
              RenderTableCell {TD} at (2,2) size 67x22 [bgcolor=#00FF00] [border: (1px solid #000000)] [r=0 c=0 rs=1 cs=1]
                RenderText {#text} at (2,2) size 63x18
                  text run at (2,2) width 63: "green cell"
              RenderTableCell {TD} at (70,2) size 68x22 [bgcolor=#00FF00] [border: (1px solid #000000)] [r=0 c=1 rs=1 cs=1]
                RenderText {#text} at (2,2) size 63x18
                  text run at (2,2) width 63: "green cell"
              RenderTableCell {TD} at (139,2) size 25x22 [border: (1px solid #000000)] [r=0 c=2 rs=1 cs=1]
                RenderText {#text} at (2,2) size 20x18
                  text run at (2,2) width 20: "1.3"
            RenderTableRow {TR} at (0,26) size 166x22
              RenderTableCell {TD} at (2,26) size 67x22 [bgcolor=#00FF00] [border: (1px solid #000000)] [r=1 c=0 rs=1 cs=1]
                RenderText {#text} at (2,2) size 63x18
                  text run at (2,2) width 63: "green cell"
              RenderTableCell {TD} at (70,26) size 68x22 [bgcolor=#00FF00] [border: (1px solid #000000)] [r=1 c=1 rs=1 cs=1]
                RenderText {#text} at (2,2) size 63x18
                  text run at (2,2) width 63: "green cell"
              RenderTableCell {TD} at (139,26) size 25x22 [border: (1px solid #000000)] [r=1 c=2 rs=1 cs=1]
                RenderText {#text} at (2,2) size 20x18
                  text run at (2,2) width 20: "2.3"
            RenderTableRow {TR} at (0,50) size 166x22
              RenderTableCell {TD} at (2,50) size 67x22 [bgcolor=#00FF00] [border: (1px solid #000000)] [r=2 c=0 rs=1 cs=1]
                RenderText {#text} at (2,2) size 63x18
                  text run at (2,2) width 63: "green cell"
              RenderTableCell {TD} at (70,50) size 68x22 [bgcolor=#00FF00] [border: (1px solid #000000)] [r=2 c=1 rs=1 cs=1]
                RenderText {#text} at (2,2) size 63x18
                  text run at (2,2) width 63: "green cell"
              RenderTableCell {TD} at (139,50) size 25x22 [border: (1px solid #000000)] [r=2 c=2 rs=1 cs=1]
                RenderText {#text} at (2,2) size 20x18
                  text run at (2,2) width 20: "3.3"
      RenderBlock {P} at (0,92) size 784x18
        RenderText {#text} at (0,0) size 33x18
          text run at (0,0) width 33: "This "
        RenderInline {SPAN} at (0,0) size 112x18
          RenderText {#text} at (32,0) size 112x18
            text run at (32,0) width 112: "paragraph should"
        RenderText {#text} at (143,0) size 82x18
          text run at (143,0) width 82: " be unstyled."
