layer at (0,0) size 800x600
  RenderView at (0,0) size 800x600
layer at (0,0) size 800x600
  RenderBlock {HTML} at (0,0) size 800x600
    RenderBody {BODY} at (8,8) size 784x576
      RenderBlock {P} at (0,0) size 784x18
        RenderText {#text} at (0,0) size 776x18
          text run at (0,0) width 776: "Test that visited style matches to the topmost link in a decendant selector. The link should be green, with red underlining."
      RenderBlock {P} at (0,34) size 784x18
        RenderInline {A} at (0,0) size 31x18 [color=#FF0000]
          RenderInline {SPAN} at (0,0) size 31x18 [color=#008000]
            RenderText {#text} at (0,0) size 31x18
              text run at (0,0) width 31: "Link"
        RenderText {#text} at (0,0) size 0x0
      RenderBlock {P} at (0,68) size 784x18
        RenderText {#text} at (0,0) size 743x18
          text run at (0,0) width 743: "Test that visited style matches to the topmost link in a child selector. The link should be green, with red underlining."
      RenderBlock {P} at (0,102) size 784x18
        RenderInline {A} at (0,0) size 31x18 [color=#FF0000]
          RenderInline {SPAN} at (0,0) size 31x18 [color=#008000]
            RenderText {#text} at (0,0) size 31x18
              text run at (0,0) width 31: "Link"
        RenderText {#text} at (0,0) size 0x0
      RenderBlock {P} at (0,136) size 784x18
        RenderText {#text} at (0,0) size 668x18
          text run at (0,0) width 668: "Test that visited style does not match to non-topmost links. The link should be red, with red underlining."
      RenderBlock {P} at (0,170) size 784x18
        RenderInline {A} at (0,0) size 0x18 [color=#FF0000]
          RenderInline {SPAN} at (0,0) size 0x0
        RenderInline {A} at (0,0) size 31x18 [color=#FF0000]
          RenderText {#text} at (0,0) size 31x18
            text run at (0,0) width 31: "Link"
        RenderText {#text} at (0,0) size 0x0
      RenderBlock {P} at (0,204) size 784x36
        RenderText {#text} at (0,0) size 783x36
          text run at (0,0) width 783: "Test that direct adjacent selector doesn't match visited style. The link should be red, with red underlining. The span should"
          text run at (0,18) width 59: "be green."
      RenderBlock {P} at (0,256) size 784x18
        RenderInline {A} at (0,0) size 31x18 [color=#FF0000]
          RenderText {#text} at (0,0) size 31x18
            text run at (0,0) width 31: "Link"
        RenderText {#text} at (30,0) size 5x18
          text run at (30,0) width 5: " "
        RenderInline {SPAN} at (0,0) size 33x18 [color=#008000]
          RenderText {#text} at (34,0) size 33x18
            text run at (34,0) width 33: "Span"
        RenderText {#text} at (0,0) size 0x0
      RenderBlock {P} at (0,290) size 784x36
        RenderText {#text} at (0,0) size 748x36
          text run at (0,0) width 748: "Test that indirect adjacent selector doesn't match visited style. The link should be red, with red underlining. The span"
          text run at (0,18) width 106: "should be green."
      RenderBlock {P} at (0,342) size 784x18
        RenderInline {A} at (0,0) size 31x18 [color=#FF0000]
          RenderText {#text} at (0,0) size 31x18
            text run at (0,0) width 31: "Link"
        RenderText {#text} at (30,0) size 5x18
          text run at (30,0) width 5: " "
        RenderInline {SPAN} at (0,0) size 33x18 [color=#008000]
          RenderText {#text} at (34,0) size 33x18
            text run at (34,0) width 33: "Span"
        RenderText {#text} at (0,0) size 0x0
