layer at (0,0) size 800x600
  RenderView at (0,0) size 800x600
layer at (0,0) size 800x212
  RenderBlock {HTML} at (0,0) size 800x212
    RenderBody {BODY} at (8,16) size 784x188
      RenderBlock {P} at (0,0) size 784x18
        RenderText {#text} at (0,0) size 273x18
          text run at (0,0) width 273: "You should see a green square, and no red."
      RenderBlock (anonymous) at (0,34) size 784x154
        RenderText {#text} at (0,0) size 0x0
layer at (8,50) size 300x150
  RenderSVGRoot {svg} at (0,0) size 300x150
layer at (8,50) size 300x150
  RenderSVGViewportContainer at (0,0) size 300x150
layer at (8,50) size 100x100
  RenderSVGHiddenContainer {symbol} at (0,0) size 100x100
layer at (8,50) size 100x100
  RenderSVGRect {rect} at (0,0) size 100x100 [fill={[type=SOLID] [color=#000000]}] [x=0.00] [y=0.00] [width=100.00] [height=100.00]
layer at (8,50) size 100x100
  RenderSVGHiddenContainer {symbol} at (0,0) size 100x100
layer at (8,50) size 100x100
  RenderSVGRect {rect} at (0,0) size 100x100 [fill={[type=SOLID] [color=#FF0000]}] [x=0.00] [y=0.00] [width=100.00] [height=100.00]
layer at (8,50) size 100x100
  RenderSVGTransformableContainer {g} at (0,0) size 100x100
layer at (8,50) size 100x100
  RenderSVGTransformableContainer {use} at (0,0) size 100x100
layer at (8,50) size 300x150
  RenderSVGViewportContainer {svg} at (0,0) size 300x150
layer at (8,50) size 100x100
  RenderSVGRect {rect} at (0,0) size 100x100 [fill={[type=SOLID] [color=#008000]}] [x=0.00] [y=0.00] [width=100.00] [height=100.00]
