layer at (0,0) size 785x1230
  RenderView at (0,0) size 785x600
layer at (0,0) size 785x1230
  RenderBlock {HTML} at (0,0) size 785x1231
    RenderBody {BODY} at (8,8) size 769x1215
      RenderText {#text} at (0,0) size 285x18
        text run at (0,0) width 285: "LTR fieldset with left/center/right text-align:"
      RenderBR {BR} at (284,0) size 1x18
      RenderFieldSet {FIELDSET} at (16,34) size 228x120 [border: (2px groove #C0C0C0)]
        RenderBlock {LEGEND} at (34,0) size 104x25
          RenderBlock {DIV} at (2,0) size 100x25 [bgcolor=#FFA500]
      RenderText {#text} at (260,155) size 4x19
        text run at (260,155) width 4: " "
      RenderFieldSet {FIELDSET} at (280,34) size 228x120 [border: (2px groove #C0C0C0)]
        RenderBlock {LEGEND} at (110,0) size 104x25
          RenderBlock {DIV} at (2,0) size 100x25 [bgcolor=#FFA500]
      RenderText {#text} at (0,0) size 0x0
      RenderFieldSet {FIELDSET} at (16,189) size 228x121 [border: (2px groove #C0C0C0)]
        RenderBlock {LEGEND} at (62,0) size 104x25
          RenderBlock {DIV} at (2,0) size 100x25 [bgcolor=#FFA500]
      RenderBR {BR} at (260,311) size 0x19
      RenderText {#text} at (0,325) size 285x19
        text run at (0,325) width 285: "RTL fieldset with left/center/right text-align:"
      RenderBR {BR} at (284,325) size 1x19
      RenderFieldSet {FIELDSET} at (16,359) size 228x120 [border: (2px groove #C0C0C0)]
        RenderBlock {LEGEND} at (14,0) size 104x25
          RenderBlock {DIV} at (2,0) size 100x25 [bgcolor=#FFA500]
      RenderText {#text} at (260,480) size 4x19
        text run at (260,480) width 4: " "
      RenderFieldSet {FIELDSET} at (280,359) size 228x120 [border: (2px groove #C0C0C0)]
        RenderBlock {LEGEND} at (90,0) size 104x25
          RenderBlock {DIV} at (2,0) size 100x25 [bgcolor=#FFA500]
      RenderText {#text} at (0,0) size 0x0
      RenderFieldSet {FIELDSET} at (16,514) size 228x121 [border: (2px groove #C0C0C0)]
        RenderBlock {LEGEND} at (62,0) size 104x25
          RenderBlock {DIV} at (2,0) size 100x25 [bgcolor=#FFA500]
      RenderBR {BR} at (260,636) size 0x19
      RenderText {#text} at (0,650) size 339x19
        text run at (0,650) width 339: "Vertical LTR fieldset with left/center/right text-align:"
      RenderBR {BR} at (338,650) size 1x19
      RenderFieldSet {FIELDSET} at (16,684) size 120x229 [border: (2px groove #C0C0C0)]
        RenderBlock {LEGEND} at (0,34) size 25x104
          RenderBlock {DIV} at (0,2) size 25x100 [bgcolor=#FFA500]
      RenderText {#text} at (151,914) size 5x19
        text run at (151,914) width 5: " "
      RenderFieldSet {FIELDSET} at (171,684) size 121x229 [border: (2px groove #C0C0C0)]
        RenderBlock {LEGEND} at (0,110) size 25x104
          RenderBlock {DIV} at (0,2) size 25x100 [bgcolor=#FFA500]
      RenderText {#text} at (307,914) size 5x19
        text run at (307,914) width 5: " "
      RenderFieldSet {FIELDSET} at (327,684) size 120x229 [border: (2px groove #C0C0C0)]
        RenderBlock {LEGEND} at (0,62) size 25x104
          RenderBlock {DIV} at (0,2) size 25x100 [bgcolor=#FFA500]
      RenderText {#text} at (0,0) size 0x0
      RenderBR {BR} at (462,914) size 1x19
      RenderText {#text} at (0,932) size 339x19
        text run at (0,932) width 339: "Vertical RTL fieldset with left/center/right text-align:"
      RenderBR {BR} at (338,932) size 1x19
      RenderFieldSet {FIELDSET} at (16,966) size 120x229 [border: (2px groove #C0C0C0)]
        RenderBlock {LEGEND} at (0,14) size 25x104
          RenderBlock {DIV} at (0,2) size 25x100 [bgcolor=#FFA500]
      RenderText {#text} at (151,1196) size 5x19
        text run at (151,1196) width 5: " "
      RenderFieldSet {FIELDSET} at (171,966) size 121x229 [border: (2px groove #C0C0C0)]
        RenderBlock {LEGEND} at (0,90) size 25x104
          RenderBlock {DIV} at (0,2) size 25x100 [bgcolor=#FFA500]
      RenderText {#text} at (307,1196) size 5x19
        text run at (307,1196) width 5: " "
      RenderFieldSet {FIELDSET} at (327,966) size 120x229 [border: (2px groove #C0C0C0)]
        RenderBlock {LEGEND} at (0,62) size 25x104
          RenderBlock {DIV} at (0,2) size 25x100 [bgcolor=#FFA500]
      RenderText {#text} at (0,0) size 0x0
