layer at (0,0) size 800x600
  RenderView at (0,0) size 800x600
layer at (0,434) size 800x166
  RenderBlock {HTML} at (0,0) size 800x166
    RenderBody {BODY} at (8,8) size 784x150
      RenderText {#text} at (0,0) size 389x41
        text run at (0,0) width 389: "This is the first line of text."
      RenderBR {BR} at (388,0) size 1x41
      RenderImage {IMG} at (0,50) size 20x50 [bgcolor=#008000]
      RenderText {#text} at (20,41) size 379x41
        text run at (20,41) width 379: " This is the second line of "
      RenderImage {IMG} at (398,50) size 21x100 [bgcolor=#800080]
      RenderText {#text} at (418,41) size 73x41
        text run at (418,41) width 73: " text."
selection start: position 1 of child 0 {#text} of body
selection end:   position 1 of child 3 {IMG} of body
