layer at (0,0) size 800x600
  RenderView at (0,0) size 800x600
layer at (674,0) size 126x600
  RenderBlock {HTML} at (0,0) size 126x600 [border: (10px solid #800000)]
    RenderBody {BODY} at (18,18) size 90x564
      RenderText {#text} at (40,0) size 40x227
        text run at (40,0) width 227: "\x{653B}\x{6BBB} \x{6A5F}\x{52D5}\x{968A} "
      RenderInline {RUBY} at (0,0) size 40x201
        RenderInline (generated) at (0,0) size 40x81
          RenderText {#text} at (40,226) size 40x81
            text run at (40,226) width 80: "\x{653B}\x{6BBB}"
        RenderBlock {RT} at (10,226) size 30x81
          RenderText {#text} at (4,0) size 21x80
            text run at (4,0) width 80: "\x{3053}\x{3046}\x{304B}\x{304F}"
        RenderInline (generated) at (0,0) size 40x121
          RenderText {#text} at (40,306) size 40x121
            text run at (40,306) width 120: "\x{6A5F}\x{52D5}\x{968A}"
        RenderBlock {RT} at (10,306) size 30x121
          RenderText {#text} at (4,2) size 21x116
            text run at (4,2) width 116: "\x{304D}\x{3069}\x{3046}\x{305F}\x{3044}"
      RenderText {#text} at (0,0) size 0x0
