layer at (0,0) size 800x600
  RenderView at (0,0) size 800x600
layer at (0,493) size 800x107
  RenderBlock {HTML} at (0,0) size 800x107 [border: (10px solid #800000)]
    RenderBody {BODY} at (18,18) size 764x71
      RenderText {#text} at (0,10) size 227x40
        text run at (0,10) width 227: "\x{653B}\x{6BBB} \x{6A5F}\x{52D5}\x{968A} "
      RenderInline {RUBY} at (226,21) size 201x40
        RenderInline (generated) at (226,21) size 81x40
          RenderText {#text} at (226,10) size 81x40
            text run at (226,10) width 81: "\x{653B}\x{6BBB}"
        RenderBlock {RT} at (226,50) size 81x21
          RenderText {#text} at (0,0) size 80x21
            text run at (0,0) width 80: "\x{3053}\x{3046}\x{304B}\x{304F}"
        RenderInline (generated) at (306,21) size 121x40
          RenderText {#text} at (306,10) size 121x40
            text run at (306,10) width 121: "\x{6A5F}\x{52D5}\x{968A}"
        RenderBlock {RT} at (306,50) size 121x21
          RenderText {#text} at (2,0) size 116x21
            text run at (2,0) width 116: "\x{304D}\x{3069}\x{3046}\x{305F}\x{3044}"
      RenderText {#text} at (0,0) size 0x0
