layer at (0,0) size 5077x585
  RenderView at (0,0) size 800x585
layer at (-4277,0) size 5077x585 backgroundClip at (0,0) size 5077x585 clip at (0,0) size 5077x585
  RenderBlock {HTML} at (0,0) size 5078x585
    RenderBody {BODY} at (58,46) size 4961x493
      RenderBlock {H1} at (0,0) size 48x492
        RenderText {#text} at (5,0) size 38x64
          text run at (5,0) width 65: "\x{8349}\x{6795}"
      RenderBlock {H2} at (69,0) size 37x492
        RenderText {#text} at (4,0) size 28x96
          text run at (4,0) width 96: "\x{590F}\x{76EE}\x{6F31}\x{77F3}"
      RenderBlock {DIV} at (125,0) size 4836x492
        RenderBlock (anonymous) at (0,0) size 2718x492
          RenderBR {BR} at (0,0) size 18x0
          RenderBR {BR} at (18,0) size 18x0
          RenderBR {BR} at (36,0) size 18x0
          RenderText {#text} at (56,0) size 19x144
            text run at (56,0) width 145: "\x{3000}\x{3000}\x{3000}\x{3000}\x{3000}\x{3000}\x{3000}\x{3000}\x{4E00}"
          RenderBR {BR} at (56,144) size 19x0
          RenderBR {BR} at (76,0) size 19x0
          RenderText {#text} at (106,0) size 19x16
            text run at (106,0) width 17: "\x{3000}"
          RenderInline {RUBY} at (106,16) size 19x36
            RenderInline (generated) at (106,15) size 19x36
              RenderInline {RB} at (106,16) size 19x34
                RenderText {#text} at (106,16) size 19x34
                  text run at (106,16) width 35: "\x{5C71}\x{8DEF}"
            RenderBlock {RT} at (94,15) size 13x36
              RenderText {#text} at (1,0) size 11x36
                text run at (1,0) width 37: "\x{3084}\x{307E}\x{307F}\x{3061}"
          RenderText {#text} at (106,50) size 19x208
            text run at (106,50) width 209: "\x{3092}\x{767B}\x{308A}\x{306A}\x{304C}\x{3089}\x{3001}\x{3053}\x{3046}\x{8003}\x{3048}\x{305F}\x{3002}"
          RenderBR {BR} at (106,258) size 19x0
          RenderText {#text} at (139,0) size 19x16
            text run at (139,0) width 17: "\x{3000}"
          RenderInline {RUBY} at (139,16) size 19x16
            RenderInline (generated) at (139,16) size 19x16
              RenderInline {RB} at (139,16) size 19x16
                RenderText {#text} at (139,16) size 19x16
                  text run at (139,16) width 17: "\x{667A}"
            RenderBlock {RT} at (127,16) size 13x16
              RenderText {#text} at (1,3) size 11x10
                text run at (1,3) width 10: "\x{3061}"
          RenderText {#text} at (139,32) size 19x64
            text run at (139,32) width 65: "\x{306B}\x{50CD}\x{3051}\x{3070}"
          RenderInline {RUBY} at (139,96) size 19x18
            RenderInline (generated) at (139,95) size 19x18
              RenderInline {RB} at (139,96) size 19x16
                RenderText {#text} at (139,96) size 19x16
                  text run at (139,96) width 17: "\x{89D2}"
            RenderBlock {RT} at (127,95) size 13x18
              RenderText {#text} at (1,0) size 11x18
                text run at (1,0) width 19: "\x{304B}\x{3069}"
          RenderText {#text} at (139,112) size 19x64
            text run at (139,112) width 65: "\x{304C}\x{7ACB}\x{3064}\x{3002}"
          RenderInline {RUBY} at (139,176) size 19x27
            RenderInline (generated) at (139,171) size 19x28
              RenderInline {RB} at (139,177) size 19x16
                RenderText {#text} at (139,177) size 19x16
                  text run at (139,177) width 17: "\x{60C5}"
            RenderBlock {RT} at (127,171) size 13x28
              RenderText {#text} at (1,0) size 11x27
                text run at (1,0) width 28: "\x{3058}\x{3087}\x{3046}"
          RenderText {#text} at (139,194) size 19x16
            text run at (139,194) width 17: "\x{306B}"
          RenderInline {RUBY} at (139,210) size 19x18
            RenderInline (generated) at (139,209) size 19x18
              RenderInline {RB} at (139,210) size 19x16
                RenderText {#text} at (139,210) size 19x16
                  text run at (139,210) width 17: "\x{68F9}"
            RenderBlock {RT} at (127,209) size 13x18
              RenderText {#text} at (1,0) size 11x18
                text run at (1,0) width 19: "\x{3055}\x{304A}"
          RenderText {#text} at (139,226) size 19x176
            text run at (139,226) width 177: "\x{3055}\x{305B}\x{3070}\x{6D41}\x{3055}\x{308C}\x{308B}\x{3002}\x{610F}\x{5730}\x{3092}"
          RenderInline {RUBY} at (139,402) size 19x18
            RenderInline (generated) at (139,401) size 19x18
              RenderInline {RB} at (139,402) size 19x16
                RenderText {#text} at (139,402) size 19x16
                  text run at (139,402) width 17: "\x{901A}"
            RenderBlock {RT} at (127,401) size 13x18
              RenderText {#text} at (1,0) size 11x18
                text run at (1,0) width 19: "\x{3068}\x{304A}"
          RenderText {#text} at (139,418) size 19x32
            text run at (139,418) width 33: "\x{305B}\x{3070}"
          RenderInline {RUBY} at (172,0) size 19x45
            RenderInline (generated) at (172,0) size 19x45
              RenderInline {RB} at (172,3) size 19x39
                RenderText {#text} at (172,3) size 19x39
                  text run at (172,3) width 40: "\x{7AAE}\x{5C48}"
            RenderBlock {RT} at (159,0) size 14x45
              RenderText {#text} at (1,0) size 11x45
                text run at (1,0) width 46: "\x{304D}\x{3085}\x{3046}\x{304F}\x{3064}"
          RenderText {#text} at (172,41) size 19x257
            text run at (172,41) width 257: "\x{3060}\x{3002}\x{3068}\x{304B}\x{304F}\x{306B}\x{4EBA}\x{306E}\x{4E16}\x{306F}\x{4F4F}\x{307F}\x{306B}\x{304F}\x{3044}\x{3002}"
          RenderBR {BR} at (172,297) size 19x1
          RenderText {#text} at (205,0) size 19x112
            text run at (205,0) width 113: "\x{3000}\x{4F4F}\x{307F}\x{306B}\x{304F}\x{3055}\x{304C}"
          RenderInline {RUBY} at (205,112) size 19x18
            RenderInline (generated) at (205,111) size 19x18
              RenderInline {RB} at (205,112) size 19x16
                RenderText {#text} at (205,112) size 19x16
                  text run at (205,112) width 17: "\x{9AD8}"
            RenderBlock {RT} at (192,111) size 14x18
              RenderText {#text} at (1,0) size 11x18
                text run at (1,0) width 19: "\x{3053}\x{3046}"
          RenderText {#text} at (205,0) size 52x480
            text run at (205,128) width 353: "\x{3058}\x{308B}\x{3068}\x{3001}\x{5B89}\x{3044}\x{6240}\x{3078}\x{5F15}\x{304D}\x{8D8A}\x{3057}\x{305F}\x{304F}\x{306A}\x{308B}\x{3002}\x{3069}\x{3053}\x{3078}\x{8D8A}\x{3057}"
            text run at (238,0) width 129: "\x{3066}\x{3082}\x{4F4F}\x{307F}\x{306B}\x{304F}\x{3044}\x{3068}"
          RenderInline {RUBY} at (238,128) size 19x18
            RenderInline (generated) at (238,127) size 19x18
              RenderInline {RB} at (238,128) size 19x16
                RenderText {#text} at (238,128) size 19x16
                  text run at (238,128) width 17: "\x{609F}"
            RenderBlock {RT} at (225,127) size 14x18
              RenderText {#text} at (1,0) size 11x18
                text run at (1,0) width 19: "\x{3055}\x{3068}"
          RenderText {#text} at (238,144) size 19x160
            text run at (238,144) width 161: "\x{3063}\x{305F}\x{6642}\x{3001}\x{8A69}\x{304C}\x{751F}\x{308C}\x{3066}\x{3001}"
          RenderInline {RUBY} at (238,304) size 19x16
            RenderInline (generated) at (238,304) size 19x16
              RenderInline {RB} at (238,304) size 19x16
                RenderText {#text} at (238,304) size 19x16
                  text run at (238,304) width 17: "\x{753B}"
            RenderBlock {RT} at (225,304) size 14x16
              RenderText {#text} at (1,3) size 11x10
                text run at (1,3) width 10: "\x{3048}"
          RenderText {#text} at (238,320) size 19x80
            text run at (238,320) width 81: "\x{304C}\x{51FA}\x{6765}\x{308B}\x{3002}"
          RenderBR {BR} at (238,400) size 19x0
          RenderText {#text} at (260,0) size 19x16
            text run at (260,0) width 17: "\x{3000}"
          RenderInline {STRONG} at (260,16) size 19x48
            RenderText {#text} at (260,16) size 19x48
              text run at (260,16) width 49: "\x{4EBA}\x{306E}\x{4E16}"
          RenderText {#text} at (260,0) size 52x480
            text run at (260,64) width 417: "\x{3092}\x{4F5C}\x{3063}\x{305F}\x{3082}\x{306E}\x{306F}\x{795E}\x{3067}\x{3082}\x{306A}\x{3051}\x{308C}\x{3070}\x{9B3C}\x{3067}\x{3082}\x{306A}\x{3044}\x{3002}\x{3084}\x{306F}\x{308A}\x{5411}\x{3046}\x{4E09}"
            text run at (293,0) width 17: "\x{8ED2}"
          RenderInline {RUBY} at (293,16) size 19x45
            RenderInline (generated) at (293,12) size 19x46
              RenderInline {RB} at (293,16) size 19x39
                RenderText {#text} at (293,16) size 19x39
                  text run at (293,16) width 39: "\x{4E21}\x{96A3}"
            RenderBlock {RT} at (280,12) size 14x46
              RenderText {#text} at (1,0) size 11x45
                text run at (1,0) width 46: "\x{308A}\x{3087}\x{3046}\x{3069}\x{306A}"
          RenderText {#text} at (293,54) size 19x385
            text run at (293,54) width 385: "\x{308A}\x{306B}\x{3061}\x{3089}\x{3061}\x{3089}\x{3059}\x{308B}\x{305F}\x{3060}\x{306E}\x{4EBA}\x{3067}\x{3042}\x{308B}\x{3002}\x{305F}\x{3060}\x{306E}\x{4EBA}\x{304C}\x{4F5C}\x{3063}\x{305F}"
          RenderInline {STRONG} at (293,0) size 41x471
            RenderText {#text} at (293,0) size 41x471
              text run at (293,438) width 33: "\x{4EBA}\x{306E}"
              text run at (315,0) width 17: "\x{4E16}"
          RenderText {#text} at (315,16) size 19x368
            text run at (315,16) width 369: "\x{304C}\x{4F4F}\x{307F}\x{306B}\x{304F}\x{3044}\x{304B}\x{3089}\x{3068}\x{3066}\x{3001}\x{8D8A}\x{3059}\x{56FD}\x{306F}\x{3042}\x{308B}\x{307E}\x{3044}\x{3002}\x{3042}\x{308C}\x{3070}"
          RenderInline {STRONG} at (315,384) size 19x64
            RenderText {#text} at (315,384) size 19x64
              text run at (315,384) width 65: "\x{4EBA}\x{3067}\x{306A}\x{3057}"
          RenderText {#text} at (315,0) size 42x480
            text run at (315,448) width 33: "\x{306E}\x{56FD}"
            text run at (338,0) width 129: "\x{3078}\x{884C}\x{304F}\x{3070}\x{304B}\x{308A}\x{3060}\x{3002}"
          RenderInline {STRONG} at (338,128) size 19x64
            RenderText {#text} at (338,128) size 19x64
              text run at (338,128) width 65: "\x{4EBA}\x{3067}\x{306A}\x{3057}"
          RenderText {#text} at (338,192) size 19x48
            text run at (338,192) width 49: "\x{306E}\x{56FD}\x{306F}"
          RenderInline {STRONG} at (338,240) size 19x48
            RenderText {#text} at (338,240) size 19x48
              text run at (338,240) width 49: "\x{4EBA}\x{306E}\x{4E16}"
          RenderText {#text} at (338,0) size 41x464
            text run at (338,288) width 177: "\x{3088}\x{308A}\x{3082}\x{306A}\x{304A}\x{4F4F}\x{307F}\x{306B}\x{304F}\x{304B}\x{308D}"
            text run at (360,0) width 33: "\x{3046}\x{3002}"
          RenderBR {BR} at (360,32) size 19x0
          RenderText {#text} at (382,0) size 52x464
            text run at (382,0) width 465: "\x{3000}\x{8D8A}\x{3059}\x{4E8B}\x{306E}\x{306A}\x{3089}\x{306C}\x{4E16}\x{304C}\x{4F4F}\x{307F}\x{306B}\x{304F}\x{3051}\x{308C}\x{3070}\x{3001}\x{4F4F}\x{307F}\x{306B}\x{304F}\x{3044}\x{6240}\x{3092}\x{3069}\x{308C}\x{307B}\x{3069}"
            text run at (415,0) width 33: "\x{304B}\x{3001}"
          RenderInline {RUBY} at (415,32) size 19x36
            RenderInline (generated) at (415,31) size 19x36
              RenderInline {RB} at (415,32) size 19x34
                RenderText {#text} at (415,32) size 19x34
                  text run at (415,32) width 35: "\x{5BDB}\x{5BB9}"
            RenderBlock {RT} at (403,31) size 13x36
              RenderText {#text} at (1,0) size 11x36
                text run at (1,0) width 37: "\x{304F}\x{3064}\x{308D}\x{3052}"
          RenderText {#text} at (415,66) size 19x32
            text run at (415,66) width 33: "\x{3066}\x{3001}"
          RenderInline {RUBY} at (415,98) size 19x18
            RenderInline (generated) at (415,97) size 19x18
              RenderInline {RB} at (415,98) size 19x16
                RenderText {#text} at (415,98) size 19x16
                  text run at (415,98) width 17: "\x{675F}"
            RenderBlock {RT} at (403,97) size 13x18
              RenderText {#text} at (1,0) size 11x18
                text run at (1,0) width 19: "\x{3064}\x{304B}"
          RenderText {#text} at (415,114) size 19x16
            text run at (415,114) width 17: "\x{306E}"
          RenderInline {RUBY} at (415,130) size 19x16
            RenderInline (generated) at (415,130) size 19x16
              RenderInline {RB} at (415,130) size 19x16
                RenderText {#text} at (415,130) size 19x16
                  text run at (415,130) width 17: "\x{9593}"
            RenderBlock {RT} at (403,130) size 13x16
              RenderText {#text} at (1,3) size 11x10
                text run at (1,3) width 10: "\x{307E}"
          RenderText {#text} at (415,0) size 52x482
            text run at (415,146) width 337: "\x{306E}\x{547D}\x{3092}\x{3001}\x{675F}\x{306E}\x{9593}\x{3067}\x{3082}\x{4F4F}\x{307F}\x{3088}\x{304F}\x{305B}\x{306D}\x{3070}\x{306A}\x{3089}\x{306C}\x{3002}\x{3053}"
            text run at (448,0) width 401: "\x{3053}\x{306B}\x{8A69}\x{4EBA}\x{3068}\x{3044}\x{3046}\x{5929}\x{8077}\x{304C}\x{51FA}\x{6765}\x{3066}\x{3001}\x{3053}\x{3053}\x{306B}\x{753B}\x{5BB6}\x{3068}\x{3044}\x{3046}\x{4F7F}\x{547D}\x{304C}"
          RenderInline {RUBY} at (448,400) size 19x18
            RenderInline (generated) at (448,399) size 19x18
              RenderInline {RB} at (448,400) size 19x16
                RenderText {#text} at (448,400) size 19x16
                  text run at (448,400) width 17: "\x{964D}"
            RenderBlock {RT} at (435,399) size 14x18
              RenderText {#text} at (1,0) size 11x18
                text run at (1,0) width 19: "\x{304F}\x{3060}"
          RenderText {#text} at (448,0) size 52x480
            text run at (448,416) width 65: "\x{308B}\x{3002}\x{3042}\x{3089}"
            text run at (481,0) width 177: "\x{3086}\x{308B}\x{82B8}\x{8853}\x{306E}\x{58EB}\x{306F}\x{4EBA}\x{306E}\x{4E16}\x{3092}"
          RenderInline {RUBY} at (481,176) size 19x32
            RenderInline (generated) at (481,176) size 19x32
              RenderInline {RB} at (481,176) size 19x32
                RenderText {#text} at (481,176) size 19x32
                  text run at (481,176) width 33: "\x{9577}\x{9591}"
            RenderBlock {RT} at (468,176) size 14x32
              RenderText {#text} at (1,0) size 11x32
                text run at (1,0) width 31: "\x{306E}\x{3069}\x{304B}"
          RenderText {#text} at (481,208) size 19x208
            text run at (481,208) width 209: "\x{306B}\x{3057}\x{3001}\x{4EBA}\x{306E}\x{5FC3}\x{3092}\x{8C4A}\x{304B}\x{306B}\x{3059}\x{308B}\x{304C}"
          RenderInline {RUBY} at (481,416) size 19x18
            RenderInline (generated) at (481,415) size 19x18
              RenderInline {RB} at (481,416) size 19x16
                RenderText {#text} at (481,416) size 19x16
                  text run at (481,416) width 17: "\x{6545}"
            RenderBlock {RT} at (468,415) size 14x18
              RenderText {#text} at (1,0) size 11x18
                text run at (1,0) width 19: "\x{3086}\x{3048}"
          RenderText {#text} at (481,432) size 19x16
            text run at (481,432) width 17: "\x{306B}"
          RenderInline {RUBY} at (481,448) size 19x18
            RenderInline (generated) at (481,447) size 19x18
              RenderInline {RB} at (481,448) size 19x16
                RenderText {#text} at (481,448) size 19x16
                  text run at (481,448) width 17: "\x{5C0A}"
            RenderBlock {RT} at (468,447) size 14x18
              RenderText {#text} at (1,0) size 11x18
                text run at (1,0) width 19: "\x{305F}\x{3063}"
          RenderText {#text} at (481,0) size 41x480
            text run at (481,464) width 17: "\x{3068}"
            text run at (503,0) width 33: "\x{3044}\x{3002}"
          RenderBR {BR} at (503,32) size 19x0
          RenderText {#text} at (536,0) size 19x240
            text run at (536,0) width 241: "\x{3000}\x{4F4F}\x{307F}\x{306B}\x{304F}\x{304D}\x{4E16}\x{304B}\x{3089}\x{3001}\x{4F4F}\x{307F}\x{306B}\x{304F}\x{304D}"
          RenderInline {RUBY} at (536,240) size 19x27
            RenderInline (generated) at (536,235) size 19x28
              RenderInline {RB} at (536,241) size 19x16
                RenderText {#text} at (536,241) size 19x16
                  text run at (536,241) width 17: "\x{7169}"
            RenderBlock {RT} at (523,235) size 14x28
              RenderText {#text} at (1,0) size 11x27
                text run at (1,0) width 28: "\x{308F}\x{305A}\x{3089}"
          RenderText {#text} at (536,0) size 52x482
            text run at (536,258) width 225: "\x{3044}\x{3092}\x{5F15}\x{304D}\x{629C}\x{3044}\x{3066}\x{3001}\x{3042}\x{308A}\x{304C}\x{305F}\x{3044}\x{4E16}"
            text run at (569,0) width 273: "\x{754C}\x{3092}\x{307E}\x{306E}\x{3042}\x{305F}\x{308A}\x{306B}\x{5199}\x{3059}\x{306E}\x{304C}\x{8A69}\x{3067}\x{3042}\x{308B}\x{3001}"
          RenderInline {RUBY} at (569,272) size 19x16
            RenderInline (generated) at (569,272) size 19x16
              RenderInline {RB} at (569,272) size 19x16
                RenderText {#text} at (569,272) size 19x16
                  text run at (569,272) width 17: "\x{753B}"
            RenderBlock {RT} at (556,272) size 14x16
              RenderText {#text} at (1,3) size 11x10
                text run at (1,3) width 10: "\x{3048}"
          RenderText {#text} at (569,0) size 52x480
            text run at (569,288) width 193: "\x{3067}\x{3042}\x{308B}\x{3002}\x{3042}\x{308B}\x{306F}\x{97F3}\x{697D}\x{3068}\x{5F6B}\x{523B}"
            text run at (602,0) width 129: "\x{3067}\x{3042}\x{308B}\x{3002}\x{3053}\x{307E}\x{304B}\x{306B}"
          RenderInline {RUBY} at (602,128) size 19x16
            RenderInline (generated) at (602,128) size 19x16
              RenderInline {RB} at (602,128) size 19x16
                RenderText {#text} at (602,128) size 19x16
                  text run at (602,128) width 17: "\x{4E91}"
            RenderBlock {RT} at (589,128) size 14x16
              RenderText {#text} at (1,3) size 11x10
                text run at (1,3) width 10: "\x{3044}"
          RenderText {#text} at (602,0) size 51x480
            text run at (602,144) width 337: "\x{3048}\x{3070}\x{5199}\x{3055}\x{306A}\x{3044}\x{3067}\x{3082}\x{3088}\x{3044}\x{3002}\x{305F}\x{3060}\x{307E}\x{306E}\x{3042}\x{305F}\x{308A}\x{306B}\x{898B}\x{308C}"
            text run at (634,0) width 193: "\x{3070}\x{3001}\x{305D}\x{3053}\x{306B}\x{8A69}\x{3082}\x{751F}\x{304D}\x{3001}\x{6B4C}\x{3082}"
          RenderInline {RUBY} at (634,192) size 19x16
            RenderInline (generated) at (634,192) size 19x16
              RenderInline {RB} at (634,192) size 19x16
                RenderText {#text} at (634,192) size 19x16
                  text run at (634,192) width 17: "\x{6E67}"
            RenderBlock {RT} at (622,192) size 13x16
              RenderText {#text} at (1,3) size 11x10
                text run at (1,3) width 10: "\x{308F}"
          RenderText {#text} at (634,208) size 19x192
            text run at (634,208) width 193: "\x{304F}\x{3002}\x{7740}\x{60F3}\x{3092}\x{7D19}\x{306B}\x{843D}\x{3055}\x{306C}\x{3068}\x{3082}"
          RenderInline {RUBY} at (634,400) size 19x45
            RenderInline (generated) at (634,396) size 19x46
              RenderInline {RB} at (634,400) size 19x39
                RenderText {#text} at (634,400) size 19x23
                  text run at (634,400) width 24: "\x{7486}"
                RenderText {#text} at (634,422) size 19x17
                  text run at (634,422) width 17: "\x{93D8}"
            RenderBlock {RT} at (622,396) size 13x46
              RenderText {#text} at (1,0) size 11x45
                text run at (1,0) width 46: "\x{304D}\x{3085}\x{3046}\x{305D}\x{3046}"
          RenderText {#text} at (634,438) size 19x17
            text run at (634,438) width 17: "\x{306E}"
          RenderInline {RUBY} at (634,454) size 19x19
            RenderInline (generated) at (634,453) size 19x19
              RenderInline {RB} at (634,454) size 19x17
                RenderText {#text} at (634,454) size 19x17
                  text run at (634,454) width 17: "\x{97F3}"
            RenderBlock {RT} at (622,453) size 13x19
              RenderText {#text} at (1,0) size 11x18
                text run at (1,0) width 19: "\x{304A}\x{3093}"
          RenderText {#text} at (667,0) size 19x16
            text run at (667,0) width 17: "\x{306F}"
          RenderInline {RUBY} at (667,16) size 19x36
            RenderInline (generated) at (667,15) size 19x36
              RenderInline {RB} at (667,16) size 19x34
                RenderText {#text} at (667,16) size 19x34
                  text run at (667,16) width 35: "\x{80F8}\x{88CF}"
            RenderBlock {RT} at (655,15) size 13x36
              RenderText {#text} at (1,0) size 11x36
                text run at (1,0) width 37: "\x{304D}\x{3087}\x{3046}\x{308A}"
          RenderText {#text} at (667,50) size 19x16
            text run at (667,50) width 17: "\x{306B}"
          RenderInline {RUBY} at (667,66) size 19x18
            RenderInline (generated) at (667,65) size 19x18
              RenderInline {RB} at (667,66) size 19x16
                RenderText {#text} at (667,66) size 19x16
                  text run at (667,66) width 17: "\x{8D77}"
            RenderBlock {RT} at (655,65) size 13x18
              RenderText {#text} at (1,0) size 11x18
                text run at (1,0) width 19: "\x{304A}\x{3053}"
          RenderText {#text} at (667,82) size 19x32
            text run at (667,82) width 33: "\x{308B}\x{3002}"
          RenderInline {RUBY} at (667,114) size 19x36
            RenderInline (generated) at (667,113) size 19x36
              RenderInline {RB} at (667,114) size 19x34
                RenderText {#text} at (667,114) size 19x34
                  text run at (667,114) width 35: "\x{4E39}\x{9752}"
            RenderBlock {RT} at (655,113) size 13x36
              RenderText {#text} at (1,0) size 11x36
                text run at (1,0) width 37: "\x{305F}\x{3093}\x{305B}\x{3044}"
          RenderText {#text} at (667,148) size 19x16
            text run at (667,148) width 17: "\x{306F}"
          RenderInline {RUBY} at (667,164) size 19x32
            RenderInline (generated) at (667,164) size 19x32
              RenderInline {RB} at (667,164) size 19x32
                RenderText {#text} at (667,164) size 19x32
                  text run at (667,164) width 33: "\x{753B}\x{67B6}"
            RenderBlock {RT} at (655,164) size 13x32
              RenderText {#text} at (1,3) size 11x26
                text run at (1,3) width 26: "\x{304C}\x{304B}"
          RenderText {#text} at (667,196) size 19x64
            text run at (667,196) width 65: "\x{306B}\x{5411}\x{3063}\x{3066}"
          RenderInline {RUBY} at (667,260) size 19x32
            RenderInline (generated) at (667,260) size 19x32
              RenderInline {RB} at (667,260) size 19x32
                RenderText {#text} at (667,260) size 19x32
                  text run at (667,260) width 33: "\x{5857}\x{62B9}"
            RenderBlock {RT} at (655,260) size 13x32
              RenderText {#text} at (1,0) size 11x32
                text run at (1,0) width 31: "\x{3068}\x{307E}\x{3064}"
          RenderText {#text} at (667,292) size 19x64
            text run at (667,292) width 65: "\x{305B}\x{3093}\x{3067}\x{3082}"
          RenderInline {RUBY} at (667,356) size 19x32
            RenderInline (generated) at (667,356) size 19x32
              RenderInline {RB} at (667,356) size 19x32
                RenderText {#text} at (667,356) size 19x32
                  text run at (667,356) width 33: "\x{4E94}\x{5F69}"
            RenderBlock {RT} at (655,356) size 13x32
              RenderText {#text} at (1,0) size 11x32
                text run at (1,0) width 31: "\x{3054}\x{3055}\x{3044}"
          RenderText {#text} at (667,388) size 19x16
            text run at (667,388) width 17: "\x{306E}"
          RenderInline {RUBY} at (667,404) size 19x36
            RenderInline (generated) at (667,403) size 19x36
              RenderInline {RB} at (667,404) size 19x34
                RenderText {#text} at (667,404) size 19x34
                  text run at (667,404) width 35: "\x{7D62}\x{721B}"
            RenderBlock {RT} at (655,403) size 13x36
              RenderText {#text} at (1,0) size 11x36
                text run at (1,0) width 37: "\x{3051}\x{3093}\x{3089}\x{3093}"
          RenderText {#text} at (667,438) size 19x16
            text run at (667,438) width 17: "\x{306F}"
          RenderInline {RUBY} at (667,454) size 19x27
            RenderInline (generated) at (667,449) size 19x28
              RenderInline {RB} at (667,455) size 19x16
                RenderText {#text} at (667,455) size 19x16
                  text run at (667,455) width 17: "\x{81EA}"
            RenderBlock {RT} at (655,449) size 13x28
              RenderText {#text} at (1,0) size 11x27
                text run at (1,0) width 28: "\x{304A}\x{306E}\x{305A}"
          RenderText {#text} at (700,0) size 19x32
            text run at (700,0) width 33: "\x{304B}\x{3089}"
          RenderInline {RUBY} at (700,32) size 19x36
            RenderInline (generated) at (700,31) size 19x36
              RenderInline {RB} at (700,32) size 19x34
                RenderText {#text} at (700,32) size 19x34
                  text run at (700,32) width 35: "\x{5FC3}\x{773C}"
            RenderBlock {RT} at (687,31) size 14x36
              RenderText {#text} at (1,0) size 11x36
                text run at (1,0) width 37: "\x{3057}\x{3093}\x{304C}\x{3093}"
          RenderText {#text} at (700,66) size 19x256
            text run at (700,66) width 257: "\x{306B}\x{6620}\x{308B}\x{3002}\x{305F}\x{3060}\x{304A}\x{306E}\x{304C}\x{4F4F}\x{3080}\x{4E16}\x{3092}\x{3001}\x{304B}\x{304F}"
          RenderInline {RUBY} at (700,322) size 19x18
            RenderInline (generated) at (700,321) size 19x18
              RenderInline {RB} at (700,322) size 19x16
                RenderText {#text} at (700,322) size 19x16
                  text run at (700,322) width 17: "\x{89B3}"
            RenderBlock {RT} at (687,321) size 14x18
              RenderText {#text} at (1,0) size 11x18
                text run at (1,0) width 19: "\x{304B}\x{3093}"
          RenderText {#text} at (700,338) size 19x64
            text run at (700,338) width 65: "\x{3058}\x{5F97}\x{3066}\x{3001}"
          RenderInline {RUBY} at (700,402) size 19x72
            RenderInline (generated) at (700,401) size 19x72
              RenderInline {RB} at (700,402) size 19x70
                RenderText {#text} at (700,402) size 19x70
                  text run at (700,402) width 71: "\x{970A}\x{53F0}\x{65B9}\x{5BF8}"
            RenderBlock {RT} at (687,401) size 14x72
              RenderText {#text} at (1,0) size 11x72
                text run at (1,0) width 73: "\x{308C}\x{3044}\x{3060}\x{3044}\x{307B}\x{3046}\x{3059}\x{3093}"
          RenderText {#text} at (733,0) size 19x80
            text run at (733,0) width 81: "\x{306E}\x{30AB}\x{30E1}\x{30E9}\x{306B}"
          RenderInline {RUBY} at (733,80) size 19x72
            RenderInline (generated) at (733,79) size 19x72
              RenderInline {RB} at (733,80) size 19x70
                RenderText {#text} at (733,80) size 19x70
                  text run at (733,80) width 71: "\x{6F86}\x{5B63}\x{6EB7}\x{6FC1}"
            RenderBlock {RT} at (720,79) size 14x72
              RenderText {#text} at (1,0) size 11x72
                text run at (1,0) width 73: "\x{304E}\x{3087}\x{3046}\x{304D}\x{3053}\x{3093}\x{3060}\x{304F}"
          RenderText {#text} at (733,150) size 19x208
            text run at (733,150) width 209: "\x{306E}\x{4FD7}\x{754C}\x{3092}\x{6E05}\x{304F}\x{3046}\x{3089}\x{3089}\x{304B}\x{306B}\x{53CE}\x{3081}"
          RenderInline {RUBY} at (733,358) size 19x16
            RenderInline (generated) at (733,358) size 19x16
              RenderInline {RB} at (733,358) size 19x16
                RenderText {#text} at (733,358) size 19x16
                  text run at (733,358) width 17: "\x{5F97}"
            RenderBlock {RT} at (720,358) size 14x16
              RenderText {#text} at (1,3) size 11x10
                text run at (1,3) width 10: "\x{3046}"
          RenderText {#text} at (733,374) size 19x32
            text run at (733,374) width 33: "\x{308C}\x{3070}"
          RenderInline {RUBY} at (733,406) size 19x16
            RenderInline (generated) at (733,406) size 19x16
              RenderInline {RB} at (733,406) size 19x16
                RenderText {#text} at (733,406) size 19x16
                  text run at (733,406) width 17: "\x{8DB3}"
            RenderBlock {RT} at (720,406) size 14x16
              RenderText {#text} at (1,3) size 11x10
                text run at (1,3) width 10: "\x{305F}"
          RenderText {#text} at (733,0) size 52x486
            text run at (733,422) width 65: "\x{308B}\x{3002}\x{3053}\x{306E}"
            text run at (766,0) width 33: "\x{6545}\x{306B}"
          RenderInline {RUBY} at (766,32) size 19x32
            RenderInline (generated) at (766,32) size 19x32
              RenderInline {RB} at (766,32) size 19x32
                RenderText {#text} at (766,32) size 19x32
                  text run at (766,32) width 33: "\x{7121}\x{58F0}"
            RenderBlock {RT} at (753,32) size 14x32
              RenderText {#text} at (1,0) size 11x32
                text run at (1,0) width 31: "\x{3080}\x{305B}\x{3044}"
          RenderText {#text} at (766,64) size 19x160
            text run at (766,64) width 161: "\x{306E}\x{8A69}\x{4EBA}\x{306B}\x{306F}\x{4E00}\x{53E5}\x{306A}\x{304F}\x{3001}"
          RenderInline {RUBY} at (766,224) size 19x36
            RenderInline (generated) at (766,223) size 19x36
              RenderInline {RB} at (766,224) size 19x34
                RenderText {#text} at (766,224) size 19x34
                  text run at (766,224) width 35: "\x{7121}\x{8272}"
            RenderBlock {RT} at (753,223) size 14x36
              RenderText {#text} at (1,0) size 11x36
                text run at (1,0) width 37: "\x{3080}\x{3057}\x{3087}\x{304F}"
          RenderText {#text} at (766,258) size 19x80
            text run at (766,258) width 81: "\x{306E}\x{753B}\x{5BB6}\x{306B}\x{306F}"
          RenderInline {RUBY} at (766,338) size 19x36
            RenderInline (generated) at (766,337) size 19x36
              RenderInline {RB} at (766,338) size 19x34
                RenderText {#text} at (766,338) size 19x34
                  text run at (766,338) width 35: "\x{5C3A}\x{7E11}"
            RenderBlock {RT} at (753,337) size 14x36
              RenderText {#text} at (1,0) size 11x36
                text run at (1,0) width 37: "\x{305B}\x{3063}\x{3051}\x{3093}"
          RenderText {#text} at (766,372) size 19x96
            text run at (766,372) width 97: "\x{306A}\x{304D}\x{3082}\x{3001}\x{304B}\x{304F}"
          RenderInline {RUBY} at (798,0) size 19x36
            RenderInline (generated) at (798,0) size 19x36
              RenderInline {RB} at (798,1) size 19x34
                RenderText {#text} at (798,1) size 19x34
                  text run at (798,1) width 35: "\x{4EBA}\x{4E16}"
            RenderBlock {RT} at (786,0) size 13x36
              RenderText {#text} at (1,0) size 11x36
                text run at (1,0) width 37: "\x{3058}\x{3093}\x{305B}\x{3044}"
          RenderText {#text} at (798,35) size 19x224
            text run at (798,35) width 225: "\x{3092}\x{89B3}\x{3058}\x{5F97}\x{308B}\x{306E}\x{70B9}\x{306B}\x{304A}\x{3044}\x{3066}\x{3001}\x{304B}\x{304F}"
          RenderInline {RUBY} at (798,259) size 19x36
            RenderInline (generated) at (798,258) size 19x36
              RenderInline {RB} at (798,259) size 19x34
                RenderText {#text} at (798,259) size 19x34
                  text run at (798,259) width 35: "\x{7169}\x{60A9}"
            RenderBlock {RT} at (786,258) size 13x36
              RenderText {#text} at (1,0) size 11x36
                text run at (1,0) width 37: "\x{307C}\x{3093}\x{306E}\x{3046}"
          RenderText {#text} at (798,293) size 19x16
            text run at (798,293) width 17: "\x{3092}"
          RenderInline {RUBY} at (798,309) size 19x32
            RenderInline (generated) at (798,309) size 19x32
              RenderInline {RB} at (798,309) size 19x32
                RenderText {#text} at (798,309) size 19x32
                  text run at (798,309) width 33: "\x{89E3}\x{8131}"
            RenderBlock {RT} at (786,309) size 13x32
              RenderText {#text} at (1,0) size 11x32
                text run at (1,0) width 31: "\x{3052}\x{3060}\x{3064}"
          RenderText {#text} at (798,0) size 52x485
            text run at (798,341) width 145: "\x{3059}\x{308B}\x{306E}\x{70B9}\x{306B}\x{304A}\x{3044}\x{3066}\x{3001}"
            text run at (831,0) width 33: "\x{304B}\x{304F}"
          RenderInline {RUBY} at (831,32) size 19x72
            RenderInline (generated) at (831,28) size 19x72
              RenderInline {RB} at (831,32) size 19x64
                RenderText {#text} at (831,32) size 19x64
                  text run at (831,32) width 65: "\x{6E05}\x{6D44}\x{754C}"
            RenderBlock {RT} at (819,28) size 13x72
              RenderText {#text} at (1,0) size 11x72
                text run at (1,0) width 73: "\x{3057}\x{3087}\x{3046}\x{3058}\x{3087}\x{3046}\x{304B}\x{3044}"
          RenderText {#text} at (831,96) size 19x16
            text run at (831,96) width 17: "\x{306B}"
          RenderInline {RUBY} at (831,112) size 19x54
            RenderInline (generated) at (831,107) size 19x55
              RenderInline {RB} at (831,113) size 19x43
                RenderText {#text} at (831,113) size 19x43
                  text run at (831,113) width 44: "\x{51FA}\x{5165}"
            RenderBlock {RT} at (819,107) size 13x55
              RenderText {#text} at (1,0) size 11x54
                text run at (1,0) width 55: "\x{3057}\x{3085}\x{3064}\x{306B}\x{3085}\x{3046}"
          RenderText {#text} at (831,157) size 19x224
            text run at (831,157) width 225: "\x{3057}\x{5F97}\x{308B}\x{306E}\x{70B9}\x{306B}\x{304A}\x{3044}\x{3066}\x{3001}\x{307E}\x{305F}\x{3053}\x{306E}"
          RenderInline {RUBY} at (831,381) size 19x64
            RenderInline (generated) at (831,381) size 19x64
              RenderInline {RB} at (831,381) size 19x64
                RenderText {#text} at (831,381) size 19x64
                  text run at (831,381) width 65: "\x{4E0D}\x{540C}\x{4E0D}\x{4E8C}"
            RenderBlock {RT} at (819,381) size 13x64
              RenderText {#text} at (1,1) size 11x62
                text run at (1,1) width 61: "\x{3075}\x{3069}\x{3046}\x{3075}\x{3058}"
          RenderText {#text} at (831,445) size 19x16
            text run at (831,445) width 17: "\x{306E}"
          RenderInline {RUBY} at (864,0) size 19x36
            RenderInline (generated) at (864,0) size 19x36
              RenderInline {RB} at (864,1) size 19x34
                RenderText {#text} at (864,1) size 19x34
                  text run at (864,1) width 35: "\x{4E7E}\x{5764}"
            RenderBlock {RT} at (851,0) size 14x36
              RenderText {#text} at (1,0) size 11x36
                text run at (1,0) width 37: "\x{3051}\x{3093}\x{3053}\x{3093}"
          RenderText {#text} at (864,35) size 19x16
            text run at (864,35) width 17: "\x{3092}"
          RenderInline {RUBY} at (864,51) size 19x45
            RenderInline (generated) at (864,47) size 19x46
              RenderInline {RB} at (864,51) size 19x39
                RenderText {#text} at (864,51) size 19x39
                  text run at (864,51) width 39: "\x{5EFA}\x{7ACB}"
            RenderBlock {RT} at (851,47) size 14x46
              RenderText {#text} at (1,0) size 11x45
                text run at (1,0) width 46: "\x{3053}\x{3093}\x{308A}\x{3085}\x{3046}"
          RenderText {#text} at (864,89) size 19x161
            text run at (864,89) width 161: "\x{3057}\x{5F97}\x{308B}\x{306E}\x{70B9}\x{306B}\x{304A}\x{3044}\x{3066}\x{3001}"
          RenderInline {RUBY} at (864,249) size 19x65
            RenderInline (generated) at (864,249) size 19x65
              RenderInline {RB} at (864,249) size 19x65
                RenderText {#text} at (864,249) size 19x65
                  text run at (864,249) width 65: "\x{6211}\x{5229}\x{79C1}\x{617E}"
            RenderBlock {RT} at (851,249) size 14x65
              RenderText {#text} at (1,1) size 11x62
                text run at (1,1) width 61: "\x{304C}\x{308A}\x{3057}\x{3088}\x{304F}"
          RenderText {#text} at (864,313) size 19x17
            text run at (864,313) width 17: "\x{306E}"
          RenderInline {RUBY} at (864,329) size 19x33
            RenderInline (generated) at (864,329) size 19x33
              RenderInline {RB} at (864,329) size 19x33
                RenderText {#text} at (864,329) size 19x33
                  text run at (864,329) width 33: "\x{898A}\x{7D46}"
            RenderBlock {RT} at (851,329) size 14x33
              RenderText {#text} at (1,0) size 11x32
                text run at (1,0) width 31: "\x{304D}\x{306F}\x{3093}"
          RenderText {#text} at (864,361) size 19x17
            text run at (864,361) width 17: "\x{3092}"
          RenderInline {RUBY} at (864,377) size 19x37
            RenderInline (generated) at (864,376) size 19x37
              RenderInline {RB} at (864,377) size 19x35
                RenderText {#text} at (864,377) size 19x35
                  text run at (864,377) width 35: "\x{6383}\x{8569}"
            RenderBlock {RT} at (851,376) size 14x37
              RenderText {#text} at (1,0) size 11x36
                text run at (1,0) width 37: "\x{305D}\x{3046}\x{3068}\x{3046}"
          RenderText {#text} at (864,0) size 52x476
            text run at (864,411) width 65: "\x{3059}\x{308B}\x{306E}\x{70B9}"
            text run at (897,0) width 113: "\x{306B}\x{304A}\x{3044}\x{3066}\x{3001}\x{2015}\x{2015}"
          RenderInline {RUBY} at (897,112) size 19x36
            RenderInline (generated) at (897,111) size 19x36
              RenderInline {RB} at (897,112) size 19x34
                RenderText {#text} at (897,112) size 19x34
                  text run at (897,112) width 35: "\x{5343}\x{91D1}"
            RenderBlock {RT} at (884,111) size 14x36
              RenderText {#text} at (1,0) size 11x36
                text run at (1,0) width 37: "\x{305B}\x{3093}\x{304D}\x{3093}"
          RenderText {#text} at (897,146) size 19x96
            text run at (897,146) width 97: "\x{306E}\x{5B50}\x{3088}\x{308A}\x{3082}\x{3001}"
          RenderInline {RUBY} at (897,242) size 19x45
            RenderInline (generated) at (897,238) size 19x46
              RenderInline {RB} at (897,242) size 19x39
                RenderText {#text} at (897,242) size 19x39
                  text run at (897,242) width 39: "\x{4E07}\x{4E57}"
            RenderBlock {RT} at (884,238) size 14x46
              RenderText {#text} at (1,0) size 11x45
                text run at (1,0) width 46: "\x{3070}\x{3093}\x{3058}\x{3087}\x{3046}"
          RenderText {#text} at (897,0) size 52x473
            text run at (897,280) width 193: "\x{306E}\x{541B}\x{3088}\x{308A}\x{3082}\x{3001}\x{3042}\x{3089}\x{3086}\x{308B}\x{4FD7}\x{754C}"
            text run at (930,0) width 17: "\x{306E}"
          RenderInline {RUBY} at (930,16) size 19x36
            RenderInline (generated) at (930,15) size 19x36
              RenderInline {RB} at (930,16) size 19x34
                RenderText {#text} at (930,16) size 19x34
                  text run at (930,16) width 35: "\x{5BF5}\x{5150}"
            RenderBlock {RT} at (917,15) size 14x36
              RenderText {#text} at (1,0) size 11x36
                text run at (1,0) width 37: "\x{3061}\x{3087}\x{3046}\x{3058}"
          RenderText {#text} at (930,50) size 19x144
            text run at (930,50) width 145: "\x{3088}\x{308A}\x{3082}\x{5E78}\x{798F}\x{3067}\x{3042}\x{308B}\x{3002}"
          RenderBR {BR} at (930,194) size 19x0
          RenderText {#text} at (962,0) size 19x272
            text run at (962,0) width 273: "\x{3000}\x{4E16}\x{306B}\x{4F4F}\x{3080}\x{3053}\x{3068}\x{4E8C}\x{5341}\x{5E74}\x{306B}\x{3057}\x{3066}\x{3001}\x{4F4F}\x{3080}\x{306B}"
          RenderInline {RUBY} at (962,272) size 19x32
            RenderInline (generated) at (962,272) size 19x32
              RenderInline {RB} at (962,272) size 19x32
                RenderText {#text} at (962,272) size 19x32
                  text run at (962,272) width 33: "\x{7532}\x{6590}"
            RenderBlock {RT} at (950,272) size 13x32
              RenderText {#text} at (1,3) size 11x26
                text run at (1,3) width 26: "\x{304B}\x{3044}"
          RenderText {#text} at (962,0) size 52x480
            text run at (962,304) width 177: "\x{3042}\x{308B}\x{4E16}\x{3068}\x{77E5}\x{3063}\x{305F}\x{3002}\x{4E8C}\x{5341}\x{4E94}"
            text run at (995,0) width 113: "\x{5E74}\x{306B}\x{3057}\x{3066}\x{660E}\x{6697}\x{306F}"
          RenderInline {RUBY} at (995,112) size 19x36
            RenderInline (generated) at (995,111) size 19x36
              RenderInline {RB} at (995,112) size 19x34
                RenderText {#text} at (995,112) size 19x34
                  text run at (995,112) width 35: "\x{8868}\x{88CF}"
            RenderBlock {RT} at (983,111) size 13x36
              RenderText {#text} at (1,0) size 11x36
                text run at (1,0) width 37: "\x{3072}\x{3087}\x{3046}\x{308A}"
          RenderText {#text} at (995,0) size 52x482
            text run at (995,146) width 337: "\x{306E}\x{3054}\x{3068}\x{304F}\x{3001}\x{65E5}\x{306E}\x{3042}\x{305F}\x{308B}\x{6240}\x{306B}\x{306F}\x{304D}\x{3063}\x{3068}\x{5F71}\x{304C}\x{3055}\x{3059}\x{3068}"
            text run at (1028,0) width 113: "\x{609F}\x{3063}\x{305F}\x{3002}\x{4E09}\x{5341}\x{306E}"
          RenderInline {RUBY} at (1028,112) size 19x36
            RenderInline (generated) at (1028,111) size 19x36
              RenderInline {RB} at (1028,112) size 19x34
                RenderText {#text} at (1028,112) size 19x34
                  text run at (1028,112) width 35: "\x{4ECA}\x{65E5}"
            RenderBlock {RT} at (1015,111) size 14x36
              RenderText {#text} at (1,0) size 11x36
                text run at (1,0) width 37: "\x{3053}\x{3093}\x{306B}\x{3061}"
          RenderText {#text} at (1028,146) size 19x288
            text run at (1028,146) width 289: "\x{306F}\x{3053}\x{3046}\x{601D}\x{3046}\x{3066}\x{3044}\x{308B}\x{3002}\x{2015}\x{2015}\x{559C}\x{3073}\x{306E}\x{6DF1}\x{304D}\x{3068}\x{304D}"
          RenderInline {RUBY} at (1028,434) size 19x27
            RenderInline (generated) at (1028,429) size 19x28
              RenderInline {RB} at (1028,435) size 19x16
                RenderText {#text} at (1028,435) size 19x16
                  text run at (1028,435) width 17: "\x{6182}"
            RenderBlock {RT} at (1015,429) size 14x28
              RenderText {#text} at (1,0) size 11x27
                text run at (1,0) width 28: "\x{3046}\x{308C}\x{3044}"
          RenderText {#text} at (1028,0) size 52x468
            text run at (1028,452) width 17: "\x{3044}"
            text run at (1061,0) width 97: "\x{3088}\x{3044}\x{3088}\x{6DF1}\x{304F}\x{3001}"
          RenderInline {RUBY} at (1061,96) size 19x27
            RenderInline (generated) at (1061,91) size 19x28
              RenderInline {RB} at (1061,97) size 19x16
                RenderText {#text} at (1061,97) size 19x16
                  text run at (1061,97) width 17: "\x{697D}"
            RenderBlock {RT} at (1048,91) size 14x28
              RenderText {#text} at (1,0) size 11x27
                text run at (1,0) width 28: "\x{305F}\x{306E}\x{3057}"
          RenderText {#text} at (1061,0) size 52x482
            text run at (1061,114) width 369: "\x{307F}\x{306E}\x{5927}\x{3044}\x{306A}\x{308B}\x{307B}\x{3069}\x{82E6}\x{3057}\x{307F}\x{3082}\x{5927}\x{304D}\x{3044}\x{3002}\x{3053}\x{308C}\x{3092}\x{5207}\x{308A}\x{653E}\x{305D}"
            text run at (1094,0) width 177: "\x{3046}\x{3068}\x{3059}\x{308B}\x{3068}\x{8EAB}\x{304C}\x{6301}\x{3066}\x{306C}\x{3002}"
          RenderInline {RUBY} at (1094,176) size 19x18
            RenderInline (generated) at (1094,175) size 19x18
              RenderInline {RB} at (1094,176) size 19x16
                RenderText {#text} at (1094,176) size 19x16
                  text run at (1094,176) width 17: "\x{7247}"
            RenderBlock {RT} at (1081,175) size 14x18
              RenderText {#text} at (1,0) size 11x18
                text run at (1,0) width 19: "\x{304B}\x{305F}"
          RenderText {#text} at (1094,0) size 51x480
            text run at (1094,192) width 289: "\x{3065}\x{3051}\x{3088}\x{3046}\x{3068}\x{3059}\x{308C}\x{3070}\x{4E16}\x{304C}\x{7ACB}\x{305F}\x{306C}\x{3002}\x{91D1}\x{306F}\x{5927}\x{4E8B}"
            text run at (1126,0) width 129: "\x{3060}\x{3001}\x{5927}\x{4E8B}\x{306A}\x{3082}\x{306E}\x{304C}"
          RenderInline {RUBY} at (1126,128) size 19x16
            RenderInline (generated) at (1126,128) size 19x16
              RenderInline {RB} at (1126,128) size 19x16
                RenderText {#text} at (1126,128) size 19x16
                  text run at (1126,128) width 17: "\x{6B96}"
            RenderBlock {RT} at (1114,128) size 13x16
              RenderText {#text} at (1,3) size 11x10
                text run at (1,3) width 10: "\x{3075}"
          RenderText {#text} at (1126,144) size 19x48
            text run at (1126,144) width 49: "\x{3048}\x{308C}\x{3070}"
          RenderInline {RUBY} at (1126,192) size 19x16
            RenderInline (generated) at (1126,192) size 19x16
              RenderInline {RB} at (1126,192) size 19x16
                RenderText {#text} at (1126,192) size 19x16
                  text run at (1126,192) width 17: "\x{5BDD}"
            RenderBlock {RT} at (1114,192) size 13x16
              RenderText {#text} at (1,3) size 11x10
                text run at (1,3) width 10: "\x{306D}"
          RenderText {#text} at (1126,208) size 19x16
            text run at (1126,208) width 17: "\x{308B}"
          RenderInline {RUBY} at (1126,224) size 19x16
            RenderInline (generated) at (1126,224) size 19x16
              RenderInline {RB} at (1126,224) size 19x16
                RenderText {#text} at (1126,224) size 19x16
                  text run at (1126,224) width 17: "\x{9593}"
            RenderBlock {RT} at (1114,224) size 13x16
              RenderText {#text} at (1,3) size 11x10
                text run at (1,3) width 10: "\x{307E}"
          RenderText {#text} at (1126,0) size 75x480
            text run at (1126,240) width 241: "\x{3082}\x{5FC3}\x{914D}\x{3060}\x{308D}\x{3046}\x{3002}\x{604B}\x{306F}\x{3046}\x{308C}\x{3057}\x{3044}\x{3001}\x{5B09}"
            text run at (1149,0) width 481: "\x{3057}\x{3044}\x{604B}\x{304C}\x{7A4D}\x{3082}\x{308C}\x{3070}\x{3001}\x{604B}\x{3092}\x{305B}\x{306C}\x{6614}\x{304C}\x{304B}\x{3048}\x{3063}\x{3066}\x{604B}\x{3057}\x{304B}\x{308D}\x{3002}\x{95A3}\x{50DA}\x{306E}\x{80A9}\x{306F}\x{6570}"
            text run at (1182,0) width 97: "\x{767E}\x{4E07}\x{4EBA}\x{306E}\x{8DB3}\x{3092}"
          RenderInline {RUBY} at (1182,96) size 19x18
            RenderInline (generated) at (1182,95) size 19x18
              RenderInline {RB} at (1182,96) size 19x16
                RenderText {#text} at (1182,96) size 19x16
                  text run at (1182,96) width 17: "\x{652F}"
            RenderBlock {RT} at (1169,95) size 14x18
              RenderText {#text} at (1,0) size 11x18
                text run at (1,0) width 19: "\x{3055}\x{3055}"
          RenderText {#text} at (1182,112) size 19x80
            text run at (1182,112) width 81: "\x{3048}\x{3066}\x{3044}\x{308B}\x{3002}"
          RenderInline {RUBY} at (1182,192) size 19x32
            RenderInline (generated) at (1182,192) size 19x32
              RenderInline {RB} at (1182,192) size 19x32
                RenderText {#text} at (1182,192) size 19x32
                  text run at (1182,192) width 33: "\x{80CC}\x{4E2D}"
            RenderBlock {RT} at (1169,192) size 14x32
              RenderText {#text} at (1,0) size 11x32
                text run at (1,0) width 31: "\x{305B}\x{306A}\x{304B}"
          RenderText {#text} at (1182,0) size 51x480
            text run at (1182,224) width 257: "\x{306B}\x{306F}\x{91CD}\x{3044}\x{5929}\x{4E0B}\x{304C}\x{304A}\x{3076}\x{3055}\x{3063}\x{3066}\x{3044}\x{308B}\x{3002}\x{3046}"
            text run at (1214,0) width 273: "\x{307E}\x{3044}\x{7269}\x{3082}\x{98DF}\x{308F}\x{306D}\x{3070}\x{60DC}\x{3057}\x{3044}\x{3002}\x{5C11}\x{3057}\x{98DF}\x{3048}\x{3070}"
          RenderInline {RUBY} at (1214,272) size 19x16
            RenderInline (generated) at (1214,272) size 19x16
              RenderInline {RB} at (1214,272) size 19x16
                RenderText {#text} at (1214,272) size 19x16
                  text run at (1214,272) width 17: "\x{98FD}"
            RenderBlock {RT} at (1202,272) size 13x16
              RenderText {#text} at (1,3) size 11x10
                text run at (1,3) width 10: "\x{3042}"
          RenderText {#text} at (1214,288) size 19x16
            text run at (1214,288) width 17: "\x{304D}"
          RenderInline {RUBY} at (1214,304) size 19x16
            RenderInline (generated) at (1214,304) size 19x16
              RenderInline {RB} at (1214,304) size 19x16
                RenderText {#text} at (1214,304) size 19x16
                  text run at (1214,304) width 17: "\x{8DB3}"
            RenderBlock {RT} at (1202,304) size 13x16
              RenderText {#text} at (1,3) size 11x10
                text run at (1,3) width 10: "\x{305F}"
          RenderText {#text} at (1214,0) size 42x480
            text run at (1214,320) width 161: "\x{3089}\x{306C}\x{3002}\x{5B58}\x{5206}\x{98DF}\x{3048}\x{3070}\x{3042}\x{3068}"
            text run at (1237,0) width 129: "\x{304C}\x{4E0D}\x{6109}\x{5FEB}\x{3060}\x{3002}\x{2026}\x{2026}"
          RenderBR {BR} at (1237,128) size 19x0
          RenderText {#text} at (1270,0) size 19x16
            text run at (1270,0) width 17: "\x{3000}"
          RenderInline {RUBY} at (1270,16) size 18x16
            RenderInline (generated) at (1270,16) size 18x16
              RenderInline {RB} at (1270,16) size 18x16
                RenderText {#text} at (1270,16) size 19x16
                  text run at (1270,16) width 17: "\x{4F59}"
            RenderBlock {RT} at (1257,16) size 13x16
              RenderText {#text} at (1,3) size 11x10
                text run at (1,3) width 10: "\x{3088}"
          RenderText {#text} at (1270,32) size 19x16
            text run at (1270,32) width 17: "\x{306E}"
          RenderInline {RUBY} at (1270,48) size 18x36
            RenderInline (generated) at (1270,43) size 18x37
              RenderInline {RB} at (1270,53) size 18x17
                RenderText {#text} at (1270,53) size 19x17
                  text run at (1270,53) width 17: "\x{8003}"
            RenderBlock {RT} at (1257,43) size 13x37
              RenderText {#text} at (1,0) size 11x36
                text run at (1,0) width 37: "\x{304B}\x{3093}\x{304C}\x{3048}"
          RenderText {#text} at (1270,75) size 19x256
            text run at (1270,75) width 257: "\x{304C}\x{3053}\x{3053}\x{307E}\x{3067}\x{6F02}\x{6D41}\x{3057}\x{3066}\x{6765}\x{305F}\x{6642}\x{306B}\x{3001}\x{4F59}\x{306E}"
          RenderInline {RUBY} at (1270,331) size 18x32
            RenderInline (generated) at (1270,331) size 18x32
              RenderInline {RB} at (1270,331) size 18x32
                RenderText {#text} at (1270,331) size 19x32
                  text run at (1270,331) width 33: "\x{53F3}\x{8DB3}"
            RenderBlock {RT} at (1257,331) size 13x32
              RenderText {#text} at (1,0) size 11x32
                text run at (1,0) width 31: "\x{3046}\x{305D}\x{304F}"
          RenderText {#text} at (1270,363) size 19x48
            text run at (1270,363) width 49: "\x{306F}\x{7A81}\x{7136}"
          RenderInline {RUBY} at (1270,411) size 18x18
            RenderInline (generated) at (1270,410) size 18x18
              RenderInline {RB} at (1270,411) size 18x16
                RenderText {#text} at (1270,411) size 19x16
                  text run at (1270,411) width 17: "\x{5750}"
            RenderBlock {RT} at (1257,410) size 13x18
              RenderText {#text} at (1,0) size 11x18
                text run at (1,0) width 19: "\x{3059}\x{308F}"
          RenderText {#text} at (1270,0) size 51x475
            text run at (1270,427) width 49: "\x{308A}\x{306E}\x{308F}"
            text run at (1302,0) width 33: "\x{308B}\x{3044}"
          RenderInline {RUBY} at (1302,32) size 19x36
            RenderInline (generated) at (1302,31) size 19x36
              RenderInline {RB} at (1302,32) size 19x34
                RenderText {#text} at (1302,32) size 19x34
                  text run at (1302,32) width 35: "\x{89D2}\x{77F3}"
            RenderBlock {RT} at (1290,31) size 13x36
              RenderText {#text} at (1,0) size 11x36
                text run at (1,0) width 37: "\x{304B}\x{304F}\x{3044}\x{3057}"
          RenderText {#text} at (1302,66) size 19x16
            text run at (1302,66) width 17: "\x{306E}"
          RenderInline {RUBY} at (1302,82) size 19x18
            RenderInline (generated) at (1302,81) size 19x18
              RenderInline {RB} at (1302,82) size 19x16
                RenderText {#text} at (1302,82) size 19x16
                  text run at (1302,82) width 17: "\x{7AEF}"
            RenderBlock {RT} at (1290,81) size 13x18
              RenderText {#text} at (1,0) size 11x18
                text run at (1,0) width 19: "\x{306F}\x{3057}"
          RenderText {#text} at (1302,98) size 19x48
            text run at (1302,98) width 49: "\x{3092}\x{8E0F}\x{307F}"
          RenderInline {RUBY} at (1302,146) size 19x16
            RenderInline (generated) at (1302,146) size 19x16
              RenderInline {RB} at (1302,146) size 19x16
                RenderText {#text} at (1302,146) size 19x16
                  text run at (1302,146) width 17: "\x{640D}"
            RenderBlock {RT} at (1290,146) size 13x16
              RenderText {#text} at (1,3) size 11x10
                text run at (1,3) width 10: "\x{305D}"
          RenderText {#text} at (1302,162) size 19x80
            text run at (1302,162) width 81: "\x{304F}\x{306A}\x{3063}\x{305F}\x{3002}"
          RenderInline {RUBY} at (1302,242) size 19x36
            RenderInline (generated) at (1302,241) size 19x36
              RenderInline {RB} at (1302,242) size 19x34
                RenderText {#text} at (1302,242) size 19x34
                  text run at (1302,242) width 35: "\x{5E73}\x{8861}"
            RenderBlock {RT} at (1290,241) size 13x36
              RenderText {#text} at (1,0) size 11x36
                text run at (1,0) width 37: "\x{3078}\x{3044}\x{3053}\x{3046}"
          RenderText {#text} at (1302,0) size 52x484
            text run at (1302,276) width 209: "\x{3092}\x{4FDD}\x{3064}\x{305F}\x{3081}\x{306B}\x{3001}\x{3059}\x{308F}\x{3084}\x{3068}\x{524D}\x{306B}"
            text run at (1335,0) width 81: "\x{98DB}\x{3073}\x{51FA}\x{3057}\x{305F}"
          RenderInline {RUBY} at (1335,80) size 19x32
            RenderInline (generated) at (1335,80) size 19x32
              RenderInline {RB} at (1335,80) size 19x32
                RenderText {#text} at (1335,80) size 19x32
                  text run at (1335,80) width 33: "\x{5DE6}\x{8DB3}"
            RenderBlock {RT} at (1322,80) size 14x32
              RenderText {#text} at (1,0) size 11x32
                text run at (1,0) width 31: "\x{3055}\x{305D}\x{304F}"
          RenderText {#text} at (1335,112) size 19x32
            text run at (1335,112) width 33: "\x{304C}\x{3001}"
          RenderInline {RUBY} at (1335,144) size 19x32
            RenderInline (generated) at (1335,144) size 19x32
              RenderInline {RB} at (1335,144) size 19x32
                RenderText {#text} at (1335,144) size 19x32
                  text run at (1335,144) width 33: "\x{4ED5}\x{640D}"
            RenderBlock {RT} at (1322,144) size 14x32
              RenderText {#text} at (1,0) size 11x32
                text run at (1,0) width 31: "\x{3057}\x{305D}\x{3093}"
          RenderText {#text} at (1335,176) size 19x32
            text run at (1335,176) width 33: "\x{3058}\x{306E}"
          RenderInline {RUBY} at (1335,208) size 19x16
            RenderInline (generated) at (1335,208) size 19x16
              RenderInline {RB} at (1335,208) size 19x16
                RenderText {#text} at (1335,208) size 19x16
                  text run at (1335,208) width 17: "\x{57CB}"
            RenderBlock {RT} at (1322,208) size 14x16
              RenderText {#text} at (1,3) size 11x10
                text run at (1,3) width 10: "\x{3046}"
          RenderText {#text} at (1335,224) size 19x16
            text run at (1335,224) width 17: "\x{3081}"
          RenderInline {RUBY} at (1335,240) size 19x18
            RenderInline (generated) at (1335,239) size 19x18
              RenderInline {RB} at (1335,240) size 19x16
                RenderText {#text} at (1335,240) size 19x16
                  text run at (1335,240) width 17: "\x{5408}"
            RenderBlock {RT} at (1322,239) size 14x18
              RenderText {#text} at (1,0) size 11x18
                text run at (1,0) width 19: "\x{3042}\x{308F}"
          RenderText {#text} at (1335,0) size 52x480
            text run at (1335,256) width 225: "\x{305B}\x{3092}\x{3059}\x{308B}\x{3068}\x{5171}\x{306B}\x{3001}\x{4F59}\x{306E}\x{8170}\x{306F}\x{5177}\x{5408}"
            text run at (1368,0) width 33: "\x{3088}\x{304F}"
          RenderInline {RUBY} at (1368,32) size 19x18
            RenderInline (generated) at (1368,31) size 19x18
              RenderInline {RB} at (1368,32) size 19x16
                RenderText {#text} at (1368,32) size 19x16
                  text run at (1368,32) width 17: "\x{65B9}"
            RenderBlock {RT} at (1355,31) size 14x18
              RenderText {#text} at (1,0) size 11x18
                text run at (1,0) width 19: "\x{307B}\x{3046}"
          RenderText {#text} at (1368,48) size 19x144
            text run at (1368,48) width 145: "\x{4E09}\x{5C3A}\x{307B}\x{3069}\x{306A}\x{5CA9}\x{306E}\x{4E0A}\x{306B}"
          RenderInline {RUBY} at (1368,192) size 19x16
            RenderInline (generated) at (1368,192) size 19x16
              RenderInline {RB} at (1368,192) size 19x16
                RenderText {#text} at (1368,192) size 19x16
                  text run at (1368,192) width 17: "\x{5378}"
            RenderBlock {RT} at (1355,192) size 14x16
              RenderText {#text} at (1,3) size 11x10
                text run at (1,3) width 10: "\x{304A}"
          RenderText {#text} at (1368,208) size 19x208
            text run at (1368,208) width 209: "\x{308A}\x{305F}\x{3002}\x{80A9}\x{306B}\x{304B}\x{3051}\x{305F}\x{7D75}\x{306E}\x{5177}\x{7BB1}\x{304C}"
          RenderInline {RUBY} at (1368,416) size 19x18
            RenderInline (generated) at (1368,415) size 19x18
              RenderInline {RB} at (1368,416) size 19x16
                RenderText {#text} at (1368,416) size 19x16
                  text run at (1368,416) width 17: "\x{814B}"
            RenderBlock {RT} at (1355,415) size 14x18
              RenderText {#text} at (1,0) size 11x18
                text run at (1,0) width 19: "\x{308F}\x{304D}"
          RenderText {#text} at (1368,0) size 52x480
            text run at (1368,432) width 49: "\x{306E}\x{4E0B}\x{304B}"
            text run at (1401,0) width 17: "\x{3089}"
          RenderInline {RUBY} at (1401,16) size 19x18
            RenderInline (generated) at (1401,15) size 19x18
              RenderInline {RB} at (1401,16) size 19x16
                RenderText {#text} at (1401,16) size 19x16
                  text run at (1401,16) width 17: "\x{8E8D}"
            RenderBlock {RT} at (1388,15) size 14x18
              RenderText {#text} at (1,0) size 11x18
                text run at (1,0) width 19: "\x{304A}\x{3069}"
          RenderText {#text} at (1401,32) size 19x176
            text run at (1401,32) width 177: "\x{308A}\x{51FA}\x{3057}\x{305F}\x{3060}\x{3051}\x{3067}\x{3001}\x{5E78}\x{3044}\x{3068}"
          RenderInline {RUBY} at (1401,208) size 19x18
            RenderInline (generated) at (1401,207) size 19x18
              RenderInline {RB} at (1401,208) size 19x16
                RenderText {#text} at (1401,208) size 19x16
                  text run at (1401,208) width 17: "\x{4F55}"
            RenderBlock {RT} at (1388,207) size 14x18
              RenderText {#text} at (1,0) size 11x18
                text run at (1,0) width 19: "\x{306A}\x{3093}"
          RenderText {#text} at (1401,224) size 19x128
            text run at (1401,224) width 129: "\x{306E}\x{4E8B}\x{3082}\x{306A}\x{304B}\x{3063}\x{305F}\x{3002}"
          RenderBR {BR} at (1401,352) size 19x0
          RenderText {#text} at (1433,0) size 19x240
            text run at (1433,0) width 241: "\x{3000}\x{7ACB}\x{3061}\x{4E0A}\x{304C}\x{308B}\x{6642}\x{306B}\x{5411}\x{3046}\x{3092}\x{898B}\x{308B}\x{3068}\x{3001}"
          RenderInline {RUBY} at (1433,240) size 19x18
            RenderInline (generated) at (1433,239) size 19x18
              RenderInline {RB} at (1433,240) size 19x16
                RenderText {#text} at (1433,240) size 19x16
                  text run at (1433,240) width 17: "\x{8DEF}"
            RenderBlock {RT} at (1421,239) size 13x18
              RenderText {#text} at (1,0) size 11x18
                text run at (1,0) width 19: "\x{307F}\x{3061}"
          RenderText {#text} at (1433,0) size 52x480
            text run at (1433,256) width 225: "\x{304B}\x{3089}\x{5DE6}\x{306E}\x{65B9}\x{306B}\x{30D0}\x{30B1}\x{30C4}\x{3092}\x{4F0F}\x{305B}\x{305F}\x{3088}"
            text run at (1466,0) width 65: "\x{3046}\x{306A}\x{5CF0}\x{304C}"
          RenderInline {RUBY} at (1466,64) size 19x18
            RenderInline (generated) at (1466,63) size 19x18
              RenderInline {RB} at (1466,64) size 19x16
                RenderText {#text} at (1466,64) size 19x16
                  text run at (1466,64) width 17: "\x{8073}"
            RenderBlock {RT} at (1454,63) size 13x18
              RenderText {#text} at (1,0) size 11x18
                text run at (1,0) width 19: "\x{305D}\x{3073}"
          RenderText {#text} at (1466,80) size 19x112
            text run at (1466,80) width 113: "\x{3048}\x{3066}\x{3044}\x{308B}\x{3002}\x{6749}\x{304B}"
          RenderInline {RUBY} at (1466,192) size 19x27
            RenderInline (generated) at (1466,187) size 19x28
              RenderInline {RB} at (1466,193) size 19x16
                RenderText {#text} at (1466,193) size 19x16
                  text run at (1466,193) width 17: "\x{6A9C}"
            RenderBlock {RT} at (1454,187) size 13x28
              RenderText {#text} at (1,0) size 11x27
                text run at (1,0) width 28: "\x{3072}\x{306E}\x{304D}"
          RenderText {#text} at (1466,210) size 19x112
            text run at (1466,210) width 113: "\x{304B}\x{5206}\x{304B}\x{3089}\x{306A}\x{3044}\x{304C}"
          RenderInline {RUBY} at (1466,322) size 19x32
            RenderInline (generated) at (1466,322) size 19x32
              RenderInline {RB} at (1466,322) size 19x32
                RenderText {#text} at (1466,322) size 19x32
                  text run at (1466,322) width 33: "\x{6839}\x{5143}"
            RenderBlock {RT} at (1454,322) size 13x32
              RenderText {#text} at (1,0) size 11x32
                text run at (1,0) width 31: "\x{306D}\x{3082}\x{3068}"
          RenderText {#text} at (1466,354) size 19x32
            text run at (1466,354) width 33: "\x{304B}\x{3089}"
          RenderInline {RUBY} at (1466,386) size 19x27
            RenderInline (generated) at (1466,381) size 19x28
              RenderInline {RB} at (1466,387) size 19x16
                RenderText {#text} at (1466,387) size 19x16
                  text run at (1466,387) width 17: "\x{9802}"
            RenderBlock {RT} at (1454,381) size 13x28
              RenderText {#text} at (1,0) size 11x27
                text run at (1,0) width 28: "\x{3044}\x{305F}\x{3060}"
          RenderText {#text} at (1466,0) size 52x468
            text run at (1466,404) width 65: "\x{304D}\x{307E}\x{3067}\x{3053}"
            text run at (1499,0) width 65: "\x{3068}\x{3054}\x{3068}\x{304F}"
          RenderInline {RUBY} at (1499,64) size 19x36
            RenderInline (generated) at (1499,63) size 19x36
              RenderInline {RB} at (1499,64) size 19x34
                RenderText {#text} at (1499,64) size 19x34
                  text run at (1499,64) width 35: "\x{84BC}\x{9ED2}"
            RenderBlock {RT} at (1486,63) size 14x36
              RenderText {#text} at (1,0) size 11x36
                text run at (1,0) width 37: "\x{3042}\x{304A}\x{3050}\x{308D}"
          RenderText {#text} at (1499,98) size 19x240
            text run at (1499,98) width 241: "\x{3044}\x{4E2D}\x{306B}\x{3001}\x{5C71}\x{685C}\x{304C}\x{8584}\x{8D64}\x{304F}\x{3060}\x{3093}\x{3060}\x{3089}\x{306B}"
          RenderInline {RUBY} at (1499,338) size 19x32
            RenderInline (generated) at (1499,338) size 19x32
              RenderInline {RB} at (1499,338) size 19x32
                RenderText {#text} at (1499,338) size 19x32
                  text run at (1499,338) width 33: "\x{68DA}\x{5F15}"
            RenderBlock {RT} at (1486,338) size 14x32
              RenderText {#text} at (1,0) size 11x32
                text run at (1,0) width 31: "\x{305F}\x{306A}\x{3073}"
          RenderText {#text} at (1499,370) size 19x48
            text run at (1499,370) width 49: "\x{3044}\x{3066}\x{3001}"
          RenderInline {RUBY} at (1499,418) size 19x16
            RenderInline (generated) at (1499,418) size 19x16
              RenderInline {RB} at (1499,418) size 19x16
                RenderText {#text} at (1499,418) size 19x16
                  text run at (1499,418) width 17: "\x{7D9A}"
            RenderBlock {RT} at (1486,418) size 14x16
              RenderText {#text} at (1,3) size 11x10
                text run at (1,3) width 10: "\x{3064}"
          RenderText {#text} at (1499,434) size 19x16
            text run at (1499,434) width 17: "\x{304E}"
          RenderInline {RUBY} at (1499,450) size 19x16
            RenderInline (generated) at (1499,450) size 19x16
              RenderInline {RB} at (1499,450) size 19x16
                RenderText {#text} at (1499,450) size 19x16
                  text run at (1499,450) width 17: "\x{76EE}"
            RenderBlock {RT} at (1486,450) size 14x16
              RenderText {#text} at (1,3) size 11x10
                text run at (1,3) width 10: "\x{3081}"
          RenderText {#text} at (1499,466) size 19x16
            text run at (1499,466) width 17: "\x{304C}"
          RenderInline {RUBY} at (1532,0) size 19x18
            RenderInline (generated) at (1532,0) size 19x18
              RenderInline {RB} at (1532,1) size 19x16
                RenderText {#text} at (1532,1) size 19x16
                  text run at (1532,1) width 17: "\x{78BA}"
            RenderBlock {RT} at (1519,0) size 14x18
              RenderText {#text} at (1,0) size 11x18
                text run at (1,0) width 19: "\x{3057}\x{304B}"
          RenderText {#text} at (1532,17) size 19x112
            text run at (1532,17) width 113: "\x{3068}\x{898B}\x{3048}\x{306C}\x{304F}\x{3089}\x{3044}"
          RenderInline {RUBY} at (1532,129) size 19x18
            RenderInline (generated) at (1532,128) size 19x18
              RenderInline {RB} at (1532,129) size 19x16
                RenderText {#text} at (1532,129) size 19x16
                  text run at (1532,129) width 17: "\x{9744}"
            RenderBlock {RT} at (1519,128) size 14x18
              RenderText {#text} at (1,0) size 11x18
                text run at (1,0) width 19: "\x{3082}\x{3084}"
          RenderText {#text} at (1532,145) size 19x144
            text run at (1532,145) width 145: "\x{304C}\x{6FC3}\x{3044}\x{3002}\x{5C11}\x{3057}\x{624B}\x{524D}\x{306B}"
          RenderInline {RUBY} at (1532,289) size 19x36
            RenderInline (generated) at (1532,288) size 19x36
              RenderInline {RB} at (1532,289) size 19x34
                RenderText {#text} at (1532,289) size 19x34
                  text run at (1532,289) width 35: "\x{79BF}\x{5C71}"
            RenderBlock {RT} at (1519,288) size 14x36
              RenderText {#text} at (1,0) size 11x36
                text run at (1,0) width 37: "\x{306F}\x{3052}\x{3084}\x{307E}"
          RenderText {#text} at (1532,323) size 19x64
            text run at (1532,323) width 65: "\x{304C}\x{4E00}\x{3064}\x{3001}"
          RenderInline {RUBY} at (1532,387) size 19x18
            RenderInline (generated) at (1532,386) size 19x18
              RenderInline {RB} at (1532,387) size 19x16
                RenderText {#text} at (1532,387) size 19x16
                  text run at (1532,387) width 17: "\x{7FA4}"
            RenderBlock {RT} at (1519,386) size 14x18
              RenderText {#text} at (1,0) size 11x18
                text run at (1,0) width 19: "\x{3050}\x{3093}"
          RenderText {#text} at (1532,0) size 52x483
            text run at (1532,403) width 81: "\x{3092}\x{306C}\x{304D}\x{3093}\x{3067}"
            text run at (1565,0) width 17: "\x{3066}"
          RenderInline {RUBY} at (1565,16) size 19x18
            RenderInline (generated) at (1565,15) size 19x18
              RenderInline {RB} at (1565,16) size 19x16
                RenderText {#text} at (1565,16) size 19x16
                  text run at (1565,16) width 17: "\x{7709}"
            RenderBlock {RT} at (1552,15) size 14x18
              RenderText {#text} at (1,0) size 11x18
                text run at (1,0) width 19: "\x{307E}\x{3086}"
          RenderText {#text} at (1565,32) size 19x16
            text run at (1565,32) width 17: "\x{306B}"
          RenderInline {RUBY} at (1565,48) size 19x18
            RenderInline (generated) at (1565,47) size 19x18
              RenderInline {RB} at (1565,48) size 19x16
                RenderText {#text} at (1565,48) size 19x16
                  text run at (1565,48) width 17: "\x{903C}"
            RenderBlock {RT} at (1552,47) size 14x18
              RenderText {#text} at (1,0) size 11x18
                text run at (1,0) width 19: "\x{305B}\x{307E}"
          RenderText {#text} at (1565,64) size 19x32
            text run at (1565,64) width 33: "\x{308B}\x{3002}"
          RenderInline {RUBY} at (1565,96) size 19x16
            RenderInline (generated) at (1565,96) size 19x16
              RenderInline {RB} at (1565,96) size 19x16
                RenderText {#text} at (1565,96) size 19x16
                  text run at (1565,96) width 17: "\x{79BF}"
            RenderBlock {RT} at (1552,96) size 14x16
              RenderText {#text} at (1,3) size 11x10
                text run at (1,3) width 10: "\x{306F}"
          RenderText {#text} at (1565,112) size 19x128
            text run at (1565,112) width 129: "\x{3052}\x{305F}\x{5074}\x{9762}\x{306F}\x{5DE8}\x{4EBA}\x{306E}"
          RenderInline {RUBY} at (1565,240) size 19x18
            RenderInline (generated) at (1565,239) size 19x18
              RenderInline {RB} at (1565,240) size 19x16
                RenderText {#text} at (1565,240) size 19x16
                  text run at (1565,240) width 17: "\x{65A7}"
            RenderBlock {RT} at (1552,239) size 14x18
              RenderText {#text} at (1,0) size 11x18
                text run at (1,0) width 19: "\x{304A}\x{306E}"
          RenderText {#text} at (1565,256) size 19x16
            text run at (1565,256) width 17: "\x{3067}"
          RenderInline {RUBY} at (1565,272) size 19x18
            RenderInline (generated) at (1565,271) size 19x18
              RenderInline {RB} at (1565,272) size 19x16
                RenderText {#text} at (1565,272) size 19x16
                  text run at (1565,272) width 17: "\x{524A}"
            RenderBlock {RT} at (1552,271) size 14x18
              RenderText {#text} at (1,0) size 11x18
                text run at (1,0) width 19: "\x{3051}\x{305A}"
          RenderText {#text} at (1565,0) size 51x480
            text run at (1565,288) width 193: "\x{308A}\x{53BB}\x{3063}\x{305F}\x{304B}\x{3001}\x{92ED}\x{3069}\x{304D}\x{5E73}\x{9762}\x{3092}"
            text run at (1597,0) width 113: "\x{3084}\x{3051}\x{306B}\x{8C37}\x{306E}\x{5E95}\x{306B}"
          RenderInline {RUBY} at (1597,112) size 19x18
            RenderInline (generated) at (1597,111) size 19x18
              RenderInline {RB} at (1597,112) size 19x16
                RenderText {#text} at (1597,112) size 19x16
                  text run at (1597,112) width 17: "\x{57CB}"
            RenderBlock {RT} at (1585,111) size 13x18
              RenderText {#text} at (1,0) size 11x18
                text run at (1,0) width 19: "\x{3046}\x{305A}"
          RenderText {#text} at (1597,128) size 19x80
            text run at (1597,128) width 81: "\x{3081}\x{3066}\x{3044}\x{308B}\x{3002}"
          RenderInline {RUBY} at (1597,208) size 19x36
            RenderInline (generated) at (1597,207) size 19x36
              RenderInline {RB} at (1597,208) size 19x34
                RenderText {#text} at (1597,208) size 19x34
                  text run at (1597,208) width 35: "\x{5929}\x{8FBA}"
            RenderBlock {RT} at (1585,207) size 13x36
              RenderText {#text} at (1,0) size 11x36
                text run at (1,0) width 37: "\x{3066}\x{3063}\x{307A}\x{3093}"
          RenderText {#text} at (1597,0) size 52x482
            text run at (1597,242) width 241: "\x{306B}\x{4E00}\x{672C}\x{898B}\x{3048}\x{308B}\x{306E}\x{306F}\x{8D64}\x{677E}\x{3060}\x{308D}\x{3046}\x{3002}\x{679D}"
            text run at (1630,0) width 97: "\x{306E}\x{9593}\x{306E}\x{7A7A}\x{3055}\x{3048}"
          RenderInline {RUBY} at (1630,96) size 19x36
            RenderInline (generated) at (1630,95) size 19x36
              RenderInline {RB} at (1630,96) size 19x34
                RenderText {#text} at (1630,96) size 19x34
                  text run at (1630,96) width 35: "\x{5224}\x{7136}"
            RenderBlock {RT} at (1618,95) size 13x36
              RenderText {#text} at (1,0) size 11x36
                text run at (1,0) width 37: "\x{306F}\x{3063}\x{304D}\x{308A}"
          RenderText {#text} at (1630,0) size 52x482
            text run at (1630,130) width 353: "\x{3057}\x{3066}\x{3044}\x{308B}\x{3002}\x{884C}\x{304F}\x{624B}\x{306F}\x{4E8C}\x{4E01}\x{307B}\x{3069}\x{3067}\x{5207}\x{308C}\x{3066}\x{3044}\x{308B}\x{304C}\x{3001}\x{9AD8}"
            text run at (1663,0) width 97: "\x{3044}\x{6240}\x{304B}\x{3089}\x{8D64}\x{3044}"
          RenderInline {RUBY} at (1663,96) size 19x32
            RenderInline (generated) at (1663,96) size 19x32
              RenderInline {RB} at (1663,96) size 19x32
                RenderText {#text} at (1663,96) size 19x32
                  text run at (1663,96) width 33: "\x{6BDB}\x{5E03}"
            RenderBlock {RT} at (1650,96) size 14x32
              RenderText {#text} at (1,0) size 11x32
                text run at (1,0) width 31: "\x{3051}\x{3063}\x{3068}"
          RenderText {#text} at (1663,0) size 52x480
            text run at (1663,128) width 353: "\x{304C}\x{52D5}\x{3044}\x{3066}\x{6765}\x{308B}\x{306E}\x{3092}\x{898B}\x{308B}\x{3068}\x{3001}\x{767B}\x{308C}\x{3070}\x{3042}\x{3059}\x{3053}\x{3078}\x{51FA}\x{308B}\x{306E}"
            text run at (1696,0) width 161: "\x{3060}\x{308D}\x{3046}\x{3002}\x{8DEF}\x{306F}\x{3059}\x{3053}\x{3076}\x{308B}"
          RenderInline {RUBY} at (1696,160) size 19x32
            RenderInline (generated) at (1696,160) size 19x32
              RenderInline {RB} at (1696,160) size 19x32
                RenderText {#text} at (1696,160) size 19x32
                  text run at (1696,160) width 33: "\x{96E3}\x{7FA9}"
            RenderBlock {RT} at (1683,160) size 14x32
              RenderText {#text} at (1,0) size 11x32
                text run at (1,0) width 31: "\x{306A}\x{3093}\x{304E}"
          RenderText {#text} at (1696,192) size 19x32
            text run at (1696,192) width 33: "\x{3060}\x{3002}"
          RenderBR {BR} at (1696,224) size 19x0
          RenderText {#text} at (1729,0) size 19x208
            text run at (1729,0) width 209: "\x{3000}\x{571F}\x{3092}\x{306A}\x{3089}\x{3059}\x{3060}\x{3051}\x{306A}\x{3089}\x{3055}\x{307B}\x{3069}"
          RenderInline {RUBY} at (1729,208) size 19x32
            RenderInline (generated) at (1729,208) size 19x32
              RenderInline {RB} at (1729,208) size 19x32
                RenderText {#text} at (1729,208) size 19x32
                  text run at (1729,208) width 33: "\x{624B}\x{9593}"
            RenderBlock {RT} at (1716,208) size 14x32
              RenderText {#text} at (1,3) size 11x26
                text run at (1,3) width 26: "\x{3066}\x{307E}"
          RenderText {#text} at (1729,240) size 19x16
            text run at (1729,240) width 17: "\x{3082}"
          RenderInline {RUBY} at (1729,256) size 19x16
            RenderInline (generated) at (1729,256) size 19x16
              RenderInline {RB} at (1729,256) size 19x16
                RenderText {#text} at (1729,256) size 19x16
                  text run at (1729,256) width 17: "\x{5165}"
            RenderBlock {RT} at (1716,256) size 14x16
              RenderText {#text} at (1,3) size 11x10
                text run at (1,3) width 10: "\x{3044}"
          RenderText {#text} at (1729,0) size 51x480
            text run at (1729,272) width 209: "\x{308B}\x{307E}\x{3044}\x{304C}\x{3001}\x{571F}\x{306E}\x{4E2D}\x{306B}\x{306F}\x{5927}\x{304D}\x{306A}"
            text run at (1761,0) width 113: "\x{77F3}\x{304C}\x{3042}\x{308B}\x{3002}\x{571F}\x{306F}"
          RenderInline {RUBY} at (1761,112) size 19x18
            RenderInline (generated) at (1761,111) size 19x18
              RenderInline {RB} at (1761,112) size 19x16
                RenderText {#text} at (1761,112) size 19x16
                  text run at (1761,112) width 17: "\x{5E73}"
            RenderBlock {RT} at (1749,111) size 13x18
              RenderText {#text} at (1,0) size 11x18
                text run at (1,0) width 19: "\x{305F}\x{3044}"
          RenderText {#text} at (1761,0) size 52x464
            text run at (1761,128) width 337: "\x{3089}\x{306B}\x{3057}\x{3066}\x{3082}\x{77F3}\x{306F}\x{5E73}\x{3089}\x{306B}\x{306A}\x{3089}\x{306C}\x{3002}\x{77F3}\x{306F}\x{5207}\x{308A}\x{7815}\x{3044}\x{3066}"
            text run at (1794,0) width 177: "\x{3082}\x{3001}\x{5CA9}\x{306F}\x{59CB}\x{672B}\x{304C}\x{3064}\x{304B}\x{306C}\x{3002}"
          RenderInline {RUBY} at (1794,176) size 19x36
            RenderInline (generated) at (1794,175) size 19x36
              RenderInline {RB} at (1794,176) size 19x34
                RenderText {#text} at (1794,176) size 19x34
                  text run at (1794,176) width 35: "\x{6398}\x{5D29}"
            RenderBlock {RT} at (1782,175) size 13x36
              RenderText {#text} at (1,0) size 11x36
                text run at (1,0) width 37: "\x{307B}\x{308A}\x{304F}\x{305A}"
          RenderText {#text} at (1794,210) size 19x96
            text run at (1794,210) width 97: "\x{3057}\x{305F}\x{571F}\x{306E}\x{4E0A}\x{306B}"
          RenderInline {RUBY} at (1794,306) size 19x36
            RenderInline (generated) at (1794,305) size 19x36
              RenderInline {RB} at (1794,306) size 19x34
                RenderText {#text} at (1794,306) size 19x34
                  text run at (1794,306) width 35: "\x{60A0}\x{7136}"
            RenderBlock {RT} at (1782,305) size 13x36
              RenderText {#text} at (1,0) size 11x36
                text run at (1,0) width 37: "\x{3086}\x{3046}\x{305C}\x{3093}"
          RenderText {#text} at (1794,340) size 19x16
            text run at (1794,340) width 17: "\x{3068}"
          RenderInline {RUBY} at (1794,356) size 19x27
            RenderInline (generated) at (1794,351) size 19x28
              RenderInline {RB} at (1794,357) size 19x16
                RenderText {#text} at (1794,357) size 19x16
                  text run at (1794,357) width 17: "\x{5CD9}"
            RenderBlock {RT} at (1782,351) size 13x28
              RenderText {#text} at (1,0) size 11x27
                text run at (1,0) width 28: "\x{305D}\x{3070}\x{3060}"
          RenderText {#text} at (1794,0) size 52x470
            text run at (1794,374) width 97: "\x{3063}\x{3066}\x{3001}\x{543E}\x{3089}\x{306E}"
            text run at (1827,0) width 113: "\x{305F}\x{3081}\x{306B}\x{9053}\x{3092}\x{8B72}\x{308B}"
          RenderInline {RUBY} at (1827,112) size 19x32
            RenderInline (generated) at (1827,112) size 19x32
              RenderInline {RB} at (1827,112) size 19x32
                RenderText {#text} at (1827,112) size 19x32
                  text run at (1827,112) width 33: "\x{666F}\x{8272}"
            RenderBlock {RT} at (1814,112) size 14x32
              RenderText {#text} at (1,0) size 11x32
                text run at (1,0) width 31: "\x{3051}\x{3057}\x{304D}"
          RenderText {#text} at (1827,0) size 52x480
            text run at (1827,144) width 337: "\x{306F}\x{306A}\x{3044}\x{3002}\x{5411}\x{3046}\x{3067}\x{805E}\x{304B}\x{306C}\x{4E0A}\x{306F}\x{4E57}\x{308A}\x{8D8A}\x{3059}\x{304B}\x{3001}\x{5EFB}\x{3089}\x{306A}"
            text run at (1860,0) width 113: "\x{3051}\x{308C}\x{3070}\x{306A}\x{3089}\x{3093}\x{3002}"
          RenderInline {RUBY} at (1860,112) size 19x18
            RenderInline (generated) at (1860,111) size 19x18
              RenderInline {RB} at (1860,112) size 19x16
                RenderText {#text} at (1860,112) size 19x16
                  text run at (1860,112) width 17: "\x{5DCC}"
            RenderBlock {RT} at (1847,111) size 14x18
              RenderText {#text} at (1,0) size 11x18
                text run at (1,0) width 19: "\x{3044}\x{308F}"
          RenderText {#text} at (1860,128) size 19x112
            text run at (1860,128) width 113: "\x{306E}\x{306A}\x{3044}\x{6240}\x{3067}\x{3055}\x{3048}"
          RenderInline {RUBY} at (1860,240) size 19x16
            RenderInline (generated) at (1860,240) size 19x16
              RenderInline {RB} at (1860,240) size 19x16
                RenderText {#text} at (1860,240) size 19x16
                  text run at (1860,240) width 17: "\x{6B69}"
            RenderBlock {RT} at (1847,240) size 14x16
              RenderText {#text} at (1,3) size 11x10
                text run at (1,3) width 10: "\x{3042}"
          RenderText {#text} at (1860,0) size 52x480
            text run at (1860,256) width 225: "\x{308B}\x{304D}\x{3088}\x{304F}\x{306F}\x{306A}\x{3044}\x{3002}\x{5DE6}\x{53F3}\x{304C}\x{9AD8}\x{304F}\x{3063}"
            text run at (1893,0) width 81: "\x{3066}\x{3001}\x{4E2D}\x{5FC3}\x{304C}"
          RenderInline {RUBY} at (1893,80) size 19x18
            RenderInline (generated) at (1893,79) size 19x18
              RenderInline {RB} at (1893,80) size 19x16
                RenderText {#text} at (1893,80) size 19x16
                  text run at (1893,80) width 17: "\x{7AAA}"
            RenderBlock {RT} at (1880,79) size 14x18
              RenderText {#text} at (1,0) size 11x18
                text run at (1,0) width 19: "\x{304F}\x{307C}"
          RenderText {#text} at (1893,96) size 19x128
            text run at (1893,96) width 129: "\x{3093}\x{3067}\x{3001}\x{307E}\x{308B}\x{3067}\x{4E00}\x{9593}"
          RenderInline {RUBY} at (1893,224) size 19x18
            RenderInline (generated) at (1893,223) size 19x18
              RenderInline {RB} at (1893,224) size 19x16
                RenderText {#text} at (1893,224) size 19x16
                  text run at (1893,224) width 17: "\x{5E45}"
            RenderBlock {RT} at (1880,223) size 14x18
              RenderText {#text} at (1,0) size 11x18
                text run at (1,0) width 19: "\x{306F}\x{3070}"
          RenderText {#text} at (1893,240) size 19x64
            text run at (1893,240) width 65: "\x{3092}\x{4E09}\x{89D2}\x{306B}"
          RenderInline {RUBY} at (1893,304) size 19x16
            RenderInline (generated) at (1893,304) size 19x16
              RenderInline {RB} at (1893,304) size 19x16
                RenderText {#text} at (1893,304) size 19x16
                  text run at (1893,304) width 17: "\x{7A7F}"
            RenderBlock {RT} at (1880,304) size 14x16
              RenderText {#text} at (1,3) size 11x10
                text run at (1,3) width 10: "\x{304F}"
          RenderText {#text} at (1893,320) size 19x128
            text run at (1893,320) width 129: "\x{3063}\x{3066}\x{3001}\x{305D}\x{306E}\x{9802}\x{70B9}\x{304C}"
          RenderInline {RUBY} at (1893,448) size 19x36
            RenderInline (generated) at (1893,447) size 19x36
              RenderInline {RB} at (1893,448) size 19x34
                RenderText {#text} at (1893,448) size 19x34
                  text run at (1893,448) width 35: "\x{771F}\x{4E2D}"
            RenderBlock {RT} at (1880,447) size 14x36
              RenderText {#text} at (1,0) size 11x36
                text run at (1,0) width 37: "\x{307E}\x{3093}\x{306A}\x{304B}"
          RenderText {#text} at (1925,0) size 19x16
            text run at (1925,0) width 17: "\x{3092}"
          RenderInline {RUBY} at (1925,16) size 19x27
            RenderInline (generated) at (1925,11) size 19x28
              RenderInline {RB} at (1925,17) size 19x16
                RenderText {#text} at (1925,17) size 19x16
                  text run at (1925,17) width 17: "\x{8CAB}"
            RenderBlock {RT} at (1913,11) size 13x28
              RenderText {#text} at (1,0) size 11x27
                text run at (1,0) width 28: "\x{3064}\x{3089}\x{306C}"
          RenderText {#text} at (1925,34) size 19x400
            text run at (1925,34) width 401: "\x{3044}\x{3066}\x{3044}\x{308B}\x{3068}\x{8A55}\x{3057}\x{3066}\x{3082}\x{3088}\x{3044}\x{3002}\x{8DEF}\x{3092}\x{884C}\x{304F}\x{3068}\x{4E91}\x{308F}\x{3093}\x{3088}\x{308A}\x{5DDD}\x{5E95}\x{3092}"
          RenderInline {RUBY} at (1925,434) size 19x18
            RenderInline (generated) at (1925,433) size 19x18
              RenderInline {RB} at (1925,434) size 19x16
                RenderText {#text} at (1925,434) size 19x16
                  text run at (1925,434) width 17: "\x{6E09}"
            RenderBlock {RT} at (1913,433) size 13x18
              RenderText {#text} at (1,0) size 11x18
                text run at (1,0) width 19: "\x{308F}\x{305F}"
          RenderText {#text} at (1925,0) size 52x466
            text run at (1925,450) width 17: "\x{308B}"
            text run at (1958,0) width 145: "\x{3068}\x{4E91}\x{3046}\x{65B9}\x{304C}\x{9069}\x{5F53}\x{3060}\x{3002}"
          RenderInline {RUBY} at (1958,144) size 19x18
            RenderInline (generated) at (1958,143) size 19x18
              RenderInline {RB} at (1958,144) size 19x16
                RenderText {#text} at (1958,144) size 19x16
                  text run at (1958,144) width 17: "\x{56FA}"
            RenderBlock {RT} at (1946,143) size 13x18
              RenderText {#text} at (1,0) size 11x18
                text run at (1,0) width 19: "\x{3082}\x{3068}"
          RenderText {#text} at (1958,160) size 19x256
            text run at (1958,160) width 257: "\x{3088}\x{308A}\x{6025}\x{3050}\x{65C5}\x{3067}\x{306A}\x{3044}\x{304B}\x{3089}\x{3001}\x{3076}\x{3089}\x{3076}\x{3089}\x{3068}"
          RenderInline {RUBY} at (1958,416) size 19x36
            RenderInline (generated) at (1958,415) size 19x36
              RenderInline {RB} at (1958,416) size 19x34
                RenderText {#text} at (1958,416) size 19x34
                  text run at (1958,416) width 35: "\x{4E03}\x{66F2}"
            RenderBlock {RT} at (1946,415) size 13x36
              RenderText {#text} at (1,0) size 11x36
                text run at (1,0) width 37: "\x{306A}\x{306A}\x{307E}\x{304C}"
          RenderText {#text} at (1958,0) size 42x482
            text run at (1958,450) width 33: "\x{308A}\x{3078}"
            text run at (1981,0) width 65: "\x{304B}\x{304B}\x{308B}\x{3002}"
          RenderBR {BR} at (1981,64) size 19x0
          RenderText {#text} at (2013,0) size 19x144
            text run at (2013,0) width 145: "\x{3000}\x{305F}\x{3061}\x{307E}\x{3061}\x{8DB3}\x{306E}\x{4E0B}\x{3067}"
          RenderInline {RUBY} at (2013,144) size 19x32
            RenderInline (generated) at (2013,144) size 19x32
              RenderInline {RB} at (2013,144) size 19x32
                RenderText {#text} at (2013,144) size 19x32
                  text run at (2013,144) width 33: "\x{96F2}\x{96C0}"
            RenderBlock {RT} at (2001,144) size 13x32
              RenderText {#text} at (1,0) size 11x32
                text run at (1,0) width 31: "\x{3072}\x{3070}\x{308A}"
          RenderText {#text} at (2013,176) size 19x160
            text run at (2013,176) width 161: "\x{306E}\x{58F0}\x{304C}\x{3057}\x{51FA}\x{3057}\x{305F}\x{3002}\x{8C37}\x{3092}"
          RenderInline {RUBY} at (2013,336) size 19x32
            RenderInline (generated) at (2013,336) size 19x32
              RenderInline {RB} at (2013,336) size 19x32
                RenderText {#text} at (2013,336) size 19x32
                  text run at (2013,336) width 33: "\x{898B}\x{4E0B}"
            RenderBlock {RT} at (2001,336) size 13x32
              RenderText {#text} at (1,0) size 11x32
                text run at (1,0) width 31: "\x{307F}\x{304A}\x{308D}"
          RenderText {#text} at (2013,0) size 75x480
            text run at (2013,368) width 113: "\x{3057}\x{305F}\x{304C}\x{3001}\x{3069}\x{3053}\x{3067}"
            text run at (2036,0) width 481: "\x{9CF4}\x{3044}\x{3066}\x{308B}\x{304B}\x{5F71}\x{3082}\x{5F62}\x{3082}\x{898B}\x{3048}\x{306C}\x{3002}\x{305F}\x{3060}\x{58F0}\x{3060}\x{3051}\x{304C}\x{660E}\x{3089}\x{304B}\x{306B}\x{805E}\x{3048}\x{308B}\x{3002}\x{305B}\x{3063}\x{305B}"
            text run at (2069,0) width 17: "\x{3068}"
          RenderInline {RUBY} at (2069,16) size 19x18
            RenderInline (generated) at (2069,15) size 19x18
              RenderInline {RB} at (2069,16) size 19x16
                RenderText {#text} at (2069,16) size 19x16
                  text run at (2069,16) width 17: "\x{5FD9}"
            RenderBlock {RT} at (2056,15) size 14x18
              RenderText {#text} at (1,0) size 11x18
                text run at (1,0) width 19: "\x{305B}\x{308F}"
          RenderText {#text} at (2069,32) size 19x48
            text run at (2069,32) width 49: "\x{3057}\x{304F}\x{3001}"
          RenderInline {RUBY} at (2069,80) size 19x32
            RenderInline (generated) at (2069,80) size 19x32
              RenderInline {RB} at (2069,80) size 19x32
                RenderText {#text} at (2069,80) size 19x32
                  text run at (2069,80) width 33: "\x{7D76}\x{9593}"
            RenderBlock {RT} at (2056,80) size 14x32
              RenderText {#text} at (1,0) size 11x32
                text run at (1,0) width 31: "\x{305F}\x{3048}\x{307E}"
          RenderText {#text} at (2069,112) size 19x128
            text run at (2069,112) width 129: "\x{306A}\x{304F}\x{9CF4}\x{3044}\x{3066}\x{3044}\x{308B}\x{3002}"
          RenderInline {RUBY} at (2069,240) size 19x48
            RenderInline (generated) at (2069,240) size 19x48
              RenderInline {RB} at (2069,240) size 19x48
                RenderText {#text} at (2069,240) size 19x48
                  text run at (2069,240) width 49: "\x{65B9}\x{5E7E}\x{91CC}"
            RenderBlock {RT} at (2056,240) size 14x48
              RenderText {#text} at (1,0) size 11x48
                text run at (1,0) width 48: "\x{307B}\x{3046}\x{3044}\x{304F}\x{308A}"
          RenderText {#text} at (2069,288) size 19x112
            text run at (2069,288) width 113: "\x{306E}\x{7A7A}\x{6C17}\x{304C}\x{4E00}\x{9762}\x{306B}"
          RenderInline {RUBY} at (2069,400) size 19x18
            RenderInline (generated) at (2069,399) size 19x18
              RenderInline {RB} at (2069,400) size 19x16
                RenderText {#text} at (2069,400) size 19x16
                  text run at (2069,400) width 17: "\x{86A4}"
            RenderBlock {RT} at (2056,399) size 14x18
              RenderText {#text} at (1,0) size 11x18
                text run at (1,0) width 19: "\x{306E}\x{307F}"
          RenderText {#text} at (2069,0) size 51x480
            text run at (2069,416) width 65: "\x{306B}\x{523A}\x{3055}\x{308C}"
            text run at (2101,0) width 353: "\x{3066}\x{3044}\x{305F}\x{305F}\x{307E}\x{308C}\x{306A}\x{3044}\x{3088}\x{3046}\x{306A}\x{6C17}\x{304C}\x{3059}\x{308B}\x{3002}\x{3042}\x{306E}\x{9CE5}\x{306E}\x{9CF4}\x{304F}"
          RenderInline {RUBY} at (2101,352) size 19x16
            RenderInline (generated) at (2101,352) size 19x16
              RenderInline {RB} at (2101,352) size 19x16
                RenderText {#text} at (2101,352) size 19x16
                  text run at (2101,352) width 17: "\x{97F3}"
            RenderBlock {RT} at (2089,352) size 13x16
              RenderText {#text} at (1,3) size 11x10
                text run at (1,3) width 10: "\x{306D}"
          RenderText {#text} at (2101,0) size 119x480
            text run at (2101,368) width 113: "\x{306B}\x{306F}\x{77AC}\x{6642}\x{306E}\x{4F59}\x{88D5}"
            text run at (2124,0) width 481: "\x{3082}\x{306A}\x{3044}\x{3002}\x{306E}\x{3069}\x{304B}\x{306A}\x{6625}\x{306E}\x{65E5}\x{3092}\x{9CF4}\x{304D}\x{5C3D}\x{304F}\x{3057}\x{3001}\x{9CF4}\x{304D}\x{3042}\x{304B}\x{3057}\x{3001}\x{307E}\x{305F}\x{9CF4}\x{304D}\x{66AE}\x{3089}"
            text run at (2146,0) width 481: "\x{3055}\x{306A}\x{3051}\x{308C}\x{3070}\x{6C17}\x{304C}\x{6E08}\x{307E}\x{3093}\x{3068}\x{898B}\x{3048}\x{308B}\x{3002}\x{305D}\x{306E}\x{4E0A}\x{3069}\x{3053}\x{307E}\x{3067}\x{3082}\x{767B}\x{3063}\x{3066}\x{884C}\x{304F}\x{3001}\x{3044}"
            text run at (2169,0) width 481: "\x{3064}\x{307E}\x{3067}\x{3082}\x{767B}\x{3063}\x{3066}\x{884C}\x{304F}\x{3002}\x{96F2}\x{96C0}\x{306F}\x{304D}\x{3063}\x{3068}\x{96F2}\x{306E}\x{4E2D}\x{3067}\x{6B7B}\x{306C}\x{306B}\x{76F8}\x{9055}\x{306A}\x{3044}\x{3002}\x{767B}\x{308A}"
            text run at (2201,0) width 49: "\x{8A70}\x{3081}\x{305F}"
          RenderInline {RUBY} at (2201,48) size 19x32
            RenderInline (generated) at (2201,48) size 19x32
              RenderInline {RB} at (2201,48) size 19x32
                RenderText {#text} at (2201,48) size 19x32
                  text run at (2201,48) width 33: "\x{63DA}\x{53E5}"
            RenderBlock {RT} at (2189,48) size 13x32
              RenderText {#text} at (1,0) size 11x32
                text run at (1,0) width 31: "\x{3042}\x{3052}\x{304F}"
          RenderText {#text} at (2201,80) size 19x112
            text run at (2201,80) width 113: "\x{306F}\x{3001}\x{6D41}\x{308C}\x{3066}\x{96F2}\x{306B}"
          RenderInline {RUBY} at (2201,192) size 19x16
            RenderInline (generated) at (2201,192) size 19x16
              RenderInline {RB} at (2201,192) size 19x16
                RenderText {#text} at (2201,192) size 19x16
                  text run at (2201,192) width 17: "\x{5165}"
            RenderBlock {RT} at (2189,192) size 13x16
              RenderText {#text} at (1,3) size 11x10
                text run at (1,3) width 10: "\x{3044}"
          RenderText {#text} at (2201,208) size 19x48
            text run at (2201,208) width 49: "\x{3063}\x{3066}\x{3001}"
          RenderInline {RUBY} at (2201,256) size 19x27
            RenderInline (generated) at (2201,251) size 19x28
              RenderInline {RB} at (2201,257) size 19x16
                RenderText {#text} at (2201,257) size 19x16
                  text run at (2201,257) width 17: "\x{6F02}"
            RenderBlock {RT} at (2189,251) size 13x28
              RenderText {#text} at (1,0) size 11x27
                text run at (1,0) width 28: "\x{305F}\x{3060}\x{3088}"
          RenderText {#text} at (2201,0) size 52x482
            text run at (2201,274) width 209: "\x{3046}\x{3066}\x{3044}\x{308B}\x{3046}\x{3061}\x{306B}\x{5F62}\x{306F}\x{6D88}\x{3048}\x{3066}\x{306A}"
            text run at (2234,0) width 209: "\x{304F}\x{306A}\x{3063}\x{3066}\x{3001}\x{305F}\x{3060}\x{58F0}\x{3060}\x{3051}\x{304C}\x{7A7A}\x{306E}"
          RenderInline {RUBY} at (2234,208) size 19x18
            RenderInline (generated) at (2234,207) size 19x18
              RenderInline {RB} at (2234,208) size 19x16
                RenderText {#text} at (2234,208) size 19x16
                  text run at (2234,208) width 17: "\x{88E1}"
            RenderBlock {RT} at (2222,207) size 13x18
              RenderText {#text} at (1,0) size 11x18
                text run at (1,0) width 19: "\x{3046}\x{3061}"
          RenderText {#text} at (2234,224) size 19x176
            text run at (2234,224) width 177: "\x{306B}\x{6B8B}\x{308B}\x{306E}\x{304B}\x{3082}\x{77E5}\x{308C}\x{306A}\x{3044}\x{3002}"
          RenderBR {BR} at (2234,400) size 19x0
          RenderText {#text} at (2267,0) size 19x16
            text run at (2267,0) width 17: "\x{3000}"
          RenderInline {RUBY} at (2267,16) size 19x36
            RenderInline (generated) at (2267,15) size 19x36
              RenderInline {RB} at (2267,16) size 19x34
                RenderText {#text} at (2267,16) size 19x34
                  text run at (2267,16) width 35: "\x{5DCC}\x{89D2}"
            RenderBlock {RT} at (2254,15) size 14x36
              RenderText {#text} at (1,0) size 11x36
                text run at (1,0) width 37: "\x{3044}\x{308F}\x{304B}\x{3069}"
          RenderText {#text} at (2267,50) size 19x128
            text run at (2267,50) width 129: "\x{3092}\x{92ED}\x{3069}\x{304F}\x{5EFB}\x{3063}\x{3066}\x{3001}"
          RenderInline {RUBY} at (2267,178) size 19x32
            RenderInline (generated) at (2267,178) size 19x32
              RenderInline {RB} at (2267,178) size 19x32
                RenderText {#text} at (2267,178) size 19x32
                  text run at (2267,178) width 33: "\x{6309}\x{6469}"
            RenderBlock {RT} at (2254,178) size 14x32
              RenderText {#text} at (1,0) size 11x32
                text run at (1,0) width 31: "\x{3042}\x{3093}\x{307E}"
          RenderText {#text} at (2267,210) size 19x32
            text run at (2267,210) width 33: "\x{306A}\x{3089}"
          RenderInline {RUBY} at (2267,242) size 19x54
            RenderInline (generated) at (2267,241) size 19x54
              RenderInline {RB} at (2267,242) size 19x52
                RenderText {#text} at (2267,242) size 19x52
                  text run at (2267,242) width 53: "\x{771F}\x{9006}\x{69D8}"
            RenderBlock {RT} at (2254,241) size 14x54
              RenderText {#text} at (1,0) size 11x54
                text run at (1,0) width 55: "\x{307E}\x{3063}\x{3055}\x{304B}\x{3055}\x{307E}"
          RenderText {#text} at (2267,294) size 19x144
            text run at (2267,294) width 145: "\x{306B}\x{843D}\x{3064}\x{308B}\x{3068}\x{3053}\x{308D}\x{3092}\x{3001}"
          RenderInline {RUBY} at (2267,438) size 19x18
            RenderInline (generated) at (2267,437) size 19x18
              RenderInline {RB} at (2267,438) size 19x16
                RenderText {#text} at (2267,438) size 19x16
                  text run at (2267,438) width 17: "\x{969B}"
            RenderBlock {RT} at (2254,437) size 14x18
              RenderText {#text} at (1,0) size 11x18
                text run at (1,0) width 19: "\x{304D}\x{308F}"
          RenderText {#text} at (2267,0) size 52x470
            text run at (2267,454) width 17: "\x{3069}"
            text run at (2300,0) width 145: "\x{304F}\x{53F3}\x{3078}\x{5207}\x{308C}\x{3066}\x{3001}\x{6A2A}\x{306B}"
          RenderInline {RUBY} at (2300,144) size 19x32
            RenderInline (generated) at (2300,144) size 19x32
              RenderInline {RB} at (2300,144) size 19x32
                RenderText {#text} at (2300,144) size 19x32
                  text run at (2300,144) width 33: "\x{898B}\x{4E0B}"
            RenderBlock {RT} at (2287,144) size 14x32
              RenderText {#text} at (1,0) size 11x32
                text run at (1,0) width 31: "\x{307F}\x{304A}\x{308D}"
          RenderText {#text} at (2300,176) size 19x48
            text run at (2300,176) width 49: "\x{3059}\x{3068}\x{3001}"
          RenderInline {RUBY} at (2300,224) size 19x16
            RenderInline (generated) at (2300,224) size 19x16
              RenderInline {RB} at (2300,224) size 19x16
                RenderText {#text} at (2300,224) size 19x16
                  text run at (2300,224) width 17: "\x{83DC}"
            RenderBlock {RT} at (2287,224) size 14x16
              RenderText {#text} at (1,3) size 11x10
                text run at (1,3) width 10: "\x{306A}"
          RenderText {#text} at (2300,0) size 52x480
            text run at (2300,240) width 241: "\x{306E}\x{82B1}\x{304C}\x{4E00}\x{9762}\x{306B}\x{898B}\x{3048}\x{308B}\x{3002}\x{96F2}\x{96C0}\x{306F}\x{3042}\x{3059}"
            text run at (2333,0) width 289: "\x{3053}\x{3078}\x{843D}\x{3061}\x{308B}\x{306E}\x{304B}\x{3068}\x{601D}\x{3063}\x{305F}\x{3002}\x{3044}\x{3044}\x{3084}\x{3001}\x{3042}\x{306E}"
          RenderInline {RUBY} at (2333,288) size 19x32
            RenderInline (generated) at (2333,288) size 19x32
              RenderInline {RB} at (2333,288) size 19x32
                RenderText {#text} at (2333,288) size 19x32
                  text run at (2333,288) width 33: "\x{9EC4}\x{91D1}"
            RenderBlock {RT} at (2320,288) size 14x32
              RenderText {#text} at (1,0) size 11x32
                text run at (1,0) width 31: "\x{3053}\x{304C}\x{306D}"
          RenderText {#text} at (2333,0) size 51x480
            text run at (2333,320) width 161: "\x{306E}\x{539F}\x{304B}\x{3089}\x{98DB}\x{3073}\x{4E0A}\x{304C}\x{3063}\x{3066}"
            text run at (2365,0) width 305: "\x{304F}\x{308B}\x{306E}\x{304B}\x{3068}\x{601D}\x{3063}\x{305F}\x{3002}\x{6B21}\x{306B}\x{306F}\x{843D}\x{3061}\x{308B}\x{96F2}\x{96C0}\x{3068}\x{3001}"
          RenderInline {RUBY} at (2365,304) size 19x18
            RenderInline (generated) at (2365,303) size 19x18
              RenderInline {RB} at (2365,304) size 19x16
                RenderText {#text} at (2365,304) size 19x16
                  text run at (2365,304) width 17: "\x{4E0A}"
            RenderBlock {RT} at (2353,303) size 13x18
              RenderText {#text} at (1,0) size 11x18
                text run at (1,0) width 19: "\x{3042}\x{304C}"
          RenderText {#text} at (2365,320) size 19x16
            text run at (2365,320) width 17: "\x{308B}"
          RenderInline {RUBY} at (2365,336) size 19x32
            RenderInline (generated) at (2365,336) size 19x32
              RenderInline {RB} at (2365,336) size 19x32
                RenderText {#text} at (2365,336) size 19x32
                  text run at (2365,336) width 33: "\x{96F2}\x{96C0}"
            RenderBlock {RT} at (2353,336) size 13x32
              RenderText {#text} at (1,0) size 11x32
                text run at (1,0) width 31: "\x{3072}\x{3070}\x{308A}"
          RenderText {#text} at (2365,0) size 42x480
            text run at (2365,368) width 113: "\x{304C}\x{5341}\x{6587}\x{5B57}\x{306B}\x{3059}\x{308C}"
            text run at (2388,0) width 481: "\x{9055}\x{3046}\x{306E}\x{304B}\x{3068}\x{601D}\x{3063}\x{305F}\x{3002}\x{6700}\x{5F8C}\x{306B}\x{3001}\x{843D}\x{3061}\x{308B}\x{6642}\x{3082}\x{3001}\x{4E0A}\x{308B}\x{6642}\x{3082}\x{3001}\x{307E}\x{305F}\x{5341}\x{6587}\x{5B57}\x{306B}"
          RenderInline {RUBY} at (2421,0) size 18x16
            RenderInline (generated) at (2421,0) size 18x16
              RenderInline {RB} at (2421,0) size 18x16
                RenderText {#text} at (2421,0) size 19x16
                  text run at (2421,0) width 17: "\x{64E6}"
            RenderBlock {RT} at (2408,0) size 13x16
              RenderText {#text} at (1,3) size 11x10
                text run at (1,3) width 10: "\x{3059}"
          RenderText {#text} at (2421,16) size 19x400
            text run at (2421,16) width 401: "\x{308C}\x{9055}\x{3046}\x{3068}\x{304D}\x{306B}\x{3082}\x{5143}\x{6C17}\x{3088}\x{304F}\x{9CF4}\x{304D}\x{3064}\x{3065}\x{3051}\x{308B}\x{3060}\x{308D}\x{3046}\x{3068}\x{601D}\x{3063}\x{305F}\x{3002}"
          RenderBR {BR} at (2421,416) size 19x0
          RenderText {#text} at (2453,0) size 19x192
            text run at (2453,0) width 193: "\x{3000}\x{6625}\x{306F}\x{7720}\x{304F}\x{306A}\x{308B}\x{3002}\x{732B}\x{306F}\x{9F20}\x{3092}"
          RenderInline {RUBY} at (2453,192) size 19x16
            RenderInline (generated) at (2453,192) size 19x16
              RenderInline {RB} at (2453,192) size 19x16
                RenderText {#text} at (2453,192) size 19x16
                  text run at (2453,192) width 17: "\x{6355}"
            RenderBlock {RT} at (2441,192) size 13x16
              RenderText {#text} at (1,3) size 11x10
                text run at (1,3) width 10: "\x{3068}"
          RenderText {#text} at (2453,0) size 52x480
            text run at (2453,208) width 273: "\x{308B}\x{4E8B}\x{3092}\x{5FD8}\x{308C}\x{3001}\x{4EBA}\x{9593}\x{306F}\x{501F}\x{91D1}\x{306E}\x{3042}\x{308B}\x{4E8B}\x{3092}\x{5FD8}"
            text run at (2486,0) width 145: "\x{308C}\x{308B}\x{3002}\x{6642}\x{306B}\x{306F}\x{81EA}\x{5206}\x{306E}"
          RenderInline {RUBY} at (2486,144) size 19x36
            RenderInline (generated) at (2486,139) size 19x37
              RenderInline {RB} at (2486,149) size 19x17
                RenderText {#text} at (2486,149) size 19x17
                  text run at (2486,149) width 17: "\x{9B42}"
            RenderBlock {RT} at (2474,139) size 13x37
              RenderText {#text} at (1,0) size 11x36
                text run at (1,0) width 37: "\x{305F}\x{307E}\x{3057}\x{3044}"
          RenderText {#text} at (2486,171) size 19x16
            text run at (2486,171) width 17: "\x{306E}"
          RenderInline {RUBY} at (2486,187) size 19x36
            RenderInline (generated) at (2486,186) size 19x36
              RenderInline {RB} at (2486,187) size 19x34
                RenderText {#text} at (2486,187) size 19x34
                  text run at (2486,187) width 35: "\x{5C45}\x{6240}"
            RenderBlock {RT} at (2474,186) size 13x36
              RenderText {#text} at (1,0) size 11x36
                text run at (1,0) width 37: "\x{3044}\x{3069}\x{3053}\x{308D}"
          RenderText {#text} at (2486,0) size 52x477
            text run at (2486,221) width 257: "\x{3055}\x{3048}\x{5FD8}\x{308C}\x{3066}\x{6B63}\x{4F53}\x{306A}\x{304F}\x{306A}\x{308B}\x{3002}\x{305F}\x{3060}\x{83DC}\x{306E}"
            text run at (2519,0) width 193: "\x{82B1}\x{3092}\x{9060}\x{304F}\x{671B}\x{3093}\x{3060}\x{3068}\x{304D}\x{306B}\x{773C}\x{304C}"
          RenderInline {RUBY} at (2519,192) size 19x16
            RenderInline (generated) at (2519,192) size 19x16
              RenderInline {RB} at (2519,192) size 19x16
                RenderText {#text} at (2519,192) size 19x16
                  text run at (2519,192) width 17: "\x{9192}"
            RenderBlock {RT} at (2506,192) size 14x16
              RenderText {#text} at (1,3) size 11x10
                text run at (1,3) width 10: "\x{3055}"
          RenderText {#text} at (2519,0) size 52x480
            text run at (2519,208) width 273: "\x{3081}\x{308B}\x{3002}\x{96F2}\x{96C0}\x{306E}\x{58F0}\x{3092}\x{805E}\x{3044}\x{305F}\x{3068}\x{304D}\x{306B}\x{9B42}\x{306E}\x{3042}"
            text run at (2552,0) width 49: "\x{308A}\x{304B}\x{304C}"
          RenderInline {RUBY} at (2552,48) size 19x36
            RenderInline (generated) at (2552,47) size 19x36
              RenderInline {RB} at (2552,48) size 19x34
                RenderText {#text} at (2552,48) size 19x34
                  text run at (2552,48) width 35: "\x{5224}\x{7136}"
            RenderBlock {RT} at (2539,47) size 14x36
              RenderText {#text} at (1,0) size 11x36
                text run at (1,0) width 37: "\x{306F}\x{3093}\x{305C}\x{3093}"
          RenderText {#text} at (2552,0) size 86x482
            text run at (2552,82) width 401: "\x{3059}\x{308B}\x{3002}\x{96F2}\x{96C0}\x{306E}\x{9CF4}\x{304F}\x{306E}\x{306F}\x{53E3}\x{3067}\x{9CF4}\x{304F}\x{306E}\x{3067}\x{306F}\x{306A}\x{3044}\x{3001}\x{9B42}\x{5168}\x{4F53}\x{304C}\x{9CF4}"
            text run at (2574,0) width 481: "\x{304F}\x{306E}\x{3060}\x{3002}\x{9B42}\x{306E}\x{6D3B}\x{52D5}\x{304C}\x{58F0}\x{306B}\x{3042}\x{3089}\x{308F}\x{308C}\x{305F}\x{3082}\x{306E}\x{306E}\x{3046}\x{3061}\x{3067}\x{3001}\x{3042}\x{308C}\x{307B}\x{3069}\x{5143}\x{6C17}\x{306E}"
            text run at (2596,0) width 481: "\x{3042}\x{308B}\x{3082}\x{306E}\x{306F}\x{306A}\x{3044}\x{3002}\x{3042}\x{3042}\x{6109}\x{5FEB}\x{3060}\x{3002}\x{3053}\x{3046}\x{601D}\x{3063}\x{3066}\x{3001}\x{3053}\x{3046}\x{6109}\x{5FEB}\x{306B}\x{306A}\x{308B}\x{306E}\x{304C}\x{8A69}"
            text run at (2619,0) width 65: "\x{3067}\x{3042}\x{308B}\x{3002}"
          RenderBR {BR} at (2619,64) size 19x0
          RenderText {#text} at (2641,0) size 52x480
            text run at (2641,0) width 481: "\x{3000}\x{305F}\x{3061}\x{307E}\x{3061}\x{30B7}\x{30A7}\x{30EC}\x{30FC}\x{306E}\x{96F2}\x{96C0}\x{306E}\x{8A69}\x{3092}\x{601D}\x{3044}\x{51FA}\x{3057}\x{3066}\x{3001}\x{53E3}\x{306E}\x{3046}\x{3061}\x{3067}\x{899A}\x{3048}\x{305F}\x{3068}"
            text run at (2674,0) width 65: "\x{3053}\x{308D}\x{3060}\x{3051}"
          RenderInline {RUBY} at (2674,64) size 19x45
            RenderInline (generated) at (2674,60) size 19x46
              RenderInline {RB} at (2674,64) size 19x39
                RenderText {#text} at (2674,64) size 19x39
                  text run at (2674,64) width 40: "\x{6697}\x{8AA6}"
            RenderBlock {RT} at (2661,60) size 14x46
              RenderText {#text} at (1,0) size 11x45
                text run at (1,0) width 46: "\x{3042}\x{3093}\x{3057}\x{3087}\x{3046}"
          RenderText {#text} at (2674,0) size 41x471
            text run at (2674,102) width 369: "\x{3057}\x{3066}\x{898B}\x{305F}\x{304C}\x{3001}\x{899A}\x{3048}\x{3066}\x{3044}\x{308B}\x{3068}\x{3053}\x{308D}\x{306F}\x{4E8C}\x{4E09}\x{53E5}\x{3057}\x{304B}\x{306A}\x{304B}\x{3063}"
            text run at (2696,0) width 305: "\x{305F}\x{3002}\x{305D}\x{306E}\x{4E8C}\x{4E09}\x{53E5}\x{306E}\x{306A}\x{304B}\x{306B}\x{3053}\x{3093}\x{306A}\x{306E}\x{304C}\x{3042}\x{308B}\x{3002}"
          RenderBR {BR} at (2696,304) size 19x0
        RenderBlock {DIV} at (2717,32) size 108x460
          RenderText {#text} at (2,0) size 19x191
            text run at (2,0) width 191: "\x{3000}\x{3000}We look before and after"
          RenderBR {BR} at (2,190) size 19x1
          RenderText {#text} at (24,0) size 19x225
            text run at (24,0) width 226: "\x{3000}\x{3000}\x{3000}\x{3000}And pine for what is not:"
          RenderBR {BR} at (24,224) size 19x1
          RenderText {#text} at (46,0) size 19x174
            text run at (46,0) width 175: "\x{3000}\x{3000}Our sincerest laughter"
          RenderBR {BR} at (46,173) size 19x1
          RenderText {#text} at (69,0) size 19x234
            text run at (69,0) width 235: "\x{3000}\x{3000}\x{3000}\x{3000}With some pain is fraught;"
          RenderBR {BR} at (69,234) size 19x0
          RenderText {#text} at (89,0) size 19x363
            text run at (89,0) width 364: "Our sweetest songs are those that tell of saddest thought."
          RenderBR {BR} at (89,362) size 19x1
        RenderBlock (anonymous) at (2824,0) size 2011x492
          RenderText {#text} at (12,0) size 19x112
            text run at (12,0) width 113: "\x{300C}\x{524D}\x{3092}\x{307F}\x{3066}\x{306F}\x{3001}"
          RenderInline {RUBY} at (12,112) size 19x18
            RenderInline (generated) at (12,111) size 19x18
              RenderInline {RB} at (12,112) size 19x16
                RenderText {#text} at (12,112) size 19x16
                  text run at (12,112) width 17: "\x{5F8C}"
            RenderBlock {RT} at (0,111) size 13x18
              RenderText {#text} at (1,0) size 11x18
                text run at (1,0) width 19: "\x{3057}\x{308A}"
          RenderText {#text} at (12,128) size 19x96
            text run at (12,128) width 97: "\x{3048}\x{3092}\x{898B}\x{3066}\x{306F}\x{3001}"
          RenderInline {RUBY} at (12,224) size 19x32
            RenderInline (generated) at (12,224) size 19x32
              RenderInline {RB} at (12,224) size 19x32
                RenderText {#text} at (12,224) size 19x32
                  text run at (12,224) width 33: "\x{7269}\x{6B32}"
            RenderBlock {RT} at (0,224) size 13x32
              RenderText {#text} at (1,0) size 11x32
                text run at (1,0) width 31: "\x{3082}\x{306E}\x{307B}"
          RenderText {#text} at (12,0) size 52x480
            text run at (12,256) width 225: "\x{3057}\x{3068}\x{3001}\x{3042}\x{3053}\x{304C}\x{308B}\x{308B}\x{304B}\x{306A}\x{308F}\x{308C}\x{3002}\x{8179}"
            text run at (45,0) width 465: "\x{304B}\x{3089}\x{306E}\x{3001}\x{7B11}\x{3068}\x{3044}\x{3048}\x{3069}\x{3001}\x{82E6}\x{3057}\x{307F}\x{306E}\x{3001}\x{305D}\x{3053}\x{306B}\x{3042}\x{308B}\x{3079}\x{3057}\x{3002}\x{3046}\x{3064}\x{304F}\x{3057}\x{304D}\x{3001}"
          RenderInline {RUBY} at (45,464) size 19x18
            RenderInline (generated) at (45,463) size 19x18
              RenderInline {RB} at (45,464) size 19x16
                RenderText {#text} at (45,464) size 19x16
                  text run at (45,464) width 17: "\x{6975}"
            RenderBlock {RT} at (32,463) size 14x18
              RenderText {#text} at (1,0) size 11x18
                text run at (1,0) width 19: "\x{304D}\x{308F}"
          RenderText {#text} at (78,0) size 19x208
            text run at (78,0) width 209: "\x{307F}\x{306E}\x{6B4C}\x{306B}\x{3001}\x{60B2}\x{3057}\x{3055}\x{306E}\x{3001}\x{6975}\x{307F}\x{306E}"
          RenderInline {RUBY} at (78,208) size 19x27
            RenderInline (generated) at (78,203) size 19x28
              RenderInline {RB} at (78,209) size 19x16
                RenderText {#text} at (78,209) size 19x16
                  text run at (78,209) width 17: "\x{60F3}"
            RenderBlock {RT} at (65,203) size 14x28
              RenderText {#text} at (1,0) size 11x27
                text run at (1,0) width 28: "\x{304A}\x{3082}\x{3044}"
          RenderText {#text} at (78,226) size 19x16
            text run at (78,226) width 17: "\x{3001}"
          RenderInline {RUBY} at (78,242) size 19x18
            RenderInline (generated) at (78,241) size 19x18
              RenderInline {RB} at (78,242) size 19x16
                RenderText {#text} at (78,242) size 19x16
                  text run at (78,242) width 17: "\x{7C60}"
            RenderBlock {RT} at (65,241) size 14x18
              RenderText {#text} at (1,0) size 11x18
                text run at (1,0) width 19: "\x{3053}\x{3082}"
          RenderText {#text} at (78,258) size 19x96
            text run at (78,258) width 97: "\x{308B}\x{3068}\x{305E}\x{77E5}\x{308C}\x{300D}"
          RenderBR {BR} at (78,354) size 19x0
          RenderText {#text} at (100,0) size 52x480
            text run at (100,0) width 481: "\x{3000}\x{306A}\x{308B}\x{307B}\x{3069}\x{3044}\x{304F}\x{3089}\x{8A69}\x{4EBA}\x{304C}\x{5E78}\x{798F}\x{3067}\x{3082}\x{3001}\x{3042}\x{306E}\x{96F2}\x{96C0}\x{306E}\x{3088}\x{3046}\x{306B}\x{601D}\x{3044}\x{5207}\x{3063}\x{3066}\x{3001}"
            text run at (133,0) width 337: "\x{4E00}\x{5FC3}\x{4E0D}\x{4E71}\x{306B}\x{3001}\x{524D}\x{5F8C}\x{3092}\x{5FD8}\x{5374}\x{3057}\x{3066}\x{3001}\x{308F}\x{304C}\x{559C}\x{3073}\x{3092}\x{6B4C}\x{3046}"
          RenderInline {RUBY} at (133,336) size 19x18
            RenderInline (generated) at (133,335) size 19x18
              RenderInline {RB} at (133,336) size 19x16
                RenderText {#text} at (133,336) size 19x16
                  text run at (133,336) width 17: "\x{8A33}"
            RenderBlock {RT} at (120,335) size 14x18
              RenderText {#text} at (1,0) size 11x18
                text run at (1,0) width 19: "\x{308F}\x{3051}"
          RenderText {#text} at (133,0) size 52x480
            text run at (133,352) width 129: "\x{306B}\x{306F}\x{884C}\x{304F}\x{307E}\x{3044}\x{3002}\x{897F}"
            text run at (166,0) width 289: "\x{6D0B}\x{306E}\x{8A69}\x{306F}\x{7121}\x{8AD6}\x{306E}\x{4E8B}\x{3001}\x{652F}\x{90A3}\x{306E}\x{8A69}\x{306B}\x{3082}\x{3001}\x{3088}\x{304F}"
          RenderInline {RUBY} at (166,288) size 19x36
            RenderInline (generated) at (166,287) size 19x36
              RenderInline {RB} at (166,288) size 19x34
                RenderText {#text} at (166,288) size 19x34
                  text run at (166,288) width 35: "\x{4E07}\x{659B}"
            RenderBlock {RT} at (153,287) size 14x36
              RenderText {#text} at (1,0) size 11x36
                text run at (1,0) width 37: "\x{3070}\x{3093}\x{3053}\x{304F}"
          RenderText {#text} at (166,322) size 19x16
            text run at (166,322) width 17: "\x{306E}"
          RenderInline {RUBY} at (166,338) size 19x27
            RenderInline (generated) at (166,333) size 19x28
              RenderInline {RB} at (166,339) size 19x16
                RenderText {#text} at (166,339) size 19x16
                  text run at (166,339) width 17: "\x{6101}"
            RenderBlock {RT} at (153,333) size 14x28
              RenderText {#text} at (1,0) size 11x27
                text run at (1,0) width 28: "\x{3046}\x{308C}\x{3044}"
          RenderText {#text} at (166,0) size 51x468
            text run at (166,356) width 113: "\x{306A}\x{3069}\x{3068}\x{4E91}\x{3046}\x{5B57}\x{304C}"
            text run at (198,0) width 177: "\x{3042}\x{308B}\x{3002}\x{8A69}\x{4EBA}\x{3060}\x{304B}\x{3089}\x{4E07}\x{659B}\x{3067}"
          RenderInline {RUBY} at (198,176) size 19x36
            RenderInline (generated) at (198,175) size 19x36
              RenderInline {RB} at (198,176) size 19x34
                RenderText {#text} at (198,176) size 19x34
                  text run at (198,176) width 35: "\x{7D20}\x{4EBA}"
            RenderBlock {RT} at (186,175) size 13x36
              RenderText {#text} at (1,0) size 11x36
                text run at (1,0) width 37: "\x{3057}\x{308D}\x{3046}\x{3068}"
          RenderText {#text} at (198,210) size 19x48
            text run at (198,210) width 49: "\x{306A}\x{3089}\x{4E00}"
          RenderInline {RUBY} at (198,258) size 19x18
            RenderInline (generated) at (198,257) size 19x18
              RenderInline {RB} at (198,258) size 19x16
                RenderText {#text} at (198,258) size 19x16
                  text run at (198,258) width 17: "\x{5408}"
            RenderBlock {RT} at (186,257) size 13x18
              RenderText {#text} at (1,0) size 11x18
                text run at (1,0) width 19: "\x{3054}\x{3046}"
          RenderText {#text} at (198,0) size 52x482
            text run at (198,274) width 209: "\x{3067}\x{6E08}\x{3080}\x{304B}\x{3082}\x{77E5}\x{308C}\x{306C}\x{3002}\x{3057}\x{3066}\x{898B}\x{308B}"
            text run at (231,0) width 241: "\x{3068}\x{8A69}\x{4EBA}\x{306F}\x{5E38}\x{306E}\x{4EBA}\x{3088}\x{308A}\x{3082}\x{82E6}\x{52B4}\x{6027}\x{3067}\x{3001}"
          RenderInline {RUBY} at (231,240) size 19x36
            RenderInline (generated) at (231,239) size 19x36
              RenderInline {RB} at (231,240) size 19x34
                RenderText {#text} at (231,240) size 19x34
                  text run at (231,240) width 35: "\x{51E1}\x{9AA8}"
            RenderBlock {RT} at (219,239) size 13x36
              RenderText {#text} at (1,0) size 11x36
                text run at (1,0) width 37: "\x{307C}\x{3093}\x{3053}\x{3064}"
          RenderText {#text} at (231,0) size 52x482
            text run at (231,274) width 209: "\x{306E}\x{500D}\x{4EE5}\x{4E0A}\x{306B}\x{795E}\x{7D4C}\x{304C}\x{92ED}\x{654F}\x{306A}\x{306E}\x{304B}"
            text run at (264,0) width 305: "\x{3082}\x{77E5}\x{308C}\x{3093}\x{3002}\x{8D85}\x{4FD7}\x{306E}\x{559C}\x{3073}\x{3082}\x{3042}\x{308D}\x{3046}\x{304C}\x{3001}\x{7121}\x{91CF}\x{306E}"
          RenderInline {RUBY} at (264,304) size 19x36
            RenderInline (generated) at (264,299) size 19x37
              RenderInline {RB} at (264,309) size 19x17
                RenderText {#text} at (264,309) size 19x17
                  text run at (264,309) width 17: "\x{60B2}"
            RenderBlock {RT} at (251,299) size 14x37
              RenderText {#text} at (1,0) size 11x36
                text run at (1,0) width 37: "\x{304B}\x{306A}\x{3057}\x{307F}"
          RenderText {#text} at (264,0) size 41x475
            text run at (264,331) width 145: "\x{3082}\x{591A}\x{304B}\x{308D}\x{3046}\x{3002}\x{305D}\x{3093}\x{306A}"
            text run at (286,0) width 225: "\x{3089}\x{3070}\x{8A69}\x{4EBA}\x{306B}\x{306A}\x{308B}\x{306E}\x{3082}\x{8003}\x{3048}\x{7269}\x{3060}\x{3002}"
          RenderBR {BR} at (286,224) size 19x0
          RenderText {#text} at (319,0) size 19x128
            text run at (319,0) width 129: "\x{3000}\x{3057}\x{3070}\x{3089}\x{304F}\x{306F}\x{8DEF}\x{304C}"
          RenderInline {RUBY} at (319,128) size 19x27
            RenderInline (generated) at (319,123) size 19x28
              RenderInline {RB} at (319,129) size 19x16
                RenderText {#text} at (319,129) size 19x16
                  text run at (319,129) width 17: "\x{5E73}"
            RenderBlock {RT} at (307,123) size 13x28
              RenderText {#text} at (1,0) size 11x27
                text run at (1,0) width 28: "\x{305F}\x{3044}\x{3089}"
          RenderText {#text} at (319,146) size 19x64
            text run at (319,146) width 65: "\x{3067}\x{3001}\x{53F3}\x{306F}"
          RenderInline {RUBY} at (319,210) size 19x48
            RenderInline (generated) at (319,210) size 19x48
              RenderInline {RB} at (319,210) size 19x48
                RenderText {#text} at (319,210) size 19x48
                  text run at (319,210) width 49: "\x{96D1}\x{6728}\x{5C71}"
            RenderBlock {RT} at (307,210) size 13x48
              RenderText {#text} at (1,0) size 11x48
                text run at (1,0) width 48: "\x{305E}\x{3046}\x{304D}\x{3084}\x{307E}"
          RenderText {#text} at (319,0) size 52x466
            text run at (319,258) width 209: "\x{3001}\x{5DE6}\x{306F}\x{83DC}\x{306E}\x{82B1}\x{306E}\x{898B}\x{3064}\x{3065}\x{3051}\x{3067}\x{3042}"
            text run at (352,0) width 129: "\x{308B}\x{3002}\x{8DB3}\x{306E}\x{4E0B}\x{306B}\x{6642}\x{3005}"
          RenderInline {RUBY} at (352,128) size 19x48
            RenderInline (generated) at (352,128) size 19x48
              RenderInline {RB} at (352,128) size 19x48
                RenderText {#text} at (352,128) size 19x48
                  text run at (352,128) width 49: "\x{84B2}\x{516C}\x{82F1}"
            RenderBlock {RT} at (339,128) size 14x48
              RenderText {#text} at (1,1) size 11x46
                text run at (1,1) width 46: "\x{305F}\x{3093}\x{307D}\x{307D}"
          RenderText {#text} at (352,176) size 19x112
            text run at (352,176) width 113: "\x{3092}\x{8E0F}\x{307F}\x{3064}\x{3051}\x{308B}\x{3002}"
          RenderInline {RUBY} at (352,288) size 19x36
            RenderInline (generated) at (352,283) size 19x37
              RenderInline {RB} at (352,293) size 19x17
                RenderText {#text} at (352,293) size 19x17
                  text run at (352,293) width 17: "\x{92F8}"
            RenderBlock {RT} at (339,283) size 14x37
              RenderText {#text} at (1,0) size 11x36
                text run at (1,0) width 37: "\x{306E}\x{3053}\x{304E}\x{308A}"
          RenderText {#text} at (352,0) size 52x475
            text run at (352,315) width 161: "\x{306E}\x{3088}\x{3046}\x{306A}\x{8449}\x{304C}\x{9060}\x{616E}\x{306A}\x{304F}"
            text run at (385,0) width 193: "\x{56DB}\x{65B9}\x{3078}\x{306E}\x{3057}\x{3066}\x{771F}\x{4E2D}\x{306B}\x{9EC4}\x{8272}\x{306A}"
          RenderInline {RUBY} at (385,192) size 19x18
            RenderInline (generated) at (385,191) size 19x18
              RenderInline {RB} at (385,192) size 19x16
                RenderText {#text} at (385,192) size 19x16
                  text run at (385,192) width 17: "\x{73E0}"
            RenderBlock {RT} at (372,191) size 14x18
              RenderText {#text} at (1,0) size 11x18
                text run at (1,0) width 19: "\x{305F}\x{307E}"
          RenderText {#text} at (385,0) size 74x480
            text run at (385,208) width 273: "\x{3092}\x{64C1}\x{8B77}\x{3057}\x{3066}\x{3044}\x{308B}\x{3002}\x{83DC}\x{306E}\x{82B1}\x{306B}\x{6C17}\x{3092}\x{3068}\x{3089}\x{308C}"
            text run at (407,0) width 481: "\x{3066}\x{3001}\x{8E0F}\x{307F}\x{3064}\x{3051}\x{305F}\x{3042}\x{3068}\x{3067}\x{3001}\x{6C17}\x{306E}\x{6BD2}\x{306A}\x{4E8B}\x{3092}\x{3057}\x{305F}\x{3068}\x{3001}\x{632F}\x{308A}\x{5411}\x{3044}\x{3066}\x{898B}\x{308B}\x{3068}\x{3001}"
            text run at (440,0) width 241: "\x{9EC4}\x{8272}\x{306A}\x{73E0}\x{306F}\x{4F9D}\x{7136}\x{3068}\x{3057}\x{3066}\x{92F8}\x{306E}\x{306A}\x{304B}\x{306B}"
          RenderInline {RUBY} at (440,240) size 19x32
            RenderInline (generated) at (440,240) size 19x32
              RenderInline {RB} at (440,240) size 19x32
                RenderText {#text} at (440,240) size 19x32
                  text run at (440,240) width 33: "\x{93AE}\x{5EA7}"
            RenderBlock {RT} at (427,240) size 14x32
              RenderText {#text} at (1,0) size 11x32
                text run at (1,0) width 31: "\x{3061}\x{3093}\x{3056}"
          RenderText {#text} at (440,272) size 19x80
            text run at (440,272) width 81: "\x{3057}\x{3066}\x{3044}\x{308B}\x{3002}"
          RenderInline {RUBY} at (440,352) size 19x32
            RenderInline (generated) at (440,352) size 19x32
              RenderInline {RB} at (440,352) size 19x32
                RenderText {#text} at (440,352) size 19x32
                  text run at (440,352) width 33: "\x{5451}\x{6C17}"
            RenderBlock {RT} at (427,352) size 14x32
              RenderText {#text} at (1,0) size 11x32
                text run at (1,0) width 31: "\x{306E}\x{3093}\x{304D}"
          RenderText {#text} at (440,0) size 41x480
            text run at (440,384) width 97: "\x{306A}\x{3082}\x{306E}\x{3060}\x{3002}\x{307E}"
            text run at (462,0) width 145: "\x{305F}\x{8003}\x{3048}\x{3092}\x{3064}\x{3065}\x{3051}\x{308B}\x{3002}"
          RenderBR {BR} at (462,144) size 19x0
          RenderText {#text} at (495,0) size 19x64
            text run at (495,0) width 65: "\x{3000}\x{8A69}\x{4EBA}\x{306B}"
          RenderInline {RUBY} at (495,64) size 19x27
            RenderInline (generated) at (495,59) size 19x28
              RenderInline {RB} at (495,65) size 19x16
                RenderText {#text} at (495,65) size 19x16
                  text run at (495,65) width 17: "\x{6182}"
            RenderBlock {RT} at (483,59) size 13x28
              RenderText {#text} at (1,0) size 11x27
                text run at (1,0) width 28: "\x{3046}\x{308C}\x{3044}"
          RenderText {#text} at (495,82) size 19x240
            text run at (495,82) width 241: "\x{306F}\x{3064}\x{304D}\x{3082}\x{306E}\x{304B}\x{3082}\x{77E5}\x{308C}\x{306A}\x{3044}\x{304C}\x{3001}\x{3042}\x{306E}"
          RenderInline {RUBY} at (495,322) size 19x32
            RenderInline (generated) at (495,322) size 19x32
              RenderInline {RB} at (495,322) size 19x32
                RenderText {#text} at (495,322) size 19x32
                  text run at (495,322) width 33: "\x{96F2}\x{96C0}"
            RenderBlock {RT} at (483,322) size 13x32
              RenderText {#text} at (1,0) size 11x32
                text run at (1,0) width 31: "\x{3072}\x{3070}\x{308A}"
          RenderText {#text} at (495,0) size 52x482
            text run at (495,354) width 129: "\x{3092}\x{805E}\x{304F}\x{5FC3}\x{6301}\x{306B}\x{306A}\x{308C}"
            text run at (528,0) width 17: "\x{3070}"
          RenderInline {RUBY} at (528,16) size 19x32
            RenderInline (generated) at (528,16) size 19x32
              RenderInline {RB} at (528,16) size 19x32
                RenderText {#text} at (528,16) size 19x32
                  text run at (528,16) width 33: "\x{5FAE}\x{5875}"
            RenderBlock {RT} at (515,16) size 14x32
              RenderText {#text} at (1,0) size 11x32
                text run at (1,0) width 31: "\x{307F}\x{3058}\x{3093}"
          RenderText {#text} at (528,48) size 19x16
            text run at (528,48) width 17: "\x{306E}"
          RenderInline {RUBY} at (528,64) size 19x16
            RenderInline (generated) at (528,64) size 19x16
              RenderInline {RB} at (528,64) size 19x16
                RenderText {#text} at (528,64) size 19x16
                  text run at (528,64) width 17: "\x{82E6}"
            RenderBlock {RT} at (515,64) size 14x16
              RenderText {#text} at (1,3) size 11x10
                text run at (1,3) width 10: "\x{304F}"
          RenderText {#text} at (528,80) size 19x336
            text run at (528,80) width 337: "\x{3082}\x{306A}\x{3044}\x{3002}\x{83DC}\x{306E}\x{82B1}\x{3092}\x{898B}\x{3066}\x{3082}\x{3001}\x{305F}\x{3060}\x{3046}\x{308C}\x{3057}\x{304F}\x{3066}\x{80F8}\x{304C}"
          RenderInline {RUBY} at (528,416) size 19x18
            RenderInline (generated) at (528,415) size 19x18
              RenderInline {RB} at (528,416) size 19x16
                RenderText {#text} at (528,416) size 19x16
                  text run at (528,416) width 17: "\x{8E8D}"
            RenderBlock {RT} at (515,415) size 14x18
              RenderText {#text} at (1,0) size 11x18
                text run at (1,0) width 19: "\x{304A}\x{3069}"
          RenderText {#text} at (528,0) size 74x480
            text run at (528,432) width 49: "\x{308B}\x{3070}\x{304B}"
            text run at (550,0) width 481: "\x{308A}\x{3060}\x{3002}\x{84B2}\x{516C}\x{82F1}\x{3082}\x{305D}\x{306E}\x{901A}\x{308A}\x{3001}\x{685C}\x{3082}\x{2015}\x{2015}\x{685C}\x{306F}\x{3044}\x{3064}\x{304B}\x{898B}\x{3048}\x{306A}\x{304F}\x{306A}\x{3063}\x{305F}\x{3002}\x{3053}"
            text run at (583,0) width 161: "\x{3046}\x{5C71}\x{306E}\x{4E2D}\x{3078}\x{6765}\x{3066}\x{81EA}\x{7136}\x{306E}"
          RenderInline {RUBY} at (583,160) size 19x36
            RenderInline (generated) at (583,159) size 19x36
              RenderInline {RB} at (583,160) size 19x34
                RenderText {#text} at (583,160) size 19x34
                  text run at (583,160) width 35: "\x{666F}\x{7269}"
            RenderBlock {RT} at (571,159) size 13x36
              RenderText {#text} at (1,0) size 11x36
                text run at (1,0) width 37: "\x{3051}\x{3044}\x{3076}\x{3064}"
          RenderText {#text} at (583,0) size 52x482
            text run at (583,194) width 289: "\x{306B}\x{63A5}\x{3059}\x{308C}\x{3070}\x{3001}\x{898B}\x{308B}\x{3082}\x{306E}\x{3082}\x{805E}\x{304F}\x{3082}\x{306E}\x{3082}\x{9762}\x{767D}"
            text run at (616,0) width 433: "\x{3044}\x{3002}\x{9762}\x{767D}\x{3044}\x{3060}\x{3051}\x{3067}\x{5225}\x{6BB5}\x{306E}\x{82E6}\x{3057}\x{307F}\x{3082}\x{8D77}\x{3089}\x{306C}\x{3002}\x{8D77}\x{308B}\x{3068}\x{3059}\x{308C}\x{3070}\x{8DB3}\x{304C}"
          RenderInline {RUBY} at (616,432) size 19x32
            RenderInline (generated) at (616,432) size 19x32
              RenderInline {RB} at (616,432) size 19x32
                RenderText {#text} at (616,432) size 19x32
                  text run at (616,432) width 33: "\x{8349}\x{81E5}"
            RenderBlock {RT} at (603,432) size 14x32
              RenderText {#text} at (1,0) size 11x32
                text run at (1,0) width 31: "\x{304F}\x{305F}\x{3073}"
          RenderText {#text} at (616,0) size 52x480
            text run at (616,464) width 17: "\x{308C}"
            text run at (649,0) width 33: "\x{3066}\x{3001}"
          RenderInline {RUBY} at (649,32) size 19x18
            RenderInline (generated) at (649,31) size 19x18
              RenderInline {RB} at (649,32) size 19x16
                RenderText {#text} at (649,32) size 19x16
                  text run at (649,32) width 17: "\x{65E8}"
            RenderBlock {RT} at (636,31) size 14x18
              RenderText {#text} at (1,0) size 11x18
                text run at (1,0) width 19: "\x{3046}\x{307E}"
          RenderText {#text} at (649,48) size 19x288
            text run at (649,48) width 289: "\x{3044}\x{3082}\x{306E}\x{304C}\x{98DF}\x{3079}\x{3089}\x{308C}\x{306C}\x{304F}\x{3089}\x{3044}\x{306E}\x{4E8B}\x{3060}\x{308D}\x{3046}\x{3002}"
          RenderBR {BR} at (649,336) size 19x0
          RenderText {#text} at (682,0) size 19x416
            text run at (682,0) width 417: "\x{3000}\x{3057}\x{304B}\x{3057}\x{82E6}\x{3057}\x{307F}\x{306E}\x{306A}\x{3044}\x{306E}\x{306F}\x{306A}\x{305C}\x{3060}\x{308D}\x{3046}\x{3002}\x{305F}\x{3060}\x{3053}\x{306E}\x{666F}\x{8272}\x{3092}\x{4E00}"
          RenderInline {RUBY} at (682,416) size 19x18
            RenderInline (generated) at (682,415) size 19x18
              RenderInline {RB} at (682,416) size 19x16
                RenderText {#text} at (682,416) size 19x16
                  text run at (682,416) width 17: "\x{5E45}"
            RenderBlock {RT} at (669,415) size 14x18
              RenderText {#text} at (1,0) size 11x18
                text run at (1,0) width 19: "\x{3077}\x{304F}"
          RenderText {#text} at (682,432) size 19x16
            text run at (682,432) width 17: "\x{306E}"
          RenderInline {RUBY} at (682,448) size 19x16
            RenderInline (generated) at (682,448) size 19x16
              RenderInline {RB} at (682,448) size 19x16
                RenderText {#text} at (682,448) size 19x16
                  text run at (682,448) width 17: "\x{753B}"
            RenderBlock {RT} at (669,448) size 14x16
              RenderText {#text} at (1,3) size 11x10
                text run at (1,3) width 10: "\x{3048}"
          RenderText {#text} at (682,0) size 51x480
            text run at (682,464) width 17: "\x{3068}"
            text run at (714,0) width 33: "\x{3057}\x{3066}"
          RenderInline {RUBY} at (714,32) size 19x16
            RenderInline (generated) at (714,32) size 19x16
              RenderInline {RB} at (714,32) size 19x16
                RenderText {#text} at (714,32) size 19x16
                  text run at (714,32) width 17: "\x{89B3}"
            RenderBlock {RT} at (702,32) size 13x16
              RenderText {#text} at (1,3) size 11x10
                text run at (1,3) width 10: "\x{307F}"
          RenderText {#text} at (714,48) size 19x32
            text run at (714,48) width 33: "\x{3001}\x{4E00}"
          RenderInline {RUBY} at (714,80) size 19x18
            RenderInline (generated) at (714,79) size 19x18
              RenderInline {RB} at (714,80) size 19x16
                RenderText {#text} at (714,80) size 19x16
                  text run at (714,80) width 17: "\x{5DFB}"
            RenderBlock {RT} at (702,79) size 13x18
              RenderText {#text} at (1,0) size 11x18
                text run at (1,0) width 19: "\x{304B}\x{3093}"
          RenderText {#text} at (714,96) size 19x208
            text run at (714,96) width 209: "\x{306E}\x{8A69}\x{3068}\x{3057}\x{3066}\x{8AAD}\x{3080}\x{304B}\x{3089}\x{3067}\x{3042}\x{308B}\x{3002}"
          RenderInline {RUBY} at (714,304) size 19x16
            RenderInline (generated) at (714,304) size 19x16
              RenderInline {RB} at (714,304) size 19x16
                RenderText {#text} at (714,304) size 19x16
                  text run at (714,304) width 17: "\x{753B}"
            RenderBlock {RT} at (702,304) size 13x16
              RenderText {#text} at (1,3) size 11x10
                text run at (1,3) width 10: "\x{304C}"
          RenderText {#text} at (714,320) size 19x160
            text run at (714,320) width 161: "\x{3067}\x{3042}\x{308A}\x{8A69}\x{3067}\x{3042}\x{308B}\x{4EE5}\x{4E0A}\x{306F}"
          RenderInline {RUBY} at (747,0) size 19x32
            RenderInline (generated) at (747,0) size 19x32
              RenderInline {RB} at (747,0) size 19x32
                RenderText {#text} at (747,0) size 19x32
                  text run at (747,0) width 33: "\x{5730}\x{9762}"
            RenderBlock {RT} at (735,0) size 13x32
              RenderText {#text} at (1,0) size 11x32
                text run at (1,0) width 31: "\x{3058}\x{3081}\x{3093}"
          RenderText {#text} at (747,32) size 19x368
            text run at (747,32) width 369: "\x{3092}\x{8CB0}\x{3063}\x{3066}\x{3001}\x{958B}\x{62D3}\x{3059}\x{308B}\x{6C17}\x{306B}\x{3082}\x{306A}\x{3089}\x{306D}\x{3070}\x{3001}\x{9244}\x{9053}\x{3092}\x{304B}\x{3051}\x{3066}"
          RenderInline {RUBY} at (747,400) size 19x36
            RenderInline (generated) at (747,399) size 19x36
              RenderInline {RB} at (747,400) size 19x34
                RenderText {#text} at (747,400) size 19x34
                  text run at (747,400) width 35: "\x{4E00}\x{5132}"
            RenderBlock {RT} at (735,399) size 13x36
              RenderText {#text} at (1,0) size 11x36
                text run at (1,0) width 37: "\x{3072}\x{3068}\x{3082}\x{3046}"
          RenderText {#text} at (747,434) size 19x48
            text run at (747,434) width 49: "\x{3051}\x{3059}\x{308B}"
          RenderInline {RUBY} at (780,0) size 19x45
            RenderInline (generated) at (780,0) size 19x45
              RenderInline {RB} at (780,3) size 19x39
                RenderText {#text} at (780,3) size 19x39
                  text run at (780,3) width 39: "\x{4E86}\x{898B}"
            RenderBlock {RT} at (767,0) size 14x45
              RenderText {#text} at (1,0) size 11x45
                text run at (1,0) width 46: "\x{308A}\x{3087}\x{3046}\x{3051}\x{3093}"
          RenderText {#text} at (780,41) size 19x257
            text run at (780,41) width 257: "\x{3082}\x{8D77}\x{3089}\x{306C}\x{3002}\x{305F}\x{3060}\x{3053}\x{306E}\x{666F}\x{8272}\x{304C}\x{2015}\x{2015}\x{8179}\x{306E}"
          RenderInline {RUBY} at (780,297) size 19x17
            RenderInline (generated) at (780,297) size 19x17
              RenderInline {RB} at (780,297) size 19x17
                RenderText {#text} at (780,297) size 19x17
                  text run at (780,297) width 17: "\x{8DB3}"
            RenderBlock {RT} at (767,297) size 14x17
              RenderText {#text} at (1,3) size 11x10
                text run at (1,3) width 10: "\x{305F}"
          RenderText {#text} at (780,0) size 74x480
            text run at (780,313) width 161: "\x{3057}\x{306B}\x{3082}\x{306A}\x{3089}\x{306C}\x{3001}\x{6708}\x{7D66}\x{306E}"
            text run at (802,0) width 481: "\x{88DC}\x{3044}\x{306B}\x{3082}\x{306A}\x{3089}\x{306C}\x{3053}\x{306E}\x{666F}\x{8272}\x{304C}\x{666F}\x{8272}\x{3068}\x{3057}\x{3066}\x{306E}\x{307F}\x{3001}\x{4F59}\x{304C}\x{5FC3}\x{3092}\x{697D}\x{307E}\x{305B}\x{3064}\x{3064}\x{3042}"
            text run at (835,0) width 145: "\x{308B}\x{304B}\x{3089}\x{82E6}\x{52B4}\x{3082}\x{5FC3}\x{914D}\x{3082}"
          RenderInline {RUBY} at (835,144) size 19x27
            RenderInline (generated) at (835,139) size 19x28
              RenderInline {RB} at (835,145) size 19x16
                RenderText {#text} at (835,145) size 19x16
                  text run at (835,145) width 17: "\x{4F34}"
            RenderBlock {RT} at (823,139) size 13x28
              RenderText {#text} at (1,0) size 11x27
                text run at (1,0) width 28: "\x{3068}\x{3082}\x{306A}"
          RenderText {#text} at (835,162) size 19x288
            text run at (835,162) width 289: "\x{308F}\x{306C}\x{306E}\x{3060}\x{308D}\x{3046}\x{3002}\x{81EA}\x{7136}\x{306E}\x{529B}\x{306F}\x{3053}\x{3053}\x{306B}\x{304A}\x{3044}\x{3066}"
          RenderInline {RUBY} at (835,450) size 19x18
            RenderInline (generated) at (835,449) size 19x18
              RenderInline {RB} at (835,450) size 19x16
                RenderText {#text} at (835,450) size 19x16
                  text run at (835,450) width 17: "\x{5C0A}"
            RenderBlock {RT} at (823,449) size 13x18
              RenderText {#text} at (1,0) size 11x18
                text run at (1,0) width 19: "\x{305F}\x{3063}"
          RenderText {#text} at (868,0) size 19x192
            text run at (868,0) width 193: "\x{3068}\x{3044}\x{3002}\x{543E}\x{4EBA}\x{306E}\x{6027}\x{60C5}\x{3092}\x{77AC}\x{523B}\x{306B}"
          RenderInline {RUBY} at (868,192) size 19x32
            RenderInline (generated) at (868,192) size 19x32
              RenderInline {RB} at (868,192) size 19x32
                RenderText {#text} at (868,192) size 19x32
                  text run at (868,192) width 33: "\x{9676}\x{51B6}"
            RenderBlock {RT} at (855,192) size 14x32
              RenderText {#text} at (1,0) size 11x32
                text run at (1,0) width 31: "\x{3068}\x{3046}\x{3084}"
          RenderText {#text} at (868,224) size 19x32
            text run at (868,224) width 33: "\x{3057}\x{3066}"
          RenderInline {RUBY} at (868,256) size 19x36
            RenderInline (generated) at (868,255) size 19x36
              RenderInline {RB} at (868,256) size 19x34
                RenderText {#text} at (868,256) size 19x34
                  text run at (868,256) width 35: "\x{9187}\x{4E4E}"
            RenderBlock {RT} at (855,255) size 14x36
              RenderText {#text} at (1,0) size 11x36
                text run at (1,0) width 37: "\x{3058}\x{3085}\x{3093}\x{3053}"
          RenderText {#text} at (868,0) size 41x482
            text run at (868,290) width 193: "\x{3068}\x{3057}\x{3066}\x{9187}\x{306A}\x{308B}\x{8A69}\x{5883}\x{306B}\x{5165}\x{3089}\x{3057}"
            text run at (890,0) width 161: "\x{3080}\x{308B}\x{306E}\x{306F}\x{81EA}\x{7136}\x{3067}\x{3042}\x{308B}\x{3002}"
          RenderBR {BR} at (890,160) size 19x0
          RenderText {#text} at (913,0) size 52x480
            text run at (913,0) width 481: "\x{3000}\x{604B}\x{306F}\x{3046}\x{3064}\x{304F}\x{3057}\x{304B}\x{308D}\x{3001}\x{5B5D}\x{3082}\x{3046}\x{3064}\x{304F}\x{3057}\x{304B}\x{308D}\x{3001}\x{5FE0}\x{541B}\x{611B}\x{56FD}\x{3082}\x{7D50}\x{69CB}\x{3060}\x{308D}\x{3046}\x{3002}"
            text run at (946,0) width 129: "\x{3057}\x{304B}\x{3057}\x{81EA}\x{8EAB}\x{304C}\x{305D}\x{306E}"
          RenderInline {RUBY} at (946,128) size 19x27
            RenderInline (generated) at (946,123) size 19x28
              RenderInline {RB} at (946,129) size 19x16
                RenderText {#text} at (946,129) size 19x16
                  text run at (946,129) width 17: "\x{5C40}"
            RenderBlock {RT} at (933,123) size 14x28
              RenderText {#text} at (1,0) size 11x27
                text run at (1,0) width 28: "\x{304D}\x{3087}\x{304F}"
          RenderText {#text} at (946,146) size 19x112
            text run at (946,146) width 113: "\x{306B}\x{5F53}\x{308C}\x{3070}\x{5229}\x{5BB3}\x{306E}"
          RenderInline {RUBY} at (946,258) size 19x32
            RenderInline (generated) at (946,258) size 19x32
              RenderInline {RB} at (946,258) size 19x32
                RenderText {#text} at (946,258) size 19x32
                  text run at (946,258) width 33: "\x{65CB}\x{98A8}"
            RenderBlock {RT} at (933,258) size 14x32
              RenderText {#text} at (1,0) size 11x32
                text run at (1,0) width 31: "\x{3064}\x{3080}\x{3058}"
          RenderText {#text} at (946,290) size 19x16
            text run at (946,290) width 17: "\x{306B}"
          RenderInline {RUBY} at (946,306) size 19x16
            RenderInline (generated) at (946,306) size 19x16
              RenderInline {RB} at (946,306) size 19x16
                RenderText {#text} at (946,306) size 19x16
                  text run at (946,306) width 17: "\x{6372}"
            RenderBlock {RT} at (933,306) size 14x16
              RenderText {#text} at (1,3) size 11x10
                text run at (1,3) width 10: "\x{307E}"
          RenderText {#text} at (946,0) size 51x482
            text run at (946,322) width 161: "\x{304D}\x{8FBC}\x{307E}\x{308C}\x{3066}\x{3001}\x{3046}\x{3064}\x{304F}\x{3057}"
            text run at (978,0) width 225: "\x{304D}\x{4E8B}\x{306B}\x{3082}\x{3001}\x{7D50}\x{69CB}\x{306A}\x{4E8B}\x{306B}\x{3082}\x{3001}\x{76EE}\x{306F}"
          RenderInline {RUBY} at (978,224) size 19x18
            RenderInline (generated) at (978,223) size 19x18
              RenderInline {RB} at (978,224) size 19x16
                RenderText {#text} at (978,224) size 19x16
                  text run at (978,224) width 17: "\x{7729}"
            RenderBlock {RT} at (966,223) size 13x18
              RenderText {#text} at (1,0) size 11x18
                text run at (1,0) width 19: "\x{304F}\x{3089}"
          RenderText {#text} at (978,0) size 52x480
            text run at (978,240) width 241: "\x{3093}\x{3067}\x{3057}\x{307E}\x{3046}\x{3002}\x{3057}\x{305F}\x{304C}\x{3063}\x{3066}\x{3069}\x{3053}\x{306B}\x{8A69}"
            text run at (1011,0) width 129: "\x{304C}\x{3042}\x{308B}\x{304B}\x{81EA}\x{8EAB}\x{306B}\x{306F}"
          RenderInline {RUBY} at (1011,128) size 19x16
            RenderInline (generated) at (1011,128) size 19x16
              RenderInline {RB} at (1011,128) size 19x16
                RenderText {#text} at (1011,128) size 19x16
                  text run at (1011,128) width 17: "\x{89E3}"
            RenderBlock {RT} at (999,128) size 13x16
              RenderText {#text} at (1,3) size 11x10
                text run at (1,3) width 10: "\x{3052}"
          RenderText {#text} at (1011,144) size 19x80
            text run at (1011,144) width 81: "\x{3057}\x{304B}\x{306D}\x{308B}\x{3002}"
          RenderBR {BR} at (1011,224) size 19x0
          RenderText {#text} at (1034,0) size 51x480
            text run at (1034,0) width 481: "\x{3000}\x{3053}\x{308C}\x{304C}\x{308F}\x{304B}\x{308B}\x{305F}\x{3081}\x{306B}\x{306F}\x{3001}\x{308F}\x{304B}\x{308B}\x{3060}\x{3051}\x{306E}\x{4F59}\x{88D5}\x{306E}\x{3042}\x{308B}\x{7B2C}\x{4E09}\x{8005}\x{306E}\x{5730}\x{4F4D}\x{306B}"
            text run at (1066,0) width 353: "\x{7ACB}\x{305F}\x{306D}\x{3070}\x{306A}\x{3089}\x{306C}\x{3002}\x{4E09}\x{8005}\x{306E}\x{5730}\x{4F4D}\x{306B}\x{7ACB}\x{3066}\x{3070}\x{3053}\x{305D}\x{829D}\x{5C45}\x{306F}"
          RenderInline {RUBY} at (1066,352) size 19x16
            RenderInline (generated) at (1066,352) size 19x16
              RenderInline {RB} at (1066,352) size 19x16
                RenderText {#text} at (1066,352) size 19x16
                  text run at (1066,352) width 17: "\x{89B3}"
            RenderBlock {RT} at (1054,352) size 13x16
              RenderText {#text} at (1,3) size 11x10
                text run at (1,3) width 10: "\x{307F}"
          RenderText {#text} at (1066,0) size 75x480
            text run at (1066,368) width 113: "\x{3066}\x{9762}\x{767D}\x{3044}\x{3002}\x{5C0F}\x{8AAC}"
            text run at (1089,0) width 481: "\x{3082}\x{898B}\x{3066}\x{9762}\x{767D}\x{3044}\x{3002}\x{829D}\x{5C45}\x{3092}\x{898B}\x{3066}\x{9762}\x{767D}\x{3044}\x{4EBA}\x{3082}\x{3001}\x{5C0F}\x{8AAC}\x{3092}\x{8AAD}\x{3093}\x{3067}\x{9762}\x{767D}\x{3044}\x{4EBA}\x{3082}\x{3001}"
            text run at (1122,0) width 97: "\x{81EA}\x{5DF1}\x{306E}\x{5229}\x{5BB3}\x{306F}"
          RenderInline {RUBY} at (1122,96) size 19x18
            RenderInline (generated) at (1122,95) size 19x18
              RenderInline {RB} at (1122,96) size 19x16
                RenderText {#text} at (1122,96) size 19x16
                  text run at (1122,96) width 17: "\x{68DA}"
            RenderBlock {RT} at (1109,95) size 14x18
              RenderText {#text} at (1,0) size 11x18
                text run at (1,0) width 19: "\x{305F}\x{306A}"
          RenderText {#text} at (1122,0) size 41x480
            text run at (1122,112) width 369: "\x{3078}\x{4E0A}\x{3052}\x{3066}\x{3044}\x{308B}\x{3002}\x{898B}\x{305F}\x{308A}\x{8AAD}\x{3093}\x{3060}\x{308A}\x{3059}\x{308B}\x{9593}\x{3060}\x{3051}\x{306F}\x{8A69}\x{4EBA}\x{3067}"
            text run at (1144,0) width 49: "\x{3042}\x{308B}\x{3002}"
          RenderBR {BR} at (1144,48) size 19x0
          RenderText {#text} at (1177,0) size 19x304
            text run at (1177,0) width 305: "\x{3000}\x{305D}\x{308C}\x{3059}\x{3089}\x{3001}\x{666E}\x{901A}\x{306E}\x{829D}\x{5C45}\x{3084}\x{5C0F}\x{8AAC}\x{3067}\x{306F}\x{4EBA}\x{60C5}\x{3092}"
          RenderInline {RUBY} at (1177,304) size 19x18
            RenderInline (generated) at (1177,303) size 19x18
              RenderInline {RB} at (1177,304) size 19x16
                RenderText {#text} at (1177,304) size 19x16
                  text run at (1177,304) width 17: "\x{514D}"
            RenderBlock {RT} at (1164,303) size 14x18
              RenderText {#text} at (1,0) size 11x18
                text run at (1,0) width 19: "\x{307E}\x{306C}"
          RenderText {#text} at (1177,0) size 74x480
            text run at (1177,320) width 161: "\x{304B}\x{308C}\x{306C}\x{3002}\x{82E6}\x{3057}\x{3093}\x{3060}\x{308A}\x{3001}"
            text run at (1199,0) width 481: "\x{6012}\x{3063}\x{305F}\x{308A}\x{3001}\x{9A12}\x{3044}\x{3060}\x{308A}\x{3001}\x{6CE3}\x{3044}\x{305F}\x{308A}\x{3059}\x{308B}\x{3002}\x{898B}\x{308B}\x{3082}\x{306E}\x{3082}\x{3044}\x{3064}\x{304B}\x{305D}\x{306E}\x{4E2D}\x{306B}\x{540C}"
            text run at (1232,0) width 417: "\x{5316}\x{3057}\x{3066}\x{82E6}\x{3057}\x{3093}\x{3060}\x{308A}\x{3001}\x{6012}\x{3063}\x{305F}\x{308A}\x{3001}\x{9A12}\x{3044}\x{3060}\x{308A}\x{3001}\x{6CE3}\x{3044}\x{305F}\x{308A}\x{3059}\x{308B}\x{3002}"
          RenderInline {RUBY} at (1232,416) size 19x32
            RenderInline (generated) at (1232,416) size 19x32
              RenderInline {RB} at (1232,416) size 19x32
                RenderText {#text} at (1232,416) size 19x32
                  text run at (1232,416) width 33: "\x{53D6}\x{67C4}"
            RenderBlock {RT} at (1219,416) size 14x32
              RenderText {#text} at (1,0) size 11x32
                text run at (1,0) width 31: "\x{3068}\x{308A}\x{3048}"
          RenderText {#text} at (1232,0) size 52x480
            text run at (1232,448) width 33: "\x{306F}\x{5229}"
            text run at (1265,0) width 33: "\x{617E}\x{304C}"
          RenderInline {RUBY} at (1265,32) size 19x18
            RenderInline (generated) at (1265,31) size 19x18
              RenderInline {RB} at (1265,32) size 19x16
                RenderText {#text} at (1265,32) size 19x16
                  text run at (1265,32) width 17: "\x{4EA4}"
            RenderBlock {RT} at (1252,31) size 14x18
              RenderText {#text} at (1,0) size 11x18
                text run at (1,0) width 19: "\x{307E}\x{3058}"
          RenderText {#text} at (1265,48) size 19x112
            text run at (1265,48) width 113: "\x{3089}\x{306C}\x{3068}\x{4E91}\x{3046}\x{70B9}\x{306B}"
          RenderInline {RUBY} at (1265,160) size 19x18
            RenderInline (generated) at (1265,159) size 19x18
              RenderInline {RB} at (1265,160) size 19x16
                RenderText {#text} at (1265,160) size 19x16
                  text run at (1265,160) width 17: "\x{5B58}"
            RenderBlock {RT} at (1252,159) size 14x18
              RenderText {#text} at (1,0) size 11x18
                text run at (1,0) width 19: "\x{305D}\x{3093}"
          RenderText {#text} at (1265,176) size 19x304
            text run at (1265,176) width 305: "\x{3059}\x{308B}\x{304B}\x{3082}\x{77E5}\x{308C}\x{306C}\x{304C}\x{3001}\x{4EA4}\x{3089}\x{306C}\x{3060}\x{3051}\x{306B}\x{305D}\x{306E}\x{4ED6}\x{306E}"
          RenderInline {RUBY} at (1297,0) size 19x45
            RenderInline (generated) at (1297,0) size 19x45
              RenderInline {RB} at (1297,3) size 19x39
                RenderText {#text} at (1297,3) size 19x39
                  text run at (1297,3) width 40: "\x{60C5}\x{7DD2}"
            RenderBlock {RT} at (1285,0) size 13x45
              RenderText {#text} at (1,0) size 11x45
                text run at (1,0) width 46: "\x{3058}\x{3087}\x{3046}\x{3057}\x{3087}"
          RenderText {#text} at (1297,41) size 19x305
            text run at (1297,41) width 305: "\x{306F}\x{5E38}\x{3088}\x{308A}\x{306F}\x{4F59}\x{8A08}\x{306B}\x{6D3B}\x{52D5}\x{3059}\x{308B}\x{3060}\x{308D}\x{3046}\x{3002}\x{305D}\x{308C}\x{304C}"
          RenderInline {RUBY} at (1297,345) size 19x19
            RenderInline (generated) at (1297,344) size 19x19
              RenderInline {RB} at (1297,345) size 19x17
                RenderText {#text} at (1297,345) size 19x17
                  text run at (1297,345) width 17: "\x{5ACC}"
            RenderBlock {RT} at (1285,344) size 13x19
              RenderText {#text} at (1,0) size 11x18
                text run at (1,0) width 19: "\x{3044}\x{3084}"
          RenderText {#text} at (1297,361) size 19x33
            text run at (1297,361) width 33: "\x{3060}\x{3002}"
          RenderBR {BR} at (1297,393) size 19x1
          RenderText {#text} at (1320,0) size 52x480
            text run at (1320,0) width 481: "\x{3000}\x{82E6}\x{3057}\x{3093}\x{3060}\x{308A}\x{3001}\x{6012}\x{3063}\x{305F}\x{308A}\x{3001}\x{9A12}\x{3044}\x{3060}\x{308A}\x{3001}\x{6CE3}\x{3044}\x{305F}\x{308A}\x{306F}\x{4EBA}\x{306E}\x{4E16}\x{306B}\x{3064}\x{304D}\x{3082}\x{306E}"
            text run at (1353,0) width 193: "\x{3060}\x{3002}\x{4F59}\x{3082}\x{4E09}\x{5341}\x{5E74}\x{306E}\x{9593}\x{305D}\x{308C}\x{3092}"
          RenderInline {RUBY} at (1353,192) size 19x32
            RenderInline (generated) at (1353,192) size 19x32
              RenderInline {RB} at (1353,192) size 19x32
                RenderText {#text} at (1353,192) size 19x32
                  text run at (1353,192) width 33: "\x{4ED5}\x{901A}"
            RenderBlock {RT} at (1340,192) size 14x32
              RenderText {#text} at (1,0) size 11x32
                text run at (1,0) width 31: "\x{3057}\x{3068}\x{304A}"
          RenderText {#text} at (1353,224) size 19x48
            text run at (1353,224) width 49: "\x{3057}\x{3066}\x{3001}"
          RenderInline {RUBY} at (1353,272) size 19x36
            RenderInline (generated) at (1353,271) size 19x36
              RenderInline {RB} at (1353,272) size 19x34
                RenderText {#text} at (1353,272) size 19x34
                  text run at (1353,272) width 35: "\x{98FD}\x{3005}"
            RenderBlock {RT} at (1340,271) size 14x36
              RenderText {#text} at (1,0) size 11x36
                text run at (1,0) width 37: "\x{3042}\x{304D}\x{3042}\x{304D}"
          RenderText {#text} at (1353,306) size 19x48
            text run at (1353,306) width 49: "\x{3057}\x{305F}\x{3002}"
          RenderInline {RUBY} at (1353,354) size 19x16
            RenderInline (generated) at (1353,354) size 19x16
              RenderInline {RB} at (1353,354) size 19x16
                RenderText {#text} at (1353,354) size 19x16
                  text run at (1353,354) width 17: "\x{98FD}"
            RenderBlock {RT} at (1340,354) size 14x16
              RenderText {#text} at (1,3) size 11x10
                text run at (1,3) width 10: "\x{3042}"
          RenderText {#text} at (1353,0) size 74x482
            text run at (1353,370) width 113: "\x{304D}\x{98FD}\x{304D}\x{3057}\x{305F}\x{4E0A}\x{306B}"
            text run at (1375,0) width 481: "\x{829D}\x{5C45}\x{3084}\x{5C0F}\x{8AAC}\x{3067}\x{540C}\x{3058}\x{523A}\x{6FC0}\x{3092}\x{7E70}\x{308A}\x{8FD4}\x{3057}\x{3066}\x{306F}\x{5927}\x{5909}\x{3060}\x{3002}\x{4F59}\x{304C}\x{6B32}\x{3059}\x{308B}\x{8A69}\x{306F}\x{305D}\x{3093}"
            text run at (1408,0) width 129: "\x{306A}\x{4E16}\x{9593}\x{7684}\x{306E}\x{4EBA}\x{60C5}\x{3092}"
          RenderInline {RUBY} at (1408,128) size 19x32
            RenderInline (generated) at (1408,128) size 19x32
              RenderInline {RB} at (1408,128) size 19x32
                RenderText {#text} at (1408,128) size 19x32
                  text run at (1408,128) width 33: "\x{9F13}\x{821E}"
            RenderBlock {RT} at (1395,128) size 14x32
              RenderText {#text} at (1,3) size 11x26
                text run at (1,3) width 26: "\x{3053}\x{3076}"
          RenderText {#text} at (1408,0) size 52x480
            text run at (1408,160) width 321: "\x{3059}\x{308B}\x{3088}\x{3046}\x{306A}\x{3082}\x{306E}\x{3067}\x{306F}\x{306A}\x{3044}\x{3002}\x{4FD7}\x{5FF5}\x{3092}\x{653E}\x{68C4}\x{3057}\x{3066}\x{3001}"
            text run at (1441,0) width 97: "\x{3057}\x{3070}\x{3089}\x{304F}\x{3067}\x{3082}"
          RenderInline {RUBY} at (1441,96) size 19x36
            RenderInline (generated) at (1441,95) size 19x36
              RenderInline {RB} at (1441,96) size 19x34
                RenderText {#text} at (1441,96) size 19x34
                  text run at (1441,96) width 35: "\x{5875}\x{754C}"
            RenderBlock {RT} at (1428,95) size 14x36
              RenderText {#text} at (1,0) size 11x36
                text run at (1,0) width 37: "\x{3058}\x{3093}\x{304B}\x{3044}"
          RenderText {#text} at (1441,0) size 96x482
            text run at (1441,130) width 353: "\x{3092}\x{96E2}\x{308C}\x{305F}\x{5FC3}\x{6301}\x{3061}\x{306B}\x{306A}\x{308C}\x{308B}\x{8A69}\x{3067}\x{3042}\x{308B}\x{3002}\x{3044}\x{304F}\x{3089}\x{5091}\x{4F5C}\x{3067}"
            text run at (1463,0) width 481: "\x{3082}\x{4EBA}\x{60C5}\x{3092}\x{96E2}\x{308C}\x{305F}\x{829D}\x{5C45}\x{306F}\x{306A}\x{3044}\x{3001}\x{7406}\x{975E}\x{3092}\x{7D76}\x{3057}\x{305F}\x{5C0F}\x{8AAC}\x{306F}\x{5C11}\x{304B}\x{308D}\x{3046}\x{3002}\x{3069}\x{3053}\x{307E}"
            text run at (1485,0) width 481: "\x{3067}\x{3082}\x{4E16}\x{9593}\x{3092}\x{51FA}\x{308B}\x{4E8B}\x{304C}\x{51FA}\x{6765}\x{306C}\x{306E}\x{304C}\x{5F7C}\x{3089}\x{306E}\x{7279}\x{8272}\x{3067}\x{3042}\x{308B}\x{3002}\x{3053}\x{3068}\x{306B}\x{897F}\x{6D0B}\x{306E}\x{8A69}"
            text run at (1518,0) width 305: "\x{306B}\x{306A}\x{308B}\x{3068}\x{3001}\x{4EBA}\x{4E8B}\x{304C}\x{6839}\x{672C}\x{306B}\x{306A}\x{308B}\x{304B}\x{3089}\x{3044}\x{308F}\x{3086}\x{308B}"
          RenderInline {RUBY} at (1518,304) size 19x32
            RenderInline (generated) at (1518,304) size 19x32
              RenderInline {RB} at (1518,304) size 19x32
                RenderText {#text} at (1518,304) size 19x32
                  text run at (1518,304) width 33: "\x{8A69}\x{6B4C}"
            RenderBlock {RT} at (1506,304) size 13x32
              RenderText {#text} at (1,0) size 11x32
                text run at (1,0) width 31: "\x{3057}\x{3044}\x{304B}"
          RenderText {#text} at (1518,0) size 52x480
            text run at (1518,336) width 145: "\x{306E}\x{7D14}\x{7C8B}\x{306A}\x{308B}\x{3082}\x{306E}\x{3082}\x{3053}"
            text run at (1551,0) width 17: "\x{306E}"
          RenderInline {RUBY} at (1551,16) size 19x27
            RenderInline (generated) at (1551,11) size 19x28
              RenderInline {RB} at (1551,17) size 19x16
                RenderText {#text} at (1551,17) size 19x16
                  text run at (1551,17) width 17: "\x{5883}"
            RenderBlock {RT} at (1538,11) size 14x28
              RenderText {#text} at (1,0) size 11x27
                text run at (1,0) width 28: "\x{304D}\x{3087}\x{3046}"
          RenderText {#text} at (1551,34) size 19x16
            text run at (1551,34) width 17: "\x{3092}"
          RenderInline {RUBY} at (1551,50) size 19x32
            RenderInline (generated) at (1551,50) size 19x32
              RenderInline {RB} at (1551,50) size 19x32
                RenderText {#text} at (1551,50) size 19x32
                  text run at (1551,50) width 33: "\x{89E3}\x{8131}"
            RenderBlock {RT} at (1538,50) size 14x32
              RenderText {#text} at (1,0) size 11x32
                text run at (1,0) width 31: "\x{3052}\x{3060}\x{3064}"
          RenderText {#text} at (1551,0) size 52x482
            text run at (1551,82) width 401: "\x{3059}\x{308B}\x{4E8B}\x{3092}\x{77E5}\x{3089}\x{306C}\x{3002}\x{3069}\x{3053}\x{307E}\x{3067}\x{3082}\x{540C}\x{60C5}\x{3060}\x{3068}\x{304B}\x{3001}\x{611B}\x{3060}\x{3068}\x{304B}\x{3001}\x{6B63}"
            text run at (1584,0) width 177: "\x{7FA9}\x{3060}\x{3068}\x{304B}\x{3001}\x{81EA}\x{7531}\x{3060}\x{3068}\x{304B}\x{3001}"
          RenderInline {RUBY} at (1584,176) size 19x32
            RenderInline (generated) at (1584,176) size 19x32
              RenderInline {RB} at (1584,176) size 19x32
                RenderText {#text} at (1584,176) size 19x32
                  text run at (1584,176) width 33: "\x{6D6E}\x{4E16}"
            RenderBlock {RT} at (1571,176) size 14x32
              RenderText {#text} at (1,0) size 11x32
                text run at (1,0) width 31: "\x{3046}\x{304D}\x{3088}"
          RenderText {#text} at (1584,208) size 19x16
            text run at (1584,208) width 17: "\x{306E}"
          RenderInline {RUBY} at (1584,224) size 19x48
            RenderInline (generated) at (1584,224) size 19x48
              RenderInline {RB} at (1584,224) size 19x48
                RenderText {#text} at (1584,224) size 19x48
                  text run at (1584,224) width 49: "\x{52E7}\x{5DE5}\x{5834}"
            RenderBlock {RT} at (1571,224) size 14x48
              RenderText {#text} at (1,0) size 11x48
                text run at (1,0) width 48: "\x{304B}\x{3093}\x{3053}\x{3046}\x{3070}"
          RenderText {#text} at (1584,272) size 19x160
            text run at (1584,272) width 161: "\x{306B}\x{3042}\x{308B}\x{3082}\x{306E}\x{3060}\x{3051}\x{3067}\x{7528}\x{3092}"
          RenderInline {RUBY} at (1584,432) size 19x18
            RenderInline (generated) at (1584,431) size 19x18
              RenderInline {RB} at (1584,432) size 19x16
                RenderText {#text} at (1584,432) size 19x16
                  text run at (1584,432) width 17: "\x{5F01}"
            RenderBlock {RT} at (1571,431) size 14x18
              RenderText {#text} at (1,0) size 11x18
                text run at (1,0) width 19: "\x{3079}\x{3093}"
          RenderText {#text} at (1584,0) size 52x480
            text run at (1584,448) width 33: "\x{3058}\x{3066}"
            text run at (1617,0) width 289: "\x{3044}\x{308B}\x{3002}\x{3044}\x{304F}\x{3089}\x{8A69}\x{7684}\x{306B}\x{306A}\x{3063}\x{3066}\x{3082}\x{5730}\x{9762}\x{306E}\x{4E0A}\x{3092}"
          RenderInline {RUBY} at (1617,288) size 19x16
            RenderInline (generated) at (1617,288) size 19x16
              RenderInline {RB} at (1617,288) size 19x16
                RenderText {#text} at (1617,288) size 19x16
                  text run at (1617,288) width 17: "\x{99B3}"
            RenderBlock {RT} at (1604,288) size 14x16
              RenderText {#text} at (1,3) size 11x10
                text run at (1,3) width 10: "\x{304B}"
          RenderText {#text} at (1617,304) size 19x112
            text run at (1617,304) width 113: "\x{3051}\x{3066}\x{3042}\x{308B}\x{3044}\x{3066}\x{3001}"
          RenderInline {RUBY} at (1617,416) size 19x18
            RenderInline (generated) at (1617,415) size 19x18
              RenderInline {RB} at (1617,416) size 19x16
                RenderText {#text} at (1617,416) size 19x16
                  text run at (1617,416) width 17: "\x{92AD}"
            RenderBlock {RT} at (1604,415) size 14x18
              RenderText {#text} at (1,0) size 11x18
                text run at (1,0) width 19: "\x{305C}\x{306B}"
          RenderText {#text} at (1617,0) size 51x480
            text run at (1617,432) width 49: "\x{306E}\x{52D8}\x{5B9A}"
            text run at (1649,0) width 241: "\x{3092}\x{5FD8}\x{308C}\x{308B}\x{3072}\x{307E}\x{304C}\x{306A}\x{3044}\x{3002}\x{30B7}\x{30A7}\x{30EC}\x{30FC}\x{304C}"
          RenderInline {RUBY} at (1649,240) size 19x32
            RenderInline (generated) at (1649,240) size 19x32
              RenderInline {RB} at (1649,240) size 19x32
                RenderText {#text} at (1649,240) size 19x32
                  text run at (1649,240) width 33: "\x{96F2}\x{96C0}"
            RenderBlock {RT} at (1637,240) size 13x32
              RenderText {#text} at (1,0) size 11x32
                text run at (1,0) width 31: "\x{3072}\x{3070}\x{308A}"
          RenderText {#text} at (1649,0) size 42x480
            text run at (1649,272) width 209: "\x{3092}\x{805E}\x{3044}\x{3066}\x{5606}\x{606F}\x{3057}\x{305F}\x{306E}\x{3082}\x{7121}\x{7406}\x{306F}"
            text run at (1672,0) width 49: "\x{306A}\x{3044}\x{3002}"
          RenderBR {BR} at (1672,48) size 19x0
          RenderText {#text} at (1705,0) size 19x160
            text run at (1705,0) width 161: "\x{3000}\x{3046}\x{308C}\x{3057}\x{3044}\x{4E8B}\x{306B}\x{6771}\x{6D0B}\x{306E}"
          RenderInline {RUBY} at (1705,160) size 19x32
            RenderInline (generated) at (1705,160) size 19x32
              RenderInline {RB} at (1705,160) size 19x32
                RenderText {#text} at (1705,160) size 19x32
                  text run at (1705,160) width 33: "\x{8A69}\x{6B4C}"
            RenderBlock {RT} at (1692,160) size 14x32
              RenderText {#text} at (1,0) size 11x32
                text run at (1,0) width 31: "\x{3057}\x{3044}\x{304B}"
          RenderText {#text} at (1705,192) size 19x64
            text run at (1705,192) width 65: "\x{306F}\x{305D}\x{3053}\x{3092}"
          RenderInline {RUBY} at (1705,256) size 19x32
            RenderInline (generated) at (1705,256) size 19x32
              RenderInline {RB} at (1705,256) size 19x32
                RenderText {#text} at (1705,256) size 19x32
                  text run at (1705,256) width 33: "\x{89E3}\x{8131}"
            RenderBlock {RT} at (1692,256) size 14x32
              RenderText {#text} at (1,0) size 11x32
                text run at (1,0) width 31: "\x{3052}\x{3060}\x{3064}"
          RenderText {#text} at (1705,288) size 19x112
            text run at (1705,288) width 113: "\x{3057}\x{305F}\x{306E}\x{304C}\x{3042}\x{308B}\x{3002}"
          RenderInline {RUBY} at (1705,400) size 19x45
            RenderInline (generated) at (1705,396) size 19x46
              RenderInline {RB} at (1705,400) size 19x39
                RenderText {#text} at (1705,400) size 19x39
                  text run at (1705,400) width 39: "\x{63A1}\x{83CA}"
            RenderBlock {RT} at (1692,396) size 14x46
              RenderText {#text} at (1,0) size 11x45
                text run at (1,0) width 46: "\x{304D}\x{304F}\x{3092}\x{3068}\x{308B}"
          RenderInline {RUBY} at (1737,0) size 19x54
            RenderInline (generated) at (1737,0) size 19x54
              RenderInline {RB} at (1737,1) size 19x52
                RenderText {#text} at (1737,1) size 19x52
                  text run at (1737,1) width 53: "\x{6771}\x{7C6C}\x{4E0B}"
            RenderBlock {RT} at (1725,0) size 13x54
              RenderText {#text} at (1,0) size 11x54
                text run at (1,0) width 55: "\x{3068}\x{3046}\x{308A}\x{306E}\x{3082}\x{3068}"
          RenderText {#text} at (1737,53) size 19x16
            text run at (1737,53) width 17: "\x{3001}"
          RenderInline {RUBY} at (1737,69) size 19x63
            RenderInline (generated) at (1737,64) size 19x64
              RenderInline {RB} at (1737,72) size 19x48
                RenderText {#text} at (1737,72) size 19x48
                  text run at (1737,72) width 49: "\x{60A0}\x{7136}"
            RenderBlock {RT} at (1725,64) size 13x64
              RenderText {#text} at (1,0) size 11x63
                text run at (1,0) width 64: "\x{3086}\x{3046}\x{305C}\x{3093}\x{3068}\x{3057}\x{3066}"
          RenderInline {RUBY} at (1737,127) size 19x64
            RenderInline (generated) at (1737,127) size 19x64
              RenderInline {RB} at (1737,130) size 19x58
                RenderText {#text} at (1737,130) size 19x58
                  text run at (1737,130) width 59: "\x{898B}\x{5357}\x{5C71}"
            RenderBlock {RT} at (1725,127) size 13x64
              RenderText {#text} at (1,0) size 11x63
                text run at (1,0) width 64: "\x{306A}\x{3093}\x{3056}\x{3093}\x{3092}\x{307F}\x{308B}"
          RenderText {#text} at (1737,188) size 19x128
            text run at (1737,188) width 129: "\x{3002}\x{305F}\x{3060}\x{305D}\x{308C}\x{304E}\x{308A}\x{306E}"
          RenderInline {RUBY} at (1737,316) size 19x18
            RenderInline (generated) at (1737,315) size 19x18
              RenderInline {RB} at (1737,316) size 19x16
                RenderText {#text} at (1737,316) size 19x16
                  text run at (1737,316) width 17: "\x{88CF}"
            RenderBlock {RT} at (1725,315) size 13x18
              RenderText {#text} at (1,0) size 11x18
                text run at (1,0) width 19: "\x{3046}\x{3061}"
          RenderText {#text} at (1737,0) size 52x476
            text run at (1737,332) width 145: "\x{306B}\x{6691}\x{82E6}\x{3057}\x{3044}\x{4E16}\x{306E}\x{4E2D}\x{3092}"
            text run at (1770,0) width 385: "\x{307E}\x{308B}\x{3067}\x{5FD8}\x{308C}\x{305F}\x{5149}\x{666F}\x{304C}\x{51FA}\x{3066}\x{304F}\x{308B}\x{3002}\x{57A3}\x{306E}\x{5411}\x{3046}\x{306B}\x{96A3}\x{308A}\x{306E}\x{5A18}\x{304C}"
          RenderInline {RUBY} at (1770,384) size 19x18
            RenderInline (generated) at (1770,383) size 19x18
              RenderInline {RB} at (1770,384) size 19x16
                RenderText {#text} at (1770,384) size 19x16
                  text run at (1770,384) width 17: "\x{8997}"
            RenderBlock {RT} at (1758,383) size 13x18
              RenderText {#text} at (1,0) size 11x18
                text run at (1,0) width 19: "\x{306E}\x{305E}"
          RenderText {#text} at (1770,0) size 52x480
            text run at (1770,400) width 81: "\x{3044}\x{3066}\x{308B}\x{8A33}\x{3067}"
            text run at (1803,0) width 97: "\x{3082}\x{306A}\x{3051}\x{308C}\x{3070}\x{3001}"
          RenderInline {RUBY} at (1803,96) size 19x36
            RenderInline (generated) at (1803,95) size 19x36
              RenderInline {RB} at (1803,96) size 19x34
                RenderText {#text} at (1803,96) size 19x34
                  text run at (1803,96) width 35: "\x{5357}\x{5C71}"
            RenderBlock {RT} at (1790,95) size 14x36
              RenderText {#text} at (1,0) size 11x36
                text run at (1,0) width 37: "\x{306A}\x{3093}\x{3056}\x{3093}"
          RenderText {#text} at (1803,130) size 19x320
            text run at (1803,130) width 321: "\x{306B}\x{89AA}\x{53CB}\x{304C}\x{5949}\x{8077}\x{3057}\x{3066}\x{3044}\x{308B}\x{6B21}\x{7B2C}\x{3067}\x{3082}\x{306A}\x{3044}\x{3002}\x{8D85}\x{7136}\x{3068}"
          RenderInline {RUBY} at (1836,0) size 19x72
            RenderInline (generated) at (1836,0) size 19x72
              RenderInline {RB} at (1836,1) size 19x70
                RenderText {#text} at (1836,1) size 19x70
                  text run at (1836,1) width 71: "\x{51FA}\x{4E16}\x{9593}\x{7684}"
            RenderBlock {RT} at (1823,0) size 14x72
              RenderText {#text} at (1,0) size 11x72
                text run at (1,0) width 73: "\x{3057}\x{3085}\x{3063}\x{305B}\x{3051}\x{3093}\x{3066}\x{304D}"
          RenderText {#text} at (1836,71) size 19x336
            text run at (1836,71) width 337: "\x{306B}\x{5229}\x{5BB3}\x{640D}\x{5F97}\x{306E}\x{6C57}\x{3092}\x{6D41}\x{3057}\x{53BB}\x{3063}\x{305F}\x{5FC3}\x{6301}\x{3061}\x{306B}\x{306A}\x{308C}\x{308B}\x{3002}"
          RenderInline {RUBY} at (1836,407) size 19x27
            RenderInline (generated) at (1836,402) size 19x28
              RenderInline {RB} at (1836,408) size 19x16
                RenderText {#text} at (1836,408) size 19x16
                  text run at (1836,408) width 17: "\x{72EC}"
            RenderBlock {RT} at (1823,402) size 14x28
              RenderText {#text} at (1,0) size 11x27
                text run at (1,0) width 28: "\x{3072}\x{3068}\x{308A}"
          RenderInline {RUBY} at (1869,0) size 19x90
            RenderInline (generated) at (1869,0) size 19x90
              RenderInline {RB} at (1869,3) size 19x84
                RenderText {#text} at (1869,3) size 19x84
                  text run at (1869,3) width 84: "\x{5750}\x{5E7D}\x{7BC1}\x{88CF}"
            RenderBlock {RT} at (1856,0) size 14x90
              RenderText {#text} at (1,0) size 11x90
                text run at (1,0) width 91: "\x{3086}\x{3046}\x{3053}\x{3046}\x{306E}\x{3046}\x{3061}\x{306B}\x{3056}\x{3057}"
          RenderText {#text} at (1869,86) size 19x17
            text run at (1869,86) width 17: "\x{3001}"
          RenderInline {RUBY} at (1869,102) size 19x64
            RenderInline (generated) at (1869,98) size 19x64
              RenderInline {RB} at (1869,106) size 19x48
                RenderText {#text} at (1869,106) size 19x48
                  text run at (1869,106) width 48: "\x{5F3E}\x{7434}"
            RenderBlock {RT} at (1856,98) size 14x64
              RenderText {#text} at (1,0) size 11x63
                text run at (1,0) width 64: "\x{304D}\x{3093}\x{3092}\x{3060}\x{3093}\x{3058}\x{3066}"
          RenderInline {RUBY} at (1869,161) size 19x82
            RenderInline (generated) at (1869,161) size 19x82
              RenderInline {RB} at (1869,166) size 19x71
                RenderText {#text} at (1869,166) size 19x71
                  text run at (1869,166) width 71: "\x{5FA9}\x{9577}\x{562F}"
            RenderBlock {RT} at (1856,161) size 14x82
              RenderText {#text} at (1,0) size 11x81
                text run at (1,0) width 82: "\x{307E}\x{305F}\x{3061}\x{3087}\x{3046}\x{3057}\x{3087}\x{3046}\x{3059}"
          RenderText {#text} at (1869,237) size 19x17
            text run at (1869,237) width 17: "\x{3001}"
          RenderInline {RUBY} at (1869,253) size 19x37
            RenderInline (generated) at (1869,252) size 19x37
              RenderInline {RB} at (1869,253) size 19x35
                RenderText {#text} at (1869,253) size 19x35
                  text run at (1869,253) width 35: "\x{6DF1}\x{6797}"
            RenderBlock {RT} at (1856,252) size 14x37
              RenderText {#text} at (1,0) size 11x36
                text run at (1,0) width 37: "\x{3057}\x{3093}\x{308A}\x{3093}"
          RenderInline {RUBY} at (1869,288) size 19x49
            RenderInline (generated) at (1869,288) size 19x49
              RenderInline {RB} at (1869,288) size 19x49
                RenderText {#text} at (1869,288) size 19x49
                  text run at (1869,288) width 49: "\x{4EBA}\x{4E0D}\x{77E5}"
            RenderBlock {RT} at (1856,288) size 14x49
              RenderText {#text} at (1,0) size 11x48
                text run at (1,0) width 48: "\x{3072}\x{3068}\x{3057}\x{3089}\x{305A}"
          RenderText {#text} at (1869,336) size 19x17
            text run at (1869,336) width 17: "\x{3001}"
          RenderInline {RUBY} at (1869,352) size 19x73
            RenderInline (generated) at (1869,348) size 19x73
              RenderInline {RB} at (1869,352) size 19x65
                RenderText {#text} at (1869,352) size 19x65
                  text run at (1869,352) width 65: "\x{660E}\x{6708}\x{6765}"
            RenderBlock {RT} at (1856,348) size 14x73
              RenderText {#text} at (1,0) size 11x72
                text run at (1,0) width 73: "\x{3081}\x{3044}\x{3052}\x{3064}\x{304D}\x{305F}\x{308A}\x{3066}"
          RenderInline {RUBY} at (1869,0) size 51x466
            RenderInline (generated) at (1869,0) size 51x466
              RenderInline {RB} at (1869,0) size 51x444
                RenderText {#text} at (1869,0) size 51x415
                  text run at (1869,443) width -28: "\x{76F8}"
                  text run at (1901,0) width 17: "\x{7167}"
            RenderBlock {RT} at (1856,420) size 14x46
              RenderText {#text} at (1,0) size 11x45
                text run at (1,0) width 46: "\x{3042}\x{3044}\x{3066}\x{3089}\x{3059}"
          RenderText {#text} at (1901,16) size 19x160
            text run at (1901,16) width 161: "\x{3002}\x{305F}\x{3060}\x{4E8C}\x{5341}\x{5B57}\x{306E}\x{3046}\x{3061}\x{306B}"
          RenderInline {RUBY} at (1901,176) size 19x18
            RenderInline (generated) at (1901,175) size 19x18
              RenderInline {RB} at (1901,176) size 19x16
                RenderText {#text} at (1901,176) size 19x16
                  text run at (1901,176) width 17: "\x{512A}"
            RenderBlock {RT} at (1889,175) size 13x18
              RenderText {#text} at (1,0) size 11x18
                text run at (1,0) width 19: "\x{3086}\x{3046}"
          RenderText {#text} at (1901,192) size 19x16
            text run at (1901,192) width 17: "\x{306B}"
          RenderInline {RUBY} at (1901,208) size 19x54
            RenderInline (generated) at (1901,207) size 19x54
              RenderInline {RB} at (1901,208) size 19x52
                RenderText {#text} at (1901,208) size 19x52
                  text run at (1901,208) width 53: "\x{5225}\x{4E7E}\x{5764}"
            RenderBlock {RT} at (1889,207) size 13x54
              RenderText {#text} at (1,0) size 11x54
                text run at (1,0) width 55: "\x{3079}\x{3064}\x{3051}\x{3093}\x{3053}\x{3093}"
          RenderText {#text} at (1901,260) size 19x16
            text run at (1901,260) width 17: "\x{3092}"
          RenderInline {RUBY} at (1901,276) size 19x45
            RenderInline (generated) at (1901,272) size 19x46
              RenderInline {RB} at (1901,276) size 19x39
                RenderText {#text} at (1901,276) size 19x39
                  text run at (1901,276) width 40: "\x{5EFA}\x{7ACB}"
            RenderBlock {RT} at (1889,272) size 13x46
              RenderText {#text} at (1,0) size 11x45
                text run at (1,0) width 46: "\x{3053}\x{3093}\x{308A}\x{3085}\x{3046}"
          RenderText {#text} at (1901,0) size 52x443
            text run at (1901,314) width 129: "\x{3057}\x{3066}\x{3044}\x{308B}\x{3002}\x{3053}\x{306E}\x{4E7E}"
            text run at (1934,0) width 33: "\x{5764}\x{306E}"
          RenderInline {RUBY} at (1934,32) size 19x32
            RenderInline (generated) at (1934,32) size 19x32
              RenderInline {RB} at (1934,32) size 19x32
                RenderText {#text} at (1934,32) size 19x32
                  text run at (1934,32) width 33: "\x{529F}\x{5FB3}"
            RenderBlock {RT} at (1922,32) size 13x32
              RenderText {#text} at (1,0) size 11x32
                text run at (1,0) width 31: "\x{304F}\x{3069}\x{304F}"
          RenderText {#text} at (1934,64) size 19x32
            text run at (1934,64) width 33: "\x{306F}\x{300C}"
          RenderInline {RUBY} at (1934,96) size 19x48
            RenderInline (generated) at (1934,96) size 19x48
              RenderInline {RB} at (1934,96) size 19x48
                RenderText {#text} at (1934,96) size 19x48
                  text run at (1934,96) width 49: "\x{4E0D}\x{5982}\x{5E30}"
            RenderBlock {RT} at (1922,96) size 13x48
              RenderText {#text} at (1,0) size 11x48
                text run at (1,0) width 48: "\x{307B}\x{3068}\x{3068}\x{304E}\x{3059}"
          RenderText {#text} at (1934,144) size 19x48
            text run at (1934,144) width 49: "\x{300D}\x{3084}\x{300C}"
          RenderInline {RUBY} at (1934,192) size 19x64
            RenderInline (generated) at (1934,192) size 19x64
              RenderInline {RB} at (1934,192) size 19x64
                RenderText {#text} at (1934,192) size 19x64
                  text run at (1934,192) width 65: "\x{91D1}\x{8272}\x{591C}\x{53C9}"
            RenderBlock {RT} at (1922,192) size 13x64
              RenderText {#text} at (1,0) size 11x64
                text run at (1,0) width 65: "\x{3053}\x{3093}\x{3058}\x{304D}\x{3084}\x{3057}\x{3083}"
          RenderText {#text} at (1934,0) size 52x464
            text run at (1934,256) width 209: "\x{300D}\x{306E}\x{529F}\x{5FB3}\x{3067}\x{306F}\x{306A}\x{3044}\x{3002}\x{6C7D}\x{8239}\x{3001}\x{6C7D}"
            text run at (1967,0) width 305: "\x{8ECA}\x{3001}\x{6A29}\x{5229}\x{3001}\x{7FA9}\x{52D9}\x{3001}\x{9053}\x{5FB3}\x{3001}\x{793C}\x{7FA9}\x{3067}\x{75B2}\x{308C}\x{679C}\x{3066}\x{305F}"
          RenderInline {RUBY} at (1967,304) size 19x18
            RenderInline (generated) at (1967,303) size 19x18
              RenderInline {RB} at (1967,304) size 19x16
                RenderText {#text} at (1967,304) size 19x16
                  text run at (1967,304) width 17: "\x{5F8C}"
            RenderBlock {RT} at (1954,303) size 14x18
              RenderText {#text} at (1,0) size 11x18
                text run at (1,0) width 19: "\x{306E}\x{3061}"
          RenderText {#text} at (1967,0) size 41x480
            text run at (1967,320) width 161: "\x{306B}\x{3001}\x{3059}\x{3079}\x{3066}\x{3092}\x{5FD8}\x{5374}\x{3057}\x{3066}"
            text run at (1989,0) width 257: "\x{3050}\x{3063}\x{3059}\x{308A}\x{5BDD}\x{8FBC}\x{3080}\x{3088}\x{3046}\x{306A}\x{529F}\x{5FB3}\x{3067}\x{3042}\x{308B}\x{3002}"
          RenderBR {BR} at (1989,256) size 19x0
