layer at (0,0) size 785x722
  RenderView at (0,0) size 785x600
layer at (0,0) size 785x722
  RenderBlock {HTML} at (0,0) size 785x722
    RenderBody {BODY} at (8,8) size 769x706
      RenderBlock {P} at (0,0) size 769x90
        RenderText {#text} at (0,0) size 743x36
          text run at (0,0) width 366: "This test shows the following bugs with text-orientation. "
          text run at (365,0) width 378: "The far right test mis-renders differently in both the simple"
          text run at (0,18) width 426: "and complex text paths. The simple text path mis-renders because "
        RenderInline {TT} at (425,20) size 297x16
          RenderText {#text} at (425,20) size 297x16
            text run at (425,20) width 297: "CTFontGetVerticalTranslationsForGlyphs"
        RenderText {#text} at (0,36) size 756x54
          text run at (0,36) width 494: "returns incorrect values for horizontal glyphs that have vertical counterparts. "
          text run at (493,36) width 258: "The complex text code path mis-renders"
          text run at (0,54) width 175: "because of API deficiency. "
          text run at (174,54) width 582: "There is no way to tell CoreText to use upright horizontal glyphs when rendering a vertical"
          text run at (0,72) width 28: "line."
      RenderBlock {DIV} at (0,106) size 386x600
        RenderBlock {DIV} at (0,0) size 193x398 [border: (1px solid #008000)]
          RenderInline {SPAN} at (1,1) size 41x173
            RenderText {#text} at (1,1) size 41x173
              text run at (1,1) width 174: "Hello world"
          RenderBR {BR} at (1,173) size 42x1
          RenderInline {SPAN} at (43,1) size 41x337
            RenderText {#text} at (43,1) size 41x337
              text run at (43,1) width 337: "Hello world"
          RenderBR {BR} at (42,337) size 42x1
          RenderInline {SPAN} at (92,1) size 37x198
            RenderText {#text} at (92,1) size 37x198
              text run at (92,1) width 199: "Hello world"
          RenderBR {BR} at (90,198) size 42x1
          RenderInline {SPAN} at (146,1) size 37x396
            RenderText {#text} at (146,1) size 37x396
              text run at (146,1) width 397: "Hello world"
          RenderBR {BR} at (144,397) size 42x0
        RenderText {#text} at (0,0) size 0x0
        RenderBlock {DIV} at (192,0) size 194x398 [border: (1px solid #008000)]
          RenderInline {SPAN} at (1,1) size 41x173
            RenderText {#text} at (1,1) size 41x173
              text run at (1,1) width 174: "Hello world"
          RenderBR {BR} at (1,173) size 42x1
          RenderInline {SPAN} at (43,1) size 41x337
            RenderText {#text} at (43,1) size 41x337
              text run at (43,1) width 337: "Hello world"
          RenderBR {BR} at (42,337) size 42x1
          RenderInline {SPAN} at (92,1) size 37x198
            RenderText {#text} at (92,1) size 37x198
              text run at (92,1) width 199: "Hello world"
          RenderBR {BR} at (90,198) size 42x1
          RenderInline {SPAN} at (146,1) size 37x396
            RenderText {#text} at (146,1) size 37x396
              text run at (146,1) width 397: "Hello world"
          RenderBR {BR} at (144,397) size 42x0
        RenderText {#text} at (0,0) size 0x0
