layer at (0,0) size 800x600
  RenderView at (0,0) size 800x600
layer at (548,0) size 252x600
  RenderBlock {HTML} at (0,0) size 252x600
    RenderBody {BODY} at (24,8) size 204x584
      RenderBlock {P} at (0,0) size 110x584
        RenderInline {SPAN} at (0,0) size 24x104
          RenderText {#text} at (16,0) size 24x104
            text run at (16,0) width 104: "\x{7B2C}\x{4E00}\x{6BB5}\x{843D} "
        RenderInline {SPAN} at (0,0) size 110x457
          RenderText {#text} at (0,103) size 55x324
            text run at (0,103) width 323: "PARAGRAPH 1"
          RenderBR {BR} at (0,426) size 55x1
          RenderText {#text} at (55,0) size 55x294
            text run at (55,0) width 294: "MORE TEXT. "
          RenderInline {SPAN} at (0,0) size 14x164
            RenderText {#text} at (76,293) size 14x164
              text run at (76,293) width 164: "SHOULD NOT BE CENTERED."
          RenderText {#text} at (0,0) size 0x0
      RenderBlock {P} at (134,0) size 70x584
        RenderInline {SPAN} at (0,0) size 28x467
          RenderText {#text} at (21,0) size 28x102
            text run at (21,0) width 102: "\x{7B2C}\x{4E8C}\x{6BB5}\x{843D} "
          RenderInline {SPAN} at (0,0) size 55x365
            RenderText {#text} at (7,102) size 55x335
              text run at (7,102) width 335: "PARAGRAPH 2 "
            RenderImage {IMG} at (0,436) size 70x31 [bgcolor=#008000]
            RenderText {#text} at (0,0) size 0x0
