layer at (0,0) size 800x600
  RenderView at (0,0) size 800x600
layer at (0,0) size 800x600
  RenderBlock {HTML} at (0,0) size 800x600
    RenderBody {BODY} at (8,8) size 784x576 [bgcolor=#FFFFFF]
      RenderBlock {FORM} at (0,0) size 784x28
        RenderTable {TABLE} at (0,0) size 784x28
          RenderTableSection {TBODY} at (0,0) size 784x28
            RenderTableRow {TR} at (0,2) size 784x24 [bgcolor=#FFFFFF]
              RenderTableCell {TD} at (2,2) size 70x24 [r=0 c=0 rs=1 cs=1]
                RenderButton {INPUT} at (3,3) size 64x18 [color=#000000D8] [bgcolor=#C0C0C0]
                  RenderBlock (anonymous) at (8,2) size 48x13
                    RenderText at (0,0) size 48x13
                      text run at (0,0) width 48: "Select all"
              RenderTableCell {TD} at (73,2) size 57x24 [r=0 c=1 rs=1 cs=1]
                RenderButton {INPUT} at (3,3) size 50x18 [color=#000000D8] [bgcolor=#C0C0C0]
                  RenderBlock (anonymous) at (8,2) size 34x13
                    RenderText at (0,0) size 34x13
                      text run at (0,0) width 34: "Delete"
              RenderTableCell {TD} at (131,2) size 87x24 [r=0 c=2 rs=1 cs=1]
                RenderButton {INPUT} at (3,3) size 80x18 [color=#000000D8] [bgcolor=#C0C0C0]
                  RenderBlock (anonymous) at (8,2) size 64x13
                    RenderText at (0,0) size 64x13
                      text run at (0,0) width 64: "Empty trash"
              RenderTableCell {TD} at (219,6) size 378x20 [r=0 c=3 rs=1 cs=1]
                RenderText {#text} at (1,1) size 4x18
                  text run at (1,1) width 4: " "
              RenderTableCell {TD} at (598,2) size 68x24 [r=0 c=4 rs=1 cs=1]
                RenderButton {INPUT} at (3,3) size 62x18 [color=#000000D8] [bgcolor=#C0C0C0]
                  RenderBlock (anonymous) at (8,2) size 46x13
                    RenderText at (0,0) size 46x13
                      text run at (0,0) width 46: "Move to:"
              RenderTableCell {TD} at (668,2) size 114x24 [r=0 c=5 rs=1 cs=1]
                RenderMenuList {SELECT} at (3,3) size 108x18 [color=#000000D8] [bgcolor=#FFFFFF]
                  RenderBlock (anonymous) at (0,0) size 108x18
                    RenderText at (8,2) size 77x13
                      text run at (8,2) width 77: "Choose folder "
                RenderText {#text} at (0,0) size 0x0
