layer at (0,0) size 800x600
  RenderView at (0,0) size 800x600
layer at (0,0) size 800x600
  RenderBlock {HTML} at (0,0) size 800x600
    RenderBody {BODY} at (8,16) size 784x568
      RenderBlock {UL} at (16,0) size 752x55 [border: (1px solid #000000)]
        RenderListItem {LI} at (41,1) size 710x53
          RenderListMarker at (-36,0) size 16x53: black square
          RenderText {#text} at (0,0) size 207x53
            text run at (0,0) width 207: "worldhello"
      RenderBlock {P} at (0,71) size 784x68
        RenderText {#text} at (0,0) size 768x68
          text run at (0,0) width 562: "This is an automated test for elementAtPoint for points over position:outside list markers. "
          text run at (562,0) width 168: "The dictionary returned by"
          text run at (730,0) width 4: " "
          text run at (0,17) width 743: "elementAtPoint should contain the list item as the DOMNode, not the list, for points over position:outside list markers."
          text run at (0,34) width 743: "elementAtPoint is used to determine the drag operation that will occur when something is dropped over a given point. "
          text run at (743,34) width 21: "So,"
          text run at (764,34) width 4: " "
          text run at (0,51) width 371: "this test drags a bit of text over the list marker and drops it. "
          text run at (371,51) width 386: "It should be pasted into the list item, which is contenteditable."
selection start: position 0 of child 0 {#text} of child 0 {LI} of child 1 {UL} of body
selection end:   position 5 of child 0 {#text} of child 0 {LI} of child 1 {UL} of body
