layer at (0,0) size 800x600
  RenderView at (0,0) size 800x600
layer at (0,0) size 800x600
  RenderBlock {HTML} at (0,0) size 800x600
    RenderBody {BODY} at (8,8) size 784x584
      RenderBlock {P} at (0,0) size 784x20
        RenderText {#text} at (0,0) size 753x19
          text run at (0,0) width 753: "There are two boxes inside a container that is rotated 180\x{B0} in Y. box2 has backface-visibility: hidden, so you can't see it."
      RenderBlock {DIV} at (0,238) size 784x40
        RenderText {#text} at (0,0) size 192x19
          text run at (0,0) width 192: "Found container on left: PASS"
        RenderBR {BR} at (192,0) size 0x19
        RenderText {#text} at (0,20) size 175x19
          text run at (0,20) width 175: "Found box1 on right: PASS"
        RenderBR {BR} at (175,20) size 0x19
layer at (8,44) size 402x202
  RenderBlock {DIV} at (0,36) size 402x202 [bgcolor=#EEEEEE] [border: (1px solid #000000)]
    RenderText {#text} at (197,32) size 4x19
      text run at (197,32) width 4: " "
    RenderText {#text} at (0,0) size 0x0
layer at (27,63) size 160x160
  RenderBlock (relative positioned) {DIV} at (19,19) size 160x160 [bgcolor=#808080]
    RenderText {#text} at (48,0) size 64x36
      text run at (48,0) width 64: "box1"
layer at (227,63) size 160x160
  RenderBlock (relative positioned) {DIV} at (219,19) size 160x160 [bgcolor=#808080]
    RenderText {#text} at (48,0) size 64x36
      text run at (48,0) width 64: "box2"
