layer at (0,0) size 800x600
  RenderView at (0,0) size 800x600
layer at (0,0) size 800x41
  RenderBlock {HTML} at (0,0) size 800x41
layer at (8,8) size 784x25
  RenderBody {BODY} at (8,8) size 784x25
    RenderMultiColumnSet at (0,0) size 784x25
    RenderBlock {DIV} at (0,25) size 784x0
    RenderMultiColumnSet at (0,25) size 784x0
layer at (8,8) size 384x50
  RenderMultiColumnFlowThread at (0,0) size 384x50
    RenderBlock {P} at (0,16) size 384x18
      RenderText {#text} at (0,0) size 113x18
        text run at (0,0) width 113: "PASS if no crash."
