layer at (0,0) size 800x600
  RenderView at (0,0) size 800x600
layer at (0,0) size 800x130
  RenderBlock {HTML} at (0,0) size 800x130
    RenderBody {BODY} at (8,16) size 784x98
      RenderBlock {P} at (0,0) size 784x18
        RenderText {#text} at (0,0) size 296x18
          text run at (0,0) width 296: "The next two paragraphs should look identical:"
      RenderBlock {P} at (0,34) size 166x24 [border: (3px solid #000000)]
        RenderText {#text} at (3,3) size 31x18
          text run at (3,3) width 31: "Test."
      RenderBlock {P} at (0,74) size 166x24 [border: (3px solid #000000)]
        RenderText {#text} at (3,3) size 31x18
          text run at (3,3) width 31: "Test."
