layer at (0,0) size 800x600
  RenderView at (0,0) size 800x600
layer at (0,0) size 800x152
  RenderBlock {HTML} at (0,0) size 800x152
    RenderBody {BODY} at (8,16) size 784x120
      RenderBlock {P} at (0,0) size 784x18
        RenderText {#text} at (0,0) size 337x18
          text run at (0,0) width 337: "The following three paragraphs should look identical:"
      RenderBlock {P} at (0,34) size 784x18
        RenderText {#text} at (0,0) size 149x18
          text run at (0,0) width 149: "This is a test paragraph."
      RenderBlock {P} at (0,68) size 784x18
        RenderInline (generated) at (0,0) size 32x18
          RenderText at (0,0) size 32x18
            text run at (0,0) width 32: "This "
        RenderText {#text} at (32,0) size 117x18
          text run at (32,0) width 117: "is a test paragraph."
      RenderBlock {P} at (0,102) size 784x18
        RenderInline (generated) at (0,0) size 32x18
          RenderText at (0,0) size 32x18
            text run at (0,0) width 32: "This "
        RenderText {#text} at (32,0) size 117x18
          text run at (32,0) width 117: "is a test paragraph."
