layer at (0,0) size 800x600
  RenderView at (0,0) size 800x600
layer at (0,0) size 800x118
  RenderBlock {HTML} at (0,0) size 800x118
    RenderBody {BODY} at (8,16) size 784x94
      RenderBlock {P} at (0,0) size 784x18
        RenderText {#text} at (0,0) size 324x18
          text run at (0,0) width 324: "There should be a solid vertical bar of green below."
      RenderBlock {DIV} at (0,34) size 784x60 [color=#008000]
        RenderBlock {DIV} at (0,0) size 784x15
          RenderText {#text} at (0,0) size 60x15
            text run at (0,0) width 60: "   X"
        RenderBlock {DIV} at (45,15) size 739x15
          RenderText {#text} at (0,0) size 15x15
            text run at (0,0) width 15: "X"
        RenderBlock {DIV} at (45,30) size 739x15
          RenderText {#text} at (0,0) size 15x15
            text run at (0,0) width 15: "X"
        RenderBlock {DIV} at (45,45) size 739x15
          RenderText {#text} at (0,0) size 15x15
            text run at (0,0) width 15: "X"
