layer at (0,0) size 800x600
  RenderView at (0,0) size 800x600
layer at (0,0) size 800x210
  RenderBlock {HTML} at (0,0) size 800x210
    RenderBody {BODY} at (8,16) size 784x178 [color=#000080]
      RenderBlock {P} at (0,0) size 784x18
        RenderText {#text} at (0,0) size 348x18
          text run at (0,0) width 348: "The next four blocks should look identical, to the pixel."
      RenderBlock {P} at (0,34) size 784x24 [border: (3px solid #000080)]
        RenderText {#text} at (3,3) size 27x18
          text run at (3,3) width 27: "Test"
      RenderBlock {P} at (0,74) size 784x24 [border: (3px solid #000080)]
        RenderText {#text} at (3,3) size 27x18
          text run at (3,3) width 27: "Test"
      RenderBlock {P} at (0,114) size 784x24 [border: (3px solid #000080)]
        RenderText {#text} at (3,3) size 27x18
          text run at (3,3) width 27: "Test"
      RenderBlock {P} at (0,154) size 784x24 [border: (3px solid #000080)]
        RenderText {#text} at (3,3) size 27x18
          text run at (3,3) width 27: "Test"
