layer at (0,0) size 800x600
  RenderView at (0,0) size 800x600
layer at (0,0) size 800x70
  RenderBlock {HTML} at (0,0) size 800x70
    RenderBody {BODY} at (8,8) size 784x54
      RenderBlock {DIV} at (0,0) size 784x36
        RenderBlock (anonymous) at (0,0) size 784x18
          RenderText {#text} at (0,0) size 170x18
            text run at (0,0) width 170: "Dummy text. Dummy text."
        RenderBlock {DIV} at (0,18) size 784x18
          RenderInline {SPAN} at (0,0) size 496x18
            RenderText {#text} at (0,0) size 496x18
              text run at (0,0) width 101: "Hover this text, "
              text run at (101,0) width 168: "then wait till it disappears. "
              text run at (269,0) width 227: "At that point there should be no red."
          RenderText {#text} at (0,0) size 0x0
      RenderBlock {DIV} at (0,36) size 784x18 [color=#008000]
        RenderText {#text} at (0,0) size 170x18
          text run at (0,0) width 170: "Dummy text. Dummy text."
