layer at (0,0) size 800x600
  RenderView at (0,0) size 800x600
layer at (0,0) size 800x407
  RenderBlock {HTML} at (0,0) size 800x407
    RenderBody {BODY} at (8,16) size 784x375 [color=#0000FF]
      RenderBlock {P} at (0,0) size 784x108
        RenderText {#text} at (0,0) size 29x18
          text run at (0,0) width 29: "The "
        RenderInline {STRONG} at (0,0) size 55x18
          RenderText {#text} at (29,0) size 55x18
            text run at (29,0) width 55: "first line"
        RenderText {#text} at (84,0) size 300x18
          text run at (84,0) width 204: " of this paragraph, and only that "
          text run at (288,0) width 96: "one, should be "
        RenderInline {STRONG} at (0,0) size 38x18
          RenderText {#text} at (384,0) size 38x18
            text run at (384,0) width 38: "green"
        RenderText {#text} at (422,0) size 780x108
          text run at (422,0) width 178: ". If this precise combination "
          text run at (600,0) width 180: "does not occur, then the user"
          text run at (0,18) width 230: "agent has failed this test. Remember "
          text run at (230,18) width 385: "that in order to ensure a complete test, the paragraph must be "
          text run at (615,18) width 147: "displayed on more than"
          text run at (0,36) width 288: "one line. Dummy text. Dummy text. Dummy "
          text run at (288,36) width 462: "text. Dummy text. Dummy text. Dummy text. Dummy text. Dummy text."
          text run at (0,54) width 491: "Dummy text. Dummy text. Dummy text. Dummy text. Dummy text. Dummy "
          text run at (491,54) width 288: "text. Dummy text. Dummy text. Dummy text."
          text run at (0,72) width 174: "Dummy text. Dummy text. "
          text run at (174,72) width 491: "Dummy text. Dummy text. Dummy text. Dummy text. Dummy text. Dummy "
          text run at (665,72) width 114: "text. Dummy text."
          text run at (0,90) width 170: "Dummy text. Dummy text."
      RenderBlock {P} at (0,124) size 784x127
        RenderText {#text} at (0,0) size 58x37
          text run at (0,0) width 58: "The "
        RenderInline {STRONG} at (0,0) size 115x37
          RenderText {#text} at (58,0) size 115x37
            text run at (58,0) width 115: "first line"
        RenderText {#text} at (173,0) size 774x55
          text run at (173,0) width 416: " of this paragraph, and only that "
          text run at (589,0) width 185: "one, should be"
          text run at (0,37) width 11: "a "
        RenderInline {STRONG} at (0,0) size 41x18
          RenderText {#text} at (11,37) size 41x18
            text run at (11,37) width 41: "larger"
        RenderText {#text} at (52,37) size 126x18
          text run at (52,37) width 126: " font size as well as "
        RenderInline {STRONG} at (0,0) size 38x18
          RenderText {#text} at (178,37) size 38x18
            text run at (178,37) width 38: "green"
        RenderText {#text} at (216,37) size 779x90
          text run at (216,37) width 278: ". If this precise combination does not occur, "
          text run at (494,37) width 237: "then the user agent has failed this test."
          text run at (0,55) width 169: "Remember that in order to "
          text run at (169,55) width 409: "ensure a complete test, the paragraph must be displayed on more "
          text run at (578,55) width 172: "than one line. Dummy text."
          text run at (0,73) width 261: "Dummy text. Dummy text. Dummy text. "
          text run at (261,73) width 491: "Dummy text. Dummy text. Dummy text. Dummy text. Dummy text. Dummy "
          text run at (752,73) width 27: "text."
          text run at (0,91) width 435: "Dummy text. Dummy text. Dummy text. Dummy text. Dummy text. "
          text run at (435,91) width 344: "Dummy text. Dummy text. Dummy text. Dummy text."
          text run at (0,109) width 143: "Dummy text. Dummy "
          text run at (143,109) width 466: "text. Dummy text. Dummy text. Dummy text. Dummy text. Dummy text. "
          text run at (609,109) width 170: "Dummy text. Dummy text."
      RenderBlock {P} at (0,267) size 784x108
        RenderText {#text} at (0,0) size 29x18
          text run at (0,0) width 29: "The "
        RenderInline {STRONG} at (0,0) size 62x18
          RenderText {#text} at (29,0) size 62x18
            text run at (29,0) width 62: "first line"
        RenderText {#text} at (91,0) size 402x18
          text run at (91,0) width 222: " of this paragraph, and only that "
          text run at (313,0) width 180: "one, should be displayed in "
        RenderInline {STRONG} at (0,0) size 73x18
          RenderText {#text} at (493,0) size 73x18
            text run at (493,0) width 73: "small-caps"
        RenderText {#text} at (566,0) size 115x18
          text run at (566,0) width 61: " style as "
          text run at (627,0) width 54: "well as "
        RenderInline {STRONG} at (0,0) size 39x18
          RenderText {#text} at (681,0) size 39x18
            text run at (681,0) width 39: "green"
        RenderText {#text} at (720,0) size 784x108
          text run at (720,0) width 58: ". Thus, if"
          text run at (0,18) width 132: "the first line is not in "
          text run at (132,18) width 341: "small-caps style, or if the entire paragraph turns out in "
          text run at (473,18) width 311: "small-caps, then the user agent has failed this test."
          text run at (0,36) width 87: "Dummy text. "
          text run at (87,36) width 491: "Dummy text. Dummy text. Dummy text. Dummy text. Dummy text. Dummy "
          text run at (578,36) width 201: "text. Dummy text. Dummy text."
          text run at (0,54) width 261: "Dummy text. Dummy text. Dummy text. "
          text run at (261,54) width 491: "Dummy text. Dummy text. Dummy text. Dummy text. Dummy text. Dummy "
          text run at (752,54) width 27: "text."
          text run at (0,72) width 435: "Dummy text. Dummy text. Dummy text. Dummy text. Dummy text. "
          text run at (435,72) width 344: "Dummy text. Dummy text. Dummy text. Dummy text."
          text run at (0,90) width 83: "Dummy text."
