layer at (0,0) size 800x600
  RenderView at (0,0) size 800x600
layer at (0,0) size 800x110
  RenderBlock {HTML} at (0,0) size 800x110
    RenderBody {BODY} at (8,8) size 784x86
      RenderBlock {DIV} at (0,0) size 784x18
        RenderText {#text} at (0,0) size 254x18
          text run at (0,0) width 254: "There should be two lines of text below."
      RenderBlock {P} at (0,34) size 784x18 [color=#FF0000]
        RenderText {#text} at (0,0) size 222x18
          text run at (0,0) width 222: "This line should be white on green."
      RenderBlock {P} at (0,68) size 784x18 [color=#FF0000]
        RenderText {#text} at (0,0) size 222x18
          text run at (0,0) width 222: "This line should be white on green."
