layer at (0,0) size 800x600
  RenderView at (0,0) size 800x600
layer at (0,0) size 800x50
  RenderBlock {HTML} at (0,0) size 800x50
    RenderBody {BODY} at (8,16) size 784x18
      RenderBlock {P} at (0,0) size 784x18
        RenderInline {A} at (0,0) size 333x18 [color=#0000FF]
          RenderText {#text} at (0,0) size 333x18
            text run at (0,0) width 333: "While you are activating this link, it should go green."
        RenderText {#text} at (333,0) size 420x18
          text run at (333,0) width 420: " Check that once you have stopped activating it, it goes blue again."
