layer at (0,0) size 800x600
  RenderView at (0,0) size 800x600
layer at (0,0) size 800x50
  RenderBlock {HTML} at (0,0) size 800x50
    RenderBody {BODY} at (8,16) size 784x18
      RenderBlock {P} at (0,0) size 784x18
        RenderInline {A} at (0,0) size 194x18 [color=#008000]
          RenderText {#text} at (0,0) size 194x18
            text run at (0,0) width 194: "This sentence should be green."
        RenderText {#text} at (194,0) size 267x18
          text run at (194,0) width 267: " Check that it remains green if you click it."
