layer at (0,0) size 800x600
  RenderView at (0,0) size 800x600
layer at (0,0) size 800x152
  RenderBlock {HTML} at (0,0) size 800x152
    RenderBody {BODY} at (8,16) size 784x120
      RenderBlock {P} at (0,0) size 784x18 [color=#008000]
        RenderText {#text} at (0,0) size 163x18
          text run at (0,0) width 163: "This line should be green."
      RenderBlock {P} at (0,34) size 784x18 [color=#008000]
        RenderText {#text} at (0,0) size 163x18
          text run at (0,0) width 163: "This line should be green."
      RenderBlock {P} at (0,68) size 784x18 [color=#008000]
        RenderText {#text} at (0,0) size 163x18
          text run at (0,0) width 163: "This line should be green."
      RenderBlock {P} at (0,102) size 784x18 [color=#008000]
        RenderText {#text} at (0,0) size 163x18
          text run at (0,0) width 163: "This line should be green."
