layer at (0,0) size 800x600
  RenderView at (0,0) size 800x600
layer at (0,0) size 800x116
  RenderBlock {HTML} at (0,0) size 800x116
    RenderBody {BODY} at (8,16) size 784x84
      RenderBlock {P} at (0,0) size 784x18 [color=#000080]
        RenderText {#text} at (0,0) size 289x18
          text run at (0,0) width 289: "The following two blocks should be identical:"
      RenderBlock {DIV} at (15,34) size 135x15 [color=#FFFF00] [bgcolor=#FFA500]
        RenderText {#text} at (0,0) size 15x15
          text run at (0,0) width 15: "x"
        RenderInline {SPAN} at (0,0) size 60x15
          RenderText {#text} at (60,0) size 15x15
            text run at (60,0) width 15: "x"
        RenderText {#text} at (75,0) size 15x15
          text run at (75,0) width 15: "x"
      RenderBlock {P} at (0,65) size 784x19 [color=#000080]
        RenderImage {IMG} at (0,0) size 15x15
        RenderImage {IMG} at (15,0) size 15x15
        RenderImage {IMG} at (30,0) size 15x15
        RenderImage {IMG} at (45,0) size 15x15
        RenderImage {IMG} at (60,0) size 15x15
        RenderImage {IMG} at (75,0) size 15x15
        RenderImage {IMG} at (90,0) size 15x15
        RenderImage {IMG} at (105,0) size 15x15
        RenderImage {IMG} at (120,0) size 15x15
        RenderImage {IMG} at (135,0) size 15x15
        RenderText {#text} at (0,0) size 0x0
