layer at (0,0) size 800x600
  RenderView at (0,0) size 800x600
layer at (0,0) size 800x118
  RenderBlock {HTML} at (0,0) size 800x118
    RenderBody {BODY} at (8,16) size 784x86
      RenderBlock {P} at (0,0) size 784x18
        RenderText {#text} at (0,0) size 240x18
          text run at (0,0) width 240: "The next two bars should be identical:"
      RenderBlock {DIV} at (160,34) size 160x18
        RenderBlock {P} at (-80,0) size 240x18 [color=#FFFF00] [bgcolor=#000080]
          RenderText {#text} at (0,0) size 39x18
            text run at (0,0) width 39: "TEST"
      RenderBlock {DIV} at (80,68) size 240x18 [color=#FFFF00] [bgcolor=#000080]
        RenderText {#text} at (0,0) size 39x18
          text run at (0,0) width 39: "TEST"
