layer at (0,0) size 802x585
  RenderView at (0,0) size 800x585
layer at (0,0) size 800x32
  RenderBlock {HTML} at (0,0) size 800x32
    RenderBody {BODY} at (8,-2) size 784x36
      RenderBlock {P} at (-10,0) size 804x36 [color=#000080]
        RenderBR {BR} at (0,0) size 0x18
        RenderText {#text} at (0,18) size 294x18
          text run at (0,18) width 294: "  This page should have a horizontal scroll bar."
