layer at (0,0) size 800x600
  RenderView at (0,0) size 800x600
layer at (0,0) size 800x318
  RenderBlock {HTML} at (0,0) size 800x318
    RenderBody {BODY} at (8,8) size 784x302
      RenderBlock {DIV} at (0,0) size 784x18
        RenderText {#text} at (0,0) size 341x18
          text run at (0,0) width 341: "The blue bits of text should be decorated as described."
      RenderBlock {P} at (0,34) size 784x234 [color=#C0C0C0]
        RenderText {#text} at (0,0) size 759x72
          text run at (0,0) width 474: "dummy text dummy text dummy text dummy text dummy text dummy text "
          text run at (474,0) width 285: "dummy text dummy text dummy text dummy"
          text run at (0,18) width 185: "text dummy text dummy text "
          text run at (185,18) width 474: "dummy text dummy text dummy text dummy text dummy text dummy text "
          text run at (659,18) width 75: "dummy text"
          text run at (0,36) width 395: "dummy text dummy text dummy text dummy text dummy text "
          text run at (395,36) width 364: "dummy text dummy text dummy text dummy text dummy"
          text run at (0,54) width 106: "text dummy text "
          text run at (106,54) width 474: "dummy text dummy text dummy text dummy text dummy text dummy text "
        RenderInline {SPAN} at (0,0) size 130x28 [color=#0000FF] [border: (10px double #0000FF) none]
          RenderText {#text} at (580,54) size 130x18
            text run at (580,54) width 130: "two blue lines above"
        RenderText {#text} at (710,54) size 762x108
          text run at (710,54) width 52: " dummy"
          text run at (0,72) width 106: "text dummy text "
          text run at (106,72) width 474: "dummy text dummy text dummy text dummy text dummy text dummy text "
          text run at (580,72) width 154: "dummy text dummy text"
          text run at (0,90) width 316: "dummy text dummy text dummy text dummy text "
          text run at (316,90) width 443: "dummy text dummy text dummy text dummy text dummy text dummy"
          text run at (0,108) width 27: "text "
          text run at (27,108) width 474: "dummy text dummy text dummy text dummy text dummy text dummy text "
          text run at (501,108) width 233: "dummy text dummy text dummy text"
          text run at (0,126) width 237: "dummy text dummy text dummy text "
          text run at (237,126) width 474: "dummy text dummy text dummy text dummy text dummy text dummy text "
          text run at (711,126) width 48: "dummy"
          text run at (0,144) width 106: "text dummy text "
        RenderInline {SPAN} at (0,0) size 151x19 [color=#0000FF] [border: (1px solid #0000FF) none]
          RenderText {#text} at (106,144) size 151x18
            text run at (106,144) width 113: "one thin blue line "
            text run at (219,144) width 38: "above"
        RenderText {#text} at (257,144) size 783x90
          text run at (257,144) width 399: " dummy text dummy text dummy text dummy text dummy text "
          text run at (656,144) width 127: "dummy text dummy"
          text run at (0,162) width 343: "text dummy text dummy text dummy text dummy text "
          text run at (343,162) width 391: "dummy text dummy text dummy text dummy text dummy text"
          text run at (0,180) width 79: "dummy text "
          text run at (79,180) width 474: "dummy text dummy text dummy text dummy text dummy text dummy text "
          text run at (553,180) width 206: "dummy text dummy text dummy"
          text run at (0,198) width 264: "text dummy text dummy text dummy text "
          text run at (264,198) width 470: "dummy text dummy text dummy text dummy text dummy text dummy text"
          text run at (0,216) width 312: "dummy text dummy text dummy text dummy text"
      RenderBlock {DIV} at (0,284) size 784x18
        RenderText {#text} at (0,0) size 416x18
          text run at (0,0) width 416: "(All the lines of text in the block above should be equally spaced.)"
