layer at (0,0) size 800x600
  RenderView at (0,0) size 800x600
layer at (0,0) size 800x86
  RenderBlock {HTML} at (0,0) size 800x86
    RenderBody {BODY} at (8,16) size 784x54
      RenderBlock {P} at (0,0) size 176x54 [bgcolor=#FFFFFF] [border: none (16px solid #008000)]
        RenderText {#text} at (16,0) size 152x54
          text run at (16,0) width 152: "There should be a green"
          text run at (16,18) width 141: "block to the left of this"
          text run at (16,36) width 27: "text."
