layer at (0,0) size 800x600
  RenderView at (0,0) size 800x600
layer at (0,0) size 800x290
  RenderBlock {HTML} at (0,0) size 800x290
    RenderBody {BODY} at (8,16) size 784x258 [color=#0000FF]
      RenderBlock {P} at (0,0) size 784x36
        RenderText {#text} at (0,0) size 496x18
          text run at (0,0) width 496: "There should be a solid blue line directly under every occurrence of the word \""
        RenderInline {SPAN} at (0,0) size 55x20 [border: none (2px solid #0000FF) none]
          RenderText {#text} at (496,0) size 55x18
            text run at (496,0) width 55: "HERE \x{21E9}"
        RenderText {#text} at (551,0) size 784x36
          text run at (551,0) width 233: "\". (So there should be 8 blue lines on"
          text run at (0,18) width 65: "this page.)"
      RenderTable {TABLE} at (0,52) size 126x76
        RenderTableSection {TBODY} at (0,0) size 126x76
          RenderTableRow {TR} at (0,2) size 126x22
            RenderTableCell {TD} at (2,2) size 122x22 [border: none (2px solid #0000FF) none] [r=0 c=0 rs=1 cs=2]
              RenderText {#text} at (33,1) size 56x18
                text run at (33,1) width 56: "HERE \x{21E9}"
          RenderTableRow {TR} at (0,26) size 126x48
            RenderTableCell {TD} at (2,39) size 57x22 [border: none (2px solid #0000FF) none] [r=1 c=0 rs=1 cs=1]
              RenderText {#text} at (1,1) size 55x18
                text run at (1,1) width 55: "HERE \x{21E9}"
            RenderTableCell {TD} at (61,26) size 63x48 [border: none (2px solid #0000FF) none] [r=1 c=1 rs=1 cs=1]
              RenderTable {TABLE} at (1,1) size 61x26
                RenderTableSection {TBODY} at (0,0) size 61x26
                  RenderTableRow {TR} at (0,2) size 61x22
                    RenderTableCell {TD} at (2,2) size 57x22 [border: none (2px solid #0000FF) none] [r=0 c=0 rs=1 cs=1]
                      RenderText {#text} at (1,1) size 55x18
                        text run at (1,1) width 55: "HERE \x{21E9}"
              RenderBlock (anonymous) at (1,27) size 61x18
                RenderText {#text} at (3,0) size 55x18
                  text run at (3,0) width 55: "HERE \x{21E9}"
      RenderBlock {UL} at (0,144) size 784x114
        RenderListItem {LI} at (40,0) size 744x74 [border: none (2px solid #0000FF) none]
          RenderBlock {UL} at (0,0) size 744x54
            RenderListItem {LI} at (40,0) size 704x18
              RenderListMarker at (-17,0) size 7x18: white bullet
              RenderListMarker at (-57,0) size 7x18: bullet
              RenderText {#text} at (0,0) size 75x18
                text run at (0,0) width 75: "dummy text"
            RenderListItem {LI} at (40,18) size 704x18
              RenderListMarker at (-17,0) size 7x18: white bullet
              RenderText {#text} at (0,0) size 75x18
                text run at (0,0) width 75: "dummy text"
            RenderListItem {LI} at (40,36) size 704x18
              RenderListMarker at (-17,0) size 7x18: white bullet
              RenderText {#text} at (0,0) size 75x18
                text run at (0,0) width 75: "dummy text"
          RenderBlock (anonymous) at (0,54) size 744x18
            RenderText {#text} at (0,0) size 55x18
              text run at (0,0) width 55: "HERE \x{21E9}"
        RenderListItem {LI} at (40,74) size 744x20 [border: none (2px solid #0000FF) none]
          RenderListMarker at (-17,0) size 7x18: bullet
          RenderText {#text} at (0,0) size 55x18
            text run at (0,0) width 55: "HERE \x{21E9}"
        RenderListItem {LI} at (40,94) size 744x20 [border: none (2px solid #0000FF) none]
          RenderListMarker at (-17,0) size 7x18: bullet
          RenderText {#text} at (0,0) size 55x18
            text run at (0,0) width 55: "HERE \x{21E9}"
