layer at (0,0) size 800x600
  RenderView at (0,0) size 800x600
layer at (0,0) size 800x52
  RenderBlock {HTML} at (0,0) size 800x52
    RenderBody {BODY} at (8,8) size 784x36
      RenderBlock {DIV} at (0,0) size 784x36
        RenderBlock {DIV} at (0,0) size 784x36 [color=#008000] [border: (15px solid #008000) (3px solid #008000)]
          RenderText {#text} at (3,15) size 230x18
            text run at (3,15) width 230: "There should be no red on this page."
