layer at (0,0) size 800x600
  RenderView at (0,0) size 800x600
layer at (0,0) size 800x150
  RenderBlock {HTML} at (0,0) size 800x150
    RenderBody {BODY} at (8,16) size 784x124 [color=#000080]
      RenderBlock {P} at (0,0) size 784x18
        RenderText {#text} at (0,0) size 291x18
          text run at (0,0) width 291: "The five \"matches\" below should be identical."
      RenderBlock {DIV} at (0,34) size 200x90 [color=#FFA500]
        RenderBlock {P} at (0,0) size 200x10 [bgcolor=#A52A2A]
          RenderText {#text} at (142,0) size 10x10
            text run at (142,0) width 10: "x"
          RenderImage {IMG} at (152,0) size 48x10
          RenderText {#text} at (0,0) size 0x0
        RenderBlock {P} at (0,20) size 152x10 [bgcolor=#A52A2A]
          RenderText {#text} at (142,0) size 10x10
            text run at (142,0) width 10: "x"
        RenderBlock {P} at (0,40) size 152x10 [bgcolor=#A52A2A]
          RenderText {#text} at (142,0) size 10x10
            text run at (142,0) width 10: "x"
        RenderBlock {P} at (0,60) size 152x10 [bgcolor=#A52A2A]
          RenderText {#text} at (142,0) size 10x10
            text run at (142,0) width 10: "x"
        RenderBlock {P} at (0,80) size 152x10 [bgcolor=#A52A2A]
          RenderText {#text} at (142,0) size 10x10
            text run at (142,0) width 10: "x"
