layer at (0,0) size 800x600
  RenderView at (0,0) size 800x600
layer at (0,0) size 800x242
  RenderBlock {HTML} at (0,0) size 800x242
    RenderBody {BODY} at (8,16) size 784x210
      RenderBlock {P} at (20,0) size 764x97 [color=#0000FF] [border: none (10px double #0000FF)]
        RenderText {#text} at (10,4) size 356x17
          text run at (10,4) width 356: "\x{21E6} This paragraph should have two blue lines on its left. "
        RenderInline {SPAN} at (0,0) size 747x92 [color=#C0C0C0]
          RenderText {#text} at (366,4) size 747x92
            text run at (366,4) width 391: "dummy text dummy text dummy text dummy text dummy text"
            text run at (10,25) width 52: "dummy "
            text run at (62,25) width 474: "text dummy text dummy text dummy text dummy text dummy text dummy "
            text run at (536,25) width 181: "text dummy text dummy text"
            text run at (10,43) width 289: "dummy text dummy text dummy text dummy "
            text run at (299,43) width 418: "text dummy text dummy text dummy text dummy text dummy text"
            text run at (10,61) width 52: "dummy "
            text run at (62,61) width 474: "text dummy text dummy text dummy text dummy text dummy text dummy "
            text run at (536,61) width 181: "text dummy text dummy text"
            text run at (10,79) width 154: "dummy text dummy text"
        RenderText {#text} at (0,0) size 0x0
      RenderBlock {P} at (20,113) size 764x97 [color=#0000FF] [border: none (1px solid #0000FF)]
        RenderText {#text} at (1,4) size 361x17
          text run at (1,4) width 361: "\x{21E6} This paragraph should have a thin blue line on its left. "
        RenderInline {SPAN} at (0,0) size 759x92 [color=#C0C0C0]
          RenderText {#text} at (362,4) size 759x92
            text run at (362,4) width 391: "dummy text dummy text dummy text dummy text dummy text"
            text run at (1,25) width 52: "dummy "
            text run at (53,25) width 474: "text dummy text dummy text dummy text dummy text dummy text dummy "
            text run at (527,25) width 233: "text dummy text dummy text dummy"
            text run at (1,43) width 237: "text dummy text dummy text dummy "
            text run at (238,43) width 474: "text dummy text dummy text dummy text dummy text dummy text dummy "
            text run at (712,43) width 23: "text"
            text run at (1,61) width 447: "dummy text dummy text dummy text dummy text dummy text dummy "
            text run at (448,61) width 312: "text dummy text dummy text dummy text dummy"
            text run at (1,79) width 23: "text"
        RenderText {#text} at (0,0) size 0x0
