layer at (0,0) size 800x600
  RenderView at (0,0) size 800x600
layer at (0,0) size 800x246
  RenderBlock {HTML} at (0,0) size 800x246
    RenderBody {BODY} at (8,16) size 784x214 [color=#0000FF]
      RenderBlock {P} at (0,0) size 784x37
        RenderText {#text} at (0,15) size 480x18
          text run at (0,15) width 480: "There should be a solid blue line to the left of every occurance of the word \""
        RenderInline {SPAN} at (0,0) size 122x37 [border: none (2px solid #0000FF)]
          RenderText {#text} at (482,0) size 120x37
            text run at (482,0) width 120: "\x{21E6}THERE"
        RenderText {#text} at (602,15) size 11x18
          text run at (602,15) width 11: "\"."
      RenderTable {TABLE} at (0,53) size 262x127
        RenderTableSection {TBODY} at (0,0) size 262x127
          RenderTableRow {TR} at (0,2) size 262x39
            RenderTableCell {TD} at (2,2) size 258x39 [border: none (2px solid #0000FF)] [r=0 c=0 rs=1 cs=2]
              RenderText {#text} at (3,1) size 120x37
                text run at (3,1) width 120: "\x{21E6}THERE"
          RenderTableRow {TR} at (0,43) size 262x82
            RenderTableCell {TD} at (2,64) size 124x40 [border: none (2px solid #0000FF)] [r=1 c=0 rs=1 cs=1]
              RenderText {#text} at (3,0) size 120x39
                text run at (3,1) width 120: "\x{21E6}THERE"
            RenderTableCell {TD} at (128,43) size 132x82 [border: none (2px solid #0000FF)] [r=1 c=1 rs=1 cs=1]
              RenderBlock (anonymous) at (3,1) size 128x37
                RenderText {#text} at (0,0) size 120x37
                  text run at (0,0) width 120: "\x{21E6}THERE"
              RenderTable {TABLE} at (3,38) size 128x43
                RenderTableSection {TBODY} at (0,0) size 128x43
                  RenderTableRow {TR} at (0,2) size 128x39
                    RenderTableCell {TD} at (2,2) size 124x39 [border: none (2px solid #0000FF)] [r=0 c=0 rs=1 cs=1]
                      RenderText {#text} at (3,1) size 120x37
                        text run at (3,1) width 120: "\x{21E6}THERE"
      RenderBlock {P} at (0,196) size 784x18
        RenderText {#text} at (0,0) size 337x18
          text run at (0,0) width 337: "There should be 3 short lines and 2 long lines in total."
