layer at (0,0) size 800x600
  RenderView at (0,0) size 800x600
layer at (0,0) size 800x110
  RenderBlock {HTML} at (0,0) size 800x110
    RenderBody {BODY} at (8,16) size 784x79
      RenderBlock {P} at (0,0) size 784x18
        RenderText {#text} at (0,0) size 223x18
          text run at (0,0) width 223: "There should be a green bar below:"
      RenderBlock {DIV} at (15,34) size 120x45 [bgcolor=#008000]
        RenderBlock {P} at (0,0) size 120x30 [color=#FFFFFF] [bgcolor=#FFFFFF]
          RenderText {#text} at (0,0) size 105x15
            text run at (0,0) width 105: "x x x x"
          RenderInline {SPAN} at (0,0) size 15x15
            RenderText {#text} at (105,0) size 15x15
              text run at (105,0) width 15: "x"
          RenderText {#text} at (60,0) size 105x30
            text run at (60,0) width 45: "x x"
            text run at (0,15) width 105: "x x x x"
