layer at (0,0) size 800x600
  RenderView at (0,0) size 800x600
layer at (0,0) size 800x118
  RenderBlock {HTML} at (0,0) size 800x118
    RenderBody {BODY} at (8,16) size 784x94
      RenderBlock {P} at (0,0) size 784x18
        RenderText {#text} at (0,0) size 223x18
          text run at (0,0) width 223: "There should be a green bar below:"
      RenderBlock {DIV} at (0,34) size 120x60 [color=#FFFFFF]
        RenderText {#text} at (0,0) size 100x20
          text run at (0,0) width 100: "xx xx"
        RenderInline {SPAN} at (0,0) size 40x20 [color=#FF0000]
          RenderText {#text} at (0,20) size 40x20
            text run at (0,20) width 40: "xx"
        RenderText {#text} at (40,20) size 60x20
          text run at (40,20) width 60: " xx"
        RenderInline {SPAN} at (0,0) size 40x40 [bgcolor=#008000]
          RenderText {#text} at (0,40) size 40x20
            text run at (0,40) width 40: "xx"
        RenderText {#text} at (40,40) size 60x20
          text run at (40,40) width 60: " xx"
