layer at (0,0) size 800x600
  RenderView at (0,0) size 800x600
layer at (0,0) size 800x388
  RenderBlock {HTML} at (0,0) size 800x388
    RenderBody {BODY} at (8,16) size 784x356
      RenderBlock {P} at (0,0) size 784x18 [color=#0000FF]
        RenderText {#text} at (0,0) size 226x18
          text run at (0,0) width 226: "The borders should be as described."
      RenderBlock {P} at (0,34) size 784x24 [color=#0000FF] [border: (3px solid #FFA500)]
        RenderText {#text} at (3,3) size 112x18
          text run at (3,3) width 112: "Orange and solid."
      RenderBlock {P} at (0,74) size 784x28 [color=#0000FF] [border: (5px outset #FFA500)]
        RenderText {#text} at (5,5) size 119x18
          text run at (5,5) width 119: "Orange and outset."
      RenderBlock {P} at (0,118) size 784x28 [color=#0000FF] [border: (5px inset #FFA500)]
        RenderText {#text} at (5,5) size 111x18
          text run at (5,5) width 111: "Orange and inset."
      RenderBlock {P} at (0,162) size 784x38 [color=#0000FF] [border: (10px ridge #FFA500)]
        RenderText {#text} at (10,10) size 122x18
          text run at (10,10) width 122: "Orange and ridged."
      RenderBlock {P} at (0,216) size 784x38 [color=#0000FF] [border: (10px double #FFA500)]
        RenderText {#text} at (10,10) size 125x18
          text run at (10,10) width 125: "Orange and double."
      RenderBlock {P} at (0,270) size 784x18 [color=#0000FF]
        RenderText {#text} at (0,0) size 69x18
          text run at (0,0) width 69: "No border."
      RenderBlock {P} at (0,304) size 784x18 [color=#0000FF]
        RenderText {#text} at (0,0) size 69x18
          text run at (0,0) width 69: "No border."
      RenderBlock {P} at (0,338) size 784x18 [color=#0000FF]
        RenderText {#text} at (0,0) size 69x18
          text run at (0,0) width 69: "No border."
