layer at (0,0) size 800x600
  RenderView at (0,0) size 800x600
layer at (0,0) size 800x246
  RenderBlock {HTML} at (0,0) size 800x246
    RenderBody {BODY} at (8,48) size 784x150
      RenderBlock {P} at (48,0) size 688x18
        RenderInline {SPAN} at (0,0) size 241x24 [border: (3px solid #008000)]
          RenderText {#text} at (3,0) size 235x18
            text run at (3,0) width 235: "This box should have a green border."
        RenderText {#text} at (0,0) size 0x0
      RenderBlock {P} at (48,66) size 688x18
        RenderInline {SPAN} at (0,0) size 241x24 [border: (3px solid #008000)]
          RenderText {#text} at (3,0) size 235x18
            text run at (3,0) width 235: "This box should have a green border."
        RenderText {#text} at (0,0) size 0x0
      RenderBlock {P} at (48,132) size 688x18
        RenderInline {SPAN} at (0,0) size 596x82 [border: (32px solid #800080) (32px solid #008000) (32px solid #0000FF) (32px solid #FFFF00)]
          RenderText {#text} at (32,0) size 532x18
            text run at (32,0) width 532: "Clockwise from top, the borders should be: PURPLE, GREEN, BLUE, YELLOW."
        RenderText {#text} at (0,0) size 0x0
