layer at (0,0) size 800x600
  RenderView at (0,0) size 800x600
layer at (0,0) size 800x524
  RenderBlock {HTML} at (0,0) size 800x524
    RenderBody {BODY} at (8,16) size 784x492
      RenderBlock {P} at (0,0) size 784x18
        RenderText {#text} at (0,0) size 269x18
          text run at (0,0) width 269: "The borders below should be as described:"
      RenderBlock {P} at (0,34) size 784x28 [border: (5px dotted #000080)]
        RenderText {#text} at (5,5) size 104x18
          text run at (5,5) width 104: "Blue and dotted."
      RenderBlock {P} at (0,78) size 784x28 [border: (5px dashed #000080)]
        RenderText {#text} at (5,5) size 109x18
          text run at (5,5) width 109: "Blue and dashed."
      RenderBlock {P} at (0,122) size 784x28 [border: (5px solid #000080)]
        RenderText {#text} at (5,5) size 95x18
          text run at (5,5) width 95: "Blue and solid."
      RenderBlock {P} at (0,166) size 784x28 [border: (5px double #000080)]
        RenderText {#text} at (5,5) size 108x18
          text run at (5,5) width 108: "Blue and double."
      RenderBlock {P} at (0,210) size 784x28 [border: (5px groove #FFA500)]
        RenderText {#text} at (5,5) size 126x18
          text run at (5,5) width 126: "Orange and groove."
      RenderBlock {P} at (0,254) size 784x28 [border: (5px ridge #FFA500)]
        RenderText {#text} at (5,5) size 114x18
          text run at (5,5) width 114: "Orange and ridge."
      RenderBlock {P} at (0,298) size 784x28 [border: (5px inset #FFA500)]
        RenderText {#text} at (5,5) size 111x18
          text run at (5,5) width 111: "Orange and inset."
      RenderBlock {P} at (0,342) size 784x28 [border: (5px outset #FFA500)]
        RenderText {#text} at (5,5) size 119x18
          text run at (5,5) width 119: "Orange and outset."
      RenderBlock {P} at (0,386) size 784x28 [border: (5px double #0000FF) (5px groove #0000FF) (5px double #0000FF) (5px groove #0000FF)]
        RenderText {#text} at (5,5) size 475x18
          text run at (5,5) width 475: "Blue and double on top and bottom; Blue and grooved on the left and right."
      RenderBlock {P} at (0,430) size 784x28 [border: (5px dotted #0000FF) (5px double #0000FF) (5px dashed #0000FF) (5px solid #0000FF)]
        RenderText {#text} at (5,5) size 521x18
          text run at (5,5) width 521: "Blue borders which are, in clockwise order from top: dotted, double, dashed, solid."
      RenderBlock {P} at (0,474) size 784x18
        RenderText {#text} at (0,0) size 278x18
          text run at (0,0) width 278: "This paragraph should have no border at all."
