layer at (0,0) size 800x600
  RenderView at (0,0) size 800x600
layer at (0,0) size 800x339
  RenderBlock {HTML} at (0,0) size 800x339
    RenderBody {BODY} at (8,16) size 784x307 [color=#0000FF]
      RenderBlock {P} at (0,0) size 784x43
        RenderText {#text} at (0,4) size 483x17
          text run at (0,4) width 483: "There should be a solid blue line directly over every occurance of the word \""
        RenderInline {SPAN} at (0,0) size 60x19 [border: (2px solid #0000FF) none]
          RenderText {#text} at (482,4) size 60x17
            text run at (482,4) width 60: "HERE \x{21E7}"
        RenderText {#text} at (541,4) size 775x38
          text run at (541,4) width 234: "\". (So there should be 8 blue lines on"
          text run at (0,25) width 65: "this page.)"
      RenderTable {TABLE} at (0,59) size 135x97
        RenderTableSection {TBODY} at (0,0) size 135x97
          RenderTableRow {TR} at (0,2) size 135x29
            RenderTableCell {TD} at (2,2) size 131x29 [border: (2px solid #0000FF) none] [r=0 c=0 rs=1 cs=2]
              RenderText {#text} at (35,7) size 61x17
                text run at (35,7) width 61: "HERE \x{21E7}"
          RenderTableRow {TR} at (0,33) size 135x62
            RenderTableCell {TD} at (2,49) size 62x30 [border: (2px solid #0000FF) none] [r=1 c=0 rs=1 cs=1]
              RenderText {#text} at (1,6) size 60x19
                text run at (1,7) width 60: "HERE \x{21E7}"
            RenderTableCell {TD} at (65,33) size 68x62 [border: (2px solid #0000FF) none] [r=1 c=1 rs=1 cs=1]
              RenderBlock (anonymous) at (1,3) size 66x25
                RenderText {#text} at (3,4) size 60x17
                  text run at (3,4) width 60: "HERE \x{21E7}"
              RenderTable {TABLE} at (1,28) size 66x33
                RenderTableSection {TBODY} at (0,0) size 66x33
                  RenderTableRow {TR} at (0,2) size 66x29
                    RenderTableCell {TD} at (2,2) size 62x29 [border: (2px solid #0000FF) none] [r=0 c=0 rs=1 cs=1]
                      RenderText {#text} at (1,7) size 60x17
                        text run at (1,7) width 60: "HERE \x{21E7}"
      RenderBlock {UL} at (0,172) size 784x135
        RenderListItem {LI} at (40,0) size 744x81 [border: (2px solid #0000FF) none]
          RenderBlock (anonymous) at (0,2) size 744x25
            RenderListMarker at (-17,4) size 7x17: bullet
            RenderText {#text} at (0,4) size 60x17
              text run at (0,4) width 60: "HERE \x{21E7}"
          RenderBlock {UL} at (0,27) size 744x54
            RenderListItem {LI} at (40,0) size 704x18
              RenderListMarker at (-17,0) size 7x17: white bullet
              RenderText {#text} at (0,0) size 75x17
                text run at (0,0) width 75: "dummy text"
            RenderListItem {LI} at (40,18) size 704x18
              RenderListMarker at (-17,0) size 7x17: white bullet
              RenderText {#text} at (0,0) size 75x17
                text run at (0,0) width 75: "dummy text"
            RenderListItem {LI} at (40,36) size 704x18
              RenderListMarker at (-17,0) size 7x17: white bullet
              RenderText {#text} at (0,0) size 75x17
                text run at (0,0) width 75: "dummy text"
        RenderListItem {LI} at (40,81) size 744x27 [border: (2px solid #0000FF) none]
          RenderListMarker at (-17,6) size 7x17: bullet
          RenderText {#text} at (0,6) size 60x17
            text run at (0,6) width 60: "HERE \x{21E7}"
        RenderListItem {LI} at (40,108) size 744x27 [border: (2px solid #0000FF) none]
          RenderListMarker at (-17,6) size 7x17: bullet
          RenderText {#text} at (0,6) size 60x17
            text run at (0,6) width 60: "HERE \x{21E7}"
