layer at (0,0) size 800x600
  RenderView at (0,0) size 800x600
layer at (0,0) size 800x390
  RenderBlock {HTML} at (0,0) size 800x390
    RenderBody {BODY} at (8,16) size 784x364 [color=#000080]
      RenderBlock {P} at (0,0) size 784x18
        RenderText {#text} at (0,0) size 283x18
          text run at (0,0) width 283: "The five diagrams below should be identical."
      RenderBlock {DIV} at (0,34) size 138x330 [color=#FFA500]
        RenderBlock {P} at (0,0) size 138x58 [bgcolor=#FF0000] [border: (24px solid #FFFF00)]
          RenderImage {IMG} at (24,24) size 10x10
          RenderImage {IMG} at (34,24) size 10x10
          RenderImage {IMG} at (44,24) size 10x10
          RenderImage {IMG} at (54,24) size 10x10
          RenderImage {IMG} at (64,24) size 10x10
          RenderImage {IMG} at (74,24) size 10x10
          RenderImage {IMG} at (84,24) size 10x10
          RenderImage {IMG} at (94,24) size 10x10
          RenderImage {IMG} at (104,24) size 10x10
          RenderText {#text} at (0,0) size 0x0
        RenderBlock {P} at (0,68) size 138x58 [bgcolor=#FFFF00]
          RenderText {#text} at (24,24) size 90x10
            text run at (24,24) width 90: "x x x x x"
        RenderBlock {P} at (0,136) size 138x58 [bgcolor=#FFFF00]
          RenderText {#text} at (24,24) size 90x10
            text run at (24,24) width 90: "x x x x x"
        RenderBlock {P} at (0,204) size 138x58 [bgcolor=#FFFF00]
          RenderText {#text} at (24,24) size 90x10
            text run at (24,24) width 90: "x x x x x"
        RenderBlock {P} at (0,272) size 138x58 [bgcolor=#FFFF00]
          RenderText {#text} at (23,24) size 91x10
            text run at (23,24) width 91: "x x x x x"
