layer at (0,0) size 800x600
  RenderView at (0,0) size 800x600
layer at (0,0) size 800x318
  RenderBlock {HTML} at (0,0) size 800x318
    RenderBody {BODY} at (8,8) size 784x302
      RenderBlock {DIV} at (0,0) size 784x18
        RenderText {#text} at (0,0) size 341x18
          text run at (0,0) width 341: "The blue bits of text should be decorated as described."
      RenderBlock {P} at (0,34) size 784x234 [color=#C0C0C0]
        RenderText {#text} at (0,0) size 759x54
          text run at (0,0) width 474: "dummy text dummy text dummy text dummy text dummy text dummy text "
          text run at (474,0) width 285: "dummy text dummy text dummy text dummy"
          text run at (0,18) width 185: "text dummy text dummy text "
          text run at (185,18) width 474: "dummy text dummy text dummy text dummy text dummy text dummy text "
          text run at (659,18) width 75: "dummy text"
          text run at (0,36) width 395: "dummy text dummy text dummy text dummy text dummy text "
        RenderInline {SPAN} at (0,0) size 759x36 [color=#0000FF] [border: none (10px double #0000FF) none]
          RenderInline {SPAN} at (0,0) size 759x36 [color=#C0C0C0]
            RenderText {#text} at (395,36) size 759x36
              text run at (395,36) width 316: "dummy text dummy text dummy text dummy text "
              text run at (711,36) width 48: "dummy"
              text run at (0,54) width 422: "text dummy text dummy text dummy text dummy text dummy text "
              text run at (422,54) width 154: "dummy text dummy text"
          RenderText {#text} at (576,54) size 131x18
            text run at (576,54) width 131: " two blue lines here: "
        RenderText {#text} at (717,54) size 765x108
          text run at (717,54) width 48: "dummy"
          text run at (0,72) width 474: "text dummy text dummy text dummy text dummy text dummy text dummy "
          text run at (474,72) width 260: "text dummy text dummy text dummy text"
          text run at (0,90) width 210: "dummy text dummy text dummy "
          text run at (210,90) width 474: "text dummy text dummy text dummy text dummy text dummy text dummy "
          text run at (684,90) width 75: "text dummy"
          text run at (0,108) width 395: "text dummy text dummy text dummy text dummy text dummy "
          text run at (395,108) width 339: "text dummy text dummy text dummy text dummy text"
          text run at (0,126) width 131: "dummy text dummy "
          text run at (131,126) width 474: "text dummy text dummy text dummy text dummy text dummy text dummy "
          text run at (605,126) width 154: "text dummy text dummy"
          text run at (0,144) width 106: "text dummy text "
        RenderInline {SPAN} at (0,0) size 149x18 [color=#0000FF] [border: none (1px solid #0000FF) none]
          RenderText {#text} at (106,144) size 148x18
            text run at (106,144) width 55: "one thin "
            text run at (161,144) width 93: "blue line here: "
        RenderText {#text} at (255,144) size 777x90
          text run at (255,144) width 316: "dummy text dummy text dummy text dummy text "
          text run at (571,144) width 206: "dummy text dummy text dummy"
          text run at (0,162) width 264: "text dummy text dummy text dummy text "
          text run at (264,162) width 470: "dummy text dummy text dummy text dummy text dummy text dummy text"
          text run at (0,180) width 474: "dummy text dummy text dummy text dummy text dummy text dummy text "
          text run at (474,180) width 285: "dummy text dummy text dummy text dummy"
          text run at (0,198) width 185: "text dummy text dummy text "
          text run at (185,198) width 474: "dummy text dummy text dummy text dummy text dummy text dummy text "
          text run at (659,198) width 75: "dummy text"
          text run at (0,216) width 312: "dummy text dummy text dummy text dummy text"
      RenderBlock {DIV} at (0,284) size 784x18
        RenderText {#text} at (0,0) size 416x18
          text run at (0,0) width 416: "(All the lines of text in the block above should be equally spaced.)"
