layer at (0,0) size 800x600
  RenderView at (0,0) size 800x600
layer at (0,0) size 800x318
  RenderBlock {HTML} at (0,0) size 800x318
    RenderBody {BODY} at (8,8) size 784x302
      RenderBlock {DIV} at (0,0) size 784x18
        RenderText {#text} at (0,0) size 341x18
          text run at (0,0) width 341: "The blue bits of text should be decorated as described."
      RenderBlock {P} at (0,34) size 784x234 [color=#C0C0C0]
        RenderText {#text} at (0,0) size 759x54
          text run at (0,0) width 474: "dummy text dummy text dummy text dummy text dummy text dummy text "
          text run at (474,0) width 285: "dummy text dummy text dummy text dummy"
          text run at (0,18) width 185: "text dummy text dummy text "
          text run at (185,18) width 474: "dummy text dummy text dummy text dummy text dummy text dummy text "
          text run at (659,18) width 75: "dummy text"
          text run at (0,36) width 395: "dummy text dummy text dummy text dummy text dummy text "
        RenderInline {SPAN} at (0,0) size 778x36 [color=#0000FF] [border: none (10px double #0000FF)]
          RenderText {#text} at (405,36) size 167x18
            text run at (405,36) width 167: "\x{21E6} two blue lines to the left "
          RenderInline {SPAN} at (0,0) size 778x36 [color=#C0C0C0]
            RenderText {#text} at (572,36) size 778x36
              text run at (572,36) width 52: "dummy "
              text run at (624,36) width 154: "text dummy text dummy"
              text run at (0,54) width 316: "text dummy text dummy text dummy text dummy "
              text run at (316,54) width 418: "text dummy text dummy text dummy text dummy text dummy text"
          RenderText {#text} at (0,0) size 0x0
        RenderText {#text} at (0,72) size 759x90
          text run at (0,72) width 395: "dummy text dummy text dummy text dummy text dummy text "
          text run at (395,72) width 364: "dummy text dummy text dummy text dummy text dummy"
          text run at (0,90) width 106: "text dummy text "
          text run at (106,90) width 474: "dummy text dummy text dummy text dummy text dummy text dummy text "
          text run at (580,90) width 154: "dummy text dummy text"
          text run at (0,108) width 316: "dummy text dummy text dummy text dummy text "
          text run at (316,108) width 443: "dummy text dummy text dummy text dummy text dummy text dummy"
          text run at (0,126) width 27: "text "
          text run at (27,126) width 474: "dummy text dummy text dummy text dummy text dummy text dummy text "
          text run at (501,126) width 233: "dummy text dummy text dummy text"
          text run at (0,144) width 158: "dummy text dummy text "
        RenderInline {SPAN} at (0,0) size 189x18 [color=#0000FF] [border: none (1px solid #0000FF)]
          RenderText {#text} at (159,144) size 188x18
            text run at (159,144) width 188: "\x{21E6} one thin blue line to the left "
        RenderText {#text} at (347,144) size 759x90
          text run at (347,144) width 52: "dummy "
          text run at (399,144) width 339: "text dummy text dummy text dummy text dummy text"
          text run at (0,162) width 131: "dummy text dummy "
          text run at (131,162) width 474: "text dummy text dummy text dummy text dummy text dummy text dummy "
          text run at (605,162) width 154: "text dummy text dummy"
          text run at (0,180) width 316: "text dummy text dummy text dummy text dummy "
          text run at (316,180) width 418: "text dummy text dummy text dummy text dummy text dummy text"
          text run at (0,198) width 52: "dummy "
          text run at (52,198) width 474: "text dummy text dummy text dummy text dummy text dummy text dummy "
          text run at (526,198) width 233: "text dummy text dummy text dummy"
          text run at (0,216) width 237: "text dummy text dummy text dummy "
          text run at (237,216) width 181: "text dummy text dummy text"
      RenderBlock {DIV} at (0,284) size 784x18
        RenderText {#text} at (0,0) size 416x18
          text run at (0,0) width 416: "(All the lines of text in the block above should be equally spaced.)"
