layer at (0,0) size 800x600
  RenderView at (0,0) size 800x600
layer at (0,0) size 800x107
  RenderBlock {HTML} at (0,0) size 800x107
    RenderBody {BODY} at (8,16) size 784x83
      RenderBlock {P} at (0,0) size 784x18 [color=#000080]
        RenderText {#text} at (0,0) size 274x18
          text run at (0,0) width 274: "The following two bars should be identical:"
      RenderBlock {DIV} at (30,34) size 75x15
        RenderBlock {P} at (0,0) size 75x15 [color=#00FF00] [bgcolor=#FFFF00]
          RenderInline {SPAN} at (0,0) size 30x15 [color=#FFA500] [bgcolor=#FF0000]
            RenderText {#text} at (0,0) size 30x15
              text run at (0,0) width 30: "xx"
          RenderText {#text} at (-30,0) size 45x15
            text run at (-30,0) width 45: " xx"
      RenderBlock {DIV} at (0,64) size 784x19
        RenderImage {IMG} at (0,0) size 15x15
        RenderImage {IMG} at (15,0) size 15x15
        RenderImage {IMG} at (30,0) size 15x15
        RenderImage {IMG} at (45,0) size 15x15
        RenderImage {IMG} at (60,0) size 15x15
        RenderImage {IMG} at (75,0) size 15x15
        RenderImage {IMG} at (90,0) size 15x15
        RenderText {#text} at (0,0) size 0x0
