layer at (0,0) size 800x600
  RenderView at (0,0) size 800x600
layer at (0,0) size 800x464
  RenderBlock {HTML} at (0,0) size 800x464
    RenderBody {BODY} at (8,16) size 784x432
      RenderBlock {P} at (0,0) size 784x54 [color=#000080]
        RenderText {#text} at (0,0) size 778x54
          text run at (0,0) width 408: "The big coloured boxes should be level with the top of the small "
          text run at (408,0) width 329: "coloured boxes of the same color (unless there is not"
          text run at (0,18) width 88: "enough room "
          text run at (88,18) width 398: "for the big box to fit on the small box's line after the small box, "
          text run at (486,18) width 292: "in which case the big box should be as high as"
          text run at (0,36) width 121: "possible below the "
          text run at (121,36) width 70: "small box)."
      RenderBlock {DIV} at (16,70) size 752x362 [color=#C0C0C0] [border: (5px solid #800080)]
        RenderText {#text} at (171,22) size 316x18
          text run at (171,22) width 316: "dummy text dummy text dummy text dummy text "
        RenderInline {SPAN} at (0,0) size 18x24 [color=#FFFFFF] [bgcolor=#008080] [border: (3px solid #00FFFF)]
          RenderText {#text} at (490,22) size 12x18
            text run at (490,22) width 12: "A"
        RenderText {#text} at (505,22) size 4x18
          text run at (505,22) width 4: " "
        RenderBlock (floating) {P} at (21,21) size 150x58 [color=#FFFFFF] [bgcolor=#008080] [border: (3px solid #00FFFF)]
          RenderText {#text} at (19,20) size 48x18
            text run at (19,20) width 48: "AAAA"
        RenderText {#text} at (0,0) size 0x0
        RenderInline {SPAN} at (0,0) size 17x24 [color=#FFFFFF] [bgcolor=#800080] [border: (3px solid #FF00FF)]
          RenderText {#text} at (512,22) size 11x18
            text run at (512,22) width 11: "B"
        RenderText {#text} at (526,22) size 4x18
          text run at (526,22) width 4: " "
        RenderBlock (floating) {P} at (581,21) size 150x58 [color=#FFFFFF] [bgcolor=#800080] [border: (3px solid #FF00FF)]
          RenderText {#text} at (19,20) size 44x18
            text run at (19,20) width 44: "BBBB"
        RenderText {#text} at (530,22) size 707x318
          text run at (530,22) width 48: "dummy"
          text run at (171,42) width 391: "text dummy text dummy text dummy text dummy text dummy"
          text run at (171,62) width 27: "text "
          text run at (198,62) width 364: "dummy text dummy text dummy text dummy text dummy"
          text run at (21,82) width 106: "text dummy text "
          text run at (127,82) width 474: "dummy text dummy text dummy text dummy text dummy text dummy text "
          text run at (601,82) width 127: "dummy text dummy"
          text run at (21,102) width 343: "text dummy text dummy text dummy text dummy text "
          text run at (364,102) width 364: "dummy text dummy text dummy text dummy text dummy"
          text run at (21,122) width 106: "text dummy text "
          text run at (127,122) width 474: "dummy text dummy text dummy text dummy text dummy text dummy text "
          text run at (601,122) width 127: "dummy text dummy"
          text run at (21,142) width 343: "text dummy text dummy text dummy text dummy text "
          text run at (364,142) width 364: "dummy text dummy text dummy text dummy text dummy"
          text run at (21,162) width 106: "text dummy text "
          text run at (127,162) width 474: "dummy text dummy text dummy text dummy text dummy text dummy text "
          text run at (601,162) width 127: "dummy text dummy"
          text run at (21,182) width 343: "text dummy text dummy text dummy text dummy text "
          text run at (364,182) width 364: "dummy text dummy text dummy text dummy text dummy"
          text run at (21,202) width 106: "text dummy text "
          text run at (127,202) width 474: "dummy text dummy text dummy text dummy text dummy text dummy text "
          text run at (601,202) width 127: "dummy text dummy"
          text run at (21,222) width 343: "text dummy text dummy text dummy text dummy text "
          text run at (364,222) width 364: "dummy text dummy text dummy text dummy text dummy"
          text run at (21,242) width 106: "text dummy text "
          text run at (127,242) width 474: "dummy text dummy text dummy text dummy text dummy text dummy text "
          text run at (601,242) width 127: "dummy text dummy"
          text run at (21,262) width 343: "text dummy text dummy text dummy text dummy text "
          text run at (364,262) width 364: "dummy text dummy text dummy text dummy text dummy"
          text run at (21,282) width 106: "text dummy text "
          text run at (127,282) width 474: "dummy text dummy text dummy text dummy text dummy text dummy text "
          text run at (601,282) width 127: "dummy text dummy"
          text run at (21,302) width 343: "text dummy text dummy text dummy text dummy text "
          text run at (364,302) width 364: "dummy text dummy text dummy text dummy text dummy"
          text run at (21,322) width 102: "text dummy text"
