layer at (0,0) size 785x781
  RenderView at (0,0) size 785x600
layer at (0,0) size 785x781
  RenderBlock {HTML} at (0,0) size 785x781
    RenderBody {BODY} at (8,32) size 769x717
      RenderBlock {P} at (32,0) size 705x111 [color=#000080]
        RenderText {#text} at (0,0) size 662x111
          text run at (0,0) width 662: "\x{21E9} The following blue box should be exactly half the"
          text run at (0,37) width 81: "width "
          text run at (81,37) width 560: "of the viewport, on the left of the 50% ruler"
          text run at (0,74) width 74: "mark."
      RenderBlock (floating) {DIV} at (0,143) size 385x342 [color=#FFFFFF] [bgcolor=#0000FF]
        RenderText {#text} at (0,0) size 385x342
          text run at (0,0) width 385: "ignore this float text ignore this float text ignore this"
          text run at (0,18) width 43: "float "
          text run at (42,18) width 343: "text ignore this float text ignore this float text"
          text run at (0,36) width 79: "ignore this "
          text run at (78,36) width 307: "float text ignore this float text ignore this"
          text run at (0,54) width 126: "float text ignore "
          text run at (125,54) width 260: "this float text ignore this float text"
          text run at (0,72) width 156: "ignore this float text "
          text run at (155,72) width 230: "ignore this float text ignore this"
          text run at (0,90) width 199: "float text ignore this float "
          text run at (198,90) width 187: "text ignore this float text"
          text run at (0,108) width 235: "ignore this float text ignore this "
          text run at (234,108) width 151: "float text ignore this"
          text run at (0,126) width 283: "float text ignore this float text ignore "
          text run at (282,126) width 103: "this float text"
          text run at (0,144) width 312: "ignore this float text ignore this float text "
          text run at (311,144) width 74: "ignore this"
          text run at (0,162) width 356: "float text ignore this float text ignore this float "
          text run at (355,162) width 30: "text"
          text run at (0,180) width 385: "ignore this float text ignore this float text ignore this"
          text run at (0,198) width 385: "float text ignore this float text ignore this float text"
          text run at (0,216) width 48: "ignore "
          text run at (47,216) width 338: "this float text ignore this float text ignore this"
          text run at (0,234) width 78: "float text "
          text run at (77,234) width 308: "ignore this float text ignore this float text"
          text run at (0,252) width 121: "ignore this float "
          text run at (120,252) width 265: "text ignore this float text ignore this"
          text run at (0,270) width 157: "float text ignore this "
          text run at (156,270) width 229: "float text ignore this float text"
          text run at (0,288) width 204: "ignore this float text ignore "
          text run at (203,288) width 182: "this float text ignore this"
          text run at (0,306) width 234: "float text ignore this float text "
          text run at (234,306) width 151: "ignore this float text"
          text run at (0,324) width 259: "ignore this float text ignore this float"
      RenderBlock {DIV} at (0,143) size 769x468 [color=#C0C0C0]
        RenderText {#text} at (384,0) size 769x468
          text run at (384,0) width 385: "this is some dummy text this is some dummy text this is"
          text run at (384,18) width 98: "some dummy "
          text run at (481,18) width 288: "text this is some dummy text this is some"
          text run at (384,36) width 169: "dummy text this is some "
          text run at (552,36) width 217: "dummy text this is some dummy"
          text run at (384,54) width 230: "text this is some dummy text this is "
          text run at (613,54) width 156: "some dummy text this is"
          text run at (384,72) width 305: "some dummy text this is some dummy text "
          text run at (688,72) width 81: "this is some"
          text run at (384,90) width 385: "dummy text this is some dummy text this is some dummy"
          text run at (384,108) width 385: "text this is some dummy text this is some dummy text this is"
          text run at (384,126) width 42: "some "
          text run at (425,126) width 344: "dummy text this is some dummy text this is some"
          text run at (384,144) width 130: "dummy text this is "
          text run at (513,144) width 256: "some dummy text this is some dummy"
          text run at (384,162) width 189: "text this is some dummy text "
          text run at (572,162) width 197: "this is some dummy text this is"
          text run at (384,180) width 274: "some dummy text this is some dummy "
          text run at (657,180) width 112: "text this is some"
          text run at (384,198) width 337: "dummy text this is some dummy text this is some "
          text run at (721,198) width 48: "dummy"
          text run at (384,216) width 385: "text this is some dummy text this is some dummy text this is"
          text run at (384,234) width 385: "some dummy text this is some dummy text this is some"
          text run at (384,252) width 85: "dummy text "
          text run at (468,252) width 301: "this is some dummy text this is some dummy"
          text run at (384,270) width 161: "text this is some dummy "
          text run at (544,270) width 225: "text this is some dummy text this is"
          text run at (384,288) width 218: "some dummy text this is some "
          text run at (601,288) width 168: "dummy text this is some"
          text run at (384,306) width 298: "dummy text this is some dummy text this is "
          text run at (681,306) width 88: "some dummy"
          text run at (384,324) width 349: "text this is some dummy text this is some dummy text "
          text run at (732,324) width 37: "this is"
          text run at (0,342) width 405: "some dummy text this is some dummy text this is some dummy "
          text run at (404,342) width 365: "text this is some dummy text this is some dummy text this"
          text run at (0,360) width 53: "is some "
          text run at (52,360) width 444: "dummy text this is some dummy text this is some dummy text this is "
          text run at (495,360) width 274: "some dummy text this is some dummy text"
          text run at (0,378) width 161: "this is some dummy text "
          text run at (160,378) width 454: "this is some dummy text this is some dummy text this is some dummy "
          text run at (613,378) width 156: "text this is some dummy"
          text run at (0,396) width 278: "text this is some dummy text this is some "
          text run at (277,396) width 459: "dummy text this is some dummy text this is some dummy text this is "
          text run at (736,396) width 33: "some"
          text run at (0,414) width 407: "dummy text this is some dummy text this is some dummy text "
          text run at (406,414) width 363: "this is some dummy text this is some dummy text this is"
          text run at (0,432) width 90: "some dummy "
          text run at (89,432) width 421: "text this is some dummy text this is some dummy text this is some "
          text run at (509,432) width 260: "dummy text this is some dummy text this"
          text run at (0,450) width 170: "is some dummy text this is "
          text run at (170,450) width 268: "some dummy text this is some dummy text"
      RenderBlock {P} at (32,643) size 705x74 [color=#000080]
        RenderText {#text} at (19,0) size 686x74
          text run at (19,0) width 686: "The above gray text should flow around the blue box."
          text run at (689,37) width 16: "\x{21E7}"
