layer at (0,0) size 800x600
  RenderView at (0,0) size 800x600
layer at (0,0) size 800x260
  RenderBlock {HTML} at (0,0) size 800x260
    RenderBody {BODY} at (8,8) size 784x0
      RenderBlock (floating) {DIV} at (0,0) size 588x252 [color=#FFFFFF] [bgcolor=#000080]
        RenderBlock (floating) {DIV} at (277,0) size 294x72 [color=#00FFFF] [bgcolor=#008080]
          RenderBlock {P} at (0,0) size 294x72
            RenderText {#text} at (0,0) size 294x72
              text run at (0,0) width 294: "To the right of this teal box there should be a"
              text run at (0,18) width 94: "purple square, "
              text run at (94,18) width 200: "tightly squeezed in between the"
              text run at (0,36) width 194: "edge of the teal box and the "
              text run at (193,36) width 101: "outside edge of"
              text run at (0,54) width 105: "the blue block. \x{21E8}"
        RenderBlock {P} at (0,0) size 588x252
          RenderText {#text} at (0,0) size 277x36
            text run at (0,0) width 277: "Inside this blue block on the right there"
            text run at (0,18) width 158: "should be a teal box. \x{21E8} "
          RenderInline {SPAN} at (0,0) size 588x234 [color=#000080]
            RenderText {#text} at (157,18) size 588x234
              text run at (157,18) width 120: "FAIL FAIL FAIL"
              text run at (0,36) width 277: "FAIL FAIL FAIL FAIL FAIL FAIL FAIL"
              text run at (0,54) width 81: "FAIL FAIL "
              text run at (80,54) width 197: "FAIL FAIL FAIL FAIL FAIL"
              text run at (0,72) width 298: "FAIL FAIL FAIL FAIL FAIL FAIL FAIL "
              text run at (297,72) width 291: "FAIL FAIL FAIL FAIL FAIL FAIL FAIL"
              text run at (0,90) width 213: "FAIL FAIL FAIL FAIL FAIL "
              text run at (212,90) width 376: "FAIL FAIL FAIL FAIL FAIL FAIL FAIL FAIL FAIL"
              text run at (0,108) width 128: "FAIL FAIL FAIL "
              text run at (127,108) width 461: "FAIL FAIL FAIL FAIL FAIL FAIL FAIL FAIL FAIL FAIL FAIL"
              text run at (0,126) width 43: "FAIL "
              text run at (42,126) width 510: "FAIL FAIL FAIL FAIL FAIL FAIL FAIL FAIL FAIL FAIL FAIL FAIL "
              text run at (552,126) width 36: "FAIL"
              text run at (0,144) width 468: "FAIL FAIL FAIL FAIL FAIL FAIL FAIL FAIL FAIL FAIL FAIL "
              text run at (467,144) width 121: "FAIL FAIL FAIL"
              text run at (0,162) width 383: "FAIL FAIL FAIL FAIL FAIL FAIL FAIL FAIL FAIL "
              text run at (382,162) width 206: "FAIL FAIL FAIL FAIL FAIL"
              text run at (0,180) width 298: "FAIL FAIL FAIL FAIL FAIL FAIL FAIL "
              text run at (297,180) width 291: "FAIL FAIL FAIL FAIL FAIL FAIL FAIL"
              text run at (0,198) width 213: "FAIL FAIL FAIL FAIL FAIL "
              text run at (212,198) width 376: "FAIL FAIL FAIL FAIL FAIL FAIL FAIL FAIL FAIL"
              text run at (0,216) width 128: "FAIL FAIL FAIL "
              text run at (127,216) width 461: "FAIL FAIL FAIL FAIL FAIL FAIL FAIL FAIL FAIL FAIL FAIL"
              text run at (0,234) width 40: "FAIL "
              text run at (40,234) width 476: "FAIL FAIL FAIL FAIL FAIL FAIL FAIL FAIL FAIL FAIL FAIL FAIL"
          RenderText {#text} at (0,0) size 0x0
