layer at (0,0) size 800x600
  RenderView at (0,0) size 800x600
layer at (0,0) size 800x303
  RenderBlock {HTML} at (0,0) size 800x303
    RenderBody {BODY} at (8,16) size 784x36
      RenderBlock {P} at (0,0) size 784x36 [color=#000080]
        RenderText {#text} at (0,0) size 779x35
          text run at (0,0) width 423: "The blue boxes below should be in numeric order and form a \"D\". "
          text run at (423,0) width 356: "(Boxes labelled \"A\" should be in the first column; boxes"
          text run at (0,18) width 53: "labelled "
          text run at (53,18) width 355: "\"B\" should be in the second; arrows indicate the correct "
          text run at (408,18) width 71: "alignment.)"
      RenderBlock {DIV} at (16,52) size 320x0
        RenderBlock (floating) {P} at (4,4) size 126x39 [color=#FFFFFF] [bgcolor=#000080] [border: (3px solid #0000FF)]
          RenderText {#text} at (7,11) size 42x17
            text run at (7,11) width 42: "\x{21E6} A 1"
        RenderBlock (floating) {P} at (138,4) size 126x39 [color=#FFFFFF] [bgcolor=#000080] [border: (3px solid #0000FF)]
          RenderText {#text} at (7,11) size 42x17
            text run at (7,11) width 42: "\x{21E6} B 2"
        RenderBlock (floating) {P} at (4,51) size 126x39 [color=#FFFFFF] [bgcolor=#000080] [border: (3px solid #0000FF)]
          RenderText {#text} at (7,11) size 42x17
            text run at (7,11) width 42: "\x{21E6} A 3"
        RenderBlock (floating) {P} at (190,51) size 126x39 [color=#FFFFFF] [bgcolor=#000080] [border: (3px solid #0000FF)]
          RenderText {#text} at (77,11) size 42x17
            text run at (77,11) width 42: "B 4 \x{21E8}"
        RenderBlock (floating) {P} at (4,98) size 126x39 [color=#FFFFFF] [bgcolor=#000080] [border: (3px solid #0000FF)]
          RenderText {#text} at (7,11) size 42x17
            text run at (7,11) width 42: "\x{21E6} A 5"
        RenderBlock (floating) {P} at (190,98) size 126x39 [color=#FFFFFF] [bgcolor=#000080] [border: (3px solid #0000FF)]
          RenderText {#text} at (77,11) size 42x17
            text run at (77,11) width 42: "B 6 \x{21E8}"
        RenderBlock (floating) {P} at (190,145) size 126x39 [color=#FFFFFF] [bgcolor=#000080] [border: (3px solid #0000FF)]
          RenderText {#text} at (77,11) size 42x17
            text run at (77,11) width 42: "B 8 \x{21E8}"
        RenderBlock (floating) {P} at (4,145) size 126x39 [color=#FFFFFF] [bgcolor=#000080] [border: (3px solid #0000FF)]
          RenderText {#text} at (7,11) size 42x17
            text run at (7,11) width 42: "\x{21E6} A 7"
        RenderBlock (floating) {P} at (4,192) size 126x39 [color=#FFFFFF] [bgcolor=#000080] [border: (3px solid #0000FF)]
          RenderText {#text} at (7,11) size 42x17
            text run at (7,11) width 42: "\x{21E6} A 9"
        RenderBlock (floating) {P} at (138,192) size 126x39 [color=#FFFFFF] [bgcolor=#000080] [border: (3px solid #0000FF)]
          RenderText {#text} at (7,11) size 50x17
            text run at (7,11) width 50: "\x{21E6} B 10"
