layer at (0,0) size 800x600
  RenderView at (0,0) size 800x600
layer at (0,0) size 800x208
  RenderBlock {HTML} at (0,0) size 800x208 [bgcolor=#FF0000] [border: (100px solid #FF0000)]
    RenderBody {BODY} at (108,108) size 584x0
layer at (0,0) size 800x600
  RenderBlock (positioned) {DIV} at (0,0) size 800x600 [color=#008000] [bgcolor=#FFFFFF]
    RenderText {#text} at (0,0) size 230x18
      text run at (0,0) width 230: "There should be no red on this page."
