layer at (0,0) size 800x600
  RenderView at (0,0) size 800x600
layer at (0,0) size 800x218
  RenderBlock {HTML} at (0,0) size 800x218
    RenderBody {BODY} at (8,16) size 784x194
      RenderBlock {P} at (0,0) size 784x18
        RenderText {#text} at (0,0) size 439x18
          text run at (0,0) width 439: "There should be no red below, just the outline of an empty green box."
      RenderBlock {DIV} at (0,34) size 230x160 [color=#FFFFFF] [bgcolor=#FF0000] [border: (10px solid #008000)]
        RenderText {#text} at (20,20) size 190x30
          text run at (20,20) width 190: "xxxx xxxx xxxx xxxx"
          text run at (20,40) width 190: "xxxx xxxx xxxx xxxx"
        RenderImage {IMG} at (20,55) size 40x40
        RenderText {#text} at (60,85) size 60x10
          text run at (60,85) width 10: " "
          text run at (70,85) width 50: "xxxx "
        RenderImage {IMG} at (120,85) size 40x40
        RenderText {#text} at (160,85) size 190x55
          text run at (160,85) width 10: " "
          text run at (170,85) width 40: "xxxx"
          text run at (20,130) width 190: "xxxx xxxx xxxx xxxx"
