layer at (0,0) size 800x600
  RenderView at (0,0) size 800x600
layer at (0,0) size 800x312
  RenderBlock {HTML} at (0,0) size 800x312
    RenderBody {BODY} at (8,8) size 784x284
      RenderBlock {P} at (0,0) size 784x18
        RenderText {#text} at (0,0) size 193x18
          text run at (0,0) width 193: "There should be no red below:"
      RenderBlock {DIV} at (20,38) size 86x246 [color=#008000] [bgcolor=#FF0000] [border: (3px solid #000000)]
        RenderBlock (anonymous) at (3,3) size 80x80
          RenderText {#text} at (0,10) size 60x60
            text run at (0,10) width 60: "x x"
            text run at (0,50) width 60: "x x"
        RenderBlock {P} at (3,83) size 80x80
          RenderText {#text} at (0,0) size 40x80
            text run at (0,0) width 40: "x"
            text run at (0,40) width 40: "x"
        RenderBlock (anonymous) at (3,163) size 80x80
          RenderText {#text} at (0,10) size 60x60
            text run at (0,10) width 60: "x x"
            text run at (0,50) width 60: "x x"
