layer at (0,0) size 800x600
  RenderView at (0,0) size 800x600
layer at (0,0) size 800x319
  RenderBlock {HTML} at (0,0) size 800x319
    RenderBody {BODY} at (8,16) size 784x288
      RenderBlock {P} at (0,0) size 784x36
        RenderText {#text} at (0,0) size 750x35
          text run at (0,0) width 387: "Change your window size. However the lines wrap, the blue "
          text run at (387,0) width 363: "rectanglues should always have their middles on the same"
          text run at (0,18) width 83: "alignment as "
          text run at (83,18) width 204: "other blue rectangles on the line."
      RenderBlock {P} at (15,52) size 754x236 [color=#0000FF] [bgcolor=#FFFFFF] [border: (1px solid #C0C0C0)]
        RenderText {#text} at (8,35) size 61x15
          text run at (8,35) width 61: "\x{C9}\x{C9}\x{C9} "
        RenderImage {IMG} at (68,26) size 31x30
        RenderText {#text} at (98,35) size 16x15
          text run at (98,35) width 16: " "
        RenderInline {SPAN} at (0,0) size 115x38 [color=#C0C0C0]
          RenderText {#text} at (113,17) size 115x38
            text run at (113,17) width 115: "xxx"
        RenderText {#text} at (227,35) size 16x15
          text run at (227,35) width 16: " "
        RenderImage {IMG} at (242,16) size 51x50
        RenderText {#text} at (292,35) size 76x15
          text run at (292,35) width 16: " "
          text run at (307,35) width 61: "\x{C9}\x{C9}\x{C9} "
        RenderImage {IMG} at (367,36) size 11x10
        RenderText {#text} at (377,35) size 16x15
          text run at (377,35) width 16: " "
        RenderInline {SMALL} at (0,0) size 31x10 [color=#C0C0C0]
          RenderText {#text} at (392,39) size 31x10
            text run at (392,39) width 31: "xxx"
        RenderText {#text} at (422,35) size 16x15
          text run at (422,35) width 16: " "
        RenderImage {IMG} at (437,31) size 21x20
        RenderText {#text} at (457,35) size 76x15
          text run at (457,35) width 16: " "
          text run at (472,35) width 61: "\x{C9}\x{C9}\x{C9} "
        RenderImage {IMG} at (532,8) size 66x66
        RenderText {#text} at (597,35) size 76x15
          text run at (597,35) width 16: " "
          text run at (612,35) width 61: "\x{C9}\x{C9}\x{C9} "
        RenderImage {IMG} at (672,23) size 36x36
        RenderText {#text} at (0,0) size 0x0
        RenderInline {SPAN} at (0,0) size 91x31 [color=#C0C0C0]
          RenderText {#text} at (8,94) size 91x31
            text run at (8,94) width 91: "xxx"
        RenderText {#text} at (98,106) size 16x16
          text run at (98,106) width 16: " "
        RenderImage {IMG} at (113,87) size 51x51
        RenderText {#text} at (163,106) size 16x16
          text run at (163,106) width 16: " "
        RenderInline {SPAN} at (0,0) size 352x24 [color=#C0C0C0]
          RenderText {#text} at (178,100) size 92x24
            text run at (178,100) width 92: "xxx "
          RenderInline {SPAN} at (0,0) size 168x57
            RenderText {#text} at (270,73) size 168x57
              text run at (270,73) width 168: "xxx"
          RenderText {#text} at (438,100) size 92x24
            text run at (438,100) width 92: " xxx"
        RenderText {#text} at (529,106) size 16x16
          text run at (529,106) width 16: " "
        RenderImage {IMG} at (544,87) size 51x51
        RenderText {#text} at (594,106) size 16x16
          text run at (594,106) width 16: " "
        RenderInline {SMALL} at (0,0) size 31x11 [color=#C0C0C0]
          RenderText {#text} at (609,110) size 31x11
            text run at (609,110) width 31: "xxx"
        RenderText {#text} at (639,106) size 16x16
          text run at (639,106) width 16: " "
        RenderImage {IMG} at (654,105) size 16x15
        RenderText {#text} at (669,106) size 16x16
          text run at (669,106) width 16: " "
        RenderInline {BIG} at (0,0) size 61x21 [color=#C0C0C0]
          RenderText {#text} at (684,102) size 61x21
            text run at (684,102) width 61: "xxx"
        RenderText {#text} at (0,0) size 0x0
        RenderImage {IMG} at (8,137) size 91x91
        RenderText {#text} at (98,176) size 61x16
          text run at (98,176) width 16: " "
          text run at (113,176) width 46: "\x{C9}\x{C9}\x{C9}"
