layer at (0,0) size 800x600
  RenderView at (0,0) size 800x600
layer at (0,0) size 800x94
  RenderBlock {HTML} at (0,0) size 800x94
    RenderBody {BODY} at (8,16) size 784x70
      RenderBlock {P} at (0,0) size 784x18
        RenderText {#text} at (0,0) size 292x18
          text run at (0,0) width 292: "The following two lines should look the same:"
      RenderBlock {DIV} at (0,34) size 784x18
        RenderInline {SPAN} at (0,0) size 12x18
          RenderInline (generated) at (0,0) size 12x18
            RenderCounter at (0,0) size 12x18
              text run at (0,0) width 12: "i.i"
        RenderText {#text} at (12,0) size 4x18
          text run at (12,0) width 4: " "
        RenderInline {SPAN} at (0,0) size 16x18
          RenderInline (generated) at (0,0) size 16x18
            RenderCounter at (16,0) size 16x18
              text run at (16,0) width 16: "i.ii"
        RenderText {#text} at (32,0) size 4x18
          text run at (32,0) width 4: " "
        RenderInline {SPAN} at (0,0) size 20x18
          RenderInline (generated) at (0,0) size 20x18
            RenderCounter at (36,0) size 20x18
              text run at (36,0) width 20: "i.iii"
        RenderText {#text} at (56,0) size 4x18
          text run at (56,0) width 4: " "
        RenderInline {SPAN} at (0,0) size 20x18
          RenderInline (generated) at (0,0) size 20x18
            RenderCounter at (60,0) size 20x18
              text run at (60,0) width 20: "i.iv"
        RenderText {#text} at (80,0) size 4x18
          text run at (80,0) width 4: " "
        RenderInline {SPAN} at (0,0) size 16x18
          RenderInline (generated) at (0,0) size 16x18
            RenderCounter at (84,0) size 16x18
              text run at (84,0) width 16: "i.v"
        RenderText {#text} at (100,0) size 4x18
          text run at (100,0) width 4: " "
        RenderInline {SPAN} at (0,0) size 20x18
          RenderInline (generated) at (0,0) size 20x18
            RenderCounter at (104,0) size 20x18
              text run at (104,0) width 20: "i.vi"
        RenderText {#text} at (124,0) size 4x18
          text run at (124,0) width 4: " "
        RenderInline {SPAN} at (0,0) size 24x18
          RenderInline (generated) at (0,0) size 24x18
            RenderCounter at (128,0) size 24x18
              text run at (128,0) width 24: "i.vii"
        RenderText {#text} at (152,0) size 4x18
          text run at (152,0) width 4: " "
        RenderInline {SPAN} at (0,0) size 28x18
          RenderInline (generated) at (0,0) size 28x18
            RenderCounter at (156,0) size 28x18
              text run at (156,0) width 28: "i.viii"
        RenderText {#text} at (184,0) size 4x18
          text run at (184,0) width 4: " "
        RenderInline {SPAN} at (0,0) size 20x18
          RenderInline (generated) at (0,0) size 20x18
            RenderCounter at (188,0) size 20x18
              text run at (188,0) width 20: "i.ix"
        RenderText {#text} at (208,0) size 4x18
          text run at (208,0) width 4: " "
        RenderInline {SPAN} at (0,0) size 16x18
          RenderInline (generated) at (0,0) size 16x18
            RenderCounter at (212,0) size 16x18
              text run at (212,0) width 16: "i.x"
        RenderText {#text} at (228,0) size 4x18
          text run at (228,0) width 4: " "
        RenderInline {SPAN} at (0,0) size 20x18
          RenderInline (generated) at (0,0) size 20x18
            RenderCounter at (232,0) size 20x18
              text run at (232,0) width 20: "i.xi"
        RenderText {#text} at (252,0) size 4x18
          text run at (252,0) width 4: " "
        RenderInline {SPAN} at (0,0) size 24x18
          RenderInline (generated) at (0,0) size 24x18
            RenderCounter at (256,0) size 24x18
              text run at (256,0) width 24: "i.xii"
        RenderText {#text} at (280,0) size 4x18
          text run at (280,0) width 4: " "
        RenderInline {SPAN} at (0,0) size 32x18
          RenderInline (generated) at (0,0) size 32x18
            RenderCounter at (284,0) size 32x18
              text run at (284,0) width 32: "i.xlix"
        RenderText {#text} at (316,0) size 4x18
          text run at (316,0) width 4: " "
        RenderInline {SPAN} at (0,0) size 12x18
          RenderInline (generated) at (0,0) size 12x18
            RenderCounter at (320,0) size 12x18
              text run at (320,0) width 12: "i.l"
        RenderText {#text} at (332,0) size 4x18
          text run at (332,0) width 4: " "
        RenderInline {SPAN} at (0,0) size 69x18
          RenderInline (generated) at (0,0) size 69x18
            RenderCounter at (336,0) size 69x18
              text run at (336,0) width 69: "i.ccclxxxix"
        RenderText {#text} at (405,0) size 4x18
          text run at (405,0) width 4: " "
        RenderInline {SPAN} at (0,0) size 44x18
          RenderInline (generated) at (0,0) size 44x18
            RenderCounter at (409,0) size 44x18
              text run at (409,0) width 44: "i.cccxc"
        RenderText {#text} at (453,0) size 4x18
          text run at (453,0) width 4: " "
        RenderInline {SPAN} at (0,0) size 99x18
          RenderInline (generated) at (0,0) size 99x18
            RenderCounter at (457,0) size 99x18
              text run at (457,0) width 99: "i.mmmcdlxxxix"
        RenderText {#text} at (556,0) size 4x18
          text run at (556,0) width 4: " "
        RenderInline {SPAN} at (0,0) size 74x18
          RenderInline (generated) at (0,0) size 74x18
            RenderCounter at (560,0) size 74x18
              text run at (560,0) width 74: "i.mmmcdxc"
        RenderText {#text} at (634,0) size 4x18
          text run at (634,0) width 4: " "
        RenderInline {SPAN} at (0,0) size 78x18
          RenderInline (generated) at (0,0) size 78x18
            RenderCounter at (638,0) size 78x18
              text run at (638,0) width 78: "i.mmmcdxci"
        RenderText {#text} at (0,0) size 0x0
      RenderBlock {DIV} at (0,52) size 784x18
        RenderText {#text} at (0,0) size 716x18
          text run at (0,0) width 16: "i.i "
          text run at (16,0) width 20: "i.ii "
          text run at (36,0) width 24: "i.iii "
          text run at (60,0) width 24: "i.iv "
          text run at (84,0) width 20: "i.v "
          text run at (104,0) width 24: "i.vi "
          text run at (128,0) width 28: "i.vii "
          text run at (156,0) width 32: "i.viii "
          text run at (188,0) width 24: "i.ix "
          text run at (212,0) width 20: "i.x "
          text run at (232,0) width 24: "i.xi "
          text run at (256,0) width 28: "i.xii "
          text run at (284,0) width 36: "i.xlix "
          text run at (320,0) width 16: "i.l "
          text run at (336,0) width 73: "i.ccclxxxix "
          text run at (409,0) width 48: "i.cccxc "
          text run at (457,0) width 103: "i.mmmcdlxxxix "
          text run at (560,0) width 78: "i.mmmcdxc "
          text run at (638,0) width 78: "i.mmmcdxci"
