layer at (0,0) size 800x600
  RenderView at (0,0) size 800x600
layer at (0,0) size 800x94
  RenderBlock {HTML} at (0,0) size 800x94
    RenderBody {BODY} at (8,16) size 784x70
      RenderBlock {P} at (0,0) size 784x18
        RenderText {#text} at (0,0) size 277x18
          text run at (0,0) width 277: "The following two lines should be identical:"
      RenderBlock {DIV} at (0,34) size 784x18
        RenderInline {SPAN} at (0,0) size 35x18
          RenderInline (generated) at (0,0) size 11x18
            RenderText at (0,0) size 11x18
              text run at (0,0) width 11: "B"
          RenderInline {SPAN} at (0,0) size 12x18
            RenderInline (generated) at (0,0) size 12x18
              RenderCounter at (11,0) size 8x18
                text run at (11,0) width 8: "1"
              RenderText at (19,0) size 4x18
                text run at (19,0) width 4: " "
          RenderInline {SPAN} at (0,0) size 12x18
            RenderInline {SPAN} at (0,0) size 12x18
              RenderInline (generated) at (0,0) size 12x18
                RenderCounter at (23,0) size 8x18
                  text run at (23,0) width 8: "0"
                RenderText at (31,0) size 4x18
                  text run at (31,0) width 4: " "
        RenderInline {SPAN} at (0,0) size 32x18
          RenderInline {SPAN} at (0,0) size 12x18
            RenderInline (generated) at (0,0) size 12x18
              RenderCounter at (35,0) size 8x18
                text run at (35,0) width 8: "1"
              RenderText at (43,0) size 4x18
                text run at (43,0) width 4: " "
          RenderInline {SPAN} at (0,0) size 20x18
            RenderInline {SPAN} at (0,0) size 20x18
              RenderInline (generated) at (0,0) size 20x18
                RenderCounter at (47,0) size 20x18
                  text run at (47,0) width 20: "1.0"
                RenderText at (0,0) size 0x0
      RenderBlock {DIV} at (0,52) size 784x18
        RenderText {#text} at (0,0) size 67x18
          text run at (0,0) width 67: "B1 0 1 1.0"
