layer at (0,0) size 800x600
  RenderView at (0,0) size 800x600
layer at (0,0) size 800x94
  RenderBlock {HTML} at (0,0) size 800x94
    RenderBody {BODY} at (8,16) size 784x70
      RenderBlock {P} at (0,0) size 784x18
        RenderText {#text} at (0,0) size 292x18
          text run at (0,0) width 292: "The following two lines should look the same:"
      RenderBlock {DIV} at (0,34) size 784x18
        RenderInline {SPAN} at (0,0) size 28x18
          RenderInline (generated) at (0,0) size 28x18
            RenderCounter at (0,0) size 28x18
              text run at (0,0) width 28: "A.A"
        RenderText {#text} at (28,0) size 4x18
          text run at (28,0) width 4: " "
        RenderInline {SPAN} at (0,0) size 27x18
          RenderInline (generated) at (0,0) size 27x18
            RenderCounter at (32,0) size 27x18
              text run at (32,0) width 27: "A.B"
        RenderText {#text} at (59,0) size 4x18
          text run at (59,0) width 4: " "
        RenderInline {SPAN} at (0,0) size 27x18
          RenderInline (generated) at (0,0) size 27x18
            RenderCounter at (63,0) size 27x18
              text run at (63,0) width 27: "A.C"
        RenderText {#text} at (90,0) size 4x18
          text run at (90,0) width 4: " "
        RenderInline {SPAN} at (0,0) size 28x18
          RenderInline (generated) at (0,0) size 28x18
            RenderCounter at (94,0) size 28x18
              text run at (94,0) width 28: "A.D"
        RenderText {#text} at (122,0) size 4x18
          text run at (122,0) width 4: " "
        RenderInline {SPAN} at (0,0) size 26x18
          RenderInline (generated) at (0,0) size 26x18
            RenderCounter at (126,0) size 26x18
              text run at (126,0) width 26: "A.E"
        RenderText {#text} at (152,0) size 4x18
          text run at (152,0) width 4: " "
        RenderInline {SPAN} at (0,0) size 25x18
          RenderInline (generated) at (0,0) size 25x18
            RenderCounter at (156,0) size 25x18
              text run at (156,0) width 25: "A.F"
        RenderText {#text} at (181,0) size 4x18
          text run at (181,0) width 4: " "
        RenderInline {SPAN} at (0,0) size 28x18
          RenderInline (generated) at (0,0) size 28x18
            RenderCounter at (185,0) size 28x18
              text run at (185,0) width 28: "A.G"
        RenderText {#text} at (213,0) size 4x18
          text run at (213,0) width 4: " "
        RenderInline {SPAN} at (0,0) size 28x18
          RenderInline (generated) at (0,0) size 28x18
            RenderCounter at (217,0) size 28x18
              text run at (217,0) width 28: "A.H"
        RenderText {#text} at (245,0) size 4x18
          text run at (245,0) width 4: " "
        RenderInline {SPAN} at (0,0) size 21x18
          RenderInline (generated) at (0,0) size 21x18
            RenderCounter at (249,0) size 21x18
              text run at (249,0) width 21: "A.I"
        RenderText {#text} at (270,0) size 4x18
          text run at (270,0) width 4: " "
        RenderInline {SPAN} at (0,0) size 22x18
          RenderInline (generated) at (0,0) size 22x18
            RenderCounter at (274,0) size 22x18
              text run at (274,0) width 22: "A.J"
        RenderText {#text} at (296,0) size 4x18
          text run at (296,0) width 4: " "
        RenderInline {SPAN} at (0,0) size 28x18
          RenderInline (generated) at (0,0) size 28x18
            RenderCounter at (300,0) size 28x18
              text run at (300,0) width 28: "A.K"
        RenderText {#text} at (328,0) size 4x18
          text run at (328,0) width 4: " "
        RenderInline {SPAN} at (0,0) size 26x18
          RenderInline (generated) at (0,0) size 26x18
            RenderCounter at (332,0) size 26x18
              text run at (332,0) width 26: "A.L"
        RenderText {#text} at (0,0) size 0x0
      RenderBlock {DIV} at (0,52) size 784x18
        RenderText {#text} at (0,0) size 358x18
          text run at (0,0) width 32: "A.A "
          text run at (32,0) width 31: "A.B "
          text run at (63,0) width 31: "A.C "
          text run at (94,0) width 32: "A.D "
          text run at (126,0) width 30: "A.E "
          text run at (156,0) width 29: "A.F "
          text run at (185,0) width 32: "A.G "
          text run at (217,0) width 32: "A.H "
          text run at (249,0) width 25: "A.I "
          text run at (274,0) width 26: "A.J "
          text run at (300,0) width 32: "A.K "
          text run at (332,0) width 26: "A.L"
