layer at (0,0) size 800x600
  RenderView at (0,0) size 800x600
layer at (0,0) size 800x94
  RenderBlock {HTML} at (0,0) size 800x94
    RenderBody {BODY} at (8,16) size 784x70
      RenderBlock {P} at (0,0) size 784x18
        RenderText {#text} at (0,0) size 292x18
          text run at (0,0) width 292: "The following two lines should look the same:"
      RenderBlock {DIV} at (0,34) size 784x18
        RenderInline {SPAN} at (0,0) size 33x18
          RenderInline (generated) at (0,0) size 33x18
            RenderCounter at (0,0) size 20x18
              text run at (0,0) width 20: "1.1"
            RenderText at (20,0) size 13x18
              text run at (20,0) width 13: " - "
        RenderInline {SPAN} at (0,0) size 29x18
          RenderInline (generated) at (0,0) size 29x18
            RenderCounter at (33,0) size 16x18
              text run at (33,0) width 16: "12"
            RenderText at (49,0) size 13x18
              text run at (49,0) width 13: " - "
        RenderInline {SPAN} at (0,0) size 95x18
          RenderInline (generated) at (0,0) size 95x18
            RenderCounter at (62,0) size 20x18
              text run at (62,0) width 20: "1.3"
            RenderText at (82,0) size 24x18
              text run at (82,0) width 14: "-- "
              text run at (96,0) width 10: "--"
            RenderCounter at (106,0) size 51x18
              text run at (106,0) width 51: "1-------3"
      RenderBlock {DIV} at (0,52) size 784x18
        RenderText {#text} at (0,0) size 157x18
          text run at (0,0) width 96: "1.1 - 12 - 1.3-- "
          text run at (96,0) width 61: "--1-------3"
