layer at (0,0) size 800x600
  RenderView at (0,0) size 800x600
layer at (0,0) size 800x94
  RenderBlock {HTML} at (0,0) size 800x94
    RenderBody {BODY} at (8,16) size 784x70
      RenderBlock {P} at (0,0) size 784x18
        RenderText {#text} at (0,0) size 233x18
          text run at (0,0) width 233: "The following two lines should look "
        RenderInline {EM} at (0,0) size 91x18
          RenderText {#text} at (233,0) size 91x18
            text run at (233,0) width 91: "approximately"
        RenderText {#text} at (324,0) size 63x18
          text run at (324,0) width 63: " the same:"
      RenderBlock {DIV} at (0,34) size 784x18
        RenderInline {SPAN} at (0,0) size 16x18
          RenderInline (generated) at (0,0) size 16x18
            RenderCounter at (0,0) size 16x18
              text run at (0,0) width 16: "\x{2022}.\x{2022}"
        RenderText {#text} at (16,0) size 4x18
          text run at (16,0) width 4: " "
        RenderInline {SPAN} at (0,0) size 16x18
          RenderInline (generated) at (0,0) size 16x18
            RenderCounter at (20,0) size 16x18
              text run at (20,0) width 16: "\x{2022}.\x{2022}"
        RenderText {#text} at (36,0) size 4x18
          text run at (36,0) width 4: " "
        RenderInline {SPAN} at (0,0) size 16x18
          RenderInline (generated) at (0,0) size 16x18
            RenderCounter at (40,0) size 16x18
              text run at (40,0) width 16: "\x{2022}.\x{2022}"
        RenderText {#text} at (56,0) size 4x18
          text run at (56,0) width 4: " "
        RenderInline {SPAN} at (0,0) size 16x18
          RenderInline (generated) at (0,0) size 16x18
            RenderCounter at (60,0) size 16x18
              text run at (60,0) width 16: "\x{2022}.\x{2022}"
        RenderText {#text} at (76,0) size 4x18
          text run at (76,0) width 4: " "
        RenderInline {SPAN} at (0,0) size 16x18
          RenderInline (generated) at (0,0) size 16x18
            RenderCounter at (80,0) size 16x18
              text run at (80,0) width 16: "\x{2022}.\x{2022}"
        RenderText {#text} at (96,0) size 4x18
          text run at (96,0) width 4: " "
        RenderInline {SPAN} at (0,0) size 16x18
          RenderInline (generated) at (0,0) size 16x18
            RenderCounter at (100,0) size 16x18
              text run at (100,0) width 16: "\x{2022}.\x{2022}"
        RenderText {#text} at (116,0) size 4x18
          text run at (116,0) width 4: " "
        RenderInline {SPAN} at (0,0) size 16x18
          RenderInline (generated) at (0,0) size 16x18
            RenderCounter at (120,0) size 16x18
              text run at (120,0) width 16: "\x{2022}.\x{2022}"
        RenderText {#text} at (136,0) size 4x18
          text run at (136,0) width 4: " "
        RenderInline {SPAN} at (0,0) size 16x18
          RenderInline (generated) at (0,0) size 16x18
            RenderCounter at (140,0) size 16x18
              text run at (140,0) width 16: "\x{2022}.\x{2022}"
        RenderText {#text} at (156,0) size 4x18
          text run at (156,0) width 4: " "
        RenderInline {SPAN} at (0,0) size 16x18
          RenderInline (generated) at (0,0) size 16x18
            RenderCounter at (160,0) size 16x18
              text run at (160,0) width 16: "\x{2022}.\x{2022}"
        RenderText {#text} at (176,0) size 4x18
          text run at (176,0) width 4: " "
        RenderInline {SPAN} at (0,0) size 16x18
          RenderInline (generated) at (0,0) size 16x18
            RenderCounter at (180,0) size 16x18
              text run at (180,0) width 16: "\x{2022}.\x{2022}"
        RenderText {#text} at (196,0) size 4x18
          text run at (196,0) width 4: " "
        RenderInline {SPAN} at (0,0) size 16x18
          RenderInline (generated) at (0,0) size 16x18
            RenderCounter at (200,0) size 16x18
              text run at (200,0) width 16: "\x{2022}.\x{2022}"
        RenderText {#text} at (216,0) size 4x18
          text run at (216,0) width 4: " "
        RenderInline {SPAN} at (0,0) size 16x18
          RenderInline (generated) at (0,0) size 16x18
            RenderCounter at (220,0) size 16x18
              text run at (220,0) width 16: "\x{2022}.\x{2022}"
        RenderText {#text} at (0,0) size 0x0
      RenderBlock {DIV} at (0,52) size 784x18
        RenderText {#text} at (0,0) size 236x18
          text run at (0,0) width 20: "\x{2022}.\x{2022} "
          text run at (20,0) width 20: "\x{2022}.\x{2022} "
          text run at (40,0) width 20: "\x{2022}.\x{2022} "
          text run at (60,0) width 20: "\x{2022}.\x{2022} "
          text run at (80,0) width 20: "\x{2022}.\x{2022} "
          text run at (100,0) width 20: "\x{2022}.\x{2022} "
          text run at (120,0) width 20: "\x{2022}.\x{2022} "
          text run at (140,0) width 20: "\x{2022}.\x{2022} "
          text run at (160,0) width 20: "\x{2022}.\x{2022} "
          text run at (180,0) width 20: "\x{2022}.\x{2022} "
          text run at (200,0) width 20: "\x{2022}.\x{2022} "
          text run at (220,0) width 16: "\x{2022}.\x{2022}"
