layer at (0,0) size 800x600
  RenderView at (0,0) size 800x600
layer at (0,0) size 800x94
  RenderBlock {HTML} at (0,0) size 800x94
    RenderBody {BODY} at (8,16) size 784x70
      RenderBlock {P} at (0,0) size 784x18
        RenderText {#text} at (0,0) size 292x18
          text run at (0,0) width 292: "The following two lines should look the same:"
      RenderBlock {DIV} at (0,34) size 784x18
        RenderInline {SPAN} at (0,0) size 10x18
          RenderInline (generated) at (0,0) size 10x18
            RenderCounter at (0,0) size 10x18
              text run at (0,0) width 10: "\x{3B1}"
        RenderText {#text} at (10,0) size 4x18
          text run at (10,0) width 4: " "
        RenderInline {SPAN} at (0,0) size 9x18
          RenderInline (generated) at (0,0) size 9x18
            RenderCounter at (14,0) size 9x18
              text run at (14,0) width 9: "\x{3B2}"
        RenderText {#text} at (23,0) size 4x18
          text run at (23,0) width 4: " "
        RenderInline {SPAN} at (0,0) size 8x18
          RenderInline (generated) at (0,0) size 8x18
            RenderCounter at (27,0) size 8x18
              text run at (27,0) width 8: "\x{3B3}"
        RenderText {#text} at (35,0) size 4x18
          text run at (35,0) width 4: " "
        RenderInline {SPAN} at (0,0) size 9x18
          RenderInline (generated) at (0,0) size 9x18
            RenderCounter at (39,0) size 9x18
              text run at (39,0) width 9: "\x{3B4}"
        RenderText {#text} at (48,0) size 4x18
          text run at (48,0) width 4: " "
        RenderInline {SPAN} at (0,0) size 7x18
          RenderInline (generated) at (0,0) size 7x18
            RenderCounter at (52,0) size 7x18
              text run at (52,0) width 7: "\x{3B5}"
        RenderText {#text} at (59,0) size 4x18
          text run at (59,0) width 4: " "
        RenderInline {SPAN} at (0,0) size 8x18
          RenderInline (generated) at (0,0) size 8x18
            RenderCounter at (63,0) size 8x18
              text run at (63,0) width 8: "\x{3B6}"
        RenderText {#text} at (71,0) size 4x18
          text run at (71,0) width 4: " "
        RenderInline {SPAN} at (0,0) size 9x18
          RenderInline (generated) at (0,0) size 9x18
            RenderCounter at (75,0) size 9x18
              text run at (75,0) width 9: "\x{3B7}"
        RenderText {#text} at (84,0) size 4x18
          text run at (84,0) width 4: " "
        RenderInline {SPAN} at (0,0) size 9x18
          RenderInline (generated) at (0,0) size 9x18
            RenderCounter at (88,0) size 9x18
              text run at (88,0) width 9: "\x{3B8}"
        RenderText {#text} at (97,0) size 4x18
          text run at (97,0) width 4: " "
        RenderInline {SPAN} at (0,0) size 4x18
          RenderInline (generated) at (0,0) size 4x18
            RenderCounter at (101,0) size 4x18
              text run at (101,0) width 4: "\x{3B9}"
        RenderText {#text} at (105,0) size 4x18
          text run at (105,0) width 4: " "
        RenderInline {SPAN} at (0,0) size 9x18
          RenderInline (generated) at (0,0) size 9x18
            RenderCounter at (109,0) size 9x18
              text run at (109,0) width 9: "\x{3BA}"
        RenderText {#text} at (118,0) size 4x18
          text run at (118,0) width 4: " "
        RenderInline {SPAN} at (0,0) size 8x18
          RenderInline (generated) at (0,0) size 8x18
            RenderCounter at (122,0) size 8x18
              text run at (122,0) width 8: "\x{3BB}"
        RenderText {#text} at (130,0) size 4x18
          text run at (130,0) width 4: " "
        RenderInline {SPAN} at (0,0) size 9x18
          RenderInline (generated) at (0,0) size 9x18
            RenderCounter at (134,0) size 9x18
              text run at (134,0) width 9: "\x{3BC}"
        RenderText {#text} at (0,0) size 0x0
      RenderBlock {DIV} at (0,52) size 784x18
        RenderText {#text} at (0,0) size 143x18
          text run at (0,0) width 14: "\x{3B1} "
          text run at (14,0) width 13: "\x{3B2} "
          text run at (27,0) width 12: "\x{3B3} "
          text run at (39,0) width 13: "\x{3B4} "
          text run at (52,0) width 11: "\x{3B5} "
          text run at (63,0) width 12: "\x{3B6} "
          text run at (75,0) width 13: "\x{3B7} "
          text run at (88,0) width 13: "\x{3B8} "
          text run at (101,0) width 8: "\x{3B9} "
          text run at (109,0) width 13: "\x{3BA} "
          text run at (122,0) width 12: "\x{3BB} "
          text run at (134,0) width 9: "\x{3BC}"
