layer at (0,0) size 800x600
  RenderView at (0,0) size 800x600
layer at (0,0) size 800x94
  RenderBlock {HTML} at (0,0) size 800x94
    RenderBody {BODY} at (8,16) size 784x70
      RenderBlock {P} at (0,0) size 784x18
        RenderText {#text} at (0,0) size 279x18
          text run at (0,0) width 279: "The following two lines should be the same:"
      RenderBlock {DIV} at (0,34) size 784x18
        RenderInline {SPAN} at (0,0) size 195x18
          RenderInline (generated) at (0,0) size 24x18
            RenderText at (0,0) size 11x18
              text run at (0,0) width 11: "B"
            RenderCounter at (11,0) size 8x18
              text run at (11,0) width 8: "1"
            RenderText at (19,0) size 5x18
              text run at (19,0) width 5: "-"
          RenderInline {SPAN} at (0,0) size 146x18
            RenderInline (generated) at (0,0) size 36x18
              RenderText at (24,0) size 11x18
                text run at (24,0) width 11: "B"
              RenderCounter at (35,0) size 20x18
                text run at (35,0) width 20: "1.1"
              RenderText at (55,0) size 5x18
                text run at (55,0) width 5: "-"
            RenderInline {SPAN} at (0,0) size 73x18
              RenderInline (generated) at (0,0) size 36x18
                RenderText at (60,0) size 11x18
                  text run at (60,0) width 11: "B"
                RenderCounter at (71,0) size 20x18
                  text run at (71,0) width 20: "1.2"
                RenderText at (91,0) size 5x18
                  text run at (91,0) width 5: "-"
              RenderInline (generated) at (0,0) size 37x18
                RenderText at (96,0) size 12x18
                  text run at (96,0) width 12: "A"
                RenderCounter at (108,0) size 20x18
                  text run at (108,0) width 20: "1.3"
                RenderText at (128,0) size 5x18
                  text run at (128,0) width 5: "-"
            RenderInline (generated) at (0,0) size 37x18
              RenderText at (133,0) size 12x18
                text run at (133,0) width 12: "A"
              RenderCounter at (145,0) size 20x18
                text run at (145,0) width 20: "1.4"
              RenderText at (165,0) size 5x18
                text run at (165,0) width 5: "-"
          RenderInline (generated) at (0,0) size 25x18
            RenderText at (170,0) size 12x18
              text run at (170,0) width 12: "A"
            RenderCounter at (182,0) size 8x18
              text run at (182,0) width 8: "2"
            RenderText at (190,0) size 5x18
              text run at (190,0) width 5: "-"
      RenderBlock {DIV} at (0,52) size 784x18
        RenderText {#text} at (0,0) size 195x18
          text run at (0,0) width 195: "B1-B1.1-B1.2-A1.3-A1.4-A2-"
