layer at (0,0) size 800x600
  RenderView at (0,0) size 800x600
layer at (0,0) size 800x94
  RenderBlock {HTML} at (0,0) size 800x94
    RenderBody {BODY} at (8,16) size 784x70
      RenderBlock {P} at (0,0) size 784x18
        RenderText {#text} at (0,0) size 292x18
          text run at (0,0) width 292: "The following two lines should look the same:"
      RenderBlock {DIV} at (0,34) size 784x18
        RenderInline {SPAN} at (0,0) size 24x18
          RenderInline (generated) at (0,0) size 24x18
            RenderCounter at (0,0) size 24x18
              text run at (0,0) width 24: "\x{3B1}.\x{3B1}"
        RenderText {#text} at (24,0) size 4x18
          text run at (24,0) width 4: " "
        RenderInline {SPAN} at (0,0) size 23x18
          RenderInline (generated) at (0,0) size 23x18
            RenderCounter at (28,0) size 23x18
              text run at (28,0) width 23: "\x{3B1}.\x{3B2}"
        RenderText {#text} at (51,0) size 4x18
          text run at (51,0) width 4: " "
        RenderInline {SPAN} at (0,0) size 22x18
          RenderInline (generated) at (0,0) size 22x18
            RenderCounter at (55,0) size 22x18
              text run at (55,0) width 22: "\x{3B1}.\x{3B3}"
        RenderText {#text} at (77,0) size 4x18
          text run at (77,0) width 4: " "
        RenderInline {SPAN} at (0,0) size 23x18
          RenderInline (generated) at (0,0) size 23x18
            RenderCounter at (81,0) size 23x18
              text run at (81,0) width 23: "\x{3B1}.\x{3B4}"
        RenderText {#text} at (104,0) size 4x18
          text run at (104,0) width 4: " "
        RenderInline {SPAN} at (0,0) size 21x18
          RenderInline (generated) at (0,0) size 21x18
            RenderCounter at (108,0) size 21x18
              text run at (108,0) width 21: "\x{3B1}.\x{3B5}"
        RenderText {#text} at (129,0) size 4x18
          text run at (129,0) width 4: " "
        RenderInline {SPAN} at (0,0) size 22x18
          RenderInline (generated) at (0,0) size 22x18
            RenderCounter at (133,0) size 22x18
              text run at (133,0) width 22: "\x{3B1}.\x{3B6}"
        RenderText {#text} at (155,0) size 4x18
          text run at (155,0) width 4: " "
        RenderInline {SPAN} at (0,0) size 23x18
          RenderInline (generated) at (0,0) size 23x18
            RenderCounter at (159,0) size 23x18
              text run at (159,0) width 23: "\x{3B1}.\x{3B7}"
        RenderText {#text} at (182,0) size 4x18
          text run at (182,0) width 4: " "
        RenderInline {SPAN} at (0,0) size 23x18
          RenderInline (generated) at (0,0) size 23x18
            RenderCounter at (186,0) size 23x18
              text run at (186,0) width 23: "\x{3B1}.\x{3B8}"
        RenderText {#text} at (209,0) size 4x18
          text run at (209,0) width 4: " "
        RenderInline {SPAN} at (0,0) size 18x18
          RenderInline (generated) at (0,0) size 18x18
            RenderCounter at (213,0) size 18x18
              text run at (213,0) width 18: "\x{3B1}.\x{3B9}"
        RenderText {#text} at (231,0) size 4x18
          text run at (231,0) width 4: " "
        RenderInline {SPAN} at (0,0) size 23x18
          RenderInline (generated) at (0,0) size 23x18
            RenderCounter at (235,0) size 23x18
              text run at (235,0) width 23: "\x{3B1}.\x{3BA}"
        RenderText {#text} at (258,0) size 4x18
          text run at (258,0) width 4: " "
        RenderInline {SPAN} at (0,0) size 22x18
          RenderInline (generated) at (0,0) size 22x18
            RenderCounter at (262,0) size 22x18
              text run at (262,0) width 22: "\x{3B1}.\x{3BB}"
        RenderText {#text} at (284,0) size 4x18
          text run at (284,0) width 4: " "
        RenderInline {SPAN} at (0,0) size 23x18
          RenderInline (generated) at (0,0) size 23x18
            RenderCounter at (288,0) size 23x18
              text run at (288,0) width 23: "\x{3B1}.\x{3BC}"
        RenderText {#text} at (0,0) size 0x0
      RenderBlock {DIV} at (0,52) size 784x18
        RenderText {#text} at (0,0) size 311x18
          text run at (0,0) width 28: "\x{3B1}.\x{3B1} "
          text run at (28,0) width 27: "\x{3B1}.\x{3B2} "
          text run at (55,0) width 26: "\x{3B1}.\x{3B3} "
          text run at (81,0) width 27: "\x{3B1}.\x{3B4} "
          text run at (108,0) width 25: "\x{3B1}.\x{3B5} "
          text run at (133,0) width 26: "\x{3B1}.\x{3B6} "
          text run at (159,0) width 27: "\x{3B1}.\x{3B7} "
          text run at (186,0) width 27: "\x{3B1}.\x{3B8} "
          text run at (213,0) width 22: "\x{3B1}.\x{3B9} "
          text run at (235,0) width 27: "\x{3B1}.\x{3BA} "
          text run at (262,0) width 26: "\x{3B1}.\x{3BB} "
          text run at (288,0) width 23: "\x{3B1}.\x{3BC}"
