layer at (0,0) size 800x600
  RenderView at (0,0) size 800x600
layer at (0,0) size 800x94
  RenderBlock {HTML} at (0,0) size 800x94
    RenderBody {BODY} at (8,16) size 784x70
      RenderBlock {P} at (0,0) size 784x18
        RenderText {#text} at (0,0) size 245x18
          text run at (0,0) width 245: "The next two lines should be the same:"
      RenderBlock {DIV} at (0,34) size 784x18
        RenderInline {SPAN} at (0,0) size 0x0
        RenderInline {SPAN} at (0,0) size 12x18
          RenderInline (generated) at (0,0) size 12x18
            RenderCounter at (0,0) size 8x18
              text run at (0,0) width 8: "1"
            RenderText at (8,0) size 4x18
              text run at (8,0) width 4: " "
        RenderInline {SPAN} at (0,0) size 0x18
        RenderInline {SPAN} at (0,0) size 12x18
          RenderInline (generated) at (0,0) size 12x18
            RenderCounter at (12,0) size 8x18
              text run at (12,0) width 8: "1"
            RenderText at (20,0) size 4x18
              text run at (20,0) width 4: " "
        RenderInline {SPAN} at (0,0) size 55x18
          RenderInline (generated) at (0,0) size 11x18
            RenderText at (24,0) size 11x18
              text run at (24,0) width 11: "R"
          RenderInline {SPAN} at (0,0) size 24x18
            RenderInline (generated) at (0,0) size 24x18
              RenderCounter at (35,0) size 20x18
                text run at (35,0) width 20: "1.1"
              RenderText at (55,0) size 4x18
                text run at (55,0) width 4: " "
          RenderInline {SPAN} at (0,0) size 0x18
          RenderInline {SPAN} at (0,0) size 20x18
            RenderInline (generated) at (0,0) size 20x18
              RenderCounter at (59,0) size 20x18
                text run at (59,0) width 20: "1.1"
              RenderText at (0,0) size 0x0
      RenderBlock {DIV} at (0,52) size 784x18
        RenderText {#text} at (0,0) size 79x18
          text run at (0,0) width 79: "1 1 R1.1 1.1"
