layer at (0,0) size 800x600
  RenderView at (0,0) size 800x600
layer at (0,0) size 800x94
  RenderBlock {HTML} at (0,0) size 800x94
    RenderBody {BODY} at (8,16) size 784x70
      RenderBlock {P} at (0,0) size 784x18
        RenderText {#text} at (0,0) size 292x18
          text run at (0,0) width 292: "The following two lines should look the same:"
      RenderBlock {DIV} at (0,34) size 784x18
        RenderInline {SPAN} at (0,0) size 18x18
          RenderInline (generated) at (0,0) size 18x18
            RenderCounter at (0,0) size 18x18
              text run at (0,0) width 18: "a.a"
        RenderText {#text} at (18,0) size 4x18
          text run at (18,0) width 4: " "
        RenderInline {SPAN} at (0,0) size 19x18
          RenderInline (generated) at (0,0) size 19x18
            RenderCounter at (22,0) size 19x18
              text run at (22,0) width 19: "a.b"
        RenderText {#text} at (41,0) size 4x18
          text run at (41,0) width 4: " "
        RenderInline {SPAN} at (0,0) size 18x18
          RenderInline (generated) at (0,0) size 18x18
            RenderCounter at (45,0) size 18x18
              text run at (45,0) width 18: "a.c"
        RenderText {#text} at (63,0) size 4x18
          text run at (63,0) width 4: " "
        RenderInline {SPAN} at (0,0) size 19x18
          RenderInline (generated) at (0,0) size 19x18
            RenderCounter at (67,0) size 19x18
              text run at (67,0) width 19: "a.d"
        RenderText {#text} at (86,0) size 4x18
          text run at (86,0) width 4: " "
        RenderInline {SPAN} at (0,0) size 18x18
          RenderInline (generated) at (0,0) size 18x18
            RenderCounter at (90,0) size 18x18
              text run at (90,0) width 18: "a.e"
        RenderText {#text} at (108,0) size 4x18
          text run at (108,0) width 4: " "
        RenderInline {SPAN} at (0,0) size 16x18
          RenderInline (generated) at (0,0) size 16x18
            RenderCounter at (112,0) size 16x18
              text run at (112,0) width 16: "a.f"
        RenderText {#text} at (128,0) size 4x18
          text run at (128,0) width 4: " "
        RenderInline {SPAN} at (0,0) size 19x18
          RenderInline (generated) at (0,0) size 19x18
            RenderCounter at (132,0) size 19x18
              text run at (132,0) width 19: "a.g"
        RenderText {#text} at (151,0) size 4x18
          text run at (151,0) width 4: " "
        RenderInline {SPAN} at (0,0) size 19x18
          RenderInline (generated) at (0,0) size 19x18
            RenderCounter at (155,0) size 19x18
              text run at (155,0) width 19: "a.h"
        RenderText {#text} at (174,0) size 4x18
          text run at (174,0) width 4: " "
        RenderInline {SPAN} at (0,0) size 15x18
          RenderInline (generated) at (0,0) size 15x18
            RenderCounter at (178,0) size 15x18
              text run at (178,0) width 15: "a.i"
        RenderText {#text} at (193,0) size 4x18
          text run at (193,0) width 4: " "
        RenderInline {SPAN} at (0,0) size 15x18
          RenderInline (generated) at (0,0) size 15x18
            RenderCounter at (197,0) size 15x18
              text run at (197,0) width 15: "a.j"
        RenderText {#text} at (212,0) size 4x18
          text run at (212,0) width 4: " "
        RenderInline {SPAN} at (0,0) size 19x18
          RenderInline (generated) at (0,0) size 19x18
            RenderCounter at (216,0) size 19x18
              text run at (216,0) width 19: "a.k"
        RenderText {#text} at (235,0) size 4x18
          text run at (235,0) width 4: " "
        RenderInline {SPAN} at (0,0) size 15x18
          RenderInline (generated) at (0,0) size 15x18
            RenderCounter at (239,0) size 15x18
              text run at (239,0) width 15: "a.l"
        RenderText {#text} at (0,0) size 0x0
      RenderBlock {DIV} at (0,52) size 784x18
        RenderText {#text} at (0,0) size 254x18
          text run at (0,0) width 22: "a.a "
          text run at (22,0) width 23: "a.b "
          text run at (45,0) width 22: "a.c "
          text run at (67,0) width 23: "a.d "
          text run at (90,0) width 22: "a.e "
          text run at (112,0) width 20: "a.f "
          text run at (132,0) width 23: "a.g "
          text run at (155,0) width 23: "a.h "
          text run at (178,0) width 19: "a.i "
          text run at (197,0) width 19: "a.j "
          text run at (216,0) width 23: "a.k "
          text run at (239,0) width 15: "a.l"
