layer at (0,0) size 800x600
  RenderView at (0,0) size 800x600
layer at (0,0) size 800x94
  RenderBlock {HTML} at (0,0) size 800x94
    RenderBody {BODY} at (8,16) size 784x70
      RenderBlock {P} at (0,0) size 784x18
        RenderText {#text} at (0,0) size 233x18
          text run at (0,0) width 233: "The following two lines should look "
        RenderInline {EM} at (0,0) size 91x18
          RenderText {#text} at (233,0) size 91x18
            text run at (233,0) width 91: "approximately"
        RenderText {#text} at (324,0) size 63x18
          text run at (324,0) width 63: " the same:"
      RenderBlock {DIV} at (0,34) size 784x18
        RenderInline {SPAN} at (0,0) size 8x18
          RenderInline (generated) at (0,0) size 8x18
            RenderCounter at (0,0) size 8x18
              text run at (0,0) width 8: "\x{25E6}"
        RenderText {#text} at (8,0) size 4x18
          text run at (8,0) width 4: " "
        RenderInline {SPAN} at (0,0) size 8x18
          RenderInline (generated) at (0,0) size 8x18
            RenderCounter at (12,0) size 8x18
              text run at (12,0) width 8: "\x{25E6}"
        RenderText {#text} at (20,0) size 4x18
          text run at (20,0) width 4: " "
        RenderInline {SPAN} at (0,0) size 8x18
          RenderInline (generated) at (0,0) size 8x18
            RenderCounter at (24,0) size 8x18
              text run at (24,0) width 8: "\x{25E6}"
        RenderText {#text} at (32,0) size 4x18
          text run at (32,0) width 4: " "
        RenderInline {SPAN} at (0,0) size 8x18
          RenderInline (generated) at (0,0) size 8x18
            RenderCounter at (36,0) size 8x18
              text run at (36,0) width 8: "\x{25E6}"
        RenderText {#text} at (44,0) size 4x18
          text run at (44,0) width 4: " "
        RenderInline {SPAN} at (0,0) size 8x18
          RenderInline (generated) at (0,0) size 8x18
            RenderCounter at (48,0) size 8x18
              text run at (48,0) width 8: "\x{25E6}"
        RenderText {#text} at (56,0) size 4x18
          text run at (56,0) width 4: " "
        RenderInline {SPAN} at (0,0) size 8x18
          RenderInline (generated) at (0,0) size 8x18
            RenderCounter at (60,0) size 8x18
              text run at (60,0) width 8: "\x{25E6}"
        RenderText {#text} at (68,0) size 4x18
          text run at (68,0) width 4: " "
        RenderInline {SPAN} at (0,0) size 8x18
          RenderInline (generated) at (0,0) size 8x18
            RenderCounter at (72,0) size 8x18
              text run at (72,0) width 8: "\x{25E6}"
        RenderText {#text} at (80,0) size 4x18
          text run at (80,0) width 4: " "
        RenderInline {SPAN} at (0,0) size 8x18
          RenderInline (generated) at (0,0) size 8x18
            RenderCounter at (84,0) size 8x18
              text run at (84,0) width 8: "\x{25E6}"
        RenderText {#text} at (92,0) size 4x18
          text run at (92,0) width 4: " "
        RenderInline {SPAN} at (0,0) size 8x18
          RenderInline (generated) at (0,0) size 8x18
            RenderCounter at (96,0) size 8x18
              text run at (96,0) width 8: "\x{25E6}"
        RenderText {#text} at (104,0) size 4x18
          text run at (104,0) width 4: " "
        RenderInline {SPAN} at (0,0) size 8x18
          RenderInline (generated) at (0,0) size 8x18
            RenderCounter at (108,0) size 8x18
              text run at (108,0) width 8: "\x{25E6}"
        RenderText {#text} at (116,0) size 4x18
          text run at (116,0) width 4: " "
        RenderInline {SPAN} at (0,0) size 8x18
          RenderInline (generated) at (0,0) size 8x18
            RenderCounter at (120,0) size 8x18
              text run at (120,0) width 8: "\x{25E6}"
        RenderText {#text} at (128,0) size 4x18
          text run at (128,0) width 4: " "
        RenderInline {SPAN} at (0,0) size 8x18
          RenderInline (generated) at (0,0) size 8x18
            RenderCounter at (132,0) size 8x18
              text run at (132,0) width 8: "\x{25E6}"
        RenderText {#text} at (0,0) size 0x0
      RenderBlock {DIV} at (0,52) size 784x18
        RenderText {#text} at (0,0) size 140x18
          text run at (0,0) width 12: "\x{25E6} "
          text run at (12,0) width 12: "\x{25E6} "
          text run at (24,0) width 12: "\x{25E6} "
          text run at (36,0) width 12: "\x{25E6} "
          text run at (48,0) width 12: "\x{25E6} "
          text run at (60,0) width 12: "\x{25E6} "
          text run at (72,0) width 12: "\x{25E6} "
          text run at (84,0) width 12: "\x{25E6} "
          text run at (96,0) width 12: "\x{25E6} "
          text run at (108,0) width 12: "\x{25E6} "
          text run at (120,0) width 12: "\x{25E6} "
          text run at (132,0) width 8: "\x{25E6}"
