layer at (0,0) size 800x600
  RenderView at (0,0) size 800x600
layer at (0,0) size 800x94
  RenderBlock {HTML} at (0,0) size 800x94
    RenderBody {BODY} at (8,16) size 784x70
      RenderBlock {P} at (0,0) size 784x18
        RenderText {#text} at (0,0) size 233x18
          text run at (0,0) width 233: "The following two lines should look "
        RenderInline {EM} at (0,0) size 91x18
          RenderText {#text} at (233,0) size 91x18
            text run at (233,0) width 91: "approximately"
        RenderText {#text} at (324,0) size 63x18
          text run at (324,0) width 63: " the same:"
      RenderBlock {DIV} at (0,34) size 784x18
        RenderInline {SPAN} at (0,0) size 7x18
          RenderInline (generated) at (0,0) size 7x18
            RenderCounter at (0,0) size 0x0
            RenderText at (0,0) size 7x18
              text run at (0,0) width 7: "z"
        RenderText {#text} at (7,0) size 4x18
          text run at (7,0) width 4: " "
        RenderInline {SPAN} at (0,0) size 7x18
          RenderInline (generated) at (0,0) size 7x18
            RenderCounter at (0,0) size 0x0
            RenderText at (11,0) size 7x18
              text run at (11,0) width 7: "z"
        RenderText {#text} at (18,0) size 4x18
          text run at (18,0) width 4: " "
        RenderInline {SPAN} at (0,0) size 7x18
          RenderInline (generated) at (0,0) size 7x18
            RenderCounter at (0,0) size 0x0
            RenderText at (22,0) size 7x18
              text run at (22,0) width 7: "z"
        RenderText {#text} at (29,0) size 4x18
          text run at (29,0) width 4: " "
        RenderInline {SPAN} at (0,0) size 7x18
          RenderInline (generated) at (0,0) size 7x18
            RenderCounter at (0,0) size 0x0
            RenderText at (33,0) size 7x18
              text run at (33,0) width 7: "z"
        RenderText {#text} at (40,0) size 4x18
          text run at (40,0) width 4: " "
        RenderInline {SPAN} at (0,0) size 7x18
          RenderInline (generated) at (0,0) size 7x18
            RenderCounter at (0,0) size 0x0
            RenderText at (44,0) size 7x18
              text run at (44,0) width 7: "z"
        RenderText {#text} at (51,0) size 4x18
          text run at (51,0) width 4: " "
        RenderInline {SPAN} at (0,0) size 7x18
          RenderInline (generated) at (0,0) size 7x18
            RenderCounter at (0,0) size 0x0
            RenderText at (55,0) size 7x18
              text run at (55,0) width 7: "z"
        RenderText {#text} at (62,0) size 4x18
          text run at (62,0) width 4: " "
        RenderInline {SPAN} at (0,0) size 7x18
          RenderInline (generated) at (0,0) size 7x18
            RenderCounter at (0,0) size 0x0
            RenderText at (66,0) size 7x18
              text run at (66,0) width 7: "z"
        RenderText {#text} at (73,0) size 4x18
          text run at (73,0) width 4: " "
        RenderInline {SPAN} at (0,0) size 7x18
          RenderInline (generated) at (0,0) size 7x18
            RenderCounter at (0,0) size 0x0
            RenderText at (77,0) size 7x18
              text run at (77,0) width 7: "z"
        RenderText {#text} at (84,0) size 4x18
          text run at (84,0) width 4: " "
        RenderInline {SPAN} at (0,0) size 7x18
          RenderInline (generated) at (0,0) size 7x18
            RenderCounter at (0,0) size 0x0
            RenderText at (88,0) size 7x18
              text run at (88,0) width 7: "z"
        RenderText {#text} at (95,0) size 4x18
          text run at (95,0) width 4: " "
        RenderInline {SPAN} at (0,0) size 7x18
          RenderInline (generated) at (0,0) size 7x18
            RenderCounter at (0,0) size 0x0
            RenderText at (99,0) size 7x18
              text run at (99,0) width 7: "z"
        RenderText {#text} at (106,0) size 4x18
          text run at (106,0) width 4: " "
        RenderInline {SPAN} at (0,0) size 7x18
          RenderInline (generated) at (0,0) size 7x18
            RenderCounter at (0,0) size 0x0
            RenderText at (110,0) size 7x18
              text run at (110,0) width 7: "z"
        RenderText {#text} at (117,0) size 4x18
          text run at (117,0) width 4: " "
        RenderInline {SPAN} at (0,0) size 7x18
          RenderInline (generated) at (0,0) size 7x18
            RenderCounter at (0,0) size 0x0
            RenderText at (121,0) size 7x18
              text run at (121,0) width 7: "z"
        RenderText {#text} at (0,0) size 0x0
      RenderBlock {DIV} at (0,52) size 784x18
        RenderText {#text} at (0,0) size 128x18
          text run at (0,0) width 11: "z "
          text run at (11,0) width 11: "z "
          text run at (22,0) width 11: "z "
          text run at (33,0) width 11: "z "
          text run at (44,0) width 11: "z "
          text run at (55,0) width 11: "z "
          text run at (66,0) width 11: "z "
          text run at (77,0) width 11: "z "
          text run at (88,0) width 11: "z "
          text run at (99,0) width 11: "z "
          text run at (110,0) width 11: "z "
          text run at (121,0) width 7: "z"
