layer at (0,0) size 800x600
  RenderView at (0,0) size 800x600
layer at (0,0) size 800x94
  RenderBlock {HTML} at (0,0) size 800x94
    RenderBody {BODY} at (8,16) size 784x70
      RenderBlock {P} at (0,0) size 784x18
        RenderText {#text} at (0,0) size 216x18
          text run at (0,0) width 216: "The following should be identical:"
      RenderBlock {DIV} at (0,34) size 784x18
        RenderInline {SPAN} at (0,0) size 8x18
          RenderInline {SPAN} at (0,0) size 8x18
            RenderInline (generated) at (0,0) size 8x18
              RenderCounter at (0,0) size 8x18
                text run at (0,0) width 8: "0"
        RenderText {#text} at (8,0) size 4x18
          text run at (8,0) width 4: " "
        RenderInline {SPAN} at (0,0) size 8x18
          RenderInline {SPAN} at (0,0) size 8x18
            RenderInline (generated) at (0,0) size 8x18
              RenderCounter at (12,0) size 8x18
                text run at (12,0) width 8: "1"
        RenderText {#text} at (20,0) size 4x18
          text run at (20,0) width 4: " "
        RenderInline {SPAN} at (0,0) size 8x18
          RenderInline {SPAN} at (0,0) size 8x18
            RenderInline (generated) at (0,0) size 8x18
              RenderCounter at (24,0) size 8x18
                text run at (24,0) width 8: "2"
        RenderText {#text} at (32,0) size 4x18
          text run at (32,0) width 4: " "
        RenderInline {SPAN} at (0,0) size 8x18
          RenderInline {SPAN} at (0,0) size 8x18
            RenderInline (generated) at (0,0) size 8x18
              RenderCounter at (36,0) size 8x18
                text run at (36,0) width 8: "3"
        RenderText {#text} at (44,0) size 4x18
          text run at (44,0) width 4: " "
        RenderInline {SPAN} at (0,0) size 8x18
          RenderInline {SPAN} at (0,0) size 8x18
            RenderInline (generated) at (0,0) size 8x18
              RenderCounter at (48,0) size 8x18
                text run at (48,0) width 8: "4"
        RenderText {#text} at (56,0) size 4x18
          text run at (56,0) width 4: " "
        RenderInline {SPAN} at (0,0) size 8x18
          RenderInline {SPAN} at (0,0) size 8x18
            RenderInline (generated) at (0,0) size 8x18
              RenderCounter at (60,0) size 8x18
                text run at (60,0) width 8: "4"
        RenderText {#text} at (68,0) size 4x18
          text run at (68,0) width 4: " "
        RenderInline {SPAN} at (0,0) size 8x18
          RenderInline {SPAN} at (0,0) size 8x18
            RenderInline (generated) at (0,0) size 8x18
              RenderCounter at (72,0) size 8x18
                text run at (72,0) width 8: "4"
        RenderText {#text} at (80,0) size 4x18
          text run at (80,0) width 4: " "
        RenderInline {SPAN} at (0,0) size 8x18
          RenderInline {SPAN} at (0,0) size 8x18
            RenderInline (generated) at (0,0) size 8x18
              RenderCounter at (84,0) size 8x18
                text run at (84,0) width 8: "4"
        RenderText {#text} at (92,0) size 4x18
          text run at (92,0) width 4: " "
        RenderInline {SPAN} at (0,0) size 8x18
          RenderInline {SPAN} at (0,0) size 8x18
            RenderInline (generated) at (0,0) size 8x18
              RenderCounter at (96,0) size 8x18
                text run at (96,0) width 8: "8"
        RenderText {#text} at (104,0) size 4x18
          text run at (104,0) width 4: " "
        RenderInline {SPAN} at (0,0) size 8x18
          RenderInline {SPAN} at (0,0) size 8x18
            RenderInline (generated) at (0,0) size 8x18
              RenderCounter at (108,0) size 8x18
                text run at (108,0) width 8: "9"
        RenderText {#text} at (116,0) size 4x18
          text run at (116,0) width 4: " "
        RenderInline {SPAN} at (0,0) size 16x18
          RenderInline {SPAN} at (0,0) size 16x18
            RenderInline (generated) at (0,0) size 16x18
              RenderCounter at (120,0) size 16x18
                text run at (120,0) width 16: "10"
        RenderText {#text} at (136,0) size 4x18
          text run at (136,0) width 4: " "
        RenderInline {SPAN} at (0,0) size 16x18
          RenderInline {SPAN} at (0,0) size 16x18
            RenderInline (generated) at (0,0) size 16x18
              RenderCounter at (140,0) size 16x18
                text run at (140,0) width 16: "11"
        RenderText {#text} at (156,0) size 4x18
          text run at (156,0) width 4: " "
        RenderInline {SPAN} at (0,0) size 16x18
          RenderInline {SPAN} at (0,0) size 16x18
            RenderInline (generated) at (0,0) size 16x18
              RenderCounter at (160,0) size 16x18
                text run at (160,0) width 16: "12"
        RenderText {#text} at (176,0) size 4x18
          text run at (176,0) width 4: " "
        RenderInline {SPAN} at (0,0) size 16x18
          RenderInline {SPAN} at (0,0) size 16x18
            RenderInline (generated) at (0,0) size 16x18
              RenderCounter at (180,0) size 16x18
                text run at (180,0) width 16: "12"
        RenderText {#text} at (196,0) size 4x18
          text run at (196,0) width 4: " "
        RenderInline {SPAN} at (0,0) size 16x18
          RenderInline {SPAN} at (0,0) size 16x18
            RenderInline (generated) at (0,0) size 16x18
              RenderCounter at (200,0) size 16x18
                text run at (200,0) width 16: "12"
        RenderText {#text} at (216,0) size 4x18
          text run at (216,0) width 4: " "
        RenderInline {SPAN} at (0,0) size 16x18
          RenderInline {SPAN} at (0,0) size 16x18
            RenderInline (generated) at (0,0) size 16x18
              RenderCounter at (220,0) size 16x18
                text run at (220,0) width 16: "12"
        RenderText {#text} at (0,0) size 0x0
      RenderBlock {DIV} at (0,52) size 784x18
        RenderText {#text} at (0,0) size 236x18
          text run at (0,0) width 12: "0 "
          text run at (12,0) width 12: "1 "
          text run at (24,0) width 12: "2 "
          text run at (36,0) width 12: "3 "
          text run at (48,0) width 12: "4 "
          text run at (60,0) width 12: "4 "
          text run at (72,0) width 12: "4 "
          text run at (84,0) width 12: "4 "
          text run at (96,0) width 12: "8 "
          text run at (108,0) width 12: "9 "
          text run at (120,0) width 20: "10 "
          text run at (140,0) width 20: "11 "
          text run at (160,0) width 20: "12 "
          text run at (180,0) width 20: "12 "
          text run at (200,0) width 20: "12 "
          text run at (220,0) width 16: "12"
