layer at (0,0) size 800x600
  RenderView at (0,0) size 800x600
layer at (0,0) size 800x97
  RenderBlock {HTML} at (0,0) size 800x97
    RenderBody {BODY} at (8,16) size 784x73
      RenderBlock {P} at (0,0) size 784x18
        RenderText {#text} at (0,0) size 233x17
          text run at (0,0) width 233: "The following two lines should look "
        RenderInline {EM} at (0,0) size 91x17
          RenderText {#text} at (233,0) size 91x17
            text run at (233,0) width 91: "approximately"
        RenderText {#text} at (324,0) size 63x17
          text run at (324,0) width 63: " the same:"
      RenderBlock {DIV} at (0,34) size 784x18
        RenderInline {SPAN} at (0,0) size 24x17
          RenderInline (generated) at (0,0) size 24x17
            RenderCounter at (0,0) size 24x17
              text run at (0,0) width 24: "\x{25A0}.\x{25A0}"
        RenderText {#text} at (24,0) size 4x17
          text run at (24,0) width 4: " "
        RenderInline {SPAN} at (0,0) size 24x17
          RenderInline (generated) at (0,0) size 24x17
            RenderCounter at (28,0) size 24x17
              text run at (28,0) width 24: "\x{25A0}.\x{25A0}"
        RenderText {#text} at (52,0) size 4x17
          text run at (52,0) width 4: " "
        RenderInline {SPAN} at (0,0) size 24x17
          RenderInline (generated) at (0,0) size 24x17
            RenderCounter at (56,0) size 24x17
              text run at (56,0) width 24: "\x{25A0}.\x{25A0}"
        RenderText {#text} at (80,0) size 4x17
          text run at (80,0) width 4: " "
        RenderInline {SPAN} at (0,0) size 24x17
          RenderInline (generated) at (0,0) size 24x17
            RenderCounter at (84,0) size 24x17
              text run at (84,0) width 24: "\x{25A0}.\x{25A0}"
        RenderText {#text} at (108,0) size 4x17
          text run at (108,0) width 4: " "
        RenderInline {SPAN} at (0,0) size 24x17
          RenderInline (generated) at (0,0) size 24x17
            RenderCounter at (112,0) size 24x17
              text run at (112,0) width 24: "\x{25A0}.\x{25A0}"
        RenderText {#text} at (136,0) size 4x17
          text run at (136,0) width 4: " "
        RenderInline {SPAN} at (0,0) size 24x17
          RenderInline (generated) at (0,0) size 24x17
            RenderCounter at (140,0) size 24x17
              text run at (140,0) width 24: "\x{25A0}.\x{25A0}"
        RenderText {#text} at (164,0) size 4x17
          text run at (164,0) width 4: " "
        RenderInline {SPAN} at (0,0) size 24x17
          RenderInline (generated) at (0,0) size 24x17
            RenderCounter at (168,0) size 24x17
              text run at (168,0) width 24: "\x{25A0}.\x{25A0}"
        RenderText {#text} at (192,0) size 4x17
          text run at (192,0) width 4: " "
        RenderInline {SPAN} at (0,0) size 24x17
          RenderInline (generated) at (0,0) size 24x17
            RenderCounter at (196,0) size 24x17
              text run at (196,0) width 24: "\x{25A0}.\x{25A0}"
        RenderText {#text} at (220,0) size 4x17
          text run at (220,0) width 4: " "
        RenderInline {SPAN} at (0,0) size 24x17
          RenderInline (generated) at (0,0) size 24x17
            RenderCounter at (224,0) size 24x17
              text run at (224,0) width 24: "\x{25A0}.\x{25A0}"
        RenderText {#text} at (248,0) size 4x17
          text run at (248,0) width 4: " "
        RenderInline {SPAN} at (0,0) size 24x17
          RenderInline (generated) at (0,0) size 24x17
            RenderCounter at (252,0) size 24x17
              text run at (252,0) width 24: "\x{25A0}.\x{25A0}"
        RenderText {#text} at (276,0) size 4x17
          text run at (276,0) width 4: " "
        RenderInline {SPAN} at (0,0) size 24x17
          RenderInline (generated) at (0,0) size 24x17
            RenderCounter at (280,0) size 24x17
              text run at (280,0) width 24: "\x{25A0}.\x{25A0}"
        RenderText {#text} at (304,0) size 4x17
          text run at (304,0) width 4: " "
        RenderInline {SPAN} at (0,0) size 24x17
          RenderInline (generated) at (0,0) size 24x17
            RenderCounter at (308,0) size 24x17
              text run at (308,0) width 24: "\x{25A0}.\x{25A0}"
        RenderText {#text} at (0,0) size 0x0
      RenderBlock {DIV} at (0,52) size 784x21
        RenderText {#text} at (0,3) size 428x17
          text run at (0,3) width 36: "\x{25FE}.\x{25FE} "
          text run at (36,3) width 36: "\x{25FE}.\x{25FE} "
          text run at (72,3) width 36: "\x{25FE}.\x{25FE} "
          text run at (108,3) width 36: "\x{25FE}.\x{25FE} "
          text run at (144,3) width 36: "\x{25FE}.\x{25FE} "
          text run at (180,3) width 36: "\x{25FE}.\x{25FE} "
          text run at (216,3) width 36: "\x{25FE}.\x{25FE} "
          text run at (252,3) width 36: "\x{25FE}.\x{25FE} "
          text run at (288,3) width 36: "\x{25FE}.\x{25FE} "
          text run at (324,3) width 36: "\x{25FE}.\x{25FE} "
          text run at (360,3) width 36: "\x{25FE}.\x{25FE} "
          text run at (396,3) width 32: "\x{25FE}.\x{25FE}"
