layer at (0,0) size 800x600
  RenderView at (0,0) size 800x600
layer at (0,0) size 800x94
  RenderBlock {HTML} at (0,0) size 800x94
    RenderBody {BODY} at (8,16) size 784x70
      RenderBlock {P} at (0,0) size 784x18
        RenderText {#text} at (0,0) size 292x18
          text run at (0,0) width 292: "The following two lines should look the same:"
      RenderBlock {DIV} at (0,34) size 784x18
        RenderInline {SPAN} at (0,0) size 12x18
          RenderInline (generated) at (0,0) size 12x18
            RenderCounter at (0,0) size 12x18
              text run at (0,0) width 12: "A"
        RenderText {#text} at (12,0) size 4x18
          text run at (12,0) width 4: " "
        RenderInline {SPAN} at (0,0) size 11x18
          RenderInline (generated) at (0,0) size 11x18
            RenderCounter at (16,0) size 11x18
              text run at (16,0) width 11: "B"
        RenderText {#text} at (27,0) size 4x18
          text run at (27,0) width 4: " "
        RenderInline {SPAN} at (0,0) size 11x18
          RenderInline (generated) at (0,0) size 11x18
            RenderCounter at (31,0) size 11x18
              text run at (31,0) width 11: "C"
        RenderText {#text} at (42,0) size 4x18
          text run at (42,0) width 4: " "
        RenderInline {SPAN} at (0,0) size 12x18
          RenderInline (generated) at (0,0) size 12x18
            RenderCounter at (46,0) size 12x18
              text run at (46,0) width 12: "D"
        RenderText {#text} at (58,0) size 4x18
          text run at (58,0) width 4: " "
        RenderInline {SPAN} at (0,0) size 10x18
          RenderInline (generated) at (0,0) size 10x18
            RenderCounter at (62,0) size 10x18
              text run at (62,0) width 10: "E"
        RenderText {#text} at (72,0) size 4x18
          text run at (72,0) width 4: " "
        RenderInline {SPAN} at (0,0) size 9x18
          RenderInline (generated) at (0,0) size 9x18
            RenderCounter at (76,0) size 9x18
              text run at (76,0) width 9: "F"
        RenderText {#text} at (85,0) size 4x18
          text run at (85,0) width 4: " "
        RenderInline {SPAN} at (0,0) size 12x18
          RenderInline (generated) at (0,0) size 12x18
            RenderCounter at (89,0) size 12x18
              text run at (89,0) width 12: "G"
        RenderText {#text} at (101,0) size 4x18
          text run at (101,0) width 4: " "
        RenderInline {SPAN} at (0,0) size 12x18
          RenderInline (generated) at (0,0) size 12x18
            RenderCounter at (105,0) size 12x18
              text run at (105,0) width 12: "H"
        RenderText {#text} at (117,0) size 4x18
          text run at (117,0) width 4: " "
        RenderInline {SPAN} at (0,0) size 5x18
          RenderInline (generated) at (0,0) size 5x18
            RenderCounter at (121,0) size 5x18
              text run at (121,0) width 5: "I"
        RenderText {#text} at (126,0) size 4x18
          text run at (126,0) width 4: " "
        RenderInline {SPAN} at (0,0) size 6x18
          RenderInline (generated) at (0,0) size 6x18
            RenderCounter at (130,0) size 6x18
              text run at (130,0) width 6: "J"
        RenderText {#text} at (136,0) size 4x18
          text run at (136,0) width 4: " "
        RenderInline {SPAN} at (0,0) size 12x18
          RenderInline (generated) at (0,0) size 12x18
            RenderCounter at (140,0) size 12x18
              text run at (140,0) width 12: "K"
        RenderText {#text} at (152,0) size 4x18
          text run at (152,0) width 4: " "
        RenderInline {SPAN} at (0,0) size 10x18
          RenderInline (generated) at (0,0) size 10x18
            RenderCounter at (156,0) size 10x18
              text run at (156,0) width 10: "L"
        RenderText {#text} at (0,0) size 0x0
      RenderBlock {DIV} at (0,52) size 784x18
        RenderText {#text} at (0,0) size 166x18
          text run at (0,0) width 16: "A "
          text run at (16,0) width 15: "B "
          text run at (31,0) width 15: "C "
          text run at (46,0) width 16: "D "
          text run at (62,0) width 14: "E "
          text run at (76,0) width 13: "F "
          text run at (89,0) width 16: "G "
          text run at (105,0) width 16: "H "
          text run at (121,0) width 9: "I "
          text run at (130,0) width 10: "J "
          text run at (140,0) width 16: "K "
          text run at (156,0) width 10: "L"
