layer at (0,0) size 800x600
  RenderView at (0,0) size 800x600
layer at (0,0) size 800x94
  RenderBlock {HTML} at (0,0) size 800x94
    RenderBody {BODY} at (8,16) size 784x70
      RenderBlock {P} at (0,0) size 784x18
        RenderText {#text} at (0,0) size 279x18
          text run at (0,0) width 279: "The following two lines should be the same:"
      RenderBlock {DIV} at (0,34) size 784x18
        RenderInline {SPAN} at (0,0) size 491x18
          RenderInline (generated) at (0,0) size 24x18
            RenderText at (0,0) size 11x18
              text run at (0,0) width 11: "B"
            RenderCounter at (11,0) size 8x18
              text run at (11,0) width 8: "1"
            RenderText at (19,0) size 5x18
              text run at (19,0) width 5: "-"
          RenderInline {SPAN} at (0,0) size 442x18
            RenderInline (generated) at (0,0) size 24x18
              RenderText at (24,0) size 11x18
                text run at (24,0) width 11: "B"
              RenderCounter at (35,0) size 8x18
                text run at (35,0) width 8: "2"
              RenderText at (43,0) size 5x18
                text run at (43,0) width 5: "-"
            RenderInline {SPAN} at (0,0) size 219x18
              RenderInline (generated) at (0,0) size 36x18
                RenderText at (48,0) size 11x18
                  text run at (48,0) width 11: "B"
                RenderCounter at (59,0) size 20x18
                  text run at (59,0) width 20: "2.1"
                RenderText at (79,0) size 5x18
                  text run at (79,0) width 5: "-"
              RenderInline {SPAN} at (0,0) size 73x18
                RenderInline (generated) at (0,0) size 36x18
                  RenderText at (84,0) size 11x18
                    text run at (84,0) width 11: "B"
                  RenderCounter at (95,0) size 20x18
                    text run at (95,0) width 20: "2.2"
                  RenderText at (115,0) size 5x18
                    text run at (115,0) width 5: "-"
                RenderInline (generated) at (0,0) size 37x18
                  RenderText at (120,0) size 12x18
                    text run at (120,0) width 12: "A"
                  RenderCounter at (132,0) size 20x18
                    text run at (132,0) width 20: "2.3"
                  RenderText at (152,0) size 5x18
                    text run at (152,0) width 5: "-"
              RenderInline {SPAN} at (0,0) size 73x18
                RenderInline (generated) at (0,0) size 36x18
                  RenderText at (157,0) size 11x18
                    text run at (157,0) width 11: "B"
                  RenderCounter at (168,0) size 20x18
                    text run at (168,0) width 20: "2.4"
                  RenderText at (188,0) size 5x18
                    text run at (188,0) width 5: "-"
                RenderInline (generated) at (0,0) size 37x18
                  RenderText at (193,0) size 12x18
                    text run at (193,0) width 12: "A"
                  RenderCounter at (205,0) size 20x18
                    text run at (205,0) width 20: "2.5"
                  RenderText at (225,0) size 5x18
                    text run at (225,0) width 5: "-"
              RenderInline (generated) at (0,0) size 37x18
                RenderText at (230,0) size 12x18
                  text run at (230,0) width 12: "A"
                RenderCounter at (242,0) size 20x18
                  text run at (242,0) width 20: "2.6"
                RenderText at (262,0) size 5x18
                  text run at (262,0) width 5: "-"
            RenderInline {SPAN} at (0,0) size 154x18
              RenderInline (generated) at (0,0) size 36x18
                RenderText at (267,0) size 11x18
                  text run at (267,0) width 11: "B"
                RenderCounter at (278,0) size 20x18
                  text run at (278,0) width 20: "2.7"
                RenderText at (298,0) size 5x18
                  text run at (298,0) width 5: "-"
              RenderInline {SPAN} at (0,0) size 73x18
                RenderInline (generated) at (0,0) size 36x18
                  RenderText at (303,0) size 11x18
                    text run at (303,0) width 11: "B"
                  RenderCounter at (314,0) size 20x18
                    text run at (314,0) width 20: "2.8"
                  RenderText at (334,0) size 5x18
                    text run at (334,0) width 5: "-"
                RenderInline (generated) at (0,0) size 37x18
                  RenderText at (339,0) size 12x18
                    text run at (339,0) width 12: "A"
                  RenderCounter at (351,0) size 20x18
                    text run at (351,0) width 20: "2.9"
                  RenderText at (371,0) size 5x18
                    text run at (371,0) width 5: "-"
              RenderInline (generated) at (0,0) size 45x18
                RenderText at (376,0) size 12x18
                  text run at (376,0) width 12: "A"
                RenderCounter at (388,0) size 28x18
                  text run at (388,0) width 28: "2.10"
                RenderText at (416,0) size 5x18
                  text run at (416,0) width 5: "-"
            RenderInline (generated) at (0,0) size 45x18
              RenderText at (421,0) size 12x18
                text run at (421,0) width 12: "A"
              RenderCounter at (433,0) size 28x18
                text run at (433,0) width 28: "2.11"
              RenderText at (461,0) size 5x18
                text run at (461,0) width 5: "-"
          RenderInline (generated) at (0,0) size 25x18
            RenderText at (466,0) size 12x18
              text run at (466,0) width 12: "A"
            RenderCounter at (478,0) size 8x18
              text run at (478,0) width 8: "3"
            RenderText at (486,0) size 5x18
              text run at (486,0) width 5: "-"
      RenderBlock {DIV} at (0,52) size 784x18
        RenderText {#text} at (0,0) size 491x18
          text run at (0,0) width 491: "B1-B2-B2.1-B2.2-A2.3-B2.4-A2.5-A2.6-B2.7-B2.8-A2.9-A2.10-A2.11-A3-"
