layer at (0,0) size 800x600
  RenderView at (0,0) size 800x600
layer at (0,0) size 800x94
  RenderBlock {HTML} at (0,0) size 800x94
    RenderBody {BODY} at (8,16) size 784x70
      RenderBlock {P} at (0,0) size 784x18
        RenderText {#text} at (0,0) size 292x18
          text run at (0,0) width 292: "The following two lines should look the same:"
      RenderBlock {DIV} at (0,34) size 784x18
        RenderInline {SPAN} at (0,0) size 7x18
          RenderInline (generated) at (0,0) size 7x18
            RenderCounter at (0,0) size 7x18
              text run at (0,0) width 7: "\x{10D0}"
        RenderText {#text} at (7,0) size 4x18
          text run at (7,0) width 4: " "
        RenderInline {SPAN} at (0,0) size 9x18
          RenderInline (generated) at (0,0) size 9x18
            RenderCounter at (11,0) size 9x18
              text run at (11,0) width 9: "\x{10D1}"
        RenderText {#text} at (20,0) size 4x18
          text run at (20,0) width 4: " "
        RenderInline {SPAN} at (0,0) size 9x18
          RenderInline (generated) at (0,0) size 9x18
            RenderCounter at (24,0) size 9x18
              text run at (24,0) width 9: "\x{10D2}"
        RenderText {#text} at (33,0) size 4x18
          text run at (33,0) width 4: " "
        RenderInline {SPAN} at (0,0) size 15x18
          RenderInline (generated) at (0,0) size 15x18
            RenderCounter at (37,0) size 15x18
              text run at (37,0) width 15: "\x{10D3}"
        RenderText {#text} at (52,0) size 4x18
          text run at (52,0) width 4: " "
        RenderInline {SPAN} at (0,0) size 8x18
          RenderInline (generated) at (0,0) size 8x18
            RenderCounter at (56,0) size 8x18
              text run at (56,0) width 8: "\x{10D4}"
        RenderText {#text} at (64,0) size 4x18
          text run at (64,0) width 4: " "
        RenderInline {SPAN} at (0,0) size 9x18
          RenderInline (generated) at (0,0) size 9x18
            RenderCounter at (68,0) size 9x18
              text run at (68,0) width 9: "\x{10D5}"
        RenderText {#text} at (77,0) size 4x18
          text run at (77,0) width 4: " "
        RenderInline {SPAN} at (0,0) size 12x18
          RenderInline (generated) at (0,0) size 12x18
            RenderCounter at (81,0) size 12x18
              text run at (81,0) width 12: "\x{10D6}"
        RenderText {#text} at (93,0) size 4x18
          text run at (93,0) width 4: " "
        RenderInline {SPAN} at (0,0) size 11x18
          RenderInline (generated) at (0,0) size 11x18
            RenderCounter at (97,0) size 11x18
              text run at (97,0) width 11: "\x{10F1}"
        RenderText {#text} at (108,0) size 4x18
          text run at (108,0) width 4: " "
        RenderInline {SPAN} at (0,0) size 15x18
          RenderInline (generated) at (0,0) size 15x18
            RenderCounter at (112,0) size 15x18
              text run at (112,0) width 15: "\x{10D7}"
        RenderText {#text} at (127,0) size 4x18
          text run at (127,0) width 4: " "
        RenderInline {SPAN} at (0,0) size 9x18
          RenderInline (generated) at (0,0) size 9x18
            RenderCounter at (131,0) size 9x18
              text run at (131,0) width 9: "\x{10D8}"
        RenderText {#text} at (140,0) size 4x18
          text run at (140,0) width 4: " "
        RenderInline {SPAN} at (0,0) size 16x18
          RenderInline (generated) at (0,0) size 16x18
            RenderCounter at (144,0) size 16x18
              text run at (144,0) width 16: "\x{10D8}\x{10D0}"
        RenderText {#text} at (160,0) size 4x18
          text run at (160,0) width 4: " "
        RenderInline {SPAN} at (0,0) size 18x18
          RenderInline (generated) at (0,0) size 18x18
            RenderCounter at (164,0) size 18x18
              text run at (164,0) width 18: "\x{10D8}\x{10D1}"
        RenderText {#text} at (182,0) size 4x18
          text run at (182,0) width 4: " "
        RenderInline {SPAN} at (0,0) size 8x18
          RenderInline (generated) at (0,0) size 8x18
            RenderCounter at (186,0) size 8x18
              text run at (186,0) width 8: "\x{10D9}"
        RenderText {#text} at (194,0) size 4x18
          text run at (194,0) width 4: " "
        RenderInline {SPAN} at (0,0) size 19x18
          RenderInline (generated) at (0,0) size 19x18
            RenderCounter at (198,0) size 19x18
              text run at (198,0) width 19: "\x{10DA}"
        RenderText {#text} at (217,0) size 4x18
          text run at (217,0) width 4: " "
        RenderInline {SPAN} at (0,0) size 8x18
          RenderInline (generated) at (0,0) size 8x18
            RenderCounter at (221,0) size 8x18
              text run at (221,0) width 8: "\x{10DB}"
        RenderText {#text} at (229,0) size 4x18
          text run at (229,0) width 4: " "
        RenderInline {SPAN} at (0,0) size 8x18
          RenderInline (generated) at (0,0) size 8x18
            RenderCounter at (233,0) size 8x18
              text run at (233,0) width 8: "\x{10DC}"
        RenderText {#text} at (241,0) size 4x18
          text run at (241,0) width 4: " "
        RenderInline {SPAN} at (0,0) size 9x18
          RenderInline (generated) at (0,0) size 9x18
            RenderCounter at (245,0) size 9x18
              text run at (245,0) width 9: "\x{10F2}"
        RenderText {#text} at (254,0) size 4x18
          text run at (254,0) width 4: " "
        RenderInline {SPAN} at (0,0) size 14x18
          RenderInline (generated) at (0,0) size 14x18
            RenderCounter at (258,0) size 14x18
              text run at (258,0) width 14: "\x{10DD}"
        RenderText {#text} at (272,0) size 4x18
          text run at (272,0) width 4: " "
        RenderInline {SPAN} at (0,0) size 8x18
          RenderInline (generated) at (0,0) size 8x18
            RenderCounter at (276,0) size 8x18
              text run at (276,0) width 8: "\x{10DE}"
        RenderText {#text} at (284,0) size 4x18
          text run at (284,0) width 4: " "
        RenderInline {SPAN} at (0,0) size 9x18
          RenderInline (generated) at (0,0) size 9x18
            RenderCounter at (288,0) size 9x18
              text run at (288,0) width 9: "\x{10DF}"
        RenderText {#text} at (297,0) size 4x18
          text run at (297,0) width 4: " "
        RenderInline {SPAN} at (0,0) size 13x18
          RenderInline (generated) at (0,0) size 13x18
            RenderCounter at (301,0) size 13x18
              text run at (301,0) width 13: "\x{10E0}"
        RenderText {#text} at (314,0) size 4x18
          text run at (314,0) width 4: " "
        RenderInline {SPAN} at (0,0) size 8x18
          RenderInline (generated) at (0,0) size 8x18
            RenderCounter at (318,0) size 8x18
              text run at (318,0) width 8: "\x{10E1}"
        RenderText {#text} at (326,0) size 4x18
          text run at (326,0) width 4: " "
        RenderInline {SPAN} at (0,0) size 12x18
          RenderInline (generated) at (0,0) size 12x18
            RenderCounter at (330,0) size 12x18
              text run at (330,0) width 12: "\x{10E2}"
        RenderText {#text} at (342,0) size 4x18
          text run at (342,0) width 4: " "
        RenderInline {SPAN} at (0,0) size 9x18
          RenderInline (generated) at (0,0) size 9x18
            RenderCounter at (346,0) size 9x18
              text run at (346,0) width 9: "\x{10F3}"
        RenderText {#text} at (355,0) size 4x18
          text run at (355,0) width 4: " "
        RenderInline {SPAN} at (0,0) size 13x18
          RenderInline (generated) at (0,0) size 13x18
            RenderCounter at (359,0) size 13x18
              text run at (359,0) width 13: "\x{10E4}"
        RenderText {#text} at (372,0) size 4x18
          text run at (372,0) width 4: " "
        RenderInline {SPAN} at (0,0) size 8x18
          RenderInline (generated) at (0,0) size 8x18
            RenderCounter at (376,0) size 8x18
              text run at (376,0) width 8: "\x{10E5}"
        RenderText {#text} at (384,0) size 4x18
          text run at (384,0) width 4: " "
        RenderInline {SPAN} at (0,0) size 13x18
          RenderInline (generated) at (0,0) size 13x18
            RenderCounter at (388,0) size 13x18
              text run at (388,0) width 13: "\x{10E6}"
        RenderText {#text} at (401,0) size 4x18
          text run at (401,0) width 4: " "
        RenderInline {SPAN} at (0,0) size 7x18
          RenderInline (generated) at (0,0) size 7x18
            RenderCounter at (405,0) size 7x18
              text run at (405,0) width 7: "\x{10E7}"
        RenderText {#text} at (412,0) size 4x18
          text run at (412,0) width 4: " "
        RenderInline {SPAN} at (0,0) size 8x18
          RenderInline (generated) at (0,0) size 8x18
            RenderCounter at (416,0) size 8x18
              text run at (416,0) width 8: "\x{10E8}"
        RenderText {#text} at (424,0) size 4x18
          text run at (424,0) width 4: " "
        RenderInline {SPAN} at (0,0) size 8x18
          RenderInline (generated) at (0,0) size 8x18
            RenderCounter at (428,0) size 8x18
              text run at (428,0) width 8: "\x{10E9}"
        RenderText {#text} at (436,0) size 4x18
          text run at (436,0) width 4: " "
        RenderInline {SPAN} at (0,0) size 9x18
          RenderInline (generated) at (0,0) size 9x18
            RenderCounter at (440,0) size 9x18
              text run at (440,0) width 9: "\x{10EA}"
        RenderText {#text} at (449,0) size 4x18
          text run at (449,0) width 4: " "
        RenderInline {SPAN} at (0,0) size 8x18
          RenderInline (generated) at (0,0) size 8x18
            RenderCounter at (453,0) size 8x18
              text run at (453,0) width 8: "\x{10EB}"
        RenderText {#text} at (461,0) size 4x18
          text run at (461,0) width 4: " "
        RenderInline {SPAN} at (0,0) size 8x18
          RenderInline (generated) at (0,0) size 8x18
            RenderCounter at (465,0) size 8x18
              text run at (465,0) width 8: "\x{10EC}"
        RenderText {#text} at (473,0) size 4x18
          text run at (473,0) width 4: " "
        RenderInline {SPAN} at (0,0) size 9x18
          RenderInline (generated) at (0,0) size 9x18
            RenderCounter at (477,0) size 9x18
              text run at (477,0) width 9: "\x{10ED}"
        RenderText {#text} at (486,0) size 4x18
          text run at (486,0) width 4: " "
        RenderInline {SPAN} at (0,0) size 8x18
          RenderInline (generated) at (0,0) size 8x18
            RenderCounter at (490,0) size 8x18
              text run at (490,0) width 8: "\x{10EE}"
        RenderText {#text} at (498,0) size 4x18
          text run at (498,0) width 4: " "
        RenderInline {SPAN} at (0,0) size 8x18
          RenderInline (generated) at (0,0) size 8x18
            RenderCounter at (502,0) size 8x18
              text run at (502,0) width 8: "\x{10F4}"
        RenderText {#text} at (510,0) size 4x18
          text run at (510,0) width 4: " "
        RenderInline {SPAN} at (0,0) size 13x18
          RenderInline (generated) at (0,0) size 13x18
            RenderCounter at (514,0) size 13x18
              text run at (514,0) width 13: "\x{10EF}"
        RenderText {#text} at (527,0) size 4x18
          text run at (527,0) width 4: " "
        RenderInline {SPAN} at (0,0) size 8x18
          RenderInline (generated) at (0,0) size 8x18
            RenderCounter at (531,0) size 8x18
              text run at (531,0) width 8: "\x{10F0}"
        RenderText {#text} at (539,0) size 4x18
          text run at (539,0) width 4: " "
        RenderInline {SPAN} at (0,0) size 9x18
          RenderInline (generated) at (0,0) size 9x18
            RenderCounter at (543,0) size 9x18
              text run at (543,0) width 9: "\x{10F5}"
        RenderText {#text} at (552,0) size 4x18
          text run at (552,0) width 4: " "
        RenderInline {SPAN} at (0,0) size 49x18
          RenderInline (generated) at (0,0) size 49x18
            RenderCounter at (556,0) size 49x18
              text run at (556,0) width 49: "\x{10F5}\x{10F0}\x{10E8}\x{10DF}\x{10D7}"
        RenderText {#text} at (0,0) size 0x0
      RenderBlock {DIV} at (0,52) size 784x18
        RenderText {#text} at (0,0) size 605x18
          text run at (0,0) width 11: "\x{10D0} "
          text run at (11,0) width 13: "\x{10D1} "
          text run at (24,0) width 13: "\x{10D2} "
          text run at (37,0) width 19: "\x{10D3} "
          text run at (56,0) width 12: "\x{10D4} "
          text run at (68,0) width 13: "\x{10D5} "
          text run at (81,0) width 16: "\x{10D6} "
          text run at (97,0) width 15: "\x{10F1} "
          text run at (112,0) width 19: "\x{10D7} "
          text run at (131,0) width 13: "\x{10D8} "
          text run at (144,0) width 20: "\x{10D8}\x{10D0} "
          text run at (164,0) width 22: "\x{10D8}\x{10D1} "
          text run at (186,0) width 12: "\x{10D9} "
          text run at (198,0) width 23: "\x{10DA} "
          text run at (221,0) width 12: "\x{10DB} "
          text run at (233,0) width 12: "\x{10DC} "
          text run at (245,0) width 13: "\x{10F2} "
          text run at (258,0) width 18: "\x{10DD} "
          text run at (276,0) width 12: "\x{10DE} "
          text run at (288,0) width 13: "\x{10DF} "
          text run at (301,0) width 17: "\x{10E0} "
          text run at (318,0) width 12: "\x{10E1} "
          text run at (330,0) width 16: "\x{10E2} "
          text run at (346,0) width 13: "\x{10F3} "
          text run at (359,0) width 17: "\x{10E4} "
          text run at (376,0) width 12: "\x{10E5} "
          text run at (388,0) width 17: "\x{10E6} "
          text run at (405,0) width 11: "\x{10E7} "
          text run at (416,0) width 12: "\x{10E8} "
          text run at (428,0) width 12: "\x{10E9} "
          text run at (440,0) width 13: "\x{10EA} "
          text run at (453,0) width 12: "\x{10EB} "
          text run at (465,0) width 12: "\x{10EC} "
          text run at (477,0) width 13: "\x{10ED} "
          text run at (490,0) width 12: "\x{10EE} "
          text run at (502,0) width 12: "\x{10F4} "
          text run at (514,0) width 17: "\x{10EF} "
          text run at (531,0) width 12: "\x{10F0} "
          text run at (543,0) width 13: "\x{10F5} "
          text run at (556,0) width 49: "\x{10F5}\x{10F0}\x{10E8}\x{10DF}\x{10D7}"
