layer at (0,0) size 800x600
  RenderView at (0,0) size 800x600
layer at (0,0) size 800x94
  RenderBlock {HTML} at (0,0) size 800x94
    RenderBody {BODY} at (8,16) size 784x70
      RenderBlock {P} at (0,0) size 784x18
        RenderText {#text} at (0,0) size 292x18
          text run at (0,0) width 292: "The following two lines should look the same:"
      RenderBlock {DIV} at (0,34) size 784x18
        RenderInline {SPAN} at (0,0) size 5x18
          RenderInline (generated) at (0,0) size 5x18
            RenderCounter at (0,0) size 5x18
              text run at (0,0) width 5: "I"
        RenderText {#text} at (5,0) size 4x18
          text run at (5,0) width 4: " "
        RenderInline {SPAN} at (0,0) size 10x18
          RenderInline (generated) at (0,0) size 10x18
            RenderCounter at (9,0) size 10x18
              text run at (9,0) width 10: "II"
        RenderText {#text} at (19,0) size 4x18
          text run at (19,0) width 4: " "
        RenderInline {SPAN} at (0,0) size 15x18
          RenderInline (generated) at (0,0) size 15x18
            RenderCounter at (23,0) size 15x18
              text run at (23,0) width 15: "III"
        RenderText {#text} at (38,0) size 4x18
          text run at (38,0) width 4: " "
        RenderInline {SPAN} at (0,0) size 17x18
          RenderInline (generated) at (0,0) size 17x18
            RenderCounter at (42,0) size 17x18
              text run at (42,0) width 17: "IV"
        RenderText {#text} at (59,0) size 4x18
          text run at (59,0) width 4: " "
        RenderInline {SPAN} at (0,0) size 12x18
          RenderInline (generated) at (0,0) size 12x18
            RenderCounter at (63,0) size 12x18
              text run at (63,0) width 12: "V"
        RenderText {#text} at (75,0) size 4x18
          text run at (75,0) width 4: " "
        RenderInline {SPAN} at (0,0) size 17x18
          RenderInline (generated) at (0,0) size 17x18
            RenderCounter at (79,0) size 17x18
              text run at (79,0) width 17: "VI"
        RenderText {#text} at (96,0) size 4x18
          text run at (96,0) width 4: " "
        RenderInline {SPAN} at (0,0) size 22x18
          RenderInline (generated) at (0,0) size 22x18
            RenderCounter at (100,0) size 22x18
              text run at (100,0) width 22: "VII"
        RenderText {#text} at (122,0) size 4x18
          text run at (122,0) width 4: " "
        RenderInline {SPAN} at (0,0) size 27x18
          RenderInline (generated) at (0,0) size 27x18
            RenderCounter at (126,0) size 27x18
              text run at (126,0) width 27: "VIII"
        RenderText {#text} at (153,0) size 4x18
          text run at (153,0) width 4: " "
        RenderInline {SPAN} at (0,0) size 17x18
          RenderInline (generated) at (0,0) size 17x18
            RenderCounter at (157,0) size 17x18
              text run at (157,0) width 17: "IX"
        RenderText {#text} at (174,0) size 4x18
          text run at (174,0) width 4: " "
        RenderInline {SPAN} at (0,0) size 12x18
          RenderInline (generated) at (0,0) size 12x18
            RenderCounter at (178,0) size 12x18
              text run at (178,0) width 12: "X"
        RenderText {#text} at (190,0) size 4x18
          text run at (190,0) width 4: " "
        RenderInline {SPAN} at (0,0) size 17x18
          RenderInline (generated) at (0,0) size 17x18
            RenderCounter at (194,0) size 17x18
              text run at (194,0) width 17: "XI"
        RenderText {#text} at (211,0) size 4x18
          text run at (211,0) width 4: " "
        RenderInline {SPAN} at (0,0) size 22x18
          RenderInline (generated) at (0,0) size 22x18
            RenderCounter at (215,0) size 22x18
              text run at (215,0) width 22: "XII"
        RenderText {#text} at (237,0) size 4x18
          text run at (237,0) width 4: " "
        RenderInline {SPAN} at (0,0) size 39x18
          RenderInline (generated) at (0,0) size 39x18
            RenderCounter at (241,0) size 39x18
              text run at (241,0) width 39: "XLIX"
        RenderText {#text} at (280,0) size 4x18
          text run at (280,0) width 4: " "
        RenderInline {SPAN} at (0,0) size 10x18
          RenderInline (generated) at (0,0) size 10x18
            RenderCounter at (284,0) size 10x18
              text run at (284,0) width 10: "L"
        RenderText {#text} at (294,0) size 4x18
          text run at (294,0) width 4: " "
        RenderInline {SPAN} at (0,0) size 96x18
          RenderInline (generated) at (0,0) size 96x18
            RenderCounter at (298,0) size 96x18
              text run at (298,0) width 96: "CCCLXXXIX"
        RenderText {#text} at (394,0) size 4x18
          text run at (394,0) width 4: " "
        RenderInline {SPAN} at (0,0) size 56x18
          RenderInline (generated) at (0,0) size 56x18
            RenderCounter at (398,0) size 56x18
              text run at (398,0) width 56: "CCCXC"
        RenderText {#text} at (454,0) size 4x18
          text run at (454,0) width 4: " "
        RenderInline {SPAN} at (0,0) size 128x18
          RenderInline (generated) at (0,0) size 128x18
            RenderCounter at (458,0) size 128x18
              text run at (458,0) width 128: "MMMCDLXXXIX"
        RenderText {#text} at (586,0) size 4x18
          text run at (586,0) width 4: " "
        RenderInline {SPAN} at (0,0) size 88x18
          RenderInline (generated) at (0,0) size 88x18
            RenderCounter at (590,0) size 88x18
              text run at (590,0) width 88: "MMMCDXC"
        RenderText {#text} at (678,0) size 4x18
          text run at (678,0) width 4: " "
        RenderInline {SPAN} at (0,0) size 93x18
          RenderInline (generated) at (0,0) size 93x18
            RenderCounter at (682,0) size 93x18
              text run at (682,0) width 93: "MMMCDXCI"
        RenderText {#text} at (0,0) size 0x0
      RenderBlock {DIV} at (0,52) size 784x18
        RenderText {#text} at (0,0) size 775x18
          text run at (0,0) width 9: "I "
          text run at (9,0) width 14: "II "
          text run at (23,0) width 19: "III "
          text run at (42,0) width 21: "IV "
          text run at (63,0) width 16: "V "
          text run at (79,0) width 21: "VI "
          text run at (100,0) width 26: "VII "
          text run at (126,0) width 31: "VIII "
          text run at (157,0) width 21: "IX "
          text run at (178,0) width 16: "X "
          text run at (194,0) width 21: "XI "
          text run at (215,0) width 26: "XII "
          text run at (241,0) width 43: "XLIX "
          text run at (284,0) width 14: "L "
          text run at (298,0) width 100: "CCCLXXXIX "
          text run at (398,0) width 60: "CCCXC "
          text run at (458,0) width 132: "MMMCDLXXXIX "
          text run at (590,0) width 92: "MMMCDXC "
          text run at (682,0) width 93: "MMMCDXCI"
