layer at (0,0) size 800x600
  RenderView at (0,0) size 800x600
layer at (0,0) size 800x94
  RenderBlock {HTML} at (0,0) size 800x94
    RenderBody {BODY} at (8,16) size 784x70
      RenderBlock {P} at (0,0) size 784x18
        RenderText {#text} at (0,0) size 233x18
          text run at (0,0) width 233: "The following two lines should look "
        RenderInline {EM} at (0,0) size 91x18
          RenderText {#text} at (233,0) size 91x18
            text run at (233,0) width 91: "approximately"
        RenderText {#text} at (324,0) size 63x18
          text run at (324,0) width 63: " the same:"
      RenderBlock {DIV} at (0,34) size 784x18
        RenderInline {SPAN} at (0,0) size 11x18
          RenderInline (generated) at (0,0) size 11x18
            RenderCounter at (0,0) size 4x18
              text run at (0,0) width 4: "."
            RenderText at (4,0) size 7x18
              text run at (4,0) width 7: "z"
        RenderText {#text} at (11,0) size 4x18
          text run at (11,0) width 4: " "
        RenderInline {SPAN} at (0,0) size 11x18
          RenderInline (generated) at (0,0) size 11x18
            RenderCounter at (15,0) size 4x18
              text run at (15,0) width 4: "."
            RenderText at (19,0) size 7x18
              text run at (19,0) width 7: "z"
        RenderText {#text} at (26,0) size 4x18
          text run at (26,0) width 4: " "
        RenderInline {SPAN} at (0,0) size 11x18
          RenderInline (generated) at (0,0) size 11x18
            RenderCounter at (30,0) size 4x18
              text run at (30,0) width 4: "."
            RenderText at (34,0) size 7x18
              text run at (34,0) width 7: "z"
        RenderText {#text} at (41,0) size 4x18
          text run at (41,0) width 4: " "
        RenderInline {SPAN} at (0,0) size 11x18
          RenderInline (generated) at (0,0) size 11x18
            RenderCounter at (45,0) size 4x18
              text run at (45,0) width 4: "."
            RenderText at (49,0) size 7x18
              text run at (49,0) width 7: "z"
        RenderText {#text} at (56,0) size 4x18
          text run at (56,0) width 4: " "
        RenderInline {SPAN} at (0,0) size 11x18
          RenderInline (generated) at (0,0) size 11x18
            RenderCounter at (60,0) size 4x18
              text run at (60,0) width 4: "."
            RenderText at (64,0) size 7x18
              text run at (64,0) width 7: "z"
        RenderText {#text} at (71,0) size 4x18
          text run at (71,0) width 4: " "
        RenderInline {SPAN} at (0,0) size 11x18
          RenderInline (generated) at (0,0) size 11x18
            RenderCounter at (75,0) size 4x18
              text run at (75,0) width 4: "."
            RenderText at (79,0) size 7x18
              text run at (79,0) width 7: "z"
        RenderText {#text} at (86,0) size 4x18
          text run at (86,0) width 4: " "
        RenderInline {SPAN} at (0,0) size 11x18
          RenderInline (generated) at (0,0) size 11x18
            RenderCounter at (90,0) size 4x18
              text run at (90,0) width 4: "."
            RenderText at (94,0) size 7x18
              text run at (94,0) width 7: "z"
        RenderText {#text} at (101,0) size 4x18
          text run at (101,0) width 4: " "
        RenderInline {SPAN} at (0,0) size 11x18
          RenderInline (generated) at (0,0) size 11x18
            RenderCounter at (105,0) size 4x18
              text run at (105,0) width 4: "."
            RenderText at (109,0) size 7x18
              text run at (109,0) width 7: "z"
        RenderText {#text} at (116,0) size 4x18
          text run at (116,0) width 4: " "
        RenderInline {SPAN} at (0,0) size 11x18
          RenderInline (generated) at (0,0) size 11x18
            RenderCounter at (120,0) size 4x18
              text run at (120,0) width 4: "."
            RenderText at (124,0) size 7x18
              text run at (124,0) width 7: "z"
        RenderText {#text} at (131,0) size 4x18
          text run at (131,0) width 4: " "
        RenderInline {SPAN} at (0,0) size 11x18
          RenderInline (generated) at (0,0) size 11x18
            RenderCounter at (135,0) size 4x18
              text run at (135,0) width 4: "."
            RenderText at (139,0) size 7x18
              text run at (139,0) width 7: "z"
        RenderText {#text} at (146,0) size 4x18
          text run at (146,0) width 4: " "
        RenderInline {SPAN} at (0,0) size 11x18
          RenderInline (generated) at (0,0) size 11x18
            RenderCounter at (150,0) size 4x18
              text run at (150,0) width 4: "."
            RenderText at (154,0) size 7x18
              text run at (154,0) width 7: "z"
        RenderText {#text} at (161,0) size 4x18
          text run at (161,0) width 4: " "
        RenderInline {SPAN} at (0,0) size 11x18
          RenderInline (generated) at (0,0) size 11x18
            RenderCounter at (165,0) size 4x18
              text run at (165,0) width 4: "."
            RenderText at (169,0) size 7x18
              text run at (169,0) width 7: "z"
        RenderText {#text} at (0,0) size 0x0
      RenderBlock {DIV} at (0,52) size 784x18
        RenderText {#text} at (0,0) size 176x18
          text run at (0,0) width 15: ".z "
          text run at (15,0) width 15: ".z "
          text run at (30,0) width 15: ".z "
          text run at (45,0) width 15: ".z "
          text run at (60,0) width 15: ".z "
          text run at (75,0) width 15: ".z "
          text run at (90,0) width 15: ".z "
          text run at (105,0) width 15: ".z "
          text run at (120,0) width 15: ".z "
          text run at (135,0) width 15: ".z "
          text run at (150,0) width 15: ".z "
          text run at (165,0) width 11: ".z"
