layer at (0,0) size 785x1941
  RenderView at (0,0) size 785x600
layer at (0,0) size 785x1941
  RenderBlock {HTML} at (0,0) size 785x1941
    RenderBody {BODY} at (8,16) size 769x1909
      RenderBlock {P} at (0,0) size 769x18 [color=#C0C0C0]
        RenderText {#text} at (0,0) size 83x18
          text run at (0,0) width 83: "Dummy text."
      RenderBlock {P} at (0,34) size 769x18 [color=#C0C0C0]
        RenderText {#text} at (0,0) size 83x18
          text run at (0,0) width 83: "Dummy text."
      RenderBlock {P} at (0,68) size 769x18 [color=#C0C0C0]
        RenderText {#text} at (0,0) size 83x18
          text run at (0,0) width 83: "Dummy text."
      RenderBlock {P} at (0,102) size 769x36
        RenderText {#text} at (0,0) size 764x36
          text run at (0,0) width 396: "Scroll this document. A line of blue should remain stuck at the "
          text run at (396,0) width 368: "top of the viewport the whole time, and there should be no"
          text run at (0,18) width 24: "red "
          text run at (24,18) width 179: "below, just a block of green."
      RenderBlock {DIV} at (30,154) size 165x75 [color=#008000] [bgcolor=#008000]
        RenderText {#text} at (0,0) size 165x75
          text run at (0,0) width 165: "          X"
          text run at (0,15) width 165: "          X"
          text run at (0,30) width 165: "          X"
          text run at (0,45) width 165: "          X"
          text run at (0,60) width 165: "          X"
      RenderBlock {DIV} at (30,229) size 165x75 [color=#008000] [bgcolor=#008000]
        RenderText {#text} at (0,0) size 165x75
          text run at (0,0) width 165: "     X     "
          text run at (0,15) width 165: "     X     "
          text run at (0,30) width 165: "     X     "
          text run at (0,45) width 165: "     X     "
          text run at (0,60) width 165: "     X     "
      RenderBlock {DIV} at (30,304) size 165x75 [color=#008000] [bgcolor=#008000]
        RenderText {#text} at (0,0) size 165x75
          text run at (0,0) width 165: "XXXXXXXXXXX"
          text run at (0,15) width 165: "           "
          text run at (0,30) width 165: "           "
          text run at (0,45) width 165: "           "
          text run at (0,60) width 165: "           "
      RenderBlock {P} at (0,395) size 769x18 [color=#C0C0C0]
        RenderText {#text} at (0,0) size 83x18
          text run at (0,0) width 83: "Dummy text."
      RenderBlock {P} at (0,429) size 769x18 [color=#C0C0C0]
        RenderText {#text} at (0,0) size 83x18
          text run at (0,0) width 83: "Dummy text."
      RenderBlock {P} at (0,463) size 769x18 [color=#C0C0C0]
        RenderText {#text} at (0,0) size 83x18
          text run at (0,0) width 83: "Dummy text."
      RenderBlock {P} at (0,497) size 769x18 [color=#C0C0C0]
        RenderText {#text} at (0,0) size 83x18
          text run at (0,0) width 83: "Dummy text."
      RenderBlock {P} at (0,531) size 769x18 [color=#C0C0C0]
        RenderText {#text} at (0,0) size 83x18
          text run at (0,0) width 83: "Dummy text."
      RenderBlock {P} at (0,565) size 769x18 [color=#C0C0C0]
        RenderText {#text} at (0,0) size 83x18
          text run at (0,0) width 83: "Dummy text."
      RenderBlock {P} at (0,599) size 769x18 [color=#C0C0C0]
        RenderText {#text} at (0,0) size 83x18
          text run at (0,0) width 83: "Dummy text."
      RenderBlock {P} at (0,633) size 769x18 [color=#C0C0C0]
        RenderText {#text} at (0,0) size 83x18
          text run at (0,0) width 83: "Dummy text."
      RenderBlock {P} at (0,667) size 769x18 [color=#C0C0C0]
        RenderText {#text} at (0,0) size 83x18
          text run at (0,0) width 83: "Dummy text."
      RenderBlock {P} at (0,701) size 769x18 [color=#C0C0C0]
        RenderText {#text} at (0,0) size 83x18
          text run at (0,0) width 83: "Dummy text."
      RenderBlock {P} at (0,735) size 769x18 [color=#C0C0C0]
        RenderText {#text} at (0,0) size 83x18
          text run at (0,0) width 83: "Dummy text."
      RenderBlock {P} at (0,769) size 769x18 [color=#C0C0C0]
        RenderText {#text} at (0,0) size 83x18
          text run at (0,0) width 83: "Dummy text."
      RenderBlock {P} at (0,803) size 769x18 [color=#C0C0C0]
        RenderText {#text} at (0,0) size 83x18
          text run at (0,0) width 83: "Dummy text."
      RenderBlock {P} at (0,837) size 769x18 [color=#C0C0C0]
        RenderText {#text} at (0,0) size 83x18
          text run at (0,0) width 83: "Dummy text."
      RenderBlock {P} at (0,871) size 769x18 [color=#C0C0C0]
        RenderText {#text} at (0,0) size 83x18
          text run at (0,0) width 83: "Dummy text."
      RenderBlock {P} at (0,905) size 769x18 [color=#C0C0C0]
        RenderText {#text} at (0,0) size 83x18
          text run at (0,0) width 83: "Dummy text."
      RenderBlock {P} at (0,939) size 769x18 [color=#C0C0C0]
        RenderText {#text} at (0,0) size 83x18
          text run at (0,0) width 83: "Dummy text."
      RenderBlock {P} at (0,973) size 769x18 [color=#C0C0C0]
        RenderText {#text} at (0,0) size 83x18
          text run at (0,0) width 83: "Dummy text."
      RenderBlock {P} at (0,1007) size 769x18 [color=#C0C0C0]
        RenderText {#text} at (0,0) size 83x18
          text run at (0,0) width 83: "Dummy text."
      RenderBlock {P} at (0,1041) size 769x18 [color=#C0C0C0]
        RenderText {#text} at (0,0) size 83x18
          text run at (0,0) width 83: "Dummy text."
      RenderBlock {P} at (0,1075) size 769x18 [color=#C0C0C0]
        RenderText {#text} at (0,0) size 83x18
          text run at (0,0) width 83: "Dummy text."
      RenderBlock {P} at (0,1109) size 769x18 [color=#C0C0C0]
        RenderText {#text} at (0,0) size 83x18
          text run at (0,0) width 83: "Dummy text."
      RenderBlock {P} at (0,1143) size 769x18 [color=#C0C0C0]
        RenderText {#text} at (0,0) size 83x18
          text run at (0,0) width 83: "Dummy text."
      RenderBlock {P} at (0,1177) size 769x18 [color=#C0C0C0]
        RenderText {#text} at (0,0) size 83x18
          text run at (0,0) width 83: "Dummy text."
      RenderBlock {P} at (0,1211) size 769x18 [color=#C0C0C0]
        RenderText {#text} at (0,0) size 83x18
          text run at (0,0) width 83: "Dummy text."
      RenderBlock {P} at (0,1245) size 769x18 [color=#C0C0C0]
        RenderText {#text} at (0,0) size 83x18
          text run at (0,0) width 83: "Dummy text."
      RenderBlock {P} at (0,1279) size 769x18 [color=#C0C0C0]
        RenderText {#text} at (0,0) size 83x18
          text run at (0,0) width 83: "Dummy text."
      RenderBlock {P} at (0,1313) size 769x18 [color=#C0C0C0]
        RenderText {#text} at (0,0) size 83x18
          text run at (0,0) width 83: "Dummy text."
      RenderBlock {P} at (0,1347) size 769x18 [color=#C0C0C0]
        RenderText {#text} at (0,0) size 83x18
          text run at (0,0) width 83: "Dummy text."
      RenderBlock {P} at (0,1381) size 769x18 [color=#C0C0C0]
        RenderText {#text} at (0,0) size 83x18
          text run at (0,0) width 83: "Dummy text."
      RenderBlock {P} at (0,1415) size 769x18 [color=#C0C0C0]
        RenderText {#text} at (0,0) size 83x18
          text run at (0,0) width 83: "Dummy text."
      RenderBlock {P} at (0,1449) size 769x18 [color=#C0C0C0]
        RenderText {#text} at (0,0) size 83x18
          text run at (0,0) width 83: "Dummy text."
      RenderBlock {P} at (0,1483) size 769x18 [color=#C0C0C0]
        RenderText {#text} at (0,0) size 83x18
          text run at (0,0) width 83: "Dummy text."
      RenderBlock {P} at (0,1517) size 769x18 [color=#C0C0C0]
        RenderText {#text} at (0,0) size 83x18
          text run at (0,0) width 83: "Dummy text."
      RenderBlock {P} at (0,1551) size 769x18 [color=#C0C0C0]
        RenderText {#text} at (0,0) size 83x18
          text run at (0,0) width 83: "Dummy text."
      RenderBlock {P} at (0,1585) size 769x18 [color=#C0C0C0]
        RenderText {#text} at (0,0) size 83x18
          text run at (0,0) width 83: "Dummy text."
      RenderBlock {P} at (0,1619) size 769x18 [color=#C0C0C0]
        RenderText {#text} at (0,0) size 83x18
          text run at (0,0) width 83: "Dummy text."
      RenderBlock {P} at (0,1653) size 769x18 [color=#C0C0C0]
        RenderText {#text} at (0,0) size 83x18
          text run at (0,0) width 83: "Dummy text."
      RenderBlock {P} at (0,1687) size 769x18 [color=#C0C0C0]
        RenderText {#text} at (0,0) size 83x18
          text run at (0,0) width 83: "Dummy text."
      RenderBlock {P} at (0,1721) size 769x18 [color=#C0C0C0]
        RenderText {#text} at (0,0) size 83x18
          text run at (0,0) width 83: "Dummy text."
      RenderBlock {P} at (0,1755) size 769x18 [color=#C0C0C0]
        RenderText {#text} at (0,0) size 83x18
          text run at (0,0) width 83: "Dummy text."
      RenderBlock {P} at (0,1789) size 769x18 [color=#C0C0C0]
        RenderText {#text} at (0,0) size 83x18
          text run at (0,0) width 83: "Dummy text."
      RenderBlock {P} at (0,1823) size 769x18 [color=#C0C0C0]
        RenderText {#text} at (0,0) size 83x18
          text run at (0,0) width 83: "Dummy text."
      RenderBlock {P} at (0,1857) size 769x18 [color=#C0C0C0]
        RenderText {#text} at (0,0) size 83x18
          text run at (0,0) width 83: "Dummy text."
      RenderBlock {P} at (0,1891) size 769x18 [color=#C0C0C0]
        RenderText {#text} at (0,0) size 83x18
          text run at (0,0) width 83: "Dummy text."
