layer at (0,0) size 800x600
  RenderView at (0,0) size 800x600
layer at (0,0) size 800x154
  RenderBlock {HTML} at (0,0) size 800x154
    RenderBody {BODY} at (8,16) size 784x130
      RenderBlock {P} at (0,0) size 784x18
        RenderText {#text} at (0,0) size 472x18
          text run at (0,0) width 472: "There should be a solid single uninterrupted smooth column of blue below."
      RenderBlock {DIV} at (0,34) size 784x96 [color=#000080]
        RenderBlock {DIV} at (0,0) size 784x32
          RenderText {#text} at (0,0) size 32x32
            text run at (0,0) width 32: "x"
        RenderBlock {DIV} at (0,32) size 784x32
          RenderText {#text} at (0,0) size 32x32
            text run at (0,0) width 32: "x"
        RenderBlock {DIV} at (0,64) size 784x32
          RenderText {#text} at (0,0) size 32x32
            text run at (0,0) width 32: "x"
