layer at (0,0) size 800x600
  RenderView at (0,0) size 800x600
layer at (0,0) size 800x111
  RenderBlock {HTML} at (0,0) size 800x112
    RenderBody {BODY} at (8,9) size 784x93 [color=#000080]
      RenderBlock {P} at (0,0) size 784x92
        RenderText {#text} at (0,6) size 418x11
          text run at (0,6) width 418: "This test should be about 10px, sans-serif, and light. There should be about 15px between each line. "
        RenderInline {SPAN} at (0,0) size 783x80 [color=#C0C0C0]
          RenderText {#text} at (417,6) size 783x80
            text run at (417,6) width 296: "dummy text dummy text dummy text dummy text dummy text dummy "
            text run at (712,6) width 70: "text dummy text"
            text run at (0,29) width 244: "dummy text dummy text dummy text dummy text dummy "
            text run at (243,29) width 315: "text dummy text dummy text dummy text dummy text dummy text dummy "
            text run at (557,29) width 226: "text dummy text dummy text dummy text dummy text"
            text run at (0,52) width 87: "dummy text dummy "
            text run at (86,52) width 315: "text dummy text dummy text dummy text dummy text dummy text dummy "
            text run at (400,52) width 315: "text dummy text dummy text dummy text dummy text dummy text dummy "
            text run at (714,52) width 69: "text dummy text"
            text run at (0,75) width 244: "dummy text dummy text dummy text dummy text dummy "
            text run at (243,75) width 278: "text dummy text dummy text dummy text dummy text dummy text"
        RenderText {#text} at (0,0) size 0x0
