layer at (0,0) size 800x600
  RenderView at (0,0) size 800x600
layer at (0,0) size 800x468
  RenderBlock {HTML} at (0,0) size 800x468
    RenderBody {BODY} at (8,18) size 784x432
      RenderBlock {P} at (0,0) size 784x432
        RenderInline {SPAN} at (0,0) size 774x398 [color=#FFFFFF] [bgcolor=#000080]
          RenderText {#text} at (0,17) size 760x74
            text run at (0,17) width 466: "This text should be 18px sans-serif, in small-caps, italicized, "
            text run at (465,17) width 295: "and very light. There should be a 36px"
            text run at (0,71) width 200: "gap betwen each line. The "
            text run at (199,71) width 437: "text should have a blue background, the gap should not. "
          RenderInline {SPAN} at (0,0) size 774x344 [color=#0000FF]
            RenderText {#text} at (635,71) size 774x344
              text run at (635,71) width 139: "dummy text dummy"
              text run at (0,125) width 361: "text dummy text dummy text dummy text dummy "
              text run at (360,125) width 393: "text dummy text dummy text dummy text dummy text"
              text run at (0,179) width 144: "dummy text dummy "
              text run at (143,179) width 541: "text dummy text dummy text dummy text dummy text dummy text dummy "
              text run at (683,179) width 86: "text dummy"
              text run at (0,233) width 451: "text dummy text dummy text dummy text dummy text dummy "
              text run at (450,233) width 303: "text dummy text dummy text dummy text"
              text run at (0,287) width 234: "dummy text dummy text dummy "
              text run at (233,287) width 536: "text dummy text dummy text dummy text dummy text dummy text dummy"
              text run at (0,341) width 541: "text dummy text dummy text dummy text dummy text dummy text dummy "
              text run at (540,341) width 213: "text dummy text dummy text"
              text run at (0,395) width 266: "dummy text dummy text dummy text"
          RenderText {#text} at (0,0) size 0x0
        RenderText {#text} at (0,0) size 0x0
