layer at (0,0) size 800x600
  RenderView at (0,0) size 800x600
layer at (0,0) size 800x225
  RenderBlock {HTML} at (0,0) size 800x225
    RenderBody {BODY} at (8,18) size 784x189 [color=#000080]
      RenderBlock {P} at (0,0) size 784x189
        RenderText {#text} at (0,2) size 565x22
          text run at (0,2) width 565: "This text should be 18px serif. There should be a 9px gap between each line. "
        RenderInline {SPAN} at (0,0) size 744x184 [color=#C0C0C0]
          RenderText {#text} at (565,2) size 744x184
            text run at (565,2) width 179: "dummy text dummy text"
            text run at (0,29) width 336: "dummy text dummy text dummy text dummy "
            text run at (336,29) width 395: "text dummy text dummy text dummy text dummy text"
            text run at (0,56) width 152: "dummy text dummy "
            text run at (152,56) width 552: "text dummy text dummy text dummy text dummy text dummy text dummy "
            text run at (704,56) width 27: "text"
            text run at (0,83) width 520: "dummy text dummy text dummy text dummy text dummy text dummy "
            text run at (520,83) width 211: "text dummy text dummy text"
            text run at (0,110) width 336: "dummy text dummy text dummy text dummy "
            text run at (336,110) width 395: "text dummy text dummy text dummy text dummy text"
            text run at (0,137) width 152: "dummy text dummy "
            text run at (152,137) width 552: "text dummy text dummy text dummy text dummy text dummy text dummy "
            text run at (704,137) width 27: "text"
            text run at (0,164) width 455: "dummy text dummy text dummy text dummy text dummy text"
        RenderText {#text} at (0,0) size 0x0
