layer at (0,0) size 800x600
  RenderView at (0,0) size 800x600
layer at (0,0) size 800x225
  RenderBlock {HTML} at (0,0) size 800x225
    RenderBody {BODY} at (8,18) size 784x189 [color=#000080]
      RenderBlock {P} at (0,0) size 784x189
        RenderText {#text} at (0,3) size 760x48
          text run at (0,3) width 760: "This text should be 18px sans-serif, in small-caps, italicized, and very bold. There should be a 9px"
          text run at (0,30) width 178: "gap between each line. "
        RenderInline {SPAN} at (0,0) size 752x156 [color=#C0C0C0]
          RenderText {#text} at (178,30) size 752x156
            text run at (178,30) width 491: "dummy text dummy text dummy text dummy text dummy text dummy "
            text run at (669,30) width 83: "text dummy"
            text run at (0,57) width 440: "text dummy text dummy text dummy text dummy text dummy "
            text run at (440,57) width 296: "text dummy text dummy text dummy text"
            text run at (0,84) width 227: "dummy text dummy text dummy "
            text run at (227,84) width 523: "text dummy text dummy text dummy text dummy text dummy text dummy"
            text run at (0,111) width 528: "text dummy text dummy text dummy text dummy text dummy text dummy "
            text run at (528,111) width 208: "text dummy text dummy text"
            text run at (0,138) width 315: "dummy text dummy text dummy text dummy "
            text run at (315,138) width 435: "text dummy text dummy text dummy text dummy text dummy"
            text run at (0,165) width 88: "text dummy "
            text run at (88,165) width 472: "text dummy text dummy text dummy text dummy text dummy text"
        RenderText {#text} at (0,0) size 0x0
