layer at (0,0) size 800x600
  RenderView at (0,0) size 800x600
layer at (0,0) size 800x346
  RenderBlock {HTML} at (0,0) size 800x346
    RenderBody {BODY} at (8,16) size 784x322
      RenderBlock {P} at (0,0) size 784x18
        RenderText {#text} at (0,0) size 472x18
          text run at (0,0) width 472: "There should be a solid single uninterrupted smooth column of blue below."
      RenderBlock {DIV} at (96,34) size 592x48 [color=#000080]
        RenderText {#text} at (0,0) size 48x48
          text run at (0,0) width 48: "x"
      RenderBlock {DIV} at (96,82) size 592x48 [color=#000080]
        RenderText {#text} at (0,0) size 48x48
          text run at (0,0) width 48: "x"
      RenderBlock {DIV} at (96,130) size 592x48 [color=#000080]
        RenderText {#text} at (0,0) size 48x48
          text run at (0,0) width 48: "x"
      RenderBlock {DIV} at (96,178) size 592x48 [color=#000080]
        RenderText {#text} at (0,0) size 48x48
          text run at (0,0) width 48: "x"
      RenderBlock {DIV} at (96,226) size 592x48 [color=#000080]
        RenderText {#text} at (0,0) size 48x48
          text run at (0,0) width 48: "x"
      RenderBlock {DIV} at (96,274) size 592x48 [color=#000080]
        RenderText {#text} at (0,0) size 48x48
          text run at (0,0) width 48: "x"
