layer at (0,0) size 785x708
  RenderView at (0,0) size 785x600
layer at (0,0) size 785x708
  RenderBlock {HTML} at (0,0) size 785x708
    RenderBody {BODY} at (8,18) size 769x672 [color=#000080]
      RenderBlock {P} at (0,0) size 769x672
        RenderText {#text} at (0,37) size 757x21
          text run at (0,37) width 757: "This text should be 18px sans-serif, in small-caps and italicized. The lines should be one inch apart."
        RenderInline {SPAN} at (0,0) size 750x501 [color=#C0C0C0]
          RenderText {#text} at (0,133) size 750x501
            text run at (0,133) width 491: "dummy text dummy text dummy text dummy text dummy text dummy "
            text run at (491,133) width 259: "text dummy text dummy text dummy"
            text run at (0,229) width 264: "text dummy text dummy text dummy "
            text run at (264,229) width 472: "text dummy text dummy text dummy text dummy text dummy text"
            text run at (0,325) width 51: "dummy "
            text run at (51,325) width 528: "text dummy text dummy text dummy text dummy text dummy text dummy "
            text run at (579,325) width 171: "text dummy text dummy"
            text run at (0,421) width 352: "text dummy text dummy text dummy text dummy "
            text run at (352,421) width 384: "text dummy text dummy text dummy text dummy text"
            text run at (0,517) width 139: "dummy text dummy "
            text run at (139,517) width 528: "text dummy text dummy text dummy text dummy text dummy text dummy "
            text run at (667,517) width 83: "text dummy"
            text run at (0,613) width 384: "text dummy text dummy text dummy text dummy text"
        RenderText {#text} at (0,0) size 0x0
