layer at (0,0) size 800x600
  RenderView at (0,0) size 800x600
layer at (0,0) size 800x84
  RenderBlock {HTML} at (0,0) size 800x84
    RenderBody {BODY} at (8,16) size 784x52
      RenderBlock {P} at (0,0) size 784x18 [color=#000080]
        RenderText {#text} at (0,0) size 268x18
          text run at (0,0) width 268: "This Paragraph should be in Small Caps."
      RenderBlock {P} at (0,34) size 784x18 [color=#000080]
        RenderText {#text} at (0,0) size 263x18
          text run at (0,0) width 263: "This Sentence should be in Small Caps. "
        RenderInline {SPAN} at (0,0) size 210x18
          RenderText {#text} at (263,0) size 210x18
            text run at (263,0) width 210: "This Sentence should be Normal."
        RenderText {#text} at (0,0) size 0x0
