layer at (0,0) size 800x600
  RenderView at (0,0) size 800x600
layer at (0,0) size 800x323
  RenderBlock {HTML} at (0,0) size 800x323
    RenderBody {BODY} at (8,10) size 784x303
      RenderBlock {P} at (10,0) size 764x18 [color=#000080]
        RenderText {#text} at (0,0) size 203x17
          text run at (0,0) width 203: "This sentence should be normal."
      RenderBlock {P} at (10,28) size 764x18 [color=#000080]
        RenderText {#text} at (0,0) size 214x17
          text run at (0,0) width 214: "This sentence should be the same."
      RenderBlock {P} at (10,56) size 764x22 [color=#000080]
        RenderText {#text} at (0,0) size 341x21
          text run at (0,0) width 341: "This sentence should be larger than normal."
      RenderBlock {P} at (10,88) size 764x16 [color=#000080]
        RenderText {#text} at (0,0) size 245x15
          text run at (0,0) width 245: "This sentence should be smaller than normal."
      RenderBlock {P} at (10,114) size 764x18 [color=#000080]
        RenderText {#text} at (0,6) size 141x10
          text run at (0,6) width 141: "This sentence should be very small. "
        RenderInline {SPAN} at (0,0) size 254x17
          RenderText {#text} at (140,0) size 254x17
            text run at (140,0) width 254: "This sentence should be back to normal."
        RenderText {#text} at (0,0) size 0x0
      RenderBlock {P} at (10,142) size 764x18 [color=#000080]
        RenderText {#text} at (0,5) size 149x11
          text run at (0,5) width 149: "This sentence should be rather small. "
        RenderInline {SPAN} at (0,0) size 253x17
          RenderText {#text} at (149,0) size 253x17
            text run at (149,0) width 253: "This sentence should be back to normal."
        RenderText {#text} at (0,0) size 0x0
      RenderBlock {P} at (10,170) size 764x18 [color=#000080]
        RenderText {#text} at (0,2) size 170x15
          text run at (0,2) width 170: "This sentence should be small. "
        RenderInline {SPAN} at (0,0) size 254x17
          RenderText {#text} at (169,0) size 254x17
            text run at (169,0) width 254: "This sentence should be back to normal."
        RenderText {#text} at (0,0) size 0x0
      RenderBlock {P} at (10,198) size 764x21 [color=#000080]
        RenderText {#text} at (0,0) size 223x20
          text run at (0,0) width 223: "This sentence should be large. "
        RenderInline {SPAN} at (0,0) size 254x17
          RenderText {#text} at (222,2) size 254x17
            text run at (222,2) width 254: "This sentence should be back to normal."
        RenderText {#text} at (0,0) size 0x0
      RenderBlock {P} at (10,229) size 764x27 [color=#000080]
        RenderText {#text} at (0,0) size 362x26
          text run at (0,0) width 362: "This sentence should be rather large. "
        RenderInline {SPAN} at (0,0) size 253x17
          RenderText {#text} at (362,7) size 253x17
            text run at (362,7) width 253: "This sentence should be back to normal."
        RenderText {#text} at (0,0) size 0x0
      RenderBlock {P} at (10,266) size 764x37 [color=#000080]
        RenderText {#text} at (0,0) size 457x36
          text run at (0,0) width 457: "This sentence should be very large. "
        RenderInline {SPAN} at (0,0) size 253x17
          RenderText {#text} at (457,15) size 253x17
            text run at (457,15) width 253: "This sentence should be back to normal."
        RenderText {#text} at (0,0) size 0x0
