layer at (0,0) size 800x600
  RenderView at (0,0) size 800x600
layer at (0,0) size 800x228
  RenderBlock {HTML} at (0,0) size 800x228
    RenderBody {BODY} at (8,16) size 784x204
      RenderBlock {P} at (0,0) size 784x18
        RenderText {#text} at (0,0) size 317x18
          text run at (0,0) width 317: "There should be no red borders on the table below"
      RenderTable {TABLE} at (0,34) size 143x170 [border: (2px none #808080)]
        RenderTableSection {TBODY} at (2,2) size 138x165
          RenderTableRow {TR} at (0,0) size 138x55
            RenderTableCell {TD} at (0,15) size 46x25 [border: (3px dotted #00FF00)] [r=0 c=0 rs=1 cs=1]
              RenderText {#text} at (4,4) size 39x18
                text run at (4,4) width 39: "dotted"
            RenderTableCell {TD} at (46,16) size 46x23 [border: (3px dotted #00FF00) none (3px dotted #00FF00)] [r=0 c=1 rs=1 cs=1]
              RenderText {#text} at (4,4) size 39x18
                text run at (4,4) width 39: "dotted"
            RenderTableCell {TD} at (92,15) size 46x25 [border: (3px dotted #00FF00)] [r=0 c=2 rs=1 cs=1]
              RenderText {#text} at (4,4) size 39x18
                text run at (4,4) width 39: "dotted"
          RenderTableRow {TR} at (0,55) size 138x55
            RenderTableCell {TD} at (0,70) size 46x25 [border: (3px dotted #00FF00) none (2px dotted #00FF00)] [r=1 c=0 rs=1 cs=1]
              RenderText {#text} at (4,4) size 39x18
                text run at (4,4) width 39: "dotted"
            RenderTableCell {TD} at (46,72) size 46x21 [r=1 c=1 rs=1 cs=1]
              RenderText {#text} at (1,1) size 43x19
                text run at (1,2) width 43: "hidden"
            RenderTableCell {TD} at (92,70) size 46x25 [border: (3px dotted #00FF00) none] [r=1 c=2 rs=1 cs=1]
              RenderText {#text} at (1,4) size 39x18
                text run at (1,4) width 39: "dotted"
          RenderTableRow {TR} at (0,110) size 138x55
            RenderTableCell {TD} at (0,125) size 46x25 [border: (3px dotted #00FF00)] [r=2 c=0 rs=1 cs=1]
              RenderText {#text} at (4,4) size 39x18
                text run at (4,4) width 39: "dotted"
            RenderTableCell {TD} at (46,126) size 46x23 [border: none (2px dotted #00FF00)] [r=2 c=1 rs=1 cs=1]
              RenderText {#text} at (4,1) size 39x19
                text run at (4,2) width 39: "dotted"
            RenderTableCell {TD} at (92,125) size 46x25 [border: (3px dotted #00FF00)] [r=2 c=2 rs=1 cs=1]
              RenderText {#text} at (4,4) size 39x18
                text run at (4,4) width 39: "dotted"
