layer at (0,0) size 800x600
  RenderView at (0,0) size 800x600
layer at (0,0) size 800x228
  RenderBlock {HTML} at (0,0) size 800x228
    RenderBody {BODY} at (8,16) size 784x204
      RenderBlock {P} at (0,0) size 784x18
        RenderText {#text} at (0,0) size 317x18
          text run at (0,0) width 317: "There should be no red borders on the table below"
      RenderTable {TABLE} at (0,34) size 137x170 [border: (2px none #808080)]
        RenderTableSection {TBODY} at (2,2) size 132x165
          RenderTableRow {TR} at (0,0) size 132x55
            RenderTableCell {TD} at (0,15) size 44x25 [border: (3px outset #00FF00)] [r=0 c=0 rs=1 cs=1]
              RenderText {#text} at (4,4) size 37x18
                text run at (4,4) width 37: "outset"
            RenderTableCell {TD} at (44,15) size 44x25 [border: (3px outset #00FF00)] [r=0 c=1 rs=1 cs=1]
              RenderText {#text} at (4,4) size 37x18
                text run at (4,4) width 37: "outset"
            RenderTableCell {TD} at (88,15) size 44x25 [border: (3px outset #00FF00)] [r=0 c=2 rs=1 cs=1]
              RenderText {#text} at (4,4) size 37x18
                text run at (4,4) width 37: "outset"
          RenderTableRow {TR} at (0,55) size 132x55
            RenderTableCell {TD} at (0,70) size 44x25 [border: (3px outset #00FF00)] [r=1 c=0 rs=1 cs=1]
              RenderText {#text} at (4,4) size 37x18
                text run at (4,4) width 37: "outset"
            RenderTableCell {TD} at (44,70) size 44x25 [border: (3px none #FF0000)] [r=1 c=1 rs=1 cs=1]
              RenderText {#text} at (4,4) size 31x18
                text run at (4,4) width 31: "none"
            RenderTableCell {TD} at (88,70) size 44x25 [border: (3px outset #00FF00)] [r=1 c=2 rs=1 cs=1]
              RenderText {#text} at (4,4) size 37x18
                text run at (4,4) width 37: "outset"
          RenderTableRow {TR} at (0,110) size 132x55
            RenderTableCell {TD} at (0,125) size 44x25 [border: (3px outset #00FF00)] [r=2 c=0 rs=1 cs=1]
              RenderText {#text} at (4,4) size 37x18
                text run at (4,4) width 37: "outset"
            RenderTableCell {TD} at (44,125) size 44x25 [border: (3px outset #00FF00)] [r=2 c=1 rs=1 cs=1]
              RenderText {#text} at (4,4) size 37x18
                text run at (4,4) width 37: "outset"
            RenderTableCell {TD} at (88,125) size 44x25 [border: (3px outset #00FF00)] [r=2 c=2 rs=1 cs=1]
              RenderText {#text} at (4,4) size 37x18
                text run at (4,4) width 37: "outset"
