layer at (0,0) size 800x600
  RenderView at (0,0) size 800x600
layer at (0,0) size 800x238
  RenderBlock {HTML} at (0,0) size 800x238
    RenderBody {BODY} at (8,16) size 784x214
      RenderBlock {P} at (0,0) size 784x18
        RenderText {#text} at (0,0) size 317x18
          text run at (0,0) width 317: "There should be no red borders on the table below"
      RenderTable {TABLE} at (0,34) size 163x180 [border: (2px none #808080)]
        RenderTableSection {TBODY} at (2,2) size 158x175
          RenderTableRow {TR} at (0,0) size 158x58
            RenderTableCell {TD} at (0,16) size 54x26 [border: (3px dashed #00FF00)] [r=0 c=0 rs=1 cs=1]
              RenderText {#text} at (4,4) size 44x19
                text run at (4,5) width 44: "dashed"
            RenderTableCell {TD} at (54,15) size 51x28 [border: (3px dashed #00FF00) (5px dashed #FF0000) (3px dashed #00FF00)] [r=0 c=1 rs=1 cs=1]
              RenderText {#text} at (4,4) size 44x18
                text run at (4,4) width 44: "dashed"
            RenderTableCell {TD} at (105,16) size 53x26 [border: (3px dashed #00FF00)] [r=0 c=2 rs=1 cs=1]
              RenderText {#text} at (4,4) size 44x19
                text run at (4,5) width 44: "dashed"
          RenderTableRow {TR} at (0,58) size 158x60
            RenderTableCell {TD} at (0,75) size 54x26 [border: (3px dashed #00FF00) (5px dashed #FF0000) (2px dashed #00FF00)] [r=1 c=0 rs=1 cs=1]
              RenderText {#text} at (4,4) size 44x19
                text run at (4,5) width 44: "dashed"
            RenderTableCell {TD} at (54,73) size 51x30 [border: (5px outset #00FF00)] [r=1 c=1 rs=1 cs=1]
              RenderText {#text} at (6,6) size 37x18
                text run at (6,6) width 37: "outset"
            RenderTableCell {TD} at (105,75) size 53x26 [border: (3px dashed #00FF00) (5px dashed #FF0000)] [r=1 c=2 rs=1 cs=1]
              RenderText {#text} at (6,4) size 44x19
                text run at (6,5) width 44: "dashed"
          RenderTableRow {TR} at (0,118) size 158x57
            RenderTableCell {TD} at (0,134) size 54x25 [border: (3px dashed #00FF00)] [r=2 c=0 rs=1 cs=1]
              RenderText {#text} at (4,4) size 44x18
                text run at (4,4) width 44: "dashed"
            RenderTableCell {TD} at (54,133) size 51x27 [border: (5px dashed #FF0000) (2px dashed #00FF00)] [r=2 c=1 rs=1 cs=1]
              RenderText {#text} at (4,6) size 44x18
                text run at (4,6) width 44: "dashed"
            RenderTableCell {TD} at (105,134) size 53x25 [border: (3px dashed #00FF00)] [r=2 c=2 rs=1 cs=1]
              RenderText {#text} at (4,4) size 44x18
                text run at (4,4) width 44: "dashed"
