layer at (0,0) size 800x600
  RenderView at (0,0) size 800x600
layer at (0,0) size 800x228
  RenderBlock {HTML} at (0,0) size 800x228
    RenderBody {BODY} at (8,16) size 784x204
      RenderBlock {P} at (0,0) size 784x18
        RenderText {#text} at (0,0) size 317x18
          text run at (0,0) width 317: "There should be no red borders on the table below"
      RenderTable {TABLE} at (0,34) size 131x170
        RenderTableSection {TBODY} at (0,0) size 131x170
          RenderTableRow {TR} at (0,0) size 131x55
            RenderTableCell {TD} at (0,17) size 38x21 [r=0 c=0 rs=1 cs=1]
              RenderText {#text} at (1,1) size 31x19
                text run at (1,2) width 31: "none"
            RenderTableCell {TD} at (38,15) size 55x25 [border: none] [r=0 c=1 rs=1 cs=1]
              RenderText {#text} at (1,1) size 31x18
                text run at (1,1) width 31: "none"
            RenderTableCell {TD} at (93,17) size 38x21 [r=0 c=2 rs=1 cs=1]
              RenderText {#text} at (1,1) size 31x19
                text run at (1,2) width 31: "none"
          RenderTableRow {TR} at (0,55) size 131x60
            RenderTableCell {TD} at (0,75) size 38x20 [border: none] [r=1 c=0 rs=1 cs=1]
              RenderText {#text} at (1,1) size 31x18
                text run at (1,1) width 31: "none"
            RenderTableCell {TD} at (38,70) size 55x30 [border: (5px double #00FF00)] [r=1 c=1 rs=1 cs=1]
              RenderText {#text} at (6,6) size 43x18
                text run at (6,6) width 43: "double"
            RenderTableCell {TD} at (93,75) size 38x20 [border: none] [r=1 c=2 rs=1 cs=1]
              RenderText {#text} at (6,1) size 31x18
                text run at (6,1) width 31: "none"
          RenderTableRow {TR} at (0,115) size 131x55
            RenderTableCell {TD} at (0,132) size 38x21 [r=2 c=0 rs=1 cs=1]
              RenderText {#text} at (1,1) size 31x19
                text run at (1,2) width 31: "none"
            RenderTableCell {TD} at (38,130) size 55x25 [border: (5px none #FF0000)] [r=2 c=1 rs=1 cs=1]
              RenderText {#text} at (1,6) size 31x18
                text run at (1,6) width 31: "none"
            RenderTableCell {TD} at (93,132) size 38x21 [r=2 c=2 rs=1 cs=1]
              RenderText {#text} at (1,1) size 31x19
                text run at (1,2) width 31: "none"
