layer at (0,0) size 800x600
  RenderView at (0,0) size 800x600
layer at (0,0) size 800x238
  RenderBlock {HTML} at (0,0) size 800x238
    RenderBody {BODY} at (8,16) size 784x214
      RenderBlock {P} at (0,0) size 784x18
        RenderText {#text} at (0,0) size 317x18
          text run at (0,0) width 317: "There should be no red borders on the table below"
      RenderTable {TABLE} at (0,34) size 125x180 [border: (2px none #808080)]
        RenderTableSection {TBODY} at (2,2) size 120x175
          RenderTableRow {TR} at (0,0) size 120x58
            RenderTableCell {TD} at (0,16) size 40x26 [border: (3px solid #00FF00)] [r=0 c=0 rs=1 cs=1]
              RenderText {#text} at (4,4) size 30x19
                text run at (4,5) width 30: "solid"
            RenderTableCell {TD} at (40,15) size 41x28 [border: (3px solid #00FF00) (5px solid #FF0000) (3px solid #00FF00)] [r=0 c=1 rs=1 cs=1]
              RenderText {#text} at (4,4) size 30x18
                text run at (4,4) width 30: "solid"
            RenderTableCell {TD} at (81,16) size 39x26 [border: (3px solid #00FF00)] [r=0 c=2 rs=1 cs=1]
              RenderText {#text} at (4,4) size 30x19
                text run at (4,5) width 30: "solid"
          RenderTableRow {TR} at (0,58) size 120x60
            RenderTableCell {TD} at (0,75) size 40x26 [border: (3px solid #00FF00) (5px solid #FF0000) (2px solid #00FF00)] [r=1 c=0 rs=1 cs=1]
              RenderText {#text} at (4,4) size 30x19
                text run at (4,5) width 30: "solid"
            RenderTableCell {TD} at (40,73) size 41x30 [border: (5px inset #00FF00)] [r=1 c=1 rs=1 cs=1]
              RenderText {#text} at (6,6) size 29x18
                text run at (6,6) width 29: "inset"
            RenderTableCell {TD} at (81,75) size 39x26 [border: (3px solid #00FF00) (5px solid #FF0000)] [r=1 c=2 rs=1 cs=1]
              RenderText {#text} at (6,4) size 30x19
                text run at (6,5) width 30: "solid"
          RenderTableRow {TR} at (0,118) size 120x57
            RenderTableCell {TD} at (0,134) size 40x25 [border: (3px solid #00FF00)] [r=2 c=0 rs=1 cs=1]
              RenderText {#text} at (4,4) size 30x18
                text run at (4,4) width 30: "solid"
            RenderTableCell {TD} at (40,133) size 41x27 [border: (5px solid #FF0000) (2px solid #00FF00)] [r=2 c=1 rs=1 cs=1]
              RenderText {#text} at (4,6) size 30x18
                text run at (4,6) width 30: "solid"
            RenderTableCell {TD} at (81,134) size 39x25 [border: (3px solid #00FF00)] [r=2 c=2 rs=1 cs=1]
              RenderText {#text} at (4,4) size 30x18
                text run at (4,4) width 30: "solid"
