layer at (0,0) size 800x600
  RenderView at (0,0) size 800x600
layer at (0,0) size 800x600
  RenderBlock {HTML} at (0,0) size 800x600
    RenderBody {BODY} at (8,8) size 784x584
      RenderText {#text} at (165,0) size 4x19
        text run at (165,0) width 4: " "
      RenderText {#text} at (334,0) size 4x19
        text run at (334,0) width 4: " "
      RenderText {#text} at (503,0) size 4x19
        text run at (503,0) width 4: " "
      RenderText {#text} at (0,0) size 0x0
      RenderText {#text} at (165,140) size 4x19
        text run at (165,140) width 4: " "
      RenderText {#text} at (334,140) size 4x19
        text run at (334,140) width 4: " "
      RenderText {#text} at (503,140) size 4x19
        text run at (503,140) width 4: " "
      RenderText {#text} at (0,0) size 0x0
      RenderText {#text} at (165,280) size 4x19
        text run at (165,280) width 4: " "
      RenderText {#text} at (334,280) size 4x19
        text run at (334,280) width 4: " "
      RenderText {#text} at (503,280) size 4x19
        text run at (503,280) width 4: " "
      RenderText {#text} at (0,0) size 0x0
      RenderText {#text} at (165,420) size 4x19
        text run at (165,420) width 4: " "
      RenderText {#text} at (334,420) size 4x19
        text run at (334,420) width 4: " "
      RenderText {#text} at (0,0) size 0x0
layer at (28,28) size 125x100 clip at (29,29) size 123x98 scrollHeight 1924
  RenderBlock {DIV} at (20,20) size 125x100 [color=#DCDCDC] [bgcolor=#718D93] [border: (1px solid #D3D3D3)]
    RenderText {#text} at (11,11) size 101x768
      text run at (11,11) width 79: "Lorem ipsum"
      text run at (11,27) width 89: "dolor sit amet,"
      text run at (11,43) width 78: "consectetuer"
      text run at (11,59) width 87: "adipiscing elit."
      text run at (11,75) width 91: "Morbi et nisi ut"
      text run at (11,91) width 81: "est venenatis"
      text run at (11,107) width 96: "viverra. Aenean"
      text run at (11,123) width 60: "pede orci,"
      text run at (11,139) width 75: "blandit quis,"
      text run at (11,155) width 84: "faucibus quis,"
      text run at (11,171) width 91: "egestas ut, mi."
      text run at (11,187) width 76: "Pellentesque"
      text run at (11,203) width 73: "enim purus,"
      text run at (11,219) width 58: "venenatis"
      text run at (11,235) width 61: "dignissim,"
      text run at (11,251) width 69: "tincidunt a,"
      text run at (11,267) width 72: "ullamcorper"
      text run at (11,283) width 66: "eget, nibh."
      text run at (11,299) width 88: "Nullam ut sem"
      text run at (11,315) width 86: "adipiscing orci"
      text run at (11,331) width 50: "vehicula"
      text run at (11,347) width 94: "interdum. Proin"
      text run at (11,363) width 46: "a enim."
      text run at (11,379) width 56: "Phasellus"
      text run at (11,395) width 69: "sollicitudin,"
      text run at (11,411) width 75: "magna vitae"
      text run at (11,427) width 67: "vestibulum"
      text run at (11,443) width 85: "facilisis, tellus"
      text run at (11,459) width 71: "nunc iaculis"
      text run at (11,475) width 101: "arcu, in molestie"
      text run at (11,491) width 55: "sem velit"
      text run at (11,507) width 89: "tempus est. In"
      text run at (11,523) width 94: "eleifend velit at"
      text run at (11,539) width 89: "sem adipiscing"
      text run at (11,555) width 84: "sodales. Nunc"
      text run at (11,571) width 72: "sapien felis,"
      text run at (11,587) width 69: "aliquam et,"
      text run at (11,603) width 50: "volutpat"
      text run at (11,619) width 53: "rhoncus,"
      text run at (11,635) width 83: "condimentum"
      text run at (11,651) width 58: "ut, tortor."
      text run at (11,667) width 71: "Integer est."
      text run at (11,683) width 100: "Quisque viverra."
      text run at (11,699) width 78: "Praesent sed"
      text run at (11,715) width 94: "arcu. Maecenas"
      text run at (11,731) width 83: "id lorem a leo"
      text run at (11,747) width 45: "lobortis"
      text run at (11,763) width 87: "condimentum."
    RenderBR {BR} at (97,763) size 1x16
    RenderBR {BR} at (11,779) size 0x16
    RenderText {#text} at (11,795) size 103x624
      text run at (11,795) width 90: "Cras commodo"
      text run at (11,811) width 88: "rutrum augue."
      text run at (11,827) width 97: "Vivamus iaculis."
      text run at (11,843) width 69: "Nullam est."
      text run at (11,859) width 59: "Maecenas"
      text run at (11,875) width 93: "consequat. Sed"
      text run at (11,891) width 94: "id dui. Vivamus"
      text run at (11,907) width 78: "a nisl. Donec"
      text run at (11,923) width 95: "pretium sapien."
      text run at (11,939) width 100: "Proin et ligula et"
      text run at (11,955) width 85: "ligula placerat"
      text run at (11,971) width 52: "pulvinar."
      text run at (11,987) width 77: "Aliquam erat"
      text run at (11,1003) width 89: "volutpat. Proin"
      text run at (11,1019) width 38: "id est."
      text run at (11,1035) width 75: "Suspendisse"
      text run at (11,1051) width 89: "cursus, magna"
      text run at (11,1067) width 72: "at hendrerit"
      text run at (11,1083) width 66: "consequat,"
      text run at (11,1099) width 64: "mauris est"
      text run at (11,1115) width 103: "imperdiet neque,"
      text run at (11,1131) width 86: "a ultrices arcu"
      text run at (11,1147) width 92: "urna non nunc."
      text run at (11,1163) width 90: "Quisque tellus."
      text run at (11,1179) width 102: "Nulla nulla justo,"
      text run at (11,1195) width 79: "vehicula nec,"
      text run at (11,1211) width 100: "pellentesque eu,"
      text run at (11,1227) width 99: "iaculis et, ligula."
      text run at (11,1243) width 95: "Praesent mattis"
      text run at (11,1259) width 82: "ante vel sem."
      text run at (11,1275) width 75: "Suspendisse"
      text run at (11,1291) width 84: "porta rhoncus"
      text run at (11,1307) width 92: "urna. Phasellus"
      text run at (11,1323) width 86: "felis. Praesent"
      text run at (11,1339) width 98: "viverra convallis"
      text run at (11,1355) width 102: "libero. Maecenas"
      text run at (11,1371) width 69: "non augue."
      text run at (11,1387) width 97: "Donec hendrerit"
      text run at (11,1403) width 89: "lectus id enim."
    RenderBR {BR} at (99,1403) size 1x16
    RenderBR {BR} at (11,1419) size 0x16
    RenderText {#text} at (11,1435) size 102x480
      text run at (11,1435) width 94: "Nulla ligula dui,"
      text run at (11,1451) width 72: "euismod et,"
      text run at (11,1467) width 79: "sodales quis,"
      text run at (11,1483) width 97: "sollicitudin quis,"
      text run at (11,1499) width 40: "elit. In"
      text run at (11,1515) width 82: "adipiscing est"
      text run at (11,1531) width 98: "sed enim. Fusce"
      text run at (11,1547) width 89: "at massa vitae"
      text run at (11,1563) width 87: "metus semper"
      text run at (11,1579) width 60: "hendrerit."
      text run at (11,1595) width 78: "Integer vitae"
      text run at (11,1611) width 98: "urna. Nulla eget"
      text run at (11,1627) width 76: "ligula. Etiam"
      text run at (11,1643) width 102: "libero. Maecenas"
      text run at (11,1659) width 55: "nisi nibh,"
      text run at (11,1675) width 68: "convallis a,"
      text run at (11,1691) width 80: "feugiat vitae,"
      text run at (11,1707) width 93: "pulvinar et, mi."
      text run at (11,1723) width 87: "Curabitur arcu"
      text run at (11,1739) width 98: "pede, adipiscing"
      text run at (11,1755) width 76: "sed, egestas"
      text run at (11,1771) width 89: "nec, commodo"
      text run at (11,1787) width 77: "in, elit. Nulla"
      text run at (11,1803) width 77: "facilisi. Proin"
      text run at (11,1819) width 86: "varius pede et"
      text run at (11,1835) width 61: "dui lacinia"
      text run at (11,1851) width 89: "dapibus. Morbi"
      text run at (11,1867) width 102: "nec augue. Proin"
      text run at (11,1883) width 93: "imperdiet lacus"
      text run at (11,1899) width 56: "eu tellus."
layer at (197,28) size 125x100 clip at (198,29) size 123x98 scrollHeight 1924
  RenderBlock {DIV} at (189,20) size 125x100 [color=#DCDCDC] [bgcolor=#718D93] [border: (1px solid #D3D3D3)]
    RenderText {#text} at (11,11) size 101x768
      text run at (11,11) width 79: "Lorem ipsum"
      text run at (11,27) width 89: "dolor sit amet,"
      text run at (11,43) width 78: "consectetuer"
      text run at (11,59) width 87: "adipiscing elit."
      text run at (11,75) width 91: "Morbi et nisi ut"
      text run at (11,91) width 81: "est venenatis"
      text run at (11,107) width 96: "viverra. Aenean"
      text run at (11,123) width 60: "pede orci,"
      text run at (11,139) width 75: "blandit quis,"
      text run at (11,155) width 84: "faucibus quis,"
      text run at (11,171) width 91: "egestas ut, mi."
      text run at (11,187) width 76: "Pellentesque"
      text run at (11,203) width 73: "enim purus,"
      text run at (11,219) width 58: "venenatis"
      text run at (11,235) width 61: "dignissim,"
      text run at (11,251) width 69: "tincidunt a,"
      text run at (11,267) width 72: "ullamcorper"
      text run at (11,283) width 66: "eget, nibh."
      text run at (11,299) width 88: "Nullam ut sem"
      text run at (11,315) width 86: "adipiscing orci"
      text run at (11,331) width 50: "vehicula"
      text run at (11,347) width 94: "interdum. Proin"
      text run at (11,363) width 46: "a enim."
      text run at (11,379) width 56: "Phasellus"
      text run at (11,395) width 69: "sollicitudin,"
      text run at (11,411) width 75: "magna vitae"
      text run at (11,427) width 67: "vestibulum"
      text run at (11,443) width 85: "facilisis, tellus"
      text run at (11,459) width 71: "nunc iaculis"
      text run at (11,475) width 101: "arcu, in molestie"
      text run at (11,491) width 55: "sem velit"
      text run at (11,507) width 89: "tempus est. In"
      text run at (11,523) width 94: "eleifend velit at"
      text run at (11,539) width 89: "sem adipiscing"
      text run at (11,555) width 84: "sodales. Nunc"
      text run at (11,571) width 72: "sapien felis,"
      text run at (11,587) width 69: "aliquam et,"
      text run at (11,603) width 50: "volutpat"
      text run at (11,619) width 53: "rhoncus,"
      text run at (11,635) width 83: "condimentum"
      text run at (11,651) width 58: "ut, tortor."
      text run at (11,667) width 71: "Integer est."
      text run at (11,683) width 100: "Quisque viverra."
      text run at (11,699) width 78: "Praesent sed"
      text run at (11,715) width 94: "arcu. Maecenas"
      text run at (11,731) width 83: "id lorem a leo"
      text run at (11,747) width 45: "lobortis"
      text run at (11,763) width 87: "condimentum."
    RenderBR {BR} at (97,763) size 1x16
    RenderBR {BR} at (11,779) size 0x16
    RenderText {#text} at (11,795) size 103x624
      text run at (11,795) width 90: "Cras commodo"
      text run at (11,811) width 88: "rutrum augue."
      text run at (11,827) width 97: "Vivamus iaculis."
      text run at (11,843) width 69: "Nullam est."
      text run at (11,859) width 59: "Maecenas"
      text run at (11,875) width 93: "consequat. Sed"
      text run at (11,891) width 94: "id dui. Vivamus"
      text run at (11,907) width 78: "a nisl. Donec"
      text run at (11,923) width 95: "pretium sapien."
      text run at (11,939) width 100: "Proin et ligula et"
      text run at (11,955) width 85: "ligula placerat"
      text run at (11,971) width 52: "pulvinar."
      text run at (11,987) width 77: "Aliquam erat"
      text run at (11,1003) width 89: "volutpat. Proin"
      text run at (11,1019) width 38: "id est."
      text run at (11,1035) width 75: "Suspendisse"
      text run at (11,1051) width 89: "cursus, magna"
      text run at (11,1067) width 72: "at hendrerit"
      text run at (11,1083) width 66: "consequat,"
      text run at (11,1099) width 64: "mauris est"
      text run at (11,1115) width 103: "imperdiet neque,"
      text run at (11,1131) width 86: "a ultrices arcu"
      text run at (11,1147) width 92: "urna non nunc."
      text run at (11,1163) width 90: "Quisque tellus."
      text run at (11,1179) width 102: "Nulla nulla justo,"
      text run at (11,1195) width 79: "vehicula nec,"
      text run at (11,1211) width 100: "pellentesque eu,"
      text run at (11,1227) width 99: "iaculis et, ligula."
      text run at (11,1243) width 95: "Praesent mattis"
      text run at (11,1259) width 82: "ante vel sem."
      text run at (11,1275) width 75: "Suspendisse"
      text run at (11,1291) width 84: "porta rhoncus"
      text run at (11,1307) width 92: "urna. Phasellus"
      text run at (11,1323) width 86: "felis. Praesent"
      text run at (11,1339) width 98: "viverra convallis"
      text run at (11,1355) width 102: "libero. Maecenas"
      text run at (11,1371) width 69: "non augue."
      text run at (11,1387) width 97: "Donec hendrerit"
      text run at (11,1403) width 89: "lectus id enim."
    RenderBR {BR} at (99,1403) size 1x16
    RenderBR {BR} at (11,1419) size 0x16
    RenderText {#text} at (11,1435) size 102x480
      text run at (11,1435) width 94: "Nulla ligula dui,"
      text run at (11,1451) width 72: "euismod et,"
      text run at (11,1467) width 79: "sodales quis,"
      text run at (11,1483) width 97: "sollicitudin quis,"
      text run at (11,1499) width 40: "elit. In"
      text run at (11,1515) width 82: "adipiscing est"
      text run at (11,1531) width 98: "sed enim. Fusce"
      text run at (11,1547) width 89: "at massa vitae"
      text run at (11,1563) width 87: "metus semper"
      text run at (11,1579) width 60: "hendrerit."
      text run at (11,1595) width 78: "Integer vitae"
      text run at (11,1611) width 98: "urna. Nulla eget"
      text run at (11,1627) width 76: "ligula. Etiam"
      text run at (11,1643) width 102: "libero. Maecenas"
      text run at (11,1659) width 55: "nisi nibh,"
      text run at (11,1675) width 68: "convallis a,"
      text run at (11,1691) width 80: "feugiat vitae,"
      text run at (11,1707) width 93: "pulvinar et, mi."
      text run at (11,1723) width 87: "Curabitur arcu"
      text run at (11,1739) width 98: "pede, adipiscing"
      text run at (11,1755) width 76: "sed, egestas"
      text run at (11,1771) width 89: "nec, commodo"
      text run at (11,1787) width 77: "in, elit. Nulla"
      text run at (11,1803) width 77: "facilisi. Proin"
      text run at (11,1819) width 86: "varius pede et"
      text run at (11,1835) width 61: "dui lacinia"
      text run at (11,1851) width 89: "dapibus. Morbi"
      text run at (11,1867) width 102: "nec augue. Proin"
      text run at (11,1883) width 93: "imperdiet lacus"
      text run at (11,1899) width 56: "eu tellus."
layer at (366,28) size 125x100 clip at (367,29) size 123x98 scrollWidth 420 scrollHeight 484
  RenderBlock {DIV} at (358,20) size 125x100 [color=#DCDCDC] [bgcolor=#718D93] [border: (1px solid #D3D3D3)]
    RenderBlock {DIV} at (1,1) size 420x484
      RenderText {#text} at (10,10) size 397x176
        text run at (10,10) width 397: "Lorem ipsum dolor sit amet, consectetuer adipiscing elit. Morbi et"
        text run at (10,26) width 364: "nisi ut est venenatis viverra. Aenean pede orci, blandit quis,"
        text run at (10,42) width 397: "faucibus quis, egestas ut, mi. Pellentesque enim purus, venenatis"
        text run at (10,58) width 371: "dignissim, tincidunt a, ullamcorper eget, nibh. Nullam ut sem"
        text run at (10,74) width 348: "adipiscing orci vehicula interdum. Proin a enim. Phasellus"
        text run at (10,90) width 381: "sollicitudin, magna vitae vestibulum facilisis, tellus nunc iaculis"
        text run at (10,106) width 379: "arcu, in molestie sem velit tempus est. In eleifend velit at sem"
        text run at (10,122) width 350: "adipiscing sodales. Nunc sapien felis, aliquam et, volutpat"
        text run at (10,138) width 380: "rhoncus, condimentum ut, tortor. Integer est. Quisque viverra."
        text run at (10,154) width 312: "Praesent sed arcu. Maecenas id lorem a leo lobortis"
        text run at (10,170) width 87: "condimentum."
      RenderBR {BR} at (96,170) size 1x16
      RenderBR {BR} at (10,186) size 0x16
      RenderText {#text} at (10,202) size 398x144
        text run at (10,202) width 356: "Cras commodo rutrum augue. Vivamus iaculis. Nullam est."
        text run at (10,218) width 387: "Maecenas consequat. Sed id dui. Vivamus a nisl. Donec pretium"
        text run at (10,234) width 373: "sapien. Proin et ligula et ligula placerat pulvinar. Aliquam erat"
        text run at (10,250) width 378: "volutpat. Proin id est. Suspendisse cursus, magna at hendrerit"
        text run at (10,266) width 389: "consequat, mauris est imperdiet neque, a ultrices arcu urna non"
        text run at (10,282) width 398: "nunc. Quisque tellus. Nulla nulla justo, vehicula nec, pellentesque"
        text run at (10,298) width 386: "eu, iaculis et, ligula. Praesent mattis ante vel sem. Suspendisse"
        text run at (10,314) width 371: "porta rhoncus urna. Phasellus felis. Praesent viverra convallis"
        text run at (10,330) width 368: "libero. Maecenas non augue. Donec hendrerit lectus id enim."
      RenderBR {BR} at (377,330) size 1x16
      RenderBR {BR} at (10,346) size 0x16
      RenderText {#text} at (10,362) size 397x112
        text run at (10,362) width 397: "Nulla ligula dui, euismod et, sodales quis, sollicitudin quis, elit. In"
        text run at (10,378) width 368: "adipiscing est sed enim. Fusce at massa vitae metus semper"
        text run at (10,394) width 365: "hendrerit. Integer vitae urna. Nulla eget ligula. Etiam libero."
        text run at (10,410) width 371: "Maecenas nisi nibh, convallis a, feugiat vitae, pulvinar et, mi."
        text run at (10,426) width 381: "Curabitur arcu pede, adipiscing sed, egestas nec, commodo in,"
        text run at (10,442) width 386: "elit. Nulla facilisi. Proin varius pede et dui lacinia dapibus. Morbi"
        text run at (10,458) width 258: "nec augue. Proin imperdiet lacus eu tellus."
layer at (535,28) size 125x100 clip at (536,29) size 123x98 scrollHeight 1924
  RenderBlock {DIV} at (527,20) size 125x100 [color=#DCDCDC] [bgcolor=#718D93] [border: (1px solid #D3D3D3)]
    RenderText {#text} at (11,11) size 101x768
      text run at (11,11) width 79: "Lorem ipsum"
      text run at (11,27) width 89: "dolor sit amet,"
      text run at (11,43) width 78: "consectetuer"
      text run at (11,59) width 87: "adipiscing elit."
      text run at (11,75) width 91: "Morbi et nisi ut"
      text run at (11,91) width 81: "est venenatis"
      text run at (11,107) width 96: "viverra. Aenean"
      text run at (11,123) width 60: "pede orci,"
      text run at (11,139) width 75: "blandit quis,"
      text run at (11,155) width 84: "faucibus quis,"
      text run at (11,171) width 91: "egestas ut, mi."
      text run at (11,187) width 76: "Pellentesque"
      text run at (11,203) width 73: "enim purus,"
      text run at (11,219) width 58: "venenatis"
      text run at (11,235) width 61: "dignissim,"
      text run at (11,251) width 69: "tincidunt a,"
      text run at (11,267) width 72: "ullamcorper"
      text run at (11,283) width 66: "eget, nibh."
      text run at (11,299) width 88: "Nullam ut sem"
      text run at (11,315) width 86: "adipiscing orci"
      text run at (11,331) width 50: "vehicula"
      text run at (11,347) width 94: "interdum. Proin"
      text run at (11,363) width 46: "a enim."
      text run at (11,379) width 56: "Phasellus"
      text run at (11,395) width 69: "sollicitudin,"
      text run at (11,411) width 75: "magna vitae"
      text run at (11,427) width 67: "vestibulum"
      text run at (11,443) width 85: "facilisis, tellus"
      text run at (11,459) width 71: "nunc iaculis"
      text run at (11,475) width 101: "arcu, in molestie"
      text run at (11,491) width 55: "sem velit"
      text run at (11,507) width 89: "tempus est. In"
      text run at (11,523) width 94: "eleifend velit at"
      text run at (11,539) width 89: "sem adipiscing"
      text run at (11,555) width 84: "sodales. Nunc"
      text run at (11,571) width 72: "sapien felis,"
      text run at (11,587) width 69: "aliquam et,"
      text run at (11,603) width 50: "volutpat"
      text run at (11,619) width 53: "rhoncus,"
      text run at (11,635) width 83: "condimentum"
      text run at (11,651) width 58: "ut, tortor."
      text run at (11,667) width 71: "Integer est."
      text run at (11,683) width 100: "Quisque viverra."
      text run at (11,699) width 78: "Praesent sed"
      text run at (11,715) width 94: "arcu. Maecenas"
      text run at (11,731) width 83: "id lorem a leo"
      text run at (11,747) width 45: "lobortis"
      text run at (11,763) width 87: "condimentum."
    RenderBR {BR} at (97,763) size 1x16
    RenderBR {BR} at (11,779) size 0x16
    RenderText {#text} at (11,795) size 103x624
      text run at (11,795) width 90: "Cras commodo"
      text run at (11,811) width 88: "rutrum augue."
      text run at (11,827) width 97: "Vivamus iaculis."
      text run at (11,843) width 69: "Nullam est."
      text run at (11,859) width 59: "Maecenas"
      text run at (11,875) width 93: "consequat. Sed"
      text run at (11,891) width 94: "id dui. Vivamus"
      text run at (11,907) width 78: "a nisl. Donec"
      text run at (11,923) width 95: "pretium sapien."
      text run at (11,939) width 100: "Proin et ligula et"
      text run at (11,955) width 85: "ligula placerat"
      text run at (11,971) width 52: "pulvinar."
      text run at (11,987) width 77: "Aliquam erat"
      text run at (11,1003) width 89: "volutpat. Proin"
      text run at (11,1019) width 38: "id est."
      text run at (11,1035) width 75: "Suspendisse"
      text run at (11,1051) width 89: "cursus, magna"
      text run at (11,1067) width 72: "at hendrerit"
      text run at (11,1083) width 66: "consequat,"
      text run at (11,1099) width 64: "mauris est"
      text run at (11,1115) width 103: "imperdiet neque,"
      text run at (11,1131) width 86: "a ultrices arcu"
      text run at (11,1147) width 92: "urna non nunc."
      text run at (11,1163) width 90: "Quisque tellus."
      text run at (11,1179) width 102: "Nulla nulla justo,"
      text run at (11,1195) width 79: "vehicula nec,"
      text run at (11,1211) width 100: "pellentesque eu,"
      text run at (11,1227) width 99: "iaculis et, ligula."
      text run at (11,1243) width 95: "Praesent mattis"
      text run at (11,1259) width 82: "ante vel sem."
      text run at (11,1275) width 75: "Suspendisse"
      text run at (11,1291) width 84: "porta rhoncus"
      text run at (11,1307) width 92: "urna. Phasellus"
      text run at (11,1323) width 86: "felis. Praesent"
      text run at (11,1339) width 98: "viverra convallis"
      text run at (11,1355) width 102: "libero. Maecenas"
      text run at (11,1371) width 69: "non augue."
      text run at (11,1387) width 97: "Donec hendrerit"
      text run at (11,1403) width 89: "lectus id enim."
    RenderBR {BR} at (99,1403) size 1x16
    RenderBR {BR} at (11,1419) size 0x16
    RenderText {#text} at (11,1435) size 102x480
      text run at (11,1435) width 94: "Nulla ligula dui,"
      text run at (11,1451) width 72: "euismod et,"
      text run at (11,1467) width 79: "sodales quis,"
      text run at (11,1483) width 97: "sollicitudin quis,"
      text run at (11,1499) width 40: "elit. In"
      text run at (11,1515) width 82: "adipiscing est"
      text run at (11,1531) width 98: "sed enim. Fusce"
      text run at (11,1547) width 89: "at massa vitae"
      text run at (11,1563) width 87: "metus semper"
      text run at (11,1579) width 60: "hendrerit."
      text run at (11,1595) width 78: "Integer vitae"
      text run at (11,1611) width 98: "urna. Nulla eget"
      text run at (11,1627) width 76: "ligula. Etiam"
      text run at (11,1643) width 102: "libero. Maecenas"
      text run at (11,1659) width 55: "nisi nibh,"
      text run at (11,1675) width 68: "convallis a,"
      text run at (11,1691) width 80: "feugiat vitae,"
      text run at (11,1707) width 93: "pulvinar et, mi."
      text run at (11,1723) width 87: "Curabitur arcu"
      text run at (11,1739) width 98: "pede, adipiscing"
      text run at (11,1755) width 76: "sed, egestas"
      text run at (11,1771) width 89: "nec, commodo"
      text run at (11,1787) width 77: "in, elit. Nulla"
      text run at (11,1803) width 77: "facilisi. Proin"
      text run at (11,1819) width 86: "varius pede et"
      text run at (11,1835) width 61: "dui lacinia"
      text run at (11,1851) width 89: "dapibus. Morbi"
      text run at (11,1867) width 102: "nec augue. Proin"
      text run at (11,1883) width 93: "imperdiet lacus"
      text run at (11,1899) width 56: "eu tellus."
layer at (28,168) size 125x100 clip at (29,169) size 123x98 scrollHeight 1924
  RenderBlock {DIV} at (20,160) size 125x100 [color=#DCDCDC] [bgcolor=#718D93] [border: (1px solid #D3D3D3)]
    RenderText {#text} at (11,11) size 101x768
      text run at (11,11) width 79: "Lorem ipsum"
      text run at (11,27) width 89: "dolor sit amet,"
      text run at (11,43) width 78: "consectetuer"
      text run at (11,59) width 87: "adipiscing elit."
      text run at (11,75) width 91: "Morbi et nisi ut"
      text run at (11,91) width 81: "est venenatis"
      text run at (11,107) width 96: "viverra. Aenean"
      text run at (11,123) width 60: "pede orci,"
      text run at (11,139) width 75: "blandit quis,"
      text run at (11,155) width 84: "faucibus quis,"
      text run at (11,171) width 91: "egestas ut, mi."
      text run at (11,187) width 76: "Pellentesque"
      text run at (11,203) width 73: "enim purus,"
      text run at (11,219) width 58: "venenatis"
      text run at (11,235) width 61: "dignissim,"
      text run at (11,251) width 69: "tincidunt a,"
      text run at (11,267) width 72: "ullamcorper"
      text run at (11,283) width 66: "eget, nibh."
      text run at (11,299) width 88: "Nullam ut sem"
      text run at (11,315) width 86: "adipiscing orci"
      text run at (11,331) width 50: "vehicula"
      text run at (11,347) width 94: "interdum. Proin"
      text run at (11,363) width 46: "a enim."
      text run at (11,379) width 56: "Phasellus"
      text run at (11,395) width 69: "sollicitudin,"
      text run at (11,411) width 75: "magna vitae"
      text run at (11,427) width 67: "vestibulum"
      text run at (11,443) width 85: "facilisis, tellus"
      text run at (11,459) width 71: "nunc iaculis"
      text run at (11,475) width 101: "arcu, in molestie"
      text run at (11,491) width 55: "sem velit"
      text run at (11,507) width 89: "tempus est. In"
      text run at (11,523) width 94: "eleifend velit at"
      text run at (11,539) width 89: "sem adipiscing"
      text run at (11,555) width 84: "sodales. Nunc"
      text run at (11,571) width 72: "sapien felis,"
      text run at (11,587) width 69: "aliquam et,"
      text run at (11,603) width 50: "volutpat"
      text run at (11,619) width 53: "rhoncus,"
      text run at (11,635) width 83: "condimentum"
      text run at (11,651) width 58: "ut, tortor."
      text run at (11,667) width 71: "Integer est."
      text run at (11,683) width 100: "Quisque viverra."
      text run at (11,699) width 78: "Praesent sed"
      text run at (11,715) width 94: "arcu. Maecenas"
      text run at (11,731) width 83: "id lorem a leo"
      text run at (11,747) width 45: "lobortis"
      text run at (11,763) width 87: "condimentum."
    RenderBR {BR} at (97,763) size 1x16
    RenderBR {BR} at (11,779) size 0x16
    RenderText {#text} at (11,795) size 103x624
      text run at (11,795) width 90: "Cras commodo"
      text run at (11,811) width 88: "rutrum augue."
      text run at (11,827) width 97: "Vivamus iaculis."
      text run at (11,843) width 69: "Nullam est."
      text run at (11,859) width 59: "Maecenas"
      text run at (11,875) width 93: "consequat. Sed"
      text run at (11,891) width 94: "id dui. Vivamus"
      text run at (11,907) width 78: "a nisl. Donec"
      text run at (11,923) width 95: "pretium sapien."
      text run at (11,939) width 100: "Proin et ligula et"
      text run at (11,955) width 85: "ligula placerat"
      text run at (11,971) width 52: "pulvinar."
      text run at (11,987) width 77: "Aliquam erat"
      text run at (11,1003) width 89: "volutpat. Proin"
      text run at (11,1019) width 38: "id est."
      text run at (11,1035) width 75: "Suspendisse"
      text run at (11,1051) width 89: "cursus, magna"
      text run at (11,1067) width 72: "at hendrerit"
      text run at (11,1083) width 66: "consequat,"
      text run at (11,1099) width 64: "mauris est"
      text run at (11,1115) width 103: "imperdiet neque,"
      text run at (11,1131) width 86: "a ultrices arcu"
      text run at (11,1147) width 92: "urna non nunc."
      text run at (11,1163) width 90: "Quisque tellus."
      text run at (11,1179) width 102: "Nulla nulla justo,"
      text run at (11,1195) width 79: "vehicula nec,"
      text run at (11,1211) width 100: "pellentesque eu,"
      text run at (11,1227) width 99: "iaculis et, ligula."
      text run at (11,1243) width 95: "Praesent mattis"
      text run at (11,1259) width 82: "ante vel sem."
      text run at (11,1275) width 75: "Suspendisse"
      text run at (11,1291) width 84: "porta rhoncus"
      text run at (11,1307) width 92: "urna. Phasellus"
      text run at (11,1323) width 86: "felis. Praesent"
      text run at (11,1339) width 98: "viverra convallis"
      text run at (11,1355) width 102: "libero. Maecenas"
      text run at (11,1371) width 69: "non augue."
      text run at (11,1387) width 97: "Donec hendrerit"
      text run at (11,1403) width 89: "lectus id enim."
    RenderBR {BR} at (99,1403) size 1x16
    RenderBR {BR} at (11,1419) size 0x16
    RenderText {#text} at (11,1435) size 102x480
      text run at (11,1435) width 94: "Nulla ligula dui,"
      text run at (11,1451) width 72: "euismod et,"
      text run at (11,1467) width 79: "sodales quis,"
      text run at (11,1483) width 97: "sollicitudin quis,"
      text run at (11,1499) width 40: "elit. In"
      text run at (11,1515) width 82: "adipiscing est"
      text run at (11,1531) width 98: "sed enim. Fusce"
      text run at (11,1547) width 89: "at massa vitae"
      text run at (11,1563) width 87: "metus semper"
      text run at (11,1579) width 60: "hendrerit."
      text run at (11,1595) width 78: "Integer vitae"
      text run at (11,1611) width 98: "urna. Nulla eget"
      text run at (11,1627) width 76: "ligula. Etiam"
      text run at (11,1643) width 102: "libero. Maecenas"
      text run at (11,1659) width 55: "nisi nibh,"
      text run at (11,1675) width 68: "convallis a,"
      text run at (11,1691) width 80: "feugiat vitae,"
      text run at (11,1707) width 93: "pulvinar et, mi."
      text run at (11,1723) width 87: "Curabitur arcu"
      text run at (11,1739) width 98: "pede, adipiscing"
      text run at (11,1755) width 76: "sed, egestas"
      text run at (11,1771) width 89: "nec, commodo"
      text run at (11,1787) width 77: "in, elit. Nulla"
      text run at (11,1803) width 77: "facilisi. Proin"
      text run at (11,1819) width 86: "varius pede et"
      text run at (11,1835) width 61: "dui lacinia"
      text run at (11,1851) width 89: "dapibus. Morbi"
      text run at (11,1867) width 102: "nec augue. Proin"
      text run at (11,1883) width 93: "imperdiet lacus"
      text run at (11,1899) width 56: "eu tellus."
layer at (197,168) size 125x100 clip at (198,169) size 123x98 scrollWidth 420 scrollHeight 484
  RenderBlock {DIV} at (189,160) size 125x100 [color=#DCDCDC] [bgcolor=#718D93] [border: (1px solid #D3D3D3)]
    RenderBlock {DIV} at (1,1) size 420x484
      RenderText {#text} at (10,10) size 397x176
        text run at (10,10) width 397: "Lorem ipsum dolor sit amet, consectetuer adipiscing elit. Morbi et"
        text run at (10,26) width 364: "nisi ut est venenatis viverra. Aenean pede orci, blandit quis,"
        text run at (10,42) width 397: "faucibus quis, egestas ut, mi. Pellentesque enim purus, venenatis"
        text run at (10,58) width 371: "dignissim, tincidunt a, ullamcorper eget, nibh. Nullam ut sem"
        text run at (10,74) width 348: "adipiscing orci vehicula interdum. Proin a enim. Phasellus"
        text run at (10,90) width 381: "sollicitudin, magna vitae vestibulum facilisis, tellus nunc iaculis"
        text run at (10,106) width 379: "arcu, in molestie sem velit tempus est. In eleifend velit at sem"
        text run at (10,122) width 350: "adipiscing sodales. Nunc sapien felis, aliquam et, volutpat"
        text run at (10,138) width 380: "rhoncus, condimentum ut, tortor. Integer est. Quisque viverra."
        text run at (10,154) width 312: "Praesent sed arcu. Maecenas id lorem a leo lobortis"
        text run at (10,170) width 87: "condimentum."
      RenderBR {BR} at (96,170) size 1x16
      RenderBR {BR} at (10,186) size 0x16
      RenderText {#text} at (10,202) size 398x144
        text run at (10,202) width 356: "Cras commodo rutrum augue. Vivamus iaculis. Nullam est."
        text run at (10,218) width 387: "Maecenas consequat. Sed id dui. Vivamus a nisl. Donec pretium"
        text run at (10,234) width 373: "sapien. Proin et ligula et ligula placerat pulvinar. Aliquam erat"
        text run at (10,250) width 378: "volutpat. Proin id est. Suspendisse cursus, magna at hendrerit"
        text run at (10,266) width 389: "consequat, mauris est imperdiet neque, a ultrices arcu urna non"
        text run at (10,282) width 398: "nunc. Quisque tellus. Nulla nulla justo, vehicula nec, pellentesque"
        text run at (10,298) width 386: "eu, iaculis et, ligula. Praesent mattis ante vel sem. Suspendisse"
        text run at (10,314) width 371: "porta rhoncus urna. Phasellus felis. Praesent viverra convallis"
        text run at (10,330) width 368: "libero. Maecenas non augue. Donec hendrerit lectus id enim."
      RenderBR {BR} at (377,330) size 1x16
      RenderBR {BR} at (10,346) size 0x16
      RenderText {#text} at (10,362) size 397x112
        text run at (10,362) width 397: "Nulla ligula dui, euismod et, sodales quis, sollicitudin quis, elit. In"
        text run at (10,378) width 368: "adipiscing est sed enim. Fusce at massa vitae metus semper"
        text run at (10,394) width 365: "hendrerit. Integer vitae urna. Nulla eget ligula. Etiam libero."
        text run at (10,410) width 371: "Maecenas nisi nibh, convallis a, feugiat vitae, pulvinar et, mi."
        text run at (10,426) width 381: "Curabitur arcu pede, adipiscing sed, egestas nec, commodo in,"
        text run at (10,442) width 386: "elit. Nulla facilisi. Proin varius pede et dui lacinia dapibus. Morbi"
        text run at (10,458) width 258: "nec augue. Proin imperdiet lacus eu tellus."
layer at (366,168) size 125x100 clip at (367,169) size 123x98 scrollHeight 1924
  RenderBlock {DIV} at (358,160) size 125x100 [color=#DCDCDC] [bgcolor=#718D93] [border: (1px solid #D3D3D3)]
    RenderText {#text} at (11,11) size 101x768
      text run at (11,11) width 79: "Lorem ipsum"
      text run at (11,27) width 89: "dolor sit amet,"
      text run at (11,43) width 78: "consectetuer"
      text run at (11,59) width 87: "adipiscing elit."
      text run at (11,75) width 91: "Morbi et nisi ut"
      text run at (11,91) width 81: "est venenatis"
      text run at (11,107) width 96: "viverra. Aenean"
      text run at (11,123) width 60: "pede orci,"
      text run at (11,139) width 75: "blandit quis,"
      text run at (11,155) width 84: "faucibus quis,"
      text run at (11,171) width 91: "egestas ut, mi."
      text run at (11,187) width 76: "Pellentesque"
      text run at (11,203) width 73: "enim purus,"
      text run at (11,219) width 58: "venenatis"
      text run at (11,235) width 61: "dignissim,"
      text run at (11,251) width 69: "tincidunt a,"
      text run at (11,267) width 72: "ullamcorper"
      text run at (11,283) width 66: "eget, nibh."
      text run at (11,299) width 88: "Nullam ut sem"
      text run at (11,315) width 86: "adipiscing orci"
      text run at (11,331) width 50: "vehicula"
      text run at (11,347) width 94: "interdum. Proin"
      text run at (11,363) width 46: "a enim."
      text run at (11,379) width 56: "Phasellus"
      text run at (11,395) width 69: "sollicitudin,"
      text run at (11,411) width 75: "magna vitae"
      text run at (11,427) width 67: "vestibulum"
      text run at (11,443) width 85: "facilisis, tellus"
      text run at (11,459) width 71: "nunc iaculis"
      text run at (11,475) width 101: "arcu, in molestie"
      text run at (11,491) width 55: "sem velit"
      text run at (11,507) width 89: "tempus est. In"
      text run at (11,523) width 94: "eleifend velit at"
      text run at (11,539) width 89: "sem adipiscing"
      text run at (11,555) width 84: "sodales. Nunc"
      text run at (11,571) width 72: "sapien felis,"
      text run at (11,587) width 69: "aliquam et,"
      text run at (11,603) width 50: "volutpat"
      text run at (11,619) width 53: "rhoncus,"
      text run at (11,635) width 83: "condimentum"
      text run at (11,651) width 58: "ut, tortor."
      text run at (11,667) width 71: "Integer est."
      text run at (11,683) width 100: "Quisque viverra."
      text run at (11,699) width 78: "Praesent sed"
      text run at (11,715) width 94: "arcu. Maecenas"
      text run at (11,731) width 83: "id lorem a leo"
      text run at (11,747) width 45: "lobortis"
      text run at (11,763) width 87: "condimentum."
    RenderBR {BR} at (97,763) size 1x16
    RenderBR {BR} at (11,779) size 0x16
    RenderText {#text} at (11,795) size 103x624
      text run at (11,795) width 90: "Cras commodo"
      text run at (11,811) width 88: "rutrum augue."
      text run at (11,827) width 97: "Vivamus iaculis."
      text run at (11,843) width 69: "Nullam est."
      text run at (11,859) width 59: "Maecenas"
      text run at (11,875) width 93: "consequat. Sed"
      text run at (11,891) width 94: "id dui. Vivamus"
      text run at (11,907) width 78: "a nisl. Donec"
      text run at (11,923) width 95: "pretium sapien."
      text run at (11,939) width 100: "Proin et ligula et"
      text run at (11,955) width 85: "ligula placerat"
      text run at (11,971) width 52: "pulvinar."
      text run at (11,987) width 77: "Aliquam erat"
      text run at (11,1003) width 89: "volutpat. Proin"
      text run at (11,1019) width 38: "id est."
      text run at (11,1035) width 75: "Suspendisse"
      text run at (11,1051) width 89: "cursus, magna"
      text run at (11,1067) width 72: "at hendrerit"
      text run at (11,1083) width 66: "consequat,"
      text run at (11,1099) width 64: "mauris est"
      text run at (11,1115) width 103: "imperdiet neque,"
      text run at (11,1131) width 86: "a ultrices arcu"
      text run at (11,1147) width 92: "urna non nunc."
      text run at (11,1163) width 90: "Quisque tellus."
      text run at (11,1179) width 102: "Nulla nulla justo,"
      text run at (11,1195) width 79: "vehicula nec,"
      text run at (11,1211) width 100: "pellentesque eu,"
      text run at (11,1227) width 99: "iaculis et, ligula."
      text run at (11,1243) width 95: "Praesent mattis"
      text run at (11,1259) width 82: "ante vel sem."
      text run at (11,1275) width 75: "Suspendisse"
      text run at (11,1291) width 84: "porta rhoncus"
      text run at (11,1307) width 92: "urna. Phasellus"
      text run at (11,1323) width 86: "felis. Praesent"
      text run at (11,1339) width 98: "viverra convallis"
      text run at (11,1355) width 102: "libero. Maecenas"
      text run at (11,1371) width 69: "non augue."
      text run at (11,1387) width 97: "Donec hendrerit"
      text run at (11,1403) width 89: "lectus id enim."
    RenderBR {BR} at (99,1403) size 1x16
    RenderBR {BR} at (11,1419) size 0x16
    RenderText {#text} at (11,1435) size 102x480
      text run at (11,1435) width 94: "Nulla ligula dui,"
      text run at (11,1451) width 72: "euismod et,"
      text run at (11,1467) width 79: "sodales quis,"
      text run at (11,1483) width 97: "sollicitudin quis,"
      text run at (11,1499) width 40: "elit. In"
      text run at (11,1515) width 82: "adipiscing est"
      text run at (11,1531) width 98: "sed enim. Fusce"
      text run at (11,1547) width 89: "at massa vitae"
      text run at (11,1563) width 87: "metus semper"
      text run at (11,1579) width 60: "hendrerit."
      text run at (11,1595) width 78: "Integer vitae"
      text run at (11,1611) width 98: "urna. Nulla eget"
      text run at (11,1627) width 76: "ligula. Etiam"
      text run at (11,1643) width 102: "libero. Maecenas"
      text run at (11,1659) width 55: "nisi nibh,"
      text run at (11,1675) width 68: "convallis a,"
      text run at (11,1691) width 80: "feugiat vitae,"
      text run at (11,1707) width 93: "pulvinar et, mi."
      text run at (11,1723) width 87: "Curabitur arcu"
      text run at (11,1739) width 98: "pede, adipiscing"
      text run at (11,1755) width 76: "sed, egestas"
      text run at (11,1771) width 89: "nec, commodo"
      text run at (11,1787) width 77: "in, elit. Nulla"
      text run at (11,1803) width 77: "facilisi. Proin"
      text run at (11,1819) width 86: "varius pede et"
      text run at (11,1835) width 61: "dui lacinia"
      text run at (11,1851) width 89: "dapibus. Morbi"
      text run at (11,1867) width 102: "nec augue. Proin"
      text run at (11,1883) width 93: "imperdiet lacus"
      text run at (11,1899) width 56: "eu tellus."
layer at (535,168) size 125x100 clip at (536,169) size 123x98 scrollWidth 420 scrollHeight 196
  RenderBlock {DIV} at (527,160) size 125x100 [color=#DCDCDC] [bgcolor=#718D93] [border: (1px solid #D3D3D3)]
    RenderBlock {DIV} at (1,1) size 420x196
      RenderText {#text} at (10,10) size 397x176
        text run at (10,10) width 397: "Lorem ipsum dolor sit amet, consectetuer adipiscing elit. Morbi et"
        text run at (10,26) width 364: "nisi ut est venenatis viverra. Aenean pede orci, blandit quis,"
        text run at (10,42) width 397: "faucibus quis, egestas ut, mi. Pellentesque enim purus, venenatis"
        text run at (10,58) width 371: "dignissim, tincidunt a, ullamcorper eget, nibh. Nullam ut sem"
        text run at (10,74) width 348: "adipiscing orci vehicula interdum. Proin a enim. Phasellus"
        text run at (10,90) width 381: "sollicitudin, magna vitae vestibulum facilisis, tellus nunc iaculis"
        text run at (10,106) width 379: "arcu, in molestie sem velit tempus est. In eleifend velit at sem"
        text run at (10,122) width 350: "adipiscing sodales. Nunc sapien felis, aliquam et, volutpat"
        text run at (10,138) width 380: "rhoncus, condimentum ut, tortor. Integer est. Quisque viverra."
        text run at (10,154) width 312: "Praesent sed arcu. Maecenas id lorem a leo lobortis"
        text run at (10,170) width 87: "condimentum."
layer at (28,308) size 125x100 clip at (29,309) size 123x98 scrollHeight 1924
  RenderBlock {DIV} at (20,300) size 125x100 [color=#DCDCDC] [bgcolor=#718D93] [border: (1px solid #D3D3D3)]
    RenderText {#text} at (11,11) size 101x768
      text run at (11,11) width 79: "Lorem ipsum"
      text run at (11,27) width 89: "dolor sit amet,"
      text run at (11,43) width 78: "consectetuer"
      text run at (11,59) width 87: "adipiscing elit."
      text run at (11,75) width 91: "Morbi et nisi ut"
      text run at (11,91) width 81: "est venenatis"
      text run at (11,107) width 96: "viverra. Aenean"
      text run at (11,123) width 60: "pede orci,"
      text run at (11,139) width 75: "blandit quis,"
      text run at (11,155) width 84: "faucibus quis,"
      text run at (11,171) width 91: "egestas ut, mi."
      text run at (11,187) width 76: "Pellentesque"
      text run at (11,203) width 73: "enim purus,"
      text run at (11,219) width 58: "venenatis"
      text run at (11,235) width 61: "dignissim,"
      text run at (11,251) width 69: "tincidunt a,"
      text run at (11,267) width 72: "ullamcorper"
      text run at (11,283) width 66: "eget, nibh."
      text run at (11,299) width 88: "Nullam ut sem"
      text run at (11,315) width 86: "adipiscing orci"
      text run at (11,331) width 50: "vehicula"
      text run at (11,347) width 94: "interdum. Proin"
      text run at (11,363) width 46: "a enim."
      text run at (11,379) width 56: "Phasellus"
      text run at (11,395) width 69: "sollicitudin,"
      text run at (11,411) width 75: "magna vitae"
      text run at (11,427) width 67: "vestibulum"
      text run at (11,443) width 85: "facilisis, tellus"
      text run at (11,459) width 71: "nunc iaculis"
      text run at (11,475) width 101: "arcu, in molestie"
      text run at (11,491) width 55: "sem velit"
      text run at (11,507) width 89: "tempus est. In"
      text run at (11,523) width 94: "eleifend velit at"
      text run at (11,539) width 89: "sem adipiscing"
      text run at (11,555) width 84: "sodales. Nunc"
      text run at (11,571) width 72: "sapien felis,"
      text run at (11,587) width 69: "aliquam et,"
      text run at (11,603) width 50: "volutpat"
      text run at (11,619) width 53: "rhoncus,"
      text run at (11,635) width 83: "condimentum"
      text run at (11,651) width 58: "ut, tortor."
      text run at (11,667) width 71: "Integer est."
      text run at (11,683) width 100: "Quisque viverra."
      text run at (11,699) width 78: "Praesent sed"
      text run at (11,715) width 94: "arcu. Maecenas"
      text run at (11,731) width 83: "id lorem a leo"
      text run at (11,747) width 45: "lobortis"
      text run at (11,763) width 87: "condimentum."
    RenderBR {BR} at (97,763) size 1x16
    RenderBR {BR} at (11,779) size 0x16
    RenderText {#text} at (11,795) size 103x624
      text run at (11,795) width 90: "Cras commodo"
      text run at (11,811) width 88: "rutrum augue."
      text run at (11,827) width 97: "Vivamus iaculis."
      text run at (11,843) width 69: "Nullam est."
      text run at (11,859) width 59: "Maecenas"
      text run at (11,875) width 93: "consequat. Sed"
      text run at (11,891) width 94: "id dui. Vivamus"
      text run at (11,907) width 78: "a nisl. Donec"
      text run at (11,923) width 95: "pretium sapien."
      text run at (11,939) width 100: "Proin et ligula et"
      text run at (11,955) width 85: "ligula placerat"
      text run at (11,971) width 52: "pulvinar."
      text run at (11,987) width 77: "Aliquam erat"
      text run at (11,1003) width 89: "volutpat. Proin"
      text run at (11,1019) width 38: "id est."
      text run at (11,1035) width 75: "Suspendisse"
      text run at (11,1051) width 89: "cursus, magna"
      text run at (11,1067) width 72: "at hendrerit"
      text run at (11,1083) width 66: "consequat,"
      text run at (11,1099) width 64: "mauris est"
      text run at (11,1115) width 103: "imperdiet neque,"
      text run at (11,1131) width 86: "a ultrices arcu"
      text run at (11,1147) width 92: "urna non nunc."
      text run at (11,1163) width 90: "Quisque tellus."
      text run at (11,1179) width 102: "Nulla nulla justo,"
      text run at (11,1195) width 79: "vehicula nec,"
      text run at (11,1211) width 100: "pellentesque eu,"
      text run at (11,1227) width 99: "iaculis et, ligula."
      text run at (11,1243) width 95: "Praesent mattis"
      text run at (11,1259) width 82: "ante vel sem."
      text run at (11,1275) width 75: "Suspendisse"
      text run at (11,1291) width 84: "porta rhoncus"
      text run at (11,1307) width 92: "urna. Phasellus"
      text run at (11,1323) width 86: "felis. Praesent"
      text run at (11,1339) width 98: "viverra convallis"
      text run at (11,1355) width 102: "libero. Maecenas"
      text run at (11,1371) width 69: "non augue."
      text run at (11,1387) width 97: "Donec hendrerit"
      text run at (11,1403) width 89: "lectus id enim."
    RenderBR {BR} at (99,1403) size 1x16
    RenderBR {BR} at (11,1419) size 0x16
    RenderText {#text} at (11,1435) size 102x480
      text run at (11,1435) width 94: "Nulla ligula dui,"
      text run at (11,1451) width 72: "euismod et,"
      text run at (11,1467) width 79: "sodales quis,"
      text run at (11,1483) width 97: "sollicitudin quis,"
      text run at (11,1499) width 40: "elit. In"
      text run at (11,1515) width 82: "adipiscing est"
      text run at (11,1531) width 98: "sed enim. Fusce"
      text run at (11,1547) width 89: "at massa vitae"
      text run at (11,1563) width 87: "metus semper"
      text run at (11,1579) width 60: "hendrerit."
      text run at (11,1595) width 78: "Integer vitae"
      text run at (11,1611) width 98: "urna. Nulla eget"
      text run at (11,1627) width 76: "ligula. Etiam"
      text run at (11,1643) width 102: "libero. Maecenas"
      text run at (11,1659) width 55: "nisi nibh,"
      text run at (11,1675) width 68: "convallis a,"
      text run at (11,1691) width 80: "feugiat vitae,"
      text run at (11,1707) width 93: "pulvinar et, mi."
      text run at (11,1723) width 87: "Curabitur arcu"
      text run at (11,1739) width 98: "pede, adipiscing"
      text run at (11,1755) width 76: "sed, egestas"
      text run at (11,1771) width 89: "nec, commodo"
      text run at (11,1787) width 77: "in, elit. Nulla"
      text run at (11,1803) width 77: "facilisi. Proin"
      text run at (11,1819) width 86: "varius pede et"
      text run at (11,1835) width 61: "dui lacinia"
      text run at (11,1851) width 89: "dapibus. Morbi"
      text run at (11,1867) width 102: "nec augue. Proin"
      text run at (11,1883) width 93: "imperdiet lacus"
      text run at (11,1899) width 56: "eu tellus."
layer at (197,308) size 125x100 clip at (198,309) size 123x98 scrollWidth 420 scrollHeight 196
  RenderBlock {DIV} at (189,300) size 125x100 [color=#DCDCDC] [bgcolor=#718D93] [border: (1px solid #D3D3D3)]
    RenderBlock {DIV} at (1,1) size 420x196
      RenderText {#text} at (10,10) size 397x176
        text run at (10,10) width 397: "Lorem ipsum dolor sit amet, consectetuer adipiscing elit. Morbi et"
        text run at (10,26) width 364: "nisi ut est venenatis viverra. Aenean pede orci, blandit quis,"
        text run at (10,42) width 397: "faucibus quis, egestas ut, mi. Pellentesque enim purus, venenatis"
        text run at (10,58) width 371: "dignissim, tincidunt a, ullamcorper eget, nibh. Nullam ut sem"
        text run at (10,74) width 348: "adipiscing orci vehicula interdum. Proin a enim. Phasellus"
        text run at (10,90) width 381: "sollicitudin, magna vitae vestibulum facilisis, tellus nunc iaculis"
        text run at (10,106) width 379: "arcu, in molestie sem velit tempus est. In eleifend velit at sem"
        text run at (10,122) width 350: "adipiscing sodales. Nunc sapien felis, aliquam et, volutpat"
        text run at (10,138) width 380: "rhoncus, condimentum ut, tortor. Integer est. Quisque viverra."
        text run at (10,154) width 312: "Praesent sed arcu. Maecenas id lorem a leo lobortis"
        text run at (10,170) width 87: "condimentum."
layer at (366,308) size 125x100 clip at (367,309) size 123x98 scrollWidth 420 scrollHeight 484
  RenderBlock {DIV} at (358,300) size 125x100 [color=#DCDCDC] [bgcolor=#718D93] [border: (1px solid #D3D3D3)]
    RenderBlock {DIV} at (1,1) size 420x484
      RenderText {#text} at (10,10) size 397x176
        text run at (10,10) width 397: "Lorem ipsum dolor sit amet, consectetuer adipiscing elit. Morbi et"
        text run at (10,26) width 364: "nisi ut est venenatis viverra. Aenean pede orci, blandit quis,"
        text run at (10,42) width 397: "faucibus quis, egestas ut, mi. Pellentesque enim purus, venenatis"
        text run at (10,58) width 371: "dignissim, tincidunt a, ullamcorper eget, nibh. Nullam ut sem"
        text run at (10,74) width 348: "adipiscing orci vehicula interdum. Proin a enim. Phasellus"
        text run at (10,90) width 381: "sollicitudin, magna vitae vestibulum facilisis, tellus nunc iaculis"
        text run at (10,106) width 379: "arcu, in molestie sem velit tempus est. In eleifend velit at sem"
        text run at (10,122) width 350: "adipiscing sodales. Nunc sapien felis, aliquam et, volutpat"
        text run at (10,138) width 380: "rhoncus, condimentum ut, tortor. Integer est. Quisque viverra."
        text run at (10,154) width 312: "Praesent sed arcu. Maecenas id lorem a leo lobortis"
        text run at (10,170) width 87: "condimentum."
      RenderBR {BR} at (96,170) size 1x16
      RenderBR {BR} at (10,186) size 0x16
      RenderText {#text} at (10,202) size 398x144
        text run at (10,202) width 356: "Cras commodo rutrum augue. Vivamus iaculis. Nullam est."
        text run at (10,218) width 387: "Maecenas consequat. Sed id dui. Vivamus a nisl. Donec pretium"
        text run at (10,234) width 373: "sapien. Proin et ligula et ligula placerat pulvinar. Aliquam erat"
        text run at (10,250) width 378: "volutpat. Proin id est. Suspendisse cursus, magna at hendrerit"
        text run at (10,266) width 389: "consequat, mauris est imperdiet neque, a ultrices arcu urna non"
        text run at (10,282) width 398: "nunc. Quisque tellus. Nulla nulla justo, vehicula nec, pellentesque"
        text run at (10,298) width 386: "eu, iaculis et, ligula. Praesent mattis ante vel sem. Suspendisse"
        text run at (10,314) width 371: "porta rhoncus urna. Phasellus felis. Praesent viverra convallis"
        text run at (10,330) width 368: "libero. Maecenas non augue. Donec hendrerit lectus id enim."
      RenderBR {BR} at (377,330) size 1x16
      RenderBR {BR} at (10,346) size 0x16
      RenderText {#text} at (10,362) size 397x112
        text run at (10,362) width 397: "Nulla ligula dui, euismod et, sodales quis, sollicitudin quis, elit. In"
        text run at (10,378) width 368: "adipiscing est sed enim. Fusce at massa vitae metus semper"
        text run at (10,394) width 365: "hendrerit. Integer vitae urna. Nulla eget ligula. Etiam libero."
        text run at (10,410) width 371: "Maecenas nisi nibh, convallis a, feugiat vitae, pulvinar et, mi."
        text run at (10,426) width 381: "Curabitur arcu pede, adipiscing sed, egestas nec, commodo in,"
        text run at (10,442) width 386: "elit. Nulla facilisi. Proin varius pede et dui lacinia dapibus. Morbi"
        text run at (10,458) width 258: "nec augue. Proin imperdiet lacus eu tellus."
layer at (535,308) size 125x100 clip at (536,309) size 123x98 scrollWidth 420 scrollHeight 484
  RenderBlock {DIV} at (527,300) size 125x100 [color=#DCDCDC] [bgcolor=#718D93] [border: (1px solid #D3D3D3)]
    RenderBlock {DIV} at (1,1) size 420x484
      RenderText {#text} at (10,10) size 397x176
        text run at (10,10) width 397: "Lorem ipsum dolor sit amet, consectetuer adipiscing elit. Morbi et"
        text run at (10,26) width 364: "nisi ut est venenatis viverra. Aenean pede orci, blandit quis,"
        text run at (10,42) width 397: "faucibus quis, egestas ut, mi. Pellentesque enim purus, venenatis"
        text run at (10,58) width 371: "dignissim, tincidunt a, ullamcorper eget, nibh. Nullam ut sem"
        text run at (10,74) width 348: "adipiscing orci vehicula interdum. Proin a enim. Phasellus"
        text run at (10,90) width 381: "sollicitudin, magna vitae vestibulum facilisis, tellus nunc iaculis"
        text run at (10,106) width 379: "arcu, in molestie sem velit tempus est. In eleifend velit at sem"
        text run at (10,122) width 350: "adipiscing sodales. Nunc sapien felis, aliquam et, volutpat"
        text run at (10,138) width 380: "rhoncus, condimentum ut, tortor. Integer est. Quisque viverra."
        text run at (10,154) width 312: "Praesent sed arcu. Maecenas id lorem a leo lobortis"
        text run at (10,170) width 87: "condimentum."
      RenderBR {BR} at (96,170) size 1x16
      RenderBR {BR} at (10,186) size 0x16
      RenderText {#text} at (10,202) size 398x144
        text run at (10,202) width 356: "Cras commodo rutrum augue. Vivamus iaculis. Nullam est."
        text run at (10,218) width 387: "Maecenas consequat. Sed id dui. Vivamus a nisl. Donec pretium"
        text run at (10,234) width 373: "sapien. Proin et ligula et ligula placerat pulvinar. Aliquam erat"
        text run at (10,250) width 378: "volutpat. Proin id est. Suspendisse cursus, magna at hendrerit"
        text run at (10,266) width 389: "consequat, mauris est imperdiet neque, a ultrices arcu urna non"
        text run at (10,282) width 398: "nunc. Quisque tellus. Nulla nulla justo, vehicula nec, pellentesque"
        text run at (10,298) width 386: "eu, iaculis et, ligula. Praesent mattis ante vel sem. Suspendisse"
        text run at (10,314) width 371: "porta rhoncus urna. Phasellus felis. Praesent viverra convallis"
        text run at (10,330) width 368: "libero. Maecenas non augue. Donec hendrerit lectus id enim."
      RenderBR {BR} at (377,330) size 1x16
      RenderBR {BR} at (10,346) size 0x16
      RenderText {#text} at (10,362) size 397x112
        text run at (10,362) width 397: "Nulla ligula dui, euismod et, sodales quis, sollicitudin quis, elit. In"
        text run at (10,378) width 368: "adipiscing est sed enim. Fusce at massa vitae metus semper"
        text run at (10,394) width 365: "hendrerit. Integer vitae urna. Nulla eget ligula. Etiam libero."
        text run at (10,410) width 371: "Maecenas nisi nibh, convallis a, feugiat vitae, pulvinar et, mi."
        text run at (10,426) width 381: "Curabitur arcu pede, adipiscing sed, egestas nec, commodo in,"
        text run at (10,442) width 386: "elit. Nulla facilisi. Proin varius pede et dui lacinia dapibus. Morbi"
        text run at (10,458) width 258: "nec augue. Proin imperdiet lacus eu tellus."
layer at (28,448) size 125x100 clip at (29,449) size 123x98 scrollWidth 420 scrollHeight 484
  RenderBlock {DIV} at (20,440) size 125x100 [color=#DCDCDC] [bgcolor=#718D93] [border: (1px solid #D3D3D3)]
    RenderBlock {DIV} at (1,1) size 420x484
      RenderText {#text} at (10,10) size 397x176
        text run at (10,10) width 397: "Lorem ipsum dolor sit amet, consectetuer adipiscing elit. Morbi et"
        text run at (10,26) width 364: "nisi ut est venenatis viverra. Aenean pede orci, blandit quis,"
        text run at (10,42) width 397: "faucibus quis, egestas ut, mi. Pellentesque enim purus, venenatis"
        text run at (10,58) width 371: "dignissim, tincidunt a, ullamcorper eget, nibh. Nullam ut sem"
        text run at (10,74) width 348: "adipiscing orci vehicula interdum. Proin a enim. Phasellus"
        text run at (10,90) width 381: "sollicitudin, magna vitae vestibulum facilisis, tellus nunc iaculis"
        text run at (10,106) width 379: "arcu, in molestie sem velit tempus est. In eleifend velit at sem"
        text run at (10,122) width 350: "adipiscing sodales. Nunc sapien felis, aliquam et, volutpat"
        text run at (10,138) width 380: "rhoncus, condimentum ut, tortor. Integer est. Quisque viverra."
        text run at (10,154) width 312: "Praesent sed arcu. Maecenas id lorem a leo lobortis"
        text run at (10,170) width 87: "condimentum."
      RenderBR {BR} at (96,170) size 1x16
      RenderBR {BR} at (10,186) size 0x16
      RenderText {#text} at (10,202) size 398x144
        text run at (10,202) width 356: "Cras commodo rutrum augue. Vivamus iaculis. Nullam est."
        text run at (10,218) width 387: "Maecenas consequat. Sed id dui. Vivamus a nisl. Donec pretium"
        text run at (10,234) width 373: "sapien. Proin et ligula et ligula placerat pulvinar. Aliquam erat"
        text run at (10,250) width 378: "volutpat. Proin id est. Suspendisse cursus, magna at hendrerit"
        text run at (10,266) width 389: "consequat, mauris est imperdiet neque, a ultrices arcu urna non"
        text run at (10,282) width 398: "nunc. Quisque tellus. Nulla nulla justo, vehicula nec, pellentesque"
        text run at (10,298) width 386: "eu, iaculis et, ligula. Praesent mattis ante vel sem. Suspendisse"
        text run at (10,314) width 371: "porta rhoncus urna. Phasellus felis. Praesent viverra convallis"
        text run at (10,330) width 368: "libero. Maecenas non augue. Donec hendrerit lectus id enim."
      RenderBR {BR} at (377,330) size 1x16
      RenderBR {BR} at (10,346) size 0x16
      RenderText {#text} at (10,362) size 397x112
        text run at (10,362) width 397: "Nulla ligula dui, euismod et, sodales quis, sollicitudin quis, elit. In"
        text run at (10,378) width 368: "adipiscing est sed enim. Fusce at massa vitae metus semper"
        text run at (10,394) width 365: "hendrerit. Integer vitae urna. Nulla eget ligula. Etiam libero."
        text run at (10,410) width 371: "Maecenas nisi nibh, convallis a, feugiat vitae, pulvinar et, mi."
        text run at (10,426) width 381: "Curabitur arcu pede, adipiscing sed, egestas nec, commodo in,"
        text run at (10,442) width 386: "elit. Nulla facilisi. Proin varius pede et dui lacinia dapibus. Morbi"
        text run at (10,458) width 258: "nec augue. Proin imperdiet lacus eu tellus."
layer at (197,448) size 125x100 clip at (198,449) size 123x98 scrollWidth 420 scrollHeight 484
  RenderBlock {DIV} at (189,440) size 125x100 [color=#DCDCDC] [bgcolor=#718D93] [border: (1px solid #D3D3D3)]
    RenderBlock {DIV} at (1,1) size 420x484
      RenderText {#text} at (10,10) size 397x176
        text run at (10,10) width 397: "Lorem ipsum dolor sit amet, consectetuer adipiscing elit. Morbi et"
        text run at (10,26) width 364: "nisi ut est venenatis viverra. Aenean pede orci, blandit quis,"
        text run at (10,42) width 397: "faucibus quis, egestas ut, mi. Pellentesque enim purus, venenatis"
        text run at (10,58) width 371: "dignissim, tincidunt a, ullamcorper eget, nibh. Nullam ut sem"
        text run at (10,74) width 348: "adipiscing orci vehicula interdum. Proin a enim. Phasellus"
        text run at (10,90) width 381: "sollicitudin, magna vitae vestibulum facilisis, tellus nunc iaculis"
        text run at (10,106) width 379: "arcu, in molestie sem velit tempus est. In eleifend velit at sem"
        text run at (10,122) width 350: "adipiscing sodales. Nunc sapien felis, aliquam et, volutpat"
        text run at (10,138) width 380: "rhoncus, condimentum ut, tortor. Integer est. Quisque viverra."
        text run at (10,154) width 312: "Praesent sed arcu. Maecenas id lorem a leo lobortis"
        text run at (10,170) width 87: "condimentum."
      RenderBR {BR} at (96,170) size 1x16
      RenderBR {BR} at (10,186) size 0x16
      RenderText {#text} at (10,202) size 398x144
        text run at (10,202) width 356: "Cras commodo rutrum augue. Vivamus iaculis. Nullam est."
        text run at (10,218) width 387: "Maecenas consequat. Sed id dui. Vivamus a nisl. Donec pretium"
        text run at (10,234) width 373: "sapien. Proin et ligula et ligula placerat pulvinar. Aliquam erat"
        text run at (10,250) width 378: "volutpat. Proin id est. Suspendisse cursus, magna at hendrerit"
        text run at (10,266) width 389: "consequat, mauris est imperdiet neque, a ultrices arcu urna non"
        text run at (10,282) width 398: "nunc. Quisque tellus. Nulla nulla justo, vehicula nec, pellentesque"
        text run at (10,298) width 386: "eu, iaculis et, ligula. Praesent mattis ante vel sem. Suspendisse"
        text run at (10,314) width 371: "porta rhoncus urna. Phasellus felis. Praesent viverra convallis"
        text run at (10,330) width 368: "libero. Maecenas non augue. Donec hendrerit lectus id enim."
      RenderBR {BR} at (377,330) size 1x16
      RenderBR {BR} at (10,346) size 0x16
      RenderText {#text} at (10,362) size 397x112
        text run at (10,362) width 397: "Nulla ligula dui, euismod et, sodales quis, sollicitudin quis, elit. In"
        text run at (10,378) width 368: "adipiscing est sed enim. Fusce at massa vitae metus semper"
        text run at (10,394) width 365: "hendrerit. Integer vitae urna. Nulla eget ligula. Etiam libero."
        text run at (10,410) width 371: "Maecenas nisi nibh, convallis a, feugiat vitae, pulvinar et, mi."
        text run at (10,426) width 381: "Curabitur arcu pede, adipiscing sed, egestas nec, commodo in,"
        text run at (10,442) width 386: "elit. Nulla facilisi. Proin varius pede et dui lacinia dapibus. Morbi"
        text run at (10,458) width 258: "nec augue. Proin imperdiet lacus eu tellus."
layer at (366,448) size 125x100 clip at (367,449) size 123x98 scrollWidth 420 scrollHeight 484
  RenderBlock {DIV} at (358,440) size 125x100 [color=#DCDCDC] [bgcolor=#718D93] [border: (1px solid #D3D3D3)]
    RenderBlock {DIV} at (1,1) size 420x484
      RenderText {#text} at (10,10) size 397x176
        text run at (10,10) width 397: "Lorem ipsum dolor sit amet, consectetuer adipiscing elit. Morbi et"
        text run at (10,26) width 364: "nisi ut est venenatis viverra. Aenean pede orci, blandit quis,"
        text run at (10,42) width 397: "faucibus quis, egestas ut, mi. Pellentesque enim purus, venenatis"
        text run at (10,58) width 371: "dignissim, tincidunt a, ullamcorper eget, nibh. Nullam ut sem"
        text run at (10,74) width 348: "adipiscing orci vehicula interdum. Proin a enim. Phasellus"
        text run at (10,90) width 381: "sollicitudin, magna vitae vestibulum facilisis, tellus nunc iaculis"
        text run at (10,106) width 379: "arcu, in molestie sem velit tempus est. In eleifend velit at sem"
        text run at (10,122) width 350: "adipiscing sodales. Nunc sapien felis, aliquam et, volutpat"
        text run at (10,138) width 380: "rhoncus, condimentum ut, tortor. Integer est. Quisque viverra."
        text run at (10,154) width 312: "Praesent sed arcu. Maecenas id lorem a leo lobortis"
        text run at (10,170) width 87: "condimentum."
      RenderBR {BR} at (96,170) size 1x16
      RenderBR {BR} at (10,186) size 0x16
      RenderText {#text} at (10,202) size 398x144
        text run at (10,202) width 356: "Cras commodo rutrum augue. Vivamus iaculis. Nullam est."
        text run at (10,218) width 387: "Maecenas consequat. Sed id dui. Vivamus a nisl. Donec pretium"
        text run at (10,234) width 373: "sapien. Proin et ligula et ligula placerat pulvinar. Aliquam erat"
        text run at (10,250) width 378: "volutpat. Proin id est. Suspendisse cursus, magna at hendrerit"
        text run at (10,266) width 389: "consequat, mauris est imperdiet neque, a ultrices arcu urna non"
        text run at (10,282) width 398: "nunc. Quisque tellus. Nulla nulla justo, vehicula nec, pellentesque"
        text run at (10,298) width 386: "eu, iaculis et, ligula. Praesent mattis ante vel sem. Suspendisse"
        text run at (10,314) width 371: "porta rhoncus urna. Phasellus felis. Praesent viverra convallis"
        text run at (10,330) width 368: "libero. Maecenas non augue. Donec hendrerit lectus id enim."
      RenderBR {BR} at (377,330) size 1x16
      RenderBR {BR} at (10,346) size 0x16
      RenderText {#text} at (10,362) size 397x112
        text run at (10,362) width 397: "Nulla ligula dui, euismod et, sodales quis, sollicitudin quis, elit. In"
        text run at (10,378) width 368: "adipiscing est sed enim. Fusce at massa vitae metus semper"
        text run at (10,394) width 365: "hendrerit. Integer vitae urna. Nulla eget ligula. Etiam libero."
        text run at (10,410) width 371: "Maecenas nisi nibh, convallis a, feugiat vitae, pulvinar et, mi."
        text run at (10,426) width 381: "Curabitur arcu pede, adipiscing sed, egestas nec, commodo in,"
        text run at (10,442) width 386: "elit. Nulla facilisi. Proin varius pede et dui lacinia dapibus. Morbi"
        text run at (10,458) width 258: "nec augue. Proin imperdiet lacus eu tellus."
