layer at (0,0) size 800x600
  RenderView at (0,0) size 800x600
layer at (0,0) size 800x600
  RenderBlock {HTML} at (0,0) size 800x600
    RenderBody {BODY} at (8,8) size 784x584
layer at (8,8) size 200x200 clip at (8,8) size 183x183 scrollWidth 323 scrollHeight 880
  RenderBlock {DIV} at (0,0) size 200x200
    RenderText {#text} at (0,0) size 36x19
      text run at (0,0) width 36: "Hello"
    RenderBR {BR} at (35,0) size 1x19
    RenderText {#text} at (0,20) size 36x19
      text run at (0,20) width 36: "Hello"
    RenderBR {BR} at (35,20) size 1x19
    RenderText {#text} at (0,40) size 36x19
      text run at (0,40) width 36: "Hello"
    RenderBR {BR} at (35,40) size 1x19
    RenderText {#text} at (0,60) size 36x19
      text run at (0,60) width 36: "Hello"
    RenderBR {BR} at (35,60) size 1x19
    RenderText {#text} at (0,80) size 36x19
      text run at (0,80) width 36: "Hello"
    RenderBR {BR} at (35,80) size 1x19
    RenderText {#text} at (0,100) size 36x19
      text run at (0,100) width 36: "Hello"
    RenderBR {BR} at (35,100) size 1x19
    RenderText {#text} at (0,120) size 36x19
      text run at (0,120) width 36: "Hello"
    RenderBR {BR} at (35,120) size 1x19
    RenderText {#text} at (0,140) size 36x19
      text run at (0,140) width 36: "Hello"
    RenderBR {BR} at (35,140) size 1x19
    RenderText {#text} at (0,160) size 36x19
      text run at (0,160) width 36: "Hello"
    RenderBR {BR} at (35,160) size 1x19
    RenderText {#text} at (0,180) size 36x19
      text run at (0,180) width 36: "Hello"
    RenderBR {BR} at (35,180) size 1x19
    RenderText {#text} at (0,200) size 36x19
      text run at (0,200) width 36: "Hello"
    RenderBR {BR} at (35,200) size 1x19
    RenderText {#text} at (0,220) size 36x19
      text run at (0,220) width 36: "Hello"
    RenderBR {BR} at (35,220) size 1x19
    RenderText {#text} at (0,240) size 36x19
      text run at (0,240) width 36: "Hello"
    RenderBR {BR} at (35,240) size 1x19
    RenderText {#text} at (0,260) size 36x19
      text run at (0,260) width 36: "Hello"
    RenderBR {BR} at (35,260) size 1x19
    RenderText {#text} at (0,280) size 36x19
      text run at (0,280) width 36: "Hello"
    RenderBR {BR} at (35,280) size 1x19
    RenderText {#text} at (0,300) size 36x19
      text run at (0,300) width 36: "Hello"
    RenderBR {BR} at (35,300) size 1x19
    RenderInline {SPAN} at (0,0) size 324x19
      RenderText {#text} at (0,320) size 324x19
        text run at (0,320) width 324: "Hello world this is a long string and will not wrap."
    RenderText {#text} at (0,340) size 36x19
      text run at (0,340) width 36: "Hello"
    RenderBR {BR} at (35,340) size 1x19
    RenderText {#text} at (0,360) size 36x19
      text run at (0,360) width 36: "Hello"
    RenderBR {BR} at (35,360) size 1x19
    RenderText {#text} at (0,380) size 36x19
      text run at (0,380) width 36: "Hello"
    RenderBR {BR} at (35,380) size 1x19
    RenderText {#text} at (0,400) size 36x19
      text run at (0,400) width 36: "Hello"
    RenderBR {BR} at (35,400) size 1x19
    RenderText {#text} at (0,420) size 36x19
      text run at (0,420) width 36: "Hello"
    RenderBR {BR} at (35,420) size 1x19
    RenderText {#text} at (0,440) size 36x19
      text run at (0,440) width 36: "Hello"
    RenderBR {BR} at (35,440) size 1x19
    RenderText {#text} at (0,460) size 36x19
      text run at (0,460) width 36: "Hello"
    RenderBR {BR} at (35,460) size 1x19
    RenderText {#text} at (0,480) size 36x19
      text run at (0,480) width 36: "Hello"
    RenderBR {BR} at (35,480) size 1x19
    RenderText {#text} at (0,500) size 36x19
      text run at (0,500) width 36: "Hello"
    RenderBR {BR} at (35,500) size 1x19
    RenderText {#text} at (0,520) size 36x19
      text run at (0,520) width 36: "Hello"
    RenderBR {BR} at (35,520) size 1x19
    RenderText {#text} at (0,540) size 36x19
      text run at (0,540) width 36: "Hello"
    RenderBR {BR} at (35,540) size 1x19
    RenderText {#text} at (0,560) size 36x19
      text run at (0,560) width 36: "Hello"
    RenderBR {BR} at (35,560) size 1x19
    RenderText {#text} at (0,580) size 36x19
      text run at (0,580) width 36: "Hello"
    RenderBR {BR} at (35,580) size 1x19
    RenderText {#text} at (0,600) size 36x19
      text run at (0,600) width 36: "Hello"
    RenderBR {BR} at (35,600) size 1x19
    RenderText {#text} at (0,620) size 36x19
      text run at (0,620) width 36: "Hello"
    RenderBR {BR} at (35,620) size 1x19
    RenderText {#text} at (0,640) size 36x19
      text run at (0,640) width 36: "Hello"
    RenderBR {BR} at (35,640) size 1x19
    RenderText {#text} at (0,660) size 36x19
      text run at (0,660) width 36: "Hello"
    RenderBR {BR} at (35,660) size 1x19
    RenderText {#text} at (0,680) size 36x19
      text run at (0,680) width 36: "Hello"
    RenderBR {BR} at (35,680) size 1x19
    RenderText {#text} at (0,700) size 36x19
      text run at (0,700) width 36: "Hello"
    RenderBR {BR} at (35,700) size 1x19
    RenderText {#text} at (0,720) size 36x19
      text run at (0,720) width 36: "Hello"
    RenderBR {BR} at (35,720) size 1x19
    RenderText {#text} at (0,740) size 36x19
      text run at (0,740) width 36: "Hello"
    RenderBR {BR} at (35,740) size 1x19
    RenderText {#text} at (0,760) size 36x19
      text run at (0,760) width 36: "Hello"
    RenderBR {BR} at (35,760) size 1x19
    RenderText {#text} at (0,780) size 36x19
      text run at (0,780) width 36: "Hello"
    RenderBR {BR} at (35,780) size 1x19
    RenderText {#text} at (0,800) size 36x19
      text run at (0,800) width 36: "Hello"
    RenderBR {BR} at (35,800) size 1x19
    RenderText {#text} at (0,820) size 36x19
      text run at (0,820) width 36: "Hello"
    RenderBR {BR} at (35,820) size 1x19
    RenderText {#text} at (0,840) size 36x19
      text run at (0,840) width 36: "Hello"
    RenderBR {BR} at (35,840) size 1x19
    RenderText {#text} at (0,860) size 36x19
      text run at (0,860) width 36: "Hello"
    RenderBR {BR} at (35,860) size 1x19
