layer at (0,0) size 800x600
  RenderView at (0,0) size 800x600
layer at (0,0) size 800x600
  RenderBlock {HTML} at (0,0) size 800x600
    RenderBody {BODY} at (8,8) size 784x576
      RenderBlock {FORM} at (0,0) size 784x57
        RenderText {#text} at (205,32) size 4x17
          text run at (205,32) width 4: " "
        RenderText {#text} at (414,32) size 4x17
          text run at (414,32) width 4: " "
        RenderButton {INPUT} at (420,28) size 58x27 [color=#000000CC] [bgcolor=#C0C0C0] [border: (2px outset #C0C0C0)]
          RenderBlock (anonymous) at (8,4) size 42x18
            RenderText at (0,0) size 42x17
              text run at (0,0) width 42: "Reset"
        RenderText {#text} at (0,0) size 0x0
      RenderBlock {P} at (0,73) size 784x72
        RenderText {#text} at (0,0) size 354x17
          text run at (0,0) width 354: "This test verifies that textarea controls are properly reset."
        RenderBR {BR} at (354,0) size 0x17
        RenderText {#text} at (0,18) size 469x17
          text run at (0,18) width 469: "You should see two element IDs below, and the word \"SUCCESS\" twice:"
        RenderBR {BR} at (468,18) size 1x17
        RenderText {#text} at (0,36) size 170x17
          text run at (0,36) width 170: "noDefaultText: SUCCESS"
        RenderBR {BR} at (169,36) size 1x17
        RenderText {#text} at (0,54) size 175x17
          text run at (0,54) width 175: "hasDefaultText: SUCCESS"
layer at (10,10) size 201x42 clip at (11,11) size 199x40
  RenderTextControl {TEXTAREA} at (2,2) size 201x42 [bgcolor=#FFFFFF] [border: (1px solid #000000)]
    RenderBlock {DIV} at (3,3) size 195x18
layer at (219,10) size 201x42 clip at (220,11) size 199x40
  RenderTextControl {TEXTAREA} at (211,2) size 201x42 [bgcolor=#FFFFFF] [border: (1px solid #000000)]
    RenderBlock {DIV} at (3,3) size 195x18
      RenderText {#text} at (0,0) size 85x17
        text run at (0,0) width 85: "Default Text"
