layer at (0,0) size 785x750
  RenderView at (0,0) size 785x600
layer at (0,0) size 785x750
  RenderBlock {HTML} at (0,0) size 785x750
    RenderBody {BODY} at (8,21) size 769x113
      RenderBlock {H1} at (0,0) size 769x37
        RenderText {#text} at (0,0) size 389x37
          text run at (0,0) width 389: "Image optimisation in layers"
      RenderBlock {P} at (0,58) size 769x55
        RenderText {#text} at (0,0) size 752x54
          text run at (0,0) width 610: "This test exercises direct compositing of images with hardware acceleration. The visual results "
          text run at (609,0) width 36: "using"
          text run at (0,18) width 684: "ACCELERATED_COMPOSITING and regular TOT should be identical. Running this test manually with "
          text run at (683,18) width 69: "the correct"
          text run at (0,36) width 451: "debug options will show which elements are directly composited. See "
        RenderInline {A} at (0,0) size 310x18 [color=#0000EE]
          RenderText {#text} at (450,36) size 310x18
            text run at (450,36) width 310: "https://bugs.webkit.org/show_bug.cgi?id=23361"
        RenderText {#text} at (0,0) size 0x0
      RenderBlock (floating) {DIV} at (0,128) size 260x201
        RenderText {#text} at (150,0) size 108x72
          text run at (150,0) width 108: "Basic image - no"
          text run at (150,18) width 85: "style - can be"
          text run at (150,36) width 49: "directly"
          text run at (150,54) width 74: "composited"
      RenderBlock (floating) {DIV} at (260,128) size 260x201
        RenderText {#text} at (160,0) size 78x90
          text run at (160,0) width 56: "5px blue"
          text run at (160,18) width 78: "border - can"
          text run at (160,36) width 52: "NOT be"
          text run at (160,54) width 49: "directly"
          text run at (160,72) width 74: "composited"
      RenderBlock (floating) {DIV} at (0,328) size 260x201
        RenderText {#text} at (160,0) size 81x72
          text run at (160,0) width 81: "margin - can"
          text run at (160,18) width 52: "NOT be"
          text run at (160,36) width 49: "directly"
          text run at (160,54) width 74: "composited"
      RenderBlock (floating) {DIV} at (260,328) size 260x201
        RenderText {#text} at (150,0) size 95x72
          text run at (150,0) width 32: "solid"
          text run at (150,18) width 85: "background -"
          text run at (150,36) width 95: "can be directly"
          text run at (150,54) width 74: "composited"
      RenderBlock (floating) {DIV} at (0,528) size 260x201
        RenderText {#text} at (150,0) size 105x72
          text run at (150,0) width 76: "background"
          text run at (150,18) width 75: "image - can"
          text run at (150,36) width 105: "NOT be directly"
          text run at (150,54) width 74: "composited"
      RenderBlock (floating) {DIV} at (260,528) size 260x201
        RenderText {#text} at (150,0) size 85x90
          text run at (150,0) width 69: "rotated but"
          text run at (150,18) width 83: "otherwise no"
          text run at (150,36) width 85: "style - can be"
          text run at (150,54) width 49: "directly"
          text run at (150,72) width 74: "composited"
layer at (8,150) size 150x150
  RenderImage {IMG} at (0,0) size 150x150
layer at (268,150) size 160x160
  RenderImage {IMG} at (0,0) size 160x160 [border: (5px solid #0000FF)]
layer at (13,355) size 150x150
  RenderImage {IMG} at (5,5) size 150x150
layer at (268,350) size 150x150
  RenderImage {IMG} at (0,0) size 150x150 [bgcolor=#808080]
layer at (8,550) size 150x150
  RenderImage {IMG} at (0,0) size 150x150 [bgcolor=#FFA500]
layer at (268,550) size 150x150
  RenderImage {IMG} at (0,0) size 150x150
