layer at (0,0) size 785x773
  RenderView at (0,0) size 785x600
layer at (0,0) size 785x773
  RenderBlock {html} at (0,0) size 785x773
    RenderBody {body} at (11,11) size 763x739
      RenderBlock (anonymous) at (0,0) size 762x54
        RenderText {#text} at (0,0) size 758x53
          text run at (0,0) width 357: "The two blocks should look identical. "
          text run at (357,0) width 401: "One uses an SVG, and the other just uses a"
          text run at (0,27) width 177: "normal HTML div."
      RenderBlock {p} at (0,77) size 762x28
        RenderText {#text} at (0,0) size 524x26
          text run at (0,0) width 524: "There should be a red, white and blue pattern below this"
      RenderSVGRoot {svg} at (25,152) size 202x202
        RenderSVGRect {rect} at (25,152) size 202x202 [fill={[type=SOLID] [color=#0000FF]}] [x=0.00] [y=0.00] [width=100.00] [height=100.00]
      RenderBlock {p} at (0,356) size 762x28
        RenderText {#text} at (0,0) size 523x26
          text run at (0,0) width 523: "There should be a red, white and blue pattern above this"
      RenderBlock {p} at (0,431) size 762x28
        RenderText {#text} at (0,0) size 524x26
          text run at (0,0) width 524: "There should be a red, white and blue pattern below this"
      RenderBlock (floating) {div} at (14,496) size 202x201 [border: (14px solid #FF0000)]
        RenderBlock {div} at (28,28) size 145x145 [bgcolor=#0000FF]
      RenderBlock {p} at (0,711) size 762x28
        RenderText {#text} at (0,0) size 523x26
          text run at (0,0) width 523: "There should be a red, white and blue pattern above this"
layer at (12,418) size 762x2 backgroundClip at (12,418) size 761x2 clip at (0,0) size 0x0
  RenderBlock {hr} at (0,406) size 762x3 [color=#808080] [border: (1px inset #808080)]
