layer at (0,0) size 800x600
  RenderView at (0,0) size 800x600
layer at (0,0) size 800x600
  RenderBlock {HTML} at (0,0) size 800x600
    RenderBody {BODY} at (8,8) size 784x576
      RenderBlock {P} at (0,0) size 784x79
        RenderText {#text} at (0,1) size 280x57
          text run at (0,1) width 280: "BigAndGreen"
        RenderBR {BR} at (280,1) size 0x57
        RenderText {#text} at (0,59) size 101x19
          text run at (0,59) width 101: "SmallAndBlack"
