layer at (0,0) size 843x585
  RenderView at (0,0) size 800x585
layer at (0,0) size 800x490
  RenderBlock {HTML} at (0,0) size 800x491
    RenderBody {BODY} at (8,17) size 784x456
layer at (8,18) size 835x455
  RenderBlock {DIV} at (0,0) size 835x455 [border: (5px solid #800000)]
    RenderBlock {H2} at (5,26) size 825x32 [bgcolor=#EEEEEE]
      RenderText {#text} at (0,0) size 732x31
        text run at (0,0) width 732: "This is a spanning element at the beginning of the columns block."
    RenderMultiColumnSet at (5,79) size 825x371
layer at (13,23) size 404x721 backgroundClip at (0,0) size 843x585 clip at (0,0) size 843x585
  RenderMultiColumnFlowThread at (5,5) size 404x721
    RenderMultiColumnSpannerPlaceholder at (0,0) size 0x0
    RenderBlock (anonymous) at (0,0) size 404x721
      RenderText {#text} at (0,0) size 403x721
        text run at (0,0) width 401: "Lorem ipsum dolor sit amet, consectetuer adipiscing elit."
        text run at (0,20) width 398: "Nulla varius enim ac mi. Curabitur sollicitudin felis quis"
        text run at (0,41) width 365: "lectus. Quisque adipiscing rhoncus sem. Proin nulla"
        text run at (0,61) width 403: "purus, vulputate vel, varius ut, euismod et, nisi. Sed vitae"
        text run at (0,82) width 390: "felis vel orci sagittis aliquam. Cras convallis adipiscing"
        text run at (0,103) width 382: "sem. Nam nonummy enim. Nullam bibendum lobortis"
        text run at (0,123) width 386: "neque. Vestibulum velit orci, tempus euismod, pretium"
        text run at (0,144) width 388: "quis, interdum vitae, nulla. Phasellus eget ante et tortor"
        text run at (0,164) width 386: "condimentum vestibulum. Suspendisse hendrerit quam"
        text run at (0,185) width 366: "nec felis. Sed varius turpis vitae pede. Lorem ipsum"
        text run at (0,206) width 306: "dolor sit amet, consectetuer adipiscing elit. "
        text run at (305,206) width 96: "Lorem ipsum"
        text run at (0,226) width 393: "dolor sit amet, consectetuer adipiscing elit. Nulla varius"
        text run at (0,247) width 357: "enim ac mi. Curabitur sollicitudin felis quis lectus."
        text run at (0,267) width 363: "Quisque adipiscing rhoncus sem. Proin nulla purus,"
        text run at (0,288) width 390: "vulputate vel, varius ut, euismod et, nisi. Sed vitae felis"
        text run at (0,309) width 392: "vel orci sagittis aliquam. Cras convallis adipiscing sem."
        text run at (0,329) width 395: "Nam nonummy enim. Nullam bibendum lobortis neque."
        text run at (0,350) width 373: "Vestibulum velit orci, tempus euismod, pretium quis,"
        text run at (0,370) width 350: "interdum vitae, nulla. Phasellus eget ante et tortor"
        text run at (0,391) width 386: "condimentum vestibulum. Suspendisse hendrerit quam"
        text run at (0,412) width 366: "nec felis. Sed varius turpis vitae pede. Lorem ipsum"
        text run at (0,432) width 306: "dolor sit amet, consectetuer adipiscing elit. "
        text run at (305,432) width 96: "Lorem ipsum"
        text run at (0,453) width 393: "dolor sit amet, consectetuer adipiscing elit. Nulla varius"
        text run at (0,473) width 357: "enim ac mi. Curabitur sollicitudin felis quis lectus."
        text run at (0,494) width 363: "Quisque adipiscing rhoncus sem. Proin nulla purus,"
        text run at (0,515) width 390: "vulputate vel, varius ut, euismod et, nisi. Sed vitae felis"
        text run at (0,535) width 392: "vel orci sagittis aliquam. Cras convallis adipiscing sem."
        text run at (0,556) width 395: "Nam nonummy enim. Nullam bibendum lobortis neque."
        text run at (0,576) width 373: "Vestibulum velit orci, tempus euismod, pretium quis,"
        text run at (0,597) width 350: "interdum vitae, nulla. Phasellus eget ante et tortor"
        text run at (0,617) width 386: "condimentum vestibulum. Suspendisse hendrerit quam"
        text run at (0,638) width 366: "nec felis. Sed varius turpis vitae pede. Lorem ipsum"
        text run at (0,659) width 306: "dolor sit amet, consectetuer adipiscing elit. "
        text run at (305,659) width 96: "Lorem ipsum"
        text run at (0,679) width 393: "dolor sit amet, consectetuer adipiscing elit. Nulla varius"
        text run at (0,700) width 83: "enim ac mi."
