layer at (0,0) size 800x600
  RenderView at (0,0) size 800x600
layer at (0,0) size 800x600
  RenderBlock {HTML} at (0,0) size 800x600
    RenderBody {BODY} at (8,16) size 784x568
layer at (8,16) size 784x186
  RenderBlock {DIV} at (0,0) size 784x186 [border: (5px solid #800000)]
    RenderMultiColumnSet at (5,5) size 774x0
    RenderBlock {H2} at (5,24) size 774x29 [bgcolor=#EEEEEE]
      RenderText {#text} at (0,0) size 57x28
        text run at (0,0) width 57: "PASS"
    RenderMultiColumnSet at (5,72) size 774x109
layer at (13,21) size 379x198
  RenderMultiColumnFlowThread at (5,5) size 379x198
    RenderBlock (anonymous) at (0,0) size 379x0
      RenderInline {JUNK} at (0,0) size 0x0
        RenderText {#text} at (0,0) size 0x0
    RenderBlock (anonymous) at (0,0) size 379x0
      RenderMultiColumnSpannerPlaceholder at (0,0) size 0x0
    RenderBlock (anonymous) at (0,0) size 379x198
      RenderInline {JUNK} at (0,0) size 378x198
        RenderText {#text} at (0,0) size 378x198
          text run at (0,0) width 364: "Lorem ipsum dolor sit amet, consectetuer adipiscing elit."
          text run at (0,18) width 362: "Nulla varius enim ac mi. Curabitur sollicitudin felis quis"
          text run at (0,36) width 376: "lectus. Quisque adipiscing rhoncus sem. Proin nulla purus,"
          text run at (0,54) width 378: "vulputate vel, varius ut, euismod et, nisi. Sed vitae felis vel"
          text run at (0,72) width 368: "orci sagittis aliquam. Cras convallis adipiscing sem. Nam"
          text run at (0,90) width 324: "nonummy enim. Nullam bibendum lobortis neque."
          text run at (0,108) width 340: "Vestibulum velit orci, tempus euismod, pretium quis,"
          text run at (0,126) width 318: "interdum vitae, nulla. Phasellus eget ante et tortor"
          text run at (0,144) width 377: "condimentum vestibulum. Suspendisse hendrerit quam nec"
          text run at (0,162) width 364: "felis. Sed varius turpis vitae pede. Lorem ipsum dolor sit"
          text run at (0,180) width 218: "amet, consectetuer adipiscing elit."
