layer at (0,0) size 800x600
  RenderView at (0,0) size 800x600
layer at (0,0) size 800x600
  RenderBlock {HTML} at (0,0) size 800x600
    RenderBody {BODY} at (8,8) size 784x576
      RenderBlock {H2} at (0,0) size 784x28 [bgcolor=#EEEEEE]
        RenderText {#text} at (0,0) size 57x28
          text run at (0,0) width 57: "PASS"
layer at (8,56) size 760x194
  RenderBlock {DIV} at (0,47) size 760x195 [border: (5px solid #800000)]
    RenderMultiColumnSet at (5,5) size 750x8
    RenderBlock {H2} at (5,32) size 750x29 [bgcolor=#EEEEEE]
      RenderText {#text} at (0,0) size 57x28
        text run at (0,0) width 57: "PASS"
    RenderMultiColumnSet at (5,80) size 750x109
layer at (13,61) size 367x222
  RenderMultiColumnFlowThread at (5,5) size 367x222
    RenderBlock {SPAN} at (0,8) size 367x198
      RenderMultiColumnSpannerPlaceholder at (0,0) size 0x0
      RenderBlock (anonymous) at (0,0) size 367x198
        RenderText {#text} at (0,0) size 367x198
          text run at (0,0) width 364: "Lorem ipsum dolor sit amet, consectetuer adipiscing elit."
          text run at (0,18) width 362: "Nulla varius enim ac mi. Curabitur sollicitudin felis quis"
          text run at (0,36) width 332: "lectus. Quisque adipiscing rhoncus sem. Proin nulla"
          text run at (0,54) width 367: "purus, vulputate vel, varius ut, euismod et, nisi. Sed vitae"
          text run at (0,72) width 354: "felis vel orci sagittis aliquam. Cras convallis adipiscing"
          text run at (0,90) width 347: "sem. Nam nonummy enim. Nullam bibendum lobortis"
          text run at (0,108) width 351: "neque. Vestibulum velit orci, tempus euismod, pretium"
          text run at (0,126) width 353: "quis, interdum vitae, nulla. Phasellus eget ante et tortor"
          text run at (0,144) width 351: "condimentum vestibulum. Suspendisse hendrerit quam"
          text run at (0,162) width 333: "nec felis. Sed varius turpis vitae pede. Lorem ipsum"
          text run at (0,180) width 275: "dolor sit amet, consectetuer adipiscing elit."
      RenderBlock {DL} at (0,214) size 367x0
