layer at (0,0) size 785x1293
  RenderView at (0,0) size 785x600
layer at (0,0) size 785x1293
  RenderBlock {HTML} at (0,0) size 785x1294
    RenderBody {BODY} at (8,16) size 769x1262
layer at (8,16) size 760x410
  RenderBlock {DIV} at (0,0) size 760x410 [border: (5px solid #800000)]
    RenderMultiColumnSet at (5,5) size 750x8
    RenderBlock {H2} at (5,32) size 750x29 [bgcolor=#EEEEEE]
      RenderText {#text} at (0,0) size 666x28
        text run at (0,0) width 666: "This is a spanning element at the beginning of the columns block."
    RenderMultiColumnSet at (5,80) size 750x325
layer at (13,21) size 367x656
  RenderMultiColumnFlowThread at (5,5) size 367x656
    RenderBlock {SPAN} at (0,8) size 367x198 [color=#FFFFFF] [bgcolor=#000000]
      RenderMultiColumnSpannerPlaceholder at (0,0) size 0x0
      RenderBlock (anonymous) at (0,0) size 367x198
        RenderText {#text} at (0,0) size 367x198
          text run at (0,0) width 364: "Lorem ipsum dolor sit amet, consectetuer adipiscing elit."
          text run at (0,18) width 362: "Nulla varius enim ac mi. Curabitur sollicitudin felis quis"
          text run at (0,36) width 332: "lectus. Quisque adipiscing rhoncus sem. Proin nulla"
          text run at (0,54) width 367: "purus, vulputate vel, varius ut, euismod et, nisi. Sed vitae"
          text run at (0,72) width 354: "felis vel orci sagittis aliquam. Cras convallis adipiscing"
          text run at (0,90) width 347: "sem. Nam nonummy enim. Nullam bibendum lobortis"
          text run at (0,108) width 351: "neque. Vestibulum velit orci, tempus euismod, pretium"
          text run at (0,126) width 353: "quis, interdum vitae, nulla. Phasellus eget ante et tortor"
          text run at (0,144) width 351: "condimentum vestibulum. Suspendisse hendrerit quam"
          text run at (0,162) width 333: "nec felis. Sed varius turpis vitae pede. Lorem ipsum"
          text run at (0,180) width 275: "dolor sit amet, consectetuer adipiscing elit."
    RenderBlock (anonymous) at (0,222) size 367x434
      RenderText {#text} at (0,0) size 367x434
        text run at (0,0) width 364: "Lorem ipsum dolor sit amet, consectetuer adipiscing elit."
        text run at (0,18) width 362: "Nulla varius enim ac mi. Curabitur sollicitudin felis quis"
        text run at (0,36) width 332: "lectus. Quisque adipiscing rhoncus sem. Proin nulla"
        text run at (0,54) width 367: "purus, vulputate vel, varius ut, euismod et, nisi. Sed vitae"
        text run at (0,72) width 354: "felis vel orci sagittis aliquam. Cras convallis adipiscing"
        text run at (0,90) width 347: "sem. Nam nonummy enim. Nullam bibendum lobortis"
        text run at (0,110) width 351: "neque. Vestibulum velit orci, tempus euismod, pretium"
        text run at (0,128) width 353: "quis, interdum vitae, nulla. Phasellus eget ante et tortor"
        text run at (0,146) width 351: "condimentum vestibulum. Suspendisse hendrerit quam"
        text run at (0,164) width 333: "nec felis. Sed varius turpis vitae pede. Lorem ipsum"
        text run at (0,182) width 279: "dolor sit amet, consectetuer adipiscing elit. "
        text run at (278,182) width 86: "Lorem ipsum"
        text run at (0,200) width 357: "dolor sit amet, consectetuer adipiscing elit. Nulla varius"
        text run at (0,218) width 324: "enim ac mi. Curabitur sollicitudin felis quis lectus."
        text run at (0,236) width 330: "Quisque adipiscing rhoncus sem. Proin nulla purus,"
        text run at (0,254) width 355: "vulputate vel, varius ut, euismod et, nisi. Sed vitae felis"
        text run at (0,272) width 356: "vel orci sagittis aliquam. Cras convallis adipiscing sem."
        text run at (0,290) width 360: "Nam nonummy enim. Nullam bibendum lobortis neque."
        text run at (0,308) width 340: "Vestibulum velit orci, tempus euismod, pretium quis,"
        text run at (0,326) width 318: "interdum vitae, nulla. Phasellus eget ante et tortor"
        text run at (0,344) width 351: "condimentum vestibulum. Suspendisse hendrerit quam"
        text run at (0,362) width 333: "nec felis. Sed varius turpis vitae pede. Lorem ipsum"
        text run at (0,380) width 279: "dolor sit amet, consectetuer adipiscing elit. "
        text run at (278,380) width 86: "Lorem ipsum"
        text run at (0,398) width 357: "dolor sit amet, consectetuer adipiscing elit. Nulla varius"
        text run at (0,416) width 76: "enim ac mi."
layer at (8,442) size 760x410
  RenderBlock {DIV} at (0,425) size 760x411 [border: (5px solid #800000)]
    RenderMultiColumnSet at (5,5) size 750x324
    RenderBlock {H2} at (5,348) size 750x29 [bgcolor=#EEEEEE]
      RenderText {#text} at (0,0) size 602x28
        text run at (0,0) width 602: "This is a spanning element at the end of the columns block."
    RenderMultiColumnSet at (5,396) size 750x9
layer at (13,447) size 367x662
  RenderMultiColumnFlowThread at (5,5) size 367x662
    RenderBlock (anonymous) at (0,0) size 367x396
      RenderText {#text} at (0,0) size 367x396
        text run at (0,0) width 364: "Lorem ipsum dolor sit amet, consectetuer adipiscing elit."
        text run at (0,18) width 362: "Nulla varius enim ac mi. Curabitur sollicitudin felis quis"
        text run at (0,36) width 332: "lectus. Quisque adipiscing rhoncus sem. Proin nulla"
        text run at (0,54) width 367: "purus, vulputate vel, varius ut, euismod et, nisi. Sed vitae"
        text run at (0,72) width 354: "felis vel orci sagittis aliquam. Cras convallis adipiscing"
        text run at (0,90) width 347: "sem. Nam nonummy enim. Nullam bibendum lobortis"
        text run at (0,108) width 351: "neque. Vestibulum velit orci, tempus euismod, pretium"
        text run at (0,126) width 353: "quis, interdum vitae, nulla. Phasellus eget ante et tortor"
        text run at (0,144) width 351: "condimentum vestibulum. Suspendisse hendrerit quam"
        text run at (0,162) width 333: "nec felis. Sed varius turpis vitae pede. Lorem ipsum"
        text run at (0,180) width 279: "dolor sit amet, consectetuer adipiscing elit. "
        text run at (278,180) width 86: "Lorem ipsum"
        text run at (0,198) width 357: "dolor sit amet, consectetuer adipiscing elit. Nulla varius"
        text run at (0,216) width 324: "enim ac mi. Curabitur sollicitudin felis quis lectus."
        text run at (0,234) width 330: "Quisque adipiscing rhoncus sem. Proin nulla purus,"
        text run at (0,252) width 355: "vulputate vel, varius ut, euismod et, nisi. Sed vitae felis"
        text run at (0,270) width 356: "vel orci sagittis aliquam. Cras convallis adipiscing sem."
        text run at (0,288) width 360: "Nam nonummy enim. Nullam bibendum lobortis neque."
        text run at (0,306) width 340: "Vestibulum velit orci, tempus euismod, pretium quis,"
        text run at (0,324) width 318: "interdum vitae, nulla. Phasellus eget ante et tortor"
        text run at (0,342) width 351: "condimentum vestibulum. Suspendisse hendrerit quam"
        text run at (0,360) width 333: "nec felis. Sed varius turpis vitae pede. Lorem ipsum"
        text run at (0,378) width 275: "dolor sit amet, consectetuer adipiscing elit."
    RenderBlock {SPAN} at (0,412) size 367x234 [color=#FFFFFF] [bgcolor=#000000]
      RenderBlock (anonymous) at (0,0) size 367x234
        RenderText {#text} at (0,0) size 367x234
          text run at (0,0) width 364: "Lorem ipsum dolor sit amet, consectetuer adipiscing elit."
          text run at (0,18) width 362: "Nulla varius enim ac mi. Curabitur sollicitudin felis quis"
          text run at (0,36) width 332: "lectus. Quisque adipiscing rhoncus sem. Proin nulla"
          text run at (0,54) width 367: "purus, vulputate vel, varius ut, euismod et, nisi. Sed vitae"
          text run at (0,72) width 354: "felis vel orci sagittis aliquam. Cras convallis adipiscing"
          text run at (0,90) width 347: "sem. Nam nonummy enim. Nullam bibendum lobortis"
          text run at (0,108) width 351: "neque. Vestibulum velit orci, tempus euismod, pretium"
          text run at (0,126) width 353: "quis, interdum vitae, nulla. Phasellus eget ante et tortor"
          text run at (0,144) width 351: "condimentum vestibulum. Suspendisse hendrerit quam"
          text run at (0,162) width 333: "nec felis. Sed varius turpis vitae pede. Lorem ipsum"
          text run at (0,180) width 279: "dolor sit amet, consectetuer adipiscing elit. "
          text run at (278,180) width 86: "Lorem ipsum"
          text run at (0,198) width 357: "dolor sit amet, consectetuer adipiscing elit. Nulla varius"
          text run at (0,216) width 76: "enim ac mi."
      RenderMultiColumnSpannerPlaceholder at (0,234) size 0x0
layer at (8,868) size 760x409
  RenderBlock {DIV} at (0,851) size 760x411 [border: (5px solid #800000)]
    RenderMultiColumnSet at (5,5) size 750x126
    RenderBlock {H2} at (5,150) size 750x29 [bgcolor=#EEEEEE]
      RenderText {#text} at (0,0) size 635x28
        text run at (0,0) width 635: "This is a spanning element in the middle of the columns block."
    RenderMultiColumnSet at (5,198) size 750x207
layer at (13,873) size 367x654 backgroundClip at (0,0) size 785x1293 clip at (0,0) size 785x1293
  RenderMultiColumnFlowThread at (5,5) size 367x654
    RenderBlock (anonymous) at (0,0) size 367x198
      RenderText {#text} at (0,0) size 367x198
        text run at (0,0) width 364: "Lorem ipsum dolor sit amet, consectetuer adipiscing elit."
        text run at (0,18) width 362: "Nulla varius enim ac mi. Curabitur sollicitudin felis quis"
        text run at (0,36) width 332: "lectus. Quisque adipiscing rhoncus sem. Proin nulla"
        text run at (0,54) width 367: "purus, vulputate vel, varius ut, euismod et, nisi. Sed vitae"
        text run at (0,72) width 354: "felis vel orci sagittis aliquam. Cras convallis adipiscing"
        text run at (0,90) width 347: "sem. Nam nonummy enim. Nullam bibendum lobortis"
        text run at (0,108) width 351: "neque. Vestibulum velit orci, tempus euismod, pretium"
        text run at (0,126) width 353: "quis, interdum vitae, nulla. Phasellus eget ante et tortor"
        text run at (0,144) width 351: "condimentum vestibulum. Suspendisse hendrerit quam"
        text run at (0,162) width 333: "nec felis. Sed varius turpis vitae pede. Lorem ipsum"
        text run at (0,180) width 275: "dolor sit amet, consectetuer adipiscing elit."
    RenderBlock {SPAN} at (0,214) size 367x234 [color=#FFFFFF] [bgcolor=#000000]
      RenderBlock (anonymous) at (0,0) size 367x36
        RenderText {#text} at (0,0) size 364x36
          text run at (0,0) width 364: "Lorem ipsum dolor sit amet, consectetuer adipiscing elit."
          text run at (0,18) width 158: "Nulla varius enim ac mi."
      RenderMultiColumnSpannerPlaceholder at (0,36) size 0x0
      RenderBlock (anonymous) at (0,36) size 367x198
        RenderText {#text} at (0,0) size 367x198
          text run at (0,0) width 364: "Lorem ipsum dolor sit amet, consectetuer adipiscing elit."
          text run at (0,18) width 362: "Nulla varius enim ac mi. Curabitur sollicitudin felis quis"
          text run at (0,36) width 332: "lectus. Quisque adipiscing rhoncus sem. Proin nulla"
          text run at (0,54) width 367: "purus, vulputate vel, varius ut, euismod et, nisi. Sed vitae"
          text run at (0,72) width 354: "felis vel orci sagittis aliquam. Cras convallis adipiscing"
          text run at (0,90) width 347: "sem. Nam nonummy enim. Nullam bibendum lobortis"
          text run at (0,108) width 351: "neque. Vestibulum velit orci, tempus euismod, pretium"
          text run at (0,126) width 353: "quis, interdum vitae, nulla. Phasellus eget ante et tortor"
          text run at (0,144) width 351: "condimentum vestibulum. Suspendisse hendrerit quam"
          text run at (0,162) width 333: "nec felis. Sed varius turpis vitae pede. Lorem ipsum"
          text run at (0,180) width 275: "dolor sit amet, consectetuer adipiscing elit."
    RenderBlock (anonymous) at (0,456) size 367x198
      RenderText {#text} at (0,0) size 367x198
        text run at (0,0) width 364: "Lorem ipsum dolor sit amet, consectetuer adipiscing elit."
        text run at (0,18) width 362: "Nulla varius enim ac mi. Curabitur sollicitudin felis quis"
        text run at (0,36) width 332: "lectus. Quisque adipiscing rhoncus sem. Proin nulla"
        text run at (0,54) width 367: "purus, vulputate vel, varius ut, euismod et, nisi. Sed vitae"
        text run at (0,72) width 354: "felis vel orci sagittis aliquam. Cras convallis adipiscing"
        text run at (0,90) width 347: "sem. Nam nonummy enim. Nullam bibendum lobortis"
        text run at (0,108) width 351: "neque. Vestibulum velit orci, tempus euismod, pretium"
        text run at (0,126) width 353: "quis, interdum vitae, nulla. Phasellus eget ante et tortor"
        text run at (0,144) width 351: "condimentum vestibulum. Suspendisse hendrerit quam"
        text run at (0,162) width 333: "nec felis. Sed varius turpis vitae pede. Lorem ipsum"
        text run at (0,180) width 275: "dolor sit amet, consectetuer adipiscing elit."
