layer at (0,0) size 785x1548
  RenderView at (0,0) size 785x600
layer at (0,0) size 785x1548
  RenderBlock {HTML} at (0,0) size 785x1548
    RenderBody {BODY} at (8,16) size 769x1516
layer at (8,16) size 760x488
  RenderBlock {DIV} at (0,0) size 760x488 [border: (5px solid #800000)]
    RenderMultiColumnSet at (5,5) size 750x198
    RenderBlock {H2} at (5,222) size 750x29 [bgcolor=#EEEEEE]
      RenderText {#text} at (0,0) size 193x28
        text run at (0,0) width 193: "This is a first span."
    RenderMultiColumnSet at (5,270) size 750x19
    RenderBlock {H2} at (5,308) size 750x29 [bgcolor=#EEEEEE]
      RenderText {#text} at (0,0) size 221x28
        text run at (0,0) width 221: "This is a second span."
    RenderMultiColumnSet at (5,356) size 750x127
layer at (13,21) size 367x666
  RenderMultiColumnFlowThread at (5,5) size 367x666
    RenderBlock (anonymous) at (0,0) size 367x396
      RenderText {#text} at (0,0) size 367x396
        text run at (0,0) width 364: "Lorem ipsum dolor sit amet, consectetuer adipiscing elit."
        text run at (0,18) width 362: "Nulla varius enim ac mi. Curabitur sollicitudin felis quis"
        text run at (0,36) width 332: "lectus. Quisque adipiscing rhoncus sem. Proin nulla"
        text run at (0,54) width 367: "purus, vulputate vel, varius ut, euismod et, nisi. Sed vitae"
        text run at (0,72) width 354: "felis vel orci sagittis aliquam. Cras convallis adipiscing"
        text run at (0,90) width 347: "sem. Nam nonummy enim. Nullam bibendum lobortis"
        text run at (0,108) width 351: "neque. Vestibulum velit orci, tempus euismod, pretium"
        text run at (0,126) width 353: "quis, interdum vitae, nulla. Phasellus eget ante et tortor"
        text run at (0,144) width 351: "condimentum vestibulum. Suspendisse hendrerit quam"
        text run at (0,162) width 333: "nec felis. Sed varius turpis vitae pede. Lorem ipsum"
        text run at (0,180) width 279: "dolor sit amet, consectetuer adipiscing elit. "
        text run at (278,180) width 86: "Lorem ipsum"
        text run at (0,198) width 357: "dolor sit amet, consectetuer adipiscing elit. Nulla varius"
        text run at (0,216) width 324: "enim ac mi. Curabitur sollicitudin felis quis lectus."
        text run at (0,234) width 330: "Quisque adipiscing rhoncus sem. Proin nulla purus,"
        text run at (0,252) width 355: "vulputate vel, varius ut, euismod et, nisi. Sed vitae felis"
        text run at (0,270) width 356: "vel orci sagittis aliquam. Cras convallis adipiscing sem."
        text run at (0,288) width 360: "Nam nonummy enim. Nullam bibendum lobortis neque."
        text run at (0,306) width 340: "Vestibulum velit orci, tempus euismod, pretium quis,"
        text run at (0,324) width 318: "interdum vitae, nulla. Phasellus eget ante et tortor"
        text run at (0,342) width 351: "condimentum vestibulum. Suspendisse hendrerit quam"
        text run at (0,360) width 333: "nec felis. Sed varius turpis vitae pede. Lorem ipsum"
        text run at (0,378) width 275: "dolor sit amet, consectetuer adipiscing elit."
    RenderMultiColumnSpannerPlaceholder at (0,396) size 0x0
    RenderBlock (anonymous) at (0,396) size 367x36
      RenderText {#text} at (0,0) size 314x36
        text run at (0,0) width 314: "This text should be sitting between two spanning"
        text run at (0,18) width 61: "elements."
    RenderMultiColumnSpannerPlaceholder at (0,432) size 0x0
    RenderBlock (anonymous) at (0,432) size 367x234
      RenderText {#text} at (0,0) size 367x234
        text run at (0,0) width 364: "Lorem ipsum dolor sit amet, consectetuer adipiscing elit."
        text run at (0,18) width 362: "Nulla varius enim ac mi. Curabitur sollicitudin felis quis"
        text run at (0,36) width 332: "lectus. Quisque adipiscing rhoncus sem. Proin nulla"
        text run at (0,54) width 367: "purus, vulputate vel, varius ut, euismod et, nisi. Sed vitae"
        text run at (0,72) width 354: "felis vel orci sagittis aliquam. Cras convallis adipiscing"
        text run at (0,90) width 347: "sem. Nam nonummy enim. Nullam bibendum lobortis"
        text run at (0,108) width 351: "neque. Vestibulum velit orci, tempus euismod, pretium"
        text run at (0,126) width 353: "quis, interdum vitae, nulla. Phasellus eget ante et tortor"
        text run at (0,144) width 351: "condimentum vestibulum. Suspendisse hendrerit quam"
        text run at (0,162) width 333: "nec felis. Sed varius turpis vitae pede. Lorem ipsum"
        text run at (0,180) width 279: "dolor sit amet, consectetuer adipiscing elit. "
        text run at (278,180) width 86: "Lorem ipsum"
        text run at (0,198) width 357: "dolor sit amet, consectetuer adipiscing elit. Nulla varius"
        text run at (0,216) width 76: "enim ac mi."
layer at (8,520) size 760x501
  RenderBlock {DIV} at (0,503) size 760x503 [border: (5px solid #800000)]
    RenderMultiColumnSet at (5,5) size 750x115
    RenderBlock {H2} at (5,139) size 750x29 [bgcolor=#EEEEEE]
      RenderText {#text} at (0,0) size 193x28
        text run at (0,0) width 193: "This is a first span."
    RenderMultiColumnSet at (5,187) size 750x116
    RenderBlock {H2} at (5,322) size 750x29 [bgcolor=#EEEEEE]
      RenderText {#text} at (0,0) size 221x28
        text run at (0,0) width 221: "This is a second span."
    RenderMultiColumnSet at (5,370) size 750x127
layer at (13,525) size 367x694
  RenderMultiColumnFlowThread at (5,5) size 367x694
    RenderBlock {P} at (0,16) size 367x207
      RenderText {#text} at (0,0) size 367x207
        text run at (0,0) width 364: "Lorem ipsum dolor sit amet, consectetuer adipiscing elit."
        text run at (0,18) width 362: "Nulla varius enim ac mi. Curabitur sollicitudin felis quis"
        text run at (0,36) width 332: "lectus. Quisque adipiscing rhoncus sem. Proin nulla"
        text run at (0,54) width 367: "purus, vulputate vel, varius ut, euismod et, nisi. Sed vitae"
        text run at (0,72) width 354: "felis vel orci sagittis aliquam. Cras convallis adipiscing"
        text run at (0,99) width 347: "sem. Nam nonummy enim. Nullam bibendum lobortis"
        text run at (0,117) width 351: "neque. Vestibulum velit orci, tempus euismod, pretium"
        text run at (0,135) width 353: "quis, interdum vitae, nulla. Phasellus eget ante et tortor"
        text run at (0,153) width 351: "condimentum vestibulum. Suspendisse hendrerit quam"
        text run at (0,171) width 333: "nec felis. Sed varius turpis vitae pede. Lorem ipsum"
        text run at (0,189) width 275: "dolor sit amet, consectetuer adipiscing elit."
    RenderMultiColumnSpannerPlaceholder at (0,230) size 0x0
    RenderBlock {P} at (0,246) size 367x207
      RenderText {#text} at (0,0) size 367x207
        text run at (0,0) width 364: "Lorem ipsum dolor sit amet, consectetuer adipiscing elit."
        text run at (0,18) width 362: "Nulla varius enim ac mi. Curabitur sollicitudin felis quis"
        text run at (0,36) width 332: "lectus. Quisque adipiscing rhoncus sem. Proin nulla"
        text run at (0,54) width 367: "purus, vulputate vel, varius ut, euismod et, nisi. Sed vitae"
        text run at (0,72) width 354: "felis vel orci sagittis aliquam. Cras convallis adipiscing"
        text run at (0,99) width 347: "sem. Nam nonummy enim. Nullam bibendum lobortis"
        text run at (0,117) width 351: "neque. Vestibulum velit orci, tempus euismod, pretium"
        text run at (0,135) width 353: "quis, interdum vitae, nulla. Phasellus eget ante et tortor"
        text run at (0,153) width 351: "condimentum vestibulum. Suspendisse hendrerit quam"
        text run at (0,171) width 333: "nec felis. Sed varius turpis vitae pede. Lorem ipsum"
        text run at (0,189) width 275: "dolor sit amet, consectetuer adipiscing elit."
    RenderMultiColumnSpannerPlaceholder at (0,460) size 0x0
    RenderBlock (anonymous) at (0,460) size 367x234
      RenderText {#text} at (0,0) size 367x234
        text run at (0,0) width 364: "Lorem ipsum dolor sit amet, consectetuer adipiscing elit."
        text run at (0,18) width 362: "Nulla varius enim ac mi. Curabitur sollicitudin felis quis"
        text run at (0,36) width 332: "lectus. Quisque adipiscing rhoncus sem. Proin nulla"
        text run at (0,54) width 367: "purus, vulputate vel, varius ut, euismod et, nisi. Sed vitae"
        text run at (0,72) width 354: "felis vel orci sagittis aliquam. Cras convallis adipiscing"
        text run at (0,90) width 347: "sem. Nam nonummy enim. Nullam bibendum lobortis"
        text run at (0,108) width 351: "neque. Vestibulum velit orci, tempus euismod, pretium"
        text run at (0,126) width 353: "quis, interdum vitae, nulla. Phasellus eget ante et tortor"
        text run at (0,144) width 351: "condimentum vestibulum. Suspendisse hendrerit quam"
        text run at (0,162) width 333: "nec felis. Sed varius turpis vitae pede. Lorem ipsum"
        text run at (0,180) width 279: "dolor sit amet, consectetuer adipiscing elit. "
        text run at (278,180) width 86: "Lorem ipsum"
        text run at (0,198) width 357: "dolor sit amet, consectetuer adipiscing elit. Nulla varius"
        text run at (0,216) width 76: "enim ac mi."
layer at (8,1037) size 760x495
  RenderBlock {DIV} at (0,1021) size 760x495 [border: (5px solid #800000)]
    RenderMultiColumnSet at (5,5) size 750x108
    RenderBlock {H2} at (5,132) size 750x29 [bgcolor=#EEEEEE]
      RenderText {#text} at (0,0) size 193x28
        text run at (0,0) width 193: "This is a first span."
    RenderMultiColumnSet at (5,180) size 750x116
    RenderBlock {H2} at (5,315) size 750x29 [bgcolor=#EEEEEE]
      RenderText {#text} at (0,0) size 221x28
        text run at (0,0) width 221: "This is a second span."
    RenderMultiColumnSet at (5,363) size 750x127
layer at (13,1042) size 367x662 backgroundClip at (0,0) size 785x1548 clip at (0,0) size 785x1548
  RenderMultiColumnFlowThread at (5,5) size 367x662
    RenderBlock (anonymous) at (0,0) size 367x0
      RenderInline {SPAN} at (0,0) size 0x0
        RenderText {#text} at (0,0) size 0x0
    RenderBlock (anonymous) at (0,0) size 367x198
      RenderBlock {SPAN} at (0,0) size 367x198
        RenderText {#text} at (0,0) size 367x198
          text run at (0,0) width 364: "Lorem ipsum dolor sit amet, consectetuer adipiscing elit."
          text run at (0,18) width 362: "Nulla varius enim ac mi. Curabitur sollicitudin felis quis"
          text run at (0,36) width 332: "lectus. Quisque adipiscing rhoncus sem. Proin nulla"
          text run at (0,54) width 367: "purus, vulputate vel, varius ut, euismod et, nisi. Sed vitae"
          text run at (0,72) width 354: "felis vel orci sagittis aliquam. Cras convallis adipiscing"
          text run at (0,90) width 347: "sem. Nam nonummy enim. Nullam bibendum lobortis"
          text run at (0,108) width 351: "neque. Vestibulum velit orci, tempus euismod, pretium"
          text run at (0,126) width 353: "quis, interdum vitae, nulla. Phasellus eget ante et tortor"
          text run at (0,144) width 351: "condimentum vestibulum. Suspendisse hendrerit quam"
          text run at (0,162) width 333: "nec felis. Sed varius turpis vitae pede. Lorem ipsum"
          text run at (0,180) width 275: "dolor sit amet, consectetuer adipiscing elit."
    RenderBlock (anonymous) at (0,198) size 367x0
      RenderInline {SPAN} at (0,0) size 0x0
      RenderText {#text} at (0,0) size 0x0
    RenderMultiColumnSpannerPlaceholder at (0,198) size 0x0
    RenderBlock {P} at (0,214) size 367x207
      RenderText {#text} at (0,0) size 367x207
        text run at (0,0) width 364: "Lorem ipsum dolor sit amet, consectetuer adipiscing elit."
        text run at (0,18) width 362: "Nulla varius enim ac mi. Curabitur sollicitudin felis quis"
        text run at (0,36) width 332: "lectus. Quisque adipiscing rhoncus sem. Proin nulla"
        text run at (0,54) width 367: "purus, vulputate vel, varius ut, euismod et, nisi. Sed vitae"
        text run at (0,72) width 354: "felis vel orci sagittis aliquam. Cras convallis adipiscing"
        text run at (0,99) width 347: "sem. Nam nonummy enim. Nullam bibendum lobortis"
        text run at (0,117) width 351: "neque. Vestibulum velit orci, tempus euismod, pretium"
        text run at (0,135) width 353: "quis, interdum vitae, nulla. Phasellus eget ante et tortor"
        text run at (0,153) width 351: "condimentum vestibulum. Suspendisse hendrerit quam"
        text run at (0,171) width 333: "nec felis. Sed varius turpis vitae pede. Lorem ipsum"
        text run at (0,189) width 275: "dolor sit amet, consectetuer adipiscing elit."
    RenderMultiColumnSpannerPlaceholder at (0,428) size 0x0
    RenderBlock (anonymous) at (0,428) size 367x234
      RenderText {#text} at (0,0) size 367x234
        text run at (0,0) width 364: "Lorem ipsum dolor sit amet, consectetuer adipiscing elit."
        text run at (0,18) width 362: "Nulla varius enim ac mi. Curabitur sollicitudin felis quis"
        text run at (0,36) width 332: "lectus. Quisque adipiscing rhoncus sem. Proin nulla"
        text run at (0,54) width 367: "purus, vulputate vel, varius ut, euismod et, nisi. Sed vitae"
        text run at (0,72) width 354: "felis vel orci sagittis aliquam. Cras convallis adipiscing"
        text run at (0,90) width 347: "sem. Nam nonummy enim. Nullam bibendum lobortis"
        text run at (0,108) width 351: "neque. Vestibulum velit orci, tempus euismod, pretium"
        text run at (0,126) width 353: "quis, interdum vitae, nulla. Phasellus eget ante et tortor"
        text run at (0,144) width 351: "condimentum vestibulum. Suspendisse hendrerit quam"
        text run at (0,162) width 333: "nec felis. Sed varius turpis vitae pede. Lorem ipsum"
        text run at (0,180) width 279: "dolor sit amet, consectetuer adipiscing elit. "
        text run at (278,180) width 86: "Lorem ipsum"
        text run at (0,198) width 357: "dolor sit amet, consectetuer adipiscing elit. Nulla varius"
        text run at (0,216) width 76: "enim ac mi."
