layer at (0,0) size 800x600
  RenderView at (0,0) size 800x600
layer at (0,0) size 800x600
  RenderBlock {HTML} at (0,0) size 800x600
    RenderBody {BODY} at (8,8) size 784x584
      RenderTable {TABLE} at (0,0) size 303x230 [border: (2px outset #808080)]
        RenderTableSection {TBODY} at (2,2) size 299x226
          RenderTableRow {TR} at (0,2) size 299x222
            RenderTableCell {TD} at (2,2) size 234x222 [border: (1px inset #808080)] [r=0 c=0 rs=1 cs=1]
              RenderText {#text} at (101,101) size 32x19
                text run at (101,101) width 32: "Hello"
            RenderTableCell {TD} at (238,102) size 59x22 [border: (1px inset #808080)] [r=0 c=1 rs=1 cs=1]
              RenderText {#text} at (1,1) size 57x19
                text run at (1,1) width 57: "Goodbye"
      RenderBlock {DIV} at (0,230) size 784x0
