layer at (0,0) size 800x600
  RenderView at (0,0) size 800x600
layer at (0,0) size 800x600
  RenderBlock {HTML} at (0,0) size 800x600
    RenderBody {BODY} at (8,8) size 784x584
      RenderTable {TABLE} at (0,0) size 784x108 [bgcolor=#808000]
        RenderTableSection {TBODY} at (0,0) size 784x108
          RenderTableRow {TR} at (0,0) size 784x108
            RenderTableCell {TD} at (0,0) size 72x108 [r=0 c=0 rs=1 cs=1]
              RenderText {#text} at (0,0) size 72x108
                text run at (0,0) width 53: "Dorothy"
                text run at (0,18) width 72: "Rothschild:"
                text run at (0,36) width 37: "Love,"
                text run at (0,54) width 58: "curiosity,"
                text run at (0,72) width 49: "freckles"
                text run at (0,90) width 23: "and"
            RenderTableCell {TD} at (72,0) size 712x18 [bgcolor=#008000] [r=0 c=1 rs=1 cs=1]
              RenderText {#text} at (0,0) size 196x18
                text run at (0,0) width 196: "Animal Friends Rescue Project"
