layer at (0,0) size 800x600
  RenderView at (0,0) size 800x600
layer at (0,0) size 800x600
  RenderBlock {HTML} at (0,0) size 800x600
    RenderBody {BODY} at (8,8) size 784x584
      RenderTable {TABLE} at (0,0) size 745x52 [border: (1px outset #808080)]
        RenderTableSection {TBODY} at (1,1) size 743x50
          RenderTableRow {TR} at (0,2) size 743x46
            RenderTableCell {TD} at (2,2) size 239x46 [border: (1px inset #808080)] [r=0 c=0 rs=1 cs=1]
              RenderTable {TABLE} at (2,2) size 235x42
                RenderTableSection {TBODY} at (0,0) size 235x42
                  RenderTableRow {TR} at (0,2) size 235x38
                    RenderTableCell {TD} at (2,2) size 231x38 [r=0 c=0 rs=1 cs=1]
                      RenderText {#text} at (1,1) size 223x36
                        text run at (1,1) width 223: "This is the first column. It has some"
                        text run at (1,19) width 55: "text in it."
            RenderTableCell {TD} at (242,2) size 499x46 [border: (1px inset #808080)] [r=0 c=1 rs=1 cs=1]
              RenderTable {TABLE} at (2,2) size 495x42
                RenderTableSection {TBODY} at (0,0) size 495x42
                  RenderTableRow {TR} at (0,2) size 495x38
                    RenderTableCell {TD} at (2,2) size 491x38 [r=0 c=0 rs=1 cs=1]
                      RenderText {#text} at (1,1) size 460x36
                        text run at (1,1) width 172: "This is the second column. "
                        text run at (173,1) width 288: "It has a lot more content than the first column."
                        text run at (1,19) width 137: "That shouldn't matter."
