layer at (0,0) size 785x801
  RenderView at (0,0) size 785x600
layer at (0,0) size 785x801
  RenderBlock {HTML} at (0,0) size 785x802
    RenderBody {BODY} at (8,8) size 769x786
      RenderTable {TABLE} at (0,0) size 338x786
        RenderTableSection {TBODY} at (0,0) size 338x786
          RenderTableRow {TR} at (0,0) size 26x786
            RenderTableCell {TD} at (0,0) size 26x786 [border: (1px solid #008000)] [r=0 c=0 rs=1 cs=3]
              RenderText {#text} at (4,4) size 18x236
                text run at (4,4) width 144: "   Join Now   Sign In   "
                text run at (4,148) width 92: "   Personalize: "
              RenderInline {A} at (0,0) size 18x50
                RenderText {#text} at (4,240) size 18x50
                  text run at (4,240) width 50: "Settings"
              RenderText {#text} at (4,290) size 18x14
                text run at (4,290) width 14: " \x{2022} "
              RenderInline {A} at (0,0) size 18x50
                RenderText {#text} at (4,304) size 18x50
                  text run at (4,304) width 50: "Content"
              RenderText {#text} at (4,354) size 18x14
                text run at (4,354) width 14: " \x{2022} "
              RenderInline {A} at (0,0) size 18x45
                RenderText {#text} at (4,368) size 18x45
                  text run at (4,368) width 45: "Layout"
              RenderText {#text} at (4,413) size 18x14
                text run at (4,413) width 14: " \x{2022} "
              RenderInline {A} at (0,0) size 18x112
                RenderText {#text} at (4,427) size 18x112
                  text run at (4,427) width 112: "Colors & Themes"
              RenderText {#text} at (4,539) size 18x14
                text run at (4,539) width 14: " \x{2022} "
              RenderInline {A} at (0,0) size 18x46
                RenderText {#text} at (4,553) size 18x46
                  text run at (4,553) width 46: "Sign In"
              RenderText {#text} at (4,599) size 18x182
                text run at (4,599) width 8: "  "
                text run at (4,607) width 90: "   My Links:   "
                text run at (4,697) width 84: "  Lite \x{2022} Email"
          RenderTableRow {TR} at (0,26) size 312x786
            RenderTableCell {TD} at (26,152) size 312x-84 [border: (1px solid #008000)] [r=1 c=0 rs=1 cs=1]
            RenderTableCell {TD} at (26,219) size 312x347 [border: (1px solid #008000)] [r=1 c=1 rs=1 cs=1]
              RenderTable {TABLE} at (4,4) size 304x338
                RenderTableSection {TBODY} at (0,0) size 304x338
                  RenderTableRow {TR} at (0,2) size 300x338
                    RenderTableCell {TD} at (2,2) size 300x334 [border: (1px solid #008000)] [r=0 c=0 rs=1 cs=1]
                      RenderTable {TABLE} at (2,2) size 296x330
                        RenderTableSection {TBODY} at (0,0) size 296x330
                          RenderTableRow {TR} at (0,2) size 292x330
                            RenderTableCell {TD} at (2,146) size 292x-162 [border: (1px solid #008000)] [r=0 c=0 rs=1 cs=1]
                            RenderTableCell {TD} at (2,129) size 292x72 [border: (1px solid #008000)] [r=0 c=1 rs=1 cs=1]
                              RenderText {#text} at (2,2) size 288x67
                                text run at (2,2) width 56: "This guy"
                                text run at (20,2) width 42: "should"
                                text run at (38,2) width 53: "have the"
                                text run at (56,2) width 59: "really big"
                                text run at (74,2) width 67: "maxwidth."
                                text run at (92,2) width 13: "It "
                                text run at (92,15) width 42: "should"
                                text run at (110,2) width 39: "be big"
                                text run at (128,2) width 63: "enough to"
                                text run at (146,2) width 35: "really"
                                text run at (164,2) width 35: "really"
                                text run at (182,2) width 37: "screw"
                                text run at (200,2) width 62: "things up."
                                text run at (218,2) width 43: "That is"
                                text run at (236,2) width 40: "what I"
                                text run at (254,2) width 60: "think will"
                                text run at (272,2) width 37: "work."
                            RenderTableCell {TD} at (2,346) size 292x-162 [border: (1px solid #008000)] [r=0 c=2 rs=1 cs=1]
            RenderTableCell {TD} at (26,708) size 312x-65 [border: (1px solid #008000)] [r=1 c=2 rs=1 cs=1]
              RenderImage {IMG} at (147,-139) size 18x212
              RenderText {#text} at (0,0) size 0x0
