layer at (0,0) size 800x600
  RenderView at (0,0) size 800x600
layer at (0,0) size 800x600
  RenderBlock {HTML} at (0,0) size 800x600
    RenderBody {BODY} at (8,8) size 784x584
      RenderTable {TABLE} at (0,0) size 786x338
        RenderTableSection {TBODY} at (0,0) size 786x338
          RenderTableRow {TR} at (0,0) size 786x26
            RenderTableCell {TD} at (0,0) size 786x26 [border: (1px solid #008000)] [r=0 c=0 rs=1 cs=3]
              RenderText {#text} at (4,4) size 236x18
                text run at (4,4) width 144: "   Join Now   Sign In   "
                text run at (148,4) width 92: "   Personalize: "
              RenderInline {A} at (0,0) size 50x18
                RenderText {#text} at (240,4) size 50x18
                  text run at (240,4) width 50: "Settings"
              RenderText {#text} at (290,4) size 14x18
                text run at (290,4) width 14: " \x{2022} "
              RenderInline {A} at (0,0) size 50x18
                RenderText {#text} at (304,4) size 50x18
                  text run at (304,4) width 50: "Content"
              RenderText {#text} at (354,4) size 14x18
                text run at (354,4) width 14: " \x{2022} "
              RenderInline {A} at (0,0) size 45x18
                RenderText {#text} at (368,4) size 45x18
                  text run at (368,4) width 45: "Layout"
              RenderText {#text} at (413,4) size 14x18
                text run at (413,4) width 14: " \x{2022} "
              RenderInline {A} at (0,0) size 112x18
                RenderText {#text} at (427,4) size 112x18
                  text run at (427,4) width 112: "Colors & Themes"
              RenderText {#text} at (539,4) size 14x18
                text run at (539,4) width 14: " \x{2022} "
              RenderInline {A} at (0,0) size 46x18
                RenderText {#text} at (553,4) size 46x18
                  text run at (553,4) width 46: "Sign In"
              RenderText {#text} at (599,4) size 182x18
                text run at (599,4) width 8: "  "
                text run at (607,4) width 90: "   My Links:   "
                text run at (697,4) width 84: "  Lite \x{2022} Email"
          RenderTableRow {TR} at (0,26) size 786x312
            RenderTableCell {TD} at (0,178) size 220x8 [border: (1px solid #008000)] [r=1 c=0 rs=1 cs=1]
            RenderTableCell {TD} at (219,26) size 347x312 [border: (1px solid #008000)] [r=1 c=1 rs=1 cs=1]
              RenderTable {TABLE} at (4,4) size 338x304
                RenderTableSection {TBODY} at (0,0) size 338x304
                  RenderTableRow {TR} at (0,2) size 338x300
                    RenderTableCell {TD} at (2,2) size 334x300 [border: (1px solid #008000)] [r=0 c=0 rs=1 cs=1]
                      RenderTable {TABLE} at (2,2) size 330x296
                        RenderTableSection {TBODY} at (0,0) size 330x296
                          RenderTableRow {TR} at (0,2) size 330x292
                            RenderTableCell {TD} at (2,146) size 126x4 [border: (1px solid #008000)] [r=0 c=0 rs=1 cs=1]
                            RenderTableCell {TD} at (129,2) size 72x292 [border: (1px solid #008000)] [r=0 c=1 rs=1 cs=1]
                              RenderText {#text} at (2,2) size 67x288
                                text run at (2,2) width 56: "This guy"
                                text run at (2,20) width 42: "should"
                                text run at (2,38) width 53: "have the"
                                text run at (2,56) width 59: "really big"
                                text run at (2,74) width 67: "maxwidth."
                                text run at (2,92) width 13: "It "
                                text run at (15,92) width 42: "should"
                                text run at (2,110) width 39: "be big"
                                text run at (2,128) width 63: "enough to"
                                text run at (2,146) width 35: "really"
                                text run at (2,164) width 35: "really"
                                text run at (2,182) width 37: "screw"
                                text run at (2,200) width 62: "things up."
                                text run at (2,218) width 43: "That is"
                                text run at (2,236) width 40: "what I"
                                text run at (2,254) width 60: "think will"
                                text run at (2,272) width 37: "work."
                            RenderTableCell {TD} at (202,146) size 126x4 [border: (1px solid #008000)] [r=0 c=2 rs=1 cs=1]
            RenderTableCell {TD} at (565,169) size 221x26 [border: (1px solid #008000)] [r=1 c=2 rs=1 cs=1]
              RenderImage {IMG} at (4,4) size 212x18
              RenderText {#text} at (0,0) size 0x0
