layer at (0,0) size 800x600
  RenderView at (0,0) size 800x600
layer at (0,0) size 800x600
  RenderBlock {HTML} at (0,0) size 800x600
    RenderBody {BODY} at (8,8) size 784x584
      RenderTable {TABLE} at (0,0) size 645x584
        RenderTableSection {TBODY} at (0,0) size 645x584
          RenderTableRow {TR} at (0,0) size 645x24
            RenderTableCell {TD} at (0,0) size 645x24 [r=0 c=0 rs=1 cs=1]
              RenderBlock {DIV} at (0,0) size 645x24 [border: (2px solid #FF0000)]
                RenderText {#text} at (2,2) size 165x19
                  text run at (2,2) width 165: "i am the text of the first row"
          RenderTableRow {TR} at (0,24) size 645x560
            RenderTableCell {TD} at (0,24) size 645x24 [r=1 c=0 rs=1 cs=1]
              RenderBlock {DIV} at (0,0) size 645x24 [border: (2px solid #FF0000)]
                RenderText {#text} at (2,2) size 186x19
                  text run at (2,2) width 186: "i am the text of the second row"
