layer at (0,0) size 800x600
  RenderView at (0,0) size 800x600
layer at (0,0) size 800x58
  RenderBlock {html} at (0,0) size 800x58
    RenderBody {body} at (8,8) size 784x42
      RenderTable {table} at (0,0) size 82x24
        RenderTableSection (anonymous) at (0,0) size 82x24
          RenderTableRow {tr} at (0,2) size 82x20
            RenderTableCell {td} at (2,2) size 78x20 [r=0 c=0 rs=1 cs=1]
              RenderText {#text} at (1,1) size 76x18
                text run at (1,1) width 76: "Hello world"
      RenderBlock (anonymous) at (0,24) size 784x18
        RenderText {#text} at (0,0) size 213x18
          text run at (0,0) width 213: "Hello also? Why isn't this visible?"
