layer at (0,0) size 800x600
  RenderView at (0,0) size 800x600
layer at (0,0) size 800x600
  RenderBlock {HTML} at (0,0) size 800x600
    RenderBody {BODY} at (8,8) size 784x584
      RenderBlock (anonymous) at (0,0) size 784x36
        RenderText {#text} at (0,0) size 756x36
          text run at (0,0) width 274: "The two rows below should look identical. "
          text run at (274,0) width 482: "In both, the spanning cells in columns 2-3 should consume as much width as"
          text run at (0,18) width 254: "possible, while column 1 should be tiny."
      RenderTable {TABLE} at (0,36) size 784x54 [border: (2px outset #808080)]
        RenderTableSection {TBODY} at (2,2) size 780x50
          RenderTableRow {TR} at (0,2) size 780x22
            RenderTableCell {TD} at (2,2) size 12x22 [border: (1px inset #808080)] [r=0 c=0 rs=1 cs=1]
              RenderText {#text} at (2,2) size 8x18
                text run at (2,2) width 8: "1"
            RenderTableCell {TD} at (16,2) size 762x22 [border: (1px inset #808080)] [r=0 c=1 rs=1 cs=2]
              RenderText {#text} at (2,2) size 21x18
                text run at (2,2) width 21: "2-3"
          RenderTableRow {TR} at (0,26) size 780x22
            RenderTableCell {TD} at (2,26) size 12x22 [border: (1px inset #808080)] [r=1 c=0 rs=1 cs=1]
              RenderText {#text} at (2,2) size 8x18
                text run at (2,2) width 8: "1"
            RenderTableCell {TD} at (16,26) size 762x22 [border: (1px inset #808080)] [r=1 c=1 rs=1 cs=2]
              RenderText {#text} at (2,2) size 21x18
                text run at (2,2) width 21: "2-3"
