layer at (0,0) size 800x600
  RenderView at (0,0) size 800x600
layer at (0,0) size 800x196
  RenderBlock {HTML} at (0,0) size 800x196
    RenderBody {BODY} at (8,8) size 784x180
      RenderBlock {P} at (0,0) size 784x20
        RenderText {#text} at (0,0) size 104x19
          text run at (0,0) width 104: "Testcase for bug "
        RenderInline {A} at (0,0) size 32x19 [color=#0000EE]
          RenderText {#text} at (104,0) size 32x19
            text run at (104,0) width 32: "4874"
        RenderText {#text} at (136,0) size 396x19
          text run at (136,0) width 396: " - Table with absolute bottom positioning is positioned incorrectly."
      RenderBlock {H1} at (0,41) size 784x38
        RenderText {#text} at (0,0) size 169x36
          text run at (0,0) width 169: "Look Down!"
      RenderBlock {P} at (0,99) size 784x81
        RenderText {#text} at (0,0) size 780x79
          text run at (0,0) width 480: "At the bottom of the window you should see the word \"Paragraph\" followed by "
          text run at (480,0) width 297: "three boxes containing text. The entire red border"
          text run at (0,20) width 148: "around each box should "
          text run at (148,20) width 427: "be visible without scrolling (the window should not be scrollable at all). "
          text run at (575,20) width 205: "The three boxes should be aligned"
          text run at (0,40) width 220: "at the bottom with the bottom of the "
          text run at (220,40) width 415: "window. The text \"Tall table\" should be vertically centered in its box, "
          text run at (635,40) width 132: "which should be 50px"
          text run at (0,60) width 322: "tall. The other two boxes should both be shorter than "
          text run at (322,60) width 193: "50px, and have the same height."
layer at (120,550) size 120x50
  RenderTable {TABLE} at (120,550) size 120x50 [border: (1px solid #FF0000)]
    RenderTableSection {TBODY} at (1,1) size 118x48
      RenderTableRow {TR} at (0,2) size 118x44
        RenderTableCell {TD} at (2,13) size 114x22 [r=0 c=0 rs=1 cs=1]
          RenderText {#text} at (1,1) size 55x19
            text run at (1,1) width 55: "Tall table"
layer at (240,572) size 120x28
  RenderTable {TABLE} at (240,572) size 120x28 [border: (1px solid #FF0000)]
    RenderTableSection {TBODY} at (1,1) size 118x26
      RenderTableRow {TR} at (0,2) size 118x22
        RenderTableCell {TD} at (2,2) size 114x22 [r=0 c=0 rs=1 cs=1]
          RenderText {#text} at (1,1) size 79x19
            text run at (1,1) width 79: "Normal table"
layer at (360,572) size 120x28
  RenderTable {TABLE} at (360,572) size 120x28 [border: (1px solid #FF0000)]
    RenderTableSection {TBODY} at (1,1) size 118x26
      RenderTableRow {TR} at (0,2) size 118x22
        RenderTableCell {TD} at (2,2) size 114x22 [r=0 c=0 rs=1 cs=1]
          RenderText {#text} at (1,1) size 66x19
            text run at (1,1) width 66: "Short table"
layer at (0,580) size 62x20
  RenderBlock (positioned) {P} at (0,580) size 62x20
    RenderText {#text} at (0,0) size 62x19
      text run at (0,0) width 62: "Paragraph"
