layer at (0,0) size 800x600
  RenderView at (0,0) size 800x600
layer at (0,0) size 800x600
  RenderBlock {HTML} at (0,0) size 800x600
    RenderBody {BODY} at (8,8) size 784x584
      RenderTable {TABLE} at (0,0) size 148x26
        RenderTableSection {TBODY} at (0,0) size 148x26
          RenderTableRow {TR} at (0,2) size 148x22
            RenderTableCell {TH} at (2,2) size 64x22 [r=0 c=0 rs=1 cs=1]
              RenderText {#text} at (1,1) size 62x19
                text run at (1,1) width 62: "Header 1"
            RenderTableCell {TD} at (68,2) size 38x22 [r=0 c=1 rs=1 cs=1]
              RenderText {#text} at (1,1) size 36x19
                text run at (1,1) width 36: "Cell 1"
            RenderTableCell {TD} at (108,2) size 38x22 [r=0 c=2 rs=1 cs=1]
              RenderText {#text} at (1,1) size 36x19
                text run at (1,1) width 36: "Cell 2"
      RenderBlock (anonymous) at (0,26) size 784x60
        RenderText {#text} at (0,0) size 87x19
          text run at (0,0) width 87: "h1 has index 0"
        RenderBR {BR} at (87,15) size 0x0
        RenderText {#text} at (0,20) size 87x19
          text run at (0,20) width 87: "c1 has index 1"
        RenderBR {BR} at (87,35) size 0x0
        RenderText {#text} at (0,40) size 87x19
          text run at (0,40) width 87: "c2 has index 2"
        RenderBR {BR} at (87,55) size 0x0
