layer at (0,0) size 800x600
  RenderView at (0,0) size 800x600
layer at (0,0) size 800x478
  RenderBlock {HTML} at (0,0) size 800x478
    RenderBody {BODY} at (8,16) size 784x454
      RenderBlock {DIV} at (0,0) size 600x454
        RenderBlock {P} at (0,0) size 600x18
          RenderText {#text} at (0,0) size 286x18
            text run at (0,0) width 286: "The following two tables should be the same."
        RenderBlock {P} at (0,34) size 600x18
          RenderText {#text} at (0,0) size 163x18
            text run at (0,0) width 163: "Table 1: width in <COL>"
        RenderTable {TABLE} at (0,68) size 256x168
          RenderTableCol {COLGROUP} at (0,0) size 0x0
            RenderTableCol {COL} at (0,0) size 0x0
            RenderTableCol {COL} at (0,0) size 0x0
          RenderTableSection {TBODY} at (0,0) size 256x168
            RenderTableRow {TR} at (0,2) size 256x164
              RenderTableCell {TD} at (2,2) size 150x164 [bgcolor=#FFFF00] [r=0 c=0 rs=1 cs=1]
                RenderText {#text} at (1,1) size 148x162
                  text run at (1,1) width 88: "Cras tincidunt"
                  text run at (1,19) width 145: "bibendum nunc. Morbi"
                  text run at (1,37) width 132: "condimentum aliquet"
                  text run at (1,55) width 98: "diam. Phasellus"
                  text run at (1,73) width 145: "pulvinar, nisl at tempor"
                  text run at (1,91) width 114: "auctor, dolor pede"
                  text run at (1,109) width 106: "vestibulum risus,"
                  text run at (1,127) width 143: "placerat malesuada dui"
                  text run at (1,145) width 148: "enim nec est. Nulla leo."
              RenderTableCell {TD} at (154,74) size 100x20 [bgcolor=#008000] [r=0 c=1 rs=1 cs=1]
                RenderText {#text} at (1,1) size 84x18
                  text run at (1,1) width 84: "Lorem ipsum"
        RenderBlock {P} at (0,252) size 600x18
          RenderText {#text} at (0,0) size 152x18
            text run at (0,0) width 152: "Table 2: width in <TD>"
        RenderTable {TABLE} at (0,286) size 260x168
          RenderTableSection {TBODY} at (0,0) size 260x168
            RenderTableRow {TR} at (0,2) size 260x164
              RenderTableCell {TD} at (2,2) size 152x164 [bgcolor=#FFFF00] [r=0 c=0 rs=1 cs=1]
                RenderText {#text} at (1,1) size 148x162
                  text run at (1,1) width 88: "Cras tincidunt"
                  text run at (1,19) width 145: "bibendum nunc. Morbi"
                  text run at (1,37) width 132: "condimentum aliquet"
                  text run at (1,55) width 98: "diam. Phasellus"
                  text run at (1,73) width 145: "pulvinar, nisl at tempor"
                  text run at (1,91) width 114: "auctor, dolor pede"
                  text run at (1,109) width 106: "vestibulum risus,"
                  text run at (1,127) width 143: "placerat malesuada dui"
                  text run at (1,145) width 148: "enim nec est. Nulla leo."
              RenderTableCell {TD} at (156,74) size 102x20 [bgcolor=#008000] [r=0 c=1 rs=1 cs=1]
                RenderText {#text} at (1,1) size 84x18
                  text run at (1,1) width 84: "Lorem ipsum"
