layer at (0,0) size 800x600
  RenderView at (0,0) size 800x600
layer at (0,0) size 800x600
  RenderBlock {HTML} at (0,0) size 800x600
    RenderBody {BODY} at (8,8) size 784x584
      RenderTable {TABLE} at (0,0) size 237x226 [border: none]
        RenderTableCol {COLGROUP} at (0,0) size 0x0 [border: none (1px solid #000000) none (1px solid #000000)]
        RenderTableCol {COLGROUP} at (0,0) size 0x0 [border: none (1px solid #000000) none (1px solid #000000)]
        RenderTableSection {TBODY} at (0,0) size 236x225 [border: (1px solid #808080) none (1px solid #808080) none]
          RenderTableRow {TR} at (0,0) size 236x29
            RenderTableCell {TH} at (0,0) size 81x29 [border: (1px none #000000)] [r=0 c=0 rs=1 cs=1]
              RenderText {#text} at (9,5) size 64x19
                text run at (9,5) width 64: "Weekday"
            RenderTableCell {TH} at (81,0) size 45x29 [border: (1px none #000000)] [r=0 c=1 rs=1 cs=1]
              RenderText {#text} at (6,5) size 34x19
                text run at (6,5) width 34: "Date"
            RenderTableCell {TH} at (126,0) size 70x29 [border: (1px none #000000)] [r=0 c=2 rs=1 cs=1]
              RenderText {#text} at (4,5) size 62x19
                text run at (4,5) width 62: "Manager"
            RenderTableCell {TH} at (196,0) size 40x29 [border: (1px none #000000)] [r=0 c=3 rs=1 cs=1]
              RenderText {#text} at (7,5) size 26x19
                text run at (7,5) width 26: "Qty"
          RenderTableRow {TR} at (0,29) size 236x28
            RenderTableCell {TD} at (0,29) size 81x28 [border: none] [r=1 c=0 rs=1 cs=1]
              RenderText {#text} at (5,4) size 51x19
                text run at (5,4) width 51: "Monday"
            RenderTableCell {TD} at (81,29) size 45x28 [border: none] [r=1 c=1 rs=1 cs=1]
              RenderText {#text} at (5,4) size 36x19
                text run at (5,4) width 36: "09/11"
            RenderTableCell {TD} at (126,29) size 70x28 [r=1 c=2 rs=1 cs=1]
              RenderText {#text} at (4,4) size 42x19
                text run at (4,4) width 42: "Kelsey"
            RenderTableCell {TD} at (196,29) size 40x28 [r=1 c=3 rs=1 cs=1]
              RenderText {#text} at (4,4) size 24x19
                text run at (4,4) width 24: "639"
          RenderTableRow {TR} at (0,57) size 236x28
            RenderTableCell {TD} at (0,57) size 81x28 [border: none] [r=2 c=0 rs=1 cs=1]
              RenderText {#text} at (5,4) size 51x19
                text run at (5,4) width 51: "Tuesday"
            RenderTableCell {TD} at (81,57) size 45x28 [border: none] [r=2 c=1 rs=1 cs=1]
              RenderText {#text} at (5,4) size 36x19
                text run at (5,4) width 36: "09/12"
            RenderTableCell {TD} at (126,57) size 70x28 [r=2 c=2 rs=1 cs=1]
              RenderText {#text} at (4,4) size 47x19
                text run at (4,4) width 47: "Lindsey"
            RenderTableCell {TD} at (196,57) size 40x28 [r=2 c=3 rs=1 cs=1]
              RenderText {#text} at (4,4) size 24x19
                text run at (4,4) width 24: "596"
          RenderTableRow {TR} at (0,85) size 236x28
            RenderTableCell {TD} at (0,85) size 81x28 [border: none] [r=3 c=0 rs=1 cs=1]
              RenderText {#text} at (5,4) size 72x19
                text run at (5,4) width 72: "Wednesday"
            RenderTableCell {TD} at (81,85) size 45x28 [border: none] [r=3 c=1 rs=1 cs=1]
              RenderText {#text} at (5,4) size 36x19
                text run at (5,4) width 36: "09/13"
            RenderTableCell {TD} at (126,85) size 70x28 [r=3 c=2 rs=1 cs=1]
              RenderText {#text} at (4,4) size 39x19
                text run at (4,4) width 39: "Randy"
            RenderTableCell {TD} at (196,85) size 40x28 [r=3 c=3 rs=1 cs=1]
              RenderText {#text} at (4,4) size 32x19
                text run at (4,4) width 32: "1135"
          RenderTableRow {TR} at (0,113) size 236x28
            RenderTableCell {TD} at (0,113) size 81x28 [border: none] [r=4 c=0 rs=1 cs=1]
              RenderText {#text} at (5,4) size 56x19
                text run at (5,4) width 56: "Thursday"
            RenderTableCell {TD} at (81,113) size 45x28 [border: none] [r=4 c=1 rs=1 cs=1]
              RenderText {#text} at (5,4) size 36x19
                text run at (5,4) width 36: "09/14"
            RenderTableCell {TD} at (126,113) size 70x28 [r=4 c=2 rs=1 cs=1]
              RenderText {#text} at (4,4) size 36x19
                text run at (4,4) width 36: "Susan"
            RenderTableCell {TD} at (196,113) size 40x28 [r=4 c=3 rs=1 cs=1]
              RenderText {#text} at (4,4) size 32x19
                text run at (4,4) width 32: "1002"
          RenderTableRow {TR} at (0,141) size 236x28
            RenderTableCell {TD} at (0,141) size 81x28 [border: none] [r=5 c=0 rs=1 cs=1]
              RenderText {#text} at (5,4) size 39x19
                text run at (5,4) width 39: "Friday"
            RenderTableCell {TD} at (81,141) size 45x28 [border: none] [r=5 c=1 rs=1 cs=1]
              RenderText {#text} at (5,4) size 36x19
                text run at (5,4) width 36: "09/15"
            RenderTableCell {TD} at (126,141) size 70x28 [r=5 c=2 rs=1 cs=1]
              RenderText {#text} at (4,4) size 39x19
                text run at (4,4) width 39: "Randy"
            RenderTableCell {TD} at (196,141) size 40x28 [r=5 c=3 rs=1 cs=1]
              RenderText {#text} at (4,4) size 24x19
                text run at (4,4) width 24: "908"
          RenderTableRow {TR} at (0,169) size 236x28
            RenderTableCell {TD} at (0,169) size 81x28 [border: none] [r=6 c=0 rs=1 cs=1]
              RenderText {#text} at (5,4) size 54x19
                text run at (5,4) width 54: "Saturday"
            RenderTableCell {TD} at (81,169) size 45x28 [border: none] [r=6 c=1 rs=1 cs=1]
              RenderText {#text} at (5,4) size 36x19
                text run at (5,4) width 36: "09/16"
            RenderTableCell {TD} at (126,169) size 70x28 [r=6 c=2 rs=1 cs=1]
              RenderText {#text} at (4,4) size 47x19
                text run at (4,4) width 47: "Lindsey"
            RenderTableCell {TD} at (196,169) size 40x28 [r=6 c=3 rs=1 cs=1]
              RenderText {#text} at (4,4) size 24x19
                text run at (4,4) width 24: "371"
          RenderTableRow {TR} at (0,197) size 236x28
            RenderTableCell {TD} at (0,197) size 81x28 [border: none] [r=7 c=0 rs=1 cs=1]
              RenderText {#text} at (5,4) size 45x19
                text run at (5,4) width 45: "Sunday"
            RenderTableCell {TD} at (81,197) size 45x28 [border: none] [r=7 c=1 rs=1 cs=1]
              RenderText {#text} at (5,4) size 36x19
                text run at (5,4) width 36: "09/17"
            RenderTableCell {TD} at (126,197) size 70x28 [r=7 c=2 rs=1 cs=1]
              RenderText {#text} at (4,4) size 36x19
                text run at (4,4) width 36: "Susan"
            RenderTableCell {TD} at (196,197) size 40x28 [r=7 c=3 rs=1 cs=1]
              RenderText {#text} at (4,4) size 24x19
                text run at (4,4) width 24: "272"
