layer at (0,0) size 800x600
  RenderView at (0,0) size 800x600
layer at (0,0) size 800x600
  RenderBlock {HTML} at (0,0) size 800x600
    RenderBody {BODY} at (8,8) size 784x584
      RenderBlock {P} at (0,0) size 784x20
        RenderText {#text} at (0,0) size 327x19
          text run at (0,0) width 327: "The following two green rectangles should be identical:"
      RenderTable {TABLE} at (0,36) size 266x104
        RenderTableSection {TBODY} at (0,0) size 266x104
          RenderTableRow {TR} at (0,2) size 266x100
            RenderTableCell {TD} at (2,2) size 262x100 [r=0 c=0 rs=1 cs=1]
              RenderBlock {DIV} at (1,1) size 260x98 [bgcolor=#008000] [border: (3px solid #000000)]
                RenderText {#text} at (3,3) size 254x19
                  text run at (3,3) width 254: "This text should have a green background."
      RenderTable {TABLE} at (0,140) size 266x104
        RenderTableSection {TBODY} at (0,0) size 266x104
          RenderTableRow {TR} at (0,2) size 266x100
            RenderTableCell {TD} at (2,2) size 262x100 [r=0 c=0 rs=1 cs=1]
              RenderBlock {DIV} at (1,1) size 260x98 [bgcolor=#008000] [border: (3px solid #000000)]
                RenderText {#text} at (3,3) size 254x19
                  text run at (3,3) width 254: "This text should have a green background."
