layer at (0,0) size 800x600
  RenderView at (0,0) size 800x600
layer at (0,0) size 800x600
  RenderBlock {HTML} at (0,0) size 800x600
    RenderBody {BODY} at (8,8) size 784x584
      RenderTable {TABLE} at (0,0) size 784x60 [bgcolor=#FF0000]
        RenderTableSection {TBODY} at (0,0) size 784x60
          RenderTableRow {TR} at (0,2) size 784x56
            RenderTableCell {TD} at (2,2) size 780x56 [r=0 c=0 rs=1 cs=1]
              RenderBlock {DIV} at (1,1) size 778x54
                RenderBlock (anonymous) at (0,0) size 778x18
                  RenderText {#text} at (0,0) size 24x18
                    text run at (0,0) width 24: "boo"
                RenderTable {TABLE} at (0,18) size 100x36 [bgcolor=#800080]
                  RenderTableSection {TBODY} at (0,0) size 100x36
                    RenderTableRow {TR} at (0,2) size 100x32
                      RenderTableCell {TD} at (2,2) size 96x32 [r=0 c=0 rs=1 cs=1]
                        RenderTable {TABLE} at (1,1) size 94x30 [bgcolor=#0000FF]
                          RenderTableSection {TBODY} at (0,0) size 94x30
                            RenderTableRow {TR} at (0,2) size 94x26
                              RenderTableCell {TD} at (2,2) size 90x26 [r=0 c=0 rs=1 cs=1]
                                RenderTable {TABLE} at (1,1) size 88x24 [bgcolor=#008000]
                                  RenderTableSection {TBODY} at (0,0) size 88x24
                                    RenderTableRow {TR} at (0,2) size 88x20
                                      RenderTableCell {TD} at (2,2) size 84x20 [r=0 c=0 rs=1 cs=1]
                                        RenderText {#text} at (1,1) size 50x18
                                          text run at (1,1) width 50: "Content"
