layer at (0,0) size 800x600
  RenderView at (0,0) size 800x600
layer at (0,0) size 800x600
  RenderBlock {HTML} at (0,0) size 800x600
    RenderBody {BODY} at (8,8) size 784x584
      RenderInline {SPAN} at (0,0) size 617x18
        RenderText {#text} at (0,0) size 617x18
          text run at (0,0) width 617: "Success! The width of the fixed table is 1994px, which is based on the width of its containing div."
      RenderText {#text} at (0,0) size 0x0
      RenderText {#text} at (0,0) size 0x0
