layer at (0,0) size 800x600
  RenderView at (0,0) size 800x600
layer at (0,0) size 800x600
  RenderBlock {HTML} at (0,0) size 800x600
    RenderBody {BODY} at (8,8) size 784x584
      RenderBlock {P} at (0,0) size 784x40
        RenderText {#text} at (0,0) size 51x19
          text run at (0,0) width 51: "Test for "
        RenderInline {I} at (0,0) size 747x39
          RenderInline {A} at (0,0) size 305x19 [color=#0000EE]
            RenderText {#text} at (51,0) size 305x19
              text run at (51,0) width 305: "http://bugs.webkit.org/show_bug.cgi?id=15208"
          RenderText {#text} at (356,0) size 747x39
            text run at (356,0) width 4: " "
            text run at (360,0) width 387: "display:table causes the collapsed text to show at a different"
            text run at (0,20) width 155: "position when expanded"
        RenderText {#text} at (155,20) size 4x19
          text run at (155,20) width 4: "."
      RenderBlock {P} at (0,56) size 784x20
        RenderText {#text} at (0,0) size 190x19
          text run at (0,0) width 190: "This should say \x{201C}Lorem ipsum\x{201D}:"
      RenderTable {DIV} at (0,92) size 79x20
        RenderTableSection (anonymous) at (0,0) size 79x20
          RenderTableRow (anonymous) at (0,0) size 79x20
            RenderTableCell (anonymous) at (0,0) size 79x20 [r=0 c=0 rs=1 cs=1]
              RenderText {#text} at (0,0) size 40x19
                text run at (0,0) width 40: "Lorem"
              RenderText {#text} at (40,0) size 39x19
                text run at (40,0) width 4: " "
                text run at (44,0) width 35: "ipsum"
