layer at (0,0) size 800x600
  RenderView at (0,0) size 800x600
layer at (0,0) size 800x600
  RenderBlock {HTML} at (0,0) size 800x600
    RenderBody {BODY} at (8,8) size 784x584
      RenderTable {TABLE} at (0,0) size 784x64 [border: (1px outset #808080)]
        RenderTableSection {TBODY} at (1,1) size 782x62
          RenderTableRow {TR} at (0,2) size 782x58
            RenderTableCell {TD} at (2,20) size 22x22 [border: (1px inset #808080)] [r=0 c=0 rs=1 cs=1]
            RenderTableCell {TD} at (26,2) size 754x58 [border: (1px inset #808080)] [r=0 c=1 rs=1 cs=1]
              RenderText {#text} at (11,11) size 705x36
                text run at (11,11) width 705: "This is a very long line of text, but it should be wrapped. It should not extend all the way off the right side of the"
                text run at (11,29) width 307: "window, but rather be broken into multiple lines."
