layer at (0,0) size 800x600
  RenderView at (0,0) size 800x600
layer at (0,0) size 800x358
  RenderBlock {HTML} at (0,0) size 800x358
    RenderBody {BODY} at (8,21) size 784x329
      RenderBlock {H1} at (0,0) size 784x37
        RenderText {#text} at (0,0) size 486x37
          text run at (0,0) width 486: "Vertical alignment and table height"
      RenderBlock {P} at (0,58) size 784x19
        RenderText {#text} at (0,0) size 535x18
          text run at (0,0) width 535: "In each of the following tables the cells with 'Data' should all have the same baseline:"
      RenderTable {TABLE} at (0,92) size 458x119
        RenderTableSection {TBODY} at (0,0) size 458x118
          RenderTableRow {TR} at (0,2) size 458x114
            RenderTableCell {TD} at (2,74) size 34x22 [border: (1px solid #000000)] [r=0 c=0 rs=1 cs=1]
              RenderText {#text} at (2,2) size 30x18
                text run at (2,2) width 30: "Data"
            RenderTableCell {TD} at (38,45) size 94x59 [border: (1px solid #000000)] [r=0 c=1 rs=1 cs=1]
              RenderText {#text} at (2,2) size 90x55
                text run at (2,2) width 90: "Data"
            RenderTableCell {TD} at (134,2) size 186x114 [border: (1px solid #000000)] [r=0 c=2 rs=1 cs=1]
              RenderText {#text} at (2,2) size 182x110
                text run at (2,2) width 182: "Data"
            RenderTableCell {TD} at (322,2) size 30x22 [border: (1px solid #000000)] [r=0 c=3 rs=1 cs=1]
              RenderText {#text} at (2,2) size 26x18
                text run at (2,2) width 26: "Top"
            RenderTableCell {TD} at (354,48) size 49x22 [border: (1px solid #000000)] [r=0 c=4 rs=1 cs=1]
              RenderText {#text} at (2,2) size 45x18
                text run at (2,2) width 45: "Middle"
            RenderTableCell {TD} at (405,94) size 51x22 [border: (1px solid #000000)] [r=0 c=5 rs=1 cs=1]
              RenderText {#text} at (2,2) size 47x18
                text run at (2,2) width 47: "Bottom"
      RenderTable {TABLE} at (0,210) size 458x119
        RenderTableSection {TBODY} at (0,0) size 458x118
          RenderTableRow {TR} at (0,2) size 458x114
            RenderTableCell {TD} at (2,2) size 30x22 [border: (1px solid #000000)] [r=0 c=0 rs=1 cs=1]
              RenderText {#text} at (2,2) size 26x18
                text run at (2,2) width 26: "Top"
            RenderTableCell {TD} at (34,48) size 49x22 [border: (1px solid #000000)] [r=0 c=1 rs=1 cs=1]
              RenderText {#text} at (2,2) size 45x18
                text run at (2,2) width 45: "Middle"
            RenderTableCell {TD} at (85,94) size 51x22 [border: (1px solid #000000)] [r=0 c=2 rs=1 cs=1]
              RenderText {#text} at (2,2) size 47x18
                text run at (2,2) width 47: "Bottom"
            RenderTableCell {TD} at (138,2) size 186x114 [border: (1px solid #000000)] [r=0 c=3 rs=1 cs=1]
              RenderText {#text} at (2,2) size 182x110
                text run at (2,2) width 182: "Data"
            RenderTableCell {TD} at (326,74) size 34x22 [border: (1px solid #000000)] [r=0 c=4 rs=1 cs=1]
              RenderText {#text} at (2,2) size 30x18
                text run at (2,2) width 30: "Data"
            RenderTableCell {TD} at (362,45) size 94x59 [border: (1px solid #000000)] [r=0 c=5 rs=1 cs=1]
              RenderText {#text} at (2,2) size 90x55
                text run at (2,2) width 90: "Data"
