layer at (0,0) size 800x600
  RenderView at (0,0) size 800x600
layer at (0,0) size 800x308
  RenderBlock {html} at (0,0) size 800x308
    RenderBody {body} at (8,8) size 784x292
      RenderTable {table} at (0,0) size 122x292
        RenderTableSection (anonymous) at (0,164) size 122x2
          RenderTableRow (anonymous) at (0,0) size 122x0
            RenderTableCell (anonymous) at (2,0) size 118x0 [r=0 c=0 rs=1 cs=1]
        RenderBlock {caption} at (0,40) size 122x40
          RenderText {#text} at (15,0) size 92x39
            text run at (15,0) width 92: "PASS: Normal"
            text run at (37,20) width 48: "Caption"
        RenderTableSection {thead} at (0,140) size 122x24
          RenderTableRow (anonymous) at (0,2) size 122x20
            RenderTableCell (anonymous) at (2,2) size 118x20 [r=0 c=0 rs=1 cs=1]
              RenderText {#text} at (0,0) size 61x19
                text run at (0,0) width 61: "HEADER"
        RenderTableSection {tbody} at (0,166) size 122x42
          RenderTableRow (anonymous) at (0,0) size 122x40
            RenderTableCell (anonymous) at (2,0) size 118x40 [r=0 c=0 rs=1 cs=1]
              RenderBR {br} at (0,0) size 0x19
              RenderText {#text} at (0,20) size 118x19
                text run at (0,20) width 118: "Some body content"
              RenderBR {br} at (118,20) size 0x19
        RenderTableSection {tfoot} at (0,210) size 122x22
          RenderTableRow (anonymous) at (0,0) size 122x20
            RenderTableCell (anonymous) at (2,0) size 118x20 [r=0 c=0 rs=1 cs=1]
              RenderText {#text} at (0,0) size 61x19
                text run at (0,0) width 61: "FOOTER"
        RenderTableSection (anonymous) at (0,208) size 122x2
          RenderTableRow (anonymous) at (0,0) size 122x0
            RenderTableCell (anonymous) at (2,0) size 118x0 [r=0 c=0 rs=1 cs=1]
        RenderBlock {caption} at (0,80) size 122x60
          RenderText {#text} at (0,0) size 0x0
        RenderBlock {caption} at (0,140) size 122x0
layer at (8,240) size 122x60
  RenderBlock {caption} at (0,232) size 122x60
    RenderText {#text} at (25,0) size 110x59
      text run at (25,0) width 72: "PASS: First"
      text run at (6,20) width 110: "Caption aligned to"
      text run at (28,40) width 66: "the bottom"
layer at (10,172) size 217x20
  RenderBlock (positioned) {caption} at (10,172) size 217x20
    RenderText {#text} at (0,0) size 217x19
      text run at (0,0) width 217: "PASS: Caption with a fixed position"
layer at (8,8) size 122x40
  RenderBlock {caption} at (0,0) size 122x40
    RenderText {#text} at (0,0) size 122x39
      text run at (0,0) width 122: "PASS: Caption with"
      text run at (27,20) width 68: "opacity 0.7"
layer at (10,216) size 315x20
  RenderBlock (positioned) {caption} at (10,216) size 315x20
    RenderText {#text} at (0,0) size 315x19
      text run at (0,0) width 315: "PASS: Caption with a fixed position and opacity 0.6"
layer at (8,88) size 122x59
  RenderInline {a} at (0,0) size 122x59
    RenderText {#text} at (0,0) size 122x59
      text run at (0,0) width 122: "PASS: Caption with"
      text run at (7,20) width 108: "opacity 0.5 in one"
      text run at (28,40) width 66: "of its child."
layer at (69,148) size 420x20
  RenderBlock (positioned) {a} at (69,148) size 420x20
    RenderText {#text} at (0,0) size 420x19
      text run at (0,0) width 420: "PASS: Caption with opacity 0.4 and fixed position of one of the child."
