layer at (0,0) size 785x2424
  RenderView at (0,0) size 785x600
layer at (0,0) size 785x2424
  RenderBlock {HTML} at (0,0) size 785x2424
    RenderBody {BODY} at (8,8) size 769x2408
      RenderTable {TABLE} at (0,0) size 418x112 [border: (2px outset #808080)]
        RenderTableSection {TBODY} at (2,2) size 414x108
          RenderTableRow {TR} at (0,2) size 414x104
            RenderTableCell {TD} at (308,2) size 104x104 [border: (1px inset #808080)] [r=0 c=1 rs=1 cs=1]
              RenderBlock {DIV} at (2,2) size 100x100 [bgcolor=#800080]
      RenderBlock (anonymous) at (0,112) size 769x36
        RenderBR {BR} at (0,0) size 0x18
        RenderBR {BR} at (0,18) size 0x18
      RenderTable {TABLE} at (0,148) size 718x112 [border: (2px outset #808080)]
        RenderTableSection {TBODY} at (2,2) size 714x108
          RenderTableRow {TR} at (0,2) size 714x104
            RenderTableCell {TD} at (608,2) size 104x104 [border: (1px inset #808080)] [r=0 c=1 rs=1 cs=1]
              RenderBlock {DIV} at (2,2) size 100x100 [bgcolor=#800080]
      RenderBlock (anonymous) at (0,260) size 769x36
        RenderBR {BR} at (0,0) size 0x18
        RenderBR {BR} at (0,18) size 0x18
      RenderTable {TABLE} at (0,296) size 718x112 [border: (2px outset #808080)]
        RenderTableSection {TBODY} at (2,2) size 714x108
          RenderTableRow {TR} at (0,2) size 714x104
            RenderTableCell {TD} at (608,2) size 104x104 [border: (1px inset #808080)] [r=0 c=1 rs=1 cs=1]
              RenderBlock {DIV} at (2,2) size 100x100 [bgcolor=#800080]
      RenderBlock (anonymous) at (0,408) size 769x36
        RenderBR {BR} at (0,0) size 0x18
        RenderBR {BR} at (0,18) size 0x18
      RenderTable {TABLE} at (0,444) size 418x112 [border: (2px outset #808080)]
        RenderTableSection {TBODY} at (2,2) size 414x108
          RenderTableRow {TR} at (0,2) size 414x104
            RenderTableCell {TD} at (308,2) size 104x104 [border: (1px inset #808080)] [r=0 c=1 rs=1 cs=1]
              RenderBlock {DIV} at (2,2) size 100x100 [bgcolor=#800080]
      RenderBlock (anonymous) at (0,556) size 769x36
        RenderBR {BR} at (0,0) size 0x18
        RenderBR {BR} at (0,18) size 0x18
      RenderTable {TABLE} at (0,592) size 418x112 [border: (2px outset #808080)]
        RenderTableSection {TBODY} at (2,2) size 414x108
          RenderTableRow {TR} at (0,2) size 414x104
            RenderTableCell {TD} at (2,2) size 104x104 [border: (1px inset #808080)] [r=0 c=0 rs=1 cs=1]
              RenderBlock {DIV} at (2,2) size 100x100 [bgcolor=#800080]
      RenderBlock (anonymous) at (0,704) size 769x36
        RenderBR {BR} at (0,0) size 0x18
        RenderBR {BR} at (0,18) size 0x18
      RenderTable {TABLE} at (0,740) size 618x218 [border: (2px outset #808080)]
        RenderTableSection {TBODY} at (2,2) size 614x214
          RenderTableRow {TR} at (0,2) size 614x104
            RenderTableCell {TD} at (308,2) size 304x104 [border: (1px inset #808080)] [r=0 c=1 rs=1 cs=1]
              RenderBlock {DIV} at (2,2) size 300x100 [bgcolor=#800080]
          RenderTableRow {TR} at (0,108) size 614x104
            RenderTableCell {TD} at (2,108) size 304x104 [border: (1px inset #808080)] [r=1 c=0 rs=1 cs=1]
              RenderBlock {DIV} at (2,2) size 300x100 [bgcolor=#800080]
      RenderBlock (anonymous) at (0,958) size 769x36
        RenderBR {BR} at (0,0) size 0x18
        RenderBR {BR} at (0,18) size 0x18
      RenderTable {TABLE} at (0,994) size 718x112 [border: (2px outset #808080)]
        RenderTableSection {TBODY} at (2,2) size 714x108
          RenderTableRow {TR} at (0,2) size 714x104
            RenderTableCell {TD} at (608,2) size 104x104 [border: (1px inset #808080)] [r=0 c=1 rs=1 cs=1]
              RenderBlock {DIV} at (2,2) size 100x100 [bgcolor=#800080]
      RenderBlock (anonymous) at (0,1106) size 769x36
        RenderBR {BR} at (0,0) size 0x18
        RenderBR {BR} at (0,18) size 0x18
      RenderTable {TABLE} at (0,1142) size 718x112 [border: (2px outset #808080)]
        RenderTableSection {TBODY} at (2,2) size 714x108
          RenderTableRow {TR} at (0,2) size 714x104
            RenderTableCell {TD} at (608,2) size 104x104 [border: (1px inset #808080)] [r=0 c=1 rs=1 cs=1]
              RenderBlock {DIV} at (2,2) size 100x100 [bgcolor=#800080]
      RenderBlock (anonymous) at (0,1254) size 769x36
        RenderBR {BR} at (0,0) size 0x18
        RenderBR {BR} at (0,18) size 0x18
      RenderTable {TABLE} at (0,1290) size 718x112 [border: (2px outset #808080)]
        RenderTableSection {TBODY} at (2,2) size 714x108
          RenderTableRow {TR} at (0,2) size 714x104
            RenderTableCell {TD} at (608,2) size 104x104 [border: (1px inset #808080)] [r=0 c=1 rs=1 cs=1]
              RenderBlock {DIV} at (2,2) size 100x100 [bgcolor=#800080]
      RenderBlock (anonymous) at (0,1402) size 769x36
        RenderBR {BR} at (0,0) size 0x18
        RenderBR {BR} at (0,18) size 0x18
      RenderTable {DIV} at (0,1438) size 400x100
        RenderTableSection (anonymous) at (0,0) size 400x100
          RenderTableRow {DIV} at (0,0) size 400x100
            RenderTableCell {DIV} at (300,0) size 100x100 [r=0 c=1 rs=1 cs=1]
              RenderBlock {DIV} at (0,0) size 100x100 [bgcolor=#800080]
      RenderBlock (anonymous) at (0,1538) size 769x36
        RenderBR {BR} at (0,0) size 0x18
        RenderBR {BR} at (0,18) size 0x18
      RenderTable {DIV} at (0,1574) size 400x100
        RenderTableSection (anonymous) at (0,0) size 400x100
          RenderTableRow {DIV} at (0,0) size 400x100
            RenderTableCell {DIV} at (300,0) size 100x100 [r=0 c=1 rs=1 cs=1]
              RenderBlock {DIV} at (0,0) size 100x100 [bgcolor=#800080]
      RenderBlock (anonymous) at (0,1674) size 769x36
        RenderBR {BR} at (0,0) size 0x18
        RenderBR {BR} at (0,18) size 0x18
      RenderTable {TABLE} at (0,1710) size 715x112 [border: (2px outset #808080)]
        RenderTableSection {TBODY} at (2,2) size 710x107
          RenderTableRow {TR} at (0,0) size 710x107
            RenderTableCell {TD} at (605,0) size 105x107 [border: (3px inset #808080)] [r=0 c=1 rs=1 cs=1]
              RenderBlock {DIV} at (2,4) size 100x100 [bgcolor=#800080]
      RenderBlock (anonymous) at (0,1822) size 769x36
        RenderBR {BR} at (0,0) size 0x18
        RenderBR {BR} at (0,18) size 0x18
      RenderTable {TABLE} at (0,1858) size 715x112 [border: (2px outset #808080)]
        RenderTableSection {TBODY} at (2,2) size 710x107
          RenderTableRow {TR} at (0,0) size 710x107
            RenderTableCell {TD} at (605,0) size 105x107 [border: (3px inset #808080)] [r=0 c=1 rs=1 cs=1]
              RenderBlock {DIV} at (2,4) size 100x100 [bgcolor=#800080]
      RenderBlock (anonymous) at (0,1970) size 769x36
        RenderBR {BR} at (0,0) size 0x18
        RenderBR {BR} at (0,18) size 0x18
      RenderTable {TABLE} at (0,2006) size 418x112 [border: (2px outset #808080)]
        RenderTableSection {TBODY} at (2,2) size 414x108
          RenderTableRow {TR} at (0,2) size 414x104
            RenderTableCell {TD} at (308,2) size 104x104 [border: (1px inset #808080)] [r=0 c=1 rs=1 cs=1]
              RenderBlock {DIV} at (2,2) size 100x100 [bgcolor=#800080]
      RenderBlock (anonymous) at (0,2118) size 769x36
        RenderBR {BR} at (0,0) size 0x18
        RenderBR {BR} at (0,18) size 0x18
      RenderTable {TABLE} at (0,2154) size 433x112 [border: (2px outset #808080)]
        RenderTableSection {TBODY} at (2,2) size 429x108
          RenderTableRow {TR} at (0,2) size 429x104
            RenderTableCell {TD} at (323,2) size 104x104 [border: (1px inset #808080)] [r=0 c=1 rs=1 cs=1]
              RenderBlock {DIV} at (2,2) size 100x100 [bgcolor=#800080]
      RenderBlock (anonymous) at (0,2266) size 769x36
        RenderBR {BR} at (0,0) size 0x18
        RenderBR {BR} at (0,18) size 0x18
      RenderTable {TABLE} at (0,2302) size 470x106
        RenderTableSection {TBODY} at (0,0) size 470x106
          RenderTableRow {TR} at (0,2) size 470x102
            RenderTableCell {TD} at (366,2) size 102x102 [r=0 c=1 rs=1 cs=1]
              RenderBlock {DIV} at (1,1) size 100x100 [bgcolor=#800080]
layer at (12,12) size 304x104 clip at (13,13) size 302x102
  RenderTableCell {TD} at (2,52) size 304x4 [bgcolor=#808080] [border: (1px inset #808080)] [r=0 c=0 rs=1 cs=1]
layer at (12,160) size 604x104 clip at (13,161) size 602x102
  RenderTableCell {TD} at (2,43) size 604x22 [bgcolor=#808080] [border: (1px inset #808080)] [r=0 c=0 rs=1 cs=1]
layer at (12,456) size 304x104 clip at (13,457) size 302x102 scrollWidth 601
  RenderTableCell {TD} at (2,52) size 304x4 [bgcolor=#808080] [border: (1px inset #808080)] [r=0 c=0 rs=1 cs=1]
    RenderBlock {DIV} at (2,-18) size 300x18 [bgcolor=#00FF00]
      RenderBlock {DIV} at (0,0) size 600x18 [bgcolor=#008000]
        RenderText {#text} at (0,0) size 27x18
          text run at (0,0) width 27: "Test"
layer at (118,604) size 304x104 clip at (119,605) size 302x102 scrollWidth 601
  RenderTableCell {TD} at (108,52) size 304x4 [bgcolor=#808080] [border: (1px inset #808080)] [r=0 c=1 rs=1 cs=1]
    RenderBlock {DIV} at (2,-18) size 300x18 [bgcolor=#00FF00]
      RenderBlock {DIV} at (0,0) size 600x18 [bgcolor=#008000]
        RenderText {#text} at (0,0) size 82x18
          text run at (0,0) width 82: "Reverse Test"
layer at (12,752) size 304x104 clip at (13,753) size 302x102 scrollWidth 601
  RenderTableCell {TD} at (2,52) size 304x4 [bgcolor=#808080] [border: (1px inset #808080)] [r=0 c=0 rs=1 cs=1]
    RenderBlock {DIV} at (2,-18) size 300x18 [bgcolor=#00FF00]
      RenderBlock {DIV} at (0,0) size 600x18 [bgcolor=#008000]
        RenderText {#text} at (0,0) size 81x18
          text run at (0,0) width 81: "Stacked Test"
layer at (318,858) size 304x104 clip at (319,859) size 302x102 scrollWidth 601
  RenderTableCell {TD} at (308,158) size 304x4 [bgcolor=#808080] [border: (1px inset #808080)] [r=1 c=1 rs=1 cs=1]
    RenderBlock {DIV} at (2,-18) size 300x18 [bgcolor=#00FF00]
      RenderBlock {DIV} at (0,0) size 600x18 [bgcolor=#008000]
        RenderText {#text} at (0,0) size 51x18
          text run at (0,0) width 51: "Reverse"
layer at (12,1006) size 604x104 clip at (13,1007) size 602x102
  RenderTableCell {TD} at (2,43) size 604x22 [bgcolor=#808080] [border: (1px inset #808080)] [r=0 c=0 rs=1 cs=1]
layer at (8,1446) size 300x100 scrollWidth 600
  RenderTableCell {DIV} at (0,41) size 300x18 [r=0 c=0 rs=1 cs=1]
    RenderBlock {DIV} at (0,0) size 300x18
      RenderBlock {DIV} at (0,0) size 600x18 [bgcolor=#FFA500]
        RenderText {#text} at (0,0) size 141x18
          text run at (0,0) width 141: "With display:table-cell"
layer at (10,1720) size 605x107 clip at (13,1723) size 602x102
  RenderTableCell {TD} at (0,41) size 605x25 [bgcolor=#808080] [border: (3px inset #808080)] [r=0 c=0 rs=1 cs=1]
    RenderBlock {DIV} at (4,4) size 600x18 [bgcolor=#FFFF00]
      RenderText {#text} at (0,0) size 215x18
        text run at (0,0) width 215: "Test with border-collapse:collapse"
layer at (10,1868) size 605x107 clip at (13,1871) size 602x102
  RenderTableCell {TD} at (0,41) size 605x25 [border: (3px inset #808080)] [r=0 c=0 rs=1 cs=1]
    RenderBlock {DIV} at (4,4) size 600x18 [bgcolor=#FFFF00]
      RenderText {#text} at (0,0) size 271x18
        text run at (0,0) width 271: "Test with border-collapse:collapse no color"
layer at (12,2018) size 304x104 clip at (13,2019) size 302x87 scrollWidth 601
  RenderTableCell {TD} at (2,44) size 304x20 [bgcolor=#808080] [border: (1px inset #808080)] [r=0 c=0 rs=1 cs=1]
    RenderBlock {DIV} at (2,-18) size 300x18 [bgcolor=#00FF00]
      RenderBlock {DIV} at (0,0) size 600x18 [bgcolor=#008000]
        RenderText {#text} at (0,0) size 151x18
          text run at (0,0) width 151: "Test with overflow:auto"
layer at (12,2166) size 319x104 clip at (13,2167) size 302x87 scrollWidth 601
  RenderTableCell {TD} at (2,44) size 319x20 [bgcolor=#808080] [border: (1px inset #808080)] [r=0 c=0 rs=1 cs=1]
    RenderBlock {DIV} at (2,-18) size 300x18 [bgcolor=#00FF00]
      RenderBlock {DIV} at (0,0) size 600x18 [bgcolor=#008000]
        RenderText {#text} at (0,0) size 158x18
          text run at (0,0) width 158: "Test with overflow:scroll"
layer at (10,2312) size 362x102 clip at (40,2342) size 302x27 scrollWidth 601
  RenderTableCell {TD} at (2,5) size 362x96 [bgcolor=#808080] [border: (30px solid #000000)] [r=0 c=0 rs=1 cs=1]
    RenderBlock {DIV} at (31,31) size 300x18 [bgcolor=#00FF00]
      RenderBlock {DIV} at (0,0) size 600x18 [bgcolor=#008000]
        RenderText {#text} at (0,0) size 151x18
          text run at (0,0) width 151: "Test with overflow:auto"
layer at (14,90) size 600x18
  RenderBlock (positioned) {DIV} at (14,90) size 600x18 [bgcolor=#00FFFF]
    RenderText {#text} at (0,0) size 209x18
      text run at (0,0) width 209: "With absolute positioning on div."
layer at (14,203) size 600x18
  RenderBlock {DIV} at (2,2) size 600x18 [bgcolor=#00FFFF]
    RenderText {#text} at (0,0) size 129x18
      text run at (0,0) width 129: "With opacity on div."
layer at (12,308) size 604x104 clip at (13,309) size 602x102
  RenderTableCell {TD} at (2,43) size 604x22 [bgcolor=#808080] [border: (1px inset #808080)] [r=0 c=0 rs=1 cs=1]
    RenderBlock {DIV} at (2,2) size 600x18 [bgcolor=#00FFFF]
      RenderText {#text} at (0,0) size 131x18
        text run at (0,0) width 131: "With opacity on cell."
layer at (14,1049) size 600x18
  RenderBlock (relative positioned) {DIV} at (2,2) size 600x18 [bgcolor=#FFA500]
    RenderText {#text} at (0,0) size 203x18
      text run at (0,0) width 203: "With relative positioning on div."
layer at (12,1154) size 604x104 clip at (13,1155) size 602x102
  RenderTableCell {TD} at (2,43) size 604x22 [bgcolor=#808080] [border: (1px inset #808080)] [r=0 c=0 rs=1 cs=1]
    RenderBlock {DIV} at (2,2) size 600x18 [bgcolor=#FFC0CB]
      RenderText {#text} at (0,0) size 205x18
        text run at (0,0) width 205: "With relative positioning on cell."
layer at (112,1302) size 604x104 clip at (113,1303) size 602x102
  RenderTableCell {TD} at (2,43) size 604x22 [bgcolor=#808080] [border: (1px inset #808080)] [r=0 c=0 rs=1 cs=1]
    RenderBlock {DIV} at (2,2) size 600x18 [bgcolor=#FFC0CB]
      RenderText {#text} at (0,0) size 290x18
        text run at (0,0) width 290: "With relative positioning and an offset on cell."
layer at (108,1582) size 300x100 scrollWidth 600
  RenderTableCell {DIV} at (0,41) size 300x18 [r=0 c=0 rs=1 cs=1]
    RenderBlock {DIV} at (0,0) size 300x18
      RenderBlock {DIV} at (0,0) size 600x18 [bgcolor=#FFA500]
        RenderText {#text} at (0,0) size 278x18
          text run at (0,0) width 278: "With display:table-cell + relative positioning"
