layer at (0,0) size 800x600
  RenderView at (0,0) size 800x600
layer at (0,0) size 800x136
  RenderBlock {HTML} at (0,0) size 800x136
    RenderBody {BODY} at (8,8) size 784x120
      RenderBlock (anonymous) at (0,0) size 784x20
        RenderText {#text} at (0,0) size 340x19
          text run at (0,0) width 340: "Will be green if relative positioning stacking is supported:"
      RenderTable {TABLE} at (0,20) size 100x100
        RenderTableSection {TBODY} at (0,0) size 100x100
          RenderTableRow {TR} at (0,0) size 100x0
          RenderTableRow {TR} at (0,0) size 100x100
            RenderTableCell {TD} at (0,50) size 100x0 [bgcolor=#FF0000] [r=1 c=0 rs=1 cs=1]
layer at (8,28) size 100x0
  RenderTableCell {TD} at (0,0) size 100x0 [r=0 c=0 rs=1 cs=1]
    RenderBlock {DIV} at (0,0) size 100x0
      RenderBlock {DIV} at (0,0) size 100x100 [bgcolor=#008000]
