layer at (0,0) size 800x600
  RenderView at (0,0) size 800x600
layer at (0,0) size 800x600
  RenderBlock {HTML} at (0,0) size 800x600
    RenderBody {BODY} at (8,8) size 784x584
      RenderBlock {P} at (0,0) size 784x18
        RenderText {#text} at (0,0) size 303x18
          text run at (0,0) width 303: "Both rows should have the same width (725px)."
      RenderTable {TABLE} at (0,34) size 725x36
        RenderTableSection {TBODY} at (0,0) size 725x36
          RenderTableRow {TR} at (0,0) size 725x18
            RenderTableCell {TD} at (0,0) size 91x18 [bgcolor=#7CFC00] [r=0 c=0 rs=1 cs=1]
              RenderText {#text} at (0,0) size 8x18
                text run at (0,0) width 8: "1"
            RenderTableCell {TD} at (90,0) size 92x18 [bgcolor=#008000] [r=0 c=1 rs=1 cs=1]
              RenderText {#text} at (0,0) size 17x18
                text run at (0,0) width 17: "1+"
            RenderTableCell {TD} at (181,0) size 91x18 [bgcolor=#00FFFF] [r=0 c=2 rs=1 cs=1]
              RenderText {#text} at (0,0) size 8x18
                text run at (0,0) width 8: "2"
            RenderTableCell {TD} at (271,0) size 92x18 [bgcolor=#008B8B] [r=0 c=3 rs=1 cs=1]
              RenderText {#text} at (0,0) size 17x18
                text run at (0,0) width 17: "2+"
            RenderTableCell {TD} at (362,0) size 92x18 [bgcolor=#FFFF00] [r=0 c=4 rs=1 cs=1]
              RenderText {#text} at (0,0) size 8x18
                text run at (0,0) width 8: "3"
            RenderTableCell {TD} at (453,0) size 91x18 [bgcolor=#FFD700] [r=0 c=5 rs=1 cs=1]
              RenderText {#text} at (0,0) size 17x18
                text run at (0,0) width 17: "3+"
            RenderTableCell {TD} at (543,0) size 92x18 [bgcolor=#FFA500] [r=0 c=6 rs=1 cs=1]
              RenderText {#text} at (0,0) size 8x18
                text run at (0,0) width 8: "4"
            RenderTableCell {TD} at (634,0) size 91x18 [bgcolor=#FF8C00] [r=0 c=7 rs=1 cs=1]
              RenderText {#text} at (0,0) size 17x18
                text run at (0,0) width 17: "4+"
          RenderTableRow {TR} at (0,18) size 725x18
            RenderTableCell {TD} at (0,18) size 91x18 [r=1 c=0 rs=1 cs=1]
              RenderText {#text} at (0,0) size 4x18
                text run at (0,0) width 4: " "
      RenderTable {TABLE} at (0,70) size 725x18
        RenderTableSection {TBODY} at (0,0) size 725x18
          RenderTableRow {TR} at (0,0) size 725x18
            RenderTableCell {TD} at (0,0) size 182x18 [bgcolor=#7CFC00] [r=0 c=0 rs=1 cs=1]
              RenderText {#text} at (0,0) size 8x18
                text run at (0,0) width 8: "1"
            RenderTableCell {TD} at (181,0) size 182x18 [bgcolor=#00FFFF] [r=0 c=1 rs=1 cs=1]
              RenderText {#text} at (0,0) size 8x18
                text run at (0,0) width 8: "2"
            RenderTableCell {TD} at (362,0) size 182x18 [bgcolor=#FFFF00] [r=0 c=2 rs=1 cs=1]
              RenderText {#text} at (0,0) size 8x18
                text run at (0,0) width 8: "3"
            RenderTableCell {TD} at (543,0) size 182x18 [bgcolor=#FFA500] [r=0 c=3 rs=1 cs=1]
              RenderText {#text} at (0,0) size 8x18
                text run at (0,0) width 8: "4"
      RenderBlock (anonymous) at (0,88) size 784x25
        RenderButton {BUTTON} at (2,2) size 46x21 [bgcolor=#F0F0F0] [border: (2px outset #F0F0F0)]
          RenderBlock (anonymous) at (8,3) size 30x15
            RenderText {#text} at (0,0) size 30x15
              text run at (0,0) width 30: "show"
        RenderText {#text} at (50,3) size 4x18
          text run at (50,3) width 4: " "
        RenderButton {BUTTON} at (56,2) size 40x21 [bgcolor=#F0F0F0] [border: (2px outset #F0F0F0)]
          RenderBlock (anonymous) at (8,3) size 24x15
            RenderText {#text} at (0,0) size 24x15
              text run at (0,0) width 24: "hide"
        RenderText {#text} at (0,0) size 0x0
