layer at (0,0) size 800x600
  RenderView at (0,0) size 800x600
layer at (0,0) size 800x600
  RenderBlock {HTML} at (0,0) size 800x600
    RenderBody {BODY} at (8,8) size 784x584
      RenderTable {TABLE} at (0,0) size 610x206
        RenderTableSection {TBODY} at (0,0) size 610x206
          RenderTableRow {TR} at (0,2) size 610x202
            RenderTableCell {TD} at (2,92) size 402x22 [r=0 c=0 rs=1 cs=1]
              RenderBlock {DIV} at (1,1) size 400x20 [bgcolor=#008000]
                RenderText {#text} at (0,0) size 132x19
                  text run at (0,0) width 132: "This div does not flex."
            RenderTableCell {TD} at (406,2) size 202x202 [r=0 c=1 rs=1 cs=1]
              RenderImage {IMG} at (1,1) size 200x200
      RenderBlock {P} at (0,222) size 784x0
      RenderTable {TABLE} at (0,222) size 610x206
        RenderTableSection {TBODY} at (0,0) size 610x206
          RenderTableRow {TR} at (0,2) size 610x202
            RenderTableCell {TD} at (2,2) size 402x202 [r=0 c=0 rs=1 cs=1]
              RenderImage {IMG} at (1,1) size 400x200 [bgcolor=#008000]
            RenderTableCell {TD} at (406,2) size 202x202 [r=0 c=1 rs=1 cs=1]
              RenderImage {IMG} at (1,1) size 200x200
