layer at (0,0) size 800x600
  RenderView at (0,0) size 800x600
layer at (0,0) size 800x600
  RenderBlock {HTML} at (0,0) size 800x600
    RenderBody {BODY} at (8,8) size 784x584
      RenderTable {TABLE} at (0,0) size 100x580 [border: (2px outset #808080)]
        RenderTableSection {TBODY} at (2,2) size 96x576
          RenderTableRow {TR} at (0,0) size 42x576
            RenderTableCell {TD} at (0,17) size 96x3 [bgcolor=#AAAAAA] [border: (1px inset #808080)] [r=0 c=0 rs=3 cs=1]
              RenderText {#text} at (18,-16) size 59x35
                text run at (18,-16) width 24: "Left"
                text run at (38,-16) width 13: "(3"
                text run at (58,-16) width 35: "rows)"
            RenderTableCell {TD} at (0,60) size 69x178 [bgcolor=#000000] [border: (1px inset #808080)] [r=0 c=1 rs=2 cs=1]
              RenderText {#text} at (25,-23) size 19x5
                text run at (25,-22) width 4: " "
            RenderTableCell {TD} at (0,261) size 42x54 [border: (1px inset #808080)] [r=0 c=2 rs=1 cs=10]
              RenderText {#text} at (1,5) size 39x46
                text run at (1,5) width 43: "Middle"
                text run at (21,4) width 46: "(1 row)"
            RenderTableCell {TD} at (0,338) size 69x178 [bgcolor=#000000] [border: (1px inset #808080)] [r=0 c=12 rs=2 cs=1]
              RenderText {#text} at (25,-23) size 19x5
                text run at (25,-22) width 4: " "
            RenderTableCell {TD} at (0,556) size 96x3 [bgcolor=#AAAAAA] [border: (1px inset #808080)] [r=0 c=13 rs=3 cs=1]
              RenderText {#text} at (18,-12) size 59x35
                text run at (18,-12) width 31: "Right"
                text run at (38,6) width 13: "(3"
                text run at (58,-16) width 35: "rows)"
          RenderTableRow {TR} at (0,42) size 27x576
            RenderTableCell {TD} at (42,263) size 27x2 [bgcolor=#EEEEEE] [border: (1px inset #808080)] [r=1 c=2 rs=1 cs=1]
              RenderText {#text} at (4,-2) size 19x5
                text run at (4,-1) width 4: " "
            RenderTableCell {TD} at (42,269) size 27x2 [bgcolor=#EEEEEE] [border: (1px inset #808080)] [r=1 c=3 rs=1 cs=1]
              RenderText {#text} at (4,-2) size 19x5
                text run at (4,-1) width 4: " "
            RenderTableCell {TD} at (42,275) size 27x2 [bgcolor=#EEEEEE] [border: (1px inset #808080)] [r=1 c=4 rs=1 cs=1]
              RenderText {#text} at (4,-2) size 19x5
                text run at (4,-1) width 4: " "
            RenderTableCell {TD} at (42,281) size 27x2 [bgcolor=#EEEEEE] [border: (1px inset #808080)] [r=1 c=5 rs=1 cs=1]
              RenderText {#text} at (4,-2) size 19x5
                text run at (4,-1) width 4: " "
            RenderTableCell {TD} at (42,287) size 27x2 [bgcolor=#EEEEEE] [border: (1px inset #808080)] [r=1 c=6 rs=1 cs=1]
              RenderText {#text} at (4,-2) size 19x5
                text run at (4,-1) width 4: " "
            RenderTableCell {TD} at (42,293) size 27x2 [bgcolor=#EEEEEE] [border: (1px inset #808080)] [r=1 c=7 rs=1 cs=1]
              RenderText {#text} at (4,-2) size 19x5
                text run at (4,-1) width 4: " "
            RenderTableCell {TD} at (42,299) size 27x2 [bgcolor=#EEEEEE] [border: (1px inset #808080)] [r=1 c=8 rs=1 cs=1]
              RenderText {#text} at (4,-2) size 19x5
                text run at (4,-1) width 4: " "
            RenderTableCell {TD} at (42,305) size 27x2 [bgcolor=#EEEEEE] [border: (1px inset #808080)] [r=1 c=9 rs=1 cs=1]
              RenderText {#text} at (4,-2) size 19x5
                text run at (4,-1) width 4: " "
            RenderTableCell {TD} at (42,311) size 27x2 [bgcolor=#EEEEEE] [border: (1px inset #808080)] [r=1 c=10 rs=1 cs=1]
              RenderText {#text} at (4,-2) size 19x5
                text run at (4,-1) width 4: " "
          RenderTableRow {TR} at (0,69) size 27x576
            RenderTableCell {TD} at (69,39) size 27x535 [bgcolor=#008000] [border: (1px inset #808080)] [r=2 c=1 rs=1 cs=13]
              RenderText {#text} at (4,279) size 19x257
                text run at (4,280) width 256: "Bottom Row Overlaps with the Right Cell!"
