layer at (0,0) size 800x600
  RenderView at (0,0) size 800x600
layer at (0,0) size 800x600
  RenderBlock {HTML} at (0,0) size 800x600
    RenderBody {BODY} at (8,8) size 784x576
      RenderTable {TABLE} at (0,0) size 153x62 [border: none]
        RenderTableSection {TBODY} at (0,0) size 152x61
          RenderTableRow {TR} at (0,0) size 152x21
            RenderTableCell {TD} at (0,0) size 76x21 [border: (1px none #808080) none none (1px solid #808080)] [r=0 c=0 rs=1 cs=1]
              RenderText {#text} at (2,2) size 73x18
                text run at (2,2) width 73: "Row1 cell1"
            RenderTableCell {TD} at (76,0) size 76x21 [border: (1px none #808080) none none (1px solid #808080)] [r=0 c=1 rs=1 cs=1]
              RenderText {#text} at (2,2) size 73x18
                text run at (2,2) width 73: "Row1 cell2"
          RenderTableRow {TR} at (0,21) size 152x20
            RenderTableCell {TD} at (0,21) size 76x20 [border: none none none (1px solid #808080)] [r=1 c=0 rs=1 cs=1]
              RenderText {#text} at (2,1) size 73x18
                text run at (2,1) width 73: "Row2 cell1"
            RenderTableCell {TD} at (76,21) size 76x20 [border: none none none (1px solid #808080)] [r=1 c=1 rs=1 cs=1]
              RenderText {#text} at (2,1) size 73x18
                text run at (2,1) width 73: "Row2 cell2"
          RenderTableRow {TR} at (0,41) size 152x20
            RenderTableCell {TD} at (0,41) size 76x20 [border: none none none (1px solid #808080)] [r=2 c=0 rs=1 cs=1]
              RenderText {#text} at (2,1) size 73x18
                text run at (2,1) width 73: "Row3 cell1"
            RenderTableCell {TD} at (76,41) size 76x20 [border: none none none (1px solid #808080)] [r=2 c=1 rs=1 cs=1]
              RenderText {#text} at (2,1) size 73x18
                text run at (2,1) width 73: "Row3 cell2"
      RenderBlock {P} at (0,78) size 784x18
        RenderText {#text} at (0,0) size 769x18
          text run at (0,0) width 769: "The rules attribute is first set dynamically to rows, then to cols, so the table should show only column borders. Bug 14848."
