layer at (0,0) size 800x600
  RenderView at (0,0) size 800x600
layer at (0,0) size 800x600
  RenderBlock {HTML} at (0,0) size 800x600
    RenderBody {BODY} at (8,8) size 784x584
      RenderTable {DIV} at (0,0) size 205x94 [color=#FF0000] [border: (3px solid #008000)]
        RenderTableSection (anonymous) at (19,19) size 167x56
          RenderTableRow (anonymous) at (0,0) size 167x56
            RenderTableCell (anonymous) at (0,19) size 77x18 [r=0 c=0 rs=1 cs=1]
              RenderInline {SPAN} at (0,0) size 77x18
                RenderText {#text} at (0,0) size 77x18
                  text run at (0,0) width 77: "CONTENT"
            RenderTableCell (anonymous) at (77,0) size 90x56 [border: (3px solid #0000FF)] [r=0 c=1 rs=1 cs=1]
              RenderText at (19,19) size 52x18
                text run at (19,19) width 52: "AFTER"
