layer at (0,0) size 800x600
  RenderView at (0,0) size 800x600
layer at (0,0) size 800x474
  RenderBlock {HTML} at (0,0) size 800x474
    RenderBody {BODY} at (8,10) size 784x456
      RenderBlock {TABLE} at (10,0) size 764x92 [border: (1px solid #000000)]
        RenderTable at (1,1) size 116x90
          RenderTableSection {THEAD} at (0,0) size 116x24
            RenderTableRow {TR} at (0,2) size 116x20
              RenderTableCell {TD} at (2,2) size 55x20 [r=0 c=0 rs=1 cs=1]
                RenderText {#text} at (1,1) size 46x18
                  text run at (1,1) width 46: "Head 1"
              RenderTableCell {TD} at (59,2) size 55x20 [r=0 c=1 rs=1 cs=1]
                RenderText {#text} at (1,1) size 46x18
                  text run at (1,1) width 46: "Head 2"
          RenderTableSection {TFOOT} at (0,68) size 116x22
            RenderTableRow {TR} at (0,0) size 116x20
              RenderTableCell {TD} at (2,0) size 55x20 [r=0 c=0 rs=1 cs=1]
                RenderText {#text} at (1,1) size 53x18
                  text run at (1,1) width 53: "Footer 1"
              RenderTableCell {TD} at (59,0) size 55x20 [r=0 c=1 rs=1 cs=1]
                RenderText {#text} at (1,1) size 53x18
                  text run at (1,1) width 53: "Footer 2"
          RenderTableSection {TBODY} at (0,24) size 116x44
            RenderTableRow {TR} at (0,0) size 116x20
              RenderTableCell {TD} at (2,0) size 55x20 [r=0 c=0 rs=1 cs=1]
                RenderText {#text} at (1,1) size 38x18
                  text run at (1,1) width 38: "Cell 1"
              RenderTableCell {TD} at (59,0) size 55x20 [r=0 c=1 rs=1 cs=1]
                RenderText {#text} at (1,1) size 38x18
                  text run at (1,1) width 38: "Cell 2"
            RenderTableRow {TR} at (0,22) size 116x20
              RenderTableCell {TD} at (2,22) size 55x20 [r=1 c=0 rs=1 cs=1]
                RenderText {#text} at (1,1) size 38x18
                  text run at (1,1) width 38: "Cell 3"
              RenderTableCell {TD} at (59,22) size 55x20 [r=1 c=1 rs=1 cs=1]
                RenderText {#text} at (1,1) size 38x18
                  text run at (1,1) width 38: "Cell 4"
      RenderBlock {TABLE} at (10,102) size 764x50 [border: (1px solid #000000)]
        RenderTable at (1,1) size 220x48
          RenderTableSection (anonymous) at (0,0) size 220x27
            RenderTableRow (anonymous) at (0,2) size 220x23
              RenderTableCell {THEAD} at (2,2) size 100x23 [r=0 c=0 rs=1 cs=1]
                RenderTable at (0,0) size 100x23
                  RenderTableSection (anonymous) at (0,0) size 100x23
                    RenderTableRow (anonymous) at (0,2) size 100x19
                      RenderTableCell {TR} at (2,2) size 96x19 [r=0 c=0 rs=1 cs=1]
                        RenderInline {TD} at (0,0) size 48x20
                          RenderText {#text} at (1,1) size 46x18
                            text run at (1,1) width 46: "Head 1"
                        RenderInline {TD} at (0,0) size 48x20
                          RenderText {#text} at (49,1) size 46x18
                            text run at (49,1) width 46: "Head 2"
              RenderTableCell {TFOOT} at (104,2) size 114x23 [r=0 c=1 rs=1 cs=1]
                RenderTable at (0,0) size 114x23
                  RenderTableSection (anonymous) at (0,0) size 114x23
                    RenderTableRow (anonymous) at (0,2) size 114x19
                      RenderTableCell {TR} at (2,2) size 110x19 [r=0 c=0 rs=1 cs=1]
                        RenderInline {TD} at (0,0) size 55x20
                          RenderText {#text} at (1,1) size 53x18
                            text run at (1,1) width 53: "Footer 1"
                        RenderInline {TD} at (0,0) size 55x20
                          RenderText {#text} at (56,1) size 53x18
                            text run at (56,1) width 53: "Footer 2"
          RenderTableSection {TBODY} at (0,27) size 220x21
            RenderTableRow (anonymous) at (0,0) size 220x19
              RenderTableCell {TR} at (2,0) size 100x19 [r=0 c=0 rs=1 cs=1]
                RenderInline {TD} at (0,0) size 40x20
                  RenderText {#text} at (1,1) size 38x18
                    text run at (1,1) width 38: "Cell 1"
                RenderInline {TD} at (0,0) size 40x20
                  RenderText {#text} at (41,1) size 38x18
                    text run at (41,1) width 38: "Cell 2"
              RenderTableCell {TR} at (104,0) size 114x19 [r=0 c=1 rs=1 cs=1]
                RenderInline {TD} at (0,0) size 40x20
                  RenderText {#text} at (1,1) size 38x18
                    text run at (1,1) width 38: "Cell 3"
                RenderInline {TD} at (0,0) size 40x20
                  RenderText {#text} at (41,1) size 38x18
                    text run at (41,1) width 38: "Cell 4"
      RenderBlock {TABLE} at (10,162) size 764x102 [border: (1px solid #000000)]
        RenderBlock {THEAD} at (1,1) size 762x24
          RenderBlock {TR} at (0,0) size 762x24
            RenderTable at (0,0) size 102x24
              RenderTableSection (anonymous) at (0,0) size 102x24
                RenderTableRow (anonymous) at (0,2) size 102x20
                  RenderTableCell {TD} at (2,2) size 48x20 [r=0 c=0 rs=1 cs=1]
                    RenderText {#text} at (1,1) size 46x18
                      text run at (1,1) width 46: "Head 1"
                  RenderTableCell {TD} at (52,2) size 48x20 [r=0 c=1 rs=1 cs=1]
                    RenderText {#text} at (1,1) size 46x18
                      text run at (1,1) width 46: "Head 2"
        RenderBlock {TFOOT} at (1,25) size 762x24
          RenderBlock {TR} at (0,0) size 762x24
            RenderTable at (0,0) size 116x24
              RenderTableSection (anonymous) at (0,0) size 116x24
                RenderTableRow (anonymous) at (0,2) size 116x20
                  RenderTableCell {TD} at (2,2) size 55x20 [r=0 c=0 rs=1 cs=1]
                    RenderText {#text} at (1,1) size 53x18
                      text run at (1,1) width 53: "Footer 1"
                  RenderTableCell {TD} at (59,2) size 55x20 [r=0 c=1 rs=1 cs=1]
                    RenderText {#text} at (1,1) size 53x18
                      text run at (1,1) width 53: "Footer 2"
        RenderTable at (1,49) size 90x52
          RenderTableSection {TBODY} at (0,0) size 90x52
            RenderTableRow (anonymous) at (0,2) size 90x48
              RenderTableCell (anonymous) at (2,2) size 86x48 [r=0 c=0 rs=1 cs=1]
                RenderBlock {TR} at (0,0) size 86x24
                  RenderTable at (0,0) size 86x24
                    RenderTableSection (anonymous) at (0,0) size 86x24
                      RenderTableRow (anonymous) at (0,2) size 86x20
                        RenderTableCell {TD} at (2,2) size 40x20 [r=0 c=0 rs=1 cs=1]
                          RenderText {#text} at (1,1) size 38x18
                            text run at (1,1) width 38: "Cell 1"
                        RenderTableCell {TD} at (44,2) size 40x20 [r=0 c=1 rs=1 cs=1]
                          RenderText {#text} at (1,1) size 38x18
                            text run at (1,1) width 38: "Cell 2"
                RenderBlock {TR} at (0,24) size 86x24
                  RenderTable at (0,0) size 86x24
                    RenderTableSection (anonymous) at (0,0) size 86x24
                      RenderTableRow (anonymous) at (0,2) size 86x20
                        RenderTableCell {TD} at (2,2) size 40x20 [r=0 c=0 rs=1 cs=1]
                          RenderText {#text} at (1,1) size 38x18
                            text run at (1,1) width 38: "Cell 3"
                        RenderTableCell {TD} at (44,2) size 40x20 [r=0 c=1 rs=1 cs=1]
                          RenderText {#text} at (1,1) size 38x18
                            text run at (1,1) width 38: "Cell 4"
      RenderTable at (0,274) size 302x182
        RenderTableSection (anonymous) at (0,0) size 302x182
          RenderTableRow (anonymous) at (0,0) size 302x182
            RenderTableCell {P} at (0,0) size 302x182 [border: (1px solid #000000)] [r=0 c=0 rs=1 cs=1]
              RenderText {#text} at (1,1) size 299x180
                text run at (1,1) width 252: "Lorem ipsum dolor sit amet, consectetur"
                text run at (1,19) width 245: "adipisicing elit, sed do eiusmod tempor"
                text run at (1,37) width 293: "incididunt ut labore et dolore magna aliqua. Ut"
                text run at (1,55) width 229: "enim ad minim veniam, quis nostrud"
                text run at (1,73) width 299: "exercitation ullamco laboris nisi ut aliquip ex ea"
                text run at (1,91) width 284: "commodo consequat. Duis aute irure dolor in"
                text run at (1,109) width 265: "reprehenderit in voluptate velit esse cillum"
                text run at (1,127) width 284: "dolore eu fugiat nulla pariatur. Excepteur sint"
                text run at (1,145) width 287: "occaecat cupidatat non proident, sunt in culpa"
                text run at (1,163) width 293: "qui officia deserunt mollit anim id est laborum."
