layer at (0,0) size 800x600
  RenderView at (0,0) size 800x600
layer at (0,0) size 800x600
  RenderBlock {HTML} at (0,0) size 800x600
    RenderBody {BODY} at (8,8) size 784x584
      RenderTable {TABLE} at (0,0) size 784x54 [bgcolor=#3399CC]
        RenderTableSection {TBODY} at (0,0) size 784x54
          RenderTableRow {TR} at (0,0) size 784x27
            RenderTableCell {TD} at (0,0) size 784x27 [border: none (1px solid #FFFFFF) none] [r=0 c=0 rs=1 cs=1]
              RenderBlock {A} at (0,0) size 784x26 [color=#0000EE]
                RenderText {#text} at (4,4) size 153x18
                  text run at (4,4) width 153: "List of Transit Providers"
          RenderTableRow {TR} at (0,27) size 784x27
            RenderTableCell {TD} at (0,27) size 784x27 [border: none (1px solid #FFFFFF) none] [r=1 c=0 rs=1 cs=1]
              RenderBlock {A} at (0,0) size 784x26 [color=#0000EE]
                RenderText {#text} at (4,4) size 160x18
                  text run at (4,4) width 160: "Locate a Transit Provider"
