layer at (0,0) size 800x1265
  RenderView at (0,0) size 800x600
layer at (0,0) size 800x1265
  RenderBlock {HTML} at (0,0) size 800x1266
    RenderBody {BODY} at (8,17) size 784x1241 [color=#00FF00] [bgcolor=#333333]
      RenderBlock {H1} at (0,0) size 784x27
        RenderText {#text} at (0,0) size 515x27
          text run at (0,0) width 515: "CSS2 Table Backgrounds Test Suite"
      RenderBlock {H2} at (0,44) size 784x21
        RenderText {#text} at (0,0) size 316x20
          text run at (0,0) width 316: "Part B: Background Position"
      RenderBlock {H3} at (0,80) size 784x17
        RenderText {#text} at (0,0) size 283x16
          text run at (0,0) width 283: "Background on 'table-row-group'"
      RenderBlock {P} at (0,111) size 784x29
        RenderText {#text} at (0,0) size 781x28
          text run at (0,0) width 781: "There should be three aqua stripes along the top border edge of each cell in the first row and three"
          text run at (0,14) width 508: "stripes along the right border edge of the last cell in that row."
      RenderBlock {P} at (0,152) size 784x29
        RenderText {#text} at (0,0) size 734x28
          text run at (0,0) width 734: "There should be three aqua stripes along the bottom border edge of cells E, J, K, and L. There"
          text run at (0,14) width 570: "should also be three vertical aqua stripes along the left edge of cell E."
      RenderBlock {DL} at (0,193) size 784x85
        RenderBlock {DT} at (0,0) size 784x14
          RenderText {#text} at (0,0) size 32x14
            text run at (0,0) width 32: "next"
        RenderBlock {DD} at (40,14) size 744x14
          RenderInline {A} at (0,0) size 430x14 [color=#FFFF00]
            RenderText {#text} at (0,0) size 430x14
              text run at (0,0) width 430: "Background Position: Background on 'table-column-group'"
          RenderText {#text} at (0,0) size 0x0
        RenderBlock {DT} at (0,28) size 784x14
          RenderText {#text} at (0,0) size 63x14
            text run at (0,0) width 63: "previous"
        RenderBlock {DD} at (40,42) size 744x14
          RenderInline {A} at (0,0) size 328x14 [color=#FFFF00]
            RenderText {#text} at (0,0) size 328x14
              text run at (0,0) width 328: "Background Position: Background on 'table'"
          RenderText {#text} at (0,0) size 0x0
        RenderBlock {DT} at (0,56) size 784x14
          RenderText {#text} at (0,0) size 63x14
            text run at (0,0) width 63: "contents"
        RenderBlock {DD} at (40,70) size 744x14
          RenderInline {A} at (0,0) size 133x14 [color=#FFFF00]
            RenderText {#text} at (0,0) size 133x14
              text run at (0,0) width 133: "Table of Contents"
          RenderText {#text} at (0,0) size 0x0
      RenderTable {TABLE} at (0,290) size 618x468 [color=#FFFFFF] [border: (1px dotted #FFFFFF)]
        RenderBlock {CAPTION} at (0,0) size 618x23
          RenderText {#text} at (163,0) size 292x23
            text run at (163,0) width 292: "With 'border-collapse: separate'"
        RenderTableCol {COLGROUP} at (0,0) size 0x0
          RenderTableCol {COL} at (0,0) size 0x0
          RenderTableCol {COL} at (0,0) size 0x0
          RenderTableCol {COL} at (0,0) size 0x0
        RenderTableCol {COLGROUP} at (0,0) size 0x0
          RenderTableCol {COL} at (0,0) size 0x0
        RenderTableSection {THEAD} at (1,24) size 616x114 [bgcolor=#000000]
          RenderTableRow {TR} at (0,7) size 616x100
            RenderTableCell {TH} at (7,43) size 130x28 [border: (1px dotted #FFFFFF)] [r=0 c=0 rs=1 cs=1]
              RenderText {#text} at (42,1) size 46x25
                text run at (42,2) width 46: "TH A"
            RenderTableCell {TH} at (144,31) size 220x52 [border: (13px dotted #FFFFFF)] [r=0 c=1 rs=1 cs=1]
              RenderText {#text} at (87,13) size 46x25
                text run at (87,14) width 46: "TH B"
            RenderTableCell {TH} at (371,43) size 118x28 [border: (1px dotted #FFFFFF)] [r=0 c=2 rs=1 cs=1]
              RenderText {#text} at (36,1) size 46x25
                text run at (36,2) width 46: "TH C"
            RenderTableCell {TH} at (496,43) size 113x28 [border: (1px dotted #FFFFFF)] [r=0 c=3 rs=1 cs=1]
              RenderText {#text} at (34,1) size 45x25
                text run at (34,2) width 45: "TH D"
        RenderTableSection {TFOOT} at (1,344) size 616x122
          RenderTableRow {TR} at (0,0) size 616x115
            RenderTableCell {TD} at (7,44) size 357x27 [border: (1px dotted #FFFFFF)] [r=0 c=0 rs=1 cs=2]
              RenderText {#text} at (2,2) size 47x23
                text run at (2,2) width 47: "TD M"
            RenderTableCell {TD} at (371,44) size 118x27 [border: (1px dotted #FFFFFF)] [r=0 c=2 rs=1 cs=1]
              RenderText {#text} at (2,2) size 46x23
                text run at (2,2) width 46: "TD O"
            RenderTableCell {TD} at (496,44) size 113x27 [border: (1px dotted #FFFFFF)] [r=0 c=3 rs=1 cs=1]
              RenderText {#text} at (2,2) size 44x23
                text run at (2,2) width 44: "TD P"
        RenderTableSection {TBODY} at (1,138) size 616x206 [bgcolor=#000000]
          RenderTableRow {TR} at (0,0) size 616x108
            RenderTableCell {TD} at (7,74) size 130x51 [border: (13px dotted #FFFFFF)] [r=0 c=0 rs=2 cs=1]
              RenderText {#text} at (14,14) size 44x23
                text run at (14,14) width 44: "TD E"
            RenderTableCell {TD} at (144,40) size 220x28 [border: (1px dotted #FFFFFF)] [r=0 c=1 rs=1 cs=1]
              RenderText {#text} at (2,1) size 43x25
                text run at (2,2) width 43: "TD F"
            RenderTableCell {TD} at (371,40) size 118x28 [border: (1px dotted #FFFFFF)] [r=0 c=2 rs=1 cs=1]
              RenderText {#text} at (2,1) size 46x25
                text run at (2,2) width 46: "TD G"
            RenderTableCell {TD} at (496,40) size 113x28 [border: (1px dotted #FFFFFF)] [r=0 c=3 rs=1 cs=1]
              RenderText {#text} at (2,1) size 45x25
                text run at (2,2) width 45: "TD H"
          RenderTableRow {TR} at (0,115) size 616x84
            RenderTableCell {TD} at (144,143) size 220x28 [border: (1px dotted #FFFFFF)] [r=1 c=1 rs=1 cs=1]
              RenderText {#text} at (2,1) size 42x25
                text run at (2,2) width 42: "TD J"
            RenderTableCell {TD} at (371,143) size 118x28 [border: (1px dotted #FFFFFF)] [r=1 c=2 rs=1 cs=1]
              RenderText {#text} at (2,1) size 45x25
                text run at (2,2) width 45: "TD K"
            RenderTableCell {TD} at (496,143) size 113x28 [border: (1px dotted #FFFFFF)] [r=1 c=3 rs=1 cs=1]
              RenderText {#text} at (2,1) size 43x25
                text run at (2,2) width 43: "TD L"
      RenderTable {TABLE} at (0,757) size 578x434 [color=#FFFFFF] [border: (6.50px dotted #FFFFFF)]
        RenderBlock {CAPTION} at (0,0) size 578x23
          RenderText {#text} at (144,0) size 290x23
            text run at (144,0) width 290: "With 'border-collapse: collapse'"
        RenderTableCol {COLGROUP} at (0,0) size 0x0
          RenderTableCol {COL} at (0,0) size 0x0
          RenderTableCol {COL} at (0,0) size 0x0
          RenderTableCol {COL} at (0,0) size 0x0
        RenderTableCol {COLGROUP} at (0,0) size 0x0
          RenderTableCol {COL} at (0,0) size 0x0
        RenderTableSection {THEAD} at (0,29) size 578x100 [bgcolor=#000000]
          RenderTableRow {TR} at (0,0) size 577x99
            RenderTableCell {TH} at (0,33) size 135x33 [border: (0.50px dotted #FFFFFF)] [r=0 c=0 rs=1 cs=1]
              RenderText {#text} at (42,1) size 45x24
                text run at (42,2) width 45: "TH A"
            RenderTableCell {TH} at (135,30) size 207x39 [border: (6.50px dotted #FFFFFF)] [r=0 c=1 rs=1 cs=1]
              RenderText {#text} at (81,7) size 45x24
                text run at (81,8) width 45: "TH B"
            RenderTableCell {TH} at (342,36) size 123x27 [border: (0.50px dotted #FFFFFF)] [r=0 c=2 rs=1 cs=1]
              RenderText {#text} at (42,1) size 45x24
                text run at (42,2) width 45: "TH C"
            RenderTableCell {TH} at (465,36) size 112x27 [border: (0.50px dotted #FFFFFF)] [r=0 c=3 rs=1 cs=1]
              RenderText {#text} at (33,1) size 46x24
                text run at (33,2) width 46: "TH D"
        RenderTableSection {TFOOT} at (0,318) size 578x115
          RenderTableRow {TR} at (0,0) size 577x114
            RenderTableCell {TD} at (0,41) size 342x32 [border: (6.50px dotted #FFFFFF)] [r=0 c=0 rs=1 cs=2]
              RenderText {#text} at (1,7) size 48x24
                text run at (1,7) width 48: "TD M"
            RenderTableCell {TD} at (342,44) size 123x26 [border: (0.50px dotted #FFFFFF)] [r=0 c=2 rs=1 cs=1]
              RenderText {#text} at (1,1) size 47x24
                text run at (1,1) width 47: "TD O"
            RenderTableCell {TD} at (465,44) size 112x26 [border: (0.50px dotted #FFFFFF)] [r=0 c=3 rs=1 cs=1]
              RenderText {#text} at (1,1) size 45x24
                text run at (1,1) width 45: "TD P"
        RenderTableSection {TBODY} at (0,128) size 578x191 [bgcolor=#000000]
          RenderTableRow {TR} at (0,0) size 577x107
            RenderTableCell {TD} at (0,76) size 135x38 [border: (6.50px dotted #FFFFFF)] [r=0 c=0 rs=2 cs=1]
              RenderText {#text} at (7,7) size 45x24
                text run at (7,7) width 45: "TD E"
            RenderTableCell {TD} at (135,37) size 207x33 [border: (6.50px dotted #FFFFFF)] [r=0 c=1 rs=1 cs=1]
              RenderText {#text} at (7,7) size 44x24
                text run at (7,8) width 44: "TD F"
            RenderTableCell {TD} at (342,40) size 123x27 [border: (0.50px dotted #FFFFFF)] [r=0 c=2 rs=1 cs=1]
              RenderText {#text} at (1,1) size 47x24
                text run at (1,2) width 47: "TD G"
            RenderTableCell {TD} at (465,40) size 112x27 [border: (0.50px dotted #FFFFFF)] [r=0 c=3 rs=1 cs=1]
              RenderText {#text} at (1,1) size 46x24
                text run at (1,2) width 46: "TD H"
          RenderTableRow {TR} at (0,107) size 577x83
            RenderTableCell {TD} at (135,135) size 207x27 [border: (0.50px dotted #FFFFFF)] [r=1 c=1 rs=1 cs=1]
              RenderText {#text} at (7,1) size 43x24
                text run at (7,2) width 43: "TD J"
            RenderTableCell {TD} at (342,135) size 123x27 [border: (0.50px dotted #FFFFFF)] [r=1 c=2 rs=1 cs=1]
              RenderText {#text} at (1,1) size 46x24
                text run at (1,2) width 46: "TD K"
            RenderTableCell {TD} at (465,135) size 112x27 [border: (0.50px dotted #FFFFFF)] [r=1 c=3 rs=1 cs=1]
              RenderText {#text} at (1,1) size 44x24
                text run at (1,2) width 44: "TD L"
      RenderBlock {DIV} at (0,1190) size 784x36
        RenderInline {A} at (0,0) size 88x14 [color=#FFFF00]
          RenderImage {IMG} at (0,0) size 88x31
        RenderText {#text} at (0,0) size 0x0
      RenderBlock {ADDRESS} at (0,1225) size 784x15
        RenderText {#text} at (0,0) size 687x14
          text run at (0,0) width 687: "CSS2 Table Backgrounds Test Suite designed and written by fantasai <fantasai@escape.com>"
