layer at (0,0) size 800x1397
  RenderView at (0,0) size 800x600
layer at (0,0) size 800x1397
  RenderBlock {HTML} at (0,0) size 800x1398
    RenderBody {BODY} at (8,17) size 784x1373 [color=#00FF00] [bgcolor=#333333]
      RenderBlock {H1} at (0,0) size 784x27
        RenderText {#text} at (0,0) size 515x27
          text run at (0,0) width 515: "CSS2 Table Backgrounds Test Suite"
      RenderBlock {H2} at (0,44) size 784x21
        RenderText {#text} at (0,0) size 363x20
          text run at (0,0) width 363: "Part D: Background with Borders"
      RenderBlock {H3} at (0,80) size 784x17
        RenderText {#text} at (0,0) size 229x16
          text run at (0,0) width 229: "Background on 'table-row'"
      RenderBlock {P} at (0,111) size 784x15
        RenderText {#text} at (0,0) size 172x14
          text run at (0,0) width 172: "Three rows are styled."
      RenderBlock {P} at (0,138) size 784x43
        RenderText {#text} at (0,0) size 781x42
          text run at (0,0) width 765: "The first row should have three aqua stripes just inside the bottom and right padding edges of its"
          text run at (0,14) width 757: "last cell. The bottom three stripes should continue across the row, appearing along the bottom of"
          text run at (0,28) width 781: "cells A, B, and C. (The bottom aqua stripe will be obscured by the thicker bottom border in cell B.)"
      RenderBlock {P} at (0,193) size 784x43
        RenderText {#text} at (0,0) size 781x42
          text run at (0,0) width 781: "The second row should have three vertical aqua stripes a few pixels to the right of the left padding"
          text run at (0,14) width 742: "edge. Three horizontal aqua stripes should cut across the first cell and align along the bottom"
          text run at (0,28) width 172: "border edge of cell G."
      RenderBlock {P} at (0,248) size 784x29
        RenderText {#text} at (0,0) size 734x28
          text run at (0,0) width 734: "The third row should have three horizontal aqua stripes along the top of the last three cells,"
          text run at (0,14) width 656: "aligning along cell K's top padding edge. The stripes will not continue into cell E."
      RenderBlock {DL} at (0,289) size 784x85
        RenderBlock {DT} at (0,0) size 784x14
          RenderText {#text} at (0,0) size 32x14
            text run at (0,0) width 32: "next"
        RenderBlock {DD} at (40,14) size 744x14
          RenderInline {A} at (0,0) size 414x14 [color=#FFFF00]
            RenderText {#text} at (0,0) size 414x14
              text run at (0,0) width 414: "Background with Borders: Background on 'table-column'"
          RenderText {#text} at (0,0) size 0x0
        RenderBlock {DT} at (0,28) size 784x14
          RenderText {#text} at (0,0) size 63x14
            text run at (0,0) width 63: "previous"
        RenderBlock {DD} at (40,42) size 744x14
          RenderInline {A} at (0,0) size 461x14 [color=#FFFF00]
            RenderText {#text} at (0,0) size 461x14
              text run at (0,0) width 461: "Background with Borders: Background on 'table-column-group'"
          RenderText {#text} at (0,0) size 0x0
        RenderBlock {DT} at (0,56) size 784x14
          RenderText {#text} at (0,0) size 63x14
            text run at (0,0) width 63: "contents"
        RenderBlock {DD} at (40,70) size 744x14
          RenderInline {A} at (0,0) size 133x14 [color=#FFFF00]
            RenderText {#text} at (0,0) size 133x14
              text run at (0,0) width 133: "Table of Contents"
          RenderText {#text} at (0,0) size 0x0
      RenderTable {TABLE} at (0,386) size 630x480 [color=#FFFFFF] [border: (3px dotted #FFFFFF)]
        RenderBlock {CAPTION} at (0,0) size 630x23
          RenderText {#text} at (169,0) size 292x23
            text run at (169,0) width 292: "With 'border-collapse: separate'"
        RenderTableCol {COLGROUP} at (0,0) size 0x0
          RenderTableCol {COL} at (0,0) size 0x0
          RenderTableCol {COL} at (0,0) size 0x0
          RenderTableCol {COL} at (0,0) size 0x0
        RenderTableCol {COLGROUP} at (0,0) size 0x0
          RenderTableCol {COL} at (0,0) size 0x0
        RenderTableSection {THEAD} at (3,26) size 624x122
          RenderTableRow {TR} at (0,7) size 624x108 [bgcolor=#000000] [border: (5px dashed #FFFFFF)]
            RenderTableCell {TH} at (7,47) size 130x28 [border: (1px dotted #FFFFFF)] [r=0 c=0 rs=1 cs=1]
              RenderText {#text} at (42,42) size 46x24
                text run at (42,2) width 46: "TH A"
            RenderTableCell {TH} at (144,35) size 220x52 [border: (13px dotted #FFFFFF)] [r=0 c=1 rs=1 cs=1]
              RenderText {#text} at (87,42) size 46x24
                text run at (87,14) width 46: "TH B"
            RenderTableCell {TH} at (371,47) size 118x28 [border: (1px dotted #FFFFFF)] [r=0 c=2 rs=1 cs=1]
              RenderText {#text} at (36,42) size 46x24
                text run at (36,2) width 46: "TH C"
            RenderTableCell {TH} at (496,43) size 121x36 [border: (5px dashed #FFFFFF)] [r=0 c=3 rs=1 cs=1]
              RenderText {#text} at (38,42) size 45x24
                text run at (38,6) width 45: "TH D"
        RenderTableSection {TFOOT} at (3,354) size 624x122
          RenderTableRow {TR} at (0,0) size 624x115
            RenderTableCell {TD} at (7,44) size 357x27 [border: (1px dotted #FFFFFF)] [r=0 c=0 rs=1 cs=2]
              RenderText {#text} at (2,46) size 47x23
                text run at (2,2) width 47: "TD M"
            RenderTableCell {TD} at (371,44) size 118x27 [border: (1px dotted #FFFFFF)] [r=0 c=2 rs=1 cs=1]
              RenderText {#text} at (2,46) size 46x23
                text run at (2,2) width 46: "TD O"
            RenderTableCell {TD} at (496,44) size 121x27 [border: (1px dotted #FFFFFF)] [r=0 c=3 rs=1 cs=1]
              RenderText {#text} at (2,46) size 44x23
                text run at (2,2) width 44: "TD P"
        RenderTableSection {TBODY} at (3,148) size 624x206
          RenderTableRow {TR} at (0,0) size 624x108 [bgcolor=#000000] [border: (9px dashed #FFFFFF)]
            RenderTableCell {TD} at (7,74) size 130x51 [border: (13px dotted #FFFFFF)] [r=0 c=0 rs=2 cs=1]
              RenderText {#text} at (14,88) size 44x23
                text run at (14,14) width 44: "TD E"
            RenderTableCell {TD} at (144,40) size 220x28 [border: (1px dotted #FFFFFF)] [r=0 c=1 rs=1 cs=1]
              RenderText {#text} at (2,42) size 43x24
                text run at (2,2) width 43: "TD F"
            RenderTableCell {TD} at (371,32) size 118x44 [border: (9px dashed #FFFFFF)] [r=0 c=2 rs=1 cs=1]
              RenderText {#text} at (10,42) size 46x24
                text run at (10,10) width 46: "TD G"
            RenderTableCell {TD} at (496,40) size 121x28 [border: (1px dotted #FFFFFF)] [r=0 c=3 rs=1 cs=1]
              RenderText {#text} at (2,42) size 45x24
                text run at (2,2) width 45: "TD H"
          RenderTableRow {TR} at (0,115) size 624x84 [bgcolor=#000000] [border: (5px dashed #FFFFFF)]
            RenderTableCell {TD} at (144,143) size 220x28 [border: (1px dotted #FFFFFF)] [r=1 c=1 rs=1 cs=1]
              RenderText {#text} at (2,30) size 42x24
                text run at (2,2) width 42: "TD J"
            RenderTableCell {TD} at (371,139) size 118x36 [border: (5px dashed #FFFFFF)] [r=1 c=2 rs=1 cs=1]
              RenderText {#text} at (6,30) size 45x24
                text run at (6,6) width 45: "TD K"
            RenderTableCell {TD} at (496,143) size 121x28 [border: (1px dotted #FFFFFF)] [r=1 c=3 rs=1 cs=1]
              RenderText {#text} at (2,30) size 43x24
                text run at (2,2) width 43: "TD L"
      RenderTable {TABLE} at (0,865) size 590x458 [color=#FFFFFF] [border: (6.50px dotted #FFFFFF)]
        RenderBlock {CAPTION} at (0,0) size 590x23
          RenderText {#text} at (150,0) size 290x23
            text run at (150,0) width 290: "With 'border-collapse: collapse'"
        RenderTableCol {COLGROUP} at (0,0) size 0x0
          RenderTableCol {COL} at (0,0) size 0x0
          RenderTableCol {COL} at (0,0) size 0x0
          RenderTableCol {COL} at (0,0) size 0x0
        RenderTableCol {COLGROUP} at (0,0) size 0x0
          RenderTableCol {COL} at (0,0) size 0x0
        RenderTableSection {THEAD} at (2,29) size 586x106
          RenderTableRow {TR} at (0,0) size 585x105 [bgcolor=#000000] [border: (5px dashed #FFFFFF)]
            RenderTableCell {TH} at (0,35) size 137x35 [border: (2.50px dotted #FFFFFF)] [r=0 c=0 rs=1 cs=1]
              RenderText {#text} at (44,39) size 45x23
                text run at (44,4) width 45: "TH A"
            RenderTableCell {TH} at (137,33) size 207x39 [border: (6.50px dotted #FFFFFF)] [r=0 c=1 rs=1 cs=1]
              RenderText {#text} at (81,41) size 45x23
                text run at (81,8) width 45: "TH B"
            RenderTableCell {TH} at (344,36) size 125x33 [border: (2.50px dotted #FFFFFF)] [r=0 c=2 rs=1 cs=1]
              RenderText {#text} at (42,40) size 45x23
                text run at (42,4) width 45: "TH C"
            RenderTableCell {TH} at (469,36) size 116x33 [border: (2.50px dashed #FFFFFF)] [r=0 c=3 rs=1 cs=1]
              RenderText {#text} at (35,40) size 46x23
                text run at (35,4) width 46: "TH D"
        RenderTableSection {TFOOT} at (2,338) size 586x118
          RenderTableRow {TR} at (0,0) size 585x117
            RenderTableCell {TD} at (0,42) size 344x33 [border: (6.50px dotted #FFFFFF)] [r=0 c=0 rs=1 cs=2]
              RenderText {#text} at (2,49) size 48x24
                text run at (2,7) width 48: "TD M"
            RenderTableCell {TD} at (344,44) size 125x29 [border: (2.50px dotted #FFFFFF)] [r=0 c=2 rs=1 cs=1]
              RenderText {#text} at (1,47) size 47x24
                text run at (1,3) width 47: "TD O"
            RenderTableCell {TD} at (469,44) size 116x29 [border: (2.50px dotted #FFFFFF)] [r=0 c=3 rs=1 cs=1]
              RenderText {#text} at (1,47) size 45x24
                text run at (1,3) width 45: "TD P"
        RenderTableSection {TBODY} at (2,134) size 586x205
          RenderTableRow {TR} at (0,0) size 585x115 [bgcolor=#000000] [border: (9px dashed #FFFFFF)]
            RenderTableCell {TD} at (0,83) size 137x38 [border: (6.50px dotted #FFFFFF)] [r=0 c=0 rs=2 cs=1]
              RenderText {#text} at (7,90) size 45x24
                text run at (7,7) width 45: "TD E"
            RenderTableCell {TD} at (137,39) size 207x37 [border: (6.50px dotted #FFFFFF)] [r=0 c=1 rs=1 cs=1]
              RenderText {#text} at (7,47) size 44x23
                text run at (7,8) width 44: "TD F"
            RenderTableCell {TD} at (344,40) size 125x35 [border: (4.50px dashed #FFFFFF)] [r=0 c=2 rs=1 cs=1]
              RenderText {#text} at (5,46) size 47x23
                text run at (5,6) width 47: "TD G"
            RenderTableCell {TD} at (469,40) size 116x35 [border: (4.50px dotted #FFFFFF)] [r=0 c=3 rs=1 cs=1]
              RenderText {#text} at (5,46) size 46x23
                text run at (5,6) width 46: "TD H"
          RenderTableRow {TR} at (0,115) size 585x89 [bgcolor=#000000] [border: (5px dashed #FFFFFF)]
            RenderTableCell {TD} at (137,143) size 207x33 [border: (4.50px dotted #FFFFFF)] [r=1 c=1 rs=1 cs=1]
              RenderText {#text} at (7,34) size 43x23
                text run at (7,6) width 43: "TD J"
            RenderTableCell {TD} at (344,143) size 125x33 [border: (4.50px dashed #FFFFFF)] [r=1 c=2 rs=1 cs=1]
              RenderText {#text} at (3,34) size 46x23
                text run at (3,6) width 46: "TD K"
            RenderTableCell {TD} at (469,143) size 116x33 [border: (4.50px dotted #FFFFFF)] [r=1 c=3 rs=1 cs=1]
              RenderText {#text} at (3,34) size 44x23
                text run at (3,6) width 44: "TD L"
      RenderBlock {DIV} at (0,1322) size 784x36
        RenderInline {A} at (0,21) size 88x14 [color=#FFFF00]
          RenderImage {IMG} at (0,0) size 88x31
        RenderText {#text} at (0,0) size 0x0
      RenderBlock {ADDRESS} at (0,1357) size 784x15
        RenderText {#text} at (0,0) size 687x14
          text run at (0,0) width 687: "CSS2 Table Backgrounds Test Suite designed and written by fantasai <fantasai@escape.com>"
