layer at (0,0) size 800x1692
  RenderView at (0,0) size 800x600
layer at (0,0) size 800x1692
  RenderBlock {HTML} at (0,0) size 800x1693
    RenderBody {BODY} at (8,17) size 784x1668 [color=#00FF00] [bgcolor=#333333]
      RenderBlock {H1} at (0,0) size 784x27
        RenderText {#text} at (0,0) size 515x27
          text run at (0,0) width 515: "CSS2 Table Backgrounds Test Suite"
      RenderBlock {H2} at (0,44) size 784x21
        RenderText {#text} at (0,0) size 293x20
          text run at (0,0) width 293: "Part C: Background Layers"
      RenderBlock {H3} at (0,80) size 784x17
        RenderText {#text} at (0,0) size 156x16
          text run at (0,0) width 156: "empty-cells: show"
      RenderBlock {P} at (0,111) size 784x15
        RenderText {#text} at (0,0) size 328x14
          text run at (0,0) width 328: "Both tables should have a blue background."
      RenderBlock {P} at (0,138) size 784x15
        RenderText {#text} at (0,0) size 484x14
          text run at (0,0) width 484: "In table cell C (third cell in the first row), which is empty:"
      RenderBlock {UL} at (0,165) size 784x113
        RenderListItem {LI} at (40,0) size 744x28
          RenderListMarker at (-14,0) size 5x14: bullet
          RenderText {#text} at (0,0) size 742x28
            text run at (0,0) width 742: "Four sets of horizontal double violet stripes surrounded by aqua should run just inside the top"
            text run at (0,14) width 94: "border edge."
        RenderListItem {LI} at (40,28) size 744x28
          RenderListMarker at (-14,0) size 5x14: bullet
          RenderText {#text} at (0,0) size 742x28
            text run at (0,0) width 742: "One set of aqua-backed double violet stripes should run just inside the left, right, and bottom"
            text run at (0,14) width 102: "border edges."
        RenderListItem {LI} at (40,56) size 744x28
          RenderListMarker at (-14,0) size 5x14: bullet
          RenderText {#text} at (0,0) size 726x28
            text run at (0,0) width 726: "The third set along the top should turn down at the right edge and go under the fourth set to"
            text run at (0,14) width 188: "form the right-edge set."
        RenderListItem {LI} at (40,84) size 744x14
          RenderListMarker at (-14,0) size 5x14: bullet
          RenderText {#text} at (0,0) size 547x14
            text run at (0,0) width 547: "The fourth set should turn down at the left edge to form the left set."
        RenderListItem {LI} at (40,98) size 744x14
          RenderListMarker at (-14,0) size 5x14: bullet
          RenderText {#text} at (0,0) size 406x14
            text run at (0,0) width 406: "The bottom stripe should be straight and cut across "
          RenderInline {EM} at (0,0) size 32x14
            RenderText {#text} at (405,0) size 32x14
              text run at (405,0) width 32: "over"
          RenderText {#text} at (436,0) size 118x14
            text run at (436,0) width 118: " the side sets."
      RenderBlock {P} at (0,290) size 784x15
        RenderText {#text} at (0,0) size 367x14
          text run at (0,0) width 367: "In table cell A, (first cell in the first row):"
      RenderBlock {UL} at (0,317) size 784x71
        RenderListItem {LI} at (40,0) size 744x28
          RenderListMarker at (-14,0) size 5x14: bullet
          RenderText {#text} at (0,0) size 695x28
            text run at (0,0) width 695: "Three sets of horizontal aqua-backed double violet stripes should run just inside the top"
            text run at (0,14) width 94: "border edge."
        RenderListItem {LI} at (40,28) size 744x14
          RenderListMarker at (-14,0) size 5x14: bullet
          RenderText {#text} at (0,0) size 250x14
            text run at (0,0) width 250: "The first set should run across."
        RenderListItem {LI} at (40,42) size 744x28
          RenderListMarker at (-14,0) size 5x14: bullet
          RenderText {#text} at (0,0) size 734x28
            text run at (0,0) width 734: "The second set should turn down at the left edge, going over the third set to form another set"
            text run at (0,14) width 336: "that runs just inside the left border edge."
      RenderBlock {P} at (0,400) size 784x15
        RenderText {#text} at (0,0) size 359x14
          text run at (0,0) width 359: "In table cell D, (last cell in the first row):"
      RenderBlock {UL} at (0,427) size 784x57
        RenderListItem {LI} at (40,0) size 744x28
          RenderListMarker at (-14,0) size 5x14: bullet
          RenderText {#text} at (0,0) size 726x28
            text run at (0,0) width 726: "Two sets of horizontal aqua-backed double violet strips should run just inside the top border"
            text run at (0,14) width 40: "edge."
        RenderListItem {LI} at (40,28) size 744x28
          RenderListMarker at (-14,0) size 5x14: bullet
          RenderText {#text} at (0,0) size 734x28
            text run at (0,0) width 734: "The first set should turn down at the right edge, going under the second horizontal set to run"
            text run at (0,14) width 352: "vertically just inside the right border edge."
      RenderBlock {P} at (0,496) size 784x15
        RenderText {#text} at (0,0) size 375x14
          text run at (0,0) width 375: "In table cell G, (third cell in the second row):"
      RenderBlock {UL} at (0,523) size 784x85
        RenderListItem {LI} at (40,0) size 744x28
          RenderListMarker at (-14,0) size 5x14: bullet
          RenderText {#text} at (0,0) size 734x28
            text run at (0,0) width 734: "Two sets of horizontal aqua-backed double violet stripes should run just inside the top border"
            text run at (0,14) width 40: "edge."
        RenderListItem {LI} at (40,28) size 744x28
          RenderListMarker at (-14,0) size 5x14: bullet
          RenderText {#text} at (0,0) size 718x28
            text run at (0,0) width 718: "A set of vertical stripes should run down just inside the left border edge, going under both"
            text run at (0,14) width 149: "horizontal stripes."
        RenderListItem {LI} at (40,56) size 744x28
          RenderListMarker at (-14,0) size 5x14: bullet
          RenderText {#text} at (0,0) size 726x28
            text run at (0,0) width 726: "Another set of vertical stripes should run down just inside the right border edge, also going"
            text run at (0,14) width 235: "under both horizontal stripes."
      RenderBlock {DL} at (0,620) size 784x85
        RenderBlock {DT} at (0,0) size 784x14
          RenderText {#text} at (0,0) size 32x14
            text run at (0,0) width 32: "next"
        RenderBlock {DD} at (40,14) size 744x14
          RenderInline {A} at (0,0) size 281x14 [color=#FFFF00]
            RenderText {#text} at (0,0) size 281x14
              text run at (0,0) width 281: "Background Layers: empty-cells: show"
          RenderText {#text} at (0,0) size 0x0
        RenderBlock {DT} at (0,28) size 784x14
          RenderText {#text} at (0,0) size 63x14
            text run at (0,0) width 63: "previous"
        RenderBlock {DD} at (40,42) size 744x14
          RenderInline {A} at (0,0) size 367x14 [color=#FFFF00]
            RenderText {#text} at (0,0) size 367x14
              text run at (0,0) width 367: "Background Position: Background on 'table-cell'"
          RenderText {#text} at (0,0) size 0x0
        RenderBlock {DT} at (0,56) size 784x14
          RenderText {#text} at (0,0) size 63x14
            text run at (0,0) width 63: "contents"
        RenderBlock {DD} at (40,70) size 744x14
          RenderInline {A} at (0,0) size 133x14 [color=#FFFF00]
            RenderText {#text} at (0,0) size 133x14
              text run at (0,0) width 133: "Table of Contents"
          RenderText {#text} at (0,0) size 0x0
      RenderTable {TABLE} at (0,717) size 618x468 [color=#FFFFFF] [bgcolor=#0000FF] [border: (1px dotted #FFFFFF)]
        RenderBlock {CAPTION} at (0,0) size 618x23
          RenderText {#text} at (163,0) size 292x23
            text run at (163,0) width 292: "With 'border-collapse: separate'"
        RenderTableCol {COLGROUP} at (0,0) size 0x0
          RenderTableCol {COL} at (0,0) size 0x0
          RenderTableCol {COL} at (0,0) size 0x0
          RenderTableCol {COL} at (0,0) size 0x0
        RenderTableCol {COLGROUP} at (0,0) size 0x0
          RenderTableCol {COL} at (0,0) size 0x0
        RenderTableSection {THEAD} at (1,24) size 616x114
          RenderTableRow {TR} at (0,7) size 616x100
            RenderTableCell {TH} at (7,43) size 130x28 [border: (1px dotted #FFFFFF)] [r=0 c=0 rs=1 cs=1]
              RenderText {#text} at (42,1) size 46x25
                text run at (42,2) width 46: "TH A"
            RenderTableCell {TH} at (144,31) size 220x52 [border: (13px dotted #FFFFFF)] [r=0 c=1 rs=1 cs=1]
              RenderText {#text} at (87,13) size 46x25
                text run at (87,14) width 46: "TH B"
            RenderTableCell {TH} at (371,55) size 118x4 [border: (1px dotted #FFFFFF)] [r=0 c=2 rs=1 cs=1]
            RenderTableCell {TH} at (496,43) size 113x28 [border: (1px dotted #FFFFFF)] [r=0 c=3 rs=1 cs=1]
              RenderText {#text} at (34,1) size 45x25
                text run at (34,2) width 45: "TH D"
        RenderTableSection {TFOOT} at (1,344) size 616x122
          RenderTableRow {TR} at (0,0) size 616x115
            RenderTableCell {TD} at (7,44) size 357x27 [border: (1px dotted #FFFFFF)] [r=0 c=0 rs=1 cs=2]
              RenderText {#text} at (2,2) size 47x23
                text run at (2,2) width 47: "TD M"
            RenderTableCell {TD} at (371,44) size 118x27 [border: (1px dotted #FFFFFF)] [r=0 c=2 rs=1 cs=1]
              RenderText {#text} at (2,2) size 46x23
                text run at (2,2) width 46: "TD O"
            RenderTableCell {TD} at (496,44) size 113x27 [border: (1px dotted #FFFFFF)] [r=0 c=3 rs=1 cs=1]
              RenderText {#text} at (2,2) size 44x23
                text run at (2,2) width 44: "TD P"
        RenderTableSection {TBODY} at (1,138) size 616x206
          RenderTableRow {TR} at (0,0) size 616x108
            RenderTableCell {TD} at (7,74) size 130x51 [border: (13px dotted #FFFFFF)] [r=0 c=0 rs=2 cs=1]
              RenderText {#text} at (14,14) size 44x23
                text run at (14,14) width 44: "TD E"
            RenderTableCell {TD} at (144,40) size 220x28 [border: (1px dotted #FFFFFF)] [r=0 c=1 rs=1 cs=1]
              RenderText {#text} at (2,1) size 43x25
                text run at (2,2) width 43: "TD F"
            RenderTableCell {TD} at (371,40) size 118x28 [border: (1px dotted #FFFFFF)] [r=0 c=2 rs=1 cs=1]
              RenderText {#text} at (2,1) size 46x25
                text run at (2,2) width 46: "TD G"
            RenderTableCell {TD} at (496,40) size 113x28 [border: (1px dotted #FFFFFF)] [r=0 c=3 rs=1 cs=1]
              RenderText {#text} at (2,1) size 45x25
                text run at (2,2) width 45: "TD H"
          RenderTableRow {TR} at (0,115) size 616x84
            RenderTableCell {TD} at (144,143) size 220x28 [border: (1px dotted #FFFFFF)] [r=1 c=1 rs=1 cs=1]
              RenderText {#text} at (2,1) size 42x25
                text run at (2,2) width 42: "TD J"
            RenderTableCell {TD} at (371,143) size 118x28 [border: (1px dotted #FFFFFF)] [r=1 c=2 rs=1 cs=1]
              RenderText {#text} at (2,1) size 45x25
                text run at (2,2) width 45: "TD K"
            RenderTableCell {TD} at (496,143) size 113x28 [border: (1px dotted #FFFFFF)] [r=1 c=3 rs=1 cs=1]
              RenderText {#text} at (2,1) size 43x25
                text run at (2,2) width 43: "TD L"
      RenderTable {TABLE} at (0,1184) size 578x434 [color=#FFFFFF] [bgcolor=#0000FF] [border: (6.50px dotted #FFFFFF)]
        RenderBlock {CAPTION} at (0,0) size 578x23
          RenderText {#text} at (144,0) size 290x23
            text run at (144,0) width 290: "With 'border-collapse: collapse'"
        RenderTableCol {COLGROUP} at (0,0) size 0x0
          RenderTableCol {COL} at (0,0) size 0x0
          RenderTableCol {COL} at (0,0) size 0x0
          RenderTableCol {COL} at (0,0) size 0x0
        RenderTableCol {COLGROUP} at (0,0) size 0x0
          RenderTableCol {COL} at (0,0) size 0x0
        RenderTableSection {THEAD} at (0,29) size 578x100
          RenderTableRow {TR} at (0,0) size 577x99
            RenderTableCell {TH} at (0,33) size 135x33 [border: (0.50px dotted #FFFFFF)] [r=0 c=0 rs=1 cs=1]
              RenderText {#text} at (42,1) size 45x24
                text run at (42,2) width 45: "TH A"
            RenderTableCell {TH} at (135,30) size 207x39 [border: (6.50px dotted #FFFFFF)] [r=0 c=1 rs=1 cs=1]
              RenderText {#text} at (81,7) size 45x24
                text run at (81,8) width 45: "TH B"
            RenderTableCell {TH} at (342,48) size 123x3 [border: (0.50px dotted #FFFFFF)] [r=0 c=2 rs=1 cs=1]
            RenderTableCell {TH} at (465,36) size 112x27 [border: (0.50px dotted #FFFFFF)] [r=0 c=3 rs=1 cs=1]
              RenderText {#text} at (33,1) size 46x24
                text run at (33,2) width 46: "TH D"
        RenderTableSection {TFOOT} at (0,318) size 578x115
          RenderTableRow {TR} at (0,0) size 577x114
            RenderTableCell {TD} at (0,41) size 342x32 [border: (6.50px dotted #FFFFFF)] [r=0 c=0 rs=1 cs=2]
              RenderText {#text} at (1,7) size 48x24
                text run at (1,7) width 48: "TD M"
            RenderTableCell {TD} at (342,44) size 123x26 [border: (0.50px dotted #FFFFFF)] [r=0 c=2 rs=1 cs=1]
              RenderText {#text} at (1,1) size 47x24
                text run at (1,1) width 47: "TD O"
            RenderTableCell {TD} at (465,44) size 112x26 [border: (0.50px dotted #FFFFFF)] [r=0 c=3 rs=1 cs=1]
              RenderText {#text} at (1,1) size 45x24
                text run at (1,1) width 45: "TD P"
        RenderTableSection {TBODY} at (0,128) size 578x191
          RenderTableRow {TR} at (0,0) size 577x107
            RenderTableCell {TD} at (0,76) size 135x38 [border: (6.50px dotted #FFFFFF)] [r=0 c=0 rs=2 cs=1]
              RenderText {#text} at (7,7) size 45x24
                text run at (7,7) width 45: "TD E"
            RenderTableCell {TD} at (135,37) size 207x33 [border: (6.50px dotted #FFFFFF)] [r=0 c=1 rs=1 cs=1]
              RenderText {#text} at (7,7) size 44x24
                text run at (7,8) width 44: "TD F"
            RenderTableCell {TD} at (342,40) size 123x27 [border: (0.50px dotted #FFFFFF)] [r=0 c=2 rs=1 cs=1]
              RenderText {#text} at (1,1) size 47x24
                text run at (1,2) width 47: "TD G"
            RenderTableCell {TD} at (465,40) size 112x27 [border: (0.50px dotted #FFFFFF)] [r=0 c=3 rs=1 cs=1]
              RenderText {#text} at (1,1) size 46x24
                text run at (1,2) width 46: "TD H"
          RenderTableRow {TR} at (0,107) size 577x83
            RenderTableCell {TD} at (135,135) size 207x27 [border: (0.50px dotted #FFFFFF)] [r=1 c=1 rs=1 cs=1]
              RenderText {#text} at (7,1) size 43x24
                text run at (7,2) width 43: "TD J"
            RenderTableCell {TD} at (342,135) size 123x27 [border: (0.50px dotted #FFFFFF)] [r=1 c=2 rs=1 cs=1]
              RenderText {#text} at (1,1) size 46x24
                text run at (1,2) width 46: "TD K"
            RenderTableCell {TD} at (465,135) size 112x27 [border: (0.50px dotted #FFFFFF)] [r=1 c=3 rs=1 cs=1]
              RenderText {#text} at (1,1) size 44x24
                text run at (1,2) width 44: "TD L"
      RenderBlock {DIV} at (0,1617) size 784x36
        RenderInline {A} at (0,0) size 88x14 [color=#FFFF00]
          RenderImage {IMG} at (0,0) size 88x31
        RenderText {#text} at (0,0) size 0x0
      RenderBlock {ADDRESS} at (0,1652) size 784x15
        RenderText {#text} at (0,0) size 687x14
          text run at (0,0) width 687: "CSS2 Table Backgrounds Test Suite designed and written by fantasai <fantasai@escape.com>"
