layer at (0,0) size 800x1287
  RenderView at (0,0) size 800x600
layer at (0,0) size 800x1287
  RenderBlock {HTML} at (0,0) size 800x1288
    RenderBody {BODY} at (8,17) size 784x1263 [color=#00FF00] [bgcolor=#333333]
      RenderBlock {H1} at (0,0) size 784x27
        RenderText {#text} at (0,0) size 515x27
          text run at (0,0) width 515: "CSS2 Table Backgrounds Test Suite"
      RenderBlock {H2} at (0,44) size 784x21
        RenderText {#text} at (0,0) size 363x20
          text run at (0,0) width 363: "Part D: Background with Borders"
      RenderBlock {H3} at (0,80) size 784x17
        RenderText {#text} at (0,0) size 311x16
          text run at (0,0) width 311: "Background on 'table-column-group'"
      RenderBlock {P} at (0,111) size 784x43
        RenderText {#text} at (0,0) size 757x42
          text run at (0,0) width 757: "Three aqua stripes should run along the bottom of the last cell in the first three columns and up"
          text run at (0,14) width 757: "along the right edge of the cells in the third column. The stripes should align to be just inside"
          text run at (0,28) width 266: "the padding edge in cells M and G."
      RenderBlock {P} at (0,166) size 784x29
        RenderText {#text} at (0,0) size 757x28
          text run at (0,0) width 757: "Three aqua stripes should also run just inside the top padding edge of the first cell in the last"
          text run at (0,14) width 508: "column and down the left border edge of each cell in that column."
      RenderBlock {DL} at (0,207) size 784x85
        RenderBlock {DT} at (0,0) size 784x14
          RenderText {#text} at (0,0) size 32x14
            text run at (0,0) width 32: "next"
        RenderBlock {DD} at (40,14) size 744x14
          RenderInline {A} at (0,0) size 391x14 [color=#FFFF00]
            RenderText {#text} at (0,0) size 391x14
              text run at (0,0) width 391: "Background with Borders: Background on 'table-row'"
          RenderText {#text} at (0,0) size 0x0
        RenderBlock {DT} at (0,28) size 784x14
          RenderText {#text} at (0,0) size 63x14
            text run at (0,0) width 63: "previous"
        RenderBlock {DD} at (40,42) size 744x14
          RenderInline {A} at (0,0) size 437x14 [color=#FFFF00]
            RenderText {#text} at (0,0) size 437x14
              text run at (0,0) width 437: "Background with Borders: Background on 'table-row-group'"
          RenderText {#text} at (0,0) size 0x0
        RenderBlock {DT} at (0,56) size 784x14
          RenderText {#text} at (0,0) size 63x14
            text run at (0,0) width 63: "contents"
        RenderBlock {DD} at (40,70) size 744x14
          RenderInline {A} at (0,0) size 133x14 [color=#FFFF00]
            RenderText {#text} at (0,0) size 133x14
              text run at (0,0) width 133: "Table of Contents"
          RenderText {#text} at (0,0) size 0x0
      RenderTable {TABLE} at (0,304) size 622x472 [color=#FFFFFF] [border: (3px dotted #FFFFFF)]
        RenderBlock {CAPTION} at (0,0) size 622x23
          RenderText {#text} at (165,0) size 292x23
            text run at (165,0) width 292: "With 'border-collapse: separate'"
        RenderTableCol {COLGROUP} at (0,0) size 0x0 [bgcolor=#000000] [border: (5px dashed #FFFFFF)]
          RenderTableCol {COL} at (0,0) size 0x0
          RenderTableCol {COL} at (0,0) size 0x0
          RenderTableCol {COL} at (0,0) size 0x0 [border: (9px dashed #FFFFFF)]
        RenderTableCol {COLGROUP} at (0,0) size 0x0 [bgcolor=#000000]
          RenderTableCol {COL} at (0,0) size 0x0
        RenderTableSection {THEAD} at (3,26) size 616x114
          RenderTableRow {TR} at (0,7) size 616x100
            RenderTableCell {TH} at (7,43) size 130x28 [border: (1px dotted #FFFFFF)] [r=0 c=0 rs=1 cs=1]
              RenderText {#text} at (42,38) size 46x24
                text run at (42,2) width 46: "TH A"
            RenderTableCell {TH} at (144,31) size 220x52 [border: (13px dotted #FFFFFF)] [r=0 c=1 rs=1 cs=1]
              RenderText {#text} at (87,38) size 46x24
                text run at (87,14) width 46: "TH B"
            RenderTableCell {TH} at (371,43) size 118x28 [border: (1px dotted #FFFFFF)] [r=0 c=2 rs=1 cs=1]
              RenderText {#text} at (36,38) size 46x24
                text run at (36,2) width 46: "TH C"
            RenderTableCell {TH} at (496,43) size 113x28 [border: (1px dotted #FFFFFF)] [r=0 c=3 rs=1 cs=1]
              RenderText {#text} at (34,38) size 45x24
                text run at (34,2) width 45: "TH D"
        RenderTableSection {TFOOT} at (3,346) size 616x122
          RenderTableRow {TR} at (0,0) size 616x115
            RenderTableCell {TD} at (7,40) size 357x35 [border: (5px dashed #FFFFFF)] [r=0 c=0 rs=1 cs=2]
              RenderText {#text} at (6,46) size 47x23
                text run at (6,6) width 47: "TD M"
            RenderTableCell {TD} at (371,44) size 118x27 [border: (1px dotted #FFFFFF)] [r=0 c=2 rs=1 cs=1]
              RenderText {#text} at (2,46) size 46x23
                text run at (2,2) width 46: "TD O"
            RenderTableCell {TD} at (496,44) size 113x27 [border: (1px dotted #FFFFFF)] [r=0 c=3 rs=1 cs=1]
              RenderText {#text} at (2,46) size 44x23
                text run at (2,2) width 44: "TD P"
        RenderTableSection {TBODY} at (3,140) size 616x206
          RenderTableRow {TR} at (0,0) size 616x108
            RenderTableCell {TD} at (7,74) size 130x51 [border: (13px dotted #FFFFFF)] [r=0 c=0 rs=2 cs=1]
              RenderText {#text} at (14,88) size 44x23
                text run at (14,14) width 44: "TD E"
            RenderTableCell {TD} at (144,40) size 220x28 [border: (1px dotted #FFFFFF)] [r=0 c=1 rs=1 cs=1]
              RenderText {#text} at (2,42) size 43x24
                text run at (2,2) width 43: "TD F"
            RenderTableCell {TD} at (371,36) size 118x36 [border: (5px dashed #FFFFFF)] [r=0 c=2 rs=1 cs=1]
              RenderText {#text} at (6,42) size 46x24
                text run at (6,6) width 46: "TD G"
            RenderTableCell {TD} at (496,40) size 113x28 [border: (1px dotted #FFFFFF)] [r=0 c=3 rs=1 cs=1]
              RenderText {#text} at (2,42) size 45x24
                text run at (2,2) width 45: "TD H"
          RenderTableRow {TR} at (0,115) size 616x84
            RenderTableCell {TD} at (144,143) size 220x28 [border: (1px dotted #FFFFFF)] [r=1 c=1 rs=1 cs=1]
              RenderText {#text} at (2,30) size 42x24
                text run at (2,2) width 42: "TD J"
            RenderTableCell {TD} at (371,143) size 118x28 [border: (1px dotted #FFFFFF)] [r=1 c=2 rs=1 cs=1]
              RenderText {#text} at (2,30) size 45x24
                text run at (2,2) width 45: "TD K"
            RenderTableCell {TD} at (496,143) size 113x28 [border: (1px dotted #FFFFFF)] [r=1 c=3 rs=1 cs=1]
              RenderText {#text} at (2,30) size 43x24
                text run at (2,2) width 43: "TD L"
      RenderTable {TABLE} at (0,775) size 591x438 [color=#FFFFFF] [border: (6.50px dotted #FFFFFF)]
        RenderBlock {CAPTION} at (0,0) size 591x23
          RenderText {#text} at (151,0) size 289x23
            text run at (151,0) width 289: "With 'border-collapse: collapse'"
        RenderTableCol {COLGROUP} at (0,0) size 0x0 [bgcolor=#000000] [border: (5px dashed #FFFFFF)]
          RenderTableCol {COL} at (0,0) size 0x0
          RenderTableCol {COL} at (0,0) size 0x0
          RenderTableCol {COL} at (0,0) size 0x0 [border: (9px dashed #FFFFFF)]
        RenderTableCol {COLGROUP} at (0,0) size 0x0 [bgcolor=#000000]
          RenderTableCol {COL} at (0,0) size 0x0
        RenderTableSection {THEAD} at (1,29) size 589x101
          RenderTableRow {TR} at (0,0) size 588x100
            RenderTableCell {TH} at (0,33) size 137x34 [border: (2.50px dotted #FFFFFF)] [r=0 c=0 rs=1 cs=1]
              RenderText {#text} at (44,36) size 45x24
                text run at (44,3) width 45: "TH A"
            RenderTableCell {TH} at (137,31) size 207x38 [border: (6.50px dotted #FFFFFF)] [r=0 c=1 rs=1 cs=1]
              RenderText {#text} at (81,38) size 45x24
                text run at (81,7) width 45: "TH B"
            RenderTableCell {TH} at (344,34) size 127x32 [border: (4.50px dotted #FFFFFF)] [r=0 c=2 rs=1 cs=1]
              RenderText {#text} at (42,39) size 45x24
                text run at (42,5) width 45: "TH C"
            RenderTableCell {TH} at (471,36) size 117x28 [border: (1.50px dotted #FFFFFF)] [r=0 c=3 rs=1 cs=1]
              RenderText {#text} at (37,39) size 46x23
                text run at (37,3) width 46: "TH D"
        RenderTableSection {TFOOT} at (1,319) size 589x116
          RenderTableRow {TR} at (0,0) size 588x115
            RenderTableCell {TD} at (0,40) size 471x35 [border: (6.50px dashed #FFFFFF)] [r=0 c=0 rs=1 cs=3]
              RenderText {#text} at (3,48) size 48x23
                text run at (3,8) width 48: "TD M"
            RenderTableCell {TD} at (471,44) size 117x27 [border: (0.50px dotted #FFFFFF)] [r=0 c=3 rs=1 cs=1]
              RenderText {#text} at (5,45) size 45x24
                text run at (5,1) width 45: "TD P"
        RenderTableSection {TBODY} at (1,129) size 589x191
          RenderTableRow {TR} at (0,0) size 588x107
            RenderTableCell {TD} at (0,76) size 137x38 [border: (6.50px dotted #FFFFFF)] [r=0 c=0 rs=2 cs=1]
              RenderText {#text} at (7,83) size 45x24
                text run at (7,7) width 45: "TD E"
            RenderTableCell {TD} at (137,37) size 207x33 [border: (6.50px dotted #FFFFFF)] [r=0 c=1 rs=1 cs=1]
              RenderText {#text} at (7,45) size 44x23
                text run at (7,8) width 44: "TD F"
            RenderTableCell {TD} at (344,38) size 127x31 [border: (2.50px dashed #FFFFFF)] [r=0 c=2 rs=1 cs=1]
              RenderText {#text} at (5,42) size 47x23
                text run at (5,4) width 47: "TD G"
            RenderTableCell {TD} at (471,40) size 117x27 [border: (0.50px dotted #FFFFFF)] [r=0 c=3 rs=1 cs=1]
              RenderText {#text} at (5,42) size 46x23
                text run at (5,2) width 46: "TD H"
          RenderTableRow {TR} at (0,107) size 588x83
            RenderTableCell {TD} at (137,134) size 207x29 [border: (0.50px dotted #FFFFFF)] [r=1 c=1 rs=1 cs=1]
              RenderText {#text} at (7,29) size 43x23
                text run at (7,2) width 43: "TD J"
            RenderTableCell {TD} at (344,133) size 127x31 [border: (2.50px dotted #FFFFFF)] [r=1 c=2 rs=1 cs=1]
              RenderText {#text} at (5,30) size 46x23
                text run at (5,4) width 46: "TD K"
            RenderTableCell {TD} at (471,135) size 117x27 [border: (0.50px dotted #FFFFFF)] [r=1 c=3 rs=1 cs=1]
              RenderText {#text} at (5,30) size 44x23
                text run at (5,2) width 44: "TD L"
      RenderBlock {DIV} at (0,1212) size 784x36
        RenderInline {A} at (0,21) size 88x14 [color=#FFFF00]
          RenderImage {IMG} at (0,0) size 88x31
        RenderText {#text} at (0,0) size 0x0
      RenderBlock {ADDRESS} at (0,1247) size 784x15
        RenderText {#text} at (0,0) size 687x14
          text run at (0,0) width 687: "CSS2 Table Backgrounds Test Suite designed and written by fantasai <fantasai@escape.com>"
