layer at (0,0) size 1506x1621
  RenderView at (0,0) size 800x600
layer at (0,0) size 800x1621
  RenderBlock {HTML} at (0,0) size 800x1622
    RenderBody {BODY} at (8,17) size 784x1592 [color=#00FF00] [bgcolor=#333333]
      RenderBlock {H1} at (0,0) size 784x27
        RenderText {#text} at (0,0) size 515x27
          text run at (0,0) width 515: "CSS2 Table Backgrounds Test Suite"
      RenderBlock {H2} at (0,44) size 784x22
        RenderText {#text} at (0,0) size 253x21
          text run at (0,0) width 253: "Part E: Special Tests"
      RenderBlock {H3} at (0,81) size 784x17
        RenderText {#text} at (0,0) size 154x16
          text run at (0,0) width 154: "Fixed Backgrounds"
      RenderBlock {UL} at (0,112) size 784x57
        RenderListItem {LI} at (40,0) size 744x42
          RenderListMarker at (-14,0) size 5x14: bullet
          RenderText {#text} at (0,0) size 742x42
            text run at (0,0) width 742: "If you scroll the table over the top left corner of the viewport, the first, second, and fourth"
            text run at (0,14) width 718: "rows as well as cell L should reveal a purple and aqua band forming a 90-degree angle in the"
            text run at (0,28) width 125: "top left corner."
        RenderListItem {LI} at (40,42) size 744x14
          RenderListMarker at (-14,0) size 5x14: bullet
          RenderText {#text} at (0,0) size 648x14
            text run at (0,0) width 648: "Cells A and P should have a rainbow background that seems attached to the viewport."
      RenderBlock {DL} at (0,181) size 784x57
        RenderBlock {DT} at (0,0) size 784x14
          RenderText {#text} at (0,0) size 63x14
            text run at (0,0) width 63: "previous"
        RenderBlock {DD} at (40,14) size 744x14
          RenderInline {A} at (0,0) size 172x14 [color=#FFFF00]
            RenderText {#text} at (0,0) size 172x14
              text run at (0,0) width 172: "Special Tests: opacity"
          RenderText {#text} at (0,0) size 0x0
        RenderBlock {DT} at (0,28) size 784x14
          RenderText {#text} at (0,0) size 63x14
            text run at (0,0) width 63: "contents"
        RenderBlock {DD} at (40,42) size 744x14
          RenderInline {A} at (0,0) size 133x14 [color=#FFFF00]
            RenderText {#text} at (0,0) size 133x14
              text run at (0,0) width 133: "Table of Contents"
          RenderText {#text} at (0,0) size 0x0
      RenderTable {TABLE} at (0,250) size 618x468 [color=#000000] [bgcolor=#FFFFFF] [border: (1px dotted #000000)]
        RenderBlock {CAPTION} at (0,0) size 618x23 [color=#FFFFFF]
          RenderText {#text} at (165,0) size 288x23
            text run at (165,0) width 288: "With 'border-collapse: separate'"
        RenderTableCol {COLGROUP} at (0,0) size 0x0
          RenderTableCol {COL} at (0,0) size 0x0
          RenderTableCol {COL} at (0,0) size 0x0
          RenderTableCol {COL} at (0,0) size 0x0
        RenderTableCol {COLGROUP} at (0,0) size 0x0
          RenderTableCol {COL} at (0,0) size 0x0
        RenderTableSection {THEAD} at (1,24) size 616x114
          RenderTableRow {TR} at (0,7) size 616x100
            RenderTableCell {TH} at (7,43) size 130x28 [border: (1px dotted #000000)] [r=0 c=0 rs=1 cs=1]
              RenderText {#text} at (42,1) size 46x25
                text run at (42,2) width 46: "TH A"
            RenderTableCell {TH} at (144,31) size 220x52 [border: (13px dotted #000000)] [r=0 c=1 rs=1 cs=1]
              RenderText {#text} at (87,13) size 46x25
                text run at (87,14) width 46: "TH B"
            RenderTableCell {TH} at (371,55) size 118x4 [border: (1px dotted #000000)] [r=0 c=2 rs=1 cs=1]
            RenderTableCell {TH} at (496,43) size 113x28 [border: (1px dotted #000000)] [r=0 c=3 rs=1 cs=1]
              RenderText {#text} at (34,1) size 45x25
                text run at (34,2) width 45: "TH D"
        RenderTableSection {TFOOT} at (1,344) size 616x122
          RenderTableRow {TR} at (0,0) size 616x115
            RenderTableCell {TD} at (7,44) size 357x27 [border: (1px dotted #000000)] [r=0 c=0 rs=1 cs=2]
              RenderText {#text} at (2,2) size 47x23
                text run at (2,2) width 47: "TD M"
            RenderTableCell {TD} at (371,44) size 118x27 [border: (1px dotted #000000)] [r=0 c=2 rs=1 cs=1]
              RenderText {#text} at (2,2) size 46x23
                text run at (2,2) width 46: "TD O"
            RenderTableCell {TD} at (496,44) size 113x27 [border: (1px dotted #000000)] [r=0 c=3 rs=1 cs=1]
              RenderText {#text} at (2,2) size 44x23
                text run at (2,2) width 44: "TD P"
        RenderTableSection {TBODY} at (1,138) size 616x206
          RenderTableRow {TR} at (0,0) size 616x108
            RenderTableCell {TD} at (7,74) size 130x51 [border: (13px dotted #000000)] [r=0 c=0 rs=2 cs=1]
              RenderText {#text} at (14,14) size 44x23
                text run at (14,14) width 44: "TD E"
            RenderTableCell {TD} at (144,40) size 220x28 [border: (1px dotted #000000)] [r=0 c=1 rs=1 cs=1]
              RenderText {#text} at (2,1) size 43x25
                text run at (2,2) width 43: "TD F"
            RenderTableCell {TD} at (371,40) size 118x28 [border: (1px dotted #000000)] [r=0 c=2 rs=1 cs=1]
              RenderText {#text} at (2,1) size 46x25
                text run at (2,2) width 46: "TD G"
            RenderTableCell {TD} at (496,40) size 113x28 [border: (1px dotted #000000)] [r=0 c=3 rs=1 cs=1]
              RenderText {#text} at (2,1) size 45x25
                text run at (2,2) width 45: "TD H"
          RenderTableRow {TR} at (0,115) size 616x84
            RenderTableCell {TD} at (144,143) size 220x28 [border: (1px dotted #000000)] [r=1 c=1 rs=1 cs=1]
              RenderText {#text} at (2,1) size 42x25
                text run at (2,2) width 42: "TD J"
            RenderTableCell {TD} at (371,143) size 118x28 [border: (1px dotted #000000)] [r=1 c=2 rs=1 cs=1]
              RenderText {#text} at (2,1) size 45x25
                text run at (2,2) width 45: "TD K"
            RenderTableCell {TD} at (496,143) size 113x28 [border: (1px dotted #000000)] [r=1 c=3 rs=1 cs=1]
              RenderText {#text} at (2,1) size 43x25
                text run at (2,2) width 43: "TD L"
      RenderTable {TABLE} at (0,717) size 578x434 [color=#000000] [bgcolor=#FFFFFF] [border: (6.50px dotted #000000)]
        RenderBlock {CAPTION} at (0,0) size 578x23 [color=#FFFFFF]
          RenderText {#text} at (146,0) size 286x23
            text run at (146,0) width 286: "With 'border-collapse: collapse'"
        RenderTableCol {COLGROUP} at (0,0) size 0x0
          RenderTableCol {COL} at (0,0) size 0x0
          RenderTableCol {COL} at (0,0) size 0x0
          RenderTableCol {COL} at (0,0) size 0x0
        RenderTableCol {COLGROUP} at (0,0) size 0x0
          RenderTableCol {COL} at (0,0) size 0x0
        RenderTableSection {THEAD} at (0,29) size 578x100
          RenderTableRow {TR} at (0,0) size 577x99
            RenderTableCell {TH} at (0,33) size 135x33 [border: (0.50px dotted #000000)] [r=0 c=0 rs=1 cs=1]
              RenderText {#text} at (42,1) size 45x24
                text run at (42,2) width 45: "TH A"
            RenderTableCell {TH} at (135,30) size 207x39 [border: (6.50px dotted #000000)] [r=0 c=1 rs=1 cs=1]
              RenderText {#text} at (81,7) size 45x24
                text run at (81,8) width 45: "TH B"
            RenderTableCell {TH} at (342,48) size 123x3 [border: (0.50px dotted #000000)] [r=0 c=2 rs=1 cs=1]
            RenderTableCell {TH} at (465,36) size 112x27 [border: (0.50px dotted #000000)] [r=0 c=3 rs=1 cs=1]
              RenderText {#text} at (33,1) size 46x24
                text run at (33,2) width 46: "TH D"
        RenderTableSection {TFOOT} at (0,318) size 578x115
          RenderTableRow {TR} at (0,0) size 577x114
            RenderTableCell {TD} at (0,41) size 342x32 [border: (6.50px dotted #000000)] [r=0 c=0 rs=1 cs=2]
              RenderText {#text} at (1,7) size 47x24
                text run at (1,7) width 47: "TD M"
            RenderTableCell {TD} at (342,44) size 123x26 [border: (0.50px dotted #000000)] [r=0 c=2 rs=1 cs=1]
              RenderText {#text} at (1,1) size 46x24
                text run at (1,1) width 46: "TD O"
            RenderTableCell {TD} at (465,44) size 112x26 [border: (0.50px dotted #000000)] [r=0 c=3 rs=1 cs=1]
              RenderText {#text} at (1,1) size 44x24
                text run at (1,1) width 44: "TD P"
        RenderTableSection {TBODY} at (0,128) size 578x191
          RenderTableRow {TR} at (0,0) size 577x107
            RenderTableCell {TD} at (0,76) size 135x38 [border: (6.50px dotted #000000)] [r=0 c=0 rs=2 cs=1]
              RenderText {#text} at (7,7) size 44x24
                text run at (7,7) width 44: "TD E"
            RenderTableCell {TD} at (135,37) size 207x33 [border: (6.50px dotted #000000)] [r=0 c=1 rs=1 cs=1]
              RenderText {#text} at (7,7) size 43x24
                text run at (7,8) width 43: "TD F"
            RenderTableCell {TD} at (342,40) size 123x27 [border: (0.50px dotted #000000)] [r=0 c=2 rs=1 cs=1]
              RenderText {#text} at (1,1) size 46x24
                text run at (1,2) width 46: "TD G"
            RenderTableCell {TD} at (465,40) size 112x27 [border: (0.50px dotted #000000)] [r=0 c=3 rs=1 cs=1]
              RenderText {#text} at (1,1) size 45x24
                text run at (1,2) width 45: "TD H"
          RenderTableRow {TR} at (0,107) size 577x83
            RenderTableCell {TD} at (135,135) size 207x27 [border: (0.50px dotted #000000)] [r=1 c=1 rs=1 cs=1]
              RenderText {#text} at (7,1) size 42x24
                text run at (7,2) width 42: "TD J"
            RenderTableCell {TD} at (342,135) size 123x27 [border: (0.50px dotted #000000)] [r=1 c=2 rs=1 cs=1]
              RenderText {#text} at (1,1) size 45x24
                text run at (1,2) width 45: "TD K"
            RenderTableCell {TD} at (465,135) size 112x27 [border: (0.50px dotted #000000)] [r=1 c=3 rs=1 cs=1]
              RenderText {#text} at (1,1) size 43x24
                text run at (1,2) width 43: "TD L"
      RenderBlock {DIV} at (0,1150) size 784x36
        RenderInline {A} at (0,0) size 88x14 [color=#FFFF00]
          RenderImage {IMG} at (0,0) size 88x31
        RenderText {#text} at (0,0) size 0x0
      RenderBlock {ADDRESS} at (0,1185) size 784x15
        RenderText {#text} at (0,0) size 687x14
          text run at (0,0) width 687: "CSS2 Table Backgrounds Test Suite designed and written by fantasai <fantasai@escape.com>"
      RenderBlock {PRE} at (0,1212) size 784x379
        RenderText {#text} at (0,0) size 1498x378
          text run at (0,0) width 1498: "................................................................................................................................................................................................"
          text run at (1497,0) width 1: " "
          text run at (0,14) width 8: "."
          text run at (7,14) width 1: " "
          text run at (0,28) width 8: "."
          text run at (7,28) width 1: " "
          text run at (0,42) width 8: "."
          text run at (7,42) width 1: " "
          text run at (0,56) width 8: "."
          text run at (7,56) width 1: " "
          text run at (0,70) width 8: "."
          text run at (7,70) width 1: " "
          text run at (0,84) width 8: "."
          text run at (7,84) width 1: " "
          text run at (0,98) width 8: "."
          text run at (7,98) width 1: " "
          text run at (0,112) width 8: "."
          text run at (7,112) width 1: " "
          text run at (0,126) width 8: "."
          text run at (7,126) width 1: " "
          text run at (0,140) width 8: "."
          text run at (7,140) width 1: " "
          text run at (0,154) width 8: "."
          text run at (7,154) width 1: " "
          text run at (0,168) width 8: "."
          text run at (7,168) width 1: " "
          text run at (0,182) width 8: "."
          text run at (7,182) width 1: " "
          text run at (0,196) width 8: "."
          text run at (7,196) width 1: " "
          text run at (0,210) width 8: "."
          text run at (7,210) width 1: " "
          text run at (0,224) width 8: "."
          text run at (7,224) width 1: " "
          text run at (0,238) width 8: "."
          text run at (7,238) width 1: " "
          text run at (0,252) width 8: "."
          text run at (7,252) width 1: " "
          text run at (0,266) width 8: "."
          text run at (7,266) width 1: " "
          text run at (0,280) width 8: "."
          text run at (7,280) width 1: " "
          text run at (0,294) width 8: "."
          text run at (7,294) width 1: " "
          text run at (0,308) width 8: "."
          text run at (7,308) width 1: " "
          text run at (0,322) width 8: "."
          text run at (7,322) width 1: " "
          text run at (0,336) width 8: "."
          text run at (7,336) width 1: " "
          text run at (0,350) width 8: "."
          text run at (7,350) width 1: " "
          text run at (0,364) width 8: "."
          text run at (7,364) width 1: " "
