layer at (0,0) size 800x1179
  RenderView at (0,0) size 800x600
layer at (0,0) size 800x1179
  RenderBlock {HTML} at (0,0) size 800x1179
    RenderBody {BODY} at (8,8) size 784x1163 [color=#00FF00] [bgcolor=#333333]
      RenderBlock {H1} at (0,0) size 784x27
        RenderText {#text} at (0,0) size 515x27
          text run at (0,0) width 515: "CSS2 Table Backgrounds Test Suite"
      RenderBlock {H2} at (0,44) size 784x21
        RenderText {#text} at (0,0) size 363x20
          text run at (0,0) width 363: "Part D: Background with Borders"
      RenderBlock {H3} at (0,80) size 784x17
        RenderText {#text} at (0,0) size 192x16
          text run at (0,0) width 192: "Background on 'table'"
      RenderBlock {P} at (0,111) size 784x15
        RenderText {#text} at (0,0) size 640x14
          text run at (0,0) width 640: "There should be three aqua stripes just inside the bottom and right table borders."
      RenderBlock {DL} at (0,138) size 784x85
        RenderBlock {DT} at (0,0) size 784x14
          RenderText {#text} at (0,0) size 32x14
            text run at (0,0) width 32: "next"
        RenderBlock {DD} at (40,14) size 744x14
          RenderInline {A} at (0,0) size 437x14 [color=#FFFF00]
            RenderText {#text} at (0,0) size 437x14
              text run at (0,0) width 437: "Background with Borders: Background on 'table-row-group'"
          RenderText {#text} at (0,0) size 0x0
        RenderBlock {DT} at (0,28) size 784x14
          RenderText {#text} at (0,0) size 63x14
            text run at (0,0) width 63: "previous"
        RenderBlock {DD} at (40,42) size 744x14
          RenderInline {A} at (0,0) size 398x14 [color=#FFFF00]
            RenderText {#text} at (0,0) size 398x14
              text run at (0,0) width 398: "Background with Borders: Background on 'table-cell'"
          RenderText {#text} at (0,0) size 0x0
        RenderBlock {DT} at (0,56) size 784x14
          RenderText {#text} at (0,0) size 63x14
            text run at (0,0) width 63: "contents"
        RenderBlock {DD} at (40,70) size 744x14
          RenderInline {A} at (0,0) size 133x14 [color=#FFFF00]
            RenderText {#text} at (0,0) size 133x14
              text run at (0,0) width 133: "Table of Contents"
          RenderText {#text} at (0,0) size 0x0
      RenderTable {TABLE} at (0,235) size 626x460 [color=#FFFFFF] [bgcolor=#000000] [border: (5px dotted #FFFFFF)]
        RenderBlock {CAPTION} at (0,0) size 626x23
          RenderText {#text} at (167,0) size 292x23
            text run at (167,0) width 292: "With 'border-collapse: separate'"
        RenderTableCol {COLGROUP} at (0,0) size 0x0
          RenderTableCol {COL} at (0,0) size 0x0
          RenderTableCol {COL} at (0,0) size 0x0
          RenderTableCol {COL} at (0,0) size 0x0
        RenderTableCol {COLGROUP} at (0,0) size 0x0
          RenderTableCol {COL} at (0,0) size 0x0
        RenderTableSection {THEAD} at (5,28) size 616x110
          RenderTableRow {TR} at (0,7) size 616x96
            RenderTableCell {TH} at (7,41) size 130x28 [border: (1px dotted #FFFFFF)] [r=0 c=0 rs=1 cs=1]
              RenderText {#text} at (42,1) size 46x25
                text run at (42,2) width 46: "TH A"
            RenderTableCell {TH} at (144,29) size 220x52 [border: (13px dotted #FFFFFF)] [r=0 c=1 rs=1 cs=1]
              RenderText {#text} at (87,13) size 46x25
                text run at (87,14) width 46: "TH B"
            RenderTableCell {TH} at (371,41) size 118x28 [border: (1px dotted #FFFFFF)] [r=0 c=2 rs=1 cs=1]
              RenderText {#text} at (36,1) size 46x25
                text run at (36,2) width 46: "TH C"
            RenderTableCell {TH} at (496,41) size 113x28 [border: (1px dotted #FFFFFF)] [r=0 c=3 rs=1 cs=1]
              RenderText {#text} at (34,1) size 45x25
                text run at (34,2) width 45: "TH D"
        RenderTableSection {TBODY} at (5,138) size 616x198
          RenderTableRow {TR} at (0,0) size 616x104
            RenderTableCell {TD} at (7,70) size 130x51 [border: (13px dotted #FFFFFF)] [r=0 c=0 rs=2 cs=1]
              RenderText {#text} at (14,14) size 44x23
                text run at (14,14) width 44: "TD E"
            RenderTableCell {TD} at (144,38) size 220x28 [border: (1px dotted #FFFFFF)] [r=0 c=1 rs=1 cs=1]
              RenderText {#text} at (2,1) size 43x25
                text run at (2,2) width 43: "TD F"
            RenderTableCell {TD} at (371,38) size 118x28 [border: (1px dotted #FFFFFF)] [r=0 c=2 rs=1 cs=1]
              RenderText {#text} at (2,1) size 46x25
                text run at (2,2) width 46: "TD G"
            RenderTableCell {TD} at (496,38) size 113x28 [border: (1px dotted #FFFFFF)] [r=0 c=3 rs=1 cs=1]
              RenderText {#text} at (2,1) size 45x25
                text run at (2,2) width 45: "TD H"
          RenderTableRow {TR} at (0,111) size 616x80
            RenderTableCell {TD} at (144,137) size 220x28 [border: (1px dotted #FFFFFF)] [r=1 c=1 rs=1 cs=1]
              RenderText {#text} at (2,1) size 42x25
                text run at (2,2) width 42: "TD J"
            RenderTableCell {TD} at (371,137) size 118x28 [border: (1px dotted #FFFFFF)] [r=1 c=2 rs=1 cs=1]
              RenderText {#text} at (2,1) size 45x25
                text run at (2,2) width 45: "TD K"
            RenderTableCell {TD} at (496,137) size 113x28 [border: (1px dotted #FFFFFF)] [r=1 c=3 rs=1 cs=1]
              RenderText {#text} at (2,1) size 43x25
                text run at (2,2) width 43: "TD L"
        RenderTableSection {TFOOT} at (5,336) size 616x118
          RenderTableRow {TR} at (0,0) size 616x111
            RenderTableCell {TD} at (7,42) size 357x27 [border: (1px dotted #FFFFFF)] [r=0 c=0 rs=1 cs=2]
              RenderText {#text} at (2,2) size 47x23
                text run at (2,2) width 47: "TD M"
            RenderTableCell {TD} at (371,42) size 118x27 [border: (1px dotted #FFFFFF)] [r=0 c=2 rs=1 cs=1]
              RenderText {#text} at (2,2) size 46x23
                text run at (2,2) width 46: "TD O"
            RenderTableCell {TD} at (496,42) size 113x27 [border: (1px dotted #FFFFFF)] [r=0 c=3 rs=1 cs=1]
              RenderText {#text} at (2,2) size 44x23
                text run at (2,2) width 44: "TD P"
      RenderTable {TABLE} at (0,694) size 586x424 [color=#FFFFFF] [bgcolor=#000000] [border: (6.50px dotted #FFFFFF)]
        RenderBlock {CAPTION} at (0,0) size 586x23
          RenderText {#text} at (148,0) size 290x23
            text run at (148,0) width 290: "With 'border-collapse: collapse'"
        RenderTableCol {COLGROUP} at (0,0) size 0x0
          RenderTableCol {COL} at (0,0) size 0x0
          RenderTableCol {COL} at (0,0) size 0x0
          RenderTableCol {COL} at (0,0) size 0x0
        RenderTableCol {COLGROUP} at (0,0) size 0x0
          RenderTableCol {COL} at (0,0) size 0x0
        RenderTableSection {THEAD} at (2,29) size 582x97
          RenderTableRow {TR} at (0,0) size 581x96
            RenderTableCell {TH} at (0,31) size 137x34 [border: (2.50px dotted #FFFFFF)] [r=0 c=0 rs=1 cs=1]
              RenderText {#text} at (44,3) size 45x24
                text run at (44,3) width 45: "TH A"
            RenderTableCell {TH} at (137,29) size 207x38 [border: (6.50px dotted #FFFFFF)] [r=0 c=1 rs=1 cs=1]
              RenderText {#text} at (81,7) size 45x24
                text run at (81,7) width 45: "TH B"
            RenderTableCell {TH} at (344,34) size 123x28 [border: (2.50px dotted #FFFFFF)] [r=0 c=2 rs=1 cs=1]
              RenderText {#text} at (42,3) size 45x24
                text run at (42,3) width 45: "TH C"
            RenderTableCell {TH} at (467,34) size 114x28 [border: (2.50px dotted #FFFFFF)] [r=0 c=3 rs=1 cs=1]
              RenderText {#text} at (33,3) size 46x24
                text run at (33,3) width 46: "TH D"
        RenderTableSection {TFOOT} at (2,309) size 582x112
          RenderTableRow {TR} at (0,0) size 581x111
            RenderTableCell {TD} at (0,38) size 344x35 [border: (6.50px dotted #FFFFFF)] [r=0 c=0 rs=1 cs=2]
              RenderText {#text} at (3,7) size 48x24
                text run at (3,8) width 48: "TD M"
            RenderTableCell {TD} at (344,41) size 123x29 [border: (0.50px dotted #FFFFFF)] [r=0 c=2 rs=1 cs=1]
              RenderText {#text} at (1,1) size 47x24
                text run at (1,2) width 47: "TD O"
            RenderTableCell {TD} at (467,41) size 114x29 [border: (0.50px dotted #FFFFFF)] [r=0 c=3 rs=1 cs=1]
              RenderText {#text} at (1,1) size 45x24
                text run at (1,2) width 45: "TD P"
        RenderTableSection {TBODY} at (2,125) size 582x185
          RenderTableRow {TR} at (0,0) size 581x104
            RenderTableCell {TD} at (0,73) size 137x38 [border: (6.50px dotted #FFFFFF)] [r=0 c=0 rs=2 cs=1]
              RenderText {#text} at (7,7) size 45x24
                text run at (7,7) width 45: "TD E"
            RenderTableCell {TD} at (137,36) size 207x32 [border: (6.50px dotted #FFFFFF)] [r=0 c=1 rs=1 cs=1]
              RenderText {#text} at (7,7) size 44x24
                text run at (7,7) width 44: "TD F"
            RenderTableCell {TD} at (344,39) size 123x26 [border: (0.50px dotted #FFFFFF)] [r=0 c=2 rs=1 cs=1]
              RenderText {#text} at (1,1) size 47x24
                text run at (1,1) width 47: "TD G"
            RenderTableCell {TD} at (467,39) size 114x26 [border: (0.50px dotted #FFFFFF)] [r=0 c=3 rs=1 cs=1]
              RenderText {#text} at (1,1) size 46x24
                text run at (1,1) width 46: "TD H"
          RenderTableRow {TR} at (0,104) size 581x80
            RenderTableCell {TD} at (137,131) size 207x26 [border: (0.50px dotted #FFFFFF)] [r=1 c=1 rs=1 cs=1]
              RenderText {#text} at (7,1) size 43x24
                text run at (7,1) width 43: "TD J"
            RenderTableCell {TD} at (344,131) size 123x26 [border: (0.50px dotted #FFFFFF)] [r=1 c=2 rs=1 cs=1]
              RenderText {#text} at (1,1) size 46x24
                text run at (1,1) width 46: "TD K"
            RenderTableCell {TD} at (467,131) size 114x26 [border: (0.50px dotted #FFFFFF)] [r=1 c=3 rs=1 cs=1]
              RenderText {#text} at (1,1) size 44x24
                text run at (1,1) width 44: "TD L"
      RenderBlock {DIV} at (0,1117) size 784x32
        RenderInline {A} at (0,0) size 88x14 [color=#FFFF00]
          RenderImage {IMG} at (0,0) size 88x31
        RenderText {#text} at (0,0) size 0x0
      RenderBlock {ADDRESS} at (0,1148) size 784x15
        RenderText {#text} at (0,0) size 687x14
          text run at (0,0) width 687: "CSS2 Table Backgrounds Test Suite designed and written by fantasai <fantasai@escape.com>"
