layer at (0,0) size 800x600
  RenderView at (0,0) size 800x600
layer at (0,0) size 800x164
  RenderBlock {HTML} at (0,0) size 800x164
    RenderBody {BODY} at (8,8) size 784x148
      RenderTable {TABLE} at (0,0) size 200x148 [border: (1px outset #808080)]
        RenderBlock {CAPTION} at (0,0) size 200x44 [border: (3px solid #FFA500)]
          RenderText {#text} at (77,4) size 46x36
            text run at (77,4) width 46: "cap"
        RenderTableSection {TBODY} at (1,45) size 198x102
          RenderTableRow {TR} at (0,0) size 198x102
            RenderTableCell {TD} at (0,12) size 144x78 [border: (1px inset #808080)] [r=0 c=0 rs=1 cs=1]
              RenderText {#text} at (1,2) size 92x74
                text run at (1,2) width 92: "foo bar"
                text run at (1,40) width 45: "baz"
            RenderTableCell {TD} at (144,48) size 54x54 [border: (1px inset #808080)] [r=0 c=1 rs=1 cs=1]
              RenderBlock {DIV} at (1,1) size 52x52 [border: (1px solid #008000)]
                RenderBlock {DIV} at (1,1) size 402x302 [border: (1px solid #FF0000)]
                  RenderText {#text} at (1,2) size 16x36
                    text run at (1,2) width 16: "d"
