layer at (0,0) size 800x691
  RenderView at (0,0) size 800x600
layer at (0,0) size 800x480
  RenderBlock {HTML} at (0,0) size 800x480
    RenderBody {BODY} at (8,8) size 784x464
      RenderTable {TABLE} at (0,0) size 200x464 [border: (1px outset #808080)]
        RenderBlock {CAPTION} at (0,0) size 200x206 [border: (3px solid #FFA500)]
          RenderText {#text} at (77,4) size 46x36
            text run at (77,4) width 46: "cap"
        RenderTableSection {TBODY} at (1,207) size 198x256
          RenderTableRow {TR} at (0,30) size 198x50
            RenderTableCell {TD} at (30,46) size 54x18 [border: (1px inset #808080)] [r=0 c=0 rs=1 cs=1]
              RenderText {#text} at (1,1) size 18x15
                text run at (1,1) width 18: "foo"
            RenderTableCell {TD} at (114,30) size 54x50 [border: (1px inset #808080)] [r=0 c=1 rs=1 cs=1]
              RenderText {#text} at (1,1) size 17x15
                text run at (1,1) width 17: "bar"
              RenderBR {BR} at (17,1) size 1x15
              RenderText {#text} at (1,17) size 19x15
                text run at (1,17) width 19: "baz"
              RenderBR {BR} at (19,17) size 1x15
              RenderText {#text} at (1,33) size 19x15
                text run at (1,33) width 19: "zap"
          RenderTableRow {TR} at (0,110) size 198x116
            RenderTableCell {TD} at (30,110) size 54x116 [border: (1px inset #808080)] [r=1 c=0 rs=1 cs=1]
              RenderText {#text} at (1,2) size 45x112
                text run at (1,2) width 43: "foo"
                text run at (1,40) width 41: "bar"
                text run at (1,78) width 45: "baz"
            RenderTableCell {TD} at (114,172) size 54x54 [border: (1px inset #808080)] [r=1 c=1 rs=1 cs=1]
              RenderBlock {DIV} at (1,1) size 52x52 [border: (1px solid #008000)]
                RenderBlock {DIV} at (1,1) size 402x302 [border: (1px solid #FF0000)]
                  RenderText {#text} at (1,2) size 16x36
                    text run at (1,2) width 16: "d"
