layer at (0,0) size 800x734
  RenderView at (0,0) size 800x600
layer at (0,0) size 800x538
  RenderBlock {HTML} at (0,0) size 800x538
    RenderBody {BODY} at (8,8) size 784x522
      RenderTable {TABLE} at (0,0) size 230x522 [border: (1px outset #808080)]
        RenderBlock {CAPTION} at (0,0) size 230x206 [border: (3px solid #FFA500)]
          RenderText {#text} at (103,3) size 23x19
            text run at (103,3) width 23: "cap"
        RenderTableSection {TBODY} at (1,207) size 228x314
          RenderTableRow {TR} at (0,30) size 228x92
            RenderTableCell {TD} at (30,50) size 54x52 [border: (1px inset #808080)] [r=0 c=0 rs=1 cs=1]
              RenderText {#text} at (16,16) size 22x19
                text run at (16,16) width 22: "foo"
            RenderTableCell {TD} at (113,30) size 85x92 [border: (1px inset #808080)] [r=0 c=1 rs=1 cs=1]
              RenderText {#text} at (16,16) size 21x19
                text run at (16,16) width 21: "bar"
              RenderBR {BR} at (36,16) size 1x19
              RenderText {#text} at (16,36) size 23x19
                text run at (16,36) width 23: "baz"
              RenderBR {BR} at (38,36) size 1x19
              RenderText {#text} at (16,56) size 23x19
                text run at (16,56) width 23: "zap"
          RenderTableRow {TR} at (0,152) size 228x132
            RenderTableCell {TD} at (30,192) size 54x52 [border: (1px inset #808080)] [r=1 c=0 rs=1 cs=1]
              RenderText {#text} at (16,16) size 22x19
                text run at (16,16) width 22: "foo"
            RenderTableCell {TD} at (113,200) size 85x84 [border: (1px inset #808080)] [r=1 c=1 rs=1 cs=1]
              RenderBlock {DIV} at (16,16) size 52x52 [border: (1px solid #008000)]
                RenderBlock {DIV} at (1,1) size 402x302 [border: (1px solid #FF0000)]
                  RenderText {#text} at (1,1) size 8x19
                    text run at (1,1) width 8: "d"
