layer at (0,0) size 800x600
  RenderView at (0,0) size 800x600
layer at (0,0) size 800x153
  RenderBlock {html} at (0,0) size 800x153
    RenderBody {body} at (8,16) size 784x129
      RenderBlock {p} at (0,0) size 784x20
        RenderText {#text} at (0,0) size 458x19
          text run at (0,0) width 415: "There should be rules between all rows and columns in the table "
          text run at (414,0) width 44: "below."
      RenderTable {table} at (0,36) size 181x93 [border: (0.50px outset #808080)]
        RenderTableCol {colgroup} at (0,0) size 0x0
          RenderTableCol {col} at (0,0) size 0x0
        RenderTableCol {colgroup} at (0,0) size 0x0
          RenderTableCol {col} at (0,0) size 0x0
        RenderTableCol {colgroup} at (0,0) size 0x0
          RenderTableCol {col} at (0,0) size 0x0
        RenderTableSection {thead} at (0,0) size 181x24
          RenderTableRow {tr} at (0,0) size 180x23
            RenderTableCell {th} at (0,0) size 60x23 [border: (0.50px solid #808080)] [r=0 c=0 rs=1 cs=1]
              RenderText {#text} at (1,1) size 58x20
                text run at (1,1) width 58: "THEAD"
            RenderTableCell {th} at (59,0) size 61x23 [border: (0.50px solid #808080)] [r=0 c=1 rs=1 cs=1]
              RenderText {#text} at (1,1) size 58x20
                text run at (1,1) width 58: "THEAD"
            RenderTableCell {th} at (119,0) size 61x23 [border: (0.50px solid #808080)] [r=0 c=2 rs=1 cs=1]
              RenderText {#text} at (1,1) size 58x20
                text run at (1,1) width 58: "THEAD"
        RenderTableSection {tfoot} at (0,69) size 181x24
          RenderTableRow {tr} at (0,0) size 180x23
            RenderTableCell {td} at (0,0) size 60x23 [border: (0.50px solid #808080)] [r=0 c=0 rs=1 cs=1]
              RenderText {#text} at (1,1) size 53x20
                text run at (1,1) width 53: "TFOOT"
            RenderTableCell {td} at (59,0) size 61x23 [border: (0.50px solid #808080)] [r=0 c=1 rs=1 cs=1]
              RenderText {#text} at (1,1) size 53x20
                text run at (1,1) width 53: "TFOOT"
            RenderTableCell {td} at (119,0) size 61x23 [border: (0.50px solid #808080)] [r=0 c=2 rs=1 cs=1]
              RenderText {#text} at (1,1) size 53x20
                text run at (1,1) width 53: "TFOOT"
        RenderTableSection {tbody} at (0,23) size 181x47
          RenderTableRow {tr} at (0,0) size 180x23
            RenderTableCell {td} at (0,0) size 60x23 [border: (0.50px solid #808080)] [r=0 c=0 rs=1 cs=1]
              RenderText {#text} at (1,1) size 56x20
                text run at (1,1) width 56: "TBODY"
            RenderTableCell {td} at (59,0) size 61x23 [border: (0.50px solid #808080)] [r=0 c=1 rs=1 cs=1]
              RenderText {#text} at (1,1) size 56x20
                text run at (1,1) width 56: "TBODY"
            RenderTableCell {td} at (119,0) size 61x23 [border: (0.50px solid #808080)] [r=0 c=2 rs=1 cs=1]
              RenderText {#text} at (1,1) size 56x20
                text run at (1,1) width 56: "TBODY"
          RenderTableRow {tr} at (0,23) size 180x23
            RenderTableCell {td} at (0,23) size 60x23 [border: (0.50px solid #808080)] [r=1 c=0 rs=1 cs=1]
              RenderText {#text} at (1,1) size 56x20
                text run at (1,1) width 56: "TBODY"
            RenderTableCell {td} at (59,23) size 61x23 [border: (0.50px solid #808080)] [r=1 c=1 rs=1 cs=1]
              RenderText {#text} at (1,1) size 56x20
                text run at (1,1) width 56: "TBODY"
            RenderTableCell {td} at (119,23) size 61x23 [border: (0.50px solid #808080)] [r=1 c=2 rs=1 cs=1]
              RenderText {#text} at (1,1) size 56x20
                text run at (1,1) width 56: "TBODY"
