layer at (0,0) size 785x608
  RenderView at (0,0) size 785x600
layer at (0,0) size 136x600
  RenderBlock {HTML} at (0,0) size 136x600
    RenderBody {BODY} at (8,8) size 120x584
      RenderBlock (anonymous) at (0,0) size 20x584
        RenderInline {DIV} at (0,0) size 16x528 [color=#FFFFFF] [bgcolor=#FF0000]
          RenderText {#text} at (1,0) size 16x528
            text run at (1,0) width 528: "Ahem_font_required_for_this_test."
        RenderText {#text} at (0,0) size 0x0
layer at (28,8) size 100x300
  RenderBlock (relative positioned) {DIV} at (20,0) size 100x300 [bgcolor=#FF0000]
    RenderBlock {DIV} at (0,0) size 200x600 [color=#008000]
      RenderText {#text} at (0,0) size 100x300
        text run at (0,0) width 300: "XXX"
