layer at (0,0) size 800x600
  RenderView at (0,0) size 800x600
layer at (0,0) size 800x600
  RenderBlock {HTML} at (0,0) size 800x600
    RenderBody {BODY} at (8,8) size 784x576
      RenderBlock (anonymous) at (0,0) size 784x18
        RenderText {#text} at (0,0) size 769x18
          text run at (0,0) width 769: "This test uses the new text field to test focus() and blur() and to make sure that onFocus and onBlur events fire correctly."
      RenderBlock {P} at (0,34) size 784x19
        RenderTextControl {INPUT} at (0,0) size 147x19 [bgcolor=#FFFFFF] [border: (2px inset #808080)]
        RenderText {#text} at (146,0) size 5x18
          text run at (146,0) width 5: " "
        RenderTextControl {INPUT} at (150,0) size 148x19 [bgcolor=#FFFFFF] [border: (2px inset #808080)]
        RenderText {#text} at (0,0) size 0x0
      RenderBlock {DIV} at (0,69) size 784x72
        RenderBR {BR} at (0,0) size 0x18
        RenderText {#text} at (0,18) size 324x18
          text run at (0,18) width 324: "Test Passed. Text field 1's onFocus event has fired."
        RenderBR {BR} at (323,18) size 1x18
        RenderText {#text} at (0,36) size 314x18
          text run at (0,36) width 314: "Test Passed. Text field 1's onBlur event has fired."
        RenderBR {BR} at (313,36) size 1x18
        RenderText {#text} at (0,54) size 324x18
          text run at (0,54) width 324: "Test Passed. Text field 2's onFocus event has fired."
      RenderBlock {P} at (0,157) size 784x0
layer at (11,45) size 141x13
  RenderBlock {DIV} at (3,3) size 141x13
    RenderText {#text} at (0,0) size 78x13
      text run at (0,0) width 78: "My Text Field 1"
layer at (162,45) size 141x13
  RenderBlock {DIV} at (3,3) size 141x13
    RenderText {#text} at (0,0) size 80x13
      text run at (0,0) width 80: "My Text Field 2"
selection start: position 0 of child 0 {#text} of child 0 {DIV} of {#document-fragment} of child 3 {INPUT} of child 1 {P} of body
selection end:   position 15 of child 0 {#text} of child 0 {DIV} of {#document-fragment} of child 3 {INPUT} of child 1 {P} of body
