layer at (0,0) size 800x600
  RenderView at (0,0) size 800x600
layer at (0,0) size 800x600
  RenderBlock {HTML} at (0,0) size 800x600
    RenderBody {BODY} at (8,8) size 784x576
      RenderBlock {P} at (0,0) size 784x36
        RenderText {#text} at (0,0) size 772x36
          text run at (0,0) width 431: "Test that search field text is vertically centered if the search field is "
          text run at (430,0) width 342: "taller than the text. In each of the following pairs of a"
          text run at (0,18) width 105: "search field and "
          text run at (104,18) width 366: "a text field, the vertical position of the text should be the "
          text run at (469,18) width 125: "same in both fields."
      RenderBlock {P} at (0,52) size 784x45
        RenderTextControl {INPUT} at (0,0) size 147x45 [bgcolor=#FFFFFF] [border: (2px inset #808080)]
          RenderFlexibleBox {DIV} at (3,3) size 141x39
            RenderBlock {DIV} at (0,10) size 17x19
            RenderBlock {DIV} at (17,13) size 105x13
            RenderBlock {DIV} at (121,10) size 20x19
        RenderText {#text} at (146,13) size 5x18
          text run at (146,13) width 5: " "
        RenderTextControl {INPUT} at (150,0) size 148x45 [bgcolor=#FFFFFF] [border: (2px inset #808080)]
        RenderText {#text} at (0,0) size 0x0
      RenderBlock {P} at (0,113) size 784x18
        RenderTextControl {INPUT} at (0,2) size 147x16 [bgcolor=#FFFFFF] [border: (2px inset #808080)]
          RenderFlexibleBox {DIV} at (3,0) size 141x16
            RenderBlock {DIV} at (0,0) size 17x19
            RenderBlock {DIV} at (17,1) size 105x14
            RenderBlock {DIV} at (121,0) size 20x19
        RenderText {#text} at (146,0) size 5x18
          text run at (146,0) width 5: " "
        RenderTextControl {INPUT} at (150,2) size 148x16 [bgcolor=#FFFFFF] [border: (2px inset #808080)]
        RenderText {#text} at (0,0) size 0x0
      RenderBlock {P} at (0,147) size 784x18
        RenderTextControl {INPUT} at (0,5) size 147x12 [bgcolor=#FFFFFF] [border: (2px inset #808080)]
          RenderFlexibleBox {DIV} at (3,0) size 141x12
            RenderBlock {DIV} at (0,0) size 17x19
            RenderBlock {DIV} at (17,3) size 105x6
            RenderBlock {DIV} at (121,0) size 20x19
        RenderText {#text} at (146,0) size 5x18
          text run at (146,0) width 5: " "
        RenderTextControl {INPUT} at (150,4) size 148x12 [bgcolor=#FFFFFF] [border: (2px inset #808080)]
        RenderText {#text} at (0,0) size 0x0
layer at (28,76) size 105x13
  RenderBlock {DIV} at (0,0) size 105x13
    RenderText {#text} at (0,0) size 22x13
      text run at (0,0) width 22: "Text"
layer at (162,76) size 141x13
  RenderBlock {DIV} at (3,16) size 141x13
    RenderText {#text} at (0,0) size 22x13
      text run at (0,0) width 22: "Text"
layer at (28,125) size 105x13
  RenderBlock {DIV} at (0,0) size 105x13
    RenderText {#text} at (0,0) size 22x13
      text run at (0,0) width 22: "Text"
layer at (162,125) size 141x13
  RenderBlock {DIV} at (3,1) size 141x14
    RenderText {#text} at (0,0) size 22x13
      text run at (0,0) width 22: "Text"
layer at (28,163) size 105x6 scrollHeight 13
  RenderBlock {DIV} at (0,0) size 105x6
    RenderText {#text} at (0,0) size 22x13
      text run at (0,0) width 22: "Text"
layer at (162,159) size 141x13
  RenderBlock {DIV} at (3,-1) size 141x14
    RenderText {#text} at (0,0) size 22x13
      text run at (0,0) width 22: "Text"
