layer at (0,0) size 800x600
  RenderView at (0,0) size 800x600
layer at (0,0) size 800x600
  RenderBlock {HTML} at (0,0) size 800x600
    RenderBody {BODY} at (8,8) size 784x576
      RenderBlock {P} at (0,0) size 784x18
        RenderText {#text} at (0,0) size 54x18
          text run at (0,0) width 54: "Test for "
        RenderInline {I} at (53,0) size 702x18
          RenderInline {A} at (53,0) size 304x18 [color=#0000EE]
            RenderText {#text} at (53,0) size 304x18
              text run at (53,0) width 304: "http://bugs.webkit.org/show_bug.cgi?id=11916"
          RenderText {#text} at (356,0) size 399x18
            text run at (356,0) width 5: " "
            text run at (360,0) width 395: "REGRESSION (SearchField): RTL search fields are mixed up"
        RenderText {#text} at (754,0) size 5x18
          text run at (754,0) width 5: "."
      RenderBlock {P} at (0,34) size 784x57
        RenderTextControl {INPUT} at (0,0) size 146x19 [bgcolor=#FFFFFF] [border: (2px inset #000000)]
          RenderFlexibleBox {DIV} at (3,0) size 140x19
            RenderBlock {DIV} at (117,0) size 23x19
            RenderBlock {DIV} at (19,3) size 99x13
            RenderBlock {DIV} at (0,0) size 19x19
        RenderBR {BR} at (145,0) size 1x18
        RenderTextControl {INPUT} at (0,19) size 257x19 [bgcolor=#FFFFFF] [border: (2px inset #000000)]
          RenderFlexibleBox {DIV} at (3,0) size 251x19
            RenderBlock {DIV} at (228,0) size 23x19
            RenderBlock {DIV} at (19,3) size 210x13
            RenderBlock {DIV} at (0,0) size 19x19
        RenderBR {BR} at (256,19) size 1x18
        RenderTextControl {INPUT} at (0,38) size 146x19 [bgcolor=#FFFFFF] [border: (2px inset #000000)]
          RenderFlexibleBox {DIV} at (3,0) size 140x19
            RenderBlock {DIV} at (117,0) size 23x19
            RenderBlock {DIV} at (19,3) size 99x13
            RenderBlock {DIV} at (0,0) size 19x19
        RenderText {#text} at (0,0) size 0x0
      RenderBlock {P} at (0,107) size 784x18
        RenderText {#text} at (0,0) size 37x18
          text run at (0,0) width 37: "PASS"
layer at (30,45) size 99x13 scrollX 33 scrollWidth 132
  RenderBlock {DIV} at (0,0) size 99x13
    RenderText {#text} at (-34,0) size 133x13
      text run at (-33,0) width 19 RTL: "\x{5D5}\x{5D6}\x{5D4}\x{5D5}"
      text run at (-14,0) width 3 RTL: " "
      text run at (-11,0) width 19: "she"
      text run at (7,0) width 4 RTL: " "
      text run at (10,0) width 13 RTL: "\x{5D6}\x{5D4}"
      text run at (22,0) width 4 RTL: " "
      text run at (25,0) width 22 RTL: "\x{5D5}\x{5D4}\x{5D9}\x{5D0}"
      text run at (46,0) width 4 RTL: " "
      text run at (49,0) width 14: "he"
      text run at (62,0) width 4 RTL: " "
      text run at (65,0) width 14 RTL: "\x{5D6}\x{5D4}"
      text run at (78,0) width 4 RTL: " "
      text run at (81,0) width 18 RTL: "\x{5D4}\x{5D5}\x{5D0}"
layer at (30,64) size 210x13
  RenderBlock {DIV} at (0,0) size 210x13
    RenderText {#text} at (77,0) size 133x13
      text run at (77,0) width 20 RTL: "\x{5D5}\x{5D6}\x{5D4}\x{5D5}"
      text run at (96,0) width 4 RTL: " "
      text run at (99,0) width 20: "she"
      text run at (118,0) width 4 RTL: " "
      text run at (121,0) width 13 RTL: "\x{5D6}\x{5D4}"
      text run at (133,0) width 4 RTL: " "
      text run at (136,0) width 22 RTL: "\x{5D5}\x{5D4}\x{5D9}\x{5D0}"
      text run at (157,0) width 4 RTL: " "
      text run at (160,0) width 14: "he"
      text run at (173,0) width 4 RTL: " "
      text run at (176,0) width 13 RTL: "\x{5D6}\x{5D4}"
      text run at (188,0) width 5 RTL: " "
      text run at (192,0) width 18 RTL: "\x{5D4}\x{5D5}\x{5D0}"
layer at (30,83) size 99x13
  RenderBlock {DIV} at (0,0) size 99x13
caret: position 0 of child 0 {DIV} of child 1 {DIV} of child 0 {DIV} of {#document-fragment} of child 7 {INPUT} of child 3 {P} of body
