layer at (0,0) size 800x600
  RenderView at (0,0) size 800x600
layer at (0,0) size 800x600
  RenderBlock {HTML} at (0,0) size 800x600
    RenderBody {BODY} at (8,8) size 784x584
      RenderBlock {P} at (0,0) size 784x18
        RenderText {#text} at (0,0) size 632x18
          text run at (0,0) width 632: "This tests that native pop-ups are rendered in logical order even in visually-ordered Hebrew pages."
      RenderBlock {P} at (0,52) size 784x19
        RenderText {#text} at (0,1) size 398x18
          text run at (0,1) width 398: "Text on the pop-up and in the list should look like this: \x{5E8}\x{5D5}\x{5EA}\x{5E4}\x{5DB}"
      RenderBlock (anonymous) at (0,87) size 784x18
        RenderMenuList {SELECT} at (0,0) size 62x18 [bgcolor=#FFFFFF]
          RenderBlock (anonymous) at (0,0) size 62x18
            RenderText at (8,2) size 31x13
              text run at (8,2) width 31 RTL: "\x{5DB}\x{5E4}\x{5EA}\x{5D5}\x{5E8}"
        RenderText {#text} at (0,0) size 0x0
layer at (8,42) size 784x2 clip at (0,0) size 0x0
  RenderBlock {HR} at (0,34) size 784x2 [color=#808080] [border: (1px inset #808080)]
