EDITING DELEGATE: shouldBeginEditingInDOMRange:range from 0 of BODY > HTML > #document to 6 of BODY > HTML > #document
EDITING DELEGATE: webViewDidBeginEditing:WebViewDidBeginEditingNotification
EDITING DELEGATE: webViewDidChangeSelection:WebViewDidChangeSelectionNotification
EDITING DELEGATE: webViewDidChangeSelection:WebViewDidChangeSelectionNotification
EDITING DELEGATE: webViewDidChangeSelection:WebViewDidChangeSelectionNotification
EDITING DELEGATE: webViewDidChangeSelection:WebViewDidChangeSelectionNotification
EDITING DELEGATE: shouldChangeSelectedDOMRange:range from 1 of DIV > DIV > BODY > HTML > #document to 2 of #text > DIV > DIV > DIV > BODY > HTML > #document toDOMRange:range from 0 of #text > DIV > DIV > DIV > BODY > HTML > #document to 2 of #text > DIV > DIV > DIV > BODY > HTML > #document affinity:NSSelectionAffinityDownstream stillSelecting:FALSE
EDITING DELEGATE: webViewDidChangeSelection:WebViewDidChangeSelectionNotification
EDITING DELEGATE: webViewDidChange:WebViewDidChangeNotification
layer at (0,0) size 800x600
  RenderView at (0,0) size 800x600
layer at (0,0) size 800x600
  RenderBlock {HTML} at (0,0) size 800x600
    RenderBody {BODY} at (8,8) size 784x584
      RenderBlock {DIV} at (0,0) size 784x82 [border: (2px solid #0000FF)]
        RenderText {#text} at (14,14) size 719x53
          text run at (14,14) width 713: "Should see the \"foo\" and \"baz\" lines centered in their own red boxes. The"
          text run at (726,14) width 7: " "
          text run at (14,41) width 328: "\"baz\" line should not be centered."
      RenderBlock {DIV} at (0,106) size 784x137
        RenderBlock {DIV} at (0,0) size 784x137 [border: (2px solid #FF0000)]
          RenderBlock {DIV} at (14,14) size 756x27
            RenderText {#text} at (362,0) size 32x26
              text run at (362,0) width 32: "foo"
          RenderBlock {DIV} at (14,41) size 756x55 [border: (2px solid #FF0000)]
            RenderText {#text} at (362,14) size 32x26
              text run at (362,14) width 32: "bar"
          RenderBlock (anonymous) at (14,96) size 756x27
            RenderText {#text} at (0,0) size 34x26
              text run at (0,0) width 34: "baz"
selection start: position 0 of child 0 {#text} of child 0 {DIV} of child 1 {DIV} of child 3 {DIV} of body
selection end:   position 2 of child 0 {#text} of child 1 {DIV} of child 1 {DIV} of child 3 {DIV} of body
