EDITING DELEGATE: shouldBeginEditingInDOMRange:range from 0 of DIV > BODY > HTML > #document to 4 of DIV > BODY > HTML > #document
EDITING DELEGATE: webViewDidBeginEditing:WebViewDidBeginEditingNotification
EDITING DELEGATE: webViewDidChangeSelection:WebViewDidChangeSelectionNotification
EDITING DELEGATE: webViewDidChangeSelection:WebViewDidChangeSelectionNotification
EDITING DELEGATE: shouldDeleteDOMRange:range from 1 of #text > DIV > DIV > DIV > BODY > HTML > #document to 4 of #text > DIV > DIV > DIV > BODY > HTML > #document
EDITING DELEGATE: webViewDidChangeSelection:WebViewDidChangeSelectionNotification
EDITING DELEGATE: shouldChangeSelectedDOMRange:range from 0 of DIV > DIV > DIV > BODY > HTML > #document to 0 of DIV > DIV > DIV > BODY > HTML > #document toDOMRange:range from 0 of DIV > DIV > DIV > BODY > HTML > #document to 0 of DIV > DIV > DIV > BODY > HTML > #document affinity:NSSelectionAffinityDownstream stillSelecting:FALSE
EDITING DELEGATE: webViewDidChangeSelection:WebViewDidChangeSelectionNotification
EDITING DELEGATE: webViewDidChange:WebViewDidChangeNotification
EDITING DELEGATE: shouldInsertNode:#document-fragment replacingDOMRange:range from 0 of DIV > DIV > DIV > BODY > HTML > #document to 0 of DIV > DIV > DIV > BODY > HTML > #document givenAction:WebViewInsertActionPasted
EDITING DELEGATE: shouldChangeSelectedDOMRange:range from 3 of #text > DIV > DIV > DIV > BODY > HTML > #document to 3 of #text > DIV > DIV > DIV > BODY > HTML > #document toDOMRange:range from 3 of #text > DIV > DIV > DIV > BODY > HTML > #document to 3 of #text > DIV > DIV > DIV > BODY > HTML > #document affinity:NSSelectionAffinityDownstream stillSelecting:FALSE
EDITING DELEGATE: webViewDidChangeSelection:WebViewDidChangeSelectionNotification
EDITING DELEGATE: webViewDidChange:WebViewDidChangeNotification
layer at (0,0) size 800x600
  RenderView at (0,0) size 800x600
layer at (0,0) size 800x600
  RenderBlock {HTML} at (0,0) size 800x600
    RenderBody {BODY} at (8,8) size 784x584
      RenderBlock {DIV} at (0,0) size 784x252 [border: (2px solid #0000FF)]
        RenderBlock {DIV} at (14,14) size 756x104
          RenderText {#text} at (0,0) size 67x26
            text run at (0,0) width 67: "Tests: "
          RenderBR {BR} at (0,0) size 0x0
          RenderText {#text} at (0,26) size 750x52
            text run at (0,26) width 750: "Pasting styles we should not remove during the \"smoosh styles\" process. This"
            text run at (0,52) width 152: "tests the fix for "
          RenderInline {A} at (0,0) size 260x26 [color=#0000EE]
            RenderText {#text} at (152,52) size 260x26
              text run at (152,52) width 260: "<rdar://problem/3972665>"
          RenderText {#text} at (412,52) size 740x52
            text run at (412,52) width 328: " 8A360: HTML message partially"
            text run at (0,78) width 560: "truncated on left hand side, text-indent from Script Editor"
        RenderBlock {DIV} at (14,134) size 756x104
          RenderText {#text} at (0,0) size 189x26
            text run at (0,0) width 189: "Expected Results: "
          RenderBR {BR} at (189,21) size 0x0
          RenderText {#text} at (0,26) size 730x52
            text run at (0,26) width 730: "Should see this content in the red box below: foo. Note that there should be"
            text run at (0,52) width 174: "no visible indent. "
          RenderBR {BR} at (174,73) size 0x0
          RenderText {#text} at (0,78) size 183x26
            text run at (0,78) width 183: "This demonstrates "
          RenderInline {A} at (0,0) size 53x26 [color=#0000EE]
            RenderText {#text} at (183,78) size 53x26
              text run at (183,78) width 53: "a bug"
          RenderText {#text} at (236,78) size 254x26
            text run at (236,78) width 254: ", the caret is one pixel off."
      RenderBlock {DIV} at (0,276) size 784x30
        RenderBlock {DIV} at (0,0) size 784x30 [border: (2px solid #FF0000)]
          RenderBlock {DIV} at (42,2) size 740x26
            RenderText {#text} at (-40,0) size 32x26
              text run at (-40,0) width 32: "foo"
caret: position 3 of child 0 {#text} of child 1 {DIV} of child 1 {DIV} of child 3 {DIV} of body
