layer at (0,0) size 808x585
  RenderView at (0,0) size 800x585
layer at (-8,0) size 808x585 backgroundClip at (0,0) size 808x585 clip at (0,0) size 808x585
  RenderBlock {HTML} at (0,0) size 808x585
    RenderBody {BODY} at (8,8) size 792x569
layer at (404,8) size 388x569
  RenderBlock {DIV} at (0,0) size 388x569 [border: (5px solid #0000FF)]
    RenderMultiColumnSet at (5,5) size 378x559
layer at (337,13) size 450x272
  RenderMultiColumnFlowThread at (5,5) size 450x272
    RenderBlock (anonymous) at (0,0) size 378x272
      RenderText {#text} at (0,0) size 17x110
        text run at (0,0) width 110: "This is some text."
      RenderBR {BR} at (0,110) size 17x0
      RenderText {#text} at (18,0) size 17x110
        text run at (18,0) width 110: "This is some text."
      RenderBR {BR} at (18,110) size 17x0
      RenderText {#text} at (36,0) size 17x110
        text run at (36,0) width 110: "This is some text."
      RenderBR {BR} at (36,110) size 17x0
      RenderText {#text} at (54,0) size 17x110
        text run at (54,0) width 110: "This is some text."
      RenderBR {BR} at (54,110) size 17x0
      RenderText {#text} at (72,0) size 17x110
        text run at (72,0) width 110: "This is some text."
      RenderBR {BR} at (72,110) size 17x0
      RenderText {#text} at (90,0) size 17x110
        text run at (90,0) width 110: "This is some text."
      RenderBR {BR} at (90,110) size 17x0
      RenderText {#text} at (108,0) size 17x110
        text run at (108,0) width 110: "This is some text."
      RenderBR {BR} at (108,110) size 17x0
      RenderText {#text} at (126,0) size 17x110
        text run at (126,0) width 110: "This is some text."
      RenderBR {BR} at (126,110) size 17x0
      RenderText {#text} at (144,0) size 17x110
        text run at (144,0) width 110: "This is some text."
      RenderBR {BR} at (144,110) size 17x0
      RenderText {#text} at (162,0) size 17x110
        text run at (162,0) width 110: "This is some text."
      RenderBR {BR} at (162,110) size 17x0
      RenderText {#text} at (180,0) size 17x110
        text run at (180,0) width 110: "This is some text."
      RenderBR {BR} at (180,110) size 17x0
      RenderText {#text} at (198,0) size 17x110
        text run at (198,0) width 110: "This is some text."
      RenderBR {BR} at (198,110) size 17x0
      RenderText {#text} at (216,0) size 17x110
        text run at (216,0) width 110: "This is some text."
      RenderBR {BR} at (216,110) size 17x0
      RenderText {#text} at (234,0) size 17x110
        text run at (234,0) width 110: "This is some text."
      RenderBR {BR} at (234,110) size 17x0
      RenderText {#text} at (252,0) size 17x110
        text run at (252,0) width 110: "This is some text."
      RenderBR {BR} at (252,110) size 17x0
      RenderText {#text} at (270,0) size 17x110
        text run at (270,0) width 110: "This is some text."
      RenderBR {BR} at (270,110) size 17x0
      RenderText {#text} at (288,0) size 17x110
        text run at (288,0) width 110: "This is some text."
      RenderBR {BR} at (288,110) size 17x0
      RenderText {#text} at (306,0) size 17x110
        text run at (306,0) width 110: "This is some text."
      RenderBR {BR} at (306,110) size 17x0
      RenderText {#text} at (324,0) size 17x110
        text run at (324,0) width 110: "This is some text."
      RenderBR {BR} at (324,110) size 17x0
      RenderText {#text} at (342,0) size 17x110
        text run at (342,0) width 110: "This is some text."
      RenderBR {BR} at (342,110) size 17x0
      RenderText {#text} at (360,0) size 17x110
        text run at (360,0) width 110: "This is some text."
      RenderBR {BR} at (360,110) size 17x0
    RenderBlock {DIV} at (378,0) size 72x272
      RenderText {#text} at (0,0) size 17x262
        text run at (0,0) width 262: "This text should be in the second column."
      RenderBR {BR} at (0,262) size 17x0
      RenderText {#text} at (18,0) size 17x262
        text run at (18,0) width 262: "This text should be in the second column."
      RenderBR {BR} at (18,262) size 17x0
      RenderText {#text} at (36,0) size 17x262
        text run at (36,0) width 262: "This text should be in the second column."
      RenderBR {BR} at (36,262) size 17x0
      RenderText {#text} at (54,0) size 17x262
        text run at (54,0) width 262: "This text should be in the second column."
      RenderBR {BR} at (54,262) size 17x0
layer at (0,8) size 388x569
  RenderBlock {DIV} at (404,0) size 388x569 [border: (5px solid #0000FF)]
    RenderMultiColumnSet at (5,5) size 378x559
layer at (-373,13) size 756x272 backgroundClip at (0,0) size 808x585 clip at (0,0) size 808x585
  RenderMultiColumnFlowThread at (5,5) size 756x272
    RenderBlock (anonymous) at (0,0) size 72x272
      RenderText {#text} at (0,0) size 17x242
        text run at (0,0) width 242: "This text should be in the first column."
      RenderBR {BR} at (0,242) size 17x0
      RenderText {#text} at (18,0) size 17x242
        text run at (18,0) width 242: "This text should be in the first column."
      RenderBR {BR} at (18,242) size 17x0
      RenderText {#text} at (36,0) size 17x242
        text run at (36,0) width 242: "This text should be in the first column."
      RenderBR {BR} at (36,242) size 17x0
      RenderText {#text} at (54,0) size 17x242
        text run at (54,0) width 242: "This text should be in the first column."
      RenderBR {BR} at (54,242) size 17x0
    RenderBlock {DIV} at (378,0) size 378x272
      RenderText {#text} at (0,0) size 17x110
        text run at (0,0) width 110: "This is some text."
      RenderBR {BR} at (0,110) size 17x0
      RenderText {#text} at (18,0) size 17x110
        text run at (18,0) width 110: "This is some text."
      RenderBR {BR} at (18,110) size 17x0
      RenderText {#text} at (36,0) size 17x110
        text run at (36,0) width 110: "This is some text."
      RenderBR {BR} at (36,110) size 17x0
      RenderText {#text} at (54,0) size 17x110
        text run at (54,0) width 110: "This is some text."
      RenderBR {BR} at (54,110) size 17x0
      RenderText {#text} at (72,0) size 17x110
        text run at (72,0) width 110: "This is some text."
      RenderBR {BR} at (72,110) size 17x0
      RenderText {#text} at (90,0) size 17x110
        text run at (90,0) width 110: "This is some text."
      RenderBR {BR} at (90,110) size 17x0
      RenderText {#text} at (108,0) size 17x110
        text run at (108,0) width 110: "This is some text."
      RenderBR {BR} at (108,110) size 17x0
      RenderText {#text} at (126,0) size 17x110
        text run at (126,0) width 110: "This is some text."
      RenderBR {BR} at (126,110) size 17x0
      RenderText {#text} at (144,0) size 17x110
        text run at (144,0) width 110: "This is some text."
      RenderBR {BR} at (144,110) size 17x0
      RenderText {#text} at (162,0) size 17x110
        text run at (162,0) width 110: "This is some text."
      RenderBR {BR} at (162,110) size 17x0
      RenderText {#text} at (180,0) size 17x110
        text run at (180,0) width 110: "This is some text."
      RenderBR {BR} at (180,110) size 17x0
      RenderText {#text} at (198,0) size 17x110
        text run at (198,0) width 110: "This is some text."
      RenderBR {BR} at (198,110) size 17x0
      RenderText {#text} at (216,0) size 17x110
        text run at (216,0) width 110: "This is some text."
      RenderBR {BR} at (216,110) size 17x0
      RenderText {#text} at (234,0) size 17x110
        text run at (234,0) width 110: "This is some text."
      RenderBR {BR} at (234,110) size 17x0
      RenderText {#text} at (252,0) size 17x110
        text run at (252,0) width 110: "This is some text."
      RenderBR {BR} at (252,110) size 17x0
      RenderText {#text} at (270,0) size 17x110
        text run at (270,0) width 110: "This is some text."
      RenderBR {BR} at (270,110) size 17x0
      RenderText {#text} at (288,0) size 17x110
        text run at (288,0) width 110: "This is some text."
      RenderBR {BR} at (288,110) size 17x0
      RenderText {#text} at (306,0) size 17x110
        text run at (306,0) width 110: "This is some text."
      RenderBR {BR} at (306,110) size 17x0
      RenderText {#text} at (324,0) size 17x110
        text run at (324,0) width 110: "This is some text."
      RenderBR {BR} at (324,110) size 17x0
      RenderText {#text} at (342,0) size 17x110
        text run at (342,0) width 110: "This is some text."
      RenderBR {BR} at (342,110) size 17x0
      RenderText {#text} at (360,0) size 17x110
        text run at (360,0) width 110: "This is some text."
      RenderBR {BR} at (360,110) size 17x0
