layer at (0,0) size 785x1208
  RenderView at (0,0) size 785x600
layer at (0,0) size 785x600
  RenderBlock {HTML} at (0,0) size 785x600
    RenderBody {BODY} at (8,8) size 769x1200
layer at (373,8) size 404x1200
  RenderBlock {DIV} at (0,0) size 404x1200 [border: (2px solid #000000)]
    RenderMultiColumnSet at (2,2) size 400x1196
layer at (-169,10) size 944x388 backgroundClip at (0,0) size 785x1208 clip at (0,0) size 785x1208
  RenderMultiColumnFlowThread at (2,2) size 944x388
    RenderText {#text} at (0,0) size 17x110
      text run at (0,0) width 110: "This is some text."
    RenderBR {BR} at (0,110) size 17x0
    RenderText {#text} at (18,0) size 17x110
      text run at (18,0) width 110: "This is some text."
    RenderBR {BR} at (18,110) size 17x0
    RenderText {#text} at (36,0) size 17x110
      text run at (36,0) width 110: "This is some text."
    RenderBR {BR} at (36,110) size 17x0
    RenderText {#text} at (54,0) size 17x110
      text run at (54,0) width 110: "This is some text."
    RenderBR {BR} at (54,110) size 17x0
    RenderText {#text} at (72,0) size 17x110
      text run at (72,0) width 110: "This is some text."
    RenderBR {BR} at (72,110) size 17x0
    RenderText {#text} at (90,0) size 17x110
      text run at (90,0) width 110: "This is some text."
    RenderBR {BR} at (90,110) size 17x0
    RenderText {#text} at (108,0) size 17x110
      text run at (108,0) width 110: "This is some text."
    RenderBR {BR} at (108,110) size 17x0
    RenderText {#text} at (126,0) size 17x110
      text run at (126,0) width 110: "This is some text."
    RenderBR {BR} at (126,110) size 17x0
    RenderText {#text} at (144,0) size 17x110
      text run at (144,0) width 110: "This is some text."
    RenderBR {BR} at (144,110) size 17x0
    RenderText {#text} at (162,0) size 17x110
      text run at (162,0) width 110: "This is some text."
    RenderBR {BR} at (162,110) size 17x0
    RenderImage {IMG} at (400,0) size 300x250 [bgcolor=#008000]
    RenderText {#text} at (400,250) size 17x110
      text run at (400,250) width 110: "This is some text."
    RenderBR {BR} at (400,360) size 17x0
    RenderText {#text} at (418,250) size 17x110
      text run at (418,250) width 110: "This is some text."
    RenderBR {BR} at (418,360) size 17x0
    RenderText {#text} at (436,250) size 17x110
      text run at (436,250) width 110: "This is some text."
    RenderBR {BR} at (436,360) size 17x0
    RenderText {#text} at (454,250) size 17x110
      text run at (454,250) width 110: "This is some text."
    RenderBR {BR} at (454,360) size 17x0
    RenderText {#text} at (472,250) size 17x110
      text run at (472,250) width 110: "This is some text."
    RenderBR {BR} at (472,360) size 17x0
    RenderText {#text} at (490,250) size 17x110
      text run at (490,250) width 110: "This is some text."
    RenderBR {BR} at (490,360) size 17x0
    RenderText {#text} at (508,250) size 17x110
      text run at (508,250) width 110: "This is some text."
    RenderBR {BR} at (508,360) size 17x0
    RenderText {#text} at (526,250) size 17x110
      text run at (526,250) width 110: "This is some text."
    RenderBR {BR} at (526,360) size 17x0
    RenderText {#text} at (544,250) size 17x110
      text run at (544,250) width 110: "This is some text."
    RenderBR {BR} at (544,360) size 17x0
    RenderText {#text} at (562,250) size 17x110
      text run at (562,250) width 110: "This is some text."
    RenderBR {BR} at (562,360) size 17x0
    RenderText {#text} at (580,250) size 17x110
      text run at (580,250) width 110: "This is some text."
    RenderBR {BR} at (580,360) size 17x0
    RenderText {#text} at (598,250) size 17x110
      text run at (598,250) width 110: "This is some text."
    RenderBR {BR} at (598,360) size 17x0
    RenderText {#text} at (616,250) size 17x110
      text run at (616,250) width 110: "This is some text."
    RenderBR {BR} at (616,360) size 17x0
    RenderText {#text} at (634,250) size 17x110
      text run at (634,250) width 110: "This is some text."
    RenderBR {BR} at (634,360) size 17x0
    RenderText {#text} at (652,250) size 17x110
      text run at (652,250) width 110: "This is some text."
    RenderBR {BR} at (652,360) size 17x0
    RenderText {#text} at (670,250) size 17x110
      text run at (670,250) width 110: "This is some text."
    RenderBR {BR} at (670,360) size 17x0
    RenderText {#text} at (688,250) size 17x110
      text run at (688,250) width 110: "This is some text."
    RenderBR {BR} at (688,360) size 17x0
    RenderText {#text} at (706,0) size 17x110
      text run at (706,0) width 110: "This is some text."
    RenderBR {BR} at (706,110) size 17x0
    RenderText {#text} at (724,0) size 17x110
      text run at (724,0) width 110: "This is some text."
    RenderBR {BR} at (724,110) size 17x0
    RenderText {#text} at (742,0) size 17x110
      text run at (742,0) width 110: "This is some text."
    RenderBR {BR} at (742,110) size 17x0
    RenderText {#text} at (760,0) size 17x110
      text run at (760,0) width 110: "This is some text."
    RenderBR {BR} at (760,110) size 17x0
    RenderText {#text} at (778,0) size 17x110
      text run at (778,0) width 110: "This is some text."
    RenderBR {BR} at (778,110) size 17x0
    RenderText {#text} at (800,0) size 17x110
      text run at (800,0) width 110: "This is some text."
    RenderBR {BR} at (800,110) size 17x0
    RenderText {#text} at (818,0) size 17x110
      text run at (818,0) width 110: "This is some text."
    RenderBR {BR} at (818,110) size 17x0
    RenderText {#text} at (836,0) size 17x110
      text run at (836,0) width 110: "This is some text."
    RenderBR {BR} at (836,110) size 17x0
    RenderText {#text} at (854,0) size 17x110
      text run at (854,0) width 110: "This is some text."
    RenderBR {BR} at (854,110) size 17x0
    RenderText {#text} at (872,0) size 17x110
      text run at (872,0) width 110: "This is some text."
    RenderBR {BR} at (872,110) size 17x0
    RenderText {#text} at (890,0) size 17x110
      text run at (890,0) width 110: "This is some text."
    RenderBR {BR} at (890,110) size 17x0
    RenderText {#text} at (908,0) size 17x110
      text run at (908,0) width 110: "This is some text."
    RenderBR {BR} at (908,110) size 17x0
    RenderText {#text} at (926,0) size 17x110
      text run at (926,0) width 110: "This is some text."
    RenderBR {BR} at (926,110) size 17x0
