layer at (0,0) size 800x600
  RenderView at (0,0) size 800x600
layer at (0,0) size 800x600
  RenderBlock {HTML} at (0,0) size 800x600
    RenderBody {BODY} at (8,8) size 784x584
      RenderBlock (anonymous) at (0,0) size 784x18
        RenderText {#text} at (0,0) size 146x18
          text run at (0,0) width 146: "Scrollbars should work"
layer at (8,26) size 100x100 clip at (8,26) size 85x85 scrollWidth 238 scrollHeight 180
  RenderBlock (relative positioned) {DIV} at (0,18) size 100x100
    RenderText {#text} at (0,0) size 238x18
      text run at (0,0) width 238: "aaaaaaaaaaaaaaaaaaaaaaaaaaaaaaaaaa"
    RenderBR {BR} at (0,0) size 0x0
    RenderText {#text} at (0,18) size 7x18
      text run at (0,18) width 7: "a"
    RenderBR {BR} at (7,32) size 0x0
    RenderText {#text} at (0,36) size 7x18
      text run at (0,36) width 7: "a"
    RenderBR {BR} at (7,50) size 0x0
    RenderText {#text} at (0,54) size 7x18
      text run at (0,54) width 7: "a"
    RenderBR {BR} at (7,68) size 0x0
    RenderText {#text} at (0,72) size 7x18
      text run at (0,72) width 7: "a"
    RenderBR {BR} at (7,86) size 0x0
    RenderText {#text} at (0,90) size 7x18
      text run at (0,90) width 7: "a"
    RenderBR {BR} at (7,104) size 0x0
    RenderText {#text} at (0,108) size 7x18
      text run at (0,108) width 7: "a"
    RenderBR {BR} at (7,122) size 0x0
    RenderText {#text} at (0,126) size 7x18
      text run at (0,126) width 7: "a"
    RenderBR {BR} at (7,140) size 0x0
    RenderText {#text} at (0,144) size 7x18
      text run at (0,144) width 7: "a"
    RenderBR {BR} at (7,158) size 0x0
    RenderText {#text} at (0,162) size 7x18
      text run at (0,162) width 7: "a"
    RenderBR {BR} at (7,176) size 0x0
