layer at (0,0) size 800x600
  RenderView at (0,0) size 800x600
layer at (0,0) size 800x600
  RenderBlock {HTML} at (0,0) size 800x600
    RenderBody {BODY} at (8,8) size 784x576
      RenderBlock {DIV} at (0,0) size 784x222
        RenderBlock {P} at (0,0) size 784x18
          RenderText {#text} at (0,0) size 543x17
            text run at (0,0) width 543: "This test verifies that the text-shadow CSS property works properly for complex text"
        RenderBlock {P} at (0,34) size 784x18
          RenderText {#text} at (0,0) size 278x17
            text run at (0,0) width 278: "The following text should have no shadow:"
        RenderBlock {P} at (0,68) size 784x18
          RenderText {#text} at (0,0) size 355x17
            text run at (0,0) width 355: "A B C D E F G H I J K L M N O P Q R S T U V X Y Z"
        RenderBlock {P} at (0,102) size 784x18
          RenderText {#text} at (0,0) size 344x17
            text run at (0,0) width 344: "The following text should have a green solid shadow:"
        RenderBlock {P} at (0,136) size 784x18
          RenderText {#text} at (0,0) size 355x17
            text run at (0,0) width 355: "A B C D E F G H I J K L M N O P Q R S T U V X Y Z"
        RenderBlock {P} at (0,170) size 784x18
          RenderText {#text} at (0,0) size 531x17
            text run at (0,0) width 531: "The following text should be rendered with a green shadow with a blur radius of 2:"
        RenderBlock {P} at (0,204) size 784x18
          RenderText {#text} at (0,0) size 355x17
            text run at (0,0) width 355: "A B C D E F G H I J K L M N O P Q R S T U V X Y Z"
