layer at (0,0) size 800x600
  RenderView at (0,0) size 800x600
layer at (0,0) size 800x600
  RenderBlock {HTML} at (0,0) size 800x600
    RenderBody {BODY} at (8,8) size 784x576
      RenderBlock {P} at (0,0) size 784x18
        RenderText {#text} at (0,0) size 314x17
          text run at (0,0) width 314: "This text should be rendered with the default font:"
      RenderBlock {P} at (0,34) size 784x18
        RenderText {#text} at (0,0) size 362x17
          text run at (0,0) width 362: "A B C D E F G H I J K L M N O P Q R S T U V X Y Z"
      RenderBlock {P} at (0,68) size 784x18
        RenderText {#text} at (0,0) size 280x17
          text run at (0,0) width 280: "This text should appear as a series of blocks:"
      RenderBlock {P} at (0,102) size 784x16
        RenderText {#text} at (0,0) size 784x16
          text run at (0,0) width 784: "A B C D E F G H I J K L M N O P Q R S T U V X Y Z"
