layer at (0,0) size 785x5610
  RenderView at (0,0) size 785x600
layer at (0,0) size 785x5610
  RenderBlock {HTML} at (0,0) size 785x5610
    RenderBody {BODY} at (8,8) size 769x5586
      RenderBlock (anonymous) at (0,0) size 769x18
        RenderText {#text} at (0,0) size 339x17
          text run at (0,0) width 339: "This tests font choices and metrics for sans-serif fonts."
      RenderBlock {P} at (0,34) size 769x126
        RenderInline {FONT} at (0,0) size 768x125
          RenderText {#text} at (0,0) size 67x17
            text run at (0,0) width 67: "Helvetica"
          RenderBR {BR} at (67,0) size 0x17
          RenderText {#text} at (0,18) size 768x35
            text run at (0,18) width 768: "  ! \" # $ % & ' ( ) * + , - . / 0 1 2 3 4 5 6 7 8 9 : ; < = > ? @ A B C D E F G H I J K L M N O P Q R S T U V W X Y Z"
            text run at (0,36) width 402: "[ \\ ] ^ _ ` a b c d e f g h i j k l m n o p q r s t u v w x y z { | } >"
          RenderBR {BR} at (402,36) size 0x17
          RenderInline {B} at (0,0) size 768x35
            RenderText {#text} at (0,54) size 768x35
              text run at (0,54) width 768: "  ! \" # $ % & ' ( ) * + , - . / 0 1 2 3 4 5 6 7 8 9 : ; < = > ? @ A B C D E F G H I J K L M N O P Q R S T U V W X Y"
              text run at (0,72) width 444: "Z [ \\ ] ^ _ ` a b c d e f g h i j k l m n o p q r s t u v w x y z { | } > "
          RenderBR {BR} at (444,72) size 0x17
          RenderInline {I} at (0,0) size 768x35
            RenderText {#text} at (0,90) size 768x35
              text run at (0,90) width 768: "  ! \" # $ % & ' ( ) * + , - . / 0 1 2 3 4 5 6 7 8 9 : ; < = > ? @ A B C D E F G H I J K L M N O P Q R S T U V W X Y Z"
              text run at (0,108) width 402: "[ \\ ] ^ _ ` a b c d e f g h i j k l m n o p q r s t u v w x y z { | } >"
          RenderText {#text} at (0,0) size 0x0
        RenderText {#text} at (0,0) size 0x0
      RenderBlock {P} at (0,176) size 769x126
        RenderInline {FONT} at (0,0) size 768x125
          RenderText {#text} at (0,0) size 105x17
            text run at (0,0) width 105: "Lucida Grande"
          RenderBR {BR} at (105,0) size 0x17
          RenderText {#text} at (0,18) size 768x35
            text run at (0,18) width 768: "  ! \" # $ % & ' ( ) * + , - . / 0 1 2 3 4 5 6 7 8 9 : ; < = > ? @ A B C D E F G H I J K L M N O P Q R S T U V W X Y Z"
            text run at (0,36) width 402: "[ \\ ] ^ _ ` a b c d e f g h i j k l m n o p q r s t u v w x y z { | } >"
          RenderBR {BR} at (402,36) size 0x17
          RenderInline {B} at (0,0) size 768x35
            RenderText {#text} at (0,54) size 768x35
              text run at (0,54) width 768: "  ! \" # $ % & ' ( ) * + , - . / 0 1 2 3 4 5 6 7 8 9 : ; < = > ? @ A B C D E F G H I J K L M N O P Q R S T U V W X Y"
              text run at (0,72) width 444: "Z [ \\ ] ^ _ ` a b c d e f g h i j k l m n o p q r s t u v w x y z { | } > "
          RenderBR {BR} at (444,72) size 0x17
          RenderInline {I} at (0,0) size 768x35
            RenderText {#text} at (0,90) size 768x35
              text run at (0,90) width 768: "  ! \" # $ % & ' ( ) * + , - . / 0 1 2 3 4 5 6 7 8 9 : ; < = > ? @ A B C D E F G H I J K L M N O P Q R S T U V W X Y Z"
              text run at (0,108) width 402: "[ \\ ] ^ _ ` a b c d e f g h i j k l m n o p q r s t u v w x y z { | } >"
          RenderText {#text} at (0,0) size 0x0
        RenderText {#text} at (0,0) size 0x0
      RenderBlock {P} at (0,318) size 769x126
        RenderInline {FONT} at (0,0) size 768x125
          RenderText {#text} at (0,0) size 33x17
            text run at (0,0) width 33: "Arial"
          RenderBR {BR} at (33,0) size 0x17
          RenderText {#text} at (0,18) size 768x35
            text run at (0,18) width 768: "  ! \" # $ % & ' ( ) * + , - . / 0 1 2 3 4 5 6 7 8 9 : ; < = > ? @ A B C D E F G H I J K L M N O P Q R S T U V W X Y Z"
            text run at (0,36) width 402: "[ \\ ] ^ _ ` a b c d e f g h i j k l m n o p q r s t u v w x y z { | } >"
          RenderBR {BR} at (402,36) size 0x17
          RenderInline {B} at (0,0) size 768x35
            RenderText {#text} at (0,54) size 768x35
              text run at (0,54) width 768: "  ! \" # $ % & ' ( ) * + , - . / 0 1 2 3 4 5 6 7 8 9 : ; < = > ? @ A B C D E F G H I J K L M N O P Q R S T U V W X Y"
              text run at (0,72) width 444: "Z [ \\ ] ^ _ ` a b c d e f g h i j k l m n o p q r s t u v w x y z { | } > "
          RenderBR {BR} at (444,72) size 0x17
          RenderInline {I} at (0,0) size 768x35
            RenderText {#text} at (0,90) size 768x35
              text run at (0,90) width 768: "  ! \" # $ % & ' ( ) * + , - . / 0 1 2 3 4 5 6 7 8 9 : ; < = > ? @ A B C D E F G H I J K L M N O P Q R S T U V W X Y Z"
              text run at (0,108) width 402: "[ \\ ] ^ _ ` a b c d e f g h i j k l m n o p q r s t u v w x y z { | } >"
          RenderText {#text} at (0,0) size 0x0
          RenderInline {FONT} at (0,0) size 0x0
            RenderText {#text} at (0,0) size 0x0
      RenderBlock {P} at (0,460) size 769x1710
        RenderInline {FONT} at (0,0) size 69x1709
          RenderInline {FONT} at (0,0) size 69x1709
            RenderText {#text} at (0,0) size 0x0
            RenderInline {FONT} at (0,0) size 69x1709
              RenderText {#text} at (0,0) size 69x17
                text run at (0,0) width 69: "sans-serif"
              RenderBR {BR} at (69,0) size 0x17
              RenderText {#text} at (0,18) size 16x17
                text run at (0,18) width 16: "    "
              RenderBR {BR} at (16,18) size 0x17
              RenderText {#text} at (0,36) size 16x17
                text run at (0,36) width 16: "!!!!"
              RenderBR {BR} at (16,36) size 0x17
              RenderText {#text} at (0,54) size 24x17
                text run at (0,54) width 24: "\"\"\"\""
              RenderBR {BR} at (24,54) size 0x17
              RenderText {#text} at (0,72) size 36x17
                text run at (0,72) width 36: "####"
              RenderBR {BR} at (36,72) size 0x17
              RenderText {#text} at (0,90) size 36x17
                text run at (0,90) width 36: "$$$$"
              RenderBR {BR} at (36,90) size 0x17
              RenderText {#text} at (0,108) size 56x17
                text run at (0,108) width 56: "%%%%"
              RenderBR {BR} at (56,108) size 0x17
              RenderText {#text} at (0,126) size 44x17
                text run at (0,126) width 44: "&&&&"
              RenderBR {BR} at (44,126) size 0x17
              RenderText {#text} at (0,144) size 12x17
                text run at (0,144) width 12: "''''"
              RenderBR {BR} at (12,144) size 0x17
              RenderText {#text} at (0,162) size 20x17
                text run at (0,162) width 20: "(((("
              RenderBR {BR} at (20,162) size 0x17
              RenderText {#text} at (0,180) size 20x17
                text run at (0,180) width 20: "))))"
              RenderBR {BR} at (20,180) size 0x17
              RenderText {#text} at (0,198) size 24x17
                text run at (0,198) width 24: "****"
              RenderBR {BR} at (24,198) size 0x17
              RenderText {#text} at (0,216) size 36x17
                text run at (0,216) width 36: "++++"
              RenderBR {BR} at (36,216) size 0x17
              RenderText {#text} at (0,234) size 16x17
                text run at (0,234) width 16: ",,,,"
              RenderBR {BR} at (16,234) size 0x17
              RenderText {#text} at (0,252) size 20x17
                text run at (0,252) width 20: "----"
              RenderBR {BR} at (20,252) size 0x17
              RenderText {#text} at (0,270) size 16x17
                text run at (0,270) width 16: "...."
              RenderBR {BR} at (16,270) size 0x17
              RenderText {#text} at (0,288) size 16x17
                text run at (0,288) width 16: "////"
              RenderBR {BR} at (16,288) size 0x17
              RenderText {#text} at (0,306) size 36x17
                text run at (0,306) width 36: "0000"
              RenderBR {BR} at (36,306) size 0x17
              RenderText {#text} at (0,324) size 33x17
                text run at (0,324) width 33: "1111"
              RenderBR {BR} at (32,324) size 1x17
              RenderText {#text} at (0,342) size 36x17
                text run at (0,342) width 36: "2222"
              RenderBR {BR} at (36,342) size 0x17
              RenderText {#text} at (0,360) size 36x17
                text run at (0,360) width 36: "3333"
              RenderBR {BR} at (36,360) size 0x17
              RenderText {#text} at (0,378) size 36x17
                text run at (0,378) width 36: "4444"
              RenderBR {BR} at (36,378) size 0x17
              RenderText {#text} at (0,396) size 36x17
                text run at (0,396) width 36: "5555"
              RenderBR {BR} at (36,396) size 0x17
              RenderText {#text} at (0,414) size 36x17
                text run at (0,414) width 36: "6666"
              RenderBR {BR} at (36,414) size 0x17
              RenderText {#text} at (0,432) size 36x17
                text run at (0,432) width 36: "7777"
              RenderBR {BR} at (36,432) size 0x17
              RenderText {#text} at (0,450) size 36x17
                text run at (0,450) width 36: "8888"
              RenderBR {BR} at (36,450) size 0x17
              RenderText {#text} at (0,468) size 36x17
                text run at (0,468) width 36: "9999"
              RenderBR {BR} at (36,468) size 0x17
              RenderText {#text} at (0,486) size 16x17
                text run at (0,486) width 16: "::::"
              RenderBR {BR} at (16,486) size 0x17
              RenderText {#text} at (0,504) size 16x17
                text run at (0,504) width 16: ";;;;"
              RenderBR {BR} at (16,504) size 0x17
              RenderText {#text} at (0,522) size 36x17
                text run at (0,522) width 36: "<<<<"
              RenderBR {BR} at (36,522) size 0x17
              RenderText {#text} at (0,540) size 36x17
                text run at (0,540) width 36: "===="
              RenderBR {BR} at (36,540) size 0x17
              RenderText {#text} at (0,558) size 36x17
                text run at (0,558) width 36: ">>>>"
              RenderBR {BR} at (36,558) size 0x17
              RenderText {#text} at (0,576) size 36x17
                text run at (0,576) width 36: "????"
              RenderBR {BR} at (36,576) size 0x17
              RenderText {#text} at (0,594) size 64x17
                text run at (0,594) width 64: "@@@@"
              RenderBR {BR} at (64,594) size 0x17
              RenderText {#text} at (0,612) size 44x17
                text run at (0,612) width 44: "AAAA"
              RenderBR {BR} at (44,612) size 0x17
              RenderText {#text} at (0,630) size 44x17
                text run at (0,630) width 44: "BBBB"
              RenderBR {BR} at (44,630) size 0x17
              RenderText {#text} at (0,648) size 48x17
                text run at (0,648) width 48: "CCCC"
              RenderBR {BR} at (48,648) size 0x17
              RenderText {#text} at (0,666) size 48x17
                text run at (0,666) width 48: "DDDD"
              RenderBR {BR} at (48,666) size 0x17
              RenderText {#text} at (0,684) size 44x17
                text run at (0,684) width 44: "EEEE"
              RenderBR {BR} at (44,684) size 0x17
              RenderText {#text} at (0,702) size 40x17
                text run at (0,702) width 40: "FFFF"
              RenderBR {BR} at (40,702) size 0x17
              RenderText {#text} at (0,720) size 48x17
                text run at (0,720) width 48: "GGGG"
              RenderBR {BR} at (48,720) size 0x17
              RenderText {#text} at (0,738) size 48x17
                text run at (0,738) width 48: "HHHH"
              RenderBR {BR} at (48,738) size 0x17
              RenderText {#text} at (0,756) size 16x17
                text run at (0,756) width 16: "IIII"
              RenderBR {BR} at (16,756) size 0x17
              RenderText {#text} at (0,774) size 32x17
                text run at (0,774) width 32: "JJJJ"
              RenderBR {BR} at (32,774) size 0x17
              RenderText {#text} at (0,792) size 44x17
                text run at (0,792) width 44: "KKKK"
              RenderBR {BR} at (44,792) size 0x17
              RenderText {#text} at (0,810) size 36x17
                text run at (0,810) width 36: "LLLL"
              RenderBR {BR} at (36,810) size 0x17
              RenderText {#text} at (0,828) size 52x17
                text run at (0,828) width 52: "MMMM"
              RenderBR {BR} at (52,828) size 0x17
              RenderText {#text} at (0,846) size 48x17
                text run at (0,846) width 48: "NNNN"
              RenderBR {BR} at (48,846) size 0x17
              RenderText {#text} at (0,864) size 48x17
                text run at (0,864) width 48: "OOOO"
              RenderBR {BR} at (48,864) size 0x17
              RenderText {#text} at (0,882) size 44x17
                text run at (0,882) width 44: "PPPP"
              RenderBR {BR} at (44,882) size 0x17
              RenderText {#text} at (0,900) size 48x17
                text run at (0,900) width 48: "QQQQ"
              RenderBR {BR} at (48,900) size 0x17
              RenderText {#text} at (0,918) size 48x17
                text run at (0,918) width 48: "RRRR"
              RenderBR {BR} at (48,918) size 0x17
              RenderText {#text} at (0,936) size 44x17
                text run at (0,936) width 44: "SSSS"
              RenderBR {BR} at (44,936) size 0x17
              RenderText {#text} at (0,954) size 40x17
                text run at (0,954) width 40: "TTTT"
              RenderBR {BR} at (40,954) size 0x17
              RenderText {#text} at (0,972) size 48x17
                text run at (0,972) width 48: "UUUU"
              RenderBR {BR} at (48,972) size 0x17
              RenderText {#text} at (0,990) size 44x17
                text run at (0,990) width 44: "VVVV"
              RenderBR {BR} at (44,990) size 0x17
              RenderText {#text} at (0,1008) size 60x17
                text run at (0,1008) width 60: "WWWW"
              RenderBR {BR} at (60,1008) size 0x17
              RenderText {#text} at (0,1026) size 44x17
                text run at (0,1026) width 44: "XXXX"
              RenderBR {BR} at (44,1026) size 0x17
              RenderText {#text} at (0,1044) size 44x17
                text run at (0,1044) width 44: "YYYY"
              RenderBR {BR} at (44,1044) size 0x17
              RenderText {#text} at (0,1062) size 40x17
                text run at (0,1062) width 40: "ZZZZ"
              RenderBR {BR} at (40,1062) size 0x17
              RenderText {#text} at (0,1080) size 16x17
                text run at (0,1080) width 16: "[[[["
              RenderBR {BR} at (16,1080) size 0x17
              RenderText {#text} at (0,1098) size 16x17
                text run at (0,1098) width 16: "\\\\\\\\"
              RenderBR {BR} at (16,1098) size 0x17
              RenderText {#text} at (0,1116) size 16x17
                text run at (0,1116) width 16: "]]]]"
              RenderBR {BR} at (16,1116) size 0x17
              RenderText {#text} at (0,1134) size 32x17
                text run at (0,1134) width 32: "^^^^"
              RenderBR {BR} at (32,1134) size 0x17
              RenderText {#text} at (0,1152) size 36x17
                text run at (0,1152) width 36: "____"
              RenderBR {BR} at (36,1152) size 0x17
              RenderText {#text} at (0,1170) size 20x17
                text run at (0,1170) width 20: "````"
              RenderBR {BR} at (20,1170) size 0x17
              RenderText {#text} at (0,1188) size 36x17
                text run at (0,1188) width 36: "aaaa"
              RenderBR {BR} at (36,1188) size 0x17
              RenderText {#text} at (0,1206) size 36x17
                text run at (0,1206) width 36: "bbbb"
              RenderBR {BR} at (36,1206) size 0x17
              RenderText {#text} at (0,1224) size 32x17
                text run at (0,1224) width 32: "cccc"
              RenderBR {BR} at (32,1224) size 0x17
              RenderText {#text} at (0,1242) size 36x17
                text run at (0,1242) width 36: "dddd"
              RenderBR {BR} at (36,1242) size 0x17
              RenderText {#text} at (0,1260) size 36x17
                text run at (0,1260) width 36: "eeee"
              RenderBR {BR} at (36,1260) size 0x17
              RenderText {#text} at (0,1278) size 16x17
                text run at (0,1278) width 16: "ffff"
              RenderBR {BR} at (15,1278) size 1x17
              RenderText {#text} at (0,1296) size 36x17
                text run at (0,1296) width 36: "gggg"
              RenderBR {BR} at (36,1296) size 0x17
              RenderText {#text} at (0,1314) size 36x17
                text run at (0,1314) width 36: "hhhh"
              RenderBR {BR} at (36,1314) size 0x17
              RenderText {#text} at (0,1332) size 16x17
                text run at (0,1332) width 16: "iiii"
              RenderBR {BR} at (16,1332) size 0x17
              RenderText {#text} at (0,1350) size 16x17
                text run at (0,1350) width 16: "jjjj"
              RenderBR {BR} at (16,1350) size 0x17
              RenderText {#text} at (0,1368) size 32x17
                text run at (0,1368) width 32: "kkkk"
              RenderBR {BR} at (32,1368) size 0x17
              RenderText {#text} at (0,1386) size 16x17
                text run at (0,1386) width 16: "llll"
              RenderBR {BR} at (16,1386) size 0x17
              RenderText {#text} at (0,1404) size 52x17
                text run at (0,1404) width 52: "mmmm"
              RenderBR {BR} at (52,1404) size 0x17
              RenderText {#text} at (0,1422) size 36x17
                text run at (0,1422) width 36: "nnnn"
              RenderBR {BR} at (36,1422) size 0x17
              RenderText {#text} at (0,1440) size 36x17
                text run at (0,1440) width 36: "oooo"
              RenderBR {BR} at (36,1440) size 0x17
              RenderText {#text} at (0,1458) size 36x17
                text run at (0,1458) width 36: "pppp"
              RenderBR {BR} at (36,1458) size 0x17
              RenderText {#text} at (0,1476) size 36x17
                text run at (0,1476) width 36: "qqqq"
              RenderBR {BR} at (36,1476) size 0x17
              RenderText {#text} at (0,1494) size 20x17
                text run at (0,1494) width 20: "rrrr"
              RenderBR {BR} at (20,1494) size 0x17
              RenderText {#text} at (0,1512) size 32x17
                text run at (0,1512) width 32: "ssss"
              RenderBR {BR} at (32,1512) size 0x17
              RenderText {#text} at (0,1530) size 16x17
                text run at (0,1530) width 16: "tttt"
              RenderBR {BR} at (16,1530) size 0x17
              RenderText {#text} at (0,1548) size 36x17
                text run at (0,1548) width 36: "uuuu"
              RenderBR {BR} at (36,1548) size 0x17
              RenderText {#text} at (0,1566) size 32x17
                text run at (0,1566) width 32: "vvvv"
              RenderBR {BR} at (32,1566) size 0x17
              RenderText {#text} at (0,1584) size 48x17
                text run at (0,1584) width 48: "wwww"
              RenderBR {BR} at (48,1584) size 0x17
              RenderText {#text} at (0,1602) size 32x17
                text run at (0,1602) width 32: "xxxx"
              RenderBR {BR} at (32,1602) size 0x17
              RenderText {#text} at (0,1620) size 32x17
                text run at (0,1620) width 32: "yyyy"
              RenderBR {BR} at (32,1620) size 0x17
              RenderText {#text} at (0,1638) size 32x17
                text run at (0,1638) width 32: "zzzz"
              RenderBR {BR} at (32,1638) size 0x17
              RenderText {#text} at (0,1656) size 20x17
                text run at (0,1656) width 20: "{{{{"
              RenderBR {BR} at (20,1656) size 0x17
              RenderText {#text} at (0,1674) size 16x17
                text run at (0,1674) width 16: "||||"
              RenderBR {BR} at (16,1674) size 0x17
              RenderText {#text} at (0,1692) size 20x17
                text run at (0,1692) width 20: "}}}}"
              RenderBR {BR} at (20,1692) size 0x17
      RenderBlock {P} at (0,2186) size 769x1692
        RenderInline {FONT} at (0,0) size 64x1691
          RenderInline {FONT} at (0,0) size 64x1691
            RenderInline {FONT} at (0,0) size 64x1691
              RenderText {#text} at (0,0) size 0x0
              RenderInline {B} at (0,0) size 64x1691
                RenderText {#text} at (0,0) size 16x17
                  text run at (0,0) width 16: "    "
                RenderBR {BR} at (16,0) size 0x17
                RenderText {#text} at (0,18) size 20x17
                  text run at (0,18) width 20: "!!!!"
                RenderBR {BR} at (20,18) size 0x17
                RenderText {#text} at (0,36) size 32x17
                  text run at (0,36) width 32: "\"\"\"\""
                RenderBR {BR} at (32,36) size 0x17
                RenderText {#text} at (0,54) size 36x17
                  text run at (0,54) width 36: "####"
                RenderBR {BR} at (36,54) size 0x17
                RenderText {#text} at (0,72) size 36x17
                  text run at (0,72) width 36: "$$$$"
                RenderBR {BR} at (36,72) size 0x17
                RenderText {#text} at (0,90) size 56x17
                  text run at (0,90) width 56: "%%%%"
                RenderBR {BR} at (56,90) size 0x17
                RenderText {#text} at (0,108) size 48x17
                  text run at (0,108) width 48: "&&&&"
                RenderBR {BR} at (48,108) size 0x17
                RenderText {#text} at (0,126) size 16x17
                  text run at (0,126) width 16: "''''"
                RenderBR {BR} at (16,126) size 0x17
                RenderText {#text} at (0,144) size 20x17
                  text run at (0,144) width 20: "(((("
                RenderBR {BR} at (20,144) size 0x17
                RenderText {#text} at (0,162) size 20x17
                  text run at (0,162) width 20: "))))"
                RenderBR {BR} at (20,162) size 0x17
                RenderText {#text} at (0,180) size 24x17
                  text run at (0,180) width 24: "****"
                RenderBR {BR} at (24,180) size 0x17
                RenderText {#text} at (0,198) size 36x17
                  text run at (0,198) width 36: "++++"
                RenderBR {BR} at (36,198) size 0x17
                RenderText {#text} at (0,216) size 16x17
                  text run at (0,216) width 16: ",,,,"
                RenderBR {BR} at (16,216) size 0x17
                RenderText {#text} at (0,234) size 20x17
                  text run at (0,234) width 20: "----"
                RenderBR {BR} at (20,234) size 0x17
                RenderText {#text} at (0,252) size 16x17
                  text run at (0,252) width 16: "...."
                RenderBR {BR} at (16,252) size 0x17
                RenderText {#text} at (0,270) size 16x17
                  text run at (0,270) width 16: "////"
                RenderBR {BR} at (16,270) size 0x17
                RenderText {#text} at (0,288) size 36x17
                  text run at (0,288) width 36: "0000"
                RenderBR {BR} at (36,288) size 0x17
                RenderText {#text} at (0,306) size 34x17
                  text run at (0,306) width 34: "1111"
                RenderBR {BR} at (33,306) size 1x17
                RenderText {#text} at (0,324) size 36x17
                  text run at (0,324) width 36: "2222"
                RenderBR {BR} at (36,324) size 0x17
                RenderText {#text} at (0,342) size 36x17
                  text run at (0,342) width 36: "3333"
                RenderBR {BR} at (36,342) size 0x17
                RenderText {#text} at (0,360) size 36x17
                  text run at (0,360) width 36: "4444"
                RenderBR {BR} at (36,360) size 0x17
                RenderText {#text} at (0,378) size 36x17
                  text run at (0,378) width 36: "5555"
                RenderBR {BR} at (36,378) size 0x17
                RenderText {#text} at (0,396) size 36x17
                  text run at (0,396) width 36: "6666"
                RenderBR {BR} at (36,396) size 0x17
                RenderText {#text} at (0,414) size 36x17
                  text run at (0,414) width 36: "7777"
                RenderBR {BR} at (36,414) size 0x17
                RenderText {#text} at (0,432) size 36x17
                  text run at (0,432) width 36: "8888"
                RenderBR {BR} at (36,432) size 0x17
                RenderText {#text} at (0,450) size 36x17
                  text run at (0,450) width 36: "9999"
                RenderBR {BR} at (36,450) size 0x17
                RenderText {#text} at (0,468) size 20x17
                  text run at (0,468) width 20: "::::"
                RenderBR {BR} at (20,468) size 0x17
                RenderText {#text} at (0,486) size 20x17
                  text run at (0,486) width 20: ";;;;"
                RenderBR {BR} at (20,486) size 0x17
                RenderText {#text} at (0,504) size 36x17
                  text run at (0,504) width 36: "<<<<"
                RenderBR {BR} at (36,504) size 0x17
                RenderText {#text} at (0,522) size 36x17
                  text run at (0,522) width 36: "===="
                RenderBR {BR} at (36,522) size 0x17
                RenderText {#text} at (0,540) size 36x17
                  text run at (0,540) width 36: ">>>>"
                RenderBR {BR} at (36,540) size 0x17
                RenderText {#text} at (0,558) size 40x17
                  text run at (0,558) width 40: "????"
                RenderBR {BR} at (40,558) size 0x17
                RenderText {#text} at (0,576) size 64x17
                  text run at (0,576) width 64: "@@@@"
                RenderBR {BR} at (64,576) size 0x17
                RenderText {#text} at (0,594) size 48x17
                  text run at (0,594) width 48: "AAAA"
                RenderBR {BR} at (48,594) size 0x17
                RenderText {#text} at (0,612) size 48x17
                  text run at (0,612) width 48: "BBBB"
                RenderBR {BR} at (48,612) size 0x17
                RenderText {#text} at (0,630) size 48x17
                  text run at (0,630) width 48: "CCCC"
                RenderBR {BR} at (48,630) size 0x17
                RenderText {#text} at (0,648) size 48x17
                  text run at (0,648) width 48: "DDDD"
                RenderBR {BR} at (48,648) size 0x17
                RenderText {#text} at (0,666) size 44x17
                  text run at (0,666) width 44: "EEEE"
                RenderBR {BR} at (44,666) size 0x17
                RenderText {#text} at (0,684) size 40x17
                  text run at (0,684) width 40: "FFFF"
                RenderBR {BR} at (40,684) size 0x17
                RenderText {#text} at (0,702) size 48x17
                  text run at (0,702) width 48: "GGGG"
                RenderBR {BR} at (48,702) size 0x17
                RenderText {#text} at (0,720) size 48x17
                  text run at (0,720) width 48: "HHHH"
                RenderBR {BR} at (48,720) size 0x17
                RenderText {#text} at (0,738) size 16x17
                  text run at (0,738) width 16: "IIII"
                RenderBR {BR} at (16,738) size 0x17
                RenderText {#text} at (0,756) size 36x17
                  text run at (0,756) width 36: "JJJJ"
                RenderBR {BR} at (36,756) size 0x17
                RenderText {#text} at (0,774) size 48x17
                  text run at (0,774) width 48: "KKKK"
                RenderBR {BR} at (48,774) size 0x17
                RenderText {#text} at (0,792) size 40x17
                  text run at (0,792) width 40: "LLLL"
                RenderBR {BR} at (40,792) size 0x17
                RenderText {#text} at (0,810) size 52x17
                  text run at (0,810) width 52: "MMMM"
                RenderBR {BR} at (52,810) size 0x17
                RenderText {#text} at (0,828) size 48x17
                  text run at (0,828) width 48: "NNNN"
                RenderBR {BR} at (48,828) size 0x17
                RenderText {#text} at (0,846) size 48x17
                  text run at (0,846) width 48: "OOOO"
                RenderBR {BR} at (48,846) size 0x17
                RenderText {#text} at (0,864) size 44x17
                  text run at (0,864) width 44: "PPPP"
                RenderBR {BR} at (44,864) size 0x17
                RenderText {#text} at (0,882) size 48x17
                  text run at (0,882) width 48: "QQQQ"
                RenderBR {BR} at (48,882) size 0x17
                RenderText {#text} at (0,900) size 48x17
                  text run at (0,900) width 48: "RRRR"
                RenderBR {BR} at (48,900) size 0x17
                RenderText {#text} at (0,918) size 44x17
                  text run at (0,918) width 44: "SSSS"
                RenderBR {BR} at (44,918) size 0x17
                RenderText {#text} at (0,936) size 40x17
                  text run at (0,936) width 40: "TTTT"
                RenderBR {BR} at (40,936) size 0x17
                RenderText {#text} at (0,954) size 48x17
                  text run at (0,954) width 48: "UUUU"
                RenderBR {BR} at (48,954) size 0x17
                RenderText {#text} at (0,972) size 44x17
                  text run at (0,972) width 44: "VVVV"
                RenderBR {BR} at (44,972) size 0x17
                RenderText {#text} at (0,990) size 60x17
                  text run at (0,990) width 60: "WWWW"
                RenderBR {BR} at (60,990) size 0x17
                RenderText {#text} at (0,1008) size 44x17
                  text run at (0,1008) width 44: "XXXX"
                RenderBR {BR} at (44,1008) size 0x17
                RenderText {#text} at (0,1026) size 44x17
                  text run at (0,1026) width 44: "YYYY"
                RenderBR {BR} at (44,1026) size 0x17
                RenderText {#text} at (0,1044) size 40x17
                  text run at (0,1044) width 40: "ZZZZ"
                RenderBR {BR} at (40,1044) size 0x17
                RenderText {#text} at (0,1062) size 20x17
                  text run at (0,1062) width 20: "[[[["
                RenderBR {BR} at (20,1062) size 0x17
                RenderText {#text} at (0,1080) size 16x17
                  text run at (0,1080) width 16: "\\\\\\\\"
                RenderBR {BR} at (16,1080) size 0x17
                RenderText {#text} at (0,1098) size 20x17
                  text run at (0,1098) width 20: "]]]]"
                RenderBR {BR} at (20,1098) size 0x17
                RenderText {#text} at (0,1116) size 36x17
                  text run at (0,1116) width 36: "^^^^"
                RenderBR {BR} at (36,1116) size 0x17
                RenderText {#text} at (0,1134) size 36x17
                  text run at (0,1134) width 36: "____"
                RenderBR {BR} at (36,1134) size 0x17
                RenderText {#text} at (0,1152) size 20x17
                  text run at (0,1152) width 20: "````"
                RenderBR {BR} at (20,1152) size 0x17
                RenderText {#text} at (0,1170) size 36x17
                  text run at (0,1170) width 36: "aaaa"
                RenderBR {BR} at (36,1170) size 0x17
                RenderText {#text} at (0,1188) size 40x17
                  text run at (0,1188) width 40: "bbbb"
                RenderBR {BR} at (40,1188) size 0x17
                RenderText {#text} at (0,1206) size 36x17
                  text run at (0,1206) width 36: "cccc"
                RenderBR {BR} at (36,1206) size 0x17
                RenderText {#text} at (0,1224) size 40x17
                  text run at (0,1224) width 40: "dddd"
                RenderBR {BR} at (40,1224) size 0x17
                RenderText {#text} at (0,1242) size 36x17
                  text run at (0,1242) width 36: "eeee"
                RenderBR {BR} at (36,1242) size 0x17
                RenderText {#text} at (0,1260) size 20x17
                  text run at (0,1260) width 20: "ffff"
                RenderBR {BR} at (20,1260) size 0x17
                RenderText {#text} at (0,1278) size 40x17
                  text run at (0,1278) width 40: "gggg"
                RenderBR {BR} at (40,1278) size 0x17
                RenderText {#text} at (0,1296) size 40x17
                  text run at (0,1296) width 40: "hhhh"
                RenderBR {BR} at (40,1296) size 0x17
                RenderText {#text} at (0,1314) size 16x17
                  text run at (0,1314) width 16: "iiii"
                RenderBR {BR} at (16,1314) size 0x17
                RenderText {#text} at (0,1332) size 16x17
                  text run at (0,1332) width 16: "jjjj"
                RenderBR {BR} at (16,1332) size 0x17
                RenderText {#text} at (0,1350) size 36x17
                  text run at (0,1350) width 36: "kkkk"
                RenderBR {BR} at (36,1350) size 0x17
                RenderText {#text} at (0,1368) size 16x17
                  text run at (0,1368) width 16: "llll"
                RenderBR {BR} at (16,1368) size 0x17
                RenderText {#text} at (0,1386) size 56x17
                  text run at (0,1386) width 56: "mmmm"
                RenderBR {BR} at (56,1386) size 0x17
                RenderText {#text} at (0,1404) size 40x17
                  text run at (0,1404) width 40: "nnnn"
                RenderBR {BR} at (40,1404) size 0x17
                RenderText {#text} at (0,1422) size 40x17
                  text run at (0,1422) width 40: "oooo"
                RenderBR {BR} at (40,1422) size 0x17
                RenderText {#text} at (0,1440) size 40x17
                  text run at (0,1440) width 40: "pppp"
                RenderBR {BR} at (40,1440) size 0x17
                RenderText {#text} at (0,1458) size 40x17
                  text run at (0,1458) width 40: "qqqq"
                RenderBR {BR} at (40,1458) size 0x17
                RenderText {#text} at (0,1476) size 24x17
                  text run at (0,1476) width 24: "rrrr"
                RenderBR {BR} at (24,1476) size 0x17
                RenderText {#text} at (0,1494) size 36x17
                  text run at (0,1494) width 36: "ssss"
                RenderBR {BR} at (36,1494) size 0x17
                RenderText {#text} at (0,1512) size 20x17
                  text run at (0,1512) width 20: "tttt"
                RenderBR {BR} at (20,1512) size 0x17
                RenderText {#text} at (0,1530) size 40x17
                  text run at (0,1530) width 40: "uuuu"
                RenderBR {BR} at (40,1530) size 0x17
                RenderText {#text} at (0,1548) size 36x17
                  text run at (0,1548) width 36: "vvvv"
                RenderBR {BR} at (36,1548) size 0x17
                RenderText {#text} at (0,1566) size 48x17
                  text run at (0,1566) width 48: "wwww"
                RenderBR {BR} at (48,1566) size 0x17
                RenderText {#text} at (0,1584) size 36x17
                  text run at (0,1584) width 36: "xxxx"
                RenderBR {BR} at (36,1584) size 0x17
                RenderText {#text} at (0,1602) size 36x17
                  text run at (0,1602) width 36: "yyyy"
                RenderBR {BR} at (36,1602) size 0x17
                RenderText {#text} at (0,1620) size 32x17
                  text run at (0,1620) width 32: "zzzz"
                RenderBR {BR} at (32,1620) size 0x17
                RenderText {#text} at (0,1638) size 24x17
                  text run at (0,1638) width 24: "{{{{"
                RenderBR {BR} at (24,1638) size 0x17
                RenderText {#text} at (0,1656) size 16x17
                  text run at (0,1656) width 16: "||||"
                RenderBR {BR} at (16,1656) size 0x17
                RenderText {#text} at (0,1674) size 24x17
                  text run at (0,1674) width 24: "}}}}"
                RenderBR {BR} at (24,1674) size 0x17
              RenderText {#text} at (0,0) size 0x0
      RenderBlock {P} at (0,3894) size 769x1692
        RenderInline {FONT} at (0,0) size 64x1691
          RenderInline {FONT} at (0,0) size 64x1691
            RenderInline {FONT} at (0,0) size 64x1691
              RenderText {#text} at (0,0) size 0x0
              RenderInline {I} at (0,0) size 64x1691
                RenderText {#text} at (0,0) size 16x17
                  text run at (0,0) width 16: "    "
                RenderBR {BR} at (16,0) size 0x17
                RenderText {#text} at (0,18) size 16x17
                  text run at (0,18) width 16: "!!!!"
                RenderBR {BR} at (16,18) size 0x17
                RenderText {#text} at (0,36) size 24x17
                  text run at (0,36) width 24: "\"\"\"\""
                RenderBR {BR} at (24,36) size 0x17
                RenderText {#text} at (0,54) size 36x17
                  text run at (0,54) width 36: "####"
                RenderBR {BR} at (36,54) size 0x17
                RenderText {#text} at (0,72) size 36x17
                  text run at (0,72) width 36: "$$$$"
                RenderBR {BR} at (36,72) size 0x17
                RenderText {#text} at (0,90) size 56x17
                  text run at (0,90) width 56: "%%%%"
                RenderBR {BR} at (56,90) size 0x17
                RenderText {#text} at (0,108) size 44x17
                  text run at (0,108) width 44: "&&&&"
                RenderBR {BR} at (44,108) size 0x17
                RenderText {#text} at (0,126) size 12x17
                  text run at (0,126) width 12: "''''"
                RenderBR {BR} at (12,126) size 0x17
                RenderText {#text} at (0,144) size 20x17
                  text run at (0,144) width 20: "(((("
                RenderBR {BR} at (20,144) size 0x17
                RenderText {#text} at (0,162) size 20x17
                  text run at (0,162) width 20: "))))"
                RenderBR {BR} at (20,162) size 0x17
                RenderText {#text} at (0,180) size 24x17
                  text run at (0,180) width 24: "****"
                RenderBR {BR} at (24,180) size 0x17
                RenderText {#text} at (0,198) size 36x17
                  text run at (0,198) width 36: "++++"
                RenderBR {BR} at (36,198) size 0x17
                RenderText {#text} at (0,216) size 16x17
                  text run at (0,216) width 16: ",,,,"
                RenderBR {BR} at (16,216) size 0x17
                RenderText {#text} at (0,234) size 20x17
                  text run at (0,234) width 20: "----"
                RenderBR {BR} at (20,234) size 0x17
                RenderText {#text} at (0,252) size 16x17
                  text run at (0,252) width 16: "...."
                RenderBR {BR} at (16,252) size 0x17
                RenderText {#text} at (0,270) size 16x17
                  text run at (0,270) width 16: "////"
                RenderBR {BR} at (16,270) size 0x17
                RenderText {#text} at (0,288) size 36x17
                  text run at (0,288) width 36: "0000"
                RenderBR {BR} at (36,288) size 0x17
                RenderText {#text} at (0,306) size 33x17
                  text run at (0,306) width 33: "1111"
                RenderBR {BR} at (32,306) size 1x17
                RenderText {#text} at (0,324) size 36x17
                  text run at (0,324) width 36: "2222"
                RenderBR {BR} at (36,324) size 0x17
                RenderText {#text} at (0,342) size 36x17
                  text run at (0,342) width 36: "3333"
                RenderBR {BR} at (36,342) size 0x17
                RenderText {#text} at (0,360) size 36x17
                  text run at (0,360) width 36: "4444"
                RenderBR {BR} at (36,360) size 0x17
                RenderText {#text} at (0,378) size 36x17
                  text run at (0,378) width 36: "5555"
                RenderBR {BR} at (36,378) size 0x17
                RenderText {#text} at (0,396) size 36x17
                  text run at (0,396) width 36: "6666"
                RenderBR {BR} at (36,396) size 0x17
                RenderText {#text} at (0,414) size 36x17
                  text run at (0,414) width 36: "7777"
                RenderBR {BR} at (36,414) size 0x17
                RenderText {#text} at (0,432) size 36x17
                  text run at (0,432) width 36: "8888"
                RenderBR {BR} at (36,432) size 0x17
                RenderText {#text} at (0,450) size 36x17
                  text run at (0,450) width 36: "9999"
                RenderBR {BR} at (36,450) size 0x17
                RenderText {#text} at (0,468) size 16x17
                  text run at (0,468) width 16: "::::"
                RenderBR {BR} at (16,468) size 0x17
                RenderText {#text} at (0,486) size 16x17
                  text run at (0,486) width 16: ";;;;"
                RenderBR {BR} at (16,486) size 0x17
                RenderText {#text} at (0,504) size 36x17
                  text run at (0,504) width 36: "<<<<"
                RenderBR {BR} at (36,504) size 0x17
                RenderText {#text} at (0,522) size 36x17
                  text run at (0,522) width 36: "===="
                RenderBR {BR} at (36,522) size 0x17
                RenderText {#text} at (0,540) size 36x17
                  text run at (0,540) width 36: ">>>>"
                RenderBR {BR} at (36,540) size 0x17
                RenderText {#text} at (0,558) size 36x17
                  text run at (0,558) width 36: "????"
                RenderBR {BR} at (36,558) size 0x17
                RenderText {#text} at (0,576) size 64x17
                  text run at (0,576) width 64: "@@@@"
                RenderBR {BR} at (64,576) size 0x17
                RenderText {#text} at (0,594) size 44x17
                  text run at (0,594) width 44: "AAAA"
                RenderBR {BR} at (44,594) size 0x17
                RenderText {#text} at (0,612) size 44x17
                  text run at (0,612) width 44: "BBBB"
                RenderBR {BR} at (44,612) size 0x17
                RenderText {#text} at (0,630) size 48x17
                  text run at (0,630) width 48: "CCCC"
                RenderBR {BR} at (48,630) size 0x17
                RenderText {#text} at (0,648) size 48x17
                  text run at (0,648) width 48: "DDDD"
                RenderBR {BR} at (48,648) size 0x17
                RenderText {#text} at (0,666) size 44x17
                  text run at (0,666) width 44: "EEEE"
                RenderBR {BR} at (44,666) size 0x17
                RenderText {#text} at (0,684) size 40x17
                  text run at (0,684) width 40: "FFFF"
                RenderBR {BR} at (40,684) size 0x17
                RenderText {#text} at (0,702) size 48x17
                  text run at (0,702) width 48: "GGGG"
                RenderBR {BR} at (48,702) size 0x17
                RenderText {#text} at (0,720) size 48x17
                  text run at (0,720) width 48: "HHHH"
                RenderBR {BR} at (48,720) size 0x17
                RenderText {#text} at (0,738) size 16x17
                  text run at (0,738) width 16: "IIII"
                RenderBR {BR} at (16,738) size 0x17
                RenderText {#text} at (0,756) size 32x17
                  text run at (0,756) width 32: "JJJJ"
                RenderBR {BR} at (32,756) size 0x17
                RenderText {#text} at (0,774) size 44x17
                  text run at (0,774) width 44: "KKKK"
                RenderBR {BR} at (44,774) size 0x17
                RenderText {#text} at (0,792) size 36x17
                  text run at (0,792) width 36: "LLLL"
                RenderBR {BR} at (36,792) size 0x17
                RenderText {#text} at (0,810) size 52x17
                  text run at (0,810) width 52: "MMMM"
                RenderBR {BR} at (52,810) size 0x17
                RenderText {#text} at (0,828) size 48x17
                  text run at (0,828) width 48: "NNNN"
                RenderBR {BR} at (48,828) size 0x17
                RenderText {#text} at (0,846) size 48x17
                  text run at (0,846) width 48: "OOOO"
                RenderBR {BR} at (48,846) size 0x17
                RenderText {#text} at (0,864) size 44x17
                  text run at (0,864) width 44: "PPPP"
                RenderBR {BR} at (44,864) size 0x17
                RenderText {#text} at (0,882) size 48x17
                  text run at (0,882) width 48: "QQQQ"
                RenderBR {BR} at (48,882) size 0x17
                RenderText {#text} at (0,900) size 48x17
                  text run at (0,900) width 48: "RRRR"
                RenderBR {BR} at (48,900) size 0x17
                RenderText {#text} at (0,918) size 44x17
                  text run at (0,918) width 44: "SSSS"
                RenderBR {BR} at (44,918) size 0x17
                RenderText {#text} at (0,936) size 40x17
                  text run at (0,936) width 40: "TTTT"
                RenderBR {BR} at (40,936) size 0x17
                RenderText {#text} at (0,954) size 48x17
                  text run at (0,954) width 48: "UUUU"
                RenderBR {BR} at (48,954) size 0x17
                RenderText {#text} at (0,972) size 44x17
                  text run at (0,972) width 44: "VVVV"
                RenderBR {BR} at (44,972) size 0x17
                RenderText {#text} at (0,990) size 60x17
                  text run at (0,990) width 60: "WWWW"
                RenderBR {BR} at (60,990) size 0x17
                RenderText {#text} at (0,1008) size 44x17
                  text run at (0,1008) width 44: "XXXX"
                RenderBR {BR} at (44,1008) size 0x17
                RenderText {#text} at (0,1026) size 44x17
                  text run at (0,1026) width 44: "YYYY"
                RenderBR {BR} at (44,1026) size 0x17
                RenderText {#text} at (0,1044) size 40x17
                  text run at (0,1044) width 40: "ZZZZ"
                RenderBR {BR} at (40,1044) size 0x17
                RenderText {#text} at (0,1062) size 16x17
                  text run at (0,1062) width 16: "[[[["
                RenderBR {BR} at (16,1062) size 0x17
                RenderText {#text} at (0,1080) size 16x17
                  text run at (0,1080) width 16: "\\\\\\\\"
                RenderBR {BR} at (16,1080) size 0x17
                RenderText {#text} at (0,1098) size 16x17
                  text run at (0,1098) width 16: "]]]]"
                RenderBR {BR} at (16,1098) size 0x17
                RenderText {#text} at (0,1116) size 32x17
                  text run at (0,1116) width 32: "^^^^"
                RenderBR {BR} at (32,1116) size 0x17
                RenderText {#text} at (0,1134) size 36x17
                  text run at (0,1134) width 36: "____"
                RenderBR {BR} at (36,1134) size 0x17
                RenderText {#text} at (0,1152) size 20x17
                  text run at (0,1152) width 20: "````"
                RenderBR {BR} at (20,1152) size 0x17
                RenderText {#text} at (0,1170) size 36x17
                  text run at (0,1170) width 36: "aaaa"
                RenderBR {BR} at (36,1170) size 0x17
                RenderText {#text} at (0,1188) size 36x17
                  text run at (0,1188) width 36: "bbbb"
                RenderBR {BR} at (36,1188) size 0x17
                RenderText {#text} at (0,1206) size 32x17
                  text run at (0,1206) width 32: "cccc"
                RenderBR {BR} at (32,1206) size 0x17
                RenderText {#text} at (0,1224) size 36x17
                  text run at (0,1224) width 36: "dddd"
                RenderBR {BR} at (36,1224) size 0x17
                RenderText {#text} at (0,1242) size 36x17
                  text run at (0,1242) width 36: "eeee"
                RenderBR {BR} at (36,1242) size 0x17
                RenderText {#text} at (0,1260) size 16x17
                  text run at (0,1260) width 16: "ffff"
                RenderBR {BR} at (16,1260) size 0x17
                RenderText {#text} at (0,1278) size 36x17
                  text run at (0,1278) width 36: "gggg"
                RenderBR {BR} at (36,1278) size 0x17
                RenderText {#text} at (0,1296) size 36x17
                  text run at (0,1296) width 36: "hhhh"
                RenderBR {BR} at (36,1296) size 0x17
                RenderText {#text} at (0,1314) size 16x17
                  text run at (0,1314) width 16: "iiii"
                RenderBR {BR} at (16,1314) size 0x17
                RenderText {#text} at (0,1332) size 16x17
                  text run at (0,1332) width 16: "jjjj"
                RenderBR {BR} at (16,1332) size 0x17
                RenderText {#text} at (0,1350) size 32x17
                  text run at (0,1350) width 32: "kkkk"
                RenderBR {BR} at (32,1350) size 0x17
                RenderText {#text} at (0,1368) size 16x17
                  text run at (0,1368) width 16: "llll"
                RenderBR {BR} at (16,1368) size 0x17
                RenderText {#text} at (0,1386) size 52x17
                  text run at (0,1386) width 52: "mmmm"
                RenderBR {BR} at (52,1386) size 0x17
                RenderText {#text} at (0,1404) size 36x17
                  text run at (0,1404) width 36: "nnnn"
                RenderBR {BR} at (36,1404) size 0x17
                RenderText {#text} at (0,1422) size 36x17
                  text run at (0,1422) width 36: "oooo"
                RenderBR {BR} at (36,1422) size 0x17
                RenderText {#text} at (0,1440) size 36x17
                  text run at (0,1440) width 36: "pppp"
                RenderBR {BR} at (36,1440) size 0x17
                RenderText {#text} at (0,1458) size 36x17
                  text run at (0,1458) width 36: "qqqq"
                RenderBR {BR} at (36,1458) size 0x17
                RenderText {#text} at (0,1476) size 20x17
                  text run at (0,1476) width 20: "rrrr"
                RenderBR {BR} at (20,1476) size 0x17
                RenderText {#text} at (0,1494) size 32x17
                  text run at (0,1494) width 32: "ssss"
                RenderBR {BR} at (32,1494) size 0x17
                RenderText {#text} at (0,1512) size 16x17
                  text run at (0,1512) width 16: "tttt"
                RenderBR {BR} at (16,1512) size 0x17
                RenderText {#text} at (0,1530) size 36x17
                  text run at (0,1530) width 36: "uuuu"
                RenderBR {BR} at (36,1530) size 0x17
                RenderText {#text} at (0,1548) size 32x17
                  text run at (0,1548) width 32: "vvvv"
                RenderBR {BR} at (32,1548) size 0x17
                RenderText {#text} at (0,1566) size 48x17
                  text run at (0,1566) width 48: "wwww"
                RenderBR {BR} at (48,1566) size 0x17
                RenderText {#text} at (0,1584) size 32x17
                  text run at (0,1584) width 32: "xxxx"
                RenderBR {BR} at (32,1584) size 0x17
                RenderText {#text} at (0,1602) size 32x17
                  text run at (0,1602) width 32: "yyyy"
                RenderBR {BR} at (32,1602) size 0x17
                RenderText {#text} at (0,1620) size 32x17
                  text run at (0,1620) width 32: "zzzz"
                RenderBR {BR} at (32,1620) size 0x17
                RenderText {#text} at (0,1638) size 20x17
                  text run at (0,1638) width 20: "{{{{"
                RenderBR {BR} at (20,1638) size 0x17
                RenderText {#text} at (0,1656) size 16x17
                  text run at (0,1656) width 16: "||||"
                RenderBR {BR} at (16,1656) size 0x17
                RenderText {#text} at (0,1674) size 20x17
                  text run at (0,1674) width 20: "}}}}"
                RenderBR {BR} at (20,1674) size 0x17
              RenderText {#text} at (0,0) size 0x0
            RenderText {#text} at (0,0) size 0x0
