layer at (0,0) size 800x600
  RenderView at (0,0) size 800x600
layer at (0,0) size 800x600
  RenderBlock {HTML} at (0,0) size 800x600
    RenderBody {BODY} at (8,8) size 784x584
layer at (8,200) size 200x40
  RenderBlock (positioned) {DIV} at (8,200) size 200x40
    RenderText {#text} at (0,0) size 80x40
      text run at (0,0) width 80: "A "
    RenderInline {CITE} at (0,0) size 40x40
      RenderText {#text} at (80,0) size 40x40
        text run at (80,0) width 40: "B"
    RenderText {#text} at (120,0) size 80x40
      text run at (120,0) width 80: " C"
