layer at (0,0) size 800x600
  RenderView at (0,0) size 800x600
layer at (0,0) size 800x600
  RenderBlock {HTML} at (0,0) size 800x600
    RenderBody {BODY} at (8,8) size 784x576
      RenderBlock {P} at (0,0) size 784x36
        RenderText {#text} at (0,0) size 774x35
          text run at (0,0) width 472: "This text should be rendered with subpixel anti-aliasing turned on if your "
          text run at (471,0) width 303: "XSettings specifies that. This should always be"
          text run at (0,18) width 122: "true for this test in "
          text run at (121,18) width 120: "DumpRenderTree."
