layer at (0,0) size 800x600
  RenderView at (0,0) size 800x600
layer at (0,0) size 800x104
  RenderBlock {html} at (0,0) size 800x104
    RenderInline {body} at (0,0) size 226x18
      RenderText {#text} at (0,0) size 0x0
      RenderInline {h1} at (0,0) size 55x18
        RenderText {#text} at (0,86) size 55x18
          text run at (0,86) width 55: "Test 123"
      RenderText {#text} at (54,86) size 5x18
        text run at (54,86) width 5: " "
      RenderSVGRoot {svg} at (58,0) size 101x100
        RenderSVGText {text} at (0,-14) size 196x18 contains 1 chunk(s)
          RenderSVGInlineText {#text} at (0,0) size 196x18
            chunk 1 text run 1 at (0.00,0.00) startOffset 0 endOffset 29 width 195.05: "You should see an error above"
        RenderSVGRect {rect} at (58,0) size 101x100 [fill={[type=SOLID] [color=#008000]}] [x=0.00] [y=0.00] [width=100.00] [height=100.00]
      RenderText {#text} at (158,86) size 5x18
        text run at (158,86) width 5: " "
      RenderInline {h1} at (0,0) size 64x18
        RenderText {#text} at (162,86) size 64x18
          text run at (162,86) width 64: "Test ABC"
      RenderText {#text} at (0,0) size 0x0
    RenderText {#text} at (0,0) size 0x0
