layer at (0,0) size 800x600
  RenderView at (0,0) size 800x600
layer at (0,0) size 800x95
  RenderBlock {html} at (0,0) size 800x95
    RenderBody {body} at (8,16) size 784x71
      RenderBlock {p} at (0,0) size 784x18
        RenderText {#text} at (0,0) size 671x18
          text run at (0,0) width 445: "A test for hit testing when an svg container is relatively positioned in "
          text run at (444,0) width 227: "a containing block. See bug 13981."
      RenderBlock (anonymous) at (0,34) size 784x37
        RenderBR {br} at (0,0) size 0x18
        RenderSVGRoot {svg} at (8,68) size 720x15
          RenderSVGRect {rect} at (8,68) size 720x15 [fill={[type=SOLID] [color=#008000]}] [x=0.00] [y=0.00] [width=720.00] [height=15.00]
        RenderText {#text} at (0,0) size 0x0
caret: position 0 of child 3 {br} of body
