layer at (0,0) size 1026x1032
  RenderView at (0,0) size 785x585
layer at (0,0) size 785x1032
  RenderBlock {HTML} at (0,0) size 785x1032
    RenderBody {BODY} at (8,16) size 769x1012
      RenderBlock {DIV} at (16,0) size 737x63
        RenderBlock {P} at (0,0) size 737x21
          RenderInline {A} at (268,0) size 90x20 [color=#0000EE]
            RenderText {#text} at (268,0) size 90x20
              text run at (268,0) width 90: "Full version"
          RenderText {#text} at (357,0) size 11x20
            text run at (357,0) width 11: ", "
          RenderInline {A} at (367,0) size 102x20 [color=#0000EE]
            RenderText {#text} at (367,0) size 102x20
              text run at (367,0) width 102: "Basic version"
        RenderBlock {P} at (0,20) size 737x22
          RenderText {#text} at (183,0) size 143x20
            text run at (183,0) width 143: "Specification link: "
          RenderInline {A} at (325,0) size 229x20 [color=#0000EE]
            RenderText {#text} at (325,0) size 229x20
              text run at (325,0) width 229: "3.4 How groups are rendered"
        RenderBlock {P} at (0,41) size 737x22
          RenderInline {A} at (153,0) size 202x20 [color=#0000EE]
            RenderText {#text} at (153,0) size 202x20
              text run at (153,0) width 202: "pservers-pattern-01-b \x{2190}"
          RenderText {#text} at (354,0) size 6x20
            text run at (354,0) width 6: " "
          RenderInline {A} at (359,0) size 45x20 [color=#0000EE]
            RenderText {#text} at (359,0) size 45x20
              text run at (359,0) width 45: "index"
          RenderText {#text} at (403,0) size 6x20
            text run at (403,0) width 6: " "
          RenderInline {A} at (408,0) size 176x20 [color=#0000EE]
            RenderText {#text} at (408,0) size 176x20
              text run at (408,0) width 176: "\x{2192} script-handle-01-b"
          RenderText {#text} at (0,0) size 0x0
      RenderTable {TABLE} at (0,66) size 1018x553
        RenderTableSection {TBODY} at (0,0) size 1018x553
          RenderTableRow {TR} at (0,0) size 1018x553
            RenderTableCell {TD} at (0,0) size 1018x553 [r=0 c=0 rs=1 cs=3]
              RenderTable {TABLE} at (10,10) size 998x533
                RenderTableSection {TBODY} at (0,0) size 998x533
                  RenderTableRow {TR} at (0,2) size 998x107
                    RenderTableCell {TD} at (2,2) size 994x107 [r=0 c=0 rs=1 cs=2]
                      RenderBlock {H1} at (8,29) size 978x49
                        RenderText {#text} at (314,5) size 350x38
                          text run at (314,5) width 350: "render-groups-01-b"
                  RenderTableRow {TR} at (0,110) size 998x38 [color=#FFFFFF] [bgcolor=#000000]
                    RenderTableCell {TD} at (2,110) size 496x38 [r=1 c=0 rs=1 cs=1]
                      RenderText {#text} at (204,8) size 88x20
                        text run at (204,8) width 88: "SVG Image"
                    RenderTableCell {TD} at (500,110) size 496x38 [r=1 c=1 rs=1 cs=1]
                      RenderText {#text} at (203,8) size 90x20
                        text run at (203,8) width 90: "PNG Image"
                  RenderTableRow {TR} at (0,149) size 998x382
                    RenderTableCell {TD} at (2,149) size 496x382 [r=2 c=0 rs=1 cs=1]
                      RenderEmbeddedObject {EMBED} at (8,8) size 480x360
                        layer at (0,0) size 480x360
                          RenderView at (0,0) size 480x360
                        layer at (0,0) size 480x360
                          RenderSVGRoot {svg} at (0,0) size 480x360
                            RenderSVGContainer {g} at (35,10) size 429x305
                              RenderSVGHiddenContainer {defs} at (0,0) size 0x0
                              RenderSVGContainer {g} at (35,10) size 429x305 [transform={m=((1.80,0.00)(0.00,1.80)) t=(0.00,0.00)}]
                                RenderSVGRect {rect} at (36,18) size 414x279 [fill={[type=SOLID] [color=#C0C0C0]}] [x=20.00] [y=10.00] [width=230.00] [height=155.00]
                                RenderSVGPath {line} at (58,18) size 28x297 [stroke={[type=SOLID] [color=#FFFFFF] [stroke width=15.00]}] [fill={[type=SOLID] [color=#000000]}] [x1=40.00] [y1=10.00] [x2=40.00] [y2=175.00]
                                RenderSVGPath {line} at (112,18) size 28x297 [stroke={[type=SOLID] [color=#FFFFFF] [stroke width=15.00]}] [fill={[type=SOLID] [color=#000000]}] [x1=70.00] [y1=10.00] [x2=70.00] [y2=175.00]
                                RenderSVGPath {line} at (166,18) size 28x297 [stroke={[type=SOLID] [color=#FFFFFF] [stroke width=15.00]}] [fill={[type=SOLID] [color=#000000]}] [x1=100.00] [y1=10.00] [x2=100.00] [y2=175.00]
                                RenderSVGPath {line} at (220,18) size 28x297 [stroke={[type=SOLID] [color=#FFFFFF] [stroke width=15.00]}] [fill={[type=SOLID] [color=#000000]}] [x1=130.00] [y1=10.00] [x2=130.00] [y2=175.00]
                                RenderSVGPath {line} at (274,18) size 28x297 [stroke={[type=SOLID] [color=#FFFFFF] [stroke width=15.00]}] [fill={[type=SOLID] [color=#000000]}] [x1=160.00] [y1=10.00] [x2=160.00] [y2=175.00]
                                RenderSVGPath {line} at (328,18) size 28x297 [stroke={[type=SOLID] [color=#FFFFFF] [stroke width=15.00]}] [fill={[type=SOLID] [color=#000000]}] [x1=190.00] [y1=10.00] [x2=190.00] [y2=175.00]
                                RenderSVGPath {line} at (382,18) size 28x297 [stroke={[type=SOLID] [color=#FFFFFF] [stroke width=15.00]}] [fill={[type=SOLID] [color=#000000]}] [x1=220.00] [y1=10.00] [x2=220.00] [y2=175.00]
                                RenderSVGPath {line} at (436,18) size 28x297 [stroke={[type=SOLID] [color=#FFFFFF] [stroke width=15.00]}] [fill={[type=SOLID] [color=#000000]}] [x1=250.00] [y1=10.00] [x2=250.00] [y2=175.00]
                                RenderSVGRect {rect} at (35,17) size 416x281 [stroke={[type=SOLID] [color=#000000]}] [x=20.00] [y=10.00] [width=230.00] [height=155.00]
                                RenderSVGContainer {g} at (54,10) size 382x269 [opacity=0.50]
                                  RenderSVGText {text} at (30,5) size 133x121 contains 1 chunk(s)
                                    RenderSVGInlineText {#text} at (0,0) size 133x121
                                      chunk 1 text run 1 at (30.00,90.00) startOffset 0 endOffset 3 width 132.36: "SVG"
                                  RenderSVGRect {rect} at (126,99) size 234x126 [fill={[type=SOLID] [color=#820032]}] [x=70.00] [y=55.00] [width=130.00] [height=70.00]
                                  RenderSVGImage {image} at (291,135) size 145x144
                            RenderSVGText {text} at (10,304) size 264x46 contains 1 chunk(s)
                              RenderSVGInlineText {#text} at (0,0) size 264x46
                                chunk 1 text run 1 at (10.00,340.00) startOffset 0 endOffset 16 width 263.34: "$Revision: 1.6 $"
                            RenderSVGRect {rect} at (0,0) size 480x360 [stroke={[type=SOLID] [color=#000000]}] [x=1.00] [y=1.00] [width=478.00] [height=358.00]
                      RenderText {#text} at (0,0) size 0x0
                    RenderTableCell {TD} at (500,149) size 496x382 [r=2 c=1 rs=1 cs=1]
                      RenderImage {IMG} at (8,8) size 480x360
                      RenderText {#text} at (0,0) size 0x0
      RenderBlock {DIV} at (23,629) size 723x347
        RenderBlock {P} at (0,0) size 723x42
          RenderText {#text} at (0,0) size 716x41
            text run at (0,0) width 716: "Verifies implicit rendering order (paragraph 3.3) and grouping mechanism (paragraphs 3.4)."
            text run at (0,21) width 430: "It also validates basic Shape, Image and text rendering."
        RenderBlock {P} at (0,52) size 723x168
          RenderText {#text} at (0,0) size 709x166
            text run at (0,0) width 152: "This test renders 3 "
            text run at (151,0) width 274: "elements: a text string \"SVG\", then "
            text run at (424,0) width 275: "a shape, then an image. Because of"
            text run at (0,21) width 385: "their definition order and coordinates, the image "
            text run at (384,21) width 325: "should be on top of the rectangle and the"
            text run at (0,42) width 259: "rectangle on top of the text. The "
            text run at (258,42) width 405: "test validates that groups are conceptually rendered"
            text run at (0,63) width 181: "offscreen before being "
            text run at (180,63) width 463: "rendered on the canvas. This is done by grouping the same"
            text run at (0,84) width 192: "overlapping objects and "
            text run at (191,84) width 471: "rendering the group at half opacity. The background pattern"
            text run at (0,104) width 187: "(vertical stripes) should "
            text run at (186,104) width 495: "show throw all the group elements. However, none of the \"SVG\""
            text run at (0,125) width 200: "should show through the "
            text run at (199,125) width 479: "rectangle and none of the rectangle should show through the"
            text run at (0,146) width 53: "image."
        RenderBlock {P} at (0,230) size 723x84
          RenderText {#text} at (0,0) size 712x83
            text run at (0,0) width 622: "Prerequisites: the test assumes proper handling of the fill stroke, stroke-width, "
            text run at (621,0) width 62: "opacity,"
            text run at (0,21) width 636: "font-size rendering properties. It uses the rect, line, text and image elements, as "
            text run at (635,21) width 77: "well as all"
            text run at (0,42) width 598: "the elements required for the test template. To ensure that the text string is "
            text run at (597,42) width 111: "overlapped by"
            text run at (0,63) width 656: "the other elements and to avoid a dependency on system fonts, an SVG font is used."
        RenderBlock {P} at (0,324) size 723x22
          RenderText {#text} at (0,0) size 492x20
            text run at (0,0) width 492: "The rendered image should match the reference image exactly."
      RenderBlock {DIV} at (16,991) size 737x21
        RenderBlock {P} at (0,0) size 737x21
          RenderInline {A} at (153,0) size 202x20 [color=#0000EE]
            RenderText {#text} at (153,0) size 202x20
              text run at (153,0) width 202: "pservers-pattern-01-b \x{2190}"
          RenderText {#text} at (354,0) size 6x20
            text run at (354,0) width 6: " "
          RenderInline {A} at (359,0) size 45x20 [color=#0000EE]
            RenderText {#text} at (359,0) size 45x20
              text run at (359,0) width 45: "index"
          RenderText {#text} at (403,0) size 6x20
            text run at (403,0) width 6: " "
          RenderInline {A} at (408,0) size 176x20 [color=#0000EE]
            RenderText {#text} at (408,0) size 176x20
              text run at (408,0) width 176: "\x{2192} script-handle-01-b"
          RenderText {#text} at (0,0) size 0x0
scrolled to 0,447
