layer at (0,0) size 800x600
  RenderView at (0,0) size 800x600
layer at (0,0) size 800x600
  RenderBlock {HTML} at (0,0) size 800x600
    RenderBody {BODY} at (8,8) size 784x574
      RenderBlock (anonymous) at (0,0) size 784x18
        RenderText {#text} at (0,0) size 74x18
          text run at (0,0) width 74: "no spacing:"
      RenderBlock {P} at (0,36) size 784x20
        RenderText {#text} at (0,0) size 70x19
          text run at (0,0) width 70: "abc abc abc"
      RenderBlock (anonymous) at (0,73) size 784x19
        RenderText {#text} at (0,0) size 300x18
          text run at (0,0) width 300: "word-spacing: 100px, all should look the same"
      RenderBlock {P} at (0,109) size 784x21
        RenderText {#text} at (0,0) size 270x19
          text run at (0,0) width 19: "abc"
          text run at (118,0) width 27: " abc"
          text run at (244,0) width 26: " abc"
      RenderBlock {P} at (0,147) size 784x21
        RenderText {#text} at (0,0) size 126x19
          text run at (0,0) width 19: "abc"
          text run at (118,0) width 8: " "
        RenderInline {SPAN} at (125,0) size 14x19
          RenderText {#text} at (125,0) size 14x19
            text run at (125,0) width 14: "ab"
        RenderText {#text} at (138,0) size 132x19
          text run at (138,0) width 7: "c"
          text run at (244,0) width 26: " abc"
      RenderBlock {P} at (0,185) size 784x21
        RenderText {#text} at (0,0) size 126x19
          text run at (0,0) width 19: "abc"
          text run at (118,0) width 8: " "
        RenderInline {SPAN} at (125,0) size 8x19
          RenderText {#text} at (125,0) size 8x19
            text run at (125,0) width 8: "a"
        RenderInline {SPAN} at (132,0) size 7x19
          RenderText {#text} at (132,0) size 7x19
            text run at (132,0) width 7: "b"
        RenderText {#text} at (138,0) size 132x19
          text run at (138,0) width 7: "c"
          text run at (244,0) width 26: " abc"
      RenderBlock {P} at (0,223) size 784x21
        RenderText {#text} at (0,0) size 126x19
          text run at (0,0) width 19: "abc"
          text run at (118,0) width 8: " "
        RenderInline {SPAN} at (125,0) size 8x19
          RenderText {#text} at (125,0) size 8x19
            text run at (125,0) width 8: "a"
        RenderText {#text} at (132,0) size 7x19
          text run at (132,0) width 7: "b"
        RenderInline {SPAN} at (138,0) size 7x19
          RenderText {#text} at (138,0) size 7x19
            text run at (138,0) width 7: "c"
        RenderText {#text} at (244,0) size 26x19
          text run at (244,0) width 26: " abc"
      RenderBlock {P} at (0,261) size 784x20
        RenderText {#text} at (0,0) size 133x19
          text run at (0,0) width 19: "abc"
          text run at (118,0) width 15: " a"
        RenderInline {SPAN} at (132,0) size 7x19
          RenderText {#text} at (132,0) size 7x19
            text run at (132,0) width 7: "b"
        RenderInline {SPAN} at (138,0) size 7x19
          RenderText {#text} at (138,0) size 7x19
            text run at (138,0) width 7: "c"
        RenderText {#text} at (244,0) size 26x19
          text run at (244,0) width 26: " abc"
      RenderBlock {P} at (0,298) size 784x21
        RenderText {#text} at (0,0) size 133x19
          text run at (0,0) width 19: "abc"
          text run at (118,0) width 15: " a"
        RenderInline {SPAN} at (132,0) size 7x19
          RenderText {#text} at (132,0) size 7x19
            text run at (132,0) width 7: "b"
        RenderText {#text} at (138,0) size 132x19
          text run at (138,0) width 7: "c"
          text run at (244,0) width 26: " abc"
      RenderBlock {P} at (0,336) size 784x21
        RenderText {#text} at (0,0) size 126x19
          text run at (0,0) width 19: "abc"
          text run at (118,0) width 8: " "
        RenderInline {SPAN} at (125,0) size 0x19
        RenderText {#text} at (125,0) size 126x19
          text run at (125,0) width 20: "abc"
          text run at (244,0) width 7: " "
        RenderInline {SPAN} at (250,0) size 0x19
        RenderText {#text} at (250,0) size 20x19
          text run at (250,0) width 20: "abc"
