layer at (0,0) size 800x600
  RenderView at (0,0) size 800x600
layer at (0,0) size 800x280
  RenderBlock {html} at (0,0) size 800x280
    RenderBody {body} at (8,16) size 784x256
      RenderBlock {p} at (0,0) size 784x72
        RenderText {#text} at (0,0) size 769x71
          text run at (0,0) width 762: "This is a test to check if the loading of a stylesheet is properly cancelled (count of pending style sheets is decremented)"
          text run at (0,18) width 602: "when its link tag is changed through the DOM after the link tag is appended to the document. "
          text run at (601,18) width 168: "When the div with style is"
          text run at (0,36) width 715: "moved, it appears on the screen if the style was loaded properly, and doesn't appear when there are out-standing"
          text run at (0,54) width 260: "stylesheets according to the DocLoader. "
          text run at (259,54) width 28: "See "
        RenderInline {a} at (0,0) size 33x17 [color=#0000EE]
          RenderText {#text} at (286,54) size 33x17
            text run at (286,54) width 33: "6999"
      RenderBlock {p} at (0,88) size 784x18
        RenderInline {span} at (0,0) size 33x17 [color=#FF0000]
          RenderText {#text} at (0,0) size 33x17
            text run at (0,0) width 33: "Fails"
        RenderText {#text} at (32,0) size 55x17
          text run at (32,0) width 55: " if there "
        RenderInline {span} at (0,0) size 33x17 [color=#FF0000]
          RenderText {#text} at (86,0) size 33x17
            text run at (86,0) width 33: "is no"
        RenderText {#text} at (118,0) size 154x17
          text run at (118,0) width 154: " pink box on the screen."
      RenderBlock {p} at (0,122) size 784x18
        RenderInline {span} at (0,0) size 44x17 [color=#008000]
          RenderText {#text} at (0,0) size 44x17
            text run at (0,0) width 44: "Passes"
        RenderText {#text} at (43,0) size 55x17
          text run at (43,0) width 55: " if there "
        RenderInline {span} at (0,0) size 11x17 [color=#008000]
          RenderText {#text} at (97,0) size 11x17
            text run at (97,0) width 11: "is"
        RenderText {#text} at (107,0) size 165x17
          text run at (107,0) width 165: " a pink box on the screen."
      RenderBlock {div} at (0,156) size 100x100 [bgcolor=#FFCCFF]
