layer at (0,0) size 892x585
  RenderView at (0,0) size 800x585
layer at (-92,0) size 892x585 backgroundClip at (0,0) size 892x585 clip at (0,0) size 892x585
  RenderBlock {HTML} at (0,0) size 892x585
    RenderBody {BODY} at (8,8) size 876x569
layer at (362,8) size 430x569
  RenderBlock {DIV} at (0,0) size 430x569 [border: (5px solid #0000FF)]
    RenderMultiColumnSet at (5,5) size 420x559
layer at (287,13) size 500x272
  RenderMultiColumnFlowThread at (5,5) size 500x272
    RenderBlock (anonymous) at (0,0) size 420x272
      RenderText {#text} at (0,0) size 19x104
        text run at (0,0) width 104: "This is some text."
      RenderBR {BR} at (15,104) size 0x0
      RenderText {#text} at (20,0) size 19x104
        text run at (20,0) width 104: "This is some text."
      RenderBR {BR} at (35,104) size 0x0
      RenderText {#text} at (40,0) size 19x104
        text run at (40,0) width 104: "This is some text."
      RenderBR {BR} at (55,104) size 0x0
      RenderText {#text} at (60,0) size 19x104
        text run at (60,0) width 104: "This is some text."
      RenderBR {BR} at (75,104) size 0x0
      RenderText {#text} at (80,0) size 19x104
        text run at (80,0) width 104: "This is some text."
      RenderBR {BR} at (95,104) size 0x0
      RenderText {#text} at (100,0) size 19x104
        text run at (100,0) width 104: "This is some text."
      RenderBR {BR} at (115,104) size 0x0
      RenderText {#text} at (120,0) size 19x104
        text run at (120,0) width 104: "This is some text."
      RenderBR {BR} at (135,104) size 0x0
      RenderText {#text} at (140,0) size 19x104
        text run at (140,0) width 104: "This is some text."
      RenderBR {BR} at (155,104) size 0x0
      RenderText {#text} at (160,0) size 19x104
        text run at (160,0) width 104: "This is some text."
      RenderBR {BR} at (175,104) size 0x0
      RenderText {#text} at (180,0) size 19x104
        text run at (180,0) width 104: "This is some text."
      RenderBR {BR} at (195,104) size 0x0
      RenderText {#text} at (200,0) size 19x104
        text run at (200,0) width 104: "This is some text."
      RenderBR {BR} at (215,104) size 0x0
      RenderText {#text} at (220,0) size 19x104
        text run at (220,0) width 104: "This is some text."
      RenderBR {BR} at (235,104) size 0x0
      RenderText {#text} at (240,0) size 19x104
        text run at (240,0) width 104: "This is some text."
      RenderBR {BR} at (255,104) size 0x0
      RenderText {#text} at (260,0) size 19x104
        text run at (260,0) width 104: "This is some text."
      RenderBR {BR} at (275,104) size 0x0
      RenderText {#text} at (280,0) size 19x104
        text run at (280,0) width 104: "This is some text."
      RenderBR {BR} at (295,104) size 0x0
      RenderText {#text} at (300,0) size 19x104
        text run at (300,0) width 104: "This is some text."
      RenderBR {BR} at (315,104) size 0x0
      RenderText {#text} at (320,0) size 19x104
        text run at (320,0) width 104: "This is some text."
      RenderBR {BR} at (335,104) size 0x0
      RenderText {#text} at (340,0) size 19x104
        text run at (340,0) width 104: "This is some text."
      RenderBR {BR} at (355,104) size 0x0
      RenderText {#text} at (360,0) size 19x104
        text run at (360,0) width 104: "This is some text."
      RenderBR {BR} at (375,104) size 0x0
      RenderText {#text} at (380,0) size 19x104
        text run at (380,0) width 104: "This is some text."
      RenderBR {BR} at (395,104) size 0x0
      RenderText {#text} at (400,0) size 19x104
        text run at (400,0) width 104: "This is some text."
      RenderBR {BR} at (415,104) size 0x0
    RenderBlock {DIV} at (420,0) size 80x272
      RenderText {#text} at (0,0) size 19x247
        text run at (0,0) width 247: "This text should be in the second column."
      RenderBR {BR} at (15,247) size 0x0
      RenderText {#text} at (20,0) size 19x247
        text run at (20,0) width 247: "This text should be in the second column."
      RenderBR {BR} at (35,247) size 0x0
      RenderText {#text} at (40,0) size 19x247
        text run at (40,0) width 247: "This text should be in the second column."
      RenderBR {BR} at (55,247) size 0x0
      RenderText {#text} at (60,0) size 19x247
        text run at (60,0) width 247: "This text should be in the second column."
      RenderBR {BR} at (75,247) size 0x0
layer at (-84,8) size 430x569 backgroundClip at (0,0) size 892x585 clip at (0,0) size 892x585
  RenderBlock {DIV} at (446,0) size 430x569 [border: (5px solid #0000FF)]
    RenderMultiColumnSet at (5,5) size 420x559
layer at (-499,13) size 840x272 backgroundClip at (0,0) size 892x585 clip at (0,0) size 892x585
  RenderMultiColumnFlowThread at (5,5) size 840x272
    RenderBlock (anonymous) at (0,0) size 80x272
      RenderText {#text} at (0,0) size 19x226
        text run at (0,0) width 226: "This text should be in the first column."
      RenderBR {BR} at (15,226) size 0x0
      RenderText {#text} at (20,0) size 19x226
        text run at (20,0) width 226: "This text should be in the first column."
      RenderBR {BR} at (35,226) size 0x0
      RenderText {#text} at (40,0) size 19x226
        text run at (40,0) width 226: "This text should be in the first column."
      RenderBR {BR} at (55,226) size 0x0
      RenderText {#text} at (60,0) size 19x226
        text run at (60,0) width 226: "This text should be in the first column."
      RenderBR {BR} at (75,226) size 0x0
    RenderBlock {DIV} at (420,0) size 420x272
      RenderText {#text} at (0,0) size 19x104
        text run at (0,0) width 104: "This is some text."
      RenderBR {BR} at (15,104) size 0x0
      RenderText {#text} at (20,0) size 19x104
        text run at (20,0) width 104: "This is some text."
      RenderBR {BR} at (35,104) size 0x0
      RenderText {#text} at (40,0) size 19x104
        text run at (40,0) width 104: "This is some text."
      RenderBR {BR} at (55,104) size 0x0
      RenderText {#text} at (60,0) size 19x104
        text run at (60,0) width 104: "This is some text."
      RenderBR {BR} at (75,104) size 0x0
      RenderText {#text} at (80,0) size 19x104
        text run at (80,0) width 104: "This is some text."
      RenderBR {BR} at (95,104) size 0x0
      RenderText {#text} at (100,0) size 19x104
        text run at (100,0) width 104: "This is some text."
      RenderBR {BR} at (115,104) size 0x0
      RenderText {#text} at (120,0) size 19x104
        text run at (120,0) width 104: "This is some text."
      RenderBR {BR} at (135,104) size 0x0
      RenderText {#text} at (140,0) size 19x104
        text run at (140,0) width 104: "This is some text."
      RenderBR {BR} at (155,104) size 0x0
      RenderText {#text} at (160,0) size 19x104
        text run at (160,0) width 104: "This is some text."
      RenderBR {BR} at (175,104) size 0x0
      RenderText {#text} at (180,0) size 19x104
        text run at (180,0) width 104: "This is some text."
      RenderBR {BR} at (195,104) size 0x0
      RenderText {#text} at (200,0) size 19x104
        text run at (200,0) width 104: "This is some text."
      RenderBR {BR} at (215,104) size 0x0
      RenderText {#text} at (220,0) size 19x104
        text run at (220,0) width 104: "This is some text."
      RenderBR {BR} at (235,104) size 0x0
      RenderText {#text} at (240,0) size 19x104
        text run at (240,0) width 104: "This is some text."
      RenderBR {BR} at (255,104) size 0x0
      RenderText {#text} at (260,0) size 19x104
        text run at (260,0) width 104: "This is some text."
      RenderBR {BR} at (275,104) size 0x0
      RenderText {#text} at (280,0) size 19x104
        text run at (280,0) width 104: "This is some text."
      RenderBR {BR} at (295,104) size 0x0
      RenderText {#text} at (300,0) size 19x104
        text run at (300,0) width 104: "This is some text."
      RenderBR {BR} at (315,104) size 0x0
      RenderText {#text} at (320,0) size 19x104
        text run at (320,0) width 104: "This is some text."
      RenderBR {BR} at (335,104) size 0x0
      RenderText {#text} at (340,0) size 19x104
        text run at (340,0) width 104: "This is some text."
      RenderBR {BR} at (355,104) size 0x0
      RenderText {#text} at (360,0) size 19x104
        text run at (360,0) width 104: "This is some text."
      RenderBR {BR} at (375,104) size 0x0
      RenderText {#text} at (380,0) size 19x104
        text run at (380,0) width 104: "This is some text."
      RenderBR {BR} at (395,104) size 0x0
      RenderText {#text} at (400,0) size 19x104
        text run at (400,0) width 104: "This is some text."
      RenderBR {BR} at (415,104) size 0x0
