layer at (0,0) size 1680x1208
  RenderView at (0,0) size 785x585
layer at (-895,0) size 1680x585 backgroundClip at (0,0) size 1680x1208 clip at (0,0) size 1680x1208
  RenderBlock {HTML} at (0,0) size 1680x585
    RenderBody {BODY} at (8,8) size 1664x1200
layer at (373,8) size 404x1200
  RenderBlock {DIV} at (0,0) size 404x1200 [border: (2px solid #000000)]
    RenderMultiColumnSet at (2,2) size 400x1196
layer at (-161,10) size 936x388 backgroundClip at (0,0) size 1680x1208 clip at (0,0) size 1680x1208
  RenderMultiColumnFlowThread at (2,2) size 936x388
    RenderBlock (anonymous) at (0,0) size 280x388
      RenderText {#text} at (0,0) size 19x104
        text run at (0,0) width 104: "This is some text."
      RenderBR {BR} at (15,104) size 0x0
      RenderText {#text} at (20,0) size 19x104
        text run at (20,0) width 104: "This is some text."
      RenderBR {BR} at (35,104) size 0x0
      RenderText {#text} at (40,0) size 19x104
        text run at (40,0) width 104: "This is some text."
      RenderBR {BR} at (55,104) size 0x0
      RenderText {#text} at (60,0) size 19x104
        text run at (60,0) width 104: "This is some text."
      RenderBR {BR} at (75,104) size 0x0
      RenderText {#text} at (80,0) size 19x104
        text run at (80,0) width 104: "This is some text."
      RenderBR {BR} at (95,104) size 0x0
      RenderText {#text} at (100,0) size 19x104
        text run at (100,0) width 104: "This is some text."
      RenderBR {BR} at (115,104) size 0x0
      RenderText {#text} at (120,0) size 19x104
        text run at (120,0) width 104: "This is some text."
      RenderBR {BR} at (135,104) size 0x0
      RenderText {#text} at (140,0) size 19x104
        text run at (140,0) width 104: "This is some text."
      RenderBR {BR} at (155,104) size 0x0
      RenderText {#text} at (160,0) size 19x104
        text run at (160,0) width 104: "This is some text."
      RenderBR {BR} at (175,104) size 0x0
      RenderText {#text} at (180,0) size 19x104
        text run at (180,0) width 104: "This is some text."
      RenderBR {BR} at (195,104) size 0x0
      RenderText {#text} at (200,0) size 19x104
        text run at (200,0) width 104: "This is some text."
      RenderBR {BR} at (215,104) size 0x0
      RenderText {#text} at (220,0) size 19x104
        text run at (220,0) width 104: "This is some text."
      RenderBR {BR} at (235,104) size 0x0
      RenderText {#text} at (240,0) size 19x104
        text run at (240,0) width 104: "This is some text."
      RenderBR {BR} at (255,104) size 0x0
      RenderText {#text} at (260,0) size 19x104
        text run at (260,0) width 104: "This is some text."
      RenderBR {BR} at (275,104) size 0x0
    RenderBlock {P} at (296,0) size 624x388
      RenderBlock (floating) {SPAN} at (104,0) size 150x78
        RenderText {#text} at (2,0) size 145x78
          text run at (2,0) width 78: "T"
      RenderText {#text} at (104,78) size 19x95
        text run at (104,78) width 95: "his is some text."
      RenderBR {BR} at (119,173) size 0x0
      RenderText {#text} at (124,78) size 19x104
        text run at (124,78) width 104: "This is some text."
      RenderBR {BR} at (139,182) size 0x0
      RenderText {#text} at (144,78) size 19x104
        text run at (144,78) width 104: "This is some text."
      RenderBR {BR} at (159,182) size 0x0
      RenderText {#text} at (164,78) size 19x104
        text run at (164,78) width 104: "This is some text."
      RenderBR {BR} at (179,182) size 0x0
      RenderText {#text} at (184,78) size 19x104
        text run at (184,78) width 104: "This is some text."
      RenderBR {BR} at (199,182) size 0x0
      RenderText {#text} at (204,78) size 19x104
        text run at (204,78) width 104: "This is some text."
      RenderBR {BR} at (219,182) size 0x0
      RenderText {#text} at (224,78) size 19x104
        text run at (224,78) width 104: "This is some text."
      RenderBR {BR} at (239,182) size 0x0
      RenderText {#text} at (244,78) size 19x104
        text run at (244,78) width 104: "This is some text."
      RenderBR {BR} at (259,182) size 0x0
      RenderText {#text} at (264,0) size 19x104
        text run at (264,0) width 104: "This is some text."
      RenderBR {BR} at (279,104) size 0x0
      RenderText {#text} at (284,0) size 19x104
        text run at (284,0) width 104: "This is some text."
      RenderBR {BR} at (299,104) size 0x0
      RenderText {#text} at (304,0) size 19x104
        text run at (304,0) width 104: "This is some text."
      RenderBR {BR} at (319,104) size 0x0
      RenderText {#text} at (324,0) size 19x104
        text run at (324,0) width 104: "This is some text."
      RenderBR {BR} at (339,104) size 0x0
      RenderText {#text} at (344,0) size 19x104
        text run at (344,0) width 104: "This is some text."
      RenderBR {BR} at (359,104) size 0x0
      RenderText {#text} at (364,0) size 19x104
        text run at (364,0) width 104: "This is some text."
      RenderBR {BR} at (379,104) size 0x0
      RenderText {#text} at (384,0) size 19x104
        text run at (384,0) width 104: "This is some text."
      RenderBR {BR} at (399,104) size 0x0
      RenderText {#text} at (404,0) size 19x104
        text run at (404,0) width 104: "This is some text."
      RenderBR {BR} at (419,104) size 0x0
      RenderText {#text} at (424,0) size 19x104
        text run at (424,0) width 104: "This is some text."
      RenderBR {BR} at (439,104) size 0x0
      RenderText {#text} at (444,0) size 19x104
        text run at (444,0) width 104: "This is some text."
      RenderBR {BR} at (459,104) size 0x0
      RenderText {#text} at (464,0) size 19x104
        text run at (464,0) width 104: "This is some text."
      RenderBR {BR} at (479,104) size 0x0
      RenderText {#text} at (484,0) size 19x104
        text run at (484,0) width 104: "This is some text."
      RenderBR {BR} at (499,104) size 0x0
      RenderText {#text} at (504,0) size 19x104
        text run at (504,0) width 104: "This is some text."
      RenderBR {BR} at (519,104) size 0x0
      RenderText {#text} at (524,0) size 19x104
        text run at (524,0) width 104: "This is some text."
      RenderBR {BR} at (539,104) size 0x0
      RenderText {#text} at (544,0) size 19x104
        text run at (544,0) width 104: "This is some text."
      RenderBR {BR} at (559,104) size 0x0
      RenderText {#text} at (564,0) size 19x104
        text run at (564,0) width 104: "This is some text."
      RenderBR {BR} at (579,104) size 0x0
      RenderText {#text} at (584,0) size 19x104
        text run at (584,0) width 104: "This is some text."
      RenderBR {BR} at (599,104) size 0x0
      RenderText {#text} at (604,0) size 19x104
        text run at (604,0) width 104: "This is some text."
      RenderBR {BR} at (619,104) size 0x0
layer at (-47,8) size 404x1200 backgroundClip at (0,0) size 1680x1208 clip at (0,0) size 1680x1208
  RenderBlock {DIV} at (420,0) size 404x1200 [border: (2px solid #000000)]
    RenderMultiColumnSet at (2,2) size 400x1196
layer at (-581,10) size 936x388 backgroundClip at (0,0) size 1680x1208 clip at (0,0) size 1680x1208
  RenderMultiColumnFlowThread at (2,2) size 936x388
    RenderBlock (anonymous) at (0,0) size 280x388
      RenderText {#text} at (0,0) size 19x104
        text run at (0,0) width 104: "This is some text."
      RenderBR {BR} at (15,104) size 0x0
      RenderText {#text} at (20,0) size 19x104
        text run at (20,0) width 104: "This is some text."
      RenderBR {BR} at (35,104) size 0x0
      RenderText {#text} at (40,0) size 19x104
        text run at (40,0) width 104: "This is some text."
      RenderBR {BR} at (55,104) size 0x0
      RenderText {#text} at (60,0) size 19x104
        text run at (60,0) width 104: "This is some text."
      RenderBR {BR} at (75,104) size 0x0
      RenderText {#text} at (80,0) size 19x104
        text run at (80,0) width 104: "This is some text."
      RenderBR {BR} at (95,104) size 0x0
      RenderText {#text} at (100,0) size 19x104
        text run at (100,0) width 104: "This is some text."
      RenderBR {BR} at (115,104) size 0x0
      RenderText {#text} at (120,0) size 19x104
        text run at (120,0) width 104: "This is some text."
      RenderBR {BR} at (135,104) size 0x0
      RenderText {#text} at (140,0) size 19x104
        text run at (140,0) width 104: "This is some text."
      RenderBR {BR} at (155,104) size 0x0
      RenderText {#text} at (160,0) size 19x104
        text run at (160,0) width 104: "This is some text."
      RenderBR {BR} at (175,104) size 0x0
      RenderText {#text} at (180,0) size 19x104
        text run at (180,0) width 104: "This is some text."
      RenderBR {BR} at (195,104) size 0x0
      RenderText {#text} at (200,0) size 19x104
        text run at (200,0) width 104: "This is some text."
      RenderBR {BR} at (215,104) size 0x0
      RenderText {#text} at (220,0) size 19x104
        text run at (220,0) width 104: "This is some text."
      RenderBR {BR} at (235,104) size 0x0
      RenderText {#text} at (240,0) size 19x104
        text run at (240,0) width 104: "This is some text."
      RenderBR {BR} at (255,104) size 0x0
      RenderText {#text} at (260,0) size 19x104
        text run at (260,0) width 104: "This is some text."
      RenderBR {BR} at (275,104) size 0x0
    RenderBlock {P} at (296,0) size 624x388
      RenderImage {IMG} at (104,0) size 100x100 [bgcolor=#008000]
      RenderImage {IMG} at (104,288) size 200x100 [bgcolor=#008000]
      RenderText {#text} at (104,100) size 19x100
        text run at (104,100) width 100: "This is some text"
      RenderBR {BR} at (119,200) size 0x0
      RenderText {#text} at (124,100) size 19x104
        text run at (124,100) width 104: "This is some text."
      RenderBR {BR} at (139,204) size 0x0
      RenderText {#text} at (144,100) size 19x104
        text run at (144,100) width 104: "This is some text."
      RenderBR {BR} at (159,204) size 0x0
      RenderText {#text} at (164,100) size 19x104
        text run at (164,100) width 104: "This is some text."
      RenderBR {BR} at (179,204) size 0x0
      RenderText {#text} at (184,100) size 19x104
        text run at (184,100) width 104: "This is some text."
      RenderBR {BR} at (199,204) size 0x0
      RenderText {#text} at (204,0) size 19x104
        text run at (204,0) width 104: "This is some text."
      RenderBR {BR} at (219,104) size 0x0
      RenderText {#text} at (224,0) size 19x104
        text run at (224,0) width 104: "This is some text."
      RenderBR {BR} at (239,104) size 0x0
      RenderText {#text} at (244,0) size 19x104
        text run at (244,0) width 104: "This is some text."
      RenderBR {BR} at (259,104) size 0x0
      RenderText {#text} at (264,0) size 19x104
        text run at (264,0) width 104: "This is some text."
      RenderBR {BR} at (279,104) size 0x0
      RenderText {#text} at (284,0) size 19x104
        text run at (284,0) width 104: "This is some text."
      RenderBR {BR} at (299,104) size 0x0
      RenderText {#text} at (304,0) size 19x104
        text run at (304,0) width 104: "This is some text."
      RenderBR {BR} at (319,104) size 0x0
      RenderText {#text} at (324,0) size 19x104
        text run at (324,0) width 104: "This is some text."
      RenderBR {BR} at (339,104) size 0x0
      RenderText {#text} at (344,0) size 19x104
        text run at (344,0) width 104: "This is some text."
      RenderBR {BR} at (359,104) size 0x0
      RenderText {#text} at (364,0) size 19x104
        text run at (364,0) width 104: "This is some text."
      RenderBR {BR} at (379,104) size 0x0
      RenderText {#text} at (384,0) size 19x104
        text run at (384,0) width 104: "This is some text."
      RenderBR {BR} at (399,104) size 0x0
      RenderText {#text} at (404,0) size 19x104
        text run at (404,0) width 104: "This is some text."
      RenderBR {BR} at (419,104) size 0x0
      RenderText {#text} at (424,0) size 19x104
        text run at (424,0) width 104: "This is some text."
      RenderBR {BR} at (439,104) size 0x0
      RenderText {#text} at (444,0) size 19x104
        text run at (444,0) width 104: "This is some text."
      RenderBR {BR} at (459,104) size 0x0
      RenderText {#text} at (464,0) size 19x104
        text run at (464,0) width 104: "This is some text."
      RenderBR {BR} at (479,104) size 0x0
      RenderText {#text} at (484,0) size 19x104
        text run at (484,0) width 104: "This is some text."
      RenderBR {BR} at (499,104) size 0x0
      RenderText {#text} at (504,0) size 19x104
        text run at (504,0) width 104: "This is some text."
      RenderBR {BR} at (519,104) size 0x0
      RenderText {#text} at (524,0) size 19x104
        text run at (524,0) width 104: "This is some text."
      RenderBR {BR} at (539,104) size 0x0
      RenderText {#text} at (544,0) size 19x104
        text run at (544,0) width 104: "This is some text."
      RenderBR {BR} at (559,104) size 0x0
      RenderText {#text} at (564,0) size 19x104
        text run at (564,0) width 104: "This is some text."
      RenderBR {BR} at (579,104) size 0x0
      RenderText {#text} at (584,0) size 19x104
        text run at (584,0) width 104: "This is some text."
      RenderBR {BR} at (599,104) size 0x0
      RenderText {#text} at (604,0) size 19x104
        text run at (604,0) width 104: "This is some text."
      RenderBR {BR} at (619,104) size 0x0
