layer at (0,0) size 800x600
  RenderView at (0,0) size 800x600
layer at (0,0) size 800x600
  RenderBlock {HTML} at (0,0) size 800x600
    RenderBody {BODY} at (8,8) size 784x584
      RenderBlock {INPUT} at (0,0) size 95x28 [bgcolor=#FFFFFF] [border: (2px inset #000000)]
      RenderText {#text} at (94,11) size 5x17
        text run at (94,11) width 5: " "
      RenderBlock {INPUT} at (98,0) size 95x28 [bgcolor=#FFFFFF] [border: (2px inset #000000)]
      RenderText {#text} at (0,0) size 0x0
layer at (11,11) size 88x22
  RenderBlock {DIV} at (3,3) size 89x22
    RenderBlock {DIV} at (1,1) size 87x20
      RenderBlock {DIV} at (0,0) size 20x20
        RenderText {#text} at (1,1) size 18x17
          text run at (1,1) width 18: "04"
      RenderInline {DIV} at (0,0) size 6x17
        RenderText {#text} at (19,1) size 6x17
          text run at (19,1) width 6: "/"
      RenderBlock {DIV} at (24,0) size 21x20
        RenderText {#text} at (1,1) size 18x17
          text run at (1,1) width 18: "01"
      RenderInline {DIV} at (0,0) size 5x17
        RenderText {#text} at (44,1) size 5x17
          text run at (44,1) width 5: "/"
      RenderBlock {DIV} at (48,0) size 39x20
        RenderText {#text} at (1,1) size 36x17
          text run at (1,1) width 36: "1976"
layer at (109,11) size 88x22
  RenderBlock {DIV} at (3,3) size 89x22
    RenderBlock {DIV} at (1,1) size 87x20
      RenderBlock {DIV} at (66,0) size 21x20
        RenderText {#text} at (1,1) size 18x17
          text run at (1,1) width 18: "04"
      RenderInline {DIV} at (0,0) size 6x17
        RenderText {#text} at (61,1) size 6x17
          text run at (61,1) width 6 RTL: "/"
      RenderBlock {DIV} at (42,0) size 20x20
        RenderText {#text} at (1,1) size 18x17
          text run at (1,1) width 18: "01"
      RenderInline {DIV} at (0,0) size 6x17
        RenderText {#text} at (37,1) size 6x17
          text run at (37,1) width 6 RTL: "/"
      RenderBlock {DIV} at (0,0) size 38x20
        RenderText {#text} at (1,1) size 36x17
          text run at (1,1) width 36: "1976"
