layer at (0,0) size 800x600
  RenderView at (0,0) size 800x600
layer at (0,0) size 800x600
  RenderBlock {HTML} at (0,0) size 800x600
    RenderBody {BODY} at (8,8) size 784x584
      RenderBlock {P} at (0,0) size 784x20
        RenderText {#text} at (0,0) size 107x19
          text run at (0,0) width 107: "Tests: the bdo tag"
      RenderBlock {P} at (0,36) size 784x20
        RenderText {#text} at (0,0) size 313x19
          text run at (0,0) width 313: "The bdo element overrides the default text direction."
      RenderBlock {P} at (0,72) size 784x40
        RenderText {#text} at (0,0) size 757x39
          text run at (0,0) width 696: "If successful, the first sentence would be backward, and the second sentence regular. There should then be an extra "
          text run at (696,0) width 61: "blank line,"
          text run at (0,20) width 622: "followed by a line reading only \"A,\" and finally, a sentence where only the word \"umbrella\" is backward."
      RenderBlock {HR} at (0,128) size 784x2 [border: (1px inset #000000)]
      RenderBlock (anonymous) at (0,138) size 784x120
        RenderBR {BR} at (0,0) size 0x19
        RenderInline {BDO} at (0,0) size 212x19
          RenderText {#text} at (0,20) size 212x19
            text run at (0,20) width 212 RTL: "This sentence should be backward."
        RenderText {#text} at (0,0) size 0x0
        RenderBR {BR} at (212,20) size 0x19
        RenderInline {BDO} at (0,0) size 199x19
          RenderText {#text} at (0,40) size 199x19
            text run at (0,40) width 199: "This sentence should be forward."
        RenderText {#text} at (0,0) size 0x0
        RenderBR {BR} at (199,40) size 0x19
        RenderInline {BDO} at (0,0) size 0x19
        RenderText {#text} at (0,0) size 0x0
        RenderBR {BR} at (0,60) size 0x19
        RenderInline {BDO} at (0,0) size 11x19
          RenderText {#text} at (0,80) size 11x19
            text run at (0,80) width 11 RTL: "A"
        RenderText {#text} at (0,0) size 0x0
        RenderBR {BR} at (11,80) size 0x19
        RenderInline {BDO} at (0,0) size 271x19
          RenderText {#text} at (0,100) size 25x19
            text run at (0,100) width 25: "My "
          RenderInline {BDO} at (0,0) size 51x19
            RenderText {#text} at (25,100) size 51x19
              text run at (25,100) width 51 RTL: "umbrella"
          RenderText {#text} at (76,100) size 195x19
            text run at (76,100) width 195: " sure would be useful in this rain."
        RenderText {#text} at (0,0) size 0x0
