layer at (0,0) size 820x585
  RenderView at (0,0) size 800x585
layer at (0,0) size 800x316
  RenderBlock {html} at (0,0) size 800x315.86
    RenderBody {body} at (48,8) size 772x299.86
      RenderBlock {h1} at (10,40.72) size 691.83x31
        RenderText {#text} at (0,0) size 320x30
          text run at (0,0) width 320: "scalable CSS background"
      RenderBlock {h4} at (10,71.72) size 752x16
        RenderText {#text} at (0,0) size 123x16
          text run at (0,0) width 123: "WICD Core 1.0 #11"
      RenderBlock {p} at (10,106.86) size 711.83x36
        RenderText {#text} at (10,10) size 499x16
          text run at (10,10) width 499: "This text paragraph, as well as all following, must have a SVG background image."
      RenderBlock {p} at (10,148.61) size 711.83x36
        RenderText {#text} at (10,10) size 673x16
          text run at (10,10) width 673: "This background image (grey color-gradient and rounded corners) must always exactly fit the text paragraph."
      RenderBlock {p} at (10,190.36) size 711.83x52
        RenderText {#text} at (10,10) size 679x32
          text run at (10,10) width 679: "This test has failed, if you don't see any graphics on the background. (your user agent does not support SVG as"
          text run at (10,26) width 124: "background image)."
      RenderBlock {p} at (10,248.11) size 711.83x36
        RenderInline {a} at (0,0) size 31x16 [color=#000066]
          RenderText {#text} at (10,10) size 31x16
            text run at (10,10) width 31: "Back"
