layer at (0,0) size 800x600
  RenderView at (0,0) size 800x600
layer at (0,0) size 800x600
  RenderBlock {HTML} at (0,0) size 800x600
    RenderFrameSet {FRAMESET} at (0,0) size 800x600
      RenderFrame {FRAME} at (0,0) size 800x200
        layer at (0,0) size 800x200
          RenderView at (0,0) size 800x200
        layer at (0,0) size 800x200
          RenderBlock {HTML} at (0,0) size 800x200
            RenderBody {BODY} at (8,8) size 784x176
              RenderBlock {P} at (0,0) size 784x36
                RenderText {#text} at (0,0) size 52x17
                  text run at (0,0) width 52: "Test for "
                RenderInline {I} at (0,0) size 721x35
                  RenderInline {A} at (0,0) size 308x17 [color=#0000EE]
                    RenderText {#text} at (51,0) size 308x17
                      text run at (51,0) width 308: "https://bugs.webkit.org/show_bug.cgi?id=19348"
                  RenderText {#text} at (358,0) size 721x35
                    text run at (358,0) width 5: " "
                    text run at (362,0) width 359: "REGRESSION (r34193): Setting the size of a frame with"
                    text run at (0,18) width 66: "javascript "
                    text run at (66,18) width 232: "document.body.row no longer works"
                RenderText {#text} at (297,18) size 5x17
                  text run at (297,18) width 5: "."
              RenderBlock {P} at (0,52) size 784x18
                RenderText {#text} at (0,0) size 204x17
                  text run at (0,0) width 204: "This frame should be 200px tall."
        layer at (0,100) size 100x100
          RenderBlock (positioned) {DIV} at (0,100) size 100x100 [bgcolor=#008000]
      RenderFrame {FRAME} at (0,206) size 800x394
        layer at (0,0) size 800x394
          RenderView at (0,0) size 800x394
        layer at (0,0) size 800x394
          RenderBlock {HTML} at (0,0) size 800x394
            RenderBody {BODY} at (8,8) size 784x378
