layer at (0,0) size 800x600
  RenderView at (0,0) size 800x600
layer at (0,0) size 800x600
  RenderBlock {HTML} at (0,0) size 800x600
    RenderFrameSet {FRAMESET} at (0,0) size 800x600
      RenderFrame {FRAME} at (0,0) size 195x145
        layer at (0,0) size 408x486
          RenderView at (0,0) size 180x130
        layer at (0,0) size 180x486
          RenderBlock {HTML} at (0,0) size 180x486
            RenderBody {BODY} at (8,8) size 164x470
              RenderBlock {P} at (0,0) size 164x54
                RenderText {#text} at (0,0) size 162x53
                  text run at (0,0) width 162: "This page is large enough"
                  text run at (0,18) width 161: "to need to be scrolled in a"
                  text run at (0,36) width 100: "200x200 frame."
              RenderBlock {DIV} at (0,70) size 400x400 [bgcolor=#0000FF]
      RenderFrame {FRAME} at (201,0) size 195x145
        layer at (0,0) size 408x486
          RenderView at (0,0) size 180x130
        layer at (0,0) size 180x486
          RenderBlock {HTML} at (0,0) size 180x486
            RenderBody {BODY} at (8,8) size 164x470
              RenderBlock {P} at (0,0) size 164x54
                RenderText {#text} at (0,0) size 162x53
                  text run at (0,0) width 162: "This page is large enough"
                  text run at (0,18) width 161: "to need to be scrolled in a"
                  text run at (0,36) width 100: "200x200 frame."
              RenderBlock {DIV} at (0,70) size 400x400 [bgcolor=#0000FF]
      RenderFrame {FRAME} at (402,0) size 195x145
        layer at (0,0) size 408x486
          RenderView at (0,0) size 180x130
        layer at (0,0) size 180x486
          RenderBlock {HTML} at (0,0) size 180x486
            RenderBody {BODY} at (8,8) size 164x470
              RenderBlock {P} at (0,0) size 164x54
                RenderText {#text} at (0,0) size 162x53
                  text run at (0,0) width 162: "This page is large enough"
                  text run at (0,18) width 161: "to need to be scrolled in a"
                  text run at (0,36) width 100: "200x200 frame."
              RenderBlock {DIV} at (0,70) size 400x400 [bgcolor=#0000FF]
      RenderFrame {FRAME} at (603,0) size 197x145
        layer at (0,0) size 408x486
          RenderView at (0,0) size 182x130
        layer at (0,0) size 182x486
          RenderBlock {HTML} at (0,0) size 182x486
            RenderBody {BODY} at (8,8) size 166x470
              RenderBlock {P} at (0,0) size 166x54
                RenderText {#text} at (0,0) size 162x53
                  text run at (0,0) width 162: "This page is large enough"
                  text run at (0,18) width 161: "to need to be scrolled in a"
                  text run at (0,36) width 100: "200x200 frame."
              RenderBlock {DIV} at (0,70) size 400x400 [bgcolor=#0000FF]
      RenderFrame {FRAME} at (0,151) size 195x145
        layer at (0,0) size 408x486
          RenderView at (0,0) size 180x130
        layer at (0,0) size 180x486
          RenderBlock {HTML} at (0,0) size 180x486
            RenderBody {BODY} at (8,8) size 164x470
              RenderBlock {P} at (0,0) size 164x54
                RenderText {#text} at (0,0) size 162x53
                  text run at (0,0) width 162: "This page is large enough"
                  text run at (0,18) width 161: "to need to be scrolled in a"
                  text run at (0,36) width 100: "200x200 frame."
              RenderBlock {DIV} at (0,70) size 400x400 [bgcolor=#0000FF]
      RenderFrame {FRAME} at (201,151) size 195x145
        layer at (0,0) size 408x486
          RenderView at (0,0) size 195x145
        layer at (0,0) size 195x486
          RenderBlock {HTML} at (0,0) size 195x486
            RenderBody {BODY} at (8,8) size 179x470
              RenderBlock {P} at (0,0) size 179x54
                RenderText {#text} at (0,0) size 178x53
                  text run at (0,0) width 178: "This page is large enough to"
                  text run at (0,18) width 145: "need to be scrolled in a"
                  text run at (0,36) width 100: "200x200 frame."
              RenderBlock {DIV} at (0,70) size 400x400 [bgcolor=#0000FF]
      RenderFrame {FRAME} at (402,151) size 195x145
        layer at (0,0) size 408x486
          RenderView at (0,0) size 180x130
        layer at (0,0) size 180x486
          RenderBlock {HTML} at (0,0) size 180x486
            RenderBody {BODY} at (8,8) size 164x470
              RenderBlock {P} at (0,0) size 164x54
                RenderText {#text} at (0,0) size 162x53
                  text run at (0,0) width 162: "This page is large enough"
                  text run at (0,18) width 161: "to need to be scrolled in a"
                  text run at (0,36) width 100: "200x200 frame."
              RenderBlock {DIV} at (0,70) size 400x400 [bgcolor=#0000FF]
      RenderFrame {FRAME} at (603,151) size 197x145
        layer at (0,0) size 408x486
          RenderView at (0,0) size 182x130
        layer at (0,0) size 182x486
          RenderBlock {HTML} at (0,0) size 182x486
            RenderBody {BODY} at (8,8) size 166x470
              RenderBlock {P} at (0,0) size 166x54
                RenderText {#text} at (0,0) size 162x53
                  text run at (0,0) width 162: "This page is large enough"
                  text run at (0,18) width 161: "to need to be scrolled in a"
                  text run at (0,36) width 100: "200x200 frame."
              RenderBlock {DIV} at (0,70) size 400x400 [bgcolor=#0000FF]
