layer at (0,0) size 800x600
  RenderView at (0,0) size 800x600
layer at (0,0) size 800x600
  RenderBlock {HTML} at (0,0) size 800x600
    RenderBody {BODY} at (8,8) size 784x584
      RenderText {#text} at (0,0) size 212x17
        text run at (0,0) width 212: "This iframe should have a border."
      RenderBR {BR} at (211,0) size 1x17
      RenderIFrame {IFRAME} at (0,18) size 304x154 [border: (2px inset #000000)]
        layer at (0,0) size 300x150
          RenderView at (0,0) size 300x150
        layer at (0,0) size 300x150
          RenderBlock {HTML} at (0,0) size 300x150
            RenderBody {BODY} at (8,8) size 284x134
      RenderBR {BR} at (304,158) size 0x17
      RenderText {#text} at (0,172) size 146x17
        text run at (0,172) width 146: "This iframe should not."
      RenderBR {BR} at (146,172) size 0x17
      RenderIFrame {IFRAME} at (0,190) size 300x150
        layer at (0,0) size 300x150
          RenderView at (0,0) size 300x150
        layer at (0,0) size 300x150
          RenderBlock {HTML} at (0,0) size 300x150
            RenderBody {BODY} at (8,8) size 284x134
      RenderBR {BR} at (300,326) size 0x17
      RenderText {#text} at (0,340) size 212x17
        text run at (0,340) width 212: "This iframe should have a border."
      RenderBR {BR} at (211,340) size 1x17
      RenderIFrame {IFRAME} at (0,358) size 304x154 [border: (2px inset #000000)]
        layer at (0,0) size 300x150
          RenderView at (0,0) size 300x150
        layer at (0,0) size 300x150
          RenderBlock {HTML} at (0,0) size 300x150
            RenderBody {BODY} at (8,8) size 284x134
      RenderText {#text} at (0,0) size 0x0
