layer at (0,0) size 800x600
  RenderView at (0,0) size 800x600
layer at (0,0) size 800x165
  RenderBlock {html} at (0,0) size 800x165
    RenderBody {body} at (8,16) size 784x141 [color=#008000]
      RenderBlock {p} at (0,0) size 784x20 [color=#000000]
        RenderText {#text} at (0,0) size 240x19
          text run at (0,0) width 240: "There should be a green block below."
      RenderBlock (anonymous) at (0,36) size 784x105
        RenderSVGRoot {svg} at (8,52) size 300x104
          RenderSVGRect {rect} at (8,52) size 300x104 [fill={[type=SOLID] [color=#FF0000]}] [x=0.00] [y=0.00] [width=300.00] [height=100.00]
          RenderSVGRect {rect} at (8,52) size 300x104 [fill={[type=SOLID] [color=#008000]}] [x=0.00] [y=0.00] [width=300.00] [height=100.00]
        RenderText {#text} at (0,0) size 0x0
