layer at (0,0) size 800x600
  RenderView at (0,0) size 800x600
layer at (0,0) size 800x600
  RenderBlock {HTML} at (0,0) size 800x600
    RenderBody {BODY} at (8,8) size 784x584
      RenderBlock {DIV} at (0,0) size 784x88 [border: (1px solid #FF0000)]
        RenderBlock {P} at (1,17) size 782x54
          RenderText {#text} at (0,0) size 755x54
            text run at (0,0) width 710: "This test verifies that JavaScript returns only direct descendent element nodes in the 'children' collection (an IE"
            text run at (0,18) width 75: "extension). "
            text run at (74,18) width 681: "We also verify that the 'childNodes' collection contains direct descendent nodes of any type (text, element,"
            text run at (0,36) width 28: "etc.)"
      RenderBlock {DIV} at (0,88) size 784x90
        RenderBlock {DIV} at (0,0) size 784x18
          RenderInline {B} at (0,0) size 24x18
            RenderText {#text} at (0,0) size 24x18
              text run at (0,0) width 24: "test"
          RenderText {#text} at (23,0) size 5x18
            text run at (23,0) width 5: " "
          RenderInline {U} at (0,0) size 58x18
            RenderText {#text} at (27,0) size 58x18
              text run at (27,0) width 58: "non bold"
          RenderText {#text} at (84,0) size 5x18
            text run at (84,0) width 5: " "
          RenderInline {I} at (0,0) size 34x18
            RenderText {#text} at (88,0) size 34x18
              text run at (88,0) width 34: "italic"
          RenderText {#text} at (121,0) size 27x18
            text run at (121,0) width 27: " test"
        RenderBlock {DIV} at (0,18) size 784x18
          RenderText {#text} at (0,0) size 60x18
            text run at (0,0) width 60: "plain text"
        RenderBlock {DIV} at (0,36) size 784x18
          RenderText {#text} at (0,0) size 76x18
            text run at (0,0) width 76: "another line"
        RenderBlock {DIV} at (0,54) size 784x18
          RenderText {#text} at (0,0) size 100x18
            text run at (0,0) width 100: "yet another line"
        RenderBlock {DIV} at (0,72) size 784x18
          RenderInline {SPAN} at (0,0) size 56x18
            RenderText {#text} at (0,0) size 31x18
              text run at (0,0) width 31: "fifth "
            RenderInline {B} at (0,0) size 26x18
              RenderText {#text} at (30,0) size 26x18
                text run at (30,0) width 26: "line"
      RenderBlock {DIV} at (0,178) size 784x360
        RenderBR {BR} at (0,0) size 0x18
        RenderText {#text} at (0,18) size 383x18
          text run at (0,18) width 383: "Results: children.length = 5 (should be 5 DIV nodes below)"
        RenderBR {BR} at (382,18) size 1x18
        RenderText {#text} at (0,36) size 114x18
          text run at (0,36) width 114: "  node: DIV (one)"
        RenderBR {BR} at (113,36) size 1x18
        RenderText {#text} at (0,54) size 115x18
          text run at (0,54) width 115: "  node: DIV (two)"
        RenderBR {BR} at (114,54) size 1x18
        RenderText {#text} at (0,72) size 123x18
          text run at (0,72) width 123: "  node: DIV (three)"
        RenderBR {BR} at (122,72) size 1x18
        RenderText {#text} at (0,90) size 118x18
          text run at (0,90) width 118: "  node: DIV (four)"
        RenderBR {BR} at (117,90) size 1x18
        RenderText {#text} at (0,108) size 115x18
          text run at (0,108) width 115: "  node: DIV (five)"
        RenderBR {BR} at (114,108) size 1x18
        RenderBR {BR} at (0,126) size 0x18
        RenderText {#text} at (0,144) size 330x18
          text run at (0,144) width 330: "childNodes.length = 11 (should be 11 nodes below)"
        RenderBR {BR} at (329,144) size 1x18
        RenderText {#text} at (0,162) size 158x18
          text run at (0,162) width 158: "  node: #text (undefined)"
        RenderBR {BR} at (157,162) size 1x18
        RenderText {#text} at (0,180) size 114x18
          text run at (0,180) width 114: "  node: DIV (one)"
        RenderBR {BR} at (113,180) size 1x18
        RenderText {#text} at (0,198) size 158x18
          text run at (0,198) width 158: "  node: #text (undefined)"
        RenderBR {BR} at (157,198) size 1x18
        RenderText {#text} at (0,216) size 115x18
          text run at (0,216) width 115: "  node: DIV (two)"
        RenderBR {BR} at (114,216) size 1x18
        RenderText {#text} at (0,234) size 158x18
          text run at (0,234) width 158: "  node: #text (undefined)"
        RenderBR {BR} at (157,234) size 1x18
        RenderText {#text} at (0,252) size 123x18
          text run at (0,252) width 123: "  node: DIV (three)"
        RenderBR {BR} at (122,252) size 1x18
        RenderText {#text} at (0,270) size 158x18
          text run at (0,270) width 158: "  node: #text (undefined)"
        RenderBR {BR} at (157,270) size 1x18
        RenderText {#text} at (0,288) size 118x18
          text run at (0,288) width 118: "  node: DIV (four)"
        RenderBR {BR} at (117,288) size 1x18
        RenderText {#text} at (0,306) size 158x18
          text run at (0,306) width 158: "  node: #text (undefined)"
        RenderBR {BR} at (157,306) size 1x18
        RenderText {#text} at (0,324) size 115x18
          text run at (0,324) width 115: "  node: DIV (five)"
        RenderBR {BR} at (114,324) size 1x18
        RenderText {#text} at (0,342) size 158x18
          text run at (0,342) width 158: "  node: #text (undefined)"
        RenderBR {BR} at (157,342) size 1x18
