layer at (0,0) size 840x585
  RenderView at (0,0) size 800x585
layer at (0,0) size 800x585
  RenderBlock {HTML} at (0,0) size 800x585
    RenderBody {BODY} at (8,8) size 784x569
      RenderBlock {H1} at (0,0) size 784x37
        RenderText {#text} at (0,0) size 195x37
          text run at (0,0) width 195: "Cloning nodes"
      RenderBlock {DIV} at (0,58) size 784x40 [bgcolor=#FFFF00] [border: (2px ridge #000000)]
        RenderInline {SPAN} at (2,2) size 831x35
          RenderText {#text} at (2,2) size 61x35
            text run at (2,2) width 61: "Bold"
          RenderInline {SPAN} at (62,2) size 711x35
            RenderText {#text} at (62,2) size 206x35
              text run at (62,2) width 206: "Bold+Underline"
            RenderInline {SPAN} at (267,2) size 284x35
              RenderText {#text} at (267,2) size 284x35
                text run at (267,2) width 284: "Bold+Underline+Italic"
            RenderText {#text} at (550,2) size 223x35
              text run at (550,2) width 223: "Bold+Uunderline"
          RenderText {#text} at (772,2) size 61x35
            text run at (772,2) width 61: "Bold"
        RenderText {#text} at (0,0) size 0x0
      RenderBlock (anonymous) at (0,97) size 784x19
        RenderText {#text} at (0,0) size 191x18
          text run at (0,0) width 191: "Cloned Node with deep=false"
      RenderBlock {DIV} at (0,115) size 784x40 [bgcolor=#FFFF00] [border: (2px ridge #000000)]
        RenderBR {BR} at (2,2) size 0x35
      RenderBlock (anonymous) at (0,154) size 784x19
        RenderText {#text} at (0,0) size 186x18
          text run at (0,0) width 186: "Cloned Node with deep=true"
      RenderBlock {DIV} at (0,172) size 784x40 [bgcolor=#FFFF00] [border: (2px ridge #000000)]
        RenderInline {SPAN} at (2,2) size 831x35
          RenderText {#text} at (2,2) size 61x35
            text run at (2,2) width 61: "Bold"
          RenderInline {SPAN} at (62,2) size 711x35
            RenderText {#text} at (62,2) size 206x35
              text run at (62,2) width 206: "Bold+Underline"
            RenderInline {SPAN} at (267,2) size 284x35
              RenderText {#text} at (267,2) size 284x35
                text run at (267,2) width 284: "Bold+Underline+Italic"
            RenderText {#text} at (550,2) size 223x35
              text run at (550,2) width 223: "Bold+Uunderline"
          RenderText {#text} at (772,2) size 61x35
            text run at (772,2) width 61: "Bold"
        RenderText {#text} at (0,0) size 0x0
