layer at (0,0) size 335x4018
  RenderView at (0,0) size 335x585
layer at (0,0) size 335x4018
  RenderBlock {HTML} at (0,0) size 335x4018
    RenderBody {BODY} at (8,8) size 319x4002
      RenderBlock {DIV} at (-683,0) size 1002x4002 [border: (1px solid #FF0000)]
        RenderText {#text} at (-489,1) size 1490x18
          text run at (-488,1) width 1489: "BEGINddddddddddddddddddddddddddddddddddddddddddddddddddddddddddddddddddddddddddddddddddddddddddddddddddddddddddddddddddddddddddddddddddddddddddddddddddddddddddddddddddddddddddddddddEND"
scrolled to -714,0
