layer at (0,0) size 1018x585
  RenderView at (0,0) size 785x585
layer at (0,0) size 1018x585
  RenderBlock {HTML} at (0,0) size 1018x585
    RenderBody {BODY} at (8,8) size 1002x569
      RenderBlock {DIV} at (0,-3433) size 1002x4002 [border: (1px solid #FF0000)]
        RenderText {#text} at (1,2511) size 18x1490
          text run at (1,2511) width 1490: "BEGINddddddddddddddddddddddddddddddddddddddddddddddddddddddddddddddddddddddddddddddddddddddddddddddddddddddddddddddddddddddddddddddddddddddddddddddddddddddddddddddddddddddddddddddddEND"
scrolled to 0,-1000
