layer at (0,0) size 800x600
  RenderView at (0,0) size 800x600
layer at (0,0) size 800x600
  RenderBlock {HTML} at (0,0) size 800x600
    RenderBody {BODY} at (8,8) size 784x584
      RenderBlock (floating) {DIV} at (0,1) size 100x100 [bgcolor=#008000]
        RenderInline {A} at (0,0) size 27x18 [color=#0000EE]
          RenderText {#text} at (0,0) size 27x18
            text run at (0,0) width 27: "Test"
      RenderText {#text} at (100,0) size 35x18
        text run at (100,0) width 35: "Hello"
