layer at (0,0) size 800x600
  RenderView at (0,0) size 800x600
layer at (0,0) size 800x600
  RenderBlock {HTML} at (0,0) size 800x600
    RenderBody {BODY} at (8,8) size 784x584
      RenderBlock (floating) {DIV} at (0,0) size 308x24 [border: (2px solid #FF0000)]
        RenderInline {SPAN} at (0,0) size 304x19 [border: none (50px solid #0000FF) none (50px solid #0000FF)]
          RenderText {#text} at (102,2) size 104x19
            text run at (102,2) width 104: "This is some text."
      RenderBlock {P} at (0,0) size 784x0
      RenderBlock (floating) {DIV} at (700,0) size 84x44 [border: (2px solid #FF0000)]
        RenderInline {SPAN} at (0,0) size 80x39 [border: none (10px solid #008000) none (10px solid #008000)]
          RenderText {#text} at (12,2) size 70x39
            text run at (12,2) width 51: "First line"
            text run at (63,2) width 0: " "
            text run at (2,22) width 70: "Second line"
