layer at (0,0) size 800x600
  RenderView at (0,0) size 800x600
layer at (0,0) size 800x511
  RenderBlock {HTML} at (0,0) size 800x512
    RenderBody {BODY} at (8,8) size 784x488
      RenderBlock {UL} at (185,0) size 414x192
        RenderListItem {LI} at (0,48) size 284x72
          RenderBlock {A} at (123,0) size 161x139 [color=#CCCCCC]
            RenderBlock {B} at (0,0) size 160x70 [border: none (40px solid #00000000) (69px solid #CCCCCC) (40px solid #00000000)]
            RenderBlock {B} at (0,70) size 160x70 [border: (69px solid #CCCCCC) (40px solid #00000000) none (40px solid #00000000)]
            RenderBlock {SPAN} at (8,61) size 144x20 [color=#000000]
              RenderInline {ABBR} at (0,0) size 35x18
                RenderText {#text} at (19,0) size 35x18
                  text run at (19,0) width 35: "CSS"
              RenderText {#text} at (53,0) size 72x18
                text run at (53,0) width 72: " examples"
        RenderListItem {LI} at (0,119) size 247x72
          RenderBlock {A} at (0,0) size 160x139 [color=#CCCCCC]
            RenderBlock {B} at (0,0) size 160x70 [border: none (40px solid #00000000) (69px solid #CCCCCC) (40px solid #00000000)]
            RenderBlock {B} at (0,70) size 160x70 [border: (69px solid #CCCCCC) (40px solid #00000000) none (40px solid #00000000)]
            RenderBlock {SPAN} at (8,61) size 144x20 [color=#000000]
              RenderText {#text} at (42,0) size 60x18
                text run at (42,0) width 60: "Favelets"
        RenderListItem {LI} at (246,119) size 161x72
          RenderBlock {A} at (0,0) size 160x139 [color=#CCCCCC]
            RenderBlock {B} at (0,0) size 160x70 [border: none (40px solid #00000000) (69px solid #CCCCCC) (40px solid #00000000)]
            RenderBlock {B} at (0,70) size 160x70 [border: (69px solid #CCCCCC) (40px solid #00000000) none (40px solid #00000000)]
            RenderBlock {SPAN} at (8,61) size 144x20 [color=#000000]
              RenderInline {ABBR} at (0,0) size 24x18
                RenderText {#text} at (60,0) size 24x18
                  text run at (60,0) width 24: "CV"
        RenderListItem {LI} at (0,190) size 284x72
          RenderBlock {A} at (123,0) size 161x139 [color=#CCCCCC]
            RenderBlock {B} at (0,0) size 160x70 [border: none (40px solid #00000000) (69px solid #CCCCCC) (40px solid #00000000)]
            RenderBlock {B} at (0,70) size 160x70 [border: (69px solid #CCCCCC) (40px solid #00000000) none (40px solid #00000000)]
            RenderBlock {SPAN} at (8,61) size 144x20 [color=#000000]
              RenderText {#text} at (61,0) size 22x18
                text run at (61,0) width 22: "log"
        RenderListItem {LI} at (0,261) size 247x72
          RenderBlock {A} at (0,0) size 160x139 [color=#CCCCCC]
            RenderBlock {B} at (0,0) size 160x70 [border: none (40px solid #00000000) (69px solid #CCCCCC) (40px solid #00000000)]
            RenderBlock {B} at (0,70) size 160x70 [border: (69px solid #CCCCCC) (40px solid #00000000) none (40px solid #00000000)]
            RenderBlock {SPAN} at (8,61) size 144x20 [color=#000000]
              RenderText {#text} at (2,0) size 50x18
                text run at (2,0) width 50: "simple "
              RenderInline {ABBR} at (0,0) size 53x18
                RenderText {#text} at (52,0) size 53x18
                  text run at (52,0) width 53: "XHTML"
              RenderText {#text} at (105,0) size 37x18
                text run at (105,0) width 37: " tests"
        RenderListItem {LI} at (246,261) size 161x72
          RenderBlock {A} at (0,0) size 160x139 [color=#CCCCCC]
            RenderBlock {B} at (0,0) size 160x70 [border: none (40px solid #00000000) (69px solid #CCCCCC) (40px solid #00000000)]
            RenderBlock {B} at (0,70) size 160x70 [border: (69px solid #CCCCCC) (40px solid #00000000) none (40px solid #00000000)]
            RenderBlock {SPAN} at (8,61) size 144x20 [color=#000000]
              RenderText {#text} at (38,0) size 68x18
                text run at (38,0) width 68: "entrances"
        RenderListItem {LI} at (0,332) size 284x72
          RenderBlock {A} at (123,0) size 161x139 [color=#CCCCCC]
            RenderBlock {B} at (0,0) size 160x70 [border: none (40px solid #00000000) (69px solid #CCCCCC) (40px solid #00000000)]
            RenderBlock {B} at (0,70) size 160x70 [border: (69px solid #CCCCCC) (40px solid #00000000) none (40px solid #00000000)]
            RenderBlock {SPAN} at (8,61) size 144x20 [color=#000000]
              RenderText {#text} at (60,0) size 24x18
                text run at (60,0) width 24: "exit"
      RenderBlock {P} at (0,403) size 784x85
        RenderText {#text} at (330,32) size 124x19
          text run at (330,32) width 124: "Ceci n'est pas Flash."
