layer at (0,0) size 785x1432
  RenderView at (0,0) size 785x600
layer at (0,0) size 785x1432
  RenderBlock {HTML} at (0,0) size 785x1432
    RenderBody {BODY} at (8,8) size 769x1416
      RenderBlock {DIV} at (0,0) size 769x200
        RenderBlock (floating) {DIV} at (0,0) size 200x200 [bgcolor=#FF0000]
        RenderTable {TABLE} at (200,0) size 569x46 [border: (2px solid #008000)]
          RenderTableSection {TBODY} at (2,2) size 565x42
            RenderTableRow {TR} at (0,2) size 565x38
              RenderTableCell {TD} at (2,2) size 561x38 [r=0 c=0 rs=1 cs=1]
                RenderText {#text} at (1,1) size 552x36
                  text run at (1,1) width 552: "This is a table. It should sit on the same line as the float and wrap as needed to fit within"
                  text run at (1,19) width 157: "the remaining line width."
      RenderBlock {DIV} at (0,200) size 769x200
        RenderBlock (floating) {DIV} at (0,0) size 200x200 [bgcolor=#FF0000]
      RenderBlock {DIV} at (0,408) size 769x200
        RenderBlock (floating) {DIV} at (0,0) size 200x200 [bgcolor=#FF0000]
        RenderBlock {HR} at (200,0) size 569x2 [border: (1px inset #000000)]
      RenderBlock {DIV} at (0,608) size 769x200
        RenderBlock (floating) {DIV} at (0,0) size 200x200 [bgcolor=#FF0000]
        RenderTable {TABLE} at (200,0) size 385x46 [border: (2px solid #008000)]
          RenderTableSection {TBODY} at (2,2) size 381x42
            RenderTableRow {TR} at (0,2) size 381x38
              RenderTableCell {TD} at (2,2) size 377x38 [r=0 c=0 rs=1 cs=1]
                RenderText {#text} at (1,1) size 373x36
                  text run at (1,1) width 373: "This is a table. It should sit on the same line as the float and"
                  text run at (1,19) width 336: "wrap as needed to fit within the remaining line width."
      RenderBlock {DIV} at (0,808) size 769x200
        RenderBlock (floating) {DIV} at (0,0) size 200x200 [bgcolor=#FF0000]
      RenderBlock {DIV} at (0,1016) size 769x200
        RenderBlock (floating) {DIV} at (0,0) size 200x200 [bgcolor=#FF0000]
        RenderBlock {HR} at (200,0) size 387x2 [border: (1px inset #000000)]
      RenderBlock {DIV} at (0,1216) size 769x200
        RenderBlock (floating) {DIV} at (0,0) size 200x200 [bgcolor=#FF0000]
        RenderImage {IMG} at (200,0) size 385x50 [bgcolor=#008000]
layer at (208,208) size 569x55 clip at (210,210) size 550x36
  RenderBlock {DIV} at (200,0) size 569x55 [border: (2px solid #0000FF)]
    RenderText {#text} at (2,2) size 543x36
      text run at (2,2) width 543: "This is an overflow:scroll region. It should sit on the same line as the float and wrap as"
      text run at (2,20) width 283: "needed to fit within the remaining line width."
layer at (208,816) size 389x73 clip at (210,818) size 370x54
  RenderBlock {DIV} at (200,0) size 389x73 [border: (2px solid #0000FF)]
    RenderText {#text} at (2,2) size 364x54
      text run at (2,2) width 364: "This is an overflow:scroll region. It should sit on the same"
      text run at (2,20) width 324: "line as the float and wrap as needed to fit within the"
      text run at (2,38) width 134: "remaining line width."
