layer at (0,0) size 800x600
  RenderView at (0,0) size 800x600
layer at (0,0) size 800x128
  RenderBlock {HTML} at (0,0) size 800x128
    RenderBody {BODY} at (8,8) size 784x66
      RenderBlock (floating) {DIV} at (474,10) size 300x100 [bgcolor=#008000]
      RenderTable {TABLE} at (3,0) size 458x26 [bgcolor=#FFA500]
        RenderTableSection {TBODY} at (0,0) size 457x26
          RenderTableRow {TR} at (0,2) size 457x22
            RenderTableCell {TD} at (2,2) size 453x22 [r=0 c=0 rs=1 cs=1]
              RenderText {#text} at (1,1) size 451x19
                text run at (1,1) width 334: "This is a test and is demonstrating that auto width really "
                text run at (335,1) width 117: "should kick in here."
layer at (90,34) size 300x40
  RenderBlock {DIV} at (82,26) size 300x40 [bgcolor=#FFA500]
    RenderText {#text} at (0,0) size 294x39
      text run at (0,0) width 294: "This is a test and is demonstrating that auto width"
      text run at (0,20) width 36: "really "
      text run at (36,20) width 117: "should kick in here."
