layer at (0,0) size 800x600
  RenderView at (0,0) size 800x600
layer at (0,0) size 800x270
  RenderBlock {HTML} at (0,0) size 800x270
    RenderBody {BODY} at (8,8) size 784x254
      RenderBlock {DIV} at (0,0) size 202x127 [border: (1px solid #000000)]
        RenderBlock (floating) {DIV} at (1,1) size 100x50 [bgcolor=#008000]
        RenderBlock (floating) {DIV} at (201,1) size 0x30
        RenderBlock (floating) {DIV} at (181,31) size 20x50 [bgcolor=#008000]
        RenderBlock {DIV} at (1,1) size 200x125
          RenderBlock {DIV} at (30,50) size 101x30 [bgcolor=#00FFFF]
          RenderText {#text} at (131,65) size 4x19
            text run at (131,65) width 4: " "
          RenderText {#text} at (0,0) size 0x0
          RenderBlock (floating) {DIV} at (0,50) size 30x30 [bgcolor=#0000FF]
          RenderText {#text} at (135,65) size 185x59
            text run at (135,65) width 35: "Some"
            text run at (0,85) width 185: "text that should not overlap the"
            text run at (0,105) width 36: "floats."
      RenderBlock {DIV} at (0,127) size 202x127 [border: (1px solid #000000)]
        RenderBlock (floating) {DIV} at (101,1) size 100x50 [bgcolor=#008000]
        RenderBlock (floating) {DIV} at (1,1) size 0x30
        RenderBlock (floating) {DIV} at (1,31) size 20x50 [bgcolor=#008000]
        RenderBlock {DIV} at (1,1) size 200x125
          RenderBlock {DIV} at (20,50) size 101x30 [bgcolor=#00FFFF]
          RenderText {#text} at (121,65) size 4x19
            text run at (121,65) width 4: " "
          RenderText {#text} at (0,0) size 0x0
          RenderBlock (floating) {DIV} at (170,50) size 30x30 [bgcolor=#0000FF]
          RenderText {#text} at (125,65) size 185x59
            text run at (125,65) width 35: "Some"
            text run at (0,85) width 185: "text that should not overlap the"
            text run at (0,105) width 36: "floats."
