layer at (0,0) size 785x2343
  RenderView at (0,0) size 785x600
layer at (0,0) size 785x2343
  RenderBlock {HTML} at (0,0) size 785x2343
    RenderBody {BODY} at (8,8) size 769x2327
      RenderBlock (anonymous) at (0,0) size 769x36
        RenderText {#text} at (0,0) size 765x36
          text run at (0,0) width 538: "Test of objects that avoid floats to see what they do with percentage and auto widths. "
          text run at (538,0) width 227: "This test is designed to illustrate that"
          text run at (0,18) width 447: "we have removed the WinIE quirk and are behaving more like Firefox."
      RenderBlock {HR} at (0,44) size 769x2 [border: (1px inset #000000)]
      RenderBlock (anonymous) at (0,54) size 769x18
        RenderText {#text} at (0,0) size 507x18
          text run at (0,0) width 507: "The inline-level button should be below the select and fill the width of the block."
      RenderBlock {P} at (0,88) size 220x78 [border: (10px solid #FF0000)]
        RenderText {#text} at (10,10) size 60x18
          text run at (10,10) width 60: "Line One"
        RenderBR {BR} at (70,24) size 0x0
        RenderMenuList {SELECT} at (10,28) size 100x19 [bgcolor=#FFFFFF]
          RenderBlock (anonymous) at (4,2) size 75x15
            RenderText at (0,0) size 24x15
              text run at (0,0) width 24: "One"
        RenderText {#text} at (0,0) size 0x0
        RenderButton {INPUT} at (10,47) size 200x21 [bgcolor=#F0F0F0] [border: (2px outset #F0F0F0)]
          RenderBlock (anonymous) at (8,3) size 184x15
            RenderText at (86,0) size 12x15
              text run at (86,0) width 12: "Hi"
        RenderText {#text} at (0,0) size 0x0
      RenderBlock (anonymous) at (0,182) size 769x18
        RenderText {#text} at (0,0) size 473x18
          text run at (0,0) width 473: "The floating button with a percentage width should be even with the select."
      RenderBlock {P} at (0,216) size 220x59 [border: (10px solid #FF0000)]
        RenderText {#text} at (10,10) size 60x18
          text run at (10,10) width 60: "Line One"
        RenderBR {BR} at (70,24) size 0x0
        RenderMenuList {SELECT} at (10,28) size 100x19 [bgcolor=#FFFFFF]
          RenderBlock (anonymous) at (4,2) size 75x15
            RenderText at (0,0) size 24x15
              text run at (0,0) width 24: "One"
        RenderText {#text} at (0,0) size 0x0
        RenderButton {INPUT} at (110,28) size 100x21 [bgcolor=#F0F0F0] [border: (2px outset #F0F0F0)]
          RenderBlock (anonymous) at (8,3) size 84x15
            RenderText at (36,0) size 12x15
              text run at (36,0) width 12: "Hi"
        RenderText {#text} at (0,0) size 0x0
        RenderBR {BR} at (210,28) size 0x18
      RenderBlock (anonymous) at (0,291) size 769x18
        RenderText {#text} at (0,0) size 462x18
          text run at (0,0) width 462: "The block-level button with an auto width should be even with the select."
      RenderBlock {P} at (0,325) size 220x77 [border: (10px solid #FF0000)]
        RenderBlock (anonymous) at (10,10) size 200x18
          RenderText {#text} at (0,0) size 60x18
            text run at (0,0) width 60: "Line One"
          RenderBR {BR} at (60,14) size 0x0
          RenderMenuList {SELECT} at (0,18) size 100x19 [bgcolor=#FFFFFF]
            RenderBlock (anonymous) at (4,2) size 75x15
              RenderText at (0,0) size 24x15
                text run at (0,0) width 24: "One"
          RenderText {#text} at (0,0) size 0x0
        RenderButton {INPUT} at (110,28) size 28x21 [bgcolor=#F0F0F0] [border: (2px outset #F0F0F0)]
          RenderBlock (anonymous) at (8,3) size 12x15
            RenderText at (0,0) size 12x15
              text run at (0,0) width 12: "Hi"
        RenderBlock (anonymous) at (10,49) size 200x18
          RenderBR {BR} at (0,0) size 0x18
      RenderBlock (anonymous) at (0,418) size 769x18
        RenderText {#text} at (0,0) size 495x18
          text run at (0,0) width 495: "The block-level button with a percentage width should be even with the select."
      RenderBlock {P} at (0,452) size 220x77 [border: (10px solid #FF0000)]
        RenderBlock (anonymous) at (10,10) size 200x18
          RenderText {#text} at (0,0) size 60x18
            text run at (0,0) width 60: "Line One"
          RenderBR {BR} at (60,14) size 0x0
          RenderMenuList {SELECT} at (0,18) size 100x19 [bgcolor=#FFFFFF]
            RenderBlock (anonymous) at (4,2) size 75x15
              RenderText at (0,0) size 24x15
                text run at (0,0) width 24: "One"
          RenderText {#text} at (0,0) size 0x0
        RenderButton {INPUT} at (110,28) size 100x21 [bgcolor=#F0F0F0] [border: (2px outset #F0F0F0)]
          RenderBlock (anonymous) at (8,3) size 84x15
            RenderText at (36,0) size 12x15
              text run at (36,0) width 12: "Hi"
        RenderBlock (anonymous) at (10,49) size 200x18
          RenderBR {BR} at (0,0) size 0x18
      RenderBlock (anonymous) at (0,545) size 769x18
        RenderText {#text} at (0,0) size 463x18
          text run at (0,0) width 463: "The floating table with a percentage width should be even with the select."
      RenderBlock {P} at (0,579) size 220x68 [border: (10px solid #FF0000)]
        RenderText {#text} at (10,10) size 60x18
          text run at (10,10) width 60: "Line One"
        RenderBR {BR} at (70,24) size 0x0
        RenderMenuList {SELECT} at (10,28) size 100x19 [bgcolor=#FFFFFF]
          RenderBlock (anonymous) at (4,2) size 75x15
            RenderText at (0,0) size 24x15
              text run at (0,0) width 24: "One"
        RenderText {#text} at (0,0) size 0x0
        RenderTable {TABLE} at (110,28) size 100x30 [border: (2px outset #808080)]
          RenderTableSection {TBODY} at (2,2) size 96x26
            RenderTableRow {TR} at (0,2) size 96x22
              RenderTableCell {TD} at (2,2) size 92x22 [border: (1px inset #808080)] [r=0 c=0 rs=1 cs=1]
                RenderText {#text} at (2,2) size 36x18
                  text run at (2,2) width 36: "Table"
        RenderText {#text} at (0,0) size 0x0
        RenderBR {BR} at (210,28) size 0x18
      RenderBlock (anonymous) at (0,663) size 769x36
        RenderText {#text} at (0,0) size 755x36
          text run at (0,0) width 755: "The floating table with an auto width should be even with the select and shrinks to use the available line width. THIS IS"
          text run at (0,18) width 166: "CURRENTLY BUGGY."
      RenderBlock {P} at (0,715) size 220x123 [border: (10px solid #FF0000)]
        RenderText {#text} at (10,10) size 60x18
          text run at (10,10) width 60: "Line One"
        RenderBR {BR} at (70,24) size 0x0
        RenderMenuList {SELECT} at (10,28) size 100x19 [bgcolor=#FFFFFF]
          RenderBlock (anonymous) at (4,2) size 75x15
            RenderText at (0,0) size 24x15
              text run at (0,0) width 24: "One"
        RenderText {#text} at (0,0) size 0x0
        RenderTable {TABLE} at (10,47) size 200x66 [border: (2px outset #808080)]
          RenderTableSection {TBODY} at (2,2) size 196x62
            RenderTableRow {TR} at (0,2) size 196x58
              RenderTableCell {TD} at (2,2) size 192x58 [border: (1px inset #808080)] [r=0 c=0 rs=1 cs=1]
                RenderText {#text} at (2,2) size 161x54
                  text run at (2,2) width 159: "Floating table that should"
                  text run at (2,20) width 161: "shrink so it can be next to"
                  text run at (2,38) width 90: "previous float."
        RenderText {#text} at (0,0) size 0x0
        RenderBR {BR} at (110,28) size 0x18
      RenderBlock (anonymous) at (0,854) size 769x18
        RenderText {#text} at (0,0) size 730x18
          text run at (0,0) width 578: "The block-level table below has a percentage width and should still be even with the select. "
          text run at (578,0) width 152: "It spills out of the block."
      RenderBlock {P} at (0,888) size 220x141 [border: (10px solid #FF0000)]
        RenderBlock (anonymous) at (10,10) size 200x18
          RenderText {#text} at (0,0) size 60x18
            text run at (0,0) width 60: "Line One"
          RenderBR {BR} at (60,14) size 0x0
          RenderMenuList {SELECT} at (0,18) size 100x19 [bgcolor=#FFFFFF]
            RenderBlock (anonymous) at (4,2) size 75x15
              RenderText at (0,0) size 24x15
                text run at (0,0) width 24: "One"
          RenderText {#text} at (0,0) size 0x0
        RenderTable {TABLE} at (10,47) size 200x66 [border: (2px outset #808080)]
          RenderTableSection {TBODY} at (2,2) size 196x62
            RenderTableRow {TR} at (0,2) size 196x58
              RenderTableCell {TD} at (2,2) size 192x58 [border: (1px inset #808080)] [r=0 c=0 rs=1 cs=1]
                RenderText {#text} at (2,2) size 161x54
                  text run at (2,2) width 159: "Floating table that should"
                  text run at (2,20) width 161: "shrink so it can be next to"
                  text run at (2,38) width 90: "previous float."
        RenderBlock (anonymous) at (10,113) size 200x18
          RenderBR {BR} at (0,0) size 0x18
      RenderBlock (anonymous) at (0,1045) size 769x18
        RenderText {#text} at (0,0) size 743x18
          text run at (0,0) width 545: "The block-level table below has an auto width and should still be even with the select. "
          text run at (545,0) width 198: "It shrinks to fit inside the block."
      RenderBlock {P} at (0,1079) size 220x176 [border: (10px solid #FF0000)]
        RenderBlock (anonymous) at (10,10) size 200x18
          RenderText {#text} at (0,0) size 60x18
            text run at (0,0) width 60: "Line One"
          RenderBR {BR} at (60,14) size 0x0
          RenderMenuList {SELECT} at (0,18) size 100x19 [bgcolor=#FFFFFF]
            RenderBlock (anonymous) at (4,2) size 75x15
              RenderText at (0,0) size 24x15
                text run at (0,0) width 24: "One"
          RenderText {#text} at (0,0) size 0x0
        RenderTable {TABLE} at (110,28) size 100x120 [border: (2px outset #808080)]
          RenderTableSection {TBODY} at (2,2) size 96x116
            RenderTableRow {TR} at (0,2) size 96x112
              RenderTableCell {TD} at (2,2) size 92x112 [border: (1px inset #808080)] [r=0 c=0 rs=1 cs=1]
                RenderText {#text} at (2,2) size 88x108
                  text run at (2,2) width 86: "Floating table"
                  text run at (2,20) width 69: "that should"
                  text run at (2,38) width 69: "shrink so it"
                  text run at (2,56) width 88: "can be next to"
                  text run at (2,74) width 54: "previous"
                  text run at (2,92) width 32: "float."
        RenderBlock (anonymous) at (10,148) size 200x18
          RenderBR {BR} at (0,0) size 0x18
      RenderBlock (anonymous) at (0,1271) size 769x18
        RenderText {#text} at (0,0) size 538x18
          text run at (0,0) width 538: "The floating overflow section with a percentage width should be even with the select."
      RenderBlock {DIV} at (0,1289) size 220x146 [border: (10px solid #FF0000)]
        RenderText {#text} at (10,10) size 60x18
          text run at (10,10) width 60: "Line One"
        RenderBR {BR} at (70,24) size 0x0
        RenderMenuList {SELECT} at (10,28) size 100x19 [bgcolor=#FFFFFF]
          RenderBlock (anonymous) at (4,2) size 75x15
            RenderText at (0,0) size 24x15
              text run at (0,0) width 24: "One"
        RenderText {#text} at (0,0) size 0x0
        RenderText {#text} at (0,0) size 0x0
        RenderBR {BR} at (210,28) size 0x18
      RenderBlock (anonymous) at (0,1435) size 769x36
        RenderText {#text} at (0,0) size 728x36
          text run at (0,0) width 728: "The floating overflow section with an auto width should be even with the select and shrinks to use the available line"
          text run at (0,18) width 268: "width. THIS IS CURRENTLY BUGGY."
      RenderBlock {DIV} at (0,1471) size 220x111 [border: (10px solid #FF0000)]
        RenderText {#text} at (10,10) size 60x18
          text run at (10,10) width 60: "Line One"
        RenderBR {BR} at (70,24) size 0x0
        RenderMenuList {SELECT} at (10,28) size 100x19 [bgcolor=#FFFFFF]
          RenderBlock (anonymous) at (4,2) size 75x15
            RenderText at (0,0) size 24x15
              text run at (0,0) width 24: "One"
        RenderText {#text} at (0,0) size 0x0
        RenderText {#text} at (0,0) size 0x0
        RenderBR {BR} at (110,28) size 0x18
      RenderBlock (anonymous) at (0,1582) size 769x18
        RenderText {#text} at (0,0) size 649x18
          text run at (0,0) width 649: "The block-level overflow section below has a percentage width and should still be even with the select."
      RenderBlock {DIV} at (0,1600) size 220x164 [border: (10px solid #FF0000)]
        RenderBlock (anonymous) at (10,10) size 200x18
          RenderText {#text} at (0,0) size 60x18
            text run at (0,0) width 60: "Line One"
          RenderBR {BR} at (60,14) size 0x0
          RenderMenuList {SELECT} at (0,18) size 100x19 [bgcolor=#FFFFFF]
            RenderBlock (anonymous) at (4,2) size 75x15
              RenderText at (0,0) size 24x15
                text run at (0,0) width 24: "One"
          RenderText {#text} at (0,0) size 0x0
        RenderBlock (anonymous) at (10,136) size 200x18
          RenderBR {BR} at (0,0) size 0x18
      RenderBlock (anonymous) at (0,1764) size 769x36
        RenderText {#text} at (0,0) size 752x36
          text run at (0,0) width 620: "The block-level overflow section below has an auto width and should still be even with the select. "
          text run at (620,0) width 132: "It shrinks to fit inside"
          text run at (0,18) width 62: "the block."
      RenderBlock {DIV} at (0,1800) size 220x164 [border: (10px solid #FF0000)]
        RenderBlock (anonymous) at (10,10) size 200x18
          RenderText {#text} at (0,0) size 60x18
            text run at (0,0) width 60: "Line One"
          RenderBR {BR} at (60,14) size 0x0
          RenderMenuList {SELECT} at (0,18) size 100x19 [bgcolor=#FFFFFF]
            RenderBlock (anonymous) at (4,2) size 75x15
              RenderText at (0,0) size 24x15
                text run at (0,0) width 24: "One"
          RenderText {#text} at (0,0) size 0x0
        RenderBlock (anonymous) at (10,136) size 200x18
          RenderBR {BR} at (0,0) size 0x18
      RenderBlock (anonymous) at (0,1964) size 769x18
        RenderText {#text} at (0,0) size 446x18
          text run at (0,0) width 446: "The floating hr with a percentage width should be even with the select."
      RenderBlock {DIV} at (0,1982) size 220x57 [border: (10px solid #FF0000)]
        RenderText {#text} at (10,10) size 60x18
          text run at (10,10) width 60: "Line One"
        RenderBR {BR} at (70,24) size 0x0
        RenderMenuList {SELECT} at (10,28) size 100x19 [bgcolor=#FFFFFF]
          RenderBlock (anonymous) at (4,2) size 75x15
            RenderText at (0,0) size 24x15
              text run at (0,0) width 24: "One"
        RenderText {#text} at (0,0) size 0x0
        RenderBlock (floating) {HR} at (112,30) size 82x2 [border: (1px inset #000000)]
        RenderText {#text} at (0,0) size 0x0
        RenderBR {BR} at (196,28) size 0x18
      RenderBlock (anonymous) at (0,2039) size 769x36
        RenderText {#text} at (0,0) size 750x36
          text run at (0,0) width 750: "The floating hr below should still be even with the select and shrinks to use its intrinsic width (which is basically like 1-"
          text run at (0,18) width 33: "2px)."
      RenderBlock {DIV} at (0,2075) size 220x57 [border: (10px solid #FF0000)]
        RenderText {#text} at (10,10) size 60x18
          text run at (10,10) width 60: "Line One"
        RenderBR {BR} at (70,24) size 0x0
        RenderMenuList {SELECT} at (10,28) size 100x19 [bgcolor=#FFFFFF]
          RenderBlock (anonymous) at (4,2) size 75x15
            RenderText at (0,0) size 24x15
              text run at (0,0) width 24: "One"
        RenderText {#text} at (0,0) size 0x0
        RenderBlock (floating) {HR} at (112,30) size 2x2 [border: (1px inset #000000)]
        RenderText {#text} at (0,0) size 0x0
        RenderBR {BR} at (116,28) size 0x18
      RenderBlock (anonymous) at (0,2132) size 769x18
        RenderText {#text} at (0,0) size 557x18
          text run at (0,0) width 557: "The block-level hr below has a percentage width and should still be even with the select."
      RenderBlock {DIV} at (0,2150) size 220x85 [border: (10px solid #FF0000)]
        RenderBlock (anonymous) at (10,10) size 200x18
          RenderText {#text} at (0,0) size 60x18
            text run at (0,0) width 60: "Line One"
          RenderBR {BR} at (60,14) size 0x0
          RenderMenuList {SELECT} at (0,18) size 100x19 [bgcolor=#FFFFFF]
            RenderBlock (anonymous) at (4,2) size 75x15
              RenderText at (0,0) size 24x15
                text run at (0,0) width 24: "One"
          RenderText {#text} at (0,0) size 0x0
        RenderBlock {HR} at (10,47) size 202x2 [border: (1px inset #000000)]
        RenderBlock (anonymous) at (10,57) size 200x18
          RenderBR {BR} at (0,0) size 0x18
      RenderBlock (anonymous) at (0,2235) size 769x18
        RenderText {#text} at (0,0) size 623x18
          text run at (0,0) width 528: "The block-level hr below has an auto width and should still be even with the select. "
          text run at (528,0) width 95: "It shrinks to fit."
      RenderBlock {DIV} at (0,2253) size 220x74 [border: (10px solid #FF0000)]
        RenderBlock (anonymous) at (10,10) size 200x18
          RenderText {#text} at (0,0) size 60x18
            text run at (0,0) width 60: "Line One"
          RenderBR {BR} at (60,14) size 0x0
          RenderMenuList {SELECT} at (0,18) size 100x19 [bgcolor=#FFFFFF]
            RenderBlock (anonymous) at (4,2) size 75x15
              RenderText at (0,0) size 24x15
                text run at (0,0) width 24: "One"
          RenderText {#text} at (0,0) size 0x0
        RenderBlock {HR} at (110,36) size 100x2 [border: (1px inset #000000)]
        RenderBlock (anonymous) at (10,46) size 200x18
          RenderBR {BR} at (100,0) size 0x18
layer at (118,1325) size 100x108
  RenderBlock (floating) {DIV} at (110,28) size 100x108
    RenderText {#text} at (0,0) size 98x108
      text run at (0,0) width 61: "This is an"
      text run at (0,18) width 57: "overflow"
      text run at (0,36) width 76: "section with"
      text run at (0,54) width 90: "enough text to"
      text run at (0,72) width 98: "have to wrap to"
      text run at (0,90) width 88: "multiple lines."
layer at (18,1526) size 200x54
  RenderBlock (floating) {DIV} at (10,47) size 200x54
    RenderText {#text} at (0,0) size 172x54
      text run at (0,0) width 170: "This is an overflow section"
      text run at (0,18) width 172: "with enough text to have to"
      text run at (0,36) width 140: "wrap to multiple lines."
layer at (118,1636) size 100x108
  RenderBlock {DIV} at (110,28) size 100x108
    RenderText {#text} at (0,0) size 98x108
      text run at (0,0) width 61: "This is an"
      text run at (0,18) width 57: "overflow"
      text run at (0,36) width 76: "section with"
      text run at (0,54) width 90: "enough text to"
      text run at (0,72) width 98: "have to wrap to"
      text run at (0,90) width 88: "multiple lines."
layer at (118,1836) size 100x108
  RenderBlock {DIV} at (110,28) size 100x108
    RenderText {#text} at (0,0) size 98x108
      text run at (0,0) width 61: "This is an"
      text run at (0,18) width 57: "overflow"
      text run at (0,36) width 76: "section with"
      text run at (0,54) width 90: "enough text to"
      text run at (0,72) width 98: "have to wrap to"
      text run at (0,90) width 88: "multiple lines."
