layer at (0,0) size 800x600
  RenderView at (0,0) size 800x600
layer at (0,0) size 800x600
  RenderBlock {HTML} at (0,0) size 800x600
    RenderBody {BODY} at (8,8) size 784x584
      RenderBlock {DIV} at (0,0) size 784x40
        RenderText {#text} at (0,0) size 237x19
          text run at (0,0) width 237: "This test checks for regressions against "
        RenderInline {A} at (0,0) size 777x39 [color=#0000EE]
          RenderText {#text} at (237,0) size 777x39
            text run at (237,0) width 540: "Radar 4279765: REGRESSION: \"More...\" links on flickr groups pages have hover issues"
            text run at (0,20) width 70: "(flickr.com)"
        RenderText {#text} at (70,20) size 567x19
          text run at (70,20) width 567: ", or rather, a related painting issue. The word \"PASS\" should appear below in translucent blue."
layer at (8,48) size 784x125
  RenderBlock {DIV} at (0,40) size 784x125
    RenderBlock (floating) {DIV} at (0,0) size 104x125
      RenderImage {IMG} at (0,0) size 100x100
      RenderText {#text} at (100,85) size 4x19
        text run at (100,85) width 4: " "
      RenderBR {BR} at (0,0) size 0x0
      RenderBlock (floating) {H1} at (25,126) size 79x38
        RenderInline {A} at (0,0) size 79x36 [color=#0000EE]
          RenderText {#text} at (0,0) size 79x36
            text run at (0,0) width 79: "PASS"
      RenderText {#text} at (0,0) size 0x0
    RenderBR {BR} at (104,0) size 0x19
