layer at (0,0) size 800x600
  RenderView at (0,0) size 800x600
layer at (0,0) size 800x600
  RenderBlock {HTML} at (0,0) size 800x600
    RenderBody {BODY} at (8,8) size 784x584
      RenderBlock (floating) {DIV} at (0,0) size 201x18
        RenderBlock {DIV} at (0,0) size 201x18
          RenderText {#text} at (0,0) size 201x18
            text run at (0,0) width 201: "This is a test for rdar://5025925."
      RenderBlock (floating) {DIV} at (201,0) size 299x18
        RenderBlock {DIV} at (0,0) size 299x18
          RenderText {#text} at (0,0) size 299x18
            text run at (0,0) width 299: "The test succeeds if this does not hang or crash."
      RenderBlock (anonymous) at (0,0) size 784x18
        RenderText {#text} at (500,0) size 4x18
          text run at (500,0) width 4: " "
      RenderBlock {DIV} at (0,18) size 784x0
