layer at (0,0) size 800x600
  RenderView at (0,0) size 800x600
layer at (0,0) size 800x600
  RenderBlock {HTML} at (0,0) size 800x600
    RenderBody {BODY} at (8,8) size 784x584
      RenderBlock {P} at (0,0) size 784x36
        RenderText {#text} at (0,0) size 139x18
          text run at (0,0) width 139: "This is a pixel test for "
        RenderInline {I} at (0,0) size 763x36
          RenderInline {A} at (0,0) size 348x18 [color=#0000EE]
            RenderText {#text} at (139,0) size 348x18
              text run at (139,0) width 348: "http://bugzilla.opendarwin.org/show_bug.cgi?id=4334"
          RenderText {#text} at (487,0) size 763x36
            text run at (487,0) width 4: " "
            text run at (491,0) width 272: "REGRESSION: Flickering when css-hover"
            text run at (0,18) width 273: "should change opacity on floating elements"
        RenderText {#text} at (273,18) size 4x18
          text run at (273,18) width 4: "."
      RenderBlock {P} at (0,52) size 784x18
        RenderText {#text} at (0,0) size 278x18
          text run at (0,0) width 278: "There should be a solid green square below."
      RenderBlock {HR} at (0,86) size 784x2 [border: (1px inset #000000)]
      RenderBlock (floating) {DIV} at (0,96) size 100x100 [bgcolor=#008000]
