layer at (0,0) size 800x600
  RenderView at (0,0) size 800x600
layer at (0,0) size 800x600
  RenderBlock {HTML} at (0,0) size 800x600
    RenderBody {BODY} at (8,8) size 784x584
layer at (8,8) size 18x180
  RenderBlock (relative positioned) {DIV} at (0,0) size 18x180
    RenderBlock (floating) {DIV} at (8,0) size 10x100 [bgcolor=#C0C0C0]
    RenderBlock {DIV} at (0,0) size 18x180
      RenderBlock {DIV} at (0,0) size 18x180
        RenderBlock (floating) {DIV} at (3,0) size 5x50 [bgcolor=#FFA500]
        RenderBlock {DIV} at (0,0) size 18x180 [bgcolor=#0000FF]
          RenderText {#text} at (0,100) size 11x79
            text run at (0,100) width 11: "A"
            text run at (0,120) width 10: "B"
            text run at (0,140) width 11: "C"
            text run at (0,160) width 11: "D"
          RenderBlock (floating) {DIV} at (13,160) size 5x50 [bgcolor=#008000]
