layer at (0,0) size 800x600
  RenderView at (0,0) size 800x600
layer at (0,0) size 800x600
  RenderBlock {HTML} at (0,0) size 800x600
    RenderBody {BODY} at (8,8) size 784x584
layer at (8,8) size 18x0
  RenderBlock (relative positioned) {DIV} at (0,0) size 18x0
    RenderBlock (floating) {DIV} at (8,0) size 10x100 [bgcolor=#C0C0C0]
layer at (8,8) size 60x70
  RenderBlock (positioned) {DIV} at (8,8) size 60x70
    RenderBlock {DIV} at (0,0) size 60x20
      RenderBlock (floating) {DIV} at (55,0) size 5x50 [bgcolor=#FFA500]
      RenderBlock {DIV} at (0,0) size 60x20 [bgcolor=#0000FF]
        RenderText {#text} at (0,0) size 55x19
          text run at (0,0) width 55: "A B C D"
        RenderBlock (floating) {DIV} at (50,20) size 5x50 [bgcolor=#008000]
