layer at (0,0) size 800x600
  RenderView at (0,0) size 800x600
layer at (0,0) size 800x600
  RenderBlock {HTML} at (0,0) size 800x600
    RenderBody {BODY} at (8,8) size 784x584
      RenderBlock {DIV} at (0,0) size 784x20
        RenderBlock {DIV} at (0,0) size 784x40 [bgcolor=#808080]
      RenderBlock {DIV} at (0,20) size 784x80 [bgcolor=#C0C0C0]
        RenderBlock {DIV} at (0,0) size 784x0
      RenderBlock {DIV} at (0,100) size 784x20
        RenderBlock {DIV} at (0,0) size 784x40 [bgcolor=#808080]
      RenderBlock {DIV} at (0,120) size 784x80 [bgcolor=#C0C0C0]
        RenderBlock {DIV} at (0,0) size 784x20
          RenderText {#text} at (0,0) size 229x19
            text run at (0,0) width 229: "This line should start at the left margin."
      RenderBlock {DIV} at (0,200) size 784x20
        RenderBlock {DIV} at (0,0) size 784x40 [bgcolor=#808080]
          RenderBlock (floating) {DIV} at (0,0) size 100x30 [bgcolor=#0000FF]
      RenderBlock {DIV} at (0,220) size 784x80 [bgcolor=#C0C0C0]
        RenderText {#text} at (100,0) size 246x19
          text run at (100,0) width 246: "This line should not overlap the blue box."
