layer at (0,0) size 800x600
  RenderView at (0,0) size 800x600
layer at (0,0) size 800x600
  RenderBlock {HTML} at (0,0) size 800x600
    RenderBody {BODY} at (8,8) size 784x584
      RenderBlock {P} at (0,0) size 784x18
        RenderText {#text} at (0,0) size 53x18
          text run at (0,0) width 53: "Test for "
        RenderInline {I} at (0,0) size 607x18
          RenderInline {A} at (0,0) size 348x18 [color=#0000EE]
            RenderText {#text} at (53,0) size 348x18
              text run at (53,0) width 348: "http://bugzilla.opendarwin.org/show_bug.cgi?id=6795"
          RenderText {#text} at (401,0) size 259x18
            text run at (401,0) width 4: " "
            text run at (405,0) width 255: "Slow image load causes render problem"
        RenderText {#text} at (660,0) size 4x18
          text run at (660,0) width 4: "."
      RenderBlock {P} at (0,34) size 784x18
        RenderText {#text} at (0,0) size 284x18
          text run at (0,0) width 284: "There should be only one blue square below:"
      RenderBlock {DIV} at (0,68) size 784x140
        RenderBlock (anonymous) at (0,0) size 784x120
          RenderBlock (floating) {DIV} at (0,0) size 100x100 [bgcolor=#87CEEB]
          RenderBlock {DIV} at (100,0) size 50x120
          RenderText {#text} at (0,0) size 0x0
        RenderBlock {DIV} at (0,120) size 784x20
