layer at (0,0) size 785x2168
  RenderView at (0,0) size 785x600
layer at (0,0) size 785x600
  RenderBlock {HTML} at (0,0) size 785x600
    RenderBody {BODY} at (8,8) size 769x584
      RenderBlock (anonymous) at (0,0) size 769x18
        RenderText {#text} at (0,0) size 119x18
          text run at (0,0) width 119: "Content at the end."
layer at (8,8) size 16x2160
  RenderBlock (positioned) {DIV} at (0,0) size 16x2160
    RenderText {#text} at (0,0) size 8x18
      text run at (0,0) width 8: "1"
    RenderBR {BR} at (8,14) size 0x0
    RenderText {#text} at (0,18) size 8x18
      text run at (0,18) width 8: "2"
    RenderBR {BR} at (8,32) size 0x0
    RenderText {#text} at (0,36) size 8x18
      text run at (0,36) width 8: "3"
    RenderBR {BR} at (8,50) size 0x0
    RenderText {#text} at (0,54) size 8x18
      text run at (0,54) width 8: "4"
    RenderBR {BR} at (8,68) size 0x0
    RenderText {#text} at (0,72) size 8x18
      text run at (0,72) width 8: "5"
    RenderBR {BR} at (8,86) size 0x0
    RenderText {#text} at (0,90) size 8x18
      text run at (0,90) width 8: "6"
    RenderBR {BR} at (8,104) size 0x0
    RenderText {#text} at (0,108) size 8x18
      text run at (0,108) width 8: "7"
    RenderBR {BR} at (8,122) size 0x0
    RenderText {#text} at (0,126) size 8x18
      text run at (0,126) width 8: "8"
    RenderBR {BR} at (8,140) size 0x0
    RenderText {#text} at (0,144) size 8x18
      text run at (0,144) width 8: "9"
    RenderBR {BR} at (8,158) size 0x0
    RenderText {#text} at (0,162) size 16x18
      text run at (0,162) width 16: "10"
    RenderBR {BR} at (16,176) size 0x0
    RenderText {#text} at (0,180) size 16x18
      text run at (0,180) width 16: "11"
    RenderBR {BR} at (16,194) size 0x0
    RenderText {#text} at (0,198) size 16x18
      text run at (0,198) width 16: "12"
    RenderBR {BR} at (16,212) size 0x0
    RenderText {#text} at (0,216) size 16x18
      text run at (0,216) width 16: "13"
    RenderBR {BR} at (16,230) size 0x0
    RenderText {#text} at (0,234) size 16x18
      text run at (0,234) width 16: "14"
    RenderBR {BR} at (16,248) size 0x0
    RenderText {#text} at (0,252) size 16x18
      text run at (0,252) width 16: "15"
    RenderBR {BR} at (16,266) size 0x0
    RenderText {#text} at (0,270) size 16x18
      text run at (0,270) width 16: "16"
    RenderBR {BR} at (16,284) size 0x0
    RenderText {#text} at (0,288) size 16x18
      text run at (0,288) width 16: "17"
    RenderBR {BR} at (16,302) size 0x0
    RenderText {#text} at (0,306) size 16x18
      text run at (0,306) width 16: "18"
    RenderBR {BR} at (16,320) size 0x0
    RenderText {#text} at (0,324) size 16x18
      text run at (0,324) width 16: "19"
    RenderBR {BR} at (16,338) size 0x0
    RenderText {#text} at (0,342) size 16x18
      text run at (0,342) width 16: "20"
    RenderBR {BR} at (16,356) size 0x0
    RenderText {#text} at (0,360) size 8x18
      text run at (0,360) width 8: "1"
    RenderBR {BR} at (8,374) size 0x0
    RenderText {#text} at (0,378) size 8x18
      text run at (0,378) width 8: "2"
    RenderBR {BR} at (8,392) size 0x0
    RenderText {#text} at (0,396) size 8x18
      text run at (0,396) width 8: "3"
    RenderBR {BR} at (8,410) size 0x0
    RenderText {#text} at (0,414) size 8x18
      text run at (0,414) width 8: "4"
    RenderBR {BR} at (8,428) size 0x0
    RenderText {#text} at (0,432) size 8x18
      text run at (0,432) width 8: "5"
    RenderBR {BR} at (8,446) size 0x0
    RenderText {#text} at (0,450) size 8x18
      text run at (0,450) width 8: "6"
    RenderBR {BR} at (8,464) size 0x0
    RenderText {#text} at (0,468) size 8x18
      text run at (0,468) width 8: "7"
    RenderBR {BR} at (8,482) size 0x0
    RenderText {#text} at (0,486) size 8x18
      text run at (0,486) width 8: "8"
    RenderBR {BR} at (8,500) size 0x0
    RenderText {#text} at (0,504) size 8x18
      text run at (0,504) width 8: "9"
    RenderBR {BR} at (8,518) size 0x0
    RenderText {#text} at (0,522) size 16x18
      text run at (0,522) width 16: "10"
    RenderBR {BR} at (16,536) size 0x0
    RenderText {#text} at (0,540) size 16x18
      text run at (0,540) width 16: "11"
    RenderBR {BR} at (16,554) size 0x0
    RenderText {#text} at (0,558) size 16x18
      text run at (0,558) width 16: "12"
    RenderBR {BR} at (16,572) size 0x0
    RenderText {#text} at (0,576) size 16x18
      text run at (0,576) width 16: "13"
    RenderBR {BR} at (16,590) size 0x0
    RenderText {#text} at (0,594) size 16x18
      text run at (0,594) width 16: "14"
    RenderBR {BR} at (16,608) size 0x0
    RenderText {#text} at (0,612) size 16x18
      text run at (0,612) width 16: "15"
    RenderBR {BR} at (16,626) size 0x0
    RenderText {#text} at (0,630) size 16x18
      text run at (0,630) width 16: "16"
    RenderBR {BR} at (16,644) size 0x0
    RenderText {#text} at (0,648) size 16x18
      text run at (0,648) width 16: "17"
    RenderBR {BR} at (16,662) size 0x0
    RenderText {#text} at (0,666) size 16x18
      text run at (0,666) width 16: "18"
    RenderBR {BR} at (16,680) size 0x0
    RenderText {#text} at (0,684) size 16x18
      text run at (0,684) width 16: "19"
    RenderBR {BR} at (16,698) size 0x0
    RenderText {#text} at (0,702) size 16x18
      text run at (0,702) width 16: "20"
    RenderBR {BR} at (16,716) size 0x0
    RenderText {#text} at (0,720) size 8x18
      text run at (0,720) width 8: "1"
    RenderBR {BR} at (8,734) size 0x0
    RenderText {#text} at (0,738) size 8x18
      text run at (0,738) width 8: "2"
    RenderBR {BR} at (8,752) size 0x0
    RenderText {#text} at (0,756) size 8x18
      text run at (0,756) width 8: "3"
    RenderBR {BR} at (8,770) size 0x0
    RenderText {#text} at (0,774) size 8x18
      text run at (0,774) width 8: "4"
    RenderBR {BR} at (8,788) size 0x0
    RenderText {#text} at (0,792) size 8x18
      text run at (0,792) width 8: "5"
    RenderBR {BR} at (8,806) size 0x0
    RenderText {#text} at (0,810) size 8x18
      text run at (0,810) width 8: "6"
    RenderBR {BR} at (8,824) size 0x0
    RenderText {#text} at (0,828) size 8x18
      text run at (0,828) width 8: "7"
    RenderBR {BR} at (8,842) size 0x0
    RenderText {#text} at (0,846) size 8x18
      text run at (0,846) width 8: "8"
    RenderBR {BR} at (8,860) size 0x0
    RenderText {#text} at (0,864) size 8x18
      text run at (0,864) width 8: "9"
    RenderBR {BR} at (8,878) size 0x0
    RenderText {#text} at (0,882) size 16x18
      text run at (0,882) width 16: "10"
    RenderBR {BR} at (16,896) size 0x0
    RenderText {#text} at (0,900) size 16x18
      text run at (0,900) width 16: "11"
    RenderBR {BR} at (16,914) size 0x0
    RenderText {#text} at (0,918) size 16x18
      text run at (0,918) width 16: "12"
    RenderBR {BR} at (16,932) size 0x0
    RenderText {#text} at (0,936) size 16x18
      text run at (0,936) width 16: "13"
    RenderBR {BR} at (16,950) size 0x0
    RenderText {#text} at (0,954) size 16x18
      text run at (0,954) width 16: "14"
    RenderBR {BR} at (16,968) size 0x0
    RenderText {#text} at (0,972) size 16x18
      text run at (0,972) width 16: "15"
    RenderBR {BR} at (16,986) size 0x0
    RenderText {#text} at (0,990) size 16x18
      text run at (0,990) width 16: "16"
    RenderBR {BR} at (16,1004) size 0x0
    RenderText {#text} at (0,1008) size 16x18
      text run at (0,1008) width 16: "17"
    RenderBR {BR} at (16,1022) size 0x0
    RenderText {#text} at (0,1026) size 16x18
      text run at (0,1026) width 16: "18"
    RenderBR {BR} at (16,1040) size 0x0
    RenderText {#text} at (0,1044) size 16x18
      text run at (0,1044) width 16: "19"
    RenderBR {BR} at (16,1058) size 0x0
    RenderText {#text} at (0,1062) size 16x18
      text run at (0,1062) width 16: "20"
    RenderBR {BR} at (16,1076) size 0x0
    RenderText {#text} at (0,1080) size 8x18
      text run at (0,1080) width 8: "1"
    RenderBR {BR} at (8,1094) size 0x0
    RenderText {#text} at (0,1098) size 8x18
      text run at (0,1098) width 8: "2"
    RenderBR {BR} at (8,1112) size 0x0
    RenderText {#text} at (0,1116) size 8x18
      text run at (0,1116) width 8: "3"
    RenderBR {BR} at (8,1130) size 0x0
    RenderText {#text} at (0,1134) size 8x18
      text run at (0,1134) width 8: "4"
    RenderBR {BR} at (8,1148) size 0x0
    RenderText {#text} at (0,1152) size 8x18
      text run at (0,1152) width 8: "5"
    RenderBR {BR} at (8,1166) size 0x0
    RenderText {#text} at (0,1170) size 8x18
      text run at (0,1170) width 8: "6"
    RenderBR {BR} at (8,1184) size 0x0
    RenderText {#text} at (0,1188) size 8x18
      text run at (0,1188) width 8: "7"
    RenderBR {BR} at (8,1202) size 0x0
    RenderText {#text} at (0,1206) size 8x18
      text run at (0,1206) width 8: "8"
    RenderBR {BR} at (8,1220) size 0x0
    RenderText {#text} at (0,1224) size 8x18
      text run at (0,1224) width 8: "9"
    RenderBR {BR} at (8,1238) size 0x0
    RenderText {#text} at (0,1242) size 16x18
      text run at (0,1242) width 16: "10"
    RenderBR {BR} at (16,1256) size 0x0
    RenderText {#text} at (0,1260) size 16x18
      text run at (0,1260) width 16: "11"
    RenderBR {BR} at (16,1274) size 0x0
    RenderText {#text} at (0,1278) size 16x18
      text run at (0,1278) width 16: "12"
    RenderBR {BR} at (16,1292) size 0x0
    RenderText {#text} at (0,1296) size 16x18
      text run at (0,1296) width 16: "13"
    RenderBR {BR} at (16,1310) size 0x0
    RenderText {#text} at (0,1314) size 16x18
      text run at (0,1314) width 16: "14"
    RenderBR {BR} at (16,1328) size 0x0
    RenderText {#text} at (0,1332) size 16x18
      text run at (0,1332) width 16: "15"
    RenderBR {BR} at (16,1346) size 0x0
    RenderText {#text} at (0,1350) size 16x18
      text run at (0,1350) width 16: "16"
    RenderBR {BR} at (16,1364) size 0x0
    RenderText {#text} at (0,1368) size 16x18
      text run at (0,1368) width 16: "17"
    RenderBR {BR} at (16,1382) size 0x0
    RenderText {#text} at (0,1386) size 16x18
      text run at (0,1386) width 16: "18"
    RenderBR {BR} at (16,1400) size 0x0
    RenderText {#text} at (0,1404) size 16x18
      text run at (0,1404) width 16: "19"
    RenderBR {BR} at (16,1418) size 0x0
    RenderText {#text} at (0,1422) size 16x18
      text run at (0,1422) width 16: "20"
    RenderBR {BR} at (16,1436) size 0x0
    RenderText {#text} at (0,1440) size 8x18
      text run at (0,1440) width 8: "1"
    RenderBR {BR} at (8,1454) size 0x0
    RenderText {#text} at (0,1458) size 8x18
      text run at (0,1458) width 8: "2"
    RenderBR {BR} at (8,1472) size 0x0
    RenderText {#text} at (0,1476) size 8x18
      text run at (0,1476) width 8: "3"
    RenderBR {BR} at (8,1490) size 0x0
    RenderText {#text} at (0,1494) size 8x18
      text run at (0,1494) width 8: "4"
    RenderBR {BR} at (8,1508) size 0x0
    RenderText {#text} at (0,1512) size 8x18
      text run at (0,1512) width 8: "5"
    RenderBR {BR} at (8,1526) size 0x0
    RenderText {#text} at (0,1530) size 8x18
      text run at (0,1530) width 8: "6"
    RenderBR {BR} at (8,1544) size 0x0
    RenderText {#text} at (0,1548) size 8x18
      text run at (0,1548) width 8: "7"
    RenderBR {BR} at (8,1562) size 0x0
    RenderText {#text} at (0,1566) size 8x18
      text run at (0,1566) width 8: "8"
    RenderBR {BR} at (8,1580) size 0x0
    RenderText {#text} at (0,1584) size 8x18
      text run at (0,1584) width 8: "9"
    RenderBR {BR} at (8,1598) size 0x0
    RenderText {#text} at (0,1602) size 16x18
      text run at (0,1602) width 16: "10"
    RenderBR {BR} at (16,1616) size 0x0
    RenderText {#text} at (0,1620) size 16x18
      text run at (0,1620) width 16: "11"
    RenderBR {BR} at (16,1634) size 0x0
    RenderText {#text} at (0,1638) size 16x18
      text run at (0,1638) width 16: "12"
    RenderBR {BR} at (16,1652) size 0x0
    RenderText {#text} at (0,1656) size 16x18
      text run at (0,1656) width 16: "13"
    RenderBR {BR} at (16,1670) size 0x0
    RenderText {#text} at (0,1674) size 16x18
      text run at (0,1674) width 16: "14"
    RenderBR {BR} at (16,1688) size 0x0
    RenderText {#text} at (0,1692) size 16x18
      text run at (0,1692) width 16: "15"
    RenderBR {BR} at (16,1706) size 0x0
    RenderText {#text} at (0,1710) size 16x18
      text run at (0,1710) width 16: "16"
    RenderBR {BR} at (16,1724) size 0x0
    RenderText {#text} at (0,1728) size 16x18
      text run at (0,1728) width 16: "17"
    RenderBR {BR} at (16,1742) size 0x0
    RenderText {#text} at (0,1746) size 16x18
      text run at (0,1746) width 16: "18"
    RenderBR {BR} at (16,1760) size 0x0
    RenderText {#text} at (0,1764) size 16x18
      text run at (0,1764) width 16: "19"
    RenderBR {BR} at (16,1778) size 0x0
    RenderText {#text} at (0,1782) size 16x18
      text run at (0,1782) width 16: "20"
    RenderBR {BR} at (16,1796) size 0x0
    RenderText {#text} at (0,1800) size 8x18
      text run at (0,1800) width 8: "1"
    RenderBR {BR} at (8,1814) size 0x0
    RenderText {#text} at (0,1818) size 8x18
      text run at (0,1818) width 8: "2"
    RenderBR {BR} at (8,1832) size 0x0
    RenderText {#text} at (0,1836) size 8x18
      text run at (0,1836) width 8: "3"
    RenderBR {BR} at (8,1850) size 0x0
    RenderText {#text} at (0,1854) size 8x18
      text run at (0,1854) width 8: "4"
    RenderBR {BR} at (8,1868) size 0x0
    RenderText {#text} at (0,1872) size 8x18
      text run at (0,1872) width 8: "5"
    RenderBR {BR} at (8,1886) size 0x0
    RenderText {#text} at (0,1890) size 8x18
      text run at (0,1890) width 8: "6"
    RenderBR {BR} at (8,1904) size 0x0
    RenderText {#text} at (0,1908) size 8x18
      text run at (0,1908) width 8: "7"
    RenderBR {BR} at (8,1922) size 0x0
    RenderText {#text} at (0,1926) size 8x18
      text run at (0,1926) width 8: "8"
    RenderBR {BR} at (8,1940) size 0x0
    RenderText {#text} at (0,1944) size 8x18
      text run at (0,1944) width 8: "9"
    RenderBR {BR} at (8,1958) size 0x0
    RenderText {#text} at (0,1962) size 16x18
      text run at (0,1962) width 16: "10"
    RenderBR {BR} at (16,1976) size 0x0
    RenderText {#text} at (0,1980) size 16x18
      text run at (0,1980) width 16: "11"
    RenderBR {BR} at (16,1994) size 0x0
    RenderText {#text} at (0,1998) size 16x18
      text run at (0,1998) width 16: "12"
    RenderBR {BR} at (16,2012) size 0x0
    RenderText {#text} at (0,2016) size 16x18
      text run at (0,2016) width 16: "13"
    RenderBR {BR} at (16,2030) size 0x0
    RenderText {#text} at (0,2034) size 16x18
      text run at (0,2034) width 16: "14"
    RenderBR {BR} at (16,2048) size 0x0
    RenderText {#text} at (0,2052) size 16x18
      text run at (0,2052) width 16: "15"
    RenderBR {BR} at (16,2066) size 0x0
    RenderText {#text} at (0,2070) size 16x18
      text run at (0,2070) width 16: "16"
    RenderBR {BR} at (16,2084) size 0x0
    RenderText {#text} at (0,2088) size 16x18
      text run at (0,2088) width 16: "17"
    RenderBR {BR} at (16,2102) size 0x0
    RenderText {#text} at (0,2106) size 16x18
      text run at (0,2106) width 16: "18"
    RenderBR {BR} at (16,2120) size 0x0
    RenderText {#text} at (0,2124) size 16x18
      text run at (0,2124) width 16: "19"
    RenderBR {BR} at (16,2138) size 0x0
    RenderText {#text} at (0,2142) size 16x18
      text run at (0,2142) width 16: "20"
    RenderBR {BR} at (16,2156) size 0x0
