layer at (0,0) size 800x600
  RenderView at (0,0) size 800x600
layer at (0,0) size 800x600
  RenderBlock {HTML} at (0,0) size 800x600
    RenderBody {BODY} at (8,8) size 784x584
      RenderBlock {P} at (0,0) size 784x36
        RenderText {#text} at (0,0) size 622x18
          text run at (0,0) width 622: "The black outline box should be a 50px by 50px square with its top left corner anchored to the left "
        RenderInline {SPAN} at (0,0) size 27x18 [color=#0000FF]
          RenderText {#text} at (622,0) size 27x18
            text run at (622,0) width 27: "blue"
        RenderText {#text} at (649,0) size 765x36
          text run at (649,0) width 116: " border on the first"
          text run at (0,18) width 27: "line."
      RenderBlock {DIV} at (0,52) size 600x72
        RenderText {#text} at (0,0) size 186x18
          text run at (0,0) width 186: "ILorem ipsum dolor sit amet, "
        RenderText {#text} at (504,36) size 593x36
          text run at (504,36) width 89: "duis aute irure"
          text run at (0,54) width 249: "dolor in reprehenderit in voluptate velit."
layer at (8,60) size 597x56
  RenderInline (relative positioned) {SPAN} at (0,0) size 597x56 [bgcolor=#008000] [border: (1px solid #808080) (20px solid #FFA500) (1px solid #808080) (20px solid #0000FF)]
    RenderText {#text} at (226,0) size 557x36
      text run at (226,0) width 331: "con a pariatur. Excepteur sint occaecat cupidatat non"
      text run at (0,18) width 366: "proident, sunt in culp qui officia deserunt mollit animequs "
    RenderText {#text} at (366,18) size 597x36
      text run at (366,18) width 231: "ILOREM ipsum dol sDuis aute irure"
      text run at (0,36) width 464: "dolor in reprehenderit in voluptate velit esse cillum dolore eu fugiat nullat "
layer at (224,60) size 50x50
  RenderBlock (positioned) {DIV} at (20,1) size 50x50
