layer at (0,0) size 800x600
  RenderView at (0,0) size 800x600
layer at (0,0) size 800x600
  RenderBlock {HTML} at (0,0) size 800x600
    RenderBody {BODY} at (8,8) size 784x584
      RenderBlock {P} at (0,0) size 784x36
        RenderText {#text} at (0,0) size 664x18
          text run at (0,0) width 664: "The black outline box should be a 50px by 50px square with its bottom right corner anchored to the right "
        RenderInline {SPAN} at (0,0) size 43x18 [color=#FFA500]
          RenderText {#text} at (664,0) size 43x18
            text run at (664,0) width 43: "orange"
        RenderText {#text} at (707,0) size 772x36
          text run at (707,0) width 65: " border on"
          text run at (0,18) width 83: "the third line."
      RenderBlock {DIV} at (0,52) size 600x72
        RenderText {#text} at (0,0) size 186x18
          text run at (0,0) width 186: "ILorem ipsum dolor sit amet, "
        RenderText {#text} at (504,36) size 593x36
          text run at (504,36) width 89: "duis aute irure"
          text run at (0,54) width 249: "dolor in reprehenderit in voluptate velit."
layer at (8,60) size 597x56
  RenderInline (relative positioned) {SPAN} at (0,0) size 597x56 [bgcolor=#008000] [border: (1px solid #808080) (20px solid #FFA500) (1px solid #808080) (20px solid #0000FF)]
    RenderText {#text} at (226,0) size 557x36
      text run at (226,0) width 331: "con a pariatur. Excepteur sint occaecat cupidatat non"
      text run at (0,18) width 366: "proident, sunt in culp qui officia deserunt mollit animequs "
    RenderText {#text} at (366,18) size 597x36
      text run at (366,18) width 231: "ILOREM ipsum dol sDuis aute irure"
      text run at (0,36) width 464: "dolor in reprehenderit in voluptate velit esse cillum dolore eu fugiat nullat "
layer at (432,64) size 50x50
  RenderBlock (positioned) {DIV} at (228,5) size 50x50
