layer at (0,0) size 800x600
  RenderView at (0,0) size 800x600
layer at (0,0) size 800x208
  RenderBlock {HTML} at (0,0) size 800x208 [border: (100px solid #000000)]
    RenderBody {BODY} at (108,108) size 584x0
layer at (600,400) size 200x200
  RenderBlock (positioned) {DIV} at (600,400) size 200x200 [bgcolor=#008000]
    RenderText {#text} at (0,0) size 186x54
      text run at (0,0) width 180: "This should be in the bottom"
      text run at (0,18) width 149: "right-hand corner of the"
      text run at (0,36) width 186: "viewport even when resizing."
