layer at (0,0) size 800x600
  RenderView at (0,0) size 800x600
layer at (0,0) size 800x600
  RenderBlock {HTML} at (0,0) size 800x600
    RenderBody {BODY} at (8,8) size 784x584
      RenderBlock {P} at (0,0) size 784x18
        RenderText {#text} at (0,0) size 314x18
          text run at (0,0) width 314: "The black outline box should stretch from the left "
        RenderInline {SPAN} at (0,0) size 27x18 [color=#0000FF]
          RenderText {#text} at (314,0) size 27x18
            text run at (314,0) width 27: "blue"
        RenderText {#text} at (341,0) size 223x18
          text run at (341,0) width 223: " border on the first line, to the right "
        RenderInline {SPAN} at (0,0) size 43x18 [color=#FFA500]
          RenderText {#text} at (564,0) size 43x18
            text run at (564,0) width 43: "orange"
        RenderText {#text} at (607,0) size 152x18
          text run at (607,0) width 152: " border on the third line."
      RenderBlock {DIV} at (0,34) size 600x72
        RenderText {#text} at (0,0) size 186x18
          text run at (0,0) width 186: "ILorem ipsum dolor sit amet, "
        RenderText {#text} at (504,36) size 593x36
          text run at (504,36) width 89: "duis aute irure"
          text run at (0,54) width 249: "dolor in reprehenderit in voluptate velit."
layer at (8,42) size 597x56
  RenderInline (relative positioned) {SPAN} at (0,0) size 597x56 [bgcolor=#008000] [border: (1px solid #808080) (20px solid #FFA500) (1px solid #808080) (20px solid #0000FF)]
    RenderText {#text} at (226,0) size 557x36
      text run at (226,0) width 331: "con a pariatur. Excepteur sint occaecat cupidatat non"
      text run at (0,18) width 366: "proident, sunt in culp qui officia deserunt mollit animequs "
    RenderText {#text} at (366,18) size 597x36
      text run at (366,18) width 231: "ILOREM ipsum dol sDuis aute irure"
      text run at (0,36) width 464: "dolor in reprehenderit in voluptate velit esse cillum dolore eu fugiat nullat "
layer at (224,42) size 258x54
  RenderBlock (positioned) {DIV} at (20,1) size 258x54
