layer at (0,0) size 800x600
  RenderView at (0,0) size 800x600
layer at (0,0) size 800x600
  RenderBlock {HTML} at (0,0) size 800x600
    RenderBody {BODY} at (8,8) size 784x584
      RenderBlock {P} at (0,0) size 784x18
        RenderText {#text} at (0,0) size 323x18
          text run at (0,0) width 323: "The black outline box should stretch from the right "
        RenderInline {SPAN} at (0,0) size 27x18 [color=#0000FF]
          RenderText {#text} at (323,0) size 27x18
            text run at (323,0) width 27: "blue"
        RenderText {#text} at (350,0) size 116x18
          text run at (350,0) width 116: " border, to the left "
        RenderInline {SPAN} at (0,0) size 43x18 [color=#FFA500]
          RenderText {#text} at (466,0) size 43x18
            text run at (466,0) width 43: "orange"
        RenderText {#text} at (509,0) size 49x18
          text run at (509,0) width 49: " border."
      RenderBlock {DIV} at (0,34) size 600x18
        RenderText {#text} at (414,0) size 186x18
          text run at (414,0) width 186 RTL: "ILorem ipsum dolor sit amet, "
        RenderText {#text} at (7,0) size 173x18
          text run at (7,0) width 173 RTL: "irure dolor in reprehenderit."
layer at (8,42) size 214x20
  RenderInline (relative positioned) {SPAN} at (0,0) size 214x20 [bgcolor=#008000] [border: (1px solid #808080) (20px solid #0000FF) (1px solid #808080) (20px solid #FFA500)]
    RenderText {#text} at (280,0) size 94x18
      text run at (280,0) width 94 RTL: "con a pariatur. "
    RenderText {#text} at (220,0) size 60x18
      text run at (220,0) width 60 RTL: "duis aute "
layer at (218,42) size 174x18
  RenderBlock (positioned) {DIV} at (20,1) size 174x18
