layer at (0,0) size 800x600
  RenderView at (0,0) size 800x600
layer at (0,0) size 800x600
  RenderBlock {HTML} at (0,0) size 800x600
    RenderBody {BODY} at (8,8) size 784x584
      RenderText {#text} at (0,0) size 356x18
        text run at (0,0) width 356: "All of the boxes below should look identical to this one: "
      RenderBR {BR} at (356,14) size 0x0
      RenderText {#text} at (72,72) size 4x18
        text run at (72,72) width 4: " "
      RenderBR {BR} at (76,86) size 0x0
      RenderText {#text} at (0,90) size 99x18
        text run at (0,90) width 99: "The test boxes: "
      RenderBR {BR} at (0,0) size 0x0
      RenderText {#text} at (72,162) size 4x18
        text run at (72,162) width 4: " "
      RenderText {#text} at (148,162) size 4x18
        text run at (148,162) width 4: " "
      RenderText {#text} at (224,162) size 4x18
        text run at (224,162) width 4: " "
      RenderText {#text} at (300,162) size 4x18
        text run at (300,162) width 4: " "
      RenderBR {BR} at (0,0) size 0x0
      RenderText {#text} at (72,234) size 4x18
        text run at (72,234) width 4: " "
      RenderText {#text} at (148,234) size 4x18
        text run at (148,234) width 4: " "
      RenderText {#text} at (224,234) size 4x18
        text run at (224,234) width 4: " "
      RenderText {#text} at (300,234) size 4x18
        text run at (300,234) width 4: " "
      RenderBR {BR} at (0,0) size 0x0
      RenderText {#text} at (72,306) size 4x18
        text run at (72,306) width 4: " "
      RenderText {#text} at (148,306) size 4x18
        text run at (148,306) width 4: " "
      RenderText {#text} at (224,306) size 4x18
        text run at (224,306) width 4: " "
      RenderText {#text} at (300,306) size 4x18
        text run at (300,306) width 4: " "
      RenderBR {BR} at (0,0) size 0x0
      RenderText {#text} at (72,378) size 4x18
        text run at (72,378) width 4: " "
      RenderText {#text} at (148,378) size 4x18
        text run at (148,378) width 4: " "
      RenderText {#text} at (224,378) size 4x18
        text run at (224,378) width 4: " "
      RenderText {#text} at (0,0) size 0x0
layer at (13,31) size 62x58
  RenderBlock (relative positioned) {DIV} at (5,23) size 62x58 [border: (1px solid #000000) (2px solid #000000) (3px solid #000000) (4px solid #000000)]
layer at (17,32) size 20x20
  RenderImage {IMG} at (4,1) size 20x20 [bgcolor=#008000]
layer at (53,32) size 20x20
  RenderImage {IMG} at (40,1) size 20x20 [bgcolor=#008000]
layer at (17,66) size 20x20
  RenderImage {IMG} at (4,35) size 20x20 [bgcolor=#008000]
layer at (53,66) size 20x20
  RenderImage {IMG} at (40,35) size 20x20 [bgcolor=#008000]
layer at (13,121) size 62x58
  RenderBlock (relative positioned) {DIV} at (5,113) size 62x58 [border: (1px solid #000000) (2px solid #000000) (3px solid #000000) (4px solid #000000)]
layer at (17,122) size 20x20
  RenderImage {IMG} at (4,1) size 20x20 [bgcolor=#008000]
layer at (53,122) size 20x20
  RenderImage {IMG} at (40,1) size 20x20 [bgcolor=#008000]
layer at (17,156) size 20x20
  RenderImage {IMG} at (4,35) size 20x20 [bgcolor=#008000]
layer at (53,156) size 20x20
  RenderImage {IMG} at (40,35) size 20x20 [bgcolor=#008000]
layer at (89,121) size 62x58
  RenderBlock (relative positioned) {DIV} at (81,113) size 62x58 [border: (1px solid #000000) (2px solid #000000) (3px solid #000000) (4px solid #000000)]
layer at (93,122) size 20x20
  RenderImage {IMG} at (4,1) size 20x20 [bgcolor=#008000]
layer at (129,122) size 20x20
  RenderImage {IMG} at (40,1) size 20x20 [bgcolor=#008000]
layer at (93,156) size 20x20
  RenderImage {IMG} at (4,35) size 20x20 [bgcolor=#008000]
layer at (129,156) size 20x20
  RenderImage {IMG} at (40,35) size 20x20 [bgcolor=#008000]
layer at (165,121) size 62x58
  RenderBlock (relative positioned) {DIV} at (157,113) size 62x58 [border: (1px solid #000000) (2px solid #000000) (3px solid #000000) (4px solid #000000)]
layer at (169,122) size 20x20
  RenderImage {IMG} at (4,37) size 20x20 [bgcolor=#008000]
layer at (205,122) size 20x20
  RenderImage {IMG} at (40,37) size 20x20 [bgcolor=#008000]
layer at (169,156) size 20x20
  RenderImage {IMG} at (4,3) size 20x20 [bgcolor=#008000]
layer at (205,156) size 20x20
  RenderImage {IMG} at (40,3) size 20x20 [bgcolor=#008000]
layer at (241,121) size 62x58
  RenderBlock (relative positioned) {DIV} at (233,113) size 62x58 [border: (1px solid #000000) (2px solid #000000) (3px solid #000000) (4px solid #000000)]
layer at (245,122) size 20x20
  RenderImage {IMG} at (38,1) size 20x20 [bgcolor=#008000]
layer at (281,122) size 20x20
  RenderImage {IMG} at (2,1) size 20x20 [bgcolor=#008000]
layer at (245,156) size 20x20
  RenderImage {IMG} at (38,35) size 20x20 [bgcolor=#008000]
layer at (281,156) size 20x20
  RenderImage {IMG} at (2,35) size 20x20 [bgcolor=#008000]
layer at (13,193) size 62x58
  RenderBlock (relative positioned) {DIV} at (5,185) size 62x58 [border: (1px solid #000000) (2px solid #000000) (3px solid #000000) (4px solid #000000)]
layer at (53,194) size 20x20
  RenderImage {IMG} at (40,1) size 20x20 [bgcolor=#008000]
layer at (17,228) size 20x20
  RenderImage {IMG} at (4,35) size 20x20 [bgcolor=#008000]
layer at (53,228) size 20x20
  RenderImage {IMG} at (40,35) size 20x20 [bgcolor=#008000]
layer at (17,194) size 20x20
  RenderImage {IMG} at (4,1) size 20x20 [bgcolor=#008000]
layer at (89,193) size 62x58
  RenderBlock (relative positioned) {DIV} at (81,185) size 62x58 [border: (1px solid #000000) (2px solid #000000) (3px solid #000000) (4px solid #000000)]
layer at (129,194) size 20x20
  RenderImage {IMG} at (40,1) size 20x20 [bgcolor=#008000]
layer at (93,228) size 20x20
  RenderImage {IMG} at (4,35) size 20x20 [bgcolor=#008000]
layer at (129,228) size 20x20
  RenderImage {IMG} at (40,35) size 20x20 [bgcolor=#008000]
layer at (93,194) size 20x20
  RenderImage {IMG} at (4,1) size 20x20 [bgcolor=#008000]
layer at (165,193) size 62x58
  RenderBlock (relative positioned) {DIV} at (157,185) size 62x58 [border: (1px solid #000000) (2px solid #000000) (3px solid #000000) (4px solid #000000)]
layer at (205,194) size 20x20
  RenderImage {IMG} at (40,37) size 20x20 [bgcolor=#008000]
layer at (169,228) size 20x20
  RenderImage {IMG} at (4,3) size 20x20 [bgcolor=#008000]
layer at (205,228) size 20x20
  RenderImage {IMG} at (40,3) size 20x20 [bgcolor=#008000]
layer at (169,194) size 20x20
  RenderImage {IMG} at (4,37) size 20x20 [bgcolor=#008000]
layer at (241,193) size 62x58
  RenderBlock (relative positioned) {DIV} at (233,185) size 62x58 [border: (1px solid #000000) (2px solid #000000) (3px solid #000000) (4px solid #000000)]
layer at (281,194) size 20x20
  RenderImage {IMG} at (2,1) size 20x20 [bgcolor=#008000]
layer at (245,228) size 20x20
  RenderImage {IMG} at (38,35) size 20x20 [bgcolor=#008000]
layer at (281,228) size 20x20
  RenderImage {IMG} at (2,35) size 20x20 [bgcolor=#008000]
layer at (245,194) size 20x20
  RenderImage {IMG} at (38,1) size 20x20 [bgcolor=#008000]
layer at (13,265) size 62x58
  RenderBlock (relative positioned) {DIV} at (5,257) size 62x58 [border: (1px solid #000000) (2px solid #000000) (3px solid #000000) (4px solid #000000)]
layer at (17,300) size 20x20
  RenderImage {IMG} at (4,35) size 20x20 [bgcolor=#008000]
layer at (53,300) size 20x20
  RenderImage {IMG} at (40,35) size 20x20 [bgcolor=#008000]
layer at (17,266) size 20x20
  RenderImage {IMG} at (4,1) size 20x20 [bgcolor=#008000]
layer at (53,266) size 20x20
  RenderImage {IMG} at (40,1) size 20x20 [bgcolor=#008000]
layer at (89,265) size 62x58
  RenderBlock (relative positioned) {DIV} at (81,257) size 62x58 [border: (1px solid #000000) (2px solid #000000) (3px solid #000000) (4px solid #000000)]
layer at (93,300) size 20x20
  RenderImage {IMG} at (4,35) size 20x20 [bgcolor=#008000]
layer at (129,300) size 20x20
  RenderImage {IMG} at (40,35) size 20x20 [bgcolor=#008000]
layer at (93,266) size 20x20
  RenderImage {IMG} at (4,1) size 20x20 [bgcolor=#008000]
layer at (129,266) size 20x20
  RenderImage {IMG} at (40,1) size 20x20 [bgcolor=#008000]
layer at (165,265) size 62x58
  RenderBlock (relative positioned) {DIV} at (157,257) size 62x58 [border: (1px solid #000000) (2px solid #000000) (3px solid #000000) (4px solid #000000)]
layer at (169,300) size 20x20
  RenderImage {IMG} at (4,3) size 20x20 [bgcolor=#008000]
layer at (205,300) size 20x20
  RenderImage {IMG} at (40,3) size 20x20 [bgcolor=#008000]
layer at (169,266) size 20x20
  RenderImage {IMG} at (4,37) size 20x20 [bgcolor=#008000]
layer at (205,266) size 20x20
  RenderImage {IMG} at (40,37) size 20x20 [bgcolor=#008000]
layer at (241,265) size 62x58
  RenderBlock (relative positioned) {DIV} at (233,257) size 62x58 [border: (1px solid #000000) (2px solid #000000) (3px solid #000000) (4px solid #000000)]
layer at (245,300) size 20x20
  RenderImage {IMG} at (38,35) size 20x20 [bgcolor=#008000]
layer at (281,300) size 20x20
  RenderImage {IMG} at (2,35) size 20x20 [bgcolor=#008000]
layer at (245,266) size 20x20
  RenderImage {IMG} at (38,1) size 20x20 [bgcolor=#008000]
layer at (281,266) size 20x20
  RenderImage {IMG} at (2,1) size 20x20 [bgcolor=#008000]
layer at (13,337) size 62x58
  RenderBlock (relative positioned) {DIV} at (5,329) size 62x58 [border: (1px solid #000000) (2px solid #000000) (3px solid #000000) (4px solid #000000)]
layer at (53,372) size 20x20
  RenderImage {IMG} at (40,35) size 20x20 [bgcolor=#008000]
layer at (17,338) size 20x20
  RenderImage {IMG} at (4,1) size 20x20 [bgcolor=#008000]
layer at (53,338) size 20x20
  RenderImage {IMG} at (40,1) size 20x20 [bgcolor=#008000]
layer at (17,372) size 20x20
  RenderImage {IMG} at (4,35) size 20x20 [bgcolor=#008000]
layer at (89,337) size 62x58
  RenderBlock (relative positioned) {DIV} at (81,329) size 62x58 [border: (1px solid #000000) (2px solid #000000) (3px solid #000000) (4px solid #000000)]
layer at (129,372) size 20x20
  RenderImage {IMG} at (40,35) size 20x20 [bgcolor=#008000]
layer at (93,338) size 20x20
  RenderImage {IMG} at (4,1) size 20x20 [bgcolor=#008000]
layer at (129,338) size 20x20
  RenderImage {IMG} at (40,1) size 20x20 [bgcolor=#008000]
layer at (93,372) size 20x20
  RenderImage {IMG} at (4,35) size 20x20 [bgcolor=#008000]
layer at (165,337) size 62x58
  RenderBlock (relative positioned) {DIV} at (157,329) size 62x58 [border: (1px solid #000000) (2px solid #000000) (3px solid #000000) (4px solid #000000)]
layer at (205,372) size 20x20
  RenderImage {IMG} at (40,3) size 20x20 [bgcolor=#008000]
layer at (169,338) size 20x20
  RenderImage {IMG} at (4,37) size 20x20 [bgcolor=#008000]
layer at (205,338) size 20x20
  RenderImage {IMG} at (40,37) size 20x20 [bgcolor=#008000]
layer at (169,372) size 20x20
  RenderImage {IMG} at (4,3) size 20x20 [bgcolor=#008000]
layer at (241,337) size 62x58
  RenderBlock (relative positioned) {DIV} at (233,329) size 62x58 [border: (1px solid #000000) (2px solid #000000) (3px solid #000000) (4px solid #000000)]
layer at (281,372) size 20x20
  RenderImage {IMG} at (2,35) size 20x20 [bgcolor=#008000]
layer at (245,338) size 20x20
  RenderImage {IMG} at (38,1) size 20x20 [bgcolor=#008000]
layer at (281,338) size 20x20
  RenderImage {IMG} at (2,1) size 20x20 [bgcolor=#008000]
layer at (245,372) size 20x20
  RenderImage {IMG} at (38,35) size 20x20 [bgcolor=#008000]
