layer at (0,0) size 800x600
  RenderView at (0,0) size 800x600
layer at (0,0) size 800x41
  RenderBlock {HTML} at (0,0) size 800x41
    RenderBody {BODY} at (8,8) size 784x25
      RenderText {#text} at (0,0) size 0x0
layer at (8,10) size 100x21
  RenderButton {BUTTON} at (0,2) size 100x21 [bgcolor=#F0F0F0] [border: (2px outset #F0F0F0)]
    RenderBlock (anonymous) at (8,3) size 84x15
      RenderText {#text} at (17,0) size 50x15
        text run at (17,0) width 50: "Click Me"
layer at (86,28) size 25x15
  RenderBlock (positioned) {DIV} at (78,18) size 25x15
    RenderText {#text} at (0,0) size 25x15
      text run at (0,0) width 25: "Now"
