layer at (0,0) size 800x600
  RenderView at (0,0) size 800x600
layer at (0,0) size 800x50
  RenderBlock {HTML} at (0,0) size 800x50
    RenderBody {BODY} at (8,16) size 784x18
      RenderBlock {P} at (0,0) size 784x18
        RenderText {#text} at (0,0) size 425x18
          text run at (0,0) width 425: "Test passes the blue box is in the upper-left corner of the black box."
layer at (8,96) size 294x198
  RenderBlock (positioned) {DIV} at (8,96) size 294x198 [border: (3px solid #000000)]
layer at (11,99) size 96x96
  RenderBlock (positioned) {DIV} at (11,99) size 96x96 [bgcolor=#0000FF]
