layer at (0,0) size 800x600
  RenderView at (0,0) size 800x600
layer at (0,0) size 800x600
  RenderBlock {HTML} at (0,0) size 800x600
    RenderBody {BODY} at (8,8) size 784x584
      RenderInline {SPAN} at (0,0) size 265x21 [border: (1px solid #000000)]
        RenderText {#text} at (1,0) size 263x19
          text run at (1,0) width 263: "These two boxes should be the same width."
      RenderBR {BR} at (265,15) size 0x0
      RenderInline {SPAN} at (0,0) size 265x21 [border: (1px solid #000000)]
        RenderText {#text} at (1,20) size 263x19
          text run at (1,20) width 263: "These two boxes should be the same width."
layer at (272,50) size 100x100
  RenderImage {IMG} at (272,50) size 100x100 [bgcolor=#008000]
layer at (272,150) size 100x100
  RenderImage {IMG} at (272,150) size 100x100 [bgcolor=#008000]
layer at (272,250) size 100x100
  RenderImage {IMG} at (272,250) size 100x100 [bgcolor=#008000]
layer at (272,350) size 100x100
  RenderImage {IMG} at (272,350) size 100x100 [bgcolor=#008000]
