layer at (0,0) size 800x600
  RenderView at (0,0) size 800x600
layer at (0,0) size 800x600
  RenderBlock {HTML} at (0,0) size 800x600
    RenderBody {BODY} at (8,8) size 784x584
      RenderTable {TABLE} at (0,0) size 600x285 [bgcolor=#FFC0CB]
        RenderTableSection {TBODY} at (0,0) size 600x285
          RenderTableRow {TR} at (0,0) size 600x18
            RenderTableCell {TD} at (0,0) size 601x18 [bgcolor=#FFFF00] [r=0 c=0 rs=1 cs=3]
              RenderText {#text} at (0,0) size 8x17
                text run at (0,0) width 8: "1"
          RenderTableRow {TR} at (0,18) size 600x18
            RenderTableCell {TD} at (0,18) size 601x18 [bgcolor=#FF0000] [r=1 c=0 rs=1 cs=3]
              RenderText {#text} at (0,0) size 8x17
                text run at (0,0) width 8: "2"
          RenderTableRow {TR} at (0,36) size 600x0
            RenderTableCell {TD} at (0,36) size 156x18 [bgcolor=#00FFFF] [r=2 c=0 rs=40 cs=1]
              RenderText {#text} at (0,0) size 8x17
                text run at (0,0) width 8: "3"
          RenderTableRow {TR} at (0,36) size 600x33
            RenderTableCell {TD} at (155,36) size 446x33 [bgcolor=#FFA500] [r=3 c=1 rs=1 cs=1]
              RenderTable {TABLE} at (0,0) size 440x33
                RenderTableSection {TBODY} at (0,0) size 440x33
                  RenderTableRow {TR} at (0,2) size 440x29
                    RenderTableCell {TD} at (2,2) size 217x29 [r=0 c=0 rs=1 cs=1]
                      RenderButton {INPUT} at (1,1) size 112x27 [color=#000000CC] [bgcolor=#C0C0C0] [border: (2px outset #C0C0C0)]
                        RenderBlock (anonymous) at (8,4) size 96x18
                          RenderText at (0,0) size 96x17
                            text run at (0,0) width 96: "Submit Criteria"
                    RenderTableCell {TD} at (221,6) size 217x21 [r=0 c=1 rs=1 cs=1]
                      RenderText {#text} at (1,0) size 8x19
                        text run at (1,1) width 8: "4"
          RenderTableRow {TR} at (0,69) size 600x18
            RenderTableCell {TD} at (155,69) size 446x18 [bgcolor=#FF0000] [r=4 c=1 rs=1 cs=1]
              RenderText {#text} at (0,0) size 8x17
                text run at (0,0) width 8: "5"
          RenderTableRow {TR} at (0,87) size 600x36
            RenderTableCell {TD} at (155,87) size 446x36 [bgcolor=#FFFF00] [r=5 c=1 rs=1 cs=1]
              RenderText {#text} at (0,0) size 426x35
                text run at (0,0) width 257: "If you have entered your feature criteria, "
                text run at (257,0) width 169: "press the \"Submit Criteria\""
                text run at (0,18) width 86: "button above."
          RenderTableRow {TR} at (0,123) size 600x18
            RenderTableCell {TD} at (155,123) size 446x18 [bgcolor=#D3D3D3] [r=6 c=1 rs=1 cs=1]
              RenderText {#text} at (0,0) size 8x17
                text run at (0,0) width 8: "6"
          RenderTableRow {TR} at (0,141) size 600x54
            RenderTableCell {TD} at (155,141) size 446x54 [r=7 c=1 rs=1 cs=1]
              RenderText {#text} at (0,0) size 438x53
                text run at (0,0) width 262: "If you want to do a radius search instead, "
                text run at (262,0) width 164: "press the \"Radius Search\""
                text run at (0,18) width 48: "button. "
                text run at (48,18) width 279: "This will allow you to select a starting point "
                text run at (327,18) width 111: "and enter a radius"
                text run at (0,36) width 157: "with new feature criteria."
          RenderTableRow {TR} at (0,195) size 600x18
            RenderTableCell {TD} at (155,195) size 446x18 [r=8 c=1 rs=1 cs=1]
              RenderText {#text} at (0,0) size 4x17
                text run at (0,0) width 4: " "
          RenderTableRow {TR} at (0,213) size 600x72
            RenderTableCell {TD} at (155,213) size 446x72 [r=9 c=1 rs=1 cs=1]
              RenderText {#text} at (0,0) size 436x71
                text run at (0,0) width 436: "All information provided is deemed reliable but is not guaranteed and"
                text run at (0,18) width 65: "should be "
                text run at (65,18) width 370: "independently verified. The price shown may represent the"
                text run at (0,36) width 117: "top or bottom of a "
                text run at (117,36) width 318: "price range listing and not necessarily a fixed price"
                text run at (0,54) width 33: "offer."
