layer at (0,0) size 800x600
  RenderView at (0,0) size 800x600
layer at (0,0) size 800x600
  RenderBlock {HTML} at (0,0) size 800x600
    RenderBody {BODY} at (8,8) size 784x584
      RenderTable {TABLE} at (0,0) size 259x240 [border: (1px outset #808080)]
        RenderTableSection {TBODY} at (1,1) size 257x238
          RenderTableRow {TR} at (0,2) size 257x22
            RenderTableCell {TD} at (2,11) size 41x4 [border: (1px inset #808080)] [r=0 c=0 rs=1 cs=1]
            RenderTableCell {TD} at (44,2) size 77x22 [border: (1px inset #808080)] [r=0 c=1 rs=1 cs=1]
              RenderText {#text} at (2,2) size 32x17
                text run at (2,2) width 32: "col 1"
            RenderTableCell {TD} at (122,2) size 55x22 [border: (1px inset #808080)] [r=0 c=2 rs=1 cs=1]
              RenderText {#text} at (2,2) size 32x17
                text run at (2,2) width 32: "col 2"
            RenderTableCell {TD} at (178,2) size 77x22 [border: (1px inset #808080)] [r=0 c=3 rs=1 cs=1]
              RenderText {#text} at (2,2) size 32x17
                text run at (2,2) width 32: "col 3"
          RenderTableRow {TR} at (0,26) size 257x22
            RenderTableCell {TD} at (2,26) size 41x22 [border: (1px inset #808080)] [r=1 c=0 rs=1 cs=1]
              RenderText {#text} at (2,2) size 37x17
                text run at (2,2) width 37: "row 1"
            RenderTableCell {TD} at (44,26) size 211x210 [border: (1px inset #808080)] [r=1 c=1 rs=3 cs=3]
              RenderBlock (floating) {DIV} at (2,2) size 206x206 [border: (3px solid #FF0000)]
                RenderText {#text} at (83,3) size 40x17
                  text run at (83,3) width 40: "tjosan"
          RenderTableRow {TR} at (0,50) size 257x50
            RenderTableCell {TD} at (2,64) size 41x22 [border: (1px inset #808080)] [r=2 c=0 rs=1 cs=1]
              RenderText {#text} at (2,2) size 37x17
                text run at (2,2) width 37: "row 2"
          RenderTableRow {TR} at (0,102) size 257x134
            RenderTableCell {TD} at (2,158) size 41x22 [border: (1px inset #808080)] [r=3 c=0 rs=1 cs=1]
              RenderText {#text} at (2,2) size 37x17
                text run at (2,2) width 37: "row 3"
      RenderBlock (anonymous) at (0,240) size 784x27
        RenderButton {INPUT} at (0,0) size 63x27 [color=#000000CC] [bgcolor=#C0C0C0] [border: (2px outset #C0C0C0)]
          RenderBlock (anonymous) at (8,4) size 47x18
            RenderText at (0,0) size 47x17
              text run at (0,0) width 47: "expand"
        RenderText {#text} at (62,4) size 5x17
          text run at (62,4) width 5: " "
        RenderButton {INPUT} at (66,0) size 48x27 [color=#000000CC] [bgcolor=#C0C0C0] [border: (2px outset #C0C0C0)]
          RenderBlock (anonymous) at (8,4) size 32x18
            RenderText at (0,0) size 32x17
              text run at (0,0) width 32: "sizes"
        RenderText {#text} at (0,0) size 0x0
