layer at (0,0) size 800x600
  RenderView at (0,0) size 800x600
layer at (0,0) size 800x600
  RenderBlock {HTML} at (0,0) size 800x600
    RenderBody {BODY} at (8,8) size 784x576
      RenderBlock {FORM} at (0,0) size 784x88
        RenderTable {TABLE} at (0,0) size 323x88 [border: (1px outset #808080)]
          RenderTableSection {TBODY} at (1,1) size 321x86
            RenderTableRow {TR} at (0,2) size 321x82
              RenderTableCell {TD} at (2,2) size 317x82 [border: (1px inset #808080)] [r=0 c=0 rs=1 cs=1]
                RenderTable {TABLE} at (2,2) size 313x78 [border: (2px outset #808080)]
                  RenderTableSection {TBODY} at (2,2) size 309x74
                    RenderTableRow {TR} at (0,2) size 309x40
                      RenderTableCell {TD} at (2,2) size 89x40 [border: (1px inset #808080)] [r=0 c=0 rs=1 cs=1]
                        RenderText {#text} at (2,2) size 57x35
                          text run at (2,2) width 55: "Member"
                          text run at (2,20) width 57: "Number:"
                      RenderTableCell {TD} at (92,8) size 209x28 [border: (1px inset #808080)] [r=0 c=1 rs=1 cs=1]
                        RenderTextControl {INPUT} at (2,2) size 173x24 [bgcolor=#FFFFFF] [border: (2px inset #000000)]
                        RenderText {#text} at (0,0) size 0x0
                    RenderTableRow {TR} at (0,44) size 309x28
                      RenderTableCell {TD} at (2,47) size 89x22 [border: (1px inset #808080)] [r=1 c=0 rs=1 cs=1]
                        RenderText {#text} at (2,2) size 31x17
                          text run at (2,2) width 31: "PIN:"
                      RenderTableCell {TD} at (92,44) size 209x28 [border: (1px inset #808080)] [r=1 c=1 rs=1 cs=1]
                        RenderTextControl {INPUT} at (2,2) size 173x24 [bgcolor=#FFFFFF] [border: (2px inset #000000)]
                          RenderFlexibleBox {DIV} at (3,3) size 167x18
                            RenderBlock {DIV} at (0,0) size 167x18
                        RenderText {#text} at (0,0) size 0x0
                      RenderTableCell {TD} at (302,56) size 5x4 [border: (1px inset #808080)] [r=1 c=2 rs=1 cs=1]
layer at (112,28) size 167x18
  RenderBlock {DIV} at (3,3) size 167x18
layer at (112,64) size 167x18
  RenderBlock {DIV} at (0,0) size 167x18
