layer at (0,0) size 800x600
  RenderView at (0,0) size 800x600
layer at (0,0) size 800x600 isolatesBlending
  RenderBlock {HTML} at (0,0) size 800x600
    RenderBody {BODY} at (8,8) size 784x584
      RenderBlock {P} at (0,0) size 784x18
        RenderText {#text} at (0,0) size 503x18
          text run at (0,0) width 503: "This tests that the AutoFill button renders. It can only be tested in the test tool."
      RenderBlock {DIV} at (0,34) size 784x19
        RenderTextControl {INPUT} at (0,0) size 147x19 [bgcolor=#FFFFFF] [border: (2px inset #808080)]
          RenderFlexibleBox {DIV} at (3,0) size 141x19
            RenderBlock {DIV} at (0,3) size 114x13
        RenderText {#text} at (146,0) size 5x18
          text run at (146,0) width 5: " "
        RenderTextControl {INPUT} at (150,0) size 148x19 [bgcolor=#FFFFFF] [border: (2px inset #808080)]
          RenderFlexibleBox {DIV} at (3,0) size 141x19
            RenderBlock {DIV} at (0,3) size 114x13
        RenderText {#text} at (297,0) size 5x18
          text run at (297,0) width 5: " "
        RenderTextControl {INPUT} at (301,0) size 148x19 [bgcolor=#FFFFFF] [border: (2px inset #808080)]
          RenderFlexibleBox {DIV} at (3,0) size 141x19
            RenderBlock {DIV} at (0,3) size 114x13
        RenderTextControl {INPUT} at (448,0) size 148x19 [bgcolor=#FFFFFF] [border: (2px inset #808080)]
          RenderFlexibleBox {DIV} at (3,0) size 141x19
            RenderBlock {DIV} at (0,3) size 114x13
layer at (11,45) size 114x13
  RenderBlock {DIV} at (0,0) size 114x13
layer at (162,45) size 114x13
  RenderBlock {DIV} at (0,0) size 114x13
layer at (313,45) size 114x13
  RenderBlock {DIV} at (0,0) size 114x13
layer at (460,45) size 114x13
  RenderBlock {DIV} at (0,0) size 114x13
layer at (127,40) size 24x24 blendMode: luminosity
  RenderBlock {DIV} at (115,-3) size 25x25
layer at (278,40) size 24x24 blendMode: luminosity
  RenderBlock {DIV} at (115,-3) size 25x25
layer at (429,40) size 24x24 blendMode: luminosity
  RenderBlock {DIV} at (115,-3) size 25x25
layer at (576,40) size 24x24 blendMode: luminosity
  RenderBlock {DIV} at (115,-3) size 25x25
