layer at (0,0) size 800x600
  RenderView at (0,0) size 800x600
layer at (0,0) size 800x77
  RenderBlock {HTML} at (0,0) size 800x77
    RenderBody {BODY} at (8,16) size 784x53
      RenderBlock {P} at (0,0) size 784x18
        RenderText {#text} at (0,0) size 582x18
          text run at (0,0) width 196: "This tests that the Credit Card "
          text run at (195,0) width 387: "AutoFill button renders. It can only be tested in the test tool."
      RenderBlock {DIV} at (0,34) size 784x19
        RenderTextControl {INPUT} at (0,0) size 147x19 [bgcolor=#FFFFFF] [border: (2px inset #808080)]
          RenderFlexibleBox {DIV} at (3,3) size 141x13
            RenderBlock {DIV} at (0,0) size 114x13
        RenderText {#text} at (146,0) size 5x18
          text run at (146,0) width 5: " "
        RenderTextControl {INPUT} at (150,0) size 148x19 [bgcolor=#FFFFFF] [border: (2px inset #808080)]
          RenderFlexibleBox {DIV} at (3,3) size 141x13
            RenderBlock {DIV} at (0,0) size 114x13
        RenderText {#text} at (297,0) size 5x18
          text run at (297,0) width 5: " "
        RenderTextControl {INPUT} at (301,0) size 148x19 [bgcolor=#FFFFFF] [border: (2px inset #808080)]
          RenderFlexibleBox {DIV} at (3,3) size 141x13
            RenderBlock {DIV} at (0,0) size 114x13
        RenderText {#text} at (448,0) size 5x18
          text run at (448,0) width 5: " "
        RenderTextControl {INPUT} at (452,0) size 148x19 [bgcolor=#FFFFFF] [border: (2px inset #808080)]
          RenderFlexibleBox {DIV} at (3,3) size 141x13
            RenderBlock {DIV} at (0,0) size 114x13
layer at (11,53) size 114x13
  RenderBlock {DIV} at (0,0) size 114x13
layer at (162,53) size 114x13
  RenderBlock {DIV} at (0,0) size 114x13
layer at (313,53) size 114x13
  RenderBlock {DIV} at (0,0) size 114x13
layer at (464,53) size 114x13
  RenderBlock {DIV} at (0,0) size 114x13
layer at (128,54) size 22x12
  RenderBlock {DIV} at (116,0) size 23x13 [bgcolor=#000000]
layer at (279,54) size 22x12
  RenderBlock {DIV} at (116,0) size 23x13 [bgcolor=#000000]
layer at (430,54) size 22x12
  RenderBlock {DIV} at (116,0) size 23x13 [bgcolor=#000000]
layer at (581,54) size 22x12
  RenderBlock {DIV} at (116,0) size 23x13 [bgcolor=#000000]
