layer at (0,0) size 800x600
  RenderView at (0,0) size 800x600
layer at (0,0) size 800x99
  RenderBlock {HTML} at (0,0) size 800x99
    RenderBody {BODY} at (8,18) size 784x62
      RenderBlock {P} at (0,0) size 784x21
        RenderText {#text} at (0,1) size 275x19
          text run at (0,1) width 275: "This text should be rendered with a first font."
      RenderBlock {P} at (0,39) size 784x22
        RenderText {#text} at (0,1) size 284x19
          text run at (0,1) width 284: "This text should be rendered with a second font."
