layer at (0,0) size 800x600
  RenderView at (0,0) size 800x600
layer at (0,0) size 800x600
  RenderBlock {HTML} at (0,0) size 800x600
    RenderBody {BODY} at (8,8) size 784x576
      RenderBlock {P} at (0,0) size 784x20
        RenderText {#text} at (0,0) size 313x19
          text run at (0,0) width 313: "This tests the rendering of invalid UTF-8 sequences."
      RenderBlock {P} at (0,36) size 784x20
        RenderText {#text} at (0,0) size 475x19
          text run at (0,0) width 475: "The output should be: \"\x{442}??\x{442}\" (with black diamonds in place of question marks)."
      RenderBlock {HR} at (0,72) size 784x2 [border: (1px inset #000000)]
      RenderBlock {P} at (0,90) size 784x22
        RenderText {#text} at (0,2) size 46x19
          text run at (0,2) width 46: "\x{442}\x{FFFD}\x{FFFD}\x{442}"
