layer at (0,0) size 792x1168
  RenderView at (0,0) size 785x585
layer at (0,0) size 785x1168
  RenderBlock {HTML} at (0,0) size 785x1169
    RenderBody {BODY} at (8,8) size 769x1148 [bgcolor=#EEEEEE]
      RenderBlock (anonymous) at (0,0) size 769x22
        RenderInline {SPAN} at (0,0) size 190x16
          RenderText {#text} at (0,0) size 0x0
          RenderInline {SPAN} at (0,0) size 190x16
            RenderText {#text} at (0,0) size 0x0
            RenderTable {TABLE} at (0,0) size 190x22
              RenderTableSection {TBODY} at (0,0) size 190x22
                RenderTableRow {TR} at (0,0) size 190x22
                  RenderTableCell {TD} at (0,0) size 114x22 [r=0 c=0 rs=1 cs=1]
                    RenderText {#text} at (1,1) size 112x19
                      text run at (1,2) width 112: "Record Locator:"
                  RenderTableCell {TD} at (114,0) size 76x22 [r=0 c=1 rs=1 cs=1]
                    RenderInline {B} at (0,0) size 74x19
                      RenderText {#text} at (1,1) size 74x19
                        text run at (1,1) width 74: "WHGNSO"
                    RenderText {#text} at (0,0) size 0x0
            RenderText {#text} at (0,0) size 0x0
          RenderText {#text} at (0,0) size 0x0
      RenderBlock (anonymous) at (0,28) size 769x3
        RenderBlock {HR} at (0,0) size 769x2 [border: (1px inset #000000)]
      RenderBlock (anonymous) at (0,37) size 769x47
        RenderInline {SPAN} at (0,0) size 114x43
          RenderInline {SPAN} at (0,0) size 114x43
            RenderText {#text} at (0,0) size 0x0
            RenderInline {SPAN} at (0,0) size 114x19
              RenderText {#text} at (0,0) size 0x0
              RenderImage {IMG} at (0,0) size 57x23
              RenderText {#text} at (57,1) size 57x19
                text run at (57,1) width 4: " "
                text run at (61,1) width 53: "Names"
              RenderBR {BR} at (114,16) size 0x0
            RenderText {#text} at (0,0) size 0x0
            RenderInline {SPAN} at (0,0) size 102x16
              RenderText {#text} at (0,0) size 0x0
              RenderText {#text} at (0,0) size 0x0
            RenderText {#text} at (0,0) size 0x0
          RenderText {#text} at (0,0) size 0x0
      RenderBlock (anonymous) at (0,89) size 769x3
        RenderBlock {HR} at (0,0) size 769x2 [border: (1px inset #000000)]
      RenderBlock (anonymous) at (0,98) size 769x69
        RenderInline {SPAN} at (0,0) size 583x66
          RenderInline {SPAN} at (0,0) size 583x66
            RenderText {#text} at (0,0) size 0x0
            RenderImage {IMG} at (0,2) size 66x20
            RenderText {#text} at (66,2) size 4x16
              text run at (66,2) width 4: " "
            RenderInline {SPAN} at (0,0) size 82x19
              RenderText {#text} at (70,0) size 82x19
                text run at (70,0) width 82: "Addresses"
              RenderBR {BR} at (152,15) size 0x0
            RenderText {#text} at (0,0) size 0x0
            RenderText {#text} at (0,0) size 0x0
          RenderText {#text} at (0,0) size 0x0
      RenderBlock (anonymous) at (0,173) size 769x3
        RenderBlock {HR} at (0,0) size 769x2 [border: (1px inset #000000)]
      RenderBlock (anonymous) at (0,181) size 769x44
        RenderInline {SPAN} at (0,0) size 130x43
          RenderInline {SPAN} at (0,0) size 130x43
            RenderText {#text} at (0,0) size 0x0
            RenderInline {SPAN} at (0,0) size 130x19
              RenderText {#text} at (0,0) size 0x0
              RenderImage {IMG} at (0,0) size 63x23
              RenderText {#text} at (63,1) size 67x19
                text run at (63,1) width 4: " "
                text run at (67,1) width 63: "Phones "
              RenderBR {BR} at (130,16) size 0x0
            RenderText {#text} at (0,0) size 0x0
      RenderBlock (anonymous) at (0,286) size 769x0
        RenderInline {SPAN} at (0,0) size 0x0
          RenderInline {SPAN} at (0,0) size 0x0
            RenderText {#text} at (0,0) size 0x0
          RenderText {#text} at (0,0) size 0x0
      RenderBlock (anonymous) at (0,293) size 769x3
        RenderBlock {HR} at (0,0) size 769x2 [border: (1px inset #000000)]
      RenderBlock (anonymous) at (0,302) size 769x24
        RenderInline {SPAN} at (0,0) size 132x16
          RenderInline {SPAN} at (0,0) size 132x16
            RenderText {#text} at (0,0) size 0x0
            RenderInline {SPAN} at (0,0) size 132x19
              RenderText {#text} at (0,0) size 0x0
              RenderImage {IMG} at (0,0) size 66x23
              RenderText {#text} at (66,1) size 66x19
                text run at (66,1) width 4: " "
                text run at (70,1) width 62: "Itinerary"
            RenderText {#text} at (0,0) size 0x0
            RenderInline {SPAN} at (0,0) size 0x0
              RenderText {#text} at (0,0) size 0x0
              RenderInline {SPAN} at (0,0) size 0x0
                RenderText {#text} at (0,0) size 0x0
      RenderBlock (anonymous) at (0,325) size 769x64
        RenderTable {TABLE} at (0,0) size 572x63
          RenderTableSection {TBODY} at (0,0) size 572x63
            RenderTableRow {TR} at (0,2) size 572x59
              RenderTableCell {TD} at (2,30) size 2x3 [r=0 c=0 rs=1 cs=1]
              RenderTableCell {TD} at (6,2) size 2x2 [r=0 c=1 rs=1 cs=1]
              RenderTableCell {TD} at (10,19) size 148x25 [r=0 c=2 rs=1 cs=1]
                RenderImage {IMG} at (1,1) size 146x22
                RenderText {#text} at (0,0) size 0x0
              RenderTableCell {TD} at (160,2) size 410x59 [r=0 c=3 rs=1 cs=1]
                RenderText {#text} at (1,1) size 142x18
                  text run at (1,1) width 142: "TUR - Tour Package"
                RenderBR {BR} at (143,16) size 0x0
                RenderText {#text} at (1,20) size 222x18
                  text run at (1,20) width 222: "Date: Sunday, January 12, 2003"
                RenderBR {BR} at (223,35) size 0x0
                RenderText {#text} at (1,39) size 408x18
                  text run at (1,39) width 408: "Comments: -** TICKETLESS CONF CODE IS WHGNSO**"
      RenderBlock (anonymous) at (0,388) size 769x0
        RenderInline {SPAN} at (0,0) size 0x0
          RenderInline {SPAN} at (0,0) size 0x0
            RenderInline {SPAN} at (0,0) size 0x0
              RenderInline {SPAN} at (0,0) size 0x0
              RenderText {#text} at (0,0) size 0x0
      RenderBlock (anonymous) at (0,394) size 769x3
        RenderBlock {HR} at (0,0) size 769x2 [border: (1px inset #000000)]
      RenderBlock (anonymous) at (0,403) size 769x0
        RenderInline {SPAN} at (0,0) size 0x0
          RenderInline {SPAN} at (0,0) size 0x0
            RenderInline {SPAN} at (0,0) size 0x0
              RenderInline {SPAN} at (0,0) size 0x0
                RenderText {#text} at (0,0) size 0x0
      RenderBlock (anonymous) at (0,403) size 769x207
        RenderTable {TABLE} at (0,0) size 703x206
          RenderTableSection {TBODY} at (0,0) size 703x206
            RenderTableRow {TR} at (0,2) size 703x202
              RenderTableCell {TD} at (2,102) size 2x2 [r=0 c=0 rs=1 cs=1]
              RenderTableCell {TD} at (6,2) size 2x2 [r=0 c=1 rs=1 cs=1]
              RenderTableCell {TD} at (10,91) size 93x24 [r=0 c=2 rs=1 cs=1]
                RenderImage {IMG} at (1,1) size 91x22
                RenderText {#text} at (0,0) size 0x0
              RenderTableCell {TD} at (105,2) size 596x202 [r=0 c=3 rs=1 cs=1]
                RenderBlock (anonymous) at (1,1) size 594x133
                  RenderText {#text} at (0,0) size 24x18
                    text run at (0,0) width 24: "Air "
                  RenderBR {BR} at (0,0) size 0x0
                  RenderText {#text} at (0,19) size 475x18
                    text run at (0,19) width 49: "United "
                    text run at (49,19) width 82: "Flight 1187 "
                    text run at (131,19) width 122: "Booking Code:M "
                    text run at (253,19) width 222: "Date: Sunday, January 12, 2003"
                  RenderBR {BR} at (475,34) size 0x0
                  RenderText {#text} at (0,38) size 380x18
                    text run at (0,38) width 380: "From: San Francisco Intl Arpt, San Francisco CA - U.S."
                  RenderBR {BR} at (380,53) size 0x0
                  RenderText {#text} at (0,57) size 395x18
                    text run at (0,57) width 26: "To: "
                    text run at (26,57) width 369: "Burbank Glendale Pasadena Arpt, Burbank CA - U.S."
                  RenderBR {BR} at (395,72) size 0x0
                  RenderText {#text} at (0,76) size 243x18
                    text run at (0,76) width 127: "Departs: 6:05 PM "
                    text run at (127,76) width 116: "Arrives: 7:10 PM"
                  RenderBR {BR} at (243,91) size 0x0
                  RenderText {#text} at (0,95) size 48x18
                    text run at (0,95) width 48: "Status:"
                  RenderInline {SPACE} at (0,0) size 125x37
                    RenderText {#text} at (48,95) size 73x18
                      text run at (48,95) width 73: " confirmed"
                    RenderInline {SPACE} at (0,0) size 125x37
                      RenderText {#text} at (121,95) size 4x18
                        text run at (121,95) width 4: " "
                      RenderBR {BR} at (0,0) size 0x0
                      RenderText {#text} at (0,114) size 45x18
                        text run at (0,114) width 45: "Seats:"
                      RenderBR {BR} at (45,129) size 0x0
                RenderBlock (anonymous) at (1,134) size 594x48
                  RenderTable {TABLE} at (0,0) size 594x48 [border: (1px outset #808080)]
                    RenderTableSection {TBODY} at (1,1) size 592x46
                      RenderTableRow {TR} at (0,0) size 592x23 [bgcolor=#E0E0E0]
                        RenderTableCell {TD} at (0,0) size 95x23 [border: (1px inset #808080)] [r=0 c=0 rs=1 cs=1]
                          RenderText {#text} at (2,2) size 42x18
                            text run at (2,2) width 42: "Name"
                        RenderTableCell {TD} at (95,0) size 37x23 [border: (1px inset #808080)] [r=0 c=1 rs=1 cs=1]
                          RenderText {#text} at (2,2) size 33x18
                            text run at (2,2) width 33: "Seat"
                        RenderTableCell {TD} at (132,0) size 77x23 [border: (1px inset #808080)] [r=0 c=2 rs=1 cs=1]
                          RenderText {#text} at (2,2) size 44x18
                            text run at (2,2) width 44: "Status"
                        RenderTableCell {TD} at (209,0) size 311x23 [border: (1px inset #808080)] [r=0 c=3 rs=1 cs=1]
                          RenderText {#text} at (2,2) size 34x18
                            text run at (2,2) width 34: "Type"
                        RenderTableCell {TD} at (520,0) size 72x23 [border: (1px inset #808080)] [r=0 c=4 rs=1 cs=1]
                          RenderText {#text} at (2,2) size 68x18
                            text run at (2,2) width 68: "Comment"
                      RenderTableRow {TR} at (0,23) size 592x23
                        RenderTableCell {TD} at (0,23) size 95x23 [border: (1px inset #808080)] [r=1 c=0 rs=1 cs=1]
                          RenderText {#text} at (2,2) size 91x18
                            text run at (2,2) width 91: "HAO,SCOTT"
                        RenderTableCell {TD} at (95,23) size 37x23 [border: (1px inset #808080)] [r=1 c=1 rs=1 cs=1]
                          RenderText {#text} at (2,2) size 29x18
                            text run at (2,2) width 29: "08A"
                        RenderTableCell {TD} at (132,23) size 77x23 [border: (1px inset #808080)] [r=1 c=2 rs=1 cs=1]
                          RenderText {#text} at (2,2) size 73x18
                            text run at (2,2) width 73: "confirmed "
                        RenderTableCell {TD} at (209,23) size 311x23 [border: (1px inset #808080)] [r=1 c=3 rs=1 cs=1]
                          RenderText {#text} at (2,2) size 307x18
                            text run at (2,2) width 307: "Non-Smoking, Window Seat, Preferred Seat"
                        RenderTableCell {TD} at (520,23) size 72x23 [border: (1px inset #808080)] [r=1 c=4 rs=1 cs=1]
                          RenderText {#text} at (2,2) size 4x18
                            text run at (2,2) width 4: " "
                RenderBlock (anonymous) at (1,182) size 594x19
                  RenderInline {SPACE} at (0,0) size 0x18
                    RenderInline {SPACE} at (0,0) size 0x18
                      RenderBR {BR} at (0,0) size 0x18
      RenderBlock (anonymous) at (0,609) size 769x0
        RenderInline {SPAN} at (0,0) size 0x0
          RenderInline {SPAN} at (0,0) size 0x0
            RenderInline {SPAN} at (0,0) size 0x0
              RenderInline {SPAN} at (0,0) size 0x0
              RenderText {#text} at (0,0) size 0x0
      RenderBlock (anonymous) at (0,616) size 769x3
        RenderBlock {HR} at (0,0) size 769x2 [border: (1px inset #000000)]
      RenderBlock (anonymous) at (0,624) size 769x0
        RenderInline {SPAN} at (0,0) size 0x0
          RenderInline {SPAN} at (0,0) size 0x0
            RenderInline {SPAN} at (0,0) size 0x0
              RenderInline {SPAN} at (0,0) size 0x0
                RenderText {#text} at (0,0) size 0x0
      RenderBlock (anonymous) at (0,624) size 769x207
        RenderTable {TABLE} at (0,0) size 592x206
          RenderTableSection {TBODY} at (0,0) size 592x206
            RenderTableRow {TR} at (0,2) size 592x202
              RenderTableCell {TD} at (2,102) size 2x2 [r=0 c=0 rs=1 cs=1]
              RenderTableCell {TD} at (6,2) size 2x2 [r=0 c=1 rs=1 cs=1]
              RenderTableCell {TD} at (10,91) size 93x24 [r=0 c=2 rs=1 cs=1]
                RenderImage {IMG} at (1,1) size 91x22
                RenderText {#text} at (0,0) size 0x0
              RenderTableCell {TD} at (105,2) size 485x202 [r=0 c=3 rs=1 cs=1]
                RenderBlock (anonymous) at (1,1) size 483x133
                  RenderText {#text} at (0,0) size 24x18
                    text run at (0,0) width 24: "Air "
                  RenderBR {BR} at (0,0) size 0x0
                  RenderText {#text} at (0,19) size 457x18
                    text run at (0,19) width 49: "United "
                    text run at (49,19) width 73: "Flight 480 "
                    text run at (122,19) width 121: "Booking Code:Q "
                    text run at (243,19) width 214: "Date: Friday, January 24, 2003"
                  RenderBR {BR} at (457,34) size 0x0
                  RenderText {#text} at (0,38) size 414x18
                    text run at (0,38) width 414: "From: Burbank Glendale Pasadena Arpt, Burbank CA - U.S."
                  RenderBR {BR} at (414,53) size 0x0
                  RenderText {#text} at (0,57) size 361x18
                    text run at (0,57) width 26: "To: "
                    text run at (26,57) width 335: "San Francisco Intl Arpt, San Francisco CA - U.S."
                  RenderBR {BR} at (361,72) size 0x0
                  RenderText {#text} at (0,76) size 243x18
                    text run at (0,76) width 127: "Departs: 1:40 PM "
                    text run at (127,76) width 116: "Arrives: 2:50 PM"
                  RenderBR {BR} at (243,91) size 0x0
                  RenderText {#text} at (0,95) size 48x18
                    text run at (0,95) width 48: "Status:"
                  RenderInline {SPACE} at (0,0) size 125x37
                    RenderText {#text} at (48,95) size 73x18
                      text run at (48,95) width 73: " confirmed"
                    RenderInline {SPACE} at (0,0) size 125x37
                      RenderText {#text} at (121,95) size 4x18
                        text run at (121,95) width 4: " "
                      RenderBR {BR} at (0,0) size 0x0
                      RenderText {#text} at (0,114) size 45x18
                        text run at (0,114) width 45: "Seats:"
                      RenderBR {BR} at (45,129) size 0x0
                RenderBlock (anonymous) at (1,134) size 483x48
                  RenderTable {TABLE} at (0,0) size 483x48 [border: (1px outset #808080)]
                    RenderTableSection {TBODY} at (1,1) size 481x46
                      RenderTableRow {TR} at (0,0) size 481x23 [bgcolor=#E0E0E0]
                        RenderTableCell {TD} at (0,0) size 95x23 [border: (1px inset #808080)] [r=0 c=0 rs=1 cs=1]
                          RenderText {#text} at (2,2) size 42x18
                            text run at (2,2) width 42: "Name"
                        RenderTableCell {TD} at (95,0) size 37x23 [border: (1px inset #808080)] [r=0 c=1 rs=1 cs=1]
                          RenderText {#text} at (2,2) size 33x18
                            text run at (2,2) width 33: "Seat"
                        RenderTableCell {TD} at (132,0) size 77x23 [border: (1px inset #808080)] [r=0 c=2 rs=1 cs=1]
                          RenderText {#text} at (2,2) size 44x18
                            text run at (2,2) width 44: "Status"
                        RenderTableCell {TD} at (209,0) size 200x23 [border: (1px inset #808080)] [r=0 c=3 rs=1 cs=1]
                          RenderText {#text} at (2,2) size 34x18
                            text run at (2,2) width 34: "Type"
                        RenderTableCell {TD} at (409,0) size 72x23 [border: (1px inset #808080)] [r=0 c=4 rs=1 cs=1]
                          RenderText {#text} at (2,2) size 68x18
                            text run at (2,2) width 68: "Comment"
                      RenderTableRow {TR} at (0,23) size 481x23
                        RenderTableCell {TD} at (0,23) size 95x23 [border: (1px inset #808080)] [r=1 c=0 rs=1 cs=1]
                          RenderText {#text} at (2,2) size 91x18
                            text run at (2,2) width 91: "HAO,SCOTT"
                        RenderTableCell {TD} at (95,23) size 37x23 [border: (1px inset #808080)] [r=1 c=1 rs=1 cs=1]
                          RenderText {#text} at (2,2) size 28x18
                            text run at (2,2) width 28: "13F"
                        RenderTableCell {TD} at (132,23) size 77x23 [border: (1px inset #808080)] [r=1 c=2 rs=1 cs=1]
                          RenderText {#text} at (2,2) size 73x18
                            text run at (2,2) width 73: "confirmed "
                        RenderTableCell {TD} at (209,23) size 200x23 [border: (1px inset #808080)] [r=1 c=3 rs=1 cs=1]
                          RenderText {#text} at (2,2) size 196x18
                            text run at (2,2) width 196: "Non-Smoking, Window Seat"
                        RenderTableCell {TD} at (409,23) size 72x23 [border: (1px inset #808080)] [r=1 c=4 rs=1 cs=1]
                          RenderText {#text} at (2,2) size 4x18
                            text run at (2,2) width 4: " "
                RenderBlock (anonymous) at (1,182) size 483x19
                  RenderInline {SPACE} at (0,0) size 0x18
                    RenderInline {SPACE} at (0,0) size 0x18
                      RenderBR {BR} at (0,0) size 0x18
      RenderBlock (anonymous) at (0,830) size 769x0
        RenderInline {SPAN} at (0,0) size 0x0
          RenderInline {SPAN} at (0,0) size 0x0
            RenderInline {SPAN} at (0,0) size 0x0
              RenderInline {SPAN} at (0,0) size 0x0
              RenderText {#text} at (0,0) size 0x0
      RenderBlock (anonymous) at (0,837) size 769x3
        RenderBlock {HR} at (0,0) size 769x2 [border: (1px inset #000000)]
      RenderBlock (anonymous) at (0,846) size 769x0
        RenderInline {SPAN} at (0,0) size 0x0
          RenderInline {SPAN} at (0,0) size 0x0
            RenderInline {SPAN} at (0,0) size 0x0
              RenderInline {SPAN} at (0,0) size 0x0
                RenderText {#text} at (0,0) size 0x0
      RenderBlock (anonymous) at (0,846) size 769x121
        RenderTable {TABLE} at (0,0) size 604x120
          RenderTableSection {TBODY} at (0,0) size 604x120
            RenderTableRow {TR} at (0,2) size 604x116
              RenderTableCell {TD} at (2,59) size 2x2 [r=0 c=0 rs=1 cs=1]
              RenderTableCell {TD} at (6,2) size 2x2 [r=0 c=1 rs=1 cs=1]
              RenderTableCell {TD} at (10,48) size 93x24 [r=0 c=2 rs=1 cs=1]
                RenderImage {IMG} at (1,1) size 91x22
                RenderText {#text} at (0,0) size 0x0
              RenderTableCell {TD} at (105,2) size 497x116 [r=0 c=3 rs=1 cs=1]
                RenderText {#text} at (1,1) size 24x18
                  text run at (1,1) width 24: "Air "
                RenderBR {BR} at (0,0) size 0x0
                RenderText {#text} at (1,20) size 495x18
                  text run at (1,20) width 86: "UNKNOWN "
                  text run at (87,20) width 73: "Flight 123 "
                  text run at (160,20) width 118: "Booking Code:Y "
                  text run at (278,20) width 218: "Date: Tuesday, March 25, 2003"
                RenderBR {BR} at (496,35) size 0x0
                RenderText {#text} at (1,39) size 380x18
                  text run at (1,39) width 380: "From: San Francisco Intl Arpt, San Francisco CA - U.S."
                RenderBR {BR} at (381,54) size 0x0
                RenderText {#text} at (1,58) size 361x18
                  text run at (1,58) width 26: "To: "
                  text run at (27,58) width 335: "San Francisco Intl Arpt, San Francisco CA - U.S."
                RenderBR {BR} at (362,73) size 0x0
                RenderText {#text} at (1,77) size 167x18
                  text run at (1,77) width 89: "Departs: n/a "
                  text run at (90,77) width 78: "Arrives: n/a"
                RenderBR {BR} at (168,92) size 0x0
                RenderText {#text} at (1,96) size 48x18
                  text run at (1,96) width 48: "Status:"
                RenderInline {SPACE} at (0,0) size 192x18
                  RenderText {#text} at (49,96) size 188x18
                    text run at (49,96) width 188: " requested, await response"
                  RenderInline {SPACE} at (0,0) size 4x18
                    RenderText {#text} at (237,96) size 4x18
                      text run at (237,96) width 4: " "
                    RenderBR {BR} at (241,111) size 0x0
      RenderBlock (anonymous) at (0,966) size 769x0
        RenderInline {SPAN} at (0,0) size 0x0
          RenderInline {SPAN} at (0,0) size 0x0
            RenderInline {SPAN} at (0,0) size 0x0
              RenderInline {SPAN} at (0,0) size 0x0
              RenderText {#text} at (0,0) size 0x0
      RenderBlock (anonymous) at (0,972) size 769x3
        RenderBlock {HR} at (0,0) size 769x2 [border: (1px inset #000000)]
      RenderBlock (anonymous) at (0,981) size 769x54
        RenderInline {SPAN} at (0,0) size 195x51
          RenderInline {SPAN} at (0,0) size 0x0
            RenderInline {SPAN} at (0,0) size 0x0
            RenderText {#text} at (0,0) size 0x0
          RenderText {#text} at (0,0) size 0x0
          RenderInline {SPAN} at (0,0) size 98x19
            RenderText {#text} at (0,0) size 0x0
            RenderImage {IMG} at (0,1) size 20x20
            RenderText {#text} at (20,0) size 78x19
              text run at (20,0) width 4: " "
              text run at (24,0) width 74: "Remarks:"
            RenderBR {BR} at (98,15) size 0x0
          RenderText {#text} at (0,0) size 0x0
          RenderBR {BR} at (0,21) size 0x16
          RenderInline {SPAN} at (0,0) size 195x16
            RenderText {#text} at (0,37) size 195x16
              text run at (0,37) width 125: "SERVICE FEE MCO "
              text run at (125,37) width 70: "8103220490"
            RenderBR {BR} at (195,50) size 0x0
          RenderText {#text} at (0,0) size 0x0
      RenderBlock (anonymous) at (0,1041) size 769x3
        RenderBlock {HR} at (0,0) size 769x2 [border: (1px inset #000000)]
      RenderBlock (anonymous) at (0,1049) size 769x24
        RenderInline {SPAN} at (0,0) size 186x16
          RenderInline {SPAN} at (0,0) size 186x19
            RenderText {#text} at (0,0) size 0x0
            RenderImage {IMG} at (0,0) size 66x23
            RenderText {#text} at (66,1) size 4x19
              text run at (66,1) width 4: " "
            RenderInline {B} at (0,0) size 112x19
              RenderText {#text} at (70,1) size 112x19
                text run at (70,1) width 112: "Web Bookings"
            RenderText {#text} at (182,1) size 4x19
              text run at (182,1) width 4: " "
            RenderInline {SPAN} at (0,0) size 0x19
              RenderBR {BR} at (186,16) size 0x0
              RenderInline {SPAN} at (0,0) size 0x0
            RenderText {#text} at (0,0) size 0x0
          RenderText {#text} at (0,0) size 0x0
      RenderBlock (anonymous) at (0,1079) size 769x3
        RenderBlock {HR} at (0,0) size 769x2 [border: (1px inset #000000)]
      RenderBlock (anonymous) at (0,1088) size 769x22
        RenderInline {SPAN} at (0,0) size 277x16
          RenderInline {SPAN} at (0,0) size 277x16
            RenderText {#text} at (0,0) size 0x0
            RenderInline {SPAN} at (0,0) size 277x19
              RenderText {#text} at (0,0) size 0x0
              RenderImage {IMG} at (0,1) size 20x20
              RenderText {#text} at (20,0) size 257x19
                text run at (20,0) width 4: " "
                text run at (24,0) width 253: "Remarks and Service Information"
              RenderBR {BR} at (277,15) size 0x0
            RenderText {#text} at (0,0) size 0x0
            RenderText {#text} at (0,0) size 0x0
      RenderBlock (anonymous) at (0,1115) size 769x33
        RenderBlock {HR} at (0,0) size 769x2 [border: (1px inset #000000)]
        RenderBlock {P} at (0,15) size 769x17
          RenderText {#text} at (0,0) size 203x16
            text run at (0,0) width 203: "This itinerary is subject to change. "
          RenderInline {A} at (0,0) size 162x16 [color=#0000EE]
            RenderText {#text} at (203,0) size 162x16
              text run at (203,0) width 162: "Click here for latest updates"
          RenderText {#text} at (0,0) size 0x0
      RenderBlock (anonymous) at (0,1160) size 769x0
        RenderInline {SPAN} at (0,0) size 0x0
          RenderInline {SPAN} at (0,0) size 0x0
          RenderText {#text} at (0,0) size 0x0
layer at (23,45) size 102x16
  RenderInline (relative positioned) {SPAN} at (0,0) size 102x16
    RenderText {#text} at (0,0) size 0x0
    RenderInline {SPAN} at (0,0) size 102x16
      RenderText {#text} at (0,0) size 0x0
      RenderImage {IMG} at (0,23) size 20x20
      RenderText {#text} at (20,30) size 4x16
        text run at (20,30) width 4: " "
      RenderInline {SPAN} at (0,0) size 78x16
        RenderText {#text} at (24,30) size 78x16
          text run at (24,30) width 78: "HAO, SCOTT"
        RenderBR {BR} at (102,43) size 0x0
        RenderText {#text} at (0,0) size 0x0
      RenderText {#text} at (0,0) size 0x0
    RenderText {#text} at (0,0) size 0x0
layer at (23,107) size 583x39
  RenderInline (relative positioned) {SPAN} at (0,0) size 583x39
    RenderText {#text} at (0,0) size 0x0
    RenderImage {IMG} at (0,22) size 20x20
    RenderText {#text} at (20,29) size 563x16
      text run at (20,29) width 4: " "
      text run at (24,29) width 56: "Address: "
      text run at (80,29) width 503: "ST. JUDE MEDICAL, 21700 OXNARD ST SUITE 800, WOODLAND HILLS CA Z/91367 "
    RenderBR {BR} at (583,42) size 0x0
    RenderImage {IMG} at (0,45) size 20x20
    RenderText {#text} at (20,52) size 402x16
      text run at (20,52) width 4: " "
      text run at (24,52) width 46: "Deliver: "
      text run at (70,52) width 102: "DEBI STANGEL, "
      text run at (172,52) width 116: "119 GLEN COURT, "
      text run at (288,52) width 134: "DANVILLE CA Z/94526"
layer at (23,190) size 20x16
  RenderInline (relative positioned) {SPAN} at (0,0) size 20x16
    RenderText {#text} at (0,0) size 0x0
    RenderImage {IMG} at (0,23) size 20x20
    RenderText {#text} at (0,0) size 0x0
layer at (23,233) size 769x62
  RenderBlock (anonymous) at (0,224) size 769x63
layer at (43,218) size 520x62
  RenderTable {TABLE} at (0,0) size 520x62 [border: (1px outset #808080)]
    RenderTableSection {TBODY} at (1,1) size 518x60
      RenderTableRow {TR} at (0,2) size 518x23 [bgcolor=#E0E0E0]
        RenderTableCell {TD} at (2,2) size 91x23 [border: (1px inset #808080)] [r=0 c=0 rs=1 cs=1]
          RenderText {#text} at (2,2) size 34x18
            text run at (2,2) width 34: "Type"
        RenderTableCell {TD} at (95,2) size 45x23 [border: (1px inset #808080)] [r=0 c=1 rs=1 cs=1]
          RenderText {#text} at (2,2) size 27x18
            text run at (2,2) width 27: "City"
        RenderTableCell {TD} at (142,2) size 374x23 [border: (1px inset #808080)] [r=0 c=2 rs=1 cs=1]
          RenderText {#text} at (2,2) size 45x18
            text run at (2,2) width 45: "Phone"
      RenderTableRow {TR} at (0,27) size 518x0
      RenderTableRow {TR} at (0,29) size 518x23
        RenderTableCell {TD} at (2,29) size 91x23 [border: (1px inset #808080)] [r=2 c=0 rs=1 cs=1]
          RenderText {#text} at (2,2) size 87x18
            text run at (2,2) width 87: "Travel Agent"
        RenderTableCell {TD} at (95,29) size 45x23 [border: (1px inset #808080)] [r=2 c=1 rs=1 cs=1]
          RenderText {#text} at (2,2) size 41x18
            text run at (2,2) width 41: "(LAX)"
        RenderTableCell {TD} at (142,29) size 374x23 [border: (1px inset #808080)] [r=2 c=2 rs=1 cs=1]
          RenderText {#text} at (2,2) size 370x18
            text run at (2,2) width 370: "RQ0/818 990-4053-PLAZA TRAVEL - 05838276-RC"
      RenderTableRow {TR} at (0,54) size 518x0
      RenderTableRow {TR} at (0,56) size 518x0
      RenderTableRow {TR} at (0,58) size 518x0
