layer at (0,0) size 800x600
  RenderView at (0,0) size 800x600
layer at (0,0) size 800x484
  RenderBlock {HTML} at (0,0) size 800x484
    RenderBody {BODY} at (8,8) size 784x463
      RenderTable {TABLE} at (0,0) size 25x0
        RenderTableSection {TBODY} at (0,0) size 25x0
          RenderTableRow {TR} at (0,0) size 25x0
            RenderTableCell {TD} at (0,0) size 2x0 [r=0 c=0 rs=1 cs=1]
            RenderTableCell {TD} at (2,0) size 1x0 [r=0 c=1 rs=1 cs=1]
            RenderTableCell {TD} at (3,0) size 1x0 [r=0 c=2 rs=1 cs=1]
            RenderTableCell {TD} at (4,0) size 1x0 [r=0 c=3 rs=1 cs=1]
            RenderTableCell {TD} at (5,0) size 1x0 [r=0 c=4 rs=1 cs=1]
            RenderTableCell {TD} at (6,0) size 1x0 [r=0 c=5 rs=1 cs=1]
            RenderTableCell {TD} at (7,0) size 1x0 [r=0 c=6 rs=1 cs=1]
            RenderTableCell {TD} at (8,0) size 1x0 [r=0 c=7 rs=1 cs=1]
            RenderTableCell {TD} at (9,0) size 1x0 [r=0 c=8 rs=1 cs=1]
            RenderTableCell {TD} at (10,0) size 1x0 [r=0 c=9 rs=1 cs=1]
            RenderTableCell {TD} at (11,0) size 1x0 [r=0 c=10 rs=1 cs=1]
            RenderTableCell {TD} at (12,0) size 1x0 [r=0 c=11 rs=1 cs=1]
            RenderTableCell {TD} at (13,0) size 1x0 [r=0 c=12 rs=1 cs=1]
            RenderTableCell {TD} at (14,0) size 1x0 [r=0 c=13 rs=1 cs=1]
            RenderTableCell {TD} at (15,0) size 1x0 [r=0 c=14 rs=1 cs=1]
            RenderTableCell {TD} at (16,0) size 1x0 [r=0 c=15 rs=1 cs=1]
            RenderTableCell {TD} at (17,0) size 8x0 [r=0 c=16 rs=1 cs=1]
      RenderTable {TABLE} at (0,0) size 12x0
        RenderTableSection {TBODY} at (0,0) size 12x0
          RenderTableRow {TR} at (0,0) size 12x0
            RenderTableCell {TD} at (0,0) size 1x0 [r=0 c=0 rs=1 cs=1]
            RenderTableCell {TD} at (1,0) size 1x0 [r=0 c=1 rs=1 cs=1]
            RenderTableCell {TD} at (2,0) size 1x0 [r=0 c=2 rs=1 cs=1]
            RenderTableCell {TD} at (3,0) size 1x0 [r=0 c=3 rs=1 cs=1]
            RenderTableCell {TD} at (4,0) size 8x0 [r=0 c=4 rs=1 cs=1]
      RenderTable {TABLE} at (0,0) size 13x0
        RenderTableSection {TBODY} at (0,0) size 13x0
          RenderTableRow {TR} at (0,0) size 13x0
            RenderTableCell {TD} at (0,0) size 2x0 [r=0 c=0 rs=1 cs=1]
            RenderTableCell {TD} at (2,0) size 1x0 [r=0 c=1 rs=1 cs=1]
            RenderTableCell {TD} at (3,0) size 1x0 [r=0 c=2 rs=1 cs=1]
            RenderTableCell {TD} at (4,0) size 1x0 [r=0 c=3 rs=1 cs=1]
            RenderTableCell {TD} at (5,0) size 8x0 [r=0 c=4 rs=1 cs=1]
      RenderTable {TABLE} at (0,0) size 24x0
        RenderTableSection {TBODY} at (0,0) size 24x0
          RenderTableRow {TR} at (0,0) size 24x0
            RenderTableCell {TD} at (0,0) size 2x0 [r=0 c=0 rs=1 cs=1]
            RenderTableCell {TD} at (2,0) size 2x0 [r=0 c=1 rs=1 cs=1]
            RenderTableCell {TD} at (4,0) size 2x0 [r=0 c=2 rs=1 cs=1]
            RenderTableCell {TD} at (6,0) size 2x0 [r=0 c=3 rs=1 cs=1]
            RenderTableCell {TD} at (8,0) size 16x0 [r=0 c=4 rs=1 cs=1]
      RenderTable {TABLE} at (0,0) size 25x0
        RenderTableSection {TBODY} at (0,0) size 25x0
          RenderTableRow {TR} at (0,0) size 25x0
            RenderTableCell {TD} at (0,0) size 3x0 [r=0 c=0 rs=1 cs=1]
            RenderTableCell {TD} at (3,0) size 2x0 [r=0 c=1 rs=1 cs=1]
            RenderTableCell {TD} at (5,0) size 2x0 [r=0 c=2 rs=1 cs=1]
            RenderTableCell {TD} at (7,0) size 2x0 [r=0 c=3 rs=1 cs=1]
            RenderTableCell {TD} at (9,0) size 16x0 [r=0 c=4 rs=1 cs=1]
      RenderTable {TABLE} at (0,0) size 17x0
        RenderTableSection {TBODY} at (0,0) size 17x0
          RenderTableRow {TR} at (0,0) size 17x0
            RenderTableCell {TD} at (0,0) size 2x0 [r=0 c=0 rs=1 cs=1]
            RenderTableCell {TD} at (2,0) size 2x0 [r=0 c=1 rs=1 cs=1]
            RenderTableCell {TD} at (4,0) size 2x0 [r=0 c=2 rs=1 cs=1]
            RenderTableCell {TD} at (6,0) size 2x0 [r=0 c=3 rs=1 cs=1]
            RenderTableCell {TD} at (8,0) size 2x0 [r=0 c=4 rs=1 cs=1]
            RenderTableCell {TD} at (10,0) size 2x0 [r=0 c=5 rs=1 cs=1]
            RenderTableCell {TD} at (12,0) size 2x0 [r=0 c=6 rs=1 cs=1]
            RenderTableCell {TD} at (14,0) size 1x0 [r=0 c=7 rs=1 cs=1]
            RenderTableCell {TD} at (15,0) size 1x0 [r=0 c=8 rs=1 cs=1]
            RenderTableCell {TD} at (16,0) size 1x0 [r=0 c=9 rs=1 cs=1]
      RenderBlock {PRE} at (0,13) size 784x450
        RenderText {#text} at (0,0) size 211x15
          text run at (0,0) width 211: "Specified table width: 25px"
        RenderText {#text} at (0,15) size 211x15
          text run at (0,15) width 211: "Actual table width:    25px"
        RenderText {#text} at (0,30) size 164x15
          text run at (0,30) width 164: "Specified TD widths: "
        RenderText {#text} at (163,30) size 33x15
          text run at (163,30) width 33: "1px "
        RenderText {#text} at (195,30) size 32x15
          text run at (195,30) width 32: "1px "
        RenderText {#text} at (226,30) size 32x15
          text run at (226,30) width 32: "1px "
        RenderText {#text} at (257,30) size 32x15
          text run at (257,30) width 32: "1px "
        RenderText {#text} at (288,30) size 32x15
          text run at (288,30) width 32: "1px "
        RenderText {#text} at (319,30) size 33x15
          text run at (319,30) width 33: "1px "
        RenderText {#text} at (351,30) size 32x15
          text run at (351,30) width 32: "1px "
        RenderText {#text} at (382,30) size 32x15
          text run at (382,30) width 32: "1px "
        RenderText {#text} at (413,30) size 32x15
          text run at (413,30) width 32: "1px "
        RenderText {#text} at (444,30) size 32x15
          text run at (444,30) width 32: "1px "
        RenderText {#text} at (475,30) size 33x15
          text run at (475,30) width 33: "1px "
        RenderText {#text} at (507,30) size 32x15
          text run at (507,30) width 32: "1px "
        RenderText {#text} at (538,30) size 32x15
          text run at (538,30) width 32: "1px "
        RenderText {#text} at (569,30) size 32x15
          text run at (569,30) width 32: "1px "
        RenderText {#text} at (600,30) size 32x15
          text run at (600,30) width 32: "1px "
        RenderText {#text} at (631,30) size 33x15
          text run at (631,30) width 33: "1px "
        RenderText {#text} at (663,30) size 32x15
          text run at (663,30) width 32: "8px "
        RenderText {#text} at (0,0) size 0x0
        RenderText {#text} at (0,45) size 164x15
          text run at (0,45) width 164: "Actual TD widths:    "
        RenderText {#text} at (163,45) size 33x15
          text run at (163,45) width 33: "2px "
        RenderText {#text} at (195,45) size 32x15
          text run at (195,45) width 32: "1px "
        RenderText {#text} at (226,45) size 32x15
          text run at (226,45) width 32: "1px "
        RenderText {#text} at (257,45) size 32x15
          text run at (257,45) width 32: "1px "
        RenderText {#text} at (288,45) size 32x15
          text run at (288,45) width 32: "1px "
        RenderText {#text} at (319,45) size 33x15
          text run at (319,45) width 33: "1px "
        RenderText {#text} at (351,45) size 32x15
          text run at (351,45) width 32: "1px "
        RenderText {#text} at (382,45) size 32x15
          text run at (382,45) width 32: "1px "
        RenderText {#text} at (413,45) size 32x15
          text run at (413,45) width 32: "1px "
        RenderText {#text} at (444,45) size 32x15
          text run at (444,45) width 32: "1px "
        RenderText {#text} at (475,45) size 33x15
          text run at (475,45) width 33: "1px "
        RenderText {#text} at (507,45) size 32x15
          text run at (507,45) width 32: "1px "
        RenderText {#text} at (538,45) size 32x15
          text run at (538,45) width 32: "1px "
        RenderText {#text} at (569,45) size 32x15
          text run at (569,45) width 32: "1px "
        RenderText {#text} at (600,45) size 32x15
          text run at (600,45) width 32: "1px "
        RenderText {#text} at (631,45) size 33x15
          text run at (631,45) width 33: "1px "
        RenderText {#text} at (663,45) size 32x15
          text run at (663,45) width 32: "8px "
        RenderText {#text} at (0,60) size 0x15
          text run at (0,60) width 0: " "
        RenderText {#text} at (0,75) size 211x15
          text run at (0,75) width 211: "Specified table width: 12px"
        RenderText {#text} at (0,90) size 211x15
          text run at (0,90) width 211: "Actual table width:    12px"
        RenderText {#text} at (0,105) size 164x15
          text run at (0,105) width 164: "Specified TD widths: "
        RenderText {#text} at (163,105) size 33x15
          text run at (163,105) width 33: "1px "
        RenderText {#text} at (195,105) size 32x15
          text run at (195,105) width 32: "1px "
        RenderText {#text} at (226,105) size 32x15
          text run at (226,105) width 32: "1px "
        RenderText {#text} at (257,105) size 32x15
          text run at (257,105) width 32: "1px "
        RenderText {#text} at (288,105) size 32x15
          text run at (288,105) width 32: "8px "
        RenderText {#text} at (0,0) size 0x0
        RenderText {#text} at (0,120) size 164x15
          text run at (0,120) width 164: "Actual TD widths:    "
        RenderText {#text} at (163,120) size 33x15
          text run at (163,120) width 33: "1px "
        RenderText {#text} at (195,120) size 32x15
          text run at (195,120) width 32: "1px "
        RenderText {#text} at (226,120) size 32x15
          text run at (226,120) width 32: "1px "
        RenderText {#text} at (257,120) size 32x15
          text run at (257,120) width 32: "1px "
        RenderText {#text} at (288,120) size 32x15
          text run at (288,120) width 32: "8px "
        RenderText {#text} at (0,135) size 0x15
          text run at (0,135) width 0: " "
        RenderText {#text} at (0,150) size 211x15
          text run at (0,150) width 211: "Specified table width: 13px"
        RenderText {#text} at (0,165) size 211x15
          text run at (0,165) width 211: "Actual table width:    13px"
        RenderText {#text} at (0,180) size 164x15
          text run at (0,180) width 164: "Specified TD widths: "
        RenderText {#text} at (163,180) size 33x15
          text run at (163,180) width 33: "1px "
        RenderText {#text} at (195,180) size 32x15
          text run at (195,180) width 32: "1px "
        RenderText {#text} at (226,180) size 32x15
          text run at (226,180) width 32: "1px "
        RenderText {#text} at (257,180) size 32x15
          text run at (257,180) width 32: "1px "
        RenderText {#text} at (288,180) size 32x15
          text run at (288,180) width 32: "8px "
        RenderText {#text} at (0,0) size 0x0
        RenderText {#text} at (0,195) size 164x15
          text run at (0,195) width 164: "Actual TD widths:    "
        RenderText {#text} at (163,195) size 33x15
          text run at (163,195) width 33: "2px "
        RenderText {#text} at (195,195) size 32x15
          text run at (195,195) width 32: "1px "
        RenderText {#text} at (226,195) size 32x15
          text run at (226,195) width 32: "1px "
        RenderText {#text} at (257,195) size 32x15
          text run at (257,195) width 32: "1px "
        RenderText {#text} at (288,195) size 32x15
          text run at (288,195) width 32: "8px "
        RenderText {#text} at (0,210) size 0x15
          text run at (0,210) width 0: " "
        RenderText {#text} at (0,225) size 211x15
          text run at (0,225) width 211: "Specified table width: 24px"
        RenderText {#text} at (0,240) size 211x15
          text run at (0,240) width 211: "Actual table width:    24px"
        RenderText {#text} at (0,255) size 164x15
          text run at (0,255) width 164: "Specified TD widths: "
        RenderText {#text} at (163,255) size 33x15
          text run at (163,255) width 33: "1px "
        RenderText {#text} at (195,255) size 32x15
          text run at (195,255) width 32: "1px "
        RenderText {#text} at (226,255) size 32x15
          text run at (226,255) width 32: "1px "
        RenderText {#text} at (257,255) size 32x15
          text run at (257,255) width 32: "1px "
        RenderText {#text} at (288,255) size 32x15
          text run at (288,255) width 32: "8px "
        RenderText {#text} at (0,0) size 0x0
        RenderText {#text} at (0,270) size 164x15
          text run at (0,270) width 164: "Actual TD widths:    "
        RenderText {#text} at (163,270) size 33x15
          text run at (163,270) width 33: "2px "
        RenderText {#text} at (195,270) size 32x15
          text run at (195,270) width 32: "2px "
        RenderText {#text} at (226,270) size 32x15
          text run at (226,270) width 32: "2px "
        RenderText {#text} at (257,270) size 32x15
          text run at (257,270) width 32: "2px "
        RenderText {#text} at (288,270) size 40x15
          text run at (288,270) width 40: "16px "
        RenderText {#text} at (0,285) size 0x15
          text run at (0,285) width 0: " "
        RenderText {#text} at (0,300) size 211x15
          text run at (0,300) width 211: "Specified table width: 25px"
        RenderText {#text} at (0,315) size 211x15
          text run at (0,315) width 211: "Actual table width:    25px"
        RenderText {#text} at (0,330) size 164x15
          text run at (0,330) width 164: "Specified TD widths: "
        RenderText {#text} at (163,330) size 33x15
          text run at (163,330) width 33: "1px "
        RenderText {#text} at (195,330) size 32x15
          text run at (195,330) width 32: "1px "
        RenderText {#text} at (226,330) size 32x15
          text run at (226,330) width 32: "1px "
        RenderText {#text} at (257,330) size 32x15
          text run at (257,330) width 32: "1px "
        RenderText {#text} at (288,330) size 32x15
          text run at (288,330) width 32: "8px "
        RenderText {#text} at (0,0) size 0x0
        RenderText {#text} at (0,345) size 164x15
          text run at (0,345) width 164: "Actual TD widths:    "
        RenderText {#text} at (163,345) size 33x15
          text run at (163,345) width 33: "3px "
        RenderText {#text} at (195,345) size 32x15
          text run at (195,345) width 32: "2px "
        RenderText {#text} at (226,345) size 32x15
          text run at (226,345) width 32: "2px "
        RenderText {#text} at (257,345) size 32x15
          text run at (257,345) width 32: "2px "
        RenderText {#text} at (288,345) size 40x15
          text run at (288,345) width 40: "16px "
        RenderText {#text} at (0,360) size 0x15
          text run at (0,360) width 0: " "
        RenderText {#text} at (0,375) size 211x15
          text run at (0,375) width 211: "Specified table width: 17px"
        RenderText {#text} at (0,390) size 211x15
          text run at (0,390) width 211: "Actual table width:    17px"
        RenderText {#text} at (0,405) size 164x15
          text run at (0,405) width 164: "Specified TD widths: "
        RenderText {#text} at (163,405) size 33x15
          text run at (163,405) width 33: "10% "
        RenderText {#text} at (195,405) size 32x15
          text run at (195,405) width 32: "10% "
        RenderText {#text} at (226,405) size 32x15
          text run at (226,405) width 32: "10% "
        RenderText {#text} at (257,405) size 32x15
          text run at (257,405) width 32: "10% "
        RenderText {#text} at (288,405) size 32x15
          text run at (288,405) width 32: "10% "
        RenderText {#text} at (319,405) size 33x15
          text run at (319,405) width 33: "10% "
        RenderText {#text} at (351,405) size 32x15
          text run at (351,405) width 32: "10% "
        RenderText {#text} at (382,405) size 32x15
          text run at (382,405) width 32: "10% "
        RenderText {#text} at (413,405) size 32x15
          text run at (413,405) width 32: "10% "
        RenderText {#text} at (444,405) size 32x15
          text run at (444,405) width 32: "10% "
        RenderText {#text} at (0,0) size 0x0
        RenderText {#text} at (0,420) size 164x15
          text run at (0,420) width 164: "Actual TD widths:    "
        RenderText {#text} at (163,420) size 33x15
          text run at (163,420) width 33: "2px "
        RenderText {#text} at (195,420) size 32x15
          text run at (195,420) width 32: "2px "
        RenderText {#text} at (226,420) size 32x15
          text run at (226,420) width 32: "2px "
        RenderText {#text} at (257,420) size 32x15
          text run at (257,420) width 32: "2px "
        RenderText {#text} at (288,420) size 32x15
          text run at (288,420) width 32: "2px "
        RenderText {#text} at (319,420) size 33x15
          text run at (319,420) width 33: "2px "
        RenderText {#text} at (351,420) size 32x15
          text run at (351,420) width 32: "2px "
        RenderText {#text} at (382,420) size 32x15
          text run at (382,420) width 32: "1px "
        RenderText {#text} at (413,420) size 32x15
          text run at (413,420) width 32: "1px "
        RenderText {#text} at (444,420) size 32x15
          text run at (444,420) width 32: "1px "
        RenderText {#text} at (0,435) size 0x15
          text run at (0,435) width 0: " "
