layer at (0,0) size 800x600
  RenderView at (0,0) size 800x600
layer at (0,0) size 800x271
  RenderBlock {HTML} at (0,0) size 800x271
    RenderBody {BODY} at (88,25) size 648x221 [bgcolor=#FFFFF5]
      RenderTable {TABLE} at (0,0) size 326x83
        RenderTableSection {TBODY} at (0,0) size 326x83
          RenderTableRow {TR} at (0,2) size 326x21
            RenderTableCell {TH} at (2,2) size 169x21 [color=#CC0000] [r=0 c=0 rs=1 cs=1]
              RenderText {#text} at (0,2) size 32x17
                text run at (0,2) width 32: "17.6 "
              RenderInline {A} at (0,0) size 137x17 [color=#3333FF]
                RenderText {#text} at (32,2) size 137x17
                  text run at (32,2) width 137: "Table Border Test 2"
            RenderTableCell {TD} at (173,2) size 18x21 [color=#FFFF00] [bgcolor=#CC0000] [r=0 c=1 rs=1 cs=1]
              RenderText {#text} at (0,2) size 11x17
                text run at (0,2) width 11: "B"
            RenderTableCell {TD} at (193,2) size 12x21 [color=#FFFFFF] [bgcolor=#000099] [r=0 c=2 rs=1 cs=1]
              RenderText {#text} at (0,2) size 12x17
                text run at (0,2) width 12: "N"
            RenderTableCell {TD} at (207,2) size 18x21 [color=#FFFFFF] [bgcolor=#000099] [r=0 c=3 rs=1 cs=1]
              RenderText {#text} at (0,2) size 12x17
                text run at (0,2) width 12: "N"
            RenderTableCell {TD} at (227,2) size 18x21 [color=#FFFFFF] [bgcolor=#000099] [r=0 c=4 rs=1 cs=1]
              RenderText {#text} at (0,2) size 12x17
                text run at (0,2) width 12: "N"
            RenderTableCell {TD} at (247,2) size 18x21 [color=#FFFFFF] [bgcolor=#000099] [r=0 c=5 rs=1 cs=1]
              RenderText {#text} at (0,2) size 12x17
                text run at (0,2) width 12: "N"
            RenderTableCell {TD} at (267,2) size 12x21 [bgcolor=#CCCCCC] [r=0 c=6 rs=1 cs=1]
              RenderText {#text} at (0,2) size 12x17
                text run at (0,2) width 12: "U"
            RenderTableCell {TD} at (281,2) size 43x21 [r=0 c=7 rs=1 cs=1]
              RenderText {#text} at (0,2) size 43x17
                text run at (0,2) width 43: "CSS2"
          RenderTableRow {TR} at (0,25) size 326x33
            RenderTableCell {TH} at (2,25) size 169x33 [color=#CC0000] [border: (12px solid #FFFFF5) none] [r=1 c=0 rs=1 cs=1]
              RenderText {#text} at (87,14) size 82x17
                text run at (87,14) width 82: "Tests Y (+1)"
            RenderTableCell {TD} at (173,25) size 18x33 [color=#FFFFFF] [bgcolor=#009900] [border: (12px solid #FFFFF5) none] [r=1 c=1 rs=1 cs=1]
              RenderText {#text} at (0,14) size 18x17
                text run at (0,14) width 18: "31"
            RenderTableCell {TD} at (193,25) size 12x33 [color=#FFFFFF] [bgcolor=#009900] [border: (12px solid #FFFFF5) none] [r=1 c=2 rs=1 cs=1]
              RenderText {#text} at (0,14) size 4x17
                text run at (0,14) width 4: " "
            RenderTableCell {TD} at (207,25) size 18x33 [color=#FFFFFF] [bgcolor=#009900] [border: (12px solid #FFFFF5) none] [r=1 c=3 rs=1 cs=1]
              RenderText {#text} at (0,14) size 18x17
                text run at (0,14) width 18: "16"
            RenderTableCell {TD} at (227,25) size 18x33 [color=#FFFFFF] [bgcolor=#009900] [border: (12px solid #FFFFF5) none] [r=1 c=4 rs=1 cs=1]
              RenderText {#text} at (0,14) size 18x17
                text run at (0,14) width 18: "16"
            RenderTableCell {TD} at (247,25) size 18x33 [color=#FFFFFF] [bgcolor=#009900] [border: (12px solid #FFFFF5) none] [r=1 c=5 rs=1 cs=1]
              RenderText {#text} at (0,14) size 9x17
                text run at (0,14) width 9: "2"
            RenderTableCell {TD} at (267,25) size 12x33 [color=#FFFFFF] [bgcolor=#009900] [border: (12px solid #FFFFF5) none] [r=1 c=6 rs=1 cs=1]
              RenderText {#text} at (0,14) size 12x17
                text run at (0,14) width 12: "U"
            RenderTableCell {TD} at (281,35) size 43x12 [border: (12px solid #FFFFF5) none] [r=1 c=7 rs=1 cs=1]
          RenderTableRow {TR} at (0,60) size 326x21
            RenderTableCell {TH} at (2,60) size 169x21 [color=#CC0000] [r=2 c=0 rs=1 cs=1]
              RenderText {#text} at (96,2) size 73x17
                text run at (96,2) width 73: "Tests N (0)"
            RenderTableCell {TD} at (173,60) size 18x21 [color=#FFFFFF] [bgcolor=#000099] [r=2 c=1 rs=1 cs=1]
              RenderText {#text} at (0,2) size 9x17
                text run at (0,2) width 9: "4"
            RenderTableCell {TD} at (193,60) size 12x21 [color=#FFFFFF] [bgcolor=#000099] [r=2 c=2 rs=1 cs=1]
              RenderText {#text} at (0,2) size 4x17
                text run at (0,2) width 4: " "
            RenderTableCell {TD} at (207,60) size 18x21 [color=#FFFFFF] [bgcolor=#000099] [r=2 c=3 rs=1 cs=1]
              RenderText {#text} at (0,2) size 18x17
                text run at (0,2) width 18: "21"
            RenderTableCell {TD} at (227,60) size 18x21 [color=#FFFFFF] [bgcolor=#000099] [r=2 c=4 rs=1 cs=1]
              RenderText {#text} at (0,2) size 18x17
                text run at (0,2) width 18: "14"
            RenderTableCell {TD} at (247,60) size 18x21 [color=#FFFFFF] [bgcolor=#000099] [r=2 c=5 rs=1 cs=1]
              RenderText {#text} at (0,2) size 18x17
                text run at (0,2) width 18: "18"
            RenderTableCell {TD} at (267,60) size 12x21 [color=#FFFFFF] [bgcolor=#000099] [r=2 c=6 rs=1 cs=1]
              RenderText {#text} at (0,2) size 12x17
                text run at (0,2) width 12: "U"
            RenderTableCell {TD} at (281,70) size 43x0 [r=2 c=7 rs=1 cs=1]
      RenderBlock {HR} at (0,95) size 648x1
      RenderBlock {P} at (0,108) size 648x38
        RenderInline {A} at (0,0) size 88x17 [color=#3333FF] [bgcolor=#FFFFF5]
          RenderImage {IMG} at (0,0) size 88x31
      RenderBlock {P} at (0,158) size 648x25
        RenderText {#text} at (0,4) size 62x17
          text run at (0,4) width 62: "(Back to "
        RenderInline {A} at (0,0) size 186x17 [color=#3333FF] [bgcolor=#FFFFF5]
          RenderText {#text} at (62,4) size 186x17
            text run at (62,4) width 186: "CSS Testing Information"
        RenderText {#text} at (248,4) size 8x17
          text run at (248,4) width 8: ", "
        RenderInline {A} at (0,0) size 95x17 [color=#3333FF] [bgcolor=#FFFFF5]
          RenderText {#text} at (256,4) size 95x17
            text run at (256,4) width 95: "David Baron"
        RenderText {#text} at (351,4) size 5x17
          text run at (351,4) width 5: ")"
      RenderBlock {P} at (0,195) size 648x25
        RenderInline {A} at (0,0) size 34x17 [color=#3333FF] [bgcolor=#FFFFF5]
          RenderText {#text} at (0,4) size 34x17
            text run at (0,4) width 34: "LDB"
        RenderText {#text} at (34,4) size 8x17
          text run at (34,4) width 8: ", "
        RenderInline {A} at (0,0) size 190x17 [color=#3333FF] [bgcolor=#FFFFF5]
          RenderText {#text} at (42,4) size 190x17
            text run at (42,4) width 190: "dbaron@fas.harvard.edu"
