layer at (0,0) size 800x600
  RenderView at (0,0) size 800x600
layer at (0,0) size 800x96
  RenderBlock {HTML} at (0,0) size 800x96
    RenderBody {BODY} at (8,8) size 784x80
      RenderText {#text} at (0,0) size 98x19
        text run at (0,0) width 98: "spacingspacing"
      RenderBlock {DIV} at (97,0) size 341x40
        RenderText {#text} at (0,0) size 162x19
          text run at (0,0) width 162: "inset webkit-box-shadow"
      RenderBR {BR} at (437,0) size 1x19
      RenderText {#text} at (0,40) size 98x19
        text run at (0,40) width 98: "spacingspacing"
      RenderBlock {DIV} at (97,40) size 341x40
        RenderText {#text} at (0,0) size 177x19
          text run at (0,0) width 177: "normal webkit-box-shadow"
      RenderText {#text} at (0,0) size 0x0
