layer at (0,0) size 800x600
  RenderView at (0,0) size 800x600
layer at (0,0) size 800x514
  RenderBlock {HTML} at (0,0) size 800x514
    RenderBody {BODY} at (8,8) size 784x498
      RenderTable {TABLE} at (0,0) size 669x498
        RenderTableSection {TBODY} at (0,0) size 669x498
          RenderTableRow {TR} at (0,2) size 669x22
            RenderTableCell {TH} at (2,2) size 93x22 [bgcolor=#DDDD99] [r=0 c=0 rs=1 cs=1]
              RenderText {#text} at (9,1) size 75x20
                text run at (9,1) width 75: "viewBox?"
            RenderTableCell {TH} at (96,2) size 163x22 [bgcolor=#DDDD99] [r=0 c=1 rs=1 cs=1]
              RenderText {#text} at (1,1) size 161x20
                text run at (1,1) width 161: "preserve\x{AD}Aspect\x{AD}Ratio"
            RenderTableCell {TH} at (260,2) size 203x22 [bgcolor=#DDDD99] [r=0 c=2 rs=1 cs=1]
              RenderText {#text} at (77,1) size 48x20
                text run at (77,1) width 48: "<img>"
            RenderTableCell {TH} at (464,2) size 203x22 [bgcolor=#DDDD99] [r=0 c=3 rs=1 cs=1]
              RenderText {#text} at (68,1) size 66x20
                text run at (68,1) width 66: "<object>"
          RenderTableRow {TR} at (0,26) size 669x57
            RenderTableCell {TH} at (2,132) size 93x22 [bgcolor=#DDDD99] [r=1 c=0 rs=4 cs=1]
              RenderText {#text} at (1,1) size 91x20
                text run at (1,1) width 91: "No viewBox"
            RenderTableCell {TH} at (96,53) size 163x3 [bgcolor=#DDDD99] [r=1 c=1 rs=1 cs=1]
            RenderTableCell {TD} at (260,26) size 203x57 [r=1 c=2 rs=1 cs=1]
              RenderImage {IMG} at (1,1) size 200x50 [border: (2px dashed #800000)]
              RenderText {#text} at (0,0) size 0x0
            RenderTableCell {TD} at (464,26) size 203x57 [r=1 c=3 rs=1 cs=1]
              RenderEmbeddedObject {OBJECT} at (1,1) size 200x50 [border: (1px dashed #008000)]
                layer at (0,0) size 192x42
                  RenderView at (0,0) size 192x42
                layer at (0,0) size 192x42
                  RenderSVGRoot {svg} at (0,0) size 192x42
                    RenderSVGEllipse {circle} at (0,0) size 192x42 [stroke={[type=SOLID] [color=#000000]}] [fill={[type=SOLID] [color=#D9BB7A] [fill rule=EVEN-ODD]}] [cx=110.00] [cy=110.00] [r=110.00]
              RenderText {#text} at (0,0) size 0x0
          RenderTableRow {TR} at (0,85) size 669x57
            RenderTableCell {TH} at (96,102) size 163x23 [bgcolor=#DDDD99] [r=2 c=1 rs=1 cs=1]
              RenderText {#text} at (61,1) size 40x21
                text run at (61,2) width 40: "none"
            RenderTableCell {TD} at (260,85) size 203x57 [r=2 c=2 rs=1 cs=1]
              RenderImage {IMG} at (1,1) size 200x50 [border: (2px dashed #800000)]
              RenderText {#text} at (0,0) size 0x0
            RenderTableCell {TD} at (464,85) size 203x57 [r=2 c=3 rs=1 cs=1]
              RenderEmbeddedObject {OBJECT} at (1,1) size 200x50 [border: (1px dashed #008000)]
                layer at (0,0) size 192x42
                  RenderView at (0,0) size 192x42
                layer at (0,0) size 192x42
                  RenderSVGRoot {svg} at (0,0) size 192x42
                    RenderSVGHiddenContainer {defs} at (0,0) size 0x0
                    RenderSVGContainer {g} at (0,0) size 192x42 [transform={m=((1.00,0.00)(0.00,1.00)) t=(-162.36,-403.29)}]
                      RenderSVGPath {path} at (0,0) size 192x42 [stroke={[type=SOLID] [color=#000000]}] [fill={[type=SOLID] [color=#D9BB7A] [fill rule=EVEN-ODD]}] [data="M 525.714 585.219 C 525.714 685.419 444.486 766.648 344.286 766.648 C 244.085 766.648 162.857 685.42 162.857 585.219 C 162.857 485.019 244.085 403.791 344.286 403.791 C 444.486 403.791 525.714 485.019 525.714 585.219 Z"]
              RenderText {#text} at (0,0) size 0x0
          RenderTableRow {TR} at (0,144) size 669x57
            RenderTableCell {TH} at (96,161) size 163x23 [bgcolor=#DDDD99] [r=3 c=1 rs=1 cs=1]
              RenderText {#text} at (62,1) size 38x21
                text run at (62,2) width 38: "meet"
            RenderTableCell {TD} at (260,144) size 203x57 [r=3 c=2 rs=1 cs=1]
              RenderImage {IMG} at (1,1) size 200x50 [border: (2px dashed #800000)]
              RenderText {#text} at (0,0) size 0x0
            RenderTableCell {TD} at (464,144) size 203x57 [r=3 c=3 rs=1 cs=1]
              RenderEmbeddedObject {OBJECT} at (1,1) size 200x50 [border: (1px dashed #008000)]
                layer at (0,0) size 192x42
                  RenderView at (0,0) size 192x42
                layer at (0,0) size 192x42
                  RenderSVGRoot {svg} at (0,0) size 192x42
                    RenderSVGHiddenContainer {defs} at (0,0) size 0x0
                    RenderSVGContainer {g} at (0,0) size 192x42 [transform={m=((1.00,0.00)(0.00,1.00)) t=(-162.36,-403.29)}]
                      RenderSVGPath {path} at (0,0) size 192x42 [stroke={[type=SOLID] [color=#000000]}] [fill={[type=SOLID] [color=#D9BB7A] [fill rule=EVEN-ODD]}] [data="M 525.714 585.219 C 525.714 685.419 444.486 766.648 344.286 766.648 C 244.085 766.648 162.857 685.42 162.857 585.219 C 162.857 485.019 244.085 403.791 344.286 403.791 C 444.486 403.791 525.714 485.019 525.714 585.219 Z"]
              RenderText {#text} at (0,0) size 0x0
          RenderTableRow {TR} at (0,203) size 669x57
            RenderTableCell {TH} at (96,220) size 163x23 [bgcolor=#DDDD99] [r=4 c=1 rs=1 cs=1]
              RenderText {#text} at (63,1) size 36x21
                text run at (63,2) width 36: "slice"
            RenderTableCell {TD} at (260,203) size 203x57 [r=4 c=2 rs=1 cs=1]
              RenderImage {IMG} at (1,1) size 200x50 [border: (2px dashed #800000)]
              RenderText {#text} at (0,0) size 0x0
            RenderTableCell {TD} at (464,203) size 203x57 [r=4 c=3 rs=1 cs=1]
              RenderEmbeddedObject {OBJECT} at (1,1) size 200x50 [border: (1px dashed #008000)]
                layer at (0,0) size 192x42
                  RenderView at (0,0) size 192x42
                layer at (0,0) size 192x42
                  RenderSVGRoot {svg} at (0,0) size 192x42
                    RenderSVGHiddenContainer {defs} at (0,0) size 0x0
                    RenderSVGContainer {g} at (0,0) size 192x42 [transform={m=((1.00,0.00)(0.00,1.00)) t=(-162.36,-403.29)}]
                      RenderSVGPath {path} at (0,0) size 192x42 [stroke={[type=SOLID] [color=#000000]}] [fill={[type=SOLID] [color=#D9BB7A] [fill rule=EVEN-ODD]}] [data="M 525.714 585.219 C 525.714 685.419 444.486 766.648 344.286 766.648 C 244.085 766.648 162.857 685.42 162.857 585.219 C 162.857 485.019 244.085 403.791 344.286 403.791 C 444.486 403.791 525.714 485.019 525.714 585.219 Z"]
              RenderText {#text} at (0,0) size 0x0
          RenderTableRow {TR} at (0,262) size 669x57
            RenderTableCell {TH} at (2,368) size 93x22 [bgcolor=#DDDD99] [r=5 c=0 rs=4 cs=1]
              RenderText {#text} at (13,1) size 66x20
                text run at (13,1) width 66: "viewBox"
            RenderTableCell {TH} at (96,289) size 163x3 [bgcolor=#DDDD99] [r=5 c=1 rs=1 cs=1]
            RenderTableCell {TD} at (260,262) size 203x57 [r=5 c=2 rs=1 cs=1]
              RenderImage {IMG} at (1,1) size 200x50 [border: (2px dashed #800000)]
              RenderText {#text} at (0,0) size 0x0
            RenderTableCell {TD} at (464,262) size 203x57 [r=5 c=3 rs=1 cs=1]
              RenderEmbeddedObject {OBJECT} at (1,1) size 200x50 [border: (1px dashed #008000)]
                layer at (0,0) size 192x42
                  RenderView at (0,0) size 192x42
                layer at (0,0) size 192x42
                  RenderSVGRoot {svg} at (75,0) size 31x31
                    RenderSVGHiddenContainer {defs} at (0,0) size 0x0
                    RenderSVGContainer {g} at (75,0) size 31x31 [transform={m=((1.00,0.00)(0.00,1.00)) t=(-162.36,-403.29)}]
                      RenderSVGPath {path} at (75,0) size 31x31 [stroke={[type=SOLID] [color=#000000]}] [fill={[type=SOLID] [color=#D9BB7A] [fill rule=EVEN-ODD]}] [data="M 525.714 585.219 C 525.714 685.419 444.486 766.648 344.286 766.648 C 244.085 766.648 162.857 685.42 162.857 585.219 C 162.857 485.019 244.085 403.791 344.286 403.791 C 444.486 403.791 525.714 485.019 525.714 585.219 Z"]
              RenderText {#text} at (0,0) size 0x0
          RenderTableRow {TR} at (0,321) size 669x57
            RenderTableCell {TH} at (96,338) size 163x23 [bgcolor=#DDDD99] [r=6 c=1 rs=1 cs=1]
              RenderText {#text} at (61,1) size 40x21
                text run at (61,2) width 40: "none"
            RenderTableCell {TD} at (260,321) size 203x57 [r=6 c=2 rs=1 cs=1]
              RenderImage {IMG} at (1,1) size 200x50 [border: (2px dashed #800000)]
              RenderText {#text} at (0,0) size 0x0
            RenderTableCell {TD} at (464,321) size 203x57 [r=6 c=3 rs=1 cs=1]
              RenderEmbeddedObject {OBJECT} at (1,1) size 200x50 [border: (1px dashed #008000)]
                layer at (0,0) size 192x42
                  RenderView at (0,0) size 192x42
                layer at (0,0) size 192x42
                  RenderSVGRoot {svg} at (0,0) size 140x31
                    RenderSVGHiddenContainer {defs} at (0,0) size 0x0
                    RenderSVGContainer {g} at (0,0) size 140x31 [transform={m=((1.00,0.00)(0.00,1.00)) t=(-162.36,-403.29)}]
                      RenderSVGPath {path} at (0,0) size 140x31 [stroke={[type=SOLID] [color=#000000]}] [fill={[type=SOLID] [color=#D9BB7A] [fill rule=EVEN-ODD]}] [data="M 525.714 585.219 C 525.714 685.419 444.486 766.648 344.286 766.648 C 244.085 766.648 162.857 685.42 162.857 585.219 C 162.857 485.019 244.085 403.791 344.286 403.791 C 444.486 403.791 525.714 485.019 525.714 585.219 Z"]
              RenderText {#text} at (0,0) size 0x0
          RenderTableRow {TR} at (0,380) size 669x57
            RenderTableCell {TH} at (96,397) size 163x23 [bgcolor=#DDDD99] [r=7 c=1 rs=1 cs=1]
              RenderText {#text} at (62,1) size 38x21
                text run at (62,2) width 38: "meet"
            RenderTableCell {TD} at (260,380) size 203x57 [r=7 c=2 rs=1 cs=1]
              RenderImage {IMG} at (1,1) size 200x50 [border: (2px dashed #800000)]
              RenderText {#text} at (0,0) size 0x0
            RenderTableCell {TD} at (464,380) size 203x57 [r=7 c=3 rs=1 cs=1]
              RenderEmbeddedObject {OBJECT} at (1,1) size 200x50 [border: (1px dashed #008000)]
                layer at (0,0) size 192x42
                  RenderView at (0,0) size 192x42
                layer at (0,0) size 192x42
                  RenderSVGRoot {svg} at (75,0) size 31x31
                    RenderSVGHiddenContainer {defs} at (0,0) size 0x0
                    RenderSVGContainer {g} at (75,0) size 31x31 [transform={m=((1.00,0.00)(0.00,1.00)) t=(-162.36,-403.29)}]
                      RenderSVGPath {path} at (75,0) size 31x31 [stroke={[type=SOLID] [color=#000000]}] [fill={[type=SOLID] [color=#D9BB7A] [fill rule=EVEN-ODD]}] [data="M 525.714 585.219 C 525.714 685.419 444.486 766.648 344.286 766.648 C 244.085 766.648 162.857 685.42 162.857 585.219 C 162.857 485.019 244.085 403.791 344.286 403.791 C 444.486 403.791 525.714 485.019 525.714 585.219 Z"]
              RenderText {#text} at (0,0) size 0x0
          RenderTableRow {TR} at (0,439) size 669x57
            RenderTableCell {TH} at (96,456) size 163x23 [bgcolor=#DDDD99] [r=8 c=1 rs=1 cs=1]
              RenderText {#text} at (63,1) size 36x21
                text run at (63,2) width 36: "slice"
            RenderTableCell {TD} at (260,439) size 203x57 [r=8 c=2 rs=1 cs=1]
              RenderImage {IMG} at (1,1) size 200x50 [border: (2px dashed #800000)]
              RenderText {#text} at (0,0) size 0x0
            RenderTableCell {TD} at (464,439) size 203x57 [r=8 c=3 rs=1 cs=1]
              RenderEmbeddedObject {OBJECT} at (1,1) size 200x50 [border: (1px dashed #008000)]
                layer at (0,0) size 192x42
                  RenderView at (0,0) size 192x42
                layer at (0,0) size 192x42
                  RenderSVGRoot {svg} at (0,0) size 140x42
                    RenderSVGHiddenContainer {defs} at (0,0) size 0x0
                    RenderSVGContainer {g} at (0,0) size 140x42 [transform={m=((1.00,0.00)(0.00,1.00)) t=(-162.36,-403.29)}]
                      RenderSVGPath {path} at (0,0) size 140x42 [stroke={[type=SOLID] [color=#000000]}] [fill={[type=SOLID] [color=#D9BB7A] [fill rule=EVEN-ODD]}] [data="M 525.714 585.219 C 525.714 685.419 444.486 766.648 344.286 766.648 C 244.085 766.648 162.857 685.42 162.857 585.219 C 162.857 485.019 244.085 403.791 344.286 403.791 C 444.486 403.791 525.714 485.019 525.714 585.219 Z"]
              RenderText {#text} at (0,0) size 0x0
