layer at (0,0) size 800x600
  RenderView at (0,0) size 800x600
layer at (0,0) size 800x378
  RenderBlock {HTML} at (0,0) size 800x378
    RenderBody {BODY} at (8,16) size 784x354
      RenderBlock {P} at (0,0) size 784x36
        RenderText {#text} at (0,0) size 506x18
          text run at (0,0) width 506: "You should see a green box inside a gray box. If you see red, the test has failed. "
        RenderInline {A} at (0,0) size 750x36 [color=#0000EE]
          RenderText {#text} at (506,0) size 750x36
            text run at (506,0) width 244: "https://bugs.webkit.org/show_bug.cgi?"
            text run at (0,18) width 61: "id=18885"
        RenderText {#text} at (0,0) size 0x0
layer at (8,68) size 302x302
  RenderBlock (relative positioned) {DIV} at (0,52) size 302x302 [border: (1px solid #000000)]
layer at (59,119) size 200x200
  RenderBlock {DIV} at (51,51) size 200x200 [bgcolor=#808080]
layer at (109,169) size 100x100
  RenderBlock (positioned) {DIV} at (50,50) size 100x100 [bgcolor=#FF0000]
layer at (109,169) size 100x100
  RenderBlock (positioned) {DIV} at (101,101) size 100x100 [bgcolor=#008000]
