layer at (0,0) size 800x600
  RenderView at (0,0) size 800x600
layer at (0,0) size 800x148
  RenderBlock {HTML} at (0,0) size 800x148
    RenderBody {BODY} at (8,16) size 784x124
      RenderBlock {P} at (0,0) size 784x18
        RenderText {#text} at (0,0) size 347x17
          text run at (0,0) width 347: "All of the table rows and cells below should be rotated."
      RenderTable {TABLE} at (0,34) size 197x90
        RenderTableSection {TBODY} at (0,0) size 197x90
          RenderTableRow {TR} at (0,46) size 197x20
          RenderTableRow {TR} at (0,68) size 197x20
layer at (8,52) size 197x20
  RenderTableRow {TR} at (0,2) size 197x20
    RenderTableCell {TD} at (2,2) size 193x20 [r=0 c=0 rs=1 cs=1]
      RenderText {#text} at (1,1) size 109x17
        text run at (1,1) width 109: "Transformed row"
layer at (8,74) size 197x20
  RenderTableRow {TR} at (0,24) size 197x20
    RenderTableCell {TD} at (2,24) size 193x20 [r=1 c=0 rs=1 cs=1]
      RenderText {#text} at (1,1) size 191x17
        text run at (1,1) width 191: "Transformed row with opacity"
layer at (10,96) size 193x20
  RenderTableCell {TD} at (2,46) size 193x20 [r=2 c=0 rs=1 cs=1]
    RenderText {#text} at (1,1) size 106x17
      text run at (1,1) width 106: "Transformed cell"
layer at (10,118) size 193x20
  RenderTableCell {TD} at (2,68) size 193x20 [r=3 c=0 rs=1 cs=1]
    RenderText {#text} at (1,1) size 188x17
      text run at (1,1) width 188: "Transformed cell with opacity"
