layer at (0,0) size 800x600
  RenderView at (0,0) size 800x600
layer at (0,0) size 800x600
  RenderBlock {HTML} at (0,0) size 800x600
    RenderBody {BODY} at (8,8) size 784x584
      RenderBlock {DIV} at (0,0) size 304x304 [border: (2px solid #800000)]
        RenderInline {SPAN} at (0,0) size 17x220 [border: (5px solid #000000) none (5px solid #000000) none]
          RenderImage {IMG} at (2,12) size 100x200 [bgcolor=#008000]
        RenderText {#text} at (44,222) size 17x4
          text run at (44,222) width 4: " "
        RenderBR {BR} at (44,226) size 17x0
        RenderInline {SPAN} at (0,0) size 17x220 [border: (5px solid #000000) none (5px solid #000000) none]
          RenderImage {IMG} at (102,12) size 100x200 [bgcolor=#008000]
        RenderText {#text} at (144,222) size 17x4
          text run at (144,222) width 4: " "
        RenderBR {BR} at (144,226) size 17x0
        RenderInline {SPAN} at (0,0) size 17x220 [border: (5px solid #000000) none (5px solid #000000) none]
          RenderImage {IMG} at (202,12) size 100x200 [bgcolor=#008000]
        RenderText {#text} at (0,0) size 0x0
