layer at (0,0) size 800x600
  RenderView at (0,0) size 800x600
layer at (0,0) size 772x600
  RenderBlock {HTML} at (0,0) size 772x600
    RenderBody {BODY} at (8,8) size 756x584
      RenderInline {SPAN} at (0,0) size 221x571 [border: (2px solid #000000)]
        RenderText {#text} at (19,4) size 213x571
          text run at (19,4) width 567: "\x{305B}\x{3063}\x{304B}\x{304F}\x{898B}\x{3064}\x{3051}\x{305F}\x{3059}\x{3070}\x{3089}\x{3057}\x{3044}\x{8A18}\x{4E8B}\x{304C}\x{3069}\x{3053}\x{306B}\x{3042}\x{3063}\x{305F}\x{304B}\x{5FD8}\x{308C}\x{3066}\x{3057}"
          text run at (82,0) width 546: "\x{307E}\x{3063}\x{305F}\x{7D4C}\x{9A13}\x{306F}\x{3042}\x{308A}\x{307E}\x{3059}\x{304B}\x{306A}\x{3089}\x{30BF}\x{30A4}\x{30C8}\x{30EB}\x{3068}\x{30A2}\x{30C9}\x{30EC}\x{30B9}\x{3060}\x{3051}\x{3067}\x{306A}"
          text run at (145,0) width 567: "\x{304F}\x{3001}\x{8A2A}\x{554F}\x{3057}\x{305F}\x{30A6}\x{30A7}\x{30D6}\x{30DA}\x{30FC}\x{30B8}\x{306E}\x{30B3}\x{30F3}\x{30C6}\x{30F3}\x{30C4}\x{304B}\x{3089}\x{3082}\x{691C}\x{7D22}\x{3059}\x{308B}\x{3053}\x{3068}"
          text run at (208,0) width 126: "\x{304C}\x{3067}\x{304D}\x{307E}\x{3059}\x{3002}"
      RenderText {#text} at (208,130) size 24x5
        text run at (208,130) width 5: " "
      RenderBR {BR} at (0,0) size 0x0
      RenderBR {BR} at (271,0) size 24x0
      RenderInline {SPAN} at (0,0) size 416x574 [border: (5px solid #000000)]
        RenderText {#text} at (334,7) size 402x574
          text run at (334,7) width 567: "\x{305B}\x{3063}\x{304B}\x{304F}\x{898B}\x{3064}\x{3051}\x{305F}\x{3059}\x{3070}\x{3089}\x{3057}\x{3044}\x{8A18}\x{4E8B}\x{304C}\x{3069}\x{3053}\x{306B}\x{3042}\x{3063}\x{305F}\x{304B}\x{5FD8}\x{308C}\x{3066}\x{3057}"
          text run at (397,0) width 551: "\x{307E}\x{3063}\x{305F}\x{7D4C}\x{9A13}\x{306F}\x{3042}\x{308A}\x{307E}\x{3059}\x{304B} \x{306A}\x{3089}\x{30BF}\x{30A4}\x{30C8}\x{30EB}\x{3068}\x{30A2}\x{30C9}\x{30EC}\x{30B9}\x{3060}\x{3051}\x{3067}\x{306A}"
          text run at (460,0) width 567: "\x{304F}\x{3001}\x{8A2A}\x{554F}\x{3057}\x{305F}\x{30A6}\x{30A7}\x{30D6}\x{30DA}\x{30FC}\x{30B8}\x{306E}\x{30B3}\x{30F3}\x{30C6}\x{30F3}\x{30C4}\x{304B}\x{3089}\x{3082}\x{691C}\x{7D22}\x{3059}\x{308B}\x{3053}\x{3068}"
          text run at (523,0) width 567: "\x{304C}\x{3067}\x{304D}\x{307E}\x{3059}\x{3002}\x{8A2A}\x{554F}\x{3057}\x{305F}\x{30A6}\x{30A7}\x{30D6}\x{30DA}\x{30FC}\x{30B8}\x{306E}\x{30B3}\x{30F3}\x{30C6}\x{30F3}\x{30C4}\x{304B}\x{3089}\x{3082}\x{691C}\x{7D22}"
          text run at (586,0) width 567: "\x{3059}\x{308B}\x{3053}\x{3068}\x{304C}\x{3067}\x{304D}\x{307E}\x{3059}\x{3002}\x{305B}\x{3063}\x{304B}\x{304F}\x{898B}\x{3064}\x{3051}\x{305F}\x{3059}\x{3070}\x{3089}\x{3057}\x{3044}\x{8A18}\x{4E8B}\x{304C}\x{3069}"
          text run at (649,0) width 572: "\x{3053}\x{306B}\x{3042}\x{3063}\x{305F}\x{304B}\x{5FD8}\x{308C}\x{3066}\x{3057}\x{307E}\x{3063}\x{305F}\x{7D4C}\x{9A13}\x{306F}\x{3042}\x{308A}\x{307E}\x{3059}\x{304B} \x{306A}\x{3089}\x{30BF}\x{30A4}\x{30C8}\x{30EB}"
          text run at (712,0) width 273: "\x{3068}\x{30A2}\x{30C9}\x{30EC}\x{30B9}\x{3060}\x{3051}\x{3067}\x{306A}\x{304F}\x{3001}\x{8A2A}\x{554F}"
      RenderText {#text} at (0,0) size 0x0
