layer at (0,0) size 785x608
  RenderView at (0,0) size 785x600
layer at (0,0) size 785x600
  RenderBlock {HTML} at (0,0) size 785x600
    RenderBody {BODY} at (8,8) size 769x584
      RenderBlock {DIV} at (0,0) size 144x600
        RenderInline {SPAN} at (0,0) size 135x548 [bgcolor=#FFFFE0] [border: (5px solid #008000)]
          RenderText {#text} at (9,46) size 125x528
            text run at (9,46) width 527: "This sentence is too long to"
            text run at (81,110) width 359: "fit on a single line."
        RenderText {#text} at (0,0) size 0x0
      RenderBlock {DIV} at (194,0) size 144x600
        RenderInline {SPAN} at (0,0) size 135x548 [bgcolor=#FFFFE0] [border: (5px solid #008000)]
          RenderText {#text} at (9,46) size 125x528
            text run at (9,46) width 527: "This sentence is too long to"
            text run at (81,110) width 359: "fit on a single line."
        RenderText {#text} at (0,0) size 0x0
