layer at (0,0) size 800x600
  RenderView at (0,0) size 800x600
layer at (0,0) size 104x600
  RenderBlock {HTML} at (0,0) size 104x600 [border: (10px solid #800000)]
    RenderBody {BODY} at (18,18) size 68x564
      RenderText {#text} at (1,0) size 45x220
        text run at (1,0) width 220: "\x{653B}\x{6BBB} \x{6A5F}\x{52D5}\x{968A} "
      RenderInline {RUBY} at (22,220) size 45x200
        RenderInline (generated) at (22,220) size 45x80
          RenderText {#text} at (1,220) size 45x80
            text run at (1,220) width 80: "\x{653B}\x{6BBB}"
        RenderBlock {RT} at (46,220) size 22x80
          RenderText {#text} at (0,0) size 22x80
            text run at (0,0) width 80: "\x{3053}\x{3046}\x{304B}\x{304F}"
        RenderInline (generated) at (22,300) size 45x120
          RenderText {#text} at (1,300) size 45x120
            text run at (1,300) width 120: "\x{6A5F}\x{52D5}\x{968A}"
        RenderBlock {RT} at (46,300) size 22x120
          RenderText {#text} at (0,10) size 22x100
            text run at (0,10) width 100: "\x{304D}\x{3069}\x{3046}\x{305F}\x{3044}"
      RenderText {#text} at (0,0) size 0x0
