layer at (0,0) size 800x600
  RenderView at (0,0) size 800x600
layer at (0,497) size 800x103
  RenderBlock {HTML} at (0,0) size 800x103 [border: (10px solid #800000)]
    RenderBody {BODY} at (18,18) size 764x67
      RenderText {#text} at (0,0) size 220x45
        text run at (0,0) width 220: "\x{653B}\x{6BBB} \x{6A5F}\x{52D5}\x{968A} "
      RenderInline {RUBY} at (220,22) size 200x44
        RenderInline (generated) at (220,22) size 80x44
          RenderText {#text} at (220,0) size 80x45
            text run at (220,0) width 80: "\x{653B}\x{6BBB}"
        RenderBlock {RT} at (220,45) size 80x22
          RenderText {#text} at (0,-1) size 80x22
            text run at (0,-1) width 80: "\x{3053}\x{3046}\x{304B}\x{304F}"
        RenderInline (generated) at (300,22) size 120x44
          RenderText {#text} at (300,0) size 120x45
            text run at (300,0) width 120: "\x{6A5F}\x{52D5}\x{968A}"
        RenderBlock {RT} at (300,45) size 120x22
          RenderText {#text} at (10,-1) size 100x22
            text run at (10,-1) width 100: "\x{304D}\x{3069}\x{3046}\x{305F}\x{3044}"
      RenderText {#text} at (0,0) size 0x0
