layer at (0,0) size 4726x585
  RenderView at (0,0) size 800x585
layer at (-3926,0) size 4726x585 backgroundClip at (0,0) size 4726x585 clip at (0,0) size 4726x585
  RenderBlock {html} at (0,0) size 4726x585
    RenderBlock {parsererror} at (16,16) size 547x137 [bgcolor=#FFDDDD] [border: (2px solid #CC7777)]
      RenderBlock {h3} at (18,20) size 511x23
        RenderText {#text} at (0,1) size 309x21
          text run at (0,1) width 309: "This page contains the following errors:"
      RenderBlock {div} at (18,61) size 511x15
        RenderText {#text} at (0,1) size 511x14
          text run at (0,1) width 511: "error on line 62 at column 1671: Extra content at the end of the document"
          text run at (510,1) width 1: " "
      RenderBlock {h3} at (18,94) size 511x23
        RenderText {#text} at (0,1) size 410x21
          text run at (0,1) width 410: "Below is a rendering of the page up to the first error."
    RenderBody {body} at (621,46) size 4047x493
      RenderBlock {h1} at (0,0) size 48x492
        RenderText {#text} at (7,0) size 36x66
          text run at (7,0) width 66: "\x{8349}\x{6795}"
      RenderBlock {h2} at (69,0) size 37x492
        RenderText {#text} at (5,0) size 26x100
          text run at (5,0) width 100: "\x{590F}\x{76EE}\x{6F31}\x{77F3}"
      RenderBlock {div} at (125,0) size 3921x492
        RenderBlock (anonymous) at (0,0) size 2208x492
          RenderBR {br} at (1,0) size 17x0
          RenderBR {br} at (19,0) size 17x0
          RenderBR {br} at (37,0) size 17x0
          RenderText {#text} at (55,0) size 17x144
            text run at (55,0) width 144: "\x{3000}\x{3000}\x{3000}\x{3000}\x{3000}\x{3000}\x{3000}\x{3000}\x{4E00}"
          RenderBR {br} at (55,144) size 17x0
          RenderBR {br} at (73,0) size 17x0
          RenderText {#text} at (99,0) size 18x16
            text run at (99,0) width 17: "\x{3000}"
          RenderInline {ruby} at (99,16) size 18x36
            RenderInline (generated) at (99,14) size 18x36
              RenderInline {rb} at (99,16) size 18x32
                RenderText {#text} at (99,16) size 18x32
                  text run at (99,16) width 33: "\x{5C71}\x{8DEF}"
            RenderBlock {rt} at (89,14) size 11x36
              RenderText {#text} at (1,0) size 10x36
                text run at (1,0) width 36: "\x{3084}\x{307E}\x{307F}\x{3061}"
          RenderText {#text} at (99,48) size 18x208
            text run at (99,48) width 209: "\x{3092}\x{767B}\x{308A}\x{306A}\x{304C}\x{3089}\x{3001}\x{3053}\x{3046}\x{8003}\x{3048}\x{305F}\x{3002}"
          RenderBR {br} at (99,256) size 18x0
          RenderText {#text} at (126,0) size 17x16
            text run at (126,0) width 16: "\x{3000}"
          RenderInline {ruby} at (126,16) size 17x16
            RenderInline (generated) at (126,16) size 17x16
              RenderInline {rb} at (126,16) size 17x16
                RenderText {#text} at (126,16) size 17x16
                  text run at (126,16) width 16: "\x{667A}"
            RenderBlock {rt} at (116,16) size 10x16
              RenderText {#text} at (1,3) size 10x10
                text run at (1,3) width 9: "\x{3061}"
          RenderText {#text} at (126,32) size 17x64
            text run at (126,32) width 64: "\x{306B}\x{50CD}\x{3051}\x{3070}"
          RenderInline {ruby} at (126,96) size 17x18
            RenderInline (generated) at (126,95) size 17x18
              RenderInline {rb} at (126,96) size 17x16
                RenderText {#text} at (126,96) size 17x16
                  text run at (126,96) width 16: "\x{89D2}"
            RenderBlock {rt} at (116,95) size 10x18
              RenderText {#text} at (1,0) size 10x18
                text run at (1,0) width 18: "\x{304B}\x{3069}"
          RenderText {#text} at (126,112) size 17x64
            text run at (126,112) width 64: "\x{304C}\x{7ACB}\x{3064}\x{3002}"
          RenderInline {ruby} at (126,176) size 17x27
            RenderInline (generated) at (126,171) size 17x28
              RenderInline {rb} at (126,177) size 17x16
                RenderText {#text} at (126,177) size 17x16
                  text run at (126,177) width 16: "\x{60C5}"
            RenderBlock {rt} at (116,171) size 10x28
              RenderText {#text} at (1,0) size 10x27
                text run at (1,0) width 27: "\x{3058}\x{3087}\x{3046}"
          RenderText {#text} at (126,194) size 17x16
            text run at (126,194) width 16: "\x{306B}"
          RenderInline {ruby} at (126,210) size 17x18
            RenderInline (generated) at (126,209) size 17x18
              RenderInline {rb} at (126,210) size 17x16
                RenderText {#text} at (126,210) size 17x16
                  text run at (126,210) width 16: "\x{68F9}"
            RenderBlock {rt} at (116,209) size 10x18
              RenderText {#text} at (1,0) size 10x18
                text run at (1,0) width 18: "\x{3055}\x{304A}"
          RenderText {#text} at (126,226) size 17x176
            text run at (126,226) width 176: "\x{3055}\x{305B}\x{3070}\x{6D41}\x{3055}\x{308C}\x{308B}\x{3002}\x{610F}\x{5730}\x{3092}"
          RenderInline {ruby} at (126,402) size 17x18
            RenderInline (generated) at (126,401) size 17x18
              RenderInline {rb} at (126,402) size 17x16
                RenderText {#text} at (126,402) size 17x16
                  text run at (126,402) width 16: "\x{901A}"
            RenderBlock {rt} at (116,401) size 10x18
              RenderText {#text} at (1,0) size 10x18
                text run at (1,0) width 18: "\x{3068}\x{304A}"
          RenderText {#text} at (126,418) size 17x32
            text run at (126,418) width 32: "\x{305B}\x{3070}"
          RenderInline {ruby} at (152,0) size 18x45
            RenderInline (generated) at (152,0) size 18x45
              RenderInline {rb} at (152,6) size 18x33
                RenderText {#text} at (152,6) size 18x33
                  text run at (152,6) width 33: "\x{7AAE}\x{5C48}"
            RenderBlock {rt} at (142,0) size 11x45
              RenderText {#text} at (1,0) size 10x45
                text run at (1,0) width 45: "\x{304D}\x{3085}\x{3046}\x{304F}\x{3064}"
          RenderText {#text} at (152,40) size 18x257
            text run at (152,40) width 257: "\x{3060}\x{3002}\x{3068}\x{304B}\x{304F}\x{306B}\x{4EBA}\x{306E}\x{4E16}\x{306F}\x{4F4F}\x{307F}\x{306B}\x{304F}\x{3044}\x{3002}"
          RenderBR {br} at (152,296) size 18x1
          RenderText {#text} at (179,0) size 17x112
            text run at (179,0) width 112: "\x{3000}\x{4F4F}\x{307F}\x{306B}\x{304F}\x{3055}\x{304C}"
          RenderInline {ruby} at (179,112) size 17x18
            RenderInline (generated) at (179,111) size 17x18
              RenderInline {rb} at (179,112) size 17x16
                RenderText {#text} at (179,112) size 17x16
                  text run at (179,112) width 16: "\x{9AD8}"
            RenderBlock {rt} at (169,111) size 10x18
              RenderText {#text} at (1,0) size 10x18
                text run at (1,0) width 18: "\x{3053}\x{3046}"
          RenderText {#text} at (179,0) size 44x480
            text run at (179,128) width 352: "\x{3058}\x{308B}\x{3068}\x{3001}\x{5B89}\x{3044}\x{6240}\x{3078}\x{5F15}\x{304D}\x{8D8A}\x{3057}\x{305F}\x{304F}\x{306A}\x{308B}\x{3002}\x{3069}\x{3053}\x{3078}\x{8D8A}\x{3057}"
            text run at (205,0) width 129: "\x{3066}\x{3082}\x{4F4F}\x{307F}\x{306B}\x{304F}\x{3044}\x{3068}"
          RenderInline {ruby} at (205,128) size 18x18
            RenderInline (generated) at (205,127) size 18x18
              RenderInline {rb} at (205,128) size 18x16
                RenderText {#text} at (205,128) size 18x16
                  text run at (205,128) width 17: "\x{609F}"
            RenderBlock {rt} at (195,127) size 11x18
              RenderText {#text} at (1,0) size 10x18
                text run at (1,0) width 18: "\x{3055}\x{3068}"
          RenderText {#text} at (205,144) size 18x160
            text run at (205,144) width 161: "\x{3063}\x{305F}\x{6642}\x{3001}\x{8A69}\x{304C}\x{751F}\x{308C}\x{3066}\x{3001}"
          RenderInline {ruby} at (205,304) size 18x16
            RenderInline (generated) at (205,304) size 18x16
              RenderInline {rb} at (205,304) size 18x16
                RenderText {#text} at (205,304) size 18x16
                  text run at (205,304) width 17: "\x{753B}"
            RenderBlock {rt} at (195,304) size 11x16
              RenderText {#text} at (1,3) size 10x10
                text run at (1,3) width 9: "\x{3048}"
          RenderText {#text} at (205,320) size 18x80
            text run at (205,320) width 81: "\x{304C}\x{51FA}\x{6765}\x{308B}\x{3002}"
          RenderBR {br} at (205,400) size 18x0
          RenderText {#text} at (223,0) size 18x16
            text run at (223,0) width 17: "\x{3000}"
          RenderInline {strong} at (223,16) size 18x51
            RenderText {#text} at (223,16) size 18x51
              text run at (223,16) width 52: "\x{4EBA}\x{306E}\x{4E16}"
          RenderText {#text} at (223,0) size 44x483
            text run at (223,67) width 417: "\x{3092}\x{4F5C}\x{3063}\x{305F}\x{3082}\x{306E}\x{306F}\x{795E}\x{3067}\x{3082}\x{306A}\x{3051}\x{308C}\x{3070}\x{9B3C}\x{3067}\x{3082}\x{306A}\x{3044}\x{3002}\x{3084}\x{306F}\x{308A}\x{5411}\x{3046}\x{4E09}"
            text run at (250,0) width 16: "\x{8ED2}"
          RenderInline {ruby} at (250,16) size 17x45
            RenderInline (generated) at (250,11) size 17x46
              RenderInline {rb} at (250,18) size 17x32
                RenderText {#text} at (250,18) size 17x32
                  text run at (250,18) width 32: "\x{4E21}\x{96A3}"
            RenderBlock {rt} at (240,11) size 10x46
              RenderText {#text} at (1,0) size 10x45
                text run at (1,0) width 45: "\x{308A}\x{3087}\x{3046}\x{3069}\x{306A}"
          RenderText {#text} at (250,52) size 17x384
            text run at (250,52) width 384: "\x{308A}\x{306B}\x{3061}\x{3089}\x{3061}\x{3089}\x{3059}\x{308B}\x{305F}\x{3060}\x{306E}\x{4EBA}\x{3067}\x{3042}\x{308B}\x{3002}\x{305F}\x{3060}\x{306E}\x{4EBA}\x{304C}\x{4F5C}\x{3063}\x{305F}"
          RenderInline {strong} at (250,0) size 35x470
            RenderText {#text} at (250,0) size 35x470
              text run at (250,436) width 34: "\x{4EBA}\x{306E}"
              text run at (268,0) width 17: "\x{4E16}"
          RenderText {#text} at (268,17) size 17x368
            text run at (268,17) width 368: "\x{304C}\x{4F4F}\x{307F}\x{306B}\x{304F}\x{3044}\x{304B}\x{3089}\x{3068}\x{3066}\x{3001}\x{8D8A}\x{3059}\x{56FD}\x{306F}\x{3042}\x{308B}\x{307E}\x{3044}\x{3002}\x{3042}\x{308C}\x{3070}"
          RenderInline {strong} at (268,385) size 17x68
            RenderText {#text} at (268,385) size 17x68
              text run at (268,385) width 68: "\x{4EBA}\x{3067}\x{306A}\x{3057}"
          RenderText {#text} at (268,0) size 35x485
            text run at (268,453) width 32: "\x{306E}\x{56FD}"
            text run at (286,0) width 128: "\x{3078}\x{884C}\x{304F}\x{3070}\x{304B}\x{308A}\x{3060}\x{3002}"
          RenderInline {strong} at (286,128) size 17x68
            RenderText {#text} at (286,128) size 17x68
              text run at (286,128) width 68: "\x{4EBA}\x{3067}\x{306A}\x{3057}"
          RenderText {#text} at (286,196) size 17x48
            text run at (286,196) width 48: "\x{306E}\x{56FD}\x{306F}"
          RenderInline {strong} at (286,244) size 17x51
            RenderText {#text} at (286,244) size 17x51
              text run at (286,244) width 51: "\x{4EBA}\x{306E}\x{4E16}"
          RenderText {#text} at (286,0) size 35x471
            text run at (286,295) width 176: "\x{3088}\x{308A}\x{3082}\x{306A}\x{304A}\x{4F4F}\x{307F}\x{306B}\x{304F}\x{304B}\x{308D}"
            text run at (304,0) width 32: "\x{3046}\x{3002}"
          RenderBR {br} at (304,32) size 17x0
          RenderText {#text} at (322,0) size 44x464
            text run at (322,0) width 464: "\x{3000}\x{8D8A}\x{3059}\x{4E8B}\x{306E}\x{306A}\x{3089}\x{306C}\x{4E16}\x{304C}\x{4F4F}\x{307F}\x{306B}\x{304F}\x{3051}\x{308C}\x{3070}\x{3001}\x{4F4F}\x{307F}\x{306B}\x{304F}\x{3044}\x{6240}\x{3092}\x{3069}\x{308C}\x{307B}\x{3069}"
            text run at (348,0) width 33: "\x{304B}\x{3001}"
          RenderInline {ruby} at (348,32) size 18x36
            RenderInline (generated) at (348,30) size 18x36
              RenderInline {rb} at (348,32) size 18x32
                RenderText {#text} at (348,32) size 18x32
                  text run at (348,32) width 33: "\x{5BDB}\x{5BB9}"
            RenderBlock {rt} at (338,30) size 11x36
              RenderText {#text} at (1,0) size 10x36
                text run at (1,0) width 36: "\x{304F}\x{3064}\x{308D}\x{3052}"
          RenderText {#text} at (348,64) size 18x32
            text run at (348,64) width 33: "\x{3066}\x{3001}"
          RenderInline {ruby} at (348,96) size 18x18
            RenderInline (generated) at (348,95) size 18x18
              RenderInline {rb} at (348,96) size 18x16
                RenderText {#text} at (348,96) size 18x16
                  text run at (348,96) width 17: "\x{675F}"
            RenderBlock {rt} at (338,95) size 11x18
              RenderText {#text} at (1,0) size 10x18
                text run at (1,0) width 18: "\x{3064}\x{304B}"
          RenderText {#text} at (348,112) size 18x16
            text run at (348,112) width 17: "\x{306E}"
          RenderInline {ruby} at (348,128) size 18x16
            RenderInline (generated) at (348,128) size 18x16
              RenderInline {rb} at (348,128) size 18x16
                RenderText {#text} at (348,128) size 18x16
                  text run at (348,128) width 17: "\x{9593}"
            RenderBlock {rt} at (338,128) size 11x16
              RenderText {#text} at (1,3) size 10x10
                text run at (1,3) width 9: "\x{307E}"
          RenderText {#text} at (348,0) size 44x480
            text run at (348,144) width 337: "\x{306E}\x{547D}\x{3092}\x{3001}\x{675F}\x{306E}\x{9593}\x{3067}\x{3082}\x{4F4F}\x{307F}\x{3088}\x{304F}\x{305B}\x{306D}\x{3070}\x{306A}\x{3089}\x{306C}\x{3002}\x{3053}"
            text run at (375,0) width 400: "\x{3053}\x{306B}\x{8A69}\x{4EBA}\x{3068}\x{3044}\x{3046}\x{5929}\x{8077}\x{304C}\x{51FA}\x{6765}\x{3066}\x{3001}\x{3053}\x{3053}\x{306B}\x{753B}\x{5BB6}\x{3068}\x{3044}\x{3046}\x{4F7F}\x{547D}\x{304C}"
          RenderInline {ruby} at (375,400) size 17x18
            RenderInline (generated) at (375,399) size 17x18
              RenderInline {rb} at (375,400) size 17x16
                RenderText {#text} at (375,400) size 17x16
                  text run at (375,400) width 16: "\x{964D}"
            RenderBlock {rt} at (365,399) size 10x18
              RenderText {#text} at (1,0) size 10x18
                text run at (1,0) width 18: "\x{304F}\x{3060}"
          RenderText {#text} at (375,0) size 44x480
            text run at (375,416) width 64: "\x{308B}\x{3002}\x{3042}\x{3089}"
            text run at (401,0) width 177: "\x{3086}\x{308B}\x{82B8}\x{8853}\x{306E}\x{58EB}\x{306F}\x{4EBA}\x{306E}\x{4E16}\x{3092}"
          RenderInline {ruby} at (401,176) size 18x32
            RenderInline (generated) at (401,176) size 18x32
              RenderInline {rb} at (401,176) size 18x32
                RenderText {#text} at (401,176) size 18x32
                  text run at (401,176) width 33: "\x{9577}\x{9591}"
            RenderBlock {rt} at (391,176) size 11x32
              RenderText {#text} at (1,2) size 10x28
                text run at (1,2) width 27: "\x{306E}\x{3069}\x{304B}"
          RenderText {#text} at (401,208) size 18x208
            text run at (401,208) width 209: "\x{306B}\x{3057}\x{3001}\x{4EBA}\x{306E}\x{5FC3}\x{3092}\x{8C4A}\x{304B}\x{306B}\x{3059}\x{308B}\x{304C}"
          RenderInline {ruby} at (401,416) size 18x18
            RenderInline (generated) at (401,415) size 18x18
              RenderInline {rb} at (401,416) size 18x16
                RenderText {#text} at (401,416) size 18x16
                  text run at (401,416) width 17: "\x{6545}"
            RenderBlock {rt} at (391,415) size 11x18
              RenderText {#text} at (1,0) size 10x18
                text run at (1,0) width 18: "\x{3086}\x{3048}"
          RenderText {#text} at (401,432) size 18x16
            text run at (401,432) width 17: "\x{306B}"
          RenderInline {ruby} at (401,448) size 18x18
            RenderInline (generated) at (401,447) size 18x18
              RenderInline {rb} at (401,448) size 18x16
                RenderText {#text} at (401,448) size 18x16
                  text run at (401,448) width 17: "\x{5C0A}"
            RenderBlock {rt} at (391,447) size 11x18
              RenderText {#text} at (1,0) size 10x18
                text run at (1,0) width 18: "\x{305F}\x{3063}"
          RenderText {#text} at (401,0) size 36x480
            text run at (401,464) width 17: "\x{3068}"
            text run at (419,0) width 33: "\x{3044}\x{3002}"
          RenderBR {br} at (419,32) size 18x0
          RenderText {#text} at (446,0) size 17x240
            text run at (446,0) width 240: "\x{3000}\x{4F4F}\x{307F}\x{306B}\x{304F}\x{304D}\x{4E16}\x{304B}\x{3089}\x{3001}\x{4F4F}\x{307F}\x{306B}\x{304F}\x{304D}"
          RenderInline {ruby} at (446,240) size 17x27
            RenderInline (generated) at (446,235) size 17x28
              RenderInline {rb} at (446,241) size 17x16
                RenderText {#text} at (446,241) size 17x16
                  text run at (446,241) width 16: "\x{7169}"
            RenderBlock {rt} at (436,235) size 10x28
              RenderText {#text} at (1,0) size 10x27
                text run at (1,0) width 27: "\x{308F}\x{305A}\x{3089}"
          RenderText {#text} at (446,0) size 44x482
            text run at (446,258) width 224: "\x{3044}\x{3092}\x{5F15}\x{304D}\x{629C}\x{3044}\x{3066}\x{3001}\x{3042}\x{308A}\x{304C}\x{305F}\x{3044}\x{4E16}"
            text run at (472,0) width 273: "\x{754C}\x{3092}\x{307E}\x{306E}\x{3042}\x{305F}\x{308A}\x{306B}\x{5199}\x{3059}\x{306E}\x{304C}\x{8A69}\x{3067}\x{3042}\x{308B}\x{3001}"
          RenderInline {ruby} at (472,272) size 18x16
            RenderInline (generated) at (472,272) size 18x16
              RenderInline {rb} at (472,272) size 18x16
                RenderText {#text} at (472,272) size 18x16
                  text run at (472,272) width 17: "\x{753B}"
            RenderBlock {rt} at (462,272) size 11x16
              RenderText {#text} at (1,3) size 10x10
                text run at (1,3) width 9: "\x{3048}"
          RenderText {#text} at (472,0) size 44x480
            text run at (472,288) width 193: "\x{3067}\x{3042}\x{308B}\x{3002}\x{3042}\x{308B}\x{306F}\x{97F3}\x{697D}\x{3068}\x{5F6B}\x{523B}"
            text run at (499,0) width 128: "\x{3067}\x{3042}\x{308B}\x{3002}\x{3053}\x{307E}\x{304B}\x{306B}"
          RenderInline {ruby} at (499,128) size 17x16
            RenderInline (generated) at (499,128) size 17x16
              RenderInline {rb} at (499,128) size 17x16
                RenderText {#text} at (499,128) size 17x16
                  text run at (499,128) width 16: "\x{4E91}"
            RenderBlock {rt} at (489,128) size 10x16
              RenderText {#text} at (1,3) size 10x10
                text run at (1,3) width 9: "\x{3044}"
          RenderText {#text} at (499,0) size 44x480
            text run at (499,144) width 336: "\x{3048}\x{3070}\x{5199}\x{3055}\x{306A}\x{3044}\x{3067}\x{3082}\x{3088}\x{3044}\x{3002}\x{305F}\x{3060}\x{307E}\x{306E}\x{3042}\x{305F}\x{308A}\x{306B}\x{898B}\x{308C}"
            text run at (525,0) width 193: "\x{3070}\x{3001}\x{305D}\x{3053}\x{306B}\x{8A69}\x{3082}\x{751F}\x{304D}\x{3001}\x{6B4C}\x{3082}"
          RenderInline {ruby} at (525,192) size 18x16
            RenderInline (generated) at (525,192) size 18x16
              RenderInline {rb} at (525,192) size 18x16
                RenderText {#text} at (525,192) size 18x16
                  text run at (525,192) width 17: "\x{6E67}"
            RenderBlock {rt} at (515,192) size 11x16
              RenderText {#text} at (1,3) size 10x10
                text run at (1,3) width 9: "\x{308F}"
          RenderText {#text} at (525,208) size 18x192
            text run at (525,208) width 193: "\x{304F}\x{3002}\x{7740}\x{60F3}\x{3092}\x{7D19}\x{306B}\x{843D}\x{3055}\x{306C}\x{3068}\x{3082}"
          RenderInline {ruby} at (525,400) size 18x45
            RenderInline (generated) at (525,395) size 18x46
              RenderInline {rb} at (525,402) size 18x32
                RenderText {#text} at (525,402) size 18x16
                  text run at (525,402) width 17: "\x{7486}"
                RenderText {#text} at (525,418) size 18x16
                  text run at (525,418) width 17: "\x{93D8}"
            RenderBlock {rt} at (515,395) size 11x46
              RenderText {#text} at (1,0) size 10x45
                text run at (1,0) width 45: "\x{304D}\x{3085}\x{3046}\x{305D}\x{3046}"
          RenderText {#text} at (525,436) size 18x16
            text run at (525,436) width 17: "\x{306E}"
          RenderInline {ruby} at (525,452) size 18x18
            RenderInline (generated) at (525,451) size 18x18
              RenderInline {rb} at (525,452) size 18x16
                RenderText {#text} at (525,452) size 18x16
                  text run at (525,452) width 17: "\x{97F3}"
            RenderBlock {rt} at (515,451) size 11x18
              RenderText {#text} at (1,0) size 10x18
                text run at (1,0) width 18: "\x{304A}\x{3093}"
          RenderText {#text} at (552,0) size 17x16
            text run at (552,0) width 16: "\x{306F}"
          RenderInline {ruby} at (552,16) size 17x36
            RenderInline (generated) at (552,14) size 17x36
              RenderInline {rb} at (552,16) size 17x32
                RenderText {#text} at (552,16) size 17x32
                  text run at (552,16) width 32: "\x{80F8}\x{88CF}"
            RenderBlock {rt} at (542,14) size 10x36
              RenderText {#text} at (1,0) size 10x36
                text run at (1,0) width 36: "\x{304D}\x{3087}\x{3046}\x{308A}"
          RenderText {#text} at (552,48) size 17x16
            text run at (552,48) width 16: "\x{306B}"
          RenderInline {ruby} at (552,64) size 17x18
            RenderInline (generated) at (552,63) size 17x18
              RenderInline {rb} at (552,64) size 17x16
                RenderText {#text} at (552,64) size 17x16
                  text run at (552,64) width 16: "\x{8D77}"
            RenderBlock {rt} at (542,63) size 10x18
              RenderText {#text} at (1,0) size 10x18
                text run at (1,0) width 18: "\x{304A}\x{3053}"
          RenderText {#text} at (552,80) size 17x32
            text run at (552,80) width 32: "\x{308B}\x{3002}"
          RenderInline {ruby} at (552,112) size 17x36
            RenderInline (generated) at (552,110) size 17x36
              RenderInline {rb} at (552,112) size 17x32
                RenderText {#text} at (552,112) size 17x32
                  text run at (552,112) width 32: "\x{4E39}\x{9752}"
            RenderBlock {rt} at (542,110) size 10x36
              RenderText {#text} at (1,0) size 10x36
                text run at (1,0) width 36: "\x{305F}\x{3093}\x{305B}\x{3044}"
          RenderText {#text} at (552,144) size 17x16
            text run at (552,144) width 16: "\x{306F}"
          RenderInline {ruby} at (552,160) size 17x32
            RenderInline (generated) at (552,160) size 17x32
              RenderInline {rb} at (552,160) size 17x32
                RenderText {#text} at (552,160) size 17x32
                  text run at (552,160) width 32: "\x{753B}\x{67B6}"
            RenderBlock {rt} at (542,160) size 10x32
              RenderText {#text} at (1,7) size 10x18
                text run at (1,7) width 18: "\x{304C}\x{304B}"
          RenderText {#text} at (552,192) size 17x64
            text run at (552,192) width 64: "\x{306B}\x{5411}\x{3063}\x{3066}"
          RenderInline {ruby} at (552,256) size 17x32
            RenderInline (generated) at (552,256) size 17x32
              RenderInline {rb} at (552,256) size 17x32
                RenderText {#text} at (552,256) size 17x32
                  text run at (552,256) width 32: "\x{5857}\x{62B9}"
            RenderBlock {rt} at (542,256) size 10x32
              RenderText {#text} at (1,2) size 10x28
                text run at (1,2) width 27: "\x{3068}\x{307E}\x{3064}"
          RenderText {#text} at (552,288) size 17x64
            text run at (552,288) width 64: "\x{305B}\x{3093}\x{3067}\x{3082}"
          RenderInline {ruby} at (552,352) size 17x32
            RenderInline (generated) at (552,352) size 17x32
              RenderInline {rb} at (552,352) size 17x32
                RenderText {#text} at (552,352) size 17x32
                  text run at (552,352) width 32: "\x{4E94}\x{5F69}"
            RenderBlock {rt} at (542,352) size 10x32
              RenderText {#text} at (1,2) size 10x28
                text run at (1,2) width 27: "\x{3054}\x{3055}\x{3044}"
          RenderText {#text} at (552,384) size 17x16
            text run at (552,384) width 16: "\x{306E}"
          RenderInline {ruby} at (552,400) size 17x36
            RenderInline (generated) at (552,398) size 17x36
              RenderInline {rb} at (552,400) size 17x32
                RenderText {#text} at (552,400) size 17x32
                  text run at (552,400) width 32: "\x{7D62}\x{721B}"
            RenderBlock {rt} at (542,398) size 10x36
              RenderText {#text} at (1,0) size 10x36
                text run at (1,0) width 36: "\x{3051}\x{3093}\x{3089}\x{3093}"
          RenderText {#text} at (552,432) size 17x16
            text run at (552,432) width 16: "\x{306F}"
          RenderInline {ruby} at (552,448) size 17x27
            RenderInline (generated) at (552,443) size 17x28
              RenderInline {rb} at (552,449) size 17x16
                RenderText {#text} at (552,449) size 17x16
                  text run at (552,449) width 16: "\x{81EA}"
            RenderBlock {rt} at (542,443) size 10x28
              RenderText {#text} at (1,0) size 10x27
                text run at (1,0) width 27: "\x{304A}\x{306E}\x{305A}"
          RenderText {#text} at (578,0) size 18x32
            text run at (578,0) width 33: "\x{304B}\x{3089}"
          RenderInline {ruby} at (578,32) size 18x36
            RenderInline (generated) at (578,30) size 18x36
              RenderInline {rb} at (578,32) size 18x32
                RenderText {#text} at (578,32) size 18x32
                  text run at (578,32) width 33: "\x{5FC3}\x{773C}"
            RenderBlock {rt} at (568,30) size 11x36
              RenderText {#text} at (1,0) size 10x36
                text run at (1,0) width 36: "\x{3057}\x{3093}\x{304C}\x{3093}"
          RenderText {#text} at (578,64) size 18x256
            text run at (578,64) width 257: "\x{306B}\x{6620}\x{308B}\x{3002}\x{305F}\x{3060}\x{304A}\x{306E}\x{304C}\x{4F4F}\x{3080}\x{4E16}\x{3092}\x{3001}\x{304B}\x{304F}"
          RenderInline {ruby} at (578,320) size 18x18
            RenderInline (generated) at (578,319) size 18x18
              RenderInline {rb} at (578,320) size 18x16
                RenderText {#text} at (578,320) size 18x16
                  text run at (578,320) width 17: "\x{89B3}"
            RenderBlock {rt} at (568,319) size 11x18
              RenderText {#text} at (1,0) size 10x18
                text run at (1,0) width 18: "\x{304B}\x{3093}"
          RenderText {#text} at (578,336) size 18x64
            text run at (578,336) width 65: "\x{3058}\x{5F97}\x{3066}\x{3001}"
          RenderInline {ruby} at (578,400) size 18x72
            RenderInline (generated) at (578,396) size 18x72
              RenderInline {rb} at (578,400) size 18x64
                RenderText {#text} at (578,400) size 18x64
                  text run at (578,400) width 65: "\x{970A}\x{53F0}\x{65B9}\x{5BF8}"
            RenderBlock {rt} at (568,396) size 11x72
              RenderText {#text} at (1,0) size 10x72
                text run at (1,0) width 72: "\x{308C}\x{3044}\x{3060}\x{3044}\x{307B}\x{3046}\x{3059}\x{3093}"
          RenderText {#text} at (605,0) size 17x80
            text run at (605,0) width 80: "\x{306E}\x{30AB}\x{30E1}\x{30E9}\x{306B}"
          RenderInline {ruby} at (605,80) size 17x72
            RenderInline (generated) at (605,76) size 17x72
              RenderInline {rb} at (605,80) size 17x64
                RenderText {#text} at (605,80) size 17x64
                  text run at (605,80) width 64: "\x{6F86}\x{5B63}\x{6EB7}\x{6FC1}"
            RenderBlock {rt} at (595,76) size 10x72
              RenderText {#text} at (1,0) size 10x72
                text run at (1,0) width 72: "\x{304E}\x{3087}\x{3046}\x{304D}\x{3053}\x{3093}\x{3060}\x{304F}"
          RenderText {#text} at (605,144) size 17x208
            text run at (605,144) width 208: "\x{306E}\x{4FD7}\x{754C}\x{3092}\x{6E05}\x{304F}\x{3046}\x{3089}\x{3089}\x{304B}\x{306B}\x{53CE}\x{3081}"
          RenderInline {ruby} at (605,352) size 17x16
            RenderInline (generated) at (605,352) size 17x16
              RenderInline {rb} at (605,352) size 17x16
                RenderText {#text} at (605,352) size 17x16
                  text run at (605,352) width 16: "\x{5F97}"
            RenderBlock {rt} at (595,352) size 10x16
              RenderText {#text} at (1,3) size 10x10
                text run at (1,3) width 9: "\x{3046}"
          RenderText {#text} at (605,368) size 17x32
            text run at (605,368) width 32: "\x{308C}\x{3070}"
          RenderInline {ruby} at (605,400) size 17x16
            RenderInline (generated) at (605,400) size 17x16
              RenderInline {rb} at (605,400) size 17x16
                RenderText {#text} at (605,400) size 17x16
                  text run at (605,400) width 16: "\x{8DB3}"
            RenderBlock {rt} at (595,400) size 10x16
              RenderText {#text} at (1,3) size 10x10
                text run at (1,3) width 9: "\x{305F}"
          RenderText {#text} at (605,0) size 44x480
            text run at (605,416) width 64: "\x{308B}\x{3002}\x{3053}\x{306E}"
            text run at (631,0) width 33: "\x{6545}\x{306B}"
          RenderInline {ruby} at (631,32) size 18x32
            RenderInline (generated) at (631,32) size 18x32
              RenderInline {rb} at (631,32) size 18x32
                RenderText {#text} at (631,32) size 18x32
                  text run at (631,32) width 33: "\x{7121}\x{58F0}"
            RenderBlock {rt} at (621,32) size 11x32
              RenderText {#text} at (1,2) size 10x28
                text run at (1,2) width 27: "\x{3080}\x{305B}\x{3044}"
          RenderText {#text} at (631,64) size 18x160
            text run at (631,64) width 161: "\x{306E}\x{8A69}\x{4EBA}\x{306B}\x{306F}\x{4E00}\x{53E5}\x{306A}\x{304F}\x{3001}"
          RenderInline {ruby} at (631,224) size 18x36
            RenderInline (generated) at (631,222) size 18x36
              RenderInline {rb} at (631,224) size 18x32
                RenderText {#text} at (631,224) size 18x32
                  text run at (631,224) width 33: "\x{7121}\x{8272}"
            RenderBlock {rt} at (621,222) size 11x36
              RenderText {#text} at (1,0) size 10x36
                text run at (1,0) width 36: "\x{3080}\x{3057}\x{3087}\x{304F}"
          RenderText {#text} at (631,256) size 18x80
            text run at (631,256) width 81: "\x{306E}\x{753B}\x{5BB6}\x{306B}\x{306F}"
          RenderInline {ruby} at (631,336) size 18x36
            RenderInline (generated) at (631,334) size 18x36
              RenderInline {rb} at (631,336) size 18x32
                RenderText {#text} at (631,336) size 18x32
                  text run at (631,336) width 33: "\x{5C3A}\x{7E11}"
            RenderBlock {rt} at (621,334) size 11x36
              RenderText {#text} at (1,0) size 10x36
                text run at (1,0) width 36: "\x{305B}\x{3063}\x{3051}\x{3093}"
          RenderText {#text} at (631,368) size 18x96
            text run at (631,368) width 97: "\x{306A}\x{304D}\x{3082}\x{3001}\x{304B}\x{304F}"
          RenderInline {ruby} at (658,0) size 17x36
            RenderInline (generated) at (658,0) size 17x36
              RenderInline {rb} at (658,2) size 17x32
                RenderText {#text} at (658,2) size 17x32
                  text run at (658,2) width 32: "\x{4EBA}\x{4E16}"
            RenderBlock {rt} at (648,0) size 10x36
              RenderText {#text} at (1,0) size 10x36
                text run at (1,0) width 36: "\x{3058}\x{3093}\x{305B}\x{3044}"
          RenderText {#text} at (658,34) size 17x224
            text run at (658,34) width 224: "\x{3092}\x{89B3}\x{3058}\x{5F97}\x{308B}\x{306E}\x{70B9}\x{306B}\x{304A}\x{3044}\x{3066}\x{3001}\x{304B}\x{304F}"
          RenderInline {ruby} at (658,258) size 17x36
            RenderInline (generated) at (658,256) size 17x36
              RenderInline {rb} at (658,258) size 17x32
                RenderText {#text} at (658,258) size 17x32
                  text run at (658,258) width 32: "\x{7169}\x{60A9}"
            RenderBlock {rt} at (648,256) size 10x36
              RenderText {#text} at (1,0) size 10x36
                text run at (1,0) width 36: "\x{307C}\x{3093}\x{306E}\x{3046}"
          RenderText {#text} at (658,290) size 17x16
            text run at (658,290) width 16: "\x{3092}"
          RenderInline {ruby} at (658,306) size 17x32
            RenderInline (generated) at (658,306) size 17x32
              RenderInline {rb} at (658,306) size 17x32
                RenderText {#text} at (658,306) size 17x32
                  text run at (658,306) width 32: "\x{89E3}\x{8131}"
            RenderBlock {rt} at (648,306) size 10x32
              RenderText {#text} at (1,2) size 10x28
                text run at (1,2) width 27: "\x{3052}\x{3060}\x{3064}"
          RenderText {#text} at (658,0) size 44x482
            text run at (658,338) width 144: "\x{3059}\x{308B}\x{306E}\x{70B9}\x{306B}\x{304A}\x{3044}\x{3066}\x{3001}"
            text run at (684,0) width 33: "\x{304B}\x{304F}"
          RenderInline {ruby} at (684,32) size 18x72
            RenderInline (generated) at (684,27) size 18x73
              RenderInline {rb} at (684,39) size 18x49
                RenderText {#text} at (684,39) size 18x49
                  text run at (684,39) width 49: "\x{6E05}\x{6D44}\x{754C}"
            RenderBlock {rt} at (674,27) size 11x73
              RenderText {#text} at (1,0) size 10x72
                text run at (1,0) width 72: "\x{3057}\x{3087}\x{3046}\x{3058}\x{3087}\x{3046}\x{304B}\x{3044}"
          RenderText {#text} at (684,95) size 18x16
            text run at (684,95) width 17: "\x{306B}"
          RenderInline {ruby} at (684,111) size 18x54
            RenderInline (generated) at (684,106) size 18x55
              RenderInline {rb} at (684,117) size 18x33
                RenderText {#text} at (684,117) size 18x33
                  text run at (684,117) width 33: "\x{51FA}\x{5165}"
            RenderBlock {rt} at (674,106) size 11x55
              RenderText {#text} at (1,0) size 10x54
                text run at (1,0) width 54: "\x{3057}\x{3085}\x{3064}\x{306B}\x{3085}\x{3046}"
          RenderText {#text} at (684,156) size 18x224
            text run at (684,156) width 225: "\x{3057}\x{5F97}\x{308B}\x{306E}\x{70B9}\x{306B}\x{304A}\x{3044}\x{3066}\x{3001}\x{307E}\x{305F}\x{3053}\x{306E}"
          RenderInline {ruby} at (684,380) size 18x64
            RenderInline (generated) at (684,380) size 18x64
              RenderInline {rb} at (684,380) size 18x64
                RenderText {#text} at (684,380) size 18x64
                  text run at (684,380) width 65: "\x{4E0D}\x{540C}\x{4E0D}\x{4E8C}"
            RenderBlock {rt} at (674,380) size 11x64
              RenderText {#text} at (1,9) size 10x46
                text run at (1,9) width 45: "\x{3075}\x{3069}\x{3046}\x{3075}\x{3058}"
          RenderText {#text} at (684,444) size 18x16
            text run at (684,444) width 17: "\x{306E}"
          RenderInline {ruby} at (711,0) size 17x36
            RenderInline (generated) at (711,0) size 17x36
              RenderInline {rb} at (711,2) size 17x32
                RenderText {#text} at (711,2) size 17x32
                  text run at (711,2) width 32: "\x{4E7E}\x{5764}"
            RenderBlock {rt} at (701,0) size 10x36
              RenderText {#text} at (1,0) size 10x36
                text run at (1,0) width 36: "\x{3051}\x{3093}\x{3053}\x{3093}"
          RenderText {#text} at (711,34) size 17x16
            text run at (711,34) width 16: "\x{3092}"
          RenderInline {ruby} at (711,50) size 17x45
            RenderInline (generated) at (711,45) size 17x46
              RenderInline {rb} at (711,52) size 17x32
                RenderText {#text} at (711,52) size 17x32
                  text run at (711,52) width 32: "\x{5EFA}\x{7ACB}"
            RenderBlock {rt} at (701,45) size 10x46
              RenderText {#text} at (1,0) size 10x45
                text run at (1,0) width 45: "\x{3053}\x{3093}\x{308A}\x{3085}\x{3046}"
          RenderText {#text} at (711,86) size 17x160
            text run at (711,86) width 160: "\x{3057}\x{5F97}\x{308B}\x{306E}\x{70B9}\x{306B}\x{304A}\x{3044}\x{3066}\x{3001}"
          RenderInline {ruby} at (711,246) size 17x64
            RenderInline (generated) at (711,246) size 17x64
              RenderInline {rb} at (711,246) size 17x64
                RenderText {#text} at (711,246) size 17x64
                  text run at (711,246) width 64: "\x{6211}\x{5229}\x{79C1}\x{617E}"
            RenderBlock {rt} at (701,246) size 10x64
              RenderText {#text} at (1,9) size 10x46
                text run at (1,9) width 45: "\x{304C}\x{308A}\x{3057}\x{3088}\x{304F}"
          RenderText {#text} at (711,310) size 17x16
            text run at (711,310) width 16: "\x{306E}"
          RenderInline {ruby} at (711,326) size 17x32
            RenderInline (generated) at (711,326) size 17x32
              RenderInline {rb} at (711,326) size 17x32
                RenderText {#text} at (711,326) size 17x32
                  text run at (711,326) width 32: "\x{898A}\x{7D46}"
            RenderBlock {rt} at (701,326) size 10x32
              RenderText {#text} at (1,2) size 10x28
                text run at (1,2) width 27: "\x{304D}\x{306F}\x{3093}"
          RenderText {#text} at (711,358) size 17x16
            text run at (711,358) width 16: "\x{3092}"
          RenderInline {ruby} at (711,374) size 17x36
            RenderInline (generated) at (711,372) size 17x36
              RenderInline {rb} at (711,374) size 17x32
                RenderText {#text} at (711,374) size 17x32
                  text run at (711,374) width 32: "\x{6383}\x{8569}"
            RenderBlock {rt} at (701,372) size 10x36
              RenderText {#text} at (1,0) size 10x36
                text run at (1,0) width 36: "\x{305D}\x{3046}\x{3068}\x{3046}"
          RenderText {#text} at (711,0) size 44x470
            text run at (711,406) width 64: "\x{3059}\x{308B}\x{306E}\x{70B9}"
            text run at (737,0) width 113: "\x{306B}\x{304A}\x{3044}\x{3066}\x{3001}\x{2015}\x{2015}"
          RenderInline {ruby} at (737,112) size 18x36
            RenderInline (generated) at (737,110) size 18x36
              RenderInline {rb} at (737,112) size 18x32
                RenderText {#text} at (737,112) size 18x32
                  text run at (737,112) width 33: "\x{5343}\x{91D1}"
            RenderBlock {rt} at (727,110) size 11x36
              RenderText {#text} at (1,0) size 10x36
                text run at (1,0) width 36: "\x{305B}\x{3093}\x{304D}\x{3093}"
          RenderText {#text} at (737,144) size 18x96
            text run at (737,144) width 97: "\x{306E}\x{5B50}\x{3088}\x{308A}\x{3082}\x{3001}"
          RenderInline {ruby} at (737,240) size 18x45
            RenderInline (generated) at (737,235) size 18x46
              RenderInline {rb} at (737,242) size 18x32
                RenderText {#text} at (737,242) size 18x32
                  text run at (737,242) width 33: "\x{4E07}\x{4E57}"
            RenderBlock {rt} at (727,235) size 11x46
              RenderText {#text} at (1,0) size 10x45
                text run at (1,0) width 45: "\x{3070}\x{3093}\x{3058}\x{3087}\x{3046}"
          RenderText {#text} at (737,0) size 44x468
            text run at (737,276) width 193: "\x{306E}\x{541B}\x{3088}\x{308A}\x{3082}\x{3001}\x{3042}\x{3089}\x{3086}\x{308B}\x{4FD7}\x{754C}"
            text run at (764,0) width 16: "\x{306E}"
          RenderInline {ruby} at (764,16) size 17x36
            RenderInline (generated) at (764,14) size 17x36
              RenderInline {rb} at (764,16) size 17x32
                RenderText {#text} at (764,16) size 17x32
                  text run at (764,16) width 32: "\x{5BF5}\x{5150}"
            RenderBlock {rt} at (754,14) size 10x36
              RenderText {#text} at (1,0) size 10x36
                text run at (1,0) width 36: "\x{3061}\x{3087}\x{3046}\x{3058}"
          RenderText {#text} at (764,48) size 17x144
            text run at (764,48) width 144: "\x{3088}\x{308A}\x{3082}\x{5E78}\x{798F}\x{3067}\x{3042}\x{308B}\x{3002}"
          RenderBR {br} at (764,192) size 17x0
          RenderText {#text} at (790,0) size 18x272
            text run at (790,0) width 273: "\x{3000}\x{4E16}\x{306B}\x{4F4F}\x{3080}\x{3053}\x{3068}\x{4E8C}\x{5341}\x{5E74}\x{306B}\x{3057}\x{3066}\x{3001}\x{4F4F}\x{3080}\x{306B}"
          RenderInline {ruby} at (790,272) size 18x32
            RenderInline (generated) at (790,272) size 18x32
              RenderInline {rb} at (790,272) size 18x32
                RenderText {#text} at (790,272) size 18x32
                  text run at (790,272) width 33: "\x{7532}\x{6590}"
            RenderBlock {rt} at (780,272) size 11x32
              RenderText {#text} at (1,7) size 10x18
                text run at (1,7) width 18: "\x{304B}\x{3044}"
          RenderText {#text} at (790,0) size 44x480
            text run at (790,304) width 177: "\x{3042}\x{308B}\x{4E16}\x{3068}\x{77E5}\x{3063}\x{305F}\x{3002}\x{4E8C}\x{5341}\x{4E94}"
            text run at (817,0) width 112: "\x{5E74}\x{306B}\x{3057}\x{3066}\x{660E}\x{6697}\x{306F}"
          RenderInline {ruby} at (817,112) size 17x36
            RenderInline (generated) at (817,110) size 17x36
              RenderInline {rb} at (817,112) size 17x32
                RenderText {#text} at (817,112) size 17x32
                  text run at (817,112) width 32: "\x{8868}\x{88CF}"
            RenderBlock {rt} at (807,110) size 10x36
              RenderText {#text} at (1,0) size 10x36
                text run at (1,0) width 36: "\x{3072}\x{3087}\x{3046}\x{308A}"
          RenderText {#text} at (817,0) size 44x480
            text run at (817,144) width 336: "\x{306E}\x{3054}\x{3068}\x{304F}\x{3001}\x{65E5}\x{306E}\x{3042}\x{305F}\x{308B}\x{6240}\x{306B}\x{306F}\x{304D}\x{3063}\x{3068}\x{5F71}\x{304C}\x{3055}\x{3059}\x{3068}"
            text run at (843,0) width 113: "\x{609F}\x{3063}\x{305F}\x{3002}\x{4E09}\x{5341}\x{306E}"
          RenderInline {ruby} at (843,112) size 18x36
            RenderInline (generated) at (843,110) size 18x36
              RenderInline {rb} at (843,112) size 18x32
                RenderText {#text} at (843,112) size 18x32
                  text run at (843,112) width 33: "\x{4ECA}\x{65E5}"
            RenderBlock {rt} at (833,110) size 11x36
              RenderText {#text} at (1,0) size 10x36
                text run at (1,0) width 36: "\x{3053}\x{3093}\x{306B}\x{3061}"
          RenderText {#text} at (843,144) size 18x288
            text run at (843,144) width 289: "\x{306F}\x{3053}\x{3046}\x{601D}\x{3046}\x{3066}\x{3044}\x{308B}\x{3002}\x{2015}\x{2015}\x{559C}\x{3073}\x{306E}\x{6DF1}\x{304D}\x{3068}\x{304D}"
          RenderInline {ruby} at (843,432) size 18x27
            RenderInline (generated) at (843,427) size 18x28
              RenderInline {rb} at (843,433) size 18x16
                RenderText {#text} at (843,433) size 18x16
                  text run at (843,433) width 17: "\x{6182}"
            RenderBlock {rt} at (833,427) size 11x28
              RenderText {#text} at (1,0) size 10x27
                text run at (1,0) width 27: "\x{3046}\x{308C}\x{3044}"
          RenderText {#text} at (843,0) size 44x466
            text run at (843,450) width 17: "\x{3044}"
            text run at (870,0) width 96: "\x{3088}\x{3044}\x{3088}\x{6DF1}\x{304F}\x{3001}"
          RenderInline {ruby} at (870,96) size 17x27
            RenderInline (generated) at (870,91) size 17x28
              RenderInline {rb} at (870,97) size 17x16
                RenderText {#text} at (870,97) size 17x16
                  text run at (870,97) width 16: "\x{697D}"
            RenderBlock {rt} at (860,91) size 10x28
              RenderText {#text} at (1,0) size 10x27
                text run at (1,0) width 27: "\x{305F}\x{306E}\x{3057}"
          RenderText {#text} at (870,0) size 44x482
            text run at (870,114) width 368: "\x{307F}\x{306E}\x{5927}\x{3044}\x{306A}\x{308B}\x{307B}\x{3069}\x{82E6}\x{3057}\x{307F}\x{3082}\x{5927}\x{304D}\x{3044}\x{3002}\x{3053}\x{308C}\x{3092}\x{5207}\x{308A}\x{653E}\x{305D}"
            text run at (896,0) width 177: "\x{3046}\x{3068}\x{3059}\x{308B}\x{3068}\x{8EAB}\x{304C}\x{6301}\x{3066}\x{306C}\x{3002}"
          RenderInline {ruby} at (896,176) size 18x18
            RenderInline (generated) at (896,175) size 18x18
              RenderInline {rb} at (896,176) size 18x16
                RenderText {#text} at (896,176) size 18x16
                  text run at (896,176) width 17: "\x{7247}"
            RenderBlock {rt} at (886,175) size 11x18
              RenderText {#text} at (1,0) size 10x18
                text run at (1,0) width 18: "\x{304B}\x{305F}"
          RenderText {#text} at (896,0) size 44x480
            text run at (896,192) width 289: "\x{3065}\x{3051}\x{3088}\x{3046}\x{3068}\x{3059}\x{308C}\x{3070}\x{4E16}\x{304C}\x{7ACB}\x{305F}\x{306C}\x{3002}\x{91D1}\x{306F}\x{5927}\x{4E8B}"
            text run at (923,0) width 128: "\x{3060}\x{3001}\x{5927}\x{4E8B}\x{306A}\x{3082}\x{306E}\x{304C}"
          RenderInline {ruby} at (923,128) size 17x16
            RenderInline (generated) at (923,128) size 17x16
              RenderInline {rb} at (923,128) size 17x16
                RenderText {#text} at (923,128) size 17x16
                  text run at (923,128) width 16: "\x{6B96}"
            RenderBlock {rt} at (913,128) size 10x16
              RenderText {#text} at (1,3) size 10x10
                text run at (1,3) width 9: "\x{3075}"
          RenderText {#text} at (923,144) size 17x48
            text run at (923,144) width 48: "\x{3048}\x{308C}\x{3070}"
          RenderInline {ruby} at (923,192) size 17x16
            RenderInline (generated) at (923,192) size 17x16
              RenderInline {rb} at (923,192) size 17x16
                RenderText {#text} at (923,192) size 17x16
                  text run at (923,192) width 16: "\x{5BDD}"
            RenderBlock {rt} at (913,192) size 10x16
              RenderText {#text} at (1,3) size 10x10
                text run at (1,3) width 9: "\x{306D}"
          RenderText {#text} at (923,208) size 17x16
            text run at (923,208) width 16: "\x{308B}"
          RenderInline {ruby} at (923,224) size 17x16
            RenderInline (generated) at (923,224) size 17x16
              RenderInline {rb} at (923,224) size 17x16
                RenderText {#text} at (923,224) size 17x16
                  text run at (923,224) width 16: "\x{9593}"
            RenderBlock {rt} at (913,224) size 10x16
              RenderText {#text} at (1,3) size 10x10
                text run at (1,3) width 9: "\x{307E}"
          RenderText {#text} at (923,0) size 62x480
            text run at (923,240) width 240: "\x{3082}\x{5FC3}\x{914D}\x{3060}\x{308D}\x{3046}\x{3002}\x{604B}\x{306F}\x{3046}\x{308C}\x{3057}\x{3044}\x{3001}\x{5B09}"
            text run at (941,0) width 480: "\x{3057}\x{3044}\x{604B}\x{304C}\x{7A4D}\x{3082}\x{308C}\x{3070}\x{3001}\x{604B}\x{3092}\x{305B}\x{306C}\x{6614}\x{304C}\x{304B}\x{3048}\x{3063}\x{3066}\x{604B}\x{3057}\x{304B}\x{308D}\x{3002}\x{95A3}\x{50DA}\x{306E}\x{80A9}\x{306F}\x{6570}"
            text run at (967,0) width 97: "\x{767E}\x{4E07}\x{4EBA}\x{306E}\x{8DB3}\x{3092}"
          RenderInline {ruby} at (967,96) size 18x18
            RenderInline (generated) at (967,95) size 18x18
              RenderInline {rb} at (967,96) size 18x16
                RenderText {#text} at (967,96) size 18x16
                  text run at (967,96) width 17: "\x{652F}"
            RenderBlock {rt} at (957,95) size 11x18
              RenderText {#text} at (1,0) size 10x18
                text run at (1,0) width 18: "\x{3055}\x{3055}"
          RenderText {#text} at (967,112) size 18x80
            text run at (967,112) width 81: "\x{3048}\x{3066}\x{3044}\x{308B}\x{3002}"
          RenderInline {ruby} at (967,192) size 18x32
            RenderInline (generated) at (967,192) size 18x32
              RenderInline {rb} at (967,192) size 18x32
                RenderText {#text} at (967,192) size 18x32
                  text run at (967,192) width 33: "\x{80CC}\x{4E2D}"
            RenderBlock {rt} at (957,192) size 11x32
              RenderText {#text} at (1,2) size 10x28
                text run at (1,2) width 27: "\x{305B}\x{306A}\x{304B}"
          RenderText {#text} at (967,0) size 44x480
            text run at (967,224) width 257: "\x{306B}\x{306F}\x{91CD}\x{3044}\x{5929}\x{4E0B}\x{304C}\x{304A}\x{3076}\x{3055}\x{3063}\x{3066}\x{3044}\x{308B}\x{3002}\x{3046}"
            text run at (994,0) width 272: "\x{307E}\x{3044}\x{7269}\x{3082}\x{98DF}\x{308F}\x{306D}\x{3070}\x{60DC}\x{3057}\x{3044}\x{3002}\x{5C11}\x{3057}\x{98DF}\x{3048}\x{3070}"
          RenderInline {ruby} at (994,272) size 17x16
            RenderInline (generated) at (994,272) size 17x16
              RenderInline {rb} at (994,272) size 17x16
                RenderText {#text} at (994,272) size 17x16
                  text run at (994,272) width 16: "\x{98FD}"
            RenderBlock {rt} at (984,272) size 10x16
              RenderText {#text} at (1,3) size 10x10
                text run at (1,3) width 9: "\x{3042}"
          RenderText {#text} at (994,288) size 17x16
            text run at (994,288) width 16: "\x{304D}"
          RenderInline {ruby} at (994,304) size 17x16
            RenderInline (generated) at (994,304) size 17x16
              RenderInline {rb} at (994,304) size 17x16
                RenderText {#text} at (994,304) size 17x16
                  text run at (994,304) width 16: "\x{8DB3}"
            RenderBlock {rt} at (984,304) size 10x16
              RenderText {#text} at (1,3) size 10x10
                text run at (1,3) width 9: "\x{305F}"
          RenderText {#text} at (994,0) size 35x480
            text run at (994,320) width 160: "\x{3089}\x{306C}\x{3002}\x{5B58}\x{5206}\x{98DF}\x{3048}\x{3070}\x{3042}\x{3068}"
            text run at (1012,0) width 128: "\x{304C}\x{4E0D}\x{6109}\x{5FEB}\x{3060}\x{3002}\x{2026}\x{2026}"
          RenderBR {br} at (1012,128) size 17x0
          RenderText {#text} at (1038,0) size 18x16
            text run at (1038,0) width 17: "\x{3000}"
          RenderInline {ruby} at (1038,16) size 18x16
            RenderInline (generated) at (1038,16) size 18x16
              RenderInline {rb} at (1038,16) size 18x16
                RenderText {#text} at (1038,16) size 18x16
                  text run at (1038,16) width 17: "\x{4F59}"
            RenderBlock {rt} at (1028,16) size 11x16
              RenderText {#text} at (1,3) size 10x10
                text run at (1,3) width 9: "\x{3088}"
          RenderText {#text} at (1038,32) size 18x16
            text run at (1038,32) width 17: "\x{306E}"
          RenderInline {ruby} at (1038,48) size 18x36
            RenderInline (generated) at (1038,43) size 18x37
              RenderInline {rb} at (1038,53) size 18x17
                RenderText {#text} at (1038,53) size 18x17
                  text run at (1038,53) width 17: "\x{8003}"
            RenderBlock {rt} at (1028,43) size 11x37
              RenderText {#text} at (1,0) size 10x36
                text run at (1,0) width 36: "\x{304B}\x{3093}\x{304C}\x{3048}"
          RenderText {#text} at (1038,75) size 18x256
            text run at (1038,75) width 257: "\x{304C}\x{3053}\x{3053}\x{307E}\x{3067}\x{6F02}\x{6D41}\x{3057}\x{3066}\x{6765}\x{305F}\x{6642}\x{306B}\x{3001}\x{4F59}\x{306E}"
          RenderInline {ruby} at (1038,331) size 18x32
            RenderInline (generated) at (1038,331) size 18x32
              RenderInline {rb} at (1038,331) size 18x32
                RenderText {#text} at (1038,331) size 18x32
                  text run at (1038,331) width 33: "\x{53F3}\x{8DB3}"
            RenderBlock {rt} at (1028,331) size 11x32
              RenderText {#text} at (1,2) size 10x28
                text run at (1,2) width 27: "\x{3046}\x{305D}\x{304F}"
          RenderText {#text} at (1038,363) size 18x48
            text run at (1038,363) width 49: "\x{306F}\x{7A81}\x{7136}"
          RenderInline {ruby} at (1038,411) size 18x18
            RenderInline (generated) at (1038,410) size 18x18
              RenderInline {rb} at (1038,411) size 18x16
                RenderText {#text} at (1038,411) size 18x16
                  text run at (1038,411) width 17: "\x{5750}"
            RenderBlock {rt} at (1028,410) size 11x18
              RenderText {#text} at (1,0) size 10x18
                text run at (1,0) width 18: "\x{3059}\x{308F}"
          RenderText {#text} at (1038,0) size 44x475
            text run at (1038,427) width 49: "\x{308A}\x{306E}\x{308F}"
            text run at (1065,0) width 32: "\x{308B}\x{3044}"
          RenderInline {ruby} at (1065,32) size 17x36
            RenderInline (generated) at (1065,30) size 17x36
              RenderInline {rb} at (1065,32) size 17x32
                RenderText {#text} at (1065,32) size 17x32
                  text run at (1065,32) width 32: "\x{89D2}\x{77F3}"
            RenderBlock {rt} at (1055,30) size 10x36
              RenderText {#text} at (1,0) size 10x36
                text run at (1,0) width 36: "\x{304B}\x{304F}\x{3044}\x{3057}"
          RenderText {#text} at (1065,64) size 17x16
            text run at (1065,64) width 16: "\x{306E}"
          RenderInline {ruby} at (1065,80) size 17x18
            RenderInline (generated) at (1065,79) size 17x18
              RenderInline {rb} at (1065,80) size 17x16
                RenderText {#text} at (1065,80) size 17x16
                  text run at (1065,80) width 16: "\x{7AEF}"
            RenderBlock {rt} at (1055,79) size 10x18
              RenderText {#text} at (1,0) size 10x18
                text run at (1,0) width 18: "\x{306F}\x{3057}"
          RenderText {#text} at (1065,96) size 17x48
            text run at (1065,96) width 48: "\x{3092}\x{8E0F}\x{307F}"
          RenderInline {ruby} at (1065,144) size 17x16
            RenderInline (generated) at (1065,144) size 17x16
              RenderInline {rb} at (1065,144) size 17x16
                RenderText {#text} at (1065,144) size 17x16
                  text run at (1065,144) width 16: "\x{640D}"
            RenderBlock {rt} at (1055,144) size 10x16
              RenderText {#text} at (1,3) size 10x10
                text run at (1,3) width 9: "\x{305D}"
          RenderText {#text} at (1065,160) size 17x80
            text run at (1065,160) width 80: "\x{304F}\x{306A}\x{3063}\x{305F}\x{3002}"
          RenderInline {ruby} at (1065,240) size 17x36
            RenderInline (generated) at (1065,238) size 17x36
              RenderInline {rb} at (1065,240) size 17x32
                RenderText {#text} at (1065,240) size 17x32
                  text run at (1065,240) width 32: "\x{5E73}\x{8861}"
            RenderBlock {rt} at (1055,238) size 10x36
              RenderText {#text} at (1,0) size 10x36
                text run at (1,0) width 36: "\x{3078}\x{3044}\x{3053}\x{3046}"
          RenderText {#text} at (1065,0) size 44x480
            text run at (1065,272) width 208: "\x{3092}\x{4FDD}\x{3064}\x{305F}\x{3081}\x{306B}\x{3001}\x{3059}\x{308F}\x{3084}\x{3068}\x{524D}\x{306B}"
            text run at (1091,0) width 81: "\x{98DB}\x{3073}\x{51FA}\x{3057}\x{305F}"
          RenderInline {ruby} at (1091,80) size 18x32
            RenderInline (generated) at (1091,80) size 18x32
              RenderInline {rb} at (1091,80) size 18x32
                RenderText {#text} at (1091,80) size 18x32
                  text run at (1091,80) width 33: "\x{5DE6}\x{8DB3}"
            RenderBlock {rt} at (1081,80) size 11x32
              RenderText {#text} at (1,2) size 10x28
                text run at (1,2) width 27: "\x{3055}\x{305D}\x{304F}"
          RenderText {#text} at (1091,112) size 18x32
            text run at (1091,112) width 33: "\x{304C}\x{3001}"
          RenderInline {ruby} at (1091,144) size 18x32
            RenderInline (generated) at (1091,144) size 18x32
              RenderInline {rb} at (1091,144) size 18x32
                RenderText {#text} at (1091,144) size 18x32
                  text run at (1091,144) width 33: "\x{4ED5}\x{640D}"
            RenderBlock {rt} at (1081,144) size 11x32
              RenderText {#text} at (1,2) size 10x28
                text run at (1,2) width 27: "\x{3057}\x{305D}\x{3093}"
          RenderText {#text} at (1091,176) size 18x32
            text run at (1091,176) width 33: "\x{3058}\x{306E}"
          RenderInline {ruby} at (1091,208) size 18x16
            RenderInline (generated) at (1091,208) size 18x16
              RenderInline {rb} at (1091,208) size 18x16
                RenderText {#text} at (1091,208) size 18x16
                  text run at (1091,208) width 17: "\x{57CB}"
            RenderBlock {rt} at (1081,208) size 11x16
              RenderText {#text} at (1,3) size 10x10
                text run at (1,3) width 9: "\x{3046}"
          RenderText {#text} at (1091,224) size 18x16
            text run at (1091,224) width 17: "\x{3081}"
          RenderInline {ruby} at (1091,240) size 18x18
            RenderInline (generated) at (1091,239) size 18x18
              RenderInline {rb} at (1091,240) size 18x16
                RenderText {#text} at (1091,240) size 18x16
                  text run at (1091,240) width 17: "\x{5408}"
            RenderBlock {rt} at (1081,239) size 11x18
              RenderText {#text} at (1,0) size 10x18
                text run at (1,0) width 18: "\x{3042}\x{308F}"
          RenderText {#text} at (1091,0) size 44x480
            text run at (1091,256) width 225: "\x{305B}\x{3092}\x{3059}\x{308B}\x{3068}\x{5171}\x{306B}\x{3001}\x{4F59}\x{306E}\x{8170}\x{306F}\x{5177}\x{5408}"
            text run at (1118,0) width 32: "\x{3088}\x{304F}"
          RenderInline {ruby} at (1118,32) size 17x18
            RenderInline (generated) at (1118,31) size 17x18
              RenderInline {rb} at (1118,32) size 17x16
                RenderText {#text} at (1118,32) size 17x16
                  text run at (1118,32) width 16: "\x{65B9}"
            RenderBlock {rt} at (1108,31) size 10x18
              RenderText {#text} at (1,0) size 10x18
                text run at (1,0) width 18: "\x{307B}\x{3046}"
          RenderText {#text} at (1118,48) size 17x144
            text run at (1118,48) width 144: "\x{4E09}\x{5C3A}\x{307B}\x{3069}\x{306A}\x{5CA9}\x{306E}\x{4E0A}\x{306B}"
          RenderInline {ruby} at (1118,192) size 17x16
            RenderInline (generated) at (1118,192) size 17x16
              RenderInline {rb} at (1118,192) size 17x16
                RenderText {#text} at (1118,192) size 17x16
                  text run at (1118,192) width 16: "\x{5378}"
            RenderBlock {rt} at (1108,192) size 10x16
              RenderText {#text} at (1,3) size 10x10
                text run at (1,3) width 9: "\x{304A}"
          RenderText {#text} at (1118,208) size 17x208
            text run at (1118,208) width 208: "\x{308A}\x{305F}\x{3002}\x{80A9}\x{306B}\x{304B}\x{3051}\x{305F}\x{7D75}\x{306E}\x{5177}\x{7BB1}\x{304C}"
          RenderInline {ruby} at (1118,416) size 17x18
            RenderInline (generated) at (1118,415) size 17x18
              RenderInline {rb} at (1118,416) size 17x16
                RenderText {#text} at (1118,416) size 17x16
                  text run at (1118,416) width 16: "\x{814B}"
            RenderBlock {rt} at (1108,415) size 10x18
              RenderText {#text} at (1,0) size 10x18
                text run at (1,0) width 18: "\x{308F}\x{304D}"
          RenderText {#text} at (1118,0) size 44x480
            text run at (1118,432) width 48: "\x{306E}\x{4E0B}\x{304B}"
            text run at (1144,0) width 17: "\x{3089}"
          RenderInline {ruby} at (1144,16) size 18x18
            RenderInline (generated) at (1144,15) size 18x18
              RenderInline {rb} at (1144,16) size 18x16
                RenderText {#text} at (1144,16) size 18x16
                  text run at (1144,16) width 17: "\x{8E8D}"
            RenderBlock {rt} at (1134,15) size 11x18
              RenderText {#text} at (1,0) size 10x18
                text run at (1,0) width 18: "\x{304A}\x{3069}"
          RenderText {#text} at (1144,32) size 18x176
            text run at (1144,32) width 177: "\x{308A}\x{51FA}\x{3057}\x{305F}\x{3060}\x{3051}\x{3067}\x{3001}\x{5E78}\x{3044}\x{3068}"
          RenderInline {ruby} at (1144,208) size 18x18
            RenderInline (generated) at (1144,207) size 18x18
              RenderInline {rb} at (1144,208) size 18x16
                RenderText {#text} at (1144,208) size 18x16
                  text run at (1144,208) width 17: "\x{4F55}"
            RenderBlock {rt} at (1134,207) size 11x18
              RenderText {#text} at (1,0) size 10x18
                text run at (1,0) width 18: "\x{306A}\x{3093}"
          RenderText {#text} at (1144,224) size 18x128
            text run at (1144,224) width 129: "\x{306E}\x{4E8B}\x{3082}\x{306A}\x{304B}\x{3063}\x{305F}\x{3002}"
          RenderBR {br} at (1144,352) size 18x0
          RenderText {#text} at (1171,0) size 17x240
            text run at (1171,0) width 240: "\x{3000}\x{7ACB}\x{3061}\x{4E0A}\x{304C}\x{308B}\x{6642}\x{306B}\x{5411}\x{3046}\x{3092}\x{898B}\x{308B}\x{3068}\x{3001}"
          RenderInline {ruby} at (1171,240) size 17x18
            RenderInline (generated) at (1171,239) size 17x18
              RenderInline {rb} at (1171,240) size 17x16
                RenderText {#text} at (1171,240) size 17x16
                  text run at (1171,240) width 16: "\x{8DEF}"
            RenderBlock {rt} at (1161,239) size 10x18
              RenderText {#text} at (1,0) size 10x18
                text run at (1,0) width 18: "\x{307F}\x{3061}"
          RenderText {#text} at (1171,0) size 44x480
            text run at (1171,256) width 224: "\x{304B}\x{3089}\x{5DE6}\x{306E}\x{65B9}\x{306B}\x{30D0}\x{30B1}\x{30C4}\x{3092}\x{4F0F}\x{305B}\x{305F}\x{3088}"
            text run at (1197,0) width 65: "\x{3046}\x{306A}\x{5CF0}\x{304C}"
          RenderInline {ruby} at (1197,64) size 18x18
            RenderInline (generated) at (1197,63) size 18x18
              RenderInline {rb} at (1197,64) size 18x16
                RenderText {#text} at (1197,64) size 18x16
                  text run at (1197,64) width 17: "\x{8073}"
            RenderBlock {rt} at (1187,63) size 11x18
              RenderText {#text} at (1,0) size 10x18
                text run at (1,0) width 18: "\x{305D}\x{3073}"
          RenderText {#text} at (1197,80) size 18x112
            text run at (1197,80) width 113: "\x{3048}\x{3066}\x{3044}\x{308B}\x{3002}\x{6749}\x{304B}"
          RenderInline {ruby} at (1197,192) size 18x27
            RenderInline (generated) at (1197,187) size 18x28
              RenderInline {rb} at (1197,193) size 18x16
                RenderText {#text} at (1197,193) size 18x16
                  text run at (1197,193) width 17: "\x{6A9C}"
            RenderBlock {rt} at (1187,187) size 11x28
              RenderText {#text} at (1,0) size 10x27
                text run at (1,0) width 27: "\x{3072}\x{306E}\x{304D}"
          RenderText {#text} at (1197,210) size 18x112
            text run at (1197,210) width 113: "\x{304B}\x{5206}\x{304B}\x{3089}\x{306A}\x{3044}\x{304C}"
          RenderInline {ruby} at (1197,322) size 18x32
            RenderInline (generated) at (1197,322) size 18x32
              RenderInline {rb} at (1197,322) size 18x32
                RenderText {#text} at (1197,322) size 18x32
                  text run at (1197,322) width 33: "\x{6839}\x{5143}"
            RenderBlock {rt} at (1187,322) size 11x32
              RenderText {#text} at (1,2) size 10x28
                text run at (1,2) width 27: "\x{306D}\x{3082}\x{3068}"
          RenderText {#text} at (1197,354) size 18x32
            text run at (1197,354) width 33: "\x{304B}\x{3089}"
          RenderInline {ruby} at (1197,386) size 18x27
            RenderInline (generated) at (1197,381) size 18x28
              RenderInline {rb} at (1197,387) size 18x16
                RenderText {#text} at (1197,387) size 18x16
                  text run at (1197,387) width 17: "\x{9802}"
            RenderBlock {rt} at (1187,381) size 11x28
              RenderText {#text} at (1,0) size 10x27
                text run at (1,0) width 27: "\x{3044}\x{305F}\x{3060}"
          RenderText {#text} at (1197,0) size 44x468
            text run at (1197,404) width 65: "\x{304D}\x{307E}\x{3067}\x{3053}"
            text run at (1224,0) width 64: "\x{3068}\x{3054}\x{3068}\x{304F}"
          RenderInline {ruby} at (1224,64) size 17x36
            RenderInline (generated) at (1224,62) size 17x36
              RenderInline {rb} at (1224,64) size 17x32
                RenderText {#text} at (1224,64) size 17x32
                  text run at (1224,64) width 32: "\x{84BC}\x{9ED2}"
            RenderBlock {rt} at (1214,62) size 10x36
              RenderText {#text} at (1,0) size 10x36
                text run at (1,0) width 36: "\x{3042}\x{304A}\x{3050}\x{308D}"
          RenderText {#text} at (1224,96) size 17x240
            text run at (1224,96) width 240: "\x{3044}\x{4E2D}\x{306B}\x{3001}\x{5C71}\x{685C}\x{304C}\x{8584}\x{8D64}\x{304F}\x{3060}\x{3093}\x{3060}\x{3089}\x{306B}"
          RenderInline {ruby} at (1224,336) size 17x32
            RenderInline (generated) at (1224,336) size 17x32
              RenderInline {rb} at (1224,336) size 17x32
                RenderText {#text} at (1224,336) size 17x32
                  text run at (1224,336) width 32: "\x{68DA}\x{5F15}"
            RenderBlock {rt} at (1214,336) size 10x32
              RenderText {#text} at (1,2) size 10x28
                text run at (1,2) width 27: "\x{305F}\x{306A}\x{3073}"
          RenderText {#text} at (1224,368) size 17x48
            text run at (1224,368) width 48: "\x{3044}\x{3066}\x{3001}"
          RenderInline {ruby} at (1224,416) size 17x16
            RenderInline (generated) at (1224,416) size 17x16
              RenderInline {rb} at (1224,416) size 17x16
                RenderText {#text} at (1224,416) size 17x16
                  text run at (1224,416) width 16: "\x{7D9A}"
            RenderBlock {rt} at (1214,416) size 10x16
              RenderText {#text} at (1,3) size 10x10
                text run at (1,3) width 9: "\x{3064}"
          RenderText {#text} at (1224,432) size 17x16
            text run at (1224,432) width 16: "\x{304E}"
          RenderInline {ruby} at (1224,448) size 17x16
            RenderInline (generated) at (1224,448) size 17x16
              RenderInline {rb} at (1224,448) size 17x16
                RenderText {#text} at (1224,448) size 17x16
                  text run at (1224,448) width 16: "\x{76EE}"
            RenderBlock {rt} at (1214,448) size 10x16
              RenderText {#text} at (1,3) size 10x10
                text run at (1,3) width 9: "\x{3081}"
          RenderText {#text} at (1224,464) size 17x16
            text run at (1224,464) width 16: "\x{304C}"
          RenderInline {ruby} at (1250,0) size 18x18
            RenderInline (generated) at (1250,0) size 18x18
              RenderInline {rb} at (1250,1) size 18x16
                RenderText {#text} at (1250,1) size 18x16
                  text run at (1250,1) width 17: "\x{78BA}"
            RenderBlock {rt} at (1240,0) size 11x18
              RenderText {#text} at (1,0) size 10x18
                text run at (1,0) width 18: "\x{3057}\x{304B}"
          RenderText {#text} at (1250,17) size 18x112
            text run at (1250,17) width 113: "\x{3068}\x{898B}\x{3048}\x{306C}\x{304F}\x{3089}\x{3044}"
          RenderInline {ruby} at (1250,129) size 18x18
            RenderInline (generated) at (1250,128) size 18x18
              RenderInline {rb} at (1250,129) size 18x16
                RenderText {#text} at (1250,129) size 18x16
                  text run at (1250,129) width 17: "\x{9744}"
            RenderBlock {rt} at (1240,128) size 11x18
              RenderText {#text} at (1,0) size 10x18
                text run at (1,0) width 18: "\x{3082}\x{3084}"
          RenderText {#text} at (1250,145) size 18x144
            text run at (1250,145) width 145: "\x{304C}\x{6FC3}\x{3044}\x{3002}\x{5C11}\x{3057}\x{624B}\x{524D}\x{306B}"
          RenderInline {ruby} at (1250,289) size 18x36
            RenderInline (generated) at (1250,287) size 18x36
              RenderInline {rb} at (1250,289) size 18x32
                RenderText {#text} at (1250,289) size 18x32
                  text run at (1250,289) width 33: "\x{79BF}\x{5C71}"
            RenderBlock {rt} at (1240,287) size 11x36
              RenderText {#text} at (1,0) size 10x36
                text run at (1,0) width 36: "\x{306F}\x{3052}\x{3084}\x{307E}"
          RenderText {#text} at (1250,321) size 18x64
            text run at (1250,321) width 65: "\x{304C}\x{4E00}\x{3064}\x{3001}"
          RenderInline {ruby} at (1250,385) size 18x18
            RenderInline (generated) at (1250,384) size 18x18
              RenderInline {rb} at (1250,385) size 18x16
                RenderText {#text} at (1250,385) size 18x16
                  text run at (1250,385) width 17: "\x{7FA4}"
            RenderBlock {rt} at (1240,384) size 11x18
              RenderText {#text} at (1,0) size 10x18
                text run at (1,0) width 18: "\x{3050}\x{3093}"
          RenderText {#text} at (1250,0) size 44x481
            text run at (1250,401) width 81: "\x{3092}\x{306C}\x{304D}\x{3093}\x{3067}"
            text run at (1277,0) width 16: "\x{3066}"
          RenderInline {ruby} at (1277,16) size 17x18
            RenderInline (generated) at (1277,15) size 17x18
              RenderInline {rb} at (1277,16) size 17x16
                RenderText {#text} at (1277,16) size 17x16
                  text run at (1277,16) width 16: "\x{7709}"
            RenderBlock {rt} at (1267,15) size 10x18
              RenderText {#text} at (1,0) size 10x18
                text run at (1,0) width 18: "\x{307E}\x{3086}"
          RenderText {#text} at (1277,32) size 17x16
            text run at (1277,32) width 16: "\x{306B}"
          RenderInline {ruby} at (1277,48) size 17x18
            RenderInline (generated) at (1277,47) size 17x18
              RenderInline {rb} at (1277,48) size 17x16
                RenderText {#text} at (1277,48) size 17x16
                  text run at (1277,48) width 16: "\x{903C}"
            RenderBlock {rt} at (1267,47) size 10x18
              RenderText {#text} at (1,0) size 10x18
                text run at (1,0) width 18: "\x{305B}\x{307E}"
          RenderText {#text} at (1277,64) size 17x32
            text run at (1277,64) width 32: "\x{308B}\x{3002}"
          RenderInline {ruby} at (1277,96) size 17x16
            RenderInline (generated) at (1277,96) size 17x16
              RenderInline {rb} at (1277,96) size 17x16
                RenderText {#text} at (1277,96) size 17x16
                  text run at (1277,96) width 16: "\x{79BF}"
            RenderBlock {rt} at (1267,96) size 10x16
              RenderText {#text} at (1,3) size 10x10
                text run at (1,3) width 9: "\x{306F}"
          RenderText {#text} at (1277,112) size 17x128
            text run at (1277,112) width 128: "\x{3052}\x{305F}\x{5074}\x{9762}\x{306F}\x{5DE8}\x{4EBA}\x{306E}"
          RenderInline {ruby} at (1277,240) size 17x18
            RenderInline (generated) at (1277,239) size 17x18
              RenderInline {rb} at (1277,240) size 17x16
                RenderText {#text} at (1277,240) size 17x16
                  text run at (1277,240) width 16: "\x{65A7}"
            RenderBlock {rt} at (1267,239) size 10x18
              RenderText {#text} at (1,0) size 10x18
                text run at (1,0) width 18: "\x{304A}\x{306E}"
          RenderText {#text} at (1277,256) size 17x16
            text run at (1277,256) width 16: "\x{3067}"
          RenderInline {ruby} at (1277,272) size 17x18
            RenderInline (generated) at (1277,271) size 17x18
              RenderInline {rb} at (1277,272) size 17x16
                RenderText {#text} at (1277,272) size 17x16
                  text run at (1277,272) width 16: "\x{524A}"
            RenderBlock {rt} at (1267,271) size 10x18
              RenderText {#text} at (1,0) size 10x18
                text run at (1,0) width 18: "\x{3051}\x{305A}"
          RenderText {#text} at (1277,0) size 44x480
            text run at (1277,288) width 192: "\x{308A}\x{53BB}\x{3063}\x{305F}\x{304B}\x{3001}\x{92ED}\x{3069}\x{304D}\x{5E73}\x{9762}\x{3092}"
            text run at (1303,0) width 113: "\x{3084}\x{3051}\x{306B}\x{8C37}\x{306E}\x{5E95}\x{306B}"
          RenderInline {ruby} at (1303,112) size 18x18
            RenderInline (generated) at (1303,111) size 18x18
              RenderInline {rb} at (1303,112) size 18x16
                RenderText {#text} at (1303,112) size 18x16
                  text run at (1303,112) width 17: "\x{57CB}"
            RenderBlock {rt} at (1293,111) size 11x18
              RenderText {#text} at (1,0) size 10x18
                text run at (1,0) width 18: "\x{3046}\x{305A}"
          RenderText {#text} at (1303,128) size 18x80
            text run at (1303,128) width 81: "\x{3081}\x{3066}\x{3044}\x{308B}\x{3002}"
          RenderInline {ruby} at (1303,208) size 18x36
            RenderInline (generated) at (1303,206) size 18x36
              RenderInline {rb} at (1303,208) size 18x32
                RenderText {#text} at (1303,208) size 18x32
                  text run at (1303,208) width 33: "\x{5929}\x{8FBA}"
            RenderBlock {rt} at (1293,206) size 11x36
              RenderText {#text} at (1,0) size 10x36
                text run at (1,0) width 36: "\x{3066}\x{3063}\x{307A}\x{3093}"
          RenderText {#text} at (1303,0) size 44x480
            text run at (1303,240) width 241: "\x{306B}\x{4E00}\x{672C}\x{898B}\x{3048}\x{308B}\x{306E}\x{306F}\x{8D64}\x{677E}\x{3060}\x{308D}\x{3046}\x{3002}\x{679D}"
            text run at (1330,0) width 96: "\x{306E}\x{9593}\x{306E}\x{7A7A}\x{3055}\x{3048}"
          RenderInline {ruby} at (1330,96) size 17x36
            RenderInline (generated) at (1330,94) size 17x36
              RenderInline {rb} at (1330,96) size 17x32
                RenderText {#text} at (1330,96) size 17x32
                  text run at (1330,96) width 32: "\x{5224}\x{7136}"
            RenderBlock {rt} at (1320,94) size 10x36
              RenderText {#text} at (1,0) size 10x36
                text run at (1,0) width 36: "\x{306F}\x{3063}\x{304D}\x{308A}"
          RenderText {#text} at (1330,0) size 44x480
            text run at (1330,128) width 352: "\x{3057}\x{3066}\x{3044}\x{308B}\x{3002}\x{884C}\x{304F}\x{624B}\x{306F}\x{4E8C}\x{4E01}\x{307B}\x{3069}\x{3067}\x{5207}\x{308C}\x{3066}\x{3044}\x{308B}\x{304C}\x{3001}\x{9AD8}"
            text run at (1356,0) width 97: "\x{3044}\x{6240}\x{304B}\x{3089}\x{8D64}\x{3044}"
          RenderInline {ruby} at (1356,96) size 18x32
            RenderInline (generated) at (1356,96) size 18x32
              RenderInline {rb} at (1356,96) size 18x32
                RenderText {#text} at (1356,96) size 18x32
                  text run at (1356,96) width 33: "\x{6BDB}\x{5E03}"
            RenderBlock {rt} at (1346,96) size 11x32
              RenderText {#text} at (1,2) size 10x28
                text run at (1,2) width 27: "\x{3051}\x{3063}\x{3068}"
          RenderText {#text} at (1356,0) size 44x480
            text run at (1356,128) width 353: "\x{304C}\x{52D5}\x{3044}\x{3066}\x{6765}\x{308B}\x{306E}\x{3092}\x{898B}\x{308B}\x{3068}\x{3001}\x{767B}\x{308C}\x{3070}\x{3042}\x{3059}\x{3053}\x{3078}\x{51FA}\x{308B}\x{306E}"
            text run at (1383,0) width 160: "\x{3060}\x{308D}\x{3046}\x{3002}\x{8DEF}\x{306F}\x{3059}\x{3053}\x{3076}\x{308B}"
          RenderInline {ruby} at (1383,160) size 17x32
            RenderInline (generated) at (1383,160) size 17x32
              RenderInline {rb} at (1383,160) size 17x32
                RenderText {#text} at (1383,160) size 17x32
                  text run at (1383,160) width 32: "\x{96E3}\x{7FA9}"
            RenderBlock {rt} at (1373,160) size 10x32
              RenderText {#text} at (1,2) size 10x28
                text run at (1,2) width 27: "\x{306A}\x{3093}\x{304E}"
          RenderText {#text} at (1383,192) size 17x32
            text run at (1383,192) width 32: "\x{3060}\x{3002}"
          RenderBR {br} at (1383,224) size 17x0
          RenderText {#text} at (1409,0) size 18x208
            text run at (1409,0) width 209: "\x{3000}\x{571F}\x{3092}\x{306A}\x{3089}\x{3059}\x{3060}\x{3051}\x{306A}\x{3089}\x{3055}\x{307B}\x{3069}"
          RenderInline {ruby} at (1409,208) size 18x32
            RenderInline (generated) at (1409,208) size 18x32
              RenderInline {rb} at (1409,208) size 18x32
                RenderText {#text} at (1409,208) size 18x32
                  text run at (1409,208) width 33: "\x{624B}\x{9593}"
            RenderBlock {rt} at (1399,208) size 11x32
              RenderText {#text} at (1,7) size 10x18
                text run at (1,7) width 18: "\x{3066}\x{307E}"
          RenderText {#text} at (1409,240) size 18x16
            text run at (1409,240) width 17: "\x{3082}"
          RenderInline {ruby} at (1409,256) size 18x16
            RenderInline (generated) at (1409,256) size 18x16
              RenderInline {rb} at (1409,256) size 18x16
                RenderText {#text} at (1409,256) size 18x16
                  text run at (1409,256) width 17: "\x{5165}"
            RenderBlock {rt} at (1399,256) size 11x16
              RenderText {#text} at (1,3) size 10x10
                text run at (1,3) width 9: "\x{3044}"
          RenderText {#text} at (1409,0) size 44x480
            text run at (1409,272) width 209: "\x{308B}\x{307E}\x{3044}\x{304C}\x{3001}\x{571F}\x{306E}\x{4E2D}\x{306B}\x{306F}\x{5927}\x{304D}\x{306A}"
            text run at (1436,0) width 112: "\x{77F3}\x{304C}\x{3042}\x{308B}\x{3002}\x{571F}\x{306F}"
          RenderInline {ruby} at (1436,112) size 17x18
            RenderInline (generated) at (1436,111) size 17x18
              RenderInline {rb} at (1436,112) size 17x16
                RenderText {#text} at (1436,112) size 17x16
                  text run at (1436,112) width 16: "\x{5E73}"
            RenderBlock {rt} at (1426,111) size 10x18
              RenderText {#text} at (1,0) size 10x18
                text run at (1,0) width 18: "\x{305F}\x{3044}"
          RenderText {#text} at (1436,0) size 44x464
            text run at (1436,128) width 336: "\x{3089}\x{306B}\x{3057}\x{3066}\x{3082}\x{77F3}\x{306F}\x{5E73}\x{3089}\x{306B}\x{306A}\x{3089}\x{306C}\x{3002}\x{77F3}\x{306F}\x{5207}\x{308A}\x{7815}\x{3044}\x{3066}"
            text run at (1462,0) width 177: "\x{3082}\x{3001}\x{5CA9}\x{306F}\x{59CB}\x{672B}\x{304C}\x{3064}\x{304B}\x{306C}\x{3002}"
          RenderInline {ruby} at (1462,176) size 18x36
            RenderInline (generated) at (1462,174) size 18x36
              RenderInline {rb} at (1462,176) size 18x32
                RenderText {#text} at (1462,176) size 18x32
                  text run at (1462,176) width 33: "\x{6398}\x{5D29}"
            RenderBlock {rt} at (1452,174) size 11x36
              RenderText {#text} at (1,0) size 10x36
                text run at (1,0) width 36: "\x{307B}\x{308A}\x{304F}\x{305A}"
          RenderText {#text} at (1462,208) size 18x96
            text run at (1462,208) width 97: "\x{3057}\x{305F}\x{571F}\x{306E}\x{4E0A}\x{306B}"
          RenderInline {ruby} at (1462,304) size 18x36
            RenderInline (generated) at (1462,302) size 18x36
              RenderInline {rb} at (1462,304) size 18x32
                RenderText {#text} at (1462,304) size 18x32
                  text run at (1462,304) width 33: "\x{60A0}\x{7136}"
            RenderBlock {rt} at (1452,302) size 11x36
              RenderText {#text} at (1,0) size 10x36
                text run at (1,0) width 36: "\x{3086}\x{3046}\x{305C}\x{3093}"
          RenderText {#text} at (1462,336) size 18x16
            text run at (1462,336) width 17: "\x{3068}"
          RenderInline {ruby} at (1462,352) size 18x27
            RenderInline (generated) at (1462,347) size 18x28
              RenderInline {rb} at (1462,353) size 18x16
                RenderText {#text} at (1462,353) size 18x16
                  text run at (1462,353) width 17: "\x{5CD9}"
            RenderBlock {rt} at (1452,347) size 11x28
              RenderText {#text} at (1,0) size 10x27
                text run at (1,0) width 27: "\x{305D}\x{3070}\x{3060}"
          RenderText {#text} at (1462,0) size 44x466
            text run at (1462,370) width 97: "\x{3063}\x{3066}\x{3001}\x{543E}\x{3089}\x{306E}"
            text run at (1489,0) width 112: "\x{305F}\x{3081}\x{306B}\x{9053}\x{3092}\x{8B72}\x{308B}"
          RenderInline {ruby} at (1489,112) size 17x32
            RenderInline (generated) at (1489,112) size 17x32
              RenderInline {rb} at (1489,112) size 17x32
                RenderText {#text} at (1489,112) size 17x32
                  text run at (1489,112) width 32: "\x{666F}\x{8272}"
            RenderBlock {rt} at (1479,112) size 10x32
              RenderText {#text} at (1,2) size 10x28
                text run at (1,2) width 27: "\x{3051}\x{3057}\x{304D}"
          RenderText {#text} at (1489,0) size 44x480
            text run at (1489,144) width 336: "\x{306F}\x{306A}\x{3044}\x{3002}\x{5411}\x{3046}\x{3067}\x{805E}\x{304B}\x{306C}\x{4E0A}\x{306F}\x{4E57}\x{308A}\x{8D8A}\x{3059}\x{304B}\x{3001}\x{5EFB}\x{3089}\x{306A}"
            text run at (1515,0) width 113: "\x{3051}\x{308C}\x{3070}\x{306A}\x{3089}\x{3093}\x{3002}"
          RenderInline {ruby} at (1515,112) size 18x18
            RenderInline (generated) at (1515,111) size 18x18
              RenderInline {rb} at (1515,112) size 18x16
                RenderText {#text} at (1515,112) size 18x16
                  text run at (1515,112) width 17: "\x{5DCC}"
            RenderBlock {rt} at (1505,111) size 11x18
              RenderText {#text} at (1,0) size 10x18
                text run at (1,0) width 18: "\x{3044}\x{308F}"
          RenderText {#text} at (1515,128) size 18x112
            text run at (1515,128) width 113: "\x{306E}\x{306A}\x{3044}\x{6240}\x{3067}\x{3055}\x{3048}"
          RenderInline {ruby} at (1515,240) size 18x16
            RenderInline (generated) at (1515,240) size 18x16
              RenderInline {rb} at (1515,240) size 18x16
                RenderText {#text} at (1515,240) size 18x16
                  text run at (1515,240) width 17: "\x{6B69}"
            RenderBlock {rt} at (1505,240) size 11x16
              RenderText {#text} at (1,3) size 10x10
                text run at (1,3) width 9: "\x{3042}"
          RenderText {#text} at (1515,0) size 44x480
            text run at (1515,256) width 225: "\x{308B}\x{304D}\x{3088}\x{304F}\x{306F}\x{306A}\x{3044}\x{3002}\x{5DE6}\x{53F3}\x{304C}\x{9AD8}\x{304F}\x{3063}"
            text run at (1542,0) width 80: "\x{3066}\x{3001}\x{4E2D}\x{5FC3}\x{304C}"
          RenderInline {ruby} at (1542,80) size 17x18
            RenderInline (generated) at (1542,79) size 17x18
              RenderInline {rb} at (1542,80) size 17x16
                RenderText {#text} at (1542,80) size 17x16
                  text run at (1542,80) width 16: "\x{7AAA}"
            RenderBlock {rt} at (1532,79) size 10x18
              RenderText {#text} at (1,0) size 10x18
                text run at (1,0) width 18: "\x{304F}\x{307C}"
          RenderText {#text} at (1542,96) size 17x128
            text run at (1542,96) width 128: "\x{3093}\x{3067}\x{3001}\x{307E}\x{308B}\x{3067}\x{4E00}\x{9593}"
          RenderInline {ruby} at (1542,224) size 17x18
            RenderInline (generated) at (1542,223) size 17x18
              RenderInline {rb} at (1542,224) size 17x16
                RenderText {#text} at (1542,224) size 17x16
                  text run at (1542,224) width 16: "\x{5E45}"
            RenderBlock {rt} at (1532,223) size 10x18
              RenderText {#text} at (1,0) size 10x18
                text run at (1,0) width 18: "\x{306F}\x{3070}"
          RenderText {#text} at (1542,240) size 17x64
            text run at (1542,240) width 64: "\x{3092}\x{4E09}\x{89D2}\x{306B}"
          RenderInline {ruby} at (1542,304) size 17x16
            RenderInline (generated) at (1542,304) size 17x16
              RenderInline {rb} at (1542,304) size 17x16
                RenderText {#text} at (1542,304) size 17x16
                  text run at (1542,304) width 16: "\x{7A7F}"
            RenderBlock {rt} at (1532,304) size 10x16
              RenderText {#text} at (1,3) size 10x10
                text run at (1,3) width 9: "\x{304F}"
          RenderText {#text} at (1542,320) size 17x128
            text run at (1542,320) width 128: "\x{3063}\x{3066}\x{3001}\x{305D}\x{306E}\x{9802}\x{70B9}\x{304C}"
          RenderInline {ruby} at (1542,448) size 17x36
            RenderInline (generated) at (1542,446) size 17x36
              RenderInline {rb} at (1542,448) size 17x32
                RenderText {#text} at (1542,448) size 17x32
                  text run at (1542,448) width 32: "\x{771F}\x{4E2D}"
            RenderBlock {rt} at (1532,446) size 10x36
              RenderText {#text} at (1,0) size 10x36
                text run at (1,0) width 36: "\x{307E}\x{3093}\x{306A}\x{304B}"
          RenderText {#text} at (1568,0) size 18x16
            text run at (1568,0) width 17: "\x{3092}"
          RenderInline {ruby} at (1568,16) size 18x27
            RenderInline (generated) at (1568,11) size 18x28
              RenderInline {rb} at (1568,17) size 18x16
                RenderText {#text} at (1568,17) size 18x16
                  text run at (1568,17) width 17: "\x{8CAB}"
            RenderBlock {rt} at (1558,11) size 11x28
              RenderText {#text} at (1,0) size 10x27
                text run at (1,0) width 27: "\x{3064}\x{3089}\x{306C}"
          RenderText {#text} at (1568,34) size 18x400
            text run at (1568,34) width 401: "\x{3044}\x{3066}\x{3044}\x{308B}\x{3068}\x{8A55}\x{3057}\x{3066}\x{3082}\x{3088}\x{3044}\x{3002}\x{8DEF}\x{3092}\x{884C}\x{304F}\x{3068}\x{4E91}\x{308F}\x{3093}\x{3088}\x{308A}\x{5DDD}\x{5E95}\x{3092}"
          RenderInline {ruby} at (1568,434) size 18x18
            RenderInline (generated) at (1568,433) size 18x18
              RenderInline {rb} at (1568,434) size 18x16
                RenderText {#text} at (1568,434) size 18x16
                  text run at (1568,434) width 17: "\x{6E09}"
            RenderBlock {rt} at (1558,433) size 11x18
              RenderText {#text} at (1,0) size 10x18
                text run at (1,0) width 18: "\x{308F}\x{305F}"
          RenderText {#text} at (1568,0) size 44x466
            text run at (1568,450) width 17: "\x{308B}"
            text run at (1595,0) width 144: "\x{3068}\x{4E91}\x{3046}\x{65B9}\x{304C}\x{9069}\x{5F53}\x{3060}\x{3002}"
          RenderInline {ruby} at (1595,144) size 17x18
            RenderInline (generated) at (1595,143) size 17x18
              RenderInline {rb} at (1595,144) size 17x16
                RenderText {#text} at (1595,144) size 17x16
                  text run at (1595,144) width 16: "\x{56FA}"
            RenderBlock {rt} at (1585,143) size 10x18
              RenderText {#text} at (1,0) size 10x18
                text run at (1,0) width 18: "\x{3082}\x{3068}"
          RenderText {#text} at (1595,160) size 17x256
            text run at (1595,160) width 256: "\x{3088}\x{308A}\x{6025}\x{3050}\x{65C5}\x{3067}\x{306A}\x{3044}\x{304B}\x{3089}\x{3001}\x{3076}\x{3089}\x{3076}\x{3089}\x{3068}"
          RenderInline {ruby} at (1595,416) size 17x36
            RenderInline (generated) at (1595,414) size 17x36
              RenderInline {rb} at (1595,416) size 17x32
                RenderText {#text} at (1595,416) size 17x32
                  text run at (1595,416) width 32: "\x{4E03}\x{66F2}"
            RenderBlock {rt} at (1585,414) size 10x36
              RenderText {#text} at (1,0) size 10x36
                text run at (1,0) width 36: "\x{306A}\x{306A}\x{307E}\x{304C}"
          RenderText {#text} at (1595,0) size 35x480
            text run at (1595,448) width 32: "\x{308A}\x{3078}"
            text run at (1613,0) width 64: "\x{304B}\x{304B}\x{308B}\x{3002}"
          RenderBR {br} at (1613,64) size 17x0
          RenderText {#text} at (1639,0) size 18x144
            text run at (1639,0) width 145: "\x{3000}\x{305F}\x{3061}\x{307E}\x{3061}\x{8DB3}\x{306E}\x{4E0B}\x{3067}"
          RenderInline {ruby} at (1639,144) size 18x32
            RenderInline (generated) at (1639,144) size 18x32
              RenderInline {rb} at (1639,144) size 18x32
                RenderText {#text} at (1639,144) size 18x32
                  text run at (1639,144) width 33: "\x{96F2}\x{96C0}"
            RenderBlock {rt} at (1629,144) size 11x32
              RenderText {#text} at (1,2) size 10x28
                text run at (1,2) width 27: "\x{3072}\x{3070}\x{308A}"
          RenderText {#text} at (1639,176) size 18x160
            text run at (1639,176) width 161: "\x{306E}\x{58F0}\x{304C}\x{3057}\x{51FA}\x{3057}\x{305F}\x{3002}\x{8C37}\x{3092}"
          RenderInline {ruby} at (1639,336) size 18x32
            RenderInline (generated) at (1639,336) size 18x32
              RenderInline {rb} at (1639,336) size 18x32
                RenderText {#text} at (1639,336) size 18x32
                  text run at (1639,336) width 33: "\x{898B}\x{4E0B}"
            RenderBlock {rt} at (1629,336) size 11x32
              RenderText {#text} at (1,2) size 10x28
                text run at (1,2) width 27: "\x{307F}\x{304A}\x{308D}"
          RenderText {#text} at (1639,0) size 62x480
            text run at (1639,368) width 113: "\x{3057}\x{305F}\x{304C}\x{3001}\x{3069}\x{3053}\x{3067}"
            text run at (1657,0) width 481: "\x{9CF4}\x{3044}\x{3066}\x{308B}\x{304B}\x{5F71}\x{3082}\x{5F62}\x{3082}\x{898B}\x{3048}\x{306C}\x{3002}\x{305F}\x{3060}\x{58F0}\x{3060}\x{3051}\x{304C}\x{660E}\x{3089}\x{304B}\x{306B}\x{805E}\x{3048}\x{308B}\x{3002}\x{305B}\x{3063}\x{305B}"
            text run at (1684,0) width 16: "\x{3068}"
          RenderInline {ruby} at (1684,16) size 17x18
            RenderInline (generated) at (1684,15) size 17x18
              RenderInline {rb} at (1684,16) size 17x16
                RenderText {#text} at (1684,16) size 17x16
                  text run at (1684,16) width 16: "\x{5FD9}"
            RenderBlock {rt} at (1674,15) size 10x18
              RenderText {#text} at (1,0) size 10x18
                text run at (1,0) width 18: "\x{305B}\x{308F}"
          RenderText {#text} at (1684,32) size 17x48
            text run at (1684,32) width 48: "\x{3057}\x{304F}\x{3001}"
          RenderInline {ruby} at (1684,80) size 17x32
            RenderInline (generated) at (1684,80) size 17x32
              RenderInline {rb} at (1684,80) size 17x32
                RenderText {#text} at (1684,80) size 17x32
                  text run at (1684,80) width 32: "\x{7D76}\x{9593}"
            RenderBlock {rt} at (1674,80) size 10x32
              RenderText {#text} at (1,2) size 10x28
                text run at (1,2) width 27: "\x{305F}\x{3048}\x{307E}"
          RenderText {#text} at (1684,112) size 17x128
            text run at (1684,112) width 128: "\x{306A}\x{304F}\x{9CF4}\x{3044}\x{3066}\x{3044}\x{308B}\x{3002}"
          RenderInline {ruby} at (1684,240) size 17x48
            RenderInline (generated) at (1684,240) size 17x48
              RenderInline {rb} at (1684,240) size 17x48
                RenderText {#text} at (1684,240) size 17x48
                  text run at (1684,240) width 48: "\x{65B9}\x{5E7E}\x{91CC}"
            RenderBlock {rt} at (1674,240) size 10x48
              RenderText {#text} at (1,1) size 10x46
                text run at (1,1) width 45: "\x{307B}\x{3046}\x{3044}\x{304F}\x{308A}"
          RenderText {#text} at (1684,288) size 17x112
            text run at (1684,288) width 112: "\x{306E}\x{7A7A}\x{6C17}\x{304C}\x{4E00}\x{9762}\x{306B}"
          RenderInline {ruby} at (1684,400) size 17x18
            RenderInline (generated) at (1684,399) size 17x18
              RenderInline {rb} at (1684,400) size 17x16
                RenderText {#text} at (1684,400) size 17x16
                  text run at (1684,400) width 16: "\x{86A4}"
            RenderBlock {rt} at (1674,399) size 10x18
              RenderText {#text} at (1,0) size 10x18
                text run at (1,0) width 18: "\x{306E}\x{307F}"
          RenderText {#text} at (1684,0) size 44x480
            text run at (1684,416) width 64: "\x{306B}\x{523A}\x{3055}\x{308C}"
            text run at (1710,0) width 353: "\x{3066}\x{3044}\x{305F}\x{305F}\x{307E}\x{308C}\x{306A}\x{3044}\x{3088}\x{3046}\x{306A}\x{6C17}\x{304C}\x{3059}\x{308B}\x{3002}\x{3042}\x{306E}\x{9CE5}\x{306E}\x{9CF4}\x{304F}"
          RenderInline {ruby} at (1710,352) size 18x16
            RenderInline (generated) at (1710,352) size 18x16
              RenderInline {rb} at (1710,352) size 18x16
                RenderText {#text} at (1710,352) size 18x16
                  text run at (1710,352) width 17: "\x{97F3}"
            RenderBlock {rt} at (1700,352) size 11x16
              RenderText {#text} at (1,3) size 10x10
                text run at (1,3) width 9: "\x{306D}"
          RenderText {#text} at (1710,0) size 98x480
            text run at (1710,368) width 113: "\x{306B}\x{306F}\x{77AC}\x{6642}\x{306E}\x{4F59}\x{88D5}"
            text run at (1728,0) width 481: "\x{3082}\x{306A}\x{3044}\x{3002}\x{306E}\x{3069}\x{304B}\x{306A}\x{6625}\x{306E}\x{65E5}\x{3092}\x{9CF4}\x{304D}\x{5C3D}\x{304F}\x{3057}\x{3001}\x{9CF4}\x{304D}\x{3042}\x{304B}\x{3057}\x{3001}\x{307E}\x{305F}\x{9CF4}\x{304D}\x{66AE}\x{3089}"
            text run at (1746,0) width 481: "\x{3055}\x{306A}\x{3051}\x{308C}\x{3070}\x{6C17}\x{304C}\x{6E08}\x{307E}\x{3093}\x{3068}\x{898B}\x{3048}\x{308B}\x{3002}\x{305D}\x{306E}\x{4E0A}\x{3069}\x{3053}\x{307E}\x{3067}\x{3082}\x{767B}\x{3063}\x{3066}\x{884C}\x{304F}\x{3001}\x{3044}"
            text run at (1764,0) width 481: "\x{3064}\x{307E}\x{3067}\x{3082}\x{767B}\x{3063}\x{3066}\x{884C}\x{304F}\x{3002}\x{96F2}\x{96C0}\x{306F}\x{304D}\x{3063}\x{3068}\x{96F2}\x{306E}\x{4E2D}\x{3067}\x{6B7B}\x{306C}\x{306B}\x{76F8}\x{9055}\x{306A}\x{3044}\x{3002}\x{767B}\x{308A}"
            text run at (1791,0) width 48: "\x{8A70}\x{3081}\x{305F}"
          RenderInline {ruby} at (1791,48) size 17x32
            RenderInline (generated) at (1791,48) size 17x32
              RenderInline {rb} at (1791,48) size 17x32
                RenderText {#text} at (1791,48) size 17x32
                  text run at (1791,48) width 32: "\x{63DA}\x{53E5}"
            RenderBlock {rt} at (1781,48) size 10x32
              RenderText {#text} at (1,2) size 10x28
                text run at (1,2) width 27: "\x{3042}\x{3052}\x{304F}"
          RenderText {#text} at (1791,80) size 17x112
            text run at (1791,80) width 112: "\x{306F}\x{3001}\x{6D41}\x{308C}\x{3066}\x{96F2}\x{306B}"
          RenderInline {ruby} at (1791,192) size 17x16
            RenderInline (generated) at (1791,192) size 17x16
              RenderInline {rb} at (1791,192) size 17x16
                RenderText {#text} at (1791,192) size 17x16
                  text run at (1791,192) width 16: "\x{5165}"
            RenderBlock {rt} at (1781,192) size 10x16
              RenderText {#text} at (1,3) size 10x10
                text run at (1,3) width 9: "\x{3044}"
          RenderText {#text} at (1791,208) size 17x48
            text run at (1791,208) width 48: "\x{3063}\x{3066}\x{3001}"
          RenderInline {ruby} at (1791,256) size 17x27
            RenderInline (generated) at (1791,251) size 17x28
              RenderInline {rb} at (1791,257) size 17x16
                RenderText {#text} at (1791,257) size 17x16
                  text run at (1791,257) width 16: "\x{6F02}"
            RenderBlock {rt} at (1781,251) size 10x28
              RenderText {#text} at (1,0) size 10x27
                text run at (1,0) width 27: "\x{305F}\x{3060}\x{3088}"
          RenderText {#text} at (1791,0) size 44x482
            text run at (1791,274) width 208: "\x{3046}\x{3066}\x{3044}\x{308B}\x{3046}\x{3061}\x{306B}\x{5F62}\x{306F}\x{6D88}\x{3048}\x{3066}\x{306A}"
            text run at (1817,0) width 209: "\x{304F}\x{306A}\x{3063}\x{3066}\x{3001}\x{305F}\x{3060}\x{58F0}\x{3060}\x{3051}\x{304C}\x{7A7A}\x{306E}"
          RenderInline {ruby} at (1817,208) size 18x18
            RenderInline (generated) at (1817,207) size 18x18
              RenderInline {rb} at (1817,208) size 18x16
                RenderText {#text} at (1817,208) size 18x16
                  text run at (1817,208) width 17: "\x{88E1}"
            RenderBlock {rt} at (1807,207) size 11x18
              RenderText {#text} at (1,0) size 10x18
                text run at (1,0) width 18: "\x{3046}\x{3061}"
          RenderText {#text} at (1817,224) size 18x176
            text run at (1817,224) width 177: "\x{306B}\x{6B8B}\x{308B}\x{306E}\x{304B}\x{3082}\x{77E5}\x{308C}\x{306A}\x{3044}\x{3002}"
          RenderBR {br} at (1817,400) size 18x0
          RenderText {#text} at (1844,0) size 17x16
            text run at (1844,0) width 16: "\x{3000}"
          RenderInline {ruby} at (1844,16) size 17x36
            RenderInline (generated) at (1844,14) size 17x36
              RenderInline {rb} at (1844,16) size 17x32
                RenderText {#text} at (1844,16) size 17x32
                  text run at (1844,16) width 32: "\x{5DCC}\x{89D2}"
            RenderBlock {rt} at (1834,14) size 10x36
              RenderText {#text} at (1,0) size 10x36
                text run at (1,0) width 36: "\x{3044}\x{308F}\x{304B}\x{3069}"
          RenderText {#text} at (1844,48) size 17x128
            text run at (1844,48) width 128: "\x{3092}\x{92ED}\x{3069}\x{304F}\x{5EFB}\x{3063}\x{3066}\x{3001}"
          RenderInline {ruby} at (1844,176) size 17x32
            RenderInline (generated) at (1844,176) size 17x32
              RenderInline {rb} at (1844,176) size 17x32
                RenderText {#text} at (1844,176) size 17x32
                  text run at (1844,176) width 32: "\x{6309}\x{6469}"
            RenderBlock {rt} at (1834,176) size 10x32
              RenderText {#text} at (1,2) size 10x28
                text run at (1,2) width 27: "\x{3042}\x{3093}\x{307E}"
          RenderText {#text} at (1844,208) size 17x32
            text run at (1844,208) width 32: "\x{306A}\x{3089}"
          RenderInline {ruby} at (1844,240) size 17x54
            RenderInline (generated) at (1844,237) size 17x54
              RenderInline {rb} at (1844,240) size 17x48
                RenderText {#text} at (1844,240) size 17x48
                  text run at (1844,240) width 48: "\x{771F}\x{9006}\x{69D8}"
            RenderBlock {rt} at (1834,237) size 10x54
              RenderText {#text} at (1,0) size 10x54
                text run at (1,0) width 54: "\x{307E}\x{3063}\x{3055}\x{304B}\x{3055}\x{307E}"
          RenderText {#text} at (1844,288) size 17x144
            text run at (1844,288) width 144: "\x{306B}\x{843D}\x{3064}\x{308B}\x{3068}\x{3053}\x{308D}\x{3092}\x{3001}"
          RenderInline {ruby} at (1844,432) size 17x18
            RenderInline (generated) at (1844,431) size 17x18
              RenderInline {rb} at (1844,432) size 17x16
                RenderText {#text} at (1844,432) size 17x16
                  text run at (1844,432) width 16: "\x{969B}"
            RenderBlock {rt} at (1834,431) size 10x18
              RenderText {#text} at (1,0) size 10x18
                text run at (1,0) width 18: "\x{304D}\x{308F}"
          RenderText {#text} at (1844,0) size 44x464
            text run at (1844,448) width 16: "\x{3069}"
            text run at (1870,0) width 145: "\x{304F}\x{53F3}\x{3078}\x{5207}\x{308C}\x{3066}\x{3001}\x{6A2A}\x{306B}"
          RenderInline {ruby} at (1870,144) size 18x32
            RenderInline (generated) at (1870,144) size 18x32
              RenderInline {rb} at (1870,144) size 18x32
                RenderText {#text} at (1870,144) size 18x32
                  text run at (1870,144) width 33: "\x{898B}\x{4E0B}"
            RenderBlock {rt} at (1860,144) size 11x32
              RenderText {#text} at (1,2) size 10x28
                text run at (1,2) width 27: "\x{307F}\x{304A}\x{308D}"
          RenderText {#text} at (1870,176) size 18x48
            text run at (1870,176) width 49: "\x{3059}\x{3068}\x{3001}"
          RenderInline {ruby} at (1870,224) size 18x16
            RenderInline (generated) at (1870,224) size 18x16
              RenderInline {rb} at (1870,224) size 18x16
                RenderText {#text} at (1870,224) size 18x16
                  text run at (1870,224) width 17: "\x{83DC}"
            RenderBlock {rt} at (1860,224) size 11x16
              RenderText {#text} at (1,3) size 10x10
                text run at (1,3) width 9: "\x{306A}"
          RenderText {#text} at (1870,0) size 44x480
            text run at (1870,240) width 241: "\x{306E}\x{82B1}\x{304C}\x{4E00}\x{9762}\x{306B}\x{898B}\x{3048}\x{308B}\x{3002}\x{96F2}\x{96C0}\x{306F}\x{3042}\x{3059}"
            text run at (1897,0) width 288: "\x{3053}\x{3078}\x{843D}\x{3061}\x{308B}\x{306E}\x{304B}\x{3068}\x{601D}\x{3063}\x{305F}\x{3002}\x{3044}\x{3044}\x{3084}\x{3001}\x{3042}\x{306E}"
          RenderInline {ruby} at (1897,288) size 17x32
            RenderInline (generated) at (1897,288) size 17x32
              RenderInline {rb} at (1897,288) size 17x32
                RenderText {#text} at (1897,288) size 17x32
                  text run at (1897,288) width 32: "\x{9EC4}\x{91D1}"
            RenderBlock {rt} at (1887,288) size 10x32
              RenderText {#text} at (1,2) size 10x28
                text run at (1,2) width 27: "\x{3053}\x{304C}\x{306D}"
          RenderText {#text} at (1897,0) size 44x480
            text run at (1897,320) width 160: "\x{306E}\x{539F}\x{304B}\x{3089}\x{98DB}\x{3073}\x{4E0A}\x{304C}\x{3063}\x{3066}"
            text run at (1923,0) width 305: "\x{304F}\x{308B}\x{306E}\x{304B}\x{3068}\x{601D}\x{3063}\x{305F}\x{3002}\x{6B21}\x{306B}\x{306F}\x{843D}\x{3061}\x{308B}\x{96F2}\x{96C0}\x{3068}\x{3001}"
          RenderInline {ruby} at (1923,304) size 18x18
            RenderInline (generated) at (1923,303) size 18x18
              RenderInline {rb} at (1923,304) size 18x16
                RenderText {#text} at (1923,304) size 18x16
                  text run at (1923,304) width 17: "\x{4E0A}"
            RenderBlock {rt} at (1913,303) size 11x18
              RenderText {#text} at (1,0) size 10x18
                text run at (1,0) width 18: "\x{3042}\x{304C}"
          RenderText {#text} at (1923,320) size 18x16
            text run at (1923,320) width 17: "\x{308B}"
          RenderInline {ruby} at (1923,336) size 18x32
            RenderInline (generated) at (1923,336) size 18x32
              RenderInline {rb} at (1923,336) size 18x32
                RenderText {#text} at (1923,336) size 18x32
                  text run at (1923,336) width 33: "\x{96F2}\x{96C0}"
            RenderBlock {rt} at (1913,336) size 11x32
              RenderText {#text} at (1,2) size 10x28
                text run at (1,2) width 27: "\x{3072}\x{3070}\x{308A}"
          RenderText {#text} at (1923,0) size 36x480
            text run at (1923,368) width 113: "\x{304C}\x{5341}\x{6587}\x{5B57}\x{306B}\x{3059}\x{308C}"
            text run at (1941,0) width 481: "\x{9055}\x{3046}\x{306E}\x{304B}\x{3068}\x{601D}\x{3063}\x{305F}\x{3002}\x{6700}\x{5F8C}\x{306B}\x{3001}\x{843D}\x{3061}\x{308B}\x{6642}\x{3082}\x{3001}\x{4E0A}\x{308B}\x{6642}\x{3082}\x{3001}\x{307E}\x{305F}\x{5341}\x{6587}\x{5B57}\x{306B}"
          RenderInline {ruby} at (1968,0) size 17x16
            RenderInline (generated) at (1968,0) size 17x16
              RenderInline {rb} at (1968,0) size 17x16
                RenderText {#text} at (1968,0) size 17x16
                  text run at (1968,0) width 16: "\x{64E6}"
            RenderBlock {rt} at (1958,0) size 10x16
              RenderText {#text} at (1,3) size 10x10
                text run at (1,3) width 9: "\x{3059}"
          RenderText {#text} at (1968,16) size 17x400
            text run at (1968,16) width 400: "\x{308C}\x{9055}\x{3046}\x{3068}\x{304D}\x{306B}\x{3082}\x{5143}\x{6C17}\x{3088}\x{304F}\x{9CF4}\x{304D}\x{3064}\x{3065}\x{3051}\x{308B}\x{3060}\x{308D}\x{3046}\x{3068}\x{601D}\x{3063}\x{305F}\x{3002}"
          RenderBR {br} at (1968,416) size 17x0
          RenderText {#text} at (1994,0) size 18x192
            text run at (1994,0) width 193: "\x{3000}\x{6625}\x{306F}\x{7720}\x{304F}\x{306A}\x{308B}\x{3002}\x{732B}\x{306F}\x{9F20}\x{3092}"
          RenderInline {ruby} at (1994,192) size 18x16
            RenderInline (generated) at (1994,192) size 18x16
              RenderInline {rb} at (1994,192) size 18x16
                RenderText {#text} at (1994,192) size 18x16
                  text run at (1994,192) width 17: "\x{6355}"
            RenderBlock {rt} at (1984,192) size 11x16
              RenderText {#text} at (1,3) size 10x10
                text run at (1,3) width 9: "\x{3068}"
          RenderText {#text} at (1994,0) size 44x480
            text run at (1994,208) width 273: "\x{308B}\x{4E8B}\x{3092}\x{5FD8}\x{308C}\x{3001}\x{4EBA}\x{9593}\x{306F}\x{501F}\x{91D1}\x{306E}\x{3042}\x{308B}\x{4E8B}\x{3092}\x{5FD8}"
            text run at (2021,0) width 144: "\x{308C}\x{308B}\x{3002}\x{6642}\x{306B}\x{306F}\x{81EA}\x{5206}\x{306E}"
          RenderInline {ruby} at (2021,144) size 17x36
            RenderInline (generated) at (2021,139) size 17x37
              RenderInline {rb} at (2021,149) size 17x17
                RenderText {#text} at (2021,149) size 17x17
                  text run at (2021,149) width 16: "\x{9B42}"
            RenderBlock {rt} at (2011,139) size 10x37
              RenderText {#text} at (1,0) size 10x36
                text run at (1,0) width 36: "\x{305F}\x{307E}\x{3057}\x{3044}"
          RenderText {#text} at (2021,171) size 17x16
            text run at (2021,171) width 16: "\x{306E}"
          RenderInline {ruby} at (2021,187) size 17x36
            RenderInline (generated) at (2021,185) size 17x36
              RenderInline {rb} at (2021,187) size 17x32
                RenderText {#text} at (2021,187) size 17x32
                  text run at (2021,187) width 32: "\x{5C45}\x{6240}"
            RenderBlock {rt} at (2011,185) size 10x36
              RenderText {#text} at (1,0) size 10x36
                text run at (1,0) width 36: "\x{3044}\x{3069}\x{3053}\x{308D}"
          RenderText {#text} at (2021,0) size 44x475
            text run at (2021,219) width 256: "\x{3055}\x{3048}\x{5FD8}\x{308C}\x{3066}\x{6B63}\x{4F53}\x{306A}\x{304F}\x{306A}\x{308B}\x{3002}\x{305F}\x{3060}\x{83DC}\x{306E}"
            text run at (2047,0) width 193: "\x{82B1}\x{3092}\x{9060}\x{304F}\x{671B}\x{3093}\x{3060}\x{3068}\x{304D}\x{306B}\x{773C}\x{304C}"
          RenderInline {ruby} at (2047,192) size 18x16
            RenderInline (generated) at (2047,192) size 18x16
              RenderInline {rb} at (2047,192) size 18x16
                RenderText {#text} at (2047,192) size 18x16
                  text run at (2047,192) width 17: "\x{9192}"
            RenderBlock {rt} at (2037,192) size 11x16
              RenderText {#text} at (1,3) size 10x10
                text run at (1,3) width 9: "\x{3055}"
          RenderText {#text} at (2047,0) size 44x480
            text run at (2047,208) width 273: "\x{3081}\x{308B}\x{3002}\x{96F2}\x{96C0}\x{306E}\x{58F0}\x{3092}\x{805E}\x{3044}\x{305F}\x{3068}\x{304D}\x{306B}\x{9B42}\x{306E}\x{3042}"
            text run at (2074,0) width 48: "\x{308A}\x{304B}\x{304C}"
          RenderInline {ruby} at (2074,48) size 17x36
            RenderInline (generated) at (2074,46) size 17x36
              RenderInline {rb} at (2074,48) size 17x32
                RenderText {#text} at (2074,48) size 17x32
                  text run at (2074,48) width 32: "\x{5224}\x{7136}"
            RenderBlock {rt} at (2064,46) size 10x36
              RenderText {#text} at (1,0) size 10x36
                text run at (1,0) width 36: "\x{306F}\x{3093}\x{305C}\x{3093}"
          RenderText {#text} at (2074,0) size 71x480
            text run at (2074,80) width 400: "\x{3059}\x{308B}\x{3002}\x{96F2}\x{96C0}\x{306E}\x{9CF4}\x{304F}\x{306E}\x{306F}\x{53E3}\x{3067}\x{9CF4}\x{304F}\x{306E}\x{3067}\x{306F}\x{306A}\x{3044}\x{3001}\x{9B42}\x{5168}\x{4F53}\x{304C}\x{9CF4}"
            text run at (2092,0) width 480: "\x{304F}\x{306E}\x{3060}\x{3002}\x{9B42}\x{306E}\x{6D3B}\x{52D5}\x{304C}\x{58F0}\x{306B}\x{3042}\x{3089}\x{308F}\x{308C}\x{305F}\x{3082}\x{306E}\x{306E}\x{3046}\x{3061}\x{3067}\x{3001}\x{3042}\x{308C}\x{307B}\x{3069}\x{5143}\x{6C17}\x{306E}"
            text run at (2110,0) width 480: "\x{3042}\x{308B}\x{3082}\x{306E}\x{306F}\x{306A}\x{3044}\x{3002}\x{3042}\x{3042}\x{6109}\x{5FEB}\x{3060}\x{3002}\x{3053}\x{3046}\x{601D}\x{3063}\x{3066}\x{3001}\x{3053}\x{3046}\x{6109}\x{5FEB}\x{306B}\x{306A}\x{308B}\x{306E}\x{304C}\x{8A69}"
            text run at (2128,0) width 64: "\x{3067}\x{3042}\x{308B}\x{3002}"
          RenderBR {br} at (2128,64) size 17x0
          RenderText {#text} at (2146,0) size 44x480
            text run at (2146,0) width 480: "\x{3000}\x{305F}\x{3061}\x{307E}\x{3061}\x{30B7}\x{30A7}\x{30EC}\x{30FC}\x{306E}\x{96F2}\x{96C0}\x{306E}\x{8A69}\x{3092}\x{601D}\x{3044}\x{51FA}\x{3057}\x{3066}\x{3001}\x{53E3}\x{306E}\x{3046}\x{3061}\x{3067}\x{899A}\x{3048}\x{305F}\x{3068}"
            text run at (2172,0) width 65: "\x{3053}\x{308D}\x{3060}\x{3051}"
          RenderInline {ruby} at (2172,64) size 18x45
            RenderInline (generated) at (2172,59) size 18x46
              RenderInline {rb} at (2172,66) size 18x32
                RenderText {#text} at (2172,66) size 18x32
                  text run at (2172,66) width 33: "\x{6697}\x{8AA6}"
            RenderBlock {rt} at (2162,59) size 11x46
              RenderText {#text} at (1,0) size 10x45
                text run at (1,0) width 45: "\x{3042}\x{3093}\x{3057}\x{3087}\x{3046}"
          RenderText {#text} at (2172,0) size 36x468
            text run at (2172,100) width 369: "\x{3057}\x{3066}\x{898B}\x{305F}\x{304C}\x{3001}\x{899A}\x{3048}\x{3066}\x{3044}\x{308B}\x{3068}\x{3053}\x{308D}\x{306F}\x{4E8C}\x{4E09}\x{53E5}\x{3057}\x{304B}\x{306A}\x{304B}\x{3063}"
            text run at (2190,0) width 305: "\x{305F}\x{3002}\x{305D}\x{306E}\x{4E8C}\x{4E09}\x{53E5}\x{306E}\x{306A}\x{304B}\x{306B}\x{3053}\x{3093}\x{306A}\x{306E}\x{304C}\x{3042}\x{308B}\x{3002}"
          RenderBR {br} at (2190,304) size 18x0
        RenderBlock {div} at (2207,32) size 91x460
          RenderText {#text} at (1,0) size 17x188
            text run at (1,0) width 188: "\x{3000}\x{3000}We look before and after"
          RenderBR {br} at (1,187) size 17x1
          RenderText {#text} at (19,0) size 17x222
            text run at (19,0) width 222: "\x{3000}\x{3000}\x{3000}\x{3000}And pine for what is not:"
          RenderBR {br} at (19,222) size 17x0
          RenderText {#text} at (37,0) size 17x170
            text run at (37,0) width 170: "\x{3000}\x{3000}Our sincerest laughter"
          RenderBR {br} at (37,170) size 17x0
          RenderText {#text} at (55,0) size 17x230
            text run at (55,0) width 230: "\x{3000}\x{3000}\x{3000}\x{3000}With some pain is fraught;"
          RenderBR {br} at (55,229) size 17x1
          RenderText {#text} at (73,0) size 17x355
            text run at (73,0) width 355: "Our sweetest songs are those that tell of saddest thought."
          RenderBR {br} at (73,355) size 17x0
        RenderBlock (anonymous) at (2297,0) size 1624x492
          RenderText {#text} at (10,0) size 17x112
            text run at (10,0) width 112: "\x{300C}\x{524D}\x{3092}\x{307F}\x{3066}\x{306F}\x{3001}"
          RenderInline {ruby} at (10,112) size 17x18
            RenderInline (generated) at (10,111) size 17x18
              RenderInline {rb} at (10,112) size 17x16
                RenderText {#text} at (10,112) size 17x16
                  text run at (10,112) width 16: "\x{5F8C}"
            RenderBlock {rt} at (0,111) size 10x18
              RenderText {#text} at (1,0) size 10x18
                text run at (1,0) width 18: "\x{3057}\x{308A}"
          RenderText {#text} at (10,128) size 17x96
            text run at (10,128) width 96: "\x{3048}\x{3092}\x{898B}\x{3066}\x{306F}\x{3001}"
          RenderInline {ruby} at (10,224) size 17x32
            RenderInline (generated) at (10,224) size 17x32
              RenderInline {rb} at (10,224) size 17x32
                RenderText {#text} at (10,224) size 17x32
                  text run at (10,224) width 32: "\x{7269}\x{6B32}"
            RenderBlock {rt} at (0,224) size 10x32
              RenderText {#text} at (1,2) size 10x28
                text run at (1,2) width 27: "\x{3082}\x{306E}\x{307B}"
          RenderText {#text} at (10,0) size 44x480
            text run at (10,256) width 224: "\x{3057}\x{3068}\x{3001}\x{3042}\x{3053}\x{304C}\x{308B}\x{308B}\x{304B}\x{306A}\x{308F}\x{308C}\x{3002}\x{8179}"
            text run at (36,0) width 465: "\x{304B}\x{3089}\x{306E}\x{3001}\x{7B11}\x{3068}\x{3044}\x{3048}\x{3069}\x{3001}\x{82E6}\x{3057}\x{307F}\x{306E}\x{3001}\x{305D}\x{3053}\x{306B}\x{3042}\x{308B}\x{3079}\x{3057}\x{3002}\x{3046}\x{3064}\x{304F}\x{3057}\x{304D}\x{3001}"
          RenderInline {ruby} at (36,464) size 18x18
            RenderInline (generated) at (36,463) size 18x18
              RenderInline {rb} at (36,464) size 18x16
                RenderText {#text} at (36,464) size 18x16
                  text run at (36,464) width 17: "\x{6975}"
            RenderBlock {rt} at (26,463) size 11x18
              RenderText {#text} at (1,0) size 10x18
                text run at (1,0) width 18: "\x{304D}\x{308F}"
          RenderText {#text} at (63,0) size 17x208
            text run at (63,0) width 208: "\x{307F}\x{306E}\x{6B4C}\x{306B}\x{3001}\x{60B2}\x{3057}\x{3055}\x{306E}\x{3001}\x{6975}\x{307F}\x{306E}"
          RenderInline {ruby} at (63,208) size 17x27
            RenderInline (generated) at (63,203) size 17x28
              RenderInline {rb} at (63,209) size 17x16
                RenderText {#text} at (63,209) size 17x16
                  text run at (63,209) width 16: "\x{60F3}"
            RenderBlock {rt} at (53,203) size 10x28
              RenderText {#text} at (1,0) size 10x27
                text run at (1,0) width 27: "\x{304A}\x{3082}\x{3044}"
          RenderText {#text} at (63,226) size 17x16
            text run at (63,226) width 16: "\x{3001}"
          RenderInline {ruby} at (63,242) size 17x18
            RenderInline (generated) at (63,241) size 17x18
              RenderInline {rb} at (63,242) size 17x16
                RenderText {#text} at (63,242) size 17x16
                  text run at (63,242) width 16: "\x{7C60}"
            RenderBlock {rt} at (53,241) size 10x18
              RenderText {#text} at (1,0) size 10x18
                text run at (1,0) width 18: "\x{3053}\x{3082}"
          RenderText {#text} at (63,258) size 17x96
            text run at (63,258) width 96: "\x{308B}\x{3068}\x{305E}\x{77E5}\x{308C}\x{300D}"
          RenderBR {br} at (63,354) size 17x0
          RenderText {#text} at (81,0) size 44x480
            text run at (81,0) width 480: "\x{3000}\x{306A}\x{308B}\x{307B}\x{3069}\x{3044}\x{304F}\x{3089}\x{8A69}\x{4EBA}\x{304C}\x{5E78}\x{798F}\x{3067}\x{3082}\x{3001}\x{3042}\x{306E}\x{96F2}\x{96C0}\x{306E}\x{3088}\x{3046}\x{306B}\x{601D}\x{3044}\x{5207}\x{3063}\x{3066}\x{3001}"
            text run at (107,0) width 337: "\x{4E00}\x{5FC3}\x{4E0D}\x{4E71}\x{306B}\x{3001}\x{524D}\x{5F8C}\x{3092}\x{5FD8}\x{5374}\x{3057}\x{3066}\x{3001}\x{308F}\x{304C}\x{559C}\x{3073}\x{3092}\x{6B4C}\x{3046}"
          RenderInline {ruby} at (107,336) size 18x18
            RenderInline (generated) at (107,335) size 18x18
              RenderInline {rb} at (107,336) size 18x16
                RenderText {#text} at (107,336) size 18x16
                  text run at (107,336) width 17: "\x{8A33}"
            RenderBlock {rt} at (97,335) size 11x18
              RenderText {#text} at (1,0) size 10x18
                text run at (1,0) width 18: "\x{308F}\x{3051}"
          RenderText {#text} at (107,0) size 44x480
            text run at (107,352) width 129: "\x{306B}\x{306F}\x{884C}\x{304F}\x{307E}\x{3044}\x{3002}\x{897F}"
            text run at (134,0) width 288: "\x{6D0B}\x{306E}\x{8A69}\x{306F}\x{7121}\x{8AD6}\x{306E}\x{4E8B}\x{3001}\x{652F}\x{90A3}\x{306E}\x{8A69}\x{306B}\x{3082}\x{3001}\x{3088}\x{304F}"
          RenderInline {ruby} at (134,288) size 17x36
            RenderInline (generated) at (134,286) size 17x36
              RenderInline {rb} at (134,288) size 17x32
                RenderText {#text} at (134,288) size 17x32
                  text run at (134,288) width 32: "\x{4E07}\x{659B}"
            RenderBlock {rt} at (124,286) size 10x36
              RenderText {#text} at (1,0) size 10x36
                text run at (1,0) width 36: "\x{3070}\x{3093}\x{3053}\x{304F}"
          RenderText {#text} at (134,320) size 17x16
            text run at (134,320) width 16: "\x{306E}"
          RenderInline {ruby} at (134,336) size 17x27
            RenderInline (generated) at (134,331) size 17x28
              RenderInline {rb} at (134,337) size 17x16
                RenderText {#text} at (134,337) size 17x16
                  text run at (134,337) width 16: "\x{6101}"
            RenderBlock {rt} at (124,331) size 10x28
              RenderText {#text} at (1,0) size 10x27
                text run at (1,0) width 27: "\x{3046}\x{308C}\x{3044}"
          RenderText {#text} at (134,0) size 44x466
            text run at (134,354) width 112: "\x{306A}\x{3069}\x{3068}\x{4E91}\x{3046}\x{5B57}\x{304C}"
            text run at (160,0) width 177: "\x{3042}\x{308B}\x{3002}\x{8A69}\x{4EBA}\x{3060}\x{304B}\x{3089}\x{4E07}\x{659B}\x{3067}"
          RenderInline {ruby} at (160,176) size 18x36
            RenderInline (generated) at (160,174) size 18x36
              RenderInline {rb} at (160,176) size 18x32
                RenderText {#text} at (160,176) size 18x32
                  text run at (160,176) width 33: "\x{7D20}\x{4EBA}"
            RenderBlock {rt} at (150,174) size 11x36
              RenderText {#text} at (1,0) size 10x36
                text run at (1,0) width 36: "\x{3057}\x{308D}\x{3046}\x{3068}"
          RenderText {#text} at (160,208) size 18x48
            text run at (160,208) width 49: "\x{306A}\x{3089}\x{4E00}"
          RenderInline {ruby} at (160,256) size 18x18
            RenderInline (generated) at (160,255) size 18x18
              RenderInline {rb} at (160,256) size 18x16
                RenderText {#text} at (160,256) size 18x16
                  text run at (160,256) width 17: "\x{5408}"
            RenderBlock {rt} at (150,255) size 11x18
              RenderText {#text} at (1,0) size 10x18
                text run at (1,0) width 18: "\x{3054}\x{3046}"
          RenderText {#text} at (160,0) size 44x480
            text run at (160,272) width 209: "\x{3067}\x{6E08}\x{3080}\x{304B}\x{3082}\x{77E5}\x{308C}\x{306C}\x{3002}\x{3057}\x{3066}\x{898B}\x{308B}"
            text run at (187,0) width 240: "\x{3068}\x{8A69}\x{4EBA}\x{306F}\x{5E38}\x{306E}\x{4EBA}\x{3088}\x{308A}\x{3082}\x{82E6}\x{52B4}\x{6027}\x{3067}\x{3001}"
          RenderInline {ruby} at (187,240) size 17x36
            RenderInline (generated) at (187,238) size 17x36
              RenderInline {rb} at (187,240) size 17x32
                RenderText {#text} at (187,240) size 17x32
                  text run at (187,240) width 32: "\x{51E1}\x{9AA8}"
            RenderBlock {rt} at (177,238) size 10x36
              RenderText {#text} at (1,0) size 10x36
                text run at (1,0) width 36: "\x{307C}\x{3093}\x{3053}\x{3064}"
          RenderText {#text} at (187,0) size 44x480
            text run at (187,272) width 208: "\x{306E}\x{500D}\x{4EE5}\x{4E0A}\x{306B}\x{795E}\x{7D4C}\x{304C}\x{92ED}\x{654F}\x{306A}\x{306E}\x{304B}"
            text run at (213,0) width 305: "\x{3082}\x{77E5}\x{308C}\x{3093}\x{3002}\x{8D85}\x{4FD7}\x{306E}\x{559C}\x{3073}\x{3082}\x{3042}\x{308D}\x{3046}\x{304C}\x{3001}\x{7121}\x{91CF}\x{306E}"
          RenderInline {ruby} at (213,304) size 18x36
            RenderInline (generated) at (213,299) size 18x37
              RenderInline {rb} at (213,309) size 18x17
                RenderText {#text} at (213,309) size 18x17
                  text run at (213,309) width 17: "\x{60B2}"
            RenderBlock {rt} at (203,299) size 11x37
              RenderText {#text} at (1,0) size 10x36
                text run at (1,0) width 36: "\x{304B}\x{306A}\x{3057}\x{307F}"
          RenderText {#text} at (213,0) size 36x475
            text run at (213,331) width 145: "\x{3082}\x{591A}\x{304B}\x{308D}\x{3046}\x{3002}\x{305D}\x{3093}\x{306A}"
            text run at (231,0) width 225: "\x{3089}\x{3070}\x{8A69}\x{4EBA}\x{306B}\x{306A}\x{308B}\x{306E}\x{3082}\x{8003}\x{3048}\x{7269}\x{3060}\x{3002}"
          RenderBR {br} at (231,224) size 18x0
          RenderText {#text} at (258,0) size 17x128
            text run at (258,0) width 128: "\x{3000}\x{3057}\x{3070}\x{3089}\x{304F}\x{306F}\x{8DEF}\x{304C}"
          RenderInline {ruby} at (258,128) size 17x27
            RenderInline (generated) at (258,123) size 17x28
              RenderInline {rb} at (258,129) size 17x16
                RenderText {#text} at (258,129) size 17x16
                  text run at (258,129) width 16: "\x{5E73}"
            RenderBlock {rt} at (248,123) size 10x28
              RenderText {#text} at (1,0) size 10x27
                text run at (1,0) width 27: "\x{305F}\x{3044}\x{3089}"
          RenderText {#text} at (258,146) size 17x64
            text run at (258,146) width 64: "\x{3067}\x{3001}\x{53F3}\x{306F}"
          RenderInline {ruby} at (258,210) size 17x48
            RenderInline (generated) at (258,210) size 17x48
              RenderInline {rb} at (258,210) size 17x48
                RenderText {#text} at (258,210) size 17x48
                  text run at (258,210) width 48: "\x{96D1}\x{6728}\x{5C71}"
            RenderBlock {rt} at (248,210) size 10x48
              RenderText {#text} at (1,1) size 10x46
                text run at (1,1) width 45: "\x{305E}\x{3046}\x{304D}\x{3084}\x{307E}"
          RenderText {#text} at (258,0) size 44x466
            text run at (258,258) width 208: "\x{3001}\x{5DE6}\x{306F}\x{83DC}\x{306E}\x{82B1}\x{306E}\x{898B}\x{3064}\x{3065}\x{3051}\x{3067}\x{3042}"
            text run at (284,0) width 129: "\x{308B}\x{3002}\x{8DB3}\x{306E}\x{4E0B}\x{306B}\x{6642}\x{3005}"
          RenderInline {ruby} at (284,128) size 18x48
            RenderInline (generated) at (284,128) size 18x48
              RenderInline {rb} at (284,128) size 18x48
                RenderText {#text} at (284,128) size 18x48
                  text run at (284,128) width 49: "\x{84B2}\x{516C}\x{82F1}"
            RenderBlock {rt} at (274,128) size 11x48
              RenderText {#text} at (1,6) size 10x36
                text run at (1,6) width 36: "\x{305F}\x{3093}\x{307D}\x{307D}"
          RenderText {#text} at (284,176) size 18x112
            text run at (284,176) width 113: "\x{3092}\x{8E0F}\x{307F}\x{3064}\x{3051}\x{308B}\x{3002}"
          RenderInline {ruby} at (284,288) size 18x36
            RenderInline (generated) at (284,283) size 18x37
              RenderInline {rb} at (284,293) size 18x17
                RenderText {#text} at (284,293) size 18x17
                  text run at (284,293) width 17: "\x{92F8}"
            RenderBlock {rt} at (274,283) size 11x37
              RenderText {#text} at (1,0) size 10x36
                text run at (1,0) width 36: "\x{306E}\x{3053}\x{304E}\x{308A}"
          RenderText {#text} at (284,0) size 44x475
            text run at (284,315) width 161: "\x{306E}\x{3088}\x{3046}\x{306A}\x{8449}\x{304C}\x{9060}\x{616E}\x{306A}\x{304F}"
            text run at (311,0) width 192: "\x{56DB}\x{65B9}\x{3078}\x{306E}\x{3057}\x{3066}\x{771F}\x{4E2D}\x{306B}\x{9EC4}\x{8272}\x{306A}"
          RenderInline {ruby} at (311,192) size 17x18
            RenderInline (generated) at (311,191) size 17x18
              RenderInline {rb} at (311,192) size 17x16
                RenderText {#text} at (311,192) size 17x16
                  text run at (311,192) width 16: "\x{73E0}"
            RenderBlock {rt} at (301,191) size 10x18
              RenderText {#text} at (1,0) size 10x18
                text run at (1,0) width 18: "\x{305F}\x{307E}"
          RenderText {#text} at (311,0) size 62x480
            text run at (311,208) width 272: "\x{3092}\x{64C1}\x{8B77}\x{3057}\x{3066}\x{3044}\x{308B}\x{3002}\x{83DC}\x{306E}\x{82B1}\x{306B}\x{6C17}\x{3092}\x{3068}\x{3089}\x{308C}"
            text run at (329,0) width 480: "\x{3066}\x{3001}\x{8E0F}\x{307F}\x{3064}\x{3051}\x{305F}\x{3042}\x{3068}\x{3067}\x{3001}\x{6C17}\x{306E}\x{6BD2}\x{306A}\x{4E8B}\x{3092}\x{3057}\x{305F}\x{3068}\x{3001}\x{632F}\x{308A}\x{5411}\x{3044}\x{3066}\x{898B}\x{308B}\x{3068}\x{3001}"
            text run at (355,0) width 241: "\x{9EC4}\x{8272}\x{306A}\x{73E0}\x{306F}\x{4F9D}\x{7136}\x{3068}\x{3057}\x{3066}\x{92F8}\x{306E}\x{306A}\x{304B}\x{306B}"
          RenderInline {ruby} at (355,240) size 18x32
            RenderInline (generated) at (355,240) size 18x32
              RenderInline {rb} at (355,240) size 18x32
                RenderText {#text} at (355,240) size 18x32
                  text run at (355,240) width 33: "\x{93AE}\x{5EA7}"
            RenderBlock {rt} at (345,240) size 11x32
              RenderText {#text} at (1,2) size 10x28
                text run at (1,2) width 27: "\x{3061}\x{3093}\x{3056}"
          RenderText {#text} at (355,272) size 18x80
            text run at (355,272) width 81: "\x{3057}\x{3066}\x{3044}\x{308B}\x{3002}"
          RenderInline {ruby} at (355,352) size 18x32
            RenderInline (generated) at (355,352) size 18x32
              RenderInline {rb} at (355,352) size 18x32
                RenderText {#text} at (355,352) size 18x32
                  text run at (355,352) width 33: "\x{5451}\x{6C17}"
            RenderBlock {rt} at (345,352) size 11x32
              RenderText {#text} at (1,2) size 10x28
                text run at (1,2) width 27: "\x{306E}\x{3093}\x{304D}"
          RenderText {#text} at (355,0) size 36x480
            text run at (355,384) width 97: "\x{306A}\x{3082}\x{306E}\x{3060}\x{3002}\x{307E}"
            text run at (373,0) width 145: "\x{305F}\x{8003}\x{3048}\x{3092}\x{3064}\x{3065}\x{3051}\x{308B}\x{3002}"
          RenderBR {br} at (373,144) size 18x0
          RenderText {#text} at (400,0) size 17x64
            text run at (400,0) width 64: "\x{3000}\x{8A69}\x{4EBA}\x{306B}"
          RenderInline {ruby} at (400,64) size 17x27
            RenderInline (generated) at (400,59) size 17x28
              RenderInline {rb} at (400,65) size 17x16
                RenderText {#text} at (400,65) size 17x16
                  text run at (400,65) width 16: "\x{6182}"
            RenderBlock {rt} at (390,59) size 10x28
              RenderText {#text} at (1,0) size 10x27
                text run at (1,0) width 27: "\x{3046}\x{308C}\x{3044}"
          RenderText {#text} at (400,82) size 17x240
            text run at (400,82) width 240: "\x{306F}\x{3064}\x{304D}\x{3082}\x{306E}\x{304B}\x{3082}\x{77E5}\x{308C}\x{306A}\x{3044}\x{304C}\x{3001}\x{3042}\x{306E}"
          RenderInline {ruby} at (400,322) size 17x32
            RenderInline (generated) at (400,322) size 17x32
              RenderInline {rb} at (400,322) size 17x32
                RenderText {#text} at (400,322) size 17x32
                  text run at (400,322) width 32: "\x{96F2}\x{96C0}"
            RenderBlock {rt} at (390,322) size 10x32
              RenderText {#text} at (1,2) size 10x28
                text run at (1,2) width 27: "\x{3072}\x{3070}\x{308A}"
          RenderText {#text} at (400,0) size 44x482
            text run at (400,354) width 128: "\x{3092}\x{805E}\x{304F}\x{5FC3}\x{6301}\x{306B}\x{306A}\x{308C}"
            text run at (426,0) width 17: "\x{3070}"
          RenderInline {ruby} at (426,16) size 18x32
            RenderInline (generated) at (426,16) size 18x32
              RenderInline {rb} at (426,16) size 18x32
                RenderText {#text} at (426,16) size 18x32
                  text run at (426,16) width 33: "\x{5FAE}\x{5875}"
            RenderBlock {rt} at (416,16) size 11x32
              RenderText {#text} at (1,2) size 10x28
                text run at (1,2) width 27: "\x{307F}\x{3058}\x{3093}"
          RenderText {#text} at (426,48) size 18x16
            text run at (426,48) width 17: "\x{306E}"
          RenderInline {ruby} at (426,64) size 18x16
            RenderInline (generated) at (426,64) size 18x16
              RenderInline {rb} at (426,64) size 18x16
                RenderText {#text} at (426,64) size 18x16
                  text run at (426,64) width 17: "\x{82E6}"
            RenderBlock {rt} at (416,64) size 11x16
              RenderText {#text} at (1,3) size 10x10
                text run at (1,3) width 9: "\x{304F}"
          RenderText {#text} at (426,80) size 18x336
            text run at (426,80) width 337: "\x{3082}\x{306A}\x{3044}\x{3002}\x{83DC}\x{306E}\x{82B1}\x{3092}\x{898B}\x{3066}\x{3082}\x{3001}\x{305F}\x{3060}\x{3046}\x{308C}\x{3057}\x{304F}\x{3066}\x{80F8}\x{304C}"
          RenderInline {ruby} at (426,416) size 18x18
            RenderInline (generated) at (426,415) size 18x18
              RenderInline {rb} at (426,416) size 18x16
                RenderText {#text} at (426,416) size 18x16
                  text run at (426,416) width 17: "\x{8E8D}"
            RenderBlock {rt} at (416,415) size 11x18
              RenderText {#text} at (1,0) size 10x18
                text run at (1,0) width 18: "\x{304A}\x{3069}"
          RenderText {#text} at (426,0) size 62x480
            text run at (426,432) width 49: "\x{308B}\x{3070}\x{304B}"
            text run at (444,0) width 481: "\x{308A}\x{3060}\x{3002}\x{84B2}\x{516C}\x{82F1}\x{3082}\x{305D}\x{306E}\x{901A}\x{308A}\x{3001}\x{685C}\x{3082}\x{2015}\x{2015}\x{685C}\x{306F}\x{3044}\x{3064}\x{304B}\x{898B}\x{3048}\x{306A}\x{304F}\x{306A}\x{3063}\x{305F}\x{3002}\x{3053}"
            text run at (471,0) width 160: "\x{3046}\x{5C71}\x{306E}\x{4E2D}\x{3078}\x{6765}\x{3066}\x{81EA}\x{7136}\x{306E}"
          RenderInline {ruby} at (471,160) size 17x36
            RenderInline (generated) at (471,158) size 17x36
              RenderInline {rb} at (471,160) size 17x32
                RenderText {#text} at (471,160) size 17x32
                  text run at (471,160) width 32: "\x{666F}\x{7269}"
            RenderBlock {rt} at (461,158) size 10x36
              RenderText {#text} at (1,0) size 10x36
                text run at (1,0) width 36: "\x{3051}\x{3044}\x{3076}\x{3064}"
          RenderText {#text} at (471,0) size 44x480
            text run at (471,192) width 288: "\x{306B}\x{63A5}\x{3059}\x{308C}\x{3070}\x{3001}\x{898B}\x{308B}\x{3082}\x{306E}\x{3082}\x{805E}\x{304F}\x{3082}\x{306E}\x{3082}\x{9762}\x{767D}"
            text run at (497,0) width 433: "\x{3044}\x{3002}\x{9762}\x{767D}\x{3044}\x{3060}\x{3051}\x{3067}\x{5225}\x{6BB5}\x{306E}\x{82E6}\x{3057}\x{307F}\x{3082}\x{8D77}\x{3089}\x{306C}\x{3002}\x{8D77}\x{308B}\x{3068}\x{3059}\x{308C}\x{3070}\x{8DB3}\x{304C}"
          RenderInline {ruby} at (497,432) size 18x32
            RenderInline (generated) at (497,432) size 18x32
              RenderInline {rb} at (497,432) size 18x32
                RenderText {#text} at (497,432) size 18x32
                  text run at (497,432) width 33: "\x{8349}\x{81E5}"
            RenderBlock {rt} at (487,432) size 11x32
              RenderText {#text} at (1,2) size 10x28
                text run at (1,2) width 27: "\x{304F}\x{305F}\x{3073}"
          RenderText {#text} at (497,0) size 44x480
            text run at (497,464) width 17: "\x{308C}"
            text run at (524,0) width 32: "\x{3066}\x{3001}"
          RenderInline {ruby} at (524,32) size 17x18
            RenderInline (generated) at (524,31) size 17x18
              RenderInline {rb} at (524,32) size 17x16
                RenderText {#text} at (524,32) size 17x16
                  text run at (524,32) width 16: "\x{65E8}"
            RenderBlock {rt} at (514,31) size 10x18
              RenderText {#text} at (1,0) size 10x18
                text run at (1,0) width 18: "\x{3046}\x{307E}"
          RenderText {#text} at (524,48) size 17x288
            text run at (524,48) width 288: "\x{3044}\x{3082}\x{306E}\x{304C}\x{98DF}\x{3079}\x{3089}\x{308C}\x{306C}\x{304F}\x{3089}\x{3044}\x{306E}\x{4E8B}\x{3060}\x{308D}\x{3046}\x{3002}"
          RenderBR {br} at (524,336) size 17x0
          RenderText {#text} at (550,0) size 18x416
            text run at (550,0) width 417: "\x{3000}\x{3057}\x{304B}\x{3057}\x{82E6}\x{3057}\x{307F}\x{306E}\x{306A}\x{3044}\x{306E}\x{306F}\x{306A}\x{305C}\x{3060}\x{308D}\x{3046}\x{3002}\x{305F}\x{3060}\x{3053}\x{306E}\x{666F}\x{8272}\x{3092}\x{4E00}"
          RenderInline {ruby} at (550,416) size 18x18
            RenderInline (generated) at (550,415) size 18x18
              RenderInline {rb} at (550,416) size 18x16
                RenderText {#text} at (550,416) size 18x16
                  text run at (550,416) width 17: "\x{5E45}"
            RenderBlock {rt} at (540,415) size 11x18
              RenderText {#text} at (1,0) size 10x18
                text run at (1,0) width 18: "\x{3077}\x{304F}"
          RenderText {#text} at (550,432) size 18x16
            text run at (550,432) width 17: "\x{306E}"
          RenderInline {ruby} at (550,448) size 18x16
            RenderInline (generated) at (550,448) size 18x16
              RenderInline {rb} at (550,448) size 18x16
                RenderText {#text} at (550,448) size 18x16
                  text run at (550,448) width 17: "\x{753B}"
            RenderBlock {rt} at (540,448) size 11x16
              RenderText {#text} at (1,3) size 10x10
                text run at (1,3) width 9: "\x{3048}"
          RenderText {#text} at (550,0) size 44x480
            text run at (550,464) width 17: "\x{3068}"
            text run at (577,0) width 32: "\x{3057}\x{3066}"
          RenderInline {ruby} at (577,32) size 17x16
            RenderInline (generated) at (577,32) size 17x16
              RenderInline {rb} at (577,32) size 17x16
                RenderText {#text} at (577,32) size 17x16
                  text run at (577,32) width 16: "\x{89B3}"
            RenderBlock {rt} at (567,32) size 10x16
              RenderText {#text} at (1,3) size 10x10
                text run at (1,3) width 9: "\x{307F}"
          RenderText {#text} at (577,48) size 17x32
            text run at (577,48) width 32: "\x{3001}\x{4E00}"
          RenderInline {ruby} at (577,80) size 17x18
            RenderInline (generated) at (577,79) size 17x18
              RenderInline {rb} at (577,80) size 17x16
                RenderText {#text} at (577,80) size 17x16
                  text run at (577,80) width 16: "\x{5DFB}"
            RenderBlock {rt} at (567,79) size 10x18
              RenderText {#text} at (1,0) size 10x18
                text run at (1,0) width 18: "\x{304B}\x{3093}"
          RenderText {#text} at (577,96) size 17x208
            text run at (577,96) width 208: "\x{306E}\x{8A69}\x{3068}\x{3057}\x{3066}\x{8AAD}\x{3080}\x{304B}\x{3089}\x{3067}\x{3042}\x{308B}\x{3002}"
          RenderInline {ruby} at (577,304) size 17x16
            RenderInline (generated) at (577,304) size 17x16
              RenderInline {rb} at (577,304) size 17x16
                RenderText {#text} at (577,304) size 17x16
                  text run at (577,304) width 16: "\x{753B}"
            RenderBlock {rt} at (567,304) size 10x16
              RenderText {#text} at (1,3) size 10x10
                text run at (1,3) width 9: "\x{304C}"
          RenderText {#text} at (577,320) size 17x160
            text run at (577,320) width 160: "\x{3067}\x{3042}\x{308A}\x{8A69}\x{3067}\x{3042}\x{308B}\x{4EE5}\x{4E0A}\x{306F}"
          RenderInline {ruby} at (603,0) size 18x32
            RenderInline (generated) at (603,0) size 18x32
              RenderInline {rb} at (603,0) size 18x32
                RenderText {#text} at (603,0) size 18x32
                  text run at (603,0) width 33: "\x{5730}\x{9762}"
            RenderBlock {rt} at (593,0) size 11x32
              RenderText {#text} at (1,2) size 10x28
                text run at (1,2) width 27: "\x{3058}\x{3081}\x{3093}"
          RenderText {#text} at (603,32) size 18x368
            text run at (603,32) width 369: "\x{3092}\x{8CB0}\x{3063}\x{3066}\x{3001}\x{958B}\x{62D3}\x{3059}\x{308B}\x{6C17}\x{306B}\x{3082}\x{306A}\x{3089}\x{306D}\x{3070}\x{3001}\x{9244}\x{9053}\x{3092}\x{304B}\x{3051}\x{3066}"
          RenderInline {ruby} at (603,400) size 18x36
            RenderInline (generated) at (603,398) size 18x36
              RenderInline {rb} at (603,400) size 18x32
                RenderText {#text} at (603,400) size 18x32
                  text run at (603,400) width 33: "\x{4E00}\x{5132}"
            RenderBlock {rt} at (593,398) size 11x36
              RenderText {#text} at (1,0) size 10x36
                text run at (1,0) width 36: "\x{3072}\x{3068}\x{3082}\x{3046}"
          RenderText {#text} at (603,432) size 18x48
            text run at (603,432) width 49: "\x{3051}\x{3059}\x{308B}"
          RenderInline {ruby} at (630,0) size 17x45
            RenderInline (generated) at (630,0) size 17x45
              RenderInline {rb} at (630,6) size 17x33
                RenderText {#text} at (630,6) size 17x33
                  text run at (630,6) width 32: "\x{4E86}\x{898B}"
            RenderBlock {rt} at (620,0) size 10x45
              RenderText {#text} at (1,0) size 10x45
                text run at (1,0) width 45: "\x{308A}\x{3087}\x{3046}\x{3051}\x{3093}"
          RenderText {#text} at (630,40) size 17x257
            text run at (630,40) width 256: "\x{3082}\x{8D77}\x{3089}\x{306C}\x{3002}\x{305F}\x{3060}\x{3053}\x{306E}\x{666F}\x{8272}\x{304C}\x{2015}\x{2015}\x{8179}\x{306E}"
          RenderInline {ruby} at (630,296) size 17x17
            RenderInline (generated) at (630,296) size 17x17
              RenderInline {rb} at (630,296) size 17x17
                RenderText {#text} at (630,296) size 17x17
                  text run at (630,296) width 16: "\x{8DB3}"
            RenderBlock {rt} at (620,296) size 10x17
              RenderText {#text} at (1,3) size 10x10
                text run at (1,3) width 9: "\x{305F}"
          RenderText {#text} at (630,0) size 62x480
            text run at (630,312) width 160: "\x{3057}\x{306B}\x{3082}\x{306A}\x{3089}\x{306C}\x{3001}\x{6708}\x{7D66}\x{306E}"
            text run at (648,0) width 480: "\x{88DC}\x{3044}\x{306B}\x{3082}\x{306A}\x{3089}\x{306C}\x{3053}\x{306E}\x{666F}\x{8272}\x{304C}\x{666F}\x{8272}\x{3068}\x{3057}\x{3066}\x{306E}\x{307F}\x{3001}\x{4F59}\x{304C}\x{5FC3}\x{3092}\x{697D}\x{307E}\x{305B}\x{3064}\x{3064}\x{3042}"
            text run at (674,0) width 145: "\x{308B}\x{304B}\x{3089}\x{82E6}\x{52B4}\x{3082}\x{5FC3}\x{914D}\x{3082}"
          RenderInline {ruby} at (674,144) size 18x27
            RenderInline (generated) at (674,139) size 18x28
              RenderInline {rb} at (674,145) size 18x16
                RenderText {#text} at (674,145) size 18x16
                  text run at (674,145) width 17: "\x{4F34}"
            RenderBlock {rt} at (664,139) size 11x28
              RenderText {#text} at (1,0) size 10x27
                text run at (1,0) width 27: "\x{3068}\x{3082}\x{306A}"
          RenderText {#text} at (674,162) size 18x288
            text run at (674,162) width 289: "\x{308F}\x{306C}\x{306E}\x{3060}\x{308D}\x{3046}\x{3002}\x{81EA}\x{7136}\x{306E}\x{529B}\x{306F}\x{3053}\x{3053}\x{306B}\x{304A}\x{3044}\x{3066}"
          RenderInline {ruby} at (674,450) size 18x18
            RenderInline (generated) at (674,449) size 18x18
              RenderInline {rb} at (674,450) size 18x16
                RenderText {#text} at (674,450) size 18x16
                  text run at (674,450) width 17: "\x{5C0A}"
            RenderBlock {rt} at (664,449) size 11x18
              RenderText {#text} at (1,0) size 10x18
                text run at (1,0) width 18: "\x{305F}\x{3063}"
          RenderText {#text} at (701,0) size 17x192
            text run at (701,0) width 192: "\x{3068}\x{3044}\x{3002}\x{543E}\x{4EBA}\x{306E}\x{6027}\x{60C5}\x{3092}\x{77AC}\x{523B}\x{306B}"
          RenderInline {ruby} at (701,192) size 17x32
            RenderInline (generated) at (701,192) size 17x32
              RenderInline {rb} at (701,192) size 17x32
                RenderText {#text} at (701,192) size 17x32
                  text run at (701,192) width 32: "\x{9676}\x{51B6}"
            RenderBlock {rt} at (691,192) size 10x32
              RenderText {#text} at (1,2) size 10x28
                text run at (1,2) width 27: "\x{3068}\x{3046}\x{3084}"
          RenderText {#text} at (701,224) size 17x32
            text run at (701,224) width 32: "\x{3057}\x{3066}"
          RenderInline {ruby} at (701,256) size 17x36
            RenderInline (generated) at (701,254) size 17x36
              RenderInline {rb} at (701,256) size 17x32
                RenderText {#text} at (701,256) size 17x32
                  text run at (701,256) width 32: "\x{9187}\x{4E4E}"
            RenderBlock {rt} at (691,254) size 10x36
              RenderText {#text} at (1,0) size 10x36
                text run at (1,0) width 36: "\x{3058}\x{3085}\x{3093}\x{3053}"
          RenderText {#text} at (701,0) size 35x480
            text run at (701,288) width 192: "\x{3068}\x{3057}\x{3066}\x{9187}\x{306A}\x{308B}\x{8A69}\x{5883}\x{306B}\x{5165}\x{3089}\x{3057}"
            text run at (719,0) width 160: "\x{3080}\x{308B}\x{306E}\x{306F}\x{81EA}\x{7136}\x{3067}\x{3042}\x{308B}\x{3002}"
          RenderBR {br} at (719,160) size 17x0
          RenderText {#text} at (737,0) size 44x480
            text run at (737,0) width 480: "\x{3000}\x{604B}\x{306F}\x{3046}\x{3064}\x{304F}\x{3057}\x{304B}\x{308D}\x{3001}\x{5B5D}\x{3082}\x{3046}\x{3064}\x{304F}\x{3057}\x{304B}\x{308D}\x{3001}\x{5FE0}\x{541B}\x{611B}\x{56FD}\x{3082}\x{7D50}\x{69CB}\x{3060}\x{308D}\x{3046}\x{3002}"
            text run at (763,0) width 129: "\x{3057}\x{304B}\x{3057}\x{81EA}\x{8EAB}\x{304C}\x{305D}\x{306E}"
          RenderInline {ruby} at (763,128) size 18x27
            RenderInline (generated) at (763,123) size 18x28
              RenderInline {rb} at (763,129) size 18x16
                RenderText {#text} at (763,129) size 18x16
                  text run at (763,129) width 17: "\x{5C40}"
            RenderBlock {rt} at (753,123) size 11x28
              RenderText {#text} at (1,0) size 10x27
                text run at (1,0) width 27: "\x{304D}\x{3087}\x{304F}"
          RenderText {#text} at (763,146) size 18x112
            text run at (763,146) width 113: "\x{306B}\x{5F53}\x{308C}\x{3070}\x{5229}\x{5BB3}\x{306E}"
          RenderInline {ruby} at (763,258) size 18x32
            RenderInline (generated) at (763,258) size 18x32
              RenderInline {rb} at (763,258) size 18x32
                RenderText {#text} at (763,258) size 18x32
                  text run at (763,258) width 33: "\x{65CB}\x{98A8}"
            RenderBlock {rt} at (753,258) size 11x32
              RenderText {#text} at (1,2) size 10x28
                text run at (1,2) width 27: "\x{3064}\x{3080}\x{3058}"
          RenderText {#text} at (763,290) size 18x16
            text run at (763,290) width 17: "\x{306B}"
          RenderInline {ruby} at (763,306) size 18x16
            RenderInline (generated) at (763,306) size 18x16
              RenderInline {rb} at (763,306) size 18x16
                RenderText {#text} at (763,306) size 18x16
                  text run at (763,306) width 17: "\x{6372}"
            RenderBlock {rt} at (753,306) size 11x16
              RenderText {#text} at (1,3) size 10x10
                text run at (1,3) width 9: "\x{307E}"
          RenderText {#text} at (763,0) size 44x482
            text run at (763,322) width 161: "\x{304D}\x{8FBC}\x{307E}\x{308C}\x{3066}\x{3001}\x{3046}\x{3064}\x{304F}\x{3057}"
            text run at (790,0) width 224: "\x{304D}\x{4E8B}\x{306B}\x{3082}\x{3001}\x{7D50}\x{69CB}\x{306A}\x{4E8B}\x{306B}\x{3082}\x{3001}\x{76EE}\x{306F}"
          RenderInline {ruby} at (790,224) size 17x18
            RenderInline (generated) at (790,223) size 17x18
              RenderInline {rb} at (790,224) size 17x16
                RenderText {#text} at (790,224) size 17x16
                  text run at (790,224) width 16: "\x{7729}"
            RenderBlock {rt} at (780,223) size 10x18
              RenderText {#text} at (1,0) size 10x18
                text run at (1,0) width 18: "\x{304F}\x{3089}"
          RenderText {#text} at (790,0) size 44x480
            text run at (790,240) width 240: "\x{3093}\x{3067}\x{3057}\x{307E}\x{3046}\x{3002}\x{3057}\x{305F}\x{304C}\x{3063}\x{3066}\x{3069}\x{3053}\x{306B}\x{8A69}"
            text run at (816,0) width 129: "\x{304C}\x{3042}\x{308B}\x{304B}\x{81EA}\x{8EAB}\x{306B}\x{306F}"
          RenderInline {ruby} at (816,128) size 18x16
            RenderInline (generated) at (816,128) size 18x16
              RenderInline {rb} at (816,128) size 18x16
                RenderText {#text} at (816,128) size 18x16
                  text run at (816,128) width 17: "\x{89E3}"
            RenderBlock {rt} at (806,128) size 11x16
              RenderText {#text} at (1,3) size 10x10
                text run at (1,3) width 9: "\x{3052}"
          RenderText {#text} at (816,144) size 18x80
            text run at (816,144) width 81: "\x{3057}\x{304B}\x{306D}\x{308B}\x{3002}"
          RenderBR {br} at (816,224) size 18x0
          RenderText {#text} at (834,0) size 44x480
            text run at (834,0) width 481: "\x{3000}\x{3053}\x{308C}\x{304C}\x{308F}\x{304B}\x{308B}\x{305F}\x{3081}\x{306B}\x{306F}\x{3001}\x{308F}\x{304B}\x{308B}\x{3060}\x{3051}\x{306E}\x{4F59}\x{88D5}\x{306E}\x{3042}\x{308B}\x{7B2C}\x{4E09}\x{8005}\x{306E}\x{5730}\x{4F4D}\x{306B}"
            text run at (861,0) width 352: "\x{7ACB}\x{305F}\x{306D}\x{3070}\x{306A}\x{3089}\x{306C}\x{3002}\x{4E09}\x{8005}\x{306E}\x{5730}\x{4F4D}\x{306B}\x{7ACB}\x{3066}\x{3070}\x{3053}\x{305D}\x{829D}\x{5C45}\x{306F}"
          RenderInline {ruby} at (861,352) size 17x16
            RenderInline (generated) at (861,352) size 17x16
              RenderInline {rb} at (861,352) size 17x16
                RenderText {#text} at (861,352) size 17x16
                  text run at (861,352) width 16: "\x{89B3}"
            RenderBlock {rt} at (851,352) size 10x16
              RenderText {#text} at (1,3) size 10x10
                text run at (1,3) width 9: "\x{307F}"
          RenderText {#text} at (861,0) size 62x480
            text run at (861,368) width 112: "\x{3066}\x{9762}\x{767D}\x{3044}\x{3002}\x{5C0F}\x{8AAC}"
            text run at (879,0) width 480: "\x{3082}\x{898B}\x{3066}\x{9762}\x{767D}\x{3044}\x{3002}\x{829D}\x{5C45}\x{3092}\x{898B}\x{3066}\x{9762}\x{767D}\x{3044}\x{4EBA}\x{3082}\x{3001}\x{5C0F}\x{8AAC}\x{3092}\x{8AAD}\x{3093}\x{3067}\x{9762}\x{767D}\x{3044}\x{4EBA}\x{3082}\x{3001}"
            text run at (905,0) width 97: "\x{81EA}\x{5DF1}\x{306E}\x{5229}\x{5BB3}\x{306F}"
          RenderInline {ruby} at (905,96) size 18x18
            RenderInline (generated) at (905,95) size 18x18
              RenderInline {rb} at (905,96) size 18x16
                RenderText {#text} at (905,96) size 18x16
                  text run at (905,96) width 17: "\x{68DA}"
            RenderBlock {rt} at (895,95) size 11x18
              RenderText {#text} at (1,0) size 10x18
                text run at (1,0) width 18: "\x{305F}\x{306A}"
          RenderText {#text} at (905,0) size 36x480
            text run at (905,112) width 369: "\x{3078}\x{4E0A}\x{3052}\x{3066}\x{3044}\x{308B}\x{3002}\x{898B}\x{305F}\x{308A}\x{8AAD}\x{3093}\x{3060}\x{308A}\x{3059}\x{308B}\x{9593}\x{3060}\x{3051}\x{306F}\x{8A69}\x{4EBA}\x{3067}"
            text run at (923,0) width 49: "\x{3042}\x{308B}\x{3002}"
          RenderBR {br} at (923,48) size 18x0
          RenderText {#text} at (950,0) size 17x304
            text run at (950,0) width 304: "\x{3000}\x{305D}\x{308C}\x{3059}\x{3089}\x{3001}\x{666E}\x{901A}\x{306E}\x{829D}\x{5C45}\x{3084}\x{5C0F}\x{8AAC}\x{3067}\x{306F}\x{4EBA}\x{60C5}\x{3092}"
          RenderInline {ruby} at (950,304) size 17x18
            RenderInline (generated) at (950,303) size 17x18
              RenderInline {rb} at (950,304) size 17x16
                RenderText {#text} at (950,304) size 17x16
                  text run at (950,304) width 16: "\x{514D}"
            RenderBlock {rt} at (940,303) size 10x18
              RenderText {#text} at (1,0) size 10x18
                text run at (1,0) width 18: "\x{307E}\x{306C}"
          RenderText {#text} at (950,0) size 62x480
            text run at (950,320) width 160: "\x{304B}\x{308C}\x{306C}\x{3002}\x{82E6}\x{3057}\x{3093}\x{3060}\x{308A}\x{3001}"
            text run at (968,0) width 480: "\x{6012}\x{3063}\x{305F}\x{308A}\x{3001}\x{9A12}\x{3044}\x{3060}\x{308A}\x{3001}\x{6CE3}\x{3044}\x{305F}\x{308A}\x{3059}\x{308B}\x{3002}\x{898B}\x{308B}\x{3082}\x{306E}\x{3082}\x{3044}\x{3064}\x{304B}\x{305D}\x{306E}\x{4E2D}\x{306B}\x{540C}"
            text run at (994,0) width 417: "\x{5316}\x{3057}\x{3066}\x{82E6}\x{3057}\x{3093}\x{3060}\x{308A}\x{3001}\x{6012}\x{3063}\x{305F}\x{308A}\x{3001}\x{9A12}\x{3044}\x{3060}\x{308A}\x{3001}\x{6CE3}\x{3044}\x{305F}\x{308A}\x{3059}\x{308B}\x{3002}"
          RenderInline {ruby} at (994,416) size 18x32
            RenderInline (generated) at (994,416) size 18x32
              RenderInline {rb} at (994,416) size 18x32
                RenderText {#text} at (994,416) size 18x32
                  text run at (994,416) width 33: "\x{53D6}\x{67C4}"
            RenderBlock {rt} at (984,416) size 11x32
              RenderText {#text} at (1,2) size 10x28
                text run at (1,2) width 27: "\x{3068}\x{308A}\x{3048}"
          RenderText {#text} at (994,0) size 44x480
            text run at (994,448) width 33: "\x{306F}\x{5229}"
            text run at (1021,0) width 32: "\x{617E}\x{304C}"
          RenderInline {ruby} at (1021,32) size 17x18
            RenderInline (generated) at (1021,31) size 17x18
              RenderInline {rb} at (1021,32) size 17x16
                RenderText {#text} at (1021,32) size 17x16
                  text run at (1021,32) width 16: "\x{4EA4}"
            RenderBlock {rt} at (1011,31) size 10x18
              RenderText {#text} at (1,0) size 10x18
                text run at (1,0) width 18: "\x{307E}\x{3058}"
          RenderText {#text} at (1021,48) size 17x112
            text run at (1021,48) width 112: "\x{3089}\x{306C}\x{3068}\x{4E91}\x{3046}\x{70B9}\x{306B}"
          RenderInline {ruby} at (1021,160) size 17x18
            RenderInline (generated) at (1021,159) size 17x18
              RenderInline {rb} at (1021,160) size 17x16
                RenderText {#text} at (1021,160) size 17x16
                  text run at (1021,160) width 16: "\x{5B58}"
            RenderBlock {rt} at (1011,159) size 10x18
              RenderText {#text} at (1,0) size 10x18
                text run at (1,0) width 18: "\x{305D}\x{3093}"
          RenderText {#text} at (1021,176) size 17x304
            text run at (1021,176) width 304: "\x{3059}\x{308B}\x{304B}\x{3082}\x{77E5}\x{308C}\x{306C}\x{304C}\x{3001}\x{4EA4}\x{3089}\x{306C}\x{3060}\x{3051}\x{306B}\x{305D}\x{306E}\x{4ED6}\x{306E}"
          RenderInline {ruby} at (1047,0) size 18x45
            RenderInline (generated) at (1047,0) size 18x45
              RenderInline {rb} at (1047,6) size 18x33
                RenderText {#text} at (1047,6) size 18x33
                  text run at (1047,6) width 33: "\x{60C5}\x{7DD2}"
            RenderBlock {rt} at (1037,0) size 11x45
              RenderText {#text} at (1,0) size 10x45
                text run at (1,0) width 45: "\x{3058}\x{3087}\x{3046}\x{3057}\x{3087}"
          RenderText {#text} at (1047,40) size 18x305
            text run at (1047,40) width 305: "\x{306F}\x{5E38}\x{3088}\x{308A}\x{306F}\x{4F59}\x{8A08}\x{306B}\x{6D3B}\x{52D5}\x{3059}\x{308B}\x{3060}\x{308D}\x{3046}\x{3002}\x{305D}\x{308C}\x{304C}"
          RenderInline {ruby} at (1047,344) size 18x19
            RenderInline (generated) at (1047,343) size 18x19
              RenderInline {rb} at (1047,344) size 18x17
                RenderText {#text} at (1047,344) size 18x17
                  text run at (1047,344) width 17: "\x{5ACC}"
            RenderBlock {rt} at (1037,343) size 11x19
              RenderText {#text} at (1,0) size 10x18
                text run at (1,0) width 18: "\x{3044}\x{3084}"
          RenderText {#text} at (1047,360) size 18x33
            text run at (1047,360) width 33: "\x{3060}\x{3002}"
          RenderBR {br} at (1047,392) size 18x1
          RenderText {#text} at (1065,0) size 44x480
            text run at (1065,0) width 481: "\x{3000}\x{82E6}\x{3057}\x{3093}\x{3060}\x{308A}\x{3001}\x{6012}\x{3063}\x{305F}\x{308A}\x{3001}\x{9A12}\x{3044}\x{3060}\x{308A}\x{3001}\x{6CE3}\x{3044}\x{305F}\x{308A}\x{306F}\x{4EBA}\x{306E}\x{4E16}\x{306B}\x{3064}\x{304D}\x{3082}\x{306E}"
            text run at (1092,0) width 192: "\x{3060}\x{3002}\x{4F59}\x{3082}\x{4E09}\x{5341}\x{5E74}\x{306E}\x{9593}\x{305D}\x{308C}\x{3092}"
          RenderInline {ruby} at (1092,192) size 17x32
            RenderInline (generated) at (1092,192) size 17x32
              RenderInline {rb} at (1092,192) size 17x32
                RenderText {#text} at (1092,192) size 17x32
                  text run at (1092,192) width 32: "\x{4ED5}\x{901A}"
            RenderBlock {rt} at (1082,192) size 10x32
              RenderText {#text} at (1,2) size 10x28
                text run at (1,2) width 27: "\x{3057}\x{3068}\x{304A}"
          RenderText {#text} at (1092,224) size 17x48
            text run at (1092,224) width 48: "\x{3057}\x{3066}\x{3001}"
          RenderInline {ruby} at (1092,272) size 17x36
            RenderInline (generated) at (1092,270) size 17x36
              RenderInline {rb} at (1092,272) size 17x32
                RenderText {#text} at (1092,272) size 17x32
                  text run at (1092,272) width 32: "\x{98FD}\x{3005}"
            RenderBlock {rt} at (1082,270) size 10x36
              RenderText {#text} at (1,0) size 10x36
                text run at (1,0) width 36: "\x{3042}\x{304D}\x{3042}\x{304D}"
          RenderText {#text} at (1092,304) size 17x48
            text run at (1092,304) width 48: "\x{3057}\x{305F}\x{3002}"
          RenderInline {ruby} at (1092,352) size 17x16
            RenderInline (generated) at (1092,352) size 17x16
              RenderInline {rb} at (1092,352) size 17x16
                RenderText {#text} at (1092,352) size 17x16
                  text run at (1092,352) width 16: "\x{98FD}"
            RenderBlock {rt} at (1082,352) size 10x16
              RenderText {#text} at (1,3) size 10x10
                text run at (1,3) width 9: "\x{3042}"
          RenderText {#text} at (1092,0) size 62x480
            text run at (1092,368) width 112: "\x{304D}\x{98FD}\x{304D}\x{3057}\x{305F}\x{4E0A}\x{306B}"
            text run at (1110,0) width 480: "\x{829D}\x{5C45}\x{3084}\x{5C0F}\x{8AAC}\x{3067}\x{540C}\x{3058}\x{523A}\x{6FC0}\x{3092}\x{7E70}\x{308A}\x{8FD4}\x{3057}\x{3066}\x{306F}\x{5927}\x{5909}\x{3060}\x{3002}\x{4F59}\x{304C}\x{6B32}\x{3059}\x{308B}\x{8A69}\x{306F}\x{305D}\x{3093}"
            text run at (1136,0) width 129: "\x{306A}\x{4E16}\x{9593}\x{7684}\x{306E}\x{4EBA}\x{60C5}\x{3092}"
          RenderInline {ruby} at (1136,128) size 18x32
            RenderInline (generated) at (1136,128) size 18x32
              RenderInline {rb} at (1136,128) size 18x32
                RenderText {#text} at (1136,128) size 18x32
                  text run at (1136,128) width 33: "\x{9F13}\x{821E}"
            RenderBlock {rt} at (1126,128) size 11x32
              RenderText {#text} at (1,7) size 10x18
                text run at (1,7) width 18: "\x{3053}\x{3076}"
          RenderText {#text} at (1136,0) size 44x480
            text run at (1136,160) width 321: "\x{3059}\x{308B}\x{3088}\x{3046}\x{306A}\x{3082}\x{306E}\x{3067}\x{306F}\x{306A}\x{3044}\x{3002}\x{4FD7}\x{5FF5}\x{3092}\x{653E}\x{68C4}\x{3057}\x{3066}\x{3001}"
            text run at (1163,0) width 96: "\x{3057}\x{3070}\x{3089}\x{304F}\x{3067}\x{3082}"
          RenderInline {ruby} at (1163,96) size 17x36
            RenderInline (generated) at (1163,94) size 17x36
              RenderInline {rb} at (1163,96) size 17x32
                RenderText {#text} at (1163,96) size 17x32
                  text run at (1163,96) width 32: "\x{5875}\x{754C}"
            RenderBlock {rt} at (1153,94) size 10x36
              RenderText {#text} at (1,0) size 10x36
                text run at (1,0) width 36: "\x{3058}\x{3093}\x{304B}\x{3044}"
          RenderText {#text} at (1163,0) size 80x480
            text run at (1163,128) width 352: "\x{3092}\x{96E2}\x{308C}\x{305F}\x{5FC3}\x{6301}\x{3061}\x{306B}\x{306A}\x{308C}\x{308B}\x{8A69}\x{3067}\x{3042}\x{308B}\x{3002}\x{3044}\x{304F}\x{3089}\x{5091}\x{4F5C}\x{3067}"
            text run at (1181,0) width 480: "\x{3082}\x{4EBA}\x{60C5}\x{3092}\x{96E2}\x{308C}\x{305F}\x{829D}\x{5C45}\x{306F}\x{306A}\x{3044}\x{3001}\x{7406}\x{975E}\x{3092}\x{7D76}\x{3057}\x{305F}\x{5C0F}\x{8AAC}\x{306F}\x{5C11}\x{304B}\x{308D}\x{3046}\x{3002}\x{3069}\x{3053}\x{307E}"
            text run at (1199,0) width 480: "\x{3067}\x{3082}\x{4E16}\x{9593}\x{3092}\x{51FA}\x{308B}\x{4E8B}\x{304C}\x{51FA}\x{6765}\x{306C}\x{306E}\x{304C}\x{5F7C}\x{3089}\x{306E}\x{7279}\x{8272}\x{3067}\x{3042}\x{308B}\x{3002}\x{3053}\x{3068}\x{306B}\x{897F}\x{6D0B}\x{306E}\x{8A69}"
            text run at (1225,0) width 305: "\x{306B}\x{306A}\x{308B}\x{3068}\x{3001}\x{4EBA}\x{4E8B}\x{304C}\x{6839}\x{672C}\x{306B}\x{306A}\x{308B}\x{304B}\x{3089}\x{3044}\x{308F}\x{3086}\x{308B}"
          RenderInline {ruby} at (1225,304) size 18x32
            RenderInline (generated) at (1225,304) size 18x32
              RenderInline {rb} at (1225,304) size 18x32
                RenderText {#text} at (1225,304) size 18x32
                  text run at (1225,304) width 33: "\x{8A69}\x{6B4C}"
            RenderBlock {rt} at (1215,304) size 11x32
              RenderText {#text} at (1,2) size 10x28
                text run at (1,2) width 27: "\x{3057}\x{3044}\x{304B}"
          RenderText {#text} at (1225,0) size 44x480
            text run at (1225,336) width 145: "\x{306E}\x{7D14}\x{7C8B}\x{306A}\x{308B}\x{3082}\x{306E}\x{3082}\x{3053}"
            text run at (1252,0) width 16: "\x{306E}"
          RenderInline {ruby} at (1252,16) size 17x27
            RenderInline (generated) at (1252,11) size 17x28
              RenderInline {rb} at (1252,17) size 17x16
                RenderText {#text} at (1252,17) size 17x16
                  text run at (1252,17) width 16: "\x{5883}"
            RenderBlock {rt} at (1242,11) size 10x28
              RenderText {#text} at (1,0) size 10x27
                text run at (1,0) width 27: "\x{304D}\x{3087}\x{3046}"
          RenderText {#text} at (1252,34) size 17x16
            text run at (1252,34) width 16: "\x{3092}"
          RenderInline {ruby} at (1252,50) size 17x32
            RenderInline (generated) at (1252,50) size 17x32
              RenderInline {rb} at (1252,50) size 17x32
                RenderText {#text} at (1252,50) size 17x32
                  text run at (1252,50) width 32: "\x{89E3}\x{8131}"
            RenderBlock {rt} at (1242,50) size 10x32
              RenderText {#text} at (1,2) size 10x28
                text run at (1,2) width 27: "\x{3052}\x{3060}\x{3064}"
          RenderText {#text} at (1252,0) size 44x482
            text run at (1252,82) width 400: "\x{3059}\x{308B}\x{4E8B}\x{3092}\x{77E5}\x{3089}\x{306C}\x{3002}\x{3069}\x{3053}\x{307E}\x{3067}\x{3082}\x{540C}\x{60C5}\x{3060}\x{3068}\x{304B}\x{3001}\x{611B}\x{3060}\x{3068}\x{304B}\x{3001}\x{6B63}"
            text run at (1278,0) width 177: "\x{7FA9}\x{3060}\x{3068}\x{304B}\x{3001}\x{81EA}\x{7531}\x{3060}\x{3068}\x{304B}\x{3001}"
          RenderInline {ruby} at (1278,176) size 18x32
            RenderInline (generated) at (1278,176) size 18x32
              RenderInline {rb} at (1278,176) size 18x32
                RenderText {#text} at (1278,176) size 18x32
                  text run at (1278,176) width 33: "\x{6D6E}\x{4E16}"
            RenderBlock {rt} at (1268,176) size 11x32
              RenderText {#text} at (1,2) size 10x28
                text run at (1,2) width 27: "\x{3046}\x{304D}\x{3088}"
          RenderText {#text} at (1278,208) size 18x16
            text run at (1278,208) width 17: "\x{306E}"
          RenderInline {ruby} at (1278,224) size 18x48
            RenderInline (generated) at (1278,224) size 18x48
              RenderInline {rb} at (1278,224) size 18x48
                RenderText {#text} at (1278,224) size 18x48
                  text run at (1278,224) width 49: "\x{52E7}\x{5DE5}\x{5834}"
            RenderBlock {rt} at (1268,224) size 11x48
              RenderText {#text} at (1,1) size 10x46
                text run at (1,1) width 45: "\x{304B}\x{3093}\x{3053}\x{3046}\x{3070}"
          RenderText {#text} at (1278,272) size 18x160
            text run at (1278,272) width 161: "\x{306B}\x{3042}\x{308B}\x{3082}\x{306E}\x{3060}\x{3051}\x{3067}\x{7528}\x{3092}"
          RenderInline {ruby} at (1278,432) size 18x18
            RenderInline (generated) at (1278,431) size 18x18
              RenderInline {rb} at (1278,432) size 18x16
                RenderText {#text} at (1278,432) size 18x16
                  text run at (1278,432) width 17: "\x{5F01}"
            RenderBlock {rt} at (1268,431) size 11x18
              RenderText {#text} at (1,0) size 10x18
                text run at (1,0) width 18: "\x{3079}\x{3093}"
          RenderText {#text} at (1278,0) size 44x480
            text run at (1278,448) width 33: "\x{3058}\x{3066}"
            text run at (1305,0) width 288: "\x{3044}\x{308B}\x{3002}\x{3044}\x{304F}\x{3089}\x{8A69}\x{7684}\x{306B}\x{306A}\x{3063}\x{3066}\x{3082}\x{5730}\x{9762}\x{306E}\x{4E0A}\x{3092}"
          RenderInline {ruby} at (1305,288) size 17x16
            RenderInline (generated) at (1305,288) size 17x16
              RenderInline {rb} at (1305,288) size 17x16
                RenderText {#text} at (1305,288) size 17x16
                  text run at (1305,288) width 16: "\x{99B3}"
            RenderBlock {rt} at (1295,288) size 10x16
              RenderText {#text} at (1,3) size 10x10
                text run at (1,3) width 9: "\x{304B}"
          RenderText {#text} at (1305,304) size 17x112
            text run at (1305,304) width 112: "\x{3051}\x{3066}\x{3042}\x{308B}\x{3044}\x{3066}\x{3001}"
          RenderInline {ruby} at (1305,416) size 17x18
            RenderInline (generated) at (1305,415) size 17x18
              RenderInline {rb} at (1305,416) size 17x16
                RenderText {#text} at (1305,416) size 17x16
                  text run at (1305,416) width 16: "\x{92AD}"
            RenderBlock {rt} at (1295,415) size 10x18
              RenderText {#text} at (1,0) size 10x18
                text run at (1,0) width 18: "\x{305C}\x{306B}"
          RenderText {#text} at (1305,0) size 44x480
            text run at (1305,432) width 48: "\x{306E}\x{52D8}\x{5B9A}"
            text run at (1331,0) width 241: "\x{3092}\x{5FD8}\x{308C}\x{308B}\x{3072}\x{307E}\x{304C}\x{306A}\x{3044}\x{3002}\x{30B7}\x{30A7}\x{30EC}\x{30FC}\x{304C}"
          RenderInline {ruby} at (1331,240) size 18x32
            RenderInline (generated) at (1331,240) size 18x32
              RenderInline {rb} at (1331,240) size 18x32
                RenderText {#text} at (1331,240) size 18x32
                  text run at (1331,240) width 33: "\x{96F2}\x{96C0}"
            RenderBlock {rt} at (1321,240) size 11x32
              RenderText {#text} at (1,2) size 10x28
                text run at (1,2) width 27: "\x{3072}\x{3070}\x{308A}"
          RenderText {#text} at (1331,0) size 36x480
            text run at (1331,272) width 209: "\x{3092}\x{805E}\x{3044}\x{3066}\x{5606}\x{606F}\x{3057}\x{305F}\x{306E}\x{3082}\x{7121}\x{7406}\x{306F}"
            text run at (1349,0) width 49: "\x{306A}\x{3044}\x{3002}"
          RenderBR {br} at (1349,48) size 18x0
          RenderText {#text} at (1376,0) size 17x160
            text run at (1376,0) width 160: "\x{3000}\x{3046}\x{308C}\x{3057}\x{3044}\x{4E8B}\x{306B}\x{6771}\x{6D0B}\x{306E}"
          RenderInline {ruby} at (1376,160) size 17x32
            RenderInline (generated) at (1376,160) size 17x32
              RenderInline {rb} at (1376,160) size 17x32
                RenderText {#text} at (1376,160) size 17x32
                  text run at (1376,160) width 32: "\x{8A69}\x{6B4C}"
            RenderBlock {rt} at (1366,160) size 10x32
              RenderText {#text} at (1,2) size 10x28
                text run at (1,2) width 27: "\x{3057}\x{3044}\x{304B}"
          RenderText {#text} at (1376,192) size 17x64
            text run at (1376,192) width 64: "\x{306F}\x{305D}\x{3053}\x{3092}"
          RenderInline {ruby} at (1376,256) size 17x32
            RenderInline (generated) at (1376,256) size 17x32
              RenderInline {rb} at (1376,256) size 17x32
                RenderText {#text} at (1376,256) size 17x32
                  text run at (1376,256) width 32: "\x{89E3}\x{8131}"
            RenderBlock {rt} at (1366,256) size 10x32
              RenderText {#text} at (1,2) size 10x28
                text run at (1,2) width 27: "\x{3052}\x{3060}\x{3064}"
          RenderText {#text} at (1376,288) size 17x112
            text run at (1376,288) width 112: "\x{3057}\x{305F}\x{306E}\x{304C}\x{3042}\x{308B}\x{3002}"
          RenderInline {ruby} at (1376,400) size 17x45
            RenderInline (generated) at (1376,395) size 17x46
              RenderInline {rb} at (1376,402) size 17x32
                RenderText {#text} at (1376,402) size 17x32
                  text run at (1376,402) width 32: "\x{63A1}\x{83CA}"
            RenderBlock {rt} at (1366,395) size 10x46
              RenderText {#text} at (1,0) size 10x45
                text run at (1,0) width 45: "\x{304D}\x{304F}\x{3092}\x{3068}\x{308B}"
          RenderInline {ruby} at (1402,0) size 18x54
            RenderInline (generated) at (1402,0) size 18x54
              RenderInline {rb} at (1402,3) size 18x48
                RenderText {#text} at (1402,3) size 18x48
                  text run at (1402,3) width 49: "\x{6771}\x{7C6C}\x{4E0B}"
            RenderBlock {rt} at (1392,0) size 11x54
              RenderText {#text} at (1,0) size 10x54
                text run at (1,0) width 54: "\x{3068}\x{3046}\x{308A}\x{306E}\x{3082}\x{3068}"
          RenderText {#text} at (1402,51) size 18x16
            text run at (1402,51) width 17: "\x{3001}"
          RenderInline {ruby} at (1402,67) size 18x63
            RenderInline (generated) at (1402,62) size 18x64
              RenderInline {rb} at (1402,78) size 18x32
                RenderText {#text} at (1402,78) size 18x32
                  text run at (1402,78) width 33: "\x{60A0}\x{7136}"
            RenderBlock {rt} at (1392,62) size 11x64
              RenderText {#text} at (1,0) size 10x63
                text run at (1,0) width 63: "\x{3086}\x{3046}\x{305C}\x{3093}\x{3068}\x{3057}\x{3066}"
          RenderInline {ruby} at (1402,125) size 18x64
            RenderInline (generated) at (1402,125) size 18x64
              RenderInline {rb} at (1402,133) size 18x48
                RenderText {#text} at (1402,133) size 18x48
                  text run at (1402,133) width 49: "\x{898B}\x{5357}\x{5C71}"
            RenderBlock {rt} at (1392,125) size 11x64
              RenderText {#text} at (1,0) size 10x63
                text run at (1,0) width 63: "\x{306A}\x{3093}\x{3056}\x{3093}\x{3092}\x{307F}\x{308B}"
          RenderText {#text} at (1402,184) size 18x128
            text run at (1402,184) width 129: "\x{3002}\x{305F}\x{3060}\x{305D}\x{308C}\x{304E}\x{308A}\x{306E}"
          RenderInline {ruby} at (1402,312) size 18x18
            RenderInline (generated) at (1402,311) size 18x18
              RenderInline {rb} at (1402,312) size 18x16
                RenderText {#text} at (1402,312) size 18x16
                  text run at (1402,312) width 17: "\x{88CF}"
            RenderBlock {rt} at (1392,311) size 11x18
              RenderText {#text} at (1,0) size 10x18
                text run at (1,0) width 18: "\x{3046}\x{3061}"
          RenderText {#text} at (1402,0) size 44x472
            text run at (1402,328) width 145: "\x{306B}\x{6691}\x{82E6}\x{3057}\x{3044}\x{4E16}\x{306E}\x{4E2D}\x{3092}"
            text run at (1429,0) width 384: "\x{307E}\x{308B}\x{3067}\x{5FD8}\x{308C}\x{305F}\x{5149}\x{666F}\x{304C}\x{51FA}\x{3066}\x{304F}\x{308B}\x{3002}\x{57A3}\x{306E}\x{5411}\x{3046}\x{306B}\x{96A3}\x{308A}\x{306E}\x{5A18}\x{304C}"
          RenderInline {ruby} at (1429,384) size 17x18
            RenderInline (generated) at (1429,383) size 17x18
              RenderInline {rb} at (1429,384) size 17x16
                RenderText {#text} at (1429,384) size 17x16
                  text run at (1429,384) width 16: "\x{8997}"
            RenderBlock {rt} at (1419,383) size 10x18
              RenderText {#text} at (1,0) size 10x18
                text run at (1,0) width 18: "\x{306E}\x{305E}"
          RenderText {#text} at (1429,0) size 44x480
            text run at (1429,400) width 80: "\x{3044}\x{3066}\x{308B}\x{8A33}\x{3067}"
            text run at (1455,0) width 97: "\x{3082}\x{306A}\x{3051}\x{308C}\x{3070}\x{3001}"
          RenderInline {ruby} at (1455,96) size 18x36
            RenderInline (generated) at (1455,94) size 18x36
              RenderInline {rb} at (1455,96) size 18x32
                RenderText {#text} at (1455,96) size 18x32
                  text run at (1455,96) width 33: "\x{5357}\x{5C71}"
            RenderBlock {rt} at (1445,94) size 11x36
              RenderText {#text} at (1,0) size 10x36
                text run at (1,0) width 36: "\x{306A}\x{3093}\x{3056}\x{3093}"
          RenderText {#text} at (1455,128) size 18x320
            text run at (1455,128) width 321: "\x{306B}\x{89AA}\x{53CB}\x{304C}\x{5949}\x{8077}\x{3057}\x{3066}\x{3044}\x{308B}\x{6B21}\x{7B2C}\x{3067}\x{3082}\x{306A}\x{3044}\x{3002}\x{8D85}\x{7136}\x{3068}"
          RenderInline {ruby} at (1482,0) size 17x72
            RenderInline (generated) at (1482,0) size 17x72
              RenderInline {rb} at (1482,4) size 17x64
                RenderText {#text} at (1482,4) size 17x64
                  text run at (1482,4) width 64: "\x{51FA}\x{4E16}\x{9593}\x{7684}"
            RenderBlock {rt} at (1472,0) size 10x72
              RenderText {#text} at (1,0) size 10x72
                text run at (1,0) width 72: "\x{3057}\x{3085}\x{3063}\x{305B}\x{3051}\x{3093}\x{3066}\x{304D}"
          RenderText {#text} at (1482,68) size 17x336
            text run at (1482,68) width 336: "\x{306B}\x{5229}\x{5BB3}\x{640D}\x{5F97}\x{306E}\x{6C57}\x{3092}\x{6D41}\x{3057}\x{53BB}\x{3063}\x{305F}\x{5FC3}\x{6301}\x{3061}\x{306B}\x{306A}\x{308C}\x{308B}\x{3002}"
          RenderInline {ruby} at (1482,404) size 17x27
            RenderInline (generated) at (1482,399) size 17x28
              RenderInline {rb} at (1482,405) size 17x16
                RenderText {#text} at (1482,405) size 17x16
                  text run at (1482,405) width 16: "\x{72EC}"
            RenderBlock {rt} at (1472,399) size 10x28
              RenderText {#text} at (1,0) size 10x27
                text run at (1,0) width 27: "\x{3072}\x{3068}\x{308A}"
          RenderInline {ruby} at (1508,0) size 18x90
            RenderInline (generated) at (1508,0) size 18x90
              RenderInline {rb} at (1508,13) size 18x64
                RenderText {#text} at (1508,13) size 18x64
                  text run at (1508,13) width 65: "\x{5750}\x{5E7D}\x{7BC1}\x{88CF}"
            RenderBlock {rt} at (1498,0) size 11x90
              RenderText {#text} at (1,0) size 10x90
                text run at (1,0) width 90: "\x{3086}\x{3046}\x{3053}\x{3046}\x{306E}\x{3046}\x{3061}\x{306B}\x{3056}\x{3057}"
          RenderText {#text} at (1508,85) size 18x17
            text run at (1508,85) width 17: "\x{3001}"
          RenderInline {ruby} at (1508,101) size 18x64
            RenderInline (generated) at (1508,97) size 18x63
              RenderInline {rb} at (1508,112) size 18x33
                RenderText {#text} at (1508,112) size 18x33
                  text run at (1508,112) width 33: "\x{5F3E}\x{7434}"
            RenderBlock {rt} at (1498,97) size 11x63
              RenderText {#text} at (1,0) size 10x63
                text run at (1,0) width 63: "\x{304D}\x{3093}\x{3092}\x{3060}\x{3093}\x{3058}\x{3066}"
          RenderInline {ruby} at (1508,160) size 18x81
            RenderInline (generated) at (1508,160) size 18x81
              RenderInline {rb} at (1508,176) size 18x49
                RenderText {#text} at (1508,176) size 18x49
                  text run at (1508,176) width 49: "\x{5FA9}\x{9577}\x{562F}"
            RenderBlock {rt} at (1498,160) size 11x81
              RenderText {#text} at (1,0) size 10x81
                text run at (1,0) width 81: "\x{307E}\x{305F}\x{3061}\x{3087}\x{3046}\x{3057}\x{3087}\x{3046}\x{3059}"
          RenderText {#text} at (1508,236) size 18x17
            text run at (1508,236) width 17: "\x{3001}"
          RenderInline {ruby} at (1508,252) size 18x37
            RenderInline (generated) at (1508,250) size 18x37
              RenderInline {rb} at (1508,252) size 18x33
                RenderText {#text} at (1508,252) size 18x33
                  text run at (1508,252) width 33: "\x{6DF1}\x{6797}"
            RenderBlock {rt} at (1498,250) size 11x37
              RenderText {#text} at (1,0) size 10x36
                text run at (1,0) width 36: "\x{3057}\x{3093}\x{308A}\x{3093}"
          RenderInline {ruby} at (1508,286) size 18x49
            RenderInline (generated) at (1508,286) size 18x49
              RenderInline {rb} at (1508,286) size 18x49
                RenderText {#text} at (1508,286) size 18x49
                  text run at (1508,286) width 49: "\x{4EBA}\x{4E0D}\x{77E5}"
            RenderBlock {rt} at (1498,286) size 11x49
              RenderText {#text} at (1,1) size 10x46
                text run at (1,1) width 45: "\x{3072}\x{3068}\x{3057}\x{3089}\x{305A}"
          RenderText {#text} at (1508,334) size 18x17
            text run at (1508,334) width 17: "\x{3001}"
          RenderInline {ruby} at (1508,350) size 18x73
            RenderInline (generated) at (1508,346) size 18x72
              RenderInline {rb} at (1508,358) size 18x48
                RenderText {#text} at (1508,358) size 18x48
                  text run at (1508,358) width 49: "\x{660E}\x{6708}\x{6765}"
            RenderBlock {rt} at (1498,346) size 11x72
              RenderText {#text} at (1,0) size 10x72
                text run at (1,0) width 72: "\x{3081}\x{3044}\x{3052}\x{3064}\x{304D}\x{305F}\x{308A}\x{3066}"
          RenderInline {ruby} at (1508,0) size 44x463
            RenderInline (generated) at (1508,0) size 44x463
              RenderInline {rb} at (1508,0) size 44x441
                RenderText {#text} at (1508,0) size 44x412
                  text run at (1508,440) width -28: "\x{76F8}"
                  text run at (1535,0) width 16: "\x{7167}"
            RenderBlock {rt} at (1498,418) size 11x45
              RenderText {#text} at (1,0) size 10x45
                text run at (1,0) width 45: "\x{3042}\x{3044}\x{3066}\x{3089}\x{3059}"
          RenderText {#text} at (1535,16) size 17x160
            text run at (1535,16) width 160: "\x{3002}\x{305F}\x{3060}\x{4E8C}\x{5341}\x{5B57}\x{306E}\x{3046}\x{3061}\x{306B}"
          RenderInline {ruby} at (1535,176) size 17x18
            RenderInline (generated) at (1535,175) size 17x18
              RenderInline {rb} at (1535,176) size 17x16
                RenderText {#text} at (1535,176) size 17x16
                  text run at (1535,176) width 16: "\x{512A}"
            RenderBlock {rt} at (1525,175) size 10x18
              RenderText {#text} at (1,0) size 10x18
                text run at (1,0) width 18: "\x{3086}\x{3046}"
          RenderText {#text} at (1535,192) size 17x16
            text run at (1535,192) width 16: "\x{306B}"
          RenderInline {ruby} at (1535,208) size 17x54
            RenderInline (generated) at (1535,205) size 17x54
              RenderInline {rb} at (1535,208) size 17x48
                RenderText {#text} at (1535,208) size 17x48
                  text run at (1535,208) width 48: "\x{5225}\x{4E7E}\x{5764}"
            RenderBlock {rt} at (1525,205) size 10x54
              RenderText {#text} at (1,0) size 10x54
                text run at (1,0) width 54: "\x{3079}\x{3064}\x{3051}\x{3093}\x{3053}\x{3093}"
          RenderText {#text} at (1535,256) size 17x16
            text run at (1535,256) width 16: "\x{3092}"
          RenderInline {ruby} at (1535,272) size 17x45
            RenderInline (generated) at (1535,267) size 17x46
              RenderInline {rb} at (1535,274) size 17x32
                RenderText {#text} at (1535,274) size 17x32
                  text run at (1535,274) width 32: "\x{5EFA}\x{7ACB}"
            RenderBlock {rt} at (1525,267) size 10x46
              RenderText {#text} at (1,0) size 10x45
                text run at (1,0) width 45: "\x{3053}\x{3093}\x{308A}\x{3085}\x{3046}"
          RenderText {#text} at (1535,0) size 44x436
            text run at (1535,308) width 128: "\x{3057}\x{3066}\x{3044}\x{308B}\x{3002}\x{3053}\x{306E}\x{4E7E}"
            text run at (1561,0) width 33: "\x{5764}\x{306E}"
          RenderInline {ruby} at (1561,32) size 18x32
            RenderInline (generated) at (1561,32) size 18x32
              RenderInline {rb} at (1561,32) size 18x32
                RenderText {#text} at (1561,32) size 18x32
                  text run at (1561,32) width 33: "\x{529F}\x{5FB3}"
            RenderBlock {rt} at (1551,32) size 11x32
              RenderText {#text} at (1,2) size 10x28
                text run at (1,2) width 27: "\x{304F}\x{3069}\x{304F}"
          RenderText {#text} at (1561,64) size 18x32
            text run at (1561,64) width 33: "\x{306F}\x{300C}"
          RenderInline {ruby} at (1561,96) size 18x48
            RenderInline (generated) at (1561,96) size 18x48
              RenderInline {rb} at (1561,96) size 18x48
                RenderText {#text} at (1561,96) size 18x48
                  text run at (1561,96) width 49: "\x{4E0D}\x{5982}\x{5E30}"
            RenderBlock {rt} at (1551,96) size 11x48
              RenderText {#text} at (1,1) size 10x46
                text run at (1,1) width 45: "\x{307B}\x{3068}\x{3068}\x{304E}\x{3059}"
          RenderText {#text} at (1561,144) size 18x48
            text run at (1561,144) width 49: "\x{300D}\x{3084}\x{300C}"
          RenderInline {ruby} at (1561,192) size 18x64
            RenderInline (generated) at (1561,192) size 18x64
              RenderInline {rb} at (1561,192) size 18x64
                RenderText {#text} at (1561,192) size 18x64
                  text run at (1561,192) width 65: "\x{91D1}\x{8272}\x{591C}\x{53C9}"
            RenderBlock {rt} at (1551,192) size 11x64
              RenderText {#text} at (1,0) size 10x64
                text run at (1,0) width 63: "\x{3053}\x{3093}\x{3058}\x{304D}\x{3084}\x{3057}\x{3083}"
          RenderText {#text} at (1561,0) size 44x464
            text run at (1561,256) width 209: "\x{300D}\x{306E}\x{529F}\x{5FB3}\x{3067}\x{306F}\x{306A}\x{3044}\x{3002}\x{6C7D}\x{8239}\x{3001}\x{6C7D}"
            text run at (1588,0) width 304: "\x{8ECA}\x{3001}\x{6A29}\x{5229}\x{3001}\x{7FA9}\x{52D9}\x{3001}\x{9053}\x{5FB3}\x{3001}\x{793C}\x{7FA9}\x{3067}\x{75B2}\x{308C}\x{679C}\x{3066}\x{305F}"
          RenderInline {ruby} at (1588,304) size 17x18
            RenderInline (generated) at (1588,303) size 17x18
              RenderInline {rb} at (1588,304) size 17x16
                RenderText {#text} at (1588,304) size 17x16
                  text run at (1588,304) width 16: "\x{5F8C}"
            RenderBlock {rt} at (1578,303) size 10x18
              RenderText {#text} at (1,0) size 10x18
                text run at (1,0) width 18: "\x{306E}\x{3061}"
          RenderText {#text} at (1588,0) size 35x480
            text run at (1588,320) width 160: "\x{306B}\x{3001}\x{3059}\x{3079}\x{3066}\x{3092}\x{5FD8}\x{5374}\x{3057}\x{3066}"
            text run at (1606,0) width 256: "\x{3050}\x{3063}\x{3059}\x{308A}\x{5BDD}\x{8FBC}\x{3080}\x{3088}\x{3046}\x{306A}\x{529F}\x{5FB3}\x{3067}\x{3042}\x{308B}\x{3002}"
          RenderBR {br} at (1606,256) size 17x0
