layer at (0,0) size 785x722
  RenderView at (0,0) size 785x600
layer at (0,0) size 785x722
  RenderBlock {HTML} at (0,0) size 785x722
    RenderBody {BODY} at (8,8) size 769x706
      RenderBlock {P} at (0,0) size 769x90
        RenderText {#text} at (0,0) size 743x35
          text run at (0,0) width 366: "This test shows the following bugs with text-orientation. "
          text run at (365,0) width 378: "The far right test mis-renders differently in both the simple"
          text run at (0,18) width 426: "and complex text paths. The simple text path mis-renders because "
        RenderInline {TT} at (0,0) size 297x15
          RenderText {#text} at (425,21) size 297x15
            text run at (425,21) width 297: "CTFontGetVerticalTranslationsForGlyphs"
        RenderText {#text} at (0,36) size 757x53
          text run at (0,36) width 494: "returns incorrect values for horizontal glyphs that have vertical counterparts. "
          text run at (493,36) width 258: "The complex text code path mis-renders"
          text run at (0,54) width 176: "because of API deficiency. "
          text run at (175,54) width 582: "There is no way to tell CoreText to use upright horizontal glyphs when rendering a vertical"
          text run at (0,72) width 28: "line."
      RenderBlock {DIV} at (0,106) size 170x600
        RenderBlock {DIV} at (0,0) size 170x175 [border: (1px solid #008000)]
          RenderInline {SPAN} at (0,0) size 40x173
            RenderText {#text} at (2,1) size 40x173
              text run at (2,1) width 173: "Hello world"
          RenderBR {BR} at (2,173) size 40x1
          RenderInline {SPAN} at (0,0) size 40x173
            RenderText {#text} at (44,1) size 40x173
              text run at (44,1) width 173: "Hello world"
          RenderBR {BR} at (44,173) size 40x1
          RenderInline {SPAN} at (0,0) size 40x173
            RenderText {#text} at (86,1) size 40x173
              text run at (86,1) width 173: "Hello world"
          RenderBR {BR} at (86,173) size 40x1
          RenderInline {SPAN} at (0,0) size 40x173
            RenderText {#text} at (128,1) size 40x173
              text run at (128,1) width 173: "Hello world"
          RenderBR {BR} at (128,173) size 40x1
        RenderText {#text} at (128,174) size 40x10
          text run at (128,174) width 9: " "
        RenderBlock {DIV} at (0,183) size 170x176 [border: (1px solid #008000)]
          RenderInline {SPAN} at (0,0) size 40x173
            RenderText {#text} at (2,1) size 40x173
              text run at (2,1) width 173: "Hello world"
          RenderBR {BR} at (2,173) size 40x1
          RenderInline {SPAN} at (0,0) size 40x173
            RenderText {#text} at (44,1) size 40x173
              text run at (44,1) width 173: "Hello world"
          RenderBR {BR} at (44,173) size 40x1
          RenderInline {SPAN} at (0,0) size 40x173
            RenderText {#text} at (86,1) size 40x173
              text run at (86,1) width 173: "Hello world"
          RenderBR {BR} at (86,173) size 40x1
          RenderInline {SPAN} at (0,0) size 40x173
            RenderText {#text} at (128,1) size 40x173
              text run at (128,1) width 173: "Hello world"
          RenderBR {BR} at (128,173) size 40x1
        RenderText {#text} at (0,0) size 0x0
