layer at (0,0) size 1600x585
  RenderView at (0,0) size 800x585
    RenderMultiColumnSet at (0,0) size 800x585
layer at (0,0) size 1222x585
  RenderMultiColumnFlowThread at (0,0) size 1222x585
layer at (0,0) size 1222x585
  RenderBlock {HTML} at (0,0) size 1222x585
    RenderBody {BODY} at (8,8) size 1206x569
      RenderBlock {DIV} at (0,0) size 1206x569 [border: (3px solid #000000)]
        RenderBR {BR} at (3,3) size 50x0
        RenderBR {BR} at (53,3) size 50x0
        RenderBR {BR} at (103,3) size 50x0
        RenderBR {BR} at (153,3) size 50x0
        RenderBR {BR} at (203,3) size 50x0
        RenderBR {BR} at (253,3) size 50x0
        RenderBR {BR} at (303,3) size 50x0
        RenderBR {BR} at (353,3) size 50x0
        RenderBR {BR} at (403,3) size 50x0
        RenderBR {BR} at (453,3) size 50x0
        RenderBR {BR} at (503,3) size 50x0
        RenderBR {BR} at (553,3) size 50x0
        RenderBR {BR} at (603,3) size 50x0
        RenderBR {BR} at (653,3) size 50x0
        RenderText {#text} at (703,3) size 50x250
          text run at (703,3) width 250: "Lorem"
        RenderBR {BR} at (703,253) size 50x0
        RenderInline {SPAN} at (0,0) size 50x250 [color=#FF0000]
          RenderText {#text} at (792,3) size 50x250
            text run at (792,3) width 250: "ipsum"
          RenderBR {BR} at (792,253) size 50x0
