layer at (0,0) size 1600x585
  RenderView at (0,0) size 800x585
    RenderMultiColumnSet at (0,0) size 800x585
layer at (0,-337) size 800x922 backgroundClip at (0,0) size 1600x585 clip at (0,0) size 1600x585
  RenderMultiColumnFlowThread at (0,0) size 800x922
layer at (0,-337) size 800x922 backgroundClip at (0,0) size 1600x585 clip at (0,0) size 1600x585
  RenderBlock {HTML} at (0,0) size 800x922
    RenderBody {BODY} at (8,8) size 784x906
      RenderBlock {DIV} at (0,0) size 784x906 [border: (3px solid #000000)]
        RenderBR {BR} at (3,3) size 0x50
        RenderBR {BR} at (3,53) size 0x50
        RenderBR {BR} at (3,103) size 0x50
        RenderBR {BR} at (3,153) size 0x50
        RenderBR {BR} at (3,203) size 0x50
        RenderBR {BR} at (3,253) size 0x50
        RenderBR {BR} at (3,303) size 0x50
        RenderBR {BR} at (3,353) size 0x50
        RenderBR {BR} at (3,403) size 0x50
        RenderBR {BR} at (3,453) size 0x50
        RenderText {#text} at (3,503) size 250x50
          text run at (3,503) width 250: "Lorem"
        RenderBR {BR} at (253,503) size 0x50
        RenderInline {SPAN} at (0,0) size 250x50 [color=#FF0000]
          RenderText {#text} at (3,577) size 250x50
            text run at (3,577) width 250: "ipsum"
          RenderBR {BR} at (253,577) size 0x50
