layer at (0,0) size 800x600
  RenderView at (0,0) size 800x600
layer at (0,0) size 800x290
  RenderBlock {HTML} at (0,0) size 800x290
    RenderBody {BODY} at (8,16) size 784x258
      RenderBlock {P} at (0,0) size 784x18
        RenderText {#text} at (0,0) size 780x18
          text run at (0,0) width 397: "This test checks if CSS3 multi-column layout properly works "
          text run at (396,0) width 384: "when the multi-column block contains only one line of text."
      RenderBlock {P} at (0,34) size 784x18
        RenderText {#text} at (0,0) size 569x18
          text run at (0,0) width 305: "Test successful if the following text is readable "
          text run at (304,0) width 265: "(i.e. not split into two different columns)."
      RenderBlock {DIV} at (0,240) size 784x18
layer at (8,84) size 784x18
  RenderBlock {P} at (0,68) size 784x18 [bgcolor=#EEEEEE]
    RenderMultiColumnSet at (0,0) size 784x18
layer at (8,84) size 184x18
  RenderMultiColumnFlowThread at (0,0) size 184x18
    RenderText {#text} at (0,0) size 67x18
      text run at (0,0) width 67: "Short text."
layer at (8,118) size 784x36
  RenderBlock {P} at (0,102) size 784x36 [bgcolor=#EEEEEE]
    RenderMultiColumnSet at (0,0) size 784x36
layer at (8,118) size 184x36
  RenderMultiColumnFlowThread at (0,0) size 184x36
    RenderInline {SPAN} at (0,0) size 142x36
      RenderText {#text} at (0,0) size 142x36
        text run at (0,0) width 142: "Bigger text."
    RenderText {#text} at (0,0) size 0x0
layer at (8,170) size 784x36
  RenderBlock {P} at (0,154) size 784x36 [bgcolor=#EEEEEE]
    RenderMultiColumnSet at (0,0) size 784x36
layer at (8,170) size 184x36
  RenderMultiColumnFlowThread at (0,0) size 184x36
    RenderText {#text} at (0,14) size 59x18
      text run at (0,14) width 59: "Partially "
    RenderInline {SPAN} at (0,0) size 39x36
      RenderText {#text} at (58,0) size 39x36
        text run at (58,0) width 39: "big"
    RenderText {#text} at (96,14) size 33x18
      text run at (96,14) width 33: " text."
layer at (8,222) size 784x18
  RenderBlock {DIV} at (0,206) size 784x18 [bgcolor=#EEEEEE]
    RenderMultiColumnSet at (0,0) size 784x18
layer at (8,222) size 184x52
  RenderMultiColumnFlowThread at (0,0) size 184x52
    RenderBlock {P} at (0,16) size 184x20
      RenderText {#text} at (0,2) size 88x18
        text run at (0,2) width 88: "Nested block."
layer at (8,256) size 784x18
  RenderBlock {P} at (0,0) size 784x18 [bgcolor=#EEEEEE]
    RenderMultiColumnSet at (0,0) size 784x18
layer at (8,256) size 184x18
  RenderMultiColumnFlowThread at (0,0) size 184x18
    RenderText {#text} at (0,0) size 108x18
      text run at (0,0) width 108: "Nested block #2."
