layer at (0,0) size 800x600
  RenderView at (0,0) size 800x600
layer at (0,0) size 800x158
  RenderBlock {HTML} at (0,0) size 800x158
    RenderBody {BODY} at (8,8) size 784x134
      RenderBlock {DIV} at (0,0) size 784x18
        RenderText {#text} at (0,0) size 193x18
          text run at (0,0) width 193: "There should be no red below."
layer at (8,42) size 100x100
  RenderBlock (relative positioned) {P} at (0,34) size 100x100
layer at (44,42) size 64x32
  RenderBlock (positioned) {SPAN} at (36,0) size 64x32 [bgcolor=#FFFFFF]
