CONSOLE MESSAGE: A transition for property border-image could not be found
CONSOLE MESSAGE: Failed to pause 'border-image' transition on element 'boxShorthand'
layer at (0,0) size 800x600
  RenderView at (0,0) size 800x600
layer at (0,0) size 800x600
  RenderBlock {HTML} at (0,0) size 800x600
    RenderBody {BODY} at (8,10) size 784x582
      RenderBlock {DIV} at (10,0) size 200x200
      RenderBlock {DIV} at (10,210) size 200x200
      RenderBlock {DIV} at (0,420) size 784x54
        RenderText {#text} at (0,0) size 592x17
          text run at (0,0) width 592: "PASS - \"border-image-source\" property for \"box\" element at 0.5s saw something close to: 0.5"
        RenderBR {BR} at (591,0) size 1x17
        RenderText {#text} at (0,18) size 620x35
          text run at (0,18) width 620: "FAIL - \"border-image-source\" property for \"boxShorthand\" element at 0.5s expected: 0.5 but saw:"
          text run at (0,36) width 451: "url(\"file:///app/webkit/LayoutTests/animations/resources/blue-100.png\")"
        RenderBR {BR} at (450,36) size 1x17
