layer at (0,0) size 800x600
  RenderView at (0,0) size 800x600
layer at (0,0) size 800x149
  RenderBlock {HTML} at (0,0) size 800x149
    RenderBody {BODY} at (8,8) size 784x133
      RenderTextControl {INPUT} at (0,0) size 175x19 [bgcolor=#FFFFFF] [border: (2px inset #000000)]
        RenderFlexibleBox {DIV} at (3,0) size 169x19
          RenderBlock {DIV} at (0,0) size 8x19
          RenderBlock {DIV} at (8,3) size 142x13
          RenderBlock {DIV} at (149,0) size 20x19
      RenderBR {BR} at (174,0) size 1x18
      RenderTextControl {INPUT} at (0,19) size 175x19 [bgcolor=#FFFFFF] [border: (2px inset #000000)]
        RenderFlexibleBox {DIV} at (3,0) size 169x19
          RenderBlock {DIV} at (0,0) size 8x19
          RenderBlock {DIV} at (8,3) size 142x13
          RenderBlock {DIV} at (149,0) size 20x19
      RenderBR {BR} at (174,19) size 1x18
      RenderTextControl {INPUT} at (0,38) size 184x19 [bgcolor=#FFFFFF] [border: (2px inset #000000)]
        RenderFlexibleBox {DIV} at (3,0) size 178x19
          RenderBlock {DIV} at (0,0) size 17x19
          RenderBlock {DIV} at (17,3) size 142x13
          RenderBlock {DIV} at (158,0) size 20x19
      RenderBR {BR} at (183,38) size 1x18
      RenderTextControl {INPUT} at (0,57) size 184x19 [bgcolor=#FFFFFF] [border: (2px inset #000000)]
        RenderFlexibleBox {DIV} at (3,0) size 178x19
          RenderBlock {DIV} at (0,0) size 17x19
          RenderBlock {DIV} at (17,3) size 142x13
          RenderBlock {DIV} at (158,0) size 20x19
      RenderBR {BR} at (183,57) size 1x18
      RenderTextControl {INPUT} at (0,76) size 189x19 [bgcolor=#FFFFFF] [border: (2px inset #000000)]
        RenderFlexibleBox {DIV} at (3,0) size 183x19
          RenderBlock {DIV} at (0,0) size 22x19
          RenderBlock {DIV} at (22,3) size 142x13
          RenderBlock {DIV} at (163,0) size 20x19
      RenderBR {BR} at (188,76) size 1x18
      RenderTextControl {INPUT} at (0,95) size 189x19 [bgcolor=#FFFFFF] [border: (2px inset #000000)]
        RenderFlexibleBox {DIV} at (3,0) size 183x19
          RenderBlock {DIV} at (0,0) size 22x19
          RenderBlock {DIV} at (22,3) size 142x13
          RenderBlock {DIV} at (163,0) size 20x19
      RenderBR {BR} at (188,95) size 1x18
      RenderTextControl {INPUT} at (0,114) size 329x19 [bgcolor=#FFFFFF] [border: (2px inset #000000)]
        RenderFlexibleBox {DIV} at (3,0) size 323x19
          RenderBlock {DIV} at (0,0) size 22x19
          RenderBlock {DIV} at (22,3) size 282x13
          RenderBlock {DIV} at (303,0) size 20x19
      RenderText {#text} at (0,0) size 0x0
layer at (19,11) size 142x13
  RenderBlock {DIV} at (0,0) size 142x13
layer at (19,30) size 142x13
  RenderBlock {DIV} at (0,0) size 142x13
    RenderText {#text} at (0,0) size 135x13
      text run at (0,0) width 135: "12345678901234567890"
layer at (28,49) size 142x13
  RenderBlock {DIV} at (0,0) size 142x13
layer at (28,68) size 142x13
  RenderBlock {DIV} at (0,0) size 142x13
    RenderText {#text} at (0,0) size 135x13
      text run at (0,0) width 135: "12345678901234567890"
layer at (33,87) size 142x13
  RenderBlock {DIV} at (0,0) size 142x13
layer at (33,106) size 142x13
  RenderBlock {DIV} at (0,0) size 142x13
    RenderText {#text} at (0,0) size 135x13
      text run at (0,0) width 135: "12345678901234567890"
layer at (33,125) size 282x13
  RenderBlock {DIV} at (0,0) size 282x13
    RenderText {#text} at (0,0) size 269x13
      text run at (0,0) width 269: "1234567890123456789012345678901234567890"
