layer at (0,0) size 800x600
  RenderView at (0,0) size 800x600
layer at (0,0) size 800x64
  RenderBlock {HTML} at (0,0) size 800x64
    RenderBody {BODY} at (8,8) size 784x48
      RenderInline {RUBY} at (0,0) size 509x37
        RenderInline (generated) at (0,0) size 53x37
          RenderText {#text} at (0,5) size 32x37
            text run at (0,5) width 32: "\x{4E16}"
        RenderBlock {RT} at (32,19) size 21x9
          RenderInline {RUBY} at (0,0) size 9x8
            RenderInline (generated) at (0,0) size 9x8
              RenderText {#text} at (1,0) size 9x8
                text run at (1,0) width 8: "\x{3115}"
            RenderBlock {RT} at (10,0) size 10x8
              RenderText {#text} at (1,2) size 9x4
                text run at (1,2) width 3: "\x{2CB}"
        RenderInline (generated) at (0,0) size 53x37
          RenderText {#text} at (53,5) size 32x37
            text run at (53,5) width 32: "\x{4E0A}"
        RenderBlock {RT} at (85,15) size 21x17
          RenderInline {RUBY} at (0,0) size 9x16
            RenderInline (generated) at (0,0) size 9x16
              RenderText {#text} at (1,0) size 9x16
                text run at (1,0) width 16: "\x{3115}\x{3124}"
            RenderBlock {RT} at (10,0) size 10x16
              RenderText {#text} at (1,6) size 9x4
                text run at (1,6) width 3: "\x{2CB}"
        RenderInline (generated) at (0,0) size 53x37
          RenderText {#text} at (106,5) size 32x37
            text run at (106,5) width 32: "\x{7121}"
        RenderBlock {RT} at (138,19) size 21x9
          RenderInline {RUBY} at (0,0) size 9x8
            RenderInline (generated) at (0,0) size 9x8
              RenderText {#text} at (1,0) size 9x8
                text run at (1,0) width 8: "\x{3128}"
            RenderBlock {RT} at (10,0) size 10x8
              RenderText {#text} at (1,2) size 9x4
                text run at (1,2) width 3: "\x{2CA}"
        RenderInline (generated) at (0,0) size 53x37
          RenderText {#text} at (159,5) size 32x37
            text run at (159,5) width 32: "\x{96E3}"
        RenderBlock {RT} at (191,15) size 21x17
          RenderInline {RUBY} at (0,0) size 9x16
            RenderInline (generated) at (0,0) size 9x16
              RenderText {#text} at (1,0) size 9x16
                text run at (1,0) width 16: "\x{310B}\x{3122}"
            RenderBlock {RT} at (10,0) size 10x16
              RenderText {#text} at (1,6) size 9x4
                text run at (1,6) width 3: "\x{2CA}"
        RenderInline (generated) at (0,0) size 53x37
          RenderText {#text} at (212,5) size 32x37
            text run at (212,5) width 32: "\x{4E8B}"
        RenderBlock {RT} at (244,19) size 21x9
          RenderInline {RUBY} at (0,0) size 9x8
            RenderInline (generated) at (0,0) size 9x8
              RenderText {#text} at (1,0) size 9x8
                text run at (1,0) width 8: "\x{3115}"
            RenderBlock {RT} at (10,0) size 10x8
              RenderText {#text} at (1,2) size 9x4
                text run at (1,2) width 3: "\x{2CB}"
        RenderInline (generated) at (0,0) size 43x37
          RenderText {#text} at (265,5) size 32x37
            text run at (265,5) width 32: "\x{53EA}"
        RenderBlock {RT} at (297,18) size 11x11
          RenderText {#text} at (1,0) size 9x11
            text run at (1,0) width 11: "\x{3113}\x{2C7}"
        RenderInline (generated) at (0,0) size 53x37
          RenderText {#text} at (308,5) size 32x37
            text run at (308,5) width 32: "\x{6015}"
        RenderBlock {RT} at (340,15) size 21x17
          RenderInline {RUBY} at (0,0) size 9x16
            RenderInline (generated) at (0,0) size 9x16
              RenderText {#text} at (1,0) size 9x16
                text run at (1,0) width 16: "\x{3106}\x{311A}"
            RenderBlock {RT} at (10,0) size 10x16
              RenderText {#text} at (1,6) size 9x4
                text run at (1,6) width 3: "\x{2CB}"
        RenderInline (generated) at (0,0) size 52x37
          RenderText {#text} at (361,5) size 32x37
            text run at (361,5) width 32: "\x{6709}"
        RenderBlock {RT} at (393,15) size 20x17
          RenderInline {RUBY} at (0,0) size 9x16
            RenderInline (generated) at (0,0) size 9x16
              RenderText {#text} at (1,0) size 9x16
                text run at (1,0) width 16: "\x{3127}\x{3121}"
            RenderBlock {RT} at (10,0) size 9x16
              RenderText {#text} at (0,6) size 9x4
                text run at (0,6) width 3: "\x{2C7}"
        RenderInline (generated) at (0,0) size 43x37
          RenderText {#text} at (413,5) size 32x37
            text run at (413,5) width 32: "\x{5FC3}"
        RenderBlock {RT} at (445,11) size 11x25
          RenderText {#text} at (1,0) size 9x24
            text run at (1,0) width 24: "\x{3112}\x{3127}\x{3123}"
        RenderInline (generated) at (0,0) size 53x37
          RenderText {#text} at (456,5) size 32x37
            text run at (456,5) width 32: "\x{4EBA}"
        RenderBlock {RT} at (488,15) size 21x17
          RenderInline {RUBY} at (0,0) size 9x16
            RenderInline (generated) at (0,0) size 9x16
              RenderText {#text} at (1,0) size 9x16
                text run at (1,0) width 16: "\x{3116}\x{3123}"
            RenderBlock {RT} at (10,0) size 10x16
              RenderText {#text} at (1,6) size 9x4
                text run at (1,6) width 3: "\x{2CA}"
