layer at (0,0) size 800x600
  RenderView at (0,0) size 800x600
layer at (0,0) size 800x600
  RenderBlock {HTML} at (0,0) size 800x600
    RenderBody {BODY} at (8,8) size 784x584
      RenderBlock {DIV} at (0,0) size 784x100
        RenderInline {RUBY} at (0,0) size 100x50
          RenderInline (generated) at (0,0) size 100x50
            RenderText {#text} at (0,50) size 100x50
              text run at (0,50) width 100: "aa"
          RenderBlock {RT} at (0,0) size 100x50
            RenderText {#text} at (62,0) size 26x25
              text run at (62,0) width 26: "a"
            RenderBlock (floating) {DIV} at (0,0) size 50x50 [bgcolor=#ADD8E6]
        RenderText {#text} at (0,0) size 0x0
      RenderBlock {DIV} at (0,100) size 784x50
        RenderInline {RUBY} at (0,0) size 100x50
          RenderInline (generated) at (0,0) size 100x50
            RenderText {#text} at (0,0) size 100x50
              text run at (0,0) width 100: "aa"
        RenderText {#text} at (0,0) size 0x0
