layer at (0,0) size 800x600
  RenderView at (0,0) size 800x600
layer at (0,0) size 800x46
  RenderBlock {HTML} at (0,0) size 800x46 [color=#FFFFFF]
    RenderBody {BODY} at (8,8) size 784x30
      RenderInline {RUBY} at (0,0) size 740x25
        RenderInline (generated) at (0,0) size 740x25
          RenderText {#text} at (0,5) size 740x25
            text run at (0,5) width 740: "Attempt to create a floating ruby text element. Float is not supported for"
            text run at (0,20) width 670: "ruby text, which should be apparent from the resulting render tree."
        RenderBlock {RT} at (0,0) size 740x5
          RenderText {#text} at (350,0) size 40x5
            text run at (350,0) width 40: "rubytext"
      RenderText {#text} at (0,0) size 0x0
