layer at (0,0) size 800x600
  RenderView at (0,0) size 800x600
layer at (0,0) size 800x600
  RenderBlock {HTML} at (0,0) size 800x600
    RenderBody {BODY} at (8,8) size 784x584
      RenderBlock {DIV} at (0,0) size 506x36 [color=#4B0082] [border: (3px solid #000000)]
        RenderInline {RUBY} at (0,0) size 80x20 [color=#0000FF]
          RenderInline (generated) at (0,0) size 80x20
            RenderText {#text} at (23,13) size 40x20
              text run at (23,13) width 40: "xx"
          RenderBlock {RT} at (3,3) size 80x10 [color=#C0C0C0]
            RenderText {#text} at (0,0) size 80x10
              text run at (0,0) width 80: "xxxxxxxx"
        RenderInline {RUBY} at (0,0) size 80x20 [color=#0000FF]
          RenderInline (generated) at (0,0) size 80x20
            RenderText {#text} at (103,13) size 40x20
              text run at (103,13) width 40: "yy"
          RenderBlock {RT} at (83,3) size 80x10 [color=#C0C0C0]
            RenderText {#text} at (0,0) size 80x10
              text run at (0,0) width 80: "yyyyyyyy"
        RenderInline {RUBY} at (0,0) size 80x20 [color=#0000FF]
          RenderInline (generated) at (0,0) size 80x20
            RenderText {#text} at (183,13) size 40x20
              text run at (183,13) width 40: "zz"
          RenderBlock {RT} at (163,3) size 80x10 [color=#C0C0C0]
            RenderText {#text} at (0,0) size 80x10
              text run at (0,0) width 80: "zzzzzzzz"
        RenderText {#text} at (0,0) size 0x0
      RenderBlock {DIV} at (0,44) size 506x36 [color=#4B0082] [border: (3px solid #000000)]
        RenderInline {RUBY} at (0,0) size 80x20 [color=#0000FF]
          RenderInline (generated) at (0,0) size 80x20
            RenderText {#text} at (23,13) size 40x20
              text run at (23,13) width 40: "xx"
          RenderBlock {RT} at (3,3) size 80x10 [color=#C0C0C0]
            RenderText {#text} at (0,0) size 80x10
              text run at (0,0) width 80: "xxxxxxxx"
        RenderText {#text} at (78,13) size 20x20
          text run at (78,13) width 20: " "
        RenderInline {RUBY} at (0,0) size 80x20 [color=#0000FF]
          RenderInline (generated) at (0,0) size 80x20
            RenderText {#text} at (113,13) size 40x20
              text run at (113,13) width 40: "yy"
          RenderBlock {RT} at (93,3) size 80x10 [color=#C0C0C0]
            RenderText {#text} at (0,0) size 80x10
              text run at (0,0) width 80: "yyyyyyyy"
        RenderText {#text} at (168,13) size 20x20
          text run at (168,13) width 20: " "
        RenderInline {RUBY} at (0,0) size 80x20 [color=#0000FF]
          RenderInline (generated) at (0,0) size 80x20
            RenderText {#text} at (203,13) size 40x20
              text run at (203,13) width 40: "zz"
          RenderBlock {RT} at (183,3) size 80x10 [color=#C0C0C0]
            RenderText {#text} at (0,0) size 80x10
              text run at (0,0) width 80: "zzzzzzzz"
        RenderText {#text} at (0,0) size 0x0
      RenderBlock {DIV} at (0,88) size 506x36 [color=#4B0082] [border: (3px solid #000000)]
        RenderInline {RUBY} at (0,0) size 80x20 [color=#0000FF]
          RenderInline (generated) at (0,0) size 80x20
            RenderText {#text} at (23,13) size 40x20
              text run at (23,13) width 40: "xx"
          RenderBlock {RT} at (3,3) size 80x10 [color=#C0C0C0]
            RenderText {#text} at (0,0) size 80x10
              text run at (0,0) width 80: "xxxxxxxx"
        RenderText {#text} at (78,13) size 20x20
          text run at (78,13) width 20: " "
        RenderInline {RUBY} at (0,0) size 80x20 [color=#0000FF]
          RenderInline (generated) at (0,0) size 80x20
            RenderText {#text} at (113,13) size 40x20
              text run at (113,13) width 40: "yy"
          RenderBlock {RT} at (93,3) size 80x10 [color=#C0C0C0]
            RenderText {#text} at (0,0) size 80x10
              text run at (0,0) width 80: "yyyyyyyy"
        RenderText {#text} at (168,13) size 20x20
          text run at (168,13) width 20: " "
        RenderInline {RUBY} at (0,0) size 80x20 [color=#0000FF]
          RenderInline (generated) at (0,0) size 80x20
            RenderText {#text} at (203,13) size 40x20
              text run at (203,13) width 40: "zz"
          RenderBlock {RT} at (183,3) size 80x10 [color=#C0C0C0]
            RenderText {#text} at (0,0) size 80x10
              text run at (0,0) width 80: "zzzzzzzz"
        RenderText {#text} at (0,0) size 0x0
      RenderBlock {DIV} at (0,132) size 506x36 [color=#4B0082] [border: (3px solid #000000)]
        RenderInline {RUBY} at (0,0) size 80x20 [color=#0000FF]
          RenderInline (generated) at (0,0) size 80x20
            RenderText {#text} at (23,13) size 40x20
              text run at (23,13) width 40: "xx"
          RenderBlock {RT} at (3,3) size 80x10 [color=#C0C0C0]
            RenderText {#text} at (0,0) size 80x10
              text run at (0,0) width 80: "xxxxxxxx"
        RenderText {#text} at (78,13) size 20x20
          text run at (78,13) width 20: "l"
        RenderInline {RUBY} at (0,0) size 80x20 [color=#0000FF]
          RenderInline (generated) at (0,0) size 80x20
            RenderText {#text} at (113,13) size 40x20
              text run at (113,13) width 40: "yy"
          RenderBlock {RT} at (93,3) size 80x10 [color=#C0C0C0]
            RenderText {#text} at (0,0) size 80x10
              text run at (0,0) width 80: "yyyyyyyy"
        RenderText {#text} at (168,13) size 20x20
          text run at (168,13) width 20: "l"
        RenderInline {RUBY} at (0,0) size 80x20 [color=#0000FF]
          RenderInline (generated) at (0,0) size 80x20
            RenderText {#text} at (203,13) size 40x20
              text run at (203,13) width 40: "zz"
          RenderBlock {RT} at (183,3) size 80x10 [color=#C0C0C0]
            RenderText {#text} at (0,0) size 80x10
              text run at (0,0) width 80: "zzzzzzzz"
        RenderText {#text} at (0,0) size 0x0
      RenderBlock {DIV} at (0,176) size 506x36 [color=#4B0082] [border: (3px solid #000000)]
        RenderInline {RUBY} at (0,0) size 80x20 [color=#0000FF]
          RenderInline (generated) at (0,0) size 80x20
            RenderText {#text} at (23,13) size 40x20
              text run at (23,13) width 40: "xx"
          RenderBlock {RT} at (3,3) size 80x10 [color=#C0C0C0]
            RenderText {#text} at (0,0) size 80x10
              text run at (0,0) width 80: "xxxxxxxx"
        RenderText {#text} at (78,13) size 40x20
          text run at (78,13) width 40: "ll"
        RenderInline {RUBY} at (0,0) size 80x20 [color=#0000FF]
          RenderInline (generated) at (0,0) size 80x20
            RenderText {#text} at (133,13) size 40x20
              text run at (133,13) width 40: "yy"
          RenderBlock {RT} at (113,3) size 80x10 [color=#C0C0C0]
            RenderText {#text} at (0,0) size 80x10
              text run at (0,0) width 80: "yyyyyyyy"
        RenderText {#text} at (188,13) size 40x20
          text run at (188,13) width 40: "ll"
        RenderInline {RUBY} at (0,0) size 80x20 [color=#0000FF]
          RenderInline (generated) at (0,0) size 80x20
            RenderText {#text} at (243,13) size 40x20
              text run at (243,13) width 40: "zz"
          RenderBlock {RT} at (223,3) size 80x10 [color=#C0C0C0]
            RenderText {#text} at (0,0) size 80x10
              text run at (0,0) width 80: "zzzzzzzz"
        RenderText {#text} at (0,0) size 0x0
      RenderBlock {DIV} at (0,220) size 506x36 [color=#4B0082] [border: (3px solid #000000)]
        RenderInline {RUBY} at (0,0) size 80x20 [color=#0000FF]
          RenderInline (generated) at (0,0) size 80x20
            RenderText {#text} at (23,13) size 40x20
              text run at (23,13) width 40: "xx"
          RenderBlock {RT} at (3,3) size 80x10 [color=#C0C0C0]
            RenderText {#text} at (0,0) size 80x10
              text run at (0,0) width 80: "xxxxxxxx"
        RenderText {#text} at (78,13) size 60x20
          text run at (78,13) width 60: "lll"
        RenderInline {RUBY} at (0,0) size 80x20 [color=#0000FF]
          RenderInline (generated) at (0,0) size 80x20
            RenderText {#text} at (153,13) size 40x20
              text run at (153,13) width 40: "yy"
          RenderBlock {RT} at (133,3) size 80x10 [color=#C0C0C0]
            RenderText {#text} at (0,0) size 80x10
              text run at (0,0) width 80: "yyyyyyyy"
        RenderText {#text} at (208,13) size 60x20
          text run at (208,13) width 60: "lll"
        RenderInline {RUBY} at (0,0) size 80x20 [color=#0000FF]
          RenderInline (generated) at (0,0) size 80x20
            RenderText {#text} at (283,13) size 40x20
              text run at (283,13) width 40: "zz"
          RenderBlock {RT} at (263,3) size 80x10 [color=#C0C0C0]
            RenderText {#text} at (0,0) size 80x10
              text run at (0,0) width 80: "zzzzzzzz"
        RenderText {#text} at (0,0) size 0x0
      RenderBlock {DIV} at (0,264) size 506x36 [color=#4B0082] [border: (3px solid #000000)]
        RenderInline {RUBY} at (0,0) size 80x20 [color=#0000FF]
          RenderInline (generated) at (0,0) size 80x20
            RenderText {#text} at (23,13) size 40x20
              text run at (23,13) width 40: "xx"
          RenderBlock {RT} at (3,3) size 80x10 [color=#C0C0C0]
            RenderText {#text} at (0,0) size 80x10
              text run at (0,0) width 80: "xxxxxxxx"
        RenderText {#text} at (78,13) size 80x20
          text run at (78,13) width 80: "llll"
        RenderInline {RUBY} at (0,0) size 80x20 [color=#0000FF]
          RenderInline (generated) at (0,0) size 80x20
            RenderText {#text} at (173,13) size 40x20
              text run at (173,13) width 40: "yy"
          RenderBlock {RT} at (153,3) size 80x10 [color=#C0C0C0]
            RenderText {#text} at (0,0) size 80x10
              text run at (0,0) width 80: "yyyyyyyy"
        RenderText {#text} at (228,13) size 80x20
          text run at (228,13) width 80: "llll"
        RenderInline {RUBY} at (0,0) size 80x20 [color=#0000FF]
          RenderInline (generated) at (0,0) size 80x20
            RenderText {#text} at (323,13) size 40x20
              text run at (323,13) width 40: "zz"
          RenderBlock {RT} at (303,3) size 80x10 [color=#C0C0C0]
            RenderText {#text} at (0,0) size 80x10
              text run at (0,0) width 80: "zzzzzzzz"
        RenderText {#text} at (0,0) size 0x0
