layer at (0,0) size 800x600
  RenderView at (0,0) size 800x600
layer at (0,0) size 800x600
  RenderBlock {HTML} at (0,0) size 800x600
    RenderBody {BODY} at (8,8) size 784x584
      RenderBlock {DIV} at (0,0) size 36x506 [color=#4B0082] [border: (3px solid #000000)]
        RenderRuby (inline) {RUBY} at (0,0) size 20x80 [color=#0000FF]
          RenderRubyRun (anonymous) at (13,3) size 20x80
            RenderRubyText {RT} at (-10,0) size 10x80 [color=#C0C0C0]
              RenderText {#text} at (0,0) size 10x80
                text run at (0,0) width 80: "xxxxxxxx"
            RenderRubyBase (anonymous) at (0,0) size 20x80
              RenderText {#text} at (0,20) size 20x40
                text run at (0,20) width 40: "xx"
        RenderRuby (inline) {RUBY} at (0,0) size 20x80 [color=#0000FF]
          RenderRubyRun (anonymous) at (13,83) size 20x80
            RenderRubyText {RT} at (-10,0) size 10x80 [color=#C0C0C0]
              RenderText {#text} at (0,0) size 10x80
                text run at (0,0) width 80: "yyyyyyyy"
            RenderRubyBase (anonymous) at (0,0) size 20x80
              RenderText {#text} at (0,20) size 20x40
                text run at (0,20) width 40: "yy"
        RenderRuby (inline) {RUBY} at (0,0) size 20x80 [color=#0000FF]
          RenderRubyRun (anonymous) at (13,163) size 20x80
            RenderRubyText {RT} at (-10,0) size 10x80 [color=#C0C0C0]
              RenderText {#text} at (0,0) size 10x80
                text run at (0,0) width 80: "zzzzzzzz"
            RenderRubyBase (anonymous) at (0,0) size 20x80
              RenderText {#text} at (0,20) size 20x40
                text run at (0,20) width 40: "zz"
        RenderText {#text} at (0,0) size 0x0
      RenderBlock {DIV} at (44,0) size 36x506 [color=#4B0082] [border: (3px solid #000000)]
        RenderRuby (inline) {RUBY} at (0,0) size 20x80 [color=#0000FF]
          RenderRubyRun (anonymous) at (13,3) size 20x80
            RenderRubyText {RT} at (-10,0) size 10x80 [color=#C0C0C0]
              RenderText {#text} at (0,0) size 10x80
                text run at (0,0) width 80: "xxxxxxxx"
            RenderRubyBase (anonymous) at (0,0) size 20x80
              RenderText {#text} at (0,20) size 20x40
                text run at (0,20) width 40: "xx"
        RenderText {#text} at (13,83) size 20x20
          text run at (13,83) width 20: " "
        RenderRuby (inline) {RUBY} at (0,0) size 20x80 [color=#0000FF]
          RenderRubyRun (anonymous) at (13,103) size 20x80
            RenderRubyText {RT} at (-10,0) size 10x80 [color=#C0C0C0]
              RenderText {#text} at (0,0) size 10x80
                text run at (0,0) width 80: "yyyyyyyy"
            RenderRubyBase (anonymous) at (0,0) size 20x80
              RenderText {#text} at (0,20) size 20x40
                text run at (0,20) width 40: "yy"
        RenderText {#text} at (13,183) size 20x20
          text run at (13,183) width 20: " "
        RenderRuby (inline) {RUBY} at (0,0) size 20x80 [color=#0000FF]
          RenderRubyRun (anonymous) at (13,203) size 20x80
            RenderRubyText {RT} at (-10,0) size 10x80 [color=#C0C0C0]
              RenderText {#text} at (0,0) size 10x80
                text run at (0,0) width 80: "zzzzzzzz"
            RenderRubyBase (anonymous) at (0,0) size 20x80
              RenderText {#text} at (0,20) size 20x40
                text run at (0,20) width 40: "zz"
        RenderText {#text} at (0,0) size 0x0
      RenderBlock {DIV} at (88,0) size 36x506 [color=#4B0082] [border: (3px solid #000000)]
        RenderRuby (inline) {RUBY} at (0,0) size 20x80 [color=#0000FF]
          RenderRubyRun (anonymous) at (13,3) size 20x80
            RenderRubyText {RT} at (-10,0) size 10x80 [color=#C0C0C0]
              RenderText {#text} at (0,0) size 10x80
                text run at (0,0) width 80: "xxxxxxxx"
            RenderRubyBase (anonymous) at (0,0) size 20x80
              RenderText {#text} at (0,20) size 20x40
                text run at (0,20) width 40: "xx"
        RenderText {#text} at (13,83) size 20x20
          text run at (13,83) width 20: " "
        RenderRuby (inline) {RUBY} at (0,0) size 20x80 [color=#0000FF]
          RenderRubyRun (anonymous) at (13,103) size 20x80
            RenderRubyText {RT} at (-10,0) size 10x80 [color=#C0C0C0]
              RenderText {#text} at (0,0) size 10x80
                text run at (0,0) width 80: "yyyyyyyy"
            RenderRubyBase (anonymous) at (0,0) size 20x80
              RenderText {#text} at (0,20) size 20x40
                text run at (0,20) width 40: "yy"
        RenderText {#text} at (13,183) size 20x20
          text run at (13,183) width 20: " "
        RenderRuby (inline) {RUBY} at (0,0) size 20x80 [color=#0000FF]
          RenderRubyRun (anonymous) at (13,203) size 20x80
            RenderRubyText {RT} at (-10,0) size 10x80 [color=#C0C0C0]
              RenderText {#text} at (0,0) size 10x80
                text run at (0,0) width 80: "zzzzzzzz"
            RenderRubyBase (anonymous) at (0,0) size 20x80
              RenderText {#text} at (0,20) size 20x40
                text run at (0,20) width 40: "zz"
        RenderText {#text} at (0,0) size 0x0
      RenderBlock {DIV} at (132,0) size 36x506 [color=#4B0082] [border: (3px solid #000000)]
        RenderRuby (inline) {RUBY} at (0,0) size 20x75 [color=#0000FF]
          RenderRubyRun (anonymous) at (13,3) size 20x80
            RenderRubyText {RT} at (-10,0) size 10x80 [color=#C0C0C0]
              RenderText {#text} at (0,0) size 10x80
                text run at (0,0) width 80: "xxxxxxxx"
            RenderRubyBase (anonymous) at (0,0) size 20x80
              RenderText {#text} at (0,20) size 20x40
                text run at (0,20) width 40: "xx"
        RenderText {#text} at (13,78) size 20x20
          text run at (13,78) width 20: "l"
        RenderRuby (inline) {RUBY} at (0,0) size 20x70 [color=#0000FF]
          RenderRubyRun (anonymous) at (13,93) size 20x80
            RenderRubyText {RT} at (-10,0) size 10x80 [color=#C0C0C0]
              RenderText {#text} at (0,0) size 10x80
                text run at (0,0) width 80: "yyyyyyyy"
            RenderRubyBase (anonymous) at (0,0) size 20x80
              RenderText {#text} at (0,20) size 20x40
                text run at (0,20) width 40: "yy"
        RenderText {#text} at (13,168) size 20x20
          text run at (13,168) width 20: "l"
        RenderRuby (inline) {RUBY} at (0,0) size 20x75 [color=#0000FF]
          RenderRubyRun (anonymous) at (13,183) size 20x80
            RenderRubyText {RT} at (-10,0) size 10x80 [color=#C0C0C0]
              RenderText {#text} at (0,0) size 10x80
                text run at (0,0) width 80: "zzzzzzzz"
            RenderRubyBase (anonymous) at (0,0) size 20x80
              RenderText {#text} at (0,20) size 20x40
                text run at (0,20) width 40: "zz"
        RenderText {#text} at (0,0) size 0x0
      RenderBlock {DIV} at (176,0) size 36x506 [color=#4B0082] [border: (3px solid #000000)]
        RenderRuby (inline) {RUBY} at (0,0) size 20x75 [color=#0000FF]
          RenderRubyRun (anonymous) at (13,3) size 20x80
            RenderRubyText {RT} at (-10,0) size 10x80 [color=#C0C0C0]
              RenderText {#text} at (0,0) size 10x80
                text run at (0,0) width 80: "xxxxxxxx"
            RenderRubyBase (anonymous) at (0,0) size 20x80
              RenderText {#text} at (0,20) size 20x40
                text run at (0,20) width 40: "xx"
        RenderText {#text} at (13,78) size 20x40
          text run at (13,78) width 40: "ll"
        RenderRuby (inline) {RUBY} at (0,0) size 20x70 [color=#0000FF]
          RenderRubyRun (anonymous) at (13,113) size 20x80
            RenderRubyText {RT} at (-10,0) size 10x80 [color=#C0C0C0]
              RenderText {#text} at (0,0) size 10x80
                text run at (0,0) width 80: "yyyyyyyy"
            RenderRubyBase (anonymous) at (0,0) size 20x80
              RenderText {#text} at (0,20) size 20x40
                text run at (0,20) width 40: "yy"
        RenderText {#text} at (13,188) size 20x40
          text run at (13,188) width 40: "ll"
        RenderRuby (inline) {RUBY} at (0,0) size 20x75 [color=#0000FF]
          RenderRubyRun (anonymous) at (13,223) size 20x80
            RenderRubyText {RT} at (-10,0) size 10x80 [color=#C0C0C0]
              RenderText {#text} at (0,0) size 10x80
                text run at (0,0) width 80: "zzzzzzzz"
            RenderRubyBase (anonymous) at (0,0) size 20x80
              RenderText {#text} at (0,20) size 20x40
                text run at (0,20) width 40: "zz"
        RenderText {#text} at (0,0) size 0x0
      RenderBlock {DIV} at (220,0) size 36x506 [color=#4B0082] [border: (3px solid #000000)]
        RenderRuby (inline) {RUBY} at (0,0) size 20x75 [color=#0000FF]
          RenderRubyRun (anonymous) at (13,3) size 20x80
            RenderRubyText {RT} at (-10,0) size 10x80 [color=#C0C0C0]
              RenderText {#text} at (0,0) size 10x80
                text run at (0,0) width 80: "xxxxxxxx"
            RenderRubyBase (anonymous) at (0,0) size 20x80
              RenderText {#text} at (0,20) size 20x40
                text run at (0,20) width 40: "xx"
        RenderText {#text} at (13,78) size 20x60
          text run at (13,78) width 60: "lll"
        RenderRuby (inline) {RUBY} at (0,0) size 20x70 [color=#0000FF]
          RenderRubyRun (anonymous) at (13,133) size 20x80
            RenderRubyText {RT} at (-10,0) size 10x80 [color=#C0C0C0]
              RenderText {#text} at (0,0) size 10x80
                text run at (0,0) width 80: "yyyyyyyy"
            RenderRubyBase (anonymous) at (0,0) size 20x80
              RenderText {#text} at (0,20) size 20x40
                text run at (0,20) width 40: "yy"
        RenderText {#text} at (13,208) size 20x60
          text run at (13,208) width 60: "lll"
        RenderRuby (inline) {RUBY} at (0,0) size 20x75 [color=#0000FF]
          RenderRubyRun (anonymous) at (13,263) size 20x80
            RenderRubyText {RT} at (-10,0) size 10x80 [color=#C0C0C0]
              RenderText {#text} at (0,0) size 10x80
                text run at (0,0) width 80: "zzzzzzzz"
            RenderRubyBase (anonymous) at (0,0) size 20x80
              RenderText {#text} at (0,20) size 20x40
                text run at (0,20) width 40: "zz"
        RenderText {#text} at (0,0) size 0x0
      RenderBlock {DIV} at (264,0) size 36x506 [color=#4B0082] [border: (3px solid #000000)]
        RenderRuby (inline) {RUBY} at (0,0) size 20x75 [color=#0000FF]
          RenderRubyRun (anonymous) at (13,3) size 20x80
            RenderRubyText {RT} at (-10,0) size 10x80 [color=#C0C0C0]
              RenderText {#text} at (0,0) size 10x80
                text run at (0,0) width 80: "xxxxxxxx"
            RenderRubyBase (anonymous) at (0,0) size 20x80
              RenderText {#text} at (0,20) size 20x40
                text run at (0,20) width 40: "xx"
        RenderText {#text} at (13,78) size 20x80
          text run at (13,78) width 80: "llll"
        RenderRuby (inline) {RUBY} at (0,0) size 20x70 [color=#0000FF]
          RenderRubyRun (anonymous) at (13,153) size 20x80
            RenderRubyText {RT} at (-10,0) size 10x80 [color=#C0C0C0]
              RenderText {#text} at (0,0) size 10x80
                text run at (0,0) width 80: "yyyyyyyy"
            RenderRubyBase (anonymous) at (0,0) size 20x80
              RenderText {#text} at (0,20) size 20x40
                text run at (0,20) width 40: "yy"
        RenderText {#text} at (13,228) size 20x80
          text run at (13,228) width 80: "llll"
        RenderRuby (inline) {RUBY} at (0,0) size 20x75 [color=#0000FF]
          RenderRubyRun (anonymous) at (13,303) size 20x80
            RenderRubyText {RT} at (-10,0) size 10x80 [color=#C0C0C0]
              RenderText {#text} at (0,0) size 10x80
                text run at (0,0) width 80: "zzzzzzzz"
            RenderRubyBase (anonymous) at (0,0) size 20x80
              RenderText {#text} at (0,20) size 20x40
                text run at (0,20) width 40: "zz"
        RenderText {#text} at (0,0) size 0x0
