layer at (0,0) size 800x600
  RenderView at (0,0) size 800x600
layer at (0,0) size 800x600
  RenderBlock {HTML} at (0,0) size 800x600
    RenderBody {BODY} at (8,8) size 784x584
      RenderBlock {DIV} at (0,0) size 506x36 [color=#4B0082] [border: (3px solid #000000)]
        RenderInline {RUBY} at (0,0) size 80x20 [color=#0000FF]
          RenderInline (generated) at (0,0) size 80x20
            RenderText {#text} at (23,13) size 40x20
              text run at (23,13) width 40: "xx"
          RenderBlock {RT} at (3,3) size 80x10 [color=#C0C0C0]
            RenderText {#text} at (0,0) size 80x10
              text run at (0,0) width 80: "xxxxxxxx"
        RenderText {#text} at (78,13) size 100x20
          text run at (78,13) width 100: "lllll"
        RenderInline {RUBY} at (0,0) size 80x20 [color=#0000FF]
          RenderInline (generated) at (0,0) size 80x20
            RenderText {#text} at (193,13) size 40x20
              text run at (193,13) width 40: "yy"
          RenderBlock {RT} at (173,3) size 80x10 [color=#C0C0C0]
            RenderText {#text} at (0,0) size 80x10
              text run at (0,0) width 80: "yyyyyyyy"
        RenderText {#text} at (248,13) size 100x20
          text run at (248,13) width 100: "lllll"
        RenderInline {RUBY} at (0,0) size 80x20 [color=#0000FF]
          RenderInline (generated) at (0,0) size 80x20
            RenderText {#text} at (363,13) size 40x20
              text run at (363,13) width 40: "zz"
          RenderBlock {RT} at (343,3) size 80x10 [color=#C0C0C0]
            RenderText {#text} at (0,0) size 80x10
              text run at (0,0) width 80: "zzzzzzzz"
        RenderText {#text} at (0,0) size 0x0
      RenderBlock {DIV} at (0,44) size 506x36 [color=#4B0082] [border: (3px solid #000000)]
        RenderInline {RUBY} at (0,0) size 80x20 [color=#0000FF]
          RenderInline (generated) at (0,0) size 80x20
            RenderText {#text} at (23,13) size 40x20
              text run at (23,13) width 40: "xx"
          RenderBlock {RT} at (3,3) size 80x10 [color=#C0C0C0]
            RenderText {#text} at (0,0) size 80x10
              text run at (0,0) width 80: "xxxxxxxx"
        RenderInline {SPAN} at (0,0) size 20x10
          RenderText {#text} at (78,21) size 20x10
            text run at (78,21) width 20: "ll"
        RenderInline {RUBY} at (0,0) size 80x20 [color=#0000FF]
          RenderInline (generated) at (0,0) size 80x20
            RenderText {#text} at (113,13) size 40x20
              text run at (113,13) width 40: "yy"
          RenderBlock {RT} at (93,3) size 80x10 [color=#C0C0C0]
            RenderText {#text} at (0,0) size 80x10
              text run at (0,0) width 80: "yyyyyyyy"
        RenderInline {SPAN} at (0,0) size 20x10
          RenderText {#text} at (168,21) size 20x10
            text run at (168,21) width 20: "ll"
        RenderInline {RUBY} at (0,0) size 80x20 [color=#0000FF]
          RenderInline (generated) at (0,0) size 80x20
            RenderText {#text} at (203,13) size 40x20
              text run at (203,13) width 40: "zz"
          RenderBlock {RT} at (183,3) size 80x10 [color=#C0C0C0]
            RenderText {#text} at (0,0) size 80x10
              text run at (0,0) width 80: "zzzzzzzz"
        RenderText {#text} at (0,0) size 0x0
      RenderBlock {DIV} at (0,88) size 506x36 [color=#4B0082] [border: (3px solid #000000)]
        RenderInline {RUBY} at (0,0) size 80x20 [color=#0000FF]
          RenderInline (generated) at (0,0) size 80x20
            RenderText {#text} at (23,13) size 40x20
              text run at (23,13) width 40: "xx"
          RenderBlock {RT} at (3,3) size 80x10 [color=#C0C0C0]
            RenderText {#text} at (0,0) size 80x10
              text run at (0,0) width 80: "xxxxxxxx"
        RenderInline {SPAN} at (0,0) size 40x20
          RenderText {#text} at (78,13) size 40x20
            text run at (78,13) width 40: "ll"
        RenderInline {RUBY} at (0,0) size 80x20 [color=#0000FF]
          RenderInline (generated) at (0,0) size 80x20
            RenderText {#text} at (133,13) size 40x20
              text run at (133,13) width 40: "yy"
          RenderBlock {RT} at (113,3) size 80x10 [color=#C0C0C0]
            RenderText {#text} at (0,0) size 80x10
              text run at (0,0) width 80: "yyyyyyyy"
        RenderInline {SPAN} at (0,0) size 40x20
          RenderText {#text} at (188,13) size 40x20
            text run at (188,13) width 40: "ll"
        RenderInline {RUBY} at (0,0) size 80x20 [color=#0000FF]
          RenderInline (generated) at (0,0) size 80x20
            RenderText {#text} at (243,13) size 40x20
              text run at (243,13) width 40: "zz"
          RenderBlock {RT} at (223,3) size 80x10 [color=#C0C0C0]
            RenderText {#text} at (0,0) size 80x10
              text run at (0,0) width 80: "zzzzzzzz"
        RenderText {#text} at (0,0) size 0x0
      RenderBlock {DIV} at (0,132) size 506x38 [color=#4B0082] [border: (3px solid #000000)]
        RenderInline {RUBY} at (0,0) size 80x20 [color=#0000FF]
          RenderInline (generated) at (0,0) size 80x20
            RenderText {#text} at (23,13) size 40x20
              text run at (23,13) width 40: "xx"
          RenderBlock {RT} at (3,3) size 80x10 [color=#C0C0C0]
            RenderText {#text} at (0,0) size 80x10
              text run at (0,0) width 80: "xxxxxxxx"
        RenderInline {SPAN} at (0,0) size 60x30
          RenderText {#text} at (83,5) size 60x30
            text run at (83,5) width 60: "ll"
        RenderInline {RUBY} at (0,0) size 80x20 [color=#0000FF]
          RenderInline (generated) at (0,0) size 80x20
            RenderText {#text} at (163,13) size 40x20
              text run at (163,13) width 40: "yy"
          RenderBlock {RT} at (143,3) size 80x10 [color=#C0C0C0]
            RenderText {#text} at (0,0) size 80x10
              text run at (0,0) width 80: "yyyyyyyy"
        RenderInline {SPAN} at (0,0) size 60x30
          RenderText {#text} at (223,5) size 60x30
            text run at (223,5) width 60: "ll"
        RenderInline {RUBY} at (0,0) size 80x20 [color=#0000FF]
          RenderInline (generated) at (0,0) size 80x20
            RenderText {#text} at (303,13) size 40x20
              text run at (303,13) width 40: "zz"
          RenderBlock {RT} at (283,3) size 80x10 [color=#C0C0C0]
            RenderText {#text} at (0,0) size 80x10
              text run at (0,0) width 80: "zzzzzzzz"
        RenderText {#text} at (0,0) size 0x0
