layer at (0,0) size 800x600
  RenderView at (0,0) size 800x600
layer at (0,0) size 800x61
  RenderBlock {HTML} at (0,0) size 800x61
    RenderBody {BODY} at (8,8) size 784x45
      RenderInline {RUBY} at (0,0) size 760x40
        RenderInline (generated) at (0,0) size 760x40
          RenderText {#text} at (0,5) size 760x40
            text run at (0,5) width 760: "Attempt to create a positioned ruby text element. Non-static position is not"
            text run at (0,20) width 750: "supported for ruby text, which should be apparent from the resulting render"
            text run at (0,35) width 50: "tree."
        RenderBlock {RT} at (0,0) size 760x5
          RenderText {#text} at (360,0) size 40x5
            text run at (360,0) width 40: "rubytext"
      RenderText {#text} at (0,0) size 0x0
