layer at (0,0) size 800x600
  RenderView at (0,0) size 800x600
layer at (0,0) size 800x600
  RenderBlock {HTML} at (0,0) size 800x600
    RenderBody {BODY} at (8,8) size 784x584
      RenderBlock (floating) {DIV} at (0,0) size 160x324
        RenderBlock {DIV} at (0,8) size 160x140
          RenderText {#text} at (0,0) size 160x20
            text run at (0,0) width 160: "xxxxx xx"
          RenderRuby (inline) {RUBY} at (0,0) size 80x20 [color=#0000FF]
            RenderRubyRun (anonymous) at (0,20) size 80x20
              RenderRubyText {RT} at (0,20) size 80x10 [color=#FFA500]
                RenderText {#text} at (25,0) size 30x10
                  text run at (25,0) width 30: "yyy"
              RenderRubyBase (anonymous) at (0,0) size 80x20
                RenderText {#text} at (0,0) size 80x20
                  text run at (0,0) width 80: "xxxx"
          RenderText {#text} at (80,20) size 160x50
            text run at (80,20) width 80: " xxx"
            text run at (0,50) width 160: "xxx xxxx"
          RenderRuby (inline) {RUBY} at (0,0) size 100x20 [color=#0000FF]
            RenderRubyRun (anonymous) at (0,80) size 100x20
              RenderRubyText {RT} at (0,20) size 100x20 [color=#FFA500]
                RenderText {#text} at (45,0) size 10x10
                  text run at (45,0) width 10: "y"
                RenderBR {BR} at (55,0) size 0x10
                RenderText {#text} at (45,10) size 10x10
                  text run at (45,10) width 10: "y"
              RenderRubyBase (anonymous) at (0,0) size 100x20
                RenderText {#text} at (0,0) size 100x20
                  text run at (0,0) width 100: "xxxxx"
          RenderText {#text} at (100,80) size 20x20
            text run at (100,80) width 20: " "
          RenderInline {SPAN} at (0,0) size 40x20
            RenderText {#text} at (120,80) size 40x20
              text run at (120,80) width 40: "xx"
          RenderText {#text} at (0,120) size 160x20
            text run at (0,120) width 160: "xxx xxxx"
        RenderBlock {DIV} at (0,156) size 140x160
          RenderText {#text} at (0,0) size 20x160
            text run at (0,0) width 160: "xxxxx xx"
          RenderRuby (inline) {RUBY} at (0,0) size 20x80 [color=#0000FF]
            RenderRubyRun (anonymous) at (30,0) size 20x80
              RenderRubyText {RT} at (-10,0) size 10x80 [color=#FFA500]
                RenderText {#text} at (0,25) size 10x30
                  text run at (0,25) width 30: "yyy"
              RenderRubyBase (anonymous) at (0,0) size 20x80
                RenderText {#text} at (0,0) size 20x80
                  text run at (0,0) width 80: "xxxx"
          RenderText {#text} at (30,80) size 40x160
            text run at (30,80) width 80: " xxx"
            text run at (50,0) width 160: "xxx xxxx"
          RenderRuby (inline) {RUBY} at (0,0) size 20x100 [color=#0000FF]
            RenderRubyRun (anonymous) at (90,0) size 20x100
              RenderRubyText {RT} at (-20,0) size 20x100 [color=#FFA500]
                RenderText {#text} at (0,45) size 10x10
                  text run at (0,45) width 10: "y"
                RenderBR {BR} at (0,55) size 10x0
                RenderText {#text} at (10,45) size 10x10
                  text run at (10,45) width 10: "y"
              RenderRubyBase (anonymous) at (0,0) size 20x100
                RenderText {#text} at (0,0) size 20x100
                  text run at (0,0) width 100: "xxxxx"
          RenderText {#text} at (90,100) size 20x20
            text run at (90,100) width 20: " "
          RenderInline {SPAN} at (0,0) size 20x40
            RenderText {#text} at (90,120) size 20x40
              text run at (90,120) width 40: "xx"
          RenderText {#text} at (120,0) size 20x160
            text run at (120,0) width 160: "xxx xxxx"
      RenderBlock (floating) {DIV} at (168,0) size 160x324
        RenderBlock {DIV} at (0,8) size 160x140
          RenderText {#text} at (0,0) size 160x20
            text run at (0,0) width 160: "xxxxx xx"
          RenderRuby (inline) {RUBY} at (0,0) size 80x20 [color=#0000FF]
            RenderRubyRun (anonymous) at (0,30) size 80x20
              RenderRubyText {RT} at (0,-10) size 80x10 [color=#FFA500]
                RenderText {#text} at (25,0) size 30x10
                  text run at (25,0) width 30: "yyy"
              RenderRubyBase (anonymous) at (0,0) size 80x20
                RenderText {#text} at (0,0) size 80x20
                  text run at (0,0) width 80: "xxxx"
          RenderText {#text} at (80,30) size 160x40
            text run at (80,30) width 80: " xxx"
            text run at (0,50) width 160: "xxx xxxx"
          RenderRuby (inline) {RUBY} at (0,0) size 100x20 [color=#0000FF]
            RenderRubyRun (anonymous) at (0,90) size 100x20
              RenderRubyText {RT} at (0,-20) size 100x20 [color=#FFA500]
                RenderText {#text} at (45,0) size 10x10
                  text run at (45,0) width 10: "y"
                RenderBR {BR} at (55,0) size 0x10
                RenderText {#text} at (45,10) size 10x10
                  text run at (45,10) width 10: "y"
              RenderRubyBase (anonymous) at (0,0) size 100x20
                RenderText {#text} at (0,0) size 100x20
                  text run at (0,0) width 100: "xxxxx"
          RenderText {#text} at (100,90) size 20x20
            text run at (100,90) width 20: " "
          RenderInline {SPAN} at (0,0) size 40x20
            RenderText {#text} at (120,90) size 40x20
              text run at (120,90) width 40: "xx"
          RenderText {#text} at (0,120) size 160x20
            text run at (0,120) width 160: "xxx xxxx"
        RenderBlock {DIV} at (0,156) size 140x160
          RenderText {#text} at (0,0) size 20x160
            text run at (0,0) width 160: "xxxxx xx"
          RenderRuby (inline) {RUBY} at (0,0) size 20x80 [color=#0000FF]
            RenderRubyRun (anonymous) at (20,0) size 20x80
              RenderRubyText {RT} at (20,0) size 10x80 [color=#FFA500]
                RenderText {#text} at (0,25) size 10x30
                  text run at (0,25) width 30: "yyy"
              RenderRubyBase (anonymous) at (0,0) size 20x80
                RenderText {#text} at (0,0) size 20x80
                  text run at (0,0) width 80: "xxxx"
          RenderText {#text} at (20,80) size 50x160
            text run at (20,80) width 80: " xxx"
            text run at (50,0) width 160: "xxx xxxx"
          RenderRuby (inline) {RUBY} at (0,0) size 20x100 [color=#0000FF]
            RenderRubyRun (anonymous) at (80,0) size 20x100
              RenderRubyText {RT} at (20,0) size 20x100 [color=#FFA500]
                RenderText {#text} at (0,45) size 10x10
                  text run at (0,45) width 10: "y"
                RenderBR {BR} at (0,55) size 10x0
                RenderText {#text} at (10,45) size 10x10
                  text run at (10,45) width 10: "y"
              RenderRubyBase (anonymous) at (0,0) size 20x100
                RenderText {#text} at (0,0) size 20x100
                  text run at (0,0) width 100: "xxxxx"
          RenderText {#text} at (80,100) size 20x20
            text run at (80,100) width 20: " "
          RenderInline {SPAN} at (0,0) size 20x40
            RenderText {#text} at (80,120) size 20x40
              text run at (80,120) width 40: "xx"
          RenderText {#text} at (120,0) size 20x160
            text run at (120,0) width 160: "xxx xxxx"
