layer at (0,0) size 800x600
  RenderView at (0,0) size 800x600
layer at (0,0) size 800x600
  RenderBlock {HTML} at (0,0) size 800x600
    RenderBody {BODY} at (8,8) size 784x584
      RenderBlock {RUBY} at (0,0) size 784x128 [color=#0000FF]
        RenderText {#text} at (0,0) size 512x128
          text run at (0,0) width 512: "ABCD"
      RenderBlock {DIV} at (0,128) size 784x128 [color=#008000]
        RenderText {#text} at (0,0) size 512x128
          text run at (0,0) width 512: "EFGH"
