layer at (0,0) size 800x600
  RenderView at (0,0) size 800x600
layer at (0,0) size 800x111
  RenderBlock {HTML} at (0,0) size 800x111
    RenderBody {BODY} at (8,8) size 784x95
      RenderBlock {DIV} at (0,0) size 784x77
        RenderText {#text} at (0,54) size 73x18
          text run at (0,54) width 73: "text before "
        RenderAttachment {ATTACHMENT} at (72,0) size 77x77
        RenderText {#text} at (148,54) size 63x18
          text run at (148,54) width 63: " text after"
      RenderBlock {DIV} at (0,77) size 784x18
        RenderText {#text} at (0,0) size 165x18
          text run at (0,0) width 165: "Start offset 1 End offset 2"
selection start: position 0 of child 1 {ATTACHMENT} of child 1 {DIV} of body
selection end:   position 1 of child 1 {ATTACHMENT} of child 1 {DIV} of body
