layer at (0,0) size 800x600
  RenderView at (0,0) size 800x600
layer at (0,0) size 800x600
  RenderBlock {HTML} at (0,0) size 800x600
    RenderBody {BODY} at (8,8) size 784x584
      RenderBlock {P} at (0,0) size 784x18
        RenderText {#text} at (0,0) size 326x18
          text run at (0,0) width 326: "This tests that attachments have a custom renderer."
      RenderBlock (anonymous) at (0,34) size 784x60
        RenderAttachment {ATTACHMENT} at (0,0) size 60x60
        RenderText {#text} at (0,0) size 0x0
