layer at (0,0) size 800x726
  RenderView at (0,0) size 800x600
layer at (0,0) size 800x726
  RenderBlock {HTML} at (0,0) size 800x726
    RenderBody {BODY} at (8,8) size 784x710
      RenderText {#text} at (0,0) size 0x0
      RenderText {#text} at (0,0) size 0x0
layer at (10,10) size 308x706 clip at (11,11) size 306x704
  RenderTextControl {TEXTAREA} at (2,2) size 308x706 [bgcolor=#FFFFFF] [border: (1px solid #E4E4E5)]
    RenderBlock {DIV} at (6,3) size 296x14
      RenderText {#text} at (0,0) size 62x14
        text run at (0,0) width 62: "Sample text"
