layer at (0,0) size 800x600
  RenderView at (0,0) size 800x600
layer at (0,0) size 800x600
  RenderBlock {HTML} at (0,0) size 800x600
    RenderBody {BODY} at (8,8) size 784x584
      RenderText {#text} at (165,0) size 4x19
        text run at (165,0) width 4: " "
      RenderText {#text} at (334,0) size 4x19
        text run at (334,0) width 4: " "
      RenderText {#text} at (503,0) size 4x19
        text run at (503,0) width 4: " "
      RenderText {#text} at (0,0) size 0x0
      RenderText {#text} at (165,140) size 4x19
        text run at (165,140) width 4: " "
      RenderText {#text} at (334,140) size 4x19
        text run at (334,140) width 4: " "
      RenderText {#text} at (503,140) size 4x19
        text run at (503,140) width 4: " "
      RenderText {#text} at (0,0) size 0x0
      RenderText {#text} at (165,280) size 4x19
        text run at (165,280) width 4: " "
      RenderText {#text} at (334,280) size 4x19
        text run at (334,280) width 4: " "
      RenderText {#text} at (503,280) size 4x19
        text run at (503,280) width 4: " "
      RenderText {#text} at (0,0) size 0x0
      RenderText {#text} at (165,420) size 4x19
        text run at (165,420) width 4: " "
      RenderText {#text} at (334,420) size 4x19
        text run at (334,420) width 4: " "
      RenderText {#text} at (0,0) size 0x0
layer at (28,28) size 125x100 clip at (29,29) size 110x85 scrollHeight 2050
  RenderBlock {DIV} at (20,20) size 125x100 [color=#DCDCDC] [bgcolor=#718D93] [border: (1px solid #D3D3D3)]
    RenderText {#text} at (11,11) size 89x770
      text run at (11,11) width 80: "Lorem ipsum"
      text run at (11,25) width 51: "dolor sit"
      text run at (11,39) width 36: "amet,"
      text run at (11,53) width 82: "consectetuer"
      text run at (11,67) width 89: "adipiscing elit."
      text run at (11,81) width 76: "Morbi et nisi"
      text run at (11,95) width 37: "ut est"
      text run at (11,109) width 62: "venenatis"
      text run at (11,123) width 47: "viverra."
      text run at (11,137) width 84: "Aenean pede"
      text run at (11,151) width 73: "orci, blandit"
      text run at (11,165) width 86: "quis, faucibus"
      text run at (11,179) width 85: "quis, egestas"
      text run at (11,193) width 39: "ut, mi."
      text run at (11,207) width 82: "Pellentesque"
      text run at (11,221) width 74: "enim purus,"
      text run at (11,235) width 62: "venenatis"
      text run at (11,249) width 62: "dignissim,"
      text run at (11,263) width 70: "tincidunt a,"
      text run at (11,277) width 73: "ullamcorper"
      text run at (11,291) width 68: "eget, nibh."
      text run at (11,305) width 89: "Nullam ut sem"
      text run at (11,319) width 88: "adipiscing orci"
      text run at (11,333) width 51: "vehicula"
      text run at (11,347) width 60: "interdum."
      text run at (11,361) width 82: "Proin a enim."
      text run at (11,375) width 60: "Phasellus"
      text run at (11,389) width 69: "sollicitudin,"
      text run at (11,403) width 78: "magna vitae"
      text run at (11,417) width 68: "vestibulum"
      text run at (11,431) width 86: "facilisis, tellus"
      text run at (11,445) width 72: "nunc iaculis"
      text run at (11,459) width 46: "arcu, in"
      text run at (11,473) width 83: "molestie sem"
      text run at (11,487) width 77: "velit tempus"
      text run at (11,501) width 41: "est. In"
      text run at (11,515) width 80: "eleifend velit"
      text run at (11,529) width 43: "at sem"
      text run at (11,543) width 62: "adipiscing"
      text run at (11,557) width 88: "sodales. Nunc"
      text run at (11,571) width 75: "sapien felis,"
      text run at (11,585) width 70: "aliquam et,"
      text run at (11,599) width 52: "volutpat"
      text run at (11,613) width 54: "rhoncus,"
      text run at (11,627) width 84: "condimentum"
      text run at (11,641) width 61: "ut, tortor."
      text run at (11,655) width 75: "Integer est."
      text run at (11,669) width 52: "Quisque"
      text run at (11,683) width 47: "viverra."
      text run at (11,697) width 84: "Praesent sed"
      text run at (11,711) width 31: "arcu."
      text run at (11,725) width 78: "Maecenas id"
      text run at (11,739) width 70: "lorem a leo"
      text run at (11,753) width 47: "lobortis"
      text run at (11,767) width 88: "condimentum."
    RenderBR {BR} at (0,0) size 0x0
    RenderBR {BR} at (11,781) size 0x14
    RenderText {#text} at (11,795) size 90x728
      text run at (11,795) width 29: "Cras"
      text run at (11,809) width 60: "commodo"
      text run at (11,823) width 90: "rutrum augue."
      text run at (11,837) width 52: "Vivamus"
      text run at (11,851) width 88: "iaculis. Nullam"
      text run at (11,865) width 24: "est."
      text run at (11,879) width 63: "Maecenas"
      text run at (11,893) width 70: "consequat."
      text run at (11,907) width 66: "Sed id dui."
      text run at (11,921) width 64: "Vivamus a"
      text run at (11,935) width 68: "nisl. Donec"
      text run at (11,949) width 48: "pretium"
      text run at (11,963) width 82: "sapien. Proin"
      text run at (11,977) width 67: "et ligula et"
      text run at (11,991) width 88: "ligula placerat"
      text run at (11,1005) width 54: "pulvinar."
      text run at (11,1019) width 79: "Aliquam erat"
      text run at (11,1033) width 56: "volutpat."
      text run at (11,1047) width 75: "Proin id est."
      text run at (11,1061) width 80: "Suspendisse"
      text run at (11,1075) width 45: "cursus,"
      text run at (11,1089) width 60: "magna at"
      text run at (11,1103) width 58: "hendrerit"
      text run at (11,1117) width 70: "consequat,"
      text run at (11,1131) width 66: "mauris est"
      text run at (11,1145) width 59: "imperdiet"
      text run at (11,1159) width 56: "neque, a"
      text run at (11,1173) width 76: "ultrices arcu"
      text run at (11,1187) width 57: "urna non"
      text run at (11,1201) width 90: "nunc. Quisque"
      text run at (11,1215) width 73: "tellus. Nulla"
      text run at (11,1229) width 70: "nulla justo,"
      text run at (11,1243) width 81: "vehicula nec,"
      text run at (11,1257) width 82: "pellentesque"
      text run at (11,1271) width 83: "eu, iaculis et,"
      text run at (11,1285) width 37: "ligula."
      text run at (11,1299) width 57: "Praesent"
      text run at (11,1313) width 72: "mattis ante"
      text run at (11,1327) width 52: "vel sem."
      text run at (11,1341) width 80: "Suspendisse"
      text run at (11,1355) width 88: "porta rhoncus"
      text run at (11,1369) width 33: "urna."
      text run at (11,1383) width 60: "Phasellus"
      text run at (11,1397) width 90: "felis. Praesent"
      text run at (11,1411) width 43: "viverra"
      text run at (11,1425) width 53: "convallis"
      text run at (11,1439) width 39: "libero."
      text run at (11,1453) width 63: "Maecenas"
      text run at (11,1467) width 72: "non augue."
      text run at (11,1481) width 39: "Donec"
      text run at (11,1495) width 58: "hendrerit"
      text run at (11,1509) width 90: "lectus id enim."
    RenderBR {BR} at (0,0) size 0x0
    RenderBR {BR} at (11,1523) size 0x14
    RenderText {#text} at (11,1537) size 90x504
      text run at (11,1537) width 68: "Nulla ligula"
      text run at (11,1551) width 80: "dui, euismod"
      text run at (11,1565) width 70: "et, sodales"
      text run at (11,1579) width 30: "quis,"
      text run at (11,1593) width 65: "sollicitudin"
      text run at (11,1607) width 74: "quis, elit. In"
      text run at (11,1621) width 86: "adipiscing est"
      text run at (11,1635) width 61: "sed enim."
      text run at (11,1649) width 53: "Fusce at"
      text run at (11,1663) width 76: "massa vitae"
      text run at (11,1677) width 90: "metus semper"
      text run at (11,1691) width 62: "hendrerit."
      text run at (11,1705) width 82: "Integer vitae"
      text run at (11,1719) width 68: "urna. Nulla"
      text run at (11,1733) width 70: "eget ligula."
      text run at (11,1747) width 78: "Etiam libero."
      text run at (11,1761) width 88: "Maecenas nisi"
      text run at (11,1775) width 88: "nibh, convallis"
      text run at (11,1789) width 60: "a, feugiat"
      text run at (11,1803) width 89: "vitae, pulvinar"
      text run at (11,1817) width 39: "et, mi."
      text run at (11,1831) width 90: "Curabitur arcu"
      text run at (11,1845) width 36: "pede,"
      text run at (11,1859) width 62: "adipiscing"
      text run at (11,1873) width 82: "sed, egestas"
      text run at (11,1887) width 90: "nec, commodo"
      text run at (11,1901) width 77: "in, elit. Nulla"
      text run at (11,1915) width 77: "facilisi. Proin"
      text run at (11,1929) width 74: "varius pede"
      text run at (11,1943) width 79: "et dui lacinia"
      text run at (11,1957) width 54: "dapibus."
      text run at (11,1971) width 60: "Morbi nec"
      text run at (11,1985) width 80: "augue. Proin"
      text run at (11,1999) width 59: "imperdiet"
      text run at (11,2013) width 52: "lacus eu"
      text run at (11,2027) width 38: "tellus."
layer at (197,28) size 125x100 clip at (198,29) size 110x98 scrollHeight 2050
  RenderBlock {DIV} at (189,20) size 125x100 [color=#DCDCDC] [bgcolor=#718D93] [border: (1px solid #D3D3D3)]
    RenderText {#text} at (11,11) size 89x770
      text run at (11,11) width 80: "Lorem ipsum"
      text run at (11,25) width 51: "dolor sit"
      text run at (11,39) width 36: "amet,"
      text run at (11,53) width 82: "consectetuer"
      text run at (11,67) width 89: "adipiscing elit."
      text run at (11,81) width 76: "Morbi et nisi"
      text run at (11,95) width 37: "ut est"
      text run at (11,109) width 62: "venenatis"
      text run at (11,123) width 47: "viverra."
      text run at (11,137) width 84: "Aenean pede"
      text run at (11,151) width 73: "orci, blandit"
      text run at (11,165) width 86: "quis, faucibus"
      text run at (11,179) width 85: "quis, egestas"
      text run at (11,193) width 39: "ut, mi."
      text run at (11,207) width 82: "Pellentesque"
      text run at (11,221) width 74: "enim purus,"
      text run at (11,235) width 62: "venenatis"
      text run at (11,249) width 62: "dignissim,"
      text run at (11,263) width 70: "tincidunt a,"
      text run at (11,277) width 73: "ullamcorper"
      text run at (11,291) width 68: "eget, nibh."
      text run at (11,305) width 89: "Nullam ut sem"
      text run at (11,319) width 88: "adipiscing orci"
      text run at (11,333) width 51: "vehicula"
      text run at (11,347) width 60: "interdum."
      text run at (11,361) width 82: "Proin a enim."
      text run at (11,375) width 60: "Phasellus"
      text run at (11,389) width 69: "sollicitudin,"
      text run at (11,403) width 78: "magna vitae"
      text run at (11,417) width 68: "vestibulum"
      text run at (11,431) width 86: "facilisis, tellus"
      text run at (11,445) width 72: "nunc iaculis"
      text run at (11,459) width 46: "arcu, in"
      text run at (11,473) width 83: "molestie sem"
      text run at (11,487) width 77: "velit tempus"
      text run at (11,501) width 41: "est. In"
      text run at (11,515) width 80: "eleifend velit"
      text run at (11,529) width 43: "at sem"
      text run at (11,543) width 62: "adipiscing"
      text run at (11,557) width 88: "sodales. Nunc"
      text run at (11,571) width 75: "sapien felis,"
      text run at (11,585) width 70: "aliquam et,"
      text run at (11,599) width 52: "volutpat"
      text run at (11,613) width 54: "rhoncus,"
      text run at (11,627) width 84: "condimentum"
      text run at (11,641) width 61: "ut, tortor."
      text run at (11,655) width 75: "Integer est."
      text run at (11,669) width 52: "Quisque"
      text run at (11,683) width 47: "viverra."
      text run at (11,697) width 84: "Praesent sed"
      text run at (11,711) width 31: "arcu."
      text run at (11,725) width 78: "Maecenas id"
      text run at (11,739) width 70: "lorem a leo"
      text run at (11,753) width 47: "lobortis"
      text run at (11,767) width 88: "condimentum."
    RenderBR {BR} at (0,0) size 0x0
    RenderBR {BR} at (11,781) size 0x14
    RenderText {#text} at (11,795) size 90x728
      text run at (11,795) width 29: "Cras"
      text run at (11,809) width 60: "commodo"
      text run at (11,823) width 90: "rutrum augue."
      text run at (11,837) width 52: "Vivamus"
      text run at (11,851) width 88: "iaculis. Nullam"
      text run at (11,865) width 24: "est."
      text run at (11,879) width 63: "Maecenas"
      text run at (11,893) width 70: "consequat."
      text run at (11,907) width 66: "Sed id dui."
      text run at (11,921) width 64: "Vivamus a"
      text run at (11,935) width 68: "nisl. Donec"
      text run at (11,949) width 48: "pretium"
      text run at (11,963) width 82: "sapien. Proin"
      text run at (11,977) width 67: "et ligula et"
      text run at (11,991) width 88: "ligula placerat"
      text run at (11,1005) width 54: "pulvinar."
      text run at (11,1019) width 79: "Aliquam erat"
      text run at (11,1033) width 56: "volutpat."
      text run at (11,1047) width 75: "Proin id est."
      text run at (11,1061) width 80: "Suspendisse"
      text run at (11,1075) width 45: "cursus,"
      text run at (11,1089) width 60: "magna at"
      text run at (11,1103) width 58: "hendrerit"
      text run at (11,1117) width 70: "consequat,"
      text run at (11,1131) width 66: "mauris est"
      text run at (11,1145) width 59: "imperdiet"
      text run at (11,1159) width 56: "neque, a"
      text run at (11,1173) width 76: "ultrices arcu"
      text run at (11,1187) width 57: "urna non"
      text run at (11,1201) width 90: "nunc. Quisque"
      text run at (11,1215) width 73: "tellus. Nulla"
      text run at (11,1229) width 70: "nulla justo,"
      text run at (11,1243) width 81: "vehicula nec,"
      text run at (11,1257) width 82: "pellentesque"
      text run at (11,1271) width 83: "eu, iaculis et,"
      text run at (11,1285) width 37: "ligula."
      text run at (11,1299) width 57: "Praesent"
      text run at (11,1313) width 72: "mattis ante"
      text run at (11,1327) width 52: "vel sem."
      text run at (11,1341) width 80: "Suspendisse"
      text run at (11,1355) width 88: "porta rhoncus"
      text run at (11,1369) width 33: "urna."
      text run at (11,1383) width 60: "Phasellus"
      text run at (11,1397) width 90: "felis. Praesent"
      text run at (11,1411) width 43: "viverra"
      text run at (11,1425) width 53: "convallis"
      text run at (11,1439) width 39: "libero."
      text run at (11,1453) width 63: "Maecenas"
      text run at (11,1467) width 72: "non augue."
      text run at (11,1481) width 39: "Donec"
      text run at (11,1495) width 58: "hendrerit"
      text run at (11,1509) width 90: "lectus id enim."
    RenderBR {BR} at (0,0) size 0x0
    RenderBR {BR} at (11,1523) size 0x14
    RenderText {#text} at (11,1537) size 90x504
      text run at (11,1537) width 68: "Nulla ligula"
      text run at (11,1551) width 80: "dui, euismod"
      text run at (11,1565) width 70: "et, sodales"
      text run at (11,1579) width 30: "quis,"
      text run at (11,1593) width 65: "sollicitudin"
      text run at (11,1607) width 74: "quis, elit. In"
      text run at (11,1621) width 86: "adipiscing est"
      text run at (11,1635) width 61: "sed enim."
      text run at (11,1649) width 53: "Fusce at"
      text run at (11,1663) width 76: "massa vitae"
      text run at (11,1677) width 90: "metus semper"
      text run at (11,1691) width 62: "hendrerit."
      text run at (11,1705) width 82: "Integer vitae"
      text run at (11,1719) width 68: "urna. Nulla"
      text run at (11,1733) width 70: "eget ligula."
      text run at (11,1747) width 78: "Etiam libero."
      text run at (11,1761) width 88: "Maecenas nisi"
      text run at (11,1775) width 88: "nibh, convallis"
      text run at (11,1789) width 60: "a, feugiat"
      text run at (11,1803) width 89: "vitae, pulvinar"
      text run at (11,1817) width 39: "et, mi."
      text run at (11,1831) width 90: "Curabitur arcu"
      text run at (11,1845) width 36: "pede,"
      text run at (11,1859) width 62: "adipiscing"
      text run at (11,1873) width 82: "sed, egestas"
      text run at (11,1887) width 90: "nec, commodo"
      text run at (11,1901) width 77: "in, elit. Nulla"
      text run at (11,1915) width 77: "facilisi. Proin"
      text run at (11,1929) width 74: "varius pede"
      text run at (11,1943) width 79: "et dui lacinia"
      text run at (11,1957) width 54: "dapibus."
      text run at (11,1971) width 60: "Morbi nec"
      text run at (11,1985) width 80: "augue. Proin"
      text run at (11,1999) width 59: "imperdiet"
      text run at (11,2013) width 52: "lacus eu"
      text run at (11,2027) width 38: "tellus."
layer at (366,28) size 125x100 clip at (367,29) size 110x85 scrollWidth 420 scrollHeight 440
  RenderBlock {DIV} at (358,20) size 125x100 [color=#DCDCDC] [bgcolor=#718D93] [border: (1px solid #D3D3D3)]
    RenderBlock {DIV} at (1,1) size 420x440
      RenderText {#text} at (10,10) size 398x154
        text run at (10,10) width 392: "Lorem ipsum dolor sit amet, consectetuer adipiscing elit. Morbi"
        text run at (10,24) width 395: "et nisi ut est venenatis viverra. Aenean pede orci, blandit quis,"
        text run at (10,38) width 348: "faucibus quis, egestas ut, mi. Pellentesque enim purus,"
        text run at (10,52) width 397: "venenatis dignissim, tincidunt a, ullamcorper eget, nibh. Nullam"
        text run at (10,66) width 340: "ut sem adipiscing orci vehicula interdum. Proin a enim."
        text run at (10,80) width 377: "Phasellus sollicitudin, magna vitae vestibulum facilisis, tellus"
        text run at (10,94) width 389: "nunc iaculis arcu, in molestie sem velit tempus est. In eleifend"
        text run at (10,108) width 384: "velit at sem adipiscing sodales. Nunc sapien felis, aliquam et,"
        text run at (10,122) width 398: "volutpat rhoncus, condimentum ut, tortor. Integer est. Quisque"
        text run at (10,136) width 377: "viverra. Praesent sed arcu. Maecenas id lorem a leo lobortis"
        text run at (10,150) width 92: "condimentum. "
      RenderBR {BR} at (102,162) size 0x0
      RenderBR {BR} at (10,164) size 0x14
      RenderText {#text} at (10,178) size 399x140
        text run at (10,178) width 363: "Cras commodo rutrum augue. Vivamus iaculis. Nullam est."
        text run at (10,192) width 399: "Maecenas consequat. Sed id dui. Vivamus a nisl. Donec pretium"
        text run at (10,206) width 386: "sapien. Proin et ligula et ligula placerat pulvinar. Aliquam erat"
        text run at (10,220) width 394: "volutpat. Proin id est. Suspendisse cursus, magna at hendrerit"
        text run at (10,234) width 376: "consequat, mauris est imperdiet neque, a ultrices arcu urna"
        text run at (10,248) width 354: "non nunc. Quisque tellus. Nulla nulla justo, vehicula nec,"
        text run at (10,262) width 369: "pellentesque eu, iaculis et, ligula. Praesent mattis ante vel"
        text run at (10,276) width 340: "sem. Suspendisse porta rhoncus urna. Phasellus felis."
        text run at (10,290) width 390: "Praesent viverra convallis libero. Maecenas non augue. Donec"
        text run at (10,304) width 156: "hendrerit lectus id enim. "
      RenderBR {BR} at (166,316) size 0x0
      RenderBR {BR} at (10,318) size 0x14
      RenderText {#text} at (10,332) size 399x98
        text run at (10,332) width 390: "Nulla ligula dui, euismod et, sodales quis, sollicitudin quis, elit."
        text run at (10,346) width 399: "In adipiscing est sed enim. Fusce at massa vitae metus semper"
        text run at (10,360) width 376: "hendrerit. Integer vitae urna. Nulla eget ligula. Etiam libero."
        text run at (10,374) width 380: "Maecenas nisi nibh, convallis a, feugiat vitae, pulvinar et, mi."
        text run at (10,388) width 395: "Curabitur arcu pede, adipiscing sed, egestas nec, commodo in,"
        text run at (10,402) width 396: "elit. Nulla facilisi. Proin varius pede et dui lacinia dapibus. Morbi"
        text run at (10,416) width 267: "nec augue. Proin imperdiet lacus eu tellus."
layer at (535,28) size 125x100 clip at (536,29) size 110x85 scrollHeight 2050
  RenderBlock {DIV} at (527,20) size 125x100 [color=#DCDCDC] [bgcolor=#718D93] [border: (1px solid #D3D3D3)]
    RenderText {#text} at (11,11) size 89x770
      text run at (11,11) width 80: "Lorem ipsum"
      text run at (11,25) width 51: "dolor sit"
      text run at (11,39) width 36: "amet,"
      text run at (11,53) width 82: "consectetuer"
      text run at (11,67) width 89: "adipiscing elit."
      text run at (11,81) width 76: "Morbi et nisi"
      text run at (11,95) width 37: "ut est"
      text run at (11,109) width 62: "venenatis"
      text run at (11,123) width 47: "viverra."
      text run at (11,137) width 84: "Aenean pede"
      text run at (11,151) width 73: "orci, blandit"
      text run at (11,165) width 86: "quis, faucibus"
      text run at (11,179) width 85: "quis, egestas"
      text run at (11,193) width 39: "ut, mi."
      text run at (11,207) width 82: "Pellentesque"
      text run at (11,221) width 74: "enim purus,"
      text run at (11,235) width 62: "venenatis"
      text run at (11,249) width 62: "dignissim,"
      text run at (11,263) width 70: "tincidunt a,"
      text run at (11,277) width 73: "ullamcorper"
      text run at (11,291) width 68: "eget, nibh."
      text run at (11,305) width 89: "Nullam ut sem"
      text run at (11,319) width 88: "adipiscing orci"
      text run at (11,333) width 51: "vehicula"
      text run at (11,347) width 60: "interdum."
      text run at (11,361) width 82: "Proin a enim."
      text run at (11,375) width 60: "Phasellus"
      text run at (11,389) width 69: "sollicitudin,"
      text run at (11,403) width 78: "magna vitae"
      text run at (11,417) width 68: "vestibulum"
      text run at (11,431) width 86: "facilisis, tellus"
      text run at (11,445) width 72: "nunc iaculis"
      text run at (11,459) width 46: "arcu, in"
      text run at (11,473) width 83: "molestie sem"
      text run at (11,487) width 77: "velit tempus"
      text run at (11,501) width 41: "est. In"
      text run at (11,515) width 80: "eleifend velit"
      text run at (11,529) width 43: "at sem"
      text run at (11,543) width 62: "adipiscing"
      text run at (11,557) width 88: "sodales. Nunc"
      text run at (11,571) width 75: "sapien felis,"
      text run at (11,585) width 70: "aliquam et,"
      text run at (11,599) width 52: "volutpat"
      text run at (11,613) width 54: "rhoncus,"
      text run at (11,627) width 84: "condimentum"
      text run at (11,641) width 61: "ut, tortor."
      text run at (11,655) width 75: "Integer est."
      text run at (11,669) width 52: "Quisque"
      text run at (11,683) width 47: "viverra."
      text run at (11,697) width 84: "Praesent sed"
      text run at (11,711) width 31: "arcu."
      text run at (11,725) width 78: "Maecenas id"
      text run at (11,739) width 70: "lorem a leo"
      text run at (11,753) width 47: "lobortis"
      text run at (11,767) width 88: "condimentum."
    RenderBR {BR} at (0,0) size 0x0
    RenderBR {BR} at (11,781) size 0x14
    RenderText {#text} at (11,795) size 90x728
      text run at (11,795) width 29: "Cras"
      text run at (11,809) width 60: "commodo"
      text run at (11,823) width 90: "rutrum augue."
      text run at (11,837) width 52: "Vivamus"
      text run at (11,851) width 88: "iaculis. Nullam"
      text run at (11,865) width 24: "est."
      text run at (11,879) width 63: "Maecenas"
      text run at (11,893) width 70: "consequat."
      text run at (11,907) width 66: "Sed id dui."
      text run at (11,921) width 64: "Vivamus a"
      text run at (11,935) width 68: "nisl. Donec"
      text run at (11,949) width 48: "pretium"
      text run at (11,963) width 82: "sapien. Proin"
      text run at (11,977) width 67: "et ligula et"
      text run at (11,991) width 88: "ligula placerat"
      text run at (11,1005) width 54: "pulvinar."
      text run at (11,1019) width 79: "Aliquam erat"
      text run at (11,1033) width 56: "volutpat."
      text run at (11,1047) width 75: "Proin id est."
      text run at (11,1061) width 80: "Suspendisse"
      text run at (11,1075) width 45: "cursus,"
      text run at (11,1089) width 60: "magna at"
      text run at (11,1103) width 58: "hendrerit"
      text run at (11,1117) width 70: "consequat,"
      text run at (11,1131) width 66: "mauris est"
      text run at (11,1145) width 59: "imperdiet"
      text run at (11,1159) width 56: "neque, a"
      text run at (11,1173) width 76: "ultrices arcu"
      text run at (11,1187) width 57: "urna non"
      text run at (11,1201) width 90: "nunc. Quisque"
      text run at (11,1215) width 73: "tellus. Nulla"
      text run at (11,1229) width 70: "nulla justo,"
      text run at (11,1243) width 81: "vehicula nec,"
      text run at (11,1257) width 82: "pellentesque"
      text run at (11,1271) width 83: "eu, iaculis et,"
      text run at (11,1285) width 37: "ligula."
      text run at (11,1299) width 57: "Praesent"
      text run at (11,1313) width 72: "mattis ante"
      text run at (11,1327) width 52: "vel sem."
      text run at (11,1341) width 80: "Suspendisse"
      text run at (11,1355) width 88: "porta rhoncus"
      text run at (11,1369) width 33: "urna."
      text run at (11,1383) width 60: "Phasellus"
      text run at (11,1397) width 90: "felis. Praesent"
      text run at (11,1411) width 43: "viverra"
      text run at (11,1425) width 53: "convallis"
      text run at (11,1439) width 39: "libero."
      text run at (11,1453) width 63: "Maecenas"
      text run at (11,1467) width 72: "non augue."
      text run at (11,1481) width 39: "Donec"
      text run at (11,1495) width 58: "hendrerit"
      text run at (11,1509) width 90: "lectus id enim."
    RenderBR {BR} at (0,0) size 0x0
    RenderBR {BR} at (11,1523) size 0x14
    RenderText {#text} at (11,1537) size 90x504
      text run at (11,1537) width 68: "Nulla ligula"
      text run at (11,1551) width 80: "dui, euismod"
      text run at (11,1565) width 70: "et, sodales"
      text run at (11,1579) width 30: "quis,"
      text run at (11,1593) width 65: "sollicitudin"
      text run at (11,1607) width 74: "quis, elit. In"
      text run at (11,1621) width 86: "adipiscing est"
      text run at (11,1635) width 61: "sed enim."
      text run at (11,1649) width 53: "Fusce at"
      text run at (11,1663) width 76: "massa vitae"
      text run at (11,1677) width 90: "metus semper"
      text run at (11,1691) width 62: "hendrerit."
      text run at (11,1705) width 82: "Integer vitae"
      text run at (11,1719) width 68: "urna. Nulla"
      text run at (11,1733) width 70: "eget ligula."
      text run at (11,1747) width 78: "Etiam libero."
      text run at (11,1761) width 88: "Maecenas nisi"
      text run at (11,1775) width 88: "nibh, convallis"
      text run at (11,1789) width 60: "a, feugiat"
      text run at (11,1803) width 89: "vitae, pulvinar"
      text run at (11,1817) width 39: "et, mi."
      text run at (11,1831) width 90: "Curabitur arcu"
      text run at (11,1845) width 36: "pede,"
      text run at (11,1859) width 62: "adipiscing"
      text run at (11,1873) width 82: "sed, egestas"
      text run at (11,1887) width 90: "nec, commodo"
      text run at (11,1901) width 77: "in, elit. Nulla"
      text run at (11,1915) width 77: "facilisi. Proin"
      text run at (11,1929) width 74: "varius pede"
      text run at (11,1943) width 79: "et dui lacinia"
      text run at (11,1957) width 54: "dapibus."
      text run at (11,1971) width 60: "Morbi nec"
      text run at (11,1985) width 80: "augue. Proin"
      text run at (11,1999) width 59: "imperdiet"
      text run at (11,2013) width 52: "lacus eu"
      text run at (11,2027) width 38: "tellus."
layer at (28,168) size 125x100 clip at (29,169) size 110x98 scrollHeight 2050
  RenderBlock {DIV} at (20,160) size 125x100 [color=#DCDCDC] [bgcolor=#718D93] [border: (1px solid #D3D3D3)]
    RenderText {#text} at (11,11) size 89x770
      text run at (11,11) width 80: "Lorem ipsum"
      text run at (11,25) width 51: "dolor sit"
      text run at (11,39) width 36: "amet,"
      text run at (11,53) width 82: "consectetuer"
      text run at (11,67) width 89: "adipiscing elit."
      text run at (11,81) width 76: "Morbi et nisi"
      text run at (11,95) width 37: "ut est"
      text run at (11,109) width 62: "venenatis"
      text run at (11,123) width 47: "viverra."
      text run at (11,137) width 84: "Aenean pede"
      text run at (11,151) width 73: "orci, blandit"
      text run at (11,165) width 86: "quis, faucibus"
      text run at (11,179) width 85: "quis, egestas"
      text run at (11,193) width 39: "ut, mi."
      text run at (11,207) width 82: "Pellentesque"
      text run at (11,221) width 74: "enim purus,"
      text run at (11,235) width 62: "venenatis"
      text run at (11,249) width 62: "dignissim,"
      text run at (11,263) width 70: "tincidunt a,"
      text run at (11,277) width 73: "ullamcorper"
      text run at (11,291) width 68: "eget, nibh."
      text run at (11,305) width 89: "Nullam ut sem"
      text run at (11,319) width 88: "adipiscing orci"
      text run at (11,333) width 51: "vehicula"
      text run at (11,347) width 60: "interdum."
      text run at (11,361) width 82: "Proin a enim."
      text run at (11,375) width 60: "Phasellus"
      text run at (11,389) width 69: "sollicitudin,"
      text run at (11,403) width 78: "magna vitae"
      text run at (11,417) width 68: "vestibulum"
      text run at (11,431) width 86: "facilisis, tellus"
      text run at (11,445) width 72: "nunc iaculis"
      text run at (11,459) width 46: "arcu, in"
      text run at (11,473) width 83: "molestie sem"
      text run at (11,487) width 77: "velit tempus"
      text run at (11,501) width 41: "est. In"
      text run at (11,515) width 80: "eleifend velit"
      text run at (11,529) width 43: "at sem"
      text run at (11,543) width 62: "adipiscing"
      text run at (11,557) width 88: "sodales. Nunc"
      text run at (11,571) width 75: "sapien felis,"
      text run at (11,585) width 70: "aliquam et,"
      text run at (11,599) width 52: "volutpat"
      text run at (11,613) width 54: "rhoncus,"
      text run at (11,627) width 84: "condimentum"
      text run at (11,641) width 61: "ut, tortor."
      text run at (11,655) width 75: "Integer est."
      text run at (11,669) width 52: "Quisque"
      text run at (11,683) width 47: "viverra."
      text run at (11,697) width 84: "Praesent sed"
      text run at (11,711) width 31: "arcu."
      text run at (11,725) width 78: "Maecenas id"
      text run at (11,739) width 70: "lorem a leo"
      text run at (11,753) width 47: "lobortis"
      text run at (11,767) width 88: "condimentum."
    RenderBR {BR} at (0,0) size 0x0
    RenderBR {BR} at (11,781) size 0x14
    RenderText {#text} at (11,795) size 90x728
      text run at (11,795) width 29: "Cras"
      text run at (11,809) width 60: "commodo"
      text run at (11,823) width 90: "rutrum augue."
      text run at (11,837) width 52: "Vivamus"
      text run at (11,851) width 88: "iaculis. Nullam"
      text run at (11,865) width 24: "est."
      text run at (11,879) width 63: "Maecenas"
      text run at (11,893) width 70: "consequat."
      text run at (11,907) width 66: "Sed id dui."
      text run at (11,921) width 64: "Vivamus a"
      text run at (11,935) width 68: "nisl. Donec"
      text run at (11,949) width 48: "pretium"
      text run at (11,963) width 82: "sapien. Proin"
      text run at (11,977) width 67: "et ligula et"
      text run at (11,991) width 88: "ligula placerat"
      text run at (11,1005) width 54: "pulvinar."
      text run at (11,1019) width 79: "Aliquam erat"
      text run at (11,1033) width 56: "volutpat."
      text run at (11,1047) width 75: "Proin id est."
      text run at (11,1061) width 80: "Suspendisse"
      text run at (11,1075) width 45: "cursus,"
      text run at (11,1089) width 60: "magna at"
      text run at (11,1103) width 58: "hendrerit"
      text run at (11,1117) width 70: "consequat,"
      text run at (11,1131) width 66: "mauris est"
      text run at (11,1145) width 59: "imperdiet"
      text run at (11,1159) width 56: "neque, a"
      text run at (11,1173) width 76: "ultrices arcu"
      text run at (11,1187) width 57: "urna non"
      text run at (11,1201) width 90: "nunc. Quisque"
      text run at (11,1215) width 73: "tellus. Nulla"
      text run at (11,1229) width 70: "nulla justo,"
      text run at (11,1243) width 81: "vehicula nec,"
      text run at (11,1257) width 82: "pellentesque"
      text run at (11,1271) width 83: "eu, iaculis et,"
      text run at (11,1285) width 37: "ligula."
      text run at (11,1299) width 57: "Praesent"
      text run at (11,1313) width 72: "mattis ante"
      text run at (11,1327) width 52: "vel sem."
      text run at (11,1341) width 80: "Suspendisse"
      text run at (11,1355) width 88: "porta rhoncus"
      text run at (11,1369) width 33: "urna."
      text run at (11,1383) width 60: "Phasellus"
      text run at (11,1397) width 90: "felis. Praesent"
      text run at (11,1411) width 43: "viverra"
      text run at (11,1425) width 53: "convallis"
      text run at (11,1439) width 39: "libero."
      text run at (11,1453) width 63: "Maecenas"
      text run at (11,1467) width 72: "non augue."
      text run at (11,1481) width 39: "Donec"
      text run at (11,1495) width 58: "hendrerit"
      text run at (11,1509) width 90: "lectus id enim."
    RenderBR {BR} at (0,0) size 0x0
    RenderBR {BR} at (11,1523) size 0x14
    RenderText {#text} at (11,1537) size 90x504
      text run at (11,1537) width 68: "Nulla ligula"
      text run at (11,1551) width 80: "dui, euismod"
      text run at (11,1565) width 70: "et, sodales"
      text run at (11,1579) width 30: "quis,"
      text run at (11,1593) width 65: "sollicitudin"
      text run at (11,1607) width 74: "quis, elit. In"
      text run at (11,1621) width 86: "adipiscing est"
      text run at (11,1635) width 61: "sed enim."
      text run at (11,1649) width 53: "Fusce at"
      text run at (11,1663) width 76: "massa vitae"
      text run at (11,1677) width 90: "metus semper"
      text run at (11,1691) width 62: "hendrerit."
      text run at (11,1705) width 82: "Integer vitae"
      text run at (11,1719) width 68: "urna. Nulla"
      text run at (11,1733) width 70: "eget ligula."
      text run at (11,1747) width 78: "Etiam libero."
      text run at (11,1761) width 88: "Maecenas nisi"
      text run at (11,1775) width 88: "nibh, convallis"
      text run at (11,1789) width 60: "a, feugiat"
      text run at (11,1803) width 89: "vitae, pulvinar"
      text run at (11,1817) width 39: "et, mi."
      text run at (11,1831) width 90: "Curabitur arcu"
      text run at (11,1845) width 36: "pede,"
      text run at (11,1859) width 62: "adipiscing"
      text run at (11,1873) width 82: "sed, egestas"
      text run at (11,1887) width 90: "nec, commodo"
      text run at (11,1901) width 77: "in, elit. Nulla"
      text run at (11,1915) width 77: "facilisi. Proin"
      text run at (11,1929) width 74: "varius pede"
      text run at (11,1943) width 79: "et dui lacinia"
      text run at (11,1957) width 54: "dapibus."
      text run at (11,1971) width 60: "Morbi nec"
      text run at (11,1985) width 80: "augue. Proin"
      text run at (11,1999) width 59: "imperdiet"
      text run at (11,2013) width 52: "lacus eu"
      text run at (11,2027) width 38: "tellus."
layer at (197,168) size 125x100 clip at (198,169) size 110x85 scrollWidth 420 scrollHeight 440
  RenderBlock {DIV} at (189,160) size 125x100 [color=#DCDCDC] [bgcolor=#718D93] [border: (1px solid #D3D3D3)]
    RenderBlock {DIV} at (1,1) size 420x440
      RenderText {#text} at (10,10) size 398x154
        text run at (10,10) width 392: "Lorem ipsum dolor sit amet, consectetuer adipiscing elit. Morbi"
        text run at (10,24) width 395: "et nisi ut est venenatis viverra. Aenean pede orci, blandit quis,"
        text run at (10,38) width 348: "faucibus quis, egestas ut, mi. Pellentesque enim purus,"
        text run at (10,52) width 397: "venenatis dignissim, tincidunt a, ullamcorper eget, nibh. Nullam"
        text run at (10,66) width 340: "ut sem adipiscing orci vehicula interdum. Proin a enim."
        text run at (10,80) width 377: "Phasellus sollicitudin, magna vitae vestibulum facilisis, tellus"
        text run at (10,94) width 389: "nunc iaculis arcu, in molestie sem velit tempus est. In eleifend"
        text run at (10,108) width 384: "velit at sem adipiscing sodales. Nunc sapien felis, aliquam et,"
        text run at (10,122) width 398: "volutpat rhoncus, condimentum ut, tortor. Integer est. Quisque"
        text run at (10,136) width 377: "viverra. Praesent sed arcu. Maecenas id lorem a leo lobortis"
        text run at (10,150) width 92: "condimentum. "
      RenderBR {BR} at (102,162) size 0x0
      RenderBR {BR} at (10,164) size 0x14
      RenderText {#text} at (10,178) size 399x140
        text run at (10,178) width 363: "Cras commodo rutrum augue. Vivamus iaculis. Nullam est."
        text run at (10,192) width 399: "Maecenas consequat. Sed id dui. Vivamus a nisl. Donec pretium"
        text run at (10,206) width 386: "sapien. Proin et ligula et ligula placerat pulvinar. Aliquam erat"
        text run at (10,220) width 394: "volutpat. Proin id est. Suspendisse cursus, magna at hendrerit"
        text run at (10,234) width 376: "consequat, mauris est imperdiet neque, a ultrices arcu urna"
        text run at (10,248) width 354: "non nunc. Quisque tellus. Nulla nulla justo, vehicula nec,"
        text run at (10,262) width 369: "pellentesque eu, iaculis et, ligula. Praesent mattis ante vel"
        text run at (10,276) width 340: "sem. Suspendisse porta rhoncus urna. Phasellus felis."
        text run at (10,290) width 390: "Praesent viverra convallis libero. Maecenas non augue. Donec"
        text run at (10,304) width 156: "hendrerit lectus id enim. "
      RenderBR {BR} at (166,316) size 0x0
      RenderBR {BR} at (10,318) size 0x14
      RenderText {#text} at (10,332) size 399x98
        text run at (10,332) width 390: "Nulla ligula dui, euismod et, sodales quis, sollicitudin quis, elit."
        text run at (10,346) width 399: "In adipiscing est sed enim. Fusce at massa vitae metus semper"
        text run at (10,360) width 376: "hendrerit. Integer vitae urna. Nulla eget ligula. Etiam libero."
        text run at (10,374) width 380: "Maecenas nisi nibh, convallis a, feugiat vitae, pulvinar et, mi."
        text run at (10,388) width 395: "Curabitur arcu pede, adipiscing sed, egestas nec, commodo in,"
        text run at (10,402) width 396: "elit. Nulla facilisi. Proin varius pede et dui lacinia dapibus. Morbi"
        text run at (10,416) width 267: "nec augue. Proin imperdiet lacus eu tellus."
layer at (366,168) size 125x100 clip at (367,169) size 110x98 scrollHeight 2050
  RenderBlock {DIV} at (358,160) size 125x100 [color=#DCDCDC] [bgcolor=#718D93] [border: (1px solid #D3D3D3)]
    RenderText {#text} at (11,11) size 89x770
      text run at (11,11) width 80: "Lorem ipsum"
      text run at (11,25) width 51: "dolor sit"
      text run at (11,39) width 36: "amet,"
      text run at (11,53) width 82: "consectetuer"
      text run at (11,67) width 89: "adipiscing elit."
      text run at (11,81) width 76: "Morbi et nisi"
      text run at (11,95) width 37: "ut est"
      text run at (11,109) width 62: "venenatis"
      text run at (11,123) width 47: "viverra."
      text run at (11,137) width 84: "Aenean pede"
      text run at (11,151) width 73: "orci, blandit"
      text run at (11,165) width 86: "quis, faucibus"
      text run at (11,179) width 85: "quis, egestas"
      text run at (11,193) width 39: "ut, mi."
      text run at (11,207) width 82: "Pellentesque"
      text run at (11,221) width 74: "enim purus,"
      text run at (11,235) width 62: "venenatis"
      text run at (11,249) width 62: "dignissim,"
      text run at (11,263) width 70: "tincidunt a,"
      text run at (11,277) width 73: "ullamcorper"
      text run at (11,291) width 68: "eget, nibh."
      text run at (11,305) width 89: "Nullam ut sem"
      text run at (11,319) width 88: "adipiscing orci"
      text run at (11,333) width 51: "vehicula"
      text run at (11,347) width 60: "interdum."
      text run at (11,361) width 82: "Proin a enim."
      text run at (11,375) width 60: "Phasellus"
      text run at (11,389) width 69: "sollicitudin,"
      text run at (11,403) width 78: "magna vitae"
      text run at (11,417) width 68: "vestibulum"
      text run at (11,431) width 86: "facilisis, tellus"
      text run at (11,445) width 72: "nunc iaculis"
      text run at (11,459) width 46: "arcu, in"
      text run at (11,473) width 83: "molestie sem"
      text run at (11,487) width 77: "velit tempus"
      text run at (11,501) width 41: "est. In"
      text run at (11,515) width 80: "eleifend velit"
      text run at (11,529) width 43: "at sem"
      text run at (11,543) width 62: "adipiscing"
      text run at (11,557) width 88: "sodales. Nunc"
      text run at (11,571) width 75: "sapien felis,"
      text run at (11,585) width 70: "aliquam et,"
      text run at (11,599) width 52: "volutpat"
      text run at (11,613) width 54: "rhoncus,"
      text run at (11,627) width 84: "condimentum"
      text run at (11,641) width 61: "ut, tortor."
      text run at (11,655) width 75: "Integer est."
      text run at (11,669) width 52: "Quisque"
      text run at (11,683) width 47: "viverra."
      text run at (11,697) width 84: "Praesent sed"
      text run at (11,711) width 31: "arcu."
      text run at (11,725) width 78: "Maecenas id"
      text run at (11,739) width 70: "lorem a leo"
      text run at (11,753) width 47: "lobortis"
      text run at (11,767) width 88: "condimentum."
    RenderBR {BR} at (0,0) size 0x0
    RenderBR {BR} at (11,781) size 0x14
    RenderText {#text} at (11,795) size 90x728
      text run at (11,795) width 29: "Cras"
      text run at (11,809) width 60: "commodo"
      text run at (11,823) width 90: "rutrum augue."
      text run at (11,837) width 52: "Vivamus"
      text run at (11,851) width 88: "iaculis. Nullam"
      text run at (11,865) width 24: "est."
      text run at (11,879) width 63: "Maecenas"
      text run at (11,893) width 70: "consequat."
      text run at (11,907) width 66: "Sed id dui."
      text run at (11,921) width 64: "Vivamus a"
      text run at (11,935) width 68: "nisl. Donec"
      text run at (11,949) width 48: "pretium"
      text run at (11,963) width 82: "sapien. Proin"
      text run at (11,977) width 67: "et ligula et"
      text run at (11,991) width 88: "ligula placerat"
      text run at (11,1005) width 54: "pulvinar."
      text run at (11,1019) width 79: "Aliquam erat"
      text run at (11,1033) width 56: "volutpat."
      text run at (11,1047) width 75: "Proin id est."
      text run at (11,1061) width 80: "Suspendisse"
      text run at (11,1075) width 45: "cursus,"
      text run at (11,1089) width 60: "magna at"
      text run at (11,1103) width 58: "hendrerit"
      text run at (11,1117) width 70: "consequat,"
      text run at (11,1131) width 66: "mauris est"
      text run at (11,1145) width 59: "imperdiet"
      text run at (11,1159) width 56: "neque, a"
      text run at (11,1173) width 76: "ultrices arcu"
      text run at (11,1187) width 57: "urna non"
      text run at (11,1201) width 90: "nunc. Quisque"
      text run at (11,1215) width 73: "tellus. Nulla"
      text run at (11,1229) width 70: "nulla justo,"
      text run at (11,1243) width 81: "vehicula nec,"
      text run at (11,1257) width 82: "pellentesque"
      text run at (11,1271) width 83: "eu, iaculis et,"
      text run at (11,1285) width 37: "ligula."
      text run at (11,1299) width 57: "Praesent"
      text run at (11,1313) width 72: "mattis ante"
      text run at (11,1327) width 52: "vel sem."
      text run at (11,1341) width 80: "Suspendisse"
      text run at (11,1355) width 88: "porta rhoncus"
      text run at (11,1369) width 33: "urna."
      text run at (11,1383) width 60: "Phasellus"
      text run at (11,1397) width 90: "felis. Praesent"
      text run at (11,1411) width 43: "viverra"
      text run at (11,1425) width 53: "convallis"
      text run at (11,1439) width 39: "libero."
      text run at (11,1453) width 63: "Maecenas"
      text run at (11,1467) width 72: "non augue."
      text run at (11,1481) width 39: "Donec"
      text run at (11,1495) width 58: "hendrerit"
      text run at (11,1509) width 90: "lectus id enim."
    RenderBR {BR} at (0,0) size 0x0
    RenderBR {BR} at (11,1523) size 0x14
    RenderText {#text} at (11,1537) size 90x504
      text run at (11,1537) width 68: "Nulla ligula"
      text run at (11,1551) width 80: "dui, euismod"
      text run at (11,1565) width 70: "et, sodales"
      text run at (11,1579) width 30: "quis,"
      text run at (11,1593) width 65: "sollicitudin"
      text run at (11,1607) width 74: "quis, elit. In"
      text run at (11,1621) width 86: "adipiscing est"
      text run at (11,1635) width 61: "sed enim."
      text run at (11,1649) width 53: "Fusce at"
      text run at (11,1663) width 76: "massa vitae"
      text run at (11,1677) width 90: "metus semper"
      text run at (11,1691) width 62: "hendrerit."
      text run at (11,1705) width 82: "Integer vitae"
      text run at (11,1719) width 68: "urna. Nulla"
      text run at (11,1733) width 70: "eget ligula."
      text run at (11,1747) width 78: "Etiam libero."
      text run at (11,1761) width 88: "Maecenas nisi"
      text run at (11,1775) width 88: "nibh, convallis"
      text run at (11,1789) width 60: "a, feugiat"
      text run at (11,1803) width 89: "vitae, pulvinar"
      text run at (11,1817) width 39: "et, mi."
      text run at (11,1831) width 90: "Curabitur arcu"
      text run at (11,1845) width 36: "pede,"
      text run at (11,1859) width 62: "adipiscing"
      text run at (11,1873) width 82: "sed, egestas"
      text run at (11,1887) width 90: "nec, commodo"
      text run at (11,1901) width 77: "in, elit. Nulla"
      text run at (11,1915) width 77: "facilisi. Proin"
      text run at (11,1929) width 74: "varius pede"
      text run at (11,1943) width 79: "et dui lacinia"
      text run at (11,1957) width 54: "dapibus."
      text run at (11,1971) width 60: "Morbi nec"
      text run at (11,1985) width 80: "augue. Proin"
      text run at (11,1999) width 59: "imperdiet"
      text run at (11,2013) width 52: "lacus eu"
      text run at (11,2027) width 38: "tellus."
layer at (535,168) size 125x100 clip at (536,169) size 123x85 scrollWidth 420 scrollHeight 174
  RenderBlock {DIV} at (527,160) size 125x100 [color=#DCDCDC] [bgcolor=#718D93] [border: (1px solid #D3D3D3)]
    RenderBlock {DIV} at (1,1) size 420x174
      RenderText {#text} at (10,10) size 398x154
        text run at (10,10) width 392: "Lorem ipsum dolor sit amet, consectetuer adipiscing elit. Morbi"
        text run at (10,24) width 395: "et nisi ut est venenatis viverra. Aenean pede orci, blandit quis,"
        text run at (10,38) width 348: "faucibus quis, egestas ut, mi. Pellentesque enim purus,"
        text run at (10,52) width 397: "venenatis dignissim, tincidunt a, ullamcorper eget, nibh. Nullam"
        text run at (10,66) width 340: "ut sem adipiscing orci vehicula interdum. Proin a enim."
        text run at (10,80) width 377: "Phasellus sollicitudin, magna vitae vestibulum facilisis, tellus"
        text run at (10,94) width 389: "nunc iaculis arcu, in molestie sem velit tempus est. In eleifend"
        text run at (10,108) width 384: "velit at sem adipiscing sodales. Nunc sapien felis, aliquam et,"
        text run at (10,122) width 398: "volutpat rhoncus, condimentum ut, tortor. Integer est. Quisque"
        text run at (10,136) width 377: "viverra. Praesent sed arcu. Maecenas id lorem a leo lobortis"
        text run at (10,150) width 88: "condimentum."
layer at (28,308) size 125x100 clip at (29,309) size 110x98 scrollHeight 2050
  RenderBlock {DIV} at (20,300) size 125x100 [color=#DCDCDC] [bgcolor=#718D93] [border: (1px solid #D3D3D3)]
    RenderText {#text} at (11,11) size 89x770
      text run at (11,11) width 80: "Lorem ipsum"
      text run at (11,25) width 51: "dolor sit"
      text run at (11,39) width 36: "amet,"
      text run at (11,53) width 82: "consectetuer"
      text run at (11,67) width 89: "adipiscing elit."
      text run at (11,81) width 76: "Morbi et nisi"
      text run at (11,95) width 37: "ut est"
      text run at (11,109) width 62: "venenatis"
      text run at (11,123) width 47: "viverra."
      text run at (11,137) width 84: "Aenean pede"
      text run at (11,151) width 73: "orci, blandit"
      text run at (11,165) width 86: "quis, faucibus"
      text run at (11,179) width 85: "quis, egestas"
      text run at (11,193) width 39: "ut, mi."
      text run at (11,207) width 82: "Pellentesque"
      text run at (11,221) width 74: "enim purus,"
      text run at (11,235) width 62: "venenatis"
      text run at (11,249) width 62: "dignissim,"
      text run at (11,263) width 70: "tincidunt a,"
      text run at (11,277) width 73: "ullamcorper"
      text run at (11,291) width 68: "eget, nibh."
      text run at (11,305) width 89: "Nullam ut sem"
      text run at (11,319) width 88: "adipiscing orci"
      text run at (11,333) width 51: "vehicula"
      text run at (11,347) width 60: "interdum."
      text run at (11,361) width 82: "Proin a enim."
      text run at (11,375) width 60: "Phasellus"
      text run at (11,389) width 69: "sollicitudin,"
      text run at (11,403) width 78: "magna vitae"
      text run at (11,417) width 68: "vestibulum"
      text run at (11,431) width 86: "facilisis, tellus"
      text run at (11,445) width 72: "nunc iaculis"
      text run at (11,459) width 46: "arcu, in"
      text run at (11,473) width 83: "molestie sem"
      text run at (11,487) width 77: "velit tempus"
      text run at (11,501) width 41: "est. In"
      text run at (11,515) width 80: "eleifend velit"
      text run at (11,529) width 43: "at sem"
      text run at (11,543) width 62: "adipiscing"
      text run at (11,557) width 88: "sodales. Nunc"
      text run at (11,571) width 75: "sapien felis,"
      text run at (11,585) width 70: "aliquam et,"
      text run at (11,599) width 52: "volutpat"
      text run at (11,613) width 54: "rhoncus,"
      text run at (11,627) width 84: "condimentum"
      text run at (11,641) width 61: "ut, tortor."
      text run at (11,655) width 75: "Integer est."
      text run at (11,669) width 52: "Quisque"
      text run at (11,683) width 47: "viverra."
      text run at (11,697) width 84: "Praesent sed"
      text run at (11,711) width 31: "arcu."
      text run at (11,725) width 78: "Maecenas id"
      text run at (11,739) width 70: "lorem a leo"
      text run at (11,753) width 47: "lobortis"
      text run at (11,767) width 88: "condimentum."
    RenderBR {BR} at (0,0) size 0x0
    RenderBR {BR} at (11,781) size 0x14
    RenderText {#text} at (11,795) size 90x728
      text run at (11,795) width 29: "Cras"
      text run at (11,809) width 60: "commodo"
      text run at (11,823) width 90: "rutrum augue."
      text run at (11,837) width 52: "Vivamus"
      text run at (11,851) width 88: "iaculis. Nullam"
      text run at (11,865) width 24: "est."
      text run at (11,879) width 63: "Maecenas"
      text run at (11,893) width 70: "consequat."
      text run at (11,907) width 66: "Sed id dui."
      text run at (11,921) width 64: "Vivamus a"
      text run at (11,935) width 68: "nisl. Donec"
      text run at (11,949) width 48: "pretium"
      text run at (11,963) width 82: "sapien. Proin"
      text run at (11,977) width 67: "et ligula et"
      text run at (11,991) width 88: "ligula placerat"
      text run at (11,1005) width 54: "pulvinar."
      text run at (11,1019) width 79: "Aliquam erat"
      text run at (11,1033) width 56: "volutpat."
      text run at (11,1047) width 75: "Proin id est."
      text run at (11,1061) width 80: "Suspendisse"
      text run at (11,1075) width 45: "cursus,"
      text run at (11,1089) width 60: "magna at"
      text run at (11,1103) width 58: "hendrerit"
      text run at (11,1117) width 70: "consequat,"
      text run at (11,1131) width 66: "mauris est"
      text run at (11,1145) width 59: "imperdiet"
      text run at (11,1159) width 56: "neque, a"
      text run at (11,1173) width 76: "ultrices arcu"
      text run at (11,1187) width 57: "urna non"
      text run at (11,1201) width 90: "nunc. Quisque"
      text run at (11,1215) width 73: "tellus. Nulla"
      text run at (11,1229) width 70: "nulla justo,"
      text run at (11,1243) width 81: "vehicula nec,"
      text run at (11,1257) width 82: "pellentesque"
      text run at (11,1271) width 83: "eu, iaculis et,"
      text run at (11,1285) width 37: "ligula."
      text run at (11,1299) width 57: "Praesent"
      text run at (11,1313) width 72: "mattis ante"
      text run at (11,1327) width 52: "vel sem."
      text run at (11,1341) width 80: "Suspendisse"
      text run at (11,1355) width 88: "porta rhoncus"
      text run at (11,1369) width 33: "urna."
      text run at (11,1383) width 60: "Phasellus"
      text run at (11,1397) width 90: "felis. Praesent"
      text run at (11,1411) width 43: "viverra"
      text run at (11,1425) width 53: "convallis"
      text run at (11,1439) width 39: "libero."
      text run at (11,1453) width 63: "Maecenas"
      text run at (11,1467) width 72: "non augue."
      text run at (11,1481) width 39: "Donec"
      text run at (11,1495) width 58: "hendrerit"
      text run at (11,1509) width 90: "lectus id enim."
    RenderBR {BR} at (0,0) size 0x0
    RenderBR {BR} at (11,1523) size 0x14
    RenderText {#text} at (11,1537) size 90x504
      text run at (11,1537) width 68: "Nulla ligula"
      text run at (11,1551) width 80: "dui, euismod"
      text run at (11,1565) width 70: "et, sodales"
      text run at (11,1579) width 30: "quis,"
      text run at (11,1593) width 65: "sollicitudin"
      text run at (11,1607) width 74: "quis, elit. In"
      text run at (11,1621) width 86: "adipiscing est"
      text run at (11,1635) width 61: "sed enim."
      text run at (11,1649) width 53: "Fusce at"
      text run at (11,1663) width 76: "massa vitae"
      text run at (11,1677) width 90: "metus semper"
      text run at (11,1691) width 62: "hendrerit."
      text run at (11,1705) width 82: "Integer vitae"
      text run at (11,1719) width 68: "urna. Nulla"
      text run at (11,1733) width 70: "eget ligula."
      text run at (11,1747) width 78: "Etiam libero."
      text run at (11,1761) width 88: "Maecenas nisi"
      text run at (11,1775) width 88: "nibh, convallis"
      text run at (11,1789) width 60: "a, feugiat"
      text run at (11,1803) width 89: "vitae, pulvinar"
      text run at (11,1817) width 39: "et, mi."
      text run at (11,1831) width 90: "Curabitur arcu"
      text run at (11,1845) width 36: "pede,"
      text run at (11,1859) width 62: "adipiscing"
      text run at (11,1873) width 82: "sed, egestas"
      text run at (11,1887) width 90: "nec, commodo"
      text run at (11,1901) width 77: "in, elit. Nulla"
      text run at (11,1915) width 77: "facilisi. Proin"
      text run at (11,1929) width 74: "varius pede"
      text run at (11,1943) width 79: "et dui lacinia"
      text run at (11,1957) width 54: "dapibus."
      text run at (11,1971) width 60: "Morbi nec"
      text run at (11,1985) width 80: "augue. Proin"
      text run at (11,1999) width 59: "imperdiet"
      text run at (11,2013) width 52: "lacus eu"
      text run at (11,2027) width 38: "tellus."
layer at (197,308) size 125x100 clip at (198,309) size 123x85 scrollWidth 420 scrollHeight 174
  RenderBlock {DIV} at (189,300) size 125x100 [color=#DCDCDC] [bgcolor=#718D93] [border: (1px solid #D3D3D3)]
    RenderBlock {DIV} at (1,1) size 420x174
      RenderText {#text} at (10,10) size 398x154
        text run at (10,10) width 392: "Lorem ipsum dolor sit amet, consectetuer adipiscing elit. Morbi"
        text run at (10,24) width 395: "et nisi ut est venenatis viverra. Aenean pede orci, blandit quis,"
        text run at (10,38) width 348: "faucibus quis, egestas ut, mi. Pellentesque enim purus,"
        text run at (10,52) width 397: "venenatis dignissim, tincidunt a, ullamcorper eget, nibh. Nullam"
        text run at (10,66) width 340: "ut sem adipiscing orci vehicula interdum. Proin a enim."
        text run at (10,80) width 377: "Phasellus sollicitudin, magna vitae vestibulum facilisis, tellus"
        text run at (10,94) width 389: "nunc iaculis arcu, in molestie sem velit tempus est. In eleifend"
        text run at (10,108) width 384: "velit at sem adipiscing sodales. Nunc sapien felis, aliquam et,"
        text run at (10,122) width 398: "volutpat rhoncus, condimentum ut, tortor. Integer est. Quisque"
        text run at (10,136) width 377: "viverra. Praesent sed arcu. Maecenas id lorem a leo lobortis"
        text run at (10,150) width 88: "condimentum."
layer at (366,308) size 125x100 clip at (367,309) size 110x85 scrollWidth 420 scrollHeight 440
  RenderBlock {DIV} at (358,300) size 125x100 [color=#DCDCDC] [bgcolor=#718D93] [border: (1px solid #D3D3D3)]
    RenderBlock {DIV} at (1,1) size 420x440
      RenderText {#text} at (10,10) size 398x154
        text run at (10,10) width 392: "Lorem ipsum dolor sit amet, consectetuer adipiscing elit. Morbi"
        text run at (10,24) width 395: "et nisi ut est venenatis viverra. Aenean pede orci, blandit quis,"
        text run at (10,38) width 348: "faucibus quis, egestas ut, mi. Pellentesque enim purus,"
        text run at (10,52) width 397: "venenatis dignissim, tincidunt a, ullamcorper eget, nibh. Nullam"
        text run at (10,66) width 340: "ut sem adipiscing orci vehicula interdum. Proin a enim."
        text run at (10,80) width 377: "Phasellus sollicitudin, magna vitae vestibulum facilisis, tellus"
        text run at (10,94) width 389: "nunc iaculis arcu, in molestie sem velit tempus est. In eleifend"
        text run at (10,108) width 384: "velit at sem adipiscing sodales. Nunc sapien felis, aliquam et,"
        text run at (10,122) width 398: "volutpat rhoncus, condimentum ut, tortor. Integer est. Quisque"
        text run at (10,136) width 377: "viverra. Praesent sed arcu. Maecenas id lorem a leo lobortis"
        text run at (10,150) width 92: "condimentum. "
      RenderBR {BR} at (102,162) size 0x0
      RenderBR {BR} at (10,164) size 0x14
      RenderText {#text} at (10,178) size 399x140
        text run at (10,178) width 363: "Cras commodo rutrum augue. Vivamus iaculis. Nullam est."
        text run at (10,192) width 399: "Maecenas consequat. Sed id dui. Vivamus a nisl. Donec pretium"
        text run at (10,206) width 386: "sapien. Proin et ligula et ligula placerat pulvinar. Aliquam erat"
        text run at (10,220) width 394: "volutpat. Proin id est. Suspendisse cursus, magna at hendrerit"
        text run at (10,234) width 376: "consequat, mauris est imperdiet neque, a ultrices arcu urna"
        text run at (10,248) width 354: "non nunc. Quisque tellus. Nulla nulla justo, vehicula nec,"
        text run at (10,262) width 369: "pellentesque eu, iaculis et, ligula. Praesent mattis ante vel"
        text run at (10,276) width 340: "sem. Suspendisse porta rhoncus urna. Phasellus felis."
        text run at (10,290) width 390: "Praesent viverra convallis libero. Maecenas non augue. Donec"
        text run at (10,304) width 156: "hendrerit lectus id enim. "
      RenderBR {BR} at (166,316) size 0x0
      RenderBR {BR} at (10,318) size 0x14
      RenderText {#text} at (10,332) size 399x98
        text run at (10,332) width 390: "Nulla ligula dui, euismod et, sodales quis, sollicitudin quis, elit."
        text run at (10,346) width 399: "In adipiscing est sed enim. Fusce at massa vitae metus semper"
        text run at (10,360) width 376: "hendrerit. Integer vitae urna. Nulla eget ligula. Etiam libero."
        text run at (10,374) width 380: "Maecenas nisi nibh, convallis a, feugiat vitae, pulvinar et, mi."
        text run at (10,388) width 395: "Curabitur arcu pede, adipiscing sed, egestas nec, commodo in,"
        text run at (10,402) width 396: "elit. Nulla facilisi. Proin varius pede et dui lacinia dapibus. Morbi"
        text run at (10,416) width 267: "nec augue. Proin imperdiet lacus eu tellus."
layer at (535,308) size 125x100 clip at (536,309) size 110x85 scrollWidth 420 scrollHeight 440
  RenderBlock {DIV} at (527,300) size 125x100 [color=#DCDCDC] [bgcolor=#718D93] [border: (1px solid #D3D3D3)]
    RenderBlock {DIV} at (1,1) size 420x440
      RenderText {#text} at (10,10) size 398x154
        text run at (10,10) width 392: "Lorem ipsum dolor sit amet, consectetuer adipiscing elit. Morbi"
        text run at (10,24) width 395: "et nisi ut est venenatis viverra. Aenean pede orci, blandit quis,"
        text run at (10,38) width 348: "faucibus quis, egestas ut, mi. Pellentesque enim purus,"
        text run at (10,52) width 397: "venenatis dignissim, tincidunt a, ullamcorper eget, nibh. Nullam"
        text run at (10,66) width 340: "ut sem adipiscing orci vehicula interdum. Proin a enim."
        text run at (10,80) width 377: "Phasellus sollicitudin, magna vitae vestibulum facilisis, tellus"
        text run at (10,94) width 389: "nunc iaculis arcu, in molestie sem velit tempus est. In eleifend"
        text run at (10,108) width 384: "velit at sem adipiscing sodales. Nunc sapien felis, aliquam et,"
        text run at (10,122) width 398: "volutpat rhoncus, condimentum ut, tortor. Integer est. Quisque"
        text run at (10,136) width 377: "viverra. Praesent sed arcu. Maecenas id lorem a leo lobortis"
        text run at (10,150) width 92: "condimentum. "
      RenderBR {BR} at (102,162) size 0x0
      RenderBR {BR} at (10,164) size 0x14
      RenderText {#text} at (10,178) size 399x140
        text run at (10,178) width 363: "Cras commodo rutrum augue. Vivamus iaculis. Nullam est."
        text run at (10,192) width 399: "Maecenas consequat. Sed id dui. Vivamus a nisl. Donec pretium"
        text run at (10,206) width 386: "sapien. Proin et ligula et ligula placerat pulvinar. Aliquam erat"
        text run at (10,220) width 394: "volutpat. Proin id est. Suspendisse cursus, magna at hendrerit"
        text run at (10,234) width 376: "consequat, mauris est imperdiet neque, a ultrices arcu urna"
        text run at (10,248) width 354: "non nunc. Quisque tellus. Nulla nulla justo, vehicula nec,"
        text run at (10,262) width 369: "pellentesque eu, iaculis et, ligula. Praesent mattis ante vel"
        text run at (10,276) width 340: "sem. Suspendisse porta rhoncus urna. Phasellus felis."
        text run at (10,290) width 390: "Praesent viverra convallis libero. Maecenas non augue. Donec"
        text run at (10,304) width 156: "hendrerit lectus id enim. "
      RenderBR {BR} at (166,316) size 0x0
      RenderBR {BR} at (10,318) size 0x14
      RenderText {#text} at (10,332) size 399x98
        text run at (10,332) width 390: "Nulla ligula dui, euismod et, sodales quis, sollicitudin quis, elit."
        text run at (10,346) width 399: "In adipiscing est sed enim. Fusce at massa vitae metus semper"
        text run at (10,360) width 376: "hendrerit. Integer vitae urna. Nulla eget ligula. Etiam libero."
        text run at (10,374) width 380: "Maecenas nisi nibh, convallis a, feugiat vitae, pulvinar et, mi."
        text run at (10,388) width 395: "Curabitur arcu pede, adipiscing sed, egestas nec, commodo in,"
        text run at (10,402) width 396: "elit. Nulla facilisi. Proin varius pede et dui lacinia dapibus. Morbi"
        text run at (10,416) width 267: "nec augue. Proin imperdiet lacus eu tellus."
layer at (28,448) size 125x100 clip at (29,449) size 110x85 scrollWidth 420 scrollHeight 440
  RenderBlock {DIV} at (20,440) size 125x100 [color=#DCDCDC] [bgcolor=#718D93] [border: (1px solid #D3D3D3)]
    RenderBlock {DIV} at (1,1) size 420x440
      RenderText {#text} at (10,10) size 398x154
        text run at (10,10) width 392: "Lorem ipsum dolor sit amet, consectetuer adipiscing elit. Morbi"
        text run at (10,24) width 395: "et nisi ut est venenatis viverra. Aenean pede orci, blandit quis,"
        text run at (10,38) width 348: "faucibus quis, egestas ut, mi. Pellentesque enim purus,"
        text run at (10,52) width 397: "venenatis dignissim, tincidunt a, ullamcorper eget, nibh. Nullam"
        text run at (10,66) width 340: "ut sem adipiscing orci vehicula interdum. Proin a enim."
        text run at (10,80) width 377: "Phasellus sollicitudin, magna vitae vestibulum facilisis, tellus"
        text run at (10,94) width 389: "nunc iaculis arcu, in molestie sem velit tempus est. In eleifend"
        text run at (10,108) width 384: "velit at sem adipiscing sodales. Nunc sapien felis, aliquam et,"
        text run at (10,122) width 398: "volutpat rhoncus, condimentum ut, tortor. Integer est. Quisque"
        text run at (10,136) width 377: "viverra. Praesent sed arcu. Maecenas id lorem a leo lobortis"
        text run at (10,150) width 92: "condimentum. "
      RenderBR {BR} at (102,162) size 0x0
      RenderBR {BR} at (10,164) size 0x14
      RenderText {#text} at (10,178) size 399x140
        text run at (10,178) width 363: "Cras commodo rutrum augue. Vivamus iaculis. Nullam est."
        text run at (10,192) width 399: "Maecenas consequat. Sed id dui. Vivamus a nisl. Donec pretium"
        text run at (10,206) width 386: "sapien. Proin et ligula et ligula placerat pulvinar. Aliquam erat"
        text run at (10,220) width 394: "volutpat. Proin id est. Suspendisse cursus, magna at hendrerit"
        text run at (10,234) width 376: "consequat, mauris est imperdiet neque, a ultrices arcu urna"
        text run at (10,248) width 354: "non nunc. Quisque tellus. Nulla nulla justo, vehicula nec,"
        text run at (10,262) width 369: "pellentesque eu, iaculis et, ligula. Praesent mattis ante vel"
        text run at (10,276) width 340: "sem. Suspendisse porta rhoncus urna. Phasellus felis."
        text run at (10,290) width 390: "Praesent viverra convallis libero. Maecenas non augue. Donec"
        text run at (10,304) width 156: "hendrerit lectus id enim. "
      RenderBR {BR} at (166,316) size 0x0
      RenderBR {BR} at (10,318) size 0x14
      RenderText {#text} at (10,332) size 399x98
        text run at (10,332) width 390: "Nulla ligula dui, euismod et, sodales quis, sollicitudin quis, elit."
        text run at (10,346) width 399: "In adipiscing est sed enim. Fusce at massa vitae metus semper"
        text run at (10,360) width 376: "hendrerit. Integer vitae urna. Nulla eget ligula. Etiam libero."
        text run at (10,374) width 380: "Maecenas nisi nibh, convallis a, feugiat vitae, pulvinar et, mi."
        text run at (10,388) width 395: "Curabitur arcu pede, adipiscing sed, egestas nec, commodo in,"
        text run at (10,402) width 396: "elit. Nulla facilisi. Proin varius pede et dui lacinia dapibus. Morbi"
        text run at (10,416) width 267: "nec augue. Proin imperdiet lacus eu tellus."
layer at (197,448) size 125x100 clip at (198,449) size 110x85 scrollWidth 420 scrollHeight 440
  RenderBlock {DIV} at (189,440) size 125x100 [color=#DCDCDC] [bgcolor=#718D93] [border: (1px solid #D3D3D3)]
    RenderBlock {DIV} at (1,1) size 420x440
      RenderText {#text} at (10,10) size 398x154
        text run at (10,10) width 392: "Lorem ipsum dolor sit amet, consectetuer adipiscing elit. Morbi"
        text run at (10,24) width 395: "et nisi ut est venenatis viverra. Aenean pede orci, blandit quis,"
        text run at (10,38) width 348: "faucibus quis, egestas ut, mi. Pellentesque enim purus,"
        text run at (10,52) width 397: "venenatis dignissim, tincidunt a, ullamcorper eget, nibh. Nullam"
        text run at (10,66) width 340: "ut sem adipiscing orci vehicula interdum. Proin a enim."
        text run at (10,80) width 377: "Phasellus sollicitudin, magna vitae vestibulum facilisis, tellus"
        text run at (10,94) width 389: "nunc iaculis arcu, in molestie sem velit tempus est. In eleifend"
        text run at (10,108) width 384: "velit at sem adipiscing sodales. Nunc sapien felis, aliquam et,"
        text run at (10,122) width 398: "volutpat rhoncus, condimentum ut, tortor. Integer est. Quisque"
        text run at (10,136) width 377: "viverra. Praesent sed arcu. Maecenas id lorem a leo lobortis"
        text run at (10,150) width 92: "condimentum. "
      RenderBR {BR} at (102,162) size 0x0
      RenderBR {BR} at (10,164) size 0x14
      RenderText {#text} at (10,178) size 399x140
        text run at (10,178) width 363: "Cras commodo rutrum augue. Vivamus iaculis. Nullam est."
        text run at (10,192) width 399: "Maecenas consequat. Sed id dui. Vivamus a nisl. Donec pretium"
        text run at (10,206) width 386: "sapien. Proin et ligula et ligula placerat pulvinar. Aliquam erat"
        text run at (10,220) width 394: "volutpat. Proin id est. Suspendisse cursus, magna at hendrerit"
        text run at (10,234) width 376: "consequat, mauris est imperdiet neque, a ultrices arcu urna"
        text run at (10,248) width 354: "non nunc. Quisque tellus. Nulla nulla justo, vehicula nec,"
        text run at (10,262) width 369: "pellentesque eu, iaculis et, ligula. Praesent mattis ante vel"
        text run at (10,276) width 340: "sem. Suspendisse porta rhoncus urna. Phasellus felis."
        text run at (10,290) width 390: "Praesent viverra convallis libero. Maecenas non augue. Donec"
        text run at (10,304) width 156: "hendrerit lectus id enim. "
      RenderBR {BR} at (166,316) size 0x0
      RenderBR {BR} at (10,318) size 0x14
      RenderText {#text} at (10,332) size 399x98
        text run at (10,332) width 390: "Nulla ligula dui, euismod et, sodales quis, sollicitudin quis, elit."
        text run at (10,346) width 399: "In adipiscing est sed enim. Fusce at massa vitae metus semper"
        text run at (10,360) width 376: "hendrerit. Integer vitae urna. Nulla eget ligula. Etiam libero."
        text run at (10,374) width 380: "Maecenas nisi nibh, convallis a, feugiat vitae, pulvinar et, mi."
        text run at (10,388) width 395: "Curabitur arcu pede, adipiscing sed, egestas nec, commodo in,"
        text run at (10,402) width 396: "elit. Nulla facilisi. Proin varius pede et dui lacinia dapibus. Morbi"
        text run at (10,416) width 267: "nec augue. Proin imperdiet lacus eu tellus."
layer at (366,448) size 125x100 clip at (367,449) size 110x85 scrollWidth 420 scrollHeight 440
  RenderBlock {DIV} at (358,440) size 125x100 [color=#DCDCDC] [bgcolor=#718D93] [border: (1px solid #D3D3D3)]
    RenderBlock {DIV} at (1,1) size 420x440
      RenderText {#text} at (10,10) size 398x154
        text run at (10,10) width 392: "Lorem ipsum dolor sit amet, consectetuer adipiscing elit. Morbi"
        text run at (10,24) width 395: "et nisi ut est venenatis viverra. Aenean pede orci, blandit quis,"
        text run at (10,38) width 348: "faucibus quis, egestas ut, mi. Pellentesque enim purus,"
        text run at (10,52) width 397: "venenatis dignissim, tincidunt a, ullamcorper eget, nibh. Nullam"
        text run at (10,66) width 340: "ut sem adipiscing orci vehicula interdum. Proin a enim."
        text run at (10,80) width 377: "Phasellus sollicitudin, magna vitae vestibulum facilisis, tellus"
        text run at (10,94) width 389: "nunc iaculis arcu, in molestie sem velit tempus est. In eleifend"
        text run at (10,108) width 384: "velit at sem adipiscing sodales. Nunc sapien felis, aliquam et,"
        text run at (10,122) width 398: "volutpat rhoncus, condimentum ut, tortor. Integer est. Quisque"
        text run at (10,136) width 377: "viverra. Praesent sed arcu. Maecenas id lorem a leo lobortis"
        text run at (10,150) width 92: "condimentum. "
      RenderBR {BR} at (102,162) size 0x0
      RenderBR {BR} at (10,164) size 0x14
      RenderText {#text} at (10,178) size 399x140
        text run at (10,178) width 363: "Cras commodo rutrum augue. Vivamus iaculis. Nullam est."
        text run at (10,192) width 399: "Maecenas consequat. Sed id dui. Vivamus a nisl. Donec pretium"
        text run at (10,206) width 386: "sapien. Proin et ligula et ligula placerat pulvinar. Aliquam erat"
        text run at (10,220) width 394: "volutpat. Proin id est. Suspendisse cursus, magna at hendrerit"
        text run at (10,234) width 376: "consequat, mauris est imperdiet neque, a ultrices arcu urna"
        text run at (10,248) width 354: "non nunc. Quisque tellus. Nulla nulla justo, vehicula nec,"
        text run at (10,262) width 369: "pellentesque eu, iaculis et, ligula. Praesent mattis ante vel"
        text run at (10,276) width 340: "sem. Suspendisse porta rhoncus urna. Phasellus felis."
        text run at (10,290) width 390: "Praesent viverra convallis libero. Maecenas non augue. Donec"
        text run at (10,304) width 156: "hendrerit lectus id enim. "
      RenderBR {BR} at (166,316) size 0x0
      RenderBR {BR} at (10,318) size 0x14
      RenderText {#text} at (10,332) size 399x98
        text run at (10,332) width 390: "Nulla ligula dui, euismod et, sodales quis, sollicitudin quis, elit."
        text run at (10,346) width 399: "In adipiscing est sed enim. Fusce at massa vitae metus semper"
        text run at (10,360) width 376: "hendrerit. Integer vitae urna. Nulla eget ligula. Etiam libero."
        text run at (10,374) width 380: "Maecenas nisi nibh, convallis a, feugiat vitae, pulvinar et, mi."
        text run at (10,388) width 395: "Curabitur arcu pede, adipiscing sed, egestas nec, commodo in,"
        text run at (10,402) width 396: "elit. Nulla facilisi. Proin varius pede et dui lacinia dapibus. Morbi"
        text run at (10,416) width 267: "nec augue. Proin imperdiet lacus eu tellus."
