layer at (0,0) size 785x2500
  RenderView at (0,0) size 785x600
layer at (0,0) size 785x2500
  RenderBlock {HTML} at (0,0) size 785x2500
    RenderBody {BODY} at (8,8) size 769x2484
      RenderBlock (anonymous) at (0,0) size 769x20
        RenderText {#text} at (0,0) size 307x19
          text run at (0,0) width 307: "fixed width table with 100px width image in 1st cell"
      RenderTable {TABLE} at (0,20) size 500x110 [bgcolor=#FFA500] [border: (1px outset #808080)]
        RenderTableSection {TBODY} at (1,1) size 498x108
          RenderTableRow {TR} at (0,2) size 498x104
            RenderTableCell {TD} at (2,2) size 104x104 [border: (1px inset #808080)] [r=0 c=0 rs=1 cs=1]
              RenderImage {IMG} at (2,2) size 100x100
            RenderTableCell {TD} at (108,32) size 388x44 [border: (1px inset #808080)] [r=0 c=1 rs=1 cs=1]
              RenderText {#text} at (2,2) size 380x39
                text run at (2,2) width 380: "a bunch of text, a bunch of text, a bunch of text, a bunch of text"
                text run at (2,22) width 380: "a bunch of text, a bunch of text, a bunch of text, a bunch of text"
      RenderBlock (anonymous) at (0,130) size 769x40
        RenderBR {BR} at (0,0) size 0x19
        RenderText {#text} at (0,20) size 301x19
          text run at (0,20) width 301: "fixed width table with 100px width table in 1st cell"
      RenderTable {TABLE} at (0,170) size 500x50 [bgcolor=#FFA500] [border: (1px outset #808080)]
        RenderTableSection {TBODY} at (1,1) size 498x48
          RenderTableRow {TR} at (0,2) size 498x44
            RenderTableCell {TD} at (2,9) size 104x30 [border: (1px inset #808080)] [r=0 c=0 rs=1 cs=1]
              RenderTable {TABLE} at (2,2) size 100x26
                RenderTableSection {TBODY} at (0,0) size 100x26
                  RenderTableRow {TR} at (0,2) size 100x22
                    RenderTableCell {TD} at (2,2) size 96x22 [r=0 c=0 rs=1 cs=1]
                      RenderText {#text} at (1,1) size 20x19
                        text run at (1,1) width 20: "foo"
            RenderTableCell {TD} at (108,2) size 388x44 [border: (1px inset #808080)] [r=0 c=1 rs=1 cs=1]
              RenderText {#text} at (2,2) size 380x39
                text run at (2,2) width 380: "a bunch of text, a bunch of text, a bunch of text, a bunch of text"
                text run at (2,22) width 380: "a bunch of text, a bunch of text, a bunch of text, a bunch of text"
      RenderBlock (anonymous) at (0,220) size 769x40
        RenderBR {BR} at (0,0) size 0x19
        RenderText {#text} at (0,20) size 304x19
          text run at (0,20) width 304: "auto width table with 100px width image in 1st cell"
      RenderTable {TABLE} at (0,260) size 769x110 [bgcolor=#FFA500] [border: (1px outset #808080)]
        RenderTableSection {TBODY} at (1,1) size 767x108
          RenderTableRow {TR} at (0,2) size 767x104
            RenderTableCell {TD} at (2,2) size 104x104 [border: (1px inset #808080)] [r=0 c=0 rs=1 cs=1]
              RenderImage {IMG} at (2,2) size 100x100
            RenderTableCell {TD} at (108,32) size 657x44 [border: (1px inset #808080)] [r=0 c=1 rs=1 cs=1]
              RenderText {#text} at (2,2) size 641x39
                text run at (2,2) width 384: "a bunch of text, a bunch of text, a bunch of text, a bunch of text "
                text run at (386,2) width 257: "a bunch of text, a bunch of text, a bunch of"
                text run at (2,22) width 119: "text, a bunch of text"
      RenderBlock (anonymous) at (0,370) size 769x40
        RenderBR {BR} at (0,0) size 0x19
        RenderText {#text} at (0,20) size 357x19
          text run at (0,20) width 357: "fixed width table with 100px width 1st cell containing image"
      RenderTable {TABLE} at (0,410) size 500x110 [bgcolor=#FFA500] [border: (1px outset #808080)]
        RenderTableSection {TBODY} at (1,1) size 498x108
          RenderTableRow {TR} at (0,2) size 498x104
            RenderTableCell {TD} at (2,2) size 104x104 [border: (1px inset #808080)] [r=0 c=0 rs=1 cs=1]
              RenderImage {IMG} at (2,2) size 100x100
            RenderTableCell {TD} at (108,32) size 388x44 [border: (1px inset #808080)] [r=0 c=1 rs=1 cs=1]
              RenderText {#text} at (2,2) size 380x39
                text run at (2,2) width 380: "a bunch of text, a bunch of text, a bunch of text, a bunch of text"
                text run at (2,22) width 380: "a bunch of text, a bunch of text, a bunch of text, a bunch of text"
      RenderBlock (anonymous) at (0,520) size 769x40
        RenderBR {BR} at (0,0) size 0x19
        RenderText {#text} at (0,20) size 354x19
          text run at (0,20) width 354: "auto width table with 100px width 1st cell containing image"
      RenderTable {TABLE} at (0,560) size 769x110 [bgcolor=#FFA500] [border: (1px outset #808080)]
        RenderTableSection {TBODY} at (1,1) size 767x108
          RenderTableRow {TR} at (0,2) size 767x104
            RenderTableCell {TD} at (2,2) size 104x104 [border: (1px inset #808080)] [r=0 c=0 rs=1 cs=1]
              RenderImage {IMG} at (2,2) size 100x100
            RenderTableCell {TD} at (108,32) size 657x44 [border: (1px inset #808080)] [r=0 c=1 rs=1 cs=1]
              RenderText {#text} at (2,2) size 641x39
                text run at (2,2) width 384: "a bunch of text, a bunch of text, a bunch of text, a bunch of text "
                text run at (386,2) width 257: "a bunch of text, a bunch of text, a bunch of"
                text run at (2,22) width 119: "text, a bunch of text"
      RenderBlock (anonymous) at (0,670) size 769x40
        RenderBR {BR} at (0,0) size 0x19
        RenderText {#text} at (0,20) size 304x19
          text run at (0,20) width 304: "small fixed width table with 100px image in 1st cell"
      RenderTable {TABLE} at (0,710) size 152x630 [bgcolor=#FFA500] [border: (1px outset #808080)]
        RenderTableSection {TBODY} at (1,1) size 150x628
          RenderTableRow {TR} at (0,2) size 150x624
            RenderTableCell {TD} at (2,262) size 104x104 [border: (1px inset #808080)] [r=0 c=0 rs=1 cs=1]
              RenderImage {IMG} at (2,2) size 100x100
            RenderTableCell {TD} at (108,2) size 40x624 [border: (1px inset #808080)] [r=0 c=1 rs=1 cs=1]
              RenderText {#text} at (2,2) size 36x619
                text run at (2,2) width 7: "a"
                text run at (2,22) width 36: "bunch"
                text run at (2,42) width 12: "of"
                text run at (2,62) width 26: "text,"
                text run at (2,82) width 7: "a"
                text run at (2,102) width 36: "bunch"
                text run at (2,122) width 12: "of"
                text run at (2,142) width 26: "text,"
                text run at (2,162) width 7: "a"
                text run at (2,182) width 36: "bunch"
                text run at (2,202) width 12: "of"
                text run at (2,222) width 26: "text,"
                text run at (2,242) width 7: "a"
                text run at (2,262) width 36: "bunch"
                text run at (2,282) width 12: "of"
                text run at (2,302) width 26: "text "
                text run at (28,302) width 7: "a"
                text run at (2,322) width 36: "bunch"
                text run at (2,342) width 12: "of"
                text run at (2,362) width 26: "text,"
                text run at (2,382) width 7: "a"
                text run at (2,402) width 36: "bunch"
                text run at (2,422) width 12: "of"
                text run at (2,442) width 26: "text,"
                text run at (2,462) width 7: "a"
                text run at (2,482) width 36: "bunch"
                text run at (2,502) width 12: "of"
                text run at (2,522) width 26: "text,"
                text run at (2,542) width 7: "a"
                text run at (2,562) width 36: "bunch"
                text run at (2,582) width 12: "of"
                text run at (2,602) width 22: "text"
      RenderBlock (anonymous) at (0,1340) size 769x40
        RenderBR {BR} at (0,0) size 0x19
        RenderText {#text} at (0,20) size 458x19
          text run at (0,20) width 458: "fixed width table with 100px image in 1st cell, 100px 2nd cell containing text"
      RenderTable {TABLE} at (0,1380) size 500x170 [bgcolor=#FFA500] [border: (1px outset #808080)]
        RenderTableSection {TBODY} at (1,1) size 498x168
          RenderTableRow {TR} at (0,2) size 498x164
            RenderTableCell {TD} at (2,32) size 388x104 [border: (1px inset #808080)] [r=0 c=0 rs=1 cs=1]
              RenderImage {IMG} at (2,2) size 100x100
            RenderTableCell {TD} at (392,2) size 104x164 [border: (1px inset #808080)] [r=0 c=1 rs=1 cs=1]
              RenderText {#text} at (2,2) size 100x159
                text run at (2,2) width 93: "a bunch of text,"
                text run at (2,22) width 93: "a bunch of text,"
                text run at (2,42) width 93: "a bunch of text,"
                text run at (2,62) width 93: "a bunch of text "
                text run at (95,62) width 7: "a"
                text run at (2,82) width 93: "bunch of text, a"
                text run at (2,102) width 93: "bunch of text, a"
                text run at (2,122) width 93: "bunch of text, a"
                text run at (2,142) width 78: "bunch of text"
      RenderBlock (anonymous) at (0,1550) size 769x40
        RenderBR {BR} at (0,0) size 0x19
        RenderText {#text} at (0,20) size 731x19
          text run at (0,20) width 731: "auto width table with 100px image in 1st cell, 100px 2nd cell containing text. This differs from Nav4.5 but is similar to IE5"
      RenderTable {TABLE} at (0,1590) size 216x170 [bgcolor=#FFA500] [border: (1px outset #808080)]
        RenderTableSection {TBODY} at (1,1) size 214x168
          RenderTableRow {TR} at (0,2) size 214x164
            RenderTableCell {TD} at (2,32) size 104x104 [border: (1px inset #808080)] [r=0 c=0 rs=1 cs=1]
              RenderImage {IMG} at (2,2) size 100x100
            RenderTableCell {TD} at (108,2) size 104x164 [border: (1px inset #808080)] [r=0 c=1 rs=1 cs=1]
              RenderText {#text} at (2,2) size 100x159
                text run at (2,2) width 93: "a bunch of text,"
                text run at (2,22) width 93: "a bunch of text,"
                text run at (2,42) width 93: "a bunch of text,"
                text run at (2,62) width 93: "a bunch of text "
                text run at (95,62) width 7: "a"
                text run at (2,82) width 93: "bunch of text, a"
                text run at (2,102) width 93: "bunch of text, a"
                text run at (2,122) width 93: "bunch of text, a"
                text run at (2,142) width 78: "bunch of text"
      RenderBlock (anonymous) at (0,1760) size 769x40
        RenderBR {BR} at (0,0) size 0x19
        RenderText {#text} at (0,20) size 499x19
          text run at (0,20) width 499: "Fixed width table with colspan=2 in 1st row, 2nd row containing 100px image, text"
      RenderTable {TABLE} at (0,1800) size 500x136 [bgcolor=#FFA500] [border: (1px outset #808080)]
        RenderTableSection {TBODY} at (1,1) size 498x134
          RenderTableRow {TR} at (0,2) size 498x24
            RenderTableCell {TD} at (2,2) size 494x24 [border: (1px inset #808080)] [r=0 c=0 rs=1 cs=2]
              RenderText {#text} at (2,2) size 348x19
                text run at (2,2) width 348: "hello hello hello hello hello hello hello hello hello hello hello"
          RenderTableRow {TR} at (0,28) size 498x104
            RenderTableCell {TD} at (2,28) size 104x104 [border: (1px inset #808080)] [r=1 c=0 rs=1 cs=1]
              RenderImage {IMG} at (2,2) size 100x100
            RenderTableCell {TD} at (108,58) size 388x44 [border: (1px inset #808080)] [r=1 c=1 rs=1 cs=1]
              RenderText {#text} at (2,2) size 370x39
                text run at (2,2) width 370: "there there there there there there there there there there there"
                text run at (2,22) width 30: "there"
      RenderBlock (anonymous) at (0,1936) size 769x40
        RenderBR {BR} at (0,0) size 0x19
        RenderText {#text} at (0,20) size 495x19
          text run at (0,20) width 495: "Auto width table with colspan=2 in 1st row, 2nd row containing 100px image, text"
      RenderTable {TABLE} at (0,1976) size 520x136 [bgcolor=#FFA500] [border: (1px outset #808080)]
        RenderTableSection {TBODY} at (1,1) size 518x134
          RenderTableRow {TR} at (0,2) size 518x24
            RenderTableCell {TD} at (2,2) size 514x24 [border: (1px inset #808080)] [r=0 c=0 rs=1 cs=2]
              RenderText {#text} at (2,2) size 348x19
                text run at (2,2) width 348: "hello hello hello hello hello hello hello hello hello hello hello"
          RenderTableRow {TR} at (0,28) size 518x104
            RenderTableCell {TD} at (2,28) size 104x104 [border: (1px inset #808080)] [r=1 c=0 rs=1 cs=1]
              RenderImage {IMG} at (2,2) size 100x100
            RenderTableCell {TD} at (108,68) size 408x24 [border: (1px inset #808080)] [r=1 c=1 rs=1 cs=1]
              RenderText {#text} at (2,2) size 404x19
                text run at (2,2) width 404: "there there there there there there there there there there there there"
      RenderBlock (anonymous) at (0,2112) size 769x40
        RenderBR {BR} at (0,0) size 0x19
        RenderText {#text} at (0,20) size 540x19
          text run at (0,20) width 540: "Fixed width table with colspan=2 in 1st row, 2nd row containing 100px image, 100px cell"
      RenderTable {TABLE} at (0,2152) size 500x136 [bgcolor=#FFA500] [border: (1px outset #808080)]
        RenderTableSection {TBODY} at (1,1) size 498x134
          RenderTableRow {TR} at (0,2) size 498x24
            RenderTableCell {TD} at (2,2) size 494x24 [border: (1px inset #808080)] [r=0 c=0 rs=1 cs=2]
              RenderText {#text} at (2,2) size 348x19
                text run at (2,2) width 348: "hello hello hello hello hello hello hello hello hello hello hello"
          RenderTableRow {TR} at (0,28) size 498x104
            RenderTableCell {TD} at (2,28) size 388x104 [border: (1px inset #808080)] [r=1 c=0 rs=1 cs=1]
              RenderImage {IMG} at (2,2) size 100x100
            RenderTableCell {TD} at (392,38) size 104x84 [border: (1px inset #808080)] [r=1 c=1 rs=1 cs=1]
              RenderText {#text} at (2,2) size 98x79
                text run at (2,2) width 98: "there there there"
                text run at (2,22) width 98: "there there there"
                text run at (2,42) width 98: "there there there"
                text run at (2,62) width 98: "there there there"
      RenderBlock (anonymous) at (0,2288) size 769x40
        RenderBR {BR} at (0,0) size 0x19
        RenderText {#text} at (0,20) size 536x19
          text run at (0,20) width 536: "Auto width table with colspan=2 in 1st row, 2nd row containing 100px image, 100px cell"
      RenderTable {TABLE} at (0,2328) size 358x136 [bgcolor=#FFA500] [border: (1px outset #808080)]
        RenderTableSection {TBODY} at (1,1) size 356x134
          RenderTableRow {TR} at (0,2) size 356x24
            RenderTableCell {TD} at (2,2) size 352x24 [border: (1px inset #808080)] [r=0 c=0 rs=1 cs=2]
              RenderText {#text} at (2,2) size 348x19
                text run at (2,2) width 348: "hello hello hello hello hello hello hello hello hello hello hello"
          RenderTableRow {TR} at (0,28) size 356x104
            RenderTableCell {TD} at (2,28) size 246x104 [border: (1px inset #808080)] [r=1 c=0 rs=1 cs=1]
              RenderImage {IMG} at (2,2) size 100x100
            RenderTableCell {TD} at (250,38) size 104x84 [border: (1px inset #808080)] [r=1 c=1 rs=1 cs=1]
              RenderText {#text} at (2,2) size 98x79
                text run at (2,2) width 98: "there there there"
                text run at (2,22) width 98: "there there there"
                text run at (2,42) width 98: "there there there"
                text run at (2,62) width 98: "there there there"
      RenderBlock (anonymous) at (0,2464) size 769x20
        RenderBR {BR} at (0,0) size 0x19
