layer at (0,0) size 992x585
  RenderView at (0,0) size 800x585
layer at (0,0) size 800x585
  RenderBlock {HTML} at (0,0) size 800x585
    RenderBody {BODY} at (8,8) size 784x569
      RenderBlock {DIV} at (0,0) size 784x108 [border: (2px solid #0000FF)]
        RenderBlock (anonymous) at (2,2) size 780x54
          RenderText {#text} at (0,0) size 756x36
            text run at (0,0) width 589: "Resize the window. Red boxes below must not overflow the blue box (or window) from the "
            text run at (588,0) width 168: "left side, though they may"
            text run at (0,18) width 131: "overflow from right."
          RenderBR {BR} at (130,18) size 1x18
          RenderBR {BR} at (0,36) size 0x18
        RenderTable {TABLE} at (2,56) size 982x28 [border: (2px solid #FF0000)]
          RenderTableSection {TBODY} at (2,2) size 978x24
            RenderTableRow {TR} at (0,2) size 978x20
              RenderTableCell {TD} at (2,2) size 974x20 [r=0 c=0 rs=1 cs=1]
                RenderText {#text} at (1,1) size 972x18
                  text run at (1,1) width 488: "Blabla blah. Blabla blah. Blabla blah. Blabla blah. Blabla blah. Blabla blah. "
                  text run at (488,1) width 485: "Blabla blah. Blabla blah. Blabla blah. Blabla blah. Blabla blah. Blabla blah."
        RenderBlock {DIV} at (2,84) size 904x22 [border: (2px solid #FF0000)]
          RenderText {#text} at (2,2) size 484x18
            text run at (2,2) width 484: "Blabla blah. Blabla blah. Blabla blah. Blabla blah. Blabla blah. Blabla blah."
