layer at (0,0) size 800x600
  RenderView at (0,0) size 800x600
layer at (0,0) size 800x136
  RenderBlock {HTML} at (0,0) size 800x136
    RenderBody {BODY} at (8,8) size 784x120
      RenderBlock (anonymous) at (0,0) size 784x20
        RenderText {#text} at (0,0) size 516x19
          text run at (0,0) width 293: "You should see a 100x100 green square below. "
          text run at (293,0) width 223: "If you see any red, the test has failed."
layer at (8,28) size 100x100 scrollWidth 200 scrollHeight 200
  RenderBlock {DIV} at (0,20) size 100x100
    RenderBlock {DIV} at (100,100) size 100x100 [bgcolor=#FF0000]
layer at (150,100) size 100x100
  RenderBlock (positioned) {DIV} at (150,100) size 100x100 [bgcolor=#008000]
