layer at (0,0) size 800x600
  RenderView at (0,0) size 800x600
layer at (0,0) size 800x56
  RenderBlock {HTML} at (0,0) size 800x56
    RenderBody {BODY} at (8,8) size 784x40
      RenderText {#text} at (0,0) size 779x39
        text run at (0,0) width 293: "You should see a 100x100 green square below. "
        text run at (293,0) width 227: "If you see any red, the test has failed. "
        text run at (520,0) width 259: "This test is checking to make sure overflow"
        text run at (0,20) width 81: "is done using "
        text run at (81,20) width 154: "a containing block model."
      RenderText {#text} at (0,0) size 0x0
layer at (8,48) size 100x100 scrollWidth 200 scrollHeight 400
  RenderBlock (positioned) {DIV} at (8,48) size 100x100 [bgcolor=#008000]
    RenderBlock {DIV} at (100,100) size 100x100 [bgcolor=#FF0000]
