layer at (0,0) size 800x600
  RenderView at (0,0) size 800x600
layer at (0,0) size 800x76
  RenderBlock {HTML} at (0,0) size 800x76
    RenderBody {BODY} at (8,8) size 784x60
      RenderText {#text} at (0,0) size 776x59
        text run at (0,0) width 293: "You should see a 100x100 green square below. "
        text run at (293,0) width 347: "If you see nothing at all or see any red, the test has failed. "
        text run at (640,0) width 136: "This test is checking to"
        text run at (0,20) width 204: "make sure overflow is done using "
        text run at (204,20) width 552: "a containing block model, and that a fixed positioned element inside another fixed positioned"
        text run at (0,40) width 213: "element is not considered overflow."
      RenderText {#text} at (0,0) size 0x0
layer at (8,68) size 100x100 scrollWidth 200 scrollHeight 200
  RenderBlock (positioned) {DIV} at (8,68) size 100x100
    RenderBlock {DIV} at (100,100) size 100x100 [bgcolor=#FF0000]
layer at (100,70) size 100x100
  RenderBlock (positioned) {DIV} at (100,70) size 100x100 [bgcolor=#008000]
