layer at (0,0) size 800x600
  RenderView at (0,0) size 800x600
layer at (0,0) size 800x600
  RenderBlock {HTML} at (0,0) size 800x600
    RenderBody {BODY} at (8,8) size 784x584
      RenderText {#text} at (0,0) size 765x39
        text run at (0,0) width 209: "This tests clipping of the outline. "
        text run at (209,0) width 287: "It should not be clipped by the overflow rect. "
        text run at (496,0) width 269: "The inner div has a green outline and a red"
        text run at (0,20) width 44: "border."
      RenderText {#text} at (0,0) size 0x0
layer at (8,48) size 304x204 backgroundClip at (83,48) size 229x204 clip at (83,48) size 229x204
  RenderBlock (positioned) {DIV} at (8,48) size 304x204 [border: (2px solid #0000FF)]
    RenderText {#text} at (2,2) size 99x19
      text run at (2,2) width 99: "text in outer div"
    RenderText {#text} at (0,0) size 0x0
layer at (60,70) size 105x26 backgroundClip at (83,67) size 85x32 clip at (83,73) size 79x20 scrollWidth 104
  RenderBlock (positioned) {DIV} at (52,22) size 105x26 [bgcolor=#EEEEEE] [border: (3px solid #FF0000)]
    RenderText {#text} at (3,3) size 103x19
      text run at (3,3) width 103: "text in inner div "
