layer at (0,0) size 800x600
  RenderView at (0,0) size 800x600
layer at (0,0) size 800x600
  RenderBlock {HTML} at (0,0) size 800x600
    RenderBody {BODY} at (8,8) size 784x584 [bgcolor=#CCCCCC]
      RenderBlock {P} at (0,0) size 784x20 [bgcolor=#008000]
        RenderText {#text} at (0,0) size 363x19
          text run at (0,0) width 363: "The style declarations which apply to the text below are:"
      RenderBlock {PRE} at (0,36) size 784x56
        RenderText {#text} at (0,0) size 289x56
          text run at (0,0) width 219: "P {background-color: green;}"
          text run at (218,0) width 1: " "
          text run at (0,14) width 235: ".one {background-color: lime;}"
          text run at (234,14) width 1: " "
          text run at (0,28) width 289: ".two {background-color: transparent;}"
          text run at (288,28) width 1: " "
          text run at (0,42) width 0: " "
      RenderBlock {HR} at (0,105) size 784x2 [border: (1px inset #000000)]
      RenderBlock {P} at (0,123) size 784x20 [bgcolor=#008000]
        RenderText {#text} at (0,0) size 282x19
          text run at (0,0) width 282: "This element's background should be green."
      RenderBlock {P} at (0,159) size 784x20 [bgcolor=#00FF00]
        RenderText {#text} at (0,0) size 358x19
          text run at (0,0) width 358: "This element's background should be lime (light green)."
      RenderBlock {P} at (0,195) size 784x60 [bgcolor=#008000]
        RenderText {#text} at (0,0) size 663x19
          text run at (0,0) width 663: "This element's background should be green, and the last word in this sentence should also have a green "
        RenderInline {SPAN} at (0,0) size 77x19
          RenderText {#text} at (662,0) size 77x19
            text run at (662,0) width 77: "background"
        RenderText {#text} at (738,0) size 775x59
          text run at (738,0) width 9: ". "
          text run at (746,0) width 29: "This"
          text run at (0,20) width 726: "is because the background color of the parent element (the paragraph) should \"shine through\" the SPANned word"
          text run at (0,40) width 187: "\"sentence,\" which was set to "
        RenderInline {CODE} at (0,0) size 87x14
          RenderText {#text} at (186,45) size 87x14
            text run at (186,45) width 87: "transparent"
        RenderText {#text} at (272,40) size 403x19
          text run at (272,40) width 9: ". "
          text run at (280,40) width 395: "If the document background is visible, the browser is in error."
      RenderBlock {P} at (0,271) size 784x20
        RenderText {#text} at (0,0) size 754x19
          text run at (0,0) width 469: "This element should allow the document background to \"shine through.\" "
          text run at (468,0) width 286: "There should be no green backgrounds here!"
      RenderTable {TABLE} at (0,307) size 784x206 [border: (1px outset #808080)]
        RenderTableSection {TBODY} at (1,1) size 782x204
          RenderTableRow {TR} at (0,0) size 782x28
            RenderTableCell {TD} at (0,0) size 782x28 [bgcolor=#C0C0C0] [border: (1px inset #808080)] [r=0 c=0 rs=1 cs=2]
              RenderInline {STRONG} at (0,0) size 161x19
                RenderText {#text} at (4,4) size 161x19
                  text run at (4,4) width 161: "TABLE Testing Section"
          RenderTableRow {TR} at (0,28) size 782x176
            RenderTableCell {TD} at (0,102) size 12x28 [bgcolor=#C0C0C0] [border: (1px inset #808080)] [r=1 c=0 rs=1 cs=1]
              RenderText {#text} at (4,4) size 4x19
                text run at (4,4) width 4: " "
            RenderTableCell {TD} at (12,28) size 770x176 [border: (1px inset #808080)] [r=1 c=1 rs=1 cs=1]
              RenderBlock {P} at (4,4) size 762x20 [bgcolor=#008000]
                RenderText {#text} at (0,0) size 282x19
                  text run at (0,0) width 282: "This element's background should be green."
              RenderBlock {P} at (4,40) size 762x20 [bgcolor=#00FF00]
                RenderText {#text} at (0,0) size 358x19
                  text run at (0,0) width 358: "This element's background should be lime (light green)."
              RenderBlock {P} at (4,76) size 762x60 [bgcolor=#008000]
                RenderText {#text} at (0,0) size 663x19
                  text run at (0,0) width 663: "This element's background should be green, and the last word in this sentence should also have a green "
                RenderInline {SPAN} at (0,0) size 77x19
                  RenderText {#text} at (662,0) size 77x19
                    text run at (662,0) width 77: "background"
                RenderText {#text} at (738,0) size 758x59
                  text run at (738,0) width 5: "."
                  text run at (0,20) width 758: "This is because the background color of the parent element (the paragraph) should \"shine through\" the SPANned word"
                  text run at (0,40) width 187: "\"sentence,\" which was set to "
                RenderInline {CODE} at (0,0) size 87x14
                  RenderText {#text} at (186,45) size 87x14
                    text run at (186,45) width 87: "transparent"
                RenderText {#text} at (272,40) size 403x19
                  text run at (272,40) width 9: ". "
                  text run at (280,40) width 395: "If the document background is visible, the browser is in error."
              RenderBlock {P} at (4,152) size 762x20
                RenderText {#text} at (0,0) size 754x19
                  text run at (0,0) width 469: "This element should allow the document background to \"shine through.\" "
                  text run at (468,0) width 286: "There should be no green backgrounds here!"
