layer at (0,0) size 800x600
  RenderView at (0,0) size 800x600
layer at (0,0) size 800x149
  RenderBlock {HTML} at (0,0) size 800x149
    RenderBody {BODY} at (8,8) size 784x121
      RenderBlock (anonymous) at (0,0) size 784x100
        RenderText {#text} at (0,0) size 777x39
          text run at (0,0) width 777: "This test checks that the text-overflow: ellipsis property is handled correctly when using an SVG font and having kerning"
          text run at (0,20) width 107: "and ligatures on."
        RenderBR {BR} at (106,20) size 1x19
        RenderBR {BR} at (0,40) size 0x19
        RenderText {#text} at (0,60) size 525x19
          text run at (0,60) width 525: "Pass if some text is shown followed by an ellipsis (NOT just the ellipsis by itself)."
        RenderBR {BR} at (525,60) size 0x19
        RenderBR {BR} at (0,80) size 0x19
layer at (8,108) size 182x21 clip at (9,109) size 180x19 scrollWidth 333
  RenderBlock {DIV} at (0,100) size 182x21 [border: (1px solid #000000)]
    RenderText {#text} at (1,2) size 334x17
      text run at (1,2) width 334: "abc abc abc abc abc abc abc abc abc abc"
