layer at (0,0) size 800x600
  RenderView at (0,0) size 800x600
layer at (0,0) size 800x600
  RenderBlock (relative positioned) {HTML} at (0,0) size 800x600
    RenderBody {BODY} at (8,8) size 784x584
      RenderBlock (anonymous) at (0,0) size 784x20
        RenderText {#text} at (0,0) size 629x19
          text run at (0,0) width 629: "To reproduce this bug outside of DumpRenderTree, click the link below. If broken, we will crash. "
        RenderBR {BR} at (628,15) size 1x0
layer at (8,28) size 59x96
  RenderTable {TABLE} at (0,20) size 60x96
    RenderTableSection {TBODY} at (0,0) size 60x96
      RenderTableRow {TR} at (0,2) size 60x22
        RenderTableCell {TD} at (2,2) size 56x22 [r=0 c=0 rs=1 cs=1]
          RenderInline {A} at (0,0) size 25x19 [color=#0000EE]
            RenderText {#text} at (1,1) size 25x19
              text run at (1,1) width 25: "link"
      RenderTableRow {TR} at (0,26) size 60x68
        RenderTableCell {TD} at (2,26) size 56x68 [r=1 c=0 rs=1 cs=1]
layer at (11,55) size 53x66
  RenderTable {TABLE} at (1,1) size 54x66
    RenderTableSection {TBODY} at (0,0) size 54x66
      RenderTableRow {TR} at (0,2) size 54x62
        RenderTableCell {TD} at (2,2) size 50x62 [r=0 c=0 rs=1 cs=1]
          RenderText {#text} at (1,1) size 48x19
            text run at (1,1) width 48: "content"
          RenderBR {BR} at (48,16) size 1x0
          RenderText {#text} at (1,21) size 48x19
            text run at (1,21) width 48: "content"
          RenderBR {BR} at (48,36) size 1x0
          RenderText {#text} at (1,41) size 48x19
            text run at (1,41) width 48: "content"
          RenderBR {BR} at (48,56) size 1x0
caret: position 5 of child 0 {#text} of body
