layer at (0,0) size 800x600
  RenderView at (0,0) size 800x600
layer at (0,0) size 800x278
  RenderBlock {HTML} at (0,0) size 800x278
    RenderBody {BODY} at (8,16) size 784x254
      RenderBlock {P} at (0,0) size 784x40
        RenderText {#text} at (0,0) size 784x39
          text run at (0,0) width 784: "Test passes if the blue and orange boxes below are the same width, and the blue box is in the upper-left corner of the black"
          text run at (0,20) width 28: "box."
      RenderBlock {DIV} at (0,56) size 198x198 [border: (3px solid #000000)]
        RenderBlock {DIV} at (3,18) size 15x15 [bgcolor=#FFA500]
layer at (11,75) size 15x15
  RenderImage {IMG} at (11,75) size 15x15
