layer at (0,0) size 800x600
  RenderView at (0,0) size 800x600
layer at (0,0) size 800x278
  RenderBlock {HTML} at (0,0) size 800x278
    RenderBody {BODY} at (8,16) size 784x254
      RenderBlock {P} at (0,0) size 784x40
        RenderText {#text} at (0,0) size 754x39
          text run at (0,0) width 754: "Test passes if the blue and orange boxes below are the same width, and the blue box is in the upper-right corner of the"
          text run at (0,20) width 67: "black box."
layer at (8,72) size 198x198
  RenderBlock (relative positioned) {DIV} at (0,56) size 198x198 [border: (3px solid #000000)]
    RenderBlock {DIV} at (180,18) size 15x15 [bgcolor=#FFA500]
layer at (188,75) size 15x15
  RenderImage {IMG} at (180,3) size 15x15
