layer at (0,0) size 800x600
  RenderView at (0,0) size 800x600
layer at (0,0) size 800x164
  RenderBlock {HTML} at (0,0) size 800x164
layer at (8,8) size 784x148
  RenderBody {BODY} at (8,8) size 784x148
    RenderBlock {P} at (0,16) size 784x20
      RenderText {#text} at (0,0) size 309x19
        text run at (0,0) width 309: "Test passes if there is no red visible on the page."
    RenderBlock {DIV} at (0,52) size 784x0 [bgcolor=#FF0000]
      RenderBlock (floating) {DIV} at (0,0) size 96x96
