layer at (0,0) size 800x600
  RenderView at (0,0) size 800x600
layer at (0,0) size 800x190
  RenderBlock {HTML} at (0,0) size 800x190
    RenderBody {BODY} at (8,16) size 784x40
      RenderBlock {P} at (0,0) size 784x40
        RenderText {#text} at (0,0) size 108x19
          text run at (0,0) width 108: "There should be "
        RenderInline {STRONG} at (0,0) size 145x19
          RenderText {#text} at (107,0) size 145x19
            text run at (107,0) width 145: "5 filled green squares"
        RenderText {#text} at (251,0) size 189x19
          text run at (251,0) width 189: " with the same width and the "
        RenderInline {STRONG} at (0,0) size 83x19
          RenderText {#text} at (439,0) size 83x19
            text run at (439,0) width 83: "same height"
        RenderText {#text} at (521,0) size 241x19
          text run at (521,0) width 241: ". The 5 filled green squares should be"
        RenderInline {STRONG} at (0,0) size 59x19
          RenderText {#text} at (0,20) size 59x19
            text run at (0,20) width 59: "identical"
        RenderText {#text} at (58,20) size 455x19
          text run at (58,20) width 455: " to each other. This should still remain true even after a window resize."
      RenderBlock {DIV} at (0,56) size 784x0
        RenderImage {IMG} at (0,0) size 118x118
        RenderImage {IMG} at (117,0) size 6x5
        RenderImage {IMG} at (122,0) size 119x118
        RenderImage {IMG} at (240,0) size 6x5
        RenderImage {IMG} at (245,0) size 118x118
        RenderImage {IMG} at (362,0) size 6x5
        RenderImage {IMG} at (367,0) size 119x118
        RenderImage {IMG} at (485,0) size 6x5
        RenderImage {IMG} at (490,0) size 118x118
