layer at (0,0) size 800x600
  RenderView at (0,0) size 800x600
layer at (8,8) size 150x255 layerType: background only
layer at (6,106) size 154x154
  RenderBlock (positioned) zI: -1 {P} at (6,106) size 154x154 [bgcolor=#FF0000] [border: (2px solid #00FF00)]
    RenderText zI: -1 {#text} at (2,2) size 97x59
      text run at (2,2) width 97: "FAIL (absolute"
      text run at (2,22) width 97: "positioning not"
      text run at (2,42) width 69: "supported)"
layer at (8,8) size 150x255 layerType: foreground only
  RenderBlock {HTML} at (8,8) size 150x255
    RenderBody {BODY} at (0,0) size 150x255
      RenderBlock {P} at (0,0) size 150x100
        RenderText {#text} at (0,0) size 149x99
          text run at (0,0) width 115: "There should be a"
          text run at (0,20) width 125: "green square below"
          text run at (0,40) width 149: "this line, exactly fitting"
          text run at (0,60) width 110: "inside a 2px lime"
          text run at (0,80) width 45: "border."
      RenderBlock {P} at (0,100) size 150x155
        RenderEmbeddedObject {OBJECT} at (0,0) size 300x150
          layer at (0,0) size 300x150
            RenderView at (0,0) size 300x150
          layer at (0,0) size 300x150
            RenderSVGRoot {svg} at (0,0) size 300x150
              RenderSVGRect {rect} at (0,0) size 300x150 [fill={[type=SOLID] [color=#008000]}] [x=0.00] [y=0.00] [width=300.00] [height=200.00]
