layer at (0,0) size 800x600
  RenderView at (0,0) size 800x600
layer at (0,0) size 800x176
  RenderBlock {HTML} at (0,0) size 800x176
    RenderTable {BODY} at (8,8) size 784x160
      RenderTableSection (anonymous) at (0,60) size 784x60
        RenderTableRow (anonymous) at (0,0) size 784x40
          RenderTableCell {DIV} at (0,0) size 784x40 [r=0 c=0 rs=1 cs=1]
            RenderText {#text} at (0,0) size 759x39
              text run at (0,0) width 759: "Test passes if the numbers above are in order from top-to-bottom (1-3) and the number below are in order from top-to-"
              text run at (0,20) width 86: "bottom (4-6)."
        RenderTableRow {DIV} at (0,40) size 784x20 [color=#008000]
          RenderTableCell (anonymous) at (0,40) size 784x20 [r=1 c=0 rs=1 cs=1]
            RenderText {#text} at (0,0) size 182x19
              text run at (0,0) width 182: "4. This line should be green."
      RenderBlock {DIV} at (0,0) size 784x20 [color=#008000]
        RenderText {#text} at (0,0) size 182x19
          text run at (0,0) width 182: "1. This line should be green."
      RenderBlock {DIV} at (0,20) size 784x20 [color=#008000]
        RenderText {#text} at (0,0) size 182x19
          text run at (0,0) width 182: "2. This line should be green."
      RenderTableSection (anonymous) at (0,120) size 784x20
        RenderTableRow {DIV} at (0,0) size 784x20 [color=#008000]
          RenderTableCell (anonymous) at (0,0) size 784x20 [r=0 c=0 rs=1 cs=1]
            RenderText {#text} at (0,0) size 182x19
              text run at (0,0) width 182: "5. This line should be green."
      RenderBlock {DIV} at (0,40) size 784x20 [color=#008000]
        RenderText {#text} at (0,0) size 182x19
          text run at (0,0) width 182: "3. This line should be green."
      RenderTableSection (anonymous) at (0,140) size 784x20
        RenderTableRow {DIV} at (0,0) size 784x20 [color=#008000]
          RenderTableCell (anonymous) at (0,0) size 784x20 [r=0 c=0 rs=1 cs=1]
            RenderText {#text} at (0,0) size 182x19
              text run at (0,0) width 182: "6. This line should be green."
