layer at (0,0) size 800x600
  RenderView at (0,0) size 800x600
layer at (0,0) size 800x431
  RenderBlock {HTML} at (0,0) size 800x431
    RenderBody {BODY} at (8,16) size 784x405
      RenderBlock {P} at (0,0) size 784x20
        RenderText {#text} at (0,0) size 309x19
          text run at (0,0) width 309: "You should not see double text when the div scrolls"
      RenderBlock {DIV} at (10,36) size 302x207 [border: (1px solid #000000)]
        RenderText {#text} at (0,0) size 0x0
layer at (19,53) size 300x200
  RenderVideo {VIDEO} at (1,1) size 300x200
layer at (18,269) size 302x152 clip at (19,270) size 285x150 scrollY 24 scrollHeight 500
  RenderBlock {DIV} at (10,253) size 302x152 [border: (1px solid #000000)]
    RenderBlock {DIV} at (1,1) size 285x500
      RenderText {#text} at (0,6) size 107x36
        text run at (0,6) width 107: "Scrolled"
      RenderBR {BR} at (107,6) size 0x36
      RenderText {#text} at (0,54) size 47x36
        text run at (0,54) width 47: "text"
      RenderBR {BR} at (47,54) size 0x36
      RenderText {#text} at (0,102) size 62x36
        text run at (0,102) width 62: "here."
