layer at (0,0) size 800x600
  RenderView at (0,0) size 800x600
layer at (0,0) size 800x600
  RenderBlock {HTML} at (0,0) size 800x600
    RenderBody {BODY} at (8,8) size 784x584
      RenderBlock {P} at (0,0) size 784x40
        RenderText {#text} at (0,0) size 751x39
          text run at (0,0) width 619: "This tests that line-height adjustments for text autosizing are preserved when anonymous blocks "
          text run at (618,0) width 133: "are destroyed during"
          text run at (0,20) width 124: "incremental layout."
      RenderBlock {DIV} at (0,56) size 600x224
        RenderBlock (anonymous) at (0,0) size 600x96
          RenderText {#text} at (0,1) size 585x94
            text run at (0,1) width 580: "Lorem ipsum dolor sit amet, consectetur adipiscing elit."
            text run at (0,33) width 585: "Maecenas eu nisl leo, vel commodo nibh. Fusce suscipit"
            text run at (0,65) width 535: "arcu eu elit vulputate non hendrerit velit consequat."
        RenderBlock {DIV} at (0,96) size 600x0
        RenderBlock (anonymous) at (0,96) size 600x128
          RenderText {#text} at (0,1) size 578x126
            text run at (0,1) width 578: "Etiam venenatis posuere nisl id sagittis. Fusce tincidunt"
            text run at (0,33) width 545: "velit at sapien porta ornare. Morbi egestas, diam nec"
            text run at (0,65) width 574: "ultricies molestie, est velit ultricies leo, aliquet placerat"
            text run at (0,97) width 203: "justo libero id arcu."
