layer at (0,0) size 800x600
  RenderView at (0,0) size 800x600
layer at (0,0) size 800x600
  RenderBlock {HTML} at (0,0) size 800x600
    RenderBody {BODY} at (8,8) size 784x584
      RenderBlock {P} at (0,0) size 784x20
        RenderText {#text} at (0,0) size 514x19
          text run at (0,0) width 440: "This tests that text autosizing is not applied to editable elements and "
          text run at (439,0) width 75: "documents."
      RenderBlock {DIV} at (0,36) size 600x80
        RenderText {#text} at (0,0) size 595x39
          text run at (0,0) width 591: "Lorem ipsum dolor sit amet, consectetur adipiscing elit. Maecenas eu nisl leo, vel commodo"
          text run at (590,0) width 5: " "
          text run at (0,20) width 460: "nibh. Fusce suscipit arcu eu elit vulputate non hendrerit velit consequat."
        RenderBR {BR} at (459,20) size 1x19
        RenderText {#text} at (0,40) size 600x39
          text run at (0,40) width 579: "Etiam venenatis posuere nisl id sagittis. Fusce tincidunt velit at sapien porta ornare. Morbi"
          text run at (578,40) width 5: " "
          text run at (0,60) width 599: "egestas, diam nec ultricies molestie, est velit ultricies leo, aliquet placerat justo libero id arcu."
          text run at (598,60) width 2: " "
      RenderBlock (anonymous) at (0,116) size 784x154
        RenderIFrame {IFRAME} at (0,0) size 304x154 [border: (2px inset #000000)]
          layer at (0,0) size 608x150
            RenderView at (0,0) size 300x150
          layer at (0,0) size 300x150
            RenderBlock {HTML} at (0,0) size 300x150
              RenderBody {BODY} at (8,8) size 284x134
                RenderBlock {DIV} at (0,0) size 600x80
                  RenderText {#text} at (0,0) size 595x39
                    text run at (0,0) width 591: "Lorem ipsum dolor sit amet, consectetur adipiscing elit. Maecenas eu nisl leo, vel commodo"
                    text run at (590,0) width 5: " "
                    text run at (0,20) width 460: "nibh. Fusce suscipit arcu eu elit vulputate non hendrerit velit consequat."
                  RenderBR {BR} at (459,20) size 1x19
                  RenderText {#text} at (0,40) size 600x39
                    text run at (0,40) width 579: "Etiam venenatis posuere nisl id sagittis. Fusce tincidunt velit at sapien porta ornare. Morbi"
                    text run at (578,40) width 5: " "
                    text run at (0,60) width 599: "egestas, diam nec ultricies molestie, est velit ultricies leo, aliquet placerat justo libero id arcu."
                    text run at (598,60) width 2: "    "
        RenderText {#text} at (0,0) size 0x0
