layer at (0,0) size 800x1572
  RenderView at (0,0) size 800x600
layer at (0,0) size 800x600
  RenderBlock {HTML} at (0,0) size 800x600
    RenderBody {BODY} at (8,10) size 784x580
      RenderBlock {DIV} at (10,0) size 764x124 [border: (2px solid #000000)]
        RenderBlock {P} at (12,28) size 740x80
          RenderInline {B} at (0,0) size 715x39
            RenderText {#text} at (0,0) size 715x39
              text run at (0,0) width 715: "This text shouldn't autosize. Usually this appears to be a designer's fault, when the new text is added, but"
              text run at (0,20) width 585: "block height is not changed. Or an overflow was made intentionally for some purpose."
          RenderText {#text} at (584,20) size 739x59
            text run at (584,20) width 148: " Lorem ipsum dolor sit"
            text run at (0,40) width 739: "amet, consectetuer adipiscing elit, sed diam nonummy nibh euismod tincidunt ut laoreet dolore magna aliquam erat"
            text run at (0,60) width 57: "volutpat."
        RenderBlock {P} at (12,124) size 740x80
          RenderText {#text} at (0,0) size 738x79
            text run at (0,0) width 686: "Ut wisi enim ad minim veniam, quis nostrud exerci tation ullamcorper suscipit lobortis nisl ut aliquip ex ea"
            text run at (0,20) width 720: "commodo consequat. Duis autem vel eum iriure dolor in hendrerit in vulputate velit esse molestie consequat, vel"
            text run at (0,40) width 738: "illum dolore eu feugiat nulla facilisis at vero eros et accumsan et iusto odio dignissim qui blandit praesent luptatum"
            text run at (0,60) width 346: "zzril delenit augue duis dolore te feugait nulla facilisi."
        RenderBlock {DIV} at (22,220) size 720x1342 [border: (2px solid #000000)]
          RenderBlock (anonymous) at (12,12) size 696x40
            RenderInline {B} at (0,0) size 108x19
              RenderText {#text} at (0,0) size 108x19
                text run at (0,0) width 108: "Still should not."
            RenderText {#text} at (107,0) size 696x39
              text run at (107,0) width 589: " Lorem ipsum dolor sit amet, consectetuer adipiscing elit, sed diam nonummy nibh euismod"
              text run at (0,20) width 357: "tincidunt ut laoreet dolore magna aliquam erat volutpat."
          RenderBlock {P} at (12,68) size 696x80
            RenderText {#text} at (0,0) size 686x79
              text run at (0,0) width 686: "Ut wisi enim ad minim veniam, quis nostrud exerci tation ullamcorper suscipit lobortis nisl ut aliquip ex ea"
              text run at (0,20) width 625: "commodo consequat. Duis autem vel eum iriure dolor in hendrerit in vulputate velit esse molestie"
              text run at (0,40) width 667: "consequat, vel illum dolore eu feugiat nulla facilisis at vero eros et accumsan et iusto odio dignissim qui"
              text run at (0,60) width 512: "blandit praesent luptatum zzril delenit augue duis dolore te feugait nulla facilisi."
          RenderBlock {DIV} at (22,164) size 676x1156 [border: (2px solid #000000)]
            RenderBlock (anonymous) at (12,12) size 652x40
              RenderInline {B} at (0,0) size 108x19
                RenderText {#text} at (0,0) size 108x19
                  text run at (0,0) width 108: "Still should not."
              RenderText {#text} at (107,0) size 638x39
                text run at (107,0) width 531: " Lorem ipsum dolor sit amet, consectetuer adipiscing elit, sed diam nonummy nibh"
                text run at (0,20) width 415: "euismod tincidunt ut laoreet dolore magna aliquam erat volutpat."
            RenderBlock {P} at (12,68) size 652x80
              RenderText {#text} at (0,0) size 648x79
                text run at (0,0) width 648: "Ut wisi enim ad minim veniam, quis nostrud exerci tation ullamcorper suscipit lobortis nisl ut aliquip"
                text run at (0,20) width 604: "ex ea commodo consequat. Duis autem vel eum iriure dolor in hendrerit in vulputate velit esse"
                text run at (0,40) width 635: "molestie consequat, vel illum dolore eu feugiat nulla facilisis at vero eros et accumsan et iusto odio"
                text run at (0,60) width 603: "dignissim qui blandit praesent luptatum zzril delenit augue duis dolore te feugait nulla facilisi."
            RenderBlock {DIV} at (22,164) size 632x970 [border: (2px solid #000000)]
              RenderBlock {P} at (12,28) size 608x192
                RenderInline {B} at (0,0) size 542x94
                  RenderText {#text} at (0,1) size 542x94
                    text run at (0,1) width 542: "This text should autoresize. Sometimes content is"
                    text run at (0,33) width 542: "being put in fixed-height (by a mistake) blocks to"
                    text run at (0,65) width 199: "apply some styles."
                RenderText {#text} at (198,65) size 576x126
                  text run at (198,65) width 303: " Lorem ipsum dolor sit amet,"
                  text run at (0,97) width 554: "consectetuer adipiscing elit, sed diam nonummy nibh"
                  text run at (0,129) width 576: "euismod tincidunt ut laoreet dolore magna aliquam erat"
                  text run at (0,161) width 92: "volutpat."
              RenderBlock {P} at (12,236) size 608x256
                RenderText {#text} at (0,1) size 600x254
                  text run at (0,1) width 600: "Ut wisi enim ad minim veniam, quis nostrud exerci tation"
                  text run at (0,33) width 508: "ullamcorper suscipit lobortis nisl ut aliquip ex ea"
                  text run at (0,65) width 588: "commodo consequat. Duis autem vel eum iriure dolor in"
                  text run at (0,97) width 577: "hendrerit in vulputate velit esse molestie consequat, vel"
                  text run at (0,129) width 537: "illum dolore eu feugiat nulla facilisis at vero eros et"
                  text run at (0,161) width 557: "accumsan et iusto odio dignissim qui blandit praesent"
                  text run at (0,193) width 577: "luptatum zzril delenit augue duis dolore te feugait nulla"
                  text run at (0,225) width 78: "facilisi."
              RenderBlock {DIV} at (22,508) size 588x440 [border: (2px solid #000000)]
                RenderBlock (anonymous) at (12,12) size 564x128
                  RenderInline {B} at (0,0) size 166x30
                    RenderText {#text} at (0,1) size 166x30
                      text run at (0,1) width 166: "Should as well."
                  RenderText {#text} at (165,1) size 554x126
                    text run at (165,1) width 303: " Lorem ipsum dolor sit amet,"
                    text run at (0,33) width 554: "consectetuer adipiscing elit, sed diam nonummy nibh"
                    text run at (0,65) width 530: "euismod tincidunt ut laoreet dolore magna aliquam"
                    text run at (0,97) width 138: "erat volutpat."
                RenderBlock {P} at (12,156) size 564x256
                  RenderText {#text} at (0,1) size 564x254
                    text run at (0,1) width 534: "Ut wisi enim ad minim veniam, quis nostrud exerci"
                    text run at (0,33) width 544: "tation ullamcorper suscipit lobortis nisl ut aliquip ex"
                    text run at (0,65) width 529: "ea commodo consequat. Duis autem vel eum iriure"
                    text run at (0,97) width 510: "dolor in hendrerit in vulputate velit esse molestie"
                    text run at (0,129) width 564: "consequat, vel illum dolore eu feugiat nulla facilisis at"
                    text run at (0,161) width 513: "vero eros et accumsan et iusto odio dignissim qui"
                    text run at (0,193) width 513: "blandit praesent luptatum zzril delenit augue duis"
                    text run at (0,225) width 313: "dolore te feugait nulla facilisi."
