layer at (0,0) size 785x1630
  RenderView at (0,0) size 785x600
layer at (0,0) size 785x600
  RenderBlock {HTML} at (0,0) size 785x600
    RenderBody {BODY} at (8,8) size 769x584
layer at (8,8) size 202x1622
  RenderBlock (positioned) {DIV} at (8,8) size 202x1622
    RenderBlock {P} at (0,72) size 202x83
      RenderInline {A} at (0,0) size 166x83 [color=#0000EE]
        RenderText {#text} at (0,0) size 166x83
          text run at (0,0) width 166: "link 1"
    RenderBlock {P} at (0,227) size 202x83
      RenderInline {A} at (0,0) size 166x83 [color=#0000EE]
        RenderText {#text} at (0,0) size 166x83
          text run at (0,0) width 166: "link 2"
    RenderBlock {P} at (0,382) size 202x83
      RenderInline {A} at (0,0) size 166x83 [color=#0000EE]
        RenderText {#text} at (0,0) size 166x83
          text run at (0,0) width 166: "link 3"
    RenderBlock {P} at (0,537) size 202x83
      RenderInline {A} at (0,0) size 166x83 [color=#0000EE]
        RenderText {#text} at (0,0) size 166x83
          text run at (0,0) width 166: "link 4"
    RenderBlock {P} at (0,692) size 202x83
      RenderInline {A} at (0,0) size 166x83 [color=#0000EE]
        RenderText {#text} at (0,0) size 166x83
          text run at (0,0) width 166: "link 5"
    RenderBlock {P} at (0,847) size 202x83
      RenderInline {A} at (0,0) size 166x83 [color=#0000EE]
        RenderText {#text} at (0,0) size 166x83
          text run at (0,0) width 166: "link 6"
    RenderBlock {P} at (0,1002) size 202x83
      RenderInline {A} at (0,0) size 166x83 [color=#0000EE]
        RenderText {#text} at (0,0) size 166x83
          text run at (0,0) width 166: "link 7"
    RenderBlock {P} at (0,1157) size 202x83
      RenderInline {A} at (0,0) size 166x83 [color=#0000EE]
        RenderText {#text} at (0,0) size 166x83
          text run at (0,0) width 166: "link 8"
    RenderBlock {P} at (0,1312) size 202x83
      RenderInline {A} at (0,0) size 166x83 [color=#0000EE]
        RenderText {#text} at (0,0) size 166x83
          text run at (0,0) width 166: "link 9"
    RenderBlock {P} at (0,1467) size 202x83
      RenderInline {A} at (0,0) size 202x83 [color=#0000EE]
        RenderText {#text} at (0,0) size 202x83
          text run at (0,0) width 202: "link 10"
