CONSOLE MESSAGE: Error: Invalid negative value for <svg> attribute width="-100"
layer at (0,0) size 800x600
  RenderView at (0,0) size 800x600
layer at (0,0) size 800x100
  RenderBlock {html} at (0,0) size 800x100
    RenderBody {body} at (8,8) size 784x76
      RenderBlock (anonymous) at (0,0) size 784x24
        RenderText {#text} at (0,0) size 0x0
      RenderBlock {p} at (0,40) size 784x36 [color=#008000]
        RenderText {#text} at (0,0) size 760x36
          text run at (0,0) width 420: "This line should be green, the word \"FAIL\" should not appear on "
          text run at (419,0) width 341: "this page, but a highly perceivable indication of error"
          text run at (0,18) width 66: "should be "
          text run at (65,18) width 128: "present somewhere."
layer at (8,8) size 300x20
  RenderSVGRoot {svg} at (0,0) size 300x20
layer at (8,8) size 300x20
  RenderSVGViewportContainer at (0,0) size 300x20
