layer at (0,0) size 800x600
  RenderView at (0,0) size 800x600
layer at (0,0) size 800x600
  RenderBlock {HTML} at (0,0) size 800x600
    RenderBody {BODY} at (8,8) size 784x584
      RenderText {#text} at (0,0) size 231x19
        text run at (0,0) width 231: "The following divs should be identical: "
      RenderBR {BR} at (0,0) size 0x0
      RenderBlock (floating) {DIV} at (5,25) size 110x110 [bgcolor=#87CEEB] [border: (5px solid #000000)]
      RenderText {#text} at (0,0) size 0x0
      RenderText {#text} at (0,0) size 0x0
layer at (133,33) size 110x110
  RenderBlock (floating) {DIV} at (125,25) size 110x110 [bgcolor=#87CEEB] [border: (5px solid #000000)]
