layer at (0,0) size 800x600
  RenderView at (0,0) size 800x600
layer at (0,0) size 800x158
  RenderBlock {HTML} at (0,0) size 800x158
    RenderBody {BODY} at (8,16) size 784x134
      RenderBlock {P} at (0,0) size 784x20
        RenderText {#text} at (0,0) size 347x19
          text run at (0,0) width 347: "All of the table rows and cells below should be rotated."
      RenderTable {TABLE} at (0,36) size 197x98
        RenderTableSection {TBODY} at (0,0) size 197x98
          RenderTableRow {TR} at (0,50) size 197x22
          RenderTableRow {TR} at (0,74) size 197x22
layer at (8,54) size 197x22
  RenderTableRow {TR} at (0,2) size 197x22
    RenderTableCell {TD} at (2,2) size 193x22 [r=0 c=0 rs=1 cs=1]
      RenderText {#text} at (1,1) size 109x19
        text run at (1,1) width 109: "Transformed row"
layer at (8,78) size 197x22
  RenderTableRow {TR} at (0,26) size 197x22
    RenderTableCell {TD} at (2,26) size 193x22 [r=1 c=0 rs=1 cs=1]
      RenderText {#text} at (1,1) size 191x19
        text run at (1,1) width 191: "Transformed row with opacity"
layer at (10,102) size 193x22
  RenderTableCell {TD} at (2,50) size 193x22 [r=2 c=0 rs=1 cs=1]
    RenderText {#text} at (1,1) size 106x19
      text run at (1,1) width 106: "Transformed cell"
layer at (10,126) size 193x22
  RenderTableCell {TD} at (2,74) size 193x22 [r=3 c=0 rs=1 cs=1]
    RenderText {#text} at (1,1) size 188x19
      text run at (1,1) width 188: "Transformed cell with opacity"
