layer at (0,0) size 785x11363
  RenderView at (0,0) size 785x600
layer at (0,0) size 785x11363
  RenderBlock {HTML} at (0,0) size 785x11364
    RenderBody {BODY} at (8,8) size 769x11348
      RenderTable {TABLE} at (0,0) size 731x11348 [border: (1px outset #808080)]
        RenderTableSection {TBODY} at (1,1) size 729x11346
          RenderTableRow {TR} at (0,2) size 729x11342
            RenderTableCell {TD} at (2,2) size 12x22 [border: (1px inset #808080)] [r=0 c=0 rs=1 cs=1]
              RenderText {#text} at (2,2) size 8x18
                text run at (2,2) width 8: "x"
            RenderTableCell {TD} at (16,2) size 711x11342 [border: (1px inset #808080)] [r=0 c=1 rs=1 cs=1]
              RenderBlock (anonymous) at (2,2) size 707x0
                RenderInline {FONT} at (0,0) size 0x0
                  RenderText {#text} at (0,0) size 0x0
              RenderBlock (anonymous) at (2,2) size 707x53
                RenderTable {TABLE} at (0,0) size 567x53 [border: (1px outset #808080)]
                  RenderTableSection {TBODY} at (1,1) size 565x51
                    RenderTableRow {TR} at (0,2) size 565x23
                      RenderTableCell {TD} at (2,2) size 112x23 [border: (1px inset #808080)] [r=0 c=0 rs=1 cs=1]
                        RenderText {#text} at (2,2) size 5x19
                          text run at (2,2) width 5: " "
                      RenderTableCell {TD} at (115,2) size 448x4 [border: (1px inset #808080)] [r=0 c=1 rs=1 cs=1]
                    RenderTableRow {TR} at (0,26) size 565x23
                      RenderTableCell {TD} at (2,26) size 112x23 [border: (1px inset #808080)] [r=1 c=0 rs=1 cs=1]
                        RenderText {#text} at (2,2) size 108x19
                          text run at (2,2) width 108: "Search again..."
              RenderBlock (anonymous) at (2,54) size 707x16
                RenderInline {FONT} at (0,0) size 707x15
                  RenderText {#text} at (0,0) size 707x15
                    text run at (0,0) width 327: "This text node only exists once in the original document! "
                    text run at (326,0) width 305: "If it were a large collection of inlines, the page would "
                    text run at (630,0) width 77: "hang forever."
                  RenderInline {A} at (706,0) size 0x15
              RenderBlock (anonymous) at (2,85) size 707x11255
                RenderBlock {H2} at (0,0) size 707x23
                  RenderInline {A} at (0,0) size 164x23
                    RenderText {#text} at (0,0) size 164x23
                      text run at (0,0) width 164: "Table of Contents"
                RenderBlock {P} at (0,38) size 707x151
                  RenderInline {B} at (0,0) size 76x15
                    RenderInline {A} at (0,0) size 76x15 [color=#0000EE]
                      RenderText {#text} at (0,0) size 76x15
                        text run at (0,0) width 76: "Introduction"
                  RenderBR {BR} at (75,0) size 1x15
                  RenderBR {BR} at (0,15) size 0x15
                  RenderInline {A} at (0,30) size 159x15 [color=#0000EE]
                    RenderText {#text} at (0,30) size 159x15
                      text run at (0,30) width 159: "Who Should Use This Book"
                  RenderText {#text} at (0,0) size 0x0
                  RenderBR {BR} at (158,30) size 1x15
                  RenderInline {A} at (0,45) size 132x15 [color=#0000EE]
                    RenderText {#text} at (0,45) size 132x15
                      text run at (0,45) width 132: "How To Use This Book"
                  RenderText {#text} at (0,0) size 0x0
                  RenderBR {BR} at (131,45) size 1x15
                  RenderInline {A} at (0,60) size 165x15 [color=#0000EE]
                    RenderText {#text} at (0,60) size 165x15
                      text run at (0,60) width 165: "How This Book is Structured"
                  RenderText {#text} at (0,0) size 0x0
                  RenderBR {BR} at (164,60) size 1x15
                  RenderInline {A} at (0,74) size 200x16 [color=#0000EE]
                    RenderText {#text} at (0,74) size 200x16
                      text run at (0,74) width 200: "How to Read the Syntax Diagrams"
                  RenderText {#text} at (0,0) size 0x0
                  RenderBR {BR} at (199,74) size 1x16
                  RenderInline {A} at (0,89) size 195x16 [color=#0000EE]
                    RenderText {#text} at (0,89) size 195x16
                      text run at (0,89) width 195: "Conventions Used in This Manual"
                  RenderText {#text} at (0,0) size 0x0
                  RenderBR {BR} at (194,89) size 1x16
                  RenderInline {A} at (0,104) size 94x16 [color=#0000EE]
                    RenderText {#text} at (0,104) size 94x16
                      text run at (0,104) width 94: "Error Conditions"
                  RenderText {#text} at (0,0) size 0x0
                  RenderBR {BR} at (93,104) size 1x16
                  RenderInline {A} at (0,119) size 144x16 [color=#0000EE]
                    RenderText {#text} at (0,119) size 144x16
                      text run at (0,119) width 144: "Highlighting Conventions"
                  RenderText {#text} at (0,0) size 0x0
                  RenderBR {BR} at (143,119) size 1x16
                  RenderInline {A} at (0,134) size 217x16 [color=#0000EE]
                    RenderText {#text} at (0,134) size 217x16
                      text run at (0,134) width 217: "Related Documentation for This Book"
                  RenderText {#text} at (0,0) size 0x0
                RenderBlock {P} at (0,201) size 707x987
                  RenderInline {B} at (0,0) size 60x15
                    RenderInline {A} at (0,0) size 60x15 [color=#0000EE]
                      RenderText {#text} at (0,0) size 60x15
                        text run at (0,0) width 60: "Concepts"
                  RenderBR {BR} at (59,0) size 1x15
                  RenderBR {BR} at (0,15) size 0x15
                  RenderInline {A} at (0,30) size 118x15 [color=#0000EE]
                    RenderText {#text} at (0,30) size 118x15
                      text run at (0,30) width 118: "Relational Database"
                  RenderText {#text} at (0,0) size 0x0
                  RenderBR {BR} at (117,30) size 1x15
                  RenderInline {A} at (0,45) size 199x15 [color=#0000EE]
                    RenderText {#text} at (0,45) size 199x15
                      text run at (0,45) width 199: "Structured Query Language (SQL)"
                  RenderText {#text} at (0,0) size 0x0
                  RenderBR {BR} at (198,45) size 1x15
                  RenderInline {A} at (0,60) size 93x15 [color=#0000EE]
                    RenderText {#text} at (0,60) size 93x15
                      text run at (0,60) width 93: "Embedded SQL"
                  RenderText {#text} at (0,0) size 0x0
                  RenderBR {BR} at (92,60) size 1x15
                  RenderInline {A} at (0,74) size 63x16 [color=#0000EE]
                    RenderText {#text} at (0,74) size 63x16
                      text run at (0,74) width 63: "Static SQL"
                  RenderText {#text} at (0,0) size 0x0
                  RenderBR {BR} at (62,74) size 1x16
                  RenderInline {A} at (0,89) size 81x16 [color=#0000EE]
                    RenderText {#text} at (0,89) size 81x16
                      text run at (0,89) width 81: "Dynamic SQL"
                  RenderText {#text} at (0,0) size 0x0
                  RenderBR {BR} at (80,89) size 1x16
                  RenderInline {A} at (0,104) size 404x16 [color=#0000EE]
                    RenderText {#text} at (0,104) size 404x16
                      text run at (0,104) width 404: "DB2 Call Level Interface (CLI) & Open Database Connectivity (ODBC)"
                  RenderText {#text} at (0,0) size 0x0
                  RenderBR {BR} at (403,104) size 1x16
                  RenderInline {A} at (0,119) size 483x16 [color=#0000EE]
                    RenderText {#text} at (0,119) size 483x16
                      text run at (0,119) width 483: "Java Database Connectivity (JDBC) and Embedded SQL for Java (SQLJ) Programs"
                  RenderText {#text} at (0,0) size 0x0
                  RenderBR {BR} at (482,119) size 1x16
                  RenderInline {A} at (0,134) size 90x16 [color=#0000EE]
                    RenderText {#text} at (0,134) size 90x16
                      text run at (0,134) width 90: "Interactive SQL"
                  RenderText {#text} at (0,0) size 0x0
                  RenderBR {BR} at (89,134) size 1x16
                  RenderInline {A} at (0,149) size 55x16 [color=#0000EE]
                    RenderText {#text} at (0,149) size 55x16
                      text run at (0,149) width 55: "Schemas"
                  RenderText {#text} at (0,0) size 0x0
                  RenderBR {BR} at (54,149) size 1x16
                  RenderInline {A} at (0,164) size 162x16 [color=#0000EE]
                    RenderText {#text} at (0,164) size 162x16
                      text run at (0,164) width 162: "Controlling Use of Schemas"
                  RenderText {#text} at (0,0) size 0x0
                  RenderBR {BR} at (161,164) size 1x16
                  RenderInline {A} at (0,179) size 38x16 [color=#0000EE]
                    RenderText {#text} at (0,179) size 38x16
                      text run at (0,179) width 38: "Tables"
                  RenderText {#text} at (0,0) size 0x0
                  RenderBR {BR} at (37,179) size 1x16
                  RenderInline {A} at (0,194) size 35x16 [color=#0000EE]
                    RenderText {#text} at (0,194) size 35x16
                      text run at (0,194) width 35: "Views"
                  RenderText {#text} at (0,0) size 0x0
                  RenderBR {BR} at (34,194) size 1x16
                  RenderInline {A} at (0,209) size 42x16 [color=#0000EE]
                    RenderText {#text} at (0,209) size 42x16
                      text run at (0,209) width 42: "Aliases"
                  RenderText {#text} at (0,0) size 0x0
                  RenderBR {BR} at (41,209) size 1x16
                  RenderInline {A} at (0,224) size 46x15 [color=#0000EE]
                    RenderText {#text} at (0,224) size 46x15
                      text run at (0,224) width 46: "Indexes"
                  RenderText {#text} at (0,0) size 0x0
                  RenderBR {BR} at (45,224) size 1x15
                  RenderInline {A} at (0,239) size 29x15 [color=#0000EE]
                    RenderText {#text} at (0,239) size 29x15
                      text run at (0,239) width 29: "Keys"
                  RenderText {#text} at (0,0) size 0x0
                  RenderBR {BR} at (28,239) size 1x15
                  RenderInline {A} at (0,254) size 74x15 [color=#0000EE]
                    RenderText {#text} at (0,254) size 74x15
                      text run at (0,254) width 74: "Unique Keys"
                  RenderText {#text} at (0,0) size 0x0
                  RenderBR {BR} at (73,254) size 1x15
                  RenderInline {A} at (0,269) size 78x15 [color=#0000EE]
                    RenderText {#text} at (0,269) size 78x15
                      text run at (0,269) width 78: "Primary Keys"
                  RenderText {#text} at (0,0) size 0x0
                  RenderBR {BR} at (77,269) size 1x15
                  RenderInline {A} at (0,284) size 77x15 [color=#0000EE]
                    RenderText {#text} at (0,284) size 77x15
                      text run at (0,284) width 77: "Foreign Keys"
                  RenderText {#text} at (0,0) size 0x0
                  RenderBR {BR} at (76,284) size 1x15
                  RenderInline {A} at (0,299) size 98x15 [color=#0000EE]
                    RenderText {#text} at (0,299) size 98x15
                      text run at (0,299) width 98: "Partitioning Keys"
                  RenderText {#text} at (0,0) size 0x0
                  RenderBR {BR} at (97,299) size 1x15
                  RenderInline {A} at (0,314) size 66x15 [color=#0000EE]
                    RenderText {#text} at (0,314) size 66x15
                      text run at (0,314) width 66: "Constraints"
                  RenderText {#text} at (0,0) size 0x0
                  RenderBR {BR} at (65,314) size 1x15
                  RenderInline {A} at (0,329) size 111x15 [color=#0000EE]
                    RenderText {#text} at (0,329) size 111x15
                      text run at (0,329) width 111: "Unique Constraints"
                  RenderText {#text} at (0,0) size 0x0
                  RenderBR {BR} at (110,329) size 1x15
                  RenderInline {A} at (0,344) size 133x15 [color=#0000EE]
                    RenderText {#text} at (0,344) size 133x15
                      text run at (0,344) width 133: "Referential Constraints"
                  RenderText {#text} at (0,0) size 0x0
                  RenderBR {BR} at (132,344) size 1x15
                  RenderInline {A} at (0,358) size 141x16 [color=#0000EE]
                    RenderText {#text} at (0,358) size 141x16
                      text run at (0,358) width 141: "Table Check Constraints"
                  RenderText {#text} at (0,0) size 0x0
                  RenderBR {BR} at (140,358) size 1x16
                  RenderInline {A} at (0,373) size 48x16 [color=#0000EE]
                    RenderText {#text} at (0,373) size 48x16
                      text run at (0,373) width 48: "Triggers"
                  RenderText {#text} at (0,0) size 0x0
                  RenderBR {BR} at (47,373) size 1x16
                  RenderInline {A} at (0,388) size 87x16 [color=#0000EE]
                    RenderText {#text} at (0,388) size 87x16
                      text run at (0,388) width 87: "Event Monitors"
                  RenderText {#text} at (0,0) size 0x0
                  RenderBR {BR} at (86,388) size 1x16
                  RenderInline {A} at (0,403) size 46x16 [color=#0000EE]
                    RenderText {#text} at (0,403) size 46x16
                      text run at (0,403) width 46: "Queries"
                  RenderText {#text} at (0,0) size 0x0
                  RenderBR {BR} at (45,403) size 1x16
                  RenderInline {A} at (0,418) size 106x16 [color=#0000EE]
                    RenderText {#text} at (0,418) size 106x16
                      text run at (0,418) width 106: "Table Expressions"
                  RenderText {#text} at (0,0) size 0x0
                  RenderBR {BR} at (105,418) size 1x16
                  RenderInline {A} at (0,433) size 162x16 [color=#0000EE]
                    RenderText {#text} at (0,433) size 162x16
                      text run at (0,433) width 162: "Common Table Expressions"
                  RenderText {#text} at (0,0) size 0x0
                  RenderBR {BR} at (161,433) size 1x16
                  RenderInline {A} at (0,448) size 58x16 [color=#0000EE]
                    RenderText {#text} at (0,448) size 58x16
                      text run at (0,448) width 58: "Packages"
                  RenderText {#text} at (0,0) size 0x0
                  RenderBR {BR} at (57,448) size 1x16
                  RenderInline {A} at (0,463) size 83x16 [color=#0000EE]
                    RenderText {#text} at (0,463) size 83x16
                      text run at (0,463) width 83: "Catalog Views"
                  RenderText {#text} at (0,0) size 0x0
                  RenderBR {BR} at (82,463) size 1x16
                  RenderInline {A} at (0,478) size 296x16 [color=#0000EE]
                    RenderText {#text} at (0,478) size 296x16
                      text run at (0,478) width 296: "Application Processes, Concurrency, and Recovery"
                  RenderText {#text} at (0,0) size 0x0
                  RenderBR {BR} at (295,478) size 1x16
                  RenderInline {A} at (0,493) size 84x16 [color=#0000EE]
                    RenderText {#text} at (0,493) size 84x16
                      text run at (0,493) width 84: "Isolation Level"
                  RenderText {#text} at (0,0) size 0x0
                  RenderBR {BR} at (83,493) size 1x16
                  RenderInline {A} at (0,508) size 133x15 [color=#0000EE]
                    RenderText {#text} at (0,508) size 133x15
                      text run at (0,508) width 133: "Repeatable Read (RR)"
                  RenderText {#text} at (0,0) size 0x0
                  RenderBR {BR} at (132,508) size 1x15
                  RenderInline {A} at (0,523) size 111x15 [color=#0000EE]
                    RenderText {#text} at (0,523) size 111x15
                      text run at (0,523) width 111: "Read Stability (RS)"
                  RenderText {#text} at (0,0) size 0x0
                  RenderBR {BR} at (110,523) size 1x15
                  RenderInline {A} at (0,538) size 119x15 [color=#0000EE]
                    RenderText {#text} at (0,538) size 119x15
                      text run at (0,538) width 119: "Cursor Stability (CS)"
                  RenderText {#text} at (0,0) size 0x0
                  RenderBR {BR} at (118,538) size 1x15
                  RenderInline {A} at (0,553) size 143x15 [color=#0000EE]
                    RenderText {#text} at (0,553) size 143x15
                      text run at (0,553) width 143: "Uncommitted Read (UR)"
                  RenderText {#text} at (0,0) size 0x0
                  RenderBR {BR} at (142,553) size 1x15
                  RenderInline {A} at (0,568) size 178x15 [color=#0000EE]
                    RenderText {#text} at (0,568) size 178x15
                      text run at (0,568) width 178: "Comparison of Isolation Levels"
                  RenderText {#text} at (0,0) size 0x0
                  RenderBR {BR} at (177,568) size 1x15
                  RenderInline {A} at (0,583) size 183x15 [color=#0000EE]
                    RenderText {#text} at (0,583) size 183x15
                      text run at (0,583) width 183: "Distributed Relational Database"
                  RenderText {#text} at (0,0) size 0x0
                  RenderBR {BR} at (182,583) size 1x15
                  RenderInline {A} at (0,598) size 112x15 [color=#0000EE]
                    RenderText {#text} at (0,598) size 112x15
                      text run at (0,598) width 112: "Application Servers"
                  RenderText {#text} at (0,0) size 0x0
                  RenderBR {BR} at (111,598) size 1x15
                  RenderInline {A} at (0,613) size 260x15 [color=#0000EE]
                    RenderText {#text} at (0,613) size 260x15
                      text run at (0,613) width 260: "CONNECT (Type 1) and CONNECT (Type 2)"
                  RenderText {#text} at (0,0) size 0x0
                  RenderBR {BR} at (259,613) size 1x15
                  RenderInline {A} at (0,628) size 121x15 [color=#0000EE]
                    RenderText {#text} at (0,628) size 121x15
                      text run at (0,628) width 121: "Remote Unit of Work"
                  RenderText {#text} at (0,0) size 0x0
                  RenderBR {BR} at (120,628) size 1x15
                  RenderInline {A} at (0,643) size 257x15 [color=#0000EE]
                    RenderText {#text} at (0,643) size 257x15
                      text run at (0,643) width 257: "Application-Directed Distributed Unit of Work"
                  RenderText {#text} at (0,0) size 0x0
                  RenderBR {BR} at (256,643) size 1x15
                  RenderInline {A} at (0,657) size 210x16 [color=#0000EE]
                    RenderText {#text} at (0,657) size 210x16
                      text run at (0,657) width 210: "Data Representation Considerations"
                  RenderText {#text} at (0,0) size 0x0
                  RenderBR {BR} at (209,657) size 1x16
                  RenderInline {A} at (0,672) size 142x16 [color=#0000EE]
                    RenderText {#text} at (0,672) size 142x16
                      text run at (0,672) width 142: "DB2 Federated Systems"
                  RenderText {#text} at (0,0) size 0x0
                  RenderBR {BR} at (141,672) size 1x16
                  RenderInline {A} at (0,687) size 364x16 [color=#0000EE]
                    RenderText {#text} at (0,687) size 364x16
                      text run at (0,687) width 364: "The Federated Server, Federated Database, and Data Sources"
                  RenderText {#text} at (0,0) size 0x0
                  RenderBR {BR} at (363,687) size 1x16
                  RenderInline {A} at (0,702) size 261x16 [color=#0000EE]
                    RenderText {#text} at (0,702) size 261x16
                      text run at (0,702) width 261: "Tasks to Perform in a DB2 Federated System"
                  RenderText {#text} at (0,0) size 0x0
                  RenderBR {BR} at (260,702) size 1x16
                  RenderInline {A} at (0,717) size 188x16 [color=#0000EE]
                    RenderText {#text} at (0,717) size 188x16
                      text run at (0,717) width 188: "Wrappers and Wrapper Modules"
                  RenderText {#text} at (0,0) size 0x0
                  RenderBR {BR} at (187,717) size 1x16
                  RenderInline {A} at (0,732) size 219x16 [color=#0000EE]
                    RenderText {#text} at (0,732) size 219x16
                      text run at (0,732) width 219: "Server Definitions and Server Options"
                  RenderText {#text} at (0,0) size 0x0
                  RenderBR {BR} at (218,732) size 1x16
                  RenderInline {A} at (0,747) size 193x16 [color=#0000EE]
                    RenderText {#text} at (0,747) size 193x16
                      text run at (0,747) width 193: "User Mappings and User Options"
                  RenderText {#text} at (0,0) size 0x0
                  RenderBR {BR} at (192,747) size 1x16
                  RenderInline {A} at (0,762) size 120x16 [color=#0000EE]
                    RenderText {#text} at (0,762) size 120x16
                      text run at (0,762) width 120: "Data Type Mappings"
                  RenderText {#text} at (0,0) size 0x0
                  RenderBR {BR} at (119,762) size 1x16
                  RenderInline {A} at (0,777) size 415x16 [color=#0000EE]
                    RenderText {#text} at (0,777) size 415x16
                      text run at (0,777) width 415: "Function Mappings, Function Templates, and Function Mapping Options"
                  RenderText {#text} at (0,0) size 0x0
                  RenderBR {BR} at (414,777) size 1x16
                  RenderInline {A} at (0,792) size 187x16 [color=#0000EE]
                    RenderText {#text} at (0,792) size 187x16
                      text run at (0,792) width 187: "Nicknames and Column Options"
                  RenderText {#text} at (0,0) size 0x0
                  RenderBR {BR} at (186,792) size 1x16
                  RenderInline {A} at (0,807) size 116x15 [color=#0000EE]
                    RenderText {#text} at (0,807) size 116x15
                      text run at (0,807) width 116: "Index Specifications"
                  RenderText {#text} at (0,0) size 0x0
                  RenderBR {BR} at (115,807) size 1x15
                  RenderInline {A} at (0,822) size 121x15 [color=#0000EE]
                    RenderText {#text} at (0,822) size 121x15
                      text run at (0,822) width 121: "Distributed Requests"
                  RenderText {#text} at (0,0) size 0x0
                  RenderBR {BR} at (120,822) size 1x15
                  RenderInline {A} at (0,837) size 84x15 [color=#0000EE]
                    RenderText {#text} at (0,837) size 84x15
                      text run at (0,837) width 84: "Compensation"
                  RenderText {#text} at (0,0) size 0x0
                  RenderBR {BR} at (83,837) size 1x15
                  RenderInline {A} at (0,852) size 82x15 [color=#0000EE]
                    RenderText {#text} at (0,852) size 82x15
                      text run at (0,852) width 82: "Pass-Through"
                  RenderText {#text} at (0,0) size 0x0
                  RenderBR {BR} at (81,852) size 1x15
                  RenderInline {A} at (0,867) size 127x15 [color=#0000EE]
                    RenderText {#text} at (0,867) size 127x15
                      text run at (0,867) width 127: "Character Conversion"
                  RenderText {#text} at (0,0) size 0x0
                  RenderBR {BR} at (126,867) size 1x15
                  RenderInline {A} at (0,882) size 188x15 [color=#0000EE]
                    RenderText {#text} at (0,882) size 188x15
                      text run at (0,882) width 188: "Character Sets and Code Pages"
                  RenderText {#text} at (0,0) size 0x0
                  RenderBR {BR} at (187,882) size 1x15
                  RenderInline {A} at (0,897) size 124x15 [color=#0000EE]
                    RenderText {#text} at (0,897) size 124x15
                      text run at (0,897) width 124: "Code Page Attributes"
                  RenderText {#text} at (0,0) size 0x0
                  RenderBR {BR} at (123,897) size 1x15
                  RenderInline {A} at (0,912) size 162x15 [color=#0000EE]
                    RenderText {#text} at (0,912) size 162x15
                      text run at (0,912) width 162: "Authorization and Privileges"
                  RenderText {#text} at (0,0) size 0x0
                  RenderBR {BR} at (161,912) size 1x15
                  RenderInline {A} at (0,927) size 252x15 [color=#0000EE]
                    RenderText {#text} at (0,927) size 252x15
                      text run at (0,927) width 252: "Table Spaces and Other Storage Structures"
                  RenderText {#text} at (0,0) size 0x0
                  RenderBR {BR} at (251,927) size 1x15
                  RenderInline {A} at (0,941) size 246x16 [color=#0000EE]
                    RenderText {#text} at (0,941) size 246x16
                      text run at (0,941) width 246: "Data Partitioning Across Multiple Partitions"
                  RenderText {#text} at (0,0) size 0x0
                  RenderBR {BR} at (245,941) size 1x16
                  RenderInline {A} at (0,956) size 101x16 [color=#0000EE]
                    RenderText {#text} at (0,956) size 101x16
                      text run at (0,956) width 101: "Partitioning Maps"
                  RenderText {#text} at (0,0) size 0x0
                  RenderBR {BR} at (100,956) size 1x16
                  RenderInline {A} at (0,971) size 100x16 [color=#0000EE]
                    RenderText {#text} at (0,971) size 100x16
                      text run at (0,971) width 100: "Table Collocation"
                  RenderText {#text} at (0,0) size 0x0
                RenderBlock {P} at (0,1200) size 707x1989
                  RenderInline {B} at (0,0) size 123x15
                    RenderInline {A} at (0,0) size 123x15 [color=#0000EE]
                      RenderText {#text} at (0,0) size 123x15
                        text run at (0,0) width 123: "Language Elements"
                  RenderBR {BR} at (122,0) size 1x15
                  RenderBR {BR} at (0,15) size 0x15
                  RenderInline {A} at (0,30) size 64x15 [color=#0000EE]
                    RenderText {#text} at (0,30) size 64x15
                      text run at (0,30) width 64: "Characters"
                  RenderText {#text} at (0,0) size 0x0
                  RenderBR {BR} at (63,30) size 1x15
                  RenderInline {A} at (0,45) size 128x15 [color=#0000EE]
                    RenderText {#text} at (0,45) size 128x15
                      text run at (0,45) width 128: "MBCS Considerations"
                  RenderText {#text} at (0,0) size 0x0
                  RenderBR {BR} at (127,45) size 1x15
                  RenderInline {A} at (0,60) size 42x15 [color=#0000EE]
                    RenderText {#text} at (0,60) size 42x15
                      text run at (0,60) width 42: "Tokens"
                  RenderText {#text} at (0,0) size 0x0
                  RenderBR {BR} at (41,60) size 1x15
                  RenderInline {A} at (0,74) size 128x16 [color=#0000EE]
                    RenderText {#text} at (0,74) size 128x16
                      text run at (0,74) width 128: "MBCS Considerations"
                  RenderText {#text} at (0,0) size 0x0
                  RenderBR {BR} at (127,74) size 1x16
                  RenderInline {A} at (0,89) size 57x16 [color=#0000EE]
                    RenderText {#text} at (0,89) size 57x16
                      text run at (0,89) width 57: "Identifiers"
                  RenderText {#text} at (0,0) size 0x0
                  RenderBR {BR} at (56,89) size 1x16
                  RenderInline {A} at (0,104) size 86x16 [color=#0000EE]
                    RenderText {#text} at (0,104) size 86x16
                      text run at (0,104) width 86: "SQL Identifiers"
                  RenderText {#text} at (0,0) size 0x0
                  RenderBR {BR} at (85,104) size 1x16
                  RenderInline {A} at (0,119) size 87x16 [color=#0000EE]
                    RenderText {#text} at (0,119) size 87x16
                      text run at (0,119) width 87: "Host Identifiers"
                  RenderText {#text} at (0,0) size 0x0
                  RenderBR {BR} at (86,119) size 1x16
                  RenderInline {A} at (0,134) size 352x16 [color=#0000EE]
                    RenderText {#text} at (0,134) size 352x16
                      text run at (0,134) width 352: "Naming Conventions and Implicit Object Name Qualifications"
                  RenderText {#text} at (0,0) size 0x0
                  RenderBR {BR} at (351,134) size 1x16
                  RenderInline {A} at (0,149) size 42x16 [color=#0000EE]
                    RenderText {#text} at (0,149) size 42x16
                      text run at (0,149) width 42: "Aliases"
                  RenderText {#text} at (0,0) size 0x0
                  RenderBR {BR} at (41,149) size 1x16
                  RenderInline {A} at (0,164) size 246x16 [color=#0000EE]
                    RenderText {#text} at (0,164) size 246x16
                      text run at (0,164) width 246: "Authorization IDs and authorization-names"
                  RenderText {#text} at (0,0) size 0x0
                  RenderBR {BR} at (245,164) size 1x16
                  RenderInline {A} at (0,179) size 236x16 [color=#0000EE]
                    RenderText {#text} at (0,179) size 236x16
                      text run at (0,179) width 236: "Dynamic SQL Characteristics at run-time"
                  RenderText {#text} at (0,0) size 0x0
                  RenderBR {BR} at (235,179) size 1x16
                  RenderInline {A} at (0,194) size 258x16 [color=#0000EE]
                    RenderText {#text} at (0,194) size 258x16
                      text run at (0,194) width 258: "Authorization IDs and Statement Preparation"
                  RenderText {#text} at (0,0) size 0x0
                  RenderBR {BR} at (257,194) size 1x16
                  RenderInline {A} at (0,209) size 66x16 [color=#0000EE]
                    RenderText {#text} at (0,209) size 66x16
                      text run at (0,209) width 66: "Data Types"
                  RenderText {#text} at (0,0) size 0x0
                  RenderBR {BR} at (65,209) size 1x16
                  RenderInline {A} at (0,224) size 29x15 [color=#0000EE]
                    RenderText {#text} at (0,224) size 29x15
                      text run at (0,224) width 29: "Nulls"
                  RenderText {#text} at (0,0) size 0x0
                  RenderBR {BR} at (28,224) size 1x15
                  RenderInline {A} at (0,239) size 126x15 [color=#0000EE]
                    RenderText {#text} at (0,239) size 126x15
                      text run at (0,239) width 126: "Large Objects (LOBs)"
                  RenderText {#text} at (0,0) size 0x0
                  RenderBR {BR} at (125,239) size 1x15
                  RenderInline {A} at (0,254) size 102x15 [color=#0000EE]
                    RenderText {#text} at (0,254) size 102x15
                      text run at (0,254) width 102: "Character Strings"
                  RenderText {#text} at (0,0) size 0x0
                  RenderBR {BR} at (101,254) size 1x15
                  RenderInline {A} at (0,269) size 90x15 [color=#0000EE]
                    RenderText {#text} at (0,269) size 90x15
                      text run at (0,269) width 90: "Graphic Strings"
                  RenderText {#text} at (0,0) size 0x0
                  RenderBR {BR} at (89,269) size 1x15
                  RenderInline {A} at (0,284) size 75x15 [color=#0000EE]
                    RenderText {#text} at (0,284) size 75x15
                      text run at (0,284) width 75: "Binary String"
                  RenderText {#text} at (0,0) size 0x0
                  RenderBR {BR} at (74,284) size 1x15
                  RenderInline {A} at (0,299) size 53x15 [color=#0000EE]
                    RenderText {#text} at (0,299) size 53x15
                      text run at (0,299) width 53: "Numbers"
                  RenderText {#text} at (0,0) size 0x0
                  RenderBR {BR} at (52,299) size 1x15
                  RenderInline {A} at (0,314) size 95x15 [color=#0000EE]
                    RenderText {#text} at (0,314) size 95x15
                      text run at (0,314) width 95: "Datetime Values"
                  RenderText {#text} at (0,0) size 0x0
                  RenderBR {BR} at (94,314) size 1x15
                  RenderInline {A} at (0,329) size 105x15 [color=#0000EE]
                    RenderText {#text} at (0,329) size 105x15
                      text run at (0,329) width 105: "DATALINK Values"
                  RenderText {#text} at (0,0) size 0x0
                  RenderBR {BR} at (104,329) size 1x15
                  RenderInline {A} at (0,344) size 115x15 [color=#0000EE]
                    RenderText {#text} at (0,344) size 115x15
                      text run at (0,344) width 115: "User Defined Types"
                  RenderText {#text} at (0,0) size 0x0
                  RenderBR {BR} at (114,344) size 1x15
                  RenderInline {A} at (0,358) size 144x16 [color=#0000EE]
                    RenderText {#text} at (0,358) size 144x16
                      text run at (0,358) width 144: "Promotion of Data Types"
                  RenderText {#text} at (0,0) size 0x0
                  RenderBR {BR} at (143,358) size 1x16
                  RenderInline {A} at (0,373) size 168x16 [color=#0000EE]
                    RenderText {#text} at (0,373) size 168x16
                      text run at (0,373) width 168: "Casting Between Data Types"
                  RenderText {#text} at (0,0) size 0x0
                  RenderBR {BR} at (167,373) size 1x16
                  RenderInline {A} at (0,388) size 180x16 [color=#0000EE]
                    RenderText {#text} at (0,388) size 180x16
                      text run at (0,388) width 180: "Assignments and Comparisons"
                  RenderText {#text} at (0,0) size 0x0
                  RenderBR {BR} at (179,388) size 1x16
                  RenderInline {A} at (0,403) size 127x16 [color=#0000EE]
                    RenderText {#text} at (0,403) size 127x16
                      text run at (0,403) width 127: "Numeric Assignments"
                  RenderText {#text} at (0,0) size 0x0
                  RenderBR {BR} at (126,403) size 1x16
                  RenderInline {A} at (0,418) size 112x16 [color=#0000EE]
                    RenderText {#text} at (0,418) size 112x16
                      text run at (0,418) width 112: "String Assignments"
                  RenderText {#text} at (0,0) size 0x0
                  RenderBR {BR} at (111,418) size 1x16
                  RenderInline {A} at (0,433) size 131x16 [color=#0000EE]
                    RenderText {#text} at (0,433) size 131x16
                      text run at (0,433) width 131: "Datetime Assignments"
                  RenderText {#text} at (0,0) size 0x0
                  RenderBR {BR} at (130,433) size 1x16
                  RenderInline {A} at (0,448) size 140x16 [color=#0000EE]
                    RenderText {#text} at (0,448) size 140x16
                      text run at (0,448) width 140: "DATALINK Assignments"
                  RenderText {#text} at (0,0) size 0x0
                  RenderBR {BR} at (139,448) size 1x16
                  RenderInline {A} at (0,463) size 185x16 [color=#0000EE]
                    RenderText {#text} at (0,463) size 185x16
                      text run at (0,463) width 185: "User-defined Type Assignments"
                  RenderText {#text} at (0,0) size 0x0
                  RenderBR {BR} at (184,463) size 1x16
                  RenderInline {A} at (0,478) size 170x16 [color=#0000EE]
                    RenderText {#text} at (0,478) size 170x16
                      text run at (0,478) width 170: "Reference Type Assignments"
                  RenderText {#text} at (0,0) size 0x0
                  RenderBR {BR} at (169,478) size 1x16
                  RenderInline {A} at (0,493) size 129x16 [color=#0000EE]
                    RenderText {#text} at (0,493) size 129x16
                      text run at (0,493) width 129: "Numeric Comparisons"
                  RenderText {#text} at (0,0) size 0x0
                  RenderBR {BR} at (128,493) size 1x16
                  RenderInline {A} at (0,508) size 115x15 [color=#0000EE]
                    RenderText {#text} at (0,508) size 115x15
                      text run at (0,508) width 115: "String Comparisons"
                  RenderText {#text} at (0,0) size 0x0
                  RenderBR {BR} at (114,508) size 1x15
                  RenderInline {A} at (0,523) size 133x15 [color=#0000EE]
                    RenderText {#text} at (0,523) size 133x15
                      text run at (0,523) width 133: "Datetime Comparisons"
                  RenderText {#text} at (0,0) size 0x0
                  RenderBR {BR} at (132,523) size 1x15
                  RenderInline {A} at (0,538) size 187x15 [color=#0000EE]
                    RenderText {#text} at (0,538) size 187x15
                      text run at (0,538) width 187: "User-defined Type Comparisons"
                  RenderText {#text} at (0,0) size 0x0
                  RenderBR {BR} at (186,538) size 1x15
                  RenderInline {A} at (0,553) size 172x15 [color=#0000EE]
                    RenderText {#text} at (0,553) size 172x15
                      text run at (0,553) width 172: "Reference Type Comparisons"
                  RenderText {#text} at (0,0) size 0x0
                  RenderBR {BR} at (171,553) size 1x15
                  RenderInline {A} at (0,568) size 162x15 [color=#0000EE]
                    RenderText {#text} at (0,568) size 162x15
                      text run at (0,568) width 162: "Rules for Result Data Types"
                  RenderText {#text} at (0,0) size 0x0
                  RenderBR {BR} at (161,568) size 1x15
                  RenderInline {A} at (0,583) size 102x15 [color=#0000EE]
                    RenderText {#text} at (0,583) size 102x15
                      text run at (0,583) width 102: "Character Strings"
                  RenderText {#text} at (0,0) size 0x0
                  RenderBR {BR} at (101,583) size 1x15
                  RenderInline {A} at (0,598) size 90x15 [color=#0000EE]
                    RenderText {#text} at (0,598) size 90x15
                      text run at (0,598) width 90: "Graphic Strings"
                  RenderText {#text} at (0,0) size 0x0
                  RenderBR {BR} at (89,598) size 1x15
                  RenderInline {A} at (0,613) size 162x15 [color=#0000EE]
                    RenderText {#text} at (0,613) size 162x15
                      text run at (0,613) width 162: "Binary Large Object (BLOB)"
                  RenderText {#text} at (0,0) size 0x0
                  RenderBR {BR} at (161,613) size 1x15
                  RenderInline {A} at (0,628) size 49x15 [color=#0000EE]
                    RenderText {#text} at (0,628) size 49x15
                      text run at (0,628) width 49: "Numeric"
                  RenderText {#text} at (0,0) size 0x0
                  RenderBR {BR} at (48,628) size 1x15
                  RenderInline {A} at (0,643) size 34x15 [color=#0000EE]
                    RenderText {#text} at (0,643) size 34x15
                      text run at (0,643) width 34: "DATE"
                  RenderText {#text} at (0,0) size 0x0
                  RenderBR {BR} at (33,643) size 1x15
                  RenderInline {A} at (0,657) size 32x16 [color=#0000EE]
                    RenderText {#text} at (0,657) size 32x16
                      text run at (0,657) width 32: "TIME"
                  RenderText {#text} at (0,0) size 0x0
                  RenderBR {BR} at (31,657) size 1x16
                  RenderInline {A} at (0,672) size 75x16 [color=#0000EE]
                    RenderText {#text} at (0,672) size 75x16
                      text run at (0,672) width 75: "TIMESTAMP"
                  RenderText {#text} at (0,0) size 0x0
                  RenderBR {BR} at (74,672) size 1x16
                  RenderInline {A} at (0,687) size 62x16 [color=#0000EE]
                    RenderText {#text} at (0,687) size 62x16
                      text run at (0,687) width 62: "DATALINK"
                  RenderText {#text} at (0,0) size 0x0
                  RenderBR {BR} at (61,687) size 1x16
                  RenderInline {A} at (0,702) size 113x16 [color=#0000EE]
                    RenderText {#text} at (0,702) size 113x16
                      text run at (0,702) width 113: "User-defined Types"
                  RenderText {#text} at (0,0) size 0x0
                  RenderBR {BR} at (112,702) size 1x16
                  RenderInline {A} at (0,717) size 154x16 [color=#0000EE]
                    RenderText {#text} at (0,717) size 154x16
                      text run at (0,717) width 154: "Nullable Attribute of Result"
                  RenderText {#text} at (0,0) size 0x0
                  RenderBR {BR} at (153,717) size 1x16
                  RenderInline {A} at (0,732) size 166x16 [color=#0000EE]
                    RenderText {#text} at (0,732) size 166x16
                      text run at (0,732) width 166: "Rules for String Conversions"
                  RenderText {#text} at (0,0) size 0x0
                  RenderBR {BR} at (165,732) size 1x16
                  RenderInline {A} at (0,747) size 126x16 [color=#0000EE]
                    RenderText {#text} at (0,747) size 126x16
                      text run at (0,747) width 126: "Partition Compatibility"
                  RenderText {#text} at (0,0) size 0x0
                  RenderBR {BR} at (125,747) size 1x16
                  RenderInline {A} at (0,762) size 59x16 [color=#0000EE]
                    RenderText {#text} at (0,762) size 59x16
                      text run at (0,762) width 59: "Constants"
                  RenderText {#text} at (0,0) size 0x0
                  RenderBR {BR} at (58,762) size 1x16
                  RenderInline {A} at (0,777) size 103x16 [color=#0000EE]
                    RenderText {#text} at (0,777) size 103x16
                      text run at (0,777) width 103: "Integer Constants"
                  RenderText {#text} at (0,0) size 0x0
                  RenderBR {BR} at (102,777) size 1x16
                  RenderInline {A} at (0,792) size 143x16 [color=#0000EE]
                    RenderText {#text} at (0,792) size 143x16
                      text run at (0,792) width 143: "Floating-Point Constants"
                  RenderText {#text} at (0,0) size 0x0
                  RenderBR {BR} at (142,792) size 1x16
                  RenderInline {A} at (0,807) size 110x15 [color=#0000EE]
                    RenderText {#text} at (0,807) size 110x15
                      text run at (0,807) width 110: "Decimal Constants"
                  RenderText {#text} at (0,0) size 0x0
                  RenderBR {BR} at (109,807) size 1x15
                  RenderInline {A} at (0,822) size 157x15 [color=#0000EE]
                    RenderText {#text} at (0,822) size 157x15
                      text run at (0,822) width 157: "Character String Constants"
                  RenderText {#text} at (0,0) size 0x0
                  RenderBR {BR} at (156,822) size 1x15
                  RenderInline {A} at (0,837) size 138x15 [color=#0000EE]
                    RenderText {#text} at (0,837) size 138x15
                      text run at (0,837) width 138: "Hexadecimal Constants"
                  RenderText {#text} at (0,0) size 0x0
                  RenderBR {BR} at (137,837) size 1x15
                  RenderInline {A} at (0,852) size 146x15 [color=#0000EE]
                    RenderText {#text} at (0,852) size 146x15
                      text run at (0,852) width 146: "Graphic String Constants"
                  RenderText {#text} at (0,0) size 0x0
                  RenderBR {BR} at (145,852) size 1x15
                  RenderInline {A} at (0,867) size 239x15 [color=#0000EE]
                    RenderText {#text} at (0,867) size 239x15
                      text run at (0,867) width 239: "Using Constants with User-defined Types"
                  RenderText {#text} at (0,0) size 0x0
                  RenderBR {BR} at (238,867) size 1x15
                  RenderInline {A} at (0,882) size 102x15 [color=#0000EE]
                    RenderText {#text} at (0,882) size 102x15
                      text run at (0,882) width 102: "Special Registers"
                  RenderText {#text} at (0,0) size 0x0
                  RenderBR {BR} at (101,882) size 1x15
                  RenderInline {A} at (0,897) size 101x15 [color=#0000EE]
                    RenderText {#text} at (0,897) size 101x15
                      text run at (0,897) width 101: "CURRENT DATE"
                  RenderText {#text} at (0,0) size 0x0
                  RenderBR {BR} at (100,897) size 1x15
                  RenderInline {A} at (0,912) size 262x15 [color=#0000EE]
                    RenderText {#text} at (0,912) size 262x15
                      text run at (0,912) width 262: "CURRENT DEFAULT TRANSFORM GROUP"
                  RenderText {#text} at (0,0) size 0x0
                  RenderBR {BR} at (261,912) size 1x15
                  RenderInline {A} at (0,927) size 122x15 [color=#0000EE]
                    RenderText {#text} at (0,927) size 122x15
                      text run at (0,927) width 122: "CURRENT DEGREE"
                  RenderText {#text} at (0,0) size 0x0
                  RenderBR {BR} at (121,927) size 1x15
                  RenderInline {A} at (0,941) size 165x16 [color=#0000EE]
                    RenderText {#text} at (0,941) size 165x16
                      text run at (0,941) width 165: "CURRENT EXPLAIN MODE"
                  RenderText {#text} at (0,0) size 0x0
                  RenderBR {BR} at (164,941) size 1x16
                  RenderInline {A} at (0,956) size 197x16 [color=#0000EE]
                    RenderText {#text} at (0,956) size 197x16
                      text run at (0,956) width 197: "CURRENT EXPLAIN SNAPSHOT"
                  RenderText {#text} at (0,0) size 0x0
                  RenderBR {BR} at (196,956) size 1x16
                  RenderInline {A} at (0,971) size 105x16 [color=#0000EE]
                    RenderText {#text} at (0,971) size 105x16
                      text run at (0,971) width 105: "CURRENT NODE"
                  RenderText {#text} at (0,0) size 0x0
                  RenderBR {BR} at (104,971) size 1x16
                  RenderInline {A} at (0,986) size 100x16 [color=#0000EE]
                    RenderText {#text} at (0,986) size 100x16
                      text run at (0,986) width 100: "CURRENT PATH"
                  RenderText {#text} at (0,0) size 0x0
                  RenderBR {BR} at (99,986) size 1x16
                  RenderInline {A} at (0,1001) size 208x16 [color=#0000EE]
                    RenderText {#text} at (0,1001) size 208x16
                      text run at (0,1001) width 208: "CURRENT QUERY OPTIMIZATION"
                  RenderText {#text} at (0,0) size 0x0
                  RenderBR {BR} at (207,1001) size 1x16
                  RenderInline {A} at (0,1016) size 161x16 [color=#0000EE]
                    RenderText {#text} at (0,1016) size 161x16
                      text run at (0,1016) width 161: "CURRENT REFRESH AGE"
                  RenderText {#text} at (0,0) size 0x0
                  RenderBR {BR} at (160,1016) size 1x16
                  RenderInline {A} at (0,1031) size 123x16 [color=#0000EE]
                    RenderText {#text} at (0,1031) size 123x16
                      text run at (0,1031) width 123: "CURRENT SCHEMA"
                  RenderText {#text} at (0,0) size 0x0
                  RenderBR {BR} at (122,1031) size 1x16
                  RenderInline {A} at (0,1046) size 121x16 [color=#0000EE]
                    RenderText {#text} at (0,1046) size 121x16
                      text run at (0,1046) width 121: "CURRENT SERVER"
                  RenderText {#text} at (0,0) size 0x0
                  RenderBR {BR} at (120,1046) size 1x16
                  RenderInline {A} at (0,1061) size 98x16 [color=#0000EE]
                    RenderText {#text} at (0,1061) size 98x16
                      text run at (0,1061) width 98: "CURRENT TIME"
                  RenderText {#text} at (0,0) size 0x0
                  RenderBR {BR} at (97,1061) size 1x16
                  RenderInline {A} at (0,1076) size 142x16 [color=#0000EE]
                    RenderText {#text} at (0,1076) size 142x16
                      text run at (0,1076) width 142: "CURRENT TIMESTAMP"
                  RenderText {#text} at (0,0) size 0x0
                  RenderBR {BR} at (141,1076) size 1x16
                  RenderInline {A} at (0,1091) size 135x15 [color=#0000EE]
                    RenderText {#text} at (0,1091) size 135x15
                      text run at (0,1091) width 135: "CURRENT TIMEZONE"
                  RenderText {#text} at (0,0) size 0x0
                  RenderBR {BR} at (134,1091) size 1x15
                  RenderInline {A} at (0,1106) size 37x15 [color=#0000EE]
                    RenderText {#text} at (0,1106) size 37x15
                      text run at (0,1106) width 37: "USER"
                  RenderText {#text} at (0,0) size 0x0
                  RenderBR {BR} at (36,1106) size 1x15
                  RenderInline {A} at (0,1121) size 90x15 [color=#0000EE]
                    RenderText {#text} at (0,1121) size 90x15
                      text run at (0,1121) width 90: "Column Names"
                  RenderText {#text} at (0,0) size 0x0
                  RenderBR {BR} at (89,1121) size 1x15
                  RenderInline {A} at (0,1136) size 145x15 [color=#0000EE]
                    RenderText {#text} at (0,1136) size 145x15
                      text run at (0,1136) width 145: "Qualified Column Names"
                  RenderText {#text} at (0,0) size 0x0
                  RenderBR {BR} at (144,1136) size 1x15
                  RenderInline {A} at (0,1151) size 109x15 [color=#0000EE]
                    RenderText {#text} at (0,1151) size 109x15
                      text run at (0,1151) width 109: "Correlation Names"
                  RenderText {#text} at (0,0) size 0x0
                  RenderBR {BR} at (108,1151) size 1x15
                  RenderInline {A} at (0,1166) size 253x15 [color=#0000EE]
                    RenderText {#text} at (0,1166) size 253x15
                      text run at (0,1166) width 253: "Column Name Qualifiers to Avoid Ambiguity"
                  RenderText {#text} at (0,0) size 0x0
                  RenderBR {BR} at (252,1166) size 1x15
                  RenderInline {A} at (0,1181) size 290x15 [color=#0000EE]
                    RenderText {#text} at (0,1181) size 290x15
                      text run at (0,1181) width 290: "Column Name Qualifiers in Correlated References"
                  RenderText {#text} at (0,0) size 0x0
                  RenderBR {BR} at (289,1181) size 1x15
                  RenderInline {A} at (0,1196) size 169x15 [color=#0000EE]
                    RenderText {#text} at (0,1196) size 169x15
                      text run at (0,1196) width 169: "References to Host Variables"
                  RenderText {#text} at (0,0) size 0x0
                  RenderBR {BR} at (168,1196) size 1x15
                  RenderInline {A} at (0,1211) size 182x15 [color=#0000EE]
                    RenderText {#text} at (0,1211) size 182x15
                      text run at (0,1211) width 182: "Host Variables in Dynamic SQL"
                  RenderText {#text} at (0,0) size 0x0
                  RenderBR {BR} at (181,1211) size 1x15
                  RenderInline {A} at (0,1226) size 336x15 [color=#0000EE]
                    RenderText {#text} at (0,1226) size 336x15
                      text run at (0,1226) width 336: "References to BLOB, CLOB, and DBCLOB Host Variables"
                  RenderText {#text} at (0,0) size 0x0
                  RenderBR {BR} at (335,1226) size 1x15
                  RenderInline {A} at (0,1240) size 185x16 [color=#0000EE]
                    RenderText {#text} at (0,1240) size 185x16
                      text run at (0,1240) width 185: "References to Locator Variables"
                  RenderText {#text} at (0,0) size 0x0
                  RenderBR {BR} at (184,1240) size 1x16
                  RenderInline {A} at (0,1255) size 393x16 [color=#0000EE]
                    RenderText {#text} at (0,1255) size 393x16
                      text run at (0,1255) width 393: "References to BLOB, CLOB, and DBCLOB File Reference Variables"
                  RenderText {#text} at (0,0) size 0x0
                  RenderBR {BR} at (392,1255) size 1x16
                  RenderInline {A} at (0,1270) size 264x16 [color=#0000EE]
                    RenderText {#text} at (0,1270) size 264x16
                      text run at (0,1270) width 264: "References to Structured Type Host Variables"
                  RenderText {#text} at (0,0) size 0x0
                  RenderBR {BR} at (263,1270) size 1x16
                  RenderInline {A} at (0,1285) size 57x16 [color=#0000EE]
                    RenderText {#text} at (0,1285) size 57x16
                      text run at (0,1285) width 57: "Functions"
                  RenderText {#text} at (0,0) size 0x0
                  RenderBR {BR} at (56,1285) size 1x16
                  RenderInline {A} at (0,1300) size 298x16 [color=#0000EE]
                    RenderText {#text} at (0,1300) size 298x16
                      text run at (0,1300) width 298: "External, SQL and Sourced User-Defined Functions"
                  RenderText {#text} at (0,0) size 0x0
                  RenderBR {BR} at (297,1300) size 1x16
                  RenderInline {A} at (0,1315) size 322x16 [color=#0000EE]
                    RenderText {#text} at (0,1315) size 322x16
                      text run at (0,1315) width 322: "Scalar, Column, Row and Table User-Defined Functions"
                  RenderText {#text} at (0,0) size 0x0
                  RenderBR {BR} at (321,1315) size 1x16
                  RenderInline {A} at (0,1330) size 114x16 [color=#0000EE]
                    RenderText {#text} at (0,1330) size 114x16
                      text run at (0,1330) width 114: "Function signatures"
                  RenderText {#text} at (0,0) size 0x0
                  RenderBR {BR} at (113,1330) size 1x16
                  RenderInline {A} at (0,1345) size 56x16 [color=#0000EE]
                    RenderText {#text} at (0,1345) size 56x16
                      text run at (0,1345) width 56: "SQL Path"
                  RenderText {#text} at (0,0) size 0x0
                  RenderBR {BR} at (55,1345) size 1x16
                  RenderInline {A} at (0,1360) size 115x16 [color=#0000EE]
                    RenderText {#text} at (0,1360) size 115x16
                      text run at (0,1360) width 115: "Function Resolution"
                  RenderText {#text} at (0,0) size 0x0
                  RenderBR {BR} at (114,1360) size 1x16
                  RenderInline {A} at (0,1375) size 113x16 [color=#0000EE]
                    RenderText {#text} at (0,1375) size 113x16
                      text run at (0,1375) width 113: "Function Invocation"
                  RenderText {#text} at (0,0) size 0x0
                  RenderBR {BR} at (112,1375) size 1x16
                  RenderInline {A} at (0,1390) size 50x15 [color=#0000EE]
                    RenderText {#text} at (0,1390) size 50x15
                      text run at (0,1390) width 50: "Methods"
                  RenderText {#text} at (0,0) size 0x0
                  RenderBR {BR} at (49,1390) size 1x15
                  RenderInline {A} at (0,1405) size 236x15 [color=#0000EE]
                    RenderText {#text} at (0,1405) size 236x15
                      text run at (0,1405) width 236: "External and SQL User-Defined Methods"
                  RenderText {#text} at (0,0) size 0x0
                  RenderBR {BR} at (235,1405) size 1x15
                  RenderInline {A} at (0,1420) size 110x15 [color=#0000EE]
                    RenderText {#text} at (0,1420) size 110x15
                      text run at (0,1420) width 110: "Method Signatures"
                  RenderText {#text} at (0,0) size 0x0
                  RenderBR {BR} at (109,1420) size 1x15
                  RenderInline {A} at (0,1435) size 107x15 [color=#0000EE]
                    RenderText {#text} at (0,1435) size 107x15
                      text run at (0,1435) width 107: "Method Invocation"
                  RenderText {#text} at (0,0) size 0x0
                  RenderBR {BR} at (106,1435) size 1x15
                  RenderInline {A} at (0,1450) size 109x15 [color=#0000EE]
                    RenderText {#text} at (0,1450) size 109x15
                      text run at (0,1450) width 109: "Method Resolution"
                  RenderText {#text} at (0,0) size 0x0
                  RenderBR {BR} at (108,1450) size 1x15
                  RenderInline {A} at (0,1465) size 186x15 [color=#0000EE]
                    RenderText {#text} at (0,1465) size 186x15
                      text run at (0,1465) width 186: "Method of Choosing the Best Fit"
                  RenderText {#text} at (0,0) size 0x0
                  RenderBR {BR} at (185,1465) size 1x15
                  RenderInline {A} at (0,1480) size 178x15 [color=#0000EE]
                    RenderText {#text} at (0,1480) size 178x15
                      text run at (0,1480) width 178: "Example of Method Resolution"
                  RenderText {#text} at (0,0) size 0x0
                  RenderBR {BR} at (177,1480) size 1x15
                  RenderInline {A} at (0,1495) size 107x15 [color=#0000EE]
                    RenderText {#text} at (0,1495) size 107x15
                      text run at (0,1495) width 107: "Method Invocation"
                  RenderText {#text} at (0,0) size 0x0
                  RenderBR {BR} at (106,1495) size 1x15
                  RenderInline {A} at (0,1510) size 188x15 [color=#0000EE]
                    RenderText {#text} at (0,1510) size 188x15
                      text run at (0,1510) width 188: "Conservative Binding Semantics"
                  RenderText {#text} at (0,0) size 0x0
                  RenderBR {BR} at (187,1510) size 1x15
                  RenderInline {A} at (0,1524) size 71x16 [color=#0000EE]
                    RenderText {#text} at (0,1524) size 71x16
                      text run at (0,1524) width 71: "Expressions"
                  RenderText {#text} at (0,0) size 0x0
                  RenderBR {BR} at (70,1524) size 1x16
                  RenderInline {A} at (0,1539) size 106x16 [color=#0000EE]
                    RenderText {#text} at (0,1539) size 106x16
                      text run at (0,1539) width 106: "Without Operators"
                  RenderText {#text} at (0,0) size 0x0
                  RenderBR {BR} at (105,1539) size 1x16
                  RenderInline {A} at (0,1554) size 191x16 [color=#0000EE]
                    RenderText {#text} at (0,1554) size 191x16
                      text run at (0,1554) width 191: "With the Concatenation Operator"
                  RenderText {#text} at (0,0) size 0x0
                  RenderBR {BR} at (190,1554) size 1x16
                  RenderInline {A} at (0,1569) size 149x16 [color=#0000EE]
                    RenderText {#text} at (0,1569) size 149x16
                      text run at (0,1569) width 149: "With Arithmetic Operators"
                  RenderText {#text} at (0,0) size 0x0
                  RenderBR {BR} at (148,1569) size 1x16
                  RenderInline {A} at (0,1584) size 129x16 [color=#0000EE]
                    RenderText {#text} at (0,1584) size 129x16
                      text run at (0,1584) width 129: "Two Integer Operands"
                  RenderText {#text} at (0,0) size 0x0
                  RenderBR {BR} at (128,1584) size 1x16
                  RenderInline {A} at (0,1599) size 178x16 [color=#0000EE]
                    RenderText {#text} at (0,1599) size 178x16
                      text run at (0,1599) width 178: "Integer and Decimal Operands"
                  RenderText {#text} at (0,0) size 0x0
                  RenderBR {BR} at (177,1599) size 1x16
                  RenderInline {A} at (0,1614) size 136x16 [color=#0000EE]
                    RenderText {#text} at (0,1614) size 136x16
                      text run at (0,1614) width 136: "Two Decimal Operands"
                  RenderText {#text} at (0,0) size 0x0
                  RenderBR {BR} at (135,1614) size 1x16
                  RenderInline {A} at (0,1629) size 152x16 [color=#0000EE]
                    RenderText {#text} at (0,1629) size 152x16
                      text run at (0,1629) width 152: "Decimal Arithmetic in SQL"
                  RenderText {#text} at (0,0) size 0x0
                  RenderBR {BR} at (151,1629) size 1x16
                  RenderInline {A} at (0,1644) size 141x16 [color=#0000EE]
                    RenderText {#text} at (0,1644) size 141x16
                      text run at (0,1644) width 141: "Floating-Point Operands"
                  RenderText {#text} at (0,0) size 0x0
                  RenderBR {BR} at (140,1644) size 1x16
                  RenderInline {A} at (0,1659) size 191x16 [color=#0000EE]
                    RenderText {#text} at (0,1659) size 191x16
                      text run at (0,1659) width 191: "User-defined Types as Operands"
                  RenderText {#text} at (0,0) size 0x0
                  RenderBR {BR} at (190,1659) size 1x16
                  RenderInline {A} at (0,1674) size 96x15 [color=#0000EE]
                    RenderText {#text} at (0,1674) size 96x15
                      text run at (0,1674) width 96: "Scalar Fullselect"
                  RenderText {#text} at (0,0) size 0x0
                  RenderBR {BR} at (95,1674) size 1x15
                  RenderInline {A} at (0,1689) size 204x15 [color=#0000EE]
                    RenderText {#text} at (0,1689) size 204x15
                      text run at (0,1689) width 204: "Datetime Operations and Durations"
                  RenderText {#text} at (0,0) size 0x0
                  RenderBR {BR} at (203,1689) size 1x15
                  RenderInline {A} at (0,1704) size 157x15 [color=#0000EE]
                    RenderText {#text} at (0,1704) size 157x15
                      text run at (0,1704) width 157: "Datetime Arithmetic in SQL"
                  RenderText {#text} at (0,0) size 0x0
                  RenderBR {BR} at (156,1704) size 1x15
                  RenderInline {A} at (0,1719) size 152x15 [color=#0000EE]
                    RenderText {#text} at (0,1719) size 152x15
                      text run at (0,1719) width 152: "Precedence of Operations"
                  RenderText {#text} at (0,0) size 0x0
                  RenderBR {BR} at (151,1719) size 1x15
                  RenderInline {A} at (0,1734) size 110x15 [color=#0000EE]
                    RenderText {#text} at (0,1734) size 110x15
                      text run at (0,1734) width 110: "CASE Expressions"
                  RenderText {#text} at (0,0) size 0x0
                  RenderBR {BR} at (109,1734) size 1x15
                  RenderInline {A} at (0,1749) size 119x15 [color=#0000EE]
                    RenderText {#text} at (0,1749) size 119x15
                      text run at (0,1749) width 119: "CAST Specifications"
                  RenderText {#text} at (0,0) size 0x0
                  RenderBR {BR} at (118,1749) size 1x15
                  RenderInline {A} at (0,1764) size 139x15 [color=#0000EE]
                    RenderText {#text} at (0,1764) size 139x15
                      text run at (0,1764) width 139: "Dereference Operations"
                  RenderText {#text} at (0,0) size 0x0
                  RenderBR {BR} at (138,1764) size 1x15
                  RenderInline {A} at (0,1779) size 95x15 [color=#0000EE]
                    RenderText {#text} at (0,1779) size 95x15
                      text run at (0,1779) width 95: "OLAP Functions"
                  RenderText {#text} at (0,0) size 0x0
                  RenderBR {BR} at (94,1779) size 1x15
                  RenderInline {A} at (0,1794) size 107x15 [color=#0000EE]
                    RenderText {#text} at (0,1794) size 107x15
                      text run at (0,1794) width 107: "Method Invocation"
                  RenderText {#text} at (0,0) size 0x0
                  RenderBR {BR} at (106,1794) size 1x15
                  RenderInline {A} at (0,1809) size 111x15 [color=#0000EE]
                    RenderText {#text} at (0,1809) size 111x15
                      text run at (0,1809) width 111: "Subtype Treatment"
                  RenderText {#text} at (0,0) size 0x0
                  RenderBR {BR} at (110,1809) size 1x15
                  RenderInline {A} at (0,1823) size 62x16 [color=#0000EE]
                    RenderText {#text} at (0,1823) size 62x16
                      text run at (0,1823) width 62: "Predicates"
                  RenderText {#text} at (0,0) size 0x0
                  RenderBR {BR} at (61,1823) size 1x16
                  RenderInline {A} at (0,1838) size 91x16 [color=#0000EE]
                    RenderText {#text} at (0,1838) size 91x16
                      text run at (0,1838) width 91: "Basic Predicate"
                  RenderText {#text} at (0,0) size 0x0
                  RenderBR {BR} at (90,1838) size 1x16
                  RenderInline {A} at (0,1853) size 118x16 [color=#0000EE]
                    RenderText {#text} at (0,1853) size 118x16
                      text run at (0,1853) width 118: "Quantified Predicate"
                  RenderText {#text} at (0,0) size 0x0
                  RenderBR {BR} at (117,1853) size 1x16
                  RenderInline {A} at (0,1868) size 123x16 [color=#0000EE]
                    RenderText {#text} at (0,1868) size 123x16
                      text run at (0,1868) width 123: "BETWEEN Predicate"
                  RenderText {#text} at (0,0) size 0x0
                  RenderBR {BR} at (122,1868) size 1x16
                  RenderInline {A} at (0,1883) size 105x16 [color=#0000EE]
                    RenderText {#text} at (0,1883) size 105x16
                      text run at (0,1883) width 105: "EXISTS Predicate"
                  RenderText {#text} at (0,0) size 0x0
                  RenderBR {BR} at (104,1883) size 1x16
                  RenderInline {A} at (0,1898) size 72x16 [color=#0000EE]
                    RenderText {#text} at (0,1898) size 72x16
                      text run at (0,1898) width 72: "IN Predicate"
                  RenderText {#text} at (0,0) size 0x0
                  RenderBR {BR} at (71,1898) size 1x16
                  RenderInline {A} at (0,1913) size 87x16 [color=#0000EE]
                    RenderText {#text} at (0,1913) size 87x16
                      text run at (0,1913) width 87: "LIKE Predicate"
                  RenderText {#text} at (0,0) size 0x0
                  RenderBR {BR} at (86,1913) size 1x16
                  RenderInline {A} at (0,1928) size 92x16 [color=#0000EE]
                    RenderText {#text} at (0,1928) size 92x16
                      text run at (0,1928) width 92: "NULL Predicate"
                  RenderText {#text} at (0,0) size 0x0
                  RenderBR {BR} at (91,1928) size 1x16
                  RenderInline {A} at (0,1943) size 93x16 [color=#0000EE]
                    RenderText {#text} at (0,1943) size 93x16
                      text run at (0,1943) width 93: "TYPE Predicate"
                  RenderText {#text} at (0,0) size 0x0
                  RenderBR {BR} at (92,1943) size 1x16
                  RenderInline {A} at (0,1958) size 107x16 [color=#0000EE]
                    RenderText {#text} at (0,1958) size 107x16
                      text run at (0,1958) width 107: "Search Conditions"
                  RenderText {#text} at (0,0) size 0x0
                  RenderBR {BR} at (106,1958) size 1x16
                  RenderInline {A} at (0,1973) size 58x15 [color=#0000EE]
                    RenderText {#text} at (0,1973) size 58x15
                      text run at (0,1973) width 58: "Examples"
                  RenderText {#text} at (0,0) size 0x0
                RenderBlock {P} at (0,3201) size 707x1930
                  RenderInline {B} at (0,0) size 63x15
                    RenderInline {A} at (0,0) size 63x15 [color=#0000EE]
                      RenderText {#text} at (0,0) size 63x15
                        text run at (0,0) width 63: "Functions"
                  RenderBR {BR} at (62,0) size 1x15
                  RenderBR {BR} at (0,15) size 0x15
                  RenderInline {A} at (0,30) size 105x15 [color=#0000EE]
                    RenderText {#text} at (0,30) size 105x15
                      text run at (0,30) width 105: "Column Functions"
                  RenderText {#text} at (0,0) size 0x0
                  RenderBR {BR} at (104,30) size 1x15
                  RenderInline {A} at (0,45) size 27x15 [color=#0000EE]
                    RenderText {#text} at (0,45) size 27x15
                      text run at (0,45) width 27: "AVG"
                  RenderText {#text} at (0,0) size 0x0
                  RenderBR {BR} at (26,45) size 1x15
                  RenderInline {A} at (0,60) size 93x15 [color=#0000EE]
                    RenderText {#text} at (0,60) size 93x15
                      text run at (0,60) width 93: "CORRELATION"
                  RenderText {#text} at (0,0) size 0x0
                  RenderBR {BR} at (92,60) size 1x15
                  RenderInline {A} at (0,74) size 47x16 [color=#0000EE]
                    RenderText {#text} at (0,74) size 47x16
                      text run at (0,74) width 47: "COUNT"
                  RenderText {#text} at (0,0) size 0x0
                  RenderBR {BR} at (46,74) size 1x16
                  RenderInline {A} at (0,89) size 76x16 [color=#0000EE]
                    RenderText {#text} at (0,89) size 76x16
                      text run at (0,89) width 76: "COUNT_BIG"
                  RenderText {#text} at (0,0) size 0x0
                  RenderBR {BR} at (75,89) size 1x16
                  RenderInline {A} at (0,104) size 85x16 [color=#0000EE]
                    RenderText {#text} at (0,104) size 85x16
                      text run at (0,104) width 85: "COVARIANCE"
                  RenderText {#text} at (0,0) size 0x0
                  RenderBR {BR} at (84,104) size 1x16
                  RenderInline {A} at (0,119) size 71x16 [color=#0000EE]
                    RenderText {#text} at (0,119) size 71x16
                      text run at (0,119) width 71: "GROUPING"
                  RenderText {#text} at (0,0) size 0x0
                  RenderBR {BR} at (70,119) size 1x16
                  RenderInline {A} at (0,134) size 29x16 [color=#0000EE]
                    RenderText {#text} at (0,134) size 29x16
                      text run at (0,134) width 29: "MAX"
                  RenderText {#text} at (0,0) size 0x0
                  RenderBR {BR} at (28,134) size 1x16
                  RenderInline {A} at (0,149) size 24x16 [color=#0000EE]
                    RenderText {#text} at (0,149) size 24x16
                      text run at (0,149) width 24: "MIN"
                  RenderText {#text} at (0,0) size 0x0
                  RenderBR {BR} at (23,149) size 1x16
                  RenderInline {A} at (0,164) size 147x16 [color=#0000EE]
                    RenderText {#text} at (0,164) size 147x16
                      text run at (0,164) width 147: "REGRESSION Functions"
                  RenderText {#text} at (0,0) size 0x0
                  RenderBR {BR} at (146,164) size 1x16
                  RenderInline {A} at (0,179) size 53x16 [color=#0000EE]
                    RenderText {#text} at (0,179) size 53x16
                      text run at (0,179) width 53: "STDDEV"
                  RenderText {#text} at (0,0) size 0x0
                  RenderBR {BR} at (52,179) size 1x16
                  RenderInline {A} at (0,194) size 29x16 [color=#0000EE]
                    RenderText {#text} at (0,194) size 29x16
                      text run at (0,194) width 29: "SUM"
                  RenderText {#text} at (0,0) size 0x0
                  RenderBR {BR} at (28,194) size 1x16
                  RenderInline {A} at (0,209) size 66x16 [color=#0000EE]
                    RenderText {#text} at (0,209) size 66x16
                      text run at (0,209) width 66: "VARIANCE"
                  RenderText {#text} at (0,0) size 0x0
                  RenderBR {BR} at (65,209) size 1x16
                  RenderInline {A} at (0,224) size 97x15 [color=#0000EE]
                    RenderText {#text} at (0,224) size 97x15
                      text run at (0,224) width 97: "Scalar Functions"
                  RenderText {#text} at (0,0) size 0x0
                  RenderBR {BR} at (96,224) size 1x15
                  RenderInline {A} at (0,239) size 95x15 [color=#0000EE]
                    RenderText {#text} at (0,239) size 95x15
                      text run at (0,239) width 95: "ABS or ABSVAL"
                  RenderText {#text} at (0,0) size 0x0
                  RenderBR {BR} at (94,239) size 1x15
                  RenderInline {A} at (0,254) size 37x15 [color=#0000EE]
                    RenderText {#text} at (0,254) size 37x15
                      text run at (0,254) width 37: "ACOS"
                  RenderText {#text} at (0,0) size 0x0
                  RenderBR {BR} at (36,254) size 1x15
                  RenderInline {A} at (0,269) size 34x15 [color=#0000EE]
                    RenderText {#text} at (0,269) size 34x15
                      text run at (0,269) width 34: "ASCII"
                  RenderText {#text} at (0,0) size 0x0
                  RenderBR {BR} at (33,269) size 1x15
                  RenderInline {A} at (0,284) size 31x15 [color=#0000EE]
                    RenderText {#text} at (0,284) size 31x15
                      text run at (0,284) width 31: "ASIN"
                  RenderText {#text} at (0,0) size 0x0
                  RenderBR {BR} at (30,284) size 1x15
                  RenderInline {A} at (0,299) size 33x15 [color=#0000EE]
                    RenderText {#text} at (0,299) size 33x15
                      text run at (0,299) width 33: "ATAN"
                  RenderText {#text} at (0,0) size 0x0
                  RenderBR {BR} at (32,299) size 1x15
                  RenderInline {A} at (0,314) size 40x15 [color=#0000EE]
                    RenderText {#text} at (0,314) size 40x15
                      text run at (0,314) width 40: "ATAN2"
                  RenderText {#text} at (0,0) size 0x0
                  RenderBR {BR} at (39,314) size 1x15
                  RenderInline {A} at (0,329) size 44x15 [color=#0000EE]
                    RenderText {#text} at (0,329) size 44x15
                      text run at (0,329) width 44: "BIGINT"
                  RenderText {#text} at (0,0) size 0x0
                  RenderBR {BR} at (43,329) size 1x15
                  RenderInline {A} at (0,344) size 35x15 [color=#0000EE]
                    RenderText {#text} at (0,344) size 35x15
                      text run at (0,344) width 35: "BLOB"
                  RenderText {#text} at (0,0) size 0x0
                  RenderBR {BR} at (34,344) size 1x15
                  RenderInline {A} at (0,358) size 100x16 [color=#0000EE]
                    RenderText {#text} at (0,358) size 100x16
                      text run at (0,358) width 100: "CEILING or CEIL"
                  RenderText {#text} at (0,0) size 0x0
                  RenderBR {BR} at (99,358) size 1x16
                  RenderInline {A} at (0,373) size 37x16 [color=#0000EE]
                    RenderText {#text} at (0,373) size 37x16
                      text run at (0,373) width 37: "CHAR"
                  RenderText {#text} at (0,0) size 0x0
                  RenderBR {BR} at (36,373) size 1x16
                  RenderInline {A} at (0,388) size 29x16 [color=#0000EE]
                    RenderText {#text} at (0,388) size 29x16
                      text run at (0,388) width 29: "CHR"
                  RenderText {#text} at (0,0) size 0x0
                  RenderBR {BR} at (28,388) size 1x16
                  RenderInline {A} at (0,403) size 36x16 [color=#0000EE]
                    RenderText {#text} at (0,403) size 36x16
                      text run at (0,403) width 36: "CLOB"
                  RenderText {#text} at (0,0) size 0x0
                  RenderBR {BR} at (35,403) size 1x16
                  RenderInline {A} at (0,418) size 71x16 [color=#0000EE]
                    RenderText {#text} at (0,418) size 71x16
                      text run at (0,418) width 71: "COALESCE"
                  RenderText {#text} at (0,0) size 0x0
                  RenderBR {BR} at (70,418) size 1x16
                  RenderInline {A} at (0,433) size 54x16 [color=#0000EE]
                    RenderText {#text} at (0,433) size 54x16
                      text run at (0,433) width 54: "CONCAT"
                  RenderText {#text} at (0,0) size 0x0
                  RenderBR {BR} at (53,433) size 1x16
                  RenderInline {A} at (0,448) size 29x16 [color=#0000EE]
                    RenderText {#text} at (0,448) size 29x16
                      text run at (0,448) width 29: "COS"
                  RenderText {#text} at (0,0) size 0x0
                  RenderBR {BR} at (28,448) size 1x16
                  RenderInline {A} at (0,463) size 28x16 [color=#0000EE]
                    RenderText {#text} at (0,463) size 28x16
                      text run at (0,463) width 28: "COT"
                  RenderText {#text} at (0,0) size 0x0
                  RenderBR {BR} at (27,463) size 1x16
                  RenderInline {A} at (0,478) size 34x16 [color=#0000EE]
                    RenderText {#text} at (0,478) size 34x16
                      text run at (0,478) width 34: "DATE"
                  RenderText {#text} at (0,0) size 0x0
                  RenderBR {BR} at (33,478) size 1x16
                  RenderInline {A} at (0,493) size 26x16 [color=#0000EE]
                    RenderText {#text} at (0,493) size 26x16
                      text run at (0,493) width 26: "DAY"
                  RenderText {#text} at (0,0) size 0x0
                  RenderBR {BR} at (25,493) size 1x16
                  RenderInline {A} at (0,508) size 64x15 [color=#0000EE]
                    RenderText {#text} at (0,508) size 64x15
                      text run at (0,508) width 64: "DAYNAME"
                  RenderText {#text} at (0,0) size 0x0
                  RenderBR {BR} at (63,508) size 1x15
                  RenderInline {A} at (0,523) size 83x15 [color=#0000EE]
                    RenderText {#text} at (0,523) size 83x15
                      text run at (0,523) width 83: "DAYOFWEEK"
                  RenderText {#text} at (0,0) size 0x0
                  RenderBR {BR} at (82,523) size 1x15
                  RenderInline {A} at (0,538) size 112x15 [color=#0000EE]
                    RenderText {#text} at (0,538) size 112x15
                      text run at (0,538) width 112: "DAYOFWEEK_ISO"
                  RenderText {#text} at (0,0) size 0x0
                  RenderBR {BR} at (111,538) size 1x15
                  RenderInline {A} at (0,553) size 80x15 [color=#0000EE]
                    RenderText {#text} at (0,553) size 80x15
                      text run at (0,553) width 80: "DAYOFYEAR"
                  RenderText {#text} at (0,0) size 0x0
                  RenderBR {BR} at (79,553) size 1x15
                  RenderInline {A} at (0,568) size 35x15 [color=#0000EE]
                    RenderText {#text} at (0,568) size 35x15
                      text run at (0,568) width 35: "DAYS"
                  RenderText {#text} at (0,0) size 0x0
                  RenderBR {BR} at (34,568) size 1x15
                  RenderInline {A} at (0,583) size 54x15 [color=#0000EE]
                    RenderText {#text} at (0,583) size 54x15
                      text run at (0,583) width 54: "DBCLOB"
                  RenderText {#text} at (0,0) size 0x0
                  RenderBR {BR} at (53,583) size 1x15
                  RenderInline {A} at (0,598) size 58x15 [color=#0000EE]
                    RenderText {#text} at (0,598) size 58x15
                      text run at (0,598) width 58: "DECIMAL"
                  RenderText {#text} at (0,0) size 0x0
                  RenderBR {BR} at (57,598) size 1x15
                  RenderInline {A} at (0,613) size 64x15 [color=#0000EE]
                    RenderText {#text} at (0,613) size 64x15
                      text run at (0,613) width 64: "DEGREES"
                  RenderText {#text} at (0,0) size 0x0
                  RenderBR {BR} at (63,613) size 1x15
                  RenderInline {A} at (0,628) size 45x15 [color=#0000EE]
                    RenderText {#text} at (0,628) size 45x15
                      text run at (0,628) width 45: "DEREF"
                  RenderText {#text} at (0,0) size 0x0
                  RenderBR {BR} at (44,628) size 1x15
                  RenderInline {A} at (0,643) size 84x15 [color=#0000EE]
                    RenderText {#text} at (0,643) size 84x15
                      text run at (0,643) width 84: "DIFFERENCE"
                  RenderText {#text} at (0,0) size 0x0
                  RenderBR {BR} at (83,643) size 1x15
                  RenderInline {A} at (0,657) size 44x16 [color=#0000EE]
                    RenderText {#text} at (0,657) size 44x16
                      text run at (0,657) width 44: "DIGITS"
                  RenderText {#text} at (0,0) size 0x0
                  RenderBR {BR} at (43,657) size 1x16
                  RenderInline {A} at (0,672) size 84x16 [color=#0000EE]
                    RenderText {#text} at (0,672) size 84x16
                      text run at (0,672) width 84: "DLCOMMENT"
                  RenderText {#text} at (0,0) size 0x0
                  RenderBR {BR} at (83,672) size 1x16
                  RenderInline {A} at (0,687) size 80x16 [color=#0000EE]
                    RenderText {#text} at (0,687) size 80x16
                      text run at (0,687) width 80: "DLLINKTYPE"
                  RenderText {#text} at (0,0) size 0x0
                  RenderBR {BR} at (79,687) size 1x16
                  RenderInline {A} at (0,702) size 115x16 [color=#0000EE]
                    RenderText {#text} at (0,702) size 115x16
                      text run at (0,702) width 115: "DLURLCOMPLETE"
                  RenderText {#text} at (0,0) size 0x0
                  RenderBR {BR} at (114,702) size 1x16
                  RenderInline {A} at (0,717) size 76x16 [color=#0000EE]
                    RenderText {#text} at (0,717) size 76x16
                      text run at (0,717) width 76: "DLURLPATH"
                  RenderText {#text} at (0,0) size 0x0
                  RenderBR {BR} at (75,717) size 1x16
                  RenderInline {A} at (0,732) size 110x16 [color=#0000EE]
                    RenderText {#text} at (0,732) size 110x16
                      text run at (0,732) width 110: "DLURLPATHONLY"
                  RenderText {#text} at (0,0) size 0x0
                  RenderBR {BR} at (109,732) size 1x16
                  RenderInline {A} at (0,747) size 99x16 [color=#0000EE]
                    RenderText {#text} at (0,747) size 99x16
                      text run at (0,747) width 99: "DLURLSCHEME"
                  RenderText {#text} at (0,0) size 0x0
                  RenderBR {BR} at (98,747) size 1x16
                  RenderInline {A} at (0,762) size 96x16 [color=#0000EE]
                    RenderText {#text} at (0,762) size 96x16
                      text run at (0,762) width 96: "DLURLSERVER"
                  RenderText {#text} at (0,0) size 0x0
                  RenderBR {BR} at (95,762) size 1x16
                  RenderInline {A} at (0,777) size 58x16 [color=#0000EE]
                    RenderText {#text} at (0,777) size 58x16
                      text run at (0,777) width 58: "DLVALUE"
                  RenderText {#text} at (0,0) size 0x0
                  RenderBR {BR} at (57,777) size 1x16
                  RenderInline {A} at (0,792) size 54x16 [color=#0000EE]
                    RenderText {#text} at (0,792) size 54x16
                      text run at (0,792) width 54: "DOUBLE"
                  RenderText {#text} at (0,0) size 0x0
                  RenderBR {BR} at (53,792) size 1x16
                  RenderInline {A} at (0,807) size 129x15 [color=#0000EE]
                    RenderText {#text} at (0,807) size 129x15
                      text run at (0,807) width 129: "EVENT_MON_STATE"
                  RenderText {#text} at (0,0) size 0x0
                  RenderBR {BR} at (128,807) size 1x15
                  RenderInline {A} at (0,822) size 27x15 [color=#0000EE]
                    RenderText {#text} at (0,822) size 27x15
                      text run at (0,822) width 27: "EXP"
                  RenderText {#text} at (0,0) size 0x0
                  RenderBR {BR} at (26,822) size 1x15
                  RenderInline {A} at (0,837) size 41x15 [color=#0000EE]
                    RenderText {#text} at (0,837) size 41x15
                      text run at (0,837) width 41: "FLOAT"
                  RenderText {#text} at (0,0) size 0x0
                  RenderBR {BR} at (40,837) size 1x15
                  RenderInline {A} at (0,852) size 45x15 [color=#0000EE]
                    RenderText {#text} at (0,852) size 45x15
                      text run at (0,852) width 45: "FLOOR"
                  RenderText {#text} at (0,0) size 0x0
                  RenderBR {BR} at (44,852) size 1x15
                  RenderInline {A} at (0,867) size 129x15 [color=#0000EE]
                    RenderText {#text} at (0,867) size 129x15
                      text run at (0,867) width 129: "GENERATE_UNIQUE"
                  RenderText {#text} at (0,0) size 0x0
                  RenderBR {BR} at (128,867) size 1x15
                  RenderInline {A} at (0,882) size 60x15 [color=#0000EE]
                    RenderText {#text} at (0,882) size 60x15
                      text run at (0,882) width 60: "GRAPHIC"
                  RenderText {#text} at (0,0) size 0x0
                  RenderBR {BR} at (59,882) size 1x15
                  RenderInline {A} at (0,897) size 27x15 [color=#0000EE]
                    RenderText {#text} at (0,897) size 27x15
                      text run at (0,897) width 27: "HEX"
                  RenderText {#text} at (0,0) size 0x0
                  RenderBR {BR} at (26,897) size 1x15
                  RenderInline {A} at (0,912) size 39x15 [color=#0000EE]
                    RenderText {#text} at (0,912) size 39x15
                      text run at (0,912) width 39: "HOUR"
                  RenderText {#text} at (0,0) size 0x0
                  RenderBR {BR} at (38,912) size 1x15
                  RenderInline {A} at (0,927) size 48x15 [color=#0000EE]
                    RenderText {#text} at (0,927) size 48x15
                      text run at (0,927) width 48: "INSERT"
                  RenderText {#text} at (0,0) size 0x0
                  RenderBR {BR} at (47,927) size 1x15
                  RenderInline {A} at (0,941) size 58x16 [color=#0000EE]
                    RenderText {#text} at (0,941) size 58x16
                      text run at (0,941) width 58: "INTEGER"
                  RenderText {#text} at (0,0) size 0x0
                  RenderBR {BR} at (57,941) size 1x16
                  RenderInline {A} at (0,956) size 78x16 [color=#0000EE]
                    RenderText {#text} at (0,956) size 78x16
                      text run at (0,956) width 78: "JULIAN_DAY"
                  RenderText {#text} at (0,0) size 0x0
                  RenderBR {BR} at (77,956) size 1x16
                  RenderInline {A} at (0,971) size 110x16 [color=#0000EE]
                    RenderText {#text} at (0,971) size 110x16
                      text run at (0,971) width 110: "LCASE or LOWER"
                  RenderText {#text} at (0,0) size 0x0
                  RenderBR {BR} at (109,971) size 1x16
                  RenderInline {A} at (0,986) size 157x16 [color=#0000EE]
                    RenderText {#text} at (0,986) size 157x16
                      text run at (0,986) width 157: "LCASE (SYSFUN schema)"
                  RenderText {#text} at (0,0) size 0x0
                  RenderBR {BR} at (156,986) size 1x16
                  RenderInline {A} at (0,1001) size 32x16 [color=#0000EE]
                    RenderText {#text} at (0,1001) size 32x16
                      text run at (0,1001) width 32: "LEFT"
                  RenderText {#text} at (0,0) size 0x0
                  RenderBR {BR} at (31,1001) size 1x16
                  RenderInline {A} at (0,1016) size 53x16 [color=#0000EE]
                    RenderText {#text} at (0,1016) size 53x16
                      text run at (0,1016) width 53: "LENGTH"
                  RenderText {#text} at (0,0) size 0x0
                  RenderBR {BR} at (52,1016) size 1x16
                  RenderInline {A} at (0,1031) size 17x16 [color=#0000EE]
                    RenderText {#text} at (0,1031) size 17x16
                      text run at (0,1031) width 17: "LN"
                  RenderText {#text} at (0,0) size 0x0
                  RenderBR {BR} at (16,1031) size 1x16
                  RenderInline {A} at (0,1046) size 52x16 [color=#0000EE]
                    RenderText {#text} at (0,1046) size 52x16
                      text run at (0,1046) width 52: "LOCATE"
                  RenderText {#text} at (0,0) size 0x0
                  RenderBR {BR} at (51,1046) size 1x16
                  RenderInline {A} at (0,1061) size 28x16 [color=#0000EE]
                    RenderText {#text} at (0,1061) size 28x16
                      text run at (0,1061) width 28: "LOG"
                  RenderText {#text} at (0,0) size 0x0
                  RenderBR {BR} at (27,1061) size 1x16
                  RenderInline {A} at (0,1076) size 42x16 [color=#0000EE]
                    RenderText {#text} at (0,1076) size 42x16
                      text run at (0,1076) width 42: "LOG10"
                  RenderText {#text} at (0,0) size 0x0
                  RenderBR {BR} at (41,1076) size 1x16
                  RenderInline {A} at (0,1091) size 107x15 [color=#0000EE]
                    RenderText {#text} at (0,1091) size 107x15
                      text run at (0,1091) width 107: "LONG_VARCHAR"
                  RenderText {#text} at (0,0) size 0x0
                  RenderBR {BR} at (106,1091) size 1x15
                  RenderInline {A} at (0,1106) size 130x15 [color=#0000EE]
                    RenderText {#text} at (0,1106) size 130x15
                      text run at (0,1106) width 130: "LONG_VARGRAPHIC"
                  RenderText {#text} at (0,0) size 0x0
                  RenderBR {BR} at (129,1106) size 1x15
                  RenderInline {A} at (0,1121) size 39x15 [color=#0000EE]
                    RenderText {#text} at (0,1121) size 39x15
                      text run at (0,1121) width 39: "LTRIM"
                  RenderText {#text} at (0,0) size 0x0
                  RenderBR {BR} at (38,1121) size 1x15
                  RenderInline {A} at (0,1136) size 153x15 [color=#0000EE]
                    RenderText {#text} at (0,1136) size 153x15
                      text run at (0,1136) width 153: "LTRIM (SYSFUN schema)"
                  RenderText {#text} at (0,0) size 0x0
                  RenderBR {BR} at (152,1136) size 1x15
                  RenderInline {A} at (0,1151) size 99x15 [color=#0000EE]
                    RenderText {#text} at (0,1151) size 99x15
                      text run at (0,1151) width 99: "MICROSECOND"
                  RenderText {#text} at (0,0) size 0x0
                  RenderBR {BR} at (98,1151) size 1x15
                  RenderInline {A} at (0,1166) size 136x15 [color=#0000EE]
                    RenderText {#text} at (0,1166) size 136x15
                      text run at (0,1166) width 136: "MIDNIGHT_SECONDS"
                  RenderText {#text} at (0,0) size 0x0
                  RenderBR {BR} at (135,1166) size 1x15
                  RenderInline {A} at (0,1181) size 50x15 [color=#0000EE]
                    RenderText {#text} at (0,1181) size 50x15
                      text run at (0,1181) width 50: "MINUTE"
                  RenderText {#text} at (0,0) size 0x0
                  RenderBR {BR} at (49,1181) size 1x15
                  RenderInline {A} at (0,1196) size 31x15 [color=#0000EE]
                    RenderText {#text} at (0,1196) size 31x15
                      text run at (0,1196) width 31: "MOD"
                  RenderText {#text} at (0,0) size 0x0
                  RenderBR {BR} at (30,1196) size 1x15
                  RenderInline {A} at (0,1211) size 48x15 [color=#0000EE]
                    RenderText {#text} at (0,1211) size 48x15
                      text run at (0,1211) width 48: "MONTH"
                  RenderText {#text} at (0,0) size 0x0
                  RenderBR {BR} at (47,1211) size 1x15
                  RenderInline {A} at (0,1226) size 86x15 [color=#0000EE]
                    RenderText {#text} at (0,1226) size 86x15
                      text run at (0,1226) width 86: "MONTHNAME"
                  RenderText {#text} at (0,0) size 0x0
                  RenderBR {BR} at (85,1226) size 1x15
                  RenderInline {A} at (0,1240) size 94x16 [color=#0000EE]
                    RenderText {#text} at (0,1240) size 94x16
                      text run at (0,1240) width 94: "NODENUMBER"
                  RenderText {#text} at (0,0) size 0x0
                  RenderBR {BR} at (93,1240) size 1x16
                  RenderInline {A} at (0,1255) size 45x16 [color=#0000EE]
                    RenderText {#text} at (0,1255) size 45x16
                      text run at (0,1255) width 45: "NULLIF"
                  RenderText {#text} at (0,0) size 0x0
                  RenderBR {BR} at (44,1255) size 1x16
                  RenderInline {A} at (0,1270) size 69x16 [color=#0000EE]
                    RenderText {#text} at (0,1270) size 69x16
                      text run at (0,1270) width 69: "PARTITION"
                  RenderText {#text} at (0,0) size 0x0
                  RenderBR {BR} at (68,1270) size 1x16
                  RenderInline {A} at (0,1285) size 54x16 [color=#0000EE]
                    RenderText {#text} at (0,1285) size 54x16
                      text run at (0,1285) width 54: "POSSTR"
                  RenderText {#text} at (0,0) size 0x0
                  RenderBR {BR} at (53,1285) size 1x16
                  RenderInline {A} at (0,1300) size 50x16 [color=#0000EE]
                    RenderText {#text} at (0,1300) size 50x16
                      text run at (0,1300) width 50: "POWER"
                  RenderText {#text} at (0,0) size 0x0
                  RenderBR {BR} at (49,1300) size 1x16
                  RenderInline {A} at (0,1315) size 64x16 [color=#0000EE]
                    RenderText {#text} at (0,1315) size 64x16
                      text run at (0,1315) width 64: "QUARTER"
                  RenderText {#text} at (0,0) size 0x0
                  RenderBR {BR} at (63,1315) size 1x16
                  RenderInline {A} at (0,1330) size 58x16 [color=#0000EE]
                    RenderText {#text} at (0,1330) size 58x16
                      text run at (0,1330) width 58: "RADIANS"
                  RenderText {#text} at (0,0) size 0x0
                  RenderBR {BR} at (57,1330) size 1x16
                  RenderInline {A} at (0,1345) size 94x16 [color=#0000EE]
                    RenderText {#text} at (0,1345) size 94x16
                      text run at (0,1345) width 94: "RAISE_ERROR"
                  RenderText {#text} at (0,0) size 0x0
                  RenderBR {BR} at (93,1345) size 1x16
                  RenderInline {A} at (0,1360) size 37x16 [color=#0000EE]
                    RenderText {#text} at (0,1360) size 37x16
                      text run at (0,1360) width 37: "RAND"
                  RenderText {#text} at (0,0) size 0x0
                  RenderBR {BR} at (36,1360) size 1x16
                  RenderInline {A} at (0,1375) size 34x16 [color=#0000EE]
                    RenderText {#text} at (0,1375) size 34x16
                      text run at (0,1375) width 34: "REAL"
                  RenderText {#text} at (0,0) size 0x0
                  RenderBR {BR} at (33,1375) size 1x16
                  RenderInline {A} at (0,1390) size 52x15 [color=#0000EE]
                    RenderText {#text} at (0,1390) size 52x15
                      text run at (0,1390) width 52: "REPEAT"
                  RenderText {#text} at (0,0) size 0x0
                  RenderBR {BR} at (51,1390) size 1x15
                  RenderInline {A} at (0,1405) size 61x15 [color=#0000EE]
                    RenderText {#text} at (0,1405) size 61x15
                      text run at (0,1405) width 61: "REPLACE"
                  RenderText {#text} at (0,0) size 0x0
                  RenderBR {BR} at (60,1405) size 1x15
                  RenderInline {A} at (0,1420) size 41x15 [color=#0000EE]
                    RenderText {#text} at (0,1420) size 41x15
                      text run at (0,1420) width 41: "RIGHT"
                  RenderText {#text} at (0,0) size 0x0
                  RenderBR {BR} at (40,1420) size 1x15
                  RenderInline {A} at (0,1435) size 48x15 [color=#0000EE]
                    RenderText {#text} at (0,1435) size 48x15
                      text run at (0,1435) width 48: "ROUND"
                  RenderText {#text} at (0,0) size 0x0
                  RenderBR {BR} at (47,1435) size 1x15
                  RenderInline {A} at (0,1450) size 41x15 [color=#0000EE]
                    RenderText {#text} at (0,1450) size 41x15
                      text run at (0,1450) width 41: "RTRIM"
                  RenderText {#text} at (0,0) size 0x0
                  RenderBR {BR} at (40,1450) size 1x15
                  RenderInline {A} at (0,1465) size 156x15 [color=#0000EE]
                    RenderText {#text} at (0,1465) size 156x15
                      text run at (0,1465) width 156: "RTRIM (SYSFUN schema)"
                  RenderText {#text} at (0,0) size 0x0
                  RenderBR {BR} at (155,1465) size 1x15
                  RenderInline {A} at (0,1480) size 56x15 [color=#0000EE]
                    RenderText {#text} at (0,1480) size 56x15
                      text run at (0,1480) width 56: "SECOND"
                  RenderText {#text} at (0,0) size 0x0
                  RenderBR {BR} at (55,1480) size 1x15
                  RenderInline {A} at (0,1495) size 32x15 [color=#0000EE]
                    RenderText {#text} at (0,1495) size 32x15
                      text run at (0,1495) width 32: "SIGN"
                  RenderText {#text} at (0,0) size 0x0
                  RenderBR {BR} at (31,1495) size 1x15
                  RenderInline {A} at (0,1510) size 22x15 [color=#0000EE]
                    RenderText {#text} at (0,1510) size 22x15
                      text run at (0,1510) width 22: "SIN"
                  RenderText {#text} at (0,0) size 0x0
                  RenderBR {BR} at (21,1510) size 1x15
                  RenderInline {A} at (0,1524) size 64x16 [color=#0000EE]
                    RenderText {#text} at (0,1524) size 64x16
                      text run at (0,1524) width 64: "SMALLINT"
                  RenderText {#text} at (0,0) size 0x0
                  RenderBR {BR} at (63,1524) size 1x16
                  RenderInline {A} at (0,1539) size 65x16 [color=#0000EE]
                    RenderText {#text} at (0,1539) size 65x16
                      text run at (0,1539) width 65: "SOUNDEX"
                  RenderText {#text} at (0,0) size 0x0
                  RenderBR {BR} at (64,1539) size 1x16
                  RenderInline {A} at (0,1554) size 44x16 [color=#0000EE]
                    RenderText {#text} at (0,1554) size 44x16
                      text run at (0,1554) width 44: "SPACE"
                  RenderText {#text} at (0,0) size 0x0
                  RenderBR {BR} at (43,1554) size 1x16
                  RenderInline {A} at (0,1569) size 36x16 [color=#0000EE]
                    RenderText {#text} at (0,1569) size 36x16
                      text run at (0,1569) width 36: "SQRT"
                  RenderText {#text} at (0,0) size 0x0
                  RenderBR {BR} at (35,1569) size 1x16
                  RenderInline {A} at (0,1584) size 53x16 [color=#0000EE]
                    RenderText {#text} at (0,1584) size 53x16
                      text run at (0,1584) width 53: "SUBSTR"
                  RenderText {#text} at (0,0) size 0x0
                  RenderBR {BR} at (52,1584) size 1x16
                  RenderInline {A} at (0,1599) size 86x16 [color=#0000EE]
                    RenderText {#text} at (0,1599) size 86x16
                      text run at (0,1599) width 86: "TABLE_NAME"
                  RenderText {#text} at (0,0) size 0x0
                  RenderBR {BR} at (85,1599) size 1x16
                  RenderInline {A} at (0,1614) size 104x16 [color=#0000EE]
                    RenderText {#text} at (0,1614) size 104x16
                      text run at (0,1614) width 104: "TABLE_SCHEMA"
                  RenderText {#text} at (0,0) size 0x0
                  RenderBR {BR} at (103,1614) size 1x16
                  RenderInline {A} at (0,1629) size 26x16 [color=#0000EE]
                    RenderText {#text} at (0,1629) size 26x16
                      text run at (0,1629) width 26: "TAN"
                  RenderText {#text} at (0,0) size 0x0
                  RenderBR {BR} at (25,1629) size 1x16
                  RenderInline {A} at (0,1644) size 32x16 [color=#0000EE]
                    RenderText {#text} at (0,1644) size 32x16
                      text run at (0,1644) width 32: "TIME"
                  RenderText {#text} at (0,0) size 0x0
                  RenderBR {BR} at (31,1644) size 1x16
                  RenderInline {A} at (0,1659) size 75x16 [color=#0000EE]
                    RenderText {#text} at (0,1659) size 75x16
                      text run at (0,1659) width 75: "TIMESTAMP"
                  RenderText {#text} at (0,0) size 0x0
                  RenderBR {BR} at (74,1659) size 1x16
                  RenderInline {A} at (0,1674) size 105x15 [color=#0000EE]
                    RenderText {#text} at (0,1674) size 105x15
                      text run at (0,1674) width 105: "TIMESTAMP_ISO"
                  RenderText {#text} at (0,0) size 0x0
                  RenderBR {BR} at (104,1674) size 1x15
                  RenderInline {A} at (0,1689) size 104x15 [color=#0000EE]
                    RenderText {#text} at (0,1689) size 104x15
                      text run at (0,1689) width 104: "TIMESTAMPDIFF"
                  RenderText {#text} at (0,0) size 0x0
                  RenderBR {BR} at (103,1689) size 1x15
                  RenderInline {A} at (0,1704) size 76x15 [color=#0000EE]
                    RenderText {#text} at (0,1704) size 76x15
                      text run at (0,1704) width 76: "TRANSLATE"
                  RenderText {#text} at (0,0) size 0x0
                  RenderBR {BR} at (75,1704) size 1x15
                  RenderInline {A} at (0,1719) size 135x15 [color=#0000EE]
                    RenderText {#text} at (0,1719) size 135x15
                      text run at (0,1719) width 135: "TRUNCATE or TRUNC"
                  RenderText {#text} at (0,0) size 0x0
                  RenderBR {BR} at (134,1719) size 1x15
                  RenderInline {A} at (0,1734) size 55x15 [color=#0000EE]
                    RenderText {#text} at (0,1734) size 55x15
                      text run at (0,1734) width 55: "TYPE_ID"
                  RenderText {#text} at (0,0) size 0x0
                  RenderBR {BR} at (54,1734) size 1x15
                  RenderInline {A} at (0,1749) size 79x15 [color=#0000EE]
                    RenderText {#text} at (0,1749) size 79x15
                      text run at (0,1749) width 79: "TYPE_NAME"
                  RenderText {#text} at (0,0) size 0x0
                  RenderBR {BR} at (78,1749) size 1x15
                  RenderInline {A} at (0,1764) size 97x15 [color=#0000EE]
                    RenderText {#text} at (0,1764) size 97x15
                      text run at (0,1764) width 97: "TYPE_SCHEMA"
                  RenderText {#text} at (0,0) size 0x0
                  RenderBR {BR} at (96,1764) size 1x15
                  RenderInline {A} at (0,1779) size 109x15 [color=#0000EE]
                    RenderText {#text} at (0,1779) size 109x15
                      text run at (0,1779) width 109: "UCASE or UPPER"
                  RenderText {#text} at (0,0) size 0x0
                  RenderBR {BR} at (108,1779) size 1x15
                  RenderInline {A} at (0,1794) size 42x15 [color=#0000EE]
                    RenderText {#text} at (0,1794) size 42x15
                      text run at (0,1794) width 42: "VALUE"
                  RenderText {#text} at (0,0) size 0x0
                  RenderBR {BR} at (41,1794) size 1x15
                  RenderInline {A} at (0,1809) size 63x15 [color=#0000EE]
                    RenderText {#text} at (0,1809) size 63x15
                      text run at (0,1809) width 63: "VARCHAR"
                  RenderText {#text} at (0,0) size 0x0
                  RenderBR {BR} at (62,1809) size 1x15
                  RenderInline {A} at (0,1823) size 85x16 [color=#0000EE]
                    RenderText {#text} at (0,1823) size 85x16
                      text run at (0,1823) width 85: "VARGRAPHIC"
                  RenderText {#text} at (0,0) size 0x0
                  RenderBR {BR} at (84,1823) size 1x16
                  RenderInline {A} at (0,1838) size 39x16 [color=#0000EE]
                    RenderText {#text} at (0,1838) size 39x16
                      text run at (0,1838) width 39: "WEEK"
                  RenderText {#text} at (0,0) size 0x0
                  RenderBR {BR} at (38,1838) size 1x16
                  RenderInline {A} at (0,1853) size 68x16 [color=#0000EE]
                    RenderText {#text} at (0,1853) size 68x16
                      text run at (0,1853) width 68: "WEEK_ISO"
                  RenderText {#text} at (0,0) size 0x0
                  RenderBR {BR} at (67,1853) size 1x16
                  RenderInline {A} at (0,1868) size 36x16 [color=#0000EE]
                    RenderText {#text} at (0,1868) size 36x16
                      text run at (0,1868) width 36: "YEAR"
                  RenderText {#text} at (0,0) size 0x0
                  RenderBR {BR} at (35,1868) size 1x16
                  RenderInline {A} at (0,1883) size 92x16 [color=#0000EE]
                    RenderText {#text} at (0,1883) size 92x16
                      text run at (0,1883) width 92: "Table Functions"
                  RenderText {#text} at (0,0) size 0x0
                  RenderBR {BR} at (91,1883) size 1x16
                  RenderInline {A} at (0,1898) size 151x16 [color=#0000EE]
                    RenderText {#text} at (0,1898) size 151x16
                      text run at (0,1898) width 151: "SQLCACHE_SNAPSHOT"
                  RenderText {#text} at (0,0) size 0x0
                  RenderBR {BR} at (150,1898) size 1x16
                  RenderInline {A} at (0,1913) size 137x16 [color=#0000EE]
                    RenderText {#text} at (0,1913) size 137x16
                      text run at (0,1913) width 137: "User-Defined Functions"
                  RenderText {#text} at (0,0) size 0x0
                RenderBlock {P} at (0,5143) size 707x345
                  RenderInline {B} at (0,0) size 49x15
                    RenderInline {A} at (0,0) size 49x15 [color=#0000EE]
                      RenderText {#text} at (0,0) size 49x15
                        text run at (0,0) width 49: "Queries"
                  RenderBR {BR} at (48,0) size 1x15
                  RenderBR {BR} at (0,15) size 0x15
                  RenderInline {A} at (0,30) size 55x15 [color=#0000EE]
                    RenderText {#text} at (0,30) size 55x15
                      text run at (0,30) width 55: "subselect"
                  RenderText {#text} at (0,0) size 0x0
                  RenderBR {BR} at (54,30) size 1x15
                  RenderInline {A} at (0,45) size 76x15 [color=#0000EE]
                    RenderText {#text} at (0,45) size 76x15
                      text run at (0,45) width 76: "select-clause"
                  RenderText {#text} at (0,0) size 0x0
                  RenderBR {BR} at (75,45) size 1x15
                  RenderInline {A} at (0,60) size 68x15 [color=#0000EE]
                    RenderText {#text} at (0,60) size 68x15
                      text run at (0,60) width 68: "from-clause"
                  RenderText {#text} at (0,0) size 0x0
                  RenderBR {BR} at (67,60) size 1x15
                  RenderInline {A} at (0,74) size 88x16 [color=#0000EE]
                    RenderText {#text} at (0,74) size 88x16
                      text run at (0,74) width 88: "table-reference"
                  RenderText {#text} at (0,0) size 0x0
                  RenderBR {BR} at (87,74) size 1x16
                  RenderInline {A} at (0,89) size 68x16 [color=#0000EE]
                    RenderText {#text} at (0,89) size 68x16
                      text run at (0,89) width 68: "joined-table"
                  RenderText {#text} at (0,0) size 0x0
                  RenderBR {BR} at (67,89) size 1x16
                  RenderInline {A} at (0,104) size 78x16 [color=#0000EE]
                    RenderText {#text} at (0,104) size 78x16
                      text run at (0,104) width 78: "where-clause"
                  RenderText {#text} at (0,0) size 0x0
                  RenderBR {BR} at (77,104) size 1x16
                  RenderInline {A} at (0,119) size 94x16 [color=#0000EE]
                    RenderText {#text} at (0,119) size 94x16
                      text run at (0,119) width 94: "group-by-clause"
                  RenderText {#text} at (0,0) size 0x0
                  RenderBR {BR} at (93,119) size 1x16
                  RenderInline {A} at (0,134) size 81x16 [color=#0000EE]
                    RenderText {#text} at (0,134) size 81x16
                      text run at (0,134) width 81: "having-clause"
                  RenderText {#text} at (0,0) size 0x0
                  RenderBR {BR} at (80,134) size 1x16
                  RenderInline {A} at (0,149) size 137x16 [color=#0000EE]
                    RenderText {#text} at (0,149) size 137x16
                      text run at (0,149) width 137: "Examples of subselects"
                  RenderText {#text} at (0,0) size 0x0
                  RenderBR {BR} at (136,149) size 1x16
                  RenderInline {A} at (0,164) size 106x16 [color=#0000EE]
                    RenderText {#text} at (0,164) size 106x16
                      text run at (0,164) width 106: "Examples of Joins"
                  RenderText {#text} at (0,0) size 0x0
                  RenderBR {BR} at (105,164) size 1x16
                  RenderInline {A} at (0,179) size 266x16 [color=#0000EE]
                    RenderText {#text} at (0,179) size 266x16
                      text run at (0,179) width 266: "Examples of Grouping Sets, Cube, and Rollup"
                  RenderText {#text} at (0,0) size 0x0
                  RenderBR {BR} at (265,179) size 1x16
                  RenderInline {A} at (0,194) size 51x16 [color=#0000EE]
                    RenderText {#text} at (0,194) size 51x16
                      text run at (0,194) width 51: "fullselect"
                  RenderText {#text} at (0,0) size 0x0
                  RenderBR {BR} at (50,194) size 1x16
                  RenderInline {A} at (0,209) size 137x16 [color=#0000EE]
                    RenderText {#text} at (0,209) size 137x16
                      text run at (0,209) width 137: "Examples of a fullselect"
                  RenderText {#text} at (0,0) size 0x0
                  RenderBR {BR} at (136,209) size 1x16
                  RenderInline {A} at (0,224) size 96x15 [color=#0000EE]
                    RenderText {#text} at (0,224) size 96x15
                      text run at (0,224) width 96: "select-statement"
                  RenderText {#text} at (0,0) size 0x0
                  RenderBR {BR} at (95,224) size 1x15
                  RenderInline {A} at (0,239) size 150x15 [color=#0000EE]
                    RenderText {#text} at (0,239) size 150x15
                      text run at (0,239) width 150: "common-table-expression"
                  RenderText {#text} at (0,0) size 0x0
                  RenderBR {BR} at (149,239) size 1x15
                  RenderInline {A} at (0,254) size 91x15 [color=#0000EE]
                    RenderText {#text} at (0,254) size 91x15
                      text run at (0,254) width 91: "order-by-clause"
                  RenderText {#text} at (0,0) size 0x0
                  RenderBR {BR} at (90,254) size 1x15
                  RenderInline {A} at (0,269) size 82x15 [color=#0000EE]
                    RenderText {#text} at (0,269) size 82x15
                      text run at (0,269) width 82: "update-clause"
                  RenderText {#text} at (0,0) size 0x0
                  RenderBR {BR} at (81,269) size 1x15
                  RenderInline {A} at (0,284) size 97x15 [color=#0000EE]
                    RenderText {#text} at (0,284) size 97x15
                      text run at (0,284) width 97: "read-only-clause"
                  RenderText {#text} at (0,0) size 0x0
                  RenderBR {BR} at (96,284) size 1x15
                  RenderInline {A} at (0,299) size 96x15 [color=#0000EE]
                    RenderText {#text} at (0,299) size 96x15
                      text run at (0,299) width 96: "fetch-first-clause"
                  RenderText {#text} at (0,0) size 0x0
                  RenderBR {BR} at (95,299) size 1x15
                  RenderInline {A} at (0,314) size 110x15 [color=#0000EE]
                    RenderText {#text} at (0,314) size 110x15
                      text run at (0,314) width 110: "optimize-for-clause"
                  RenderText {#text} at (0,0) size 0x0
                  RenderBR {BR} at (109,314) size 1x15
                  RenderInline {A} at (0,329) size 182x15 [color=#0000EE]
                    RenderText {#text} at (0,329) size 182x15
                      text run at (0,329) width 182: "Examples of a select-statement"
                  RenderText {#text} at (0,0) size 0x0
                RenderBlock {P} at (0,5500) size 707x1764
                  RenderInline {B} at (0,0) size 101x15
                    RenderInline {A} at (0,0) size 101x15 [color=#0000EE]
                      RenderText {#text} at (0,0) size 101x15
                        text run at (0,0) width 101: "SQL Statements"
                  RenderBR {BR} at (100,0) size 1x15
                  RenderBR {BR} at (0,15) size 0x15
                  RenderInline {A} at (0,30) size 198x15 [color=#0000EE]
                    RenderText {#text} at (0,30) size 198x15
                      text run at (0,30) width 198: "How SQL Statements Are Invoked"
                  RenderText {#text} at (0,0) size 0x0
                  RenderBR {BR} at (197,30) size 1x15
                  RenderInline {A} at (0,45) size 292x15 [color=#0000EE]
                    RenderText {#text} at (0,45) size 292x15
                      text run at (0,45) width 292: "Embedding a Statement in an Application Program"
                  RenderText {#text} at (0,0) size 0x0
                  RenderBR {BR} at (291,45) size 1x15
                  RenderInline {A} at (0,60) size 208x15 [color=#0000EE]
                    RenderText {#text} at (0,60) size 208x15
                      text run at (0,60) width 208: "Dynamic Preparation and Execution"
                  RenderText {#text} at (0,0) size 0x0
                  RenderBR {BR} at (207,60) size 1x15
                  RenderInline {A} at (0,74) size 220x16 [color=#0000EE]
                    RenderText {#text} at (0,74) size 220x16
                      text run at (0,74) width 220: "Static Invocation of a select-statement"
                  RenderText {#text} at (0,0) size 0x0
                  RenderBR {BR} at (219,74) size 1x16
                  RenderInline {A} at (0,89) size 238x16 [color=#0000EE]
                    RenderText {#text} at (0,89) size 238x16
                      text run at (0,89) width 238: "Dynamic Invocation of a select-statement"
                  RenderText {#text} at (0,0) size 0x0
                  RenderBR {BR} at (237,89) size 1x16
                  RenderInline {A} at (0,104) size 123x16 [color=#0000EE]
                    RenderText {#text} at (0,104) size 123x16
                      text run at (0,104) width 123: "Interactive Invocation"
                  RenderText {#text} at (0,0) size 0x0
                  RenderBR {BR} at (122,104) size 1x16
                  RenderInline {A} at (0,119) size 110x16 [color=#0000EE]
                    RenderText {#text} at (0,119) size 110x16
                      text run at (0,119) width 110: "SQL Return Codes"
                  RenderText {#text} at (0,0) size 0x0
                  RenderBR {BR} at (109,119) size 1x16
                  RenderInline {A} at (0,134) size 64x16 [color=#0000EE]
                    RenderText {#text} at (0,134) size 64x16
                      text run at (0,134) width 64: "SQLCODE"
                  RenderText {#text} at (0,0) size 0x0
                  RenderBR {BR} at (63,134) size 1x16
                  RenderInline {A} at (0,149) size 66x16 [color=#0000EE]
                    RenderText {#text} at (0,149) size 66x16
                      text run at (0,149) width 66: "SQLSTATE"
                  RenderText {#text} at (0,0) size 0x0
                  RenderBR {BR} at (65,149) size 1x16
                  RenderInline {A} at (0,164) size 92x16 [color=#0000EE]
                    RenderText {#text} at (0,164) size 92x16
                      text run at (0,164) width 92: "SQL Comments"
                  RenderText {#text} at (0,0) size 0x0
                  RenderBR {BR} at (91,164) size 1x16
                  RenderInline {A} at (0,179) size 133x16 [color=#0000EE]
                    RenderText {#text} at (0,179) size 133x16
                      text run at (0,179) width 133: "ALTER BUFFERPOOL"
                  RenderText {#text} at (0,0) size 0x0
                  RenderBR {BR} at (132,179) size 1x16
                  RenderInline {A} at (0,194) size 114x16 [color=#0000EE]
                    RenderText {#text} at (0,194) size 114x16
                      text run at (0,194) width 114: "ALTER NICKNAME"
                  RenderText {#text} at (0,0) size 0x0
                  RenderBR {BR} at (113,194) size 1x16
                  RenderInline {A} at (0,209) size 130x16 [color=#0000EE]
                    RenderText {#text} at (0,209) size 130x16
                      text run at (0,209) width 130: "ALTER NODEGROUP"
                  RenderText {#text} at (0,0) size 0x0
                  RenderBR {BR} at (129,209) size 1x16
                  RenderInline {A} at (0,224) size 98x15 [color=#0000EE]
                    RenderText {#text} at (0,224) size 98x15
                      text run at (0,224) width 98: "ALTER SERVER"
                  RenderText {#text} at (0,0) size 0x0
                  RenderBR {BR} at (97,224) size 1x15
                  RenderInline {A} at (0,239) size 85x15 [color=#0000EE]
                    RenderText {#text} at (0,239) size 85x15
                      text run at (0,239) width 85: "ALTER TABLE"
                  RenderText {#text} at (0,0) size 0x0
                  RenderBR {BR} at (84,239) size 1x15
                  RenderInline {A} at (0,254) size 128x15 [color=#0000EE]
                    RenderText {#text} at (0,254) size 128x15
                      text run at (0,254) width 128: "ALTER TABLESPACE"
                  RenderText {#text} at (0,0) size 0x0
                  RenderBR {BR} at (127,254) size 1x15
                  RenderInline {A} at (0,269) size 151x15 [color=#0000EE]
                    RenderText {#text} at (0,269) size 151x15
                      text run at (0,269) width 151: "ALTER TYPE (Structured)"
                  RenderText {#text} at (0,0) size 0x0
                  RenderBR {BR} at (150,269) size 1x15
                  RenderInline {A} at (0,284) size 145x15 [color=#0000EE]
                    RenderText {#text} at (0,284) size 145x15
                      text run at (0,284) width 145: "ALTER USER MAPPING"
                  RenderText {#text} at (0,0) size 0x0
                  RenderBR {BR} at (144,284) size 1x15
                  RenderInline {A} at (0,299) size 78x15 [color=#0000EE]
                    RenderText {#text} at (0,299) size 78x15
                      text run at (0,299) width 78: "ALTER VIEW"
                  RenderText {#text} at (0,0) size 0x0
                  RenderBR {BR} at (77,299) size 1x15
                  RenderInline {A} at (0,314) size 167x15 [color=#0000EE]
                    RenderText {#text} at (0,314) size 167x15
                      text run at (0,314) width 167: "BEGIN DECLARE SECTION"
                  RenderText {#text} at (0,0) size 0x0
                  RenderBR {BR} at (166,314) size 1x15
                  RenderInline {A} at (0,329) size 33x15 [color=#0000EE]
                    RenderText {#text} at (0,329) size 33x15
                      text run at (0,329) width 33: "CALL"
                  RenderText {#text} at (0,0) size 0x0
                  RenderBR {BR} at (32,329) size 1x15
                  RenderInline {A} at (0,344) size 45x15 [color=#0000EE]
                    RenderText {#text} at (0,344) size 45x15
                      text run at (0,344) width 45: "CLOSE"
                  RenderText {#text} at (0,0) size 0x0
                  RenderBR {BR} at (44,344) size 1x15
                  RenderInline {A} at (0,358) size 91x16 [color=#0000EE]
                    RenderText {#text} at (0,358) size 91x16
                      text run at (0,358) width 91: "COMMENT ON"
                  RenderText {#text} at (0,0) size 0x0
                  RenderBR {BR} at (90,358) size 1x16
                  RenderInline {A} at (0,373) size 53x16 [color=#0000EE]
                    RenderText {#text} at (0,373) size 53x16
                      text run at (0,373) width 53: "COMMIT"
                  RenderText {#text} at (0,0) size 0x0
                  RenderBR {BR} at (52,373) size 1x16
                  RenderInline {A} at (0,388) size 168x16 [color=#0000EE]
                    RenderText {#text} at (0,388) size 168x16
                      text run at (0,388) width 168: "Compound SQL (Embedded)"
                  RenderText {#text} at (0,0) size 0x0
                  RenderBR {BR} at (167,388) size 1x16
                  RenderInline {A} at (0,403) size 116x16 [color=#0000EE]
                    RenderText {#text} at (0,403) size 116x16
                      text run at (0,403) width 116: "CONNECT (Type 1)"
                  RenderText {#text} at (0,0) size 0x0
                  RenderBR {BR} at (115,403) size 1x16
                  RenderInline {A} at (0,418) size 116x16 [color=#0000EE]
                    RenderText {#text} at (0,418) size 116x16
                      text run at (0,418) width 116: "CONNECT (Type 2)"
                  RenderText {#text} at (0,0) size 0x0
                  RenderBR {BR} at (115,418) size 1x16
                  RenderInline {A} at (0,433) size 93x16 [color=#0000EE]
                    RenderText {#text} at (0,433) size 93x16
                      text run at (0,433) width 93: "CREATE ALIAS"
                  RenderText {#text} at (0,0) size 0x0
                  RenderBR {BR} at (92,433) size 1x16
                  RenderInline {A} at (0,448) size 144x16 [color=#0000EE]
                    RenderText {#text} at (0,448) size 144x16
                      text run at (0,448) width 144: "CREATE BUFFERPOOL"
                  RenderText {#text} at (0,0) size 0x0
                  RenderBR {BR} at (143,448) size 1x16
                  RenderInline {A} at (0,463) size 153x16 [color=#0000EE]
                    RenderText {#text} at (0,463) size 153x16
                      text run at (0,463) width 153: "CREATE DISTINCT TYPE"
                  RenderText {#text} at (0,0) size 0x0
                  RenderBR {BR} at (152,463) size 1x16
                  RenderInline {A} at (0,478) size 164x16 [color=#0000EE]
                    RenderText {#text} at (0,478) size 164x16
                      text run at (0,478) width 164: "CREATE EVENT MONITOR"
                  RenderText {#text} at (0,0) size 0x0
                  RenderBR {BR} at (163,478) size 1x16
                  RenderInline {A} at (0,493) size 123x16 [color=#0000EE]
                    RenderText {#text} at (0,493) size 123x16
                      text run at (0,493) width 123: "CREATE FUNCTION"
                  RenderText {#text} at (0,0) size 0x0
                  RenderBR {BR} at (122,493) size 1x16
                  RenderInline {A} at (0,508) size 223x15 [color=#0000EE]
                    RenderText {#text} at (0,508) size 223x15
                      text run at (0,508) width 223: "CREATE FUNCTION (External Scalar)"
                  RenderText {#text} at (0,0) size 0x0
                  RenderBR {BR} at (222,508) size 1x15
                  RenderInline {A} at (0,523) size 218x15 [color=#0000EE]
                    RenderText {#text} at (0,523) size 218x15
                      text run at (0,523) width 218: "CREATE FUNCTION (External Table)"
                  RenderText {#text} at (0,0) size 0x0
                  RenderBR {BR} at (217,523) size 1x15
                  RenderInline {A} at (0,538) size 269x15 [color=#0000EE]
                    RenderText {#text} at (0,538) size 269x15
                      text run at (0,538) width 269: "CREATE FUNCTION (OLE DB External Table)"
                  RenderText {#text} at (0,0) size 0x0
                  RenderBR {BR} at (268,538) size 1x15
                  RenderInline {A} at (0,553) size 248x15 [color=#0000EE]
                    RenderText {#text} at (0,553) size 248x15
                      text run at (0,553) width 248: "CREATE FUNCTION (Source or Template)"
                  RenderText {#text} at (0,0) size 0x0
                  RenderBR {BR} at (247,553) size 1x15
                  RenderInline {A} at (0,568) size 284x15 [color=#0000EE]
                    RenderText {#text} at (0,568) size 284x15
                      text run at (0,568) width 284: "CREATE FUNCTION (SQL Scalar, Table or Row)"
                  RenderText {#text} at (0,0) size 0x0
                  RenderBR {BR} at (283,568) size 1x15
                  RenderInline {A} at (0,583) size 187x15 [color=#0000EE]
                    RenderText {#text} at (0,583) size 187x15
                      text run at (0,583) width 187: "CREATE FUNCTION MAPPING"
                  RenderText {#text} at (0,0) size 0x0
                  RenderBR {BR} at (186,583) size 1x15
                  RenderInline {A} at (0,598) size 96x15 [color=#0000EE]
                    RenderText {#text} at (0,598) size 96x15
                      text run at (0,598) width 96: "CREATE INDEX"
                  RenderText {#text} at (0,0) size 0x0
                  RenderBR {BR} at (95,598) size 1x15
                  RenderInline {A} at (0,613) size 174x15 [color=#0000EE]
                    RenderText {#text} at (0,613) size 174x15
                      text run at (0,613) width 174: "CREATE INDEX EXTENSION"
                  RenderText {#text} at (0,0) size 0x0
                  RenderBR {BR} at (173,613) size 1x15
                  RenderInline {A} at (0,628) size 112x15 [color=#0000EE]
                    RenderText {#text} at (0,628) size 112x15
                      text run at (0,628) width 112: "CREATE METHOD"
                  RenderText {#text} at (0,0) size 0x0
                  RenderBR {BR} at (111,628) size 1x15
                  RenderInline {A} at (0,643) size 124x15 [color=#0000EE]
                    RenderText {#text} at (0,643) size 124x15
                      text run at (0,643) width 124: "CREATE NICKNAME"
                  RenderText {#text} at (0,0) size 0x0
                  RenderBR {BR} at (123,643) size 1x15
                  RenderInline {A} at (0,657) size 141x16 [color=#0000EE]
                    RenderText {#text} at (0,657) size 141x16
                      text run at (0,657) width 141: "CREATE NODEGROUP"
                  RenderText {#text} at (0,0) size 0x0
                  RenderBR {BR} at (140,657) size 1x16
                  RenderInline {A} at (0,672) size 139x16 [color=#0000EE]
                    RenderText {#text} at (0,672) size 139x16
                      text run at (0,672) width 139: "CREATE PROCEDURE"
                  RenderText {#text} at (0,0) size 0x0
                  RenderBR {BR} at (138,672) size 1x16
                  RenderInline {A} at (0,687) size 111x16 [color=#0000EE]
                    RenderText {#text} at (0,687) size 111x16
                      text run at (0,687) width 111: "CREATE SCHEMA"
                  RenderText {#text} at (0,0) size 0x0
                  RenderBR {BR} at (110,687) size 1x16
                  RenderInline {A} at (0,702) size 109x16 [color=#0000EE]
                    RenderText {#text} at (0,702) size 109x16
                      text run at (0,702) width 109: "CREATE SERVER"
                  RenderText {#text} at (0,0) size 0x0
                  RenderBR {BR} at (108,702) size 1x16
                  RenderInline {A} at (0,717) size 96x16 [color=#0000EE]
                    RenderText {#text} at (0,717) size 96x16
                      text run at (0,717) width 96: "CREATE TABLE"
                  RenderText {#text} at (0,0) size 0x0
                  RenderBR {BR} at (95,717) size 1x16
                  RenderInline {A} at (0,732) size 139x16 [color=#0000EE]
                    RenderText {#text} at (0,732) size 139x16
                      text run at (0,732) width 139: "CREATE TABLESPACE"
                  RenderText {#text} at (0,0) size 0x0
                  RenderBR {BR} at (138,732) size 1x16
                  RenderInline {A} at (0,747) size 138x16 [color=#0000EE]
                    RenderText {#text} at (0,747) size 138x16
                      text run at (0,747) width 138: "CREATE TRANSFORM"
                  RenderText {#text} at (0,0) size 0x0
                  RenderBR {BR} at (137,747) size 1x16
                  RenderInline {A} at (0,762) size 115x16 [color=#0000EE]
                    RenderText {#text} at (0,762) size 115x16
                      text run at (0,762) width 115: "CREATE TRIGGER"
                  RenderText {#text} at (0,0) size 0x0
                  RenderBR {BR} at (114,762) size 1x16
                  RenderInline {A} at (0,777) size 162x16 [color=#0000EE]
                    RenderText {#text} at (0,777) size 162x16
                      text run at (0,777) width 162: "CREATE TYPE (Structured)"
                  RenderText {#text} at (0,0) size 0x0
                  RenderBR {BR} at (161,777) size 1x16
                  RenderInline {A} at (0,792) size 153x16 [color=#0000EE]
                    RenderText {#text} at (0,792) size 153x16
                      text run at (0,792) width 153: "CREATE TYPE MAPPING"
                  RenderText {#text} at (0,0) size 0x0
                  RenderBR {BR} at (152,792) size 1x16
                  RenderInline {A} at (0,807) size 156x15 [color=#0000EE]
                    RenderText {#text} at (0,807) size 156x15
                      text run at (0,807) width 156: "CREATE USER MAPPING"
                  RenderText {#text} at (0,0) size 0x0
                  RenderBR {BR} at (155,807) size 1x15
                  RenderInline {A} at (0,822) size 89x15 [color=#0000EE]
                    RenderText {#text} at (0,822) size 89x15
                      text run at (0,822) width 89: "CREATE VIEW"
                  RenderText {#text} at (0,0) size 0x0
                  RenderBR {BR} at (88,822) size 1x15
                  RenderInline {A} at (0,837) size 122x15 [color=#0000EE]
                    RenderText {#text} at (0,837) size 122x15
                      text run at (0,837) width 122: "CREATE WRAPPER"
                  RenderText {#text} at (0,0) size 0x0
                  RenderBR {BR} at (121,837) size 1x15
                  RenderInline {A} at (0,852) size 122x15 [color=#0000EE]
                    RenderText {#text} at (0,852) size 122x15
                      text run at (0,852) width 122: "DECLARE CURSOR"
                  RenderText {#text} at (0,0) size 0x0
                  RenderBR {BR} at (121,852) size 1x15
                  RenderInline {A} at (0,867) size 246x15 [color=#0000EE]
                    RenderText {#text} at (0,867) size 246x15
                      text run at (0,867) width 246: "DECLARE GLOBAL TEMPORARY TABLE"
                  RenderText {#text} at (0,0) size 0x0
                  RenderBR {BR} at (245,867) size 1x15
                  RenderInline {A} at (0,882) size 51x15 [color=#0000EE]
                    RenderText {#text} at (0,882) size 51x15
                      text run at (0,882) width 51: "DELETE"
                  RenderText {#text} at (0,0) size 0x0
                  RenderBR {BR} at (50,882) size 1x15
                  RenderInline {A} at (0,897) size 67x15 [color=#0000EE]
                    RenderText {#text} at (0,897) size 67x15
                      text run at (0,897) width 67: "DESCRIBE"
                  RenderText {#text} at (0,0) size 0x0
                  RenderBR {BR} at (66,897) size 1x15
                  RenderInline {A} at (0,912) size 86x15 [color=#0000EE]
                    RenderText {#text} at (0,912) size 86x15
                      text run at (0,912) width 86: "DISCONNECT"
                  RenderText {#text} at (0,0) size 0x0
                  RenderBR {BR} at (85,912) size 1x15
                  RenderInline {A} at (0,927) size 38x15 [color=#0000EE]
                    RenderText {#text} at (0,927) size 38x15
                      text run at (0,927) width 38: "DROP"
                  RenderText {#text} at (0,0) size 0x0
                  RenderBR {BR} at (37,927) size 1x15
                  RenderInline {A} at (0,941) size 154x16 [color=#0000EE]
                    RenderText {#text} at (0,941) size 154x16
                      text run at (0,941) width 154: "END DECLARE SECTION"
                  RenderText {#text} at (0,0) size 0x0
                  RenderBR {BR} at (153,941) size 1x16
                  RenderInline {A} at (0,956) size 62x16 [color=#0000EE]
                    RenderText {#text} at (0,956) size 62x16
                      text run at (0,956) width 62: "EXECUTE"
                  RenderText {#text} at (0,0) size 0x0
                  RenderBR {BR} at (61,956) size 1x16
                  RenderInline {A} at (0,971) size 137x16 [color=#0000EE]
                    RenderText {#text} at (0,971) size 137x16
                      text run at (0,971) width 137: "EXECUTE IMMEDIATE"
                  RenderText {#text} at (0,0) size 0x0
                  RenderBR {BR} at (136,971) size 1x16
                  RenderInline {A} at (0,986) size 55x16 [color=#0000EE]
                    RenderText {#text} at (0,986) size 55x16
                      text run at (0,986) width 55: "EXPLAIN"
                  RenderText {#text} at (0,0) size 0x0
                  RenderBR {BR} at (54,986) size 1x16
                  RenderInline {A} at (0,1001) size 44x16 [color=#0000EE]
                    RenderText {#text} at (0,1001) size 44x16
                      text run at (0,1001) width 44: "FETCH"
                  RenderText {#text} at (0,0) size 0x0
                  RenderBR {BR} at (43,1001) size 1x16
                  RenderInline {A} at (0,1016) size 155x16 [color=#0000EE]
                    RenderText {#text} at (0,1016) size 155x16
                      text run at (0,1016) width 155: "FLUSH EVENT MONITOR"
                  RenderText {#text} at (0,0) size 0x0
                  RenderBR {BR} at (154,1016) size 1x16
                  RenderInline {A} at (0,1031) size 100x16 [color=#0000EE]
                    RenderText {#text} at (0,1031) size 100x16
                      text run at (0,1031) width 100: "FREE LOCATOR"
                  RenderText {#text} at (0,0) size 0x0
                  RenderBR {BR} at (99,1031) size 1x16
                  RenderInline {A} at (0,1046) size 179x16 [color=#0000EE]
                    RenderText {#text} at (0,1046) size 179x16
                      text run at (0,1046) width 179: "GRANT (Database Authorities)"
                  RenderText {#text} at (0,0) size 0x0
                  RenderBR {BR} at (178,1046) size 1x16
                  RenderInline {A} at (0,1061) size 150x16 [color=#0000EE]
                    RenderText {#text} at (0,1061) size 150x16
                      text run at (0,1061) width 150: "GRANT (Index Privileges)"
                  RenderText {#text} at (0,0) size 0x0
                  RenderBR {BR} at (149,1061) size 1x16
                  RenderInline {A} at (0,1076) size 169x16 [color=#0000EE]
                    RenderText {#text} at (0,1076) size 169x16
                      text run at (0,1076) width 169: "GRANT (Package Privileges)"
                  RenderText {#text} at (0,0) size 0x0
                  RenderBR {BR} at (168,1076) size 1x16
                  RenderInline {A} at (0,1091) size 166x15 [color=#0000EE]
                    RenderText {#text} at (0,1091) size 166x15
                      text run at (0,1091) width 166: "GRANT (Schema Privileges)"
                  RenderText {#text} at (0,0) size 0x0
                  RenderBR {BR} at (165,1091) size 1x15
                  RenderInline {A} at (0,1106) size 156x15 [color=#0000EE]
                    RenderText {#text} at (0,1106) size 156x15
                      text run at (0,1106) width 156: "GRANT (Server Privileges)"
                  RenderText {#text} at (0,0) size 0x0
                  RenderBR {BR} at (155,1106) size 1x15
                  RenderInline {A} at (0,1121) size 264x15 [color=#0000EE]
                    RenderText {#text} at (0,1121) size 264x15
                      text run at (0,1121) width 264: "GRANT (Table, View, or Nickname Privileges)"
                  RenderText {#text} at (0,0) size 0x0
                  RenderBR {BR} at (263,1121) size 1x15
                  RenderInline {A} at (0,1136) size 190x15 [color=#0000EE]
                    RenderText {#text} at (0,1136) size 190x15
                      text run at (0,1136) width 190: "GRANT (Table Space Privileges)"
                  RenderText {#text} at (0,0) size 0x0
                  RenderBR {BR} at (189,1136) size 1x15
                  RenderInline {A} at (0,1151) size 58x15 [color=#0000EE]
                    RenderText {#text} at (0,1151) size 58x15
                      text run at (0,1151) width 58: "INCLUDE"
                  RenderText {#text} at (0,0) size 0x0
                  RenderBR {BR} at (57,1151) size 1x15
                  RenderInline {A} at (0,1166) size 48x15 [color=#0000EE]
                    RenderText {#text} at (0,1166) size 48x15
                      text run at (0,1166) width 48: "INSERT"
                  RenderText {#text} at (0,0) size 0x0
                  RenderBR {BR} at (47,1166) size 1x15
                  RenderInline {A} at (0,1181) size 80x15 [color=#0000EE]
                    RenderText {#text} at (0,1181) size 80x15
                      text run at (0,1181) width 80: "LOCK TABLE"
                  RenderText {#text} at (0,0) size 0x0
                  RenderBR {BR} at (79,1181) size 1x15
                  RenderInline {A} at (0,1196) size 37x15 [color=#0000EE]
                    RenderText {#text} at (0,1196) size 37x15
                      text run at (0,1196) width 37: "OPEN"
                  RenderText {#text} at (0,0) size 0x0
                  RenderBR {BR} at (36,1196) size 1x15
                  RenderInline {A} at (0,1211) size 62x15 [color=#0000EE]
                    RenderText {#text} at (0,1211) size 62x15
                      text run at (0,1211) width 62: "PREPARE"
                  RenderText {#text} at (0,0) size 0x0
                  RenderBR {BR} at (61,1211) size 1x15
                  RenderInline {A} at (0,1226) size 106x15 [color=#0000EE]
                    RenderText {#text} at (0,1226) size 106x15
                      text run at (0,1226) width 106: "REFRESH TABLE"
                  RenderText {#text} at (0,0) size 0x0
                  RenderBR {BR} at (105,1226) size 1x15
                  RenderInline {A} at (0,1240) size 139x16 [color=#0000EE]
                    RenderText {#text} at (0,1240) size 139x16
                      text run at (0,1240) width 139: "RELEASE (Connection)"
                  RenderText {#text} at (0,0) size 0x0
                  RenderBR {BR} at (138,1240) size 1x16
                  RenderInline {A} at (0,1255) size 138x16 [color=#0000EE]
                    RenderText {#text} at (0,1255) size 138x16
                      text run at (0,1255) width 138: "RELEASE SAVEPOINT"
                  RenderText {#text} at (0,0) size 0x0
                  RenderBR {BR} at (137,1255) size 1x16
                  RenderInline {A} at (0,1270) size 100x16 [color=#0000EE]
                    RenderText {#text} at (0,1270) size 100x16
                      text run at (0,1270) width 100: "RENAME TABLE"
                  RenderText {#text} at (0,0) size 0x0
                  RenderBR {BR} at (99,1270) size 1x16
                  RenderInline {A} at (0,1285) size 143x16 [color=#0000EE]
                    RenderText {#text} at (0,1285) size 143x16
                      text run at (0,1285) width 143: "RENAME TABLESPACE"
                  RenderText {#text} at (0,0) size 0x0
                  RenderBR {BR} at (142,1285) size 1x16
                  RenderInline {A} at (0,1300) size 188x16 [color=#0000EE]
                    RenderText {#text} at (0,1300) size 188x16
                      text run at (0,1300) width 188: "REVOKE (Database Authorities)"
                  RenderText {#text} at (0,0) size 0x0
                  RenderBR {BR} at (187,1300) size 1x16
                  RenderInline {A} at (0,1315) size 159x16 [color=#0000EE]
                    RenderText {#text} at (0,1315) size 159x16
                      text run at (0,1315) width 159: "REVOKE (Index Privileges)"
                  RenderText {#text} at (0,0) size 0x0
                  RenderBR {BR} at (158,1315) size 1x16
                  RenderInline {A} at (0,1330) size 178x16 [color=#0000EE]
                    RenderText {#text} at (0,1330) size 178x16
                      text run at (0,1330) width 178: "REVOKE (Package Privileges)"
                  RenderText {#text} at (0,0) size 0x0
                  RenderBR {BR} at (177,1330) size 1x16
                  RenderInline {A} at (0,1345) size 175x16 [color=#0000EE]
                    RenderText {#text} at (0,1345) size 175x16
                      text run at (0,1345) width 175: "REVOKE (Schema Privileges)"
                  RenderText {#text} at (0,0) size 0x0
                  RenderBR {BR} at (174,1345) size 1x16
                  RenderInline {A} at (0,1360) size 165x16 [color=#0000EE]
                    RenderText {#text} at (0,1360) size 165x16
                      text run at (0,1360) width 165: "REVOKE (Server Privileges)"
                  RenderText {#text} at (0,0) size 0x0
                  RenderBR {BR} at (164,1360) size 1x16
                  RenderInline {A} at (0,1375) size 273x16 [color=#0000EE]
                    RenderText {#text} at (0,1375) size 273x16
                      text run at (0,1375) width 273: "REVOKE (Table, View, or Nickname Privileges)"
                  RenderText {#text} at (0,0) size 0x0
                  RenderBR {BR} at (272,1375) size 1x16
                  RenderInline {A} at (0,1390) size 198x15 [color=#0000EE]
                    RenderText {#text} at (0,1390) size 198x15
                      text run at (0,1390) width 198: "REVOKE (Table Space Privileges)"
                  RenderText {#text} at (0,0) size 0x0
                  RenderBR {BR} at (197,1390) size 1x15
                  RenderInline {A} at (0,1405) size 70x15 [color=#0000EE]
                    RenderText {#text} at (0,1405) size 70x15
                      text run at (0,1405) width 70: "ROLLBACK"
                  RenderText {#text} at (0,0) size 0x0
                  RenderBR {BR} at (69,1405) size 1x15
                  RenderInline {A} at (0,1420) size 74x15 [color=#0000EE]
                    RenderText {#text} at (0,1420) size 74x15
                      text run at (0,1420) width 74: "SAVEPOINT"
                  RenderText {#text} at (0,0) size 0x0
                  RenderBR {BR} at (73,1420) size 1x15
                  RenderInline {A} at (0,1435) size 51x15 [color=#0000EE]
                    RenderText {#text} at (0,1435) size 51x15
                      text run at (0,1435) width 51: "SELECT"
                  RenderText {#text} at (0,0) size 0x0
                  RenderBR {BR} at (50,1435) size 1x15
                  RenderInline {A} at (0,1450) size 85x15 [color=#0000EE]
                    RenderText {#text} at (0,1450) size 85x15
                      text run at (0,1450) width 85: "SELECT INTO"
                  RenderText {#text} at (0,0) size 0x0
                  RenderBR {BR} at (84,1450) size 1x15
                  RenderInline {A} at (0,1465) size 117x15 [color=#0000EE]
                    RenderText {#text} at (0,1465) size 117x15
                      text run at (0,1465) width 117: "SET CONNECTION"
                  RenderText {#text} at (0,0) size 0x0
                  RenderBR {BR} at (116,1465) size 1x15
                  RenderInline {A} at (0,1480) size 291x15 [color=#0000EE]
                    RenderText {#text} at (0,1480) size 291x15
                      text run at (0,1480) width 291: "SET CURRENT DEFAULT TRANSFORM GROUP"
                  RenderText {#text} at (0,0) size 0x0
                  RenderBR {BR} at (290,1480) size 1x15
                  RenderInline {A} at (0,1495) size 151x15 [color=#0000EE]
                    RenderText {#text} at (0,1495) size 151x15
                      text run at (0,1495) width 151: "SET CURRENT DEGREE"
                  RenderText {#text} at (0,0) size 0x0
                  RenderBR {BR} at (150,1495) size 1x15
                  RenderInline {A} at (0,1510) size 194x15 [color=#0000EE]
                    RenderText {#text} at (0,1510) size 194x15
                      text run at (0,1510) width 194: "SET CURRENT EXPLAIN MODE"
                  RenderText {#text} at (0,0) size 0x0
                  RenderBR {BR} at (193,1510) size 1x15
                  RenderInline {A} at (0,1524) size 226x16 [color=#0000EE]
                    RenderText {#text} at (0,1524) size 226x16
                      text run at (0,1524) width 226: "SET CURRENT EXPLAIN SNAPSHOT"
                  RenderText {#text} at (0,0) size 0x0
                  RenderBR {BR} at (225,1524) size 1x16
                  RenderInline {A} at (0,1539) size 183x16 [color=#0000EE]
                    RenderText {#text} at (0,1539) size 183x16
                      text run at (0,1539) width 183: "SET CURRENT PACKAGESET"
                  RenderText {#text} at (0,0) size 0x0
                  RenderBR {BR} at (182,1539) size 1x16
                  RenderInline {A} at (0,1554) size 237x16 [color=#0000EE]
                    RenderText {#text} at (0,1554) size 237x16
                      text run at (0,1554) width 237: "SET CURRENT QUERY OPTIMIZATION"
                  RenderText {#text} at (0,0) size 0x0
                  RenderBR {BR} at (236,1554) size 1x16
                  RenderInline {A} at (0,1569) size 189x16 [color=#0000EE]
                    RenderText {#text} at (0,1569) size 189x16
                      text run at (0,1569) width 189: "SET CURRENT REFRESH AGE"
                  RenderText {#text} at (0,0) size 0x0
                  RenderBR {BR} at (188,1569) size 1x16
                  RenderInline {A} at (0,1584) size 181x16 [color=#0000EE]
                    RenderText {#text} at (0,1584) size 181x16
                      text run at (0,1584) width 181: "SET EVENT MONITOR STATE"
                  RenderText {#text} at (0,0) size 0x0
                  RenderBR {BR} at (180,1584) size 1x16
                  RenderInline {A} at (0,1599) size 98x16 [color=#0000EE]
                    RenderText {#text} at (0,1599) size 98x16
                      text run at (0,1599) width 98: "SET INTEGRITY"
                  RenderText {#text} at (0,0) size 0x0
                  RenderBR {BR} at (97,1599) size 1x16
                  RenderInline {A} at (0,1614) size 99x16 [color=#0000EE]
                    RenderText {#text} at (0,1614) size 99x16
                      text run at (0,1614) width 99: "SET PASSTHRU"
                  RenderText {#text} at (0,0) size 0x0
                  RenderBR {BR} at (98,1614) size 1x16
                  RenderInline {A} at (0,1629) size 62x16 [color=#0000EE]
                    RenderText {#text} at (0,1629) size 62x16
                      text run at (0,1629) width 62: "SET PATH"
                  RenderText {#text} at (0,0) size 0x0
                  RenderBR {BR} at (61,1629) size 1x16
                  RenderInline {A} at (0,1644) size 85x16 [color=#0000EE]
                    RenderText {#text} at (0,1644) size 85x16
                      text run at (0,1644) width 85: "SET SCHEMA"
                  RenderText {#text} at (0,0) size 0x0
                  RenderBR {BR} at (84,1644) size 1x16
                  RenderInline {A} at (0,1659) size 136x16 [color=#0000EE]
                    RenderText {#text} at (0,1659) size 136x16
                      text run at (0,1659) width 136: "SET SERVER OPTION"
                  RenderText {#text} at (0,0) size 0x0
                  RenderBR {BR} at (135,1659) size 1x16
                  RenderInline {A} at (0,1674) size 132x15 [color=#0000EE]
                    RenderText {#text} at (0,1674) size 132x15
                      text run at (0,1674) width 132: "SET transition-variable"
                  RenderText {#text} at (0,0) size 0x0
                  RenderBR {BR} at (131,1674) size 1x15
                  RenderInline {A} at (0,1689) size 117x15 [color=#0000EE]
                    RenderText {#text} at (0,1689) size 117x15
                      text run at (0,1689) width 117: "SIGNAL SQLSTATE"
                  RenderText {#text} at (0,0) size 0x0
                  RenderBR {BR} at (116,1689) size 1x15
                  RenderInline {A} at (0,1704) size 52x15 [color=#0000EE]
                    RenderText {#text} at (0,1704) size 52x15
                      text run at (0,1704) width 52: "UPDATE"
                  RenderText {#text} at (0,0) size 0x0
                  RenderBR {BR} at (51,1704) size 1x15
                  RenderInline {A} at (0,1719) size 51x15 [color=#0000EE]
                    RenderText {#text} at (0,1719) size 51x15
                      text run at (0,1719) width 51: "VALUES"
                  RenderText {#text} at (0,0) size 0x0
                  RenderBR {BR} at (50,1719) size 1x15
                  RenderInline {A} at (0,1734) size 85x15 [color=#0000EE]
                    RenderText {#text} at (0,1734) size 85x15
                      text run at (0,1734) width 85: "VALUES INTO"
                  RenderText {#text} at (0,0) size 0x0
                  RenderBR {BR} at (84,1734) size 1x15
                  RenderInline {A} at (0,1749) size 76x15 [color=#0000EE]
                    RenderText {#text} at (0,1749) size 76x15
                      text run at (0,1749) width 76: "WHENEVER"
                  RenderText {#text} at (0,0) size 0x0
                RenderBlock {P} at (0,7276) size 707x300
                  RenderInline {B} at (0,0) size 102x15
                    RenderInline {A} at (0,0) size 102x15 [color=#0000EE]
                      RenderText {#text} at (0,0) size 102x15
                        text run at (0,0) width 102: "SQL Procedures"
                  RenderBR {BR} at (101,0) size 1x15
                  RenderBR {BR} at (0,15) size 0x15
                  RenderInline {A} at (0,30) size 152x15 [color=#0000EE]
                    RenderText {#text} at (0,30) size 152x15
                      text run at (0,30) width 152: "SQL Procedure Statement"
                  RenderText {#text} at (0,0) size 0x0
                  RenderBR {BR} at (151,30) size 1x15
                  RenderInline {A} at (0,45) size 190x15 [color=#0000EE]
                    RenderText {#text} at (0,45) size 190x15
                      text run at (0,45) width 190: "ALLOCATE CURSOR Statement"
                  RenderText {#text} at (0,0) size 0x0
                  RenderBR {BR} at (189,45) size 1x15
                  RenderInline {A} at (0,60) size 131x15 [color=#0000EE]
                    RenderText {#text} at (0,60) size 131x15
                      text run at (0,60) width 131: "Assignment Statement"
                  RenderText {#text} at (0,0) size 0x0
                  RenderBR {BR} at (130,60) size 1x15
                  RenderInline {A} at (0,74) size 211x16 [color=#0000EE]
                    RenderText {#text} at (0,74) size 211x16
                      text run at (0,74) width 211: "ASSOCIATE LOCATORS Statement"
                  RenderText {#text} at (0,0) size 0x0
                  RenderBR {BR} at (210,74) size 1x16
                  RenderInline {A} at (0,89) size 99x16 [color=#0000EE]
                    RenderText {#text} at (0,89) size 99x16
                      text run at (0,89) width 99: "CASE Statement"
                  RenderText {#text} at (0,0) size 0x0
                  RenderBR {BR} at (98,89) size 1x16
                  RenderInline {A} at (0,104) size 127x16 [color=#0000EE]
                    RenderText {#text} at (0,104) size 127x16
                      text run at (0,104) width 127: "Compound Statement"
                  RenderText {#text} at (0,0) size 0x0
                  RenderBR {BR} at (126,104) size 1x16
                  RenderInline {A} at (0,119) size 91x16 [color=#0000EE]
                    RenderText {#text} at (0,119) size 91x16
                      text run at (0,119) width 91: "FOR Statement"
                  RenderText {#text} at (0,0) size 0x0
                  RenderBR {BR} at (90,119) size 1x16
                  RenderInline {A} at (0,134) size 183x16 [color=#0000EE]
                    RenderText {#text} at (0,134) size 183x16
                      text run at (0,134) width 183: "GET DIAGNOSTICS Statement"
                  RenderText {#text} at (0,0) size 0x0
                  RenderBR {BR} at (182,134) size 1x16
                  RenderInline {A} at (0,149) size 101x16 [color=#0000EE]
                    RenderText {#text} at (0,149) size 101x16
                      text run at (0,149) width 101: "GOTO Statement"
                  RenderText {#text} at (0,0) size 0x0
                  RenderBR {BR} at (100,149) size 1x16
                  RenderInline {A} at (0,164) size 75x16 [color=#0000EE]
                    RenderText {#text} at (0,164) size 75x16
                      text run at (0,164) width 75: "IF Statement"
                  RenderText {#text} at (0,0) size 0x0
                  RenderBR {BR} at (74,164) size 1x16
                  RenderInline {A} at (0,179) size 117x16 [color=#0000EE]
                    RenderText {#text} at (0,179) size 117x16
                      text run at (0,179) width 117: "ITERATE Statement"
                  RenderText {#text} at (0,0) size 0x0
                  RenderBR {BR} at (116,179) size 1x16
                  RenderInline {A} at (0,194) size 104x16 [color=#0000EE]
                    RenderText {#text} at (0,194) size 104x16
                      text run at (0,194) width 104: "LEAVE Statement"
                  RenderText {#text} at (0,0) size 0x0
                  RenderBR {BR} at (103,194) size 1x16
                  RenderInline {A} at (0,209) size 99x16 [color=#0000EE]
                    RenderText {#text} at (0,209) size 99x16
                      text run at (0,209) width 99: "LOOP Statement"
                  RenderText {#text} at (0,0) size 0x0
                  RenderBR {BR} at (98,209) size 1x16
                  RenderInline {A} at (0,224) size 114x15 [color=#0000EE]
                    RenderText {#text} at (0,224) size 114x15
                      text run at (0,224) width 114: "REPEAT Statement"
                  RenderText {#text} at (0,0) size 0x0
                  RenderBR {BR} at (113,224) size 1x15
                  RenderInline {A} at (0,239) size 129x15 [color=#0000EE]
                    RenderText {#text} at (0,239) size 129x15
                      text run at (0,239) width 129: "RESIGNAL Statement"
                  RenderText {#text} at (0,0) size 0x0
                  RenderBR {BR} at (128,239) size 1x15
                  RenderInline {A} at (0,254) size 118x15 [color=#0000EE]
                    RenderText {#text} at (0,254) size 118x15
                      text run at (0,254) width 118: "RETURN Statement"
                  RenderText {#text} at (0,0) size 0x0
                  RenderBR {BR} at (117,254) size 1x15
                  RenderInline {A} at (0,269) size 111x15 [color=#0000EE]
                    RenderText {#text} at (0,269) size 111x15
                      text run at (0,269) width 111: "SIGNAL Statement"
                  RenderText {#text} at (0,0) size 0x0
                  RenderBR {BR} at (110,269) size 1x15
                  RenderInline {A} at (0,284) size 105x15 [color=#0000EE]
                    RenderText {#text} at (0,284) size 105x15
                      text run at (0,284) width 105: "WHILE Statement"
                  RenderText {#text} at (0,0) size 0x0
                RenderBlock {P} at (0,7588) size 707x16
                  RenderInline {B} at (0,0) size 148x15
                    RenderInline {A} at (0,0) size 148x15 [color=#0000EE]
                      RenderText {#text} at (0,0) size 148x15
                        text run at (0,0) width 148: "Appendix A. SQL Limits"
                  RenderBR {BR} at (147,0) size 1x15
                RenderBlock {P} at (0,7616) size 707x91
                  RenderInline {B} at (0,0) size 273x15
                    RenderInline {A} at (0,0) size 273x15 [color=#0000EE]
                      RenderText {#text} at (0,0) size 273x15
                        text run at (0,0) width 273: "Appendix B. SQL Communications (SQLCA)"
                  RenderBR {BR} at (272,0) size 1x15
                  RenderBR {BR} at (0,15) size 0x15
                  RenderInline {A} at (0,30) size 187x15 [color=#0000EE]
                    RenderText {#text} at (0,30) size 187x15
                      text run at (0,30) width 187: "Viewing the SQLCA Interactively"
                  RenderText {#text} at (0,0) size 0x0
                  RenderBR {BR} at (186,30) size 1x15
                  RenderInline {A} at (0,45) size 151x15 [color=#0000EE]
                    RenderText {#text} at (0,45) size 151x15
                      text run at (0,45) width 151: "SQLCA Field Descriptions"
                  RenderText {#text} at (0,0) size 0x0
                  RenderBR {BR} at (150,45) size 1x15
                  RenderInline {A} at (0,60) size 141x15 [color=#0000EE]
                    RenderText {#text} at (0,60) size 141x15
                      text run at (0,60) width 141: "Order of Error Reporting"
                  RenderText {#text} at (0,0) size 0x0
                  RenderBR {BR} at (140,60) size 1x15
                  RenderInline {A} at (0,74) size 324x16 [color=#0000EE]
                    RenderText {#text} at (0,74) size 324x16
                      text run at (0,74) width 324: "DB2 Enterprise - Extended Edition Usage of the SQLCA"
                  RenderText {#text} at (0,0) size 0x0
                RenderBlock {P} at (0,7719) size 707x165
                  RenderInline {B} at (0,0) size 265x15
                    RenderInline {A} at (0,0) size 265x15 [color=#0000EE]
                      RenderText {#text} at (0,0) size 265x15
                        text run at (0,0) width 265: "Appendix C. SQL Descriptor Area (SQLDA)"
                  RenderBR {BR} at (264,0) size 1x15
                  RenderBR {BR} at (0,15) size 0x15
                  RenderInline {A} at (0,30) size 104x15 [color=#0000EE]
                    RenderText {#text} at (0,30) size 104x15
                      text run at (0,30) width 104: "Field Descriptions"
                  RenderText {#text} at (0,0) size 0x0
                  RenderBR {BR} at (103,30) size 1x15
                  RenderInline {A} at (0,45) size 164x15 [color=#0000EE]
                    RenderText {#text} at (0,45) size 164x15
                      text run at (0,45) width 164: "Fields in the SQLDA Header"
                  RenderText {#text} at (0,0) size 0x0
                  RenderBR {BR} at (163,45) size 1x15
                  RenderInline {A} at (0,60) size 251x15 [color=#0000EE]
                    RenderText {#text} at (0,60) size 251x15
                      text run at (0,60) width 251: "Fields in an Occurrence of a Base SQLVAR"
                  RenderText {#text} at (0,0) size 0x0
                  RenderBR {BR} at (250,60) size 1x15
                  RenderInline {A} at (0,74) size 283x16 [color=#0000EE]
                    RenderText {#text} at (0,74) size 283x16
                      text run at (0,74) width 283: "Fields in an Occurrence of a Secondary SQLVAR"
                  RenderText {#text} at (0,0) size 0x0
                  RenderBR {BR} at (282,74) size 1x16
                  RenderInline {A} at (0,89) size 205x16 [color=#0000EE]
                    RenderText {#text} at (0,89) size 205x16
                      text run at (0,89) width 205: "Effect of DESCRIBE on the SQLDA"
                  RenderText {#text} at (0,0) size 0x0
                  RenderBR {BR} at (204,89) size 1x16
                  RenderInline {A} at (0,104) size 140x16 [color=#0000EE]
                    RenderText {#text} at (0,104) size 140x16
                      text run at (0,104) width 140: "SQLTYPE and SQLLEN"
                  RenderText {#text} at (0,0) size 0x0
                  RenderBR {BR} at (139,104) size 1x16
                  RenderInline {A} at (0,119) size 255x16 [color=#0000EE]
                    RenderText {#text} at (0,119) size 255x16
                      text run at (0,119) width 255: "Unrecognized and Unsupported SQLTYPES"
                  RenderText {#text} at (0,0) size 0x0
                  RenderBR {BR} at (254,119) size 1x16
                  RenderInline {A} at (0,134) size 151x16 [color=#0000EE]
                    RenderText {#text} at (0,134) size 151x16
                      text run at (0,134) width 151: "Packed Decimal Numbers"
                  RenderText {#text} at (0,0) size 0x0
                  RenderBR {BR} at (150,134) size 1x16
                  RenderInline {A} at (0,149) size 153x16 [color=#0000EE]
                    RenderText {#text} at (0,149) size 153x16
                      text run at (0,149) width 153: "SQLLEN Field for Decimal"
                  RenderText {#text} at (0,0) size 0x0
                RenderBlock {P} at (0,7897) size 707x1092
                  RenderInline {B} at (0,0) size 168x15
                    RenderInline {A} at (0,0) size 168x15 [color=#0000EE]
                      RenderText {#text} at (0,0) size 168x15
                        text run at (0,0) width 168: "Appendix D. Catalog Views"
                  RenderBR {BR} at (167,0) size 1x15
                  RenderBR {BR} at (0,15) size 0x15
                  RenderInline {A} at (0,30) size 146x15 [color=#0000EE]
                    RenderText {#text} at (0,30) size 146x15
                      text run at (0,30) width 146: "Updatable Catalog Views"
                  RenderText {#text} at (0,0) size 0x0
                  RenderBR {BR} at (145,30) size 1x15
                  RenderInline {A} at (0,45) size 163x15 [color=#0000EE]
                    RenderText {#text} at (0,45) size 163x15
                      text run at (0,45) width 163: "'Roadmap' to Catalog Views"
                  RenderText {#text} at (0,0) size 0x0
                  RenderBR {BR} at (162,45) size 1x15
                  RenderInline {A} at (0,60) size 226x15 [color=#0000EE]
                    RenderText {#text} at (0,60) size 226x15
                      text run at (0,60) width 226: "'Roadmap' to Updatable Catalog Views"
                  RenderText {#text} at (0,0) size 0x0
                  RenderBR {BR} at (225,60) size 1x15
                  RenderInline {A} at (0,74) size 136x16 [color=#0000EE]
                    RenderText {#text} at (0,74) size 136x16
                      text run at (0,74) width 136: "SYSIBM.SYSDUMMY1"
                  RenderText {#text} at (0,0) size 0x0
                  RenderBR {BR} at (135,74) size 1x16
                  RenderInline {A} at (0,89) size 134x16 [color=#0000EE]
                    RenderText {#text} at (0,89) size 134x16
                      text run at (0,89) width 134: "SYSCAT.ATTRIBUTES"
                  RenderText {#text} at (0,0) size 0x0
                  RenderBR {BR} at (133,89) size 1x16
                  RenderInline {A} at (0,104) size 188x16 [color=#0000EE]
                    RenderText {#text} at (0,104) size 188x16
                      text run at (0,104) width 188: "SYSCAT.BUFFERPOOLNODES"
                  RenderText {#text} at (0,0) size 0x0
                  RenderBR {BR} at (187,104) size 1x16
                  RenderInline {A} at (0,119) size 151x16 [color=#0000EE]
                    RenderText {#text} at (0,119) size 151x16
                      text run at (0,119) width 151: "SYSCAT.BUFFERPOOLS"
                  RenderText {#text} at (0,0) size 0x0
                  RenderBR {BR} at (150,119) size 1x16
                  RenderInline {A} at (0,134) size 164x16 [color=#0000EE]
                    RenderText {#text} at (0,134) size 164x16
                      text run at (0,134) width 164: "SYSCAT.CASTFUNCTIONS"
                  RenderText {#text} at (0,0) size 0x0
                  RenderBR {BR} at (163,134) size 1x16
                  RenderInline {A} at (0,149) size 108x16 [color=#0000EE]
                    RenderText {#text} at (0,149) size 108x16
                      text run at (0,149) width 108: "SYSCAT.CHECKS"
                  RenderText {#text} at (0,0) size 0x0
                  RenderBR {BR} at (107,149) size 1x16
                  RenderInline {A} at (0,164) size 116x16 [color=#0000EE]
                    RenderText {#text} at (0,164) size 116x16
                      text run at (0,164) width 116: "SYSCAT.COLAUTH"
                  RenderText {#text} at (0,0) size 0x0
                  RenderBR {BR} at (115,164) size 1x16
                  RenderInline {A} at (0,179) size 135x16 [color=#0000EE]
                    RenderText {#text} at (0,179) size 135x16
                      text run at (0,179) width 135: "SYSCAT.COLCHECKS"
                  RenderText {#text} at (0,0) size 0x0
                  RenderBR {BR} at (134,179) size 1x16
                  RenderInline {A} at (0,194) size 110x16 [color=#0000EE]
                    RenderText {#text} at (0,194) size 110x16
                      text run at (0,194) width 110: "SYSCAT.COLDIST"
                  RenderText {#text} at (0,0) size 0x0
                  RenderBR {BR} at (109,194) size 1x16
                  RenderInline {A} at (0,209) size 139x16 [color=#0000EE]
                    RenderText {#text} at (0,209) size 139x16
                      text run at (0,209) width 139: "SYSCAT.COLOPTIONS"
                  RenderText {#text} at (0,0) size 0x0
                  RenderBR {BR} at (138,209) size 1x16
                  RenderInline {A} at (0,224) size 119x15 [color=#0000EE]
                    RenderText {#text} at (0,224) size 119x15
                      text run at (0,224) width 119: "SYSCAT.COLUMNS"
                  RenderText {#text} at (0,0) size 0x0
                  RenderBR {BR} at (118,224) size 1x15
                  RenderInline {A} at (0,239) size 126x15 [color=#0000EE]
                    RenderText {#text} at (0,239) size 126x15
                      text run at (0,239) width 126: "SYSCAT.CONSTDEP"
                  RenderText {#text} at (0,0) size 0x0
                  RenderBR {BR} at (125,239) size 1x15
                  RenderInline {A} at (0,254) size 128x15 [color=#0000EE]
                    RenderText {#text} at (0,254) size 128x15
                      text run at (0,254) width 128: "SYSCAT.DATATYPES"
                  RenderText {#text} at (0,0) size 0x0
                  RenderBR {BR} at (127,254) size 1x15
                  RenderInline {A} at (0,269) size 107x15 [color=#0000EE]
                    RenderText {#text} at (0,269) size 107x15
                      text run at (0,269) width 107: "SYSCAT.DBAUTH"
                  RenderText {#text} at (0,0) size 0x0
                  RenderBR {BR} at (106,269) size 1x15
                  RenderInline {A} at (0,284) size 167x15 [color=#0000EE]
                    RenderText {#text} at (0,284) size 167x15
                      text run at (0,284) width 167: "SYSCAT.EVENTMONITORS"
                  RenderText {#text} at (0,0) size 0x0
                  RenderBR {BR} at (166,284) size 1x15
                  RenderInline {A} at (0,299) size 106x15 [color=#0000EE]
                    RenderText {#text} at (0,299) size 106x15
                      text run at (0,299) width 106: "SYSCAT.EVENTS"
                  RenderText {#text} at (0,0) size 0x0
                  RenderBR {BR} at (105,299) size 1x15
                  RenderInline {A} at (0,314) size 174x15 [color=#0000EE]
                    RenderText {#text} at (0,314) size 174x15
                      text run at (0,314) width 174: "SYSCAT.FULLHIERARCHIES"
                  RenderText {#text} at (0,0) size 0x0
                  RenderBR {BR} at (173,314) size 1x15
                  RenderInline {A} at (0,329) size 117x15 [color=#0000EE]
                    RenderText {#text} at (0,329) size 117x15
                      text run at (0,329) width 117: "SYSCAT.FUNCDEP"
                  RenderText {#text} at (0,0) size 0x0
                  RenderBR {BR} at (116,329) size 1x15
                  RenderInline {A} at (0,344) size 177x15 [color=#0000EE]
                    RenderText {#text} at (0,344) size 177x15
                      text run at (0,344) width 177: "SYSCAT.FUNCMAPOPTIONS"
                  RenderText {#text} at (0,0) size 0x0
                  RenderBR {BR} at (176,344) size 1x15
                  RenderInline {A} at (0,358) size 213x16 [color=#0000EE]
                    RenderText {#text} at (0,358) size 213x16
                      text run at (0,358) width 213: "SYSCAT.FUNCMAPPARMOPTIONS"
                  RenderText {#text} at (0,0) size 0x0
                  RenderBR {BR} at (212,358) size 1x16
                  RenderInline {A} at (0,373) size 158x16 [color=#0000EE]
                    RenderText {#text} at (0,373) size 158x16
                      text run at (0,373) width 158: "SYSCAT.FUNCMAPPINGS"
                  RenderText {#text} at (0,0) size 0x0
                  RenderBR {BR} at (157,373) size 1x16
                  RenderInline {A} at (0,388) size 135x16 [color=#0000EE]
                    RenderText {#text} at (0,388) size 135x16
                      text run at (0,388) width 135: "SYSCAT.FUNCPARMS"
                  RenderText {#text} at (0,0) size 0x0
                  RenderBR {BR} at (134,388) size 1x16
                  RenderInline {A} at (0,403) size 130x16 [color=#0000EE]
                    RenderText {#text} at (0,403) size 130x16
                      text run at (0,403) width 130: "SYSCAT.FUNCTIONS"
                  RenderText {#text} at (0,0) size 0x0
                  RenderBR {BR} at (129,403) size 1x16
                  RenderInline {A} at (0,418) size 143x16 [color=#0000EE]
                    RenderText {#text} at (0,418) size 143x16
                      text run at (0,418) width 143: "SYSCAT.HIERARCHIES"
                  RenderText {#text} at (0,0) size 0x0
                  RenderBR {BR} at (142,418) size 1x16
                  RenderInline {A} at (0,433) size 129x16 [color=#0000EE]
                    RenderText {#text} at (0,433) size 129x16
                      text run at (0,433) width 129: "SYSCAT.INDEXAUTH"
                  RenderText {#text} at (0,0) size 0x0
                  RenderBR {BR} at (128,433) size 1x16
                  RenderInline {A} at (0,448) size 147x16 [color=#0000EE]
                    RenderText {#text} at (0,448) size 147x16
                      text run at (0,448) width 147: "SYSCAT.INDEXCOLUSE"
                  RenderText {#text} at (0,0) size 0x0
                  RenderBR {BR} at (146,448) size 1x16
                  RenderInline {A} at (0,463) size 120x16 [color=#0000EE]
                    RenderText {#text} at (0,463) size 120x16
                      text run at (0,463) width 120: "SYSCAT.INDEXDEP"
                  RenderText {#text} at (0,0) size 0x0
                  RenderBR {BR} at (119,463) size 1x16
                  RenderInline {A} at (0,478) size 111x16 [color=#0000EE]
                    RenderText {#text} at (0,478) size 111x16
                      text run at (0,478) width 111: "SYSCAT.INDEXES"
                  RenderText {#text} at (0,0) size 0x0
                  RenderBR {BR} at (110,478) size 1x16
                  RenderInline {A} at (0,493) size 152x16 [color=#0000EE]
                    RenderText {#text} at (0,493) size 152x16
                      text run at (0,493) width 152: "SYSCAT.INDEXOPTIONS"
                  RenderText {#text} at (0,0) size 0x0
                  RenderBR {BR} at (151,493) size 1x16
                  RenderInline {A} at (0,508) size 133x15 [color=#0000EE]
                    RenderText {#text} at (0,508) size 133x15
                      text run at (0,508) width 133: "SYSCAT.KEYCOLUSE"
                  RenderText {#text} at (0,0) size 0x0
                  RenderBR {BR} at (132,508) size 1x15
                  RenderInline {A} at (0,523) size 160x15 [color=#0000EE]
                    RenderText {#text} at (0,523) size 160x15
                      text run at (0,523) width 160: "SYSCAT.NAMEMAPPINGS"
                  RenderText {#text} at (0,0) size 0x0
                  RenderBR {BR} at (159,523) size 1x15
                  RenderInline {A} at (0,538) size 165x15 [color=#0000EE]
                    RenderText {#text} at (0,538) size 165x15
                      text run at (0,538) width 165: "SYSCAT.NODEGROUPDEF"
                  RenderText {#text} at (0,0) size 0x0
                  RenderBR {BR} at (164,538) size 1x15
                  RenderInline {A} at (0,553) size 148x15 [color=#0000EE]
                    RenderText {#text} at (0,553) size 148x15
                      text run at (0,553) width 148: "SYSCAT.NODEGROUPS"
                  RenderText {#text} at (0,0) size 0x0
                  RenderBR {BR} at (147,553) size 1x15
                  RenderInline {A} at (0,568) size 151x15 [color=#0000EE]
                    RenderText {#text} at (0,568) size 151x15
                      text run at (0,568) width 151: "SYSCAT.PACKAGEAUTH"
                  RenderText {#text} at (0,0) size 0x0
                  RenderBR {BR} at (150,568) size 1x15
                  RenderInline {A} at (0,583) size 142x15 [color=#0000EE]
                    RenderText {#text} at (0,583) size 142x15
                      text run at (0,583) width 142: "SYSCAT.PACKAGEDEP"
                  RenderText {#text} at (0,0) size 0x0
                  RenderBR {BR} at (141,583) size 1x15
                  RenderInline {A} at (0,598) size 124x15 [color=#0000EE]
                    RenderText {#text} at (0,598) size 124x15
                      text run at (0,598) width 124: "SYSCAT.PACKAGES"
                  RenderText {#text} at (0,0) size 0x0
                  RenderBR {BR} at (123,598) size 1x15
                  RenderInline {A} at (0,613) size 159x15 [color=#0000EE]
                    RenderText {#text} at (0,613) size 159x15
                      text run at (0,613) width 159: "SYSCAT.PARTITIONMAPS"
                  RenderText {#text} at (0,0) size 0x0
                  RenderBR {BR} at (158,613) size 1x15
                  RenderInline {A} at (0,628) size 159x15 [color=#0000EE]
                    RenderText {#text} at (0,628) size 159x15
                      text run at (0,628) width 159: "SYSCAT.PASSTHRUAUTH"
                  RenderText {#text} at (0,0) size 0x0
                  RenderBR {BR} at (158,628) size 1x15
                  RenderInline {A} at (0,643) size 145x15 [color=#0000EE]
                    RenderText {#text} at (0,643) size 145x15
                      text run at (0,643) width 145: "SYSCAT.PROCEDURES"
                  RenderText {#text} at (0,0) size 0x0
                  RenderBR {BR} at (144,643) size 1x15
                  RenderInline {A} at (0,657) size 150x16 [color=#0000EE]
                    RenderText {#text} at (0,657) size 150x16
                      text run at (0,657) width 150: "SYSCAT.PROCOPTIONS"
                  RenderText {#text} at (0,0) size 0x0
                  RenderBR {BR} at (149,657) size 1x16
                  RenderInline {A} at (0,672) size 186x16 [color=#0000EE]
                    RenderText {#text} at (0,672) size 186x16
                      text run at (0,672) width 186: "SYSCAT.PROCPARMOPTIONS"
                  RenderText {#text} at (0,0) size 0x0
                  RenderBR {BR} at (185,672) size 1x16
                  RenderInline {A} at (0,687) size 137x16 [color=#0000EE]
                    RenderText {#text} at (0,687) size 137x16
                      text run at (0,687) width 137: "SYSCAT.PROCPARMS"
                  RenderText {#text} at (0,0) size 0x0
                  RenderBR {BR} at (136,687) size 1x16
                  RenderInline {A} at (0,702) size 143x16 [color=#0000EE]
                    RenderText {#text} at (0,702) size 143x16
                      text run at (0,702) width 143: "SYSCAT.REFERENCES"
                  RenderText {#text} at (0,0) size 0x0
                  RenderBR {BR} at (142,702) size 1x16
                  RenderInline {A} at (0,717) size 183x16 [color=#0000EE]
                    RenderText {#text} at (0,717) size 183x16
                      text run at (0,717) width 183: "SYSCAT.REVTYPEMAPPINGS"
                  RenderText {#text} at (0,0) size 0x0
                  RenderBR {BR} at (182,717) size 1x16
                  RenderInline {A} at (0,732) size 145x16 [color=#0000EE]
                    RenderText {#text} at (0,732) size 145x16
                      text run at (0,732) width 145: "SYSCAT.SCHEMAAUTH"
                  RenderText {#text} at (0,0) size 0x0
                  RenderBR {BR} at (144,732) size 1x16
                  RenderInline {A} at (0,747) size 124x16 [color=#0000EE]
                    RenderText {#text} at (0,747) size 124x16
                      text run at (0,747) width 124: "SYSCAT.SCHEMATA"
                  RenderText {#text} at (0,0) size 0x0
                  RenderBR {BR} at (123,747) size 1x16
                  RenderInline {A} at (0,762) size 165x16 [color=#0000EE]
                    RenderText {#text} at (0,762) size 165x16
                      text run at (0,762) width 165: "SYSCAT.SERVEROPTIONS"
                  RenderText {#text} at (0,0) size 0x0
                  RenderBR {BR} at (164,762) size 1x16
                  RenderInline {A} at (0,777) size 116x16 [color=#0000EE]
                    RenderText {#text} at (0,777) size 116x16
                      text run at (0,777) width 116: "SYSCAT.SERVERS"
                  RenderText {#text} at (0,0) size 0x0
                  RenderBR {BR} at (115,777) size 1x16
                  RenderInline {A} at (0,792) size 139x16 [color=#0000EE]
                    RenderText {#text} at (0,792) size 139x16
                      text run at (0,792) width 139: "SYSCAT.STATEMENTS"
                  RenderText {#text} at (0,0) size 0x0
                  RenderBR {BR} at (138,792) size 1x16
                  RenderInline {A} at (0,807) size 113x15 [color=#0000EE]
                    RenderText {#text} at (0,807) size 113x15
                      text run at (0,807) width 113: "SYSCAT.TABAUTH"
                  RenderText {#text} at (0,0) size 0x0
                  RenderBR {BR} at (112,807) size 1x15
                  RenderInline {A} at (0,822) size 124x15 [color=#0000EE]
                    RenderText {#text} at (0,822) size 124x15
                      text run at (0,822) width 124: "SYSCAT.TABCONST"
                  RenderText {#text} at (0,0) size 0x0
                  RenderBR {BR} at (123,822) size 1x15
                  RenderInline {A} at (0,837) size 103x15 [color=#0000EE]
                    RenderText {#text} at (0,837) size 103x15
                      text run at (0,837) width 103: "SYSCAT.TABLES"
                  RenderText {#text} at (0,0) size 0x0
                  RenderBR {BR} at (102,837) size 1x15
                  RenderInline {A} at (0,852) size 146x15 [color=#0000EE]
                    RenderText {#text} at (0,852) size 146x15
                      text run at (0,852) width 146: "SYSCAT.TABLESPACES"
                  RenderText {#text} at (0,0) size 0x0
                  RenderBR {BR} at (145,852) size 1x15
                  RenderInline {A} at (0,867) size 137x15 [color=#0000EE]
                    RenderText {#text} at (0,867) size 137x15
                      text run at (0,867) width 137: "SYSCAT.TABOPTIONS"
                  RenderText {#text} at (0,0) size 0x0
                  RenderBR {BR} at (136,867) size 1x15
                  RenderInline {A} at (0,882) size 149x15 [color=#0000EE]
                    RenderText {#text} at (0,882) size 149x15
                      text run at (0,882) width 149: "SYSCAT.TBSPACEAUTH"
                  RenderText {#text} at (0,0) size 0x0
                  RenderBR {BR} at (148,882) size 1x15
                  RenderInline {A} at (0,897) size 112x15 [color=#0000EE]
                    RenderText {#text} at (0,897) size 112x15
                      text run at (0,897) width 112: "SYSCAT.TRIGDEP"
                  RenderText {#text} at (0,0) size 0x0
                  RenderBR {BR} at (111,897) size 1x15
                  RenderInline {A} at (0,912) size 122x15 [color=#0000EE]
                    RenderText {#text} at (0,912) size 122x15
                      text run at (0,912) width 122: "SYSCAT.TRIGGERS"
                  RenderText {#text} at (0,0) size 0x0
                  RenderBR {BR} at (121,912) size 1x15
                  RenderInline {A} at (0,927) size 156x15 [color=#0000EE]
                    RenderText {#text} at (0,927) size 156x15
                      text run at (0,927) width 156: "SYSCAT.TYPEMAPPINGS"
                  RenderText {#text} at (0,0) size 0x0
                  RenderBR {BR} at (155,927) size 1x15
                  RenderInline {A} at (0,941) size 148x16 [color=#0000EE]
                    RenderText {#text} at (0,941) size 148x16
                      text run at (0,941) width 148: "SYSCAT.USEROPTIONS"
                  RenderText {#text} at (0,0) size 0x0
                  RenderBR {BR} at (147,941) size 1x16
                  RenderInline {A} at (0,956) size 114x16 [color=#0000EE]
                    RenderText {#text} at (0,956) size 114x16
                      text run at (0,956) width 114: "SYSCAT.VIEWDEP"
                  RenderText {#text} at (0,0) size 0x0
                  RenderBR {BR} at (113,956) size 1x16
                  RenderInline {A} at (0,971) size 96x16 [color=#0000EE]
                    RenderText {#text} at (0,971) size 96x16
                      text run at (0,971) width 96: "SYSCAT.VIEWS"
                  RenderText {#text} at (0,0) size 0x0
                  RenderBR {BR} at (95,971) size 1x16
                  RenderInline {A} at (0,986) size 151x16 [color=#0000EE]
                    RenderText {#text} at (0,986) size 151x16
                      text run at (0,986) width 151: "SYSCAT.WRAPOPTIONS"
                  RenderText {#text} at (0,0) size 0x0
                  RenderBR {BR} at (150,986) size 1x16
                  RenderInline {A} at (0,1001) size 128x16 [color=#0000EE]
                    RenderText {#text} at (0,1001) size 128x16
                      text run at (0,1001) width 128: "SYSCAT.WRAPPERS"
                  RenderText {#text} at (0,0) size 0x0
                  RenderBR {BR} at (127,1001) size 1x16
                  RenderInline {A} at (0,1016) size 116x16 [color=#0000EE]
                    RenderText {#text} at (0,1016) size 116x16
                      text run at (0,1016) width 116: "SYSSTAT.COLDIST"
                  RenderText {#text} at (0,0) size 0x0
                  RenderBR {BR} at (115,1016) size 1x16
                  RenderInline {A} at (0,1031) size 125x16 [color=#0000EE]
                    RenderText {#text} at (0,1031) size 125x16
                      text run at (0,1031) width 125: "SYSSTAT.COLUMNS"
                  RenderText {#text} at (0,0) size 0x0
                  RenderBR {BR} at (124,1031) size 1x16
                  RenderInline {A} at (0,1046) size 136x16 [color=#0000EE]
                    RenderText {#text} at (0,1046) size 136x16
                      text run at (0,1046) width 136: "SYSSTAT.FUNCTIONS"
                  RenderText {#text} at (0,0) size 0x0
                  RenderBR {BR} at (135,1046) size 1x16
                  RenderInline {A} at (0,1061) size 117x16 [color=#0000EE]
                    RenderText {#text} at (0,1061) size 117x16
                      text run at (0,1061) width 117: "SYSSTAT.INDEXES"
                  RenderText {#text} at (0,0) size 0x0
                  RenderBR {BR} at (116,1061) size 1x16
                  RenderInline {A} at (0,1076) size 109x16 [color=#0000EE]
                    RenderText {#text} at (0,1076) size 109x16
                      text run at (0,1076) width 109: "SYSSTAT.TABLES"
                  RenderText {#text} at (0,0) size 0x0
                RenderBlock {P} at (0,9001) size 707x165
                  RenderInline {B} at (0,0) size 360x15
                    RenderInline {A} at (0,0) size 360x15 [color=#0000EE]
                      RenderText {#text} at (0,0) size 360x15
                        text run at (0,0) width 360: "Appendix E. Catalog Views For Use With Structured Types"
                  RenderBR {BR} at (359,0) size 1x15
                  RenderBR {BR} at (0,15) size 0x15
                  RenderInline {A} at (0,30) size 163x15 [color=#0000EE]
                    RenderText {#text} at (0,30) size 163x15
                      text run at (0,30) width 163: "'Roadmap' to Catalog Views"
                  RenderText {#text} at (0,0) size 0x0
                  RenderBR {BR} at (162,30) size 1x15
                  RenderInline {A} at (0,45) size 110x15 [color=#0000EE]
                    RenderText {#text} at (0,45) size 110x15
                      text run at (0,45) width 110: "OBJCAT.INDEXES"
                  RenderText {#text} at (0,0) size 0x0
                  RenderBR {BR} at (109,45) size 1x15
                  RenderInline {A} at (0,60) size 191x15 [color=#0000EE]
                    RenderText {#text} at (0,60) size 191x15
                      text run at (0,60) width 191: "OBJCAT.INDEXEXPLOITRULES"
                  RenderText {#text} at (0,0) size 0x0
                  RenderBR {BR} at (190,60) size 1x15
                  RenderInline {A} at (0,74) size 195x16 [color=#0000EE]
                    RenderText {#text} at (0,74) size 195x16
                      text run at (0,74) width 195: "OBJCAT.INDEXEXTENSIONDEP"
                  RenderText {#text} at (0,0) size 0x0
                  RenderBR {BR} at (194,74) size 1x16
                  RenderInline {A} at (0,89) size 233x16 [color=#0000EE]
                    RenderText {#text} at (0,89) size 233x16
                      text run at (0,89) width 233: "OBJCAT.INDEXEXTENSIONMETHODS"
                  RenderText {#text} at (0,0) size 0x0
                  RenderBR {BR} at (232,89) size 1x16
                  RenderInline {A} at (0,104) size 213x16 [color=#0000EE]
                    RenderText {#text} at (0,104) size 213x16
                      text run at (0,104) width 213: "OBJCAT.INDEXEXTENSIONPARMS"
                  RenderText {#text} at (0,0) size 0x0
                  RenderBR {BR} at (212,104) size 1x16
                  RenderInline {A} at (0,119) size 177x16 [color=#0000EE]
                    RenderText {#text} at (0,119) size 177x16
                      text run at (0,119) width 177: "OBJCAT.INDEXEXTENSIONS"
                  RenderText {#text} at (0,0) size 0x0
                  RenderBR {BR} at (176,119) size 1x16
                  RenderInline {A} at (0,134) size 170x16 [color=#0000EE]
                    RenderText {#text} at (0,134) size 170x16
                      text run at (0,134) width 170: "OBJCAT.PREDICATESPECS"
                  RenderText {#text} at (0,0) size 0x0
                  RenderBR {BR} at (169,134) size 1x16
                  RenderInline {A} at (0,149) size 144x16 [color=#0000EE]
                    RenderText {#text} at (0,149) size 144x16
                      text run at (0,149) width 144: "OBJCAT.TRANSFORMS"
                  RenderText {#text} at (0,0) size 0x0
                RenderBlock {P} at (0,9178) size 707x240
                  RenderInline {B} at (0,0) size 196x15
                    RenderInline {A} at (0,0) size 196x15 [color=#0000EE]
                      RenderText {#text} at (0,0) size 196x15
                        text run at (0,0) width 196: "Appendix F. Federated Systems"
                  RenderBR {BR} at (195,0) size 1x15
                  RenderBR {BR} at (0,15) size 0x15
                  RenderInline {A} at (0,30) size 77x15 [color=#0000EE]
                    RenderText {#text} at (0,30) size 77x15
                      text run at (0,30) width 77: "Server Types"
                  RenderText {#text} at (0,0) size 0x0
                  RenderBR {BR} at (76,30) size 1x15
                  RenderInline {A} at (0,45) size 210x15 [color=#0000EE]
                    RenderText {#text} at (0,45) size 210x15
                      text run at (0,45) width 210: "SQL Options for Federated Systems"
                  RenderText {#text} at (0,0) size 0x0
                  RenderBR {BR} at (209,45) size 1x15
                  RenderInline {A} at (0,60) size 94x15 [color=#0000EE]
                    RenderText {#text} at (0,60) size 94x15
                      text run at (0,60) width 94: "Column Options"
                  RenderText {#text} at (0,0) size 0x0
                  RenderBR {BR} at (93,60) size 1x15
                  RenderInline {A} at (0,74) size 152x16 [color=#0000EE]
                    RenderText {#text} at (0,74) size 152x16
                      text run at (0,74) width 152: "Function Mapping Options"
                  RenderText {#text} at (0,0) size 0x0
                  RenderBR {BR} at (151,74) size 1x16
                  RenderInline {A} at (0,89) size 87x16 [color=#0000EE]
                    RenderText {#text} at (0,89) size 87x16
                      text run at (0,89) width 87: "Server Options"
                  RenderText {#text} at (0,0) size 0x0
                  RenderBR {BR} at (86,89) size 1x16
                  RenderInline {A} at (0,104) size 76x16 [color=#0000EE]
                    RenderText {#text} at (0,104) size 76x16
                      text run at (0,104) width 76: "User Options"
                  RenderText {#text} at (0,0) size 0x0
                  RenderBR {BR} at (75,104) size 1x16
                  RenderInline {A} at (0,119) size 165x16 [color=#0000EE]
                    RenderText {#text} at (0,119) size 165x16
                      text run at (0,119) width 165: "Default Data Type Mappings"
                  RenderText {#text} at (0,0) size 0x0
                  RenderBR {BR} at (164,119) size 1x16
                  RenderInline {A} at (0,134) size 678x16 [color=#0000EE]
                    RenderText {#text} at (0,134) size 678x16
                      text run at (0,134) width 678: "Default Type Mappings between DB2 and DB2 Universal Database for OS/390 (and DB2 for MVS/ESA) Data Sources"
                  RenderText {#text} at (0,0) size 0x0
                  RenderBR {BR} at (677,134) size 1x16
                  RenderInline {A} at (0,149) size 645x16 [color=#0000EE]
                    RenderText {#text} at (0,149) size 645x16
                      text run at (0,149) width 645: "Default Type Mappings between DB2 and 2 Universal Database for AS/400 (and DB2 for OS/400) Data Sources"
                  RenderText {#text} at (0,0) size 0x0
                  RenderBR {BR} at (644,149) size 1x16
                  RenderInline {A} at (0,164) size 365x16 [color=#0000EE]
                    RenderText {#text} at (0,164) size 365x16
                      text run at (0,164) width 365: "Default Type Mappings between DB2 and Oracle Data Sources"
                  RenderText {#text} at (0,0) size 0x0
                  RenderBR {BR} at (364,164) size 1x16
                  RenderInline {A} at (0,179) size 534x16 [color=#0000EE]
                    RenderText {#text} at (0,179) size 534x16
                      text run at (0,179) width 534: "Default Type Mappings between DB2 and DB2 for VM and VSE (and SQL/DS) Data Sources"
                  RenderText {#text} at (0,0) size 0x0
                  RenderBR {BR} at (533,179) size 1x16
                  RenderInline {A} at (0,194) size 194x16 [color=#0000EE]
                    RenderText {#text} at (0,194) size 194x16
                      text run at (0,194) width 194: "Pass-Through Facility Processing"
                  RenderText {#text} at (0,0) size 0x0
                  RenderBR {BR} at (193,194) size 1x16
                  RenderInline {A} at (0,209) size 249x16 [color=#0000EE]
                    RenderText {#text} at (0,209) size 249x16
                      text run at (0,209) width 249: "SQL Processing in Pass-Through Sessions"
                  RenderText {#text} at (0,0) size 0x0
                  RenderBR {BR} at (248,209) size 1x16
                  RenderInline {A} at (0,224) size 184x15 [color=#0000EE]
                    RenderText {#text} at (0,224) size 184x15
                      text run at (0,224) width 184: "Considerations and Restrictions"
                  RenderText {#text} at (0,0) size 0x0
                RenderBlock {P} at (0,9430) size 707x390
                  RenderInline {B} at (0,0) size 232x15
                    RenderInline {A} at (0,0) size 232x15 [color=#0000EE]
                      RenderText {#text} at (0,0) size 232x15
                        text run at (0,0) width 232: "Appendix G. Sample Database Tables"
                  RenderBR {BR} at (231,0) size 1x15
                  RenderBR {BR} at (0,15) size 0x15
                  RenderInline {A} at (0,30) size 130x15 [color=#0000EE]
                    RenderText {#text} at (0,30) size 130x15
                      text run at (0,30) width 130: "The Sample Database"
                  RenderText {#text} at (0,0) size 0x0
                  RenderBR {BR} at (129,30) size 1x15
                  RenderInline {A} at (0,45) size 185x15 [color=#0000EE]
                    RenderText {#text} at (0,45) size 185x15
                      text run at (0,45) width 185: "To Create the Sample Database"
                  RenderText {#text} at (0,0) size 0x0
                  RenderBR {BR} at (184,45) size 1x15
                  RenderInline {A} at (0,60) size 180x15 [color=#0000EE]
                    RenderText {#text} at (0,60) size 180x15
                      text run at (0,60) width 180: "To Erase the Sample Database"
                  RenderText {#text} at (0,0) size 0x0
                  RenderBR {BR} at (179,60) size 1x15
                  RenderInline {A} at (0,74) size 105x16 [color=#0000EE]
                    RenderText {#text} at (0,74) size 105x16
                      text run at (0,74) width 105: "CL_SCHED Table"
                  RenderText {#text} at (0,0) size 0x0
                  RenderBR {BR} at (104,74) size 1x16
                  RenderInline {A} at (0,89) size 123x16 [color=#0000EE]
                    RenderText {#text} at (0,89) size 123x16
                      text run at (0,89) width 123: "DEPARTMENT Table"
                  RenderText {#text} at (0,0) size 0x0
                  RenderBR {BR} at (122,89) size 1x16
                  RenderInline {A} at (0,104) size 107x16 [color=#0000EE]
                    RenderText {#text} at (0,104) size 107x16
                      text run at (0,104) width 107: "EMPLOYEE Table"
                  RenderText {#text} at (0,0) size 0x0
                  RenderBR {BR} at (106,104) size 1x16
                  RenderInline {A} at (0,119) size 96x16 [color=#0000EE]
                    RenderText {#text} at (0,119) size 96x16
                      text run at (0,119) width 96: "EMP_ACT Table"
                  RenderText {#text} at (0,0) size 0x0
                  RenderBR {BR} at (95,119) size 1x16
                  RenderInline {A} at (0,134) size 117x16 [color=#0000EE]
                    RenderText {#text} at (0,134) size 117x16
                      text run at (0,134) width 117: "EMP_PHOTO Table"
                  RenderText {#text} at (0,0) size 0x0
                  RenderBR {BR} at (116,134) size 1x16
                  RenderInline {A} at (0,149) size 126x16 [color=#0000EE]
                    RenderText {#text} at (0,149) size 126x16
                      text run at (0,149) width 126: "EMP_RESUME Table"
                  RenderText {#text} at (0,0) size 0x0
                  RenderBR {BR} at (125,149) size 1x16
                  RenderInline {A} at (0,164) size 89x16 [color=#0000EE]
                    RenderText {#text} at (0,164) size 89x16
                      text run at (0,164) width 89: "IN_TRAY Table"
                  RenderText {#text} at (0,0) size 0x0
                  RenderBR {BR} at (88,164) size 1x16
                  RenderInline {A} at (0,179) size 65x16 [color=#0000EE]
                    RenderText {#text} at (0,179) size 65x16
                      text run at (0,179) width 65: "ORG Table"
                  RenderText {#text} at (0,0) size 0x0
                  RenderBR {BR} at (64,179) size 1x16
                  RenderInline {A} at (0,194) size 96x16 [color=#0000EE]
                    RenderText {#text} at (0,194) size 96x16
                      text run at (0,194) width 96: "PROJECT Table"
                  RenderText {#text} at (0,0) size 0x0
                  RenderBR {BR} at (95,194) size 1x16
                  RenderInline {A} at (0,209) size 77x16 [color=#0000EE]
                    RenderText {#text} at (0,209) size 77x16
                      text run at (0,209) width 77: "SALES Table"
                  RenderText {#text} at (0,0) size 0x0
                  RenderBR {BR} at (76,209) size 1x16
                  RenderInline {A} at (0,224) size 75x15 [color=#0000EE]
                    RenderText {#text} at (0,224) size 75x15
                      text run at (0,224) width 75: "STAFF Table"
                  RenderText {#text} at (0,0) size 0x0
                  RenderBR {BR} at (74,224) size 1x15
                  RenderInline {A} at (0,239) size 86x15 [color=#0000EE]
                    RenderText {#text} at (0,239) size 86x15
                      text run at (0,239) width 86: "STAFFG Table"
                  RenderText {#text} at (0,0) size 0x0
                  RenderBR {BR} at (85,239) size 1x15
                  RenderInline {A} at (0,254) size 268x15 [color=#0000EE]
                    RenderText {#text} at (0,254) size 268x15
                      text run at (0,254) width 268: "Sample Files with BLOB and CLOB Data Type"
                  RenderText {#text} at (0,0) size 0x0
                  RenderBR {BR} at (267,254) size 1x15
                  RenderInline {A} at (0,269) size 91x15 [color=#0000EE]
                    RenderText {#text} at (0,269) size 91x15
                      text run at (0,269) width 91: "Quintana Photo"
                  RenderText {#text} at (0,0) size 0x0
                  RenderBR {BR} at (90,269) size 1x15
                  RenderInline {A} at (0,284) size 105x15 [color=#0000EE]
                    RenderText {#text} at (0,284) size 105x15
                      text run at (0,284) width 105: "Quintana Resume"
                  RenderText {#text} at (0,0) size 0x0
                  RenderBR {BR} at (104,284) size 1x15
                  RenderInline {A} at (0,299) size 84x15 [color=#0000EE]
                    RenderText {#text} at (0,299) size 84x15
                      text run at (0,299) width 84: "Nicholls Photo"
                  RenderText {#text} at (0,0) size 0x0
                  RenderBR {BR} at (83,299) size 1x15
                  RenderInline {A} at (0,314) size 98x15 [color=#0000EE]
                    RenderText {#text} at (0,314) size 98x15
                      text run at (0,314) width 98: "Nicholls Resume"
                  RenderText {#text} at (0,0) size 0x0
                  RenderBR {BR} at (97,314) size 1x15
                  RenderInline {A} at (0,329) size 93x15 [color=#0000EE]
                    RenderText {#text} at (0,329) size 93x15
                      text run at (0,329) width 93: "Adamson Photo"
                  RenderText {#text} at (0,0) size 0x0
                  RenderBR {BR} at (92,329) size 1x15
                  RenderInline {A} at (0,344) size 107x15 [color=#0000EE]
                    RenderText {#text} at (0,344) size 107x15
                      text run at (0,344) width 107: "Adamson Resume"
                  RenderText {#text} at (0,0) size 0x0
                  RenderBR {BR} at (106,344) size 1x15
                  RenderInline {A} at (0,358) size 78x16 [color=#0000EE]
                    RenderText {#text} at (0,358) size 78x16
                      text run at (0,358) width 78: "Walker Photo"
                  RenderText {#text} at (0,0) size 0x0
                  RenderBR {BR} at (77,358) size 1x16
                  RenderInline {A} at (0,373) size 92x16 [color=#0000EE]
                    RenderText {#text} at (0,373) size 92x16
                      text run at (0,373) width 92: "Walker Resume"
                  RenderText {#text} at (0,0) size 0x0
                RenderBlock {P} at (0,9832) size 707x91
                  RenderInline {B} at (0,0) size 371x15
                    RenderInline {A} at (0,0) size 371x15 [color=#0000EE]
                      RenderText {#text} at (0,0) size 371x15
                        text run at (0,0) width 371: "Appendix H. Reserved Schema Names and Reserved Words"
                  RenderBR {BR} at (370,0) size 1x15
                  RenderBR {BR} at (0,15) size 0x15
                  RenderInline {A} at (0,30) size 114x15 [color=#0000EE]
                    RenderText {#text} at (0,30) size 114x15
                      text run at (0,30) width 114: "Reserved Schemas"
                  RenderText {#text} at (0,0) size 0x0
                  RenderBR {BR} at (113,30) size 1x15
                  RenderInline {A} at (0,45) size 97x15 [color=#0000EE]
                    RenderText {#text} at (0,45) size 97x15
                      text run at (0,45) width 97: "Reserved Words"
                  RenderText {#text} at (0,0) size 0x0
                  RenderBR {BR} at (96,45) size 1x15
                  RenderInline {A} at (0,60) size 153x15 [color=#0000EE]
                    RenderText {#text} at (0,60) size 153x15
                      text run at (0,60) width 153: "IBM SQL Reserved Words"
                  RenderText {#text} at (0,0) size 0x0
                  RenderBR {BR} at (152,60) size 1x15
                  RenderInline {A} at (0,74) size 198x16 [color=#0000EE]
                    RenderText {#text} at (0,74) size 198x16
                      text run at (0,74) width 198: "ISO/ANS SQL92 Reserved Words"
                  RenderText {#text} at (0,0) size 0x0
                RenderBlock {P} at (0,9935) size 707x16
                  RenderInline {B} at (0,0) size 267x15
                    RenderInline {A} at (0,0) size 267x15 [color=#0000EE]
                      RenderText {#text} at (0,0) size 267x15
                        text run at (0,0) width 267: "Appendix I. Comparison of Isolation Levels"
                  RenderBR {BR} at (266,0) size 1x15
                RenderBlock {P} at (0,9963) size 707x16
                  RenderInline {B} at (0,0) size 318x15
                    RenderInline {A} at (0,0) size 318x15 [color=#0000EE]
                      RenderText {#text} at (0,0) size 318x15
                        text run at (0,0) width 318: "Appendix J. Interaction of Triggers and Constraints"
                  RenderBR {BR} at (317,0) size 1x15
                RenderBlock {P} at (0,9991) size 707x314
                  RenderInline {B} at (0,0) size 268x15
                    RenderInline {A} at (0,0) size 268x15 [color=#0000EE]
                      RenderText {#text} at (0,0) size 268x15
                        text run at (0,0) width 268: "Appendix K. Explain Tables and Definitions"
                  RenderBR {BR} at (267,0) size 1x15
                  RenderBR {BR} at (0,15) size 0x15
                  RenderInline {A} at (0,30) size 171x15 [color=#0000EE]
                    RenderText {#text} at (0,30) size 171x15
                      text run at (0,30) width 171: "EXPLAIN_ARGUMENT Table"
                  RenderText {#text} at (0,0) size 0x0
                  RenderBR {BR} at (170,30) size 1x15
                  RenderInline {A} at (0,45) size 162x15 [color=#0000EE]
                    RenderText {#text} at (0,45) size 162x15
                      text run at (0,45) width 162: "EXPLAIN_INSTANCE Table"
                  RenderText {#text} at (0,0) size 0x0
                  RenderBR {BR} at (161,45) size 1x15
                  RenderInline {A} at (0,60) size 148x15 [color=#0000EE]
                    RenderText {#text} at (0,60) size 148x15
                      text run at (0,60) width 148: "EXPLAIN_OBJECT Table"
                  RenderText {#text} at (0,0) size 0x0
                  RenderBR {BR} at (147,60) size 1x15
                  RenderInline {A} at (0,74) size 169x16 [color=#0000EE]
                    RenderText {#text} at (0,74) size 169x16
                      text run at (0,74) width 169: "EXPLAIN_OPERATOR Table"
                  RenderText {#text} at (0,0) size 0x0
                  RenderBR {BR} at (168,74) size 1x16
                  RenderInline {A} at (0,89) size 171x16 [color=#0000EE]
                    RenderText {#text} at (0,89) size 171x16
                      text run at (0,89) width 171: "EXPLAIN_PREDICATE Table"
                  RenderText {#text} at (0,0) size 0x0
                  RenderBR {BR} at (170,89) size 1x16
                  RenderInline {A} at (0,104) size 174x16 [color=#0000EE]
                    RenderText {#text} at (0,104) size 174x16
                      text run at (0,104) width 174: "EXPLAIN_STATEMENT Table"
                  RenderText {#text} at (0,0) size 0x0
                  RenderBR {BR} at (173,104) size 1x16
                  RenderInline {A} at (0,119) size 152x16 [color=#0000EE]
                    RenderText {#text} at (0,119) size 152x16
                      text run at (0,119) width 152: "EXPLAIN_STREAM Table"
                  RenderText {#text} at (0,0) size 0x0
                  RenderBR {BR} at (151,119) size 1x16
                  RenderInline {A} at (0,134) size 130x16 [color=#0000EE]
                    RenderText {#text} at (0,134) size 130x16
                      text run at (0,134) width 130: "ADVISE_INDEX Table"
                  RenderText {#text} at (0,0) size 0x0
                  RenderBR {BR} at (129,134) size 1x16
                  RenderInline {A} at (0,149) size 166x16 [color=#0000EE]
                    RenderText {#text} at (0,149) size 166x16
                      text run at (0,149) width 166: "ADVISE_WORKLOAD Table"
                  RenderText {#text} at (0,0) size 0x0
                  RenderBR {BR} at (165,149) size 1x16
                  RenderInline {A} at (0,164) size 202x16 [color=#0000EE]
                    RenderText {#text} at (0,164) size 202x16
                      text run at (0,164) width 202: "Table Definitions for Explain Tables"
                  RenderText {#text} at (0,0) size 0x0
                  RenderBR {BR} at (201,164) size 1x16
                  RenderInline {A} at (0,179) size 229x16 [color=#0000EE]
                    RenderText {#text} at (0,179) size 229x16
                      text run at (0,179) width 229: "EXPLAIN_ARGUMENT Table Definition"
                  RenderText {#text} at (0,0) size 0x0
                  RenderBR {BR} at (228,179) size 1x16
                  RenderInline {A} at (0,194) size 220x16 [color=#0000EE]
                    RenderText {#text} at (0,194) size 220x16
                      text run at (0,194) width 220: "EXPLAIN_INSTANCE Table Definition"
                  RenderText {#text} at (0,0) size 0x0
                  RenderBR {BR} at (219,194) size 1x16
                  RenderInline {A} at (0,209) size 206x16 [color=#0000EE]
                    RenderText {#text} at (0,209) size 206x16
                      text run at (0,209) width 206: "EXPLAIN_OBJECT Table Definition"
                  RenderText {#text} at (0,0) size 0x0
                  RenderBR {BR} at (205,209) size 1x16
                  RenderInline {A} at (0,224) size 227x15 [color=#0000EE]
                    RenderText {#text} at (0,224) size 227x15
                      text run at (0,224) width 227: "EXPLAIN_OPERATOR Table Definition"
                  RenderText {#text} at (0,0) size 0x0
                  RenderBR {BR} at (226,224) size 1x15
                  RenderInline {A} at (0,239) size 229x15 [color=#0000EE]
                    RenderText {#text} at (0,239) size 229x15
                      text run at (0,239) width 229: "EXPLAIN_PREDICATE Table Definition"
                  RenderText {#text} at (0,0) size 0x0
                  RenderBR {BR} at (228,239) size 1x15
                  RenderInline {A} at (0,254) size 232x15 [color=#0000EE]
                    RenderText {#text} at (0,254) size 232x15
                      text run at (0,254) width 232: "EXPLAIN_STATEMENT Table Definition"
                  RenderText {#text} at (0,0) size 0x0
                  RenderBR {BR} at (231,254) size 1x15
                  RenderInline {A} at (0,269) size 209x15 [color=#0000EE]
                    RenderText {#text} at (0,269) size 209x15
                      text run at (0,269) width 209: "EXPLAIN_STREAM Table Definition"
                  RenderText {#text} at (0,0) size 0x0
                  RenderBR {BR} at (208,269) size 1x15
                  RenderInline {A} at (0,284) size 188x15 [color=#0000EE]
                    RenderText {#text} at (0,284) size 188x15
                      text run at (0,284) width 188: "ADVISE_INDEX Table Definition"
                  RenderText {#text} at (0,0) size 0x0
                  RenderBR {BR} at (187,284) size 1x15
                  RenderInline {A} at (0,299) size 224x15 [color=#0000EE]
                    RenderText {#text} at (0,299) size 224x15
                      text run at (0,299) width 224: "ADVISE_WORKLOAD Table Definition"
                  RenderText {#text} at (0,0) size 0x0
                RenderBlock {P} at (0,10317) size 707x16
                  RenderInline {B} at (0,0) size 225x15
                    RenderInline {A} at (0,0) size 225x15 [color=#0000EE]
                      RenderText {#text} at (0,0) size 225x15
                        text run at (0,0) width 225: "Appendix L. Explain Register Values"
                  RenderBR {BR} at (224,0) size 1x15
                RenderBlock {P} at (0,10345) size 707x76
                  RenderInline {B} at (0,0) size 306x15
                    RenderInline {A} at (0,0) size 306x15 [color=#0000EE]
                      RenderText {#text} at (0,0) size 306x15
                        text run at (0,0) width 306: "Appendix M. Recursion Example: Bill of Materials"
                  RenderBR {BR} at (305,0) size 1x15
                  RenderBR {BR} at (0,15) size 0x15
                  RenderInline {A} at (0,30) size 200x15 [color=#0000EE]
                    RenderText {#text} at (0,30) size 200x15
                      text run at (0,30) width 200: "Example 1: Single Level Explosion"
                  RenderText {#text} at (0,0) size 0x0
                  RenderBR {BR} at (199,30) size 1x15
                  RenderInline {A} at (0,45) size 202x15 [color=#0000EE]
                    RenderText {#text} at (0,45) size 202x15
                      text run at (0,45) width 202: "Example 2: Summarized Explosion"
                  RenderText {#text} at (0,0) size 0x0
                  RenderBR {BR} at (201,45) size 1x15
                  RenderInline {A} at (0,60) size 170x15 [color=#0000EE]
                    RenderText {#text} at (0,60) size 170x15
                      text run at (0,60) width 170: "Example 3: Controlling Depth"
                  RenderText {#text} at (0,0) size 0x0
                RenderBlock {P} at (0,10433) size 707x76
                  RenderInline {B} at (0,0) size 186x15
                    RenderInline {A} at (0,0) size 186x15 [color=#0000EE]
                      RenderText {#text} at (0,0) size 186x15
                        text run at (0,0) width 186: "Appendix N. Exception Tables"
                  RenderBR {BR} at (185,0) size 1x15
                  RenderBR {BR} at (0,15) size 0x15
                  RenderInline {A} at (0,30) size 219x15 [color=#0000EE]
                    RenderText {#text} at (0,30) size 219x15
                      text run at (0,30) width 219: "Rules for Creating an Exception Table"
                  RenderText {#text} at (0,0) size 0x0
                  RenderBR {BR} at (218,30) size 1x15
                  RenderInline {A} at (0,45) size 225x15 [color=#0000EE]
                    RenderText {#text} at (0,45) size 225x15
                      text run at (0,45) width 225: "Handling Rows in the Exception Tables"
                  RenderText {#text} at (0,0) size 0x0
                  RenderBR {BR} at (224,45) size 1x15
                  RenderInline {A} at (0,60) size 177x15 [color=#0000EE]
                    RenderText {#text} at (0,60) size 177x15
                      text run at (0,60) width 177: "Querying the Exception Tables"
                  RenderText {#text} at (0,0) size 0x0
                RenderBlock {P} at (0,10521) size 707x330
                  RenderInline {B} at (0,0) size 420x15
                    RenderInline {A} at (0,0) size 420x15 [color=#0000EE]
                      RenderText {#text} at (0,0) size 420x15
                        text run at (0,0) width 420: "Appendix O. Japanese and Traditional-Chinese EUC Considerations"
                  RenderBR {BR} at (419,0) size 1x15
                  RenderBR {BR} at (0,15) size 0x15
                  RenderInline {A} at (0,30) size 116x15 [color=#0000EE]
                    RenderText {#text} at (0,30) size 116x15
                      text run at (0,30) width 116: "Language Elements"
                  RenderText {#text} at (0,0) size 0x0
                  RenderBR {BR} at (115,30) size 1x15
                  RenderInline {A} at (0,45) size 64x15 [color=#0000EE]
                    RenderText {#text} at (0,45) size 64x15
                      text run at (0,45) width 64: "Characters"
                  RenderText {#text} at (0,0) size 0x0
                  RenderBR {BR} at (63,45) size 1x15
                  RenderInline {A} at (0,60) size 42x15 [color=#0000EE]
                    RenderText {#text} at (0,60) size 42x15
                      text run at (0,60) width 42: "Tokens"
                  RenderText {#text} at (0,0) size 0x0
                  RenderBR {BR} at (41,60) size 1x15
                  RenderInline {A} at (0,74) size 57x16 [color=#0000EE]
                    RenderText {#text} at (0,74) size 57x16
                      text run at (0,74) width 57: "Identifiers"
                  RenderText {#text} at (0,0) size 0x0
                  RenderBR {BR} at (56,74) size 1x16
                  RenderInline {A} at (0,89) size 66x16 [color=#0000EE]
                    RenderText {#text} at (0,89) size 66x16
                      text run at (0,89) width 66: "Data Types"
                  RenderText {#text} at (0,0) size 0x0
                  RenderBR {BR} at (65,89) size 1x16
                  RenderInline {A} at (0,104) size 180x16 [color=#0000EE]
                    RenderText {#text} at (0,104) size 180x16
                      text run at (0,104) width 180: "Assignments and Comparisons"
                  RenderText {#text} at (0,0) size 0x0
                  RenderBR {BR} at (179,104) size 1x16
                  RenderInline {A} at (0,119) size 162x16 [color=#0000EE]
                    RenderText {#text} at (0,119) size 162x16
                      text run at (0,119) width 162: "Rules for Result Data Types"
                  RenderText {#text} at (0,0) size 0x0
                  RenderBR {BR} at (161,119) size 1x16
                  RenderInline {A} at (0,134) size 166x16 [color=#0000EE]
                    RenderText {#text} at (0,134) size 166x16
                      text run at (0,134) width 166: "Rules for String Conversions"
                  RenderText {#text} at (0,0) size 0x0
                  RenderBR {BR} at (165,134) size 1x16
                  RenderInline {A} at (0,149) size 59x16 [color=#0000EE]
                    RenderText {#text} at (0,149) size 59x16
                      text run at (0,149) width 59: "Constants"
                  RenderText {#text} at (0,0) size 0x0
                  RenderBR {BR} at (58,149) size 1x16
                  RenderInline {A} at (0,164) size 57x16 [color=#0000EE]
                    RenderText {#text} at (0,164) size 57x16
                      text run at (0,164) width 57: "Functions"
                  RenderText {#text} at (0,0) size 0x0
                  RenderBR {BR} at (56,164) size 1x16
                  RenderInline {A} at (0,179) size 71x16 [color=#0000EE]
                    RenderText {#text} at (0,179) size 71x16
                      text run at (0,179) width 71: "Expressions"
                  RenderText {#text} at (0,0) size 0x0
                  RenderBR {BR} at (70,179) size 1x16
                  RenderInline {A} at (0,194) size 62x16 [color=#0000EE]
                    RenderText {#text} at (0,194) size 62x16
                      text run at (0,194) width 62: "Predicates"
                  RenderText {#text} at (0,0) size 0x0
                  RenderBR {BR} at (61,194) size 1x16
                  RenderInline {A} at (0,209) size 57x16 [color=#0000EE]
                    RenderText {#text} at (0,209) size 57x16
                      text run at (0,209) width 57: "Functions"
                  RenderText {#text} at (0,0) size 0x0
                  RenderBR {BR} at (56,209) size 1x16
                  RenderInline {A} at (0,224) size 53x15 [color=#0000EE]
                    RenderText {#text} at (0,224) size 53x15
                      text run at (0,224) width 53: "LENGTH"
                  RenderText {#text} at (0,0) size 0x0
                  RenderBR {BR} at (52,224) size 1x15
                  RenderInline {A} at (0,239) size 53x15 [color=#0000EE]
                    RenderText {#text} at (0,239) size 53x15
                      text run at (0,239) width 53: "SUBSTR"
                  RenderText {#text} at (0,0) size 0x0
                  RenderBR {BR} at (52,239) size 1x15
                  RenderInline {A} at (0,254) size 76x15 [color=#0000EE]
                    RenderText {#text} at (0,254) size 76x15
                      text run at (0,254) width 76: "TRANSLATE"
                  RenderText {#text} at (0,0) size 0x0
                  RenderBR {BR} at (75,254) size 1x15
                  RenderInline {A} at (0,269) size 85x15 [color=#0000EE]
                    RenderText {#text} at (0,269) size 85x15
                      text run at (0,269) width 85: "VARGRAPHIC"
                  RenderText {#text} at (0,0) size 0x0
                  RenderBR {BR} at (84,269) size 1x15
                  RenderInline {A} at (0,284) size 66x15 [color=#0000EE]
                    RenderText {#text} at (0,284) size 66x15
                      text run at (0,284) width 66: "Statements"
                  RenderText {#text} at (0,0) size 0x0
                  RenderBR {BR} at (65,284) size 1x15
                  RenderInline {A} at (0,299) size 65x15 [color=#0000EE]
                    RenderText {#text} at (0,299) size 65x15
                      text run at (0,299) width 65: "CONNECT"
                  RenderText {#text} at (0,0) size 0x0
                  RenderBR {BR} at (64,299) size 1x15
                  RenderInline {A} at (0,314) size 62x15 [color=#0000EE]
                    RenderText {#text} at (0,314) size 62x15
                      text run at (0,314) width 62: "PREPARE"
                  RenderText {#text} at (0,0) size 0x0
                RenderBlock {P} at (0,10863) size 707x16
                  RenderInline {B} at (0,0) size 292x15
                    RenderInline {A} at (0,0) size 292x15 [color=#0000EE]
                      RenderText {#text} at (0,0) size 292x15
                        text run at (0,0) width 292: "Appendix P. BNF Specifications for DATALINKs"
                  RenderBR {BR} at (291,0) size 1x15
                RenderBlock {P} at (0,10891) size 707x180
                  RenderInline {B} at (0,0) size 217x15
                    RenderInline {A} at (0,0) size 217x15 [color=#0000EE]
                      RenderText {#text} at (0,0) size 217x15
                        text run at (0,0) width 217: "Appendix Q. Using the DB2 Library"
                  RenderBR {BR} at (216,0) size 1x15
                  RenderBR {BR} at (0,15) size 0x15
                  RenderInline {A} at (0,30) size 196x15 [color=#0000EE]
                    RenderText {#text} at (0,30) size 196x15
                      text run at (0,30) width 196: "DB2 PDF Files and Printed Books"
                  RenderText {#text} at (0,0) size 0x0
                  RenderBR {BR} at (195,30) size 1x15
                  RenderInline {A} at (0,45) size 94x15 [color=#0000EE]
                    RenderText {#text} at (0,45) size 94x15
                      text run at (0,45) width 94: "DB2 Information"
                  RenderText {#text} at (0,0) size 0x0
                  RenderBR {BR} at (93,45) size 1x15
                  RenderInline {A} at (0,60) size 136x15 [color=#0000EE]
                    RenderText {#text} at (0,60) size 136x15
                      text run at (0,60) width 136: "Printing the PDF Books"
                  RenderText {#text} at (0,0) size 0x0
                  RenderBR {BR} at (135,60) size 1x15
                  RenderInline {A} at (0,74) size 157x16 [color=#0000EE]
                    RenderText {#text} at (0,74) size 157x16
                      text run at (0,74) width 157: "Ordering the Printed Books"
                  RenderText {#text} at (0,0) size 0x0
                  RenderBR {BR} at (156,74) size 1x16
                  RenderInline {A} at (0,89) size 158x16 [color=#0000EE]
                    RenderText {#text} at (0,89) size 158x16
                      text run at (0,89) width 158: "DB2 Online Documentation"
                  RenderText {#text} at (0,0) size 0x0
                  RenderBR {BR} at (157,89) size 1x16
                  RenderInline {A} at (0,104) size 131x16 [color=#0000EE]
                    RenderText {#text} at (0,104) size 131x16
                      text run at (0,104) width 131: "Accessing Online Help"
                  RenderText {#text} at (0,0) size 0x0
                  RenderBR {BR} at (130,104) size 1x16
                  RenderInline {A} at (0,119) size 156x16 [color=#0000EE]
                    RenderText {#text} at (0,119) size 156x16
                      text run at (0,119) width 156: "Viewing Information Online"
                  RenderText {#text} at (0,0) size 0x0
                  RenderBR {BR} at (155,119) size 1x16
                  RenderInline {A} at (0,134) size 113x16 [color=#0000EE]
                    RenderText {#text} at (0,134) size 113x16
                      text run at (0,134) width 113: "Using DB2 Wizards"
                  RenderText {#text} at (0,0) size 0x0
                  RenderBR {BR} at (112,134) size 1x16
                  RenderInline {A} at (0,149) size 177x16 [color=#0000EE]
                    RenderText {#text} at (0,149) size 177x16
                      text run at (0,149) width 177: "Setting Up a Document Server"
                  RenderText {#text} at (0,0) size 0x0
                  RenderBR {BR} at (176,149) size 1x16
                  RenderInline {A} at (0,164) size 169x16 [color=#0000EE]
                    RenderText {#text} at (0,164) size 169x16
                      text run at (0,164) width 169: "Searching Information Online"
                  RenderText {#text} at (0,0) size 0x0
                RenderBlock {P} at (0,11083) size 707x46
                  RenderInline {B} at (0,0) size 127x15
                    RenderInline {A} at (0,0) size 127x15 [color=#0000EE]
                      RenderText {#text} at (0,0) size 127x15
                        text run at (0,0) width 127: "Appendix R. Notices"
                  RenderBR {BR} at (126,0) size 1x15
                  RenderBR {BR} at (0,15) size 0x15
                  RenderInline {A} at (0,30) size 69x15 [color=#0000EE]
                    RenderText {#text} at (0,30) size 69x15
                      text run at (0,30) width 69: "Trademarks"
                  RenderText {#text} at (0,0) size 0x0
                RenderBlock {P} at (0,11141) size 707x16
                  RenderInline {B} at (0,0) size 34x15
                    RenderInline {A} at (0,0) size 34x15 [color=#0000EE]
                      RenderText {#text} at (0,0) size 34x15
                        text run at (0,0) width 34: "Index"
                  RenderBR {BR} at (33,0) size 1x15
                RenderBlock {P} at (0,11169) size 707x46
                  RenderInline {B} at (0,0) size 96x15
                    RenderInline {A} at (0,0) size 96x15 [color=#0000EE]
                      RenderText {#text} at (0,0) size 96x15
                        text run at (0,0) width 96: "Contacting IBM"
                  RenderBR {BR} at (95,0) size 1x15
                  RenderBR {BR} at (0,15) size 0x15
                  RenderInline {A} at (0,30) size 114x15 [color=#0000EE]
                    RenderText {#text} at (0,30) size 114x15
                      text run at (0,30) width 114: "Product Information"
                  RenderText {#text} at (0,0) size 0x0
                  RenderInline {A} at (113,30) size 0x15
                  RenderText {#text} at (0,0) size 0x0
                RenderTable {TABLE} at (0,11227) size 26x27
                  RenderTableSection {TBODY} at (0,0) size 26x27
                    RenderTableRow {TR} at (0,2) size 26x0
                    RenderTableRow {TR} at (0,4) size 26x21
                      RenderTableCell {TD} at (2,4) size 10x21 [r=1 c=0 rs=1 cs=1]
                        RenderText {#text} at (1,1) size 8x19
                          text run at (1,1) width 8: "x"
                      RenderTableCell {TD} at (14,4) size 10x21 [r=1 c=1 rs=1 cs=1]
                        RenderText {#text} at (1,1) size 8x19
                          text run at (1,1) width 8: "x"
              RenderBlock (anonymous) at (2,11339) size 707x0
                RenderInline {FONT} at (0,0) size 0x0
