layer at (0,0) size 800x600
  RenderView at (0,0) size 800x600
layer at (0,0) size 800x600
  RenderBlock {HTML} at (0,0) size 800x600
    RenderBody {BODY} at (8,8) size 784x584
      RenderTable {TABLE} at (0,0) size 784x92 [border: (1px outset #808080)]
        RenderTableSection {TBODY} at (1,1) size 782x90
          RenderTableRow {TR} at (0,2) size 782x86
            RenderTableCell {TD} at (2,2) size 620x86 [border: (1px inset #808080)] [r=0 c=0 rs=1 cs=1]
              RenderBlock (anonymous) at (2,2) size 616x18
                RenderText {#text} at (0,0) size 260x18
                  text run at (0,0) width 260: "some normal text before the nested table"
              RenderTable {TABLE} at (52,20) size 555x46 [border: (1px outset #808080)]
                RenderTableSection {TBODY} at (1,1) size 553x44
                  RenderTableRow {TR} at (0,2) size 553x40
                    RenderTableCell {TD} at (2,2) size 182x40 [border: (1px inset #808080)] [r=0 c=0 rs=1 cs=1]
                      RenderText {#text} at (2,2) size 161x36
                        text run at (2,2) width 161: "selection of words to pad"
                        text run at (2,20) width 59: "table cell"
                    RenderTableCell {TD} at (185,2) size 182x40 [border: (1px inset #808080)] [r=0 c=1 rs=1 cs=1]
                      RenderText {#text} at (2,2) size 161x36
                        text run at (2,2) width 161: "selection of words to pad"
                        text run at (2,20) width 59: "table cell"
                    RenderTableCell {TD} at (368,2) size 183x40 [border: (1px inset #808080)] [r=0 c=2 rs=1 cs=1]
                      RenderText {#text} at (2,2) size 161x36
                        text run at (2,2) width 161: "selection of words to pad"
                        text run at (2,20) width 59: "table cell"
              RenderBlock (anonymous) at (2,66) size 616x18
                RenderText {#text} at (0,0) size 248x18
                  text run at (0,0) width 248: "some normal text after the nested table"
            RenderTableCell {TD} at (624,25) size 157x40 [border: (1px inset #808080)] [r=0 c=1 rs=1 cs=1]
              RenderText {#text} at (2,2) size 150x36
                text run at (2,2) width 150: "contents of table cell to"
                text run at (2,20) width 31: "right"
      RenderTable {TABLE} at (0,92) size 784x92 [border: (1px outset #808080)]
        RenderTableSection {TBODY} at (1,1) size 782x90
          RenderTableRow {TR} at (0,2) size 782x86
            RenderTableCell {TD} at (2,2) size 620x86 [border: (1px inset #808080)] [r=0 c=0 rs=1 cs=1]
              RenderBlock (anonymous) at (2,2) size 616x18
                RenderText {#text} at (0,0) size 260x18
                  text run at (0,0) width 260: "some normal text before the nested table"
              RenderTable {TABLE} at (52,20) size 566x46 [border: (1px outset #808080)]
                RenderTableSection {TBODY} at (1,1) size 564x44
                  RenderTableRow {TR} at (0,2) size 564x40
                    RenderTableCell {TD} at (2,2) size 186x40 [border: (1px inset #808080)] [r=0 c=0 rs=1 cs=1]
                      RenderText {#text} at (2,2) size 161x36
                        text run at (2,2) width 161: "selection of words to pad"
                        text run at (2,20) width 59: "table cell"
                    RenderTableCell {TD} at (189,2) size 186x40 [border: (1px inset #808080)] [r=0 c=1 rs=1 cs=1]
                      RenderText {#text} at (2,2) size 161x36
                        text run at (2,2) width 161: "selection of words to pad"
                        text run at (2,20) width 59: "table cell"
                    RenderTableCell {TD} at (376,2) size 187x40 [border: (1px inset #808080)] [r=0 c=2 rs=1 cs=1]
                      RenderText {#text} at (2,2) size 161x36
                        text run at (2,2) width 161: "selection of words to pad"
                        text run at (2,20) width 59: "table cell"
              RenderBlock (anonymous) at (2,66) size 616x18
                RenderText {#text} at (0,0) size 248x18
                  text run at (0,0) width 248: "some normal text after the nested table"
            RenderTableCell {TD} at (624,25) size 157x40 [border: (1px inset #808080)] [r=0 c=1 rs=1 cs=1]
              RenderText {#text} at (2,2) size 150x36
                text run at (2,2) width 150: "contents of table cell to"
                text run at (2,20) width 31: "right"
      RenderTable {TABLE} at (0,184) size 784x120 [border: (1px outset #808080)]
        RenderTableSection {TBODY} at (1,1) size 782x118
          RenderTableRow {TR} at (0,2) size 782x114
            RenderTableCell {TD} at (2,2) size 625x114 [border: (1px inset #808080)] [r=0 c=0 rs=1 cs=1]
              RenderBlock (anonymous) at (2,2) size 621x18
                RenderText {#text} at (0,0) size 260x18
                  text run at (0,0) width 260: "some normal text before the nested table"
              RenderTable {TABLE} at (52,20) size 571x74 [border: (10px solid #000000)]
                RenderTableSection {TBODY} at (15,15) size 541x44
                  RenderTableRow {TR} at (0,2) size 541x40
                    RenderTableCell {TD} at (2,2) size 178x40 [border: (1px inset #000000)] [r=0 c=0 rs=1 cs=1]
                      RenderText {#text} at (2,2) size 161x36
                        text run at (2,2) width 161: "selection of words to pad"
                        text run at (2,20) width 59: "table cell"
                    RenderTableCell {TD} at (181,2) size 179x40 [border: (1px inset #000000)] [r=0 c=1 rs=1 cs=1]
                      RenderText {#text} at (2,2) size 161x36
                        text run at (2,2) width 161: "selection of words to pad"
                        text run at (2,20) width 59: "table cell"
                    RenderTableCell {TD} at (361,2) size 178x40 [border: (1px inset #000000)] [r=0 c=2 rs=1 cs=1]
                      RenderText {#text} at (2,2) size 161x36
                        text run at (2,2) width 161: "selection of words to pad"
                        text run at (2,20) width 59: "table cell"
              RenderBlock (anonymous) at (2,94) size 621x18
                RenderText {#text} at (0,0) size 248x18
                  text run at (0,0) width 248: "some normal text after the nested table"
            RenderTableCell {TD} at (628,39) size 153x40 [border: (1px inset #808080)] [r=0 c=1 rs=1 cs=1]
              RenderText {#text} at (2,2) size 133x36
                text run at (2,2) width 133: "contents of table cell"
                text run at (2,20) width 47: "to right"
