layer at (0,0) size 800x600
  RenderView at (0,0) size 800x600
layer at (0,0) size 800x600
  RenderBlock {HTML} at (0,0) size 800x600
    RenderBody {BODY} at (8,8) size 784x584
      RenderBlock {P} at (0,0) size 784x36
        RenderInline {B} at (0,0) size 777x36
          RenderText {#text} at (0,0) size 777x36
            text run at (0,0) width 777: "original page, stripped down to the problem table (pattern: auto width table with first row has specified width and"
            text run at (0,18) width 382: "colspan=2, second row has two specified width columns)"
      RenderTable {TABLE} at (0,52) size 506x196 [border: (1px outset #808080)]
        RenderTableSection {TBODY} at (1,1) size 504x194
          RenderTableRow {TR} at (0,2) size 504x94
            RenderTableCell {TD} at (2,2) size 500x94 [border: (1px inset #808080)] [r=0 c=0 rs=1 cs=2]
              RenderText {#text} at (2,2) size 489x90
                text run at (2,2) width 439: "Cons For Pokemon \"They're Pokemon card sharks out there. This is "
                text run at (440,2) width 39: "worse"
                text run at (2,20) width 415: "than the Cabbage Patch Kid craze because now it's the kids who "
                text run at (416,20) width 75: "are actually"
                text run at (2,38) width 303: "fighting each other instead of just the parents.\" "
                text run at (304,38) width 135: "-- Children are doing"
                text run at (2,56) width 283: "anything, including breaking the law, to get "
                text run at (284,56) width 178: "their grubby hands on some"
                text run at (2,74) width 188: "trading cards, observe police."
          RenderTableRow {TR} at (0,98) size 504x94
            RenderTableCell {TD} at (2,98) size 272x22 [border: (1px inset #808080)] [r=1 c=0 rs=1 cs=1]
              RenderText {#text} at (2,2) size 41x18
                text run at (2,2) width 41: "ASDF"
            RenderTableCell {TD} at (276,98) size 226x94 [border: (1px inset #808080)] [r=1 c=1 rs=1 cs=1]
              RenderText {#text} at (2,2) size 198x90
                text run at (2,2) width 33: "Sat., "
                text run at (34,2) width 90: "Dec 11, 1999 "
                text run at (123,2) width 72: "Gay Union"
                text run at (2,20) width 198: "Kibosh Hawaii Supreme Court"
                text run at (2,38) width 64: "slams the "
                text run at (65,38) width 114: "door on same-sex"
                text run at (2,56) width 173: "marriages. All eyes look to"
                text run at (2,74) width 60: "Vermont."
      RenderBlock (anonymous) at (0,248) size 784x18
        RenderBR {BR} at (0,0) size 0x18
      RenderBlock {P} at (0,282) size 784x18
        RenderInline {B} at (0,0) size 344x18
          RenderText {#text} at (0,0) size 344x18
            text run at (0,0) width 344: "same table, but less content (text) in the first cell ..."
      RenderTable {TABLE} at (0,316) size 506x124 [border: (1px outset #808080)]
        RenderTableSection {TBODY} at (1,1) size 504x122
          RenderTableRow {TR} at (0,2) size 504x22
            RenderTableCell {TD} at (2,2) size 500x22 [border: (1px inset #808080)] [r=0 c=0 rs=1 cs=2]
              RenderText {#text} at (2,2) size 435x18
                text run at (2,2) width 435: "Cons For Pokemon \"They're Pokemon card sharks out there. This is"
          RenderTableRow {TR} at (0,26) size 504x94
            RenderTableCell {TD} at (2,26) size 272x22 [border: (1px inset #808080)] [r=1 c=0 rs=1 cs=1]
              RenderText {#text} at (2,2) size 41x18
                text run at (2,2) width 41: "ASDF"
            RenderTableCell {TD} at (276,26) size 226x94 [border: (1px inset #808080)] [r=1 c=1 rs=1 cs=1]
              RenderText {#text} at (2,2) size 198x90
                text run at (2,2) width 33: "Sat., "
                text run at (34,2) width 90: "Dec 11, 1999 "
                text run at (123,2) width 72: "Gay Union"
                text run at (2,20) width 198: "Kibosh Hawaii Supreme Court"
                text run at (2,38) width 64: "slams the "
                text run at (65,38) width 114: "door on same-sex"
                text run at (2,56) width 173: "marriages. All eyes look to"
                text run at (2,74) width 60: "Vermont."
