layer at (0,0) size 800x600
  RenderView at (0,0) size 800x600
layer at (0,0) size 800x600
  RenderBlock {HTML} at (0,0) size 800x600
    RenderBody {BODY} at (8,8) size 784x576
      RenderBlock {H2} at (0,0) size 784x28
        RenderText {#text} at (0,0) size 362x28
          text run at (0,0) width 362: "SeaMonkey XPInstall Trigger Page"
      RenderBlock {FORM} at (0,57) size 784x48
        RenderTable {TABLE} at (0,0) size 661x47
          RenderTableSection {TBODY} at (0,0) size 661x47
            RenderTableRow {TR} at (0,2) size 661x21
              RenderTableCell {TD} at (2,2) size 106x21 [r=0 c=0 rs=1 cs=1]
                RenderInline {B} at (0,0) size 95x19
                  RenderText {#text} at (1,0) size 95x20
                    text run at (1,1) width 95: "Trigger URL:"
              RenderTableCell {TD} at (109,2) size 464x21 [r=0 c=1 rs=1 cs=1]
                RenderTextControl {INPUT} at (1,1) size 462x19 [bgcolor=#FFFFFF] [border: (2px inset #000000)]
              RenderTableCell {TD} at (574,2) size 85x21 [r=0 c=2 rs=1 cs=1]
                RenderButton {INPUT} at (1,1) size 54x18 [color=#000000D8] [bgcolor=#C0C0C0] [border: none (2px outset #C0C0C0) none (2px outset #C0C0C0)]
                  RenderBlock (anonymous) at (8,2) size 38x13
                    RenderText at (0,0) size 38x13
                      text run at (0,0) width 38: "Trigger"
            RenderTableRow {TR} at (0,25) size 661x20
              RenderTableCell {TD} at (2,25) size 106x20 [r=1 c=0 rs=1 cs=1]
                RenderInline {B} at (0,0) size 104x18
                  RenderText {#text} at (1,1) size 104x18
                    text run at (1,1) width 104: "Run Test Case:"
              RenderTableCell {TD} at (109,25) size 464x20 [r=1 c=1 rs=1 cs=1]
                RenderMenuList {SELECT} at (1,1) size 259x18 [bgcolor=#FFFFFF]
                  RenderBlock (anonymous) at (0,0) size 259x18
                    RenderText at (8,2) size 72x13
                      text run at (8,2) width 72: "a_abortinstall"
                RenderText {#text} at (0,0) size 0x0
              RenderTableCell {TD} at (574,25) size 85x20 [r=1 c=2 rs=1 cs=1]
                RenderButton {INPUT} at (1,1) size 82x18 [color=#000000D8] [bgcolor=#C0C0C0] [border: none (2px outset #C0C0C0) none (2px outset #C0C0C0)]
                  RenderBlock (anonymous) at (8,2) size 66x13
                    RenderText at (0,0) size 66x13
                      text run at (0,0) width 66: "Trigger case"
layer at (8,56) size 784x2 clip at (0,0) size 0x0
  RenderBlock {HR} at (0,47) size 784x3 [border: (1px inset #000000)]
layer at (121,72) size 456x13
  RenderBlock {DIV} at (3,3) size 456x13
    RenderText {#text} at (0,0) size 93x13
      text run at (0,0) width 93: "http://jimbob/jars/"
