layer at (0,0) size 785x982
  RenderView at (0,0) size 785x600
layer at (0,0) size 785x982
  RenderBlock {HTML} at (0,0) size 785x982
    RenderBody {BODY} at (8,8) size 769x966
      RenderBlock (anonymous) at (0,0) size 769x18
        RenderInline {FONT} at (0,0) size 110x18
          RenderText {#text} at (0,0) size 98x18
            text run at (0,0) width 98: "same line as X "
          RenderInline {A} at (0,0) size 13x18
            RenderText {#text} at (97,0) size 13x18
              text run at (97,0) width 13: "X"
      RenderBlock (anonymous) at (0,18) size 769x28
        RenderTable {TABLE} at (0,0) size 55x28 [border: (1px outset #808080)]
          RenderTableSection {TBODY} at (1,1) size 53x26
            RenderTableRow {TR} at (0,2) size 53x22
              RenderTableCell {TD} at (2,2) size 49x22 [border: (1px inset #808080)] [r=0 c=0 rs=1 cs=1]
                RenderText {#text} at (2,2) size 45x18
                  text run at (2,2) width 45: "table-1"
      RenderBlock (anonymous) at (0,46) size 769x18
        RenderInline {FONT} at (0,0) size 10x18
          RenderInline {A} at (0,0) size 10x18
            RenderText {#text} at (0,0) size 10x18
              text run at (0,0) width 10: "Z"
          RenderInline {FONT} at (0,0) size 0x18
            RenderText {#text} at (0,0) size 0x0
      RenderBlock (anonymous) at (0,72) size 769x2
        RenderBlock {HR} at (0,0) size 769x2 [border: (1px inset #000000)]
      RenderBlock (anonymous) at (0,82) size 769x18
        RenderInline {FONT} at (0,0) size 110x18
          RenderInline {FONT} at (0,0) size 110x18
            RenderInline {FONT} at (0,0) size 110x18
              RenderInline {A} at (0,0) size 12x18
                RenderText {#text} at (0,0) size 12x18
                  text run at (0,0) width 12: "X"
              RenderText {#text} at (11,0) size 99x18
                text run at (11,0) width 99: " same line as X"
      RenderBlock (anonymous) at (0,100) size 769x28
        RenderTable {TABLE} at (0,0) size 55x28 [border: (1px outset #808080)]
          RenderTableSection {TBODY} at (1,1) size 53x26
            RenderTableRow {TR} at (0,2) size 53x22
              RenderTableCell {TD} at (2,2) size 49x22 [border: (1px inset #808080)] [r=0 c=0 rs=1 cs=1]
                RenderText {#text} at (2,2) size 45x18
                  text run at (2,2) width 45: "table-2"
      RenderBlock (anonymous) at (0,128) size 769x18
        RenderInline {FONT} at (0,0) size 10x18
          RenderInline {FONT} at (0,0) size 10x18
            RenderInline {FONT} at (0,0) size 10x18
              RenderInline {A} at (0,0) size 10x18
                RenderText {#text} at (0,0) size 10x18
                  text run at (0,0) width 10: "Z"
              RenderInline {FONT} at (0,0) size 0x18
                RenderText {#text} at (0,0) size 0x0
      RenderBlock (anonymous) at (0,154) size 769x2
        RenderBlock {HR} at (0,0) size 769x2 [border: (1px inset #000000)]
      RenderBlock (anonymous) at (0,164) size 769x18
        RenderInline {FONT} at (0,0) size 12x18
          RenderInline {FONT} at (0,0) size 12x18
            RenderInline {FONT} at (0,0) size 12x18
              RenderInline {FONT} at (0,0) size 12x18
                RenderInline {FONT} at (0,0) size 12x18
                  RenderInline {A} at (0,0) size 12x18
                    RenderText {#text} at (0,0) size 12x18
                      text run at (0,0) width 12: "X"
      RenderBlock (anonymous) at (0,182) size 769x28
        RenderTable {TABLE} at (0,0) size 55x28 [border: (1px outset #808080)]
          RenderTableSection {TBODY} at (1,1) size 53x26
            RenderTableRow {TR} at (0,2) size 53x22
              RenderTableCell {TD} at (2,2) size 49x22 [border: (1px inset #808080)] [r=0 c=0 rs=1 cs=1]
                RenderText {#text} at (2,2) size 45x18
                  text run at (2,2) width 45: "table-3"
      RenderBlock (anonymous) at (0,210) size 769x18
        RenderInline {FONT} at (0,0) size 106x18
          RenderInline {FONT} at (0,0) size 106x18
            RenderInline {FONT} at (0,0) size 106x18
              RenderInline {FONT} at (0,0) size 106x18
                RenderInline {FONT} at (0,0) size 106x18
                  RenderText {#text} at (0,0) size 96x18
                    text run at (0,0) width 96: "same line as Z "
                  RenderInline {A} at (0,0) size 11x18
                    RenderText {#text} at (95,0) size 11x18
                      text run at (95,0) width 11: "Z"
                  RenderInline {FONT} at (0,0) size 0x18
                    RenderText {#text} at (0,0) size 0x0
      RenderBlock (anonymous) at (0,236) size 769x2
        RenderBlock {HR} at (0,0) size 769x2 [border: (1px inset #000000)]
      RenderBlock (anonymous) at (0,246) size 769x18
        RenderInline {FONT} at (0,0) size 104x18
          RenderInline {FONT} at (0,0) size 104x18
            RenderInline {FONT} at (0,0) size 104x18
              RenderInline {FONT} at (0,0) size 104x18
                RenderInline {FONT} at (0,0) size 104x18
                  RenderInline {FONT} at (0,0) size 104x18
                    RenderInline {FONT} at (0,0) size 104x18
                      RenderText {#text} at (0,0) size 104x18
                        text run at (0,0) width 104: "line before table"
      RenderBlock (anonymous) at (0,264) size 769x28
        RenderTable {TABLE} at (0,0) size 55x28 [border: (1px outset #808080)]
          RenderTableSection {TBODY} at (1,1) size 53x26
            RenderTableRow {TR} at (0,2) size 53x22
              RenderTableCell {TD} at (2,2) size 49x22 [border: (1px inset #808080)] [r=0 c=0 rs=1 cs=1]
                RenderText {#text} at (2,2) size 45x18
                  text run at (2,2) width 45: "table-4"
      RenderBlock (anonymous) at (0,292) size 769x18
        RenderInline {FONT} at (0,0) size 10x18
          RenderInline {FONT} at (0,0) size 10x18
            RenderInline {FONT} at (0,0) size 10x18
              RenderInline {FONT} at (0,0) size 10x18
                RenderInline {FONT} at (0,0) size 10x18
                  RenderInline {FONT} at (0,0) size 10x18
                    RenderInline {FONT} at (0,0) size 10x18
                      RenderInline {A} at (0,0) size 10x18
                        RenderText {#text} at (0,0) size 10x18
                          text run at (0,0) width 10: "Z"
                      RenderInline {FONT} at (0,0) size 0x18
                        RenderText {#text} at (0,0) size 0x0
      RenderBlock (anonymous) at (0,318) size 769x2
        RenderBlock {HR} at (0,0) size 769x2 [border: (1px inset #000000)]
      RenderBlock (anonymous) at (0,328) size 769x0
        RenderInline {FONT} at (0,0) size 0x0
          RenderInline {FONT} at (0,0) size 0x0
            RenderInline {FONT} at (0,0) size 0x0
              RenderInline {FONT} at (0,0) size 0x0
                RenderInline {FONT} at (0,0) size 0x0
                  RenderInline {FONT} at (0,0) size 0x0
                    RenderInline {FONT} at (0,0) size 0x0
                      RenderInline {FONT} at (0,0) size 0x0
                        RenderInline {FONT} at (0,0) size 0x0
      RenderBlock (anonymous) at (0,328) size 769x28
        RenderTable {TABLE} at (0,0) size 55x28 [border: (1px outset #808080)]
          RenderTableSection {TBODY} at (1,1) size 53x26
            RenderTableRow {TR} at (0,2) size 53x22
              RenderTableCell {TD} at (2,2) size 49x22 [border: (1px inset #808080)] [r=0 c=0 rs=1 cs=1]
                RenderText {#text} at (2,2) size 45x18
                  text run at (2,2) width 45: "table-5"
      RenderBlock (anonymous) at (0,356) size 769x18
        RenderInline {FONT} at (0,0) size 107x18
          RenderInline {FONT} at (0,0) size 107x18
            RenderInline {FONT} at (0,0) size 107x18
              RenderInline {FONT} at (0,0) size 107x18
                RenderInline {FONT} at (0,0) size 107x18
                  RenderInline {FONT} at (0,0) size 107x18
                    RenderInline {FONT} at (0,0) size 107x18
                      RenderInline {FONT} at (0,0) size 107x18
                        RenderInline {FONT} at (0,0) size 107x18
                          RenderText {#text} at (0,0) size 97x18
                            text run at (0,0) width 97: "line after table "
                          RenderInline {A} at (0,0) size 11x18
                            RenderText {#text} at (96,0) size 11x18
                              text run at (96,0) width 11: "Z"
                          RenderInline {FONT} at (0,0) size 0x18
                            RenderText {#text} at (0,0) size 0x0
      RenderBlock (anonymous) at (0,382) size 769x2
        RenderBlock {HR} at (0,0) size 769x2 [border: (1px inset #000000)]
      RenderBlock (anonymous) at (0,392) size 769x18
        RenderInline {FONT} at (0,0) size 104x18
          RenderInline {FONT} at (0,0) size 104x18
            RenderInline {FONT} at (0,0) size 104x18
              RenderInline {FONT} at (0,0) size 104x18
                RenderInline {FONT} at (0,0) size 104x18
                  RenderInline {FONT} at (0,0) size 104x18
                    RenderInline {FONT} at (0,0) size 104x18
                      RenderInline {FONT} at (0,0) size 104x18
                        RenderInline {FONT} at (0,0) size 104x18
                          RenderInline {FONT} at (0,0) size 104x18
                            RenderInline {FONT} at (0,0) size 104x18
                              RenderText {#text} at (0,0) size 104x18
                                text run at (0,0) width 104: "line before table"
      RenderBlock (anonymous) at (0,410) size 769x28
        RenderTable {TABLE} at (0,0) size 55x28 [border: (1px outset #808080)]
          RenderTableSection {TBODY} at (1,1) size 53x26
            RenderTableRow {TR} at (0,2) size 53x22
              RenderTableCell {TD} at (2,2) size 49x22 [border: (1px inset #808080)] [r=0 c=0 rs=1 cs=1]
                RenderText {#text} at (2,2) size 45x18
                  text run at (2,2) width 45: "table-6"
      RenderBlock (anonymous) at (0,438) size 769x0
        RenderInline {FONT} at (0,0) size 0x0
          RenderInline {FONT} at (0,0) size 0x0
            RenderInline {FONT} at (0,0) size 0x0
              RenderInline {FONT} at (0,0) size 0x0
                RenderInline {FONT} at (0,0) size 0x0
                  RenderInline {FONT} at (0,0) size 0x0
                    RenderInline {FONT} at (0,0) size 0x0
                      RenderInline {FONT} at (0,0) size 0x0
                        RenderInline {FONT} at (0,0) size 0x0
                          RenderInline {FONT} at (0,0) size 0x0
                            RenderInline {FONT} at (0,0) size 0x0
                              RenderInline {FONT} at (0,0) size 0x0
                                RenderText {#text} at (0,0) size 0x0
      RenderBlock (anonymous) at (0,446) size 769x2
        RenderBlock {HR} at (0,0) size 769x2 [border: (1px inset #000000)]
      RenderBlock (anonymous) at (0,456) size 769x0
        RenderInline {FONT} at (0,0) size 0x0
          RenderInline {FONT} at (0,0) size 0x0
            RenderInline {FONT} at (0,0) size 0x0
              RenderInline {FONT} at (0,0) size 0x0
                RenderInline {FONT} at (0,0) size 0x0
                  RenderInline {FONT} at (0,0) size 0x0
                    RenderInline {FONT} at (0,0) size 0x0
                      RenderInline {FONT} at (0,0) size 0x0
                        RenderInline {FONT} at (0,0) size 0x0
                          RenderInline {FONT} at (0,0) size 0x0
                            RenderInline {FONT} at (0,0) size 0x0
                              RenderInline {FONT} at (0,0) size 0x0
                                RenderInline {FONT} at (0,0) size 0x0
      RenderBlock (anonymous) at (0,456) size 769x18
        RenderBlock {DIV} at (0,0) size 769x18
          RenderText {#text} at (0,0) size 81x18
            text run at (0,0) width 81: "div before X"
      RenderBlock (anonymous) at (0,474) size 769x18
        RenderInline {FONT} at (0,0) size 12x18
          RenderInline {FONT} at (0,0) size 12x18
            RenderInline {FONT} at (0,0) size 12x18
              RenderInline {FONT} at (0,0) size 12x18
                RenderInline {FONT} at (0,0) size 12x18
                  RenderInline {FONT} at (0,0) size 12x18
                    RenderInline {FONT} at (0,0) size 12x18
                      RenderInline {FONT} at (0,0) size 12x18
                        RenderInline {FONT} at (0,0) size 12x18
                          RenderInline {FONT} at (0,0) size 12x18
                            RenderInline {FONT} at (0,0) size 12x18
                              RenderInline {FONT} at (0,0) size 12x18
                                RenderInline {FONT} at (0,0) size 12x18
                                  RenderInline {A} at (0,0) size 12x18
                                    RenderText {#text} at (0,0) size 12x18
                                      text run at (0,0) width 12: "X"
      RenderBlock (anonymous) at (0,492) size 769x28
        RenderTable {TABLE} at (0,0) size 55x28 [border: (1px outset #808080)]
          RenderTableSection {TBODY} at (1,1) size 53x26
            RenderTableRow {TR} at (0,2) size 53x22
              RenderTableCell {TD} at (2,2) size 49x22 [border: (1px inset #808080)] [r=0 c=0 rs=1 cs=1]
                RenderText {#text} at (2,2) size 45x18
                  text run at (2,2) width 45: "table-7"
      RenderBlock (anonymous) at (0,520) size 769x18
        RenderInline {FONT} at (0,0) size 10x18
          RenderInline {FONT} at (0,0) size 10x18
            RenderInline {FONT} at (0,0) size 10x18
              RenderInline {FONT} at (0,0) size 10x18
                RenderInline {FONT} at (0,0) size 10x18
                  RenderInline {FONT} at (0,0) size 10x18
                    RenderInline {FONT} at (0,0) size 10x18
                      RenderInline {FONT} at (0,0) size 10x18
                        RenderInline {FONT} at (0,0) size 10x18
                          RenderInline {FONT} at (0,0) size 10x18
                            RenderInline {FONT} at (0,0) size 10x18
                              RenderInline {FONT} at (0,0) size 10x18
                                RenderInline {FONT} at (0,0) size 10x18
                                  RenderInline {A} at (0,0) size 10x18
                                    RenderText {#text} at (0,0) size 10x18
                                      text run at (0,0) width 10: "Z"
                                  RenderInline {FONT} at (0,0) size 0x18
                                    RenderText {#text} at (0,0) size 0x0
      RenderBlock (anonymous) at (0,546) size 769x2
        RenderBlock {HR} at (0,0) size 769x2 [border: (1px inset #000000)]
      RenderBlock (anonymous) at (0,556) size 769x18
        RenderInline {FONT} at (0,0) size 12x18
          RenderInline {FONT} at (0,0) size 12x18
            RenderInline {FONT} at (0,0) size 12x18
              RenderInline {FONT} at (0,0) size 12x18
                RenderInline {FONT} at (0,0) size 12x18
                  RenderInline {FONT} at (0,0) size 12x18
                    RenderInline {FONT} at (0,0) size 12x18
                      RenderInline {FONT} at (0,0) size 12x18
                        RenderInline {FONT} at (0,0) size 12x18
                          RenderInline {FONT} at (0,0) size 12x18
                            RenderInline {FONT} at (0,0) size 12x18
                              RenderInline {FONT} at (0,0) size 12x18
                                RenderInline {FONT} at (0,0) size 12x18
                                  RenderInline {FONT} at (0,0) size 12x18
                                    RenderInline {FONT} at (0,0) size 12x18
                                      RenderInline {A} at (0,0) size 12x18
                                        RenderText {#text} at (0,0) size 12x18
                                          text run at (0,0) width 12: "X"
      RenderBlock (anonymous) at (0,574) size 769x46
        RenderBlock {DIV} at (0,0) size 769x18
          RenderText {#text} at (0,0) size 101x18
            text run at (0,0) width 101: "div before table"
        RenderTable {TABLE} at (0,18) size 55x28 [border: (1px outset #808080)]
          RenderTableSection {TBODY} at (1,1) size 53x26
            RenderTableRow {TR} at (0,2) size 53x22
              RenderTableCell {TD} at (2,2) size 49x22 [border: (1px inset #808080)] [r=0 c=0 rs=1 cs=1]
                RenderText {#text} at (2,2) size 45x18
                  text run at (2,2) width 45: "table-8"
      RenderBlock (anonymous) at (0,620) size 769x18
        RenderInline {FONT} at (0,0) size 10x18
          RenderInline {FONT} at (0,0) size 10x18
            RenderInline {FONT} at (0,0) size 10x18
              RenderInline {FONT} at (0,0) size 10x18
                RenderInline {FONT} at (0,0) size 10x18
                  RenderInline {FONT} at (0,0) size 10x18
                    RenderInline {FONT} at (0,0) size 10x18
                      RenderInline {FONT} at (0,0) size 10x18
                        RenderInline {FONT} at (0,0) size 10x18
                          RenderInline {FONT} at (0,0) size 10x18
                            RenderInline {FONT} at (0,0) size 10x18
                              RenderInline {FONT} at (0,0) size 10x18
                                RenderInline {FONT} at (0,0) size 10x18
                                  RenderInline {FONT} at (0,0) size 10x18
                                    RenderInline {FONT} at (0,0) size 10x18
                                      RenderInline {A} at (0,0) size 10x18
                                        RenderText {#text} at (0,0) size 10x18
                                          text run at (0,0) width 10: "Z"
                                      RenderInline {FONT} at (0,0) size 0x18
                                        RenderText {#text} at (0,0) size 0x0
      RenderBlock (anonymous) at (0,646) size 769x2
        RenderBlock {HR} at (0,0) size 769x2 [border: (1px inset #000000)]
      RenderBlock (anonymous) at (0,656) size 769x18
        RenderInline {FONT} at (0,0) size 12x18
          RenderInline {FONT} at (0,0) size 12x18
            RenderInline {FONT} at (0,0) size 12x18
              RenderInline {FONT} at (0,0) size 12x18
                RenderInline {FONT} at (0,0) size 12x18
                  RenderInline {FONT} at (0,0) size 12x18
                    RenderInline {FONT} at (0,0) size 12x18
                      RenderInline {FONT} at (0,0) size 12x18
                        RenderInline {FONT} at (0,0) size 12x18
                          RenderInline {FONT} at (0,0) size 12x18
                            RenderInline {FONT} at (0,0) size 12x18
                              RenderInline {FONT} at (0,0) size 12x18
                                RenderInline {FONT} at (0,0) size 12x18
                                  RenderInline {FONT} at (0,0) size 12x18
                                    RenderInline {FONT} at (0,0) size 12x18
                                      RenderInline {FONT} at (0,0) size 12x18
                                        RenderInline {FONT} at (0,0) size 12x18
                                          RenderInline {A} at (0,0) size 12x18
                                            RenderText {#text} at (0,0) size 12x18
                                              text run at (0,0) width 12: "X"
      RenderBlock (anonymous) at (0,674) size 769x46
        RenderTable {TABLE} at (0,0) size 55x28 [border: (1px outset #808080)]
          RenderTableSection {TBODY} at (1,1) size 53x26
            RenderTableRow {TR} at (0,2) size 53x22
              RenderTableCell {TD} at (2,2) size 49x22 [border: (1px inset #808080)] [r=0 c=0 rs=1 cs=1]
                RenderText {#text} at (2,2) size 45x18
                  text run at (2,2) width 45: "table-9"
        RenderBlock {DIV} at (0,28) size 769x18
          RenderText {#text} at (0,0) size 89x18
            text run at (0,0) width 89: "div after table"
      RenderBlock (anonymous) at (0,720) size 769x18
        RenderInline {FONT} at (0,0) size 10x18
          RenderInline {FONT} at (0,0) size 10x18
            RenderInline {FONT} at (0,0) size 10x18
              RenderInline {FONT} at (0,0) size 10x18
                RenderInline {FONT} at (0,0) size 10x18
                  RenderInline {FONT} at (0,0) size 10x18
                    RenderInline {FONT} at (0,0) size 10x18
                      RenderInline {FONT} at (0,0) size 10x18
                        RenderInline {FONT} at (0,0) size 10x18
                          RenderInline {FONT} at (0,0) size 10x18
                            RenderInline {FONT} at (0,0) size 10x18
                              RenderInline {FONT} at (0,0) size 10x18
                                RenderInline {FONT} at (0,0) size 10x18
                                  RenderInline {FONT} at (0,0) size 10x18
                                    RenderInline {FONT} at (0,0) size 10x18
                                      RenderInline {FONT} at (0,0) size 10x18
                                        RenderInline {FONT} at (0,0) size 10x18
                                          RenderInline {A} at (0,0) size 10x18
                                            RenderText {#text} at (0,0) size 10x18
                                              text run at (0,0) width 10: "Z"
                                          RenderInline {FONT} at (0,0) size 0x18
                                            RenderText {#text} at (0,0) size 0x0
      RenderBlock (anonymous) at (0,746) size 769x2
        RenderBlock {HR} at (0,0) size 769x2 [border: (1px inset #000000)]
      RenderBlock (anonymous) at (0,756) size 769x0
        RenderInline {FONT} at (0,0) size 0x0
          RenderInline {FONT} at (0,0) size 0x0
            RenderInline {FONT} at (0,0) size 0x0
              RenderInline {FONT} at (0,0) size 0x0
                RenderInline {FONT} at (0,0) size 0x0
                  RenderInline {FONT} at (0,0) size 0x0
                    RenderInline {FONT} at (0,0) size 0x0
                      RenderInline {FONT} at (0,0) size 0x0
                        RenderInline {FONT} at (0,0) size 0x0
                          RenderInline {FONT} at (0,0) size 0x0
                            RenderInline {FONT} at (0,0) size 0x0
                              RenderInline {FONT} at (0,0) size 0x0
                                RenderInline {FONT} at (0,0) size 0x0
                                  RenderInline {FONT} at (0,0) size 0x0
                                    RenderInline {FONT} at (0,0) size 0x0
                                      RenderInline {FONT} at (0,0) size 0x0
                                        RenderInline {FONT} at (0,0) size 0x0
                                          RenderInline {FONT} at (0,0) size 0x0
                                            RenderInline {FONT} at (0,0) size 0x0
      RenderBlock (anonymous) at (0,756) size 769x46
        RenderBlock {DIV} at (0,0) size 769x18
          RenderText {#text} at (0,0) size 101x18
            text run at (0,0) width 101: "div before table"
        RenderTable {TABLE} at (0,18) size 63x28 [border: (1px outset #808080)]
          RenderTableSection {TBODY} at (1,1) size 61x26
            RenderTableRow {TR} at (0,2) size 61x22
              RenderTableCell {TD} at (2,2) size 57x22 [border: (1px inset #808080)] [r=0 c=0 rs=1 cs=1]
                RenderText {#text} at (2,2) size 53x18
                  text run at (2,2) width 53: "table-10"
      RenderBlock (anonymous) at (0,802) size 769x18
        RenderInline {FONT} at (0,0) size 10x18
          RenderInline {FONT} at (0,0) size 10x18
            RenderInline {FONT} at (0,0) size 10x18
              RenderInline {FONT} at (0,0) size 10x18
                RenderInline {FONT} at (0,0) size 10x18
                  RenderInline {FONT} at (0,0) size 10x18
                    RenderInline {FONT} at (0,0) size 10x18
                      RenderInline {FONT} at (0,0) size 10x18
                        RenderInline {FONT} at (0,0) size 10x18
                          RenderInline {FONT} at (0,0) size 10x18
                            RenderInline {FONT} at (0,0) size 10x18
                              RenderInline {FONT} at (0,0) size 10x18
                                RenderInline {FONT} at (0,0) size 10x18
                                  RenderInline {FONT} at (0,0) size 10x18
                                    RenderInline {FONT} at (0,0) size 10x18
                                      RenderInline {FONT} at (0,0) size 10x18
                                        RenderInline {FONT} at (0,0) size 10x18
                                          RenderInline {FONT} at (0,0) size 10x18
                                            RenderInline {FONT} at (0,0) size 10x18
                                              RenderInline {A} at (0,0) size 10x18
                                                RenderText {#text} at (0,0) size 10x18
                                                  text run at (0,0) width 10: "Z"
                                              RenderInline {FONT} at (0,0) size 0x18
                                                RenderText {#text} at (0,0) size 0x0
      RenderBlock (anonymous) at (0,828) size 769x2
        RenderBlock {HR} at (0,0) size 769x2 [border: (1px inset #000000)]
      RenderBlock (anonymous) at (0,838) size 769x0
        RenderInline {FONT} at (0,0) size 0x0
          RenderInline {FONT} at (0,0) size 0x0
            RenderInline {FONT} at (0,0) size 0x0
              RenderInline {FONT} at (0,0) size 0x0
                RenderInline {FONT} at (0,0) size 0x0
                  RenderInline {FONT} at (0,0) size 0x0
                    RenderInline {FONT} at (0,0) size 0x0
                      RenderInline {FONT} at (0,0) size 0x0
                        RenderInline {FONT} at (0,0) size 0x0
                          RenderInline {FONT} at (0,0) size 0x0
                            RenderInline {FONT} at (0,0) size 0x0
                              RenderInline {FONT} at (0,0) size 0x0
                                RenderInline {FONT} at (0,0) size 0x0
                                  RenderInline {FONT} at (0,0) size 0x0
                                    RenderInline {FONT} at (0,0) size 0x0
                                      RenderInline {FONT} at (0,0) size 0x0
                                        RenderInline {FONT} at (0,0) size 0x0
                                          RenderInline {FONT} at (0,0) size 0x0
                                            RenderInline {FONT} at (0,0) size 0x0
                                              RenderInline {FONT} at (0,0) size 0x0
                                                RenderInline {FONT} at (0,0) size 0x0
      RenderBlock (anonymous) at (0,838) size 769x46
        RenderTable {TABLE} at (0,0) size 62x28 [border: (1px outset #808080)]
          RenderTableSection {TBODY} at (1,1) size 60x26
            RenderTableRow {TR} at (0,2) size 60x22
              RenderTableCell {TD} at (2,2) size 56x22 [border: (1px inset #808080)] [r=0 c=0 rs=1 cs=1]
                RenderText {#text} at (2,2) size 52x18
                  text run at (2,2) width 52: "table-11"
        RenderBlock {DIV} at (0,28) size 769x18
          RenderText {#text} at (0,0) size 89x18
            text run at (0,0) width 89: "div after table"
      RenderBlock (anonymous) at (0,884) size 769x18
        RenderInline {FONT} at (0,0) size 10x18
          RenderInline {FONT} at (0,0) size 10x18
            RenderInline {FONT} at (0,0) size 10x18
              RenderInline {FONT} at (0,0) size 10x18
                RenderInline {FONT} at (0,0) size 10x18
                  RenderInline {FONT} at (0,0) size 10x18
                    RenderInline {FONT} at (0,0) size 10x18
                      RenderInline {FONT} at (0,0) size 10x18
                        RenderInline {FONT} at (0,0) size 10x18
                          RenderInline {FONT} at (0,0) size 10x18
                            RenderInline {FONT} at (0,0) size 10x18
                              RenderInline {FONT} at (0,0) size 10x18
                                RenderInline {FONT} at (0,0) size 10x18
                                  RenderInline {FONT} at (0,0) size 10x18
                                    RenderInline {FONT} at (0,0) size 10x18
                                      RenderInline {FONT} at (0,0) size 10x18
                                        RenderInline {FONT} at (0,0) size 10x18
                                          RenderInline {FONT} at (0,0) size 10x18
                                            RenderInline {FONT} at (0,0) size 10x18
                                              RenderInline {FONT} at (0,0) size 10x18
                                                RenderInline {FONT} at (0,0) size 10x18
                                                  RenderInline {A} at (0,0) size 10x18
                                                    RenderText {#text} at (0,0) size 10x18
                                                      text run at (0,0) width 10: "Z"
                                                  RenderInline {FONT} at (0,0) size 0x18
                                                    RenderText {#text} at (0,0) size 0x0
      RenderBlock (anonymous) at (0,910) size 769x2
        RenderBlock {HR} at (0,0) size 769x2 [border: (1px inset #000000)]
      RenderBlock (anonymous) at (0,920) size 769x0
        RenderInline {FONT} at (0,0) size 0x0
          RenderInline {FONT} at (0,0) size 0x0
            RenderInline {FONT} at (0,0) size 0x0
              RenderInline {FONT} at (0,0) size 0x0
                RenderInline {FONT} at (0,0) size 0x0
                  RenderInline {FONT} at (0,0) size 0x0
                    RenderInline {FONT} at (0,0) size 0x0
                      RenderInline {FONT} at (0,0) size 0x0
                        RenderInline {FONT} at (0,0) size 0x0
                          RenderInline {FONT} at (0,0) size 0x0
                            RenderInline {FONT} at (0,0) size 0x0
                              RenderInline {FONT} at (0,0) size 0x0
                                RenderInline {FONT} at (0,0) size 0x0
                                  RenderInline {FONT} at (0,0) size 0x0
                                    RenderInline {FONT} at (0,0) size 0x0
                                      RenderInline {FONT} at (0,0) size 0x0
                                        RenderInline {FONT} at (0,0) size 0x0
                                          RenderInline {FONT} at (0,0) size 0x0
                                            RenderInline {FONT} at (0,0) size 0x0
                                              RenderInline {FONT} at (0,0) size 0x0
                                                RenderInline {FONT} at (0,0) size 0x0
                                                  RenderInline {FONT} at (0,0) size 0x0
                                                    RenderInline {FONT} at (0,0) size 0x0
      RenderBlock (anonymous) at (0,920) size 769x46
        RenderBlock {DIV} at (0,0) size 769x18
          RenderText {#text} at (0,0) size 101x18
            text run at (0,0) width 101: "div before table"
        RenderTable {TABLE} at (0,18) size 63x28 [border: (1px outset #808080)]
          RenderTableSection {TBODY} at (1,1) size 61x26
            RenderTableRow {TR} at (0,2) size 61x22
              RenderTableCell {TD} at (2,2) size 57x22 [border: (1px inset #808080)] [r=0 c=0 rs=1 cs=1]
                RenderText {#text} at (2,2) size 53x18
                  text run at (2,2) width 53: "table-12"
      RenderBlock (anonymous) at (0,966) size 769x0
        RenderInline {FONT} at (0,0) size 0x0
          RenderInline {FONT} at (0,0) size 0x0
            RenderInline {FONT} at (0,0) size 0x0
              RenderInline {FONT} at (0,0) size 0x0
                RenderInline {FONT} at (0,0) size 0x0
                  RenderInline {FONT} at (0,0) size 0x0
                    RenderInline {FONT} at (0,0) size 0x0
                      RenderInline {FONT} at (0,0) size 0x0
                        RenderInline {FONT} at (0,0) size 0x0
                          RenderInline {FONT} at (0,0) size 0x0
                            RenderInline {FONT} at (0,0) size 0x0
                              RenderInline {FONT} at (0,0) size 0x0
                                RenderInline {FONT} at (0,0) size 0x0
                                  RenderInline {FONT} at (0,0) size 0x0
                                    RenderInline {FONT} at (0,0) size 0x0
                                      RenderInline {FONT} at (0,0) size 0x0
                                        RenderInline {FONT} at (0,0) size 0x0
                                          RenderInline {FONT} at (0,0) size 0x0
                                            RenderInline {FONT} at (0,0) size 0x0
                                              RenderInline {FONT} at (0,0) size 0x0
                                                RenderInline {FONT} at (0,0) size 0x0
                                                  RenderInline {FONT} at (0,0) size 0x0
                                                    RenderInline {FONT} at (0,0) size 0x0
                                                      RenderInline {FONT} at (0,0) size 0x0
                                                        RenderText {#text} at (0,0) size 0x0
