layer at (0,0) size 1576x585
  RenderView at (0,0) size 800x585
layer at (0,0) size 800x484
  RenderBlock {HTML} at (0,0) size 800x484
    RenderBody {BODY} at (8,8) size 784x463
      RenderTable {TABLE} at (0,0) size 25x0
        RenderTableSection {TBODY} at (0,0) size 25x0
          RenderTableRow {TR} at (0,0) size 25x0
            RenderTableCell {TD} at (0,0) size 2x0 [r=0 c=0 rs=1 cs=1]
            RenderTableCell {TD} at (1,0) size 2x0 [r=0 c=1 rs=1 cs=1]
            RenderTableCell {TD} at (2,0) size 2x0 [r=0 c=2 rs=1 cs=1]
            RenderTableCell {TD} at (3,0) size 2x0 [r=0 c=3 rs=1 cs=1]
            RenderTableCell {TD} at (4,0) size 2x0 [r=0 c=4 rs=1 cs=1]
            RenderTableCell {TD} at (5,0) size 2x0 [r=0 c=5 rs=1 cs=1]
            RenderTableCell {TD} at (6,0) size 2x0 [r=0 c=6 rs=1 cs=1]
            RenderTableCell {TD} at (7,0) size 2x0 [r=0 c=7 rs=1 cs=1]
            RenderTableCell {TD} at (8,0) size 2x0 [r=0 c=8 rs=1 cs=1]
            RenderTableCell {TD} at (9,0) size 2x0 [r=0 c=9 rs=1 cs=1]
            RenderTableCell {TD} at (10,0) size 2x0 [r=0 c=10 rs=1 cs=1]
            RenderTableCell {TD} at (11,0) size 2x0 [r=0 c=11 rs=1 cs=1]
            RenderTableCell {TD} at (12,0) size 2x0 [r=0 c=12 rs=1 cs=1]
            RenderTableCell {TD} at (13,0) size 2x0 [r=0 c=13 rs=1 cs=1]
            RenderTableCell {TD} at (14,0) size 2x0 [r=0 c=14 rs=1 cs=1]
            RenderTableCell {TD} at (15,0) size 2x0 [r=0 c=15 rs=1 cs=1]
            RenderTableCell {TD} at (16,0) size 9x0 [r=0 c=16 rs=1 cs=1]
      RenderTable {TABLE} at (0,0) size 12x0
        RenderTableSection {TBODY} at (0,0) size 12x0
          RenderTableRow {TR} at (0,0) size 12x0
            RenderTableCell {TD} at (0,0) size 1x0 [r=0 c=0 rs=1 cs=1]
            RenderTableCell {TD} at (1,0) size 1x0 [r=0 c=1 rs=1 cs=1]
            RenderTableCell {TD} at (2,0) size 1x0 [r=0 c=2 rs=1 cs=1]
            RenderTableCell {TD} at (3,0) size 1x0 [r=0 c=3 rs=1 cs=1]
            RenderTableCell {TD} at (4,0) size 8x0 [r=0 c=4 rs=1 cs=1]
      RenderTable {TABLE} at (0,0) size 13x0
        RenderTableSection {TBODY} at (0,0) size 13x0
          RenderTableRow {TR} at (0,0) size 13x0
            RenderTableCell {TD} at (0,0) size 2x0 [r=0 c=0 rs=1 cs=1]
            RenderTableCell {TD} at (1,0) size 2x0 [r=0 c=1 rs=1 cs=1]
            RenderTableCell {TD} at (2,0) size 2x0 [r=0 c=2 rs=1 cs=1]
            RenderTableCell {TD} at (3,0) size 2x0 [r=0 c=3 rs=1 cs=1]
            RenderTableCell {TD} at (4,0) size 9x0 [r=0 c=4 rs=1 cs=1]
      RenderTable {TABLE} at (0,0) size 24x0
        RenderTableSection {TBODY} at (0,0) size 24x0
          RenderTableRow {TR} at (0,0) size 24x0
            RenderTableCell {TD} at (0,0) size 2x0 [r=0 c=0 rs=1 cs=1]
            RenderTableCell {TD} at (2,0) size 2x0 [r=0 c=1 rs=1 cs=1]
            RenderTableCell {TD} at (4,0) size 2x0 [r=0 c=2 rs=1 cs=1]
            RenderTableCell {TD} at (6,0) size 2x0 [r=0 c=3 rs=1 cs=1]
            RenderTableCell {TD} at (8,0) size 16x0 [r=0 c=4 rs=1 cs=1]
      RenderTable {TABLE} at (0,0) size 25x0
        RenderTableSection {TBODY} at (0,0) size 25x0
          RenderTableRow {TR} at (0,0) size 25x0
            RenderTableCell {TD} at (0,0) size 3x0 [r=0 c=0 rs=1 cs=1]
            RenderTableCell {TD} at (2,0) size 3x0 [r=0 c=1 rs=1 cs=1]
            RenderTableCell {TD} at (4,0) size 3x0 [r=0 c=2 rs=1 cs=1]
            RenderTableCell {TD} at (6,0) size 3x0 [r=0 c=3 rs=1 cs=1]
            RenderTableCell {TD} at (8,0) size 17x0 [r=0 c=4 rs=1 cs=1]
      RenderTable {TABLE} at (0,0) size 17x0
        RenderTableSection {TBODY} at (0,0) size 17x0
          RenderTableRow {TR} at (0,0) size 17x0
            RenderTableCell {TD} at (0,0) size 2x0 [r=0 c=0 rs=1 cs=1]
            RenderTableCell {TD} at (1,0) size 3x0 [r=0 c=1 rs=1 cs=1]
            RenderTableCell {TD} at (3,0) size 3x0 [r=0 c=2 rs=1 cs=1]
            RenderTableCell {TD} at (5,0) size 2x0 [r=0 c=3 rs=1 cs=1]
            RenderTableCell {TD} at (6,0) size 3x0 [r=0 c=4 rs=1 cs=1]
            RenderTableCell {TD} at (8,0) size 3x0 [r=0 c=5 rs=1 cs=1]
            RenderTableCell {TD} at (10,0) size 2x0 [r=0 c=6 rs=1 cs=1]
            RenderTableCell {TD} at (11,0) size 3x0 [r=0 c=7 rs=1 cs=1]
            RenderTableCell {TD} at (13,0) size 3x0 [r=0 c=8 rs=1 cs=1]
            RenderTableCell {TD} at (15,0) size 2x0 [r=0 c=9 rs=1 cs=1]
      RenderBlock {PRE} at (0,13) size 784x450
        RenderText {#text} at (0,0) size 211x15
          text run at (0,0) width 211: "Specified table width: 25px"
          text run at (210,0) width 1: " "
        RenderText {#text} at (0,15) size 211x15
          text run at (0,15) width 211: "Actual table width:    25px"
          text run at (210,15) width 1: " "
        RenderText {#text} at (0,30) size 164x15
          text run at (0,30) width 164: "Specified TD widths: "
        RenderText {#text} at (163,30) size 33x15
          text run at (163,30) width 33: "1px "
        RenderText {#text} at (195,30) size 32x15
          text run at (195,30) width 32: "1px "
        RenderText {#text} at (226,30) size 32x15
          text run at (226,30) width 32: "1px "
        RenderText {#text} at (257,30) size 32x15
          text run at (257,30) width 32: "1px "
        RenderText {#text} at (288,30) size 32x15
          text run at (288,30) width 32: "1px "
        RenderText {#text} at (319,30) size 33x15
          text run at (319,30) width 33: "1px "
        RenderText {#text} at (351,30) size 32x15
          text run at (351,30) width 32: "1px "
        RenderText {#text} at (382,30) size 32x15
          text run at (382,30) width 32: "1px "
        RenderText {#text} at (413,30) size 32x15
          text run at (413,30) width 32: "1px "
        RenderText {#text} at (444,30) size 32x15
          text run at (444,30) width 32: "1px "
        RenderText {#text} at (475,30) size 33x15
          text run at (475,30) width 33: "1px "
        RenderText {#text} at (507,30) size 32x15
          text run at (507,30) width 32: "1px "
        RenderText {#text} at (538,30) size 32x15
          text run at (538,30) width 32: "1px "
        RenderText {#text} at (569,30) size 32x15
          text run at (569,30) width 32: "1px "
        RenderText {#text} at (600,30) size 32x15
          text run at (600,30) width 32: "1px "
        RenderText {#text} at (631,30) size 33x15
          text run at (631,30) width 33: "1px "
        RenderText {#text} at (663,30) size 32x15
          text run at (663,30) width 32: "8px "
        RenderText {#text} at (694,30) size 1x15
          text run at (694,30) width 1: " "
        RenderText {#text} at (0,45) size 164x15
          text run at (0,45) width 164: "Actual TD widths:    "
        RenderText {#text} at (163,45) size 79x15
          text run at (163,45) width 79: "1.03125px "
        RenderText {#text} at (241,45) size 87x15
          text run at (241,45) width 87: "1.046875px "
        RenderText {#text} at (327,45) size 87x15
          text run at (327,45) width 87: "1.046875px "
        RenderText {#text} at (413,45) size 79x15
          text run at (413,45) width 79: "1.03125px "
        RenderText {#text} at (491,45) size 87x15
          text run at (491,45) width 87: "1.046875px "
        RenderText {#text} at (577,45) size 79x15
          text run at (577,45) width 79: "1.03125px "
        RenderText {#text} at (655,45) size 87x15
          text run at (655,45) width 87: "1.046875px "
        RenderText {#text} at (741,45) size 86x15
          text run at (741,45) width 86: "1.046875px "
        RenderText {#text} at (826,45) size 87x15
          text run at (826,45) width 87: "1.046875px "
        RenderText {#text} at (912,45) size 79x15
          text run at (912,45) width 79: "1.03125px "
        RenderText {#text} at (990,45) size 87x15
          text run at (990,45) width 87: "1.046875px "
        RenderText {#text} at (1076,45) size 87x15
          text run at (1076,45) width 87: "1.046875px "
        RenderText {#text} at (1162,45) size 79x15
          text run at (1162,45) width 79: "1.03125px "
        RenderText {#text} at (1240,45) size 87x15
          text run at (1240,45) width 87: "1.046875px "
        RenderText {#text} at (1326,45) size 87x15
          text run at (1326,45) width 87: "1.046875px "
        RenderText {#text} at (1412,45) size 79x15
          text run at (1412,45) width 79: "1.03125px "
        RenderText {#text} at (1490,45) size 79x15
          text run at (1490,45) width 79: "8.34375px "
        RenderText {#text} at (1568,45) size 1569x30
          text run at (1568,45) width 1: " "
          text run at (0,60) width 0: " "
        RenderText {#text} at (0,75) size 211x15
          text run at (0,75) width 211: "Specified table width: 12px"
          text run at (210,75) width 1: " "
        RenderText {#text} at (0,90) size 211x15
          text run at (0,90) width 211: "Actual table width:    12px"
          text run at (210,90) width 1: " "
        RenderText {#text} at (0,105) size 164x15
          text run at (0,105) width 164: "Specified TD widths: "
        RenderText {#text} at (163,105) size 33x15
          text run at (163,105) width 33: "1px "
        RenderText {#text} at (195,105) size 32x15
          text run at (195,105) width 32: "1px "
        RenderText {#text} at (226,105) size 32x15
          text run at (226,105) width 32: "1px "
        RenderText {#text} at (257,105) size 32x15
          text run at (257,105) width 32: "1px "
        RenderText {#text} at (288,105) size 32x15
          text run at (288,105) width 32: "8px "
        RenderText {#text} at (319,105) size 1x15
          text run at (319,105) width 1: " "
        RenderText {#text} at (0,120) size 164x15
          text run at (0,120) width 164: "Actual TD widths:    "
        RenderText {#text} at (163,120) size 33x15
          text run at (163,120) width 33: "1px "
        RenderText {#text} at (195,120) size 32x15
          text run at (195,120) width 32: "1px "
        RenderText {#text} at (226,120) size 32x15
          text run at (226,120) width 32: "1px "
        RenderText {#text} at (257,120) size 32x15
          text run at (257,120) width 32: "1px "
        RenderText {#text} at (288,120) size 32x15
          text run at (288,120) width 32: "8px "
        RenderText {#text} at (319,120) size 320x30
          text run at (319,120) width 1: " "
          text run at (0,135) width 0: " "
        RenderText {#text} at (0,150) size 211x15
          text run at (0,150) width 211: "Specified table width: 13px"
          text run at (210,150) width 1: " "
        RenderText {#text} at (0,165) size 211x15
          text run at (0,165) width 211: "Actual table width:    13px"
          text run at (210,165) width 1: " "
        RenderText {#text} at (0,180) size 164x15
          text run at (0,180) width 164: "Specified TD widths: "
        RenderText {#text} at (163,180) size 33x15
          text run at (163,180) width 33: "1px "
        RenderText {#text} at (195,180) size 32x15
          text run at (195,180) width 32: "1px "
        RenderText {#text} at (226,180) size 32x15
          text run at (226,180) width 32: "1px "
        RenderText {#text} at (257,180) size 32x15
          text run at (257,180) width 32: "1px "
        RenderText {#text} at (288,180) size 32x15
          text run at (288,180) width 32: "8px "
        RenderText {#text} at (319,180) size 1x15
          text run at (319,180) width 1: " "
        RenderText {#text} at (0,195) size 164x15
          text run at (0,195) width 164: "Actual TD widths:    "
        RenderText {#text} at (163,195) size 87x15
          text run at (163,195) width 87: "1.078125px "
        RenderText {#text} at (249,195) size 87x15
          text run at (249,195) width 87: "1.078125px "
        RenderText {#text} at (335,195) size 79x15
          text run at (335,195) width 79: "1.09375px "
        RenderText {#text} at (413,195) size 87x15
          text run at (413,195) width 87: "1.078125px "
        RenderText {#text} at (499,195) size 87x15
          text run at (499,195) width 87: "8.671875px "
        RenderText {#text} at (585,195) size 586x30
          text run at (585,195) width 1: " "
          text run at (0,210) width 0: " "
        RenderText {#text} at (0,225) size 211x15
          text run at (0,225) width 211: "Specified table width: 24px"
          text run at (210,225) width 1: " "
        RenderText {#text} at (0,240) size 211x15
          text run at (0,240) width 211: "Actual table width:    24px"
          text run at (210,240) width 1: " "
        RenderText {#text} at (0,255) size 164x15
          text run at (0,255) width 164: "Specified TD widths: "
        RenderText {#text} at (163,255) size 33x15
          text run at (163,255) width 33: "1px "
        RenderText {#text} at (195,255) size 32x15
          text run at (195,255) width 32: "1px "
        RenderText {#text} at (226,255) size 32x15
          text run at (226,255) width 32: "1px "
        RenderText {#text} at (257,255) size 32x15
          text run at (257,255) width 32: "1px "
        RenderText {#text} at (288,255) size 32x15
          text run at (288,255) width 32: "8px "
        RenderText {#text} at (319,255) size 1x15
          text run at (319,255) width 1: " "
        RenderText {#text} at (0,270) size 164x15
          text run at (0,270) width 164: "Actual TD widths:    "
        RenderText {#text} at (163,270) size 33x15
          text run at (163,270) width 33: "2px "
        RenderText {#text} at (195,270) size 32x15
          text run at (195,270) width 32: "2px "
        RenderText {#text} at (226,270) size 32x15
          text run at (226,270) width 32: "2px "
        RenderText {#text} at (257,270) size 32x15
          text run at (257,270) width 32: "2px "
        RenderText {#text} at (288,270) size 40x15
          text run at (288,270) width 40: "16px "
        RenderText {#text} at (327,270) size 328x30
          text run at (327,270) width 1: " "
          text run at (0,285) width 0: " "
        RenderText {#text} at (0,300) size 211x15
          text run at (0,300) width 211: "Specified table width: 25px"
          text run at (210,300) width 1: " "
        RenderText {#text} at (0,315) size 211x15
          text run at (0,315) width 211: "Actual table width:    25px"
          text run at (210,315) width 1: " "
        RenderText {#text} at (0,330) size 164x15
          text run at (0,330) width 164: "Specified TD widths: "
        RenderText {#text} at (163,330) size 33x15
          text run at (163,330) width 33: "1px "
        RenderText {#text} at (195,330) size 32x15
          text run at (195,330) width 32: "1px "
        RenderText {#text} at (226,330) size 32x15
          text run at (226,330) width 32: "1px "
        RenderText {#text} at (257,330) size 32x15
          text run at (257,330) width 32: "1px "
        RenderText {#text} at (288,330) size 32x15
          text run at (288,330) width 32: "8px "
        RenderText {#text} at (319,330) size 1x15
          text run at (319,330) width 1: " "
        RenderText {#text} at (0,345) size 164x15
          text run at (0,345) width 164: "Actual TD widths:    "
        RenderText {#text} at (163,345) size 87x15
          text run at (163,345) width 87: "2.078125px "
        RenderText {#text} at (249,345) size 87x15
          text run at (249,345) width 87: "2.078125px "
        RenderText {#text} at (335,345) size 79x15
          text run at (335,345) width 79: "2.09375px "
        RenderText {#text} at (413,345) size 87x15
          text run at (413,345) width 87: "2.078125px "
        RenderText {#text} at (499,345) size 94x15
          text run at (499,345) width 94: "16.671875px "
        RenderText {#text} at (592,345) size 593x30
          text run at (592,345) width 1: " "
          text run at (0,360) width 0: " "
        RenderText {#text} at (0,375) size 211x15
          text run at (0,375) width 211: "Specified table width: 17px"
          text run at (210,375) width 1: " "
        RenderText {#text} at (0,390) size 211x15
          text run at (0,390) width 211: "Actual table width:    17px"
          text run at (210,390) width 1: " "
        RenderText {#text} at (0,405) size 164x15
          text run at (0,405) width 164: "Specified TD widths: "
        RenderText {#text} at (163,405) size 33x15
          text run at (163,405) width 33: "10% "
        RenderText {#text} at (195,405) size 32x15
          text run at (195,405) width 32: "10% "
        RenderText {#text} at (226,405) size 32x15
          text run at (226,405) width 32: "10% "
        RenderText {#text} at (257,405) size 32x15
          text run at (257,405) width 32: "10% "
        RenderText {#text} at (288,405) size 32x15
          text run at (288,405) width 32: "10% "
        RenderText {#text} at (319,405) size 33x15
          text run at (319,405) width 33: "10% "
        RenderText {#text} at (351,405) size 32x15
          text run at (351,405) width 32: "10% "
        RenderText {#text} at (382,405) size 32x15
          text run at (382,405) width 32: "10% "
        RenderText {#text} at (413,405) size 32x15
          text run at (413,405) width 32: "10% "
        RenderText {#text} at (444,405) size 32x15
          text run at (444,405) width 32: "10% "
        RenderText {#text} at (475,405) size 1x15
          text run at (475,405) width 1: " "
        RenderText {#text} at (0,420) size 164x15
          text run at (0,420) width 164: "Actual TD widths:    "
        RenderText {#text} at (163,420) size 72x15
          text run at (163,420) width 72: "1.6875px "
        RenderText {#text} at (234,420) size 86x15
          text run at (234,420) width 86: "1.703125px "
        RenderText {#text} at (319,420) size 87x15
          text run at (319,420) width 87: "1.703125px "
        RenderText {#text} at (405,420) size 87x15
          text run at (405,420) width 87: "1.703125px "
        RenderText {#text} at (491,420) size 87x15
          text run at (491,420) width 87: "1.703125px "
        RenderText {#text} at (577,420) size 71x15
          text run at (577,420) width 71: "1.6875px "
        RenderText {#text} at (647,420) size 87x15
          text run at (647,420) width 87: "1.703125px "
        RenderText {#text} at (733,420) size 87x15
          text run at (733,420) width 87: "1.703125px "
        RenderText {#text} at (819,420) size 86x15
          text run at (819,420) width 86: "1.703125px "
        RenderText {#text} at (904,420) size 87x15
          text run at (904,420) width 87: "1.703125px "
        RenderText {#text} at (990,420) size 991x30
          text run at (990,420) width 1: " "
          text run at (0,435) width 0: " "
