layer at (0,0) size 800x600
  RenderView at (0,0) size 800x600
layer at (0,0) size 800x600
  RenderBlock {HTML} at (0,0) size 800x600
    RenderBody {BODY} at (8,8) size 784x584
      RenderTable {TABLE} at (0,0) size 71x88 [border: (1px outset #808080)]
        RenderBlock {CAPTION} at (0,0) size 71x36 [color=#008000] [bgcolor=#FFFFE0]
          RenderText {#text} at (6,0) size 63x36
            text run at (6,0) width 58: "Where is"
            text run at (4,18) width 63: "the table?"
        RenderTableSection {THEAD} at (1,37) size 69x26
          RenderTableRow {TR} at (0,2) size 69x22
            RenderTableCell {TD} at (2,2) size 65x22 [border: (1px inset #808080)] [r=0 c=0 rs=1 cs=1]
              RenderText {#text} at (2,2) size 47x18
                text run at (2,2) width 47: "Header"
        RenderTableSection {TBODY} at (1,63) size 69x24
          RenderTableRow {TR} at (0,0) size 69x22
            RenderTableCell {TD} at (2,0) size 65x22 [border: (1px inset #808080)] [r=0 c=0 rs=1 cs=1]
              RenderText {#text} at (2,2) size 61x18
                text run at (2,2) width 61: "Kibology"
      RenderBlock {HR} at (0,96) size 784x2 [border: (1px inset #000000)]
      RenderTable {TABLE} at (0,106) size 71x52 [border: (1px outset #808080)]
        RenderTableSection {THEAD} at (1,1) size 69x26
          RenderTableRow {TR} at (0,2) size 69x22
            RenderTableCell {TD} at (2,2) size 65x22 [border: (1px inset #808080)] [r=0 c=0 rs=1 cs=1]
              RenderText {#text} at (2,2) size 47x18
                text run at (2,2) width 47: "Header"
        RenderTableSection {TBODY} at (1,27) size 69x24
          RenderTableRow {TR} at (0,0) size 69x22
            RenderTableCell {TD} at (2,0) size 65x22 [border: (1px inset #808080)] [r=0 c=0 rs=1 cs=1]
              RenderText {#text} at (2,2) size 61x18
                text run at (2,2) width 61: "Kibology"
      RenderBlock {HR} at (0,166) size 784x2 [border: (1px inset #000000)]
      RenderTable {TABLE} at (0,176) size 71x88 [border: (1px outset #808080)]
        RenderBlock {CAPTION} at (0,0) size 71x36 [color=#008000] [bgcolor=#FFFFE0]
          RenderText {#text} at (0,0) size 70x36
            text run at (0,0) width 70: "Here is the"
            text run at (19,18) width 32: "table"
        RenderTableSection {THEAD} at (1,37) size 69x26
          RenderTableRow {TR} at (0,2) size 69x22
            RenderTableCell {TD} at (2,2) size 65x22 [border: (1px inset #808080)] [r=0 c=0 rs=1 cs=1]
              RenderText {#text} at (2,2) size 47x18
                text run at (2,2) width 47: "Header"
        RenderTableSection {TBODY} at (1,63) size 69x24
          RenderTableRow {TR} at (0,0) size 69x22
            RenderTableCell {TD} at (2,0) size 65x22 [border: (1px inset #808080)] [r=0 c=0 rs=1 cs=1]
              RenderText {#text} at (2,2) size 61x18
                text run at (2,2) width 61: "Kibology"
      RenderTable {TABLE} at (0,264) size 71x88 [border: (1px outset #808080)]
        RenderTableSection {THEAD} at (1,37) size 69x26
          RenderTableRow {TR} at (0,2) size 69x22
            RenderTableCell {TD} at (2,2) size 65x22 [border: (1px inset #808080)] [r=0 c=0 rs=1 cs=1]
              RenderText {#text} at (2,2) size 47x18
                text run at (2,2) width 47: "Header"
        RenderBlock {CAPTION} at (0,0) size 71x36 [color=#008000] [bgcolor=#FFFFE0]
          RenderText {#text} at (6,0) size 63x36
            text run at (6,0) width 58: "Where is"
            text run at (4,18) width 63: "the table?"
        RenderTableSection {TBODY} at (1,63) size 69x24
          RenderTableRow {TR} at (0,0) size 69x22
            RenderTableCell {TD} at (2,0) size 65x22 [border: (1px inset #808080)] [r=0 c=0 rs=1 cs=1]
              RenderText {#text} at (2,2) size 61x18
                text run at (2,2) width 61: "Kibology"
      RenderBlock {HR} at (0,360) size 784x2 [border: (1px inset #000000)]
      RenderTable {TABLE} at (0,370) size 71x52 [border: (1px outset #808080)]
        RenderTableSection {THEAD} at (1,1) size 69x26
          RenderTableRow {TR} at (0,2) size 69x22
            RenderTableCell {TD} at (2,2) size 65x22 [border: (1px inset #808080)] [r=0 c=0 rs=1 cs=1]
              RenderText {#text} at (2,2) size 47x18
                text run at (2,2) width 47: "Header"
        RenderTableSection {TBODY} at (1,27) size 69x24
          RenderTableRow {TR} at (0,0) size 69x22
            RenderTableCell {TD} at (2,0) size 65x22 [border: (1px inset #808080)] [r=0 c=0 rs=1 cs=1]
              RenderText {#text} at (2,2) size 61x18
                text run at (2,2) width 61: "Kibology"
      RenderBlock {HR} at (0,430) size 784x2 [border: (1px inset #000000)]
      RenderTable {TABLE} at (0,440) size 71x88 [border: (1px outset #808080)]
        RenderTableSection {THEAD} at (1,37) size 69x26
          RenderTableRow {TR} at (0,2) size 69x22
            RenderTableCell {TD} at (2,2) size 65x22 [border: (1px inset #808080)] [r=0 c=0 rs=1 cs=1]
              RenderText {#text} at (2,2) size 47x18
                text run at (2,2) width 47: "Header"
        RenderBlock {CAPTION} at (0,0) size 71x36 [color=#008000] [bgcolor=#FFFFE0]
          RenderText {#text} at (0,0) size 70x36
            text run at (0,0) width 70: "Here is the"
            text run at (19,18) width 32: "table"
        RenderTableSection {TBODY} at (1,63) size 69x24
          RenderTableRow {TR} at (0,0) size 69x22
            RenderTableCell {TD} at (2,0) size 65x22 [border: (1px inset #808080)] [r=0 c=0 rs=1 cs=1]
              RenderText {#text} at (2,2) size 61x18
                text run at (2,2) width 61: "Kibology"
