layer at (0,0) size 800x600
  RenderView at (0,0) size 800x600
layer at (0,0) size 800x204
  RenderBlock {HTML} at (0,0) size 800x204
    RenderBody {BODY} at (8,8) size 784x188
      RenderTable {TABLE} at (0,0) size 200x76 [border: (1px outset #808080)]
        RenderTableSection {TBODY} at (1,1) size 198x74
          RenderTableRow {TR} at (0,2) size 198x22
            RenderTableCell {TD} at (2,2) size 100x22 [border: (1px inset #808080)] [r=0 c=0 rs=1 cs=1]
              RenderText {#text} at (2,2) size 35x18
                text run at (2,2) width 35: "AAA"
            RenderTableCell {TD} at (103,2) size 94x22 [border: (1px inset #808080)] [r=0 c=1 rs=1 cs=1]
              RenderText {#text} at (2,2) size 33x18
                text run at (2,2) width 33: "BBB"
          RenderTableRow {TR} at (0,26) size 198x22
            RenderTableCell {TD} at (2,26) size 100x22 [border: (1px inset #808080)] [r=1 c=0 rs=1 cs=1]
              RenderText {#text} at (43,2) size 13x18
                text run at (43,2) width 13: "A"
            RenderTableCell {TD} at (103,26) size 94x22 [border: (1px inset #808080)] [r=1 c=1 rs=1 cs=1]
              RenderText {#text} at (40,2) size 12x18
                text run at (40,2) width 12: "B"
          RenderTableRow {TR} at (0,50) size 198x22
            RenderTableCell {TD} at (2,50) size 100x22 [border: (1px inset #808080)] [r=2 c=0 rs=1 cs=1]
              RenderText {#text} at (85,2) size 13x18
                text run at (85,2) width 13: "A"
            RenderTableCell {TD} at (103,50) size 94x22 [border: (1px inset #808080)] [r=2 c=1 rs=1 cs=1]
              RenderText {#text} at (79,2) size 12x18
                text run at (79,2) width 12: "B"
      RenderBlock (anonymous) at (0,76) size 784x18
        RenderBR {BR} at (0,0) size 0x18
      RenderTable {TABLE} at (0,94) size 784x76 [border: (1px outset #808080)]
        RenderTableSection {TBODY} at (1,1) size 782x74
          RenderTableRow {TR} at (0,2) size 782x22
            RenderTableCell {TD} at (2,2) size 369x22 [border: (1px inset #808080)] [r=0 c=0 rs=1 cs=1]
              RenderText {#text} at (2,2) size 28x18
                text run at (2,2) width 28: "<tr>"
            RenderTableCell {TH} at (372,2) size 214x22 [border: (1px inset #808080)] [r=0 c=1 rs=1 cs=1]
              RenderText {#text} at (71,2) size 71x18
                text run at (71,2) width 71: "th: Center"
            RenderTableCell {TD} at (587,2) size 194x22 [border: (1px inset #808080)] [r=0 c=2 rs=1 cs=1]
              RenderText {#text} at (2,2) size 48x18
                text run at (2,2) width 48: "td: Left"
          RenderTableRow {TR} at (0,26) size 782x22
            RenderTableCell {TD} at (2,26) size 369x22 [border: (1px inset #808080)] [r=1 c=0 rs=1 cs=1]
              RenderText {#text} at (2,2) size 108x18
                text run at (2,2) width 108: "<tr align=\"left\">"
            RenderTableCell {TH} at (372,26) size 214x22 [border: (1px inset #808080)] [r=1 c=1 rs=1 cs=1]
              RenderText {#text} at (2,2) size 52x18
                text run at (2,2) width 52: "th: Left"
            RenderTableCell {TD} at (587,26) size 194x22 [border: (1px inset #808080)] [r=1 c=2 rs=1 cs=1]
              RenderText {#text} at (2,2) size 48x18
                text run at (2,2) width 48: "td: Left"
          RenderTableRow {TR} at (0,50) size 782x22
            RenderTableCell {TD} at (2,50) size 369x22 [border: (1px inset #808080)] [r=2 c=0 rs=1 cs=1]
              RenderText {#text} at (2,2) size 125x18
                text run at (2,2) width 125: "<tr align=\"center\">"
            RenderTableCell {TH} at (372,50) size 214x22 [border: (1px inset #808080)] [r=2 c=1 rs=1 cs=1]
              RenderText {#text} at (71,2) size 71x18
                text run at (71,2) width 71: "th: Center"
            RenderTableCell {TD} at (587,50) size 194x22 [border: (1px inset #808080)] [r=2 c=2 rs=1 cs=1]
              RenderText {#text} at (64,2) size 65x18
                text run at (64,2) width 65: "td: Center"
      RenderBlock (anonymous) at (0,170) size 784x18
        RenderBR {BR} at (0,0) size 0x18
