layer at (0,0) size 800x600
  RenderView at (0,0) size 800x600
layer at (0,0) size 800x248
  RenderBlock {HTML} at (0,0) size 800x248
    RenderBody {BODY} at (8,8) size 784x232
      RenderTable {TABLE} at (0,0) size 706x232 [border: (1px outset #808080)]
        RenderTableSection {TBODY} at (1,1) size 704x230
          RenderTableRow {TR} at (0,2) size 704x226
            RenderTableCell {TD} at (2,2) size 700x226 [border: (1px inset #808080)] [r=0 c=0 rs=1 cs=1]
              RenderInline {A} at (0,0) size 109x37 [color=#0000EE]
                RenderText {#text} at (2,2) size 109x37
                  text run at (2,2) width 109: "Xandros"
              RenderText {#text} at (110,2) size 664x222
                text run at (110,2) width 9: " "
                text run at (118,2) width 547: "in the news. text text text text text text text"
                text run at (2,39) width 280: "text text text text text "
                text run at (281,39) width 385: "text text text text text text text"
                text run at (2,76) width 448: "text text text text text text text text "
                text run at (449,76) width 217: "text text text text"
                text run at (2,113) width 616: "text text text text text text text text text text text "
                text run at (617,113) width 49: "text"
                text run at (2,150) width 664: "text text text text text text text text text text text text"
                text run at (2,187) width 56: "text."
