layer at (0,0) size 785x6848
  RenderView at (0,0) size 785x600
layer at (0,0) size 785x6848
  RenderBlock {HTML} at (0,0) size 785x6848
    RenderBody {BODY} at (8,21) size 769x6811
      RenderBlock {H1} at (0,0) size 769x37
        RenderText {#text} at (0,0) size 248x37
          text run at (0,0) width 248: "table-layout: fixed"
      RenderBlock {P} at (0,58) size 769x19
        RenderText {#text} at (0,0) size 575x18
          text run at (0,0) width 575: "The following tables should be laid out in the traditional manner because their widths are "
        RenderInline {CODE} at (0,0) size 32x15
          RenderText {#text} at (574,2) size 32x15
            text run at (574,2) width 32: "auto"
        RenderText {#text} at (605,0) size 6x18
          text run at (605,0) width 6: ":"
      RenderTable {TABLE} at (0,92) size 111x51
        RenderTableSection {TBODY} at (0,0) size 111x50
          RenderTableRow {TR} at (0,2) size 111x22
            RenderTableCell {TD} at (2,2) size 35x22 [border: (1px solid #000000)] [r=0 c=0 rs=1 cs=1]
              RenderText {#text} at (2,2) size 31x18
                text run at (2,2) width 31: "Data"
            RenderTableCell {TD} at (38,2) size 35x22 [border: (1px solid #000000)] [r=0 c=1 rs=1 cs=1]
              RenderText {#text} at (2,2) size 31x18
                text run at (2,2) width 31: "Data"
            RenderTableCell {TD} at (74,2) size 35x22 [border: (1px solid #000000)] [r=0 c=2 rs=1 cs=1]
              RenderText {#text} at (2,2) size 31x18
                text run at (2,2) width 31: "Data"
          RenderTableRow {TR} at (0,26) size 111x22
            RenderTableCell {TD} at (2,26) size 35x22 [border: (1px solid #000000)] [r=1 c=0 rs=1 cs=1]
              RenderText {#text} at (2,2) size 31x18
                text run at (2,2) width 31: "Data"
            RenderTableCell {TD} at (38,26) size 35x22 [border: (1px solid #000000)] [r=1 c=1 rs=1 cs=1]
              RenderText {#text} at (2,2) size 31x18
                text run at (2,2) width 31: "Data"
            RenderTableCell {TD} at (74,26) size 35x22 [border: (1px solid #000000)] [r=1 c=2 rs=1 cs=1]
              RenderText {#text} at (2,2) size 31x18
                text run at (2,2) width 31: "Data"
      RenderTable {TABLE} at (0,142) size 769x357
        RenderTableSection {TBODY} at (0,0) size 769x356
          RenderTableRow {TR} at (0,2) size 769x22
            RenderTableCell {TD} at (2,2) size 35x22 [border: (1px solid #000000)] [r=0 c=0 rs=1 cs=1]
              RenderText {#text} at (2,2) size 31x18
                text run at (2,2) width 31: "Data"
            RenderTableCell {TD} at (38,2) size 35x22 [border: (1px solid #000000)] [r=0 c=1 rs=1 cs=1]
              RenderText {#text} at (2,2) size 31x18
                text run at (2,2) width 31: "Data"
            RenderTableCell {TD} at (74,2) size 693x22 [border: (1px solid #000000)] [r=0 c=2 rs=1 cs=1]
              RenderText {#text} at (2,2) size 31x18
                text run at (2,2) width 31: "Data"
          RenderTableRow {TR} at (0,26) size 769x328
            RenderTableCell {TD} at (2,179) size 35x22 [border: (1px solid #000000)] [r=1 c=0 rs=1 cs=1]
              RenderText {#text} at (2,2) size 31x18
                text run at (2,2) width 31: "Data"
            RenderTableCell {TD} at (38,179) size 35x22 [border: (1px solid #000000)] [r=1 c=1 rs=1 cs=1]
              RenderText {#text} at (2,2) size 31x18
                text run at (2,2) width 31: "Data"
            RenderTableCell {TD} at (74,26) size 693x328 [border: (1px solid #000000)] [r=1 c=2 rs=1 cs=1]
              RenderText {#text} at (2,2) size 689x324
                text run at (2,2) width 193: "Lots and lots and lots of data. "
                text run at (194,2) width 194: "Lots and lots and lots of data. "
                text run at (387,2) width 194: "Lots and lots and lots of data. "
                text run at (580,2) width 111: "Lots and lots and"
                text run at (2,20) width 80: "lots of data. "
                text run at (81,20) width 193: "Lots and lots and lots of data. "
                text run at (273,20) width 194: "Lots and lots and lots of data. "
                text run at (466,20) width 194: "Lots and lots and lots of data. "
                text run at (659,20) width 30: "Lots"
                text run at (2,38) width 161: "and lots and lots of data. "
                text run at (162,38) width 194: "Lots and lots and lots of data. "
                text run at (355,38) width 194: "Lots and lots and lots of data. "
                text run at (548,38) width 138: "Lots and lots and lots"
                text run at (2,56) width 52: "of data. "
                text run at (53,56) width 194: "Lots and lots and lots of data. "
                text run at (246,56) width 194: "Lots and lots and lots of data. "
                text run at (439,56) width 194: "Lots and lots and lots of data. "
                text run at (632,56) width 57: "Lots and"
                text run at (2,74) width 134: "lots and lots of data. "
                text run at (135,74) width 194: "Lots and lots and lots of data. "
                text run at (328,74) width 194: "Lots and lots and lots of data. "
                text run at (521,74) width 155: "Lots and lots and lots of"
                text run at (2,92) width 35: "data. "
                text run at (36,92) width 194: "Lots and lots and lots of data. "
                text run at (229,92) width 194: "Lots and lots and lots of data. "
                text run at (422,92) width 194: "Lots and lots and lots of data. "
                text run at (615,92) width 56: "Lots and"
                text run at (2,110) width 134: "lots and lots of data. "
                text run at (135,110) width 194: "Lots and lots and lots of data. "
                text run at (328,110) width 194: "Lots and lots and lots of data. "
                text run at (521,110) width 155: "Lots and lots and lots of"
                text run at (2,128) width 35: "data. "
                text run at (36,128) width 194: "Lots and lots and lots of data. "
                text run at (229,128) width 194: "Lots and lots and lots of data. "
                text run at (422,128) width 194: "Lots and lots and lots of data. "
                text run at (615,128) width 56: "Lots and"
                text run at (2,146) width 134: "lots and lots of data. "
                text run at (135,146) width 194: "Lots and lots and lots of data. "
                text run at (328,146) width 194: "Lots and lots and lots of data. "
                text run at (521,146) width 155: "Lots and lots and lots of"
                text run at (2,164) width 35: "data. "
                text run at (36,164) width 194: "Lots and lots and lots of data. "
                text run at (229,164) width 194: "Lots and lots and lots of data. "
                text run at (422,164) width 194: "Lots and lots and lots of data. "
                text run at (615,164) width 56: "Lots and"
                text run at (2,182) width 134: "lots and lots of data. "
                text run at (135,182) width 194: "Lots and lots and lots of data. "
                text run at (328,182) width 194: "Lots and lots and lots of data. "
                text run at (521,182) width 155: "Lots and lots and lots of"
                text run at (2,200) width 35: "data. "
                text run at (36,200) width 194: "Lots and lots and lots of data. "
                text run at (229,200) width 194: "Lots and lots and lots of data. "
                text run at (422,200) width 194: "Lots and lots and lots of data. "
                text run at (615,200) width 56: "Lots and"
                text run at (2,218) width 134: "lots and lots of data. "
                text run at (135,218) width 194: "Lots and lots and lots of data. "
                text run at (328,218) width 194: "Lots and lots and lots of data. "
                text run at (521,218) width 155: "Lots and lots and lots of"
                text run at (2,236) width 35: "data. "
                text run at (36,236) width 194: "Lots and lots and lots of data. "
                text run at (229,236) width 194: "Lots and lots and lots of data. "
                text run at (422,236) width 194: "Lots and lots and lots of data. "
                text run at (615,236) width 56: "Lots and"
                text run at (2,254) width 134: "lots and lots of data. "
                text run at (135,254) width 194: "Lots and lots and lots of data. "
                text run at (328,254) width 194: "Lots and lots and lots of data. "
                text run at (521,254) width 155: "Lots and lots and lots of"
                text run at (2,272) width 35: "data. "
                text run at (36,272) width 194: "Lots and lots and lots of data. "
                text run at (229,272) width 194: "Lots and lots and lots of data. "
                text run at (422,272) width 194: "Lots and lots and lots of data. "
                text run at (615,272) width 56: "Lots and"
                text run at (2,290) width 134: "lots and lots of data. "
                text run at (135,290) width 194: "Lots and lots and lots of data. "
                text run at (328,290) width 194: "Lots and lots and lots of data. "
                text run at (521,290) width 155: "Lots and lots and lots of"
                text run at (2,308) width 31: "data."
      RenderTable {TABLE} at (0,498) size 769x357
        RenderTableSection {TBODY} at (0,0) size 769x356
          RenderTableRow {TR} at (0,2) size 769x328
            RenderTableCell {TD} at (2,155) size 35x22 [border: (1px solid #000000)] [r=0 c=0 rs=1 cs=1]
              RenderText {#text} at (2,2) size 31x18
                text run at (2,2) width 31: "Data"
            RenderTableCell {TD} at (38,155) size 35x22 [border: (1px solid #000000)] [r=0 c=1 rs=1 cs=1]
              RenderText {#text} at (2,2) size 31x18
                text run at (2,2) width 31: "Data"
            RenderTableCell {TD} at (74,2) size 693x328 [border: (1px solid #000000)] [r=0 c=2 rs=1 cs=1]
              RenderText {#text} at (2,2) size 689x324
                text run at (2,2) width 193: "Lots and lots and lots of data. "
                text run at (194,2) width 194: "Lots and lots and lots of data. "
                text run at (387,2) width 194: "Lots and lots and lots of data. "
                text run at (580,2) width 111: "Lots and lots and"
                text run at (2,20) width 80: "lots of data. "
                text run at (81,20) width 193: "Lots and lots and lots of data. "
                text run at (273,20) width 194: "Lots and lots and lots of data. "
                text run at (466,20) width 194: "Lots and lots and lots of data. "
                text run at (659,20) width 30: "Lots"
                text run at (2,38) width 161: "and lots and lots of data. "
                text run at (162,38) width 194: "Lots and lots and lots of data. "
                text run at (355,38) width 194: "Lots and lots and lots of data. "
                text run at (548,38) width 138: "Lots and lots and lots"
                text run at (2,56) width 52: "of data. "
                text run at (53,56) width 194: "Lots and lots and lots of data. "
                text run at (246,56) width 194: "Lots and lots and lots of data. "
                text run at (439,56) width 194: "Lots and lots and lots of data. "
                text run at (632,56) width 57: "Lots and"
                text run at (2,74) width 134: "lots and lots of data. "
                text run at (135,74) width 194: "Lots and lots and lots of data. "
                text run at (328,74) width 194: "Lots and lots and lots of data. "
                text run at (521,74) width 155: "Lots and lots and lots of"
                text run at (2,92) width 35: "data. "
                text run at (36,92) width 194: "Lots and lots and lots of data. "
                text run at (229,92) width 194: "Lots and lots and lots of data. "
                text run at (422,92) width 194: "Lots and lots and lots of data. "
                text run at (615,92) width 56: "Lots and"
                text run at (2,110) width 134: "lots and lots of data. "
                text run at (135,110) width 194: "Lots and lots and lots of data. "
                text run at (328,110) width 194: "Lots and lots and lots of data. "
                text run at (521,110) width 155: "Lots and lots and lots of"
                text run at (2,128) width 35: "data. "
                text run at (36,128) width 194: "Lots and lots and lots of data. "
                text run at (229,128) width 194: "Lots and lots and lots of data. "
                text run at (422,128) width 194: "Lots and lots and lots of data. "
                text run at (615,128) width 56: "Lots and"
                text run at (2,146) width 134: "lots and lots of data. "
                text run at (135,146) width 194: "Lots and lots and lots of data. "
                text run at (328,146) width 194: "Lots and lots and lots of data. "
                text run at (521,146) width 155: "Lots and lots and lots of"
                text run at (2,164) width 35: "data. "
                text run at (36,164) width 194: "Lots and lots and lots of data. "
                text run at (229,164) width 194: "Lots and lots and lots of data. "
                text run at (422,164) width 194: "Lots and lots and lots of data. "
                text run at (615,164) width 56: "Lots and"
                text run at (2,182) width 134: "lots and lots of data. "
                text run at (135,182) width 194: "Lots and lots and lots of data. "
                text run at (328,182) width 194: "Lots and lots and lots of data. "
                text run at (521,182) width 155: "Lots and lots and lots of"
                text run at (2,200) width 35: "data. "
                text run at (36,200) width 194: "Lots and lots and lots of data. "
                text run at (229,200) width 194: "Lots and lots and lots of data. "
                text run at (422,200) width 194: "Lots and lots and lots of data. "
                text run at (615,200) width 56: "Lots and"
                text run at (2,218) width 134: "lots and lots of data. "
                text run at (135,218) width 194: "Lots and lots and lots of data. "
                text run at (328,218) width 194: "Lots and lots and lots of data. "
                text run at (521,218) width 155: "Lots and lots and lots of"
                text run at (2,236) width 35: "data. "
                text run at (36,236) width 194: "Lots and lots and lots of data. "
                text run at (229,236) width 194: "Lots and lots and lots of data. "
                text run at (422,236) width 194: "Lots and lots and lots of data. "
                text run at (615,236) width 56: "Lots and"
                text run at (2,254) width 134: "lots and lots of data. "
                text run at (135,254) width 194: "Lots and lots and lots of data. "
                text run at (328,254) width 194: "Lots and lots and lots of data. "
                text run at (521,254) width 155: "Lots and lots and lots of"
                text run at (2,272) width 35: "data. "
                text run at (36,272) width 194: "Lots and lots and lots of data. "
                text run at (229,272) width 194: "Lots and lots and lots of data. "
                text run at (422,272) width 194: "Lots and lots and lots of data. "
                text run at (615,272) width 56: "Lots and"
                text run at (2,290) width 134: "lots and lots of data. "
                text run at (135,290) width 194: "Lots and lots and lots of data. "
                text run at (328,290) width 194: "Lots and lots and lots of data. "
                text run at (521,290) width 155: "Lots and lots and lots of"
                text run at (2,308) width 31: "data."
          RenderTableRow {TR} at (0,332) size 769x22
            RenderTableCell {TD} at (2,332) size 35x22 [border: (1px solid #000000)] [r=1 c=0 rs=1 cs=1]
              RenderText {#text} at (2,2) size 31x18
                text run at (2,2) width 31: "Data"
            RenderTableCell {TD} at (38,332) size 35x22 [border: (1px solid #000000)] [r=1 c=1 rs=1 cs=1]
              RenderText {#text} at (2,2) size 31x18
                text run at (2,2) width 31: "Data"
            RenderTableCell {TD} at (74,332) size 693x22 [border: (1px solid #000000)] [r=1 c=2 rs=1 cs=1]
              RenderText {#text} at (2,2) size 31x18
                text run at (2,2) width 31: "Data"
      RenderBlock {P} at (0,870) size 769x19
        RenderText {#text} at (0,0) size 766x18
          text run at (0,0) width 766: "All the columns in the following three tables should divide equally the available space (100% of the width of the page):"
      RenderTable {TABLE} at (0,904) size 769x51
        RenderTableSection {TBODY} at (0,0) size 769x50
          RenderTableRow {TR} at (0,2) size 769x22
            RenderTableCell {TD} at (2,2) size 254x22 [border: (1px solid #000000)] [r=0 c=0 rs=1 cs=1]
              RenderText {#text} at (2,2) size 31x18
                text run at (2,2) width 31: "Data"
            RenderTableCell {TD} at (257,2) size 255x22 [border: (1px solid #000000)] [r=0 c=1 rs=1 cs=1]
              RenderText {#text} at (2,2) size 31x18
                text run at (2,2) width 31: "Data"
            RenderTableCell {TD} at (513,2) size 254x22 [border: (1px solid #000000)] [r=0 c=2 rs=1 cs=1]
              RenderText {#text} at (2,2) size 31x18
                text run at (2,2) width 31: "Data"
          RenderTableRow {TR} at (0,26) size 769x22
            RenderTableCell {TD} at (2,26) size 254x22 [border: (1px solid #000000)] [r=1 c=0 rs=1 cs=1]
              RenderText {#text} at (2,2) size 31x18
                text run at (2,2) width 31: "Data"
            RenderTableCell {TD} at (257,26) size 255x22 [border: (1px solid #000000)] [r=1 c=1 rs=1 cs=1]
              RenderText {#text} at (2,2) size 31x18
                text run at (2,2) width 31: "Data"
            RenderTableCell {TD} at (513,26) size 254x22 [border: (1px solid #000000)] [r=1 c=2 rs=1 cs=1]
              RenderText {#text} at (2,2) size 31x18
                text run at (2,2) width 31: "Data"
      RenderTable {TABLE} at (0,954) size 769x897
        RenderTableSection {TBODY} at (0,0) size 769x896
          RenderTableRow {TR} at (0,2) size 769x22
            RenderTableCell {TD} at (2,2) size 254x22 [border: (1px solid #000000)] [r=0 c=0 rs=1 cs=1]
              RenderText {#text} at (2,2) size 31x18
                text run at (2,2) width 31: "Data"
            RenderTableCell {TD} at (257,2) size 255x22 [border: (1px solid #000000)] [r=0 c=1 rs=1 cs=1]
              RenderText {#text} at (2,2) size 31x18
                text run at (2,2) width 31: "Data"
            RenderTableCell {TD} at (513,2) size 254x22 [border: (1px solid #000000)] [r=0 c=2 rs=1 cs=1]
              RenderText {#text} at (2,2) size 31x18
                text run at (2,2) width 31: "Data"
          RenderTableRow {TR} at (0,26) size 769x868
            RenderTableCell {TD} at (2,449) size 254x22 [border: (1px solid #000000)] [r=1 c=0 rs=1 cs=1]
              RenderText {#text} at (2,2) size 31x18
                text run at (2,2) width 31: "Data"
            RenderTableCell {TD} at (257,449) size 255x22 [border: (1px solid #000000)] [r=1 c=1 rs=1 cs=1]
              RenderText {#text} at (2,2) size 31x18
                text run at (2,2) width 31: "Data"
            RenderTableCell {TD} at (513,26) size 254x868 [border: (1px solid #000000)] [r=1 c=2 rs=1 cs=1]
              RenderText {#text} at (2,2) size 249x864
                text run at (2,2) width 193: "Lots and lots and lots of data. "
                text run at (194,2) width 57: "Lots and"
                text run at (2,20) width 134: "lots and lots of data. "
                text run at (135,20) width 111: "Lots and lots and"
                text run at (2,38) width 80: "lots of data. "
                text run at (81,38) width 155: "Lots and lots and lots of"
                text run at (2,56) width 35: "data. "
                text run at (36,56) width 190: "Lots and lots and lots of data."
                text run at (2,74) width 193: "Lots and lots and lots of data. "
                text run at (194,74) width 57: "Lots and"
                text run at (2,92) width 134: "lots and lots of data. "
                text run at (135,92) width 111: "Lots and lots and"
                text run at (2,110) width 80: "lots of data. "
                text run at (81,110) width 155: "Lots and lots and lots of"
                text run at (2,128) width 35: "data. "
                text run at (36,128) width 190: "Lots and lots and lots of data."
                text run at (2,146) width 193: "Lots and lots and lots of data. "
                text run at (194,146) width 57: "Lots and"
                text run at (2,164) width 134: "lots and lots of data. "
                text run at (135,164) width 111: "Lots and lots and"
                text run at (2,182) width 80: "lots of data. "
                text run at (81,182) width 155: "Lots and lots and lots of"
                text run at (2,200) width 35: "data. "
                text run at (36,200) width 190: "Lots and lots and lots of data."
                text run at (2,218) width 193: "Lots and lots and lots of data. "
                text run at (194,218) width 57: "Lots and"
                text run at (2,236) width 134: "lots and lots of data. "
                text run at (135,236) width 111: "Lots and lots and"
                text run at (2,254) width 80: "lots of data. "
                text run at (81,254) width 155: "Lots and lots and lots of"
                text run at (2,272) width 35: "data. "
                text run at (36,272) width 190: "Lots and lots and lots of data."
                text run at (2,290) width 193: "Lots and lots and lots of data. "
                text run at (194,290) width 57: "Lots and"
                text run at (2,308) width 134: "lots and lots of data. "
                text run at (135,308) width 111: "Lots and lots and"
                text run at (2,326) width 80: "lots of data. "
                text run at (81,326) width 155: "Lots and lots and lots of"
                text run at (2,344) width 35: "data. "
                text run at (36,344) width 190: "Lots and lots and lots of data."
                text run at (2,362) width 193: "Lots and lots and lots of data. "
                text run at (194,362) width 57: "Lots and"
                text run at (2,380) width 134: "lots and lots of data. "
                text run at (135,380) width 111: "Lots and lots and"
                text run at (2,398) width 80: "lots of data. "
                text run at (81,398) width 155: "Lots and lots and lots of"
                text run at (2,416) width 35: "data. "
                text run at (36,416) width 190: "Lots and lots and lots of data."
                text run at (2,434) width 193: "Lots and lots and lots of data. "
                text run at (194,434) width 57: "Lots and"
                text run at (2,452) width 134: "lots and lots of data. "
                text run at (135,452) width 111: "Lots and lots and"
                text run at (2,470) width 80: "lots of data. "
                text run at (81,470) width 155: "Lots and lots and lots of"
                text run at (2,488) width 35: "data. "
                text run at (36,488) width 190: "Lots and lots and lots of data."
                text run at (2,506) width 193: "Lots and lots and lots of data. "
                text run at (194,506) width 57: "Lots and"
                text run at (2,524) width 134: "lots and lots of data. "
                text run at (135,524) width 111: "Lots and lots and"
                text run at (2,542) width 80: "lots of data. "
                text run at (81,542) width 155: "Lots and lots and lots of"
                text run at (2,560) width 35: "data. "
                text run at (36,560) width 190: "Lots and lots and lots of data."
                text run at (2,578) width 193: "Lots and lots and lots of data. "
                text run at (194,578) width 57: "Lots and"
                text run at (2,596) width 134: "lots and lots of data. "
                text run at (135,596) width 111: "Lots and lots and"
                text run at (2,614) width 80: "lots of data. "
                text run at (81,614) width 155: "Lots and lots and lots of"
                text run at (2,632) width 35: "data. "
                text run at (36,632) width 190: "Lots and lots and lots of data."
                text run at (2,650) width 193: "Lots and lots and lots of data. "
                text run at (194,650) width 57: "Lots and"
                text run at (2,668) width 134: "lots and lots of data. "
                text run at (135,668) width 111: "Lots and lots and"
                text run at (2,686) width 80: "lots of data. "
                text run at (81,686) width 155: "Lots and lots and lots of"
                text run at (2,704) width 35: "data. "
                text run at (36,704) width 190: "Lots and lots and lots of data."
                text run at (2,722) width 193: "Lots and lots and lots of data. "
                text run at (194,722) width 57: "Lots and"
                text run at (2,740) width 134: "lots and lots of data. "
                text run at (135,740) width 111: "Lots and lots and"
                text run at (2,758) width 80: "lots of data. "
                text run at (81,758) width 155: "Lots and lots and lots of"
                text run at (2,776) width 35: "data. "
                text run at (36,776) width 190: "Lots and lots and lots of data."
                text run at (2,794) width 193: "Lots and lots and lots of data. "
                text run at (194,794) width 57: "Lots and"
                text run at (2,812) width 134: "lots and lots of data. "
                text run at (135,812) width 111: "Lots and lots and"
                text run at (2,830) width 80: "lots of data. "
                text run at (81,830) width 155: "Lots and lots and lots of"
                text run at (2,848) width 35: "data. "
                text run at (36,848) width 190: "Lots and lots and lots of data."
      RenderTable {TABLE} at (0,1850) size 769x897
        RenderTableSection {TBODY} at (0,0) size 769x896
          RenderTableRow {TR} at (0,2) size 769x868
            RenderTableCell {TD} at (2,425) size 254x22 [border: (1px solid #000000)] [r=0 c=0 rs=1 cs=1]
              RenderText {#text} at (2,2) size 31x18
                text run at (2,2) width 31: "Data"
            RenderTableCell {TD} at (257,425) size 255x22 [border: (1px solid #000000)] [r=0 c=1 rs=1 cs=1]
              RenderText {#text} at (2,2) size 31x18
                text run at (2,2) width 31: "Data"
            RenderTableCell {TD} at (513,2) size 254x868 [border: (1px solid #000000)] [r=0 c=2 rs=1 cs=1]
              RenderText {#text} at (2,2) size 249x864
                text run at (2,2) width 193: "Lots and lots and lots of data. "
                text run at (194,2) width 57: "Lots and"
                text run at (2,20) width 134: "lots and lots of data. "
                text run at (135,20) width 111: "Lots and lots and"
                text run at (2,38) width 80: "lots of data. "
                text run at (81,38) width 155: "Lots and lots and lots of"
                text run at (2,56) width 35: "data. "
                text run at (36,56) width 190: "Lots and lots and lots of data."
                text run at (2,74) width 193: "Lots and lots and lots of data. "
                text run at (194,74) width 57: "Lots and"
                text run at (2,92) width 134: "lots and lots of data. "
                text run at (135,92) width 111: "Lots and lots and"
                text run at (2,110) width 80: "lots of data. "
                text run at (81,110) width 155: "Lots and lots and lots of"
                text run at (2,128) width 35: "data. "
                text run at (36,128) width 190: "Lots and lots and lots of data."
                text run at (2,146) width 193: "Lots and lots and lots of data. "
                text run at (194,146) width 57: "Lots and"
                text run at (2,164) width 134: "lots and lots of data. "
                text run at (135,164) width 111: "Lots and lots and"
                text run at (2,182) width 80: "lots of data. "
                text run at (81,182) width 155: "Lots and lots and lots of"
                text run at (2,200) width 35: "data. "
                text run at (36,200) width 190: "Lots and lots and lots of data."
                text run at (2,218) width 193: "Lots and lots and lots of data. "
                text run at (194,218) width 57: "Lots and"
                text run at (2,236) width 134: "lots and lots of data. "
                text run at (135,236) width 111: "Lots and lots and"
                text run at (2,254) width 80: "lots of data. "
                text run at (81,254) width 155: "Lots and lots and lots of"
                text run at (2,272) width 35: "data. "
                text run at (36,272) width 190: "Lots and lots and lots of data."
                text run at (2,290) width 193: "Lots and lots and lots of data. "
                text run at (194,290) width 57: "Lots and"
                text run at (2,308) width 134: "lots and lots of data. "
                text run at (135,308) width 111: "Lots and lots and"
                text run at (2,326) width 80: "lots of data. "
                text run at (81,326) width 155: "Lots and lots and lots of"
                text run at (2,344) width 35: "data. "
                text run at (36,344) width 190: "Lots and lots and lots of data."
                text run at (2,362) width 193: "Lots and lots and lots of data. "
                text run at (194,362) width 57: "Lots and"
                text run at (2,380) width 134: "lots and lots of data. "
                text run at (135,380) width 111: "Lots and lots and"
                text run at (2,398) width 80: "lots of data. "
                text run at (81,398) width 155: "Lots and lots and lots of"
                text run at (2,416) width 35: "data. "
                text run at (36,416) width 190: "Lots and lots and lots of data."
                text run at (2,434) width 193: "Lots and lots and lots of data. "
                text run at (194,434) width 57: "Lots and"
                text run at (2,452) width 134: "lots and lots of data. "
                text run at (135,452) width 111: "Lots and lots and"
                text run at (2,470) width 80: "lots of data. "
                text run at (81,470) width 155: "Lots and lots and lots of"
                text run at (2,488) width 35: "data. "
                text run at (36,488) width 190: "Lots and lots and lots of data."
                text run at (2,506) width 193: "Lots and lots and lots of data. "
                text run at (194,506) width 57: "Lots and"
                text run at (2,524) width 134: "lots and lots of data. "
                text run at (135,524) width 111: "Lots and lots and"
                text run at (2,542) width 80: "lots of data. "
                text run at (81,542) width 155: "Lots and lots and lots of"
                text run at (2,560) width 35: "data. "
                text run at (36,560) width 190: "Lots and lots and lots of data."
                text run at (2,578) width 193: "Lots and lots and lots of data. "
                text run at (194,578) width 57: "Lots and"
                text run at (2,596) width 134: "lots and lots of data. "
                text run at (135,596) width 111: "Lots and lots and"
                text run at (2,614) width 80: "lots of data. "
                text run at (81,614) width 155: "Lots and lots and lots of"
                text run at (2,632) width 35: "data. "
                text run at (36,632) width 190: "Lots and lots and lots of data."
                text run at (2,650) width 193: "Lots and lots and lots of data. "
                text run at (194,650) width 57: "Lots and"
                text run at (2,668) width 134: "lots and lots of data. "
                text run at (135,668) width 111: "Lots and lots and"
                text run at (2,686) width 80: "lots of data. "
                text run at (81,686) width 155: "Lots and lots and lots of"
                text run at (2,704) width 35: "data. "
                text run at (36,704) width 190: "Lots and lots and lots of data."
                text run at (2,722) width 193: "Lots and lots and lots of data. "
                text run at (194,722) width 57: "Lots and"
                text run at (2,740) width 134: "lots and lots of data. "
                text run at (135,740) width 111: "Lots and lots and"
                text run at (2,758) width 80: "lots of data. "
                text run at (81,758) width 155: "Lots and lots and lots of"
                text run at (2,776) width 35: "data. "
                text run at (36,776) width 190: "Lots and lots and lots of data."
                text run at (2,794) width 193: "Lots and lots and lots of data. "
                text run at (194,794) width 57: "Lots and"
                text run at (2,812) width 134: "lots and lots of data. "
                text run at (135,812) width 111: "Lots and lots and"
                text run at (2,830) width 80: "lots of data. "
                text run at (81,830) width 155: "Lots and lots and lots of"
                text run at (2,848) width 35: "data. "
                text run at (36,848) width 190: "Lots and lots and lots of data."
          RenderTableRow {TR} at (0,872) size 769x22
            RenderTableCell {TD} at (2,872) size 254x22 [border: (1px solid #000000)] [r=1 c=0 rs=1 cs=1]
              RenderText {#text} at (2,2) size 31x18
                text run at (2,2) width 31: "Data"
            RenderTableCell {TD} at (257,872) size 255x22 [border: (1px solid #000000)] [r=1 c=1 rs=1 cs=1]
              RenderText {#text} at (2,2) size 31x18
                text run at (2,2) width 31: "Data"
            RenderTableCell {TD} at (513,872) size 254x22 [border: (1px solid #000000)] [r=1 c=2 rs=1 cs=1]
              RenderText {#text} at (2,2) size 31x18
                text run at (2,2) width 31: "Data"
      RenderBlock {P} at (0,2762) size 769x19
        RenderText {#text} at (0,0) size 758x18
          text run at (0,0) width 758: "All the columns in the following three tables should divide equally the available space (50% of the width of the page):"
      RenderTable {TABLE} at (0,2796) size 385x51
        RenderTableSection {TBODY} at (0,0) size 385x50
          RenderTableRow {TR} at (0,2) size 385x22
            RenderTableCell {TD} at (2,2) size 126x22 [border: (1px solid #000000)] [r=0 c=0 rs=1 cs=1]
              RenderText {#text} at (2,2) size 31x18
                text run at (2,2) width 31: "Data"
            RenderTableCell {TD} at (129,2) size 126x22 [border: (1px solid #000000)] [r=0 c=1 rs=1 cs=1]
              RenderText {#text} at (2,2) size 31x18
                text run at (2,2) width 31: "Data"
            RenderTableCell {TD} at (257,2) size 126x22 [border: (1px solid #000000)] [r=0 c=2 rs=1 cs=1]
              RenderText {#text} at (2,2) size 31x18
                text run at (2,2) width 31: "Data"
          RenderTableRow {TR} at (0,26) size 385x22
            RenderTableCell {TD} at (2,26) size 126x22 [border: (1px solid #000000)] [r=1 c=0 rs=1 cs=1]
              RenderText {#text} at (2,2) size 31x18
                text run at (2,2) width 31: "Data"
            RenderTableCell {TD} at (129,26) size 126x22 [border: (1px solid #000000)] [r=1 c=1 rs=1 cs=1]
              RenderText {#text} at (2,2) size 31x18
                text run at (2,2) width 31: "Data"
            RenderTableCell {TD} at (257,26) size 126x22 [border: (1px solid #000000)] [r=1 c=2 rs=1 cs=1]
              RenderText {#text} at (2,2) size 31x18
                text run at (2,2) width 31: "Data"
      RenderTable {TABLE} at (0,2846) size 385x1923
        RenderTableSection {TBODY} at (0,0) size 385x1922
          RenderTableRow {TR} at (0,2) size 385x22
            RenderTableCell {TD} at (2,2) size 126x22 [border: (1px solid #000000)] [r=0 c=0 rs=1 cs=1]
              RenderText {#text} at (2,2) size 31x18
                text run at (2,2) width 31: "Data"
            RenderTableCell {TD} at (129,2) size 126x22 [border: (1px solid #000000)] [r=0 c=1 rs=1 cs=1]
              RenderText {#text} at (2,2) size 31x18
                text run at (2,2) width 31: "Data"
            RenderTableCell {TD} at (257,2) size 126x22 [border: (1px solid #000000)] [r=0 c=2 rs=1 cs=1]
              RenderText {#text} at (2,2) size 31x18
                text run at (2,2) width 31: "Data"
          RenderTableRow {TR} at (0,26) size 385x1894
            RenderTableCell {TD} at (2,962) size 126x22 [border: (1px solid #000000)] [r=1 c=0 rs=1 cs=1]
              RenderText {#text} at (2,2) size 31x18
                text run at (2,2) width 31: "Data"
            RenderTableCell {TD} at (129,962) size 126x22 [border: (1px solid #000000)] [r=1 c=1 rs=1 cs=1]
              RenderText {#text} at (2,2) size 31x18
                text run at (2,2) width 31: "Data"
            RenderTableCell {TD} at (257,26) size 126x1894 [border: (1px solid #000000)] [r=1 c=2 rs=1 cs=1]
              RenderText {#text} at (2,2) size 118x1890
                text run at (2,2) width 110: "Lots and lots and"
                text run at (2,20) width 80: "lots of data. "
                text run at (81,20) width 29: "Lots"
                text run at (2,38) width 105: "and lots and lots"
                text run at (2,56) width 52: "of data. "
                text run at (53,56) width 57: "Lots and"
                text run at (2,74) width 95: "lots and lots of"
                text run at (2,92) width 35: "data. "
                text run at (36,92) width 84: "Lots and lots"
                text run at (2,110) width 103: "and lots of data."
                text run at (2,128) width 110: "Lots and lots and"
                text run at (2,146) width 80: "lots of data. "
                text run at (81,146) width 29: "Lots"
                text run at (2,164) width 105: "and lots and lots"
                text run at (2,182) width 52: "of data. "
                text run at (53,182) width 57: "Lots and"
                text run at (2,200) width 95: "lots and lots of"
                text run at (2,218) width 35: "data. "
                text run at (36,218) width 84: "Lots and lots"
                text run at (2,236) width 103: "and lots of data."
                text run at (2,254) width 110: "Lots and lots and"
                text run at (2,272) width 80: "lots of data. "
                text run at (81,272) width 29: "Lots"
                text run at (2,290) width 105: "and lots and lots"
                text run at (2,308) width 52: "of data. "
                text run at (53,308) width 57: "Lots and"
                text run at (2,326) width 95: "lots and lots of"
                text run at (2,344) width 35: "data. "
                text run at (36,344) width 84: "Lots and lots"
                text run at (2,362) width 103: "and lots of data."
                text run at (2,380) width 110: "Lots and lots and"
                text run at (2,398) width 80: "lots of data. "
                text run at (81,398) width 29: "Lots"
                text run at (2,416) width 105: "and lots and lots"
                text run at (2,434) width 52: "of data. "
                text run at (53,434) width 57: "Lots and"
                text run at (2,452) width 95: "lots and lots of"
                text run at (2,470) width 35: "data. "
                text run at (36,470) width 84: "Lots and lots"
                text run at (2,488) width 103: "and lots of data."
                text run at (2,506) width 110: "Lots and lots and"
                text run at (2,524) width 80: "lots of data. "
                text run at (81,524) width 29: "Lots"
                text run at (2,542) width 105: "and lots and lots"
                text run at (2,560) width 52: "of data. "
                text run at (53,560) width 57: "Lots and"
                text run at (2,578) width 95: "lots and lots of"
                text run at (2,596) width 35: "data. "
                text run at (36,596) width 84: "Lots and lots"
                text run at (2,614) width 103: "and lots of data."
                text run at (2,632) width 110: "Lots and lots and"
                text run at (2,650) width 80: "lots of data. "
                text run at (81,650) width 29: "Lots"
                text run at (2,668) width 105: "and lots and lots"
                text run at (2,686) width 52: "of data. "
                text run at (53,686) width 57: "Lots and"
                text run at (2,704) width 95: "lots and lots of"
                text run at (2,722) width 35: "data. "
                text run at (36,722) width 84: "Lots and lots"
                text run at (2,740) width 103: "and lots of data."
                text run at (2,758) width 110: "Lots and lots and"
                text run at (2,776) width 80: "lots of data. "
                text run at (81,776) width 29: "Lots"
                text run at (2,794) width 105: "and lots and lots"
                text run at (2,812) width 52: "of data. "
                text run at (53,812) width 57: "Lots and"
                text run at (2,830) width 95: "lots and lots of"
                text run at (2,848) width 35: "data. "
                text run at (36,848) width 84: "Lots and lots"
                text run at (2,866) width 103: "and lots of data."
                text run at (2,884) width 110: "Lots and lots and"
                text run at (2,902) width 80: "lots of data. "
                text run at (81,902) width 29: "Lots"
                text run at (2,920) width 105: "and lots and lots"
                text run at (2,938) width 52: "of data. "
                text run at (53,938) width 57: "Lots and"
                text run at (2,956) width 95: "lots and lots of"
                text run at (2,974) width 35: "data. "
                text run at (36,974) width 84: "Lots and lots"
                text run at (2,992) width 103: "and lots of data."
                text run at (2,1010) width 110: "Lots and lots and"
                text run at (2,1028) width 80: "lots of data. "
                text run at (81,1028) width 29: "Lots"
                text run at (2,1046) width 105: "and lots and lots"
                text run at (2,1064) width 52: "of data. "
                text run at (53,1064) width 57: "Lots and"
                text run at (2,1082) width 95: "lots and lots of"
                text run at (2,1100) width 35: "data. "
                text run at (36,1100) width 84: "Lots and lots"
                text run at (2,1118) width 103: "and lots of data."
                text run at (2,1136) width 110: "Lots and lots and"
                text run at (2,1154) width 80: "lots of data. "
                text run at (81,1154) width 29: "Lots"
                text run at (2,1172) width 105: "and lots and lots"
                text run at (2,1190) width 52: "of data. "
                text run at (53,1190) width 57: "Lots and"
                text run at (2,1208) width 95: "lots and lots of"
                text run at (2,1226) width 35: "data. "
                text run at (36,1226) width 84: "Lots and lots"
                text run at (2,1244) width 103: "and lots of data."
                text run at (2,1262) width 110: "Lots and lots and"
                text run at (2,1280) width 80: "lots of data. "
                text run at (81,1280) width 29: "Lots"
                text run at (2,1298) width 105: "and lots and lots"
                text run at (2,1316) width 52: "of data. "
                text run at (53,1316) width 57: "Lots and"
                text run at (2,1334) width 95: "lots and lots of"
                text run at (2,1352) width 35: "data. "
                text run at (36,1352) width 84: "Lots and lots"
                text run at (2,1370) width 103: "and lots of data."
                text run at (2,1388) width 110: "Lots and lots and"
                text run at (2,1406) width 80: "lots of data. "
                text run at (81,1406) width 29: "Lots"
                text run at (2,1424) width 105: "and lots and lots"
                text run at (2,1442) width 52: "of data. "
                text run at (53,1442) width 57: "Lots and"
                text run at (2,1460) width 95: "lots and lots of"
                text run at (2,1478) width 35: "data. "
                text run at (36,1478) width 84: "Lots and lots"
                text run at (2,1496) width 103: "and lots of data."
                text run at (2,1514) width 110: "Lots and lots and"
                text run at (2,1532) width 80: "lots of data. "
                text run at (81,1532) width 29: "Lots"
                text run at (2,1550) width 105: "and lots and lots"
                text run at (2,1568) width 52: "of data. "
                text run at (53,1568) width 57: "Lots and"
                text run at (2,1586) width 95: "lots and lots of"
                text run at (2,1604) width 35: "data. "
                text run at (36,1604) width 84: "Lots and lots"
                text run at (2,1622) width 103: "and lots of data."
                text run at (2,1640) width 110: "Lots and lots and"
                text run at (2,1658) width 80: "lots of data. "
                text run at (81,1658) width 29: "Lots"
                text run at (2,1676) width 105: "and lots and lots"
                text run at (2,1694) width 52: "of data. "
                text run at (53,1694) width 57: "Lots and"
                text run at (2,1712) width 95: "lots and lots of"
                text run at (2,1730) width 35: "data. "
                text run at (36,1730) width 84: "Lots and lots"
                text run at (2,1748) width 103: "and lots of data."
                text run at (2,1766) width 110: "Lots and lots and"
                text run at (2,1784) width 80: "lots of data. "
                text run at (81,1784) width 29: "Lots"
                text run at (2,1802) width 105: "and lots and lots"
                text run at (2,1820) width 52: "of data. "
                text run at (53,1820) width 57: "Lots and"
                text run at (2,1838) width 95: "lots and lots of"
                text run at (2,1856) width 35: "data. "
                text run at (36,1856) width 84: "Lots and lots"
                text run at (2,1874) width 103: "and lots of data."
      RenderTable {TABLE} at (0,4768) size 385x1923
        RenderTableSection {TBODY} at (0,0) size 385x1922
          RenderTableRow {TR} at (0,2) size 385x1894
            RenderTableCell {TD} at (2,938) size 126x22 [border: (1px solid #000000)] [r=0 c=0 rs=1 cs=1]
              RenderText {#text} at (2,2) size 31x18
                text run at (2,2) width 31: "Data"
            RenderTableCell {TD} at (129,938) size 126x22 [border: (1px solid #000000)] [r=0 c=1 rs=1 cs=1]
              RenderText {#text} at (2,2) size 31x18
                text run at (2,2) width 31: "Data"
            RenderTableCell {TD} at (257,2) size 126x1894 [border: (1px solid #000000)] [r=0 c=2 rs=1 cs=1]
              RenderText {#text} at (2,2) size 118x1890
                text run at (2,2) width 110: "Lots and lots and"
                text run at (2,20) width 80: "lots of data. "
                text run at (81,20) width 29: "Lots"
                text run at (2,38) width 105: "and lots and lots"
                text run at (2,56) width 52: "of data. "
                text run at (53,56) width 57: "Lots and"
                text run at (2,74) width 95: "lots and lots of"
                text run at (2,92) width 35: "data. "
                text run at (36,92) width 84: "Lots and lots"
                text run at (2,110) width 103: "and lots of data."
                text run at (2,128) width 110: "Lots and lots and"
                text run at (2,146) width 80: "lots of data. "
                text run at (81,146) width 29: "Lots"
                text run at (2,164) width 105: "and lots and lots"
                text run at (2,182) width 52: "of data. "
                text run at (53,182) width 57: "Lots and"
                text run at (2,200) width 95: "lots and lots of"
                text run at (2,218) width 35: "data. "
                text run at (36,218) width 84: "Lots and lots"
                text run at (2,236) width 103: "and lots of data."
                text run at (2,254) width 110: "Lots and lots and"
                text run at (2,272) width 80: "lots of data. "
                text run at (81,272) width 29: "Lots"
                text run at (2,290) width 105: "and lots and lots"
                text run at (2,308) width 52: "of data. "
                text run at (53,308) width 57: "Lots and"
                text run at (2,326) width 95: "lots and lots of"
                text run at (2,344) width 35: "data. "
                text run at (36,344) width 84: "Lots and lots"
                text run at (2,362) width 103: "and lots of data."
                text run at (2,380) width 110: "Lots and lots and"
                text run at (2,398) width 80: "lots of data. "
                text run at (81,398) width 29: "Lots"
                text run at (2,416) width 105: "and lots and lots"
                text run at (2,434) width 52: "of data. "
                text run at (53,434) width 57: "Lots and"
                text run at (2,452) width 95: "lots and lots of"
                text run at (2,470) width 35: "data. "
                text run at (36,470) width 84: "Lots and lots"
                text run at (2,488) width 103: "and lots of data."
                text run at (2,506) width 110: "Lots and lots and"
                text run at (2,524) width 80: "lots of data. "
                text run at (81,524) width 29: "Lots"
                text run at (2,542) width 105: "and lots and lots"
                text run at (2,560) width 52: "of data. "
                text run at (53,560) width 57: "Lots and"
                text run at (2,578) width 95: "lots and lots of"
                text run at (2,596) width 35: "data. "
                text run at (36,596) width 84: "Lots and lots"
                text run at (2,614) width 103: "and lots of data."
                text run at (2,632) width 110: "Lots and lots and"
                text run at (2,650) width 80: "lots of data. "
                text run at (81,650) width 29: "Lots"
                text run at (2,668) width 105: "and lots and lots"
                text run at (2,686) width 52: "of data. "
                text run at (53,686) width 57: "Lots and"
                text run at (2,704) width 95: "lots and lots of"
                text run at (2,722) width 35: "data. "
                text run at (36,722) width 84: "Lots and lots"
                text run at (2,740) width 103: "and lots of data."
                text run at (2,758) width 110: "Lots and lots and"
                text run at (2,776) width 80: "lots of data. "
                text run at (81,776) width 29: "Lots"
                text run at (2,794) width 105: "and lots and lots"
                text run at (2,812) width 52: "of data. "
                text run at (53,812) width 57: "Lots and"
                text run at (2,830) width 95: "lots and lots of"
                text run at (2,848) width 35: "data. "
                text run at (36,848) width 84: "Lots and lots"
                text run at (2,866) width 103: "and lots of data."
                text run at (2,884) width 110: "Lots and lots and"
                text run at (2,902) width 80: "lots of data. "
                text run at (81,902) width 29: "Lots"
                text run at (2,920) width 105: "and lots and lots"
                text run at (2,938) width 52: "of data. "
                text run at (53,938) width 57: "Lots and"
                text run at (2,956) width 95: "lots and lots of"
                text run at (2,974) width 35: "data. "
                text run at (36,974) width 84: "Lots and lots"
                text run at (2,992) width 103: "and lots of data."
                text run at (2,1010) width 110: "Lots and lots and"
                text run at (2,1028) width 80: "lots of data. "
                text run at (81,1028) width 29: "Lots"
                text run at (2,1046) width 105: "and lots and lots"
                text run at (2,1064) width 52: "of data. "
                text run at (53,1064) width 57: "Lots and"
                text run at (2,1082) width 95: "lots and lots of"
                text run at (2,1100) width 35: "data. "
                text run at (36,1100) width 84: "Lots and lots"
                text run at (2,1118) width 103: "and lots of data."
                text run at (2,1136) width 110: "Lots and lots and"
                text run at (2,1154) width 80: "lots of data. "
                text run at (81,1154) width 29: "Lots"
                text run at (2,1172) width 105: "and lots and lots"
                text run at (2,1190) width 52: "of data. "
                text run at (53,1190) width 57: "Lots and"
                text run at (2,1208) width 95: "lots and lots of"
                text run at (2,1226) width 35: "data. "
                text run at (36,1226) width 84: "Lots and lots"
                text run at (2,1244) width 103: "and lots of data."
                text run at (2,1262) width 110: "Lots and lots and"
                text run at (2,1280) width 80: "lots of data. "
                text run at (81,1280) width 29: "Lots"
                text run at (2,1298) width 105: "and lots and lots"
                text run at (2,1316) width 52: "of data. "
                text run at (53,1316) width 57: "Lots and"
                text run at (2,1334) width 95: "lots and lots of"
                text run at (2,1352) width 35: "data. "
                text run at (36,1352) width 84: "Lots and lots"
                text run at (2,1370) width 103: "and lots of data."
                text run at (2,1388) width 110: "Lots and lots and"
                text run at (2,1406) width 80: "lots of data. "
                text run at (81,1406) width 29: "Lots"
                text run at (2,1424) width 105: "and lots and lots"
                text run at (2,1442) width 52: "of data. "
                text run at (53,1442) width 57: "Lots and"
                text run at (2,1460) width 95: "lots and lots of"
                text run at (2,1478) width 35: "data. "
                text run at (36,1478) width 84: "Lots and lots"
                text run at (2,1496) width 103: "and lots of data."
                text run at (2,1514) width 110: "Lots and lots and"
                text run at (2,1532) width 80: "lots of data. "
                text run at (81,1532) width 29: "Lots"
                text run at (2,1550) width 105: "and lots and lots"
                text run at (2,1568) width 52: "of data. "
                text run at (53,1568) width 57: "Lots and"
                text run at (2,1586) width 95: "lots and lots of"
                text run at (2,1604) width 35: "data. "
                text run at (36,1604) width 84: "Lots and lots"
                text run at (2,1622) width 103: "and lots of data."
                text run at (2,1640) width 110: "Lots and lots and"
                text run at (2,1658) width 80: "lots of data. "
                text run at (81,1658) width 29: "Lots"
                text run at (2,1676) width 105: "and lots and lots"
                text run at (2,1694) width 52: "of data. "
                text run at (53,1694) width 57: "Lots and"
                text run at (2,1712) width 95: "lots and lots of"
                text run at (2,1730) width 35: "data. "
                text run at (36,1730) width 84: "Lots and lots"
                text run at (2,1748) width 103: "and lots of data."
                text run at (2,1766) width 110: "Lots and lots and"
                text run at (2,1784) width 80: "lots of data. "
                text run at (81,1784) width 29: "Lots"
                text run at (2,1802) width 105: "and lots and lots"
                text run at (2,1820) width 52: "of data. "
                text run at (53,1820) width 57: "Lots and"
                text run at (2,1838) width 95: "lots and lots of"
                text run at (2,1856) width 35: "data. "
                text run at (36,1856) width 84: "Lots and lots"
                text run at (2,1874) width 103: "and lots of data."
          RenderTableRow {TR} at (0,1898) size 385x22
            RenderTableCell {TD} at (2,1898) size 126x22 [border: (1px solid #000000)] [r=1 c=0 rs=1 cs=1]
              RenderText {#text} at (2,2) size 31x18
                text run at (2,2) width 31: "Data"
            RenderTableCell {TD} at (129,1898) size 126x22 [border: (1px solid #000000)] [r=1 c=1 rs=1 cs=1]
              RenderText {#text} at (2,2) size 31x18
                text run at (2,2) width 31: "Data"
            RenderTableCell {TD} at (257,1898) size 126x22 [border: (1px solid #000000)] [r=1 c=2 rs=1 cs=1]
              RenderText {#text} at (2,2) size 31x18
                text run at (2,2) width 31: "Data"
      RenderBlock {P} at (0,6706) size 769x19
        RenderText {#text} at (0,0) size 199x18
          text run at (0,0) width 199: "This test is still being written..."
      RenderBlock {HR} at (0,6740) size 769x3 [border: (1px inset #000000)]
      RenderBlock {P} at (0,6758) size 769x19
        RenderText {#text} at (0,0) size 59x18
          text run at (0,0) width 59: "(Back to "
        RenderInline {A} at (0,0) size 161x18 [color=#0000EE]
          RenderText {#text} at (58,0) size 161x18
            text run at (58,0) width 161: "CSS Testing Information"
        RenderText {#text} at (218,0) size 9x18
          text run at (218,0) width 9: ", "
        RenderInline {A} at (0,0) size 83x18 [color=#0000EE]
          RenderText {#text} at (226,0) size 83x18
            text run at (226,0) width 83: "David Baron"
        RenderText {#text} at (308,0) size 6x18
          text run at (308,0) width 6: ")"
      RenderBlock {P} at (0,6792) size 769x19
        RenderInline {A} at (0,0) size 32x18 [color=#0000EE]
          RenderText {#text} at (0,0) size 32x18
            text run at (0,0) width 32: "LDB"
        RenderText {#text} at (32,0) size 8x18
          text run at (32,0) width 8: ", "
        RenderInline {A} at (0,0) size 158x18 [color=#0000EE]
          RenderText {#text} at (40,0) size 158x18
            text run at (40,0) width 158: "dbaron@fas.harvard.edu"
