layer at (0,0) size 800x600
  RenderView at (0,0) size 800x600
layer at (0,0) size 800x600
  RenderBlock {HTML} at (0,0) size 800x600
    RenderBody {BODY} at (8,8) size 784x584
      RenderTable {TABLE} at (0,0) size 784x584 [bgcolor=#000000] [border: (1px outset #808080)]
        RenderTableSection {TBODY} at (1,1) size 782x582
          RenderTableRow {TR} at (0,0) size 782x582
            RenderTableCell {TD} at (0,0) size 782x582 [border: (1px inset #808080)] [r=0 c=0 rs=1 cs=1]
              RenderTable {TABLE} at (11,11) size 760x560 [bgcolor=#FFA500] [border: (1px outset #808080)]
                RenderTableSection {TBODY} at (1,1) size 758x558
                  RenderTableRow {TR} at (0,0) size 758x558
                    RenderTableCell {TD} at (0,0) size 758x558 [border: (1px inset #808080)] [r=0 c=0 rs=1 cs=1]
                      RenderTable {TABLE} at (11,11) size 736x536 [bgcolor=#FF0000] [border: (1px outset #808080)]
                        RenderTableSection {TBODY} at (1,1) size 734x534
                          RenderTableRow {TR} at (0,0) size 734x534
                            RenderTableCell {TD} at (0,247) size 734x40 [border: (1px inset #808080)] [r=0 c=0 rs=1 cs=1]
                              RenderText {#text} at (11,11) size 4x18
                                text run at (11,11) width 4: " "
