layer at (0,0) size 800x600
  RenderView at (0,0) size 800x600
layer at (0,0) size 800x600
  RenderBlock {HTML} at (0,0) size 800x600
    RenderBody {BODY} at (8,8) size 784x576 [bgcolor=#FFFFFF]
      RenderBlock {H4} at (0,0) size 784x18
        RenderText {#text} at (0,0) size 540x18
          text run at (0,0) width 540: "TBODY is not correctly positioned when TFOOT is present but THEAD is not:"
      RenderTable {TABLE} at (0,39) size 66x53 [border: (1px outset #808080)]
        RenderTableSection {TFOOT} at (1,27) size 64x24
          RenderTableRow {TR} at (0,0) size 64x22
            RenderTableCell {TD} at (2,0) size 60x22 [border: (1px inset #808080)] [r=0 c=0 rs=1 cs=1]
              RenderText {#text} at (2,2) size 52x18
                text run at (2,2) width 52: "TFOOT"
        RenderTableSection {TBODY} at (1,1) size 64x26
          RenderTableRow {TR} at (0,2) size 64x22
            RenderTableCell {TD} at (2,2) size 60x22 [border: (1px inset #808080)] [r=0 c=0 rs=1 cs=1]
              RenderText {#text} at (2,2) size 56x18
                text run at (2,2) width 56: "TBODY"
      RenderBlock (anonymous) at (0,91) size 784x19
        RenderBR {BR} at (0,0) size 0x18
      RenderTable {TABLE} at (0,109) size 67x77 [border: (1px outset #808080)]
        RenderTableSection {THEAD} at (1,1) size 65x26
          RenderTableRow {TR} at (0,2) size 65x22
            RenderTableCell {TH} at (2,2) size 61x22 [border: (1px inset #808080)] [r=0 c=0 rs=1 cs=1]
              RenderText {#text} at (2,2) size 57x18
                text run at (2,2) width 57: "THEAD"
        RenderTableSection {TFOOT} at (1,51) size 65x24
          RenderTableRow {TR} at (0,0) size 65x22
            RenderTableCell {TD} at (2,0) size 61x22 [border: (1px inset #808080)] [r=0 c=0 rs=1 cs=1]
              RenderText {#text} at (2,2) size 52x18
                text run at (2,2) width 52: "TFOOT"
        RenderTableSection {TBODY} at (1,27) size 65x24
          RenderTableRow {TR} at (0,0) size 65x22
            RenderTableCell {TD} at (2,0) size 61x22 [border: (1px inset #808080)] [r=0 c=0 rs=1 cs=1]
              RenderText {#text} at (2,2) size 56x18
                text run at (2,2) width 56: "TBODY"
      RenderBlock {P} at (0,201) size 784x221
        RenderBlock (anonymous) at (0,0) size 784x18
          RenderText {#text} at (0,0) size 156x18
            text run at (0,0) width 156: "Same as above but with "
          RenderInline {CODE} at (0,0) size 126x15
            RenderText {#text} at (155,2) size 126x15
              text run at (155,2) width 126: "CELLSPACING=\"10\""
          RenderText {#text} at (280,0) size 6x18
            text run at (280,0) width 6: ":"
        RenderTable {TABLE} at (0,18) size 82x76 [border: (1px outset #808080)]
          RenderTableSection {TFOOT} at (1,43) size 80x32
            RenderTableRow {TR} at (0,0) size 80x22
              RenderTableCell {TD} at (10,0) size 60x22 [border: (1px inset #808080)] [r=0 c=0 rs=1 cs=1]
                RenderText {#text} at (2,2) size 52x18
                  text run at (2,2) width 52: "TFOOT"
          RenderTableSection {TBODY} at (1,1) size 80x42
            RenderTableRow {TR} at (0,10) size 80x22
              RenderTableCell {TD} at (10,10) size 60x22 [border: (1px inset #808080)] [r=0 c=0 rs=1 cs=1]
                RenderText {#text} at (2,2) size 56x18
                  text run at (2,2) width 56: "TBODY"
        RenderBlock (anonymous) at (0,94) size 784x18
          RenderBR {BR} at (0,0) size 0x18
        RenderTable {TABLE} at (0,112) size 83x108 [border: (1px outset #808080)]
          RenderTableSection {THEAD} at (1,1) size 81x42
            RenderTableRow {TR} at (0,10) size 81x22
              RenderTableCell {TH} at (10,10) size 61x22 [border: (1px inset #808080)] [r=0 c=0 rs=1 cs=1]
                RenderText {#text} at (2,2) size 57x18
                  text run at (2,2) width 57: "THEAD"
          RenderTableSection {TFOOT} at (1,75) size 81x32
            RenderTableRow {TR} at (0,0) size 81x22
              RenderTableCell {TD} at (10,0) size 61x22 [border: (1px inset #808080)] [r=0 c=0 rs=1 cs=1]
                RenderText {#text} at (2,2) size 52x18
                  text run at (2,2) width 52: "TFOOT"
          RenderTableSection {TBODY} at (1,43) size 81x32
            RenderTableRow {TR} at (0,0) size 81x22
              RenderTableCell {TD} at (10,0) size 61x22 [border: (1px inset #808080)] [r=0 c=0 rs=1 cs=1]
                RenderText {#text} at (2,2) size 56x18
                  text run at (2,2) width 56: "TBODY"
