layer at (0,0) size 800x600
  RenderView at (0,0) size 800x600
layer at (0,0) size 800x600
  RenderBlock {HTML} at (0,0) size 800x600
    RenderBody {BODY} at (8,8) size 784x584
      RenderBlock (anonymous) at (0,0) size 784x18
        RenderText {#text} at (0,0) size 287x18
          text run at (0,0) width 287: "border=\"0\" cellspacing=\"0\" cellpadding=\"0\""
      RenderTable {TABLE} at (0,18) size 784x32 [bgcolor=#DDDD33]
        RenderTableSection {TBODY} at (0,0) size 784x32
          RenderTableRow {TR} at (0,0) size 784x32
            RenderTableCell {TD} at (0,16) size 12x0 [r=0 c=0 rs=1 cs=1]
            RenderTableCell {TD} at (12,0) size 760x32 [r=0 c=1 rs=1 cs=1]
            RenderTableCell {TD} at (772,16) size 12x0 [r=0 c=2 rs=1 cs=1]
      RenderBlock (anonymous) at (0,50) size 784x18
        RenderText {#text} at (0,0) size 211x18
          text run at (0,0) width 211: "cellspacing=\"0\" cellpadding=\"0\""
      RenderTable {TABLE} at (0,68) size 784x32 [bgcolor=#CCCCFF]
        RenderTableSection {TBODY} at (0,0) size 784x32
          RenderTableRow {TR} at (0,0) size 784x32
            RenderTableCell {TD} at (0,16) size 12x0 [r=0 c=0 rs=1 cs=1]
            RenderTableCell {TD} at (12,0) size 760x32 [r=0 c=1 rs=1 cs=1]
            RenderTableCell {TD} at (772,16) size 12x0 [r=0 c=2 rs=1 cs=1]
      RenderBlock (anonymous) at (0,100) size 784x18
        RenderText {#text} at (0,0) size 105x18
          text run at (0,0) width 105: "cellpadding=\"0\""
      RenderTable {TABLE} at (0,118) size 784x36 [bgcolor=#FF9999]
        RenderTableSection {TBODY} at (0,0) size 784x36
          RenderTableRow {TR} at (0,2) size 784x32
            RenderTableCell {TD} at (2,18) size 12x0 [r=0 c=0 rs=1 cs=1]
            RenderTableCell {TD} at (16,2) size 752x32 [r=0 c=1 rs=1 cs=1]
            RenderTableCell {TD} at (770,18) size 12x0 [r=0 c=2 rs=1 cs=1]
      RenderBlock (anonymous) at (0,154) size 784x18
        RenderText {#text} at (0,0) size 181x18
          text run at (0,0) width 181: "border=\"0\" cellpadding=\"0\""
      RenderTable {TABLE} at (0,172) size 784x36 [bgcolor=#AAEEBB]
        RenderTableSection {TBODY} at (0,0) size 784x36
          RenderTableRow {TR} at (0,2) size 784x32
            RenderTableCell {TD} at (2,18) size 12x0 [r=0 c=0 rs=1 cs=1]
            RenderTableCell {TD} at (16,2) size 752x32 [r=0 c=1 rs=1 cs=1]
            RenderTableCell {TD} at (770,18) size 12x0 [r=0 c=2 rs=1 cs=1]
      RenderBlock (anonymous) at (0,208) size 784x18
        RenderInline {FONT} at (0,0) size 31x18 [color=#0000FF]
          RenderText {#text} at (0,0) size 31x18
            text run at (0,0) width 31: "right"
        RenderText {#text} at (30,0) size 77x18
          text run at (30,0) width 77: " border=\"0\""
      RenderTable {TABLE} at (0,226) size 784x38 [bgcolor=#FFCCEE]
        RenderTableSection {TBODY} at (0,0) size 784x38
          RenderTableRow {TR} at (0,2) size 784x34
            RenderTableCell {TD} at (2,18) size 14x2 [r=0 c=0 rs=1 cs=1]
            RenderTableCell {TD} at (18,2) size 748x34 [r=0 c=1 rs=1 cs=1]
            RenderTableCell {TD} at (768,18) size 14x2 [r=0 c=2 rs=1 cs=1]
      RenderBlock (anonymous) at (0,264) size 784x18
        RenderInline {FONT} at (0,0) size 31x18 [color=#0000FF]
          RenderText {#text} at (0,0) size 31x18
            text run at (0,0) width 31: "right"
        RenderText {#text} at (30,0) size 109x18
          text run at (30,0) width 109: " cellpadding=\"1\""
      RenderTable {TABLE} at (0,282) size 784x38 [bgcolor=#66DDFF]
        RenderTableSection {TBODY} at (0,0) size 784x38
          RenderTableRow {TR} at (0,2) size 784x34
            RenderTableCell {TD} at (2,18) size 14x2 [r=0 c=0 rs=1 cs=1]
            RenderTableCell {TD} at (18,2) size 748x34 [r=0 c=1 rs=1 cs=1]
            RenderTableCell {TD} at (768,18) size 14x2 [r=0 c=2 rs=1 cs=1]
      RenderBlock (anonymous) at (0,320) size 784x18
        RenderInline {FONT} at (0,0) size 31x18 [color=#0000FF]
          RenderText {#text} at (0,0) size 31x18
            text run at (0,0) width 31: "right"
        RenderText {#text} at (30,0) size 291x18
          text run at (30,0) width 291: " border=\"1\" cellspacing=\"0\" cellpadding=\"0\""
      RenderTable {TABLE} at (0,338) size 784x36 [bgcolor=#EEEEEE] [border: (1px outset #808080)]
        RenderTableSection {TBODY} at (1,1) size 782x34
          RenderTableRow {TR} at (0,0) size 782x34
            RenderTableCell {TD} at (0,16) size 14x2 [border: (1px inset #808080)] [r=0 c=0 rs=1 cs=1]
            RenderTableCell {TD} at (14,0) size 754x34 [border: (1px inset #808080)] [r=0 c=1 rs=1 cs=1]
            RenderTableCell {TD} at (768,16) size 14x2 [border: (1px inset #808080)] [r=0 c=2 rs=1 cs=1]
      RenderBlock (anonymous) at (0,374) size 784x18
        RenderInline {FONT} at (0,0) size 31x18 [color=#0000FF]
          RenderText {#text} at (0,0) size 31x18
            text run at (0,0) width 31: "right"
        RenderText {#text} at (30,0) size 183x18
          text run at (30,0) width 183: " border=\"1\" cellspacing=\"0\""
      RenderTable {TABLE} at (0,392) size 784x38 [bgcolor=#FFCC66] [border: (1px outset #808080)]
        RenderTableSection {TBODY} at (1,1) size 782x36
          RenderTableRow {TR} at (0,0) size 782x36
            RenderTableCell {TD} at (0,16) size 16x4 [border: (1px inset #808080)] [r=0 c=0 rs=1 cs=1]
            RenderTableCell {TD} at (16,0) size 750x36 [border: (1px inset #808080)] [r=0 c=1 rs=1 cs=1]
            RenderTableCell {TD} at (766,16) size 16x4 [border: (1px inset #808080)] [r=0 c=2 rs=1 cs=1]
      RenderBlock (anonymous) at (0,430) size 784x18
        RenderInline {FONT} at (0,0) size 31x18 [color=#0000FF]
          RenderText {#text} at (0,0) size 31x18
            text run at (0,0) width 31: "right"
        RenderText {#text} at (30,0) size 77x18
          text run at (30,0) width 77: " border=\"1\""
      RenderTable {TABLE} at (0,448) size 784x42 [bgcolor=#CCFF33] [border: (1px outset #808080)]
        RenderTableSection {TBODY} at (1,1) size 782x40
          RenderTableRow {TR} at (0,2) size 782x36
            RenderTableCell {TD} at (2,18) size 16x4 [border: (1px inset #808080)] [r=0 c=0 rs=1 cs=1]
            RenderTableCell {TD} at (20,2) size 742x36 [border: (1px inset #808080)] [r=0 c=1 rs=1 cs=1]
            RenderTableCell {TD} at (764,18) size 16x4 [border: (1px inset #808080)] [r=0 c=2 rs=1 cs=1]
layer at (20,26) size 760x32 clip at (21,27) size 758x30
  RenderTextControl {TEXTAREA} at (0,0) size 760x32 [bgcolor=#FFFFFF] [border: (1px solid #000000)]
    RenderBlock {DIV} at (3,3) size 754x13
      RenderText {#text} at (0,0) size 21x13
        text run at (0,0) width 21: "test"
layer at (20,76) size 760x32 clip at (21,77) size 758x30
  RenderTextControl {TEXTAREA} at (0,0) size 760x32 [bgcolor=#FFFFFF] [border: (1px solid #000000)]
    RenderBlock {DIV} at (3,3) size 754x13
      RenderText {#text} at (0,0) size 21x13
        text run at (0,0) width 21: "test"
layer at (24,128) size 752x32 clip at (25,129) size 750x30
  RenderTextControl {TEXTAREA} at (0,0) size 752x32 [bgcolor=#FFFFFF] [border: (1px solid #000000)]
    RenderBlock {DIV} at (3,3) size 746x13
      RenderText {#text} at (0,0) size 21x13
        text run at (0,0) width 21: "test"
layer at (24,182) size 752x32 clip at (25,183) size 750x30
  RenderTextControl {TEXTAREA} at (0,0) size 752x32 [bgcolor=#FFFFFF] [border: (1px solid #000000)]
    RenderBlock {DIV} at (3,3) size 746x13
      RenderText {#text} at (0,0) size 21x13
        text run at (0,0) width 21: "test"
layer at (27,237) size 746x32 clip at (28,238) size 744x30
  RenderTextControl {TEXTAREA} at (1,1) size 746x32 [bgcolor=#FFFFFF] [border: (1px solid #000000)]
    RenderBlock {DIV} at (3,3) size 740x13
      RenderText {#text} at (0,0) size 21x13
        text run at (0,0) width 21: "test"
layer at (27,293) size 746x32 clip at (28,294) size 744x30
  RenderTextControl {TEXTAREA} at (1,1) size 746x32 [bgcolor=#FFFFFF] [border: (1px solid #000000)]
    RenderBlock {DIV} at (3,3) size 740x13
      RenderText {#text} at (0,0) size 21x13
        text run at (0,0) width 21: "test"
layer at (24,348) size 752x32 clip at (25,349) size 750x30
  RenderTextControl {TEXTAREA} at (1,1) size 752x32 [bgcolor=#FFFFFF] [border: (1px solid #000000)]
    RenderBlock {DIV} at (3,3) size 746x13
      RenderText {#text} at (0,0) size 21x13
        text run at (0,0) width 21: "test"
layer at (27,403) size 746x32 clip at (28,404) size 744x30
  RenderTextControl {TEXTAREA} at (2,2) size 746x32 [bgcolor=#FFFFFF] [border: (1px solid #000000)]
    RenderBlock {DIV} at (3,3) size 740x13
      RenderText {#text} at (0,0) size 21x13
        text run at (0,0) width 21: "test"
layer at (31,461) size 738x32 clip at (32,462) size 736x30
  RenderTextControl {TEXTAREA} at (2,2) size 738x32 [bgcolor=#FFFFFF] [border: (1px solid #000000)]
    RenderBlock {DIV} at (3,3) size 732x13
      RenderText {#text} at (0,0) size 21x13
        text run at (0,0) width 21: "test"
