layer at (0,0) size 800x600
  RenderView at (0,0) size 800x600
layer at (0,0) size 800x600
  RenderBlock {HTML} at (0,0) size 800x600
    RenderBody {BODY} at (8,8) size 784x584
      RenderTable {TABLE} at (0,0) size 784x24
        RenderTableSection {TBODY} at (0,0) size 784x24
          RenderTableRow {TR} at (0,2) size 784x20
            RenderTableCell {TD} at (2,2) size 629x20 [r=0 c=0 rs=1 cs=1]
            RenderTableCell {TD} at (632,2) size 151x20 [r=0 c=1 rs=1 cs=1]
              RenderText {#text} at (1,1) size 23x18
                text run at (1,1) width 23: "test"
layer at (274,11) size 100x18
  RenderBlock {DIV} at (264,1) size 101x18
    RenderText {#text} at (0,0) size 56x18
      text run at (0,0) width 56: "ddddddd"
