layer at (0,0) size 800x600
  RenderView at (0,0) size 800x600
layer at (0,0) size 800x40
  RenderBlock {HTML} at (0,0) size 800x40
    RenderBody {BODY} at (8,8) size 784x24
      RenderTable {TABLE} at (0,0) size 107x24
        RenderTableSection {TBODY} at (0,0) size 107x24
          RenderTableRow {TR} at (0,2) size 107x20
            RenderTableCell {TD} at (2,2) size 29x20 [r=0 c=0 rs=1 cs=1]
              RenderText {#text} at (1,1) size 27x18
                text run at (1,1) width 27: "One"
            RenderTableCell {TD} at (32,2) size 31x20 [r=0 c=1 rs=1 cs=1]
              RenderText {#text} at (1,1) size 29x18
                text run at (1,1) width 29: "Two"
            RenderTableCell {TD} at (64,2) size 41x20 [r=0 c=2 rs=1 cs=1]
              RenderText {#text} at (1,1) size 38x18
                text run at (1,1) width 38: "Three"
