layer at (0,0) size 800x600
  RenderView at (0,0) size 800x600
layer at (0,0) size 800x600
  RenderBlock {HTML} at (0,0) size 800x600
    RenderBody {BODY} at (8,8) size 784x584
      RenderBlock (anonymous) at (0,0) size 784x18
        RenderText {#text} at (0,0) size 201x18
          text run at (0,0) width 201: "The simplified original testcase"
      RenderBlock {P} at (0,34) size 784x92
        RenderTable {TABLE} at (0,0) size 640x92 [border: (1px outset #808080)]
          RenderTableSection {TBODY} at (1,1) size 638x90
            RenderTableRow {TR} at (0,2) size 638x62
              RenderTableCell {TD} at (2,2) size 635x62 [border: (1px inset #808080)] [r=0 c=0 rs=1 cs=2]
                RenderImage {IMG} at (2,2) size 600x58
            RenderTableRow {TR} at (0,66) size 638x22
              RenderTableCell {TD} at (2,66) size 127x22 [border: (1px inset #808080)] [r=1 c=0 rs=1 cs=1]
                RenderText {#text} at (2,2) size 58x18
                  text run at (2,2) width 58: "MC Visa"
              RenderTableCell {TD} at (130,66) size 507x22 [border: (1px inset #808080)] [r=1 c=1 rs=1 cs=1]
                RenderText {#text} at (2,2) size 48x18
                  text run at (2,2) width 48: "SLmail"
      RenderBlock (anonymous) at (0,152) size 784x18
        RenderText {#text} at (0,0) size 416x18
          text run at (0,0) width 416: "The simplified original testcase with image size reduced to190px"
      RenderBlock {P} at (0,186) size 784x53
        RenderTable {TABLE} at (0,0) size 640x53 [border: (1px outset #808080)]
          RenderTableSection {TBODY} at (1,1) size 638x51
            RenderTableRow {TR} at (0,2) size 638x23
              RenderTableCell {TD} at (2,2) size 635x23 [border: (1px inset #808080)] [r=0 c=0 rs=1 cs=2]
                RenderImage {IMG} at (2,2) size 190x19
            RenderTableRow {TR} at (0,26) size 638x23
              RenderTableCell {TD} at (2,26) size 127x23 [border: (1px inset #808080)] [r=1 c=0 rs=1 cs=1]
                RenderText {#text} at (2,2) size 58x18
                  text run at (2,2) width 58: "MC Visa"
              RenderTableCell {TD} at (130,26) size 507x23 [border: (1px inset #808080)] [r=1 c=1 rs=1 cs=1]
                RenderText {#text} at (2,2) size 48x18
                  text run at (2,2) width 48: "SLmail"
      RenderBlock (anonymous) at (0,264) size 784x19
        RenderText {#text} at (0,0) size 150x18
          text run at (0,0) width 150: "Testcase without image"
      RenderBlock {P} at (0,298) size 784x71
        RenderTable {TABLE} at (0,0) size 640x70 [border: (1px outset #808080)]
          RenderTableSection {TBODY} at (1,1) size 638x68
            RenderTableRow {TR} at (0,2) size 638x40
              RenderTableCell {TD} at (2,2) size 635x40 [border: (1px inset #808080)] [r=0 c=0 rs=1 cs=2]
                RenderText {#text} at (2,2) size 612x36
                  text run at (2,2) width 612: "text text text text text text text text text text text text text text text text text text text text text text"
                  text run at (2,20) width 192: "text text text text text text text"
            RenderTableRow {TR} at (0,44) size 638x22
              RenderTableCell {TD} at (2,44) size 127x22 [border: (1px inset #808080)] [r=1 c=0 rs=1 cs=1]
                RenderText {#text} at (2,2) size 58x18
                  text run at (2,2) width 58: "MC Visa"
              RenderTableCell {TD} at (130,44) size 507x22 [border: (1px inset #808080)] [r=1 c=1 rs=1 cs=1]
                RenderText {#text} at (2,2) size 48x18
                  text run at (2,2) width 48: "SLmail"
layer at (8,150) size 130x2 clip at (0,0) size 0x0
  RenderBlock {HR} at (0,142) size 130x2 [color=#808080] [border: (1px inset #808080)]
layer at (8,262) size 130x2 clip at (0,0) size 0x0
  RenderBlock {HR} at (0,254) size 130x3 [color=#808080] [border: (1px inset #808080)]
layer at (8,392) size 130x2 clip at (0,0) size 0x0
  RenderBlock {HR} at (0,384) size 130x3 [color=#808080] [border: (1px inset #808080)]
