layer at (0,0) size 800x600
  RenderView at (0,0) size 800x600
layer at (0,0) size 800x600
  RenderBlock {HTML} at (0,0) size 800x600
    RenderBody {BODY} at (8,8) size 784x584
      RenderBlock (anonymous) at (0,0) size 784x18
        RenderText {#text} at (0,0) size 134x18
          text run at (0,0) width 134: "and the page works.)"
      RenderTable {TABLE} at (0,18) size 196x52 [border: (1px outset #808080)]
        RenderTableSection {TBODY} at (1,1) size 194x50
          RenderTableRow {TR} at (0,2) size 194x22
            RenderTableCell {TD} at (2,2) size 100x22 [border: (1px inset #808080)] [r=0 c=0 rs=1 cs=1]
              RenderText {#text} at (2,2) size 53x18
                text run at (2,2) width 53: "img-cap"
            RenderTableCell {TD} at (103,5) size 89x40 [border: (1px inset #808080)] [r=0 c=1 rs=2 cs=1]
              RenderText {#text} at (2,2) size 81x18
                text run at (2,2) width 81: "img-features"
              RenderBR {BR} at (82,2) size 1x18
              RenderText {#text} at (2,20) size 85x18
                text run at (2,20) width 85: "img-holidays"
              RenderBR {BR} at (86,20) size 1x18
          RenderTableRow {TR} at (0,26) size 194x22
            RenderTableCell {TD} at (2,26) size 100x22 [border: (1px inset #808080)] [r=1 c=0 rs=1 cs=1]
              RenderText {#text} at (2,2) size 96x18
                text run at (2,2) width 96: "img-projo.com"
