layer at (0,0) size 800x600
  RenderView at (0,0) size 800x600
layer at (0,0) size 800x600
  RenderBlock {HTML} at (0,0) size 800x600
    RenderBody {BODY} at (8,8) size 784x576
      RenderBlock {FORM} at (0,0) size 784x194
        RenderTable {TABLE} at (0,10) size 600x184
          RenderTableSection {TBODY} at (0,0) size 600x184
            RenderTableRow {TR} at (0,2) size 600x44
              RenderTableCell {TD} at (2,2) size 595x44 [r=0 c=0 rs=1 cs=3]
                RenderImage {IMG} at (7,1) size 580x42
                RenderText {#text} at (0,0) size 0x0
            RenderTableRow {TR} at (0,48) size 600x55
              RenderTableCell {TD} at (2,57) size 595x37 [bgcolor=#99CCCC] [r=1 c=0 rs=1 cs=3]
                RenderInline {FONT} at (0,0) size 128x16
                  RenderInline {B} at (0,0) size 128x16
                    RenderText {#text} at (54,2) size 128x17
                      text run at (54,3) width 128: "Search the Web with"
                RenderText {#text} at (181,0) size 5x20
                  text run at (181,1) width 5: " "
                RenderMenuList {SELECT} at (185,2) size 82x18 [bgcolor=#FFFFFF]
                  RenderBlock (anonymous) at (0,0) size 81x18
                    RenderText at (8,2) size 50x13
                      text run at (8,2) width 50: "Netscape"
                RenderTextControl {INPUT} at (266,1) size 218x19 [bgcolor=#FFFFFF] [border: (2px inset #000000)]
                RenderText {#text} at (483,0) size 5x20
                  text run at (483,1) width 5: " "
                RenderButton {INPUT} at (487,2) size 53x18 [color=#000000D8] [bgcolor=#C0C0C0] [border: none (2px outset #C0C0C0) none (2px outset #C0C0C0)]
                  RenderBlock (anonymous) at (8,2) size 37x13
                    RenderText at (0,0) size 37x13
                      text run at (0,0) width 37: "Search"
                RenderBR {BR} at (539,0) size 1x20
                RenderInline {SMALL} at (0,0) size 554x16
                  RenderInline {A} at (0,0) size 98x16 [color=#0000EE]
                    RenderText {#text} at (20,19) size 98x17
                      text run at (20,20) width 98: "Classifieds< /A>   "
                  RenderInline {A} at (0,0) size 58x16 [color=#0000EE]
                    RenderText {#text} at (117,19) size 58x17
                      text run at (117,20) width 23: "Net "
                      text run at (139,20) width 36: "Search"
                  RenderText {#text} at (174,19) size 11x17
                    text run at (174,20) width 11: "   "
                  RenderInline {A} at (0,0) size 80x16 [color=#0000EE]
                    RenderText {#text} at (184,19) size 80x17
                      text run at (184,20) width 55: "Find Web "
                      text run at (238,20) width 26: "Sites"
                  RenderText {#text} at (263,19) size 11x17
                    text run at (263,20) width 5: " "
                    text run at (267,20) width 7: "  "
                  RenderInline {A} at (0,0) size 65x16 [color=#0000EE]
                    RenderText {#text} at (273,19) size 65x17
                      text run at (273,20) width 40: "What's "
                      text run at (312,20) width 26: "Cool"
                  RenderText {#text} at (337,19) size 11x17
                    text run at (337,20) width 11: "   "
                  RenderInline {A} at (0,0) size 64x16 [color=#0000EE]
                    RenderText {#text} at (347,19) size 64x17
                      text run at (347,20) width 64: "What's New"
                  RenderText {#text} at (410,19) size 11x17
                    text run at (410,20) width 11: "   "
                  RenderInline {A} at (0,0) size 74x16 [color=#0000EE]
                    RenderText {#text} at (420,19) size 74x17
                      text run at (420,20) width 74: "People Finder"
                  RenderText {#text} at (493,19) size 10x17
                    text run at (493,20) width 10: "   "
                  RenderInline {A} at (0,0) size 72x16 [color=#0000EE]
                    RenderText {#text} at (502,19) size 72x17
                      text run at (502,20) width 72: "Yellow Pages"
                  RenderText {#text} at (0,0) size 0x0
                RenderText {#text} at (0,0) size 0x0
            RenderTableRow {TR} at (0,105) size 600x50
              RenderTableCell {TD} at (2,114) size 160x32 [r=2 c=0 rs=1 cs=1]
                RenderInline {A} at (0,0) size 118x33 [color=#0000EE]
                  RenderInline {FONT} at (0,0) size 118x30 [color=#CC0033]
                    RenderText {#text} at (21,1) size 118x30
                      text run at (21,1) width 118: "Download Netscape"
                      text run at (26,16) width 107: "Communicator 4.5"
              RenderTableCell {TD} at (163,105) size 272x50 [r=2 c=1 rs=1 cs=1]
                RenderInline {A} at (0,0) size 233x28 [color=#0000EE]
                  RenderImage {IMG} at (19,1) size 233x35 [border: (1px solid #0000EE)]
                  RenderBR {BR} at (251,22) size 1x18
                  RenderInline {FONT} at (0,0) size 48x13
                    RenderText {#text} at (111,36) size 48x13
                      text run at (111,36) width 48: "Click Here!"
                RenderBR {BR} at (158,32) size 1x18
              RenderTableCell {TD} at (436,121) size 161x18 [r=2 c=2 rs=1 cs=1]
                RenderInline {A} at (0,0) size 132x19 [color=#0000EE]
                  RenderInline {FONT} at (0,0) size 132x16 [color=#0066FF]
                    RenderText {#text} at (14,0) size 132x17
                      text run at (14,1) width 132: "Hassle-Free Upgrades"
                RenderText {#text} at (0,0) size 0x0
            RenderTableRow {TR} at (0,157) size 600x20
              RenderTableCell {TD} at (2,157) size 595x20 [r=3 c=0 rs=1 cs=3]
                RenderInline {A} at (0,0) size 50x18 [color=#0000EE]
                  RenderInline {FONT} at (0,0) size 50x15 [color=#0066FF]
                    RenderInline {B} at (0,0) size 50x15
                      RenderText {#text} at (21,3) size 50x15
                        text run at (21,3) width 50: "Contact"
                RenderText {#text} at (70,1) size 13x18
                  text run at (70,1) width 13: " : "
                RenderInline {SMALL} at (0,0) size 491x15
                  RenderInline {A} at (0,0) size 75x15 [color=#0000EE]
                    RenderText {#text} at (82,3) size 75x15
                      text run at (82,3) width 75: "Address Book"
                  RenderText {#text} at (156,3) size 12x15
                    text run at (156,3) width 12: " - "
                  RenderInline {A} at (0,0) size 63x15 [color=#0000EE]
                    RenderText {#text} at (167,3) size 63x15
                      text run at (167,3) width 63: "Discussions"
                  RenderText {#text} at (229,3) size 12x15
                    text run at (229,3) width 12: " - "
                  RenderInline {A} at (0,0) size 96x15 [color=#0000EE]
                    RenderText {#text} at (240,3) size 96x15
                      text run at (240,3) width 96: "Instant Messenger"
                  RenderText {#text} at (335,3) size 12x15
                    text run at (335,3) width 12: " - "
                  RenderInline {A} at (0,0) size 77x15 [color=#0000EE]
                    RenderText {#text} at (346,3) size 77x15
                      text run at (346,3) width 77: "Long Distance"
                  RenderText {#text} at (422,3) size 12x15
                    text run at (422,3) width 12: " - "
                  RenderInline {A} at (0,0) size 50x15 [color=#0000EE]
                    RenderText {#text} at (433,3) size 50x15
                      text run at (433,3) width 50: "Members"
                  RenderText {#text} at (482,3) size 12x15
                    text run at (482,3) width 12: " - "
                  RenderInline {A} at (0,0) size 80x15 [color=#0000EE]
                    RenderText {#text} at (493,3) size 80x15
                      text run at (493,3) width 80: "WebMail< /A>"
                RenderInline {A} at (0,0) size 0x18 [color=#0000EE]
                  RenderText {#text} at (0,0) size 0x0
            RenderTableRow {TR} at (0,179) size 600x3
              RenderTableCell {TD} at (2,179) size 597x3 [bgcolor=#99CCCC] [r=4 c=0 rs=1 cs=4]
                RenderTable {TABLE} at (1,1) size 0x1
                  RenderTableSection {TBODY} at (0,0) size 0x1
                    RenderTableRow {TR} at (0,0) size 0x1
                      RenderTableCell {TD} at (0,0) size 0x0 [r=0 c=0 rs=1 cs=1]
layer at (8,8) size 602x2 clip at (0,0) size 0x0
  RenderBlock {HR} at (0,0) size 602x2 [border: (1px inset #000000)]
layer at (279,80) size 211x13
  RenderBlock {DIV} at (3,3) size 211x13
