layer at (0,0) size 800x600
  RenderView at (0,0) size 800x600
layer at (0,0) size 800x600
  RenderBlock {HTML} at (0,0) size 800x600
    RenderBody {BODY} at (8,8) size 784x584
      RenderTable {TABLE} at (0,0) size 784x584 [border: (1px outset #808080)]
        RenderTableSection {TBODY} at (1,1) size 782x582
          RenderTableRow {TR} at (0,2) size 782x50
            RenderTableCell {TD} at (2,2) size 778x22 [border: (1px inset #808080)] [r=0 c=0 rs=1 cs=1]
              RenderBlock {CENTER} at (2,2) size 774x18
                RenderText {#text} at (365,0) size 44x18
                  text run at (365,0) width 44: "abcdef"
          RenderTableRow {TR} at (0,54) size 782x526
            RenderTableCell {TD} at (2,54) size 778x526 [border: (1px inset #808080)] [r=1 c=0 rs=1 cs=1]
layer at (13,65) size 756x522 clip at (16,68) size 750x501 scrollWidth 900
  RenderBlock {DIV} at (2,2) size 756x522 [border: (3px solid #000000)]
    RenderBlock {CENTER} at (3,3) size 750x150
      RenderTable {TABLE} at (0,0) size 900x150
        RenderTableSection {TBODY} at (0,0) size 900x150
          RenderTableRow {TR} at (0,2) size 900x146
            RenderTableCell {TD} at (2,2) size 896x146 [r=0 c=0 rs=1 cs=1]
              RenderText {#text} at (1,1) size 42x18
                text run at (1,1) width 42: "Line 1"
              RenderBR {BR} at (42,1) size 1x18
              RenderText {#text} at (1,19) size 42x18
                text run at (1,19) width 42: "Line 2"
              RenderBR {BR} at (42,19) size 1x18
              RenderText {#text} at (1,37) size 42x18
                text run at (1,37) width 42: "Line 3"
              RenderBR {BR} at (42,37) size 1x18
              RenderText {#text} at (1,55) size 42x18
                text run at (1,55) width 42: "Line 4"
              RenderBR {BR} at (42,55) size 1x18
              RenderText {#text} at (1,73) size 42x18
                text run at (1,73) width 42: "Line 5"
              RenderBR {BR} at (42,73) size 1x18
              RenderText {#text} at (1,91) size 42x18
                text run at (1,91) width 42: "Line 6"
              RenderBR {BR} at (42,91) size 1x18
              RenderText {#text} at (1,109) size 42x18
                text run at (1,109) width 42: "Line 7"
              RenderBR {BR} at (42,109) size 1x18
              RenderText {#text} at (1,127) size 42x18
                text run at (1,127) width 42: "Line 8"
              RenderBR {BR} at (42,127) size 1x18
