layer at (0,0) size 800x600
  RenderView at (0,0) size 800x600
layer at (0,0) size 800x600
  RenderBlock {HTML} at (0,0) size 800x600
    RenderBody {BODY} at (8,8) size 784x584
      RenderTable {TABLE} at (0,0) size 450x104 [border: (1px solid #000000)]
        RenderTableSection {TBODY} at (1,1) size 448x102
          RenderTableRow {TR} at (0,2) size 448x98
            RenderTableCell {TD} at (2,2) size 444x98 [r=0 c=0 rs=1 cs=1]
              RenderTable {TABLE} at (1,1) size 442x26 [border: (1px solid #FF0000)]
                RenderTableSection {TBODY} at (1,1) size 440x24
                  RenderTableRow {TR} at (0,2) size 440x20
                    RenderTableCell {TD} at (2,2) size 436x20 [r=0 c=0 rs=1 cs=1]
                      RenderText {#text} at (1,1) size 23x18
                        text run at (1,1) width 23: "test"
              RenderTable {TABLE} at (1,27) size 438x70 [border: (1px solid #000000)]
                RenderTableSection {TBODY} at (1,1) size 436x68
                  RenderTableRow {TR} at (0,2) size 436x64
                    RenderTableCell {TD} at (2,2) size 432x64 [r=0 c=0 rs=1 cs=1]
                      RenderTable {TABLE} at (1,1) size 315x62 [border: (1px solid #000000)]
                        RenderTableSection {TBODY} at (1,1) size 313x60
                          RenderTableRow {TR} at (0,2) size 313x56
                            RenderTableCell {TD} at (2,2) size 309x56 [r=0 c=0 rs=1 cs=1]
                              RenderImage {IMG} at (1,6) size 9x9
                              RenderText {#text} at (10,1) size 131x18
                                text run at (10,1) width 131: " Shop Till You Drop"
                              RenderBR {BR} at (140,1) size 1x18
                              RenderText {#text} at (1,19) size 281x18
                                text run at (1,19) width 281: "From Regina Lewis, AOL's Online Advisor"
                              RenderBR {BR} at (281,19) size 1x18
                              RenderImage {IMG} at (1,42) size 9x9
                              RenderText {#text} at (10,37) size 298x18
                                text run at (10,37) width 298: " Forget Dates? Don't Worry We'll Remind You"
                              RenderBR {BR} at (307,37) size 1x18
