layer at (0,0) size 800x600
  RenderView at (0,0) size 800x600
layer at (0,0) size 800x600
  RenderBlock {HTML} at (0,0) size 800x600
    RenderBody {BODY} at (8,8) size 784x584
      RenderBlock (anonymous) at (0,0) size 784x18
        RenderText {#text} at (0,0) size 4x18
          text run at (0,0) width 4: " "
      RenderTable {TABLE} at (0,18) size 213x92 [border: (3px solid #0000BB)]
        RenderBlock {CAPTION} at (0,0) size 213x36
          RenderText {#text} at (9,0) size 195x36
            text run at (9,0) width 195: "Testing BORDERCOLOR tag"
            text run at (25,18) width 163: "the border shood be blue."
        RenderTableSection {TBODY} at (3,39) size 207x50
          RenderTableRow {TR} at (0,2) size 207x22
            RenderTableCell {TD} at (2,2) size 36x22 [border: (1px solid #0000BB)] [r=0 c=0 rs=1 cs=1]
              RenderText {#text} at (2,2) size 32x18
                text run at (2,2) width 32: "mike"
            RenderTableCell {TD} at (40,2) size 29x22 [border: (1px solid #0000BB)] [r=0 c=1 rs=1 cs=1]
              RenderText {#text} at (2,2) size 25x18
                text run at (2,2) width 25: "was"
            RenderTableCell {TD} at (70,2) size 33x22 [border: (1px solid #0000BB)] [r=0 c=2 rs=1 cs=1]
              RenderText {#text} at (2,2) size 28x18
                text run at (2,2) width 28: "here"
            RenderTableCell {TD} at (104,2) size 37x22 [border: (1px solid #0000BB)] [r=0 c=3 rs=1 cs=1]
              RenderText {#text} at (2,2) size 32x18
                text run at (2,2) width 32: "mike"
            RenderTableCell {TD} at (142,2) size 30x22 [border: (1px solid #0000BB)] [r=0 c=4 rs=1 cs=1]
              RenderText {#text} at (2,2) size 25x18
                text run at (2,2) width 25: "was"
            RenderTableCell {TD} at (173,2) size 32x22 [border: (1px solid #0000BB)] [r=0 c=5 rs=1 cs=1]
              RenderText {#text} at (2,2) size 28x18
                text run at (2,2) width 28: "here"
          RenderTableRow {TR} at (0,26) size 207x22
            RenderTableCell {TD} at (2,26) size 36x22 [border: (1px solid #0000BB)] [r=1 c=0 rs=1 cs=1]
              RenderText {#text} at (2,2) size 32x18
                text run at (2,2) width 32: "mike"
            RenderTableCell {TD} at (40,26) size 29x22 [border: (1px solid #0000BB)] [r=1 c=1 rs=1 cs=1]
              RenderText {#text} at (2,2) size 25x18
                text run at (2,2) width 25: "was"
            RenderTableCell {TD} at (70,26) size 33x22 [border: (1px solid #0000BB)] [r=1 c=2 rs=1 cs=1]
              RenderText {#text} at (2,2) size 28x18
                text run at (2,2) width 28: "here"
            RenderTableCell {TD} at (104,26) size 37x22 [border: (1px solid #0000BB)] [r=1 c=3 rs=1 cs=1]
              RenderText {#text} at (2,2) size 32x18
                text run at (2,2) width 32: "mike"
            RenderTableCell {TD} at (142,26) size 30x22 [border: (1px solid #0000BB)] [r=1 c=4 rs=1 cs=1]
              RenderText {#text} at (2,2) size 25x18
                text run at (2,2) width 25: "was"
            RenderTableCell {TD} at (173,26) size 32x22 [border: (1px solid #0000BB)] [r=1 c=5 rs=1 cs=1]
              RenderText {#text} at (2,2) size 28x18
                text run at (2,2) width 28: "here"
