layer at (0,0) size 800x600
  RenderView at (0,0) size 800x600
layer at (0,0) size 800x600
  RenderBlock {HTML} at (0,0) size 800x600
    RenderBody {BODY} at (8,8) size 784x584
      RenderTable {TABLE} at (0,0) size 600x115
        RenderTableSection {TBODY} at (0,0) size 600x115
          RenderTableRow {TR} at (0,0) size 600x115
            RenderTableCell {TD} at (0,0) size 600x115 [r=0 c=0 rs=1 cs=1]
              RenderBlock (anonymous) at (0,0) size 600x54
                RenderBR {BR} at (300,0) size 0x18
                RenderBR {BR} at (300,18) size 0x18
                RenderBR {BR} at (300,36) size 0x18
              RenderTable {TABLE} at (0,54) size 600x61 [border: (1px outset #808080)]
                RenderTableSection {TBODY} at (1,1) size 598x59
                  RenderTableRow {TR} at (0,0) size 598x59
                    RenderTableCell {TD} at (0,0) size 299x59 [border: (1px inset #808080)] [r=0 c=0 rs=1 cs=1]
                      RenderTable {TABLE} at (1,1) size 297x57
                        RenderTableSection {TBODY} at (0,0) size 297x57
                          RenderTableRow {TR} at (0,1) size 297x18 [bgcolor=#CD9944]
                            RenderTableCell {TD} at (1,1) size 107x18 [r=0 c=0 rs=1 cs=1]
                              RenderInline {FONT} at (3,3) size 39x12 [color=#FFFFFF]
                                RenderText {#text} at (3,3) size 39x12
                                  text run at (3,3) width 39: "Funktion"
                          RenderTableRow {TR} at (0,19) size 297x18 [bgcolor=#E7E7AD]
                            RenderTableCell {TD} at (1,19) size 107x18 [r=1 c=0 rs=1 cs=1]
                              RenderInline {FONT} at (3,3) size 63x12
                                RenderText {#text} at (3,3) size 63x12
                                  text run at (3,3) width 63: "Umlaufrendite"
                          RenderTableRow {TR} at (0,37) size 297x19 [bgcolor=#E7DEA5]
                            RenderTableCell {TD} at (1,37) size 107x19 [r=2 c=0 rs=1 cs=1]
                              RenderInline {FONT} at (3,3) size 68x12
                                RenderText {#text} at (3,3) size 68x12
                                  text run at (3,3) width 68: "10 Jahre US %"
                            RenderTableCell {TD} at (108,37) size 37x19 [r=2 c=1 rs=1 cs=1]
                              RenderInline {FONT} at (3,3) size 20x12
                                RenderText {#text} at (3,3) size 20x12
                                  text run at (3,3) width 20: "4,75"
                            RenderTableCell {TD} at (145,38) size 26x18 [r=2 c=2 rs=1 cs=1]
                              RenderImage {IMG} at (6,3) size 12x12
                            RenderTableCell {TD} at (171,37) size 43x19 [r=2 c=3 rs=1 cs=1]
                              RenderInline {FONT} at (3,3) size 23x12
                                RenderText {#text} at (3,3) size 23x12
                                  text run at (3,3) width 23: "-0.02"
                            RenderTableCell {TD} at (214,37) size 50x19 [r=2 c=4 rs=1 cs=1]
                              RenderInline {FONT} at (3,3) size 28x12
                                RenderText {#text} at (3,3) size 28x12
                                  text run at (3,3) width 28: "03.12."
                            RenderTableCell {TD} at (264,38) size 33x17 [r=2 c=5 rs=1 cs=1]
                              RenderInline {FONT} at (7,4) size 17x12
                                RenderInline {A} at (7,4) size 17x12 [color=#0000EE]
                                  RenderImage {IMG} at (7,3) size 17x11
                    RenderTableCell {TD} at (299,0) size 299x58 [border: (1px inset #808080)] [r=0 c=1 rs=1 cs=1]
                      RenderTable {TABLE} at (1,1) size 297x56
                        RenderTableSection {TBODY} at (0,0) size 297x56
                          RenderTableRow {TR} at (0,1) size 297x18 [bgcolor=#CD9944]
                            RenderTableCell {TD} at (1,1) size 203x18 [r=0 c=0 rs=1 cs=1]
                              RenderInline {FONT} at (3,3) size 43x12 [color=#FFFFFF]
                                RenderText {#text} at (3,3) size 43x12
                                  text run at (3,3) width 43: "Rohstoffe"
                          RenderTableRow {TR} at (0,19) size 297x18 [bgcolor=#E7E7AD]
                            RenderTableCell {TD} at (1,19) size 203x18 [r=1 c=0 rs=1 cs=1]
                              RenderImage {IMG} at (95,3) size 12x12
                            RenderTableCell {TD} at (204,20) size 93x17 [r=1 c=1 rs=1 cs=1]
                              RenderInline {FONT} at (37,4) size 17x12
                                RenderInline {A} at (37,4) size 17x12 [color=#0000EE]
                                  RenderImage {IMG} at (37,3) size 17x11
                          RenderTableRow {TR} at (0,37) size 297x18 [bgcolor=#E7DEA5]
                            RenderTableCell {TD} at (1,37) size 203x18 [r=2 c=0 rs=1 cs=1]
                              RenderImage {IMG} at (95,3) size 12x12
                            RenderTableCell {TD} at (204,38) size 93x17 [r=2 c=1 rs=1 cs=1]
                              RenderInline {FONT} at (37,4) size 17x12
                                RenderInline {A} at (37,4) size 17x12 [color=#0000EE]
                                  RenderImage {IMG} at (37,3) size 17x11
