layer at (0,0) size 808x585
  RenderView at (0,0) size 800x585
layer at (0,0) size 800x585
  RenderBlock {HTML} at (0,0) size 800x585
    RenderBody {BODY} at (8,8) size 784x569
      RenderTable {TABLE} at (0,0) size 800x569 [border: (1px outset #808080)]
        RenderTableSection {TBODY} at (1,1) size 798x567
          RenderTableRow {TR} at (0,2) size 798x563
            RenderTableCell {TD} at (2,2) size 794x563 [border: (1px inset #808080)] [r=0 c=0 rs=1 cs=1]
              RenderTable {TABLE} at (2,2) size 790x559 [border: (1px outset #808080)]
                RenderTableSection {TBODY} at (1,1) size 788x557
                  RenderTableRow {TR} at (0,2) size 788x553
                    RenderTableCell {TD} at (2,2) size 784x553 [border: (1px inset #808080)] [r=0 c=0 rs=1 cs=1]
                      RenderIFrame {IFRAME} at (2,2) size 790x549 [border: (5px solid #0000FF)]
                        layer at (0,0) size 765x1858
                          RenderView at (0,0) size 765x539
                        layer at (0,0) size 765x1858
                          RenderBlock {HTML} at (0,0) size 765x1858
                            RenderBody {BODY} at (0,0) size 765x1858 [bgcolor=#53799F]
                              RenderBlock {CENTER} at (0,0) size 765x1858
                                RenderBlock (anonymous) at (0,0) size 765x18
                                  RenderBR {BR} at (382,0) size 1x18
                                RenderTable {TABLE} at (19,18) size 727x1822 [border: (1px solid #000000)]
                                  RenderTableSection {TBODY} at (1,1) size 725x1820
                                    RenderTableRow {TR} at (0,0) size 725x20
                                      RenderTableCell {TD} at (0,0) size 725x20 [bgcolor=#3F5694] [border: (1px solid #000000)] [r=0 c=0 rs=1 cs=1]
                                        RenderText {#text} at (344,1) size 37x18
                                          text run at (344,1) width 37: "News"
                                    RenderTableRow {TR} at (0,20) size 725x38
                                      RenderTableCell {TD} at (0,20) size 725x38 [border: (1px solid #000000)] [r=1 c=0 rs=1 cs=1]
                                        RenderInline {B} at (0,0) size 97x18
                                          RenderText {#text} at (314,1) size 97x18
                                            text run at (314,1) width 97: "11. M\x{E4}rz 2002"
                                        RenderBR {BR} at (410,1) size 1x18
                                        RenderText {#text} at (44,19) size 637x18
                                          text run at (44,19) width 499: "nun gibt es auch eine kommerzielle Version vom PopUp-Manager, mehr Info "
                                          text run at (542,19) width 139: "unter komerz. Scripte"
                                    RenderTableRow {TR} at (0,58) size 725x38
                                      RenderTableCell {TD} at (0,58) size 725x38 [border: (1px solid #000000)] [r=2 c=0 rs=1 cs=1]
                                        RenderInline {B} at (0,0) size 95x18
                                          RenderText {#text} at (315,1) size 95x18
                                            text run at (315,1) width 95: "09.M\x{E4}rz 2002"
                                          RenderBR {BR} at (409,1) size 1x18
                                        RenderText {#text} at (155,19) size 415x18
                                          text run at (155,19) width 415: "neues Script ist online, PopUp-Manager, mehr Info unter Scripte"
                                    RenderTableRow {TR} at (0,96) size 725x38
                                      RenderTableCell {TD} at (0,96) size 725x38 [border: (1px solid #000000)] [r=3 c=0 rs=1 cs=1]
                                        RenderText {#text} at (298,1) size 129x18
                                          text run at (298,1) width 129: "17. November 2001"
                                        RenderBR {BR} at (426,1) size 1x18
                                        RenderText {#text} at (277,19) size 171x18
                                          text run at (277,19) width 171: "Endlich wieder Online! :-)"
                                    RenderTableRow {TR} at (0,134) size 725x164
                                      RenderTableCell {TD} at (0,134) size 725x164 [border: (1px solid #000000)] [r=4 c=0 rs=1 cs=1]
                                        RenderText {#text} at (266,1) size 193x18
                                          text run at (266,1) width 193: "23. Oktober 2001 (21:00 Uhr)"
                                        RenderBR {BR} at (458,1) size 1x18
                                        RenderText {#text} at (307,19) size 111x18
                                          text run at (307,19) width 111: "Es ist vollbracht!"
                                        RenderBR {BR} at (417,19) size 1x18
                                        RenderText {#text} at (201,37) size 323x18
                                          text run at (201,37) width 323: "Ich habe nun den .htaccess-BUG bei den Scripten:"
                                        RenderBR {BR} at (523,37) size 1x18
                                        RenderText {#text} at (99,55) size 527x18
                                          text run at (99,55) width 527: "The Real Topsites, Sponsor Manager, Download Manager und Password Manager"
                                        RenderBR {BR} at (625,55) size 1x18
                                        RenderText {#text} at (115,73) size 495x18
                                          text run at (115,73) width 435: "abgeschafft, brauchte 2 Tage daf\x{FC}r, dabei lag der Fehler vor meiner "
                                          text run at (549,73) width 61: "Nase ! :-)"
                                        RenderBR {BR} at (609,73) size 1x18
                                        RenderText {#text} at (5,91) size 718x72
                                          text run at (5,91) width 384: "F\x{FC}r Euch hei\x{DF}t es, wenn Ihr eines der Scripte benutzt, ladet "
                                          text run at (388,91) width 332: "Euch die admin.cgi runter und vereinbart unbedingt"
                                          text run at (7,109) width 136: "ein neues Password! "
                                          text run at (142,109) width 459: "Au\x{DF}erdem wurde bei der Toplist die Sache mit dem Button Load/Klick "
                                          text run at (600,109) width 118: "um programmiert,"
                                          text run at (3,127) width 358: "f\x{FC}r die Leute die den Button Load/Klick Modus haben, "
                                          text run at (360,127) width 361: "Ihr m\x{FC}st Euch auch die topsites.cgi laden und im Admin"
                                          text run at (157,145) width 92: "Bereich unter "
                                          text run at (248,145) width 320: "Modus unten die URL zu Eurem Button angeben!"
                                    RenderTableRow {TR} at (0,298) size 725x38
                                      RenderTableCell {TD} at (0,298) size 725x38 [border: (1px solid #000000)] [r=5 c=0 rs=1 cs=1]
                                        RenderText {#text} at (306,1) size 113x18
                                          text run at (306,1) width 113: "22. Oktober 2001"
                                        RenderBR {BR} at (418,1) size 1x18
                                        RenderText {#text} at (120,19) size 485x18
                                          text run at (120,19) width 438: "Download-Bereich ist vorrerst geschlo\x{DF}en, kommen Sie bitte sp\x{E4}ter "
                                          text run at (557,19) width 48: "wieder."
                                    RenderTableRow {TR} at (0,336) size 725x56
                                      RenderTableCell {TD} at (0,336) size 725x56 [border: (1px solid #000000)] [r=6 c=0 rs=1 cs=1]
                                        RenderText {#text} at (266,1) size 193x18
                                          text run at (266,1) width 193: "21. Oktober 2001 (22:45 Uhr)"
                                        RenderBR {BR} at (458,1) size 1x18
                                        RenderText {#text} at (22,19) size 681x36
                                          text run at (22,19) width 417: "OK, sorry f\x{FC}r die Unannehmlichkeiten, aber Ihr m\x{FC}sst Euch nun "
                                          text run at (438,19) width 265: "noch mal die Scripte runter laden und die"
                                          text run at (34,37) width 211: "admin.cgi erneuern, hier kommt "
                                          text run at (244,37) width 447: "noch das Password-Manager-Script dazu, sollte jetzt alles sicher sein!"
                                        RenderBR {BR} at (690,37) size 1x18
                                    RenderTableRow {TR} at (0,392) size 725x110
                                      RenderTableCell {TD} at (0,392) size 725x110 [border: (1px solid #000000)] [r=7 c=0 rs=1 cs=1]
                                        RenderText {#text} at (266,1) size 193x18
                                          text run at (266,1) width 193: "21. Oktober 2001 (20:50 Uhr)"
                                        RenderBR {BR} at (458,1) size 1x18
                                        RenderText {#text} at (166,19) size 393x18
                                          text run at (166,19) width 393: "An alle Leute die follgende Scripte von G5-Scripts benutzen:"
                                        RenderBR {BR} at (558,19) size 1x18
                                        RenderText {#text} at (179,37) size 367x18
                                          text run at (179,37) width 367: "The Real Topsites, Download Counter, Sponsor Manager"
                                        RenderBR {BR} at (545,37) size 1x18
                                        RenderText {#text} at (19,55) size 687x18
                                          text run at (19,55) width 476: "bitte noch ein mal runter laden und die admin.cgi erneuern, beim Sponsor "
                                          text run at (494,55) width 212: "Manager kommt noch eine Datei"
                                        RenderBR {BR} at (705,55) size 1x18
                                        RenderText {#text} at (303,73) size 119x18
                                          text run at (303,73) width 119: "'variable.pl' dazu!!"
                                        RenderBR {BR} at (421,73) size 1x18
                                        RenderText {#text} at (69,91) size 587x18
                                          text run at (69,91) width 481: "Der Grund : man hat festgestellt das .htaccess Password Schutz doch nicht "
                                          text run at (549,91) width 107: "das sicherste ist!"
                                    RenderTableRow {TR} at (0,502) size 725x198
                                      RenderTableCell {TD} at (0,502) size 725x198 [border: (1px solid #000000)] [r=8 c=0 rs=1 cs=1]
                                        RenderBlock {P} at (1,1) size 723x144
                                          RenderText {#text} at (305,0) size 113x18
                                            text run at (305,0) width 113: "13. Oktober 2001"
                                          RenderBR {BR} at (417,0) size 1x18
                                          RenderText {#text} at (76,18) size 571x18
                                            text run at (76,18) width 491: "Ich habe es nun endlich geschafft das Gateway bei der Toplist mit IP-Sperre "
                                            text run at (566,18) width 81: "zu versehen,"
                                          RenderBR {BR} at (646,18) size 1x18
                                          RenderText {#text} at (39,36) size 645x36
                                            text run at (39,36) width 451: "dabei war der Fehler den ich vorher nicht verstand eine simple Sache, "
                                            text run at (489,36) width 195: "h\x{E4}tte ich doch ein wenig mehr"
                                            text run at (318,54) width 87: "nachgedacht!"
                                          RenderBR {BR} at (404,54) size 1x18
                                          RenderText {#text} at (3,72) size 717x72
                                            text run at (3,72) width 437: "Des weiteren habe ich noch die Datensicherung umgeschrieben, f\x{FC}r "
                                            text run at (439,72) width 281: "alle die Listen deren Hits ab und zu mal auf"
                                            text run at (3,90) width 155: "0 gesetzt werden, sollte "
                                            text run at (157,90) width 463: "jetzt nicht mehr passieren und ich habe noch den Mail Versand aus dem "
                                            text run at (619,90) width 101: "Admin-Bereich"
                                            text run at (13,108) width 354: "umgeschrieben und zwar wurde fr\x{FC}her der Text immer "
                                            text run at (366,108) width 344: "zusammen gequetscht, die Enters wurden so zu sagen"
                                            text run at (276,126) width 96: "ignoriert, jetzt "
                                            text run at (371,126) width 75: "nicht mehr!"
                                        RenderBlock {P} at (1,161) size 723x36
                                          RenderText {#text} at (4,0) size 714x36
                                            text run at (4,0) width 380: ">> F\x{FC}r alle die das Script vor dem 11.10.01 runter geladen "
                                            text run at (383,0) width 335: "haben, Ihr solltet es Euch noch mal runter laden und"
                                            text run at (117,18) width 146: "die folgenden Dateien "
                                            text run at (262,18) width 344: "durch die neuen ersetzen: topsites.cgi und admin.cgi ."
                                    RenderTableRow {TR} at (0,700) size 725x38
                                      RenderTableCell {TD} at (0,700) size 725x38 [border: (1px solid #000000)] [r=9 c=0 rs=1 cs=1]
                                        RenderText {#text} at (306,1) size 113x18
                                          text run at (306,1) width 113: "11. Oktober 2001"
                                        RenderBR {BR} at (418,1) size 1x18
                                        RenderText {#text} at (115,19) size 494x18
                                          text run at (115,19) width 494: "neues Script ist online, .htaccess-Password-Manager, mehr Info unter Scripte"
                                    RenderTableRow {TR} at (0,738) size 725x38
                                      RenderTableCell {TD} at (0,738) size 725x38 [border: (1px solid #000000)] [r=10 c=0 rs=1 cs=1]
                                        RenderText {#text} at (298,1) size 129x18
                                          text run at (298,1) width 129: "08. September 2001"
                                        RenderBR {BR} at (426,1) size 1x18
                                        RenderText {#text} at (194,19) size 337x18
                                          text run at (194,19) width 337: "Eine neu Version des Download Counters ist online!"
                                    RenderTableRow {TR} at (0,776) size 725x56
                                      RenderTableCell {TD} at (0,776) size 725x56 [border: (1px solid #000000)] [r=11 c=0 rs=1 cs=1]
                                        RenderText {#text} at (309,1) size 107x18
                                          text run at (309,1) width 107: "11. August 2001"
                                        RenderBR {BR} at (415,1) size 1x18
                                        RenderText {#text} at (23,19) size 678x18
                                          text run at (23,19) width 453: "Ich habe so eben eine random.cgi f\x{FC}r den Topsites Script geschrieben. "
                                          text run at (475,19) width 226: "Die random.cgi f\x{FC}hrt den Besucher"
                                        RenderBR {BR} at (700,19) size 1x18
                                        RenderText {#text} at (248,37) size 228x18
                                          text run at (248,37) width 228: "auf eine zuf\x{E4}llig ausgew\x{E4}hlte Seite."
                                    RenderTableRow {TR} at (0,832) size 725x56
                                      RenderTableCell {TD} at (0,832) size 725x56 [border: (1px solid #000000)] [r=12 c=0 rs=1 cs=1]
                                        RenderText {#text} at (309,1) size 107x18
                                          text run at (309,1) width 107: "08. August 2001"
                                        RenderBR {BR} at (415,1) size 1x18
                                        RenderText {#text} at (90,19) size 545x18
                                          text run at (90,19) width 468: "Ich schreibe gerade eine neue Version von dem Download Counter, bitte "
                                          text run at (557,19) width 78: "schreibt mir"
                                        RenderBR {BR} at (634,19) size 1x18
                                        RenderText {#text} at (181,37) size 363x18
                                          text run at (181,37) width 363: "ins Forum was Ihr da alles haben wollt, wer das benutzt!"
                                    RenderTableRow {TR} at (0,888) size 725x56
                                      RenderTableCell {TD} at (0,888) size 725x56 [border: (1px solid #000000)] [r=13 c=0 rs=1 cs=1]
                                        RenderText {#text} at (320,1) size 84x18
                                          text run at (320,1) width 84: "09. Juli 2001"
                                        RenderBR {BR} at (403,1) size 1x18
                                        RenderText {#text} at (7,19) size 711x36
                                          text run at (7,19) width 456: "eine kleiner Bug in der Topsites.cgi wurde behoben! Wer m\x{F6}chte kann "
                                          text run at (462,19) width 256: "sich die jetzige Zip runter laden und die"
                                          text run at (175,37) width 175: "topsites.cgi auktualisieren, "
                                          text run at (349,37) width 200: "mu\x{DF} aber nicht unbedingt sein!"
                                    RenderTableRow {TR} at (0,944) size 725x56
                                      RenderTableCell {TD} at (0,944) size 725x56 [border: (1px solid #000000)] [r=14 c=0 rs=1 cs=1]
                                        RenderText {#text} at (320,1) size 84x18
                                          text run at (320,1) width 84: "01. Juli 2001"
                                        RenderBR {BR} at (403,1) size 1x18
                                        RenderText {#text} at (75,19) size 574x18
                                          text run at (75,19) width 508: "Jetzt haben wir einen Support Forum, postet Eure Fragen da rein und versuche "
                                          text run at (582,19) width 67: "Sie alle zu"
                                        RenderBR {BR} at (648,19) size 1x18
                                        RenderText {#text} at (50,37) size 625x18
                                          text run at (50,37) width 397: "beantworten! Au\x{DF}erdem k\x{F6}nnt Ihr dort auch Eure Vorschl\x{E4}ge "
                                          text run at (446,37) width 229: "zu den einzelnen Scripten abgeben!"
                                    RenderTableRow {TR} at (0,1000) size 725x56
                                      RenderTableCell {TD} at (0,1000) size 725x56 [border: (1px solid #000000)] [r=15 c=0 rs=1 cs=1]
                                        RenderText {#text} at (320,1) size 84x18
                                          text run at (320,1) width 84: "01. Juli 2001"
                                        RenderBR {BR} at (403,1) size 1x18
                                        RenderText {#text} at (105,19) size 514x18
                                          text run at (105,19) width 489: "Und wieder eine neue Version von The Real Topsites ist online, die Version "
                                          text run at (593,19) width 26: "3.4!"
                                        RenderBR {BR} at (618,19) size 1x18
                                        RenderText {#text} at (139,37) size 447x18
                                          text run at (139,37) width 447: "Es gibt einige neue Funktionen und es wurde auch einiges verbessert!"
                                    RenderTableRow {TR} at (0,1056) size 725x56
                                      RenderTableCell {TD} at (0,1056) size 725x56 [border: (1px solid #000000)] [r=16 c=0 rs=1 cs=1]
                                        RenderText {#text} at (319,1) size 87x18
                                          text run at (319,1) width 87: "20. Juni 2001"
                                        RenderBR {BR} at (405,1) size 1x18
                                        RenderText {#text} at (117,19) size 491x18
                                          text run at (117,19) width 459: "unser Hoster hat ein paar kleine Probleme also sollte irgend was an der "
                                          text run at (575,19) width 33: "Seite"
                                        RenderBR {BR} at (607,19) size 1x18
                                        RenderText {#text} at (236,37) size 252x18
                                          text run at (236,37) width 252: "nicht gehen, einfach wieder versuchen!"
                                    RenderTableRow {TR} at (0,1112) size 725x92
                                      RenderTableCell {TD} at (0,1112) size 725x92 [border: (1px solid #000000)] [r=17 c=0 rs=1 cs=1]
                                        RenderText {#text} at (319,1) size 87x18
                                          text run at (319,1) width 87: "09. Juni 2001"
                                        RenderBR {BR} at (405,1) size 1x18
                                        RenderText {#text} at (82,19) size 561x18
                                          text run at (82,19) width 454: "Die neue Version (3.3) von The Real Topsites ist online, es gibt einige "
                                          text run at (535,19) width 108: "neue Funktionen"
                                        RenderBR {BR} at (642,19) size 1x18
                                        RenderText {#text} at (243,37) size 239x18
                                          text run at (243,37) width 239: "und es wurde auch einiges ver\x{E4}ndert!"
                                        RenderBR {BR} at (481,37) size 1x18
                                        RenderText {#text} at (232,55) size 261x18
                                          text run at (232,55) width 261: "Mehr Info unter \"Perl Scripte\" im Men\x{FC}."
                                        RenderBR {BR} at (492,55) size 1x18
                                        RenderText {#text} at (148,73) size 429x18
                                          text run at (148,73) width 429: "P.S. den Umstieg auf die Version3.3 kann ich Euch nur empfehlen!"
                                    RenderTableRow {TR} at (0,1204) size 725x74
                                      RenderTableCell {TD} at (0,1204) size 725x74 [border: (1px solid #000000)] [r=18 c=0 rs=1 cs=1]
                                        RenderText {#text} at (319,1) size 87x18
                                          text run at (319,1) width 87: "04. Juni 2001"
                                        RenderBR {BR} at (405,1) size 1x18
                                        RenderText {#text} at (130,19) size 465x18
                                          text run at (130,19) width 465: "Ein kleiner Bug bei Topsites Script wurde gefunden und sofort behoben!"
                                        RenderBR {BR} at (594,19) size 1x18
                                        RenderText {#text} at (135,37) size 455x18
                                          text run at (135,37) width 455: "Bug: es wurde immer wieder die selbe Site Of The Moment angezeigt!"
                                        RenderBR {BR} at (589,37) size 1x18
                                        RenderText {#text} at (138,55) size 448x18
                                          text run at (138,55) width 443: "Ladet Euch die jetzige Version runter und ersetzt nur die topsites.cgi "
                                          text run at (580,55) width 6: "!"
                                    RenderTableRow {TR} at (0,1278) size 725x56
                                      RenderTableCell {TD} at (0,1278) size 725x56 [border: (1px solid #000000)] [r=19 c=0 rs=1 cs=1]
                                        RenderText {#text} at (319,1) size 87x18
                                          text run at (319,1) width 87: "01. Juni 2001"
                                        RenderBR {BR} at (405,1) size 1x18
                                        RenderText {#text} at (209,19) size 307x18
                                          text run at (209,19) width 307: "Ein neues Script ist online! G5-ICQ Newsletter."
                                        RenderBR {BR} at (515,19) size 1x18
                                        RenderText {#text} at (232,37) size 261x18
                                          text run at (232,37) width 261: "Mehr Info unter \"Perl Scripte\" im Men\x{FC}."
                                    RenderTableRow {TR} at (0,1334) size 725x56
                                      RenderTableCell {TD} at (0,1334) size 725x56 [border: (1px solid #000000)] [r=20 c=0 rs=1 cs=1]
                                        RenderText {#text} at (319,1) size 87x18
                                          text run at (319,1) width 87: "31. Mai 2001"
                                        RenderBR {BR} at (405,1) size 1x18
                                        RenderText {#text} at (150,19) size 425x18
                                          text run at (150,19) width 425: "Ich habe einen ICQ-Newsletter Script installiert, unter dem Men\x{FC}."
                                        RenderBR {BR} at (574,19) size 1x18
                                        RenderText {#text} at (170,37) size 384x18
                                          text run at (170,37) width 384: "Tragt Euch ein, dann seit Ihr immer auf dem neusten Stand!"
                                    RenderTableRow {TR} at (0,1390) size 725x38
                                      RenderTableCell {TD} at (0,1390) size 725x38 [border: (1px solid #000000)] [r=21 c=0 rs=1 cs=1]
                                        RenderText {#text} at (319,1) size 87x18
                                          text run at (319,1) width 87: "26. Mai 2001"
                                        RenderBR {BR} at (405,1) size 1x18
                                        RenderText {#text} at (254,19) size 217x18
                                          text run at (254,19) width 217: "The Real Topsites v3.0 ist online!"
                                    RenderTableRow {TR} at (0,1428) size 725x56
                                      RenderTableCell {TD} at (0,1428) size 725x56 [border: (1px solid #000000)] [r=22 c=0 rs=1 cs=1]
                                        RenderText {#text} at (319,1) size 87x18
                                          text run at (319,1) width 87: "25. Mai 2001"
                                        RenderBR {BR} at (405,1) size 1x18
                                        RenderText {#text} at (198,19) size 329x18
                                          text run at (198,19) width 329: "Ein neues Script ist online! G5-Download Counter."
                                        RenderBR {BR} at (526,19) size 1x18
                                        RenderText {#text} at (232,37) size 261x18
                                          text run at (232,37) width 261: "Mehr Info unter \"Perl Scripte\" im Men\x{FC}."
                                    RenderTableRow {TR} at (0,1484) size 725x92
                                      RenderTableCell {TD} at (0,1484) size 725x92 [border: (1px solid #000000)] [r=23 c=0 rs=1 cs=1]
                                        RenderText {#text} at (319,1) size 87x18
                                          text run at (319,1) width 87: "24. Mai 2001"
                                        RenderBR {BR} at (405,1) size 1x18
                                        RenderText {#text} at (108,19) size 509x18
                                          text run at (108,19) width 432: "Ich habe es mir sehr lange \x{FC}berlegt, die Entscheidung war wirklich "
                                          text run at (539,19) width 78: "nicht leicht!"
                                        RenderBR {BR} at (616,19) size 1x18
                                        RenderText {#text} at (83,37) size 559x18
                                          text run at (83,37) width 408: "Ich habe mich entschieden den Script \"The Real Topsites\" zum "
                                          text run at (490,37) width 152: "Download freizugeben."
                                        RenderBR {BR} at (641,37) size 1x18
                                        RenderText {#text} at (214,55) size 297x18
                                          text run at (214,55) width 297: "Ihr k\x{F6}nnt es Euch jetzt kostenlos runter laden!"
                                        RenderBR {BR} at (510,55) size 1x18
                                        RenderText {#text} at (308,73) size 109x18
                                          text run at (308,73) width 109: "Viel Spa\x{DF} damit!"
                                    RenderTableRow {TR} at (0,1576) size 725x56
                                      RenderTableCell {TD} at (0,1576) size 725x56 [border: (1px solid #000000)] [r=24 c=0 rs=1 cs=1]
                                        RenderText {#text} at (319,1) size 87x18
                                          text run at (319,1) width 87: "13. Mai 2001"
                                        RenderBR {BR} at (405,1) size 1x18
                                        RenderText {#text} at (3,19) size 719x36
                                          text run at (3,19) width 470: "Es gab nur eine kleine Ver\x{E4}nderung bei G5-Sponsor-Manager, man kann "
                                          text run at (472,19) width 250: "den Script jetzt auch via Java aufrufen,"
                                          text run at (45,37) width 192: "so das Euer Server jetzt nicht "
                                          text run at (236,37) width 372: "unbedingt SSI unterst\x{FC}tzen mu\x{DF} um den Script ausf\x{FC}hren "
                                          text run at (607,37) width 72: "zu k\x{F6}nnen!"
                                    RenderTableRow {TR} at (0,1632) size 725x56
                                      RenderTableCell {TD} at (0,1632) size 725x56 [border: (1px solid #000000)] [r=25 c=0 rs=1 cs=1]
                                        RenderText {#text} at (315,1) size 95x18
                                          text run at (315,1) width 95: "22. April 2001"
                                        RenderBR {BR} at (409,1) size 1x18
                                        RenderText {#text} at (202,19) size 321x18
                                          text run at (202,19) width 321: "Ein neues Script ist online! G5-Sponsor-Manager."
                                        RenderBR {BR} at (522,19) size 1x18
                                        RenderText {#text} at (232,37) size 261x18
                                          text run at (232,37) width 261: "Mehr Info unter \"Perl Scripte\" im Men\x{FC}."
                                    RenderTableRow {TR} at (0,1688) size 725x74
                                      RenderTableCell {TD} at (0,1688) size 725x74 [border: (1px solid #000000)] [r=26 c=0 rs=1 cs=1]
                                        RenderText {#text} at (315,1) size 95x18
                                          text run at (315,1) width 95: "20. April 2001"
                                        RenderBR {BR} at (409,1) size 1x18
                                        RenderText {#text} at (188,19) size 349x18
                                          text run at (188,19) width 349: "Auf einige Anfragen habe ich eine Demonstration von"
                                        RenderBR {BR} at (536,19) size 1x18
                                        RenderText {#text} at (199,37) size 327x18
                                          text run at (199,37) width 327: "\"The Real Topsites\" (Toplist Script) ver\x{F6}ffentlicht!"
                                        RenderBR {BR} at (525,37) size 1x18
                                        RenderText {#text} at (232,55) size 261x18
                                          text run at (232,55) width 261: "Mehr Info unter \"Perl Scripte\" im Men\x{FC}."
                                    RenderTableRow {TR} at (0,1762) size 725x38
                                      RenderTableCell {TD} at (0,1762) size 725x38 [border: (1px solid #000000)] [r=27 c=0 rs=1 cs=1]
                                        RenderText {#text} at (315,1) size 95x18
                                          text run at (315,1) width 95: "13. M\x{E4}rz 2001"
                                        RenderBR {BR} at (409,1) size 1x18
                                        RenderText {#text} at (218,19) size 289x18
                                          text run at (218,19) width 289: "An diesem Tag ging die G5-Script.de online!"
                                    RenderTableRow {TR} at (0,1800) size 725x20
                                      RenderTableCell {TD} at (0,1800) size 725x20 [border: (1px solid #000000)] [r=28 c=0 rs=1 cs=1]
                                        RenderText {#text} at (360,1) size 5x18
                                          text run at (360,1) width 5: " "
                                RenderBlock (anonymous) at (0,1840) size 765x18
                                  RenderBR {BR} at (382,0) size 1x18
