layer at (0,0) size 785x2031
  RenderView at (0,0) size 785x600
layer at (0,0) size 785x2031
  RenderBlock {HTML} at (0,0) size 785x2032
    RenderBody {BODY} at (8,8) size 769x2016
      RenderBlock (anonymous) at (0,0) size 769x18
        RenderBR {BR} at (0,0) size 0x18
      RenderBlock {H3} at (0,46) size 769x23
        RenderText {#text} at (0,0) size 87x22
          text run at (0,0) width 87: "border-top"
      RenderBlock {P} at (0,87) size 769x19
        RenderInline {CODE} at (0,0) size 55x15
          RenderText {#text} at (0,2) size 55x15
            text run at (0,2) width 55: "<table>"
        RenderText {#text} at (54,0) size 32x18
          text run at (54,0) width 32: " has "
        RenderInline {CODE} at (0,0) size 48x15
          RenderText {#text} at (85,2) size 48x15
            text run at (85,2) width 48: "border"
        RenderText {#text} at (132,0) size 75x18
          text run at (132,0) width 75: " attribute; "
        RenderInline {CODE} at (0,0) size 32x15
          RenderText {#text} at (206,2) size 32x15
            text run at (206,2) width 32: "<td>"
        RenderText {#text} at (237,0) size 41x18
          text run at (237,0) width 41: " have "
        RenderInline {CODE} at (0,0) size 290x15
          RenderText {#text} at (277,2) size 290x15
            text run at (277,2) width 290: "style=\"border-top: green 10px solid;\""
        RenderText {#text} at (566,0) size 5x18
          text run at (566,0) width 5: "."
      RenderTable {TABLE} at (0,121) size 458x117 [border: (1px outset #808080)]
        RenderTableSection {TBODY} at (1,1) size 456x114
          RenderTableRow {TR} at (0,5) size 456x31
            RenderTableCell {TD} at (5,5) size 446x31 [border: (10px solid #008000) (1px inset #808080)] [r=0 c=0 rs=1 cs=2]
              RenderText {#text} at (2,11) size 442x18
                text run at (2,11) width 442: "Every cell in this table should have a 10-pixel solid green top border."
          RenderTableRow {TR} at (0,41) size 456x68
            RenderTableCell {TD} at (5,59) size 112x32 [border: (10px solid #008000) (1px inset #808080)] [r=1 c=0 rs=1 cs=1]
              RenderText {#text} at (2,10) size 54x20
                text run at (2,11) width 54: "Cell one"
            RenderTableCell {TD} at (121,41) size 330x68 [border: (10px solid #008000) (1px inset #808080)] [r=1 c=1 rs=1 cs=1]
              RenderBlock (anonymous) at (2,11) size 325x18
                RenderText {#text} at (0,0) size 55x18
                  text run at (0,0) width 55: "Cell two"
              RenderTable {TABLE} at (2,29) size 166x37 [border: (1px outset #808080)]
                RenderTableSection {TBODY} at (1,1) size 164x35
                  RenderTableRow {TR} at (0,2) size 164x31
                    RenderTableCell {TD} at (2,2) size 160x31 [border: (10px solid #008000) (1px inset #808080)] [r=0 c=0 rs=1 cs=1]
                      RenderText {#text} at (2,11) size 156x18
                        text run at (2,11) width 156: "Nested single-cell table!"
      RenderBlock (anonymous) at (0,237) size 769x19
        RenderBR {BR} at (0,0) size 0x18
      RenderBlock {P} at (0,271) size 769x19
        RenderInline {CODE} at (0,0) size 55x15
          RenderText {#text} at (0,2) size 55x15
            text run at (0,2) width 55: "<table>"
        RenderText {#text} at (54,0) size 69x18
          text run at (54,0) width 69: " has *no* "
        RenderInline {CODE} at (0,0) size 48x15
          RenderText {#text} at (122,2) size 48x15
            text run at (122,2) width 48: "border"
        RenderText {#text} at (169,0) size 75x18
          text run at (169,0) width 75: " attribute; "
        RenderInline {CODE} at (0,0) size 32x15
          RenderText {#text} at (243,2) size 32x15
            text run at (243,2) width 32: "<td>"
        RenderText {#text} at (274,0) size 41x18
          text run at (274,0) width 41: " have "
        RenderInline {CODE} at (0,0) size 290x15
          RenderText {#text} at (314,2) size 290x15
            text run at (314,2) width 290: "style=\"border-top: green 10px solid;\""
        RenderText {#text} at (603,0) size 5x18
          text run at (603,0) width 5: "."
      RenderTable {TABLE} at (0,305) size 454x110
        RenderTableSection {TBODY} at (0,0) size 454x109
          RenderTableRow {TR} at (0,5) size 454x30
            RenderTableCell {TD} at (5,5) size 444x30 [border: (10px solid #008000) none] [r=0 c=0 rs=1 cs=2]
              RenderText {#text} at (1,11) size 442x18
                text run at (1,11) width 442: "Every cell in this table should have a 10-pixel solid green top border."
          RenderTableRow {TR} at (0,40) size 454x64
            RenderTableCell {TD} at (5,57) size 112x30 [border: (10px solid #008000) none] [r=1 c=0 rs=1 cs=1]
              RenderText {#text} at (1,11) size 54x18
                text run at (1,11) width 54: "Cell one"
            RenderTableCell {TD} at (121,40) size 328x64 [border: (10px solid #008000) none] [r=1 c=1 rs=1 cs=1]
              RenderBlock (anonymous) at (1,11) size 325x18
                RenderText {#text} at (0,0) size 55x18
                  text run at (0,0) width 55: "Cell two"
              RenderTable {TABLE} at (1,29) size 162x34
                RenderTableSection {TBODY} at (0,0) size 162x34
                  RenderTableRow {TR} at (0,2) size 162x30
                    RenderTableCell {TD} at (2,2) size 158x30 [border: (10px solid #008000) none] [r=0 c=0 rs=1 cs=1]
                      RenderText {#text} at (1,11) size 156x18
                        text run at (1,11) width 156: "Nested single-cell table!"
      RenderBlock (anonymous) at (0,414) size 769x19
        RenderBR {BR} at (0,0) size 0x18
      RenderBlock {H3} at (0,461) size 769x23
        RenderText {#text} at (0,0) size 101x22
          text run at (0,0) width 101: "border-right"
      RenderBlock {P} at (0,501) size 769x19
        RenderInline {CODE} at (0,0) size 55x15
          RenderText {#text} at (0,2) size 55x15
            text run at (0,2) width 55: "<table>"
        RenderText {#text} at (54,0) size 32x18
          text run at (54,0) width 32: " has "
        RenderInline {CODE} at (0,0) size 48x15
          RenderText {#text} at (85,2) size 48x15
            text run at (85,2) width 48: "border"
        RenderText {#text} at (132,0) size 75x18
          text run at (132,0) width 75: " attribute; "
        RenderInline {CODE} at (0,0) size 32x15
          RenderText {#text} at (206,2) size 32x15
            text run at (206,2) width 32: "<td>"
        RenderText {#text} at (237,0) size 41x18
          text run at (237,0) width 41: " have "
        RenderInline {CODE} at (0,0) size 305x15
          RenderText {#text} at (277,2) size 305x15
            text run at (277,2) width 305: "style=\"border-right: green 10px solid;\""
        RenderText {#text} at (581,0) size 5x18
          text run at (581,0) width 5: "."
      RenderTable {TABLE} at (0,535) size 476x90 [border: (1px outset #808080)]
        RenderTableSection {TBODY} at (1,1) size 474x87
          RenderTableRow {TR} at (0,5) size 474x22
            RenderTableCell {TD} at (5,5) size 465x22 [border: (1px inset #808080) (10px solid #008000) (1px inset #808080)] [r=0 c=0 rs=1 cs=2]
              RenderText {#text} at (2,2) size 451x18
                text run at (2,2) width 451: "Every cell in this table should have a 10-pixel solid green right border."
          RenderTableRow {TR} at (0,32) size 474x50
            RenderTableCell {TD} at (5,46) size 121x22 [border: (1px inset #808080) (10px solid #008000) (1px inset #808080)] [r=1 c=0 rs=1 cs=1]
              RenderText {#text} at (2,2) size 54x18
                text run at (2,2) width 54: "Cell one"
            RenderTableCell {TD} at (130,32) size 340x50 [border: (1px inset #808080) (10px solid #008000) (1px inset #808080)] [r=1 c=1 rs=1 cs=1]
              RenderBlock (anonymous) at (2,2) size 326x18
                RenderText {#text} at (0,0) size 55x18
                  text run at (0,0) width 55: "Cell two"
              RenderTable {TABLE} at (2,20) size 175x28 [border: (1px outset #808080)]
                RenderTableSection {TBODY} at (1,1) size 173x26
                  RenderTableRow {TR} at (0,2) size 173x22
                    RenderTableCell {TD} at (2,2) size 169x22 [border: (1px inset #808080) (10px solid #008000) (1px inset #808080)] [r=0 c=0 rs=1 cs=1]
                      RenderText {#text} at (2,2) size 156x18
                        text run at (2,2) width 156: "Nested single-cell table!"
      RenderBlock (anonymous) at (0,624) size 769x19
        RenderBR {BR} at (0,0) size 0x18
      RenderBlock {P} at (0,658) size 769x19
        RenderInline {CODE} at (0,0) size 55x15
          RenderText {#text} at (0,2) size 55x15
            text run at (0,2) width 55: "<table>"
        RenderText {#text} at (54,0) size 32x18
          text run at (54,0) width 32: " has "
        RenderInline {CODE} at (0,0) size 48x15
          RenderText {#text} at (85,2) size 48x15
            text run at (85,2) width 48: "border"
        RenderText {#text} at (132,0) size 75x18
          text run at (132,0) width 75: " attribute; "
        RenderInline {CODE} at (0,0) size 32x15
          RenderText {#text} at (206,2) size 32x15
            text run at (206,2) width 32: "<td>"
        RenderText {#text} at (237,0) size 41x18
          text run at (237,0) width 41: " have "
        RenderInline {CODE} at (0,0) size 305x15
          RenderText {#text} at (277,2) size 305x15
            text run at (277,2) width 305: "style=\"border-right: green 10px solid;\""
        RenderText {#text} at (581,0) size 5x18
          text run at (581,0) width 5: "."
      RenderTable {TABLE} at (0,692) size 473x80
        RenderTableSection {TBODY} at (0,0) size 473x79
          RenderTableRow {TR} at (0,5) size 473x20
            RenderTableCell {TD} at (5,5) size 464x20 [border: none (10px solid #008000) none] [r=0 c=0 rs=1 cs=2]
              RenderText {#text} at (1,1) size 451x18
                text run at (1,1) width 451: "Every cell in this table should have a 10-pixel solid green right border."
          RenderTableRow {TR} at (0,30) size 473x44
            RenderTableCell {TD} at (5,42) size 121x20 [border: none (10px solid #008000) none] [r=1 c=0 rs=1 cs=1]
              RenderText {#text} at (1,1) size 54x18
                text run at (1,1) width 54: "Cell one"
            RenderTableCell {TD} at (130,30) size 339x44 [border: none (10px solid #008000) none] [r=1 c=1 rs=1 cs=1]
              RenderBlock (anonymous) at (1,1) size 326x18
                RenderText {#text} at (0,0) size 55x18
                  text run at (0,0) width 55: "Cell two"
              RenderTable {TABLE} at (1,19) size 172x24
                RenderTableSection {TBODY} at (0,0) size 172x24
                  RenderTableRow {TR} at (0,2) size 172x20
                    RenderTableCell {TD} at (2,2) size 168x20 [border: none (10px solid #008000) none] [r=0 c=0 rs=1 cs=1]
                      RenderText {#text} at (1,1) size 156x18
                        text run at (1,1) width 156: "Nested single-cell table!"
      RenderBlock (anonymous) at (0,771) size 769x19
        RenderBR {BR} at (0,0) size 0x18
      RenderBlock {H3} at (0,818) size 769x23
        RenderText {#text} at (0,0) size 118x22
          text run at (0,0) width 118: "border-bottom"
      RenderBlock {P} at (0,859) size 769x19
        RenderInline {CODE} at (0,0) size 55x15
          RenderText {#text} at (0,2) size 55x15
            text run at (0,2) width 55: "<table>"
        RenderText {#text} at (54,0) size 32x18
          text run at (54,0) width 32: " has "
        RenderInline {CODE} at (0,0) size 48x15
          RenderText {#text} at (85,2) size 48x15
            text run at (85,2) width 48: "border"
        RenderText {#text} at (132,0) size 75x18
          text run at (132,0) width 75: " attribute; "
        RenderInline {CODE} at (0,0) size 32x15
          RenderText {#text} at (206,2) size 32x15
            text run at (206,2) width 32: "<td>"
        RenderText {#text} at (237,0) size 41x18
          text run at (237,0) width 41: " have "
        RenderInline {CODE} at (0,0) size 313x15
          RenderText {#text} at (277,2) size 313x15
            text run at (277,2) width 313: "style=\"border-bottom: green 10px solid;\""
        RenderText {#text} at (589,0) size 5x18
          text run at (589,0) width 5: "."
      RenderTable {TABLE} at (0,893) size 483x117 [border: (1px outset #808080)]
        RenderTableSection {TBODY} at (1,1) size 481x114
          RenderTableRow {TR} at (0,5) size 481x31
            RenderTableCell {TD} at (5,5) size 471x31 [border: (1px inset #808080) (10px solid #008000) (1px inset #808080)] [r=0 c=0 rs=1 cs=2]
              RenderText {#text} at (2,2) size 467x18
                text run at (2,2) width 467: "Every cell in this table should have a 10-pixel solid green bottom border."
          RenderTableRow {TR} at (0,41) size 481x68
            RenderTableCell {TD} at (5,59) size 119x32 [border: (1px inset #808080) (10px solid #008000) (1px inset #808080)] [r=1 c=0 rs=1 cs=1]
              RenderText {#text} at (2,1) size 54x20
                text run at (2,2) width 54: "Cell one"
            RenderTableCell {TD} at (128,41) size 348x68 [border: (1px inset #808080) (10px solid #008000) (1px inset #808080)] [r=1 c=1 rs=1 cs=1]
              RenderBlock (anonymous) at (2,2) size 343x18
                RenderText {#text} at (0,0) size 55x18
                  text run at (0,0) width 55: "Cell two"
              RenderTable {TABLE} at (2,20) size 166x37 [border: (1px outset #808080)]
                RenderTableSection {TBODY} at (1,1) size 164x35
                  RenderTableRow {TR} at (0,2) size 164x31
                    RenderTableCell {TD} at (2,2) size 160x31 [border: (1px inset #808080) (10px solid #008000) (1px inset #808080)] [r=0 c=0 rs=1 cs=1]
                      RenderText {#text} at (2,2) size 156x18
                        text run at (2,2) width 156: "Nested single-cell table!"
      RenderBlock (anonymous) at (0,1009) size 769x19
        RenderBR {BR} at (0,0) size 0x18
      RenderBlock {P} at (0,1043) size 769x19
        RenderInline {CODE} at (0,0) size 55x15
          RenderText {#text} at (0,2) size 55x15
            text run at (0,2) width 55: "<table>"
        RenderText {#text} at (54,0) size 69x18
          text run at (54,0) width 69: " has *no* "
        RenderInline {CODE} at (0,0) size 48x15
          RenderText {#text} at (122,2) size 48x15
            text run at (122,2) width 48: "border"
        RenderText {#text} at (169,0) size 75x18
          text run at (169,0) width 75: " attribute; "
        RenderInline {CODE} at (0,0) size 32x15
          RenderText {#text} at (243,2) size 32x15
            text run at (243,2) width 32: "<td>"
        RenderText {#text} at (274,0) size 41x18
          text run at (274,0) width 41: " have "
        RenderInline {CODE} at (0,0) size 313x15
          RenderText {#text} at (314,2) size 313x15
            text run at (314,2) width 313: "style=\"border-bottom: green 10px solid;\""
        RenderText {#text} at (626,0) size 5x18
          text run at (626,0) width 5: "."
      RenderTable {TABLE} at (0,1077) size 479x110
        RenderTableSection {TBODY} at (0,0) size 479x109
          RenderTableRow {TR} at (0,5) size 479x30
            RenderTableCell {TD} at (5,5) size 469x30 [border: none (10px solid #008000) none] [r=0 c=0 rs=1 cs=2]
              RenderText {#text} at (1,1) size 467x18
                text run at (1,1) width 467: "Every cell in this table should have a 10-pixel solid green bottom border."
          RenderTableRow {TR} at (0,40) size 479x64
            RenderTableCell {TD} at (5,57) size 118x30 [border: none (10px solid #008000) none] [r=1 c=0 rs=1 cs=1]
              RenderText {#text} at (1,1) size 54x18
                text run at (1,1) width 54: "Cell one"
            RenderTableCell {TD} at (127,40) size 347x64 [border: none (10px solid #008000) none] [r=1 c=1 rs=1 cs=1]
              RenderBlock (anonymous) at (1,1) size 344x18
                RenderText {#text} at (0,0) size 55x18
                  text run at (0,0) width 55: "Cell two"
              RenderTable {TABLE} at (1,19) size 162x34
                RenderTableSection {TBODY} at (0,0) size 162x34
                  RenderTableRow {TR} at (0,2) size 162x30
                    RenderTableCell {TD} at (2,2) size 158x30 [border: none (10px solid #008000) none] [r=0 c=0 rs=1 cs=1]
                      RenderText {#text} at (1,1) size 156x18
                        text run at (1,1) width 156: "Nested single-cell table!"
      RenderBlock (anonymous) at (0,1186) size 769x19
        RenderBR {BR} at (0,0) size 0x18
      RenderBlock {H3} at (0,1233) size 769x23
        RenderText {#text} at (0,0) size 87x22
          text run at (0,0) width 87: "border-left"
      RenderBlock {P} at (0,1273) size 769x19
        RenderInline {CODE} at (0,0) size 55x15
          RenderText {#text} at (0,2) size 55x15
            text run at (0,2) width 55: "<table>"
        RenderText {#text} at (54,0) size 32x18
          text run at (54,0) width 32: " has "
        RenderInline {CODE} at (0,0) size 48x15
          RenderText {#text} at (85,2) size 48x15
            text run at (85,2) width 48: "border"
        RenderText {#text} at (132,0) size 75x18
          text run at (132,0) width 75: " attribute; "
        RenderInline {CODE} at (0,0) size 32x15
          RenderText {#text} at (206,2) size 32x15
            text run at (206,2) width 32: "<td>"
        RenderText {#text} at (237,0) size 41x18
          text run at (237,0) width 41: " have "
        RenderInline {CODE} at (0,0) size 297x15
          RenderText {#text} at (277,2) size 297x15
            text run at (277,2) width 297: "style=\"border-left: green 10px solid;\""
        RenderText {#text} at (573,0) size 5x18
          text run at (573,0) width 5: "."
      RenderTable {TABLE} at (0,1307) size 468x90 [border: (1px outset #808080)]
        RenderTableSection {TBODY} at (1,1) size 466x87
          RenderTableRow {TR} at (0,5) size 466x22
            RenderTableCell {TD} at (5,5) size 456x22 [border: (1px inset #808080) (10px solid #008000)] [r=0 c=0 rs=1 cs=2]
              RenderText {#text} at (11,2) size 443x18
                text run at (11,2) width 443: "Every cell in this table should have a 10-pixel solid green left border."
          RenderTableRow {TR} at (0,32) size 466x50
            RenderTableCell {TD} at (5,46) size 119x22 [border: (1px inset #808080) (10px solid #008000)] [r=1 c=0 rs=1 cs=1]
              RenderText {#text} at (11,2) size 54x18
                text run at (11,2) width 54: "Cell one"
            RenderTableCell {TD} at (128,32) size 333x50 [border: (1px inset #808080) (10px solid #008000)] [r=1 c=1 rs=1 cs=1]
              RenderBlock (anonymous) at (11,2) size 319x18
                RenderText {#text} at (0,0) size 55x18
                  text run at (0,0) width 55: "Cell two"
              RenderTable {TABLE} at (11,20) size 175x28 [border: (1px outset #808080)]
                RenderTableSection {TBODY} at (1,1) size 173x26
                  RenderTableRow {TR} at (0,2) size 173x22
                    RenderTableCell {TD} at (2,2) size 169x22 [border: (1px inset #808080) (10px solid #008000)] [r=0 c=0 rs=1 cs=1]
                      RenderText {#text} at (11,2) size 156x18
                        text run at (11,2) width 156: "Nested single-cell table!"
      RenderBlock (anonymous) at (0,1396) size 769x19
        RenderBR {BR} at (0,0) size 0x18
      RenderBlock {P} at (0,1430) size 769x19
        RenderInline {CODE} at (0,0) size 55x15
          RenderText {#text} at (0,2) size 55x15
            text run at (0,2) width 55: "<table>"
        RenderText {#text} at (54,0) size 69x18
          text run at (54,0) width 69: " has *no* "
        RenderInline {CODE} at (0,0) size 48x15
          RenderText {#text} at (122,2) size 48x15
            text run at (122,2) width 48: "border"
        RenderText {#text} at (169,0) size 75x18
          text run at (169,0) width 75: " attribute; "
        RenderInline {CODE} at (0,0) size 32x15
          RenderText {#text} at (243,2) size 32x15
            text run at (243,2) width 32: "<td>"
        RenderText {#text} at (274,0) size 41x18
          text run at (274,0) width 41: " have "
        RenderInline {CODE} at (0,0) size 297x15
          RenderText {#text} at (314,2) size 297x15
            text run at (314,2) width 297: "style=\"border-left: green 10px solid;\""
        RenderText {#text} at (610,0) size 5x18
          text run at (610,0) width 5: "."
      RenderTable {TABLE} at (0,1464) size 465x80
        RenderTableSection {TBODY} at (0,0) size 465x79
          RenderTableRow {TR} at (0,5) size 465x20
            RenderTableCell {TD} at (5,5) size 455x20 [border: none (10px solid #008000)] [r=0 c=0 rs=1 cs=2]
              RenderText {#text} at (11,1) size 443x18
                text run at (11,1) width 443: "Every cell in this table should have a 10-pixel solid green left border."
          RenderTableRow {TR} at (0,30) size 465x44
            RenderTableCell {TD} at (5,42) size 119x20 [border: none (10px solid #008000)] [r=1 c=0 rs=1 cs=1]
              RenderText {#text} at (11,1) size 54x18
                text run at (11,1) width 54: "Cell one"
            RenderTableCell {TD} at (128,30) size 332x44 [border: none (10px solid #008000)] [r=1 c=1 rs=1 cs=1]
              RenderBlock (anonymous) at (11,1) size 319x18
                RenderText {#text} at (0,0) size 55x18
                  text run at (0,0) width 55: "Cell two"
              RenderTable {TABLE} at (11,19) size 172x24
                RenderTableSection {TBODY} at (0,0) size 172x24
                  RenderTableRow {TR} at (0,2) size 172x20
                    RenderTableCell {TD} at (2,2) size 168x20 [border: none (10px solid #008000)] [r=0 c=0 rs=1 cs=1]
                      RenderText {#text} at (11,1) size 156x18
                        text run at (11,1) width 156: "Nested single-cell table!"
      RenderBlock (anonymous) at (0,1543) size 769x19
        RenderBR {BR} at (0,0) size 0x18
      RenderBlock {H3} at (0,1590) size 769x23
        RenderText {#text} at (0,0) size 56x22
          text run at (0,0) width 56: "border"
      RenderBlock {P} at (0,1631) size 769x19
        RenderInline {CODE} at (0,0) size 55x15
          RenderText {#text} at (0,2) size 55x15
            text run at (0,2) width 55: "<table>"
        RenderText {#text} at (54,0) size 32x18
          text run at (54,0) width 32: " has "
        RenderInline {CODE} at (0,0) size 48x15
          RenderText {#text} at (85,2) size 48x15
            text run at (85,2) width 48: "border"
        RenderText {#text} at (132,0) size 75x18
          text run at (132,0) width 75: " attribute; "
        RenderInline {CODE} at (0,0) size 32x15
          RenderText {#text} at (206,2) size 32x15
            text run at (206,2) width 32: "<td>"
        RenderText {#text} at (237,0) size 41x18
          text run at (237,0) width 41: " have "
        RenderInline {CODE} at (0,0) size 258x15
          RenderText {#text} at (277,2) size 258x15
            text run at (277,2) width 258: "style=\"border: green 10px solid;\""
        RenderText {#text} at (534,0) size 5x18
          text run at (534,0) width 5: "."
      RenderTable {TABLE} at (0,1665) size 451x144 [border: (1px outset #808080)]
        RenderTableSection {TBODY} at (1,1) size 449x141
          RenderTableRow {TR} at (0,5) size 449x40
            RenderTableCell {TD} at (5,5) size 439x40 [border: (10px solid #008000)] [r=0 c=0 rs=1 cs=2]
              RenderText {#text} at (11,11) size 417x18
                text run at (11,11) width 417: "Every cell in this table should have a 10-pixel solid green border."
          RenderTableRow {TR} at (0,50) size 449x86
            RenderTableCell {TD} at (5,73) size 117x40 [border: (10px solid #008000)] [r=1 c=0 rs=1 cs=1]
              RenderText {#text} at (11,11) size 54x18
                text run at (11,11) width 54: "Cell one"
            RenderTableCell {TD} at (126,50) size 318x86 [border: (10px solid #008000)] [r=1 c=1 rs=1 cs=1]
              RenderBlock (anonymous) at (11,11) size 295x18
                RenderText {#text} at (0,0) size 55x18
                  text run at (0,0) width 55: "Cell two"
              RenderTable {TABLE} at (11,29) size 184x46 [border: (1px outset #808080)]
                RenderTableSection {TBODY} at (1,1) size 182x44
                  RenderTableRow {TR} at (0,2) size 182x40
                    RenderTableCell {TD} at (2,2) size 178x40 [border: (10px solid #008000)] [r=0 c=0 rs=1 cs=1]
                      RenderText {#text} at (11,11) size 156x18
                        text run at (11,11) width 156: "Nested single-cell table!"
      RenderBlock (anonymous) at (0,1808) size 769x19
        RenderBR {BR} at (0,0) size 0x18
      RenderBlock {P} at (0,1842) size 769x19
        RenderInline {CODE} at (0,0) size 55x15
          RenderText {#text} at (0,2) size 55x15
            text run at (0,2) width 55: "<table>"
        RenderText {#text} at (54,0) size 69x18
          text run at (54,0) width 69: " has *no* "
        RenderInline {CODE} at (0,0) size 48x15
          RenderText {#text} at (122,2) size 48x15
            text run at (122,2) width 48: "border"
        RenderText {#text} at (169,0) size 75x18
          text run at (169,0) width 75: " attribute; "
        RenderInline {CODE} at (0,0) size 32x15
          RenderText {#text} at (243,2) size 32x15
            text run at (243,2) width 32: "<td>"
        RenderText {#text} at (274,0) size 41x18
          text run at (274,0) width 41: " have "
        RenderInline {CODE} at (0,0) size 258x15
          RenderText {#text} at (314,2) size 258x15
            text run at (314,2) width 258: "style=\"border: green 10px solid;\""
        RenderText {#text} at (571,0) size 5x18
          text run at (571,0) width 5: "."
      RenderTable {TABLE} at (0,1876) size 449x140
        RenderTableSection {TBODY} at (0,0) size 449x139
          RenderTableRow {TR} at (0,5) size 449x40
            RenderTableCell {TD} at (5,5) size 439x40 [border: (10px solid #008000)] [r=0 c=0 rs=1 cs=2]
              RenderText {#text} at (11,11) size 417x18
                text run at (11,11) width 417: "Every cell in this table should have a 10-pixel solid green border."
          RenderTableRow {TR} at (0,50) size 449x84
            RenderTableCell {TD} at (5,72) size 118x40 [border: (10px solid #008000)] [r=1 c=0 rs=1 cs=1]
              RenderText {#text} at (11,11) size 54x18
                text run at (11,11) width 54: "Cell one"
            RenderTableCell {TD} at (127,50) size 317x84 [border: (10px solid #008000)] [r=1 c=1 rs=1 cs=1]
              RenderBlock (anonymous) at (11,11) size 295x18
                RenderText {#text} at (0,0) size 55x18
                  text run at (0,0) width 55: "Cell two"
              RenderTable {TABLE} at (11,29) size 182x44
                RenderTableSection {TBODY} at (0,0) size 182x44
                  RenderTableRow {TR} at (0,2) size 182x40
                    RenderTableCell {TD} at (2,2) size 178x40 [border: (10px solid #008000)] [r=0 c=0 rs=1 cs=1]
                      RenderText {#text} at (11,11) size 156x18
                        text run at (11,11) width 156: "Nested single-cell table!"
layer at (8,34) size 769x2 clip at (0,0) size 0x0
  RenderBlock {HR} at (0,26) size 769x2 [border: (1px inset #000000)]
layer at (8,448) size 769x2 clip at (0,0) size 0x0
  RenderBlock {HR} at (0,440) size 769x3 [border: (1px inset #000000)]
layer at (8,806) size 769x2 clip at (0,0) size 0x0
  RenderBlock {HR} at (0,797) size 769x3 [border: (1px inset #000000)]
layer at (8,1220) size 769x2 clip at (0,0) size 0x0
  RenderBlock {HR} at (0,1212) size 769x3 [border: (1px inset #000000)]
layer at (8,1578) size 769x2 clip at (0,0) size 0x0
  RenderBlock {HR} at (0,1569) size 769x3 [border: (1px inset #000000)]
