layer at (0,0) size 800x600
  RenderView at (0,0) size 800x600
layer at (0,0) size 800x600
  RenderBlock {HTML} at (0,0) size 800x600
    RenderBody {BODY} at (8,8) size 784x576
      RenderBlock {FORM} at (0,0) size 784x23
        RenderTable {TABLE} at (0,0) size 685x23 [bgcolor=#FFE030] [border: (1px outset #808080)]
          RenderTableSection {TBODY} at (1,1) size 683x21
            RenderTableRow {TR} at (0,0) size 683x21
              RenderTableCell {TD} at (0,0) size 683x21 [border: (1px inset #808080)] [r=0 c=0 rs=1 cs=1]
                RenderInline {NOBR} at (0,0) size 681x18
                  RenderTextControl {INPUT} at (1,1) size 218x19 [bgcolor=#FFFFFF] [border: (2px inset #808080)]
                  RenderText {#text} at (218,1) size 15x18
                    text run at (218,1) width 15: " - "
                  RenderTextControl {INPUT} at (232,1) size 218x19 [bgcolor=#FFFFFF] [border: (2px inset #808080)]
                  RenderText {#text} at (449,1) size 15x18
                    text run at (449,1) width 15: " - "
                  RenderTextControl {INPUT} at (463,1) size 219x19 [bgcolor=#FFFFFF] [border: (2px inset #808080)]
                RenderText {#text} at (0,0) size 0x0
            RenderTableRow {TR} at (0,21) size 683x0
layer at (13,13) size 212x13
  RenderBlock {DIV} at (3,3) size 212x13
layer at (244,13) size 212x13
  RenderBlock {DIV} at (3,3) size 212x13
layer at (475,13) size 212x13
  RenderBlock {DIV} at (3,3) size 212x13
