layer at (0,0) size 800x600
  RenderView at (0,0) size 800x600
layer at (0,0) size 800x600
  RenderBlock {HTML} at (0,0) size 800x600
    RenderBody {BODY} at (8,8) size 784x584
      RenderBlock (anonymous) at (0,0) size 784x36
        RenderText {#text} at (0,0) size 267x18
          text run at (0,0) width 267: "Tables: both lines should be 1 pixel thick."
        RenderBR {BR} at (266,0) size 1x18
        RenderBR {BR} at (0,18) size 0x18
      RenderTable {TABLE} at (0,36) size 36x5
        RenderTableSection {TBODY} at (0,0) size 36x5
          RenderTableRow {TR} at (0,2) size 36x1
            RenderTableCell {TD} at (2,2) size 30x1 [bgcolor=#FF0000] [r=0 c=0 rs=1 cs=1]
              RenderImage {IMG} at (0,0) size 30x1
            RenderTableCell {TD} at (34,2) size 0x0 [r=0 c=1 rs=1 cs=1]
      RenderBlock (anonymous) at (0,41) size 784x18
        RenderBR {BR} at (0,0) size 0x18
      RenderTable {TABLE} at (0,59) size 34x5
        RenderTableSection {TBODY} at (0,0) size 34x5
          RenderTableRow {TR} at (0,2) size 34x1
            RenderTableCell {TD} at (2,2) size 30x1 [bgcolor=#FF0000] [r=0 c=0 rs=1 cs=1]
              RenderImage {IMG} at (0,0) size 30x1
      RenderBlock (anonymous) at (0,64) size 784x170
        RenderBR {BR} at (0,0) size 0x18
        RenderBR {BR} at (0,18) size 0x18
        RenderBR {BR} at (0,36) size 0x18
        RenderText {#text} at (0,54) size 402x18
          text run at (0,54) width 223: "2 texts, FACE=\"Arial, Helvetica\", "
          text run at (222,54) width 180: "1st at size=0, 2nd at size=-4"
        RenderBR {BR} at (401,54) size 1x18
        RenderBR {BR} at (0,72) size 0x18
        RenderInline {FONT} at (0,0) size 101x22
          RenderText {#text} at (0,90) size 101x11
            text run at (0,90) width 101: "Detonator 3.53 Drivers"
          RenderBR {BR} at (100,90) size 1x11
          RenderText {#text} at (0,101) size 74x11
            text run at (0,101) width 74: "Available NOW! "
        RenderBR {BR} at (73,96) size 1x18
        RenderBR {BR} at (0,112) size 0x18
        RenderInline {FONT} at (0,0) size 101x22
          RenderText {#text} at (0,130) size 101x11
            text run at (0,130) width 101: "Detonator 3.53 Drivers"
          RenderBR {BR} at (100,130) size 1x11
          RenderText {#text} at (0,141) size 74x11
            text run at (0,141) width 74: "Available NOW! "
        RenderBR {BR} at (73,136) size 1x18
        RenderBR {BR} at (0,152) size 0x18
