layer at (0,0) size 800x600
  RenderView at (0,0) size 800x600
layer at (0,0) size 800x600
  RenderBlock {HTML} at (0,0) size 800x600
    RenderBody {BODY} at (8,8) size 784x584 [bgcolor=#68A8E8]
      RenderBlock {DIV} at (0,0) size 784x26 [bgcolor=#D0D0D0]
        RenderText {#text} at (322,0) size 140x26
          text run at (322,0) width 140: "Font Size:6mm"
      RenderTable {TABLE} at (0,25) size 784x127 [bgcolor=#008000]
        RenderTableSection {TBODY} at (0,0) size 784x127
          RenderTableRow {TR} at (0,2) size 784x123
            RenderTableCell {TD} at (2,2) size 389x119 [r=0 c=0 rs=1 cs=1]
              RenderBlock {DIV} at (1,1) size 387x26 [bgcolor=#D0D0D0]
                RenderText {#text} at (94,0) size 199x26
                  text run at (94,0) width 199: "Table height at 24mm"
              RenderTable {TABLE} at (1,26) size 387x92
                RenderTableSection {THEAD} at (0,0) size 387x32 [bgcolor=#FF0000]
                  RenderTableRow {TR} at (0,2) size 387x28
                    RenderTableCell {TD} at (2,2) size 383x28 [r=0 c=0 rs=1 cs=1]
                      RenderText {#text} at (151,1) size 81x26
                        text run at (151,1) width 81: "THEAD"
                RenderTableSection {TFOOT} at (0,61) size 387x31 [bgcolor=#0000FF]
                  RenderTableRow {TR} at (0,0) size 387x28
                    RenderTableCell {TD} at (2,0) size 383x28 [r=0 c=0 rs=1 cs=1]
                      RenderText {#text} at (154,1) size 75x26
                        text run at (154,1) width 75: "TFOOT"
                RenderTableSection {TBODY} at (0,31) size 387x31 [bgcolor=#FFFF00]
                  RenderTableRow {TR} at (0,0) size 387x28
                    RenderTableCell {TD} at (2,0) size 383x28 [r=0 c=0 rs=1 cs=1]
                      RenderText {#text} at (155,1) size 73x26
                        text run at (155,1) width 73: "TBODY"
            RenderTableCell {TD} at (393,2) size 389x123 [r=0 c=1 rs=1 cs=1]
              RenderBlock {DIV} at (1,1) size 387x26 [bgcolor=#D0D0D0]
                RenderText {#text} at (94,0) size 199x26
                  text run at (94,0) width 199: "Table height at 25mm"
              RenderTable {TABLE} at (1,26) size 387x96
                RenderTableSection {THEAD} at (0,0) size 387x32 [bgcolor=#FF0000]
                  RenderTableRow {TR} at (0,2) size 387x28
                    RenderTableCell {TD} at (2,2) size 383x28 [r=0 c=0 rs=1 cs=1]
                      RenderText {#text} at (151,1) size 81x26
                        text run at (151,1) width 81: "THEAD"
                RenderTableSection {TFOOT} at (0,64) size 387x31 [bgcolor=#0000FF]
                  RenderTableRow {TR} at (0,0) size 387x28
                    RenderTableCell {TD} at (2,0) size 383x28 [r=0 c=0 rs=1 cs=1]
                      RenderText {#text} at (154,1) size 75x26
                        text run at (154,1) width 75: "TFOOT"
                RenderTableSection {TBODY} at (0,31) size 387x34 [bgcolor=#FFFF00]
                  RenderTableRow {TR} at (0,0) size 387x32
                    RenderTableCell {TD} at (2,0) size 383x28 [r=0 c=0 rs=1 cs=1]
                      RenderText {#text} at (155,1) size 73x26
                        text run at (155,1) width 73: "TBODY"
