layer at (0,0) size 800x600
  RenderView at (0,0) size 800x600
layer at (0,0) size 800x600
  RenderBlock {HTML} at (0,0) size 800x600
    RenderBody {BODY} at (8,8) size 784x584
      RenderBlock {CENTER} at (0,0) size 784x200
        RenderTable {TABLE} at (76,0) size 632x200 [border: (1px solid #FF0000)]
          RenderTableSection {TBODY} at (1,1) size 628x197
            RenderTableRow {TR} at (0,0) size 628x22
              RenderTableCell {TD} at (0,0) size 628x22 [border: (2px solid #FF0000)] [r=0 c=0 rs=1 cs=2]
                RenderText {#text} at (3,3) size 180x18
                  text run at (3,3) width 180: "parent table, 1st row, 1st col"
            RenderTableRow {TR} at (0,22) size 628x175
              RenderTableCell {TD} at (0,22) size 143x175 [border: (1px solid #FF0000)] [r=1 c=0 rs=1 cs=1]
                RenderBlock {FORM} at (3,2) size 139x155
                  RenderTable {TABLE} at (0,0) size 139x155 [border: (1px solid #00FF00)]
                    RenderTableSection {TBODY} at (1,1) size 136x152
                      RenderTableRow {TR} at (0,0) size 136x22
                        RenderTableCell {TD} at (0,0) size 136x22 [border: (2px solid #00FF00)] [r=0 c=0 rs=1 cs=1]
                          RenderText {#text} at (3,3) size 24x18
                            text run at (3,3) width 24: "text"
                      RenderTableRow {TR} at (0,22) size 136x37
                        RenderTableCell {TD} at (0,22) size 136x37 [border: (1px solid #00FF00)] [r=1 c=0 rs=1 cs=1]
                          RenderTable {TABLE} at (3,2) size 131x34 [border: (1px solid #FFFF00)]
                            RenderTableSection {TBODY} at (1,1) size 128x31
                              RenderTableRow {TR} at (0,0) size 128x31
                                RenderTableCell {TD} at (0,1) size 103x29 [border: (2px solid #FFFF00)] [r=0 c=0 rs=1 cs=1]
                                  RenderTextControl {INPUT} at (5,5) size 84x19 [bgcolor=#FFFFFF] [border: (2px inset #000000)]
                                  RenderText {#text} at (0,0) size 0x0
                                RenderTableCell {TD} at (102,0) size 27x31 [border: (2px solid #FFFF00)] [r=0 c=1 rs=1 cs=1]
                                  RenderImage {INPUT} at (3,7) size 20x18
                                  RenderText {#text} at (0,0) size 0x0
                      RenderTableRow {TR} at (0,59) size 136x21
                        RenderTableCell {TD} at (0,59) size 136x21 [border: (1px solid #00FF00)] [r=2 c=0 rs=1 cs=1]
                          RenderText {#text} at (3,2) size 24x18
                            text run at (3,2) width 24: "text"
                      RenderTableRow {TR} at (0,80) size 136x50
                        RenderTableCell {TD} at (0,80) size 136x50 [border: (1px solid #00FF00)] [r=3 c=0 rs=1 cs=1]
                          RenderBlock (anonymous) at (3,2) size 131x0
                            RenderInline {FONT} at (0,0) size 0x0
                          RenderTable {TABLE} at (3,2) size 131x47 [border: (1px solid #FF00FF)]
                            RenderTableSection {TBODY} at (1,1) size 128x44
                              RenderTableRow {TR} at (0,0) size 128x22
                                RenderTableCell {TD} at (0,0) size 128x22 [border: (2px solid #FF00FF)] [r=0 c=0 rs=1 cs=1]
                                  RenderText {#text} at (3,3) size 54x18
                                    text run at (3,3) width 54: "problem"
                              RenderTableRow {TR} at (0,22) size 128x22
                                RenderTableCell {TD} at (0,22) size 128x22 [border: (1px solid #FF00FF)] [r=1 c=0 rs=1 cs=1]
                                  RenderText {#text} at (3,2) size 54x18
                                    text run at (3,2) width 54: "problem"
                      RenderTableRow {TR} at (0,130) size 136x22
                        RenderTableCell {TD} at (0,130) size 136x22 [border: (1px solid #00FF00)] [r=4 c=0 rs=1 cs=1]
                          RenderText {#text} at (3,2) size 24x18
                            text run at (3,2) width 24: "text"
              RenderTableCell {TD} at (143,22) size 485x30 [border: (1px solid #FF0000)] [r=1 c=1 rs=1 cs=1]
                RenderTable {TABLE} at (2,2) size 481x26 [border: (1px solid #0000FF)]
                  RenderTableSection {TBODY} at (1,1) size 478x23
                    RenderTableRow {TR} at (0,0) size 478x23
                      RenderTableCell {TD} at (0,0) size 478x23 [border: (2px solid #0000FF)] [r=0 c=0 rs=1 cs=1]
                        RenderText {#text} at (3,3) size 48x18
                          text run at (3,3) width 48: "overlap"
layer at (102,69) size 78x13 backgroundClip at (102,69) size 77x13 clip at (102,69) size 77x13
  RenderBlock {DIV} at (3,3) size 78x13
