layer at (0,0) size 800x600
  RenderView at (0,0) size 800x600
layer at (0,0) size 800x600
  RenderBlock {HTML} at (0,0) size 800x600
    RenderBody {BODY} at (8,8) size 784x584
      RenderBlock {H3} at (0,0) size 784x22
        RenderText {#text} at (0,0) size 197x22
          text run at (0,0) width 197: "With long hidden values"
      RenderTable {TABLE} at (0,40) size 198x68 [border: (1px solid #FF0000)]
        RenderTableSection {TBODY} at (1,1) size 196x65
          RenderTableRow {TR} at (0,2) size 196x59
            RenderTableCell {TD} at (2,2) size 192x59 [r=0 c=0 rs=1 cs=1]
              RenderBlock {FORM} at (1,1) size 190x41
                RenderTextControl {INPUT} at (2,2) size 98x19 [bgcolor=#FFFFFF] [border: (2px inset #000000)]
                RenderText {#text} at (101,2) size 5x18
                  text run at (101,2) width 5: " "
                RenderButton {INPUT} at (107,3) size 39x18 [color=#000000D8] [bgcolor=#C0C0C0]
                  RenderBlock (anonymous) at (8,2) size 22x13
                    RenderText at (0,0) size 22x13
                      text run at (0,0) width 22: " Go "
                RenderText {#text} at (147,2) size 5x18
                  text run at (147,2) width 5: " "
                RenderBR {BR} at (151,2) size 1x18
                RenderText {#text} at (0,23) size 190x18
                  text run at (0,23) width 190: "Enter City Name or Zip Code"
          RenderTableRow {TR} at (0,63) size 196x0
      RenderBlock {HR} at (0,115) size 784x3 [border: (1px inset #000000)]
      RenderBlock {H3} at (0,136) size 784x23
        RenderText {#text} at (0,0) size 204x22
          text run at (0,0) width 204: "With short hidden values"
      RenderTable {TABLE} at (0,177) size 198x68 [border: (1px solid #FF0000)]
        RenderTableSection {TBODY} at (1,1) size 196x65
          RenderTableRow {TR} at (0,2) size 196x59
            RenderTableCell {TD} at (2,2) size 192x59 [r=0 c=0 rs=1 cs=1]
              RenderBlock {FORM} at (1,1) size 190x41
                RenderTextControl {INPUT} at (2,2) size 98x19 [bgcolor=#FFFFFF] [border: (2px inset #000000)]
                RenderText {#text} at (101,2) size 5x18
                  text run at (101,2) width 5: " "
                RenderButton {INPUT} at (107,3) size 39x18 [color=#000000D8] [bgcolor=#C0C0C0]
                  RenderBlock (anonymous) at (8,2) size 22x13
                    RenderText at (0,0) size 22x13
                      text run at (0,0) width 22: " Go "
                RenderText {#text} at (147,2) size 5x18
                  text run at (147,2) width 5: " "
                RenderBR {BR} at (151,2) size 1x18
                RenderText {#text} at (0,23) size 190x18
                  text run at (0,23) width 190: "Enter City Name or Zip Code"
          RenderTableRow {TR} at (0,63) size 196x0
layer at (17,58) size 92x13
  RenderBlock {DIV} at (3,3) size 92x13
layer at (17,194) size 92x13
  RenderBlock {DIV} at (3,3) size 92x13
