layer at (0,0) size 800x600
  RenderView at (0,0) size 800x600
layer at (0,0) size 800x600
  RenderBlock {HTML} at (0,0) size 800x600
    RenderBody {BODY} at (8,8) size 784x584
      RenderTable {TABLE} at (0,0) size 124x76 [border: (1px outset #808080)]
        RenderBlock {CAPTION} at (0,0) size 124x0
        RenderTableSection {TBODY} at (1,1) size 122x74
          RenderTableRow {TR} at (0,2) size 122x22
            RenderTableCell {TD} at (2,2) size 58x22 [border: (1px inset #808080)] [r=0 c=0 rs=1 cs=1]
              RenderText {#text} at (2,2) size 54x18
                text run at (2,2) width 54: "cell data"
            RenderTableCell {TD} at (61,2) size 59x22 [border: (1px inset #808080)] [r=0 c=1 rs=1 cs=1]
              RenderText {#text} at (2,2) size 54x18
                text run at (2,2) width 54: "cell data"
          RenderTableRow {TR} at (0,26) size 122x22
            RenderTableCell {TD} at (2,26) size 58x22 [border: (1px inset #808080)] [r=1 c=0 rs=1 cs=1]
              RenderText {#text} at (2,2) size 54x18
                text run at (2,2) width 54: "cell data"
            RenderTableCell {TD} at (61,26) size 59x22 [border: (1px inset #808080)] [r=1 c=1 rs=1 cs=1]
              RenderText {#text} at (2,2) size 54x18
                text run at (2,2) width 54: "cell data"
          RenderTableRow {TR} at (0,50) size 122x22
            RenderTableCell {TD} at (2,50) size 58x22 [border: (1px inset #808080)] [r=2 c=0 rs=1 cs=1]
              RenderText {#text} at (2,2) size 54x18
                text run at (2,2) width 54: "cell data"
            RenderTableCell {TD} at (61,50) size 59x22 [border: (1px inset #808080)] [r=2 c=1 rs=1 cs=1]
              RenderText {#text} at (2,2) size 54x18
                text run at (2,2) width 54: "cell data"
      RenderBlock (anonymous) at (0,76) size 784x18
        RenderText {#text} at (0,0) size 187x18
          text run at (0,0) width 187: "[object HTMLTableElement]"
