layer at (0,0) size 800x600
  RenderView at (0,0) size 800x600
layer at (0,0) size 800x218
  RenderBlock {HTML} at (0,0) size 800x218
    RenderBody {BODY} at (8,8) size 784x202
      RenderTable {TABLE} at (0,0) size 400x202 [border: (1px outset #808080)]
        RenderBlock {CAPTION} at (0,0) size 400x18
          RenderText {#text} at (45,0) size 310x18
            text run at (45,0) width 310: "Table is 400 px width, set with table width=400."
        RenderTableCol {COLGROUP} at (0,0) size 0x0
          RenderTableCol {COL} at (0,0) size 0x0
          RenderTableCol {COL} at (0,0) size 0x0
          RenderTableCol {COL} at (0,0) size 0x0
        RenderTableSection {TBODY} at (1,19) size 398x182
          RenderTableRow {TR} at (0,0) size 398x182
            RenderTableCell {TD} at (0,0) size 398x182 [border: (1px inset #808080)] [r=0 c=0 rs=1 cs=3]
              RenderText {#text} at (1,1) size 391x180
                text run at (1,1) width 311: "table Cols 1 - 3. There must be a lot of text here "
                text run at (311,1) width 67: "in order to"
                text run at (1,19) width 228: "see the bug. table Cols 1 - 3. There "
                text run at (228,19) width 160: "must be a lot of text here"
                text run at (1,37) width 151: "in order to see the bug. "
                text run at (151,37) width 230: "table Cols 1 - 3. There must be a lot"
                text run at (1,55) width 77: "of text here "
                text run at (77,55) width 295: "in order to see the bug. table Cols 1 - 3. There"
                text run at (1,73) width 314: "must be a lot of text here in order to see the bug. "
                text run at (314,73) width 78: "table Cols 1"
                text run at (1,91) width 230: "- 3. There must be a lot of text here "
                text run at (230,91) width 148: "in order to see the bug."
                text run at (1,109) width 148: "table Cols 1 - 3. There "
                text run at (148,109) width 230: "must be a lot of text here in order to"
                text run at (1,127) width 80: "see the bug. "
                text run at (80,127) width 308: "table Cols 1 - 3. There must be a lot of text here"
                text run at (1,145) width 298: "in order to see the bug. table Cols 1 - 3. There "
                text run at (298,145) width 83: "must be a lot"
                text run at (1,163) width 224: "of text here in order to see the bug."
