layer at (0,0) size 800x600
  RenderView at (0,0) size 800x600
layer at (0,0) size 800x600
  RenderBlock {HTML} at (0,0) size 800x600
    RenderBody {BODY} at (0,0) size 800x600
      RenderTable {TABLE} at (0,0) size 111x36 [bgcolor=#0000FF]
        RenderTableSection {TBODY} at (0,0) size 111x36
          RenderTableRow {TR} at (0,0) size 111x36
            RenderTableCell {TD} at (0,0) size 111x36 [r=0 c=0 rs=1 cs=1]
              RenderText {#text} at (0,0) size 66x18
                text run at (0,0) width 66: "Left Table"
              RenderBR {BR} at (65,0) size 1x18
              RenderText {#text} at (0,18) size 111x18
                text run at (0,18) width 111: "ALIGN=\"LEFT\""
              RenderBR {BR} at (110,18) size 1x18
      RenderTable {TABLE} at (110,0) size 111x36 [bgcolor=#0000FF]
        RenderTableSection {TBODY} at (0,0) size 111x36
          RenderTableRow {TR} at (0,0) size 111x36
            RenderTableCell {TD} at (0,0) size 111x36 [r=0 c=0 rs=1 cs=1]
              RenderText {#text} at (0,0) size 82x18
                text run at (0,0) width 82: "Center Table"
              RenderBR {BR} at (81,0) size 1x18
              RenderText {#text} at (0,18) size 111x18
                text run at (0,18) width 111: "ALIGN=\"LEFT\""
              RenderBR {BR} at (110,18) size 1x18
      RenderTable {TABLE} at (220,0) size 111x36 [bgcolor=#0000FF]
        RenderTableSection {TBODY} at (0,0) size 111x36
          RenderTableRow {TR} at (0,0) size 111x36
            RenderTableCell {TD} at (0,0) size 111x36 [r=0 c=0 rs=1 cs=1]
              RenderText {#text} at (0,0) size 75x18
                text run at (0,0) width 75: "Right Table"
              RenderBR {BR} at (74,0) size 1x18
              RenderText {#text} at (0,18) size 111x18
                text run at (0,18) width 111: "ALIGN=\"LEFT\""
              RenderBR {BR} at (110,18) size 1x18
      RenderBR {BR} at (330,0) size 1x18
      RenderBR {BR} at (0,36) size 0x18
      RenderText {#text} at (0,54) size 493x18
        text run at (0,54) width 493: "The three tables above should abut each other. (in NN3/4 and IE4/5 they do)."
