layer at (0,0) size 800x600
  RenderView at (0,0) size 800x600
layer at (0,0) size 800x600
  RenderBlock {HTML} at (0,0) size 800x600
    RenderBody {BODY} at (8,8) size 784x584
      RenderBlock {P} at (0,0) size 784x18
        RenderText {#text} at (0,0) size 195x18
          text run at (0,0) width 195: "Tests of padding in table cells."
      RenderTable {TABLE} at (0,34) size 394x126
        RenderTableSection {TBODY} at (0,0) size 394x126
          RenderTableRow {TR} at (0,2) size 394x122
            RenderTableCell {TD} at (2,2) size 136x122 [r=0 c=0 rs=1 cs=1]
              RenderBlock {P} at (10,10) size 116x18
                RenderInline {B} at (0,0) size 116x18
                  RenderText {#text} at (0,0) size 116x18
                    text run at (0,0) width 116: "1) padding: 20px"
              RenderTable {TABLE} at (10,44) size 83x68 [border: (1px outset #808080)]
                RenderTableSection {TBODY} at (1,1) size 81x66
                  RenderTableRow {TR} at (0,2) size 81x62
                    RenderTableCell {TD} at (2,2) size 77x62 [border: (1px inset #808080)] [r=0 c=0 rs=1 cs=1]
                      RenderBlock {DIV} at (21,21) size 35x20 [border: (1px dashed #FF0000)]
                        RenderText {#text} at (1,1) size 33x18
                          text run at (1,1) width 33: "FOO"
            RenderTableCell {TD} at (139,2) size 253x122 [r=0 c=1 rs=1 cs=1]
              RenderBlock {P} at (10,10) size 232x18
                RenderInline {B} at (0,0) size 232x18
                  RenderText {#text} at (0,0) size 232x18
                    text run at (0,0) width 232: "2) padding: 10px 25px 30px 45px;"
              RenderTable {TABLE} at (10,44) size 113x68 [border: (1px outset #808080)]
                RenderTableSection {TBODY} at (1,1) size 111x66
                  RenderTableRow {TR} at (0,2) size 111x62
                    RenderTableCell {TD} at (2,2) size 107x62 [border: (1px inset #808080)] [r=0 c=0 rs=1 cs=1]
                      RenderBlock {DIV} at (46,11) size 35x20 [border: (1px dashed #FF0000)]
                        RenderText {#text} at (1,1) size 33x18
                          text run at (1,1) width 33: "FOO"
      RenderBlock (anonymous) at (0,160) size 784x18
        RenderBR {BR} at (0,0) size 0x18
      RenderTable {TABLE} at (0,178) size 701x107
        RenderTableSection {TBODY} at (0,0) size 701x107
          RenderTableRow {TR} at (0,2) size 701x103
            RenderTableCell {TD} at (2,2) size 164x84 [r=0 c=0 rs=1 cs=1]
              RenderBlock {P} at (10,10) size 144x18
                RenderInline {B} at (0,0) size 144x18
                  RenderText {#text} at (0,0) size 144x18
                    text run at (0,0) width 144: "3) padding-left: 20px"
              RenderTable {TABLE} at (10,44) size 64x30 [border: (1px outset #808080)]
                RenderTableSection {TBODY} at (1,1) size 62x28
                  RenderTableRow {TR} at (0,2) size 62x24
                    RenderTableCell {TD} at (2,2) size 58x24 [border: (1px inset #808080)] [r=0 c=0 rs=1 cs=1]
                      RenderBlock {DIV} at (21,2) size 35x20 [border: (1px dashed #FF0000)]
                        RenderText {#text} at (1,1) size 33x18
                          text run at (1,1) width 33: "FOO"
            RenderTableCell {TD} at (167,2) size 175x84 [r=0 c=1 rs=1 cs=1]
              RenderBlock {P} at (10,10) size 155x18
                RenderInline {B} at (0,0) size 155x18
                  RenderText {#text} at (0,0) size 155x18
                    text run at (0,0) width 155: "4) padding-right: 20px"
              RenderTable {TABLE} at (10,44) size 64x30 [border: (1px outset #808080)]
                RenderTableSection {TBODY} at (1,1) size 62x28
                  RenderTableRow {TR} at (0,2) size 62x24
                    RenderTableCell {TD} at (2,2) size 58x24 [border: (1px inset #808080)] [r=0 c=0 rs=1 cs=1]
                      RenderBlock {DIV} at (2,2) size 35x20 [border: (1px dashed #FF0000)]
                        RenderText {#text} at (1,1) size 33x18
                          text run at (1,1) width 33: "FOO"
            RenderTableCell {TD} at (343,2) size 164x103 [r=0 c=2 rs=1 cs=1]
              RenderBlock {P} at (10,10) size 144x18
                RenderInline {B} at (0,0) size 144x18
                  RenderText {#text} at (0,0) size 144x18
                    text run at (0,0) width 144: "5) padding-top: 20px"
              RenderTable {TABLE} at (10,44) size 45x49 [border: (1px outset #808080)]
                RenderTableSection {TBODY} at (1,1) size 43x47
                  RenderTableRow {TR} at (0,2) size 43x43
                    RenderTableCell {TD} at (2,2) size 39x43 [border: (1px inset #808080)] [r=0 c=0 rs=1 cs=1]
                      RenderBlock {DIV} at (2,21) size 35x20 [border: (1px dashed #FF0000)]
                        RenderText {#text} at (1,1) size 33x18
                          text run at (1,1) width 33: "FOO"
            RenderTableCell {TD} at (508,2) size 191x103 [r=0 c=3 rs=1 cs=1]
              RenderBlock {P} at (10,10) size 170x18
                RenderInline {B} at (0,0) size 170x18
                  RenderText {#text} at (0,0) size 170x18
                    text run at (0,0) width 170: "6) padding-bottom: 20px"
              RenderTable {TABLE} at (10,44) size 45x49 [border: (1px outset #808080)]
                RenderTableSection {TBODY} at (1,1) size 43x47
                  RenderTableRow {TR} at (0,2) size 43x43
                    RenderTableCell {TD} at (2,2) size 39x43 [border: (1px inset #808080)] [r=0 c=0 rs=1 cs=1]
                      RenderBlock {DIV} at (2,2) size 35x20 [border: (1px dashed #FF0000)]
                        RenderText {#text} at (1,1) size 33x18
                          text run at (1,1) width 33: "FOO"
      RenderBlock (anonymous) at (0,285) size 784x18
        RenderBR {BR} at (0,0) size 0x18
      RenderBlock {P} at (0,319) size 784x18
        RenderInline {B} at (0,0) size 242x18
          RenderText {#text} at (0,0) size 242x18
            text run at (0,0) width 242: "misc) padding: 20px 10px 40px 0px"
      RenderTable {TABLE} at (0,353) size 53x88 [border: (1px outset #808080)]
        RenderTableSection {TBODY} at (1,1) size 51x86
          RenderTableRow {TR} at (0,2) size 51x82
            RenderTableCell {TD} at (2,2) size 47x82 [border: (1px inset #808080)] [r=0 c=0 rs=1 cs=1]
              RenderBlock {DIV} at (1,21) size 35x20 [border: (1px dashed #FF0000)]
                RenderText {#text} at (1,1) size 33x18
                  text run at (1,1) width 33: "FOO"
      RenderBlock {P} at (0,457) size 784x18
        RenderInline {B} at (0,0) size 334x18
          RenderText {#text} at (0,0) size 334x18
            text run at (0,0) width 334: "misc) padding-top: 10px; padding-bottom: 20px;"
      RenderTable {TABLE} at (0,491) size 45x58 [border: (1px outset #808080)]
        RenderTableSection {TBODY} at (1,1) size 43x56
          RenderTableRow {TR} at (0,2) size 43x52
            RenderTableCell {TD} at (2,2) size 39x52 [border: (1px inset #808080)] [r=0 c=0 rs=1 cs=1]
              RenderBlock {DIV} at (2,11) size 35x20 [border: (1px dashed #FF0000)]
                RenderText {#text} at (1,1) size 33x18
                  text run at (1,1) width 33: "FOO"
