layer at (0,0) size 800x600
  RenderView at (0,0) size 800x600
layer at (0,0) size 800x600
  RenderBlock {HTML} at (0,0) size 800x600
    RenderBody {BODY} at (8,8) size 784x584
      RenderBlock (anonymous) at (0,0) size 784x0
        RenderInline {B} at (0,0) size 0x0
          RenderText {#text} at (0,0) size 0x0
          RenderText {#text} at (0,0) size 0x0
      RenderTable {TABLE} at (0,0) size 229x88 [border: (1px outset #808080)]
        RenderTableSection {TBODY} at (1,1) size 227x86
          RenderTableRow {TR} at (0,5) size 227x22
            RenderTableCell {TD} at (5,5) size 119x22 [border: (1px inset #808080)] [r=0 c=0 rs=1 cs=1]
              RenderText {#text} at (2,2) size 115x18
                text run at (2,2) width 115: "Click name to see"
            RenderTableCell {TD} at (128,18) size 94x23 [bgcolor=#00FF00] [border: (1px inset #808080)] [r=0 c=1 rs=2 cs=1]
              RenderText {#text} at (2,2) size 89x19
                text run at (2,3) width 89: "Mac Clbr Opt"
          RenderTableRow {TR} at (0,32) size 227x22
            RenderTableCell {TD} at (5,32) size 119x22 [border: (1px inset #808080)] [r=1 c=0 rs=1 cs=1]
              RenderText {#text} at (2,2) size 41x18
                text run at (2,2) width 41: "Guilty"
          RenderTableRow {TR} at (0,59) size 227x22
            RenderTableCell {TD} at (5,59) size 119x22 [border: (1px inset #808080)] [r=2 c=0 rs=1 cs=1]
              RenderText {#text} at (2,2) size 4x18
                text run at (2,2) width 4: " "
            RenderTableCell {TD} at (128,59) size 94x22 [bgcolor=#FFFF00] [border: (1px inset #808080)] [r=2 c=1 rs=1 cs=1]
              RenderText {#text} at (2,2) size 24x18
                text run at (2,2) width 24: "L C"
      RenderBlock (anonymous) at (0,88) size 784x18
        RenderInline {B} at (0,0) size 0x18
          RenderText {#text} at (0,0) size 0x0
          RenderBR {BR} at (0,0) size 0x18
          RenderInline {B} at (0,0) size 0x18
            RenderText {#text} at (0,0) size 0x0
            RenderText {#text} at (0,0) size 0x0
      RenderBlock (anonymous) at (0,106) size 784x115
        RenderTable {TABLE} at (0,0) size 229x115 [border: (1px outset #808080)]
          RenderTableSection {TBODY} at (1,1) size 227x113
            RenderTableRow {TR} at (0,5) size 227x22
              RenderTableCell {TD} at (5,5) size 119x22 [border: (1px inset #808080)] [r=0 c=0 rs=1 cs=1]
                RenderText {#text} at (2,2) size 22x18
                  text run at (2,2) width 22: "foo"
              RenderTableCell {TD} at (128,5) size 94x22 [border: (1px inset #808080)] [r=0 c=1 rs=1 cs=1]
                RenderText {#text} at (2,2) size 21x18
                  text run at (2,2) width 21: "bar"
            RenderTableRow {TR} at (0,32) size 227x22
              RenderTableCell {TD} at (5,32) size 119x22 [border: (1px inset #808080)] [r=1 c=0 rs=1 cs=1]
                RenderText {#text} at (2,2) size 115x18
                  text run at (2,2) width 115: "Click name to see"
              RenderTableCell {TD} at (128,45) size 94x23 [bgcolor=#00FF00] [border: (1px inset #808080)] [r=1 c=1 rs=2 cs=1]
                RenderText {#text} at (2,2) size 89x19
                  text run at (2,3) width 89: "Mac Clbr Opt"
            RenderTableRow {TR} at (0,59) size 227x22
              RenderTableCell {TD} at (5,59) size 119x22 [border: (1px inset #808080)] [r=2 c=0 rs=1 cs=1]
                RenderText {#text} at (2,2) size 41x18
                  text run at (2,2) width 41: "Guilty"
            RenderTableRow {TR} at (0,86) size 227x22
              RenderTableCell {TD} at (5,86) size 119x22 [border: (1px inset #808080)] [r=3 c=0 rs=1 cs=1]
                RenderText {#text} at (2,2) size 4x18
                  text run at (2,2) width 4: " "
              RenderTableCell {TD} at (128,86) size 94x22 [bgcolor=#FFFF00] [border: (1px inset #808080)] [r=3 c=1 rs=1 cs=1]
                RenderText {#text} at (2,2) size 24x18
                  text run at (2,2) width 24: "L C"
      RenderBlock (anonymous) at (0,221) size 784x18
        RenderInline {B} at (0,0) size 0x18
          RenderInline {B} at (0,0) size 0x18
            RenderText {#text} at (0,0) size 0x0
            RenderBR {BR} at (0,0) size 0x18
            RenderInline {B} at (0,0) size 0x18
              RenderText {#text} at (0,0) size 0x0
              RenderText {#text} at (0,0) size 0x0
      RenderBlock (anonymous) at (0,239) size 784x88
        RenderTable {TABLE} at (0,0) size 261x88 [border: (1px outset #808080)]
          RenderTableSection {TBODY} at (1,1) size 259x86
            RenderTableRow {TR} at (0,5) size 259x22
              RenderTableCell {TD} at (5,5) size 119x22 [border: (1px inset #808080)] [r=0 c=0 rs=1 cs=1]
                RenderText {#text} at (2,2) size 115x18
                  text run at (2,2) width 115: "Click name to see"
              RenderTableCell {TD} at (128,32) size 94x22 [bgcolor=#00FF00] [border: (1px inset #808080)] [r=0 c=1 rs=3 cs=1]
                RenderText {#text} at (2,2) size 89x18
                  text run at (2,2) width 89: "Mac Clbr Opt"
            RenderTableRow {TR} at (0,32) size 259x22
              RenderTableCell {TD} at (5,32) size 119x22 [border: (1px inset #808080)] [r=1 c=0 rs=1 cs=1]
                RenderText {#text} at (2,2) size 41x18
                  text run at (2,2) width 41: "Guilty"
            RenderTableRow {TR} at (0,59) size 259x22
              RenderTableCell {TD} at (5,59) size 119x22 [border: (1px inset #808080)] [r=2 c=0 rs=1 cs=1]
                RenderText {#text} at (2,2) size 4x18
                  text run at (2,2) width 4: " "
              RenderTableCell {TD} at (226,59) size 28x22 [bgcolor=#FFFF00] [border: (1px inset #808080)] [r=2 c=2 rs=1 cs=1]
                RenderText {#text} at (2,2) size 24x18
                  text run at (2,2) width 24: "L C"
      RenderBlock (anonymous) at (0,327) size 784x18
        RenderInline {B} at (0,0) size 0x18
          RenderInline {B} at (0,0) size 0x18
            RenderInline {B} at (0,0) size 0x18
              RenderText {#text} at (0,0) size 0x0
              RenderBR {BR} at (0,0) size 0x18
              RenderInline {B} at (0,0) size 0x18
                RenderText {#text} at (0,0) size 0x0
                RenderText {#text} at (0,0) size 0x0
      RenderBlock (anonymous) at (0,345) size 784x115
        RenderTable {TABLE} at (0,0) size 261x115 [border: (1px outset #808080)]
          RenderTableSection {TBODY} at (1,1) size 259x113
            RenderTableRow {TR} at (0,5) size 259x22
              RenderTableCell {TD} at (5,5) size 119x22 [border: (1px inset #808080)] [r=0 c=0 rs=1 cs=1]
                RenderText {#text} at (2,2) size 22x18
                  text run at (2,2) width 22: "foo"
              RenderTableCell {TD} at (128,5) size 94x22 [border: (1px inset #808080)] [r=0 c=1 rs=1 cs=1]
                RenderText {#text} at (2,2) size 21x18
                  text run at (2,2) width 21: "bar"
            RenderTableRow {TR} at (0,32) size 259x22
              RenderTableCell {TD} at (5,32) size 119x22 [border: (1px inset #808080)] [r=1 c=0 rs=1 cs=1]
                RenderText {#text} at (2,2) size 115x18
                  text run at (2,2) width 115: "Click name to see"
              RenderTableCell {TD} at (128,59) size 94x22 [bgcolor=#00FF00] [border: (1px inset #808080)] [r=1 c=1 rs=3 cs=1]
                RenderText {#text} at (2,2) size 89x18
                  text run at (2,2) width 89: "Mac Clbr Opt"
            RenderTableRow {TR} at (0,59) size 259x22
              RenderTableCell {TD} at (5,59) size 119x22 [border: (1px inset #808080)] [r=2 c=0 rs=1 cs=1]
                RenderText {#text} at (2,2) size 41x18
                  text run at (2,2) width 41: "Guilty"
            RenderTableRow {TR} at (0,86) size 259x22
              RenderTableCell {TD} at (5,86) size 119x22 [border: (1px inset #808080)] [r=3 c=0 rs=1 cs=1]
                RenderText {#text} at (2,2) size 4x18
                  text run at (2,2) width 4: " "
              RenderTableCell {TD} at (226,86) size 28x22 [bgcolor=#FFFF00] [border: (1px inset #808080)] [r=3 c=2 rs=1 cs=1]
                RenderText {#text} at (2,2) size 24x18
                  text run at (2,2) width 24: "L C"
      RenderBlock (anonymous) at (0,460) size 784x0
        RenderInline {B} at (0,0) size 0x0
          RenderInline {B} at (0,0) size 0x0
            RenderInline {B} at (0,0) size 0x0
              RenderInline {B} at (0,0) size 0x0
                RenderText {#text} at (0,0) size 0x0
