layer at (0,0) size 800x600
  RenderView at (0,0) size 800x600
layer at (0,0) size 800x600
  RenderBlock {HTML} at (0,0) size 800x600
    RenderBody {BODY} at (8,8) size 784x584
      RenderTable {TABLE} at (0,0) size 784x88
        RenderTableSection {TBODY} at (0,0) size 784x88
          RenderTableRow {TR} at (0,2) size 784x84
            RenderTableCell {TD} at (2,2) size 640x84 [r=0 c=0 rs=1 cs=1]
              RenderTable {TABLE} at (1,1) size 638x82
                RenderTableSection {TBODY} at (0,0) size 638x82
                  RenderTableRow {TR} at (0,2) size 638x78
                    RenderTableCell {TD} at (2,2) size 634x78 [r=0 c=0 rs=1 cs=1]
                      RenderText {#text} at (1,1) size 91x18
                        text run at (1,1) width 91: "inside of table"
                      RenderImage {IMG} at (1,19) size 600x58
            RenderTableCell {TD} at (643,25) size 139x38 [r=0 c=1 rs=1 cs=1]
              RenderText {#text} at (1,1) size 121x36
                text run at (1,1) width 121: "2nd row of outside"
                text run at (1,19) width 32: "table"
