layer at (0,0) size 785x2589
  RenderView at (0,0) size 785x600
layer at (0,0) size 785x2589
  RenderBlock {HTML} at (0,0) size 785x2590
    RenderBody {BODY} at (8,21) size 769x2553 [bgcolor=#FFFFFF]
      RenderBlock {H1} at (0,0) size 769x37
        RenderText {#text} at (0,0) size 361x37
          text run at (0,0) width 361: "Table Inheritance Tests - 1"
      RenderBlock {P} at (0,58) size 769x19
        RenderText {#text} at (0,0) size 397x18
          text run at (0,0) width 397: "If you have any comments to make regarding this test, e-mail "
        RenderInline {A} at (0,0) size 186x18 [color=#0000EE]
          RenderText {#text} at (396,0) size 186x18
            text run at (396,0) width 186: "py8ieh=eviltests@bath.ac.uk"
        RenderText {#text} at (581,0) size 5x18
          text run at (581,0) width 5: "."
      RenderBlock {DL} at (0,92) size 769x37
        RenderBlock {DT} at (0,0) size 769x18
          RenderText {#text} at (0,0) size 83x18
            text run at (0,0) width 83: "Prerequisites"
        RenderBlock {DD} at (40,18) size 729x18
          RenderText {#text} at (0,0) size 560x18
            text run at (0,0) width 560: "Browsers that are subjected to this test should support CSS1 and the CSS2 table model."
      RenderBlock {H2} at (0,148) size 769x29
        RenderText {#text} at (0,0) size 104x28
          text run at (0,0) width 104: "0. Control"
      RenderBlock {P} at (0,196) size 769x19
        RenderText {#text} at (0,0) size 411x18
          text run at (0,0) width 411: "The following four tests should look identical, namely, like this:"
      RenderBlock {DIV} at (0,230) size 769x75 [color=#FFFFFF] [bgcolor=#000000]
        RenderText {#text} at (0,0) size 761x74
          text run at (0,0) width 761: "This text should be white on black, bold, twice the"
          text run at (0,37) width 523: "size of normal text, and sans serif."
      RenderBlock {P} at (0,320) size 769x73
        RenderText {#text} at (0,0) size 768x72
          text run at (0,0) width 756: "There are some minor exceptions, however. The x.1 tests should fill the viewport width, the other tests need not. Also,"
          text run at (0,18) width 766: "browsers attempting to have backwards compatability with the buggy behaviour of legacy browsers may omit to inherit"
          text run at (0,36) width 768: "the color and font-size in 1.1, which will make 1.1 (but only 1.1) unreadable. That is the problem with not following the"
          text run at (0,54) width 39: "specs."
      RenderBlock {H2} at (0,412) size 769x29
        RenderText {#text} at (0,0) size 168x28
          text run at (0,0) width 168: "1. HTML Tables"
      RenderBlock {H3} at (0,460) size 769x23
        RenderText {#text} at (0,0) size 247x22
          text run at (0,0) width 247: "1.1 Inheritance through a DIV"
      RenderBlock {DIV} at (0,500) size 769x81 [color=#FFFFFF] [bgcolor=#000000]
        RenderTable {TABLE} at (0,0) size 769x80
          RenderTableSection {TBODY} at (0,0) size 769x80
            RenderTableRow {TR} at (0,2) size 769x76
              RenderTableCell {TD} at (2,2) size 765x76 [r=0 c=0 rs=1 cs=1]
                RenderText {#text} at (1,1) size 761x74
                  text run at (1,1) width 761: "This text should be white on black, bold, twice the"
                  text run at (1,38) width 523: "size of normal text, and sans serif."
      RenderBlock {H3} at (0,599) size 769x23
        RenderText {#text} at (0,0) size 263x22
          text run at (0,0) width 263: "1.2 Styles set directly on TABLE"
      RenderTable {TABLE} at (0,640) size 769x81 [color=#FFFFFF] [bgcolor=#000000]
        RenderTableSection {TBODY} at (0,0) size 769x80
          RenderTableRow {TR} at (0,2) size 769x76
            RenderTableCell {TD} at (2,2) size 765x76 [r=0 c=0 rs=1 cs=1]
              RenderText {#text} at (1,1) size 761x74
                text run at (1,1) width 761: "This text should be white on black, bold, twice the"
                text run at (1,38) width 523: "size of normal text, and sans serif."
      RenderBlock {H2} at (0,740) size 769x29
        RenderText {#text} at (0,0) size 226x28
          text run at (0,0) width 226: "2. Explicit CSS Tables"
      RenderBlock {H3} at (0,788) size 769x23
        RenderText {#text} at (0,0) size 247x22
          text run at (0,0) width 247: "2.1 Inheritance through a DIV"
      RenderBlock {DIV} at (0,828) size 769x75 [color=#FFFFFF] [bgcolor=#000000]
        RenderTable {DIV} at (0,0) size 769x74
          RenderTableSection (anonymous) at (0,0) size 769x74
            RenderTableRow {DIV} at (0,0) size 769x74
              RenderTableCell {DIV} at (0,0) size 769x74 [r=0 c=0 rs=1 cs=1]
                RenderText {#text} at (0,0) size 761x74
                  text run at (0,0) width 761: "This text should be white on black, bold, twice the"
                  text run at (0,37) width 523: "size of normal text, and sans serif."
      RenderBlock {H3} at (0,921) size 769x23
        RenderText {#text} at (0,0) size 263x22
          text run at (0,0) width 263: "2.2 Styles set directly on TABLE"
      RenderTable {DIV} at (0,962) size 769x75 [color=#FFFFFF] [bgcolor=#000000]
        RenderTableSection (anonymous) at (0,0) size 769x74
          RenderTableRow {DIV} at (0,0) size 769x74
            RenderTableCell {DIV} at (0,0) size 769x74 [r=0 c=0 rs=1 cs=1]
              RenderText {#text} at (0,0) size 761x74
                text run at (0,0) width 761: "This text should be white on black, bold, twice the"
                text run at (0,37) width 523: "size of normal text, and sans serif."
      RenderBlock {H3} at (0,1054) size 769x23
        RenderText {#text} at (0,0) size 247x22
          text run at (0,0) width 247: "2.3 Styles set directly on ROW"
      RenderTable {DIV} at (0,1095) size 769x75
        RenderTableSection (anonymous) at (0,0) size 769x74
          RenderTableRow {DIV} at (0,0) size 769x74 [color=#FFFFFF] [bgcolor=#000000]
            RenderTableCell {DIV} at (0,0) size 769x74 [r=0 c=0 rs=1 cs=1]
              RenderText {#text} at (0,0) size 761x74
                text run at (0,0) width 761: "This text should be white on black, bold, twice the"
                text run at (0,37) width 523: "size of normal text, and sans serif."
      RenderBlock {H3} at (0,1188) size 769x23
        RenderText {#text} at (0,0) size 251x22
          text run at (0,0) width 251: "2.4 Styles set directly on CELL"
      RenderTable {DIV} at (0,1229) size 769x75
        RenderTableSection (anonymous) at (0,0) size 769x74
          RenderTableRow {DIV} at (0,0) size 769x74
            RenderTableCell {DIV} at (0,0) size 769x74 [color=#FFFFFF] [bgcolor=#000000] [r=0 c=0 rs=1 cs=1]
              RenderText {#text} at (0,0) size 761x74
                text run at (0,0) width 761: "This text should be white on black, bold, twice the"
                text run at (0,37) width 523: "size of normal text, and sans serif."
      RenderBlock {H2} at (0,1322) size 769x29
        RenderText {#text} at (0,0) size 381x28
          text run at (0,0) width 381: "3. Implicit CSS Tables (table explicit)"
      RenderBlock {H3} at (0,1370) size 769x23
        RenderText {#text} at (0,0) size 247x22
          text run at (0,0) width 247: "3.1 Inheritance through a DIV"
      RenderBlock {DIV} at (0,1411) size 769x75 [color=#FFFFFF] [bgcolor=#000000]
        RenderTable {DIV} at (0,0) size 769x74
          RenderTableSection (anonymous) at (0,0) size 769x74
            RenderTableRow (anonymous) at (0,0) size 769x74
              RenderTableCell (anonymous) at (0,0) size 769x74 [r=0 c=0 rs=1 cs=1]
                RenderText {#text} at (0,0) size 761x74
                  text run at (0,0) width 761: "This text should be white on black, bold, twice the"
                  text run at (0,37) width 523: "size of normal text, and sans serif."
      RenderBlock {H3} at (0,1504) size 769x23
        RenderText {#text} at (0,0) size 263x22
          text run at (0,0) width 263: "3.2 Styles set directly on TABLE"
      RenderTable {DIV} at (0,1545) size 769x75 [color=#FFFFFF] [bgcolor=#000000]
        RenderTableSection (anonymous) at (0,0) size 769x74
          RenderTableRow (anonymous) at (0,0) size 769x74
            RenderTableCell (anonymous) at (0,0) size 769x74 [r=0 c=0 rs=1 cs=1]
              RenderText {#text} at (0,0) size 761x74
                text run at (0,0) width 761: "This text should be white on black, bold, twice the"
                text run at (0,37) width 523: "size of normal text, and sans serif."
      RenderBlock {H2} at (0,1638) size 769x29
        RenderText {#text} at (0,0) size 370x28
          text run at (0,0) width 370: "4. Implicit CSS Tables (row explicit)"
      RenderBlock {H3} at (0,1686) size 769x23
        RenderText {#text} at (0,0) size 247x22
          text run at (0,0) width 247: "4.1 Inheritance through a DIV"
      RenderBlock {DIV} at (0,1727) size 769x75 [color=#FFFFFF] [bgcolor=#000000]
        RenderTable at (0,0) size 769x74
          RenderTableSection (anonymous) at (0,0) size 769x74
            RenderTableRow {DIV} at (0,0) size 769x74
              RenderTableCell (anonymous) at (0,0) size 769x74 [r=0 c=0 rs=1 cs=1]
                RenderText {#text} at (0,0) size 761x74
                  text run at (0,0) width 761: "This text should be white on black, bold, twice the"
                  text run at (0,37) width 523: "size of normal text, and sans serif."
      RenderBlock {H3} at (0,1820) size 769x23
        RenderText {#text} at (0,0) size 247x22
          text run at (0,0) width 247: "4.2 Styles set directly on ROW"
      RenderTable at (0,1861) size 769x74
        RenderTableSection (anonymous) at (0,0) size 769x74
          RenderTableRow {DIV} at (0,0) size 769x74 [color=#FFFFFF] [bgcolor=#000000]
            RenderTableCell (anonymous) at (0,0) size 769x74 [r=0 c=0 rs=1 cs=1]
              RenderText {#text} at (0,0) size 761x74
                text run at (0,0) width 761: "This text should be white on black, bold, twice the"
                text run at (0,37) width 523: "size of normal text, and sans serif."
      RenderBlock {H2} at (0,1954) size 769x29
        RenderText {#text} at (0,0) size 365x28
          text run at (0,0) width 365: "5. Implicit CSS Tables (cell explicit)"
      RenderBlock {H3} at (0,2002) size 769x23
        RenderText {#text} at (0,0) size 247x22
          text run at (0,0) width 247: "5.1 Inheritance through a DIV"
      RenderBlock {DIV} at (0,2043) size 769x75 [color=#FFFFFF] [bgcolor=#000000]
        RenderTable at (0,0) size 769x74
          RenderTableSection (anonymous) at (0,0) size 769x74
            RenderTableRow (anonymous) at (0,0) size 769x74
              RenderTableCell {DIV} at (0,0) size 769x74 [r=0 c=0 rs=1 cs=1]
                RenderText {#text} at (0,0) size 761x74
                  text run at (0,0) width 761: "This text should be white on black, bold, twice the"
                  text run at (0,37) width 523: "size of normal text, and sans serif."
      RenderBlock {H3} at (0,2136) size 769x23
        RenderText {#text} at (0,0) size 251x22
          text run at (0,0) width 251: "5.2 Styles set directly on CELL"
      RenderTable at (0,2176) size 769x75
        RenderTableSection (anonymous) at (0,0) size 769x74
          RenderTableRow (anonymous) at (0,0) size 769x74
            RenderTableCell {DIV} at (0,0) size 769x74 [color=#FFFFFF] [bgcolor=#000000] [r=0 c=0 rs=1 cs=1]
              RenderText {#text} at (0,0) size 761x74
                text run at (0,0) width 761: "This text should be white on black, bold, twice the"
                text run at (0,37) width 523: "size of normal text, and sans serif."
      RenderBlock {H2} at (0,2270) size 769x29
        RenderText {#text} at (0,0) size 156x28
          text run at (0,0) width 156: "Submit Results"
      RenderBlock {FORM} at (0,2318) size 769x46
        RenderBlock {P} at (0,0) size 769x45
          RenderText {#text} at (0,1) size 267x18
            text run at (0,1) width 267: "How does your browser fare on this test? "
          RenderMenuList {SELECT} at (268,2) size 464x18 [color=#000000D8] [bgcolor=#FFFFFF]
            RenderBlock (anonymous) at (0,0) size 463x18
              RenderText at (8,2) size 432x13
                text run at (8,2) width 432: "The tests all render identically, and this browser may or may not grok CSS2 tables."
          RenderText {#text} at (0,0) size 0x0
          RenderInline {LABEL} at (0,0) size 223x18
            RenderText {#text} at (0,24) size 72x18
              text run at (0,24) width 72: "Comment: "
            RenderTextControl {INPUT} at (73,24) size 148x19 [bgcolor=#FFFFFF] [border: (2px inset #000000)]
          RenderText {#text} at (222,24) size 5x18
            text run at (222,24) width 5: " "
          RenderButton {INPUT} at (228,25) size 54x18 [color=#000000D8] [bgcolor=#C0C0C0]
            RenderBlock (anonymous) at (8,2) size 37x13
              RenderText at (0,0) size 37x13
                text run at (0,0) width 37: "Submit"
          RenderText {#text} at (0,0) size 0x0
      RenderBlock {HR} at (0,2379) size 769x3 [border: (1px inset #000000)]
      RenderBlock {P} at (0,2397) size 769x19
        RenderText {#text} at (0,0) size 64x18
          text run at (0,0) width 64: "Up to the "
        RenderInline {A} at (0,0) size 73x18 [color=#0000EE]
          RenderText {#text} at (63,0) size 73x18
            text run at (63,0) width 73: "Table Tests"
        RenderText {#text} at (135,0) size 5x18
          text run at (135,0) width 5: "."
      RenderBlock {P} at (0,2431) size 769x19
        RenderText {#text} at (0,0) size 64x18
          text run at (0,0) width 64: "Up to the "
        RenderInline {A} at (0,0) size 99x18 [color=#0000EE]
          RenderText {#text} at (63,0) size 99x18
            text run at (63,0) width 99: "Evil Tests Page"
        RenderText {#text} at (161,0) size 5x18
          text run at (161,0) width 5: "."
      RenderBlock {P} at (0,2465) size 769x19
        RenderText {#text} at (0,0) size 63x18
          text run at (0,0) width 63: "Bugzilla: "
        RenderInline {A} at (0,0) size 64x18 [color=#0000EE]
          RenderText {#text} at (62,0) size 64x18
            text run at (62,0) width 64: "Bug 1044"
      RenderBlock {P} at (0,2499) size 769x19
        RenderText {#text} at (0,0) size 177x18
          text run at (0,0) width 177: "This page is maintained by "
        RenderInline {A} at (0,0) size 79x18 [color=#0000EE]
          RenderText {#text} at (176,0) size 79x18
            text run at (176,0) width 79: "Ian Hickson"
        RenderText {#text} at (254,0) size 10x18
          text run at (254,0) width 10: " ("
        RenderInline {A} at (0,0) size 125x18 [color=#0000EE]
          RenderText {#text} at (263,0) size 125x18
            text run at (263,0) width 125: "py8ieh@bath.ac.uk"
        RenderText {#text} at (387,0) size 10x18
          text run at (387,0) width 10: ")."
      RenderBlock {P} at (0,2533) size 769x19
        RenderText {#text} at (0,0) size 185x18
          text run at (0,0) width 185: "Last updated in March 1999."
layer at (85,2367) size 141x13 backgroundClip at (85,2367) size 140x13 clip at (85,2367) size 140x13
  RenderBlock {DIV} at (3,3) size 141x13
