layer at (0,0) size 800x600
  RenderView at (0,0) size 800x600
layer at (0,0) size 800x600
  RenderBlock {HTML} at (0,0) size 800x600
    RenderBody {BODY} at (8,8) size 784x584 [bgcolor=#FFFFFF]
      RenderTable {TABLE} at (0,0) size 480x55 [bgcolor=#000000]
        RenderTableSection {TBODY} at (0,0) size 480x55
          RenderTableRow {TR} at (0,0) size 480x55
            RenderTableCell {TD} at (0,0) size 480x55 [r=0 c=0 rs=1 cs=1]
              RenderTable {TABLE} at (1,1) size 478x53 [bgcolor=#959595]
                RenderTableSection {TBODY} at (0,0) size 478x53
                  RenderTableRow {TR} at (0,0) size 478x27
                    RenderTableCell {TD} at (0,0) size 478x27 [bgcolor=#6666CC] [r=0 c=0 rs=1 cs=1]
                      RenderInline {FONT} at (124,4) size 230x19 [color=#FFFFFF]
                        RenderInline {B} at (124,4) size 230x19
                          RenderText {#text} at (124,4) size 230x19
                            text run at (124,4) width 188: "BrowserWatch Headline "
                            text run at (311,4) width 43: "News"
                  RenderTableRow {TR} at (0,26) size 478x27
                    RenderTableCell {TD} at (0,26) size 478x27 [bgcolor=#D4D4D4] [r=1 c=0 rs=1 cs=1]
                      RenderText {#text} at (4,4) size 24x18
                        text run at (4,4) width 24: "xxx"
