layer at (0,0) size 800x600
  RenderView at (0,0) size 800x600
layer at (0,0) size 800x600
  RenderBlock {HTML} at (0,0) size 800x600
    RenderBody {BODY} at (8,8) size 784x584 [bgcolor=#FFFFFF]
      RenderBlock {P} at (0,0) size 784x36
        RenderInline {B} at (0,0) size 433x36
          RenderText {#text} at (0,0) size 156x18
            text run at (0,0) width 156: "Testcase distilled from "
          RenderInline {A} at (0,0) size 277x18 [color=#0000EE]
            RenderText {#text} at (156,0) size 277x18
              text run at (156,0) width 277: "http://www.linuxplanet.com/linuxplanet/"
          RenderBR {BR} at (432,0) size 1x18
          RenderText {#text} at (0,18) size 147x18
            text run at (0,18) width 147: "First cell is coded as: "
        RenderInline {CODE} at (0,0) size 282x15
          RenderText {#text} at (146,20) size 282x15
            text run at (146,20) width 282: "<TD><form>Weekly Poll<P></form></TD>"
      RenderTable {TABLE} at (0,52) size 784x52
        RenderTableSection {TBODY} at (0,0) size 784x52
          RenderTableRow {TR} at (0,0) size 784x52
            RenderTableCell {TD} at (0,0) size 49x52 [r=0 c=0 rs=1 cs=1]
              RenderBlock {FORM} at (0,0) size 49x36
                RenderBlock (anonymous) at (0,0) size 49x36
                  RenderText {#text} at (0,0) size 49x36
                    text run at (0,0) width 49: "Weekly"
                    text run at (0,18) width 26: "Poll"
                RenderBlock {P} at (0,52) size 49x0
            RenderTableCell {TD} at (48,1) size 2x50 [r=0 c=1 rs=1 cs=1]
              RenderImage {IMG} at (0,0) size 1x50
            RenderTableCell {TD} at (49,17) size 735x18 [r=0 c=2 rs=1 cs=1]
              RenderBR {BR} at (0,0) size 0x18
