layer at (0,0) size 800x600
  RenderView at (0,0) size 800x600
layer at (0,0) size 800x600
  RenderBlock {HTML} at (0,0) size 800x600
    RenderBody {BODY} at (8,8) size 784x584
      RenderBlock (anonymous) at (0,0) size 784x0
        RenderInline {B} at (0,0) size 0x0
          RenderText {#text} at (0,0) size 0x0
          RenderText {#text} at (0,0) size 0x0
      RenderTable {TABLE} at (0,0) size 220x76 [border: (1px outset #808080)]
        RenderTableSection {TBODY} at (1,1) size 218x74
          RenderTableRow {TR} at (0,2) size 218x22
            RenderTableCell {TD} at (2,2) size 119x22 [border: (1px inset #808080)] [r=0 c=0 rs=1 cs=1]
              RenderText {#text} at (2,2) size 115x18
                text run at (2,2) width 115: "Click name to see"
            RenderTableCell {TD} at (122,14) size 94x22 [bgcolor=#00FF00] [border: (1px inset #808080)] [r=0 c=1 rs=2 cs=1]
              RenderText {#text} at (2,2) size 89x18
                text run at (2,2) width 89: "Mac Clbr Opt"
          RenderTableRow {TR} at (0,26) size 218x22
            RenderTableCell {TD} at (2,26) size 119x22 [border: (1px inset #808080)] [r=1 c=0 rs=1 cs=1]
              RenderText {#text} at (2,2) size 41x18
                text run at (2,2) width 41: "Guilty"
          RenderTableRow {TR} at (0,50) size 218x22
            RenderTableCell {TD} at (2,50) size 119x22 [border: (1px inset #808080)] [r=2 c=0 rs=1 cs=1]
              RenderText {#text} at (2,2) size 4x18
                text run at (2,2) width 4: " "
            RenderTableCell {TD} at (122,50) size 94x22 [bgcolor=#FFFF00] [border: (1px inset #808080)] [r=2 c=1 rs=1 cs=1]
              RenderText {#text} at (2,2) size 24x18
                text run at (2,2) width 24: "L C"
      RenderBlock (anonymous) at (0,76) size 784x0
        RenderInline {B} at (0,0) size 0x0
          RenderText {#text} at (0,0) size 0x0
