layer at (0,0) size 800x600
  RenderView at (0,0) size 800x600
layer at (0,0) size 800x600
  RenderBlock {HTML} at (0,0) size 800x600
    RenderBody {BODY} at (8,8) size 784x584 [bgcolor=#FFFFFF]
      RenderBlock {P} at (0,0) size 784x18
        RenderText {#text} at (0,0) size 149x18
          text run at (0,0) width 149: "Testcase distilled from "
        RenderInline {A} at (0,0) size 189x18 [color=#0000EE]
          RenderText {#text} at (148,0) size 189x18
            text run at (148,0) width 189: "http://webdeveloper.com/xml"
      RenderTable {TABLE} at (0,34) size 644x102 [border: (1px outset #808080)]
        RenderTableSection {TBODY} at (1,1) size 642x100
          RenderTableRow {TR} at (0,0) size 642x100
            RenderTableCell {TD} at (0,0) size 510x100 [border: (1px inset #808080)] [r=0 c=0 rs=1 cs=1]
              RenderBlock {UL} at (1,1) size 508x82
                RenderListItem {LI} at (40,0) size 468x82
                  RenderListMarker at (-17,0) size 7x18: bullet
                  RenderText {#text} at (0,0) size 198x18
                    text run at (0,0) width 198: "The XML Files Resources List"
                  RenderText {#text} at (0,0) size 0x0
                  RenderImage {IMG} at (0,18) size 468x60
                  RenderText {#text} at (0,0) size 0x0
            RenderTableCell {TD} at (510,21) size 132x58 [border: (1px inset #808080)] [r=0 c=1 rs=1 cs=1]
              RenderTable {TABLE} at (1,1) size 130x55 [border: (1px outset #808080)]
                RenderTableSection {TBODY} at (1,1) size 128x53
                  RenderTableRow {TR} at (0,2) size 128x49
                    RenderTableCell {TD} at (2,2) size 124x49 [border: (1px inset #808080)] [r=0 c=0 rs=1 cs=1]
                      RenderImage {IMG} at (3,3) size 118x25
                      RenderBR {BR} at (121,14) size 0x18
                      RenderText {#text} at (24,28) size 6x18
                        text run at (24,28) width 6: "["
                      RenderInline {I} at (0,0) size 66x18
                        RenderText {#text} at (29,28) size 66x18
                          text run at (29,28) width 66: " Site Map "
                      RenderText {#text} at (94,28) size 6x18
                        text run at (94,28) width 6: "]"
      RenderBlock {P} at (0,152) size 784x18
        RenderText {#text} at (0,0) size 188x18
          text run at (0,0) width 188: "Same as above, but removed "
        RenderInline {CODE} at (0,0) size 134x15
          RenderText {#text} at (187,2) size 134x15
            text run at (187,2) width 134: "<SCRIPT></SCRIPT>"
      RenderTable {TABLE} at (0,186) size 644x102 [border: (1px outset #808080)]
        RenderTableSection {TBODY} at (1,1) size 642x100
          RenderTableRow {TR} at (0,0) size 642x100
            RenderTableCell {TD} at (0,0) size 510x100 [border: (1px inset #808080)] [r=0 c=0 rs=1 cs=1]
              RenderBlock {UL} at (1,1) size 508x82
                RenderListItem {LI} at (40,0) size 468x82
                  RenderListMarker at (-17,0) size 7x18: bullet
                  RenderText {#text} at (0,0) size 198x18
                    text run at (0,0) width 198: "The XML Files Resources List"
                  RenderImage {IMG} at (0,18) size 468x60
                  RenderText {#text} at (0,0) size 0x0
            RenderTableCell {TD} at (510,21) size 132x58 [border: (1px inset #808080)] [r=0 c=1 rs=1 cs=1]
              RenderTable {TABLE} at (1,1) size 130x55 [border: (1px outset #808080)]
                RenderTableSection {TBODY} at (1,1) size 128x53
                  RenderTableRow {TR} at (0,2) size 128x49
                    RenderTableCell {TD} at (2,2) size 124x49 [border: (1px inset #808080)] [r=0 c=0 rs=1 cs=1]
                      RenderImage {IMG} at (3,3) size 118x25
                      RenderBR {BR} at (121,14) size 0x18
                      RenderText {#text} at (24,28) size 6x18
                        text run at (24,28) width 6: "["
                      RenderInline {I} at (0,0) size 66x18
                        RenderText {#text} at (29,28) size 66x18
                          text run at (29,28) width 66: " Site Map "
                      RenderText {#text} at (94,28) size 6x18
                        text run at (94,28) width 6: "]"
