layer at (0,0) size 800x600
  RenderView at (0,0) size 800x600
layer at (0,0) size 800x600
  RenderBlock {HTML} at (0,0) size 800x600
    RenderBody {BODY} at (8,8) size 784x584
      RenderTable {TABLE} at (0,0) size 400x142 [border: (1px solid #FF0000)]
        RenderTableSection {TBODY} at (1,1) size 398x140
          RenderTableRow {TR} at (0,2) size 398x22
            RenderTableCell {TD} at (2,2) size 304x22 [border: (1px solid #0000FF)] [r=0 c=0 rs=1 cs=1]
              RenderText {#text} at (2,2) size 229x18
                text run at (2,2) width 229: "What's New on WebDeveloper.com"
            RenderTableCell {TD} at (308,2) size 88x22 [border: (1px solid #0000FF)] [r=0 c=1 rs=1 cs=1]
              RenderText {#text} at (2,2) size 33x18
                text run at (2,2) width 33: "umm"
          RenderTableRow {TR} at (0,26) size 398x112
            RenderTableCell {TD} at (2,62) size 304x40 [border: (1px solid #008000)] [r=1 c=0 rs=1 cs=1]
              RenderText {#text} at (2,2) size 280x36
                text run at (2,2) width 280: "blah blah blah blah blah blah blah blah blah"
                text run at (2,20) width 91: "blah blah blah"
            RenderTableCell {TD} at (308,26) size 88x112 [border: (1px solid #008000)] [r=1 c=1 rs=1 cs=1]
              RenderText {#text} at (2,2) size 60x108
                text run at (2,2) width 60: "blah blah"
                text run at (2,20) width 60: "blah blah"
                text run at (2,38) width 60: "blah blah"
                text run at (2,56) width 60: "blah blah"
                text run at (2,74) width 60: "blah blah"
                text run at (2,92) width 60: "blah blah"
