layer at (0,0) size 800x600
  RenderView at (0,0) size 800x600
layer at (0,0) size 800x600
  RenderBlock {HTML} at (0,0) size 800x600
    RenderBody {BODY} at (8,8) size 784x584
      RenderTable {TABLE} at (0,0) size 225x76 [border: (1px outset #808080)]
        RenderTableSection {TBODY} at (1,1) size 223x74
          RenderTableRow {TR} at (0,2) size 223x22
            RenderTableCell {TD} at (2,2) size 186x22 [border: (1px inset #808080)] [r=0 c=0 rs=1 cs=1]
              RenderText {#text} at (2,2) size 27x18
                text run at (2,2) width 27: "Test"
            RenderTableCell {TD} at (189,26) size 32x22 [border: (1px inset #808080)] [r=0 c=1 rs=3 cs=1]
              RenderText {#text} at (2,2) size 27x18
                text run at (2,2) width 27: "Test"
          RenderTableRow {TR} at (0,26) size 223x46
            RenderTableCell {TD} at (2,26) size 186x46 [border: (1px inset #808080)] [r=1 c=0 rs=1 cs=1]
              RenderBlock (anonymous) at (2,2) size 182x18
                RenderInline {SPAN} at (0,0) size 168x18
                  RenderText {#text} at (0,0) size 168x18
                    text run at (0,0) width 168: "This cell should be visible"
              RenderBlock (anonymous) at (2,20) size 182x24
                RenderTable {TABLE} at (0,0) size 182x24
                  RenderTableSection {TBODY} at (0,0) size 182x24
                    RenderTableRow {TR} at (0,2) size 182x20
                      RenderTableCell {TD} at (2,2) size 178x20 [r=0 c=0 rs=1 cs=1]
                        RenderText {#text} at (1,1) size 176x18
                          text run at (1,1) width 176: "This table should be visible"
              RenderBlock (anonymous) at (2,44) size 182x0
                RenderInline {SPAN} at (0,0) size 0x0
                RenderText {#text} at (0,0) size 0x0
