layer at (0,0) size 800x600
  RenderView at (0,0) size 800x600
layer at (0,0) size 800x600
  RenderBlock {HTML} at (0,0) size 800x600
    RenderBody {BODY} at (8,8) size 784x584 [bgcolor=#FFFFFF]
      RenderBlock (anonymous) at (0,0) size 784x18
        RenderText {#text} at (0,0) size 727x18
          text run at (0,0) width 727: "The bug causes the nested table containing the textarea to be positioned away from the left edge of the outer table"
        RenderBR {BR} at (726,0) size 1x18
      RenderTable {TABLE} at (242,18) size 300x56 [border: (1px outset #808080)]
        RenderTableSection {TBODY} at (1,1) size 298x54
          RenderTableRow {TR} at (0,2) size 298x50
            RenderTableCell {TD} at (2,2) size 294x50 [border: (1px inset #808080)] [r=0 c=0 rs=1 cs=1]
              RenderTable {TABLE} at (2,2) size 70x46 [border: (1px outset #808080)]
                RenderTableSection {TBODY} at (1,1) size 68x44
                  RenderTableRow {TR} at (0,2) size 68x40
                    RenderTableCell {TD} at (2,2) size 64x40 [border: (1px inset #808080)] [r=0 c=0 rs=1 cs=1]
                      RenderText {#text} at (0,0) size 0x0
layer at (262,38) size 56x32 clip at (263,39) size 54x30
  RenderTextControl {TEXTAREA} at (4,4) size 56x32 [bgcolor=#FFFFFF] [border: (1px solid #000000)]
    RenderBlock {DIV} at (3,3) size 50x13
      RenderText {#text} at (0,0) size 18x13
        text run at (0,0) width 18: "bar"
