layer at (0,0) size 785x929
  RenderView at (0,0) size 785x600
layer at (0,0) size 785x929
  RenderBlock {HTML} at (0,0) size 785x929
    RenderBody {BODY} at (8,8) size 769x913
      RenderTable {TABLE} at (0,0) size 600x259 [border: (1px outset #808080)]
        RenderTableSection {TBODY} at (1,1) size 598x257
          RenderTableRow {TR} at (0,2) size 598x77
            RenderTableCell {TD} at (2,2) size 594x77 [border: (1px inset #808080)] [r=0 c=0 rs=1 cs=3]
              RenderImage {IMG} at (2,2) size 590x73
              RenderText {#text} at (0,0) size 0x0
          RenderTableRow {TR} at (0,81) size 598x90
            RenderTableCell {TD} at (2,81) size 114x40 [bgcolor=#94BD73] [border: (1px inset #808080)] [r=1 c=0 rs=1 cs=1]
              RenderText {#text} at (2,2) size 74x36
                text run at (2,2) width 74: "LH column"
                text run at (2,20) width 40: "image"
            RenderTableCell {TD} at (118,81) size 20x22 [border: (1px inset #808080)] [r=1 c=1 rs=1 cs=1]
              RenderText {#text} at (2,2) size 16x18
                text run at (2,2) width 16: "    "
            RenderTableCell {TD} at (140,81) size 456x90 [border: (1px inset #808080)] [r=1 c=2 rs=1 cs=1]
              RenderBlock {P} at (2,2) size 452x18
                RenderText {#text} at (0,0) size 226x18
                  text run at (0,0) width 226: "HP Peripherals Developer Program"
              RenderBlock {P} at (2,36) size 452x18
                RenderText {#text} at (0,0) size 158x18
                  text run at (0,0) width 158: "PROGRAM SERVICES"
              RenderBlock {P} at (2,70) size 452x18
                RenderText {#text} at (0,0) size 70x18
                  text run at (0,0) width 70: "etc., etc. ..."
          RenderTableRow {TR} at (0,173) size 598x37
            RenderTableCell {TD} at (2,173) size 594x37 [border: (1px inset #808080)] [r=2 c=0 rs=1 cs=3]
              RenderImage {IMG} at (2,2) size 589x33
              RenderText {#text} at (0,0) size 0x0
          RenderTableRow {TR} at (0,212) size 598x43
            RenderTableCell {TD} at (2,212) size 114x43 [border: (1px inset #808080)] [r=3 c=0 rs=1 cs=1]
              RenderImage {IMG} at (2,2) size 110x39
              RenderText {#text} at (0,0) size 0x0
            RenderTableCell {TH} at (118,222) size 478x23 [border: (1px inset #808080)] [r=3 c=1 rs=1 cs=2]
              RenderText {#text} at (207,12) size 64x19
                text run at (207,2) width 64: "text links"
      RenderBlock {P} at (0,285) size 769x18
        RenderInline {B} at (0,0) size 475x18
          RenderText {#text} at (0,0) size 475x18
            text run at (0,0) width 475: "Now, nuke the IMG (two of which are colspan=3) -- the table lines up."
      RenderTable {TABLE} at (0,319) size 590x179 [border: (1px outset #808080)]
        RenderTableSection {TBODY} at (1,1) size 588x177
          RenderTableRow {TR} at (0,2) size 588x22
            RenderTableCell {TD} at (2,2) size 585x22 [border: (1px inset #808080)] [r=0 c=0 rs=1 cs=3]
              RenderText {#text} at (2,2) size 129x18
                text run at (2,2) width 129: "IMG in a colspan=3"
          RenderTableRow {TR} at (0,26) size 588x90
            RenderTableCell {TD} at (2,26) size 111x40 [bgcolor=#94BD73] [border: (1px inset #808080)] [r=1 c=0 rs=1 cs=1]
              RenderText {#text} at (2,2) size 74x36
                text run at (2,2) width 74: "LH column"
                text run at (2,20) width 40: "image"
            RenderTableCell {TD} at (114,26) size 21x22 [border: (1px inset #808080)] [r=1 c=1 rs=1 cs=1]
              RenderText {#text} at (2,2) size 16x18
                text run at (2,2) width 16: "    "
            RenderTableCell {TD} at (136,26) size 451x90 [border: (1px inset #808080)] [r=1 c=2 rs=1 cs=1]
              RenderBlock {P} at (2,2) size 446x18
                RenderText {#text} at (0,0) size 226x18
                  text run at (0,0) width 226: "HP Peripherals Developer Program"
              RenderBlock {P} at (2,36) size 446x18
                RenderText {#text} at (0,0) size 158x18
                  text run at (0,0) width 158: "PROGRAM SERVICES"
              RenderBlock {P} at (2,70) size 446x18
                RenderText {#text} at (0,0) size 70x18
                  text run at (0,0) width 70: "etc., etc. ..."
          RenderTableRow {TR} at (0,118) size 588x33
            RenderTableCell {TD} at (2,123) size 585x23 [border: (1px inset #808080)] [r=2 c=0 rs=1 cs=3]
              RenderText {#text} at (2,7) size 129x19
                text run at (2,2) width 129: "IMG in a colspan=3"
          RenderTableRow {TR} at (0,153) size 588x22
            RenderTableCell {TD} at (2,153) size 111x22 [border: (1px inset #808080)] [r=3 c=0 rs=1 cs=1]
              RenderText {#text} at (2,2) size 78x18
                text run at (2,2) width 78: "just an IMG"
            RenderTableCell {TH} at (114,153) size 473x22 [border: (1px inset #808080)] [r=3 c=1 rs=1 cs=2]
              RenderText {#text} at (204,2) size 64x18
                text run at (204,2) width 64: "text links"
      RenderBlock {P} at (0,524) size 769x18
        RenderInline {B} at (0,0) size 510x18
          RenderText {#text} at (0,0) size 510x18
            text run at (0,0) width 510: "Simpler comparison -- two rows, first is IMG in colspan=3 -- tables not OK"
      RenderTable {TABLE} at (0,558) size 600x175 [border: (1px outset #808080)]
        RenderTableSection {TBODY} at (1,1) size 598x173
          RenderTableRow {TR} at (0,2) size 598x77
            RenderTableCell {TD} at (2,2) size 595x77 [border: (1px inset #808080)] [r=0 c=0 rs=1 cs=3]
              RenderImage {IMG} at (2,2) size 590x73
              RenderText {#text} at (0,0) size 0x0
          RenderTableRow {TR} at (0,81) size 598x90
            RenderTableCell {TD} at (2,81) size 112x40 [bgcolor=#94BD73] [border: (1px inset #808080)] [r=1 c=0 rs=1 cs=1]
              RenderText {#text} at (2,2) size 74x36
                text run at (2,2) width 74: "LH column"
                text run at (2,20) width 40: "image"
            RenderTableCell {TD} at (115,81) size 21x22 [border: (1px inset #808080)] [r=1 c=1 rs=1 cs=1]
              RenderText {#text} at (2,2) size 16x18
                text run at (2,2) width 16: "    "
            RenderTableCell {TD} at (137,81) size 460x90 [border: (1px inset #808080)] [r=1 c=2 rs=1 cs=1]
              RenderBlock {P} at (2,2) size 455x18
                RenderText {#text} at (0,0) size 226x18
                  text run at (0,0) width 226: "HP Peripherals Developer Program"
              RenderBlock {P} at (2,36) size 455x18
                RenderText {#text} at (0,0) size 158x18
                  text run at (0,0) width 158: "PROGRAM SERVICES"
              RenderBlock {P} at (2,70) size 455x18
                RenderText {#text} at (0,0) size 70x18
                  text run at (0,0) width 70: "etc., etc. ..."
      RenderBlock {P} at (0,759) size 769x18
        RenderInline {B} at (0,0) size 527x18
          RenderText {#text} at (0,0) size 527x18
            text run at (0,0) width 527: "Simpler comparison -- nuke the IMG (replace with text) -- tables line up now."
      RenderTable {TABLE} at (0,793) size 590x120 [border: (1px outset #808080)]
        RenderTableSection {TBODY} at (1,1) size 588x118
          RenderTableRow {TR} at (0,2) size 588x22
            RenderTableCell {TD} at (2,2) size 585x22 [border: (1px inset #808080)] [r=0 c=0 rs=1 cs=3]
              RenderText {#text} at (2,2) size 213x18
                text run at (2,2) width 213: "text instead of IMG in colspan=3"
          RenderTableRow {TR} at (0,26) size 588x90
            RenderTableCell {TD} at (2,26) size 111x40 [bgcolor=#94BD73] [border: (1px inset #808080)] [r=1 c=0 rs=1 cs=1]
              RenderText {#text} at (2,2) size 74x36
                text run at (2,2) width 74: "LH column"
                text run at (2,20) width 40: "image"
            RenderTableCell {TD} at (114,26) size 21x22 [border: (1px inset #808080)] [r=1 c=1 rs=1 cs=1]
              RenderText {#text} at (2,2) size 16x18
                text run at (2,2) width 16: "    "
            RenderTableCell {TD} at (136,26) size 451x90 [border: (1px inset #808080)] [r=1 c=2 rs=1 cs=1]
              RenderBlock {P} at (2,2) size 446x18
                RenderText {#text} at (0,0) size 226x18
                  text run at (0,0) width 226: "HP Peripherals Developer Program"
              RenderBlock {P} at (2,36) size 446x18
                RenderText {#text} at (0,0) size 158x18
                  text run at (0,0) width 158: "PROGRAM SERVICES"
              RenderBlock {P} at (2,70) size 446x18
                RenderText {#text} at (0,0) size 70x18
                  text run at (0,0) width 70: "etc., etc. ..."
layer at (8,275) size 769x2 clip at (0,0) size 0x0
  RenderBlock {HR} at (0,267) size 769x2 [color=#808080] [border: (1px inset #808080)]
layer at (8,514) size 769x2 clip at (0,0) size 0x0
  RenderBlock {HR} at (0,506) size 769x2 [color=#808080] [border: (1px inset #808080)]
layer at (8,749) size 769x2 clip at (0,0) size 0x0
  RenderBlock {HR} at (0,741) size 769x2 [color=#808080] [border: (1px inset #808080)]
