layer at (0,0) size 800x600
  RenderView at (0,0) size 800x600
layer at (0,0) size 800x600
  RenderBlock {HTML} at (0,0) size 800x600
    RenderBody {BODY} at (8,8) size 784x584
      RenderTable {TABLE} at (0,0) size 628x46
        RenderTableSection {TBODY} at (0,0) size 628x46
          RenderTableRow {TR} at (0,2) size 628x42
            RenderTableCell {TD} at (2,11) size 205x24 [border: (2px solid #FF0000)] [r=0 c=0 rs=1 cs=1]
              RenderText {#text} at (3,3) size 133x18
                text run at (3,3) width 133: "Cell 1 (width=33%)."
            RenderTableCell {TD} at (208,2) size 418x42 [border: (2px solid #0000FF)] [r=0 c=1 rs=1 cs=1]
              RenderText {#text} at (3,3) size 393x36
                text run at (3,3) width 393: "Cell 3 (width=*) - should be 67% when cell 2 is hidden, 33%"
                text run at (3,21) width 140: "when cell 2 is visible."
