layer at (0,0) size 800x600
  RenderView at (0,0) size 800x600
layer at (0,0) size 800x98
  RenderBlock {HTML} at (0,0) size 800x98
    RenderBody {BODY} at (8,8) size 784x82
      RenderTable {TABLE} at (0,0) size 286x82 [border: (4px outset #808080)]
        RenderTableSection {THEAD} at (4,4) size 278x26
          RenderTableRow {TR} at (0,2) size 278x22
            RenderTableCell {TD} at (2,2) size 33x22 [border: (1px inset #808080)] [r=0 c=0 rs=1 cs=1]
              RenderText {#text} at (2,2) size 16x18
                text run at (2,2) width 16: "h0"
            RenderTableCell {TD} at (36,2) size 33x22 [border: (1px inset #808080)] [r=0 c=1 rs=1 cs=1]
              RenderText {#text} at (2,2) size 16x18
                text run at (2,2) width 16: "h1"
            RenderTableCell {TD} at (70,2) size 34x22 [border: (1px inset #808080)] [r=0 c=2 rs=1 cs=1]
              RenderText {#text} at (2,2) size 16x18
                text run at (2,2) width 16: "h2"
            RenderTableCell {TD} at (105,2) size 33x22 [border: (1px inset #808080)] [r=0 c=3 rs=1 cs=1]
              RenderText {#text} at (2,2) size 16x18
                text run at (2,2) width 16: "h3"
            RenderTableCell {TD} at (139,2) size 34x22 [border: (1px inset #808080)] [r=0 c=4 rs=1 cs=1]
              RenderText {#text} at (2,2) size 16x18
                text run at (2,2) width 16: "h4"
            RenderTableCell {TD} at (174,2) size 33x22 [border: (1px inset #808080)] [r=0 c=5 rs=1 cs=1]
              RenderText {#text} at (2,2) size 16x18
                text run at (2,2) width 16: "h5"
            RenderTableCell {TD} at (208,2) size 34x22 [border: (1px inset #808080)] [r=0 c=6 rs=1 cs=1]
              RenderText {#text} at (2,2) size 16x18
                text run at (2,2) width 16: "h6"
            RenderTableCell {TD} at (243,2) size 33x22 [border: (1px inset #808080)] [r=0 c=7 rs=1 cs=1]
              RenderText {#text} at (2,2) size 16x18
                text run at (2,2) width 16: "h7"
        RenderTableSection {TBODY} at (4,30) size 278x24
          RenderTableRow {TR} at (0,0) size 278x22
            RenderTableCell {TD} at (2,0) size 33x22 [border: (1px inset #808080)] [r=0 c=0 rs=1 cs=1]
              RenderText {#text} at (2,2) size 29x18
                text run at (2,2) width 29: "r0c0"
            RenderTableCell {TD} at (36,0) size 33x22 [border: (1px inset #808080)] [r=0 c=1 rs=1 cs=1]
              RenderText {#text} at (2,2) size 29x18
                text run at (2,2) width 29: "r0c1"
            RenderTableCell {TD} at (70,0) size 34x22 [border: (1px inset #808080)] [r=0 c=2 rs=1 cs=1]
              RenderText {#text} at (2,2) size 29x18
                text run at (2,2) width 29: "r0c2"
            RenderTableCell {TD} at (105,0) size 33x22 [border: (1px inset #808080)] [r=0 c=3 rs=1 cs=1]
              RenderText {#text} at (2,2) size 29x18
                text run at (2,2) width 29: "r0c3"
            RenderTableCell {TD} at (139,0) size 34x22 [border: (1px inset #808080)] [r=0 c=4 rs=1 cs=1]
              RenderText {#text} at (2,2) size 29x18
                text run at (2,2) width 29: "r0c4"
            RenderTableCell {TD} at (174,0) size 33x22 [border: (1px inset #808080)] [r=0 c=5 rs=1 cs=1]
              RenderText {#text} at (2,2) size 29x18
                text run at (2,2) width 29: "r0c5"
            RenderTableCell {TD} at (208,0) size 34x22 [border: (1px inset #808080)] [r=0 c=6 rs=1 cs=1]
              RenderText {#text} at (2,2) size 29x18
                text run at (2,2) width 29: "r0c6"
            RenderTableCell {TD} at (243,0) size 33x22 [border: (1px inset #808080)] [r=0 c=7 rs=1 cs=1]
              RenderText {#text} at (2,2) size 29x18
                text run at (2,2) width 29: "r0c7"
        RenderTableSection {TFOOT} at (4,54) size 278x24
          RenderTableRow {TR} at (0,0) size 278x22
            RenderTableCell {TD} at (2,0) size 33x22 [border: (1px inset #808080)] [r=0 c=0 rs=1 cs=1]
              RenderText {#text} at (2,2) size 14x18
                text run at (2,2) width 14: "f0"
            RenderTableCell {TD} at (36,0) size 33x22 [border: (1px inset #808080)] [r=0 c=1 rs=1 cs=1]
              RenderText {#text} at (2,2) size 14x18
                text run at (2,2) width 14: "f1"
            RenderTableCell {TD} at (70,0) size 34x22 [border: (1px inset #808080)] [r=0 c=2 rs=1 cs=1]
              RenderText {#text} at (2,2) size 14x18
                text run at (2,2) width 14: "f2"
            RenderTableCell {TD} at (105,0) size 33x22 [border: (1px inset #808080)] [r=0 c=3 rs=1 cs=1]
              RenderText {#text} at (2,2) size 14x18
                text run at (2,2) width 14: "f3"
            RenderTableCell {TD} at (139,0) size 34x22 [border: (1px inset #808080)] [r=0 c=4 rs=1 cs=1]
              RenderText {#text} at (2,2) size 14x18
                text run at (2,2) width 14: "f4"
            RenderTableCell {TD} at (174,0) size 33x22 [border: (1px inset #808080)] [r=0 c=5 rs=1 cs=1]
              RenderText {#text} at (2,2) size 14x18
                text run at (2,2) width 14: "f5"
            RenderTableCell {TD} at (208,0) size 34x22 [border: (1px inset #808080)] [r=0 c=6 rs=1 cs=1]
              RenderText {#text} at (2,2) size 14x18
                text run at (2,2) width 14: "f6"
            RenderTableCell {TD} at (243,0) size 33x22 [border: (1px inset #808080)] [r=0 c=7 rs=1 cs=1]
              RenderText {#text} at (2,2) size 14x18
                text run at (2,2) width 14: "f7"
