layer at (0,0) size 800x600
  RenderView at (0,0) size 800x600
layer at (0,0) size 800x600
  RenderBlock {HTML} at (0,0) size 800x600
    RenderBody {BODY} at (8,16) size 784x568
      RenderTable {TABLE} at (16,0) size 752x70 [border: (1px outset #808080)]
        RenderTableSection {TBODY} at (1,1) size 750x68
          RenderTableRow {TR} at (0,2) size 750x22
            RenderTableCell {TH} at (2,2) size 174x22 [border: (1px inset #808080)] [r=0 c=0 rs=1 cs=1]
              RenderText {#text} at (45,2) size 83x18
                text run at (45,2) width 83: "Header One"
            RenderTableCell {TH} at (177,2) size 271x22 [border: (1px inset #808080)] [r=0 c=1 rs=1 cs=1]
              RenderText {#text} at (93,2) size 84x18
                text run at (93,2) width 84: "Header Two"
            RenderTableCell {TH} at (449,2) size 300x22 [border: (1px inset #808080)] [r=0 c=2 rs=1 cs=1]
              RenderText {#text} at (101,2) size 96x18
                text run at (101,2) width 96: "Header Three"
          RenderTableRow {TR} at (0,26) size 750x40
            RenderTableCell {TD} at (2,26) size 174x40 [border: (1px inset #808080)] [r=1 c=0 rs=1 cs=1]
              RenderText {#text} at (2,2) size 161x36
                text run at (2,2) width 119: "This table uses the"
                text run at (2,20) width 161: "separated borders model."
            RenderTableCell {TD} at (177,26) size 271x40 [border: (1px inset #808080)] [r=1 c=1 rs=1 cs=1]
              RenderText {#text} at (2,2) size 258x36
                text run at (2,2) width 258: "This means that elements within the cell"
                text run at (2,20) width 183: "have border-spacing of 1em."
            RenderTableCell {TD} at (449,26) size 300x40 [border: (1px inset #808080)] [r=1 c=2 rs=1 cs=1]
              RenderText {#text} at (2,2) size 285x36
                text run at (2,2) width 209: "The borders on the header cells, "
                text run at (210,2) width 77: "on all sides,"
                text run at (2,20) width 203: "should be medium solid purple."
