layer at (0,0) size 785x605
  RenderView at (0,0) size 785x600
layer at (0,0) size 785x605
  RenderBlock {HTML} at (0,0) size 785x605
    RenderBody {BODY} at (8,8) size 769x589 [bgcolor=#FFFFFF]
      RenderTable {TABLE} at (0,0) size 308x52 [border: (1px outset #808080)]
        RenderTableCol {COLGROUP} at (0,0) size 0x0
          RenderTableCol {COL} at (0,0) size 0x0
          RenderTableCol {COL} at (0,0) size 0x0
        RenderTableSection {TBODY} at (1,1) size 306x50
          RenderTableRow {TR} at (0,2) size 306x22
          RenderTableRow {TR} at (0,26) size 306x22
      RenderTable {TABLE} at (0,52) size 308x52 [border: (1px outset #808080)]
        RenderTableCol {COLGROUP} at (0,0) size 0x0
          RenderTableCol {COL} at (0,0) size 0x0
          RenderTableCol {COL} at (0,0) size 0x0
        RenderTableSection {TBODY} at (1,1) size 306x50
          RenderTableRow {TR} at (0,2) size 306x22
          RenderTableRow {TR} at (0,26) size 306x22
      RenderTable {TABLE} at (0,104) size 300x52 [border: (1px outset #808080)]
        RenderTableSection {TBODY} at (1,1) size 298x50
          RenderTableRow {TR} at (0,2) size 298x22
          RenderTableRow {TR} at (0,26) size 298x22
      RenderTable {TABLE} at (0,156) size 300x52 [border: (1px outset #808080)]
        RenderTableSection {TBODY} at (1,1) size 298x50
          RenderTableRow {TR} at (0,2) size 298x22
          RenderTableRow {TR} at (0,26) size 298x22
      RenderTable {TABLE} at (0,208) size 300x54 [border: (1px outset #808080)]
        RenderTableSection {TBODY} at (1,1) size 298x52
          RenderTableRow {TR} at (0,2) size 298x24
          RenderTableRow {TR} at (0,27) size 298x23
      RenderTable {TABLE} at (0,261) size 300x54 [border: (1px outset #808080)]
        RenderTableSection {TBODY} at (1,1) size 298x52
          RenderTableRow {TR} at (0,2) size 298x24
          RenderTableRow {TR} at (0,27) size 298x23
      RenderTable {TABLE} at (0,314) size 300x95 [border: (1px outset #808080)]
        RenderTableSection {TBODY} at (1,1) size 298x92
          RenderTableRow {TR} at (0,2) size 298x46
          RenderTableRow {TR} at (0,50) size 298x40
      RenderTable {TABLE} at (0,498) size 300x91 [border: (1px outset #808080)]
        RenderTableSection {TBODY} at (1,1) size 298x88
          RenderTableRow {TR} at (0,2) size 298x60
          RenderTableRow {TR} at (0,64) size 298x22
layer at (11,11) size 200x22 clip at (12,12) size 198x20
  RenderTableCell {TD} at (2,2) size 200x22 [bgcolor=#0000FF] [border: (1px inset #808080)] [r=0 c=0 rs=1 cs=1]
    RenderText {#text} at (2,2) size 4x18
      text run at (2,2) width 4: " "
layer at (213,11) size 100x22 clip at (214,12) size 98x20
  RenderTableCell {TD} at (204,2) size 100x22 [bgcolor=#0000FF] [border: (1px inset #808080)] [r=0 c=1 rs=1 cs=1]
    RenderText {#text} at (2,2) size 4x18
      text run at (2,2) width 4: " "
layer at (11,35) size 200x22 clip at (12,36) size 198x20
  RenderTableCell {TD} at (2,26) size 200x22 [bgcolor=#0000FF] [border: (1px inset #808080)] [r=1 c=0 rs=1 cs=1]
    RenderText {#text} at (2,2) size 4x18
      text run at (2,2) width 4: " "
layer at (213,35) size 100x22 clip at (214,36) size 98x20
  RenderTableCell {TD} at (204,26) size 100x22 [bgcolor=#0000FF] [border: (1px inset #808080)] [r=1 c=1 rs=1 cs=1]
    RenderText {#text} at (2,2) size 4x18
      text run at (2,2) width 4: " "
layer at (11,63) size 200x22 clip at (12,64) size 198x20
  RenderTableCell {TD} at (2,2) size 200x22 [bgcolor=#0000FF] [border: (1px inset #808080)] [r=0 c=0 rs=1 cs=1]
    RenderText {#text} at (2,2) size 4x18
      text run at (2,2) width 4: " "
layer at (213,63) size 100x22 clip at (214,64) size 98x20
  RenderTableCell {TD} at (204,2) size 100x22 [bgcolor=#0000FF] [border: (1px inset #808080)] [r=0 c=1 rs=1 cs=1]
    RenderText {#text} at (2,2) size 4x18
      text run at (2,2) width 4: " "
layer at (11,87) size 200x22 clip at (12,88) size 198x20
  RenderTableCell {TD} at (2,26) size 200x22 [bgcolor=#0000FF] [border: (1px inset #808080)] [r=1 c=0 rs=1 cs=1]
    RenderText {#text} at (2,2) size 4x18
      text run at (2,2) width 4: " "
layer at (213,87) size 100x22 clip at (214,88) size 98x20
  RenderTableCell {TD} at (204,26) size 100x22 [bgcolor=#0000FF] [border: (1px inset #808080)] [r=1 c=1 rs=1 cs=1]
    RenderText {#text} at (2,2) size 4x18
      text run at (2,2) width 4: " "
layer at (11,115) size 234x22 clip at (12,116) size 232x20
  RenderTableCell {TD} at (2,2) size 234x22 [bgcolor=#0000FF] [border: (1px inset #808080)] [r=0 c=0 rs=1 cs=1]
    RenderText {#text} at (2,2) size 4x18
      text run at (2,2) width 4: " "
layer at (247,115) size 58x22 clip at (248,116) size 56x20
  RenderTableCell {TD} at (237,2) size 59x22 [bgcolor=#0000FF] [border: (1px inset #808080)] [r=0 c=1 rs=1 cs=1]
    RenderText {#text} at (2,2) size 4x18
      text run at (2,2) width 4: " "
layer at (11,139) size 234x22 clip at (12,140) size 232x20
  RenderTableCell {TD} at (2,26) size 234x22 [bgcolor=#0000FF] [border: (1px inset #808080)] [r=1 c=0 rs=1 cs=1]
    RenderText {#text} at (2,2) size 4x18
      text run at (2,2) width 4: " "
layer at (247,139) size 58x22 clip at (248,140) size 56x20
  RenderTableCell {TD} at (237,26) size 59x22 [bgcolor=#0000FF] [border: (1px inset #808080)] [r=1 c=1 rs=1 cs=1]
    RenderText {#text} at (2,2) size 4x18
      text run at (2,2) width 4: " "
layer at (11,167) size 154x22 clip at (12,168) size 152x20
  RenderTableCell {TD} at (2,2) size 154x22 [bgcolor=#0000FF] [border: (1px inset #808080)] [r=0 c=0 rs=1 cs=1]
    RenderText {#text} at (2,2) size 4x18
      text run at (2,2) width 4: " "
layer at (167,167) size 138x22 clip at (168,168) size 136x20
  RenderTableCell {TD} at (158,2) size 138x22 [bgcolor=#0000FF] [border: (1px inset #808080)] [r=0 c=1 rs=1 cs=1]
    RenderText {#text} at (2,2) size 4x18
      text run at (2,2) width 4: " "
layer at (11,191) size 154x22 clip at (12,192) size 152x20
  RenderTableCell {TD} at (2,26) size 154x22 [bgcolor=#0000FF] [border: (1px inset #808080)] [r=1 c=0 rs=1 cs=1]
    RenderText {#text} at (2,2) size 4x18
      text run at (2,2) width 4: " "
layer at (167,191) size 138x22 clip at (168,192) size 136x20
  RenderTableCell {TD} at (158,26) size 138x22 [bgcolor=#0000FF] [border: (1px inset #808080)] [r=1 c=1 rs=1 cs=1]
    RenderText {#text} at (2,2) size 4x18
      text run at (2,2) width 4: " "
layer at (11,219) size 154x23 clip at (12,220) size 152x21 scrollWidth 201
  RenderTableCell {TD} at (2,2) size 154x24 [bgcolor=#0000FF] [border: (1px inset #808080)] [r=0 c=0 rs=1 cs=1]
    RenderBlock {FORM} at (2,2) size 150x20
      RenderButton {BUTTON} at (0,1) size 200x19 [color=#000000D8] [bgcolor=#C0C0C0] [border: none (2px outset #C0C0C0) none (2px outset #C0C0C0)]
        RenderBlock (anonymous) at (8,2) size 184x13
          RenderText {#text} at (74,0) size 36x13
            text run at (74,0) width 36: "button"
layer at (167,219) size 138x23 clip at (168,220) size 136x21
  RenderTableCell {TD} at (158,2) size 138x23 [bgcolor=#0000FF] [border: (1px inset #808080)] [r=0 c=1 rs=1 cs=1]
    RenderText {#text} at (2,2) size 4x19
      text run at (2,2) width 4: " "
layer at (11,244) size 154x22 clip at (12,245) size 152x20
  RenderTableCell {TD} at (2,27) size 154x23 [bgcolor=#0000FF] [border: (1px inset #808080)] [r=1 c=0 rs=1 cs=1]
    RenderText {#text} at (2,2) size 4x18
      text run at (2,2) width 4: " "
layer at (167,244) size 138x22 clip at (168,245) size 136x20
  RenderTableCell {TD} at (158,27) size 138x23 [bgcolor=#0000FF] [border: (1px inset #808080)] [r=1 c=1 rs=1 cs=1]
    RenderText {#text} at (2,2) size 4x18
      text run at (2,2) width 4: " "
layer at (11,272) size 281x23 clip at (12,273) size 279x22
  RenderTableCell {TD} at (2,2) size 281x24 [bgcolor=#0000FF] [border: (1px inset #808080)] [r=0 c=0 rs=1 cs=1]
    RenderBlock {FORM} at (2,2) size 277x20
      RenderButton {BUTTON} at (0,1) size 200x19 [color=#000000D8] [bgcolor=#C0C0C0] [border: none (2px outset #C0C0C0) none (2px outset #C0C0C0)]
        RenderBlock (anonymous) at (8,2) size 184x13
          RenderText {#text} at (74,0) size 36x13
            text run at (74,0) width 36: "button"
layer at (294,272) size 11x23 clip at (295,273) size 9x22
  RenderTableCell {TD} at (284,2) size 13x23 [bgcolor=#0000FF] [border: (1px inset #808080)] [r=0 c=1 rs=1 cs=1]
    RenderText {#text} at (2,2) size 4x19
      text run at (2,2) width 4: " "
layer at (11,298) size 281x22 clip at (12,299) size 279x20
  RenderTableCell {TD} at (2,27) size 281x23 [bgcolor=#0000FF] [border: (1px inset #808080)] [r=1 c=0 rs=1 cs=1]
    RenderText {#text} at (2,2) size 4x18
      text run at (2,2) width 4: " "
layer at (294,298) size 11x22 clip at (295,299) size 9x20
  RenderTableCell {TD} at (284,27) size 13x23 [bgcolor=#0000FF] [border: (1px inset #808080)] [r=1 c=1 rs=1 cs=1]
    RenderText {#text} at (2,2) size 4x18
      text run at (2,2) width 4: " "
layer at (11,326) size 172x46 clip at (12,327) size 170x44 scrollWidth 216
  RenderTableCell {TD} at (2,2) size 172x46 [bgcolor=#0000FF] [border: (1px inset #808080)] [r=0 c=0 rs=1 cs=1]
    RenderBlock {DIV} at (11,11) size 206x24 [border: (3px solid #000000)]
      RenderText {#text} at (3,3) size 21x18
        text run at (3,3) width 21: "div"
layer at (185,326) size 120x46 clip at (186,327) size 118x44
  RenderTableCell {TD} at (176,5) size 120x40 [bgcolor=#0000FF] [border: (1px inset #808080)] [r=0 c=1 rs=1 cs=1]
    RenderText {#text} at (11,14) size 4x18
      text run at (11,11) width 4: " "
layer at (11,374) size 172x40 clip at (12,375) size 170x38
  RenderTableCell {TD} at (2,50) size 172x40 [bgcolor=#0000FF] [border: (1px inset #808080)] [r=1 c=0 rs=1 cs=1]
    RenderText {#text} at (11,11) size 4x18
      text run at (11,11) width 4: " "
layer at (185,374) size 120x40 clip at (186,375) size 118x38
  RenderTableCell {TD} at (176,50) size 120x40 [bgcolor=#0000FF] [border: (1px inset #808080)] [r=1 c=1 rs=1 cs=1]
    RenderText {#text} at (11,11) size 4x18
      text run at (11,11) width 4: " "
layer at (8,417) size 300x90 clip at (9,418) size 298x88
  RenderTable {TABLE} at (0,408) size 300x91 [border: (1px outset #808080)]
    RenderTableSection {TBODY} at (1,1) size 298x88
      RenderTableRow {TR} at (0,2) size 298x60
      RenderTableRow {TR} at (0,64) size 298x22
layer at (11,420) size 154x60 clip at (12,421) size 152x58 scrollWidth 207
  RenderTableCell {TD} at (2,2) size 154x60 [bgcolor=#0000FF] [border: (1px inset #808080)] [r=0 c=0 rs=1 cs=1]
    RenderBlock {P} at (2,18) size 206x24 [border: (3px solid #000000)]
      RenderText {#text} at (3,3) size 28x18
        text run at (3,3) width 28: "para"
layer at (167,420) size 138x60 clip at (168,421) size 136x58
  RenderTableCell {TD} at (158,21) size 138x22 [bgcolor=#0000FF] [border: (1px inset #808080)] [r=0 c=1 rs=1 cs=1]
    RenderText {#text} at (2,21) size 4x18
      text run at (2,2) width 4: " "
layer at (11,482) size 154x22 clip at (12,483) size 152x20
  RenderTableCell {TD} at (2,64) size 154x22 [bgcolor=#0000FF] [border: (1px inset #808080)] [r=1 c=0 rs=1 cs=1]
    RenderText {#text} at (2,2) size 4x18
      text run at (2,2) width 4: " "
layer at (167,482) size 138x22 clip at (168,483) size 136x20
  RenderTableCell {TD} at (158,64) size 138x22 [bgcolor=#0000FF] [border: (1px inset #808080)] [r=1 c=1 rs=1 cs=1]
    RenderText {#text} at (2,2) size 4x18
      text run at (2,2) width 4: " "
layer at (11,510) size 254x60 clip at (12,511) size 252x58
  RenderTableCell {TD} at (2,2) size 254x60 [bgcolor=#0000FF] [border: (1px inset #808080)] [r=0 c=0 rs=1 cs=1]
    RenderBlock {P} at (2,18) size 206x24 [border: (3px solid #000000)]
      RenderText {#text} at (3,3) size 28x18
        text run at (3,3) width 28: "para"
layer at (267,510) size 38x60 clip at (268,511) size 36x58
  RenderTableCell {TD} at (258,21) size 38x22 [bgcolor=#0000FF] [border: (1px inset #808080)] [r=0 c=1 rs=1 cs=1]
    RenderText {#text} at (2,21) size 4x18
      text run at (2,2) width 4: " "
layer at (11,572) size 254x22 clip at (12,573) size 252x20
  RenderTableCell {TD} at (2,64) size 254x22 [bgcolor=#0000FF] [border: (1px inset #808080)] [r=1 c=0 rs=1 cs=1]
    RenderText {#text} at (2,2) size 4x18
      text run at (2,2) width 4: " "
layer at (267,572) size 38x22 clip at (268,573) size 36x20
  RenderTableCell {TD} at (258,64) size 38x22 [bgcolor=#0000FF] [border: (1px inset #808080)] [r=1 c=1 rs=1 cs=1]
    RenderText {#text} at (2,2) size 4x18
      text run at (2,2) width 4: " "
