layer at (0,0) size 800x600
  RenderView at (0,0) size 800x600
layer at (0,0) size 800x600
  RenderBlock {HTML} at (0,0) size 800x600
    RenderBody {BODY} at (8,8) size 784x584
      RenderTable {TABLE} at (0,0) size 784x111 [bgcolor=#00FFFF] [border: (1px outset #808080)]
        RenderTableSection {TBODY} at (1,1) size 782x109
          RenderTableRow {TR} at (0,2) size 782x105
            RenderTableCell {TD} at (2,2) size 454x105 [border: (1px inset #808080)] [r=0 c=0 rs=1 cs=1]
              RenderTable {TABLE} at (2,2) size 450x101 [bgcolor=#FF00FF] [border: (1px outset #808080)]
                RenderTableSection {TBODY} at (1,1) size 448x99
                  RenderTableRow {TR} at (0,2) size 448x95
                    RenderTableCell {TD} at (2,2) size 444x95 [border: (1px inset #808080)] [r=0 c=0 rs=1 cs=1]
                      RenderText {#text} at (2,2) size 203x18
                        text run at (2,2) width 203: "Mozilla To Be Dually-Licensed"
                      RenderBR {BR} at (204,2) size 1x18
                      RenderText {#text} at (2,35) size 208x18
                        text run at (2,35) width 208: "Plans are underway to make the "
                      RenderInline {FONT} at (0,0) size 101x37 [color=#0000FF]
                        RenderText {#text} at (209,20) size 101x37
                          text run at (209,20) width 101: "Mozilla"
                      RenderText {#text} at (309,35) size 404x58
                        text run at (309,35) width 97: " code available"
                        text run at (2,57) width 52: "under a "
                        text run at (53,57) width 156: "dual MPL/GPL license. "
                        text run at (208,57) width 181: "See the for more info. We're"
                        text run at (2,75) width 326: "gathering contributor input now, in the newsgroup."
                      RenderBR {BR} at (327,75) size 1x18
            RenderTableCell {TD} at (457,25) size 324x59 [border: (1px inset #808080)] [r=0 c=1 rs=1 cs=1]
              RenderText {#text} at (2,1) size 293x56
                text run at (2,2) width 273: "This status update contains information on"
                text run at (2,20) width 231: "MailNews, XML/DOM, XPToolkit,"
                text run at (2,38) width 293: "Architecture, Bidi, Necko/Imglib, and more..."
      RenderBlock (anonymous) at (0,111) size 784x37
        RenderBR {BR} at (0,0) size 0x18
        RenderButton {INPUT} at (0,19) size 52x18 [color=#000000D8] [bgcolor=#C0C0C0] [border: none (2px outset #C0C0C0) none (2px outset #C0C0C0)]
          RenderBlock (anonymous) at (8,2) size 36x13
            RenderText at (0,0) size 36x13
              text run at (0,0) width 36: "Reload"
        RenderText {#text} at (51,18) size 9x18
          text run at (51,18) width 9: "  "
        RenderButton {INPUT} at (59,19) size 84x18 [color=#000000D8] [bgcolor=#C0C0C0] [border: none (2px outset #C0C0C0) none (2px outset #C0C0C0)]
          RenderBlock (anonymous) at (8,2) size 67x13
            RenderText at (0,0) size 67x13
              text run at (0,0) width 67: "Change Font"
        RenderText {#text} at (142,18) size 9x18
          text run at (142,18) width 9: "  "
        RenderTextControl {INPUT} at (150,18) size 149x19 [bgcolor=#FFFFFF] [border: (2px inset #000000)]
        RenderText {#text} at (0,0) size 0x0
layer at (162,140) size 142x13
  RenderBlock {DIV} at (3,3) size 142x13
    RenderText {#text} at (0,0) size 8x13
      text run at (0,0) width 8: "6"
