layer at (0,0) size 800x600
  RenderView at (0,0) size 800x600
layer at (0,0) size 800x600
  RenderBlock {HTML} at (0,0) size 800x600
    RenderBody {BODY} at (8,8) size 784x584 [bgcolor=#FFFFFF]
      RenderTable {TABLE} at (0,0) size 784x124 [border: (1px outset #808080)]
        RenderTableSection {TBODY} at (1,1) size 782x122
          RenderTableRow {TR} at (0,2) size 782x22
            RenderTableCell {TD} at (2,2) size 77x22 [border: (1px inset #808080)] [r=0 c=0 rs=1 cs=1]
              RenderText {#text} at (2,2) size 30x18
                text run at (2,2) width 30: "10%"
            RenderTableCell {TD} at (80,2) size 701x22 [border: (1px inset #808080)] [r=0 c=1 rs=1 cs=5]
              RenderText {#text} at (2,2) size 95x18
                text run at (2,2) width 95: "90% colspan 5"
          RenderTableRow {TR} at (0,26) size 782x22
            RenderTableCell {TD} at (2,26) size 233x22 [border: (1px inset #808080)] [r=1 c=0 rs=1 cs=2]
              RenderText {#text} at (2,2) size 95x18
                text run at (2,2) width 95: "30% colspan 2"
            RenderTableCell {TD} at (236,26) size 389x22 [border: (1px inset #808080)] [r=1 c=2 rs=1 cs=3]
              RenderText {#text} at (2,2) size 95x18
                text run at (2,2) width 95: "50% colspan 3"
            RenderTableCell {TD} at (626,26) size 155x22 [border: (1px inset #808080)] [r=1 c=5 rs=1 cs=1]
              RenderText {#text} at (2,2) size 30x18
                text run at (2,2) width 30: "20%"
          RenderTableRow {TR} at (0,50) size 782x22
            RenderTableCell {TD} at (2,50) size 312x22 [border: (1px inset #808080)] [r=2 c=0 rs=1 cs=3]
              RenderText {#text} at (2,2) size 95x18
                text run at (2,2) width 95: "40% colspan 3"
            RenderTableCell {TD} at (315,50) size 310x22 [border: (1px inset #808080)] [r=2 c=3 rs=1 cs=2]
              RenderText {#text} at (2,2) size 95x18
                text run at (2,2) width 95: "40% colspan 2"
            RenderTableCell {TD} at (626,50) size 155x22 [border: (1px inset #808080)] [r=2 c=5 rs=1 cs=1]
              RenderText {#text} at (2,2) size 30x18
                text run at (2,2) width 30: "20%"
          RenderTableRow {TR} at (0,74) size 782x22
            RenderTableCell {TD} at (2,74) size 544x22 [border: (1px inset #808080)] [r=3 c=0 rs=1 cs=4]
              RenderText {#text} at (2,2) size 95x18
                text run at (2,2) width 95: "70% colspan 4"
            RenderTableCell {TD} at (547,74) size 78x22 [border: (1px inset #808080)] [r=3 c=4 rs=1 cs=1]
              RenderText {#text} at (2,2) size 30x18
                text run at (2,2) width 30: "10%"
            RenderTableCell {TD} at (626,74) size 155x22 [border: (1px inset #808080)] [r=3 c=5 rs=1 cs=1]
              RenderText {#text} at (2,2) size 30x18
                text run at (2,2) width 30: "20%"
          RenderTableRow {TR} at (0,98) size 782x22
            RenderTableCell {TD} at (2,98) size 623x22 [border: (1px inset #808080)] [r=4 c=0 rs=1 cs=5]
              RenderText {#text} at (2,2) size 95x18
                text run at (2,2) width 95: "80% colspan 5"
            RenderTableCell {TD} at (626,98) size 155x22 [border: (1px inset #808080)] [r=4 c=5 rs=1 cs=1]
              RenderText {#text} at (2,2) size 30x18
                text run at (2,2) width 30: "20%"
