layer at (0,0) size 800x600
  RenderView at (0,0) size 800x600
layer at (0,0) size 800x224
  RenderBlock {HTML} at (0,0) size 800x224
    RenderBody {BODY} at (8,8) size 784x208
      RenderTable {TABLE} at (0,0) size 700x52 [border: (1px outset #808080)]
        RenderTableSection {TBODY} at (1,1) size 698x50
          RenderTableRow {TR} at (0,2) size 698x22
            RenderTableCell {TD} at (2,2) size 695x22 [border: (1px inset #808080)] [r=0 c=0 rs=1 cs=3]
              RenderText {#text} at (2,2) size 589x18
                text run at (2,2) width 589: "lots of text goes here even more and more and more and more and more and more and more"
          RenderTableRow {TR} at (0,26) size 698x22
            RenderTableCell {TD} at (2,26) size 682x22 [border: (1px inset #808080)] [r=1 c=0 rs=1 cs=2]
              RenderText {#text} at (2,2) size 514x18
                text run at (2,2) width 514: "aaaaaaaaaaaa bbbbbbbbbbbbbbb cccccccccccccccccccccccccc dddddddddddddd"
            RenderTableCell {TD} at (685,26) size 12x22 [border: (1px inset #808080)] [r=1 c=2 rs=1 cs=1]
              RenderText {#text} at (2,2) size 4x18
                text run at (2,2) width 4: " "
      RenderBlock {P} at (0,68) size 784x0
      RenderTable {TABLE} at (0,68) size 700x52 [border: (1px outset #808080)]
        RenderTableSection {TBODY} at (1,1) size 698x50
          RenderTableRow {TR} at (0,2) size 698x22
            RenderTableCell {TD} at (2,2) size 695x22 [border: (1px inset #808080)] [r=0 c=0 rs=1 cs=3]
              RenderText {#text} at (2,2) size 192x18
                text run at (2,2) width 192: "lots of text goes here even mo"
          RenderTableRow {TR} at (0,26) size 698x22
            RenderTableCell {TD} at (2,26) size 682x22 [border: (1px inset #808080)] [r=1 c=0 rs=1 cs=2]
              RenderText {#text} at (2,2) size 514x18
                text run at (2,2) width 514: "aaaaaaaaaaaa bbbbbbbbbbbbbbb cccccccccccccccccccccccccc dddddddddddddd"
            RenderTableCell {TD} at (685,26) size 12x22 [border: (1px inset #808080)] [r=1 c=2 rs=1 cs=1]
              RenderText {#text} at (2,2) size 4x18
                text run at (2,2) width 4: " "
      RenderBlock {P} at (0,136) size 784x0
      RenderTable {TABLE} at (0,136) size 700x52 [border: (1px outset #808080)]
        RenderTableSection {TBODY} at (1,1) size 698x50
          RenderTableRow {TR} at (0,2) size 698x22
            RenderTableCell {TD} at (2,2) size 695x22 [border: (1px inset #808080)] [r=0 c=0 rs=1 cs=3]
              RenderText {#text} at (2,2) size 184x18
                text run at (2,2) width 184: "lots of text goes here even m"
          RenderTableRow {TR} at (0,26) size 698x22
            RenderTableCell {TD} at (2,26) size 682x22 [border: (1px inset #808080)] [r=1 c=0 rs=1 cs=2]
              RenderText {#text} at (2,2) size 514x18
                text run at (2,2) width 514: "aaaaaaaaaaaa bbbbbbbbbbbbbbb cccccccccccccccccccccccccc dddddddddddddd"
            RenderTableCell {TD} at (685,26) size 12x22 [border: (1px inset #808080)] [r=1 c=2 rs=1 cs=1]
              RenderText {#text} at (2,2) size 4x18
                text run at (2,2) width 4: " "
      RenderBlock {HR} at (0,196) size 182x2 [border: (1px inset #000000)]
      RenderBlock {HR} at (0,206) size 520x2 [border: (1px inset #000000)]
