layer at (0,0) size 800x600
  RenderView at (0,0) size 800x600
layer at (0,0) size 800x600
  RenderBlock {HTML} at (0,0) size 800x600
    RenderBody {BODY} at (8,8) size 784x576
      RenderBlock {FORM} at (0,0) size 784x50
        RenderTable {TABLE} at (0,0) size 32x28 [border: (1px outset #808080)]
          RenderTableSection {TBODY} at (1,1) size 30x26
            RenderTableRow {TR} at (0,2) size 30x22
              RenderTableCell {TD} at (2,2) size 26x22 [border: (1px inset #808080)] [r=0 c=0 rs=1 cs=1]
                RenderText {#text} at (2,2) size 22x18
                  text run at (2,2) width 22: "foo"
        RenderBlock (anonymous) at (0,28) size 784x22
          RenderButton {INPUT} at (2,2) size 53x18 [color=#000000D8] [bgcolor=#C0C0C0]
            RenderBlock (anonymous) at (8,2) size 37x13
              RenderText at (0,0) size 37x13
                text run at (0,0) width 37: "Submit"
          RenderText {#text} at (0,0) size 0x0
