layer at (0,0) size 800x600
  RenderView at (0,0) size 800x600
layer at (0,0) size 800x600
  RenderBlock {HTML} at (0,0) size 800x600
    RenderBody {BODY} at (8,8) size 784x584 [bgcolor=#FFFFFF]
      RenderTable {TABLE} at (0,0) size 784x52 [border: (1px outset #808080)]
        RenderTableSection {TBODY} at (1,1) size 782x50
          RenderTableRow {TR} at (0,2) size 782x22
            RenderTableCell {TD} at (2,2) size 778x22 [border: (1px inset #808080)] [r=0 c=0 rs=1 cs=8]
              RenderText {#text} at (2,2) size 4x18
                text run at (2,2) width 4: " "
          RenderTableRow {TR} at (0,26) size 782x22
            RenderTableCell {TD} at (2,26) size 156x22 [border: (1px inset #808080)] [r=1 c=0 rs=1 cs=1]
              RenderText {#text} at (2,2) size 24x18
                text run at (2,2) width 24: "Old"
            RenderTableCell {TD} at (159,26) size 621x22 [border: (1px inset #808080)] [r=1 c=1 rs=1 cs=7]
              RenderText {#text} at (2,2) size 41x18
                text run at (2,2) width 41: "Check"
