layer at (0,0) size 800x600
  RenderView at (0,0) size 800x600
layer at (0,0) size 800x600
  RenderBlock {HTML} at (0,0) size 800x600
    RenderBody {BODY} at (8,8) size 784x576
      RenderBlock (anonymous) at (0,0) size 784x18
        RenderText {#text} at (0,0) size 266x18
          text run at (0,0) width 266: "The select should not contain blank items"
        RenderBR {BR} at (265,0) size 1x18
      RenderBlock {FORM} at (0,18) size 784x19
        RenderInline {B} at (0,0) size 47x18
          RenderText {#text} at (0,0) size 47x18
            text run at (0,0) width 47: "Search"
        RenderText {#text} at (46,0) size 5x18
          text run at (46,0) width 5: " "
        RenderTextControl {INPUT} at (50,0) size 135x19 [bgcolor=#FFFFFF] [border: (2px inset #808080)]
        RenderText {#text} at (184,0) size 5x18
          text run at (184,0) width 5: " "
        RenderMenuList {SELECT} at (188,1) size 77x18 [bgcolor=#FFFFFF]
          RenderBlock (anonymous) at (0,0) size 76x18
            RenderText at (8,2) size 32x13
              text run at (8,2) width 32: "Excite"
        RenderText {#text} at (0,0) size 0x0
      RenderBlock (anonymous) at (0,53) size 784x36
        RenderBR {BR} at (0,0) size 0x18
        RenderText {#text} at (0,18) size 266x18
          text run at (0,18) width 266: "The select should not contain blank items"
        RenderBR {BR} at (265,18) size 1x18
      RenderBlock {FORM} at (0,89) size 784x18
        RenderMenuList {SELECT} at (0,0) size 221x18 [bgcolor=#FFFFFF]
          RenderBlock (anonymous) at (0,0) size 221x18
            RenderText at (8,2) size 55x13
              text run at (8,2) width 55: "Quick Link"
layer at (62,29) size 128x13
  RenderBlock {DIV} at (3,3) size 128x13
