layer at (0,0) size 800x600
  RenderView at (0,0) size 800x600
layer at (0,0) size 800x600
  RenderBlock {HTML} at (0,0) size 800x600
    RenderBody {BODY} at (8,8) size 784x584 [bgcolor=#FFFFFF]
      RenderBlock {P} at (0,0) size 784x36
        RenderText {#text} at (0,0) size 256x18
          text run at (0,0) width 256: "The table below is inside a div tag with "
        RenderInline {B} at (0,0) size 58x18
          RenderText {#text} at (255,0) size 58x18
            text run at (255,0) width 58: "absolute"
        RenderText {#text} at (312,0) size 762x36
          text run at (312,0) width 155: " positioning for top and "
          text run at (466,0) width 142: "left but not for width. "
          text run at (607,0) width 155: "The table should push it"
          text run at (0,18) width 341: "out to 100% but it doesn't. Instead the layer collapses"
      RenderBlock {P} at (0,52) size 784x72
        RenderBR {BR} at (0,0) size 0x18
        RenderBR {BR} at (0,18) size 0x18
        RenderBR {BR} at (0,36) size 0x18
        RenderBR {BR} at (0,54) size 0x18
      RenderBlock {P} at (0,140) size 784x36
        RenderText {#text} at (0,0) size 266x18
          text run at (0,0) width 266: "The next table is inside a div tag set with "
        RenderInline {B} at (0,0) size 52x18
          RenderText {#text} at (265,0) size 52x18
            text run at (265,0) width 52: "relative"
        RenderText {#text} at (316,0) size 81x18
          text run at (316,0) width 81: " positioning."
        RenderBR {BR} at (396,0) size 1x18
        RenderText {#text} at (0,18) size 142x18
          text run at (0,18) width 142: "No width has been set"
layer at (8,70) size 140x28
  RenderBlock (positioned) {DIV} at (8,70) size 141x28 [bgcolor=#CCFFCC]
    RenderTable {TABLE} at (0,0) size 141x28 [border: (1px outset #808080)]
      RenderTableSection {TBODY} at (1,1) size 139x26
        RenderTableRow {TR} at (0,2) size 139x22
          RenderTableCell {TD} at (2,2) size 135x22 [border: (1px inset #808080)] [r=0 c=0 rs=1 cs=1]
            RenderText {#text} at (2,2) size 131x18
              text run at (2,2) width 131: "Table width = 100%"
layer at (8,200) size 784x28
  RenderBlock (relative positioned) {DIV} at (0,192) size 784x28 [bgcolor=#CC0066]
    RenderTable {TABLE} at (0,0) size 784x28 [border: (1px outset #808080)]
      RenderTableSection {TBODY} at (1,1) size 782x26
        RenderTableRow {TR} at (0,2) size 782x22
          RenderTableCell {TD} at (2,2) size 778x22 [border: (1px inset #808080)] [r=0 c=0 rs=1 cs=1]
            RenderText {#text} at (2,2) size 131x18
              text run at (2,2) width 131: "Table width = 100%"
