layer at (0,0) size 800x600
  RenderView at (0,0) size 800x600
layer at (0,0) size 800x291
  RenderBlock {HTML} at (0,0) size 800x291
    RenderBody {BODY} at (8,8) size 784x275 [bgcolor=#FFFFFF]
      RenderTable {TABLE} at (0,0) size 176x275
        RenderTableSection {TBODY} at (0,0) size 176x275
          RenderTableRow {TR} at (0,0) size 176x35
            RenderTableCell {TD} at (0,0) size 44x35 [border: (1px solid #000000)] [r=0 c=0 rs=1 cs=1]
              RenderText {#text} at (8,8) size 28x19
                text run at (8,8) width 28: "blah"
            RenderTableCell {TD} at (43,0) size 45x35 [border: (1px solid #000000)] [r=0 c=1 rs=1 cs=1]
              RenderText {#text} at (8,8) size 28x19
                text run at (8,8) width 28: "blah"
            RenderTableCell {TD} at (87,0) size 45x35 [border: (1px solid #000000)] [r=0 c=2 rs=1 cs=1]
              RenderText {#text} at (8,8) size 28x19
                text run at (8,8) width 28: "blah"
            RenderTableCell {TD} at (131,0) size 45x35 [border: (1px solid #000000)] [r=0 c=3 rs=1 cs=1]
              RenderText {#text} at (8,8) size 28x19
                text run at (8,8) width 28: "blah"
          RenderTableRow {TR} at (0,34) size 176x35
            RenderTableCell {TD} at (0,34) size 44x35 [border: (1px solid #000000)] [r=1 c=0 rs=1 cs=1]
              RenderText {#text} at (8,8) size 28x19
                text run at (8,8) width 28: "blah"
            RenderTableCell {TD} at (43,34) size 45x35 [border: (1px solid #000000)] [r=1 c=1 rs=1 cs=1]
              RenderText {#text} at (8,8) size 28x19
                text run at (8,8) width 28: "blah"
            RenderTableCell {TD} at (87,34) size 45x35 [border: (1px solid #000000)] [r=1 c=2 rs=1 cs=1]
              RenderText {#text} at (8,8) size 28x19
                text run at (8,8) width 28: "blah"
            RenderTableCell {TD} at (131,34) size 45x35 [border: (1px solid #000000)] [r=1 c=3 rs=1 cs=1]
              RenderText {#text} at (8,8) size 28x19
                text run at (8,8) width 28: "blah"
          RenderTableRow {TR} at (0,68) size 176x36
            RenderTableCell {TD} at (0,68) size 44x36 [border: (1px solid #000000)] [r=2 c=0 rs=1 cs=1]
              RenderText {#text} at (8,8) size 28x19
                text run at (8,8) width 28: "blah"
            RenderTableCell {TD} at (43,68) size 45x36 [border: (1px solid #000000)] [r=2 c=1 rs=1 cs=1]
              RenderText {#text} at (8,8) size 28x19
                text run at (8,8) width 28: "blah"
            RenderTableCell {TD} at (87,68) size 45x36 [border: (1px solid #000000)] [r=2 c=2 rs=1 cs=1]
              RenderText {#text} at (8,8) size 28x19
                text run at (8,8) width 28: "blah"
            RenderTableCell {TD} at (131,68) size 45x36 [border: (1px solid #000000)] [r=2 c=3 rs=1 cs=1]
              RenderText {#text} at (8,8) size 28x19
                text run at (8,8) width 28: "blah"
          RenderTableRow {TR} at (0,103) size 176x35
            RenderTableCell {TD} at (0,103) size 44x35 [border: (1px solid #000000)] [r=3 c=0 rs=1 cs=1]
              RenderText {#text} at (8,8) size 28x19
                text run at (8,8) width 28: "blah"
            RenderTableCell {TD} at (43,103) size 45x35 [border: (1px solid #000000)] [r=3 c=1 rs=1 cs=1]
              RenderText {#text} at (8,8) size 28x19
                text run at (8,8) width 28: "blah"
            RenderTableCell {TD} at (87,103) size 45x35 [border: (1px solid #000000)] [r=3 c=2 rs=1 cs=1]
              RenderText {#text} at (8,8) size 28x19
                text run at (8,8) width 28: "blah"
            RenderTableCell {TD} at (131,103) size 45x35 [border: (1px solid #000000)] [r=3 c=3 rs=1 cs=1]
              RenderText {#text} at (8,8) size 28x19
                text run at (8,8) width 28: "blah"
          RenderTableRow {TR} at (0,137) size 176x35
            RenderTableCell {TD} at (0,137) size 44x35 [border: (1px solid #000000)] [r=4 c=0 rs=1 cs=1]
              RenderText {#text} at (8,8) size 28x19
                text run at (8,8) width 28: "blah"
            RenderTableCell {TD} at (43,137) size 45x35 [border: (1px solid #000000)] [r=4 c=1 rs=1 cs=1]
              RenderText {#text} at (8,8) size 28x19
                text run at (8,8) width 28: "blah"
            RenderTableCell {TD} at (87,137) size 45x35 [border: (1px solid #000000)] [r=4 c=2 rs=1 cs=1]
              RenderText {#text} at (8,8) size 28x19
                text run at (8,8) width 28: "blah"
            RenderTableCell {TD} at (131,137) size 45x35 [border: (1px solid #000000)] [r=4 c=3 rs=1 cs=1]
              RenderText {#text} at (8,8) size 28x19
                text run at (8,8) width 28: "blah"
          RenderTableRow {TR} at (0,171) size 176x36
            RenderTableCell {TD} at (0,171) size 44x36 [border: (1px solid #000000)] [r=5 c=0 rs=1 cs=1]
              RenderText {#text} at (8,8) size 28x19
                text run at (8,8) width 28: "blah"
            RenderTableCell {TD} at (43,171) size 45x36 [border: (1px solid #000000)] [r=5 c=1 rs=1 cs=1]
              RenderText {#text} at (8,8) size 28x19
                text run at (8,8) width 28: "blah"
            RenderTableCell {TD} at (87,171) size 45x36 [border: (1px solid #000000)] [r=5 c=2 rs=1 cs=1]
              RenderText {#text} at (8,8) size 28x19
                text run at (8,8) width 28: "blah"
            RenderTableCell {TD} at (131,171) size 45x36 [border: (1px solid #000000)] [r=5 c=3 rs=1 cs=1]
              RenderText {#text} at (8,8) size 28x19
                text run at (8,8) width 28: "blah"
          RenderTableRow {TR} at (0,206) size 176x35
            RenderTableCell {TD} at (0,206) size 44x35 [border: (1px solid #000000)] [r=6 c=0 rs=1 cs=1]
              RenderText {#text} at (8,8) size 28x19
                text run at (8,8) width 28: "blah"
            RenderTableCell {TD} at (43,206) size 45x35 [border: (1px solid #000000)] [r=6 c=1 rs=1 cs=1]
              RenderText {#text} at (8,8) size 28x19
                text run at (8,8) width 28: "blah"
            RenderTableCell {TD} at (87,206) size 45x35 [border: (1px solid #000000)] [r=6 c=2 rs=1 cs=1]
              RenderText {#text} at (8,8) size 28x19
                text run at (8,8) width 28: "blah"
            RenderTableCell {TD} at (131,206) size 45x35 [border: (1px solid #000000)] [r=6 c=3 rs=1 cs=1]
              RenderText {#text} at (8,8) size 28x19
                text run at (8,8) width 28: "blah"
          RenderTableRow {TR} at (0,240) size 176x35
            RenderTableCell {TD} at (0,240) size 44x35 [border: (1px solid #000000)] [r=7 c=0 rs=1 cs=1]
              RenderText {#text} at (8,8) size 28x19
                text run at (8,8) width 28: "blah"
            RenderTableCell {TD} at (43,240) size 45x35 [border: (1px solid #000000)] [r=7 c=1 rs=1 cs=1]
              RenderText {#text} at (8,8) size 28x19
                text run at (8,8) width 28: "blah"
            RenderTableCell {TD} at (87,240) size 45x35 [border: (1px solid #000000)] [r=7 c=2 rs=1 cs=1]
              RenderText {#text} at (8,8) size 28x19
                text run at (8,8) width 28: "blah"
            RenderTableCell {TD} at (131,240) size 45x35 [border: (1px solid #000000)] [r=7 c=3 rs=1 cs=1]
              RenderText {#text} at (8,8) size 28x19
                text run at (8,8) width 28: "blah"
