layer at (0,0) size 800x600
  RenderView at (0,0) size 800x600
layer at (0,0) size 800x600
  RenderBlock {HTML} at (0,0) size 800x600
    RenderBody {BODY} at (8,8) size 784x584
      RenderBlock {P} at (0,0) size 784x18
        RenderText {#text} at (0,0) size 411x18
          text run at (0,0) width 411: "The table below takes out the nowrap with the cell of 1% width."
      RenderTable {TABLE} at (0,34) size 675x59
        RenderTableSection {TBODY} at (0,0) size 675x59
          RenderTableRow {TR} at (0,0) size 675x59 [bgcolor=#9999CC]
            RenderTableCell {TD} at (0,17) size 635x25 [r=0 c=0 rs=1 cs=1]
              RenderInline {FONT} at (0,0) size 152x20
                RenderInline {B} at (0,0) size 152x20
                  RenderText {#text} at (2,2) size 152x20
                    text run at (2,2) width 152: "Technology News"
              RenderInline {FONT} at (0,0) size 181x15
                RenderText {#text} at (153,6) size 181x15
                  text run at (153,6) width 63: " - updated "
                  text run at (215,6) width 119: "12:15 PM ET Oct 24"
              RenderText {#text} at (0,0) size 0x0
            RenderTableCell {TD} at (634,0) size 41x59 [r=0 c=1 rs=1 cs=1]
              RenderTable {TABLE} at (2,2) size 37x55
                RenderTableSection {TBODY} at (0,0) size 37x55
                  RenderTableRow {TR} at (0,0) size 37x55
                    RenderTableCell {TD} at (0,0) size 37x55 [bgcolor=#CCCCFF] [r=0 c=0 rs=1 cs=1]
                      RenderImage {IMG} at (3,3) size 16x16
                      RenderInline {FONT} at (0,0) size 31x33
                        RenderInline {A} at (0,0) size 31x33 [color=#0000EE]
                          RenderText {#text} at (3,19) size 31x33
                            text run at (3,19) width 29: "Add to"
                            text run at (3,30) width 14: "My"
                            text run at (3,41) width 31: "Yahoo!"
                      RenderText {#text} at (0,0) size 0x0
      RenderBlock {P} at (0,109) size 784x18
        RenderText {#text} at (0,0) size 479x18
          text run at (0,0) width 479: "The table below leaves in the nowrap but take out the 1% width in the cell."
      RenderTable {TABLE} at (0,143) size 675x26
        RenderTableSection {TBODY} at (0,0) size 675x26
          RenderTableRow {TR} at (0,0) size 675x26 [bgcolor=#9999CC]
            RenderTableCell {TD} at (0,0) size 511x26 [r=0 c=0 rs=1 cs=1]
              RenderInline {FONT} at (0,0) size 152x21
                RenderInline {B} at (0,0) size 152x21
                  RenderText {#text} at (2,2) size 152x21
                    text run at (2,3) width 152: "Technology News"
              RenderInline {FONT} at (0,0) size 181x16
                RenderText {#text} at (153,6) size 181x16
                  text run at (153,7) width 63: " - updated "
                  text run at (215,7) width 119: "12:15 PM ET Oct 24"
              RenderText {#text} at (0,0) size 0x0
            RenderTableCell {TD} at (510,0) size 166x26 [r=0 c=1 rs=1 cs=1]
              RenderTable {TABLE} at (2,2) size 104x22
                RenderTableSection {TBODY} at (0,0) size 104x22
                  RenderTableRow {TR} at (0,0) size 104x22
                    RenderTableCell {TD} at (0,0) size 104x22 [bgcolor=#CCCCFF] [r=0 c=0 rs=1 cs=1]
                      RenderImage {IMG} at (3,3) size 16x16
                      RenderInline {FONT} at (0,0) size 79x11
                        RenderInline {A} at (0,0) size 79x11 [color=#0000EE]
                          RenderText {#text} at (22,3) size 79x11
                            text run at (22,3) width 79: "Add to My Yahoo!"
                      RenderText {#text} at (0,0) size 0x0
