layer at (0,0) size 800x600
  RenderView at (0,0) size 800x600
layer at (0,0) size 800x600
  RenderBlock {HTML} at (0,0) size 800x600
    RenderBody {BODY} at (8,8) size 784x584
      RenderTable {TABLE} at (0,0) size 222x54 [border: (3px outset #808080)]
        RenderTableSection {TBODY} at (3,3) size 216x48
          RenderTableRow {TR} at (0,2) size 216x44
            RenderTableCell {TD} at (2,2) size 212x44 [border: (1px inset #808080)] [r=0 c=0 rs=1 cs=1]
              RenderImage {IMG} at (2,2) size 40x40
              RenderText {#text} at (45,2) size 208x18
                text run at (45,2) width 208: "NOWRAP cell, no width on cell"
      RenderBlock (anonymous) at (0,54) size 784x18
        RenderBR {BR} at (0,0) size 0x18
      RenderTable {TABLE} at (0,72) size 222x54 [border: (3px outset #808080)]
        RenderTableSection {TBODY} at (3,3) size 216x48
          RenderTableRow {TR} at (0,2) size 216x44
            RenderTableCell {TD} at (2,2) size 212x44 [border: (1px inset #808080)] [r=0 c=0 rs=1 cs=1]
              RenderImage {IMG} at (2,2) size 40x40
              RenderText {#text} at (45,2) size 208x18
                text run at (45,2) width 208: "NOWRAP cell, no width on cell"
      RenderBlock (anonymous) at (0,126) size 784x18
        RenderBR {BR} at (0,0) size 0x18
      RenderTable {TABLE} at (0,144) size 188x54 [border: (3px outset #808080)]
        RenderTableSection {TBODY} at (3,3) size 182x48
          RenderTableRow {TR} at (0,2) size 182x44
            RenderTableCell {TD} at (2,2) size 178x44 [border: (1px inset #808080)] [r=0 c=0 rs=1 cs=1]
              RenderImage {IMG} at (2,2) size 40x40
              RenderText {#text} at (45,2) size 174x18
                text run at (45,2) width 174: "NOWRAP cell, width=100"
      RenderBlock (anonymous) at (0,198) size 784x18
        RenderBR {BR} at (0,0) size 0x18
      RenderTable {TABLE} at (0,216) size 188x54 [border: (3px outset #808080)]
        RenderTableSection {TBODY} at (3,3) size 182x48
          RenderTableRow {TR} at (0,2) size 182x44
            RenderTableCell {TD} at (2,2) size 178x44 [border: (1px inset #808080)] [r=0 c=0 rs=1 cs=1]
              RenderImage {IMG} at (2,2) size 40x40
              RenderText {#text} at (45,2) size 174x18
                text run at (45,2) width 174: "NOWRAP cell, width=300"
