layer at (0,0) size 800x600
  RenderView at (0,0) size 800x600
layer at (0,0) size 800x600
  RenderBlock {HTML} at (0,0) size 800x600
    RenderBody {BODY} at (8,8) size 784x584
      RenderTable {TABLE} at (0,0) size 202x118 [border: (1px outset #808080)]
        RenderBlock {CAPTION} at (0,0) size 202x18
          RenderInline {EM} at (0,0) size 189x18
            RenderText {#text} at (6,0) size 189x18
              text run at (6,0) width 189: "A test table with merged cells"
        RenderTableSection {TBODY} at (1,19) size 200x98
          RenderTableRow {TR} at (0,2) size 200x22
            RenderTableCell {TH} at (137,23) size 61x4 [border: (1px inset #808080)] [r=0 c=0 rs=2 cs=1]
            RenderTableCell {TH} at (37,2) size 99x22 [border: (1px inset #808080)] [r=0 c=1 rs=1 cs=2]
              RenderText {#text} at (21,2) size 56x18
                text run at (21,2) width 56: "Average"
            RenderTableCell {TH} at (2,5) size 34x40 [border: (1px inset #808080)] [r=0 c=3 rs=2 cs=1]
              RenderText {#text} at (2,2) size 29x18
                text run at (2,2) width 29: "Red"
              RenderBR {BR} at (2,2) size 1x18
              RenderText {#text} at (2,20) size 29x18
                text run at (2,20) width 29: "eyes"
          RenderTableRow {TR} at (0,26) size 200x22
            RenderTableCell {TH} at (88,26) size 48x22 [border: (1px inset #808080)] [r=1 c=1 rs=1 cs=1]
              RenderText {#text} at (2,2) size 43x18
                text run at (2,2) width 43: "height"
            RenderTableCell {TH} at (37,26) size 50x22 [border: (1px inset #808080)] [r=1 c=2 rs=1 cs=1]
              RenderText {#text} at (2,2) size 46x18
                text run at (2,2) width 46: "weight"
          RenderTableRow {TR} at (0,50) size 200x22
            RenderTableCell {TH} at (137,50) size 61x22 [border: (1px inset #808080)] [r=2 c=0 rs=1 cs=1]
              RenderText {#text} at (9,2) size 42x18
                text run at (9,2) width 42: "Males"
            RenderTableCell {TD} at (88,50) size 48x22 [border: (1px inset #808080)] [r=2 c=1 rs=1 cs=1]
              RenderText {#text} at (24,2) size 21x18
                text run at (24,2) width 21: "1.9"
            RenderTableCell {TD} at (37,50) size 50x22 [border: (1px inset #808080)] [r=2 c=2 rs=1 cs=1]
              RenderText {#text} at (11,2) size 37x18
                text run at (11,2) width 37: "0.003"
            RenderTableCell {TD} at (2,50) size 34x22 [border: (1px inset #808080)] [r=2 c=3 rs=1 cs=1]
              RenderText {#text} at (2,2) size 30x18
                text run at (2,2) width 30: "40%"
          RenderTableRow {TR} at (0,74) size 200x22
            RenderTableCell {TH} at (137,74) size 61x22 [border: (1px inset #808080)] [r=3 c=0 rs=1 cs=1]
              RenderText {#text} at (2,2) size 56x18
                text run at (2,2) width 56: "Females"
            RenderTableCell {TD} at (88,74) size 48x22 [border: (1px inset #808080)] [r=3 c=1 rs=1 cs=1]
              RenderText {#text} at (24,2) size 21x18
                text run at (24,2) width 21: "1.7"
            RenderTableCell {TD} at (37,74) size 50x22 [border: (1px inset #808080)] [r=3 c=2 rs=1 cs=1]
              RenderText {#text} at (11,2) size 37x18
                text run at (11,2) width 37: "0.002"
            RenderTableCell {TD} at (2,74) size 34x22 [border: (1px inset #808080)] [r=3 c=3 rs=1 cs=1]
              RenderText {#text} at (2,2) size 30x18
                text run at (2,2) width 30: "43%"
