layer at (0,0) size 785x742
  RenderView at (0,0) size 785x600
layer at (0,0) size 785x742
  RenderBlock {HTML} at (0,0) size 785x742
    RenderBody {BODY} at (8,8) size 769x726
      RenderTable {TABLE} at (0,0) size 769x726
        RenderTableSection {TBODY} at (0,0) size 769x726
          RenderTableRow {TR} at (0,2) size 769x722
            RenderTableCell {TD} at (2,326) size 728x74 [r=0 c=0 rs=1 cs=1]
              RenderText {#text} at (1,1) size 719x72
                text run at (1,1) width 714: "This is some text to fill a table cell. This is some text to fill a table cell. This is some text to fill a table cell. This"
                text run at (1,19) width 696: "is some text to fill a table cell. This is some text to fill a table cell. This is some text to fill a table cell. This is"
                text run at (1,37) width 719: "some text to fill a table cell. This is some text to fill a table cell. This is some text to fill a table cell. This is some"
                text run at (1,55) width 597: "text to fill a table cell. This is some text to fill a table cell. This is some text to fill a table cell."
            RenderTableCell {TD} at (731,2) size 36x722 [r=0 c=1 rs=1 cs=1]
              RenderText {#text} at (1,1) size 34x720
                text run at (1,1) width 29: "This"
                text run at (1,19) width 11: "is"
                text run at (1,37) width 34: "some"
                text run at (1,55) width 24: "text"
                text run at (1,73) width 13: "to"
                text run at (1,91) width 29: "fill a"
                text run at (1,109) width 32: "table"
                text run at (1,127) width 28: "cell."
                text run at (1,145) width 29: "This"
                text run at (1,163) width 11: "is"
                text run at (1,181) width 34: "some"
                text run at (1,199) width 24: "text"
                text run at (1,217) width 13: "to"
                text run at (1,235) width 29: "fill a"
                text run at (1,253) width 32: "table"
                text run at (1,271) width 28: "cell."
                text run at (1,289) width 29: "This"
                text run at (1,307) width 11: "is"
                text run at (1,325) width 34: "some"
                text run at (1,343) width 24: "text"
                text run at (1,361) width 13: "to"
                text run at (1,379) width 29: "fill a"
                text run at (1,397) width 32: "table"
                text run at (1,415) width 28: "cell."
                text run at (1,433) width 29: "This"
                text run at (1,451) width 11: "is"
                text run at (1,469) width 34: "some"
                text run at (1,487) width 24: "text"
                text run at (1,505) width 13: "to"
                text run at (1,523) width 29: "fill a"
                text run at (1,541) width 32: "table"
                text run at (1,559) width 28: "cell."
                text run at (1,577) width 29: "This"
                text run at (1,595) width 11: "is"
                text run at (1,613) width 34: "some"
                text run at (1,631) width 24: "text"
                text run at (1,649) width 13: "to"
                text run at (1,667) width 29: "fill a"
                text run at (1,685) width 32: "table"
                text run at (1,703) width 28: "cell."
