layer at (0,0) size 800x600
  RenderView at (0,0) size 800x600
layer at (0,0) size 800x600
  RenderBlock {HTML} at (0,0) size 800x600
    RenderBody {BODY} at (8,8) size 784x584
      RenderTable {TABLE} at (0,0) size 251x150 [border: (1px outset #808080)]
        RenderTableSection {TBODY} at (1,1) size 249x148
          RenderTableRow {TR} at (0,2) size 249x52
            RenderTableCell {TD} at (2,2) size 245x52 [border: (1px inset #808080)] [r=0 c=0 rs=1 cs=2]
              RenderBlock {H2} at (2,2) size 241x28
                RenderText {#text} at (0,0) size 174x28
                  text run at (0,0) width 174: "Personal Friends"
          RenderTableRow {TR} at (0,55) size 249x91
            RenderTableCell {TD} at (2,55) size 187x91 [border: (1px inset #808080)] [r=1 c=0 rs=1 cs=1]
              RenderBlock (anonymous) at (2,2) size 183x0
                RenderInline {FONT} at (0,0) size 0x0
                RenderText {#text} at (0,0) size 0x0
              RenderBlock {P} at (2,2) size 183x18
                RenderText {#text} at (0,0) size 183x18
                  text run at (0,0) width 183: "Alisha - Password-Protected"
              RenderBlock {P} at (2,36) size 183x18
                RenderText {#text} at (0,0) size 47x18
                  text run at (0,0) width 47: "Arlesia"
              RenderBlock {P} at (2,70) size 183x18
                RenderText {#text} at (0,0) size 37x18
                  text run at (0,0) width 37: "Asale"
            RenderTableCell {TD} at (190,55) size 57x91 [border: (1px inset #808080)] [r=1 c=1 rs=1 cs=1]
              RenderBlock {P} at (2,2) size 53x18
                RenderText {#text} at (0,0) size 35x18
                  text run at (0,0) width 35: "Ernie"
              RenderBlock {P} at (2,36) size 53x18
                RenderText {#text} at (0,0) size 53x18
                  text run at (0,0) width 53: "Melanie"
              RenderBlock {P} at (2,70) size 53x18
                RenderText {#text} at (0,0) size 48x18
                  text run at (0,0) width 48: "Tamara"
