layer at (0,0) size 800x600
  RenderView at (0,0) size 800x600
layer at (0,0) size 800x600
  RenderBlock {HTML} at (0,0) size 800x600
    RenderBody {BODY} at (8,8) size 784x576
      RenderBlock {P} at (0,0) size 784x18
        RenderText {#text} at (0,0) size 480x18
          text run at (0,0) width 480: "This test case creates a TR element then tries to assign to the cells property"
      RenderBlock {P} at (0,34) size 784x22
        RenderText {#text} at (0,1) size 42x18
          text run at (0,1) width 42: "Crash "
        RenderButton {BUTTON} at (43,2) size 90x18 [color=#000000D8] [bgcolor=#C0C0C0] [border: none (2px outset #C0C0C0) none (2px outset #C0C0C0)]
          RenderBlock (anonymous) at (8,2) size 74x13
            RenderText {#text} at (0,0) size 74x13
              text run at (0,0) width 74: "TR.cells = null"
        RenderText {#text} at (0,0) size 0x0
