layer at (0,0) size 800x600
  RenderView at (0,0) size 800x600
layer at (0,0) size 800x600
  RenderBlock {HTML} at (0,0) size 800x600
    RenderBody {BODY} at (8,8) size 784x584
      RenderTable {TABLE} at (0,0) size 231x284
        RenderTableSection {TBODY} at (0,0) size 231x284
          RenderTableRow {TR} at (0,2) size 231x128
            RenderTableCell {TD} at (2,2) size 227x128 [r=0 c=0 rs=1 cs=1]
              RenderBlock (anonymous) at (1,1) size 225x54
                RenderText {#text} at (0,0) size 225x18
                  text run at (0,0) width 225: "This cell has the nowrap parameter"
                RenderBR {BR} at (224,0) size 1x18
                RenderBR {BR} at (0,18) size 0x18
                RenderText {#text} at (0,36) size 32x18
                  text run at (0,36) width 32: "<hr>"
              RenderBlock {HR} at (1,63) size 225x2 [border: (1px inset #000000)]
              RenderBlock (anonymous) at (1,73) size 225x36
                RenderBR {BR} at (0,0) size 0x18
                RenderText {#text} at (0,18) size 97x18
                  text run at (0,18) width 97: "<hr width=30>"
              RenderBlock {HR} at (97,117) size 33x2 [border: (1px inset #000000)]
          RenderTableRow {TR} at (0,132) size 231x20
            RenderTableCell {TD} at (2,132) size 227x20 [bgcolor=#CCCCCC] [r=1 c=0 rs=1 cs=1]
              RenderText {#text} at (1,1) size 4x18
                text run at (1,1) width 4: " "
          RenderTableRow {TR} at (0,154) size 231x128
            RenderTableCell {TD} at (2,154) size 227x128 [r=2 c=0 rs=1 cs=1]
              RenderBlock (anonymous) at (1,1) size 225x54
                RenderText {#text} at (0,0) size 105x18
                  text run at (0,0) width 105: "This cell doesn't"
                RenderBR {BR} at (104,0) size 1x18
                RenderBR {BR} at (0,18) size 0x18
                RenderText {#text} at (0,36) size 32x18
                  text run at (0,36) width 32: "<hr>"
              RenderBlock {HR} at (1,63) size 225x2 [border: (1px inset #000000)]
              RenderBlock (anonymous) at (1,73) size 225x36
                RenderBR {BR} at (0,0) size 0x18
                RenderText {#text} at (0,18) size 97x18
                  text run at (0,18) width 97: "<hr width=30>"
              RenderBlock {HR} at (97,117) size 33x2 [border: (1px inset #000000)]
