layer at (0,0) size 800x600
  RenderView at (0,0) size 800x600
layer at (0,0) size 800x600
  RenderBlock {HTML} at (0,0) size 800x600
    RenderBody {BODY} at (8,8) size 784x584
      RenderBlock {P} at (0,0) size 784x18
        RenderText {#text} at (0,0) size 126x18
          text run at (0,0) width 126: "No col or colgroup:"
      RenderTable {TABLE} at (0,34) size 706x76 [border: (1px outset #808080)]
        RenderTableSection {TBODY} at (1,1) size 704x74
          RenderTableRow {TR} at (0,2) size 704x22
            RenderTableCell {TD} at (2,2) size 232x22 [border: (1px inset #808080)] [r=0 c=0 rs=1 cs=1]
              RenderText {#text} at (2,2) size 31x18
                text run at (2,2) width 31: "Data"
            RenderTableCell {TD} at (235,2) size 233x22 [border: (1px inset #808080)] [r=0 c=1 rs=1 cs=1]
              RenderText {#text} at (2,2) size 31x18
                text run at (2,2) width 31: "Data"
            RenderTableCell {TD} at (469,2) size 233x22 [border: (1px inset #808080)] [r=0 c=2 rs=1 cs=1]
              RenderText {#text} at (2,2) size 31x18
                text run at (2,2) width 31: "Data"
          RenderTableRow {TR} at (0,26) size 704x22
            RenderTableCell {TD} at (2,26) size 232x22 [border: (1px inset #808080)] [r=1 c=0 rs=1 cs=1]
              RenderText {#text} at (2,2) size 31x18
                text run at (2,2) width 31: "Data"
            RenderTableCell {TD} at (235,26) size 233x22 [border: (1px inset #808080)] [r=1 c=1 rs=1 cs=1]
              RenderText {#text} at (2,2) size 31x18
                text run at (2,2) width 31: "Data"
            RenderTableCell {TD} at (469,26) size 233x22 [border: (1px inset #808080)] [r=1 c=2 rs=1 cs=1]
              RenderText {#text} at (2,2) size 31x18
                text run at (2,2) width 31: "Data"
          RenderTableRow {TR} at (0,50) size 704x22
            RenderTableCell {TD} at (2,50) size 232x22 [border: (1px inset #808080)] [r=2 c=0 rs=1 cs=1]
              RenderText {#text} at (2,2) size 31x18
                text run at (2,2) width 31: "Data"
            RenderTableCell {TD} at (235,50) size 233x22 [border: (1px inset #808080)] [r=2 c=1 rs=1 cs=1]
              RenderText {#text} at (2,2) size 31x18
                text run at (2,2) width 31: "Data"
            RenderTableCell {TD} at (469,50) size 233x22 [border: (1px inset #808080)] [r=2 c=2 rs=1 cs=1]
              RenderText {#text} at (2,2) size 31x18
                text run at (2,2) width 31: "Data"
      RenderBlock {P} at (0,126) size 784x18
        RenderText {#text} at (0,0) size 294x18
          text run at (0,0) width 294: "col elements with align=center on second col:"
      RenderTable {TABLE} at (0,160) size 706x76 [border: (1px outset #808080)]
        RenderTableCol {COLGROUP} at (0,0) size 0x0
          RenderTableCol {COL} at (0,0) size 0x0
          RenderTableCol {COL} at (0,0) size 0x0
          RenderTableCol {COL} at (0,0) size 0x0
        RenderTableSection {TBODY} at (1,1) size 704x74
          RenderTableRow {TR} at (0,2) size 704x22
            RenderTableCell {TD} at (2,2) size 232x22 [border: (1px inset #808080)] [r=0 c=0 rs=1 cs=1]
              RenderText {#text} at (2,2) size 31x18
                text run at (2,2) width 31: "Data"
            RenderTableCell {TD} at (235,2) size 233x22 [border: (1px inset #808080)] [r=0 c=1 rs=1 cs=1]
              RenderText {#text} at (2,2) size 31x18
                text run at (2,2) width 31: "Data"
            RenderTableCell {TD} at (469,2) size 233x22 [border: (1px inset #808080)] [r=0 c=2 rs=1 cs=1]
              RenderText {#text} at (2,2) size 31x18
                text run at (2,2) width 31: "Data"
          RenderTableRow {TR} at (0,26) size 704x22
            RenderTableCell {TD} at (2,26) size 232x22 [border: (1px inset #808080)] [r=1 c=0 rs=1 cs=1]
              RenderText {#text} at (2,2) size 31x18
                text run at (2,2) width 31: "Data"
            RenderTableCell {TD} at (235,26) size 233x22 [border: (1px inset #808080)] [r=1 c=1 rs=1 cs=1]
              RenderText {#text} at (2,2) size 31x18
                text run at (2,2) width 31: "Data"
            RenderTableCell {TD} at (469,26) size 233x22 [border: (1px inset #808080)] [r=1 c=2 rs=1 cs=1]
              RenderText {#text} at (2,2) size 31x18
                text run at (2,2) width 31: "Data"
          RenderTableRow {TR} at (0,50) size 704x22
            RenderTableCell {TD} at (2,50) size 232x22 [border: (1px inset #808080)] [r=2 c=0 rs=1 cs=1]
              RenderText {#text} at (2,2) size 31x18
                text run at (2,2) width 31: "Data"
            RenderTableCell {TD} at (235,50) size 233x22 [border: (1px inset #808080)] [r=2 c=1 rs=1 cs=1]
              RenderText {#text} at (2,2) size 31x18
                text run at (2,2) width 31: "Data"
            RenderTableCell {TD} at (469,50) size 233x22 [border: (1px inset #808080)] [r=2 c=2 rs=1 cs=1]
              RenderText {#text} at (2,2) size 31x18
                text run at (2,2) width 31: "Data"
      RenderBlock {P} at (0,252) size 784x18
        RenderText {#text} at (0,0) size 542x18
          text run at (0,0) width 542: "colgroup and col elements, with align on colgroup so 2nd and 3rd columns centered:"
      RenderTable {TABLE} at (0,286) size 706x76 [border: (1px outset #808080)]
        RenderTableCol {COLGROUP} at (0,0) size 0x0
          RenderTableCol {COL} at (0,0) size 0x0
        RenderTableCol {COLGROUP} at (0,0) size 0x0
          RenderTableCol {COL} at (0,0) size 0x0
          RenderTableCol {COL} at (0,0) size 0x0
        RenderTableSection {TBODY} at (1,1) size 704x74
          RenderTableRow {TR} at (0,2) size 704x22
            RenderTableCell {TD} at (2,2) size 232x22 [border: (1px inset #808080)] [r=0 c=0 rs=1 cs=1]
              RenderText {#text} at (2,2) size 31x18
                text run at (2,2) width 31: "Data"
            RenderTableCell {TD} at (235,2) size 233x22 [border: (1px inset #808080)] [r=0 c=1 rs=1 cs=1]
              RenderText {#text} at (2,2) size 31x18
                text run at (2,2) width 31: "Data"
            RenderTableCell {TD} at (469,2) size 233x22 [border: (1px inset #808080)] [r=0 c=2 rs=1 cs=1]
              RenderText {#text} at (2,2) size 31x18
                text run at (2,2) width 31: "Data"
          RenderTableRow {TR} at (0,26) size 704x22
            RenderTableCell {TD} at (2,26) size 232x22 [border: (1px inset #808080)] [r=1 c=0 rs=1 cs=1]
              RenderText {#text} at (2,2) size 31x18
                text run at (2,2) width 31: "Data"
            RenderTableCell {TD} at (235,26) size 233x22 [border: (1px inset #808080)] [r=1 c=1 rs=1 cs=1]
              RenderText {#text} at (2,2) size 31x18
                text run at (2,2) width 31: "Data"
            RenderTableCell {TD} at (469,26) size 233x22 [border: (1px inset #808080)] [r=1 c=2 rs=1 cs=1]
              RenderText {#text} at (2,2) size 31x18
                text run at (2,2) width 31: "Data"
          RenderTableRow {TR} at (0,50) size 704x22
            RenderTableCell {TD} at (2,50) size 232x22 [border: (1px inset #808080)] [r=2 c=0 rs=1 cs=1]
              RenderText {#text} at (2,2) size 31x18
                text run at (2,2) width 31: "Data"
            RenderTableCell {TD} at (235,50) size 233x22 [border: (1px inset #808080)] [r=2 c=1 rs=1 cs=1]
              RenderText {#text} at (2,2) size 31x18
                text run at (2,2) width 31: "Data"
            RenderTableCell {TD} at (469,50) size 233x22 [border: (1px inset #808080)] [r=2 c=2 rs=1 cs=1]
              RenderText {#text} at (2,2) size 31x18
                text run at (2,2) width 31: "Data"
      RenderBlock {P} at (0,378) size 784x18
        RenderText {#text} at (0,0) size 446x18
          text run at (0,0) width 446: "colgroup and col elements, with align on col so 2nd column centered:"
      RenderTable {TABLE} at (0,412) size 706x76 [border: (1px outset #808080)]
        RenderTableCol {COLGROUP} at (0,0) size 0x0
          RenderTableCol {COL} at (0,0) size 0x0
        RenderTableCol {COLGROUP} at (0,0) size 0x0
          RenderTableCol {COL} at (0,0) size 0x0
          RenderTableCol {COL} at (0,0) size 0x0
        RenderTableSection {TBODY} at (1,1) size 704x74
          RenderTableRow {TR} at (0,2) size 704x22
            RenderTableCell {TD} at (2,2) size 232x22 [border: (1px inset #808080)] [r=0 c=0 rs=1 cs=1]
              RenderText {#text} at (2,2) size 31x18
                text run at (2,2) width 31: "Data"
            RenderTableCell {TD} at (235,2) size 233x22 [border: (1px inset #808080)] [r=0 c=1 rs=1 cs=1]
              RenderText {#text} at (2,2) size 31x18
                text run at (2,2) width 31: "Data"
            RenderTableCell {TD} at (469,2) size 233x22 [border: (1px inset #808080)] [r=0 c=2 rs=1 cs=1]
              RenderText {#text} at (2,2) size 31x18
                text run at (2,2) width 31: "Data"
          RenderTableRow {TR} at (0,26) size 704x22
            RenderTableCell {TD} at (2,26) size 232x22 [border: (1px inset #808080)] [r=1 c=0 rs=1 cs=1]
              RenderText {#text} at (2,2) size 31x18
                text run at (2,2) width 31: "Data"
            RenderTableCell {TD} at (235,26) size 233x22 [border: (1px inset #808080)] [r=1 c=1 rs=1 cs=1]
              RenderText {#text} at (2,2) size 31x18
                text run at (2,2) width 31: "Data"
            RenderTableCell {TD} at (469,26) size 233x22 [border: (1px inset #808080)] [r=1 c=2 rs=1 cs=1]
              RenderText {#text} at (2,2) size 31x18
                text run at (2,2) width 31: "Data"
          RenderTableRow {TR} at (0,50) size 704x22
            RenderTableCell {TD} at (2,50) size 232x22 [border: (1px inset #808080)] [r=2 c=0 rs=1 cs=1]
              RenderText {#text} at (2,2) size 31x18
                text run at (2,2) width 31: "Data"
            RenderTableCell {TD} at (235,50) size 233x22 [border: (1px inset #808080)] [r=2 c=1 rs=1 cs=1]
              RenderText {#text} at (2,2) size 31x18
                text run at (2,2) width 31: "Data"
            RenderTableCell {TD} at (469,50) size 233x22 [border: (1px inset #808080)] [r=2 c=2 rs=1 cs=1]
              RenderText {#text} at (2,2) size 31x18
                text run at (2,2) width 31: "Data"
