layer at (0,0) size 800x600
  RenderView at (0,0) size 800x600
layer at (0,0) size 800x600
  RenderBlock {HTML} at (0,0) size 800x600
    RenderBody {BODY} at (8,8) size 784x584 [bgcolor=#FFFFFF]
      RenderTable {TABLE} at (0,0) size 634x172 [border: (1px outset #808080)]
        RenderTableSection {TBODY} at (1,1) size 632x170
          RenderTableRow {TR} at (0,2) size 632x166
            RenderTableCell {TD} at (2,80) size 124x10 [border: (1px inset #808080)] [r=0 c=0 rs=1 cs=1]
              RenderTable {TABLE} at (2,80) size 120x6
                RenderTableSection {TBODY} at (0,0) size 120x6
                  RenderTableRow {TR} at (0,2) size 120x2
                    RenderTableCell {TD} at (2,2) size 116x2 [r=0 c=0 rs=1 cs=1]
            RenderTableCell {TD} at (128,2) size 502x166 [border: (1px inset #808080)] [r=0 c=1 rs=1 cs=1]
              RenderTable {TABLE} at (2,2) size 498x162 [border: (1px outset #808080)]
                RenderTableSection {TBODY} at (1,1) size 496x160
                  RenderTableRow {TR} at (0,2) size 496x156
                    RenderTableCell {TD} at (2,2) size 492x156 [border: (1px inset #808080)] [r=0 c=0 rs=1 cs=1]
                      RenderTable {TABLE} at (2,2) size 488x80
                        RenderTableSection {TBODY} at (0,0) size 488x80
                          RenderTableRow {TR} at (0,10) size 488x60
                            RenderTableCell {TD} at (10,10) size 468x60 [r=0 c=0 rs=1 cs=1]
                              RenderInline {A} at (0,46) size 468x18 [color=#0000EE]
                                RenderImage {IMG} at (0,0) size 468x60
                      RenderBlock (anonymous) at (2,82) size 488x72
                        RenderText {#text} at (0,0) size 469x72
                          text run at (0,0) width 300: "Your donation to protect our wildlife was paid "
                          text run at (299,0) width 170: "for by the sponsors on this"
                          text run at (0,18) width 112: "page, so it's free. "
                          text run at (111,18) width 290: "100% of each donation is distributed through"
                          text run at (0,36) width 90: "organizations "
                          text run at (89,36) width 354: "working hard to protect our wildlife. You can view live"
                          text run at (0,54) width 327: "donation totals in support of this cause by clicking."
