layer at (0,0) size 785x1000
  RenderView at (0,0) size 785x600
layer at (0,0) size 785x1000
  RenderBlock {HTML} at (0,0) size 785x1000
    RenderBody {BODY} at (8,16) size 769x976
      RenderBlock {P} at (0,0) size 769x18
        RenderText {#text} at (0,0) size 137x18
          text run at (0,0) width 137: "This is a table with a "
        RenderInline {CODE} at (0,0) size 118x15
          RenderText {#text} at (136,2) size 118x15
            text run at (136,2) width 118: "td align=center"
        RenderText {#text} at (253,0) size 186x18
          text run at (253,0) width 186: " that has a p, a table, and a p."
      RenderTable {TABLE} at (0,34) size 231x138 [border: (1px outset #808080)]
        RenderTableSection {TBODY} at (1,1) size 229x136
          RenderTableRow {TR} at (0,2) size 229x132
            RenderTableCell {TD} at (2,2) size 225x132 [border: (1px inset #808080)] [r=0 c=0 rs=1 cs=1]
              RenderBlock {P} at (2,18) size 221x18
                RenderText {#text} at (98,0) size 25x18
                  text run at (98,0) width 25: "text"
              RenderTable {TABLE} at (24,52) size 177x28 [border: (1px outset #808080)]
                RenderTableSection {TBODY} at (1,1) size 175x26
                  RenderTableRow {TR} at (0,2) size 175x22
                    RenderTableCell {TD} at (2,2) size 171x22 [border: (1px inset #808080)] [r=0 c=0 rs=1 cs=1]
                      RenderText {#text} at (2,2) size 36x18
                        text run at (2,2) width 36: "text 3"
              RenderBlock {P} at (2,96) size 221x18
                RenderText {#text} at (98,0) size 25x18
                  text run at (98,0) width 25: "text"
      RenderBlock {P} at (0,188) size 769x72
        RenderText {#text} at (0,0) size 186x18
          text run at (0,0) width 186: "This time the inner table has "
        RenderInline {CODE} at (0,0) size 95x15
          RenderText {#text} at (185,2) size 95x15
            text run at (185,2) width 95: "width=\"100%\""
        RenderText {#text} at (279,0) size 766x72
          text run at (279,0) width 393: ", so you can see that the CSS spec isn't quite being followed. "
          text run at (671,0) width 90: "The CSS spec"
          text run at (0,18) width 766: "says that the align=center carries down as text-align and never acts to move blocks. You're not moving the block for the"
          text run at (0,36) width 413: "table (above), but you're not doing the text-align inside it either. "
          text run at (412,36) width 341: "In quirks mode you should do the former, in standard"
          text run at (0,54) width 104: "mode, the latter."
      RenderTable {TABLE} at (0,276) size 231x138 [border: (1px outset #808080)]
        RenderTableSection {TBODY} at (1,1) size 229x136
          RenderTableRow {TR} at (0,2) size 229x132
            RenderTableCell {TD} at (2,2) size 225x132 [border: (1px inset #808080)] [r=0 c=0 rs=1 cs=1]
              RenderBlock {P} at (2,18) size 221x18
                RenderText {#text} at (98,0) size 25x18
                  text run at (98,0) width 25: "text"
              RenderTable {TABLE} at (2,52) size 221x28 [border: (1px outset #808080)]
                RenderTableSection {TBODY} at (1,1) size 219x26
                  RenderTableRow {TR} at (0,2) size 219x22
                    RenderTableCell {TD} at (2,2) size 215x22 [border: (1px inset #808080)] [r=0 c=0 rs=1 cs=1]
                      RenderText {#text} at (2,2) size 36x18
                        text run at (2,2) width 36: "text 3"
              RenderBlock {P} at (2,96) size 221x18
                RenderText {#text} at (98,0) size 25x18
                  text run at (98,0) width 25: "text"
      RenderBlock (anonymous) at (0,414) size 769x18
        RenderBR {BR} at (0,0) size 0x18
      RenderTable {TABLE} at (234,432) size 301x28 [border: (1px outset #808080)]
        RenderTableSection {TBODY} at (1,1) size 298x26
          RenderTableRow {TR} at (0,2) size 298x22
            RenderTableCell {TD} at (2,2) size 294x22 [border: (1px inset #808080)] [r=0 c=0 rs=1 cs=1]
              RenderText {#text} at (2,2) size 105x18
                text run at (2,2) width 105: "Data of Table 1!"
      RenderBlock (anonymous) at (0,460) size 769x18
        RenderBR {BR} at (0,0) size 0x18
      RenderTable {TABLE} at (0,478) size 300x28 [border: (1px outset #808080)]
        RenderTableSection {TBODY} at (1,1) size 298x26
          RenderTableRow {TR} at (0,2) size 298x22
            RenderTableCell {TD} at (2,2) size 294x22 [border: (1px inset #808080)] [r=0 c=0 rs=1 cs=1]
              RenderText {#text} at (94,2) size 106x18
                text run at (94,2) width 106: "Data of Table 2!"
      RenderBlock (anonymous) at (0,506) size 769x18
        RenderBR {BR} at (0,0) size 0x18
      RenderBlock {DIV} at (0,524) size 769x26 [border: (1px solid #000000)]
        RenderTable {TABLE} at (329,1) size 111x24
          RenderTableSection {TBODY} at (0,0) size 111x24
            RenderTableRow {TR} at (0,2) size 111x20
              RenderTableCell {TD} at (2,2) size 107x20 [r=0 c=0 rs=1 cs=1]
                RenderText {#text} at (1,1) size 105x18
                  text run at (1,1) width 105: "Data of Table 3!"
      RenderBlock (anonymous) at (0,550) size 769x18
        RenderBR {BR} at (0,0) size 0x18
      RenderBlock {DIV} at (0,568) size 769x26 [border: (1px solid #000000)]
        RenderTable {TABLE} at (1,1) size 111x24
          RenderTableSection {TBODY} at (0,0) size 111x24
            RenderTableRow {TR} at (0,2) size 111x20
              RenderTableCell {TD} at (2,2) size 107x20 [r=0 c=0 rs=1 cs=1]
                RenderText {#text} at (1,1) size 105x18
                  text run at (1,1) width 105: "Data of Table 4!"
      RenderBlock (anonymous) at (0,594) size 769x18
        RenderBR {BR} at (0,0) size 0x18
      RenderTable {TABLE} at (0,612) size 769x48
        RenderTableSection {TBODY} at (0,0) size 769x48
          RenderTableRow {TR} at (0,2) size 769x44
            RenderTableCell {TD} at (2,2) size 765x44 [r=0 c=0 rs=1 cs=1]
              RenderBlock (anonymous) at (1,1) size 763x18
                RenderText {#text} at (324,0) size 115x18
                  text run at (324,0) width 115: "Text, followed by"
              RenderTable {TABLE} at (354,19) size 57x24
                RenderTableSection {TBODY} at (0,0) size 56x24
                  RenderTableRow {TR} at (0,2) size 56x20
                    RenderTableCell {TD} at (2,2) size 52x20 [r=0 c=0 rs=1 cs=1]
                      RenderText {#text} at (1,1) size 50x18
                        text run at (1,1) width 50: "A table."
      RenderBlock {P} at (0,676) size 769x18
        RenderText {#text} at (0,0) size 290x18
          text run at (0,0) width 290: "...should look identical to the first one below:"
      RenderTable {TABLE} at (0,710) size 769x48
        RenderTableSection {TBODY} at (0,0) size 769x48
          RenderTableRow {TR} at (0,2) size 769x44
            RenderTableCell {TD} at (2,2) size 765x44 [r=0 c=0 rs=1 cs=1]
              RenderBlock {DIV} at (1,1) size 763x18
                RenderText {#text} at (324,0) size 115x18
                  text run at (324,0) width 115: "Text, followed by"
              RenderTable {TABLE} at (1,19) size 763x24
                RenderTableSection {TBODY} at (0,0) size 763x24
                  RenderTableRow {TR} at (0,2) size 763x20
                    RenderTableCell {TD} at (2,2) size 759x20 [r=0 c=0 rs=1 cs=1]
                      RenderBlock {DIV} at (1,1) size 757x18
                        RenderText {#text} at (353,0) size 51x18
                          text run at (353,0) width 51: "A table."
      RenderBlock {P} at (0,774) size 769x18
        RenderText {#text} at (0,0) size 407x18
          text run at (0,0) width 407: "However, in standard mode, the first table should look like this:"
      RenderTable {TABLE} at (0,808) size 769x48
        RenderTableSection {TBODY} at (0,0) size 769x48
          RenderTableRow {TR} at (0,2) size 769x44
            RenderTableCell {TD} at (2,2) size 765x44 [r=0 c=0 rs=1 cs=1]
              RenderBlock {DIV} at (1,1) size 763x18
                RenderText {#text} at (324,0) size 115x18
                  text run at (324,0) width 115: "Text, followed by"
              RenderTable {TABLE} at (1,19) size 763x24
                RenderTableSection {TBODY} at (0,0) size 763x24
                  RenderTableRow {TR} at (0,2) size 763x20
                    RenderTableCell {TD} at (2,2) size 759x20 [r=0 c=0 rs=1 cs=1]
                      RenderText {#text} at (1,1) size 50x18
                        text run at (1,1) width 50: "A table."
      RenderBlock {P} at (0,872) size 769x18
        RenderText {#text} at (0,0) size 669x18
          text run at (0,0) width 669: "For reference, the second table has its text all centered, the third table has the \"A table.\" line aligned left."
      RenderBlock {HR} at (0,906) size 769x2 [border: (1px inset #000000)]
      RenderBlock {P} at (0,924) size 769x18
        RenderText {#text} at (0,0) size 62x18
          text run at (0,0) width 62: "See also: "
        RenderInline {A} at (0,0) size 130x18 [color=#0000EE]
          RenderText {#text} at (61,0) size 130x18
            text run at (61,0) width 130: "Strict Mode Version"
        RenderText {#text} at (0,0) size 0x0
      RenderBlock (anonymous) at (0,958) size 769x18
        RenderText {#text} at (0,0) size 20x18
          text run at (0,0) width 20: "-->"
