layer at (0,0) size 785x1323
  RenderView at (0,0) size 785x600
layer at (0,0) size 785x1323
  RenderBlock {HTML} at (0,0) size 785x1324
    RenderBody {BODY} at (8,8) size 769x1308 [bgcolor=#555555]
      RenderBlock {H1} at (16,37) size 737x102 [bgcolor=#CCCCCC]
        RenderText {#text} at (90,32) size 163x37
          text run at (90,32) width 163: "Simplified "
        RenderInline {A} at (252,32) size 161x37 [color=#0000EE]
          RenderText {#text} at (252,32) size 161x37
            text run at (252,32) width 161: "Linux.com"
        RenderText {#text} at (412,32) size 235x37
          text run at (412,32) width 235: " Table Testcase"
      RenderTable {TABLE} at (16,159) size 737x1133
        RenderTableSection {TBODY} at (0,0) size 737x1132
          RenderTableRow {TR} at (0,2) size 737x382
            RenderTableCell {TD} at (2,2) size 135x687 [bgcolor=#FFFFFF] [r=0 c=0 rs=2 cs=1]
              RenderBlock {H2} at (5,18) size 125x19
                RenderText {#text} at (0,0) size 118x19
                  text run at (0,0) width 118: "Weekly Feature"
              RenderBlock {P} at (5,49) size 125x106
                RenderText {#text} at (0,0) size 110x105
                  text run at (0,0) width 110: "blah blah blah blah"
                  text run at (0,15) width 110: "blah blah blah blah"
                  text run at (0,30) width 110: "blah blah blah blah"
                  text run at (0,45) width 110: "blah blah blah blah"
                  text run at (0,60) width 110: "blah blah blah blah"
                  text run at (0,74) width 110: "blah blah blah blah"
                  text run at (0,89) width 110: "blah blah blah blah"
              RenderBlock {H2} at (5,167) size 125x20
                RenderText {#text} at (0,0) size 81x19
                  text run at (0,0) width 81: "Contribute"
              RenderBlock {P} at (5,199) size 125x106
                RenderText {#text} at (0,0) size 110x105
                  text run at (0,0) width 110: "blah blah blah blah"
                  text run at (0,15) width 110: "blah blah blah blah"
                  text run at (0,30) width 110: "blah blah blah blah"
                  text run at (0,45) width 110: "blah blah blah blah"
                  text run at (0,60) width 110: "blah blah blah blah"
                  text run at (0,74) width 110: "blah blah blah blah"
                  text run at (0,89) width 110: "blah blah blah blah"
              RenderBlock {H2} at (5,317) size 125x19
                RenderText {#text} at (0,0) size 82x19
                  text run at (0,0) width 82: "Newsforge"
              RenderBlock {P} at (5,349) size 125x30
                RenderText {#text} at (0,0) size 110x30
                  text run at (0,0) width 110: "blah blah blah blah"
                  text run at (0,15) width 110: "blah blah blah blah"
              RenderBlock {P} at (5,391) size 125x31
                RenderText {#text} at (0,0) size 110x30
                  text run at (0,0) width 110: "blah blah blah blah"
                  text run at (0,15) width 110: "blah blah blah blah"
              RenderBlock {P} at (5,434) size 125x31
                RenderText {#text} at (0,0) size 110x30
                  text run at (0,0) width 110: "blah blah blah blah"
                  text run at (0,15) width 110: "blah blah blah blah"
              RenderBlock {P} at (5,477) size 125x31
                RenderText {#text} at (0,0) size 110x30
                  text run at (0,0) width 110: "blah blah blah blah"
                  text run at (0,15) width 110: "blah blah blah blah"
              RenderBlock {P} at (5,520) size 125x31
                RenderText {#text} at (0,0) size 110x30
                  text run at (0,0) width 110: "blah blah blah blah"
                  text run at (0,15) width 110: "blah blah blah blah"
              RenderBlock {P} at (5,563) size 125x31
                RenderText {#text} at (0,0) size 110x30
                  text run at (0,0) width 110: "blah blah blah blah"
                  text run at (0,15) width 110: "blah blah blah blah"
              RenderBlock {H2} at (5,606) size 125x20
                RenderText {#text} at (0,0) size 82x19
                  text run at (0,0) width 82: "Resources"
              RenderBlock {P} at (5,638) size 125x31
                RenderText {#text} at (0,0) size 110x30
                  text run at (0,0) width 110: "blah blah blah blah"
                  text run at (0,15) width 110: "blah blah blah blah"
            RenderTableCell {TD} at (139,2) size 459x1128 [bgcolor=#FFFFFF] [r=0 c=1 rs=2 cs=1]
              RenderBlock {H2} at (5,18) size 449x19
                RenderText {#text} at (0,0) size 190x19
                  text run at (0,0) width 190: "The Latest of Linux.com!"
              RenderBlock {P} at (5,49) size 449x226
                RenderText {#text} at (0,0) size 448x225
                  text run at (0,0) width 448: "blah blah blah blah blah blah blah blah blah blah blah blah blah blah blah blah"
                  text run at (0,15) width 448: "blah blah blah blah blah blah blah blah blah blah blah blah blah blah blah blah"
                  text run at (0,30) width 448: "blah blah blah blah blah blah blah blah blah blah blah blah blah blah blah blah"
                  text run at (0,45) width 448: "blah blah blah blah blah blah blah blah blah blah blah blah blah blah blah blah"
                  text run at (0,60) width 448: "blah blah blah blah blah blah blah blah blah blah blah blah blah blah blah blah"
                  text run at (0,74) width 448: "blah blah blah blah blah blah blah blah blah blah blah blah blah blah blah blah"
                  text run at (0,89) width 448: "blah blah blah blah blah blah blah blah blah blah blah blah blah blah blah blah"
                  text run at (0,104) width 448: "blah blah blah blah blah blah blah blah blah blah blah blah blah blah blah blah"
                  text run at (0,119) width 448: "blah blah blah blah blah blah blah blah blah blah blah blah blah blah blah blah"
                  text run at (0,134) width 448: "blah blah blah blah blah blah blah blah blah blah blah blah blah blah blah blah"
                  text run at (0,149) width 448: "blah blah blah blah blah blah blah blah blah blah blah blah blah blah blah blah"
                  text run at (0,164) width 448: "blah blah blah blah blah blah blah blah blah blah blah blah blah blah blah blah"
                  text run at (0,179) width 448: "blah blah blah blah blah blah blah blah blah blah blah blah blah blah blah blah"
                  text run at (0,194) width 448: "blah blah blah blah blah blah blah blah blah blah blah blah blah blah blah blah"
                  text run at (0,209) width 110: "blah blah blah blah"
              RenderBlock {P} at (5,287) size 449x225
                RenderText {#text} at (0,0) size 448x225
                  text run at (0,0) width 448: "blah blah blah blah blah blah blah blah blah blah blah blah blah blah blah blah"
                  text run at (0,15) width 448: "blah blah blah blah blah blah blah blah blah blah blah blah blah blah blah blah"
                  text run at (0,30) width 448: "blah blah blah blah blah blah blah blah blah blah blah blah blah blah blah blah"
                  text run at (0,45) width 448: "blah blah blah blah blah blah blah blah blah blah blah blah blah blah blah blah"
                  text run at (0,60) width 448: "blah blah blah blah blah blah blah blah blah blah blah blah blah blah blah blah"
                  text run at (0,74) width 448: "blah blah blah blah blah blah blah blah blah blah blah blah blah blah blah blah"
                  text run at (0,89) width 448: "blah blah blah blah blah blah blah blah blah blah blah blah blah blah blah blah"
                  text run at (0,104) width 448: "blah blah blah blah blah blah blah blah blah blah blah blah blah blah blah blah"
                  text run at (0,119) width 448: "blah blah blah blah blah blah blah blah blah blah blah blah blah blah blah blah"
                  text run at (0,134) width 448: "blah blah blah blah blah blah blah blah blah blah blah blah blah blah blah blah"
                  text run at (0,149) width 448: "blah blah blah blah blah blah blah blah blah blah blah blah blah blah blah blah"
                  text run at (0,164) width 448: "blah blah blah blah blah blah blah blah blah blah blah blah blah blah blah blah"
                  text run at (0,179) width 448: "blah blah blah blah blah blah blah blah blah blah blah blah blah blah blah blah"
                  text run at (0,194) width 448: "blah blah blah blah blah blah blah blah blah blah blah blah blah blah blah blah"
                  text run at (0,209) width 110: "blah blah blah blah"
              RenderBlock {H2} at (5,524) size 449x20
                RenderText {#text} at (0,0) size 122x19
                  text run at (0,0) width 122: "Linux.com Live!"
              RenderBlock {P} at (5,556) size 449x225
                RenderText {#text} at (0,0) size 448x225
                  text run at (0,0) width 448: "blah blah blah blah blah blah blah blah blah blah blah blah blah blah blah blah"
                  text run at (0,15) width 448: "blah blah blah blah blah blah blah blah blah blah blah blah blah blah blah blah"
                  text run at (0,30) width 448: "blah blah blah blah blah blah blah blah blah blah blah blah blah blah blah blah"
                  text run at (0,45) width 448: "blah blah blah blah blah blah blah blah blah blah blah blah blah blah blah blah"
                  text run at (0,60) width 448: "blah blah blah blah blah blah blah blah blah blah blah blah blah blah blah blah"
                  text run at (0,74) width 448: "blah blah blah blah blah blah blah blah blah blah blah blah blah blah blah blah"
                  text run at (0,89) width 448: "blah blah blah blah blah blah blah blah blah blah blah blah blah blah blah blah"
                  text run at (0,104) width 448: "blah blah blah blah blah blah blah blah blah blah blah blah blah blah blah blah"
                  text run at (0,119) width 448: "blah blah blah blah blah blah blah blah blah blah blah blah blah blah blah blah"
                  text run at (0,134) width 448: "blah blah blah blah blah blah blah blah blah blah blah blah blah blah blah blah"
                  text run at (0,149) width 448: "blah blah blah blah blah blah blah blah blah blah blah blah blah blah blah blah"
                  text run at (0,164) width 448: "blah blah blah blah blah blah blah blah blah blah blah blah blah blah blah blah"
                  text run at (0,179) width 448: "blah blah blah blah blah blah blah blah blah blah blah blah blah blah blah blah"
                  text run at (0,194) width 448: "blah blah blah blah blah blah blah blah blah blah blah blah blah blah blah blah"
                  text run at (0,209) width 110: "blah blah blah blah"
              RenderBlock {H2} at (5,793) size 449x20
                RenderText {#text} at (0,0) size 57x19
                  text run at (0,0) width 57: "Tuneup"
              RenderBlock {P} at (5,825) size 449x225
                RenderText {#text} at (0,0) size 448x225
                  text run at (0,0) width 448: "blah blah blah blah blah blah blah blah blah blah blah blah blah blah blah blah"
                  text run at (0,15) width 448: "blah blah blah blah blah blah blah blah blah blah blah blah blah blah blah blah"
                  text run at (0,30) width 448: "blah blah blah blah blah blah blah blah blah blah blah blah blah blah blah blah"
                  text run at (0,45) width 448: "blah blah blah blah blah blah blah blah blah blah blah blah blah blah blah blah"
                  text run at (0,60) width 448: "blah blah blah blah blah blah blah blah blah blah blah blah blah blah blah blah"
                  text run at (0,74) width 448: "blah blah blah blah blah blah blah blah blah blah blah blah blah blah blah blah"
                  text run at (0,89) width 448: "blah blah blah blah blah blah blah blah blah blah blah blah blah blah blah blah"
                  text run at (0,104) width 448: "blah blah blah blah blah blah blah blah blah blah blah blah blah blah blah blah"
                  text run at (0,119) width 448: "blah blah blah blah blah blah blah blah blah blah blah blah blah blah blah blah"
                  text run at (0,134) width 448: "blah blah blah blah blah blah blah blah blah blah blah blah blah blah blah blah"
                  text run at (0,149) width 448: "blah blah blah blah blah blah blah blah blah blah blah blah blah blah blah blah"
                  text run at (0,164) width 448: "blah blah blah blah blah blah blah blah blah blah blah blah blah blah blah blah"
                  text run at (0,179) width 448: "blah blah blah blah blah blah blah blah blah blah blah blah blah blah blah blah"
                  text run at (0,194) width 448: "blah blah blah blah blah blah blah blah blah blah blah blah blah blah blah blah"
                  text run at (0,209) width 110: "blah blah blah blah"
              RenderBlock {H2} at (5,1062) size 449x20
                RenderText {#text} at (0,0) size 30x19
                  text run at (0,0) width 30: "Poll"
              RenderBlock {P} at (5,1094) size 449x16
                RenderText {#text} at (0,0) size 311x15
                  text run at (0,0) width 311: "This stuff is cropped off in Mozilla for whatever reason"
            RenderTableCell {TD} at (600,2) size 135x382 [bgcolor=#FFFFFF] [r=0 c=2 rs=1 cs=1]
              RenderBlock {H2} at (5,18) size 125x19
                RenderText {#text} at (0,0) size 47x19
                  text run at (0,0) width 47: "OSDN"
              RenderBlock {P} at (5,49) size 125x76
                RenderText {#text} at (0,0) size 110x75
                  text run at (0,0) width 110: "blah blah blah blah"
                  text run at (0,15) width 110: "blah blah blah blah"
                  text run at (0,30) width 110: "blah blah blah blah"
                  text run at (0,45) width 110: "blah blah blah blah"
                  text run at (0,60) width 53: "blah blah"
              RenderBlock {H2} at (5,137) size 125x20
                RenderText {#text} at (0,0) size 45x19
                  text run at (0,0) width 45: "POTD"
              RenderBlock {P} at (5,169) size 125x76
                RenderText {#text} at (0,0) size 110x75
                  text run at (0,0) width 110: "blah blah blah blah"
                  text run at (0,15) width 110: "blah blah blah blah"
                  text run at (0,30) width 110: "blah blah blah blah"
                  text run at (0,45) width 110: "blah blah blah blah"
                  text run at (0,60) width 53: "blah blah"
              RenderBlock {H2} at (5,257) size 125x19
                RenderText {#text} at (0,0) size 48x19
                  text run at (0,0) width 48: "Log In"
              RenderBlock {P} at (5,289) size 125x75
                RenderText {#text} at (0,0) size 110x75
                  text run at (0,0) width 110: "blah blah blah blah"
                  text run at (0,15) width 110: "blah blah blah blah"
                  text run at (0,30) width 110: "blah blah blah blah"
                  text run at (0,45) width 110: "blah blah blah blah"
                  text run at (0,60) width 53: "blah blah"
          RenderTableRow {TR} at (0,385) size 737x745
            RenderTableCell {TD} at (600,968) size 135x162 [bgcolor=#FFFFFF] [r=1 c=2 rs=1 cs=1]
              RenderBlock {H2} at (5,600) size 125x38
                RenderText {#text} at (0,0) size 88x37
                  text run at (0,0) width 88: "Community"
                  text run at (0,18) width 56: "Banner"
              RenderBlock {P} at (5,650) size 125x76
                RenderText {#text} at (0,0) size 110x75
                  text run at (0,0) width 110: "blah blah blah blah"
                  text run at (0,15) width 110: "blah blah blah blah"
                  text run at (0,30) width 110: "blah blah blah blah"
                  text run at (0,45) width 110: "blah blah blah blah"
                  text run at (0,60) width 53: "blah blah"
