layer at (0,0) size 800x600
  RenderView at (0,0) size 800x600
layer at (0,0) size 800x600
  RenderBlock {HTML} at (0,0) size 800x600
    RenderBody {BODY} at (8,8) size 784x584
      RenderTable {TABLE} at (0,0) size 653x233 [border: (1px outset #808080)]
        RenderTableSection {TBODY} at (1,1) size 651x231
          RenderTableRow {TR} at (0,2) size 651x227
            RenderTableCell {TD} at (2,2) size 647x227 [border: (1px inset #808080)] [r=0 c=0 rs=1 cs=6]
              RenderTable {TABLE} at (2,2) size 638x223 [border: (1px outset #808080)]
                RenderTableSection {TBODY} at (1,1) size 636x221
                  RenderTableRow {TR} at (0,2) size 636x22
                    RenderTableCell {TD} at (2,2) size 632x22 [border: (1px inset #808080)] [r=0 c=0 rs=1 cs=1]
                      RenderText {#text} at (2,2) size 22x18
                        text run at (2,2) width 22: "foo"
                  RenderTableRow {TR} at (0,26) size 636x193
                    RenderTableCell {TD} at (2,26) size 632x193 [border: (1px inset #808080)] [r=1 c=0 rs=1 cs=1]
                      RenderTable {TABLE} at (2,2) size 628x189 [border: (1px outset #808080)]
                        RenderTableSection {TBODY} at (1,1) size 626x187
                          RenderTableRow {TR} at (0,2) size 626x47
                            RenderTableCell {TD} at (2,2) size 25x22 [border: (1px inset #808080)] [r=0 c=0 rs=1 cs=1]
                              RenderText {#text} at (2,2) size 21x18
                                text run at (2,2) width 21: "bar"
                            RenderTableCell {TD} at (28,14) size 596x23 [border: (1px inset #808080)] [r=0 c=1 rs=1 cs=1]
                              RenderText {#text} at (286,14) size 23x19
                                text run at (286,2) width 23: "baz"
                          RenderTableRow {TR} at (0,51) size 626x134
                            RenderTableCell {TD} at (2,51) size 25x22 [border: (1px inset #808080)] [r=1 c=0 rs=1 cs=1]
                              RenderText {#text} at (2,2) size 20x18
                                text run at (2,2) width 20: "faz"
                            RenderTableCell {TD} at (28,51) size 596x134 [border: (1px inset #808080)] [r=1 c=1 rs=1 cs=1]
                              RenderTable {TABLE} at (2,2) size 591x130 [border: (1px outset #808080)]
                                RenderTableSection {TBODY} at (1,1) size 589x128
                                  RenderTableRow {TR} at (0,2) size 589x124
                                    RenderTableCell {TD} at (2,2) size 585x124 [border: (1px inset #808080)] [r=0 c=0 rs=1 cs=2]
                                      RenderTable {TABLE} at (2,2) size 581x120 [border: (1px outset #808080)]
                                        RenderTableSection {TBODY} at (1,1) size 579x118
                                          RenderTableRow {TR} at (0,2) size 579x114
                                            RenderTableCell {TD} at (2,2) size 113x22 [border: (1px inset #808080)] [r=0 c=0 rs=1 cs=1]
                                              RenderText {#text} at (2,2) size 24x18
                                                text run at (2,2) width 24: "frip"
                                            RenderTableCell {TD} at (116,2) size 462x114 [border: (1px inset #808080)] [r=0 c=1 rs=1 cs=1]
                                              RenderBlock (anonymous) at (2,2) size 457x18
                                                RenderText {#text} at (158,0) size 140x18
                                                  text run at (158,0) width 140: "Feel free to browse ..."
                                              RenderBlock {P} at (2,36) size 457x0
                                              RenderBlock {CENTER} at (2,36) size 457x76
                                                RenderTable {TABLE} at (91,0) size 274x76 [border: (1px outset #808080)]
                                                  RenderTableSection {TBODY} at (1,1) size 271x74
                                                    RenderTableRow {TR} at (0,2) size 271x22
                                                      RenderTableCell {TD} at (2,2) size 145x22 [border: (1px inset #808080)] [r=0 c=0 rs=1 cs=1]
                                                        RenderInline {A} at (2,2) size 52x18 [color=#551A8B]
                                                          RenderText {#text} at (2,2) size 52x18
                                                            text run at (2,2) width 52: "Holiday"
                                                      RenderTableCell {TD} at (148,2) size 122x22 [border: (1px inset #808080)] [r=0 c=1 rs=1 cs=1]
                                                        RenderInline {A} at (2,2) size 30x18 [color=#551A8B]
                                                          RenderText {#text} at (2,2) size 30x18
                                                            text run at (2,2) width 30: "Cars"
                                                    RenderTableRow {TR} at (0,26) size 271x22
                                                      RenderTableCell {TD} at (2,26) size 145x22 [border: (1px inset #808080)] [r=1 c=0 rs=1 cs=1]
                                                        RenderInline {A} at (2,2) size 41x18 [color=#551A8B]
                                                          RenderText {#text} at (2,2) size 41x18
                                                            text run at (2,2) width 41: "Sports"
                                                      RenderTableCell {TD} at (148,26) size 122x22 [border: (1px inset #808080)] [r=1 c=1 rs=1 cs=1]
                                                        RenderInline {A} at (2,2) size 55x18 [color=#551A8B]
                                                          RenderText {#text} at (2,2) size 55x18
                                                            text run at (2,2) width 55: "Animals"
                                                    RenderTableRow {TR} at (0,50) size 271x22
                                                      RenderTableCell {TD} at (2,50) size 145x22 [border: (1px inset #808080)] [r=2 c=0 rs=1 cs=1]
                                                        RenderInline {A} at (2,2) size 71x18 [color=#551A8B]
                                                          RenderText {#text} at (2,2) size 71x18
                                                            text run at (2,2) width 71: "Computers"
                                                      RenderTableCell {TD} at (148,50) size 122x22 [border: (1px inset #808080)] [r=2 c=1 rs=1 cs=1]
                                                        RenderInline {A} at (2,2) size 58x18 [color=#551A8B]
                                                          RenderText {#text} at (2,2) size 58x18
                                                            text run at (2,2) width 58: "Cartoons"
      RenderBlock (anonymous) at (0,233) size 784x18
        RenderBR {BR} at (0,0) size 0x18
      RenderBlock {P} at (0,267) size 784x54
        RenderText {#text} at (0,0) size 560x18
          text run at (0,0) width 560: "The second (nested) table below has fixed widths 300px, 500px, 200px (outer to inner)."
        RenderBR {BR} at (559,0) size 1x18
        RenderText {#text} at (0,18) size 66x18
          text run at (0,18) width 66: "When the "
        RenderInline {CODE} at (65,20) size 56x15
          RenderText {#text} at (65,20) size 56x15
            text run at (65,20) width 56: "a:hover"
        RenderText {#text} at (120,18) size 119x18
          text run at (120,18) width 119: " for 'Holiday' gets "
        RenderInline {CODE} at (238,20) size 102x15
          RenderText {#text} at (238,20) size 102x15
            text run at (238,20) width 102: "'onMouseOver'"
        RenderText {#text} at (339,18) size 216x18
          text run at (339,18) width 216: ", the outer table reflows to 300px,"
        RenderBR {BR} at (554,18) size 1x18
        RenderText {#text} at (0,36) size 311x18
          text run at (0,36) width 311: "clipping the middle (500px) table in the process."
      RenderTable {TABLE} at (0,337) size 300x28 [border: (1px outset #808080)]
        RenderTableSection {TBODY} at (1,1) size 298x26
          RenderTableRow {TR} at (0,2) size 298x22
            RenderTableCell {TD} at (2,2) size 294x22 [border: (1px inset #808080)] [r=0 c=0 rs=1 cs=1]
              RenderText {#text} at (2,2) size 177x18
                text run at (2,2) width 177: "300px wide for comparison"
      RenderBlock (anonymous) at (0,365) size 784x18
        RenderBR {BR} at (0,0) size 0x18
      RenderTable {TABLE} at (0,383) size 510x48 [border: (1px outset #808080)]
        RenderTableSection {TBODY} at (1,1) size 508x46
          RenderTableRow {TR} at (0,2) size 508x42
            RenderTableCell {TD} at (2,2) size 504x42 [border: (1px inset #808080)] [r=0 c=0 rs=1 cs=1]
              RenderTable {TABLE} at (2,2) size 500x38 [border: (1px outset #808080)]
                RenderTableSection {TBODY} at (1,1) size 498x36
                  RenderTableRow {TR} at (0,2) size 498x32
                    RenderTableCell {TD} at (2,2) size 494x32 [border: (1px inset #808080)] [r=0 c=0 rs=1 cs=1]
                      RenderTable {TABLE} at (2,2) size 200x28 [border: (1px outset #808080)]
                        RenderTableSection {TBODY} at (1,1) size 198x26
                          RenderTableRow {TR} at (0,2) size 198x22
                            RenderTableCell {TD} at (2,2) size 194x22 [border: (1px inset #808080)] [r=0 c=0 rs=1 cs=1]
                              RenderInline {A} at (2,2) size 52x18 [color=#551A8B]
                                RenderText {#text} at (2,2) size 52x18
                                  text run at (2,2) width 52: "Holiday"
