layer at (0,0) size 800x600
  RenderView at (0,0) size 800x600
layer at (0,0) size 800x600
  RenderBlock {HTML} at (0,0) size 800x600
    RenderBody {BODY} at (8,8) size 784x584 [bgcolor=#3333FF]
      RenderBlock {CENTER} at (0,0) size 784x69
        RenderTable {TABLE} at (184,0) size 416x69 [bgcolor=#FFFFFF] [border: (2px outset #808080)]
          RenderBlock {CAPTION} at (0,0) size 415x21
            RenderInline {B} at (0,0) size 131x18
              RenderInline {FONT} at (0,0) size 131x20 [color=#C0C0C0]
                RenderText {#text} at (142,0) size 131x20
                  text run at (142,0) width 131: "Future Bugzilla"
            RenderText {#text} at (0,0) size 0x0
          RenderTableSection {TBODY} at (2,23) size 411x44
            RenderTableRow {TR} at (0,2) size 411x19
              RenderTableCell {TD} at (2,2) size 40x19 [bgcolor=#009900] [border: (1px inset #808080)] [r=0 c=0 rs=1 cs=1]
                RenderBlock {DIV} at (2,2) size 36x15
                  RenderInline {B} at (0,0) size 36x18
                    RenderInline {FONT} at (0,0) size 36x15
                      RenderText {#text} at (0,0) size 36x15
                        text run at (0,0) width 36: "Credit"
              RenderTableCell {TD} at (43,2) size 38x19 [bgcolor=#009900] [border: (1px inset #808080)] [r=0 c=1 rs=1 cs=1]
                RenderInline {B} at (0,0) size 23x18
                  RenderInline {FONT} at (0,0) size 23x15
                    RenderText {#text} at (2,2) size 23x15
                      text run at (2,2) width 23: "Bug"
              RenderTableCell {TD} at (82,2) size 136x19 [bgcolor=#009900] [border: (1px inset #808080)] [r=0 c=2 rs=1 cs=1]
                RenderInline {B} at (0,0) size 55x18
                  RenderInline {FONT} at (0,0) size 55x15
                    RenderText {#text} at (2,2) size 55x15
                      text run at (2,2) width 55: "Summary"
              RenderTableCell {TD} at (219,2) size 55x19 [bgcolor=#009900] [border: (1px inset #808080)] [r=0 c=3 rs=1 cs=1]
                RenderInline {B} at (0,0) size 35x18
                  RenderInline {FONT} at (0,0) size 35x15
                    RenderText {#text} at (2,2) size 35x15
                      text run at (2,2) width 35: "Status"
              RenderTableCell {TD} at (275,2) size 65x19 [bgcolor=#009900] [border: (1px inset #808080)] [r=0 c=4 rs=1 cs=1]
                RenderInline {B} at (0,0) size 60x18
                  RenderInline {FONT} at (0,0) size 60x15
                    RenderText {#text} at (2,2) size 60x15
                      text run at (2,2) width 60: "Resolution"
              RenderTableCell {TD} at (341,2) size 68x19 [bgcolor=#009900] [border: (1px inset #808080)] [r=0 c=5 rs=1 cs=1]
                RenderInline {B} at (0,0) size 64x18
                  RenderInline {FONT} at (0,0) size 64x15
                    RenderText {#text} at (2,2) size 64x15
                      text run at (2,2) width 64: "Date (-8/-7)"
            RenderTableRow {TR} at (0,23) size 411x19
              RenderTableCell {TD} at (2,23) size 40x19 [bgcolor=#FF0000] [border: (1px inset #808080)] [r=1 c=0 rs=1 cs=1]
                RenderInline {B} at (0,0) size 7x18
                  RenderInline {FONT} at (0,0) size 7x15
                    RenderText {#text} at (2,2) size 7x15
                      text run at (2,2) width 7: "1"
              RenderTableCell {TD} at (43,23) size 38x19 [bgcolor=#FF0000] [border: (1px inset #808080)] [r=1 c=1 rs=1 cs=1]
                RenderInline {B} at (0,0) size 33x18
                  RenderInline {FONT} at (0,0) size 33x15
                    RenderText {#text} at (0,0) size 0x0
                    RenderInline {A} at (0,0) size 33x15
                      RenderText {#text} at (2,2) size 33x15
                        text run at (2,2) width 33: "10000"
                    RenderText {#text} at (0,0) size 0x0
              RenderTableCell {TD} at (82,23) size 136x19 [bgcolor=#FF0000] [border: (1px inset #808080)] [r=1 c=2 rs=1 cs=1]
                RenderInline {B} at (0,0) size 132x18
                  RenderInline {FONT} at (0,0) size 132x15
                    RenderText {#text} at (2,2) size 132x15
                      text run at (2,2) width 132: "JWZ returns to Mozilla"
              RenderTableCell {TD} at (219,23) size 55x19 [bgcolor=#FF0000] [border: (1px inset #808080)] [r=1 c=3 rs=1 cs=1]
                RenderInline {B} at (0,0) size 50x18
                  RenderInline {FONT} at (0,0) size 50x15
                    RenderText {#text} at (2,2) size 50x15
                      text run at (2,2) width 50: "Resolved"
              RenderTableCell {TD} at (275,23) size 65x19 [bgcolor=#FF0000] [border: (1px inset #808080)] [r=1 c=4 rs=1 cs=1]
                RenderInline {B} at (0,0) size 54x18
                  RenderInline {FONT} at (0,0) size 54x15
                    RenderText {#text} at (2,2) size 54x15
                      text run at (2,2) width 54: "Duplicate"
              RenderTableCell {TD} at (341,23) size 68x19 [bgcolor=#FF0000] [border: (1px inset #808080)] [r=1 c=5 rs=1 cs=1]
                RenderInline {B} at (0,0) size 34x18
                  RenderInline {FONT} at (0,0) size 34x15
                    RenderText {#text} at (2,2) size 34x15
                      text run at (2,2) width 34: "July 1"
