layer at (0,0) size 800x600
  RenderView at (0,0) size 800x600
layer at (0,0) size 800x600
  RenderBlock {HTML} at (0,0) size 800x600
    RenderBody {BODY} at (8,8) size 784x584
      RenderTable {TABLE} at (0,0) size 105x52 [border: (1px solid #FF0000)]
        RenderTableSection {TBODY} at (1,1) size 103x50
          RenderTableRow {TR} at (0,2) size 103x22
            RenderTableCell {TD} at (2,2) size 31x22 [border: (1px solid #008000)] [r=0 c=0 rs=1 cs=1]
              RenderText {#text} at (2,2) size 24x18
                text run at (2,2) width 24: "one"
            RenderTableCell {TD} at (34,2) size 29x22 [border: (1px solid #FF0000)] [r=0 c=1 rs=1 cs=1]
              RenderText {#text} at (2,2) size 24x18
                text run at (2,2) width 24: "two"
            RenderTableCell {TD} at (64,2) size 37x22 [border: (1px solid #0000FF)] [r=0 c=2 rs=1 cs=1]
              RenderText {#text} at (2,2) size 32x18
                text run at (2,2) width 32: "three"
          RenderTableRow {TR} at (0,26) size 103x22
            RenderTableCell {TD} at (2,26) size 31x22 [border: (1px solid #008000)] [r=1 c=0 rs=1 cs=1]
              RenderText {#text} at (2,2) size 27x18
                text run at (2,2) width 27: "four"
            RenderTableCell {TD} at (34,26) size 29x22 [border: (1px solid #FFFF00)] [r=1 c=1 rs=1 cs=1]
              RenderText {#text} at (2,2) size 24x18
                text run at (2,2) width 24: "five"
            RenderTableCell {TD} at (64,26) size 37x22 [border: (1px solid #FFA500)] [r=1 c=2 rs=1 cs=1]
              RenderText {#text} at (2,2) size 19x18
                text run at (2,2) width 19: "six"
      RenderBlock (anonymous) at (0,52) size 784x18
        RenderBR {BR} at (0,0) size 0x18
      RenderTable {TABLE} at (0,70) size 105x52 [border: (1px solid #FF0000)]
        RenderTableSection {TBODY} at (1,1) size 103x50
          RenderTableRow {TR} at (0,2) size 103x22
            RenderTableCell {TD} at (2,2) size 31x22 [border: (1px solid #008000)] [r=0 c=0 rs=1 cs=1]
              RenderText {#text} at (2,2) size 24x18
                text run at (2,2) width 24: "one"
            RenderTableCell {TD} at (34,2) size 29x22 [border: (1px solid #FF0000)] [r=0 c=1 rs=1 cs=1]
              RenderText {#text} at (2,2) size 24x18
                text run at (2,2) width 24: "two"
            RenderTableCell {TD} at (64,2) size 37x22 [border: (1px solid #0000FF)] [r=0 c=2 rs=1 cs=1]
              RenderText {#text} at (2,2) size 32x18
                text run at (2,2) width 32: "three"
          RenderTableRow {TR} at (0,26) size 103x22
            RenderTableCell {TD} at (2,26) size 31x22 [border: (1px solid #008000)] [r=1 c=0 rs=1 cs=1]
              RenderText {#text} at (2,2) size 27x18
                text run at (2,2) width 27: "four"
            RenderTableCell {TD} at (34,26) size 29x22 [border: (1px solid #FFFF00)] [r=1 c=1 rs=1 cs=1]
              RenderText {#text} at (2,2) size 24x18
                text run at (2,2) width 24: "five"
            RenderTableCell {TD} at (64,26) size 37x22 [border: (1px solid #FFA500)] [r=1 c=2 rs=1 cs=1]
              RenderText {#text} at (2,2) size 19x18
                text run at (2,2) width 19: "six"
      RenderBlock (anonymous) at (0,122) size 784x36
        RenderBR {BR} at (0,0) size 0x18
        RenderText {#text} at (0,18) size 233x18
          text run at (0,18) width 233: "should be 2px solid red around table"
      RenderTable {TABLE} at (0,158) size 73x30 [border: (2px solid #FF0000)]
        RenderTableSection {TBODY} at (2,2) size 69x26
          RenderTableRow {TR} at (0,2) size 69x22
            RenderTableCell {TD} at (2,2) size 31x22 [border: (1px inset #FF0000)] [r=0 c=0 rs=1 cs=1]
              RenderText {#text} at (2,2) size 27x18
                text run at (2,2) width 27: "One"
            RenderTableCell {TD} at (34,2) size 33x22 [border: (1px inset #FF0000)] [r=0 c=1 rs=1 cs=1]
              RenderText {#text} at (2,2) size 29x18
                text run at (2,2) width 29: "Two"
      RenderBlock (anonymous) at (0,188) size 784x36
        RenderBR {BR} at (0,0) size 0x18
        RenderText {#text} at (0,18) size 262x18
          text run at (0,18) width 262: "should be medium solid red around table"
      RenderTable {TABLE} at (0,224) size 75x32 [border: (3px solid #FF0000)]
        RenderTableSection {TBODY} at (3,3) size 69x26
          RenderTableRow {TR} at (0,2) size 69x22
            RenderTableCell {TD} at (2,2) size 31x22 [border: (1px inset #FF0000)] [r=0 c=0 rs=1 cs=1]
              RenderText {#text} at (2,2) size 27x18
                text run at (2,2) width 27: "One"
            RenderTableCell {TD} at (34,2) size 33x22 [border: (1px inset #FF0000)] [r=0 c=1 rs=1 cs=1]
              RenderText {#text} at (2,2) size 29x18
                text run at (2,2) width 29: "Two"
