layer at (0,0) size 785x1507
  RenderView at (0,0) size 785x600
layer at (0,0) size 785x1507
  RenderBlock {HTML} at (0,0) size 785x1507
    RenderBody {BODY} at (8,8) size 769x1491
      RenderTable {TABLE} at (0,0) size 232x497
        RenderTableSection {TBODY} at (0,0) size 232x497
          RenderTableRow {TR} at (0,2) size 232x20
            RenderTableCell {TD} at (2,2) size 228x20 [r=0 c=0 rs=1 cs=1]
              RenderText {#text} at (1,1) size 226x18
                text run at (1,1) width 226: "Occasional height/width on images"
          RenderTableRow {TR} at (0,24) size 232x34
            RenderTableCell {TD} at (2,24) size 228x34 [r=1 c=0 rs=1 cs=1]
              RenderImage {IMG} at (1,1) size 75x32
          RenderTableRow {TR} at (0,60) size 232x24
            RenderTableCell {TD} at (2,60) size 228x24 [r=2 c=0 rs=1 cs=1]
              RenderImage {IMG} at (1,1) size 44x22
          RenderTableRow {TR} at (0,86) size 232x15
            RenderTableCell {TD} at (2,86) size 228x15 [r=3 c=0 rs=1 cs=1]
              RenderImage {IMG} at (1,1) size 89x13
          RenderTableRow {TR} at (0,103) size 232x15
            RenderTableCell {TD} at (2,103) size 228x15 [r=4 c=0 rs=1 cs=1]
              RenderImage {IMG} at (1,1) size 89x13
          RenderTableRow {TR} at (0,120) size 232x31
            RenderTableCell {TD} at (2,120) size 228x31 [r=5 c=0 rs=1 cs=1]
              RenderImage {IMG} at (1,1) size 31x29
          RenderTableRow {TR} at (0,153) size 232x23
            RenderTableCell {TD} at (2,153) size 228x23 [r=6 c=0 rs=1 cs=1]
              RenderImage {IMG} at (1,1) size 62x21
          RenderTableRow {TR} at (0,178) size 232x17
            RenderTableCell {TD} at (2,178) size 228x17 [r=7 c=0 rs=1 cs=1]
              RenderImage {IMG} at (1,1) size 70x15
          RenderTableRow {TR} at (0,197) size 232x28
            RenderTableCell {TD} at (2,197) size 228x28 [r=8 c=0 rs=1 cs=1]
              RenderImage {IMG} at (1,1) size 42x26
          RenderTableRow {TR} at (0,227) size 232x17
            RenderTableCell {TD} at (2,227) size 228x17 [r=9 c=0 rs=1 cs=1]
              RenderImage {IMG} at (1,1) size 84x15
          RenderTableRow {TR} at (0,246) size 232x17
            RenderTableCell {TD} at (2,246) size 228x17 [r=10 c=0 rs=1 cs=1]
              RenderImage {IMG} at (1,1) size 90x15
          RenderTableRow {TR} at (0,265) size 232x34
            RenderTableCell {TD} at (2,265) size 228x34 [r=11 c=0 rs=1 cs=1]
              RenderImage {IMG} at (1,1) size 59x32
          RenderTableRow {TR} at (0,301) size 232x17
            RenderTableCell {TD} at (2,301) size 228x17 [r=12 c=0 rs=1 cs=1]
              RenderImage {IMG} at (1,1) size 90x15
          RenderTableRow {TR} at (0,320) size 232x17
            RenderTableCell {TD} at (2,320) size 228x17 [r=13 c=0 rs=1 cs=1]
              RenderImage {IMG} at (1,1) size 90x15
          RenderTableRow {TR} at (0,339) size 232x21
            RenderTableCell {TD} at (2,339) size 228x21 [r=14 c=0 rs=1 cs=1]
              RenderImage {IMG} at (1,1) size 83x19
          RenderTableRow {TR} at (0,362) size 232x33
            RenderTableCell {TD} at (2,362) size 228x33 [r=15 c=0 rs=1 cs=1]
              RenderImage {IMG} at (1,1) size 54x31
          RenderTableRow {TR} at (0,397) size 232x27
            RenderTableCell {TD} at (2,397) size 228x27 [r=16 c=0 rs=1 cs=1]
              RenderImage {IMG} at (1,1) size 56x25
          RenderTableRow {TR} at (0,426) size 232x17
            RenderTableCell {TD} at (2,426) size 228x17 [r=17 c=0 rs=1 cs=1]
              RenderImage {IMG} at (1,1) size 53x15
          RenderTableRow {TR} at (0,445) size 232x31
            RenderTableCell {TD} at (2,445) size 228x31 [r=18 c=0 rs=1 cs=1]
              RenderImage {IMG} at (1,1) size 31x29
          RenderTableRow {TR} at (0,478) size 232x17
            RenderTableCell {TD} at (2,478) size 228x17 [r=19 c=0 rs=1 cs=1]
              RenderImage {IMG} at (1,1) size 53x15
      RenderTable {TABLE} at (0,497) size 270x497
        RenderTableSection {TBODY} at (0,0) size 270x497
          RenderTableRow {TR} at (0,2) size 270x20
            RenderTableCell {TD} at (2,2) size 266x20 [r=0 c=0 rs=1 cs=1]
              RenderText {#text} at (1,1) size 264x18
                text run at (1,1) width 264: "Images with height/width never specified"
          RenderTableRow {TR} at (0,24) size 270x34
            RenderTableCell {TD} at (2,24) size 266x34 [r=1 c=0 rs=1 cs=1]
              RenderImage {IMG} at (1,1) size 75x32
          RenderTableRow {TR} at (0,60) size 270x24
            RenderTableCell {TD} at (2,60) size 266x24 [r=2 c=0 rs=1 cs=1]
              RenderImage {IMG} at (1,1) size 44x22
          RenderTableRow {TR} at (0,86) size 270x15
            RenderTableCell {TD} at (2,86) size 266x15 [r=3 c=0 rs=1 cs=1]
              RenderImage {IMG} at (1,1) size 89x13
          RenderTableRow {TR} at (0,103) size 270x15
            RenderTableCell {TD} at (2,103) size 266x15 [r=4 c=0 rs=1 cs=1]
              RenderImage {IMG} at (1,1) size 89x13
          RenderTableRow {TR} at (0,120) size 270x31
            RenderTableCell {TD} at (2,120) size 266x31 [r=5 c=0 rs=1 cs=1]
              RenderImage {IMG} at (1,1) size 31x29
          RenderTableRow {TR} at (0,153) size 270x23
            RenderTableCell {TD} at (2,153) size 266x23 [r=6 c=0 rs=1 cs=1]
              RenderImage {IMG} at (1,1) size 62x21
          RenderTableRow {TR} at (0,178) size 270x17
            RenderTableCell {TD} at (2,178) size 266x17 [r=7 c=0 rs=1 cs=1]
              RenderImage {IMG} at (1,1) size 70x15
          RenderTableRow {TR} at (0,197) size 270x28
            RenderTableCell {TD} at (2,197) size 266x28 [r=8 c=0 rs=1 cs=1]
              RenderImage {IMG} at (1,1) size 42x26
          RenderTableRow {TR} at (0,227) size 270x17
            RenderTableCell {TD} at (2,227) size 266x17 [r=9 c=0 rs=1 cs=1]
              RenderImage {IMG} at (1,1) size 84x15
          RenderTableRow {TR} at (0,246) size 270x17
            RenderTableCell {TD} at (2,246) size 266x17 [r=10 c=0 rs=1 cs=1]
              RenderImage {IMG} at (1,1) size 90x15
          RenderTableRow {TR} at (0,265) size 270x34
            RenderTableCell {TD} at (2,265) size 266x34 [r=11 c=0 rs=1 cs=1]
              RenderImage {IMG} at (1,1) size 59x32
          RenderTableRow {TR} at (0,301) size 270x17
            RenderTableCell {TD} at (2,301) size 266x17 [r=12 c=0 rs=1 cs=1]
              RenderImage {IMG} at (1,1) size 90x15
          RenderTableRow {TR} at (0,320) size 270x17
            RenderTableCell {TD} at (2,320) size 266x17 [r=13 c=0 rs=1 cs=1]
              RenderImage {IMG} at (1,1) size 90x15
          RenderTableRow {TR} at (0,339) size 270x21
            RenderTableCell {TD} at (2,339) size 266x21 [r=14 c=0 rs=1 cs=1]
              RenderImage {IMG} at (1,1) size 83x19
          RenderTableRow {TR} at (0,362) size 270x33
            RenderTableCell {TD} at (2,362) size 266x33 [r=15 c=0 rs=1 cs=1]
              RenderImage {IMG} at (1,1) size 54x31
          RenderTableRow {TR} at (0,397) size 270x27
            RenderTableCell {TD} at (2,397) size 266x27 [r=16 c=0 rs=1 cs=1]
              RenderImage {IMG} at (1,1) size 56x25
          RenderTableRow {TR} at (0,426) size 270x17
            RenderTableCell {TD} at (2,426) size 266x17 [r=17 c=0 rs=1 cs=1]
              RenderImage {IMG} at (1,1) size 53x15
          RenderTableRow {TR} at (0,445) size 270x31
            RenderTableCell {TD} at (2,445) size 266x31 [r=18 c=0 rs=1 cs=1]
              RenderImage {IMG} at (1,1) size 31x29
          RenderTableRow {TR} at (0,478) size 270x17
            RenderTableCell {TD} at (2,478) size 266x17 [r=19 c=0 rs=1 cs=1]
              RenderImage {IMG} at (1,1) size 53x15
      RenderTable {TABLE} at (0,994) size 279x497
        RenderTableSection {TBODY} at (0,0) size 279x497
          RenderTableRow {TR} at (0,2) size 279x20
            RenderTableCell {TD} at (2,2) size 275x20 [r=0 c=0 rs=1 cs=1]
              RenderText {#text} at (1,1) size 273x18
                text run at (1,1) width 273: "Images with height/width always specified"
          RenderTableRow {TR} at (0,24) size 279x34
            RenderTableCell {TD} at (2,24) size 275x34 [r=1 c=0 rs=1 cs=1]
              RenderImage {IMG} at (1,1) size 75x32
          RenderTableRow {TR} at (0,60) size 279x24
            RenderTableCell {TD} at (2,60) size 275x24 [r=2 c=0 rs=1 cs=1]
              RenderImage {IMG} at (1,1) size 44x22
          RenderTableRow {TR} at (0,86) size 279x15
            RenderTableCell {TD} at (2,86) size 275x15 [r=3 c=0 rs=1 cs=1]
              RenderImage {IMG} at (1,1) size 89x13
          RenderTableRow {TR} at (0,103) size 279x15
            RenderTableCell {TD} at (2,103) size 275x15 [r=4 c=0 rs=1 cs=1]
              RenderImage {IMG} at (1,1) size 89x13
          RenderTableRow {TR} at (0,120) size 279x31
            RenderTableCell {TD} at (2,120) size 275x31 [r=5 c=0 rs=1 cs=1]
              RenderImage {IMG} at (1,1) size 31x29
          RenderTableRow {TR} at (0,153) size 279x23
            RenderTableCell {TD} at (2,153) size 275x23 [r=6 c=0 rs=1 cs=1]
              RenderImage {IMG} at (1,1) size 62x21
          RenderTableRow {TR} at (0,178) size 279x17
            RenderTableCell {TD} at (2,178) size 275x17 [r=7 c=0 rs=1 cs=1]
              RenderImage {IMG} at (1,1) size 70x15
          RenderTableRow {TR} at (0,197) size 279x28
            RenderTableCell {TD} at (2,197) size 275x28 [r=8 c=0 rs=1 cs=1]
              RenderImage {IMG} at (1,1) size 42x26
          RenderTableRow {TR} at (0,227) size 279x17
            RenderTableCell {TD} at (2,227) size 275x17 [r=9 c=0 rs=1 cs=1]
              RenderImage {IMG} at (1,1) size 84x15
          RenderTableRow {TR} at (0,246) size 279x17
            RenderTableCell {TD} at (2,246) size 275x17 [r=10 c=0 rs=1 cs=1]
              RenderImage {IMG} at (1,1) size 90x15
          RenderTableRow {TR} at (0,265) size 279x34
            RenderTableCell {TD} at (2,265) size 275x34 [r=11 c=0 rs=1 cs=1]
              RenderImage {IMG} at (1,1) size 59x32
          RenderTableRow {TR} at (0,301) size 279x17
            RenderTableCell {TD} at (2,301) size 275x17 [r=12 c=0 rs=1 cs=1]
              RenderImage {IMG} at (1,1) size 90x15
          RenderTableRow {TR} at (0,320) size 279x17
            RenderTableCell {TD} at (2,320) size 275x17 [r=13 c=0 rs=1 cs=1]
              RenderImage {IMG} at (1,1) size 90x15
          RenderTableRow {TR} at (0,339) size 279x21
            RenderTableCell {TD} at (2,339) size 275x21 [r=14 c=0 rs=1 cs=1]
              RenderImage {IMG} at (1,1) size 83x19
          RenderTableRow {TR} at (0,362) size 279x33
            RenderTableCell {TD} at (2,362) size 275x33 [r=15 c=0 rs=1 cs=1]
              RenderImage {IMG} at (1,1) size 54x31
          RenderTableRow {TR} at (0,397) size 279x27
            RenderTableCell {TD} at (2,397) size 275x27 [r=16 c=0 rs=1 cs=1]
              RenderImage {IMG} at (1,1) size 56x25
          RenderTableRow {TR} at (0,426) size 279x17
            RenderTableCell {TD} at (2,426) size 275x17 [r=17 c=0 rs=1 cs=1]
              RenderImage {IMG} at (1,1) size 53x15
          RenderTableRow {TR} at (0,445) size 279x31
            RenderTableCell {TD} at (2,445) size 275x31 [r=18 c=0 rs=1 cs=1]
              RenderImage {IMG} at (1,1) size 31x29
          RenderTableRow {TR} at (0,478) size 279x17
            RenderTableCell {TD} at (2,478) size 275x17 [r=19 c=0 rs=1 cs=1]
              RenderImage {IMG} at (1,1) size 53x15
