layer at (0,0) size 800x600
  RenderView at (0,0) size 800x600
layer at (0,0) size 800x600
  RenderBlock {HTML} at (0,0) size 800x600
    RenderBody {BODY} at (8,8) size 784x584
      RenderBlock (anonymous) at (0,0) size 784x18
        RenderText {#text} at (0,0) size 109x18
          text run at (0,0) width 109: "table height=200"
      RenderTable {TABLE} at (0,18) size 113x200 [border: (1px outset #808080)]
        RenderTableSection {TBODY} at (1,1) size 111x198
          RenderTableRow {TR} at (0,2) size 111x157
            RenderTableCell {TD} at (2,69) size 107x23 [border: (1px inset #808080)] [r=0 c=0 rs=1 cs=1]
              RenderText {#text} at (2,1) size 103x20
                text run at (2,2) width 103: "80% height row"
          RenderTableRow {TR} at (0,160) size 111x36
            RenderTableCell {TD} at (2,167) size 107x23 [border: (1px inset #808080)] [r=1 c=0 rs=1 cs=1]
              RenderText {#text} at (2,1) size 103x20
                text run at (2,2) width 103: "80% height row"
      RenderBlock (anonymous) at (0,218) size 784x36
        RenderBR {BR} at (0,0) size 0x18
        RenderText {#text} at (0,18) size 109x18
          text run at (0,18) width 109: "table height=200"
      RenderTable {TABLE} at (0,254) size 107x306 [border: (1px outset #808080)]
        RenderTableSection {TBODY} at (1,1) size 105x304
          RenderTableRow {TR} at (0,2) size 105x300
            RenderTableCell {TD} at (2,141) size 101x22 [border: (1px inset #808080)] [r=0 c=0 rs=1 cs=1]
              RenderText {#text} at (2,2) size 97x18
                text run at (2,2) width 97: "400 height row"
