layer at (0,0) size 800x600
  RenderView at (0,0) size 800x600
layer at (0,0) size 800x600
  RenderBlock {HTML} at (0,0) size 800x600
    RenderBody {BODY} at (8,8) size 784x584
      RenderBlock (anonymous) at (0,0) size 784x18
        RenderText {#text} at (0,0) size 350x18
          text run at (0,0) width 350: "The window needs to be resized smaller to see the bug"
        RenderBR {BR} at (349,0) size 1x18
      RenderTable {TABLE} at (0,18) size 452x24
        RenderTableSection {TBODY} at (0,0) size 452x24
          RenderTableRow {TR} at (0,2) size 452x20
            RenderTableCell {TD} at (2,2) size 35x20 [r=0 c=0 rs=1 cs=1]
              RenderText {#text} at (1,1) size 33x18
                text run at (1,1) width 33: "Back"
            RenderTableCell {TD} at (38,2) size 58x20 [r=0 c=1 rs=1 cs=1]
              RenderText {#text} at (1,1) size 55x18
                text run at (1,1) width 55: "Forward"
            RenderTableCell {TD} at (97,2) size 48x20 [r=0 c=2 rs=1 cs=1]
              RenderText {#text} at (1,1) size 46x18
                text run at (1,1) width 46: "Reload"
            RenderTableCell {TD} at (146,2) size 42x20 [r=0 c=3 rs=1 cs=1]
              RenderText {#text} at (1,1) size 40x18
                text run at (1,1) width 40: "Home"
            RenderTableCell {TD} at (189,2) size 47x20 [r=0 c=4 rs=1 cs=1]
              RenderText {#text} at (1,1) size 44x18
                text run at (1,1) width 44: "Search"
            RenderTableCell {TD} at (237,2) size 87x20 [r=0 c=5 rs=1 cs=1]
              RenderText {#text} at (1,1) size 85x18
                text run at (1,1) width 85: "My Netscape"
            RenderTableCell {TD} at (325,2) size 35x20 [r=0 c=6 rs=1 cs=1]
              RenderText {#text} at (1,1) size 32x18
                text run at (1,1) width 32: "Print"
            RenderTableCell {TD} at (361,2) size 56x20 [r=0 c=7 rs=1 cs=1]
              RenderText {#text} at (1,1) size 54x18
                text run at (1,1) width 54: "Security"
            RenderTableCell {TD} at (418,2) size 32x20 [r=0 c=8 rs=1 cs=1]
              RenderText {#text} at (1,1) size 30x18
                text run at (1,1) width 30: "Stop"
