layer at (0,0) size 985x585
  RenderView at (0,0) size 800x585
layer at (0,0) size 800x585
  RenderBlock {HTML} at (0,0) size 800x585
    RenderBody {BODY} at (8,8) size 784x569
      RenderTable {TABLE} at (0,0) size 977x139 [border: (2px solid #0000FF)]
        RenderTableSection {TBODY} at (2,2) size 973x135
          RenderTableRow {TR} at (0,2) size 973x131
            RenderTableCell {TD} at (2,2) size 211x131 [border: (1px solid #C0C0C0)] [r=0 c=0 rs=1 cs=1]
              RenderTable {TABLE} at (2,2) size 207x127 [border: (2px solid #008000)]
                RenderTableSection {TBODY} at (2,2) size 203x123
                  RenderTableRow {TR} at (0,2) size 203x83
                    RenderTableCell {TD} at (2,2) size 199x83 [border: (1px solid #C0C0C0)] [r=0 c=0 rs=1 cs=1]
                      RenderTable {TABLE} at (2,2) size 160x31 [border: (2px solid #FF0000)]
                        RenderTableSection {TBODY} at (2,2) size 156x27
                          RenderTableRow {TR} at (0,2) size 156x23
                            RenderTableCell {TD} at (2,2) size 152x23 [border: (1px solid #C0C0C0)] [r=0 c=0 rs=1 cs=1]
                              RenderTextControl {INPUT} at (2,2) size 148x19 [bgcolor=#FFFFFF] [border: (2px inset #808080)]
                              RenderText {#text} at (0,0) size 0x0
                      RenderTable {TABLE} at (2,33) size 195x48 [border: (2px solid #FF0000)]
                        RenderTableSection {TBODY} at (2,2) size 191x44
                          RenderTableRow {TR} at (0,2) size 191x40
                            RenderTableCell {TD} at (2,2) size 187x40 [border: (1px solid #C0C0C0)] [r=0 c=0 rs=1 cs=1]
                              RenderText {#text} at (2,2) size 171x36
                                text run at (2,2) width 171: "THIS TABLE NEEDS TO"
                                text run at (2,20) width 67: "BE HERE"
                  RenderTableRow {TR} at (0,87) size 203x34
                    RenderTableCell {TD} at (2,87) size 199x34 [border: (1px solid #C0C0C0)] [r=1 c=0 rs=1 cs=1]
                      RenderTable {TABLE} at (2,2) size 195x30 [border: (2px solid #FF0000)]
                        RenderTableSection {TBODY} at (2,2) size 191x26
                          RenderTableRow {TR} at (0,2) size 191x22
                            RenderTableCell {TD} at (2,2) size 187x22 [border: (1px solid #C0C0C0)] [r=0 c=0 rs=1 cs=1]
                              RenderMenuList {SELECT} at (2,2) size 183x18 [bgcolor=#FFFFFF]
                                RenderBlock (anonymous) at (0,0) size 183x18
                                  RenderText at (8,2) size 152x13
                                    text run at (8,2) width 152: "USE THIS JAVASCRIPT HERE"
                              RenderText {#text} at (0,0) size 0x0
            RenderTableCell {TD} at (215,2) size 756x40 [border: (1px solid #C0C0C0)] [r=0 c=1 rs=1 cs=1]
              RenderText {#text} at (2,2) size 752x36
                text run at (2,2) width 752: "KEEPoTHEoTEXToHEREoASoLONGoASoPOSSIBLEooKEEPoTHEoTEXToHEREoASoLONGoASoPOSSIBLE"
                text run at (2,20) width 602: "THIS SIMULATES THE PROBLEM ON THE WWW.MAPBLAST.COM/ \"CREATE MAP\""
layer at (29,29) size 142x13
  RenderBlock {DIV} at (3,3) size 142x13
    RenderText {#text} at (0,0) size 132x13
      text run at (0,0) width 132: "THIS NEEDS THIS VALUE"
