layer at (0,0) size 800x600
  RenderView at (0,0) size 800x600
layer at (0,0) size 800x600
  RenderBlock {HTML} at (0,0) size 800x600
    RenderBody {BODY} at (0,0) size 800x584
      RenderBlock {P} at (0,0) size 800x54
        RenderText {#text} at (20,0) size 635x18
          text run at (20,0) width 438: "Here's the structure of the problem table (which usually begins with "
          text run at (457,0) width 65: "'N E W S "
          text run at (521,0) width 134: "H E A D L I N E S')."
        RenderBR {BR} at (654,0) size 1x18
        RenderText {#text} at (20,18) size 331x18
          text run at (20,18) width 331: "This table is width 100%; two rows; three columns;"
        RenderBR {BR} at (350,18) size 1x18
        RenderText {#text} at (20,36) size 473x18
          text run at (20,36) width 473: "The first row: widths 15, 125, 15 ... The second row: widths 15, 100%, 15"
      RenderTable {TABLE} at (0,70) size 800x39 [border: (1px outset #808080)]
        RenderTableSection {TBODY} at (1,1) size 798x37
          RenderTableRow {TR} at (0,0) size 798x17
            RenderTableCell {TD} at (0,7) size 17x3 [bgcolor=#666666] [border: (1px inset #808080)] [r=0 c=0 rs=1 cs=1]
              RenderImage {IMG} at (1,1) size 15x1
            RenderTableCell {TD} at (17,0) size 764x17 [border: (1px inset #808080)] [r=0 c=1 rs=1 cs=1]
              RenderImage {IMG} at (1,1) size 110x15
            RenderTableCell {TD} at (781,7) size 17x3 [bgcolor=#666666] [border: (1px inset #808080)] [r=0 c=2 rs=1 cs=1]
              RenderImage {IMG} at (1,1) size 15x1
          RenderTableRow {TR} at (0,17) size 798x20
            RenderTableCell {TD} at (0,25) size 17x4 [bgcolor=#666666] [border: (1px inset #808080)] [r=1 c=0 rs=1 cs=1]
              RenderImage {IMG} at (1,1) size 15x1
            RenderTableCell {TD} at (17,17) size 764x20 [border: (1px inset #808080)] [r=1 c=1 rs=1 cs=1]
              RenderText {#text} at (1,1) size 24x18
                text run at (1,1) width 24: "that"
            RenderTableCell {TD} at (781,25) size 17x4 [bgcolor=#666666] [border: (1px inset #808080)] [r=1 c=2 rs=1 cs=1]
              RenderImage {IMG} at (1,1) size 15x1
      RenderBlock {P} at (0,125) size 800x36
        RenderText {#text} at (20,0) size 730x36
          text run at (20,0) width 263: "Here's the first row in a table on its own. "
          text run at (282,0) width 468: "This table is width 100%; one rows; three columns; This row: widths 15,"
          text run at (20,18) width 48: "125, 15"
      RenderTable {TABLE} at (0,177) size 800x19 [border: (1px outset #808080)]
        RenderTableSection {TBODY} at (1,1) size 798x17
          RenderTableRow {TR} at (0,0) size 798x17
            RenderTableCell {TD} at (0,7) size 85x3 [bgcolor=#666666] [border: (1px inset #808080)] [r=0 c=0 rs=1 cs=1]
              RenderImage {IMG} at (1,1) size 15x1
            RenderTableCell {TD} at (84,0) size 630x17 [border: (1px inset #808080)] [r=0 c=1 rs=1 cs=1]
              RenderImage {IMG} at (1,1) size 110x15
            RenderTableCell {TD} at (713,7) size 86x3 [bgcolor=#666666] [border: (1px inset #808080)] [r=0 c=2 rs=1 cs=1]
              RenderImage {IMG} at (1,1) size 15x1
      RenderBlock {P} at (0,212) size 800x36
        RenderText {#text} at (20,0) size 749x36
          text run at (20,0) width 283: "Here's the second row in a table on its own. "
          text run at (302,0) width 467: "This table is width 100%; one rows; three columns; This row: widths 15,"
          text run at (20,18) width 62: "100%, 15"
      RenderTable {TABLE} at (0,264) size 800x22 [border: (1px outset #808080)]
        RenderTableSection {TBODY} at (1,1) size 798x20
          RenderTableRow {TR} at (0,0) size 798x20
            RenderTableCell {TD} at (0,8) size 17x4 [bgcolor=#666666] [border: (1px inset #808080)] [r=0 c=0 rs=1 cs=1]
              RenderImage {IMG} at (1,1) size 15x1
            RenderTableCell {TD} at (17,0) size 764x20 [border: (1px inset #808080)] [r=0 c=1 rs=1 cs=1]
              RenderText {#text} at (1,1) size 24x18
                text run at (1,1) width 24: "that"
            RenderTableCell {TD} at (781,8) size 17x4 [bgcolor=#666666] [border: (1px inset #808080)] [r=0 c=2 rs=1 cs=1]
              RenderImage {IMG} at (1,1) size 15x1
      RenderBlock {P} at (0,302) size 800x36
        RenderText {#text} at (20,0) size 742x36
          text run at (20,0) width 626: "Note that in Nav4.x, the middle column gets the width of the maximum width cell in the column; "
          text run at (645,0) width 117: "on 5.0, the middle"
          text run at (20,18) width 228: "column gets the opposite treatment."
