layer at (0,0) size 800x600
  RenderView at (0,0) size 800x600
layer at (0,0) size 800x501
  RenderBlock {HTML} at (0,0) size 800x502
    RenderBody {BODY} at (8,10) size 784x484
      RenderBlock {P} at (0,0) size 784x18
        RenderText {#text} at (0,0) size 415x18
          text run at (0,0) width 415: "There should be a 1mm (width) by 1mm (height) fuchsia square:"
      RenderBlock {DIV} at (0,28) size 4x4 [bgcolor=#FF00FF]
      RenderBlock {P} at (0,41) size 784x19
        RenderText {#text} at (0,0) size 416x18
          text run at (0,0) width 416: "There should be a 10mm (width) by 1mm (height) fuchsia stripe:"
      RenderBlock (floating) {DIV} at (0,69) size 4x5 [bgcolor=#FF00FF]
      RenderBlock (floating) {DIV} at (3,69) size 5x5 [bgcolor=#FF00FF]
      RenderBlock (floating) {DIV} at (7,69) size 5x5 [bgcolor=#FF00FF]
      RenderBlock (floating) {DIV} at (11,69) size 5x5 [bgcolor=#FF00FF]
      RenderBlock (floating) {DIV} at (15,69) size 4x5 [bgcolor=#FF00FF]
      RenderBlock (floating) {DIV} at (18,69) size 5x5 [bgcolor=#FF00FF]
      RenderBlock (floating) {DIV} at (22,69) size 5x5 [bgcolor=#FF00FF]
      RenderBlock (floating) {DIV} at (26,69) size 5x5 [bgcolor=#FF00FF]
      RenderBlock (floating) {DIV} at (30,69) size 4x5 [bgcolor=#FF00FF]
      RenderBlock (floating) {DIV} at (33,69) size 5x5 [bgcolor=#FF00FF]
      RenderBlock {P} at (0,73) size 784x19
        RenderText {#text} at (0,0) size 416x18
          text run at (0,0) width 416: "There should be a 10mm (width) by 10mm (height) olive square:"
      RenderBlock {DIV} at (0,101) size 38x39 [bgcolor=#808000]
      RenderBlock {P} at (0,149) size 784x19
        RenderText {#text} at (0,0) size 550x18
          text run at (0,0) width 550: "There should be a 1cm (width) by 1cm (height) orange square. So, same width above:"
      RenderBlock {DIV} at (0,177) size 38x39 [bgcolor=#FFA500]
      RenderBlock {P} at (0,225) size 784x19
        RenderText {#text} at (0,0) size 426x18
          text run at (0,0) width 426: "There should be a 2.54cm (width) by 2.54cm (height) gray square:"
      RenderBlock {DIV} at (0,253) size 96x97 [bgcolor=#808080]
      RenderBlock {P} at (0,359) size 784x19
        RenderText {#text} at (0,0) size 537x18
          text run at (0,0) width 537: "There should be a 1in (width) by 1in (height) blue square. So, same width as above:"
      RenderBlock {DIV} at (0,387) size 96x97 [bgcolor=#0000FF]
