layer at (0,0) size 800x600
  RenderView at (0,0) size 800x600
layer at (0,0) size 800x302
  RenderBlock {html} at (0,0) size 800x302
    RenderBody {body} at (8,16) size 784x278
      RenderBlock {p} at (0,0) size 784x24
        RenderTextControl {input} at (0,0) size 413x24 [bgcolor=#FFFFFF] [border: (2px inset #000000)]
      RenderBlock {p} at (0,40) size 784x18
        RenderText {#text} at (0,0) size 461x17
          text run at (0,0) width 461: "It should say \"PASSED\" above and there should be a green circle below."
      RenderBlock (anonymous) at (0,74) size 784x204
        RenderSVGRoot {svg} at (8,90) size 100x100
          RenderSVGEllipse {circle} at (8,90) size 100x100 [fill={[type=SOLID] [color=#008000]}] [cx=50.00] [cy=50.00] [r=50.00]
        RenderText {#text} at (0,0) size 0x0
        RenderText {#text} at (0,0) size 0x0
layer at (11,19) size 407x18
  RenderBlock {div} at (3,3) size 407x18
    RenderText {#text} at (0,0) size 146x17
      text run at (0,0) width 146: "This test has PASSED."
