layer at (0,0) size 800x600
  RenderView at (0,0) size 800x600
layer at (0,0) size 800x600
  RenderBlock {HTML} at (0,0) size 800x600
    RenderBody {BODY} at (8,8) size 784x584
      RenderBlock {P} at (0,0) size 784x36
        RenderText {#text} at (0,0) size 54x18
          text run at (0,0) width 54: "Test for "
        RenderInline {I} at (0,0) size 750x36
          RenderInline {A} at (53,0) size 156x18 [color=#0000EE]
            RenderText {#text} at (53,0) size 156x18
              text run at (53,0) width 156: "rdar://problem/6935192"
          RenderText {#text} at (0,0) size 750x36
            text run at (208,0) width 5: " "
            text run at (212,0) width 506: "REGRESSION (Safari 3-Safari 4): Scroll bars in key window draw as inactive "
            text run at (717,0) width 33: "if the"
            text run at (0,18) width 140: "WebView is not active"
        RenderText {#text} at (139,18) size 5x18
          text run at (139,18) width 5: "."
      RenderBlock (anonymous) at (0,52) size 784x463
        RenderListBox {SELECT} at (0,0) size 48x57 [bgcolor=#FFFFFF] [border: (1px inset #808080)]
        RenderText {#text} at (48,36) size 4x18
          text run at (48,36) width 4: " "
        RenderListBox {SELECT} at (52,0) size 48x57 [bgcolor=#FFFFFF] [border: (1px inset #808080)]
        RenderListBox {SELECT} at (100,0) size 48x57 [bgcolor=#FFFFFF] [border: (1px inset #808080)]
        RenderListBox {SELECT} at (148,0) size 48x57 [bgcolor=#FFFFFF] [border: (1px inset #808080)]
        RenderListBox {SELECT} at (196,0) size 48x57 [bgcolor=#FFFFFF] [border: (1px inset #808080)]
        RenderListBox {SELECT} at (244,0) size 48x57 [bgcolor=#FFFFFF] [border: (1px inset #808080)]
        RenderListBox {SELECT} at (292,0) size 48x57 [bgcolor=#FFFFFF] [border: (1px inset #808080)]
        RenderListBox {SELECT} at (340,0) size 48x57 [bgcolor=#FFFFFF] [border: (1px inset #808080)]
        RenderListBox {SELECT} at (388,0) size 48x57 [bgcolor=#FFFFFF] [border: (1px inset #808080)]
        RenderListBox {SELECT} at (436,0) size 48x57 [bgcolor=#FFFFFF] [border: (1px inset #808080)]
        RenderListBox {SELECT} at (484,0) size 48x57 [bgcolor=#FFFFFF] [border: (1px inset #808080)]
        RenderListBox {SELECT} at (532,0) size 48x57 [bgcolor=#FFFFFF] [border: (1px inset #808080)]
        RenderText {#text} at (0,0) size 0x0
        RenderBR {BR} at (580,36) size 0x18
        RenderText {#text} at (52,445) size 4x18
          text run at (52,445) width 4: " "
        RenderText {#text} at (0,0) size 0x0
        RenderText {#text} at (0,0) size 0x0
layer at (9,118) size 50x400 clip at (9,118) size 35x400 scrollHeight 600
  RenderBlock {DIV} at (1,58) size 50x400
    RenderBlock {DIV} at (0,0) size 35x600
layer at (65,118) size 50x400 clip at (65,118) size 35x400 scrollHeight 600
  RenderBlock {DIV} at (57,58) size 50x400
    RenderBlock {DIV} at (0,0) size 35x600
layer at (117,118) size 50x400 clip at (117,118) size 35x400 scrollHeight 600
  RenderBlock {DIV} at (109,58) size 50x400
    RenderBlock {DIV} at (0,0) size 35x600
layer at (169,118) size 50x400 clip at (169,118) size 35x400 scrollHeight 600
  RenderBlock {DIV} at (161,58) size 50x400
    RenderBlock {DIV} at (0,0) size 35x600
layer at (221,118) size 50x400 clip at (221,118) size 35x400 scrollHeight 600
  RenderBlock {DIV} at (213,58) size 50x400
    RenderBlock {DIV} at (0,0) size 35x600
layer at (273,118) size 50x400 clip at (273,118) size 35x400 scrollHeight 600
  RenderBlock {DIV} at (265,58) size 50x400
    RenderBlock {DIV} at (0,0) size 35x600
layer at (325,118) size 50x400 clip at (325,118) size 35x400 scrollHeight 600
  RenderBlock {DIV} at (317,58) size 50x400
    RenderBlock {DIV} at (0,0) size 35x600
layer at (377,118) size 50x400 clip at (377,118) size 35x400 scrollHeight 600
  RenderBlock {DIV} at (369,58) size 50x400
    RenderBlock {DIV} at (0,0) size 35x600
layer at (429,118) size 50x400 clip at (429,118) size 35x400 scrollHeight 600
  RenderBlock {DIV} at (421,58) size 50x400
    RenderBlock {DIV} at (0,0) size 35x600
layer at (481,118) size 50x400 clip at (481,118) size 35x400 scrollHeight 600
  RenderBlock {DIV} at (473,58) size 50x400
    RenderBlock {DIV} at (0,0) size 35x600
layer at (533,118) size 50x400 clip at (533,118) size 35x400 scrollHeight 600
  RenderBlock {DIV} at (525,58) size 50x400
    RenderBlock {DIV} at (0,0) size 35x600
layer at (585,118) size 50x400 clip at (585,118) size 35x400 scrollHeight 600
  RenderBlock {DIV} at (577,58) size 50x400
    RenderBlock {DIV} at (0,0) size 35x600
