layer at (0,0) size 800x600
  RenderView at (0,0) size 800x600
layer at (0,0) size 800x600
  RenderBlock {HTML} at (0,0) size 800x600
    RenderBody {BODY} at (8,8) size 776x584
      RenderBlock {P} at (0,0) size 72x584
        RenderText {#text} at (0,0) size 72x577
          text run at (0,0) width 544: "In this test, you should see three blocks that are centered vertically within a black box. "
          text run at (0,544) width 33: "They"
          text run at (18,0) width 498: "should be stacked horizontally with the green box in between two olive boxes. "
          text run at (18,498) width 60: "The olive"
          text run at (36,0) width 563: "boxes and the green box should be 100x100, and there should be 50 pixels of padding on"
          text run at (54,0) width 172: "either side of the box stack."
layer at (96,8) size 340x240
  RenderBlock (positioned) {DIV} at (96,8) size 340x240 [border: (20px solid #000000)]
    RenderBlock {DIV} at (70,70) size 0x50
layer at (216,78) size 100x100
  RenderBlock (positioned) {SPAN} at (120,70) size 100x100 [bgcolor=#008000]
layer at (116,78) size 100x100
  RenderBlock (positioned) {DIV} at (20,70) size 100x100 [bgcolor=#808000]
layer at (316,78) size 100x100
  RenderBlock (positioned) {DIV} at (220,70) size 100x100 [bgcolor=#808000]
