layer at (0,0) size 1630x585
  RenderView at (0,0) size 800x585
layer at (0,0) size 800x585
  RenderBlock {HTML} at (0,0) size 800x585
    RenderBody {BODY} at (8,8) size 784x569
layer at (8,8) size 1622x202
  RenderBlock (positioned) {DIV} at (8,8) size 1622x202
    RenderBlock {P} at (72,0) size 83x202
      RenderInline {A} at (0,0) size 83x166 [color=#0000EE]
        RenderText {#text} at (0,0) size 83x166
          text run at (0,0) width 166: "link 1"
    RenderBlock {P} at (227,0) size 83x202
      RenderInline {A} at (0,0) size 83x166 [color=#0000EE]
        RenderText {#text} at (0,0) size 83x166
          text run at (0,0) width 166: "link 2"
    RenderBlock {P} at (382,0) size 83x202
      RenderInline {A} at (0,0) size 83x166 [color=#0000EE]
        RenderText {#text} at (0,0) size 83x166
          text run at (0,0) width 166: "link 3"
    RenderBlock {P} at (537,0) size 83x202
      RenderInline {A} at (0,0) size 83x166 [color=#0000EE]
        RenderText {#text} at (0,0) size 83x166
          text run at (0,0) width 166: "link 4"
    RenderBlock {P} at (692,0) size 83x202
      RenderInline {A} at (0,0) size 83x166 [color=#0000EE]
        RenderText {#text} at (0,0) size 83x166
          text run at (0,0) width 166: "link 5"
    RenderBlock {P} at (847,0) size 83x202
      RenderInline {A} at (0,0) size 83x166 [color=#0000EE]
        RenderText {#text} at (0,0) size 83x166
          text run at (0,0) width 166: "link 6"
    RenderBlock {P} at (1002,0) size 83x202
      RenderInline {A} at (0,0) size 83x166 [color=#0000EE]
        RenderText {#text} at (0,0) size 83x166
          text run at (0,0) width 166: "link 7"
    RenderBlock {P} at (1157,0) size 83x202
      RenderInline {A} at (0,0) size 83x166 [color=#0000EE]
        RenderText {#text} at (0,0) size 83x166
          text run at (0,0) width 166: "link 8"
    RenderBlock {P} at (1312,0) size 83x202
      RenderInline {A} at (0,0) size 83x166 [color=#0000EE]
        RenderText {#text} at (0,0) size 83x166
          text run at (0,0) width 166: "link 9"
    RenderBlock {P} at (1467,0) size 83x202
      RenderInline {A} at (0,0) size 83x202 [color=#0000EE]
        RenderText {#text} at (0,0) size 83x202
          text run at (0,0) width 202: "link 10"
