layer at (0,0) size 800x2676
  RenderView at (0,0) size 800x600
layer at (0,0) size 800x2676
  RenderBlock {HTML} at (0,0) size 800x2676
    RenderBody {BODY} at (8,8) size 784x2660
      RenderBlock {DIV} at (5,0) size 774x200 [bgcolor=#C0C0C0]
      RenderBlock {DIV} at (5,205) size 774x200 [bgcolor=#C0C0C0]
      RenderBlock {DIV} at (5,410) size 774x200 [bgcolor=#C0C0C0]
      RenderBlock {DIV} at (5,615) size 774x200 [bgcolor=#C0C0C0]
      RenderBlock {DIV} at (5,820) size 774x200 [bgcolor=#C0C0C0]
      RenderBlock {DIV} at (5,1025) size 774x200 [bgcolor=#C0C0C0]
      RenderBlock {DIV} at (5,1230) size 774x200 [bgcolor=#C0C0C0]
      RenderBlock {DIV} at (5,1435) size 774x200 [bgcolor=#C0C0C0]
      RenderBlock {DIV} at (5,1640) size 774x200 [bgcolor=#C0C0C0]
      RenderBlock {DIV} at (5,1845) size 774x200 [bgcolor=#C0C0C0]
      RenderBlock {DIV} at (5,2050) size 774x200 [bgcolor=#C0C0C0]
      RenderBlock {DIV} at (5,2255) size 774x200 [bgcolor=#C0C0C0]
      RenderBlock {DIV} at (5,2460) size 774x200 [bgcolor=#C0C0C0]
layer at (100,60) size 304x304
  RenderBlock (positioned) {DIV} at (100,60) size 304x304 [bgcolor=#008000CC] [border: (2px solid #000000)]
    RenderText {#text} at (2,2) size 96x19
      text run at (2,2) width 96: "Take a survey!"
layer at (50,250) size 204x204
  RenderBlock (positioned) {DIV} at (50,250) size 204x204 [bgcolor=#008080CC] [border: (2px solid #000000)]
    RenderText {#text} at (2,2) size 180x19
      text run at (2,2) width 180: "This should go over the top."
scrolled to 0,200
