layer at (0,0) size 800x2225
  RenderView at (0,0) size 800x600
layer at (0,0) size 800x2225
  RenderBlock {HTML} at (0,0) size 800x2225
    RenderBody {BODY} at (8,8) size 784x2209
      RenderBlock (anonymous) at (0,0) size 784x159
        RenderText {#text} at (0,0) size 0x0
      RenderBlock {DIV} at (5,164) size 774x200 [bgcolor=#C0C0C0]
      RenderBlock {DIV} at (5,369) size 774x200 [bgcolor=#C0C0C0]
      RenderBlock {DIV} at (5,574) size 774x200 [bgcolor=#C0C0C0]
      RenderBlock {DIV} at (5,779) size 774x200 [bgcolor=#C0C0C0]
      RenderBlock {DIV} at (5,984) size 774x200 [bgcolor=#C0C0C0]
      RenderBlock {DIV} at (5,1189) size 774x200 [bgcolor=#C0C0C0]
      RenderBlock {DIV} at (5,1394) size 774x200 [bgcolor=#C0C0C0]
      RenderBlock {DIV} at (5,1599) size 774x200 [bgcolor=#C0C0C0]
      RenderBlock {DIV} at (5,1804) size 774x200 [bgcolor=#C0C0C0]
      RenderBlock {DIV} at (5,2009) size 774x200 [bgcolor=#C0C0C0]
layer at (8,8) size 304x154
  RenderIFrame {IFRAME} at (0,0) size 304x154 [border: (2px inset #000000)]
    layer at (0,0) size 300x831
      RenderView at (0,0) size 300x150
    layer at (0,0) size 300x831
      RenderBlock {HTML} at (0,0) size 300x831
        RenderBody {BODY} at (8,8) size 284x815
          RenderBlock {DIV} at (5,0) size 274x200 [bgcolor=#C0C0C0]
          RenderBlock {DIV} at (5,205) size 274x200 [bgcolor=#C0C0C0]
          RenderBlock {DIV} at (5,410) size 274x200 [bgcolor=#C0C0C0]
          RenderBlock {DIV} at (5,615) size 274x200 [bgcolor=#C0C0C0]
    layer at (5,5) size 290x140
      RenderBlock (positioned) {DIV} at (5,5) size 290x140 [bgcolor=#000000CC]
        RenderBlock {DIV} at (29,100) size 232x500 [bgcolor=#FFFFFF]
          RenderText {#text} at (0,0) size 57x19
            text run at (0,0) width 57: "Contents"
layer at (100,60) size 304x304
  RenderBlock (positioned) {DIV} at (100,60) size 304x304 [bgcolor=#008000CC] [border: (2px solid #000000)]
scrolled to 0,200
