layer at (0,0) size 800x2061
  RenderView at (0,0) size 800x600
layer at (0,0) size 800x2061
  RenderBlock {HTML} at (0,0) size 800x2061
    RenderBody {BODY} at (8,8) size 784x2045
      RenderBlock {DIV} at (5,0) size 774x200 [bgcolor=#C0C0C0]
      RenderBlock {DIV} at (5,205) size 774x200 [bgcolor=#C0C0C0]
      RenderBlock {DIV} at (5,410) size 774x200 [bgcolor=#C0C0C0]
      RenderBlock {DIV} at (5,615) size 774x200 [bgcolor=#C0C0C0]
      RenderBlock {DIV} at (5,820) size 774x200 [bgcolor=#C0C0C0]
      RenderBlock {DIV} at (5,1025) size 774x200 [bgcolor=#C0C0C0]
      RenderBlock {DIV} at (5,1230) size 774x200 [bgcolor=#C0C0C0]
      RenderBlock {DIV} at (5,1435) size 774x200 [bgcolor=#C0C0C0]
      RenderBlock {DIV} at (5,1640) size 774x200 [bgcolor=#C0C0C0]
      RenderBlock {DIV} at (5,1845) size 774x200 [bgcolor=#C0C0C0]
layer at (5,5) size 790x590
  RenderBlock (positioned) {DIV} at (5,5) size 790x590 [bgcolor=#000000CC]
    RenderBlock {DIV} at (79,100) size 632x500 [bgcolor=#FFFFFF]
      RenderText {#text} at (0,0) size 57x19
        text run at (0,0) width 57: "Contents"
scrolled to 0,200
