EDITING DELEGATE: shouldBeginEditingInDOMRange:range from 0 of DIV > BODY > HTML > #document to 3 of DIV > BODY > HTML > #document
EDITING DELEGATE: webViewDidBeginEditing:WebViewDidBeginEditingNotification
EDITING DELEGATE: webViewDidChangeSelection:WebViewDidChangeSelectionNotification
EDITING DELEGATE: shouldChangeSelectedDOMRange:range from 4 of UL > DIV > BODY > HTML > #document to 4 of UL > DIV > BODY > HTML > #document toDOMRange:range from 0 of LI > UL > UL > DIV > BODY > HTML > #document to 0 of LI > UL > UL > DIV > BODY > HTML > #document affinity:NSSelectionAffinityDownstream stillSelecting:FALSE
EDITING DELEGATE: webViewDidChangeSelection:WebViewDidChangeSelectionNotification
EDITING DELEGATE: webViewDidChange:WebViewDidChangeNotification
layer at (0,0) size 800x600
  RenderView at (0,0) size 800x600
layer at (0,0) size 800x600
  RenderBlock {HTML} at (0,0) size 800x600
    RenderBody {BODY} at (8,8) size 784x576
      RenderBlock {DIV} at (0,0) size 784x18
        RenderText {#text} at (0,0) size 380x18
          text run at (0,0) width 380: "This test uses the execCommand to Outdent the text below."
      RenderBlock (anonymous) at (0,18) size 784x18
        RenderBR {BR} at (0,0) size 0x18
      RenderBlock {DIV} at (0,52) size 784x54
        RenderBlock {UL} at (0,0) size 784x54
          RenderListItem {LI} at (40,0) size 744x18
            RenderListMarker at (-17,0) size 7x18: bullet
            RenderText {#text} at (0,0) size 25x18
              text run at (0,0) width 25: "Foo"
          RenderBlock {UL} at (40,18) size 744x18
            RenderListItem {LI} at (40,0) size 704x18
              RenderListMarker at (-17,0) size 7x18: white bullet
              RenderText {#text} at (0,0) size 24x18
                text run at (0,0) width 24: "Bar"
          RenderListItem {LI} at (40,36) size 744x18
            RenderListMarker at (-17,0) size 7x18: bullet
            RenderText {#text} at (0,0) size 25x18
              text run at (0,0) width 25: "Baz"
caret: position 0 of child 0 {#text} of child 0 {LI} of child 3 {UL} of child 1 {UL} of child 4 {DIV} of body
