EDITING DELEGATE: shouldBeginEditingInDOMRange:range from 0 of DIV > BODY > HTML > #document to 7 of DIV > BODY > HTML > #document
EDITING DELEGATE: webViewDidBeginEditing:WebViewDidBeginEditingNotification
EDITING DELEGATE: webViewDidChangeSelection:WebViewDidChangeSelectionNotification
EDITING DELEGATE: shouldChangeSelectedDOMRange:range from 1 of DIV > DIV > BODY > HTML > #document to 1 of DIV > DIV > BODY > HTML > #document toDOMRange:range from 0 of LI > OL > DIV > DIV > BODY > HTML > #document to 0 of LI > OL > DIV > DIV > BODY > HTML > #document affinity:NSSelectionAffinityDownstream stillSelecting:FALSE
EDITING DELEGATE: webViewDidChangeSelection:WebViewDidChangeSelectionNotification
EDITING DELEGATE: webViewDidChange:WebViewDidChangeNotification
EDITING DELEGATE: webViewDidChangeSelection:WebViewDidChangeSelectionNotification
EDITING DELEGATE: shouldChangeSelectedDOMRange:range from 3 of DIV > BODY > HTML > #document to 3 of DIV > BODY > HTML > #document toDOMRange:range from 0 of LI > OL > DIV > DIV > BODY > HTML > #document to 0 of LI > OL > DIV > DIV > BODY > HTML > #document affinity:NSSelectionAffinityDownstream stillSelecting:FALSE
EDITING DELEGATE: webViewDidChangeSelection:WebViewDidChangeSelectionNotification
EDITING DELEGATE: webViewDidChange:WebViewDidChangeNotification
EDITING DELEGATE: webViewDidChangeSelection:WebViewDidChangeSelectionNotification
EDITING DELEGATE: shouldChangeSelectedDOMRange:range from 4 of DIV > BODY > HTML > #document to 4 of DIV > BODY > HTML > #document toDOMRange:range from 0 of LI > OL > DIV > DIV > BODY > HTML > #document to 0 of LI > OL > DIV > DIV > BODY > HTML > #document affinity:NSSelectionAffinityDownstream stillSelecting:FALSE
EDITING DELEGATE: webViewDidChangeSelection:WebViewDidChangeSelectionNotification
EDITING DELEGATE: webViewDidChange:WebViewDidChangeNotification
layer at (0,0) size 800x600
  RenderView at (0,0) size 800x600
layer at (0,0) size 800x600
  RenderBlock {HTML} at (0,0) size 800x600
    RenderBody {BODY} at (8,8) size 784x576
      RenderBlock {P} at (0,0) size 784x18
        RenderText {#text} at (0,0) size 626x18
          text run at (0,0) width 626: "The three items below should be stitched together into one ordered list when you click the button."
      RenderBlock {DIV} at (0,34) size 784x54
        RenderBlock {DIV} at (0,0) size 784x54
          RenderBlock {OL} at (0,0) size 784x54
            RenderListItem {LI} at (40,0) size 744x18
              RenderListMarker at (-20,0) size 16x18: "1"
              RenderText {#text} at (0,0) size 22x18
                text run at (0,0) width 22: "foo"
            RenderListItem {LI} at (40,18) size 744x18
              RenderListMarker at (-20,0) size 16x18: "2"
              RenderText {#text} at (0,0) size 21x18
                text run at (0,0) width 21: "bar"
            RenderListItem {LI} at (40,36) size 744x18
              RenderListMarker at (-20,0) size 16x18: "3"
              RenderText {#text} at (0,0) size 23x18
                text run at (0,0) width 23: "baz"
caret: position 0 of child 0 {#text} of child 2 {LI} of child 0 {OL} of child 1 {DIV} of child 1 {DIV} of body
