layer at (0,0) size 800x600
  RenderView at (0,0) size 800x600
layer at (0,0) size 800x600
  RenderBlock {HTML} at (0,0) size 800x600
    RenderBody {BODY} at (8,8) size 784x584
layer at (8,8) size 173x90 clip at (18,18) size 153x70
  RenderBlock (floating) {DIV} at (0,0) size 174x90 [border: (10px solid #FF0000)]
    RenderImage {IMG} at (10,10) size 86x66
    RenderBlock {DIV} at (10,10) size 154x14
      RenderText {#text} at (92,0) size 7x14
        text run at (92,0) width 7: "x"
    RenderBlock {DIV} at (10,24) size 154x56
      RenderText {#text} at (92,0) size 51x56
        text run at (92,0) width 43: "Ted and"
        text run at (92,14) width 18: "the"
        text run at (92,28) width 51: "miniature"
        text run at (92,42) width 33: "Teddy"