layer at (0,0) size 800x600
  RenderView at (0,0) size 800x600
layer at (0,0) size 800x600
  RenderBlock {HTML} at (0,0) size 800x600
    RenderBody {BODY} at (8,8) size 784x584
      RenderBlock {FORM} at (0,0) size 784x30
        RenderMenuList {SELECT} at (0,0) size 112x30 [bgcolor=#FFFFFF] [border: (1px solid #000000)]
          RenderBlock (anonymous) at (1,1) size 110x28
            RenderText at (5,5) size 82x17
              text run at (5,5) width 82: "append cell"
        RenderText {#text} at (112,6) size 53x17
          text run at (112,6) width 53: "   tbody "
        RenderTextControl {INPUT} at (164,3) size 58x24 [bgcolor=#FFFFFF] [border: (2px inset #000000)]
        RenderText {#text} at (221,6) size 42x17
          text run at (221,6) width 42: "   row "
        RenderTextControl {INPUT} at (262,3) size 58x24 [bgcolor=#FFFFFF] [border: (2px inset #000000)]
        RenderText {#text} at (319,6) size 36x17
          text run at (319,6) width 36: "   col "
        RenderTextControl {INPUT} at (354,3) size 58x24 [bgcolor=#FFFFFF] [border: (2px inset #000000)]
        RenderText {#text} at (411,6) size 76x17
          text run at (411,6) width 76: "   row span "
        RenderTextControl {INPUT} at (486,3) size 58x24 [bgcolor=#FFFFFF] [border: (2px inset #000000)]
        RenderText {#text} at (543,6) size 69x17
          text run at (543,6) width 69: "   col span "
        RenderTextControl {INPUT} at (611,3) size 58x24 [bgcolor=#FFFFFF] [border: (2px inset #000000)]
        RenderText {#text} at (668,6) size 21x17
          text run at (668,6) width 21: "     "
        RenderButton {INPUT} at (688,2) size 51x27 [color=#000000CC] [bgcolor=#C0C0C0] [border: (2px outset #C0C0C0)]
          RenderBlock (anonymous) at (8,4) size 34x18
            RenderText at (0,0) size 34x17
              text run at (0,0) width 34: "Do It"
        RenderText {#text} at (0,0) size 0x0
      RenderBlock (anonymous) at (0,46) size 784x18
        RenderBR {BR} at (0,0) size 0x17
      RenderTable {TABLE} at (0,64) size 63x52 [bgcolor=#FFA500] [border: (1px outset #808080)]
        RenderTableSection {TBODY} at (1,1) size 61x50
          RenderTableRow {TR} at (0,2) size 61x22
            RenderTableCell {TD} at (2,2) size 28x22 [border: (1px inset #808080)] [r=0 c=0 rs=1 cs=1]
              RenderText {#text} at (2,2) size 23x17
                text run at (2,2) width 23: "c11"
          RenderTableRow {TR} at (0,26) size 61x22
            RenderTableCell {TD} at (2,26) size 28x22 [border: (1px inset #808080)] [r=1 c=0 rs=1 cs=1]
              RenderText {#text} at (2,2) size 24x17
                text run at (2,2) width 24: "c21"
            RenderTableCell {TD} at (31,26) size 28x22 [border: (1px inset #808080)] [r=1 c=1 rs=1 cs=1]
              RenderText {#text} at (2,2) size 24x17
                text run at (2,2) width 24: "c22"
      RenderBlock (anonymous) at (0,116) size 784x18
        RenderBR {BR} at (0,0) size 0x17
layer at (175,14) size 51x18
  RenderBlock {DIV} at (3,3) size 51x18
    RenderText {#text} at (0,0) size 9x17
      text run at (0,0) width 9: "0"
layer at (273,14) size 51x18
  RenderBlock {DIV} at (3,3) size 51x18
    RenderText {#text} at (0,0) size 9x17
      text run at (0,0) width 9: "0"
layer at (366,14) size 51x18
  RenderBlock {DIV} at (3,3) size 51x18
    RenderText {#text} at (0,0) size 9x17
      text run at (0,0) width 9: "0"
layer at (497,14) size 51x18
  RenderBlock {DIV} at (3,3) size 51x18
    RenderText {#text} at (0,0) size 9x17
      text run at (0,0) width 9: "1"
layer at (623,14) size 51x18
  RenderBlock {DIV} at (3,3) size 51x18
    RenderText {#text} at (0,0) size 9x17
      text run at (0,0) width 9: "1"
