layer at (0,0) size 800x600
  RenderView at (0,0) size 800x600
layer at (0,0) size 800x600
  RenderBlock {HTML} at (0,0) size 800x600
    RenderBody {BODY} at (8,8) size 784x584
      RenderBlock {H3} at (0,0) size 784x22
        RenderText {#text} at (0,0) size 194x22
          text run at (0,0) width 194: "With long hidden values"
      RenderTable {TABLE} at (0,40) size 198x64 [border: (1px solid #FF0000)]
        RenderTableSection {TBODY} at (1,1) size 196x61
          RenderTableRow {TR} at (0,2) size 196x55
            RenderTableCell {TD} at (2,2) size 192x55 [r=0 c=0 rs=1 cs=1]
              RenderBlock {FORM} at (1,1) size 190x37
                RenderTextControl {INPUT} at (0,0) size 98x19 [bgcolor=#FFFFFF] [border: (2px inset #000000)]
                RenderText {#text} at (97,0) size 5x18
                  text run at (97,0) width 5: " "
                RenderButton {INPUT} at (101,1) size 39x18 [color=#000000D8] [bgcolor=#C0C0C0] [border: none (2px outset #C0C0C0) none (2px outset #C0C0C0)]
                  RenderBlock (anonymous) at (8,2) size 22x13
                    RenderText at (0,0) size 22x13
                      text run at (0,0) width 22: " Go "
                RenderText {#text} at (0,0) size 0x0
                RenderBR {BR} at (139,0) size 1x18
                RenderText {#text} at (0,19) size 190x18
                  text run at (0,19) width 190: "Enter City Name or Zip Code"
          RenderTableRow {TR} at (0,59) size 196x0
      RenderBlock {H3} at (0,132) size 784x23
        RenderText {#text} at (0,0) size 201x22
          text run at (0,0) width 201: "With short hidden values"
      RenderTable {TABLE} at (0,173) size 198x64 [border: (1px solid #FF0000)]
        RenderTableSection {TBODY} at (1,1) size 196x61
          RenderTableRow {TR} at (0,2) size 196x55
            RenderTableCell {TD} at (2,2) size 192x55 [r=0 c=0 rs=1 cs=1]
              RenderBlock {FORM} at (1,1) size 190x37
                RenderTextControl {INPUT} at (0,0) size 98x19 [bgcolor=#FFFFFF] [border: (2px inset #000000)]
                RenderText {#text} at (97,0) size 5x18
                  text run at (97,0) width 5: " "
                RenderButton {INPUT} at (101,1) size 39x18 [color=#000000D8] [bgcolor=#C0C0C0] [border: none (2px outset #C0C0C0) none (2px outset #C0C0C0)]
                  RenderBlock (anonymous) at (8,2) size 22x13
                    RenderText at (0,0) size 22x13
                      text run at (0,0) width 22: " Go "
                RenderText {#text} at (0,0) size 0x0
                RenderBR {BR} at (139,0) size 1x18
                RenderText {#text} at (0,19) size 190x18
                  text run at (0,19) width 190: "Enter City Name or Zip Code"
          RenderTableRow {TR} at (0,59) size 196x0
layer at (15,56) size 92x13
  RenderBlock {DIV} at (3,3) size 92x13
layer at (8,120) size 784x2 clip at (0,0) size 0x0
  RenderBlock {HR} at (0,111) size 784x3 [border: (1px inset #000000)]
layer at (15,188) size 92x13
  RenderBlock {DIV} at (3,3) size 92x13
