layer at (0,0) size 800x600
  RenderView at (0,0) size 800x600
layer at (0,0) size 800x600
  RenderBlock {HTML} at (0,0) size 800x600
    RenderBody {BODY} at (8,8) size 784x584
      RenderBlock {DIV} at (0,0) size 179x452 [border: (1px solid #000000)]
        RenderInline {SPAN} at (0,0) size 177x418 [bgcolor=#808080] [border: (2px solid #000000)]
          RenderText {#text} at (3,19) size 50x114
            text run at (3,19) width 50: "  "
          RenderBR {BR} at (53,109) size 0x0
          RenderText {#text} at (1,169) size 125x114
            text run at (1,169) width 125: "     "
          RenderBR {BR} at (126,259) size 0x0
          RenderText {#text} at (1,319) size 175x114
            text run at (1,319) width 175: "       "
        RenderText {#text} at (0,0) size 0x0
      RenderText {#text} at (179,394) size 4x19
        text run at (179,394) width 4: " "
      RenderBlock {DIV} at (183,230) size 452x179 [border: (1px solid #000000)]
        RenderInline {SPAN} at (0,0) size 418x177 [bgcolor=#808080] [border: (2px solid #000000)]
          RenderText {#text} at (19,3) size 114x50
            text run at (19,3) width 50: "  "
          RenderBR {BR} at (109,53) size 0x0
          RenderText {#text} at (169,1) size 114x125
            text run at (169,1) width 125: "     "
          RenderBR {BR} at (259,126) size 0x0
          RenderText {#text} at (319,1) size 114x175
            text run at (319,1) width 175: "       "
        RenderText {#text} at (0,0) size 0x0
      RenderText {#text} at (0,0) size 0x0
