layer at (0,0) size 800x600
  RenderView at (0,0) size 800x600
layer at (0,0) size 800x600
  RenderBlock {HTML} at (0,0) size 800x600
    RenderBody {BODY} at (8,8) size 784x584
      RenderBlock {DIV} at (20,20) size 122x232 [border: (1px solid #000000)]
      RenderText {#text} at (162,257) size 4x19
        text run at (162,257) width 4: " "
      RenderText {#text} at (0,0) size 0x0
layer at (39,39) size 100x100
  RenderBlock {DIV} at (11,11) size 100x100 [bgcolor=#000000]
layer at (39,149) size 100x100
  RenderBlock {DIV} at (11,121) size 100x100 [bgcolor=#000000]
layer at (194,28) size 122x232
  RenderBlock {DIV} at (186,20) size 122x232 [border: (1px solid #000000)]
layer at (205,39) size 100x100
  RenderBlock {DIV} at (11,11) size 100x100 [bgcolor=#000000]
layer at (205,149) size 100x100
  RenderBlock {DIV} at (11,121) size 100x100 [bgcolor=#000000]
