layer at (0,0) size 800x600
  RenderView at (0,0) size 800x600
layer at (0,0) size 800x339
  RenderBlock {HTML} at (0,0) size 800x340
    RenderBody {BODY} at (5,5) size 790x329
      RenderTable {TABLE} at (0,0) size 461x328
        RenderTableSection {TBODY} at (0,0) size 461x328
          RenderTableRow {TR} at (0,1) size 461x14
            RenderTableCell {TH} at (1,1) size 64x14 [bgcolor=#DDDD99] [r=0 c=0 rs=1 cs=1]
              RenderText {#text} at (6,0) size 52x14
                text run at (6,0) width 52: "viewBox?"
            RenderTableCell {TH} at (66,1) size 112x14 [bgcolor=#DDDD99] [r=0 c=1 rs=1 cs=1]
              RenderText {#text} at (0,0) size 112x14
                text run at (0,0) width 112: "preserve\x{AD}Aspect\x{AD}Ratio"
            RenderTableCell {TH} at (179,1) size 140x14 [bgcolor=#DDDD99] [r=0 c=2 rs=1 cs=1]
              RenderText {#text} at (53,0) size 34x14
                text run at (53,0) width 34: "<img>"
            RenderTableCell {TH} at (320,1) size 140x14 [bgcolor=#DDDD99] [r=0 c=3 rs=1 cs=1]
              RenderText {#text} at (47,0) size 46x14
                text run at (47,0) width 46: "<object>"
          RenderTableRow {TR} at (0,16) size 461x38
            RenderTableCell {TH} at (1,86) size 64x14 [bgcolor=#DDDD99] [r=1 c=0 rs=4 cs=1]
              RenderText {#text} at (0,0) size 64x14
                text run at (0,0) width 64: "No viewBox"
            RenderTableCell {TH} at (66,35) size 112x0 [bgcolor=#DDDD99] [r=1 c=1 rs=1 cs=1]
            RenderTableCell {TD} at (179,16) size 140x38 [r=1 c=2 rs=1 cs=1]
              RenderImage {IMG} at (0,0) size 139x35 [border: (1.38px dashed #800000)]
              RenderText {#text} at (0,0) size 0x0
            RenderTableCell {TD} at (320,16) size 140x38 [r=1 c=3 rs=1 cs=1]
              RenderEmbeddedObject {OBJECT} at (0,0) size 139x35 [border: (1px dashed #008000)]
                layer at (0,0) size 133x29
                  RenderView at (0,0) size 133x29
                layer at (0,0) size 133x29
                  RenderSVGRoot {svg} at (0,0) size 133x29
                    RenderSVGEllipse {circle} at (0,0) size 133x29 [stroke={[type=SOLID] [color=#000000]}] [fill={[type=SOLID] [color=#D9BB7A] [fill rule=EVEN-ODD]}] [cx=110.00] [cy=110.00] [r=110.00]
              RenderText {#text} at (0,0) size 0x0
          RenderTableRow {TR} at (0,55) size 461x38
            RenderTableCell {TH} at (66,67) size 112x14 [bgcolor=#DDDD99] [r=2 c=1 rs=1 cs=1]
              RenderText {#text} at (42,0) size 28x14
                text run at (42,0) width 28: "none"
            RenderTableCell {TD} at (179,55) size 140x38 [r=2 c=2 rs=1 cs=1]
              RenderImage {IMG} at (0,0) size 139x35 [border: (1.38px dashed #800000)]
              RenderText {#text} at (0,0) size 0x0
            RenderTableCell {TD} at (320,55) size 140x38 [r=2 c=3 rs=1 cs=1]
              RenderEmbeddedObject {OBJECT} at (0,0) size 139x35 [border: (1px dashed #008000)]
                layer at (0,0) size 133x29
                  RenderView at (0,0) size 133x29
                layer at (0,0) size 133x29
                  RenderSVGRoot {svg} at (0,0) size 133x29
                    RenderSVGHiddenContainer {defs} at (0,0) size 0x0
                    RenderSVGContainer {g} at (0,0) size 133x29 [transform={m=((1.00,0.00)(0.00,1.00)) t=(-162.36,-403.29)}]
                      RenderSVGPath {path} at (0,0) size 133x29 [stroke={[type=SOLID] [color=#000000]}] [fill={[type=SOLID] [color=#D9BB7A] [fill rule=EVEN-ODD]}] [data="M 525.714 585.219 C 525.714 685.419 444.486 766.648 344.286 766.648 C 244.085 766.648 162.857 685.42 162.857 585.219 C 162.857 485.019 244.085 403.791 344.286 403.791 C 444.486 403.791 525.714 485.019 525.714 585.219 Z"]
              RenderText {#text} at (0,0) size 0x0
          RenderTableRow {TR} at (0,94) size 461x38
            RenderTableCell {TH} at (66,106) size 112x14 [bgcolor=#DDDD99] [r=3 c=1 rs=1 cs=1]
              RenderText {#text} at (43,0) size 26x14
                text run at (43,0) width 26: "meet"
            RenderTableCell {TD} at (179,94) size 140x38 [r=3 c=2 rs=1 cs=1]
              RenderImage {IMG} at (0,0) size 139x35 [border: (1.38px dashed #800000)]
              RenderText {#text} at (0,0) size 0x0
            RenderTableCell {TD} at (320,94) size 140x38 [r=3 c=3 rs=1 cs=1]
              RenderEmbeddedObject {OBJECT} at (0,0) size 139x35 [border: (1px dashed #008000)]
                layer at (0,0) size 133x29
                  RenderView at (0,0) size 133x29
                layer at (0,0) size 133x29
                  RenderSVGRoot {svg} at (0,0) size 133x29
                    RenderSVGHiddenContainer {defs} at (0,0) size 0x0
                    RenderSVGContainer {g} at (0,0) size 133x29 [transform={m=((1.00,0.00)(0.00,1.00)) t=(-162.36,-403.29)}]
                      RenderSVGPath {path} at (0,0) size 133x29 [stroke={[type=SOLID] [color=#000000]}] [fill={[type=SOLID] [color=#D9BB7A] [fill rule=EVEN-ODD]}] [data="M 525.714 585.219 C 525.714 685.419 444.486 766.648 344.286 766.648 C 244.085 766.648 162.857 685.42 162.857 585.219 C 162.857 485.019 244.085 403.791 344.286 403.791 C 444.486 403.791 525.714 485.019 525.714 585.219 Z"]
              RenderText {#text} at (0,0) size 0x0
          RenderTableRow {TR} at (0,133) size 461x38
            RenderTableCell {TH} at (66,145) size 112x14 [bgcolor=#DDDD99] [r=4 c=1 rs=1 cs=1]
              RenderText {#text} at (43,0) size 26x14
                text run at (43,0) width 26: "slice"
            RenderTableCell {TD} at (179,133) size 140x38 [r=4 c=2 rs=1 cs=1]
              RenderImage {IMG} at (0,0) size 139x35 [border: (1.38px dashed #800000)]
              RenderText {#text} at (0,0) size 0x0
            RenderTableCell {TD} at (320,133) size 140x38 [r=4 c=3 rs=1 cs=1]
              RenderEmbeddedObject {OBJECT} at (0,0) size 139x35 [border: (1px dashed #008000)]
                layer at (0,0) size 133x29
                  RenderView at (0,0) size 133x29
                layer at (0,0) size 133x29
                  RenderSVGRoot {svg} at (0,0) size 133x29
                    RenderSVGHiddenContainer {defs} at (0,0) size 0x0
                    RenderSVGContainer {g} at (0,0) size 133x29 [transform={m=((1.00,0.00)(0.00,1.00)) t=(-162.36,-403.29)}]
                      RenderSVGPath {path} at (0,0) size 133x29 [stroke={[type=SOLID] [color=#000000]}] [fill={[type=SOLID] [color=#D9BB7A] [fill rule=EVEN-ODD]}] [data="M 525.714 585.219 C 525.714 685.419 444.486 766.648 344.286 766.648 C 244.085 766.648 162.857 685.42 162.857 585.219 C 162.857 485.019 244.085 403.791 344.286 403.791 C 444.486 403.791 525.714 485.019 525.714 585.219 Z"]
              RenderText {#text} at (0,0) size 0x0
          RenderTableRow {TR} at (0,172) size 461x38
            RenderTableCell {TH} at (1,242) size 64x14 [bgcolor=#DDDD99] [r=5 c=0 rs=4 cs=1]
              RenderText {#text} at (9,0) size 46x14
                text run at (9,0) width 46: "viewBox"
            RenderTableCell {TH} at (66,191) size 112x0 [bgcolor=#DDDD99] [r=5 c=1 rs=1 cs=1]
            RenderTableCell {TD} at (179,172) size 140x38 [r=5 c=2 rs=1 cs=1]
              RenderImage {IMG} at (0,0) size 139x35 [border: (1.38px dashed #800000)]
              RenderText {#text} at (0,0) size 0x0
            RenderTableCell {TD} at (320,172) size 140x38 [r=5 c=3 rs=1 cs=1]
              RenderEmbeddedObject {OBJECT} at (0,0) size 139x35 [border: (1px dashed #008000)]
                layer at (0,0) size 133x29
                  RenderView at (0,0) size 133x29
                layer at (0,0) size 133x29
                  RenderSVGRoot {svg} at (52,0) size 22x22
                    RenderSVGHiddenContainer {defs} at (0,0) size 0x0
                    RenderSVGContainer {g} at (52,0) size 22x22 [transform={m=((1.00,0.00)(0.00,1.00)) t=(-162.36,-403.29)}]
                      RenderSVGPath {path} at (52,0) size 22x22 [stroke={[type=SOLID] [color=#000000]}] [fill={[type=SOLID] [color=#D9BB7A] [fill rule=EVEN-ODD]}] [data="M 525.714 585.219 C 525.714 685.419 444.486 766.648 344.286 766.648 C 244.085 766.648 162.857 685.42 162.857 585.219 C 162.857 485.019 244.085 403.791 344.286 403.791 C 444.486 403.791 525.714 485.019 525.714 585.219 Z"]
              RenderText {#text} at (0,0) size 0x0
          RenderTableRow {TR} at (0,211) size 461x38
            RenderTableCell {TH} at (66,223) size 112x14 [bgcolor=#DDDD99] [r=6 c=1 rs=1 cs=1]
              RenderText {#text} at (42,0) size 28x14
                text run at (42,0) width 28: "none"
            RenderTableCell {TD} at (179,211) size 140x38 [r=6 c=2 rs=1 cs=1]
              RenderImage {IMG} at (0,0) size 139x35 [border: (1.38px dashed #800000)]
              RenderText {#text} at (0,0) size 0x0
            RenderTableCell {TD} at (320,211) size 140x38 [r=6 c=3 rs=1 cs=1]
              RenderEmbeddedObject {OBJECT} at (0,0) size 139x35 [border: (1px dashed #008000)]
                layer at (0,0) size 133x29
                  RenderView at (0,0) size 133x29
                layer at (0,0) size 133x29
                  RenderSVGRoot {svg} at (0,0) size 97x22
                    RenderSVGHiddenContainer {defs} at (0,0) size 0x0
                    RenderSVGContainer {g} at (0,0) size 97x22 [transform={m=((1.00,0.00)(0.00,1.00)) t=(-162.36,-403.29)}]
                      RenderSVGPath {path} at (0,0) size 97x22 [stroke={[type=SOLID] [color=#000000]}] [fill={[type=SOLID] [color=#D9BB7A] [fill rule=EVEN-ODD]}] [data="M 525.714 585.219 C 525.714 685.419 444.486 766.648 344.286 766.648 C 244.085 766.648 162.857 685.42 162.857 585.219 C 162.857 485.019 244.085 403.791 344.286 403.791 C 444.486 403.791 525.714 485.019 525.714 585.219 Z"]
              RenderText {#text} at (0,0) size 0x0
          RenderTableRow {TR} at (0,250) size 461x38
            RenderTableCell {TH} at (66,262) size 112x14 [bgcolor=#DDDD99] [r=7 c=1 rs=1 cs=1]
              RenderText {#text} at (43,0) size 26x14
                text run at (43,0) width 26: "meet"
            RenderTableCell {TD} at (179,250) size 140x38 [r=7 c=2 rs=1 cs=1]
              RenderImage {IMG} at (0,0) size 139x35 [border: (1.38px dashed #800000)]
              RenderText {#text} at (0,0) size 0x0
            RenderTableCell {TD} at (320,250) size 140x38 [r=7 c=3 rs=1 cs=1]
              RenderEmbeddedObject {OBJECT} at (0,0) size 139x35 [border: (1px dashed #008000)]
                layer at (0,0) size 133x29
                  RenderView at (0,0) size 133x29
                layer at (0,0) size 133x29
                  RenderSVGRoot {svg} at (52,0) size 22x22
                    RenderSVGHiddenContainer {defs} at (0,0) size 0x0
                    RenderSVGContainer {g} at (52,0) size 22x22 [transform={m=((1.00,0.00)(0.00,1.00)) t=(-162.36,-403.29)}]
                      RenderSVGPath {path} at (52,0) size 22x22 [stroke={[type=SOLID] [color=#000000]}] [fill={[type=SOLID] [color=#D9BB7A] [fill rule=EVEN-ODD]}] [data="M 525.714 585.219 C 525.714 685.419 444.486 766.648 344.286 766.648 C 244.085 766.648 162.857 685.42 162.857 585.219 C 162.857 485.019 244.085 403.791 344.286 403.791 C 444.486 403.791 525.714 485.019 525.714 585.219 Z"]
              RenderText {#text} at (0,0) size 0x0
          RenderTableRow {TR} at (0,289) size 461x38
            RenderTableCell {TH} at (66,301) size 112x14 [bgcolor=#DDDD99] [r=8 c=1 rs=1 cs=1]
              RenderText {#text} at (43,0) size 26x14
                text run at (43,0) width 26: "slice"
            RenderTableCell {TD} at (179,289) size 140x38 [r=8 c=2 rs=1 cs=1]
              RenderImage {IMG} at (0,0) size 139x35 [border: (1.38px dashed #800000)]
              RenderText {#text} at (0,0) size 0x0
            RenderTableCell {TD} at (320,289) size 140x38 [r=8 c=3 rs=1 cs=1]
              RenderEmbeddedObject {OBJECT} at (0,0) size 139x35 [border: (1px dashed #008000)]
                layer at (0,0) size 133x29
                  RenderView at (0,0) size 133x29
                layer at (0,0) size 133x29
                  RenderSVGRoot {svg} at (0,0) size 97x29
                    RenderSVGHiddenContainer {defs} at (0,0) size 0x0
                    RenderSVGContainer {g} at (0,0) size 97x29 [transform={m=((1.00,0.00)(0.00,1.00)) t=(-162.36,-403.29)}]
                      RenderSVGPath {path} at (0,0) size 97x29 [stroke={[type=SOLID] [color=#000000]}] [fill={[type=SOLID] [color=#D9BB7A] [fill rule=EVEN-ODD]}] [data="M 525.714 585.219 C 525.714 685.419 444.486 766.648 344.286 766.648 C 244.085 766.648 162.857 685.42 162.857 585.219 C 162.857 485.019 244.085 403.791 344.286 403.791 C 444.486 403.791 525.714 485.019 525.714 585.219 Z"]
              RenderText {#text} at (0,0) size 0x0
