layer at (0,0) size 800x667
  RenderView at (0,0) size 800x600
layer at (0,0) size 800x667
  RenderBlock {html} at (0,0) size 800x667
    RenderBody {body} at (11,23) size 778x633
      RenderBlock {p} at (0,0) size 777x27 [color=#000080]
        RenderText {#text} at (0,0) size 588x26
          text run at (0,0) width 588: "There should be a blue circle with the word \"TEST\" in it below."
      RenderBlock (anonymous) at (0,50) size 777x583
        RenderSVGRoot {svg} at (11,73) size 577x577
          RenderSVGRect {rect} at (11,73) size 577x577 [fill={[type=SOLID] [color=#0000FF]}] [x=0.00] [y=0.00] [width=400.00] [height=400.00]
          RenderSVGEllipse {circle} at (11,73) size 577x577 [fill={[type=SOLID] [color=#000080]}] [cx=200.00] [cy=200.00] [r=200.00]
          RenderSVGForeignObject {foreignObject} at (0,175) size 400x50 [color=#FFFFFF]
            RenderBlock {div} at (0,0) size 400x59
              RenderText {#text} at (140,1) size 120x56
                text run at (140,1) width 120: "TEST"
        RenderText {#text} at (0,0) size 0x0
        RenderText {#text} at (0,0) size 0x0
        RenderText {#text} at (0,0) size 0x0
        RenderText {#text} at (0,0) size 0x0
