layer at (0,0) size 800x600
  RenderView at (0,0) size 800x600
layer at (0,0) size 800x435
  RenderBlock {html} at (0,0) size 800x436
    RenderBody {body} at (11,14) size 778x407
      RenderBlock {p} at (0,0) size 777x27 [color=#000080]
        RenderText {#text} at (0,0) size 659x26
          text run at (0,0) width 659: "The word \"TEST \" should appear twice below, the same size each time."
      RenderBlock (anonymous) at (0,41) size 777x179
        RenderSVGRoot {svg} at (11,55) size 577x174
          RenderSVGRect {rect} at (11,55) size 577x174 [transform={m=((10.00,0.00)(0.00,10.00)) t=(0.00,0.00)}] [fill={[type=SOLID] [color=#EEEEEE]}] [x=0.00] [y=0.00] [width=60.00] [height=12.00]
          RenderSVGForeignObject {foreignObject} at (0,0) size 60x10
            RenderBlock {div} at (0,0) size 60x13 [color=#000080]
              RenderText {#text} at (0,0) size 24x12
                text run at (0,0) width 24: "TEST"
        RenderText {#text} at (0,0) size 0x0
      RenderBlock {div} at (0,233) size 576x174 [color=#000080] [bgcolor=#EEEEEE]
        RenderText {#text} at (0,3) size 344x161
          text run at (0,3) width 344: "TEST"
