layer at (0,0) size 785x852
  RenderView at (0,0) size 785x600
layer at (0,0) size 785x852
  RenderBlock {HTML} at (0,0) size 785x852
    RenderBody {BODY} at (8,8) size 769x836
      RenderBlock {DIV} at (0,0) size 769x148
        RenderBlock {DIV} at (10,10) size 268x128
          RenderBlock {DIV} at (12,12) size 110x100 [bgcolor=#000000] [border: (20px solid #FFFFFF)]
          RenderText {#text} at (132,108) size 4x17
            text run at (132,108) width 4: " "
          RenderBlock {DIV} at (146,12) size 110x100 [bgcolor=#000000] [border: (20px double #FFFFFF)]
          RenderText {#text} at (0,0) size 0x0
        RenderText {#text} at (288,118) size 4x17
          text run at (288,118) width 4: " "
        RenderBlock {DIV} at (302,10) size 268x128 [bgcolor=#808080]
          RenderBlock {DIV} at (12,12) size 110x100 [bgcolor=#FFFFFF] [border: (20px solid #0000FF80)]
          RenderText {#text} at (132,108) size 4x17
            text run at (132,108) width 4: " "
          RenderBlock {DIV} at (146,12) size 110x100 [bgcolor=#FFFFFF] [border: (20px double #0000FF80)]
          RenderText {#text} at (0,0) size 0x0
        RenderText {#text} at (0,0) size 0x0
layer at (8,156) size 769x148
  RenderBlock {DIV} at (0,148) size 769x148
    RenderBlock {DIV} at (10,10) size 268x128
      RenderBlock {DIV} at (12,12) size 110x100 [bgcolor=#000000] [border: (20px solid #FFFFFF)]
      RenderText {#text} at (132,108) size 4x17
        text run at (132,108) width 4: " "
      RenderBlock {DIV} at (146,12) size 110x100 [bgcolor=#000000] [border: (20px double #FFFFFF)]
      RenderText {#text} at (0,0) size 0x0
    RenderText {#text} at (288,118) size 4x17
      text run at (288,118) width 4: " "
    RenderBlock {DIV} at (302,10) size 268x128 [bgcolor=#808080]
      RenderBlock {DIV} at (12,12) size 110x100 [bgcolor=#FFFFFF] [border: (20px solid #0000FF80)]
      RenderText {#text} at (132,108) size 4x17
        text run at (132,108) width 4: " "
      RenderBlock {DIV} at (146,12) size 110x100 [bgcolor=#FFFFFF] [border: (20px double #0000FF80)]
      RenderText {#text} at (0,0) size 0x0
    RenderText {#text} at (0,0) size 0x0
layer at (8,304) size 158x540
  RenderBlock {DIV} at (0,296) size 158x540
    RenderBlock {DIV} at (10,10) size 138x248
      RenderBlock {DIV} at (15,12) size 110x100 [bgcolor=#000000] [border: (20px solid #FFFFFF)]
      RenderText {#text} at (2,122) size 17x4
        text run at (2,122) width 4: " "
      RenderBlock {DIV} at (15,136) size 110x100 [bgcolor=#000000] [border: (20px double #FFFFFF)]
      RenderText {#text} at (0,0) size 0x0
    RenderText {#text} at (12,268) size 17x4
      text run at (12,268) width 4: " "
    RenderBlock {DIV} at (10,282) size 138x248 [bgcolor=#808080]
      RenderBlock {DIV} at (15,12) size 110x100 [bgcolor=#FFFFFF] [border: (20px solid #0000FF80)]
      RenderText {#text} at (2,122) size 17x4
        text run at (2,122) width 4: " "
      RenderBlock {DIV} at (15,136) size 110x100 [bgcolor=#FFFFFF] [border: (20px double #0000FF80)]
      RenderText {#text} at (0,0) size 0x0
    RenderText {#text} at (0,0) size 0x0
