layer at (0,0) size 800x600
  RenderView at (0,0) size 800x600
layer at (0,0) size 800x212
  RenderBlock {HTML} at (0,0) size 800x212
    RenderBody {BODY} at (8,8) size 784x196
      RenderTextControl {INPUT} at (2,2) size 208x24 [bgcolor=#FFFFFF] [border: (2px inset #000000)]
        RenderFlexibleBox {DIV} at (3,3) size 202x18
          RenderBlock {DIV} at (0,9) size 0x0
          RenderBlock {DIV} at (0,0) size 186x18
      RenderBR {BR} at (212,5) size 0x17
      RenderTextControl {INPUT} at (2,30) size 208x24 [bgcolor=#FFFFFF] [border: (2px inset #000000)]
        RenderFlexibleBox {DIV} at (3,3) size 202x18
          RenderBlock {DIV} at (0,9) size 0x0
          RenderBlock {DIV} at (0,0) size 186x18
      RenderBR {BR} at (212,33) size 0x17
      RenderTextControl {INPUT} at (2,58) size 224x24 [bgcolor=#FFFFFF] [border: (2px inset #000000)]
        RenderFlexibleBox {DIV} at (3,3) size 218x18
          RenderBlock {DIV} at (16,0) size 186x18
      RenderBR {BR} at (228,61) size 0x17
      RenderTextControl {INPUT} at (2,86) size 224x24 [bgcolor=#FFFFFF] [border: (2px inset #000000)]
        RenderFlexibleBox {DIV} at (3,3) size 218x18
          RenderBlock {DIV} at (16,0) size 186x18
      RenderBR {BR} at (228,89) size 0x17
      RenderTextControl {INPUT} at (2,114) size 224x24 [bgcolor=#FFFFFF] [border: (2px inset #000000)]
        RenderFlexibleBox {DIV} at (3,3) size 218x18
          RenderBlock {DIV} at (16,0) size 186x18
      RenderBR {BR} at (228,117) size 0x17
      RenderTextControl {INPUT} at (2,142) size 224x24 [bgcolor=#FFFFFF] [border: (2px inset #000000)]
        RenderFlexibleBox {DIV} at (3,3) size 218x18
          RenderBlock {DIV} at (16,0) size 186x18
      RenderBR {BR} at (228,145) size 0x17
      RenderTextControl {INPUT} at (2,170) size 404x24 [bgcolor=#FFFFFF] [border: (2px inset #000000)]
        RenderFlexibleBox {DIV} at (3,3) size 398x18
          RenderBlock {DIV} at (16,0) size 366x18
      RenderText {#text} at (0,0) size 0x0
layer at (13,13) size 186x18
  RenderBlock {DIV} at (0,0) size 186x18
layer at (13,41) size 186x18
  RenderBlock {DIV} at (0,0) size 186x18
    RenderText {#text} at (0,0) size 180x17
      text run at (0,0) width 180: "12345678901234567890"
layer at (29,69) size 186x18
  RenderBlock {DIV} at (0,0) size 186x18
layer at (29,97) size 186x18
  RenderBlock {DIV} at (0,0) size 186x18
    RenderText {#text} at (0,0) size 180x17
      text run at (0,0) width 180: "12345678901234567890"
layer at (29,125) size 186x18
  RenderBlock {DIV} at (0,0) size 186x18
layer at (29,153) size 186x18
  RenderBlock {DIV} at (0,0) size 186x18
    RenderText {#text} at (0,0) size 180x17
      text run at (0,0) width 180: "12345678901234567890"
layer at (29,181) size 366x18
  RenderBlock {DIV} at (0,0) size 366x18
    RenderText {#text} at (0,0) size 360x17
      text run at (0,0) width 360: "1234567890123456789012345678901234567890"
layer at (199,42) size 16x16
  RenderBlock {DIV} at (186,1) size 16x16 [bgcolor=#000000]
layer at (13,70) size 16x16
  RenderBlock {DIV} at (0,1) size 16x16 [bgcolor=#000000]
layer at (13,98) size 16x16
  RenderBlock {DIV} at (0,1) size 16x16 [bgcolor=#000000]
layer at (215,98) size 16x16
  RenderBlock {DIV} at (202,1) size 16x16 [bgcolor=#000000]
layer at (13,126) size 16x16
  RenderBlock {DIV} at (0,1) size 16x16 [bgcolor=#000000]
layer at (13,154) size 16x16
  RenderBlock {DIV} at (0,1) size 16x16 [bgcolor=#000000]
layer at (215,154) size 16x16
  RenderBlock {DIV} at (202,1) size 16x16 [bgcolor=#000000]
layer at (13,182) size 16x16
  RenderBlock {DIV} at (0,1) size 16x16 [bgcolor=#000000]
layer at (395,182) size 16x16
  RenderBlock {DIV} at (382,1) size 16x16 [bgcolor=#000000]
