layer at (0,0) size 800x600
  RenderView at (0,0) size 800x600
layer at (0,0) size 800x600
  RenderBlock {HTML} at (0,0) size 800x600
    RenderBody {BODY} at (8,8) size 784x584
      RenderBlock (anonymous) at (0,0) size 784x18
        RenderText {#text} at (0,0) size 197x18
          text run at (0,0) width 197: "Both columns should be 200px"
      RenderTable {TABLE} at (0,18) size 408x28 [bgcolor=#FFA500] [border: (1px outset #808080)]
        RenderTableCol {COLGROUP} at (0,0) size 0x0
        RenderTableSection {TBODY} at (1,1) size 406x26
          RenderTableRow {TR} at (0,2) size 406x22
            RenderTableCell {TD} at (2,2) size 200x22 [border: (1px inset #808080)] [r=0 c=0 rs=1 cs=1]
              RenderText {#text} at (2,2) size 23x18
                text run at (2,2) width 23: "c11"
            RenderTableCell {TD} at (204,2) size 200x22 [border: (1px inset #808080)] [r=0 c=1 rs=1 cs=1]
              RenderText {#text} at (2,2) size 23x18
                text run at (2,2) width 23: "c12"
      RenderBlock (anonymous) at (0,46) size 784x36
        RenderBR {BR} at (0,0) size 0x18
        RenderText {#text} at (0,18) size 197x18
          text run at (0,18) width 197: "Both columns should be 200px"
      RenderTable {TABLE} at (0,82) size 62x28 [bgcolor=#FFA500] [border: (1px outset #808080)]
        RenderTableCol {COLGROUP} at (0,0) size 0x0
          RenderTableCol {COL} at (0,0) size 0x0
        RenderTableSection {TBODY} at (1,1) size 60x26
          RenderTableRow {TR} at (0,2) size 60x22
            RenderTableCell {TD} at (2,2) size 27x22 [border: (1px inset #808080)] [r=0 c=0 rs=1 cs=1]
              RenderText {#text} at (2,2) size 23x18
                text run at (2,2) width 23: "c11"
            RenderTableCell {TD} at (31,2) size 27x22 [border: (1px inset #808080)] [r=0 c=1 rs=1 cs=1]
              RenderText {#text} at (2,2) size 23x18
                text run at (2,2) width 23: "c12"
      RenderBlock (anonymous) at (0,110) size 784x36
        RenderBR {BR} at (0,0) size 0x18
        RenderText {#text} at (0,18) size 197x18
          text run at (0,18) width 197: "Both columns should be 200px"
      RenderTable {TABLE} at (0,146) size 408x28 [bgcolor=#FFA500] [border: (1px outset #808080)]
        RenderTableCol {COLGROUP} at (0,0) size 0x0
          RenderTableCol {COL} at (0,0) size 0x0
        RenderTableSection {TBODY} at (1,1) size 406x26
          RenderTableRow {TR} at (0,2) size 406x22
            RenderTableCell {TD} at (2,2) size 200x22 [border: (1px inset #808080)] [r=0 c=0 rs=1 cs=1]
              RenderText {#text} at (2,2) size 23x18
                text run at (2,2) width 23: "c11"
            RenderTableCell {TD} at (204,2) size 200x22 [border: (1px inset #808080)] [r=0 c=1 rs=1 cs=1]
              RenderText {#text} at (2,2) size 23x18
                text run at (2,2) width 23: "c12"
      RenderBlock (anonymous) at (0,174) size 784x18
        RenderBR {BR} at (0,0) size 0x18
