layer at (0,0) size 800x600
  RenderView at (0,0) size 800x600
layer at (0,0) size 800x420
  RenderBlock {html} at (0,0) size 800x420
    RenderBody {body} at (8,8) size 784x404
      RenderBlock {div} at (0,0) size 200x200 [color=#FFFF00] [bgcolor=#FF0000]
        RenderText {#text} at (0,0) size 35x18
          text run at (0,0) width 35: "FAIL"
      RenderBlock (anonymous) at (0,200) size 784x204
        RenderText {#text} at (0,0) size 0x0
layer at (8,208) size 200x200
  RenderSVGRoot {svg} at (0,0) size 200x200
layer at (8,208) size 200x200
  RenderSVGViewportContainer at (0,0) size 200x200
layer at (58,258) size 100x100
  RenderSVGEllipse {circle} at (50,50) size 100x100 [fill={[type=SOLID] [color=#008000]}] [cx=100.00] [cy=100.00] [r=50.00]
layer at (8,208) size 200x200 scrollWidth 208 scrollHeight 208
  RenderSVGForeignObject {foreignObject} at (0,0) size 200x200
layer at (16,216) size 200x200 backgroundClip at (0,208) size 149.42x282.83 clip at (0,208) size 149.42x282.83
  RenderBlock (positioned) {div} at (8,8) size 200x200 [bgcolor=#FFFFFF]
    RenderText {#text} at (0,0) size 194x54
      text run at (0,0) width 194: "There should be a green circle"
      text run at (0,18) width 164: "below with no red on this"
      text run at (0,36) width 35: "page."
