layer at (0,0) size 800x600
  RenderView at (0,0) size 800x600
layer at (0,0) size 800x600
  RenderBlock {HTML} at (0,0) size 800x600
    RenderBody {BODY} at (8,8) size 784x584
      RenderBlock {P} at (0,0) size 784x40
        RenderText {#text} at (0,0) size 54x19
          text run at (0,0) width 54: "Test for "
        RenderInline {I} at (0,0) size 784x39
          RenderInline {A} at (0,0) size 305x19 [color=#0000EE]
            RenderText {#text} at (53,0) size 305x19
              text run at (53,0) width 305: "http://bugs.webkit.org/show_bug.cgi?id=13759"
          RenderText {#text} at (357,0) size 784x39
            text run at (357,0) width 5: " "
            text run at (361,0) width 423: "REGRESSION (r20182-r20184): Incorrect rendering of multipart"
            text run at (0,20) width 46: "images"
        RenderText {#text} at (45,20) size 5x19
          text run at (45,20) width 5: "."
      RenderBlock {P} at (0,56) size 784x20
        RenderText {#text} at (0,0) size 288x19
          text run at (0,0) width 288: "There should be a bright green square below."
      RenderBlock (anonymous) at (0,92) size 784x100
        RenderImage {IMG} at (0,0) size 100x100
        RenderText {#text} at (0,0) size 0x0
