layer at (0,0) size 785x1065
  RenderView at (0,0) size 785x600
layer at (0,0) size 785x1065
  RenderBlock {HTML} at (0,0) size 785x1065
    RenderBody {BODY} at (8,8) size 769x584
      RenderBlock (floating) {DIV} at (0,0) size 352x829 [border: (1px solid #FF0000)]
        RenderBlock (anonymous) at (1,1) size 350x14
          RenderText {#text} at (0,-2) size 179x17
            text run at (0,-2) width 179: "Plain textarea with little content"
        RenderBlock {DIV} at (1,15) size 352x41 [border: (1px solid #FF0000)]
          RenderText {#text} at (1,24) size 14x17
            text run at (1,24) width 14: "A "
          RenderText {#text} at (179,24) size 14x17
            text run at (179,24) width 14: " B"
        RenderBlock (anonymous) at (1,56) size 350x14
          RenderText {#text} at (0,-2) size 77x17
            text run at (0,-2) width 77: "Plain textarea"
        RenderBlock {DIV} at (1,70) size 352x41 [border: (1px solid #FF0000)]
          RenderText {#text} at (1,24) size 14x17
            text run at (1,24) width 14: "A "
          RenderText {#text} at (179,24) size 14x17
            text run at (179,24) width 14: " B"
        RenderBlock (anonymous) at (1,111) size 350x14
          RenderText {#text} at (0,-2) size 98x17
            text run at (0,-2) width 98: "Disabled textarea"
        RenderBlock {DIV} at (1,125) size 352x41 [border: (1px solid #FF0000)]
          RenderText {#text} at (1,24) size 14x17
            text run at (1,24) width 14: "A "
          RenderText {#text} at (179,24) size 14x17
            text run at (179,24) width 14: " B"
        RenderBlock (anonymous) at (1,166) size 350x14
          RenderText {#text} at (0,-2) size 123x17
            text run at (0,-2) width 123: "style=\"padding:10px\""
        RenderBlock {DIV} at (1,180) size 352x57 [border: (1px solid #FF0000)]
          RenderText {#text} at (1,40) size 14x17
            text run at (1,40) width 14: "A "
          RenderText {#text} at (195,40) size 14x17
            text run at (195,40) width 14: " B"
        RenderBlock (anonymous) at (1,237) size 350x14
          RenderText {#text} at (0,-2) size 116x17
            text run at (0,-2) width 116: "style=\"padding:0px\""
        RenderBlock {DIV} at (1,251) size 352x37 [border: (1px solid #FF0000)]
          RenderText {#text} at (1,20) size 14x17
            text run at (1,20) width 14: "A "
          RenderText {#text} at (175,20) size 14x17
            text run at (175,20) width 14: " B"
        RenderBlock (anonymous) at (1,288) size 350x14
          RenderText {#text} at (0,-2) size 118x17
            text run at (0,-2) width 118: "style=\"margin:10px\""
        RenderBlock {DIV} at (1,302) size 352x57 [border: (1px solid #FF0000)]
          RenderText {#text} at (1,40) size 14x17
            text run at (1,40) width 14: "A "
          RenderText {#text} at (195,40) size 14x17
            text run at (195,40) width 14: " B"
        RenderBlock (anonymous) at (1,359) size 350x14
          RenderText {#text} at (0,-2) size 111x17
            text run at (0,-2) width 111: "style=\"margin:0px\""
        RenderBlock {DIV} at (1,373) size 352x37 [border: (1px solid #FF0000)]
          RenderText {#text} at (1,20) size 14x17
            text run at (1,20) width 14: "A "
          RenderText {#text} at (175,20) size 14x17
            text run at (175,20) width 14: " B"
        RenderBlock (anonymous) at (1,410) size 350x14
          RenderText {#text} at (0,-2) size 38x17
            text run at (0,-2) width 38: "cols=3"
        RenderBlock {DIV} at (1,424) size 352x41 [border: (1px solid #FF0000)]
          RenderText {#text} at (1,24) size 14x17
            text run at (1,24) width 14: "A "
          RenderText {#text} at (60,24) size 14x17
            text run at (60,24) width 14: " B"
        RenderBlock (anonymous) at (1,465) size 350x14
          RenderText {#text} at (0,-2) size 43x17
            text run at (0,-2) width 43: "rows=3"
        RenderBlock {DIV} at (1,479) size 352x54 [border: (1px solid #FF0000)]
          RenderText {#text} at (1,37) size 14x17
            text run at (1,37) width 14: "A "
          RenderText {#text} at (179,37) size 14x17
            text run at (179,37) width 14: " B"
        RenderBlock (anonymous) at (1,533) size 350x14
          RenderText {#text} at (0,-2) size 45x17
            text run at (0,-2) width 45: "cols=10"
        RenderBlock {DIV} at (1,547) size 352x41 [border: (1px solid #FF0000)]
          RenderText {#text} at (1,24) size 14x17
            text run at (1,24) width 14: "A "
          RenderText {#text} at (109,24) size 14x17
            text run at (109,24) width 14: " B"
        RenderBlock (anonymous) at (1,588) size 350x14
          RenderText {#text} at (0,-2) size 50x17
            text run at (0,-2) width 50: "rows=10"
        RenderBlock {DIV} at (1,602) size 352x145 [border: (1px solid #FF0000)]
          RenderText {#text} at (1,128) size 14x17
            text run at (1,128) width 14: "A "
          RenderText {#text} at (179,128) size 14x17
            text run at (179,128) width 14: " B"
        RenderBlock (anonymous) at (1,747) size 350x14
          RenderText {#text} at (0,-2) size 84x17
            text run at (0,-2) width 84: "cols=5 rows=4"
        RenderBlock {DIV} at (1,761) size 352x67 [border: (1px solid #FF0000)]
          RenderText {#text} at (1,50) size 14x17
            text run at (1,50) width 14: "A "
          RenderText {#text} at (74,50) size 14x17
            text run at (74,50) width 14: " B"
      RenderBlock (floating) {DIV} at (352,0) size 352x1057 [border: (1px solid #FF0000)]
        RenderBlock (anonymous) at (1,1) size 350x14
          RenderText {#text} at (0,-2) size 110x17
            text run at (0,-2) width 110: "style=\"width:60px\""
        RenderBlock {DIV} at (1,15) size 352x41 [border: (1px solid #FF0000)]
          RenderText {#text} at (1,24) size 14x17
            text run at (1,24) width 14: "A "
          RenderText {#text} at (74,24) size 14x17
            text run at (74,24) width 14: " B"
        RenderBlock (anonymous) at (1,56) size 350x14
          RenderText {#text} at (0,-2) size 191x17
            text run at (0,-2) width 191: "style=\"width:60px;padding:20px\""
        RenderBlock {DIV} at (1,70) size 352x77 [border: (1px solid #FF0000)]
          RenderText {#text} at (1,60) size 14x17
            text run at (1,60) width 14: "A "
          RenderText {#text} at (74,60) size 14x17
            text run at (74,60) width 14: " B"
        RenderBlock (anonymous) at (1,147) size 350x14
          RenderText {#text} at (0,-2) size 170x17
            text run at (0,-2) width 170: "style=\"width:60px;padding:0\""
        RenderBlock {DIV} at (1,161) size 352x37 [border: (1px solid #FF0000)]
          RenderText {#text} at (1,20) size 14x17
            text run at (1,20) width 14: "A "
          RenderText {#text} at (74,20) size 14x17
            text run at (74,20) width 14: " B"
        RenderBlock (anonymous) at (1,198) size 350x14
          RenderText {#text} at (0,-2) size 113x17
            text run at (0,-2) width 113: "style=\"height:60px\""
        RenderBlock {DIV} at (1,212) size 352x65 [border: (1px solid #FF0000)]
          RenderText {#text} at (1,48) size 14x17
            text run at (1,48) width 14: "A "
          RenderText {#text} at (179,48) size 14x17
            text run at (179,48) width 14: " B"
        RenderBlock (anonymous) at (1,277) size 350x14
          RenderText {#text} at (0,-2) size 181x17
            text run at (0,-2) width 181: "style=\"width:60px;height:60px\""
        RenderBlock {DIV} at (1,291) size 352x65 [border: (1px solid #FF0000)]
          RenderText {#text} at (1,48) size 14x17
            text run at (1,48) width 14: "A "
          RenderText {#text} at (74,48) size 14x17
            text run at (74,48) width 14: " B"
        RenderBlock (anonymous) at (1,356) size 350x14
          RenderText {#text} at (0,-2) size 138x17
            text run at (0,-2) width 138: "style=\"overflow:hidden\""
        RenderBlock {DIV} at (1,370) size 352x41 [border: (1px solid #FF0000)]
          RenderText {#text} at (1,24) size 14x17
            text run at (1,24) width 14: "A "
          RenderText {#text} at (179,24) size 14x17
            text run at (179,24) width 14: " B"
        RenderBlock (anonymous) at (1,411) size 350x14
          RenderText {#text} at (0,-2) size 131x17
            text run at (0,-2) width 131: "style=\"overflow:scroll\""
        RenderBlock {DIV} at (1,425) size 352x56 [border: (1px solid #FF0000)]
          RenderText {#text} at (1,39) size 14x17
            text run at (1,39) width 14: "A "
          RenderText {#text} at (179,39) size 14x17
            text run at (179,39) width 14: " B"
        RenderBlock (anonymous) at (1,481) size 350x14
          RenderText {#text} at (0,-2) size 276x17
            text run at (0,-2) width 276: "style=\"overflow:hidden;width:60px;height:60px\""
        RenderBlock {DIV} at (1,495) size 352x65 [border: (1px solid #FF0000)]
          RenderText {#text} at (1,48) size 14x17
            text run at (1,48) width 14: "A "
          RenderText {#text} at (74,48) size 14x17
            text run at (74,48) width 14: " B"
        RenderBlock (anonymous) at (1,560) size 350x14
          RenderText {#text} at (0,-2) size 269x17
            text run at (0,-2) width 269: "style=\"overflow:scroll;width:60px;height:60px\""
        RenderBlock {DIV} at (1,574) size 352x65 [border: (1px solid #FF0000)]
          RenderText {#text} at (1,48) size 14x17
            text run at (1,48) width 14: "A "
          RenderText {#text} at (74,48) size 14x17
            text run at (74,48) width 14: " B"
        RenderBlock (anonymous) at (1,639) size 350x14
          RenderText {#text} at (0,-2) size 222x17
            text run at (0,-2) width 222: "cols=5 style=\"width:60px;height:60px\""
        RenderBlock {DIV} at (1,653) size 352x65 [border: (1px solid #FF0000)]
          RenderText {#text} at (1,48) size 14x17
            text run at (1,48) width 14: "A "
          RenderText {#text} at (74,48) size 14x17
            text run at (74,48) width 14: " B"
        RenderBlock (anonymous) at (1,718) size 350x14
          RenderText {#text} at (0,-2) size 226x17
            text run at (0,-2) width 226: "rows=4 style=\"width:60px;height:60px\""
        RenderBlock {DIV} at (1,732) size 352x65 [border: (1px solid #FF0000)]
          RenderText {#text} at (1,48) size 14x17
            text run at (1,48) width 14: "A "
          RenderText {#text} at (74,48) size 14x17
            text run at (74,48) width 14: " B"
        RenderBlock (anonymous) at (1,797) size 350x14
          RenderText {#text} at (0,-2) size 267x17
            text run at (0,-2) width 267: "cols=5 rows=4 style=\"width:60px;height:60px\""
        RenderBlock {DIV} at (1,811) size 352x65 [border: (1px solid #FF0000)]
          RenderText {#text} at (1,48) size 14x17
            text run at (1,48) width 14: "A "
          RenderText {#text} at (74,48) size 14x17
            text run at (74,48) width 14: " B"
        RenderBlock (anonymous) at (1,876) size 350x14
          RenderText {#text} at (0,-2) size 64x17
            text run at (0,-2) width 64: "wrap=\"off\""
        RenderBlock {DIV} at (1,890) size 352x56 [border: (1px solid #FF0000)]
          RenderText {#text} at (1,39) size 14x17
            text run at (1,39) width 14: "A "
          RenderText {#text} at (179,39) size 14x17
            text run at (179,39) width 5: " "
            text run at (183,39) width 10: "B"
        RenderBlock (anonymous) at (1,946) size 350x14
          RenderText {#text} at (0,-2) size 73x17
            text run at (0,-2) width 73: "wrap=\"hard\""
        RenderBlock {DIV} at (1,960) size 352x41 [border: (1px solid #FF0000)]
          RenderText {#text} at (1,24) size 14x17
            text run at (1,24) width 14: "A "
          RenderText {#text} at (179,24) size 14x17
            text run at (179,24) width 5: " "
            text run at (183,24) width 10: "B"
        RenderBlock (anonymous) at (1,1001) size 350x14
          RenderText {#text} at (0,-2) size 69x17
            text run at (0,-2) width 69: "wrap=\"soft\""
        RenderBlock {DIV} at (1,1015) size 352x41 [border: (1px solid #FF0000)]
          RenderText {#text} at (1,24) size 14x17
            text run at (1,24) width 14: "A "
          RenderText {#text} at (179,24) size 14x17
            text run at (179,24) width 5: " "
            text run at (183,24) width 10: "B"
layer at (26,26) size 161x32 clip at (27,27) size 159x30
  RenderTextControl {TEXTAREA} at (16,3) size 162x32 [bgcolor=#FFFFFF] [border: (1px solid #000000)]
    RenderBlock {DIV} at (3,3) size 155x13
      RenderText {#text} at (0,0) size 98x13
        text run at (0,0) width 98: "Lorem ipsum dolor"
layer at (26,81) size 161x32 clip at (27,82) size 144x30 scrollHeight 56
  RenderTextControl {TEXTAREA} at (16,3) size 162x32 [bgcolor=#FFFFFF] [border: (1px solid #000000)]
    RenderBlock {DIV} at (3,3) size 140x52
      RenderText {#text} at (0,0) size 140x52
        text run at (0,0) width 98: "Lorem ipsum dolor"
        text run at (97,0) width 4: " "
        text run at (0,13) width 140: "ABCDEFGHIJKLMNOPQRS"
        text run at (0,26) width 56: "TUVWXYZ"
        text run at (55,26) width 4: " "
        text run at (0,39) width 127: "abcdefghijklmnopqrstuv"
        text run at (126,39) width 4: " "
layer at (26,136) size 161x32 clip at (27,137) size 144x30 scrollHeight 56
  RenderTextControl {TEXTAREA} at (16,3) size 162x32 [bgcolor=#FFFFFF] [border: (1px solid #000000)]
    RenderBlock {DIV} at (3,3) size 140x52 [color=#545454]
      RenderText {#text} at (0,0) size 140x52
        text run at (0,0) width 98: "Lorem ipsum dolor"
        text run at (97,0) width 4: " "
        text run at (0,13) width 140: "ABCDEFGHIJKLMNOPQRS"
        text run at (0,26) width 56: "TUVWXYZ"
        text run at (55,26) width 4: " "
        text run at (0,39) width 127: "abcdefghijklmnopqrstuv"
        text run at (126,39) width 4: " "
layer at (26,191) size 177x48 clip at (27,192) size 160x46 scrollHeight 72
  RenderTextControl {TEXTAREA} at (16,3) size 178x48 [bgcolor=#FFFFFF] [border: (1px solid #000000)]
    RenderBlock {DIV} at (11,11) size 140x52
      RenderText {#text} at (0,0) size 140x52
        text run at (0,0) width 98: "Lorem ipsum dolor"
        text run at (97,0) width 4: " "
        text run at (0,13) width 140: "ABCDEFGHIJKLMNOPQRS"
        text run at (0,26) width 56: "TUVWXYZ"
        text run at (55,26) width 4: " "
        text run at (0,39) width 127: "abcdefghijklmnopqrstuv"
        text run at (126,39) width 4: " "
layer at (26,262) size 157x28 clip at (27,263) size 140x26 scrollHeight 52
  RenderTextControl {TEXTAREA} at (16,3) size 158x28 [bgcolor=#FFFFFF] [border: (1px solid #000000)]
    RenderBlock {DIV} at (1,1) size 140x52
      RenderText {#text} at (0,0) size 140x52
        text run at (0,0) width 98: "Lorem ipsum dolor"
        text run at (97,0) width 4: " "
        text run at (0,13) width 140: "ABCDEFGHIJKLMNOPQRS"
        text run at (0,26) width 56: "TUVWXYZ"
        text run at (55,26) width 4: " "
        text run at (0,39) width 127: "abcdefghijklmnopqrstuv"
        text run at (126,39) width 4: " "
layer at (34,321) size 161x32 clip at (35,322) size 144x30 scrollHeight 56
  RenderTextControl {TEXTAREA} at (24,11) size 162x32 [bgcolor=#FFFFFF] [border: (1px solid #000000)]
    RenderBlock {DIV} at (3,3) size 140x52
      RenderText {#text} at (0,0) size 140x52
        text run at (0,0) width 98: "Lorem ipsum dolor"
        text run at (97,0) width 4: " "
        text run at (0,13) width 140: "ABCDEFGHIJKLMNOPQRS"
        text run at (0,26) width 56: "TUVWXYZ"
        text run at (55,26) width 4: " "
        text run at (0,39) width 127: "abcdefghijklmnopqrstuv"
        text run at (126,39) width 4: " "
layer at (24,382) size 161x32 clip at (25,383) size 144x30 scrollHeight 56
  RenderTextControl {TEXTAREA} at (14,1) size 162x32 [bgcolor=#FFFFFF] [border: (1px solid #000000)]
    RenderBlock {DIV} at (3,3) size 140x52
      RenderText {#text} at (0,0) size 140x52
        text run at (0,0) width 98: "Lorem ipsum dolor"
        text run at (97,0) width 4: " "
        text run at (0,13) width 140: "ABCDEFGHIJKLMNOPQRS"
        text run at (0,26) width 56: "TUVWXYZ"
        text run at (55,26) width 4: " "
        text run at (0,39) width 127: "abcdefghijklmnopqrstuv"
        text run at (126,39) width 4: " "
layer at (26,435) size 42x32 clip at (27,436) size 25x30 scrollHeight 329
  RenderTextControl {TEXTAREA} at (16,3) size 43x32 [bgcolor=#FFFFFF] [border: (1px solid #000000)]
    RenderBlock {DIV} at (3,3) size 21x325
      RenderText {#text} at (0,0) size 21x325
        text run at (0,0) width 17: "Lor"
        text run at (0,13) width 16: "em"
        text run at (15,13) width 5: " "
        text run at (0,26) width 16: "ips"
        text run at (0,39) width 17: "um"
        text run at (16,39) width 4: " "
        text run at (0,52) width 17: "dol"
        text run at (0,65) width 11: "or"
        text run at (10,65) width 4: " "
        text run at (0,78) width 15: "AB"
        text run at (0,91) width 16: "CD"
        text run at (0,104) width 13: "EF"
        text run at (0,117) width 20: "GHI"
        text run at (0,130) width 20: "JKL"
        text run at (0,143) width 18: "MN"
        text run at (0,156) width 16: "OP"
        text run at (0,169) width 16: "QR"
        text run at (0,182) width 15: "ST"
        text run at (0,195) width 16: "UV"
        text run at (0,208) width 19: "WX"
        text run at (0,221) width 15: "YZ"
        text run at (14,221) width 4: " "
        text run at (0,234) width 20: "abc"
        text run at (0,247) width 18: "def"
        text run at (0,260) width 19: "ghij"
        text run at (0,273) width 19: "klm"
        text run at (0,286) width 20: "nop"
        text run at (0,299) width 21: "qrst"
        text run at (0,312) width 13: "uv"
        text run at (12,312) width 4: " "
layer at (26,490) size 161x45 clip at (27,491) size 144x43 scrollHeight 56
  RenderTextControl {TEXTAREA} at (16,3) size 162x45 [bgcolor=#FFFFFF] [border: (1px solid #000000)]
    RenderBlock {DIV} at (3,3) size 140x52
      RenderText {#text} at (0,0) size 140x52
        text run at (0,0) width 98: "Lorem ipsum dolor"
        text run at (97,0) width 4: " "
        text run at (0,13) width 140: "ABCDEFGHIJKLMNOPQRS"
        text run at (0,26) width 56: "TUVWXYZ"
        text run at (55,26) width 4: " "
        text run at (0,39) width 127: "abcdefghijklmnopqrstuv"
        text run at (126,39) width 4: " "
layer at (26,558) size 91x32 clip at (27,559) size 74x30 scrollHeight 95
  RenderTextControl {TEXTAREA} at (16,3) size 92x32 [bgcolor=#FFFFFF] [border: (1px solid #000000)]
    RenderBlock {DIV} at (3,3) size 70x91
      RenderText {#text} at (0,0) size 70x91
        text run at (0,0) width 68: "Lorem ipsum"
        text run at (67,0) width 3: " "
        text run at (0,13) width 28: "dolor"
        text run at (27,13) width 4: " "
        text run at (0,26) width 70: "ABCDEFGHIJ"
        text run at (0,39) width 63: "KLMNOPQR"
        text run at (0,52) width 63: "STUVWXYZ"
        text run at (62,52) width 4: " "
        text run at (0,65) width 64: "abcdefghijkl"
        text run at (0,78) width 63: "mnopqrstuv"
        text run at (62,78) width 4: " "
layer at (26,613) size 161x136 clip at (27,614) size 159x134
  RenderTextControl {TEXTAREA} at (16,3) size 162x136 [bgcolor=#FFFFFF] [border: (1px solid #000000)]
    RenderBlock {DIV} at (3,3) size 155x52
      RenderText {#text} at (0,0) size 155x52
        text run at (0,0) width 98: "Lorem ipsum dolor"
        text run at (97,0) width 4: " "
        text run at (0,13) width 155: "ABCDEFGHIJKLMNOPQRSTU"
        text run at (0,26) width 41: "VWXYZ"
        text run at (40,26) width 4: " "
        text run at (0,39) width 127: "abcdefghijklmnopqrstuv"
        text run at (126,39) width 4: " "
layer at (26,772) size 56x58 clip at (27,773) size 39x56 scrollHeight 186
  RenderTextControl {TEXTAREA} at (16,3) size 57x58 [bgcolor=#FFFFFF] [border: (1px solid #000000)]
    RenderBlock {DIV} at (3,3) size 35x182
      RenderText {#text} at (0,0) size 35x182
        text run at (0,0) width 33: "Lorem"
        text run at (32,0) width 3: " "
        text run at (0,13) width 32: "ipsum"
        text run at (31,13) width 4: " "
        text run at (0,26) width 28: "dolor"
        text run at (27,26) width 4: " "
        text run at (0,39) width 31: "ABCD"
        text run at (0,52) width 33: "EFGHI"
        text run at (0,65) width 30: "JKLM"
        text run at (0,78) width 33: "NOPQ"
        text run at (0,91) width 30: "RSTU"
        text run at (0,104) width 33: "VWXY"
        text run at (0,117) width 8: "Z"
        text run at (7,117) width 4: " "
        text run at (0,130) width 33: "abcde"
        text run at (0,143) width 32: "fghijkl"
        text run at (0,156) width 30: "mnop"
        text run at (0,169) width 34: "qrstuv"
        text run at (33,169) width 2: " "
layer at (376,26) size 60x32 clip at (377,27) size 43x30 scrollHeight 173
  RenderTextControl {TEXTAREA} at (14,3) size 61x32 [bgcolor=#FFFFFF] [border: (1px solid #000000)]
    RenderBlock {DIV} at (3,3) size 39x169
      RenderText {#text} at (0,0) size 39x169
        text run at (0,0) width 33: "Lorem"
        text run at (32,0) width 4: " "
        text run at (0,13) width 32: "ipsum"
        text run at (31,13) width 4: " "
        text run at (0,26) width 28: "dolor"
        text run at (27,26) width 4: " "
        text run at (0,39) width 38: "ABCDE"
        text run at (0,52) width 32: "FGHIJ"
        text run at (0,65) width 32: "KLMN"
        text run at (0,78) width 39: "OPQRS"
        text run at (0,91) width 34: "TUVW"
        text run at (0,104) width 23: "XYZ"
        text run at (22,104) width 4: " "
        text run at (0,117) width 37: "abcdef"
        text run at (0,130) width 38: "ghijklm"
        text run at (0,143) width 37: "nopqrs"
        text run at (0,156) width 17: "tuv"
        text run at (16,156) width 4: " "
layer at (376,81) size 60x68 clip at (377,82) size 43x66 scrollHeight 924
  RenderTextControl {TEXTAREA} at (14,3) size 61x68 [bgcolor=#FFFFFF] [border: (1px solid #000000)]
    RenderBlock {DIV} at (21,21) size 3x884
      RenderText {#text} at (0,0) size 11x884
        text run at (0,0) width 7: "L"
        text run at (0,13) width 7: "o"
        text run at (0,26) width 5: "r"
        text run at (0,39) width 7: "e"
        text run at (0,52) width 10: "m"
        text run at (0,65) width 3: " "
        text run at (0,78) width 3: "i"
        text run at (0,91) width 7: "p"
        text run at (0,104) width 6: "s"
        text run at (0,117) width 7: "u"
        text run at (0,130) width 10: "m"
        text run at (0,143) width 3: " "
        text run at (0,156) width 7: "d"
        text run at (0,169) width 7: "o"
        text run at (0,182) width 3: "l"
        text run at (0,195) width 7: "o"
        text run at (0,208) width 5: "r"
        text run at (0,221) width 3: " "
        text run at (0,234) width 8: "A"
        text run at (0,247) width 8: "B"
        text run at (0,260) width 8: "C"
        text run at (0,273) width 9: "D"
        text run at (0,286) width 7: "E"
        text run at (0,299) width 7: "F"
        text run at (0,312) width 9: "G"
        text run at (0,325) width 9: "H"
        text run at (0,338) width 4: "I"
        text run at (0,351) width 6: "J"
        text run at (0,364) width 8: "K"
        text run at (0,377) width 7: "L"
        text run at (0,390) width 10: "M"
        text run at (0,403) width 9: "N"
        text run at (0,416) width 9: "O"
        text run at (0,429) width 8: "P"
        text run at (0,442) width 9: "Q"
        text run at (0,455) width 8: "R"
        text run at (0,468) width 8: "S"
        text run at (0,481) width 8: "T"
        text run at (0,494) width 9: "U"
        text run at (0,507) width 8: "V"
        text run at (0,520) width 11: "W"
        text run at (0,533) width 8: "X"
        text run at (0,546) width 8: "Y"
        text run at (0,559) width 8: "Z"
        text run at (0,572) width 3: " "
        text run at (0,585) width 7: "a"
        text run at (0,598) width 7: "b"
        text run at (0,611) width 7: "c"
        text run at (0,624) width 7: "d"
        text run at (0,637) width 7: "e"
        text run at (0,650) width 5: "f"
        text run at (0,663) width 7: "g"
        text run at (0,676) width 7: "h"
        text run at (0,689) width 3: "i"
        text run at (0,702) width 3: "j"
        text run at (0,715) width 7: "k"
        text run at (0,728) width 3: "l"
        text run at (0,741) width 10: "m"
        text run at (0,754) width 7: "n"
        text run at (0,767) width 7: "o"
        text run at (0,780) width 7: "p"
        text run at (0,793) width 7: "q"
        text run at (0,806) width 5: "r"
        text run at (0,819) width 6: "s"
        text run at (0,832) width 5: "t"
        text run at (0,845) width 7: "u"
        text run at (0,858) width 7: "v"
        text run at (0,871) width 3: " "
layer at (376,172) size 60x28 clip at (377,173) size 43x26 scrollHeight 156
  RenderTextControl {TEXTAREA} at (14,3) size 61x28 [bgcolor=#FFFFFF] [border: (1px solid #000000)]
    RenderBlock {DIV} at (1,1) size 43x156
      RenderText {#text} at (0,0) size 43x156
        text run at (0,0) width 33: "Lorem"
        text run at (32,0) width 4: " "
        text run at (0,13) width 32: "ipsum"
        text run at (31,13) width 4: " "
        text run at (0,26) width 28: "dolor"
        text run at (27,26) width 4: " "
        text run at (0,39) width 38: "ABCDE"
        text run at (0,52) width 40: "FGHIJK"
        text run at (0,65) width 40: "LMNOP"
        text run at (0,78) width 39: "QRSTU"
        text run at (0,91) width 41: "VWXYZ"
        text run at (40,91) width 3: " "
        text run at (0,104) width 43: "abcdefg"
        text run at (0,117) width 38: "hijklmn"
        text run at (0,130) width 41: "opqrstu"
        text run at (0,143) width 7: "v"
        text run at (6,143) width 4: " "
layer at (378,221) size 161x60 clip at (379,222) size 159x58
  RenderTextControl {TEXTAREA} at (16,1) size 162x60 [bgcolor=#FFFFFF] [border: (1px solid #000000)]
    RenderBlock {DIV} at (3,3) size 155x52
      RenderText {#text} at (0,0) size 155x52
        text run at (0,0) width 98: "Lorem ipsum dolor"
        text run at (97,0) width 4: " "
        text run at (0,13) width 155: "ABCDEFGHIJKLMNOPQRSTU"
        text run at (0,26) width 41: "VWXYZ"
        text run at (40,26) width 4: " "
        text run at (0,39) width 127: "abcdefghijklmnopqrstuv"
        text run at (126,39) width 4: " "
layer at (376,300) size 60x60 clip at (377,301) size 43x58 scrollHeight 173
  RenderTextControl {TEXTAREA} at (14,1) size 61x60 [bgcolor=#FFFFFF] [border: (1px solid #000000)]
    RenderBlock {DIV} at (3,3) size 39x169
      RenderText {#text} at (0,0) size 39x169
        text run at (0,0) width 33: "Lorem"
        text run at (32,0) width 4: " "
        text run at (0,13) width 32: "ipsum"
        text run at (31,13) width 4: " "
        text run at (0,26) width 28: "dolor"
        text run at (27,26) width 4: " "
        text run at (0,39) width 38: "ABCDE"
        text run at (0,52) width 32: "FGHIJ"
        text run at (0,65) width 32: "KLMN"
        text run at (0,78) width 39: "OPQRS"
        text run at (0,91) width 34: "TUVW"
        text run at (0,104) width 23: "XYZ"
        text run at (22,104) width 4: " "
        text run at (0,117) width 37: "abcdef"
        text run at (0,130) width 38: "ghijklm"
        text run at (0,143) width 37: "nopqrs"
        text run at (0,156) width 17: "tuv"
        text run at (16,156) width 4: " "
layer at (378,381) size 161x32 clip at (379,382) size 159x30 scrollHeight 56
  RenderTextControl {TEXTAREA} at (16,3) size 162x32 [bgcolor=#FFFFFF] [border: (1px solid #000000)]
    RenderBlock {DIV} at (3,3) size 155x52
      RenderText {#text} at (0,0) size 155x52
        text run at (0,0) width 98: "Lorem ipsum dolor"
        text run at (97,0) width 4: " "
        text run at (0,13) width 155: "ABCDEFGHIJKLMNOPQRSTU"
        text run at (0,26) width 41: "VWXYZ"
        text run at (40,26) width 4: " "
        text run at (0,39) width 127: "abcdefghijklmnopqrstuv"
        text run at (126,39) width 4: " "
layer at (378,436) size 161x47 clip at (379,437) size 144x30 scrollHeight 56
  RenderTextControl {TEXTAREA} at (16,3) size 162x47 [bgcolor=#FFFFFF] [border: (1px solid #000000)]
    RenderBlock {DIV} at (3,3) size 140x52
      RenderText {#text} at (0,0) size 140x52
        text run at (0,0) width 98: "Lorem ipsum dolor"
        text run at (97,0) width 4: " "
        text run at (0,13) width 140: "ABCDEFGHIJKLMNOPQRS"
        text run at (0,26) width 56: "TUVWXYZ"
        text run at (55,26) width 4: " "
        text run at (0,39) width 127: "abcdefghijklmnopqrstuv"
        text run at (126,39) width 4: " "
layer at (376,504) size 60x60 clip at (377,505) size 58x58 scrollHeight 134
  RenderTextControl {TEXTAREA} at (14,1) size 61x60 [bgcolor=#FFFFFF] [border: (1px solid #000000)]
    RenderBlock {DIV} at (3,3) size 54x130
      RenderText {#text} at (0,0) size 54x130
        text run at (0,0) width 33: "Lorem"
        text run at (32,0) width 4: " "
        text run at (0,13) width 32: "ipsum"
        text run at (31,13) width 4: " "
        text run at (0,26) width 28: "dolor"
        text run at (27,26) width 4: " "
        text run at (0,39) width 53: "ABCDEFG"
        text run at (0,52) width 49: "HIJKLMN"
        text run at (0,65) width 54: "OPQRSTU"
        text run at (0,78) width 41: "VWXYZ"
        text run at (40,78) width 4: " "
        text run at (0,91) width 53: "abcdefghi"
        text run at (0,104) width 53: "jklmnopqr"
        text run at (0,117) width 23: "stuv"
        text run at (22,117) width 4: " "
layer at (376,583) size 60x60 clip at (377,584) size 43x43 scrollHeight 173
  RenderTextControl {TEXTAREA} at (14,1) size 61x60 [bgcolor=#FFFFFF] [border: (1px solid #000000)]
    RenderBlock {DIV} at (3,3) size 39x169
      RenderText {#text} at (0,0) size 39x169
        text run at (0,0) width 33: "Lorem"
        text run at (32,0) width 4: " "
        text run at (0,13) width 32: "ipsum"
        text run at (31,13) width 4: " "
        text run at (0,26) width 28: "dolor"
        text run at (27,26) width 4: " "
        text run at (0,39) width 38: "ABCDE"
        text run at (0,52) width 32: "FGHIJ"
        text run at (0,65) width 32: "KLMN"
        text run at (0,78) width 39: "OPQRS"
        text run at (0,91) width 34: "TUVW"
        text run at (0,104) width 23: "XYZ"
        text run at (22,104) width 4: " "
        text run at (0,117) width 37: "abcdef"
        text run at (0,130) width 38: "ghijklm"
        text run at (0,143) width 37: "nopqrs"
        text run at (0,156) width 17: "tuv"
        text run at (16,156) width 4: " "
layer at (376,662) size 60x60 clip at (377,663) size 43x58 scrollHeight 173
  RenderTextControl {TEXTAREA} at (14,1) size 61x60 [bgcolor=#FFFFFF] [border: (1px solid #000000)]
    RenderBlock {DIV} at (3,3) size 39x169
      RenderText {#text} at (0,0) size 39x169
        text run at (0,0) width 33: "Lorem"
        text run at (32,0) width 4: " "
        text run at (0,13) width 32: "ipsum"
        text run at (31,13) width 4: " "
        text run at (0,26) width 28: "dolor"
        text run at (27,26) width 4: " "
        text run at (0,39) width 38: "ABCDE"
        text run at (0,52) width 32: "FGHIJ"
        text run at (0,65) width 32: "KLMN"
        text run at (0,78) width 39: "OPQRS"
        text run at (0,91) width 34: "TUVW"
        text run at (0,104) width 23: "XYZ"
        text run at (22,104) width 4: " "
        text run at (0,117) width 37: "abcdef"
        text run at (0,130) width 38: "ghijklm"
        text run at (0,143) width 37: "nopqrs"
        text run at (0,156) width 17: "tuv"
        text run at (16,156) width 4: " "
layer at (376,741) size 60x60 clip at (377,742) size 43x58 scrollHeight 173
  RenderTextControl {TEXTAREA} at (14,1) size 61x60 [bgcolor=#FFFFFF] [border: (1px solid #000000)]
    RenderBlock {DIV} at (3,3) size 39x169
      RenderText {#text} at (0,0) size 39x169
        text run at (0,0) width 33: "Lorem"
        text run at (32,0) width 4: " "
        text run at (0,13) width 32: "ipsum"
        text run at (31,13) width 4: " "
        text run at (0,26) width 28: "dolor"
        text run at (27,26) width 4: " "
        text run at (0,39) width 38: "ABCDE"
        text run at (0,52) width 32: "FGHIJ"
        text run at (0,65) width 32: "KLMN"
        text run at (0,78) width 39: "OPQRS"
        text run at (0,91) width 34: "TUVW"
        text run at (0,104) width 23: "XYZ"
        text run at (22,104) width 4: " "
        text run at (0,117) width 37: "abcdef"
        text run at (0,130) width 38: "ghijklm"
        text run at (0,143) width 37: "nopqrs"
        text run at (0,156) width 17: "tuv"
        text run at (16,156) width 4: " "
layer at (376,820) size 60x60 clip at (377,821) size 43x58 scrollHeight 173
  RenderTextControl {TEXTAREA} at (14,1) size 61x60 [bgcolor=#FFFFFF] [border: (1px solid #000000)]
    RenderBlock {DIV} at (3,3) size 39x169
      RenderText {#text} at (0,0) size 39x169
        text run at (0,0) width 33: "Lorem"
        text run at (32,0) width 4: " "
        text run at (0,13) width 32: "ipsum"
        text run at (31,13) width 4: " "
        text run at (0,26) width 28: "dolor"
        text run at (27,26) width 4: " "
        text run at (0,39) width 38: "ABCDE"
        text run at (0,52) width 32: "FGHIJ"
        text run at (0,65) width 32: "KLMN"
        text run at (0,78) width 39: "OPQRS"
        text run at (0,91) width 34: "TUVW"
        text run at (0,104) width 23: "XYZ"
        text run at (22,104) width 4: " "
        text run at (0,117) width 37: "abcdef"
        text run at (0,130) width 38: "ghijklm"
        text run at (0,143) width 37: "nopqrs"
        text run at (0,156) width 17: "tuv"
        text run at (16,156) width 4: " "
layer at (378,901) size 161x47 clip at (379,902) size 144x30 scrollWidth 186 scrollHeight 212
  RenderTextControl {TEXTAREA} at (16,3) size 162x47 [bgcolor=#FFFFFF] [border: (1px solid #000000)]
    RenderBlock {DIV} at (3,3) size 140x208
      RenderText {#text} at (0,0) size 184x195
        text run at (0,0) width 4: " "
        text run at (3,0) width 1: " "
        text run at (0,13) width 184: "This is a text area with wrap=\"soft\""
        text run at (183,13) width 1: " "
        text run at (0,26) width 184: "This is a text area with wrap=\"soft\""
        text run at (183,26) width 1: " "
        text run at (0,39) width 184: "This is a text area with wrap=\"soft\""
        text run at (183,39) width 1: " "
        text run at (0,52) width 184: "This is a text area with wrap=\"soft\""
        text run at (183,52) width 1: " "
        text run at (0,65) width 184: "This is a text area with wrap=\"soft\""
        text run at (183,65) width 1: " "
        text run at (0,78) width 184: "This is a text area with wrap=\"soft\""
        text run at (183,78) width 1: " "
        text run at (0,91) width 184: "This is a text area with wrap=\"soft\""
        text run at (183,91) width 1: " "
        text run at (0,104) width 184: "This is a text area with wrap=\"soft\""
        text run at (183,104) width 1: " "
        text run at (0,117) width 184: "This is a text area with wrap=\"soft\""
        text run at (183,117) width 1: " "
        text run at (0,130) width 184: "This is a text area with wrap=\"soft\""
        text run at (183,130) width 1: " "
        text run at (0,143) width 184: "This is a text area with wrap=\"soft\""
        text run at (183,143) width 1: " "
        text run at (0,156) width 184: "This is a text area with wrap=\"soft\""
        text run at (183,156) width 1: " "
        text run at (0,169) width 184: "This is a text area with wrap=\"soft\""
        text run at (183,169) width 1: " "
        text run at (0,182) width 184: "This is a text area with wrap=\"soft\""
        text run at (183,182) width 1: " "
      RenderBR {BR} at (0,195) size 0x13
layer at (378,971) size 161x32 clip at (379,972) size 144x30 scrollHeight 394
  RenderTextControl {TEXTAREA} at (16,3) size 162x32 [bgcolor=#FFFFFF] [border: (1px solid #000000)]
    RenderBlock {DIV} at (3,3) size 140x390
      RenderText {#text} at (0,0) size 121x377
        text run at (0,0) width 4: " "
        text run at (3,0) width 1: " "
        text run at (0,13) width 118: "This is a text area with"
        text run at (117,13) width 4: " "
        text run at (0,26) width 64: "wrap=\"soft\""
        text run at (63,26) width 1: " "
        text run at (0,39) width 118: "This is a text area with"
        text run at (117,39) width 4: " "
        text run at (0,52) width 64: "wrap=\"soft\""
        text run at (63,52) width 1: " "
        text run at (0,65) width 118: "This is a text area with"
        text run at (117,65) width 4: " "
        text run at (0,78) width 64: "wrap=\"soft\""
        text run at (63,78) width 1: " "
        text run at (0,91) width 118: "This is a text area with"
        text run at (117,91) width 4: " "
        text run at (0,104) width 64: "wrap=\"soft\""
        text run at (63,104) width 1: " "
        text run at (0,117) width 118: "This is a text area with"
        text run at (117,117) width 4: " "
        text run at (0,130) width 64: "wrap=\"soft\""
        text run at (63,130) width 1: " "
        text run at (0,143) width 118: "This is a text area with"
        text run at (117,143) width 4: " "
        text run at (0,156) width 64: "wrap=\"soft\""
        text run at (63,156) width 1: " "
        text run at (0,169) width 118: "This is a text area with"
        text run at (117,169) width 4: " "
        text run at (0,182) width 64: "wrap=\"soft\""
        text run at (63,182) width 1: " "
        text run at (0,195) width 118: "This is a text area with"
        text run at (117,195) width 4: " "
        text run at (0,208) width 64: "wrap=\"soft\""
        text run at (63,208) width 1: " "
        text run at (0,221) width 118: "This is a text area with"
        text run at (117,221) width 4: " "
        text run at (0,234) width 64: "wrap=\"soft\""
        text run at (63,234) width 1: " "
        text run at (0,247) width 118: "This is a text area with"
        text run at (117,247) width 4: " "
        text run at (0,260) width 64: "wrap=\"soft\""
        text run at (63,260) width 1: " "
        text run at (0,273) width 118: "This is a text area with"
        text run at (117,273) width 4: " "
        text run at (0,286) width 64: "wrap=\"soft\""
        text run at (63,286) width 1: " "
        text run at (0,299) width 118: "This is a text area with"
        text run at (117,299) width 4: " "
        text run at (0,312) width 64: "wrap=\"soft\""
        text run at (63,312) width 1: " "
        text run at (0,325) width 118: "This is a text area with"
        text run at (117,325) width 4: " "
        text run at (0,338) width 64: "wrap=\"soft\""
        text run at (63,338) width 1: " "
        text run at (0,351) width 118: "This is a text area with"
        text run at (117,351) width 4: " "
        text run at (0,364) width 64: "wrap=\"soft\""
        text run at (63,364) width 1: " "
      RenderBR {BR} at (0,377) size 0x13
layer at (378,1026) size 161x32 clip at (379,1027) size 144x30 scrollHeight 394
  RenderTextControl {TEXTAREA} at (16,3) size 162x32 [bgcolor=#FFFFFF] [border: (1px solid #000000)]
    RenderBlock {DIV} at (3,3) size 140x390
      RenderText {#text} at (0,0) size 121x377
        text run at (0,0) width 4: " "
        text run at (3,0) width 1: " "
        text run at (0,13) width 118: "This is a text area with"
        text run at (117,13) width 4: " "
        text run at (0,26) width 64: "wrap=\"soft\""
        text run at (63,26) width 1: " "
        text run at (0,39) width 118: "This is a text area with"
        text run at (117,39) width 4: " "
        text run at (0,52) width 64: "wrap=\"soft\""
        text run at (63,52) width 1: " "
        text run at (0,65) width 118: "This is a text area with"
        text run at (117,65) width 4: " "
        text run at (0,78) width 64: "wrap=\"soft\""
        text run at (63,78) width 1: " "
        text run at (0,91) width 118: "This is a text area with"
        text run at (117,91) width 4: " "
        text run at (0,104) width 64: "wrap=\"soft\""
        text run at (63,104) width 1: " "
        text run at (0,117) width 118: "This is a text area with"
        text run at (117,117) width 4: " "
        text run at (0,130) width 64: "wrap=\"soft\""
        text run at (63,130) width 1: " "
        text run at (0,143) width 118: "This is a text area with"
        text run at (117,143) width 4: " "
        text run at (0,156) width 64: "wrap=\"soft\""
        text run at (63,156) width 1: " "
        text run at (0,169) width 118: "This is a text area with"
        text run at (117,169) width 4: " "
        text run at (0,182) width 64: "wrap=\"soft\""
        text run at (63,182) width 1: " "
        text run at (0,195) width 118: "This is a text area with"
        text run at (117,195) width 4: " "
        text run at (0,208) width 64: "wrap=\"soft\""
        text run at (63,208) width 1: " "
        text run at (0,221) width 118: "This is a text area with"
        text run at (117,221) width 4: " "
        text run at (0,234) width 64: "wrap=\"soft\""
        text run at (63,234) width 1: " "
        text run at (0,247) width 118: "This is a text area with"
        text run at (117,247) width 4: " "
        text run at (0,260) width 64: "wrap=\"soft\""
        text run at (63,260) width 1: " "
        text run at (0,273) width 118: "This is a text area with"
        text run at (117,273) width 4: " "
        text run at (0,286) width 64: "wrap=\"soft\""
        text run at (63,286) width 1: " "
        text run at (0,299) width 118: "This is a text area with"
        text run at (117,299) width 4: " "
        text run at (0,312) width 64: "wrap=\"soft\""
        text run at (63,312) width 1: " "
        text run at (0,325) width 118: "This is a text area with"
        text run at (117,325) width 4: " "
        text run at (0,338) width 64: "wrap=\"soft\""
        text run at (63,338) width 1: " "
        text run at (0,351) width 118: "This is a text area with"
        text run at (117,351) width 4: " "
        text run at (0,364) width 64: "wrap=\"soft\""
        text run at (63,364) width 1: " "
      RenderBR {BR} at (0,377) size 0x13
