layer at (0,0) size 785x705
  RenderView at (0,0) size 785x600
layer at (0,0) size 785x705
  RenderBlock {HTML} at (0,0) size 785x705
    RenderBody {BODY} at (8,8) size 769x689
      RenderBlock (anonymous) at (0,0) size 769x18
        RenderText {#text} at (0,0) size 252x18
          text run at (0,0) width 252: "This tests minMaxWidth for text fields."
      RenderBlock {P} at (0,34) size 769x18
        RenderText {#text} at (0,0) size 70x18
          text run at (0,0) width 70: "Test case 1"
      RenderTable {TABLE} at (0,68) size 118x41 [border: (3px solid #0000FF)]
        RenderTableSection {TBODY} at (3,3) size 112x35
          RenderTableRow {TR} at (0,2) size 112x31
            RenderTableCell {TD} at (2,2) size 108x31 [border: (3px solid #FF0000)] [r=0 c=0 rs=1 cs=1]
              RenderTextControl {INPUT} at (4,6) size 100x19 [bgcolor=#FFFFFF] [border: (2px inset #000000)]
      RenderBlock {P} at (0,125) size 769x18
        RenderText {#text} at (0,0) size 70x18
          text run at (0,0) width 70: "Test case 2"
      RenderTable {TABLE} at (0,159) size 167x74 [border: (3px solid #0000FF)]
        RenderTableSection {TBODY} at (3,3) size 161x68
          RenderTableRow {TR} at (0,2) size 161x31
            RenderTableCell {TD} at (2,7) size 47x21 [r=0 c=0 rs=1 cs=1]
              RenderText {#text} at (1,0) size 25x20
                text run at (1,1) width 25: "first"
            RenderTableCell {TD} at (50,2) size 109x31 [border: (3px solid #FF0000)] [r=0 c=1 rs=1 cs=1]
              RenderTextControl {INPUT} at (4,6) size 100x19 [bgcolor=#FFFFFF] [border: (2px inset #000000)]
          RenderTableRow {TR} at (0,35) size 161x31
            RenderTableCell {TD} at (2,40) size 47x21 [r=1 c=0 rs=1 cs=1]
              RenderText {#text} at (1,0) size 45x20
                text run at (1,1) width 45: "second"
            RenderTableCell {TD} at (50,35) size 109x31 [border: (3px solid #FF0000)] [r=1 c=1 rs=1 cs=1]
              RenderTextControl {INPUT} at (4,6) size 100x19 [bgcolor=#FFFFFF] [border: (2px inset #000000)]
      RenderBlock {P} at (0,249) size 769x18
        RenderText {#text} at (0,0) size 70x18
          text run at (0,0) width 70: "Test case 3"
      RenderTable {TABLE} at (0,283) size 55x77 [border: (3px solid #0000FF)]
        RenderTableSection {TBODY} at (3,3) size 49x71
          RenderTableRow {TR} at (0,2) size 49x67
            RenderTableCell {TD} at (2,2) size 45x67 [border: (3px solid #FF0000)] [r=0 c=0 rs=1 cs=1]
              RenderText {#text} at (4,4) size 37x36
                text run at (4,4) width 37: "width"
                text run at (4,22) width 32: "30px"
              RenderTextControl {INPUT} at (4,42) size 30x19 [bgcolor=#FFFFFF] [border: (2px inset #000000)]
      RenderBlock {P} at (0,376) size 769x18
        RenderText {#text} at (0,0) size 70x18
          text run at (0,0) width 70: "Test case 4"
      RenderTable {TABLE} at (0,410) size 218x69 [border: (3px solid #0000FF)]
        RenderTableSection {TBODY} at (3,3) size 212x63
          RenderTableRow {TR} at (0,2) size 212x31
            RenderTableCell {TD} at (2,2) size 208x31 [border: (3px solid #FF0000)] [r=0 c=0 rs=1 cs=1]
              RenderTextControl {INPUT} at (4,6) size 200x19 [bgcolor=#FFFFFF] [border: (2px inset #000000)]
          RenderTableRow {TR} at (0,35) size 212x26
            RenderTableCell {TD} at (2,35) size 208x26 [border: (3px solid #FF0000)] [r=1 c=0 rs=1 cs=1]
              RenderBlock {DIV} at (4,4) size 200x18
                RenderText {#text} at (0,0) size 40x18
                  text run at (0,0) width 40: "200px"
      RenderBlock {P} at (0,495) size 769x18
        RenderText {#text} at (0,0) size 70x18
          text run at (0,0) width 70: "Test case 5"
      RenderTable {TABLE} at (0,529) size 92x41 [border: (3px solid #0000FF)]
        RenderTableSection {TBODY} at (3,3) size 86x35
          RenderTableRow {TR} at (0,2) size 86x31
            RenderTableCell {TD} at (2,2) size 82x31 [border: (3px solid #FF0000)] [r=0 c=0 rs=1 cs=1]
              RenderTextControl {INPUT} at (6,6) size 70x19 [bgcolor=#FFFFFF] [border: (2px inset #000000)]
      RenderBlock {P} at (0,586) size 769x18
        RenderText {#text} at (0,0) size 70x18
          text run at (0,0) width 70: "Test case 6"
      RenderTable {TABLE} at (0,620) size 169x69 [border: (3px solid #0000FF)]
        RenderTableSection {TBODY} at (3,3) size 163x63
          RenderTableRow {TR} at (0,2) size 163x31
            RenderTableCell {TD} at (2,2) size 159x31 [border: (3px solid #FF0000)] [r=0 c=0 rs=1 cs=1]
              RenderTextControl {INPUT} at (6,6) size 147x19 [bgcolor=#FFFFFF] [border: (2px inset #000000)]
          RenderTableRow {TR} at (0,35) size 163x26
            RenderTableCell {TD} at (2,35) size 159x26 [border: (3px solid #FF0000)] [r=1 c=0 rs=1 cs=1]
              RenderBlock {DIV} at (4,4) size 70x18
                RenderText {#text} at (0,0) size 32x18
                  text run at (0,0) width 32: "70px"
layer at (20,90) size 94x13
  RenderBlock {DIV} at (3,3) size 94x13
layer at (68,181) size 94x13
  RenderBlock {DIV} at (3,3) size 94x13
layer at (68,214) size 94x13
  RenderBlock {DIV} at (3,3) size 94x13
layer at (20,341) size 24x13
  RenderBlock {DIV} at (3,3) size 24x13
layer at (20,432) size 194x13
  RenderBlock {DIV} at (3,3) size 194x13
    RenderText {#text} at (0,0) size 61x13
      text run at (0,0) width 61: "width 100%"
layer at (22,551) size 64x13
  RenderBlock {DIV} at (3,3) size 64x13
    RenderText {#text} at (0,0) size 51x13
      text run at (0,0) width 51: "max 70px"
layer at (22,642) size 141x13
  RenderBlock {DIV} at (3,3) size 141x13
    RenderText {#text} at (0,0) size 88x13
      text run at (0,0) width 88: "min-width 100px"
