layer at (0,0) size 800x600
  RenderView at (0,0) size 800x600
layer at (0,0) size 800x600
  RenderBlock {HTML} at (0,0) size 800x600
    RenderBody {BODY} at (8,8) size 784x576
      RenderBlock {P} at (0,0) size 784x18
        RenderText {#text} at (0,0) size 54x18
          text run at (0,0) width 54: "Test for "
        RenderInline {I} at (0,0) size 702x18
          RenderInline {A} at (0,0) size 304x18 [color=#0000EE]
            RenderText {#text} at (53,0) size 304x18
              text run at (53,0) width 304: "http://bugs.webkit.org/show_bug.cgi?id=11916"
          RenderText {#text} at (356,0) size 399x18
            text run at (356,0) width 5: " "
            text run at (360,0) width 395: "REGRESSION (SearchField): RTL search fields are mixed up"
        RenderText {#text} at (754,0) size 5x18
          text run at (754,0) width 5: "."
      RenderBlock {P} at (0,34) size 784x69
        RenderTextControl {INPUT} at (2,2) size 187x19 [bgcolor=#FFFFFF] [border: (2px inset #000000)]
          RenderFlexibleBox {DIV} at (3,0) size 181x19
            RenderBlock {DIV} at (158,0) size 23x19
            RenderBlock {DIV} at (19,3) size 140x13
            RenderBlock {DIV} at (0,0) size 19x19
        RenderBR {BR} at (190,2) size 1x18
        RenderTextControl {INPUT} at (2,25) size 257x19 [bgcolor=#FFFFFF] [border: (2px inset #000000)]
          RenderFlexibleBox {DIV} at (3,0) size 251x19
            RenderBlock {DIV} at (228,0) size 23x19
            RenderBlock {DIV} at (19,3) size 210x13
            RenderBlock {DIV} at (0,0) size 19x19
        RenderBR {BR} at (260,25) size 1x18
        RenderTextControl {INPUT} at (2,48) size 187x19 [bgcolor=#FFFFFF] [border: (2px inset #000000)]
          RenderFlexibleBox {DIV} at (3,0) size 181x19
            RenderBlock {DIV} at (158,0) size 23x19
            RenderBlock {DIV} at (19,3) size 140x13
            RenderBlock {DIV} at (0,0) size 19x19
        RenderText {#text} at (0,0) size 0x0
      RenderBlock {P} at (0,119) size 784x18
        RenderText {#text} at (0,0) size 37x18
          text run at (0,0) width 37: "PASS"
layer at (32,47) size 140x13
  RenderBlock {DIV} at (0,0) size 140x13
    RenderText {#text} at (7,0) size 133x13
      text run at (7,0) width 22 RTL: " \x{5D5}\x{5D6}\x{5D4}\x{5D5}"
      text run at (28,0) width 20: "she"
      text run at (47,0) width 44 RTL: " \x{5D5}\x{5D4}\x{5D9}\x{5D0} \x{5D6}\x{5D4} "
      text run at (90,0) width 14: "he"
      text run at (103,0) width 37 RTL: "\x{5D4}\x{5D5}\x{5D0} \x{5D6}\x{5D4} "
layer at (32,70) size 210x13
  RenderBlock {DIV} at (0,0) size 210x13
    RenderText {#text} at (76,0) size 134x13
      text run at (76,0) width 23 RTL: " \x{5D5}\x{5D6}\x{5D4}\x{5D5}"
      text run at (98,0) width 20: "she"
      text run at (117,0) width 44 RTL: " \x{5D5}\x{5D4}\x{5D9}\x{5D0} \x{5D6}\x{5D4} "
      text run at (160,0) width 14: "he"
      text run at (173,0) width 37 RTL: "\x{5D4}\x{5D5}\x{5D0} \x{5D6}\x{5D4} "
layer at (32,93) size 140x13
  RenderBlock {DIV} at (0,0) size 140x13
caret: position 0 of child 0 {DIV} of child 1 {DIV} of child 0 {DIV} of {#document-fragment} of child 7 {INPUT} of child 3 {P} of body
