layer at (0,0) size 785x1207
  RenderView at (0,0) size 785x600
layer at (0,0) size 785x1207
  RenderBlock {HTML} at (0,0) size 785x1208
    RenderBody {BODY} at (8,8) size 769x1184
      RenderBlock (anonymous) at (0,0) size 769x18
        RenderText {#text} at (0,0) size 277x18
          text run at (0,0) width 277: "line-height settings not reflected in textarea"
        RenderBR {BR} at (276,0) size 1x18
      RenderBlock {P} at (0,34) size 769x264
        RenderText {#text} at (0,0) size 84x18
          text run at (0,0) width 84: "TEXTAREA"
        RenderBR {BR} at (83,0) size 1x18
        RenderText {#text} at (406,210) size 4x18
          text run at (406,210) width 4: " "
        RenderBR {BR} at (0,0) size 0x0
        RenderBR {BR} at (0,228) size 0x18
        RenderText {#text} at (0,246) size 148x18
          text run at (0,246) width 148: "PARAGRAPH - works"
      RenderBlock {P} at (0,314) size 402x202 [border: (1px dotted #C0C0C0)]
        RenderText {#text} at (1,19) size 400x69
          text run at (1,19) width 400: "Demo text here that wraps a bit and should demonstrate the"
          text run at (1,72) width 154: "goodness of line-height"
      RenderBlock (anonymous) at (0,529) size 769x37
        RenderBR {BR} at (0,0) size 0x18
        RenderText {#text} at (0,18) size 81x18
          text run at (0,18) width 81: "DIV - works"
        RenderBR {BR} at (80,18) size 1x18
      RenderBlock {DIV} at (0,565) size 402x203 [border: (1px dotted #C0C0C0)]
        RenderText {#text} at (1,19) size 400x69
          text run at (1,19) width 400: "Demo text here that wraps a bit and should demonstrate the"
          text run at (1,72) width 154: "goodness of line-height"
      RenderBlock (anonymous) at (0,767) size 769x417
        RenderBR {BR} at (0,0) size 0x18
        RenderBR {BR} at (0,18) size 0x18
        RenderText {#text} at (0,36) size 125x18
          text run at (0,36) width 125: "Un-Styled Textarea"
        RenderBR {BR} at (124,36) size 1x18
        RenderText {#text} at (165,76) size 4x18
          text run at (165,76) width 4: " "
        RenderBR {BR} at (0,0) size 0x0
        RenderBR {BR} at (0,94) size 0x18
        RenderText {#text} at (0,112) size 216x18
          text run at (0,112) width 216: "Totally Blank Un-Styled Textarea"
        RenderBR {BR} at (215,112) size 1x18
        RenderText {#text} at (165,152) size 4x18
          text run at (165,152) width 4: " "
        RenderBR {BR} at (0,0) size 0x0
        RenderBR {BR} at (0,170) size 0x18
        RenderText {#text} at (0,188) size 212x18
          text run at (0,188) width 212: "Totally Blank STYLED Textarea"
        RenderBR {BR} at (211,188) size 1x18
        RenderText {#text} at (0,0) size 0x0
      RenderBlock {P} at (0,1199) size 769x0
layer at (8,60) size 406x206 clip at (9,61) size 404x204
  RenderTextControl {TEXTAREA} at (0,18) size 406x206 [bgcolor=#FFFFFF] [border: (1px dotted #C0C0C0)]
    RenderBlock {DIV} at (3,3) size 400x106
      RenderText {#text} at (0,18) size 400x69
        text run at (0,18) width 400: "Demo text here that wraps a bit and should demonstrate the"
        text run at (399,18) width 1: " "
        text run at (0,71) width 154: "goodness of line-height"
layer at (10,831) size 161x32 clip at (11,832) size 144x30 scrollHeight 56
  RenderTextControl {TEXTAREA} at (2,56) size 161x32 [bgcolor=#FFFFFF] [border: (1px solid #000000)]
    RenderBlock {DIV} at (3,3) size 140x52
      RenderText {#text} at (0,0) size 140x52
        text run at (0,0) width 140: "Demo text here that wraps"
        text run at (139,0) width 1: " "
        text run at (0,13) width 84: "a bit and should"
        text run at (83,13) width 5: " "
        text run at (0,26) width 87: "demonstrate the"
        text run at (86,26) width 4: " "
        text run at (0,39) width 125: "goodness of line-height"
layer at (10,907) size 161x32 clip at (11,908) size 159x30
  RenderTextControl {TEXTAREA} at (2,132) size 161x32 [bgcolor=#FFFFFF] [border: (1px solid #000000)]
    RenderBlock {DIV} at (3,3) size 155x13
layer at (8,981) size 406x206 clip at (9,982) size 404x204
  RenderTextControl {TEXTAREA} at (0,206) size 406x206 [bgcolor=#FFFFFF] [border: (1px dotted #C0C0C0)]
    RenderBlock {DIV} at (3,3) size 400x53
