layer at (0,0) size 800x600
  RenderView at (0,0) size 800x600
layer at (718,0) size 82x600
  RenderBlock {HTML} at (0,0) size 82x600
    RenderBody {BODY} at (8,8) size 66x584
layer at (726,8) size 66x314
  RenderBlock (relative positioned) {DIV} at (0,0) size 66x314 [bgcolor=#FF0000] [border: (2px solid #000000)]
layer at (728,10) size 62x310
  RenderImage {IMG} at (2,2) size 62x310
layer at (749,15) size 20x300
  RenderBlock (relative positioned) zI: 1 {P} at (23,7) size 20x300
    RenderText zI: 1 {#text} at (0,42) size 19x216
      text run at (0,42) width 216: "There should be no red on this page"
