layer at (0,0) size 800x600
  RenderView at (0,0) size 800x600
layer at (0,0) size 800x600
  RenderBlock {HTML} at (0,0) size 800x600
    RenderBody {BODY} at (8,8) size 784x584
      RenderText {#text} at (185,32) size 246x17
        text run at (185,32) width 246: " This should not be part of the textarea."
layer at (10,10) size 181x42 clip at (11,11) size 164x40 scrollHeight 76
  RenderTextControl {TEXTAREA} at (2,2) size 181x42 [bgcolor=#FFFFFF] [border: (1px solid #000000)]
    RenderBlock {DIV} at (3,3) size 160x72
      RenderText {#text} at (0,0) size 142x53
        text run at (0,0) width 24: "<!--"
        text run at (24,0) width 0: " "
        text run at (0,18) width 142: "This should be part of "
        text run at (0,36) width 76: "the textarea."
        text run at (76,36) width 0: " "
      RenderBR {BR} at (0,54) size 0x17
