layer at (0,0) size 800x600
  RenderView at (0,0) size 800x600
layer at (0,0) size 800x600
  RenderBlock {HTML} at (0,0) size 800x600
    RenderBody {BODY} at (8,8) size 784x584
      RenderBlock {DIV} at (0,0) size 204x44 [border: (2px solid #FF0000)]
        RenderInline {FONT} at (0,0) size 178x36 [color=#996699]
          RenderText {#text} at (0,0) size 0x0
          RenderInline {NOBR} at (0,0) size 152x18
            RenderText {#text} at (2,2) size 10x18
              text run at (2,2) width 10: "\x{2022} "
            RenderInline {A} at (0,0) size 123x18 [color=#0000EE]
              RenderText {#text} at (11,2) size 123x18
                text run at (11,2) width 123: "Corporate Services"
            RenderText {#text} at (133,2) size 21x18
              text run at (133,2) width 21: "     "
          RenderText {#text} at (0,0) size 0x0
          RenderInline {NOBR} at (0,0) size 178x18
            RenderText {#text} at (2,20) size 10x18
              text run at (2,20) width 10: "\x{2022} "
            RenderInline {A} at (0,0) size 149x18 [color=#0000EE]
              RenderText {#text} at (11,20) size 134x18
                text run at (11,20) width 134: "1-800-las-flores.com"
              RenderInline {SUB} at (0,0) size 16x15
                RenderText {#text} at (144,26) size 16x15
                  text run at (144,26) width 16: "sm"
            RenderText {#text} at (159,20) size 21x18
              text run at (159,20) width 21: "     "
          RenderText {#text} at (0,0) size 0x0
      RenderBlock (anonymous) at (0,43) size 784x0
        RenderInline {FONT} at (0,0) size 0x0 [color=#996699]
          RenderText {#text} at (0,0) size 0x0
