layer at (0,0) size 800x600
  RenderView at (0,0) size 800x600
layer at (0,0) size 800x600
  RenderBlock {HTML} at (0,0) size 800x600
    RenderBody {BODY} at (8,8) size 784x579
      RenderBlock {PRE} at (0,0) size 304x34 [border: (2px solid #008000)]
        RenderText {#text} at (2,2) size 94x30
          text run at (2,2) width 86: "This should"
          text run at (87,2) width 1: " "
          text run at (2,17) width 94: "not justify."
          text run at (95,17) width 1: " "
