layer at (0,0) size 800x600
  RenderView at (0,0) size 800x600
layer at (0,0) size 800x600
  RenderBlock {HTML} at (0,0) size 800x600
    RenderBody {BODY} at (8,8) size 784x584
      RenderTable {TABLE} at (0,0) size 784x18
        RenderTableSection {TBODY} at (0,0) size 784x18
          RenderTableRow {TR} at (0,0) size 784x18
            RenderTableCell {TD} at (0,0) size 4x18 [r=0 c=0 rs=1 cs=1]
              RenderInline {B} at (0,0) size 4x18
                RenderText {#text} at (0,0) size 4x18
                  text run at (0,0) width 4: "\x{B7}"
            RenderTableCell {TD} at (4,0) size 780x18 [r=0 c=1 rs=1 cs=1]
              RenderText {#text} at (0,0) size 396x18
                text run at (0,0) width 396: "There should be space between the bullet and this line of text."
