layer at (0,0) size 800x600
  RenderView at (0,0) size 800x600
layer at (0,0) size 800x600
  RenderBlock {HTML} at (0,0) size 800x600
    RenderBody {BODY} at (8,8) size 784x584
layer at (100,8) size 700x196
  RenderBlock (positioned) {DIV} at (100,8) size 700x196 [border: (2px solid #FF0000)]
    RenderText {#text} at (14,14) size 665x168
      text run at (14,14) width 43: "This"
      text run at (56,14) width 7: " "
      text run at (62,14) width 32: "div"
      text run at (93,14) width 7: " "
      text run at (99,14) width 17: "is"
      text run at (115,14) width 7: " "
      text run at (121,14) width 99: "absolutely"
      text run at (219,14) width 7: " "
      text run at (225,14) width 101: "positioned"
      text run at (325,14) width 7: " "
      text run at (331,14) width 20: "to"
      text run at (350,14) width 7: " "
      text run at (356,14) width 30: "the"
      text run at (385,14) width 7: " "
      text run at (391,14) width 39: "left."
      text run at (429,14) width 7: " "
      text run at (435,14) width 32: "All"
      text run at (466,14) width 7: " "
      text run at (472,14) width 30: "the"
      text run at (501,14) width 7: " "
      text run at (507,14) width 64: "spaces"
      text run at (570,14) width 7: " "
      text run at (576,14) width 20: "in"
      text run at (595,14) width 7: " "
      text run at (601,14) width 35: "this"
      text run at (635,14) width 7: " "
      text run at (641,14) width 32: "div"
      text run at (672,14) width 7: " "
      text run at (14,42) width 30: "are"
      text run at (43,42) width 7: " "
      text run at (49,42) width 82: "replaced"
      text run at (130,42) width 7: " "
      text run at (136,42) width 44: "with"
      text run at (179,42) width 7: " "
      text run at (185,42) width 129: "non-breaking"
      text run at (313,42) width 7: " "
      text run at (319,42) width 69: "spaces,"
      text run at (387,42) width 7: " "
      text run at (393,42) width 36: "and"
      text run at (428,42) width 7: " "
      text run at (434,42) width 30: "the"
      text run at (463,42) width 7: " "
      text run at (469,42) width 108: "nbsp-mode"
      text run at (576,42) width 7: " "
      text run at (582,42) width 29: "for"
      text run at (610,42) width 7: " "
      text run at (616,42) width 36: "this"
      text run at (651,42) width 7: " "
      text run at (14,70) width 31: "div"
      text run at (44,70) width 7: " "
      text run at (50,70) width 17: "is"
      text run at (66,70) width 7: " "
      text run at (72,70) width 69: "'space',"
      text run at (140,70) width 7: " "
      text run at (146,70) width 22: "so"
      text run at (167,70) width 7: " "
      text run at (173,70) width 53: "when"
      text run at (225,70) width 7: " "
      text run at (231,70) width 107: "calculating"
      text run at (337,70) width 7: " "
      text run at (343,70) width 37: "line"
      text run at (379,70) width 7: " "
      text run at (385,70) width 69: "breaks,"
      text run at (453,70) width 7: " "
      text run at (459,70) width 31: "the"
      text run at (489,70) width 7: " "
      text run at (495,70) width 129: "non-breaking"
      text run at (623,70) width 7: " "
      text run at (14,98) width 63: "spaces"
      text run at (76,98) width 7: " "
      text run at (82,98) width 65: "should"
      text run at (146,98) width 7: " "
      text run at (152,98) width 24: "be"
      text run at (175,98) width 7: " "
      text run at (181,98) width 66: "treated"
      text run at (246,98) width 7: " "
      text run at (252,98) width 21: "as"
      text run at (272,98) width 7: " "
      text run at (278,98) width 69: "normal"
      text run at (346,98) width 7: " "
      text run at (352,98) width 70: "spaces."
      text run at (421,98) width 7: " "
      text run at (427,98) width 17: "If"
      text run at (443,98) width 7: " "
      text run at (449,98) width 35: "this"
      text run at (483,98) width 7: " "
      text run at (489,98) width 40: "isn't"
      text run at (528,98) width 7: " "
      text run at (534,98) width 31: "the"
      text run at (564,98) width 7: " "
      text run at (570,98) width 48: "case,"
      text run at (617,98) width 7: " "
      text run at (623,98) width 42: "then"
      text run at (664,98) width 7: " "
      text run at (14,126) width 24: "all"
      text run at (37,126) width 7: " "
      text run at (43,126) width 31: "the"
      text run at (73,126) width 7: " "
      text run at (79,126) width 37: "text"
      text run at (115,126) width 7: " "
      text run at (121,126) width 29: "for"
      text run at (149,126) width 7: " "
      text run at (155,126) width 35: "this"
      text run at (189,126) width 7: " "
      text run at (195,126) width 97: "paragraph"
      text run at (291,126) width 7: " "
      text run at (297,126) width 39: "will"
      text run at (335,126) width 7: " "
      text run at (341,126) width 23: "be"
      text run at (363,126) width 7: " "
      text run at (369,126) width 85: "rendered"
      text run at (453,126) width 7: " "
      text run at (459,126) width 20: "in"
      text run at (478,126) width 7: " "
      text run at (484,126) width 37: "two"
      text run at (520,126) width 7: " "
      text run at (526,126) width 52: "lines,"
      text run at (577,126) width 7: " "
      text run at (583,126) width 36: "and"
      text run at (618,126) width 7: " "
      text run at (624,126) width 12: "a"
      text run at (635,126) width 7: " "
      text run at (14,154) width 98: "horizontal"
      text run at (111,154) width 7: " "
      text run at (117,154) width 54: "scroll"
      text run at (170,154) width 7: " "
      text run at (176,154) width 32: "bar"
      text run at (207,154) width 7: " "
      text run at (213,154) width 38: "will"
      text run at (250,154) width 7: " "
      text run at (256,154) width 65: "appear"
      text run at (320,154) width 7: " "
      text run at (326,154) width 54: "along"
      text run at (379,154) width 7: " "
      text run at (385,154) width 31: "the"
      text run at (415,154) width 7: " "
      text run at (421,154) width 75: "bottom."
