layer at (0,0) size 800x600
  RenderView at (0,0) size 800x600
layer at (0,0) size 800x600
  RenderBlock {HTML} at (0,0) size 800x600
    RenderBody {BODY} at (8,8) size 784x584
      RenderBlock {DIV} at (0,0) size 200x118
        RenderBlock (floating) {DIV} at (0,0) size 100x100 [bgcolor=#ADD8E6]
        RenderInline {SPAN} at (0,0) size 271x18
          RenderText {#text} at (0,100) size 271x18
            text run at (0,100) width 271: "This text should be below the blue square."
        RenderText {#text} at (0,0) size 0x0
