layer at (0,0) size 800x600
  RenderView at (0,0) size 800x600
layer at (0,0) size 800x52
  RenderBlock {HTML} at (0,0) size 800x52
    RenderBody {BODY} at (8,8) size 784x36
      RenderBlock {DIV} at (0,0) size 200x36 [bgcolor=#FFFF00]
        RenderText {#text} at (0,0) size 152x18
          text run at (0,0) width 61: "Overflow"
          text run at (80,0) width 48: " should"
          text run at (147,0) width 5: " "
        RenderInline {SPAN} at (0,0) size 21x18
          RenderText {#text} at (151,0) size 21x18
            text run at (151,0) width 21: "not"
        RenderText {#text} at (0,18) size 154x18
          text run at (0,18) width 31: "even"
          text run at (50,18) width 20: " be"
          text run at (89,18) width 65: " tolerated."
