layer at (0,0) size 800x600
  RenderView at (0,0) size 800x600
layer at (0,0) size 800x486
  RenderBlock {HTML} at (0,0) size 800x486
    RenderBody {BODY} at (8,8) size 646x470 [border: (3px solid #FF0000)]
      RenderBlock {P} at (3,19) size 640x22 [color=#0000FF]
        RenderText {#text} at (0,0) size 509x21
          text run at (0,0) width 509: "-- Following text and list are whitespace:NORMAL only"
      RenderBlock {P} at (3,56) size 640x43
        RenderText {#text} at (0,0) size 298x21
          text run at (0,0) width 298: "0123456789012345678901234567890"
        RenderBR {BR} at (297,0) size 1x21
        RenderText {#text} at (0,22) size 77x21
          text run at (0,22) width 77: "X\x{9}XX\x{9}XXX"
      RenderBlock {OL} at (3,115) size 640x64
        RenderListItem {LI} at (40,0) size 600x22
          RenderListMarker at (-34,0) size 29x21: "1"
          RenderText {#text} at (0,0) size 29x21
            text run at (0,0) width 29: "a\x{9}X"
        RenderListItem {LI} at (40,21) size 600x22
          RenderListMarker at (-34,0) size 29x21: "2"
          RenderText {#text} at (0,0) size 39x21
            text run at (0,0) width 39: "bb\x{9}X"
        RenderListItem {LI} at (40,42) size 600x22
          RenderListMarker at (-34,0) size 29x21: "3"
          RenderText {#text} at (0,0) size 49x21
            text run at (0,0) width 49: "ccc\x{9}X"
      RenderBlock {P} at (3,194) size 640x23 [color=#0000FF]
        RenderText {#text} at (0,0) size 481x21
          text run at (0,0) width 481: "-- Following text and list are whitespace:PRE only"
      RenderBlock {OL} at (3,232) size 640x65
        RenderListItem {LI} at (40,0) size 600x22
          RenderListMarker at (-34,0) size 29x21: "1"
          RenderText {#text} at (0,0) size 164x21
            text run at (0,0) width 164: "a\x{9}\x{9}X"
        RenderListItem {LI} at (40,21) size 600x22
          RenderListMarker at (-34,0) size 29x21: "2"
          RenderText {#text} at (0,0) size 87x21
            text run at (0,0) width 87: "bb\x{9}X"
        RenderListItem {LI} at (40,42) size 600x22
          RenderListMarker at (-34,0) size 29x21: "3"
          RenderText {#text} at (0,0) size 87x21
            text run at (0,0) width 87: "ccc\x{9}X"
      RenderBlock {P} at (3,312) size 640x43
        RenderText {#text} at (0,0) size 490x21
          text run at (0,0) width 490: "012345678901234567890123456789012345678901234567890"
        RenderBR {BR} at (489,0) size 1x21
        RenderText {#text} at (0,22) size 663x21
          text run at (0,22) width 663: "X\x{9}\x{9}XX\x{9}\x{9}XXX\x{9}\x{9}XXXX\x{9}\x{9}XXXXX"
      RenderBlock {P} at (3,370) size 640x23 [color=#0000FF]
        RenderText {#text} at (0,0) size 577x21
          text run at (0,0) width 577: "-- Following text mixes whitespace:NORMAL and whitespace:PRE"
      RenderBlock {P} at (3,408) size 640x43
        RenderText {#text} at (0,0) size 433x43
          text run at (0,0) width 433: "AAAA BBBB CCCC DDDD EEEE FFFF GGGG HHHH IIII "
          text run at (0,22) width 39: "JJJJ"
        RenderInline {SPAN} at (38,22) size 270x20
          RenderText {#text} at (38,22) size 270x21
            text run at (38,22) width 270: "\x{9}\x{9}\x{9}\x{9}"
        RenderText {#text} at (307,22) size 39x21
          text run at (307,22) width 39: "KKKK"
