layer at (0,0) size 785x1592
  RenderView at (0,0) size 785x600
layer at (0,0) size 785x1592
  RenderBlock {HTML} at (0,0) size 785x1592
    RenderBody {BODY} at (8,8) size 769x1576 [bgcolor=#CCCCCC]
      RenderBlock {P} at (0,0) size 769x18
        RenderText {#text} at (0,0) size 355x18
          text run at (0,0) width 355: "The style declarations which apply to the text below are:"
      RenderBlock {PRE} at (0,34) size 769x165
        RenderText {#text} at (0,0) size 624x165
          text run at (0,0) width 184: ".zero {margin-left: 0;}"
          text run at (0,15) width 192: ".one {margin-left: 3em;}"
          text run at (0,30) width 192: ".two {margin-left: 3ex;}"
          text run at (0,45) width 216: ".three {margin-left: 36px;}"
          text run at (0,60) width 216: ".four {margin-left: 0.5in;}"
          text run at (0,75) width 224: ".five {margin-left: 1.27cm;}"
          text run at (0,90) width 216: ".six {margin-left: 12.7mm;}"
          text run at (0,105) width 216: ".seven {margin-left: 36pt;}"
          text run at (0,120) width 208: ".eight {margin-left: 3pc;}"
          text run at (0,135) width 208: ".nine {margin-left: +3pc;}"
          text run at (0,150) width 624: ".ten {font-size: 40px; border-left: 1ex solid purple; background-color: aqua;}"
      RenderBlock {HR} at (0,212) size 769x2 [border: (1px inset #000000)]
      RenderBlock {P} at (0,230) size 769x36
        RenderText {#text} at (0,0) size 761x36
          text run at (0,0) width 761: "This paragraph has no left margin. The following paragraphs have all been given a left margin and their left (outer) edges"
          text run at (0,18) width 347: "should therefore be appropriately shifted to the right of "
        RenderInline {EM} at (0,0) size 22x18
          RenderText {#text} at (347,18) size 22x18
            text run at (347,18) width 22: "this"
        RenderText {#text} at (369,18) size 138x18
          text run at (369,18) width 138: " paragraph's left edge."
      RenderBlock {P} at (48,282) size 721x18
        RenderText {#text} at (0,0) size 310x18
          text run at (0,0) width 310: "This paragraph should have a left margin of 3em."
      RenderBlock {P} at (21,316) size 748x18
        RenderText {#text} at (0,0) size 306x18
          text run at (0,0) width 306: "This paragraph should have a left margin of 3ex."
      RenderBlock {P} at (36,350) size 733x18
        RenderText {#text} at (0,0) size 340x18
          text run at (0,0) width 340: "This paragraph should have a left margin of 36 pixels."
      RenderBlock {P} at (48,384) size 721x18
        RenderText {#text} at (0,0) size 357x18
          text run at (0,0) width 357: "This paragraph should have a left margin of half an inch."
      RenderBlock {P} at (48,418) size 721x18
        RenderText {#text} at (0,0) size 330x18
          text run at (0,0) width 330: "This paragraph should have a left margin of 1.27cm."
      RenderBlock {P} at (48,452) size 721x18
        RenderText {#text} at (0,0) size 335x18
          text run at (0,0) width 335: "This paragraph should have a left margin of 12.7mm."
      RenderBlock {P} at (48,486) size 721x18
        RenderText {#text} at (0,0) size 341x18
          text run at (0,0) width 341: "This paragraph should have a left margin of 36 points."
      RenderBlock {P} at (48,520) size 721x18
        RenderText {#text} at (0,0) size 327x18
          text run at (0,0) width 327: "This paragraph should have a left margin of 3 picas."
      RenderBlock {P} at (48,554) size 721x18
        RenderText {#text} at (0,0) size 591x18
          text run at (0,0) width 591: "This paragraph should have a left margin of 3 picas (the plus sign should make no difference)."
      RenderBlock {P} at (0,612) size 769x230 [bgcolor=#00FFFF] [border: none (17.94px solid #800080)]
        RenderText {#text} at (17,0) size 311x46
          text run at (17,0) width 311: "This element has a "
        RenderInline {CODE} at (0,0) size 217x46
          RenderText {#text} at (327,0) size 217x46
            text run at (327,0) width 217: "font-size"
        RenderText {#text} at (543,0) size 54x46
          text run at (543,0) width 54: " of "
        RenderInline {CODE} at (0,0) size 97x46
          RenderText {#text} at (596,0) size 97x46
            text run at (596,0) width 97: "40px"
        RenderText {#text} at (692,0) size 744x92
          text run at (692,0) width 69: " and"
          text run at (17,46) width 29: "a "
        RenderInline {CODE} at (0,0) size 265x46
          RenderText {#text} at (45,46) size 265x46
            text run at (45,46) width 265: "border-left"
        RenderText {#text} at (309,46) size 54x46
          text run at (309,46) width 54: " of "
        RenderInline {CODE} at (0,0) size 385x46
          RenderText {#text} at (362,46) size 385x46
            text run at (362,46) width 385: "1ex solid purple"
        RenderText {#text} at (746,46) size 740x184
          text run at (746,46) width 11: "."
          text run at (17,92) width 674: "This should make the left border the same"
          text run at (17,138) width 712: "number of pixels as the lower-case 'x' in this"
          text run at (17,184) width 612: "element's font, as well as solid purple."
      RenderTable {TABLE} at (0,882) size 769x694 [border: (1px outset #808080)]
        RenderTableSection {TBODY} at (1,1) size 767x692
          RenderTableRow {TR} at (0,0) size 767x26
            RenderTableCell {TD} at (0,0) size 767x26 [bgcolor=#C0C0C0] [border: (1px inset #808080)] [r=0 c=0 rs=1 cs=2]
              RenderInline {STRONG} at (0,0) size 163x18
                RenderText {#text} at (4,4) size 163x18
                  text run at (4,4) width 163: "TABLE Testing Section"
          RenderTableRow {TR} at (0,26) size 767x666
            RenderTableCell {TD} at (0,346) size 12x26 [bgcolor=#C0C0C0] [border: (1px inset #808080)] [r=1 c=0 rs=1 cs=1]
              RenderText {#text} at (4,4) size 4x18
                text run at (4,4) width 4: " "
            RenderTableCell {TD} at (12,26) size 755x666 [border: (1px inset #808080)] [r=1 c=1 rs=1 cs=1]
              RenderBlock {P} at (4,4) size 747x36
                RenderText {#text} at (0,0) size 721x36
                  text run at (0,0) width 721: "This paragraph has no left margin. The following paragraphs have all been given a left margin and their left (outer)"
                  text run at (0,18) width 387: "edges should therefore be appropriately shifted to the right of "
                RenderInline {EM} at (0,0) size 22x18
                  RenderText {#text} at (387,18) size 22x18
                    text run at (387,18) width 22: "this"
                RenderText {#text} at (409,18) size 138x18
                  text run at (409,18) width 138: " paragraph's left edge."
              RenderBlock {P} at (52,56) size 699x18
                RenderText {#text} at (0,0) size 310x18
                  text run at (0,0) width 310: "This paragraph should have a left margin of 3em."
              RenderBlock {P} at (25,90) size 726x18
                RenderText {#text} at (0,0) size 306x18
                  text run at (0,0) width 306: "This paragraph should have a left margin of 3ex."
              RenderBlock {P} at (40,124) size 711x18
                RenderText {#text} at (0,0) size 340x18
                  text run at (0,0) width 340: "This paragraph should have a left margin of 36 pixels."
              RenderBlock {P} at (52,158) size 699x18
                RenderText {#text} at (0,0) size 357x18
                  text run at (0,0) width 357: "This paragraph should have a left margin of half an inch."
              RenderBlock {P} at (52,192) size 699x18
                RenderText {#text} at (0,0) size 330x18
                  text run at (0,0) width 330: "This paragraph should have a left margin of 1.27cm."
              RenderBlock {P} at (52,226) size 699x18
                RenderText {#text} at (0,0) size 335x18
                  text run at (0,0) width 335: "This paragraph should have a left margin of 12.7mm."
              RenderBlock {P} at (52,260) size 699x18
                RenderText {#text} at (0,0) size 341x18
                  text run at (0,0) width 341: "This paragraph should have a left margin of 36 points."
              RenderBlock {P} at (52,294) size 699x18
                RenderText {#text} at (0,0) size 327x18
                  text run at (0,0) width 327: "This paragraph should have a left margin of 3 picas."
              RenderBlock {P} at (52,328) size 699x18
                RenderText {#text} at (0,0) size 591x18
                  text run at (0,0) width 591: "This paragraph should have a left margin of 3 picas (the plus sign should make no difference)."
              RenderBlock {P} at (4,386) size 747x276 [bgcolor=#00FFFF] [border: none (17.94px solid #800080)]
                RenderText {#text} at (17,0) size 311x46
                  text run at (17,0) width 311: "This element has a "
                RenderInline {CODE} at (0,0) size 217x46
                  RenderText {#text} at (327,0) size 217x46
                    text run at (327,0) width 217: "font-size"
                RenderText {#text} at (543,0) size 54x46
                  text run at (543,0) width 54: " of "
                RenderInline {CODE} at (0,0) size 97x46
                  RenderText {#text} at (596,0) size 97x46
                    text run at (596,0) width 97: "40px"
                RenderText {#text} at (17,46) size 97x46
                  text run at (17,46) width 97: "and a "
                RenderInline {CODE} at (0,0) size 265x46
                  RenderText {#text} at (113,46) size 265x46
                    text run at (113,46) width 265: "border-left"
                RenderText {#text} at (377,46) size 54x46
                  text run at (377,46) width 54: " of "
                RenderInline {CODE} at (0,0) size 630x92
                  RenderText {#text} at (430,46) size 630x92
                    text run at (430,46) width 217: "1ex solid"
                    text run at (17,92) width 145: "purple"
                RenderText {#text} at (161,92) size 711x184
                  text run at (161,92) width 21: ". "
                  text run at (181,92) width 522: "This should make the left border"
                  text run at (17,138) width 711: "the same number of pixels as the lower-case"
                  text run at (17,184) width 643: "'x' in this element's font, as well as solid"
                  text run at (17,230) width 113: "purple."
