CONSOLE MESSAGE: TypeError: slot1.assign is not a function. (In 'slot1.assign([child1])', 'slot1.assign' is undefined)
layer at (0,0) size 800x600
  RenderView at (0,0) size 800x600
layer at (0,0) size 800x34
  RenderBlock {HTML} at (0,0) size 800x34
    RenderBody {BODY} at (8,8) size 784x18
      RenderBlock {DIV} at (0,0) size 784x0
        RenderBlock {DIV} at (0,0) size 784x0
      RenderBlock (anonymous) at (0,0) size 784x18
        RenderText {#text} at (0,0) size 220x17
          text run at (0,0) width 220: "This test passes if it does not crash."
        RenderText {#text} at (0,0) size 0x0
