layer at (0,0) size 800x1574
  RenderView at (0,0) size 800x600
layer at (0,0) size 800x1574
  RenderBlock {HTML} at (0,0) size 800x1574
    RenderBody {BODY} at (8,16) size 784x1542
      RenderBlock {P} at (0,0) size 784x60
        RenderText {#text} at (23,0) size 761x59
          text run at (23,0) width 405: "Test rendering of 3 text runs -- TextRun1 TextRun2 TextRun3, "
          text run at (427,0) width 357: "in which TextRun1 and TextRun2's bidi level are 2, and"
          text run at (54,20) width 730: "TextRun3's bidi level is 1. TextRun2 and TextRun3 are siblings. But their ancestor (not their parent) is a sibling of"
          text run at (108,40) width 72: "TextRun1. "
          text run at (179,40) width 605: "The visual order should be TextRun3 TextRun1 TextRun2, not TextRun3 TextRun2 TextRun1."
      RenderBlock {P} at (0,94) size 784x20
        RenderText {#text} at (319,0) size 465x19
          text run at (319,0) width 348: "Pure text. The following 3 lines should all display as \""
          text run at (666,0) width 23 RTL: "\x{5E9}\x{5E0}\x{5D1}"
          text run at (688,0) width 96: " This is a Test\""
      RenderBlock {DIV} at (0,130) size 784x20 [bgcolor=#FF0000]
        RenderText {#text} at (699,0) size 59x19
          text run at (699,0) width 59: "This is a "
        RenderInline {SPAN} at (673,0) size 111x19
          RenderInline {SPAN} at (673,0) size 111x19
            RenderText {#text} at (695,0) size 89x19
              text run at (695,0) width 5 RTL: " "
              text run at (757,0) width 27: "Test"
            RenderInline {SPAN} at (673,0) size 23x19
              RenderText {#text} at (673,0) size 23x19
                text run at (673,0) width 23 RTL: "\x{5E9}\x{5E0}\x{5D1}"
      RenderBlock {DIV} at (0,150) size 784x20 [bgcolor=#FF0000]
        RenderText {#text} at (699,0) size 59x19
          text run at (699,0) width 59: "This is a "
        RenderInline {SPAN} at (673,0) size 111x19
          RenderInline {SPAN} at (673,0) size 111x19
            RenderInline {SPAN} at (673,0) size 111x19
              RenderText {#text} at (695,0) size 89x19
                text run at (695,0) width 5 RTL: " "
                text run at (757,0) width 27: "Test"
              RenderInline {SPAN} at (673,0) size 23x19
                RenderText {#text} at (673,0) size 23x19
                  text run at (673,0) width 23 RTL: "\x{5E9}\x{5E0}\x{5D1}"
      RenderBlock {DIV} at (0,170) size 784x20
        RenderText {#text} at (699,0) size 59x19
          text run at (699,0) width 59: "This is a "
        RenderInline {SPAN} at (673,0) size 111x19
          RenderText {#text} at (695,0) size 89x19
            text run at (695,0) width 5 RTL: " "
            text run at (757,0) width 27: "Test"
          RenderInline {SPAN} at (673,0) size 23x19
            RenderText {#text} at (673,0) size 23x19
              text run at (673,0) width 23 RTL: "\x{5E9}\x{5E0}\x{5D1}"
      RenderBlock {P} at (0,216) size 784x20
        RenderText {#text} at (329,0) size 455x19
          text run at (329,0) width 455: "Text in <em>. The English text should be displayed as \"This is a Test\"."
      RenderBlock {DIV} at (0,252) size 784x20 [bgcolor=#FF0000]
        RenderText {#text} at (700,0) size 59x19
          text run at (700,0) width 59: "This is a "
        RenderInline {SPAN} at (758,0) size 26x19
          RenderInline {EM} at (758,0) size 26x19
            RenderInline {SPAN} at (758,0) size 0x19
            RenderText {#text} at (758,0) size 26x19
              text run at (758,0) width 26: "Test"
            RenderInline {SPAN} at (784,0) size 0x19
      RenderBlock {DIV} at (0,272) size 784x20 [bgcolor=#FF0000]
        RenderText {#text} at (700,0) size 59x19
          text run at (700,0) width 59: "This is a "
        RenderInline {SPAN} at (758,0) size 26x19
          RenderInline {EM} at (758,0) size 26x19
            RenderText {#text} at (758,0) size 26x19
              text run at (758,0) width 26: "Test"
            RenderInline {SPAN} at (784,0) size 0x19
      RenderBlock {DIV} at (0,292) size 784x20 [bgcolor=#FF0000]
        RenderText {#text} at (700,0) size 59x19
          text run at (700,0) width 59: "This is a "
        RenderInline {SPAN} at (674,0) size 110x19
          RenderInline {EM} at (674,0) size 110x19
            RenderText {#text} at (696,0) size 88x19
              text run at (696,0) width 5 RTL: " "
              text run at (758,0) width 26: "Test"
            RenderInline {SPAN} at (674,0) size 23x19
              RenderText {#text} at (674,0) size 23x19
                text run at (674,0) width 23 RTL: "\x{5D3}\x{5DE}\x{5D4}"
      RenderBlock {DIV} at (0,312) size 784x20
        RenderText {#text} at (700,0) size 59x19
          text run at (700,0) width 59: "This is a "
        RenderInline {SPAN} at (758,0) size 26x19
          RenderInline {EM} at (758,0) size 26x19
            RenderInline {SPAN} at (758,0) size 0x19
            RenderText {#text} at (758,0) size 26x19
              text run at (758,0) width 26: "Test"
      RenderBlock {DIV} at (0,332) size 784x20
        RenderText {#text} at (700,0) size 59x19
          text run at (700,0) width 59: "This is a "
        RenderInline {SPAN} at (758,0) size 26x19
          RenderInline {EM} at (758,0) size 26x19
            RenderText {#text} at (758,0) size 26x19
              text run at (758,0) width 26: "Test"
      RenderBlock {P} at (0,378) size 784x20
        RenderText {#text} at (304,0) size 480x19
          text run at (304,0) width 480: "Text in <strong>. The following lines should all display as \"This is a Test\"."
      RenderBlock {DIV} at (0,414) size 784x20 [bgcolor=#FF0000]
        RenderText {#text} at (697,0) size 60x19
          text run at (697,0) width 60: "This is a "
        RenderInline {SPAN} at (756,0) size 28x19
          RenderInline {STRONG} at (756,0) size 28x19
            RenderInline {SPAN} at (756,0) size 0x19
            RenderText {#text} at (756,0) size 28x19
              text run at (756,0) width 28: "Test"
            RenderInline {SPAN} at (784,0) size 0x19
      RenderBlock {DIV} at (0,434) size 784x20 [bgcolor=#FF0000]
        RenderText {#text} at (697,0) size 60x19
          text run at (697,0) width 60: "This is a "
        RenderInline {SPAN} at (756,0) size 28x19
          RenderInline {STRONG} at (756,0) size 28x19
            RenderText {#text} at (756,0) size 28x19
              text run at (756,0) width 28: "Test"
            RenderInline {SPAN} at (784,0) size 0x19
      RenderBlock {DIV} at (0,454) size 784x20
        RenderText {#text} at (697,0) size 60x19
          text run at (697,0) width 60: "This is a "
        RenderInline {SPAN} at (756,0) size 28x19
          RenderInline {STRONG} at (756,0) size 28x19
            RenderInline {SPAN} at (756,0) size 0x19
            RenderText {#text} at (756,0) size 28x19
              text run at (756,0) width 28: "Test"
      RenderBlock {DIV} at (0,474) size 784x20
        RenderText {#text} at (697,0) size 60x19
          text run at (697,0) width 60: "This is a "
        RenderInline {SPAN} at (756,0) size 28x19
          RenderInline {STRONG} at (756,0) size 28x19
            RenderText {#text} at (756,0) size 28x19
              text run at (756,0) width 28: "Test"
      RenderBlock {P} at (0,520) size 784x20
        RenderText {#text} at (339,0) size 445x19
          text run at (339,0) width 445: "Text in <i>. The following lines should all display as \"This is a Test\"."
      RenderBlock {DIV} at (0,556) size 784x20 [bgcolor=#FF0000]
        RenderText {#text} at (700,0) size 59x19
          text run at (700,0) width 59: "This is a "
        RenderInline {SPAN} at (758,0) size 26x19
          RenderInline {I} at (758,0) size 26x19
            RenderInline {SPAN} at (758,0) size 0x19
            RenderText {#text} at (758,0) size 26x19
              text run at (758,0) width 26: "Test"
            RenderInline {SPAN} at (784,0) size 0x19
      RenderBlock {DIV} at (0,576) size 784x20 [bgcolor=#FF0000]
        RenderText {#text} at (700,0) size 59x19
          text run at (700,0) width 59: "This is a "
        RenderInline {SPAN} at (758,0) size 26x19
          RenderInline {I} at (758,0) size 26x19
            RenderText {#text} at (758,0) size 26x19
              text run at (758,0) width 26: "Test"
            RenderInline {SPAN} at (784,0) size 0x19
      RenderBlock {DIV} at (0,596) size 784x20
        RenderText {#text} at (700,0) size 59x19
          text run at (700,0) width 59: "This is a "
        RenderInline {SPAN} at (758,0) size 26x19
          RenderInline {I} at (758,0) size 26x19
            RenderInline {SPAN} at (758,0) size 0x19
            RenderText {#text} at (758,0) size 26x19
              text run at (758,0) width 26: "Test"
      RenderBlock {DIV} at (0,616) size 784x20
        RenderText {#text} at (700,0) size 59x19
          text run at (700,0) width 59: "This is a "
        RenderInline {SPAN} at (758,0) size 26x19
          RenderInline {I} at (758,0) size 26x19
            RenderText {#text} at (758,0) size 26x19
              text run at (758,0) width 26: "Test"
      RenderBlock {P} at (0,662) size 784x20
        RenderText {#text} at (336,0) size 448x19
          text run at (336,0) width 448: "Text in <b>. The following lines should all display as \"This is a Test\"."
      RenderBlock {DIV} at (0,698) size 784x20 [bgcolor=#FF0000]
        RenderText {#text} at (697,0) size 60x19
          text run at (697,0) width 60: "This is a "
        RenderInline {SPAN} at (756,0) size 28x19
          RenderInline {B} at (756,0) size 28x19
            RenderInline {SPAN} at (756,0) size 0x19
            RenderText {#text} at (756,0) size 28x19
              text run at (756,0) width 28: "Test"
            RenderInline {SPAN} at (784,0) size 0x19
      RenderBlock {DIV} at (0,718) size 784x20 [bgcolor=#FF0000]
        RenderText {#text} at (697,0) size 60x19
          text run at (697,0) width 60: "This is a "
        RenderInline {SPAN} at (756,0) size 28x19
          RenderInline {B} at (756,0) size 28x19
            RenderText {#text} at (756,0) size 28x19
              text run at (756,0) width 28: "Test"
            RenderInline {SPAN} at (784,0) size 0x19
      RenderBlock {DIV} at (0,738) size 784x20
        RenderText {#text} at (697,0) size 60x19
          text run at (697,0) width 60: "This is a "
        RenderInline {SPAN} at (756,0) size 28x19
          RenderInline {B} at (756,0) size 28x19
            RenderInline {SPAN} at (756,0) size 0x19
            RenderText {#text} at (756,0) size 28x19
              text run at (756,0) width 28: "Test"
      RenderBlock {DIV} at (0,758) size 784x20
        RenderText {#text} at (697,0) size 60x19
          text run at (697,0) width 60: "This is a "
        RenderInline {SPAN} at (756,0) size 28x19
          RenderInline {B} at (756,0) size 28x19
            RenderText {#text} at (756,0) size 28x19
              text run at (756,0) width 28: "Test"
      RenderBlock (anonymous) at (0,778) size 784x0
        RenderInline {B} at (0,0) size 0x0
          RenderText {#text} at (0,0) size 0x0
      RenderBlock (anonymous) at (0,786) size 784x756
        RenderBlock {P} at (0,18) size 784x20
          RenderText {#text} at (106,0) size 678x19
            text run at (106,0) width 678: "Text in <img>, <href>, <em>, <tr>. The following English text should all display as \"This is a Test\"."
        RenderBlock {DIV} at (0,54) size 784x25 [bgcolor=#FF0000]
          RenderText {#text} at (695,5) size 62x19
            text run at (695,5) width 62: "This is a "
          RenderInline {SPAN} at (675,5) size 109x19
            RenderInline {A} at (675,5) size 109x19 [color=#551A8B]
              RenderText {#text} at (756,5) size 28x19
                text run at (756,5) width 28: "Test"
              RenderInline {SPAN} at (675,5) size 21x19
                RenderImage {IMG} at (675,0) size 21x20
        RenderBlock {DIV} at (0,79) size 784x20 [bgcolor=#FF0000]
          RenderText {#text} at (695,0) size 62x19
            text run at (695,0) width 62: "This is a "
          RenderInline {SPAN} at (667,0) size 117x19
            RenderInline {A} at (667,0) size 117x19 [color=#551A8B]
              RenderText {#text} at (691,0) size 93x19
                text run at (691,0) width 5 RTL: " "
                text run at (756,0) width 28: "Test"
              RenderInline {SPAN} at (667,0) size 25x19
                RenderText {#text} at (667,0) size 25x19
                  text run at (667,0) width 25 RTL: "\x{5E9}\x{5E0}\x{5D1}"
        RenderBlock {DIV} at (0,99) size 784x20 [bgcolor=#FF0000]
          RenderText {#text} at (697,0) size 61x19
            text run at (697,0) width 61: "This is a "
          RenderInline {SPAN} at (757,0) size 27x19
            RenderInline {EM} at (757,0) size 27x19
              RenderText {#text} at (757,0) size 27x19
                text run at (757,0) width 27: "Test"
              RenderInline {A} at (784,0) size 0x19 [color=#551A8B]
        RenderBlock {DIV} at (0,119) size 784x25 [bgcolor=#FF0000]
          RenderText {#text} at (697,5) size 61x19
            text run at (697,5) width 61: "This is a "
          RenderInline {SPAN} at (677,5) size 107x19
            RenderInline {EM} at (677,5) size 107x19
              RenderText {#text} at (757,5) size 27x19
                text run at (757,5) width 27: "Test"
              RenderInline {SPAN} at (677,5) size 20x19
                RenderImage {IMG} at (677,0) size 20x20
        RenderBlock {DIV} at (0,144) size 784x20
          RenderText {#text} at (653,0) size 62x19
            text run at (653,0) width 62: "This is a "
          RenderInline {SPAN} at (714,0) size 70x19
            RenderInline {A} at (714,0) size 70x19 [color=#551A8B]
              RenderText {#text} at (714,0) size 33x19
                text run at (714,0) width 33: "Test "
              RenderInline {SPAN} at (746,0) size 38x19
                RenderText {#text} at (746,0) size 38x19
                  text run at (746,0) width 38: "again"
        RenderBlock {DIV} at (0,164) size 784x46
          RenderBlock (anonymous) at (0,0) size 784x20
            RenderText {#text} at (697,0) size 61x19
              text run at (697,0) width 61: "This is a "
            RenderInline {SPAN} at (757,0) size 27x19
              RenderInline {EM} at (757,0) size 27x19
                RenderText {#text} at (757,0) size 27x19
                  text run at (757,0) width 27: "Test"
          RenderBlock (anonymous) at (0,20) size 784x26
            RenderTable {TABLE} at (770,0) size 14x26
              RenderTableSection {TBODY} at (0,0) size 14x26
                RenderTableRow {TR} at (0,2) size 14x22
                  RenderTableCell {TD} at (2,2) size 10x22 [r=0 c=0 rs=1 cs=1]
                    RenderText {#text} at (1,1) size 8x19
                      text run at (1,1) width 8: "a"
          RenderBlock (anonymous) at (0,46) size 784x0
            RenderInline {SPAN} at (0,0) size 0x0
              RenderInline {EM} at (0,0) size 0x0
        RenderBlock {UL} at (0,236) size 784x520
          RenderListItem {LI} at (40,0) size 744x20
            RenderListMarker at (-18,0) size 7x19: bullet
            RenderText {#text} at (0,0) size 310x19
              text run at (0,0) width 310: "Test 0: : Failure, actual: This ; expected: This"
          RenderListItem {LI} at (40,20) size 744x20
            RenderListMarker at (-18,0) size 7x19: bullet
            RenderText {#text} at (0,0) size 310x19
              text run at (0,0) width 310: "Test 1: : Failure, actual: This ; expected: This"
          RenderListItem {LI} at (40,40) size 744x20
            RenderListMarker at (-18,0) size 7x19: bullet
            RenderText {#text} at (0,0) size 310x19
              text run at (0,0) width 310: "Test 2: : Failure, actual: This ; expected: This"
          RenderListItem {LI} at (40,60) size 744x20
            RenderListMarker at (-18,0) size 7x19: bullet
            RenderText {#text} at (0,0) size 310x19
              text run at (0,0) width 310: "Test 3: : Failure, actual: This ; expected: This"
          RenderListItem {LI} at (40,80) size 744x20
            RenderListMarker at (-18,0) size 7x19: bullet
            RenderText {#text} at (0,0) size 310x19
              text run at (0,0) width 310: "Test 4: : Failure, actual: This ; expected: This"
          RenderListItem {LI} at (40,100) size 744x20
            RenderListMarker at (-18,0) size 7x19: bullet
            RenderText {#text} at (0,0) size 310x19
              text run at (0,0) width 310: "Test 5: : Failure, actual: This ; expected: This"
          RenderListItem {LI} at (40,120) size 744x20
            RenderListMarker at (-18,0) size 7x19: bullet
            RenderText {#text} at (0,0) size 310x19
              text run at (0,0) width 310: "Test 6: : Failure, actual: This ; expected: This"
          RenderListItem {LI} at (40,140) size 744x20
            RenderListMarker at (-18,0) size 7x19: bullet
            RenderText {#text} at (0,0) size 310x19
              text run at (0,0) width 310: "Test 7: : Failure, actual: This ; expected: This"
          RenderListItem {LI} at (40,160) size 744x20
            RenderListMarker at (-18,0) size 7x19: bullet
            RenderText {#text} at (0,0) size 310x19
              text run at (0,0) width 310: "Test 8: : Failure, actual: This ; expected: This"
          RenderListItem {LI} at (40,180) size 744x20
            RenderListMarker at (-18,0) size 7x19: bullet
            RenderText {#text} at (0,0) size 310x19
              text run at (0,0) width 310: "Test 9: : Failure, actual: This ; expected: This"
          RenderListItem {LI} at (40,200) size 744x20
            RenderListMarker at (-18,0) size 7x19: bullet
            RenderText {#text} at (0,0) size 318x19
              text run at (0,0) width 318: "Test 10: : Failure, actual: This ; expected: This"
          RenderListItem {LI} at (40,220) size 744x20
            RenderListMarker at (-18,0) size 7x19: bullet
            RenderText {#text} at (0,0) size 317x19
              text run at (0,0) width 317: "Test 11: : Failure, actual: This ; expected: This"
          RenderListItem {LI} at (40,240) size 744x20
            RenderListMarker at (-18,0) size 7x19: bullet
            RenderText {#text} at (0,0) size 318x19
              text run at (0,0) width 318: "Test 12: : Failure, actual: This ; expected: This"
          RenderListItem {LI} at (40,260) size 744x20
            RenderListMarker at (-18,0) size 7x19: bullet
            RenderText {#text} at (0,0) size 318x19
              text run at (0,0) width 318: "Test 13: : Failure, actual: This ; expected: This"
          RenderListItem {LI} at (40,280) size 744x20
            RenderListMarker at (-18,0) size 7x19: bullet
            RenderText {#text} at (0,0) size 318x19
              text run at (0,0) width 318: "Test 14: : Failure, actual: This ; expected: This"
          RenderListItem {LI} at (40,300) size 744x20
            RenderListMarker at (-18,0) size 7x19: bullet
            RenderText {#text} at (0,0) size 318x19
              text run at (0,0) width 318: "Test 15: : Failure, actual: This ; expected: This"
          RenderListItem {LI} at (40,320) size 744x20
            RenderListMarker at (-18,0) size 7x19: bullet
            RenderText {#text} at (0,0) size 318x19
              text run at (0,0) width 318: "Test 16: : Failure, actual: This ; expected: This"
          RenderListItem {LI} at (40,340) size 744x20
            RenderListMarker at (-18,0) size 7x19: bullet
            RenderText {#text} at (0,0) size 318x19
              text run at (0,0) width 318: "Test 17: : Failure, actual: This ; expected: This"
          RenderListItem {LI} at (40,360) size 744x20
            RenderListMarker at (-18,0) size 7x19: bullet
            RenderText {#text} at (0,0) size 318x19
              text run at (0,0) width 318: "Test 18: : Failure, actual: This ; expected: This"
          RenderListItem {LI} at (40,380) size 744x20
            RenderListMarker at (-18,0) size 7x19: bullet
            RenderText {#text} at (0,0) size 318x19
              text run at (0,0) width 318: "Test 19: : Failure, actual: This ; expected: This"
          RenderListItem {LI} at (40,400) size 744x20
            RenderListMarker at (-18,0) size 7x19: bullet
            RenderText {#text} at (0,0) size 318x19
              text run at (0,0) width 318: "Test 20: : Failure, actual: This ; expected: This"
          RenderListItem {LI} at (40,420) size 744x20
            RenderListMarker at (-18,0) size 7x19: bullet
            RenderText {#text} at (0,0) size 318x19
              text run at (0,0) width 318: "Test 21: : Failure, actual: This ; expected: This"
          RenderListItem {LI} at (40,440) size 744x20
            RenderListMarker at (-18,0) size 7x19: bullet
            RenderText {#text} at (0,0) size 318x19
              text run at (0,0) width 318: "Test 22: : Failure, actual: This ; expected: This"
          RenderListItem {LI} at (40,460) size 744x20
            RenderListMarker at (-18,0) size 7x19: bullet
            RenderText {#text} at (0,0) size 318x19
              text run at (0,0) width 318: "Test 23: : Failure, actual: This ; expected: This"
          RenderListItem {LI} at (40,480) size 744x20
            RenderListMarker at (-18,0) size 7x19: bullet
            RenderText {#text} at (0,0) size 318x19
              text run at (0,0) width 318: "Test 24: : Failure, actual: This ; expected: This"
          RenderListItem {LI} at (40,500) size 744x20
            RenderListMarker at (-18,0) size 7x19: bullet
            RenderText {#text} at (0,0) size 318x19
              text run at (0,0) width 318: "Test 25: : Failure, actual: This ; expected: This"
      RenderBlock (anonymous) at (0,1558) size 784x0
        RenderInline {B} at (0,0) size 0x0
layer at (8,92) size 784x2 clip at (0,0) size 0x0
  RenderBlock {HR} at (0,76) size 784x2 [color=#808080] [border: (1px inset #808080)]
layer at (8,214) size 784x2 clip at (0,0) size 0x0
  RenderBlock {HR} at (0,198) size 784x2 [color=#808080] [border: (1px inset #808080)]
layer at (8,376) size 784x2 clip at (0,0) size 0x0
  RenderBlock {HR} at (0,360) size 784x2 [color=#808080] [border: (1px inset #808080)]
layer at (8,518) size 784x2 clip at (0,0) size 0x0
  RenderBlock {HR} at (0,502) size 784x2 [color=#808080] [border: (1px inset #808080)]
layer at (8,660) size 784x2 clip at (0,0) size 0x0
  RenderBlock {HR} at (0,644) size 784x2 [color=#808080] [border: (1px inset #808080)]
layer at (8,802) size 784x2 clip at (0,0) size 0x0
  RenderBlock {HR} at (0,0) size 784x2 [color=#808080] [border: (1px inset #808080)]
layer at (8,1020) size 784x2 clip at (0,0) size 0x0
  RenderBlock {HR} at (0,218) size 784x2 [color=#808080] [border: (1px inset #808080)]
selection start: position 0 of child 0 {#text} of child 14 {DIV} of child 56 {B} of body
selection end:   position 5 of child 0 {#text} of child 14 {DIV} of child 56 {B} of body
