layer at (0,0) size 800x610
  RenderView at (0,0) size 800x600
layer at (0,0) size 800x610
  RenderBlock {HTML} at (0,0) size 800x610
    RenderBody {BODY} at (8,8) size 784x594
      RenderBlock {DIV} at (0,0) size 784x94 [border: (1px solid #FF0000)]
        RenderBlock {P} at (1,17) size 782x60
          RenderText {#text} at (0,0) size 755x59
            text run at (0,0) width 711: "This test verifies that JavaScript returns only direct descendent element nodes in the 'children' collection (an IE"
            text run at (0,20) width 75: "extension). "
            text run at (74,20) width 681: "We also verify that the 'childNodes' collection contains direct descendent nodes of any type (text, element,"
            text run at (0,40) width 28: "etc.)"
      RenderBlock {DIV} at (0,94) size 784x100
        RenderBlock {DIV} at (0,0) size 784x20
          RenderInline {B} at (0,0) size 24x19
            RenderText {#text} at (0,0) size 24x19
              text run at (0,0) width 24: "test"
          RenderText {#text} at (23,0) size 5x19
            text run at (23,0) width 5: " "
          RenderInline {U} at (0,0) size 58x19
            RenderText {#text} at (27,0) size 58x19
              text run at (27,0) width 58: "non bold"
          RenderText {#text} at (84,0) size 5x19
            text run at (84,0) width 5: " "
          RenderInline {I} at (0,0) size 34x19
            RenderText {#text} at (88,0) size 34x19
              text run at (88,0) width 34: "italic"
          RenderText {#text} at (121,0) size 27x19
            text run at (121,0) width 27: " test"
        RenderBlock {DIV} at (0,20) size 784x20
          RenderText {#text} at (0,0) size 60x19
            text run at (0,0) width 60: "plain text"
        RenderBlock {DIV} at (0,40) size 784x20
          RenderText {#text} at (0,0) size 76x19
            text run at (0,0) width 76: "another line"
        RenderBlock {DIV} at (0,60) size 784x20
          RenderText {#text} at (0,0) size 100x19
            text run at (0,0) width 100: "yet another line"
        RenderBlock {DIV} at (0,80) size 784x20
          RenderInline {SPAN} at (0,0) size 57x19
            RenderText {#text} at (0,0) size 32x19
              text run at (0,0) width 32: "fifth "
            RenderInline {B} at (0,0) size 26x19
              RenderText {#text} at (31,0) size 26x19
                text run at (31,0) width 26: "line"
      RenderBlock {DIV} at (0,194) size 784x400
        RenderBR {BR} at (0,0) size 0x19
        RenderText {#text} at (0,20) size 383x19
          text run at (0,20) width 383: "Results: children.length = 5 (should be 5 DIV nodes below)"
        RenderBR {BR} at (382,20) size 1x19
        RenderText {#text} at (0,40) size 114x19
          text run at (0,40) width 114: "  node: DIV (one)"
        RenderBR {BR} at (113,40) size 1x19
        RenderText {#text} at (0,60) size 115x19
          text run at (0,60) width 115: "  node: DIV (two)"
        RenderBR {BR} at (114,60) size 1x19
        RenderText {#text} at (0,80) size 123x19
          text run at (0,80) width 123: "  node: DIV (three)"
        RenderBR {BR} at (122,80) size 1x19
        RenderText {#text} at (0,100) size 118x19
          text run at (0,100) width 118: "  node: DIV (four)"
        RenderBR {BR} at (117,100) size 1x19
        RenderText {#text} at (0,120) size 116x19
          text run at (0,120) width 116: "  node: DIV (five)"
        RenderBR {BR} at (115,120) size 1x19
        RenderBR {BR} at (0,140) size 0x19
        RenderText {#text} at (0,160) size 330x19
          text run at (0,160) width 330: "childNodes.length = 11 (should be 11 nodes below)"
        RenderBR {BR} at (329,160) size 1x19
        RenderText {#text} at (0,180) size 159x19
          text run at (0,180) width 159: "  node: #text (undefined)"
        RenderBR {BR} at (158,180) size 1x19
        RenderText {#text} at (0,200) size 114x19
          text run at (0,200) width 114: "  node: DIV (one)"
        RenderBR {BR} at (113,200) size 1x19
        RenderText {#text} at (0,220) size 159x19
          text run at (0,220) width 159: "  node: #text (undefined)"
        RenderBR {BR} at (158,220) size 1x19
        RenderText {#text} at (0,240) size 115x19
          text run at (0,240) width 115: "  node: DIV (two)"
        RenderBR {BR} at (114,240) size 1x19
        RenderText {#text} at (0,260) size 159x19
          text run at (0,260) width 159: "  node: #text (undefined)"
        RenderBR {BR} at (158,260) size 1x19
        RenderText {#text} at (0,280) size 123x19
          text run at (0,280) width 123: "  node: DIV (three)"
        RenderBR {BR} at (122,280) size 1x19
        RenderText {#text} at (0,300) size 159x19
          text run at (0,300) width 159: "  node: #text (undefined)"
        RenderBR {BR} at (158,300) size 1x19
        RenderText {#text} at (0,320) size 118x19
          text run at (0,320) width 118: "  node: DIV (four)"
        RenderBR {BR} at (117,320) size 1x19
        RenderText {#text} at (0,340) size 159x19
          text run at (0,340) width 159: "  node: #text (undefined)"
        RenderBR {BR} at (158,340) size 1x19
        RenderText {#text} at (0,360) size 116x19
          text run at (0,360) width 116: "  node: DIV (five)"
        RenderBR {BR} at (115,360) size 1x19
        RenderText {#text} at (0,380) size 159x19
          text run at (0,380) width 159: "  node: #text (undefined)"
        RenderBR {BR} at (158,380) size 1x19
