layer at (0,0) size 800x600
  RenderView at (0,0) size 800x600
layer at (0,0) size 800x296
  RenderBlock {html} at (0,0) size 800x296
    RenderBody {body} at (8,16) size 784x272
      RenderBlock {div} at (0,0) size 784x272
        RenderBlock {p} at (0,0) size 784x40
          RenderText {#text} at (0,0) size 699x39
            text run at (0,0) width 699: "This is a simple test of both importNode and cloneNode, created from an example that demonstrated a bug in"
            text run at (0,20) width 82: "importNode."
        RenderBlock {div} at (0,56) size 784x20 [bgcolor=#FFFF00]
          RenderText {#text} at (0,0) size 119x19
            text run at (0,0) width 119: "The original node:"
        RenderBlock {div} at (0,76) size 784x52 [bgcolor=#7F7FFF]
          RenderBlock (anonymous) at (3,3) size 778x20
            RenderText {#text} at (0,0) size 58x19
              text run at (0,0) width 58: "Outer bit"
          RenderBlock {div} at (6,26) size 772x20 [color=#FFFF00] [bgcolor=#0000FF]
            RenderText {#text} at (0,0) size 59x19
              text run at (0,0) width 59: "Inner bit."
        RenderBlock {div} at (0,128) size 784x20 [bgcolor=#FFFF00]
          RenderText {#text} at (0,0) size 176x19
            text run at (0,0) width 176: "Copied with importNode():"
        RenderBlock {div} at (0,148) size 784x52 [bgcolor=#7F7FFF]
          RenderBlock (anonymous) at (3,3) size 778x20
            RenderText {#text} at (0,0) size 58x19
              text run at (0,0) width 58: "Outer bit"
          RenderBlock {div} at (6,26) size 772x20 [color=#FFFF00] [bgcolor=#0000FF]
            RenderText {#text} at (0,0) size 59x19
              text run at (0,0) width 59: "Inner bit."
        RenderBlock {div} at (0,200) size 784x20 [bgcolor=#FFFF00]
          RenderText {#text} at (0,0) size 168x19
            text run at (0,0) width 168: "Copied with cloneNode():"
        RenderBlock {div} at (0,220) size 784x52 [bgcolor=#7F7FFF]
          RenderBlock (anonymous) at (3,3) size 778x20
            RenderText {#text} at (0,0) size 58x19
              text run at (0,0) width 58: "Outer bit"
          RenderBlock {div} at (6,26) size 772x20 [color=#FFFF00] [bgcolor=#0000FF]
            RenderText {#text} at (0,0) size 59x19
              text run at (0,0) width 59: "Inner bit."
