layer at (0,0) size 800x600
  RenderView at (0,0) size 800x600
layer at (0,0) size 800x600
  RenderBlock {HTML} at (0,0) size 800x600
    RenderBody {BODY} at (8,8) size 784x584
      RenderBlock (anonymous) at (0,0) size 784x18
        RenderText {#text} at (0,0) size 468x17
          text run at (0,0) width 468: "The TD tag uses the HEIGTH attribute. The TD has been set to 80 pixels."
        RenderBR {BR} at (468,0) size 0x17
      RenderTable {TABLE} at (0,18) size 286x110 [border: (1px outset #808080)]
        RenderTableSection {TBODY} at (1,1) size 284x108
          RenderTableRow {TR} at (0,2) size 284x80
            RenderTableCell {TD} at (2,31) size 280x22 [border: (1px inset #808080)] [r=0 c=0 rs=1 cs=1]
              RenderText {#text} at (2,2) size 156x17
                text run at (2,2) width 156: "Netscape Communicator"
          RenderTableRow {TR} at (0,84) size 284x22
            RenderTableCell {TD} at (2,84) size 280x22 [border: (1px inset #808080)] [r=1 c=0 rs=1 cs=1]
              RenderText {#text} at (2,2) size 276x17
                text run at (2,2) width 276: "Available on the Mac/PC/UNIX platforms !"
