layer at (0,0) size 800x600
  RenderView at (0,0) size 800x600
layer at (0,0) size 800x158
  RenderBlock {html} at (0,0) size 800x158
    RenderBody {body} at (8,16) size 784x134
      RenderBlock {p} at (0,0) size 784x18
        RenderText {#text} at (0,0) size 118x17
          text run at (0,0) width 118: "COL WIDTH=pct"
      RenderTable {table} at (0,34) size 400x100 [border: (1px outset #808080)]
        RenderTableCol {colgroup} at (0,0) size 0x0
          RenderTableCol {col} at (0,0) size 0x0
          RenderTableCol {col} at (0,0) size 0x0
        RenderTableSection (anonymous) at (1,1) size 398x98
          RenderTableRow {tr} at (0,2) size 398x94
            RenderTableCell {td} at (2,2) size 98x94 [border: (1px inset #808080)] [r=0 c=0 rs=1 cs=1]
              RenderText {#text} at (2,2) size 88x89
                text run at (2,2) width 81: "This column"
                text run at (2,20) width 88: "should have a"
                text run at (2,38) width 88: "width of 25%"
                text run at (2,56) width 75: "of 400px or"
                text run at (2,74) width 40: "100px"
            RenderTableCell {td} at (102,29) size 294x40 [border: (1px inset #808080)] [r=0 c=1 rs=1 cs=1]
              RenderText {#text} at (2,2) size 281x35
                text run at (2,2) width 281: "This column should have a width of 75% of"
                text run at (2,20) width 102: "400px or 300px"
