layer at (0,0) size 800x600
  RenderView at (0,0) size 800x600
layer at (0,0) size 800x134
  RenderBlock {html} at (0,0) size 800x134
    RenderBody {body} at (8,16) size 784x110
      RenderBlock {p} at (0,0) size 784x18
        RenderText {#text} at (0,0) size 341x17
          text run at (0,0) width 341: "In this test, the THEAD text should be center aligned"
      RenderTable {table} at (0,34) size 181x76 [border: (1px outset #808080)]
        RenderTableSection {thead} at (1,1) size 179x26
          RenderTableRow {tr} at (0,2) size 179x22
            RenderTableCell {td} at (2,2) size 175x22 [border: (1px inset #808080)] [r=0 c=0 rs=1 cs=1]
              RenderText {#text} at (60,2) size 55x17
                text run at (60,2) width 55: "THEAD"
        RenderTableSection {tfoot} at (1,51) size 179x24
          RenderTableRow {tr} at (0,0) size 179x22
            RenderTableCell {td} at (2,0) size 175x22 [border: (1px inset #808080)] [r=0 c=0 rs=1 cs=1]
              RenderText {#text} at (2,2) size 167x17
                text run at (2,2) width 167: "This text is in the TFOOT"
        RenderTableSection {tbody} at (1,27) size 179x24
          RenderTableRow {tr} at (0,0) size 179x22
            RenderTableCell {td} at (2,0) size 175x22 [border: (1px inset #808080)] [r=0 c=0 rs=1 cs=1]
              RenderText {#text} at (2,2) size 171x17
                text run at (2,2) width 171: "This text is in the TBODY"
