layer at (0,0) size 800x600
  RenderView at (0,0) size 800x600
layer at (0,0) size 800x303
  RenderBlock {html} at (0,0) size 800x303
    RenderBody {body} at (8,16) size 784x279
      RenderBlock {p} at (0,0) size 784x18
        RenderText {#text} at (0,0) size 175x17
          text run at (0,0) width 175: "TH VALIGN=BASELINE"
      RenderTable {table} at (0,34) size 784x245 [border: (1px outset #808080)]
        RenderTableSection (anonymous) at (1,1) size 782x243
          RenderTableRow {tr} at (0,2) size 782x239
            RenderTableCell {th} at (2,25) size 215x94 [border: (1px inset #808080)] [r=0 c=0 rs=1 cs=1]
              RenderText {#text} at (13,2) size 207x89
                text run at (13,2) width 189: "Compare the baseline of the"
                text run at (4,20) width 77: "first line of "
                text run at (80,20) width 131: "text in this cell with"
                text run at (8,38) width 198: "the baseline of the first line of"
                text run at (25,56) width 47: "text in "
                text run at (71,56) width 119: "the next cell: they"
                text run at (15,74) width 185: "should be vertically aligned"
            RenderTableCell {th} at (218,2) size 563x239 [border: (1px inset #808080)] [r=0 c=1 rs=1 cs=1]
              RenderText {#text} at (2,3) size 558x233
                text run at (2,3) width 381: "Compare the baseline "
                text run at (382,3) width 178: "of the first"
                text run at (25,50) width 511: "line of text in this cell with the"
                text run at (2,97) width 255: "baseline of the "
                text run at (256,97) width 304: "first line of text in"
                text run at (7,144) width 547: "the previous cell: they should be"
                text run at (133,191) width 171: "vertically "
                text run at (303,191) width 125: "aligned"
