layer at (0,0) size 800x1081
  RenderView at (0,0) size 800x600
layer at (0,0) size 800x1081
  RenderBlock {HTML} at (0,0) size 800x1081
    RenderBody {BODY} at (8,8) size 784x584
      RenderBlock (floating) {DIV} at (0,0) size 352x864 [border: (1px solid #FF0000)]
        RenderBlock (anonymous) at (1,1) size 350x14
          RenderText {#text} at (0,-2) size 179x17
            text run at (0,-2) width 179: "Plain textarea with little content"
        RenderBlock {DIV} at (1,15) size 352x43 [border: (1px solid #FF0000)]
          RenderText {#text} at (1,26) size 14x17
            text run at (1,26) width 14: "A "
          RenderText {#text} at (186,26) size 14x17
            text run at (186,26) width 14: " B"
        RenderBlock (anonymous) at (1,58) size 350x14
          RenderText {#text} at (0,-2) size 77x17
            text run at (0,-2) width 77: "Plain textarea"
        RenderBlock {DIV} at (1,72) size 352x43 [border: (1px solid #FF0000)]
          RenderText {#text} at (1,26) size 14x17
            text run at (1,26) width 14: "A "
          RenderText {#text} at (186,26) size 14x17
            text run at (186,26) width 14: " B"
        RenderBlock (anonymous) at (1,115) size 350x14
          RenderText {#text} at (0,-2) size 98x17
            text run at (0,-2) width 98: "Disabled textarea"
        RenderBlock {DIV} at (1,129) size 352x43 [border: (1px solid #FF0000)]
          RenderText {#text} at (1,26) size 14x17
            text run at (1,26) width 14: "A "
          RenderText {#text} at (186,26) size 14x17
            text run at (186,26) width 14: " B"
        RenderBlock (anonymous) at (1,172) size 350x14
          RenderText {#text} at (0,-2) size 123x17
            text run at (0,-2) width 123: "style=\"padding:10px\""
        RenderBlock {DIV} at (1,186) size 352x59 [border: (1px solid #FF0000)]
          RenderText {#text} at (1,42) size 14x17
            text run at (1,42) width 14: "A "
          RenderText {#text} at (195,42) size 14x17
            text run at (195,42) width 14: " B"
        RenderBlock (anonymous) at (1,245) size 350x14
          RenderText {#text} at (0,-2) size 116x17
            text run at (0,-2) width 116: "style=\"padding:0px\""
        RenderBlock {DIV} at (1,259) size 352x39 [border: (1px solid #FF0000)]
          RenderText {#text} at (1,22) size 14x17
            text run at (1,22) width 14: "A "
          RenderText {#text} at (175,22) size 14x17
            text run at (175,22) width 14: " B"
        RenderBlock (anonymous) at (1,298) size 350x14
          RenderText {#text} at (0,-2) size 118x17
            text run at (0,-2) width 118: "style=\"margin:10px\""
        RenderBlock {DIV} at (1,312) size 352x59 [border: (1px solid #FF0000)]
          RenderText {#text} at (1,42) size 14x17
            text run at (1,42) width 14: "A "
          RenderText {#text} at (202,42) size 14x17
            text run at (202,42) width 14: " B"
        RenderBlock (anonymous) at (1,371) size 350x14
          RenderText {#text} at (0,-2) size 111x17
            text run at (0,-2) width 111: "style=\"margin:0px\""
        RenderBlock {DIV} at (1,385) size 352x39 [border: (1px solid #FF0000)]
          RenderText {#text} at (1,22) size 14x17
            text run at (1,22) width 14: "A "
          RenderText {#text} at (182,22) size 14x17
            text run at (182,22) width 14: " B"
        RenderBlock (anonymous) at (1,424) size 350x14
          RenderText {#text} at (0,-2) size 38x17
            text run at (0,-2) width 38: "cols=3"
        RenderBlock {DIV} at (1,438) size 352x43 [border: (1px solid #FF0000)]
          RenderText {#text} at (1,26) size 14x17
            text run at (1,26) width 14: "A "
          RenderText {#text} at (67,26) size 14x17
            text run at (67,26) width 14: " B"
        RenderBlock (anonymous) at (1,481) size 350x14
          RenderText {#text} at (0,-2) size 43x17
            text run at (0,-2) width 43: "rows=3"
        RenderBlock {DIV} at (1,495) size 352x57 [border: (1px solid #FF0000)]
          RenderText {#text} at (1,40) size 14x17
            text run at (1,40) width 14: "A "
          RenderText {#text} at (186,40) size 14x17
            text run at (186,40) width 14: " B"
        RenderBlock (anonymous) at (1,552) size 350x14
          RenderText {#text} at (0,-2) size 45x17
            text run at (0,-2) width 45: "cols=10"
        RenderBlock {DIV} at (1,566) size 352x43 [border: (1px solid #FF0000)]
          RenderText {#text} at (1,26) size 14x17
            text run at (1,26) width 14: "A "
          RenderText {#text} at (116,26) size 14x17
            text run at (116,26) width 14: " B"
        RenderBlock (anonymous) at (1,609) size 350x14
          RenderText {#text} at (0,-2) size 50x17
            text run at (0,-2) width 50: "rows=10"
        RenderBlock {DIV} at (1,623) size 352x155 [border: (1px solid #FF0000)]
          RenderText {#text} at (1,138) size 14x17
            text run at (1,138) width 14: "A "
          RenderText {#text} at (186,138) size 14x17
            text run at (186,138) width 14: " B"
        RenderBlock (anonymous) at (1,778) size 350x14
          RenderText {#text} at (0,-2) size 84x17
            text run at (0,-2) width 84: "cols=5 rows=4"
        RenderBlock {DIV} at (1,792) size 352x71 [border: (1px solid #FF0000)]
          RenderText {#text} at (1,54) size 14x17
            text run at (1,54) width 14: "A "
          RenderText {#text} at (81,54) size 14x17
            text run at (81,54) width 14: " B"
      RenderBlock (floating) {DIV} at (352,0) size 352x1073 [border: (1px solid #FF0000)]
        RenderBlock (anonymous) at (1,1) size 350x14
          RenderText {#text} at (0,-2) size 110x17
            text run at (0,-2) width 110: "style=\"width:60px\""
        RenderBlock {DIV} at (1,15) size 352x43 [border: (1px solid #FF0000)]
          RenderText {#text} at (1,26) size 14x17
            text run at (1,26) width 14: "A "
          RenderText {#text} at (74,26) size 14x17
            text run at (74,26) width 14: " B"
        RenderBlock (anonymous) at (1,58) size 350x14
          RenderText {#text} at (0,-2) size 191x17
            text run at (0,-2) width 191: "style=\"width:60px;padding:20px\""
        RenderBlock {DIV} at (1,72) size 352x79 [border: (1px solid #FF0000)]
          RenderText {#text} at (1,62) size 14x17
            text run at (1,62) width 14: "A "
          RenderText {#text} at (74,62) size 14x17
            text run at (74,62) width 14: " B"
        RenderBlock (anonymous) at (1,151) size 350x14
          RenderText {#text} at (0,-2) size 170x17
            text run at (0,-2) width 170: "style=\"width:60px;padding:0\""
        RenderBlock {DIV} at (1,165) size 352x39 [border: (1px solid #FF0000)]
          RenderText {#text} at (1,22) size 14x17
            text run at (1,22) width 14: "A "
          RenderText {#text} at (74,22) size 14x17
            text run at (74,22) width 14: " B"
        RenderBlock (anonymous) at (1,204) size 350x14
          RenderText {#text} at (0,-2) size 113x17
            text run at (0,-2) width 113: "style=\"height:60px\""
        RenderBlock {DIV} at (1,218) size 352x65 [border: (1px solid #FF0000)]
          RenderText {#text} at (1,48) size 14x17
            text run at (1,48) width 14: "A "
          RenderText {#text} at (186,48) size 14x17
            text run at (186,48) width 14: " B"
        RenderBlock (anonymous) at (1,283) size 350x14
          RenderText {#text} at (0,-2) size 181x17
            text run at (0,-2) width 181: "style=\"width:60px;height:60px\""
        RenderBlock {DIV} at (1,297) size 352x65 [border: (1px solid #FF0000)]
          RenderText {#text} at (1,48) size 14x17
            text run at (1,48) width 14: "A "
          RenderText {#text} at (74,48) size 14x17
            text run at (74,48) width 14: " B"
        RenderBlock (anonymous) at (1,362) size 350x14
          RenderText {#text} at (0,-2) size 139x17
            text run at (0,-2) width 139: "style=\"overflow:hidden\""
        RenderBlock {DIV} at (1,376) size 352x43 [border: (1px solid #FF0000)]
          RenderText {#text} at (1,26) size 14x17
            text run at (1,26) width 14: "A "
          RenderText {#text} at (186,26) size 14x17
            text run at (186,26) width 14: " B"
        RenderBlock (anonymous) at (1,419) size 350x14
          RenderText {#text} at (0,-2) size 132x17
            text run at (0,-2) width 132: "style=\"overflow:scroll\""
        RenderBlock {DIV} at (1,433) size 352x58 [border: (1px solid #FF0000)]
          RenderText {#text} at (1,41) size 14x17
            text run at (1,41) width 14: "A "
          RenderText {#text} at (186,41) size 14x17
            text run at (186,41) width 14: " B"
        RenderBlock (anonymous) at (1,491) size 350x14
          RenderText {#text} at (0,-2) size 277x17
            text run at (0,-2) width 277: "style=\"overflow:hidden;width:60px;height:60px\""
        RenderBlock {DIV} at (1,505) size 352x65 [border: (1px solid #FF0000)]
          RenderText {#text} at (1,48) size 14x17
            text run at (1,48) width 14: "A "
          RenderText {#text} at (74,48) size 14x17
            text run at (74,48) width 14: " B"
        RenderBlock (anonymous) at (1,570) size 350x14
          RenderText {#text} at (0,-2) size 270x17
            text run at (0,-2) width 270: "style=\"overflow:scroll;width:60px;height:60px\""
        RenderBlock {DIV} at (1,584) size 352x65 [border: (1px solid #FF0000)]
          RenderText {#text} at (1,48) size 14x17
            text run at (1,48) width 14: "A "
          RenderText {#text} at (74,48) size 14x17
            text run at (74,48) width 14: " B"
        RenderBlock (anonymous) at (1,649) size 350x14
          RenderText {#text} at (0,-2) size 222x17
            text run at (0,-2) width 222: "cols=5 style=\"width:60px;height:60px\""
        RenderBlock {DIV} at (1,663) size 352x65 [border: (1px solid #FF0000)]
          RenderText {#text} at (1,48) size 14x17
            text run at (1,48) width 14: "A "
          RenderText {#text} at (74,48) size 14x17
            text run at (74,48) width 14: " B"
        RenderBlock (anonymous) at (1,728) size 350x14
          RenderText {#text} at (0,-2) size 226x17
            text run at (0,-2) width 226: "rows=4 style=\"width:60px;height:60px\""
        RenderBlock {DIV} at (1,742) size 352x65 [border: (1px solid #FF0000)]
          RenderText {#text} at (1,48) size 14x17
            text run at (1,48) width 14: "A "
          RenderText {#text} at (74,48) size 14x17
            text run at (74,48) width 14: " B"
        RenderBlock (anonymous) at (1,807) size 350x14
          RenderText {#text} at (0,-2) size 267x17
            text run at (0,-2) width 267: "cols=5 rows=4 style=\"width:60px;height:60px\""
        RenderBlock {DIV} at (1,821) size 352x65 [border: (1px solid #FF0000)]
          RenderText {#text} at (1,48) size 14x17
            text run at (1,48) width 14: "A "
          RenderText {#text} at (74,48) size 14x17
            text run at (74,48) width 14: " B"
        RenderBlock (anonymous) at (1,886) size 350x14
          RenderText {#text} at (0,-2) size 64x17
            text run at (0,-2) width 64: "wrap=\"off\""
        RenderBlock {DIV} at (1,900) size 352x58 [border: (1px solid #FF0000)]
          RenderText {#text} at (1,41) size 14x17
            text run at (1,41) width 14: "A "
          RenderText {#text} at (186,41) size 14x17
            text run at (186,41) width 5: " "
            text run at (190,41) width 10: "B"
        RenderBlock (anonymous) at (1,958) size 350x14
          RenderText {#text} at (0,-2) size 73x17
            text run at (0,-2) width 73: "wrap=\"hard\""
        RenderBlock {DIV} at (1,972) size 352x43 [border: (1px solid #FF0000)]
          RenderText {#text} at (1,26) size 14x17
            text run at (1,26) width 14: "A "
          RenderText {#text} at (186,26) size 14x17
            text run at (186,26) width 5: " "
            text run at (190,26) width 10: "B"
        RenderBlock (anonymous) at (1,1015) size 350x14
          RenderText {#text} at (0,-2) size 69x17
            text run at (0,-2) width 69: "wrap=\"soft\""
        RenderBlock {DIV} at (1,1029) size 352x43 [border: (1px solid #FF0000)]
          RenderText {#text} at (1,26) size 14x17
            text run at (1,26) width 14: "A "
          RenderText {#text} at (186,26) size 14x17
            text run at (186,26) width 5: " "
            text run at (190,26) width 10: "B"
layer at (26,26) size 168x34 clip at (27,27) size 166x32
  RenderTextControl {TEXTAREA} at (16,3) size 169x34 [bgcolor=#FFFFFF] [border: (1px solid #E4E4E5)]
    RenderBlock {DIV} at (6,3) size 156x14
      RenderText {#text} at (0,0) size 98x14
        text run at (0,0) width 98: "Lorem ipsum dolor"
layer at (26,83) size 168x34 clip at (27,84) size 151x32 scrollHeight 60
  RenderTextControl {TEXTAREA} at (16,3) size 169x34 [bgcolor=#FFFFFF] [border: (1px solid #E4E4E5)]
    RenderBlock {DIV} at (6,3) size 141x56
      RenderText {#text} at (0,0) size 140x56
        text run at (0,0) width 98: "Lorem ipsum dolor"
        text run at (97,0) width 4: " "
        text run at (0,14) width 140: "ABCDEFGHIJKLMNOPQRS"
        text run at (0,28) width 56: "TUVWXYZ"
        text run at (55,28) width 4: " "
        text run at (0,42) width 127: "abcdefghijklmnopqrstuv"
        text run at (126,42) width 4: " "
layer at (26,197) size 177x50 clip at (27,198) size 160x48 scrollHeight 76
  RenderTextControl {TEXTAREA} at (16,3) size 178x50 [bgcolor=#FFFFFF] [border: (1px solid #E4E4E5)]
    RenderBlock {DIV} at (11,11) size 140x56
      RenderText {#text} at (0,0) size 140x56
        text run at (0,0) width 98: "Lorem ipsum dolor"
        text run at (97,0) width 4: " "
        text run at (0,14) width 140: "ABCDEFGHIJKLMNOPQRS"
        text run at (0,28) width 56: "TUVWXYZ"
        text run at (55,28) width 4: " "
        text run at (0,42) width 127: "abcdefghijklmnopqrstuv"
        text run at (126,42) width 4: " "
layer at (26,270) size 157x30 clip at (27,271) size 140x28 scrollHeight 56
  RenderTextControl {TEXTAREA} at (16,3) size 158x30 [bgcolor=#FFFFFF] [border: (1px solid #E4E4E5)]
    RenderBlock {DIV} at (1,1) size 140x56
      RenderText {#text} at (0,0) size 140x56
        text run at (0,0) width 98: "Lorem ipsum dolor"
        text run at (97,0) width 4: " "
        text run at (0,14) width 140: "ABCDEFGHIJKLMNOPQRS"
        text run at (0,28) width 56: "TUVWXYZ"
        text run at (55,28) width 4: " "
        text run at (0,42) width 127: "abcdefghijklmnopqrstuv"
        text run at (126,42) width 4: " "
layer at (34,331) size 168x34 clip at (35,332) size 151x32 scrollHeight 60
  RenderTextControl {TEXTAREA} at (24,11) size 169x34 [bgcolor=#FFFFFF] [border: (1px solid #E4E4E5)]
    RenderBlock {DIV} at (6,3) size 141x56
      RenderText {#text} at (0,0) size 140x56
        text run at (0,0) width 98: "Lorem ipsum dolor"
        text run at (97,0) width 4: " "
        text run at (0,14) width 140: "ABCDEFGHIJKLMNOPQRS"
        text run at (0,28) width 56: "TUVWXYZ"
        text run at (55,28) width 4: " "
        text run at (0,42) width 127: "abcdefghijklmnopqrstuv"
        text run at (126,42) width 4: " "
layer at (24,394) size 168x34 clip at (25,395) size 151x32 scrollHeight 60
  RenderTextControl {TEXTAREA} at (14,1) size 169x34 [bgcolor=#FFFFFF] [border: (1px solid #E4E4E5)]
    RenderBlock {DIV} at (6,3) size 141x56
      RenderText {#text} at (0,0) size 140x56
        text run at (0,0) width 98: "Lorem ipsum dolor"
        text run at (97,0) width 4: " "
        text run at (0,14) width 140: "ABCDEFGHIJKLMNOPQRS"
        text run at (0,28) width 56: "TUVWXYZ"
        text run at (55,28) width 4: " "
        text run at (0,42) width 127: "abcdefghijklmnopqrstuv"
        text run at (126,42) width 4: " "
layer at (26,449) size 49x34 clip at (27,450) size 32x32 scrollHeight 354
  RenderTextControl {TEXTAREA} at (16,3) size 50x34 [bgcolor=#FFFFFF] [border: (1px solid #E4E4E5)]
    RenderBlock {DIV} at (6,3) size 22x350
      RenderText {#text} at (0,0) size 21x350
        text run at (0,0) width 17: "Lor"
        text run at (0,14) width 16: "em"
        text run at (15,14) width 5: " "
        text run at (0,28) width 16: "ips"
        text run at (0,42) width 17: "um"
        text run at (16,42) width 4: " "
        text run at (0,56) width 17: "dol"
        text run at (0,70) width 11: "or"
        text run at (10,70) width 4: " "
        text run at (0,84) width 15: "AB"
        text run at (0,98) width 16: "CD"
        text run at (0,112) width 13: "EF"
        text run at (0,126) width 20: "GHI"
        text run at (0,140) width 20: "JKL"
        text run at (0,154) width 18: "MN"
        text run at (0,168) width 16: "OP"
        text run at (0,182) width 16: "QR"
        text run at (0,196) width 15: "ST"
        text run at (0,210) width 16: "UV"
        text run at (0,224) width 19: "WX"
        text run at (0,238) width 15: "YZ"
        text run at (14,238) width 4: " "
        text run at (0,252) width 20: "abc"
        text run at (0,266) width 18: "def"
        text run at (0,280) width 19: "ghij"
        text run at (0,294) width 19: "klm"
        text run at (0,308) width 20: "nop"
        text run at (0,322) width 21: "qrst"
        text run at (0,336) width 13: "uv"
        text run at (12,336) width 4: " "
layer at (26,506) size 168x48 clip at (27,507) size 151x46 scrollHeight 60
  RenderTextControl {TEXTAREA} at (16,3) size 169x48 [bgcolor=#FFFFFF] [border: (1px solid #E4E4E5)]
    RenderBlock {DIV} at (6,3) size 141x56
      RenderText {#text} at (0,0) size 140x56
        text run at (0,0) width 98: "Lorem ipsum dolor"
        text run at (97,0) width 4: " "
        text run at (0,14) width 140: "ABCDEFGHIJKLMNOPQRS"
        text run at (0,28) width 56: "TUVWXYZ"
        text run at (55,28) width 4: " "
        text run at (0,42) width 127: "abcdefghijklmnopqrstuv"
        text run at (126,42) width 4: " "
layer at (26,577) size 98x34 clip at (27,578) size 81x32 scrollHeight 102
  RenderTextControl {TEXTAREA} at (16,3) size 99x34 [bgcolor=#FFFFFF] [border: (1px solid #E4E4E5)]
    RenderBlock {DIV} at (6,3) size 71x98
      RenderText {#text} at (0,0) size 70x98
        text run at (0,0) width 68: "Lorem ipsum"
        text run at (67,0) width 3: " "
        text run at (0,14) width 28: "dolor"
        text run at (27,14) width 4: " "
        text run at (0,28) width 70: "ABCDEFGHIJ"
        text run at (0,42) width 63: "KLMNOPQR"
        text run at (0,56) width 63: "STUVWXYZ"
        text run at (62,56) width 4: " "
        text run at (0,70) width 64: "abcdefghijkl"
        text run at (0,84) width 63: "mnopqrstuv"
        text run at (62,84) width 4: " "
layer at (26,634) size 168x146 clip at (27,635) size 166x144
  RenderTextControl {TEXTAREA} at (16,3) size 169x146 [bgcolor=#FFFFFF] [border: (1px solid #E4E4E5)]
    RenderBlock {DIV} at (6,3) size 156x56
      RenderText {#text} at (0,0) size 155x56
        text run at (0,0) width 98: "Lorem ipsum dolor"
        text run at (97,0) width 4: " "
        text run at (0,14) width 155: "ABCDEFGHIJKLMNOPQRSTU"
        text run at (0,28) width 41: "VWXYZ"
        text run at (40,28) width 4: " "
        text run at (0,42) width 127: "abcdefghijklmnopqrstuv"
        text run at (126,42) width 4: " "
layer at (26,803) size 63x62 clip at (27,804) size 46x60 scrollHeight 200
  RenderTextControl {TEXTAREA} at (16,3) size 64x62 [bgcolor=#FFFFFF] [border: (1px solid #E4E4E5)]
    RenderBlock {DIV} at (6,3) size 36x196
      RenderText {#text} at (0,0) size 35x196
        text run at (0,0) width 33: "Lorem"
        text run at (32,0) width 3: " "
        text run at (0,14) width 32: "ipsum"
        text run at (31,14) width 4: " "
        text run at (0,28) width 28: "dolor"
        text run at (27,28) width 4: " "
        text run at (0,42) width 31: "ABCD"
        text run at (0,56) width 33: "EFGHI"
        text run at (0,70) width 30: "JKLM"
        text run at (0,84) width 33: "NOPQ"
        text run at (0,98) width 30: "RSTU"
        text run at (0,112) width 33: "VWXY"
        text run at (0,126) width 8: "Z"
        text run at (7,126) width 4: " "
        text run at (0,140) width 33: "abcde"
        text run at (0,154) width 32: "fghijkl"
        text run at (0,168) width 30: "mnop"
        text run at (0,182) width 34: "qrstuv"
        text run at (33,182) width 2: " "
layer at (376,26) size 60x34 clip at (377,27) size 43x32 scrollHeight 242
  RenderTextControl {TEXTAREA} at (14,3) size 61x34 [bgcolor=#FFFFFF] [border: (1px solid #E4E4E5)]
    RenderBlock {DIV} at (6,3) size 33x238
      RenderText {#text} at (0,0) size 32x238
        text run at (0,0) width 24: "Lore"
        text run at (0,14) width 10: "m"
        text run at (9,14) width 4: " "
        text run at (0,28) width 32: "ipsum"
        text run at (31,28) width 1: " "
        text run at (0,42) width 28: "dolor"
        text run at (27,42) width 4: " "
        text run at (0,56) width 31: "ABCD"
        text run at (0,70) width 30: "EFGH"
        text run at (0,84) width 23: "IJKL"
        text run at (0,98) width 27: "MNO"
        text run at (0,112) width 30: "PQRS"
        text run at (0,126) width 23: "TUV"
        text run at (0,140) width 26: "WXY"
        text run at (0,154) width 8: "Z"
        text run at (7,154) width 4: " "
        text run at (0,168) width 26: "abcd"
        text run at (0,182) width 30: "efghij"
        text run at (0,196) width 32: "klmno"
        text run at (0,210) width 28: "pqrst"
        text run at (0,224) width 13: "uv"
        text run at (12,224) width 4: " "
layer at (376,83) size 60x70 clip at (377,84) size 43x68 scrollHeight 992
  RenderTextControl {TEXTAREA} at (14,3) size 61x70 [bgcolor=#FFFFFF] [border: (1px solid #E4E4E5)]
    RenderBlock {DIV} at (21,21) size 3x952
      RenderText {#text} at (0,0) size 11x952
        text run at (0,0) width 7: "L"
        text run at (0,14) width 7: "o"
        text run at (0,28) width 5: "r"
        text run at (0,42) width 7: "e"
        text run at (0,56) width 10: "m"
        text run at (0,70) width 3: " "
        text run at (0,84) width 3: "i"
        text run at (0,98) width 7: "p"
        text run at (0,112) width 6: "s"
        text run at (0,126) width 7: "u"
        text run at (0,140) width 10: "m"
        text run at (0,154) width 3: " "
        text run at (0,168) width 7: "d"
        text run at (0,182) width 7: "o"
        text run at (0,196) width 3: "l"
        text run at (0,210) width 7: "o"
        text run at (0,224) width 5: "r"
        text run at (0,238) width 3: " "
        text run at (0,252) width 8: "A"
        text run at (0,266) width 8: "B"
        text run at (0,280) width 8: "C"
        text run at (0,294) width 9: "D"
        text run at (0,308) width 7: "E"
        text run at (0,322) width 7: "F"
        text run at (0,336) width 9: "G"
        text run at (0,350) width 9: "H"
        text run at (0,364) width 4: "I"
        text run at (0,378) width 6: "J"
        text run at (0,392) width 8: "K"
        text run at (0,406) width 7: "L"
        text run at (0,420) width 10: "M"
        text run at (0,434) width 9: "N"
        text run at (0,448) width 9: "O"
        text run at (0,462) width 8: "P"
        text run at (0,476) width 9: "Q"
        text run at (0,490) width 8: "R"
        text run at (0,504) width 8: "S"
        text run at (0,518) width 8: "T"
        text run at (0,532) width 9: "U"
        text run at (0,546) width 8: "V"
        text run at (0,560) width 11: "W"
        text run at (0,574) width 8: "X"
        text run at (0,588) width 8: "Y"
        text run at (0,602) width 8: "Z"
        text run at (0,616) width 3: " "
        text run at (0,630) width 7: "a"
        text run at (0,644) width 7: "b"
        text run at (0,658) width 7: "c"
        text run at (0,672) width 7: "d"
        text run at (0,686) width 7: "e"
        text run at (0,700) width 5: "f"
        text run at (0,714) width 7: "g"
        text run at (0,728) width 7: "h"
        text run at (0,742) width 3: "i"
        text run at (0,756) width 3: "j"
        text run at (0,770) width 7: "k"
        text run at (0,784) width 3: "l"
        text run at (0,798) width 10: "m"
        text run at (0,812) width 7: "n"
        text run at (0,826) width 7: "o"
        text run at (0,840) width 7: "p"
        text run at (0,854) width 7: "q"
        text run at (0,868) width 5: "r"
        text run at (0,882) width 6: "s"
        text run at (0,896) width 5: "t"
        text run at (0,910) width 7: "u"
        text run at (0,924) width 7: "v"
        text run at (0,938) width 3: " "
layer at (376,176) size 60x30 clip at (377,177) size 43x28 scrollHeight 168
  RenderTextControl {TEXTAREA} at (14,3) size 61x30 [bgcolor=#FFFFFF] [border: (1px solid #E4E4E5)]
    RenderBlock {DIV} at (1,1) size 43x168
      RenderText {#text} at (0,0) size 43x168
        text run at (0,0) width 33: "Lorem"
        text run at (32,0) width 4: " "
        text run at (0,14) width 32: "ipsum"
        text run at (31,14) width 4: " "
        text run at (0,28) width 28: "dolor"
        text run at (27,28) width 4: " "
        text run at (0,42) width 38: "ABCDE"
        text run at (0,56) width 40: "FGHIJK"
        text run at (0,70) width 40: "LMNOP"
        text run at (0,84) width 39: "QRSTU"
        text run at (0,98) width 41: "VWXYZ"
        text run at (40,98) width 3: " "
        text run at (0,112) width 43: "abcdefg"
        text run at (0,126) width 38: "hijklmn"
        text run at (0,140) width 41: "opqrstu"
        text run at (0,154) width 7: "v"
        text run at (6,154) width 4: " "
layer at (378,227) size 168x60 clip at (379,228) size 151x58 scrollHeight 60
  RenderTextControl {TEXTAREA} at (16,1) size 169x60 [bgcolor=#FFFFFF] [border: (1px solid #E4E4E5)]
    RenderBlock {DIV} at (6,3) size 141x56
      RenderText {#text} at (0,0) size 140x56
        text run at (0,0) width 98: "Lorem ipsum dolor"
        text run at (97,0) width 4: " "
        text run at (0,14) width 140: "ABCDEFGHIJKLMNOPQRS"
        text run at (0,28) width 56: "TUVWXYZ"
        text run at (55,28) width 4: " "
        text run at (0,42) width 127: "abcdefghijklmnopqrstuv"
        text run at (126,42) width 4: " "
layer at (376,306) size 60x60 clip at (377,307) size 43x58 scrollHeight 242
  RenderTextControl {TEXTAREA} at (14,1) size 61x60 [bgcolor=#FFFFFF] [border: (1px solid #E4E4E5)]
    RenderBlock {DIV} at (6,3) size 33x238
      RenderText {#text} at (0,0) size 32x238
        text run at (0,0) width 24: "Lore"
        text run at (0,14) width 10: "m"
        text run at (9,14) width 4: " "
        text run at (0,28) width 32: "ipsum"
        text run at (31,28) width 1: " "
        text run at (0,42) width 28: "dolor"
        text run at (27,42) width 4: " "
        text run at (0,56) width 31: "ABCD"
        text run at (0,70) width 30: "EFGH"
        text run at (0,84) width 23: "IJKL"
        text run at (0,98) width 27: "MNO"
        text run at (0,112) width 30: "PQRS"
        text run at (0,126) width 23: "TUV"
        text run at (0,140) width 26: "WXY"
        text run at (0,154) width 8: "Z"
        text run at (7,154) width 4: " "
        text run at (0,168) width 26: "abcd"
        text run at (0,182) width 30: "efghij"
        text run at (0,196) width 32: "klmno"
        text run at (0,210) width 28: "pqrst"
        text run at (0,224) width 13: "uv"
        text run at (12,224) width 4: " "
layer at (378,387) size 168x34 clip at (379,388) size 166x32 scrollHeight 60
  RenderTextControl {TEXTAREA} at (16,3) size 169x34 [bgcolor=#FFFFFF] [border: (1px solid #E4E4E5)]
    RenderBlock {DIV} at (6,3) size 156x56
      RenderText {#text} at (0,0) size 155x56
        text run at (0,0) width 98: "Lorem ipsum dolor"
        text run at (97,0) width 4: " "
        text run at (0,14) width 155: "ABCDEFGHIJKLMNOPQRSTU"
        text run at (0,28) width 41: "VWXYZ"
        text run at (40,28) width 4: " "
        text run at (0,42) width 127: "abcdefghijklmnopqrstuv"
        text run at (126,42) width 4: " "
layer at (378,444) size 168x49 clip at (379,445) size 151x32 scrollHeight 60
  RenderTextControl {TEXTAREA} at (16,3) size 169x49 [bgcolor=#FFFFFF] [border: (1px solid #E4E4E5)]
    RenderBlock {DIV} at (6,3) size 141x56
      RenderText {#text} at (0,0) size 140x56
        text run at (0,0) width 98: "Lorem ipsum dolor"
        text run at (97,0) width 4: " "
        text run at (0,14) width 140: "ABCDEFGHIJKLMNOPQRS"
        text run at (0,28) width 56: "TUVWXYZ"
        text run at (55,28) width 4: " "
        text run at (0,42) width 127: "abcdefghijklmnopqrstuv"
        text run at (126,42) width 4: " "
layer at (376,514) size 60x60 clip at (377,515) size 58x58 scrollHeight 158
  RenderTextControl {TEXTAREA} at (14,1) size 61x60 [bgcolor=#FFFFFF] [border: (1px solid #E4E4E5)]
    RenderBlock {DIV} at (6,3) size 48x154
      RenderText {#text} at (0,0) size 44x154
        text run at (0,0) width 33: "Lorem"
        text run at (32,0) width 4: " "
        text run at (0,14) width 32: "ipsum"
        text run at (31,14) width 4: " "
        text run at (0,28) width 28: "dolor"
        text run at (27,28) width 4: " "
        text run at (0,42) width 44: "ABCDEF"
        text run at (0,56) width 40: "GHIJKL"
        text run at (0,70) width 43: "MNOPQ"
        text run at (0,84) width 38: "RSTUV"
        text run at (0,98) width 33: "WXYZ"
        text run at (32,98) width 5: " "
        text run at (0,112) width 43: "abcdefg"
        text run at (0,126) width 44: "hijklmno"
        text run at (0,140) width 41: "pqrstuv"
        text run at (40,140) width 4: " "
layer at (376,593) size 60x60 clip at (377,594) size 43x43 scrollHeight 242
  RenderTextControl {TEXTAREA} at (14,1) size 61x60 [bgcolor=#FFFFFF] [border: (1px solid #E4E4E5)]
    RenderBlock {DIV} at (6,3) size 33x238
      RenderText {#text} at (0,0) size 32x238
        text run at (0,0) width 24: "Lore"
        text run at (0,14) width 10: "m"
        text run at (9,14) width 4: " "
        text run at (0,28) width 32: "ipsum"
        text run at (31,28) width 1: " "
        text run at (0,42) width 28: "dolor"
        text run at (27,42) width 4: " "
        text run at (0,56) width 31: "ABCD"
        text run at (0,70) width 30: "EFGH"
        text run at (0,84) width 23: "IJKL"
        text run at (0,98) width 27: "MNO"
        text run at (0,112) width 30: "PQRS"
        text run at (0,126) width 23: "TUV"
        text run at (0,140) width 26: "WXY"
        text run at (0,154) width 8: "Z"
        text run at (7,154) width 4: " "
        text run at (0,168) width 26: "abcd"
        text run at (0,182) width 30: "efghij"
        text run at (0,196) width 32: "klmno"
        text run at (0,210) width 28: "pqrst"
        text run at (0,224) width 13: "uv"
        text run at (12,224) width 4: " "
layer at (376,672) size 60x60 clip at (377,673) size 43x58 scrollHeight 242
  RenderTextControl {TEXTAREA} at (14,1) size 61x60 [bgcolor=#FFFFFF] [border: (1px solid #E4E4E5)]
    RenderBlock {DIV} at (6,3) size 33x238
      RenderText {#text} at (0,0) size 32x238
        text run at (0,0) width 24: "Lore"
        text run at (0,14) width 10: "m"
        text run at (9,14) width 4: " "
        text run at (0,28) width 32: "ipsum"
        text run at (31,28) width 1: " "
        text run at (0,42) width 28: "dolor"
        text run at (27,42) width 4: " "
        text run at (0,56) width 31: "ABCD"
        text run at (0,70) width 30: "EFGH"
        text run at (0,84) width 23: "IJKL"
        text run at (0,98) width 27: "MNO"
        text run at (0,112) width 30: "PQRS"
        text run at (0,126) width 23: "TUV"
        text run at (0,140) width 26: "WXY"
        text run at (0,154) width 8: "Z"
        text run at (7,154) width 4: " "
        text run at (0,168) width 26: "abcd"
        text run at (0,182) width 30: "efghij"
        text run at (0,196) width 32: "klmno"
        text run at (0,210) width 28: "pqrst"
        text run at (0,224) width 13: "uv"
        text run at (12,224) width 4: " "
layer at (376,751) size 60x60 clip at (377,752) size 43x58 scrollHeight 242
  RenderTextControl {TEXTAREA} at (14,1) size 61x60 [bgcolor=#FFFFFF] [border: (1px solid #E4E4E5)]
    RenderBlock {DIV} at (6,3) size 33x238
      RenderText {#text} at (0,0) size 32x238
        text run at (0,0) width 24: "Lore"
        text run at (0,14) width 10: "m"
        text run at (9,14) width 4: " "
        text run at (0,28) width 32: "ipsum"
        text run at (31,28) width 1: " "
        text run at (0,42) width 28: "dolor"
        text run at (27,42) width 4: " "
        text run at (0,56) width 31: "ABCD"
        text run at (0,70) width 30: "EFGH"
        text run at (0,84) width 23: "IJKL"
        text run at (0,98) width 27: "MNO"
        text run at (0,112) width 30: "PQRS"
        text run at (0,126) width 23: "TUV"
        text run at (0,140) width 26: "WXY"
        text run at (0,154) width 8: "Z"
        text run at (7,154) width 4: " "
        text run at (0,168) width 26: "abcd"
        text run at (0,182) width 30: "efghij"
        text run at (0,196) width 32: "klmno"
        text run at (0,210) width 28: "pqrst"
        text run at (0,224) width 13: "uv"
        text run at (12,224) width 4: " "
layer at (376,830) size 60x60 clip at (377,831) size 43x58 scrollHeight 242
  RenderTextControl {TEXTAREA} at (14,1) size 61x60 [bgcolor=#FFFFFF] [border: (1px solid #E4E4E5)]
    RenderBlock {DIV} at (6,3) size 33x238
      RenderText {#text} at (0,0) size 32x238
        text run at (0,0) width 24: "Lore"
        text run at (0,14) width 10: "m"
        text run at (9,14) width 4: " "
        text run at (0,28) width 32: "ipsum"
        text run at (31,28) width 1: " "
        text run at (0,42) width 28: "dolor"
        text run at (27,42) width 4: " "
        text run at (0,56) width 31: "ABCD"
        text run at (0,70) width 30: "EFGH"
        text run at (0,84) width 23: "IJKL"
        text run at (0,98) width 27: "MNO"
        text run at (0,112) width 30: "PQRS"
        text run at (0,126) width 23: "TUV"
        text run at (0,140) width 26: "WXY"
        text run at (0,154) width 8: "Z"
        text run at (7,154) width 4: " "
        text run at (0,168) width 26: "abcd"
        text run at (0,182) width 30: "efghij"
        text run at (0,196) width 32: "klmno"
        text run at (0,210) width 28: "pqrst"
        text run at (0,224) width 13: "uv"
        text run at (12,224) width 4: " "
layer at (378,911) size 168x49 clip at (379,912) size 151x32 scrollWidth 190 scrollHeight 228
  RenderTextControl {TEXTAREA} at (16,3) size 169x49 [bgcolor=#FFFFFF] [border: (1px solid #E4E4E5)]
    RenderBlock {DIV} at (6,3) size 141x224
      RenderText {#text} at (0,0) size 185x210
        text run at (0,0) width 4: " "
        text run at (3,0) width 1: " "
        text run at (0,14) width 185: "This is a text area with wrap=\"soft\""
        text run at (184,14) width 1: " "
        text run at (0,28) width 185: "This is a text area with wrap=\"soft\""
        text run at (184,28) width 1: " "
        text run at (0,42) width 185: "This is a text area with wrap=\"soft\""
        text run at (184,42) width 1: " "
        text run at (0,56) width 185: "This is a text area with wrap=\"soft\""
        text run at (184,56) width 1: " "
        text run at (0,70) width 185: "This is a text area with wrap=\"soft\""
        text run at (184,70) width 1: " "
        text run at (0,84) width 185: "This is a text area with wrap=\"soft\""
        text run at (184,84) width 1: " "
        text run at (0,98) width 185: "This is a text area with wrap=\"soft\""
        text run at (184,98) width 1: " "
        text run at (0,112) width 185: "This is a text area with wrap=\"soft\""
        text run at (184,112) width 1: " "
        text run at (0,126) width 185: "This is a text area with wrap=\"soft\""
        text run at (184,126) width 1: " "
        text run at (0,140) width 185: "This is a text area with wrap=\"soft\""
        text run at (184,140) width 1: " "
        text run at (0,154) width 185: "This is a text area with wrap=\"soft\""
        text run at (184,154) width 1: " "
        text run at (0,168) width 185: "This is a text area with wrap=\"soft\""
        text run at (184,168) width 1: " "
        text run at (0,182) width 185: "This is a text area with wrap=\"soft\""
        text run at (184,182) width 1: " "
        text run at (0,196) width 185: "This is a text area with wrap=\"soft\""
        text run at (184,196) width 1: " "
      RenderBR {BR} at (0,210) size 0x14
layer at (378,983) size 168x34 clip at (379,984) size 151x32 scrollHeight 424
  RenderTextControl {TEXTAREA} at (16,3) size 169x34 [bgcolor=#FFFFFF] [border: (1px solid #E4E4E5)]
    RenderBlock {DIV} at (6,3) size 141x420
      RenderText {#text} at (0,0) size 121x406
        text run at (0,0) width 4: " "
        text run at (3,0) width 1: " "
        text run at (0,14) width 118: "This is a text area with"
        text run at (117,14) width 4: " "
        text run at (0,28) width 64: "wrap=\"soft\""
        text run at (63,28) width 1: " "
        text run at (0,42) width 118: "This is a text area with"
        text run at (117,42) width 4: " "
        text run at (0,56) width 64: "wrap=\"soft\""
        text run at (63,56) width 1: " "
        text run at (0,70) width 118: "This is a text area with"
        text run at (117,70) width 4: " "
        text run at (0,84) width 64: "wrap=\"soft\""
        text run at (63,84) width 1: " "
        text run at (0,98) width 118: "This is a text area with"
        text run at (117,98) width 4: " "
        text run at (0,112) width 64: "wrap=\"soft\""
        text run at (63,112) width 1: " "
        text run at (0,126) width 118: "This is a text area with"
        text run at (117,126) width 4: " "
        text run at (0,140) width 64: "wrap=\"soft\""
        text run at (63,140) width 1: " "
        text run at (0,154) width 118: "This is a text area with"
        text run at (117,154) width 4: " "
        text run at (0,168) width 64: "wrap=\"soft\""
        text run at (63,168) width 1: " "
        text run at (0,182) width 118: "This is a text area with"
        text run at (117,182) width 4: " "
        text run at (0,196) width 64: "wrap=\"soft\""
        text run at (63,196) width 1: " "
        text run at (0,210) width 118: "This is a text area with"
        text run at (117,210) width 4: " "
        text run at (0,224) width 64: "wrap=\"soft\""
        text run at (63,224) width 1: " "
        text run at (0,238) width 118: "This is a text area with"
        text run at (117,238) width 4: " "
        text run at (0,252) width 64: "wrap=\"soft\""
        text run at (63,252) width 1: " "
        text run at (0,266) width 118: "This is a text area with"
        text run at (117,266) width 4: " "
        text run at (0,280) width 64: "wrap=\"soft\""
        text run at (63,280) width 1: " "
        text run at (0,294) width 118: "This is a text area with"
        text run at (117,294) width 4: " "
        text run at (0,308) width 64: "wrap=\"soft\""
        text run at (63,308) width 1: " "
        text run at (0,322) width 118: "This is a text area with"
        text run at (117,322) width 4: " "
        text run at (0,336) width 64: "wrap=\"soft\""
        text run at (63,336) width 1: " "
        text run at (0,350) width 118: "This is a text area with"
        text run at (117,350) width 4: " "
        text run at (0,364) width 64: "wrap=\"soft\""
        text run at (63,364) width 1: " "
        text run at (0,378) width 118: "This is a text area with"
        text run at (117,378) width 4: " "
        text run at (0,392) width 64: "wrap=\"soft\""
        text run at (63,392) width 1: " "
      RenderBR {BR} at (0,406) size 0x14
layer at (378,1040) size 168x34 clip at (379,1041) size 151x32 scrollHeight 424
  RenderTextControl {TEXTAREA} at (16,3) size 169x34 [bgcolor=#FFFFFF] [border: (1px solid #E4E4E5)]
    RenderBlock {DIV} at (6,3) size 141x420
      RenderText {#text} at (0,0) size 121x406
        text run at (0,0) width 4: " "
        text run at (3,0) width 1: " "
        text run at (0,14) width 118: "This is a text area with"
        text run at (117,14) width 4: " "
        text run at (0,28) width 64: "wrap=\"soft\""
        text run at (63,28) width 1: " "
        text run at (0,42) width 118: "This is a text area with"
        text run at (117,42) width 4: " "
        text run at (0,56) width 64: "wrap=\"soft\""
        text run at (63,56) width 1: " "
        text run at (0,70) width 118: "This is a text area with"
        text run at (117,70) width 4: " "
        text run at (0,84) width 64: "wrap=\"soft\""
        text run at (63,84) width 1: " "
        text run at (0,98) width 118: "This is a text area with"
        text run at (117,98) width 4: " "
        text run at (0,112) width 64: "wrap=\"soft\""
        text run at (63,112) width 1: " "
        text run at (0,126) width 118: "This is a text area with"
        text run at (117,126) width 4: " "
        text run at (0,140) width 64: "wrap=\"soft\""
        text run at (63,140) width 1: " "
        text run at (0,154) width 118: "This is a text area with"
        text run at (117,154) width 4: " "
        text run at (0,168) width 64: "wrap=\"soft\""
        text run at (63,168) width 1: " "
        text run at (0,182) width 118: "This is a text area with"
        text run at (117,182) width 4: " "
        text run at (0,196) width 64: "wrap=\"soft\""
        text run at (63,196) width 1: " "
        text run at (0,210) width 118: "This is a text area with"
        text run at (117,210) width 4: " "
        text run at (0,224) width 64: "wrap=\"soft\""
        text run at (63,224) width 1: " "
        text run at (0,238) width 118: "This is a text area with"
        text run at (117,238) width 4: " "
        text run at (0,252) width 64: "wrap=\"soft\""
        text run at (63,252) width 1: " "
        text run at (0,266) width 118: "This is a text area with"
        text run at (117,266) width 4: " "
        text run at (0,280) width 64: "wrap=\"soft\""
        text run at (63,280) width 1: " "
        text run at (0,294) width 118: "This is a text area with"
        text run at (117,294) width 4: " "
        text run at (0,308) width 64: "wrap=\"soft\""
        text run at (63,308) width 1: " "
        text run at (0,322) width 118: "This is a text area with"
        text run at (117,322) width 4: " "
        text run at (0,336) width 64: "wrap=\"soft\""
        text run at (63,336) width 1: " "
        text run at (0,350) width 118: "This is a text area with"
        text run at (117,350) width 4: " "
        text run at (0,364) width 64: "wrap=\"soft\""
        text run at (63,364) width 1: " "
        text run at (0,378) width 118: "This is a text area with"
        text run at (117,378) width 4: " "
        text run at (0,392) width 64: "wrap=\"soft\""
        text run at (63,392) width 1: " "
      RenderBR {BR} at (0,406) size 0x14
layer at (26,140) size 168x34 clip at (27,141) size 151x32 scrollHeight 60
  RenderTextControl {TEXTAREA} at (16,3) size 169x34 [bgcolor=#FFFFFF] [border: (1px solid #E4E4E5)]
    RenderBlock {DIV} at (6,3) size 141x56 [color=#545454]
      RenderText {#text} at (0,0) size 140x56
        text run at (0,0) width 98: "Lorem ipsum dolor"
        text run at (97,0) width 4: " "
        text run at (0,14) width 140: "ABCDEFGHIJKLMNOPQRS"
        text run at (0,28) width 56: "TUVWXYZ"
        text run at (55,28) width 4: " "
        text run at (0,42) width 127: "abcdefghijklmnopqrstuv"
        text run at (126,42) width 4: " "
