layer at (0,0) size 800x600
  RenderView at (0,0) size 800x600
layer at (0,0) size 800x600
  RenderBlock {HTML} at (0,0) size 800x600
    RenderBody {BODY} at (8,8) size 784x584
      RenderBR {BR} at (0,0) size 0x19
      RenderText {#text} at (0,20) size 682x19
        text run at (0,20) width 682: "This tests that preventDefault called onmousedown will prevent a caret from being placed in the text field."
      RenderText {#text} at (0,0) size 0x0
      RenderText {#text} at (0,0) size 0x0
layer at (12,52) size 155x21
  RenderTextControl {INPUT} at (12,52) size 155x22 [bgcolor=#FFFFFF] [border: (1px solid #E4E4E5)]
layer at (19,55) size 141x14
  RenderBlock {DIV} at (6,3) size 143x15
    RenderText {#text} at (0,0) size 126x14
      text run at (0,0) width 126: "No caret should be here"
