layer at (0,0) size 800x600
  RenderView at (0,0) size 800x600
layer at (0,0) size 800x600
  RenderBlock {HTML} at (0,0) size 800x600
    RenderBody {BODY} at (8,8) size 784x576
      RenderBlock (anonymous) at (0,0) size 784x25
        RenderTextControl {INPUT} at (2,2) size 155x22 [bgcolor=#FFFFFF] [border: (1px solid #E4E4E5)]
        RenderText {#text} at (0,0) size 0x0
      RenderBlock {P} at (0,41) size 784x20
        RenderText {#text} at (0,0) size 654x19
          text run at (0,0) width 654: "Tests option-deleting a word. If the test succeeds, the word \"word\" should end up with a space after it."
layer at (17,13) size 141x14
  RenderBlock {DIV} at (6,3) size 143x15
    RenderText {#text} at (0,0) size 70x14
      text run at (0,0) width 70: "word another"
caret: position 12 of child 0 {#text} of child 0 {DIV} of {#document-fragment} of child 0 {INPUT} of body
