layer at (0,0) size 800x600
  RenderView at (0,0) size 800x600
layer at (0,0) size 800x600
  RenderBlock {HTML} at (0,0) size 800x600
    RenderBody {BODY} at (8,8) size 784x584
      RenderBlock {FORM} at (0,0) size 784x24
        RenderButton {INPUT} at (2,2) size 51x20 [color=#FFFFFF] [bgcolor=#007AFF] [border: (1px solid #FFFFFF)]
          RenderBlock (anonymous) at (12,3) size 27x14
            RenderText at (0,0) size 27x14
              text run at (0,0) width 27: "form"
        RenderText {#text} at (0,0) size 0x0
      RenderBlock {DIV} at (0,40) size 784x40
        RenderText {#text} at (0,0) size 778x39
          text run at (0,0) width 294: "This tests Targetted frame submission works. "
          text run at (293,0) width 485: "If the test is successful, the text \"SUCCESS\" should be shown in the iframe"
          text run at (0,20) width 43: "below."
      RenderBlock (anonymous) at (0,80) size 784x154
        RenderIFrame {IFRAME} at (0,0) size 304x154 [border: (2px inset #000000)]
          layer at (0,0) size 300x150
            RenderView at (0,0) size 300x150
          layer at (0,0) size 300x150
            RenderBlock {HTML} at (0,0) size 300x150
              RenderBody {BODY} at (8,8) size 284x129
                RenderBlock {PRE} at (0,0) size 284x14
                  RenderText {#text} at (0,0) size 55x14
                    text run at (0,0) width 55: "SUCCESS"
                    text run at (54,0) width 1: " "
        RenderText {#text} at (0,0) size 0x0
