layer at (0,0) size 800x1241
  RenderView at (0,0) size 800x600
layer at (0,0) size 800x1241
  RenderBlock {HTML} at (0,0) size 800x1242
    RenderBody {BODY} at (8,8) size 784x1218
      RenderBlock (anonymous) at (0,0) size 784x20
        RenderText {#text} at (0,0) size 278x19
          text run at (0,0) width 278: "line-height settings not reflected in textarea"
        RenderBR {BR} at (277,0) size 1x19
      RenderBlock {P} at (0,36) size 784x271
        RenderText {#text} at (0,0) size 84x19
          text run at (0,0) width 84: "TEXTAREA"
        RenderBR {BR} at (83,0) size 1x19
        RenderText {#text} at (415,211) size 5x19
          text run at (415,211) width 5: " "
        RenderBR {BR} at (0,0) size 0x0
        RenderBR {BR} at (0,231) size 0x19
        RenderText {#text} at (0,251) size 148x19
          text run at (0,251) width 148: "PARAGRAPH - works"
      RenderBlock {P} at (0,323) size 402x202 [border: (1px dotted #C0C0C0)]
        RenderText {#text} at (1,19) size 400x70
          text run at (1,19) width 400: "Demo text here that wraps a bit and should demonstrate the"
          text run at (1,72) width 154: "goodness of line-height"
      RenderBlock (anonymous) at (0,538) size 784x41
        RenderBR {BR} at (0,0) size 0x19
        RenderText {#text} at (0,20) size 81x19
          text run at (0,20) width 81: "DIV - works"
        RenderBR {BR} at (80,20) size 1x19
      RenderBlock {DIV} at (0,578) size 402x203 [border: (1px dotted #C0C0C0)]
        RenderText {#text} at (1,19) size 400x70
          text run at (1,19) width 400: "Demo text here that wraps a bit and should demonstrate the"
          text run at (1,72) width 154: "goodness of line-height"
      RenderBlock (anonymous) at (0,780) size 784x438
        RenderBR {BR} at (0,0) size 0x19
        RenderBR {BR} at (0,20) size 0x19
        RenderText {#text} at (0,40) size 125x19
          text run at (0,40) width 125: "Un-Styled Textarea"
        RenderBR {BR} at (124,40) size 1x19
        RenderText {#text} at (172,83) size 4x19
          text run at (172,83) width 4: " "
        RenderBR {BR} at (0,0) size 0x0
        RenderBR {BR} at (0,103) size 0x19
        RenderText {#text} at (0,123) size 216x19
          text run at (0,123) width 216: "Totally Blank Un-Styled Textarea"
        RenderBR {BR} at (215,123) size 1x19
        RenderText {#text} at (172,166) size 4x19
          text run at (172,166) width 4: " "
        RenderBR {BR} at (0,0) size 0x0
        RenderBR {BR} at (0,186) size 0x19
        RenderText {#text} at (0,206) size 212x19
          text run at (0,206) width 212: "Totally Blank STYLED Textarea"
        RenderBR {BR} at (211,206) size 1x19
        RenderText {#text} at (0,0) size 0x0
      RenderBlock {P} at (0,1233) size 784x0
layer at (8,64) size 415x206 clip at (9,65) size 413x204
  RenderTextControl {TEXTAREA} at (0,20) size 416x206 [bgcolor=#FFFFFF] [border: (1px dotted #C0C0C0)]
    RenderBlock {DIV} at (7,3) size 401x106
      RenderText {#text} at (0,18) size 400x70
        text run at (0,18) width 400: "Demo text here that wraps a bit and should demonstrate the"
        text run at (399,18) width 1: " "
        text run at (0,71) width 154: "goodness of line-height"
layer at (10,850) size 168x34 clip at (11,851) size 151x32 scrollHeight 60
  RenderTextControl {TEXTAREA} at (2,62) size 168x34 [bgcolor=#FFFFFF] [border: (1px solid #E4E4E5)]
    RenderBlock {DIV} at (6,3) size 141x56
      RenderText {#text} at (0,0) size 140x56
        text run at (0,0) width 139: "Demo text here that wraps"
        text run at (138,0) width 2: " "
        text run at (0,14) width 84: "a bit and should"
        text run at (83,14) width 4: " "
        text run at (0,28) width 87: "demonstrate the"
        text run at (86,28) width 4: " "
        text run at (0,42) width 125: "goodness of line-height"
layer at (10,933) size 168x34 clip at (11,934) size 166x32
  RenderTextControl {TEXTAREA} at (2,145) size 168x34 [bgcolor=#FFFFFF] [border: (1px solid #E4E4E5)]
    RenderBlock {DIV} at (6,3) size 156x14
layer at (8,1014) size 415x206 clip at (9,1015) size 413x204
  RenderTextControl {TEXTAREA} at (0,226) size 416x206 [bgcolor=#FFFFFF] [border: (1px dotted #C0C0C0)]
    RenderBlock {DIV} at (7,3) size 401x53
