layer at (0,0) size 800x600
  RenderView at (0,0) size 800x600
layer at (0,0) size 800x600
  RenderBlock {HTML} at (0,0) size 800x600
    RenderBody {BODY} at (8,8) size 784x584
      RenderBlock {P} at (0,0) size 784x20
        RenderText {#text} at (0,0) size 640x19
          text run at (0,0) width 640: "The following textarea elements should all be rendered on the left, with their text aligned to the left."
      RenderBlock (anonymous) at (0,36) size 784x157
        RenderBR {BR} at (382,23) size 0x19
        RenderBR {BR} at (382,61) size 0x19
        RenderText {#text} at (382,99) size 4x19
          text run at (382,99) width 4: " "
        RenderBR {BR} at (386,99) size 0x19
        RenderText {#text} at (0,0) size 0x0
        RenderText {#text} at (0,0) size 0x0
      RenderBlock {DIV} at (0,193) size 784x38
layer at (10,46) size 378x34 clip at (11,47) size 376x32
  RenderTextControl {TEXTAREA} at (2,2) size 378x34 [bgcolor=#FFFFFF] [border: (1px solid #E4E4E5)]
    RenderBlock {DIV} at (6,3) size 366x14
      RenderText {#text} at (0,0) size 188x14
        text run at (0,0) width 188: "This is should be aligned to the left."
layer at (10,84) size 378x34 clip at (11,85) size 376x32
  RenderTextControl {TEXTAREA} at (2,40) size 378x34 [bgcolor=#FFFFFF] [border: (1px solid #E4E4E5)]
    RenderBlock {DIV} at (6,3) size 366x14
      RenderText {#text} at (0,0) size 188x14
        text run at (0,0) width 188: "This is should be aligned to the left."
layer at (10,122) size 378x34 clip at (11,123) size 376x32
  RenderTextControl {TEXTAREA} at (2,78) size 378x34 [bgcolor=#FFFFFF] [border: (1px solid #E4E4E5)]
    RenderBlock {DIV} at (6,3) size 366x14
      RenderText {#text} at (0,0) size 188x14
        text run at (0,0) width 188: "This is should be aligned to the left."
layer at (10,165) size 378x34 clip at (11,166) size 376x32
  RenderTextControl {TEXTAREA} at (2,121) size 378x34 [bgcolor=#FFFFFF] [border: (1px solid #E4E4E5)]
    RenderBlock {DIV} at (6,3) size 366x14
      RenderText {#text} at (0,0) size 188x14
        text run at (0,0) width 188: "This is should be aligned to the left."
layer at (10,203) size 378x34 clip at (11,204) size 376x32
  RenderTextControl {TEXTAREA} at (2,2) size 378x34 [bgcolor=#FFFFFF] [border: (1px solid #E4E4E5)]
    RenderBlock {DIV} at (6,3) size 366x14
      RenderText {#text} at (0,0) size 188x14
        text run at (0,0) width 188: "This is should be aligned to the left."
