layer at (0,0) size 785x1291
  RenderView at (0,0) size 785x600
layer at (0,0) size 785x1291
  RenderBlock {HTML} at (0,0) size 785x1291
    RenderBody {BODY} at (8,8) size 769x1275 [bgcolor=#CCCCCC]
      RenderBlock {P} at (0,0) size 769x18
        RenderText {#text} at (0,0) size 355x17
          text run at (0,0) width 355: "The style declarations which apply to the text below are:"
      RenderBlock {PRE} at (0,34) size 769x135
        RenderText {#text} at (0,0) size 312x135
          text run at (0,0) width 216: "DIV.a {font-family: serif;}"
          text run at (215,0) width 1: " "
          text run at (0,15) width 248: "DIV.b {font-family: monospace;}"
          text run at (247,15) width 1: " "
          text run at (0,30) width 208: ".one {font-family: serif;}"
          text run at (207,30) width 1: " "
          text run at (0,45) width 248: ".two {font-family: sans-serif;}"
          text run at (247,45) width 1: " "
          text run at (0,60) width 240: ".three {font-family: cursive;}"
          text run at (239,60) width 1: " "
          text run at (0,75) width 232: ".four {font-family: fantasy;}"
          text run at (231,75) width 1: " "
          text run at (0,90) width 248: ".five {font-family: monospace;}"
          text run at (247,90) width 1: " "
          text run at (0,105) width 312: ".six {font-family: sans-serif,cursive;}"
          text run at (311,105) width 1: " "
          text run at (0,120) width 304: ".seven {font-family: monospace,serif;}"
          text run at (303,120) width 1: " "
      RenderBlock {DIV} at (0,200) size 769x193
        RenderBlock {P} at (0,0) size 769x18
          RenderText {#text} at (0,0) size 638x17
            text run at (0,0) width 638: "This sentence is normal for the first division, which is the next five sentences; it should be a serif font."
        RenderBlock {P} at (0,34) size 769x18
          RenderText {#text} at (0,0) size 242x17
            text run at (0,0) width 242: "This sentence should be in a serif font."
        RenderBlock {P} at (0,68) size 769x19
          RenderText {#text} at (0,0) size 315x18
            text run at (0,0) width 315: "This sentence should be in a sans-serif font."
        RenderBlock {P} at (0,103) size 769x18
          RenderText {#text} at (0,0) size 260x17
            text run at (0,0) width 260: "This sentence should be in a cursive font."
        RenderBlock {P} at (0,137) size 769x25
          RenderText {#text} at (0,0) size 280x25
            text run at (0,0) width 280: "This sentence should be in a fantasy font."
        RenderBlock {P} at (0,178) size 769x15
          RenderText {#text} at (0,0) size 351x15
            text run at (0,0) width 351: "This sentence should be in a monospace font."
      RenderBlock {P} at (0,424) size 769x19
        RenderText {#text} at (0,0) size 401x18
          text run at (0,0) width 401: "This sentence should be in a sans-serif font, not cursive."
      RenderBlock {P} at (0,459) size 769x18
        RenderText {#text} at (0,0) size 547x18
          text run at (0,0) width 547: "This sentence should be in a monospace font, not serif."
      RenderBlock {DIV} at (0,508) size 769x205
        RenderBlock {P} at (0,0) size 769x30
          RenderText {#text} at (0,0) size 765x30
            text run at (0,0) width 765: "This sentence is normal for the first division, which is the next five sentences; it should be a"
            text run at (0,15) width 120: "monospace font."
        RenderBlock {P} at (0,46) size 769x18
          RenderText {#text} at (0,0) size 242x17
            text run at (0,0) width 242: "This sentence should be in a serif font."
        RenderBlock {P} at (0,80) size 769x19
          RenderText {#text} at (0,0) size 315x18
            text run at (0,0) width 315: "This sentence should be in a sans-serif font."
        RenderBlock {P} at (0,115) size 769x18
          RenderText {#text} at (0,0) size 260x17
            text run at (0,0) width 260: "This sentence should be in a cursive font."
        RenderBlock {P} at (0,149) size 769x25
          RenderText {#text} at (0,0) size 280x25
            text run at (0,0) width 280: "This sentence should be in a fantasy font."
        RenderBlock {P} at (0,190) size 769x15
          RenderText {#text} at (0,0) size 351x15
            text run at (0,0) width 351: "This sentence should be in a monospace font."
      RenderTable {TABLE} at (0,726) size 769x549 [border: (1px outset #808080)]
        RenderTableSection {TBODY} at (1,1) size 767x547
          RenderTableRow {TR} at (0,0) size 767x26
            RenderTableCell {TD} at (0,0) size 767x26 [bgcolor=#C0C0C0] [border: (1px inset #808080)] [r=0 c=0 rs=1 cs=2]
              RenderInline {STRONG} at (0,0) size 160x17
                RenderText {#text} at (4,4) size 160x17
                  text run at (4,4) width 160: "TABLE Testing Section"
          RenderTableRow {TR} at (0,26) size 767x521
            RenderTableCell {TD} at (0,273) size 12x27 [bgcolor=#C0C0C0] [border: (1px inset #808080)] [r=1 c=0 rs=1 cs=1]
              RenderText {#text} at (4,3) size 4x19
                text run at (4,4) width 4: " "
            RenderTableCell {TD} at (12,26) size 755x521 [border: (1px inset #808080)] [r=1 c=1 rs=1 cs=1]
              RenderBlock {DIV} at (4,4) size 747x193
                RenderBlock {P} at (0,0) size 747x18
                  RenderText {#text} at (0,0) size 638x17
                    text run at (0,0) width 638: "This sentence is normal for the first division, which is the next five sentences; it should be a serif font."
                RenderBlock {P} at (0,34) size 747x18
                  RenderText {#text} at (0,0) size 242x17
                    text run at (0,0) width 242: "This sentence should be in a serif font."
                RenderBlock {P} at (0,68) size 747x19
                  RenderText {#text} at (0,0) size 315x18
                    text run at (0,0) width 315: "This sentence should be in a sans-serif font."
                RenderBlock {P} at (0,103) size 747x18
                  RenderText {#text} at (0,0) size 260x17
                    text run at (0,0) width 260: "This sentence should be in a cursive font."
                RenderBlock {P} at (0,137) size 747x25
                  RenderText {#text} at (0,0) size 280x25
                    text run at (0,0) width 280: "This sentence should be in a fantasy font."
                RenderBlock {P} at (0,178) size 747x15
                  RenderText {#text} at (0,0) size 351x15
                    text run at (0,0) width 351: "This sentence should be in a monospace font."
              RenderBlock {P} at (4,228) size 747x19
                RenderText {#text} at (0,0) size 401x18
                  text run at (0,0) width 401: "This sentence should be in a sans-serif font, not cursive."
              RenderBlock {P} at (4,263) size 747x18
                RenderText {#text} at (0,0) size 547x18
                  text run at (0,0) width 547: "This sentence should be in a monospace font, not serif."
              RenderBlock {DIV} at (4,312) size 747x205
                RenderBlock {P} at (0,0) size 747x30
                  RenderText {#text} at (0,0) size 726x30
                    text run at (0,0) width 726: "This sentence is normal for the first division, which is the next five sentences; it should"
                    text run at (0,15) width 160: "be a monospace font."
                RenderBlock {P} at (0,46) size 747x18
                  RenderText {#text} at (0,0) size 242x17
                    text run at (0,0) width 242: "This sentence should be in a serif font."
                RenderBlock {P} at (0,80) size 747x19
                  RenderText {#text} at (0,0) size 315x18
                    text run at (0,0) width 315: "This sentence should be in a sans-serif font."
                RenderBlock {P} at (0,115) size 747x18
                  RenderText {#text} at (0,0) size 260x17
                    text run at (0,0) width 260: "This sentence should be in a cursive font."
                RenderBlock {P} at (0,149) size 747x25
                  RenderText {#text} at (0,0) size 280x25
                    text run at (0,0) width 280: "This sentence should be in a fantasy font."
                RenderBlock {P} at (0,190) size 747x15
                  RenderText {#text} at (0,0) size 351x15
                    text run at (0,0) width 351: "This sentence should be in a monospace font."
layer at (8,190) size 769x2 clip at (0,0) size 0x0
  RenderBlock {HR} at (0,182) size 769x2 [color=#808080] [border: (1px inset #808080)]
layer at (8,414) size 769x2 clip at (0,0) size 0x0
  RenderBlock {HR} at (0,406) size 769x2 [color=#808080] [border: (1px inset #808080)]
layer at (8,501) size 769x2 clip at (0,0) size 0x0
  RenderBlock {HR} at (0,493) size 769x2 [color=#808080] [border: (1px inset #808080)]
layer at (25,971) size 747x2 clip at (0,0) size 0x0
  RenderBlock {HR} at (4,210) size 747x2 [color=#808080] [border: (1px inset #808080)]
layer at (25,1058) size 747x2 clip at (0,0) size 0x0
  RenderBlock {HR} at (4,297) size 747x2 [color=#808080] [border: (1px inset #808080)]
