layer at (0,0) size 785x1250
  RenderView at (0,0) size 785x600
layer at (0,0) size 785x1250
  RenderBlock {HTML} at (0,0) size 785x1251
    RenderBody {BODY} at (8,17) size 769x1226 [color=#00FF00] [bgcolor=#333333]
      RenderBlock {H1} at (0,0) size 769x30
        RenderText {#text} at (0,0) size 528x30
          text run at (0,0) width 528: "CSS2 Table Backgrounds Test Suite"
      RenderBlock {H2} at (0,47) size 769x24
        RenderText {#text} at (0,0) size 300x23
          text run at (0,0) width 300: "Part C: Background Layers"
      RenderBlock {H3} at (0,86) size 769x18
        RenderText {#text} at (0,0) size 153x17
          text run at (0,0) width 153: "empty-cells: hide"
      RenderBlock {P} at (0,118) size 769x33
        RenderText {#text} at (0,0) size 392x16
          text run at (0,0) width 392: "Both tables should look identical to the ones in "
        RenderInline {A} at (0,0) size 136x16 [color=#FFFF00]
          RenderText {#text} at (392,0) size 136x16
            text run at (392,0) width 136: "empty-cells: show"
        RenderText {#text} at (528,0) size 768x32
          text run at (528,0) width 240: " except that there should be a"
          text run at (0,16) width 320: "blue blank where table cell C should be."
      RenderBlock {DL} at (0,163) size 769x97
        RenderBlock {DT} at (0,0) size 769x16
          RenderText {#text} at (0,0) size 32x16
            text run at (0,0) width 32: "next"
        RenderBlock {DD} at (40,16) size 729x16
          RenderInline {A} at (0,0) size 368x16 [color=#FFFF00]
            RenderText {#text} at (0,0) size 368x16
              text run at (0,0) width 368: "Background with Borders: Background on 'table'"
          RenderText {#text} at (0,0) size 0x0
        RenderBlock {DT} at (0,32) size 769x16
          RenderText {#text} at (0,0) size 64x16
            text run at (0,0) width 64: "previous"
        RenderBlock {DD} at (40,48) size 729x16
          RenderInline {A} at (0,0) size 288x16 [color=#FFFF00]
            RenderText {#text} at (0,0) size 288x16
              text run at (0,0) width 288: "Background Layers: empty-cells: show"
          RenderText {#text} at (0,0) size 0x0
        RenderBlock {DT} at (0,64) size 769x16
          RenderText {#text} at (0,0) size 64x16
            text run at (0,0) width 64: "contents"
        RenderBlock {DD} at (40,80) size 729x16
          RenderInline {A} at (0,0) size 136x16 [color=#FFFF00]
            RenderText {#text} at (0,0) size 136x16
              text run at (0,0) width 136: "Table of Contents"
          RenderText {#text} at (0,0) size 0x0
      RenderTable {TABLE} at (0,272) size 618x468 [color=#FFFFFF] [bgcolor=#0000FF] [border: (1px dotted #FFFFFF)]
        RenderBlock {CAPTION} at (0,0) size 618x23
          RenderText {#text} at (161,0) size 296x22
            text run at (161,0) width 296: "With 'border-collapse: separate'"
        RenderTableCol {COLGROUP} at (0,0) size 0x0
          RenderTableCol {COL} at (0,0) size 0x0
          RenderTableCol {COL} at (0,0) size 0x0
          RenderTableCol {COL} at (0,0) size 0x0
        RenderTableCol {COLGROUP} at (0,0) size 0x0
          RenderTableCol {COL} at (0,0) size 0x0
        RenderTableSection {THEAD} at (1,24) size 616x114
          RenderTableRow {TR} at (0,7) size 616x100
            RenderTableCell {TH} at (7,43) size 130x28 [border: (1px dotted #FFFFFF)] [r=0 c=0 rs=1 cs=1]
              RenderText {#text} at (43,2) size 44x23
                text run at (43,3) width 44: "TH A"
            RenderTableCell {TH} at (144,31) size 220x52 [border: (13px dotted #FFFFFF)] [r=0 c=1 rs=1 cs=1]
              RenderText {#text} at (87,14) size 46x23
                text run at (87,15) width 46: "TH B"
            RenderTableCell {TH} at (371,55) size 118x4 [border: (1px dotted #FFFFFF)] [r=0 c=2 rs=1 cs=1]
            RenderTableCell {TH} at (496,43) size 113x28 [border: (1px dotted #FFFFFF)] [r=0 c=3 rs=1 cs=1]
              RenderText {#text} at (34,2) size 45x23
                text run at (34,3) width 45: "TH D"
        RenderTableSection {TFOOT} at (1,344) size 616x122
          RenderTableRow {TR} at (0,0) size 616x115
            RenderTableCell {TD} at (7,44) size 357x27 [border: (1px dotted #FFFFFF)] [r=0 c=0 rs=1 cs=2]
              RenderText {#text} at (2,2) size 49x22
                text run at (2,2) width 49: "TD M"
            RenderTableCell {TD} at (371,44) size 118x27 [border: (1px dotted #FFFFFF)] [r=0 c=2 rs=1 cs=1]
              RenderText {#text} at (2,2) size 47x22
                text run at (2,2) width 47: "TD O"
            RenderTableCell {TD} at (496,44) size 113x27 [border: (1px dotted #FFFFFF)] [r=0 c=3 rs=1 cs=1]
              RenderText {#text} at (2,2) size 45x22
                text run at (2,2) width 45: "TD P"
        RenderTableSection {TBODY} at (1,138) size 616x206
          RenderTableRow {TR} at (0,0) size 616x108
            RenderTableCell {TD} at (7,74) size 130x51 [border: (13px dotted #FFFFFF)] [r=0 c=0 rs=2 cs=1]
              RenderText {#text} at (14,14) size 45x22
                text run at (14,14) width 45: "TD E"
            RenderTableCell {TD} at (144,40) size 220x28 [border: (1px dotted #FFFFFF)] [r=0 c=1 rs=1 cs=1]
              RenderText {#text} at (2,2) size 44x23
                text run at (2,3) width 44: "TD F"
            RenderTableCell {TD} at (371,40) size 118x28 [border: (1px dotted #FFFFFF)] [r=0 c=2 rs=1 cs=1]
              RenderText {#text} at (2,2) size 47x23
                text run at (2,3) width 47: "TD G"
            RenderTableCell {TD} at (496,40) size 113x28 [border: (1px dotted #FFFFFF)] [r=0 c=3 rs=1 cs=1]
              RenderText {#text} at (2,2) size 45x23
                text run at (2,3) width 45: "TD H"
          RenderTableRow {TR} at (0,115) size 616x84
            RenderTableCell {TD} at (144,143) size 220x28 [border: (1px dotted #FFFFFF)] [r=1 c=1 rs=1 cs=1]
              RenderText {#text} at (2,2) size 43x23
                text run at (2,3) width 43: "TD J"
            RenderTableCell {TD} at (371,143) size 118x28 [border: (1px dotted #FFFFFF)] [r=1 c=2 rs=1 cs=1]
              RenderText {#text} at (2,2) size 46x23
                text run at (2,3) width 46: "TD K"
            RenderTableCell {TD} at (496,143) size 113x28 [border: (1px dotted #FFFFFF)] [r=1 c=3 rs=1 cs=1]
              RenderText {#text} at (2,2) size 44x23
                text run at (2,3) width 44: "TD L"
      RenderTable {TABLE} at (0,739) size 578x434 [color=#FFFFFF] [bgcolor=#0000FF] [border: (6px dotted #FFFFFF)]
        RenderBlock {CAPTION} at (0,0) size 578x23
          RenderText {#text} at (143,0) size 292x22
            text run at (143,0) width 292: "With 'border-collapse: collapse'"
        RenderTableCol {COLGROUP} at (0,0) size 0x0
          RenderTableCol {COL} at (0,0) size 0x0
          RenderTableCol {COL} at (0,0) size 0x0
          RenderTableCol {COL} at (0,0) size 0x0
        RenderTableCol {COLGROUP} at (0,0) size 0x0
          RenderTableCol {COL} at (0,0) size 0x0
        RenderTableSection {THEAD} at (0,29) size 577x99
          RenderTableRow {TR} at (0,0) size 577x99
            RenderTableCell {TH} at (0,33) size 135x33 [border: (1px dotted #FFFFFF)] [r=0 c=0 rs=1 cs=1]
              RenderText {#text} at (43,2) size 44x23
                text run at (43,3) width 44: "TH A"
            RenderTableCell {TH} at (135,30) size 207x39 [border: (7px dotted #FFFFFF)] [r=0 c=1 rs=1 cs=1]
              RenderText {#text} at (81,8) size 46x23
                text run at (81,9) width 46: "TH B"
            RenderTableCell {TH} at (342,48) size 123x3 [border: (1px dotted #FFFFFF)] [r=0 c=2 rs=1 cs=1]
            RenderTableCell {TH} at (465,36) size 112x27 [border: (1px dotted #FFFFFF)] [r=0 c=3 rs=1 cs=1]
              RenderText {#text} at (34,2) size 45x23
                text run at (34,3) width 45: "TH D"
        RenderTableSection {TFOOT} at (0,318) size 577x114
          RenderTableRow {TR} at (0,0) size 577x114
            RenderTableCell {TD} at (0,41) size 342x32 [border: (7px dotted #FFFFFF)] [r=0 c=0 rs=1 cs=2]
              RenderText {#text} at (2,8) size 49x22
                text run at (2,8) width 49: "TD M"
            RenderTableCell {TD} at (342,44) size 123x26 [border: (1px dotted #FFFFFF)] [r=0 c=2 rs=1 cs=1]
              RenderText {#text} at (2,2) size 47x22
                text run at (2,2) width 47: "TD O"
            RenderTableCell {TD} at (465,44) size 112x26 [border: (1px dotted #FFFFFF)] [r=0 c=3 rs=1 cs=1]
              RenderText {#text} at (2,2) size 45x22
                text run at (2,2) width 45: "TD P"
        RenderTableSection {TBODY} at (0,128) size 577x190
          RenderTableRow {TR} at (0,0) size 577x107
            RenderTableCell {TD} at (0,76) size 135x38 [border: (7px dotted #FFFFFF)] [r=0 c=0 rs=2 cs=1]
              RenderText {#text} at (8,8) size 45x22
                text run at (8,8) width 45: "TD E"
            RenderTableCell {TD} at (135,37) size 207x33 [border: (7px dotted #FFFFFF)] [r=0 c=1 rs=1 cs=1]
              RenderText {#text} at (8,8) size 44x23
                text run at (8,9) width 44: "TD F"
            RenderTableCell {TD} at (342,40) size 123x27 [border: (1px dotted #FFFFFF)] [r=0 c=2 rs=1 cs=1]
              RenderText {#text} at (2,2) size 47x23
                text run at (2,3) width 47: "TD G"
            RenderTableCell {TD} at (465,40) size 112x27 [border: (1px dotted #FFFFFF)] [r=0 c=3 rs=1 cs=1]
              RenderText {#text} at (2,2) size 45x23
                text run at (2,3) width 45: "TD H"
          RenderTableRow {TR} at (0,107) size 577x83
            RenderTableCell {TD} at (135,135) size 207x27 [border: (1px dotted #FFFFFF)] [r=1 c=1 rs=1 cs=1]
              RenderText {#text} at (8,2) size 43x23
                text run at (8,3) width 43: "TD J"
            RenderTableCell {TD} at (342,135) size 123x27 [border: (1px dotted #FFFFFF)] [r=1 c=2 rs=1 cs=1]
              RenderText {#text} at (2,2) size 46x23
                text run at (2,3) width 46: "TD K"
            RenderTableCell {TD} at (465,135) size 112x27 [border: (1px dotted #FFFFFF)] [r=1 c=3 rs=1 cs=1]
              RenderText {#text} at (2,2) size 44x23
                text run at (2,3) width 44: "TD L"
      RenderBlock {DIV} at (0,1172) size 769x36
        RenderInline {A} at (0,0) size 88x16 [color=#FFFF00]
          RenderImage {IMG} at (0,0) size 88x31
        RenderText {#text} at (0,0) size 0x0
      RenderBlock {ADDRESS} at (0,1207) size 769x18
        RenderText {#text} at (0,0) size 704x17
          text run at (0,0) width 704: "CSS2 Table Backgrounds Test Suite designed and written by fantasai <fantasai@escape.com>"
