layer at (0,0) size 785x700
  RenderView at (0,0) size 785x600
layer at (0,0) size 785x489
  RenderBlock {HTML} at (0,0) size 785x489
    RenderBody {BODY} at (8,8) size 769x473
      RenderTable {TABLE} at (0,0) size 200x473 [border: (1px outset #808080)]
        RenderBlock {CAPTION} at (0,0) size 200x206 [border: (3px solid #FFA500)]
          RenderText {#text} at (78,3) size 44x36
            text run at (78,3) width 44: "cap"
        RenderTableSection {TBODY} at (1,207) size 198x122
          RenderTableRow {TR} at (0,30) size 198x62
            RenderTableCell {TD} at (30,50) size 54x22 [border: (1px inset #808080)] [r=0 c=0 rs=1 cs=1]
              RenderText {#text} at (1,1) size 20x19
                text run at (1,1) width 20: "foo"
            RenderTableCell {TD} at (114,30) size 54x62 [border: (1px inset #808080)] [r=0 c=1 rs=1 cs=1]
              RenderText {#text} at (1,1) size 20x19
                text run at (1,1) width 20: "bar"
              RenderBR {BR} at (21,1) size 0x19
              RenderText {#text} at (1,21) size 21x19
                text run at (1,21) width 21: "baz"
              RenderBR {BR} at (22,21) size 0x19
              RenderText {#text} at (1,41) size 21x19
                text run at (1,41) width 21: "zap"
        RenderTableSection {TBODY} at (1,329) size 198x143
          RenderTableRow {TR} at (0,0) size 198x113
            RenderTableCell {TD} at (30,0) size 54x113 [border: (1px inset #808080)] [r=0 c=0 rs=1 cs=1]
              RenderText {#text} at (1,1) size 44x110
                text run at (1,1) width 42: "foo"
                text run at (1,38) width 41: "bar"
                text run at (1,75) width 44: "baz"
            RenderTableCell {TD} at (114,59) size 54x54 [border: (1px inset #808080)] [r=0 c=1 rs=1 cs=1]
              RenderBlock {DIV} at (1,1) size 52x52 [border: (1px solid #008000)]
                RenderBlock {DIV} at (1,1) size 402x302 [border: (1px solid #FF0000)]
                  RenderText {#text} at (1,1) size 16x36
                    text run at (1,1) width 16: "d"
