layer at (0,0) size 800x600
  RenderView at (0,0) size 800x600
layer at (0,0) size 800x600
  RenderBlock {HTML} at (0,0) size 800x600
    RenderBody {BODY} at (8,8) size 784x584
      RenderBlock {P} at (0,0) size 784x40
        RenderText {#text} at (0,0) size 772x39
          text run at (0,0) width 772: "CELLSPACING specifies the amount space between cells. The first table has a cellspacing value of 20%; the second table does"
          text run at (0,20) width 124: "not have cellspacing."
      RenderTable {TABLE} at (0,56) size 88x56 [border: (1px outset #808080)]
        RenderTableSection {TBODY} at (1,1) size 86x54
          RenderTableRow {TR} at (0,2) size 86x24
            RenderTableCell {TD} at (2,2) size 26x24 [border: (1px inset #808080)] [r=0 c=0 rs=1 cs=1]
              RenderText {#text} at (2,2) size 22x19
                text run at (2,2) width 22: "text"
            RenderTableCell {TD} at (30,2) size 26x24 [border: (1px inset #808080)] [r=0 c=1 rs=1 cs=1]
              RenderText {#text} at (2,2) size 22x19
                text run at (2,2) width 22: "text"
            RenderTableCell {TD} at (58,2) size 26x24 [border: (1px inset #808080)] [r=0 c=2 rs=1 cs=1]
              RenderText {#text} at (2,2) size 22x19
                text run at (2,2) width 22: "text"
          RenderTableRow {TR} at (0,28) size 86x24
            RenderTableCell {TD} at (2,28) size 26x24 [border: (1px inset #808080)] [r=1 c=0 rs=1 cs=1]
              RenderText {#text} at (2,2) size 22x19
                text run at (2,2) width 22: "text"
            RenderTableCell {TD} at (30,28) size 26x24 [border: (1px inset #808080)] [r=1 c=1 rs=1 cs=1]
              RenderText {#text} at (2,2) size 22x19
                text run at (2,2) width 22: "text"
            RenderTableCell {TD} at (58,28) size 26x24 [border: (1px inset #808080)] [r=1 c=2 rs=1 cs=1]
              RenderText {#text} at (2,2) size 22x19
                text run at (2,2) width 22: "text"
      RenderBlock (anonymous) at (0,112) size 784x40
        RenderBR {BR} at (0,0) size 0x19
        RenderBR {BR} at (0,20) size 0x19
      RenderTable {TABLE} at (0,152) size 88x56 [border: (1px outset #808080)]
        RenderTableSection {TBODY} at (1,1) size 86x54
          RenderTableRow {TR} at (0,2) size 86x24
            RenderTableCell {TD} at (2,2) size 26x24 [border: (1px inset #808080)] [r=0 c=0 rs=1 cs=1]
              RenderText {#text} at (2,2) size 22x19
                text run at (2,2) width 22: "text"
            RenderTableCell {TD} at (30,2) size 26x24 [border: (1px inset #808080)] [r=0 c=1 rs=1 cs=1]
              RenderText {#text} at (2,2) size 22x19
                text run at (2,2) width 22: "text"
            RenderTableCell {TD} at (58,2) size 26x24 [border: (1px inset #808080)] [r=0 c=2 rs=1 cs=1]
              RenderText {#text} at (2,2) size 22x19
                text run at (2,2) width 22: "text"
          RenderTableRow {TR} at (0,28) size 86x24
            RenderTableCell {TD} at (2,28) size 26x24 [border: (1px inset #808080)] [r=1 c=0 rs=1 cs=1]
              RenderText {#text} at (2,2) size 22x19
                text run at (2,2) width 22: "text"
            RenderTableCell {TD} at (30,28) size 26x24 [border: (1px inset #808080)] [r=1 c=1 rs=1 cs=1]
              RenderText {#text} at (2,2) size 22x19
                text run at (2,2) width 22: "text"
            RenderTableCell {TD} at (58,28) size 26x24 [border: (1px inset #808080)] [r=1 c=2 rs=1 cs=1]
              RenderText {#text} at (2,2) size 22x19
                text run at (2,2) width 22: "text"
