layer at (0,0) size 800x600
  RenderView at (0,0) size 800x600
layer at (0,0) size 800x153
  RenderBlock {html} at (0,0) size 800x153
    RenderBody {body} at (8,16) size 784x129
      RenderBlock {p} at (0,0) size 784x20
        RenderText {#text} at (0,0) size 448x19
          text run at (0,0) width 374: "There should be rules between all rows (and only rows) in the "
          text run at (374,0) width 74: "table below."
      RenderTable {table} at (0,36) size 173x93 [border: none]
        RenderTableCol {colgroup} at (0,0) size 0x0
          RenderTableCol {col} at (0,0) size 0x0
        RenderTableCol {colgroup} at (0,0) size 0x0
          RenderTableCol {col} at (0,0) size 0x0
        RenderTableCol {colgroup} at (0,0) size 0x0
          RenderTableCol {col} at (0,0) size 0x0
        RenderTableSection {thead} at (0,0) size 172x23
          RenderTableRow {tr} at (0,0) size 172x23
            RenderTableCell {th} at (0,0) size 58x23 [border: (1px solid #808080) none none (1px none #808080)] [r=0 c=0 rs=1 cs=1]
              RenderText {#text} at (2,2) size 55x19
                text run at (2,2) width 55: "THEAD"
            RenderTableCell {th} at (58,0) size 57x23 [border: (1px solid #808080) none none none] [r=0 c=1 rs=1 cs=1]
              RenderText {#text} at (1,2) size 55x19
                text run at (1,2) width 55: "THEAD"
            RenderTableCell {th} at (115,0) size 57x23 [border: (1px solid #808080) none none none] [r=0 c=2 rs=1 cs=1]
              RenderText {#text} at (1,2) size 55x19
                text run at (1,2) width 55: "THEAD"
        RenderTableSection {tfoot} at (0,69) size 172x23
          RenderTableRow {tr} at (0,0) size 172x23
            RenderTableCell {td} at (0,0) size 58x23 [border: (1px solid #808080) none none (1px none #808080)] [r=0 c=0 rs=1 cs=1]
              RenderText {#text} at (2,2) size 51x19
                text run at (2,2) width 51: "TFOOT"
            RenderTableCell {td} at (58,0) size 57x23 [border: (1px solid #808080) none none none] [r=0 c=1 rs=1 cs=1]
              RenderText {#text} at (1,2) size 51x19
                text run at (1,2) width 51: "TFOOT"
            RenderTableCell {td} at (115,0) size 57x23 [border: (1px solid #808080) none none none] [r=0 c=2 rs=1 cs=1]
              RenderText {#text} at (1,2) size 51x19
                text run at (1,2) width 51: "TFOOT"
        RenderTableSection {tbody} at (0,23) size 172x46
          RenderTableRow {tr} at (0,0) size 172x23
            RenderTableCell {td} at (0,0) size 58x23 [border: (1px solid #808080) none none (1px none #808080)] [r=0 c=0 rs=1 cs=1]
              RenderText {#text} at (2,2) size 53x19
                text run at (2,2) width 53: "TBODY"
            RenderTableCell {td} at (58,0) size 57x23 [border: (1px solid #808080) none none none] [r=0 c=1 rs=1 cs=1]
              RenderText {#text} at (1,2) size 53x19
                text run at (1,2) width 53: "TBODY"
            RenderTableCell {td} at (115,0) size 57x23 [border: (1px solid #808080) none none none] [r=0 c=2 rs=1 cs=1]
              RenderText {#text} at (1,2) size 53x19
                text run at (1,2) width 53: "TBODY"
          RenderTableRow {tr} at (0,23) size 172x23
            RenderTableCell {td} at (0,23) size 58x23 [border: (1px solid #808080) none none (1px none #808080)] [r=1 c=0 rs=1 cs=1]
              RenderText {#text} at (2,2) size 53x19
                text run at (2,2) width 53: "TBODY"
            RenderTableCell {td} at (58,23) size 57x23 [border: (1px solid #808080) none none none] [r=1 c=1 rs=1 cs=1]
              RenderText {#text} at (1,2) size 53x19
                text run at (1,2) width 53: "TBODY"
            RenderTableCell {td} at (115,23) size 57x23 [border: (1px solid #808080) none none none] [r=1 c=2 rs=1 cs=1]
              RenderText {#text} at (1,2) size 53x19
                text run at (1,2) width 53: "TBODY"
