layer at (0,0) size 785x1696
  RenderView at (0,0) size 785x600
layer at (0,0) size 785x1696
  RenderBlock {HTML} at (0,0) size 785x1696
    RenderBody {BODY} at (8,16) size 769x1664
      RenderBlock {DIV} at (0,0) size 769x807
        RenderBlock {P} at (0,0) size 769x18
          RenderText {#text} at (682,0) size 87x18
            text run at (682,0) width 87: "Right To Left"
        RenderBlock {P} at (0,34) size 769x18
          RenderText {#text} at (435,0) size 334x18
            text run at (435,0) width 5 RTL: "."
            text run at (439,0) width 330: "Well-formed pair of unicode bidi control characters"
        RenderBlock {DIV} at (0,68) size 769x18
          RenderText {#text} at (755,0) size 14x18
            text run at (755,0) width 1 RTL: "\x{202C}"
            text run at (755,0) width 6 RTL: "!"
            text run at (761,0) width 8: "\x{202B}b"
        RenderBlock {DIV} at (0,86) size 769x18
          RenderText {#text} at (755,0) size 14x18
            text run at (755,0) width 1 RTL: "\x{202C}"
            text run at (755,0) width 14: "\x{202A}b!"
        RenderBlock {P} at (0,120) size 769x18
          RenderText {#text} at (503,0) size 266x18
            text run at (503,0) width 5 RTL: "."
            text run at (507,0) width 262: "Unpaired unicode bidi control characters"
        RenderBlock {DIV} at (0,154) size 769x18
          RenderText {#text} at (755,0) size 14x18
            text run at (755,0) width 6 RTL: "!"
            text run at (761,0) width 8: "\x{202B}b"
        RenderBlock {DIV} at (0,172) size 769x18
          RenderText {#text} at (755,0) size 14x18
            text run at (755,0) width 14: "\x{202A}b!"
        RenderBlock {P} at (0,206) size 769x18
          RenderText {#text} at (427,0) size 342x18
            text run at (427,0) width 5 RTL: "."
            text run at (431,0) width 338: "Empty content inside unicode bidi control characters"
        RenderBlock {DIV} at (0,240) size 769x18
          RenderText {#text} at (769,0) size 0x18
            text run at (769,0) width 0 RTL: "\x{202C}\x{202C}"
        RenderBlock {DIV} at (0,258) size 769x18
          RenderText {#text} at (769,0) size 0x18
            text run at (769,0) width 0 RTL: "\x{202A}\x{202A}"
        RenderBlock {DIV} at (0,276) size 769x18
          RenderText {#text} at (769,0) size 0x18
            text run at (769,0) width 0 RTL: "\x{202B}\x{202B}"
        RenderBlock {P} at (0,310) size 769x18
          RenderText {#text} at (481,0) size 288x18
            text run at (481,0) width 5 RTL: "."
            text run at (485,0) width 284: "String inside unicode bidi control characters"
        RenderBlock {DIV} at (0,344) size 769x18
          RenderText {#text} at (746,0) size 23x18
            text run at (746,0) width 1 RTL: "\x{202C}"
            text run at (746,0) width 23: "\x{202C}abc"
        RenderBlock {DIV} at (0,362) size 769x18
          RenderText {#text} at (746,0) size 23x18
            text run at (746,0) width 1 RTL: "\x{202A}"
            text run at (746,0) width 23: "\x{202A}abc"
        RenderBlock {DIV} at (0,380) size 769x18
          RenderText {#text} at (746,0) size 23x18
            text run at (746,0) width 1 RTL: "\x{202B}"
            text run at (746,0) width 23: "\x{202B}abc"
        RenderBlock {P} at (0,414) size 769x18
          RenderText {#text} at (475,0) size 294x18
            text run at (475,0) width 5 RTL: "."
            text run at (479,0) width 290: "String around unicode bidi control characters"
        RenderBlock {DIV} at (0,448) size 769x18
          RenderText {#text} at (726,0) size 43x18
            text run at (726,0) width 1 RTL: "\x{202C}"
            text run at (726,0) width 43: "def\x{202C}abc"
        RenderBlock {DIV} at (0,466) size 769x18
          RenderText {#text} at (726,0) size 43x18
            text run at (726,0) width 43: "\x{202C}abc\x{202C}def"
        RenderBlock {DIV} at (0,484) size 769x18
          RenderText {#text} at (703,0) size 66x18
            text run at (703,0) width 66: "xyz\x{202C}abc\x{202C}def"
        RenderBlock {P} at (0,518) size 769x18
          RenderText {#text} at (518,0) size 251x18
            text run at (518,0) width 5 RTL: "."
            text run at (522,0) width 247: "Nested unicode bidi control characters"
        RenderBlock {DIV} at (0,552) size 769x18
          RenderText {#text} at (755,0) size 14x18
            text run at (755,0) width 1 RTL: "\x{202C}"
            text run at (755,0) width 14: "\x{202A}\x{202A}b!"
        RenderBlock {DIV} at (0,570) size 769x18
          RenderText {#text} at (755,0) size 14x18
            text run at (755,0) width 1 RTL: "\x{202C}"
            text run at (755,0) width 6 RTL: "!"
            text run at (761,0) width 8: "\x{202B}\x{202B}b"
        RenderBlock {DIV} at (0,588) size 769x18
          RenderText {#text} at (755,0) size 14x18
            text run at (755,0) width 6 RTL: "!\x{202C}"
            text run at (761,0) width 8: "\x{202C}\x{202C}b"
        RenderBlock {DIV} at (0,606) size 769x18
          RenderText {#text} at (748,0) size 21x18
            text run at (748,0) width 1 RTL: "\x{202C}"
            text run at (748,0) width 9: "\x{202C}1"
            text run at (756,0) width 6 RTL: "!"
            text run at (761,0) width 8: "\x{202B}c"
        RenderBlock {P} at (0,640) size 769x18
          RenderText {#text} at (485,0) size 284x18
            text run at (485,0) width 5 RTL: "."
            text run at (489,0) width 280: "Start with different directionality characters"
        RenderBlock {DIV} at (0,674) size 769x18
          RenderText {#text} at (745,0) size 24x18
            text run at (745,0) width 0 RTL: "\x{202C}\x{202B}"
            text run at (745,0) width 24: "12\x{202C}\x{202A}1"
        RenderBlock {DIV} at (0,692) size 769x18
          RenderText {#text} at (753,0) size 16x18
            text run at (753,0) width 0 RTL: "\x{202C}\x{202A}"
            text run at (753,0) width 16: "12"
        RenderBlock {DIV} at (0,710) size 769x21
          RenderText {#text} at (752,1) size 17x18
            text run at (752,1) width 1 RTL: "\x{202C}\x{202A}"
            text run at (752,1) width 17: "\x{660}\x{661}"
        RenderBlock {DIV} at (0,731) size 769x21
          RenderText {#text} at (750,1) size 19x18
            text run at (750,1) width 19 RTL: "\x{683}\x{684}\x{202C}\x{202A}"
        RenderBlock {DIV} at (0,752) size 769x18
          RenderText {#text} at (757,0) size 12x18
            text run at (757,0) width 12 RTL: "\x{1}\x{202C}\x{202A}"
        RenderBlock {DIV} at (0,770) size 769x18
          RenderText {#text} at (746,0) size 23x18
            text run at (746,0) width 1 RTL: "\x{202C}\x{202A}"
            text run at (746,0) width 23: "abc"
        RenderBlock {DIV} at (0,788) size 769x19
          RenderText {#text} at (749,1) size 20x18
            text run at (749,1) width 20 RTL: "\x{5D0}\x{5D1}\x{202C}\x{202A}"
      RenderBlock {DIV} at (0,823) size 769x807
        RenderBlock {P} at (0,0) size 769x18
          RenderText {#text} at (0,0) size 87x18
            text run at (0,0) width 87: "Left To Right"
        RenderBlock {P} at (0,34) size 769x18
          RenderText {#text} at (0,0) size 334x18
            text run at (0,0) width 334: "Well-formed pair of unicode bidi control characters."
        RenderBlock {DIV} at (0,68) size 769x18
          RenderText {#text} at (0,0) size 14x18
            text run at (0,0) width 6 RTL: "!"
            text run at (5,0) width 9: "\x{202B}b"
            text run at (13,0) width 1: "\x{202C}"
        RenderBlock {DIV} at (0,86) size 769x18
          RenderText {#text} at (0,0) size 14x18
            text run at (0,0) width 14: "\x{202A}b!\x{202C}"
        RenderBlock {P} at (0,120) size 769x18
          RenderText {#text} at (0,0) size 266x18
            text run at (0,0) width 266: "Unpaired unicode bidi control characters."
        RenderBlock {DIV} at (0,154) size 769x18
          RenderText {#text} at (0,0) size 14x18
            text run at (0,0) width 6 RTL: "!"
            text run at (5,0) width 9: "\x{202B}b"
        RenderBlock {DIV} at (0,172) size 769x18
          RenderText {#text} at (0,0) size 14x18
            text run at (0,0) width 14: "\x{202A}b!"
        RenderBlock {P} at (0,206) size 769x18
          RenderText {#text} at (0,0) size 342x18
            text run at (0,0) width 342: "Empty content inside unicode bidi control characters."
        RenderBlock {DIV} at (0,240) size 769x18
          RenderText {#text} at (0,0) size 0x18
            text run at (0,0) width 0: "\x{202C}\x{202C}"
        RenderBlock {DIV} at (0,258) size 769x18
          RenderText {#text} at (0,0) size 0x18
            text run at (0,0) width 0: "\x{202A}\x{202A}"
        RenderBlock {DIV} at (0,276) size 769x18
          RenderText {#text} at (0,0) size 0x18
            text run at (0,0) width 0: "\x{202B}\x{202B}"
        RenderBlock {P} at (0,310) size 769x18
          RenderText {#text} at (0,0) size 288x18
            text run at (0,0) width 288: "String inside unicode bidi control characters."
        RenderBlock {DIV} at (0,344) size 769x18
          RenderText {#text} at (0,0) size 23x18
            text run at (0,0) width 23: "\x{202C}abc\x{202C}"
        RenderBlock {DIV} at (0,362) size 769x18
          RenderText {#text} at (0,0) size 23x18
            text run at (0,0) width 23: "\x{202A}abc\x{202A}"
        RenderBlock {DIV} at (0,380) size 769x18
          RenderText {#text} at (0,0) size 23x18
            text run at (0,0) width 23: "\x{202B}abc"
            text run at (22,0) width 1: "\x{202B}"
        RenderBlock {P} at (0,414) size 769x18
          RenderText {#text} at (0,0) size 294x18
            text run at (0,0) width 294: "String around unicode bidi control characters."
        RenderBlock {DIV} at (0,448) size 769x18
          RenderText {#text} at (0,0) size 43x18
            text run at (0,0) width 43: "def\x{202C}abc\x{202C}"
        RenderBlock {DIV} at (0,466) size 769x18
          RenderText {#text} at (0,0) size 43x18
            text run at (0,0) width 43: "\x{202C}abc\x{202C}def"
        RenderBlock {DIV} at (0,484) size 769x18
          RenderText {#text} at (0,0) size 66x18
            text run at (0,0) width 66: "xyz\x{202C}abc\x{202C}def"
        RenderBlock {P} at (0,518) size 769x18
          RenderText {#text} at (0,0) size 251x18
            text run at (0,0) width 251: "Nested unicode bidi control characters."
        RenderBlock {DIV} at (0,552) size 769x18
          RenderText {#text} at (0,0) size 14x18
            text run at (0,0) width 14: "\x{202A}\x{202A}b!\x{202C}"
        RenderBlock {DIV} at (0,570) size 769x18
          RenderText {#text} at (0,0) size 14x18
            text run at (0,0) width 6 RTL: "!"
            text run at (5,0) width 9: "\x{202B}\x{202B}b"
            text run at (13,0) width 1: "\x{202C}"
        RenderBlock {DIV} at (0,588) size 769x18
          RenderText {#text} at (0,0) size 14x18
            text run at (0,0) width 14: "\x{202C}\x{202C}b!\x{202C}"
        RenderBlock {DIV} at (0,606) size 769x18
          RenderText {#text} at (0,0) size 21x18
            text run at (0,0) width 8: "\x{202C}1"
            text run at (8,0) width 6 RTL: "!"
            text run at (13,0) width 8: "\x{202B}c"
            text run at (20,0) width 1: "\x{202C}"
        RenderBlock {P} at (0,640) size 769x18
          RenderText {#text} at (0,0) size 284x18
            text run at (0,0) width 284: "Start with different directionality characters."
        RenderBlock {DIV} at (0,674) size 769x18
          RenderText {#text} at (0,0) size 24x18
            text run at (0,0) width 24: "12\x{202C}\x{202A}1\x{202C}\x{202B}"
        RenderBlock {DIV} at (0,692) size 769x18
          RenderText {#text} at (0,0) size 16x18
            text run at (0,0) width 16: "12\x{202C}\x{202A}"
        RenderBlock {DIV} at (0,710) size 769x21
          RenderText {#text} at (0,1) size 17x18
            text run at (0,1) width 17: "\x{660}\x{661}"
            text run at (16,1) width 1: "\x{202C}\x{202A}"
        RenderBlock {DIV} at (0,731) size 769x21
          RenderText {#text} at (0,1) size 19x18
            text run at (0,1) width 19 RTL: "\x{683}\x{684}"
            text run at (18,1) width 1: "\x{202C}\x{202A}"
        RenderBlock {DIV} at (0,752) size 769x18
          RenderText {#text} at (0,0) size 12x18
            text run at (0,0) width 12: "\x{1}\x{202C}\x{202A}"
        RenderBlock {DIV} at (0,770) size 769x18
          RenderText {#text} at (0,0) size 23x18
            text run at (0,0) width 23: "abc\x{202C}\x{202A}"
        RenderBlock {DIV} at (0,788) size 769x19
          RenderText {#text} at (0,1) size 20x18
            text run at (0,1) width 20 RTL: "\x{5D0}\x{5D1}"
            text run at (19,1) width 1: "\x{202C}\x{202A}"
      RenderBlock {UL} at (0,1646) size 769x18
        RenderListItem {LI} at (40,0) size 729x18
          RenderListMarker at (-17,0) size 7x18: bullet
          RenderText {#text} at (0,0) size 717x18
            text run at (0,0) width 717: "test id=test: the right-most character of rendering result of <PDF>abc<PDF> in RTL block should be c: Success"
selection start: position 3 of child 0 {#text} of child 20 {DIV} of child 1 {DIV} of body
selection end:   position 4 of child 0 {#text} of child 20 {DIV} of child 1 {DIV} of body
