layer at (0,0) size 800x600
  RenderView at (0,0) size 800x600
layer at (0,0) size 800x600
  RenderBlock {HTML} at (0,0) size 800x600
    RenderBody {BODY} at (8,8) size 784x576
      RenderTable {TABLE} at (0,0) size 91x85 [border: (1px solid #000000)]
        RenderTableSection {TBODY} at (1,1) size 88x82
          RenderTableRow {TR} at (0,0) size 88x41
            RenderTableCell {TD} at (0,0) size 45x41 [border: (2px none #000000)] [r=0 c=0 rs=1 cs=1]
              RenderText {#text} at (3,3) size 40x37
                text run at (3,4) width 40: "foo"
            RenderTableCell {TD} at (45,0) size 43x41 [border: (2px solid #000000)] [r=0 c=1 rs=1 cs=1]
              RenderText {#text} at (3,3) size 38x36
                text run at (3,3) width 38: "bar"
          RenderTableRow {TR} at (0,41) size 88x41
            RenderTableCell {TD} at (0,42) size 45x39 [border: none] [r=1 c=0 rs=1 cs=1]
              RenderText {#text} at (3,1) size 40x36
                text run at (3,1) width 40: "foo"
            RenderTableCell {TD} at (45,41) size 43x41 [border: (2px solid #000000)] [r=1 c=1 rs=1 cs=1]
              RenderText {#text} at (3,3) size 38x36
                text run at (3,3) width 38: "bar"
      RenderBlock {P} at (0,101) size 784x129
        RenderTable {TABLE} at (0,0) size 135x129 [border: (12px solid #000000)]
          RenderTableSection {TBODY} at (12,12) size 110x104
            RenderTableRow {TR} at (0,0) size 110x52
              RenderTableCell {TD} at (0,0) size 56x52 [border: (13px none #000000)] [r=0 c=0 rs=1 cs=1]
                RenderText {#text} at (14,14) size 40x37
                  text run at (14,15) width 40: "foo"
              RenderTableCell {TD} at (56,0) size 54x52 [border: (13px solid #000000)] [r=0 c=1 rs=1 cs=1]
                RenderText {#text} at (3,14) size 38x36
                  text run at (3,14) width 38: "bar"
            RenderTableRow {TR} at (0,52) size 110x52
              RenderTableCell {TD} at (0,53) size 56x50 [border: none] [r=1 c=0 rs=1 cs=1]
                RenderText {#text} at (14,1) size 40x36
                  text run at (14,1) width 40: "foo"
              RenderTableCell {TD} at (56,52) size 54x52 [border: (2px solid #000000)] [r=1 c=1 rs=1 cs=1]
                RenderText {#text} at (3,3) size 38x36
                  text run at (3,3) width 38: "bar"
      RenderBlock {P} at (0,246) size 784x179
        RenderTable {TABLE} at (0,0) size 185x179 [border: (25px solid #000000)]
          RenderTableSection {TBODY} at (25,25) size 135x129
            RenderTableRow {TR} at (0,0) size 135x64
              RenderTableCell {TD} at (0,0) size 68x64 [border: (25px none #000000)] [r=0 c=0 rs=1 cs=1]
                RenderText {#text} at (26,26) size 40x37
                  text run at (26,27) width 40: "foo"
              RenderTableCell {TD} at (68,0) size 67x64 [border: (25px solid #000000)] [r=0 c=1 rs=1 cs=1]
                RenderText {#text} at (3,26) size 38x36
                  text run at (3,26) width 38: "bar"
            RenderTableRow {TR} at (0,64) size 135x65
              RenderTableCell {TD} at (0,65) size 68x63 [border: none] [r=1 c=0 rs=1 cs=1]
                RenderText {#text} at (26,1) size 40x36
                  text run at (26,1) width 40: "foo"
              RenderTableCell {TD} at (68,64) size 67x65 [border: (2px solid #000000)] [r=1 c=1 rs=1 cs=1]
                RenderText {#text} at (3,3) size 38x36
                  text run at (3,3) width 38: "bar"
