layer at (0,0) size 800x600
  RenderView at (0,0) size 800x600
layer at (0,0) size 800x600
  RenderBlock {HTML} at (0,0) size 800x600
    RenderBody {BODY} at (8,8) size 784x584
      RenderBlock {P} at (0,0) size 784x18
        RenderText {#text} at (0,0) size 503x18
          text run at (0,0) width 503: "This tests that the AutoFill button renders. It can only be tested in the test tool."
      RenderBlock {DIV} at (0,34) size 784x23
        RenderTextControl {INPUT} at (2,2) size 137x19 [bgcolor=#FFFFFF] [border: (2px inset #000000)]
          RenderFlexibleBox {DIV} at (3,3) size 131x13
            RenderBlock {DIV} at (0,0) size 111x13
        RenderText {#text} at (140,2) size 5x18
          text run at (140,2) width 5: " "
        RenderTextControl {INPUT} at (146,2) size 137x19 [bgcolor=#FFFFFF] [border: (2px inset #000000)]
          RenderFlexibleBox {DIV} at (3,3) size 131x13
            RenderBlock {DIV} at (0,0) size 111x13
        RenderText {#text} at (284,2) size 5x18
          text run at (284,2) width 5: " "
        RenderTextControl {INPUT} at (290,2) size 138x19 [bgcolor=#FFFFFF] [border: (2px inset #000000)]
          RenderFlexibleBox {DIV} at (3,3) size 131x13
            RenderBlock {DIV} at (0,0) size 111x13
        RenderTextControl {INPUT} at (431,2) size 137x19 [bgcolor=#FFFFFF] [border: (2px inset #000000)]
          RenderFlexibleBox {DIV} at (3,3) size 131x13
            RenderBlock {DIV} at (0,0) size 111x13
layer at (13,47) size 110x13
  RenderBlock {DIV} at (0,0) size 111x13
layer at (157,47) size 110x13
  RenderBlock {DIV} at (0,0) size 111x13
layer at (302,47) size 110x13
  RenderBlock {DIV} at (0,0) size 111x13
layer at (442,47) size 110x13
  RenderBlock {DIV} at (0,0) size 111x13
layer at (126,48) size 15x12
  RenderBlock {DIV} at (113,0) size 16x13 [bgcolor=#000000]
layer at (271,48) size 15x12
  RenderBlock {DIV} at (113,0) size 16x13 [bgcolor=#000000]
layer at (415,48) size 15x12
  RenderBlock {DIV} at (113,0) size 16x13 [bgcolor=#000000]
layer at (555,48) size 15x12
  RenderBlock {DIV} at (113,0) size 16x13 [bgcolor=#000000]
