layer at (0,0) size 800x600
  RenderView at (0,0) size 800x600
layer at (0,0) size 800x81
  RenderBlock {HTML} at (0,0) size 800x81
    RenderBody {BODY} at (8,16) size 784x57
      RenderBlock {P} at (0,0) size 784x18
        RenderText {#text} at (0,0) size 582x18
          text run at (0,0) width 196: "This tests that the Credit Card "
          text run at (195,0) width 387: "AutoFill button renders. It can only be tested in the test tool."
      RenderBlock {DIV} at (0,34) size 784x23
        RenderTextControl {INPUT} at (2,2) size 147x19 [bgcolor=#FFFFFF] [border: (2px inset #000000)]
          RenderFlexibleBox {DIV} at (3,3) size 141x13
            RenderBlock {DIV} at (0,0) size 114x13
        RenderText {#text} at (150,2) size 5x18
          text run at (150,2) width 5: " "
        RenderTextControl {INPUT} at (156,2) size 148x19 [bgcolor=#FFFFFF] [border: (2px inset #000000)]
          RenderFlexibleBox {DIV} at (3,3) size 141x13
            RenderBlock {DIV} at (0,0) size 114x13
        RenderText {#text} at (305,2) size 5x18
          text run at (305,2) width 5: " "
        RenderTextControl {INPUT} at (311,2) size 148x19 [bgcolor=#FFFFFF] [border: (2px inset #000000)]
          RenderFlexibleBox {DIV} at (3,3) size 141x13
            RenderBlock {DIV} at (0,0) size 114x13
        RenderText {#text} at (460,2) size 5x18
          text run at (460,2) width 5: " "
        RenderTextControl {INPUT} at (466,2) size 148x19 [bgcolor=#FFFFFF] [border: (2px inset #000000)]
          RenderFlexibleBox {DIV} at (3,3) size 141x13
            RenderBlock {DIV} at (0,0) size 114x13
layer at (13,55) size 114x13
  RenderBlock {DIV} at (0,0) size 114x13
layer at (168,55) size 114x13
  RenderBlock {DIV} at (0,0) size 114x13
layer at (323,55) size 114x13
  RenderBlock {DIV} at (0,0) size 114x13
layer at (478,55) size 114x13
  RenderBlock {DIV} at (0,0) size 114x13
layer at (130,56) size 22x12
  RenderBlock {DIV} at (116,0) size 23x13 [bgcolor=#000000]
layer at (285,56) size 22x12
  RenderBlock {DIV} at (116,0) size 23x13 [bgcolor=#000000]
layer at (440,56) size 22x12
  RenderBlock {DIV} at (116,0) size 23x13 [bgcolor=#000000]
layer at (595,56) size 22x12
  RenderBlock {DIV} at (116,0) size 23x13 [bgcolor=#000000]
