layer at (0,0) size 800x600
  RenderView at (0,0) size 800x600
layer at (0,0) size 800x600
  RenderBlock {HTML} at (0,0) size 800x600
    RenderBody {BODY} at (8,8) size 784x584
      RenderBlock {P} at (0,0) size 784x18
        RenderText {#text} at (0,0) size 335x17
          text run at (0,0) width 335: "The text below should say \"document type created\";"
      RenderBlock {DIV} at (0,34) size 784x18
        RenderText {#text} at (0,0) size 145x17
          text run at (0,0) width 145: "document type created"
