layer at (0,0) size 900x585
  RenderView at (0,0) size 800x585
layer at (0,0) size 800x585
  RenderBlock {HTML} at (0,0) size 800x585
    RenderFrameSet {FRAMESET} at (0,0) size 900x300
      RenderFrame {FRAME} at (0,0) size 300x300
        layer at (0,0) size 300x300
          RenderView at (0,0) size 300x300
        layer at (0,0) size 300x300
          RenderBlock {HTML} at (0,0) size 300x300
            RenderBody {BODY} at (8,8) size 284x276 [bgcolor=#008000]
              RenderBlock {P} at (0,0) size 284x36
                RenderText {#text} at (0,0) size 265x36
                  text run at (0,0) width 265: "Test for frameset flattening. The flattening"
                  text run at (0,18) width 176: "only works inside the DRT."
              RenderBlock {P} at (0,52) size 284x36
                RenderText {#text} at (0,0) size 279x36
                  text run at (0,0) width 279: "This frame should be a square of side 300px"
                  text run at (0,18) width 242: "and not be scrollable (have scrollbars)."
        layer at (0,100) size 300x1
          RenderBlock (positioned) {DIV} at (0,100) size 300x1
      RenderFrame {FRAME} at (300,0) size 600x300
        layer at (0,0) size 600x300
          RenderView at (0,0) size 600x300
        layer at (0,0) size 600x300
          RenderBlock {HTML} at (0,0) size 600x300
            RenderBody {BODY} at (8,8) size 584x284
