layer at (0,0) size 800x600
  RenderView at (0,0) size 800x600
layer at (0,0) size 800x600
  RenderBlock {HTML} at (0,0) size 800x600
    RenderBody {BODY} at (8,8) size 784x576 [bgcolor=#008000]
      RenderBlock {P} at (0,0) size 784x18
        RenderText {#text} at (0,0) size 432x18
          text run at (0,0) width 432: "Test for iframe flattening. The flattening only works inside the DRT."
      RenderBlock {P} at (0,34) size 784x18
        RenderText {#text} at (0,0) size 778x18
          text run at (0,0) width 434: "This inner frame should be 200px in each direction, disregarding the "
          text run at (434,0) width 344: "border, and it must not be scrollable or have scrollbars."
      RenderBlock {P} at (0,68) size 784x204
        RenderIFrame {IFRAME} at (0,0) size 204x204 [border: (2px inset #000000)]
          layer at (0,0) size 400x400
            RenderView at (0,0) size 200x200
          layer at (0,0) size 200x200
            RenderBlock {HTML} at (0,0) size 200x200
              RenderBody {BODY} at (8,8) size 184x184 [bgcolor=#FF0000]
          layer at (0,0) size 400x400
            RenderBlock (positioned) {DIV} at (0,0) size 400x400
        RenderText {#text} at (0,0) size 0x0
