layer at (0,0) size 800x600
  RenderView at (0,0) size 800x600
layer at (0,0) size 800x39
  RenderBlock {HTML} at (0,0) size 800x39
    RenderDeprecatedFlexibleBox {BODY} at (8,8) size 784x23
      RenderBlock (anonymous) at (0,0) size 29x23
        RenderText {#text} at (15,1) size 4x19
          text run at (15,1) width 4: " "
        RenderBlock {SPAN} at (19,5) size 10x11 [bgcolor=#FF0000]
        RenderText {#text} at (0,0) size 0x0
layer at (8,8) size 15x23 clip at (13,13) size 5x13
  RenderMenuList {SELECT} at (0,0) size 15x23 [bgcolor=#FFFFFF] [border: (5px solid #000000)]
    RenderBlock (anonymous) at (5,5) size 5x13
      RenderText at (-9999,0) size 0x13
        text run at (-9999,0) width 0: " "
