layer at (0,0) size 827x1653
  RenderView at (0,0) size 800x600
layer at (0,0) size 800x1653
  RenderBlock {HTML} at (0,0) size 800x1654
    RenderBody {BODY} at (8,17) size 784x1624 [color=#00FF00] [bgcolor=#333333]
      RenderBlock {H1} at (0,0) size 784x27
        RenderText {#text} at (0,0) size 515x27
          text run at (0,0) width 515: "CSS2 Table Backgrounds Test Suite"
      RenderBlock {H2} at (0,44) size 784x22
        RenderText {#text} at (0,0) size 61x21
          text run at (0,0) width 61: "Notes"
      RenderBlock {P} at (0,81) size 784x71
        RenderText {#text} at (0,0) size 710x28
          text run at (0,0) width 710: "This test suite is not endorsed or approved by the W3C or anyone besides fantasai. It tests"
          text run at (0,14) width 203: "conformance to fantasai's "
        RenderInline {A} at (0,0) size 306x14 [color=#FFFF00]
          RenderText {#text} at (202,14) size 306x14
            text run at (202,14) width 306: "table background clarification proposal"
        RenderText {#text} at (507,14) size 773x56
          text run at (507,14) width 180: ", not the official CSS2"
          text run at (0,28) width 773: "specification. The intent is to demonstrate the proposal's effects under various styling conditions"
          text run at (0,42) width 765: "and to clarify any ambiguity in the proposal in preparation for a better-worded errata suggestion."
          text run at (0,56) width 476: "It's not particularly well-designed, but it is comprehensive."
      RenderBlock {P} at (0,164) size 784x29
        RenderText {#text} at (0,0) size 781x28
          text run at (0,0) width 781: "This test suite (this page and all pages linked from the table of contents below) and its background"
          text run at (0,14) width 749: "images (listed below) are in the public domain by assertion of their author. No rights reserved."
      RenderBlock {P} at (0,205) size 784x15
        RenderText {#text} at (0,0) size 383x14
          text run at (0,0) width 383: "The images used as backgrounds are the following:"
      RenderBlock {UL} at (0,232) size 784x734
        RenderListItem {LI} at (40,0) size 744x34
          RenderListMarker at (-14,20) size 5x14: bullet
          RenderImage {IMG} at (0,0) size 80x30
          RenderText {#text} at (0,0) size 0x0
        RenderListItem {LI} at (40,34) size 744x84
          RenderListMarker at (-14,70) size 5x14: bullet
          RenderImage {IMG} at (0,0) size 30x80
          RenderText {#text} at (0,0) size 0x0
        RenderListItem {LI} at (40,118) size 744x615
          RenderListMarker at (-14,601) size 5x14: bullet
          RenderImage {IMG} at (0,0) size 779x611
          RenderText {#text} at (0,0) size 0x0
      RenderBlock {P} at (0,978) size 784x15
        RenderText {#text} at (0,0) size 328x14
          text run at (0,0) width 328: "They are in GIF format, with transparency."
      RenderBlock {P} at (0,1005) size 784x29
        RenderText {#text} at (0,0) size 765x28
          text run at (0,0) width 765: "Each color band in the rainbow backgrounds is 20 pixels wide. Each stripe within the color band is"
          text run at (0,14) width 125: "two pixels wide."
      RenderBlock {P} at (0,1046) size 784x15
        RenderText {#text} at (0,0) size 710x14
          text run at (0,0) width 710: "The aqua and purple band is 10 pixels wide. Each stripe within the band is two pixels wide."
      RenderBlock {P} at (0,1073) size 784x15
        RenderText {#text} at (0,0) size 726x14
          text run at (0,0) width 726: "Many image background rules in this test suite are backed up with a 'black' background color."
      RenderBlock {P} at (0,1100) size 784x43
        RenderText {#text} at (0,0) size 227x14
          text run at (0,0) width 227: "This test suite assumes that "
        RenderInline {STRONG} at (0,0) size 765x28
          RenderText {#text} at (226,0) size 765x28
            text run at (226,0) width 539: "the border edge for a table element in a table with collapsed borders"
            text run at (0,14) width 55: "is the "
          RenderInline {EM} at (0,0) size 48x14
            RenderText {#text} at (54,14) size 48x14
              text run at (54,14) width 48: "middle"
          RenderText {#text} at (101,14) size 492x14
            text run at (101,14) width 492: " of the border around the element, not the outer or inner edge."
        RenderText {#text} at (592,14) size 773x28
          text run at (592,14) width 181: " (This also needs to be"
          text run at (0,28) width 632: "addressed by CSS2.1.) It also assumes support for proper ordering of tables with "
        RenderInline {CODE} at (0,0) size 56x14
          RenderText {#text} at (631,28) size 56x14
            text run at (631,28) width 56: "<tfoot>"
        RenderText {#text} at (686,28) size 9x14
          text run at (686,28) width 9: "."
      RenderBlock {H2} at (0,1158) size 784x22
        RenderText {#text} at (0,0) size 205x21
          text run at (0,0) width 205: "Table of Contents"
      RenderBlock {OL} at (0,1195) size 784x428
        RenderListItem {LI} at (40,0) size 744x98
          RenderBlock (anonymous) at (0,0) size 744x14
            RenderListMarker at (-27,0) size 24x14: "A"
            RenderText {#text} at (0,0) size 118x14
              text run at (0,0) width 118: "Background Area"
          RenderBlock {OL} at (0,14) size 744x84
            RenderListItem {LI} at (40,0) size 704x14
              RenderListMarker at (-27,0) size 24x14: "1"
              RenderInline {A} at (0,0) size 164x14 [color=#FFFF00]
                RenderText {#text} at (0,0) size 164x14
                  text run at (0,0) width 164: "Background on 'table'"
              RenderText {#text} at (0,0) size 0x0
            RenderListItem {LI} at (40,14) size 704x14
              RenderListMarker at (-27,0) size 24x14: "2"
              RenderInline {A} at (0,0) size 242x14 [color=#FFFF00]
                RenderText {#text} at (0,0) size 242x14
                  text run at (0,0) width 242: "Background on 'table-row-group'"
              RenderText {#text} at (0,0) size 0x0
            RenderListItem {LI} at (40,28) size 704x14
              RenderListMarker at (-27,0) size 24x14: "3"
              RenderInline {A} at (0,0) size 266x14 [color=#FFFF00]
                RenderText {#text} at (0,0) size 266x14
                  text run at (0,0) width 266: "Background on 'table-column-group'"
              RenderText {#text} at (0,0) size 0x0
            RenderListItem {LI} at (40,42) size 704x14
              RenderListMarker at (-27,0) size 24x14: "4"
              RenderInline {A} at (0,0) size 196x14 [color=#FFFF00]
                RenderText {#text} at (0,0) size 196x14
                  text run at (0,0) width 196: "Background on 'table-row'"
              RenderText {#text} at (0,0) size 0x0
            RenderListItem {LI} at (40,56) size 704x14
              RenderListMarker at (-27,0) size 24x14: "5"
              RenderInline {A} at (0,0) size 219x14 [color=#FFFF00]
                RenderText {#text} at (0,0) size 219x14
                  text run at (0,0) width 219: "Background on 'table-column'"
              RenderText {#text} at (0,0) size 0x0
            RenderListItem {LI} at (40,70) size 704x14
              RenderListMarker at (-27,0) size 24x14: "6"
              RenderInline {A} at (0,0) size 203x14 [color=#FFFF00]
                RenderText {#text} at (0,0) size 203x14
                  text run at (0,0) width 203: "Background on 'table-cell'"
              RenderText {#text} at (0,0) size 0x0
        RenderListItem {LI} at (40,98) size 744x98
          RenderBlock (anonymous) at (0,0) size 744x14
            RenderListMarker at (-27,0) size 24x14: "B"
            RenderText {#text} at (0,0) size 149x14
              text run at (0,0) width 149: "Background Position"
          RenderBlock {OL} at (0,14) size 744x84
            RenderListItem {LI} at (40,0) size 704x14
              RenderListMarker at (-27,0) size 24x14: "1"
              RenderInline {A} at (0,0) size 164x14 [color=#FFFF00]
                RenderText {#text} at (0,0) size 164x14
                  text run at (0,0) width 164: "Background on 'table'"
              RenderText {#text} at (0,0) size 0x0
            RenderListItem {LI} at (40,14) size 704x14
              RenderListMarker at (-27,0) size 24x14: "2"
              RenderInline {A} at (0,0) size 242x14 [color=#FFFF00]
                RenderText {#text} at (0,0) size 242x14
                  text run at (0,0) width 242: "Background on 'table-row-group'"
              RenderText {#text} at (0,0) size 0x0
            RenderListItem {LI} at (40,28) size 704x14
              RenderListMarker at (-27,0) size 24x14: "3"
              RenderInline {A} at (0,0) size 266x14 [color=#FFFF00]
                RenderText {#text} at (0,0) size 266x14
                  text run at (0,0) width 266: "Background on 'table-column-group'"
              RenderText {#text} at (0,0) size 0x0
            RenderListItem {LI} at (40,42) size 704x14
              RenderListMarker at (-27,0) size 24x14: "4"
              RenderInline {A} at (0,0) size 196x14 [color=#FFFF00]
                RenderText {#text} at (0,0) size 196x14
                  text run at (0,0) width 196: "Background on 'table-row'"
              RenderText {#text} at (0,0) size 0x0
            RenderListItem {LI} at (40,56) size 704x14
              RenderListMarker at (-27,0) size 24x14: "5"
              RenderInline {A} at (0,0) size 219x14 [color=#FFFF00]
                RenderText {#text} at (0,0) size 219x14
                  text run at (0,0) width 219: "Background on 'table-column'"
              RenderText {#text} at (0,0) size 0x0
            RenderListItem {LI} at (40,70) size 704x14
              RenderListMarker at (-27,0) size 24x14: "6"
              RenderInline {A} at (0,0) size 203x14 [color=#FFFF00]
                RenderText {#text} at (0,0) size 203x14
                  text run at (0,0) width 203: "Background on 'table-cell'"
              RenderText {#text} at (0,0) size 0x0
        RenderListItem {LI} at (40,196) size 744x42
          RenderBlock (anonymous) at (0,0) size 744x14
            RenderListMarker at (-27,0) size 24x14: "C"
            RenderText {#text} at (0,0) size 133x14
              text run at (0,0) width 133: "Background Layers"
          RenderBlock {OL} at (0,14) size 744x28
            RenderListItem {LI} at (40,0) size 704x14
              RenderListMarker at (-27,0) size 24x14: "1"
              RenderInline {A} at (0,0) size 133x14 [color=#FFFF00]
                RenderText {#text} at (0,0) size 133x14
                  text run at (0,0) width 133: "empty-cells: show"
              RenderText {#text} at (0,0) size 0x0
            RenderListItem {LI} at (40,14) size 704x14
              RenderListMarker at (-27,0) size 24x14: "2"
              RenderInline {A} at (0,0) size 133x14 [color=#FFFF00]
                RenderText {#text} at (0,0) size 133x14
                  text run at (0,0) width 133: "empty-cells: hide"
              RenderText {#text} at (0,0) size 0x0
        RenderListItem {LI} at (40,238) size 744x189
          RenderBlock (anonymous) at (0,0) size 744x14
            RenderListMarker at (-27,0) size 24x14: "D"
            RenderText {#text} at (0,0) size 180x14
              text run at (0,0) width 180: "Background with Borders"
          RenderBlock {OL} at (0,14) size 744x126
            RenderListItem {LI} at (40,0) size 704x14
              RenderListMarker at (-27,0) size 24x14: "1"
              RenderInline {A} at (0,0) size 164x14 [color=#FFFF00]
                RenderText {#text} at (0,0) size 164x14
                  text run at (0,0) width 164: "Background on 'table'"
              RenderText {#text} at (0,0) size 0x0
            RenderListItem {LI} at (40,14) size 704x14
              RenderListMarker at (-27,0) size 24x14: "2"
              RenderInline {A} at (0,0) size 242x14 [color=#FFFF00]
                RenderText {#text} at (0,0) size 242x14
                  text run at (0,0) width 242: "Background on 'table-row-group'"
              RenderText {#text} at (0,0) size 0x0
            RenderListItem {LI} at (40,28) size 704x14
              RenderListMarker at (-27,0) size 24x14: "3"
              RenderInline {A} at (0,0) size 266x14 [color=#FFFF00]
                RenderText {#text} at (0,0) size 266x14
                  text run at (0,0) width 266: "Background on 'table-column-group'"
              RenderText {#text} at (0,0) size 0x0
            RenderListItem {LI} at (40,42) size 704x14
              RenderListMarker at (-27,0) size 24x14: "4"
              RenderInline {A} at (0,0) size 196x14 [color=#FFFF00]
                RenderText {#text} at (0,0) size 196x14
                  text run at (0,0) width 196: "Background on 'table-row'"
              RenderText {#text} at (0,0) size 0x0
            RenderListItem {LI} at (40,56) size 704x14
              RenderListMarker at (-27,0) size 24x14: "5"
              RenderInline {A} at (0,0) size 219x14 [color=#FFFF00]
                RenderText {#text} at (0,0) size 219x14
                  text run at (0,0) width 219: "Background on 'table-column'"
              RenderText {#text} at (0,0) size 0x0
            RenderListItem {LI} at (40,70) size 704x14
              RenderListMarker at (-27,0) size 24x14: "6"
              RenderInline {A} at (0,0) size 203x14 [color=#FFFF00]
                RenderText {#text} at (0,0) size 203x14
                  text run at (0,0) width 203: "Background on 'table-cell'"
              RenderText {#text} at (0,0) size 0x0
            RenderListItem {LI} at (40,84) size 704x42
              RenderBlock (anonymous) at (0,0) size 704x14
                RenderListMarker at (-27,0) size 24x14: "7"
                RenderText {#text} at (0,0) size 102x14
                  text run at (0,0) width 102: "Special Tests"
              RenderBlock {OL} at (0,14) size 704x28
                RenderListItem {LI} at (40,0) size 664x14
                  RenderListMarker at (-27,0) size 24x14: "1"
                  RenderInline {A} at (0,0) size 55x14 [color=#FFFF00]
                    RenderText {#text} at (0,0) size 55x14
                      text run at (0,0) width 55: "Opacity"
                  RenderText {#text} at (0,0) size 0x0
                RenderListItem {LI} at (40,14) size 664x14
                  RenderListMarker at (-27,0) size 24x14: "2"
                  RenderInline {A} at (0,0) size 133x14 [color=#FFFF00]
                    RenderText {#text} at (0,0) size 133x14
                      text run at (0,0) width 133: "Fixed Backgrounds"
                  RenderText {#text} at (0,0) size 0x0
          RenderBlock {DIV} at (0,140) size 744x35
            RenderInline {A} at (0,0) size 88x14 [color=#FFFF00]
              RenderImage {IMG} at (0,0) size 88x31
            RenderText {#text} at (0,0) size 0x0
          RenderBlock {ADDRESS} at (0,175) size 744x14
            RenderText {#text} at (0,0) size 687x14
              text run at (0,0) width 687: "CSS2 Table Backgrounds Test Suite designed and written by fantasai <fantasai@escape.com>"
