layer at (0,0) size 800x600
  RenderView at (0,0) size 800x600
layer at (0,0) size 800x600
  RenderBlock {HTML} at (0,0) size 800x600
    RenderBody {BODY} at (8,8) size 784x584
      RenderBlock (anonymous) at (0,0) size 784x40
        RenderText {#text} at (0,0) size 783x39
          text run at (0,0) width 704: "The TD cell (The EggPlant Exchange) should not wrap when window is resized. However, the cell below the "
          text run at (703,0) width 80: "heading will"
          text run at (0,20) width 127: "wrap atuomatically."
        RenderBR {BR} at (126,20) size 1x19
      RenderTable {TABLE} at (0,40) size 248x56 [border: (1px outset #808080)]
        RenderTableSection {TBODY} at (1,1) size 246x54
          RenderTableRow {TR} at (0,2) size 246x24
            RenderTableCell {TD} at (2,2) size 242x24 [border: (1px inset #808080)] [r=0 c=0 rs=1 cs=1]
              RenderText {#text} at (2,2) size 154x19
                text run at (2,2) width 154: "The Eggplant Exchange"
          RenderTableRow {TR} at (0,28) size 246x24
            RenderTableCell {TD} at (2,28) size 242x24 [border: (1px inset #808080)] [r=1 c=0 rs=1 cs=1]
              RenderText {#text} at (2,2) size 238x19
                text run at (2,2) width 238: "Lots of Recipies for Eggplant Lovers"
