layer at (0,0) size 800x600
  RenderView at (0,0) size 800x600
layer at (0,0) size 800x600
  RenderBlock {HTML} at (0,0) size 800x600
    RenderBody {BODY} at (8,8) size 784x584
      RenderBlock (anonymous) at (0,0) size 784x20
        RenderText {#text} at (0,0) size 458x19
          text run at (0,0) width 458: "The table displayed is two rows by three columns with a 3 pixel border."
        RenderBR {BR} at (457,0) size 1x19
      RenderTable {TABLE} at (0,20) size 222x60 [border: (3px outset #808080)]
        RenderTableSection {TBODY} at (3,3) size 216x54
          RenderTableRow {TR} at (0,2) size 216x24
            RenderTableCell {TD} at (2,2) size 70x24 [border: (1px inset #808080)] [r=0 c=0 rs=1 cs=1]
              RenderText {#text} at (2,2) size 64x19
                text run at (2,2) width 64: "Navigator"
            RenderTableCell {TD} at (73,2) size 75x24 [border: (1px inset #808080)] [r=0 c=1 rs=1 cs=1]
              RenderText {#text} at (2,2) size 70x19
                text run at (2,2) width 70: "Messenger"
            RenderTableCell {TD} at (149,2) size 65x24 [border: (1px inset #808080)] [r=0 c=2 rs=1 cs=1]
              RenderText {#text} at (2,2) size 56x19
                text run at (2,2) width 56: "Collabra"
          RenderTableRow {TR} at (0,28) size 216x24
            RenderTableCell {TD} at (2,28) size 70x24 [border: (1px inset #808080)] [r=1 c=0 rs=1 cs=1]
              RenderText {#text} at (2,2) size 66x19
                text run at (2,2) width 66: "Composer"
            RenderTableCell {TD} at (73,28) size 75x24 [border: (1px inset #808080)] [r=1 c=1 rs=1 cs=1]
              RenderText {#text} at (2,2) size 58x19
                text run at (2,2) width 58: "Calendar"
            RenderTableCell {TD} at (149,28) size 65x24 [border: (1px inset #808080)] [r=1 c=2 rs=1 cs=1]
              RenderText {#text} at (2,2) size 61x19
                text run at (2,2) width 61: "Netcaster"
