layer at (0,0) size 800x600
  RenderView at (0,0) size 800x600
layer at (0,0) size 800x600
  RenderBlock {HTML} at (0,0) size 800x600
    RenderBody {BODY} at (8,8) size 784x584
      RenderTable {TABLE} at (0,0) size 420x121 [border: (2.50px outset #808080)]
        RenderBlock {CAPTION} at (0,0) size 420x20
          RenderText {#text} at (11,0) size 397x19
            text run at (11,0) width 397: "Communicator 4.5 Installers for Mac and Windows Platforms"
        RenderTableSection {TBODY} at (2,22) size 415x97
          RenderTableRow {TR} at (0,0) size 415x25
            RenderTableCell {TH} at (0,10) size 123x5 [border: (2.50px solid #808080)] [r=0 c=0 rs=1 cs=1]
            RenderTableCell {TH} at (122,0) size 111x25 [border: (2.50px solid #808080)] [r=0 c=1 rs=1 cs=1]
              RenderText {#text} at (1,3) size 108x20
                text run at (1,3) width 108: "Macintosh PPC"
            RenderTableCell {TH} at (232,0) size 88x25 [border: (2.50px solid #808080)] [r=0 c=2 rs=1 cs=1]
              RenderText {#text} at (1,3) size 85x20
                text run at (1,3) width 85: "Windows 95"
            RenderTableCell {TH} at (319,0) size 96x25 [border: (2.50px solid #808080)] [r=0 c=3 rs=1 cs=1]
              RenderText {#text} at (1,3) size 91x20
                text run at (1,3) width 91: "Windows NT"
          RenderTableRow {TR} at (0,25) size 415x23
            RenderTableCell {TD} at (0,25) size 123x23 [border: (0.50px solid #808080)] [r=1 c=0 rs=1 cs=1]
              RenderText {#text} at (3,1) size 76x20
                text run at (3,1) width 76: "Base Install"
            RenderTableCell {TD} at (122,25) size 111x23 [border: (0.50px solid #808080)] [r=1 c=1 rs=1 cs=1]
              RenderText {#text} at (1,1) size 22x20
                text run at (1,1) width 22: "yes"
            RenderTableCell {TD} at (232,25) size 88x23 [border: (0.50px solid #808080)] [r=1 c=2 rs=1 cs=1]
              RenderText {#text} at (1,1) size 22x20
                text run at (1,1) width 22: "yes"
            RenderTableCell {TD} at (319,25) size 96x23 [border: (0.50px solid #808080)] [r=1 c=3 rs=1 cs=1]
              RenderText {#text} at (1,1) size 22x20
                text run at (1,1) width 22: "yes"
          RenderTableRow {TR} at (0,48) size 415x23
            RenderTableCell {TD} at (0,48) size 123x23 [border: (0.50px solid #808080)] [r=2 c=0 rs=1 cs=1]
              RenderText {#text} at (3,1) size 107x20
                text run at (3,1) width 107: "Complete Install"
            RenderTableCell {TD} at (122,48) size 111x23 [border: (0.50px solid #808080)] [r=2 c=1 rs=1 cs=1]
              RenderText {#text} at (1,1) size 22x20
                text run at (1,1) width 22: "yes"
            RenderTableCell {TD} at (232,48) size 88x23 [border: (0.50px solid #808080)] [r=2 c=2 rs=1 cs=1]
              RenderText {#text} at (1,1) size 22x20
                text run at (1,1) width 22: "yes"
            RenderTableCell {TD} at (319,48) size 96x23 [border: (0.50px solid #808080)] [r=2 c=3 rs=1 cs=1]
              RenderText {#text} at (1,1) size 22x20
                text run at (1,1) width 22: "yes"
          RenderTableRow {TR} at (0,71) size 415x25
            RenderTableCell {TD} at (0,71) size 123x25 [border: (0.50px solid #808080)] [r=3 c=0 rs=1 cs=1]
              RenderText {#text} at (3,1) size 118x20
                text run at (3,1) width 118: "Pro Edition Install"
            RenderTableCell {TD} at (122,71) size 111x25 [border: (0.50px solid #808080)] [r=3 c=1 rs=1 cs=1]
              RenderText {#text} at (1,1) size 22x20
                text run at (1,1) width 22: "yes"
            RenderTableCell {TD} at (232,71) size 88x25 [border: (0.50px solid #808080)] [r=3 c=2 rs=1 cs=1]
              RenderText {#text} at (1,1) size 22x20
                text run at (1,1) width 22: "yes"
            RenderTableCell {TD} at (319,71) size 96x25 [border: (0.50px solid #808080)] [r=3 c=3 rs=1 cs=1]
              RenderText {#text} at (1,1) size 22x20
                text run at (1,1) width 22: "yes"
