layer at (0,0) size 800x600
  RenderView at (0,0) size 800x600
layer at (0,0) size 800x600
  RenderBlock {HTML} at (0,0) size 800x600
    RenderBody {BODY} at (8,8) size 784x584
      RenderBlock (anonymous) at (0,0) size 784x40
        RenderText {#text} at (0,0) size 776x39
          text run at (0,0) width 606: "This test case shows how WIDTH can set the width of the table to a fixed size using PIXELS. "
          text run at (605,0) width 171: "This first table has a width"
          text run at (0,20) width 88: "of 400 pixels."
      RenderTable {TABLE} at (0,40) size 400x50
        RenderTableSection {TBODY} at (0,0) size 400x50
          RenderTableRow {TR} at (0,2) size 400x22
            RenderTableCell {TD} at (2,2) size 132x22 [r=0 c=0 rs=1 cs=1]
              RenderText {#text} at (1,1) size 64x19
                text run at (1,1) width 64: "Navigator"
            RenderTableCell {TD} at (135,2) size 140x22 [r=0 c=1 rs=1 cs=1]
              RenderText {#text} at (1,1) size 70x19
                text run at (1,1) width 70: "Messenger"
            RenderTableCell {TD} at (276,2) size 123x22 [r=0 c=2 rs=1 cs=1]
              RenderText {#text} at (1,1) size 56x19
                text run at (1,1) width 56: "Collabra"
          RenderTableRow {TR} at (0,26) size 400x22
            RenderTableCell {TD} at (2,26) size 132x22 [r=1 c=0 rs=1 cs=1]
              RenderText {#text} at (1,1) size 66x19
                text run at (1,1) width 66: "Composer"
            RenderTableCell {TD} at (135,26) size 140x22 [r=1 c=1 rs=1 cs=1]
              RenderText {#text} at (1,1) size 58x19
                text run at (1,1) width 58: "Calendar"
            RenderTableCell {TD} at (276,26) size 123x22 [r=1 c=2 rs=1 cs=1]
              RenderText {#text} at (1,1) size 61x19
                text run at (1,1) width 61: "Netcaster"
      RenderBlock (anonymous) at (0,90) size 784x40
        RenderBR {BR} at (0,0) size 0x19
        RenderText {#text} at (0,20) size 323x19
          text run at (0,20) width 323: "While, this second table has a width of 300 pixels."
      RenderTable {TABLE} at (0,130) size 300x50
        RenderTableSection {TBODY} at (0,0) size 300x50
          RenderTableRow {TR} at (0,2) size 300x22
            RenderTableCell {TD} at (2,2) size 99x22 [r=0 c=0 rs=1 cs=1]
              RenderText {#text} at (1,1) size 64x19
                text run at (1,1) width 64: "Navigator"
            RenderTableCell {TD} at (102,2) size 104x22 [r=0 c=1 rs=1 cs=1]
              RenderText {#text} at (1,1) size 70x19
                text run at (1,1) width 70: "Messenger"
            RenderTableCell {TD} at (207,2) size 92x22 [r=0 c=2 rs=1 cs=1]
              RenderText {#text} at (1,1) size 56x19
                text run at (1,1) width 56: "Collabra"
          RenderTableRow {TR} at (0,26) size 300x22
            RenderTableCell {TD} at (2,26) size 99x22 [r=1 c=0 rs=1 cs=1]
              RenderText {#text} at (1,1) size 66x19
                text run at (1,1) width 66: "Composer"
            RenderTableCell {TD} at (102,26) size 104x22 [r=1 c=1 rs=1 cs=1]
              RenderText {#text} at (1,1) size 58x19
                text run at (1,1) width 58: "Calendar"
            RenderTableCell {TD} at (207,26) size 92x22 [r=1 c=2 rs=1 cs=1]
              RenderText {#text} at (1,1) size 61x19
                text run at (1,1) width 61: "Netcaster"
