layer at (0,0) size 800x600
  RenderView at (0,0) size 800x600
layer at (0,0) size 800x600
  RenderBlock {HTML} at (0,0) size 800x600
    RenderBody {BODY} at (8,8) size 784x584
      RenderBlock (anonymous) at (0,0) size 784x40
        RenderText {#text} at (0,0) size 737x39
          text run at (0,0) width 737: "The table heading (The EggPlant Exchange) should not wrap when window is resized. However, the cell below the"
          text run at (0,20) width 210: "heading will wrap atuomatically."
        RenderBR {BR} at (209,20) size 1x19
      RenderTable {TABLE} at (0,40) size 254x56 [border: (1px outset #808080)]
        RenderTableSection {TBODY} at (1,1) size 252x54
          RenderTableRow {TR} at (0,2) size 252x24
            RenderTableCell {TH} at (2,2) size 242x24 [border: (1px inset #808080)] [r=0 c=0 rs=1 cs=1]
              RenderText {#text} at (39,2) size 164x19
                text run at (39,2) width 164: "The Eggplant Exchange"
            RenderTableCell {TH} at (245,12) size 5x4 [border: (1px inset #808080)] [r=0 c=1 rs=1 cs=1]
          RenderTableRow {TR} at (0,28) size 252x24
            RenderTableCell {TD} at (2,28) size 242x24 [border: (1px inset #808080)] [r=1 c=0 rs=1 cs=1]
              RenderText {#text} at (2,2) size 238x19
                text run at (2,2) width 238: "Lots of Recipies for Eggplant Lovers"
