layer at (0,0) size 800x600
  RenderView at (0,0) size 800x600
layer at (0,0) size 800x600
  RenderBlock {HTML} at (0,0) size 800x600
    RenderBody {BODY} at (8,8) size 784x584
      RenderBlock {P} at (0,0) size 784x20
        RenderText {#text} at (0,0) size 668x19
          text run at (0,0) width 668: "The TBODY element labels the body area of a table. In this test, the TBODY text should be left aligned."
      RenderTable {TABLE} at (0,36) size 694x82 [border: (1px outset #808080)]
        RenderTableSection {THEAD} at (1,1) size 692x28
          RenderTableRow {TR} at (0,2) size 692x24
            RenderTableCell {TD} at (2,2) size 343x24 [border: (1px inset #808080)] [r=0 c=0 rs=1 cs=1]
              RenderText {#text} at (2,2) size 339x19
                text run at (2,2) width 339: "This text is in the THEADThis text is in the THEAD"
            RenderTableCell {TD} at (346,2) size 344x24 [border: (1px inset #808080)] [r=0 c=1 rs=1 cs=1]
              RenderText {#text} at (2,2) size 339x19
                text run at (2,2) width 339: "This text is in the THEADThis text is in the THEAD"
        RenderTableSection {TFOOT} at (1,55) size 692x26
          RenderTableRow {TR} at (0,0) size 692x24
            RenderTableCell {TD} at (2,0) size 343x24 [border: (1px inset #808080)] [r=0 c=0 rs=1 cs=1]
              RenderText {#text} at (2,2) size 334x19
                text run at (2,2) width 334: "This text is in the TFOOTThis text is in the TFOOT"
            RenderTableCell {TD} at (346,0) size 344x24 [border: (1px inset #808080)] [r=0 c=1 rs=1 cs=1]
              RenderText {#text} at (2,2) size 334x19
                text run at (2,2) width 334: "This text is in the TFOOTThis text is in the TFOOT"
        RenderTableSection {TBODY} at (1,29) size 692x26
          RenderTableRow {TR} at (0,0) size 692x24
            RenderTableCell {TD} at (2,0) size 343x24 [border: (1px inset #808080)] [r=0 c=0 rs=1 cs=1]
              RenderText {#text} at (2,2) size 171x19
                text run at (2,2) width 171: "This text is in the TBODY"
            RenderTableCell {TD} at (346,0) size 344x24 [border: (1px inset #808080)] [r=0 c=1 rs=1 cs=1]
              RenderText {#text} at (2,2) size 171x19
                text run at (2,2) width 171: "This text is in the TBODY"
        RenderTableSection {TBODY} at (1,55) size 692x0
