layer at (0,0) size 800x600
  RenderView at (0,0) size 800x600
layer at (0,0) size 800x136
  RenderBlock {html} at (0,0) size 800x136
    RenderBody {body} at (8,16) size 784x112
      RenderBlock {p} at (0,0) size 784x20
        RenderText {#text} at (0,0) size 317x19
          text run at (0,0) width 317: "The table caption should be aligned at the bottom"
      RenderTable {table} at (0,36) size 128x76 [border: (1px outset #808080)]
        RenderBlock {caption} at (0,56) size 128x20
          RenderText {#text} at (28,0) size 71x19
            text run at (28,0) width 71: "CAPTION"
        RenderTableSection (anonymous) at (1,1) size 126x54
          RenderTableRow {tr} at (0,2) size 126x24
            RenderTableCell {td} at (2,2) size 40x24 [border: (1px inset #808080)] [r=0 c=0 rs=1 cs=1]
              RenderText {#text} at (2,2) size 36x19
                text run at (2,2) width 36: "cell 1"
            RenderTableCell {td} at (43,2) size 40x24 [border: (1px inset #808080)] [r=0 c=1 rs=1 cs=1]
              RenderText {#text} at (2,2) size 36x19
                text run at (2,2) width 36: "cell 2"
            RenderTableCell {td} at (84,2) size 40x24 [border: (1px inset #808080)] [r=0 c=2 rs=1 cs=1]
              RenderText {#text} at (2,2) size 36x19
                text run at (2,2) width 36: "cell 3"
          RenderTableRow {tr} at (0,28) size 126x24
            RenderTableCell {td} at (2,28) size 40x24 [border: (1px inset #808080)] [r=1 c=0 rs=1 cs=1]
              RenderText {#text} at (2,2) size 36x19
                text run at (2,2) width 36: "cell 4"
            RenderTableCell {td} at (43,28) size 40x24 [border: (1px inset #808080)] [r=1 c=1 rs=1 cs=1]
              RenderText {#text} at (2,2) size 36x19
                text run at (2,2) width 36: "cell 5"
            RenderTableCell {td} at (84,28) size 40x24 [border: (1px inset #808080)] [r=1 c=2 rs=1 cs=1]
              RenderText {#text} at (2,2) size 36x19
                text run at (2,2) width 36: "cell 6"
