layer at (0,0) size 800x600
  RenderView at (0,0) size 800x600
layer at (0,0) size 800x116
  RenderBlock {html} at (0,0) size 800x116
    RenderBody {body} at (8,16) size 784x92
      RenderBlock {p} at (0,0) size 784x20
        RenderText {#text} at (0,0) size 341x19
          text run at (0,0) width 341: "Numbers in table should be aligned at decimal points"
      RenderTable {table} at (0,36) size 400x56 [border: (1px outset #808080)]
        RenderTableCol {colgroup} at (0,0) size 0x0
          RenderTableCol {col} at (0,0) size 0x0
          RenderTableCol {col} at (0,0) size 0x0
        RenderTableSection (anonymous) at (1,1) size 398x54
          RenderTableRow {tr} at (0,2) size 398x24
            RenderTableCell {td} at (2,2) size 183x24 [border: (1px inset #808080)] [r=0 c=0 rs=1 cs=1]
              RenderText {#text} at (2,2) size 36x19
                text run at (2,2) width 36: "55.00"
            RenderTableCell {td} at (186,2) size 211x24 [border: (1px inset #808080)] [r=0 c=1 rs=1 cs=1]
              RenderText {#text} at (2,2) size 60x19
                text run at (2,2) width 60: "55555.00"
          RenderTableRow {tr} at (0,28) size 398x24
            RenderTableCell {td} at (2,28) size 183x24 [border: (1px inset #808080)] [r=1 c=0 rs=1 cs=1]
              RenderText {#text} at (2,2) size 52x19
                text run at (2,2) width 52: "1234.56"
            RenderTableCell {td} at (186,28) size 211x24 [border: (1px inset #808080)] [r=1 c=1 rs=1 cs=1]
              RenderText {#text} at (2,2) size 44x19
                text run at (2,2) width 44: "123.45"
