layer at (0,0) size 800x600
  RenderView at (0,0) size 800x600
layer at (0,0) size 800x126
  RenderBlock {html} at (0,0) size 800x126
    RenderBody {body} at (8,8) size 784x110
      RenderTable {table} at (0,0) size 600x110 [border: (1px outset #808080)]
        RenderTableCol {colgroup} at (0,0) size 0x0
          RenderTableCol {col} at (0,0) size 0x0
          RenderTableCol {col} at (0,0) size 0x0
        RenderTableSection (anonymous) at (1,1) size 598x108
          RenderTableRow {tr} at (0,2) size 598x104
            RenderTableCell {td} at (2,2) size 296x104 [border: (1px inset #808080)] [r=0 c=0 rs=1 cs=1]
              RenderText {#text} at (2,2) size 280x99
                text run at (2,2) width 274: "The text in this cell text should be justified"
                text run at (2,22) width 116: "which means that "
                text run at (117,22) width 163: "the right and left margins"
                text run at (2,42) width 248: "should line up, no matter how long the"
                text run at (2,62) width 280: "content becomes (except the last line which"
                text run at (2,82) width 92: "should be left "
                text run at (93,82) width 57: "aligned)."
            RenderTableCell {td} at (300,2) size 296x104 [border: (1px inset #808080)] [r=0 c=1 rs=1 cs=1]
              RenderText {#text} at (2,2) size 280x99
                text run at (2,2) width 274: "The text in this cell text should be justified"
                text run at (2,22) width 116: "which means that "
                text run at (117,22) width 163: "the right and left margins"
                text run at (2,42) width 248: "should line up, no matter how long the"
                text run at (2,62) width 280: "content becomes (except the last line which"
                text run at (2,82) width 92: "should be left "
                text run at (93,82) width 57: "aligned)."
