layer at (0,0) size 800x600
  RenderView at (0,0) size 800x600
layer at (0,0) size 800x46
  RenderBlock {html} at (0,0) size 800x46
    RenderBody {body} at (8,8) size 784x30
      RenderTable {table} at (0,0) size 462x30 [border: (1px outset #808080)]
        RenderTableSection (anonymous) at (1,1) size 460x28
          RenderTableRow {tr} at (0,2) size 460x24
            RenderTableCell {td} at (2,2) size 227x24 [border: (1px inset #808080)] [r=0 c=0 rs=1 cs=1]
              RenderText {#text} at (2,2) size 223x19
                text run at (2,2) width 223: "This cell should have 20% spacing"
            RenderTableCell {td} at (230,2) size 228x24 [border: (1px inset #808080)] [r=0 c=1 rs=1 cs=1]
              RenderText {#text} at (2,2) size 223x19
                text run at (2,2) width 223: "This cell should have 20% spacing"
