layer at (0,0) size 800x600
  RenderView at (0,0) size 800x600
layer at (0,0) size 800x38
  RenderBlock {html} at (0,0) size 800x38
    RenderBody {body} at (8,8) size 784x0
      RenderTable {table} at (0,0) size 294x30 [border: (1px outset #808080)]
        RenderTableSection (anonymous) at (1,1) size 292x28
          RenderTableRow {tr} at (0,2) size 292x24
            RenderTableCell {td} at (2,2) size 288x24 [border: (1px inset #808080)] [r=0 c=0 rs=1 cs=1]
              RenderText {#text} at (2,2) size 284x19
                text run at (2,2) width 284: "This table should be left aligned on the page"
