layer at (0,0) size 800x600
  RenderView at (0,0) size 800x600
layer at (0,0) size 800x158
  RenderBlock {html} at (0,0) size 800x158
    RenderBody {body} at (8,16) size 784x134
      RenderBlock {p} at (0,0) size 784x20
        RenderText {#text} at (0,0) size 432x19
          text run at (0,0) width 385: "No side of the frame surrounding the table below should be "
          text run at (384,0) width 48: "visible."
      RenderTable {table} at (0,36) size 185x98
        RenderTableCol {colgroup} at (0,0) size 0x0
          RenderTableCol {col} at (0,0) size 0x0
        RenderTableCol {colgroup} at (0,0) size 0x0
          RenderTableCol {col} at (0,0) size 0x0
        RenderTableCol {colgroup} at (0,0) size 0x0
          RenderTableCol {col} at (0,0) size 0x0
        RenderTableSection {thead} at (0,0) size 185x26
          RenderTableRow {tr} at (0,2) size 185x22
            RenderTableCell {th} at (2,2) size 59x22 [r=0 c=0 rs=1 cs=1]
              RenderText {#text} at (1,1) size 57x19
                text run at (1,1) width 57: "THEAD"
            RenderTableCell {th} at (62,2) size 60x22 [r=0 c=1 rs=1 cs=1]
              RenderText {#text} at (1,1) size 57x19
                text run at (1,1) width 57: "THEAD"
            RenderTableCell {th} at (123,2) size 60x22 [r=0 c=2 rs=1 cs=1]
              RenderText {#text} at (1,1) size 57x19
                text run at (1,1) width 57: "THEAD"
        RenderTableSection {tfoot} at (0,74) size 185x24
          RenderTableRow {tr} at (0,0) size 185x22
            RenderTableCell {td} at (2,0) size 59x22 [r=0 c=0 rs=1 cs=1]
              RenderText {#text} at (1,1) size 52x19
                text run at (1,1) width 52: "TFOOT"
            RenderTableCell {td} at (62,0) size 60x22 [r=0 c=1 rs=1 cs=1]
              RenderText {#text} at (1,1) size 52x19
                text run at (1,1) width 52: "TFOOT"
            RenderTableCell {td} at (123,0) size 60x22 [r=0 c=2 rs=1 cs=1]
              RenderText {#text} at (1,1) size 52x19
                text run at (1,1) width 52: "TFOOT"
        RenderTableSection {tbody} at (0,26) size 185x48
          RenderTableRow {tr} at (0,0) size 185x22
            RenderTableCell {td} at (2,0) size 59x22 [r=0 c=0 rs=1 cs=1]
              RenderText {#text} at (1,1) size 56x19
                text run at (1,1) width 56: "TBODY"
            RenderTableCell {td} at (62,0) size 60x22 [r=0 c=1 rs=1 cs=1]
              RenderText {#text} at (1,1) size 56x19
                text run at (1,1) width 56: "TBODY"
            RenderTableCell {td} at (123,0) size 60x22 [r=0 c=2 rs=1 cs=1]
              RenderText {#text} at (1,1) size 56x19
                text run at (1,1) width 56: "TBODY"
          RenderTableRow {tr} at (0,24) size 185x22
            RenderTableCell {td} at (2,24) size 59x22 [r=1 c=0 rs=1 cs=1]
              RenderText {#text} at (1,1) size 56x19
                text run at (1,1) width 56: "TBODY"
            RenderTableCell {td} at (62,24) size 60x22 [r=1 c=1 rs=1 cs=1]
              RenderText {#text} at (1,1) size 56x19
                text run at (1,1) width 56: "TBODY"
            RenderTableCell {td} at (123,24) size 60x22 [r=1 c=2 rs=1 cs=1]
              RenderText {#text} at (1,1) size 56x19
                text run at (1,1) width 56: "TBODY"
