layer at (0,0) size 800x600
  RenderView at (0,0) size 800x600
layer at (0,0) size 800x48
  RenderBlock {html} at (0,0) size 800x48
    RenderBody {body} at (8,8) size 784x32
      RenderTable {table} at (0,0) size 591x32 [border: (3px solid #FF0000)]
        RenderTableSection (anonymous) at (3,3) size 585x26
          RenderTableRow {tr} at (0,2) size 585x22
            RenderTableCell {td} at (2,2) size 581x22 [r=0 c=0 rs=1 cs=1]
              RenderText {#text} at (1,1) size 579x19
                text run at (1,1) width 376: "This tests the 'style' attribute of TABLE. This table should "
                text run at (376,1) width 204: "have a solid medium red border"
