layer at (0,0) size 800x600
  RenderView at (0,0) size 800x600
layer at (0,0) size 800x220
  RenderBlock {html} at (0,0) size 800x220
    RenderBody {body} at (8,16) size 784x196
      RenderBlock {p} at (0,0) size 784x20
        RenderText {#text} at (0,0) size 402x19
          text run at (0,0) width 402: "The numbers in the TBODY should align at the decimal points"
      RenderTable {table} at (0,36) size 370x160 [border: (1px outset #808080)]
        RenderTableSection {thead} at (1,1) size 368x54
          RenderTableRow {tr} at (0,2) size 368x24
            RenderTableCell {td} at (2,2) size 115x24 [border: (1px inset #808080)] [r=0 c=0 rs=1 cs=1]
              RenderText {#text} at (2,2) size 55x19
                text run at (2,2) width 55: "THEAD"
            RenderTableCell {td} at (118,2) size 124x24 [border: (1px inset #808080)] [r=0 c=1 rs=1 cs=1]
              RenderText {#text} at (2,2) size 55x19
                text run at (2,2) width 55: "THEAD"
            RenderTableCell {td} at (243,2) size 123x24 [border: (1px inset #808080)] [r=0 c=2 rs=1 cs=1]
              RenderText {#text} at (2,2) size 55x19
                text run at (2,2) width 55: "THEAD"
          RenderTableRow {tr} at (0,28) size 368x24
            RenderTableCell {td} at (2,28) size 115x24 [border: (1px inset #808080)] [r=1 c=0 rs=1 cs=1]
              RenderText {#text} at (2,2) size 55x19
                text run at (2,2) width 55: "THEAD"
            RenderTableCell {td} at (118,28) size 124x24 [border: (1px inset #808080)] [r=1 c=1 rs=1 cs=1]
              RenderText {#text} at (2,2) size 55x19
                text run at (2,2) width 55: "THEAD"
            RenderTableCell {td} at (243,28) size 123x24 [border: (1px inset #808080)] [r=1 c=2 rs=1 cs=1]
              RenderText {#text} at (2,2) size 55x19
                text run at (2,2) width 55: "THEAD"
        RenderTableSection {tfoot} at (1,107) size 368x52
          RenderTableRow {tr} at (0,0) size 368x24
            RenderTableCell {td} at (2,0) size 115x24 [border: (1px inset #808080)] [r=0 c=0 rs=1 cs=1]
              RenderText {#text} at (2,2) size 52x19
                text run at (2,2) width 52: "TFOOT"
            RenderTableCell {td} at (118,0) size 124x24 [border: (1px inset #808080)] [r=0 c=1 rs=1 cs=1]
              RenderText {#text} at (2,2) size 52x19
                text run at (2,2) width 52: "TFOOT"
            RenderTableCell {td} at (243,0) size 123x24 [border: (1px inset #808080)] [r=0 c=2 rs=1 cs=1]
              RenderText {#text} at (2,2) size 52x19
                text run at (2,2) width 52: "TFOOT"
          RenderTableRow {tr} at (0,26) size 368x24
            RenderTableCell {td} at (2,26) size 115x24 [border: (1px inset #808080)] [r=1 c=0 rs=1 cs=1]
              RenderText {#text} at (2,2) size 52x19
                text run at (2,2) width 52: "TFOOT"
            RenderTableCell {td} at (118,26) size 124x24 [border: (1px inset #808080)] [r=1 c=1 rs=1 cs=1]
              RenderText {#text} at (2,2) size 52x19
                text run at (2,2) width 52: "TFOOT"
            RenderTableCell {td} at (243,26) size 123x24 [border: (1px inset #808080)] [r=1 c=2 rs=1 cs=1]
              RenderText {#text} at (2,2) size 52x19
                text run at (2,2) width 52: "TFOOT"
        RenderTableSection {tbody} at (1,55) size 368x52
          RenderTableRow {tr} at (0,0) size 368x24
            RenderTableCell {td} at (2,0) size 115x24 [border: (1px inset #808080)] [r=0 c=0 rs=1 cs=1]
              RenderText {#text} at (2,2) size 95x19
                text run at (2,2) width 95: "TBODY 55.00"
            RenderTableCell {td} at (118,0) size 124x24 [border: (1px inset #808080)] [r=0 c=1 rs=1 cs=1]
              RenderText {#text} at (2,2) size 119x19
                text run at (2,2) width 119: "TBODY 55555.00"
            RenderTableCell {td} at (243,0) size 123x24 [border: (1px inset #808080)] [r=0 c=2 rs=1 cs=1]
              RenderText {#text} at (2,2) size 103x19
                text run at (2,2) width 103: "TBODY 555.00"
          RenderTableRow {tr} at (0,26) size 368x24
            RenderTableCell {td} at (2,26) size 115x24 [border: (1px inset #808080)] [r=1 c=0 rs=1 cs=1]
              RenderText {#text} at (2,2) size 111x19
                text run at (2,2) width 111: "TBODY 1234.56"
            RenderTableCell {td} at (118,26) size 124x24 [border: (1px inset #808080)] [r=1 c=1 rs=1 cs=1]
              RenderText {#text} at (2,2) size 103x19
                text run at (2,2) width 103: "TBODY 123.45"
            RenderTableCell {td} at (243,26) size 123x24 [border: (1px inset #808080)] [r=1 c=2 rs=1 cs=1]
              RenderText {#text} at (2,2) size 119x19
                text run at (2,2) width 119: "TBODY 12345.67"
