layer at (0,0) size 800x600
  RenderView at (0,0) size 800x600
layer at (0,0) size 800x327
  RenderBlock {html} at (0,0) size 800x327
    RenderBody {body} at (8,16) size 784x303
      RenderBlock {p} at (0,0) size 784x20
        RenderText {#text} at (0,0) size 157x19
          text run at (0,0) width 157: "TBODY VALIGN=TOP"
      RenderTable {table} at (0,36) size 668x267 [border: (1px outset #808080)]
        RenderTableSection {thead} at (1,1) size 666x28
          RenderTableRow {tr} at (0,2) size 666x24
            RenderTableCell {td} at (2,2) size 204x24 [border: (1px inset #808080)] [r=0 c=0 rs=1 cs=1]
              RenderText {#text} at (2,2) size 55x19
                text run at (2,2) width 55: "THEAD"
            RenderTableCell {td} at (208,2) size 456x24 [border: (1px inset #808080)] [r=0 c=1 rs=1 cs=1]
              RenderText {#text} at (2,2) size 55x19
                text run at (2,2) width 55: "THEAD"
        RenderTableSection {tfoot} at (1,240) size 666x26
          RenderTableRow {tr} at (0,0) size 666x24
            RenderTableCell {td} at (2,0) size 204x24 [border: (1px inset #808080)] [r=0 c=0 rs=1 cs=1]
              RenderText {#text} at (2,2) size 52x19
                text run at (2,2) width 52: "TFOOT"
            RenderTableCell {td} at (208,0) size 456x24 [border: (1px inset #808080)] [r=0 c=1 rs=1 cs=1]
              RenderText {#text} at (2,2) size 52x19
                text run at (2,2) width 52: "TFOOT"
        RenderTableSection {tbody} at (1,29) size 666x211
          RenderTableRow {tr} at (0,0) size 666x209
            RenderTableCell {td} at (2,0) size 204x209 [border: (1px inset #808080)] [r=0 c=0 rs=1 cs=1]
              RenderImage {img} at (2,2) size 200x200
            RenderTableCell {td} at (208,0) size 456x24 [border: (1px inset #808080)] [r=0 c=1 rs=1 cs=1]
              RenderText {#text} at (2,2) size 452x19
                text run at (2,2) width 389: "The top of this text should be vertically aligned to the top of "
                text run at (390,2) width 64: "the image"
