layer at (0,0) size 943x600
  RenderView at (0,0) size 800x600
layer at (0,0) size 800x72
  RenderBlock {html} at (0,0) size 800x72
    RenderBody {body} at (8,8) size 784x56
      RenderTable {table} at (0,0) size 936x56 [border: (1px outset #808080)]
        RenderTableSection (anonymous) at (1,1) size 934x54
          RenderTableRow {tr} at (0,2) size 934x24
            RenderTableCell {td} at (2,2) size 930x24 [border: (1px inset #808080)] [r=0 c=0 rs=1 cs=1]
              RenderText {#text} at (2,2) size 926x19
                text run at (2,2) width 268: "The text in the cell should not wrap upon "
                text run at (269,2) width 267: "window resizing    x-fill x-fill x-fill x-fill "
                text run at (535,2) width 325: "x-fill x-fill x-fill x-fill x-fill x-fill x-fill x-fill x-fill "
                text run at (859,2) width 69: "x-fill x-fill"
          RenderTableRow {tr} at (0,28) size 934x24
            RenderTableCell {td} at (2,28) size 930x24 [border: (1px inset #808080)] [r=1 c=0 rs=1 cs=1]
              RenderText {#text} at (2,2) size 926x19
                text run at (2,2) width 268: "The text in the cell should not wrap upon "
                text run at (269,2) width 267: "window resizing    x-fill x-fill x-fill x-fill "
                text run at (535,2) width 325: "x-fill x-fill x-fill x-fill x-fill x-fill x-fill x-fill x-fill "
                text run at (859,2) width 69: "x-fill x-fill"
