layer at (0,0) size 800x1730
  RenderView at (0,0) size 800x600
layer at (0,0) size 800x1730
  RenderBlock {html} at (0,0) size 800x1730
    RenderBody {body} at (8,16) size 784x1706 [bgcolor=#FFFFFF]
      RenderBlock {p} at (0,0) size 784x20
        RenderText {#text} at (0,0) size 272x19
          text run at (0,0) width 272: "Black table with a white body background"
      RenderTable {table} at (0,36) size 432x56 [border: (1px outset #808080)]
        RenderTableSection (anonymous) at (1,1) size 430x54
          RenderTableRow {tr} at (0,2) size 430x24
            RenderTableCell {td} at (2,2) size 141x24 [bgcolor=#000000] [border: (1px inset #808080)] [r=0 c=0 rs=1 cs=1]
              RenderText {#text} at (2,2) size 137x19
                text run at (2,2) width 137: "table table table table"
            RenderTableCell {td} at (144,2) size 141x24 [bgcolor=#000000] [border: (1px inset #808080)] [r=0 c=1 rs=1 cs=1]
              RenderText {#text} at (2,2) size 137x19
                text run at (2,2) width 137: "table table table table"
            RenderTableCell {td} at (286,2) size 142x24 [bgcolor=#000000] [border: (1px inset #808080)] [r=0 c=2 rs=1 cs=1]
              RenderText {#text} at (2,2) size 137x19
                text run at (2,2) width 137: "table table table table"
          RenderTableRow {tr} at (0,28) size 430x24
            RenderTableCell {td} at (2,28) size 141x24 [bgcolor=#000000] [border: (1px inset #808080)] [r=1 c=0 rs=1 cs=1]
              RenderText {#text} at (2,2) size 137x19
                text run at (2,2) width 137: "table table table table"
            RenderTableCell {td} at (144,28) size 141x24 [bgcolor=#000000] [border: (1px inset #808080)] [r=1 c=1 rs=1 cs=1]
              RenderText {#text} at (2,2) size 137x19
                text run at (2,2) width 137: "table table table table"
            RenderTableCell {td} at (286,28) size 142x24 [bgcolor=#000000] [border: (1px inset #808080)] [r=1 c=2 rs=1 cs=1]
              RenderText {#text} at (2,2) size 137x19
                text run at (2,2) width 137: "table table table table"
      RenderBlock {p} at (0,108) size 784x20
        RenderText {#text} at (0,0) size 272x19
          text run at (0,0) width 272: "Silver table with a white body background"
      RenderTable {table} at (0,144) size 432x56 [border: (1px outset #808080)]
        RenderTableSection (anonymous) at (1,1) size 430x54
          RenderTableRow {tr} at (0,2) size 430x24
            RenderTableCell {td} at (2,2) size 141x24 [bgcolor=#C0C0C0] [border: (1px inset #808080)] [r=0 c=0 rs=1 cs=1]
              RenderText {#text} at (2,2) size 137x19
                text run at (2,2) width 137: "table table table table"
            RenderTableCell {td} at (144,2) size 141x24 [bgcolor=#C0C0C0] [border: (1px inset #808080)] [r=0 c=1 rs=1 cs=1]
              RenderText {#text} at (2,2) size 137x19
                text run at (2,2) width 137: "table table table table"
            RenderTableCell {td} at (286,2) size 142x24 [bgcolor=#C0C0C0] [border: (1px inset #808080)] [r=0 c=2 rs=1 cs=1]
              RenderText {#text} at (2,2) size 137x19
                text run at (2,2) width 137: "table table table table"
          RenderTableRow {tr} at (0,28) size 430x24
            RenderTableCell {td} at (2,28) size 141x24 [bgcolor=#C0C0C0] [border: (1px inset #808080)] [r=1 c=0 rs=1 cs=1]
              RenderText {#text} at (2,2) size 137x19
                text run at (2,2) width 137: "table table table table"
            RenderTableCell {td} at (144,28) size 141x24 [bgcolor=#C0C0C0] [border: (1px inset #808080)] [r=1 c=1 rs=1 cs=1]
              RenderText {#text} at (2,2) size 137x19
                text run at (2,2) width 137: "table table table table"
            RenderTableCell {td} at (286,28) size 142x24 [bgcolor=#C0C0C0] [border: (1px inset #808080)] [r=1 c=2 rs=1 cs=1]
              RenderText {#text} at (2,2) size 137x19
                text run at (2,2) width 137: "table table table table"
      RenderBlock {p} at (0,216) size 784x20
        RenderText {#text} at (0,0) size 266x19
          text run at (0,0) width 266: "Gray table with a white body background"
      RenderTable {table} at (0,252) size 432x56 [border: (1px outset #808080)]
        RenderTableSection (anonymous) at (1,1) size 430x54
          RenderTableRow {tr} at (0,2) size 430x24
            RenderTableCell {td} at (2,2) size 141x24 [bgcolor=#808080] [border: (1px inset #808080)] [r=0 c=0 rs=1 cs=1]
              RenderText {#text} at (2,2) size 137x19
                text run at (2,2) width 137: "table table table table"
            RenderTableCell {td} at (144,2) size 141x24 [bgcolor=#808080] [border: (1px inset #808080)] [r=0 c=1 rs=1 cs=1]
              RenderText {#text} at (2,2) size 137x19
                text run at (2,2) width 137: "table table table table"
            RenderTableCell {td} at (286,2) size 142x24 [bgcolor=#808080] [border: (1px inset #808080)] [r=0 c=2 rs=1 cs=1]
              RenderText {#text} at (2,2) size 137x19
                text run at (2,2) width 137: "table table table table"
          RenderTableRow {tr} at (0,28) size 430x24
            RenderTableCell {td} at (2,28) size 141x24 [bgcolor=#808080] [border: (1px inset #808080)] [r=1 c=0 rs=1 cs=1]
              RenderText {#text} at (2,2) size 137x19
                text run at (2,2) width 137: "table table table table"
            RenderTableCell {td} at (144,28) size 141x24 [bgcolor=#808080] [border: (1px inset #808080)] [r=1 c=1 rs=1 cs=1]
              RenderText {#text} at (2,2) size 137x19
                text run at (2,2) width 137: "table table table table"
            RenderTableCell {td} at (286,28) size 142x24 [bgcolor=#808080] [border: (1px inset #808080)] [r=1 c=2 rs=1 cs=1]
              RenderText {#text} at (2,2) size 137x19
                text run at (2,2) width 137: "table table table table"
      RenderBlock {p} at (0,324) size 784x20
        RenderText {#text} at (0,0) size 273x19
          text run at (0,0) width 273: "White table with a white body background"
      RenderTable {table} at (0,360) size 432x56 [border: (1px outset #808080)]
        RenderTableSection (anonymous) at (1,1) size 430x54
          RenderTableRow {tr} at (0,2) size 430x24
            RenderTableCell {td} at (2,2) size 141x24 [bgcolor=#FFFFFF] [border: (1px inset #808080)] [r=0 c=0 rs=1 cs=1]
              RenderText {#text} at (2,2) size 137x19
                text run at (2,2) width 137: "table table table table"
            RenderTableCell {td} at (144,2) size 141x24 [bgcolor=#FFFFFF] [border: (1px inset #808080)] [r=0 c=1 rs=1 cs=1]
              RenderText {#text} at (2,2) size 137x19
                text run at (2,2) width 137: "table table table table"
            RenderTableCell {td} at (286,2) size 142x24 [bgcolor=#FFFFFF] [border: (1px inset #808080)] [r=0 c=2 rs=1 cs=1]
              RenderText {#text} at (2,2) size 137x19
                text run at (2,2) width 137: "table table table table"
          RenderTableRow {tr} at (0,28) size 430x24
            RenderTableCell {td} at (2,28) size 141x24 [bgcolor=#FFFFFF] [border: (1px inset #808080)] [r=1 c=0 rs=1 cs=1]
              RenderText {#text} at (2,2) size 137x19
                text run at (2,2) width 137: "table table table table"
            RenderTableCell {td} at (144,28) size 141x24 [bgcolor=#FFFFFF] [border: (1px inset #808080)] [r=1 c=1 rs=1 cs=1]
              RenderText {#text} at (2,2) size 137x19
                text run at (2,2) width 137: "table table table table"
            RenderTableCell {td} at (286,28) size 142x24 [bgcolor=#FFFFFF] [border: (1px inset #808080)] [r=1 c=2 rs=1 cs=1]
              RenderText {#text} at (2,2) size 137x19
                text run at (2,2) width 137: "table table table table"
      RenderBlock {p} at (0,432) size 784x20
        RenderText {#text} at (0,0) size 285x19
          text run at (0,0) width 285: "Maroon table with a white body background"
      RenderTable {table} at (0,468) size 432x56 [border: (1px outset #808080)]
        RenderTableSection (anonymous) at (1,1) size 430x54
          RenderTableRow {tr} at (0,2) size 430x24
            RenderTableCell {td} at (2,2) size 141x24 [bgcolor=#800000] [border: (1px inset #808080)] [r=0 c=0 rs=1 cs=1]
              RenderText {#text} at (2,2) size 137x19
                text run at (2,2) width 137: "table table table table"
            RenderTableCell {td} at (144,2) size 141x24 [bgcolor=#800000] [border: (1px inset #808080)] [r=0 c=1 rs=1 cs=1]
              RenderText {#text} at (2,2) size 137x19
                text run at (2,2) width 137: "table table table table"
            RenderTableCell {td} at (286,2) size 142x24 [bgcolor=#800000] [border: (1px inset #808080)] [r=0 c=2 rs=1 cs=1]
              RenderText {#text} at (2,2) size 137x19
                text run at (2,2) width 137: "table table table table"
          RenderTableRow {tr} at (0,28) size 430x24
            RenderTableCell {td} at (2,28) size 141x24 [bgcolor=#800000] [border: (1px inset #808080)] [r=1 c=0 rs=1 cs=1]
              RenderText {#text} at (2,2) size 137x19
                text run at (2,2) width 137: "table table table table"
            RenderTableCell {td} at (144,28) size 141x24 [bgcolor=#800000] [border: (1px inset #808080)] [r=1 c=1 rs=1 cs=1]
              RenderText {#text} at (2,2) size 137x19
                text run at (2,2) width 137: "table table table table"
            RenderTableCell {td} at (286,28) size 142x24 [bgcolor=#800000] [border: (1px inset #808080)] [r=1 c=2 rs=1 cs=1]
              RenderText {#text} at (2,2) size 137x19
                text run at (2,2) width 137: "table table table table"
      RenderBlock {p} at (0,540) size 784x20
        RenderText {#text} at (0,0) size 260x19
          text run at (0,0) width 260: "Red table with a white body background"
      RenderTable {table} at (0,576) size 432x56 [border: (1px outset #808080)]
        RenderTableSection (anonymous) at (1,1) size 430x54
          RenderTableRow {tr} at (0,2) size 430x24
            RenderTableCell {td} at (2,2) size 141x24 [bgcolor=#FF0000] [border: (1px inset #808080)] [r=0 c=0 rs=1 cs=1]
              RenderText {#text} at (2,2) size 137x19
                text run at (2,2) width 137: "table table table table"
            RenderTableCell {td} at (144,2) size 141x24 [bgcolor=#FF0000] [border: (1px inset #808080)] [r=0 c=1 rs=1 cs=1]
              RenderText {#text} at (2,2) size 137x19
                text run at (2,2) width 137: "table table table table"
            RenderTableCell {td} at (286,2) size 142x24 [bgcolor=#FF0000] [border: (1px inset #808080)] [r=0 c=2 rs=1 cs=1]
              RenderText {#text} at (2,2) size 137x19
                text run at (2,2) width 137: "table table table table"
          RenderTableRow {tr} at (0,28) size 430x24
            RenderTableCell {td} at (2,28) size 141x24 [bgcolor=#FF0000] [border: (1px inset #808080)] [r=1 c=0 rs=1 cs=1]
              RenderText {#text} at (2,2) size 137x19
                text run at (2,2) width 137: "table table table table"
            RenderTableCell {td} at (144,28) size 141x24 [bgcolor=#FF0000] [border: (1px inset #808080)] [r=1 c=1 rs=1 cs=1]
              RenderText {#text} at (2,2) size 137x19
                text run at (2,2) width 137: "table table table table"
            RenderTableCell {td} at (286,28) size 142x24 [bgcolor=#FF0000] [border: (1px inset #808080)] [r=1 c=2 rs=1 cs=1]
              RenderText {#text} at (2,2) size 137x19
                text run at (2,2) width 137: "table table table table"
      RenderBlock {p} at (0,648) size 784x20
        RenderText {#text} at (0,0) size 276x19
          text run at (0,0) width 276: "Purple table with a white body background"
      RenderTable {table} at (0,684) size 432x56 [border: (1px outset #808080)]
        RenderTableSection (anonymous) at (1,1) size 430x54
          RenderTableRow {tr} at (0,2) size 430x24
            RenderTableCell {td} at (2,2) size 141x24 [bgcolor=#800080] [border: (1px inset #808080)] [r=0 c=0 rs=1 cs=1]
              RenderText {#text} at (2,2) size 137x19
                text run at (2,2) width 137: "table table table table"
            RenderTableCell {td} at (144,2) size 141x24 [bgcolor=#800080] [border: (1px inset #808080)] [r=0 c=1 rs=1 cs=1]
              RenderText {#text} at (2,2) size 137x19
                text run at (2,2) width 137: "table table table table"
            RenderTableCell {td} at (286,2) size 142x24 [bgcolor=#800080] [border: (1px inset #808080)] [r=0 c=2 rs=1 cs=1]
              RenderText {#text} at (2,2) size 137x19
                text run at (2,2) width 137: "table table table table"
          RenderTableRow {tr} at (0,28) size 430x24
            RenderTableCell {td} at (2,28) size 141x24 [bgcolor=#800080] [border: (1px inset #808080)] [r=1 c=0 rs=1 cs=1]
              RenderText {#text} at (2,2) size 137x19
                text run at (2,2) width 137: "table table table table"
            RenderTableCell {td} at (144,28) size 141x24 [bgcolor=#800080] [border: (1px inset #808080)] [r=1 c=1 rs=1 cs=1]
              RenderText {#text} at (2,2) size 137x19
                text run at (2,2) width 137: "table table table table"
            RenderTableCell {td} at (286,28) size 142x24 [bgcolor=#800080] [border: (1px inset #808080)] [r=1 c=2 rs=1 cs=1]
              RenderText {#text} at (2,2) size 137x19
                text run at (2,2) width 137: "table table table table"
      RenderBlock {p} at (0,756) size 784x20
        RenderText {#text} at (0,0) size 284x19
          text run at (0,0) width 284: "Fuchsia table with a white body background"
      RenderTable {table} at (0,792) size 432x56 [border: (1px outset #808080)]
        RenderTableSection (anonymous) at (1,1) size 430x54
          RenderTableRow {tr} at (0,2) size 430x24
            RenderTableCell {td} at (2,2) size 141x24 [bgcolor=#FF00FF] [border: (1px inset #808080)] [r=0 c=0 rs=1 cs=1]
              RenderText {#text} at (2,2) size 137x19
                text run at (2,2) width 137: "table table table table"
            RenderTableCell {td} at (144,2) size 141x24 [bgcolor=#FF00FF] [border: (1px inset #808080)] [r=0 c=1 rs=1 cs=1]
              RenderText {#text} at (2,2) size 137x19
                text run at (2,2) width 137: "table table table table"
            RenderTableCell {td} at (286,2) size 142x24 [bgcolor=#FF00FF] [border: (1px inset #808080)] [r=0 c=2 rs=1 cs=1]
              RenderText {#text} at (2,2) size 137x19
                text run at (2,2) width 137: "table table table table"
          RenderTableRow {tr} at (0,28) size 430x24
            RenderTableCell {td} at (2,28) size 141x24 [bgcolor=#FF00FF] [border: (1px inset #808080)] [r=1 c=0 rs=1 cs=1]
              RenderText {#text} at (2,2) size 137x19
                text run at (2,2) width 137: "table table table table"
            RenderTableCell {td} at (144,28) size 141x24 [bgcolor=#FF00FF] [border: (1px inset #808080)] [r=1 c=1 rs=1 cs=1]
              RenderText {#text} at (2,2) size 137x19
                text run at (2,2) width 137: "table table table table"
            RenderTableCell {td} at (286,28) size 142x24 [bgcolor=#FF00FF] [border: (1px inset #808080)] [r=1 c=2 rs=1 cs=1]
              RenderText {#text} at (2,2) size 137x19
                text run at (2,2) width 137: "table table table table"
      RenderBlock {p} at (0,864) size 784x20
        RenderText {#text} at (0,0) size 273x19
          text run at (0,0) width 273: "Green table with a white body background"
      RenderTable {table} at (0,900) size 432x56 [border: (1px outset #808080)]
        RenderTableSection (anonymous) at (1,1) size 430x54
          RenderTableRow {tr} at (0,2) size 430x24
            RenderTableCell {td} at (2,2) size 141x24 [bgcolor=#008000] [border: (1px inset #808080)] [r=0 c=0 rs=1 cs=1]
              RenderText {#text} at (2,2) size 137x19
                text run at (2,2) width 137: "table table table table"
            RenderTableCell {td} at (144,2) size 141x24 [bgcolor=#008000] [border: (1px inset #808080)] [r=0 c=1 rs=1 cs=1]
              RenderText {#text} at (2,2) size 137x19
                text run at (2,2) width 137: "table table table table"
            RenderTableCell {td} at (286,2) size 142x24 [bgcolor=#008000] [border: (1px inset #808080)] [r=0 c=2 rs=1 cs=1]
              RenderText {#text} at (2,2) size 137x19
                text run at (2,2) width 137: "table table table table"
          RenderTableRow {tr} at (0,28) size 430x24
            RenderTableCell {td} at (2,28) size 141x24 [bgcolor=#008000] [border: (1px inset #808080)] [r=1 c=0 rs=1 cs=1]
              RenderText {#text} at (2,2) size 137x19
                text run at (2,2) width 137: "table table table table"
            RenderTableCell {td} at (144,28) size 141x24 [bgcolor=#008000] [border: (1px inset #808080)] [r=1 c=1 rs=1 cs=1]
              RenderText {#text} at (2,2) size 137x19
                text run at (2,2) width 137: "table table table table"
            RenderTableCell {td} at (286,28) size 142x24 [bgcolor=#008000] [border: (1px inset #808080)] [r=1 c=2 rs=1 cs=1]
              RenderText {#text} at (2,2) size 137x19
                text run at (2,2) width 137: "table table table table"
      RenderBlock {p} at (0,972) size 784x20
        RenderText {#text} at (0,0) size 268x19
          text run at (0,0) width 268: "Lime table with a white body background"
      RenderTable {table} at (0,1008) size 432x56 [border: (1px outset #808080)]
        RenderTableSection (anonymous) at (1,1) size 430x54
          RenderTableRow {tr} at (0,2) size 430x24
            RenderTableCell {td} at (2,2) size 141x24 [bgcolor=#00FF00] [border: (1px inset #808080)] [r=0 c=0 rs=1 cs=1]
              RenderText {#text} at (2,2) size 137x19
                text run at (2,2) width 137: "table table table table"
            RenderTableCell {td} at (144,2) size 141x24 [bgcolor=#00FF00] [border: (1px inset #808080)] [r=0 c=1 rs=1 cs=1]
              RenderText {#text} at (2,2) size 137x19
                text run at (2,2) width 137: "table table table table"
            RenderTableCell {td} at (286,2) size 142x24 [bgcolor=#00FF00] [border: (1px inset #808080)] [r=0 c=2 rs=1 cs=1]
              RenderText {#text} at (2,2) size 137x19
                text run at (2,2) width 137: "table table table table"
          RenderTableRow {tr} at (0,28) size 430x24
            RenderTableCell {td} at (2,28) size 141x24 [bgcolor=#00FF00] [border: (1px inset #808080)] [r=1 c=0 rs=1 cs=1]
              RenderText {#text} at (2,2) size 137x19
                text run at (2,2) width 137: "table table table table"
            RenderTableCell {td} at (144,28) size 141x24 [bgcolor=#00FF00] [border: (1px inset #808080)] [r=1 c=1 rs=1 cs=1]
              RenderText {#text} at (2,2) size 137x19
                text run at (2,2) width 137: "table table table table"
            RenderTableCell {td} at (286,28) size 142x24 [bgcolor=#00FF00] [border: (1px inset #808080)] [r=1 c=2 rs=1 cs=1]
              RenderText {#text} at (2,2) size 137x19
                text run at (2,2) width 137: "table table table table"
      RenderBlock {p} at (0,1080) size 784x20
        RenderText {#text} at (0,0) size 270x19
          text run at (0,0) width 270: "Olive table with a white body background"
      RenderTable {table} at (0,1116) size 432x56 [border: (1px outset #808080)]
        RenderTableSection (anonymous) at (1,1) size 430x54
          RenderTableRow {tr} at (0,2) size 430x24
            RenderTableCell {td} at (2,2) size 141x24 [bgcolor=#808000] [border: (1px inset #808080)] [r=0 c=0 rs=1 cs=1]
              RenderText {#text} at (2,2) size 137x19
                text run at (2,2) width 137: "table table table table"
            RenderTableCell {td} at (144,2) size 141x24 [bgcolor=#808000] [border: (1px inset #808080)] [r=0 c=1 rs=1 cs=1]
              RenderText {#text} at (2,2) size 137x19
                text run at (2,2) width 137: "table table table table"
            RenderTableCell {td} at (286,2) size 142x24 [bgcolor=#808000] [border: (1px inset #808080)] [r=0 c=2 rs=1 cs=1]
              RenderText {#text} at (2,2) size 137x19
                text run at (2,2) width 137: "table table table table"
          RenderTableRow {tr} at (0,28) size 430x24
            RenderTableCell {td} at (2,28) size 141x24 [bgcolor=#808000] [border: (1px inset #808080)] [r=1 c=0 rs=1 cs=1]
              RenderText {#text} at (2,2) size 137x19
                text run at (2,2) width 137: "table table table table"
            RenderTableCell {td} at (144,28) size 141x24 [bgcolor=#808000] [border: (1px inset #808080)] [r=1 c=1 rs=1 cs=1]
              RenderText {#text} at (2,2) size 137x19
                text run at (2,2) width 137: "table table table table"
            RenderTableCell {td} at (286,28) size 142x24 [bgcolor=#808000] [border: (1px inset #808080)] [r=1 c=2 rs=1 cs=1]
              RenderText {#text} at (2,2) size 137x19
                text run at (2,2) width 137: "table table table table"
      RenderBlock {p} at (0,1188) size 784x20
        RenderText {#text} at (0,0) size 280x19
          text run at (0,0) width 280: "Yellow table with a white body background"
      RenderTable {table} at (0,1224) size 432x56 [border: (1px outset #808080)]
        RenderTableSection (anonymous) at (1,1) size 430x54
          RenderTableRow {tr} at (0,2) size 430x24
            RenderTableCell {td} at (2,2) size 141x24 [bgcolor=#FFFF00] [border: (1px inset #808080)] [r=0 c=0 rs=1 cs=1]
              RenderText {#text} at (2,2) size 137x19
                text run at (2,2) width 137: "table table table table"
            RenderTableCell {td} at (144,2) size 141x24 [bgcolor=#FFFF00] [border: (1px inset #808080)] [r=0 c=1 rs=1 cs=1]
              RenderText {#text} at (2,2) size 137x19
                text run at (2,2) width 137: "table table table table"
            RenderTableCell {td} at (286,2) size 142x24 [bgcolor=#FFFF00] [border: (1px inset #808080)] [r=0 c=2 rs=1 cs=1]
              RenderText {#text} at (2,2) size 137x19
                text run at (2,2) width 137: "table table table table"
          RenderTableRow {tr} at (0,28) size 430x24
            RenderTableCell {td} at (2,28) size 141x24 [bgcolor=#FFFF00] [border: (1px inset #808080)] [r=1 c=0 rs=1 cs=1]
              RenderText {#text} at (2,2) size 137x19
                text run at (2,2) width 137: "table table table table"
            RenderTableCell {td} at (144,28) size 141x24 [bgcolor=#FFFF00] [border: (1px inset #808080)] [r=1 c=1 rs=1 cs=1]
              RenderText {#text} at (2,2) size 137x19
                text run at (2,2) width 137: "table table table table"
            RenderTableCell {td} at (286,28) size 142x24 [bgcolor=#FFFF00] [border: (1px inset #808080)] [r=1 c=2 rs=1 cs=1]
              RenderText {#text} at (2,2) size 137x19
                text run at (2,2) width 137: "table table table table"
      RenderBlock {p} at (0,1296) size 784x20
        RenderText {#text} at (0,0) size 269x19
          text run at (0,0) width 269: "Navy table with a white body background"
      RenderTable {table} at (0,1332) size 432x56 [border: (1px outset #808080)]
        RenderTableSection (anonymous) at (1,1) size 430x54
          RenderTableRow {tr} at (0,2) size 430x24
            RenderTableCell {td} at (2,2) size 141x24 [bgcolor=#000080] [border: (1px inset #808080)] [r=0 c=0 rs=1 cs=1]
              RenderText {#text} at (2,2) size 137x19
                text run at (2,2) width 137: "table table table table"
            RenderTableCell {td} at (144,2) size 141x24 [bgcolor=#000080] [border: (1px inset #808080)] [r=0 c=1 rs=1 cs=1]
              RenderText {#text} at (2,2) size 137x19
                text run at (2,2) width 137: "table table table table"
            RenderTableCell {td} at (286,2) size 142x24 [bgcolor=#000080] [border: (1px inset #808080)] [r=0 c=2 rs=1 cs=1]
              RenderText {#text} at (2,2) size 137x19
                text run at (2,2) width 137: "table table table table"
          RenderTableRow {tr} at (0,28) size 430x24
            RenderTableCell {td} at (2,28) size 141x24 [bgcolor=#000080] [border: (1px inset #808080)] [r=1 c=0 rs=1 cs=1]
              RenderText {#text} at (2,2) size 137x19
                text run at (2,2) width 137: "table table table table"
            RenderTableCell {td} at (144,28) size 141x24 [bgcolor=#000080] [border: (1px inset #808080)] [r=1 c=1 rs=1 cs=1]
              RenderText {#text} at (2,2) size 137x19
                text run at (2,2) width 137: "table table table table"
            RenderTableCell {td} at (286,28) size 142x24 [bgcolor=#000080] [border: (1px inset #808080)] [r=1 c=2 rs=1 cs=1]
              RenderText {#text} at (2,2) size 137x19
                text run at (2,2) width 137: "table table table table"
      RenderBlock {p} at (0,1404) size 784x20
        RenderText {#text} at (0,0) size 264x19
          text run at (0,0) width 264: "Blue table with a white body background"
      RenderTable {table} at (0,1440) size 432x56 [border: (1px outset #808080)]
        RenderTableSection (anonymous) at (1,1) size 430x54
          RenderTableRow {tr} at (0,2) size 430x24
            RenderTableCell {td} at (2,2) size 141x24 [bgcolor=#0000FF] [border: (1px inset #808080)] [r=0 c=0 rs=1 cs=1]
              RenderText {#text} at (2,2) size 137x19
                text run at (2,2) width 137: "table table table table"
            RenderTableCell {td} at (144,2) size 141x24 [bgcolor=#0000FF] [border: (1px inset #808080)] [r=0 c=1 rs=1 cs=1]
              RenderText {#text} at (2,2) size 137x19
                text run at (2,2) width 137: "table table table table"
            RenderTableCell {td} at (286,2) size 142x24 [bgcolor=#0000FF] [border: (1px inset #808080)] [r=0 c=2 rs=1 cs=1]
              RenderText {#text} at (2,2) size 137x19
                text run at (2,2) width 137: "table table table table"
          RenderTableRow {tr} at (0,28) size 430x24
            RenderTableCell {td} at (2,28) size 141x24 [bgcolor=#0000FF] [border: (1px inset #808080)] [r=1 c=0 rs=1 cs=1]
              RenderText {#text} at (2,2) size 137x19
                text run at (2,2) width 137: "table table table table"
            RenderTableCell {td} at (144,28) size 141x24 [bgcolor=#0000FF] [border: (1px inset #808080)] [r=1 c=1 rs=1 cs=1]
              RenderText {#text} at (2,2) size 137x19
                text run at (2,2) width 137: "table table table table"
            RenderTableCell {td} at (286,28) size 142x24 [bgcolor=#0000FF] [border: (1px inset #808080)] [r=1 c=2 rs=1 cs=1]
              RenderText {#text} at (2,2) size 137x19
                text run at (2,2) width 137: "table table table table"
      RenderBlock {p} at (0,1512) size 784x20
        RenderText {#text} at (0,0) size 262x19
          text run at (0,0) width 262: "Teal table with a white body background"
      RenderTable {table} at (0,1548) size 424x50
        RenderTableSection (anonymous) at (0,0) size 424x50
          RenderTableRow {tr} at (0,2) size 424x22
            RenderTableCell {td} at (2,2) size 139x22 [bgcolor=#008080] [r=0 c=0 rs=1 cs=1]
              RenderText {#text} at (1,1) size 137x19
                text run at (1,1) width 137: "table table table table"
            RenderTableCell {td} at (142,2) size 139x22 [bgcolor=#008080] [r=0 c=1 rs=1 cs=1]
              RenderText {#text} at (1,1) size 137x19
                text run at (1,1) width 137: "table table table table"
            RenderTableCell {td} at (282,2) size 140x22 [bgcolor=#008080] [r=0 c=2 rs=1 cs=1]
              RenderText {#text} at (1,1) size 137x19
                text run at (1,1) width 137: "table table table table"
          RenderTableRow {tr} at (0,26) size 424x22
            RenderTableCell {td} at (2,26) size 139x22 [bgcolor=#008080] [r=1 c=0 rs=1 cs=1]
              RenderText {#text} at (1,1) size 137x19
                text run at (1,1) width 137: "table table table table"
            RenderTableCell {td} at (142,26) size 139x22 [bgcolor=#008080] [r=1 c=1 rs=1 cs=1]
              RenderText {#text} at (1,1) size 137x19
                text run at (1,1) width 137: "table table table table"
            RenderTableCell {td} at (282,26) size 140x22 [bgcolor=#008080] [r=1 c=2 rs=1 cs=1]
              RenderText {#text} at (1,1) size 137x19
                text run at (1,1) width 137: "table table table table"
      RenderBlock {p} at (0,1614) size 784x20
        RenderText {#text} at (0,0) size 269x19
          text run at (0,0) width 269: "Aqua table with a white body background"
      RenderTable {table} at (0,1650) size 432x56 [border: (1px outset #808080)]
        RenderTableSection (anonymous) at (1,1) size 430x54
          RenderTableRow {tr} at (0,2) size 430x24
            RenderTableCell {td} at (2,2) size 141x24 [bgcolor=#00FFFF] [border: (1px inset #808080)] [r=0 c=0 rs=1 cs=1]
              RenderText {#text} at (2,2) size 137x19
                text run at (2,2) width 137: "table table table table"
            RenderTableCell {td} at (144,2) size 141x24 [bgcolor=#00FFFF] [border: (1px inset #808080)] [r=0 c=1 rs=1 cs=1]
              RenderText {#text} at (2,2) size 137x19
                text run at (2,2) width 137: "table table table table"
            RenderTableCell {td} at (286,2) size 142x24 [bgcolor=#00FFFF] [border: (1px inset #808080)] [r=0 c=2 rs=1 cs=1]
              RenderText {#text} at (2,2) size 137x19
                text run at (2,2) width 137: "table table table table"
          RenderTableRow {tr} at (0,28) size 430x24
            RenderTableCell {td} at (2,28) size 141x24 [bgcolor=#00FFFF] [border: (1px inset #808080)] [r=1 c=0 rs=1 cs=1]
              RenderText {#text} at (2,2) size 137x19
                text run at (2,2) width 137: "table table table table"
            RenderTableCell {td} at (144,28) size 141x24 [bgcolor=#00FFFF] [border: (1px inset #808080)] [r=1 c=1 rs=1 cs=1]
              RenderText {#text} at (2,2) size 137x19
                text run at (2,2) width 137: "table table table table"
            RenderTableCell {td} at (286,28) size 142x24 [bgcolor=#00FFFF] [border: (1px inset #808080)] [r=1 c=2 rs=1 cs=1]
              RenderText {#text} at (2,2) size 137x19
                text run at (2,2) width 137: "table table table table"
