layer at (0,0) size 800x1646
  RenderView at (0,0) size 800x600
layer at (0,0) size 800x1646
  RenderBlock {html} at (0,0) size 800x1646
    RenderBody {body} at (8,8) size 784x1630
      RenderTable {table} at (0,0) size 287x110 [border: (1px outset #808080)]
        RenderTableSection (anonymous) at (1,1) size 285x108
          RenderTableRow {tr} at (0,2) size 285x104
            RenderTableCell {td} at (2,42) size 281x24 [border: (1px inset #808080)] [r=0 c=0 rs=1 cs=1]
              RenderText {#text} at (2,2) size 277x19
                text run at (2,2) width 277: "The height of this cell should be 100 pixels"
      RenderBlock (anonymous) at (0,110) size 784x20
        RenderBR {br} at (0,0) size 0x19
      RenderTable {table} at (0,130) size 287x210 [border: (1px outset #808080)]
        RenderTableSection (anonymous) at (1,1) size 285x208
          RenderTableRow {tr} at (0,2) size 285x204
            RenderTableCell {td} at (2,92) size 281x24 [border: (1px inset #808080)] [r=0 c=0 rs=1 cs=1]
              RenderText {#text} at (2,2) size 277x19
                text run at (2,2) width 277: "The height of this cell should be 200 pixels"
      RenderBlock (anonymous) at (0,340) size 784x20
        RenderBR {br} at (0,0) size 0x19
      RenderTable {table} at (0,360) size 287x310 [border: (1px outset #808080)]
        RenderTableSection (anonymous) at (1,1) size 285x308
          RenderTableRow {tr} at (0,2) size 285x304
            RenderTableCell {td} at (2,142) size 281x24 [border: (1px inset #808080)] [r=0 c=0 rs=1 cs=1]
              RenderText {#text} at (2,2) size 277x19
                text run at (2,2) width 277: "The height of this cell should be 300 pixels"
      RenderBlock (anonymous) at (0,670) size 784x20
        RenderBR {br} at (0,0) size 0x19
      RenderTable {table} at (0,690) size 287x410 [border: (1px outset #808080)]
        RenderTableSection (anonymous) at (1,1) size 285x408
          RenderTableRow {tr} at (0,2) size 285x404
            RenderTableCell {td} at (2,192) size 281x24 [border: (1px inset #808080)] [r=0 c=0 rs=1 cs=1]
              RenderText {#text} at (2,2) size 277x19
                text run at (2,2) width 277: "The height of this cell should be 400 pixels"
      RenderBlock (anonymous) at (0,1100) size 784x20
        RenderBR {br} at (0,0) size 0x19
      RenderTable {table} at (0,1120) size 287x510 [border: (1px outset #808080)]
        RenderTableSection (anonymous) at (1,1) size 285x508
          RenderTableRow {tr} at (0,2) size 285x504
            RenderTableCell {td} at (2,242) size 281x24 [border: (1px inset #808080)] [r=0 c=0 rs=1 cs=1]
              RenderText {#text} at (2,2) size 277x19
                text run at (2,2) width 277: "The height of this cell should be 500 pixels"
