layer at (0,0) size 800x600
  RenderView at (0,0) size 800x600
layer at (0,0) size 800x220
  RenderBlock {html} at (0,0) size 800x220
    RenderBody {body} at (8,16) size 784x196
      RenderBlock {p} at (0,0) size 784x20
        RenderText {#text} at (0,0) size 399x19
          text run at (0,0) width 399: "The numbers in the TFOOT should align at the decimal points"
      RenderTable {table} at (0,36) size 360x160 [border: (1px outset #808080)]
        RenderTableSection {thead} at (1,1) size 358x54
          RenderTableRow {tr} at (0,2) size 358x24
            RenderTableCell {td} at (2,2) size 112x24 [border: (1px inset #808080)] [r=0 c=0 rs=1 cs=1]
              RenderText {#text} at (2,2) size 55x19
                text run at (2,2) width 55: "THEAD"
            RenderTableCell {td} at (115,2) size 120x24 [border: (1px inset #808080)] [r=0 c=1 rs=1 cs=1]
              RenderText {#text} at (2,2) size 55x19
                text run at (2,2) width 55: "THEAD"
            RenderTableCell {td} at (236,2) size 120x24 [border: (1px inset #808080)] [r=0 c=2 rs=1 cs=1]
              RenderText {#text} at (2,2) size 55x19
                text run at (2,2) width 55: "THEAD"
          RenderTableRow {tr} at (0,28) size 358x24
            RenderTableCell {td} at (2,28) size 112x24 [border: (1px inset #808080)] [r=1 c=0 rs=1 cs=1]
              RenderText {#text} at (2,2) size 55x19
                text run at (2,2) width 55: "THEAD"
            RenderTableCell {td} at (115,28) size 120x24 [border: (1px inset #808080)] [r=1 c=1 rs=1 cs=1]
              RenderText {#text} at (2,2) size 55x19
                text run at (2,2) width 55: "THEAD"
            RenderTableCell {td} at (236,28) size 120x24 [border: (1px inset #808080)] [r=1 c=2 rs=1 cs=1]
              RenderText {#text} at (2,2) size 55x19
                text run at (2,2) width 55: "THEAD"
        RenderTableSection {tfoot} at (1,107) size 358x52
          RenderTableRow {tr} at (0,0) size 358x24
            RenderTableCell {td} at (2,0) size 112x24 [border: (1px inset #808080)] [r=0 c=0 rs=1 cs=1]
              RenderText {#text} at (2,2) size 92x19
                text run at (2,2) width 92: "TFOOT 55.00"
            RenderTableCell {td} at (115,0) size 120x24 [border: (1px inset #808080)] [r=0 c=1 rs=1 cs=1]
              RenderText {#text} at (2,2) size 116x19
                text run at (2,2) width 116: "TFOOT 55555.00"
            RenderTableCell {td} at (236,0) size 120x24 [border: (1px inset #808080)] [r=0 c=2 rs=1 cs=1]
              RenderText {#text} at (2,2) size 100x19
                text run at (2,2) width 100: "TFOOT 555.00"
          RenderTableRow {tr} at (0,26) size 358x24
            RenderTableCell {td} at (2,26) size 112x24 [border: (1px inset #808080)] [r=1 c=0 rs=1 cs=1]
              RenderText {#text} at (2,2) size 108x19
                text run at (2,2) width 108: "TFOOT 1234.56"
            RenderTableCell {td} at (115,26) size 120x24 [border: (1px inset #808080)] [r=1 c=1 rs=1 cs=1]
              RenderText {#text} at (2,2) size 100x19
                text run at (2,2) width 100: "TFOOT 123.45"
            RenderTableCell {td} at (236,26) size 120x24 [border: (1px inset #808080)] [r=1 c=2 rs=1 cs=1]
              RenderText {#text} at (2,2) size 116x19
                text run at (2,2) width 116: "TFOOT 12345.67"
        RenderTableSection {tbody} at (1,55) size 358x52
          RenderTableRow {tr} at (0,0) size 358x24
            RenderTableCell {td} at (2,0) size 112x24 [border: (1px inset #808080)] [r=0 c=0 rs=1 cs=1]
              RenderText {#text} at (2,2) size 56x19
                text run at (2,2) width 56: "TBODY"
            RenderTableCell {td} at (115,0) size 120x24 [border: (1px inset #808080)] [r=0 c=1 rs=1 cs=1]
              RenderText {#text} at (2,2) size 56x19
                text run at (2,2) width 56: "TBODY"
            RenderTableCell {td} at (236,0) size 120x24 [border: (1px inset #808080)] [r=0 c=2 rs=1 cs=1]
              RenderText {#text} at (2,2) size 56x19
                text run at (2,2) width 56: "TBODY"
          RenderTableRow {tr} at (0,26) size 358x24
            RenderTableCell {td} at (2,26) size 112x24 [border: (1px inset #808080)] [r=1 c=0 rs=1 cs=1]
              RenderText {#text} at (2,2) size 56x19
                text run at (2,2) width 56: "TBODY"
            RenderTableCell {td} at (115,26) size 120x24 [border: (1px inset #808080)] [r=1 c=1 rs=1 cs=1]
              RenderText {#text} at (2,2) size 56x19
                text run at (2,2) width 56: "TBODY"
            RenderTableCell {td} at (236,26) size 120x24 [border: (1px inset #808080)] [r=1 c=2 rs=1 cs=1]
              RenderText {#text} at (2,2) size 56x19
                text run at (2,2) width 56: "TBODY"
