layer at (0,0) size 800x600
  RenderView at (0,0) size 800x600
layer at (0,0) size 800x98
  RenderBlock {html} at (0,0) size 800x98
    RenderBody {body} at (8,8) size 784x82
      RenderTable {table} at (0,0) size 635x82 [border: (1px outset #808080)]
        RenderTableSection {thead} at (1,1) size 633x28 [bgcolor=#00FF00]
          RenderTableRow {tr} at (0,2) size 633x24
            RenderTableCell {td} at (2,2) size 314x24 [border: (1px inset #808080)] [r=0 c=0 rs=1 cs=1]
              RenderText {#text} at (2,2) size 272x19
                text run at (2,2) width 272: "This thead should have a lime background"
            RenderTableCell {td} at (317,2) size 314x24 [border: (1px inset #808080)] [r=0 c=1 rs=1 cs=1]
              RenderText {#text} at (2,2) size 272x19
                text run at (2,2) width 272: "This thead should have a lime background"
        RenderTableSection {tfoot} at (1,55) size 633x26
          RenderTableRow {tr} at (0,0) size 633x24
            RenderTableCell {td} at (2,0) size 314x24 [border: (1px inset #808080)] [r=0 c=0 rs=1 cs=1]
              RenderText {#text} at (2,2) size 304x19
                text run at (2,2) width 304: "This tfoot should NOT have a lime background"
            RenderTableCell {td} at (317,0) size 314x24 [border: (1px inset #808080)] [r=0 c=1 rs=1 cs=1]
              RenderText {#text} at (2,2) size 304x19
                text run at (2,2) width 304: "This tfoot should NOT have a lime background"
        RenderTableSection {tbody} at (1,29) size 633x26
          RenderTableRow {tr} at (0,0) size 633x24
            RenderTableCell {td} at (2,0) size 314x24 [border: (1px inset #808080)] [r=0 c=0 rs=1 cs=1]
              RenderText {#text} at (2,2) size 310x19
                text run at (2,2) width 310: "This tbody should NOT have a lime background"
            RenderTableCell {td} at (317,0) size 314x24 [border: (1px inset #808080)] [r=0 c=1 rs=1 cs=1]
              RenderText {#text} at (2,2) size 310x19
                text run at (2,2) width 310: "This tbody should NOT have a lime background"
