layer at (0,0) size 800x600
  RenderView at (0,0) size 800x600
layer at (0,0) size 800x305
  RenderBlock {html} at (0,0) size 800x305
    RenderBody {body} at (8,16) size 784x281
      RenderBlock {p} at (0,0) size 784x20
        RenderText {#text} at (0,0) size 171x19
          text run at (0,0) width 171: "TH VALIGN=BASELINE"
      RenderTable {table} at (0,36) size 784x245 [border: (1px outset #808080)]
        RenderTableSection (anonymous) at (1,1) size 782x243
          RenderTableRow {tr} at (0,2) size 782x239
            RenderTableCell {th} at (2,24) size 218x104 [border: (1px inset #808080)] [r=0 c=0 rs=1 cs=1]
              RenderText {#text} at (13,2) size 213x99
                text run at (13,2) width 192: "Compare the baseline of the"
                text run at (2,22) width 80: "first line of "
                text run at (81,22) width 134: "text in this cell with"
                text run at (7,42) width 203: "the baseline of the first line of"
                text run at (24,62) width 49: "text in "
                text run at (72,62) width 121: "the next cell: they"
                text run at (15,82) width 188: "should be vertically aligned"
            RenderTableCell {th} at (221,2) size 560x239 [border: (1px inset #808080)] [r=0 c=1 rs=1 cs=1]
              RenderText {#text} at (40,3) size 531x233
                text run at (40,3) width 382: "Compare the baseline "
                text run at (421,3) width 97: "of the"
                text run at (14,50) width 531: "first line of text in this cell with"
                text run at (27,97) width 318: "the baseline of the "
                text run at (344,97) width 188: "first line of"
                text run at (33,144) width 492: "text in the previous cell: they"
                text run at (45,191) width 344: "should be vertically "
                text run at (388,191) width 126: "aligned"
