layer at (0,0) size 800x600
  RenderView at (0,0) size 800x600
layer at (0,0) size 800x275
  RenderBlock {html} at (0,0) size 800x275
    RenderBody {body} at (8,16) size 784x251
      RenderBlock {p} at (0,0) size 784x20
        RenderText {#text} at (0,0) size 124x19
          text run at (0,0) width 124: "TH VALIGN=TOP"
      RenderTable {table} at (0,36) size 693x215 [border: (1px outset #808080)]
        RenderTableSection (anonymous) at (1,1) size 691x213
          RenderTableRow {tr} at (0,2) size 691x209
            RenderTableCell {th} at (2,2) size 204x209 [border: (1px inset #808080)] [r=0 c=0 rs=1 cs=1]
              RenderImage {img} at (2,2) size 200x200
            RenderTableCell {th} at (208,2) size 481x24 [border: (1px inset #808080)] [r=0 c=1 rs=1 cs=1]
              RenderText {#text} at (2,2) size 477x19
                text run at (2,2) width 325: "The top of this text should be vertically aligned "
                text run at (326,2) width 153: "to the top of the image"
