layer at (0,0) size 800x600
  RenderView at (0,0) size 800x600
layer at (0,0) size 800x222
  RenderBlock {html} at (0,0) size 800x222
    RenderBody {body} at (8,16) size 784x198
      RenderBlock {p} at (0,0) size 784x20
        RenderText {#text} at (0,0) size 307x19
          text run at (0,0) width 307: "In this test, the THEAD text should be justified."
      RenderTable {table} at (0,36) size 300x162 [border: (1px outset #808080)]
        RenderTableSection {thead} at (1,1) size 298x108
          RenderTableRow {tr} at (0,2) size 298x104
            RenderTableCell {td} at (2,2) size 294x104 [border: (1px inset #808080)] [r=0 c=0 rs=1 cs=1]
              RenderText {#text} at (2,2) size 290x99
                text run at (2,2) width 290: "This THEAD text should be justified which"
                text run at (2,22) width 136: "means that the right "
                text run at (137,22) width 155: "and left margins should"
                text run at (2,42) width 290: "line up, no matter how long the content"
                text run at (2,62) width 290: "becomes (except the last line which should"
                text run at (2,82) width 97: "be left aligned)"
        RenderTableSection {tfoot} at (1,135) size 298x26
          RenderTableRow {tr} at (0,0) size 298x24
            RenderTableCell {td} at (2,0) size 294x24 [border: (1px inset #808080)] [r=0 c=0 rs=1 cs=1]
              RenderText {#text} at (2,2) size 167x19
                text run at (2,2) width 167: "This text is in the TFOOT"
        RenderTableSection {tbody} at (1,109) size 298x26
          RenderTableRow {tr} at (0,0) size 298x24
            RenderTableCell {td} at (2,0) size 294x24 [border: (1px inset #808080)] [r=0 c=0 rs=1 cs=1]
              RenderText {#text} at (2,2) size 171x19
                text run at (2,2) width 171: "This text is in the TBODY"
