layer at (0,0) size 800x600
  RenderView at (0,0) size 800x600
layer at (0,0) size 800x126
  RenderBlock {html} at (0,0) size 800x126
    RenderBody {body} at (8,8) size 784x110
      RenderTable {table} at (0,0) size 600x110 [border: (1px outset #808080)]
        RenderTableSection (anonymous) at (1,1) size 598x108
          RenderTableRow {tr} at (0,2) size 598x104
            RenderTableCell {td} at (2,2) size 296x104 [border: (1px inset #808080)] [r=0 c=0 rs=1 cs=1]
              RenderText {#text} at (2,2) size 292x99
                text run at (2,2) width 292: "Cell text should be justified which means"
                text run at (2,22) width 115: "that the right and "
                text run at (116,22) width 178: "left margins should line up,"
                text run at (2,42) width 292: "no matter how long the content becomes"
                text run at (2,62) width 292: "(except the last line which should be left"
                text run at (2,82) width 57: "aligned)."
            RenderTableCell {td} at (300,2) size 296x104 [border: (1px inset #808080)] [r=0 c=1 rs=1 cs=1]
              RenderText {#text} at (2,2) size 292x99
                text run at (2,2) width 292: "Cell text should be justified which means"
                text run at (2,22) width 115: "that the right and "
                text run at (116,22) width 178: "left margins should line up,"
                text run at (2,42) width 292: "no matter how long the content becomes"
                text run at (2,62) width 292: "(except the last line which should be left"
                text run at (2,82) width 57: "aligned)."
