layer at (0,0) size 800x600
  RenderView at (0,0) size 800x600
layer at (0,0) size 800x46
  RenderBlock {html} at (0,0) size 800x46
    RenderBody {body} at (8,8) size 784x30
      RenderTable {table} at (0,0) size 539x30 [border: (1px outset #808080)]
        RenderTableSection (anonymous) at (1,1) size 537x28
          RenderTableRow {tr} at (0,2) size 537x24 [bgcolor=#00FF00]
            RenderTableCell {td} at (2,2) size 266x24 [border: (1px inset #808080)] [r=0 c=0 rs=1 cs=1]
              RenderText {#text} at (2,2) size 262x19
                text run at (2,2) width 262: "This row should have a lime background"
            RenderTableCell {td} at (269,2) size 266x24 [border: (1px inset #808080)] [r=0 c=1 rs=1 cs=1]
              RenderText {#text} at (2,2) size 262x19
                text run at (2,2) width 262: "This row should have a lime background"
