layer at (0,0) size 800x600
  RenderView at (0,0) size 800x600
layer at (0,0) size 800x600
  RenderBlock {HTML} at (0,0) size 800x600
    RenderBody {BODY} at (0,360) size 800x240
layer at (20,360) size 200x170
  RenderBlock {DIV} at (20,0) size 200x170 [border: none (20px solid #C0C0C0) none]
    RenderMultiColumnSet at (0,20) size 200x150
layer at (20,0) size 200x510
  RenderMultiColumnFlowThread at (0,20) size 200x510
    RenderText {#text} at (0,1) size 190x99
      text run at (0,1) width 182: "Lorem ipsum dolor sit amet,"
      text run at (0,21) width 77: "consectetur "
      text run at (76,21) width 96: "adipiscing elit."
      text run at (0,41) width 190: "Curabitur neque elit, pulvinar"
      text run at (0,61) width 104: "eget lobortis at, "
      text run at (103,61) width 75: "convallis ut"
      text run at (0,81) width 46: "lectus. "
    RenderText {#text} at (0,81) size 197x149
      text run at (102,81) width 64: " vulputate"
      text run at (0,101) width 151: "tincidunt leo, eu varius "
      text run at (150,101) width 32: "nunc"
      text run at (0,121) width 181: "ullamcorper vel. Integer nec"
      text run at (0,151) width 197: "dolor sed ante pharetra lacinia."
      text run at (0,171) width 194: "Integer dignissim iaculis nulla"
      text run at (0,191) width 176: "et rutrum. Praesent pretium"
      text run at (0,211) width 59: "euismod "
      text run at (58,211) width 101: "est eget laoreet."
    RenderText {#text} at (0,231) size 200x259
      text run at (45,231) width 107: " suscipit suscipit"
      text run at (0,251) width 187: "elementum. Duis consectetur"
      text run at (0,271) width 193: "pulvinar tempor. In mi sapien,"
      text run at (0,301) width 177: "malesuada vitae posuere ut,"
      text run at (0,321) width 70: "adipiscing "
      text run at (69,321) width 121: "id odio. Integer est"
      text run at (0,341) width 199: "mi, luctus sed cursus in, cursus"
      text run at (0,361) width 107: "vitae urna. Nam "
      text run at (106,361) width 74: "consectetur"
      text run at (0,381) width 172: "orci tempor nibh iaculis eu"
      text run at (0,401) width 200: "dignissim odio laoreet. Aenean"
      text run at (0,421) width 179: "congue fermentum nibh sed"
      text run at (0,451) width 173: "malesuada. Curabitur enim"
      text run at (0,471) width 101: "leo, porttitor ut "
      text run at (100,471) width 78: "interdum et,"
    RenderText {#text} at (53,491) size 63x19
      text run at (53,491) width 63: " ut lorem."
layer at (20,0) size 58x19
  RenderInline (relative positioned) {SPAN} at (45,80) size 58x19 [bgcolor=#FFFF00]
    RenderText {#text} at (45,81) size 58x19
      text run at (45,81) width 58: "Vivamus"
layer at (20,0) size 46x19
  RenderInline (relative positioned) {SPAN} at (0,220) size 46x19 [bgcolor=#FFFF00]
    RenderText {#text} at (0,231) size 46x19
      text run at (0,231) width 46: "Integer"
layer at (20,0) size 54x19
  RenderInline (relative positioned) {SPAN} at (0,460) size 54x19 [bgcolor=#FFFF00]
    RenderText {#text} at (0,491) size 54x19
      text run at (0,491) width 54: "pulvinar"
