layer at (0,0) size 800x600
  RenderView at (0,0) size 800x600
layer at (0,0) size 800x600
  RenderBlock {HTML} at (0,0) size 800x600
    RenderBody {BODY} at (0,20) size 800x580
layer at (0,20) size 170x200
  RenderBlock {DIV} at (0,0) size 170x200 [border: none (20px solid #C0C0C0)]
    RenderMultiColumnSet at (20,0) size 150x200
layer at (20,20) size 510x200
  RenderMultiColumnFlowThread at (20,0) size 510x200
    RenderText {#text} at (1,0) size 99x190
      text run at (1,0) width 182: "Lorem ipsum dolor sit amet,"
      text run at (21,0) width 77: "consectetur "
      text run at (21,76) width 95: "adipiscing elit."
      text run at (41,0) width 190: "Curabitur neque elit, pulvinar"
      text run at (61,0) width 104: "eget lobortis at, "
      text run at (61,103) width 75: "convallis ut"
      text run at (81,0) width 46: "lectus. "
    RenderText {#text} at (81,0) size 149x197
      text run at (81,102) width 64: " vulputate"
      text run at (101,0) width 151: "tincidunt leo, eu varius "
      text run at (101,150) width 32: "nunc"
      text run at (121,0) width 181: "ullamcorper vel. Integer nec"
      text run at (151,0) width 197: "dolor sed ante pharetra lacinia."
      text run at (171,0) width 194: "Integer dignissim iaculis nulla"
      text run at (191,0) width 176: "et rutrum. Praesent pretium"
      text run at (211,0) width 59: "euismod "
      text run at (211,58) width 100: "est eget laoreet."
    RenderText {#text} at (231,0) size 259x200
      text run at (231,45) width 106: " suscipit suscipit"
      text run at (251,0) width 187: "elementum. Duis consectetur"
      text run at (271,0) width 193: "pulvinar tempor. In mi sapien,"
      text run at (301,0) width 177: "malesuada vitae posuere ut,"
      text run at (321,0) width 70: "adipiscing "
      text run at (321,69) width 120: "id odio. Integer est"
      text run at (341,0) width 199: "mi, luctus sed cursus in, cursus"
      text run at (361,0) width 107: "vitae urna. Nam "
      text run at (361,106) width 73: "consectetur"
      text run at (381,0) width 172: "orci tempor nibh iaculis eu"
      text run at (401,0) width 200: "dignissim odio laoreet. Aenean"
      text run at (421,0) width 179: "congue fermentum nibh sed"
      text run at (451,0) width 173: "malesuada. Curabitur enim"
      text run at (471,0) width 101: "leo, porttitor ut "
      text run at (471,100) width 78: "interdum et,"
    RenderText {#text} at (491,53) size 19x63
      text run at (491,53) width 62: " ut lorem."
layer at (20,20) size 19x58
  RenderInline (relative positioned) {SPAN} at (80,45) size 19x58 [bgcolor=#FFFF00]
    RenderText {#text} at (81,45) size 19x58
      text run at (81,45) width 57: "Vivamus"
layer at (20,20) size 19x46
  RenderInline (relative positioned) {SPAN} at (220,0) size 19x46 [bgcolor=#FFFF00]
    RenderText {#text} at (231,0) size 19x46
      text run at (231,0) width 46: "Integer"
layer at (20,20) size 19x54
  RenderInline (relative positioned) {SPAN} at (460,0) size 19x54 [bgcolor=#FFFF00]
    RenderText {#text} at (491,0) size 19x54
      text run at (491,0) width 54: "pulvinar"
