layer at (0,0) size 800x776
  RenderView at (0,0) size 800x600
layer at (0,0) size 800x776
  RenderBlock {HTML} at (0,0) size 800x776
    RenderBody {BODY} at (8,8) size 784x760
layer at (8,8) size 784x760
  RenderBlock {DIV} at (0,0) size 784x760
    RenderMultiColumnSet at (0,0) size 784x760
layer at (8,8) size 384x1500 backgroundClip at (0,0) size 800x776 clip at (0,0) size 800x776
  RenderMultiColumnFlowThread at (0,0) size 384x1500
    RenderText {#text} at (0,0) size 380x1499
      text run at (0,0) width 380: "This content should be split into two columns. This content"
      text run at (0,20) width 362: "should be split into two columns. This content should be"
      text run at (0,40) width 357: "split into two columns. This content should be split into"
      text run at (0,60) width 324: "two columns. This content should be split into two"
      text run at (0,80) width 359: "columns. This content should be split into two columns."
      text run at (0,100) width 380: "This content should be split into two columns. This content"
      text run at (0,120) width 362: "should be split into two columns. This content should be"
      text run at (0,140) width 357: "split into two columns. This content should be split into"
      text run at (0,160) width 324: "two columns. This content should be split into two"
      text run at (0,180) width 359: "columns. This content should be split into two columns."
      text run at (0,200) width 380: "This content should be split into two columns. This content"
      text run at (0,220) width 362: "should be split into two columns. This content should be"
      text run at (0,240) width 357: "split into two columns. This content should be split into"
      text run at (0,260) width 324: "two columns. This content should be split into two"
      text run at (0,280) width 359: "columns. This content should be split into two columns."
      text run at (0,300) width 380: "This content should be split into two columns. This content"
      text run at (0,320) width 362: "should be split into two columns. This content should be"
      text run at (0,340) width 357: "split into two columns. This content should be split into"
      text run at (0,360) width 324: "two columns. This content should be split into two"
      text run at (0,380) width 359: "columns. This content should be split into two columns."
      text run at (0,400) width 380: "This content should be split into two columns. This content"
      text run at (0,420) width 362: "should be split into two columns. This content should be"
      text run at (0,440) width 357: "split into two columns. This content should be split into"
      text run at (0,460) width 324: "two columns. This content should be split into two"
      text run at (0,480) width 359: "columns. This content should be split into two columns."
      text run at (0,500) width 380: "This content should be split into two columns. This content"
      text run at (0,520) width 362: "should be split into two columns. This content should be"
      text run at (0,540) width 357: "split into two columns. This content should be split into"
      text run at (0,560) width 324: "two columns. This content should be split into two"
      text run at (0,580) width 359: "columns. This content should be split into two columns."
      text run at (0,600) width 380: "This content should be split into two columns. This content"
      text run at (0,620) width 362: "should be split into two columns. This content should be"
      text run at (0,640) width 357: "split into two columns. This content should be split into"
      text run at (0,660) width 324: "two columns. This content should be split into two"
      text run at (0,680) width 359: "columns. This content should be split into two columns."
      text run at (0,700) width 380: "This content should be split into two columns. This content"
      text run at (0,720) width 362: "should be split into two columns. This content should be"
      text run at (0,740) width 357: "split into two columns. This content should be split into"
      text run at (0,760) width 324: "two columns. This content should be split into two"
      text run at (0,780) width 359: "columns. This content should be split into two columns."
      text run at (0,800) width 380: "This content should be split into two columns. This content"
      text run at (0,820) width 362: "should be split into two columns. This content should be"
      text run at (0,840) width 357: "split into two columns. This content should be split into"
      text run at (0,860) width 324: "two columns. This content should be split into two"
      text run at (0,880) width 359: "columns. This content should be split into two columns."
      text run at (0,900) width 380: "This content should be split into two columns. This content"
      text run at (0,920) width 362: "should be split into two columns. This content should be"
      text run at (0,940) width 357: "split into two columns. This content should be split into"
      text run at (0,960) width 324: "two columns. This content should be split into two"
      text run at (0,980) width 359: "columns. This content should be split into two columns."
      text run at (0,1000) width 380: "This content should be split into two columns. This content"
      text run at (0,1020) width 362: "should be split into two columns. This content should be"
      text run at (0,1040) width 357: "split into two columns. This content should be split into"
      text run at (0,1060) width 324: "two columns. This content should be split into two"
      text run at (0,1080) width 359: "columns. This content should be split into two columns."
      text run at (0,1100) width 380: "This content should be split into two columns. This content"
      text run at (0,1120) width 362: "should be split into two columns. This content should be"
      text run at (0,1140) width 357: "split into two columns. This content should be split into"
      text run at (0,1160) width 324: "two columns. This content should be split into two"
      text run at (0,1180) width 359: "columns. This content should be split into two columns."
      text run at (0,1200) width 380: "This content should be split into two columns. This content"
      text run at (0,1220) width 362: "should be split into two columns. This content should be"
      text run at (0,1240) width 357: "split into two columns. This content should be split into"
      text run at (0,1260) width 324: "two columns. This content should be split into two"
      text run at (0,1280) width 359: "columns. This content should be split into two columns."
      text run at (0,1300) width 380: "This content should be split into two columns. This content"
      text run at (0,1320) width 362: "should be split into two columns. This content should be"
      text run at (0,1340) width 357: "split into two columns. This content should be split into"
      text run at (0,1360) width 324: "two columns. This content should be split into two"
      text run at (0,1380) width 359: "columns. This content should be split into two columns."
      text run at (0,1400) width 380: "This content should be split into two columns. This content"
      text run at (0,1420) width 362: "should be split into two columns. This content should be"
      text run at (0,1440) width 357: "split into two columns. This content should be split into"
      text run at (0,1460) width 324: "two columns. This content should be split into two"
      text run at (0,1480) width 359: "columns. This content should be split into two columns."
