layer at (0,0) size 800x600
  RenderView at (0,0) size 800x600
layer at (0,0) size 800x600
  RenderBlock {HTML} at (0,0) size 800x600
    RenderBody {BODY} at (8,8) size 784x576
layer at (8,8) size 784x160
  RenderBlock {P} at (0,0) size 784x160 [border: (10px solid #800000)]
    RenderMultiColumnSet at (30,30) size 724x100
layer at (38,38) size 231x260
  RenderMultiColumnFlowThread at (30,30) size 231x260
    RenderText {#text} at (0,0) size 165x19
      text run at (0,0) width 165: "This is some column text."
    RenderBR {BR} at (164,0) size 1x19
    RenderText {#text} at (0,20) size 165x19
      text run at (0,20) width 165: "This is some column text."
    RenderBR {BR} at (164,20) size 1x19
    RenderText {#text} at (0,40) size 165x19
      text run at (0,40) width 165: "This is some column text."
    RenderBR {BR} at (164,40) size 1x19
    RenderText {#text} at (0,60) size 165x19
      text run at (0,60) width 165: "This is some column text."
    RenderBR {BR} at (164,60) size 1x19
    RenderText {#text} at (0,80) size 165x19
      text run at (0,80) width 165: "This is some column text."
    RenderBR {BR} at (164,80) size 1x19
    RenderText {#text} at (0,100) size 165x19
      text run at (0,100) width 165: "This is some column text."
    RenderBR {BR} at (164,100) size 1x19
    RenderText {#text} at (0,120) size 165x19
      text run at (0,120) width 165: "This is some column text."
    RenderBR {BR} at (164,120) size 1x19
    RenderText {#text} at (0,140) size 165x19
      text run at (0,140) width 165: "This is some column text."
    RenderBR {BR} at (164,140) size 1x19
    RenderText {#text} at (0,160) size 165x19
      text run at (0,160) width 165: "This is some column text."
    RenderBR {BR} at (164,160) size 1x19
    RenderText {#text} at (0,180) size 165x19
      text run at (0,180) width 165: "This is some column text."
    RenderBR {BR} at (164,180) size 1x19
    RenderText {#text} at (0,200) size 165x19
      text run at (0,200) width 165: "This is some column text."
    RenderBR {BR} at (164,200) size 1x19
    RenderText {#text} at (0,220) size 165x19
      text run at (0,220) width 165: "This is some column text."
    RenderBR {BR} at (164,220) size 1x19
    RenderText {#text} at (0,240) size 165x19
      text run at (0,240) width 165: "This is some column text."
    RenderBR {BR} at (164,240) size 1x19
layer at (8,184) size 784x160
  RenderBlock {P} at (0,176) size 784x160 [border: (10px solid #800000)]
    RenderMultiColumnSet at (30,30) size 724x100
layer at (531,214) size 231x260
  RenderMultiColumnFlowThread at (523,30) size 231x260
    RenderText {#text} at (65,0) size 166x19
      text run at (65,0) width 5 RTL: "."
      text run at (69,0) width 162: "This is some column text"
    RenderBR {BR} at (65,0) size 1x19
    RenderText {#text} at (65,20) size 166x19
      text run at (65,20) width 5 RTL: "."
      text run at (69,20) width 162: "This is some column text"
    RenderBR {BR} at (65,20) size 1x19
    RenderText {#text} at (65,40) size 166x19
      text run at (65,40) width 5 RTL: "."
      text run at (69,40) width 162: "This is some column text"
    RenderBR {BR} at (65,40) size 1x19
    RenderText {#text} at (65,60) size 166x19
      text run at (65,60) width 5 RTL: "."
      text run at (69,60) width 162: "This is some column text"
    RenderBR {BR} at (65,60) size 1x19
    RenderText {#text} at (65,80) size 166x19
      text run at (65,80) width 5 RTL: "."
      text run at (69,80) width 162: "This is some column text"
    RenderBR {BR} at (65,80) size 1x19
    RenderText {#text} at (65,100) size 166x19
      text run at (65,100) width 5 RTL: "."
      text run at (69,100) width 162: "This is some column text"
    RenderBR {BR} at (65,100) size 1x19
    RenderText {#text} at (65,120) size 166x19
      text run at (65,120) width 5 RTL: "."
      text run at (69,120) width 162: "This is some column text"
    RenderBR {BR} at (65,120) size 1x19
    RenderText {#text} at (65,140) size 166x19
      text run at (65,140) width 5 RTL: "."
      text run at (69,140) width 162: "This is some column text"
    RenderBR {BR} at (65,140) size 1x19
    RenderText {#text} at (65,160) size 166x19
      text run at (65,160) width 5 RTL: "."
      text run at (69,160) width 162: "This is some column text"
    RenderBR {BR} at (65,160) size 1x19
    RenderText {#text} at (65,180) size 166x19
      text run at (65,180) width 5 RTL: "."
      text run at (69,180) width 162: "This is some column text"
    RenderBR {BR} at (65,180) size 1x19
    RenderText {#text} at (65,200) size 166x19
      text run at (65,200) width 5 RTL: "."
      text run at (69,200) width 162: "This is some column text"
    RenderBR {BR} at (65,200) size 1x19
    RenderText {#text} at (65,220) size 166x19
      text run at (65,220) width 5 RTL: "."
      text run at (69,220) width 162: "This is some column text"
    RenderBR {BR} at (65,220) size 1x19
    RenderText {#text} at (65,240) size 166x19
      text run at (65,240) width 5 RTL: "."
      text run at (69,240) width 162: "This is some column text"
    RenderBR {BR} at (65,240) size 1x19
