layer at (0,0) size 800x626
  RenderView at (0,0) size 800x600
layer at (0,0) size 800x626
  RenderBlock {HTML} at (0,0) size 800x626
    RenderBody {BODY} at (8,8) size 784x610
layer at (8,8) size 784x610
  RenderBlock {DIV} at (0,0) size 784x610 [border: (5px solid #000000)]
    RenderMultiColumnSet at (15,5) size 754x600
layer at (23,13) size 241x1760 backgroundClip at (0,0) size 800x626 clip at (0,0) size 800x626
  RenderMultiColumnFlowThread at (15,5) size 241x1760
    RenderText {#text} at (0,0) size 241x1759
      text run at (0,0) width 182: "Lorem ipsum dolor sit amet,"
      text run at (0,20) width 218: "consectetuer adipiscing elit. Nulla"
      text run at (0,40) width 184: "varius enim ac mi. Curabitur"
      text run at (0,60) width 237: "sollicitudin felis quis lectus. Quisque"
      text run at (0,80) width 229: "adipiscing rhoncus sem. Proin nulla"
      text run at (0,100) width 195: "purus, vulputate vel, varius ut,"
      text run at (0,120) width 224: "euismod et, nisi. Sed vitae felis vel"
      text run at (0,140) width 229: "orci sagittis aliquam. Cras convallis"
      text run at (0,160) width 204: "adipiscing sem. Nam nonummy"
      text run at (0,180) width 209: "enim. Nullam bibendum lobortis"
      text run at (0,200) width 235: "neque. Vestibulum velit orci, tempus"
      text run at (0,220) width 209: "euismod, pretium quis, interdum"
      text run at (0,240) width 217: "vitae, nulla. Phasellus eget ante et"
      text run at (0,260) width 207: "tortor condimentum vestibulum."
      text run at (0,280) width 206: "Suspendisse hendrerit quam nec"
      text run at (0,300) width 217: "felis. Sed varius turpis vitae pede."
      text run at (0,320) width 182: "Lorem ipsum dolor sit amet,"
      text run at (0,340) width 217: "consectetuer adipiscing elit. Proin"
      text run at (0,360) width 240: "bibendum justo ac enim. Class aptent"
      text run at (0,380) width 231: "taciti sociosqu ad litora torquent per"
      text run at (0,400) width 180: "conubia nostra, per inceptos"
      text run at (0,420) width 239: "hymenaeos. Sed leo nulla, rutrum eu,"
      text run at (0,440) width 217: "dictum ut, posuere vel, arcu. Nam"
      text run at (0,460) width 187: "libero. Morbi orci. Maecenas"
      text run at (0,480) width 210: "pellentesque. Curabitur erat erat,"
      text run at (0,500) width 234: "ullamcorper at, gravida vitae, iaculis"
      text run at (0,520) width 217: "vitae, elit. Nullam quam. Quisque"
      text run at (0,540) width 240: "orci lectus, ullamcorper eu, imperdiet"
      text run at (0,560) width 227: "sed, accumsan et, ligula. Duis diam"
      text run at (0,580) width 201: "nisl, sagittis a, blandit volutpat,"
      text run at (0,600) width 201: "interdum sed, velit. Vestibulum"
      text run at (0,620) width 199: "quam. Nulla a purus. Phasellus"
      text run at (0,640) width 182: "semper semper lectus. Nulla"
      text run at (0,660) width 218: "porttitor, dolor dictum scelerisque"
      text run at (0,680) width 241: "luctus, velit ipsum lobortis mauris, ac"
      text run at (0,700) width 222: "pretium enim nunc vel risus. Proin"
      text run at (0,720) width 208: "gravida mi ut sem cursus mattis."
      text run at (0,740) width 189: "Fusce laoreet, nisi quis luctus"
      text run at (0,760) width 224: "volutpat, arcu pede tincidunt enim,"
      text run at (0,780) width 213: "nec malesuada urna nisl eu enim."
      text run at (0,800) width 204: "Vivamus varius augue ac purus."
      text run at (0,820) width 232: "Vestibulum vestibulum. Phasellus et"
      text run at (0,840) width 210: "est vitae ante accumsan rhoncus."
      text run at (0,860) width 215: "Morbi convallis, arcu at hendrerit"
      text run at (0,880) width 223: "gravida, sem diam dignissim risus,"
      text run at (0,900) width 198: "sed aliquet erat mi ut mi. Nunc"
      text run at (0,920) width 186: "cursus lacinia elit. Nunc nisi."
      text run at (0,940) width 227: "Quisque at erat. Vestibulum dictum"
      text run at (0,960) width 240: "quam vitae nibh. Nunc vitae ante non"
      text run at (0,980) width 232: "odio interdum blandit. Curabitur leo"
      text run at (0,1000) width 212: "quam, fermentum sed, feugiat in,"
      text run at (0,1020) width 235: "ullamcorper id, nibh. Suspendisse ac"
      text run at (0,1040) width 208: "turpis. In iaculis sollicitudin dui."
      text run at (0,1060) width 197: "Aenean vitae lectus vitae nulla"
      text run at (0,1080) width 199: "pellentesque sollicitudin. Nunc"
      text run at (0,1100) width 229: "gravida pharetra lectus. Etiam lacus"
      text run at (0,1120) width 204: "ligula, placerat ut, dictum vitae,"
      text run at (0,1140) width 204: "tempus vel, risus. Cras rhoncus."
      text run at (0,1160) width 232: "Praesent varius ultricies orci. Donec"
      text run at (0,1180) width 237: "mattis, neque ut ornare fringilla, ante"
      text run at (0,1200) width 237: "urna placerat eros, vel commodo nisi"
      text run at (0,1220) width 223: "tortor ut mauris. Morbi magna dui,"
      text run at (0,1240) width 184: "sagittis sit amet, tincidunt et,"
      text run at (0,1260) width 191: "elementum eget, quam. Fusce"
      text run at (0,1280) width 236: "molestie nisl vitae nisi. Vestibulum a"
      text run at (0,1300) width 240: "sapien. Phasellus ante lacus, vehicula"
      text run at (0,1320) width 209: "non, cursus a, tempor ut, magna."
      text run at (0,1340) width 224: "Suspendisse potenti. Fusce aliquet,"
      text run at (0,1360) width 230: "odio viverra vulputate dictum, enim"
      text run at (0,1380) width 206: "odio luctus purus, ut scelerisque"
      text run at (0,1400) width 202: "quam nulla non est. Donec eros"
      text run at (0,1420) width 208: "lacus, egestas vitae, lacinia quis,"
      text run at (0,1440) width 224: "tempor quis, pede. Morbi orci erat,"
      text run at (0,1460) width 224: "iaculis id, ornare ac, elementum at,"
      text run at (0,1480) width 240: "sem. Nunc ornare sodales nisi. Morbi"
      text run at (0,1500) width 229: "interdum commodo nisl. Fusce eget"
      text run at (0,1520) width 213: "eros non nisi ornare facilisis. Sed"
      text run at (0,1540) width 216: "placerat, est non posuere posuere,"
      text run at (0,1560) width 238: "purus sem dignissim libero, a viverra"
      text run at (0,1580) width 221: "tellus dolor vel lorem. Cras augue."
      text run at (0,1600) width 199: "Etiam ultricies consequat odio."
      text run at (0,1620) width 209: "Mauris ac libero. Etiam posuere,"
      text run at (0,1640) width 220: "libero vitae euismod gravida, urna"
      text run at (0,1660) width 230: "elit imperdiet magna, vel cursus elit"
      text run at (0,1680) width 214: "felis non mauris. Donec orci erat,"
      text run at (0,1700) width 194: "porta id, dignissim ut, posuere"
      text run at (0,1720) width 234: "dictum, leo. Suspendisse scelerisque"
      text run at (0,1740) width 87: "egestas nulla."
