layer at (0,0) size 800x892
  RenderView at (0,0) size 800x600
layer at (0,0) size 800x892
  RenderBlock {HTML} at (0,0) size 800x892
    RenderBody {BODY} at (8,8) size 784x876
layer at (8,8) size 784x430
  RenderBlock {DIV} at (0,0) size 784x430 [border: (5px solid #0000FF)]
    RenderMultiColumnSet at (5,5) size 774x420
layer at (13,13) size 379x500
  RenderMultiColumnFlowThread at (5,5) size 379x500
    RenderBlock (anonymous) at (0,0) size 379x420
      RenderText {#text} at (0,0) size 113x19
        text run at (0,0) width 113: "This is some text."
      RenderBR {BR} at (112,0) size 1x19
      RenderText {#text} at (0,20) size 113x19
        text run at (0,20) width 113: "This is some text."
      RenderBR {BR} at (112,20) size 1x19
      RenderText {#text} at (0,40) size 113x19
        text run at (0,40) width 113: "This is some text."
      RenderBR {BR} at (112,40) size 1x19
      RenderText {#text} at (0,60) size 113x19
        text run at (0,60) width 113: "This is some text."
      RenderBR {BR} at (112,60) size 1x19
      RenderText {#text} at (0,80) size 113x19
        text run at (0,80) width 113: "This is some text."
      RenderBR {BR} at (112,80) size 1x19
      RenderText {#text} at (0,100) size 113x19
        text run at (0,100) width 113: "This is some text."
      RenderBR {BR} at (112,100) size 1x19
      RenderText {#text} at (0,120) size 113x19
        text run at (0,120) width 113: "This is some text."
      RenderBR {BR} at (112,120) size 1x19
      RenderText {#text} at (0,140) size 113x19
        text run at (0,140) width 113: "This is some text."
      RenderBR {BR} at (112,140) size 1x19
      RenderText {#text} at (0,160) size 113x19
        text run at (0,160) width 113: "This is some text."
      RenderBR {BR} at (112,160) size 1x19
      RenderText {#text} at (0,180) size 113x19
        text run at (0,180) width 113: "This is some text."
      RenderBR {BR} at (112,180) size 1x19
      RenderText {#text} at (0,200) size 113x19
        text run at (0,200) width 113: "This is some text."
      RenderBR {BR} at (112,200) size 1x19
      RenderText {#text} at (0,220) size 113x19
        text run at (0,220) width 113: "This is some text."
      RenderBR {BR} at (112,220) size 1x19
      RenderText {#text} at (0,240) size 113x19
        text run at (0,240) width 113: "This is some text."
      RenderBR {BR} at (112,240) size 1x19
      RenderText {#text} at (0,260) size 113x19
        text run at (0,260) width 113: "This is some text."
      RenderBR {BR} at (112,260) size 1x19
      RenderText {#text} at (0,280) size 113x19
        text run at (0,280) width 113: "This is some text."
      RenderBR {BR} at (112,280) size 1x19
      RenderText {#text} at (0,300) size 113x19
        text run at (0,300) width 113: "This is some text."
      RenderBR {BR} at (112,300) size 1x19
      RenderText {#text} at (0,320) size 113x19
        text run at (0,320) width 113: "This is some text."
      RenderBR {BR} at (112,320) size 1x19
      RenderText {#text} at (0,340) size 113x19
        text run at (0,340) width 113: "This is some text."
      RenderBR {BR} at (112,340) size 1x19
      RenderText {#text} at (0,360) size 113x19
        text run at (0,360) width 113: "This is some text."
      RenderBR {BR} at (112,360) size 1x19
      RenderText {#text} at (0,380) size 113x19
        text run at (0,380) width 113: "This is some text."
      RenderBR {BR} at (112,380) size 1x19
      RenderText {#text} at (0,400) size 113x19
        text run at (0,400) width 113: "This is some text."
      RenderBR {BR} at (112,400) size 1x19
    RenderBlock {DIV} at (0,420) size 379x80
      RenderText {#text} at (0,0) size 267x19
        text run at (0,0) width 267: "This text should be in the second column."
      RenderBR {BR} at (266,0) size 1x19
      RenderText {#text} at (0,20) size 267x19
        text run at (0,20) width 267: "This text should be in the second column."
      RenderBR {BR} at (266,20) size 1x19
      RenderText {#text} at (0,40) size 267x19
        text run at (0,40) width 267: "This text should be in the second column."
      RenderBR {BR} at (266,40) size 1x19
      RenderText {#text} at (0,60) size 267x19
        text run at (0,60) width 267: "This text should be in the second column."
      RenderBR {BR} at (266,60) size 1x19
layer at (8,454) size 784x430
  RenderBlock {DIV} at (0,446) size 784x430 [border: (5px solid #0000FF)]
    RenderMultiColumnSet at (5,5) size 774x420
layer at (13,459) size 379x840 backgroundClip at (0,0) size 800x892 clip at (0,0) size 800x892
  RenderMultiColumnFlowThread at (5,5) size 379x840
    RenderBlock (anonymous) at (0,0) size 379x80
      RenderText {#text} at (0,0) size 248x19
        text run at (0,0) width 248: "This text should be in the first column."
      RenderBR {BR} at (247,0) size 1x19
      RenderText {#text} at (0,20) size 248x19
        text run at (0,20) width 248: "This text should be in the first column."
      RenderBR {BR} at (247,20) size 1x19
      RenderText {#text} at (0,40) size 248x19
        text run at (0,40) width 248: "This text should be in the first column."
      RenderBR {BR} at (247,40) size 1x19
      RenderText {#text} at (0,60) size 248x19
        text run at (0,60) width 248: "This text should be in the first column."
      RenderBR {BR} at (247,60) size 1x19
    RenderBlock {DIV} at (0,420) size 379x420
      RenderText {#text} at (0,0) size 113x19
        text run at (0,0) width 113: "This is some text."
      RenderBR {BR} at (112,0) size 1x19
      RenderText {#text} at (0,20) size 113x19
        text run at (0,20) width 113: "This is some text."
      RenderBR {BR} at (112,20) size 1x19
      RenderText {#text} at (0,40) size 113x19
        text run at (0,40) width 113: "This is some text."
      RenderBR {BR} at (112,40) size 1x19
      RenderText {#text} at (0,60) size 113x19
        text run at (0,60) width 113: "This is some text."
      RenderBR {BR} at (112,60) size 1x19
      RenderText {#text} at (0,80) size 113x19
        text run at (0,80) width 113: "This is some text."
      RenderBR {BR} at (112,80) size 1x19
      RenderText {#text} at (0,100) size 113x19
        text run at (0,100) width 113: "This is some text."
      RenderBR {BR} at (112,100) size 1x19
      RenderText {#text} at (0,120) size 113x19
        text run at (0,120) width 113: "This is some text."
      RenderBR {BR} at (112,120) size 1x19
      RenderText {#text} at (0,140) size 113x19
        text run at (0,140) width 113: "This is some text."
      RenderBR {BR} at (112,140) size 1x19
      RenderText {#text} at (0,160) size 113x19
        text run at (0,160) width 113: "This is some text."
      RenderBR {BR} at (112,160) size 1x19
      RenderText {#text} at (0,180) size 113x19
        text run at (0,180) width 113: "This is some text."
      RenderBR {BR} at (112,180) size 1x19
      RenderText {#text} at (0,200) size 113x19
        text run at (0,200) width 113: "This is some text."
      RenderBR {BR} at (112,200) size 1x19
      RenderText {#text} at (0,220) size 113x19
        text run at (0,220) width 113: "This is some text."
      RenderBR {BR} at (112,220) size 1x19
      RenderText {#text} at (0,240) size 113x19
        text run at (0,240) width 113: "This is some text."
      RenderBR {BR} at (112,240) size 1x19
      RenderText {#text} at (0,260) size 113x19
        text run at (0,260) width 113: "This is some text."
      RenderBR {BR} at (112,260) size 1x19
      RenderText {#text} at (0,280) size 113x19
        text run at (0,280) width 113: "This is some text."
      RenderBR {BR} at (112,280) size 1x19
      RenderText {#text} at (0,300) size 113x19
        text run at (0,300) width 113: "This is some text."
      RenderBR {BR} at (112,300) size 1x19
      RenderText {#text} at (0,320) size 113x19
        text run at (0,320) width 113: "This is some text."
      RenderBR {BR} at (112,320) size 1x19
      RenderText {#text} at (0,340) size 113x19
        text run at (0,340) width 113: "This is some text."
      RenderBR {BR} at (112,340) size 1x19
      RenderText {#text} at (0,360) size 113x19
        text run at (0,360) width 113: "This is some text."
      RenderBR {BR} at (112,360) size 1x19
      RenderText {#text} at (0,380) size 113x19
        text run at (0,380) width 113: "This is some text."
      RenderBR {BR} at (112,380) size 1x19
      RenderText {#text} at (0,400) size 113x19
        text run at (0,400) width 113: "This is some text."
      RenderBR {BR} at (112,400) size 1x19
