layer at (0,0) size 1188x600
  RenderView at (0,0) size 800x600
layer at (0,0) size 800x600
  RenderBlock {HTML} at (0,0) size 800x600
    RenderBody {BODY} at (8,8) size 784x584
layer at (8,8) size 784x404
  RenderBlock {DIV} at (0,0) size 784x404 [border: (2px solid #000000)]
    RenderMultiColumnSet at (2,2) size 780x400
layer at (10,10) size 382x1000 backgroundClip at (0,0) size 1188x600 clip at (0,0) size 1188x600
  RenderMultiColumnFlowThread at (2,2) size 382x1000
    RenderText {#text} at (0,0) size 113x19
      text run at (0,0) width 113: "This is some text."
    RenderBR {BR} at (112,0) size 1x19
    RenderText {#text} at (0,20) size 113x19
      text run at (0,20) width 113: "This is some text."
    RenderBR {BR} at (112,20) size 1x19
    RenderText {#text} at (0,40) size 113x19
      text run at (0,40) width 113: "This is some text."
    RenderBR {BR} at (112,40) size 1x19
    RenderText {#text} at (0,60) size 113x19
      text run at (0,60) width 113: "This is some text."
    RenderBR {BR} at (112,60) size 1x19
    RenderText {#text} at (0,80) size 113x19
      text run at (0,80) width 113: "This is some text."
    RenderBR {BR} at (112,80) size 1x19
    RenderText {#text} at (0,100) size 113x19
      text run at (0,100) width 113: "This is some text."
    RenderBR {BR} at (112,100) size 1x19
    RenderText {#text} at (0,120) size 113x19
      text run at (0,120) width 113: "This is some text."
    RenderBR {BR} at (112,120) size 1x19
    RenderText {#text} at (0,140) size 113x19
      text run at (0,140) width 113: "This is some text."
    RenderBR {BR} at (112,140) size 1x19
    RenderText {#text} at (0,160) size 113x19
      text run at (0,160) width 113: "This is some text."
    RenderBR {BR} at (112,160) size 1x19
    RenderText {#text} at (0,180) size 113x19
      text run at (0,180) width 113: "This is some text."
    RenderBR {BR} at (112,180) size 1x19
    RenderImage {IMG} at (0,400) size 250x300 [bgcolor=#008000]
    RenderText {#text} at (250,400) size 113x19
      text run at (250,400) width 113: "This is some text."
    RenderBR {BR} at (362,400) size 1x19
    RenderText {#text} at (250,420) size 113x19
      text run at (250,420) width 113: "This is some text."
    RenderBR {BR} at (362,420) size 1x19
    RenderText {#text} at (250,440) size 113x19
      text run at (250,440) width 113: "This is some text."
    RenderBR {BR} at (362,440) size 1x19
    RenderText {#text} at (250,460) size 113x19
      text run at (250,460) width 113: "This is some text."
    RenderBR {BR} at (362,460) size 1x19
    RenderText {#text} at (250,480) size 113x19
      text run at (250,480) width 113: "This is some text."
    RenderBR {BR} at (362,480) size 1x19
    RenderText {#text} at (250,500) size 113x19
      text run at (250,500) width 113: "This is some text."
    RenderBR {BR} at (362,500) size 1x19
    RenderText {#text} at (250,520) size 113x19
      text run at (250,520) width 113: "This is some text."
    RenderBR {BR} at (362,520) size 1x19
    RenderText {#text} at (250,540) size 113x19
      text run at (250,540) width 113: "This is some text."
    RenderBR {BR} at (362,540) size 1x19
    RenderText {#text} at (250,560) size 113x19
      text run at (250,560) width 113: "This is some text."
    RenderBR {BR} at (362,560) size 1x19
    RenderText {#text} at (250,580) size 113x19
      text run at (250,580) width 113: "This is some text."
    RenderBR {BR} at (362,580) size 1x19
    RenderText {#text} at (250,600) size 113x19
      text run at (250,600) width 113: "This is some text."
    RenderBR {BR} at (362,600) size 1x19
    RenderText {#text} at (250,620) size 113x19
      text run at (250,620) width 113: "This is some text."
    RenderBR {BR} at (362,620) size 1x19
    RenderText {#text} at (250,640) size 113x19
      text run at (250,640) width 113: "This is some text."
    RenderBR {BR} at (362,640) size 1x19
    RenderText {#text} at (250,660) size 113x19
      text run at (250,660) width 113: "This is some text."
    RenderBR {BR} at (362,660) size 1x19
    RenderText {#text} at (250,680) size 113x19
      text run at (250,680) width 113: "This is some text."
    RenderBR {BR} at (362,680) size 1x19
    RenderText {#text} at (0,700) size 113x19
      text run at (0,700) width 113: "This is some text."
    RenderBR {BR} at (112,700) size 1x19
    RenderText {#text} at (0,720) size 113x19
      text run at (0,720) width 113: "This is some text."
    RenderBR {BR} at (112,720) size 1x19
    RenderText {#text} at (0,740) size 113x19
      text run at (0,740) width 113: "This is some text."
    RenderBR {BR} at (112,740) size 1x19
    RenderText {#text} at (0,760) size 113x19
      text run at (0,760) width 113: "This is some text."
    RenderBR {BR} at (112,760) size 1x19
    RenderText {#text} at (0,780) size 113x19
      text run at (0,780) width 113: "This is some text."
    RenderBR {BR} at (112,780) size 1x19
    RenderText {#text} at (0,800) size 113x19
      text run at (0,800) width 113: "This is some text."
    RenderBR {BR} at (112,800) size 1x19
    RenderText {#text} at (0,820) size 113x19
      text run at (0,820) width 113: "This is some text."
    RenderBR {BR} at (112,820) size 1x19
    RenderText {#text} at (0,840) size 113x19
      text run at (0,840) width 113: "This is some text."
    RenderBR {BR} at (112,840) size 1x19
    RenderText {#text} at (0,860) size 113x19
      text run at (0,860) width 113: "This is some text."
    RenderBR {BR} at (112,860) size 1x19
    RenderText {#text} at (0,880) size 113x19
      text run at (0,880) width 113: "This is some text."
    RenderBR {BR} at (112,880) size 1x19
    RenderText {#text} at (0,900) size 113x19
      text run at (0,900) width 113: "This is some text."
    RenderBR {BR} at (112,900) size 1x19
    RenderText {#text} at (0,920) size 113x19
      text run at (0,920) width 113: "This is some text."
    RenderBR {BR} at (112,920) size 1x19
    RenderText {#text} at (0,940) size 113x19
      text run at (0,940) width 113: "This is some text."
    RenderBR {BR} at (112,940) size 1x19
    RenderText {#text} at (0,960) size 113x19
      text run at (0,960) width 113: "This is some text."
    RenderBR {BR} at (112,960) size 1x19
    RenderText {#text} at (0,980) size 113x19
      text run at (0,980) width 113: "This is some text."
    RenderBR {BR} at (112,980) size 1x19
