layer at (0,0) size 800x600
  RenderView at (0,0) size 800x600
layer at (0,0) size 800x600
  RenderBlock {HTML} at (0,0) size 800x600
    RenderBody {BODY} at (8,8) size 784x584
      RenderBlock {P} at (0,0) size 784x60
        RenderText {#text} at (0,0) size 779x59
          text run at (0,0) width 779: "This test is ensuring we don't grow the height of a block improperly when a float has no line association (e.g., when it's at"
          text run at (0,20) width 755: "the end of a block). The complete dashed border should be in the first column, with none of it appearing in the second"
          text run at (0,40) width 52: "column."
layer at (8,84) size 784x400
  RenderBlock {DIV} at (0,76) size 784x400
    RenderMultiColumnSet at (0,0) size 784x400
layer at (8,84) size 384x600 backgroundClip at (0,0) size 800x600 clip at (0,0) size 800x600
  RenderMultiColumnFlowThread at (0,0) size 384x600
    RenderBlock {DIV} at (0,0) size 384x260 [border: (10px dashed #800000)]
      RenderText {#text} at (10,10) size 113x19
        text run at (10,10) width 113: "This is some text."
      RenderBR {BR} at (122,10) size 1x19
      RenderText {#text} at (10,30) size 113x19
        text run at (10,30) width 113: "This is some text."
      RenderBR {BR} at (122,30) size 1x19
      RenderText {#text} at (10,50) size 113x19
        text run at (10,50) width 113: "This is some text."
      RenderBR {BR} at (122,50) size 1x19
      RenderText {#text} at (10,70) size 113x19
        text run at (10,70) width 113: "This is some text."
      RenderBR {BR} at (122,70) size 1x19
      RenderText {#text} at (10,90) size 113x19
        text run at (10,90) width 113: "This is some text."
      RenderBR {BR} at (122,90) size 1x19
      RenderText {#text} at (10,110) size 113x19
        text run at (10,110) width 113: "This is some text."
      RenderBR {BR} at (122,110) size 1x19
      RenderText {#text} at (10,130) size 113x19
        text run at (10,130) width 113: "This is some text."
      RenderBR {BR} at (122,130) size 1x19
      RenderText {#text} at (10,150) size 113x19
        text run at (10,150) width 113: "This is some text."
      RenderBR {BR} at (122,150) size 1x19
      RenderText {#text} at (10,170) size 113x19
        text run at (10,170) width 113: "This is some text."
      RenderBR {BR} at (122,170) size 1x19
      RenderText {#text} at (10,190) size 113x19
        text run at (10,190) width 113: "This is some text."
      RenderBR {BR} at (122,190) size 1x19
      RenderText {#text} at (10,210) size 113x19
        text run at (10,210) width 113: "This is some text."
      RenderBR {BR} at (122,210) size 1x19
      RenderText {#text} at (10,230) size 113x19
        text run at (10,230) width 113: "This is some text."
      RenderBR {BR} at (122,230) size 1x19
      RenderImage {IMG} at (274,400) size 100x200 [bgcolor=#CCCCCC]
      RenderText {#text} at (0,0) size 0x0
