layer at (0,0) size 1188x1680
  RenderView at (0,0) size 800x600
layer at (0,0) size 800x1680
  RenderBlock {HTML} at (0,0) size 800x1680
    RenderBody {BODY} at (8,8) size 784x1664
layer at (8,8) size 784x404
  RenderBlock {DIV} at (0,0) size 784x404 [border: (2px solid #000000)]
    RenderMultiColumnSet at (2,2) size 780x400
layer at (10,10) size 382x936
  RenderMultiColumnFlowThread at (2,2) size 382x936
    RenderBlock (anonymous) at (0,0) size 382x280
      RenderText {#text} at (0,0) size 113x19
        text run at (0,0) width 113: "This is some text."
      RenderBR {BR} at (112,0) size 1x19
      RenderText {#text} at (0,20) size 113x19
        text run at (0,20) width 113: "This is some text."
      RenderBR {BR} at (112,20) size 1x19
      RenderText {#text} at (0,40) size 113x19
        text run at (0,40) width 113: "This is some text."
      RenderBR {BR} at (112,40) size 1x19
      RenderText {#text} at (0,60) size 113x19
        text run at (0,60) width 113: "This is some text."
      RenderBR {BR} at (112,60) size 1x19
      RenderText {#text} at (0,80) size 113x19
        text run at (0,80) width 113: "This is some text."
      RenderBR {BR} at (112,80) size 1x19
      RenderText {#text} at (0,100) size 113x19
        text run at (0,100) width 113: "This is some text."
      RenderBR {BR} at (112,100) size 1x19
      RenderText {#text} at (0,120) size 113x19
        text run at (0,120) width 113: "This is some text."
      RenderBR {BR} at (112,120) size 1x19
      RenderText {#text} at (0,140) size 113x19
        text run at (0,140) width 113: "This is some text."
      RenderBR {BR} at (112,140) size 1x19
      RenderText {#text} at (0,160) size 113x19
        text run at (0,160) width 113: "This is some text."
      RenderBR {BR} at (112,160) size 1x19
      RenderText {#text} at (0,180) size 113x19
        text run at (0,180) width 113: "This is some text."
      RenderBR {BR} at (112,180) size 1x19
      RenderText {#text} at (0,200) size 113x19
        text run at (0,200) width 113: "This is some text."
      RenderBR {BR} at (112,200) size 1x19
      RenderText {#text} at (0,220) size 113x19
        text run at (0,220) width 113: "This is some text."
      RenderBR {BR} at (112,220) size 1x19
      RenderText {#text} at (0,240) size 113x19
        text run at (0,240) width 113: "This is some text."
      RenderBR {BR} at (112,240) size 1x19
      RenderText {#text} at (0,260) size 113x19
        text run at (0,260) width 113: "This is some text."
      RenderBR {BR} at (112,260) size 1x19
    RenderBlock {P} at (0,296) size 382x624
      RenderBlock (floating) {SPAN} at (0,104) size 79x149
        RenderText {#text} at (0,3) size 79x143
          text run at (0,3) width 79: "T"
      RenderText {#text} at (78,104) size 104x19
        text run at (78,104) width 104: "his is some text."
      RenderBR {BR} at (181,104) size 1x19
      RenderText {#text} at (78,124) size 114x19
        text run at (78,124) width 114: "This is some text."
      RenderBR {BR} at (191,124) size 1x19
      RenderText {#text} at (78,144) size 114x19
        text run at (78,144) width 114: "This is some text."
      RenderBR {BR} at (191,144) size 1x19
      RenderText {#text} at (78,164) size 114x19
        text run at (78,164) width 114: "This is some text."
      RenderBR {BR} at (191,164) size 1x19
      RenderText {#text} at (78,184) size 114x19
        text run at (78,184) width 114: "This is some text."
      RenderBR {BR} at (191,184) size 1x19
      RenderText {#text} at (78,204) size 114x19
        text run at (78,204) width 114: "This is some text."
      RenderBR {BR} at (191,204) size 1x19
      RenderText {#text} at (78,224) size 114x19
        text run at (78,224) width 114: "This is some text."
      RenderBR {BR} at (191,224) size 1x19
      RenderText {#text} at (78,244) size 114x19
        text run at (78,244) width 114: "This is some text."
      RenderBR {BR} at (191,244) size 1x19
      RenderText {#text} at (0,264) size 113x19
        text run at (0,264) width 113: "This is some text."
      RenderBR {BR} at (112,264) size 1x19
      RenderText {#text} at (0,284) size 113x19
        text run at (0,284) width 113: "This is some text."
      RenderBR {BR} at (112,284) size 1x19
      RenderText {#text} at (0,304) size 113x19
        text run at (0,304) width 113: "This is some text."
      RenderBR {BR} at (112,304) size 1x19
      RenderText {#text} at (0,324) size 113x19
        text run at (0,324) width 113: "This is some text."
      RenderBR {BR} at (112,324) size 1x19
      RenderText {#text} at (0,344) size 113x19
        text run at (0,344) width 113: "This is some text."
      RenderBR {BR} at (112,344) size 1x19
      RenderText {#text} at (0,364) size 113x19
        text run at (0,364) width 113: "This is some text."
      RenderBR {BR} at (112,364) size 1x19
      RenderText {#text} at (0,384) size 113x19
        text run at (0,384) width 113: "This is some text."
      RenderBR {BR} at (112,384) size 1x19
      RenderText {#text} at (0,404) size 113x19
        text run at (0,404) width 113: "This is some text."
      RenderBR {BR} at (112,404) size 1x19
      RenderText {#text} at (0,424) size 113x19
        text run at (0,424) width 113: "This is some text."
      RenderBR {BR} at (112,424) size 1x19
      RenderText {#text} at (0,444) size 113x19
        text run at (0,444) width 113: "This is some text."
      RenderBR {BR} at (112,444) size 1x19
      RenderText {#text} at (0,464) size 113x19
        text run at (0,464) width 113: "This is some text."
      RenderBR {BR} at (112,464) size 1x19
      RenderText {#text} at (0,484) size 113x19
        text run at (0,484) width 113: "This is some text."
      RenderBR {BR} at (112,484) size 1x19
      RenderText {#text} at (0,504) size 113x19
        text run at (0,504) width 113: "This is some text."
      RenderBR {BR} at (112,504) size 1x19
      RenderText {#text} at (0,524) size 113x19
        text run at (0,524) width 113: "This is some text."
      RenderBR {BR} at (112,524) size 1x19
      RenderText {#text} at (0,544) size 113x19
        text run at (0,544) width 113: "This is some text."
      RenderBR {BR} at (112,544) size 1x19
      RenderText {#text} at (0,564) size 113x19
        text run at (0,564) width 113: "This is some text."
      RenderBR {BR} at (112,564) size 1x19
      RenderText {#text} at (0,584) size 113x19
        text run at (0,584) width 113: "This is some text."
      RenderBR {BR} at (112,584) size 1x19
      RenderText {#text} at (0,604) size 113x19
        text run at (0,604) width 113: "This is some text."
      RenderBR {BR} at (112,604) size 1x19
layer at (8,428) size 784x404
  RenderBlock {DIV} at (0,420) size 784x404 [border: (2px solid #000000)]
    RenderMultiColumnSet at (2,2) size 780x400
layer at (10,430) size 382x936
  RenderMultiColumnFlowThread at (2,2) size 382x936
    RenderBlock (anonymous) at (0,0) size 382x280
      RenderText {#text} at (0,0) size 113x19
        text run at (0,0) width 113: "This is some text."
      RenderBR {BR} at (112,0) size 1x19
      RenderText {#text} at (0,20) size 113x19
        text run at (0,20) width 113: "This is some text."
      RenderBR {BR} at (112,20) size 1x19
      RenderText {#text} at (0,40) size 113x19
        text run at (0,40) width 113: "This is some text."
      RenderBR {BR} at (112,40) size 1x19
      RenderText {#text} at (0,60) size 113x19
        text run at (0,60) width 113: "This is some text."
      RenderBR {BR} at (112,60) size 1x19
      RenderText {#text} at (0,80) size 113x19
        text run at (0,80) width 113: "This is some text."
      RenderBR {BR} at (112,80) size 1x19
      RenderText {#text} at (0,100) size 113x19
        text run at (0,100) width 113: "This is some text."
      RenderBR {BR} at (112,100) size 1x19
      RenderText {#text} at (0,120) size 113x19
        text run at (0,120) width 113: "This is some text."
      RenderBR {BR} at (112,120) size 1x19
      RenderText {#text} at (0,140) size 113x19
        text run at (0,140) width 113: "This is some text."
      RenderBR {BR} at (112,140) size 1x19
      RenderText {#text} at (0,160) size 113x19
        text run at (0,160) width 113: "This is some text."
      RenderBR {BR} at (112,160) size 1x19
      RenderText {#text} at (0,180) size 113x19
        text run at (0,180) width 113: "This is some text."
      RenderBR {BR} at (112,180) size 1x19
      RenderText {#text} at (0,200) size 113x19
        text run at (0,200) width 113: "This is some text."
      RenderBR {BR} at (112,200) size 1x19
      RenderText {#text} at (0,220) size 113x19
        text run at (0,220) width 113: "This is some text."
      RenderBR {BR} at (112,220) size 1x19
      RenderText {#text} at (0,240) size 113x19
        text run at (0,240) width 113: "This is some text."
      RenderBR {BR} at (112,240) size 1x19
      RenderText {#text} at (0,260) size 113x19
        text run at (0,260) width 113: "This is some text."
      RenderBR {BR} at (112,260) size 1x19
    RenderBlock {P} at (0,296) size 382x624
      RenderImage {IMG} at (0,104) size 100x100 [bgcolor=#008000]
      RenderImage {IMG} at (282,104) size 100x200 [bgcolor=#008000]
      RenderText {#text} at (100,104) size 109x19
        text run at (100,104) width 109: "This is some text"
      RenderBR {BR} at (208,104) size 1x19
      RenderText {#text} at (100,124) size 113x19
        text run at (100,124) width 113: "This is some text."
      RenderBR {BR} at (212,124) size 1x19
      RenderText {#text} at (100,144) size 113x19
        text run at (100,144) width 113: "This is some text."
      RenderBR {BR} at (212,144) size 1x19
      RenderText {#text} at (100,164) size 113x19
        text run at (100,164) width 113: "This is some text."
      RenderBR {BR} at (212,164) size 1x19
      RenderText {#text} at (100,184) size 113x19
        text run at (100,184) width 113: "This is some text."
      RenderBR {BR} at (212,184) size 1x19
      RenderText {#text} at (0,204) size 113x19
        text run at (0,204) width 113: "This is some text."
      RenderBR {BR} at (112,204) size 1x19
      RenderText {#text} at (0,224) size 113x19
        text run at (0,224) width 113: "This is some text."
      RenderBR {BR} at (112,224) size 1x19
      RenderText {#text} at (0,244) size 113x19
        text run at (0,244) width 113: "This is some text."
      RenderBR {BR} at (112,244) size 1x19
      RenderText {#text} at (0,264) size 113x19
        text run at (0,264) width 113: "This is some text."
      RenderBR {BR} at (112,264) size 1x19
      RenderText {#text} at (0,284) size 113x19
        text run at (0,284) width 113: "This is some text."
      RenderBR {BR} at (112,284) size 1x19
      RenderText {#text} at (0,304) size 113x19
        text run at (0,304) width 113: "This is some text."
      RenderBR {BR} at (112,304) size 1x19
      RenderText {#text} at (0,324) size 113x19
        text run at (0,324) width 113: "This is some text."
      RenderBR {BR} at (112,324) size 1x19
      RenderText {#text} at (0,344) size 113x19
        text run at (0,344) width 113: "This is some text."
      RenderBR {BR} at (112,344) size 1x19
      RenderText {#text} at (0,364) size 113x19
        text run at (0,364) width 113: "This is some text."
      RenderBR {BR} at (112,364) size 1x19
      RenderText {#text} at (0,384) size 113x19
        text run at (0,384) width 113: "This is some text."
      RenderBR {BR} at (112,384) size 1x19
      RenderText {#text} at (0,404) size 113x19
        text run at (0,404) width 113: "This is some text."
      RenderBR {BR} at (112,404) size 1x19
      RenderText {#text} at (0,424) size 113x19
        text run at (0,424) width 113: "This is some text."
      RenderBR {BR} at (112,424) size 1x19
      RenderText {#text} at (0,444) size 113x19
        text run at (0,444) width 113: "This is some text."
      RenderBR {BR} at (112,444) size 1x19
      RenderText {#text} at (0,464) size 113x19
        text run at (0,464) width 113: "This is some text."
      RenderBR {BR} at (112,464) size 1x19
      RenderText {#text} at (0,484) size 113x19
        text run at (0,484) width 113: "This is some text."
      RenderBR {BR} at (112,484) size 1x19
      RenderText {#text} at (0,504) size 113x19
        text run at (0,504) width 113: "This is some text."
      RenderBR {BR} at (112,504) size 1x19
      RenderText {#text} at (0,524) size 113x19
        text run at (0,524) width 113: "This is some text."
      RenderBR {BR} at (112,524) size 1x19
      RenderText {#text} at (0,544) size 113x19
        text run at (0,544) width 113: "This is some text."
      RenderBR {BR} at (112,544) size 1x19
      RenderText {#text} at (0,564) size 113x19
        text run at (0,564) width 113: "This is some text."
      RenderBR {BR} at (112,564) size 1x19
      RenderText {#text} at (0,584) size 113x19
        text run at (0,584) width 113: "This is some text."
      RenderBR {BR} at (112,584) size 1x19
      RenderText {#text} at (0,604) size 113x19
        text run at (0,604) width 113: "This is some text."
      RenderBR {BR} at (112,604) size 1x19
layer at (8,848) size 784x404
  RenderBlock {DIV} at (0,840) size 784x404 [border: (2px solid #000000)]
    RenderMultiColumnSet at (2,2) size 780x400
layer at (10,850) size 382x440
  RenderMultiColumnFlowThread at (2,2) size 382x440
    RenderImage {IMG} at (0,0) size 300x390 [bgcolor=#008000]
    RenderText {#text} at (300,0) size 375x439
      text run at (300,0) width 75: "Longer text"
      text run at (300,20) width 74: "designed to"
      text run at (300,40) width 56: "test float"
      text run at (300,60) width 24: "and"
      text run at (300,80) width 61: "wrapping"
      text run at (300,100) width 60: "behavior."
      text run at (300,120) width 75: "Longer text"
      text run at (300,140) width 74: "designed to"
      text run at (300,160) width 56: "test float"
      text run at (300,180) width 24: "and"
      text run at (300,200) width 61: "wrapping"
      text run at (300,220) width 60: "behavior."
      text run at (300,240) width 75: "Longer text"
      text run at (300,260) width 74: "designed to"
      text run at (300,280) width 56: "test float"
      text run at (300,300) width 24: "and"
      text run at (300,320) width 61: "wrapping"
      text run at (300,340) width 60: "behavior."
      text run at (300,360) width 75: "Longer text"
      text run at (300,380) width 74: "designed to"
      text run at (0,400) width 366: "test float and wrapping behavior. Longer text designed to"
      text run at (0,420) width 211: "test float and wrapping behavior."
layer at (8,1268) size 784x404
  RenderBlock {DIV} at (0,1260) size 784x404 [border: (2px solid #000000)]
    RenderMultiColumnSet at (2,2) size 780x400
layer at (10,1270) size 382x670 backgroundClip at (0,0) size 1188x1680 clip at (0,0) size 1188x1680
  RenderMultiColumnFlowThread at (2,2) size 382x670
    RenderImage {IMG} at (0,0) size 382x380 [bgcolor=#0000FF]
    RenderInline {SPAN} at (0,0) size 379x268
      RenderImage {IMG} at (0,400) size 100x20 [bgcolor=#008000]
      RenderText {#text} at (100,401) size 209x28
        text run at (100,401) width 209: "Longer text designed "
      RenderImage {IMG} at (282,430) size 100x20 [bgcolor=#008000]
      RenderText {#text} at (308,401) size 379x268
        text run at (308,401) width 59: "to test"
        text run at (0,431) width 276: "float and wrapping behavior."
        text run at (0,461) width 358: "Longer text designed to test float and"
        text run at (0,491) width 303: "wrapping behavior. Longer text"
        text run at (0,521) width 337: "designed to test float and wrapping"
        text run at (0,551) width 362: "behavior. Longer text designed to test"
        text run at (0,581) width 352: "float and wrapping behavior. Longer"
        text run at (0,611) width 379: "text designed to test float and wrapping"
        text run at (0,641) width 89: "behavior."
    RenderText {#text} at (0,0) size 0x0
