layer at (0,0) size 1314x676
  RenderView at (0,0) size 800x600
layer at (0,0) size 800x676
  RenderBlock {HTML} at (0,0) size 800x676
    RenderBody {BODY} at (8,8) size 784x660
      RenderBlock (anonymous) at (0,0) size 784x20
        RenderText {#text} at (0,0) size 87x19
          text run at (0,0) width 87: "LTR Version:"
      RenderBlock (anonymous) at (0,330) size 784x20
        RenderText {#text} at (0,0) size 86x19
          text run at (0,0) width 86: "RTL Version:"
layer at (8,28) size 784x310
  RenderBlock {DIV} at (0,20) size 784x310 [border: (5px solid #800000)]
    RenderMultiColumnSet at (5,5) size 774x300
layer at (13,33) size 247x1440 backgroundClip at (0,0) size 1314x676 clip at (0,0) size 1314x676
  RenderMultiColumnFlowThread at (5,5) size 248x1440
    RenderBlock (anonymous) at (0,0) size 248x260
      RenderText {#text} at (0,0) size 109x19
        text run at (0,0) width 109: "This is some text"
      RenderBR {BR} at (108,0) size 1x19
      RenderText {#text} at (0,20) size 109x19
        text run at (0,20) width 109: "This is some text"
      RenderBR {BR} at (108,20) size 1x19
      RenderText {#text} at (0,40) size 109x19
        text run at (0,40) width 109: "This is some text"
      RenderBR {BR} at (108,40) size 1x19
      RenderText {#text} at (0,60) size 109x19
        text run at (0,60) width 109: "This is some text"
      RenderBR {BR} at (108,60) size 1x19
      RenderText {#text} at (0,80) size 109x19
        text run at (0,80) width 109: "This is some text"
      RenderBR {BR} at (108,80) size 1x19
      RenderText {#text} at (0,100) size 109x19
        text run at (0,100) width 109: "This is some text"
      RenderBR {BR} at (108,100) size 1x19
      RenderText {#text} at (0,120) size 109x19
        text run at (0,120) width 109: "This is some text"
      RenderBR {BR} at (108,120) size 1x19
      RenderText {#text} at (0,140) size 109x19
        text run at (0,140) width 109: "This is some text"
      RenderBR {BR} at (108,140) size 1x19
      RenderText {#text} at (0,160) size 109x19
        text run at (0,160) width 109: "This is some text"
      RenderBR {BR} at (108,160) size 1x19
      RenderText {#text} at (0,180) size 109x19
        text run at (0,180) width 109: "This is some text"
      RenderBR {BR} at (108,180) size 1x19
      RenderText {#text} at (0,200) size 109x19
        text run at (0,200) width 109: "This is some text"
      RenderBR {BR} at (108,200) size 1x19
      RenderText {#text} at (0,220) size 109x19
        text run at (0,220) width 109: "This is some text"
      RenderBR {BR} at (108,220) size 1x19
      RenderText {#text} at (0,240) size 109x19
        text run at (0,240) width 109: "This is some text"
      RenderBR {BR} at (108,240) size 1x19
    RenderBlock {DIV} at (0,300) size 248x270
      RenderText {#text} at (0,0) size 0x0
    RenderBlock (anonymous) at (0,570) size 248x570
      RenderText {#text} at (0,0) size 109x19
        text run at (0,0) width 109: "This is some text"
      RenderBR {BR} at (108,0) size 1x19
      RenderText {#text} at (0,30) size 109x19
        text run at (0,30) width 109: "This is some text"
      RenderBR {BR} at (108,30) size 1x19
      RenderText {#text} at (0,50) size 109x19
        text run at (0,50) width 109: "This is some text"
      RenderBR {BR} at (108,50) size 1x19
      RenderText {#text} at (0,70) size 109x19
        text run at (0,70) width 109: "This is some text"
      RenderBR {BR} at (108,70) size 1x19
      RenderText {#text} at (0,90) size 109x19
        text run at (0,90) width 109: "This is some text"
      RenderBR {BR} at (108,90) size 1x19
      RenderText {#text} at (0,110) size 109x19
        text run at (0,110) width 109: "This is some text"
      RenderBR {BR} at (108,110) size 1x19
      RenderText {#text} at (0,130) size 109x19
        text run at (0,130) width 109: "This is some text"
      RenderBR {BR} at (108,130) size 1x19
      RenderText {#text} at (0,150) size 109x19
        text run at (0,150) width 109: "This is some text"
      RenderBR {BR} at (108,150) size 1x19
      RenderText {#text} at (0,170) size 109x19
        text run at (0,170) width 109: "This is some text"
      RenderBR {BR} at (108,170) size 1x19
      RenderText {#text} at (0,190) size 109x19
        text run at (0,190) width 109: "This is some text"
      RenderBR {BR} at (108,190) size 1x19
      RenderText {#text} at (0,210) size 109x19
        text run at (0,210) width 109: "This is some text"
      RenderBR {BR} at (108,210) size 1x19
      RenderText {#text} at (0,230) size 109x19
        text run at (0,230) width 109: "This is some text"
      RenderBR {BR} at (108,230) size 1x19
      RenderText {#text} at (0,250) size 109x19
        text run at (0,250) width 109: "This is some text"
      RenderBR {BR} at (108,250) size 1x19
      RenderText {#text} at (0,270) size 109x19
        text run at (0,270) width 109: "This is some text"
      RenderBR {BR} at (108,270) size 1x19
      RenderText {#text} at (0,290) size 109x19
        text run at (0,290) width 109: "This is some text"
      RenderBR {BR} at (108,290) size 1x19
      RenderText {#text} at (0,310) size 109x19
        text run at (0,310) width 109: "This is some text"
      RenderBR {BR} at (108,310) size 1x19
      RenderText {#text} at (0,330) size 109x19
        text run at (0,330) width 109: "This is some text"
      RenderBR {BR} at (108,330) size 1x19
      RenderText {#text} at (0,350) size 109x19
        text run at (0,350) width 109: "This is some text"
      RenderBR {BR} at (108,350) size 1x19
      RenderText {#text} at (0,370) size 109x19
        text run at (0,370) width 109: "This is some text"
      RenderBR {BR} at (108,370) size 1x19
      RenderText {#text} at (0,390) size 109x19
        text run at (0,390) width 109: "This is some text"
      RenderBR {BR} at (108,390) size 1x19
      RenderText {#text} at (0,410) size 109x19
        text run at (0,410) width 109: "This is some text"
      RenderBR {BR} at (108,410) size 1x19
      RenderText {#text} at (0,430) size 109x19
        text run at (0,430) width 109: "This is some text"
      RenderBR {BR} at (108,430) size 1x19
      RenderText {#text} at (0,450) size 109x19
        text run at (0,450) width 109: "This is some text"
      RenderBR {BR} at (108,450) size 1x19
      RenderText {#text} at (0,470) size 109x19
        text run at (0,470) width 109: "This is some text"
      RenderBR {BR} at (108,470) size 1x19
      RenderText {#text} at (0,490) size 109x19
        text run at (0,490) width 109: "This is some text"
      RenderBR {BR} at (108,490) size 1x19
      RenderText {#text} at (0,510) size 109x19
        text run at (0,510) width 109: "This is some text"
      RenderBR {BR} at (108,510) size 1x19
      RenderText {#text} at (0,530) size 109x19
        text run at (0,530) width 109: "This is some text"
      RenderBR {BR} at (108,530) size 1x19
      RenderText {#text} at (0,0) size 0x0
    RenderBlock (anonymous) at (0,1160) size 248x280
      RenderText {#text} at (0,0) size 109x19
        text run at (0,0) width 109: "This is some text"
      RenderBR {BR} at (108,0) size 1x19
      RenderText {#text} at (0,20) size 109x19
        text run at (0,20) width 109: "This is some text"
      RenderBR {BR} at (108,20) size 1x19
      RenderText {#text} at (0,40) size 109x19
        text run at (0,40) width 109: "This is some text"
      RenderBR {BR} at (108,40) size 1x19
      RenderText {#text} at (0,60) size 109x19
        text run at (0,60) width 109: "This is some text"
      RenderBR {BR} at (108,60) size 1x19
      RenderText {#text} at (0,80) size 109x19
        text run at (0,80) width 109: "This is some text"
      RenderBR {BR} at (108,80) size 1x19
      RenderText {#text} at (0,100) size 109x19
        text run at (0,100) width 109: "This is some text"
      RenderBR {BR} at (108,100) size 1x19
      RenderText {#text} at (0,120) size 109x19
        text run at (0,120) width 109: "This is some text"
      RenderBR {BR} at (108,120) size 1x19
      RenderText {#text} at (0,140) size 109x19
        text run at (0,140) width 109: "This is some text"
      RenderBR {BR} at (108,140) size 1x19
      RenderText {#text} at (0,160) size 109x19
        text run at (0,160) width 109: "This is some text"
      RenderBR {BR} at (108,160) size 1x19
      RenderText {#text} at (0,180) size 109x19
        text run at (0,180) width 109: "This is some text"
      RenderBR {BR} at (108,180) size 1x19
      RenderText {#text} at (0,200) size 109x19
        text run at (0,200) width 109: "This is some text"
      RenderBR {BR} at (108,200) size 1x19
      RenderText {#text} at (0,220) size 109x19
        text run at (0,220) width 109: "This is some text"
      RenderBR {BR} at (108,220) size 1x19
      RenderText {#text} at (0,240) size 109x19
        text run at (0,240) width 109: "This is some text"
      RenderBR {BR} at (108,240) size 1x19
      RenderText {#text} at (0,260) size 109x19
        text run at (0,260) width 109: "This is some text"
      RenderBR {BR} at (108,260) size 1x19
layer at (8,358) size 784x310
  RenderBlock {DIV} at (0,350) size 784x310 [border: (5px solid #800000)]
    RenderMultiColumnSet at (5,5) size 774x300
layer at (540,363) size 247x1440 backgroundClip at (0,0) size 1314x676 clip at (0,0) size 1314x676
  RenderMultiColumnFlowThread at (531,5) size 248x1440
    RenderBlock (anonymous) at (0,0) size 248x260
      RenderText {#text} at (138,0) size 110x19
        text run at (138,0) width 110: "This is some text"
      RenderBR {BR} at (138,0) size 1x19
      RenderText {#text} at (138,20) size 110x19
        text run at (138,20) width 110: "This is some text"
      RenderBR {BR} at (138,20) size 1x19
      RenderText {#text} at (138,40) size 110x19
        text run at (138,40) width 110: "This is some text"
      RenderBR {BR} at (138,40) size 1x19
      RenderText {#text} at (138,60) size 110x19
        text run at (138,60) width 110: "This is some text"
      RenderBR {BR} at (138,60) size 1x19
      RenderText {#text} at (138,80) size 110x19
        text run at (138,80) width 110: "This is some text"
      RenderBR {BR} at (138,80) size 1x19
      RenderText {#text} at (138,100) size 110x19
        text run at (138,100) width 110: "This is some text"
      RenderBR {BR} at (138,100) size 1x19
      RenderText {#text} at (138,120) size 110x19
        text run at (138,120) width 110: "This is some text"
      RenderBR {BR} at (138,120) size 1x19
      RenderText {#text} at (138,140) size 110x19
        text run at (138,140) width 110: "This is some text"
      RenderBR {BR} at (138,140) size 1x19
      RenderText {#text} at (138,160) size 110x19
        text run at (138,160) width 110: "This is some text"
      RenderBR {BR} at (138,160) size 1x19
      RenderText {#text} at (138,180) size 110x19
        text run at (138,180) width 110: "This is some text"
      RenderBR {BR} at (138,180) size 1x19
      RenderText {#text} at (138,200) size 110x19
        text run at (138,200) width 110: "This is some text"
      RenderBR {BR} at (138,200) size 1x19
      RenderText {#text} at (138,220) size 110x19
        text run at (138,220) width 110: "This is some text"
      RenderBR {BR} at (138,220) size 1x19
      RenderText {#text} at (138,240) size 110x19
        text run at (138,240) width 110: "This is some text"
      RenderBR {BR} at (138,240) size 1x19
    RenderBlock {DIV} at (0,300) size 248x270
      RenderText {#text} at (0,0) size 0x0
    RenderBlock (anonymous) at (0,570) size 248x570
      RenderText {#text} at (138,0) size 110x19
        text run at (138,0) width 110: "This is some text"
      RenderBR {BR} at (138,0) size 1x19
      RenderText {#text} at (138,30) size 110x19
        text run at (138,30) width 110: "This is some text"
      RenderBR {BR} at (138,30) size 1x19
      RenderText {#text} at (138,50) size 110x19
        text run at (138,50) width 110: "This is some text"
      RenderBR {BR} at (138,50) size 1x19
      RenderText {#text} at (138,70) size 110x19
        text run at (138,70) width 110: "This is some text"
      RenderBR {BR} at (138,70) size 1x19
      RenderText {#text} at (138,90) size 110x19
        text run at (138,90) width 110: "This is some text"
      RenderBR {BR} at (138,90) size 1x19
      RenderText {#text} at (138,110) size 110x19
        text run at (138,110) width 110: "This is some text"
      RenderBR {BR} at (138,110) size 1x19
      RenderText {#text} at (138,130) size 110x19
        text run at (138,130) width 110: "This is some text"
      RenderBR {BR} at (138,130) size 1x19
      RenderText {#text} at (138,150) size 110x19
        text run at (138,150) width 110: "This is some text"
      RenderBR {BR} at (138,150) size 1x19
      RenderText {#text} at (138,170) size 110x19
        text run at (138,170) width 110: "This is some text"
      RenderBR {BR} at (138,170) size 1x19
      RenderText {#text} at (138,190) size 110x19
        text run at (138,190) width 110: "This is some text"
      RenderBR {BR} at (138,190) size 1x19
      RenderText {#text} at (138,210) size 110x19
        text run at (138,210) width 110: "This is some text"
      RenderBR {BR} at (138,210) size 1x19
      RenderText {#text} at (138,230) size 110x19
        text run at (138,230) width 110: "This is some text"
      RenderBR {BR} at (138,230) size 1x19
      RenderText {#text} at (138,250) size 110x19
        text run at (138,250) width 110: "This is some text"
      RenderBR {BR} at (138,250) size 1x19
      RenderText {#text} at (138,270) size 110x19
        text run at (138,270) width 110: "This is some text"
      RenderBR {BR} at (138,270) size 1x19
      RenderText {#text} at (138,290) size 110x19
        text run at (138,290) width 110: "This is some text"
      RenderBR {BR} at (138,290) size 1x19
      RenderText {#text} at (138,310) size 110x19
        text run at (138,310) width 110: "This is some text"
      RenderBR {BR} at (138,310) size 1x19
      RenderText {#text} at (138,330) size 110x19
        text run at (138,330) width 110: "This is some text"
      RenderBR {BR} at (138,330) size 1x19
      RenderText {#text} at (138,350) size 110x19
        text run at (138,350) width 110: "This is some text"
      RenderBR {BR} at (138,350) size 1x19
      RenderText {#text} at (138,370) size 110x19
        text run at (138,370) width 110: "This is some text"
      RenderBR {BR} at (138,370) size 1x19
      RenderText {#text} at (138,390) size 110x19
        text run at (138,390) width 110: "This is some text"
      RenderBR {BR} at (138,390) size 1x19
      RenderText {#text} at (138,410) size 110x19
        text run at (138,410) width 110: "This is some text"
      RenderBR {BR} at (138,410) size 1x19
      RenderText {#text} at (138,430) size 110x19
        text run at (138,430) width 110: "This is some text"
      RenderBR {BR} at (138,430) size 1x19
      RenderText {#text} at (138,450) size 110x19
        text run at (138,450) width 110: "This is some text"
      RenderBR {BR} at (138,450) size 1x19
      RenderText {#text} at (138,470) size 110x19
        text run at (138,470) width 110: "This is some text"
      RenderBR {BR} at (138,470) size 1x19
      RenderText {#text} at (138,490) size 110x19
        text run at (138,490) width 110: "This is some text"
      RenderBR {BR} at (138,490) size 1x19
      RenderText {#text} at (138,510) size 110x19
        text run at (138,510) width 110: "This is some text"
      RenderBR {BR} at (138,510) size 1x19
      RenderText {#text} at (138,530) size 110x19
        text run at (138,530) width 110: "This is some text"
      RenderBR {BR} at (138,530) size 1x19
      RenderText {#text} at (0,0) size 0x0
    RenderBlock (anonymous) at (0,1160) size 248x280
      RenderText {#text} at (138,0) size 110x19
        text run at (138,0) width 110: "This is some text"
      RenderBR {BR} at (138,0) size 1x19
      RenderText {#text} at (138,20) size 110x19
        text run at (138,20) width 110: "This is some text"
      RenderBR {BR} at (138,20) size 1x19
      RenderText {#text} at (138,40) size 110x19
        text run at (138,40) width 110: "This is some text"
      RenderBR {BR} at (138,40) size 1x19
      RenderText {#text} at (138,60) size 110x19
        text run at (138,60) width 110: "This is some text"
      RenderBR {BR} at (138,60) size 1x19
      RenderText {#text} at (138,80) size 110x19
        text run at (138,80) width 110: "This is some text"
      RenderBR {BR} at (138,80) size 1x19
      RenderText {#text} at (138,100) size 110x19
        text run at (138,100) width 110: "This is some text"
      RenderBR {BR} at (138,100) size 1x19
      RenderText {#text} at (138,120) size 110x19
        text run at (138,120) width 110: "This is some text"
      RenderBR {BR} at (138,120) size 1x19
      RenderText {#text} at (138,140) size 110x19
        text run at (138,140) width 110: "This is some text"
      RenderBR {BR} at (138,140) size 1x19
      RenderText {#text} at (138,160) size 110x19
        text run at (138,160) width 110: "This is some text"
      RenderBR {BR} at (138,160) size 1x19
      RenderText {#text} at (138,180) size 110x19
        text run at (138,180) width 110: "This is some text"
      RenderBR {BR} at (138,180) size 1x19
      RenderText {#text} at (138,200) size 110x19
        text run at (138,200) width 110: "This is some text"
      RenderBR {BR} at (138,200) size 1x19
      RenderText {#text} at (138,220) size 110x19
        text run at (138,220) width 110: "This is some text"
      RenderBR {BR} at (138,220) size 1x19
      RenderText {#text} at (138,240) size 110x19
        text run at (138,240) width 110: "This is some text"
      RenderBR {BR} at (138,240) size 1x19
      RenderText {#text} at (138,260) size 110x19
        text run at (138,260) width 110: "This is some text"
      RenderBR {BR} at (138,260) size 1x19
layer at (13,333) size 100x270
  RenderBlock (relative positioned) {DIV} at (0,0) size 100x270 [bgcolor=#008000]
layer at (687,663) size 100x270 backgroundClip at (0,0) size 1314x676 clip at (0,0) size 1314x676
  RenderBlock (relative positioned) {DIV} at (147,0) size 101x270 [bgcolor=#008000]
