layer at (0,0) size 800x976
  RenderView at (0,0) size 800x600
layer at (0,0) size 800x976
  RenderBlock {HTML} at (0,0) size 800x976
    RenderBody {BODY} at (8,8) size 784x960
      RenderBlock {DIV} at (0,0) size 220x330
        RenderBlock (anonymous) at (0,0) size 220x20
          RenderText {#text} at (0,0) size 66x19
            text run at (0,0) width 66: "Overflow:"
      RenderText {#text} at (220,610) size 4x19
        text run at (220,610) width 4: " "
      RenderBlock {DIV} at (224,0) size 220x330
        RenderBlock (anonymous) at (0,0) size 220x20
          RenderText {#text} at (0,0) size 78x19
            text run at (0,0) width 78: "Transforms:"
      RenderText {#text} at (444,610) size 4x19
        text run at (444,610) width 4: " "
      RenderBlock {DIV} at (448,0) size 220x330
        RenderBlock (anonymous) at (0,0) size 220x20
          RenderText {#text} at (0,0) size 135x19
            text run at (0,0) width 135: "Relative Positioning:"
      RenderText {#text} at (0,0) size 0x0
      RenderBlock {DIV} at (0,630) size 220x330
        RenderBlock (anonymous) at (0,0) size 220x20
          RenderText {#text} at (0,0) size 56x19
            text run at (0,0) width 56: "Opacity:"
layer at (8,28) size 220x310
  RenderBlock {DIV} at (0,20) size 220x310 [border: (5px solid #000000)]
    RenderMultiColumnSet at (5,5) size 210x300
layer at (13,33) size 100x600
  RenderMultiColumnFlowThread at (5,5) size 100x600
    RenderBlock (anonymous) at (0,0) size 100x100
      RenderBlock {DIV} at (0,0) size 100x100 [bgcolor=#000000]
      RenderText {#text} at (0,0) size 0x0
    RenderBlock (anonymous) at (0,500) size 100x100
      RenderBlock {DIV} at (0,0) size 100x100 [bgcolor=#000000]
      RenderText {#text} at (0,0) size 0x0
layer at (13,133) size 100x400
  RenderBlock {DIV} at (0,100) size 100x400
    RenderBlock {DIV} at (0,0) size 100x100 [bgcolor=#0000F0]
    RenderBlock {DIV} at (0,100) size 100x100 [bgcolor=#0000D0]
    RenderBlock {DIV} at (0,200) size 100x100 [bgcolor=#0000B0]
    RenderBlock {DIV} at (0,300) size 100x100 [bgcolor=#000090]
layer at (232,28) size 220x310
  RenderBlock {DIV} at (0,20) size 220x310 [border: (5px solid #000000)]
    RenderMultiColumnSet at (5,5) size 210x300
layer at (237,33) size 100x600
  RenderMultiColumnFlowThread at (5,5) size 100x600
    RenderBlock (anonymous) at (0,0) size 100x100
      RenderBlock {DIV} at (0,0) size 100x100 [bgcolor=#000000]
      RenderText {#text} at (0,0) size 0x0
    RenderBlock (anonymous) at (0,500) size 100x100
      RenderBlock {DIV} at (0,0) size 100x100 [bgcolor=#000000]
      RenderText {#text} at (0,0) size 0x0
layer at (456,28) size 220x310
  RenderBlock {DIV} at (0,20) size 220x310 [border: (5px solid #000000)]
    RenderMultiColumnSet at (5,5) size 210x300
layer at (461,33) size 100x600
  RenderMultiColumnFlowThread at (5,5) size 100x600
    RenderBlock (anonymous) at (0,0) size 100x100
      RenderBlock {DIV} at (0,0) size 100x100 [bgcolor=#000000]
      RenderText {#text} at (0,0) size 0x0
    RenderBlock (anonymous) at (0,500) size 100x100
      RenderBlock {DIV} at (0,0) size 100x100 [bgcolor=#000000]
      RenderText {#text} at (0,0) size 0x0
layer at (8,658) size 220x310
  RenderBlock {DIV} at (0,20) size 220x310 [border: (5px solid #000000)]
    RenderMultiColumnSet at (5,5) size 210x300
layer at (13,663) size 100x600 backgroundClip at (0,0) size 800x976 clip at (0,0) size 800x976
  RenderMultiColumnFlowThread at (5,5) size 100x600
    RenderBlock (anonymous) at (0,0) size 100x100
      RenderBlock {DIV} at (0,0) size 100x100 [bgcolor=#000000]
      RenderText {#text} at (0,0) size 0x0
    RenderBlock (anonymous) at (0,500) size 100x100
      RenderBlock {DIV} at (0,0) size 100x100 [bgcolor=#000000]
      RenderText {#text} at (0,0) size 0x0
layer at (137,133) size 100x400
  RenderBlock {DIV} at (-100,100) size 100x400
    RenderBlock {DIV} at (0,0) size 100x100 [bgcolor=#0000F0]
    RenderBlock {DIV} at (0,100) size 100x100 [bgcolor=#0000D0]
    RenderBlock {DIV} at (0,200) size 100x100 [bgcolor=#0000B0]
    RenderBlock {DIV} at (0,300) size 100x100 [bgcolor=#000090]
layer at (461,133) size 100x400
  RenderBlock (relative positioned) {DIV} at (-100,100) size 100x400
    RenderBlock {DIV} at (0,0) size 100x100 [bgcolor=#0000F0]
    RenderBlock {DIV} at (0,100) size 100x100 [bgcolor=#0000D0]
    RenderBlock {DIV} at (0,200) size 100x100 [bgcolor=#0000B0]
    RenderBlock {DIV} at (0,300) size 100x100 [bgcolor=#000090]
layer at (13,763) size 100x400 backgroundClip at (0,0) size 800x976 clip at (0,0) size 800x976
  RenderBlock {DIV} at (0,100) size 100x400
    RenderBlock {DIV} at (0,0) size 100x100 [bgcolor=#0000F0]
    RenderBlock {DIV} at (0,100) size 100x100 [bgcolor=#0000D0]
    RenderBlock {DIV} at (0,200) size 100x100 [bgcolor=#0000B0]
    RenderBlock {DIV} at (0,300) size 100x100 [bgcolor=#000090]
