layer at (0,0) size 1141x600
  RenderView at (0,0) size 800x600
layer at (0,0) size 800x600
  RenderBlock {HTML} at (0,0) size 800x600
layer at (8,8) size 750x500
  RenderBody {BODY} at (8,8) size 750x500
    RenderMultiColumnSet at (0,0) size 750x500
layer at (8,8) size 367x1099 backgroundClip at (0,0) size 1141x600 clip at (0,0) size 1141x600
  RenderMultiColumnFlowThread at (0,0) size 367x1100
    RenderBlock {H1} at (0,21) size 367x39
      RenderText {#text} at (0,1) size 166x36
        text run at (0,1) width 166: "Header One"
    RenderBlock (anonymous) at (0,80) size 367x221
      RenderText {#text} at (0,0) size 367x219
        text run at (0,0) width 364: "Lorem ipsum dolor sit amet, consectetuer adipiscing elit."
        text run at (0,20) width 362: "Nulla varius enim ac mi. Curabitur sollicitudin felis quis"
        text run at (0,40) width 332: "lectus. Quisque adipiscing rhoncus sem. Proin nulla"
        text run at (0,60) width 367: "purus, vulputate vel, varius ut, euismod et, nisi. Sed vitae"
        text run at (0,80) width 354: "felis vel orci sagittis aliquam. Cras convallis adipiscing"
        text run at (0,100) width 347: "sem. Nam nonummy enim. Nullam bibendum lobortis"
        text run at (0,120) width 351: "neque. Vestibulum velit orci, tempus euismod, pretium"
        text run at (0,140) width 353: "quis, interdum vitae, nulla. Phasellus eget ante et tortor"
        text run at (0,160) width 351: "condimentum vestibulum. Suspendisse hendrerit quam"
        text run at (0,180) width 333: "nec felis. Sed varius turpis vitae pede. Lorem ipsum"
        text run at (0,200) width 275: "dolor sit amet, consectetuer adipiscing elit."
    RenderBlock {H1} at (0,322) size 367x39
      RenderText {#text} at (0,1) size 167x36
        text run at (0,1) width 167: "Header Two"
    RenderBlock (anonymous) at (0,381) size 367x239
      RenderText {#text} at (0,0) size 367x238
        text run at (0,0) width 364: "Lorem ipsum dolor sit amet, consectetuer adipiscing elit."
        text run at (0,20) width 362: "Nulla varius enim ac mi. Curabitur sollicitudin felis quis"
        text run at (0,40) width 332: "lectus. Quisque adipiscing rhoncus sem. Proin nulla"
        text run at (0,60) width 367: "purus, vulputate vel, varius ut, euismod et, nisi. Sed vitae"
        text run at (0,80) width 354: "felis vel orci sagittis aliquam. Cras convallis adipiscing"
        text run at (0,118) width 347: "sem. Nam nonummy enim. Nullam bibendum lobortis"
        text run at (0,138) width 351: "neque. Vestibulum velit orci, tempus euismod, pretium"
        text run at (0,158) width 353: "quis, interdum vitae, nulla. Phasellus eget ante et tortor"
        text run at (0,178) width 351: "condimentum vestibulum. Suspendisse hendrerit quam"
        text run at (0,198) width 333: "nec felis. Sed varius turpis vitae pede. Lorem ipsum"
        text run at (0,218) width 275: "dolor sit amet, consectetuer adipiscing elit."
    RenderBlock {H1} at (0,641) size 367x39
      RenderText {#text} at (0,1) size 190x36
        text run at (0,1) width 190: "Header Three"
    RenderBlock {H1} at (0,1000) size 367x38
      RenderText {#text} at (0,1) size 177x36
        text run at (0,1) width 177: "Header Four"
    RenderBlock (anonymous) at (0,1059) size 367x41
      RenderText {#text} at (0,0) size 364x39
        text run at (0,0) width 364: "Lorem ipsum dolor sit amet, consectetuer adipiscing elit."
        text run at (0,20) width 158: "Nulla varius enim ac mi."
