layer at (0,0) size 800x600
  RenderView at (0,0) size 800x600
layer at (0,0) size 800x600
  RenderBlock {HTML} at (0,0) size 800x600
    RenderBody {BODY} at (8,8) size 784x584
layer at (8,8) size 506x505
  RenderBlock {DIV} at (0,0) size 506x505 [border: (3px solid #000000)]
    RenderMultiColumnSet at (3,3) size 500x499
layer at (11,11) size 159x1521 backgroundClip at (0,0) size 800x600 clip at (0,0) size 800x600
  RenderMultiColumnFlowThread at (3,3) size 159x1521
    RenderBlock (anonymous) at (0,0) size 159x360
      RenderText {#text} at (0,5) size 150x350
        text run at (0,5) width 137: "Lorem ipsum dolor sit amet,"
        text run at (0,29) width 129: "consectetur adipiscing elit."
        text run at (0,53) width 122: "Nullam ornare, nunc eget"
        text run at (0,77) width 138: "condimentum tempor, augue"
        text run at (0,101) width 123: "ligula accumsan eros, sed"
        text run at (0,125) width 150: "consequat sapien orci id libero."
        text run at (0,149) width 136: "Curabitur tristique, augue in"
        text run at (0,173) width 131: "aliquet accumsan, nibh nisi"
        text run at (0,197) width 132: "lobortis odio, et suscipit est"
        text run at (0,221) width 130: "ligula eu nisi. Nunc aliquet"
        text run at (0,245) width 150: "lobortis porta. Donec venenatis"
        text run at (0,269) width 150: "consectetur eleifend. Etiam sed"
        text run at (0,293) width 131: "tempor quam. Pellentesque"
        text run at (0,317) width 147: "gravida gravida eros venenatis"
        text run at (0,341) width 40: "suscipit."
    RenderBlock (anonymous) at (0,803) size 159x718
      RenderText {#text} at (0,5) size 157x708
        text run at (0,5) width 139: "Nunc et odio ut velit posuere"
        text run at (0,29) width 152: "viverra. Integer eu mi quis velit"
        text run at (0,53) width 132: "dapibus tempus at ut purus."
        text run at (0,77) width 155: "Quisque congue mollis mauris a"
        text run at (0,101) width 138: "hendrerit. Nam viverra est at"
        text run at (0,125) width 150: "orci interdum a ullamcorper mi"
        text run at (0,149) width 130: "dictum. In id sapien augue."
        text run at (0,173) width 156: "Suspendisse potenti. Vestibulum"
        text run at (0,200) width 156: "turpis purus, convallis ut sagittis"
        text run at (0,224) width 117: "quis, semper vel mauris."
        text run at (0,248) width 130: "Curabitur vitae felis turpis."
        text run at (0,272) width 145: "Fusce augue nibh, consectetur"
        text run at (0,296) width 155: "non vestibulum et, bibendum sit"
        text run at (0,320) width 148: "amet lectus. Nulla at imperdiet"
        text run at (0,344) width 152: "metus. Donec non est velit, non"
        text run at (0,368) width 105: "fringilla ipsum. Fusce"
        text run at (0,392) width 156: "elementum neque a nibh egestas"
        text run at (0,416) width 119: "sodales. Mauris ut lorem"
        text run at (0,440) width 122: "hendrerit metus interdum"
        text run at (0,464) width 156: "malesuada. Nam tempus sodales"
        text run at (0,488) width 109: "neque vitae bibendum."
        text run at (0,512) width 154: "Vestibulum ac est sit amet dolor"
        text run at (0,536) width 135: "vehicula semper at sed ante."
        text run at (0,560) width 152: "Nunc at neque urna, in volutpat"
        text run at (0,584) width 139: "orci. Praesent eu velit neque,"
        text run at (0,608) width 134: "quis rutrum metus. Nunc eu"
        text run at (0,632) width 133: "ipsum sit amet ligula mattis"
        text run at (0,656) width 156: "porttitor sit amet id felis. Integer"
        text run at (0,699) width 157: "volutpat aliquam odio et feugiat."
layer at (11,510) size 159x304 backgroundClip at (11,510) size 159x90 clip at (13,512) size 140x88 scrollHeight 456
  RenderBlock {DIV} at (0,499) size 160x304 [border: (2px solid #000000)]
    RenderText {#text} at (2,7) size 141x446
      text run at (2,7) width 134: "Aenean diam enim, suscipit"
      text run at (2,31) width 140: "id pellentesque vel, hendrerit"
      text run at (2,55) width 129: "et metus. Suspendisse felis"
      text run at (2,79) width 129: "erat, hendrerit a congue in,"
      text run at (2,103) width 113: "euismod ac erat. Donec"
      text run at (2,127) width 129: "pulvinar venenatis tortor, a"
      text run at (2,151) width 129: "lobortis erat scelerisque et."
      text run at (2,175) width 131: "Class aptent taciti sociosqu"
      text run at (2,199) width 101: "ad litora torquent per"
      text run at (2,223) width 135: "conubia nostra, per inceptos"
      text run at (2,247) width 134: "himenaeos. Aliquam in orci"
      text run at (2,271) width 119: "id felis mollis porta ac et"
      text run at (2,295) width 133: "orci. Donec viverra, eros ac"
      text run at (2,319) width 126: "mattis dapibus, quam ante"
      text run at (2,343) width 109: "porta lectus, accumsan"
      text run at (2,367) width 137: "pellentesque nibh metus non"
      text run at (2,391) width 135: "felis. Vivamus sed eros quis"
      text run at (2,415) width 141: "magna scelerisque ultrices ac"
      text run at (2,439) width 48: "eget velit."
