layer at (0,0) size 800x600
  RenderView at (0,0) size 800x600
layer at (0,0) size 800x600
  RenderBlock {HTML} at (0,0) size 800x600
    RenderBody {BODY} at (8,8) size 784x584
layer at (8,8) size 506x505
  RenderBlock {DIV} at (0,0) size 506x505 [border: (3px solid #000000)]
    RenderMultiColumnSet at (3,3) size 500x499
layer at (11,11) size 159x1478 backgroundClip at (0,0) size 800x600 clip at (0,0) size 800x600
  RenderMultiColumnFlowThread at (3,3) size 159x1478
    RenderText {#text} at (0,5) size 157x1468
      text run at (0,5) width 137: "Lorem ipsum dolor sit amet,"
      text run at (0,29) width 129: "consectetur adipiscing elit."
      text run at (0,53) width 122: "Nullam ornare, nunc eget"
      text run at (0,77) width 138: "condimentum tempor, augue"
      text run at (0,101) width 123: "ligula accumsan eros, sed"
      text run at (0,125) width 150: "consequat sapien orci id libero."
      text run at (0,149) width 136: "Curabitur tristique, augue in"
      text run at (0,173) width 131: "aliquet accumsan, nibh nisi"
      text run at (0,197) width 132: "lobortis odio, et suscipit est"
      text run at (0,221) width 130: "ligula eu nisi. Nunc aliquet"
      text run at (0,245) width 150: "lobortis porta. Donec venenatis"
      text run at (0,269) width 150: "consectetur eleifend. Etiam sed"
      text run at (0,293) width 131: "tempor quam. Pellentesque"
      text run at (0,317) width 147: "gravida gravida eros venenatis"
      text run at (0,341) width 137: "suscipit. Aenean diam enim,"
      text run at (0,365) width 133: "suscipit id pellentesque vel,"
      text run at (0,389) width 152: "hendrerit et metus. Suspendisse"
      text run at (0,413) width 153: "felis erat, hendrerit a congue in,"
      text run at (0,437) width 156: "euismod ac erat. Donec pulvinar"
      text run at (0,461) width 147: "venenatis tortor, a lobortis erat"
      text run at (0,504) width 157: "scelerisque et. Class aptent taciti"
      text run at (0,528) width 146: "sociosqu ad litora torquent per"
      text run at (0,552) width 135: "conubia nostra, per inceptos"
      text run at (0,576) width 146: "himenaeos. Aliquam in orci id"
      text run at (0,600) width 132: "felis mollis porta ac et orci."
      text run at (0,624) width 141: "Donec viverra, eros ac mattis"
      text run at (0,648) width 155: "dapibus, quam ante porta lectus,"
      text run at (0,672) width 135: "accumsan pellentesque nibh"
      text run at (0,696) width 141: "metus non felis. Vivamus sed"
      text run at (0,720) width 135: "eros quis magna scelerisque"
      text run at (0,744) width 103: "ultrices ac eget velit. "
      text run at (102,744) width 38: "Nunc et"
      text run at (0,768) width 139: "odio ut velit posuere viverra."
      text run at (0,792) width 152: "Integer eu mi quis velit dapibus"
      text run at (0,816) width 135: "tempus at ut purus. Quisque"
      text run at (0,840) width 112: "congue mollis mauris a"
      text run at (0,864) width 138: "hendrerit. Nam viverra est at"
      text run at (0,888) width 150: "orci interdum a ullamcorper mi"
      text run at (0,912) width 130: "dictum. In id sapien augue."
      text run at (0,936) width 156: "Suspendisse potenti. Vestibulum"
      text run at (0,960) width 156: "turpis purus, convallis ut sagittis"
      text run at (0,1003) width 117: "quis, semper vel mauris."
      text run at (0,1027) width 130: "Curabitur vitae felis turpis."
      text run at (0,1051) width 145: "Fusce augue nibh, consectetur"
      text run at (0,1075) width 155: "non vestibulum et, bibendum sit"
      text run at (0,1099) width 148: "amet lectus. Nulla at imperdiet"
      text run at (0,1123) width 152: "metus. Donec non est velit, non"
      text run at (0,1147) width 105: "fringilla ipsum. Fusce"
      text run at (0,1171) width 156: "elementum neque a nibh egestas"
      text run at (0,1195) width 119: "sodales. Mauris ut lorem"
      text run at (0,1219) width 122: "hendrerit metus interdum"
      text run at (0,1243) width 156: "malesuada. Nam tempus sodales"
      text run at (0,1267) width 109: "neque vitae bibendum."
      text run at (0,1291) width 154: "Vestibulum ac est sit amet dolor"
      text run at (0,1315) width 135: "vehicula semper at sed ante."
      text run at (0,1339) width 152: "Nunc at neque urna, in volutpat"
      text run at (0,1363) width 139: "orci. Praesent eu velit neque,"
      text run at (0,1387) width 134: "quis rutrum metus. Nunc eu"
      text run at (0,1411) width 133: "ipsum sit amet ligula mattis"
      text run at (0,1435) width 156: "porttitor sit amet id felis. Integer"
      text run at (0,1459) width 157: "volutpat aliquam odio et feugiat."
