layer at (0,0) size 800x600
  RenderView at (0,0) size 800x600
layer at (0,0) size 800x160
  RenderBlock {HTML} at (0,0) size 800x160
    RenderBody {BODY} at (8,16) size 784x136
      RenderBlock {P} at (0,0) size 784x20
        RenderText {#text} at (0,0) size 108x19
          text run at (0,0) width 108: "There should be "
        RenderInline {B} at (0,0) size 25x19
          RenderText {#text} at (107,0) size 25x19
            text run at (107,0) width 25: "two"
        RenderText {#text} at (131,0) size 138x19
          text run at (131,0) width 138: " black squares below."
layer at (8,52) size 784x100 scrollX 200 scrollWidth 2572
  RenderBlock {DIV} at (0,36) size 784x100
    RenderMultiColumnSet at (0,0) size 784x100
layer at (-192,52) size 337x600 backgroundClip at (8,52) size 784x100 clip at (8,52) size 784x100
  RenderMultiColumnFlowThread at (0,0) size 337x600
    RenderBlock {DIV} at (0,0) size 337x600 [bgcolor=#C0C0C0]
