layer at (0,0) size 5325x600
  RenderView at (0,0) size 800x600
layer at (0,0) size 800x316
  RenderBlock {HTML} at (0,0) size 800x316
    RenderBody {BODY} at (8,8) size 784x300
layer at (8,8) size 784x300
  RenderBlock {DIV} at (0,0) size 784x300
    RenderMultiColumnSet at (0,0) size 784x300
layer at (8,8) size 251x5816 backgroundClip at (0,0) size 5325x600 clip at (0,0) size 5325x600
  RenderMultiColumnFlowThread at (0,0) size 251x5816
    RenderBlock {P} at (0,16) size 251x624
      RenderText {#text} at (0,0) size 250x623
        text run at (0,0) width 182: "Lorem ipsum dolor sit amet,"
        text run at (0,20) width 217: "consectetur adipiscing elit. Donec"
        text run at (0,40) width 230: "posuere ligula et neque ullamcorper"
        text run at (0,60) width 237: "consectetur. Duis nec viverra magna."
        text run at (0,80) width 250: "Nullam tellus diam, auctor et auctor at,"
        text run at (0,100) width 220: "fermentum quis mi. Nulla rhoncus"
        text run at (0,120) width 230: "porttitor ultrices. Nunc gravida, nisi"
        text run at (0,140) width 242: "nec consequat scelerisque, lectus eros"
        text run at (0,160) width 249: "sagittis erat, non ultrices ipsum nibh in"
        text run at (0,180) width 218: "quam. Donec dignissim, lacus sed"
        text run at (0,200) width 233: "cursus commodo, nibh enim sodales"
        text run at (0,220) width 191: "metus, lacinia dictum felis est"
        text run at (0,240) width 244: "tincidunt orci. Morbi pretium volutpat"
        text run at (0,260) width 225: "ante, ut ultricies nulla pharetra sed."
        text run at (0,284) width 228: "Duis ac felis quis justo ullamcorper"
        text run at (0,304) width 248: "semper. Integer augue lacus, imperdiet"
        text run at (0,324) width 225: "eu euismod ut, vulputate vel purus."
        text run at (0,344) width 248: "Donec bibendum felis id nisl auctor sit"
        text run at (0,364) width 219: "amet imperdiet quam mollis. Duis"
        text run at (0,384) width 227: "aliquam tellus odio, a varius lectus."
        text run at (0,404) width 227: "Nunc a tortor augue, eu sollicitudin"
        text run at (0,424) width 224: "nibh. Phasellus ultricies, lacus eget"
        text run at (0,444) width 219: "tincidunt mattis, velit erat facilisis"
        text run at (0,464) width 218: "lacus, quis luctus arcu erat ut erat."
        text run at (0,484) width 225: "Duis feugiat eros eu ligula ultricies"
        text run at (0,504) width 240: "non tincidunt tellus viverra. Donec ut"
        text run at (0,524) width 203: "eros augue, nec elementum elit."
        text run at (0,544) width 233: "Pellentesque massa lectus, vulputate"
        text run at (0,564) width 236: "sed vehicula eget, volutpat eu augue."
        text run at (0,584) width 208: "Cras fermentum turpis vitae erat"
        text run at (0,604) width 200: "vehicula et lacinia mi molestie."
    RenderBlock {P} at (0,656) size 251x504
      RenderText {#text} at (0,0) size 250x503
        text run at (0,0) width 246: "Curabitur ac porttitor leo. Class aptent"
        text run at (0,20) width 231: "taciti sociosqu ad litora torquent per"
        text run at (0,40) width 180: "conubia nostra, per inceptos"
        text run at (0,60) width 225: "himenaeos. Quisque eget mauris id"
        text run at (0,80) width 228: "turpis ullamcorper blandit quis eget"
        text run at (0,100) width 195: "turpis. Nullam et molestie elit."
        text run at (0,120) width 236: "Curabitur urna arcu, luctus a suscipit"
        text run at (0,140) width 241: "et, viverra vel orci. Morbi scelerisque"
        text run at (0,160) width 250: "erat quis massa blandit molestie. Fusce"
        text run at (0,180) width 236: "vitae velit a lacus suscipit tempus. In"
        text run at (0,200) width 240: "vitae nisl orci, vel ultrices diam. Duis"
        text run at (0,220) width 237: "pellentesque, massa sit amet eleifend"
        text run at (0,244) width 230: "sollicitudin, dolor orci semper urna,"
        text run at (0,264) width 222: "eget euismod tortor massa sit amet"
        text run at (0,284) width 202: "ante. Quisque sed varius lectus."
        text run at (0,304) width 232: "Mauris facilisis blandit mattis. Ut id"
        text run at (0,324) width 238: "tortor ante, ac eleifend dui. Donec sit"
        text run at (0,344) width 250: "amet arcu quis neque aliquam euismod"
        text run at (0,364) width 210: "a tincidunt justo. Integer sagittis,"
        text run at (0,384) width 244: "neque sed aliquam bibendum, est ante"
        text run at (0,404) width 228: "vulputate lectus, in elementum felis"
        text run at (0,424) width 246: "tellus et nibh. Aliquam id ultrices nisl."
        text run at (0,444) width 241: "Sed sodales lacinia interdum. Aenean"
        text run at (0,464) width 182: "pharetra tellus ante, aliquam"
        text run at (0,484) width 118: "consectetur ligula."
    RenderBlock {P} at (0,1176) size 251x624
      RenderText {#text} at (0,0) size 250x623
        text run at (0,0) width 182: "Lorem ipsum dolor sit amet,"
        text run at (0,24) width 217: "consectetur adipiscing elit. Donec"
        text run at (0,44) width 230: "posuere ligula et neque ullamcorper"
        text run at (0,64) width 237: "consectetur. Duis nec viverra magna."
        text run at (0,84) width 250: "Nullam tellus diam, auctor et auctor at,"
        text run at (0,104) width 220: "fermentum quis mi. Nulla rhoncus"
        text run at (0,124) width 230: "porttitor ultrices. Nunc gravida, nisi"
        text run at (0,144) width 242: "nec consequat scelerisque, lectus eros"
        text run at (0,164) width 249: "sagittis erat, non ultrices ipsum nibh in"
        text run at (0,184) width 218: "quam. Donec dignissim, lacus sed"
        text run at (0,204) width 233: "cursus commodo, nibh enim sodales"
        text run at (0,224) width 191: "metus, lacinia dictum felis est"
        text run at (0,244) width 244: "tincidunt orci. Morbi pretium volutpat"
        text run at (0,264) width 225: "ante, ut ultricies nulla pharetra sed."
        text run at (0,284) width 228: "Duis ac felis quis justo ullamcorper"
        text run at (0,304) width 248: "semper. Integer augue lacus, imperdiet"
        text run at (0,324) width 225: "eu euismod ut, vulputate vel purus."
        text run at (0,344) width 248: "Donec bibendum felis id nisl auctor sit"
        text run at (0,364) width 219: "amet imperdiet quam mollis. Duis"
        text run at (0,384) width 227: "aliquam tellus odio, a varius lectus."
        text run at (0,404) width 227: "Nunc a tortor augue, eu sollicitudin"
        text run at (0,424) width 224: "nibh. Phasellus ultricies, lacus eget"
        text run at (0,444) width 219: "tincidunt mattis, velit erat facilisis"
        text run at (0,464) width 218: "lacus, quis luctus arcu erat ut erat."
        text run at (0,484) width 225: "Duis feugiat eros eu ligula ultricies"
        text run at (0,504) width 240: "non tincidunt tellus viverra. Donec ut"
        text run at (0,524) width 203: "eros augue, nec elementum elit."
        text run at (0,544) width 233: "Pellentesque massa lectus, vulputate"
        text run at (0,564) width 236: "sed vehicula eget, volutpat eu augue."
        text run at (0,584) width 208: "Cras fermentum turpis vitae erat"
        text run at (0,604) width 200: "vehicula et lacinia mi molestie."
    RenderBlock {P} at (0,1816) size 251x504
      RenderText {#text} at (0,0) size 250x503
        text run at (0,0) width 246: "Curabitur ac porttitor leo. Class aptent"
        text run at (0,20) width 231: "taciti sociosqu ad litora torquent per"
        text run at (0,40) width 180: "conubia nostra, per inceptos"
        text run at (0,60) width 225: "himenaeos. Quisque eget mauris id"
        text run at (0,80) width 228: "turpis ullamcorper blandit quis eget"
        text run at (0,100) width 195: "turpis. Nullam et molestie elit."
        text run at (0,120) width 236: "Curabitur urna arcu, luctus a suscipit"
        text run at (0,140) width 241: "et, viverra vel orci. Morbi scelerisque"
        text run at (0,160) width 250: "erat quis massa blandit molestie. Fusce"
        text run at (0,180) width 236: "vitae velit a lacus suscipit tempus. In"
        text run at (0,200) width 240: "vitae nisl orci, vel ultrices diam. Duis"
        text run at (0,220) width 237: "pellentesque, massa sit amet eleifend"
        text run at (0,240) width 230: "sollicitudin, dolor orci semper urna,"
        text run at (0,260) width 222: "eget euismod tortor massa sit amet"
        text run at (0,284) width 202: "ante. Quisque sed varius lectus."
        text run at (0,304) width 232: "Mauris facilisis blandit mattis. Ut id"
        text run at (0,324) width 238: "tortor ante, ac eleifend dui. Donec sit"
        text run at (0,344) width 250: "amet arcu quis neque aliquam euismod"
        text run at (0,364) width 210: "a tincidunt justo. Integer sagittis,"
        text run at (0,384) width 244: "neque sed aliquam bibendum, est ante"
        text run at (0,404) width 228: "vulputate lectus, in elementum felis"
        text run at (0,424) width 246: "tellus et nibh. Aliquam id ultrices nisl."
        text run at (0,444) width 241: "Sed sodales lacinia interdum. Aenean"
        text run at (0,464) width 182: "pharetra tellus ante, aliquam"
        text run at (0,484) width 118: "consectetur ligula."
    RenderBlock {P} at (0,2336) size 251x624
      RenderText {#text} at (0,0) size 250x623
        text run at (0,0) width 182: "Lorem ipsum dolor sit amet,"
        text run at (0,20) width 217: "consectetur adipiscing elit. Donec"
        text run at (0,40) width 230: "posuere ligula et neque ullamcorper"
        text run at (0,64) width 237: "consectetur. Duis nec viverra magna."
        text run at (0,84) width 250: "Nullam tellus diam, auctor et auctor at,"
        text run at (0,104) width 220: "fermentum quis mi. Nulla rhoncus"
        text run at (0,124) width 230: "porttitor ultrices. Nunc gravida, nisi"
        text run at (0,144) width 242: "nec consequat scelerisque, lectus eros"
        text run at (0,164) width 249: "sagittis erat, non ultrices ipsum nibh in"
        text run at (0,184) width 218: "quam. Donec dignissim, lacus sed"
        text run at (0,204) width 233: "cursus commodo, nibh enim sodales"
        text run at (0,224) width 191: "metus, lacinia dictum felis est"
        text run at (0,244) width 244: "tincidunt orci. Morbi pretium volutpat"
        text run at (0,264) width 225: "ante, ut ultricies nulla pharetra sed."
        text run at (0,284) width 228: "Duis ac felis quis justo ullamcorper"
        text run at (0,304) width 248: "semper. Integer augue lacus, imperdiet"
        text run at (0,324) width 225: "eu euismod ut, vulputate vel purus."
        text run at (0,344) width 248: "Donec bibendum felis id nisl auctor sit"
        text run at (0,364) width 219: "amet imperdiet quam mollis. Duis"
        text run at (0,384) width 227: "aliquam tellus odio, a varius lectus."
        text run at (0,404) width 227: "Nunc a tortor augue, eu sollicitudin"
        text run at (0,424) width 224: "nibh. Phasellus ultricies, lacus eget"
        text run at (0,444) width 219: "tincidunt mattis, velit erat facilisis"
        text run at (0,464) width 218: "lacus, quis luctus arcu erat ut erat."
        text run at (0,484) width 225: "Duis feugiat eros eu ligula ultricies"
        text run at (0,504) width 240: "non tincidunt tellus viverra. Donec ut"
        text run at (0,524) width 203: "eros augue, nec elementum elit."
        text run at (0,544) width 233: "Pellentesque massa lectus, vulputate"
        text run at (0,564) width 236: "sed vehicula eget, volutpat eu augue."
        text run at (0,584) width 208: "Cras fermentum turpis vitae erat"
        text run at (0,604) width 200: "vehicula et lacinia mi molestie."
    RenderBlock {P} at (0,2976) size 251x504
      RenderText {#text} at (0,0) size 250x503
        text run at (0,0) width 246: "Curabitur ac porttitor leo. Class aptent"
        text run at (0,24) width 231: "taciti sociosqu ad litora torquent per"
        text run at (0,44) width 180: "conubia nostra, per inceptos"
        text run at (0,64) width 225: "himenaeos. Quisque eget mauris id"
        text run at (0,84) width 228: "turpis ullamcorper blandit quis eget"
        text run at (0,104) width 195: "turpis. Nullam et molestie elit."
        text run at (0,124) width 236: "Curabitur urna arcu, luctus a suscipit"
        text run at (0,144) width 241: "et, viverra vel orci. Morbi scelerisque"
        text run at (0,164) width 250: "erat quis massa blandit molestie. Fusce"
        text run at (0,184) width 236: "vitae velit a lacus suscipit tempus. In"
        text run at (0,204) width 240: "vitae nisl orci, vel ultrices diam. Duis"
        text run at (0,224) width 237: "pellentesque, massa sit amet eleifend"
        text run at (0,244) width 230: "sollicitudin, dolor orci semper urna,"
        text run at (0,264) width 222: "eget euismod tortor massa sit amet"
        text run at (0,284) width 202: "ante. Quisque sed varius lectus."
        text run at (0,304) width 232: "Mauris facilisis blandit mattis. Ut id"
        text run at (0,324) width 238: "tortor ante, ac eleifend dui. Donec sit"
        text run at (0,344) width 250: "amet arcu quis neque aliquam euismod"
        text run at (0,364) width 210: "a tincidunt justo. Integer sagittis,"
        text run at (0,384) width 244: "neque sed aliquam bibendum, est ante"
        text run at (0,404) width 228: "vulputate lectus, in elementum felis"
        text run at (0,424) width 246: "tellus et nibh. Aliquam id ultrices nisl."
        text run at (0,444) width 241: "Sed sodales lacinia interdum. Aenean"
        text run at (0,464) width 182: "pharetra tellus ante, aliquam"
        text run at (0,484) width 118: "consectetur ligula."
    RenderBlock {P} at (0,3496) size 251x624
      RenderText {#text} at (0,0) size 250x623
        text run at (0,0) width 182: "Lorem ipsum dolor sit amet,"
        text run at (0,20) width 217: "consectetur adipiscing elit. Donec"
        text run at (0,40) width 230: "posuere ligula et neque ullamcorper"
        text run at (0,60) width 237: "consectetur. Duis nec viverra magna."
        text run at (0,80) width 250: "Nullam tellus diam, auctor et auctor at,"
        text run at (0,104) width 220: "fermentum quis mi. Nulla rhoncus"
        text run at (0,124) width 230: "porttitor ultrices. Nunc gravida, nisi"
        text run at (0,144) width 242: "nec consequat scelerisque, lectus eros"
        text run at (0,164) width 249: "sagittis erat, non ultrices ipsum nibh in"
        text run at (0,184) width 218: "quam. Donec dignissim, lacus sed"
        text run at (0,204) width 233: "cursus commodo, nibh enim sodales"
        text run at (0,224) width 191: "metus, lacinia dictum felis est"
        text run at (0,244) width 244: "tincidunt orci. Morbi pretium volutpat"
        text run at (0,264) width 225: "ante, ut ultricies nulla pharetra sed."
        text run at (0,284) width 228: "Duis ac felis quis justo ullamcorper"
        text run at (0,304) width 248: "semper. Integer augue lacus, imperdiet"
        text run at (0,324) width 225: "eu euismod ut, vulputate vel purus."
        text run at (0,344) width 248: "Donec bibendum felis id nisl auctor sit"
        text run at (0,364) width 219: "amet imperdiet quam mollis. Duis"
        text run at (0,384) width 227: "aliquam tellus odio, a varius lectus."
        text run at (0,404) width 227: "Nunc a tortor augue, eu sollicitudin"
        text run at (0,424) width 224: "nibh. Phasellus ultricies, lacus eget"
        text run at (0,444) width 219: "tincidunt mattis, velit erat facilisis"
        text run at (0,464) width 218: "lacus, quis luctus arcu erat ut erat."
        text run at (0,484) width 225: "Duis feugiat eros eu ligula ultricies"
        text run at (0,504) width 240: "non tincidunt tellus viverra. Donec ut"
        text run at (0,524) width 203: "eros augue, nec elementum elit."
        text run at (0,544) width 233: "Pellentesque massa lectus, vulputate"
        text run at (0,564) width 236: "sed vehicula eget, volutpat eu augue."
        text run at (0,584) width 208: "Cras fermentum turpis vitae erat"
        text run at (0,604) width 200: "vehicula et lacinia mi molestie."
    RenderBlock {P} at (0,4136) size 251x504
      RenderText {#text} at (0,0) size 250x503
        text run at (0,0) width 246: "Curabitur ac porttitor leo. Class aptent"
        text run at (0,20) width 231: "taciti sociosqu ad litora torquent per"
        text run at (0,40) width 180: "conubia nostra, per inceptos"
        text run at (0,64) width 225: "himenaeos. Quisque eget mauris id"
        text run at (0,84) width 228: "turpis ullamcorper blandit quis eget"
        text run at (0,104) width 195: "turpis. Nullam et molestie elit."
        text run at (0,124) width 236: "Curabitur urna arcu, luctus a suscipit"
        text run at (0,144) width 241: "et, viverra vel orci. Morbi scelerisque"
        text run at (0,164) width 250: "erat quis massa blandit molestie. Fusce"
        text run at (0,184) width 236: "vitae velit a lacus suscipit tempus. In"
        text run at (0,204) width 240: "vitae nisl orci, vel ultrices diam. Duis"
        text run at (0,224) width 237: "pellentesque, massa sit amet eleifend"
        text run at (0,244) width 230: "sollicitudin, dolor orci semper urna,"
        text run at (0,264) width 222: "eget euismod tortor massa sit amet"
        text run at (0,284) width 202: "ante. Quisque sed varius lectus."
        text run at (0,304) width 232: "Mauris facilisis blandit mattis. Ut id"
        text run at (0,324) width 238: "tortor ante, ac eleifend dui. Donec sit"
        text run at (0,344) width 250: "amet arcu quis neque aliquam euismod"
        text run at (0,364) width 210: "a tincidunt justo. Integer sagittis,"
        text run at (0,384) width 244: "neque sed aliquam bibendum, est ante"
        text run at (0,404) width 228: "vulputate lectus, in elementum felis"
        text run at (0,424) width 246: "tellus et nibh. Aliquam id ultrices nisl."
        text run at (0,444) width 241: "Sed sodales lacinia interdum. Aenean"
        text run at (0,464) width 182: "pharetra tellus ante, aliquam"
        text run at (0,484) width 118: "consectetur ligula."
    RenderBlock {P} at (0,4656) size 251x624
      RenderText {#text} at (0,0) size 250x623
        text run at (0,0) width 182: "Lorem ipsum dolor sit amet,"
        text run at (0,20) width 217: "consectetur adipiscing elit. Donec"
        text run at (0,40) width 230: "posuere ligula et neque ullamcorper"
        text run at (0,60) width 237: "consectetur. Duis nec viverra magna."
        text run at (0,80) width 250: "Nullam tellus diam, auctor et auctor at,"
        text run at (0,100) width 220: "fermentum quis mi. Nulla rhoncus"
        text run at (0,120) width 230: "porttitor ultrices. Nunc gravida, nisi"
        text run at (0,144) width 242: "nec consequat scelerisque, lectus eros"
        text run at (0,164) width 249: "sagittis erat, non ultrices ipsum nibh in"
        text run at (0,184) width 218: "quam. Donec dignissim, lacus sed"
        text run at (0,204) width 233: "cursus commodo, nibh enim sodales"
        text run at (0,224) width 191: "metus, lacinia dictum felis est"
        text run at (0,244) width 244: "tincidunt orci. Morbi pretium volutpat"
        text run at (0,264) width 225: "ante, ut ultricies nulla pharetra sed."
        text run at (0,284) width 228: "Duis ac felis quis justo ullamcorper"
        text run at (0,304) width 248: "semper. Integer augue lacus, imperdiet"
        text run at (0,324) width 225: "eu euismod ut, vulputate vel purus."
        text run at (0,344) width 248: "Donec bibendum felis id nisl auctor sit"
        text run at (0,364) width 219: "amet imperdiet quam mollis. Duis"
        text run at (0,384) width 227: "aliquam tellus odio, a varius lectus."
        text run at (0,404) width 227: "Nunc a tortor augue, eu sollicitudin"
        text run at (0,424) width 224: "nibh. Phasellus ultricies, lacus eget"
        text run at (0,444) width 219: "tincidunt mattis, velit erat facilisis"
        text run at (0,464) width 218: "lacus, quis luctus arcu erat ut erat."
        text run at (0,484) width 225: "Duis feugiat eros eu ligula ultricies"
        text run at (0,504) width 240: "non tincidunt tellus viverra. Donec ut"
        text run at (0,524) width 203: "eros augue, nec elementum elit."
        text run at (0,544) width 233: "Pellentesque massa lectus, vulputate"
        text run at (0,564) width 236: "sed vehicula eget, volutpat eu augue."
        text run at (0,584) width 208: "Cras fermentum turpis vitae erat"
        text run at (0,604) width 200: "vehicula et lacinia mi molestie."
    RenderBlock {P} at (0,5296) size 251x504
      RenderText {#text} at (0,0) size 250x503
        text run at (0,0) width 246: "Curabitur ac porttitor leo. Class aptent"
        text run at (0,20) width 231: "taciti sociosqu ad litora torquent per"
        text run at (0,40) width 180: "conubia nostra, per inceptos"
        text run at (0,60) width 225: "himenaeos. Quisque eget mauris id"
        text run at (0,80) width 228: "turpis ullamcorper blandit quis eget"
        text run at (0,104) width 195: "turpis. Nullam et molestie elit."
        text run at (0,124) width 236: "Curabitur urna arcu, luctus a suscipit"
        text run at (0,144) width 241: "et, viverra vel orci. Morbi scelerisque"
        text run at (0,164) width 250: "erat quis massa blandit molestie. Fusce"
        text run at (0,184) width 236: "vitae velit a lacus suscipit tempus. In"
        text run at (0,204) width 240: "vitae nisl orci, vel ultrices diam. Duis"
        text run at (0,224) width 237: "pellentesque, massa sit amet eleifend"
        text run at (0,244) width 230: "sollicitudin, dolor orci semper urna,"
        text run at (0,264) width 222: "eget euismod tortor massa sit amet"
        text run at (0,284) width 202: "ante. Quisque sed varius lectus."
        text run at (0,304) width 232: "Mauris facilisis blandit mattis. Ut id"
        text run at (0,324) width 238: "tortor ante, ac eleifend dui. Donec sit"
        text run at (0,344) width 250: "amet arcu quis neque aliquam euismod"
        text run at (0,364) width 210: "a tincidunt justo. Integer sagittis,"
        text run at (0,384) width 244: "neque sed aliquam bibendum, est ante"
        text run at (0,404) width 228: "vulputate lectus, in elementum felis"
        text run at (0,424) width 246: "tellus et nibh. Aliquam id ultrices nisl."
        text run at (0,444) width 241: "Sed sodales lacinia interdum. Aenean"
        text run at (0,464) width 182: "pharetra tellus ante, aliquam"
        text run at (0,484) width 118: "consectetur ligula."
scrolled to 100,0
