layer at (0,0) size 800x600
  RenderView at (0,0) size 800x600
layer at (0,0) size 800x8
  RenderBlock {HTML} at (0,0) size 800x8
    RenderBody {BODY} at (8,8) size 784x0
      RenderBlock {DIV} at (0,0) size 784x0
layer at (20,36) size 424x291
  RenderBlock (positioned) {P} at (20,36) size 424x291 [border: (2px solid #000000)]
    RenderMultiColumnSet at (2,2) size 420x287
layer at (22,38) size 200x560
  RenderMultiColumnFlowThread at (2,2) size 200x560
    RenderBlock (floating) at (0,0) size 25x43
      RenderText at (0,1) size 25x41
        text run at (0,1) width 25: "L"
    RenderText {#text} at (28,0) size 200x559
      text run at (28,0) width 142: "orem ipsum dolor sit"
      text run at (28,20) width 120: "amet, consectetur"
      text run at (0,40) width 200: "adipiscing elit. Cras pharetra"
      text run at (0,60) width 195: "mollis pharetra. Suspendisse"
      text run at (0,80) width 186: "lacinia orci et felis tristique"
      text run at (0,100) width 154: "sit amet semper massa"
      text run at (0,120) width 140: "tempus. Suspendisse"
      text run at (0,140) width 197: "consectetur tempor pulvinar."
      text run at (0,160) width 183: "Proin dui eros, ultricies vel"
      text run at (0,180) width 172: "malesuada vel, tempor at"
      text run at (0,200) width 160: "ante. Nam eget nisl dui."
      text run at (0,220) width 196: "Donec molestie lectus a nunc"
      text run at (0,240) width 199: "scelerisque blandit. Nam non"
      text run at (0,300) width 170: "ligula massa, sed suscipit"
      text run at (0,320) width 185: "turpis. Etiam eget ligula sit"
      text run at (0,340) width 199: "amet turpis venenatis dictum"
      text run at (0,360) width 196: "in eleifend augue. Duis tellus"
      text run at (0,380) width 194: "lectus, volutpat et adipiscing"
      text run at (0,400) width 170: "a, pellentesque eu metus."
      text run at (0,420) width 160: "Aenean suscipit congue"
      text run at (0,440) width 180: "mauris at gravida. Integer"
      text run at (0,460) width 188: "lectus ligula, consectetur sit"
      text run at (0,480) width 124: "amet venenatis id,"
      text run at (0,500) width 179: "scelerisque eget nisl. Nunc"
      text run at (0,520) width 190: "dapibus posuere risus, vitae"
      text run at (0,540) width 153: "tempor nibh iaculis et."
