layer at (0,0) size 1992x1010
  RenderView at (0,0) size 800x600
layer at (0,0) size 800x1010
  RenderBlock {HTML} at (0,0) size 800x1010
    RenderBody {BODY} at (8,8) size 784x994
      RenderBlock {HR} at (0,358) size 784x2 [border: (1px inset #000000)]
      RenderBlock {HR} at (0,676) size 784x2 [border: (1px inset #000000)]
layer at (8,8) size 784x350
  RenderBlock {DIV} at (0,0) size 784x350
    RenderMultiColumnSet at (0,0) size 784x350
layer at (8,8) size 384x1307 backgroundClip at (0,0) size 1992x1010 clip at (0,0) size 1992x1010
  RenderMultiColumnFlowThread at (0,0) size 384x1307
    RenderTable {TABLE} at (0,0) size 384x1307 [border: (1px outset #808080)]
      RenderTableSection {TBODY} at (1,1) size 382x1305
        RenderTableRow {TR} at (0,0) size 382x1305
          RenderTableCell {TD} at (0,44) size 146x1261 [border: (1px inset #808080)] [r=0 c=0 rs=1 cs=1]
            RenderText {#text} at (11,11) size 108x39
              text run at (11,11) width 108: "This cell has lots"
              text run at (11,31) width 46: "of text."
            RenderBR {BR} at (56,31) size 1x19
            RenderText {#text} at (11,51) size 108x39
              text run at (11,51) width 108: "This cell has lots"
              text run at (11,71) width 46: "of text."
            RenderBR {BR} at (56,71) size 1x19
            RenderText {#text} at (11,91) size 108x39
              text run at (11,91) width 108: "This cell has lots"
              text run at (11,111) width 46: "of text."
            RenderBR {BR} at (56,111) size 1x19
            RenderText {#text} at (11,131) size 108x39
              text run at (11,131) width 108: "This cell has lots"
              text run at (11,151) width 46: "of text."
            RenderBR {BR} at (56,151) size 1x19
            RenderText {#text} at (11,171) size 108x39
              text run at (11,171) width 108: "This cell has lots"
              text run at (11,191) width 46: "of text."
            RenderBR {BR} at (56,191) size 1x19
            RenderText {#text} at (11,211) size 108x39
              text run at (11,211) width 108: "This cell has lots"
              text run at (11,231) width 46: "of text."
            RenderBR {BR} at (56,231) size 1x19
            RenderText {#text} at (11,251) size 108x39
              text run at (11,251) width 108: "This cell has lots"
              text run at (11,271) width 46: "of text."
            RenderBR {BR} at (56,271) size 1x19
            RenderText {#text} at (11,305) size 108x39
              text run at (11,305) width 108: "This cell has lots"
              text run at (11,325) width 46: "of text."
            RenderBR {BR} at (56,325) size 1x19
            RenderText {#text} at (11,345) size 108x39
              text run at (11,345) width 108: "This cell has lots"
              text run at (11,365) width 46: "of text."
            RenderBR {BR} at (56,365) size 1x19
            RenderText {#text} at (11,385) size 108x39
              text run at (11,385) width 108: "This cell has lots"
              text run at (11,405) width 46: "of text."
            RenderBR {BR} at (56,405) size 1x19
            RenderText {#text} at (11,425) size 108x39
              text run at (11,425) width 108: "This cell has lots"
              text run at (11,445) width 46: "of text."
            RenderBR {BR} at (56,445) size 1x19
            RenderText {#text} at (11,465) size 108x39
              text run at (11,465) width 108: "This cell has lots"
              text run at (11,485) width 46: "of text."
            RenderBR {BR} at (56,485) size 1x19
            RenderText {#text} at (11,505) size 108x39
              text run at (11,505) width 108: "This cell has lots"
              text run at (11,525) width 46: "of text."
            RenderBR {BR} at (56,525) size 1x19
            RenderText {#text} at (11,545) size 108x39
              text run at (11,545) width 108: "This cell has lots"
              text run at (11,565) width 46: "of text."
            RenderBR {BR} at (56,565) size 1x19
            RenderText {#text} at (11,585) size 108x39
              text run at (11,585) width 108: "This cell has lots"
              text run at (11,605) width 46: "of text."
            RenderBR {BR} at (56,605) size 1x19
            RenderText {#text} at (11,625) size 108x49
              text run at (11,625) width 108: "This cell has lots"
              text run at (11,655) width 46: "of text."
            RenderBR {BR} at (56,655) size 1x19
            RenderText {#text} at (11,675) size 108x39
              text run at (11,675) width 108: "This cell has lots"
              text run at (11,695) width 46: "of text."
            RenderBR {BR} at (56,695) size 1x19
            RenderText {#text} at (11,715) size 108x39
              text run at (11,715) width 108: "This cell has lots"
              text run at (11,735) width 46: "of text."
            RenderBR {BR} at (56,735) size 1x19
            RenderText {#text} at (11,755) size 108x39
              text run at (11,755) width 108: "This cell has lots"
              text run at (11,775) width 46: "of text."
            RenderBR {BR} at (56,775) size 1x19
            RenderText {#text} at (11,795) size 108x39
              text run at (11,795) width 108: "This cell has lots"
              text run at (11,815) width 46: "of text."
            RenderBR {BR} at (56,815) size 1x19
            RenderText {#text} at (11,835) size 108x39
              text run at (11,835) width 108: "This cell has lots"
              text run at (11,855) width 46: "of text."
            RenderBR {BR} at (56,855) size 1x19
            RenderText {#text} at (11,875) size 108x39
              text run at (11,875) width 108: "This cell has lots"
              text run at (11,895) width 46: "of text."
            RenderBR {BR} at (56,895) size 1x19
            RenderText {#text} at (11,915) size 108x39
              text run at (11,915) width 108: "This cell has lots"
              text run at (11,935) width 46: "of text."
            RenderBR {BR} at (56,935) size 1x19
            RenderText {#text} at (11,955) size 108x39
              text run at (11,955) width 108: "This cell has lots"
              text run at (11,975) width 46: "of text."
            RenderBR {BR} at (56,975) size 1x19
            RenderText {#text} at (11,1005) size 108x39
              text run at (11,1005) width 108: "This cell has lots"
              text run at (11,1025) width 46: "of text."
            RenderBR {BR} at (56,1025) size 1x19
            RenderText {#text} at (11,1045) size 108x39
              text run at (11,1045) width 108: "This cell has lots"
              text run at (11,1065) width 46: "of text."
            RenderBR {BR} at (56,1065) size 1x19
            RenderText {#text} at (11,1085) size 108x39
              text run at (11,1085) width 108: "This cell has lots"
              text run at (11,1105) width 46: "of text."
            RenderBR {BR} at (56,1105) size 1x19
            RenderText {#text} at (11,1125) size 108x39
              text run at (11,1125) width 108: "This cell has lots"
              text run at (11,1145) width 46: "of text."
            RenderBR {BR} at (56,1145) size 1x19
            RenderText {#text} at (11,1165) size 108x39
              text run at (11,1165) width 108: "This cell has lots"
              text run at (11,1185) width 46: "of text."
            RenderBR {BR} at (56,1185) size 1x19
            RenderText {#text} at (11,1205) size 108x39
              text run at (11,1205) width 108: "This cell has lots"
              text run at (11,1225) width 46: "of text."
            RenderBR {BR} at (56,1225) size 1x19
          RenderTableCell {TD} at (145,0) size 238x172 [border: (1px inset #808080)] [r=0 c=1 rs=1 cs=1]
            RenderInline {SPAN} at (0,0) size 146x147
              RenderText {#text} at (11,12) size 146x147
                text run at (11,12) width 146: "Other"
                text run at (11,87) width 109: "cell."
layer at (8,376) size 784x300
  RenderBlock {DIV} at (0,368) size 784x300
    RenderMultiColumnSet at (0,0) size 784x300
layer at (8,376) size 384x1293 backgroundClip at (0,0) size 1992x1010 clip at (0,0) size 1992x1010
  RenderMultiColumnFlowThread at (0,0) size 384x1293
    RenderTable {TABLE} at (0,0) size 384x1293 [border: (1px outset #808080)]
      RenderTableSection {TBODY} at (1,1) size 382x1291
        RenderTableRow {TR} at (0,0) size 382x1291
          RenderTableCell {TD} at (0,0) size 146x1291 [border: (1px inset #808080)] [r=0 c=0 rs=1 cs=1]
            RenderText {#text} at (11,11) size 108x39
              text run at (11,11) width 108: "This cell has lots"
              text run at (11,31) width 46: "of text."
            RenderBR {BR} at (56,31) size 1x19
            RenderText {#text} at (11,51) size 108x39
              text run at (11,51) width 108: "This cell has lots"
              text run at (11,71) width 46: "of text."
            RenderBR {BR} at (56,71) size 1x19
            RenderText {#text} at (11,91) size 108x39
              text run at (11,91) width 108: "This cell has lots"
              text run at (11,111) width 46: "of text."
            RenderBR {BR} at (56,111) size 1x19
            RenderText {#text} at (11,131) size 108x39
              text run at (11,131) width 108: "This cell has lots"
              text run at (11,151) width 46: "of text."
            RenderBR {BR} at (56,151) size 1x19
            RenderText {#text} at (11,171) size 108x39
              text run at (11,171) width 108: "This cell has lots"
              text run at (11,191) width 46: "of text."
            RenderBR {BR} at (56,191) size 1x19
            RenderText {#text} at (11,211) size 108x39
              text run at (11,211) width 108: "This cell has lots"
              text run at (11,231) width 46: "of text."
            RenderBR {BR} at (56,231) size 1x19
            RenderText {#text} at (11,251) size 108x39
              text run at (11,251) width 108: "This cell has lots"
              text run at (11,271) width 46: "of text."
            RenderBR {BR} at (56,271) size 1x19
            RenderText {#text} at (11,299) size 108x39
              text run at (11,299) width 108: "This cell has lots"
              text run at (11,319) width 46: "of text."
            RenderBR {BR} at (56,319) size 1x19
            RenderText {#text} at (11,339) size 108x39
              text run at (11,339) width 108: "This cell has lots"
              text run at (11,359) width 46: "of text."
            RenderBR {BR} at (56,359) size 1x19
            RenderText {#text} at (11,379) size 108x39
              text run at (11,379) width 108: "This cell has lots"
              text run at (11,399) width 46: "of text."
            RenderBR {BR} at (56,399) size 1x19
            RenderText {#text} at (11,419) size 108x39
              text run at (11,419) width 108: "This cell has lots"
              text run at (11,439) width 46: "of text."
            RenderBR {BR} at (56,439) size 1x19
            RenderText {#text} at (11,459) size 108x39
              text run at (11,459) width 108: "This cell has lots"
              text run at (11,479) width 46: "of text."
            RenderBR {BR} at (56,479) size 1x19
            RenderText {#text} at (11,499) size 108x39
              text run at (11,499) width 108: "This cell has lots"
              text run at (11,519) width 46: "of text."
            RenderBR {BR} at (56,519) size 1x19
            RenderText {#text} at (11,539) size 108x39
              text run at (11,539) width 108: "This cell has lots"
              text run at (11,559) width 46: "of text."
            RenderBR {BR} at (56,559) size 1x19
            RenderText {#text} at (11,579) size 108x39
              text run at (11,579) width 108: "This cell has lots"
              text run at (11,599) width 46: "of text."
            RenderBR {BR} at (56,599) size 1x19
            RenderText {#text} at (11,619) size 108x39
              text run at (11,619) width 108: "This cell has lots"
              text run at (11,639) width 46: "of text."
            RenderBR {BR} at (56,639) size 1x19
            RenderText {#text} at (11,659) size 108x39
              text run at (11,659) width 108: "This cell has lots"
              text run at (11,679) width 46: "of text."
            RenderBR {BR} at (56,679) size 1x19
            RenderText {#text} at (11,699) size 108x39
              text run at (11,699) width 108: "This cell has lots"
              text run at (11,719) width 46: "of text."
            RenderBR {BR} at (56,719) size 1x19
            RenderText {#text} at (11,739) size 108x39
              text run at (11,739) width 108: "This cell has lots"
              text run at (11,759) width 46: "of text."
            RenderBR {BR} at (56,759) size 1x19
            RenderText {#text} at (11,779) size 108x39
              text run at (11,779) width 108: "This cell has lots"
              text run at (11,799) width 46: "of text."
            RenderBR {BR} at (56,799) size 1x19
            RenderText {#text} at (11,819) size 108x39
              text run at (11,819) width 108: "This cell has lots"
              text run at (11,839) width 46: "of text."
            RenderBR {BR} at (56,839) size 1x19
            RenderText {#text} at (11,859) size 108x39
              text run at (11,859) width 108: "This cell has lots"
              text run at (11,879) width 46: "of text."
            RenderBR {BR} at (56,879) size 1x19
            RenderText {#text} at (11,899) size 108x39
              text run at (11,899) width 108: "This cell has lots"
              text run at (11,919) width 46: "of text."
            RenderBR {BR} at (56,919) size 1x19
            RenderText {#text} at (11,939) size 108x39
              text run at (11,939) width 108: "This cell has lots"
              text run at (11,959) width 46: "of text."
            RenderBR {BR} at (56,959) size 1x19
            RenderText {#text} at (11,979) size 108x39
              text run at (11,979) width 108: "This cell has lots"
              text run at (11,999) width 46: "of text."
            RenderBR {BR} at (56,999) size 1x19
            RenderText {#text} at (11,1019) size 108x39
              text run at (11,1019) width 108: "This cell has lots"
              text run at (11,1039) width 46: "of text."
            RenderBR {BR} at (56,1039) size 1x19
            RenderText {#text} at (11,1059) size 108x39
              text run at (11,1059) width 108: "This cell has lots"
              text run at (11,1079) width 46: "of text."
            RenderBR {BR} at (56,1079) size 1x19
            RenderText {#text} at (11,1099) size 108x39
              text run at (11,1099) width 108: "This cell has lots"
              text run at (11,1119) width 46: "of text."
            RenderBR {BR} at (56,1119) size 1x19
            RenderText {#text} at (11,1139) size 108x39
              text run at (11,1139) width 108: "This cell has lots"
              text run at (11,1159) width 46: "of text."
            RenderBR {BR} at (56,1159) size 1x19
            RenderText {#text} at (11,1179) size 108x39
              text run at (11,1179) width 108: "This cell has lots"
              text run at (11,1199) width 46: "of text."
            RenderBR {BR} at (56,1199) size 1x19
          RenderTableCell {TD} at (145,529) size 238x232 [border: (1px inset #808080)] [r=0 c=1 rs=1 cs=1]
            RenderInline {SPAN} at (0,0) size 146x147
              RenderText {#text} at (11,70) size 146x148
                text run at (11,71) width 146: "Other"
                text run at (11,146) width 109: "cell."
layer at (8,702) size 784x300
  RenderBlock {DIV} at (0,694) size 784x300
    RenderMultiColumnSet at (0,0) size 784x300
layer at (8,702) size 384x1288 backgroundClip at (0,0) size 1992x1010 clip at (0,0) size 1992x1010
  RenderMultiColumnFlowThread at (0,0) size 384x1288
    RenderTable {TABLE} at (0,0) size 384x1288 [border: (1px outset #808080)]
      RenderTableSection {TBODY} at (1,1) size 382x1286
        RenderTableRow {TR} at (0,0) size 382x1286
          RenderTableCell {TD} at (0,0) size 146x1286 [border: (1px inset #808080)] [r=0 c=0 rs=1 cs=1]
            RenderText {#text} at (11,11) size 108x39
              text run at (11,11) width 108: "This cell has lots"
              text run at (11,31) width 46: "of text."
            RenderBR {BR} at (56,31) size 1x19
            RenderText {#text} at (11,51) size 108x39
              text run at (11,51) width 108: "This cell has lots"
              text run at (11,71) width 46: "of text."
            RenderBR {BR} at (56,71) size 1x19
            RenderText {#text} at (11,91) size 108x39
              text run at (11,91) width 108: "This cell has lots"
              text run at (11,111) width 46: "of text."
            RenderBR {BR} at (56,111) size 1x19
            RenderText {#text} at (11,131) size 108x39
              text run at (11,131) width 108: "This cell has lots"
              text run at (11,151) width 46: "of text."
            RenderBR {BR} at (56,151) size 1x19
            RenderText {#text} at (11,171) size 108x39
              text run at (11,171) width 108: "This cell has lots"
              text run at (11,191) width 46: "of text."
            RenderBR {BR} at (56,191) size 1x19
            RenderText {#text} at (11,211) size 108x39
              text run at (11,211) width 108: "This cell has lots"
              text run at (11,231) width 46: "of text."
            RenderBR {BR} at (56,231) size 1x19
            RenderText {#text} at (11,251) size 108x39
              text run at (11,251) width 108: "This cell has lots"
              text run at (11,271) width 46: "of text."
            RenderBR {BR} at (56,271) size 1x19
            RenderText {#text} at (11,299) size 108x39
              text run at (11,299) width 108: "This cell has lots"
              text run at (11,319) width 46: "of text."
            RenderBR {BR} at (56,319) size 1x19
            RenderText {#text} at (11,339) size 108x39
              text run at (11,339) width 108: "This cell has lots"
              text run at (11,359) width 46: "of text."
            RenderBR {BR} at (56,359) size 1x19
            RenderText {#text} at (11,379) size 108x39
              text run at (11,379) width 108: "This cell has lots"
              text run at (11,399) width 46: "of text."
            RenderBR {BR} at (56,399) size 1x19
            RenderText {#text} at (11,419) size 108x39
              text run at (11,419) width 108: "This cell has lots"
              text run at (11,439) width 46: "of text."
            RenderBR {BR} at (56,439) size 1x19
            RenderText {#text} at (11,459) size 108x39
              text run at (11,459) width 108: "This cell has lots"
              text run at (11,479) width 46: "of text."
            RenderBR {BR} at (56,479) size 1x19
            RenderText {#text} at (11,499) size 108x39
              text run at (11,499) width 108: "This cell has lots"
              text run at (11,519) width 46: "of text."
            RenderBR {BR} at (56,519) size 1x19
            RenderText {#text} at (11,539) size 108x39
              text run at (11,539) width 108: "This cell has lots"
              text run at (11,559) width 46: "of text."
            RenderBR {BR} at (56,559) size 1x19
            RenderText {#text} at (11,579) size 108x39
              text run at (11,579) width 108: "This cell has lots"
              text run at (11,599) width 46: "of text."
            RenderBR {BR} at (56,599) size 1x19
            RenderText {#text} at (11,619) size 108x39
              text run at (11,619) width 108: "This cell has lots"
              text run at (11,639) width 46: "of text."
            RenderBR {BR} at (56,639) size 1x19
            RenderText {#text} at (11,659) size 108x39
              text run at (11,659) width 108: "This cell has lots"
              text run at (11,679) width 46: "of text."
            RenderBR {BR} at (56,679) size 1x19
            RenderText {#text} at (11,699) size 108x39
              text run at (11,699) width 108: "This cell has lots"
              text run at (11,719) width 46: "of text."
            RenderBR {BR} at (56,719) size 1x19
            RenderText {#text} at (11,739) size 108x39
              text run at (11,739) width 108: "This cell has lots"
              text run at (11,759) width 46: "of text."
            RenderBR {BR} at (56,759) size 1x19
            RenderText {#text} at (11,779) size 108x39
              text run at (11,779) width 108: "This cell has lots"
              text run at (11,799) width 46: "of text."
            RenderBR {BR} at (56,799) size 1x19
            RenderText {#text} at (11,819) size 108x39
              text run at (11,819) width 108: "This cell has lots"
              text run at (11,839) width 46: "of text."
            RenderBR {BR} at (56,839) size 1x19
            RenderText {#text} at (11,859) size 108x39
              text run at (11,859) width 108: "This cell has lots"
              text run at (11,879) width 46: "of text."
            RenderBR {BR} at (56,879) size 1x19
            RenderText {#text} at (11,899) size 108x39
              text run at (11,899) width 108: "This cell has lots"
              text run at (11,919) width 46: "of text."
            RenderBR {BR} at (56,919) size 1x19
            RenderText {#text} at (11,939) size 108x39
              text run at (11,939) width 108: "This cell has lots"
              text run at (11,959) width 46: "of text."
            RenderBR {BR} at (56,959) size 1x19
            RenderText {#text} at (11,979) size 108x39
              text run at (11,979) width 108: "This cell has lots"
              text run at (11,999) width 46: "of text."
            RenderBR {BR} at (56,999) size 1x19
            RenderText {#text} at (11,1019) size 108x39
              text run at (11,1019) width 108: "This cell has lots"
              text run at (11,1039) width 46: "of text."
            RenderBR {BR} at (56,1039) size 1x19
            RenderText {#text} at (11,1059) size 108x39
              text run at (11,1059) width 108: "This cell has lots"
              text run at (11,1079) width 46: "of text."
            RenderBR {BR} at (56,1079) size 1x19
            RenderText {#text} at (11,1099) size 108x39
              text run at (11,1099) width 108: "This cell has lots"
              text run at (11,1119) width 46: "of text."
            RenderBR {BR} at (56,1119) size 1x19
            RenderText {#text} at (11,1139) size 108x39
              text run at (11,1139) width 108: "This cell has lots"
              text run at (11,1159) width 46: "of text."
            RenderBR {BR} at (56,1159) size 1x19
            RenderText {#text} at (11,1179) size 108x39
              text run at (11,1179) width 108: "This cell has lots"
              text run at (11,1199) width 46: "of text."
            RenderBR {BR} at (56,1199) size 1x19
          RenderTableCell {TD} at (145,1059) size 238x227 [border: (1px inset #808080)] [r=0 c=1 rs=1 cs=1]
            RenderInline {SPAN} at (0,0) size 146x201
              RenderText {#text} at (11,12) size 146x201
                text run at (11,12) width 146: "Other"
                text run at (11,141) width 109: "cell."
