layer at (0,0) size 800x600
  RenderView at (0,0) size 800x600
layer at (0,0) size 800x158
  RenderBlock {HTML} at (0,0) size 800x158
    RenderBody {BODY} at (8,8) size 784x142
layer at (8,8) size 304x142
  RenderBlock {DIV} at (0,0) size 304x142 [border: (2px solid #0000FF)]
    RenderMultiColumnSet at (2,2) size 300x138
layer at (10,10) size 142x276
  RenderMultiColumnFlowThread at (2,2) size 142x276
    RenderBlock {P} at (0,16) size 142x194
      RenderText {#text} at (0,0) size 119x54
        text run at (0,0) width 119: "This image should"
        text run at (0,18) width 116: "not be split across"
        text run at (0,36) width 59: "columns."
      RenderBR {BR} at (58,36) size 1x18
      RenderText {#text} at (0,54) size 138x140
        text run at (0,54) width 131: "The reason it should"
        text run at (0,72) width 138: "not be split is that the"
        text run at (0,90) width 130: "line contains no text"
        text run at (0,122) width 130: "and so we should be"
        text run at (0,140) width 131: "willing to allow it to"
        text run at (0,158) width 138: "sit at the top of a new"
        text run at (0,176) width 35: "page."
    RenderBlock (anonymous) at (0,226) size 142x50
      RenderBlock {DIV} at (0,0) size 142x50 [bgcolor=#00FF00]
      RenderText {#text} at (0,0) size 0x0
      RenderBlock {DIV} at (0,50) size 50x0 [bgcolor=#800080]
      RenderText {#text} at (0,0) size 0x0
