layer at (0,0) size 800x888
  RenderView at (0,0) size 800x600
layer at (0,0) size 320x600
  RenderBlock {HTML} at (0,0) size 320x600
    RenderBody {BODY} at (8,8) size 304x584
layer at (8,8) size 304x584
  RenderBlock {DIV} at (0,0) size 304x584 [border: (2px solid #0000FF)]
    RenderMultiColumnSet at (2,2) size 300x580
layer at (10,10) size 650x282
  RenderMultiColumnFlowThread at (2,2) size 650x282
    RenderBlock {P} at (16,0) size 126x282
      RenderText {#text} at (1,0) size 40x238
        text run at (1,0) width 238: "This image should not be split across"
        text run at (22,0) width 59: "columns."
      RenderBR {BR} at (22,58) size 19x1
      RenderText {#text} at (43,0) size 82x273
        text run at (43,0) width 272: "The reason it should not be split is that the"
        text run at (64,0) width 264: "line contains no text and so we should be"
        text run at (85,0) width 273: "willing to allow it to sit at the top of a new"
        text run at (106,0) width 35: "page."
    RenderBlock (anonymous) at (158,0) size 492x282
      RenderBlock {DIV} at (142,0) size 300x50 [bgcolor=#00FF00]
      RenderText {#text} at (0,0) size 0x0
      RenderBlock {DIV} at (442,0) size 50x282 [bgcolor=#800080]
      RenderText {#text} at (0,0) size 0x0
