layer at (0,0) size 800x600
  RenderView at (0,0) size 800x600
layer at (0,0) size 800x600
  RenderBlock {HTML} at (0,0) size 800x600
    RenderBody {BODY} at (8,8) size 784x584
layer at (8,8) size 770x320
  RenderBlock {DIV} at (0,0) size 770x320 [border: (5px solid #000000)]
    RenderMultiColumnSet at (10,10) size 750x300
layer at (18,18) size 367x524
  RenderMultiColumnFlowThread at (10,10) size 367x524
    RenderBlock {DIV} at (0,0) size 367x250
    RenderBlock (anonymous) at (0,300) size 367x224
      RenderBlock {DIV} at (0,0) size 308x224 [border: (2px solid #008000)]
        RenderText {#text} at (2,2) size 304x19
          text run at (2,2) width 304: "All of this text should be in the second column."
        RenderBR {BR} at (305,2) size 1x19
        RenderText {#text} at (2,22) size 304x19
          text run at (2,22) width 304: "All of this text should be in the second column."
        RenderBR {BR} at (305,22) size 1x19
        RenderText {#text} at (2,42) size 304x19
          text run at (2,42) width 304: "All of this text should be in the second column."
        RenderBR {BR} at (305,42) size 1x19
        RenderText {#text} at (2,62) size 304x19
          text run at (2,62) width 304: "All of this text should be in the second column."
        RenderBR {BR} at (305,62) size 1x19
        RenderText {#text} at (2,82) size 304x19
          text run at (2,82) width 304: "All of this text should be in the second column."
        RenderBR {BR} at (305,82) size 1x19
        RenderText {#text} at (2,102) size 304x19
          text run at (2,102) width 304: "All of this text should be in the second column."
        RenderBR {BR} at (305,102) size 1x19
        RenderText {#text} at (2,122) size 304x19
          text run at (2,122) width 304: "All of this text should be in the second column."
        RenderBR {BR} at (305,122) size 1x19
        RenderText {#text} at (2,142) size 304x19
          text run at (2,142) width 304: "All of this text should be in the second column."
        RenderBR {BR} at (305,142) size 1x19
        RenderText {#text} at (2,162) size 304x19
          text run at (2,162) width 304: "All of this text should be in the second column."
        RenderBR {BR} at (305,162) size 1x19
        RenderText {#text} at (2,182) size 304x19
          text run at (2,182) width 304: "All of this text should be in the second column."
        RenderBR {BR} at (305,182) size 1x19
        RenderText {#text} at (2,202) size 304x19
          text run at (2,202) width 304: "All of this text should be in the second column."
        RenderBR {BR} at (305,202) size 1x19
      RenderText {#text} at (0,0) size 0x0
