layer at (0,0) size 792x1137
  RenderView at (0,0) size 785x585
layer at (0,0) size 785x1137
  RenderBlock {HTML} at (0,0) size 785x1138
    RenderBody {BODY} at (8,8) size 769x1116 [bgcolor=#EEEEEE]
      RenderBlock (anonymous) at (0,0) size 769x21
        RenderInline {SPAN} at (0,7) size 192x16
          RenderText {#text} at (0,0) size 0x0
          RenderInline {SPAN} at (0,7) size 192x16
            RenderText {#text} at (0,0) size 0x0
            RenderInline {TABLE} at (0,4) size 192x19
              RenderText {#text} at (0,0) size 0x0
              RenderTable at (0,0) size 192x21
                RenderTableSection {TBODY} at (0,0) size 192x21
                  RenderTableRow {TR} at (0,0) size 192x21
                    RenderTableCell {TD} at (0,0) size 116x21 [r=0 c=0 rs=1 cs=1]
                      RenderText {#text} at (1,1) size 114x19
                        text run at (1,1) width 114: "Record Locator:"
                    RenderTableCell {TD} at (115,0) size 77x21 [r=0 c=1 rs=1 cs=1]
                      RenderInline {B} at (1,1) size 74x19
                        RenderText {#text} at (1,1) size 74x19
                          text run at (1,1) width 74: "WHGNSO"
                      RenderText {#text} at (0,0) size 0x0
            RenderText {#text} at (0,0) size 0x0
          RenderText {#text} at (0,0) size 0x0
      RenderBlock (anonymous) at (0,27) size 769x3
      RenderBlock (anonymous) at (0,35) size 769x45
        RenderInline {SPAN} at (0,2) size 114x42
          RenderInline {SPAN} at (0,2) size 114x42
            RenderText {#text} at (0,0) size 0x0
            RenderInline {SPAN} at (0,0) size 114x19
              RenderText {#text} at (0,0) size 0x0
              RenderImage {IMG} at (0,0) size 57x22
              RenderText {#text} at (57,0) size 57x19
                text run at (57,0) width 5: " "
                text run at (61,0) width 53: "Names"
              RenderBR {BR} at (113,0) size 1x19
            RenderText {#text} at (0,0) size 0x0
            RenderInline {SPAN} at (0,29) size 106x15
              RenderText {#text} at (0,0) size 0x0
              RenderText {#text} at (0,0) size 0x0
            RenderText {#text} at (0,0) size 0x0
          RenderText {#text} at (0,0) size 0x0
      RenderBlock (anonymous) at (0,86) size 769x3
      RenderBlock (anonymous) at (0,95) size 769x68
        RenderInline {SPAN} at (0,2) size 597x66
          RenderInline {SPAN} at (0,2) size 597x66
            RenderText {#text} at (0,0) size 0x0
            RenderImage {IMG} at (0,1) size 67x21
            RenderText {#text} at (67,2) size 4x16
              text run at (67,2) width 4: " "
            RenderInline {SPAN} at (70,0) size 83x19
              RenderText {#text} at (70,0) size 83x19
                text run at (70,0) width 83: "Addresses"
              RenderBR {BR} at (152,0) size 1x19
            RenderText {#text} at (0,0) size 0x0
            RenderText {#text} at (0,0) size 0x0
          RenderText {#text} at (0,0) size 0x0
      RenderBlock (anonymous) at (0,169) size 769x3
      RenderBlock (anonymous) at (0,177) size 769x42
        RenderInline {SPAN} at (0,2) size 125x42
          RenderInline {SPAN} at (0,2) size 125x42
            RenderText {#text} at (0,0) size 0x0
            RenderInline {SPAN} at (0,0) size 125x19
              RenderText {#text} at (0,0) size 0x0
              RenderImage {IMG} at (0,0) size 62x22
              RenderText {#text} at (62,0) size 63x19
                text run at (62,0) width 5: " "
                text run at (66,0) width 59: "Phones"
              RenderBR {BR} at (124,0) size 1x19
            RenderText {#text} at (0,0) size 0x0
      RenderBlock (anonymous) at (0,279) size 769x0
        RenderInline {SPAN} at (0,0) size 0x0
          RenderInline {SPAN} at (0,0) size 0x0
            RenderText {#text} at (0,0) size 0x0
          RenderText {#text} at (0,0) size 0x0
      RenderBlock (anonymous) at (0,286) size 769x3
      RenderBlock (anonymous) at (0,295) size 769x22
        RenderInline {SPAN} at (0,2) size 136x16
          RenderInline {SPAN} at (0,2) size 136x16
            RenderText {#text} at (0,0) size 0x0
            RenderInline {SPAN} at (0,0) size 136x19
              RenderText {#text} at (0,0) size 0x0
              RenderImage {IMG} at (0,0) size 68x22
              RenderText {#text} at (68,0) size 68x19
                text run at (68,0) width 5: " "
                text run at (72,0) width 64: "Itinerary"
            RenderText {#text} at (0,0) size 0x0
            RenderInline {SPAN} at (135,2) size 0x16
              RenderText {#text} at (0,0) size 0x0
              RenderInline {SPAN} at (135,2) size 0x16
                RenderText {#text} at (0,0) size 0x0
      RenderBlock (anonymous) at (0,316) size 769x62
        RenderTable {TABLE} at (0,0) size 584x62
          RenderTableSection {TBODY} at (0,0) size 584x62
            RenderTableRow {TR} at (0,2) size 584x58
              RenderTableCell {TD} at (2,29) size 2x3 [r=0 c=0 rs=1 cs=1]
              RenderTableCell {TD} at (6,2) size 2x2 [r=0 c=1 rs=1 cs=1]
              RenderTableCell {TD} at (10,19) size 151x24 [r=0 c=2 rs=1 cs=1]
                RenderImage {IMG} at (1,18) size 149x22
                RenderText {#text} at (0,0) size 0x0
              RenderTableCell {TD} at (163,2) size 419x58 [r=0 c=3 rs=1 cs=1]
                RenderText {#text} at (1,1) size 145x19
                  text run at (1,1) width 145: "TUR - Tour Package"
                RenderBR {BR} at (145,1) size 1x19
                RenderText {#text} at (1,19) size 229x19
                  text run at (1,19) width 229: "Date: Sunday, January 12, 2003"
                RenderBR {BR} at (229,19) size 1x19
                RenderText {#text} at (1,38) size 417x18
                  text run at (1,38) width 417: "Comments: -** TICKETLESS CONF CODE IS WHGNSO**"
      RenderBlock (anonymous) at (0,377) size 769x0
        RenderInline {SPAN} at (0,0) size 0x0
          RenderInline {SPAN} at (0,0) size 0x0
            RenderInline {SPAN} at (0,0) size 0x0
              RenderInline {SPAN} at (0,0) size 0x0
              RenderText {#text} at (0,0) size 0x0
      RenderBlock (anonymous) at (0,383) size 769x3
      RenderBlock (anonymous) at (0,392) size 769x0
        RenderInline {SPAN} at (0,0) size 0x0
          RenderInline {SPAN} at (0,0) size 0x0
            RenderInline {SPAN} at (0,0) size 0x0
              RenderInline {SPAN} at (0,0) size 0x0
                RenderText {#text} at (0,0) size 0x0
      RenderBlock (anonymous) at (0,392) size 769x201
        RenderTable {TABLE} at (0,0) size 717x200
          RenderTableSection {TBODY} at (0,0) size 717x200
            RenderTableRow {TR} at (0,2) size 717x196
              RenderTableCell {TD} at (2,98) size 2x3 [r=0 c=0 rs=1 cs=1]
              RenderTableCell {TD} at (6,2) size 2x2 [r=0 c=1 rs=1 cs=1]
              RenderTableCell {TD} at (10,88) size 95x24 [r=0 c=2 rs=1 cs=1]
                RenderImage {IMG} at (1,87) size 93x22
                RenderText {#text} at (0,0) size 0x0
              RenderTableCell {TD} at (107,2) size 608x196 [r=0 c=3 rs=1 cs=1]
                RenderBlock (anonymous) at (1,1) size 606x129
                  RenderText {#text} at (0,0) size 20x19
                    text run at (0,0) width 20: "Air"
                  RenderBR {BR} at (19,0) size 1x19
                  RenderText {#text} at (0,18) size 485x19
                    text run at (0,18) width 51: "United "
                    text run at (50,18) width 84: "Flight 1187 "
                    text run at (133,18) width 123: "Booking Code:M "
                    text run at (255,18) width 230: "Date: Sunday, January 12, 2003"
                  RenderBR {BR} at (484,18) size 1x19
                  RenderText {#text} at (0,37) size 391x18
                    text run at (0,37) width 391: "From: San Francisco Intl Arpt, San Francisco CA - U.S."
                  RenderBR {BR} at (390,37) size 1x18
                  RenderText {#text} at (0,55) size 404x19
                    text run at (0,55) width 26: "To: "
                    text run at (25,55) width 379: "Burbank Glendale Pasadena Arpt, Burbank CA - U.S."
                  RenderBR {BR} at (403,55) size 1x19
                  RenderText {#text} at (0,73) size 248x19
                    text run at (0,73) width 129: "Departs: 6:05 PM "
                    text run at (128,73) width 120: "Arrives: 7:10 PM"
                  RenderBR {BR} at (247,73) size 1x19
                  RenderText {#text} at (0,92) size 50x19
                    text run at (0,92) width 50: "Status:"
                  RenderInline {SPACE} at (0,92) size 125x37
                    RenderText {#text} at (49,92) size 76x19
                      text run at (49,92) width 76: " confirmed"
                    RenderInline {SPACE} at (0,92) size 125x37
                      RenderText {#text} at (0,0) size 0x0
                      RenderBR {BR} at (124,92) size 1x19
                      RenderText {#text} at (0,110) size 46x19
                        text run at (0,110) width 46: "Seats:"
                      RenderBR {BR} at (45,110) size 1x19
                RenderBlock (anonymous) at (1,129) size 606x48
                  RenderTable {TABLE} at (0,0) size 606x47 [border: (1px outset #808080)]
                    RenderTableSection {TBODY} at (1,1) size 604x45
                      RenderTableRow {TR} at (0,0) size 604x23 [bgcolor=#E0E0E0]
                        RenderTableCell {TD} at (0,0) size 98x23 [border: (1px inset #808080)] [r=0 c=0 rs=1 cs=1]
                          RenderText {#text} at (2,2) size 43x19
                            text run at (2,2) width 43: "Name"
                        RenderTableCell {TD} at (97,0) size 38x23 [border: (1px inset #808080)] [r=0 c=1 rs=1 cs=1]
                          RenderText {#text} at (2,2) size 33x19
                            text run at (2,2) width 33: "Seat"
                        RenderTableCell {TD} at (134,0) size 79x23 [border: (1px inset #808080)] [r=0 c=2 rs=1 cs=1]
                          RenderText {#text} at (2,2) size 46x19
                            text run at (2,2) width 46: "Status"
                        RenderTableCell {TD} at (212,0) size 318x23 [border: (1px inset #808080)] [r=0 c=3 rs=1 cs=1]
                          RenderText {#text} at (2,2) size 35x19
                            text run at (2,2) width 35: "Type"
                        RenderTableCell {TD} at (530,0) size 74x23 [border: (1px inset #808080)] [r=0 c=4 rs=1 cs=1]
                          RenderText {#text} at (2,2) size 70x19
                            text run at (2,2) width 70: "Comment"
                      RenderTableRow {TR} at (0,22) size 604x23
                        RenderTableCell {TD} at (0,22) size 98x23 [border: (1px inset #808080)] [r=1 c=0 rs=1 cs=1]
                          RenderText {#text} at (2,2) size 94x19
                            text run at (2,2) width 94: "HAO,SCOTT"
                        RenderTableCell {TD} at (97,22) size 38x23 [border: (1px inset #808080)] [r=1 c=1 rs=1 cs=1]
                          RenderText {#text} at (2,2) size 29x19
                            text run at (2,2) width 29: "08A"
                        RenderTableCell {TD} at (134,22) size 79x23 [border: (1px inset #808080)] [r=1 c=2 rs=1 cs=1]
                          RenderText {#text} at (2,2) size 75x19
                            text run at (2,2) width 75: "confirmed "
                        RenderTableCell {TD} at (212,22) size 318x23 [border: (1px inset #808080)] [r=1 c=3 rs=1 cs=1]
                          RenderText {#text} at (2,2) size 314x19
                            text run at (2,2) width 314: "Non-Smoking, Window Seat, Preferred Seat"
                        RenderTableCell {TD} at (530,22) size 74x23 [border: (1px inset #808080)] [r=1 c=4 rs=1 cs=1]
                          RenderText {#text} at (2,2) size 5x19
                            text run at (2,2) width 5: " "
                RenderBlock (anonymous) at (1,176) size 606x19
                  RenderInline {SPACE} at (0,0) size 0x19
                    RenderInline {SPACE} at (0,0) size 0x19
                      RenderBR {BR} at (0,0) size 0x19
      RenderBlock (anonymous) at (0,592) size 769x0
        RenderInline {SPAN} at (0,0) size 0x0
          RenderInline {SPAN} at (0,0) size 0x0
            RenderInline {SPAN} at (0,0) size 0x0
              RenderInline {SPAN} at (0,0) size 0x0
              RenderText {#text} at (0,0) size 0x0
      RenderBlock (anonymous) at (0,599) size 769x3
      RenderBlock (anonymous) at (0,607) size 769x0
        RenderInline {SPAN} at (0,0) size 0x0
          RenderInline {SPAN} at (0,0) size 0x0
            RenderInline {SPAN} at (0,0) size 0x0
              RenderInline {SPAN} at (0,0) size 0x0
                RenderText {#text} at (0,0) size 0x0
      RenderBlock (anonymous) at (0,607) size 769x201
        RenderTable {TABLE} at (0,0) size 604x200
          RenderTableSection {TBODY} at (0,0) size 604x200
            RenderTableRow {TR} at (0,2) size 604x196
              RenderTableCell {TD} at (2,98) size 2x3 [r=0 c=0 rs=1 cs=1]
              RenderTableCell {TD} at (6,2) size 2x2 [r=0 c=1 rs=1 cs=1]
              RenderTableCell {TD} at (10,88) size 95x24 [r=0 c=2 rs=1 cs=1]
                RenderImage {IMG} at (1,87) size 93x22
                RenderText {#text} at (0,0) size 0x0
              RenderTableCell {TD} at (107,2) size 495x196 [r=0 c=3 rs=1 cs=1]
                RenderBlock (anonymous) at (1,1) size 493x129
                  RenderText {#text} at (0,0) size 20x19
                    text run at (0,0) width 20: "Air"
                  RenderBR {BR} at (19,0) size 1x19
                  RenderText {#text} at (0,18) size 466x19
                    text run at (0,18) width 51: "United "
                    text run at (50,18) width 76: "Flight 480 "
                    text run at (125,18) width 123: "Booking Code:Q "
                    text run at (247,18) width 219: "Date: Friday, January 24, 2003"
                  RenderBR {BR} at (465,18) size 1x19
                  RenderText {#text} at (0,37) size 425x18
                    text run at (0,37) width 425: "From: Burbank Glendale Pasadena Arpt, Burbank CA - U.S."
                  RenderBR {BR} at (424,37) size 1x18
                  RenderText {#text} at (0,55) size 370x19
                    text run at (0,55) width 26: "To: "
                    text run at (25,55) width 345: "San Francisco Intl Arpt, San Francisco CA - U.S."
                  RenderBR {BR} at (369,55) size 1x19
                  RenderText {#text} at (0,73) size 248x19
                    text run at (0,73) width 129: "Departs: 1:40 PM "
                    text run at (128,73) width 120: "Arrives: 2:50 PM"
                  RenderBR {BR} at (247,73) size 1x19
                  RenderText {#text} at (0,92) size 50x19
                    text run at (0,92) width 50: "Status:"
                  RenderInline {SPACE} at (0,92) size 125x37
                    RenderText {#text} at (49,92) size 76x19
                      text run at (49,92) width 76: " confirmed"
                    RenderInline {SPACE} at (0,92) size 125x37
                      RenderText {#text} at (0,0) size 0x0
                      RenderBR {BR} at (124,92) size 1x19
                      RenderText {#text} at (0,110) size 46x19
                        text run at (0,110) width 46: "Seats:"
                      RenderBR {BR} at (45,110) size 1x19
                RenderBlock (anonymous) at (1,129) size 493x48
                  RenderTable {TABLE} at (0,0) size 493x47 [border: (1px outset #808080)]
                    RenderTableSection {TBODY} at (1,1) size 491x45
                      RenderTableRow {TR} at (0,0) size 491x23 [bgcolor=#E0E0E0]
                        RenderTableCell {TD} at (0,0) size 98x23 [border: (1px inset #808080)] [r=0 c=0 rs=1 cs=1]
                          RenderText {#text} at (2,2) size 43x19
                            text run at (2,2) width 43: "Name"
                        RenderTableCell {TD} at (97,0) size 38x23 [border: (1px inset #808080)] [r=0 c=1 rs=1 cs=1]
                          RenderText {#text} at (2,2) size 33x19
                            text run at (2,2) width 33: "Seat"
                        RenderTableCell {TD} at (134,0) size 79x23 [border: (1px inset #808080)] [r=0 c=2 rs=1 cs=1]
                          RenderText {#text} at (2,2) size 46x19
                            text run at (2,2) width 46: "Status"
                        RenderTableCell {TD} at (212,0) size 206x23 [border: (1px inset #808080)] [r=0 c=3 rs=1 cs=1]
                          RenderText {#text} at (2,2) size 35x19
                            text run at (2,2) width 35: "Type"
                        RenderTableCell {TD} at (417,0) size 74x23 [border: (1px inset #808080)] [r=0 c=4 rs=1 cs=1]
                          RenderText {#text} at (2,2) size 70x19
                            text run at (2,2) width 70: "Comment"
                      RenderTableRow {TR} at (0,22) size 491x23
                        RenderTableCell {TD} at (0,22) size 98x23 [border: (1px inset #808080)] [r=1 c=0 rs=1 cs=1]
                          RenderText {#text} at (2,2) size 94x19
                            text run at (2,2) width 94: "HAO,SCOTT"
                        RenderTableCell {TD} at (97,22) size 38x23 [border: (1px inset #808080)] [r=1 c=1 rs=1 cs=1]
                          RenderText {#text} at (2,2) size 28x19
                            text run at (2,2) width 28: "13F"
                        RenderTableCell {TD} at (134,22) size 79x23 [border: (1px inset #808080)] [r=1 c=2 rs=1 cs=1]
                          RenderText {#text} at (2,2) size 75x19
                            text run at (2,2) width 75: "confirmed "
                        RenderTableCell {TD} at (212,22) size 206x23 [border: (1px inset #808080)] [r=1 c=3 rs=1 cs=1]
                          RenderText {#text} at (2,2) size 201x19
                            text run at (2,2) width 201: "Non-Smoking, Window Seat"
                        RenderTableCell {TD} at (417,22) size 74x23 [border: (1px inset #808080)] [r=1 c=4 rs=1 cs=1]
                          RenderText {#text} at (2,2) size 5x19
                            text run at (2,2) width 5: " "
                RenderBlock (anonymous) at (1,176) size 493x19
                  RenderInline {SPACE} at (0,0) size 0x19
                    RenderInline {SPACE} at (0,0) size 0x19
                      RenderBR {BR} at (0,0) size 0x19
      RenderBlock (anonymous) at (0,807) size 769x0
        RenderInline {SPAN} at (0,0) size 0x0
          RenderInline {SPAN} at (0,0) size 0x0
            RenderInline {SPAN} at (0,0) size 0x0
              RenderInline {SPAN} at (0,0) size 0x0
              RenderText {#text} at (0,0) size 0x0
      RenderBlock (anonymous) at (0,814) size 769x3
      RenderBlock (anonymous) at (0,823) size 769x0
        RenderInline {SPAN} at (0,0) size 0x0
          RenderInline {SPAN} at (0,0) size 0x0
            RenderInline {SPAN} at (0,0) size 0x0
              RenderInline {SPAN} at (0,0) size 0x0
                RenderText {#text} at (0,0) size 0x0
      RenderBlock (anonymous) at (0,823) size 769x117
        RenderTable {TABLE} at (0,0) size 618x117
          RenderTableSection {TBODY} at (0,0) size 618x117
            RenderTableRow {TR} at (0,2) size 618x113
              RenderTableCell {TD} at (2,57) size 2x3 [r=0 c=0 rs=1 cs=1]
              RenderTableCell {TD} at (6,2) size 2x2 [r=0 c=1 rs=1 cs=1]
              RenderTableCell {TD} at (10,46) size 95x24 [r=0 c=2 rs=1 cs=1]
                RenderImage {IMG} at (1,45) size 93x22
                RenderText {#text} at (0,0) size 0x0
              RenderTableCell {TD} at (107,2) size 509x113 [r=0 c=3 rs=1 cs=1]
                RenderText {#text} at (1,1) size 20x19
                  text run at (1,1) width 20: "Air"
                RenderBR {BR} at (20,1) size 1x19
                RenderText {#text} at (1,19) size 507x19
                  text run at (1,19) width 89: "UNKNOWN "
                  text run at (89,19) width 76: "Flight 123 "
                  text run at (164,19) width 121: "Booking Code:Y "
                  text run at (284,19) width 224: "Date: Tuesday, March 25, 2003"
                RenderBR {BR} at (507,19) size 1x19
                RenderText {#text} at (1,38) size 391x18
                  text run at (1,38) width 391: "From: San Francisco Intl Arpt, San Francisco CA - U.S."
                RenderBR {BR} at (391,38) size 1x18
                RenderText {#text} at (1,56) size 370x19
                  text run at (1,56) width 26: "To: "
                  text run at (26,56) width 345: "San Francisco Intl Arpt, San Francisco CA - U.S."
                RenderBR {BR} at (370,56) size 1x19
                RenderText {#text} at (1,74) size 173x19
                  text run at (1,74) width 92: "Departs: n/a "
                  text run at (92,74) width 82: "Arrives: n/a"
                RenderBR {BR} at (173,74) size 1x19
                RenderText {#text} at (1,93) size 50x19
                  text run at (1,93) width 50: "Status:"
                RenderInline {SPACE} at (50,93) size 193x19
                  RenderText {#text} at (50,93) size 193x19
                    text run at (50,93) width 193: " requested, await response"
                  RenderInline {SPACE} at (242,93) size 0x19
                    RenderText {#text} at (0,0) size 0x0
                    RenderBR {BR} at (242,93) size 1x19
      RenderBlock (anonymous) at (0,939) size 769x0
        RenderInline {SPAN} at (0,0) size 0x0
          RenderInline {SPAN} at (0,0) size 0x0
            RenderInline {SPAN} at (0,0) size 0x0
              RenderInline {SPAN} at (0,0) size 0x0
              RenderText {#text} at (0,0) size 0x0
      RenderBlock (anonymous) at (0,946) size 769x3
      RenderBlock (anonymous) at (0,954) size 769x53
        RenderInline {SPAN} at (0,2) size 201x50
          RenderInline {SPAN} at (0,2) size 0x16
            RenderInline {SPAN} at (0,2) size 0x16
            RenderText {#text} at (0,0) size 0x0
          RenderText {#text} at (0,0) size 0x0
          RenderInline {SPAN} at (0,0) size 98x19
            RenderText {#text} at (0,0) size 0x0
            RenderImage {IMG} at (0,0) size 20x21
            RenderText {#text} at (20,0) size 78x19
              text run at (20,0) width 5: " "
              text run at (24,0) width 74: "Remarks:"
            RenderBR {BR} at (97,0) size 1x19
          RenderText {#text} at (0,0) size 0x0
          RenderBR {BR} at (0,20) size 0x16
          RenderInline {SPAN} at (0,36) size 201x16
            RenderText {#text} at (0,36) size 201x16
              text run at (0,36) width 127: "SERVICE FEE MCO "
              text run at (126,36) width 75: "8103220490"
            RenderBR {BR} at (200,36) size 1x16
          RenderText {#text} at (0,0) size 0x0
      RenderBlock (anonymous) at (0,1012) size 769x3
      RenderBlock (anonymous) at (0,1021) size 769x22
        RenderInline {SPAN} at (0,2) size 184x16
          RenderInline {SPAN} at (0,0) size 184x19
            RenderText {#text} at (0,0) size 0x0
            RenderImage {IMG} at (0,0) size 68x22
            RenderText {#text} at (68,0) size 5x19
              text run at (68,0) width 5: " "
            RenderInline {B} at (72,0) size 112x19
              RenderText {#text} at (72,0) size 112x19
                text run at (72,0) width 112: "Web Bookings"
            RenderText {#text} at (0,0) size 0x0
            RenderInline {SPAN} at (183,0) size 0x19
              RenderBR {BR} at (183,0) size 1x19
              RenderInline {SPAN} at (0,9) size 0x14
            RenderText {#text} at (0,0) size 0x0
          RenderText {#text} at (0,0) size 0x0
      RenderBlock (anonymous) at (0,1049) size 769x3
      RenderBlock (anonymous) at (0,1057) size 769x22
        RenderInline {SPAN} at (0,2) size 279x16
          RenderInline {SPAN} at (0,2) size 279x16
            RenderText {#text} at (0,0) size 0x0
            RenderInline {SPAN} at (0,0) size 279x19
              RenderText {#text} at (0,0) size 0x0
              RenderImage {IMG} at (0,0) size 20x21
              RenderText {#text} at (20,0) size 259x19
                text run at (20,0) width 5: " "
                text run at (24,0) width 255: "Remarks and Service Information"
              RenderBR {BR} at (278,0) size 1x19
            RenderText {#text} at (0,0) size 0x0
            RenderText {#text} at (0,0) size 0x0
      RenderBlock (anonymous) at (0,1085) size 769x31
        RenderBlock {P} at (0,15) size 769x16
          RenderText {#text} at (0,0) size 206x16
            text run at (0,0) width 206: "This itinerary is subject to change. "
          RenderInline {A} at (205,0) size 166x16 [color=#0000EE]
            RenderText {#text} at (205,0) size 166x16
              text run at (205,0) width 166: "Click here for latest updates"
          RenderText {#text} at (0,0) size 0x0
      RenderBlock (anonymous) at (0,1129) size 769x0
        RenderInline {SPAN} at (0,0) size 0x0
          RenderInline {SPAN} at (0,0) size 0x0
          RenderText {#text} at (0,0) size 0x0
layer at (8,35) size 769x2 clip at (0,0) size 0x0
  RenderBlock {HR} at (0,0) size 769x2 [color=#808080] [border: (1px inset #808080)]
layer at (8,95) size 769x2 clip at (0,0) size 0x0
  RenderBlock {HR} at (0,0) size 769x2 [color=#808080] [border: (1px inset #808080)]
layer at (8,177) size 769x2 clip at (0,0) size 0x0
  RenderBlock {HR} at (0,0) size 769x2 [color=#808080] [border: (1px inset #808080)]
layer at (8,294) size 769x2 clip at (0,0) size 0x0
  RenderBlock {HR} at (0,0) size 769x2 [color=#808080] [border: (1px inset #808080)]
layer at (8,392) size 769x2 clip at (0,0) size 0x0
  RenderBlock {HR} at (0,0) size 769x2 [color=#808080] [border: (1px inset #808080)]
layer at (8,607) size 769x2 clip at (0,0) size 0x0
  RenderBlock {HR} at (0,0) size 769x2 [color=#808080] [border: (1px inset #808080)]
layer at (8,823) size 769x2 clip at (0,0) size 0x0
  RenderBlock {HR} at (0,0) size 769x2 [color=#808080] [border: (1px inset #808080)]
layer at (8,954) size 769x2 clip at (0,0) size 0x0
  RenderBlock {HR} at (0,0) size 769x2 [color=#808080] [border: (1px inset #808080)]
layer at (8,1021) size 769x2 clip at (0,0) size 0x0
  RenderBlock {HR} at (0,0) size 769x2 [color=#808080] [border: (1px inset #808080)]
layer at (8,1057) size 769x2 clip at (0,0) size 0x0
  RenderBlock {HR} at (0,0) size 769x2 [color=#808080] [border: (1px inset #808080)]
layer at (8,1093) size 769x2 clip at (0,0) size 0x0
  RenderBlock {HR} at (0,0) size 769x2 [color=#808080] [border: (1px inset #808080)]
layer at (23,44) size 106x15
  RenderInline (relative positioned) {SPAN} at (0,29) size 106x15
    RenderText {#text} at (0,0) size 0x0
    RenderInline {SPAN} at (0,29) size 106x15
      RenderText {#text} at (0,0) size 0x0
      RenderImage {IMG} at (0,21) size 20x21
      RenderText {#text} at (20,29) size 4x15
        text run at (20,29) width 4: " "
      RenderInline {SPAN} at (23,29) size 83x15
        RenderText {#text} at (23,29) size 83x15
          text run at (23,29) width 83: "HAO, SCOTT"
        RenderBR {BR} at (105,29) size 1x15
        RenderText {#text} at (0,0) size 0x0
      RenderText {#text} at (0,0) size 0x0
    RenderText {#text} at (0,0) size 0x0
layer at (23,103) size 597x39
  RenderInline (relative positioned) {SPAN} at (0,29) size 597x39
    RenderText {#text} at (0,0) size 0x0
    RenderImage {IMG} at (0,21) size 20x21
    RenderText {#text} at (20,29) size 577x16
      text run at (20,29) width 4: " "
      text run at (23,29) width 58: "Address: "
      text run at (80,29) width 517: "ST. JUDE MEDICAL, 21700 OXNARD ST SUITE 800, WOODLAND HILLS CA Z/91367"
    RenderBR {BR} at (596,29) size 1x16
    RenderImage {IMG} at (0,44) size 20x21
    RenderText {#text} at (20,52) size 413x16
      text run at (20,52) width 4: " "
      text run at (23,52) width 50: "Deliver: "
      text run at (72,52) width 105: "DEBI STANGEL, "
      text run at (176,52) width 119: "119 GLEN COURT, "
      text run at (294,52) width 139: "DANVILLE CA Z/94526"
layer at (23,186) size 20x15
  RenderInline (relative positioned) {SPAN} at (0,29) size 20x15
    RenderText {#text} at (0,0) size 0x0
    RenderImage {IMG} at (0,21) size 20x21
    RenderText {#text} at (0,0) size 0x0
layer at (23,227) size 769x61
  RenderBlock (anonymous) at (0,218) size 769x62
layer at (43,212) size 523x61
  RenderTable {TABLE} at (0,0) size 524x61 [border: (1px outset #808080)]
    RenderTableSection {TBODY} at (1,1) size 522x59
      RenderTableRow {TR} at (0,2) size 522x23 [bgcolor=#E0E0E0]
        RenderTableCell {TD} at (2,2) size 95x23 [border: (1px inset #808080)] [r=0 c=0 rs=1 cs=1]
          RenderText {#text} at (2,2) size 35x19
            text run at (2,2) width 35: "Type"
        RenderTableCell {TD} at (98,2) size 46x23 [border: (1px inset #808080)] [r=0 c=1 rs=1 cs=1]
          RenderText {#text} at (2,2) size 28x19
            text run at (2,2) width 28: "City"
        RenderTableCell {TD} at (145,2) size 375x23 [border: (1px inset #808080)] [r=0 c=2 rs=1 cs=1]
          RenderText {#text} at (2,2) size 47x19
            text run at (2,2) width 47: "Phone"
      RenderTableRow {TR} at (0,26) size 522x0
      RenderTableRow {TR} at (0,28) size 522x23
        RenderTableCell {TD} at (2,28) size 95x23 [border: (1px inset #808080)] [r=2 c=0 rs=1 cs=1]
          RenderText {#text} at (2,2) size 91x19
            text run at (2,2) width 91: "Travel Agent"
        RenderTableCell {TD} at (98,28) size 46x23 [border: (1px inset #808080)] [r=2 c=1 rs=1 cs=1]
          RenderText {#text} at (2,2) size 41x19
            text run at (2,2) width 41: "(LAX)"
        RenderTableCell {TD} at (145,28) size 375x23 [border: (1px inset #808080)] [r=2 c=2 rs=1 cs=1]
          RenderText {#text} at (2,2) size 370x19
            text run at (2,2) width 370: "RQ0/818 990-4053-PLAZA TRAVEL - 05838276-RC"
      RenderTableRow {TR} at (0,52) size 522x0
      RenderTableRow {TR} at (0,54) size 522x0
      RenderTableRow {TR} at (0,56) size 522x0
