layer at (0,0) size 792x1120
  RenderView at (0,0) size 785x585
layer at (0,0) size 785x1120
  RenderBlock {HTML} at (0,0) size 785x1121
    RenderBody {BODY} at (8,8) size 769x1100 [bgcolor=#EEEEEE]
      RenderBlock (anonymous) at (0,0) size 769x20
        RenderInline {SPAN} at (0,0) size 192x15
          RenderText {#text} at (0,0) size 0x0
          RenderInline {SPAN} at (0,0) size 192x15
            RenderText {#text} at (0,0) size 0x0
            RenderTable {TABLE} at (0,0) size 192x20
              RenderTableSection {TBODY} at (0,0) size 192x20
                RenderTableRow {TR} at (0,0) size 192x20
                  RenderTableCell {TD} at (0,0) size 116x20 [r=0 c=0 rs=1 cs=1]
                    RenderText {#text} at (1,1) size 114x17
                      text run at (1,1) width 114: "Record Locator:"
                  RenderTableCell {TD} at (115,0) size 77x20 [r=0 c=1 rs=1 cs=1]
                    RenderInline {B} at (0,0) size 74x17
                      RenderText {#text} at (1,1) size 74x17
                        text run at (1,1) width 74: "WHGNSO"
                    RenderText {#text} at (0,0) size 0x0
            RenderText {#text} at (0,0) size 0x0
          RenderText {#text} at (0,0) size 0x0
      RenderBlock (anonymous) at (0,26) size 769x3
        RenderBlock {HR} at (0,0) size 769x2 [border: (1px inset #000000)]
      RenderBlock (anonymous) at (0,35) size 769x45
        RenderInline {SPAN} at (0,0) size 114x41
          RenderInline {SPAN} at (0,0) size 114x41
            RenderText {#text} at (0,0) size 0x0
            RenderInline {SPAN} at (0,0) size 114x17
              RenderText {#text} at (0,0) size 0x0
              RenderImage {IMG} at (0,0) size 57x21
              RenderText {#text} at (57,1) size 57x17
                text run at (57,1) width 5: " "
                text run at (61,1) width 53: "Names"
              RenderBR {BR} at (113,1) size 1x17
            RenderText {#text} at (0,0) size 0x0
            RenderInline {SPAN} at (0,0) size 104x15
              RenderText {#text} at (0,0) size 0x0
              RenderText {#text} at (0,0) size 0x0
            RenderText {#text} at (0,0) size 0x0
          RenderText {#text} at (0,0) size 0x0
      RenderBlock (anonymous) at (0,85) size 769x3
        RenderBlock {HR} at (0,0) size 769x2 [border: (1px inset #000000)]
      RenderBlock (anonymous) at (0,94) size 769x67
        RenderInline {SPAN} at (0,0) size 586x64
          RenderInline {SPAN} at (0,0) size 586x64
            RenderText {#text} at (0,0) size 0x0
            RenderImage {IMG} at (0,0) size 66x20
            RenderText {#text} at (66,2) size 4x15
              text run at (66,2) width 4: " "
            RenderInline {SPAN} at (0,0) size 83x17
              RenderText {#text} at (69,0) size 83x17
                text run at (69,0) width 83: "Addresses"
              RenderBR {BR} at (151,0) size 1x17
            RenderText {#text} at (0,0) size 0x0
            RenderText {#text} at (0,0) size 0x0
          RenderText {#text} at (0,0) size 0x0
      RenderBlock (anonymous) at (0,167) size 769x3
        RenderBlock {HR} at (0,0) size 769x2 [border: (1px inset #000000)]
      RenderBlock (anonymous) at (0,175) size 769x42
        RenderInline {SPAN} at (0,0) size 129x41
          RenderInline {SPAN} at (0,0) size 129x41
            RenderText {#text} at (0,0) size 0x0
            RenderInline {SPAN} at (0,0) size 129x17
              RenderText {#text} at (0,0) size 0x0
              RenderImage {IMG} at (0,0) size 62x21
              RenderText {#text} at (62,1) size 67x17
                text run at (62,1) width 5: " "
                text run at (66,1) width 63: "Phones "
              RenderBR {BR} at (128,1) size 1x17
            RenderText {#text} at (0,0) size 0x0
      RenderBlock (anonymous) at (0,276) size 769x0
        RenderInline {SPAN} at (0,0) size 0x0
          RenderInline {SPAN} at (0,0) size 0x0
            RenderText {#text} at (0,0) size 0x0
          RenderText {#text} at (0,0) size 0x0
      RenderBlock (anonymous) at (0,283) size 769x3
        RenderBlock {HR} at (0,0) size 769x2 [border: (1px inset #000000)]
      RenderBlock (anonymous) at (0,292) size 769x22
        RenderInline {SPAN} at (0,0) size 136x15
          RenderInline {SPAN} at (0,0) size 136x15
            RenderText {#text} at (0,0) size 0x0
            RenderInline {SPAN} at (0,0) size 136x17
              RenderText {#text} at (0,0) size 0x0
              RenderImage {IMG} at (0,0) size 68x21
              RenderText {#text} at (68,1) size 68x17
                text run at (68,1) width 5: " "
                text run at (72,1) width 64: "Itinerary"
            RenderText {#text} at (0,0) size 0x0
            RenderInline {SPAN} at (0,0) size 0x15
              RenderText {#text} at (0,0) size 0x0
              RenderInline {SPAN} at (0,0) size 0x15
                RenderText {#text} at (0,0) size 0x0
      RenderBlock (anonymous) at (0,313) size 769x61
        RenderTable {TABLE} at (0,0) size 584x60
          RenderTableSection {TBODY} at (0,0) size 584x60
            RenderTableRow {TR} at (0,2) size 584x56
              RenderTableCell {TD} at (2,29) size 2x2 [r=0 c=0 rs=1 cs=1]
              RenderTableCell {TD} at (6,2) size 2x2 [r=0 c=1 rs=1 cs=1]
              RenderTableCell {TD} at (10,18) size 151x24 [r=0 c=2 rs=1 cs=1]
                RenderImage {IMG} at (1,1) size 149x21
                RenderText {#text} at (0,0) size 0x0
              RenderTableCell {TD} at (163,2) size 419x56 [r=0 c=3 rs=1 cs=1]
                RenderText {#text} at (1,1) size 145x17
                  text run at (1,1) width 145: "TUR - Tour Package"
                RenderBR {BR} at (145,1) size 1x17
                RenderText {#text} at (1,19) size 229x17
                  text run at (1,19) width 229: "Date: Sunday, January 12, 2003"
                RenderBR {BR} at (229,19) size 1x17
                RenderText {#text} at (1,37) size 417x17
                  text run at (1,37) width 417: "Comments: -** TICKETLESS CONF CODE IS WHGNSO**"
      RenderBlock (anonymous) at (0,373) size 769x0
        RenderInline {SPAN} at (0,0) size 0x0
          RenderInline {SPAN} at (0,0) size 0x0
            RenderInline {SPAN} at (0,0) size 0x0
              RenderInline {SPAN} at (0,0) size 0x0
              RenderText {#text} at (0,0) size 0x0
      RenderBlock (anonymous) at (0,379) size 769x3
        RenderBlock {HR} at (0,0) size 769x2 [border: (1px inset #000000)]
      RenderBlock (anonymous) at (0,388) size 769x0
        RenderInline {SPAN} at (0,0) size 0x0
          RenderInline {SPAN} at (0,0) size 0x0
            RenderInline {SPAN} at (0,0) size 0x0
              RenderInline {SPAN} at (0,0) size 0x0
                RenderText {#text} at (0,0) size 0x0
      RenderBlock (anonymous) at (0,388) size 769x197
        RenderTable {TABLE} at (0,0) size 717x196
          RenderTableSection {TBODY} at (0,0) size 717x196
            RenderTableRow {TR} at (0,2) size 717x192
              RenderTableCell {TD} at (2,97) size 2x2 [r=0 c=0 rs=1 cs=1]
              RenderTableCell {TD} at (6,2) size 2x2 [r=0 c=1 rs=1 cs=1]
              RenderTableCell {TD} at (10,86) size 95x24 [r=0 c=2 rs=1 cs=1]
                RenderImage {IMG} at (1,1) size 93x21
                RenderText {#text} at (0,0) size 0x0
              RenderTableCell {TD} at (107,2) size 608x192 [r=0 c=3 rs=1 cs=1]
                RenderBlock (anonymous) at (1,1) size 606x126
                  RenderText {#text} at (0,0) size 24x17
                    text run at (0,0) width 24: "Air "
                  RenderBR {BR} at (24,0) size 0x17
                  RenderText {#text} at (0,18) size 485x17
                    text run at (0,18) width 51: "United "
                    text run at (50,18) width 84: "Flight 1187 "
                    text run at (133,18) width 123: "Booking Code:M "
                    text run at (255,18) width 230: "Date: Sunday, January 12, 2003"
                  RenderBR {BR} at (484,18) size 1x17
                  RenderText {#text} at (0,36) size 391x17
                    text run at (0,36) width 391: "From: San Francisco Intl Arpt, San Francisco CA - U.S."
                  RenderBR {BR} at (390,36) size 1x17
                  RenderText {#text} at (0,54) size 404x17
                    text run at (0,54) width 26: "To: "
                    text run at (25,54) width 379: "Burbank Glendale Pasadena Arpt, Burbank CA - U.S."
                  RenderBR {BR} at (403,54) size 1x17
                  RenderText {#text} at (0,72) size 248x17
                    text run at (0,72) width 129: "Departs: 6:05 PM "
                    text run at (128,72) width 120: "Arrives: 7:10 PM"
                  RenderBR {BR} at (247,72) size 1x17
                  RenderText {#text} at (0,90) size 50x17
                    text run at (0,90) width 50: "Status:"
                  RenderInline {SPACE} at (0,0) size 129x35
                    RenderText {#text} at (49,90) size 76x17
                      text run at (49,90) width 76: " confirmed"
                    RenderInline {SPACE} at (0,0) size 129x35
                      RenderText {#text} at (124,90) size 5x17
                        text run at (124,90) width 5: " "
                      RenderBR {BR} at (128,90) size 1x17
                      RenderText {#text} at (0,108) size 46x17
                        text run at (0,108) width 46: "Seats:"
                      RenderBR {BR} at (45,108) size 1x17
                RenderBlock (anonymous) at (1,127) size 606x46
                  RenderTable {TABLE} at (0,0) size 606x46 [border: (1px outset #808080)]
                    RenderTableSection {TBODY} at (1,1) size 604x44
                      RenderTableRow {TR} at (0,0) size 604x22 [bgcolor=#E0E0E0]
                        RenderTableCell {TD} at (0,0) size 98x22 [border: (1px inset #808080)] [r=0 c=0 rs=1 cs=1]
                          RenderText {#text} at (2,2) size 43x17
                            text run at (2,2) width 43: "Name"
                        RenderTableCell {TD} at (97,0) size 38x22 [border: (1px inset #808080)] [r=0 c=1 rs=1 cs=1]
                          RenderText {#text} at (2,2) size 33x17
                            text run at (2,2) width 33: "Seat"
                        RenderTableCell {TD} at (134,0) size 79x22 [border: (1px inset #808080)] [r=0 c=2 rs=1 cs=1]
                          RenderText {#text} at (2,2) size 46x17
                            text run at (2,2) width 46: "Status"
                        RenderTableCell {TD} at (212,0) size 318x22 [border: (1px inset #808080)] [r=0 c=3 rs=1 cs=1]
                          RenderText {#text} at (2,2) size 35x17
                            text run at (2,2) width 35: "Type"
                        RenderTableCell {TD} at (530,0) size 74x22 [border: (1px inset #808080)] [r=0 c=4 rs=1 cs=1]
                          RenderText {#text} at (2,2) size 70x17
                            text run at (2,2) width 70: "Comment"
                      RenderTableRow {TR} at (0,22) size 604x22
                        RenderTableCell {TD} at (0,22) size 98x22 [border: (1px inset #808080)] [r=1 c=0 rs=1 cs=1]
                          RenderText {#text} at (2,2) size 94x17
                            text run at (2,2) width 94: "HAO,SCOTT"
                        RenderTableCell {TD} at (97,22) size 38x22 [border: (1px inset #808080)] [r=1 c=1 rs=1 cs=1]
                          RenderText {#text} at (2,2) size 29x17
                            text run at (2,2) width 29: "08A"
                        RenderTableCell {TD} at (134,22) size 79x22 [border: (1px inset #808080)] [r=1 c=2 rs=1 cs=1]
                          RenderText {#text} at (2,2) size 75x17
                            text run at (2,2) width 75: "confirmed "
                        RenderTableCell {TD} at (212,22) size 318x22 [border: (1px inset #808080)] [r=1 c=3 rs=1 cs=1]
                          RenderText {#text} at (2,2) size 314x17
                            text run at (2,2) width 314: "Non-Smoking, Window Seat, Preferred Seat"
                        RenderTableCell {TD} at (530,22) size 74x22 [border: (1px inset #808080)] [r=1 c=4 rs=1 cs=1]
                          RenderText {#text} at (2,2) size 5x17
                            text run at (2,2) width 5: " "
                RenderBlock (anonymous) at (1,173) size 606x18
                  RenderInline {SPACE} at (0,0) size 0x17
                    RenderInline {SPACE} at (0,0) size 0x17
                      RenderBR {BR} at (0,0) size 0x17
      RenderBlock (anonymous) at (0,584) size 769x0
        RenderInline {SPAN} at (0,0) size 0x0
          RenderInline {SPAN} at (0,0) size 0x0
            RenderInline {SPAN} at (0,0) size 0x0
              RenderInline {SPAN} at (0,0) size 0x0
              RenderText {#text} at (0,0) size 0x0
      RenderBlock (anonymous) at (0,591) size 769x3
        RenderBlock {HR} at (0,0) size 769x2 [border: (1px inset #000000)]
      RenderBlock (anonymous) at (0,599) size 769x0
        RenderInline {SPAN} at (0,0) size 0x0
          RenderInline {SPAN} at (0,0) size 0x0
            RenderInline {SPAN} at (0,0) size 0x0
              RenderInline {SPAN} at (0,0) size 0x0
                RenderText {#text} at (0,0) size 0x0
      RenderBlock (anonymous) at (0,599) size 769x197
        RenderTable {TABLE} at (0,0) size 604x196
          RenderTableSection {TBODY} at (0,0) size 604x196
            RenderTableRow {TR} at (0,2) size 604x192
              RenderTableCell {TD} at (2,97) size 2x2 [r=0 c=0 rs=1 cs=1]
              RenderTableCell {TD} at (6,2) size 2x2 [r=0 c=1 rs=1 cs=1]
              RenderTableCell {TD} at (10,86) size 95x24 [r=0 c=2 rs=1 cs=1]
                RenderImage {IMG} at (1,1) size 93x21
                RenderText {#text} at (0,0) size 0x0
              RenderTableCell {TD} at (107,2) size 495x192 [r=0 c=3 rs=1 cs=1]
                RenderBlock (anonymous) at (1,1) size 493x126
                  RenderText {#text} at (0,0) size 24x17
                    text run at (0,0) width 24: "Air "
                  RenderBR {BR} at (24,0) size 0x17
                  RenderText {#text} at (0,18) size 466x17
                    text run at (0,18) width 51: "United "
                    text run at (50,18) width 76: "Flight 480 "
                    text run at (125,18) width 123: "Booking Code:Q "
                    text run at (247,18) width 219: "Date: Friday, January 24, 2003"
                  RenderBR {BR} at (465,18) size 1x17
                  RenderText {#text} at (0,36) size 425x17
                    text run at (0,36) width 425: "From: Burbank Glendale Pasadena Arpt, Burbank CA - U.S."
                  RenderBR {BR} at (424,36) size 1x17
                  RenderText {#text} at (0,54) size 370x17
                    text run at (0,54) width 26: "To: "
                    text run at (25,54) width 345: "San Francisco Intl Arpt, San Francisco CA - U.S."
                  RenderBR {BR} at (369,54) size 1x17
                  RenderText {#text} at (0,72) size 248x17
                    text run at (0,72) width 129: "Departs: 1:40 PM "
                    text run at (128,72) width 120: "Arrives: 2:50 PM"
                  RenderBR {BR} at (247,72) size 1x17
                  RenderText {#text} at (0,90) size 50x17
                    text run at (0,90) width 50: "Status:"
                  RenderInline {SPACE} at (0,0) size 129x35
                    RenderText {#text} at (49,90) size 76x17
                      text run at (49,90) width 76: " confirmed"
                    RenderInline {SPACE} at (0,0) size 129x35
                      RenderText {#text} at (124,90) size 5x17
                        text run at (124,90) width 5: " "
                      RenderBR {BR} at (128,90) size 1x17
                      RenderText {#text} at (0,108) size 46x17
                        text run at (0,108) width 46: "Seats:"
                      RenderBR {BR} at (45,108) size 1x17
                RenderBlock (anonymous) at (1,127) size 493x46
                  RenderTable {TABLE} at (0,0) size 493x46 [border: (1px outset #808080)]
                    RenderTableSection {TBODY} at (1,1) size 491x44
                      RenderTableRow {TR} at (0,0) size 491x22 [bgcolor=#E0E0E0]
                        RenderTableCell {TD} at (0,0) size 98x22 [border: (1px inset #808080)] [r=0 c=0 rs=1 cs=1]
                          RenderText {#text} at (2,2) size 43x17
                            text run at (2,2) width 43: "Name"
                        RenderTableCell {TD} at (97,0) size 38x22 [border: (1px inset #808080)] [r=0 c=1 rs=1 cs=1]
                          RenderText {#text} at (2,2) size 33x17
                            text run at (2,2) width 33: "Seat"
                        RenderTableCell {TD} at (134,0) size 79x22 [border: (1px inset #808080)] [r=0 c=2 rs=1 cs=1]
                          RenderText {#text} at (2,2) size 46x17
                            text run at (2,2) width 46: "Status"
                        RenderTableCell {TD} at (212,0) size 206x22 [border: (1px inset #808080)] [r=0 c=3 rs=1 cs=1]
                          RenderText {#text} at (2,2) size 35x17
                            text run at (2,2) width 35: "Type"
                        RenderTableCell {TD} at (417,0) size 74x22 [border: (1px inset #808080)] [r=0 c=4 rs=1 cs=1]
                          RenderText {#text} at (2,2) size 70x17
                            text run at (2,2) width 70: "Comment"
                      RenderTableRow {TR} at (0,22) size 491x22
                        RenderTableCell {TD} at (0,22) size 98x22 [border: (1px inset #808080)] [r=1 c=0 rs=1 cs=1]
                          RenderText {#text} at (2,2) size 94x17
                            text run at (2,2) width 94: "HAO,SCOTT"
                        RenderTableCell {TD} at (97,22) size 38x22 [border: (1px inset #808080)] [r=1 c=1 rs=1 cs=1]
                          RenderText {#text} at (2,2) size 28x17
                            text run at (2,2) width 28: "13F"
                        RenderTableCell {TD} at (134,22) size 79x22 [border: (1px inset #808080)] [r=1 c=2 rs=1 cs=1]
                          RenderText {#text} at (2,2) size 75x17
                            text run at (2,2) width 75: "confirmed "
                        RenderTableCell {TD} at (212,22) size 206x22 [border: (1px inset #808080)] [r=1 c=3 rs=1 cs=1]
                          RenderText {#text} at (2,2) size 201x17
                            text run at (2,2) width 201: "Non-Smoking, Window Seat"
                        RenderTableCell {TD} at (417,22) size 74x22 [border: (1px inset #808080)] [r=1 c=4 rs=1 cs=1]
                          RenderText {#text} at (2,2) size 5x17
                            text run at (2,2) width 5: " "
                RenderBlock (anonymous) at (1,173) size 493x18
                  RenderInline {SPACE} at (0,0) size 0x17
                    RenderInline {SPACE} at (0,0) size 0x17
                      RenderBR {BR} at (0,0) size 0x17
      RenderBlock (anonymous) at (0,795) size 769x0
        RenderInline {SPAN} at (0,0) size 0x0
          RenderInline {SPAN} at (0,0) size 0x0
            RenderInline {SPAN} at (0,0) size 0x0
              RenderInline {SPAN} at (0,0) size 0x0
              RenderText {#text} at (0,0) size 0x0
      RenderBlock (anonymous) at (0,802) size 769x3
        RenderBlock {HR} at (0,0) size 769x2 [border: (1px inset #000000)]
      RenderBlock (anonymous) at (0,811) size 769x0
        RenderInline {SPAN} at (0,0) size 0x0
          RenderInline {SPAN} at (0,0) size 0x0
            RenderInline {SPAN} at (0,0) size 0x0
              RenderInline {SPAN} at (0,0) size 0x0
                RenderText {#text} at (0,0) size 0x0
      RenderBlock (anonymous) at (0,811) size 769x115
        RenderTable {TABLE} at (0,0) size 618x114
          RenderTableSection {TBODY} at (0,0) size 618x114
            RenderTableRow {TR} at (0,2) size 618x110
              RenderTableCell {TD} at (2,56) size 2x2 [r=0 c=0 rs=1 cs=1]
              RenderTableCell {TD} at (6,2) size 2x2 [r=0 c=1 rs=1 cs=1]
              RenderTableCell {TD} at (10,45) size 95x24 [r=0 c=2 rs=1 cs=1]
                RenderImage {IMG} at (1,1) size 93x21
                RenderText {#text} at (0,0) size 0x0
              RenderTableCell {TD} at (107,2) size 509x110 [r=0 c=3 rs=1 cs=1]
                RenderText {#text} at (1,1) size 24x17
                  text run at (1,1) width 24: "Air "
                RenderBR {BR} at (25,1) size 0x17
                RenderText {#text} at (1,19) size 507x17
                  text run at (1,19) width 89: "UNKNOWN "
                  text run at (89,19) width 76: "Flight 123 "
                  text run at (164,19) width 121: "Booking Code:Y "
                  text run at (284,19) width 224: "Date: Tuesday, March 25, 2003"
                RenderBR {BR} at (507,19) size 1x17
                RenderText {#text} at (1,37) size 391x17
                  text run at (1,37) width 391: "From: San Francisco Intl Arpt, San Francisco CA - U.S."
                RenderBR {BR} at (391,37) size 1x17
                RenderText {#text} at (1,55) size 370x17
                  text run at (1,55) width 26: "To: "
                  text run at (26,55) width 345: "San Francisco Intl Arpt, San Francisco CA - U.S."
                RenderBR {BR} at (370,55) size 1x17
                RenderText {#text} at (1,73) size 173x17
                  text run at (1,73) width 92: "Departs: n/a "
                  text run at (92,73) width 82: "Arrives: n/a"
                RenderBR {BR} at (173,73) size 1x17
                RenderText {#text} at (1,91) size 50x17
                  text run at (1,91) width 50: "Status:"
                RenderInline {SPACE} at (0,0) size 198x17
                  RenderText {#text} at (50,91) size 193x17
                    text run at (50,91) width 193: " requested, await response"
                  RenderInline {SPACE} at (0,0) size 6x17
                    RenderText {#text} at (242,91) size 6x17
                      text run at (242,91) width 6: " "
                    RenderBR {BR} at (247,91) size 1x17
      RenderBlock (anonymous) at (0,925) size 769x0
        RenderInline {SPAN} at (0,0) size 0x0
          RenderInline {SPAN} at (0,0) size 0x0
            RenderInline {SPAN} at (0,0) size 0x0
              RenderInline {SPAN} at (0,0) size 0x0
              RenderText {#text} at (0,0) size 0x0
      RenderBlock (anonymous) at (0,931) size 769x3
        RenderBlock {HR} at (0,0) size 769x2 [border: (1px inset #000000)]
      RenderBlock (anonymous) at (0,940) size 769x51
        RenderInline {SPAN} at (0,0) size 196x48
          RenderInline {SPAN} at (0,0) size 0x15
            RenderInline {SPAN} at (0,0) size 0x15
            RenderText {#text} at (0,0) size 0x0
          RenderText {#text} at (0,0) size 0x0
          RenderInline {SPAN} at (0,0) size 98x17
            RenderText {#text} at (0,0) size 0x0
            RenderImage {IMG} at (0,0) size 20x20
            RenderText {#text} at (20,0) size 78x17
              text run at (20,0) width 5: " "
              text run at (24,0) width 74: "Remarks:"
            RenderBR {BR} at (97,0) size 1x17
          RenderText {#text} at (0,0) size 0x0
          RenderBR {BR} at (0,20) size 0x15
          RenderInline {SPAN} at (0,0) size 196x15
            RenderText {#text} at (0,35) size 196x15
              text run at (0,35) width 124: "SERVICE FEE MCO "
              text run at (123,35) width 73: "8103220490"
            RenderBR {BR} at (195,35) size 1x15
          RenderText {#text} at (0,0) size 0x0
      RenderBlock (anonymous) at (0,997) size 769x3
        RenderBlock {HR} at (0,0) size 769x2 [border: (1px inset #000000)]
      RenderBlock (anonymous) at (0,1005) size 769x22
        RenderInline {SPAN} at (0,0) size 188x15
          RenderInline {SPAN} at (0,0) size 188x17
            RenderText {#text} at (0,0) size 0x0
            RenderImage {IMG} at (0,0) size 68x21
            RenderText {#text} at (68,1) size 5x17
              text run at (68,1) width 5: " "
            RenderInline {B} at (0,0) size 112x17
              RenderText {#text} at (72,1) size 112x17
                text run at (72,1) width 112: "Web Bookings"
            RenderText {#text} at (183,1) size 5x17
              text run at (183,1) width 5: " "
            RenderInline {SPAN} at (0,0) size 0x17
              RenderBR {BR} at (187,1) size 1x17
              RenderInline {SPAN} at (0,0) size 0x14
            RenderText {#text} at (0,0) size 0x0
          RenderText {#text} at (0,0) size 0x0
      RenderBlock (anonymous) at (0,1033) size 769x3
        RenderBlock {HR} at (0,0) size 769x2 [border: (1px inset #000000)]
      RenderBlock (anonymous) at (0,1042) size 769x21
        RenderInline {SPAN} at (0,0) size 279x15
          RenderInline {SPAN} at (0,0) size 279x15
            RenderText {#text} at (0,0) size 0x0
            RenderInline {SPAN} at (0,0) size 279x17
              RenderText {#text} at (0,0) size 0x0
              RenderImage {IMG} at (0,0) size 20x20
              RenderText {#text} at (20,1) size 259x17
                text run at (20,1) width 5: " "
                text run at (24,1) width 255: "Remarks and Service Information"
              RenderBR {BR} at (278,1) size 1x17
            RenderText {#text} at (0,0) size 0x0
            RenderText {#text} at (0,0) size 0x0
      RenderBlock (anonymous) at (0,1068) size 769x32
        RenderBlock {HR} at (0,0) size 769x2 [border: (1px inset #000000)]
        RenderBlock {P} at (0,15) size 769x16
          RenderText {#text} at (0,0) size 201x15
            text run at (0,0) width 201: "This itinerary is subject to change. "
          RenderInline {A} at (0,0) size 162x15 [color=#0000EE]
            RenderText {#text} at (200,0) size 162x15
              text run at (200,0) width 162: "Click here for latest updates"
          RenderText {#text} at (0,0) size 0x0
      RenderBlock (anonymous) at (0,1112) size 769x0
        RenderInline {SPAN} at (0,0) size 0x0
          RenderInline {SPAN} at (0,0) size 0x0
          RenderText {#text} at (0,0) size 0x0
layer at (23,43) size 104x15
  RenderInline (relative positioned) {SPAN} at (0,0) size 104x15
    RenderText {#text} at (0,0) size 0x0
    RenderInline {SPAN} at (0,0) size 104x15
      RenderText {#text} at (0,0) size 0x0
      RenderImage {IMG} at (0,21) size 20x20
      RenderText {#text} at (20,29) size 4x15
        text run at (20,29) width 4: " "
      RenderInline {SPAN} at (0,0) size 81x15
        RenderText {#text} at (23,29) size 81x15
          text run at (23,29) width 81: "HAO, SCOTT"
        RenderBR {BR} at (103,29) size 1x15
        RenderText {#text} at (0,0) size 0x0
      RenderText {#text} at (0,0) size 0x0
    RenderText {#text} at (0,0) size 0x0
layer at (23,103) size 586x38
  RenderInline (relative positioned) {SPAN} at (0,0) size 586x38
    RenderText {#text} at (0,0) size 0x0
    RenderImage {IMG} at (0,20) size 20x20
    RenderText {#text} at (20,28) size 566x15
      text run at (20,28) width 4: " "
      text run at (23,28) width 56: "Address: "
      text run at (78,28) width 508: "ST. JUDE MEDICAL, 21700 OXNARD ST SUITE 800, WOODLAND HILLS CA Z/91367 "
    RenderBR {BR} at (585,28) size 1x15
    RenderImage {IMG} at (0,43) size 20x20
    RenderText {#text} at (20,51) size 403x15
      text run at (20,51) width 4: " "
      text run at (23,51) width 49: "Deliver: "
      text run at (71,51) width 102: "DEBI STANGEL, "
      text run at (172,51) width 116: "119 GLEN COURT, "
      text run at (287,51) width 136: "DANVILLE CA Z/94526"
layer at (23,184) size 20x15
  RenderInline (relative positioned) {SPAN} at (0,0) size 20x15
    RenderText {#text} at (0,0) size 0x0
    RenderImage {IMG} at (0,21) size 20x20
    RenderText {#text} at (0,0) size 0x0
layer at (23,225) size 769x60
  RenderBlock (anonymous) at (0,216) size 769x61
layer at (43,210) size 523x60
  RenderTable {TABLE} at (0,0) size 524x60 [border: (1px outset #808080)]
    RenderTableSection {TBODY} at (1,1) size 522x58
      RenderTableRow {TR} at (0,2) size 522x22 [bgcolor=#E0E0E0]
        RenderTableCell {TD} at (2,2) size 95x22 [border: (1px inset #808080)] [r=0 c=0 rs=1 cs=1]
          RenderText {#text} at (2,2) size 35x17
            text run at (2,2) width 35: "Type"
        RenderTableCell {TD} at (98,2) size 46x22 [border: (1px inset #808080)] [r=0 c=1 rs=1 cs=1]
          RenderText {#text} at (2,2) size 28x17
            text run at (2,2) width 28: "City"
        RenderTableCell {TD} at (145,2) size 375x22 [border: (1px inset #808080)] [r=0 c=2 rs=1 cs=1]
          RenderText {#text} at (2,2) size 47x17
            text run at (2,2) width 47: "Phone"
      RenderTableRow {TR} at (0,26) size 522x0
      RenderTableRow {TR} at (0,28) size 522x22
        RenderTableCell {TD} at (2,28) size 95x22 [border: (1px inset #808080)] [r=2 c=0 rs=1 cs=1]
          RenderText {#text} at (2,2) size 91x17
            text run at (2,2) width 91: "Travel Agent"
        RenderTableCell {TD} at (98,28) size 46x22 [border: (1px inset #808080)] [r=2 c=1 rs=1 cs=1]
          RenderText {#text} at (2,2) size 41x17
            text run at (2,2) width 41: "(LAX)"
        RenderTableCell {TD} at (145,28) size 375x22 [border: (1px inset #808080)] [r=2 c=2 rs=1 cs=1]
          RenderText {#text} at (2,2) size 370x17
            text run at (2,2) width 370: "RQ0/818 990-4053-PLAZA TRAVEL - 05838276-RC"
      RenderTableRow {TR} at (0,52) size 522x0
      RenderTableRow {TR} at (0,54) size 522x0
      RenderTableRow {TR} at (0,56) size 522x0
