layer at (0,0) size 800x600
  RenderView at (0,0) size 800x600
layer at (0,0) size 800x514
  RenderBlock {HTML} at (0,0) size 800x514
    RenderBody {BODY} at (8,8) size 784x0
      RenderBlock (floating) {DIV} at (0,0) size 121x506
        RenderBlock {DIV} at (10,10) size 40x40 [bgcolor=#FFFF77]
        RenderTable {TABLE} at (10,290) size 40x40 [bgcolor=#FFFF77]
        RenderBlock (anonymous) at (0,340) size 121x64
          RenderHTMLCanvas {CANVAS} at (10,10) size 40x40 [bgcolor=#FFFF77]
          RenderText {#text} at (0,0) size 0x0
        RenderBlock {P} at (0,420) size 121x18
          RenderText {#text} at (0,0) size 46x18
            text run at (0,0) width 46: "Lorem "
          RenderInline {SPAN} at (0,0) size 38x18
            RenderText {#text} at (46,0) size 38x18
              text run at (46,0) width 38: "ipsum"
          RenderText {#text} at (84,0) size 37x18
            text run at (84,0) width 37: " dolor"
        RenderBlock {P} at (0,454) size 121x36
          RenderText {#text} at (0,0) size 84x18
            text run at (0,0) width 84: "Lorem ipsum"
          RenderBR {BR} at (84,0) size 0x18
          RenderText {#text} at (0,18) size 85x18
            text run at (0,18) width 85: "dolor sit amet"
      RenderBlock (floating) {DIV} at (131,0) size 121x454
        RenderBlock {DIV} at (10,10) size 40x40 [bgcolor=#FFFF77]
        RenderTable {TABLE} at (10,290) size 40x40 [bgcolor=#FFFF77]
        RenderBlock (anonymous) at (0,340) size 121x64
          RenderHTMLCanvas {CANVAS} at (10,10) size 40x40 [bgcolor=#FFFF77]
          RenderText {#text} at (0,0) size 0x0
        RenderBlock {P} at (0,420) size 121x18
          RenderText {#text} at (0,0) size 46x18
            text run at (0,0) width 46: "Lorem "
          RenderInline {SPAN} at (0,0) size 38x18
            RenderText {#text} at (46,0) size 38x18
              text run at (46,0) width 38: "ipsum"
          RenderText {#text} at (84,0) size 37x18
            text run at (84,0) width 37: " dolor"
      RenderBlock (floating) {DIV} at (262,0) size 121x454
        RenderBlock {DIV} at (10,10) size 40x40 [bgcolor=#FFFF77]
        RenderTable {TABLE} at (10,290) size 40x40 [bgcolor=#FFFF77]
        RenderBlock (anonymous) at (0,340) size 121x64
          RenderHTMLCanvas {CANVAS} at (10,10) size 40x40 [bgcolor=#FFFF77]
          RenderText {#text} at (0,0) size 0x0
        RenderBlock {P} at (0,420) size 121x18
          RenderText {#text} at (0,0) size 46x18
            text run at (0,0) width 46: "Lorem "
          RenderInline {SPAN} at (0,0) size 38x18
            RenderText {#text} at (46,0) size 38x18
              text run at (46,0) width 38: "ipsum"
          RenderText {#text} at (84,0) size 37x18
            text run at (84,0) width 37: " dolor"
      RenderBlock (floating) {DIV} at (393,0) size 121x454
        RenderBlock {DIV} at (10,10) size 40x40 [bgcolor=#FFFF77]
        RenderTable {TABLE} at (10,290) size 40x40 [bgcolor=#FFFF77]
        RenderBlock (anonymous) at (0,340) size 121x64
          RenderHTMLCanvas {CANVAS} at (10,10) size 40x40 [bgcolor=#FFFF77]
          RenderText {#text} at (0,0) size 0x0
        RenderBlock {P} at (0,420) size 121x18
          RenderText {#text} at (0,0) size 46x18
            text run at (0,0) width 46: "Lorem "
          RenderInline {SPAN} at (0,0) size 38x18
            RenderText {#text} at (46,0) size 38x18
              text run at (46,0) width 38: "ipsum"
          RenderText {#text} at (84,0) size 37x18
            text run at (84,0) width 37: " dolor"
      RenderBlock (floating) {DIV} at (524,0) size 121x454
        RenderBlock {DIV} at (10,10) size 40x40 [bgcolor=#FFFF77]
        RenderTable {TABLE} at (10,290) size 40x40 [bgcolor=#FFFF77]
        RenderBlock (anonymous) at (0,340) size 121x64
          RenderHTMLCanvas {CANVAS} at (10,10) size 40x40 [bgcolor=#FFFF77]
          RenderText {#text} at (0,0) size 0x0
        RenderBlock {P} at (0,420) size 121x18
          RenderText {#text} at (0,0) size 46x18
            text run at (0,0) width 46: "Lorem "
          RenderInline {SPAN} at (0,0) size 38x18
            RenderText {#text} at (46,0) size 38x18
              text run at (46,0) width 38: "ipsum"
          RenderText {#text} at (84,0) size 37x18
            text run at (84,0) width 37: " dolor"
layer at (18,248) size 40x40
  RenderBlock {DIV} at (10,240) size 40x40 [bgcolor=#FFFF77]
layer at (149,248) size 40x40
  RenderBlock {DIV} at (10,240) size 40x40 [bgcolor=#FFFF77]
layer at (280,248) size 40x40
  RenderBlock {DIV} at (10,240) size 40x40 [bgcolor=#FFFF77]
layer at (411,248) size 40x40
  RenderBlock {DIV} at (10,240) size 40x40 [bgcolor=#FFFF77]
layer at (542,248) size 40x40
  RenderBlock {DIV} at (10,240) size 40x40 [bgcolor=#FFFF77]
layer at (8,68) size 60x60
  RenderBlock (relative positioned) {DIV} at (0,60) size 60x60
layer at (18,78) size 40x40
  RenderBlock (positioned) {DIV} at (10,10) size 40x40 [bgcolor=#FFFF77]
layer at (8,128) size 60x60
  RenderBlock (relative positioned) {DIV} at (0,120) size 60x60
layer at (18,138) size 40x40 backgroundClip at (13,133) size 5x5 clip at (13,133) size 5x5
  RenderBlock (positioned) {DIV} at (10,10) size 40x40 [bgcolor=#FFFF77]
layer at (18,198) size 40x40
  RenderBlock {DIV} at (10,190) size 40x40 [bgcolor=#FFFF77]
layer at (139,68) size 60x60
  RenderBlock (relative positioned) {DIV} at (0,60) size 60x60
layer at (149,78) size 40x40
  RenderBlock (positioned) {DIV} at (10,10) size 40x40 [bgcolor=#FFFF77]
layer at (139,128) size 60x60
  RenderBlock (relative positioned) {DIV} at (0,120) size 60x60
layer at (149,138) size 40x40 backgroundClip at (144,178) size 5x5 clip at (144,178) size 5x5
  RenderBlock (positioned) {DIV} at (10,10) size 40x40 [bgcolor=#FFFF77]
layer at (149,198) size 40x40
  RenderBlock {DIV} at (10,190) size 40x40 [bgcolor=#FFFF77]
layer at (270,68) size 60x60
  RenderBlock (relative positioned) {DIV} at (0,60) size 60x60
layer at (280,78) size 40x40
  RenderBlock (positioned) {DIV} at (10,10) size 40x40 [bgcolor=#FFFF77]
layer at (270,128) size 60x60
  RenderBlock (relative positioned) {DIV} at (0,120) size 60x60
layer at (280,138) size 40x40 backgroundClip at (320,178) size 5x5 clip at (320,178) size 5x5
  RenderBlock (positioned) {DIV} at (10,10) size 40x40 [bgcolor=#FFFF77]
layer at (280,198) size 40x40
  RenderBlock {DIV} at (10,190) size 40x40 [bgcolor=#FFFF77]
layer at (401,68) size 60x60
  RenderBlock (relative positioned) {DIV} at (0,60) size 60x60
layer at (411,78) size 40x40
  RenderBlock (positioned) {DIV} at (10,10) size 40x40 [bgcolor=#FFFF77]
layer at (401,128) size 60x60
  RenderBlock (relative positioned) {DIV} at (0,120) size 60x60
layer at (411,138) size 40x40 backgroundClip at (451,133) size 5x5 clip at (451,133) size 5x5
  RenderBlock (positioned) {DIV} at (10,10) size 40x40 [bgcolor=#FFFF77]
layer at (411,198) size 40x40
  RenderBlock {DIV} at (10,190) size 40x40 [bgcolor=#FFFF77]
layer at (532,68) size 60x60
  RenderBlock (relative positioned) {DIV} at (0,60) size 60x60
layer at (542,78) size 40x40
  RenderBlock (positioned) {DIV} at (10,10) size 40x40 [bgcolor=#FFFF77]
layer at (532,128) size 60x60
  RenderBlock (relative positioned) {DIV} at (0,120) size 60x60
layer at (542,198) size 40x40
  RenderBlock {DIV} at (10,190) size 40x40 [bgcolor=#FFFF77]
