layer at (0,0) size 800x600
  RenderView at (0,0) size 800x600
layer at (0,0) size 800x600
  RenderBlock {HTML} at (0,0) size 800x600
    RenderBody {BODY} at (8,8) size 784x584
layer at (8,8) size 784x18
  RenderBlock {DIV} at (0,0) size 784x18
    RenderBlock {DIV} at (0,0) size 784x18
      RenderText {#text} at (0,0) size 340x18
        text run at (0,0) width 340: "This test verifies caret repaint is correctly transformed."
caret: position 58 of child 0 {#text} of child 1 {DIV} of child 1 {DIV} of body
