layer at (0,0) size 800x600
  RenderView at (0,0) size 800x600
layer at (0,0) size 800x600
  RenderBlock {HTML} at (0,0) size 800x600
    RenderBody {BODY} at (0,0) size 800x600
      RenderIFrame {IFRAME} at (0,0) size 500x600
        layer at (0,0) size 485x622
          RenderView at (0,0) size 485x600
        layer at (0,0) size 485x622
          RenderBlock {HTML} at (0,0) size 485x622
            RenderBody {BODY} at (8,8) size 469x598
              RenderBlock {DIV} at (0,0) size 450x50
                RenderBlock (floating) {DIV} at (370,10) size 70x120 [bgcolor=#FFC0CB]
              RenderBlock {P} at (0,66) size 418x532 [border: (3px solid #800000)]
                RenderText {#text} at (6,6) size 406x119
                  text run at (6,6) width 354: "The chief difficulty Alice found at first was in managing her"
                  text run at (6,26) width 354: "flamingo: she succeeded in getting its body tucked away,"
                  text run at (6,46) width 354: "comfortably enough, under her arm, with its legs hanging"
                  text run at (6,66) width 45: "down, "
                  text run at (50,66) width 310: "but generally, just as she had got its neck nicely"
                  text run at (6,86) width 78: "straightened "
                  text run at (83,86) width 329: "out, and was going to give the hedgehog a blow with"
                  text run at (6,106) width 71: "its head, it "
                RenderInline {I} at (0,0) size 40x19
                  RenderText {#text} at (76,106) size 40x19
                    text run at (76,106) width 40: "would"
                RenderText {#text} at (115,106) size 406x59
                  text run at (115,106) width 297: " twist itself round and look up in her face, with"
                  text run at (6,126) width 406: "such a puzzled expression that she could not help bursting out"
                  text run at (6,146) width 406: "laughing: and when she had got its head down, and was going to"
                RenderText {#text} at (6,166) size 406x119
                  text run at (6,166) width 406: "begin again, it was very provoking to find that the hedgehog had"
                  text run at (6,186) width 382: "unrolled itself, and was in the act of crawling away: besides all "
                  text run at (388,186) width 24: "this,"
                  text run at (6,206) width 386: "there was generally a ridge or furrow in the way wherever "
                  text run at (392,206) width 20: "she"
                  text run at (6,226) width 360: "wanted to send the hedgehog to, and, as the doubled-up "
                  text run at (366,226) width 46: "soldiers"
                  text run at (6,246) width 338: "were always getting up and walking off to other parts of "
                  text run at (344,246) width 68: "the ground,"
                  text run at (57,266) width 355: "Alice soon came to the conclusion that it was a very"
                RenderBlock (floating) {SPAN} at (6,269) size 48x65 [bgcolor=#ADD8E6]
                RenderText {#text} at (57,286) size 132x19
                  text run at (57,286) width 132: "difficult game indeed. "
                RenderBR {BR} at (0,0) size 0x0
                RenderText {#text} at (57,306) size 287x19
                  text run at (57,306) width 287: "The players all played at once without waiting "
                RenderBlock (floating) {SPAN} at (364,309) size 48x81 [bgcolor=#90EE90]
                RenderText {#text} at (343,306) size 355x59
                  text run at (343,306) width 18: "for"
                  text run at (57,326) width 39: "turns, "
                  text run at (95,326) width 266: "quarrelling all the while, and fighting for the"
                  text run at (6,346) width 119: "hedgehogs; and in "
                  text run at (124,346) width 114: "a very short time "
                RenderInline {SPAN} at (0,0) size 65x19
                  RenderText {#text} at (237,346) size 65x19
                    text run at (237,346) width 65: "the Queen"
                RenderText {#text} at (301,346) size 355x79
                  text run at (301,346) width 60: " was in a"
                  text run at (6,366) width 171: "furious passion, and went "
                  text run at (176,366) width 185: "stamping about, and shouting"
                  text run at (6,386) width 197: "\x{2018}Off with his head!\x{2019} or \x{2018}Off with "
                  text run at (202,386) width 159: "her head!\x{2019} about once in a"
                  text run at (6,406) width 47: "minute. "
                RenderBR {BR} at (0,0) size 0x0
                RenderText {#text} at (6,426) size 406x99
                  text run at (6,426) width 362: "Alice began to feel very uneasy: to be sure, she had not as "
                  text run at (367,426) width 45: "yet had"
                  text run at (6,446) width 337: "any dispute with the Queen, but she knew that it might "
                  text run at (342,446) width 70: "happen any"
                  text run at (6,466) width 381: "minute, \x{2018}and then,\x{2019} thought she, \x{2018}what would become of "
                  text run at (387,466) width 25: "me?"
                  text run at (6,486) width 406: "They\x{2019}re dreadfully fond of beheading people here; the great"
                  text run at (6,506) width 248: "wonder is, that there\x{2018}s any one left alive!\x{2019}"
      RenderText {#text} at (0,0) size 0x0
