layer at (0,0) size 800x600
  RenderView at (0,0) size 800x600
layer at (0,0) size 800x600
  RenderBlock {HTML} at (0,0) size 800x600
    RenderBody {BODY} at (8,8) size 784x584
      RenderBlock (floating) {DIV} at (0,0) size 50x50
      RenderBlock {DIV} at (0,50) size 784x0
layer at (8,58) size 200x20
  RenderBlock (floating) {DIV} at (0,0) size 200x20
    RenderText {#text} at (0,0) size 38x19
      text run at (0,0) width 38: "PASS"
