layer at (0,0) size 800x600
  RenderView at (0,0) size 800x600
layer at (0,0) size 800x600
  RenderBlock {HTML} at (0,0) size 800x600
    RenderBody {BODY} at (0,0) size 800x600
      RenderIFrame {IFRAME} at (0,0) size 500x600
        layer at (0,0) size 500x600
          RenderView at (0,0) size 500x600
        layer at (0,0) size 500x600
          RenderBlock {HTML} at (0,0) size 500x600
            RenderBody {BODY} at (8,8) size 484x576
              RenderBlock {DIV} at (0,0) size 450x50
                RenderBlock (floating) {DIV} at (370,10) size 70x150 [bgcolor=#FFC0CB]
              RenderBlock {P} at (0,66) size 418x498 [border: (3px solid #800000)]
                RenderText {#text} at (6,6) size 354x108
                  text run at (6,6) width 354: "The chief difficulty Alice found at first was in managing"
                  text run at (6,24) width 26: "her "
                  text run at (31,24) width 329: "flamingo: she succeeded in getting its body tucked"
                  text run at (6,42) width 43: "away, "
                  text run at (48,42) width 312: "comfortably enough, under her arm, with its legs"
                  text run at (6,60) width 107: "hanging down, "
                  text run at (112,60) width 248: "but generally, just as she had got its"
                  text run at (6,78) width 159: "neck nicely straightened "
                  text run at (164,78) width 196: "out, and was going to give the"
                  text run at (6,96) width 240: "hedgehog a blow with its head, it "
                RenderInline {I} at (0,0) size 40x18
                  RenderText {#text} at (245,96) size 40x18
                    text run at (245,96) width 40: "would"
                RenderText {#text} at (284,96) size 406x72
                  text run at (284,96) width 76: " twist itself"
                  text run at (6,114) width 238: "round and look up in her face, with "
                  text run at (243,114) width 169: "such a puzzled expression"
                  text run at (6,132) width 228: "that she could not help bursting out "
                  text run at (233,132) width 179: "laughing: and when she had"
                  text run at (6,150) width 248: "got its head down, and was going to "
                RenderText {#text} at (254,150) size 406x126
                  text run at (254,150) width 158: "begin again, it was very"
                  text run at (6,168) width 260: "provoking to find that the hedgehog had "
                  text run at (265,168) width 147: "unrolled itself, and was"
                  text run at (6,186) width 253: "in the act of crawling away: besides all "
                  text run at (258,186) width 154: "this, there was generally"
                  text run at (6,204) width 257: "a ridge or furrow in the way wherever "
                  text run at (262,204) width 150: "she wanted to send the"
                  text run at (6,222) width 265: "hedgehog to, and, as the doubled-up "
                  text run at (270,222) width 142: "soldiers were always"
                  text run at (6,240) width 292: "getting up and walking off to other parts of "
                  text run at (298,240) width 114: "the ground, Alice"
                  text run at (57,258) width 306: "soon came to the conclusion that it was a very "
                RenderBlock (floating) {SPAN} at (6,272) size 48x64 [bgcolor=#ADD8E6]
                RenderText {#text} at (363,258) size 355x36
                  text run at (363,258) width 49: "difficult"
                  text run at (57,276) width 89: "game indeed. "
                RenderBR {BR} at (0,0) size 0x0
                RenderText {#text} at (57,294) size 304x18
                  text run at (57,294) width 304: "The players all played at once without waiting"
                RenderBlock (floating) {SPAN} at (364,297) size 48x81 [bgcolor=#90EE90]
                RenderText {#text} at (57,312) size 304x36
                  text run at (57,312) width 64: "for turns, "
                  text run at (120,312) width 241: "quarrelling all the while, and fighting"
                  text run at (57,330) width 171: "for the hedgehogs; and in "
                  text run at (227,330) width 115: "a very short time "
                RenderInline {SPAN} at (0,0) size 355x36
                  RenderText {#text} at (341,330) size 355x36
                    text run at (341,330) width 20: "the"
                    text run at (6,348) width 42: "Queen"
                RenderText {#text} at (48,348) size 355x54
                  text run at (48,348) width 256: " was in a furious passion, and went "
                  text run at (303,348) width 58: "stamping"
                  text run at (6,366) width 355: "about, and shouting \x{2018}Off with his head!\x{2019} or \x{2018}Off with"
                  text run at (6,384) width 219: "her head!\x{2019} about once in a minute. "
                RenderBR {BR} at (0,0) size 0x0
                RenderText {#text} at (6,402) size 406x90
                  text run at (6,402) width 387: "Alice began to feel very uneasy: to be sure, she had not as "
                  text run at (393,402) width 19: "yet"
                  text run at (6,420) width 406: "had any dispute with the Queen, but she knew that it might"
                  text run at (6,438) width 406: "happen any minute, \x{2018}and then,\x{2019} thought she, \x{2018}what would"
                  text run at (6,456) width 76: "become of "
                  text run at (81,456) width 331: "me? They\x{2019}re dreadfully fond of beheading people"
                  text run at (6,474) width 93: "here; the great "
                  text run at (99,474) width 261: "wonder is, that there\x{2018}s any one left alive!\x{2019}"
      RenderText {#text} at (0,0) size 0x0
