layer at (0,0) size 800x600
  RenderView at (0,0) size 800x600
layer at (0,0) size 800x118
  RenderBlock {HTML} at (0,0) size 800x118
    RenderBody {BODY} at (8,8) size 784x102
layer at (8,8) size 402x102
  RenderBlock {DIV} at (0,0) size 402x102 [border: (1px solid #000000)]
    RenderMultiColumnSet at (1,1) size 400x100
layer at (9,9) size 175x159
  RenderMultiColumnFlowThread at (1,1) size 175x159
    RenderText {#text} at (0,0) size 13x59
      text run at (0,0) width 13: " "
    RenderBR {BR} at (13,0) size 0x59
    RenderInline {SPAN} at (0,0) size 300x50
      RenderText {#text} at (0,106) size 300x50
        text run at (0,106) width 300: "XXXXXX"
    RenderText {#text} at (0,0) size 0x0
