CONSOLE MESSAGE: here
layer at (0,0) size 800x600
  RenderView at (0,0) size 800x600
layer at (0,0) size 800x8
  RenderBlock {HTML} at (0,0) size 800x8
    RenderBody {BODY} at (8,8) size 784x0
layer at (293,130) size 150x100
  RenderBlock (positioned) {DIV} at (285,10) size 150x100 [bgcolor=#808080] [border: (1px solid #000000)]
    RenderBlock {P} at (11,27) size 128x60 [color=#008000]
      RenderText {#text} at (2,0) size 124x59
        text run at (2,0) width 124: "The color of this text"
        text run at (18,20) width 92: "in the reflection"
        text run at (16,40) width 96: "should be green"
layer at (218,240) size 150x100
  RenderBlock (positioned) {DIV} at (210,120) size 150x100 [bgcolor=#808080] [border: (1px solid #000000)]
    RenderBlock {P} at (11,27) size 128x60 [color=#008000]
      RenderText {#text} at (2,0) size 124x59
        text run at (2,0) width 124: "The color of this text"
        text run at (18,20) width 92: "in the reflection"
        text run at (16,40) width 96: "should be green"
layer at (368,240) size 150x100
  RenderBlock (positioned) {DIV} at (360,120) size 150x100 [bgcolor=#808080] [border: (1px solid #000000)]
    RenderBlock {P} at (11,27) size 128x60 [color=#008000]
      RenderText {#text} at (2,0) size 124x59
        text run at (2,0) width 124: "The color of this text"
        text run at (18,20) width 92: "in the reflection"
        text run at (16,40) width 96: "should be green"
layer at (293,350) size 150x100
  RenderBlock (positioned) {DIV} at (285,230) size 150x100 [bgcolor=#808080] [border: (1px solid #000000)]
    RenderBlock {P} at (11,27) size 128x60 [color=#008000]
      RenderText {#text} at (2,0) size 124x59
        text run at (2,0) width 124: "The color of this text"
        text run at (18,20) width 92: "in the reflection"
        text run at (16,40) width 96: "should be green"
