layer at (0,0) size 800x600
  RenderView at (0,0) size 800x600
layer at (0,0) size 800x264
  RenderBlock {HTML} at (0,0) size 800x264
    RenderBody {BODY} at (8,16) size 784x240
      RenderBlock {P} at (0,0) size 784x18
        RenderInline {B} at (0,0) size 62x18
          RenderText {#text} at (0,0) size 62x18
            text run at (0,0) width 62: "BUG ID:"
        RenderText {#text} at (62,0) size 4x18
          text run at (62,0) width 4: " "
        RenderInline {A} at (0,0) size 117x18 [color=#0000EE]
          RenderText {#text} at (66,0) size 117x18
            text run at (66,0) width 117: "Bugzilla bug 6770"
        RenderText {#text} at (183,0) size 438x18
          text run at (183,0) width 438: " REGRESSION: Incomplete repaint when block with clipping grows"
      RenderBlock {P} at (0,34) size 784x42 [bgcolor=#98FB98]
        RenderInline {B} at (0,0) size 91x18
          RenderText {#text} at (3,3) size 91x18
            text run at (3,3) width 91: "TEST PASS:"
        RenderText {#text} at (94,3) size 748x36
          text run at (94,3) width 4: " "
          text run at (98,3) width 653: "There should be a white square with a blue border below, and no line running through the middle of the"
          text run at (3,21) width 45: "square."
      RenderBlock {P} at (0,92) size 784x24 [bgcolor=#FF3300]
        RenderInline {B} at (0,0) size 90x18
          RenderText {#text} at (3,3) size 90x18
            text run at (3,3) width 90: "TEST FAIL:"
        RenderText {#text} at (93,3) size 600x18
          text run at (93,3) width 4: " "
          text run at (97,3) width 596: "The white square will have a blue border and a blue horizontal line running through its middle."
layer at (8,148) size 784x108
  RenderBlock {DIV} at (0,132) size 784x108
    RenderBlock {DIV} at (0,0) size 108x108 [border: (4px solid #0000FF)]
      RenderBlock {DIV} at (124,4) size 10x100
