layer at (0,0) size 800x600
  RenderView at (0,0) size 800x600
layer at (0,0) size 800x600
  RenderBlock {HTML} at (0,0) size 800x600
    RenderBody {BODY} at (8,8) size 784x584
      RenderBlock {P} at (0,0) size 784x18
        RenderText {#text} at (0,0) size 53x18
          text run at (0,0) width 53: "Test for "
        RenderInline {A} at (0,0) size 305x18 [color=#0000EE]
          RenderText {#text} at (53,0) size 305x18
            text run at (53,0) width 305: "https://bugs.webkit.org/show_bug.cgi?id=23093"
        RenderText {#text} at (358,0) size 322x18
          text run at (358,0) width 322: ". The cancel button in a search field fails to redraw."
      RenderBlock (anonymous) at (0,34) size 784x23
        RenderTextControl {INPUT} at (2,2) size 144x19 [bgcolor=#FFFFFF] [border: (2px inset #000000)]
          RenderFlexibleBox {DIV} at (3,3) size 138x13
            RenderBlock {DIV} at (0,1) size 8x11
            RenderBlock {DIV} at (8,0) size 117x13
            RenderBlock {DIV} at (125,1) size 13x11
        RenderText {#text} at (0,0) size 0x0
layer at (21,47) size 117x13
  RenderBlock {DIV} at (0,0) size 117x13
    RenderText {#text} at (0,0) size 54x13
      text run at (0,0) width 54: "some text"
