layer at (0,0) size 800x600
  RenderView at (0,0) size 800x600
layer at (0,0) size 800x600
  RenderBlock {HTML} at (0,0) size 800x600
    RenderBody {BODY} at (8,8) size 784x584
      RenderBlock {P} at (0,0) size 784x18
        RenderText {#text} at (0,0) size 53x18
          text run at (0,0) width 53: "Test for "
        RenderInline {I} at (0,0) size 703x18
          RenderInline {A} at (0,0) size 307x18 [color=#0000EE]
            RenderText {#text} at (53,0) size 307x18
              text run at (53,0) width 307: "https://bugs.webkit.org/show_bug.cgi?id=34946"
          RenderText {#text} at (360,0) size 396x18
            text run at (360,0) width 4: " "
            text run at (364,0) width 392: "REGRESSION: Selection painting issue in bug review textbox"
        RenderText {#text} at (756,0) size 4x18
          text run at (756,0) width 4: "."
layer at (13,42) size 126x126 clip at (16,45) size 105x120 scrollY 36 scrollHeight 156
  RenderBlock {DIV} at (5,34) size 126x126 [border: (3px solid #000000)]
    RenderBlock {DIV} at (13,13) size 85x100
    RenderBlock (anonymous) at (13,113) size 85x36
      RenderBlock {DIV} at (0,0) size 94x36
        RenderInline {SPAN} at (0,0) size 42x36
          RenderText {#text} at (0,0) size 42x18
            text run at (0,0) width 42: "Lorem"
          RenderBR {BR} at (42,14) size 0x0
          RenderText {#text} at (0,18) size 38x18
            text run at (0,18) width 38: "ipsum"
      RenderText {#text} at (0,0) size 0x0
