layer at (0,0) size 800x600
  RenderView at (0,0) size 800x600
layer at (0,0) size 800x600
  RenderBlock {HTML} at (0,0) size 800x600
    RenderBody {BODY} at (8,8) size 784x562
      RenderBlock {P} at (0,0) size 784x36
        RenderText {#text} at (0,0) size 768x36
          text run at (0,0) width 650: "This tests to see if selection gaps are invalidated properly when content inside the selection is removed. "
          text run at (650,0) width 114: "Only 'hello world'"
          text run at (764,0) width 4: " "
          text run at (0,18) width 229: "should have a selecton tint behind it."
      RenderBlock {DIV} at (30,66) size 152x20 [border: (1px solid #FF0000)]
        RenderText {#text} at (1,1) size 35x18
          text run at (1,1) width 35: "hello "
        RenderText {#text} at (36,1) size 37x18
          text run at (36,1) width 37: "world"
        RenderBR {BR} at (73,15) size 0x0
selection start: position 0 of child 0 {#text} of child 3 {DIV} of body
selection end:   position 6 of child 1 {#text} of child 3 {DIV} of body
