layer at (0,0) size 800x600
  RenderView at (0,0) size 800x600
layer at (0,0) size 800x600
  RenderBlock {HTML} at (0,0) size 800x600
    RenderBody {BODY} at (0,0) size 800x600
      RenderBlock {P} at (0,0) size 800x18
        RenderText {#text} at (0,0) size 220x18
          text run at (0,0) width 220: "This is a test for regression against "
        RenderInline {A} at (0,0) size 305x18 [color=#0000EE]
          RenderText {#text} at (220,0) size 305x18
            text run at (220,0) width 305: "https://bugs.webkit.org/show_bug.cgi?id=49790"
      RenderBlock (anonymous) at (0,34) size 800x69
        RenderListBox {SELECT} at (2,2) size 30x65 [bgcolor=#FFFFFF] [border: (1px inset #808080)]
        RenderText {#text} at (0,0) size 0x0
