layer at (0,0) size 800x600
  RenderView at (0,0) size 800x600
layer at (0,0) size 800x600
  RenderBlock {HTML} at (0,0) size 800x600
    RenderBody {BODY} at (8,8) size 784x572
      RenderBlock {P} at (0,0) size 784x18
        RenderText {#text} at (0,0) size 703x18
          text run at (0,0) width 703: "Tests repaint after layout of a subtree, inside a transformed element. You should see a large green square below."
layer at (28,46) size 100x100
  RenderBlock {DIV} at (20,38) size 100x100
layer at (28,46) size 100x100
  RenderBlock {DIV} at (0,0) size 100x100 [bgcolor=#FF0000]
    RenderBlock {DIV} at (0,0) size 100x100 [bgcolor=#008000]
