layer at (0,0) size 800x600
  RenderView at (0,0) size 800x600
layer at (0,0) size 800x116
  RenderBlock {HTML} at (0,0) size 800x116
    RenderBody {BODY} at (8,8) size 784x100
layer at (8,8) size 784x100 scrollY 80 scrollHeight 180
  RenderBlock {DIV} at (0,0) size 784x100
    RenderBR {BR} at (0,0) size 0x19
    RenderBR {BR} at (0,20) size 0x19
    RenderBR {BR} at (0,40) size 0x19
    RenderBR {BR} at (0,60) size 0x19
    RenderInline {SPAN} at (0,0) size 187x19 [bgcolor=#008000]
      RenderText {#text} at (0,80) size 187x19
        text run at (0,80) width 187: "Should have green background"
    RenderBR {BR} at (187,80) size 0x19
    RenderBR {BR} at (0,100) size 0x19
    RenderBR {BR} at (0,120) size 0x19
    RenderBR {BR} at (0,140) size 0x19
    RenderBR {BR} at (0,160) size 0x19
