layer at (0,0) size 800x600
  RenderView at (0,0) size 800x600
layer at (0,0) size 800x175
  RenderBlock {HTML} at (0,0) size 800x175
    RenderBody {BODY} at (8,8) size 784x159
      RenderIFrame {IFRAME} at (0,0) size 304x154 [border: (2px inset #000000)]
        layer at (0,0) size 300x150
          RenderView at (0,0) size 300x150
        layer at (0,0) size 300x150
          RenderBlock {HTML} at (0,0) size 300x150
            RenderBody {BODY} at (8,8) size 284x134
        layer at (8,8) size 284x100 scrollY 80 scrollHeight 180
          RenderBlock {DIV} at (0,0) size 284x100
            RenderBR {BR} at (0,0) size 0x19
            RenderBR {BR} at (0,20) size 0x19
            RenderBR {BR} at (0,40) size 0x19
            RenderBR {BR} at (0,60) size 0x19
            RenderText {#text} at (0,80) size 216x19
              text run at (0,80) width 216: "Should have blue, not gray, highlight"
            RenderBR {BR} at (216,95) size 0x0
            RenderBR {BR} at (0,100) size 0x19
            RenderBR {BR} at (0,120) size 0x19
            RenderBR {BR} at (0,140) size 0x19
            RenderBR {BR} at (0,160) size 0x19
      RenderText {#text} at (0,0) size 0x0
