layer at (0,0) size 800x600
  RenderView at (0,0) size 800x600
layer at (0,0) size 800x600
  RenderBlock {HTML} at (0,0) size 800x600
    RenderBody {BODY} at (8,8) size 784x584
layer at (10,10) size 269x147
  RenderBlock (positioned) {DIV} at (10,10) size 269x147 [border: (2px solid #000000)]
    RenderBlock {DIV} at (12,12) size 245x123
      RenderText {#text} at (0,21) size 101x15
        text run at (0,21) width 101: "This text should snap"
      RenderBR {BR} at (101,21) size 0x15
      RenderText {#text} at (0,64) size 113x15
        text run at (0,64) width 113: "to a 36px font-size grid."
      RenderBR {BR} at (113,64) size 0x15
      RenderText {#text} at (0,107) size 245x15
        text run at (0,107) width 245: "There should be lots of spacing between these lines."
layer at (350,10) size 369x110
  RenderBlock (positioned) {DIV} at (350,10) size 369x110 [border: (2px solid #000000)]
    RenderText {#text} at (12,13) size 307x41
      text run at (12,13) width 307: "This text should snap"
    RenderBR {BR} at (319,12) size 0x41
    RenderText {#text} at (12,56) size 345x41
      text run at (12,56) width 345: "to a 36px font-size grid."
    RenderBR {BR} at (357,55) size 0x41
