layer at (0,0) size 800x600
  RenderView at (0,0) size 800x600
layer at (0,0) size 800x600 layerType: background only
layer at (0,0) size 800x540 scrollWidth 1216 scrollHeight 555
  RenderBlock (positioned) zI: -1 {DIV} at (0,0) size 800x540 [color=#00FF00]
    RenderText zI: -1 {#text} at (0,7) size 1216x32
      text run at (0,7) width 1216: "xxxxxxxxxxxxxxxxxxxxxxxxxxxxxxxxxxxxxx"
    RenderBR {BR} at (0,0) size 0x0
    RenderText zI: -1 {#text} at (0,50) size 1216x32
      text run at (0,50) width 1216: "xxxxxxxxxxxxxxxxxxxxxxxxxxxxxxxxxxxxxx"
    RenderBR {BR} at (0,0) size 0x0
    RenderText zI: -1 {#text} at (0,93) size 1216x32
      text run at (0,93) width 1216: "xxxxxxxxxxxxxxxxxxxxxxxxxxxxxxxxxxxxxx"
    RenderBR {BR} at (0,0) size 0x0
    RenderText zI: -1 {#text} at (0,136) size 1216x32
      text run at (0,136) width 1216: "xxxxxxxxxxxxxxxxxxxxxxxxxxxxxxxxxxxxxx"
    RenderBR {BR} at (0,0) size 0x0
    RenderText zI: -1 {#text} at (0,179) size 1216x32
      text run at (0,179) width 1216: "xxxxxxxxxxxxxxxxxxxxxxxxxxxxxxxxxxxxxx"
    RenderBR {BR} at (0,0) size 0x0
    RenderText zI: -1 {#text} at (0,222) size 1216x32
      text run at (0,222) width 1216: "xxxxxxxxxxxxxxxxxxxxxxxxxxxxxxxxxxxxxx"
    RenderBR {BR} at (0,0) size 0x0
    RenderText zI: -1 {#text} at (0,265) size 1216x32
      text run at (0,265) width 1216: "xxxxxxxxxxxxxxxxxxxxxxxxxxxxxxxxxxxxxx"
    RenderBR {BR} at (0,0) size 0x0
    RenderText zI: -1 {#text} at (0,308) size 1216x32
      text run at (0,308) width 1216: "xxxxxxxxxxxxxxxxxxxxxxxxxxxxxxxxxxxxxx"
    RenderBR {BR} at (0,0) size 0x0
    RenderText zI: -1 {#text} at (0,351) size 1216x32
      text run at (0,351) width 1216: "xxxxxxxxxxxxxxxxxxxxxxxxxxxxxxxxxxxxxx"
    RenderBR {BR} at (0,0) size 0x0
    RenderText zI: -1 {#text} at (0,394) size 1216x32
      text run at (0,394) width 1216: "xxxxxxxxxxxxxxxxxxxxxxxxxxxxxxxxxxxxxx"
    RenderBR {BR} at (0,0) size 0x0
    RenderText zI: -1 {#text} at (0,437) size 1216x32
      text run at (0,437) width 1216: "xxxxxxxxxxxxxxxxxxxxxxxxxxxxxxxxxxxxxx"
    RenderBR {BR} at (0,0) size 0x0
    RenderText zI: -1 {#text} at (0,480) size 1216x32
      text run at (0,480) width 1216: "xxxxxxxxxxxxxxxxxxxxxxxxxxxxxxxxxxxxxx"
    RenderBR {BR} at (0,0) size 0x0
    RenderText zI: -1 {#text} at (0,523) size 1216x32
      text run at (0,523) width 1216: "xxxxxxxxxxxxxxxxxxxxxxxxxxxxxxxxxxxxxx"
    RenderBR {BR} at (0,0) size 0x0
layer at (0,0) size 800x600 layerType: foreground only
  RenderBlock {HTML} at (0,0) size 800x600
    RenderBody {BODY} at (0,0) size 800x600
layer at (0,0) size 800x540
  RenderBlock (relative positioned) {DIV} at (0,0) size 800x540
layer at (0,0) size 800x540
  RenderBlock {DIV} at (0,0) size 800x540
    RenderMultiColumnSet at (20,20) size 760x500
layer at (20,20) size 362x988 backgroundClip at (0,0) size 800x600 clip at (0,0) size 800x600
  RenderMultiColumnFlowThread at (20,20) size 362x988
    RenderBlock {DIV} at (0,0) size 362x405
      RenderText {#text} at (0,41) size 352x105
        text run at (0,41) width 350: "All of this text even though it's smaller should be on the"
        text run at (0,84) width 352: "36px grid. The grid should reset at the top of the second"
        text run at (0,127) width 51: "column."
      RenderBR {BR} at (51,127) size 0x19
      RenderText {#text} at (0,170) size 352x105
        text run at (0,170) width 350: "All of this text even though it's smaller should be on the"
        text run at (0,213) width 352: "36px grid. The grid should reset at the top of the second"
        text run at (0,256) width 51: "column."
      RenderBR {BR} at (51,256) size 0x19
      RenderText {#text} at (0,299) size 352x105
        text run at (0,299) width 350: "All of this text even though it's smaller should be on the"
        text run at (0,342) width 352: "36px grid. The grid should reset at the top of the second"
        text run at (0,385) width 51: "column."
      RenderBR {BR} at (51,385) size 0x19
    RenderBlock {DIV} at (0,405) size 362x545
      RenderText {#text} at (0,17) size 342x183
        text run at (0,17) width 299: "All of this text even though it's"
        text run at (0,60) width 342: "smaller should be on the 36px grid."
        text run at (0,130) width 328: "The grid should reset at the top of"
        text run at (0,173) width 188: "the second column."
      RenderBR {BR} at (188,173) size 0x27
      RenderText {#text} at (0,216) size 342x156
        text run at (0,216) width 299: "All of this text even though it's"
        text run at (0,259) width 342: "smaller should be on the 36px grid."
        text run at (0,302) width 328: "The grid should reset at the top of"
        text run at (0,345) width 188: "the second column."
      RenderBR {BR} at (188,345) size 0x27
      RenderText {#text} at (0,388) size 342x156
        text run at (0,388) width 299: "All of this text even though it's"
        text run at (0,431) width 342: "smaller should be on the 36px grid."
        text run at (0,474) width 328: "The grid should reset at the top of"
        text run at (0,517) width 188: "the second column."
      RenderBR {BR} at (188,517) size 0x27
    RenderBlock {DIV} at (0,950) size 362x38
      RenderText {#text} at (0,26) size 274x12
        text run at (0,26) width 274: "All of this text even though it's smaller should be on the 36px grid."
