layer at (0,0) size 1586x585
  RenderView at (0,0) size 800x585
layer at (0,0) size 800x585
  RenderBlock {HTML} at (0,0) size 800x585
    RenderBody {BODY} at (8,8) size 784x569
layer at (8,8) size 784x504
  RenderBlock {DIV} at (0,0) size 784x504 [border: (2px solid #FF0000)]
    RenderMultiColumnSet at (2,2) size 780x500
layer at (10,10) size 382x1624 backgroundClip at (0,0) size 1586x585 clip at (0,0) size 1586x585
  RenderMultiColumnFlowThread at (2,2) size 382x1624
    RenderBlock {DIV} at (0,0) size 382x1624
      RenderBlock {DIV} at (0,0) size 382x382
        RenderText {#text} at (0,18) size 352x105
          text run at (0,18) width 350: "All of this text even though it's smaller should be on the"
          text run at (0,61) width 352: "36px grid. The grid should reset at the top of the second"
          text run at (0,104) width 51: "column."
        RenderBR {BR} at (51,104) size 0x19
        RenderText {#text} at (0,147) size 352x105
          text run at (0,147) width 350: "All of this text even though it's smaller should be on the"
          text run at (0,190) width 352: "36px grid. The grid should reset at the top of the second"
          text run at (0,233) width 51: "column."
        RenderBR {BR} at (51,233) size 0x19
        RenderText {#text} at (0,276) size 352x105
          text run at (0,276) width 350: "All of this text even though it's smaller should be on the"
          text run at (0,319) width 352: "36px grid. The grid should reset at the top of the second"
          text run at (0,362) width 51: "column."
        RenderBR {BR} at (51,362) size 0x19
      RenderBlock {DIV} at (0,382) size 382x545
        RenderText {#text} at (0,17) size 377x183
          text run at (0,17) width 377: "All of this text even though it's smaller"
          text run at (0,60) width 353: "should be on the 36px grid. The grid"
          text run at (0,130) width 348: "should reset at the top of the second"
          text run at (0,173) width 79: "column."
        RenderBR {BR} at (79,173) size 0x27
        RenderText {#text} at (0,216) size 377x156
          text run at (0,216) width 377: "All of this text even though it's smaller"
          text run at (0,259) width 353: "should be on the 36px grid. The grid"
          text run at (0,302) width 348: "should reset at the top of the second"
          text run at (0,345) width 79: "column."
        RenderBR {BR} at (79,345) size 0x27
        RenderText {#text} at (0,388) size 377x156
          text run at (0,388) width 377: "All of this text even though it's smaller"
          text run at (0,431) width 353: "should be on the 36px grid. The grid"
          text run at (0,474) width 348: "should reset at the top of the second"
          text run at (0,517) width 79: "column."
        RenderBR {BR} at (79,517) size 0x27
      RenderBlock {DIV} at (0,927) size 382x280
        RenderText {#text} at (0,26) size 372x82
          text run at (0,26) width 372: "All of this text even though it's smaller should be on the 36px grid. The grid should reset at"
          text run at (0,96) width 120: "the top of the second column."
        RenderBR {BR} at (120,96) size 0x12
        RenderText {#text} at (0,139) size 372x55
          text run at (0,139) width 372: "All of this text even though it's smaller should be on the 36px grid. The grid should reset at"
          text run at (0,182) width 120: "the top of the second column."
        RenderBR {BR} at (120,182) size 0x12
        RenderText {#text} at (0,225) size 372x55
          text run at (0,225) width 372: "All of this text even though it's smaller should be on the 36px grid. The grid should reset at"
          text run at (0,268) width 120: "the top of the second column."
        RenderBR {BR} at (120,268) size 0x12
      RenderBlock {DIV} at (0,1207) size 382x417
        RenderText {#text} at (0,25) size 381x106
          text run at (0,25) width 381: "All of this text even though it's smaller should be on"
          text run at (0,68) width 381: "the 36px grid. The grid should reset at the top of the"
          text run at (0,111) width 114: "second column."
        RenderBR {BR} at (114,111) size 0x20
        RenderText {#text} at (0,154) size 381x106
          text run at (0,154) width 381: "All of this text even though it's smaller should be on"
          text run at (0,197) width 381: "the 36px grid. The grid should reset at the top of the"
          text run at (0,240) width 114: "second column."
        RenderBR {BR} at (114,240) size 0x20
        RenderText {#text} at (0,310) size 381x106
          text run at (0,310) width 381: "All of this text even though it's smaller should be on"
          text run at (0,353) width 381: "the 36px grid. The grid should reset at the top of the"
          text run at (0,396) width 114: "second column."
        RenderBR {BR} at (114,396) size 0x20
