layer at (0,0) size 800x600
  RenderView at (0,0) size 800x600
layer at (0,0) size 800x257
  RenderBlock {HTML} at (0,0) size 800x257
    RenderBody {BODY} at (8,8) size 784x201
layer at (8,8) size 784x201
  RenderBlock (relative positioned) {DIV} at (0,0) size 784x201 [color=#008000]
    RenderBlock (anonymous) at (0,0) size 784x30
      RenderText {#text} at (0,3) size 312x24
        text run at (0,3) width 312: "X X X X X X X"
    RenderBlock {DIV} at (37,67) size 710x37 [border: (3px solid #000000)]
      RenderText {#text} at (10,6) size 265x24
        text run at (10,6) width 265: "X X X X X X"
    RenderBlock (floating) {DIV} at (0,141) size 78x78 [bgcolor=#FFFF00]
    RenderBlock (anonymous) at (0,141) size 784x60
      RenderText {#text} at (96,3) size 216x24
        text run at (96,3) width 216: "X X X X X"
      RenderBR {BR} at (312,3) size 0x24
      RenderBlock (floating) {DIV} at (96,30) size 78x78 [bgcolor=#800080]
      RenderText {#text} at (192,33) size 216x24
        text run at (192,33) width 216: "X X X X X"
layer at (181,308) size 300x30
  RenderBlock (positioned) {DIV} at (172,300) size 301x30 [bgcolor=#DDDDDD]
    RenderText {#text} at (19,3) size 121x24
      text run at (19,3) width 121: "X X X"
