layer at (0,0) size 785x2812
  RenderView at (0,0) size 785x600
layer at (0,0) size 785x2812
  RenderBlock {HTML} at (0,0) size 785x2812
    RenderBody {BODY} at (8,8) size 769x2796 [bgcolor=#CCCCCC]
      RenderBlock {P} at (0,0) size 769x18
        RenderText {#text} at (0,0) size 363x18
          text run at (0,0) width 363: "The style declarations which apply to the text below are:"
      RenderBlock {PRE} at (0,34) size 769x300
        RenderText {#text} at (0,0) size 219x300
          text run at (0,0) width 196: ".one {font-size: medium;}"
          text run at (195,0) width 1: " "
          text run at (0,15) width 196: ".two {font-size: larger;}"
          text run at (195,15) width 1: " "
          text run at (0,30) width 219: ".three {font-size: smaller;}"
          text run at (218,30) width 1: " "
          text run at (0,45) width 219: ".four {font-size: xx-small;}"
          text run at (218,45) width 1: " "
          text run at (0,60) width 211: ".five {font-size: x-small;}"
          text run at (210,60) width 1: " "
          text run at (0,75) width 188: ".six {font-size: small;}"
          text run at (187,75) width 1: " "
          text run at (0,90) width 203: ".seven {font-size: large;}"
          text run at (202,90) width 1: " "
          text run at (0,105) width 219: ".eight {font-size: x-large;}"
          text run at (218,105) width 1: " "
          text run at (0,120) width 219: ".nine {font-size: xx-large;}"
          text run at (218,120) width 1: " "
          text run at (0,135) width 172: ".a {font-size: 0.5in;}"
          text run at (171,135) width 1: " "
          text run at (0,150) width 157: ".b {font-size: 1cm;}"
          text run at (156,150) width 1: " "
          text run at (0,165) width 164: ".c {font-size: 10mm;}"
          text run at (163,165) width 1: " "
          text run at (0,180) width 164: ".d {font-size: 18pt;}"
          text run at (163,180) width 1: " "
          text run at (0,195) width 172: ".e {font-size: 1.5pc;}"
          text run at (171,195) width 1: " "
          text run at (0,210) width 157: ".f {font-size: 2em;}"
          text run at (156,210) width 1: " "
          text run at (0,225) width 157: ".g {font-size: 3ex;}"
          text run at (156,225) width 1: " "
          text run at (0,240) width 164: ".h {font-size: 25px;}"
          text run at (163,240) width 1: " "
          text run at (0,255) width 164: ".i {font-size: 200%;}"
          text run at (163,255) width 1: " "
          text run at (0,270) width 180: ".j {font-size: -0.5in;}"
          text run at (179,270) width 1: " "
          text run at (0,285) width 0: " "
      RenderBlock {P} at (0,365) size 769x18
        RenderText {#text} at (0,0) size 707x18
          text run at (0,0) width 707: "This paragraph element is unstyled, so the size of the font in this element is the default size for this user agent."
      RenderBlock {P} at (0,399) size 769x18
        RenderText {#text} at (0,0) size 190x18
          text run at (0,0) width 190: "This sentence has been set to "
        RenderInline {CODE} at (0,0) size 48x15
          RenderText {#text} at (189,2) size 48x15
            text run at (189,2) width 48: "medium"
        RenderText {#text} at (236,0) size 368x18
          text run at (236,0) width 368: ", which may or may not be the same size as unstyled text."
      RenderBlock {P} at (0,436) size 769x23
        RenderText {#text} at (0,0) size 380x22
          text run at (0,0) width 380: "This sentence should be larger than unstyled text."
      RenderBlock {P} at (0,477) size 769x16
        RenderText {#text} at (0,0) size 272x15
          text run at (0,0) width 272: "This sentence should be smaller than unstyled text."
      RenderBlock {P} at (0,505) size 769x19
        RenderText {#text} at (0,6) size 286x10
          text run at (0,6) width 286: "This sentence should be very small, but the last word in the sentence should be "
        RenderInline {SPAN} at (0,0) size 54x18
          RenderText {#text} at (285,0) size 54x18
            text run at (285,0) width 54: "medium"
        RenderText {#text} at (338,6) size 3x10
          text run at (338,6) width 3: "."
      RenderBlock {P} at (0,533) size 769x19
        RenderText {#text} at (0,4) size 324x13
          text run at (0,4) width 324: "This sentence should be rather small, but the last word in the sentence should be "
        RenderInline {SPAN} at (0,0) size 53x18
          RenderText {#text} at (323,0) size 53x18
            text run at (323,0) width 53: "medium"
        RenderText {#text} at (375,4) size 4x13
          text run at (375,4) width 4: "."
      RenderBlock {P} at (0,564) size 769x19
        RenderText {#text} at (0,2) size 387x15
          text run at (0,2) width 387: "This sentence should be small, but the last word in the sentence should be "
        RenderInline {SPAN} at (0,0) size 54x18
          RenderText {#text} at (386,0) size 54x18
            text run at (386,0) width 54: "medium"
        RenderText {#text} at (439,2) size 4x15
          text run at (439,2) width 4: "."
      RenderBlock {P} at (0,600) size 769x23
        RenderText {#text} at (0,0) size 533x22
          text run at (0,0) width 533: "This sentence should be large, but the last word in the sentence should be "
        RenderInline {SPAN} at (0,0) size 53x18
          RenderText {#text} at (532,3) size 53x18
            text run at (532,3) width 53: "medium"
        RenderText {#text} at (584,0) size 5x22
          text run at (584,0) width 5: "."
      RenderBlock {P} at (0,646) size 769x57
        RenderText {#text} at (0,0) size 766x28
          text run at (0,0) width 766: "This sentence should be rather large, but the last word in the sentence should be"
        RenderInline {SPAN} at (0,0) size 53x18
          RenderText {#text} at (0,36) size 53x18
            text run at (0,36) width 53: "medium"
        RenderText {#text} at (52,28) size 7x28
          text run at (52,28) width 7: "."
      RenderBlock {P} at (0,734) size 769x75
        RenderText {#text} at (0,0) size 754x74
          text run at (0,0) width 754: "This sentence should be very large, but the last word in the"
          text run at (0,37) width 250: "sentence should be "
        RenderInline {SPAN} at (0,0) size 54x18
          RenderText {#text} at (249,52) size 54x18
            text run at (249,52) width 54: "medium"
        RenderText {#text} at (302,37) size 9x37
          text run at (302,37) width 9: "."
      RenderBlock {P} at (0,856) size 769x111
        RenderText {#text} at (0,0) size 699x110
          text run at (0,0) width 699: "This sentence should be half an inch"
          text run at (0,55) width 74: "tall."
      RenderBlock {P} at (0,1014) size 769x44
        RenderText {#text} at (0,0) size 663x43
          text run at (0,0) width 663: "This sentence should be one centimeter tall."
      RenderBlock {P} at (0,1095) size 769x44
        RenderText {#text} at (0,0) size 667x43
          text run at (0,0) width 667: "This sentence should be ten millimeters tall."
      RenderBlock {P} at (0,1176) size 769x29
        RenderText {#text} at (0,0) size 425x28
          text run at (0,0) width 425: "This sentence should be eighteen points tall."
      RenderBlock {P} at (0,1228) size 769x29
        RenderText {#text} at (0,0) size 494x28
          text run at (0,0) width 494: "This sentence should be one and one half picas tall."
      RenderBlock {P} at (0,1288) size 769x38
        RenderText {#text} at (0,0) size 467x37
          text run at (0,0) width 467: "This sentence should be two em tall."
      RenderBlock {P} at (0,1357) size 769x25
        RenderText {#text} at (0,0) size 319x24
          text run at (0,0) width 319: "This sentence should be three ex tall."
      RenderBlock {P} at (0,1406) size 769x30
        RenderText {#text} at (0,0) size 471x29
          text run at (0,0) width 471: "This sentence should be twenty-five pixels tall."
      RenderBlock {P} at (0,1467) size 769x38
        RenderText {#text} at (0,0) size 549x37
          text run at (0,0) width 549: "This sentence should be twice normal size."
      RenderBlock {P} at (0,1536) size 769x19
        RenderText {#text} at (0,0) size 686x18
          text run at (0,0) width 686: "This sentence should be normal size, since no negative values are allowed and therefore should be ignored."
      RenderTable {TABLE} at (0,1570) size 769x1226 [border: (1px outset #808080)]
        RenderTableSection {TBODY} at (1,1) size 767x1224
          RenderTableRow {TR} at (0,0) size 767x26
            RenderTableCell {TD} at (0,0) size 767x26 [bgcolor=#C0C0C0] [border: (1px inset #808080)] [r=0 c=0 rs=1 cs=2]
              RenderInline {STRONG} at (0,0) size 161x18
                RenderText {#text} at (4,4) size 161x18
                  text run at (4,4) width 161: "TABLE Testing Section"
          RenderTableRow {TR} at (0,26) size 767x1198
            RenderTableCell {TD} at (0,611) size 12x27 [bgcolor=#C0C0C0] [border: (1px inset #808080)] [r=1 c=0 rs=1 cs=1]
              RenderText {#text} at (4,3) size 4x20
                text run at (4,4) width 4: " "
            RenderTableCell {TD} at (12,26) size 755x1198 [border: (1px inset #808080)] [r=1 c=1 rs=1 cs=1]
              RenderBlock {P} at (4,4) size 747x18
                RenderText {#text} at (0,0) size 707x18
                  text run at (0,0) width 707: "This paragraph element is unstyled, so the size of the font in this element is the default size for this user agent."
              RenderBlock {P} at (4,38) size 747x18
                RenderText {#text} at (0,0) size 190x18
                  text run at (0,0) width 190: "This sentence has been set to "
                RenderInline {CODE} at (0,0) size 48x15
                  RenderText {#text} at (189,2) size 48x15
                    text run at (189,2) width 48: "medium"
                RenderText {#text} at (236,0) size 368x18
                  text run at (236,0) width 368: ", which may or may not be the same size as unstyled text."
              RenderBlock {P} at (4,75) size 747x23
                RenderText {#text} at (0,0) size 380x22
                  text run at (0,0) width 380: "This sentence should be larger than unstyled text."
              RenderBlock {P} at (4,116) size 747x16
                RenderText {#text} at (0,0) size 272x15
                  text run at (0,0) width 272: "This sentence should be smaller than unstyled text."
              RenderBlock {P} at (4,144) size 747x19
                RenderText {#text} at (0,6) size 286x10
                  text run at (0,6) width 286: "This sentence should be very small, but the last word in the sentence should be "
                RenderInline {SPAN} at (0,0) size 54x18
                  RenderText {#text} at (285,0) size 54x18
                    text run at (285,0) width 54: "medium"
                RenderText {#text} at (338,6) size 3x10
                  text run at (338,6) width 3: "."
              RenderBlock {P} at (4,172) size 747x19
                RenderText {#text} at (0,4) size 324x13
                  text run at (0,4) width 324: "This sentence should be rather small, but the last word in the sentence should be "
                RenderInline {SPAN} at (0,0) size 53x18
                  RenderText {#text} at (323,0) size 53x18
                    text run at (323,0) width 53: "medium"
                RenderText {#text} at (375,4) size 4x13
                  text run at (375,4) width 4: "."
              RenderBlock {P} at (4,203) size 747x19
                RenderText {#text} at (0,2) size 387x15
                  text run at (0,2) width 387: "This sentence should be small, but the last word in the sentence should be "
                RenderInline {SPAN} at (0,0) size 54x18
                  RenderText {#text} at (386,0) size 54x18
                    text run at (386,0) width 54: "medium"
                RenderText {#text} at (439,2) size 4x15
                  text run at (439,2) width 4: "."
              RenderBlock {P} at (4,239) size 747x23
                RenderText {#text} at (0,0) size 533x22
                  text run at (0,0) width 533: "This sentence should be large, but the last word in the sentence should be "
                RenderInline {SPAN} at (0,0) size 53x18
                  RenderText {#text} at (532,3) size 53x18
                    text run at (532,3) width 53: "medium"
                RenderText {#text} at (584,0) size 5x22
                  text run at (584,0) width 5: "."
              RenderBlock {P} at (4,285) size 747x57
                RenderText {#text} at (0,0) size 737x56
                  text run at (0,0) width 737: "This sentence should be rather large, but the last word in the sentence should"
                  text run at (0,28) width 29: "be "
                RenderInline {SPAN} at (0,0) size 54x18
                  RenderText {#text} at (28,36) size 54x18
                    text run at (28,36) width 54: "medium"
                RenderText {#text} at (81,28) size 7x28
                  text run at (81,28) width 7: "."
              RenderBlock {P} at (4,373) size 747x75
                RenderText {#text} at (0,0) size 706x74
                  text run at (0,0) width 706: "This sentence should be very large, but the last word in"
                  text run at (0,37) width 297: "the sentence should be "
                RenderInline {SPAN} at (0,0) size 54x18
                  RenderText {#text} at (296,52) size 54x18
                    text run at (296,52) width 54: "medium"
                RenderText {#text} at (349,37) size 9x37
                  text run at (349,37) width 9: "."
              RenderBlock {P} at (4,495) size 747x111
                RenderText {#text} at (0,0) size 699x110
                  text run at (0,0) width 699: "This sentence should be half an inch"
                  text run at (0,55) width 74: "tall."
              RenderBlock {P} at (4,653) size 747x44
                RenderText {#text} at (0,0) size 663x43
                  text run at (0,0) width 663: "This sentence should be one centimeter tall."
              RenderBlock {P} at (4,734) size 747x44
                RenderText {#text} at (0,0) size 667x43
                  text run at (0,0) width 667: "This sentence should be ten millimeters tall."
              RenderBlock {P} at (4,815) size 747x29
                RenderText {#text} at (0,0) size 425x28
                  text run at (0,0) width 425: "This sentence should be eighteen points tall."
              RenderBlock {P} at (4,867) size 747x29
                RenderText {#text} at (0,0) size 494x28
                  text run at (0,0) width 494: "This sentence should be one and one half picas tall."
              RenderBlock {P} at (4,927) size 747x38
                RenderText {#text} at (0,0) size 467x37
                  text run at (0,0) width 467: "This sentence should be two em tall."
              RenderBlock {P} at (4,996) size 747x25
                RenderText {#text} at (0,0) size 319x24
                  text run at (0,0) width 319: "This sentence should be three ex tall."
              RenderBlock {P} at (4,1045) size 747x30
                RenderText {#text} at (0,0) size 471x29
                  text run at (0,0) width 471: "This sentence should be twenty-five pixels tall."
              RenderBlock {P} at (4,1106) size 747x38
                RenderText {#text} at (0,0) size 549x37
                  text run at (0,0) width 549: "This sentence should be twice normal size."
              RenderBlock {P} at (4,1175) size 747x19
                RenderText {#text} at (0,0) size 686x18
                  text run at (0,0) width 686: "This sentence should be normal size, since no negative values are allowed and therefore should be ignored."
layer at (8,355) size 769x2 clip at (0,0) size 0x0
  RenderBlock {HR} at (0,347) size 769x2 [border: (1px inset #000000)]
