layer at (0,0) size 800x600
  RenderView at (0,0) size 800x600
layer at (0,0) size 800x600
  RenderBlock {HTML} at (0,0) size 800x600
    RenderBody {BODY} at (8,8) size 784x584
      RenderTable {TABLE} at (0,0) size 784x52
        RenderTableSection {TBODY} at (0,0) size 784x52
          RenderTableRow {TR} at (0,2) size 784x26
            RenderTableCell {TD} at (2,5) size 43x20 [r=0 c=0 rs=1 cs=1]
              RenderText {#text} at (1,1) size 37x17
                text run at (1,1) width 37: "URL:"
            RenderTableCell {TD} at (46,2) size 737x26 [r=0 c=1 rs=1 cs=1]
              RenderTextControl {INPUT} at (1,1) size 734x24 [bgcolor=#FFFFFF] [border: (2px inset #000000)]
          RenderTableRow {TR} at (0,30) size 784x20
            RenderTableCell {TD} at (2,30) size 781x20 [bgcolor=#FF0000] [r=1 c=0 rs=1 cs=2]
              RenderText {#text} at (1,1) size 257x17
                text run at (1,1) width 257: "Alongwordtogiveyouanicebigminwidth."
      RenderTable {TABLE} at (0,52) size 100x100 [bgcolor=#FF0000] [border: (2px outset #808080)]
        RenderTableSection {TBODY} at (2,2) size 96x96
          RenderTableRow {TR} at (0,2) size 96x92
            RenderTableCell {TD} at (2,46) size 92x4 [border: (1px inset #808080)] [r=0 c=0 rs=1 cs=1]
      RenderTable {TABLE} at (0,152) size 213x126 [border: (2px outset #808080)]
        RenderTableSection {TBODY} at (2,2) size 209x122
          RenderTableRow {TR} at (0,2) size 209x22
            RenderTableCell {TD} at (2,2) size 205x22 [border: (1px inset #808080)] [r=0 c=0 rs=1 cs=1]
              RenderText {#text} at (2,2) size 32x17
                text run at (2,2) width 32: "hello"
          RenderTableRow {TR} at (0,26) size 209x22
            RenderTableCell {TD} at (2,26) size 205x22 [border: (1px inset #808080)] [r=1 c=0 rs=1 cs=1]
              RenderText {#text} at (2,2) size 69x17
                text run at (2,2) width 69: "more hello"
          RenderTableRow {TR} at (0,50) size 209x22
            RenderTableCell {TD} at (2,50) size 205x22 [border: (1px inset #808080)] [r=2 c=0 rs=1 cs=1]
              RenderText {#text} at (2,2) size 38x17
                text run at (2,2) width 38: "world"
          RenderTableRow {TR} at (0,74) size 209x46
            RenderTableCell {TD} at (2,74) size 205x46 [border: (1px inset #808080)] [r=3 c=0 rs=1 cs=1]
              RenderText {#text} at (0,0) size 0x0
      RenderTable {TABLE} at (0,278) size 337x24
        RenderTableSection {TBODY} at (0,0) size 337x24
          RenderTableRow {TR} at (0,2) size 337x20
            RenderTableCell {TD} at (2,2) size 333x20 [r=0 c=0 rs=1 cs=1]
              RenderText {#text} at (1,1) size 331x17
                text run at (1,1) width 234: "I should wrap and not have nowrap. "
                text run at (234,1) width 98: "I really should."
      RenderTable {TABLE} at (0,302) size 337x24
        RenderTableSection {TBODY} at (0,0) size 337x24
          RenderTableRow {TR} at (0,2) size 337x20
            RenderTableCell {TD} at (2,2) size 333x20 [r=0 c=0 rs=1 cs=1]
              RenderBlock {DIV} at (1,1) size 331x18
                RenderText {#text} at (0,0) size 331x17
                  text run at (0,0) width 234: "I should wrap and not have nowrap. "
                  text run at (233,0) width 98: "I really should."
      RenderTable {TABLE} at (0,326) size 374x24
        RenderTableSection {TBODY} at (0,0) size 374x24
          RenderTableRow {TR} at (0,2) size 374x20
            RenderTableCell {TD} at (2,2) size 370x20 [r=0 c=0 rs=1 cs=1]
              RenderText {#text} at (1,1) size 368x17
                text run at (1,1) width 147: "I should have nowrap. "
                text run at (147,1) width 101: "I really should. "
                text run at (247,1) width 122: "Definitely. Should."
      RenderTable {TABLE} at (0,350) size 374x24
        RenderTableSection {TBODY} at (0,0) size 374x24
          RenderTableRow {TR} at (0,2) size 374x20
            RenderTableCell {TD} at (2,2) size 370x20 [r=0 c=0 rs=1 cs=1]
              RenderBlock {DIV} at (1,1) size 368x18
                RenderText {#text} at (0,0) size 368x17
                  text run at (0,0) width 147: "I should have nowrap. "
                  text run at (146,0) width 101: "I really should. "
                  text run at (246,0) width 122: "Definitely. Should."
layer at (58,14) size 728x18
  RenderBlock {DIV} at (3,3) size 728x18
layer at (14,238) size 201x42 clip at (15,239) size 199x40
  RenderTextControl {TEXTAREA} at (2,2) size 201x42 [bgcolor=#FFFFFF] [border: (1px solid #000000)]
    RenderBlock {DIV} at (3,3) size 195x18
