layer at (0,0) size 800x600
  RenderView at (0,0) size 800x600
layer at (0,0) size 800x600
  RenderBlock {HTML} at (0,0) size 800x600
    RenderBody {BODY} at (8,8) size 784x584
      RenderBlock {P} at (0,0) size 784x17
        RenderText {#text} at (0,0) size 376x17
          text run at (0,0) width 376: "This page has a few form elements on it with various styles."
      RenderBlock {P} at (0,33) size 784x17
        RenderText {#text} at (0,0) size 572x17
          text run at (0,0) width 572: "In older versions of WebKit, the table styles would cause infinite recursion and hangs. See "
        RenderInline {A} at (0,0) size 114x17 [color=#0000EE]
          RenderText {#text} at (572,0) size 114x17
            text run at (572,0) width 114: "bugzilla bug 5731"
        RenderText {#text} at (686,0) size 4x17
          text run at (686,0) width 4: "."
      RenderBlock {DIV} at (0,66) size 784x17
        RenderInline {FORM} at (0,0) size 88x17
          RenderText {#text} at (0,0) size 88x17
            text run at (0,0) width 88: "display: inline"
      RenderBlock {DIV} at (0,83) size 784x17
        RenderBlock {FORM} at (0,0) size 784x17
          RenderText {#text} at (0,0) size 88x17
            text run at (0,0) width 88: "display: block"
      RenderBlock {DIV} at (0,116) size 784x17
        RenderListItem {FORM} at (0,0) size 784x17
          RenderListMarker at (-17,0) size 7x17: bullet
          RenderText {#text} at (0,0) size 103x17
            text run at (0,0) width 103: "display: list-item"
      RenderBlock {DIV} at (0,149) size 784x17
        RenderBlock (run-in) {FORM} at (0,0) size 784x17
          RenderText {#text} at (0,0) size 91x17
            text run at (0,0) width 91: "display: run-in"
      RenderBlock {DIV} at (0,182) size 784x17
        RenderBlock {FORM} at (0,0) size 784x17
          RenderText {#text} at (0,0) size 106x17
            text run at (0,0) width 106: "display: compact"
      RenderBlock {DIV} at (0,215) size 784x33
        RenderBlock {FORM} at (0,0) size 128x17
          RenderText {#text} at (0,0) size 128x17
            text run at (0,0) width 128: "display: inline-block"
      RenderBlock {DIV} at (0,248) size 784x17
        RenderTable {FORM} at (0,0) size 83x17
          RenderTableSection (anonymous) at (0,0) size 83x17
            RenderTableRow (anonymous) at (0,0) size 83x17
              RenderTableCell (anonymous) at (0,0) size 83x17 [r=0 c=0 rs=1 cs=1]
                RenderText {#text} at (0,0) size 83x17
                  text run at (0,0) width 83: "display: table"
      RenderBlock {DIV} at (0,281) size 784x33
        RenderTable {FORM} at (0,0) size 123x17
          RenderTableSection (anonymous) at (0,0) size 123x17
            RenderTableRow (anonymous) at (0,0) size 123x17
              RenderTableCell (anonymous) at (0,0) size 123x17 [r=0 c=0 rs=1 cs=1]
                RenderText {#text} at (0,0) size 123x17
                  text run at (0,0) width 123: "display: inline-table"
      RenderBlock {DIV} at (0,314) size 784x17
        RenderTable at (0,0) size 155x17
          RenderTableSection {FORM} at (0,0) size 155x17
            RenderTableRow (anonymous) at (0,0) size 155x17
              RenderTableCell (anonymous) at (0,0) size 155x17 [r=0 c=0 rs=1 cs=1]
                RenderText {#text} at (0,0) size 155x17
                  text run at (0,0) width 155: "display: table-row-group"
      RenderBlock {DIV} at (0,331) size 784x17
        RenderTable at (0,0) size 172x17
          RenderTableSection {FORM} at (0,0) size 172x17
            RenderTableRow (anonymous) at (0,0) size 172x17
              RenderTableCell (anonymous) at (0,0) size 172x17 [r=0 c=0 rs=1 cs=1]
                RenderText {#text} at (0,0) size 172x17
                  text run at (0,0) width 172: "display: table-header-group"
      RenderBlock {DIV} at (0,348) size 784x17
        RenderTable at (0,0) size 167x17
          RenderTableSection {FORM} at (0,0) size 167x17
            RenderTableRow (anonymous) at (0,0) size 167x17
              RenderTableCell (anonymous) at (0,0) size 167x17 [r=0 c=0 rs=1 cs=1]
                RenderText {#text} at (0,0) size 167x17
                  text run at (0,0) width 167: "display: table-footer-group"
      RenderBlock {DIV} at (0,365) size 784x17
        RenderTable at (0,0) size 113x17
          RenderTableSection (anonymous) at (0,0) size 113x17
            RenderTableRow {FORM} at (0,0) size 113x17
              RenderTableCell (anonymous) at (0,0) size 113x17 [r=0 c=0 rs=1 cs=1]
                RenderText {#text} at (0,0) size 113x17
                  text run at (0,0) width 113: "display: table-row"
      RenderBlock {DIV} at (0,382) size 784x0
        RenderTable at (0,0) size 0x0
          RenderTableCol {FORM} at (0,0) size 0x0
      RenderBlock {DIV} at (0,382) size 784x0
        RenderTable at (0,0) size 0x0
          RenderTableCol {FORM} at (0,0) size 0x0
      RenderBlock {DIV} at (0,382) size 784x17
        RenderTable at (0,0) size 110x17
          RenderTableSection (anonymous) at (0,0) size 110x17
            RenderTableRow (anonymous) at (0,0) size 110x17
              RenderTableCell {FORM} at (0,0) size 110x17 [r=0 c=0 rs=1 cs=1]
                RenderText {#text} at (0,0) size 110x17
                  text run at (0,0) width 110: "display: table-cell"
      RenderBlock {DIV} at (0,399) size 784x67
        RenderTable at (0,0) size 49x67
          RenderBlock {FORM} at (0,0) size 49x51
            RenderText {#text} at (0,0) size 49x51
              text run at (0,0) width 49: "display:"
              text run at (0,17) width 35: "table-"
              text run at (0,34) width 46: "caption"
