layer at (0,0) size 800x600
  RenderView at (0,0) size 800x600
layer at (0,0) size 800x600
  RenderBlock {HTML} at (0,0) size 800x600
    RenderBody {BODY} at (8,8) size 784x584
      RenderTable {TABLE} at (0,0) size 100x580 [border: (2px outset #808080)]
        RenderTableSection {TBODY} at (2,2) size 96x576
          RenderTableRow {TR} at (0,0) size 22x576
            RenderTableCell {TD} at (0,20) size 96x-2 [bgcolor=#AAAAAA] [border: (1px inset #808080)] [r=0 c=0 rs=3 cs=1]
              RenderText {#text} at (21,-19) size 53x36
                text run at (21,-19) width 26: "Left"
                text run at (39,-19) width 13: "(3"
                text run at (57,-19) width 36: "rows)"
            RenderTableCell {TD} at (0,57) size 59x163 [bgcolor=#000000] [border: (1px inset #808080)] [r=0 c=1 rs=2 cs=1]
              RenderText {#text} at (20,-19) size 18x5
                text run at (20,-18) width 5: " "
            RenderTableCell {TD} at (0,239) size 22x97 [border: (1px inset #808080)] [r=0 c=2 rs=1 cs=10]
              RenderText {#text} at (1,1) size 17x97
                text run at (1,1) width 96: "Middle (1 row)"
            RenderTableCell {TD} at (0,356) size 59x163 [bgcolor=#000000] [border: (1px inset #808080)] [r=0 c=12 rs=2 cs=1]
              RenderText {#text} at (20,-19) size 18x5
                text run at (20,-18) width 5: " "
            RenderTableCell {TD} at (0,558) size 96x-1 [bgcolor=#AAAAAA] [border: (1px inset #808080)] [r=0 c=13 rs=3 cs=1]
              RenderText {#text} at (21,-18) size 53x36
                text run at (21,-18) width 35: "Right"
                text run at (39,4) width 13: "(3"
                text run at (57,-19) width 36: "rows)"
          RenderTableRow {TR} at (22,0) size 37x576
            RenderTableCell {TD} at (22,247) size 37x-5 [bgcolor=#EEEEEE] [border: (1px inset #808080)] [r=1 c=2 rs=1 cs=1]
              RenderText {#text} at (9,-8) size 18x5
                text run at (9,-7) width 5: " "
            RenderTableCell {TD} at (22,258) size 37x-5 [bgcolor=#EEEEEE] [border: (1px inset #808080)] [r=1 c=3 rs=1 cs=1]
              RenderText {#text} at (9,-8) size 18x5
                text run at (9,-7) width 5: " "
            RenderTableCell {TD} at (22,269) size 37x-5 [bgcolor=#EEEEEE] [border: (1px inset #808080)] [r=1 c=4 rs=1 cs=1]
              RenderText {#text} at (9,-8) size 18x5
                text run at (9,-7) width 5: " "
            RenderTableCell {TD} at (22,280) size 37x-5 [bgcolor=#EEEEEE] [border: (1px inset #808080)] [r=1 c=5 rs=1 cs=1]
              RenderText {#text} at (9,-8) size 18x5
                text run at (9,-7) width 5: " "
            RenderTableCell {TD} at (22,291) size 37x-6 [bgcolor=#EEEEEE] [border: (1px inset #808080)] [r=1 c=6 rs=1 cs=1]
              RenderText {#text} at (9,-8) size 18x5
                text run at (9,-7) width 5: " "
            RenderTableCell {TD} at (22,301) size 37x-5 [bgcolor=#EEEEEE] [border: (1px inset #808080)] [r=1 c=7 rs=1 cs=1]
              RenderText {#text} at (9,-8) size 18x5
                text run at (9,-7) width 5: " "
            RenderTableCell {TD} at (22,312) size 37x-5 [bgcolor=#EEEEEE] [border: (1px inset #808080)] [r=1 c=8 rs=1 cs=1]
              RenderText {#text} at (9,-8) size 18x5
                text run at (9,-7) width 5: " "
            RenderTableCell {TD} at (22,323) size 37x-5 [bgcolor=#EEEEEE] [border: (1px inset #808080)] [r=1 c=9 rs=1 cs=1]
              RenderText {#text} at (9,-8) size 18x5
                text run at (9,-7) width 5: " "
            RenderTableCell {TD} at (22,334) size 37x-5 [bgcolor=#EEEEEE] [border: (1px inset #808080)] [r=1 c=10 rs=1 cs=1]
              RenderText {#text} at (9,-8) size 18x5
                text run at (9,-7) width 5: " "
          RenderTableRow {TR} at (59,0) size 37x576
            RenderTableCell {TD} at (59,46) size 37x522 [bgcolor=#008000] [border: (1px inset #808080)] [r=2 c=1 rs=1 cs=13]
              RenderText {#text} at (9,256) size 18x274
                text run at (9,257) width 273: "Bottom Row Overlaps with the Right Cell!"
