layer at (0,0) size 800x600
  RenderView at (0,0) size 800x600
layer at (0,0) size 800x600
  RenderBlock {HTML} at (0,0) size 800x600
    RenderBody {BODY} at (8,8) size 784x584
      RenderTable {TABLE} at (0,0) size 216x50
        RenderTableSection {TBODY} at (0,0) size 216x50
          RenderTableRow {TR} at (0,2) size 216x2
            RenderTableCell {TD} at (2,2) size 6x2 [r=0 c=0 rs=1 cs=1]
          RenderTableRow {TR} at (0,6) size 216x0
            RenderTableCell {TD} at (2,6) size 6x2 [r=1 c=0 rs=2 cs=1]
          RenderTableRow {TR} at (0,8) size 216x0
            RenderTableCell {TD} at (10,27) size 204x2 [r=2 c=1 rs=2 cs=1]
          RenderTableRow {TR} at (0,10) size 216x38
            RenderTableCell {TD} at (2,10) size 212x38 [r=3 c=0 rs=1 cs=2]
              RenderTable {TABLE} at (1,1) size 210x36 [border: (2px outset #000000)]
                RenderTableSection {TBODY} at (2,2) size 206x32
                  RenderTableRow {TR} at (0,2) size 206x28
                    RenderTableCell {TD} at (2,14) size 4x4 [border: (1px inset #000000)] [r=0 c=0 rs=1 cs=1]
                    RenderTableCell {TD} at (8,2) size 196x28 [border: (1px inset #000000)] [r=0 c=1 rs=1 cs=1]
                      RenderTextControl {INPUT} at (2,2) size 192x24 [bgcolor=#FFFFFF] [border: (2px inset #000000)]
                      RenderText {#text} at (0,0) size 0x0
layer at (26,28) size 186x18
  RenderBlock {DIV} at (3,3) size 186x18
    RenderText {#text} at (0,0) size 35x17
      text run at (0,0) width 35: "hello"
