layer at (0,0) size 800x600
  RenderView at (0,0) size 800x600
layer at (0,0) size 800x600
  RenderBlock {HTML} at (0,0) size 800x600
    RenderBody {BODY} at (8,8) size 784x584
      RenderBlock (anonymous) at (0,0) size 784x18
        RenderText {#text} at (0,0) size 337x17
          text run at (0,0) width 337: "You should see a PASS with a solid outline around it."
        RenderText {#text} at (0,0) size 0x0
      RenderTable {TABLE} at (0,18) size 42x22
        RenderTableSection (anonymous) at (0,0) size 42x22
          RenderTableRow (anonymous) at (0,2) size 42x18
            RenderTableCell (anonymous) at (2,2) size 38x18 [r=0 c=0 rs=1 cs=1]
              RenderInline {SPAN} at (0,0) size 38x17
                RenderText {#text} at (0,0) size 38x17
                  text run at (0,0) width 38: "PASS"
              RenderInline {SPAN} at (0,0) size 1x17
