layer at (0,0) size 800x600
  RenderView at (0,0) size 800x600
layer at (0,0) size 800x561
  RenderBlock {html} at (0,0) size 800x561
    RenderBlock {parsererror} at (16,16) size 768x137 [bgcolor=#FFDDDD] [border: (2px solid #CC7777)]
      RenderBlock {h3} at (18,20) size 732x23
        RenderText {#text} at (0,0) size 309x21
          text run at (0,0) width 309: "This page contains the following errors:"
      RenderBlock {div} at (18,61) size 732x15
        RenderText {#text} at (0,0) size 581x14
          text run at (0,0) width 581: "error on line 63 at column 111: Opening and ending tag mismatch: br line 63 and div"
          text run at (581,0) width 0: " "
      RenderBlock {h3} at (18,94) size 732x23
        RenderText {#text} at (0,0) size 410x21
          text run at (0,0) width 410: "Below is a rendering of the page up to the first error."
    RenderBody {body} at (8,168) size 784x377
      RenderBlock {p} at (0,0) size 784x376
        RenderBlock (anonymous) at (0,0) size 784x36
          RenderText {#text} at (0,0) size 172x17
            text run at (0,0) width 172: "This is a regression test for "
          RenderInline {i} at (0,0) size 737x35
            RenderInline {a} at (172,0) size 348x17 [color=#0000EE]
              RenderText {#text} at (172,0) size 348x17
                text run at (172,0) width 348: "http://bugzilla.opendarwin.org/show_bug.cgi?id=9122"
            RenderText {#text} at (0,0) size 737x35
              text run at (519,0) width 5: " "
              text run at (523,0) width 214: "REGRESSION: Incorrect vertical"
              text run at (0,18) width 304: "position for text fields in a \"display: table\" block"
          RenderText {#text} at (304,18) size 4x17
            text run at (304,18) width 4: "."
        RenderBlock {p} at (0,52) size 784x36
          RenderText {#text} at (0,0) size 783x35
            text run at (0,0) width 783: "Type something in the text field. Resize the window. The text field should not jump down. Delete what you typed and resize"
            text run at (0,18) width 279: "the window. The text field should not move."
        RenderBlock {form} at (0,104) size 784x272
          RenderTable {dl} at (0,0) size 217x24
            RenderTableSection (anonymous) at (0,0) size 217x24
              RenderTableRow {div} at (0,0) size 217x24
                RenderTableCell {dt} at (0,3) size 25x18 [r=0 c=0 rs=1 cs=1]
                  RenderText {#text} at (0,3) size 25x17
                    text run at (0,0) width 25: "Foo"
                RenderTableCell {dd} at (25,0) size 192x24 [r=0 c=1 rs=1 cs=1]
                  RenderTextControl {input} at (0,0) size 192x24 [bgcolor=#FFFFFF] [border: (2px inset #808080)]
          RenderBlock {p} at (0,58) size 784x36
            RenderText {#text} at (0,0) size 781x35
              text run at (0,0) width 781: "And here's more. There should not be a difference in distance between the labels, nor any difference in distance between the"
              text run at (0,18) width 65: "text fields."
          RenderTable {dl} at (0,110) size 217x162
            RenderTableSection (anonymous) at (0,0) size 217x162
              RenderTableRow {div} at (0,0) size 217x24
                RenderTableCell {dt} at (0,3) size 25x18 [r=0 c=0 rs=1 cs=1]
                  RenderText {#text} at (0,3) size 25x17
                    text run at (0,0) width 25: "Foo"
                RenderTableCell {dd} at (25,0) size 192x24 [r=0 c=1 rs=1 cs=1]
                  RenderTextControl {input} at (0,0) size 192x24 [bgcolor=#FFFFFF] [border: (2px inset #808080)]
              RenderTableRow {div} at (0,24) size 217x24
                RenderTableCell {dt} at (0,27) size 25x18 [r=1 c=0 rs=1 cs=1]
                  RenderText {#text} at (0,3) size 25x17
                    text run at (0,0) width 25: "Foo"
                RenderTableCell {dd} at (25,24) size 192x24 [r=1 c=1 rs=1 cs=1]
                  RenderTextControl {input} at (0,0) size 192x24 [bgcolor=#FFFFFF] [border: (2px inset #808080)]
              RenderTableRow {div} at (0,48) size 217x24
                RenderTableCell {dt} at (0,51) size 25x18 [r=2 c=0 rs=1 cs=1]
                  RenderText {#text} at (0,3) size 25x17
                    text run at (0,0) width 25: "Foo"
                RenderTableCell {dd} at (25,48) size 192x24 [r=2 c=1 rs=1 cs=1]
                  RenderTextControl {input} at (0,0) size 192x24 [bgcolor=#FFFFFF] [border: (2px inset #808080)]
              RenderTableRow {div} at (0,72) size 217x24
                RenderTableCell {dt} at (0,75) size 25x18 [r=3 c=0 rs=1 cs=1]
                  RenderText {#text} at (0,3) size 25x17
                    text run at (0,0) width 25: "Foo"
                RenderTableCell {dd} at (25,72) size 192x24 [r=3 c=1 rs=1 cs=1]
                  RenderTextControl {input} at (0,0) size 192x24 [bgcolor=#FFFFFF] [border: (2px inset #808080)]
              RenderTableRow {div} at (0,96) size 217x24
                RenderTableCell {dt} at (0,99) size 25x18 [r=4 c=0 rs=1 cs=1]
                  RenderText {#text} at (0,3) size 25x17
                    text run at (0,0) width 25: "Foo"
                RenderTableCell {dd} at (25,96) size 192x24 [r=4 c=1 rs=1 cs=1]
                  RenderTextControl {input} at (0,0) size 192x24 [bgcolor=#FFFFFF] [border: (2px inset #808080)]
              RenderTableRow {div} at (0,120) size 217x24
                RenderTableCell {dt} at (0,123) size 25x18 [r=5 c=0 rs=1 cs=1]
                  RenderText {#text} at (0,3) size 25x17
                    text run at (0,0) width 25: "Foo"
                RenderTableCell {dd} at (25,120) size 192x24 [r=5 c=1 rs=1 cs=1]
                  RenderTextControl {input} at (0,0) size 192x24 [bgcolor=#FFFFFF] [border: (2px inset #808080)]
              RenderTableRow {div} at (0,144) size 217x18
                RenderTableCell {dt} at (0,144) size 25x18 [r=6 c=0 rs=1 cs=1]
                  RenderText {#text} at (0,0) size 25x17
                    text run at (0,0) width 25: "Foo"
                RenderTableCell {dd} at (25,144) size 192x18 [r=6 c=1 rs=1 cs=1]
                  RenderBlock {div} at (0,0) size 0x18
                    RenderBR {br} at (0,0) size 0x17
layer at (36,276) size 186x18
  RenderBlock {div} at (3,3) size 186x18
layer at (8,313) size 784x2 clip at (0,0) size 0x0
  RenderBlock {hr} at (0,40) size 784x2 [color=#808080] [border: (1px inset #808080)]
layer at (36,386) size 186x18
  RenderBlock {div} at (3,3) size 186x18
layer at (36,410) size 186x18
  RenderBlock {div} at (3,3) size 186x18
layer at (36,434) size 186x18
  RenderBlock {div} at (3,3) size 186x18
    RenderText {#text} at (0,0) size 25x17
      text run at (0,0) width 25: "Bar"
layer at (36,458) size 186x18
  RenderBlock {div} at (3,3) size 186x18
    RenderText {#text} at (0,0) size 25x17
      text run at (0,0) width 25: "Bar"
layer at (36,482) size 186x18
  RenderBlock {div} at (3,3) size 186x18
layer at (36,506) size 186x18
  RenderBlock {div} at (3,3) size 186x18
