layer at (0,0) size 800x600
  RenderView at (0,0) size 800x600
layer at (0,0) size 800x430
  RenderBlock {HTML} at (0,0) size 800x430
    RenderBody {BODY} at (8,16) size 784x406
      RenderBlock {P} at (0,0) size 784x18
        RenderText {#text} at (0,0) size 459x18
          text run at (0,0) width 459: "Test overflow clipping of composited elements in various configurations."
      RenderBlock (anonymous) at (0,34) size 784x372
        RenderText {#text} at (182,168) size 4x18
          text run at (182,168) width 4: " "
        RenderText {#text} at (368,168) size 4x18
          text run at (368,168) width 4: " "
        RenderText {#text} at (554,168) size 4x18
          text run at (554,168) width 4: " "
        RenderBR {BR} at (0,0) size 0x0
        RenderText {#text} at (182,354) size 4x18
          text run at (182,354) width 4: " "
        RenderText {#text} at (368,354) size 4x18
          text run at (368,354) width 4: " "
        RenderText {#text} at (0,0) size 0x0
layer at (28,70) size 142x142 clip at (29,71) size 140x140 scrollHeight 171
  RenderBlock {DIV} at (20,20) size 142x142 [border: (1px solid #000000)]
    RenderBlock {DIV} at (11,11) size 122x122 [border: (1px solid #0000FF)]
layer at (214,70) size 142x142 clip at (215,71) size 140x140
  RenderBlock {DIV} at (206,20) size 142x142 [border: (1px solid #000000)]
layer at (28,256) size 142x142 clip at (29,257) size 140x140 scrollHeight 171
  RenderBlock {DIV} at (20,206) size 142x142 [border: (1px solid #000000)]
    RenderBlock {DIV} at (11,11) size 122x122 [border: (1px solid #0000FF)]
layer at (214,256) size 142x142 clip at (215,257) size 140x140
  RenderBlock {DIV} at (206,206) size 142x142 [border: (1px solid #000000)]
layer at (50,92) size 100x150 backgroundClip at (29,71) size 140x140 clip at (29,71) size 140x140 outlineClip at (29,71) size 140x140
  RenderBlock {DIV} at (11,11) size 100x150 [bgcolor=#808080]
layer at (225,81) size 122x122
  RenderBlock (positioned) {DIV} at (225,81) size 122x122 [border: (1px solid #0000FF)]
layer at (236,92) size 100x150
  RenderBlock {DIV} at (11,11) size 100x150 [bgcolor=#808080]
layer at (400,70) size 142x142 clip at (401,71) size 140x140 scrollHeight 171
  RenderBlock (relative positioned) {DIV} at (392,20) size 142x142 [border: (1px solid #000000)]
layer at (411,81) size 122x122
  RenderBlock (positioned) {DIV} at (11,11) size 122x122 [border: (1px solid #0000FF)]
layer at (422,92) size 100x150 backgroundClip at (401,71) size 140x140 clip at (401,71) size 140x140 outlineClip at (401,71) size 140x140
  RenderBlock {DIV} at (11,11) size 100x150 [bgcolor=#808080]
layer at (50,278) size 100x150 backgroundClip at (29,257) size 140x140 clip at (29,257) size 140x140 outlineClip at (29,257) size 140x140
  RenderBlock {DIV} at (11,11) size 100x150 [bgcolor=#808080]
layer at (225,267) size 122x122
  RenderBlock (positioned) {DIV} at (225,267) size 122x122 [border: (1px solid #0000FF)]
layer at (236,278) size 100x150
  RenderBlock {DIV} at (11,11) size 100x150 [bgcolor=#808080]
layer at (400,256) size 142x142 clip at (401,257) size 140x140 scrollHeight 171
  RenderBlock (relative positioned) {DIV} at (392,206) size 142x142 [border: (1px solid #000000)]
layer at (411,267) size 122x122
  RenderBlock (positioned) {DIV} at (11,11) size 122x122 [border: (1px solid #0000FF)]
layer at (422,278) size 100x150 backgroundClip at (401,257) size 140x140 clip at (401,257) size 140x140 outlineClip at (401,257) size 140x140
  RenderBlock {DIV} at (11,11) size 100x150 [bgcolor=#808080]
