layer at (0,0) size 785x836
  RenderView at (0,0) size 785x600
layer at (0,0) size 785x836
  RenderBlock {HTML} at (0,0) size 785x836
    RenderBody {BODY} at (8,8) size 769x820
      RenderBlock (anonymous) at (0,0) size 769x18
        RenderText {#text} at (0,0) size 82x18
          text run at (0,0) width 82: "Text outside."
layer at (8,26) size 702x802 clip at (9,27) size 685x785 scrollHeight 1286
  RenderBlock {DIV} at (0,18) size 702x802 [border: (1px solid #000000)]
    RenderBlock {P} at (1,17) size 685x165
      RenderText {#text} at (0,7) size 674x150
        text run at (0,7) width 642: "Lorem ipsum dolor sit amet, consectetur adipisicing elit, sed do eiusmod tempor incididunt ut labore et"
        text run at (0,40) width 670: "dolore magna aliqua. Ut enim ad minim veniam, quis nostrud exercitation ullamco laboris nisi ut aliquip ex"
        text run at (0,73) width 674: "ea commodo consequat. Duis aute irure dolor in reprehenderit in voluptate velit esse cillum dolore eu fugiat"
        text run at (0,106) width 672: "nulla pariatur. Excepteur sint occaecat cupidatat non proident, sunt in culpa qui officia deserunt mollit anim"
        text run at (0,139) width 93: "id est laborum."
    RenderBlock {P} at (1,230) size 685x165
      RenderText {#text} at (0,7) size 674x150
        text run at (0,7) width 642: "Lorem ipsum dolor sit amet, consectetur adipisicing elit, sed do eiusmod tempor incididunt ut labore et"
        text run at (0,40) width 670: "dolore magna aliqua. Ut enim ad minim veniam, quis nostrud exercitation ullamco laboris nisi ut aliquip ex"
        text run at (0,73) width 674: "ea commodo consequat. Duis aute irure dolor in reprehenderit in voluptate velit esse cillum dolore eu fugiat"
        text run at (0,106) width 672: "nulla pariatur. Excepteur sint occaecat cupidatat non proident, sunt in culpa qui officia deserunt mollit anim"
        text run at (0,139) width 93: "id est laborum."
    RenderBlock {P} at (1,861) size 685x165
      RenderText {#text} at (0,7) size 674x150
        text run at (0,7) width 642: "Lorem ipsum dolor sit amet, consectetur adipisicing elit, sed do eiusmod tempor incididunt ut labore et"
        text run at (0,40) width 670: "dolore magna aliqua. Ut enim ad minim veniam, quis nostrud exercitation ullamco laboris nisi ut aliquip ex"
        text run at (0,73) width 674: "ea commodo consequat. Duis aute irure dolor in reprehenderit in voluptate velit esse cillum dolore eu fugiat"
        text run at (0,106) width 672: "nulla pariatur. Excepteur sint occaecat cupidatat non proident, sunt in culpa qui officia deserunt mollit anim"
        text run at (0,139) width 93: "id est laborum."
    RenderBlock {P} at (1,1074) size 685x165
      RenderText {#text} at (0,7) size 674x150
        text run at (0,7) width 642: "Lorem ipsum dolor sit amet, consectetur adipisicing elit, sed do eiusmod tempor incididunt ut labore et"
        text run at (0,40) width 670: "dolore magna aliqua. Ut enim ad minim veniam, quis nostrud exercitation ullamco laboris nisi ut aliquip ex"
        text run at (0,73) width 674: "ea commodo consequat. Duis aute irure dolor in reprehenderit in voluptate velit esse cillum dolore eu fugiat"
        text run at (0,106) width 672: "nulla pariatur. Excepteur sint occaecat cupidatat non proident, sunt in culpa qui officia deserunt mollit anim"
        text run at (0,139) width 93: "id est laborum."
layer at (19,469) size 602x402 backgroundClip at (19,469) size 602x343 clip at (20,470) size 585x342 outlineClip at (9,27) size 685x785 scrollHeight 442
  RenderBlock {DIV} at (11,443) size 602x402 [border: (1px solid #000000)]
    RenderBlock {P} at (1,17) size 585x165
      RenderText {#text} at (0,7) size 584x150
        text run at (0,7) width 584: "Lorem ipsum dolor sit amet, consectetur adipisicing elit, sed do eiusmod tempor incididunt ut"
        text run at (0,40) width 574: "labore et dolore magna aliqua. Ut enim ad minim veniam, quis nostrud exercitation ullamco"
        text run at (0,73) width 559: "laboris nisi ut aliquip ex ea commodo consequat. Duis aute irure dolor in reprehenderit in"
        text run at (0,106) width 569: "voluptate velit esse cillum dolore eu fugiat nulla pariatur. Excepteur sint occaecat cupidatat"
        text run at (0,139) width 465: "non proident, sunt in culpa qui officia deserunt mollit anim id est laborum."
    RenderBlock {P} at (1,230) size 585x165
      RenderText {#text} at (0,7) size 584x150
        text run at (0,7) width 584: "Lorem ipsum dolor sit amet, consectetur adipisicing elit, sed do eiusmod tempor incididunt ut"
        text run at (0,40) width 574: "labore et dolore magna aliqua. Ut enim ad minim veniam, quis nostrud exercitation ullamco"
        text run at (0,73) width 559: "laboris nisi ut aliquip ex ea commodo consequat. Duis aute irure dolor in reprehenderit in"
        text run at (0,106) width 569: "voluptate velit esse cillum dolore eu fugiat nulla pariatur. Excepteur sint occaecat cupidatat"
        text run at (0,139) width 465: "non proident, sunt in culpa qui officia deserunt mollit anim id est laborum."
