layer at (0,0) size 800x600
  RenderView at (0,0) size 800x600
layer at (0,0) size 800x224
  RenderBlock {HTML} at (0,0) size 800x224
    RenderBody {BODY} at (8,16) size 784x200
      RenderBlock {P} at (0,0) size 784x18
        RenderText {#text} at (0,0) size 362x18
          text run at (0,0) width 362: "Gray box should be clipped by black border in each case."
      RenderBlock (anonymous) at (0,34) size 784x166
        RenderText {#text} at (162,148) size 4x18
          text run at (162,148) width 4: " "
        RenderText {#text} at (328,148) size 4x18
          text run at (328,148) width 4: " "
        RenderText {#text} at (0,0) size 0x0
layer at (28,70) size 122x122 clip at (29,71) size 120x120 scrollHeight 320
  RenderBlock {DIV} at (20,20) size 122x122 [border: (1px solid #000000)]
layer at (39,81) size 100x300 backgroundClip at (29,71) size 120x120 clip at (29,71) size 120x120 outlineClip at (29,71) size 120x120
  RenderBlock {DIV} at (11,11) size 100x300 [bgcolor=#808080]
layer at (194,70) size 122x122 clip at (195,71) size 120x120 scrollHeight 320
  RenderBlock (relative positioned) {DIV} at (186,20) size 122x122 [border: (1px solid #000000)]
layer at (205,81) size 100x300 backgroundClip at (195,71) size 120x120 clip at (195,71) size 120x120 outlineClip at (195,71) size 120x120
  RenderBlock {DIV} at (11,11) size 100x300 [bgcolor=#808080]
layer at (360,70) size 122x122 clip at (361,71) size 120x120 scrollHeight 320
  RenderBlock (relative positioned) {DIV} at (352,20) size 122x122 [border: (1px solid #000000)]
layer at (371,81) size 100x300 backgroundClip at (361,71) size 120x120 clip at (361,71) size 120x120 outlineClip at (361,71) size 120x120
  RenderBlock {DIV} at (11,11) size 100x300 [bgcolor=#808080]
