layer at (0,0) size 800x600
  RenderView at (0,0) size 800x600
layer at (0,0) size 800x218
  RenderBlock {HTML} at (0,0) size 800x218
    RenderBody {BODY} at (8,8) size 784x202
layer at (8,8) size 103x202 clip at (9,9) size 86x185 scrollHeight 1476
  RenderBlock {DIV} at (0,0) size 103x202 [border: (1px solid #000000)]
    RenderText {#text} at (1,1) size 86x1476
      text run at (1,1) width 84: "Lorem ipsum"
      text run at (1,19) width 51: "dolor sit"
      text run at (1,37) width 34: "amet,"
      text run at (1,55) width 71: "consectetur"
      text run at (1,73) width 68: "adipisicing"
      text run at (1,91) width 68: "elit, sed do"
      text run at (1,109) width 53: "eiusmod"
      text run at (1,127) width 44: "tempor"
      text run at (1,145) width 79: "incididunt ut"
      text run at (1,163) width 54: "labore et"
      text run at (1,181) width 86: "dolore magna"
      text run at (1,199) width 62: "aliqua. Ut"
      text run at (1,217) width 50: "enim ad"
      text run at (1,235) width 40: "minim"
      text run at (1,253) width 80: "veniam, quis"
      text run at (1,271) width 47: "nostrud"
      text run at (1,289) width 73: "exercitation"
      text run at (1,307) width 50: "ullamco"
      text run at (1,325) width 84: "laboris nisi ut"
      text run at (1,343) width 80: "aliquip ex ea"
      text run at (1,361) width 63: "commodo"
      text run at (1,379) width 67: "consequat."
      text run at (1,397) width 60: "Duis aute"
      text run at (1,415) width 82: "irure dolor in"
      text run at (1,433) width 83: "reprehenderit"
      text run at (1,451) width 74: "in voluptate"
      text run at (1,469) width 57: "velit esse"
      text run at (1,487) width 83: "cillum dolore"
      text run at (1,505) width 55: "eu fugiat"
      text run at (1,523) width 31: "nulla"
      text run at (1,541) width 52: "pariatur."
      text run at (1,559) width 64: "Excepteur"
      text run at (1,577) width 80: "sint occaecat"
      text run at (1,595) width 85: "cupidatat non"
      text run at (1,613) width 86: "proident, sunt"
      text run at (1,631) width 74: "in culpa qui"
      text run at (1,649) width 40: "officia"
      text run at (1,667) width 53: "deserunt"
      text run at (1,685) width 71: "mollit anim"
      text run at (1,703) width 33: "id est"
      text run at (1,721) width 56: "laborum."
      text run at (1,739) width 84: "Lorem ipsum"
      text run at (1,757) width 51: "dolor sit"
      text run at (1,775) width 34: "amet,"
      text run at (1,793) width 71: "consectetur"
      text run at (1,811) width 68: "adipisicing"
      text run at (1,829) width 68: "elit, sed do"
      text run at (1,847) width 53: "eiusmod"
      text run at (1,865) width 44: "tempor"
      text run at (1,883) width 79: "incididunt ut"
      text run at (1,901) width 54: "labore et"
      text run at (1,919) width 86: "dolore magna"
      text run at (1,937) width 62: "aliqua. Ut"
      text run at (1,955) width 50: "enim ad"
      text run at (1,973) width 40: "minim"
      text run at (1,991) width 80: "veniam, quis"
      text run at (1,1009) width 47: "nostrud"
      text run at (1,1027) width 73: "exercitation"
      text run at (1,1045) width 50: "ullamco"
      text run at (1,1063) width 84: "laboris nisi ut"
      text run at (1,1081) width 80: "aliquip ex ea"
      text run at (1,1099) width 63: "commodo"
      text run at (1,1117) width 67: "consequat."
      text run at (1,1135) width 60: "Duis aute"
      text run at (1,1153) width 82: "irure dolor in"
      text run at (1,1171) width 83: "reprehenderit"
      text run at (1,1189) width 74: "in voluptate"
      text run at (1,1207) width 57: "velit esse"
      text run at (1,1225) width 83: "cillum dolore"
      text run at (1,1243) width 55: "eu fugiat"
      text run at (1,1261) width 31: "nulla"
      text run at (1,1279) width 52: "pariatur."
      text run at (1,1297) width 64: "Excepteur"
      text run at (1,1315) width 80: "sint occaecat"
      text run at (1,1333) width 85: "cupidatat non"
      text run at (1,1351) width 86: "proident, sunt"
      text run at (1,1369) width 74: "in culpa qui"
      text run at (1,1387) width 40: "officia"
      text run at (1,1405) width 53: "deserunt"
      text run at (1,1423) width 71: "mollit anim"
      text run at (1,1441) width 33: "id est"
      text run at (1,1459) width 56: "laborum."
