layer at (0,0) size 800x600
  RenderView at (0,0) size 800x600
layer at (0,0) size 800x158
  RenderBlock {HTML} at (0,0) size 800x158
    RenderBody {BODY} at (8,16) size 784x134
      RenderBlock {P} at (0,0) size 784x18
        RenderText {#text} at (0,0) size 112x17
          text run at (0,0) width 112: "PASS if no crash."
layer at (8,50) size 784x100
  RenderBlock {DIV} at (0,34) size 784x100
    RenderMultiColumnSet at (0,0) size 784x100
layer at (8,50) size 384x150
  RenderMultiColumnFlowThread at (0,0) size 384x150
layer at (8,50) size 384x150
  RenderBlock (relative positioned) {DIV} at (0,0) size 384x150
    RenderBlock {DIV} at (0,0) size 384x150
