CONSOLE MESSAGE: Content blocker prevented frame displaying http://127.0.0.1:8000/contentextensions/filters-with-quantifiers-combined.html from loading a resource from http://localhost:8000/resources/square100.png?abcabc
CONSOLE MESSAGE: Content blocker prevented frame displaying http://127.0.0.1:8000/contentextensions/filters-with-quantifiers-combined.html from loading a resource from http://localhost:8000/resources/square100.png?abccabc
CONSOLE MESSAGE: Content blocker prevented frame displaying http://127.0.0.1:8000/contentextensions/filters-with-quantifiers-combined.html from loading a resource from http://localhost:8000/resources/square100.png?defghi
CONSOLE MESSAGE: Content blocker prevented frame displaying http://127.0.0.1:8000/contentextensions/filters-with-quantifiers-combined.html from loading a resource from http://localhost:8000/resources/square100.png?defgghi
CONSOLE MESSAGE: Content blocker prevented frame displaying http://127.0.0.1:8000/contentextensions/filters-with-quantifiers-combined.html from loading a resource from http://localhost:8000/resources/square100.png?jklmno
CONSOLE MESSAGE: Content blocker prevented frame displaying http://127.0.0.1:8000/contentextensions/filters-with-quantifiers-combined.html from loading a resource from http://localhost:8000/resources/square100.png?jkljklmno
CONSOLE MESSAGE: Content blocker prevented frame displaying http://127.0.0.1:8000/contentextensions/filters-with-quantifiers-combined.html from loading a resource from http://localhost:8000/resources/square100.png?pqrstv
CONSOLE MESSAGE: Content blocker prevented frame displaying http://127.0.0.1:8000/contentextensions/filters-with-quantifiers-combined.html from loading a resource from http://localhost:8000/resources/square100.png?pqrabcstv
CONSOLE MESSAGE: Content blocker prevented frame displaying http://127.0.0.1:8000/contentextensions/filters-with-quantifiers-combined.html from loading a resource from http://localhost:8000/resources/square100.png?wxyabc
CONSOLE MESSAGE: Content blocker prevented frame displaying http://127.0.0.1:8000/contentextensions/filters-with-quantifiers-combined.html from loading a resource from http://localhost:8000/resources/square100.png?wxydefabc
CONSOLE MESSAGE: Content blocker prevented frame displaying http://127.0.0.1:8000/contentextensions/filters-with-quantifiers-combined.html from loading a resource from http://localhost:8000/resources/square100.png?acbwxy
CONSOLE MESSAGE: Content blocker prevented frame displaying http://127.0.0.1:8000/contentextensions/filters-with-quantifiers-combined.html from loading a resource from http://localhost:8000/resources/square100.png?abcacbdefabcdjklallowlistwxy
layer at (0,0) size 785x952
  RenderView at (0,0) size 785x600
layer at (0,0) size 785x952
  RenderBlock {HTML} at (0,0) size 785x952
    RenderBody {BODY} at (8,8) size 769x936
      RenderText {#text} at (0,0) size 200x18
        text run at (0,0) width 200: "The images below should load."
      RenderBR {BR} at (199,0) size 1x18
      RenderImage {IMG} at (0,18) size 100x100
      RenderBR {BR} at (100,104) size 0x18
      RenderImage {IMG} at (0,118) size 100x100
      RenderBR {BR} at (100,204) size 0x18
      RenderImage {IMG} at (0,218) size 100x100
      RenderBR {BR} at (100,304) size 0x18
      RenderImage {IMG} at (0,318) size 100x100
      RenderBR {BR} at (100,404) size 0x18
      RenderImage {IMG} at (0,418) size 100x100
      RenderBR {BR} at (100,504) size 0x18
      RenderImage {IMG} at (0,518) size 100x100
      RenderBR {BR} at (100,604) size 0x18
      RenderImage {IMG} at (0,618) size 100x100
      RenderBR {BR} at (100,704) size 0x18
      RenderImage {IMG} at (0,718) size 100x100
      RenderBR {BR} at (100,804) size 0x18
      RenderImage {IMG} at (0,818) size 100x100
      RenderBR {BR} at (100,904) size 0x18
      RenderText {#text} at (0,918) size 242x18
        text run at (0,918) width 242: "The images below should be blocked."
      RenderBR {BR} at (241,918) size 1x18
      RenderImage {IMG} at (0,936) size 0x0
      RenderBR {BR} at (0,922) size 0x18
      RenderImage {IMG} at (0,936) size 0x0
      RenderBR {BR} at (0,922) size 0x18
      RenderImage {IMG} at (0,936) size 0x0
      RenderBR {BR} at (0,922) size 0x18
      RenderImage {IMG} at (0,936) size 0x0
      RenderBR {BR} at (0,922) size 0x18
      RenderImage {IMG} at (0,936) size 0x0
      RenderBR {BR} at (0,922) size 0x18
      RenderImage {IMG} at (0,936) size 0x0
      RenderBR {BR} at (0,922) size 0x18
      RenderImage {IMG} at (0,936) size 0x0
      RenderBR {BR} at (0,922) size 0x18
      RenderImage {IMG} at (0,936) size 0x0
      RenderBR {BR} at (0,922) size 0x18
      RenderImage {IMG} at (0,936) size 0x0
      RenderBR {BR} at (0,922) size 0x18
      RenderImage {IMG} at (0,936) size 0x0
      RenderBR {BR} at (0,922) size 0x18
      RenderImage {IMG} at (0,936) size 0x0
      RenderBR {BR} at (0,922) size 0x18
      RenderImage {IMG} at (0,936) size 0x0
      RenderBR {BR} at (0,922) size 0x18
