layer at (0,0) size 800x600
  RenderView at (0,0) size 800x600
layer at (0,0) size 800x600
  RenderBlock {HTML} at (0,0) size 800x600
    RenderBody {BODY} at (8,8) size 784x584
      RenderTable {TABLE} at (0,0) size 179x65
        RenderTableSection {TBODY} at (0,0) size 179x65
          RenderTableRow {TR} at (0,2) size 179x61
            RenderTableCell {TD} at (2,2) size 175x61 [r=0 c=0 rs=1 cs=1]
              RenderBlock (anonymous) at (1,1) size 173x0
                RenderInline {SPAN} at (0,0) size 0x0
                  RenderText {#text} at (0,0) size 0x0
                  RenderInline {SPAN} at (0,0) size 0x0
                    RenderText {#text} at (0,0) size 0x0
                    RenderText {#text} at (0,0) size 0x0
              RenderBlock (anonymous) at (1,1) size 173x59
                RenderTable {TABLE} at (0,0) size 173x59
                  RenderTableSection {TBODY} at (0,0) size 173x59
                    RenderTableRow {TR} at (0,2) size 173x55
                      RenderTableCell {TD} at (2,2) size 169x55 [r=0 c=0 rs=1 cs=1]
                        RenderTable {TABLE} at (1,1) size 167x53
                          RenderTableSection {TBODY} at (0,0) size 167x53
                            RenderTableRow {TR} at (0,2) size 167x49
                              RenderTableCell {TD} at (2,2) size 163x49 [r=0 c=0 rs=1 cs=1]
                                RenderBlock {FORM} at (1,1) size 161x31
                                  RenderButton {INPUT} at (2,2) size 157x27 [color=#2E3436] [bgcolor=#C0C0C0] [border: (2px outset #C0C0C0)]
                                    RenderBlock (anonymous) at (8,4) size 141x18
                                      RenderText at (0,0) size 141x17
                                        text run at (0,0) width 141: "ApplyForThisPosition"
                                  RenderText {#text} at (0,0) size 0x0
              RenderBlock (anonymous) at (1,60) size 173x0
                RenderInline {SPAN} at (0,0) size 0x0
                  RenderInline {SPAN} at (0,0) size 0x0
                  RenderText {#text} at (0,0) size 0x0
                RenderText {#text} at (0,0) size 0x0
