layer at (0,0) size 800x600
  RenderView at (0,0) size 800x600
layer at (0,0) size 800x600
  RenderBlock {HTML} at (0,0) size 800x600
    RenderBody {BODY} at (8,8) size 784x576
      RenderBlock {FORM} at (0,0) size 784x28
        RenderTable {TABLE} at (0,0) size 789x28 [bgcolor=#FFE030] [border: (1px outset #808080)]
          RenderTableSection {TBODY} at (1,1) size 787x26
            RenderTableRow {TR} at (0,0) size 787x26
              RenderTableCell {TD} at (0,0) size 787x26 [border: (1px inset #808080)] [r=0 c=0 rs=1 cs=1]
                RenderInline {NOBR} at (1,4) size 785x17
                  RenderTextControl {INPUT} at (1,1) size 253x24 [bgcolor=#FFFFFF] [border: (2px inset #808080)]
                  RenderText {#text} at (254,4) size 13x17
                    text run at (254,4) width 13: " - "
                  RenderTextControl {INPUT} at (267,1) size 253x24 [bgcolor=#FFFFFF] [border: (2px inset #808080)]
                  RenderText {#text} at (520,4) size 13x17
                    text run at (520,4) width 13: " - "
                  RenderTextControl {INPUT} at (533,1) size 253x24 [bgcolor=#FFFFFF] [border: (2px inset #808080)]
                RenderText {#text} at (0,0) size 0x0
            RenderTableRow {TR} at (0,26) size 787x0
layer at (13,13) size 247x18
  RenderBlock {DIV} at (3,3) size 247x18
layer at (279,13) size 247x18
  RenderBlock {DIV} at (3,3) size 247x18
layer at (545,13) size 247x18
  RenderBlock {DIV} at (3,3) size 247x18
