layer at (0,0) size 800x600
  RenderView at (0,0) size 800x600
layer at (0,0) size 800x600
  RenderBlock {HTML} at (0,0) size 800x600
    RenderBody {BODY} at (8,8) size 784x584
      RenderTable {TABLE} at (0,0) size 784x143
        RenderTableSection {TBODY} at (0,0) size 784x143
          RenderTableRow {TR} at (0,0) size 784x74
            RenderTableCell {TD} at (0,0) size 785x74 [r=0 c=0 rs=1 cs=4]
              RenderBR {BR} at (392,1) size 1x17
              RenderInline {FONT} at (0,0) size 732x53
                RenderText {#text} at (26,19) size 732x35
                  text run at (26,19) width 183: "The Supreme Court says "
                  text run at (208,19) width 550: "Wisconsin can continue using tuition vouchers to help poor parents send their"
                  text run at (212,37) width 223: "children to church-run schools. "
                  text run at (434,37) width 138: "What's your stand?"
                RenderBR {BR} at (571,37) size 1x17
                RenderBR {BR} at (392,55) size 1x17
              RenderText {#text} at (0,0) size 0x0
          RenderTableRow {TR} at (0,74) size 784x20
            RenderTableCell {TD} at (0,75) size 556x18 [r=1 c=0 rs=1 cs=1]
              RenderInline {FONT} at (0,0) size 142x16
                RenderText {#text} at (413,0) size 142x17
                  text run at (413,1) width 142: "I agree with the program"
              RenderText {#text} at (0,0) size 0x0
            RenderTableCell {TD} at (555,74) size 66x20 [r=1 c=1 rs=1 cs=1]
              RenderBlock {INPUT} at (3,4) size 12x12
          RenderTableRow {TR} at (0,94) size 784x20
            RenderTableCell {TD} at (0,95) size 556x18 [r=2 c=0 rs=1 cs=1]
              RenderInline {FONT} at (0,0) size 153x16
                RenderText {#text} at (402,0) size 153x17
                  text run at (402,1) width 153: "I think vouchers are wrong"
              RenderText {#text} at (0,0) size 0x0
            RenderTableCell {TD} at (555,94) size 66x20 [r=2 c=1 rs=1 cs=1]
              RenderBlock {INPUT} at (3,4) size 12x12
          RenderTableRow {TR} at (0,114) size 784x29
            RenderTableCell {TD} at (0,120) size 621x17 [r=3 c=0 rs=1 cs=2]
              RenderInline {A} at (0,0) size 76x17 [color=#0000EE]
                RenderInline {FONT} at (0,0) size 76x15
                  RenderText {#text} at (272,1) size 76x15
                    text run at (272,1) width 76: "View Results"
              RenderInline {FONT} at (0,0) size 0x15
                RenderText {#text} at (0,0) size 0x0
            RenderTableCell {TD} at (620,114) size 165x29 [r=3 c=2 rs=1 cs=2]
              RenderButton {INPUT} at (60,1) size 44x27 [color=#000000CC] [bgcolor=#C0C0C0] [border: (2px outset #C0C0C0)]
                RenderBlock (anonymous) at (8,4) size 28x18
                  RenderText at (0,0) size 28x17
                    text run at (0,0) width 28: "vote"
              RenderText {#text} at (0,0) size 0x0
