layer at (0,0) size 800x600
  RenderView at (0,0) size 800x600
layer at (0,0) size 800x600
  RenderBlock {HTML} at (0,0) size 800x600
    RenderBody {BODY} at (8,8) size 784x576
      RenderBlock {H2} at (0,0) size 784x27
        RenderText {#text} at (0,0) size 362x26
          text run at (0,0) width 362: "SeaMonkey XPInstall Trigger Page"
      RenderBlock {FORM} at (0,56) size 784x68
        RenderTable {TABLE} at (0,0) size 746x67
          RenderTableSection {TBODY} at (0,0) size 746x67
            RenderTableRow {TR} at (0,2) size 746x29
              RenderTableCell {TD} at (2,6) size 106x21 [r=0 c=0 rs=1 cs=1]
                RenderInline {B} at (0,0) size 95x18
                  RenderText {#text} at (1,0) size 95x19
                    text run at (1,1) width 95: "Trigger URL:"
              RenderTableCell {TD} at (109,3) size 536x27 [r=0 c=1 rs=1 cs=1]
                RenderTextControl {INPUT} at (1,1) size 533x24 [bgcolor=#FFFFFF] [border: (2px inset #000000)]
              RenderTableCell {TD} at (646,2) size 98x29 [r=0 c=2 rs=1 cs=1]
                RenderButton {INPUT} at (1,1) size 64x27 [color=#000000CC] [bgcolor=#C0C0C0] [border: (2px outset #C0C0C0)]
                  RenderBlock (anonymous) at (8,4) size 48x18
                    RenderText at (0,0) size 48x17
                      text run at (0,0) width 48: "Trigger"
            RenderTableRow {TR} at (0,33) size 746x32
              RenderTableCell {TD} at (2,39) size 106x20 [r=1 c=0 rs=1 cs=1]
                RenderInline {B} at (0,0) size 104x17
                  RenderText {#text} at (1,1) size 104x17
                    text run at (1,1) width 104: "Run Test Case:"
              RenderTableCell {TD} at (109,33) size 536x32 [r=1 c=1 rs=1 cs=1]
                RenderMenuList {SELECT} at (1,1) size 308x30 [bgcolor=#FFFFFF] [border: (1px solid #000000)]
                  RenderBlock (anonymous) at (1,1) size 306x28
                    RenderText at (5,5) size 88x17
                      text run at (5,5) width 88: "a_abortinstall"
                RenderText {#text} at (0,0) size 0x0
              RenderTableCell {TD} at (646,34) size 98x30 [r=1 c=2 rs=1 cs=1]
                RenderButton {INPUT} at (1,1) size 95x27 [color=#000000CC] [bgcolor=#C0C0C0] [border: (2px outset #C0C0C0)]
                  RenderBlock (anonymous) at (8,4) size 79x18
                    RenderText at (0,0) size 79x17
                      text run at (0,0) width 79: "Trigger case"
layer at (8,55) size 784x2 clip at (0,0) size 0x0
  RenderBlock {HR} at (0,46) size 784x3 [border: (1px inset #000000)]
layer at (121,72) size 527x18
  RenderBlock {DIV} at (3,3) size 527x18
    RenderText {#text} at (0,0) size 116x17
      text run at (0,0) width 116: "http://jimbob/jars/"
