layer at (0,0) size 785x1578
  RenderView at (0,0) size 785x600
layer at (0,0) size 785x1578
  RenderBlock {HTML} at (0,0) size 785x1578
    RenderBody {BODY} at (8,8) size 769x1562
      RenderTable {TABLE} at (0,0) size 769x75 [border: (1px solid #000000)]
        RenderTableSection {TBODY} at (1,1) size 767x73
          RenderTableRow {TR} at (0,2) size 767x69
            RenderTableCell {TD} at (2,2) size 444x69 [border: (1px solid #000000)] [r=0 c=0 rs=1 cs=1]
              RenderImage {IMG} at (2,2) size 88x65
              RenderImage {IMG} at (90,2) size 88x65
              RenderImage {IMG} at (178,2) size 88x65
              RenderImage {IMG} at (266,2) size 88x65
              RenderImage {IMG} at (354,2) size 88x65
            RenderTableCell {TD} at (448,25) size 317x23 [border: (1px solid #000000)] [r=0 c=1 rs=1 cs=1]
              RenderText {#text} at (2,1) size 157x19
                text run at (2,2) width 157: "Nothing between images"
      RenderTable {TABLE} at (0,75) size 769x335 [border: (1px solid #000000)]
        RenderTableSection {TBODY} at (1,1) size 767x333
          RenderTableRow {TR} at (0,2) size 767x329
            RenderTableCell {TD} at (2,2) size 92x329 [border: (1px solid #000000)] [r=0 c=0 rs=1 cs=1]
              RenderImage {IMG} at (2,2) size 88x65
              RenderText {#text} at (0,0) size 0x0
              RenderImage {IMG} at (2,67) size 88x65
              RenderText {#text} at (0,0) size 0x0
              RenderImage {IMG} at (2,132) size 88x65
              RenderText {#text} at (0,0) size 0x0
              RenderImage {IMG} at (2,197) size 88x65
              RenderText {#text} at (0,0) size 0x0
              RenderImage {IMG} at (2,262) size 88x65
            RenderTableCell {TD} at (96,155) size 669x23 [border: (1px solid #000000)] [r=0 c=1 rs=1 cs=1]
              RenderText {#text} at (2,1) size 149x19
                text run at (2,2) width 149: "Spaces between images"
      RenderTable {TABLE} at (0,410) size 769x335 [border: (1px solid #000000)]
        RenderTableSection {TBODY} at (1,1) size 767x333
          RenderTableRow {TR} at (0,2) size 767x329
            RenderTableCell {TD} at (2,2) size 92x329 [border: (1px solid #000000)] [r=0 c=0 rs=1 cs=1]
              RenderImage {IMG} at (2,2) size 88x65
              RenderText {#text} at (0,0) size 0x0
              RenderImage {IMG} at (2,67) size 88x65
              RenderText {#text} at (0,0) size 0x0
              RenderImage {IMG} at (2,132) size 88x65
              RenderText {#text} at (0,0) size 0x0
              RenderImage {IMG} at (2,197) size 88x65
              RenderText {#text} at (0,0) size 0x0
              RenderImage {IMG} at (2,262) size 88x65
            RenderTableCell {TD} at (96,155) size 669x23 [border: (1px solid #000000)] [r=0 c=1 rs=1 cs=1]
              RenderText {#text} at (2,1) size 165x19
                text run at (2,2) width 165: "Newlines between images"
      RenderTable {TABLE} at (0,745) size 769x79 [border: (1px solid #000000)]
        RenderTableSection {TBODY} at (1,1) size 767x77
          RenderTableRow {TR} at (0,2) size 767x73
            RenderTableCell {TD} at (2,2) size 596x73 [border: (1px solid #000000)] [r=0 c=0 rs=1 cs=1]
              RenderText {#text} at (2,53) size 27x17
                text run at (2,53) width 27: "One"
              RenderImage {IMG} at (29,2) size 88x65
              RenderText {#text} at (117,53) size 30x17
                text run at (117,53) width 30: "Two"
              RenderImage {IMG} at (147,2) size 88x65
              RenderText {#text} at (235,53) size 37x17
                text run at (235,53) width 37: "Three"
              RenderImage {IMG} at (272,2) size 88x65
              RenderText {#text} at (360,53) size 30x17
                text run at (360,53) width 30: "Four"
              RenderImage {IMG} at (390,2) size 88x65
              RenderText {#text} at (478,53) size 28x17
                text run at (478,53) width 28: "Five"
              RenderImage {IMG} at (506,2) size 88x65
            RenderTableCell {TD} at (600,27) size 165x23 [border: (1px solid #000000)] [r=0 c=1 rs=1 cs=1]
              RenderText {#text} at (2,1) size 134x19
                text run at (2,2) width 134: "Text between images"
      RenderTable {TABLE} at (0,824) size 769x369 [border: (1px solid #000000)]
        RenderTableSection {TBODY} at (1,1) size 767x367
          RenderTableRow {TR} at (0,2) size 767x363
            RenderTableCell {TD} at (2,2) size 129x363 [border: (1px solid #000000)] [r=0 c=0 rs=1 cs=1]
              RenderText {#text} at (2,53) size 31x17
                text run at (2,53) width 31: "One "
              RenderImage {IMG} at (33,2) size 88x65
              RenderText {#text} at (2,122) size 34x17
                text run at (2,122) width 34: "Two "
              RenderImage {IMG} at (36,71) size 88x65
              RenderText {#text} at (2,140) size 37x17
                text run at (2,140) width 37: "Three"
              RenderImage {IMG} at (2,158) size 88x65
              RenderText {#text} at (90,209) size 30x17
                text run at (90,209) width 30: "Four"
              RenderImage {IMG} at (2,227) size 88x65
              RenderText {#text} at (90,278) size 28x17
                text run at (90,278) width 28: "Five"
              RenderImage {IMG} at (2,296) size 88x65
            RenderTableCell {TD} at (133,172) size 632x23 [border: (1px solid #000000)] [r=0 c=1 rs=1 cs=1]
              RenderText {#text} at (2,1) size 211x19
                text run at (2,2) width 211: "Text with spaces between images"
      RenderTable {TABLE} at (0,1193) size 769x369 [border: (1px solid #000000)]
        RenderTableSection {TBODY} at (1,1) size 767x367
          RenderTableRow {TR} at (0,2) size 767x363
            RenderTableCell {TD} at (2,2) size 137x363 [border: (1px solid #000000)] [r=0 c=0 rs=1 cs=1]
              RenderText {#text} at (2,53) size 43x17
                text run at (2,53) width 43: "One A"
              RenderImage {IMG} at (45,2) size 88x65
              RenderText {#text} at (2,122) size 42x17
                text run at (2,122) width 42: "Two b"
              RenderImage {IMG} at (44,71) size 88x65
              RenderText {#text} at (2,140) size 48x17
                text run at (2,140) width 48: "Three c"
              RenderImage {IMG} at (2,158) size 88x65
              RenderText {#text} at (90,209) size 42x17
                text run at (90,209) width 42: "Four d"
              RenderImage {IMG} at (2,227) size 88x65
              RenderText {#text} at (90,278) size 39x17
                text run at (90,278) width 39: "Five e"
              RenderImage {IMG} at (2,296) size 88x65
            RenderTableCell {TD} at (141,172) size 624x23 [border: (1px solid #000000)] [r=0 c=1 rs=1 cs=1]
              RenderText {#text} at (2,1) size 301x19
                text run at (2,2) width 301: "Text with spaces and more text between images"
