layer at (0,0) size 800x600
  RenderView at (0,0) size 800x600
layer at (0,0) size 800x600
  RenderBlock {HTML} at (0,0) size 800x600
    RenderBody {BODY} at (8,8) size 784x584
      RenderBlock {CENTER} at (0,0) size 784x380
        RenderTable {TABLE} at (0,0) size 784x380
          RenderTableSection {TBODY} at (0,0) size 784x380
            RenderTableRow {TR} at (0,0) size 784x62
              RenderTableCell {TD} at (0,7) size 784x48 [r=0 c=0 rs=1 cs=1]
                RenderBlock {H2} at (0,0) size 784x27
                  RenderInline {FONT} at (0,0) size 90x26
                    RenderText {#text} at (347,0) size 90x26
                      text run at (347,0) width 90: "EET 304"
            RenderTableRow {TR} at (0,61) size 784x23
              RenderTableCell {TD} at (0,64) size 784x17 [r=1 c=0 rs=1 cs=1]
                RenderBlock {P} at (0,0) size 784x16
                  RenderInline {FONT} at (0,0) size 32x15
                    RenderInline {A} at (0,0) size 32x15 [color=#0000EE]
                      RenderText {#text} at (376,0) size 32x15
                        text run at (376,0) width 32: "Home"
            RenderTableRow {TR} at (0,83) size 784x33
              RenderTableCell {TD} at (0,91) size 784x17 [r=2 c=0 rs=1 cs=1]
                RenderInline {A} at (0,0) size 106x18 [color=#0000EE]
                  RenderInline {FONT} at (0,0) size 106x16
                    RenderText {#text} at (339,-1) size 106x16
                      text run at (339,0) width 106: "Course Information"
            RenderTableRow {TR} at (0,116) size 784x33
              RenderTableCell {TD} at (0,124) size 784x17 [r=3 c=0 rs=1 cs=1]
                RenderInline {A} at (0,0) size 42x18 [color=#0000EE]
                  RenderInline {FONT} at (0,0) size 42x16
                    RenderText {#text} at (371,-1) size 42x16
                      text run at (371,0) width 42: "Lecture"
            RenderTableRow {TR} at (0,148) size 784x34
              RenderTableCell {TD} at (0,157) size 784x17 [r=4 c=0 rs=1 cs=1]
                RenderInline {A} at (0,0) size 0x18 [color=#0000EE]
                  RenderInline {FONT} at (0,0) size 0x0
                RenderInline {A} at (0,0) size 60x18 [color=#0000EE]
                  RenderInline {FONT} at (0,0) size 60x16
                    RenderText {#text} at (362,-1) size 60x16
                      text run at (362,0) width 60: "Homework"
            RenderTableRow {TR} at (0,181) size 784x34
              RenderTableCell {TD} at (0,190) size 784x17 [r=5 c=0 rs=1 cs=1]
                RenderInline {A} at (0,0) size 44x18 [color=#0000EE]
                  RenderInline {FONT} at (0,0) size 44x16
                    RenderText {#text} at (370,-1) size 44x16
                      text run at (370,0) width 44: "Quizzes"
            RenderTableRow {TR} at (0,214) size 784x34
              RenderTableCell {TD} at (0,223) size 784x17 [r=6 c=0 rs=1 cs=1]
                RenderInline {FONT} at (0,0) size 36x16 [color=#0000FF]
                  RenderInline {A} at (0,0) size 36x16 [color=#0000EE]
                    RenderText {#text} at (374,-1) size 36x16
                      text run at (374,0) width 36: "Exams"
            RenderTableRow {TR} at (0,247) size 784x34
              RenderTableCell {TD} at (0,256) size 784x17 [r=7 c=0 rs=1 cs=1]
                RenderInline {A} at (0,0) size 0x18 [color=#0000EE]
                  RenderInline {FONT} at (0,0) size 0x0
                RenderInline {A} at (0,0) size 60x18 [color=#0000EE]
                  RenderInline {FONT} at (0,0) size 60x16
                    RenderText {#text} at (362,-1) size 21x16
                      text run at (362,0) width 21: "Lab"
                    RenderInline {U} at (0,0) size 39x16
                      RenderText {#text} at (383,-1) size 39x16
                        text run at (383,0) width 39: "oratory"
            RenderTableRow {TR} at (0,280) size 784x34
              RenderTableCell {TD} at (0,289) size 784x17 [r=8 c=0 rs=1 cs=1]
                RenderInline {A} at (0,0) size 38x18 [color=#0000EE]
                  RenderInline {U} at (0,0) size 38x18
                    RenderInline {FONT} at (0,0) size 38x16
                      RenderText {#text} at (373,-1) size 38x16
                        text run at (373,0) width 38: "Grades"
            RenderTableRow {TR} at (0,313) size 784x34
              RenderTableCell {TD} at (0,322) size 784x17 [r=9 c=0 rs=1 cs=1]
                RenderInline {FONT} at (0,0) size 70x16
                  RenderInline {A} at (0,0) size 70x16 [color=#0000EE]
                    RenderText {#text} at (357,-1) size 70x16
                      text run at (357,0) width 32: "Filter "
                      text run at (389,0) width 38: "Design"
            RenderTableRow {TR} at (0,346) size 784x34
              RenderTableCell {TD} at (0,355) size 784x17 [r=10 c=0 rs=1 cs=1]
                RenderInline {FONT} at (0,0) size 68x16
                  RenderInline {U} at (0,0) size 68x16
                    RenderInline {A} at (0,0) size 68x16 [color=#0000EE]
                      RenderText {#text} at (358,-1) size 68x16
                        text run at (358,0) width 36: "Office "
                        text run at (394,0) width 32: "Hours"
