layer at (0,0) size 800x600
  RenderView at (0,0) size 800x600
layer at (0,0) size 800x600
  RenderBlock {HTML} at (0,0) size 800x600
    RenderBody {BODY} at (8,8) size 784x576 [bgcolor=#FFFFFF]
      RenderBlock {FORM} at (0,0) size 784x36
        RenderTable {TABLE} at (0,0) size 784x36
          RenderTableSection {TBODY} at (0,0) size 784x36
            RenderTableRow {TR} at (0,2) size 784x32 [bgcolor=#FFFFFF]
              RenderTableCell {TD} at (2,5) size 78x29 [r=0 c=0 rs=1 cs=1]
                RenderButton {INPUT} at (1,1) size 76x27 [color=#000000CC] [bgcolor=#C0C0C0] [border: (2px outset #C0C0C0)]
                  RenderBlock (anonymous) at (8,4) size 60x18
                    RenderText at (0,0) size 60x17
                      text run at (0,0) width 60: "Select all"
              RenderTableCell {TD} at (81,5) size 60x29 [r=0 c=1 rs=1 cs=1]
                RenderButton {INPUT} at (1,1) size 58x27 [color=#000000CC] [bgcolor=#C0C0C0] [border: (2px outset #C0C0C0)]
                  RenderBlock (anonymous) at (8,4) size 42x18
                    RenderText at (0,0) size 42x17
                      text run at (0,0) width 42: "Delete"
              RenderTableCell {TD} at (142,5) size 97x29 [r=0 c=2 rs=1 cs=1]
                RenderButton {INPUT} at (1,1) size 94x27 [color=#000000CC] [bgcolor=#C0C0C0] [border: (2px outset #C0C0C0)]
                  RenderBlock (anonymous) at (8,4) size 78x18
                    RenderText at (0,0) size 78x17
                      text run at (0,0) width 78: "Empty trash"
              RenderTableCell {TD} at (240,14) size 337x20 [r=0 c=3 rs=1 cs=1]
                RenderText {#text} at (1,1) size 4x17
                  text run at (1,1) width 4: " "
              RenderTableCell {TD} at (578,5) size 77x29 [r=0 c=4 rs=1 cs=1]
                RenderButton {INPUT} at (1,1) size 75x27 [color=#000000CC] [bgcolor=#C0C0C0] [border: (2px outset #C0C0C0)]
                  RenderBlock (anonymous) at (8,4) size 59x18
                    RenderText at (0,0) size 59x17
                      text run at (0,0) width 59: "Move to:"
              RenderTableCell {TD} at (657,2) size 125x32 [r=0 c=5 rs=1 cs=1]
                RenderMenuList {SELECT} at (1,1) size 123x30 [bgcolor=#FFFFFF] [border: (1px solid #000000)]
                  RenderBlock (anonymous) at (1,1) size 121x28
                    RenderText at (5,5) size 95x17
                      text run at (5,5) width 95: "Choose folder "
                RenderText {#text} at (0,0) size 0x0
