layer at (0,0) size 800x600
  RenderView at (0,0) size 800x600
layer at (0,0) size 800x600
  RenderBlock {HTML} at (0,0) size 800x600
    RenderBody {BODY} at (8,8) size 784x584
      RenderTable {TABLE} at (0,0) size 784x584 [border: (1px outset #808080)]
        RenderTableSection {TBODY} at (1,1) size 782x582
          RenderTableRow {TR} at (0,2) size 782x578
            RenderTableCell {TD} at (2,271) size 365x40 [border: (1px inset #808080)] [r=0 c=0 rs=1 cs=1]
              RenderText {#text} at (2,2) size 80x17
                text run at (2,2) width 80: "Outer Table:"
              RenderBR {BR} at (82,2) size 0x17
              RenderText {#text} at (2,20) size 327x17
                text run at (2,20) width 327: "<table border=\"1\" width=\"100%\" height=\"100%\">"
            RenderTableCell {TD} at (368,2) size 413x578 [border: (1px inset #808080)] [r=0 c=1 rs=1 cs=1]
              RenderTable {TABLE} at (2,2) size 408x574 [border: (1px outset #808080)]
                RenderTableSection {TBODY} at (1,1) size 406x572
                  RenderTableRow {TR} at (0,2) size 406x568
                    RenderTableCell {TD} at (2,257) size 366x58 [border: (1px inset #808080)] [r=0 c=0 rs=1 cs=1]
                      RenderText {#text} at (2,2) size 88x17
                        text run at (2,2) width 88: "Nested Table:"
                      RenderBR {BR} at (90,2) size 0x17
                      RenderText {#text} at (2,20) size 327x17
                        text run at (2,20) width 327: "<table border=\"1\" width=\"100%\" height=\"100%\">"
                      RenderBR {BR} at (329,20) size 0x17
                      RenderText {#text} at (2,38) size 133x17
                        text run at (2,38) width 133: "<td height=\"100%\">"
                    RenderTableCell {TD} at (370,275) size 34x22 [border: (1px inset #808080)] [r=0 c=1 rs=1 cs=1]
                      RenderText {#text} at (2,2) size 26x17
                        text run at (2,2) width 26: "asdf"
