layer at (0,0) size 800x600
  RenderView at (0,0) size 800x600
layer at (0,0) size 800x600
  RenderBlock {HTML} at (0,0) size 800x600
    RenderBody {BODY} at (8,8) size 784x584
      RenderTable {TABLE} at (0,0) size 431x87 [border: (1px outset #808080)]
        RenderTableSection {TBODY} at (1,1) size 429x85
          RenderTableRow {TR} at (0,2) size 429x57
            RenderTableCell {TD} at (2,19) size 132x23 [border: (1px inset #808080)] [r=0 c=0 rs=1 cs=1]
              RenderText {#text} at (2,19) size 30x18
                text run at (2,2) width 30: "Blah"
            RenderTableCell {TD} at (135,2) size 293x57 [border: (1px inset #808080)] [r=0 c=1 rs=1 cs=1]
              RenderTable {TABLE} at (110,2) size 72x53 [border: (1px outset #808080)]
                RenderTableSection {TBODY} at (1,1) size 69x51
                  RenderTableRow {TR} at (0,2) size 69x47
                    RenderTableCell {TD} at (2,2) size 65x47 [border: (1px inset #808080)] [r=0 c=0 rs=1 cs=1]
                      RenderBlock {FORM} at (2,2) size 61x27
                        RenderButton {INPUT} at (0,0) size 61x27 [color=#000000CC] [bgcolor=#C0C0C0] [border: (2px outset #C0C0C0)]
                          RenderBlock (anonymous) at (8,4) size 45x18
                            RenderText at (0,0) size 45x17
                              text run at (0,0) width 45: "Submit"
                        RenderText {#text} at (0,0) size 0x0
          RenderTableRow {TR} at (0,61) size 429x22
            RenderTableCell {TD} at (2,61) size 426x22 [border: (1px inset #808080)] [r=1 c=0 rs=1 cs=2]
              RenderText {#text} at (2,2) size 421x17
                text run at (2,2) width 421: "This line is only here to separate the two columns in the row above"
