layer at (0,0) size 800x600
  RenderView at (0,0) size 800x600
layer at (0,0) size 800x600
  RenderBlock {HTML} at (0,0) size 800x600
    RenderBody {BODY} at (8,8) size 784x584 [bgcolor=#FFFFFF]
      RenderBlock (anonymous) at (0,0) size 784x18
        RenderText {#text} at (0,0) size 712x17
          text run at (0,0) width 712: "The bug causes the nested table containing the textarea to be positioned away from the left edge of the outer table"
        RenderBR {BR} at (712,0) size 0x17
      RenderTable {TABLE} at (242,18) size 300x62 [border: (1px outset #808080)]
        RenderTableSection {TBODY} at (1,1) size 298x60
          RenderTableRow {TR} at (0,2) size 298x56
            RenderTableCell {TD} at (2,2) size 294x56 [border: (1px inset #808080)] [r=0 c=0 rs=1 cs=1]
              RenderTable {TABLE} at (2,2) size 71x52 [border: (1px outset #808080)]
                RenderTableSection {TBODY} at (1,1) size 69x50
                  RenderTableRow {TR} at (0,2) size 69x46
                    RenderTableCell {TD} at (2,2) size 65x46 [border: (1px inset #808080)] [r=0 c=0 rs=1 cs=1]
                      RenderText {#text} at (0,0) size 0x0
layer at (260,36) size 61x42 clip at (261,37) size 59x40
  RenderTextControl {TEXTAREA} at (2,2) size 61x42 [bgcolor=#FFFFFF] [border: (1px solid #000000)]
    RenderBlock {DIV} at (3,3) size 55x18
      RenderText {#text} at (0,0) size 20x17
        text run at (0,0) width 20: "bar"
