layer at (0,0) size 800x600
  RenderView at (0,0) size 800x600
layer at (0,0) size 800x600
  RenderBlock {HTML} at (0,0) size 800x600
    RenderBody {BODY} at (8,8) size 784x576
      RenderBlock (anonymous) at (0,0) size 784x18
        RenderText {#text} at (0,0) size 266x17
          text run at (0,0) width 266: "The select should not contain blank items"
        RenderBR {BR} at (265,0) size 1x17
      RenderBlock {FORM} at (0,18) size 784x30
        RenderInline {B} at (0,0) size 47x17
          RenderText {#text} at (0,6) size 47x17
            text run at (0,6) width 47: "Search"
        RenderText {#text} at (46,6) size 5x17
          text run at (46,6) width 5: " "
        RenderTextControl {INPUT} at (50,3) size 158x24 [bgcolor=#FFFFFF] [border: (2px inset #000000)]
        RenderText {#text} at (207,6) size 5x17
          text run at (207,6) width 5: " "
        RenderMenuList {SELECT} at (211,0) size 85x30 [bgcolor=#FFFFFF] [border: (1px solid #000000)]
          RenderBlock (anonymous) at (1,1) size 82x28
            RenderText at (5,5) size 41x17
              text run at (5,5) width 41: "Excite"
        RenderText {#text} at (0,0) size 0x0
      RenderBlock (anonymous) at (0,64) size 784x36
        RenderBR {BR} at (0,0) size 0x17
        RenderText {#text} at (0,18) size 266x17
          text run at (0,18) width 266: "The select should not contain blank items"
        RenderBR {BR} at (265,18) size 1x17
      RenderBlock {FORM} at (0,100) size 784x30
        RenderMenuList {SELECT} at (0,0) size 256x30 [bgcolor=#FFFFFF] [border: (1px solid #000000)]
          RenderBlock (anonymous) at (1,1) size 254x28
            RenderText at (5,5) size 74x17
              text run at (5,5) width 74: "Quick Link"
layer at (62,32) size 151x18
  RenderBlock {DIV} at (3,3) size 151x18
