layer at (0,0) size 800x600
  RenderView at (0,0) size 800x600
layer at (0,0) size 800x600
  RenderBlock {HTML} at (0,0) size 800x600
    RenderBody {BODY} at (8,8) size 784x584
      RenderTable {TABLE} at (0,0) size 784x65 [bgcolor=#00FFFF] [border: (1px outset #808080)]
        RenderTableSection {TBODY} at (1,1) size 782x63
          RenderTableRow {TR} at (0,2) size 782x59
            RenderTableCell {TD} at (2,2) size 304x59 [border: (1px inset #808080)] [r=0 c=0 rs=1 cs=1]
              RenderInline {FONT} at (0,0) size 100x36 [color=#0000FF]
                RenderText {#text} at (2,2) size 100x36
                  text run at (2,2) width 100: "Mozilla"
              RenderText {#text} at (101,17) size 279x39
                text run at (101,17) width 153: " code available under a "
                text run at (253,17) width 28: "dual"
                text run at (2,39) width 124: "MPL/GPL license. "
                text run at (125,39) width 141: "See the for more info."
              RenderBR {BR} at (265,39) size 1x17
            RenderTableCell {TD} at (308,20) size 472x23 [border: (1px inset #808080)] [r=0 c=1 rs=1 cs=1]
              RenderText {#text} at (2,1) size 245x19
                text run at (2,2) width 245: "foo bar foo bar foo bar foo bar foo bar"
      RenderBlock (anonymous) at (0,65) size 784x45
        RenderBR {BR} at (0,0) size 0x17
        RenderButton {INPUT} at (0,18) size 62x27 [color=#000000CC] [bgcolor=#C0C0C0] [border: (2px outset #C0C0C0)]
          RenderBlock (anonymous) at (8,4) size 46x18
            RenderText at (0,0) size 46x17
              text run at (0,0) width 46: "Reload"
        RenderText {#text} at (61,22) size 9x17
          text run at (61,22) width 9: "  "
        RenderButton {INPUT} at (69,18) size 99x27 [color=#000000CC] [bgcolor=#C0C0C0] [border: (2px outset #C0C0C0)]
          RenderBlock (anonymous) at (8,4) size 83x18
            RenderText at (0,0) size 83x17
              text run at (0,0) width 83: "Change Font"
        RenderText {#text} at (167,22) size 9x17
          text run at (167,22) width 9: "  "
        RenderTextControl {INPUT} at (175,19) size 174x24 [bgcolor=#FFFFFF] [border: (2px inset #000000)]
        RenderText {#text} at (0,0) size 0x0
layer at (187,95) size 167x18
  RenderBlock {DIV} at (3,3) size 167x18
    RenderText {#text} at (0,0) size 8x17
      text run at (0,0) width 8: "6"
