layer at (0,0) size 800x600
  RenderView at (0,0) size 800x600
layer at (0,0) size 800x600
  RenderBlock {HTML} at (0,0) size 800x600
    RenderBody {BODY} at (8,8) size 784x584 [bgcolor=#000066]
      RenderBlock (anonymous) at (0,0) size 784x0
        RenderInline {BASEFONT} at (0,0) size 0x0
        RenderText {#text} at (0,0) size 0x0
      RenderTable {TABLE} at (0,0) size 613x98
        RenderTableSection {TBODY} at (0,0) size 613x98
          RenderTableRow {TR} at (0,0) size 613x70
            RenderTableCell {TD} at (0,6) size 126x86 [r=0 c=0 rs=2 cs=1]
              RenderInline {A} at (0,0) size 126x18 [color=#0000EE]
                RenderImage {IMG} at (0,0) size 126x85
              RenderText {#text} at (0,0) size 0x0
            RenderTableCell {TD} at (126,0) size 488x70 [r=0 c=1 rs=1 cs=3]
              RenderInline {NOBR} at (0,0) size 19x17
                RenderIFrame {IFRAME} at (0,0) size 468x60
                  layer at (0,0) size 468x60
                    RenderView at (0,0) size 468x60
                  layer at (0,0) size 468x60
                    RenderBlock {HTML} at (0,0) size 468x60
                      RenderBody {BODY} at (0,0) size 468x60
                        RenderInline {BASE} at (0,0) size 0x17
                        RenderText {#text} at (0,0) size 0x0
                        RenderInline {A} at (0,0) size 468x17 [color=#0000EE]
                          RenderText {#text} at (0,0) size 0x0
                          RenderImage {IMG} at (0,0) size 468x60
                        RenderText {#text} at (0,0) size 0x0
                RenderInline {A} at (0,0) size 19x17 [color=#0000EE]
                  RenderImage {IMG} at (468,0) size 19x60
              RenderBR {BR} at (487,46) size 0x17
              RenderImage {IMG} at (0,60) size 470x10
              RenderBR {BR} at (470,56) size 0x17
          RenderTableRow {TR} at (0,70) size 613x28
            RenderTableCell {TD} at (126,71) size 238x26 [bgcolor=#CCCCCC] [r=1 c=1 rs=1 cs=1]
              RenderImage {IMG} at (0,0) size 232x25
            RenderTableCell {TD} at (363,70) size 126x28 [bgcolor=#CCCCCC] [r=1 c=2 rs=1 cs=1]
              RenderTextControl {INPUT} at (3,2) size 94x24 [bgcolor=#FFFFFF] [border: (2px inset #000000)]
              RenderImage {INPUT} at (98,6) size 26x18
            RenderTableCell {TD} at (488,71) size 126x26 [bgcolor=#CCCCCC] [r=1 c=3 rs=1 cs=1]
              RenderBlock {INPUT} at (2,4) size 12x12
              RenderImage {IMG} at (16,0) size 40x25
              RenderBlock {INPUT} at (58,4) size 12x12
              RenderText {#text} at (72,1) size 4x19
                text run at (72,2) width 4: " "
              RenderImage {IMG} at (76,0) size 46x25
layer at (378,83) size 87x18
  RenderBlock {DIV} at (3,3) size 87x18
