layer at (0,0) size 785x650
  RenderView at (0,0) size 785x600
layer at (0,0) size 785x650
  RenderBlock {HTML} at (0,0) size 785x651
    RenderBody {BODY} at (8,8) size 769x635 [bgcolor=#FFFFFF]
      RenderBlock {H2} at (0,0) size 769x27
        RenderText {#text} at (0,0) size 67x26
          text run at (0,0) width 67: "Test A"
      RenderBlock {DIV} at (0,46) size 769x65 [color=#008000]
        RenderTable {TABLE} at (0,0) size 281x64 [color=#000000] [border: (10px solid #000000)]
          RenderTableSection {TBODY} at (10,10) size 261x44
            RenderTableRow {TR} at (0,2) size 261x40 [color=#0000FF]
              RenderTableCell {TD} at (2,2) size 54x40 [border: (10px solid #0000FF)] [r=0 c=0 rs=1 cs=1]
                RenderText {#text} at (11,11) size 32x17
                  text run at (11,11) width 32: "Field"
              RenderTableCell {TD} at (58,2) size 201x40 [border: (10px solid #0000FF)] [r=0 c=1 rs=1 cs=1]
                RenderText {#text} at (11,11) size 179x17
                  text run at (11,11) width 179: "Records for Cropping Years"
      RenderBlock {H2} at (0,130) size 769x28
        RenderText {#text} at (0,0) size 66x26
          text run at (0,0) width 66: "Test B"
      RenderTable {TABLE} at (0,177) size 281x65 [border: (10px solid #000000)]
        RenderTableSection {TBODY} at (10,10) size 261x44
          RenderTableRow {TR} at (0,2) size 261x40 [color=#0000FF]
            RenderTableCell {TD} at (2,2) size 54x40 [border: (10px solid #0000FF)] [r=0 c=0 rs=1 cs=1]
              RenderText {#text} at (11,11) size 32x17
                text run at (11,11) width 32: "Field"
            RenderTableCell {TD} at (58,2) size 201x40 [border: (10px solid #0000FF)] [r=0 c=1 rs=1 cs=1]
              RenderText {#text} at (11,11) size 179x17
                text run at (11,11) width 179: "Records for Cropping Years"
      RenderBlock {H2} at (0,261) size 769x28
        RenderText {#text} at (0,0) size 67x26
          text run at (0,0) width 67: "Test C"
      RenderTable {TABLE} at (0,308) size 281x65 [color=#0000FF] [border: (10px solid #0000FF)]
        RenderTableSection {TBODY} at (10,10) size 261x44
          RenderTableRow {TR} at (0,2) size 261x40
            RenderTableCell {TD} at (2,2) size 54x40 [border: (10px solid #0000FF)] [r=0 c=0 rs=1 cs=1]
              RenderText {#text} at (11,11) size 32x17
                text run at (11,11) width 32: "Field"
            RenderTableCell {TD} at (58,2) size 201x40 [border: (10px solid #0000FF)] [r=0 c=1 rs=1 cs=1]
              RenderText {#text} at (11,11) size 179x17
                text run at (11,11) width 179: "Records for Cropping Years"
      RenderBlock {H2} at (0,392) size 769x28
        RenderText {#text} at (0,0) size 67x26
          text run at (0,0) width 67: "Test D"
      RenderTable {TABLE} at (0,439) size 281x65 [color=#0000FF] [border: (10px solid #0000FF)]
        RenderTableSection {TBODY} at (10,10) size 261x44
          RenderTableRow {TR} at (0,2) size 261x40
            RenderTableCell {TD} at (2,2) size 54x40 [border: (10px solid #0000FF)] [r=0 c=0 rs=1 cs=1]
              RenderText {#text} at (11,11) size 32x17
                text run at (11,11) width 32: "Field"
            RenderTableCell {TD} at (58,2) size 201x40 [border: (10px solid #0000FF)] [r=0 c=1 rs=1 cs=1]
              RenderText {#text} at (11,11) size 179x17
                text run at (11,11) width 179: "Records for Cropping Years"
      RenderBlock {H2} at (0,523) size 769x28
        RenderText {#text} at (0,0) size 66x26
          text run at (0,0) width 66: "Test E"
      RenderTable {TABLE} at (0,570) size 281x65 [color=#0000FF] [border: (10px solid #0000FF)]
        RenderTableSection {TBODY} at (10,10) size 261x44
          RenderTableRow {TR} at (0,2) size 261x40
            RenderTableCell {TD} at (2,2) size 54x40 [border: (10px solid #0000FF)] [r=0 c=0 rs=1 cs=1]
              RenderText {#text} at (11,11) size 32x17
                text run at (11,11) width 32: "Field"
            RenderTableCell {TD} at (58,2) size 201x40 [border: (10px solid #0000FF)] [r=0 c=1 rs=1 cs=1]
              RenderText {#text} at (11,11) size 179x17
                text run at (11,11) width 179: "Records for Cropping Years"
