layer at (0,0) size 800x600
  RenderView at (0,0) size 800x600
layer at (0,0) size 800x124
  RenderBlock {HTML} at (0,0) size 800x124
    RenderBody {BODY} at (8,8) size 784x108
      RenderBlock {FORM} at (0,0) size 784x54
        RenderButton {INPUT} at (0,0) size 302x27 [color=#000000CC] [bgcolor=#C0C0C0] [border: (2px outset #C0C0C0)]
          RenderBlock (anonymous) at (8,4) size 286x18
            RenderText at (0,0) size 286x17
              text run at (0,0) width 286: "[Step 1] Set cell width to 60px (nothing seen)"
        RenderButton {INPUT} at (0,27) size 304x27 [color=#000000CC] [bgcolor=#C0C0C0] [border: (2px outset #C0C0C0)]
          RenderBlock (anonymous) at (8,4) size 288x18
            RenderText at (0,0) size 288x17
              text run at (0,0) width 288: "[Step 2] Set cell width to 20px (garbage seen)"
      RenderTable {TABLE} at (0,54) size 34x54
        RenderTableSection {TBODY} at (0,0) size 34x54
          RenderTableRow {TR} at (0,2) size 34x24
            RenderTableCell {TD} at (2,2) size 14x24 [border: (2px solid #000000)] [r=0 c=0 rs=1 cs=1]
              RenderText {#text} at (3,3) size 8x17
                text run at (3,3) width 8: "1"
            RenderTableCell {TD} at (18,2) size 14x24 [border: (2px solid #000000)] [r=0 c=1 rs=1 cs=1]
              RenderText {#text} at (3,3) size 8x17
                text run at (3,3) width 8: "2"
          RenderTableRow {TR} at (0,28) size 34x24
            RenderTableCell {TD} at (2,28) size 14x24 [border: (2px solid #000000)] [r=1 c=0 rs=1 cs=1]
              RenderText {#text} at (3,3) size 8x17
                text run at (3,3) width 8: "2"
            RenderTableCell {TD} at (18,28) size 14x24 [border: (2px solid #000000)] [r=1 c=1 rs=1 cs=1]
              RenderText {#text} at (3,3) size 8x17
                text run at (3,3) width 8: "2"
