layer at (0,0) size 800x600
  RenderView at (0,0) size 800x600
layer at (0,0) size 800x600
  RenderBlock {HTML} at (0,0) size 800x600
    RenderBody {BODY} at (8,8) size 784x584
      RenderTable {TABLE} at (0,0) size 408x36
        RenderTableSection {TBODY} at (0,0) size 408x36
          RenderTableRow {TR} at (0,2) size 408x32
            RenderTableCell {TD} at (2,2) size 404x32 [r=0 c=0 rs=1 cs=1]
              RenderTable {TABLE} at (1,1) size 402x30
                RenderTableSection {TBODY} at (0,0) size 402x30
                  RenderTableRow {TR} at (0,2) size 402x26
                    RenderTableCell {TH} at (2,5) size 61x20 [r=0 c=0 rs=1 cs=1]
                      RenderText {#text} at (1,1) size 59x17
                        text run at (1,1) width 59: "User ID:"
                    RenderTableCell {TD} at (64,2) size 336x26 [r=0 c=1 rs=1 cs=1]
                      RenderTextControl {INPUT} at (1,1) size 333x24 [bgcolor=#FFFFFF] [border: (2px inset #000000)]
                      RenderText {#text} at (0,0) size 0x0
layer at (80,17) size 327x18
  RenderBlock {DIV} at (3,3) size 327x18
