layer at (0,0) size 800x600
  RenderView at (0,0) size 800x600
layer at (0,0) size 800x104
  RenderBlock {HTML} at (0,0) size 800x104
    RenderBody {BODY} at (8,8) size 784x88
      RenderBlock {FORM} at (0,0) size 784x62
        RenderButton {INPUT} at (2,2) size 188x27 [color=#2E3436] [bgcolor=#C0C0C0] [border: (2px outset #C0C0C0)]
          RenderBlock (anonymous) at (8,4) size 172x18
            RenderText at (0,0) size 172x17
              text run at (0,0) width 172: "(1) Fill cell with long string"
        RenderBR {BR} at (192,6) size 0x17
        RenderButton {INPUT} at (2,33) size 191x27 [color=#2E3436] [bgcolor=#C0C0C0] [border: (2px outset #C0C0C0)]
          RenderBlock (anonymous) at (8,4) size 175x18
            RenderText at (0,0) size 175x17
              text run at (0,0) width 175: "(2) Fill cell with short string"
        RenderBR {BR} at (195,37) size 0x17
      RenderTable {TABLE} at (0,62) size 83x26
        RenderTableSection {TBODY} at (0,0) size 83x26
          RenderTableRow {TR} at (0,2) size 83x22
            RenderTableCell {TD} at (2,2) size 79x22 [border: (1px solid #000000)] [r=0 c=0 rs=1 cs=1]
              RenderText {#text} at (2,2) size 14x17
                text run at (2,2) width 14: "aa"
