layer at (0,0) size 800x600
  RenderView at (0,0) size 800x600
layer at (0,0) size 800x600
  RenderBlock {HTML} at (0,0) size 800x600
    RenderBody {BODY} at (8,8) size 784x584
      RenderTable {TABLE} at (0,0) size 468x147 [border: (1px outset #808080)]
        RenderTableSection {TBODY} at (1,1) size 466x145
          RenderTableRow {TR} at (0,0) size 466x145
            RenderTableCell {TD} at (0,0) size 466x145 [border: (1px inset #808080)] [r=0 c=0 rs=1 cs=1]
              RenderTable {TABLE} at (1,1) size 464x143 [border: (1px outset #808080)]
                RenderTableSection {TBODY} at (1,1) size 462x141
                  RenderTableRow {TR} at (0,1) size 462x28
                    RenderTableCell {TD} at (1,1) size 140x28 [border: (1px inset #808080)] [r=0 c=0 rs=1 cs=1]
                      RenderText {#text} at (5,5) size 130x17
                        text run at (5,5) width 130: "General Preferences"
                    RenderTableCell {TD} at (141,1) size 148x28 [border: (1px inset #808080)] [r=0 c=1 rs=1 cs=1]
                      RenderInline {A} at (0,0) size 137x17 [color=#0000EE]
                        RenderText {#text} at (5,5) size 137x17
                          text run at (5,5) width 137: "Groups / Permissions"
                    RenderTableCell {TD} at (289,1) size 72x28 [border: (1px inset #808080)] [r=0 c=2 rs=1 cs=1]
                      RenderInline {A} at (0,0) size 62x17 [color=#0000EE]
                        RenderText {#text} at (5,5) size 62x17
                          text run at (5,5) width 62: "Password"
                    RenderTableCell {TD} at (361,1) size 49x28 [border: (1px inset #808080)] [r=0 c=3 rs=1 cs=1]
                      RenderInline {A} at (0,0) size 39x17 [color=#0000EE]
                        RenderText {#text} at (5,5) size 39x17
                          text run at (5,5) width 39: "Email"
                    RenderTableCell {TD} at (410,1) size 51x28 [border: (1px inset #808080)] [r=0 c=4 rs=1 cs=1]
                      RenderText {#text} at (5,5) size 40x17
                        text run at (5,5) width 40: "Views"
                  RenderTableRow {TR} at (0,30) size 462x110
                    RenderTableCell {TD} at (1,30) size 460x110 [border: (1px inset #808080)] [r=1 c=0 rs=1 cs=5]
                      RenderBlock (anonymous) at (5,5) size 450x18
                        RenderBR {BR} at (224,0) size 1x17
                      RenderTable {TABLE} at (70,23) size 319x82
                        RenderTableSection {TBODY} at (0,0) size 318x82
                          RenderTableRow {TR} at (0,2) size 318x78
                            RenderTableCell {TD} at (2,2) size 314x78 [r=0 c=0 rs=1 cs=1]
                              RenderBlock {FORM} at (1,1) size 312x60
                                RenderTable {TABLE} at (0,0) size 312x60 [border: (1px outset #808080)]
                                  RenderTableSection {TBODY} at (1,1) size 310x58
                                    RenderTableRow {TR} at (0,0) size 310x58
                                      RenderTableCell {TD} at (0,0) size 310x58 [border: (1px inset #808080)] [r=0 c=0 rs=1 cs=1]
                                        RenderBlock (anonymous) at (1,1) size 308x18
                                          RenderText {#text} at (99,0) size 110x17
                                            text run at (99,0) width 110: "User Preferences"
                                        RenderTable {TABLE} at (1,19) size 308x38 [border: (1px outset #808080)]
                                          RenderTableSection {TBODY} at (1,1) size 306x36
                                            RenderTableRow {TR} at (0,1) size 306x34
                                              RenderTableCell {TH} at (1,4) size 120x28 [border: (1px inset #808080)] [r=0 c=0 rs=1 cs=1]
                                                RenderInline {NOBR} at (0,0) size 110x17
                                                  RenderText {#text} at (5,5) size 110x17
                                                    text run at (5,5) width 110: "Email Address :"
                                              RenderTableCell {TD} at (121,1) size 184x34 [border: (1px inset #808080)] [r=0 c=1 rs=1 cs=1]
                                                RenderTextControl {INPUT} at (5,5) size 173x24 [bgcolor=#FFFFFF] [border: (2px inset #000000)]
                                                RenderText {#text} at (0,0) size 0x0
layer at (219,97) size 167x18 scrollWidth 239
  RenderBlock {DIV} at (3,3) size 167x18
    RenderText {#text} at (0,0) size 238x17
      text run at (0,0) width 238: "simon.king@pipinghotnetworks.com"
