layer at (0,0) size 800x600
  RenderView at (0,0) size 800x600
layer at (0,0) size 800x600
  RenderBlock {HTML} at (0,0) size 800x600
    RenderBody {BODY} at (8,8) size 784x576
      RenderTable {TABLE} at (0,0) size 378x28 [border: (3px outset #808080)]
        RenderTableSection {TBODY} at (3,3) size 372x22
          RenderTableRow {TR} at (0,0) size 372x22
            RenderTableCell {TD} at (0,0) size 68x22 [border: (1px inset #808080)] [r=0 c=0 rs=1 cs=1]
              RenderText {#text} at (2,2) size 64x17
                text run at (2,2) width 64: "fieldLabel"
            RenderTableCell {TD} at (68,0) size 304x22 [border: (1px inset #808080)] [r=0 c=1 rs=1 cs=1]
              RenderText {#text} at (2,2) size 105x17
                text run at (2,2) width 105: "   InspectionText"
      RenderBlock {FORM} at (0,28) size 784x27
        RenderButton {INPUT} at (0,0) size 101x27 [color=#000000CC] [bgcolor=#C0C0C0] [border: (2px outset #C0C0C0)]
          RenderBlock (anonymous) at (8,4) size 85x18
            RenderText at (0,0) size 85x17
              text run at (0,0) width 85: "change width"
        RenderText {#text} at (101,4) size 4x17
          text run at (101,4) width 4: " "
        RenderButton {INPUT} at (105,0) size 212x27 [color=#000000CC] [bgcolor=#C0C0C0] [border: (2px outset #C0C0C0)]
          RenderBlock (anonymous) at (8,4) size 196x18
            RenderText at (0,0) size 196x17
              text run at (0,0) width 196: "change width with table reflow"
        RenderText {#text} at (0,0) size 0x0
