layer at (0,0) size 800x600
  RenderView at (0,0) size 800x600
layer at (0,0) size 800x600
  RenderBlock {HTML} at (0,0) size 800x600
    RenderBody {BODY} at (8,8) size 784x584 [bgcolor=#3333FF]
      RenderBlock {CENTER} at (0,0) size 784x71
        RenderTable {TABLE} at (181,0) size 422x71 [bgcolor=#FFFFFF] [border: (2px outset #808080)]
          RenderBlock {CAPTION} at (0,0) size 421x21
            RenderInline {B} at (0,0) size 131x17
              RenderInline {FONT} at (0,0) size 131x20 [color=#C0C0C0]
                RenderText {#text} at (145,0) size 131x20
                  text run at (145,0) width 131: "Future Bugzilla"
            RenderText {#text} at (0,0) size 0x0
          RenderTableSection {TBODY} at (2,23) size 417x46
            RenderTableRow {TR} at (0,2) size 417x20
              RenderTableCell {TD} at (2,2) size 40x20 [bgcolor=#009900] [border: (1px inset #808080)] [r=0 c=0 rs=1 cs=1]
                RenderBlock {DIV} at (2,2) size 36x16
                  RenderInline {B} at (0,0) size 36x17
                    RenderInline {FONT} at (0,0) size 36x15
                      RenderText {#text} at (0,0) size 36x15
                        text run at (0,0) width 36: "Credit"
              RenderTableCell {TD} at (44,2) size 39x20 [bgcolor=#009900] [border: (1px inset #808080)] [r=0 c=1 rs=1 cs=1]
                RenderInline {B} at (0,0) size 23x17
                  RenderInline {FONT} at (0,0) size 23x15
                    RenderText {#text} at (2,2) size 23x15
                      text run at (2,2) width 23: "Bug"
              RenderTableCell {TD} at (85,2) size 138x20 [bgcolor=#009900] [border: (1px inset #808080)] [r=0 c=2 rs=1 cs=1]
                RenderInline {B} at (0,0) size 56x17
                  RenderInline {FONT} at (0,0) size 56x15
                    RenderText {#text} at (2,2) size 56x15
                      text run at (2,2) width 56: "Summary"
              RenderTableCell {TD} at (225,2) size 55x20 [bgcolor=#009900] [border: (1px inset #808080)] [r=0 c=3 rs=1 cs=1]
                RenderInline {B} at (0,0) size 34x17
                  RenderInline {FONT} at (0,0) size 34x15
                    RenderText {#text} at (2,2) size 34x15
                      text run at (2,2) width 34: "Status"
              RenderTableCell {TD} at (282,2) size 64x20 [bgcolor=#009900] [border: (1px inset #808080)] [r=0 c=4 rs=1 cs=1]
                RenderInline {B} at (0,0) size 60x17
                  RenderInline {FONT} at (0,0) size 60x15
                    RenderText {#text} at (2,2) size 60x15
                      text run at (2,2) width 60: "Resolution"
              RenderTableCell {TD} at (348,2) size 67x20 [bgcolor=#009900] [border: (1px inset #808080)] [r=0 c=5 rs=1 cs=1]
                RenderInline {B} at (0,0) size 63x17
                  RenderInline {FONT} at (0,0) size 63x15
                    RenderText {#text} at (2,2) size 63x15
                      text run at (2,2) width 63: "Date (-8/-7)"
            RenderTableRow {TR} at (0,24) size 417x20
              RenderTableCell {TD} at (2,24) size 40x20 [bgcolor=#FF0000] [border: (1px inset #808080)] [r=1 c=0 rs=1 cs=1]
                RenderInline {B} at (0,0) size 7x17
                  RenderInline {FONT} at (0,0) size 7x15
                    RenderText {#text} at (2,2) size 7x15
                      text run at (2,2) width 7: "1"
              RenderTableCell {TD} at (44,24) size 39x20 [bgcolor=#FF0000] [border: (1px inset #808080)] [r=1 c=1 rs=1 cs=1]
                RenderInline {B} at (0,0) size 35x17
                  RenderInline {FONT} at (0,0) size 35x15
                    RenderText {#text} at (0,0) size 0x0
                    RenderInline {A} at (0,0) size 35x15
                      RenderText {#text} at (2,2) size 35x15
                        text run at (2,2) width 35: "10000"
                    RenderText {#text} at (0,0) size 0x0
              RenderTableCell {TD} at (85,24) size 138x20 [bgcolor=#FF0000] [border: (1px inset #808080)] [r=1 c=2 rs=1 cs=1]
                RenderInline {B} at (0,0) size 134x17
                  RenderInline {FONT} at (0,0) size 134x15
                    RenderText {#text} at (2,2) size 134x15
                      text run at (2,2) width 134: "JWZ returns to Mozilla"
              RenderTableCell {TD} at (225,24) size 55x20 [bgcolor=#FF0000] [border: (1px inset #808080)] [r=1 c=3 rs=1 cs=1]
                RenderInline {B} at (0,0) size 51x17
                  RenderInline {FONT} at (0,0) size 51x15
                    RenderText {#text} at (2,2) size 51x15
                      text run at (2,2) width 51: "Resolved"
              RenderTableCell {TD} at (282,24) size 64x20 [bgcolor=#FF0000] [border: (1px inset #808080)] [r=1 c=4 rs=1 cs=1]
                RenderInline {B} at (0,0) size 54x17
                  RenderInline {FONT} at (0,0) size 54x15
                    RenderText {#text} at (2,2) size 54x15
                      text run at (2,2) width 54: "Duplicate"
              RenderTableCell {TD} at (348,24) size 67x20 [bgcolor=#FF0000] [border: (1px inset #808080)] [r=1 c=5 rs=1 cs=1]
                RenderInline {B} at (0,0) size 35x17
                  RenderInline {FONT} at (0,0) size 35x15
                    RenderText {#text} at (2,2) size 35x15
                      text run at (2,2) width 35: "July 1"
