layer at (0,0) size 1067x585
  RenderView at (0,0) size 800x585
layer at (0,0) size 800x585
  RenderBlock {HTML} at (0,0) size 800x585
    RenderBody {BODY} at (8,8) size 784x569
      RenderTable {TABLE} at (0,0) size 1059x156 [border: (2px solid #0000FF)]
        RenderTableSection {TBODY} at (2,2) size 1055x152
          RenderTableRow {TR} at (0,2) size 1055x148
            RenderTableCell {TD} at (2,2) size 275x148 [border: (1px solid #C0C0C0)] [r=0 c=0 rs=1 cs=1]
              RenderTable {TABLE} at (2,2) size 271x144 [border: (2px solid #008000)]
                RenderTableSection {TBODY} at (2,2) size 267x140
                  RenderTableRow {TR} at (0,2) size 267x88
                    RenderTableCell {TD} at (2,2) size 263x88 [border: (1px solid #C0C0C0)] [r=0 c=0 rs=1 cs=1]
                      RenderTable {TABLE} at (2,2) size 185x36 [border: (2px solid #FF0000)]
                        RenderTableSection {TBODY} at (2,2) size 181x32
                          RenderTableRow {TR} at (0,2) size 181x28
                            RenderTableCell {TD} at (2,2) size 177x28 [border: (1px solid #C0C0C0)] [r=0 c=0 rs=1 cs=1]
                              RenderTextControl {INPUT} at (2,2) size 173x24 [bgcolor=#FFFFFF] [border: (2px inset #000000)]
                              RenderText {#text} at (0,0) size 0x0
                      RenderTable {TABLE} at (2,38) size 259x48 [border: (2px solid #FF0000)]
                        RenderTableSection {TBODY} at (2,2) size 255x44
                          RenderTableRow {TR} at (0,2) size 255x40
                            RenderTableCell {TD} at (2,2) size 251x40 [border: (1px solid #C0C0C0)] [r=0 c=0 rs=1 cs=1]
                              RenderText {#text} at (2,2) size 201x35
                                text run at (2,2) width 201: "THIS TABLE NEEDS TO BE"
                                text run at (2,20) width 43: "HERE"
                  RenderTableRow {TR} at (0,92) size 267x46
                    RenderTableCell {TD} at (2,92) size 263x46 [border: (1px solid #C0C0C0)] [r=1 c=0 rs=1 cs=1]
                      RenderTable {TABLE} at (2,2) size 259x42 [border: (2px solid #FF0000)]
                        RenderTableSection {TBODY} at (2,2) size 255x38
                          RenderTableRow {TR} at (0,2) size 255x34
                            RenderTableCell {TD} at (2,2) size 251x34 [border: (1px solid #C0C0C0)] [r=0 c=0 rs=1 cs=1]
                              RenderMenuList {SELECT} at (2,2) size 247x30 [bgcolor=#FFFFFF] [border: (1px solid #000000)]
                                RenderBlock (anonymous) at (1,1) size 245x28
                                  RenderText at (5,5) size 219x17
                                    text run at (5,5) width 219: "USE THIS JAVASCRIPT HERE"
                              RenderText {#text} at (0,0) size 0x0
            RenderTableCell {TD} at (279,2) size 774x40 [border: (1px solid #C0C0C0)] [r=0 c=1 rs=1 cs=1]
              RenderText {#text} at (2,2) size 770x35
                text run at (2,2) width 770: "KEEPoTHEoTEXToHEREoASoLONGoASoPOSSIBLEooKEEPoTHEoTEXToHEREoASoLONGoASoPOSSIBLE"
                text run at (2,20) width 618: "THIS SIMULATES THE PROBLEM ON THE WWW.MAPBLAST.COM/ \"CREATE MAP\""
layer at (29,29) size 167x18 scrollWidth 194
  RenderBlock {DIV} at (3,3) size 167x18
    RenderText {#text} at (0,0) size 193x17
      text run at (0,0) width 193: "THIS NEEDS THIS VALUE"
