EDITING DELEGATE: shouldBeginEditingInDOMRange:range from 0 of DIV > BODY > HTML > #document to 3 of DIV > BODY > HTML > #document
EDITING DELEGATE: webViewDidBeginEditing:WebViewDidBeginEditingNotification
EDITING DELEGATE: webViewDidChangeSelection:WebViewDidChangeSelectionNotification
EDITING DELEGATE: shouldChangeSelectedDOMRange:range from 0 of DIV > DIV > BODY > HTML > #document to 0 of DIV > DIV > BODY > HTML > #document toDOMRange:range from 1 of #text > DIV > DIV > BODY > HTML > #document to 737 of #text > DIV > DIV > BODY > HTML > #document affinity:NSSelectionAffinityDownstream stillSelecting:FALSE
EDITING DELEGATE: webViewDidChangeSelection:WebViewDidChangeSelectionNotification
layer at (0,0) size 800x600
  RenderView at (0,0) size 800x600
layer at (0,0) size 800x295
  RenderBlock {HTML} at (0,0) size 800x295
    RenderBody {BODY} at (8,8) size 784x279
      RenderBlock {DIV} at (0,0) size 749x279 [border: (50px solid #FF0000)]
        RenderBlock {DIV} at (74,74) size 601x131
          RenderText {#text} at (0,0) size 600x130
            text run at (0,0) width 570: "Four score and seven years ago our fathers brought forth,"
            text run at (570,0) width 10: " "
            text run at (0,10) width 600: "upon this continent, a new nation, conceived in Liberty, and"
            text run at (600,10) width 0: " "
            text run at (0,20) width 600: "dedicated to the proposition that all men are created equal."
            text run at (600,20) width 0: " "
            text run at (0,30) width 560: "Now we are engaged in a great civil war, testing whether"
            text run at (560,30) width 10: " "
            text run at (0,40) width 590: "that nation, or any nation, so conceived, and so dedicated,"
            text run at (590,40) width 10: " "
            text run at (0,50) width 580: "can long endure. We are met here on a great battlefield of"
            text run at (580,50) width 10: " "
            text run at (0,60) width 550: "that war. We have come to dedicate a portion of it as a"
            text run at (550,60) width 10: " "
            text run at (0,70) width 600: "final resting place for those who here gave their lives that"
            text run at (600,70) width 0: " "
            text run at (0,80) width 590: "that nation might live. It is altogether fitting and proper"
            text run at (590,80) width 10: " "
            text run at (0,90) width 580: "that we should do this. Four score and seven years ago our"
            text run at (580,90) width 10: " "
            text run at (0,100) width 570: "fathers brought forth, upon this continent, a new nation,"
            text run at (570,100) width 10: " "
            text run at (0,110) width 590: "conceived in Liberty, and dedicated to the proposition that"
            text run at (590,110) width 10: " "
            text run at (0,120) width 260: "all men are created equal."
selection start: position 1 of child 0 {#text} of child 1 {DIV} of child 1 {DIV} of body
selection end:   position 737 of child 0 {#text} of child 1 {DIV} of child 1 {DIV} of body
