layer at (0,0) size 1650x600
  RenderView at (0,0) size 800x600
layer at (0,0) size 800x600
  RenderBlock {HTML} at (0,0) size 800x600
    RenderBody {BODY} at (8,8) size 784x584
layer at (-850,8) size 1642x202 backgroundClip at (0,0) size 1650x600 clip at (0,0) size 1650x600 outlineClip at (0,0) size 1650x600
  RenderBlock (positioned) {DIV} at (8,8) size 1642x203
    RenderBlock {P} at (72,0) size 85x203
      RenderInline {A} at (0,0) size 81x167 [color=#0000EE]
        RenderText {#text} at (2,0) size 81x167
          text run at (2,0) width 167: "link 1"
    RenderBlock {P} at (229,0) size 85x203
      RenderInline {A} at (0,0) size 81x167 [color=#0000EE]
        RenderText {#text} at (2,0) size 81x167
          text run at (2,0) width 167: "link 2"
    RenderBlock {P} at (386,0) size 85x203
      RenderInline {A} at (0,0) size 81x167 [color=#0000EE]
        RenderText {#text} at (2,0) size 81x167
          text run at (2,0) width 167: "link 3"
    RenderBlock {P} at (543,0) size 85x203
      RenderInline {A} at (0,0) size 81x167 [color=#0000EE]
        RenderText {#text} at (2,0) size 81x167
          text run at (2,0) width 167: "link 4"
    RenderBlock {P} at (700,0) size 85x203
      RenderInline {A} at (0,0) size 81x167 [color=#0000EE]
        RenderText {#text} at (2,0) size 81x167
          text run at (2,0) width 167: "link 5"
    RenderBlock {P} at (857,0) size 85x203
      RenderInline {A} at (0,0) size 81x167 [color=#0000EE]
        RenderText {#text} at (2,0) size 81x167
          text run at (2,0) width 167: "link 6"
    RenderBlock {P} at (1014,0) size 85x203
      RenderInline {A} at (0,0) size 81x167 [color=#0000EE]
        RenderText {#text} at (2,0) size 81x167
          text run at (2,0) width 167: "link 7"
    RenderBlock {P} at (1171,0) size 85x203
      RenderInline {A} at (0,0) size 81x167 [color=#0000EE]
        RenderText {#text} at (2,0) size 81x167
          text run at (2,0) width 167: "link 8"
    RenderBlock {P} at (1328,0) size 85x203
      RenderInline {A} at (0,0) size 81x167 [color=#0000EE]
        RenderText {#text} at (2,0) size 81x167
          text run at (2,0) width 167: "link 9"
    RenderBlock {P} at (1485,0) size 85x203
      RenderInline {A} at (0,0) size 81x203 [color=#0000EE]
        RenderText {#text} at (2,0) size 81x203
          text run at (2,0) width 203: "link 10"
scrolled to -850,0
