layer at (0,0) size 800x600
  RenderView at (0,0) size 800x600
layer at (0,0) size 800x600
  RenderBlock {HTML} at (0,0) size 800x600
    RenderBody {BODY} at (8,8) size 784x584
      RenderBlock (floating) {DIV} at (0,0) size 204x109 [border: (2px solid #0000FF)]
        RenderInline {SPAN} at (0,0) size 200x19
          RenderText {#text} at (0,0) size 0x0
          RenderImage {IMG} at (2,2) size 100x100 [bgcolor=#008000]
          RenderText {#text} at (102,87) size 100x19
            text run at (102,87) width 100: "This is some text"
