layer at (0,0) size 800x600
  RenderView at (0,0) size 800x600
layer at (0,0) size 800x600
  RenderBlock {HTML} at (0,0) size 800x600
    RenderBody {BODY} at (8,8) size 784x582
      RenderBlock {P} at (0,0) size 784x40
        RenderText {#text} at (0,0) size 51x19
          text run at (0,0) width 51: "Test for "
        RenderInline {I} at (0,0) size 753x39
          RenderInline {A} at (0,0) size 305x19 [color=#0000EE]
            RenderText {#text} at (51,0) size 305x19
              text run at (51,0) width 305: "http://bugs.webkit.org/show_bug.cgi?id=14449"
          RenderText {#text} at (356,0) size 753x39
            text run at (356,0) width 4: " "
            text run at (360,0) width 393: "REGRESSION (r14345-r14375): Absolutely positioned image"
            text run at (0,20) width 286: "does not scale to containing element's height"
        RenderText {#text} at (286,20) size 4x19
          text run at (286,20) width 4: "."
layer at (18,64) size 764x200
  RenderBlock (relative positioned) {DIV} at (10,56) size 764x200
layer at (18,64) size 100x100
  RenderBlock (relative positioned) {DIV} at (0,0) size 100x100 [bgcolor=#808080]
    RenderBlock {DIV} at (0,0) size 100x100
layer at (18,64) size 50x100
  RenderImage {IMG} at (0,0) size 50x100 [bgcolor=#0000FF]
layer at (18,274) size 764x200
  RenderBlock (relative positioned) {DIV} at (10,266) size 764x200
    RenderText {#text} at (0,0) size 0x0
layer at (18,274) size 50x99
  RenderImage {IMG} at (0,0) size 50x99 [bgcolor=#0000FF]
