layer at (0,0) size 800x600
  RenderView at (0,0) size 800x600
layer at (0,0) size 800x82
  RenderBlock {HTML} at (0,0) size 800x82
    RenderBody {BODY} at (8,8) size 784x66
layer at (8,8) size 314x66
  RenderBlock (relative positioned) {DIV} at (0,0) size 314x66 [bgcolor=#FF0000] [border: (2px solid #000000)]
layer at (10,10) size 310x62
  RenderImage {IMG} at (2,2) size 310x62
layer at (15,31) size 300x20
  RenderBlock (relative positioned) zI: 1 {P} at (7,23) size 300x20
    RenderText zI: 1 {#text} at (42,0) size 216x19
      text run at (42,0) width 216: "There should be no red on this page"
