layer at (0,0) size 800x600
  RenderView at (0,0) size 800x600
layer at (0,0) size 800x600
  RenderBlock {HTML} at (0,0) size 800x600
    RenderBody {BODY} at (8,8) size 784x584
      RenderBlock {P} at (0,0) size 784x20
        RenderText {#text} at (0,0) size 51x19
          text run at (0,0) width 51: "Test for "
        RenderInline {I} at (0,0) size 710x19
          RenderInline {A} at (0,0) size 311x19 [color=#0000EE]
            RenderText {#text} at (51,0) size 311x19
              text run at (51,0) width 311: "https://bugs.webkit.org/show_bug.cgi?id=23739"
          RenderText {#text} at (362,0) size 399x19
            text run at (362,0) width 4: " "
            text run at (366,0) width 395: "REGRESSION (r36513): iframe isn't sized properly upon load"
        RenderText {#text} at (761,0) size 4x19
          text run at (761,0) width 4: "."
      RenderTable {TABLE} at (0,36) size 304x400
        RenderTableSection {TBODY} at (0,0) size 304x400
          RenderTableRow {TR} at (0,2) size 304x396
            RenderTableCell {TD} at (2,2) size 300x396 [bgcolor=#FF0000] [r=0 c=0 rs=1 cs=1]
              RenderBlock {DIV} at (0,0) size 300x0
              RenderBlock (anonymous) at (0,0) size 300x396
                RenderIFrame {IFRAME} at (0,0) size 300x396 [bgcolor=#008000]
                  layer at (0,0) size 300x396
                    RenderView at (0,0) size 300x396
                  layer at (0,0) size 300x396
                    RenderBlock {HTML} at (0,0) size 300x396
                      RenderBody {BODY} at (8,8) size 284x380
                RenderText {#text} at (0,0) size 0x0
