layer at (0,0) size 800x600
  RenderView at (0,0) size 800x600
layer at (0,0) size 800x600
  RenderBlock {HTML} at (0,0) size 800x600
    RenderBody {BODY} at (8,8) size 784x584
      RenderBlock {DIV} at (0,0) size 32x584 [border: (1px solid #FF0000)]
        RenderTextControl {INPUT} at (3,3) size 150x22 [bgcolor=#FFFFFF] [border: (2px inset #000000)]
        RenderTextControl {INPUT} at (3,29) size 150x22 [bgcolor=#FFFFFF] [border: (2px inset #000000)]
        RenderText {#text} at (0,0) size 0x0
        RenderImage {IMG} at (1,53) size 27x27 [border: (1px solid #000000)]
        RenderImage {IMG} at (1,80) size 27x27 [border: (1px solid #000000)]
        RenderText {#text} at (0,0) size 0x0
        RenderButton {INPUT} at (3,109) size 44x22 [bgcolor=#F0F0F0] [border: (2px outset #F0F0F0)]
          RenderBlock (anonymous) at (8,3) size 28x16
            RenderText at (0,0) size 28x16
              text run at (0,0) width 28: "input"
        RenderButton {INPUT} at (3,135) size 44x22 [bgcolor=#F0F0F0] [border: (2px outset #F0F0F0)]
          RenderBlock (anonymous) at (8,3) size 28x16
            RenderText at (0,0) size 28x16
              text run at (0,0) width 28: "input"
        RenderText {#text} at (0,0) size 0x0
        RenderButton {BUTTON} at (3,161) size 52x22 [bgcolor=#F0F0F0] [border: (2px outset #F0F0F0)]
          RenderBlock (anonymous) at (8,3) size 36x16
            RenderText {#text} at (0,0) size 36x16
              text run at (0,0) width 36: "button"
        RenderButton {BUTTON} at (3,187) size 52x22 [bgcolor=#F0F0F0] [border: (2px outset #F0F0F0)]
          RenderBlock (anonymous) at (8,3) size 36x16
            RenderText {#text} at (0,0) size 36x16
              text run at (0,0) width 36: "button"
        RenderText {#text} at (0,0) size 0x0
        RenderMenuList {SELECT} at (3,213) size 61x20 [bgcolor=#FFFFFF]
          RenderBlock (anonymous) at (4,2) size 36x16
            RenderText at (0,0) size 36x16
              text run at (0,0) width 36: "select"
        RenderMenuList {SELECT} at (3,237) size 61x20 [bgcolor=#FFFFFF]
          RenderBlock (anonymous) at (4,2) size 36x16
            RenderText at (0,0) size 36x16
              text run at (0,0) width 36: "select"
        RenderText {#text} at (0,0) size 0x0
        RenderListBox {SELECT} at (3,261) size 57x69 [bgcolor=#FFFFFF] [border: (1px inset #808080)]
        RenderListBox {SELECT} at (3,334) size 57x69 [bgcolor=#FFFFFF] [border: (1px inset #808080)]
        RenderText {#text} at (0,0) size 0x0
        RenderBlock {INPUT} at (5,408) size 13x13
        RenderBlock {INPUT} at (5,427) size 13x13
        RenderText {#text} at (0,0) size 0x0
        RenderBlock {INPUT} at (6,446) size 13x13
        RenderBlock {INPUT} at (6,462) size 13x13
        RenderText {#text} at (0,0) size 0x0
        RenderIFrame {IFRAME} at (1,475) size 27x27 [border: (1px solid #000000)]
          layer at (0,0) size 25x25
            RenderView at (0,0) size 25x25
          layer at (0,0) size 25x25
            RenderBlock {HTML} at (0,0) size 25x25
              RenderBody {BODY} at (8,8) size 9x9
        RenderIFrame {IFRAME} at (1,502) size 27x27 [border: (1px solid #000000)]
          layer at (0,0) size 25x25
            RenderView at (0,0) size 25x25
          layer at (0,0) size 25x25
            RenderBlock {HTML} at (0,0) size 25x25
              RenderBody {BODY} at (8,8) size 9x9
        RenderText {#text} at (0,0) size 0x0
        RenderEmbeddedObject {EMBED} at (1,529) size 27x27 [border: (1px solid #000000)]
        RenderEmbeddedObject {EMBED} at (1,556) size 27x27 [border: (1px solid #000000)]
        RenderText {#text} at (0,0) size 0x0
layer at (13,14) size 146x16
  RenderBlock {DIV} at (2,3) size 146x16
layer at (13,40) size 146x16
  RenderBlock {DIV} at (2,3) size 146x16
