layer at (0,0) size 800x600
  RenderView at (0,0) size 800x600
layer at (0,0) size 800x600
  RenderBlock {HTML} at (0,0) size 800x600
    RenderBody {BODY} at (8,8) size 784x584
      RenderBlock {DIV} at (0,0) size 10x45
        RenderText {#text} at (0,0) size 25x19
          text run at (0,0) width 25: "Foo"
        RenderImage {IMG} at (0,20) size 25x25
      RenderBlock {DIV} at (0,45) size 10x44
        RenderText {#text} at (0,0) size 25x19
          text run at (0,0) width 25: "Foo"
        RenderMenuList {SELECT} at (2,22) size 50x20 [bgcolor=#FFFFFF]
          RenderBlock (anonymous) at (4,2) size 25x16
            RenderText at (0,0) size 25x16
              text run at (0,0) width 25: "One"
      RenderBlock {DIV} at (0,89) size 10x46
        RenderText {#text} at (0,0) size 25x19
          text run at (0,0) width 25: "Foo"
        RenderTextControl {INPUT} at (2,22) size 150x22 [bgcolor=#FFFFFF] [border: (2px inset #000000)]
      RenderBlock {DIV} at (0,135) size 10x45
        RenderImage {IMG} at (0,0) size 25x25
        RenderText {#text} at (0,25) size 25x19
          text run at (0,25) width 25: "Foo"
      RenderBlock {DIV} at (0,180) size 10x44
        RenderMenuList {SELECT} at (2,2) size 50x20 [bgcolor=#FFFFFF]
          RenderBlock (anonymous) at (4,2) size 25x16
            RenderText at (0,0) size 25x16
              text run at (0,0) width 25: "One"
        RenderText {#text} at (0,24) size 25x19
          text run at (0,24) width 25: "Foo"
      RenderBlock {DIV} at (0,224) size 10x46
        RenderTextControl {INPUT} at (2,2) size 150x22 [bgcolor=#FFFFFF] [border: (2px inset #000000)]
        RenderText {#text} at (0,26) size 25x19
          text run at (0,26) width 25: "Foo"
layer at (12,122) size 146x16
  RenderBlock {DIV} at (2,3) size 146x16
layer at (12,237) size 146x16
  RenderBlock {DIV} at (2,3) size 146x16
