layer at (0,0) size 800x600
  RenderView at (0,0) size 800x600
layer at (0,0) size 800x600
  RenderBlock {HTML} at (0,0) size 800x600
    RenderBody {BODY} at (8,8) size 784x584
      RenderBlock {P} at (0,0) size 784x40
        RenderText {#text} at (0,0) size 354x19
          text run at (0,0) width 354: "Tests selection painting on a transformed, replaced element"
        RenderBR {BR} at (354,15) size 0x0
        RenderInline {A} at (0,0) size 291x19 [color=#0000EE]
          RenderText {#text} at (0,20) size 291x19
            text run at (0,20) width 291: "https://bugs.webkit.org/show_bug.cgi?id=15739"
        RenderText {#text} at (0,0) size 0x0
      RenderBlock {P} at (0,56) size 784x20
        RenderText {#text} at (0,0) size 497x19
          text run at (0,0) width 497: "You should see a dark green square rotated 45\x{B0}. If you see any red, the test failed."
      RenderBlock {DIV} at (0,92) size 784x150
        RenderText {#text} at (0,0) size 0x0
layer at (58,150) size 100x100
  RenderImage {IMG} at (50,50) size 100x100 [bgcolor=#FF0000]
selection start: position 0 of child 1 {IMG} of child 4 {DIV} of body
selection end:   position 1 of child 1 {IMG} of child 4 {DIV} of body
