layer at (0,0) size 800x600
  RenderView at (0,0) size 800x600
layer at (0,0) size 800x600
  RenderBlock {HTML} at (0,0) size 800x600
    RenderBody {BODY} at (8,8) size 784x584
      RenderBlock (anonymous) at (0,0) size 784x20
        RenderText {#text} at (0,0) size 291x19
          text run at (0,0) width 291: "The following sets of buttons should not overlap."
      RenderTable {TABLE} at (0,20) size 784x30
        RenderTableSection {TBODY} at (0,0) size 784x30
          RenderTableRow {TR} at (0,1) size 784x28
            RenderTableCell {TD} at (1,1) size 73x28 [r=0 c=0 rs=1 cs=1]
              RenderButton {INPUT} at (1,3) size 71x22 [bgcolor=#F0F0F0] [border: (2px outset #F0F0F0)]
                RenderBlock (anonymous) at (8,3) size 55x16
                  RenderText at (0,0) size 55x16
                    text run at (0,0) width 55: "New Mail"
            RenderTableCell {TD} at (75,1) size 54x28 [r=0 c=1 rs=1 cs=1]
              RenderButton {INPUT} at (1,3) size 52x22 [bgcolor=#F0F0F0] [border: (2px outset #F0F0F0)]
                RenderBlock (anonymous) at (8,3) size 36x16
                  RenderText at (0,0) size 36x16
                    text run at (0,0) width 36: "Reply"
            RenderTableCell {TD} at (130,1) size 72x28 [r=0 c=2 rs=1 cs=1]
              RenderButton {INPUT} at (1,3) size 70x22 [bgcolor=#F0F0F0] [border: (2px outset #F0F0F0)]
                RenderBlock (anonymous) at (8,3) size 54x16
                  RenderText at (0,0) size 54x16
                    text run at (0,0) width 54: "Reply All"
            RenderTableCell {TD} at (203,4) size 580x22 [r=0 c=3 rs=1 cs=1]
              RenderText {#text} at (1,1) size 4x19
                text run at (1,1) width 4: " "
      RenderBlock (anonymous) at (0,50) size 784x40
        RenderBR {BR} at (0,0) size 0x19
        RenderBR {BR} at (0,20) size 0x19
      RenderTable {TABLE} at (0,90) size 784x30
        RenderTableSection {TBODY} at (0,0) size 784x30
          RenderTableRow {TR} at (0,1) size 784x28
            RenderTableCell {TD} at (1,1) size 73x28 [r=0 c=0 rs=1 cs=1]
              RenderButton {INPUT} at (1,3) size 71x22 [bgcolor=#F0F0F0] [border: (2px outset #F0F0F0)]
                RenderBlock (anonymous) at (8,3) size 55x16
                  RenderText at (0,0) size 55x16
                    text run at (0,0) width 55: "New Mail"
            RenderTableCell {TD} at (75,1) size 54x28 [r=0 c=1 rs=1 cs=1]
              RenderButton {INPUT} at (1,3) size 52x22 [bgcolor=#F0F0F0] [border: (2px outset #F0F0F0)]
                RenderBlock (anonymous) at (8,3) size 36x16
                  RenderText at (0,0) size 36x16
                    text run at (0,0) width 36: "Reply"
            RenderTableCell {TD} at (130,1) size 72x28 [r=0 c=2 rs=1 cs=1]
              RenderButton {INPUT} at (1,3) size 70x22 [bgcolor=#F0F0F0] [border: (2px outset #F0F0F0)]
                RenderBlock (anonymous) at (8,3) size 54x16
                  RenderText at (0,0) size 54x16
                    text run at (0,0) width 54: "Reply All"
            RenderTableCell {TD} at (203,4) size 580x22 [r=0 c=3 rs=1 cs=1]
              RenderText {#text} at (1,1) size 4x19
                text run at (1,1) width 4: " "
