layer at (0,0) size 800x600
  RenderView at (0,0) size 800x600
layer at (0,0) size 800x600
  RenderBlock {HTML} at (0,0) size 800x600
    RenderBody {BODY} at (8,8) size 784x584
      RenderBlock (anonymous) at (0,0) size 784x20
        RenderText {#text} at (0,0) size 212x19
          text run at (0,0) width 212: "These textfields should not overlap."
      RenderTable {TABLE} at (0,20) size 784x30
        RenderTableSection {TBODY} at (0,0) size 784x30
          RenderTableRow {TR} at (0,1) size 784x28
            RenderTableCell {TD} at (1,1) size 6x28 [r=0 c=0 rs=1 cs=1]
              RenderTextControl {INPUT} at (1,3) size 4x22 [bgcolor=#FFFFFF] [border: (2px inset #000000)]
            RenderTableCell {TD} at (8,1) size 6x28 [r=0 c=1 rs=1 cs=1]
              RenderTextControl {INPUT} at (1,3) size 4x22 [bgcolor=#FFFFFF] [border: (2px inset #000000)]
            RenderTableCell {TD} at (15,1) size 6x28 [r=0 c=2 rs=1 cs=1]
              RenderTextControl {INPUT} at (1,3) size 4x22 [bgcolor=#FFFFFF] [border: (2px inset #000000)]
            RenderTableCell {TD} at (22,4) size 761x22 [r=0 c=3 rs=1 cs=1]
              RenderText {#text} at (1,1) size 4x19
                text run at (1,1) width 4: " "
      RenderBlock (anonymous) at (0,50) size 784x40
        RenderBR {BR} at (0,0) size 0x19
        RenderBR {BR} at (0,20) size 0x19
      RenderTable {TABLE} at (0,90) size 784x30
        RenderTableSection {TBODY} at (0,0) size 784x30
          RenderTableRow {TR} at (0,1) size 784x28
            RenderTableCell {TD} at (1,1) size 6x28 [r=0 c=0 rs=1 cs=1]
              RenderTextControl {INPUT} at (1,3) size 4x22 [bgcolor=#FFFFFF] [border: (2px inset #000000)]
            RenderTableCell {TD} at (8,1) size 6x28 [r=0 c=1 rs=1 cs=1]
              RenderTextControl {INPUT} at (1,3) size 4x22 [bgcolor=#FFFFFF] [border: (2px inset #000000)]
            RenderTableCell {TD} at (15,1) size 6x28 [r=0 c=2 rs=1 cs=1]
              RenderTextControl {INPUT} at (1,3) size 4x22 [bgcolor=#FFFFFF] [border: (2px inset #000000)]
            RenderTableCell {TD} at (22,4) size 761x22 [r=0 c=3 rs=1 cs=1]
              RenderText {#text} at (1,1) size 4x19
                text run at (1,1) width 4: " "
