layer at (0,0) size 800x600
  RenderView at (0,0) size 800x600
layer at (0,0) size 800x254
  RenderBlock {HTML} at (0,0) size 800x254
    RenderBody {BODY} at (8,8) size 784x238
      RenderBlock (anonymous) at (0,0) size 784x40
        RenderText {#text} at (0,0) size 755x39
          text run at (0,0) width 379: "Test for empty buttons, which inherit from RenderFlexibleBox. "
          text run at (379,0) width 376: "Empty <input> buttons should not collapse, which makes them"
          text run at (0,20) width 431: "different from most flex boxes. Empty <button>s should collapse. Note "
        RenderInline {A} at (0,0) size 74x19 [color=#0000EE]
          RenderText {#text} at (431,20) size 74x19
            text run at (431,20) width 74: "bug 110654"
        RenderText {#text} at (505,20) size 4x19
          text run at (505,20) width 4: "."
      RenderBlock {HR} at (0,48) size 784x2 [border: (1px inset #000000)]
      RenderBlock (anonymous) at (0,58) size 784x66
        RenderText {#text} at (0,0) size 76x19
          text run at (0,0) width 76: "Simple case."
        RenderBR {BR} at (76,0) size 0x19
        RenderButton {BUTTON} at (2,32) size 16x6 [bgcolor=#DDDDDD] [border: (2px outset #DDDDDD)]
        RenderBR {BR} at (20,20) size 0x19
        RenderButton {INPUT} at (2,42) size 16x22 [bgcolor=#DDDDDD] [border: (2px outset #DDDDDD)]
        RenderBR {BR} at (20,46) size 0x19
      RenderBlock {HR} at (0,132) size 784x2 [border: (1px inset #000000)]
      RenderBlock (anonymous) at (0,142) size 784x96
        RenderText {#text} at (0,0) size 739x19
          text run at (0,0) width 739: "Empty <button> and <input type=button> with overflow: scroll;. The presence of the scrollbar should not shrink the button."
        RenderBR {BR} at (739,0) size 0x19
        RenderBR {BR} at (35,20) size 0x19
        RenderBR {BR} at (35,61) size 0x19
layer at (10,182) size 31x21 clip at (12,184) size 12x2
  RenderButton {BUTTON} at (2,32) size 31x21 [bgcolor=#DDDDDD] [border: (2px outset #DDDDDD)]
layer at (10,207) size 31x37 clip at (12,209) size 12x18
  RenderButton {INPUT} at (2,57) size 31x37 [bgcolor=#DDDDDD] [border: (2px outset #DDDDDD)]
