layer at (0,0) size 800x600
  RenderView at (0,0) size 800x600
layer at (0,0) size 800x8
  RenderBlock {html} at (0,0) size 800x8
    RenderBody {body} at (8,8) size 784x0
layer at (8,8) size 792x54
  RenderBlock (positioned) {svg} at (8,8) size 792x54
    RenderInline {text} at (0,7) size 64x9
      RenderText {#text} at (0,7) size 64x9
        text run at (0,7) width 64: "iiiiiiiiiiiiiiiiiiiiiiiiiiiiiiii"
    RenderText {#text} at (64,0) size 4x17
      text run at (64,0) width 4: " "
    RenderInline {text} at (68,7) size 64x9
      RenderText {#text} at (68,7) size 64x9
        text run at (68,7) width 64: "iiiiiiiiiiiiiiiiiiiiiiiiiiiiiiii"
    RenderText {#text} at (132,0) size 4x17
      text run at (132,0) width 4: " "
    RenderInline {text} at (136,7) size 64x9
      RenderText {#text} at (136,7) size 64x9
        text run at (136,7) width 64: "iiiiiiiiiiiiiiiiiiiiiiiiiiiiiiii"
    RenderText {#text} at (200,0) size 4x17
      text run at (200,0) width 4: " "
    RenderInline {text} at (204,7) size 64x9
      RenderText {#text} at (204,7) size 64x9
        text run at (204,7) width 64: "iiiiiiiiiiiiiiiiiiiiiiiiiiiiiiii"
    RenderText {#text} at (268,0) size 4x17
      text run at (268,0) width 4: " "
    RenderInline {text} at (272,7) size 64x9
      RenderText {#text} at (272,7) size 64x9
        text run at (272,7) width 64: "iiiiiiiiiiiiiiiiiiiiiiiiiiiiiiii"
    RenderText {#text} at (336,0) size 4x17
      text run at (336,0) width 4: " "
    RenderInline {text} at (340,7) size 64x9
      RenderText {#text} at (340,7) size 64x9
        text run at (340,7) width 64: "iiiiiiiiiiiiiiiiiiiiiiiiiiiiiiii"
    RenderText {#text} at (404,0) size 4x17
      text run at (404,0) width 4: " "
    RenderInline {text} at (408,7) size 64x9
      RenderText {#text} at (408,7) size 64x9
        text run at (408,7) width 64: "iiiiiiiiiiiiiiiiiiiiiiiiiiiiiiii"
    RenderText {#text} at (472,0) size 4x17
      text run at (472,0) width 4: " "
    RenderInline {text} at (476,7) size 64x9
      RenderText {#text} at (476,7) size 64x9
        text run at (476,7) width 64: "iiiiiiiiiiiiiiiiiiiiiiiiiiiiiiii"
    RenderText {#text} at (540,0) size 4x17
      text run at (540,0) width 4: " "
    RenderInline {text} at (544,7) size 64x9
      RenderText {#text} at (544,7) size 64x9
        text run at (544,7) width 64: "iiiiiiiiiiiiiiiiiiiiiiiiiiiiiiii"
    RenderText {#text} at (608,0) size 4x17
      text run at (608,0) width 4: " "
    RenderInline {text} at (612,7) size 64x9
      RenderText {#text} at (612,7) size 64x9
        text run at (612,7) width 64: "iiiiiiiiiiiiiiiiiiiiiiiiiiiiiiii"
    RenderText {#text} at (676,0) size 4x17
      text run at (676,0) width 4: " "
    RenderInline {text} at (680,7) size 64x9
      RenderText {#text} at (680,7) size 64x9
        text run at (680,7) width 64: "iiiiiiiiiiiiiiiiiiiiiiiiiiiiiiii"
    RenderText {#text} at (0,0) size 0x0
    RenderInline {text} at (0,25) size 64x9
      RenderText {#text} at (0,25) size 64x9
        text run at (0,25) width 64: "iiiiiiiiiiiiiiiiiiiiiiiiiiiiiiii"
    RenderText {#text} at (64,18) size 4x17
      text run at (64,18) width 4: " "
    RenderInline {text} at (68,25) size 64x9
      RenderText {#text} at (68,25) size 64x9
        text run at (68,25) width 64: "iiiiiiiiiiiiiiiiiiiiiiiiiiiiiiii"
    RenderText {#text} at (132,18) size 4x17
      text run at (132,18) width 4: " "
    RenderInline {text} at (136,25) size 64x9
      RenderText {#text} at (136,25) size 64x9
        text run at (136,25) width 64: "iiiiiiiiiiiiiiiiiiiiiiiiiiiiiiii"
    RenderText {#text} at (200,18) size 4x17
      text run at (200,18) width 4: " "
    RenderInline {text} at (204,25) size 64x9
      RenderText {#text} at (204,25) size 64x9
        text run at (204,25) width 64: "iiiiiiiiiiiiiiiiiiiiiiiiiiiiiiii"
    RenderText {#text} at (268,18) size 4x17
      text run at (268,18) width 4: " "
    RenderInline {text} at (272,25) size 64x9
      RenderText {#text} at (272,25) size 64x9
        text run at (272,25) width 64: "iiiiiiiiiiiiiiiiiiiiiiiiiiiiiiii"
    RenderText {#text} at (336,18) size 4x17
      text run at (336,18) width 4: " "
    RenderInline {text} at (340,25) size 64x9
      RenderText {#text} at (340,25) size 64x9
        text run at (340,25) width 64: "iiiiiiiiiiiiiiiiiiiiiiiiiiiiiiii"
    RenderText {#text} at (404,18) size 4x17
      text run at (404,18) width 4: " "
    RenderInline {text} at (408,25) size 64x9
      RenderText {#text} at (408,25) size 64x9
        text run at (408,25) width 64: "iiiiiiiiiiiiiiiiiiiiiiiiiiiiiiii"
    RenderText {#text} at (472,18) size 4x17
      text run at (472,18) width 4: " "
    RenderInline {text} at (476,25) size 64x9
      RenderText {#text} at (476,25) size 64x9
        text run at (476,25) width 64: "iiiiiiiiiiiiiiiiiiiiiiiiiiiiiiii"
    RenderText {#text} at (540,18) size 4x17
      text run at (540,18) width 4: " "
    RenderInline {text} at (544,25) size 64x9
      RenderText {#text} at (544,25) size 64x9
        text run at (544,25) width 64: "iiiiiiiiiiiiiiiiiiiiiiiiiiiiiiii"
    RenderText {#text} at (608,18) size 4x17
      text run at (608,18) width 4: " "
    RenderInline {text} at (612,25) size 64x9
      RenderText {#text} at (612,25) size 64x9
        text run at (612,25) width 64: "iiiiiiiiiiiiiiiiiiiiiiiiiiiiiiii"
    RenderText {#text} at (676,18) size 4x17
      text run at (676,18) width 4: " "
    RenderInline {text} at (680,25) size 64x9
      RenderText {#text} at (680,25) size 64x9
        text run at (680,25) width 64: "iiiiiiiiiiiiiiiiiiiiiiiiiiiiiiii"
    RenderText {#text} at (0,0) size 0x0
    RenderInline {text} at (0,43) size 64x9
      RenderText {#text} at (0,43) size 64x9
        text run at (0,43) width 64: "iiiiiiiiiiiiiiiiiiiiiiiiiiiiiiii"
    RenderText {#text} at (64,36) size 4x17
      text run at (64,36) width 4: " "
    RenderInline {text} at (68,43) size 64x9
      RenderText {#text} at (68,43) size 64x9
        text run at (68,43) width 64: "iiiiiiiiiiiiiiiiiiiiiiiiiiiiiiii"
    RenderText {#text} at (132,36) size 4x17
      text run at (132,36) width 4: " "
    RenderInline {text} at (136,43) size 64x9
      RenderText {#text} at (136,43) size 64x9
        text run at (136,43) width 64: "iiiiiiiiiiiiiiiiiiiiiiiiiiiiiiii"
    RenderText {#text} at (200,36) size 4x17
      text run at (200,36) width 4: " "
    RenderInline {text} at (204,43) size 64x9
      RenderText {#text} at (204,43) size 64x9
        text run at (204,43) width 64: "iiiiiiiiiiiiiiiiiiiiiiiiiiiiiiii"
    RenderText {#text} at (0,0) size 0x0
layer at (275,8) size 525x72
  RenderBlock (positioned) {svg} at (275,8) size 525x72
    RenderInline {text} at (0,7) size 64x9
      RenderText {#text} at (0,7) size 64x9
        text run at (0,7) width 64: "iiiiiiiiiiiiiiiiiiiiiiiiiiiiiiii"
    RenderText {#text} at (64,0) size 4x17
      text run at (64,0) width 4: " "
    RenderInline {text} at (68,7) size 64x9
      RenderText {#text} at (68,7) size 64x9
        text run at (68,7) width 64: "iiiiiiiiiiiiiiiiiiiiiiiiiiiiiiii"
    RenderText {#text} at (132,0) size 4x17
      text run at (132,0) width 4: " "
    RenderInline {text} at (136,7) size 64x9
      RenderText {#text} at (136,7) size 64x9
        text run at (136,7) width 64: "iiiiiiiiiiiiiiiiiiiiiiiiiiiiiiii"
    RenderText {#text} at (200,0) size 4x17
      text run at (200,0) width 4: " "
    RenderInline {text} at (204,7) size 64x9
      RenderText {#text} at (204,7) size 64x9
        text run at (204,7) width 64: "iiiiiiiiiiiiiiiiiiiiiiiiiiiiiiii"
    RenderText {#text} at (268,0) size 4x17
      text run at (268,0) width 4: " "
    RenderInline {text} at (272,7) size 64x9
      RenderText {#text} at (272,7) size 64x9
        text run at (272,7) width 64: "iiiiiiiiiiiiiiiiiiiiiiiiiiiiiiii"
    RenderText {#text} at (336,0) size 4x17
      text run at (336,0) width 4: " "
    RenderInline {text} at (340,7) size 64x9
      RenderText {#text} at (340,7) size 64x9
        text run at (340,7) width 64: "iiiiiiiiiiiiiiiiiiiiiiiiiiiiiiii"
    RenderText {#text} at (404,0) size 4x17
      text run at (404,0) width 4: " "
    RenderInline {text} at (408,7) size 64x9
      RenderText {#text} at (408,7) size 64x9
        text run at (408,7) width 64: "iiiiiiiiiiiiiiiiiiiiiiiiiiiiiiii"
    RenderText {#text} at (0,0) size 0x0
    RenderInline {text} at (0,25) size 64x9
      RenderText {#text} at (0,25) size 64x9
        text run at (0,25) width 64: "iiiiiiiiiiiiiiiiiiiiiiiiiiiiiiii"
    RenderText {#text} at (64,18) size 4x17
      text run at (64,18) width 4: " "
    RenderInline {text} at (68,25) size 64x9
      RenderText {#text} at (68,25) size 64x9
        text run at (68,25) width 64: "iiiiiiiiiiiiiiiiiiiiiiiiiiiiiiii"
    RenderText {#text} at (132,18) size 4x17
      text run at (132,18) width 4: " "
    RenderInline {text} at (136,25) size 64x9
      RenderText {#text} at (136,25) size 64x9
        text run at (136,25) width 64: "iiiiiiiiiiiiiiiiiiiiiiiiiiiiiiii"
    RenderText {#text} at (200,18) size 4x17
      text run at (200,18) width 4: " "
    RenderInline {text} at (204,25) size 64x9
      RenderText {#text} at (204,25) size 64x9
        text run at (204,25) width 64: "iiiiiiiiiiiiiiiiiiiiiiiiiiiiiiii"
    RenderText {#text} at (268,18) size 4x17
      text run at (268,18) width 4: " "
    RenderInline {text} at (272,25) size 64x9
      RenderText {#text} at (272,25) size 64x9
        text run at (272,25) width 64: "iiiiiiiiiiiiiiiiiiiiiiiiiiiiiiii"
    RenderText {#text} at (336,18) size 4x17
      text run at (336,18) width 4: " "
    RenderInline {text} at (340,25) size 64x9
      RenderText {#text} at (340,25) size 64x9
        text run at (340,25) width 64: "iiiiiiiiiiiiiiiiiiiiiiiiiiiiiiii"
    RenderText {#text} at (404,18) size 4x17
      text run at (404,18) width 4: " "
    RenderInline {text} at (408,25) size 64x9
      RenderText {#text} at (408,25) size 64x9
        text run at (408,25) width 64: "iiiiiiiiiiiiiiiiiiiiiiiiiiiiiiii"
    RenderText {#text} at (0,0) size 0x0
    RenderInline {text} at (0,43) size 64x9
      RenderText {#text} at (0,43) size 64x9
        text run at (0,43) width 64: "iiiiiiiiiiiiiiiiiiiiiiiiiiiiiiii"
    RenderText {#text} at (64,36) size 4x17
      text run at (64,36) width 4: " "
    RenderInline {text} at (68,43) size 64x9
      RenderText {#text} at (68,43) size 64x9
        text run at (68,43) width 64: "iiiiiiiiiiiiiiiiiiiiiiiiiiiiiiii"
    RenderText {#text} at (132,36) size 4x17
      text run at (132,36) width 4: " "
    RenderInline {text} at (136,43) size 64x9
      RenderText {#text} at (136,43) size 64x9
        text run at (136,43) width 64: "iiiiiiiiiiiiiiiiiiiiiiiiiiiiiiii"
    RenderText {#text} at (200,36) size 4x17
      text run at (200,36) width 4: " "
    RenderInline {text} at (204,43) size 64x9
      RenderText {#text} at (204,43) size 64x9
        text run at (204,43) width 64: "iiiiiiiiiiiiiiiiiiiiiiiiiiiiiiii"
    RenderText {#text} at (268,36) size 4x17
      text run at (268,36) width 4: " "
    RenderInline {text} at (272,43) size 64x9
      RenderText {#text} at (272,43) size 64x9
        text run at (272,43) width 64: "iiiiiiiiiiiiiiiiiiiiiiiiiiiiiiii"
    RenderText {#text} at (336,36) size 4x17
      text run at (336,36) width 4: " "
    RenderInline {text} at (340,43) size 64x9
      RenderText {#text} at (340,43) size 64x9
        text run at (340,43) width 64: "iiiiiiiiiiiiiiiiiiiiiiiiiiiiiiii"
    RenderText {#text} at (404,36) size 4x17
      text run at (404,36) width 4: " "
    RenderInline {text} at (408,43) size 64x9
      RenderText {#text} at (408,43) size 64x9
        text run at (408,43) width 64: "iiiiiiiiiiiiiiiiiiiiiiiiiiiiiiii"
    RenderText {#text} at (0,0) size 0x0
    RenderInline {text} at (0,61) size 64x9
      RenderText {#text} at (0,61) size 64x9
        text run at (0,61) width 64: "iiiiiiiiiiiiiiiiiiiiiiiiiiiiiiii"
    RenderText {#text} at (64,54) size 4x17
      text run at (64,54) width 4: " "
    RenderInline {text} at (68,61) size 64x9
      RenderText {#text} at (68,61) size 64x9
        text run at (68,61) width 64: "iiiiiiiiiiiiiiiiiiiiiiiiiiiiiiii"
    RenderText {#text} at (132,54) size 4x17
      text run at (132,54) width 4: " "
    RenderInline {text} at (136,61) size 64x9
      RenderText {#text} at (136,61) size 64x9
        text run at (136,61) width 64: "iiiiiiiiiiiiiiiiiiiiiiiiiiiiiiii"
    RenderText {#text} at (200,54) size 4x17
      text run at (200,54) width 4: " "
    RenderInline {text} at (204,61) size 64x9
      RenderText {#text} at (204,61) size 64x9
        text run at (204,61) width 64: "iiiiiiiiiiiiiiiiiiiiiiiiiiiiiiii"
    RenderText {#text} at (268,54) size 4x17
      text run at (268,54) width 4: " "
    RenderInline {text} at (272,61) size 64x9
      RenderText {#text} at (272,61) size 64x9
        text run at (272,61) width 64: "iiiiiiiiiiiiiiiiiiiiiiiiiiiiiiii"
    RenderText {#text} at (0,0) size 0x0
