layer at (0,0) size 800x600
  RenderView at (0,0) size 800x600
layer at (0,0) size 800x120
  RenderBlock {HTML} at (0,0) size 800x120
    RenderBody {BODY} at (8,8) size 784x92
      RenderBlock (anonymous) at (0,0) size 784x72
        RenderText {#text} at (0,0) size 640x17
          text run at (0,0) width 640: "This test checks that the text-overflow: ellipsis property is handled correctly when using an SVG font."
        RenderBR {BR} at (640,0) size 0x17
        RenderBR {BR} at (0,18) size 0x17
        RenderText {#text} at (0,36) size 513x17
          text run at (0,36) width 513: "Pass if some text is shown followed by an ellipsis (NOT just the ellipsis by itself)."
        RenderBR {BR} at (512,36) size 1x17
        RenderBR {BR} at (0,54) size 0x17
layer at (8,80) size 182x20 clip at (9,81) size 180x18 scrollWidth 335
  RenderBlock {DIV} at (0,72) size 182x20 [border: (1px solid #000000)]
    RenderText {#text} at (1,2) size 335x16
      text run at (1,2) width 335: "abc abc abc abc abc abc abc abc abc abc"
