layer at (0,0) size 800x600
  RenderView at (0,0) size 800x600
layer at (0,0) size 800x448
  RenderBlock {HTML} at (0,0) size 800x448
    RenderBody {BODY} at (8,16) size 784x20
      RenderBlock {P} at (0,0) size 784x20
        RenderText {#text} at (0,0) size 520x19
          text run at (0,0) width 506: "The following two blocks should be identical, including overflow. (Force bidi: "
          text run at (505,0) width 9 RTL: "\x{5D0}"
          text run at (513,0) width 7: ")"
      RenderBlock {DIV} at (0,36) size 784x0
        RenderBlock (floating) {P} at (16,16) size 180x166 [bgcolor=#FFFFCC] [border: (3px solid #000000)]
          RenderInline {SPAN} at (11,15) size 151x39 [color=#000080] [border: (3px solid #000080) none (3px solid #000080)]
            RenderText {#text} at (30,25) size 132x19
              text run at (30,25) width 132: "aaa bbb ccc  ddd eee"
          RenderBR {BR} at (161,25) size 1x19
          RenderInline {SPAN} at (11,63) size 39x39 [color=#000080] [border: (3px solid #000080) none]
            RenderText {#text} at (11,73) size 20x19
              text run at (11,73) width 20: "fff "
          RenderText {#text} at (49,73) size 74x19
            text run at (49,73) width 74: "ggg hhh iii "
          RenderInline {SPAN} at (122,63) size 34x39 [color=#FFA500] [border: (3px solid #FFA500) none (3px solid #FFA500)]
            RenderText {#text} at (141,73) size 15x19
              text run at (141,73) width 15: "jjj"
          RenderBR {BR} at (155,73) size 1x19
          RenderInline {SPAN} at (11,111) size 158x39 [color=#FFA500] [border: (3px solid #FFA500) none]
            RenderText {#text} at (11,121) size 139x19
              text run at (11,121) width 139: "kkk lll mmm nnn ooo"
          RenderText {#text} at (0,0) size 0x0
        RenderBlock (floating) {P} at (16,214) size 184x166 [bgcolor=#FFFFCC] [border: (3px solid #000000)]
          RenderInline {SPAN} at (11,15) size 151x87 [color=#000080] [border: (3px solid #000080)]
            RenderText {#text} at (30,25) size 132x19
              text run at (30,25) width 26: "aaa "
              text run at (55,25) width 29: "bbb "
              text run at (83,25) width 26: "ccc "
              text run at (108,25) width 25 RTL: "ddd"
              text run at (132,25) width 30 RTL: "\x{202E} eee "
            RenderBR {BR} at (161,25) size 1x19
            RenderText {#text} at (11,73) size 20x19
              text run at (11,73) width 20: "fff "
          RenderText {#text} at (49,73) size 74x19
            text run at (49,73) width 29: "ggg "
            text run at (77,73) width 29: "hhh "
            text run at (105,73) width 18: "iii "
          RenderInline {SPAN} at (11,63) size 162x87 [color=#FFA500] [border: (3px solid #FFA500)]
            RenderText {#text} at (141,73) size 15x19
              text run at (141,73) width 15: "jjj"
            RenderBR {BR} at (155,73) size 1x19
            RenderText {#text} at (11,121) size 143x19
              text run at (11,121) width 28: "kkk "
              text run at (39,121) width 63: "lll \x{202C} mmm "
              text run at (101,121) width 29: "nnn "
              text run at (129,121) width 25: "ooo"
          RenderText {#text} at (0,0) size 0x0
