layer at (0,0) size 800x600
  RenderView at (0,0) size 800x600
layer at (0,0) size 800x292
  RenderBlock {HTML} at (0,0) size 800x292
    RenderBody {BODY} at (8,16) size 784x244
      RenderBlock {P} at (0,0) size 784x20
        RenderText {#text} at (0,0) size 520x19
          text run at (0,0) width 506: "The following two blocks should be identical, including overflow. (Force bidi: "
          text run at (505,0) width 9 RTL: "\x{5D0}"
          text run at (513,0) width 7: ")"
      RenderBlock {DIV} at (32,52) size 720x80 [color=#FFFF00] [bgcolor=#000000]
        RenderTable at (24,24) size 261x32
          RenderTableSection (anonymous) at (0,0) size 261x32
            RenderTableRow {P} at (0,0) size 261x32
              RenderTableCell (anonymous) at (0,0) size 261x32 [r=0 c=0 rs=1 cs=1]
                RenderInline {SPAN} at (0,0) size 15x36
                  RenderText {#text} at (0,-2) size 15x36
                    text run at (0,-2) width 15: "a"
                RenderInline {SPAN} at (0,0) size 20x50 [color=#FF00FF] [border: (3px solid #FF00FF) none (3px solid #FF00FF)]
                  RenderText {#text} at (33,-2) size 17x36
                    text run at (33,-2) width 17: "b"
                RenderInline {SPAN} at (0,0) size 18x50 [color=#00FFFF] [border: (3px solid #00FFFF) none (3px solid #00FFFF)]
                  RenderText {#text} at (68,-2) size 15x36
                    text run at (68,-2) width 15: "c"
                RenderInline {SPAN} at (0,0) size 17x50 [color=#FF00FF] [border: (3px solid #FF00FF) none (3px solid #FF00FF) none]
                  RenderText {#text} at (82,-2) size 17x36
                    text run at (82,-2) width 17: "d"
                RenderInline {SPAN} at (0,0) size 15x50 [color=#00FFFF] [border: (3px solid #00FFFF) none (3px solid #00FFFF) none]
                  RenderText {#text} at (98,-2) size 15x36
                    text run at (98,-2) width 15: "e"
                RenderInline {SPAN} at (0,0) size 12x36
                  RenderText {#text} at (112,-2) size 12x36
                    text run at (112,-2) width 12: "f"
                RenderInline {SPAN} at (0,0) size 17x36
                  RenderText {#text} at (123,-2) size 17x36
                    text run at (123,-2) width 17: "g"
                RenderInline {SPAN} at (0,0) size 17x36
                  RenderText {#text} at (139,-2) size 17x36
                    text run at (139,-2) width 17: "h"
                RenderInline {SPAN} at (0,0) size 10x50 [color=#FF00FF] [border: (3px solid #FF00FF) none (3px solid #FF00FF) none]
                  RenderText {#text} at (155,-2) size 10x36
                    text run at (155,-2) width 10: "i"
                RenderInline {SPAN} at (0,0) size 13x50 [color=#00FFFF] [border: (3px solid #00FFFF) none]
                  RenderText {#text} at (164,-2) size 10x36
                    text run at (164,-2) width 10: "j"
                RenderInline {SPAN} at (0,0) size 20x50 [color=#FF00FF] [border: (3px solid #FF00FF) none]
                  RenderText {#text} at (192,-2) size 17x36
                    text run at (192,-2) width 17: "k"
                RenderInline {SPAN} at (0,0) size 9x36
                  RenderText {#text} at (227,-2) size 9x36
                    text run at (227,-2) width 9: "l"
                RenderInline {SPAN} at (0,0) size 26x36
                  RenderText {#text} at (235,-2) size 26x36
                    text run at (235,-2) width 26: "m"
      RenderBlock {DIV} at (32,164) size 720x80 [color=#FFFF00] [bgcolor=#000000]
        RenderTable at (24,24) size 261x32
          RenderTableSection (anonymous) at (0,0) size 261x32
            RenderTableRow {P} at (0,0) size 261x32
              RenderTableCell (anonymous) at (0,0) size 261x32 [r=0 c=0 rs=1 cs=1]
                RenderText {#text} at (0,-2) size 236x36
                  text run at (0,-2) width 15: "a"
                  text run at (49,-2) width 1: "\x{202D}"
                  text run at (227,-2) width 9 RTL: "\x{202E}l"
                RenderInline {SPAN} at (0,0) size 112x50 [color=#00FFFF] [border: (3px solid #00FFFF)]
                  RenderText {#text} at (68,-2) size 106x36
                    text run at (68,-2) width 15: "c"
                    text run at (98,-2) width 15: "\x{202D}e"
                    text run at (155,-2) width 1 RTL: "\x{202E}"
                    text run at (164,-2) width 10 RTL: "\x{202E}j"
                RenderText {#text} at (112,-2) size 44x36
                  text run at (112,-2) width 12 RTL: "\x{202C}f"
                  text run at (123,-2) width 17: "\x{202D}g"
                  text run at (139,-2) width 17 RTL: "h"
                RenderInline {SPAN} at (0,0) size 182x50 [color=#FF00FF] [border: (3px solid #FF00FF)]
                  RenderText {#text} at (33,-2) size 176x36
                    text run at (33,-2) width 17 RTL: "\x{202C}b"
                    text run at (82,-2) width 17 RTL: "\x{202C}d"
                    text run at (155,-2) width 10: "\x{202C}i"
                    text run at (192,-2) width 17: "\x{202C}k"
                RenderText {#text} at (235,-2) size 26x36
                  text run at (235,-2) width 26: "\x{202C}m"
