layer at (0,0) size 800x600
  RenderView at (0,0) size 800x600
layer at (0,0) size 800x479
  RenderBlock {HTML} at (0,0) size 800x479
    RenderBody {BODY} at (8,20) size 784x449
layer at (18,20) size 764x449
  RenderBlock {DIV} at (10,0) size 764x449
    RenderTable {TABLE} at (20,0) size 131x53 [border: (0.50px none #808080)]
      RenderTableSection {TBODY} at (0,0) size 131x53
        RenderTableRow {TR} at (0,0) size 130x13
          RenderTableCell {TD} at (0,5) size 13x3 [border: (0.50px solid #000000)] [r=0 c=0 rs=1 cs=1]
          RenderTableCell {TD} at (13,5) size 13x3 [border: (0.50px solid #000000)] [r=0 c=1 rs=1 cs=1]
          RenderTableCell {TD} at (26,5) size 13x3 [border: (0.50px solid #000000)] [r=0 c=2 rs=1 cs=1]
          RenderTableCell {TD} at (39,5) size 13x3 [border: (0.50px solid #000000)] [r=0 c=3 rs=1 cs=1]
          RenderTableCell {TD} at (52,5) size 13x3 [border: (0.50px solid #000000)] [r=0 c=4 rs=1 cs=1]
          RenderTableCell {TD} at (65,5) size 13x3 [border: (0.50px solid #000000)] [r=0 c=5 rs=1 cs=1]
          RenderTableCell {TD} at (78,5) size 13x3 [border: (0.50px solid #000000)] [r=0 c=6 rs=1 cs=1]
          RenderTableCell {TD} at (91,5) size 13x3 [border: (0.50px solid #000000)] [r=0 c=7 rs=1 cs=1]
          RenderTableCell {TD} at (104,5) size 13x3 [border: (0.50px solid #000000)] [r=0 c=8 rs=1 cs=1]
          RenderTableCell {TD} at (117,5) size 13x3 [border: (0.50px solid #000000)] [r=0 c=9 rs=1 cs=1]
        RenderTableRow {TR} at (0,13) size 130x13
          RenderTableCell {TD} at (0,18) size 13x3 [border: (0.50px solid #000000)] [r=1 c=0 rs=1 cs=1]
          RenderTableCell {TD} at (13,18) size 13x3 [border: (0.50px solid #000000)] [r=1 c=1 rs=1 cs=1]
          RenderTableCell {TD} at (26,18) size 13x3 [border: (0.50px solid #000000)] [r=1 c=2 rs=1 cs=1]
          RenderTableCell {TD} at (39,18) size 13x3 [border: (0.50px solid #000000)] [r=1 c=3 rs=1 cs=1]
          RenderTableCell {TD} at (52,18) size 13x3 [border: (0.50px solid #000000)] [r=1 c=4 rs=1 cs=1]
          RenderTableCell {TD} at (65,18) size 13x3 [border: (0.50px solid #000000)] [r=1 c=5 rs=1 cs=1]
          RenderTableCell {TD} at (78,18) size 13x3 [border: (0.50px solid #000000)] [r=1 c=6 rs=1 cs=1]
          RenderTableCell {TD} at (91,18) size 13x3 [border: (0.50px solid #000000)] [r=1 c=7 rs=1 cs=1]
          RenderTableCell {TD} at (104,18) size 13x3 [border: (0.50px solid #000000)] [r=1 c=8 rs=1 cs=1]
          RenderTableCell {TD} at (117,18) size 13x3 [border: (0.50px solid #000000)] [r=1 c=9 rs=1 cs=1]
        RenderTableRow {TR} at (0,26) size 130x13
          RenderTableCell {TD} at (0,31) size 13x3 [border: (0.50px solid #000000)] [r=2 c=0 rs=1 cs=1]
          RenderTableCell {TD} at (13,31) size 13x3 [border: (0.50px solid #000000)] [r=2 c=1 rs=1 cs=1]
          RenderTableCell {TD} at (26,31) size 13x3 [border: (0.50px solid #000000)] [r=2 c=2 rs=1 cs=1]
          RenderTableCell {TD} at (39,31) size 13x3 [border: (0.50px solid #000000)] [r=2 c=3 rs=1 cs=1]
          RenderTableCell {TD} at (52,31) size 13x3 [border: (0.50px solid #000000)] [r=2 c=4 rs=1 cs=1]
          RenderTableCell {TD} at (65,31) size 13x3 [border: (0.50px solid #000000)] [r=2 c=5 rs=1 cs=1]
          RenderTableCell {TD} at (78,31) size 13x3 [border: (0.50px solid #000000)] [r=2 c=6 rs=1 cs=1]
          RenderTableCell {TD} at (91,31) size 13x3 [border: (0.50px solid #000000)] [r=2 c=7 rs=1 cs=1]
          RenderTableCell {TD} at (104,31) size 13x3 [border: (0.50px solid #000000)] [r=2 c=8 rs=1 cs=1]
          RenderTableCell {TD} at (117,31) size 13x3 [border: (0.50px solid #000000)] [r=2 c=9 rs=1 cs=1]
        RenderTableRow {TR} at (0,39) size 130x13
          RenderTableCell {TD} at (0,44) size 13x3 [border: (0.50px solid #000000)] [r=3 c=0 rs=1 cs=1]
          RenderTableCell {TD} at (13,44) size 13x3 [border: (0.50px solid #000000)] [r=3 c=1 rs=1 cs=1]
          RenderTableCell {TD} at (26,44) size 13x3 [border: (0.50px solid #000000)] [r=3 c=2 rs=1 cs=1]
          RenderTableCell {TD} at (39,44) size 13x3 [border: (0.50px solid #000000)] [r=3 c=3 rs=1 cs=1]
          RenderTableCell {TD} at (52,44) size 13x3 [border: (0.50px solid #000000)] [r=3 c=4 rs=1 cs=1]
          RenderTableCell {TD} at (65,44) size 13x3 [border: (0.50px solid #000000)] [r=3 c=5 rs=1 cs=1]
          RenderTableCell {TD} at (78,44) size 13x3 [border: (0.50px solid #000000)] [r=3 c=6 rs=1 cs=1]
          RenderTableCell {TD} at (91,44) size 13x3 [border: (0.50px solid #000000)] [r=3 c=7 rs=1 cs=1]
          RenderTableCell {TD} at (104,44) size 13x3 [border: (0.50px solid #000000)] [r=3 c=8 rs=1 cs=1]
          RenderTableCell {TD} at (117,44) size 13x3 [border: (0.50px solid #000000)] [r=3 c=9 rs=1 cs=1]
    RenderTable {TABLE} at (20,73) size 162x66
      RenderTableSection {TBODY} at (0,0) size 162x66
        RenderTableRow {TR} at (0,2) size 162x14
          RenderTableCell {TD} at (2,7) size 14x4 [border: (1px solid #000000)] [r=0 c=0 rs=1 cs=1]
          RenderTableCell {TD} at (18,7) size 14x4 [border: (1px solid #000000)] [r=0 c=1 rs=1 cs=1]
          RenderTableCell {TD} at (34,7) size 14x4 [border: (1px solid #000000)] [r=0 c=2 rs=1 cs=1]
          RenderTableCell {TD} at (50,7) size 14x4 [border: (1px solid #000000)] [r=0 c=3 rs=1 cs=1]
          RenderTableCell {TD} at (66,7) size 14x4 [border: (1px solid #000000)] [r=0 c=4 rs=1 cs=1]
          RenderTableCell {TD} at (82,7) size 14x4 [border: (1px solid #000000)] [r=0 c=5 rs=1 cs=1]
          RenderTableCell {TD} at (98,7) size 14x4 [border: (1px solid #000000)] [r=0 c=6 rs=1 cs=1]
          RenderTableCell {TD} at (114,7) size 14x4 [border: (1px solid #000000)] [r=0 c=7 rs=1 cs=1]
          RenderTableCell {TD} at (130,7) size 14x4 [border: (1px solid #000000)] [r=0 c=8 rs=1 cs=1]
          RenderTableCell {TD} at (146,7) size 14x4 [border: (1px solid #000000)] [r=0 c=9 rs=1 cs=1]
        RenderTableRow {TR} at (0,18) size 162x14
          RenderTableCell {TD} at (2,23) size 14x4 [border: (1px solid #000000)] [r=1 c=0 rs=1 cs=1]
          RenderTableCell {TD} at (18,23) size 14x4 [border: (1px solid #000000)] [r=1 c=1 rs=1 cs=1]
          RenderTableCell {TD} at (34,23) size 14x4 [border: (1px solid #000000)] [r=1 c=2 rs=1 cs=1]
          RenderTableCell {TD} at (50,23) size 14x4 [border: (1px solid #000000)] [r=1 c=3 rs=1 cs=1]
          RenderTableCell {TD} at (66,23) size 14x4 [border: (1px solid #000000)] [r=1 c=4 rs=1 cs=1]
          RenderTableCell {TD} at (82,23) size 14x4 [border: (1px solid #000000)] [r=1 c=5 rs=1 cs=1]
          RenderTableCell {TD} at (98,23) size 14x4 [border: (1px solid #000000)] [r=1 c=6 rs=1 cs=1]
          RenderTableCell {TD} at (114,23) size 14x4 [border: (1px solid #000000)] [r=1 c=7 rs=1 cs=1]
          RenderTableCell {TD} at (130,23) size 14x4 [border: (1px solid #000000)] [r=1 c=8 rs=1 cs=1]
          RenderTableCell {TD} at (146,23) size 14x4 [border: (1px solid #000000)] [r=1 c=9 rs=1 cs=1]
        RenderTableRow {TR} at (0,34) size 162x14
          RenderTableCell {TD} at (2,39) size 14x4 [border: (1px solid #000000)] [r=2 c=0 rs=1 cs=1]
          RenderTableCell {TD} at (18,39) size 14x4 [border: (1px solid #000000)] [r=2 c=1 rs=1 cs=1]
          RenderTableCell {TD} at (34,39) size 14x4 [border: (1px solid #000000)] [r=2 c=2 rs=1 cs=1]
          RenderTableCell {TD} at (50,39) size 14x4 [border: (1px solid #000000)] [r=2 c=3 rs=1 cs=1]
          RenderTableCell {TD} at (66,39) size 14x4 [border: (1px solid #000000)] [r=2 c=4 rs=1 cs=1]
          RenderTableCell {TD} at (82,39) size 14x4 [border: (1px solid #000000)] [r=2 c=5 rs=1 cs=1]
          RenderTableCell {TD} at (98,39) size 14x4 [border: (1px solid #000000)] [r=2 c=6 rs=1 cs=1]
          RenderTableCell {TD} at (114,39) size 14x4 [border: (1px solid #000000)] [r=2 c=7 rs=1 cs=1]
          RenderTableCell {TD} at (130,39) size 14x4 [border: (1px solid #000000)] [r=2 c=8 rs=1 cs=1]
          RenderTableCell {TD} at (146,39) size 14x4 [border: (1px solid #000000)] [r=2 c=9 rs=1 cs=1]
        RenderTableRow {TR} at (0,50) size 162x14
          RenderTableCell {TD} at (2,55) size 14x4 [border: (1px solid #000000)] [r=3 c=0 rs=1 cs=1]
          RenderTableCell {TD} at (18,55) size 14x4 [border: (1px solid #000000)] [r=3 c=1 rs=1 cs=1]
          RenderTableCell {TD} at (34,55) size 14x4 [border: (1px solid #000000)] [r=3 c=2 rs=1 cs=1]
          RenderTableCell {TD} at (50,55) size 14x4 [border: (1px solid #000000)] [r=3 c=3 rs=1 cs=1]
          RenderTableCell {TD} at (66,55) size 14x4 [border: (1px solid #000000)] [r=3 c=4 rs=1 cs=1]
          RenderTableCell {TD} at (82,55) size 14x4 [border: (1px solid #000000)] [r=3 c=5 rs=1 cs=1]
          RenderTableCell {TD} at (98,55) size 14x4 [border: (1px solid #000000)] [r=3 c=6 rs=1 cs=1]
          RenderTableCell {TD} at (114,55) size 14x4 [border: (1px solid #000000)] [r=3 c=7 rs=1 cs=1]
          RenderTableCell {TD} at (130,55) size 14x4 [border: (1px solid #000000)] [r=3 c=8 rs=1 cs=1]
          RenderTableCell {TD} at (146,55) size 14x4 [border: (1px solid #000000)] [r=3 c=9 rs=1 cs=1]
    RenderBlock {DIV} at (10,269) size 744x180
      RenderInline {SPAN} at (0,0) size 80x43
        RenderText {#text} at (6,0) size 74x19
          text run at (6,0) width 74: "I am a span"
        RenderBR {BR} at (79,0) size 1x19
        RenderText {#text} at (0,20) size 29x19
          text run at (0,20) width 29: "I am"
      RenderText {#text} at (34,20) size 5x19
        text run at (34,20) width 5: " "
      RenderInline {SPAN} at (0,0) size 76x43
        RenderText {#text} at (44,20) size 30x19
          text run at (44,20) width 30: "I am"
        RenderBR {BR} at (73,20) size 1x19
        RenderText {#text} at (0,40) size 74x19
          text run at (0,40) width 74: "a span I am"
      RenderText {#text} at (79,40) size 5x19
        text run at (79,40) width 5: " "
      RenderInline {SPAN} at (0,0) size 163x43
        RenderText {#text} at (89,40) size 74x19
          text run at (89,40) width 74: "I am a span"
        RenderBR {BR} at (162,40) size 1x19
        RenderText {#text} at (0,60) size 29x19
          text run at (0,60) width 29: "I am"
      RenderText {#text} at (34,60) size 5x19
        text run at (34,60) width 5: " "
      RenderInline {SPAN} at (0,0) size 76x43
        RenderText {#text} at (44,60) size 30x19
          text run at (44,60) width 30: "I am"
        RenderBR {BR} at (73,60) size 1x19
        RenderText {#text} at (0,80) size 74x19
          text run at (0,80) width 74: "a span I am"
      RenderText {#text} at (79,80) size 5x19
        text run at (79,80) width 5: " "
      RenderInline {SPAN} at (0,0) size 163x43
        RenderText {#text} at (89,80) size 74x19
          text run at (89,80) width 74: "I am a span"
        RenderBR {BR} at (162,80) size 1x19
        RenderText {#text} at (0,100) size 29x19
          text run at (0,100) width 29: "I am"
      RenderText {#text} at (34,100) size 5x19
        text run at (34,100) width 5: " "
      RenderInline {SPAN} at (0,0) size 76x43
        RenderText {#text} at (44,100) size 30x19
          text run at (44,100) width 30: "I am"
        RenderBR {BR} at (73,100) size 1x19
        RenderText {#text} at (0,120) size 74x19
          text run at (0,120) width 74: "a span I am"
      RenderText {#text} at (79,120) size 5x19
        text run at (79,120) width 5: " "
      RenderInline {SPAN} at (0,0) size 163x43
        RenderText {#text} at (89,120) size 74x19
          text run at (89,120) width 74: "I am a span"
        RenderBR {BR} at (162,120) size 1x19
        RenderText {#text} at (0,140) size 29x19
          text run at (0,140) width 29: "I am"
      RenderText {#text} at (34,140) size 5x19
        text run at (34,140) width 5: " "
      RenderInline {SPAN} at (0,0) size 76x43
        RenderText {#text} at (44,140) size 30x19
          text run at (44,140) width 30: "I am"
        RenderBR {BR} at (73,140) size 1x19
        RenderText {#text} at (0,160) size 74x19
          text run at (0,160) width 74: "a span I am"
      RenderText {#text} at (0,0) size 0x0
layer at (28,179) size 600x100
  RenderBlock {DIV} at (10,159) size 600x100
    RenderMultiColumnSet at (0,0) size 600x100
layer at (28,179) size 11x1200 backgroundClip at (0,0) size 800x600 clip at (0,0) size 800x600
  RenderMultiColumnFlowThread at (0,0) size 11x1200
    RenderText {#text} at (0,0) size 8x1199
      text run at (0,0) width 8: "_"
      text run at (0,20) width 8: "_"
      text run at (0,40) width 8: "_"
      text run at (0,60) width 8: "_"
      text run at (0,80) width 8: "_"
      text run at (0,100) width 8: "_"
      text run at (0,120) width 8: "_"
      text run at (0,140) width 8: "_"
      text run at (0,160) width 8: "_"
      text run at (0,180) width 8: "_"
      text run at (0,200) width 8: "_"
      text run at (0,220) width 8: "_"
      text run at (0,240) width 8: "_"
      text run at (0,260) width 8: "_"
      text run at (0,280) width 8: "_"
      text run at (0,300) width 8: "_"
      text run at (0,320) width 8: "_"
      text run at (0,340) width 8: "_"
      text run at (0,360) width 8: "_"
      text run at (0,380) width 8: "_"
      text run at (0,400) width 8: "_"
      text run at (0,420) width 8: "_"
      text run at (0,440) width 8: "_"
      text run at (0,460) width 8: "_"
      text run at (0,480) width 8: "_"
      text run at (0,500) width 8: "_"
      text run at (0,520) width 8: "_"
      text run at (0,540) width 8: "_"
      text run at (0,560) width 8: "_"
      text run at (0,580) width 8: "_"
      text run at (0,600) width 8: "_"
      text run at (0,620) width 8: "_"
      text run at (0,640) width 8: "_"
      text run at (0,660) width 8: "_"
      text run at (0,680) width 8: "_"
      text run at (0,700) width 8: "_"
      text run at (0,720) width 8: "_"
      text run at (0,740) width 8: "_"
      text run at (0,760) width 8: "_"
      text run at (0,780) width 8: "_"
      text run at (0,800) width 8: "_"
      text run at (0,820) width 8: "_"
      text run at (0,840) width 8: "_"
      text run at (0,860) width 8: "_"
      text run at (0,880) width 8: "_"
      text run at (0,900) width 8: "_"
      text run at (0,920) width 8: "_"
      text run at (0,940) width 8: "_"
      text run at (0,960) width 8: "_"
      text run at (0,980) width 8: "_"
      text run at (0,1000) width 8: "_"
      text run at (0,1020) width 8: "_"
      text run at (0,1040) width 8: "_"
      text run at (0,1060) width 8: "_"
      text run at (0,1080) width 8: "_"
      text run at (0,1100) width 8: "_"
      text run at (0,1120) width 8: "_"
      text run at (0,1140) width 8: "_"
      text run at (0,1160) width 8: "_"
      text run at (0,1180) width 8: "_"
