layer at (0,0) size 800x600
  RenderView at (0,0) size 800x600
layer at (0,0) size 800x600
  RenderBlock {HTML} at (0,0) size 800x600
    RenderBody {BODY} at (8,8) size 784x584
      RenderBlock {DIV} at (0,0) size 784x350
        RenderInline {SPAN} at (25,64) size 37x230 [border: (21px solid #000000) (30px solid #000000) (21px solid #000000)]
          RenderText {#text} at (46,85) size 7x29
            text run at (46,85) width 7: " "
          RenderBR {BR} at (52,85) size 1x29
          RenderText {#text} at (25,235) size 7x29
            text run at (25,235) width 7: " "
