layer at (0,0) size 800x600
  RenderView at (0,0) size 800x600
layer at (0,0) size 800x406
  RenderBlock {HTML} at (0,0) size 800x406
    RenderBody {BODY} at (8,8) size 784x390
      RenderBlock {DIV} at (20,20) size 150x150 [border: (50px solid #00000080)]
      RenderText {#text} at (190,175) size 4x19
        text run at (190,175) width 4: " "
      RenderBlock {DIV} at (214,20) size 150x150 [border: (50px solid #00000080) (50px double #00000080) (50px solid #00000080)]
      RenderText {#text} at (384,175) size 4x19
        text run at (384,175) width 4: " "
      RenderBlock {DIV} at (408,20) size 150x150 [border: (50px solid #00000080) none (50px solid #00000080)]
      RenderText {#text} at (578,175) size 4x19
        text run at (578,175) width 4: " "
      RenderBlock {DIV} at (602,20) size 150x150 [border: (50px solid #00000080) (50px solid #00000000) (50px solid #00000080)]
      RenderText {#text} at (0,0) size 0x0
      RenderBlock {DIV} at (20,215) size 150x150 [border: (50px solid #00000080) (50px solid #00000000) (50px solid #00000080)]
      RenderText {#text} at (190,370) size 4x19
        text run at (190,370) width 4: " "
      RenderBlock {DIV} at (214,215) size 150x150 [border: (50px solid #00000080) none (50px solid #00000000) (50px solid #00000080)]
      RenderText {#text} at (384,370) size 4x19
        text run at (384,370) width 4: " "
      RenderBlock {DIV} at (408,215) size 150x150 [border: (50px solid #00000080) none (50px solid #00000080)]
      RenderText {#text} at (578,370) size 4x19
        text run at (578,370) width 4: " "
      RenderBlock {DIV} at (602,215) size 150x150 [border: (50px solid #00000080) none (50px groove #00000080) (50px solid #00000080)]
      RenderText {#text} at (0,0) size 0x0
