layer at (0,0) size 800x600
  RenderView at (0,0) size 800x600
layer at (0,0) size 800x364
  RenderBlock {HTML} at (0,0) size 800x364
    RenderBody {BODY} at (8,8) size 784x348
      RenderBlock {DIV} at (0,0) size 784x348 [border: (1px solid #000000)]
        RenderBlock {P} at (6,22) size 772x96
          RenderText {#text} at (317,6) size 455x19
            text run at (317,6) width 79 RTL: "\x{5D1}\x{5D7}\x{5D5}\x{5E5} \x{5D4}\x{5D9}\x{5D4} \x{5E7}\x{5D5}\x{5E8} "
            text run at (395,6) width 184 RTL: "\x{5DE}\x{5D4}\x{5DC}\x{5DA} \x{5D4}\x{5D9}\x{5D9}\x{5EA}\x{5D9} \x{5D1}\x{5E9}\x{5E2}\x{5EA} \x{5E2}\x{5E8}\x{5D1}\x{5D9}\x{5EA} \x{5D1}\x{5E8}\x{5D7}\x{5D5}\x{5D1}. "
            text run at (578,6) width 194 RTL: "\x{5DC}\x{5DE}\x{5D4} \x{5E2}\x{5E9}\x{5D9}\x{5EA}\x{5D9} \x{5D6}\x{5D0}\x{5EA} \x{2013} \x{5D0}\x{5D9}\x{5E0}\x{5D9} \x{5D9}\x{5D5}\x{5D3}\x{5E2} \x{5D1}\x{5E2}\x{5E6}\x{5DE}\x{5D9}. "
          RenderInline {SPAN} at (6,5) size 766x53 [border: (1px solid #0000FF) (10px solid #FFA500) (1px solid #0000FF) (10px solid #008000)]
            RenderText {#text} at (6,6) size 766x51
              text run at (6,6) width 267 RTL: "\x{5D5}\x{5D8}\x{5D7}\x{5D1}, \x{5D2}\x{5E9}\x{5DD} \x{5E9}\x{5DC} \x{5D1}\x{5E6}\x{5D9}\x{5E8} \x{5D3}\x{5E7}, \x{5E7}\x{5E8}, \x{5E2}\x{5D2}\x{5D5}\x{5DD} \x{5D5}\x{5DE}\x{5DE}\x{5D5}\x{5E9}\x{5DA} \x{5D4}\x{5E1}\x{5EA}\x{5E0}\x{5DF}"
              text run at (70,38) width 235 RTL: "\x{5DC}\x{5E9}\x{5D4}\x{5D5}\x{5EA} \x{5D9}\x{5D5}\x{5EA}\x{5E8} \x{5D1}\x{5D7}\x{5D5}\x{5E5} \x{5DC}\x{5D0} \x{5D4}\x{5D9}\x{5D4} \x{5E0}\x{5E2}\x{5D9}\x{5DD} \x{5DB}\x{5DC}\x{5DC}, \x{5D5}\x{5D1}\x{5D1}\x{5D9}\x{5EA} "
              text run at (304,38) width 468 RTL: "\x{5D1}\x{5DC}\x{5D9} \x{5D4}\x{5E4}\x{5E1}\x{5E7} \x{5DE}\x{5DC}\x{5DE}\x{5E2}\x{5DC}\x{5D4}, \x{5DB}\x{5DE}\x{5D5} \x{5DE}\x{5EA}\x{5D5}\x{5DA} \x{5E0}\x{5E4}\x{5D4} \x{5D3}\x{5E7}\x{5D4}, \x{5D5}\x{5DE}\x{5DC}\x{5DE}\x{5D8}\x{5D4} \x{5D4}\x{5EA}\x{5D1}\x{5D5}\x{5E1}\x{5E1} \x{5E8}\x{5E4}\x{5E9} \x{5D3}\x{5E7} \x{5DC}\x{5DB}\x{5DC} \x{5DE}\x{5D3}\x{5E8}\x{5DA} \x{5DB}\x{5E3} \x{5E8}\x{5D2}\x{5DC}... "
          RenderText {#text} at (8,38) size 764x51
            text run at (8,38) width 18 RTL: "\x{5D4}\x{5D9}\x{5D5}"
            text run at (359,70) width 413 RTL: "\x{5E6}\x{5E4}\x{5D5}\x{5D9}\x{5D9}\x{5DD} \x{5DC}\x{5D9} \x{5D0}\x{5E8}\x{5D1}\x{5E2}\x{5EA} \x{5DB}\x{5EA}\x{5DC}\x{5D9} \x{5D7}\x{5D3}\x{5E8}\x{5D9} \x{5D4}\x{5E7}\x{5D5}\x{5D3}\x{5E8}\x{5D9}\x{5DD} \x{5D5}\x{5D4}\x{5D0}\x{5DC}\x{5DE}\x{5D9}\x{5DD} \x{5D9}\x{5D7}\x{5D3} \x{5E2}\x{5DD} \x{5D1}\x{5D3}\x{5D9}\x{5D3}\x{5D5}\x{5EA} \x{5DB}\x{5D1}\x{5D3}\x{5D4} \x{5D5}\x{5DE}\x{5E2}\x{5D9}\x{5E7}\x{5D4}"
        RenderBlock {P} at (6,134) size 772x192
          RenderText {#text} at (21,6) size 751x51
            text run at (21,6) width 604: "Lorem ipsum dolor sit amet, consectetur adipisicing elit, sed do eiusmod tempor incididunt ut "
            text run at (624,6) width 148: "labore et dolore magna"
            text run at (45,38) width 442: "aliqua. Ut enim ad minim veniam, quis nostrud exercitation ullamco "
          RenderInline {SPAN} at (-2,37) size 775x85 [border: (1px solid #0000FF) (10px solid #FFA500) (1px solid #0000FF) (10px solid #008000)]
            RenderText {#text} at (6,38) size 766x83
              text run at (486,38) width 241: "laboris nisi ut aliquip ex ea commodo"
              text run at (6,70) width 332: "consequat. Duis aute irure dolor in reprehenderit in "
              text run at (337,70) width 435: "voluptate velit esse cillum dolore eu fugiat nulla pariatur. Excepteur"
              text run at (18,102) width 150: "sint occaecat cupidatat "
              text run at (167,102) width 605: "non proident, sunt in culpa qui officia deserunt mollit anim id est laborum. Lorem ipsum dolor"
          RenderText {#text} at (26,134) size 746x51
            text run at (26,134) width 582: "sit amet, consectetur adipisicing elit, sed do eiusmod tempor incididunt ut labore et dolore "
            text run at (607,134) width 165: "magna aliqua. Ut enim ad"
            text run at (313,166) width 5 RTL: "."
            text run at (317,166) width 455: "minim veniam, quis nostrud exercitation ullamco laboris nisi ut aliquip"
