layer at (0,0) size 800x600
  RenderView at (0,0) size 800x600
layer at (0,0) size 800x600
  RenderBlock {HTML} at (0,0) size 800x600
    RenderBody {BODY} at (8,8) size 784x584
      RenderText {#text} at (0,0) size 529x18
        text run at (0,0) width 529: "This tests that we don't honor line-height for controls that have restricted font size."
      RenderBR {BR} at (528,0) size 1x18
      RenderMenuList {SELECT} at (0,18) size 302x18 [bgcolor=#FFFFFF]
        RenderBlock (anonymous) at (0,0) size 302x18
          RenderText at (8,2) size 271x13
            text run at (8,2) width 271: "This text should be centered vertically in the button"
      RenderBR {BR} at (302,17) size 0x18
      RenderButton {INPUT} at (0,36) size 287x31 [color=#000000D8] [bgcolor=#C0C0C0] [border: none (2px outset #C0C0C0) none (2px outset #C0C0C0)]
        RenderBlock (anonymous) at (8,2) size 271x26
          RenderText at (0,6) size 271x13
            text run at (0,6) width 271: "This text should be centered vertically in the button"
      RenderBR {BR} at (286,41) size 1x18
      RenderTextControl {INPUT} at (0,67) size 147x19 [bgcolor=#FFFFFF] [border: (2px inset #000000)]
        RenderFlexibleBox {DIV} at (3,0) size 141x19
          RenderBlock {DIV} at (0,0) size 8x19
          RenderBlock {DIV} at (8,3) size 114x13
          RenderBlock {DIV} at (121,0) size 20x19
      RenderText {#text} at (0,0) size 0x0
layer at (19,78) size 114x13 scrollWidth 272
  RenderBlock {DIV} at (0,0) size 114x13
    RenderText {#text} at (0,0) size 271x13
      text run at (0,0) width 271: "This text should be centered vertically in the button"
