layer at (0,0) size 800x600
  RenderView at (0,0) size 800x600
layer at (0,0) size 800x297
  RenderBlock {HTML} at (0,0) size 800x297
    RenderBody {BODY} at (8,16) size 784x40
      RenderBlock {P} at (0,0) size 784x40 [color=#000080]
        RenderText {#text} at (0,0) size 764x39
          text run at (0,0) width 395: "The blue boxes below should be in numeric order and form a "
          text run at (394,0) width 370: "backwards \"D\". (Boxes labelled \"A\" should be in the first"
          text run at (0,20) width 57: "column; "
          text run at (56,20) width 409: "boxes labelled \"B\" should be in the second; arrows indicate the "
          text run at (464,20) width 123: "correct alignment.)"
      RenderBlock {DIV} at (16,56) size 320x0
        RenderBlock (floating) {P} at (190,4) size 126x37 [color=#FFFFFF] [bgcolor=#000080] [border: (3px solid #0000FF)]
          RenderText {#text} at (76,9) size 43x19
            text run at (76,9) width 43: "B 2 \x{21E8}"
        RenderBlock (floating) {P} at (56,4) size 126x37 [color=#FFFFFF] [bgcolor=#000080] [border: (3px solid #0000FF)]
          RenderText {#text} at (76,9) size 43x19
            text run at (76,9) width 43: "A 1 \x{21E8}"
        RenderBlock (floating) {P} at (190,49) size 126x37 [color=#FFFFFF] [bgcolor=#000080] [border: (3px solid #0000FF)]
          RenderText {#text} at (76,9) size 43x19
            text run at (76,9) width 43: "B 4 \x{21E8}"
        RenderBlock (floating) {P} at (4,49) size 126x37 [color=#FFFFFF] [bgcolor=#000080] [border: (3px solid #0000FF)]
          RenderText {#text} at (7,9) size 43x19
            text run at (7,9) width 43: "\x{21E6} A 3"
        RenderBlock (floating) {P} at (190,94) size 126x37 [color=#FFFFFF] [bgcolor=#000080] [border: (3px solid #0000FF)]
          RenderText {#text} at (76,9) size 43x19
            text run at (76,9) width 43: "B 6 \x{21E8}"
        RenderBlock (floating) {P} at (4,94) size 126x37 [color=#FFFFFF] [bgcolor=#000080] [border: (3px solid #0000FF)]
          RenderText {#text} at (7,9) size 43x19
            text run at (7,9) width 43: "\x{21E6} A 5"
        RenderBlock (floating) {P} at (4,139) size 126x37 [color=#FFFFFF] [bgcolor=#000080] [border: (3px solid #0000FF)]
          RenderText {#text} at (7,9) size 43x19
            text run at (7,9) width 43: "\x{21E6} A 7"
        RenderBlock (floating) {P} at (190,139) size 126x37 [color=#FFFFFF] [bgcolor=#000080] [border: (3px solid #0000FF)]
          RenderText {#text} at (76,9) size 43x19
            text run at (76,9) width 43: "B 8 \x{21E8}"
        RenderBlock (floating) {P} at (190,184) size 126x37 [color=#FFFFFF] [bgcolor=#000080] [border: (3px solid #0000FF)]
          RenderText {#text} at (68,9) size 51x19
            text run at (68,9) width 51: "B 10 \x{21E8}"
        RenderBlock (floating) {P} at (56,184) size 126x37 [color=#FFFFFF] [bgcolor=#000080] [border: (3px solid #0000FF)]
          RenderText {#text} at (76,9) size 43x19
            text run at (76,9) width 43: "A 9 \x{21E8}"
