layer at (0,0) size 800x600
  RenderView at (0,0) size 800x600
layer at (0,0) size 800x323
  RenderBlock {HTML} at (0,0) size 800x323
    RenderBody {BODY} at (8,8) size 784x307
      RenderBlock (floating) {DIV} at (0,0) size 196x296 [color=#FFFFFF] [bgcolor=#000080]
        RenderBlock {P} at (0,0) size 196x296
          RenderText {#text} at (0,8) size 186x286
            text run at (0,8) width 146: "\x{21E6} This"
            text run at (0,69) width 167: "blue box"
            text run at (0,126) width 186: "should be"
            text run at (0,183) width 119: "on the"
            text run at (0,240) width 76: "left."
      RenderBlock (floating) {DIV} at (588,0) size 196x296 [color=#FFFFFF] [bgcolor=#008080]
        RenderBlock {P} at (0,0) size 196x296
          RenderText {#text} at (0,1) size 186x289
            text run at (0,1) width 167: "This teal"
            text run at (0,58) width 72: "box"
            text run at (0,115) width 186: "should be"
            text run at (0,172) width 119: "on the"
            text run at (0,236) width 163: "right. \x{21E8}"
      RenderBlock {P} at (0,0) size 784x307
        RenderText {#text} at (196,1) size 367x300
          text run at (196,1) width 367: "This text should be"
          text run at (196,58) width 338: "in between a blue"
          text run at (196,122) width 327: "box on the \x{21E6}left"
          text run at (196,183) width 328: "and a teal box on"
          text run at (196,247) width 222: "the right\x{21E8}."
