layer at (0,0) size 800x600
  RenderView at (0,0) size 800x600
layer at (0,0) size 800x483
  RenderBlock {HTML} at (0,0) size 800x483
    RenderBody {BODY} at (8,16) size 784x451
      RenderBlock {P} at (0,0) size 784x43 [color=#000080]
        RenderText {#text} at (0,0) size 782x41
          text run at (0,0) width 404: "Below this paragraph there should be a big teal square half the "
          text run at (403,0) width 379: "width of the window, aligned flush with the right hand side"
          text run at (0,22) width 31: "(\x{21E8})."
      RenderBlock {P} at (0,59) size 784x392 [color=#000080]
        RenderImage {IMG} at (392,0) size 392x392
