layer at (0,0) size 1333x585
  RenderView at (0,0) size 800x585
layer at (0,0) size 800x585
  RenderBlock {HTML} at (0,0) size 800x585
    RenderBody {BODY} at (8,8) size 784x569
      RenderTable {TABLE} at (0,0) size 1326x123
        RenderTableSection {TBODY} at (0,0) size 1326x123
          RenderTableRow {TR} at (0,2) size 1326x20
            RenderTableCell {TH} at (2,11) size 86x2 [r=0 c=0 rs=1 cs=1]
            RenderTableCell {TH} at (89,11) size 308x2 [r=0 c=1 rs=1 cs=1]
            RenderTableCell {TH} at (398,2) size 308x20 [r=0 c=2 rs=1 cs=1]
              RenderText {#text} at (107,1) size 93x17
                text run at (107,1) width 93: "text-align:left"
            RenderTableCell {TH} at (707,2) size 308x20 [r=0 c=3 rs=1 cs=1]
              RenderText {#text} at (97,1) size 113x17
                text run at (97,1) width 113: "text-align:center"
            RenderTableCell {TH} at (1016,2) size 308x20 [r=0 c=4 rs=1 cs=1]
              RenderText {#text} at (101,1) size 105x17
                text run at (101,1) width 105: "text-align:right"
          RenderTableRow {TR} at (0,24) size 1326x31
            RenderTableCell {TH} at (2,38) size 86x3 [r=1 c=0 rs=1 cs=1]
            RenderTableCell {TD} at (89,24) size 308x31 [border: (1px solid #000000)] [r=1 c=1 rs=1 cs=1]
              RenderFileUploadControl {INPUT} at (2,2) size 303x27 "no file selected"
                RenderButton {INPUT} at (0,0) size 102x27 [color=#000000CC] [bgcolor=#C0C0C0] [border: (2px outset #C0C0C0)]
                  RenderBlock (anonymous) at (8,4) size 86x18
                    RenderText at (0,0) size 86x17
                      text run at (0,0) width 86: "Choose File"
            RenderTableCell {TD} at (398,24) size 308x31 [border: (1px solid #000000)] [r=1 c=2 rs=1 cs=1]
              RenderFileUploadControl {INPUT} at (2,2) size 303x27 "no file selected"
                RenderButton {INPUT} at (0,0) size 102x27 [color=#000000CC] [bgcolor=#C0C0C0] [border: (2px outset #C0C0C0)]
                  RenderBlock (anonymous) at (8,4) size 86x18
                    RenderText at (0,0) size 86x17
                      text run at (0,0) width 86: "Choose File"
            RenderTableCell {TD} at (707,24) size 308x31 [border: (1px solid #000000)] [r=1 c=3 rs=1 cs=1]
              RenderFileUploadControl {INPUT} at (2,2) size 303x27 "no file selected"
                RenderButton {INPUT} at (0,0) size 102x27 [color=#000000CC] [bgcolor=#C0C0C0] [border: (2px outset #C0C0C0)]
                  RenderBlock (anonymous) at (8,4) size 86x18
                    RenderText at (0,0) size 86x17
                      text run at (0,0) width 86: "Choose File"
            RenderTableCell {TD} at (1016,24) size 308x31 [border: (1px solid #000000)] [r=1 c=4 rs=1 cs=1]
              RenderFileUploadControl {INPUT} at (2,2) size 303x27 "no file selected"
                RenderButton {INPUT} at (0,0) size 102x27 [color=#000000CC] [bgcolor=#C0C0C0] [border: (2px outset #C0C0C0)]
                  RenderBlock (anonymous) at (8,4) size 86x18
                    RenderText at (0,0) size 86x17
                      text run at (0,0) width 86: "Choose File"
          RenderTableRow {TR} at (0,57) size 1326x31
            RenderTableCell {TH} at (2,62) size 86x21 [r=2 c=0 rs=1 cs=1]
              RenderText {#text} at (1,0) size 84x19
                text run at (1,1) width 84: "direction:ltr"
            RenderTableCell {TD} at (89,57) size 308x31 [border: (1px solid #000000)] [r=2 c=1 rs=1 cs=1]
              RenderFileUploadControl {INPUT} at (2,2) size 303x27 "no file selected"
                RenderButton {INPUT} at (0,0) size 102x27 [color=#000000CC] [bgcolor=#C0C0C0] [border: (2px outset #C0C0C0)]
                  RenderBlock (anonymous) at (8,4) size 86x18
                    RenderText at (0,0) size 86x17
                      text run at (0,0) width 86: "Choose File"
            RenderTableCell {TD} at (398,57) size 308x31 [border: (1px solid #000000)] [r=2 c=2 rs=1 cs=1]
              RenderFileUploadControl {INPUT} at (2,2) size 303x27 "no file selected"
                RenderButton {INPUT} at (0,0) size 102x27 [color=#000000CC] [bgcolor=#C0C0C0] [border: (2px outset #C0C0C0)]
                  RenderBlock (anonymous) at (8,4) size 86x18
                    RenderText at (0,0) size 86x17
                      text run at (0,0) width 86: "Choose File"
            RenderTableCell {TD} at (707,57) size 308x31 [border: (1px solid #000000)] [r=2 c=3 rs=1 cs=1]
              RenderFileUploadControl {INPUT} at (2,2) size 303x27 "no file selected"
                RenderButton {INPUT} at (0,0) size 102x27 [color=#000000CC] [bgcolor=#C0C0C0] [border: (2px outset #C0C0C0)]
                  RenderBlock (anonymous) at (8,4) size 86x18
                    RenderText at (0,0) size 86x17
                      text run at (0,0) width 86: "Choose File"
            RenderTableCell {TD} at (1016,57) size 308x31 [border: (1px solid #000000)] [r=2 c=4 rs=1 cs=1]
              RenderFileUploadControl {INPUT} at (2,2) size 303x27 "no file selected"
                RenderButton {INPUT} at (0,0) size 102x27 [color=#000000CC] [bgcolor=#C0C0C0] [border: (2px outset #C0C0C0)]
                  RenderBlock (anonymous) at (8,4) size 86x18
                    RenderText at (0,0) size 86x17
                      text run at (0,0) width 86: "Choose File"
          RenderTableRow {TR} at (0,90) size 1326x31
            RenderTableCell {TH} at (2,95) size 86x21 [r=3 c=0 rs=1 cs=1]
              RenderText {#text} at (1,0) size 84x19
                text run at (1,1) width 84: "direction:rtl"
            RenderTableCell {TD} at (89,90) size 308x31 [border: (1px solid #000000)] [r=3 c=1 rs=1 cs=1]
              RenderFileUploadControl {INPUT} at (2,2) size 303x27 "no file selected"
                RenderButton {INPUT} at (201,0) size 102x27 [color=#000000CC] [bgcolor=#C0C0C0] [border: (2px outset #C0C0C0)]
                  RenderBlock (anonymous) at (8,4) size 86x18
                    RenderText at (0,0) size 86x17
                      text run at (0,0) width 86: "Choose File"
            RenderTableCell {TD} at (398,90) size 308x31 [border: (1px solid #000000)] [r=3 c=2 rs=1 cs=1]
              RenderFileUploadControl {INPUT} at (2,2) size 303x27 "no file selected"
                RenderButton {INPUT} at (201,0) size 102x27 [color=#000000CC] [bgcolor=#C0C0C0] [border: (2px outset #C0C0C0)]
                  RenderBlock (anonymous) at (8,4) size 86x18
                    RenderText at (0,0) size 86x17
                      text run at (0,0) width 86: "Choose File"
            RenderTableCell {TD} at (707,90) size 308x31 [border: (1px solid #000000)] [r=3 c=3 rs=1 cs=1]
              RenderFileUploadControl {INPUT} at (2,2) size 303x27 "no file selected"
                RenderButton {INPUT} at (201,0) size 102x27 [color=#000000CC] [bgcolor=#C0C0C0] [border: (2px outset #C0C0C0)]
                  RenderBlock (anonymous) at (8,4) size 86x18
                    RenderText at (0,0) size 86x17
                      text run at (0,0) width 86: "Choose File"
            RenderTableCell {TD} at (1016,90) size 308x31 [border: (1px solid #000000)] [r=3 c=4 rs=1 cs=1]
              RenderFileUploadControl {INPUT} at (2,2) size 303x27 "no file selected"
                RenderButton {INPUT} at (201,0) size 102x27 [color=#000000CC] [bgcolor=#C0C0C0] [border: (2px outset #C0C0C0)]
                  RenderBlock (anonymous) at (8,4) size 86x18
                    RenderText at (0,0) size 86x17
                      text run at (0,0) width 86: "Choose File"
