layer at (0,0) size 800x600
  RenderView at (0,0) size 800x600
layer at (0,0) size 800x518
  RenderBlock {HTML} at (0,0) size 800x518 [bgcolor=#FFFFFF]
layer at (173,32) size 454x454
  RenderBody {BODY} at (173,32) size 454x454 [color=#FFFFFF] [bgcolor=#DD6600]
    RenderBlock {DIV} at (0,0) size 454x0
      RenderBlock {DIV} at (0,0) size 454x0
        RenderBlock {DIV} at (0,0) size 454x0
    RenderBlock {DIV} at (0,0) size 454x0
      RenderInline {SPAN} at (0,0) size 0x0
    RenderBlock {DIV} at (0,0) size 454x0
      RenderInline {SPAN} at (0,0) size 0x0
    RenderBlock {DIV} at (0,0) size 454x0
      RenderInline {SPAN} at (0,0) size 0x0
    RenderBlock {DIV} at (0,0) size 454x0
      RenderInline {SPAN} at (0,0) size 0x0
    RenderBlock {DIV} at (0,0) size 454x0
      RenderInline {SPAN} at (0,0) size 0x0
    RenderBlock {DIV} at (0,0) size 454x0
      RenderInline {SPAN} at (0,0) size 0x0
layer at (173,47) size 454x191
  RenderBlock (positioned) {H1} at (0,15) size 454x191 [color=#DD9955]
    RenderInline {SPAN} at (55,-1) size 343x193
      RenderText {#text} at (55,-1) size 343x193
        text run at (62,0) width 165: "CSS"
        text run at (198,0) width 193: " ZEN"
        text run at (55,94) width 343: "GARDEN"
layer at (173,119) size 454x21
  RenderBlock (positioned) {H2} at (0,87) size 454x22 [color=#EEFF00]
    RenderInline {SPAN} at (152,0) size 149x20
      RenderText {#text} at (152,0) size 88x20
        text run at (152,0) width 88: "The Beauty of "
      RenderInline {ACRONYM} at (239,0) size 22x20
        RenderText {#text} at (239,0) size 22x20
          text run at (239,0) width 22: "CSS"
      RenderText {#text} at (260,0) size 41x20
        text run at (260,0) width 41: " Design"
layer at (173,351) size 454x135
  RenderBlock (positioned) {DIV} at (0,318) size 454x136
    RenderInline {P} at (11,-1) size 431x30
      RenderInline {SPAN} at (11,-1) size 431x30
        RenderText {#text} at (11,-1) size 431x30
          text run at (11,0) width 431: "Littering a dark and dreary road lay the past relics of browser-"
          text run at (11,13) width 199: "specific tags, incompatible "
        RenderInline {ACRONYM} at (209,13) size 31x16
          RenderText {#text} at (209,13) size 31x16
            text run at (209,13) width 31: "DOM"
        RenderText {#text} at (239,13) size 113x16
          text run at (239,13) width 113: "s, and broken "
        RenderInline {ACRONYM} at (351,13) size 26x16
          RenderText {#text} at (351,13) size 26x16
            text run at (351,13) width 26: "CSS"
        RenderText {#text} at (376,13) size 66x16
          text run at (376,13) width 66: " support."
    RenderText {#text} at (0,0) size 0x0
    RenderInline {P} at (11,28) size 431x43
      RenderInline {SPAN} at (11,28) size 431x43
        RenderText {#text} at (11,28) size 431x43
          text run at (11,28) width 431: "Today, we must clear the mind of past practices. Web"
          text run at (11,42) width 431: "enlightenment has been achieved thanks to the tireless efforts"
          text run at (11,56) width 104: "of folk like the "
        RenderInline {ACRONYM} at (114,56) size 31x15
          RenderText {#text} at (114,56) size 31x15
            text run at (114,56) width 31: "W3C"
        RenderText {#text} at (144,56) size 10x15
          text run at (144,56) width 10: ", "
        RenderInline {ACRONYM} at (153,56) size 39x15
          RenderText {#text} at (153,56) size 39x15
            text run at (153,56) width 39: "WaSP"
        RenderText {#text} at (191,56) size 222x15
          text run at (191,56) width 222: " and the major browser creators."
    RenderText {#text} at (412,56) size 6x15
      text run at (412,56) width 6: " "
    RenderInline {P} at (11,56) size 431x71
      RenderInline {SPAN} at (11,56) size 431x71
        RenderText {#text} at (11,56) size 431x71
          text run at (417,56) width 25: "The"
          text run at (11,70) width 431: "css Zen Garden invites you to relax and meditate on the"
          text run at (11,84) width 431: "important lessons of the masters. Begin to see with clarity."
          text run at (11,98) width 431: "Learn to use the (yet to be) time-honored techniques in new and"
          text run at (11,112) width 316: "invigorating fashion. Become one with the web."
    RenderText {#text} at (0,0) size 0x0
layer at (321,234) size 306x82
  RenderBlock (positioned) {H3} at (148,-117) size 306x82 [color=#CCCC77] [bgcolor=#888811] [border: (3px solid #888811) none (3px solid #888811)]
    RenderInline {SPAN} at (3,-2) size 276x85
      RenderText {#text} at (3,-2) size 276x85
        text run at (45,-1) width 231: "The Road to"
        text run at (3,36) width 276: "Enlightenment"
