layer at (0,0) size 800x5752
  RenderView at (0,0) size 800x600
layer at (0,0) size 800x5752
  RenderBlock {HTML} at (0,0) size 800x5752
    RenderBody {BODY} at (8,8) size 784x5728
      RenderBlock (anonymous) at (0,0) size 784x20
        RenderText {#text} at (0,0) size 352x19
          text run at (0,0) width 352: "This tests font choices and metrics for the cursive font."
      RenderBlock {P} at (0,36) size 784x1900
        RenderInline {FONT} at (0,0) size 61x1899
          RenderText {#text} at (0,0) size 47x19
            text run at (0,0) width 47: "cursive"
          RenderBR {BR} at (46,0) size 1x19
          RenderText {#text} at (0,20) size 16x19
            text run at (0,20) width 16: "    "
          RenderBR {BR} at (16,20) size 0x19
          RenderText {#text} at (0,40) size 22x19
            text run at (0,40) width 22: "!!!!"
          RenderBR {BR} at (21,40) size 1x19
          RenderText {#text} at (0,60) size 27x19
            text run at (0,60) width 27: "\"\"\"\""
          RenderBR {BR} at (26,60) size 1x19
          RenderText {#text} at (0,80) size 32x19
            text run at (0,80) width 32: "####"
          RenderBR {BR} at (32,80) size 0x19
          RenderText {#text} at (0,100) size 32x19
            text run at (0,100) width 32: "$$$$"
          RenderBR {BR} at (32,100) size 0x19
          RenderText {#text} at (0,120) size 54x19
            text run at (0,120) width 54: "%%%%"
          RenderBR {BR} at (53,120) size 1x19
          RenderText {#text} at (0,140) size 50x19
            text run at (0,140) width 50: "&&&&"
          RenderBR {BR} at (49,140) size 1x19
          RenderText {#text} at (0,160) size 12x19
            text run at (0,160) width 12: "''''"
          RenderBR {BR} at (11,160) size 1x19
          RenderText {#text} at (0,180) size 22x19
            text run at (0,180) width 22: "(((("
          RenderBR {BR} at (21,180) size 1x19
          RenderText {#text} at (0,200) size 22x19
            text run at (0,200) width 22: "))))"
          RenderBR {BR} at (21,200) size 1x19
          RenderText {#text} at (0,220) size 32x19
            text run at (0,220) width 32: "****"
          RenderBR {BR} at (32,220) size 0x19
          RenderText {#text} at (0,240) size 37x19
            text run at (0,240) width 37: "++++"
          RenderBR {BR} at (36,240) size 1x19
          RenderText {#text} at (0,260) size 16x19
            text run at (0,260) width 16: ",,,,"
          RenderBR {BR} at (16,260) size 0x19
          RenderText {#text} at (0,280) size 22x19
            text run at (0,280) width 22: "----"
          RenderBR {BR} at (21,280) size 1x19
          RenderText {#text} at (0,300) size 16x19
            text run at (0,300) width 16: "...."
          RenderBR {BR} at (16,300) size 0x19
          RenderText {#text} at (0,320) size 18x19
            text run at (0,320) width 18: "////"
          RenderBR {BR} at (17,320) size 1x19
          RenderText {#text} at (0,340) size 32x19
            text run at (0,340) width 32: "0000"
          RenderBR {BR} at (32,340) size 0x19
          RenderText {#text} at (0,360) size 31x19
            text run at (0,360) width 31: "1111"
          RenderBR {BR} at (30,360) size 1x19
          RenderText {#text} at (0,380) size 32x19
            text run at (0,380) width 32: "2222"
          RenderBR {BR} at (32,380) size 0x19
          RenderText {#text} at (0,400) size 32x19
            text run at (0,400) width 32: "3333"
          RenderBR {BR} at (32,400) size 0x19
          RenderText {#text} at (0,420) size 32x19
            text run at (0,420) width 32: "4444"
          RenderBR {BR} at (32,420) size 0x19
          RenderText {#text} at (0,440) size 32x19
            text run at (0,440) width 32: "5555"
          RenderBR {BR} at (32,440) size 0x19
          RenderText {#text} at (0,460) size 32x19
            text run at (0,460) width 32: "6666"
          RenderBR {BR} at (32,460) size 0x19
          RenderText {#text} at (0,480) size 32x19
            text run at (0,480) width 32: "7777"
          RenderBR {BR} at (32,480) size 0x19
          RenderText {#text} at (0,500) size 32x19
            text run at (0,500) width 32: "8888"
          RenderBR {BR} at (32,500) size 0x19
          RenderText {#text} at (0,520) size 32x19
            text run at (0,520) width 32: "9999"
          RenderBR {BR} at (32,520) size 0x19
          RenderText {#text} at (0,540) size 18x19
            text run at (0,540) width 18: "::::"
          RenderBR {BR} at (17,540) size 1x19
          RenderText {#text} at (0,560) size 18x19
            text run at (0,560) width 18: ";;;;"
          RenderBR {BR} at (17,560) size 1x19
          RenderText {#text} at (0,580) size 37x19
            text run at (0,580) width 37: "<<<<"
          RenderBR {BR} at (36,580) size 1x19
          RenderText {#text} at (0,600) size 37x19
            text run at (0,600) width 37: "===="
          RenderBR {BR} at (36,600) size 1x19
          RenderText {#text} at (0,620) size 37x19
            text run at (0,620) width 37: ">>>>"
          RenderBR {BR} at (36,620) size 1x19
          RenderText {#text} at (0,640) size 29x19
            text run at (0,640) width 29: "????"
          RenderBR {BR} at (28,640) size 1x19
          RenderText {#text} at (0,660) size 59x19
            text run at (0,660) width 59: "@@@@"
          RenderBR {BR} at (58,660) size 1x19
          RenderText {#text} at (0,680) size 47x19
            text run at (0,680) width 47: "AAAA"
          RenderBR {BR} at (46,680) size 1x19
          RenderText {#text} at (0,700) size 43x19
            text run at (0,700) width 43: "BBBB"
          RenderBR {BR} at (42,700) size 1x19
          RenderText {#text} at (0,720) size 43x19
            text run at (0,720) width 43: "CCCC"
          RenderBR {BR} at (42,720) size 1x19
          RenderText {#text} at (0,740) size 47x19
            text run at (0,740) width 47: "DDDD"
          RenderBR {BR} at (46,740) size 1x19
          RenderText {#text} at (0,760) size 40x19
            text run at (0,760) width 40: "EEEE"
          RenderBR {BR} at (39,760) size 1x19
          RenderText {#text} at (0,780) size 36x19
            text run at (0,780) width 36: "FFFF"
          RenderBR {BR} at (35,780) size 1x19
          RenderText {#text} at (0,800) size 47x19
            text run at (0,800) width 47: "GGGG"
          RenderBR {BR} at (46,800) size 1x19
          RenderText {#text} at (0,820) size 47x19
            text run at (0,820) width 47: "HHHH"
          RenderBR {BR} at (46,820) size 1x19
          RenderText {#text} at (0,840) size 22x19
            text run at (0,840) width 22: "IIII"
          RenderBR {BR} at (21,840) size 1x19
          RenderText {#text} at (0,860) size 25x19
            text run at (0,860) width 25: "JJJJ"
          RenderBR {BR} at (24,860) size 1x19
          RenderText {#text} at (0,880) size 47x19
            text run at (0,880) width 47: "KKKK"
          RenderBR {BR} at (46,880) size 1x19
          RenderText {#text} at (0,900) size 40x19
            text run at (0,900) width 40: "LLLL"
          RenderBR {BR} at (39,900) size 1x19
          RenderText {#text} at (0,920) size 57x19
            text run at (0,920) width 57: "MMMM"
          RenderBR {BR} at (56,920) size 1x19
          RenderText {#text} at (0,940) size 47x19
            text run at (0,940) width 47: "NNNN"
          RenderBR {BR} at (46,940) size 1x19
          RenderText {#text} at (0,960) size 47x19
            text run at (0,960) width 47: "OOOO"
          RenderBR {BR} at (46,960) size 1x19
          RenderText {#text} at (0,980) size 36x19
            text run at (0,980) width 36: "PPPP"
          RenderBR {BR} at (35,980) size 1x19
          RenderText {#text} at (0,1000) size 47x19
            text run at (0,1000) width 47: "QQQQ"
          RenderBR {BR} at (46,1000) size 1x19
          RenderText {#text} at (0,1020) size 43x19
            text run at (0,1020) width 43: "RRRR"
          RenderBR {BR} at (42,1020) size 1x19
          RenderText {#text} at (0,1040) size 36x19
            text run at (0,1040) width 36: "SSSS"
          RenderBR {BR} at (35,1040) size 1x19
          RenderText {#text} at (0,1060) size 40x19
            text run at (0,1060) width 40: "TTTT"
          RenderBR {BR} at (39,1060) size 1x19
          RenderText {#text} at (0,1080) size 47x19
            text run at (0,1080) width 47: "UUUU"
          RenderBR {BR} at (46,1080) size 1x19
          RenderText {#text} at (0,1100) size 47x19
            text run at (0,1100) width 47: "VVVV"
          RenderBR {BR} at (46,1100) size 1x19
          RenderText {#text} at (0,1120) size 61x19
            text run at (0,1120) width 61: "WWWW"
          RenderBR {BR} at (60,1120) size 1x19
          RenderText {#text} at (0,1140) size 47x19
            text run at (0,1140) width 47: "XXXX"
          RenderBR {BR} at (46,1140) size 1x19
          RenderText {#text} at (0,1160) size 47x19
            text run at (0,1160) width 47: "YYYY"
          RenderBR {BR} at (46,1160) size 1x19
          RenderText {#text} at (0,1180) size 40x19
            text run at (0,1180) width 40: "ZZZZ"
          RenderBR {BR} at (39,1180) size 1x19
          RenderText {#text} at (0,1200) size 22x19
            text run at (0,1200) width 22: "[[[["
          RenderBR {BR} at (21,1200) size 1x19
          RenderText {#text} at (0,1220) size 18x19
            text run at (0,1220) width 18: "\\\\\\\\"
          RenderBR {BR} at (17,1220) size 1x19
          RenderText {#text} at (0,1240) size 22x19
            text run at (0,1240) width 22: "]]]]"
          RenderBR {BR} at (21,1240) size 1x19
          RenderText {#text} at (0,1260) size 31x19
            text run at (0,1260) width 31: "^^^^"
          RenderBR {BR} at (30,1260) size 1x19
          RenderText {#text} at (0,1280) size 32x19
            text run at (0,1280) width 32: "____"
          RenderBR {BR} at (32,1280) size 0x19
          RenderText {#text} at (0,1300) size 22x19
            text run at (0,1300) width 22: "````"
          RenderBR {BR} at (21,1300) size 1x19
          RenderText {#text} at (0,1320) size 29x19
            text run at (0,1320) width 29: "aaaa"
          RenderBR {BR} at (28,1320) size 1x19
          RenderText {#text} at (0,1340) size 32x19
            text run at (0,1340) width 32: "bbbb"
          RenderBR {BR} at (32,1340) size 0x19
          RenderText {#text} at (0,1360) size 29x19
            text run at (0,1360) width 29: "cccc"
          RenderBR {BR} at (28,1360) size 1x19
          RenderText {#text} at (0,1380) size 32x19
            text run at (0,1380) width 32: "dddd"
          RenderBR {BR} at (32,1380) size 0x19
          RenderText {#text} at (0,1400) size 29x19
            text run at (0,1400) width 29: "eeee"
          RenderBR {BR} at (28,1400) size 1x19
          RenderText {#text} at (0,1420) size 21x19
            text run at (0,1420) width 21: "ffff"
          RenderBR {BR} at (20,1420) size 1x19
          RenderText {#text} at (0,1440) size 32x19
            text run at (0,1440) width 32: "gggg"
          RenderBR {BR} at (32,1440) size 0x19
          RenderText {#text} at (0,1460) size 32x19
            text run at (0,1460) width 32: "hhhh"
          RenderBR {BR} at (32,1460) size 0x19
          RenderText {#text} at (0,1480) size 18x19
            text run at (0,1480) width 18: "iiii"
          RenderBR {BR} at (17,1480) size 1x19
          RenderText {#text} at (0,1500) size 18x19
            text run at (0,1500) width 18: "jjjj"
          RenderBR {BR} at (17,1500) size 1x19
          RenderText {#text} at (0,1520) size 32x19
            text run at (0,1520) width 32: "kkkk"
          RenderBR {BR} at (32,1520) size 0x19
          RenderText {#text} at (0,1540) size 18x19
            text run at (0,1540) width 18: "llll"
          RenderBR {BR} at (17,1540) size 1x19
          RenderText {#text} at (0,1560) size 50x19
            text run at (0,1560) width 50: "mmmm"
          RenderBR {BR} at (49,1560) size 1x19
          RenderText {#text} at (0,1580) size 32x19
            text run at (0,1580) width 32: "nnnn"
          RenderBR {BR} at (32,1580) size 0x19
          RenderText {#text} at (0,1600) size 32x19
            text run at (0,1600) width 32: "oooo"
          RenderBR {BR} at (32,1600) size 0x19
          RenderText {#text} at (0,1620) size 32x19
            text run at (0,1620) width 32: "pppp"
          RenderBR {BR} at (32,1620) size 0x19
          RenderText {#text} at (0,1640) size 32x19
            text run at (0,1640) width 32: "qqqq"
          RenderBR {BR} at (32,1640) size 0x19
          RenderText {#text} at (0,1660) size 22x19
            text run at (0,1660) width 22: "rrrr"
          RenderBR {BR} at (21,1660) size 1x19
          RenderText {#text} at (0,1680) size 25x19
            text run at (0,1680) width 25: "ssss"
          RenderBR {BR} at (24,1680) size 1x19
          RenderText {#text} at (0,1700) size 18x19
            text run at (0,1700) width 18: "tttt"
          RenderBR {BR} at (17,1700) size 1x19
          RenderText {#text} at (0,1720) size 32x19
            text run at (0,1720) width 32: "uuuu"
          RenderBR {BR} at (32,1720) size 0x19
          RenderText {#text} at (0,1740) size 32x19
            text run at (0,1740) width 32: "vvvv"
          RenderBR {BR} at (32,1740) size 0x19
          RenderText {#text} at (0,1760) size 47x19
            text run at (0,1760) width 47: "wwww"
          RenderBR {BR} at (46,1760) size 1x19
          RenderText {#text} at (0,1780) size 32x19
            text run at (0,1780) width 32: "xxxx"
          RenderBR {BR} at (32,1780) size 0x19
          RenderText {#text} at (0,1800) size 32x19
            text run at (0,1800) width 32: "yyyy"
          RenderBR {BR} at (32,1800) size 0x19
          RenderText {#text} at (0,1820) size 29x19
            text run at (0,1820) width 29: "zzzz"
          RenderBR {BR} at (28,1820) size 1x19
          RenderText {#text} at (0,1840) size 31x19
            text run at (0,1840) width 31: "{{{{"
          RenderBR {BR} at (30,1840) size 1x19
          RenderText {#text} at (0,1860) size 13x19
            text run at (0,1860) width 13: "||||"
          RenderBR {BR} at (12,1860) size 1x19
          RenderText {#text} at (0,1880) size 31x19
            text run at (0,1880) width 31: "}}}}"
          RenderBR {BR} at (30,1880) size 1x19
      RenderBlock {P} at (0,1952) size 784x1880
        RenderInline {FONT} at (0,0) size 64x1879
          RenderText {#text} at (0,0) size 0x0
          RenderInline {B} at (0,0) size 64x1879
            RenderText {#text} at (0,0) size 16x19
              text run at (0,0) width 16: "    "
            RenderBR {BR} at (16,0) size 0x19
            RenderText {#text} at (0,20) size 22x19
              text run at (0,20) width 22: "!!!!"
            RenderBR {BR} at (21,20) size 1x19
            RenderText {#text} at (0,40) size 36x19
              text run at (0,40) width 36: "\"\"\"\""
            RenderBR {BR} at (35,40) size 1x19
            RenderText {#text} at (0,60) size 32x19
              text run at (0,60) width 32: "####"
            RenderBR {BR} at (32,60) size 0x19
            RenderText {#text} at (0,80) size 32x19
              text run at (0,80) width 32: "$$$$"
            RenderBR {BR} at (32,80) size 0x19
            RenderText {#text} at (0,100) size 64x19
              text run at (0,100) width 64: "%%%%"
            RenderBR {BR} at (64,100) size 0x19
            RenderText {#text} at (0,120) size 54x19
              text run at (0,120) width 54: "&&&&"
            RenderBR {BR} at (53,120) size 1x19
            RenderText {#text} at (0,140) size 18x19
              text run at (0,140) width 18: "''''"
            RenderBR {BR} at (17,140) size 1x19
            RenderText {#text} at (0,160) size 22x19
              text run at (0,160) width 22: "(((("
            RenderBR {BR} at (21,160) size 1x19
            RenderText {#text} at (0,180) size 22x19
              text run at (0,180) width 22: "))))"
            RenderBR {BR} at (21,180) size 1x19
            RenderText {#text} at (0,200) size 32x19
              text run at (0,200) width 32: "****"
            RenderBR {BR} at (32,200) size 0x19
            RenderText {#text} at (0,220) size 37x19
              text run at (0,220) width 37: "++++"
            RenderBR {BR} at (36,220) size 1x19
            RenderText {#text} at (0,240) size 16x19
              text run at (0,240) width 16: ",,,,"
            RenderBR {BR} at (16,240) size 0x19
            RenderText {#text} at (0,260) size 22x19
              text run at (0,260) width 22: "----"
            RenderBR {BR} at (21,260) size 1x19
            RenderText {#text} at (0,280) size 16x19
              text run at (0,280) width 16: "...."
            RenderBR {BR} at (16,280) size 0x19
            RenderText {#text} at (0,300) size 18x19
              text run at (0,300) width 18: "////"
            RenderBR {BR} at (17,300) size 1x19
            RenderText {#text} at (0,320) size 32x19
              text run at (0,320) width 32: "0000"
            RenderBR {BR} at (32,320) size 0x19
            RenderText {#text} at (0,340) size 30x19
              text run at (0,340) width 30: "1111"
            RenderBR {BR} at (29,340) size 1x19
            RenderText {#text} at (0,360) size 32x19
              text run at (0,360) width 32: "2222"
            RenderBR {BR} at (32,360) size 0x19
            RenderText {#text} at (0,380) size 32x19
              text run at (0,380) width 32: "3333"
            RenderBR {BR} at (32,380) size 0x19
            RenderText {#text} at (0,400) size 32x19
              text run at (0,400) width 32: "4444"
            RenderBR {BR} at (32,400) size 0x19
            RenderText {#text} at (0,420) size 32x19
              text run at (0,420) width 32: "5555"
            RenderBR {BR} at (32,420) size 0x19
            RenderText {#text} at (0,440) size 32x19
              text run at (0,440) width 32: "6666"
            RenderBR {BR} at (32,440) size 0x19
            RenderText {#text} at (0,460) size 32x19
              text run at (0,460) width 32: "7777"
            RenderBR {BR} at (32,460) size 0x19
            RenderText {#text} at (0,480) size 32x19
              text run at (0,480) width 32: "8888"
            RenderBR {BR} at (32,480) size 0x19
            RenderText {#text} at (0,500) size 32x19
              text run at (0,500) width 32: "9999"
            RenderBR {BR} at (32,500) size 0x19
            RenderText {#text} at (0,520) size 22x19
              text run at (0,520) width 22: "::::"
            RenderBR {BR} at (21,520) size 1x19
            RenderText {#text} at (0,540) size 22x19
              text run at (0,540) width 22: ";;;;"
            RenderBR {BR} at (21,540) size 1x19
            RenderText {#text} at (0,560) size 37x19
              text run at (0,560) width 37: "<<<<"
            RenderBR {BR} at (36,560) size 1x19
            RenderText {#text} at (0,580) size 37x19
              text run at (0,580) width 37: "===="
            RenderBR {BR} at (36,580) size 1x19
            RenderText {#text} at (0,600) size 37x19
              text run at (0,600) width 37: ">>>>"
            RenderBR {BR} at (36,600) size 1x19
            RenderText {#text} at (0,620) size 32x19
              text run at (0,620) width 32: "????"
            RenderBR {BR} at (32,620) size 0x19
            RenderText {#text} at (0,640) size 60x19
              text run at (0,640) width 60: "@@@@"
            RenderBR {BR} at (59,640) size 1x19
            RenderText {#text} at (0,660) size 47x19
              text run at (0,660) width 47: "AAAA"
            RenderBR {BR} at (46,660) size 1x19
            RenderText {#text} at (0,680) size 43x19
              text run at (0,680) width 43: "BBBB"
            RenderBR {BR} at (42,680) size 1x19
            RenderText {#text} at (0,700) size 47x19
              text run at (0,700) width 47: "CCCC"
            RenderBR {BR} at (46,700) size 1x19
            RenderText {#text} at (0,720) size 47x19
              text run at (0,720) width 47: "DDDD"
            RenderBR {BR} at (46,720) size 1x19
            RenderText {#text} at (0,740) size 43x19
              text run at (0,740) width 43: "EEEE"
            RenderBR {BR} at (42,740) size 1x19
            RenderText {#text} at (0,760) size 40x19
              text run at (0,760) width 40: "FFFF"
            RenderBR {BR} at (39,760) size 1x19
            RenderText {#text} at (0,780) size 50x19
              text run at (0,780) width 50: "GGGG"
            RenderBR {BR} at (49,780) size 1x19
            RenderText {#text} at (0,800) size 50x19
              text run at (0,800) width 50: "HHHH"
            RenderBR {BR} at (49,800) size 1x19
            RenderText {#text} at (0,820) size 25x19
              text run at (0,820) width 25: "IIII"
            RenderBR {BR} at (24,820) size 1x19
            RenderText {#text} at (0,840) size 32x19
              text run at (0,840) width 32: "JJJJ"
            RenderBR {BR} at (32,840) size 0x19
            RenderText {#text} at (0,860) size 50x19
              text run at (0,860) width 50: "KKKK"
            RenderBR {BR} at (49,860) size 1x19
            RenderText {#text} at (0,880) size 43x19
              text run at (0,880) width 43: "LLLL"
            RenderBR {BR} at (42,880) size 1x19
            RenderText {#text} at (0,900) size 61x19
              text run at (0,900) width 61: "MMMM"
            RenderBR {BR} at (60,900) size 1x19
            RenderText {#text} at (0,920) size 47x19
              text run at (0,920) width 47: "NNNN"
            RenderBR {BR} at (46,920) size 1x19
            RenderText {#text} at (0,940) size 50x19
              text run at (0,940) width 50: "OOOO"
            RenderBR {BR} at (49,940) size 1x19
            RenderText {#text} at (0,960) size 40x19
              text run at (0,960) width 40: "PPPP"
            RenderBR {BR} at (39,960) size 1x19
            RenderText {#text} at (0,980) size 50x19
              text run at (0,980) width 50: "QQQQ"
            RenderBR {BR} at (49,980) size 1x19
            RenderText {#text} at (0,1000) size 47x19
              text run at (0,1000) width 47: "RRRR"
            RenderBR {BR} at (46,1000) size 1x19
            RenderText {#text} at (0,1020) size 36x19
              text run at (0,1020) width 36: "SSSS"
            RenderBR {BR} at (35,1020) size 1x19
            RenderText {#text} at (0,1040) size 43x19
              text run at (0,1040) width 43: "TTTT"
            RenderBR {BR} at (42,1040) size 1x19
            RenderText {#text} at (0,1060) size 47x19
              text run at (0,1060) width 47: "UUUU"
            RenderBR {BR} at (46,1060) size 1x19
            RenderText {#text} at (0,1080) size 47x19
              text run at (0,1080) width 47: "VVVV"
            RenderBR {BR} at (46,1080) size 1x19
            RenderText {#text} at (0,1100) size 64x19
              text run at (0,1100) width 64: "WWWW"
            RenderBR {BR} at (64,1100) size 0x19
            RenderText {#text} at (0,1120) size 47x19
              text run at (0,1120) width 47: "XXXX"
            RenderBR {BR} at (46,1120) size 1x19
            RenderText {#text} at (0,1140) size 47x19
              text run at (0,1140) width 47: "YYYY"
            RenderBR {BR} at (46,1140) size 1x19
            RenderText {#text} at (0,1160) size 43x19
              text run at (0,1160) width 43: "ZZZZ"
            RenderBR {BR} at (42,1160) size 1x19
            RenderText {#text} at (0,1180) size 22x19
              text run at (0,1180) width 22: "[[[["
            RenderBR {BR} at (21,1180) size 1x19
            RenderText {#text} at (0,1200) size 18x19
              text run at (0,1200) width 18: "\\\\\\\\"
            RenderBR {BR} at (17,1200) size 1x19
            RenderText {#text} at (0,1220) size 22x19
              text run at (0,1220) width 22: "]]]]"
            RenderBR {BR} at (21,1220) size 1x19
            RenderText {#text} at (0,1240) size 38x19
              text run at (0,1240) width 38: "^^^^"
            RenderBR {BR} at (37,1240) size 1x19
            RenderText {#text} at (0,1260) size 32x19
              text run at (0,1260) width 32: "____"
            RenderBR {BR} at (32,1260) size 0x19
            RenderText {#text} at (0,1280) size 22x19
              text run at (0,1280) width 22: "````"
            RenderBR {BR} at (21,1280) size 1x19
            RenderText {#text} at (0,1300) size 32x19
              text run at (0,1300) width 32: "aaaa"
            RenderBR {BR} at (32,1300) size 0x19
            RenderText {#text} at (0,1320) size 36x19
              text run at (0,1320) width 36: "bbbb"
            RenderBR {BR} at (35,1320) size 1x19
            RenderText {#text} at (0,1340) size 29x19
              text run at (0,1340) width 29: "cccc"
            RenderBR {BR} at (28,1340) size 1x19
            RenderText {#text} at (0,1360) size 36x19
              text run at (0,1360) width 36: "dddd"
            RenderBR {BR} at (35,1360) size 1x19
            RenderText {#text} at (0,1380) size 29x19
              text run at (0,1380) width 29: "eeee"
            RenderBR {BR} at (28,1380) size 1x19
            RenderText {#text} at (0,1400) size 22x19
              text run at (0,1400) width 22: "ffff"
            RenderBR {BR} at (21,1400) size 1x19
            RenderText {#text} at (0,1420) size 32x19
              text run at (0,1420) width 32: "gggg"
            RenderBR {BR} at (32,1420) size 0x19
            RenderText {#text} at (0,1440) size 36x19
              text run at (0,1440) width 36: "hhhh"
            RenderBR {BR} at (35,1440) size 1x19
            RenderText {#text} at (0,1460) size 18x19
              text run at (0,1460) width 18: "iiii"
            RenderBR {BR} at (17,1460) size 1x19
            RenderText {#text} at (0,1480) size 22x19
              text run at (0,1480) width 22: "jjjj"
            RenderBR {BR} at (21,1480) size 1x19
            RenderText {#text} at (0,1500) size 36x19
              text run at (0,1500) width 36: "kkkk"
            RenderBR {BR} at (35,1500) size 1x19
            RenderText {#text} at (0,1520) size 18x19
              text run at (0,1520) width 18: "llll"
            RenderBR {BR} at (17,1520) size 1x19
            RenderText {#text} at (0,1540) size 54x19
              text run at (0,1540) width 54: "mmmm"
            RenderBR {BR} at (53,1540) size 1x19
            RenderText {#text} at (0,1560) size 36x19
              text run at (0,1560) width 36: "nnnn"
            RenderBR {BR} at (35,1560) size 1x19
            RenderText {#text} at (0,1580) size 32x19
              text run at (0,1580) width 32: "oooo"
            RenderBR {BR} at (32,1580) size 0x19
            RenderText {#text} at (0,1600) size 36x19
              text run at (0,1600) width 36: "pppp"
            RenderBR {BR} at (35,1600) size 1x19
            RenderText {#text} at (0,1620) size 36x19
              text run at (0,1620) width 36: "qqqq"
            RenderBR {BR} at (35,1620) size 1x19
            RenderText {#text} at (0,1640) size 29x19
              text run at (0,1640) width 29: "rrrr"
            RenderBR {BR} at (28,1640) size 1x19
            RenderText {#text} at (0,1660) size 25x19
              text run at (0,1660) width 25: "ssss"
            RenderBR {BR} at (24,1660) size 1x19
            RenderText {#text} at (0,1680) size 22x19
              text run at (0,1680) width 22: "tttt"
            RenderBR {BR} at (21,1680) size 1x19
            RenderText {#text} at (0,1700) size 36x19
              text run at (0,1700) width 36: "uuuu"
            RenderBR {BR} at (35,1700) size 1x19
            RenderText {#text} at (0,1720) size 32x19
              text run at (0,1720) width 32: "vvvv"
            RenderBR {BR} at (32,1720) size 0x19
            RenderText {#text} at (0,1740) size 47x19
              text run at (0,1740) width 47: "wwww"
            RenderBR {BR} at (46,1740) size 1x19
            RenderText {#text} at (0,1760) size 32x19
              text run at (0,1760) width 32: "xxxx"
            RenderBR {BR} at (32,1760) size 0x19
            RenderText {#text} at (0,1780) size 32x19
              text run at (0,1780) width 32: "yyyy"
            RenderBR {BR} at (32,1780) size 0x19
            RenderText {#text} at (0,1800) size 29x19
              text run at (0,1800) width 29: "zzzz"
            RenderBR {BR} at (28,1800) size 1x19
            RenderText {#text} at (0,1820) size 26x19
              text run at (0,1820) width 26: "{{{{"
            RenderBR {BR} at (25,1820) size 1x19
            RenderText {#text} at (0,1840) size 15x19
              text run at (0,1840) width 15: "||||"
            RenderBR {BR} at (14,1840) size 1x19
            RenderText {#text} at (0,1860) size 26x19
              text run at (0,1860) width 26: "}}}}"
            RenderBR {BR} at (25,1860) size 1x19
          RenderText {#text} at (0,0) size 0x0
      RenderBlock {P} at (0,3848) size 784x1880
        RenderInline {FONT} at (0,0) size 59x1879
          RenderText {#text} at (0,0) size 0x0
          RenderInline {I} at (0,0) size 59x1879
            RenderText {#text} at (0,0) size 16x19
              text run at (0,0) width 16: "    "
            RenderBR {BR} at (16,0) size 0x19
            RenderText {#text} at (0,20) size 22x19
              text run at (0,20) width 22: "!!!!"
            RenderBR {BR} at (21,20) size 1x19
            RenderText {#text} at (0,40) size 27x19
              text run at (0,40) width 27: "\"\"\"\""
            RenderBR {BR} at (26,40) size 1x19
            RenderText {#text} at (0,60) size 32x19
              text run at (0,60) width 32: "####"
            RenderBR {BR} at (32,60) size 0x19
            RenderText {#text} at (0,80) size 32x19
              text run at (0,80) width 32: "$$$$"
            RenderBR {BR} at (32,80) size 0x19
            RenderText {#text} at (0,100) size 54x19
              text run at (0,100) width 54: "%%%%"
            RenderBR {BR} at (53,100) size 1x19
            RenderText {#text} at (0,120) size 50x19
              text run at (0,120) width 50: "&&&&"
            RenderBR {BR} at (49,120) size 1x19
            RenderText {#text} at (0,140) size 14x19
              text run at (0,140) width 14: "''''"
            RenderBR {BR} at (13,140) size 1x19
            RenderText {#text} at (0,160) size 22x19
              text run at (0,160) width 22: "(((("
            RenderBR {BR} at (21,160) size 1x19
            RenderText {#text} at (0,180) size 22x19
              text run at (0,180) width 22: "))))"
            RenderBR {BR} at (21,180) size 1x19
            RenderText {#text} at (0,200) size 32x19
              text run at (0,200) width 32: "****"
            RenderBR {BR} at (32,200) size 0x19
            RenderText {#text} at (0,220) size 44x19
              text run at (0,220) width 44: "++++"
            RenderBR {BR} at (43,220) size 1x19
            RenderText {#text} at (0,240) size 16x19
              text run at (0,240) width 16: ",,,,"
            RenderBR {BR} at (16,240) size 0x19
            RenderText {#text} at (0,260) size 22x19
              text run at (0,260) width 22: "----"
            RenderBR {BR} at (21,260) size 1x19
            RenderText {#text} at (0,280) size 16x19
              text run at (0,280) width 16: "...."
            RenderBR {BR} at (16,280) size 0x19
            RenderText {#text} at (0,300) size 18x19
              text run at (0,300) width 18: "////"
            RenderBR {BR} at (17,300) size 1x19
            RenderText {#text} at (0,320) size 32x19
              text run at (0,320) width 32: "0000"
            RenderBR {BR} at (32,320) size 0x19
            RenderText {#text} at (0,340) size 29x19
              text run at (0,340) width 29: "1111"
            RenderBR {BR} at (28,340) size 1x19
            RenderText {#text} at (0,360) size 32x19
              text run at (0,360) width 32: "2222"
            RenderBR {BR} at (32,360) size 0x19
            RenderText {#text} at (0,380) size 32x19
              text run at (0,380) width 32: "3333"
            RenderBR {BR} at (32,380) size 0x19
            RenderText {#text} at (0,400) size 32x19
              text run at (0,400) width 32: "4444"
            RenderBR {BR} at (32,400) size 0x19
            RenderText {#text} at (0,420) size 32x19
              text run at (0,420) width 32: "5555"
            RenderBR {BR} at (32,420) size 0x19
            RenderText {#text} at (0,440) size 32x19
              text run at (0,440) width 32: "6666"
            RenderBR {BR} at (32,440) size 0x19
            RenderText {#text} at (0,460) size 32x19
              text run at (0,460) width 32: "7777"
            RenderBR {BR} at (32,460) size 0x19
            RenderText {#text} at (0,480) size 32x19
              text run at (0,480) width 32: "8888"
            RenderBR {BR} at (32,480) size 0x19
            RenderText {#text} at (0,500) size 32x19
              text run at (0,500) width 32: "9999"
            RenderBR {BR} at (32,500) size 0x19
            RenderText {#text} at (0,520) size 22x19
              text run at (0,520) width 22: "::::"
            RenderBR {BR} at (21,520) size 1x19
            RenderText {#text} at (0,540) size 22x19
              text run at (0,540) width 22: ";;;;"
            RenderBR {BR} at (21,540) size 1x19
            RenderText {#text} at (0,560) size 44x19
              text run at (0,560) width 44: "<<<<"
            RenderBR {BR} at (43,560) size 1x19
            RenderText {#text} at (0,580) size 44x19
              text run at (0,580) width 44: "===="
            RenderBR {BR} at (43,580) size 1x19
            RenderText {#text} at (0,600) size 44x19
              text run at (0,600) width 44: ">>>>"
            RenderBR {BR} at (43,600) size 1x19
            RenderText {#text} at (0,620) size 32x19
              text run at (0,620) width 32: "????"
            RenderBR {BR} at (32,620) size 0x19
            RenderText {#text} at (0,640) size 59x19
              text run at (0,640) width 59: "@@@@"
            RenderBR {BR} at (58,640) size 1x19
            RenderText {#text} at (0,660) size 40x19
              text run at (0,660) width 40: "AAAA"
            RenderBR {BR} at (39,660) size 1x19
            RenderText {#text} at (0,680) size 40x19
              text run at (0,680) width 40: "BBBB"
            RenderBR {BR} at (39,680) size 1x19
            RenderText {#text} at (0,700) size 43x19
              text run at (0,700) width 43: "CCCC"
            RenderBR {BR} at (42,700) size 1x19
            RenderText {#text} at (0,720) size 47x19
              text run at (0,720) width 47: "DDDD"
            RenderBR {BR} at (46,720) size 1x19
            RenderText {#text} at (0,740) size 40x19
              text run at (0,740) width 40: "EEEE"
            RenderBR {BR} at (39,740) size 1x19
            RenderText {#text} at (0,760) size 40x19
              text run at (0,760) width 40: "FFFF"
            RenderBR {BR} at (39,760) size 1x19
            RenderText {#text} at (0,780) size 47x19
              text run at (0,780) width 47: "GGGG"
            RenderBR {BR} at (46,780) size 1x19
            RenderText {#text} at (0,800) size 47x19
              text run at (0,800) width 47: "HHHH"
            RenderBR {BR} at (46,800) size 1x19
            RenderText {#text} at (0,820) size 22x19
              text run at (0,820) width 22: "IIII"
            RenderBR {BR} at (21,820) size 1x19
            RenderText {#text} at (0,840) size 29x19
              text run at (0,840) width 29: "JJJJ"
            RenderBR {BR} at (28,840) size 1x19
            RenderText {#text} at (0,860) size 43x19
              text run at (0,860) width 43: "KKKK"
            RenderBR {BR} at (42,860) size 1x19
            RenderText {#text} at (0,880) size 36x19
              text run at (0,880) width 36: "LLLL"
            RenderBR {BR} at (35,880) size 1x19
            RenderText {#text} at (0,900) size 54x19
              text run at (0,900) width 54: "MMMM"
            RenderBR {BR} at (53,900) size 1x19
            RenderText {#text} at (0,920) size 43x19
              text run at (0,920) width 43: "NNNN"
            RenderBR {BR} at (42,920) size 1x19
            RenderText {#text} at (0,940) size 47x19
              text run at (0,940) width 47: "OOOO"
            RenderBR {BR} at (46,940) size 1x19
            RenderText {#text} at (0,960) size 40x19
              text run at (0,960) width 40: "PPPP"
            RenderBR {BR} at (39,960) size 1x19
            RenderText {#text} at (0,980) size 47x19
              text run at (0,980) width 47: "QQQQ"
            RenderBR {BR} at (46,980) size 1x19
            RenderText {#text} at (0,1000) size 40x19
              text run at (0,1000) width 40: "RRRR"
            RenderBR {BR} at (39,1000) size 1x19
            RenderText {#text} at (0,1020) size 32x19
              text run at (0,1020) width 32: "SSSS"
            RenderBR {BR} at (32,1020) size 0x19
            RenderText {#text} at (0,1040) size 36x19
              text run at (0,1040) width 36: "TTTT"
            RenderBR {BR} at (35,1040) size 1x19
            RenderText {#text} at (0,1060) size 47x19
              text run at (0,1060) width 47: "UUUU"
            RenderBR {BR} at (46,1060) size 1x19
            RenderText {#text} at (0,1080) size 40x19
              text run at (0,1080) width 40: "VVVV"
            RenderBR {BR} at (39,1080) size 1x19
            RenderText {#text} at (0,1100) size 54x19
              text run at (0,1100) width 54: "WWWW"
            RenderBR {BR} at (53,1100) size 1x19
            RenderText {#text} at (0,1120) size 40x19
              text run at (0,1120) width 40: "XXXX"
            RenderBR {BR} at (39,1120) size 1x19
            RenderText {#text} at (0,1140) size 36x19
              text run at (0,1140) width 36: "YYYY"
            RenderBR {BR} at (35,1140) size 1x19
            RenderText {#text} at (0,1160) size 36x19
              text run at (0,1160) width 36: "ZZZZ"
            RenderBR {BR} at (35,1160) size 1x19
            RenderText {#text} at (0,1180) size 25x19
              text run at (0,1180) width 25: "[[[["
            RenderBR {BR} at (24,1180) size 1x19
            RenderText {#text} at (0,1200) size 18x19
              text run at (0,1200) width 18: "\\\\\\\\"
            RenderBR {BR} at (17,1200) size 1x19
            RenderText {#text} at (0,1220) size 25x19
              text run at (0,1220) width 25: "]]]]"
            RenderBR {BR} at (24,1220) size 1x19
            RenderText {#text} at (0,1240) size 27x19
              text run at (0,1240) width 27: "^^^^"
            RenderBR {BR} at (27,1240) size 0x19
            RenderText {#text} at (0,1260) size 32x19
              text run at (0,1260) width 32: "____"
            RenderBR {BR} at (32,1260) size 0x19
            RenderText {#text} at (0,1280) size 22x19
              text run at (0,1280) width 22: "````"
            RenderBR {BR} at (21,1280) size 1x19
            RenderText {#text} at (0,1300) size 32x19
              text run at (0,1300) width 32: "aaaa"
            RenderBR {BR} at (32,1300) size 0x19
            RenderText {#text} at (0,1320) size 32x19
              text run at (0,1320) width 32: "bbbb"
            RenderBR {BR} at (32,1320) size 0x19
            RenderText {#text} at (0,1340) size 29x19
              text run at (0,1340) width 29: "cccc"
            RenderBR {BR} at (28,1340) size 1x19
            RenderText {#text} at (0,1360) size 32x19
              text run at (0,1360) width 32: "dddd"
            RenderBR {BR} at (32,1360) size 0x19
            RenderText {#text} at (0,1380) size 29x19
              text run at (0,1380) width 29: "eeee"
            RenderBR {BR} at (28,1380) size 1x19
            RenderText {#text} at (0,1400) size 18x19
              text run at (0,1400) width 18: "ffff"
            RenderBR {BR} at (17,1400) size 1x19
            RenderText {#text} at (0,1420) size 32x19
              text run at (0,1420) width 32: "gggg"
            RenderBR {BR} at (32,1420) size 0x19
            RenderText {#text} at (0,1440) size 32x19
              text run at (0,1440) width 32: "hhhh"
            RenderBR {BR} at (32,1440) size 0x19
            RenderText {#text} at (0,1460) size 18x19
              text run at (0,1460) width 18: "iiii"
            RenderBR {BR} at (17,1460) size 1x19
            RenderText {#text} at (0,1480) size 18x19
              text run at (0,1480) width 18: "jjjj"
            RenderBR {BR} at (17,1480) size 1x19
            RenderText {#text} at (0,1500) size 29x19
              text run at (0,1500) width 29: "kkkk"
            RenderBR {BR} at (28,1500) size 1x19
            RenderText {#text} at (0,1520) size 18x19
              text run at (0,1520) width 18: "llll"
            RenderBR {BR} at (17,1520) size 1x19
            RenderText {#text} at (0,1540) size 47x19
              text run at (0,1540) width 47: "mmmm"
            RenderBR {BR} at (46,1540) size 1x19
            RenderText {#text} at (0,1560) size 32x19
              text run at (0,1560) width 32: "nnnn"
            RenderBR {BR} at (32,1560) size 0x19
            RenderText {#text} at (0,1580) size 32x19
              text run at (0,1580) width 32: "oooo"
            RenderBR {BR} at (32,1580) size 0x19
            RenderText {#text} at (0,1600) size 32x19
              text run at (0,1600) width 32: "pppp"
            RenderBR {BR} at (32,1600) size 0x19
            RenderText {#text} at (0,1620) size 32x19
              text run at (0,1620) width 32: "qqqq"
            RenderBR {BR} at (32,1620) size 0x19
            RenderText {#text} at (0,1640) size 25x19
              text run at (0,1640) width 25: "rrrr"
            RenderBR {BR} at (24,1640) size 1x19
            RenderText {#text} at (0,1660) size 25x19
              text run at (0,1660) width 25: "ssss"
            RenderBR {BR} at (24,1660) size 1x19
            RenderText {#text} at (0,1680) size 18x19
              text run at (0,1680) width 18: "tttt"
            RenderBR {BR} at (17,1680) size 1x19
            RenderText {#text} at (0,1700) size 32x19
              text run at (0,1700) width 32: "uuuu"
            RenderBR {BR} at (32,1700) size 0x19
            RenderText {#text} at (0,1720) size 29x19
              text run at (0,1720) width 29: "vvvv"
            RenderBR {BR} at (28,1720) size 1x19
            RenderText {#text} at (0,1740) size 43x19
              text run at (0,1740) width 43: "wwww"
            RenderBR {BR} at (42,1740) size 1x19
            RenderText {#text} at (0,1760) size 29x19
              text run at (0,1760) width 29: "xxxx"
            RenderBR {BR} at (28,1760) size 1x19
            RenderText {#text} at (0,1780) size 29x19
              text run at (0,1780) width 29: "yyyy"
            RenderBR {BR} at (28,1780) size 1x19
            RenderText {#text} at (0,1800) size 25x19
              text run at (0,1800) width 25: "zzzz"
            RenderBR {BR} at (24,1800) size 1x19
            RenderText {#text} at (0,1820) size 26x19
              text run at (0,1820) width 26: "{{{{"
            RenderBR {BR} at (25,1820) size 1x19
            RenderText {#text} at (0,1840) size 18x19
              text run at (0,1840) width 18: "||||"
            RenderBR {BR} at (17,1840) size 1x19
            RenderText {#text} at (0,1860) size 26x19
              text run at (0,1860) width 26: "}}}}"
            RenderBR {BR} at (25,1860) size 1x19
          RenderText {#text} at (0,0) size 0x0
        RenderText {#text} at (0,0) size 0x0
