layer at (0,0) size 800x7450
  RenderView at (0,0) size 800x600
layer at (0,0) size 800x7450
  RenderBlock {HTML} at (0,0) size 800x7450
    RenderBody {BODY} at (8,8) size 784x7426
      RenderBlock (anonymous) at (0,0) size 784x20
        RenderText {#text} at (0,0) size 352x19
          text run at (0,0) width 352: "This tests font choices and metrics for the fantasy font."
      RenderBlock {P} at (0,36) size 784x2470
        RenderInline {FONT} at (0,0) size 59x2470
          RenderText {#text} at (0,0) size 54x26
            text run at (0,0) width 54: "fantasy"
          RenderBR {BR} at (53,0) size 1x26
          RenderText {#text} at (0,26) size 15x26
            text run at (0,26) width 15: "    "
          RenderBR {BR} at (14,26) size 1x26
          RenderText {#text} at (0,52) size 17x26
            text run at (0,52) width 17: "!!!!"
          RenderBR {BR} at (16,52) size 1x26
          RenderText {#text} at (0,78) size 21x26
            text run at (0,78) width 21: "\"\"\"\""
          RenderBR {BR} at (20,78) size 1x26
          RenderText {#text} at (0,104) size 40x26
            text run at (0,104) width 40: "####"
          RenderBR {BR} at (39,104) size 1x26
          RenderText {#text} at (0,130) size 35x26
            text run at (0,130) width 35: "$$$$"
          RenderBR {BR} at (34,130) size 1x26
          RenderText {#text} at (0,156) size 49x26
            text run at (0,156) width 49: "%%%%"
          RenderBR {BR} at (48,156) size 1x26
          RenderText {#text} at (0,182) size 51x26
            text run at (0,182) width 51: "&&&&"
          RenderBR {BR} at (50,182) size 1x26
          RenderText {#text} at (0,208) size 13x26
            text run at (0,208) width 13: "''''"
          RenderBR {BR} at (12,208) size 1x26
          RenderText {#text} at (0,234) size 28x26
            text run at (0,234) width 28: "(((("
          RenderBR {BR} at (27,234) size 1x26
          RenderText {#text} at (0,260) size 28x26
            text run at (0,260) width 28: "))))"
          RenderBR {BR} at (27,260) size 1x26
          RenderText {#text} at (0,286) size 25x26
            text run at (0,286) width 25: "****"
          RenderBR {BR} at (24,286) size 1x26
          RenderText {#text} at (0,312) size 33x26
            text run at (0,312) width 33: "++++"
          RenderBR {BR} at (32,312) size 1x26
          RenderText {#text} at (0,338) size 18x26
            text run at (0,338) width 18: ",,,,"
          RenderBR {BR} at (17,338) size 1x26
          RenderText {#text} at (0,364) size 30x26
            text run at (0,364) width 30: "----"
          RenderBR {BR} at (29,364) size 1x26
          RenderText {#text} at (0,390) size 18x26
            text run at (0,390) width 18: "...."
          RenderBR {BR} at (17,390) size 1x26
          RenderText {#text} at (0,416) size 34x26
            text run at (0,416) width 34: "////"
          RenderBR {BR} at (33,416) size 1x26
          RenderText {#text} at (0,442) size 43x26
            text run at (0,442) width 43: "0000"
          RenderBR {BR} at (42,442) size 1x26
          RenderText {#text} at (0,468) size 17x26
            text run at (0,468) width 17: "1111"
          RenderBR {BR} at (16,468) size 1x26
          RenderText {#text} at (0,494) size 33x26
            text run at (0,494) width 33: "2222"
          RenderBR {BR} at (32,494) size 1x26
          RenderText {#text} at (0,520) size 31x26
            text run at (0,520) width 31: "3333"
          RenderBR {BR} at (30,520) size 1x26
          RenderText {#text} at (0,546) size 43x26
            text run at (0,546) width 43: "4444"
          RenderBR {BR} at (42,546) size 1x26
          RenderText {#text} at (0,572) size 32x26
            text run at (0,572) width 32: "5555"
          RenderBR {BR} at (31,572) size 1x26
          RenderText {#text} at (0,598) size 34x26
            text run at (0,598) width 34: "6666"
          RenderBR {BR} at (33,598) size 1x26
          RenderText {#text} at (0,624) size 30x26
            text run at (0,624) width 30: "7777"
          RenderBR {BR} at (29,624) size 1x26
          RenderText {#text} at (0,650) size 32x26
            text run at (0,650) width 32: "8888"
          RenderBR {BR} at (31,650) size 1x26
          RenderText {#text} at (0,676) size 34x26
            text run at (0,676) width 34: "9999"
          RenderBR {BR} at (33,676) size 1x26
          RenderText {#text} at (0,702) size 18x26
            text run at (0,702) width 18: "::::"
          RenderBR {BR} at (17,702) size 1x26
          RenderText {#text} at (0,728) size 18x26
            text run at (0,728) width 18: ";;;;"
          RenderBR {BR} at (17,728) size 1x26
          RenderText {#text} at (0,754) size 36x26
            text run at (0,754) width 36: "<<<<"
          RenderBR {BR} at (35,754) size 1x26
          RenderText {#text} at (0,780) size 30x26
            text run at (0,780) width 30: "===="
          RenderBR {BR} at (29,780) size 1x26
          RenderText {#text} at (0,806) size 36x26
            text run at (0,806) width 36: ">>>>"
          RenderBR {BR} at (35,806) size 1x26
          RenderText {#text} at (0,832) size 31x26
            text run at (0,832) width 31: "????"
          RenderBR {BR} at (30,832) size 1x26
          RenderText {#text} at (0,858) size 39x26
            text run at (0,858) width 39: "@@@@"
          RenderBR {BR} at (38,858) size 1x26
          RenderText {#text} at (0,884) size 47x26
            text run at (0,884) width 47: "AAAA"
          RenderBR {BR} at (46,884) size 1x26
          RenderText {#text} at (0,910) size 47x26
            text run at (0,910) width 47: "BBBB"
          RenderBR {BR} at (46,910) size 1x26
          RenderText {#text} at (0,936) size 45x26
            text run at (0,936) width 45: "CCCC"
          RenderBR {BR} at (44,936) size 1x26
          RenderText {#text} at (0,962) size 53x26
            text run at (0,962) width 53: "DDDD"
          RenderBR {BR} at (52,962) size 1x26
          RenderText {#text} at (0,988) size 47x26
            text run at (0,988) width 47: "EEEE"
          RenderBR {BR} at (46,988) size 1x26
          RenderText {#text} at (0,1014) size 40x26
            text run at (0,1014) width 40: "FFFF"
          RenderBR {BR} at (39,1014) size 1x26
          RenderText {#text} at (0,1040) size 48x26
            text run at (0,1040) width 48: "GGGG"
          RenderBR {BR} at (47,1040) size 1x26
          RenderText {#text} at (0,1066) size 49x26
            text run at (0,1066) width 49: "HHHH"
          RenderBR {BR} at (48,1066) size 1x26
          RenderText {#text} at (0,1092) size 16x26
            text run at (0,1092) width 16: "IIII"
          RenderBR {BR} at (15,1092) size 1x26
          RenderText {#text} at (0,1118) size 35x26
            text run at (0,1118) width 35: "JJJJ"
          RenderBR {BR} at (34,1118) size 1x26
          RenderText {#text} at (0,1144) size 46x26
            text run at (0,1144) width 46: "KKKK"
          RenderBR {BR} at (45,1144) size 1x26
          RenderText {#text} at (0,1170) size 39x26
            text run at (0,1170) width 39: "LLLL"
          RenderBR {BR} at (38,1170) size 1x26
          RenderText {#text} at (0,1196) size 56x26
            text run at (0,1196) width 56: "MMMM"
          RenderBR {BR} at (55,1196) size 1x26
          RenderText {#text} at (0,1222) size 42x26
            text run at (0,1222) width 42: "NNNN"
          RenderBR {BR} at (41,1222) size 1x26
          RenderText {#text} at (0,1248) size 59x26
            text run at (0,1248) width 59: "OOOO"
          RenderBR {BR} at (58,1248) size 1x26
          RenderText {#text} at (0,1274) size 42x26
            text run at (0,1274) width 42: "PPPP"
          RenderBR {BR} at (41,1274) size 1x26
          RenderText {#text} at (0,1300) size 59x26
            text run at (0,1300) width 59: "QQQQ"
          RenderBR {BR} at (58,1300) size 1x26
          RenderText {#text} at (0,1326) size 43x26
            text run at (0,1326) width 43: "RRRR"
          RenderBR {BR} at (42,1326) size 1x26
          RenderText {#text} at (0,1352) size 42x26
            text run at (0,1352) width 42: "SSSS"
          RenderBR {BR} at (41,1352) size 1x26
          RenderText {#text} at (0,1378) size 45x26
            text run at (0,1378) width 45: "TTTT"
          RenderBR {BR} at (44,1378) size 1x26
          RenderText {#text} at (0,1404) size 52x26
            text run at (0,1404) width 52: "UUUU"
          RenderBR {BR} at (51,1404) size 1x26
          RenderText {#text} at (0,1430) size 38x26
            text run at (0,1430) width 38: "VVVV"
          RenderBR {BR} at (37,1430) size 1x26
          RenderText {#text} at (0,1456) size 51x26
            text run at (0,1456) width 51: "WWWW"
          RenderBR {BR} at (50,1456) size 1x26
          RenderText {#text} at (0,1482) size 42x26
            text run at (0,1482) width 42: "XXXX"
          RenderBR {BR} at (41,1482) size 1x26
          RenderText {#text} at (0,1508) size 41x26
            text run at (0,1508) width 41: "YYYY"
          RenderBR {BR} at (40,1508) size 1x26
          RenderText {#text} at (0,1534) size 43x26
            text run at (0,1534) width 43: "ZZZZ"
          RenderBR {BR} at (42,1534) size 1x26
          RenderText {#text} at (0,1560) size 28x26
            text run at (0,1560) width 28: "[[[["
          RenderBR {BR} at (27,1560) size 1x26
          RenderText {#text} at (0,1586) size 34x26
            text run at (0,1586) width 34: "\\\\\\\\"
          RenderBR {BR} at (33,1586) size 1x26
          RenderText {#text} at (0,1612) size 28x26
            text run at (0,1612) width 28: "]]]]"
          RenderBR {BR} at (27,1612) size 1x26
          RenderText {#text} at (0,1638) size 34x26
            text run at (0,1638) width 34: "^^^^"
          RenderBR {BR} at (33,1638) size 1x26
          RenderText {#text} at (0,1664) size 32x26
            text run at (0,1664) width 32: "____"
          RenderBR {BR} at (32,1664) size 0x26
          RenderText {#text} at (0,1690) size 19x26
            text run at (0,1690) width 19: "````"
          RenderBR {BR} at (18,1690) size 1x26
          RenderText {#text} at (0,1716) size 35x26
            text run at (0,1716) width 35: "aaaa"
          RenderBR {BR} at (34,1716) size 1x26
          RenderText {#text} at (0,1742) size 39x26
            text run at (0,1742) width 39: "bbbb"
          RenderBR {BR} at (38,1742) size 1x26
          RenderText {#text} at (0,1768) size 32x26
            text run at (0,1768) width 32: "cccc"
          RenderBR {BR} at (31,1768) size 1x26
          RenderText {#text} at (0,1794) size 39x26
            text run at (0,1794) width 39: "dddd"
          RenderBR {BR} at (38,1794) size 1x26
          RenderText {#text} at (0,1820) size 34x26
            text run at (0,1820) width 34: "eeee"
          RenderBR {BR} at (33,1820) size 1x26
          RenderText {#text} at (0,1846) size 26x26
            text run at (0,1846) width 26: "ffff"
          RenderBR {BR} at (25,1846) size 1x26
          RenderText {#text} at (0,1872) size 35x26
            text run at (0,1872) width 35: "gggg"
          RenderBR {BR} at (34,1872) size 1x26
          RenderText {#text} at (0,1898) size 37x26
            text run at (0,1898) width 37: "hhhh"
          RenderBR {BR} at (36,1898) size 1x26
          RenderText {#text} at (0,1924) size 14x26
            text run at (0,1924) width 14: "iiii"
          RenderBR {BR} at (13,1924) size 1x26
          RenderText {#text} at (0,1950) size 14x26
            text run at (0,1950) width 14: "jjjj"
          RenderBR {BR} at (13,1950) size 1x26
          RenderText {#text} at (0,1976) size 36x26
            text run at (0,1976) width 36: "kkkk"
          RenderBR {BR} at (35,1976) size 1x26
          RenderText {#text} at (0,2002) size 15x26
            text run at (0,2002) width 15: "llll"
          RenderBR {BR} at (14,2002) size 1x26
          RenderText {#text} at (0,2028) size 46x26
            text run at (0,2028) width 46: "mmmm"
          RenderBR {BR} at (45,2028) size 1x26
          RenderText {#text} at (0,2054) size 36x26
            text run at (0,2054) width 36: "nnnn"
          RenderBR {BR} at (35,2054) size 1x26
          RenderText {#text} at (0,2080) size 39x26
            text run at (0,2080) width 39: "oooo"
          RenderBR {BR} at (38,2080) size 1x26
          RenderText {#text} at (0,2106) size 40x26
            text run at (0,2106) width 40: "pppp"
          RenderBR {BR} at (39,2106) size 1x26
          RenderText {#text} at (0,2132) size 37x26
            text run at (0,2132) width 37: "qqqq"
          RenderBR {BR} at (36,2132) size 1x26
          RenderText {#text} at (0,2158) size 25x26
            text run at (0,2158) width 25: "rrrr"
          RenderBR {BR} at (24,2158) size 1x26
          RenderText {#text} at (0,2184) size 31x26
            text run at (0,2184) width 31: "ssss"
          RenderBR {BR} at (30,2184) size 1x26
          RenderText {#text} at (0,2210) size 24x26
            text run at (0,2210) width 24: "tttt"
          RenderBR {BR} at (23,2210) size 1x26
          RenderText {#text} at (0,2236) size 36x26
            text run at (0,2236) width 36: "uuuu"
          RenderBR {BR} at (35,2236) size 1x26
          RenderText {#text} at (0,2262) size 29x26
            text run at (0,2262) width 29: "vvvv"
          RenderBR {BR} at (28,2262) size 1x26
          RenderText {#text} at (0,2288) size 42x26
            text run at (0,2288) width 42: "wwww"
          RenderBR {BR} at (41,2288) size 1x26
          RenderText {#text} at (0,2314) size 32x26
            text run at (0,2314) width 32: "xxxx"
          RenderBR {BR} at (31,2314) size 1x26
          RenderText {#text} at (0,2340) size 35x26
            text run at (0,2340) width 35: "yyyy"
          RenderBR {BR} at (34,2340) size 1x26
          RenderText {#text} at (0,2366) size 29x26
            text run at (0,2366) width 29: "zzzz"
          RenderBR {BR} at (28,2366) size 1x26
          RenderText {#text} at (0,2392) size 17x26
            text run at (0,2392) width 17: "{{{{"
          RenderBR {BR} at (16,2392) size 1x26
          RenderText {#text} at (0,2418) size 15x26
            text run at (0,2418) width 15: "||||"
          RenderBR {BR} at (14,2418) size 1x26
          RenderText {#text} at (0,2444) size 17x26
            text run at (0,2444) width 17: "}}}}"
          RenderBR {BR} at (16,2444) size 1x26
      RenderBlock {P} at (0,2522) size 784x2444
        RenderInline {FONT} at (0,0) size 63x2444
          RenderText {#text} at (0,0) size 0x0
          RenderInline {B} at (0,0) size 63x2444
            RenderText {#text} at (0,0) size 19x26
              text run at (0,0) width 19: "    "
            RenderBR {BR} at (18,0) size 1x26
            RenderText {#text} at (0,26) size 21x26
              text run at (0,26) width 21: "!!!!"
            RenderBR {BR} at (20,26) size 1x26
            RenderText {#text} at (0,52) size 25x26
              text run at (0,52) width 25: "\"\"\"\""
            RenderBR {BR} at (24,52) size 1x26
            RenderText {#text} at (0,78) size 44x26
              text run at (0,78) width 44: "####"
            RenderBR {BR} at (43,78) size 1x26
            RenderText {#text} at (0,104) size 39x26
              text run at (0,104) width 39: "$$$$"
            RenderBR {BR} at (38,104) size 1x26
            RenderText {#text} at (0,130) size 53x26
              text run at (0,130) width 53: "%%%%"
            RenderBR {BR} at (52,130) size 1x26
            RenderText {#text} at (0,156) size 55x26
              text run at (0,156) width 55: "&&&&"
            RenderBR {BR} at (54,156) size 1x26
            RenderText {#text} at (0,182) size 17x26
              text run at (0,182) width 17: "''''"
            RenderBR {BR} at (16,182) size 1x26
            RenderText {#text} at (0,208) size 32x26
              text run at (0,208) width 32: "(((("
            RenderBR {BR} at (31,208) size 1x26
            RenderText {#text} at (0,234) size 32x26
              text run at (0,234) width 32: "))))"
            RenderBR {BR} at (31,234) size 1x26
            RenderText {#text} at (0,260) size 29x26
              text run at (0,260) width 29: "****"
            RenderBR {BR} at (28,260) size 1x26
            RenderText {#text} at (0,286) size 37x26
              text run at (0,286) width 37: "++++"
            RenderBR {BR} at (36,286) size 1x26
            RenderText {#text} at (0,312) size 22x26
              text run at (0,312) width 22: ",,,,"
            RenderBR {BR} at (21,312) size 1x26
            RenderText {#text} at (0,338) size 34x26
              text run at (0,338) width 34: "----"
            RenderBR {BR} at (33,338) size 1x26
            RenderText {#text} at (0,364) size 22x26
              text run at (0,364) width 22: "...."
            RenderBR {BR} at (21,364) size 1x26
            RenderText {#text} at (0,390) size 38x26
              text run at (0,390) width 38: "////"
            RenderBR {BR} at (37,390) size 1x26
            RenderText {#text} at (0,416) size 47x26
              text run at (0,416) width 47: "0000"
            RenderBR {BR} at (46,416) size 1x26
            RenderText {#text} at (0,442) size 21x26
              text run at (0,442) width 21: "1111"
            RenderBR {BR} at (20,442) size 1x26
            RenderText {#text} at (0,468) size 37x26
              text run at (0,468) width 37: "2222"
            RenderBR {BR} at (36,468) size 1x26
            RenderText {#text} at (0,494) size 35x26
              text run at (0,494) width 35: "3333"
            RenderBR {BR} at (34,494) size 1x26
            RenderText {#text} at (0,520) size 47x26
              text run at (0,520) width 47: "4444"
            RenderBR {BR} at (46,520) size 1x26
            RenderText {#text} at (0,546) size 36x26
              text run at (0,546) width 36: "5555"
            RenderBR {BR} at (35,546) size 1x26
            RenderText {#text} at (0,572) size 38x26
              text run at (0,572) width 38: "6666"
            RenderBR {BR} at (37,572) size 1x26
            RenderText {#text} at (0,598) size 34x26
              text run at (0,598) width 34: "7777"
            RenderBR {BR} at (33,598) size 1x26
            RenderText {#text} at (0,624) size 36x26
              text run at (0,624) width 36: "8888"
            RenderBR {BR} at (35,624) size 1x26
            RenderText {#text} at (0,650) size 38x26
              text run at (0,650) width 38: "9999"
            RenderBR {BR} at (37,650) size 1x26
            RenderText {#text} at (0,676) size 22x26
              text run at (0,676) width 22: "::::"
            RenderBR {BR} at (21,676) size 1x26
            RenderText {#text} at (0,702) size 22x26
              text run at (0,702) width 22: ";;;;"
            RenderBR {BR} at (21,702) size 1x26
            RenderText {#text} at (0,728) size 40x26
              text run at (0,728) width 40: "<<<<"
            RenderBR {BR} at (39,728) size 1x26
            RenderText {#text} at (0,754) size 34x26
              text run at (0,754) width 34: "===="
            RenderBR {BR} at (33,754) size 1x26
            RenderText {#text} at (0,780) size 40x26
              text run at (0,780) width 40: ">>>>"
            RenderBR {BR} at (39,780) size 1x26
            RenderText {#text} at (0,806) size 35x26
              text run at (0,806) width 35: "????"
            RenderBR {BR} at (34,806) size 1x26
            RenderText {#text} at (0,832) size 43x26
              text run at (0,832) width 43: "@@@@"
            RenderBR {BR} at (42,832) size 1x26
            RenderText {#text} at (0,858) size 51x26
              text run at (0,858) width 51: "AAAA"
            RenderBR {BR} at (50,858) size 1x26
            RenderText {#text} at (0,884) size 51x26
              text run at (0,884) width 51: "BBBB"
            RenderBR {BR} at (50,884) size 1x26
            RenderText {#text} at (0,910) size 49x26
              text run at (0,910) width 49: "CCCC"
            RenderBR {BR} at (48,910) size 1x26
            RenderText {#text} at (0,936) size 57x26
              text run at (0,936) width 57: "DDDD"
            RenderBR {BR} at (56,936) size 1x26
            RenderText {#text} at (0,962) size 51x26
              text run at (0,962) width 51: "EEEE"
            RenderBR {BR} at (50,962) size 1x26
            RenderText {#text} at (0,988) size 44x26
              text run at (0,988) width 44: "FFFF"
            RenderBR {BR} at (43,988) size 1x26
            RenderText {#text} at (0,1014) size 52x26
              text run at (0,1014) width 52: "GGGG"
            RenderBR {BR} at (51,1014) size 1x26
            RenderText {#text} at (0,1040) size 53x26
              text run at (0,1040) width 53: "HHHH"
            RenderBR {BR} at (52,1040) size 1x26
            RenderText {#text} at (0,1066) size 20x26
              text run at (0,1066) width 20: "IIII"
            RenderBR {BR} at (19,1066) size 1x26
            RenderText {#text} at (0,1092) size 39x26
              text run at (0,1092) width 39: "JJJJ"
            RenderBR {BR} at (38,1092) size 1x26
            RenderText {#text} at (0,1118) size 50x26
              text run at (0,1118) width 50: "KKKK"
            RenderBR {BR} at (49,1118) size 1x26
            RenderText {#text} at (0,1144) size 43x26
              text run at (0,1144) width 43: "LLLL"
            RenderBR {BR} at (42,1144) size 1x26
            RenderText {#text} at (0,1170) size 60x26
              text run at (0,1170) width 60: "MMMM"
            RenderBR {BR} at (59,1170) size 1x26
            RenderText {#text} at (0,1196) size 46x26
              text run at (0,1196) width 46: "NNNN"
            RenderBR {BR} at (45,1196) size 1x26
            RenderText {#text} at (0,1222) size 63x26
              text run at (0,1222) width 63: "OOOO"
            RenderBR {BR} at (62,1222) size 1x26
            RenderText {#text} at (0,1248) size 46x26
              text run at (0,1248) width 46: "PPPP"
            RenderBR {BR} at (45,1248) size 1x26
            RenderText {#text} at (0,1274) size 63x26
              text run at (0,1274) width 63: "QQQQ"
            RenderBR {BR} at (62,1274) size 1x26
            RenderText {#text} at (0,1300) size 47x26
              text run at (0,1300) width 47: "RRRR"
            RenderBR {BR} at (46,1300) size 1x26
            RenderText {#text} at (0,1326) size 46x26
              text run at (0,1326) width 46: "SSSS"
            RenderBR {BR} at (45,1326) size 1x26
            RenderText {#text} at (0,1352) size 49x26
              text run at (0,1352) width 49: "TTTT"
            RenderBR {BR} at (48,1352) size 1x26
            RenderText {#text} at (0,1378) size 56x26
              text run at (0,1378) width 56: "UUUU"
            RenderBR {BR} at (55,1378) size 1x26
            RenderText {#text} at (0,1404) size 42x26
              text run at (0,1404) width 42: "VVVV"
            RenderBR {BR} at (41,1404) size 1x26
            RenderText {#text} at (0,1430) size 55x26
              text run at (0,1430) width 55: "WWWW"
            RenderBR {BR} at (54,1430) size 1x26
            RenderText {#text} at (0,1456) size 46x26
              text run at (0,1456) width 46: "XXXX"
            RenderBR {BR} at (45,1456) size 1x26
            RenderText {#text} at (0,1482) size 45x26
              text run at (0,1482) width 45: "YYYY"
            RenderBR {BR} at (44,1482) size 1x26
            RenderText {#text} at (0,1508) size 47x26
              text run at (0,1508) width 47: "ZZZZ"
            RenderBR {BR} at (46,1508) size 1x26
            RenderText {#text} at (0,1534) size 32x26
              text run at (0,1534) width 32: "[[[["
            RenderBR {BR} at (31,1534) size 1x26
            RenderText {#text} at (0,1560) size 38x26
              text run at (0,1560) width 38: "\\\\\\\\"
            RenderBR {BR} at (37,1560) size 1x26
            RenderText {#text} at (0,1586) size 32x26
              text run at (0,1586) width 32: "]]]]"
            RenderBR {BR} at (31,1586) size 1x26
            RenderText {#text} at (0,1612) size 38x26
              text run at (0,1612) width 38: "^^^^"
            RenderBR {BR} at (37,1612) size 1x26
            RenderText {#text} at (0,1638) size 36x26
              text run at (0,1638) width 36: "____"
            RenderBR {BR} at (36,1638) size 0x26
            RenderText {#text} at (0,1664) size 23x26
              text run at (0,1664) width 23: "````"
            RenderBR {BR} at (22,1664) size 1x26
            RenderText {#text} at (0,1690) size 39x26
              text run at (0,1690) width 39: "aaaa"
            RenderBR {BR} at (38,1690) size 1x26
            RenderText {#text} at (0,1716) size 43x26
              text run at (0,1716) width 43: "bbbb"
            RenderBR {BR} at (42,1716) size 1x26
            RenderText {#text} at (0,1742) size 36x26
              text run at (0,1742) width 36: "cccc"
            RenderBR {BR} at (35,1742) size 1x26
            RenderText {#text} at (0,1768) size 43x26
              text run at (0,1768) width 43: "dddd"
            RenderBR {BR} at (42,1768) size 1x26
            RenderText {#text} at (0,1794) size 38x26
              text run at (0,1794) width 38: "eeee"
            RenderBR {BR} at (37,1794) size 1x26
            RenderText {#text} at (0,1820) size 30x26
              text run at (0,1820) width 30: "ffff"
            RenderBR {BR} at (29,1820) size 1x26
            RenderText {#text} at (0,1846) size 39x26
              text run at (0,1846) width 39: "gggg"
            RenderBR {BR} at (38,1846) size 1x26
            RenderText {#text} at (0,1872) size 41x26
              text run at (0,1872) width 41: "hhhh"
            RenderBR {BR} at (40,1872) size 1x26
            RenderText {#text} at (0,1898) size 18x26
              text run at (0,1898) width 18: "iiii"
            RenderBR {BR} at (17,1898) size 1x26
            RenderText {#text} at (0,1924) size 18x26
              text run at (0,1924) width 18: "jjjj"
            RenderBR {BR} at (17,1924) size 1x26
            RenderText {#text} at (0,1950) size 40x26
              text run at (0,1950) width 40: "kkkk"
            RenderBR {BR} at (39,1950) size 1x26
            RenderText {#text} at (0,1976) size 19x26
              text run at (0,1976) width 19: "llll"
            RenderBR {BR} at (18,1976) size 1x26
            RenderText {#text} at (0,2002) size 50x26
              text run at (0,2002) width 50: "mmmm"
            RenderBR {BR} at (49,2002) size 1x26
            RenderText {#text} at (0,2028) size 40x26
              text run at (0,2028) width 40: "nnnn"
            RenderBR {BR} at (39,2028) size 1x26
            RenderText {#text} at (0,2054) size 43x26
              text run at (0,2054) width 43: "oooo"
            RenderBR {BR} at (42,2054) size 1x26
            RenderText {#text} at (0,2080) size 44x26
              text run at (0,2080) width 44: "pppp"
            RenderBR {BR} at (43,2080) size 1x26
            RenderText {#text} at (0,2106) size 41x26
              text run at (0,2106) width 41: "qqqq"
            RenderBR {BR} at (40,2106) size 1x26
            RenderText {#text} at (0,2132) size 29x26
              text run at (0,2132) width 29: "rrrr"
            RenderBR {BR} at (28,2132) size 1x26
            RenderText {#text} at (0,2158) size 35x26
              text run at (0,2158) width 35: "ssss"
            RenderBR {BR} at (34,2158) size 1x26
            RenderText {#text} at (0,2184) size 28x26
              text run at (0,2184) width 28: "tttt"
            RenderBR {BR} at (27,2184) size 1x26
            RenderText {#text} at (0,2210) size 40x26
              text run at (0,2210) width 40: "uuuu"
            RenderBR {BR} at (39,2210) size 1x26
            RenderText {#text} at (0,2236) size 33x26
              text run at (0,2236) width 33: "vvvv"
            RenderBR {BR} at (32,2236) size 1x26
            RenderText {#text} at (0,2262) size 46x26
              text run at (0,2262) width 46: "wwww"
            RenderBR {BR} at (45,2262) size 1x26
            RenderText {#text} at (0,2288) size 36x26
              text run at (0,2288) width 36: "xxxx"
            RenderBR {BR} at (35,2288) size 1x26
            RenderText {#text} at (0,2314) size 39x26
              text run at (0,2314) width 39: "yyyy"
            RenderBR {BR} at (38,2314) size 1x26
            RenderText {#text} at (0,2340) size 33x26
              text run at (0,2340) width 33: "zzzz"
            RenderBR {BR} at (32,2340) size 1x26
            RenderText {#text} at (0,2366) size 21x26
              text run at (0,2366) width 21: "{{{{"
            RenderBR {BR} at (20,2366) size 1x26
            RenderText {#text} at (0,2392) size 19x26
              text run at (0,2392) width 19: "||||"
            RenderBR {BR} at (18,2392) size 1x26
            RenderText {#text} at (0,2418) size 21x26
              text run at (0,2418) width 21: "}}}}"
            RenderBR {BR} at (20,2418) size 1x26
          RenderText {#text} at (0,0) size 0x0
      RenderBlock {P} at (0,4982) size 784x2444
        RenderInline {FONT} at (0,0) size 59x2444
          RenderText {#text} at (0,0) size 0x0
          RenderInline {I} at (0,0) size 59x2444
            RenderText {#text} at (0,0) size 15x26
              text run at (0,0) width 15: "    "
            RenderBR {BR} at (14,0) size 1x26
            RenderText {#text} at (0,26) size 17x26
              text run at (0,26) width 17: "!!!!"
            RenderBR {BR} at (16,26) size 1x26
            RenderText {#text} at (0,52) size 21x26
              text run at (0,52) width 21: "\"\"\"\""
            RenderBR {BR} at (20,52) size 1x26
            RenderText {#text} at (0,78) size 40x26
              text run at (0,78) width 40: "####"
            RenderBR {BR} at (39,78) size 1x26
            RenderText {#text} at (0,104) size 35x26
              text run at (0,104) width 35: "$$$$"
            RenderBR {BR} at (34,104) size 1x26
            RenderText {#text} at (0,130) size 49x26
              text run at (0,130) width 49: "%%%%"
            RenderBR {BR} at (48,130) size 1x26
            RenderText {#text} at (0,156) size 51x26
              text run at (0,156) width 51: "&&&&"
            RenderBR {BR} at (50,156) size 1x26
            RenderText {#text} at (0,182) size 13x26
              text run at (0,182) width 13: "''''"
            RenderBR {BR} at (12,182) size 1x26
            RenderText {#text} at (0,208) size 28x26
              text run at (0,208) width 28: "(((("
            RenderBR {BR} at (27,208) size 1x26
            RenderText {#text} at (0,234) size 28x26
              text run at (0,234) width 28: "))))"
            RenderBR {BR} at (27,234) size 1x26
            RenderText {#text} at (0,260) size 25x26
              text run at (0,260) width 25: "****"
            RenderBR {BR} at (24,260) size 1x26
            RenderText {#text} at (0,286) size 33x26
              text run at (0,286) width 33: "++++"
            RenderBR {BR} at (32,286) size 1x26
            RenderText {#text} at (0,312) size 18x26
              text run at (0,312) width 18: ",,,,"
            RenderBR {BR} at (17,312) size 1x26
            RenderText {#text} at (0,338) size 30x26
              text run at (0,338) width 30: "----"
            RenderBR {BR} at (29,338) size 1x26
            RenderText {#text} at (0,364) size 18x26
              text run at (0,364) width 18: "...."
            RenderBR {BR} at (17,364) size 1x26
            RenderText {#text} at (0,390) size 34x26
              text run at (0,390) width 34: "////"
            RenderBR {BR} at (33,390) size 1x26
            RenderText {#text} at (0,416) size 43x26
              text run at (0,416) width 43: "0000"
            RenderBR {BR} at (42,416) size 1x26
            RenderText {#text} at (0,442) size 17x26
              text run at (0,442) width 17: "1111"
            RenderBR {BR} at (16,442) size 1x26
            RenderText {#text} at (0,468) size 33x26
              text run at (0,468) width 33: "2222"
            RenderBR {BR} at (32,468) size 1x26
            RenderText {#text} at (0,494) size 31x26
              text run at (0,494) width 31: "3333"
            RenderBR {BR} at (30,494) size 1x26
            RenderText {#text} at (0,520) size 43x26
              text run at (0,520) width 43: "4444"
            RenderBR {BR} at (42,520) size 1x26
            RenderText {#text} at (0,546) size 32x26
              text run at (0,546) width 32: "5555"
            RenderBR {BR} at (31,546) size 1x26
            RenderText {#text} at (0,572) size 34x26
              text run at (0,572) width 34: "6666"
            RenderBR {BR} at (33,572) size 1x26
            RenderText {#text} at (0,598) size 30x26
              text run at (0,598) width 30: "7777"
            RenderBR {BR} at (29,598) size 1x26
            RenderText {#text} at (0,624) size 32x26
              text run at (0,624) width 32: "8888"
            RenderBR {BR} at (31,624) size 1x26
            RenderText {#text} at (0,650) size 34x26
              text run at (0,650) width 34: "9999"
            RenderBR {BR} at (33,650) size 1x26
            RenderText {#text} at (0,676) size 18x26
              text run at (0,676) width 18: "::::"
            RenderBR {BR} at (17,676) size 1x26
            RenderText {#text} at (0,702) size 18x26
              text run at (0,702) width 18: ";;;;"
            RenderBR {BR} at (17,702) size 1x26
            RenderText {#text} at (0,728) size 36x26
              text run at (0,728) width 36: "<<<<"
            RenderBR {BR} at (35,728) size 1x26
            RenderText {#text} at (0,754) size 30x26
              text run at (0,754) width 30: "===="
            RenderBR {BR} at (29,754) size 1x26
            RenderText {#text} at (0,780) size 36x26
              text run at (0,780) width 36: ">>>>"
            RenderBR {BR} at (35,780) size 1x26
            RenderText {#text} at (0,806) size 31x26
              text run at (0,806) width 31: "????"
            RenderBR {BR} at (30,806) size 1x26
            RenderText {#text} at (0,832) size 39x26
              text run at (0,832) width 39: "@@@@"
            RenderBR {BR} at (38,832) size 1x26
            RenderText {#text} at (0,858) size 47x26
              text run at (0,858) width 47: "AAAA"
            RenderBR {BR} at (46,858) size 1x26
            RenderText {#text} at (0,884) size 47x26
              text run at (0,884) width 47: "BBBB"
            RenderBR {BR} at (46,884) size 1x26
            RenderText {#text} at (0,910) size 45x26
              text run at (0,910) width 45: "CCCC"
            RenderBR {BR} at (44,910) size 1x26
            RenderText {#text} at (0,936) size 53x26
              text run at (0,936) width 53: "DDDD"
            RenderBR {BR} at (52,936) size 1x26
            RenderText {#text} at (0,962) size 47x26
              text run at (0,962) width 47: "EEEE"
            RenderBR {BR} at (46,962) size 1x26
            RenderText {#text} at (0,988) size 40x26
              text run at (0,988) width 40: "FFFF"
            RenderBR {BR} at (39,988) size 1x26
            RenderText {#text} at (0,1014) size 48x26
              text run at (0,1014) width 48: "GGGG"
            RenderBR {BR} at (47,1014) size 1x26
            RenderText {#text} at (0,1040) size 49x26
              text run at (0,1040) width 49: "HHHH"
            RenderBR {BR} at (48,1040) size 1x26
            RenderText {#text} at (0,1066) size 16x26
              text run at (0,1066) width 16: "IIII"
            RenderBR {BR} at (15,1066) size 1x26
            RenderText {#text} at (0,1092) size 35x26
              text run at (0,1092) width 35: "JJJJ"
            RenderBR {BR} at (34,1092) size 1x26
            RenderText {#text} at (0,1118) size 46x26
              text run at (0,1118) width 46: "KKKK"
            RenderBR {BR} at (45,1118) size 1x26
            RenderText {#text} at (0,1144) size 39x26
              text run at (0,1144) width 39: "LLLL"
            RenderBR {BR} at (38,1144) size 1x26
            RenderText {#text} at (0,1170) size 56x26
              text run at (0,1170) width 56: "MMMM"
            RenderBR {BR} at (55,1170) size 1x26
            RenderText {#text} at (0,1196) size 42x26
              text run at (0,1196) width 42: "NNNN"
            RenderBR {BR} at (41,1196) size 1x26
            RenderText {#text} at (0,1222) size 59x26
              text run at (0,1222) width 59: "OOOO"
            RenderBR {BR} at (58,1222) size 1x26
            RenderText {#text} at (0,1248) size 42x26
              text run at (0,1248) width 42: "PPPP"
            RenderBR {BR} at (41,1248) size 1x26
            RenderText {#text} at (0,1274) size 59x26
              text run at (0,1274) width 59: "QQQQ"
            RenderBR {BR} at (58,1274) size 1x26
            RenderText {#text} at (0,1300) size 43x26
              text run at (0,1300) width 43: "RRRR"
            RenderBR {BR} at (42,1300) size 1x26
            RenderText {#text} at (0,1326) size 42x26
              text run at (0,1326) width 42: "SSSS"
            RenderBR {BR} at (41,1326) size 1x26
            RenderText {#text} at (0,1352) size 45x26
              text run at (0,1352) width 45: "TTTT"
            RenderBR {BR} at (44,1352) size 1x26
            RenderText {#text} at (0,1378) size 52x26
              text run at (0,1378) width 52: "UUUU"
            RenderBR {BR} at (51,1378) size 1x26
            RenderText {#text} at (0,1404) size 38x26
              text run at (0,1404) width 38: "VVVV"
            RenderBR {BR} at (37,1404) size 1x26
            RenderText {#text} at (0,1430) size 51x26
              text run at (0,1430) width 51: "WWWW"
            RenderBR {BR} at (50,1430) size 1x26
            RenderText {#text} at (0,1456) size 42x26
              text run at (0,1456) width 42: "XXXX"
            RenderBR {BR} at (41,1456) size 1x26
            RenderText {#text} at (0,1482) size 41x26
              text run at (0,1482) width 41: "YYYY"
            RenderBR {BR} at (40,1482) size 1x26
            RenderText {#text} at (0,1508) size 43x26
              text run at (0,1508) width 43: "ZZZZ"
            RenderBR {BR} at (42,1508) size 1x26
            RenderText {#text} at (0,1534) size 28x26
              text run at (0,1534) width 28: "[[[["
            RenderBR {BR} at (27,1534) size 1x26
            RenderText {#text} at (0,1560) size 34x26
              text run at (0,1560) width 34: "\\\\\\\\"
            RenderBR {BR} at (33,1560) size 1x26
            RenderText {#text} at (0,1586) size 28x26
              text run at (0,1586) width 28: "]]]]"
            RenderBR {BR} at (27,1586) size 1x26
            RenderText {#text} at (0,1612) size 34x26
              text run at (0,1612) width 34: "^^^^"
            RenderBR {BR} at (33,1612) size 1x26
            RenderText {#text} at (0,1638) size 32x26
              text run at (0,1638) width 32: "____"
            RenderBR {BR} at (32,1638) size 0x26
            RenderText {#text} at (0,1664) size 19x26
              text run at (0,1664) width 19: "````"
            RenderBR {BR} at (18,1664) size 1x26
            RenderText {#text} at (0,1690) size 35x26
              text run at (0,1690) width 35: "aaaa"
            RenderBR {BR} at (34,1690) size 1x26
            RenderText {#text} at (0,1716) size 39x26
              text run at (0,1716) width 39: "bbbb"
            RenderBR {BR} at (38,1716) size 1x26
            RenderText {#text} at (0,1742) size 32x26
              text run at (0,1742) width 32: "cccc"
            RenderBR {BR} at (31,1742) size 1x26
            RenderText {#text} at (0,1768) size 39x26
              text run at (0,1768) width 39: "dddd"
            RenderBR {BR} at (38,1768) size 1x26
            RenderText {#text} at (0,1794) size 34x26
              text run at (0,1794) width 34: "eeee"
            RenderBR {BR} at (33,1794) size 1x26
            RenderText {#text} at (0,1820) size 26x26
              text run at (0,1820) width 26: "ffff"
            RenderBR {BR} at (25,1820) size 1x26
            RenderText {#text} at (0,1846) size 35x26
              text run at (0,1846) width 35: "gggg"
            RenderBR {BR} at (34,1846) size 1x26
            RenderText {#text} at (0,1872) size 37x26
              text run at (0,1872) width 37: "hhhh"
            RenderBR {BR} at (36,1872) size 1x26
            RenderText {#text} at (0,1898) size 14x26
              text run at (0,1898) width 14: "iiii"
            RenderBR {BR} at (13,1898) size 1x26
            RenderText {#text} at (0,1924) size 14x26
              text run at (0,1924) width 14: "jjjj"
            RenderBR {BR} at (13,1924) size 1x26
            RenderText {#text} at (0,1950) size 36x26
              text run at (0,1950) width 36: "kkkk"
            RenderBR {BR} at (35,1950) size 1x26
            RenderText {#text} at (0,1976) size 15x26
              text run at (0,1976) width 15: "llll"
            RenderBR {BR} at (14,1976) size 1x26
            RenderText {#text} at (0,2002) size 46x26
              text run at (0,2002) width 46: "mmmm"
            RenderBR {BR} at (45,2002) size 1x26
            RenderText {#text} at (0,2028) size 36x26
              text run at (0,2028) width 36: "nnnn"
            RenderBR {BR} at (35,2028) size 1x26
            RenderText {#text} at (0,2054) size 39x26
              text run at (0,2054) width 39: "oooo"
            RenderBR {BR} at (38,2054) size 1x26
            RenderText {#text} at (0,2080) size 40x26
              text run at (0,2080) width 40: "pppp"
            RenderBR {BR} at (39,2080) size 1x26
            RenderText {#text} at (0,2106) size 37x26
              text run at (0,2106) width 37: "qqqq"
            RenderBR {BR} at (36,2106) size 1x26
            RenderText {#text} at (0,2132) size 25x26
              text run at (0,2132) width 25: "rrrr"
            RenderBR {BR} at (24,2132) size 1x26
            RenderText {#text} at (0,2158) size 31x26
              text run at (0,2158) width 31: "ssss"
            RenderBR {BR} at (30,2158) size 1x26
            RenderText {#text} at (0,2184) size 24x26
              text run at (0,2184) width 24: "tttt"
            RenderBR {BR} at (23,2184) size 1x26
            RenderText {#text} at (0,2210) size 36x26
              text run at (0,2210) width 36: "uuuu"
            RenderBR {BR} at (35,2210) size 1x26
            RenderText {#text} at (0,2236) size 29x26
              text run at (0,2236) width 29: "vvvv"
            RenderBR {BR} at (28,2236) size 1x26
            RenderText {#text} at (0,2262) size 42x26
              text run at (0,2262) width 42: "wwww"
            RenderBR {BR} at (41,2262) size 1x26
            RenderText {#text} at (0,2288) size 32x26
              text run at (0,2288) width 32: "xxxx"
            RenderBR {BR} at (31,2288) size 1x26
            RenderText {#text} at (0,2314) size 35x26
              text run at (0,2314) width 35: "yyyy"
            RenderBR {BR} at (34,2314) size 1x26
            RenderText {#text} at (0,2340) size 29x26
              text run at (0,2340) width 29: "zzzz"
            RenderBR {BR} at (28,2340) size 1x26
            RenderText {#text} at (0,2366) size 17x26
              text run at (0,2366) width 17: "{{{{"
            RenderBR {BR} at (16,2366) size 1x26
            RenderText {#text} at (0,2392) size 15x26
              text run at (0,2392) width 15: "||||"
            RenderBR {BR} at (14,2392) size 1x26
            RenderText {#text} at (0,2418) size 17x26
              text run at (0,2418) width 17: "}}}}"
            RenderBR {BR} at (16,2418) size 1x26
          RenderText {#text} at (0,0) size 0x0
        RenderText {#text} at (0,0) size 0x0
