layer at (0,0) size 800x4426
  RenderView at (0,0) size 800x600
layer at (0,0) size 800x4426
  RenderBlock {HTML} at (0,0) size 800x4426
    RenderBody {BODY} at (8,8) size 784x4402
      RenderBlock (anonymous) at (0,0) size 784x20
        RenderText {#text} at (0,0) size 360x19
          text run at (0,0) width 360: "This tests font choices and metrics for monospace fonts."
      RenderBlock {P} at (0,36) size 784x170
        RenderInline {FONT} at (0,0) size 778x170
          RenderText {#text} at (0,0) size 58x17
            text run at (0,0) width 58: "Monaco"
          RenderBR {BR} at (57,0) size 1x17
          RenderText {#text} at (0,17) size 778x51
            text run at (0,17) width 778: "  ! \" # $ % & ' ( ) * + , - . / 0 1 2 3 4 5 6 7 8 9 : ; < = > ? @ A B C D E F G H"
            text run at (0,34) width 778: "I J K L M N O P Q R S T U V W X Y Z [ \\ ] ^ _ ` a b c d e f g h i j k l m n o p q"
            text run at (0,51) width 241: "r s t u v w x y z { | } >"
          RenderBR {BR} at (240,51) size 1x17
          RenderInline {B} at (0,0) size 778x51
            RenderText {#text} at (0,68) size 778x51
              text run at (0,68) width 778: "  ! \" # $ % & ' ( ) * + , - . / 0 1 2 3 4 5 6 7 8 9 : ; < = > ? @ A B C D E F G H"
              text run at (0,85) width 778: "I J K L M N O P Q R S T U V W X Y Z [ \\ ] ^ _ ` a b c d e f g h i j k l m n o p q"
              text run at (0,102) width 250: "r s t u v w x y z { | } > "
          RenderBR {BR} at (249,102) size 1x17
          RenderInline {I} at (0,0) size 778x51
            RenderText {#text} at (0,119) size 778x51
              text run at (0,119) width 778: "  ! \" # $ % & ' ( ) * + , - . / 0 1 2 3 4 5 6 7 8 9 : ; < = > ? @ A B C D E F G H"
              text run at (0,136) width 778: "I J K L M N O P Q R S T U V W X Y Z [ \\ ] ^ _ ` a b c d e f g h i j k l m n o p q"
              text run at (0,153) width 241: "r s t u v w x y z { | } >"
          RenderText {#text} at (0,0) size 0x0
        RenderText {#text} at (0,0) size 0x0
      RenderBlock {P} at (0,222) size 784x170
        RenderInline {FONT} at (0,0) size 778x170
          RenderText {#text} at (0,0) size 68x17
            text run at (0,0) width 68: "Courier"
          RenderBR {BR} at (67,0) size 1x17
          RenderText {#text} at (0,17) size 778x51
            text run at (0,17) width 778: "  ! \" # $ % & ' ( ) * + , - . / 0 1 2 3 4 5 6 7 8 9 : ; < = > ? @ A B C D E F G H"
            text run at (0,34) width 778: "I J K L M N O P Q R S T U V W X Y Z [ \\ ] ^ _ ` a b c d e f g h i j k l m n o p q"
            text run at (0,51) width 241: "r s t u v w x y z { | } >"
          RenderBR {BR} at (240,51) size 1x17
          RenderInline {B} at (0,0) size 778x51
            RenderText {#text} at (0,68) size 778x51
              text run at (0,68) width 778: "  ! \" # $ % & ' ( ) * + , - . / 0 1 2 3 4 5 6 7 8 9 : ; < = > ? @ A B C D E F G H"
              text run at (0,85) width 778: "I J K L M N O P Q R S T U V W X Y Z [ \\ ] ^ _ ` a b c d e f g h i j k l m n o p q"
              text run at (0,102) width 250: "r s t u v w x y z { | } > "
          RenderBR {BR} at (249,102) size 1x17
          RenderInline {I} at (0,0) size 778x51
            RenderText {#text} at (0,119) size 778x51
              text run at (0,119) width 778: "  ! \" # $ % & ' ( ) * + , - . / 0 1 2 3 4 5 6 7 8 9 : ; < = > ? @ A B C D E F G H"
              text run at (0,136) width 778: "I J K L M N O P Q R S T U V W X Y Z [ \\ ] ^ _ ` a b c d e f g h i j k l m n o p q"
              text run at (0,153) width 241: "r s t u v w x y z { | } >"
          RenderText {#text} at (0,0) size 0x0
        RenderText {#text} at (0,0) size 0x0
      RenderBlock {P} at (0,408) size 784x1330
        RenderInline {FONT} at (0,0) size 71x1330
          RenderText {#text} at (0,0) size 71x14
            text run at (0,0) width 71: "monospace"
          RenderBR {BR} at (70,0) size 1x14
          RenderText {#text} at (0,14) size 32x14
            text run at (0,14) width 32: "    "
          RenderBR {BR} at (31,14) size 1x14
          RenderText {#text} at (0,28) size 32x14
            text run at (0,28) width 32: "!!!!"
          RenderBR {BR} at (31,28) size 1x14
          RenderText {#text} at (0,42) size 32x14
            text run at (0,42) width 32: "\"\"\"\""
          RenderBR {BR} at (31,42) size 1x14
          RenderText {#text} at (0,56) size 32x14
            text run at (0,56) width 32: "####"
          RenderBR {BR} at (31,56) size 1x14
          RenderText {#text} at (0,70) size 32x14
            text run at (0,70) width 32: "$$$$"
          RenderBR {BR} at (31,70) size 1x14
          RenderText {#text} at (0,84) size 32x14
            text run at (0,84) width 32: "%%%%"
          RenderBR {BR} at (31,84) size 1x14
          RenderText {#text} at (0,98) size 32x14
            text run at (0,98) width 32: "&&&&"
          RenderBR {BR} at (31,98) size 1x14
          RenderText {#text} at (0,112) size 32x14
            text run at (0,112) width 32: "''''"
          RenderBR {BR} at (31,112) size 1x14
          RenderText {#text} at (0,126) size 32x14
            text run at (0,126) width 32: "(((("
          RenderBR {BR} at (31,126) size 1x14
          RenderText {#text} at (0,140) size 32x14
            text run at (0,140) width 32: "))))"
          RenderBR {BR} at (31,140) size 1x14
          RenderText {#text} at (0,154) size 32x14
            text run at (0,154) width 32: "****"
          RenderBR {BR} at (31,154) size 1x14
          RenderText {#text} at (0,168) size 32x14
            text run at (0,168) width 32: "++++"
          RenderBR {BR} at (31,168) size 1x14
          RenderText {#text} at (0,182) size 32x14
            text run at (0,182) width 32: ",,,,"
          RenderBR {BR} at (31,182) size 1x14
          RenderText {#text} at (0,196) size 32x14
            text run at (0,196) width 32: "----"
          RenderBR {BR} at (31,196) size 1x14
          RenderText {#text} at (0,210) size 32x14
            text run at (0,210) width 32: "...."
          RenderBR {BR} at (31,210) size 1x14
          RenderText {#text} at (0,224) size 32x14
            text run at (0,224) width 32: "////"
          RenderBR {BR} at (31,224) size 1x14
          RenderText {#text} at (0,238) size 32x14
            text run at (0,238) width 32: "0000"
          RenderBR {BR} at (31,238) size 1x14
          RenderText {#text} at (0,252) size 32x14
            text run at (0,252) width 32: "1111"
          RenderBR {BR} at (31,252) size 1x14
          RenderText {#text} at (0,266) size 32x14
            text run at (0,266) width 32: "2222"
          RenderBR {BR} at (31,266) size 1x14
          RenderText {#text} at (0,280) size 32x14
            text run at (0,280) width 32: "3333"
          RenderBR {BR} at (31,280) size 1x14
          RenderText {#text} at (0,294) size 32x14
            text run at (0,294) width 32: "4444"
          RenderBR {BR} at (31,294) size 1x14
          RenderText {#text} at (0,308) size 32x14
            text run at (0,308) width 32: "5555"
          RenderBR {BR} at (31,308) size 1x14
          RenderText {#text} at (0,322) size 32x14
            text run at (0,322) width 32: "6666"
          RenderBR {BR} at (31,322) size 1x14
          RenderText {#text} at (0,336) size 32x14
            text run at (0,336) width 32: "7777"
          RenderBR {BR} at (31,336) size 1x14
          RenderText {#text} at (0,350) size 32x14
            text run at (0,350) width 32: "8888"
          RenderBR {BR} at (31,350) size 1x14
          RenderText {#text} at (0,364) size 32x14
            text run at (0,364) width 32: "9999"
          RenderBR {BR} at (31,364) size 1x14
          RenderText {#text} at (0,378) size 32x14
            text run at (0,378) width 32: "::::"
          RenderBR {BR} at (31,378) size 1x14
          RenderText {#text} at (0,392) size 32x14
            text run at (0,392) width 32: ";;;;"
          RenderBR {BR} at (31,392) size 1x14
          RenderText {#text} at (0,406) size 32x14
            text run at (0,406) width 32: "<<<<"
          RenderBR {BR} at (31,406) size 1x14
          RenderText {#text} at (0,420) size 32x14
            text run at (0,420) width 32: "===="
          RenderBR {BR} at (31,420) size 1x14
          RenderText {#text} at (0,434) size 32x14
            text run at (0,434) width 32: ">>>>"
          RenderBR {BR} at (31,434) size 1x14
          RenderText {#text} at (0,448) size 32x14
            text run at (0,448) width 32: "????"
          RenderBR {BR} at (31,448) size 1x14
          RenderText {#text} at (0,462) size 32x14
            text run at (0,462) width 32: "@@@@"
          RenderBR {BR} at (31,462) size 1x14
          RenderText {#text} at (0,476) size 32x14
            text run at (0,476) width 32: "AAAA"
          RenderBR {BR} at (31,476) size 1x14
          RenderText {#text} at (0,490) size 32x14
            text run at (0,490) width 32: "BBBB"
          RenderBR {BR} at (31,490) size 1x14
          RenderText {#text} at (0,504) size 32x14
            text run at (0,504) width 32: "CCCC"
          RenderBR {BR} at (31,504) size 1x14
          RenderText {#text} at (0,518) size 32x14
            text run at (0,518) width 32: "DDDD"
          RenderBR {BR} at (31,518) size 1x14
          RenderText {#text} at (0,532) size 32x14
            text run at (0,532) width 32: "EEEE"
          RenderBR {BR} at (31,532) size 1x14
          RenderText {#text} at (0,546) size 32x14
            text run at (0,546) width 32: "FFFF"
          RenderBR {BR} at (31,546) size 1x14
          RenderText {#text} at (0,560) size 32x14
            text run at (0,560) width 32: "GGGG"
          RenderBR {BR} at (31,560) size 1x14
          RenderText {#text} at (0,574) size 32x14
            text run at (0,574) width 32: "HHHH"
          RenderBR {BR} at (31,574) size 1x14
          RenderText {#text} at (0,588) size 32x14
            text run at (0,588) width 32: "IIII"
          RenderBR {BR} at (31,588) size 1x14
          RenderText {#text} at (0,602) size 32x14
            text run at (0,602) width 32: "JJJJ"
          RenderBR {BR} at (31,602) size 1x14
          RenderText {#text} at (0,616) size 32x14
            text run at (0,616) width 32: "KKKK"
          RenderBR {BR} at (31,616) size 1x14
          RenderText {#text} at (0,630) size 32x14
            text run at (0,630) width 32: "LLLL"
          RenderBR {BR} at (31,630) size 1x14
          RenderText {#text} at (0,644) size 32x14
            text run at (0,644) width 32: "MMMM"
          RenderBR {BR} at (31,644) size 1x14
          RenderText {#text} at (0,658) size 32x14
            text run at (0,658) width 32: "NNNN"
          RenderBR {BR} at (31,658) size 1x14
          RenderText {#text} at (0,672) size 32x14
            text run at (0,672) width 32: "OOOO"
          RenderBR {BR} at (31,672) size 1x14
          RenderText {#text} at (0,686) size 32x14
            text run at (0,686) width 32: "PPPP"
          RenderBR {BR} at (31,686) size 1x14
          RenderText {#text} at (0,700) size 32x14
            text run at (0,700) width 32: "QQQQ"
          RenderBR {BR} at (31,700) size 1x14
          RenderText {#text} at (0,714) size 32x14
            text run at (0,714) width 32: "RRRR"
          RenderBR {BR} at (31,714) size 1x14
          RenderText {#text} at (0,728) size 32x14
            text run at (0,728) width 32: "SSSS"
          RenderBR {BR} at (31,728) size 1x14
          RenderText {#text} at (0,742) size 32x14
            text run at (0,742) width 32: "TTTT"
          RenderBR {BR} at (31,742) size 1x14
          RenderText {#text} at (0,756) size 32x14
            text run at (0,756) width 32: "UUUU"
          RenderBR {BR} at (31,756) size 1x14
          RenderText {#text} at (0,770) size 32x14
            text run at (0,770) width 32: "VVVV"
          RenderBR {BR} at (31,770) size 1x14
          RenderText {#text} at (0,784) size 32x14
            text run at (0,784) width 32: "WWWW"
          RenderBR {BR} at (31,784) size 1x14
          RenderText {#text} at (0,798) size 32x14
            text run at (0,798) width 32: "XXXX"
          RenderBR {BR} at (31,798) size 1x14
          RenderText {#text} at (0,812) size 32x14
            text run at (0,812) width 32: "YYYY"
          RenderBR {BR} at (31,812) size 1x14
          RenderText {#text} at (0,826) size 32x14
            text run at (0,826) width 32: "ZZZZ"
          RenderBR {BR} at (31,826) size 1x14
          RenderText {#text} at (0,840) size 32x14
            text run at (0,840) width 32: "[[[["
          RenderBR {BR} at (31,840) size 1x14
          RenderText {#text} at (0,854) size 32x14
            text run at (0,854) width 32: "\\\\\\\\"
          RenderBR {BR} at (31,854) size 1x14
          RenderText {#text} at (0,868) size 32x14
            text run at (0,868) width 32: "]]]]"
          RenderBR {BR} at (31,868) size 1x14
          RenderText {#text} at (0,882) size 32x14
            text run at (0,882) width 32: "^^^^"
          RenderBR {BR} at (31,882) size 1x14
          RenderText {#text} at (0,896) size 32x14
            text run at (0,896) width 32: "____"
          RenderBR {BR} at (31,896) size 1x14
          RenderText {#text} at (0,910) size 32x14
            text run at (0,910) width 32: "````"
          RenderBR {BR} at (31,910) size 1x14
          RenderText {#text} at (0,924) size 32x14
            text run at (0,924) width 32: "aaaa"
          RenderBR {BR} at (31,924) size 1x14
          RenderText {#text} at (0,938) size 32x14
            text run at (0,938) width 32: "bbbb"
          RenderBR {BR} at (31,938) size 1x14
          RenderText {#text} at (0,952) size 32x14
            text run at (0,952) width 32: "cccc"
          RenderBR {BR} at (31,952) size 1x14
          RenderText {#text} at (0,966) size 32x14
            text run at (0,966) width 32: "dddd"
          RenderBR {BR} at (31,966) size 1x14
          RenderText {#text} at (0,980) size 32x14
            text run at (0,980) width 32: "eeee"
          RenderBR {BR} at (31,980) size 1x14
          RenderText {#text} at (0,994) size 32x14
            text run at (0,994) width 32: "ffff"
          RenderBR {BR} at (31,994) size 1x14
          RenderText {#text} at (0,1008) size 32x14
            text run at (0,1008) width 32: "gggg"
          RenderBR {BR} at (31,1008) size 1x14
          RenderText {#text} at (0,1022) size 32x14
            text run at (0,1022) width 32: "hhhh"
          RenderBR {BR} at (31,1022) size 1x14
          RenderText {#text} at (0,1036) size 32x14
            text run at (0,1036) width 32: "iiii"
          RenderBR {BR} at (31,1036) size 1x14
          RenderText {#text} at (0,1050) size 32x14
            text run at (0,1050) width 32: "jjjj"
          RenderBR {BR} at (31,1050) size 1x14
          RenderText {#text} at (0,1064) size 32x14
            text run at (0,1064) width 32: "kkkk"
          RenderBR {BR} at (31,1064) size 1x14
          RenderText {#text} at (0,1078) size 32x14
            text run at (0,1078) width 32: "llll"
          RenderBR {BR} at (31,1078) size 1x14
          RenderText {#text} at (0,1092) size 32x14
            text run at (0,1092) width 32: "mmmm"
          RenderBR {BR} at (31,1092) size 1x14
          RenderText {#text} at (0,1106) size 32x14
            text run at (0,1106) width 32: "nnnn"
          RenderBR {BR} at (31,1106) size 1x14
          RenderText {#text} at (0,1120) size 32x14
            text run at (0,1120) width 32: "oooo"
          RenderBR {BR} at (31,1120) size 1x14
          RenderText {#text} at (0,1134) size 32x14
            text run at (0,1134) width 32: "pppp"
          RenderBR {BR} at (31,1134) size 1x14
          RenderText {#text} at (0,1148) size 32x14
            text run at (0,1148) width 32: "qqqq"
          RenderBR {BR} at (31,1148) size 1x14
          RenderText {#text} at (0,1162) size 32x14
            text run at (0,1162) width 32: "rrrr"
          RenderBR {BR} at (31,1162) size 1x14
          RenderText {#text} at (0,1176) size 32x14
            text run at (0,1176) width 32: "ssss"
          RenderBR {BR} at (31,1176) size 1x14
          RenderText {#text} at (0,1190) size 32x14
            text run at (0,1190) width 32: "tttt"
          RenderBR {BR} at (31,1190) size 1x14
          RenderText {#text} at (0,1204) size 32x14
            text run at (0,1204) width 32: "uuuu"
          RenderBR {BR} at (31,1204) size 1x14
          RenderText {#text} at (0,1218) size 32x14
            text run at (0,1218) width 32: "vvvv"
          RenderBR {BR} at (31,1218) size 1x14
          RenderText {#text} at (0,1232) size 32x14
            text run at (0,1232) width 32: "wwww"
          RenderBR {BR} at (31,1232) size 1x14
          RenderText {#text} at (0,1246) size 32x14
            text run at (0,1246) width 32: "xxxx"
          RenderBR {BR} at (31,1246) size 1x14
          RenderText {#text} at (0,1260) size 32x14
            text run at (0,1260) width 32: "yyyy"
          RenderBR {BR} at (31,1260) size 1x14
          RenderText {#text} at (0,1274) size 32x14
            text run at (0,1274) width 32: "zzzz"
          RenderBR {BR} at (31,1274) size 1x14
          RenderText {#text} at (0,1288) size 32x14
            text run at (0,1288) width 32: "{{{{"
          RenderBR {BR} at (31,1288) size 1x14
          RenderText {#text} at (0,1302) size 32x14
            text run at (0,1302) width 32: "||||"
          RenderBR {BR} at (31,1302) size 1x14
          RenderText {#text} at (0,1316) size 32x14
            text run at (0,1316) width 32: "}}}}"
          RenderBR {BR} at (31,1316) size 1x14
      RenderBlock {P} at (0,1754) size 784x1316
        RenderInline {FONT} at (0,0) size 32x1316
          RenderText {#text} at (0,0) size 0x0
          RenderInline {B} at (0,0) size 32x1316
            RenderText {#text} at (0,0) size 32x14
              text run at (0,0) width 32: "    "
            RenderBR {BR} at (31,0) size 1x14
            RenderText {#text} at (0,14) size 32x14
              text run at (0,14) width 32: "!!!!"
            RenderBR {BR} at (31,14) size 1x14
            RenderText {#text} at (0,28) size 32x14
              text run at (0,28) width 32: "\"\"\"\""
            RenderBR {BR} at (31,28) size 1x14
            RenderText {#text} at (0,42) size 32x14
              text run at (0,42) width 32: "####"
            RenderBR {BR} at (31,42) size 1x14
            RenderText {#text} at (0,56) size 32x14
              text run at (0,56) width 32: "$$$$"
            RenderBR {BR} at (31,56) size 1x14
            RenderText {#text} at (0,70) size 32x14
              text run at (0,70) width 32: "%%%%"
            RenderBR {BR} at (31,70) size 1x14
            RenderText {#text} at (0,84) size 32x14
              text run at (0,84) width 32: "&&&&"
            RenderBR {BR} at (31,84) size 1x14
            RenderText {#text} at (0,98) size 32x14
              text run at (0,98) width 32: "''''"
            RenderBR {BR} at (31,98) size 1x14
            RenderText {#text} at (0,112) size 32x14
              text run at (0,112) width 32: "(((("
            RenderBR {BR} at (31,112) size 1x14
            RenderText {#text} at (0,126) size 32x14
              text run at (0,126) width 32: "))))"
            RenderBR {BR} at (31,126) size 1x14
            RenderText {#text} at (0,140) size 32x14
              text run at (0,140) width 32: "****"
            RenderBR {BR} at (31,140) size 1x14
            RenderText {#text} at (0,154) size 32x14
              text run at (0,154) width 32: "++++"
            RenderBR {BR} at (31,154) size 1x14
            RenderText {#text} at (0,168) size 32x14
              text run at (0,168) width 32: ",,,,"
            RenderBR {BR} at (31,168) size 1x14
            RenderText {#text} at (0,182) size 32x14
              text run at (0,182) width 32: "----"
            RenderBR {BR} at (31,182) size 1x14
            RenderText {#text} at (0,196) size 32x14
              text run at (0,196) width 32: "...."
            RenderBR {BR} at (31,196) size 1x14
            RenderText {#text} at (0,210) size 32x14
              text run at (0,210) width 32: "////"
            RenderBR {BR} at (31,210) size 1x14
            RenderText {#text} at (0,224) size 32x14
              text run at (0,224) width 32: "0000"
            RenderBR {BR} at (31,224) size 1x14
            RenderText {#text} at (0,238) size 32x14
              text run at (0,238) width 32: "1111"
            RenderBR {BR} at (31,238) size 1x14
            RenderText {#text} at (0,252) size 32x14
              text run at (0,252) width 32: "2222"
            RenderBR {BR} at (31,252) size 1x14
            RenderText {#text} at (0,266) size 32x14
              text run at (0,266) width 32: "3333"
            RenderBR {BR} at (31,266) size 1x14
            RenderText {#text} at (0,280) size 32x14
              text run at (0,280) width 32: "4444"
            RenderBR {BR} at (31,280) size 1x14
            RenderText {#text} at (0,294) size 32x14
              text run at (0,294) width 32: "5555"
            RenderBR {BR} at (31,294) size 1x14
            RenderText {#text} at (0,308) size 32x14
              text run at (0,308) width 32: "6666"
            RenderBR {BR} at (31,308) size 1x14
            RenderText {#text} at (0,322) size 32x14
              text run at (0,322) width 32: "7777"
            RenderBR {BR} at (31,322) size 1x14
            RenderText {#text} at (0,336) size 32x14
              text run at (0,336) width 32: "8888"
            RenderBR {BR} at (31,336) size 1x14
            RenderText {#text} at (0,350) size 32x14
              text run at (0,350) width 32: "9999"
            RenderBR {BR} at (31,350) size 1x14
            RenderText {#text} at (0,364) size 32x14
              text run at (0,364) width 32: "::::"
            RenderBR {BR} at (31,364) size 1x14
            RenderText {#text} at (0,378) size 32x14
              text run at (0,378) width 32: ";;;;"
            RenderBR {BR} at (31,378) size 1x14
            RenderText {#text} at (0,392) size 32x14
              text run at (0,392) width 32: "<<<<"
            RenderBR {BR} at (31,392) size 1x14
            RenderText {#text} at (0,406) size 32x14
              text run at (0,406) width 32: "===="
            RenderBR {BR} at (31,406) size 1x14
            RenderText {#text} at (0,420) size 32x14
              text run at (0,420) width 32: ">>>>"
            RenderBR {BR} at (31,420) size 1x14
            RenderText {#text} at (0,434) size 32x14
              text run at (0,434) width 32: "????"
            RenderBR {BR} at (31,434) size 1x14
            RenderText {#text} at (0,448) size 32x14
              text run at (0,448) width 32: "@@@@"
            RenderBR {BR} at (31,448) size 1x14
            RenderText {#text} at (0,462) size 32x14
              text run at (0,462) width 32: "AAAA"
            RenderBR {BR} at (31,462) size 1x14
            RenderText {#text} at (0,476) size 32x14
              text run at (0,476) width 32: "BBBB"
            RenderBR {BR} at (31,476) size 1x14
            RenderText {#text} at (0,490) size 32x14
              text run at (0,490) width 32: "CCCC"
            RenderBR {BR} at (31,490) size 1x14
            RenderText {#text} at (0,504) size 32x14
              text run at (0,504) width 32: "DDDD"
            RenderBR {BR} at (31,504) size 1x14
            RenderText {#text} at (0,518) size 32x14
              text run at (0,518) width 32: "EEEE"
            RenderBR {BR} at (31,518) size 1x14
            RenderText {#text} at (0,532) size 32x14
              text run at (0,532) width 32: "FFFF"
            RenderBR {BR} at (31,532) size 1x14
            RenderText {#text} at (0,546) size 32x14
              text run at (0,546) width 32: "GGGG"
            RenderBR {BR} at (31,546) size 1x14
            RenderText {#text} at (0,560) size 32x14
              text run at (0,560) width 32: "HHHH"
            RenderBR {BR} at (31,560) size 1x14
            RenderText {#text} at (0,574) size 32x14
              text run at (0,574) width 32: "IIII"
            RenderBR {BR} at (31,574) size 1x14
            RenderText {#text} at (0,588) size 32x14
              text run at (0,588) width 32: "JJJJ"
            RenderBR {BR} at (31,588) size 1x14
            RenderText {#text} at (0,602) size 32x14
              text run at (0,602) width 32: "KKKK"
            RenderBR {BR} at (31,602) size 1x14
            RenderText {#text} at (0,616) size 32x14
              text run at (0,616) width 32: "LLLL"
            RenderBR {BR} at (31,616) size 1x14
            RenderText {#text} at (0,630) size 32x14
              text run at (0,630) width 32: "MMMM"
            RenderBR {BR} at (31,630) size 1x14
            RenderText {#text} at (0,644) size 32x14
              text run at (0,644) width 32: "NNNN"
            RenderBR {BR} at (31,644) size 1x14
            RenderText {#text} at (0,658) size 32x14
              text run at (0,658) width 32: "OOOO"
            RenderBR {BR} at (31,658) size 1x14
            RenderText {#text} at (0,672) size 32x14
              text run at (0,672) width 32: "PPPP"
            RenderBR {BR} at (31,672) size 1x14
            RenderText {#text} at (0,686) size 32x14
              text run at (0,686) width 32: "QQQQ"
            RenderBR {BR} at (31,686) size 1x14
            RenderText {#text} at (0,700) size 32x14
              text run at (0,700) width 32: "RRRR"
            RenderBR {BR} at (31,700) size 1x14
            RenderText {#text} at (0,714) size 32x14
              text run at (0,714) width 32: "SSSS"
            RenderBR {BR} at (31,714) size 1x14
            RenderText {#text} at (0,728) size 32x14
              text run at (0,728) width 32: "TTTT"
            RenderBR {BR} at (31,728) size 1x14
            RenderText {#text} at (0,742) size 32x14
              text run at (0,742) width 32: "UUUU"
            RenderBR {BR} at (31,742) size 1x14
            RenderText {#text} at (0,756) size 32x14
              text run at (0,756) width 32: "VVVV"
            RenderBR {BR} at (31,756) size 1x14
            RenderText {#text} at (0,770) size 32x14
              text run at (0,770) width 32: "WWWW"
            RenderBR {BR} at (31,770) size 1x14
            RenderText {#text} at (0,784) size 32x14
              text run at (0,784) width 32: "XXXX"
            RenderBR {BR} at (31,784) size 1x14
            RenderText {#text} at (0,798) size 32x14
              text run at (0,798) width 32: "YYYY"
            RenderBR {BR} at (31,798) size 1x14
            RenderText {#text} at (0,812) size 32x14
              text run at (0,812) width 32: "ZZZZ"
            RenderBR {BR} at (31,812) size 1x14
            RenderText {#text} at (0,826) size 32x14
              text run at (0,826) width 32: "[[[["
            RenderBR {BR} at (31,826) size 1x14
            RenderText {#text} at (0,840) size 32x14
              text run at (0,840) width 32: "\\\\\\\\"
            RenderBR {BR} at (31,840) size 1x14
            RenderText {#text} at (0,854) size 32x14
              text run at (0,854) width 32: "]]]]"
            RenderBR {BR} at (31,854) size 1x14
            RenderText {#text} at (0,868) size 32x14
              text run at (0,868) width 32: "^^^^"
            RenderBR {BR} at (31,868) size 1x14
            RenderText {#text} at (0,882) size 32x14
              text run at (0,882) width 32: "____"
            RenderBR {BR} at (31,882) size 1x14
            RenderText {#text} at (0,896) size 32x14
              text run at (0,896) width 32: "````"
            RenderBR {BR} at (31,896) size 1x14
            RenderText {#text} at (0,910) size 32x14
              text run at (0,910) width 32: "aaaa"
            RenderBR {BR} at (31,910) size 1x14
            RenderText {#text} at (0,924) size 32x14
              text run at (0,924) width 32: "bbbb"
            RenderBR {BR} at (31,924) size 1x14
            RenderText {#text} at (0,938) size 32x14
              text run at (0,938) width 32: "cccc"
            RenderBR {BR} at (31,938) size 1x14
            RenderText {#text} at (0,952) size 32x14
              text run at (0,952) width 32: "dddd"
            RenderBR {BR} at (31,952) size 1x14
            RenderText {#text} at (0,966) size 32x14
              text run at (0,966) width 32: "eeee"
            RenderBR {BR} at (31,966) size 1x14
            RenderText {#text} at (0,980) size 32x14
              text run at (0,980) width 32: "ffff"
            RenderBR {BR} at (31,980) size 1x14
            RenderText {#text} at (0,994) size 32x14
              text run at (0,994) width 32: "gggg"
            RenderBR {BR} at (31,994) size 1x14
            RenderText {#text} at (0,1008) size 32x14
              text run at (0,1008) width 32: "hhhh"
            RenderBR {BR} at (31,1008) size 1x14
            RenderText {#text} at (0,1022) size 32x14
              text run at (0,1022) width 32: "iiii"
            RenderBR {BR} at (31,1022) size 1x14
            RenderText {#text} at (0,1036) size 32x14
              text run at (0,1036) width 32: "jjjj"
            RenderBR {BR} at (31,1036) size 1x14
            RenderText {#text} at (0,1050) size 32x14
              text run at (0,1050) width 32: "kkkk"
            RenderBR {BR} at (31,1050) size 1x14
            RenderText {#text} at (0,1064) size 32x14
              text run at (0,1064) width 32: "llll"
            RenderBR {BR} at (31,1064) size 1x14
            RenderText {#text} at (0,1078) size 32x14
              text run at (0,1078) width 32: "mmmm"
            RenderBR {BR} at (31,1078) size 1x14
            RenderText {#text} at (0,1092) size 32x14
              text run at (0,1092) width 32: "nnnn"
            RenderBR {BR} at (31,1092) size 1x14
            RenderText {#text} at (0,1106) size 32x14
              text run at (0,1106) width 32: "oooo"
            RenderBR {BR} at (31,1106) size 1x14
            RenderText {#text} at (0,1120) size 32x14
              text run at (0,1120) width 32: "pppp"
            RenderBR {BR} at (31,1120) size 1x14
            RenderText {#text} at (0,1134) size 32x14
              text run at (0,1134) width 32: "qqqq"
            RenderBR {BR} at (31,1134) size 1x14
            RenderText {#text} at (0,1148) size 32x14
              text run at (0,1148) width 32: "rrrr"
            RenderBR {BR} at (31,1148) size 1x14
            RenderText {#text} at (0,1162) size 32x14
              text run at (0,1162) width 32: "ssss"
            RenderBR {BR} at (31,1162) size 1x14
            RenderText {#text} at (0,1176) size 32x14
              text run at (0,1176) width 32: "tttt"
            RenderBR {BR} at (31,1176) size 1x14
            RenderText {#text} at (0,1190) size 32x14
              text run at (0,1190) width 32: "uuuu"
            RenderBR {BR} at (31,1190) size 1x14
            RenderText {#text} at (0,1204) size 32x14
              text run at (0,1204) width 32: "vvvv"
            RenderBR {BR} at (31,1204) size 1x14
            RenderText {#text} at (0,1218) size 32x14
              text run at (0,1218) width 32: "wwww"
            RenderBR {BR} at (31,1218) size 1x14
            RenderText {#text} at (0,1232) size 32x14
              text run at (0,1232) width 32: "xxxx"
            RenderBR {BR} at (31,1232) size 1x14
            RenderText {#text} at (0,1246) size 32x14
              text run at (0,1246) width 32: "yyyy"
            RenderBR {BR} at (31,1246) size 1x14
            RenderText {#text} at (0,1260) size 32x14
              text run at (0,1260) width 32: "zzzz"
            RenderBR {BR} at (31,1260) size 1x14
            RenderText {#text} at (0,1274) size 32x14
              text run at (0,1274) width 32: "{{{{"
            RenderBR {BR} at (31,1274) size 1x14
            RenderText {#text} at (0,1288) size 32x14
              text run at (0,1288) width 32: "||||"
            RenderBR {BR} at (31,1288) size 1x14
            RenderText {#text} at (0,1302) size 32x14
              text run at (0,1302) width 32: "}}}}"
            RenderBR {BR} at (31,1302) size 1x14
          RenderText {#text} at (0,0) size 0x0
      RenderBlock {P} at (0,3086) size 784x1316
        RenderInline {FONT} at (0,0) size 32x1316
          RenderText {#text} at (0,0) size 0x0
          RenderInline {I} at (0,0) size 32x1316
            RenderText {#text} at (0,0) size 32x14
              text run at (0,0) width 32: "    "
            RenderBR {BR} at (31,0) size 1x14
            RenderText {#text} at (0,14) size 32x14
              text run at (0,14) width 32: "!!!!"
            RenderBR {BR} at (31,14) size 1x14
            RenderText {#text} at (0,28) size 32x14
              text run at (0,28) width 32: "\"\"\"\""
            RenderBR {BR} at (31,28) size 1x14
            RenderText {#text} at (0,42) size 32x14
              text run at (0,42) width 32: "####"
            RenderBR {BR} at (31,42) size 1x14
            RenderText {#text} at (0,56) size 32x14
              text run at (0,56) width 32: "$$$$"
            RenderBR {BR} at (31,56) size 1x14
            RenderText {#text} at (0,70) size 32x14
              text run at (0,70) width 32: "%%%%"
            RenderBR {BR} at (31,70) size 1x14
            RenderText {#text} at (0,84) size 32x14
              text run at (0,84) width 32: "&&&&"
            RenderBR {BR} at (31,84) size 1x14
            RenderText {#text} at (0,98) size 32x14
              text run at (0,98) width 32: "''''"
            RenderBR {BR} at (31,98) size 1x14
            RenderText {#text} at (0,112) size 32x14
              text run at (0,112) width 32: "(((("
            RenderBR {BR} at (31,112) size 1x14
            RenderText {#text} at (0,126) size 32x14
              text run at (0,126) width 32: "))))"
            RenderBR {BR} at (31,126) size 1x14
            RenderText {#text} at (0,140) size 32x14
              text run at (0,140) width 32: "****"
            RenderBR {BR} at (31,140) size 1x14
            RenderText {#text} at (0,154) size 32x14
              text run at (0,154) width 32: "++++"
            RenderBR {BR} at (31,154) size 1x14
            RenderText {#text} at (0,168) size 32x14
              text run at (0,168) width 32: ",,,,"
            RenderBR {BR} at (31,168) size 1x14
            RenderText {#text} at (0,182) size 32x14
              text run at (0,182) width 32: "----"
            RenderBR {BR} at (31,182) size 1x14
            RenderText {#text} at (0,196) size 32x14
              text run at (0,196) width 32: "...."
            RenderBR {BR} at (31,196) size 1x14
            RenderText {#text} at (0,210) size 32x14
              text run at (0,210) width 32: "////"
            RenderBR {BR} at (31,210) size 1x14
            RenderText {#text} at (0,224) size 32x14
              text run at (0,224) width 32: "0000"
            RenderBR {BR} at (31,224) size 1x14
            RenderText {#text} at (0,238) size 32x14
              text run at (0,238) width 32: "1111"
            RenderBR {BR} at (31,238) size 1x14
            RenderText {#text} at (0,252) size 32x14
              text run at (0,252) width 32: "2222"
            RenderBR {BR} at (31,252) size 1x14
            RenderText {#text} at (0,266) size 32x14
              text run at (0,266) width 32: "3333"
            RenderBR {BR} at (31,266) size 1x14
            RenderText {#text} at (0,280) size 32x14
              text run at (0,280) width 32: "4444"
            RenderBR {BR} at (31,280) size 1x14
            RenderText {#text} at (0,294) size 32x14
              text run at (0,294) width 32: "5555"
            RenderBR {BR} at (31,294) size 1x14
            RenderText {#text} at (0,308) size 32x14
              text run at (0,308) width 32: "6666"
            RenderBR {BR} at (31,308) size 1x14
            RenderText {#text} at (0,322) size 32x14
              text run at (0,322) width 32: "7777"
            RenderBR {BR} at (31,322) size 1x14
            RenderText {#text} at (0,336) size 32x14
              text run at (0,336) width 32: "8888"
            RenderBR {BR} at (31,336) size 1x14
            RenderText {#text} at (0,350) size 32x14
              text run at (0,350) width 32: "9999"
            RenderBR {BR} at (31,350) size 1x14
            RenderText {#text} at (0,364) size 32x14
              text run at (0,364) width 32: "::::"
            RenderBR {BR} at (31,364) size 1x14
            RenderText {#text} at (0,378) size 32x14
              text run at (0,378) width 32: ";;;;"
            RenderBR {BR} at (31,378) size 1x14
            RenderText {#text} at (0,392) size 32x14
              text run at (0,392) width 32: "<<<<"
            RenderBR {BR} at (31,392) size 1x14
            RenderText {#text} at (0,406) size 32x14
              text run at (0,406) width 32: "===="
            RenderBR {BR} at (31,406) size 1x14
            RenderText {#text} at (0,420) size 32x14
              text run at (0,420) width 32: ">>>>"
            RenderBR {BR} at (31,420) size 1x14
            RenderText {#text} at (0,434) size 32x14
              text run at (0,434) width 32: "????"
            RenderBR {BR} at (31,434) size 1x14
            RenderText {#text} at (0,448) size 32x14
              text run at (0,448) width 32: "@@@@"
            RenderBR {BR} at (31,448) size 1x14
            RenderText {#text} at (0,462) size 32x14
              text run at (0,462) width 32: "AAAA"
            RenderBR {BR} at (31,462) size 1x14
            RenderText {#text} at (0,476) size 32x14
              text run at (0,476) width 32: "BBBB"
            RenderBR {BR} at (31,476) size 1x14
            RenderText {#text} at (0,490) size 32x14
              text run at (0,490) width 32: "CCCC"
            RenderBR {BR} at (31,490) size 1x14
            RenderText {#text} at (0,504) size 32x14
              text run at (0,504) width 32: "DDDD"
            RenderBR {BR} at (31,504) size 1x14
            RenderText {#text} at (0,518) size 32x14
              text run at (0,518) width 32: "EEEE"
            RenderBR {BR} at (31,518) size 1x14
            RenderText {#text} at (0,532) size 32x14
              text run at (0,532) width 32: "FFFF"
            RenderBR {BR} at (31,532) size 1x14
            RenderText {#text} at (0,546) size 32x14
              text run at (0,546) width 32: "GGGG"
            RenderBR {BR} at (31,546) size 1x14
            RenderText {#text} at (0,560) size 32x14
              text run at (0,560) width 32: "HHHH"
            RenderBR {BR} at (31,560) size 1x14
            RenderText {#text} at (0,574) size 32x14
              text run at (0,574) width 32: "IIII"
            RenderBR {BR} at (31,574) size 1x14
            RenderText {#text} at (0,588) size 32x14
              text run at (0,588) width 32: "JJJJ"
            RenderBR {BR} at (31,588) size 1x14
            RenderText {#text} at (0,602) size 32x14
              text run at (0,602) width 32: "KKKK"
            RenderBR {BR} at (31,602) size 1x14
            RenderText {#text} at (0,616) size 32x14
              text run at (0,616) width 32: "LLLL"
            RenderBR {BR} at (31,616) size 1x14
            RenderText {#text} at (0,630) size 32x14
              text run at (0,630) width 32: "MMMM"
            RenderBR {BR} at (31,630) size 1x14
            RenderText {#text} at (0,644) size 32x14
              text run at (0,644) width 32: "NNNN"
            RenderBR {BR} at (31,644) size 1x14
            RenderText {#text} at (0,658) size 32x14
              text run at (0,658) width 32: "OOOO"
            RenderBR {BR} at (31,658) size 1x14
            RenderText {#text} at (0,672) size 32x14
              text run at (0,672) width 32: "PPPP"
            RenderBR {BR} at (31,672) size 1x14
            RenderText {#text} at (0,686) size 32x14
              text run at (0,686) width 32: "QQQQ"
            RenderBR {BR} at (31,686) size 1x14
            RenderText {#text} at (0,700) size 32x14
              text run at (0,700) width 32: "RRRR"
            RenderBR {BR} at (31,700) size 1x14
            RenderText {#text} at (0,714) size 32x14
              text run at (0,714) width 32: "SSSS"
            RenderBR {BR} at (31,714) size 1x14
            RenderText {#text} at (0,728) size 32x14
              text run at (0,728) width 32: "TTTT"
            RenderBR {BR} at (31,728) size 1x14
            RenderText {#text} at (0,742) size 32x14
              text run at (0,742) width 32: "UUUU"
            RenderBR {BR} at (31,742) size 1x14
            RenderText {#text} at (0,756) size 32x14
              text run at (0,756) width 32: "VVVV"
            RenderBR {BR} at (31,756) size 1x14
            RenderText {#text} at (0,770) size 32x14
              text run at (0,770) width 32: "WWWW"
            RenderBR {BR} at (31,770) size 1x14
            RenderText {#text} at (0,784) size 32x14
              text run at (0,784) width 32: "XXXX"
            RenderBR {BR} at (31,784) size 1x14
            RenderText {#text} at (0,798) size 32x14
              text run at (0,798) width 32: "YYYY"
            RenderBR {BR} at (31,798) size 1x14
            RenderText {#text} at (0,812) size 32x14
              text run at (0,812) width 32: "ZZZZ"
            RenderBR {BR} at (31,812) size 1x14
            RenderText {#text} at (0,826) size 32x14
              text run at (0,826) width 32: "[[[["
            RenderBR {BR} at (31,826) size 1x14
            RenderText {#text} at (0,840) size 32x14
              text run at (0,840) width 32: "\\\\\\\\"
            RenderBR {BR} at (31,840) size 1x14
            RenderText {#text} at (0,854) size 32x14
              text run at (0,854) width 32: "]]]]"
            RenderBR {BR} at (31,854) size 1x14
            RenderText {#text} at (0,868) size 32x14
              text run at (0,868) width 32: "^^^^"
            RenderBR {BR} at (31,868) size 1x14
            RenderText {#text} at (0,882) size 32x14
              text run at (0,882) width 32: "____"
            RenderBR {BR} at (31,882) size 1x14
            RenderText {#text} at (0,896) size 32x14
              text run at (0,896) width 32: "````"
            RenderBR {BR} at (31,896) size 1x14
            RenderText {#text} at (0,910) size 32x14
              text run at (0,910) width 32: "aaaa"
            RenderBR {BR} at (31,910) size 1x14
            RenderText {#text} at (0,924) size 32x14
              text run at (0,924) width 32: "bbbb"
            RenderBR {BR} at (31,924) size 1x14
            RenderText {#text} at (0,938) size 32x14
              text run at (0,938) width 32: "cccc"
            RenderBR {BR} at (31,938) size 1x14
            RenderText {#text} at (0,952) size 32x14
              text run at (0,952) width 32: "dddd"
            RenderBR {BR} at (31,952) size 1x14
            RenderText {#text} at (0,966) size 32x14
              text run at (0,966) width 32: "eeee"
            RenderBR {BR} at (31,966) size 1x14
            RenderText {#text} at (0,980) size 32x14
              text run at (0,980) width 32: "ffff"
            RenderBR {BR} at (31,980) size 1x14
            RenderText {#text} at (0,994) size 32x14
              text run at (0,994) width 32: "gggg"
            RenderBR {BR} at (31,994) size 1x14
            RenderText {#text} at (0,1008) size 32x14
              text run at (0,1008) width 32: "hhhh"
            RenderBR {BR} at (31,1008) size 1x14
            RenderText {#text} at (0,1022) size 32x14
              text run at (0,1022) width 32: "iiii"
            RenderBR {BR} at (31,1022) size 1x14
            RenderText {#text} at (0,1036) size 32x14
              text run at (0,1036) width 32: "jjjj"
            RenderBR {BR} at (31,1036) size 1x14
            RenderText {#text} at (0,1050) size 32x14
              text run at (0,1050) width 32: "kkkk"
            RenderBR {BR} at (31,1050) size 1x14
            RenderText {#text} at (0,1064) size 32x14
              text run at (0,1064) width 32: "llll"
            RenderBR {BR} at (31,1064) size 1x14
            RenderText {#text} at (0,1078) size 32x14
              text run at (0,1078) width 32: "mmmm"
            RenderBR {BR} at (31,1078) size 1x14
            RenderText {#text} at (0,1092) size 32x14
              text run at (0,1092) width 32: "nnnn"
            RenderBR {BR} at (31,1092) size 1x14
            RenderText {#text} at (0,1106) size 32x14
              text run at (0,1106) width 32: "oooo"
            RenderBR {BR} at (31,1106) size 1x14
            RenderText {#text} at (0,1120) size 32x14
              text run at (0,1120) width 32: "pppp"
            RenderBR {BR} at (31,1120) size 1x14
            RenderText {#text} at (0,1134) size 32x14
              text run at (0,1134) width 32: "qqqq"
            RenderBR {BR} at (31,1134) size 1x14
            RenderText {#text} at (0,1148) size 32x14
              text run at (0,1148) width 32: "rrrr"
            RenderBR {BR} at (31,1148) size 1x14
            RenderText {#text} at (0,1162) size 32x14
              text run at (0,1162) width 32: "ssss"
            RenderBR {BR} at (31,1162) size 1x14
            RenderText {#text} at (0,1176) size 32x14
              text run at (0,1176) width 32: "tttt"
            RenderBR {BR} at (31,1176) size 1x14
            RenderText {#text} at (0,1190) size 32x14
              text run at (0,1190) width 32: "uuuu"
            RenderBR {BR} at (31,1190) size 1x14
            RenderText {#text} at (0,1204) size 32x14
              text run at (0,1204) width 32: "vvvv"
            RenderBR {BR} at (31,1204) size 1x14
            RenderText {#text} at (0,1218) size 32x14
              text run at (0,1218) width 32: "wwww"
            RenderBR {BR} at (31,1218) size 1x14
            RenderText {#text} at (0,1232) size 32x14
              text run at (0,1232) width 32: "xxxx"
            RenderBR {BR} at (31,1232) size 1x14
            RenderText {#text} at (0,1246) size 32x14
              text run at (0,1246) width 32: "yyyy"
            RenderBR {BR} at (31,1246) size 1x14
            RenderText {#text} at (0,1260) size 32x14
              text run at (0,1260) width 32: "zzzz"
            RenderBR {BR} at (31,1260) size 1x14
            RenderText {#text} at (0,1274) size 32x14
              text run at (0,1274) width 32: "{{{{"
            RenderBR {BR} at (31,1274) size 1x14
            RenderText {#text} at (0,1288) size 32x14
              text run at (0,1288) width 32: "||||"
            RenderBR {BR} at (31,1288) size 1x14
            RenderText {#text} at (0,1302) size 32x14
              text run at (0,1302) width 32: "}}}}"
            RenderBR {BR} at (31,1302) size 1x14
          RenderText {#text} at (0,0) size 0x0
        RenderText {#text} at (0,0) size 0x0
