layer at (0,0) size 800x6248
  RenderView at (0,0) size 800x600
layer at (0,0) size 800x6248
  RenderBlock {HTML} at (0,0) size 800x6248
    RenderBody {BODY} at (8,8) size 784x6224
      RenderBlock (anonymous) at (0,0) size 784x20
        RenderText {#text} at (0,0) size 349x19
          text run at (0,0) width 349: "This tests font choices and metrics for sans-serif fonts."
      RenderBlock {P} at (0,36) size 784x140
        RenderInline {FONT} at (0,0) size 780x140
          RenderText {#text} at (0,0) size 66x20
            text run at (0,0) width 66: "Helvetica"
          RenderBR {BR} at (65,0) size 1x20
          RenderText {#text} at (0,20) size 780x40
            text run at (0,20) width 780: "  ! \" # $ % & ' ( ) * + , - . / 0 1 2 3 4 5 6 7 8 9 : ; < = > ? @ A B C D E F G H I J K L M N O P Q R S T U V W X Y"
            text run at (0,40) width 433: "Z [ \\ ] ^ _ ` a b c d e f g h i j k l m n o p q r s t u v w x y z { | } >"
          RenderBR {BR} at (432,40) size 1x20
          RenderInline {B} at (0,0) size 777x40
            RenderText {#text} at (0,60) size 777x40
              text run at (0,60) width 777: "  ! \" # $ % & ' ( ) * + , - . / 0 1 2 3 4 5 6 7 8 9 : ; < = > ? @ A B C D E F G H I J K L M N O P Q R S T U V W X"
              text run at (0,80) width 479: "Y Z [ \\ ] ^ _ ` a b c d e f g h i j k l m n o p q r s t u v w x y z { | } > "
          RenderBR {BR} at (478,80) size 1x20
          RenderInline {I} at (0,0) size 780x40
            RenderText {#text} at (0,100) size 780x40
              text run at (0,100) width 780: "  ! \" # $ % & ' ( ) * + , - . / 0 1 2 3 4 5 6 7 8 9 : ; < = > ? @ A B C D E F G H I J K L M N O P Q R S T U V W X Y"
              text run at (0,120) width 433: "Z [ \\ ] ^ _ ` a b c d e f g h i j k l m n o p q r s t u v w x y z { | } >"
          RenderText {#text} at (0,0) size 0x0
        RenderText {#text} at (0,0) size 0x0
      RenderBlock {P} at (0,192) size 784x168
        RenderInline {FONT} at (0,0) size 779x168
          RenderText {#text} at (0,0) size 116x21
            text run at (0,0) width 116: "Lucida Grande"
          RenderBR {BR} at (115,0) size 1x21
          RenderText {#text} at (0,21) size 779x42
            text run at (0,21) width 779: "  ! \" # $ % & ' ( ) * + , - . / 0 1 2 3 4 5 6 7 8 9 : ; < = > ? @ A B C D E F G H I J K L M N O P Q"
            text run at (0,42) width 680: "R S T U V W X Y Z [ \\ ] ^ _ ` a b c d e f g h i j k l m n o p q r s t u v w x y z { | } >"
          RenderBR {BR} at (679,42) size 1x21
          RenderInline {B} at (0,0) size 771x63
            RenderText {#text} at (0,63) size 771x63
              text run at (0,63) width 771: "  ! \" # $ % & ' ( ) * + , - . / 0 1 2 3 4 5 6 7 8 9 : ; < = > ? @ A B C D E F G H I J K L M N"
              text run at (0,84) width 766: "O P Q R S T U V W X Y Z [ \\ ] ^ _ ` a b c d e f g h i j k l m n o p q r s t u v w x y z { | }"
              text run at (0,105) width 20: "> "
          RenderBR {BR} at (19,105) size 1x21
          RenderInline {I} at (0,0) size 779x42
            RenderText {#text} at (0,126) size 779x42
              text run at (0,126) width 779: "  ! \" # $ % & ' ( ) * + , - . / 0 1 2 3 4 5 6 7 8 9 : ; < = > ? @ A B C D E F G H I J K L M N O P Q"
              text run at (0,147) width 680: "R S T U V W X Y Z [ \\ ] ^ _ ` a b c d e f g h i j k l m n o p q r s t u v w x y z { | } >"
          RenderText {#text} at (0,0) size 0x0
        RenderText {#text} at (0,0) size 0x0
      RenderBlock {P} at (0,376) size 784x140
        RenderInline {FONT} at (0,0) size 780x139
          RenderText {#text} at (0,0) size 33x19
            text run at (0,0) width 33: "Arial"
          RenderBR {BR} at (32,0) size 1x19
          RenderText {#text} at (0,20) size 780x39
            text run at (0,20) width 780: "  ! \" # $ % & ' ( ) * + , - . / 0 1 2 3 4 5 6 7 8 9 : ; < = > ? @ A B C D E F G H I J K L M N O P Q R S T U V W X Y"
            text run at (0,40) width 433: "Z [ \\ ] ^ _ ` a b c d e f g h i j k l m n o p q r s t u v w x y z { | } >"
          RenderBR {BR} at (432,40) size 1x19
          RenderInline {B} at (0,0) size 777x39
            RenderText {#text} at (0,60) size 777x39
              text run at (0,60) width 777: "  ! \" # $ % & ' ( ) * + , - . / 0 1 2 3 4 5 6 7 8 9 : ; < = > ? @ A B C D E F G H I J K L M N O P Q R S T U V W X"
              text run at (0,80) width 479: "Y Z [ \\ ] ^ _ ` a b c d e f g h i j k l m n o p q r s t u v w x y z { | } > "
          RenderBR {BR} at (478,80) size 1x19
          RenderInline {I} at (0,0) size 780x39
            RenderText {#text} at (0,100) size 780x39
              text run at (0,100) width 780: "  ! \" # $ % & ' ( ) * + , - . / 0 1 2 3 4 5 6 7 8 9 : ; < = > ? @ A B C D E F G H I J K L M N O P Q R S T U V W X Y"
              text run at (0,120) width 433: "Z [ \\ ] ^ _ ` a b c d e f g h i j k l m n o p q r s t u v w x y z { | } >"
          RenderText {#text} at (0,0) size 0x0
          RenderInline {FONT} at (0,0) size 0x19
            RenderText {#text} at (0,0) size 0x0
      RenderBlock {P} at (0,532) size 784x1900
        RenderInline {FONT} at (0,0) size 70x1899
          RenderInline {FONT} at (0,0) size 70x1899
            RenderText {#text} at (0,0) size 0x0
            RenderInline {FONT} at (0,0) size 70x1900
              RenderText {#text} at (0,0) size 70x20
                text run at (0,0) width 70: "sans-serif"
              RenderBR {BR} at (69,0) size 1x20
              RenderText {#text} at (0,20) size 18x20
                text run at (0,20) width 18: "    "
              RenderBR {BR} at (17,20) size 1x20
              RenderText {#text} at (0,40) size 18x20
                text run at (0,40) width 18: "!!!!"
              RenderBR {BR} at (17,40) size 1x20
              RenderText {#text} at (0,60) size 23x20
                text run at (0,60) width 23: "\"\"\"\""
              RenderBR {BR} at (22,60) size 1x20
              RenderText {#text} at (0,80) size 36x20
                text run at (0,80) width 36: "####"
              RenderBR {BR} at (35,80) size 1x20
              RenderText {#text} at (0,100) size 36x20
                text run at (0,100) width 36: "$$$$"
              RenderBR {BR} at (35,100) size 1x20
              RenderText {#text} at (0,120) size 57x20
                text run at (0,120) width 57: "%%%%"
              RenderBR {BR} at (56,120) size 1x20
              RenderText {#text} at (0,140) size 43x20
                text run at (0,140) width 43: "&&&&"
              RenderBR {BR} at (42,140) size 1x20
              RenderText {#text} at (0,160) size 13x20
                text run at (0,160) width 13: "''''"
              RenderBR {BR} at (12,160) size 1x20
              RenderText {#text} at (0,180) size 22x20
                text run at (0,180) width 22: "(((("
              RenderBR {BR} at (21,180) size 1x20
              RenderText {#text} at (0,200) size 22x20
                text run at (0,200) width 22: "))))"
              RenderBR {BR} at (21,200) size 1x20
              RenderText {#text} at (0,220) size 25x20
                text run at (0,220) width 25: "****"
              RenderBR {BR} at (24,220) size 1x20
              RenderText {#text} at (0,240) size 38x20
                text run at (0,240) width 38: "++++"
              RenderBR {BR} at (37,240) size 1x20
              RenderText {#text} at (0,260) size 18x20
                text run at (0,260) width 18: ",,,,"
              RenderBR {BR} at (17,260) size 1x20
              RenderText {#text} at (0,280) size 22x20
                text run at (0,280) width 22: "----"
              RenderBR {BR} at (21,280) size 1x20
              RenderText {#text} at (0,300) size 18x20
                text run at (0,300) width 18: "...."
              RenderBR {BR} at (17,300) size 1x20
              RenderText {#text} at (0,320) size 18x20
                text run at (0,320) width 18: "////"
              RenderBR {BR} at (17,320) size 1x20
              RenderText {#text} at (0,340) size 36x20
                text run at (0,340) width 36: "0000"
              RenderBR {BR} at (35,340) size 1x20
              RenderText {#text} at (0,360) size 33x20
                text run at (0,360) width 33: "1111"
              RenderBR {BR} at (32,360) size 1x20
              RenderText {#text} at (0,380) size 36x20
                text run at (0,380) width 36: "2222"
              RenderBR {BR} at (35,380) size 1x20
              RenderText {#text} at (0,400) size 36x20
                text run at (0,400) width 36: "3333"
              RenderBR {BR} at (35,400) size 1x20
              RenderText {#text} at (0,420) size 36x20
                text run at (0,420) width 36: "4444"
              RenderBR {BR} at (35,420) size 1x20
              RenderText {#text} at (0,440) size 36x20
                text run at (0,440) width 36: "5555"
              RenderBR {BR} at (35,440) size 1x20
              RenderText {#text} at (0,460) size 36x20
                text run at (0,460) width 36: "6666"
              RenderBR {BR} at (35,460) size 1x20
              RenderText {#text} at (0,480) size 36x20
                text run at (0,480) width 36: "7777"
              RenderBR {BR} at (35,480) size 1x20
              RenderText {#text} at (0,500) size 36x20
                text run at (0,500) width 36: "8888"
              RenderBR {BR} at (35,500) size 1x20
              RenderText {#text} at (0,520) size 36x20
                text run at (0,520) width 36: "9999"
              RenderBR {BR} at (35,520) size 1x20
              RenderText {#text} at (0,540) size 18x20
                text run at (0,540) width 18: "::::"
              RenderBR {BR} at (17,540) size 1x20
              RenderText {#text} at (0,560) size 18x20
                text run at (0,560) width 18: ";;;;"
              RenderBR {BR} at (17,560) size 1x20
              RenderText {#text} at (0,580) size 38x20
                text run at (0,580) width 38: "<<<<"
              RenderBR {BR} at (37,580) size 1x20
              RenderText {#text} at (0,600) size 38x20
                text run at (0,600) width 38: "===="
              RenderBR {BR} at (37,600) size 1x20
              RenderText {#text} at (0,620) size 38x20
                text run at (0,620) width 38: ">>>>"
              RenderBR {BR} at (37,620) size 1x20
              RenderText {#text} at (0,640) size 36x20
                text run at (0,640) width 36: "????"
              RenderBR {BR} at (35,640) size 1x20
              RenderText {#text} at (0,660) size 65x20
                text run at (0,660) width 65: "@@@@"
              RenderBR {BR} at (64,660) size 1x20
              RenderText {#text} at (0,680) size 43x20
                text run at (0,680) width 43: "AAAA"
              RenderBR {BR} at (42,680) size 1x20
              RenderText {#text} at (0,700) size 43x20
                text run at (0,700) width 43: "BBBB"
              RenderBR {BR} at (42,700) size 1x20
              RenderText {#text} at (0,720) size 47x20
                text run at (0,720) width 47: "CCCC"
              RenderBR {BR} at (46,720) size 1x20
              RenderText {#text} at (0,740) size 47x20
                text run at (0,740) width 47: "DDDD"
              RenderBR {BR} at (46,740) size 1x20
              RenderText {#text} at (0,760) size 43x20
                text run at (0,760) width 43: "EEEE"
              RenderBR {BR} at (42,760) size 1x20
              RenderText {#text} at (0,780) size 40x20
                text run at (0,780) width 40: "FFFF"
              RenderBR {BR} at (39,780) size 1x20
              RenderText {#text} at (0,800) size 50x20
                text run at (0,800) width 50: "GGGG"
              RenderBR {BR} at (49,800) size 1x20
              RenderText {#text} at (0,820) size 47x20
                text run at (0,820) width 47: "HHHH"
              RenderBR {BR} at (46,820) size 1x20
              RenderText {#text} at (0,840) size 18x20
                text run at (0,840) width 18: "IIII"
              RenderBR {BR} at (17,840) size 1x20
              RenderText {#text} at (0,860) size 32x20
                text run at (0,860) width 32: "JJJJ"
              RenderBR {BR} at (32,860) size 0x20
              RenderText {#text} at (0,880) size 43x20
                text run at (0,880) width 43: "KKKK"
              RenderBR {BR} at (42,880) size 1x20
              RenderText {#text} at (0,900) size 36x20
                text run at (0,900) width 36: "LLLL"
              RenderBR {BR} at (35,900) size 1x20
              RenderText {#text} at (0,920) size 54x20
                text run at (0,920) width 54: "MMMM"
              RenderBR {BR} at (53,920) size 1x20
              RenderText {#text} at (0,940) size 47x20
                text run at (0,940) width 47: "NNNN"
              RenderBR {BR} at (46,940) size 1x20
              RenderText {#text} at (0,960) size 50x20
                text run at (0,960) width 50: "OOOO"
              RenderBR {BR} at (49,960) size 1x20
              RenderText {#text} at (0,980) size 43x20
                text run at (0,980) width 43: "PPPP"
              RenderBR {BR} at (42,980) size 1x20
              RenderText {#text} at (0,1000) size 50x20
                text run at (0,1000) width 50: "QQQQ"
              RenderBR {BR} at (49,1000) size 1x20
              RenderText {#text} at (0,1020) size 47x20
                text run at (0,1020) width 47: "RRRR"
              RenderBR {BR} at (46,1020) size 1x20
              RenderText {#text} at (0,1040) size 43x20
                text run at (0,1040) width 43: "SSSS"
              RenderBR {BR} at (42,1040) size 1x20
              RenderText {#text} at (0,1060) size 40x20
                text run at (0,1060) width 40: "TTTT"
              RenderBR {BR} at (39,1060) size 1x20
              RenderText {#text} at (0,1080) size 47x20
                text run at (0,1080) width 47: "UUUU"
              RenderBR {BR} at (46,1080) size 1x20
              RenderText {#text} at (0,1100) size 43x20
                text run at (0,1100) width 43: "VVVV"
              RenderBR {BR} at (42,1100) size 1x20
              RenderText {#text} at (0,1120) size 61x20
                text run at (0,1120) width 61: "WWWW"
              RenderBR {BR} at (60,1120) size 1x20
              RenderText {#text} at (0,1140) size 43x20
                text run at (0,1140) width 43: "XXXX"
              RenderBR {BR} at (42,1140) size 1x20
              RenderText {#text} at (0,1160) size 43x20
                text run at (0,1160) width 43: "YYYY"
              RenderBR {BR} at (42,1160) size 1x20
              RenderText {#text} at (0,1180) size 40x20
                text run at (0,1180) width 40: "ZZZZ"
              RenderBR {BR} at (39,1180) size 1x20
              RenderText {#text} at (0,1200) size 18x20
                text run at (0,1200) width 18: "[[[["
              RenderBR {BR} at (17,1200) size 1x20
              RenderText {#text} at (0,1220) size 18x20
                text run at (0,1220) width 18: "\\\\\\\\"
              RenderBR {BR} at (17,1220) size 1x20
              RenderText {#text} at (0,1240) size 18x20
                text run at (0,1240) width 18: "]]]]"
              RenderBR {BR} at (17,1240) size 1x20
              RenderText {#text} at (0,1260) size 31x20
                text run at (0,1260) width 31: "^^^^"
              RenderBR {BR} at (30,1260) size 1x20
              RenderText {#text} at (0,1280) size 36x20
                text run at (0,1280) width 36: "____"
              RenderBR {BR} at (35,1280) size 1x20
              RenderText {#text} at (0,1300) size 22x20
                text run at (0,1300) width 22: "````"
              RenderBR {BR} at (21,1300) size 1x20
              RenderText {#text} at (0,1320) size 36x20
                text run at (0,1320) width 36: "aaaa"
              RenderBR {BR} at (35,1320) size 1x20
              RenderText {#text} at (0,1340) size 36x20
                text run at (0,1340) width 36: "bbbb"
              RenderBR {BR} at (35,1340) size 1x20
              RenderText {#text} at (0,1360) size 32x20
                text run at (0,1360) width 32: "cccc"
              RenderBR {BR} at (32,1360) size 0x20
              RenderText {#text} at (0,1380) size 36x20
                text run at (0,1380) width 36: "dddd"
              RenderBR {BR} at (35,1380) size 1x20
              RenderText {#text} at (0,1400) size 36x20
                text run at (0,1400) width 36: "eeee"
              RenderBR {BR} at (35,1400) size 1x20
              RenderText {#text} at (0,1420) size 17x20
                text run at (0,1420) width 17: "ffff"
              RenderBR {BR} at (16,1420) size 1x20
              RenderText {#text} at (0,1440) size 36x20
                text run at (0,1440) width 36: "gggg"
              RenderBR {BR} at (35,1440) size 1x20
              RenderText {#text} at (0,1460) size 36x20
                text run at (0,1460) width 36: "hhhh"
              RenderBR {BR} at (35,1460) size 1x20
              RenderText {#text} at (0,1480) size 15x20
                text run at (0,1480) width 15: "iiii"
              RenderBR {BR} at (14,1480) size 1x20
              RenderText {#text} at (0,1500) size 15x20
                text run at (0,1500) width 15: "jjjj"
              RenderBR {BR} at (14,1500) size 1x20
              RenderText {#text} at (0,1520) size 32x20
                text run at (0,1520) width 32: "kkkk"
              RenderBR {BR} at (32,1520) size 0x20
              RenderText {#text} at (0,1540) size 15x20
                text run at (0,1540) width 15: "llll"
              RenderBR {BR} at (14,1540) size 1x20
              RenderText {#text} at (0,1560) size 54x20
                text run at (0,1560) width 54: "mmmm"
              RenderBR {BR} at (53,1560) size 1x20
              RenderText {#text} at (0,1580) size 36x20
                text run at (0,1580) width 36: "nnnn"
              RenderBR {BR} at (35,1580) size 1x20
              RenderText {#text} at (0,1600) size 36x20
                text run at (0,1600) width 36: "oooo"
              RenderBR {BR} at (35,1600) size 1x20
              RenderText {#text} at (0,1620) size 36x20
                text run at (0,1620) width 36: "pppp"
              RenderBR {BR} at (35,1620) size 1x20
              RenderText {#text} at (0,1640) size 36x20
                text run at (0,1640) width 36: "qqqq"
              RenderBR {BR} at (35,1640) size 1x20
              RenderText {#text} at (0,1660) size 22x20
                text run at (0,1660) width 22: "rrrr"
              RenderBR {BR} at (21,1660) size 1x20
              RenderText {#text} at (0,1680) size 32x20
                text run at (0,1680) width 32: "ssss"
              RenderBR {BR} at (32,1680) size 0x20
              RenderText {#text} at (0,1700) size 18x20
                text run at (0,1700) width 18: "tttt"
              RenderBR {BR} at (17,1700) size 1x20
              RenderText {#text} at (0,1720) size 36x20
                text run at (0,1720) width 36: "uuuu"
              RenderBR {BR} at (35,1720) size 1x20
              RenderText {#text} at (0,1740) size 32x20
                text run at (0,1740) width 32: "vvvv"
              RenderBR {BR} at (32,1740) size 0x20
              RenderText {#text} at (0,1760) size 47x20
                text run at (0,1760) width 47: "wwww"
              RenderBR {BR} at (46,1760) size 1x20
              RenderText {#text} at (0,1780) size 32x20
                text run at (0,1780) width 32: "xxxx"
              RenderBR {BR} at (32,1780) size 0x20
              RenderText {#text} at (0,1800) size 32x20
                text run at (0,1800) width 32: "yyyy"
              RenderBR {BR} at (32,1800) size 0x20
              RenderText {#text} at (0,1820) size 32x20
                text run at (0,1820) width 32: "zzzz"
              RenderBR {BR} at (32,1820) size 0x20
              RenderText {#text} at (0,1840) size 22x20
                text run at (0,1840) width 22: "{{{{"
              RenderBR {BR} at (21,1840) size 1x20
              RenderText {#text} at (0,1860) size 17x20
                text run at (0,1860) width 17: "||||"
              RenderBR {BR} at (16,1860) size 1x20
              RenderText {#text} at (0,1880) size 22x20
                text run at (0,1880) width 22: "}}}}"
              RenderBR {BR} at (21,1880) size 1x20
      RenderBlock {P} at (0,2448) size 784x1880
        RenderInline {FONT} at (0,0) size 63x1879
          RenderInline {FONT} at (0,0) size 63x1879
            RenderInline {FONT} at (0,0) size 63x1880
              RenderText {#text} at (0,0) size 0x0
              RenderInline {B} at (0,0) size 63x1880
                RenderText {#text} at (0,0) size 18x20
                  text run at (0,0) width 18: "    "
                RenderBR {BR} at (17,0) size 1x20
                RenderText {#text} at (0,20) size 22x20
                  text run at (0,20) width 22: "!!!!"
                RenderBR {BR} at (21,20) size 1x20
                RenderText {#text} at (0,40) size 31x20
                  text run at (0,40) width 31: "\"\"\"\""
                RenderBR {BR} at (30,40) size 1x20
                RenderText {#text} at (0,60) size 36x20
                  text run at (0,60) width 36: "####"
                RenderBR {BR} at (35,60) size 1x20
                RenderText {#text} at (0,80) size 36x20
                  text run at (0,80) width 36: "$$$$"
                RenderBR {BR} at (35,80) size 1x20
                RenderText {#text} at (0,100) size 57x20
                  text run at (0,100) width 57: "%%%%"
                RenderBR {BR} at (56,100) size 1x20
                RenderText {#text} at (0,120) size 47x20
                  text run at (0,120) width 47: "&&&&"
                RenderBR {BR} at (46,120) size 1x20
                RenderText {#text} at (0,140) size 16x20
                  text run at (0,140) width 16: "''''"
                RenderBR {BR} at (15,140) size 1x20
                RenderText {#text} at (0,160) size 22x20
                  text run at (0,160) width 22: "(((("
                RenderBR {BR} at (21,160) size 1x20
                RenderText {#text} at (0,180) size 22x20
                  text run at (0,180) width 22: "))))"
                RenderBR {BR} at (21,180) size 1x20
                RenderText {#text} at (0,200) size 25x20
                  text run at (0,200) width 25: "****"
                RenderBR {BR} at (24,200) size 1x20
                RenderText {#text} at (0,220) size 38x20
                  text run at (0,220) width 38: "++++"
                RenderBR {BR} at (37,220) size 1x20
                RenderText {#text} at (0,240) size 18x20
                  text run at (0,240) width 18: ",,,,"
                RenderBR {BR} at (17,240) size 1x20
                RenderText {#text} at (0,260) size 22x20
                  text run at (0,260) width 22: "----"
                RenderBR {BR} at (21,260) size 1x20
                RenderText {#text} at (0,280) size 18x20
                  text run at (0,280) width 18: "...."
                RenderBR {BR} at (17,280) size 1x20
                RenderText {#text} at (0,300) size 18x20
                  text run at (0,300) width 18: "////"
                RenderBR {BR} at (17,300) size 1x20
                RenderText {#text} at (0,320) size 36x20
                  text run at (0,320) width 36: "0000"
                RenderBR {BR} at (35,320) size 1x20
                RenderText {#text} at (0,340) size 33x20
                  text run at (0,340) width 33: "1111"
                RenderBR {BR} at (32,340) size 1x20
                RenderText {#text} at (0,360) size 36x20
                  text run at (0,360) width 36: "2222"
                RenderBR {BR} at (35,360) size 1x20
                RenderText {#text} at (0,380) size 36x20
                  text run at (0,380) width 36: "3333"
                RenderBR {BR} at (35,380) size 1x20
                RenderText {#text} at (0,400) size 36x20
                  text run at (0,400) width 36: "4444"
                RenderBR {BR} at (35,400) size 1x20
                RenderText {#text} at (0,420) size 36x20
                  text run at (0,420) width 36: "5555"
                RenderBR {BR} at (35,420) size 1x20
                RenderText {#text} at (0,440) size 36x20
                  text run at (0,440) width 36: "6666"
                RenderBR {BR} at (35,440) size 1x20
                RenderText {#text} at (0,460) size 36x20
                  text run at (0,460) width 36: "7777"
                RenderBR {BR} at (35,460) size 1x20
                RenderText {#text} at (0,480) size 36x20
                  text run at (0,480) width 36: "8888"
                RenderBR {BR} at (35,480) size 1x20
                RenderText {#text} at (0,500) size 36x20
                  text run at (0,500) width 36: "9999"
                RenderBR {BR} at (35,500) size 1x20
                RenderText {#text} at (0,520) size 22x20
                  text run at (0,520) width 22: "::::"
                RenderBR {BR} at (21,520) size 1x20
                RenderText {#text} at (0,540) size 22x20
                  text run at (0,540) width 22: ";;;;"
                RenderBR {BR} at (21,540) size 1x20
                RenderText {#text} at (0,560) size 38x20
                  text run at (0,560) width 38: "<<<<"
                RenderBR {BR} at (37,560) size 1x20
                RenderText {#text} at (0,580) size 38x20
                  text run at (0,580) width 38: "===="
                RenderBR {BR} at (37,580) size 1x20
                RenderText {#text} at (0,600) size 38x20
                  text run at (0,600) width 38: ">>>>"
                RenderBR {BR} at (37,600) size 1x20
                RenderText {#text} at (0,620) size 40x20
                  text run at (0,620) width 40: "????"
                RenderBR {BR} at (39,620) size 1x20
                RenderText {#text} at (0,640) size 63x20
                  text run at (0,640) width 63: "@@@@"
                RenderBR {BR} at (62,640) size 1x20
                RenderText {#text} at (0,660) size 47x20
                  text run at (0,660) width 47: "AAAA"
                RenderBR {BR} at (46,660) size 1x20
                RenderText {#text} at (0,680) size 47x20
                  text run at (0,680) width 47: "BBBB"
                RenderBR {BR} at (46,680) size 1x20
                RenderText {#text} at (0,700) size 47x20
                  text run at (0,700) width 47: "CCCC"
                RenderBR {BR} at (46,700) size 1x20
                RenderText {#text} at (0,720) size 47x20
                  text run at (0,720) width 47: "DDDD"
                RenderBR {BR} at (46,720) size 1x20
                RenderText {#text} at (0,740) size 43x20
                  text run at (0,740) width 43: "EEEE"
                RenderBR {BR} at (42,740) size 1x20
                RenderText {#text} at (0,760) size 40x20
                  text run at (0,760) width 40: "FFFF"
                RenderBR {BR} at (39,760) size 1x20
                RenderText {#text} at (0,780) size 50x20
                  text run at (0,780) width 50: "GGGG"
                RenderBR {BR} at (49,780) size 1x20
                RenderText {#text} at (0,800) size 47x20
                  text run at (0,800) width 47: "HHHH"
                RenderBR {BR} at (46,800) size 1x20
                RenderText {#text} at (0,820) size 18x20
                  text run at (0,820) width 18: "IIII"
                RenderBR {BR} at (17,820) size 1x20
                RenderText {#text} at (0,840) size 36x20
                  text run at (0,840) width 36: "JJJJ"
                RenderBR {BR} at (35,840) size 1x20
                RenderText {#text} at (0,860) size 47x20
                  text run at (0,860) width 47: "KKKK"
                RenderBR {BR} at (46,860) size 1x20
                RenderText {#text} at (0,880) size 40x20
                  text run at (0,880) width 40: "LLLL"
                RenderBR {BR} at (39,880) size 1x20
                RenderText {#text} at (0,900) size 54x20
                  text run at (0,900) width 54: "MMMM"
                RenderBR {BR} at (53,900) size 1x20
                RenderText {#text} at (0,920) size 47x20
                  text run at (0,920) width 47: "NNNN"
                RenderBR {BR} at (46,920) size 1x20
                RenderText {#text} at (0,940) size 50x20
                  text run at (0,940) width 50: "OOOO"
                RenderBR {BR} at (49,940) size 1x20
                RenderText {#text} at (0,960) size 43x20
                  text run at (0,960) width 43: "PPPP"
                RenderBR {BR} at (42,960) size 1x20
                RenderText {#text} at (0,980) size 50x20
                  text run at (0,980) width 50: "QQQQ"
                RenderBR {BR} at (49,980) size 1x20
                RenderText {#text} at (0,1000) size 47x20
                  text run at (0,1000) width 47: "RRRR"
                RenderBR {BR} at (46,1000) size 1x20
                RenderText {#text} at (0,1020) size 43x20
                  text run at (0,1020) width 43: "SSSS"
                RenderBR {BR} at (42,1020) size 1x20
                RenderText {#text} at (0,1040) size 40x20
                  text run at (0,1040) width 40: "TTTT"
                RenderBR {BR} at (39,1040) size 1x20
                RenderText {#text} at (0,1060) size 47x20
                  text run at (0,1060) width 47: "UUUU"
                RenderBR {BR} at (46,1060) size 1x20
                RenderText {#text} at (0,1080) size 43x20
                  text run at (0,1080) width 43: "VVVV"
                RenderBR {BR} at (42,1080) size 1x20
                RenderText {#text} at (0,1100) size 61x20
                  text run at (0,1100) width 61: "WWWW"
                RenderBR {BR} at (60,1100) size 1x20
                RenderText {#text} at (0,1120) size 43x20
                  text run at (0,1120) width 43: "XXXX"
                RenderBR {BR} at (42,1120) size 1x20
                RenderText {#text} at (0,1140) size 43x20
                  text run at (0,1140) width 43: "YYYY"
                RenderBR {BR} at (42,1140) size 1x20
                RenderText {#text} at (0,1160) size 40x20
                  text run at (0,1160) width 40: "ZZZZ"
                RenderBR {BR} at (39,1160) size 1x20
                RenderText {#text} at (0,1180) size 22x20
                  text run at (0,1180) width 22: "[[[["
                RenderBR {BR} at (21,1180) size 1x20
                RenderText {#text} at (0,1200) size 18x20
                  text run at (0,1200) width 18: "\\\\\\\\"
                RenderBR {BR} at (17,1200) size 1x20
                RenderText {#text} at (0,1220) size 22x20
                  text run at (0,1220) width 22: "]]]]"
                RenderBR {BR} at (21,1220) size 1x20
                RenderText {#text} at (0,1240) size 38x20
                  text run at (0,1240) width 38: "^^^^"
                RenderBR {BR} at (37,1240) size 1x20
                RenderText {#text} at (0,1260) size 36x20
                  text run at (0,1260) width 36: "____"
                RenderBR {BR} at (35,1260) size 1x20
                RenderText {#text} at (0,1280) size 22x20
                  text run at (0,1280) width 22: "````"
                RenderBR {BR} at (21,1280) size 1x20
                RenderText {#text} at (0,1300) size 36x20
                  text run at (0,1300) width 36: "aaaa"
                RenderBR {BR} at (35,1300) size 1x20
                RenderText {#text} at (0,1320) size 40x20
                  text run at (0,1320) width 40: "bbbb"
                RenderBR {BR} at (39,1320) size 1x20
                RenderText {#text} at (0,1340) size 36x20
                  text run at (0,1340) width 36: "cccc"
                RenderBR {BR} at (35,1340) size 1x20
                RenderText {#text} at (0,1360) size 40x20
                  text run at (0,1360) width 40: "dddd"
                RenderBR {BR} at (39,1360) size 1x20
                RenderText {#text} at (0,1380) size 36x20
                  text run at (0,1380) width 36: "eeee"
                RenderBR {BR} at (35,1380) size 1x20
                RenderText {#text} at (0,1400) size 22x20
                  text run at (0,1400) width 22: "ffff"
                RenderBR {BR} at (21,1400) size 1x20
                RenderText {#text} at (0,1420) size 40x20
                  text run at (0,1420) width 40: "gggg"
                RenderBR {BR} at (39,1420) size 1x20
                RenderText {#text} at (0,1440) size 40x20
                  text run at (0,1440) width 40: "hhhh"
                RenderBR {BR} at (39,1440) size 1x20
                RenderText {#text} at (0,1460) size 18x20
                  text run at (0,1460) width 18: "iiii"
                RenderBR {BR} at (17,1460) size 1x20
                RenderText {#text} at (0,1480) size 18x20
                  text run at (0,1480) width 18: "jjjj"
                RenderBR {BR} at (17,1480) size 1x20
                RenderText {#text} at (0,1500) size 36x20
                  text run at (0,1500) width 36: "kkkk"
                RenderBR {BR} at (35,1500) size 1x20
                RenderText {#text} at (0,1520) size 18x20
                  text run at (0,1520) width 18: "llll"
                RenderBR {BR} at (17,1520) size 1x20
                RenderText {#text} at (0,1540) size 57x20
                  text run at (0,1540) width 57: "mmmm"
                RenderBR {BR} at (56,1540) size 1x20
                RenderText {#text} at (0,1560) size 40x20
                  text run at (0,1560) width 40: "nnnn"
                RenderBR {BR} at (39,1560) size 1x20
                RenderText {#text} at (0,1580) size 40x20
                  text run at (0,1580) width 40: "oooo"
                RenderBR {BR} at (39,1580) size 1x20
                RenderText {#text} at (0,1600) size 40x20
                  text run at (0,1600) width 40: "pppp"
                RenderBR {BR} at (39,1600) size 1x20
                RenderText {#text} at (0,1620) size 40x20
                  text run at (0,1620) width 40: "qqqq"
                RenderBR {BR} at (39,1620) size 1x20
                RenderText {#text} at (0,1640) size 25x20
                  text run at (0,1640) width 25: "rrrr"
                RenderBR {BR} at (24,1640) size 1x20
                RenderText {#text} at (0,1660) size 36x20
                  text run at (0,1660) width 36: "ssss"
                RenderBR {BR} at (35,1660) size 1x20
                RenderText {#text} at (0,1680) size 22x20
                  text run at (0,1680) width 22: "tttt"
                RenderBR {BR} at (21,1680) size 1x20
                RenderText {#text} at (0,1700) size 40x20
                  text run at (0,1700) width 40: "uuuu"
                RenderBR {BR} at (39,1700) size 1x20
                RenderText {#text} at (0,1720) size 36x20
                  text run at (0,1720) width 36: "vvvv"
                RenderBR {BR} at (35,1720) size 1x20
                RenderText {#text} at (0,1740) size 50x20
                  text run at (0,1740) width 50: "wwww"
                RenderBR {BR} at (49,1740) size 1x20
                RenderText {#text} at (0,1760) size 36x20
                  text run at (0,1760) width 36: "xxxx"
                RenderBR {BR} at (35,1760) size 1x20
                RenderText {#text} at (0,1780) size 36x20
                  text run at (0,1780) width 36: "yyyy"
                RenderBR {BR} at (35,1780) size 1x20
                RenderText {#text} at (0,1800) size 32x20
                  text run at (0,1800) width 32: "zzzz"
                RenderBR {BR} at (32,1800) size 0x20
                RenderText {#text} at (0,1820) size 25x20
                  text run at (0,1820) width 25: "{{{{"
                RenderBR {BR} at (24,1820) size 1x20
                RenderText {#text} at (0,1840) size 18x20
                  text run at (0,1840) width 18: "||||"
                RenderBR {BR} at (17,1840) size 1x20
                RenderText {#text} at (0,1860) size 25x20
                  text run at (0,1860) width 25: "}}}}"
                RenderBR {BR} at (24,1860) size 1x20
              RenderText {#text} at (0,0) size 0x0
      RenderBlock {P} at (0,4344) size 784x1880
        RenderInline {FONT} at (0,0) size 65x1879
          RenderInline {FONT} at (0,0) size 65x1879
            RenderInline {FONT} at (0,0) size 65x1880
              RenderText {#text} at (0,0) size 0x0
              RenderInline {I} at (0,0) size 65x1880
                RenderText {#text} at (0,0) size 18x20
                  text run at (0,0) width 18: "    "
                RenderBR {BR} at (17,0) size 1x20
                RenderText {#text} at (0,20) size 18x20
                  text run at (0,20) width 18: "!!!!"
                RenderBR {BR} at (17,20) size 1x20
                RenderText {#text} at (0,40) size 23x20
                  text run at (0,40) width 23: "\"\"\"\""
                RenderBR {BR} at (22,40) size 1x20
                RenderText {#text} at (0,60) size 36x20
                  text run at (0,60) width 36: "####"
                RenderBR {BR} at (35,60) size 1x20
                RenderText {#text} at (0,80) size 36x20
                  text run at (0,80) width 36: "$$$$"
                RenderBR {BR} at (35,80) size 1x20
                RenderText {#text} at (0,100) size 57x20
                  text run at (0,100) width 57: "%%%%"
                RenderBR {BR} at (56,100) size 1x20
                RenderText {#text} at (0,120) size 43x20
                  text run at (0,120) width 43: "&&&&"
                RenderBR {BR} at (42,120) size 1x20
                RenderText {#text} at (0,140) size 13x20
                  text run at (0,140) width 13: "''''"
                RenderBR {BR} at (12,140) size 1x20
                RenderText {#text} at (0,160) size 22x20
                  text run at (0,160) width 22: "(((("
                RenderBR {BR} at (21,160) size 1x20
                RenderText {#text} at (0,180) size 22x20
                  text run at (0,180) width 22: "))))"
                RenderBR {BR} at (21,180) size 1x20
                RenderText {#text} at (0,200) size 25x20
                  text run at (0,200) width 25: "****"
                RenderBR {BR} at (24,200) size 1x20
                RenderText {#text} at (0,220) size 38x20
                  text run at (0,220) width 38: "++++"
                RenderBR {BR} at (37,220) size 1x20
                RenderText {#text} at (0,240) size 18x20
                  text run at (0,240) width 18: ",,,,"
                RenderBR {BR} at (17,240) size 1x20
                RenderText {#text} at (0,260) size 22x20
                  text run at (0,260) width 22: "----"
                RenderBR {BR} at (21,260) size 1x20
                RenderText {#text} at (0,280) size 18x20
                  text run at (0,280) width 18: "...."
                RenderBR {BR} at (17,280) size 1x20
                RenderText {#text} at (0,300) size 18x20
                  text run at (0,300) width 18: "////"
                RenderBR {BR} at (17,300) size 1x20
                RenderText {#text} at (0,320) size 36x20
                  text run at (0,320) width 36: "0000"
                RenderBR {BR} at (35,320) size 1x20
                RenderText {#text} at (0,340) size 33x20
                  text run at (0,340) width 33: "1111"
                RenderBR {BR} at (32,340) size 1x20
                RenderText {#text} at (0,360) size 36x20
                  text run at (0,360) width 36: "2222"
                RenderBR {BR} at (35,360) size 1x20
                RenderText {#text} at (0,380) size 36x20
                  text run at (0,380) width 36: "3333"
                RenderBR {BR} at (35,380) size 1x20
                RenderText {#text} at (0,400) size 36x20
                  text run at (0,400) width 36: "4444"
                RenderBR {BR} at (35,400) size 1x20
                RenderText {#text} at (0,420) size 36x20
                  text run at (0,420) width 36: "5555"
                RenderBR {BR} at (35,420) size 1x20
                RenderText {#text} at (0,440) size 36x20
                  text run at (0,440) width 36: "6666"
                RenderBR {BR} at (35,440) size 1x20
                RenderText {#text} at (0,460) size 36x20
                  text run at (0,460) width 36: "7777"
                RenderBR {BR} at (35,460) size 1x20
                RenderText {#text} at (0,480) size 36x20
                  text run at (0,480) width 36: "8888"
                RenderBR {BR} at (35,480) size 1x20
                RenderText {#text} at (0,500) size 36x20
                  text run at (0,500) width 36: "9999"
                RenderBR {BR} at (35,500) size 1x20
                RenderText {#text} at (0,520) size 18x20
                  text run at (0,520) width 18: "::::"
                RenderBR {BR} at (17,520) size 1x20
                RenderText {#text} at (0,540) size 18x20
                  text run at (0,540) width 18: ";;;;"
                RenderBR {BR} at (17,540) size 1x20
                RenderText {#text} at (0,560) size 38x20
                  text run at (0,560) width 38: "<<<<"
                RenderBR {BR} at (37,560) size 1x20
                RenderText {#text} at (0,580) size 38x20
                  text run at (0,580) width 38: "===="
                RenderBR {BR} at (37,580) size 1x20
                RenderText {#text} at (0,600) size 38x20
                  text run at (0,600) width 38: ">>>>"
                RenderBR {BR} at (37,600) size 1x20
                RenderText {#text} at (0,620) size 36x20
                  text run at (0,620) width 36: "????"
                RenderBR {BR} at (35,620) size 1x20
                RenderText {#text} at (0,640) size 65x20
                  text run at (0,640) width 65: "@@@@"
                RenderBR {BR} at (64,640) size 1x20
                RenderText {#text} at (0,660) size 43x20
                  text run at (0,660) width 43: "AAAA"
                RenderBR {BR} at (42,660) size 1x20
                RenderText {#text} at (0,680) size 43x20
                  text run at (0,680) width 43: "BBBB"
                RenderBR {BR} at (42,680) size 1x20
                RenderText {#text} at (0,700) size 47x20
                  text run at (0,700) width 47: "CCCC"
                RenderBR {BR} at (46,700) size 1x20
                RenderText {#text} at (0,720) size 47x20
                  text run at (0,720) width 47: "DDDD"
                RenderBR {BR} at (46,720) size 1x20
                RenderText {#text} at (0,740) size 43x20
                  text run at (0,740) width 43: "EEEE"
                RenderBR {BR} at (42,740) size 1x20
                RenderText {#text} at (0,760) size 40x20
                  text run at (0,760) width 40: "FFFF"
                RenderBR {BR} at (39,760) size 1x20
                RenderText {#text} at (0,780) size 50x20
                  text run at (0,780) width 50: "GGGG"
                RenderBR {BR} at (49,780) size 1x20
                RenderText {#text} at (0,800) size 47x20
                  text run at (0,800) width 47: "HHHH"
                RenderBR {BR} at (46,800) size 1x20
                RenderText {#text} at (0,820) size 18x20
                  text run at (0,820) width 18: "IIII"
                RenderBR {BR} at (17,820) size 1x20
                RenderText {#text} at (0,840) size 32x20
                  text run at (0,840) width 32: "JJJJ"
                RenderBR {BR} at (32,840) size 0x20
                RenderText {#text} at (0,860) size 43x20
                  text run at (0,860) width 43: "KKKK"
                RenderBR {BR} at (42,860) size 1x20
                RenderText {#text} at (0,880) size 36x20
                  text run at (0,880) width 36: "LLLL"
                RenderBR {BR} at (35,880) size 1x20
                RenderText {#text} at (0,900) size 54x20
                  text run at (0,900) width 54: "MMMM"
                RenderBR {BR} at (53,900) size 1x20
                RenderText {#text} at (0,920) size 47x20
                  text run at (0,920) width 47: "NNNN"
                RenderBR {BR} at (46,920) size 1x20
                RenderText {#text} at (0,940) size 50x20
                  text run at (0,940) width 50: "OOOO"
                RenderBR {BR} at (49,940) size 1x20
                RenderText {#text} at (0,960) size 43x20
                  text run at (0,960) width 43: "PPPP"
                RenderBR {BR} at (42,960) size 1x20
                RenderText {#text} at (0,980) size 50x20
                  text run at (0,980) width 50: "QQQQ"
                RenderBR {BR} at (49,980) size 1x20
                RenderText {#text} at (0,1000) size 47x20
                  text run at (0,1000) width 47: "RRRR"
                RenderBR {BR} at (46,1000) size 1x20
                RenderText {#text} at (0,1020) size 43x20
                  text run at (0,1020) width 43: "SSSS"
                RenderBR {BR} at (42,1020) size 1x20
                RenderText {#text} at (0,1040) size 40x20
                  text run at (0,1040) width 40: "TTTT"
                RenderBR {BR} at (39,1040) size 1x20
                RenderText {#text} at (0,1060) size 47x20
                  text run at (0,1060) width 47: "UUUU"
                RenderBR {BR} at (46,1060) size 1x20
                RenderText {#text} at (0,1080) size 43x20
                  text run at (0,1080) width 43: "VVVV"
                RenderBR {BR} at (42,1080) size 1x20
                RenderText {#text} at (0,1100) size 61x20
                  text run at (0,1100) width 61: "WWWW"
                RenderBR {BR} at (60,1100) size 1x20
                RenderText {#text} at (0,1120) size 43x20
                  text run at (0,1120) width 43: "XXXX"
                RenderBR {BR} at (42,1120) size 1x20
                RenderText {#text} at (0,1140) size 43x20
                  text run at (0,1140) width 43: "YYYY"
                RenderBR {BR} at (42,1140) size 1x20
                RenderText {#text} at (0,1160) size 40x20
                  text run at (0,1160) width 40: "ZZZZ"
                RenderBR {BR} at (39,1160) size 1x20
                RenderText {#text} at (0,1180) size 18x20
                  text run at (0,1180) width 18: "[[[["
                RenderBR {BR} at (17,1180) size 1x20
                RenderText {#text} at (0,1200) size 18x20
                  text run at (0,1200) width 18: "\\\\\\\\"
                RenderBR {BR} at (17,1200) size 1x20
                RenderText {#text} at (0,1220) size 18x20
                  text run at (0,1220) width 18: "]]]]"
                RenderBR {BR} at (17,1220) size 1x20
                RenderText {#text} at (0,1240) size 31x20
                  text run at (0,1240) width 31: "^^^^"
                RenderBR {BR} at (30,1240) size 1x20
                RenderText {#text} at (0,1260) size 36x20
                  text run at (0,1260) width 36: "____"
                RenderBR {BR} at (35,1260) size 1x20
                RenderText {#text} at (0,1280) size 22x20
                  text run at (0,1280) width 22: "````"
                RenderBR {BR} at (21,1280) size 1x20
                RenderText {#text} at (0,1300) size 36x20
                  text run at (0,1300) width 36: "aaaa"
                RenderBR {BR} at (35,1300) size 1x20
                RenderText {#text} at (0,1320) size 36x20
                  text run at (0,1320) width 36: "bbbb"
                RenderBR {BR} at (35,1320) size 1x20
                RenderText {#text} at (0,1340) size 32x20
                  text run at (0,1340) width 32: "cccc"
                RenderBR {BR} at (32,1340) size 0x20
                RenderText {#text} at (0,1360) size 36x20
                  text run at (0,1360) width 36: "dddd"
                RenderBR {BR} at (35,1360) size 1x20
                RenderText {#text} at (0,1380) size 36x20
                  text run at (0,1380) width 36: "eeee"
                RenderBR {BR} at (35,1380) size 1x20
                RenderText {#text} at (0,1400) size 17x20
                  text run at (0,1400) width 17: "ffff"
                RenderBR {BR} at (16,1400) size 1x20
                RenderText {#text} at (0,1420) size 36x20
                  text run at (0,1420) width 36: "gggg"
                RenderBR {BR} at (35,1420) size 1x20
                RenderText {#text} at (0,1440) size 36x20
                  text run at (0,1440) width 36: "hhhh"
                RenderBR {BR} at (35,1440) size 1x20
                RenderText {#text} at (0,1460) size 15x20
                  text run at (0,1460) width 15: "iiii"
                RenderBR {BR} at (14,1460) size 1x20
                RenderText {#text} at (0,1480) size 15x20
                  text run at (0,1480) width 15: "jjjj"
                RenderBR {BR} at (14,1480) size 1x20
                RenderText {#text} at (0,1500) size 32x20
                  text run at (0,1500) width 32: "kkkk"
                RenderBR {BR} at (32,1500) size 0x20
                RenderText {#text} at (0,1520) size 15x20
                  text run at (0,1520) width 15: "llll"
                RenderBR {BR} at (14,1520) size 1x20
                RenderText {#text} at (0,1540) size 54x20
                  text run at (0,1540) width 54: "mmmm"
                RenderBR {BR} at (53,1540) size 1x20
                RenderText {#text} at (0,1560) size 36x20
                  text run at (0,1560) width 36: "nnnn"
                RenderBR {BR} at (35,1560) size 1x20
                RenderText {#text} at (0,1580) size 36x20
                  text run at (0,1580) width 36: "oooo"
                RenderBR {BR} at (35,1580) size 1x20
                RenderText {#text} at (0,1600) size 36x20
                  text run at (0,1600) width 36: "pppp"
                RenderBR {BR} at (35,1600) size 1x20
                RenderText {#text} at (0,1620) size 36x20
                  text run at (0,1620) width 36: "qqqq"
                RenderBR {BR} at (35,1620) size 1x20
                RenderText {#text} at (0,1640) size 22x20
                  text run at (0,1640) width 22: "rrrr"
                RenderBR {BR} at (21,1640) size 1x20
                RenderText {#text} at (0,1660) size 32x20
                  text run at (0,1660) width 32: "ssss"
                RenderBR {BR} at (32,1660) size 0x20
                RenderText {#text} at (0,1680) size 18x20
                  text run at (0,1680) width 18: "tttt"
                RenderBR {BR} at (17,1680) size 1x20
                RenderText {#text} at (0,1700) size 36x20
                  text run at (0,1700) width 36: "uuuu"
                RenderBR {BR} at (35,1700) size 1x20
                RenderText {#text} at (0,1720) size 32x20
                  text run at (0,1720) width 32: "vvvv"
                RenderBR {BR} at (32,1720) size 0x20
                RenderText {#text} at (0,1740) size 47x20
                  text run at (0,1740) width 47: "wwww"
                RenderBR {BR} at (46,1740) size 1x20
                RenderText {#text} at (0,1760) size 32x20
                  text run at (0,1760) width 32: "xxxx"
                RenderBR {BR} at (32,1760) size 0x20
                RenderText {#text} at (0,1780) size 32x20
                  text run at (0,1780) width 32: "yyyy"
                RenderBR {BR} at (32,1780) size 0x20
                RenderText {#text} at (0,1800) size 32x20
                  text run at (0,1800) width 32: "zzzz"
                RenderBR {BR} at (32,1800) size 0x20
                RenderText {#text} at (0,1820) size 22x20
                  text run at (0,1820) width 22: "{{{{"
                RenderBR {BR} at (21,1820) size 1x20
                RenderText {#text} at (0,1840) size 17x20
                  text run at (0,1840) width 17: "||||"
                RenderBR {BR} at (16,1840) size 1x20
                RenderText {#text} at (0,1860) size 22x20
                  text run at (0,1860) width 22: "}}}}"
                RenderBR {BR} at (21,1860) size 1x20
              RenderText {#text} at (0,0) size 0x0
            RenderText {#text} at (0,0) size 0x0
