layer at (0,0) size 800x600
  RenderView at (0,0) size 800x600
layer at (0,0) size 800x600
  RenderBlock {HTML} at (0,0) size 800x600
    RenderBody {BODY} at (8,8) size 784x584
      RenderBlock {P} at (0,0) size 784x36
        RenderText {#text} at (0,0) size 777x36
          text run at (0,0) width 406: "This page tests using attributes to set style on embed elements. "
          text run at (405,0) width 372: "Previous versions of WebKit supported valign and border,"
          text run at (0,18) width 44: "which "
          text run at (43,18) width 458: "didn't match IE and FF. The only special support should be for 'hidden.'"
      RenderBlock {HR} at (0,52) size 784x2 [border: (1px inset #000000)]
      RenderBlock {DIV} at (0,62) size 784x0
      RenderBlock {DIV} at (0,62) size 784x104
        RenderText {#text} at (50,86) size 126x18
          text run at (50,86) width 4: " "
          text run at (54,86) width 122: "valign top attribute"
      RenderBlock {DIV} at (0,166) size 784x104
        RenderText {#text} at (50,86) size 132x18
          text run at (50,86) width 4: " "
          text run at (54,86) width 128: "border 5px attribute"
      RenderBlock {DIV} at (0,270) size 784x106
        RenderText {#text} at (52,88) size 105x18
          text run at (52,88) width 4: " "
          text run at (56,88) width 101: "hidden attribute"
layer at (8,70) size 50x100
  RenderEmbeddedObject {EMBED} at (0,0) size 50x100
layer at (8,174) size 50x100
  RenderEmbeddedObject {EMBED} at (0,0) size 50x100
layer at (8,278) size 52x102
  RenderEmbeddedObject {EMBED} at (0,0) size 52x102 [border: (1px dashed #000000)]
