layer at (0,0) size 800x600
  RenderView at (0,0) size 800x600
layer at (0,0) size 800x258
  RenderBlock {HTML} at (0,0) size 800x258
    RenderBody {BODY} at (8,16) size 784x234
      RenderBlock {P} at (0,0) size 784x20
        RenderText {#text} at (0,0) size 778x19
          text run at (0,0) width 778: "Test passes if the blue and orange boxes below are the same width, and the blue box is in the upper-right corner of the black box."
layer at (8,52) size 198x198
  RenderBlock (relative positioned) {DIV} at (0,36) size 198x198 [border: (3px solid #000000)]
    RenderBlock {DIV} at (99,99) size 96x96 [bgcolor=#FFA500]
layer at (107,55) size 96x96
  RenderImage {IMG} at (99,3) size 96x96
