layer at (0,0) size 800x600
  RenderView at (0,0) size 800x600
layer at (0,0) size 800x374
  RenderBlock {HTML} at (0,0) size 800x374
    RenderBody {BODY} at (8,16) size 784x350
      RenderBlock {P} at (0,0) size 784x40
        RenderText {#text} at (0,0) size 773x39
          text run at (0,0) width 773: "Test passes if the blue and orange boxes below are the same width, and the boxes are horizontally centered inside the black"
          text run at (0,20) width 28: "box."
layer at (8,72) size 198x294
  RenderBlock (relative positioned) {DIV} at (0,56) size 198x294 [border: (3px solid #000000)]
    RenderBlock {DIV} at (51,99) size 96x96 [bgcolor=#FFA500]
layer at (59,75) size 96x96
  RenderImage {IMG} at (51,3) size 96x96
