layer at (0,0) size 800x600
  RenderView at (0,0) size 800x600
layer at (0,0) size 800x78
  RenderBlock {HTML} at (0,0) size 800x78
    RenderBody {BODY} at (8,16) size 784x54
      RenderBlock {P} at (0,0) size 784x20
        RenderText {#text} at (0,0) size 490x19
          text run at (0,0) width 490: "Test passes if there is a single blue box below and it does not touch the black line."
layer at (8,52) size 784x18
  RenderBlock (relative positioned) {DIV} at (0,36) size 784x18 [border: (3px solid #000000) none]
layer at (8,151) size 15x15
  RenderImage {IMG} at (0,99) size 15x15
layer at (23,151) size 15x15
  RenderBlock (relative positioned) {DIV} at (0,3) size 15x15 [bgcolor=#0000FF]
