layer at (0,0) size 800x600
  RenderView at (0,0) size 800x600
layer at (0,0) size 800x380
  RenderBlock {HTML} at (0,0) size 800x380
    RenderBody {BODY} at (8,16) size 784x356
      RenderBlock {P} at (0,0) size 784x20
        RenderText {#text} at (0,0) size 288x19
          text run at (0,0) width 288: "Test passes if there is one blue box on the page."
layer at (8,52) size 320x320 clip at (18,62) size 300x300
  RenderBlock (relative positioned) {DIV} at (0,36) size 320x320 [border: (10px solid #000000)]
layer at (18,162) size 150x150
  RenderBlock (positioned) {DIV} at (10,110) size 150x150 [bgcolor=#0000FF]
layer at (168,162) size 150x150
  RenderBlock (positioned) {DIV} at (160,110) size 150x150 [bgcolor=#0000FF]
