layer at (0,0) size 800x600
  RenderView at (0,0) size 800x600
layer at (0,0) size 800x444
  RenderBlock {HTML} at (0,0) size 800x444
    RenderBody {BODY} at (8,16) size 784x420
      RenderBlock {P} at (0,0) size 784x20
        RenderText {#text} at (0,0) size 407x19
          text run at (0,0) width 407: "Test passes if the blue and orange boxes below are the same height."
layer at (8,52) size 96x384
  RenderBlock (relative positioned) {DIV} at (0,36) size 96x384
layer at (8,100) size 96x48
  RenderBlock (relative positioned) {DIV} at (0,0) size 96x48 [bgcolor=#FFA500]
layer at (8,100) size 48x48
  RenderBlock (positioned) {DIV} at (0,48) size 48x48 [bgcolor=#0000FF]
    RenderText {#text} at (0,0) size 96x96
      text run at (0,0) width 96: " "
