layer at (0,0) size 800x600
  RenderView at (0,0) size 800x600
layer at (0,0) size 800x354
  RenderBlock {HTML} at (0,0) size 800x354
    RenderBody {BODY} at (8,16) size 784x330
      RenderBlock {P} at (0,0) size 784x20
        RenderText {#text} at (0,0) size 389x19
          text run at (0,0) width 389: "Test passes if the blue box is vertically centered in the black box."
layer at (8,52) size 294x294
  RenderBlock (relative positioned) {DIV} at (0,36) size 294x294 [border: (3px solid #000000)]
layer at (11,175) size 288x48
  RenderBlock (positioned) {DIV} at (3,123) size 288x48 [bgcolor=#0000FF]
