layer at (0,0) size 800x600
  RenderView at (0,0) size 800x600
layer at (0,0) size 800x258
  RenderBlock {HTML} at (0,0) size 800x258
    RenderBody {BODY} at (8,16) size 784x234
      RenderBlock {P} at (0,0) size 784x20
        RenderText {#text} at (0,0) size 651x19
          text run at (0,0) width 651: "Test passes if the blue box is in the upper-left corner of the black box and there is no red visible on the page."
layer at (8,52) size 198x198
  RenderBlock (relative positioned) {DIV} at (0,36) size 198x198 [border: (3px solid #000000)]
layer at (11,55) size 96x96
  RenderBlock (positioned) {DIV} at (3,3) size 96x96 [color=#0000FF] [bgcolor=#FF0000]
    RenderText {#text} at (0,0) size 96x96
      text run at (0,0) width 96: "X"
