layer at (0,0) size 800x600
  RenderView at (0,0) size 800x600
layer at (0,0) size 800x258
  RenderBlock {HTML} at (0,0) size 800x258
    RenderBody {BODY} at (8,16) size 784x234
      RenderBlock {P} at (0,0) size 784x20
        RenderText {#text} at (0,0) size 583x19
          text run at (0,0) width 583: "Test passes if there is blue rectangle, and not a square, in the upper-right corner of the black box."
layer at (8,52) size 198x198
  RenderBlock (relative positioned) {DIV} at (0,36) size 198x198 [border: (3px solid #000000)]
layer at (107,55) size 96x48
  RenderBlock (positioned) {DIV} at (99,3) size 96x48 [bgcolor=#0000FF]
    RenderText {#text} at (0,0) size 96x96
      text run at (0,0) width 96: " "
