layer at (0,0) size 785x585
  RenderView at (0,0) size 785x585
layer at (0,0) size 785x275
  RenderBlock {HTML} at (0,0) size 785x275
layer at (8,8) size 769x259 clip at (8,8) size 754x244
  RenderBody {BODY} at (8,8) size 769x259
    RenderBlock {P} at (0,16) size 754x20
      RenderText {#text} at (0,0) size 257x19
        text run at (0,0) width 257: "Test passes if there is a blue square below."
layer at (8,60) size 754x192
  RenderBlock (relative positioned) {DIV} at (0,52) size 754x192
    RenderBlock {DIV} at (0,0) size 96x192 [bgcolor=#0000FF] [border: (24px solid #0000FF) none (24px solid #0000FF) none]
      RenderBlock {DIV} at (0,48) size 96x48 [border: (24px solid #0000FF) none]
      RenderBlock {DIV} at (0,96) size 96x48 [border: none (24px solid #0000FF) none]
layer at (104,60) size 96x192
  RenderBlock (positioned) {DIV} at (96,0) size 96x192 [bgcolor=#0000FF]
