layer at (0,0) size 785x585
  RenderView at (0,0) size 785x585
layer at (0,0) size 785x179
  RenderBlock {HTML} at (0,0) size 785x179
layer at (8,8) size 769x163 clip at (8,8) size 754x148
  RenderBody {BODY} at (8,8) size 769x163
    RenderBlock {P} at (0,16) size 754x20
      RenderText {#text} at (0,0) size 290x19
        text run at (0,0) width 290: "Test passes if there is no red visible on the page."
    RenderBlock {DIV} at (0,52) size 754x0 [bgcolor=#FF0000]
      RenderBlock (floating) {DIV} at (0,0) size 96x96
