layer at (0,0) size 800x600
  RenderView at (0,0) size 800x600
layer at (0,0) size 800x300
  RenderBlock {HTML} at (0,0) size 800x300
    RenderBody {BODY} at (8,16) size 784x276
      RenderBlock {P} at (0,0) size 784x20
        RenderText {#text} at (0,0) size 620x19
          text run at (0,0) width 620: "Test passes if there is a blue and orange square below and there is no vertical gap between the squares."
      RenderTable {DIV} at (0,36) size 120x240
        RenderBlock {DIV} at (0,0) size 120x120 [border: (10px solid #0000FF)]
        RenderBlock {DIV} at (0,120) size 120x120 [border: (10px solid #FFA500)]
