layer at (0,0) size 800x600
  RenderView at (0,0) size 800x600
layer at (0,0) size 800x52
  RenderBlock {HTML} at (0,0) size 800x52
    RenderBody {BODY} at (8,16) size 784x20
      RenderBlock {P} at (0,0) size 784x20
        RenderText {#text} at (0,0) size 144x19
          text run at (0,0) width 144: "There should be no red."
layer at (8,32) size 100x100
  RenderBlock (positioned) {DIV} at (8,32) size 100x100
    RenderTable {DIV} at (0,0) size 100x100
      RenderTableSection (anonymous) at (0,0) size 100x100
        RenderTableRow (anonymous) at (0,0) size 100x100
          RenderTableCell (anonymous) at (0,0) size 100x100 [r=0 c=0 rs=1 cs=1]
layer at (8,64) size 100x100
  RenderBlock (relative positioned) {DIV} at (0,0) size 100x100 [bgcolor=#FF0000]
layer at (8,64) size 100x100
  RenderBlock (positioned) {DIV} at (8,64) size 100x100 [bgcolor=#008000]
