layer at (0,0) size 800x600
  RenderView at (0,0) size 800x600
layer at (0,0) size 800x140 layerType: background only
layer at (8,52) size 784x80
  RenderBlock (positioned) zI: -1 {DIV} at (0,0) size 784x80 [bgcolor=#FF0000]
    RenderText zI: -1 {#text} at (0,30) size 11x19
      text run at (0,30) width 11: "X"
layer at (0,0) size 800x140 layerType: foreground only
  RenderBlock {HTML} at (0,0) size 800x140
    RenderBody {BODY} at (8,16) size 784x116
      RenderBlock {P} at (0,0) size 784x20
        RenderText {#text} at (0,0) size 582x19
          text run at (0,0) width 582: "Test passes if there is a wide bright green rectangle below with one \"X\" in it and if there is no red."
layer at (8,52) size 784x80
  RenderBlock (relative positioned) {DIV} at (0,36) size 784x80
    RenderBlock {DIV} at (0,0) size 784x80 [bgcolor=#00FF00]
      RenderInline {SPAN} at (0,0) size 0x19
      RenderText {#text} at (0,30) size 11x19
        text run at (0,30) width 11: "X"
