layer at (0,0) size 800x600
  RenderView at (0,0) size 800x600
layer at (0,0) size 800x73
  RenderBlock {HTML} at (0,0) size 800x73
    RenderBody {BODY} at (8,16) size 784x20
      RenderBlock {P} at (0,0) size 784x20
        RenderText {#text} at (0,0) size 523x19
          text run at (0,0) width 523: "Test passes if there is no white space between the blue box below and the orange lines."
      RenderBlock (floating) {DIV} at (0,36) size 96x21 [border: (3px solid #FFA500) none (3px solid #FFA500) none]
        RenderImage {IMG} at (0,3) size 15x15
