layer at (0,0) size 800x600
  RenderView at (0,0) size 800x600
layer at (0,0) size 800x258
  RenderBlock {HTML} at (0,0) size 800x258
    RenderBody {BODY} at (8,16) size 784x234
      RenderBlock {P} at (0,0) size 784x20
        RenderText {#text} at (0,0) size 428x19
          text run at (0,0) width 428: "Test passes if the blue box is horizontally centered inside the black box."
      RenderBlock {DIV} at (0,36) size 198x198 [border: (3px solid #000000)]
        RenderBlock (floating) {DIV} at (51,3) size 96x96 [bgcolor=#0000FF]
