layer at (0,0) size 800x600
  RenderView at (0,0) size 800x600
layer at (0,0) size 800x354
  RenderBlock {HTML} at (0,0) size 800x354
    RenderBody {BODY} at (8,16) size 784x330
      RenderBlock {P} at (0,0) size 784x20
        RenderText {#text} at (0,0) size 770x19
          text run at (0,0) width 770: "Test passes if the blue and orange boxes below are the same width, and the blue box is in the upper-left corner of the black box."
      RenderBlock {DIV} at (0,36) size 198x294 [border: (3px solid #000000)]
        RenderImage {IMG} at (3,3) size 96x96
        RenderBlock {DIV} at (3,99) size 96x96 [bgcolor=#FFA500]
