layer at (0,0) size 800x600
  RenderView at (0,0) size 800x600
layer at (0,0) size 800x160 layerType: background only
layer at (8,52) size 100x100
  RenderBlock (positioned) zI: -1 {DIV} at (8,52) size 100x100 [bgcolor=#FF0000]
layer at (0,0) size 800x160 layerType: foreground only
  RenderBlock {HTML} at (0,0) size 800x160
    RenderBody {BODY} at (8,16) size 784x136
      RenderBlock {P} at (0,0) size 784x20
        RenderText {#text} at (0,0) size 294x19
          text run at (0,0) width 294: "Test passes if there is a filled green square and "
        RenderInline {STRONG} at (0,0) size 44x19
          RenderText {#text} at (294,0) size 44x19
            text run at (294,0) width 44: "no red"
        RenderText {#text} at (338,0) size 4x19
          text run at (338,0) width 4: "."
      RenderTable {DIV} at (0,36) size 100x100 [bgcolor=#008000] [border: (25px solid #008000)]
