layer at (0,0) size 800x600
  RenderView at (0,0) size 800x600
layer at (0,0) size 800x165 layerType: background only
layer at (8,52) size 100x100
  RenderBlock (positioned) zI: -1 {DIV} at (8,52) size 100x100 [bgcolor=#FF0000]
layer at (0,0) size 800x165 layerType: foreground only
  RenderBlock {HTML} at (0,0) size 800x165
    RenderBody {BODY} at (8,16) size 784x141
      RenderBlock {P} at (0,0) size 784x20
        RenderText {#text} at (0,0) size 282x19
          text run at (0,0) width 282: "Test passes if there is a filled green square and "
        RenderInline {STRONG} at (0,0) size 42x19
          RenderText {#text} at (282,0) size 42x19
            text run at (282,0) width 42: "no red"
        RenderText {#text} at (324,0) size 4x19
          text run at (324,0) width 4: "."
      RenderBlock (anonymous) at (0,36) size 784x105
        RenderTable {DIV} at (0,0) size 100x100 [bgcolor=#008000] [border: (25px solid #008000)]
        RenderText {#text} at (0,0) size 0x0
