layer at (0,0) size 800x600
  RenderView at (0,0) size 800x600
layer at (0,0) size 800x72
  RenderBlock {HTML} at (0,0) size 800x72
    RenderBody {BODY} at (8,16) size 784x40
      RenderBlock {P} at (0,0) size 784x40
        RenderText {#text} at (0,0) size 7x19
          text run at (0,0) width 7: "a"
        RenderTable {SPAN} at (7,0) size 23x40
          RenderTableSection (anonymous) at (0,0) size 23x40
            RenderTableRow (anonymous) at (0,0) size 23x40
              RenderTableCell (anonymous) at (0,0) size 23x40 [r=0 c=0 rs=1 cs=1]
                RenderBlock (anonymous) at (0,0) size 23x20
                  RenderText {#text} at (0,0) size 23x19
                    text run at (0,0) width 23: "bcd"
                RenderBlock {SPAN} at (0,20) size 23x20
                  RenderText {#text} at (0,0) size 7x19
                    text run at (0,0) width 7: "x"
        RenderText {#text} at (30,0) size 7x19
          text run at (30,0) width 7: "e"
