layer at (0,0) size 800x600
  RenderView at (0,0) size 800x600
layer at (0,0) size 800x258
  RenderBlock {HTML} at (0,0) size 800x258
    RenderBody {BODY} at (8,16) size 784x234
      RenderBlock {P} at (0,0) size 784x20
        RenderText {#text} at (0,0) size 461x19
          text run at (0,0) width 461: "Test passes if the blue box below is in the upper-left corner of the black box."
      RenderBlock {DIV} at (0,36) size 198x198 [border: (3px solid #000000)]
        RenderText {#text} at (0,0) size 0x0
layer at (8,52) size 96x96
  RenderInline (relative positioned) {SPAN} at (0,0) size 96x96 [color=#0000FF]
    RenderText {#text} at (3,3) size 96x96
      text run at (3,3) width 96: "X"
