layer at (0,0) size 800x600
  RenderView at (0,0) size 800x600
layer at (0,0) size 800x156
  RenderBlock {HTML} at (0,0) size 800x156
    RenderBody {BODY} at (8,16) size 784x132
      RenderBlock {P} at (0,0) size 784x20
        RenderText {#text} at (0,0) size 290x19
          text run at (0,0) width 290: "Test passes if there is no red visible on the page."
      RenderBlock (anonymous) at (0,36) size 784x96
        RenderBlock {DIV} at (0,0) size 96x96 [color=#0000FF] [bgcolor=#FF0000]
          RenderText {#text} at (0,0) size 96x96
            text run at (0,0) width 96: "X"
        RenderText {#text} at (0,0) size 0x0
