layer at (0,0) size 800x600
  RenderView at (0,0) size 800x600
layer at (0,0) size 800x203
  RenderBlock {HTML} at (0,0) size 800x203
    RenderBody {BODY} at (8,16) size 784x179
      RenderBlock {P} at (0,0) size 784x40
        RenderText {#text} at (0,0) size 106x19
          text run at (0,0) width 106: "There should be "
        RenderInline {STRONG} at (0,0) size 143x19
          RenderText {#text} at (106,0) size 143x19
            text run at (106,0) width 143: "5 filled green squares"
        RenderText {#text} at (249,0) size 185x19
          text run at (249,0) width 185: " with the same width and the "
        RenderInline {STRONG} at (0,0) size 80x19
          RenderText {#text} at (434,0) size 80x19
            text run at (434,0) width 80: "same height"
        RenderText {#text} at (514,0) size 236x19
          text run at (514,0) width 236: ". The 5 filled green squares should be"
        RenderInline {STRONG} at (0,0) size 57x19
          RenderText {#text} at (0,20) size 57x19
            text run at (0,20) width 57: "identical"
        RenderText {#text} at (57,20) size 444x19
          text run at (57,20) width 444: " to each other. This should still remain true even after a window resize."
      RenderBlock {DIV} at (0,56) size 784x123
        RenderImage {OBJECT} at (0,0) size 118x118
        RenderText {#text} at (117,103) size 5x19
          text run at (117,103) width 5: " "
        RenderImage {OBJECT} at (121,0) size 119x118
        RenderText {#text} at (239,103) size 5x19
          text run at (239,103) width 5: " "
        RenderImage {OBJECT} at (243,0) size 118x118
        RenderText {#text} at (360,103) size 5x19
          text run at (360,103) width 5: " "
        RenderImage {OBJECT} at (364,0) size 119x118
        RenderText {#text} at (482,103) size 5x19
          text run at (482,103) width 5: " "
        RenderImage {OBJECT} at (486,0) size 118x118
        RenderText {#text} at (0,0) size 0x0
