layer at (0,0) size 800x600
  RenderView at (0,0) size 800x600
layer at (0,0) size 800x52
  RenderBlock {HTML} at (0,0) size 800x52
    RenderBody {BODY} at (8,16) size 784x20
      RenderBlock {P} at (0,0) size 784x20
        RenderText {#text} at (0,0) size 419x19
          text run at (0,0) width 419: "Test passes if there is space between the blue and orange lines below."
layer at (8,52) size 340x340
  RenderBlock (positioned) {DIV} at (8,52) size 340x340 [border: (10px solid #0000FF)]
    RenderTable {DIV} at (10,10) size 320x320
      RenderBlock {DIV} at (50,50) size 220x220 [border: (10px solid #FFA500)]
      RenderTableSection (anonymous) at (0,320) size 320x0
        RenderTableRow {DIV} at (0,0) size 320x0
          RenderTableCell {DIV} at (0,0) size 0x0 [r=0 c=0 rs=1 cs=1]
