layer at (0,0) size 800x600
  RenderView at (0,0) size 800x600
layer at (0,0) size 800x52
  RenderBlock {HTML} at (0,0) size 800x52
    RenderBody {BODY} at (8,16) size 784x20
      RenderBlock {P} at (0,0) size 784x20
        RenderText {#text} at (0,0) size 419x19
          text run at (0,0) width 419: "Test passes if there is space between the blue and orange lines below."
layer at (8,52) size 340x340
  RenderBlock (positioned) {DIV} at (8,52) size 340x340 [border: (10px solid #0000FF)]
    RenderBlock {DIV} at (60,60) size 220x220 [border: (10px solid #FFA500)]
