layer at (0,0) size 800x600
  RenderView at (0,0) size 800x600
layer at (0,0) size 800x80
  RenderBlock {HTML} at (0,0) size 800x80
    RenderBody {BODY} at (8,16) size 784x56
      RenderBlock {P} at (0,0) size 784x20
        RenderText {#text} at (0,0) size 217x19
          text run at (0,0) width 217: "Test passes if the box below is blue."
      RenderBlock (anonymous) at (0,36) size 784x20
        RenderInline {DIV} at (0,0) size 61x19
          RenderText {#text} at (0,0) size 61x19
            text run at (0,0) width 61: "Filler Text"
        RenderText {#text} at (0,0) size 0x0
