layer at (0,0) size 800x600
  RenderView at (0,0) size 800x600
layer at (8,8) size 150x235 layerType: background only
layer at (6,86) size 154x154
  RenderBlock (positioned) zI: -1 {P} at (6,86) size 154x154 [bgcolor=#FF0000] [border: (2px solid #00FF00)]
    RenderText zI: -1 {#text} at (2,2) size 93x59
      text run at (2,2) width 93: "FAIL (absolute"
      text run at (2,22) width 87: "positioning not"
      text run at (2,42) width 66: "supported)"
layer at (8,8) size 150x235 layerType: foreground only
  RenderBlock {HTML} at (8,8) size 150x235
    RenderBody {BODY} at (0,0) size 150x235
      RenderBlock {P} at (0,0) size 150x80
        RenderText {#text} at (0,0) size 145x79
          text run at (0,0) width 145: "There should be a green"
          text run at (0,20) width 133: "square below this line,"
          text run at (0,40) width 127: "exactly fitting inside a"
          text run at (0,60) width 100: "2px lime border."
      RenderBlock {P} at (0,80) size 150x155
        RenderEmbeddedObject {OBJECT} at (0,0) size 300x150
          layer at (0,0) size 300x150
            RenderView at (0,0) size 300x150
          layer at (0,0) size 300x150
            RenderSVGRoot {svg} at (0,0) size 300x150
              RenderSVGRect {rect} at (0,0) size 300x150 [fill={[type=SOLID] [color=#008000]}] [x=0.00] [y=0.00] [width=300.00] [height=200.00]
