layer at (0,0) size 800x600
  RenderView at (0,0) size 800x600
layer at (0,0) size 800x176
  RenderBlock {HTML} at (0,0) size 800x176
    RenderBody {BODY} at (8,16) size 784x152
      RenderBlock {P} at (0,0) size 784x20
        RenderText {#text} at (0,0) size 285x19
          text run at (0,0) width 285: "Test passes if the \"Filler Text\" is above the box."
      RenderTable {DIV} at (0,36) size 96x116
        RenderBlock {DIV} at (0,0) size 96x20
          RenderText {#text} at (0,0) size 61x19
            text run at (0,0) width 61: "Filler Text"
        RenderTableSection (anonymous) at (0,20) size 96x96
          RenderTableRow {DIV} at (0,0) size 96x48
            RenderTableCell {DIV} at (0,0) size 48x0 [bgcolor=#000000] [r=0 c=0 rs=1 cs=1]
            RenderTableCell {DIV} at (48,0) size 48x0 [bgcolor=#000000] [r=0 c=1 rs=1 cs=1]
          RenderTableRow {DIV} at (0,48) size 96x48
            RenderTableCell {DIV} at (0,48) size 48x0 [bgcolor=#000000] [r=1 c=0 rs=1 cs=1]
            RenderTableCell {DIV} at (48,48) size 48x0 [bgcolor=#000000] [r=1 c=1 rs=1 cs=1]
