layer at (0,0) size 800x600
  RenderView at (0,0) size 800x600
layer at (0,0) size 800x160
  RenderBlock {HTML} at (0,0) size 800x160
    RenderBody {BODY} at (8,16) size 784x136
      RenderBlock {P} at (0,0) size 784x20
        RenderText {#text} at (0,0) size 388x19
          text run at (0,0) width 388: "Test passes if the bottom of the \"Filler Text\" below is aligned."
      RenderTable {TABLE} at (0,36) size 353x100
        RenderTableSection {TBODY} at (0,0) size 353x100
          RenderTableRow {TR} at (0,2) size 353x96
            RenderTableCell {TD} at (2,27) size 58x18 [r=0 c=0 rs=1 cs=1]
              RenderBlock {DIV} at (1,1) size 56x16
                RenderText {#text} at (0,0) size 56x15
                  text run at (0,0) width 56: "Filler Text"
            RenderTableCell {TD} at (62,15) size 118x34 [r=0 c=1 rs=1 cs=1]
              RenderBlock {DIV} at (1,1) size 116x32
                RenderText {#text} at (0,0) size 116x31
                  text run at (0,0) width 116: "Filler Text"
            RenderTableCell {TD} at (182,2) size 169x50 [r=0 c=2 rs=1 cs=1]
              RenderBlock {DIV} at (1,1) size 167x48
                RenderText {#text} at (0,1) size 167x46
                  text run at (0,1) width 167: "Filler Text"
