layer at (0,0) size 800x600
  RenderView at (0,0) size 800x600
layer at (0,0) size 800x458
  RenderBlock {HTML} at (0,0) size 800x458
    RenderBody {BODY} at (8,16) size 784x434
      RenderBlock {P} at (0,0) size 784x18
        RenderText {#text} at (0,0) size 209x18
          text run at (0,0) width 209: "Test inverted color drawing for <"
        RenderInline {A} at (0,0) size 124x18 [color=#0000EE]
          RenderText {#text} at (209,0) size 124x18
            text run at (209,0) width 124: "webkit.org/b/77382"
        RenderText {#text} at (333,0) size 287x18
          text run at (333,0) width 287: ">. This test must be run in DumpRenderTree."
      RenderBlock {DIV} at (0,34) size 200x200
      RenderBlock {DIV} at (0,234) size 200x200
