layer at (0,0) size 800x636
  RenderView at (0,0) size 800x600
layer at (0,0) size 800x636
  RenderBlock {HTML} at (0,0) size 800x636
    RenderBody {BODY} at (8,21) size 784x607
      RenderBlock {P} at (0,0) size 784x33
        RenderText {#text} at (0,5) size 162x22
          text run at (0,5) width 162: "Simple text path"
      RenderBlock (anonymous) at (0,54) size 784x233
        RenderBlock {SPAN} at (0,0) size 33x224
          RenderText {#text} at (5,0) size 22x224
            text run at (5,0) width 224: "string\x{300C}\x{3042}\x{3001}\x{5909}\x{3063}\x{FF01}\x{300D}\x{3002}"
        RenderText {#text} at (0,0) size 0x0
      RenderBlock {P} at (0,320) size 784x34
        RenderText {#text} at (0,5) size 182x22
          text run at (0,5) width 182: "Complex text path"
      RenderBlock (anonymous) at (0,374) size 784x233
        RenderBlock {SPAN} at (0,0) size 33x224
          RenderText {#text} at (5,0) size 22x224
            text run at (5,0) width 224: "string\x{300C}\x{3042}\x{3001}\x{5909}\x{3063}\x{FF01}\x{300D}\x{3002}"
        RenderText {#text} at (0,0) size 0x0
layer at (8,318) size 784x2 clip at (0,0) size 0x0
  RenderBlock {HR} at (0,296) size 784x3 [border: (1px inset #000000)]
