layer at (0,0) size 800x600
  RenderView at (0,0) size 800x600
layer at (0,0) size 800x600
  RenderBlock {HTML} at (0,0) size 800x600
    RenderBody {BODY} at (8,8) size 784x584
      RenderBlock {DIR} at (0,0) size 784x104
        RenderBlock (anonymous) at (40,0) size 744x18
          RenderText {#text} at (0,0) size 27x18
            text run at (0,0) width 27: "One"
        RenderBlock {DIR} at (40,34) size 744x70
          RenderBlock (anonymous) at (40,0) size 704x18
            RenderText {#text} at (0,0) size 29x18
              text run at (0,0) width 29: "Two"
          RenderBlock {DIR} at (40,34) size 704x36
            RenderBlock (anonymous) at (40,0) size 664x18
              RenderText {#text} at (0,0) size 38x18
                text run at (0,0) width 38: "Three"
            RenderBlock {CENTER} at (40,18) size 664x18
              RenderText {#text} at (316,0) size 32x18
                text run at (316,0) width 32: "Four"
      RenderBlock {PRE} at (0,120) size 784x333
        RenderText {#text} at (0,0) size 63x15
          text run at (0,0) width 63: "Pre text"
          text run at (62,0) width 1: " "
        RenderEmbeddedObject {OBJECT} at (0,15) size 300x300 [bgcolor=#008000]
        RenderText {#text} at (300,303) size 300x30
          text run at (300,303) width 0: " "
          text run at (0,318) width 102: "Also pre text"
          text run at (101,318) width 1: " "
      RenderBlock (anonymous) at (0,466) size 784x18
        RenderInline {NOBR} at (0,0) size 139x18 [bgcolor=#CCCCCC]
          RenderText {#text} at (0,0) size 139x18
            text run at (0,0) width 139: "This text won't break."
      RenderBlock (anonymous) at (0,497) size 784x15
        RenderBlock {PRE} at (0,0) size 784x15
          RenderText {#text} at (0,0) size 203x15
            text run at (0,0) width 203: "This will be preformatted."
      RenderBlock (anonymous) at (0,525) size 784x18
        RenderInline {NOBR} at (0,0) size 236x18 [bgcolor=#CCCCCC]
          RenderText {#text} at (0,0) size 236x18
            text run at (0,0) width 236: "Now we're back to nonbreaking text."
        RenderText {#text} at (0,0) size 0x0
