layer at (0,0) size 800x600
  RenderView at (0,0) size 800x600
layer at (0,0) size 800x600
  RenderBlock {HTML} at (0,0) size 800x600
    RenderBody {BODY} at (8,8) size 784x584
      RenderText {#text} at (161,18) size 255x18
        text run at (161,18) width 255: " --> This should be outside the textarea."
layer at (8,8) size 161x32 clip at (9,9) size 159x30
  RenderTextControl {TEXTAREA} at (0,0) size 161x32 [bgcolor=#FFFFFF] [border: (1px solid #000000)]
    RenderBlock {DIV} at (3,3) size 155x13
      RenderText {#text} at (0,0) size 21x13
        text run at (0,0) width 21: "<!--"
