layer at (0,0) size 800x600
  RenderView at (0,0) size 800x600
layer at (0,0) size 800x187
  RenderBlock {html} at (0,0) size 800x187
    RenderBlock {parsererror} at (16,16) size 768x137 [bgcolor=#FFDDDD] [border: (2px solid #CC7777)]
      RenderBlock {h3} at (18,20) size 732x23
        RenderText {#text} at (0,0) size 323x22
          text run at (0,0) width 323: "This page contains the following errors:"
      RenderBlock {div} at (18,61) size 732x15
        RenderText {#text} at (0,0) size 397x14
          text run at (0,0) width 397: "error on line 4 at column 13: Entity 'fnof' not defined"
          text run at (396,0) width 1: " "
      RenderBlock {h3} at (18,94) size 732x23
        RenderText {#text} at (0,0) size 424x22
          text run at (0,0) width 424: "Below is a rendering of the page up to the first error."
    RenderBlock (anonymous) at (0,168) size 800x19
      RenderInline {h1} at (0,0) size 0x18
        RenderText {#text} at (0,0) size 0x0
      RenderText {#text} at (0,0) size 0x0
      RenderText {#text} at (0,0) size 0x0
      RenderInline {p} at (0,0) size 495x18 [color=#FF0000]
        RenderInline {font} at (0,0) size 495x18
          RenderText {#text} at (0,0) size 495x18
            text run at (0,0) width 268: "This should be the only line on this page. "
            text run at (267,0) width 228: "You should see a parse error above."
      RenderText {#text} at (0,0) size 0x0
