layer at (0,0) size 785x600
  RenderView at (0,0) size 785x600
    RenderMultiColumnSet at (0,0) size 785x600
layer at (0,0) size 3444x180 backgroundClip at (0,0) size 785x600 clip at (0,0) size 785x600
  RenderMultiColumnFlowThread at (0,0) size 3444x180
layer at (0,0) size 3444x180 backgroundClip at (0,0) size 785x600 clip at (0,0) size 785x600
  RenderBlock {HTML} at (0,0) size 3444x180
    RenderBody {BODY} at (8,8) size 3420x164
      RenderBlock {DIV} at (0,0) size 50x50 [bgcolor=#0000FF]
      RenderBlock {P} at (66,0) size 342x164
        RenderText {#text} at (1,0) size 341x164
          text run at (1,0) width 151: "1 Lorem ipsum dolor sit"
          text run at (19,0) width 109: "amet, consectetur"
          text run at (37,0) width 140: "adipisicing elit, sed do"
          text run at (55,0) width 101: "eiusmod tempor"
          text run at (73,0) width 137: "incididunt ut labore et"
          text run at (91,0) width 152: "dolore magna aliqua. Ut"
          text run at (109,0) width 148: "enim ad minim veniam,"
          text run at (127,0) width 154: "quis nostrud exercitation"
          text run at (145,0) width 138: "ullamco laboris nisi ut"
          text run at (163,0) width 147: "aliquip ex ea commodo"
          text run at (181,0) width 164: "consequat. Duis aute irure"
          text run at (199,0) width 152: "dolor in reprehenderit in"
          text run at (217,0) width 162: "voluptate velit esse cillum"
          text run at (235,0) width 134: "dolore eu fugiat nulla"
          text run at (253,0) width 146: "pariatur. Excepteur sint"
          text run at (271,0) width 143: "occaecat cupidatat non"
          text run at (289,0) width 164: "proident, sunt in culpa qui"
          text run at (307,0) width 137: "officia deserunt mollit"
          text run at (325,0) width 128: "anim id est laborum."
      RenderBlock {DIV} at (424,0) size 50x50 [bgcolor=#0000FF]
      RenderBlock {P} at (490,0) size 359x164
        RenderText {#text} at (1,0) size 358x164
          text run at (1,0) width 151: "2 Lorem ipsum dolor sit"
          text run at (19,0) width 109: "amet, consectetur"
          text run at (37,0) width 140: "adipisicing elit, sed do"
          text run at (55,0) width 101: "eiusmod tempor"
          text run at (73,0) width 137: "incididunt ut labore et"
          text run at (91,0) width 152: "dolore magna aliqua. Ut"
          text run at (109,0) width 148: "enim ad minim veniam,"
          text run at (127,0) width 154: "quis nostrud exercitation"
          text run at (145,0) width 138: "ullamco laboris nisi ut"
          text run at (163,0) width 147: "aliquip ex ea commodo"
          text run at (181,0) width 164: "consequat. Duis aute irure"
          text run at (199,0) width 152: "dolor in reprehenderit in"
          text run at (217,0) width 162: "voluptate velit esse cillum"
          text run at (235,0) width 134: "dolore eu fugiat nulla"
          text run at (253,0) width 146: "pariatur. Excepteur sint"
          text run at (288,0) width 143: "occaecat cupidatat non"
          text run at (306,0) width 164: "proident, sunt in culpa qui"
          text run at (324,0) width 137: "officia deserunt mollit"
          text run at (342,0) width 128: "anim id est laborum."
      RenderBlock {DIV} at (865,0) size 50x50 [bgcolor=#0000FF]
      RenderBlock {P} at (931,0) size 342x164
        RenderText {#text} at (1,0) size 341x164
          text run at (1,0) width 151: "3 Lorem ipsum dolor sit"
          text run at (19,0) width 109: "amet, consectetur"
          text run at (37,0) width 140: "adipisicing elit, sed do"
          text run at (55,0) width 101: "eiusmod tempor"
          text run at (73,0) width 137: "incididunt ut labore et"
          text run at (91,0) width 152: "dolore magna aliqua. Ut"
          text run at (109,0) width 148: "enim ad minim veniam,"
          text run at (127,0) width 154: "quis nostrud exercitation"
          text run at (145,0) width 138: "ullamco laboris nisi ut"
          text run at (163,0) width 147: "aliquip ex ea commodo"
          text run at (181,0) width 164: "consequat. Duis aute irure"
          text run at (199,0) width 152: "dolor in reprehenderit in"
          text run at (217,0) width 162: "voluptate velit esse cillum"
          text run at (235,0) width 134: "dolore eu fugiat nulla"
          text run at (253,0) width 146: "pariatur. Excepteur sint"
          text run at (271,0) width 143: "occaecat cupidatat non"
          text run at (289,0) width 164: "proident, sunt in culpa qui"
          text run at (307,0) width 137: "officia deserunt mollit"
          text run at (325,0) width 128: "anim id est laborum."
      RenderBlock {DIV} at (1289,0) size 50x50 [bgcolor=#0000FF]
      RenderBlock {P} at (1355,0) size 351x164
        RenderText {#text} at (1,0) size 350x164
          text run at (1,0) width 151: "4 Lorem ipsum dolor sit"
          text run at (19,0) width 109: "amet, consectetur"
          text run at (37,0) width 140: "adipisicing elit, sed do"
          text run at (55,0) width 101: "eiusmod tempor"
          text run at (73,0) width 137: "incididunt ut labore et"
          text run at (91,0) width 152: "dolore magna aliqua. Ut"
          text run at (109,0) width 148: "enim ad minim veniam,"
          text run at (127,0) width 154: "quis nostrud exercitation"
          text run at (145,0) width 138: "ullamco laboris nisi ut"
          text run at (163,0) width 147: "aliquip ex ea commodo"
          text run at (181,0) width 164: "consequat. Duis aute irure"
          text run at (208,0) width 152: "dolor in reprehenderit in"
          text run at (226,0) width 162: "voluptate velit esse cillum"
          text run at (244,0) width 134: "dolore eu fugiat nulla"
          text run at (262,0) width 146: "pariatur. Excepteur sint"
          text run at (280,0) width 143: "occaecat cupidatat non"
          text run at (298,0) width 164: "proident, sunt in culpa qui"
          text run at (316,0) width 137: "officia deserunt mollit"
          text run at (334,0) width 128: "anim id est laborum."
      RenderBlock {DIV} at (1722,0) size 50x50 [bgcolor=#0000FF]
      RenderBlock {P} at (1788,0) size 342x164
        RenderText {#text} at (1,0) size 341x164
          text run at (1,0) width 151: "5 Lorem ipsum dolor sit"
          text run at (19,0) width 109: "amet, consectetur"
          text run at (37,0) width 140: "adipisicing elit, sed do"
          text run at (55,0) width 101: "eiusmod tempor"
          text run at (73,0) width 137: "incididunt ut labore et"
          text run at (91,0) width 152: "dolore magna aliqua. Ut"
          text run at (109,0) width 148: "enim ad minim veniam,"
          text run at (127,0) width 154: "quis nostrud exercitation"
          text run at (145,0) width 138: "ullamco laboris nisi ut"
          text run at (163,0) width 147: "aliquip ex ea commodo"
          text run at (181,0) width 164: "consequat. Duis aute irure"
          text run at (199,0) width 152: "dolor in reprehenderit in"
          text run at (217,0) width 162: "voluptate velit esse cillum"
          text run at (235,0) width 134: "dolore eu fugiat nulla"
          text run at (253,0) width 146: "pariatur. Excepteur sint"
          text run at (271,0) width 143: "occaecat cupidatat non"
          text run at (289,0) width 164: "proident, sunt in culpa qui"
          text run at (307,0) width 137: "officia deserunt mollit"
          text run at (325,0) width 128: "anim id est laborum."
      RenderBlock {DIV} at (2146,0) size 50x50 [bgcolor=#0000FF]
      RenderBlock {P} at (2212,0) size 351x164
        RenderText {#text} at (1,0) size 350x164
          text run at (1,0) width 151: "6 Lorem ipsum dolor sit"
          text run at (19,0) width 109: "amet, consectetur"
          text run at (37,0) width 140: "adipisicing elit, sed do"
          text run at (55,0) width 101: "eiusmod tempor"
          text run at (73,0) width 137: "incididunt ut labore et"
          text run at (91,0) width 152: "dolore magna aliqua. Ut"
          text run at (109,0) width 148: "enim ad minim veniam,"
          text run at (136,0) width 154: "quis nostrud exercitation"
          text run at (154,0) width 138: "ullamco laboris nisi ut"
          text run at (172,0) width 147: "aliquip ex ea commodo"
          text run at (190,0) width 164: "consequat. Duis aute irure"
          text run at (208,0) width 152: "dolor in reprehenderit in"
          text run at (226,0) width 162: "voluptate velit esse cillum"
          text run at (244,0) width 134: "dolore eu fugiat nulla"
          text run at (262,0) width 146: "pariatur. Excepteur sint"
          text run at (280,0) width 143: "occaecat cupidatat non"
          text run at (298,0) width 164: "proident, sunt in culpa qui"
          text run at (316,0) width 137: "officia deserunt mollit"
          text run at (334,0) width 128: "anim id est laborum."
      RenderBlock {DIV} at (2579,0) size 50x50 [bgcolor=#0000FF]
      RenderBlock {P} at (2645,0) size 342x164
        RenderText {#text} at (1,0) size 341x164
          text run at (1,0) width 151: "7 Lorem ipsum dolor sit"
          text run at (19,0) width 109: "amet, consectetur"
          text run at (37,0) width 140: "adipisicing elit, sed do"
          text run at (55,0) width 101: "eiusmod tempor"
          text run at (73,0) width 137: "incididunt ut labore et"
          text run at (91,0) width 152: "dolore magna aliqua. Ut"
          text run at (109,0) width 148: "enim ad minim veniam,"
          text run at (127,0) width 154: "quis nostrud exercitation"
          text run at (145,0) width 138: "ullamco laboris nisi ut"
          text run at (163,0) width 147: "aliquip ex ea commodo"
          text run at (181,0) width 164: "consequat. Duis aute irure"
          text run at (199,0) width 152: "dolor in reprehenderit in"
          text run at (217,0) width 162: "voluptate velit esse cillum"
          text run at (235,0) width 134: "dolore eu fugiat nulla"
          text run at (253,0) width 146: "pariatur. Excepteur sint"
          text run at (271,0) width 143: "occaecat cupidatat non"
          text run at (289,0) width 164: "proident, sunt in culpa qui"
          text run at (307,0) width 137: "officia deserunt mollit"
          text run at (325,0) width 128: "anim id est laborum."
      RenderBlock {DIV} at (3003,0) size 50x50 [bgcolor=#0000FF]
      RenderBlock {P} at (3069,0) size 351x164
        RenderText {#text} at (1,0) size 350x164
          text run at (1,0) width 151: "8 Lorem ipsum dolor sit"
          text run at (19,0) width 109: "amet, consectetur"
          text run at (37,0) width 140: "adipisicing elit, sed do"
          text run at (64,0) width 101: "eiusmod tempor"
          text run at (82,0) width 137: "incididunt ut labore et"
          text run at (100,0) width 152: "dolore magna aliqua. Ut"
          text run at (118,0) width 148: "enim ad minim veniam,"
          text run at (136,0) width 154: "quis nostrud exercitation"
          text run at (154,0) width 138: "ullamco laboris nisi ut"
          text run at (172,0) width 147: "aliquip ex ea commodo"
          text run at (190,0) width 164: "consequat. Duis aute irure"
          text run at (208,0) width 152: "dolor in reprehenderit in"
          text run at (226,0) width 162: "voluptate velit esse cillum"
          text run at (244,0) width 134: "dolore eu fugiat nulla"
          text run at (262,0) width 146: "pariatur. Excepteur sint"
          text run at (280,0) width 143: "occaecat cupidatat non"
          text run at (298,0) width 164: "proident, sunt in culpa qui"
          text run at (316,0) width 137: "officia deserunt mollit"
          text run at (334,0) width 128: "anim id est laborum."
