layer at (0,0) size 800x585
  RenderView at (0,0) size 800x585
    RenderMultiColumnSet at (0,0) size 800x585
layer at (0,-2870) size 180x3455 backgroundClip at (0,0) size 800x585 clip at (0,0) size 800x585
  RenderMultiColumnFlowThread at (0,0) size 180x3455
layer at (0,-2870) size 180x3455 backgroundClip at (0,0) size 800x585 clip at (0,0) size 800x585
  RenderBlock {HTML} at (0,0) size 180x3455
    RenderBody {BODY} at (8,8) size 164x3431
      RenderBlock {DIV} at (0,0) size 50x50 [bgcolor=#0000FF]
      RenderBlock {P} at (0,66) size 164x342
        RenderText {#text} at (0,1) size 164x341
          text run at (0,1) width 151: "1 Lorem ipsum dolor sit"
          text run at (0,19) width 109: "amet, consectetur"
          text run at (0,37) width 140: "adipisicing elit, sed do"
          text run at (0,55) width 101: "eiusmod tempor"
          text run at (0,73) width 137: "incididunt ut labore et"
          text run at (0,91) width 152: "dolore magna aliqua. Ut"
          text run at (0,109) width 148: "enim ad minim veniam,"
          text run at (0,127) width 154: "quis nostrud exercitation"
          text run at (0,145) width 138: "ullamco laboris nisi ut"
          text run at (0,163) width 147: "aliquip ex ea commodo"
          text run at (0,181) width 164: "consequat. Duis aute irure"
          text run at (0,199) width 152: "dolor in reprehenderit in"
          text run at (0,217) width 162: "voluptate velit esse cillum"
          text run at (0,235) width 134: "dolore eu fugiat nulla"
          text run at (0,253) width 146: "pariatur. Excepteur sint"
          text run at (0,271) width 143: "occaecat cupidatat non"
          text run at (0,289) width 164: "proident, sunt in culpa qui"
          text run at (0,307) width 137: "officia deserunt mollit"
          text run at (0,325) width 128: "anim id est laborum."
      RenderBlock {DIV} at (0,424) size 50x50 [bgcolor=#0000FF]
      RenderBlock {P} at (0,490) size 164x357
        RenderText {#text} at (0,1) size 164x356
          text run at (0,1) width 151: "2 Lorem ipsum dolor sit"
          text run at (0,19) width 109: "amet, consectetur"
          text run at (0,37) width 140: "adipisicing elit, sed do"
          text run at (0,55) width 101: "eiusmod tempor"
          text run at (0,88) width 137: "incididunt ut labore et"
          text run at (0,106) width 152: "dolore magna aliqua. Ut"
          text run at (0,124) width 148: "enim ad minim veniam,"
          text run at (0,142) width 154: "quis nostrud exercitation"
          text run at (0,160) width 138: "ullamco laboris nisi ut"
          text run at (0,178) width 147: "aliquip ex ea commodo"
          text run at (0,196) width 164: "consequat. Duis aute irure"
          text run at (0,214) width 152: "dolor in reprehenderit in"
          text run at (0,232) width 162: "voluptate velit esse cillum"
          text run at (0,250) width 134: "dolore eu fugiat nulla"
          text run at (0,268) width 146: "pariatur. Excepteur sint"
          text run at (0,286) width 143: "occaecat cupidatat non"
          text run at (0,304) width 164: "proident, sunt in culpa qui"
          text run at (0,322) width 137: "officia deserunt mollit"
          text run at (0,340) width 128: "anim id est laborum."
      RenderBlock {DIV} at (0,863) size 50x50 [bgcolor=#0000FF]
      RenderBlock {P} at (0,929) size 164x359
        RenderText {#text} at (0,1) size 164x358
          text run at (0,1) width 151: "3 Lorem ipsum dolor sit"
          text run at (0,19) width 109: "amet, consectetur"
          text run at (0,37) width 140: "adipisicing elit, sed do"
          text run at (0,55) width 101: "eiusmod tempor"
          text run at (0,73) width 137: "incididunt ut labore et"
          text run at (0,91) width 152: "dolore magna aliqua. Ut"
          text run at (0,109) width 148: "enim ad minim veniam,"
          text run at (0,127) width 154: "quis nostrud exercitation"
          text run at (0,145) width 138: "ullamco laboris nisi ut"
          text run at (0,163) width 147: "aliquip ex ea commodo"
          text run at (0,181) width 164: "consequat. Duis aute irure"
          text run at (0,199) width 152: "dolor in reprehenderit in"
          text run at (0,234) width 162: "voluptate velit esse cillum"
          text run at (0,252) width 134: "dolore eu fugiat nulla"
          text run at (0,270) width 146: "pariatur. Excepteur sint"
          text run at (0,288) width 143: "occaecat cupidatat non"
          text run at (0,306) width 164: "proident, sunt in culpa qui"
          text run at (0,324) width 137: "officia deserunt mollit"
          text run at (0,342) width 128: "anim id est laborum."
      RenderBlock {DIV} at (0,1304) size 50x50 [bgcolor=#0000FF]
      RenderBlock {P} at (0,1370) size 164x342
        RenderText {#text} at (0,1) size 164x341
          text run at (0,1) width 151: "4 Lorem ipsum dolor sit"
          text run at (0,19) width 109: "amet, consectetur"
          text run at (0,37) width 140: "adipisicing elit, sed do"
          text run at (0,55) width 101: "eiusmod tempor"
          text run at (0,73) width 137: "incididunt ut labore et"
          text run at (0,91) width 152: "dolore magna aliqua. Ut"
          text run at (0,109) width 148: "enim ad minim veniam,"
          text run at (0,127) width 154: "quis nostrud exercitation"
          text run at (0,145) width 138: "ullamco laboris nisi ut"
          text run at (0,163) width 147: "aliquip ex ea commodo"
          text run at (0,181) width 164: "consequat. Duis aute irure"
          text run at (0,199) width 152: "dolor in reprehenderit in"
          text run at (0,217) width 162: "voluptate velit esse cillum"
          text run at (0,235) width 134: "dolore eu fugiat nulla"
          text run at (0,253) width 146: "pariatur. Excepteur sint"
          text run at (0,271) width 143: "occaecat cupidatat non"
          text run at (0,289) width 164: "proident, sunt in culpa qui"
          text run at (0,307) width 137: "officia deserunt mollit"
          text run at (0,325) width 128: "anim id est laborum."
      RenderBlock {DIV} at (0,1728) size 50x50 [bgcolor=#0000FF]
      RenderBlock {P} at (0,1794) size 164x342
        RenderText {#text} at (0,1) size 164x341
          text run at (0,1) width 151: "5 Lorem ipsum dolor sit"
          text run at (0,19) width 109: "amet, consectetur"
          text run at (0,37) width 140: "adipisicing elit, sed do"
          text run at (0,55) width 101: "eiusmod tempor"
          text run at (0,73) width 137: "incididunt ut labore et"
          text run at (0,91) width 152: "dolore magna aliqua. Ut"
          text run at (0,109) width 148: "enim ad minim veniam,"
          text run at (0,127) width 154: "quis nostrud exercitation"
          text run at (0,145) width 138: "ullamco laboris nisi ut"
          text run at (0,163) width 147: "aliquip ex ea commodo"
          text run at (0,181) width 164: "consequat. Duis aute irure"
          text run at (0,199) width 152: "dolor in reprehenderit in"
          text run at (0,217) width 162: "voluptate velit esse cillum"
          text run at (0,235) width 134: "dolore eu fugiat nulla"
          text run at (0,253) width 146: "pariatur. Excepteur sint"
          text run at (0,271) width 143: "occaecat cupidatat non"
          text run at (0,289) width 164: "proident, sunt in culpa qui"
          text run at (0,307) width 137: "officia deserunt mollit"
          text run at (0,325) width 128: "anim id est laborum."
      RenderBlock {DIV} at (0,2152) size 50x50 [bgcolor=#0000FF]
      RenderBlock {P} at (0,2218) size 164x348
        RenderText {#text} at (0,1) size 164x347
          text run at (0,1) width 151: "6 Lorem ipsum dolor sit"
          text run at (0,19) width 109: "amet, consectetur"
          text run at (0,37) width 140: "adipisicing elit, sed do"
          text run at (0,55) width 101: "eiusmod tempor"
          text run at (0,73) width 137: "incididunt ut labore et"
          text run at (0,91) width 152: "dolore magna aliqua. Ut"
          text run at (0,115) width 148: "enim ad minim veniam,"
          text run at (0,133) width 154: "quis nostrud exercitation"
          text run at (0,151) width 138: "ullamco laboris nisi ut"
          text run at (0,169) width 147: "aliquip ex ea commodo"
          text run at (0,187) width 164: "consequat. Duis aute irure"
          text run at (0,205) width 152: "dolor in reprehenderit in"
          text run at (0,223) width 162: "voluptate velit esse cillum"
          text run at (0,241) width 134: "dolore eu fugiat nulla"
          text run at (0,259) width 146: "pariatur. Excepteur sint"
          text run at (0,277) width 143: "occaecat cupidatat non"
          text run at (0,295) width 164: "proident, sunt in culpa qui"
          text run at (0,313) width 137: "officia deserunt mollit"
          text run at (0,331) width 128: "anim id est laborum."
      RenderBlock {DIV} at (0,2582) size 50x50 [bgcolor=#0000FF]
      RenderBlock {P} at (0,2648) size 164x359
        RenderText {#text} at (0,1) size 164x358
          text run at (0,1) width 151: "7 Lorem ipsum dolor sit"
          text run at (0,19) width 109: "amet, consectetur"
          text run at (0,37) width 140: "adipisicing elit, sed do"
          text run at (0,55) width 101: "eiusmod tempor"
          text run at (0,73) width 137: "incididunt ut labore et"
          text run at (0,91) width 152: "dolore magna aliqua. Ut"
          text run at (0,109) width 148: "enim ad minim veniam,"
          text run at (0,127) width 154: "quis nostrud exercitation"
          text run at (0,145) width 138: "ullamco laboris nisi ut"
          text run at (0,163) width 147: "aliquip ex ea commodo"
          text run at (0,181) width 164: "consequat. Duis aute irure"
          text run at (0,199) width 152: "dolor in reprehenderit in"
          text run at (0,217) width 162: "voluptate velit esse cillum"
          text run at (0,235) width 134: "dolore eu fugiat nulla"
          text run at (0,270) width 146: "pariatur. Excepteur sint"
          text run at (0,288) width 143: "occaecat cupidatat non"
          text run at (0,306) width 164: "proident, sunt in culpa qui"
          text run at (0,324) width 137: "officia deserunt mollit"
          text run at (0,342) width 128: "anim id est laborum."
      RenderBlock {DIV} at (0,3023) size 50x50 [bgcolor=#0000FF]
      RenderBlock {P} at (0,3089) size 164x342
        RenderText {#text} at (0,1) size 164x341
          text run at (0,1) width 151: "8 Lorem ipsum dolor sit"
          text run at (0,19) width 109: "amet, consectetur"
          text run at (0,37) width 140: "adipisicing elit, sed do"
          text run at (0,55) width 101: "eiusmod tempor"
          text run at (0,73) width 137: "incididunt ut labore et"
          text run at (0,91) width 152: "dolore magna aliqua. Ut"
          text run at (0,109) width 148: "enim ad minim veniam,"
          text run at (0,127) width 154: "quis nostrud exercitation"
          text run at (0,145) width 138: "ullamco laboris nisi ut"
          text run at (0,163) width 147: "aliquip ex ea commodo"
          text run at (0,181) width 164: "consequat. Duis aute irure"
          text run at (0,199) width 152: "dolor in reprehenderit in"
          text run at (0,217) width 162: "voluptate velit esse cillum"
          text run at (0,235) width 134: "dolore eu fugiat nulla"
          text run at (0,253) width 146: "pariatur. Excepteur sint"
          text run at (0,271) width 143: "occaecat cupidatat non"
          text run at (0,289) width 164: "proident, sunt in culpa qui"
          text run at (0,307) width 137: "officia deserunt mollit"
          text run at (0,325) width 128: "anim id est laborum."
