layer at (0,0) size 800x600
  RenderView at (0,0) size 800x600
layer at (0,0) size 800x348
  RenderBlock {html} at (0,0) size 800x349
    RenderBody {body} at (5,11) size 790x327
      RenderBlock {p} at (0,0) size 789x12
        RenderText {#text} at (0,0) size 89x12
          text run at (0,0) width 89: "Text above the rect"
      RenderBlock (anonymous) at (0,23) size 789x281
        RenderEmbeddedObject {object} at (0,0) size 278x278
          layer at (0,0) size 278x278
            RenderView at (0,0) size 278x278
          layer at (0,0) size 278x278
            RenderSVGRoot {svg} at (0,0) size 278x278
              RenderSVGRect {rect} at (0,0) size 278x278 [stroke={[type=SOLID] [color=#008000] [stroke width=5.00]}] [fill={[type=SOLID] [color=#0000FF]}] [x=0.00] [y=0.00] [width=100.00] [height=100.00]
        RenderText {#text} at (0,0) size 0x0
      RenderBlock {p} at (0,314) size 789x13
        RenderText {#text} at (0,0) size 89x12
          text run at (0,0) width 89: "Text below the rect"
