layer at (0,0) size 800x600
  RenderView at (0,0) size 800x600
layer at (0,0) size 800x345
  RenderBlock {HTML} at (0,0) size 800x346
    RenderBody {BODY} at (5,5) size 790x335
      RenderTable {TABLE} at (0,0) size 463x335
        RenderTableSection {TBODY} at (0,0) size 463x335
          RenderTableRow {TR} at (0,1) size 463x14
            RenderTableCell {TH} at (1,1) size 65x14 [bgcolor=#DDDD99] [r=0 c=0 rs=1 cs=1]
              RenderText {#text} at (6,0) size 52x13
                text run at (6,0) width 52: "viewBox?"
            RenderTableCell {TH} at (66,1) size 112x14 [bgcolor=#DDDD99] [r=0 c=1 rs=1 cs=1]
              RenderText {#text} at (0,0) size 111x13
                text run at (0,0) width 111: "preserve\x{AD}Aspect\x{AD}Ratio"
            RenderTableCell {TH} at (179,1) size 141x14 [bgcolor=#DDDD99] [r=0 c=2 rs=1 cs=1]
              RenderText {#text} at (53,0) size 34x13
                text run at (53,0) width 34: "<img>"
            RenderTableCell {TH} at (320,1) size 142x14 [bgcolor=#DDDD99] [r=0 c=3 rs=1 cs=1]
              RenderText {#text} at (47,0) size 46x13
                text run at (47,0) width 46: "<object>"
          RenderTableRow {TR} at (0,16) size 463x39
            RenderTableCell {TH} at (1,88) size 65x14 [bgcolor=#DDDD99] [r=1 c=0 rs=4 cs=1]
              RenderText {#text} at (0,-1) size 64x14
                text run at (0,0) width 64: "No viewBox"
            RenderTableCell {TH} at (66,34) size 112x2 [bgcolor=#DDDD99] [r=1 c=1 rs=1 cs=1]
            RenderTableCell {TD} at (179,16) size 141x39 [r=1 c=2 rs=1 cs=1]
              RenderImage {IMG} at (0,0) size 140x36 [border: (1px dashed #800000)]
              RenderText {#text} at (0,0) size 0x0
            RenderTableCell {TD} at (320,16) size 142x39 [r=1 c=3 rs=1 cs=1]
              RenderEmbeddedObject {OBJECT} at (0,0) size 140x36 [border: (1px dashed #008000)]
                layer at (0,0) size 133x29
                  RenderView at (0,0) size 133x29
                layer at (0,0) size 133x29
                  RenderSVGRoot {svg} at (0,0) size 133x29
                    RenderSVGEllipse {circle} at (0,0) size 133x29 [stroke={[type=SOLID] [color=#000000]}] [fill={[type=SOLID] [color=#D9BB7A] [fill rule=EVEN-ODD]}] [cx=110.00] [cy=110.00] [r=110.00]
              RenderText {#text} at (0,0) size 0x0
          RenderTableRow {TR} at (0,55) size 463x40
            RenderTableCell {TH} at (66,68) size 112x14 [bgcolor=#DDDD99] [r=2 c=1 rs=1 cs=1]
              RenderText {#text} at (42,0) size 27x14
                text run at (42,1) width 27: "none"
            RenderTableCell {TD} at (179,55) size 141x40 [r=2 c=2 rs=1 cs=1]
              RenderImage {IMG} at (0,0) size 140x36 [border: (1px dashed #800000)]
              RenderText {#text} at (0,0) size 0x0
            RenderTableCell {TD} at (320,55) size 142x40 [r=2 c=3 rs=1 cs=1]
              RenderEmbeddedObject {OBJECT} at (0,0) size 140x36 [border: (1px dashed #008000)]
                layer at (0,0) size 133x29
                  RenderView at (0,0) size 133x29
                layer at (0,0) size 133x29
                  RenderSVGRoot {svg} at (0,0) size 133x29
                    RenderSVGHiddenContainer {defs} at (0,0) size 0x0
                    RenderSVGContainer {g} at (0,0) size 133x29 [transform={m=((1.00,0.00)(0.00,1.00)) t=(-162.36,-403.29)}]
                      RenderSVGPath {path} at (0,0) size 133x29 [stroke={[type=SOLID] [color=#000000]}] [fill={[type=SOLID] [color=#D9BB7A] [fill rule=EVEN-ODD]}] [data="M 525.714 585.219 C 525.714 685.419 444.486 766.648 344.286 766.648 C 244.085 766.648 162.857 685.419 162.857 585.219 C 162.857 485.019 244.085 403.791 344.286 403.791 C 444.486 403.791 525.714 485.019 525.714 585.219 Z"]
              RenderText {#text} at (0,0) size 0x0
          RenderTableRow {TR} at (0,95) size 463x39
            RenderTableCell {TH} at (66,108) size 112x14 [bgcolor=#DDDD99] [r=3 c=1 rs=1 cs=1]
              RenderText {#text} at (42,0) size 27x14
                text run at (42,1) width 27: "meet"
            RenderTableCell {TD} at (179,95) size 141x39 [r=3 c=2 rs=1 cs=1]
              RenderImage {IMG} at (0,0) size 140x36 [border: (1px dashed #800000)]
              RenderText {#text} at (0,0) size 0x0
            RenderTableCell {TD} at (320,95) size 142x39 [r=3 c=3 rs=1 cs=1]
              RenderEmbeddedObject {OBJECT} at (0,0) size 140x36 [border: (1px dashed #008000)]
                layer at (0,0) size 133x29
                  RenderView at (0,0) size 133x29
                layer at (0,0) size 133x29
                  RenderSVGRoot {svg} at (0,0) size 133x29
                    RenderSVGHiddenContainer {defs} at (0,0) size 0x0
                    RenderSVGContainer {g} at (0,0) size 133x29 [transform={m=((1.00,0.00)(0.00,1.00)) t=(-162.36,-403.29)}]
                      RenderSVGPath {path} at (0,0) size 133x29 [stroke={[type=SOLID] [color=#000000]}] [fill={[type=SOLID] [color=#D9BB7A] [fill rule=EVEN-ODD]}] [data="M 525.714 585.219 C 525.714 685.419 444.486 766.648 344.286 766.648 C 244.085 766.648 162.857 685.419 162.857 585.219 C 162.857 485.019 244.085 403.791 344.286 403.791 C 444.486 403.791 525.714 485.019 525.714 585.219 Z"]
              RenderText {#text} at (0,0) size 0x0
          RenderTableRow {TR} at (0,135) size 463x39
            RenderTableCell {TH} at (66,147) size 112x15 [bgcolor=#DDDD99] [r=4 c=1 rs=1 cs=1]
              RenderText {#text} at (43,0) size 25x14
                text run at (43,1) width 25: "slice"
            RenderTableCell {TD} at (179,135) size 141x39 [r=4 c=2 rs=1 cs=1]
              RenderImage {IMG} at (0,0) size 140x36 [border: (1px dashed #800000)]
              RenderText {#text} at (0,0) size 0x0
            RenderTableCell {TD} at (320,135) size 142x39 [r=4 c=3 rs=1 cs=1]
              RenderEmbeddedObject {OBJECT} at (0,0) size 140x36 [border: (1px dashed #008000)]
                layer at (0,0) size 133x29
                  RenderView at (0,0) size 133x29
                layer at (0,0) size 133x29
                  RenderSVGRoot {svg} at (0,0) size 133x29
                    RenderSVGHiddenContainer {defs} at (0,0) size 0x0
                    RenderSVGContainer {g} at (0,0) size 133x29 [transform={m=((1.00,0.00)(0.00,1.00)) t=(-162.36,-403.29)}]
                      RenderSVGPath {path} at (0,0) size 133x29 [stroke={[type=SOLID] [color=#000000]}] [fill={[type=SOLID] [color=#D9BB7A] [fill rule=EVEN-ODD]}] [data="M 525.714 585.219 C 525.714 685.419 444.486 766.648 344.286 766.648 C 244.085 766.648 162.857 685.419 162.857 585.219 C 162.857 485.019 244.085 403.791 344.286 403.791 C 444.486 403.791 525.714 485.019 525.714 585.219 Z"]
              RenderText {#text} at (0,0) size 0x0
          RenderTableRow {TR} at (0,175) size 463x39
            RenderTableCell {TH} at (1,247) size 65x14 [bgcolor=#DDDD99] [r=5 c=0 rs=4 cs=1]
              RenderText {#text} at (9,-1) size 46x14
                text run at (9,0) width 46: "viewBox"
            RenderTableCell {TH} at (66,193) size 112x2 [bgcolor=#DDDD99] [r=5 c=1 rs=1 cs=1]
            RenderTableCell {TD} at (179,175) size 141x39 [r=5 c=2 rs=1 cs=1]
              RenderImage {IMG} at (0,0) size 140x36 [border: (1px dashed #800000)]
              RenderText {#text} at (0,0) size 0x0
            RenderTableCell {TD} at (320,175) size 142x39 [r=5 c=3 rs=1 cs=1]
              RenderEmbeddedObject {OBJECT} at (0,0) size 140x36 [border: (1px dashed #008000)]
                layer at (0,0) size 133x29
                  RenderView at (0,0) size 133x29
                layer at (0,0) size 133x29
                  RenderSVGRoot {svg} at (51,0) size 23x22
                    RenderSVGHiddenContainer {defs} at (0,0) size 0x0
                    RenderSVGContainer {g} at (51,0) size 23x22 [transform={m=((1.00,0.00)(0.00,1.00)) t=(-162.36,-403.29)}]
                      RenderSVGPath {path} at (51,0) size 23x22 [stroke={[type=SOLID] [color=#000000]}] [fill={[type=SOLID] [color=#D9BB7A] [fill rule=EVEN-ODD]}] [data="M 525.714 585.219 C 525.714 685.419 444.486 766.648 344.286 766.648 C 244.085 766.648 162.857 685.419 162.857 585.219 C 162.857 485.019 244.085 403.791 344.286 403.791 C 444.486 403.791 525.714 485.019 525.714 585.219 Z"]
              RenderText {#text} at (0,0) size 0x0
          RenderTableRow {TR} at (0,214) size 463x40
            RenderTableCell {TH} at (66,227) size 112x14 [bgcolor=#DDDD99] [r=6 c=1 rs=1 cs=1]
              RenderText {#text} at (42,0) size 27x14
                text run at (42,1) width 27: "none"
            RenderTableCell {TD} at (179,214) size 141x40 [r=6 c=2 rs=1 cs=1]
              RenderImage {IMG} at (0,0) size 140x36 [border: (1px dashed #800000)]
              RenderText {#text} at (0,0) size 0x0
            RenderTableCell {TD} at (320,214) size 142x40 [r=6 c=3 rs=1 cs=1]
              RenderEmbeddedObject {OBJECT} at (0,0) size 140x36 [border: (1px dashed #008000)]
                layer at (0,0) size 133x29
                  RenderView at (0,0) size 133x29
                layer at (0,0) size 133x29
                  RenderSVGRoot {svg} at (0,0) size 97x22
                    RenderSVGHiddenContainer {defs} at (0,0) size 0x0
                    RenderSVGContainer {g} at (0,0) size 97x22 [transform={m=((1.00,0.00)(0.00,1.00)) t=(-162.36,-403.29)}]
                      RenderSVGPath {path} at (0,0) size 97x22 [stroke={[type=SOLID] [color=#000000]}] [fill={[type=SOLID] [color=#D9BB7A] [fill rule=EVEN-ODD]}] [data="M 525.714 585.219 C 525.714 685.419 444.486 766.648 344.286 766.648 C 244.085 766.648 162.857 685.419 162.857 585.219 C 162.857 485.019 244.085 403.791 344.286 403.791 C 444.486 403.791 525.714 485.019 525.714 585.219 Z"]
              RenderText {#text} at (0,0) size 0x0
          RenderTableRow {TR} at (0,254) size 463x39
            RenderTableCell {TH} at (66,267) size 112x14 [bgcolor=#DDDD99] [r=7 c=1 rs=1 cs=1]
              RenderText {#text} at (42,0) size 27x14
                text run at (42,1) width 27: "meet"
            RenderTableCell {TD} at (179,254) size 141x39 [r=7 c=2 rs=1 cs=1]
              RenderImage {IMG} at (0,0) size 140x36 [border: (1px dashed #800000)]
              RenderText {#text} at (0,0) size 0x0
            RenderTableCell {TD} at (320,254) size 142x39 [r=7 c=3 rs=1 cs=1]
              RenderEmbeddedObject {OBJECT} at (0,0) size 140x36 [border: (1px dashed #008000)]
                layer at (0,0) size 133x29
                  RenderView at (0,0) size 133x29
                layer at (0,0) size 133x29
                  RenderSVGRoot {svg} at (51,0) size 23x22
                    RenderSVGHiddenContainer {defs} at (0,0) size 0x0
                    RenderSVGContainer {g} at (51,0) size 23x22 [transform={m=((1.00,0.00)(0.00,1.00)) t=(-162.36,-403.29)}]
                      RenderSVGPath {path} at (51,0) size 23x22 [stroke={[type=SOLID] [color=#000000]}] [fill={[type=SOLID] [color=#D9BB7A] [fill rule=EVEN-ODD]}] [data="M 525.714 585.219 C 525.714 685.419 444.486 766.648 344.286 766.648 C 244.085 766.648 162.857 685.419 162.857 585.219 C 162.857 485.019 244.085 403.791 344.286 403.791 C 444.486 403.791 525.714 485.019 525.714 585.219 Z"]
              RenderText {#text} at (0,0) size 0x0
          RenderTableRow {TR} at (0,294) size 463x39
            RenderTableCell {TH} at (66,306) size 112x15 [bgcolor=#DDDD99] [r=8 c=1 rs=1 cs=1]
              RenderText {#text} at (43,0) size 25x14
                text run at (43,1) width 25: "slice"
            RenderTableCell {TD} at (179,294) size 141x39 [r=8 c=2 rs=1 cs=1]
              RenderImage {IMG} at (0,0) size 140x36 [border: (1px dashed #800000)]
              RenderText {#text} at (0,0) size 0x0
            RenderTableCell {TD} at (320,294) size 142x39 [r=8 c=3 rs=1 cs=1]
              RenderEmbeddedObject {OBJECT} at (0,0) size 140x36 [border: (1px dashed #008000)]
                layer at (0,0) size 133x29
                  RenderView at (0,0) size 133x29
                layer at (0,0) size 133x29
                  RenderSVGRoot {svg} at (0,0) size 97x29
                    RenderSVGHiddenContainer {defs} at (0,0) size 0x0
                    RenderSVGContainer {g} at (0,0) size 97x29 [transform={m=((1.00,0.00)(0.00,1.00)) t=(-162.36,-403.29)}]
                      RenderSVGPath {path} at (0,0) size 97x29 [stroke={[type=SOLID] [color=#000000]}] [fill={[type=SOLID] [color=#D9BB7A] [fill rule=EVEN-ODD]}] [data="M 525.714 585.219 C 525.714 685.419 444.486 766.648 344.286 766.648 C 244.085 766.648 162.857 685.419 162.857 585.219 C 162.857 485.019 244.085 403.791 344.286 403.791 C 444.486 403.791 525.714 485.019 525.714 585.219 Z"]
              RenderText {#text} at (0,0) size 0x0
