layer at (0,0) size 800x600
  RenderView at (0,0) size 800x600
layer at (0,0) size 800x269
  RenderBlock {HTML} at (0,0) size 800x269
    RenderBody {BODY} at (8,16) size 784x245
      RenderBlock {P} at (0,0) size 784x20
        RenderText {#text} at (0,0) size 465x19
          text run at (0,0) width 465: "The iframes below should remain grey with no repaint artifacts when scrolling."
      RenderBlock {DIV} at (0,36) size 784x209
        RenderBlock {DIV} at (0,0) size 154x209
        RenderText {#text} at (154,189) size 4x19
          text run at (154,189) width 4: " "
        RenderBlock {DIV} at (158,0) size 154x209
        RenderText {#text} at (0,0) size 0x0
layer at (8,52) size 154x209
  RenderBlock (relative positioned) {DIV} at (0,0) size 154x209
layer at (8,53) size 154x209
  RenderBlock (relative positioned) {DIV} at (0,0) size 154x209
    RenderIFrame {IFRAME} at (0,0) size 154x204 [border: (2px inset #000000)]
      layer at (0,0) size 135x1016
        RenderView at (0,0) size 135x200
      layer at (0,0) size 135x1016
        RenderBlock {HTML} at (0,0) size 135x1016
          RenderBody {BODY} at (8,8) size 119x1000 [bgcolor=#C0C0C0]
    RenderText {#text} at (0,0) size 0x0
layer at (166,52) size 154x209
  RenderBlock (relative positioned) {DIV} at (0,0) size 154x209
layer at (166,53) size 154x209
  RenderBlock (relative positioned) {DIV} at (0,0) size 154x209
    RenderIFrame {IFRAME} at (0,0) size 154x204 [border: (2px inset #000000)]
      layer at (0,0) size 135x1016
        RenderView at (0,0) size 135x200
      layer at (0,0) size 135x1016
        RenderBlock {HTML} at (0,0) size 135x1016
          RenderBody {BODY} at (8,8) size 119x1000 [bgcolor=#C0C0C0]
    RenderText {#text} at (0,0) size 0x0
