layer at (0,0) size 800x600
  RenderView at (0,0) size 800x600
layer at (0,0) size 800x279
  RenderBlock {HTML} at (0,0) size 800x279
    RenderBody {BODY} at (8,16) size 784x255
      RenderBlock {P} at (0,0) size 784x20
        RenderText {#text} at (0,0) size 465x19
          text run at (0,0) width 465: "The iframes below should remain grey with no repaint artifacts when scrolling."
      RenderBlock {DIV} at (0,36) size 784x219
        RenderBlock {DIV} at (0,0) size 234x219
        RenderText {#text} at (234,199) size 4x19
          text run at (234,199) width 4: " "
        RenderBlock {DIV} at (238,0) size 234x219
        RenderText {#text} at (0,0) size 0x0
layer at (88,62) size 154x209
  RenderBlock {DIV} at (80,10) size 154x209
layer at (88,62) size 154x209
  RenderBlock (relative positioned) zI: 1 {DIV} at (0,0) size 154x209
layer at (88,63) size 154x209
  RenderBlock (relative positioned) zI: 1 {DIV} at (0,0) size 154x209
    RenderIFrame {IFRAME} at (0,0) size 154x204 [border: (2px inset #000000)]
      layer at (0,0) size 135x1016
        RenderView at (0,0) size 135x200
      layer at (0,0) size 135x1016
        RenderBlock {HTML} at (0,0) size 135x1016
          RenderBody {BODY} at (8,8) size 119x1000 [bgcolor=#C0C0C0]
    RenderText zI: 1 {#text} at (0,0) size 0x0
layer at (326,62) size 154x209
  RenderBlock (relative positioned) zI: 1 {DIV} at (80,10) size 154x209
layer at (326,63) size 154x209
  RenderBlock (relative positioned) zI: 1 {DIV} at (0,0) size 154x209
layer at (326,63) size 154x209
  RenderBlock (relative positioned) zI: 1 {DIV} at (0,0) size 154x209
layer at (326,63) size 154x209
  RenderBlock {DIV} at (0,0) size 154x209
layer at (326,64) size 154x209
  RenderBlock (relative positioned) zI: 1 {DIV} at (0,0) size 154x209
layer at (326,64) size 154x209
  RenderBlock (relative positioned) zI: 1 {DIV} at (0,0) size 154x209
layer at (326,64) size 154x209
  RenderBlock (relative positioned) zI: 1 {DIV} at (0,0) size 154x209
layer at (326,64) size 154x209
  RenderBlock {DIV} at (0,0) size 154x209
layer at (326,65) size 154x209
  RenderBlock (relative positioned) zI: 1 {DIV} at (0,0) size 154x209
    RenderIFrame {IFRAME} at (0,0) size 154x204 [border: (2px inset #000000)]
      layer at (0,0) size 135x1016
        RenderView at (0,0) size 135x200
      layer at (0,0) size 135x1016
        RenderBlock {HTML} at (0,0) size 135x1016
          RenderBody {BODY} at (8,8) size 119x1000 [bgcolor=#C0C0C0]
    RenderText zI: 1 {#text} at (0,0) size 0x0
