layer at (0,0) size 800x600
  RenderView at (0,0) size 800x600
layer at (0,0) size 800x327
  RenderBlock {HTML} at (0,0) size 800x327
    RenderBody {BODY} at (8,18) size 784x301
      RenderBlock {H3} at (0,0) size 784x22
        RenderText {#text} at (0,0) size 236x21
          text run at (0,0) width 236: "ROWSPAN of 1024 - Works"
      RenderTable {TABLE} at (0,40) size 168x101 [border: (1px outset #808080)]
        RenderTableSection {TBODY} at (1,1) size 166x98
          RenderTableRow {TR} at (0,2) size 166x22
            RenderTableCell {TD} at (2,2) size 46x22 [border: (1px inset #808080)] [r=0 c=0 rs=1 cs=1]
              RenderText {#text} at (2,2) size 42x17
                text run at (2,2) width 42: "header"
            RenderTableCell {TD} at (50,38) size 8x22 [bgcolor=#000000] [border: (1px inset #808080)] [r=0 c=1 rs=1024 cs=1]
              RenderText {#text} at (2,2) size 4x17
                text run at (2,2) width 4: " "
            RenderTableCell {TD} at (60,2) size 46x22 [border: (1px inset #808080)] [r=0 c=2 rs=1 cs=1]
              RenderText {#text} at (2,2) size 42x17
                text run at (2,2) width 42: "header"
            RenderTableCell {TD} at (108,38) size 8x22 [bgcolor=#000000] [border: (1px inset #808080)] [r=0 c=3 rs=1024 cs=1]
              RenderText {#text} at (2,2) size 4x17
                text run at (2,2) width 4: " "
            RenderTableCell {TD} at (118,2) size 46x22 [border: (1px inset #808080)] [r=0 c=4 rs=1 cs=1]
              RenderText {#text} at (2,2) size 42x17
                text run at (2,2) width 42: "header"
          RenderTableRow {TR} at (0,26) size 166x22
            RenderTableCell {TD} at (2,26) size 46x22 [border: (1px inset #808080)] [r=1 c=0 rs=1 cs=1]
              RenderText {#text} at (2,2) size 41x17
                text run at (2,2) width 41: "foobar"
            RenderTableCell {TD} at (60,26) size 46x22 [border: (1px inset #808080)] [r=1 c=2 rs=1 cs=1]
              RenderText {#text} at (2,2) size 41x17
                text run at (2,2) width 41: "foobar"
            RenderTableCell {TD} at (118,26) size 46x22 [border: (1px inset #808080)] [r=1 c=4 rs=1 cs=1]
              RenderText {#text} at (2,2) size 41x17
                text run at (2,2) width 41: "foobar"
          RenderTableRow {TR} at (0,50) size 166x22
            RenderTableCell {TD} at (2,50) size 46x22 [border: (1px inset #808080)] [r=2 c=0 rs=1 cs=1]
              RenderText {#text} at (2,2) size 41x17
                text run at (2,2) width 41: "foobar"
            RenderTableCell {TD} at (60,50) size 46x22 [border: (1px inset #808080)] [r=2 c=2 rs=1 cs=1]
              RenderText {#text} at (2,2) size 41x17
                text run at (2,2) width 41: "foobar"
            RenderTableCell {TD} at (118,50) size 46x22 [border: (1px inset #808080)] [r=2 c=4 rs=1 cs=1]
              RenderText {#text} at (2,2) size 41x17
                text run at (2,2) width 41: "foobar"
          RenderTableRow {TR} at (0,74) size 166x22
            RenderTableCell {TD} at (2,74) size 46x22 [border: (1px inset #808080)] [r=3 c=0 rs=1 cs=1]
              RenderText {#text} at (2,2) size 41x17
                text run at (2,2) width 41: "foobar"
            RenderTableCell {TD} at (60,74) size 46x22 [border: (1px inset #808080)] [r=3 c=2 rs=1 cs=1]
              RenderText {#text} at (2,2) size 41x17
                text run at (2,2) width 41: "foobar"
            RenderTableCell {TD} at (118,74) size 46x22 [border: (1px inset #808080)] [r=3 c=4 rs=1 cs=1]
              RenderText {#text} at (2,2) size 41x17
                text run at (2,2) width 41: "foobar"
      RenderBlock {H3} at (0,159) size 784x23
        RenderText {#text} at (0,0) size 295x21
          text run at (0,0) width 295: "ROWSPAN of 1025 - Doesn't Work"
      RenderTable {TABLE} at (0,200) size 168x101 [border: (1px outset #808080)]
        RenderTableSection {TBODY} at (1,1) size 166x98
          RenderTableRow {TR} at (0,2) size 166x22
            RenderTableCell {TD} at (2,2) size 46x22 [border: (1px inset #808080)] [r=0 c=0 rs=1 cs=1]
              RenderText {#text} at (2,2) size 42x17
                text run at (2,2) width 42: "header"
            RenderTableCell {TD} at (50,38) size 8x22 [bgcolor=#000000] [border: (1px inset #808080)] [r=0 c=1 rs=1026 cs=1]
              RenderText {#text} at (2,2) size 4x17
                text run at (2,2) width 4: " "
            RenderTableCell {TD} at (60,2) size 46x22 [border: (1px inset #808080)] [r=0 c=2 rs=1 cs=1]
              RenderText {#text} at (2,2) size 42x17
                text run at (2,2) width 42: "header"
            RenderTableCell {TD} at (108,38) size 8x22 [bgcolor=#000000] [border: (1px inset #808080)] [r=0 c=3 rs=1026 cs=1]
              RenderText {#text} at (2,2) size 4x17
                text run at (2,2) width 4: " "
            RenderTableCell {TD} at (118,2) size 46x22 [border: (1px inset #808080)] [r=0 c=4 rs=1 cs=1]
              RenderText {#text} at (2,2) size 42x17
                text run at (2,2) width 42: "header"
          RenderTableRow {TR} at (0,26) size 166x22
            RenderTableCell {TD} at (2,26) size 46x22 [border: (1px inset #808080)] [r=1 c=0 rs=1 cs=1]
              RenderText {#text} at (2,2) size 41x17
                text run at (2,2) width 41: "foobar"
            RenderTableCell {TD} at (60,26) size 46x22 [border: (1px inset #808080)] [r=1 c=2 rs=1 cs=1]
              RenderText {#text} at (2,2) size 41x17
                text run at (2,2) width 41: "foobar"
            RenderTableCell {TD} at (118,26) size 46x22 [border: (1px inset #808080)] [r=1 c=4 rs=1 cs=1]
              RenderText {#text} at (2,2) size 41x17
                text run at (2,2) width 41: "foobar"
          RenderTableRow {TR} at (0,50) size 166x22
            RenderTableCell {TD} at (2,50) size 46x22 [border: (1px inset #808080)] [r=2 c=0 rs=1 cs=1]
              RenderText {#text} at (2,2) size 41x17
                text run at (2,2) width 41: "foobar"
            RenderTableCell {TD} at (60,50) size 46x22 [border: (1px inset #808080)] [r=2 c=2 rs=1 cs=1]
              RenderText {#text} at (2,2) size 41x17
                text run at (2,2) width 41: "foobar"
            RenderTableCell {TD} at (118,50) size 46x22 [border: (1px inset #808080)] [r=2 c=4 rs=1 cs=1]
              RenderText {#text} at (2,2) size 41x17
                text run at (2,2) width 41: "foobar"
          RenderTableRow {TR} at (0,74) size 166x22
            RenderTableCell {TD} at (2,74) size 46x22 [border: (1px inset #808080)] [r=3 c=0 rs=1 cs=1]
              RenderText {#text} at (2,2) size 41x17
                text run at (2,2) width 41: "foobar"
            RenderTableCell {TD} at (60,74) size 46x22 [border: (1px inset #808080)] [r=3 c=2 rs=1 cs=1]
              RenderText {#text} at (2,2) size 41x17
                text run at (2,2) width 41: "foobar"
            RenderTableCell {TD} at (118,74) size 46x22 [border: (1px inset #808080)] [r=3 c=4 rs=1 cs=1]
              RenderText {#text} at (2,2) size 41x17
                text run at (2,2) width 41: "foobar"
