layer at (0,0) size 800x600
  RenderView at (0,0) size 800x600
layer at (0,0) size 800x168
  RenderBlock {HTML} at (0,0) size 800x168
    RenderBody {BODY} at (8,16) size 784x144
      RenderBlock {P} at (0,0) size 784x18
        RenderText {#text} at (0,0) size 53x17
          text run at (0,0) width 53: "Test for "
        RenderInline {I} at (0,0) size 666x17
          RenderInline {A} at (0,0) size 348x17 [color=#0000EE]
            RenderText {#text} at (53,0) size 348x17
              text run at (53,0) width 348: "http://bugzilla.opendarwin.org/show_bug.cgi?id=9012"
          RenderText {#text} at (401,0) size 318x17
            text run at (401,0) width 4: " "
            text run at (405,0) width 314: "Row height not updated when cell heights change"
        RenderText {#text} at (719,0) size 4x17
          text run at (719,0) width 4: "."
      RenderBlock {HR} at (0,34) size 784x2 [border: (1px inset #000000)]
      RenderTable {TABLE} at (0,44) size 100x100
        RenderTableSection {TBODY} at (0,0) size 100x100
          RenderTableRow {TR} at (0,0) size 100x0 [bgcolor=#FF0000]
            RenderTableCell {TD} at (0,0) size 50x0 [r=0 c=0 rs=1 cs=1]
            RenderTableCell {TD} at (50,0) size 50x0 [bgcolor=#008000] [r=0 c=1 rs=1 cs=1]
          RenderTableRow {TR} at (0,0) size 100x100 [bgcolor=#008000]
            RenderTableCell {TD} at (0,50) size 100x0 [r=1 c=0 rs=1 cs=2]
