layer at (0,0) size 800x600
  RenderView at (0,0) size 800x600
layer at (0,0) size 800x600
  RenderBlock {HTML} at (0,0) size 800x600
    RenderBody {BODY} at (8,8) size 784x584
      RenderTable {TABLE} at (0,0) size 197x50
        RenderTableSection {TBODY} at (0,0) size 197x50
          RenderTableRow {TR} at (0,2) size 197x2
            RenderTableCell {TD} at (2,2) size 6x2 [r=0 c=0 rs=1 cs=1]
          RenderTableRow {TR} at (0,6) size 197x0
            RenderTableCell {TD} at (2,6) size 6x2 [r=1 c=0 rs=2 cs=1]
          RenderTableRow {TR} at (0,8) size 197x0
            RenderTableCell {TD} at (10,27) size 185x2 [r=2 c=1 rs=2 cs=1]
          RenderTableRow {TR} at (0,10) size 197x38
            RenderTableCell {TD} at (2,10) size 193x38 [r=3 c=0 rs=1 cs=2]
              RenderTable {TABLE} at (1,1) size 191x36 [border: (2px outset #808080)]
                RenderTableSection {TBODY} at (2,2) size 187x32
                  RenderTableRow {TR} at (0,2) size 187x28
                    RenderTableCell {TD} at (2,14) size 4x4 [border: (1px inset #808080)] [r=0 c=0 rs=1 cs=1]
                    RenderTableCell {TD} at (8,2) size 177x28 [border: (1px inset #808080)] [r=0 c=1 rs=1 cs=1]
                      RenderTextControl {INPUT} at (2,2) size 173x24 [bgcolor=#FFFFFF] [border: (2px inset #000000)]
                      RenderText {#text} at (0,0) size 0x0
layer at (26,28) size 167x18
  RenderBlock {DIV} at (3,3) size 167x18
    RenderText {#text} at (0,0) size 31x17
      text run at (0,0) width 31: "hello"
