layer at (0,0) size 800x600
  RenderView at (0,0) size 800x600
layer at (0,0) size 800x561
  RenderBlock {html} at (0,0) size 800x561
    RenderBlock {parsererror} at (16,16) size 768x137 [bgcolor=#FFDDDD] [border: (2px solid #CC7777)]
      RenderBlock {h3} at (18,20) size 732x23
        RenderText {#text} at (0,0) size 323x21
          text run at (0,0) width 323: "This page contains the following errors:"
      RenderBlock {div} at (18,61) size 732x15
        RenderText {#text} at (0,0) size 598x14
          text run at (0,0) width 598: "error on line 63 at column 111: Opening and ending tag mismatch: br line 63 and div"
          text run at (597,0) width 1: " "
      RenderBlock {h3} at (18,94) size 732x23
        RenderText {#text} at (0,0) size 425x21
          text run at (0,0) width 425: "Below is a rendering of the page up to the first error."
    RenderBody {body} at (8,168) size 784x377
      RenderBlock {p} at (0,0) size 784x376
        RenderBlock (anonymous) at (0,0) size 784x36
          RenderText {#text} at (0,0) size 177x17
            text run at (0,0) width 177: "This is a regression test for "
          RenderInline {i} at (0,0) size 750x35
            RenderInline {a} at (0,0) size 354x17 [color=#0000EE]
              RenderText {#text} at (176,0) size 354x17
                text run at (176,0) width 354: "http://bugzilla.opendarwin.org/show_bug.cgi?id=9122"
            RenderText {#text} at (529,0) size 750x35
              text run at (529,0) width 5: " "
              text run at (533,0) width 217: "REGRESSION: Incorrect vertical"
              text run at (0,18) width 313: "position for text fields in a \"display: table\" block"
          RenderText {#text} at (312,18) size 5x17
            text run at (312,18) width 5: "."
        RenderBlock {p} at (0,52) size 784x36
          RenderText {#text} at (0,0) size 754x35
            text run at (0,0) width 754: "Type something in the text field. Resize the window. The text field should not jump down. Delete what you typed and"
            text run at (0,18) width 325: "resize the window. The text field should not move."
        RenderBlock {form} at (0,104) size 784x272
          RenderTable {dl} at (0,0) size 198x24
            RenderTableSection (anonymous) at (0,0) size 198x24
              RenderTableRow {div} at (0,0) size 198x24
                RenderTableCell {dt} at (0,3) size 25x18 [r=0 c=0 rs=1 cs=1]
                  RenderText {#text} at (0,0) size 25x17
                    text run at (0,0) width 25: "Foo"
                RenderTableCell {dd} at (24,0) size 174x24 [r=0 c=1 rs=1 cs=1]
                  RenderTextControl {input} at (0,0) size 173x24 [bgcolor=#FFFFFF] [border: (2px inset #000000)]
          RenderBlock {p} at (0,58) size 784x36
            RenderText {#text} at (0,0) size 771x35
              text run at (0,0) width 771: "And here's more. There should not be a difference in distance between the labels, nor any difference in distance between"
              text run at (0,18) width 92: "the text fields."
          RenderTable {dl} at (0,110) size 198x162
            RenderTableSection (anonymous) at (0,0) size 198x162
              RenderTableRow {div} at (0,0) size 198x24
                RenderTableCell {dt} at (0,3) size 25x18 [r=0 c=0 rs=1 cs=1]
                  RenderText {#text} at (0,0) size 25x17
                    text run at (0,0) width 25: "Foo"
                RenderTableCell {dd} at (24,0) size 174x24 [r=0 c=1 rs=1 cs=1]
                  RenderTextControl {input} at (0,0) size 173x24 [bgcolor=#FFFFFF] [border: (2px inset #000000)]
              RenderTableRow {div} at (0,24) size 198x24
                RenderTableCell {dt} at (0,27) size 25x18 [r=1 c=0 rs=1 cs=1]
                  RenderText {#text} at (0,0) size 25x17
                    text run at (0,0) width 25: "Foo"
                RenderTableCell {dd} at (24,24) size 174x24 [r=1 c=1 rs=1 cs=1]
                  RenderTextControl {input} at (0,0) size 173x24 [bgcolor=#FFFFFF] [border: (2px inset #000000)]
              RenderTableRow {div} at (0,48) size 198x24
                RenderTableCell {dt} at (0,51) size 25x18 [r=2 c=0 rs=1 cs=1]
                  RenderText {#text} at (0,0) size 25x17
                    text run at (0,0) width 25: "Foo"
                RenderTableCell {dd} at (24,48) size 174x24 [r=2 c=1 rs=1 cs=1]
                  RenderTextControl {input} at (0,0) size 173x24 [bgcolor=#FFFFFF] [border: (2px inset #000000)]
              RenderTableRow {div} at (0,72) size 198x24
                RenderTableCell {dt} at (0,75) size 25x18 [r=3 c=0 rs=1 cs=1]
                  RenderText {#text} at (0,0) size 25x17
                    text run at (0,0) width 25: "Foo"
                RenderTableCell {dd} at (24,72) size 174x24 [r=3 c=1 rs=1 cs=1]
                  RenderTextControl {input} at (0,0) size 173x24 [bgcolor=#FFFFFF] [border: (2px inset #000000)]
              RenderTableRow {div} at (0,96) size 198x24
                RenderTableCell {dt} at (0,99) size 25x18 [r=4 c=0 rs=1 cs=1]
                  RenderText {#text} at (0,0) size 25x17
                    text run at (0,0) width 25: "Foo"
                RenderTableCell {dd} at (24,96) size 174x24 [r=4 c=1 rs=1 cs=1]
                  RenderTextControl {input} at (0,0) size 173x24 [bgcolor=#FFFFFF] [border: (2px inset #000000)]
              RenderTableRow {div} at (0,120) size 198x24
                RenderTableCell {dt} at (0,123) size 25x18 [r=5 c=0 rs=1 cs=1]
                  RenderText {#text} at (0,0) size 25x17
                    text run at (0,0) width 25: "Foo"
                RenderTableCell {dd} at (24,120) size 174x24 [r=5 c=1 rs=1 cs=1]
                  RenderTextControl {input} at (0,0) size 173x24 [bgcolor=#FFFFFF] [border: (2px inset #000000)]
              RenderTableRow {div} at (0,144) size 198x18
                RenderTableCell {dt} at (0,144) size 25x18 [r=6 c=0 rs=1 cs=1]
                  RenderText {#text} at (0,0) size 25x17
                    text run at (0,0) width 25: "Foo"
                RenderTableCell {dd} at (24,144) size 174x18 [r=6 c=1 rs=1 cs=1]
                  RenderBlock {div} at (0,0) size 0x18
                    RenderBR {br} at (0,0) size 0x17
layer at (36,276) size 167x18
  RenderBlock {div} at (3,3) size 167x18
layer at (8,313) size 784x2 clip at (0,0) size 0x0
  RenderBlock {hr} at (0,40) size 784x2 [border: (1px inset #000000)]
layer at (36,386) size 167x18
  RenderBlock {div} at (3,3) size 167x18
layer at (36,410) size 167x18
  RenderBlock {div} at (3,3) size 167x18
layer at (36,434) size 167x18
  RenderBlock {div} at (3,3) size 167x18
    RenderText {#text} at (0,0) size 24x17
      text run at (0,0) width 24: "Bar"
layer at (36,458) size 167x18
  RenderBlock {div} at (3,3) size 167x18
    RenderText {#text} at (0,0) size 24x17
      text run at (0,0) width 24: "Bar"
layer at (36,482) size 167x18
  RenderBlock {div} at (3,3) size 167x18
layer at (36,506) size 167x18
  RenderBlock {div} at (3,3) size 167x18
