layer at (0,0) size 800x600
  RenderView at (0,0) size 800x600
layer at (0,0) size 800x600
  RenderBlock {HTML} at (0,0) size 800x600
    RenderBody {BODY} at (8,8) size 784x300
      RenderBlock (floating) {DIV} at (0,0) size 392x100 [bgcolor=#008000]
      RenderBlock (floating) {DIV} at (392,0) size 100x100 [bgcolor=#800080]
      RenderBlock (floating) {DIV} at (584,0) size 200x500 [bgcolor=#FFA500]
      RenderBlock (floating) {DIV} at (484,100) size 100x50 [bgcolor=#0000FF]
      RenderBlock (floating) {DIV} at (0,100) size 160x200 [bgcolor=#FF0000]
      RenderBlock (floating) {DIV} at (384,100) size 100x100 [bgcolor=#808000]
      RenderText {#text} at (492,0) size 424x159
        text run at (492,0) width 65: "Some text."
        text run at (492,20) width 68: "This should"
        text run at (492,40) width 78: "find a way to"
        text run at (492,60) width 92: "wrap among all"
        text run at (492,80) width 54: "the floats"
        text run at (160,100) width 200: "without overlapping any of them. "
        text run at (360,100) width 9: "It"
        text run at (160,120) width 210: "should start just under the blue box"
        text run at (160,140) width 153: "and wrap to several lines."
