layer at (0,0) size 800x600
  RenderView at (0,0) size 800x600
layer at (0,0) size 800x600
  RenderBlock {HTML} at (0,0) size 800x600
    RenderBody {BODY} at (8,8) size 784x576
      RenderBlock {P} at (0,0) size 784x100
        RenderText {#text} at (0,0) size 779x99
          text run at (0,0) width 728: "P1: This represents the header and should be flush-left. Lorem ipsum dolor sit amet, consectetuer adipiscing elit, sed diam"
          text run at (0,20) width 777: "nonummy nibh euismod tincidunt ut laoreet dolore magna aliquam erat volutpat. Ut wisi enim ad minim veniam, quis nostrud exerci"
          text run at (0,40) width 732: "tation ullamcorper suscipit lobortis nisl ut aliquip ex ea commodo consequat. Duis autem vel eum iriure dolor in hendrerit in"
          text run at (0,60) width 779: "vulputate velit esse molestie consequat, vel illum dolore eu feugiat nulla facilisis at vero eros et accumsan et iusto odio dignissim qui"
          text run at (0,80) width 463: "blandit praesent luptatum zzril delenit augue duis dolore te feugait nulla facilisi."
      RenderBlock {DIV} at (0,116) size 784x292
        RenderBlock (floating) {H2} at (0,0) size 112x40
          RenderText {#text} at (7,0) size 105x39
            text run at (7,0) width 105: "H2: This should"
            text run at (56,20) width 56: "float left"
        RenderBlock {DIV} at (0,0) size 784x292
          RenderBlock {H3} at (128,0) size 656x20
            RenderText {#text} at (0,0) size 254x19
              text run at (0,0) width 254: "H3: This should be indented and inline"
          RenderBlock {P} at (128,36) size 656x120
            RenderText {#text} at (0,0) size 654x119
              text run at (0,0) width 629: "P2: This should be indented and inline. Lorem ipsum dolor sit amet, consectetuer adipiscing elit, sed diam"
              text run at (0,20) width 610: "nonummy nibh euismod tincidunt ut laoreet dolore magna aliquam erat volutpat. Ut wisi enim ad minim"
              text run at (0,40) width 654: "veniam, quis nostrud exerci tation ullamcorper suscipit lobortis nisl ut aliquip ex ea commodo consequat. Duis"
              text run at (0,60) width 635: "autem vel eum iriure dolor in hendrerit in vulputate velit esse molestie consequat, vel illum dolore eu feugiat"
              text run at (0,80) width 648: "nulla facilisis at vero eros et accumsan et iusto odio dignissim qui blandit praesent luptatum zzril delenit augue"
              text run at (0,100) width 200: "duis dolore te feugait nulla facilisi."
          RenderBlock {P} at (128,172) size 656x120
            RenderText {#text} at (0,0) size 653x119
              text run at (0,0) width 645: "P3: This should be indented and inline. Ut wisi enim ad minim veniam, quis nostrud exerci tation ullamcorper"
              text run at (0,20) width 620: "suscipit lobortis nisl ut aliquip ex ea commodo consequat. Duis autem vel eum iriure dolor in hendrerit in"
              text run at (0,40) width 636: "vulputate velit esse molestie consequat, vel illum dolore eu feugiat nulla facilisis at vero eros et accumsan et"
              text run at (0,60) width 650: "iusto odio dignissim qui blandit praesent luptatum zzril delenit augue duis dolore te feugait nulla facilisi. Lorem"
              text run at (0,80) width 653: "ipsum dolor sit amet, consectetuer adipiscing elit, sed diam nonummy nibh euismod tincidunt ut laoreet dolore"
              text run at (0,100) width 172: "magna aliquam erat volutpat."
      RenderBlock {P} at (0,424) size 784x100
        RenderText {#text} at (0,0) size 770x99
          text run at (0,0) width 769: "P4: This represents the footer and should be flush-left. Duis autem vel eum iriure dolor in hendrerit in vulputate velit esse molestie"
          text run at (0,20) width 764: "consequat, vel illum dolore eu feugiat nulla facilisis at vero eros et accumsan et iusto odio dignissim qui blandit praesent luptatum"
          text run at (0,40) width 770: "zzril delenit augue duis dolore te feugait nulla facilisi. Lorem ipsum dolor sit amet, consectetuer adipiscing elit, sed diam nonummy"
          text run at (0,60) width 752: "nibh euismod tincidunt ut laoreet dolore magna aliquam erat volutpat. Ut wisi enim ad minim veniam, quis nostrud exerci tation"
          text run at (0,80) width 419: "ullamcorper suscipit lobortis nisl ut aliquip ex ea commodo consequat."
