layer at (0,0) size 785x1432
  RenderView at (0,0) size 785x600
layer at (0,0) size 785x1432
  RenderBlock {HTML} at (0,0) size 785x1432
    RenderBody {BODY} at (8,8) size 769x1416
      RenderBlock {DIV} at (0,0) size 769x200
        RenderBlock (floating) {DIV} at (0,0) size 200x200 [bgcolor=#FF0000]
        RenderTable {TABLE} at (200,0) size 569x50 [border: (2px solid #008000)]
          RenderTableSection {TBODY} at (2,2) size 565x46
            RenderTableRow {TR} at (0,2) size 565x42
              RenderTableCell {TD} at (2,2) size 561x42 [r=0 c=0 rs=1 cs=1]
                RenderText {#text} at (1,1) size 546x39
                  text run at (1,1) width 546: "This is a table. It should sit on the same line as the float and wrap as needed to fit within the"
                  text run at (1,21) width 122: "remaining line width."
      RenderBlock {DIV} at (0,200) size 769x200
        RenderBlock (floating) {DIV} at (0,0) size 200x200 [bgcolor=#FF0000]
      RenderBlock {DIV} at (0,408) size 769x200
        RenderBlock (floating) {DIV} at (0,0) size 200x200 [bgcolor=#FF0000]
        RenderBlock {HR} at (200,0) size 569x2 [border: (1px inset #000000)]
      RenderBlock {DIV} at (0,608) size 769x200
        RenderBlock (floating) {DIV} at (0,0) size 200x200 [bgcolor=#FF0000]
        RenderTable {TABLE} at (200,0) size 385x50 [border: (2px solid #008000)]
          RenderTableSection {TBODY} at (2,2) size 381x46
            RenderTableRow {TR} at (0,2) size 381x42
              RenderTableCell {TD} at (2,2) size 377x42 [r=0 c=0 rs=1 cs=1]
                RenderText {#text} at (1,1) size 354x39
                  text run at (1,1) width 354: "This is a table. It should sit on the same line as the float and"
                  text run at (1,21) width 314: "wrap as needed to fit within the remaining line width."
      RenderBlock {DIV} at (0,808) size 769x200
        RenderBlock (floating) {DIV} at (0,0) size 200x200 [bgcolor=#FF0000]
      RenderBlock {DIV} at (0,1016) size 769x200
        RenderBlock (floating) {DIV} at (0,0) size 200x200 [bgcolor=#FF0000]
        RenderBlock {HR} at (200,0) size 387x2 [border: (1px inset #000000)]
      RenderBlock {DIV} at (0,1216) size 769x200
        RenderBlock (floating) {DIV} at (0,0) size 200x200 [bgcolor=#FF0000]
        RenderImage {IMG} at (200,0) size 385x50 [bgcolor=#008000]
layer at (208,208) size 569x59 clip at (210,210) size 550x40
  RenderBlock {DIV} at (200,0) size 569x59 [border: (2px solid #0000FF)]
    RenderText {#text} at (2,2) size 513x39
      text run at (2,2) width 513: "This is an overflow:scroll region. It should sit on the same line as the float and wrap as"
      text run at (2,22) width 262: "needed to fit within the remaining line width."
layer at (208,816) size 389x79 clip at (210,818) size 370x60
  RenderBlock {DIV} at (200,0) size 389x79 [border: (2px solid #0000FF)]
    RenderText {#text} at (2,2) size 368x59
      text run at (2,2) width 366: "This is an overflow:scroll region. It should sit on the same line"
      text run at (2,22) width 368: "as the float and wrap as needed to fit within the remaining line"
      text run at (2,42) width 37: "width."
