layer at (0,0) size 800x600
  RenderView at (0,0) size 800x600
layer at (0,0) size 800x108
  RenderBlock {HTML} at (0,0) size 800x108
    RenderBody {BODY} at (8,8) size 784x0
      RenderBlock (floating) {DIV} at (-4216,0) size 5000x100 [bgcolor=#66EEAA]
        RenderText {#text} at (4729,0) size 271x19
          text run at (4729,0) width 271: "Element floated right with a width of 5000px."
