layer at (0,0) size 800x600
  RenderView at (0,0) size 800x600
layer at (0,0) size 800x98
  RenderBlock {HTML} at (0,0) size 800x98
    RenderBody {BODY} at (8,8) size 784x82
      RenderBlock {DIV} at (0,0) size 202x82 [border: (1px solid #000000)]
        RenderBlock (floating) {DIV} at (151,1) size 50x50 [bgcolor=#008000]
        RenderText {#text} at (16,1) size 188x79
          text run at (16,1) width 35: "Some"
          text run at (37,21) width 114: "text that should not"
          text run at (13,41) width 138: "overlap the edge of the"
          text run at (142,61) width 4 RTL: "."
          text run at (146,61) width 55: "container"
