layer at (0,0) size 800x600
  RenderView at (0,0) size 800x600
layer at (0,0) size 800x600
  RenderBlock {HTML} at (0,0) size 800x600
    RenderBody {BODY} at (8,8) size 784x584
      RenderBlock {P} at (0,0) size 784x40
        RenderText {#text} at (0,0) size 111x19
          text run at (0,0) width 111: "Rendering test for "
        RenderInline {I} at (0,0) size 747x39
          RenderInline {A} at (0,0) size 305x19 [color=#0000EE]
            RenderText {#text} at (111,0) size 305x19
              text run at (111,0) width 305: "http://bugs.webkit.org/show_bug.cgi?id=17107"
          RenderText {#text} at (416,0) size 747x39
            text run at (416,0) width 4: " "
            text run at (420,0) width 327: "REGRESSION(r29834): Article text on redhat.com"
            text run at (0,20) width 273: "magazine site appears to be painting twice"
        RenderText {#text} at (273,20) size 4x19
          text run at (273,20) width 4: "."
      RenderBlock {P} at (0,56) size 784x20
        RenderText {#text} at (0,0) size 342x19
          text run at (0,0) width 342: "These two lines of text should be the same shade of gray:"
      RenderBlock {DIV} at (0,92) size 784x28 [color=#0000007F]
        RenderText {#text} at (0,0) size 264x27
          text run at (0,0) width 264: "Lorem ipsum dolor sit amet"
      RenderBlock {DIV} at (0,120) size 784x0 [color=#0000007F]
        RenderBlock (floating) {DIV} at (0,0) size 264x28
          RenderText {#text} at (0,0) size 264x27
            text run at (0,0) width 264: "Lorem ipsum dolor sit amet"
      RenderBlock (anonymous) at (0,120) size 784x28
        RenderBR {BR} at (264,0) size 0x19
