layer at (0,0) size 800x600
  RenderView at (0,0) size 800x600
layer at (0,0) size 800x600
  RenderBlock {HTML} at (0,0) size 800x600
    RenderBody {BODY} at (8,8) size 784x584
      RenderBlock (floating) {P} at (278,16) size 506x20
        RenderText {#text} at (0,0) size 506x19
          text run at (0,0) width 506: "The 'hr' below should span the width of the page, not just to the left edge of this text."
      RenderBlock {HR} at (0,52) size 784x2 [border: (1px inset #000000)]
      RenderBlock (floating) {P} at (267,78) size 517x20
        RenderText {#text} at (0,0) size 517x19
          text run at (0,0) width 517: "The table below should span the width of the page, not just to the left edge of this text."
      RenderTable {TABLE} at (0,114) size 784x68 [border: (10px outset #808080)]
        RenderTableSection {TBODY} at (10,10) size 764x48
          RenderTableRow {TR} at (0,2) size 764x44
            RenderTableCell {TD} at (2,2) size 760x44 [border: (1px inset #808080)] [r=0 c=0 rs=1 cs=1]
              RenderText {#text} at (2,2) size 742x39
                text run at (2,2) width 343: "This is a table that should fill the entire width of the page. "
                text run at (345,2) width 399: "It should clear the float and then take up the width of the page. If it"
                text run at (2,22) width 133: "doesn't then it's a bug."
      RenderBlock (floating) {P} at (378,198) size 406x20
        RenderText {#text} at (0,0) size 406x19
          text run at (0,0) width 406: "The overflow auto section below should span the width of the page."
layer at (8,242) size 784x40
  RenderBlock {DIV} at (0,234) size 784x40
    RenderText {#text} at (0,0) size 778x39
      text run at (0,0) width 332: "This is a div that should fill the entire width of the page. "
      text run at (332,0) width 446: "It should clear the float and then take up the width of the page. If it doesn't"
      text run at (0,20) width 86: "then it's a bug."
