layer at (0,0) size 800x600
  RenderView at (0,0) size 800x600
layer at (0,0) size 800x52 isolatesBlending
  RenderBlock {HTML} at (0,0) size 800x52
    RenderBody {BODY} at (8,8) size 784x36
layer at (8,8) size 784x18
  RenderBlock {DIV} at (0,0) size 784x18
    RenderText {#text} at (0,0) size 7x17
      text run at (0,0) width 7: "a"
layer at (8,26) size 784x18 blendMode: saturation
  RenderBlock {DIV} at (0,18) size 784x18
    RenderText {#text} at (0,0) size 7x17
      text run at (0,0) width 7: "a"
