layer at (0,0) size 800x600
  RenderView at (0,0) size 800x600
layer at (0,0) size 800x600
  RenderBlock {HTML} at (0,0) size 800x600
    RenderBody {BODY} at (8,8) size 784x584
      RenderBlock {P} at (0,0) size 784x18
        RenderText {#text} at (0,0) size 54x18
          text run at (0,0) width 54: "Test for "
        RenderInline {I} at (0,0) size 531x18
          RenderInline {A} at (0,0) size 501x18 [color=#0000EE]
            RenderText {#text} at (53,0) size 501x18
              text run at (53,0) width 501: "REGRESSION(r27173): Web Inspector freezes beneath Image::drawPattern()"
          RenderText {#text} at (553,0) size 31x18
            text run at (553,0) width 31: " Bug"
        RenderText {#text} at (583,0) size 5x18
          text run at (583,0) width 5: "."
      RenderBlock {P} at (0,34) size 784x18
        RenderText {#text} at (0,0) size 579x18
          text run at (0,0) width 579: "There should be four empty squares with black borders. WebKit should not hang or assert."
      RenderBlock {DIV} at (8,68) size 106x106 [border: (3px solid #000000)]
      RenderBlock {DIV} at (8,182) size 106x106 [border: (3px solid #000000)]
      RenderBlock {DIV} at (8,296) size 106x106 [border: (3px solid #000000)]
      RenderBlock {DIV} at (8,410) size 106x106 [border: (3px solid #000000)]
