layer at (0,0) size 800x600
  RenderView at (0,0) size 800x600
layer at (0,0) size 800x8
  RenderBlock {HTML} at (0,0) size 800x8
    RenderBody {BODY} at (8,8) size 784x0
layer at (8,2) size 321x43
  RenderTable {TABLE} at (8,1) size 321x44
    RenderTableSection {TBODY} at (0,0) size 321x43
      RenderTableRow {TR} at (0,2) size 321x39
        RenderTableCell {TD} at (2,2) size 317x40 [r=0 c=0 rs=1 cs=1]
          RenderBlock {PRE} at (1,12) size 315x15
            RenderText {#text} at (0,0) size 315x14
              text run at (0,0) width 315: "There should be no selection artifacts below."
              text run at (315,0) width 0: " "
