layer at (0,0) size 800x600
  RenderView at (0,0) size 800x600
layer at (0,0) size 800x8
  RenderBlock {html} at (0,0) size 800x8
    RenderBody {body} at (8,8) size 784x0
layer at (8,0) size 20x20
  RenderBlock (positioned) zI: 1 {div} at (8,0) size 20x20 [color=#FF0000]
    RenderInline {span} at (0,0) size 20x19
      RenderTable at (0,0) size 8x20
        RenderTableSection (anonymous) at (0,0) size 8x20
          RenderTableRow (anonymous) at (0,0) size 8x20
            RenderTableCell {span} at (0,0) size 8x20 [r=0 c=0 rs=1 cs=1]
              RenderText {#text} at (0,0) size 8x19
                text run at (0,0) width 8: "b"
      RenderInline (generated) at (0,0) size 12x19
        RenderText at (8,0) size 12x19
          text run at (8,0) width 12: " d"
    RenderText zI: 1 {#text} at (0,0) size 0x0
layer at (8,0) size 20x20
  RenderBlock (positioned) zI: 2 {div} at (8,0) size 20x20 [color=#008000]
    RenderText zI: 2 {#text} at (0,0) size 20x19
      text run at (0,0) width 20: "b d"
