layer at (0,0) size 800x600
  RenderView at (0,0) size 800x600
layer at (0,0) size 800x99
  RenderBlock {html} at (0,0) size 800x99
    RenderBody {body} at (8,16) size 784x75
      RenderBlock {p} at (0,0) size 784x20
        RenderText {#text} at (0,0) size 361x19
          text run at (0,0) width 361: "There should be no red below, except for antialiasing issues."
layer at (8,52) size 784x39
  RenderBlock (relative positioned) {div} at (0,36) size 784x39
layer at (8,52) size 784x39
  RenderBlock (relative positioned) zI: 1 {div} at (0,0) size 784x39 [color=#FF0000]
    RenderText zI: 1 {#text} at (1,1) size 76x36
      text run at (1,1) width 76: "a bc d"
layer at (8,52) size 78x39
  RenderBlock (positioned) zI: 2 {div} at (0,0) size 78x39 [color=#008000]
    RenderBlock {div} at (1,1) size 76x37
      RenderInline {span} at (0,0) size 38x36
        RenderText {#text} at (0,0) size 38x36
          text run at (0,0) width 38: "a b"
      RenderInline {span} at (0,0) size 38x36
        RenderText {#text} at (38,0) size 38x36
          text run at (38,0) width 38: "c d"
      RenderText {#text} at (0,0) size 0x0
