layer at (0,0) size 800x600
  RenderView at (0,0) size 800x600
layer at (0,0) size 800x141
  RenderBlock {html} at (0,0) size 800x141
    RenderBody {body} at (8,13) size 784x120
      RenderBlock {p} at (0,0) size 784x15
        RenderText {#text} at (0,0) size 487x15
          text run at (0,0) width 487: "There should be no red below, except for antialiasing issues."
layer at (8,41) size 784x92
  RenderBlock (relative positioned) {div} at (0,28) size 784x92
layer at (8,41) size 784x92
  RenderBlock (relative positioned) zI: 1 {div} at (0,0) size 784x92 [color=#FF0000]
    RenderTable at (1,1) size 572x30
      RenderTableSection (anonymous) at (0,0) size 572x30
        RenderTableRow (anonymous) at (0,0) size 572x30
          RenderTableCell {span} at (0,0) size 191x30 [r=0 c=0 rs=1 cs=1]
            RenderText {#text} at (0,0) size 191x30
              text run at (0,0) width 191: "Row 1, Col 1"
          RenderTableCell {span} at (190,0) size 191x30 [r=0 c=1 rs=1 cs=1]
            RenderText {#text} at (0,0) size 191x30
              text run at (0,0) width 191: "Row 1, Col 2"
          RenderTableCell {span} at (380,0) size 192x30 [r=0 c=2 rs=1 cs=1]
            RenderText {#text} at (0,0) size 191x30
              text run at (0,0) width 191: "Row 1, Col 3"
    RenderBlock (anonymous) at (1,31) size 782x30
      RenderText {#text} at (0,0) size 621x30
        text run at (0,0) width 621: "Row 22, Col 1Row 22, Col 2Row 22, Col 3"
    RenderTable at (1,61) size 668x30
      RenderTableSection (anonymous) at (0,0) size 668x30
        RenderTableRow (anonymous) at (0,0) size 668x30
          RenderTableCell {span} at (0,0) size 223x30 [r=0 c=0 rs=1 cs=1]
            RenderText {#text} at (0,0) size 223x30
              text run at (0,0) width 223: "Row 333, Col 1"
          RenderTableCell {span} at (222,0) size 223x30 [r=0 c=1 rs=1 cs=1]
            RenderText {#text} at (0,0) size 223x30
              text run at (0,0) width 223: "Row 333, Col 2"
          RenderTableCell {span} at (444,0) size 224x30 [r=0 c=2 rs=1 cs=1]
            RenderText {#text} at (0,0) size 223x30
              text run at (0,0) width 223: "Row 333, Col 3"
layer at (8,41) size 669x92
  RenderBlock (positioned) zI: 2 {div} at (0,0) size 670x92 [color=#008000]
    RenderTable {table} at (1,1) size 572x30
      RenderTableSection (anonymous) at (0,0) size 572x30
        RenderTableRow {tr} at (0,0) size 572x30
          RenderTableCell {td} at (0,0) size 191x30 [r=0 c=0 rs=1 cs=1]
            RenderText {#text} at (0,0) size 191x30
              text run at (0,0) width 191: "Row 1, Col 1"
          RenderTableCell {td} at (190,0) size 191x30 [r=0 c=1 rs=1 cs=1]
            RenderText {#text} at (0,0) size 191x30
              text run at (0,0) width 191: "Row 1, Col 2"
          RenderTableCell {td} at (380,0) size 192x30 [r=0 c=2 rs=1 cs=1]
            RenderText {#text} at (0,0) size 191x30
              text run at (0,0) width 191: "Row 1, Col 3"
    RenderTable {table} at (1,31) size 620x30
      RenderTableSection (anonymous) at (0,0) size 620x30
        RenderTableRow {tr} at (0,0) size 620x30
          RenderTableCell {td} at (0,0) size 207x30 [r=0 c=0 rs=1 cs=1]
            RenderText {#text} at (0,0) size 207x30
              text run at (0,0) width 207: "Row 22, Col 1"
          RenderTableCell {td} at (206,0) size 207x30 [r=0 c=1 rs=1 cs=1]
            RenderText {#text} at (0,0) size 207x30
              text run at (0,0) width 207: "Row 22, Col 2"
          RenderTableCell {td} at (412,0) size 208x30 [r=0 c=2 rs=1 cs=1]
            RenderText {#text} at (0,0) size 207x30
              text run at (0,0) width 207: "Row 22, Col 3"
    RenderTable {table} at (1,61) size 668x30
      RenderTableSection (anonymous) at (0,0) size 668x30
        RenderTableRow {tr} at (0,0) size 668x30
          RenderTableCell {td} at (0,0) size 223x30 [r=0 c=0 rs=1 cs=1]
            RenderText {#text} at (0,0) size 223x30
              text run at (0,0) width 223: "Row 333, Col 1"
          RenderTableCell {td} at (222,0) size 223x30 [r=0 c=1 rs=1 cs=1]
            RenderText {#text} at (0,0) size 223x30
              text run at (0,0) width 223: "Row 333, Col 2"
          RenderTableCell {td} at (444,0) size 224x30 [r=0 c=2 rs=1 cs=1]
            RenderText {#text} at (0,0) size 223x30
              text run at (0,0) width 223: "Row 333, Col 3"
