layer at (0,0) size 800x600
  RenderView at (0,0) size 800x600
layer at (0,0) size 800x141
  RenderBlock {html} at (0,0) size 800x141
    RenderBody {body} at (8,13) size 784x120
      RenderBlock {p} at (0,0) size 784x15
        RenderText {#text} at (0,0) size 487x15
          text run at (0,0) width 487: "There should be no red below, except for antialiasing issues."
layer at (8,41) size 784x92
  RenderBlock (relative positioned) {div} at (0,28) size 784x92
layer at (8,41) size 784x92
  RenderBlock (relative positioned) zI: 1 {div} at (0,0) size 784x92 [color=#FF0000]
    RenderTable {table} at (1,1) size 668x90
      RenderTableSection (anonymous) at (0,0) size 668x90
        RenderTableRow {tr} at (0,0) size 668x30
          RenderTableCell {td} at (0,0) size 223x30 [r=0 c=0 rs=1 cs=1]
            RenderText {#text} at (0,0) size 191x30
              text run at (0,0) width 191: "Row 1, Col 1"
          RenderTableCell {td} at (222,0) size 223x30 [r=0 c=1 rs=1 cs=1]
            RenderText {#text} at (0,0) size 191x30
              text run at (0,0) width 191: "Row 1, Col 2"
          RenderTableCell {td} at (444,0) size 224x30 [r=0 c=2 rs=1 cs=1]
            RenderText {#text} at (0,0) size 191x30
              text run at (0,0) width 191: "Row 1, Col 3"
        RenderTableRow {tr} at (0,30) size 668x30
          RenderTableCell {td} at (0,30) size 223x30 [r=1 c=0 rs=1 cs=1]
            RenderText {#text} at (0,0) size 207x30
              text run at (0,0) width 207: "Row 22, Col 1"
          RenderTableCell {td} at (222,30) size 223x30 [r=1 c=1 rs=1 cs=1]
            RenderText {#text} at (0,0) size 207x30
              text run at (0,0) width 207: "Row 22, Col 2"
          RenderTableCell {td} at (444,30) size 224x30 [r=1 c=2 rs=1 cs=1]
            RenderText {#text} at (0,0) size 207x30
              text run at (0,0) width 207: "Row 22, Col 3"
        RenderTableRow {tr} at (0,60) size 668x30
          RenderTableCell {td} at (0,60) size 223x30 [r=2 c=0 rs=1 cs=1]
            RenderText {#text} at (0,0) size 223x30
              text run at (0,0) width 223: "Row 333, Col 1"
          RenderTableCell {td} at (222,60) size 223x30 [r=2 c=1 rs=1 cs=1]
            RenderText {#text} at (0,0) size 223x30
              text run at (0,0) width 223: "Row 333, Col 2"
          RenderTableCell {td} at (444,60) size 224x30 [r=2 c=2 rs=1 cs=1]
            RenderText {#text} at (0,0) size 223x30
              text run at (0,0) width 223: "Row 333, Col 3"
layer at (8,41) size 669x92
  RenderBlock (positioned) zI: 2 {div} at (0,0) size 670x92 [color=#008000]
    RenderTable at (1,1) size 668x90
      RenderTableSection {span} at (0,0) size 668x90
        RenderTableRow {span} at (0,0) size 668x30
          RenderTableCell {span} at (0,0) size 223x30 [r=0 c=0 rs=1 cs=1]
            RenderText {#text} at (0,0) size 191x30
              text run at (0,0) width 191: "Row 1, Col 1"
          RenderTableCell {span} at (222,0) size 223x30 [r=0 c=1 rs=1 cs=1]
            RenderText {#text} at (0,0) size 191x30
              text run at (0,0) width 191: "Row 1, Col 2"
          RenderTableCell {span} at (444,0) size 224x30 [r=0 c=2 rs=1 cs=1]
            RenderText {#text} at (0,0) size 191x30
              text run at (0,0) width 191: "Row 1, Col 3"
        RenderTableRow {span} at (0,30) size 668x30
          RenderTableCell {span} at (0,30) size 223x30 [r=1 c=0 rs=1 cs=1]
            RenderText {#text} at (0,0) size 207x30
              text run at (0,0) width 207: "Row 22, Col 1"
          RenderTableCell {span} at (222,30) size 223x30 [r=1 c=1 rs=1 cs=1]
            RenderText {#text} at (0,0) size 207x30
              text run at (0,0) width 207: "Row 22, Col 2"
          RenderTableCell {span} at (444,30) size 224x30 [r=1 c=2 rs=1 cs=1]
            RenderText {#text} at (0,0) size 207x30
              text run at (0,0) width 207: "Row 22, Col 3"
        RenderTableRow {span} at (0,60) size 668x30
          RenderTableCell {span} at (0,60) size 223x30 [r=2 c=0 rs=1 cs=1]
            RenderText {#text} at (0,0) size 223x30
              text run at (0,0) width 223: "Row 333, Col 1"
          RenderTableCell {span} at (222,60) size 223x30 [r=2 c=1 rs=1 cs=1]
            RenderText {#text} at (0,0) size 223x30
              text run at (0,0) width 223: "Row 333, Col 2"
          RenderTableCell {span} at (444,60) size 224x30 [r=2 c=2 rs=1 cs=1]
            RenderText {#text} at (0,0) size 223x30
              text run at (0,0) width 223: "Row 333, Col 3"
