layer at (0,0) size 800x600
  RenderView at (0,0) size 800x600
layer at (0,0) size 800x117
  RenderBlock {html} at (0,0) size 800x117
    RenderBody {body} at (8,16) size 784x93
      RenderBlock {p} at (0,0) size 784x20
        RenderText {#text} at (0,0) size 361x19
          text run at (0,0) width 361: "There should be no red below, except for antialiasing issues."
layer at (8,52) size 784x57
  RenderBlock (relative positioned) {div} at (0,36) size 784x57
layer at (8,52) size 784x57
  RenderBlock (relative positioned) zI: 1 {div} at (0,0) size 784x57 [color=#FF0000]
    RenderTable {table} at (1,1) size 144x55 [border: (5px outset #808080)]
      RenderTableSection {tbody} at (5,5) size 134x45
        RenderTableRow {tr} at (0,2) size 134x41
          RenderTableCell {td} at (2,2) size 130x41 [border: (1px inset #808080)] [r=0 c=0 rs=1 cs=1]
            RenderText {#text} at (2,2) size 126x36
              text run at (2,2) width 126: "Some text"
layer at (8,52) size 146x57
  RenderBlock (positioned) zI: 2 {div} at (0,0) size 146x57 [color=#008000]
    RenderTable {table} at (1,1) size 144x55 [border: (5px outset #808080)]
      RenderTableSection {tbody} at (5,5) size 134x45
        RenderTableRow {tr} at (0,2) size 134x41
          RenderTableCell {td} at (2,2) size 130x41 [border: (1px inset #808080)] [r=0 c=0 rs=1 cs=1]
            RenderText {#text} at (2,2) size 126x36
              text run at (2,2) width 126: "Some text"
