layer at (0,0) size 800x600
  RenderView at (0,0) size 800x600
layer at (0,0) size 800x99
  RenderBlock {html} at (0,0) size 800x99
    RenderBody {body} at (8,16) size 784x75
      RenderBlock {p} at (0,0) size 784x20
        RenderText {#text} at (0,0) size 361x19
          text run at (0,0) width 361: "There should be no red below, except for antialiasing issues."
layer at (8,52) size 784x39
  RenderBlock (relative positioned) {div} at (0,36) size 784x39
layer at (8,52) size 784x39
  RenderBlock (relative positioned) zI: 1 {div} at (0,0) size 784x39 [color=#FF0000]
    RenderText zI: 1 {#text} at (1,1) size 68x36
      text run at (1,1) width 68: "abc d"
layer at (8,52) size 70x39
  RenderBlock (positioned) zI: 2 {div} at (0,0) size 70x39 [color=#008000]
    RenderInline {span} at (0,0) size 68x36
      RenderText {#text} at (0,0) size 0x0
      RenderInline {span} at (0,0) size 14x36
        RenderText {#text} at (1,1) size 14x36
          text run at (1,1) width 14: "a"
      RenderTable at (15,29) size 0x0
        RenderTableCol {span} at (0,0) size 0x0
      RenderInline {span} at (0,0) size 54x36
        RenderText {#text} at (15,1) size 54x36
          text run at (15,1) width 54: "bc d"
      RenderText {#text} at (0,0) size 0x0
    RenderText zI: 2 {#text} at (0,0) size 0x0
