layer at (0,0) size 800x600
  RenderView at (0,0) size 800x600
layer at (0,0) size 800x600
  RenderBlock {HTML} at (0,0) size 800x600
    RenderBody {BODY} at (8,8) size 784x576
      RenderBlock {P} at (0,0) size 784x27
        RenderInline (generated) at (0,0) size 17x26 [color=#FF0000]
          RenderText at (0,0) size 17x26
            text run at (0,0) width 17: "A"
        RenderText {#text} at (17,7) size 405x17
          text run at (17,7) width 405: " The \"A\" should be big and red and ignore the position: relative."
