layer at (0,0) size 785x849
  RenderView at (0,0) size 785x600
layer at (0,0) size 785x849
  RenderBlock {HTML} at (0,0) size 785x849
    RenderBody {BODY} at (8,8) size 769x833 [bgcolor=#CCCCCC]
      RenderBlock {P} at (0,0) size 769x20
        RenderText {#text} at (0,0) size 355x19
          text run at (0,0) width 355: "The style declarations which apply to the text below are:"
      RenderBlock {PRE} at (0,36) size 769x176
        RenderText {#text} at (0,0) size 576x176
          text run at (0,0) width 576: "<LINK rel=\"stylesheet\" type=\"text/css\" HREF=\"../resources/linktest.css\">"
          text run at (576,0) width 0: " "
          text run at (0,16) width 152: "LI {color: purple;}"
          text run at (152,16) width 0: " "
          text run at (0,32) width 160: "UL LI {color: blue;}"
          text run at (160,32) width 0: " "
          text run at (0,48) width 184: "UL LI LI {color: gray;}"
          text run at (184,48) width 0: " "
          text run at (0,64) width 176: "LI.red {color: green;}"
          text run at (176,64) width 0: " "
          text run at (0,80) width 216: "UL LI.mar {color: #660000;}"
          text run at (216,80) width 0: " "
          text run at (0,96) width 200: "UL LI#gre {color: green;}"
          text run at (200,96) width 0: " "
          text run at (0,112) width 160: ".test {color: blue;}"
          text run at (160,112) width 0: " "
          text run at (0,128) width 176: ".test {color: purple;}"
          text run at (176,128) width 0: " "
          text run at (0,144) width 296: ".one {text-decoration: line-through;}"
          text run at (296,144) width 0: " "
          text run at (0,160) width 0: " "
      RenderBlock {UL} at (0,243) size 769x160
        RenderListItem {LI} at (40,0) size 729x20 [color=#0000FF]
          RenderListMarker at (-18,0) size 7x19: bullet
          RenderText {#text} at (0,0) size 189x19
            text run at (0,0) width 189: "This list item should be blue..."
        RenderListItem {LI} at (40,20) size 729x80 [color=#0000FF]
          RenderBlock (anonymous) at (0,0) size 729x20
            RenderListMarker at (-18,0) size 7x19: bullet
            RenderText {#text} at (0,0) size 289x19
              text run at (0,0) width 289: "...and so should this; neither should be purple."
          RenderBlock {UL} at (0,20) size 729x60
            RenderListItem {LI} at (40,0) size 689x20 [color=#808080]
              RenderListMarker at (-18,0) size 7x19: white bullet
              RenderText {#text} at (0,0) size 189x19
                text run at (0,0) width 189: "This list item should be gray..."
            RenderListItem {LI} at (40,20) size 689x20 [color=#808080]
              RenderListMarker at (-18,0) size 7x19: white bullet
              RenderText {#text} at (0,0) size 113x19
                text run at (0,0) width 113: "...as should this...."
            RenderListItem {LI} at (40,40) size 689x20 [color=#008000]
              RenderListMarker at (-18,0) size 7x19: white bullet
              RenderText {#text} at (0,0) size 193x19
                text run at (0,0) width 193: "...but this one should be green."
        RenderListItem {LI} at (40,100) size 729x20 [color=#660000]
          RenderListMarker at (-18,0) size 7x19: bullet
          RenderText {#text} at (0,0) size 171x19
            text run at (0,0) width 171: "This ought to be dark red..."
        RenderListItem {LI} at (40,120) size 729x20 [color=#008000]
          RenderListMarker at (-18,0) size 7x19: bullet
          RenderText {#text} at (0,0) size 85x19
            text run at (0,0) width 85: "...this green..."
        RenderListItem {LI} at (40,140) size 729x20 [color=#0000FF]
          RenderListMarker at (-18,0) size 7x19: bullet
          RenderText {#text} at (0,0) size 96x19
            text run at (0,0) width 96: "...and this blue."
      RenderBlock {P} at (0,419) size 769x20 [color=#0000FF]
        RenderText {#text} at (0,0) size 278x19
          text run at (0,0) width 278: "This sentence should be blue (STYLE attr.)."
      RenderBlock {P} at (0,455) size 769x20 [color=#800080]
        RenderText {#text} at (0,0) size 204x19
          text run at (0,0) width 204: "This sentence should be purple ["
        RenderInline {CODE} at (0,0) size 96x16
          RenderText {#text} at (204,3) size 96x16
            text run at (204,3) width 96: "class=\"test\""
        RenderText {#text} at (300,0) size 9x19
          text run at (300,0) width 9: "]."
      RenderBlock {P} at (0,491) size 769x20
        RenderText {#text} at (0,0) size 683x19
          text run at (0,0) width 683: "This text should be stricken (overriding the imported underline; only works if LINKed sheets are supported)."
      RenderTable {TABLE} at (0,527) size 705x306 [border: (1px outset #808080)]
        RenderTableSection {TBODY} at (1,1) size 703x304
          RenderTableRow {TR} at (0,0) size 703x28
            RenderTableCell {TD} at (0,0) size 703x28 [bgcolor=#C0C0C0] [border: (1px inset #808080)] [r=0 c=0 rs=1 cs=2]
              RenderInline {STRONG} at (0,0) size 160x19
                RenderText {#text} at (4,4) size 160x19
                  text run at (4,4) width 160: "TABLE Testing Section"
          RenderTableRow {TR} at (0,28) size 703x276
            RenderTableCell {TD} at (0,152) size 12x28 [bgcolor=#C0C0C0] [border: (1px inset #808080)] [r=1 c=0 rs=1 cs=1]
              RenderText {#text} at (4,4) size 4x19
                text run at (4,4) width 4: " "
            RenderTableCell {TD} at (12,28) size 691x276 [border: (1px inset #808080)] [r=1 c=1 rs=1 cs=1]
              RenderBlock {UL} at (4,4) size 683x160
                RenderListItem {LI} at (40,0) size 643x20 [color=#0000FF]
                  RenderListMarker at (-18,0) size 7x19: bullet
                  RenderText {#text} at (0,0) size 189x19
                    text run at (0,0) width 189: "This list item should be blue..."
                RenderListItem {LI} at (40,20) size 643x80 [color=#0000FF]
                  RenderBlock (anonymous) at (0,0) size 643x20
                    RenderListMarker at (-18,0) size 7x19: bullet
                    RenderText {#text} at (0,0) size 289x19
                      text run at (0,0) width 289: "...and so should this; neither should be purple."
                  RenderBlock {UL} at (0,20) size 643x60
                    RenderListItem {LI} at (40,0) size 603x20 [color=#808080]
                      RenderListMarker at (-18,0) size 7x19: white bullet
                      RenderText {#text} at (0,0) size 189x19
                        text run at (0,0) width 189: "This list item should be gray..."
                    RenderListItem {LI} at (40,20) size 603x20 [color=#808080]
                      RenderListMarker at (-18,0) size 7x19: white bullet
                      RenderText {#text} at (0,0) size 113x19
                        text run at (0,0) width 113: "...as should this...."
                    RenderListItem {LI} at (40,40) size 603x20 [color=#008000]
                      RenderListMarker at (-18,0) size 7x19: white bullet
                      RenderText {#text} at (0,0) size 193x19
                        text run at (0,0) width 193: "...but this one should be green."
                RenderListItem {LI} at (40,100) size 643x20 [color=#660000]
                  RenderListMarker at (-18,0) size 7x19: bullet
                  RenderText {#text} at (0,0) size 171x19
                    text run at (0,0) width 171: "This ought to be dark red..."
                RenderListItem {LI} at (40,120) size 643x20 [color=#008000]
                  RenderListMarker at (-18,0) size 7x19: bullet
                  RenderText {#text} at (0,0) size 85x19
                    text run at (0,0) width 85: "...this green..."
                RenderListItem {LI} at (40,140) size 643x20 [color=#0000FF]
                  RenderListMarker at (-18,0) size 7x19: bullet
                  RenderText {#text} at (0,0) size 96x19
                    text run at (0,0) width 96: "...and this blue."
              RenderBlock {P} at (4,180) size 683x20 [color=#0000FF]
                RenderText {#text} at (0,0) size 278x19
                  text run at (0,0) width 278: "This sentence should be blue (STYLE attr.)."
              RenderBlock {P} at (4,216) size 683x20 [color=#800080]
                RenderText {#text} at (0,0) size 204x19
                  text run at (0,0) width 204: "This sentence should be purple ["
                RenderInline {CODE} at (0,0) size 96x16
                  RenderText {#text} at (204,3) size 96x16
                    text run at (204,3) width 96: "class=\"test\""
                RenderText {#text} at (300,0) size 9x19
                  text run at (300,0) width 9: "]."
              RenderBlock {P} at (4,252) size 683x20
                RenderText {#text} at (0,0) size 683x19
                  text run at (0,0) width 683: "This text should be stricken (overriding the imported underline; only works if LINKed sheets are supported)."
layer at (8,233) size 769x2 clip at (0,0) size 0x0
  RenderBlock {HR} at (0,225) size 769x2 [border: (1px inset #000000)]
