layer at (0,0) size 785x1364
  RenderView at (0,0) size 785x600
layer at (0,0) size 785x1364
  RenderBlock {HTML} at (0,0) size 785x1364
    RenderBody {BODY} at (0,0) size 785x1364
      RenderText {#text} at (0,0) size 0x0
layer at (0,0) size 785x697
  RenderIFrame {IFRAME} at (0,0) size 785x697
    layer at (0,0) size 785x697
      RenderView at (0,0) size 785x697
    layer at (0,0) size 785x697
      RenderBlock {HTML} at (0,0) size 785x697
        RenderBody {BODY} at (0,5) size 785x692
          RenderBlock {DIV} at (0,0) size 785x18
            RenderText {#text} at (0,0) size 196x17
              text run at (0,0) width 196: "CompatMode: CSS1Compat"
          RenderBlock (anonymous) at (0,23) size 785x669
            RenderBlock {DIV} at (0,31) size 147x61 [border: (1px solid #0000FF)]
              RenderBlock {SPAN} at (1,12) size 80x0
              RenderBR {BR} at (81,1) size 0x14
            RenderBlock {DIV} at (147,31) size 147x61 [border: (1px solid #0000FF)]
              RenderBlock {SPAN} at (1,1) size 80x15
                RenderText {#text} at (0,0) size 76x14
                  text run at (0,0) width 76: "disabled: \"true\","
              RenderBR {BR} at (81,1) size 0x14
            RenderBlock {DIV} at (294,0) size 163x92 [border: (1px solid #0000FF)]
              RenderBlock {SPAN} at (1,1) size 80x30
                RenderText {#text} at (0,0) size 78x29
                  text run at (0,0) width 25: "style:"
                  text run at (0,15) width 78: "\"padding:10px\","
              RenderBR {BR} at (81,16) size 0x14
            RenderBlock {DIV} at (457,20) size 143x72 [border: (1px solid #0000FF)]
              RenderBlock {SPAN} at (1,1) size 80x30
                RenderText {#text} at (0,0) size 72x29
                  text run at (0,0) width 25: "style:"
                  text run at (0,15) width 72: "\"padding:0px\","
              RenderBR {BR} at (81,16) size 0x14
            RenderBlock {DIV} at (600,0) size 163x92 [border: (1px solid #0000FF)]
              RenderBlock {SPAN} at (1,1) size 80x30
                RenderText {#text} at (0,0) size 73x29
                  text run at (0,0) width 25: "style:"
                  text run at (0,15) width 73: "\"margin:10px\","
              RenderBR {BR} at (81,16) size 0x14
            RenderBlock {DIV} at (0,147) size 143x72 [border: (1px solid #0000FF)]
              RenderBlock {SPAN} at (1,1) size 80x30
                RenderText {#text} at (0,0) size 67x29
                  text run at (0,0) width 25: "style:"
                  text run at (0,15) width 67: "\"margin:0px\","
              RenderBR {BR} at (81,16) size 0x14
            RenderBlock {DIV} at (143,143) size 82x76 [border: (1px solid #0000FF)]
              RenderBlock {SPAN} at (1,1) size 80x30
                RenderText {#text} at (0,0) size 67x29
                  text run at (0,0) width 25: "style:"
                  text run at (0,15) width 67: "\"width:60px\","
              RenderBR {BR} at (81,16) size 0x14
            RenderBlock {DIV} at (225,92) size 104x127 [border: (1px solid #0000FF)]
              RenderBlock {SPAN} at (1,1) size 80x45
                RenderText {#text} at (0,0) size 73x44
                  text run at (0,0) width 25: "style:"
                  text run at (0,15) width 62: "\"width:60px;"
                  text run at (0,30) width 73: "padding:20px\","
              RenderBR {BR} at (81,31) size 0x14
            RenderBlock {DIV} at (329,132) size 82x87 [border: (1px solid #0000FF)]
              RenderBlock {SPAN} at (1,1) size 80x45
                RenderText {#text} at (0,0) size 62x44
                  text run at (0,0) width 25: "style:"
                  text run at (0,15) width 62: "\"width:60px;"
                  text run at (0,30) width 55: "padding:0\","
              RenderBR {BR} at (81,31) size 0x14
            RenderBlock {DIV} at (411,117) size 147x102 [border: (1px solid #0000FF)]
              RenderBlock {SPAN} at (1,1) size 80x30
                RenderText {#text} at (0,0) size 69x29
                  text run at (0,0) width 25: "style:"
                  text run at (0,15) width 69: "\"height:60px\","
              RenderBR {BR} at (81,16) size 0x14
            RenderBlock {DIV} at (558,102) size 82x117 [border: (1px solid #0000FF)]
              RenderBlock {SPAN} at (1,1) size 80x45
                RenderText {#text} at (0,0) size 64x44
                  text run at (0,0) width 25: "style:"
                  text run at (0,15) width 62: "\"width:60px;"
                  text run at (0,30) width 64: "height:60px\","
              RenderBR {BR} at (81,31) size 0x14
            RenderBlock {DIV} at (0,275) size 147x76 [border: (1px solid #0000FF)]
              RenderBlock {SPAN} at (1,1) size 80x30
                RenderText {#text} at (0,0) size 91x29
                  text run at (0,0) width 25: "style:"
                  text run at (0,15) width 91: "\"overflow:hidden\","
              RenderBR {BR} at (81,16) size 0x14
            RenderBlock {DIV} at (147,260) size 147x91 [border: (1px solid #0000FF)]
              RenderBlock {SPAN} at (1,1) size 80x30
                RenderText {#text} at (0,0) size 85x29
                  text run at (0,0) width 25: "style:"
                  text run at (0,15) width 85: "\"overflow:scroll\","
              RenderBR {BR} at (81,16) size 0x14
            RenderBlock {DIV} at (294,219) size 82x132 [border: (1px solid #0000FF)]
              RenderBlock {SPAN} at (1,1) size 80x60
                RenderText {#text} at (0,0) size 86x59
                  text run at (0,0) width 25: "style:"
                  text run at (0,15) width 86: "\"overflow:hidden;"
                  text run at (0,30) width 57: "width:60px;"
                  text run at (0,45) width 64: "height:60px\","
              RenderBR {BR} at (81,46) size 0x14
            RenderBlock {DIV} at (376,219) size 82x132 [border: (1px solid #0000FF)]
              RenderBlock {SPAN} at (1,1) size 80x60
                RenderText {#text} at (0,0) size 80x59
                  text run at (0,0) width 25: "style:"
                  text run at (0,15) width 80: "\"overflow:scroll;"
                  text run at (0,30) width 57: "width:60px;"
                  text run at (0,45) width 64: "height:60px\","
              RenderBR {BR} at (81,46) size 0x14
            RenderBlock {DIV} at (458,234) size 82x117 [border: (1px solid #0000FF)]
              RenderBlock {SPAN} at (1,1) size 80x45
                RenderText {#text} at (0,0) size 72x44
                  text run at (0,0) width 72: "cols: \"5\", style:"
                  text run at (0,15) width 62: "\"width:60px;"
                  text run at (0,30) width 64: "height:60px\","
              RenderBR {BR} at (81,31) size 0x14
            RenderBlock {DIV} at (540,234) size 82x117 [border: (1px solid #0000FF)]
              RenderBlock {SPAN} at (1,1) size 80x45
                RenderText {#text} at (0,0) size 77x44
                  text run at (0,0) width 77: "rows: \"4\", style:"
                  text run at (0,15) width 62: "\"width:60px;"
                  text run at (0,30) width 64: "height:60px\","
              RenderBR {BR} at (81,31) size 0x14
            RenderBlock {DIV} at (622,219) size 82x132 [border: (1px solid #0000FF)]
              RenderBlock {SPAN} at (1,1) size 80x60
                RenderText {#text} at (0,0) size 74x59
                  text run at (0,0) width 74: "cols: \"5\", rows:"
                  text run at (0,15) width 47: "\"4\", style:"
                  text run at (0,30) width 62: "\"width:60px;"
                  text run at (0,45) width 64: "height:60px\","
              RenderBR {BR} at (81,46) size 0x14
            RenderBlock {DIV} at (0,426) size 82x61 [border: (1px solid #0000FF)]
              RenderBlock {SPAN} at (1,1) size 80x15
                RenderText {#text} at (0,0) size 44x14
                  text run at (0,0) width 44: "cols: \"3\","
              RenderBR {BR} at (81,1) size 0x14
            RenderBlock {DIV} at (82,411) size 147x76 [border: (1px solid #0000FF)]
              RenderBlock {SPAN} at (1,1) size 80x15
                RenderText {#text} at (0,0) size 49x14
                  text run at (0,0) width 49: "rows: \"3\","
              RenderBR {BR} at (81,1) size 0x14
            RenderBlock {DIV} at (229,426) size 82x61 [border: (1px solid #0000FF)]
              RenderBlock {SPAN} at (1,1) size 80x15
                RenderText {#text} at (0,0) size 44x14
                  text run at (0,0) width 44: "cols: \"7\","
              RenderBR {BR} at (81,1) size 0x14
            RenderBlock {DIV} at (311,351) size 147x136 [border: (1px solid #0000FF)]
              RenderBlock {SPAN} at (1,1) size 80x15
                RenderText {#text} at (0,0) size 49x14
                  text run at (0,0) width 49: "rows: \"7\","
              RenderBR {BR} at (81,1) size 0x14
            RenderBlock {DIV} at (458,381) size 82x106 [border: (1px solid #0000FF)]
              RenderBlock {SPAN} at (1,1) size 80x30
                RenderText {#text} at (0,0) size 74x29
                  text run at (0,0) width 74: "cols: \"5\", rows:"
                  text run at (0,15) width 19: "\"4\","
              RenderBR {BR} at (81,16) size 0x14
            RenderBlock {DIV} at (540,411) size 147x76 [border: (1px solid #0000FF)]
              RenderBlock {SPAN} at (1,1) size 80x15
                RenderText {#text} at (0,0) size 57x14
                  text run at (0,0) width 57: "wrap: \"off\","
              RenderBR {BR} at (81,1) size 0x14
            RenderBlock {DIV} at (0,502) size 147x61 [border: (1px solid #0000FF)]
              RenderBlock {SPAN} at (1,1) size 80x15
                RenderText {#text} at (0,0) size 64x14
                  text run at (0,0) width 64: "wrap: \"hard\","
              RenderBR {BR} at (81,1) size 0x14
            RenderBlock {DIV} at (147,502) size 147x61 [border: (1px solid #0000FF)]
              RenderBlock {SPAN} at (1,1) size 80x15
                RenderText {#text} at (0,0) size 61x14
                  text run at (0,0) width 61: "wrap: \"soft\","
              RenderBR {BR} at (81,1) size 0x14
            RenderBlock {DIV} at (294,487) size 147x76 [border: (1px solid #0000FF)]
              RenderBlock {SPAN} at (1,1) size 80x30
                RenderText {#text} at (0,0) size 70x29
                  text run at (0,0) width 63: "style: \"white-"
                  text run at (0,15) width 70: "space:normal\","
              RenderBR {BR} at (81,16) size 0x14
            RenderBlock {DIV} at (441,487) size 147x76 [border: (1px solid #0000FF)]
              RenderBlock {SPAN} at (1,1) size 80x30
                RenderText {#text} at (0,0) size 63x29
                  text run at (0,0) width 63: "style: \"white-"
                  text run at (0,15) width 52: "space:pre\","
              RenderBR {BR} at (81,16) size 0x14
            RenderBlock {DIV} at (588,487) size 147x76 [border: (1px solid #0000FF)]
              RenderBlock {SPAN} at (1,1) size 80x30
                RenderText {#text} at (0,0) size 76x29
                  text run at (0,0) width 63: "style: \"white-"
                  text run at (0,15) width 76: "space:prewrap\","
              RenderBR {BR} at (81,16) size 0x14
            RenderBlock {DIV} at (0,593) size 147x76 [border: (1px solid #0000FF)]
              RenderBlock {SPAN} at (1,1) size 80x30
                RenderText {#text} at (0,0) size 73x29
                  text run at (0,0) width 63: "style: \"white-"
                  text run at (0,15) width 73: "space:nowrap\","
              RenderBR {BR} at (81,16) size 0x14
            RenderBlock {DIV} at (147,593) size 147x76 [border: (1px solid #0000FF)]
              RenderBlock {SPAN} at (1,1) size 80x30
                RenderText {#text} at (0,0) size 73x29
                  text run at (0,0) width 63: "style: \"white-"
                  text run at (0,15) width 73: "space:pre-line\","
              RenderBR {BR} at (81,16) size 0x14
            RenderBlock {DIV} at (294,578) size 147x91 [border: (1px solid #0000FF)]
              RenderBlock {SPAN} at (1,1) size 80x30
                RenderText {#text} at (0,0) size 68x29
                  text run at (0,0) width 62: "style: \"word-"
                  text run at (0,15) width 68: "wrap:normal\","
              RenderBR {BR} at (81,16) size 0x14
            RenderBlock {DIV} at (441,563) size 147x106 [border: (1px solid #0000FF)]
              RenderBlock {SPAN} at (1,1) size 80x45
                RenderText {#text} at (0,0) size 80x44
                  text run at (0,0) width 57: "wrap: \"off\","
                  text run at (0,15) width 63: "style: \"white-"
                  text run at (0,30) width 80: "space:pre-wrap\","
              RenderBR {BR} at (81,31) size 0x14
    layer at (3,77) size 141x36 clip at (4,78) size 139x34
      RenderTextControl {TEXTAREA} at (3,18) size 141x36 [bgcolor=#FFFFFF] [border: (1px solid #000000)]
        RenderBlock {DIV} at (3,3) size 135x15
          RenderText {#text} at (0,0) size 91x14
            text run at (0,0) width 91: "Lorem ipsum dolor"
    layer at (150,77) size 141x36 clip at (151,78) size 124x34 scrollHeight 64
      RenderTextControl {TEXTAREA} at (3,18) size 141x36 [bgcolor=#FFFFFF] [border: (1px solid #000000)]
        RenderBlock {DIV} at (3,3) size 120x60 [color=#545454]
          RenderText {#text} at (0,0) size 120x59
            text run at (0,0) width 94: "Lorem ipsum  dolor"
            text run at (94,0) width 3: " "
            text run at (0,15) width 120: "ABCDEFGHIJKLMNO"
            text run at (0,30) width 92: "PQRSTUVWXYZ"
            text run at (92,30) width 3: " "
            text run at (0,45) width 115: "abcdefghijklmnopqrstuv"
    layer at (297,61) size 157x52 clip at (298,62) size 140x50 scrollHeight 80
      RenderTextControl {TEXTAREA} at (3,33) size 157x52 [bgcolor=#FFFFFF] [border: (1px solid #000000)]
        RenderBlock {DIV} at (11,11) size 120x60
          RenderText {#text} at (0,0) size 120x59
            text run at (0,0) width 94: "Lorem ipsum  dolor"
            text run at (94,0) width 3: " "
            text run at (0,15) width 120: "ABCDEFGHIJKLMNO"
            text run at (0,30) width 92: "PQRSTUVWXYZ"
            text run at (92,30) width 3: " "
            text run at (0,45) width 115: "abcdefghijklmnopqrstuv"
    layer at (460,81) size 137x32 clip at (461,82) size 120x30 scrollHeight 60
      RenderTextControl {TEXTAREA} at (3,33) size 137x32 [bgcolor=#FFFFFF] [border: (1px solid #000000)]
        RenderBlock {DIV} at (1,1) size 120x60
          RenderText {#text} at (0,0) size 120x59
            text run at (0,0) width 94: "Lorem ipsum  dolor"
            text run at (94,0) width 3: " "
            text run at (0,15) width 120: "ABCDEFGHIJKLMNO"
            text run at (0,30) width 92: "PQRSTUVWXYZ"
            text run at (92,30) width 3: " "
            text run at (0,45) width 115: "abcdefghijklmnopqrstuv"
    layer at (611,69) size 141x36 clip at (612,70) size 124x34 scrollHeight 64
      RenderTextControl {TEXTAREA} at (11,41) size 141x36 [bgcolor=#FFFFFF] [border: (1px solid #000000)]
        RenderBlock {DIV} at (3,3) size 120x60
          RenderText {#text} at (0,0) size 120x59
            text run at (0,0) width 94: "Lorem ipsum  dolor"
            text run at (94,0) width 3: " "
            text run at (0,15) width 120: "ABCDEFGHIJKLMNO"
            text run at (0,30) width 92: "PQRSTUVWXYZ"
            text run at (92,30) width 3: " "
            text run at (0,45) width 115: "abcdefghijklmnopqrstuv"
    layer at (1,206) size 141x36 clip at (2,207) size 124x34 scrollHeight 64
      RenderTextControl {TEXTAREA} at (1,31) size 141x36 [bgcolor=#FFFFFF] [border: (1px solid #000000)]
        RenderBlock {DIV} at (3,3) size 120x60
          RenderText {#text} at (0,0) size 120x59
            text run at (0,0) width 94: "Lorem ipsum  dolor"
            text run at (94,0) width 3: " "
            text run at (0,15) width 120: "ABCDEFGHIJKLMNO"
            text run at (0,30) width 92: "PQRSTUVWXYZ"
            text run at (92,30) width 3: " "
            text run at (0,45) width 115: "abcdefghijklmnopqrstuv"
    layer at (144,204) size 66x36 clip at (145,205) size 49x34 scrollHeight 169
      RenderTextControl {TEXTAREA} at (1,33) size 66x36 [bgcolor=#FFFFFF] [border: (1px solid #000000)]
        RenderBlock {DIV} at (3,3) size 45x165
          RenderText {#text} at (0,0) size 45x164
            text run at (0,0) width 31: "Lorem"
            text run at (31,0) width 3: " "
            text run at (0,15) width 29: "ipsum"
            text run at (29,15) width 6: "  "
            text run at (0,30) width 25: "dolor"
            text run at (25,30) width 3: " "
            text run at (0,45) width 41: "ABCDE"
            text run at (0,60) width 43: "FGHIJK"
            text run at (0,75) width 43: "LMNOP"
            text run at (0,90) width 40: "QRSTU"
            text run at (0,105) width 45: "VWXYZ"
            text run at (45,105) width 0: " "
            text run at (0,120) width 43: "abcdefgh"
            text run at (0,135) width 42: "ijklmnop"
            text run at (0,150) width 30: "qrstuv"
    layer at (226,168) size 102x72 clip at (227,169) size 85x70 scrollHeight 205
      RenderTextControl {TEXTAREA} at (1,48) size 102x72 [bgcolor=#FFFFFF] [border: (1px solid #000000)]
        RenderBlock {DIV} at (21,21) size 45x165
          RenderText {#text} at (0,0) size 45x164
            text run at (0,0) width 31: "Lorem"
            text run at (31,0) width 3: " "
            text run at (0,15) width 29: "ipsum"
            text run at (29,15) width 6: "  "
            text run at (0,30) width 25: "dolor"
            text run at (25,30) width 3: " "
            text run at (0,45) width 41: "ABCDE"
            text run at (0,60) width 43: "FGHIJK"
            text run at (0,75) width 43: "LMNOP"
            text run at (0,90) width 40: "QRSTU"
            text run at (0,105) width 45: "VWXYZ"
            text run at (45,105) width 0: " "
            text run at (0,120) width 43: "abcdefgh"
            text run at (0,135) width 42: "ijklmnop"
            text run at (0,150) width 30: "qrstuv"
    layer at (330,208) size 62x32 clip at (331,209) size 45x30 scrollHeight 165
      RenderTextControl {TEXTAREA} at (1,48) size 62x32 [bgcolor=#FFFFFF] [border: (1px solid #000000)]
        RenderBlock {DIV} at (1,1) size 45x165
          RenderText {#text} at (0,0) size 45x164
            text run at (0,0) width 31: "Lorem"
            text run at (31,0) width 3: " "
            text run at (0,15) width 29: "ipsum"
            text run at (29,15) width 6: "  "
            text run at (0,30) width 25: "dolor"
            text run at (25,30) width 3: " "
            text run at (0,45) width 41: "ABCDE"
            text run at (0,60) width 43: "FGHIJK"
            text run at (0,75) width 43: "LMNOP"
            text run at (0,90) width 40: "QRSTU"
            text run at (0,105) width 45: "VWXYZ"
            text run at (45,105) width 0: " "
            text run at (0,120) width 43: "abcdefgh"
            text run at (0,135) width 42: "ijklmnop"
            text run at (0,150) width 30: "qrstuv"
    layer at (414,176) size 141x66 clip at (415,177) size 139x64
      RenderTextControl {TEXTAREA} at (3,31) size 141x66 [bgcolor=#FFFFFF] [border: (1px solid #000000)]
        RenderBlock {DIV} at (3,3) size 135x60
          RenderText {#text} at (0,0) size 127x59
            text run at (0,0) width 94: "Lorem ipsum  dolor"
            text run at (94,0) width 3: " "
            text run at (0,15) width 127: "ABCDEFGHIJKLMNOP"
            text run at (0,30) width 85: "QRSTUVWXYZ"
            text run at (85,30) width 3: " "
            text run at (0,45) width 115: "abcdefghijklmnopqrstuv"
    layer at (559,176) size 66x66 clip at (560,177) size 49x64 scrollHeight 169
      RenderTextControl {TEXTAREA} at (1,46) size 66x66 [bgcolor=#FFFFFF] [border: (1px solid #000000)]
        RenderBlock {DIV} at (3,3) size 45x165
          RenderText {#text} at (0,0) size 45x164
            text run at (0,0) width 31: "Lorem"
            text run at (31,0) width 3: " "
            text run at (0,15) width 29: "ipsum"
            text run at (29,15) width 6: "  "
            text run at (0,30) width 25: "dolor"
            text run at (25,30) width 3: " "
            text run at (0,45) width 41: "ABCDE"
            text run at (0,60) width 43: "FGHIJK"
            text run at (0,75) width 43: "LMNOP"
            text run at (0,90) width 40: "QRSTU"
            text run at (0,105) width 45: "VWXYZ"
            text run at (45,105) width 0: " "
            text run at (0,120) width 43: "abcdefgh"
            text run at (0,135) width 42: "ijklmnop"
            text run at (0,150) width 30: "qrstuv"
    layer at (3,336) size 141x36 clip at (4,337) size 139x34 scrollHeight 64
      RenderTextControl {TEXTAREA} at (3,33) size 141x36 [bgcolor=#FFFFFF] [border: (1px solid #000000)]
        RenderBlock {DIV} at (3,3) size 135x60
          RenderText {#text} at (0,0) size 127x59
            text run at (0,0) width 94: "Lorem ipsum  dolor"
            text run at (94,0) width 3: " "
            text run at (0,15) width 127: "ABCDEFGHIJKLMNOP"
            text run at (0,30) width 85: "QRSTUVWXYZ"
            text run at (85,30) width 3: " "
            text run at (0,45) width 115: "abcdefghijklmnopqrstuv"
    layer at (150,321) size 141x51 clip at (151,322) size 124x34 scrollHeight 64
      RenderTextControl {TEXTAREA} at (3,33) size 141x51 [bgcolor=#FFFFFF] [border: (1px solid #000000)]
        RenderBlock {DIV} at (3,3) size 120x60
          RenderText {#text} at (0,0) size 120x59
            text run at (0,0) width 94: "Lorem ipsum  dolor"
            text run at (94,0) width 3: " "
            text run at (0,15) width 120: "ABCDEFGHIJKLMNO"
            text run at (0,30) width 92: "PQRSTUVWXYZ"
            text run at (92,30) width 3: " "
            text run at (0,45) width 115: "abcdefghijklmnopqrstuv"
    layer at (295,308) size 66x66 clip at (296,309) size 64x64 scrollHeight 124
      RenderTextControl {TEXTAREA} at (1,61) size 66x66 [bgcolor=#FFFFFF] [border: (1px solid #000000)]
        RenderBlock {DIV} at (3,3) size 60x120
          RenderText {#text} at (0,0) size 60x119
            text run at (0,0) width 31: "Lorem"
            text run at (31,0) width 3: " "
            text run at (0,15) width 60: "ipsum  dolor"
            text run at (60,15) width 0: " "
            text run at (0,30) width 57: "ABCDEFG"
            text run at (0,45) width 54: "HIJKLMN"
            text run at (0,60) width 56: "OPQRSTU"
            text run at (0,75) width 45: "VWXYZ"
            text run at (45,75) width 3: " "
            text run at (0,90) width 58: "abcdefghijkl"
            text run at (0,105) width 57: "mnopqrstuv"
    layer at (377,308) size 66x66 clip at (378,309) size 49x49 scrollHeight 169
      RenderTextControl {TEXTAREA} at (1,61) size 66x66 [bgcolor=#FFFFFF] [border: (1px solid #000000)]
        RenderBlock {DIV} at (3,3) size 45x165
          RenderText {#text} at (0,0) size 45x164
            text run at (0,0) width 31: "Lorem"
            text run at (31,0) width 3: " "
            text run at (0,15) width 29: "ipsum"
            text run at (29,15) width 6: "  "
            text run at (0,30) width 25: "dolor"
            text run at (25,30) width 3: " "
            text run at (0,45) width 41: "ABCDE"
            text run at (0,60) width 43: "FGHIJK"
            text run at (0,75) width 43: "LMNOP"
            text run at (0,90) width 40: "QRSTU"
            text run at (0,105) width 45: "VWXYZ"
            text run at (45,105) width 0: " "
            text run at (0,120) width 43: "abcdefgh"
            text run at (0,135) width 42: "ijklmnop"
            text run at (0,150) width 30: "qrstuv"
    layer at (459,308) size 66x66 clip at (460,309) size 49x64 scrollHeight 169
      RenderTextControl {TEXTAREA} at (1,46) size 66x66 [bgcolor=#FFFFFF] [border: (1px solid #000000)]
        RenderBlock {DIV} at (3,3) size 45x165
          RenderText {#text} at (0,0) size 45x164
            text run at (0,0) width 31: "Lorem"
            text run at (31,0) width 3: " "
            text run at (0,15) width 29: "ipsum"
            text run at (29,15) width 6: "  "
            text run at (0,30) width 25: "dolor"
            text run at (25,30) width 3: " "
            text run at (0,45) width 41: "ABCDE"
            text run at (0,60) width 43: "FGHIJK"
            text run at (0,75) width 43: "LMNOP"
            text run at (0,90) width 40: "QRSTU"
            text run at (0,105) width 45: "VWXYZ"
            text run at (45,105) width 0: " "
            text run at (0,120) width 43: "abcdefgh"
            text run at (0,135) width 42: "ijklmnop"
            text run at (0,150) width 30: "qrstuv"
    layer at (541,308) size 66x66 clip at (542,309) size 49x64 scrollHeight 169
      RenderTextControl {TEXTAREA} at (1,46) size 66x66 [bgcolor=#FFFFFF] [border: (1px solid #000000)]
        RenderBlock {DIV} at (3,3) size 45x165
          RenderText {#text} at (0,0) size 45x164
            text run at (0,0) width 31: "Lorem"
            text run at (31,0) width 3: " "
            text run at (0,15) width 29: "ipsum"
            text run at (29,15) width 6: "  "
            text run at (0,30) width 25: "dolor"
            text run at (25,30) width 3: " "
            text run at (0,45) width 41: "ABCDE"
            text run at (0,60) width 43: "FGHIJK"
            text run at (0,75) width 43: "LMNOP"
            text run at (0,90) width 40: "QRSTU"
            text run at (0,105) width 45: "VWXYZ"
            text run at (45,105) width 0: " "
            text run at (0,120) width 43: "abcdefgh"
            text run at (0,135) width 42: "ijklmnop"
            text run at (0,150) width 30: "qrstuv"
    layer at (623,308) size 66x66 clip at (624,309) size 49x64 scrollHeight 169
      RenderTextControl {TEXTAREA} at (1,61) size 66x66 [bgcolor=#FFFFFF] [border: (1px solid #000000)]
        RenderBlock {DIV} at (3,3) size 45x165
          RenderText {#text} at (0,0) size 45x164
            text run at (0,0) width 31: "Lorem"
            text run at (31,0) width 3: " "
            text run at (0,15) width 29: "ipsum"
            text run at (29,15) width 6: "  "
            text run at (0,30) width 25: "dolor"
            text run at (25,30) width 3: " "
            text run at (0,45) width 41: "ABCDE"
            text run at (0,60) width 43: "FGHIJK"
            text run at (0,75) width 43: "LMNOP"
            text run at (0,90) width 40: "QRSTU"
            text run at (0,105) width 45: "VWXYZ"
            text run at (45,105) width 0: " "
            text run at (0,120) width 43: "abcdefgh"
            text run at (0,135) width 42: "ijklmnop"
            text run at (0,150) width 30: "qrstuv"
    layer at (3,472) size 39x36 clip at (4,473) size 22x34 scrollHeight 409
      RenderTextControl {TEXTAREA} at (3,18) size 39x36 [bgcolor=#FFFFFF] [border: (1px solid #000000)]
        RenderBlock {DIV} at (3,3) size 18x405
          RenderText {#text} at (0,0) size 18x404
            text run at (0,0) width 17: "Lor"
            text run at (0,15) width 14: "em"
            text run at (14,15) width 3: " "
            text run at (0,30) width 14: "ips"
            text run at (0,45) width 15: "um"
            text run at (15,45) width 3: "  "
            text run at (0,60) width 15: "dol"
            text run at (0,75) width 10: "or"
            text run at (10,75) width 3: " "
            text run at (0,90) width 17: "AB"
            text run at (0,105) width 17: "CD"
            text run at (0,120) width 14: "EF"
            text run at (0,135) width 18: "GH"
            text run at (0,150) width 18: "IJK"
            text run at (0,165) width 18: "LM"
            text run at (0,180) width 18: "NO"
            text run at (0,195) width 16: "PQ"
            text run at (0,210) width 15: "RS"
            text run at (0,225) width 16: "TU"
            text run at (0,240) width 9: "V"
            text run at (0,255) width 11: "W"
            text run at (0,270) width 18: "XY"
            text run at (0,285) width 7: "Z"
            text run at (7,285) width 3: " "
            text run at (0,300) width 16: "abc"
            text run at (0,315) width 15: "def"
            text run at (0,330) width 18: "ghij"
            text run at (0,345) width 18: "klm"
            text run at (0,360) width 18: "nop"
            text run at (0,375) width 18: "qrst"
            text run at (0,390) width 12: "uv"
    layer at (85,457) size 141x51 clip at (86,458) size 124x49 scrollHeight 64
      RenderTextControl {TEXTAREA} at (3,18) size 141x51 [bgcolor=#FFFFFF] [border: (1px solid #000000)]
        RenderBlock {DIV} at (3,3) size 120x60
          RenderText {#text} at (0,0) size 120x59
            text run at (0,0) width 94: "Lorem ipsum  dolor"
            text run at (94,0) width 3: " "
            text run at (0,15) width 120: "ABCDEFGHIJKLMNO"
            text run at (0,30) width 92: "PQRSTUVWXYZ"
            text run at (92,30) width 3: " "
            text run at (0,45) width 115: "abcdefghijklmnopqrstuv"
    layer at (232,472) size 63x36 clip at (233,473) size 46x34 scrollHeight 184
      RenderTextControl {TEXTAREA} at (3,18) size 63x36 [bgcolor=#FFFFFF] [border: (1px solid #000000)]
        RenderBlock {DIV} at (3,3) size 42x180
          RenderText {#text} at (0,0) size 42x179
            text run at (0,0) width 31: "Lorem"
            text run at (31,0) width 3: " "
            text run at (0,15) width 29: "ipsum"
            text run at (29,15) width 6: "  "
            text run at (0,30) width 25: "dolor"
            text run at (25,30) width 3: " "
            text run at (0,45) width 41: "ABCDE"
            text run at (0,60) width 34: "FGHIJ"
            text run at (0,75) width 36: "KLMN"
            text run at (0,90) width 40: "OPQRS"
            text run at (0,105) width 36: "TUVW"
            text run at (0,120) width 25: "XYZ"
            text run at (25,120) width 3: " "
            text run at (0,135) width 37: "abcdefg"
            text run at (0,150) width 42: "hijklmno"
            text run at (0,165) width 36: "pqrstuv"
    layer at (314,397) size 141x111 clip at (315,398) size 139x109
      RenderTextControl {TEXTAREA} at (3,18) size 141x111 [bgcolor=#FFFFFF] [border: (1px solid #000000)]
        RenderBlock {DIV} at (3,3) size 135x60
          RenderText {#text} at (0,0) size 127x59
            text run at (0,0) width 94: "Lorem ipsum  dolor"
            text run at (94,0) width 3: " "
            text run at (0,15) width 127: "ABCDEFGHIJKLMNOP"
            text run at (0,30) width 85: "QRSTUVWXYZ"
            text run at (85,30) width 3: " "
            text run at (0,45) width 115: "abcdefghijklmnopqrstuv"
    layer at (461,442) size 51x66 clip at (462,443) size 34x64 scrollHeight 259
      RenderTextControl {TEXTAREA} at (3,33) size 51x66 [bgcolor=#FFFFFF] [border: (1px solid #000000)]
        RenderBlock {DIV} at (3,3) size 30x255
          RenderText {#text} at (0,0) size 30x254
            text run at (0,0) width 22: "Lore"
            text run at (0,15) width 9: "m"
            text run at (9,15) width 3: " "
            text run at (0,30) width 29: "ipsum"
            text run at (29,30) width 1: "  "
            text run at (0,45) width 25: "dolor"
            text run at (25,45) width 3: " "
            text run at (0,60) width 25: "ABC"
            text run at (0,75) width 23: "DEF"
            text run at (0,90) width 27: "GHIJ"
            text run at (0,105) width 27: "KLM"
            text run at (0,120) width 25: "NOP"
            text run at (0,135) width 24: "QRS"
            text run at (0,150) width 25: "TUV"
            text run at (0,165) width 29: "WXY"
            text run at (0,180) width 7: "Z"
            text run at (7,180) width 3: " "
            text run at (0,195) width 27: "abcde"
            text run at (0,210) width 28: "fghijk"
            text run at (0,225) width 30: "lmnop"
            text run at (0,240) width 30: "qrstuv"
    layer at (543,457) size 141x51 clip at (544,458) size 139x34 scrollWidth 429
      RenderTextControl {TEXTAREA} at (3,18) size 141x51 [bgcolor=#FFFFFF] [border: (1px solid #000000)]
        RenderBlock {DIV} at (3,3) size 135x15
          RenderText {#text} at (0,0) size 427x14
            text run at (0,0) width 427: "Lorem ipsum  dolor ABCDEFGHIJKLMNOPQRSTUVWXYZ abcdefghijklmnopqrstuv"
    layer at (3,548) size 141x36 clip at (4,549) size 124x34 scrollHeight 64
      RenderTextControl {TEXTAREA} at (3,18) size 141x36 [bgcolor=#FFFFFF] [border: (1px solid #000000)]
        RenderBlock {DIV} at (3,3) size 120x60
          RenderText {#text} at (0,0) size 120x59
            text run at (0,0) width 94: "Lorem ipsum  dolor"
            text run at (94,0) width 3: " "
            text run at (0,15) width 120: "ABCDEFGHIJKLMNO"
            text run at (0,30) width 92: "PQRSTUVWXYZ"
            text run at (92,30) width 3: " "
            text run at (0,45) width 115: "abcdefghijklmnopqrstuv"
    layer at (150,548) size 141x36 clip at (151,549) size 124x34 scrollHeight 64
      RenderTextControl {TEXTAREA} at (3,18) size 141x36 [bgcolor=#FFFFFF] [border: (1px solid #000000)]
        RenderBlock {DIV} at (3,3) size 120x60
          RenderText {#text} at (0,0) size 120x59
            text run at (0,0) width 94: "Lorem ipsum  dolor"
            text run at (94,0) width 3: " "
            text run at (0,15) width 120: "ABCDEFGHIJKLMNO"
            text run at (0,30) width 92: "PQRSTUVWXYZ"
            text run at (92,30) width 3: " "
            text run at (0,45) width 115: "abcdefghijklmnopqrstuv"
    layer at (297,548) size 141x36 clip at (298,549) size 124x34 scrollHeight 64
      RenderTextControl {TEXTAREA} at (3,33) size 141x36 [bgcolor=#FFFFFF] [border: (1px solid #000000)]
        RenderBlock {DIV} at (3,3) size 120x60
          RenderText {#text} at (0,0) size 120x59
            text run at (0,0) width 66: "Lorem ipsum "
            text run at (66,0) width 25: "dolor"
            text run at (0,15) width 120: "ABCDEFGHIJKLMNO"
            text run at (0,30) width 92: "PQRSTUVWXYZ"
            text run at (0,45) width 115: "abcdefghijklmnopqrstuv"
    layer at (444,548) size 141x36 clip at (445,549) size 139x19 scrollWidth 429
      RenderTextControl {TEXTAREA} at (3,33) size 141x36 [bgcolor=#FFFFFF] [border: (1px solid #000000)]
        RenderBlock {DIV} at (3,3) size 135x15
          RenderText {#text} at (0,0) size 427x14
            text run at (0,0) width 427: "Lorem ipsum  dolor ABCDEFGHIJKLMNOPQRSTUVWXYZ abcdefghijklmnopqrstuv"
    layer at (591,548) size 141x36 clip at (592,549) size 124x34 scrollHeight 64
      RenderTextControl {TEXTAREA} at (3,33) size 141x36 [bgcolor=#FFFFFF] [border: (1px solid #000000)]
        RenderBlock {DIV} at (3,3) size 120x60
          RenderText {#text} at (0,0) size 120x59
            text run at (0,0) width 94: "Lorem ipsum  dolor"
            text run at (94,0) width 3: " "
            text run at (0,15) width 120: "ABCDEFGHIJKLMNO"
            text run at (0,30) width 92: "PQRSTUVWXYZ"
            text run at (92,30) width 3: " "
            text run at (0,45) width 115: "abcdefghijklmnopqrstuv"
    layer at (3,654) size 141x36 clip at (4,655) size 139x19 scrollWidth 426
      RenderTextControl {TEXTAREA} at (3,33) size 141x36 [bgcolor=#FFFFFF] [border: (1px solid #000000)]
        RenderBlock {DIV} at (3,3) size 135x15
          RenderText {#text} at (0,0) size 424x14
            text run at (0,0) width 66: "Lorem ipsum "
            text run at (66,0) width 358: "dolor ABCDEFGHIJKLMNOPQRSTUVWXYZ abcdefghijklmnopqrstuv"
    layer at (150,654) size 141x36 clip at (151,655) size 124x34 scrollHeight 64
      RenderTextControl {TEXTAREA} at (3,33) size 141x36 [bgcolor=#FFFFFF] [border: (1px solid #000000)]
        RenderBlock {DIV} at (3,3) size 120x60
          RenderText {#text} at (0,0) size 120x59
            text run at (0,0) width 66: "Lorem ipsum "
            text run at (66,0) width 25: "dolor"
            text run at (0,15) width 120: "ABCDEFGHIJKLMNO"
            text run at (0,30) width 92: "PQRSTUVWXYZ"
            text run at (0,45) width 115: "abcdefghijklmnopqrstuv"
    layer at (297,639) size 141x51 clip at (298,640) size 124x34 scrollWidth 214 scrollHeight 49
      RenderTextControl {TEXTAREA} at (3,33) size 141x51 [bgcolor=#FFFFFF] [border: (1px solid #000000)]
        RenderBlock {DIV} at (3,3) size 135x45
          RenderText {#text} at (0,0) size 212x44
            text run at (0,0) width 94: "Lorem ipsum  dolor"
            text run at (94,0) width 3: " "
            text run at (0,15) width 212: "ABCDEFGHIJKLMNOPQRSTUVWXYZ"
            text run at (0,30) width 118: " abcdefghijklmnopqrstuv"
    layer at (444,639) size 141x51 clip at (445,640) size 124x34 scrollWidth 214 scrollHeight 49
      RenderTextControl {TEXTAREA} at (3,48) size 141x51 [bgcolor=#FFFFFF] [border: (1px solid #000000)]
        RenderBlock {DIV} at (3,3) size 135x45
          RenderText {#text} at (0,0) size 212x44
            text run at (0,0) width 94: "Lorem ipsum  dolor"
            text run at (94,0) width 3: " "
            text run at (0,15) width 212: "ABCDEFGHIJKLMNOPQRSTUVWXYZ"
            text run at (0,30) width 118: " abcdefghijklmnopqrstuv"
layer at (0,697) size 785x667
  RenderIFrame {IFRAME} at (0,697) size 785x667
    layer at (0,0) size 785x667
      RenderView at (0,0) size 785x667
    layer at (0,0) size 785x667
      RenderBlock {HTML} at (0,0) size 785x667
        RenderBody {BODY} at (0,5) size 785x662
          RenderBlock {DIV} at (0,0) size 785x18
            RenderText {#text} at (0,0) size 193x17
              text run at (0,0) width 193: "CompatMode: BackCompat"
          RenderBlock (anonymous) at (0,23) size 785x639
            RenderBlock {DIV} at (0,46) size 147x42 [border: (1px solid #0000FF)]
              RenderBlock {SPAN} at (1,1) size 80x0
              RenderBR {BR} at (81,-10) size 0x14
            RenderBlock {DIV} at (147,31) size 147x57 [border: (1px solid #0000FF)]
              RenderBlock {SPAN} at (1,1) size 80x15
                RenderText {#text} at (0,0) size 76x14
                  text run at (0,0) width 76: "disabled: \"true\","
              RenderBR {BR} at (81,1) size 0x14
            RenderBlock {DIV} at (294,0) size 163x88 [border: (1px solid #0000FF)]
              RenderBlock {SPAN} at (1,1) size 80x30
                RenderText {#text} at (0,0) size 78x29
                  text run at (0,0) width 25: "style:"
                  text run at (0,15) width 78: "\"padding:10px\","
              RenderBR {BR} at (81,16) size 0x14
            RenderBlock {DIV} at (457,20) size 143x68 [border: (1px solid #0000FF)]
              RenderBlock {SPAN} at (1,1) size 80x30
                RenderText {#text} at (0,0) size 72x29
                  text run at (0,0) width 25: "style:"
                  text run at (0,15) width 72: "\"padding:0px\","
              RenderBR {BR} at (81,16) size 0x14
            RenderBlock {DIV} at (600,0) size 163x88 [border: (1px solid #0000FF)]
              RenderBlock {SPAN} at (1,1) size 80x30
                RenderText {#text} at (0,0) size 73x29
                  text run at (0,0) width 25: "style:"
                  text run at (0,15) width 73: "\"margin:10px\","
              RenderBR {BR} at (81,16) size 0x14
            RenderBlock {DIV} at (0,143) size 143x68 [border: (1px solid #0000FF)]
              RenderBlock {SPAN} at (1,1) size 80x30
                RenderText {#text} at (0,0) size 67x29
                  text run at (0,0) width 25: "style:"
                  text run at (0,15) width 67: "\"margin:0px\","
              RenderBR {BR} at (81,16) size 0x14
            RenderBlock {DIV} at (143,139) size 82x72 [border: (1px solid #0000FF)]
              RenderBlock {SPAN} at (1,1) size 80x30
                RenderText {#text} at (0,0) size 67x29
                  text run at (0,0) width 25: "style:"
                  text run at (0,15) width 67: "\"width:60px\","
              RenderBR {BR} at (81,16) size 0x14
            RenderBlock {DIV} at (225,88) size 82x123 [border: (1px solid #0000FF)]
              RenderBlock {SPAN} at (1,1) size 80x45
                RenderText {#text} at (0,0) size 73x44
                  text run at (0,0) width 25: "style:"
                  text run at (0,15) width 62: "\"width:60px;"
                  text run at (0,30) width 73: "padding:20px\","
              RenderBR {BR} at (81,31) size 0x14
            RenderBlock {DIV} at (307,128) size 82x83 [border: (1px solid #0000FF)]
              RenderBlock {SPAN} at (1,1) size 80x45
                RenderText {#text} at (0,0) size 62x44
                  text run at (0,0) width 25: "style:"
                  text run at (0,15) width 62: "\"width:60px;"
                  text run at (0,30) width 55: "padding:0\","
              RenderBR {BR} at (81,31) size 0x14
            RenderBlock {DIV} at (389,119) size 147x92 [border: (1px solid #0000FF)]
              RenderBlock {SPAN} at (1,1) size 80x30
                RenderText {#text} at (0,0) size 69x29
                  text run at (0,0) width 25: "style:"
                  text run at (0,15) width 69: "\"height:60px\","
              RenderBR {BR} at (81,16) size 0x14
            RenderBlock {DIV} at (536,104) size 82x107 [border: (1px solid #0000FF)]
              RenderBlock {SPAN} at (1,1) size 80x45
                RenderText {#text} at (0,0) size 64x44
                  text run at (0,0) width 25: "style:"
                  text run at (0,15) width 62: "\"width:60px;"
                  text run at (0,30) width 64: "height:60px\","
              RenderBR {BR} at (81,31) size 0x14
            RenderBlock {DIV} at (618,139) size 147x72 [border: (1px solid #0000FF)]
              RenderBlock {SPAN} at (1,1) size 80x30
                RenderText {#text} at (0,0) size 91x29
                  text run at (0,0) width 25: "style:"
                  text run at (0,15) width 91: "\"overflow:hidden\","
              RenderBR {BR} at (81,16) size 0x14
            RenderBlock {DIV} at (0,246) size 147x87 [border: (1px solid #0000FF)]
              RenderBlock {SPAN} at (1,1) size 80x30
                RenderText {#text} at (0,0) size 85x29
                  text run at (0,0) width 25: "style:"
                  text run at (0,15) width 85: "\"overflow:scroll\","
              RenderBR {BR} at (81,16) size 0x14
            RenderBlock {DIV} at (147,211) size 82x122 [border: (1px solid #0000FF)]
              RenderBlock {SPAN} at (1,1) size 80x60
                RenderText {#text} at (0,0) size 86x59
                  text run at (0,0) width 25: "style:"
                  text run at (0,15) width 86: "\"overflow:hidden;"
                  text run at (0,30) width 57: "width:60px;"
                  text run at (0,45) width 64: "height:60px\","
              RenderBR {BR} at (81,46) size 0x14
            RenderBlock {DIV} at (229,211) size 82x122 [border: (1px solid #0000FF)]
              RenderBlock {SPAN} at (1,1) size 80x60
                RenderText {#text} at (0,0) size 80x59
                  text run at (0,0) width 25: "style:"
                  text run at (0,15) width 80: "\"overflow:scroll;"
                  text run at (0,30) width 57: "width:60px;"
                  text run at (0,45) width 64: "height:60px\","
              RenderBR {BR} at (81,46) size 0x14
            RenderBlock {DIV} at (311,226) size 82x107 [border: (1px solid #0000FF)]
              RenderBlock {SPAN} at (1,1) size 80x45
                RenderText {#text} at (0,0) size 72x44
                  text run at (0,0) width 72: "cols: \"5\", style:"
                  text run at (0,15) width 62: "\"width:60px;"
                  text run at (0,30) width 64: "height:60px\","
              RenderBR {BR} at (81,31) size 0x14
            RenderBlock {DIV} at (393,226) size 82x107 [border: (1px solid #0000FF)]
              RenderBlock {SPAN} at (1,1) size 80x45
                RenderText {#text} at (0,0) size 77x44
                  text run at (0,0) width 77: "rows: \"4\", style:"
                  text run at (0,15) width 62: "\"width:60px;"
                  text run at (0,30) width 64: "height:60px\","
              RenderBR {BR} at (81,31) size 0x14
            RenderBlock {DIV} at (475,211) size 82x122 [border: (1px solid #0000FF)]
              RenderBlock {SPAN} at (1,1) size 80x60
                RenderText {#text} at (0,0) size 74x59
                  text run at (0,0) width 74: "cols: \"5\", rows:"
                  text run at (0,15) width 47: "\"4\", style:"
                  text run at (0,30) width 62: "\"width:60px;"
                  text run at (0,45) width 64: "height:60px\","
              RenderBR {BR} at (81,46) size 0x14
            RenderBlock {DIV} at (557,276) size 82x57 [border: (1px solid #0000FF)]
              RenderBlock {SPAN} at (1,1) size 80x15
                RenderText {#text} at (0,0) size 44x14
                  text run at (0,0) width 44: "cols: \"3\","
              RenderBR {BR} at (81,1) size 0x14
            RenderBlock {DIV} at (0,393) size 147x72 [border: (1px solid #0000FF)]
              RenderBlock {SPAN} at (1,1) size 80x15
                RenderText {#text} at (0,0) size 49x14
                  text run at (0,0) width 49: "rows: \"3\","
              RenderBR {BR} at (81,1) size 0x14
            RenderBlock {DIV} at (147,408) size 82x57 [border: (1px solid #0000FF)]
              RenderBlock {SPAN} at (1,1) size 80x15
                RenderText {#text} at (0,0) size 44x14
                  text run at (0,0) width 44: "cols: \"7\","
              RenderBR {BR} at (81,1) size 0x14
            RenderBlock {DIV} at (229,333) size 147x132 [border: (1px solid #0000FF)]
              RenderBlock {SPAN} at (1,1) size 80x15
                RenderText {#text} at (0,0) size 49x14
                  text run at (0,0) width 49: "rows: \"7\","
              RenderBR {BR} at (81,1) size 0x14
            RenderBlock {DIV} at (376,363) size 82x102 [border: (1px solid #0000FF)]
              RenderBlock {SPAN} at (1,1) size 80x30
                RenderText {#text} at (0,0) size 74x29
                  text run at (0,0) width 74: "cols: \"5\", rows:"
                  text run at (0,15) width 19: "\"4\","
              RenderBR {BR} at (81,16) size 0x14
            RenderBlock {DIV} at (458,393) size 147x72 [border: (1px solid #0000FF)]
              RenderBlock {SPAN} at (1,1) size 80x15
                RenderText {#text} at (0,0) size 57x14
                  text run at (0,0) width 57: "wrap: \"off\","
              RenderBR {BR} at (81,1) size 0x14
            RenderBlock {DIV} at (605,408) size 147x57 [border: (1px solid #0000FF)]
              RenderBlock {SPAN} at (1,1) size 80x15
                RenderText {#text} at (0,0) size 64x14
                  text run at (0,0) width 64: "wrap: \"hard\","
              RenderBR {BR} at (81,1) size 0x14
            RenderBlock {DIV} at (0,480) size 147x57 [border: (1px solid #0000FF)]
              RenderBlock {SPAN} at (1,1) size 80x15
                RenderText {#text} at (0,0) size 61x14
                  text run at (0,0) width 61: "wrap: \"soft\","
              RenderBR {BR} at (81,1) size 0x14
            RenderBlock {DIV} at (147,465) size 147x72 [border: (1px solid #0000FF)]
              RenderBlock {SPAN} at (1,1) size 80x30
                RenderText {#text} at (0,0) size 70x29
                  text run at (0,0) width 63: "style: \"white-"
                  text run at (0,15) width 70: "space:normal\","
              RenderBR {BR} at (81,16) size 0x14
            RenderBlock {DIV} at (294,465) size 147x72 [border: (1px solid #0000FF)]
              RenderBlock {SPAN} at (1,1) size 80x30
                RenderText {#text} at (0,0) size 63x29
                  text run at (0,0) width 63: "style: \"white-"
                  text run at (0,15) width 52: "space:pre\","
              RenderBR {BR} at (81,16) size 0x14
            RenderBlock {DIV} at (441,465) size 147x72 [border: (1px solid #0000FF)]
              RenderBlock {SPAN} at (1,1) size 80x30
                RenderText {#text} at (0,0) size 76x29
                  text run at (0,0) width 63: "style: \"white-"
                  text run at (0,15) width 76: "space:prewrap\","
              RenderBR {BR} at (81,16) size 0x14
            RenderBlock {DIV} at (588,465) size 147x72 [border: (1px solid #0000FF)]
              RenderBlock {SPAN} at (1,1) size 80x30
                RenderText {#text} at (0,0) size 73x29
                  text run at (0,0) width 63: "style: \"white-"
                  text run at (0,15) width 73: "space:nowrap\","
              RenderBR {BR} at (81,16) size 0x14
            RenderBlock {DIV} at (0,567) size 147x72 [border: (1px solid #0000FF)]
              RenderBlock {SPAN} at (1,1) size 80x30
                RenderText {#text} at (0,0) size 73x29
                  text run at (0,0) width 63: "style: \"white-"
                  text run at (0,15) width 73: "space:pre-line\","
              RenderBR {BR} at (81,16) size 0x14
            RenderBlock {DIV} at (147,552) size 147x87 [border: (1px solid #0000FF)]
              RenderBlock {SPAN} at (1,1) size 80x30
                RenderText {#text} at (0,0) size 68x29
                  text run at (0,0) width 62: "style: \"word-"
                  text run at (0,15) width 68: "wrap:normal\","
              RenderBR {BR} at (81,16) size 0x14
            RenderBlock {DIV} at (294,537) size 147x102 [border: (1px solid #0000FF)]
              RenderBlock {SPAN} at (1,1) size 80x45
                RenderText {#text} at (0,0) size 80x44
                  text run at (0,0) width 57: "wrap: \"off\","
                  text run at (0,15) width 63: "style: \"white-"
                  text run at (0,30) width 80: "space:pre-wrap\","
              RenderBR {BR} at (81,31) size 0x14
    layer at (3,77) size 141x36 clip at (4,78) size 139x34
      RenderTextControl {TEXTAREA} at (3,3) size 141x36 [bgcolor=#FFFFFF] [border: (1px solid #000000)]
        RenderBlock {DIV} at (3,3) size 135x15
          RenderText {#text} at (0,0) size 91x14
            text run at (0,0) width 91: "Lorem ipsum dolor"
    layer at (150,77) size 141x36 clip at (151,78) size 124x34 scrollHeight 64
      RenderTextControl {TEXTAREA} at (3,18) size 141x36 [bgcolor=#FFFFFF] [border: (1px solid #000000)]
        RenderBlock {DIV} at (3,3) size 120x60 [color=#545454]
          RenderText {#text} at (0,0) size 120x59
            text run at (0,0) width 94: "Lorem ipsum  dolor"
            text run at (94,0) width 3: " "
            text run at (0,15) width 120: "ABCDEFGHIJKLMNO"
            text run at (0,30) width 92: "PQRSTUVWXYZ"
            text run at (92,30) width 3: " "
            text run at (0,45) width 115: "abcdefghijklmnopqrstuv"
    layer at (297,61) size 157x52 clip at (298,62) size 140x50 scrollHeight 80
      RenderTextControl {TEXTAREA} at (3,33) size 157x52 [bgcolor=#FFFFFF] [border: (1px solid #000000)]
        RenderBlock {DIV} at (11,11) size 120x60
          RenderText {#text} at (0,0) size 120x59
            text run at (0,0) width 94: "Lorem ipsum  dolor"
            text run at (94,0) width 3: " "
            text run at (0,15) width 120: "ABCDEFGHIJKLMNO"
            text run at (0,30) width 92: "PQRSTUVWXYZ"
            text run at (92,30) width 3: " "
            text run at (0,45) width 115: "abcdefghijklmnopqrstuv"
    layer at (460,81) size 137x32 clip at (461,82) size 120x30 scrollHeight 60
      RenderTextControl {TEXTAREA} at (3,33) size 137x32 [bgcolor=#FFFFFF] [border: (1px solid #000000)]
        RenderBlock {DIV} at (1,1) size 120x60
          RenderText {#text} at (0,0) size 120x59
            text run at (0,0) width 94: "Lorem ipsum  dolor"
            text run at (94,0) width 3: " "
            text run at (0,15) width 120: "ABCDEFGHIJKLMNO"
            text run at (0,30) width 92: "PQRSTUVWXYZ"
            text run at (92,30) width 3: " "
            text run at (0,45) width 115: "abcdefghijklmnopqrstuv"
    layer at (611,69) size 141x36 clip at (612,70) size 124x34 scrollHeight 64
      RenderTextControl {TEXTAREA} at (11,41) size 141x36 [bgcolor=#FFFFFF] [border: (1px solid #000000)]
        RenderBlock {DIV} at (3,3) size 120x60
          RenderText {#text} at (0,0) size 120x59
            text run at (0,0) width 94: "Lorem ipsum  dolor"
            text run at (94,0) width 3: " "
            text run at (0,15) width 120: "ABCDEFGHIJKLMNO"
            text run at (0,30) width 92: "PQRSTUVWXYZ"
            text run at (92,30) width 3: " "
            text run at (0,45) width 115: "abcdefghijklmnopqrstuv"
    layer at (1,202) size 141x36 clip at (2,203) size 124x34 scrollHeight 64
      RenderTextControl {TEXTAREA} at (1,31) size 141x36 [bgcolor=#FFFFFF] [border: (1px solid #000000)]
        RenderBlock {DIV} at (3,3) size 120x60
          RenderText {#text} at (0,0) size 120x59
            text run at (0,0) width 94: "Lorem ipsum  dolor"
            text run at (94,0) width 3: " "
            text run at (0,15) width 120: "ABCDEFGHIJKLMNO"
            text run at (0,30) width 92: "PQRSTUVWXYZ"
            text run at (92,30) width 3: " "
            text run at (0,45) width 115: "abcdefghijklmnopqrstuv"
    layer at (144,200) size 60x36 clip at (145,201) size 43x34 scrollHeight 214
      RenderTextControl {TEXTAREA} at (1,33) size 60x36 [bgcolor=#FFFFFF] [border: (1px solid #000000)]
        RenderBlock {DIV} at (3,3) size 39x210
          RenderText {#text} at (0,0) size 38x209
            text run at (0,0) width 31: "Lorem"
            text run at (31,0) width 3: " "
            text run at (0,15) width 29: "ipsum"
            text run at (29,15) width 6: "  "
            text run at (0,30) width 25: "dolor"
            text run at (25,30) width 3: " "
            text run at (0,45) width 34: "ABCD"
            text run at (0,60) width 36: "EFGHI"
            text run at (0,75) width 32: "JKLM"
            text run at (0,90) width 34: "NOPQ"
            text run at (0,105) width 31: "RSTU"
            text run at (0,120) width 38: "VWXY"
            text run at (0,135) width 7: "Z"
            text run at (7,135) width 3: " "
            text run at (0,150) width 37: "abcdefg"
            text run at (0,165) width 36: "hijklmn"
            text run at (0,180) width 36: "opqrstu"
            text run at (0,195) width 6: "v"
    layer at (226,164) size 60x72 clip at (227,165) size 43x70 scrollHeight 1045
      RenderTextControl {TEXTAREA} at (1,48) size 60x72 [bgcolor=#FFFFFF] [border: (1px solid #000000)]
        RenderBlock {DIV} at (21,21) size 3x1005
          RenderText {#text} at (0,0) size 11x1004
            text run at (0,0) width 7: "L"
            text run at (0,15) width 6: "o"
            text run at (0,30) width 4: "r"
            text run at (0,45) width 5: "e"
            text run at (0,60) width 9: "m"
            text run at (0,75) width 3: " "
            text run at (0,90) width 3: "i"
            text run at (0,105) width 6: "p"
            text run at (0,120) width 5: "s"
            text run at (0,135) width 6: "u"
            text run at (0,150) width 9: "m"
            text run at (0,165) width 3: "  "
            text run at (0,180) width 6: "d"
            text run at (0,195) width 6: "o"
            text run at (0,210) width 3: "l"
            text run at (0,225) width 6: "o"
            text run at (0,240) width 4: "r"
            text run at (0,255) width 3: " "
            text run at (0,270) width 9: "A"
            text run at (0,285) width 8: "B"
            text run at (0,300) width 8: "C"
            text run at (0,315) width 9: "D"
            text run at (0,330) width 7: "E"
            text run at (0,345) width 7: "F"
            text run at (0,360) width 9: "G"
            text run at (0,375) width 9: "H"
            text run at (0,390) width 4: "I"
            text run at (0,405) width 5: "J"
            text run at (0,420) width 9: "K"
            text run at (0,435) width 7: "L"
            text run at (0,450) width 11: "M"
            text run at (0,465) width 9: "N"
            text run at (0,480) width 9: "O"
            text run at (0,495) width 7: "P"
            text run at (0,510) width 9: "Q"
            text run at (0,525) width 8: "R"
            text run at (0,540) width 7: "S"
            text run at (0,555) width 7: "T"
            text run at (0,570) width 9: "U"
            text run at (0,585) width 9: "V"
            text run at (0,600) width 11: "W"
            text run at (0,615) width 9: "X"
            text run at (0,630) width 9: "Y"
            text run at (0,645) width 7: "Z"
            text run at (0,660) width 3: " "
            text run at (0,675) width 5: "a"
            text run at (0,690) width 6: "b"
            text run at (0,705) width 5: "c"
            text run at (0,720) width 6: "d"
            text run at (0,735) width 5: "e"
            text run at (0,750) width 4: "f"
            text run at (0,765) width 6: "g"
            text run at (0,780) width 6: "h"
            text run at (0,795) width 3: "i"
            text run at (0,810) width 3: "j"
            text run at (0,825) width 6: "k"
            text run at (0,840) width 3: "l"
            text run at (0,855) width 9: "m"
            text run at (0,870) width 6: "n"
            text run at (0,885) width 6: "o"
            text run at (0,900) width 6: "p"
            text run at (0,915) width 6: "q"
            text run at (0,930) width 4: "r"
            text run at (0,945) width 5: "s"
            text run at (0,960) width 3: "t"
            text run at (0,975) width 6: "u"
            text run at (0,990) width 6: "v"
    layer at (308,204) size 60x32 clip at (309,205) size 43x30 scrollHeight 180
      RenderTextControl {TEXTAREA} at (1,48) size 60x32 [bgcolor=#FFFFFF] [border: (1px solid #000000)]
        RenderBlock {DIV} at (1,1) size 43x180
          RenderText {#text} at (0,0) size 43x179
            text run at (0,0) width 31: "Lorem"
            text run at (31,0) width 3: " "
            text run at (0,15) width 29: "ipsum"
            text run at (29,15) width 6: "  "
            text run at (0,30) width 25: "dolor"
            text run at (25,30) width 3: " "
            text run at (0,45) width 41: "ABCDE"
            text run at (0,60) width 43: "FGHIJK"
            text run at (0,75) width 43: "LMNOP"
            text run at (0,90) width 40: "QRSTU"
            text run at (0,105) width 38: "VWXY"
            text run at (0,120) width 7: "Z"
            text run at (7,120) width 3: " "
            text run at (0,135) width 43: "abcdefgh"
            text run at (0,150) width 42: "ijklmnop"
            text run at (0,165) width 30: "qrstuv"
    layer at (392,178) size 141x60 clip at (393,179) size 124x58 scrollHeight 64
      RenderTextControl {TEXTAREA} at (3,31) size 141x60 [bgcolor=#FFFFFF] [border: (1px solid #000000)]
        RenderBlock {DIV} at (3,3) size 120x60
          RenderText {#text} at (0,0) size 120x59
            text run at (0,0) width 94: "Lorem ipsum  dolor"
            text run at (94,0) width 3: " "
            text run at (0,15) width 120: "ABCDEFGHIJKLMNO"
            text run at (0,30) width 92: "PQRSTUVWXYZ"
            text run at (92,30) width 3: " "
            text run at (0,45) width 115: "abcdefghijklmnopqrstuv"
    layer at (537,178) size 60x60 clip at (538,179) size 43x58 scrollHeight 214
      RenderTextControl {TEXTAREA} at (1,46) size 60x60 [bgcolor=#FFFFFF] [border: (1px solid #000000)]
        RenderBlock {DIV} at (3,3) size 39x210
          RenderText {#text} at (0,0) size 38x209
            text run at (0,0) width 31: "Lorem"
            text run at (31,0) width 3: " "
            text run at (0,15) width 29: "ipsum"
            text run at (29,15) width 6: "  "
            text run at (0,30) width 25: "dolor"
            text run at (25,30) width 3: " "
            text run at (0,45) width 34: "ABCD"
            text run at (0,60) width 36: "EFGHI"
            text run at (0,75) width 32: "JKLM"
            text run at (0,90) width 34: "NOPQ"
            text run at (0,105) width 31: "RSTU"
            text run at (0,120) width 38: "VWXY"
            text run at (0,135) width 7: "Z"
            text run at (7,135) width 3: " "
            text run at (0,150) width 37: "abcdefg"
            text run at (0,165) width 36: "hijklmn"
            text run at (0,180) width 36: "opqrstu"
            text run at (0,195) width 6: "v"
    layer at (621,200) size 141x36 clip at (622,201) size 139x34 scrollHeight 64
      RenderTextControl {TEXTAREA} at (3,33) size 141x36 [bgcolor=#FFFFFF] [border: (1px solid #000000)]
        RenderBlock {DIV} at (3,3) size 135x60
          RenderText {#text} at (0,0) size 127x59
            text run at (0,0) width 94: "Lorem ipsum  dolor"
            text run at (94,0) width 3: " "
            text run at (0,15) width 127: "ABCDEFGHIJKLMNOP"
            text run at (0,30) width 85: "QRSTUVWXYZ"
            text run at (85,30) width 3: " "
            text run at (0,45) width 115: "abcdefghijklmnopqrstuv"
    layer at (3,307) size 141x51 clip at (4,308) size 124x34 scrollHeight 64
      RenderTextControl {TEXTAREA} at (3,33) size 141x51 [bgcolor=#FFFFFF] [border: (1px solid #000000)]
        RenderBlock {DIV} at (3,3) size 120x60
          RenderText {#text} at (0,0) size 120x59
            text run at (0,0) width 94: "Lorem ipsum  dolor"
            text run at (94,0) width 3: " "
            text run at (0,15) width 120: "ABCDEFGHIJKLMNO"
            text run at (0,30) width 92: "PQRSTUVWXYZ"
            text run at (92,30) width 3: " "
            text run at (0,45) width 115: "abcdefghijklmnopqrstuv"
    layer at (148,300) size 60x60 clip at (149,301) size 58x58 scrollHeight 169
      RenderTextControl {TEXTAREA} at (1,61) size 60x60 [bgcolor=#FFFFFF] [border: (1px solid #000000)]
        RenderBlock {DIV} at (3,3) size 54x165
          RenderText {#text} at (0,0) size 54x164
            text run at (0,0) width 31: "Lorem"
            text run at (31,0) width 3: " "
            text run at (0,15) width 29: "ipsum"
            text run at (29,15) width 6: "  "
            text run at (0,30) width 25: "dolor"
            text run at (25,30) width 3: " "
            text run at (0,45) width 48: "ABCDEF"
            text run at (0,60) width 54: "GHIJKLM"
            text run at (0,75) width 49: "NOPQRS"
            text run at (0,90) width 54: "TUVWXY"
            text run at (0,105) width 7: "Z"
            text run at (7,105) width 3: " "
            text run at (0,120) width 49: "abcdefghij"
            text run at (0,135) width 54: "klmnopqrst"
            text run at (0,150) width 12: "uv"
    layer at (230,300) size 60x60 clip at (231,301) size 43x43 scrollHeight 214
      RenderTextControl {TEXTAREA} at (1,61) size 60x60 [bgcolor=#FFFFFF] [border: (1px solid #000000)]
        RenderBlock {DIV} at (3,3) size 39x210
          RenderText {#text} at (0,0) size 38x209
            text run at (0,0) width 31: "Lorem"
            text run at (31,0) width 3: " "
            text run at (0,15) width 29: "ipsum"
            text run at (29,15) width 6: "  "
            text run at (0,30) width 25: "dolor"
            text run at (25,30) width 3: " "
            text run at (0,45) width 34: "ABCD"
            text run at (0,60) width 36: "EFGHI"
            text run at (0,75) width 32: "JKLM"
            text run at (0,90) width 34: "NOPQ"
            text run at (0,105) width 31: "RSTU"
            text run at (0,120) width 38: "VWXY"
            text run at (0,135) width 7: "Z"
            text run at (7,135) width 3: " "
            text run at (0,150) width 37: "abcdefg"
            text run at (0,165) width 36: "hijklmn"
            text run at (0,180) width 36: "opqrstu"
            text run at (0,195) width 6: "v"
    layer at (312,300) size 60x60 clip at (313,301) size 43x58 scrollHeight 214
      RenderTextControl {TEXTAREA} at (1,46) size 60x60 [bgcolor=#FFFFFF] [border: (1px solid #000000)]
        RenderBlock {DIV} at (3,3) size 39x210
          RenderText {#text} at (0,0) size 38x209
            text run at (0,0) width 31: "Lorem"
            text run at (31,0) width 3: " "
            text run at (0,15) width 29: "ipsum"
            text run at (29,15) width 6: "  "
            text run at (0,30) width 25: "dolor"
            text run at (25,30) width 3: " "
            text run at (0,45) width 34: "ABCD"
            text run at (0,60) width 36: "EFGHI"
            text run at (0,75) width 32: "JKLM"
            text run at (0,90) width 34: "NOPQ"
            text run at (0,105) width 31: "RSTU"
            text run at (0,120) width 38: "VWXY"
            text run at (0,135) width 7: "Z"
            text run at (7,135) width 3: " "
            text run at (0,150) width 37: "abcdefg"
            text run at (0,165) width 36: "hijklmn"
            text run at (0,180) width 36: "opqrstu"
            text run at (0,195) width 6: "v"
    layer at (394,300) size 60x60 clip at (395,301) size 43x58 scrollHeight 214
      RenderTextControl {TEXTAREA} at (1,46) size 60x60 [bgcolor=#FFFFFF] [border: (1px solid #000000)]
        RenderBlock {DIV} at (3,3) size 39x210
          RenderText {#text} at (0,0) size 38x209
            text run at (0,0) width 31: "Lorem"
            text run at (31,0) width 3: " "
            text run at (0,15) width 29: "ipsum"
            text run at (29,15) width 6: "  "
            text run at (0,30) width 25: "dolor"
            text run at (25,30) width 3: " "
            text run at (0,45) width 34: "ABCD"
            text run at (0,60) width 36: "EFGHI"
            text run at (0,75) width 32: "JKLM"
            text run at (0,90) width 34: "NOPQ"
            text run at (0,105) width 31: "RSTU"
            text run at (0,120) width 38: "VWXY"
            text run at (0,135) width 7: "Z"
            text run at (7,135) width 3: " "
            text run at (0,150) width 37: "abcdefg"
            text run at (0,165) width 36: "hijklmn"
            text run at (0,180) width 36: "opqrstu"
            text run at (0,195) width 6: "v"
    layer at (476,300) size 60x60 clip at (477,301) size 43x58 scrollHeight 214
      RenderTextControl {TEXTAREA} at (1,61) size 60x60 [bgcolor=#FFFFFF] [border: (1px solid #000000)]
        RenderBlock {DIV} at (3,3) size 39x210
          RenderText {#text} at (0,0) size 38x209
            text run at (0,0) width 31: "Lorem"
            text run at (31,0) width 3: " "
            text run at (0,15) width 29: "ipsum"
            text run at (29,15) width 6: "  "
            text run at (0,30) width 25: "dolor"
            text run at (25,30) width 3: " "
            text run at (0,45) width 34: "ABCD"
            text run at (0,60) width 36: "EFGHI"
            text run at (0,75) width 32: "JKLM"
            text run at (0,90) width 34: "NOPQ"
            text run at (0,105) width 31: "RSTU"
            text run at (0,120) width 38: "VWXY"
            text run at (0,135) width 7: "Z"
            text run at (7,135) width 3: " "
            text run at (0,150) width 37: "abcdefg"
            text run at (0,165) width 36: "hijklmn"
            text run at (0,180) width 36: "opqrstu"
            text run at (0,195) width 6: "v"
    layer at (560,322) size 39x36 clip at (561,323) size 22x34 scrollHeight 409
      RenderTextControl {TEXTAREA} at (3,18) size 39x36 [bgcolor=#FFFFFF] [border: (1px solid #000000)]
        RenderBlock {DIV} at (3,3) size 18x405
          RenderText {#text} at (0,0) size 18x404
            text run at (0,0) width 17: "Lor"
            text run at (0,15) width 14: "em"
            text run at (14,15) width 3: " "
            text run at (0,30) width 14: "ips"
            text run at (0,45) width 15: "um"
            text run at (15,45) width 3: "  "
            text run at (0,60) width 15: "dol"
            text run at (0,75) width 10: "or"
            text run at (10,75) width 3: " "
            text run at (0,90) width 17: "AB"
            text run at (0,105) width 17: "CD"
            text run at (0,120) width 14: "EF"
            text run at (0,135) width 18: "GH"
            text run at (0,150) width 18: "IJK"
            text run at (0,165) width 18: "LM"
            text run at (0,180) width 18: "NO"
            text run at (0,195) width 16: "PQ"
            text run at (0,210) width 15: "RS"
            text run at (0,225) width 16: "TU"
            text run at (0,240) width 9: "V"
            text run at (0,255) width 11: "W"
            text run at (0,270) width 18: "XY"
            text run at (0,285) width 7: "Z"
            text run at (7,285) width 3: " "
            text run at (0,300) width 16: "abc"
            text run at (0,315) width 15: "def"
            text run at (0,330) width 18: "ghij"
            text run at (0,345) width 18: "klm"
            text run at (0,360) width 18: "nop"
            text run at (0,375) width 18: "qrst"
            text run at (0,390) width 12: "uv"
    layer at (3,439) size 141x51 clip at (4,440) size 124x49 scrollHeight 64
      RenderTextControl {TEXTAREA} at (3,18) size 141x51 [bgcolor=#FFFFFF] [border: (1px solid #000000)]
        RenderBlock {DIV} at (3,3) size 120x60
          RenderText {#text} at (0,0) size 120x59
            text run at (0,0) width 94: "Lorem ipsum  dolor"
            text run at (94,0) width 3: " "
            text run at (0,15) width 120: "ABCDEFGHIJKLMNO"
            text run at (0,30) width 92: "PQRSTUVWXYZ"
            text run at (92,30) width 3: " "
            text run at (0,45) width 115: "abcdefghijklmnopqrstuv"
    layer at (150,454) size 63x36 clip at (151,455) size 46x34 scrollHeight 184
      RenderTextControl {TEXTAREA} at (3,18) size 63x36 [bgcolor=#FFFFFF] [border: (1px solid #000000)]
        RenderBlock {DIV} at (3,3) size 42x180
          RenderText {#text} at (0,0) size 42x179
            text run at (0,0) width 31: "Lorem"
            text run at (31,0) width 3: " "
            text run at (0,15) width 29: "ipsum"
            text run at (29,15) width 6: "  "
            text run at (0,30) width 25: "dolor"
            text run at (25,30) width 3: " "
            text run at (0,45) width 41: "ABCDE"
            text run at (0,60) width 34: "FGHIJ"
            text run at (0,75) width 36: "KLMN"
            text run at (0,90) width 40: "OPQRS"
            text run at (0,105) width 36: "TUVW"
            text run at (0,120) width 25: "XYZ"
            text run at (25,120) width 3: " "
            text run at (0,135) width 37: "abcdefg"
            text run at (0,150) width 42: "hijklmno"
            text run at (0,165) width 36: "pqrstuv"
    layer at (232,379) size 141x111 clip at (233,380) size 139x109
      RenderTextControl {TEXTAREA} at (3,18) size 141x111 [bgcolor=#FFFFFF] [border: (1px solid #000000)]
        RenderBlock {DIV} at (3,3) size 135x60
          RenderText {#text} at (0,0) size 127x59
            text run at (0,0) width 94: "Lorem ipsum  dolor"
            text run at (94,0) width 3: " "
            text run at (0,15) width 127: "ABCDEFGHIJKLMNOP"
            text run at (0,30) width 85: "QRSTUVWXYZ"
            text run at (85,30) width 3: " "
            text run at (0,45) width 115: "abcdefghijklmnopqrstuv"
    layer at (379,424) size 51x66 clip at (380,425) size 34x64 scrollHeight 259
      RenderTextControl {TEXTAREA} at (3,33) size 51x66 [bgcolor=#FFFFFF] [border: (1px solid #000000)]
        RenderBlock {DIV} at (3,3) size 30x255
          RenderText {#text} at (0,0) size 30x254
            text run at (0,0) width 22: "Lore"
            text run at (0,15) width 9: "m"
            text run at (9,15) width 3: " "
            text run at (0,30) width 29: "ipsum"
            text run at (29,30) width 1: "  "
            text run at (0,45) width 25: "dolor"
            text run at (25,45) width 3: " "
            text run at (0,60) width 25: "ABC"
            text run at (0,75) width 23: "DEF"
            text run at (0,90) width 27: "GHIJ"
            text run at (0,105) width 27: "KLM"
            text run at (0,120) width 25: "NOP"
            text run at (0,135) width 24: "QRS"
            text run at (0,150) width 25: "TUV"
            text run at (0,165) width 29: "WXY"
            text run at (0,180) width 7: "Z"
            text run at (7,180) width 3: " "
            text run at (0,195) width 27: "abcde"
            text run at (0,210) width 28: "fghijk"
            text run at (0,225) width 30: "lmnop"
            text run at (0,240) width 30: "qrstuv"
    layer at (461,439) size 141x51 clip at (462,440) size 139x34 scrollWidth 429
      RenderTextControl {TEXTAREA} at (3,18) size 141x51 [bgcolor=#FFFFFF] [border: (1px solid #000000)]
        RenderBlock {DIV} at (3,3) size 135x15
          RenderText {#text} at (0,0) size 427x14
            text run at (0,0) width 427: "Lorem ipsum  dolor ABCDEFGHIJKLMNOPQRSTUVWXYZ abcdefghijklmnopqrstuv"
    layer at (608,454) size 141x36 clip at (609,455) size 124x34 scrollHeight 64
      RenderTextControl {TEXTAREA} at (3,18) size 141x36 [bgcolor=#FFFFFF] [border: (1px solid #000000)]
        RenderBlock {DIV} at (3,3) size 120x60
          RenderText {#text} at (0,0) size 120x59
            text run at (0,0) width 94: "Lorem ipsum  dolor"
            text run at (94,0) width 3: " "
            text run at (0,15) width 120: "ABCDEFGHIJKLMNO"
            text run at (0,30) width 92: "PQRSTUVWXYZ"
            text run at (92,30) width 3: " "
            text run at (0,45) width 115: "abcdefghijklmnopqrstuv"
    layer at (3,526) size 141x36 clip at (4,527) size 124x34 scrollHeight 64
      RenderTextControl {TEXTAREA} at (3,18) size 141x36 [bgcolor=#FFFFFF] [border: (1px solid #000000)]
        RenderBlock {DIV} at (3,3) size 120x60
          RenderText {#text} at (0,0) size 120x59
            text run at (0,0) width 94: "Lorem ipsum  dolor"
            text run at (94,0) width 3: " "
            text run at (0,15) width 120: "ABCDEFGHIJKLMNO"
            text run at (0,30) width 92: "PQRSTUVWXYZ"
            text run at (92,30) width 3: " "
            text run at (0,45) width 115: "abcdefghijklmnopqrstuv"
    layer at (150,526) size 141x36 clip at (151,527) size 124x34 scrollHeight 64
      RenderTextControl {TEXTAREA} at (3,33) size 141x36 [bgcolor=#FFFFFF] [border: (1px solid #000000)]
        RenderBlock {DIV} at (3,3) size 120x60
          RenderText {#text} at (0,0) size 120x59
            text run at (0,0) width 66: "Lorem ipsum "
            text run at (66,0) width 25: "dolor"
            text run at (0,15) width 120: "ABCDEFGHIJKLMNO"
            text run at (0,30) width 92: "PQRSTUVWXYZ"
            text run at (0,45) width 115: "abcdefghijklmnopqrstuv"
    layer at (297,526) size 141x36 clip at (298,527) size 139x19 scrollWidth 429
      RenderTextControl {TEXTAREA} at (3,33) size 141x36 [bgcolor=#FFFFFF] [border: (1px solid #000000)]
        RenderBlock {DIV} at (3,3) size 135x15
          RenderText {#text} at (0,0) size 427x14
            text run at (0,0) width 427: "Lorem ipsum  dolor ABCDEFGHIJKLMNOPQRSTUVWXYZ abcdefghijklmnopqrstuv"
    layer at (444,526) size 141x36 clip at (445,527) size 124x34 scrollHeight 64
      RenderTextControl {TEXTAREA} at (3,33) size 141x36 [bgcolor=#FFFFFF] [border: (1px solid #000000)]
        RenderBlock {DIV} at (3,3) size 120x60
          RenderText {#text} at (0,0) size 120x59
            text run at (0,0) width 94: "Lorem ipsum  dolor"
            text run at (94,0) width 3: " "
            text run at (0,15) width 120: "ABCDEFGHIJKLMNO"
            text run at (0,30) width 92: "PQRSTUVWXYZ"
            text run at (92,30) width 3: " "
            text run at (0,45) width 115: "abcdefghijklmnopqrstuv"
    layer at (591,526) size 141x36 clip at (592,527) size 139x19 scrollWidth 426
      RenderTextControl {TEXTAREA} at (3,33) size 141x36 [bgcolor=#FFFFFF] [border: (1px solid #000000)]
        RenderBlock {DIV} at (3,3) size 135x15
          RenderText {#text} at (0,0) size 424x14
            text run at (0,0) width 66: "Lorem ipsum "
            text run at (66,0) width 358: "dolor ABCDEFGHIJKLMNOPQRSTUVWXYZ abcdefghijklmnopqrstuv"
    layer at (3,628) size 141x36 clip at (4,629) size 124x34 scrollHeight 64
      RenderTextControl {TEXTAREA} at (3,33) size 141x36 [bgcolor=#FFFFFF] [border: (1px solid #000000)]
        RenderBlock {DIV} at (3,3) size 120x60
          RenderText {#text} at (0,0) size 120x59
            text run at (0,0) width 66: "Lorem ipsum "
            text run at (66,0) width 25: "dolor"
            text run at (0,15) width 120: "ABCDEFGHIJKLMNO"
            text run at (0,30) width 92: "PQRSTUVWXYZ"
            text run at (0,45) width 115: "abcdefghijklmnopqrstuv"
    layer at (150,613) size 141x51 clip at (151,614) size 124x34 scrollWidth 214 scrollHeight 49
      RenderTextControl {TEXTAREA} at (3,33) size 141x51 [bgcolor=#FFFFFF] [border: (1px solid #000000)]
        RenderBlock {DIV} at (3,3) size 135x45
          RenderText {#text} at (0,0) size 212x44
            text run at (0,0) width 94: "Lorem ipsum  dolor"
            text run at (94,0) width 3: " "
            text run at (0,15) width 212: "ABCDEFGHIJKLMNOPQRSTUVWXYZ"
            text run at (0,30) width 118: " abcdefghijklmnopqrstuv"
    layer at (297,613) size 141x51 clip at (298,614) size 124x34 scrollWidth 214 scrollHeight 49
      RenderTextControl {TEXTAREA} at (3,48) size 141x51 [bgcolor=#FFFFFF] [border: (1px solid #000000)]
        RenderBlock {DIV} at (3,3) size 135x45
          RenderText {#text} at (0,0) size 212x44
            text run at (0,0) width 94: "Lorem ipsum  dolor"
            text run at (94,0) width 3: " "
            text run at (0,15) width 212: "ABCDEFGHIJKLMNOPQRSTUVWXYZ"
            text run at (0,30) width 118: " abcdefghijklmnopqrstuv"
