layer at (0,0) size 800x600
  RenderView at (0,0) size 800x600
layer at (0,0) size 800x600
  RenderBlock {HTML} at (0,0) size 800x600
    RenderBody {BODY} at (8,8) size 784x584
      RenderBlock (anonymous) at (0,0) size 784x18
        RenderText {#text} at (0,0) size 270x18
          text run at (0,0) width 270: "This table should have cell spacing of 2px"
      RenderTable {TABLE} at (0,18) size 98x56 [border: (1px outset #808080)]
        RenderTableSection {TBODY} at (1,1) size 96x54
          RenderTableRow {TR} at (0,2) size 96x26
            RenderTableCell {TD} at (2,2) size 43x26 [border: (3px inset #000000)] [r=0 c=0 rs=1 cs=1]
              RenderText {#text} at (4,4) size 35x18
                text run at (4,4) width 35: "AAA"
            RenderTableCell {TD} at (46,4) size 48x22 [border: (1px inset #808080)] [r=0 c=1 rs=1 cs=1]
              RenderText {#text} at (2,2) size 43x18
                text run at (2,2) width 43: "BBBB"
          RenderTableRow {TR} at (0,30) size 96x22
            RenderTableCell {TD} at (2,30) size 43x22 [border: (1px inset #808080)] [r=1 c=0 rs=1 cs=1]
              RenderText {#text} at (2,2) size 35x18
                text run at (2,2) width 35: "AAA"
            RenderTableCell {TD} at (46,30) size 48x22 [border: (1px inset #808080)] [r=1 c=1 rs=1 cs=1]
              RenderText {#text} at (2,2) size 43x18
                text run at (2,2) width 43: "BBBB"
      RenderBlock (anonymous) at (0,74) size 784x36
        RenderBR {BR} at (0,0) size 0x18
        RenderText {#text} at (0,18) size 270x18
          text run at (0,18) width 270: "This table should have cell spacing of 5px"
      RenderTable {TABLE} at (0,110) size 103x61 [border: (1px outset #808080)]
        RenderTableSection {TBODY} at (1,1) size 101x59
          RenderTableRow {TR} at (0,5) size 101x22
            RenderTableCell {TD} at (5,5) size 39x22 [border: (1px inset #808080)] [r=0 c=0 rs=1 cs=1]
              RenderText {#text} at (2,2) size 35x18
                text run at (2,2) width 35: "AAA"
            RenderTableCell {TD} at (48,5) size 48x22 [border: (1px inset #808080)] [r=0 c=1 rs=1 cs=1]
              RenderText {#text} at (2,2) size 43x18
                text run at (2,2) width 43: "BBBB"
          RenderTableRow {TR} at (0,32) size 101x22
            RenderTableCell {TD} at (5,32) size 39x22 [border: (1px inset #808080)] [r=1 c=0 rs=1 cs=1]
              RenderText {#text} at (2,2) size 35x18
                text run at (2,2) width 35: "AAA"
            RenderTableCell {TD} at (48,32) size 48x22 [border: (1px inset #808080)] [r=1 c=1 rs=1 cs=1]
              RenderText {#text} at (2,2) size 43x18
                text run at (2,2) width 43: "BBBB"
      RenderBlock (anonymous) at (0,171) size 784x36
        RenderBR {BR} at (0,0) size 0x18
        RenderText {#text} at (0,18) size 403x18
          text run at (0,18) width 403: "This table should have cell spacingX of 5px, spacingY of 10px"
      RenderTable {TABLE} at (0,207) size 103x76 [border: (1px outset #808080)]
        RenderTableSection {TBODY} at (1,1) size 101x74
          RenderTableRow {TR} at (0,10) size 101x22
            RenderTableCell {TD} at (5,10) size 39x22 [border: (1px inset #808080)] [r=0 c=0 rs=1 cs=1]
              RenderText {#text} at (2,2) size 35x18
                text run at (2,2) width 35: "AAA"
            RenderTableCell {TD} at (48,10) size 48x22 [border: (1px inset #808080)] [r=0 c=1 rs=1 cs=1]
              RenderText {#text} at (2,2) size 43x18
                text run at (2,2) width 43: "BBBB"
          RenderTableRow {TR} at (0,42) size 101x22
            RenderTableCell {TD} at (5,42) size 39x22 [border: (1px inset #808080)] [r=1 c=0 rs=1 cs=1]
              RenderText {#text} at (2,2) size 35x18
                text run at (2,2) width 35: "AAA"
            RenderTableCell {TD} at (48,42) size 48x22 [border: (1px inset #808080)] [r=1 c=1 rs=1 cs=1]
              RenderText {#text} at (2,2) size 43x18
                text run at (2,2) width 43: "BBBB"
      RenderBlock (anonymous) at (0,283) size 784x36
        RenderBR {BR} at (0,0) size 0x18
        RenderText {#text} at (0,18) size 403x18
          text run at (0,18) width 403: "This table should have cell spacingX of 5px, spacingY of 10px"
      RenderTable {TABLE} at (0,319) size 103x76 [border: (1px outset #808080)]
        RenderTableSection {TBODY} at (1,1) size 101x74
          RenderTableRow {TR} at (0,10) size 101x22
            RenderTableCell {TD} at (5,10) size 39x22 [border: (1px inset #808080)] [r=0 c=0 rs=1 cs=1]
              RenderText {#text} at (2,2) size 35x18
                text run at (2,2) width 35: "AAA"
            RenderTableCell {TD} at (48,10) size 48x22 [border: (1px inset #808080)] [r=0 c=1 rs=1 cs=1]
              RenderText {#text} at (2,2) size 43x18
                text run at (2,2) width 43: "BBBB"
          RenderTableRow {TR} at (0,42) size 101x22
            RenderTableCell {TD} at (5,42) size 39x22 [border: (1px inset #808080)] [r=1 c=0 rs=1 cs=1]
              RenderText {#text} at (2,2) size 35x18
                text run at (2,2) width 35: "AAA"
            RenderTableCell {TD} at (48,42) size 48x22 [border: (1px inset #808080)] [r=1 c=1 rs=1 cs=1]
              RenderText {#text} at (2,2) size 43x18
                text run at (2,2) width 43: "BBBB"
