layer at (0,0) size 800x600
  RenderView at (0,0) size 800x600
layer at (0,0) size 800x600
  RenderBlock {HTML} at (0,0) size 800x600
    RenderBody {BODY} at (0,0) size 800x600 [bgcolor=#FFFFFF]
      RenderBlock (anonymous) at (0,0) size 800x0
        RenderInline {SPAN} at (0,0) size 0x0
          RenderText {#text} at (0,0) size 0x0
          RenderInline {TDX} at (0,0) size 0x0
            RenderInline {IMGX} at (0,0) size 0x0
      RenderBlock (anonymous) at (0,0) size 800x80
        RenderTable {TABLE} at (0,0) size 800x80 [bgcolor=#FFFFFF]
          RenderTableSection {TBODY} at (0,0) size 800x80
            RenderTableRow {TR} at (0,0) size 800x20
              RenderTableCell {TD} at (0,0) size 325x60 [r=0 c=0 rs=2 cs=1]
                RenderInline {A} at (0,0) size 250x18 [color=#003399]
                  RenderImage {IMG} at (0,0) size 250x60
              RenderTableCell {TD} at (324,0) size 25x20 [r=0 c=1 rs=1 cs=1]
                RenderImage {IMG} at (5,0) size 19x20
              RenderTableCell {TD} at (348,4) size 453x12 [bgcolor=#000000] [r=0 c=2 rs=1 cs=2]
                RenderInline {FONT} at (0,0) size 349x12 [color=#FFFFFF]
                  RenderText {#text} at (0,0) size 0x0
                  RenderInline {B} at (0,0) size 349x12
                    RenderText {#text} at (103,0) size 8x12
                      text run at (103,0) width 8: "  "
                    RenderInline {A} at (0,0) size 69x12
                      RenderInline {FONT} at (0,0) size 69x12
                        RenderText {#text} at (110,0) size 69x12
                          text run at (110,0) width 69: "All Products"
                    RenderText {#text} at (178,0) size 8x12
                      text run at (178,0) width 8: "  "
                    RenderInline {FONT} at (0,0) size 6x12
                      RenderText {#text} at (185,0) size 6x12
                        text run at (185,0) width 6: "|"
                    RenderText {#text} at (190,0) size 11x12
                      text run at (190,0) width 5: " "
                      text run at (194,0) width 7: "  "
                    RenderInline {A} at (0,0) size 46x12
                      RenderInline {FONT} at (0,0) size 46x12
                        RenderText {#text} at (200,0) size 46x12
                          text run at (200,0) width 46: "Support"
                    RenderText {#text} at (245,0) size 8x12
                      text run at (245,0) width 8: "  "
                    RenderInline {FONT} at (0,0) size 6x12
                      RenderText {#text} at (252,0) size 6x12
                        text run at (252,0) width 6: "|"
                    RenderText {#text} at (257,0) size 12x12
                      text run at (257,0) width 5: " "
                      text run at (261,0) width 8: "  "
                    RenderInline {A} at (0,0) size 39x12
                      RenderInline {FONT} at (0,0) size 39x12
                        RenderText {#text} at (268,0) size 39x12
                          text run at (268,0) width 39: "Search"
                    RenderText {#text} at (306,0) size 8x12
                      text run at (306,0) width 8: "  "
                    RenderInline {FONT} at (0,0) size 6x12
                      RenderText {#text} at (313,0) size 6x12
                        text run at (313,0) width 6: "|"
                    RenderText {#text} at (318,0) size 12x12
                      text run at (318,0) width 5: " "
                      text run at (322,0) width 8: "  "
                    RenderInline {A} at (0,0) size 117x12
                      RenderInline {FONT} at (0,0) size 117x12
                        RenderText {#text} at (329,0) size 117x12
                          text run at (329,0) width 117: "microsoft.com Home"
                    RenderText {#text} at (445,0) size 7x12
                      text run at (445,0) width 7: "  "
                  RenderText {#text} at (0,0) size 0x0
            RenderTableRow {TR} at (0,20) size 800x40
              RenderTableCell {TD} at (324,20) size 477x40 [r=1 c=1 rs=1 cs=2]
                RenderInline {A} at (0,0) size 113x18 [color=#003399]
                  RenderImage {IMG} at (363,0) size 113x40
            RenderTableRow {TR} at (0,60) size 800x20
              RenderTableCell {TD} at (0,64) size 801x12 [bgcolor=#6699CC] [r=2 c=0 rs=1 cs=4]
                RenderInline {FONT} at (0,0) size 596x12 [color=#FFFFFF]
                  RenderInline {B} at (0,0) size 596x12
                    RenderText {#text} at (0,0) size 7x12
                      text run at (0,0) width 7: "  "
                    RenderInline {A} at (0,0) size 34x12
                      RenderInline {FONT} at (0,0) size 34x12
                        RenderText {#text} at (6,0) size 34x12
                          text run at (6,0) width 34: "Home"
                    RenderText {#text} at (39,0) size 8x12
                      text run at (39,0) width 8: "  "
                    RenderInline {FONT} at (0,0) size 6x12
                      RenderText {#text} at (46,0) size 6x12
                        text run at (46,0) width 6: "|"
                    RenderText {#text} at (51,0) size 11x12
                      text run at (51,0) width 4: " "
                      text run at (54,0) width 8: "  "
                    RenderInline {A} at (0,0) size 39x12
                      RenderInline {FONT} at (0,0) size 39x12
                        RenderText {#text} at (61,0) size 39x12
                          text run at (61,0) width 39: "Events"
                    RenderText {#text} at (99,0) size 8x12
                      text run at (99,0) width 8: "  "
                    RenderInline {FONT} at (0,0) size 6x12
                      RenderText {#text} at (106,0) size 6x12
                        text run at (106,0) width 6: "|"
                    RenderText {#text} at (111,0) size 11x12
                      text run at (111,0) width 5: " "
                      text run at (115,0) width 7: "  "
                    RenderInline {A} at (0,0) size 48x12
                      RenderInline {FONT} at (0,0) size 48x12
                        RenderText {#text} at (121,0) size 48x12
                          text run at (121,0) width 48: "Training"
                    RenderText {#text} at (168,0) size 8x12
                      text run at (168,0) width 8: "  "
                    RenderInline {FONT} at (0,0) size 6x12
                      RenderText {#text} at (175,0) size 6x12
                        text run at (175,0) width 6: "|"
                    RenderText {#text} at (180,0) size 11x12
                      text run at (180,0) width 5: " "
                      text run at (184,0) width 7: "  "
                    RenderInline {A} at (0,0) size 63x12
                      RenderInline {FONT} at (0,0) size 63x12
                        RenderText {#text} at (190,0) size 63x12
                          text run at (190,0) width 63: "Downloads"
                    RenderText {#text} at (252,0) size 8x12
                      text run at (252,0) width 8: "  "
                    RenderInline {FONT} at (0,0) size 7x12
                      RenderText {#text} at (259,0) size 7x12
                        text run at (259,0) width 7: "|"
                    RenderText {#text} at (265,0) size 11x12
                      text run at (265,0) width 4: " "
                      text run at (268,0) width 8: "  "
                    RenderInline {A} at (0,0) size 69x12
                      RenderInline {FONT} at (0,0) size 69x12
                        RenderText {#text} at (275,0) size 69x12
                          text run at (275,0) width 69: "Newsletters"
                    RenderText {#text} at (343,0) size 7x12
                      text run at (343,0) width 7: "  "
                    RenderInline {FONT} at (0,0) size 7x12
                      RenderText {#text} at (349,0) size 7x12
                        text run at (349,0) width 7: "|"
                    RenderText {#text} at (355,0) size 11x12
                      text run at (355,0) width 4: " "
                      text run at (358,0) width 8: "  "
                    RenderInline {A} at (0,0) size 114x12
                      RenderInline {FONT} at (0,0) size 114x12
                        RenderText {#text} at (365,0) size 114x12
                          text run at (365,0) width 114: "U.S. & International"
                    RenderText {#text} at (478,0) size 7x12
                      text run at (478,0) width 7: "  "
                    RenderInline {FONT} at (0,0) size 7x12
                      RenderText {#text} at (484,0) size 7x12
                        text run at (484,0) width 7: "|"
                    RenderText {#text} at (490,0) size 11x12
                      text run at (490,0) width 4: " "
                      text run at (493,0) width 8: "  "
                    RenderInline {A} at (0,0) size 84x12
                      RenderInline {FONT} at (0,0) size 84x12
                        RenderText {#text} at (500,0) size 84x12
                          text run at (500,0) width 84: "About Our Site"
                    RenderText {#text} at (583,0) size 7x12
                      text run at (583,0) width 7: "  "
                    RenderInline {FONT} at (0,0) size 7x12
                      RenderText {#text} at (589,0) size 7x12
                        text run at (589,0) width 7: "|"
                    RenderText {#text} at (0,0) size 0x0
      RenderBlock (anonymous) at (0,80) size 800x0
        RenderInline {SPAN} at (0,0) size 0x0
