layer at (0,0) size 800x600
  RenderView at (0,0) size 800x600
layer at (0,0) size 800x600
  RenderBlock {HTML} at (0,0) size 800x600
    RenderBody {BODY} at (8,8) size 784x584
      RenderBlock (anonymous) at (0,0) size 784x18
        RenderText {#text} at (0,0) size 273x18
          text run at (0,0) width 273: "This table should have cell padding of 5px"
      RenderTable {TABLE} at (0,18) size 110x68 [border: (1px outset #808080)]
        RenderTableSection {TBODY} at (1,1) size 108x66
          RenderTableRow {TR} at (0,2) size 108x30
            RenderTableCell {TD} at (2,2) size 47x30 [border: (1px inset #808080)] [r=0 c=0 rs=1 cs=1]
              RenderText {#text} at (6,6) size 35x18
                text run at (6,6) width 35: "AAA"
            RenderTableCell {TD} at (50,2) size 56x30 [border: (1px inset #808080)] [r=0 c=1 rs=1 cs=1]
              RenderText {#text} at (6,6) size 43x18
                text run at (6,6) width 43: "BBBB"
          RenderTableRow {TR} at (0,34) size 108x30
            RenderTableCell {TD} at (2,34) size 47x30 [border: (1px inset #808080)] [r=1 c=0 rs=1 cs=1]
              RenderText {#text} at (6,6) size 35x18
                text run at (6,6) width 35: "AAA"
            RenderTableCell {TD} at (50,34) size 56x30 [border: (1px inset #808080)] [r=1 c=1 rs=1 cs=1]
              RenderText {#text} at (6,6) size 43x18
                text run at (6,6) width 43: "BBBB"
      RenderBlock (anonymous) at (0,86) size 784x36
        RenderBR {BR} at (0,0) size 0x18
        RenderText {#text} at (0,18) size 273x18
          text run at (0,18) width 273: "This table should have cell padding of 5px"
      RenderTable {TABLE} at (0,122) size 110x68 [border: (1px outset #808080)]
        RenderTableSection {TBODY} at (1,1) size 108x66
          RenderTableRow {TR} at (0,2) size 108x30
            RenderTableCell {TD} at (2,2) size 47x30 [border: (1px inset #808080)] [r=0 c=0 rs=1 cs=1]
              RenderText {#text} at (6,6) size 35x18
                text run at (6,6) width 35: "AAA"
            RenderTableCell {TD} at (50,2) size 56x30 [border: (1px inset #808080)] [r=0 c=1 rs=1 cs=1]
              RenderText {#text} at (6,6) size 43x18
                text run at (6,6) width 43: "BBBB"
          RenderTableRow {TR} at (0,34) size 108x30
            RenderTableCell {TD} at (2,34) size 47x30 [border: (1px inset #808080)] [r=1 c=0 rs=1 cs=1]
              RenderText {#text} at (6,6) size 35x18
                text run at (6,6) width 35: "AAA"
            RenderTableCell {TD} at (50,34) size 56x30 [border: (1px inset #808080)] [r=1 c=1 rs=1 cs=1]
              RenderText {#text} at (6,6) size 43x18
                text run at (6,6) width 43: "BBBB"
      RenderBlock (anonymous) at (0,190) size 784x36
        RenderBR {BR} at (0,0) size 0x18
        RenderText {#text} at (0,18) size 273x18
          text run at (0,18) width 273: "This table should have cell padding of 5px"
      RenderTable {TABLE} at (0,226) size 110x68 [border: (1px outset #808080)]
        RenderTableSection {TBODY} at (1,1) size 108x66
          RenderTableRow {TR} at (0,2) size 108x30
            RenderTableCell {TD} at (2,2) size 47x30 [border: (1px inset #808080)] [r=0 c=0 rs=1 cs=1]
              RenderText {#text} at (6,6) size 35x18
                text run at (6,6) width 35: "AAA"
            RenderTableCell {TD} at (50,2) size 56x30 [border: (1px inset #808080)] [r=0 c=1 rs=1 cs=1]
              RenderText {#text} at (6,6) size 43x18
                text run at (6,6) width 43: "BBBB"
          RenderTableRow {TR} at (0,34) size 108x30
            RenderTableCell {TD} at (2,34) size 47x30 [border: (1px inset #808080)] [r=1 c=0 rs=1 cs=1]
              RenderText {#text} at (6,6) size 35x18
                text run at (6,6) width 35: "AAA"
            RenderTableCell {TD} at (50,34) size 56x30 [border: (1px inset #808080)] [r=1 c=1 rs=1 cs=1]
              RenderText {#text} at (6,6) size 43x18
                text run at (6,6) width 43: "BBBB"
      RenderBlock (anonymous) at (0,294) size 784x36
        RenderBR {BR} at (0,0) size 0x18
        RenderText {#text} at (0,18) size 542x18
          text run at (0,18) width 542: "This table should have cell padding of 5px except the 1st cell's left padding will be 0"
      RenderTable {TABLE} at (0,330) size 110x68 [border: (1px outset #808080)]
        RenderTableSection {TBODY} at (1,1) size 108x66
          RenderTableRow {TR} at (0,2) size 108x30
            RenderTableCell {TD} at (2,2) size 47x30 [border: (1px inset #808080)] [r=0 c=0 rs=1 cs=1]
              RenderText {#text} at (1,6) size 35x18
                text run at (1,6) width 35: "AAA"
            RenderTableCell {TD} at (50,2) size 56x30 [border: (1px inset #808080)] [r=0 c=1 rs=1 cs=1]
              RenderText {#text} at (6,6) size 43x18
                text run at (6,6) width 43: "BBBB"
          RenderTableRow {TR} at (0,34) size 108x30
            RenderTableCell {TD} at (2,34) size 47x30 [border: (1px inset #808080)] [r=1 c=0 rs=1 cs=1]
              RenderText {#text} at (6,6) size 35x18
                text run at (6,6) width 35: "AAA"
            RenderTableCell {TD} at (50,34) size 56x30 [border: (1px inset #808080)] [r=1 c=1 rs=1 cs=1]
              RenderText {#text} at (6,6) size 43x18
                text run at (6,6) width 43: "BBBB"
      RenderBlock (anonymous) at (0,398) size 784x36
        RenderBR {BR} at (0,0) size 0x18
        RenderText {#text} at (0,18) size 553x18
          text run at (0,18) width 553: "This table should have cell padding of 5px except the last cell's left padding will be 30"
      RenderTable {TABLE} at (0,434) size 135x68 [border: (1px outset #808080)]
        RenderTableSection {TBODY} at (1,1) size 133x66
          RenderTableRow {TR} at (0,2) size 133x30
            RenderTableCell {TD} at (2,2) size 47x30 [border: (1px inset #808080)] [r=0 c=0 rs=1 cs=1]
              RenderText {#text} at (6,6) size 35x18
                text run at (6,6) width 35: "AAA"
            RenderTableCell {TD} at (50,2) size 81x30 [border: (1px inset #808080)] [r=0 c=1 rs=1 cs=1]
              RenderText {#text} at (6,6) size 43x18
                text run at (6,6) width 43: "BBBB"
          RenderTableRow {TR} at (0,34) size 133x30
            RenderTableCell {TD} at (2,34) size 47x30 [border: (1px inset #808080)] [r=1 c=0 rs=1 cs=1]
              RenderText {#text} at (6,6) size 35x18
                text run at (6,6) width 35: "AAA"
            RenderTableCell {TD} at (50,34) size 81x30 [border: (1px inset #808080)] [r=1 c=1 rs=1 cs=1]
              RenderText {#text} at (31,6) size 43x18
                text run at (31,6) width 43: "BBBB"
