layer at (0,0) size 800x600
  RenderView at (0,0) size 800x600
layer at (0,0) size 800x600
  RenderBlock {HTML} at (0,0) size 800x600
    RenderBody {BODY} at (8,8) size 784x584
      RenderTable {TABLE} at (0,0) size 784x408
        RenderTableSection {TBODY} at (0,0) size 784x408
          RenderTableRow {TR} at (0,0) size 784x12
            RenderTableCell {TD} at (0,0) size 8x12 [bgcolor=#FDFDFB] [r=0 c=0 rs=1 cs=1]
              RenderInline {FONT} at (0,0) size 3x12
                RenderText {#text} at (0,0) size 3x12
                  text run at (0,0) width 3: " "
            RenderTableCell {TD} at (7,0) size 9x12 [bgcolor=#FDFDFB] [r=0 c=1 rs=1 cs=1]
              RenderInline {FONT} at (0,0) size 3x12
                RenderText {#text} at (0,0) size 3x12
                  text run at (0,0) width 3: " "
            RenderTableCell {TD} at (15,0) size 9x12 [bgcolor=#FDFDFB] [r=0 c=2 rs=1 cs=1]
              RenderInline {FONT} at (0,0) size 3x12
                RenderText {#text} at (0,0) size 3x12
                  text run at (0,0) width 3: " "
            RenderTableCell {TD} at (23,0) size 9x12 [bgcolor=#FDFDFB] [r=0 c=3 rs=1 cs=1]
              RenderInline {FONT} at (0,0) size 3x12
                RenderText {#text} at (0,0) size 3x12
                  text run at (0,0) width 3: " "
            RenderTableCell {TD} at (31,0) size 9x12 [bgcolor=#FDFDFB] [r=0 c=4 rs=1 cs=1]
              RenderInline {FONT} at (0,0) size 3x12
                RenderText {#text} at (0,0) size 3x12
                  text run at (0,0) width 3: " "
            RenderTableCell {TD} at (39,0) size 9x12 [bgcolor=#FDFDFB] [r=0 c=5 rs=1 cs=1]
              RenderInline {FONT} at (0,0) size 3x12
                RenderText {#text} at (0,0) size 3x12
                  text run at (0,0) width 3: " "
            RenderTableCell {TD} at (47,0) size 8x12 [bgcolor=#FDFDFB] [r=0 c=6 rs=1 cs=1]
              RenderInline {FONT} at (0,0) size 3x12
                RenderText {#text} at (0,0) size 3x12
                  text run at (0,0) width 3: " "
            RenderTableCell {TD} at (54,0) size 9x12 [bgcolor=#FDFDFB] [r=0 c=7 rs=1 cs=1]
              RenderInline {FONT} at (0,0) size 3x12
                RenderText {#text} at (0,0) size 3x12
                  text run at (0,0) width 3: " "
            RenderTableCell {TD} at (62,0) size 9x12 [bgcolor=#FDFDFB] [r=0 c=8 rs=1 cs=1]
              RenderInline {FONT} at (0,0) size 3x12
                RenderText {#text} at (0,0) size 3x12
                  text run at (0,0) width 3: " "
            RenderTableCell {TD} at (70,0) size 9x12 [bgcolor=#FDFDFB] [r=0 c=9 rs=1 cs=1]
              RenderInline {FONT} at (0,0) size 3x12
                RenderText {#text} at (0,0) size 3x12
                  text run at (0,0) width 3: " "
            RenderTableCell {TD} at (78,0) size 9x12 [bgcolor=#CADEDD] [r=0 c=10 rs=1 cs=1]
              RenderInline {FONT} at (0,0) size 3x12
                RenderText {#text} at (0,0) size 3x12
                  text run at (0,0) width 3: " "
            RenderTableCell {TD} at (86,0) size 9x12 [bgcolor=#97C1C0] [r=0 c=11 rs=1 cs=1]
              RenderInline {FONT} at (0,0) size 3x12
                RenderText {#text} at (0,0) size 3x12
                  text run at (0,0) width 3: " "
            RenderTableCell {TD} at (94,0) size 8x12 [bgcolor=#5CADAE] [r=0 c=12 rs=1 cs=1]
              RenderInline {FONT} at (0,0) size 3x12
                RenderText {#text} at (0,0) size 3x12
                  text run at (0,0) width 3: " "
            RenderTableCell {TD} at (101,0) size 9x12 [bgcolor=#048485] [r=0 c=13 rs=1 cs=1]
              RenderInline {FONT} at (0,0) size 3x12
                RenderText {#text} at (0,0) size 3x12
                  text run at (0,0) width 3: " "
            RenderTableCell {TD} at (109,0) size 9x12 [bgcolor=#048485] [r=0 c=14 rs=1 cs=1]
              RenderInline {FONT} at (0,0) size 3x12
                RenderText {#text} at (0,0) size 3x12
                  text run at (0,0) width 3: " "
            RenderTableCell {TD} at (117,0) size 9x12 [bgcolor=#027777] [r=0 c=15 rs=1 cs=1]
              RenderInline {FONT} at (0,0) size 3x12
                RenderText {#text} at (0,0) size 3x12
                  text run at (0,0) width 3: " "
            RenderTableCell {TD} at (125,0) size 9x12 [bgcolor=#027777] [r=0 c=16 rs=1 cs=1]
              RenderInline {FONT} at (0,0) size 3x12
                RenderText {#text} at (0,0) size 3x12
                  text run at (0,0) width 3: " "
            RenderTableCell {TD} at (133,0) size 9x12 [bgcolor=#027777] [r=0 c=17 rs=1 cs=1]
              RenderInline {FONT} at (0,0) size 3x12
                RenderText {#text} at (0,0) size 3x12
                  text run at (0,0) width 3: " "
            RenderTableCell {TD} at (141,0) size 9x12 [bgcolor=#027777] [r=0 c=18 rs=1 cs=1]
              RenderInline {FONT} at (0,0) size 3x12
                RenderText {#text} at (0,0) size 3x12
                  text run at (0,0) width 3: " "
            RenderTableCell {TD} at (149,0) size 8x12 [bgcolor=#027777] [r=0 c=19 rs=1 cs=1]
              RenderInline {FONT} at (0,0) size 3x12
                RenderText {#text} at (0,0) size 3x12
                  text run at (0,0) width 3: " "
            RenderTableCell {TD} at (156,0) size 9x12 [bgcolor=#1B8685] [r=0 c=20 rs=1 cs=1]
              RenderInline {FONT} at (0,0) size 3x12
                RenderText {#text} at (0,0) size 3x12
                  text run at (0,0) width 3: " "
            RenderTableCell {TD} at (164,0) size 9x12 [bgcolor=#60A2A3] [r=0 c=21 rs=1 cs=1]
              RenderInline {FONT} at (0,0) size 3x12
                RenderText {#text} at (0,0) size 3x12
                  text run at (0,0) width 3: " "
            RenderTableCell {TD} at (172,0) size 9x12 [bgcolor=#8DB7B6] [r=0 c=22 rs=1 cs=1]
              RenderInline {FONT} at (0,0) size 3x12
                RenderText {#text} at (0,0) size 3x12
                  text run at (0,0) width 3: " "
            RenderTableCell {TD} at (180,0) size 9x12 [bgcolor=#CADEDD] [r=0 c=23 rs=1 cs=1]
              RenderInline {FONT} at (0,0) size 3x12
                RenderText {#text} at (0,0) size 3x12
                  text run at (0,0) width 3: " "
            RenderTableCell {TD} at (188,0) size 9x12 [bgcolor=#EDEEEF] [r=0 c=24 rs=1 cs=1]
              RenderInline {FONT} at (0,0) size 3x12
                RenderText {#text} at (0,0) size 3x12
                  text run at (0,0) width 3: " "
            RenderTableCell {TD} at (196,0) size 8x12 [bgcolor=#FDFDFB] [r=0 c=25 rs=1 cs=1]
              RenderInline {FONT} at (0,0) size 3x12
                RenderText {#text} at (0,0) size 3x12
                  text run at (0,0) width 3: " "
            RenderTableCell {TD} at (203,0) size 9x12 [bgcolor=#FDFDFB] [r=0 c=26 rs=1 cs=1]
              RenderInline {FONT} at (0,0) size 3x12
                RenderText {#text} at (0,0) size 3x12
                  text run at (0,0) width 3: " "
            RenderTableCell {TD} at (211,0) size 9x12 [bgcolor=#FDFDFB] [r=0 c=27 rs=1 cs=1]
              RenderInline {FONT} at (0,0) size 3x12
                RenderText {#text} at (0,0) size 3x12
                  text run at (0,0) width 3: " "
            RenderTableCell {TD} at (219,0) size 9x12 [bgcolor=#FDFDFB] [r=0 c=28 rs=1 cs=1]
              RenderInline {FONT} at (0,0) size 3x12
                RenderText {#text} at (0,0) size 3x12
                  text run at (0,0) width 3: " "
            RenderTableCell {TD} at (227,0) size 9x12 [bgcolor=#FDFDFB] [r=0 c=29 rs=1 cs=1]
              RenderInline {FONT} at (0,0) size 3x12
                RenderText {#text} at (0,0) size 3x12
                  text run at (0,0) width 3: " "
            RenderTableCell {TD} at (235,0) size 9x12 [bgcolor=#FDFDFB] [r=0 c=30 rs=1 cs=1]
              RenderInline {FONT} at (0,0) size 3x12
                RenderText {#text} at (0,0) size 3x12
                  text run at (0,0) width 3: " "
            RenderTableCell {TD} at (243,0) size 8x12 [bgcolor=#FDFDFB] [r=0 c=31 rs=1 cs=1]
              RenderInline {FONT} at (0,0) size 3x12
                RenderText {#text} at (0,0) size 3x12
                  text run at (0,0) width 3: " "
            RenderTableCell {TD} at (251,0) size 8x12 [bgcolor=#FDFDFB] [r=0 c=32 rs=1 cs=1]
              RenderInline {FONT} at (0,0) size 3x12
                RenderText {#text} at (0,0) size 3x12
                  text run at (0,0) width 3: " "
            RenderTableCell {TD} at (258,0) size 9x12 [bgcolor=#FDFDFB] [r=0 c=33 rs=1 cs=1]
              RenderInline {FONT} at (0,0) size 3x12
                RenderText {#text} at (0,0) size 3x12
                  text run at (0,0) width 3: " "
            RenderTableCell {TD} at (266,0) size 9x12 [bgcolor=#FDFDFB] [r=0 c=34 rs=1 cs=1]
              RenderInline {FONT} at (0,0) size 3x12
                RenderText {#text} at (0,0) size 3x12
                  text run at (0,0) width 3: " "
            RenderTableCell {TD} at (274,0) size 9x12 [bgcolor=#FDFDFB] [r=0 c=35 rs=1 cs=1]
              RenderInline {FONT} at (0,0) size 3x12
                RenderText {#text} at (0,0) size 3x12
                  text run at (0,0) width 3: " "
            RenderTableCell {TD} at (282,0) size 9x12 [bgcolor=#E0EAE9] [r=0 c=36 rs=1 cs=1]
              RenderInline {FONT} at (0,0) size 3x12
                RenderText {#text} at (0,0) size 3x12
                  text run at (0,0) width 3: " "
            RenderTableCell {TD} at (290,0) size 9x12 [bgcolor=#CADEDD] [r=0 c=37 rs=1 cs=1]
              RenderInline {FONT} at (0,0) size 3x12
                RenderText {#text} at (0,0) size 3x12
                  text run at (0,0) width 3: " "
            RenderTableCell {TD} at (298,0) size 8x12 [bgcolor=#CADEDD] [r=0 c=38 rs=1 cs=1]
              RenderInline {FONT} at (0,0) size 3x12
                RenderText {#text} at (0,0) size 3x12
                  text run at (0,0) width 3: " "
            RenderTableCell {TD} at (305,0) size 9x12 [bgcolor=#CADEDD] [r=0 c=39 rs=1 cs=1]
              RenderInline {FONT} at (0,0) size 3x12
                RenderText {#text} at (0,0) size 3x12
                  text run at (0,0) width 3: " "
            RenderTableCell {TD} at (313,0) size 9x12 [bgcolor=#CADEDD] [r=0 c=40 rs=1 cs=1]
              RenderInline {FONT} at (0,0) size 3x12
                RenderText {#text} at (0,0) size 3x12
                  text run at (0,0) width 3: " "
            RenderTableCell {TD} at (321,0) size 9x12 [bgcolor=#CADEDD] [r=0 c=41 rs=1 cs=1]
              RenderInline {FONT} at (0,0) size 3x12
                RenderText {#text} at (0,0) size 3x12
                  text run at (0,0) width 3: " "
            RenderTableCell {TD} at (329,0) size 9x12 [bgcolor=#CADEDD] [r=0 c=42 rs=1 cs=1]
              RenderInline {FONT} at (0,0) size 3x12
                RenderText {#text} at (0,0) size 3x12
                  text run at (0,0) width 3: " "
            RenderTableCell {TD} at (337,0) size 9x12 [bgcolor=#CADEDD] [r=0 c=43 rs=1 cs=1]
              RenderInline {FONT} at (0,0) size 3x12
                RenderText {#text} at (0,0) size 3x12
                  text run at (0,0) width 3: " "
            RenderTableCell {TD} at (345,0) size 8x12 [bgcolor=#CADEDD] [r=0 c=44 rs=1 cs=1]
              RenderInline {FONT} at (0,0) size 3x12
                RenderText {#text} at (0,0) size 3x12
                  text run at (0,0) width 3: " "
            RenderTableCell {TD} at (352,0) size 9x12 [bgcolor=#CADEDD] [r=0 c=45 rs=1 cs=1]
              RenderInline {FONT} at (0,0) size 3x12
                RenderText {#text} at (0,0) size 3x12
                  text run at (0,0) width 3: " "
            RenderTableCell {TD} at (360,0) size 9x12 [bgcolor=#CADEDD] [r=0 c=46 rs=1 cs=1]
              RenderInline {FONT} at (0,0) size 3x12
                RenderText {#text} at (0,0) size 3x12
                  text run at (0,0) width 3: " "
            RenderTableCell {TD} at (368,0) size 9x12 [bgcolor=#CADEDD] [r=0 c=47 rs=1 cs=1]
              RenderInline {FONT} at (0,0) size 3x12
                RenderText {#text} at (0,0) size 3x12
                  text run at (0,0) width 3: " "
            RenderTableCell {TD} at (376,0) size 9x12 [bgcolor=#CADEDD] [r=0 c=48 rs=1 cs=1]
              RenderInline {FONT} at (0,0) size 3x12
                RenderText {#text} at (0,0) size 3x12
                  text run at (0,0) width 3: " "
            RenderTableCell {TD} at (384,0) size 9x12 [bgcolor=#CADEDD] [r=0 c=49 rs=1 cs=1]
              RenderInline {FONT} at (0,0) size 3x12
                RenderText {#text} at (0,0) size 3x12
                  text run at (0,0) width 3: " "
            RenderTableCell {TD} at (392,0) size 9x12 [bgcolor=#CADEDD] [r=0 c=50 rs=1 cs=1]
              RenderInline {FONT} at (0,0) size 3x12
                RenderText {#text} at (0,0) size 3x12
                  text run at (0,0) width 3: " "
            RenderTableCell {TD} at (400,0) size 8x12 [bgcolor=#CADEDD] [r=0 c=51 rs=1 cs=1]
              RenderInline {FONT} at (0,0) size 3x12
                RenderText {#text} at (0,0) size 3x12
                  text run at (0,0) width 3: " "
            RenderTableCell {TD} at (407,0) size 9x12 [bgcolor=#EDEEEF] [r=0 c=52 rs=1 cs=1]
              RenderInline {FONT} at (0,0) size 3x12
                RenderText {#text} at (0,0) size 3x12
                  text run at (0,0) width 3: " "
            RenderTableCell {TD} at (415,0) size 9x12 [bgcolor=#FDFDFB] [r=0 c=53 rs=1 cs=1]
              RenderInline {FONT} at (0,0) size 3x12
                RenderText {#text} at (0,0) size 3x12
                  text run at (0,0) width 3: " "
            RenderTableCell {TD} at (423,0) size 9x12 [bgcolor=#FDFDFB] [r=0 c=54 rs=1 cs=1]
              RenderInline {FONT} at (0,0) size 3x12
                RenderText {#text} at (0,0) size 3x12
                  text run at (0,0) width 3: " "
            RenderTableCell {TD} at (431,0) size 9x12 [bgcolor=#E0EAE9] [r=0 c=55 rs=1 cs=1]
              RenderInline {FONT} at (0,0) size 3x12
                RenderText {#text} at (0,0) size 3x12
                  text run at (0,0) width 3: " "
            RenderTableCell {TD} at (439,0) size 9x12 [bgcolor=#CADEDD] [r=0 c=56 rs=1 cs=1]
              RenderInline {FONT} at (0,0) size 3x12
                RenderText {#text} at (0,0) size 3x12
                  text run at (0,0) width 3: " "
            RenderTableCell {TD} at (447,0) size 8x12 [bgcolor=#EDEEEF] [r=0 c=57 rs=1 cs=1]
              RenderInline {FONT} at (0,0) size 3x12
                RenderText {#text} at (0,0) size 3x12
                  text run at (0,0) width 3: " "
            RenderTableCell {TD} at (454,0) size 9x12 [bgcolor=#FDFDFB] [r=0 c=58 rs=1 cs=1]
              RenderInline {FONT} at (0,0) size 3x12
                RenderText {#text} at (0,0) size 3x12
                  text run at (0,0) width 3: " "
            RenderTableCell {TD} at (462,0) size 9x12 [bgcolor=#FDFDFB] [r=0 c=59 rs=1 cs=1]
              RenderInline {FONT} at (0,0) size 3x12
                RenderText {#text} at (0,0) size 3x12
                  text run at (0,0) width 3: " "
            RenderTableCell {TD} at (470,0) size 9x12 [bgcolor=#FDFDFB] [r=0 c=60 rs=1 cs=1]
              RenderInline {FONT} at (0,0) size 3x12
                RenderText {#text} at (0,0) size 3x12
                  text run at (0,0) width 3: " "
            RenderTableCell {TD} at (478,0) size 9x12 [bgcolor=#FDFDFB] [r=0 c=61 rs=1 cs=1]
              RenderInline {FONT} at (0,0) size 3x12
                RenderText {#text} at (0,0) size 3x12
                  text run at (0,0) width 3: " "
            RenderTableCell {TD} at (486,0) size 9x12 [bgcolor=#FDFDFB] [r=0 c=62 rs=1 cs=1]
              RenderInline {FONT} at (0,0) size 3x12
                RenderText {#text} at (0,0) size 3x12
                  text run at (0,0) width 3: " "
            RenderTableCell {TD} at (494,0) size 8x12 [bgcolor=#FDFDFB] [r=0 c=63 rs=1 cs=1]
              RenderInline {FONT} at (0,0) size 3x12
                RenderText {#text} at (0,0) size 3x12
                  text run at (0,0) width 3: " "
            RenderTableCell {TD} at (502,0) size 8x12 [bgcolor=#FDFDFB] [r=0 c=64 rs=1 cs=1]
              RenderInline {FONT} at (0,0) size 3x12
                RenderText {#text} at (0,0) size 3x12
                  text run at (0,0) width 3: " "
            RenderTableCell {TD} at (509,0) size 9x12 [bgcolor=#FDFDFB] [r=0 c=65 rs=1 cs=1]
              RenderInline {FONT} at (0,0) size 3x12
                RenderText {#text} at (0,0) size 3x12
                  text run at (0,0) width 3: " "
            RenderTableCell {TD} at (517,0) size 9x12 [bgcolor=#FDFDFB] [r=0 c=66 rs=1 cs=1]
              RenderInline {FONT} at (0,0) size 3x12
                RenderText {#text} at (0,0) size 3x12
                  text run at (0,0) width 3: " "
            RenderTableCell {TD} at (525,0) size 9x12 [bgcolor=#FDFDFB] [r=0 c=67 rs=1 cs=1]
              RenderInline {FONT} at (0,0) size 3x12
                RenderText {#text} at (0,0) size 3x12
                  text run at (0,0) width 3: " "
            RenderTableCell {TD} at (533,0) size 9x12 [bgcolor=#FDFDFB] [r=0 c=68 rs=1 cs=1]
              RenderInline {FONT} at (0,0) size 3x12
                RenderText {#text} at (0,0) size 3x12
                  text run at (0,0) width 3: " "
            RenderTableCell {TD} at (541,0) size 9x12 [bgcolor=#FDFDFB] [r=0 c=69 rs=1 cs=1]
              RenderInline {FONT} at (0,0) size 3x12
                RenderText {#text} at (0,0) size 3x12
                  text run at (0,0) width 3: " "
            RenderTableCell {TD} at (549,0) size 8x12 [bgcolor=#FDFDFB] [r=0 c=70 rs=1 cs=1]
              RenderInline {FONT} at (0,0) size 3x12
                RenderText {#text} at (0,0) size 3x12
                  text run at (0,0) width 3: " "
            RenderTableCell {TD} at (556,0) size 9x12 [bgcolor=#FDFDFB] [r=0 c=71 rs=1 cs=1]
              RenderInline {FONT} at (0,0) size 3x12
                RenderText {#text} at (0,0) size 3x12
                  text run at (0,0) width 3: " "
            RenderTableCell {TD} at (564,0) size 9x12 [bgcolor=#EDEEEF] [r=0 c=72 rs=1 cs=1]
              RenderInline {FONT} at (0,0) size 3x12
                RenderText {#text} at (0,0) size 3x12
                  text run at (0,0) width 3: " "
            RenderTableCell {TD} at (572,0) size 9x12 [bgcolor=#EDEEEF] [r=0 c=73 rs=1 cs=1]
              RenderInline {FONT} at (0,0) size 3x12
                RenderText {#text} at (0,0) size 3x12
                  text run at (0,0) width 3: " "
            RenderTableCell {TD} at (580,0) size 9x12 [bgcolor=#E0EAE9] [r=0 c=74 rs=1 cs=1]
              RenderInline {FONT} at (0,0) size 3x12
                RenderText {#text} at (0,0) size 3x12
                  text run at (0,0) width 3: " "
            RenderTableCell {TD} at (588,0) size 9x12 [bgcolor=#CADEDD] [r=0 c=75 rs=1 cs=1]
              RenderInline {FONT} at (0,0) size 3x12
                RenderText {#text} at (0,0) size 3x12
                  text run at (0,0) width 3: " "
            RenderTableCell {TD} at (596,0) size 8x12 [bgcolor=#CADEDD] [r=0 c=76 rs=1 cs=1]
              RenderInline {FONT} at (0,0) size 3x12
                RenderText {#text} at (0,0) size 3x12
                  text run at (0,0) width 3: " "
            RenderTableCell {TD} at (603,0) size 9x12 [bgcolor=#CADEDD] [r=0 c=77 rs=1 cs=1]
              RenderInline {FONT} at (0,0) size 3x12
                RenderText {#text} at (0,0) size 3x12
                  text run at (0,0) width 3: " "
            RenderTableCell {TD} at (611,0) size 9x12 [bgcolor=#CADEDD] [r=0 c=78 rs=1 cs=1]
              RenderInline {FONT} at (0,0) size 3x12
                RenderText {#text} at (0,0) size 3x12
                  text run at (0,0) width 3: " "
            RenderTableCell {TD} at (619,0) size 9x12 [bgcolor=#CADEDD] [r=0 c=79 rs=1 cs=1]
              RenderInline {FONT} at (0,0) size 3x12
                RenderText {#text} at (0,0) size 3x12
                  text run at (0,0) width 3: " "
            RenderTableCell {TD} at (627,0) size 9x12 [bgcolor=#CADEDD] [r=0 c=80 rs=1 cs=1]
              RenderInline {FONT} at (0,0) size 3x12
                RenderText {#text} at (0,0) size 3x12
                  text run at (0,0) width 3: " "
            RenderTableCell {TD} at (635,0) size 9x12 [bgcolor=#CADEDD] [r=0 c=81 rs=1 cs=1]
              RenderInline {FONT} at (0,0) size 3x12
                RenderText {#text} at (0,0) size 3x12
                  text run at (0,0) width 3: " "
            RenderTableCell {TD} at (643,0) size 9x12 [bgcolor=#CADEDD] [r=0 c=82 rs=1 cs=1]
              RenderInline {FONT} at (0,0) size 3x12
                RenderText {#text} at (0,0) size 3x12
                  text run at (0,0) width 3: " "
            RenderTableCell {TD} at (651,0) size 8x12 [bgcolor=#CADEDD] [r=0 c=83 rs=1 cs=1]
              RenderInline {FONT} at (0,0) size 3x12
                RenderText {#text} at (0,0) size 3x12
                  text run at (0,0) width 3: " "
            RenderTableCell {TD} at (658,0) size 9x12 [bgcolor=#CADEDD] [r=0 c=84 rs=1 cs=1]
              RenderInline {FONT} at (0,0) size 3x12
                RenderText {#text} at (0,0) size 3x12
                  text run at (0,0) width 3: " "
            RenderTableCell {TD} at (666,0) size 9x12 [bgcolor=#CADEDD] [r=0 c=85 rs=1 cs=1]
              RenderInline {FONT} at (0,0) size 3x12
                RenderText {#text} at (0,0) size 3x12
                  text run at (0,0) width 3: " "
            RenderTableCell {TD} at (674,0) size 9x12 [bgcolor=#CADEDD] [r=0 c=86 rs=1 cs=1]
              RenderInline {FONT} at (0,0) size 3x12
                RenderText {#text} at (0,0) size 3x12
                  text run at (0,0) width 3: " "
            RenderTableCell {TD} at (682,0) size 9x12 [bgcolor=#CADEDD] [r=0 c=87 rs=1 cs=1]
              RenderInline {FONT} at (0,0) size 3x12
                RenderText {#text} at (0,0) size 3x12
                  text run at (0,0) width 3: " "
            RenderTableCell {TD} at (690,0) size 9x12 [bgcolor=#CADEDD] [r=0 c=88 rs=1 cs=1]
              RenderInline {FONT} at (0,0) size 3x12
                RenderText {#text} at (0,0) size 3x12
                  text run at (0,0) width 3: " "
            RenderTableCell {TD} at (698,0) size 8x12 [bgcolor=#CADEDD] [r=0 c=89 rs=1 cs=1]
              RenderInline {FONT} at (0,0) size 3x12
                RenderText {#text} at (0,0) size 3x12
                  text run at (0,0) width 3: " "
            RenderTableCell {TD} at (705,0) size 9x12 [bgcolor=#CADEDD] [r=0 c=90 rs=1 cs=1]
              RenderInline {FONT} at (0,0) size 3x12
                RenderText {#text} at (0,0) size 3x12
                  text run at (0,0) width 3: " "
            RenderTableCell {TD} at (713,0) size 9x12 [bgcolor=#CADEDD] [r=0 c=91 rs=1 cs=1]
              RenderInline {FONT} at (0,0) size 3x12
                RenderText {#text} at (0,0) size 3x12
                  text run at (0,0) width 3: " "
            RenderTableCell {TD} at (721,0) size 9x12 [bgcolor=#CADEDD] [r=0 c=92 rs=1 cs=1]
              RenderInline {FONT} at (0,0) size 3x12
                RenderText {#text} at (0,0) size 3x12
                  text run at (0,0) width 3: " "
            RenderTableCell {TD} at (729,0) size 9x12 [bgcolor=#CADEDD] [r=0 c=93 rs=1 cs=1]
              RenderInline {FONT} at (0,0) size 3x12
                RenderText {#text} at (0,0) size 3x12
                  text run at (0,0) width 3: " "
            RenderTableCell {TD} at (737,0) size 9x12 [bgcolor=#E0EAE9] [r=0 c=94 rs=1 cs=1]
              RenderInline {FONT} at (0,0) size 3x12
                RenderText {#text} at (0,0) size 3x12
                  text run at (0,0) width 3: " "
            RenderTableCell {TD} at (745,0) size 8x12 [bgcolor=#FDFDFB] [r=0 c=95 rs=1 cs=1]
              RenderInline {FONT} at (0,0) size 3x12
                RenderText {#text} at (0,0) size 3x12
                  text run at (0,0) width 3: " "
            RenderTableCell {TD} at (753,0) size 8x12 [bgcolor=#FDFDFB] [r=0 c=96 rs=1 cs=1]
              RenderInline {FONT} at (0,0) size 3x12
                RenderText {#text} at (0,0) size 3x12
                  text run at (0,0) width 3: " "
            RenderTableCell {TD} at (760,0) size 9x12 [bgcolor=#FDFDFB] [r=0 c=97 rs=1 cs=1]
              RenderInline {FONT} at (0,0) size 3x12
                RenderText {#text} at (0,0) size 3x12
                  text run at (0,0) width 3: " "
            RenderTableCell {TD} at (768,0) size 9x12 [bgcolor=#FDFDFB] [r=0 c=98 rs=1 cs=1]
              RenderInline {FONT} at (0,0) size 3x12
                RenderText {#text} at (0,0) size 3x12
                  text run at (0,0) width 3: " "
            RenderTableCell {TD} at (776,0) size 9x12 [bgcolor=#FDFDFB] [r=0 c=99 rs=1 cs=1]
              RenderInline {FONT} at (0,0) size 3x12
                RenderText {#text} at (0,0) size 3x12
                  text run at (0,0) width 3: " "
          RenderTableRow {TR} at (0,12) size 784x12
            RenderTableCell {TD} at (0,12) size 8x12 [bgcolor=#FDFDFB] [r=1 c=0 rs=1 cs=1]
              RenderInline {FONT} at (0,0) size 3x12
                RenderText {#text} at (0,0) size 3x12
                  text run at (0,0) width 3: " "
            RenderTableCell {TD} at (7,12) size 9x12 [bgcolor=#FDFDFB] [r=1 c=1 rs=1 cs=1]
              RenderInline {FONT} at (0,0) size 3x12
                RenderText {#text} at (0,0) size 3x12
                  text run at (0,0) width 3: " "
            RenderTableCell {TD} at (15,12) size 9x12 [bgcolor=#FDFDFB] [r=1 c=2 rs=1 cs=1]
              RenderInline {FONT} at (0,0) size 3x12
                RenderText {#text} at (0,0) size 3x12
                  text run at (0,0) width 3: " "
            RenderTableCell {TD} at (23,12) size 9x12 [bgcolor=#FDFDFB] [r=1 c=3 rs=1 cs=1]
              RenderInline {FONT} at (0,0) size 3x12
                RenderText {#text} at (0,0) size 3x12
                  text run at (0,0) width 3: " "
            RenderTableCell {TD} at (31,12) size 9x12 [bgcolor=#FDFDFB] [r=1 c=4 rs=1 cs=1]
              RenderInline {FONT} at (0,0) size 3x12
                RenderText {#text} at (0,0) size 3x12
                  text run at (0,0) width 3: " "
            RenderTableCell {TD} at (39,12) size 9x12 [bgcolor=#FDFDFB] [r=1 c=5 rs=1 cs=1]
              RenderInline {FONT} at (0,0) size 3x12
                RenderText {#text} at (0,0) size 3x12
                  text run at (0,0) width 3: " "
            RenderTableCell {TD} at (47,12) size 8x12 [bgcolor=#FDFDFB] [r=1 c=6 rs=1 cs=1]
              RenderInline {FONT} at (0,0) size 3x12
                RenderText {#text} at (0,0) size 3x12
                  text run at (0,0) width 3: " "
            RenderTableCell {TD} at (54,12) size 9x12 [bgcolor=#EDEEEF] [r=1 c=7 rs=1 cs=1]
              RenderInline {FONT} at (0,0) size 3x12
                RenderText {#text} at (0,0) size 3x12
                  text run at (0,0) width 3: " "
            RenderTableCell {TD} at (62,12) size 9x12 [bgcolor=#B6D8D7] [r=1 c=8 rs=1 cs=1]
              RenderInline {FONT} at (0,0) size 3x12
                RenderText {#text} at (0,0) size 3x12
                  text run at (0,0) width 3: " "
            RenderTableCell {TD} at (70,12) size 9x12 [bgcolor=#44A3A2] [r=1 c=9 rs=1 cs=1]
              RenderInline {FONT} at (0,0) size 3x12
                RenderText {#text} at (0,0) size 3x12
                  text run at (0,0) width 3: " "
            RenderTableCell {TD} at (78,12) size 9x12 [bgcolor=#158E8C] [r=1 c=10 rs=1 cs=1]
              RenderInline {FONT} at (0,0) size 3x12
                RenderText {#text} at (0,0) size 3x12
                  text run at (0,0) width 3: " "
            RenderTableCell {TD} at (86,12) size 9x12 [bgcolor=#048485] [r=1 c=11 rs=1 cs=1]
              RenderInline {FONT} at (0,0) size 3x12
                RenderText {#text} at (0,0) size 3x12
                  text run at (0,0) width 3: " "
            RenderTableCell {TD} at (94,12) size 8x12 [bgcolor=#048485] [r=1 c=12 rs=1 cs=1]
              RenderInline {FONT} at (0,0) size 3x12
                RenderText {#text} at (0,0) size 3x12
                  text run at (0,0) width 3: " "
            RenderTableCell {TD} at (101,12) size 9x12 [bgcolor=#027777] [r=1 c=13 rs=1 cs=1]
              RenderInline {FONT} at (0,0) size 3x12
                RenderText {#text} at (0,0) size 3x12
                  text run at (0,0) width 3: " "
            RenderTableCell {TD} at (109,12) size 9x12 [bgcolor=#026766] [r=1 c=14 rs=1 cs=1]
              RenderInline {FONT} at (0,0) size 3x12
                RenderText {#text} at (0,0) size 3x12
                  text run at (0,0) width 3: " "
            RenderTableCell {TD} at (117,12) size 9x12 [bgcolor=#026766] [r=1 c=15 rs=1 cs=1]
              RenderInline {FONT} at (0,0) size 3x12
                RenderText {#text} at (0,0) size 3x12
                  text run at (0,0) width 3: " "
            RenderTableCell {TD} at (125,12) size 9x12 [bgcolor=#026766] [r=1 c=16 rs=1 cs=1]
              RenderInline {FONT} at (0,0) size 3x12
                RenderText {#text} at (0,0) size 3x12
                  text run at (0,0) width 3: " "
            RenderTableCell {TD} at (133,12) size 9x12 [bgcolor=#026766] [r=1 c=17 rs=1 cs=1]
              RenderInline {FONT} at (0,0) size 3x12
                RenderText {#text} at (0,0) size 3x12
                  text run at (0,0) width 3: " "
            RenderTableCell {TD} at (141,12) size 9x12 [bgcolor=#027777] [r=1 c=18 rs=1 cs=1]
              RenderInline {FONT} at (0,0) size 3x12
                RenderText {#text} at (0,0) size 3x12
                  text run at (0,0) width 3: " "
            RenderTableCell {TD} at (149,12) size 8x12 [bgcolor=#027777] [r=1 c=19 rs=1 cs=1]
              RenderInline {FONT} at (0,0) size 3x12
                RenderText {#text} at (0,0) size 3x12
                  text run at (0,0) width 3: " "
            RenderTableCell {TD} at (156,12) size 9x12 [bgcolor=#027777] [r=1 c=20 rs=1 cs=1]
              RenderInline {FONT} at (0,0) size 3x12
                RenderText {#text} at (0,0) size 3x12
                  text run at (0,0) width 3: " "
            RenderTableCell {TD} at (164,12) size 9x12 [bgcolor=#027777] [r=1 c=21 rs=1 cs=1]
              RenderInline {FONT} at (0,0) size 3x12
                RenderText {#text} at (0,0) size 3x12
                  text run at (0,0) width 3: " "
            RenderTableCell {TD} at (172,12) size 9x12 [bgcolor=#026766] [r=1 c=22 rs=1 cs=1]
              RenderInline {FONT} at (0,0) size 3x12
                RenderText {#text} at (0,0) size 3x12
                  text run at (0,0) width 3: " "
            RenderTableCell {TD} at (180,12) size 9x12 [bgcolor=#1E7A79] [r=1 c=23 rs=1 cs=1]
              RenderInline {FONT} at (0,0) size 3x12
                RenderText {#text} at (0,0) size 3x12
                  text run at (0,0) width 3: " "
            RenderTableCell {TD} at (188,12) size 9x12 [bgcolor=#589594] [r=1 c=24 rs=1 cs=1]
              RenderInline {FONT} at (0,0) size 3x12
                RenderText {#text} at (0,0) size 3x12
                  text run at (0,0) width 3: " "
            RenderTableCell {TD} at (196,12) size 8x12 [bgcolor=#BEC2C2] [r=1 c=25 rs=1 cs=1]
              RenderInline {FONT} at (0,0) size 3x12
                RenderText {#text} at (0,0) size 3x12
                  text run at (0,0) width 3: " "
            RenderTableCell {TD} at (203,12) size 9x12 [bgcolor=#E0EAE9] [r=1 c=26 rs=1 cs=1]
              RenderInline {FONT} at (0,0) size 3x12
                RenderText {#text} at (0,0) size 3x12
                  text run at (0,0) width 3: " "
            RenderTableCell {TD} at (211,12) size 9x12 [bgcolor=#FDFDFB] [r=1 c=27 rs=1 cs=1]
              RenderInline {FONT} at (0,0) size 3x12
                RenderText {#text} at (0,0) size 3x12
                  text run at (0,0) width 3: " "
            RenderTableCell {TD} at (219,12) size 9x12 [bgcolor=#FDFDFB] [r=1 c=28 rs=1 cs=1]
              RenderInline {FONT} at (0,0) size 3x12
                RenderText {#text} at (0,0) size 3x12
                  text run at (0,0) width 3: " "
            RenderTableCell {TD} at (227,12) size 9x12 [bgcolor=#FDFDFB] [r=1 c=29 rs=1 cs=1]
              RenderInline {FONT} at (0,0) size 3x12
                RenderText {#text} at (0,0) size 3x12
                  text run at (0,0) width 3: " "
            RenderTableCell {TD} at (235,12) size 9x12 [bgcolor=#FDFDFB] [r=1 c=30 rs=1 cs=1]
              RenderInline {FONT} at (0,0) size 3x12
                RenderText {#text} at (0,0) size 3x12
                  text run at (0,0) width 3: " "
            RenderTableCell {TD} at (243,12) size 8x12 [bgcolor=#FDFDFB] [r=1 c=31 rs=1 cs=1]
              RenderInline {FONT} at (0,0) size 3x12
                RenderText {#text} at (0,0) size 3x12
                  text run at (0,0) width 3: " "
            RenderTableCell {TD} at (251,12) size 8x12 [bgcolor=#FDFDFB] [r=1 c=32 rs=1 cs=1]
              RenderInline {FONT} at (0,0) size 3x12
                RenderText {#text} at (0,0) size 3x12
                  text run at (0,0) width 3: " "
            RenderTableCell {TD} at (258,12) size 9x12 [bgcolor=#FDFDFB] [r=1 c=33 rs=1 cs=1]
              RenderInline {FONT} at (0,0) size 3x12
                RenderText {#text} at (0,0) size 3x12
                  text run at (0,0) width 3: " "
            RenderTableCell {TD} at (266,12) size 9x12 [bgcolor=#FDFDFB] [r=1 c=34 rs=1 cs=1]
              RenderInline {FONT} at (0,0) size 3x12
                RenderText {#text} at (0,0) size 3x12
                  text run at (0,0) width 3: " "
            RenderTableCell {TD} at (274,12) size 9x12 [bgcolor=#EDEEEF] [r=1 c=35 rs=1 cs=1]
              RenderInline {FONT} at (0,0) size 3x12
                RenderText {#text} at (0,0) size 3x12
                  text run at (0,0) width 3: " "
            RenderTableCell {TD} at (282,12) size 9x12 [bgcolor=#249393] [r=1 c=36 rs=1 cs=1]
              RenderInline {FONT} at (0,0) size 3x12
                RenderText {#text} at (0,0) size 3x12
                  text run at (0,0) width 3: " "
            RenderTableCell {TD} at (290,12) size 9x12 [bgcolor=#249393] [r=1 c=37 rs=1 cs=1]
              RenderInline {FONT} at (0,0) size 3x12
                RenderText {#text} at (0,0) size 3x12
                  text run at (0,0) width 3: " "
            RenderTableCell {TD} at (298,12) size 8x12 [bgcolor=#1B8685] [r=1 c=38 rs=1 cs=1]
              RenderInline {FONT} at (0,0) size 3x12
                RenderText {#text} at (0,0) size 3x12
                  text run at (0,0) width 3: " "
            RenderTableCell {TD} at (305,12) size 9x12 [bgcolor=#1B8685] [r=1 c=39 rs=1 cs=1]
              RenderInline {FONT} at (0,0) size 3x12
                RenderText {#text} at (0,0) size 3x12
                  text run at (0,0) width 3: " "
            RenderTableCell {TD} at (313,12) size 9x12 [bgcolor=#1B8685] [r=1 c=40 rs=1 cs=1]
              RenderInline {FONT} at (0,0) size 3x12
                RenderText {#text} at (0,0) size 3x12
                  text run at (0,0) width 3: " "
            RenderTableCell {TD} at (321,12) size 9x12 [bgcolor=#1B8685] [r=1 c=41 rs=1 cs=1]
              RenderInline {FONT} at (0,0) size 3x12
                RenderText {#text} at (0,0) size 3x12
                  text run at (0,0) width 3: " "
            RenderTableCell {TD} at (329,12) size 9x12 [bgcolor=#1B8685] [r=1 c=42 rs=1 cs=1]
              RenderInline {FONT} at (0,0) size 3x12
                RenderText {#text} at (0,0) size 3x12
                  text run at (0,0) width 3: " "
            RenderTableCell {TD} at (337,12) size 9x12 [bgcolor=#1B8685] [r=1 c=43 rs=1 cs=1]
              RenderInline {FONT} at (0,0) size 3x12
                RenderText {#text} at (0,0) size 3x12
                  text run at (0,0) width 3: " "
            RenderTableCell {TD} at (345,12) size 8x12 [bgcolor=#1B8685] [r=1 c=44 rs=1 cs=1]
              RenderInline {FONT} at (0,0) size 3x12
                RenderText {#text} at (0,0) size 3x12
                  text run at (0,0) width 3: " "
            RenderTableCell {TD} at (352,12) size 9x12 [bgcolor=#1B8685] [r=1 c=45 rs=1 cs=1]
              RenderInline {FONT} at (0,0) size 3x12
                RenderText {#text} at (0,0) size 3x12
                  text run at (0,0) width 3: " "
            RenderTableCell {TD} at (360,12) size 9x12 [bgcolor=#1B8685] [r=1 c=46 rs=1 cs=1]
              RenderInline {FONT} at (0,0) size 3x12
                RenderText {#text} at (0,0) size 3x12
                  text run at (0,0) width 3: " "
            RenderTableCell {TD} at (368,12) size 9x12 [bgcolor=#1B8685] [r=1 c=47 rs=1 cs=1]
              RenderInline {FONT} at (0,0) size 3x12
                RenderText {#text} at (0,0) size 3x12
                  text run at (0,0) width 3: " "
            RenderTableCell {TD} at (376,12) size 9x12 [bgcolor=#1B8685] [r=1 c=48 rs=1 cs=1]
              RenderInline {FONT} at (0,0) size 3x12
                RenderText {#text} at (0,0) size 3x12
                  text run at (0,0) width 3: " "
            RenderTableCell {TD} at (384,12) size 9x12 [bgcolor=#1B8685] [r=1 c=49 rs=1 cs=1]
              RenderInline {FONT} at (0,0) size 3x12
                RenderText {#text} at (0,0) size 3x12
                  text run at (0,0) width 3: " "
            RenderTableCell {TD} at (392,12) size 9x12 [bgcolor=#1B8685] [r=1 c=50 rs=1 cs=1]
              RenderInline {FONT} at (0,0) size 3x12
                RenderText {#text} at (0,0) size 3x12
                  text run at (0,0) width 3: " "
            RenderTableCell {TD} at (400,12) size 8x12 [bgcolor=#1E7A79] [r=1 c=51 rs=1 cs=1]
              RenderInline {FONT} at (0,0) size 3x12
                RenderText {#text} at (0,0) size 3x12
                  text run at (0,0) width 3: " "
            RenderTableCell {TD} at (407,12) size 9x12 [bgcolor=#BEC2C2] [r=1 c=52 rs=1 cs=1]
              RenderInline {FONT} at (0,0) size 3x12
                RenderText {#text} at (0,0) size 3x12
                  text run at (0,0) width 3: " "
            RenderTableCell {TD} at (415,12) size 9x12 [bgcolor=#B6D0D1] [r=1 c=53 rs=1 cs=1]
              RenderInline {FONT} at (0,0) size 3x12
                RenderText {#text} at (0,0) size 3x12
                  text run at (0,0) width 3: " "
            RenderTableCell {TD} at (423,12) size 9x12 [bgcolor=#44A3A2] [r=1 c=54 rs=1 cs=1]
              RenderInline {FONT} at (0,0) size 3x12
                RenderText {#text} at (0,0) size 3x12
                  text run at (0,0) width 3: " "
            RenderTableCell {TD} at (431,12) size 9x12 [bgcolor=#1B8685] [r=1 c=55 rs=1 cs=1]
              RenderInline {FONT} at (0,0) size 3x12
                RenderText {#text} at (0,0) size 3x12
                  text run at (0,0) width 3: " "
            RenderTableCell {TD} at (439,12) size 9x12 [bgcolor=#1A6B6A] [r=1 c=56 rs=1 cs=1]
              RenderInline {FONT} at (0,0) size 3x12
                RenderText {#text} at (0,0) size 3x12
                  text run at (0,0) width 3: " "
            RenderTableCell {TD} at (447,12) size 8x12 [bgcolor=#BEC2C2] [r=1 c=57 rs=1 cs=1]
              RenderInline {FONT} at (0,0) size 3x12
                RenderText {#text} at (0,0) size 3x12
                  text run at (0,0) width 3: " "
            RenderTableCell {TD} at (454,12) size 9x12 [bgcolor=#EDEEEF] [r=1 c=58 rs=1 cs=1]
              RenderInline {FONT} at (0,0) size 3x12
                RenderText {#text} at (0,0) size 3x12
                  text run at (0,0) width 3: " "
            RenderTableCell {TD} at (462,12) size 9x12 [bgcolor=#FDFDFB] [r=1 c=59 rs=1 cs=1]
              RenderInline {FONT} at (0,0) size 3x12
                RenderText {#text} at (0,0) size 3x12
                  text run at (0,0) width 3: " "
            RenderTableCell {TD} at (470,12) size 9x12 [bgcolor=#FDFDFB] [r=1 c=60 rs=1 cs=1]
              RenderInline {FONT} at (0,0) size 3x12
                RenderText {#text} at (0,0) size 3x12
                  text run at (0,0) width 3: " "
            RenderTableCell {TD} at (478,12) size 9x12 [bgcolor=#FDFDFB] [r=1 c=61 rs=1 cs=1]
              RenderInline {FONT} at (0,0) size 3x12
                RenderText {#text} at (0,0) size 3x12
                  text run at (0,0) width 3: " "
            RenderTableCell {TD} at (486,12) size 9x12 [bgcolor=#FDFDFB] [r=1 c=62 rs=1 cs=1]
              RenderInline {FONT} at (0,0) size 3x12
                RenderText {#text} at (0,0) size 3x12
                  text run at (0,0) width 3: " "
            RenderTableCell {TD} at (494,12) size 8x12 [bgcolor=#FDFDFB] [r=1 c=63 rs=1 cs=1]
              RenderInline {FONT} at (0,0) size 3x12
                RenderText {#text} at (0,0) size 3x12
                  text run at (0,0) width 3: " "
            RenderTableCell {TD} at (502,12) size 8x12 [bgcolor=#FDFDFB] [r=1 c=64 rs=1 cs=1]
              RenderInline {FONT} at (0,0) size 3x12
                RenderText {#text} at (0,0) size 3x12
                  text run at (0,0) width 3: " "
            RenderTableCell {TD} at (509,12) size 9x12 [bgcolor=#FDFDFB] [r=1 c=65 rs=1 cs=1]
              RenderInline {FONT} at (0,0) size 3x12
                RenderText {#text} at (0,0) size 3x12
                  text run at (0,0) width 3: " "
            RenderTableCell {TD} at (517,12) size 9x12 [bgcolor=#FDFDFB] [r=1 c=66 rs=1 cs=1]
              RenderInline {FONT} at (0,0) size 3x12
                RenderText {#text} at (0,0) size 3x12
                  text run at (0,0) width 3: " "
            RenderTableCell {TD} at (525,12) size 9x12 [bgcolor=#EDEEEF] [r=1 c=67 rs=1 cs=1]
              RenderInline {FONT} at (0,0) size 3x12
                RenderText {#text} at (0,0) size 3x12
                  text run at (0,0) width 3: " "
            RenderTableCell {TD} at (533,12) size 9x12 [bgcolor=#E0EAE9] [r=1 c=68 rs=1 cs=1]
              RenderInline {FONT} at (0,0) size 3x12
                RenderText {#text} at (0,0) size 3x12
                  text run at (0,0) width 3: " "
            RenderTableCell {TD} at (541,12) size 9x12 [bgcolor=#B6D8D7] [r=1 c=69 rs=1 cs=1]
              RenderInline {FONT} at (0,0) size 3x12
                RenderText {#text} at (0,0) size 3x12
                  text run at (0,0) width 3: " "
            RenderTableCell {TD} at (549,12) size 8x12 [bgcolor=#7DBAB9] [r=1 c=70 rs=1 cs=1]
              RenderInline {FONT} at (0,0) size 3x12
                RenderText {#text} at (0,0) size 3x12
                  text run at (0,0) width 3: " "
            RenderTableCell {TD} at (556,12) size 9x12 [bgcolor=#349392] [r=1 c=71 rs=1 cs=1]
              RenderInline {FONT} at (0,0) size 3x12
                RenderText {#text} at (0,0) size 3x12
                  text run at (0,0) width 3: " "
            RenderTableCell {TD} at (564,12) size 9x12 [bgcolor=#349392] [r=1 c=72 rs=1 cs=1]
              RenderInline {FONT} at (0,0) size 3x12
                RenderText {#text} at (0,0) size 3x12
                  text run at (0,0) width 3: " "
            RenderTableCell {TD} at (572,12) size 9x12 [bgcolor=#349392] [r=1 c=73 rs=1 cs=1]
              RenderInline {FONT} at (0,0) size 3x12
                RenderText {#text} at (0,0) size 3x12
                  text run at (0,0) width 3: " "
            RenderTableCell {TD} at (580,12) size 9x12 [bgcolor=#249393] [r=1 c=74 rs=1 cs=1]
              RenderInline {FONT} at (0,0) size 3x12
                RenderText {#text} at (0,0) size 3x12
                  text run at (0,0) width 3: " "
            RenderTableCell {TD} at (588,12) size 9x12 [bgcolor=#1B8685] [r=1 c=75 rs=1 cs=1]
              RenderInline {FONT} at (0,0) size 3x12
                RenderText {#text} at (0,0) size 3x12
                  text run at (0,0) width 3: " "
            RenderTableCell {TD} at (596,12) size 8x12 [bgcolor=#1B8685] [r=1 c=76 rs=1 cs=1]
              RenderInline {FONT} at (0,0) size 3x12
                RenderText {#text} at (0,0) size 3x12
                  text run at (0,0) width 3: " "
            RenderTableCell {TD} at (603,12) size 9x12 [bgcolor=#1B8685] [r=1 c=77 rs=1 cs=1]
              RenderInline {FONT} at (0,0) size 3x12
                RenderText {#text} at (0,0) size 3x12
                  text run at (0,0) width 3: " "
            RenderTableCell {TD} at (611,12) size 9x12 [bgcolor=#1B8685] [r=1 c=78 rs=1 cs=1]
              RenderInline {FONT} at (0,0) size 3x12
                RenderText {#text} at (0,0) size 3x12
                  text run at (0,0) width 3: " "
            RenderTableCell {TD} at (619,12) size 9x12 [bgcolor=#1B8685] [r=1 c=79 rs=1 cs=1]
              RenderInline {FONT} at (0,0) size 3x12
                RenderText {#text} at (0,0) size 3x12
                  text run at (0,0) width 3: " "
            RenderTableCell {TD} at (627,12) size 9x12 [bgcolor=#1B8685] [r=1 c=80 rs=1 cs=1]
              RenderInline {FONT} at (0,0) size 3x12
                RenderText {#text} at (0,0) size 3x12
                  text run at (0,0) width 3: " "
            RenderTableCell {TD} at (635,12) size 9x12 [bgcolor=#1B8685] [r=1 c=81 rs=1 cs=1]
              RenderInline {FONT} at (0,0) size 3x12
                RenderText {#text} at (0,0) size 3x12
                  text run at (0,0) width 3: " "
            RenderTableCell {TD} at (643,12) size 9x12 [bgcolor=#1B8685] [r=1 c=82 rs=1 cs=1]
              RenderInline {FONT} at (0,0) size 3x12
                RenderText {#text} at (0,0) size 3x12
                  text run at (0,0) width 3: " "
            RenderTableCell {TD} at (651,12) size 8x12 [bgcolor=#1B8685] [r=1 c=83 rs=1 cs=1]
              RenderInline {FONT} at (0,0) size 3x12
                RenderText {#text} at (0,0) size 3x12
                  text run at (0,0) width 3: " "
            RenderTableCell {TD} at (658,12) size 9x12 [bgcolor=#1B8685] [r=1 c=84 rs=1 cs=1]
              RenderInline {FONT} at (0,0) size 3x12
                RenderText {#text} at (0,0) size 3x12
                  text run at (0,0) width 3: " "
            RenderTableCell {TD} at (666,12) size 9x12 [bgcolor=#1B8685] [r=1 c=85 rs=1 cs=1]
              RenderInline {FONT} at (0,0) size 3x12
                RenderText {#text} at (0,0) size 3x12
                  text run at (0,0) width 3: " "
            RenderTableCell {TD} at (674,12) size 9x12 [bgcolor=#1B8685] [r=1 c=86 rs=1 cs=1]
              RenderInline {FONT} at (0,0) size 3x12
                RenderText {#text} at (0,0) size 3x12
                  text run at (0,0) width 3: " "
            RenderTableCell {TD} at (682,12) size 9x12 [bgcolor=#1B8685] [r=1 c=87 rs=1 cs=1]
              RenderInline {FONT} at (0,0) size 3x12
                RenderText {#text} at (0,0) size 3x12
                  text run at (0,0) width 3: " "
            RenderTableCell {TD} at (690,12) size 9x12 [bgcolor=#1B8685] [r=1 c=88 rs=1 cs=1]
              RenderInline {FONT} at (0,0) size 3x12
                RenderText {#text} at (0,0) size 3x12
                  text run at (0,0) width 3: " "
            RenderTableCell {TD} at (698,12) size 8x12 [bgcolor=#1B8685] [r=1 c=89 rs=1 cs=1]
              RenderInline {FONT} at (0,0) size 3x12
                RenderText {#text} at (0,0) size 3x12
                  text run at (0,0) width 3: " "
            RenderTableCell {TD} at (705,12) size 9x12 [bgcolor=#1B8685] [r=1 c=90 rs=1 cs=1]
              RenderInline {FONT} at (0,0) size 3x12
                RenderText {#text} at (0,0) size 3x12
                  text run at (0,0) width 3: " "
            RenderTableCell {TD} at (713,12) size 9x12 [bgcolor=#1B8685] [r=1 c=91 rs=1 cs=1]
              RenderInline {FONT} at (0,0) size 3x12
                RenderText {#text} at (0,0) size 3x12
                  text run at (0,0) width 3: " "
            RenderTableCell {TD} at (721,12) size 9x12 [bgcolor=#1E7A79] [r=1 c=92 rs=1 cs=1]
              RenderInline {FONT} at (0,0) size 3x12
                RenderText {#text} at (0,0) size 3x12
                  text run at (0,0) width 3: " "
            RenderTableCell {TD} at (729,12) size 9x12 [bgcolor=#1A6B6A] [r=1 c=93 rs=1 cs=1]
              RenderInline {FONT} at (0,0) size 3x12
                RenderText {#text} at (0,0) size 3x12
                  text run at (0,0) width 3: " "
            RenderTableCell {TD} at (737,12) size 9x12 [bgcolor=#91A3A3] [r=1 c=94 rs=1 cs=1]
              RenderInline {FONT} at (0,0) size 3x12
                RenderText {#text} at (0,0) size 3x12
                  text run at (0,0) width 3: " "
            RenderTableCell {TD} at (745,12) size 8x12 [bgcolor=#E0EAE9] [r=1 c=95 rs=1 cs=1]
              RenderInline {FONT} at (0,0) size 3x12
                RenderText {#text} at (0,0) size 3x12
                  text run at (0,0) width 3: " "
            RenderTableCell {TD} at (753,12) size 8x12 [bgcolor=#EDEEEF] [r=1 c=96 rs=1 cs=1]
              RenderInline {FONT} at (0,0) size 3x12
                RenderText {#text} at (0,0) size 3x12
                  text run at (0,0) width 3: " "
            RenderTableCell {TD} at (760,12) size 9x12 [bgcolor=#FDFDFB] [r=1 c=97 rs=1 cs=1]
              RenderInline {FONT} at (0,0) size 3x12
                RenderText {#text} at (0,0) size 3x12
                  text run at (0,0) width 3: " "
            RenderTableCell {TD} at (768,12) size 9x12 [bgcolor=#FDFDFB] [r=1 c=98 rs=1 cs=1]
              RenderInline {FONT} at (0,0) size 3x12
                RenderText {#text} at (0,0) size 3x12
                  text run at (0,0) width 3: " "
            RenderTableCell {TD} at (776,12) size 9x12 [bgcolor=#FDFDFB] [r=1 c=99 rs=1 cs=1]
              RenderInline {FONT} at (0,0) size 3x12
                RenderText {#text} at (0,0) size 3x12
                  text run at (0,0) width 3: " "
          RenderTableRow {TR} at (0,24) size 784x12
            RenderTableCell {TD} at (0,24) size 8x12 [bgcolor=#FDFDFB] [r=2 c=0 rs=1 cs=1]
              RenderInline {FONT} at (0,0) size 3x12
                RenderText {#text} at (0,0) size 3x12
                  text run at (0,0) width 3: " "
            RenderTableCell {TD} at (7,24) size 9x12 [bgcolor=#FDFDFB] [r=2 c=1 rs=1 cs=1]
              RenderInline {FONT} at (0,0) size 3x12
                RenderText {#text} at (0,0) size 3x12
                  text run at (0,0) width 3: " "
            RenderTableCell {TD} at (15,24) size 9x12 [bgcolor=#FDFDFB] [r=2 c=2 rs=1 cs=1]
              RenderInline {FONT} at (0,0) size 3x12
                RenderText {#text} at (0,0) size 3x12
                  text run at (0,0) width 3: " "
            RenderTableCell {TD} at (23,24) size 9x12 [bgcolor=#FDFDFB] [r=2 c=3 rs=1 cs=1]
              RenderInline {FONT} at (0,0) size 3x12
                RenderText {#text} at (0,0) size 3x12
                  text run at (0,0) width 3: " "
            RenderTableCell {TD} at (31,24) size 9x12 [bgcolor=#FDFDFB] [r=2 c=4 rs=1 cs=1]
              RenderInline {FONT} at (0,0) size 3x12
                RenderText {#text} at (0,0) size 3x12
                  text run at (0,0) width 3: " "
            RenderTableCell {TD} at (39,24) size 9x12 [bgcolor=#FDFDFB] [r=2 c=5 rs=1 cs=1]
              RenderInline {FONT} at (0,0) size 3x12
                RenderText {#text} at (0,0) size 3x12
                  text run at (0,0) width 3: " "
            RenderTableCell {TD} at (47,24) size 8x12 [bgcolor=#CADEDD] [r=2 c=6 rs=1 cs=1]
              RenderInline {FONT} at (0,0) size 3x12
                RenderText {#text} at (0,0) size 3x12
                  text run at (0,0) width 3: " "
            RenderTableCell {TD} at (54,24) size 9x12 [bgcolor=#44A3A2] [r=2 c=7 rs=1 cs=1]
              RenderInline {FONT} at (0,0) size 3x12
                RenderText {#text} at (0,0) size 3x12
                  text run at (0,0) width 3: " "
            RenderTableCell {TD} at (62,24) size 9x12 [bgcolor=#048485] [r=2 c=8 rs=1 cs=1]
              RenderInline {FONT} at (0,0) size 3x12
                RenderText {#text} at (0,0) size 3x12
                  text run at (0,0) width 3: " "
            RenderTableCell {TD} at (70,24) size 9x12 [bgcolor=#048485] [r=2 c=9 rs=1 cs=1]
              RenderInline {FONT} at (0,0) size 3x12
                RenderText {#text} at (0,0) size 3x12
                  text run at (0,0) width 3: " "
            RenderTableCell {TD} at (78,24) size 9x12 [bgcolor=#027777] [r=2 c=10 rs=1 cs=1]
              RenderInline {FONT} at (0,0) size 3x12
                RenderText {#text} at (0,0) size 3x12
                  text run at (0,0) width 3: " "
            RenderTableCell {TD} at (86,24) size 9x12 [bgcolor=#027777] [r=2 c=11 rs=1 cs=1]
              RenderInline {FONT} at (0,0) size 3x12
                RenderText {#text} at (0,0) size 3x12
                  text run at (0,0) width 3: " "
            RenderTableCell {TD} at (94,24) size 8x12 [bgcolor=#026766] [r=2 c=12 rs=1 cs=1]
              RenderInline {FONT} at (0,0) size 3x12
                RenderText {#text} at (0,0) size 3x12
                  text run at (0,0) width 3: " "
            RenderTableCell {TD} at (101,24) size 9x12 [bgcolor=#025E5E] [r=2 c=13 rs=1 cs=1]
              RenderInline {FONT} at (0,0) size 3x12
                RenderText {#text} at (0,0) size 3x12
                  text run at (0,0) width 3: " "
            RenderTableCell {TD} at (109,24) size 9x12 [bgcolor=#044F4F] [r=2 c=14 rs=1 cs=1]
              RenderInline {FONT} at (0,0) size 3x12
                RenderText {#text} at (0,0) size 3x12
                  text run at (0,0) width 3: " "
            RenderTableCell {TD} at (117,24) size 9x12 [bgcolor=#044140] [r=2 c=15 rs=1 cs=1]
              RenderInline {FONT} at (0,0) size 3x12
                RenderText {#text} at (0,0) size 3x12
                  text run at (0,0) width 3: " "
            RenderTableCell {TD} at (125,24) size 9x12 [bgcolor=#044140] [r=2 c=16 rs=1 cs=1]
              RenderInline {FONT} at (0,0) size 3x12
                RenderText {#text} at (0,0) size 3x12
                  text run at (0,0) width 3: " "
            RenderTableCell {TD} at (133,24) size 9x12 [bgcolor=#044F4F] [r=2 c=17 rs=1 cs=1]
              RenderInline {FONT} at (0,0) size 3x12
                RenderText {#text} at (0,0) size 3x12
                  text run at (0,0) width 3: " "
            RenderTableCell {TD} at (141,24) size 9x12 [bgcolor=#025E5E] [r=2 c=18 rs=1 cs=1]
              RenderInline {FONT} at (0,0) size 3x12
                RenderText {#text} at (0,0) size 3x12
                  text run at (0,0) width 3: " "
            RenderTableCell {TD} at (149,24) size 8x12 [bgcolor=#026766] [r=2 c=19 rs=1 cs=1]
              RenderInline {FONT} at (0,0) size 3x12
                RenderText {#text} at (0,0) size 3x12
                  text run at (0,0) width 3: " "
            RenderTableCell {TD} at (156,24) size 9x12 [bgcolor=#026766] [r=2 c=20 rs=1 cs=1]
              RenderInline {FONT} at (0,0) size 3x12
                RenderText {#text} at (0,0) size 3x12
                  text run at (0,0) width 3: " "
            RenderTableCell {TD} at (164,24) size 9x12 [bgcolor=#026766] [r=2 c=21 rs=1 cs=1]
              RenderInline {FONT} at (0,0) size 3x12
                RenderText {#text} at (0,0) size 3x12
                  text run at (0,0) width 3: " "
            RenderTableCell {TD} at (172,24) size 9x12 [bgcolor=#026766] [r=2 c=22 rs=1 cs=1]
              RenderInline {FONT} at (0,0) size 3x12
                RenderText {#text} at (0,0) size 3x12
                  text run at (0,0) width 3: " "
            RenderTableCell {TD} at (180,24) size 9x12 [bgcolor=#026766] [r=2 c=23 rs=1 cs=1]
              RenderInline {FONT} at (0,0) size 3x12
                RenderText {#text} at (0,0) size 3x12
                  text run at (0,0) width 3: " "
            RenderTableCell {TD} at (188,24) size 9x12 [bgcolor=#026766] [r=2 c=24 rs=1 cs=1]
              RenderInline {FONT} at (0,0) size 3x12
                RenderText {#text} at (0,0) size 3x12
                  text run at (0,0) width 3: " "
            RenderTableCell {TD} at (196,24) size 8x12 [bgcolor=#026766] [r=2 c=25 rs=1 cs=1]
              RenderInline {FONT} at (0,0) size 3x12
                RenderText {#text} at (0,0) size 3x12
                  text run at (0,0) width 3: " "
            RenderTableCell {TD} at (203,24) size 9x12 [bgcolor=#589594] [r=2 c=26 rs=1 cs=1]
              RenderInline {FONT} at (0,0) size 3x12
                RenderText {#text} at (0,0) size 3x12
                  text run at (0,0) width 3: " "
            RenderTableCell {TD} at (211,24) size 9x12 [bgcolor=#CECFCF] [r=2 c=27 rs=1 cs=1]
              RenderInline {FONT} at (0,0) size 3x12
                RenderText {#text} at (0,0) size 3x12
                  text run at (0,0) width 3: " "
            RenderTableCell {TD} at (219,24) size 9x12 [bgcolor=#EDEEEF] [r=2 c=28 rs=1 cs=1]
              RenderInline {FONT} at (0,0) size 3x12
                RenderText {#text} at (0,0) size 3x12
                  text run at (0,0) width 3: " "
            RenderTableCell {TD} at (227,24) size 9x12 [bgcolor=#FDFDFB] [r=2 c=29 rs=1 cs=1]
              RenderInline {FONT} at (0,0) size 3x12
                RenderText {#text} at (0,0) size 3x12
                  text run at (0,0) width 3: " "
            RenderTableCell {TD} at (235,24) size 9x12 [bgcolor=#FDFDFB] [r=2 c=30 rs=1 cs=1]
              RenderInline {FONT} at (0,0) size 3x12
                RenderText {#text} at (0,0) size 3x12
                  text run at (0,0) width 3: " "
            RenderTableCell {TD} at (243,24) size 8x12 [bgcolor=#FDFDFB] [r=2 c=31 rs=1 cs=1]
              RenderInline {FONT} at (0,0) size 3x12
                RenderText {#text} at (0,0) size 3x12
                  text run at (0,0) width 3: " "
            RenderTableCell {TD} at (251,24) size 8x12 [bgcolor=#FDFDFB] [r=2 c=32 rs=1 cs=1]
              RenderInline {FONT} at (0,0) size 3x12
                RenderText {#text} at (0,0) size 3x12
                  text run at (0,0) width 3: " "
            RenderTableCell {TD} at (258,24) size 9x12 [bgcolor=#FDFDFB] [r=2 c=33 rs=1 cs=1]
              RenderInline {FONT} at (0,0) size 3x12
                RenderText {#text} at (0,0) size 3x12
                  text run at (0,0) width 3: " "
            RenderTableCell {TD} at (266,24) size 9x12 [bgcolor=#FDFDFB] [r=2 c=34 rs=1 cs=1]
              RenderInline {FONT} at (0,0) size 3x12
                RenderText {#text} at (0,0) size 3x12
                  text run at (0,0) width 3: " "
            RenderTableCell {TD} at (274,24) size 9x12 [bgcolor=#EDEEEF] [r=2 c=35 rs=1 cs=1]
              RenderInline {FONT} at (0,0) size 3x12
                RenderText {#text} at (0,0) size 3x12
                  text run at (0,0) width 3: " "
            RenderTableCell {TD} at (282,24) size 9x12 [bgcolor=#048485] [r=2 c=36 rs=1 cs=1]
              RenderInline {FONT} at (0,0) size 3x12
                RenderText {#text} at (0,0) size 3x12
                  text run at (0,0) width 3: " "
            RenderTableCell {TD} at (290,24) size 9x12 [bgcolor=#048485] [r=2 c=37 rs=1 cs=1]
              RenderInline {FONT} at (0,0) size 3x12
                RenderText {#text} at (0,0) size 3x12
                  text run at (0,0) width 3: " "
            RenderTableCell {TD} at (298,24) size 8x12 [bgcolor=#027777] [r=2 c=38 rs=1 cs=1]
              RenderInline {FONT} at (0,0) size 3x12
                RenderText {#text} at (0,0) size 3x12
                  text run at (0,0) width 3: " "
            RenderTableCell {TD} at (305,24) size 9x12 [bgcolor=#027777] [r=2 c=39 rs=1 cs=1]
              RenderInline {FONT} at (0,0) size 3x12
                RenderText {#text} at (0,0) size 3x12
                  text run at (0,0) width 3: " "
            RenderTableCell {TD} at (313,24) size 9x12 [bgcolor=#027777] [r=2 c=40 rs=1 cs=1]
              RenderInline {FONT} at (0,0) size 3x12
                RenderText {#text} at (0,0) size 3x12
                  text run at (0,0) width 3: " "
            RenderTableCell {TD} at (321,24) size 9x12 [bgcolor=#027777] [r=2 c=41 rs=1 cs=1]
              RenderInline {FONT} at (0,0) size 3x12
                RenderText {#text} at (0,0) size 3x12
                  text run at (0,0) width 3: " "
            RenderTableCell {TD} at (329,24) size 9x12 [bgcolor=#027777] [r=2 c=42 rs=1 cs=1]
              RenderInline {FONT} at (0,0) size 3x12
                RenderText {#text} at (0,0) size 3x12
                  text run at (0,0) width 3: " "
            RenderTableCell {TD} at (337,24) size 9x12 [bgcolor=#027777] [r=2 c=43 rs=1 cs=1]
              RenderInline {FONT} at (0,0) size 3x12
                RenderText {#text} at (0,0) size 3x12
                  text run at (0,0) width 3: " "
            RenderTableCell {TD} at (345,24) size 8x12 [bgcolor=#027777] [r=2 c=44 rs=1 cs=1]
              RenderInline {FONT} at (0,0) size 3x12
                RenderText {#text} at (0,0) size 3x12
                  text run at (0,0) width 3: " "
            RenderTableCell {TD} at (352,24) size 9x12 [bgcolor=#027777] [r=2 c=45 rs=1 cs=1]
              RenderInline {FONT} at (0,0) size 3x12
                RenderText {#text} at (0,0) size 3x12
                  text run at (0,0) width 3: " "
            RenderTableCell {TD} at (360,24) size 9x12 [bgcolor=#027777] [r=2 c=46 rs=1 cs=1]
              RenderInline {FONT} at (0,0) size 3x12
                RenderText {#text} at (0,0) size 3x12
                  text run at (0,0) width 3: " "
            RenderTableCell {TD} at (368,24) size 9x12 [bgcolor=#027777] [r=2 c=47 rs=1 cs=1]
              RenderInline {FONT} at (0,0) size 3x12
                RenderText {#text} at (0,0) size 3x12
                  text run at (0,0) width 3: " "
            RenderTableCell {TD} at (376,24) size 9x12 [bgcolor=#027777] [r=2 c=48 rs=1 cs=1]
              RenderInline {FONT} at (0,0) size 3x12
                RenderText {#text} at (0,0) size 3x12
                  text run at (0,0) width 3: " "
            RenderTableCell {TD} at (384,24) size 9x12 [bgcolor=#027777] [r=2 c=49 rs=1 cs=1]
              RenderInline {FONT} at (0,0) size 3x12
                RenderText {#text} at (0,0) size 3x12
                  text run at (0,0) width 3: " "
            RenderTableCell {TD} at (392,24) size 9x12 [bgcolor=#027777] [r=2 c=50 rs=1 cs=1]
              RenderInline {FONT} at (0,0) size 3x12
                RenderText {#text} at (0,0) size 3x12
                  text run at (0,0) width 3: " "
            RenderTableCell {TD} at (400,24) size 8x12 [bgcolor=#026766] [r=2 c=51 rs=1 cs=1]
              RenderInline {FONT} at (0,0) size 3x12
                RenderText {#text} at (0,0) size 3x12
                  text run at (0,0) width 3: " "
            RenderTableCell {TD} at (407,24) size 9x12 [bgcolor=#338686] [r=2 c=52 rs=1 cs=1]
              RenderInline {FONT} at (0,0) size 3x12
                RenderText {#text} at (0,0) size 3x12
                  text run at (0,0) width 3: " "
            RenderTableCell {TD} at (415,24) size 9x12 [bgcolor=#048485] [r=2 c=53 rs=1 cs=1]
              RenderInline {FONT} at (0,0) size 3x12
                RenderText {#text} at (0,0) size 3x12
                  text run at (0,0) width 3: " "
            RenderTableCell {TD} at (423,24) size 9x12 [bgcolor=#027777] [r=2 c=54 rs=1 cs=1]
              RenderInline {FONT} at (0,0) size 3x12
                RenderText {#text} at (0,0) size 3x12
                  text run at (0,0) width 3: " "
            RenderTableCell {TD} at (431,24) size 9x12 [bgcolor=#026766] [r=2 c=55 rs=1 cs=1]
              RenderInline {FONT} at (0,0) size 3x12
                RenderText {#text} at (0,0) size 3x12
                  text run at (0,0) width 3: " "
            RenderTableCell {TD} at (439,24) size 9x12 [bgcolor=#044F4F] [r=2 c=56 rs=1 cs=1]
              RenderInline {FONT} at (0,0) size 3x12
                RenderText {#text} at (0,0) size 3x12
                  text run at (0,0) width 3: " "
            RenderTableCell {TD} at (447,24) size 8x12 [bgcolor=#939494] [r=2 c=57 rs=1 cs=1]
              RenderInline {FONT} at (0,0) size 3x12
                RenderText {#text} at (0,0) size 3x12
                  text run at (0,0) width 3: " "
            RenderTableCell {TD} at (454,24) size 9x12 [bgcolor=#CECFCF] [r=2 c=58 rs=1 cs=1]
              RenderInline {FONT} at (0,0) size 3x12
                RenderText {#text} at (0,0) size 3x12
                  text run at (0,0) width 3: " "
            RenderTableCell {TD} at (462,24) size 9x12 [bgcolor=#EDEEEF] [r=2 c=59 rs=1 cs=1]
              RenderInline {FONT} at (0,0) size 3x12
                RenderText {#text} at (0,0) size 3x12
                  text run at (0,0) width 3: " "
            RenderTableCell {TD} at (470,24) size 9x12 [bgcolor=#FDFDFB] [r=2 c=60 rs=1 cs=1]
              RenderInline {FONT} at (0,0) size 3x12
                RenderText {#text} at (0,0) size 3x12
                  text run at (0,0) width 3: " "
            RenderTableCell {TD} at (478,24) size 9x12 [bgcolor=#FDFDFB] [r=2 c=61 rs=1 cs=1]
              RenderInline {FONT} at (0,0) size 3x12
                RenderText {#text} at (0,0) size 3x12
                  text run at (0,0) width 3: " "
            RenderTableCell {TD} at (486,24) size 9x12 [bgcolor=#FDFDFB] [r=2 c=62 rs=1 cs=1]
              RenderInline {FONT} at (0,0) size 3x12
                RenderText {#text} at (0,0) size 3x12
                  text run at (0,0) width 3: " "
            RenderTableCell {TD} at (494,24) size 8x12 [bgcolor=#FDFDFB] [r=2 c=63 rs=1 cs=1]
              RenderInline {FONT} at (0,0) size 3x12
                RenderText {#text} at (0,0) size 3x12
                  text run at (0,0) width 3: " "
            RenderTableCell {TD} at (502,24) size 8x12 [bgcolor=#FDFDFB] [r=2 c=64 rs=1 cs=1]
              RenderInline {FONT} at (0,0) size 3x12
                RenderText {#text} at (0,0) size 3x12
                  text run at (0,0) width 3: " "
            RenderTableCell {TD} at (509,24) size 9x12 [bgcolor=#EDEEEF] [r=2 c=65 rs=1 cs=1]
              RenderInline {FONT} at (0,0) size 3x12
                RenderText {#text} at (0,0) size 3x12
                  text run at (0,0) width 3: " "
            RenderTableCell {TD} at (517,24) size 9x12 [bgcolor=#A4CCCC] [r=2 c=66 rs=1 cs=1]
              RenderInline {FONT} at (0,0) size 3x12
                RenderText {#text} at (0,0) size 3x12
                  text run at (0,0) width 3: " "
            RenderTableCell {TD} at (525,24) size 9x12 [bgcolor=#5CADAE] [r=2 c=67 rs=1 cs=1]
              RenderInline {FONT} at (0,0) size 3x12
                RenderText {#text} at (0,0) size 3x12
                  text run at (0,0) width 3: " "
            RenderTableCell {TD} at (533,24) size 9x12 [bgcolor=#158E8C] [r=2 c=68 rs=1 cs=1]
              RenderInline {FONT} at (0,0) size 3x12
                RenderText {#text} at (0,0) size 3x12
                  text run at (0,0) width 3: " "
            RenderTableCell {TD} at (541,24) size 9x12 [bgcolor=#048485] [r=2 c=69 rs=1 cs=1]
              RenderInline {FONT} at (0,0) size 3x12
                RenderText {#text} at (0,0) size 3x12
                  text run at (0,0) width 3: " "
            RenderTableCell {TD} at (549,24) size 8x12 [bgcolor=#048485] [r=2 c=70 rs=1 cs=1]
              RenderInline {FONT} at (0,0) size 3x12
                RenderText {#text} at (0,0) size 3x12
                  text run at (0,0) width 3: " "
            RenderTableCell {TD} at (556,24) size 9x12 [bgcolor=#027777] [r=2 c=71 rs=1 cs=1]
              RenderInline {FONT} at (0,0) size 3x12
                RenderText {#text} at (0,0) size 3x12
                  text run at (0,0) width 3: " "
            RenderTableCell {TD} at (564,24) size 9x12 [bgcolor=#027777] [r=2 c=72 rs=1 cs=1]
              RenderInline {FONT} at (0,0) size 3x12
                RenderText {#text} at (0,0) size 3x12
                  text run at (0,0) width 3: " "
            RenderTableCell {TD} at (572,24) size 9x12 [bgcolor=#027777] [r=2 c=73 rs=1 cs=1]
              RenderInline {FONT} at (0,0) size 3x12
                RenderText {#text} at (0,0) size 3x12
                  text run at (0,0) width 3: " "
            RenderTableCell {TD} at (580,24) size 9x12 [bgcolor=#027777] [r=2 c=74 rs=1 cs=1]
              RenderInline {FONT} at (0,0) size 3x12
                RenderText {#text} at (0,0) size 3x12
                  text run at (0,0) width 3: " "
            RenderTableCell {TD} at (588,24) size 9x12 [bgcolor=#027777] [r=2 c=75 rs=1 cs=1]
              RenderInline {FONT} at (0,0) size 3x12
                RenderText {#text} at (0,0) size 3x12
                  text run at (0,0) width 3: " "
            RenderTableCell {TD} at (596,24) size 8x12 [bgcolor=#027777] [r=2 c=76 rs=1 cs=1]
              RenderInline {FONT} at (0,0) size 3x12
                RenderText {#text} at (0,0) size 3x12
                  text run at (0,0) width 3: " "
            RenderTableCell {TD} at (603,24) size 9x12 [bgcolor=#027777] [r=2 c=77 rs=1 cs=1]
              RenderInline {FONT} at (0,0) size 3x12
                RenderText {#text} at (0,0) size 3x12
                  text run at (0,0) width 3: " "
            RenderTableCell {TD} at (611,24) size 9x12 [bgcolor=#027777] [r=2 c=78 rs=1 cs=1]
              RenderInline {FONT} at (0,0) size 3x12
                RenderText {#text} at (0,0) size 3x12
                  text run at (0,0) width 3: " "
            RenderTableCell {TD} at (619,24) size 9x12 [bgcolor=#027777] [r=2 c=79 rs=1 cs=1]
              RenderInline {FONT} at (0,0) size 3x12
                RenderText {#text} at (0,0) size 3x12
                  text run at (0,0) width 3: " "
            RenderTableCell {TD} at (627,24) size 9x12 [bgcolor=#027777] [r=2 c=80 rs=1 cs=1]
              RenderInline {FONT} at (0,0) size 3x12
                RenderText {#text} at (0,0) size 3x12
                  text run at (0,0) width 3: " "
            RenderTableCell {TD} at (635,24) size 9x12 [bgcolor=#027777] [r=2 c=81 rs=1 cs=1]
              RenderInline {FONT} at (0,0) size 3x12
                RenderText {#text} at (0,0) size 3x12
                  text run at (0,0) width 3: " "
            RenderTableCell {TD} at (643,24) size 9x12 [bgcolor=#027777] [r=2 c=82 rs=1 cs=1]
              RenderInline {FONT} at (0,0) size 3x12
                RenderText {#text} at (0,0) size 3x12
                  text run at (0,0) width 3: " "
            RenderTableCell {TD} at (651,24) size 8x12 [bgcolor=#027777] [r=2 c=83 rs=1 cs=1]
              RenderInline {FONT} at (0,0) size 3x12
                RenderText {#text} at (0,0) size 3x12
                  text run at (0,0) width 3: " "
            RenderTableCell {TD} at (658,24) size 9x12 [bgcolor=#027777] [r=2 c=84 rs=1 cs=1]
              RenderInline {FONT} at (0,0) size 3x12
                RenderText {#text} at (0,0) size 3x12
                  text run at (0,0) width 3: " "
            RenderTableCell {TD} at (666,24) size 9x12 [bgcolor=#027777] [r=2 c=85 rs=1 cs=1]
              RenderInline {FONT} at (0,0) size 3x12
                RenderText {#text} at (0,0) size 3x12
                  text run at (0,0) width 3: " "
            RenderTableCell {TD} at (674,24) size 9x12 [bgcolor=#027777] [r=2 c=86 rs=1 cs=1]
              RenderInline {FONT} at (0,0) size 3x12
                RenderText {#text} at (0,0) size 3x12
                  text run at (0,0) width 3: " "
            RenderTableCell {TD} at (682,24) size 9x12 [bgcolor=#027777] [r=2 c=87 rs=1 cs=1]
              RenderInline {FONT} at (0,0) size 3x12
                RenderText {#text} at (0,0) size 3x12
                  text run at (0,0) width 3: " "
            RenderTableCell {TD} at (690,24) size 9x12 [bgcolor=#027777] [r=2 c=88 rs=1 cs=1]
              RenderInline {FONT} at (0,0) size 3x12
                RenderText {#text} at (0,0) size 3x12
                  text run at (0,0) width 3: " "
            RenderTableCell {TD} at (698,24) size 8x12 [bgcolor=#027777] [r=2 c=89 rs=1 cs=1]
              RenderInline {FONT} at (0,0) size 3x12
                RenderText {#text} at (0,0) size 3x12
                  text run at (0,0) width 3: " "
            RenderTableCell {TD} at (705,24) size 9x12 [bgcolor=#027777] [r=2 c=90 rs=1 cs=1]
              RenderInline {FONT} at (0,0) size 3x12
                RenderText {#text} at (0,0) size 3x12
                  text run at (0,0) width 3: " "
            RenderTableCell {TD} at (713,24) size 9x12 [bgcolor=#027777] [r=2 c=91 rs=1 cs=1]
              RenderInline {FONT} at (0,0) size 3x12
                RenderText {#text} at (0,0) size 3x12
                  text run at (0,0) width 3: " "
            RenderTableCell {TD} at (721,24) size 9x12 [bgcolor=#026766] [r=2 c=92 rs=1 cs=1]
              RenderInline {FONT} at (0,0) size 3x12
                RenderText {#text} at (0,0) size 3x12
                  text run at (0,0) width 3: " "
            RenderTableCell {TD} at (729,24) size 9x12 [bgcolor=#044F4F] [r=2 c=93 rs=1 cs=1]
              RenderInline {FONT} at (0,0) size 3x12
                RenderText {#text} at (0,0) size 3x12
                  text run at (0,0) width 3: " "
            RenderTableCell {TD} at (737,24) size 9x12 [bgcolor=#647979] [r=2 c=94 rs=1 cs=1]
              RenderInline {FONT} at (0,0) size 3x12
                RenderText {#text} at (0,0) size 3x12
                  text run at (0,0) width 3: " "
            RenderTableCell {TD} at (745,24) size 8x12 [bgcolor=#BEC2C2] [r=2 c=95 rs=1 cs=1]
              RenderInline {FONT} at (0,0) size 3x12
                RenderText {#text} at (0,0) size 3x12
                  text run at (0,0) width 3: " "
            RenderTableCell {TD} at (753,24) size 8x12 [bgcolor=#E0EAE9] [r=2 c=96 rs=1 cs=1]
              RenderInline {FONT} at (0,0) size 3x12
                RenderText {#text} at (0,0) size 3x12
                  text run at (0,0) width 3: " "
            RenderTableCell {TD} at (760,24) size 9x12 [bgcolor=#FDFDFB] [r=2 c=97 rs=1 cs=1]
              RenderInline {FONT} at (0,0) size 3x12
                RenderText {#text} at (0,0) size 3x12
                  text run at (0,0) width 3: " "
            RenderTableCell {TD} at (768,24) size 9x12 [bgcolor=#FDFDFB] [r=2 c=98 rs=1 cs=1]
              RenderInline {FONT} at (0,0) size 3x12
                RenderText {#text} at (0,0) size 3x12
                  text run at (0,0) width 3: " "
            RenderTableCell {TD} at (776,24) size 9x12 [bgcolor=#FDFDFB] [r=2 c=99 rs=1 cs=1]
              RenderInline {FONT} at (0,0) size 3x12
                RenderText {#text} at (0,0) size 3x12
                  text run at (0,0) width 3: " "
          RenderTableRow {TR} at (0,36) size 784x12
            RenderTableCell {TD} at (0,36) size 8x12 [bgcolor=#FDFDFB] [r=3 c=0 rs=1 cs=1]
              RenderInline {FONT} at (0,0) size 3x12
                RenderText {#text} at (0,0) size 3x12
                  text run at (0,0) width 3: " "
            RenderTableCell {TD} at (7,36) size 9x12 [bgcolor=#FDFDFB] [r=3 c=1 rs=1 cs=1]
              RenderInline {FONT} at (0,0) size 3x12
                RenderText {#text} at (0,0) size 3x12
                  text run at (0,0) width 3: " "
            RenderTableCell {TD} at (15,36) size 9x12 [bgcolor=#FDFDFB] [r=3 c=2 rs=1 cs=1]
              RenderInline {FONT} at (0,0) size 3x12
                RenderText {#text} at (0,0) size 3x12
                  text run at (0,0) width 3: " "
            RenderTableCell {TD} at (23,36) size 9x12 [bgcolor=#FDFDFB] [r=3 c=3 rs=1 cs=1]
              RenderInline {FONT} at (0,0) size 3x12
                RenderText {#text} at (0,0) size 3x12
                  text run at (0,0) width 3: " "
            RenderTableCell {TD} at (31,36) size 9x12 [bgcolor=#FDFDFB] [r=3 c=4 rs=1 cs=1]
              RenderInline {FONT} at (0,0) size 3x12
                RenderText {#text} at (0,0) size 3x12
                  text run at (0,0) width 3: " "
            RenderTableCell {TD} at (39,36) size 9x12 [bgcolor=#66BABC] [r=3 c=5 rs=1 cs=1]
              RenderInline {FONT} at (0,0) size 3x12
                RenderText {#text} at (0,0) size 3x12
                  text run at (0,0) width 3: " "
            RenderTableCell {TD} at (47,36) size 8x12 [bgcolor=#158E8C] [r=3 c=6 rs=1 cs=1]
              RenderInline {FONT} at (0,0) size 3x12
                RenderText {#text} at (0,0) size 3x12
                  text run at (0,0) width 3: " "
            RenderTableCell {TD} at (54,36) size 9x12 [bgcolor=#048485] [r=3 c=7 rs=1 cs=1]
              RenderInline {FONT} at (0,0) size 3x12
                RenderText {#text} at (0,0) size 3x12
                  text run at (0,0) width 3: " "
            RenderTableCell {TD} at (62,36) size 9x12 [bgcolor=#027777] [r=3 c=8 rs=1 cs=1]
              RenderInline {FONT} at (0,0) size 3x12
                RenderText {#text} at (0,0) size 3x12
                  text run at (0,0) width 3: " "
            RenderTableCell {TD} at (70,36) size 9x12 [bgcolor=#027777] [r=3 c=9 rs=1 cs=1]
              RenderInline {FONT} at (0,0) size 3x12
                RenderText {#text} at (0,0) size 3x12
                  text run at (0,0) width 3: " "
            RenderTableCell {TD} at (78,36) size 9x12 [bgcolor=#026766] [r=3 c=10 rs=1 cs=1]
              RenderInline {FONT} at (0,0) size 3x12
                RenderText {#text} at (0,0) size 3x12
                  text run at (0,0) width 3: " "
            RenderTableCell {TD} at (86,36) size 9x12 [bgcolor=#026766] [r=3 c=11 rs=1 cs=1]
              RenderInline {FONT} at (0,0) size 3x12
                RenderText {#text} at (0,0) size 3x12
                  text run at (0,0) width 3: " "
            RenderTableCell {TD} at (94,36) size 8x12 [bgcolor=#025E5E] [r=3 c=12 rs=1 cs=1]
              RenderInline {FONT} at (0,0) size 3x12
                RenderText {#text} at (0,0) size 3x12
                  text run at (0,0) width 3: " "
            RenderTableCell {TD} at (101,36) size 9x12 [bgcolor=#044F4F] [r=3 c=13 rs=1 cs=1]
              RenderInline {FONT} at (0,0) size 3x12
                RenderText {#text} at (0,0) size 3x12
                  text run at (0,0) width 3: " "
            RenderTableCell {TD} at (109,36) size 9x12 [bgcolor=#044140] [r=3 c=14 rs=1 cs=1]
              RenderInline {FONT} at (0,0) size 3x12
                RenderText {#text} at (0,0) size 3x12
                  text run at (0,0) width 3: " "
            RenderTableCell {TD} at (117,36) size 9x12 [bgcolor=#223C3D] [r=3 c=15 rs=1 cs=1]
              RenderInline {FONT} at (0,0) size 3x12
                RenderText {#text} at (0,0) size 3x12
                  text run at (0,0) width 3: " "
            RenderTableCell {TD} at (125,36) size 9x12 [bgcolor=#344C4E] [r=3 c=16 rs=1 cs=1]
              RenderInline {FONT} at (0,0) size 3x12
                RenderText {#text} at (0,0) size 3x12
                  text run at (0,0) width 3: " "
            RenderTableCell {TD} at (133,36) size 9x12 [bgcolor=#4D4F4F] [r=3 c=17 rs=1 cs=1]
              RenderInline {FONT} at (0,0) size 3x12
                RenderText {#text} at (0,0) size 3x12
                  text run at (0,0) width 3: " "
            RenderTableCell {TD} at (141,36) size 9x12 [bgcolor=#1A5C5C] [r=3 c=18 rs=1 cs=1]
              RenderInline {FONT} at (0,0) size 3x12
                RenderText {#text} at (0,0) size 3x12
                  text run at (0,0) width 3: " "
            RenderTableCell {TD} at (149,36) size 8x12 [bgcolor=#026766] [r=3 c=19 rs=1 cs=1]
              RenderInline {FONT} at (0,0) size 3x12
                RenderText {#text} at (0,0) size 3x12
                  text run at (0,0) width 3: " "
            RenderTableCell {TD} at (156,36) size 9x12 [bgcolor=#026766] [r=3 c=20 rs=1 cs=1]
              RenderInline {FONT} at (0,0) size 3x12
                RenderText {#text} at (0,0) size 3x12
                  text run at (0,0) width 3: " "
            RenderTableCell {TD} at (164,36) size 9x12 [bgcolor=#026766] [r=3 c=21 rs=1 cs=1]
              RenderInline {FONT} at (0,0) size 3x12
                RenderText {#text} at (0,0) size 3x12
                  text run at (0,0) width 3: " "
            RenderTableCell {TD} at (172,36) size 9x12 [bgcolor=#026766] [r=3 c=22 rs=1 cs=1]
              RenderInline {FONT} at (0,0) size 3x12
                RenderText {#text} at (0,0) size 3x12
                  text run at (0,0) width 3: " "
            RenderTableCell {TD} at (180,36) size 9x12 [bgcolor=#026766] [r=3 c=23 rs=1 cs=1]
              RenderInline {FONT} at (0,0) size 3x12
                RenderText {#text} at (0,0) size 3x12
                  text run at (0,0) width 3: " "
            RenderTableCell {TD} at (188,36) size 9x12 [bgcolor=#026766] [r=3 c=24 rs=1 cs=1]
              RenderInline {FONT} at (0,0) size 3x12
                RenderText {#text} at (0,0) size 3x12
                  text run at (0,0) width 3: " "
            RenderTableCell {TD} at (196,36) size 8x12 [bgcolor=#026766] [r=3 c=25 rs=1 cs=1]
              RenderInline {FONT} at (0,0) size 3x12
                RenderText {#text} at (0,0) size 3x12
                  text run at (0,0) width 3: " "
            RenderTableCell {TD} at (203,36) size 9x12 [bgcolor=#025E5E] [r=3 c=26 rs=1 cs=1]
              RenderInline {FONT} at (0,0) size 3x12
                RenderText {#text} at (0,0) size 3x12
                  text run at (0,0) width 3: " "
            RenderTableCell {TD} at (211,36) size 9x12 [bgcolor=#1A6B6A] [r=3 c=27 rs=1 cs=1]
              RenderInline {FONT} at (0,0) size 3x12
                RenderText {#text} at (0,0) size 3x12
                  text run at (0,0) width 3: " "
            RenderTableCell {TD} at (219,36) size 9x12 [bgcolor=#7B918F] [r=3 c=28 rs=1 cs=1]
              RenderInline {FONT} at (0,0) size 3x12
                RenderText {#text} at (0,0) size 3x12
                  text run at (0,0) width 3: " "
            RenderTableCell {TD} at (227,36) size 9x12 [bgcolor=#A5A6A6] [r=3 c=29 rs=1 cs=1]
              RenderInline {FONT} at (0,0) size 3x12
                RenderText {#text} at (0,0) size 3x12
                  text run at (0,0) width 3: " "
            RenderTableCell {TD} at (235,36) size 9x12 [bgcolor=#B4B4B4] [r=3 c=30 rs=1 cs=1]
              RenderInline {FONT} at (0,0) size 3x12
                RenderText {#text} at (0,0) size 3x12
                  text run at (0,0) width 3: " "
            RenderTableCell {TD} at (243,36) size 8x12 [bgcolor=#B4B4B4] [r=3 c=31 rs=1 cs=1]
              RenderInline {FONT} at (0,0) size 3x12
                RenderText {#text} at (0,0) size 3x12
                  text run at (0,0) width 3: " "
            RenderTableCell {TD} at (251,36) size 8x12 [bgcolor=#B4B4B4] [r=3 c=32 rs=1 cs=1]
              RenderInline {FONT} at (0,0) size 3x12
                RenderText {#text} at (0,0) size 3x12
                  text run at (0,0) width 3: " "
            RenderTableCell {TD} at (258,36) size 9x12 [bgcolor=#B4B4B4] [r=3 c=33 rs=1 cs=1]
              RenderInline {FONT} at (0,0) size 3x12
                RenderText {#text} at (0,0) size 3x12
                  text run at (0,0) width 3: " "
            RenderTableCell {TD} at (266,36) size 9x12 [bgcolor=#B4B4B4] [r=3 c=34 rs=1 cs=1]
              RenderInline {FONT} at (0,0) size 3x12
                RenderText {#text} at (0,0) size 3x12
                  text run at (0,0) width 3: " "
            RenderTableCell {TD} at (274,36) size 9x12 [bgcolor=#A2B5B4] [r=3 c=35 rs=1 cs=1]
              RenderInline {FONT} at (0,0) size 3x12
                RenderText {#text} at (0,0) size 3x12
                  text run at (0,0) width 3: " "
            RenderTableCell {TD} at (282,36) size 9x12 [bgcolor=#048485] [r=3 c=36 rs=1 cs=1]
              RenderInline {FONT} at (0,0) size 3x12
                RenderText {#text} at (0,0) size 3x12
                  text run at (0,0) width 3: " "
            RenderTableCell {TD} at (290,36) size 9x12 [bgcolor=#027777] [r=3 c=37 rs=1 cs=1]
              RenderInline {FONT} at (0,0) size 3x12
                RenderText {#text} at (0,0) size 3x12
                  text run at (0,0) width 3: " "
            RenderTableCell {TD} at (298,36) size 8x12 [bgcolor=#026766] [r=3 c=38 rs=1 cs=1]
              RenderInline {FONT} at (0,0) size 3x12
                RenderText {#text} at (0,0) size 3x12
                  text run at (0,0) width 3: " "
            RenderTableCell {TD} at (305,36) size 9x12 [bgcolor=#026766] [r=3 c=39 rs=1 cs=1]
              RenderInline {FONT} at (0,0) size 3x12
                RenderText {#text} at (0,0) size 3x12
                  text run at (0,0) width 3: " "
            RenderTableCell {TD} at (313,36) size 9x12 [bgcolor=#026766] [r=3 c=40 rs=1 cs=1]
              RenderInline {FONT} at (0,0) size 3x12
                RenderText {#text} at (0,0) size 3x12
                  text run at (0,0) width 3: " "
            RenderTableCell {TD} at (321,36) size 9x12 [bgcolor=#026766] [r=3 c=41 rs=1 cs=1]
              RenderInline {FONT} at (0,0) size 3x12
                RenderText {#text} at (0,0) size 3x12
                  text run at (0,0) width 3: " "
            RenderTableCell {TD} at (329,36) size 9x12 [bgcolor=#026766] [r=3 c=42 rs=1 cs=1]
              RenderInline {FONT} at (0,0) size 3x12
                RenderText {#text} at (0,0) size 3x12
                  text run at (0,0) width 3: " "
            RenderTableCell {TD} at (337,36) size 9x12 [bgcolor=#026766] [r=3 c=43 rs=1 cs=1]
              RenderInline {FONT} at (0,0) size 3x12
                RenderText {#text} at (0,0) size 3x12
                  text run at (0,0) width 3: " "
            RenderTableCell {TD} at (345,36) size 8x12 [bgcolor=#026766] [r=3 c=44 rs=1 cs=1]
              RenderInline {FONT} at (0,0) size 3x12
                RenderText {#text} at (0,0) size 3x12
                  text run at (0,0) width 3: " "
            RenderTableCell {TD} at (352,36) size 9x12 [bgcolor=#026766] [r=3 c=45 rs=1 cs=1]
              RenderInline {FONT} at (0,0) size 3x12
                RenderText {#text} at (0,0) size 3x12
                  text run at (0,0) width 3: " "
            RenderTableCell {TD} at (360,36) size 9x12 [bgcolor=#026766] [r=3 c=46 rs=1 cs=1]
              RenderInline {FONT} at (0,0) size 3x12
                RenderText {#text} at (0,0) size 3x12
                  text run at (0,0) width 3: " "
            RenderTableCell {TD} at (368,36) size 9x12 [bgcolor=#026766] [r=3 c=47 rs=1 cs=1]
              RenderInline {FONT} at (0,0) size 3x12
                RenderText {#text} at (0,0) size 3x12
                  text run at (0,0) width 3: " "
            RenderTableCell {TD} at (376,36) size 9x12 [bgcolor=#026766] [r=3 c=48 rs=1 cs=1]
              RenderInline {FONT} at (0,0) size 3x12
                RenderText {#text} at (0,0) size 3x12
                  text run at (0,0) width 3: " "
            RenderTableCell {TD} at (384,36) size 9x12 [bgcolor=#026766] [r=3 c=49 rs=1 cs=1]
              RenderInline {FONT} at (0,0) size 3x12
                RenderText {#text} at (0,0) size 3x12
                  text run at (0,0) width 3: " "
            RenderTableCell {TD} at (392,36) size 9x12 [bgcolor=#026766] [r=3 c=50 rs=1 cs=1]
              RenderInline {FONT} at (0,0) size 3x12
                RenderText {#text} at (0,0) size 3x12
                  text run at (0,0) width 3: " "
            RenderTableCell {TD} at (400,36) size 8x12 [bgcolor=#026766] [r=3 c=51 rs=1 cs=1]
              RenderInline {FONT} at (0,0) size 3x12
                RenderText {#text} at (0,0) size 3x12
                  text run at (0,0) width 3: " "
            RenderTableCell {TD} at (407,36) size 9x12 [bgcolor=#026766] [r=3 c=52 rs=1 cs=1]
              RenderInline {FONT} at (0,0) size 3x12
                RenderText {#text} at (0,0) size 3x12
                  text run at (0,0) width 3: " "
            RenderTableCell {TD} at (415,36) size 9x12 [bgcolor=#027777] [r=3 c=53 rs=1 cs=1]
              RenderInline {FONT} at (0,0) size 3x12
                RenderText {#text} at (0,0) size 3x12
                  text run at (0,0) width 3: " "
            RenderTableCell {TD} at (423,36) size 9x12 [bgcolor=#026766] [r=3 c=54 rs=1 cs=1]
              RenderInline {FONT} at (0,0) size 3x12
                RenderText {#text} at (0,0) size 3x12
                  text run at (0,0) width 3: " "
            RenderTableCell {TD} at (431,36) size 9x12 [bgcolor=#044F4F] [r=3 c=55 rs=1 cs=1]
              RenderInline {FONT} at (0,0) size 3x12
                RenderText {#text} at (0,0) size 3x12
                  text run at (0,0) width 3: " "
            RenderTableCell {TD} at (439,36) size 9x12 [bgcolor=#044140] [r=3 c=56 rs=1 cs=1]
              RenderInline {FONT} at (0,0) size 3x12
                RenderText {#text} at (0,0) size 3x12
                  text run at (0,0) width 3: " "
            RenderTableCell {TD} at (447,36) size 8x12 [bgcolor=#515C5B] [r=3 c=57 rs=1 cs=1]
              RenderInline {FONT} at (0,0) size 3x12
                RenderText {#text} at (0,0) size 3x12
                  text run at (0,0) width 3: " "
            RenderTableCell {TD} at (454,36) size 9x12 [bgcolor=#848788] [r=3 c=58 rs=1 cs=1]
              RenderInline {FONT} at (0,0) size 3x12
                RenderText {#text} at (0,0) size 3x12
                  text run at (0,0) width 3: " "
            RenderTableCell {TD} at (462,36) size 9x12 [bgcolor=#A5A6A6] [r=3 c=59 rs=1 cs=1]
              RenderInline {FONT} at (0,0) size 3x12
                RenderText {#text} at (0,0) size 3x12
                  text run at (0,0) width 3: " "
            RenderTableCell {TD} at (470,36) size 9x12 [bgcolor=#B4B4B4] [r=3 c=60 rs=1 cs=1]
              RenderInline {FONT} at (0,0) size 3x12
                RenderText {#text} at (0,0) size 3x12
                  text run at (0,0) width 3: " "
            RenderTableCell {TD} at (478,36) size 9x12 [bgcolor=#B4B4B4] [r=3 c=61 rs=1 cs=1]
              RenderInline {FONT} at (0,0) size 3x12
                RenderText {#text} at (0,0) size 3x12
                  text run at (0,0) width 3: " "
            RenderTableCell {TD} at (486,36) size 9x12 [bgcolor=#B4B4B4] [r=3 c=62 rs=1 cs=1]
              RenderInline {FONT} at (0,0) size 3x12
                RenderText {#text} at (0,0) size 3x12
                  text run at (0,0) width 3: " "
            RenderTableCell {TD} at (494,36) size 8x12 [bgcolor=#B4B4B4] [r=3 c=63 rs=1 cs=1]
              RenderInline {FONT} at (0,0) size 3x12
                RenderText {#text} at (0,0) size 3x12
                  text run at (0,0) width 3: " "
            RenderTableCell {TD} at (502,36) size 8x12 [bgcolor=#72A3A1] [r=3 c=64 rs=1 cs=1]
              RenderInline {FONT} at (0,0) size 3x12
                RenderText {#text} at (0,0) size 3x12
                  text run at (0,0) width 3: " "
            RenderTableCell {TD} at (509,36) size 9x12 [bgcolor=#158E8C] [r=3 c=65 rs=1 cs=1]
              RenderInline {FONT} at (0,0) size 3x12
                RenderText {#text} at (0,0) size 3x12
                  text run at (0,0) width 3: " "
            RenderTableCell {TD} at (517,36) size 9x12 [bgcolor=#048485] [r=3 c=66 rs=1 cs=1]
              RenderInline {FONT} at (0,0) size 3x12
                RenderText {#text} at (0,0) size 3x12
                  text run at (0,0) width 3: " "
            RenderTableCell {TD} at (525,36) size 9x12 [bgcolor=#048485] [r=3 c=67 rs=1 cs=1]
              RenderInline {FONT} at (0,0) size 3x12
                RenderText {#text} at (0,0) size 3x12
                  text run at (0,0) width 3: " "
            RenderTableCell {TD} at (533,36) size 9x12 [bgcolor=#027777] [r=3 c=68 rs=1 cs=1]
              RenderInline {FONT} at (0,0) size 3x12
                RenderText {#text} at (0,0) size 3x12
                  text run at (0,0) width 3: " "
            RenderTableCell {TD} at (541,36) size 9x12 [bgcolor=#027777] [r=3 c=69 rs=1 cs=1]
              RenderInline {FONT} at (0,0) size 3x12
                RenderText {#text} at (0,0) size 3x12
                  text run at (0,0) width 3: " "
            RenderTableCell {TD} at (549,36) size 8x12 [bgcolor=#027777] [r=3 c=70 rs=1 cs=1]
              RenderInline {FONT} at (0,0) size 3x12
                RenderText {#text} at (0,0) size 3x12
                  text run at (0,0) width 3: " "
            RenderTableCell {TD} at (556,36) size 9x12 [bgcolor=#026766] [r=3 c=71 rs=1 cs=1]
              RenderInline {FONT} at (0,0) size 3x12
                RenderText {#text} at (0,0) size 3x12
                  text run at (0,0) width 3: " "
            RenderTableCell {TD} at (564,36) size 9x12 [bgcolor=#026766] [r=3 c=72 rs=1 cs=1]
              RenderInline {FONT} at (0,0) size 3x12
                RenderText {#text} at (0,0) size 3x12
                  text run at (0,0) width 3: " "
            RenderTableCell {TD} at (572,36) size 9x12 [bgcolor=#026766] [r=3 c=73 rs=1 cs=1]
              RenderInline {FONT} at (0,0) size 3x12
                RenderText {#text} at (0,0) size 3x12
                  text run at (0,0) width 3: " "
            RenderTableCell {TD} at (580,36) size 9x12 [bgcolor=#025E5E] [r=3 c=74 rs=1 cs=1]
              RenderInline {FONT} at (0,0) size 3x12
                RenderText {#text} at (0,0) size 3x12
                  text run at (0,0) width 3: " "
            RenderTableCell {TD} at (588,36) size 9x12 [bgcolor=#025E5E] [r=3 c=75 rs=1 cs=1]
              RenderInline {FONT} at (0,0) size 3x12
                RenderText {#text} at (0,0) size 3x12
                  text run at (0,0) width 3: " "
            RenderTableCell {TD} at (596,36) size 8x12 [bgcolor=#025E5E] [r=3 c=76 rs=1 cs=1]
              RenderInline {FONT} at (0,0) size 3x12
                RenderText {#text} at (0,0) size 3x12
                  text run at (0,0) width 3: " "
            RenderTableCell {TD} at (603,36) size 9x12 [bgcolor=#025E5E] [r=3 c=77 rs=1 cs=1]
              RenderInline {FONT} at (0,0) size 3x12
                RenderText {#text} at (0,0) size 3x12
                  text run at (0,0) width 3: " "
            RenderTableCell {TD} at (611,36) size 9x12 [bgcolor=#026766] [r=3 c=78 rs=1 cs=1]
              RenderInline {FONT} at (0,0) size 3x12
                RenderText {#text} at (0,0) size 3x12
                  text run at (0,0) width 3: " "
            RenderTableCell {TD} at (619,36) size 9x12 [bgcolor=#026766] [r=3 c=79 rs=1 cs=1]
              RenderInline {FONT} at (0,0) size 3x12
                RenderText {#text} at (0,0) size 3x12
                  text run at (0,0) width 3: " "
            RenderTableCell {TD} at (627,36) size 9x12 [bgcolor=#026766] [r=3 c=80 rs=1 cs=1]
              RenderInline {FONT} at (0,0) size 3x12
                RenderText {#text} at (0,0) size 3x12
                  text run at (0,0) width 3: " "
            RenderTableCell {TD} at (635,36) size 9x12 [bgcolor=#026766] [r=3 c=81 rs=1 cs=1]
              RenderInline {FONT} at (0,0) size 3x12
                RenderText {#text} at (0,0) size 3x12
                  text run at (0,0) width 3: " "
            RenderTableCell {TD} at (643,36) size 9x12 [bgcolor=#026766] [r=3 c=82 rs=1 cs=1]
              RenderInline {FONT} at (0,0) size 3x12
                RenderText {#text} at (0,0) size 3x12
                  text run at (0,0) width 3: " "
            RenderTableCell {TD} at (651,36) size 8x12 [bgcolor=#026766] [r=3 c=83 rs=1 cs=1]
              RenderInline {FONT} at (0,0) size 3x12
                RenderText {#text} at (0,0) size 3x12
                  text run at (0,0) width 3: " "
            RenderTableCell {TD} at (658,36) size 9x12 [bgcolor=#026766] [r=3 c=84 rs=1 cs=1]
              RenderInline {FONT} at (0,0) size 3x12
                RenderText {#text} at (0,0) size 3x12
                  text run at (0,0) width 3: " "
            RenderTableCell {TD} at (666,36) size 9x12 [bgcolor=#026766] [r=3 c=85 rs=1 cs=1]
              RenderInline {FONT} at (0,0) size 3x12
                RenderText {#text} at (0,0) size 3x12
                  text run at (0,0) width 3: " "
            RenderTableCell {TD} at (674,36) size 9x12 [bgcolor=#026766] [r=3 c=86 rs=1 cs=1]
              RenderInline {FONT} at (0,0) size 3x12
                RenderText {#text} at (0,0) size 3x12
                  text run at (0,0) width 3: " "
            RenderTableCell {TD} at (682,36) size 9x12 [bgcolor=#026766] [r=3 c=87 rs=1 cs=1]
              RenderInline {FONT} at (0,0) size 3x12
                RenderText {#text} at (0,0) size 3x12
                  text run at (0,0) width 3: " "
            RenderTableCell {TD} at (690,36) size 9x12 [bgcolor=#026766] [r=3 c=88 rs=1 cs=1]
              RenderInline {FONT} at (0,0) size 3x12
                RenderText {#text} at (0,0) size 3x12
                  text run at (0,0) width 3: " "
            RenderTableCell {TD} at (698,36) size 8x12 [bgcolor=#026766] [r=3 c=89 rs=1 cs=1]
              RenderInline {FONT} at (0,0) size 3x12
                RenderText {#text} at (0,0) size 3x12
                  text run at (0,0) width 3: " "
            RenderTableCell {TD} at (705,36) size 9x12 [bgcolor=#026766] [r=3 c=90 rs=1 cs=1]
              RenderInline {FONT} at (0,0) size 3x12
                RenderText {#text} at (0,0) size 3x12
                  text run at (0,0) width 3: " "
            RenderTableCell {TD} at (713,36) size 9x12 [bgcolor=#026766] [r=3 c=91 rs=1 cs=1]
              RenderInline {FONT} at (0,0) size 3x12
                RenderText {#text} at (0,0) size 3x12
                  text run at (0,0) width 3: " "
            RenderTableCell {TD} at (721,36) size 9x12 [bgcolor=#025E5E] [r=3 c=92 rs=1 cs=1]
              RenderInline {FONT} at (0,0) size 3x12
                RenderText {#text} at (0,0) size 3x12
                  text run at (0,0) width 3: " "
            RenderTableCell {TD} at (729,36) size 9x12 [bgcolor=#044140] [r=3 c=93 rs=1 cs=1]
              RenderInline {FONT} at (0,0) size 3x12
                RenderText {#text} at (0,0) size 3x12
                  text run at (0,0) width 3: " "
            RenderTableCell {TD} at (737,36) size 9x12 [bgcolor=#344C4E] [r=3 c=94 rs=1 cs=1]
              RenderInline {FONT} at (0,0) size 3x12
                RenderText {#text} at (0,0) size 3x12
                  text run at (0,0) width 3: " "
            RenderTableCell {TD} at (745,36) size 8x12 [bgcolor=#777878] [r=3 c=95 rs=1 cs=1]
              RenderInline {FONT} at (0,0) size 3x12
                RenderText {#text} at (0,0) size 3x12
                  text run at (0,0) width 3: " "
            RenderTableCell {TD} at (753,36) size 8x12 [bgcolor=#91A3A3] [r=3 c=96 rs=1 cs=1]
              RenderInline {FONT} at (0,0) size 3x12
                RenderText {#text} at (0,0) size 3x12
                  text run at (0,0) width 3: " "
            RenderTableCell {TD} at (760,36) size 9x12 [bgcolor=#B4B4B4] [r=3 c=97 rs=1 cs=1]
              RenderInline {FONT} at (0,0) size 3x12
                RenderText {#text} at (0,0) size 3x12
                  text run at (0,0) width 3: " "
            RenderTableCell {TD} at (768,36) size 9x12 [bgcolor=#A5A6A6] [r=3 c=98 rs=1 cs=1]
              RenderInline {FONT} at (0,0) size 3x12
                RenderText {#text} at (0,0) size 3x12
                  text run at (0,0) width 3: " "
            RenderTableCell {TD} at (776,36) size 9x12 [bgcolor=#848788] [r=3 c=99 rs=1 cs=1]
              RenderInline {FONT} at (0,0) size 3x12
                RenderText {#text} at (0,0) size 3x12
                  text run at (0,0) width 3: " "
          RenderTableRow {TR} at (0,48) size 784x12
            RenderTableCell {TD} at (0,48) size 8x12 [bgcolor=#FDFDFB] [r=4 c=0 rs=1 cs=1]
              RenderInline {FONT} at (0,0) size 3x12
                RenderText {#text} at (0,0) size 3x12
                  text run at (0,0) width 3: " "
            RenderTableCell {TD} at (7,48) size 9x12 [bgcolor=#FDFDFB] [r=4 c=1 rs=1 cs=1]
              RenderInline {FONT} at (0,0) size 3x12
                RenderText {#text} at (0,0) size 3x12
                  text run at (0,0) width 3: " "
            RenderTableCell {TD} at (15,48) size 9x12 [bgcolor=#FDFDFB] [r=4 c=2 rs=1 cs=1]
              RenderInline {FONT} at (0,0) size 3x12
                RenderText {#text} at (0,0) size 3x12
                  text run at (0,0) width 3: " "
            RenderTableCell {TD} at (23,48) size 9x12 [bgcolor=#EDEEEF] [r=4 c=3 rs=1 cs=1]
              RenderInline {FONT} at (0,0) size 3x12
                RenderText {#text} at (0,0) size 3x12
                  text run at (0,0) width 3: " "
            RenderTableCell {TD} at (31,48) size 9x12 [bgcolor=#66BABC] [r=4 c=4 rs=1 cs=1]
              RenderInline {FONT} at (0,0) size 3x12
                RenderText {#text} at (0,0) size 3x12
                  text run at (0,0) width 3: " "
            RenderTableCell {TD} at (39,48) size 9x12 [bgcolor=#048485] [r=4 c=5 rs=1 cs=1]
              RenderInline {FONT} at (0,0) size 3x12
                RenderText {#text} at (0,0) size 3x12
                  text run at (0,0) width 3: " "
            RenderTableCell {TD} at (47,48) size 8x12 [bgcolor=#048485] [r=4 c=6 rs=1 cs=1]
              RenderInline {FONT} at (0,0) size 3x12
                RenderText {#text} at (0,0) size 3x12
                  text run at (0,0) width 3: " "
            RenderTableCell {TD} at (54,48) size 9x12 [bgcolor=#027777] [r=4 c=7 rs=1 cs=1]
              RenderInline {FONT} at (0,0) size 3x12
                RenderText {#text} at (0,0) size 3x12
                  text run at (0,0) width 3: " "
            RenderTableCell {TD} at (62,48) size 9x12 [bgcolor=#026766] [r=4 c=8 rs=1 cs=1]
              RenderInline {FONT} at (0,0) size 3x12
                RenderText {#text} at (0,0) size 3x12
                  text run at (0,0) width 3: " "
            RenderTableCell {TD} at (70,48) size 9x12 [bgcolor=#026766] [r=4 c=9 rs=1 cs=1]
              RenderInline {FONT} at (0,0) size 3x12
                RenderText {#text} at (0,0) size 3x12
                  text run at (0,0) width 3: " "
            RenderTableCell {TD} at (78,48) size 9x12 [bgcolor=#026766] [r=4 c=10 rs=1 cs=1]
              RenderInline {FONT} at (0,0) size 3x12
                RenderText {#text} at (0,0) size 3x12
                  text run at (0,0) width 3: " "
            RenderTableCell {TD} at (86,48) size 9x12 [bgcolor=#026766] [r=4 c=11 rs=1 cs=1]
              RenderInline {FONT} at (0,0) size 3x12
                RenderText {#text} at (0,0) size 3x12
                  text run at (0,0) width 3: " "
            RenderTableCell {TD} at (94,48) size 8x12 [bgcolor=#025E5E] [r=4 c=12 rs=1 cs=1]
              RenderInline {FONT} at (0,0) size 3x12
                RenderText {#text} at (0,0) size 3x12
                  text run at (0,0) width 3: " "
            RenderTableCell {TD} at (101,48) size 9x12 [bgcolor=#044140] [r=4 c=13 rs=1 cs=1]
              RenderInline {FONT} at (0,0) size 3x12
                RenderText {#text} at (0,0) size 3x12
                  text run at (0,0) width 3: " "
            RenderTableCell {TD} at (109,48) size 9x12 [bgcolor=#083131] [r=4 c=14 rs=1 cs=1]
              RenderInline {FONT} at (0,0) size 3x12
                RenderText {#text} at (0,0) size 3x12
                  text run at (0,0) width 3: " "
            RenderTableCell {TD} at (117,48) size 9x12 [bgcolor=#3D4242] [r=4 c=15 rs=1 cs=1]
              RenderInline {FONT} at (0,0) size 3x12
                RenderText {#text} at (0,0) size 3x12
                  text run at (0,0) width 3: " "
            RenderTableCell {TD} at (125,48) size 9x12 [bgcolor=#515C5B] [r=4 c=16 rs=1 cs=1]
              RenderInline {FONT} at (0,0) size 3x12
                RenderText {#text} at (0,0) size 3x12
                  text run at (0,0) width 3: " "
            RenderTableCell {TD} at (133,48) size 9x12 [bgcolor=#696A69] [r=4 c=17 rs=1 cs=1]
              RenderInline {FONT} at (0,0) size 3x12
                RenderText {#text} at (0,0) size 3x12
                  text run at (0,0) width 3: " "
            RenderTableCell {TD} at (141,48) size 9x12 [bgcolor=#526B6B] [r=4 c=18 rs=1 cs=1]
              RenderInline {FONT} at (0,0) size 3x12
                RenderText {#text} at (0,0) size 3x12
                  text run at (0,0) width 3: " "
            RenderTableCell {TD} at (149,48) size 8x12 [bgcolor=#026766] [r=4 c=19 rs=1 cs=1]
              RenderInline {FONT} at (0,0) size 3x12
                RenderText {#text} at (0,0) size 3x12
                  text run at (0,0) width 3: " "
            RenderTableCell {TD} at (156,48) size 9x12 [bgcolor=#026766] [r=4 c=20 rs=1 cs=1]
              RenderInline {FONT} at (0,0) size 3x12
                RenderText {#text} at (0,0) size 3x12
                  text run at (0,0) width 3: " "
            RenderTableCell {TD} at (164,48) size 9x12 [bgcolor=#026766] [r=4 c=21 rs=1 cs=1]
              RenderInline {FONT} at (0,0) size 3x12
                RenderText {#text} at (0,0) size 3x12
                  text run at (0,0) width 3: " "
            RenderTableCell {TD} at (172,48) size 9x12 [bgcolor=#026766] [r=4 c=22 rs=1 cs=1]
              RenderInline {FONT} at (0,0) size 3x12
                RenderText {#text} at (0,0) size 3x12
                  text run at (0,0) width 3: " "
            RenderTableCell {TD} at (180,48) size 9x12 [bgcolor=#026766] [r=4 c=23 rs=1 cs=1]
              RenderInline {FONT} at (0,0) size 3x12
                RenderText {#text} at (0,0) size 3x12
                  text run at (0,0) width 3: " "
            RenderTableCell {TD} at (188,48) size 9x12 [bgcolor=#026766] [r=4 c=24 rs=1 cs=1]
              RenderInline {FONT} at (0,0) size 3x12
                RenderText {#text} at (0,0) size 3x12
                  text run at (0,0) width 3: " "
            RenderTableCell {TD} at (196,48) size 8x12 [bgcolor=#026766] [r=4 c=25 rs=1 cs=1]
              RenderInline {FONT} at (0,0) size 3x12
                RenderText {#text} at (0,0) size 3x12
                  text run at (0,0) width 3: " "
            RenderTableCell {TD} at (203,48) size 9x12 [bgcolor=#026766] [r=4 c=26 rs=1 cs=1]
              RenderInline {FONT} at (0,0) size 3x12
                RenderText {#text} at (0,0) size 3x12
                  text run at (0,0) width 3: " "
            RenderTableCell {TD} at (211,48) size 9x12 [bgcolor=#025E5E] [r=4 c=27 rs=1 cs=1]
              RenderInline {FONT} at (0,0) size 3x12
                RenderText {#text} at (0,0) size 3x12
                  text run at (0,0) width 3: " "
            RenderTableCell {TD} at (219,48) size 9x12 [bgcolor=#025E5E] [r=4 c=28 rs=1 cs=1]
              RenderInline {FONT} at (0,0) size 3x12
                RenderText {#text} at (0,0) size 3x12
                  text run at (0,0) width 3: " "
            RenderTableCell {TD} at (227,48) size 9x12 [bgcolor=#647979] [r=4 c=29 rs=1 cs=1]
              RenderInline {FONT} at (0,0) size 3x12
                RenderText {#text} at (0,0) size 3x12
                  text run at (0,0) width 3: " "
            RenderTableCell {TD} at (235,48) size 9x12 [bgcolor=#939494] [r=4 c=30 rs=1 cs=1]
              RenderInline {FONT} at (0,0) size 3x12
                RenderText {#text} at (0,0) size 3x12
                  text run at (0,0) width 3: " "
            RenderTableCell {TD} at (243,48) size 8x12 [bgcolor=#A5A6A6] [r=4 c=31 rs=1 cs=1]
              RenderInline {FONT} at (0,0) size 3x12
                RenderText {#text} at (0,0) size 3x12
                  text run at (0,0) width 3: " "
            RenderTableCell {TD} at (251,48) size 8x12 [bgcolor=#A5A6A6] [r=4 c=32 rs=1 cs=1]
              RenderInline {FONT} at (0,0) size 3x12
                RenderText {#text} at (0,0) size 3x12
                  text run at (0,0) width 3: " "
            RenderTableCell {TD} at (258,48) size 9x12 [bgcolor=#B4B4B4] [r=4 c=33 rs=1 cs=1]
              RenderInline {FONT} at (0,0) size 3x12
                RenderText {#text} at (0,0) size 3x12
                  text run at (0,0) width 3: " "
            RenderTableCell {TD} at (266,48) size 9x12 [bgcolor=#B4B4B4] [r=4 c=34 rs=1 cs=1]
              RenderInline {FONT} at (0,0) size 3x12
                RenderText {#text} at (0,0) size 3x12
                  text run at (0,0) width 3: " "
            RenderTableCell {TD} at (274,48) size 9x12 [bgcolor=#91A3A3] [r=4 c=35 rs=1 cs=1]
              RenderInline {FONT} at (0,0) size 3x12
                RenderText {#text} at (0,0) size 3x12
                  text run at (0,0) width 3: " "
            RenderTableCell {TD} at (282,48) size 9x12 [bgcolor=#048485] [r=4 c=36 rs=1 cs=1]
              RenderInline {FONT} at (0,0) size 3x12
                RenderText {#text} at (0,0) size 3x12
                  text run at (0,0) width 3: " "
            RenderTableCell {TD} at (290,48) size 9x12 [bgcolor=#027777] [r=4 c=37 rs=1 cs=1]
              RenderInline {FONT} at (0,0) size 3x12
                RenderText {#text} at (0,0) size 3x12
                  text run at (0,0) width 3: " "
            RenderTableCell {TD} at (298,48) size 8x12 [bgcolor=#026766] [r=4 c=38 rs=1 cs=1]
              RenderInline {FONT} at (0,0) size 3x12
                RenderText {#text} at (0,0) size 3x12
                  text run at (0,0) width 3: " "
            RenderTableCell {TD} at (305,48) size 9x12 [bgcolor=#026766] [r=4 c=39 rs=1 cs=1]
              RenderInline {FONT} at (0,0) size 3x12
                RenderText {#text} at (0,0) size 3x12
                  text run at (0,0) width 3: " "
            RenderTableCell {TD} at (313,48) size 9x12 [bgcolor=#026766] [r=4 c=40 rs=1 cs=1]
              RenderInline {FONT} at (0,0) size 3x12
                RenderText {#text} at (0,0) size 3x12
                  text run at (0,0) width 3: " "
            RenderTableCell {TD} at (321,48) size 9x12 [bgcolor=#026766] [r=4 c=41 rs=1 cs=1]
              RenderInline {FONT} at (0,0) size 3x12
                RenderText {#text} at (0,0) size 3x12
                  text run at (0,0) width 3: " "
            RenderTableCell {TD} at (329,48) size 9x12 [bgcolor=#026766] [r=4 c=42 rs=1 cs=1]
              RenderInline {FONT} at (0,0) size 3x12
                RenderText {#text} at (0,0) size 3x12
                  text run at (0,0) width 3: " "
            RenderTableCell {TD} at (337,48) size 9x12 [bgcolor=#026766] [r=4 c=43 rs=1 cs=1]
              RenderInline {FONT} at (0,0) size 3x12
                RenderText {#text} at (0,0) size 3x12
                  text run at (0,0) width 3: " "
            RenderTableCell {TD} at (345,48) size 8x12 [bgcolor=#026766] [r=4 c=44 rs=1 cs=1]
              RenderInline {FONT} at (0,0) size 3x12
                RenderText {#text} at (0,0) size 3x12
                  text run at (0,0) width 3: " "
            RenderTableCell {TD} at (352,48) size 9x12 [bgcolor=#026766] [r=4 c=45 rs=1 cs=1]
              RenderInline {FONT} at (0,0) size 3x12
                RenderText {#text} at (0,0) size 3x12
                  text run at (0,0) width 3: " "
            RenderTableCell {TD} at (360,48) size 9x12 [bgcolor=#026766] [r=4 c=46 rs=1 cs=1]
              RenderInline {FONT} at (0,0) size 3x12
                RenderText {#text} at (0,0) size 3x12
                  text run at (0,0) width 3: " "
            RenderTableCell {TD} at (368,48) size 9x12 [bgcolor=#026766] [r=4 c=47 rs=1 cs=1]
              RenderInline {FONT} at (0,0) size 3x12
                RenderText {#text} at (0,0) size 3x12
                  text run at (0,0) width 3: " "
            RenderTableCell {TD} at (376,48) size 9x12 [bgcolor=#026766] [r=4 c=48 rs=1 cs=1]
              RenderInline {FONT} at (0,0) size 3x12
                RenderText {#text} at (0,0) size 3x12
                  text run at (0,0) width 3: " "
            RenderTableCell {TD} at (384,48) size 9x12 [bgcolor=#026766] [r=4 c=49 rs=1 cs=1]
              RenderInline {FONT} at (0,0) size 3x12
                RenderText {#text} at (0,0) size 3x12
                  text run at (0,0) width 3: " "
            RenderTableCell {TD} at (392,48) size 9x12 [bgcolor=#026766] [r=4 c=50 rs=1 cs=1]
              RenderInline {FONT} at (0,0) size 3x12
                RenderText {#text} at (0,0) size 3x12
                  text run at (0,0) width 3: " "
            RenderTableCell {TD} at (400,48) size 8x12 [bgcolor=#026766] [r=4 c=51 rs=1 cs=1]
              RenderInline {FONT} at (0,0) size 3x12
                RenderText {#text} at (0,0) size 3x12
                  text run at (0,0) width 3: " "
            RenderTableCell {TD} at (407,48) size 9x12 [bgcolor=#026766] [r=4 c=52 rs=1 cs=1]
              RenderInline {FONT} at (0,0) size 3x12
                RenderText {#text} at (0,0) size 3x12
                  text run at (0,0) width 3: " "
            RenderTableCell {TD} at (415,48) size 9x12 [bgcolor=#025E5E] [r=4 c=53 rs=1 cs=1]
              RenderInline {FONT} at (0,0) size 3x12
                RenderText {#text} at (0,0) size 3x12
                  text run at (0,0) width 3: " "
            RenderTableCell {TD} at (423,48) size 9x12 [bgcolor=#025E5E] [r=4 c=54 rs=1 cs=1]
              RenderInline {FONT} at (0,0) size 3x12
                RenderText {#text} at (0,0) size 3x12
                  text run at (0,0) width 3: " "
            RenderTableCell {TD} at (431,48) size 9x12 [bgcolor=#044140] [r=4 c=55 rs=1 cs=1]
              RenderInline {FONT} at (0,0) size 3x12
                RenderText {#text} at (0,0) size 3x12
                  text run at (0,0) width 3: " "
            RenderTableCell {TD} at (439,48) size 9x12 [bgcolor=#083131] [r=4 c=56 rs=1 cs=1]
              RenderInline {FONT} at (0,0) size 3x12
                RenderText {#text} at (0,0) size 3x12
                  text run at (0,0) width 3: " "
            RenderTableCell {TD} at (447,48) size 8x12 [bgcolor=#4D4F4F] [r=4 c=57 rs=1 cs=1]
              RenderInline {FONT} at (0,0) size 3x12
                RenderText {#text} at (0,0) size 3x12
                  text run at (0,0) width 3: " "
            RenderTableCell {TD} at (454,48) size 9x12 [bgcolor=#777878] [r=4 c=58 rs=1 cs=1]
              RenderInline {FONT} at (0,0) size 3x12
                RenderText {#text} at (0,0) size 3x12
                  text run at (0,0) width 3: " "
            RenderTableCell {TD} at (462,48) size 9x12 [bgcolor=#939494] [r=4 c=59 rs=1 cs=1]
              RenderInline {FONT} at (0,0) size 3x12
                RenderText {#text} at (0,0) size 3x12
                  text run at (0,0) width 3: " "
            RenderTableCell {TD} at (470,48) size 9x12 [bgcolor=#A5A6A6] [r=4 c=60 rs=1 cs=1]
              RenderInline {FONT} at (0,0) size 3x12
                RenderText {#text} at (0,0) size 3x12
                  text run at (0,0) width 3: " "
            RenderTableCell {TD} at (478,48) size 9x12 [bgcolor=#B4B4B4] [r=4 c=61 rs=1 cs=1]
              RenderInline {FONT} at (0,0) size 3x12
                RenderText {#text} at (0,0) size 3x12
                  text run at (0,0) width 3: " "
            RenderTableCell {TD} at (486,48) size 9x12 [bgcolor=#A5A6A6] [r=4 c=62 rs=1 cs=1]
              RenderInline {FONT} at (0,0) size 3x12
                RenderText {#text} at (0,0) size 3x12
                  text run at (0,0) width 3: " "
            RenderTableCell {TD} at (494,48) size 8x12 [bgcolor=#589594] [r=4 c=63 rs=1 cs=1]
              RenderInline {FONT} at (0,0) size 3x12
                RenderText {#text} at (0,0) size 3x12
                  text run at (0,0) width 3: " "
            RenderTableCell {TD} at (502,48) size 8x12 [bgcolor=#048485] [r=4 c=64 rs=1 cs=1]
              RenderInline {FONT} at (0,0) size 3x12
                RenderText {#text} at (0,0) size 3x12
                  text run at (0,0) width 3: " "
            RenderTableCell {TD} at (509,48) size 9x12 [bgcolor=#048485] [r=4 c=65 rs=1 cs=1]
              RenderInline {FONT} at (0,0) size 3x12
                RenderText {#text} at (0,0) size 3x12
                  text run at (0,0) width 3: " "
            RenderTableCell {TD} at (517,48) size 9x12 [bgcolor=#027777] [r=4 c=66 rs=1 cs=1]
              RenderInline {FONT} at (0,0) size 3x12
                RenderText {#text} at (0,0) size 3x12
                  text run at (0,0) width 3: " "
            RenderTableCell {TD} at (525,48) size 9x12 [bgcolor=#027777] [r=4 c=67 rs=1 cs=1]
              RenderInline {FONT} at (0,0) size 3x12
                RenderText {#text} at (0,0) size 3x12
                  text run at (0,0) width 3: " "
            RenderTableCell {TD} at (533,48) size 9x12 [bgcolor=#026766] [r=4 c=68 rs=1 cs=1]
              RenderInline {FONT} at (0,0) size 3x12
                RenderText {#text} at (0,0) size 3x12
                  text run at (0,0) width 3: " "
            RenderTableCell {TD} at (541,48) size 9x12 [bgcolor=#026766] [r=4 c=69 rs=1 cs=1]
              RenderInline {FONT} at (0,0) size 3x12
                RenderText {#text} at (0,0) size 3x12
                  text run at (0,0) width 3: " "
            RenderTableCell {TD} at (549,48) size 8x12 [bgcolor=#026766] [r=4 c=70 rs=1 cs=1]
              RenderInline {FONT} at (0,0) size 3x12
                RenderText {#text} at (0,0) size 3x12
                  text run at (0,0) width 3: " "
            RenderTableCell {TD} at (556,48) size 9x12 [bgcolor=#026766] [r=4 c=71 rs=1 cs=1]
              RenderInline {FONT} at (0,0) size 3x12
                RenderText {#text} at (0,0) size 3x12
                  text run at (0,0) width 3: " "
            RenderTableCell {TD} at (564,48) size 9x12 [bgcolor=#025E5E] [r=4 c=72 rs=1 cs=1]
              RenderInline {FONT} at (0,0) size 3x12
                RenderText {#text} at (0,0) size 3x12
                  text run at (0,0) width 3: " "
            RenderTableCell {TD} at (572,48) size 9x12 [bgcolor=#025E5E] [r=4 c=73 rs=1 cs=1]
              RenderInline {FONT} at (0,0) size 3x12
                RenderText {#text} at (0,0) size 3x12
                  text run at (0,0) width 3: " "
            RenderTableCell {TD} at (580,48) size 9x12 [bgcolor=#044F4F] [r=4 c=74 rs=1 cs=1]
              RenderInline {FONT} at (0,0) size 3x12
                RenderText {#text} at (0,0) size 3x12
                  text run at (0,0) width 3: " "
            RenderTableCell {TD} at (588,48) size 9x12 [bgcolor=#044140] [r=4 c=75 rs=1 cs=1]
              RenderInline {FONT} at (0,0) size 3x12
                RenderText {#text} at (0,0) size 3x12
                  text run at (0,0) width 3: " "
            RenderTableCell {TD} at (596,48) size 8x12 [bgcolor=#044F4F] [r=4 c=76 rs=1 cs=1]
              RenderInline {FONT} at (0,0) size 3x12
                RenderText {#text} at (0,0) size 3x12
                  text run at (0,0) width 3: " "
            RenderTableCell {TD} at (603,48) size 9x12 [bgcolor=#044F4F] [r=4 c=77 rs=1 cs=1]
              RenderInline {FONT} at (0,0) size 3x12
                RenderText {#text} at (0,0) size 3x12
                  text run at (0,0) width 3: " "
            RenderTableCell {TD} at (611,48) size 9x12 [bgcolor=#025E5E] [r=4 c=78 rs=1 cs=1]
              RenderInline {FONT} at (0,0) size 3x12
                RenderText {#text} at (0,0) size 3x12
                  text run at (0,0) width 3: " "
            RenderTableCell {TD} at (619,48) size 9x12 [bgcolor=#026766] [r=4 c=79 rs=1 cs=1]
              RenderInline {FONT} at (0,0) size 3x12
                RenderText {#text} at (0,0) size 3x12
                  text run at (0,0) width 3: " "
            RenderTableCell {TD} at (627,48) size 9x12 [bgcolor=#026766] [r=4 c=80 rs=1 cs=1]
              RenderInline {FONT} at (0,0) size 3x12
                RenderText {#text} at (0,0) size 3x12
                  text run at (0,0) width 3: " "
            RenderTableCell {TD} at (635,48) size 9x12 [bgcolor=#026766] [r=4 c=81 rs=1 cs=1]
              RenderInline {FONT} at (0,0) size 3x12
                RenderText {#text} at (0,0) size 3x12
                  text run at (0,0) width 3: " "
            RenderTableCell {TD} at (643,48) size 9x12 [bgcolor=#026766] [r=4 c=82 rs=1 cs=1]
              RenderInline {FONT} at (0,0) size 3x12
                RenderText {#text} at (0,0) size 3x12
                  text run at (0,0) width 3: " "
            RenderTableCell {TD} at (651,48) size 8x12 [bgcolor=#026766] [r=4 c=83 rs=1 cs=1]
              RenderInline {FONT} at (0,0) size 3x12
                RenderText {#text} at (0,0) size 3x12
                  text run at (0,0) width 3: " "
            RenderTableCell {TD} at (658,48) size 9x12 [bgcolor=#026766] [r=4 c=84 rs=1 cs=1]
              RenderInline {FONT} at (0,0) size 3x12
                RenderText {#text} at (0,0) size 3x12
                  text run at (0,0) width 3: " "
            RenderTableCell {TD} at (666,48) size 9x12 [bgcolor=#026766] [r=4 c=85 rs=1 cs=1]
              RenderInline {FONT} at (0,0) size 3x12
                RenderText {#text} at (0,0) size 3x12
                  text run at (0,0) width 3: " "
            RenderTableCell {TD} at (674,48) size 9x12 [bgcolor=#026766] [r=4 c=86 rs=1 cs=1]
              RenderInline {FONT} at (0,0) size 3x12
                RenderText {#text} at (0,0) size 3x12
                  text run at (0,0) width 3: " "
            RenderTableCell {TD} at (682,48) size 9x12 [bgcolor=#026766] [r=4 c=87 rs=1 cs=1]
              RenderInline {FONT} at (0,0) size 3x12
                RenderText {#text} at (0,0) size 3x12
                  text run at (0,0) width 3: " "
            RenderTableCell {TD} at (690,48) size 9x12 [bgcolor=#026766] [r=4 c=88 rs=1 cs=1]
              RenderInline {FONT} at (0,0) size 3x12
                RenderText {#text} at (0,0) size 3x12
                  text run at (0,0) width 3: " "
            RenderTableCell {TD} at (698,48) size 8x12 [bgcolor=#026766] [r=4 c=89 rs=1 cs=1]
              RenderInline {FONT} at (0,0) size 3x12
                RenderText {#text} at (0,0) size 3x12
                  text run at (0,0) width 3: " "
            RenderTableCell {TD} at (705,48) size 9x12 [bgcolor=#026766] [r=4 c=90 rs=1 cs=1]
              RenderInline {FONT} at (0,0) size 3x12
                RenderText {#text} at (0,0) size 3x12
                  text run at (0,0) width 3: " "
            RenderTableCell {TD} at (713,48) size 9x12 [bgcolor=#025E5E] [r=4 c=91 rs=1 cs=1]
              RenderInline {FONT} at (0,0) size 3x12
                RenderText {#text} at (0,0) size 3x12
                  text run at (0,0) width 3: " "
            RenderTableCell {TD} at (721,48) size 9x12 [bgcolor=#044F4F] [r=4 c=92 rs=1 cs=1]
              RenderInline {FONT} at (0,0) size 3x12
                RenderText {#text} at (0,0) size 3x12
                  text run at (0,0) width 3: " "
            RenderTableCell {TD} at (729,48) size 9x12 [bgcolor=#044140] [r=4 c=93 rs=1 cs=1]
              RenderInline {FONT} at (0,0) size 3x12
                RenderText {#text} at (0,0) size 3x12
                  text run at (0,0) width 3: " "
            RenderTableCell {TD} at (737,48) size 9x12 [bgcolor=#3D4242] [r=4 c=94 rs=1 cs=1]
              RenderInline {FONT} at (0,0) size 3x12
                RenderText {#text} at (0,0) size 3x12
                  text run at (0,0) width 3: " "
            RenderTableCell {TD} at (745,48) size 8x12 [bgcolor=#696A69] [r=4 c=95 rs=1 cs=1]
              RenderInline {FONT} at (0,0) size 3x12
                RenderText {#text} at (0,0) size 3x12
                  text run at (0,0) width 3: " "
            RenderTableCell {TD} at (753,48) size 8x12 [bgcolor=#939494] [r=4 c=96 rs=1 cs=1]
              RenderInline {FONT} at (0,0) size 3x12
                RenderText {#text} at (0,0) size 3x12
                  text run at (0,0) width 3: " "
            RenderTableCell {TD} at (760,48) size 9x12 [bgcolor=#A5A6A6] [r=4 c=97 rs=1 cs=1]
              RenderInline {FONT} at (0,0) size 3x12
                RenderText {#text} at (0,0) size 3x12
                  text run at (0,0) width 3: " "
            RenderTableCell {TD} at (768,48) size 9x12 [bgcolor=#939494] [r=4 c=98 rs=1 cs=1]
              RenderInline {FONT} at (0,0) size 3x12
                RenderText {#text} at (0,0) size 3x12
                  text run at (0,0) width 3: " "
            RenderTableCell {TD} at (776,48) size 9x12 [bgcolor=#696A69] [r=4 c=99 rs=1 cs=1]
              RenderInline {FONT} at (0,0) size 3x12
                RenderText {#text} at (0,0) size 3x12
                  text run at (0,0) width 3: " "
          RenderTableRow {TR} at (0,60) size 784x12
            RenderTableCell {TD} at (0,60) size 8x12 [bgcolor=#FDFDFB] [r=5 c=0 rs=1 cs=1]
              RenderInline {FONT} at (0,0) size 3x12
                RenderText {#text} at (0,0) size 3x12
                  text run at (0,0) width 3: " "
            RenderTableCell {TD} at (7,60) size 9x12 [bgcolor=#FDFDFB] [r=5 c=1 rs=1 cs=1]
              RenderInline {FONT} at (0,0) size 3x12
                RenderText {#text} at (0,0) size 3x12
                  text run at (0,0) width 3: " "
            RenderTableCell {TD} at (15,60) size 9x12 [bgcolor=#FDFDFB] [r=5 c=2 rs=1 cs=1]
              RenderInline {FONT} at (0,0) size 3x12
                RenderText {#text} at (0,0) size 3x12
                  text run at (0,0) width 3: " "
            RenderTableCell {TD} at (23,60) size 9x12 [bgcolor=#7DBAB9] [r=5 c=3 rs=1 cs=1]
              RenderInline {FONT} at (0,0) size 3x12
                RenderText {#text} at (0,0) size 3x12
                  text run at (0,0) width 3: " "
            RenderTableCell {TD} at (31,60) size 9x12 [bgcolor=#048485] [r=5 c=4 rs=1 cs=1]
              RenderInline {FONT} at (0,0) size 3x12
                RenderText {#text} at (0,0) size 3x12
                  text run at (0,0) width 3: " "
            RenderTableCell {TD} at (39,60) size 9x12 [bgcolor=#048485] [r=5 c=5 rs=1 cs=1]
              RenderInline {FONT} at (0,0) size 3x12
                RenderText {#text} at (0,0) size 3x12
                  text run at (0,0) width 3: " "
            RenderTableCell {TD} at (47,60) size 8x12 [bgcolor=#027777] [r=5 c=6 rs=1 cs=1]
              RenderInline {FONT} at (0,0) size 3x12
                RenderText {#text} at (0,0) size 3x12
                  text run at (0,0) width 3: " "
            RenderTableCell {TD} at (54,60) size 9x12 [bgcolor=#026766] [r=5 c=7 rs=1 cs=1]
              RenderInline {FONT} at (0,0) size 3x12
                RenderText {#text} at (0,0) size 3x12
                  text run at (0,0) width 3: " "
            RenderTableCell {TD} at (62,60) size 9x12 [bgcolor=#026766] [r=5 c=8 rs=1 cs=1]
              RenderInline {FONT} at (0,0) size 3x12
                RenderText {#text} at (0,0) size 3x12
                  text run at (0,0) width 3: " "
            RenderTableCell {TD} at (70,60) size 9x12 [bgcolor=#026766] [r=5 c=9 rs=1 cs=1]
              RenderInline {FONT} at (0,0) size 3x12
                RenderText {#text} at (0,0) size 3x12
                  text run at (0,0) width 3: " "
            RenderTableCell {TD} at (78,60) size 9x12 [bgcolor=#026766] [r=5 c=10 rs=1 cs=1]
              RenderInline {FONT} at (0,0) size 3x12
                RenderText {#text} at (0,0) size 3x12
                  text run at (0,0) width 3: " "
            RenderTableCell {TD} at (86,60) size 9x12 [bgcolor=#025E5E] [r=5 c=11 rs=1 cs=1]
              RenderInline {FONT} at (0,0) size 3x12
                RenderText {#text} at (0,0) size 3x12
                  text run at (0,0) width 3: " "
            RenderTableCell {TD} at (94,60) size 8x12 [bgcolor=#025E5E] [r=5 c=12 rs=1 cs=1]
              RenderInline {FONT} at (0,0) size 3x12
                RenderText {#text} at (0,0) size 3x12
                  text run at (0,0) width 3: " "
            RenderTableCell {TD} at (101,60) size 9x12 [bgcolor=#044140] [r=5 c=13 rs=1 cs=1]
              RenderInline {FONT} at (0,0) size 3x12
                RenderText {#text} at (0,0) size 3x12
                  text run at (0,0) width 3: " "
            RenderTableCell {TD} at (109,60) size 9x12 [bgcolor=#223C3D] [r=5 c=14 rs=1 cs=1]
              RenderInline {FONT} at (0,0) size 3x12
                RenderText {#text} at (0,0) size 3x12
                  text run at (0,0) width 3: " "
            RenderTableCell {TD} at (117,60) size 9x12 [bgcolor=#4D4F4F] [r=5 c=15 rs=1 cs=1]
              RenderInline {FONT} at (0,0) size 3x12
                RenderText {#text} at (0,0) size 3x12
                  text run at (0,0) width 3: " "
            RenderTableCell {TD} at (125,60) size 9x12 [bgcolor=#696A69] [r=5 c=16 rs=1 cs=1]
              RenderInline {FONT} at (0,0) size 3x12
                RenderText {#text} at (0,0) size 3x12
                  text run at (0,0) width 3: " "
            RenderTableCell {TD} at (133,60) size 9x12 [bgcolor=#777878] [r=5 c=17 rs=1 cs=1]
              RenderInline {FONT} at (0,0) size 3x12
                RenderText {#text} at (0,0) size 3x12
                  text run at (0,0) width 3: " "
            RenderTableCell {TD} at (141,60) size 9x12 [bgcolor=#777878] [r=5 c=18 rs=1 cs=1]
              RenderInline {FONT} at (0,0) size 3x12
                RenderText {#text} at (0,0) size 3x12
                  text run at (0,0) width 3: " "
            RenderTableCell {TD} at (149,60) size 8x12 [bgcolor=#1E7A79] [r=5 c=19 rs=1 cs=1]
              RenderInline {FONT} at (0,0) size 3x12
                RenderText {#text} at (0,0) size 3x12
                  text run at (0,0) width 3: " "
            RenderTableCell {TD} at (156,60) size 9x12 [bgcolor=#027777] [r=5 c=20 rs=1 cs=1]
              RenderInline {FONT} at (0,0) size 3x12
                RenderText {#text} at (0,0) size 3x12
                  text run at (0,0) width 3: " "
            RenderTableCell {TD} at (164,60) size 9x12 [bgcolor=#026766] [r=5 c=21 rs=1 cs=1]
              RenderInline {FONT} at (0,0) size 3x12
                RenderText {#text} at (0,0) size 3x12
                  text run at (0,0) width 3: " "
            RenderTableCell {TD} at (172,60) size 9x12 [bgcolor=#026766] [r=5 c=22 rs=1 cs=1]
              RenderInline {FONT} at (0,0) size 3x12
                RenderText {#text} at (0,0) size 3x12
                  text run at (0,0) width 3: " "
            RenderTableCell {TD} at (180,60) size 9x12 [bgcolor=#026766] [r=5 c=23 rs=1 cs=1]
              RenderInline {FONT} at (0,0) size 3x12
                RenderText {#text} at (0,0) size 3x12
                  text run at (0,0) width 3: " "
            RenderTableCell {TD} at (188,60) size 9x12 [bgcolor=#026766] [r=5 c=24 rs=1 cs=1]
              RenderInline {FONT} at (0,0) size 3x12
                RenderText {#text} at (0,0) size 3x12
                  text run at (0,0) width 3: " "
            RenderTableCell {TD} at (196,60) size 8x12 [bgcolor=#026766] [r=5 c=25 rs=1 cs=1]
              RenderInline {FONT} at (0,0) size 3x12
                RenderText {#text} at (0,0) size 3x12
                  text run at (0,0) width 3: " "
            RenderTableCell {TD} at (203,60) size 9x12 [bgcolor=#026766] [r=5 c=26 rs=1 cs=1]
              RenderInline {FONT} at (0,0) size 3x12
                RenderText {#text} at (0,0) size 3x12
                  text run at (0,0) width 3: " "
            RenderTableCell {TD} at (211,60) size 9x12 [bgcolor=#025E5E] [r=5 c=27 rs=1 cs=1]
              RenderInline {FONT} at (0,0) size 3x12
                RenderText {#text} at (0,0) size 3x12
                  text run at (0,0) width 3: " "
            RenderTableCell {TD} at (219,60) size 9x12 [bgcolor=#025E5E] [r=5 c=28 rs=1 cs=1]
              RenderInline {FONT} at (0,0) size 3x12
                RenderText {#text} at (0,0) size 3x12
                  text run at (0,0) width 3: " "
            RenderTableCell {TD} at (227,60) size 9x12 [bgcolor=#025E5E] [r=5 c=29 rs=1 cs=1]
              RenderInline {FONT} at (0,0) size 3x12
                RenderText {#text} at (0,0) size 3x12
                  text run at (0,0) width 3: " "
            RenderTableCell {TD} at (235,60) size 9x12 [bgcolor=#526B6B] [r=5 c=30 rs=1 cs=1]
              RenderInline {FONT} at (0,0) size 3x12
                RenderText {#text} at (0,0) size 3x12
                  text run at (0,0) width 3: " "
            RenderTableCell {TD} at (243,60) size 8x12 [bgcolor=#848788] [r=5 c=31 rs=1 cs=1]
              RenderInline {FONT} at (0,0) size 3x12
                RenderText {#text} at (0,0) size 3x12
                  text run at (0,0) width 3: " "
            RenderTableCell {TD} at (251,60) size 8x12 [bgcolor=#939494] [r=5 c=32 rs=1 cs=1]
              RenderInline {FONT} at (0,0) size 3x12
                RenderText {#text} at (0,0) size 3x12
                  text run at (0,0) width 3: " "
            RenderTableCell {TD} at (258,60) size 9x12 [bgcolor=#939494] [r=5 c=33 rs=1 cs=1]
              RenderInline {FONT} at (0,0) size 3x12
                RenderText {#text} at (0,0) size 3x12
                  text run at (0,0) width 3: " "
            RenderTableCell {TD} at (266,60) size 9x12 [bgcolor=#91A3A3] [r=5 c=34 rs=1 cs=1]
              RenderInline {FONT} at (0,0) size 3x12
                RenderText {#text} at (0,0) size 3x12
                  text run at (0,0) width 3: " "
            RenderTableCell {TD} at (274,60) size 9x12 [bgcolor=#939494] [r=5 c=35 rs=1 cs=1]
              RenderInline {FONT} at (0,0) size 3x12
                RenderText {#text} at (0,0) size 3x12
                  text run at (0,0) width 3: " "
            RenderTableCell {TD} at (282,60) size 9x12 [bgcolor=#027777] [r=5 c=36 rs=1 cs=1]
              RenderInline {FONT} at (0,0) size 3x12
                RenderText {#text} at (0,0) size 3x12
                  text run at (0,0) width 3: " "
            RenderTableCell {TD} at (290,60) size 9x12 [bgcolor=#027777] [r=5 c=37 rs=1 cs=1]
              RenderInline {FONT} at (0,0) size 3x12
                RenderText {#text} at (0,0) size 3x12
                  text run at (0,0) width 3: " "
            RenderTableCell {TD} at (298,60) size 8x12 [bgcolor=#026766] [r=5 c=38 rs=1 cs=1]
              RenderInline {FONT} at (0,0) size 3x12
                RenderText {#text} at (0,0) size 3x12
                  text run at (0,0) width 3: " "
            RenderTableCell {TD} at (305,60) size 9x12 [bgcolor=#026766] [r=5 c=39 rs=1 cs=1]
              RenderInline {FONT} at (0,0) size 3x12
                RenderText {#text} at (0,0) size 3x12
                  text run at (0,0) width 3: " "
            RenderTableCell {TD} at (313,60) size 9x12 [bgcolor=#026766] [r=5 c=40 rs=1 cs=1]
              RenderInline {FONT} at (0,0) size 3x12
                RenderText {#text} at (0,0) size 3x12
                  text run at (0,0) width 3: " "
            RenderTableCell {TD} at (321,60) size 9x12 [bgcolor=#026766] [r=5 c=41 rs=1 cs=1]
              RenderInline {FONT} at (0,0) size 3x12
                RenderText {#text} at (0,0) size 3x12
                  text run at (0,0) width 3: " "
            RenderTableCell {TD} at (329,60) size 9x12 [bgcolor=#026766] [r=5 c=42 rs=1 cs=1]
              RenderInline {FONT} at (0,0) size 3x12
                RenderText {#text} at (0,0) size 3x12
                  text run at (0,0) width 3: " "
            RenderTableCell {TD} at (337,60) size 9x12 [bgcolor=#026766] [r=5 c=43 rs=1 cs=1]
              RenderInline {FONT} at (0,0) size 3x12
                RenderText {#text} at (0,0) size 3x12
                  text run at (0,0) width 3: " "
            RenderTableCell {TD} at (345,60) size 8x12 [bgcolor=#026766] [r=5 c=44 rs=1 cs=1]
              RenderInline {FONT} at (0,0) size 3x12
                RenderText {#text} at (0,0) size 3x12
                  text run at (0,0) width 3: " "
            RenderTableCell {TD} at (352,60) size 9x12 [bgcolor=#026766] [r=5 c=45 rs=1 cs=1]
              RenderInline {FONT} at (0,0) size 3x12
                RenderText {#text} at (0,0) size 3x12
                  text run at (0,0) width 3: " "
            RenderTableCell {TD} at (360,60) size 9x12 [bgcolor=#026766] [r=5 c=46 rs=1 cs=1]
              RenderInline {FONT} at (0,0) size 3x12
                RenderText {#text} at (0,0) size 3x12
                  text run at (0,0) width 3: " "
            RenderTableCell {TD} at (368,60) size 9x12 [bgcolor=#026766] [r=5 c=47 rs=1 cs=1]
              RenderInline {FONT} at (0,0) size 3x12
                RenderText {#text} at (0,0) size 3x12
                  text run at (0,0) width 3: " "
            RenderTableCell {TD} at (376,60) size 9x12 [bgcolor=#026766] [r=5 c=48 rs=1 cs=1]
              RenderInline {FONT} at (0,0) size 3x12
                RenderText {#text} at (0,0) size 3x12
                  text run at (0,0) width 3: " "
            RenderTableCell {TD} at (384,60) size 9x12 [bgcolor=#026766] [r=5 c=49 rs=1 cs=1]
              RenderInline {FONT} at (0,0) size 3x12
                RenderText {#text} at (0,0) size 3x12
                  text run at (0,0) width 3: " "
            RenderTableCell {TD} at (392,60) size 9x12 [bgcolor=#026766] [r=5 c=50 rs=1 cs=1]
              RenderInline {FONT} at (0,0) size 3x12
                RenderText {#text} at (0,0) size 3x12
                  text run at (0,0) width 3: " "
            RenderTableCell {TD} at (400,60) size 8x12 [bgcolor=#025E5E] [r=5 c=51 rs=1 cs=1]
              RenderInline {FONT} at (0,0) size 3x12
                RenderText {#text} at (0,0) size 3x12
                  text run at (0,0) width 3: " "
            RenderTableCell {TD} at (407,60) size 9x12 [bgcolor=#025E5E] [r=5 c=52 rs=1 cs=1]
              RenderInline {FONT} at (0,0) size 3x12
                RenderText {#text} at (0,0) size 3x12
                  text run at (0,0) width 3: " "
            RenderTableCell {TD} at (415,60) size 9x12 [bgcolor=#044F4F] [r=5 c=53 rs=1 cs=1]
              RenderInline {FONT} at (0,0) size 3x12
                RenderText {#text} at (0,0) size 3x12
                  text run at (0,0) width 3: " "
            RenderTableCell {TD} at (423,60) size 9x12 [bgcolor=#044140] [r=5 c=54 rs=1 cs=1]
              RenderInline {FONT} at (0,0) size 3x12
                RenderText {#text} at (0,0) size 3x12
                  text run at (0,0) width 3: " "
            RenderTableCell {TD} at (431,60) size 9x12 [bgcolor=#083131] [r=5 c=55 rs=1 cs=1]
              RenderInline {FONT} at (0,0) size 3x12
                RenderText {#text} at (0,0) size 3x12
                  text run at (0,0) width 3: " "
            RenderTableCell {TD} at (439,60) size 9x12 [bgcolor=#083131] [r=5 c=56 rs=1 cs=1]
              RenderInline {FONT} at (0,0) size 3x12
                RenderText {#text} at (0,0) size 3x12
                  text run at (0,0) width 3: " "
            RenderTableCell {TD} at (447,60) size 8x12 [bgcolor=#4D4F4F] [r=5 c=57 rs=1 cs=1]
              RenderInline {FONT} at (0,0) size 3x12
                RenderText {#text} at (0,0) size 3x12
                  text run at (0,0) width 3: " "
            RenderTableCell {TD} at (454,60) size 9x12 [bgcolor=#696A69] [r=5 c=58 rs=1 cs=1]
              RenderInline {FONT} at (0,0) size 3x12
                RenderText {#text} at (0,0) size 3x12
                  text run at (0,0) width 3: " "
            RenderTableCell {TD} at (462,60) size 9x12 [bgcolor=#939494] [r=5 c=59 rs=1 cs=1]
              RenderInline {FONT} at (0,0) size 3x12
                RenderText {#text} at (0,0) size 3x12
                  text run at (0,0) width 3: " "
            RenderTableCell {TD} at (470,60) size 9x12 [bgcolor=#939494] [r=5 c=60 rs=1 cs=1]
              RenderInline {FONT} at (0,0) size 3x12
                RenderText {#text} at (0,0) size 3x12
                  text run at (0,0) width 3: " "
            RenderTableCell {TD} at (478,60) size 9x12 [bgcolor=#939494] [r=5 c=61 rs=1 cs=1]
              RenderInline {FONT} at (0,0) size 3x12
                RenderText {#text} at (0,0) size 3x12
                  text run at (0,0) width 3: " "
            RenderTableCell {TD} at (486,60) size 9x12 [bgcolor=#469191] [r=5 c=62 rs=1 cs=1]
              RenderInline {FONT} at (0,0) size 3x12
                RenderText {#text} at (0,0) size 3x12
                  text run at (0,0) width 3: " "
            RenderTableCell {TD} at (494,60) size 8x12 [bgcolor=#048485] [r=5 c=63 rs=1 cs=1]
              RenderInline {FONT} at (0,0) size 3x12
                RenderText {#text} at (0,0) size 3x12
                  text run at (0,0) width 3: " "
            RenderTableCell {TD} at (502,60) size 8x12 [bgcolor=#048485] [r=5 c=64 rs=1 cs=1]
              RenderInline {FONT} at (0,0) size 3x12
                RenderText {#text} at (0,0) size 3x12
                  text run at (0,0) width 3: " "
            RenderTableCell {TD} at (509,60) size 9x12 [bgcolor=#027777] [r=5 c=65 rs=1 cs=1]
              RenderInline {FONT} at (0,0) size 3x12
                RenderText {#text} at (0,0) size 3x12
                  text run at (0,0) width 3: " "
            RenderTableCell {TD} at (517,60) size 9x12 [bgcolor=#026766] [r=5 c=66 rs=1 cs=1]
              RenderInline {FONT} at (0,0) size 3x12
                RenderText {#text} at (0,0) size 3x12
                  text run at (0,0) width 3: " "
            RenderTableCell {TD} at (525,60) size 9x12 [bgcolor=#026766] [r=5 c=67 rs=1 cs=1]
              RenderInline {FONT} at (0,0) size 3x12
                RenderText {#text} at (0,0) size 3x12
                  text run at (0,0) width 3: " "
            RenderTableCell {TD} at (533,60) size 9x12 [bgcolor=#026766] [r=5 c=68 rs=1 cs=1]
              RenderInline {FONT} at (0,0) size 3x12
                RenderText {#text} at (0,0) size 3x12
                  text run at (0,0) width 3: " "
            RenderTableCell {TD} at (541,60) size 9x12 [bgcolor=#026766] [r=5 c=69 rs=1 cs=1]
              RenderInline {FONT} at (0,0) size 3x12
                RenderText {#text} at (0,0) size 3x12
                  text run at (0,0) width 3: " "
            RenderTableCell {TD} at (549,60) size 8x12 [bgcolor=#026766] [r=5 c=70 rs=1 cs=1]
              RenderInline {FONT} at (0,0) size 3x12
                RenderText {#text} at (0,0) size 3x12
                  text run at (0,0) width 3: " "
            RenderTableCell {TD} at (556,60) size 9x12 [bgcolor=#025E5E] [r=5 c=71 rs=1 cs=1]
              RenderInline {FONT} at (0,0) size 3x12
                RenderText {#text} at (0,0) size 3x12
                  text run at (0,0) width 3: " "
            RenderTableCell {TD} at (564,60) size 9x12 [bgcolor=#044F4F] [r=5 c=72 rs=1 cs=1]
              RenderInline {FONT} at (0,0) size 3x12
                RenderText {#text} at (0,0) size 3x12
                  text run at (0,0) width 3: " "
            RenderTableCell {TD} at (572,60) size 9x12 [bgcolor=#044140] [r=5 c=73 rs=1 cs=1]
              RenderInline {FONT} at (0,0) size 3x12
                RenderText {#text} at (0,0) size 3x12
                  text run at (0,0) width 3: " "
            RenderTableCell {TD} at (580,60) size 9x12 [bgcolor=#083131] [r=5 c=74 rs=1 cs=1]
              RenderInline {FONT} at (0,0) size 3x12
                RenderText {#text} at (0,0) size 3x12
                  text run at (0,0) width 3: " "
            RenderTableCell {TD} at (588,60) size 9x12 [bgcolor=#083131] [r=5 c=75 rs=1 cs=1]
              RenderInline {FONT} at (0,0) size 3x12
                RenderText {#text} at (0,0) size 3x12
                  text run at (0,0) width 3: " "
            RenderTableCell {TD} at (596,60) size 8x12 [bgcolor=#223C3D] [r=5 c=76 rs=1 cs=1]
              RenderInline {FONT} at (0,0) size 3x12
                RenderText {#text} at (0,0) size 3x12
                  text run at (0,0) width 3: " "
            RenderTableCell {TD} at (603,60) size 9x12 [bgcolor=#274C4D] [r=5 c=77 rs=1 cs=1]
              RenderInline {FONT} at (0,0) size 3x12
                RenderText {#text} at (0,0) size 3x12
                  text run at (0,0) width 3: " "
            RenderTableCell {TD} at (611,60) size 9x12 [bgcolor=#025E5E] [r=5 c=78 rs=1 cs=1]
              RenderInline {FONT} at (0,0) size 3x12
                RenderText {#text} at (0,0) size 3x12
                  text run at (0,0) width 3: " "
            RenderTableCell {TD} at (619,60) size 9x12 [bgcolor=#026766] [r=5 c=79 rs=1 cs=1]
              RenderInline {FONT} at (0,0) size 3x12
                RenderText {#text} at (0,0) size 3x12
                  text run at (0,0) width 3: " "
            RenderTableCell {TD} at (627,60) size 9x12 [bgcolor=#026766] [r=5 c=80 rs=1 cs=1]
              RenderInline {FONT} at (0,0) size 3x12
                RenderText {#text} at (0,0) size 3x12
                  text run at (0,0) width 3: " "
            RenderTableCell {TD} at (635,60) size 9x12 [bgcolor=#026766] [r=5 c=81 rs=1 cs=1]
              RenderInline {FONT} at (0,0) size 3x12
                RenderText {#text} at (0,0) size 3x12
                  text run at (0,0) width 3: " "
            RenderTableCell {TD} at (643,60) size 9x12 [bgcolor=#026766] [r=5 c=82 rs=1 cs=1]
              RenderInline {FONT} at (0,0) size 3x12
                RenderText {#text} at (0,0) size 3x12
                  text run at (0,0) width 3: " "
            RenderTableCell {TD} at (651,60) size 8x12 [bgcolor=#026766] [r=5 c=83 rs=1 cs=1]
              RenderInline {FONT} at (0,0) size 3x12
                RenderText {#text} at (0,0) size 3x12
                  text run at (0,0) width 3: " "
            RenderTableCell {TD} at (658,60) size 9x12 [bgcolor=#026766] [r=5 c=84 rs=1 cs=1]
              RenderInline {FONT} at (0,0) size 3x12
                RenderText {#text} at (0,0) size 3x12
                  text run at (0,0) width 3: " "
            RenderTableCell {TD} at (666,60) size 9x12 [bgcolor=#026766] [r=5 c=85 rs=1 cs=1]
              RenderInline {FONT} at (0,0) size 3x12
                RenderText {#text} at (0,0) size 3x12
                  text run at (0,0) width 3: " "
            RenderTableCell {TD} at (674,60) size 9x12 [bgcolor=#026766] [r=5 c=86 rs=1 cs=1]
              RenderInline {FONT} at (0,0) size 3x12
                RenderText {#text} at (0,0) size 3x12
                  text run at (0,0) width 3: " "
            RenderTableCell {TD} at (682,60) size 9x12 [bgcolor=#026766] [r=5 c=87 rs=1 cs=1]
              RenderInline {FONT} at (0,0) size 3x12
                RenderText {#text} at (0,0) size 3x12
                  text run at (0,0) width 3: " "
            RenderTableCell {TD} at (690,60) size 9x12 [bgcolor=#026766] [r=5 c=88 rs=1 cs=1]
              RenderInline {FONT} at (0,0) size 3x12
                RenderText {#text} at (0,0) size 3x12
                  text run at (0,0) width 3: " "
            RenderTableCell {TD} at (698,60) size 8x12 [bgcolor=#026766] [r=5 c=89 rs=1 cs=1]
              RenderInline {FONT} at (0,0) size 3x12
                RenderText {#text} at (0,0) size 3x12
                  text run at (0,0) width 3: " "
            RenderTableCell {TD} at (705,60) size 9x12 [bgcolor=#026766] [r=5 c=90 rs=1 cs=1]
              RenderInline {FONT} at (0,0) size 3x12
                RenderText {#text} at (0,0) size 3x12
                  text run at (0,0) width 3: " "
            RenderTableCell {TD} at (713,60) size 9x12 [bgcolor=#025E5E] [r=5 c=91 rs=1 cs=1]
              RenderInline {FONT} at (0,0) size 3x12
                RenderText {#text} at (0,0) size 3x12
                  text run at (0,0) width 3: " "
            RenderTableCell {TD} at (721,60) size 9x12 [bgcolor=#044F4F] [r=5 c=92 rs=1 cs=1]
              RenderInline {FONT} at (0,0) size 3x12
                RenderText {#text} at (0,0) size 3x12
                  text run at (0,0) width 3: " "
            RenderTableCell {TD} at (729,60) size 9x12 [bgcolor=#044140] [r=5 c=93 rs=1 cs=1]
              RenderInline {FONT} at (0,0) size 3x12
                RenderText {#text} at (0,0) size 3x12
                  text run at (0,0) width 3: " "
            RenderTableCell {TD} at (737,60) size 9x12 [bgcolor=#223C3D] [r=5 c=94 rs=1 cs=1]
              RenderInline {FONT} at (0,0) size 3x12
                RenderText {#text} at (0,0) size 3x12
                  text run at (0,0) width 3: " "
            RenderTableCell {TD} at (745,60) size 8x12 [bgcolor=#696A69] [r=5 c=95 rs=1 cs=1]
              RenderInline {FONT} at (0,0) size 3x12
                RenderText {#text} at (0,0) size 3x12
                  text run at (0,0) width 3: " "
            RenderTableCell {TD} at (753,60) size 8x12 [bgcolor=#848788] [r=5 c=96 rs=1 cs=1]
              RenderInline {FONT} at (0,0) size 3x12
                RenderText {#text} at (0,0) size 3x12
                  text run at (0,0) width 3: " "
            RenderTableCell {TD} at (760,60) size 9x12 [bgcolor=#939494] [r=5 c=97 rs=1 cs=1]
              RenderInline {FONT} at (0,0) size 3x12
                RenderText {#text} at (0,0) size 3x12
                  text run at (0,0) width 3: " "
            RenderTableCell {TD} at (768,60) size 9x12 [bgcolor=#777878] [r=5 c=98 rs=1 cs=1]
              RenderInline {FONT} at (0,0) size 3x12
                RenderText {#text} at (0,0) size 3x12
                  text run at (0,0) width 3: " "
            RenderTableCell {TD} at (776,60) size 9x12 [bgcolor=#515C5B] [r=5 c=99 rs=1 cs=1]
              RenderInline {FONT} at (0,0) size 3x12
                RenderText {#text} at (0,0) size 3x12
                  text run at (0,0) width 3: " "
          RenderTableRow {TR} at (0,72) size 784x12
            RenderTableCell {TD} at (0,72) size 8x12 [bgcolor=#FDFDFB] [r=6 c=0 rs=1 cs=1]
              RenderInline {FONT} at (0,0) size 3x12
                RenderText {#text} at (0,0) size 3x12
                  text run at (0,0) width 3: " "
            RenderTableCell {TD} at (7,72) size 9x12 [bgcolor=#FDFDFB] [r=6 c=1 rs=1 cs=1]
              RenderInline {FONT} at (0,0) size 3x12
                RenderText {#text} at (0,0) size 3x12
                  text run at (0,0) width 3: " "
            RenderTableCell {TD} at (15,72) size 9x12 [bgcolor=#A4CCCC] [r=6 c=2 rs=1 cs=1]
              RenderInline {FONT} at (0,0) size 3x12
                RenderText {#text} at (0,0) size 3x12
                  text run at (0,0) width 3: " "
            RenderTableCell {TD} at (23,72) size 9x12 [bgcolor=#048485] [r=6 c=3 rs=1 cs=1]
              RenderInline {FONT} at (0,0) size 3x12
                RenderText {#text} at (0,0) size 3x12
                  text run at (0,0) width 3: " "
            RenderTableCell {TD} at (31,72) size 9x12 [bgcolor=#048485] [r=6 c=4 rs=1 cs=1]
              RenderInline {FONT} at (0,0) size 3x12
                RenderText {#text} at (0,0) size 3x12
                  text run at (0,0) width 3: " "
            RenderTableCell {TD} at (39,72) size 9x12 [bgcolor=#027777] [r=6 c=5 rs=1 cs=1]
              RenderInline {FONT} at (0,0) size 3x12
                RenderText {#text} at (0,0) size 3x12
                  text run at (0,0) width 3: " "
            RenderTableCell {TD} at (47,72) size 8x12 [bgcolor=#026766] [r=6 c=6 rs=1 cs=1]
              RenderInline {FONT} at (0,0) size 3x12
                RenderText {#text} at (0,0) size 3x12
                  text run at (0,0) width 3: " "
            RenderTableCell {TD} at (54,72) size 9x12 [bgcolor=#026766] [r=6 c=7 rs=1 cs=1]
              RenderInline {FONT} at (0,0) size 3x12
                RenderText {#text} at (0,0) size 3x12
                  text run at (0,0) width 3: " "
            RenderTableCell {TD} at (62,72) size 9x12 [bgcolor=#026766] [r=6 c=8 rs=1 cs=1]
              RenderInline {FONT} at (0,0) size 3x12
                RenderText {#text} at (0,0) size 3x12
                  text run at (0,0) width 3: " "
            RenderTableCell {TD} at (70,72) size 9x12 [bgcolor=#026766] [r=6 c=9 rs=1 cs=1]
              RenderInline {FONT} at (0,0) size 3x12
                RenderText {#text} at (0,0) size 3x12
                  text run at (0,0) width 3: " "
            RenderTableCell {TD} at (78,72) size 9x12 [bgcolor=#026766] [r=6 c=10 rs=1 cs=1]
              RenderInline {FONT} at (0,0) size 3x12
                RenderText {#text} at (0,0) size 3x12
                  text run at (0,0) width 3: " "
            RenderTableCell {TD} at (86,72) size 9x12 [bgcolor=#025E5E] [r=6 c=11 rs=1 cs=1]
              RenderInline {FONT} at (0,0) size 3x12
                RenderText {#text} at (0,0) size 3x12
                  text run at (0,0) width 3: " "
            RenderTableCell {TD} at (94,72) size 8x12 [bgcolor=#025E5E] [r=6 c=12 rs=1 cs=1]
              RenderInline {FONT} at (0,0) size 3x12
                RenderText {#text} at (0,0) size 3x12
                  text run at (0,0) width 3: " "
            RenderTableCell {TD} at (101,72) size 9x12 [bgcolor=#044140] [r=6 c=13 rs=1 cs=1]
              RenderInline {FONT} at (0,0) size 3x12
                RenderText {#text} at (0,0) size 3x12
                  text run at (0,0) width 3: " "
            RenderTableCell {TD} at (109,72) size 9x12 [bgcolor=#223C3D] [r=6 c=14 rs=1 cs=1]
              RenderInline {FONT} at (0,0) size 3x12
                RenderText {#text} at (0,0) size 3x12
                  text run at (0,0) width 3: " "
            RenderTableCell {TD} at (117,72) size 9x12 [bgcolor=#696A69] [r=6 c=15 rs=1 cs=1]
              RenderInline {FONT} at (0,0) size 3x12
                RenderText {#text} at (0,0) size 3x12
                  text run at (0,0) width 3: " "
            RenderTableCell {TD} at (125,72) size 9x12 [bgcolor=#A5A6A6] [r=6 c=16 rs=1 cs=1]
              RenderInline {FONT} at (0,0) size 3x12
                RenderText {#text} at (0,0) size 3x12
                  text run at (0,0) width 3: " "
            RenderTableCell {TD} at (133,72) size 9x12 [bgcolor=#B4B4B4] [r=6 c=17 rs=1 cs=1]
              RenderInline {FONT} at (0,0) size 3x12
                RenderText {#text} at (0,0) size 3x12
                  text run at (0,0) width 3: " "
            RenderTableCell {TD} at (141,72) size 9x12 [bgcolor=#848788] [r=6 c=18 rs=1 cs=1]
              RenderInline {FONT} at (0,0) size 3x12
                RenderText {#text} at (0,0) size 3x12
                  text run at (0,0) width 3: " "
            RenderTableCell {TD} at (149,72) size 8x12 [bgcolor=#1E7A79] [r=6 c=19 rs=1 cs=1]
              RenderInline {FONT} at (0,0) size 3x12
                RenderText {#text} at (0,0) size 3x12
                  text run at (0,0) width 3: " "
            RenderTableCell {TD} at (156,72) size 9x12 [bgcolor=#027777] [r=6 c=20 rs=1 cs=1]
              RenderInline {FONT} at (0,0) size 3x12
                RenderText {#text} at (0,0) size 3x12
                  text run at (0,0) width 3: " "
            RenderTableCell {TD} at (164,72) size 9x12 [bgcolor=#026766] [r=6 c=21 rs=1 cs=1]
              RenderInline {FONT} at (0,0) size 3x12
                RenderText {#text} at (0,0) size 3x12
                  text run at (0,0) width 3: " "
            RenderTableCell {TD} at (172,72) size 9x12 [bgcolor=#026766] [r=6 c=22 rs=1 cs=1]
              RenderInline {FONT} at (0,0) size 3x12
                RenderText {#text} at (0,0) size 3x12
                  text run at (0,0) width 3: " "
            RenderTableCell {TD} at (180,72) size 9x12 [bgcolor=#026766] [r=6 c=23 rs=1 cs=1]
              RenderInline {FONT} at (0,0) size 3x12
                RenderText {#text} at (0,0) size 3x12
                  text run at (0,0) width 3: " "
            RenderTableCell {TD} at (188,72) size 9x12 [bgcolor=#026766] [r=6 c=24 rs=1 cs=1]
              RenderInline {FONT} at (0,0) size 3x12
                RenderText {#text} at (0,0) size 3x12
                  text run at (0,0) width 3: " "
            RenderTableCell {TD} at (196,72) size 8x12 [bgcolor=#026766] [r=6 c=25 rs=1 cs=1]
              RenderInline {FONT} at (0,0) size 3x12
                RenderText {#text} at (0,0) size 3x12
                  text run at (0,0) width 3: " "
            RenderTableCell {TD} at (203,72) size 9x12 [bgcolor=#026766] [r=6 c=26 rs=1 cs=1]
              RenderInline {FONT} at (0,0) size 3x12
                RenderText {#text} at (0,0) size 3x12
                  text run at (0,0) width 3: " "
            RenderTableCell {TD} at (211,72) size 9x12 [bgcolor=#026766] [r=6 c=27 rs=1 cs=1]
              RenderInline {FONT} at (0,0) size 3x12
                RenderText {#text} at (0,0) size 3x12
                  text run at (0,0) width 3: " "
            RenderTableCell {TD} at (219,72) size 9x12 [bgcolor=#025E5E] [r=6 c=28 rs=1 cs=1]
              RenderInline {FONT} at (0,0) size 3x12
                RenderText {#text} at (0,0) size 3x12
                  text run at (0,0) width 3: " "
            RenderTableCell {TD} at (227,72) size 9x12 [bgcolor=#025E5E] [r=6 c=29 rs=1 cs=1]
              RenderInline {FONT} at (0,0) size 3x12
                RenderText {#text} at (0,0) size 3x12
                  text run at (0,0) width 3: " "
            RenderTableCell {TD} at (235,72) size 9x12 [bgcolor=#044F4F] [r=6 c=30 rs=1 cs=1]
              RenderInline {FONT} at (0,0) size 3x12
                RenderText {#text} at (0,0) size 3x12
                  text run at (0,0) width 3: " "
            RenderTableCell {TD} at (243,72) size 8x12 [bgcolor=#696A69] [r=6 c=31 rs=1 cs=1]
              RenderInline {FONT} at (0,0) size 3x12
                RenderText {#text} at (0,0) size 3x12
                  text run at (0,0) width 3: " "
            RenderTableCell {TD} at (251,72) size 8x12 [bgcolor=#848788] [r=6 c=32 rs=1 cs=1]
              RenderInline {FONT} at (0,0) size 3x12
                RenderText {#text} at (0,0) size 3x12
                  text run at (0,0) width 3: " "
            RenderTableCell {TD} at (258,72) size 9x12 [bgcolor=#939494] [r=6 c=33 rs=1 cs=1]
              RenderInline {FONT} at (0,0) size 3x12
                RenderText {#text} at (0,0) size 3x12
                  text run at (0,0) width 3: " "
            RenderTableCell {TD} at (266,72) size 9x12 [bgcolor=#939494] [r=6 c=34 rs=1 cs=1]
              RenderInline {FONT} at (0,0) size 3x12
                RenderText {#text} at (0,0) size 3x12
                  text run at (0,0) width 3: " "
            RenderTableCell {TD} at (274,72) size 9x12 [bgcolor=#7B918F] [r=6 c=35 rs=1 cs=1]
              RenderInline {FONT} at (0,0) size 3x12
                RenderText {#text} at (0,0) size 3x12
                  text run at (0,0) width 3: " "
            RenderTableCell {TD} at (282,72) size 9x12 [bgcolor=#027777] [r=6 c=36 rs=1 cs=1]
              RenderInline {FONT} at (0,0) size 3x12
                RenderText {#text} at (0,0) size 3x12
                  text run at (0,0) width 3: " "
            RenderTableCell {TD} at (290,72) size 9x12 [bgcolor=#027777] [r=6 c=37 rs=1 cs=1]
              RenderInline {FONT} at (0,0) size 3x12
                RenderText {#text} at (0,0) size 3x12
                  text run at (0,0) width 3: " "
            RenderTableCell {TD} at (298,72) size 8x12 [bgcolor=#026766] [r=6 c=38 rs=1 cs=1]
              RenderInline {FONT} at (0,0) size 3x12
                RenderText {#text} at (0,0) size 3x12
                  text run at (0,0) width 3: " "
            RenderTableCell {TD} at (305,72) size 9x12 [bgcolor=#026766] [r=6 c=39 rs=1 cs=1]
              RenderInline {FONT} at (0,0) size 3x12
                RenderText {#text} at (0,0) size 3x12
                  text run at (0,0) width 3: " "
            RenderTableCell {TD} at (313,72) size 9x12 [bgcolor=#026766] [r=6 c=40 rs=1 cs=1]
              RenderInline {FONT} at (0,0) size 3x12
                RenderText {#text} at (0,0) size 3x12
                  text run at (0,0) width 3: " "
            RenderTableCell {TD} at (321,72) size 9x12 [bgcolor=#026766] [r=6 c=41 rs=1 cs=1]
              RenderInline {FONT} at (0,0) size 3x12
                RenderText {#text} at (0,0) size 3x12
                  text run at (0,0) width 3: " "
            RenderTableCell {TD} at (329,72) size 9x12 [bgcolor=#026766] [r=6 c=42 rs=1 cs=1]
              RenderInline {FONT} at (0,0) size 3x12
                RenderText {#text} at (0,0) size 3x12
                  text run at (0,0) width 3: " "
            RenderTableCell {TD} at (337,72) size 9x12 [bgcolor=#026766] [r=6 c=43 rs=1 cs=1]
              RenderInline {FONT} at (0,0) size 3x12
                RenderText {#text} at (0,0) size 3x12
                  text run at (0,0) width 3: " "
            RenderTableCell {TD} at (345,72) size 8x12 [bgcolor=#026766] [r=6 c=44 rs=1 cs=1]
              RenderInline {FONT} at (0,0) size 3x12
                RenderText {#text} at (0,0) size 3x12
                  text run at (0,0) width 3: " "
            RenderTableCell {TD} at (352,72) size 9x12 [bgcolor=#026766] [r=6 c=45 rs=1 cs=1]
              RenderInline {FONT} at (0,0) size 3x12
                RenderText {#text} at (0,0) size 3x12
                  text run at (0,0) width 3: " "
            RenderTableCell {TD} at (360,72) size 9x12 [bgcolor=#026766] [r=6 c=46 rs=1 cs=1]
              RenderInline {FONT} at (0,0) size 3x12
                RenderText {#text} at (0,0) size 3x12
                  text run at (0,0) width 3: " "
            RenderTableCell {TD} at (368,72) size 9x12 [bgcolor=#026766] [r=6 c=47 rs=1 cs=1]
              RenderInline {FONT} at (0,0) size 3x12
                RenderText {#text} at (0,0) size 3x12
                  text run at (0,0) width 3: " "
            RenderTableCell {TD} at (376,72) size 9x12 [bgcolor=#469191] [r=6 c=48 rs=1 cs=1]
              RenderInline {FONT} at (0,0) size 3x12
                RenderText {#text} at (0,0) size 3x12
                  text run at (0,0) width 3: " "
            RenderTableCell {TD} at (384,72) size 9x12 [bgcolor=#72A3A1] [r=6 c=49 rs=1 cs=1]
              RenderInline {FONT} at (0,0) size 3x12
                RenderText {#text} at (0,0) size 3x12
                  text run at (0,0) width 3: " "
            RenderTableCell {TD} at (392,72) size 9x12 [bgcolor=#338686] [r=6 c=50 rs=1 cs=1]
              RenderInline {FONT} at (0,0) size 3x12
                RenderText {#text} at (0,0) size 3x12
                  text run at (0,0) width 3: " "
            RenderTableCell {TD} at (400,72) size 8x12 [bgcolor=#025E5E] [r=6 c=51 rs=1 cs=1]
              RenderInline {FONT} at (0,0) size 3x12
                RenderText {#text} at (0,0) size 3x12
                  text run at (0,0) width 3: " "
            RenderTableCell {TD} at (407,72) size 9x12 [bgcolor=#044140] [r=6 c=52 rs=1 cs=1]
              RenderInline {FONT} at (0,0) size 3x12
                RenderText {#text} at (0,0) size 3x12
                  text run at (0,0) width 3: " "
            RenderTableCell {TD} at (415,72) size 9x12 [bgcolor=#083131] [r=6 c=53 rs=1 cs=1]
              RenderInline {FONT} at (0,0) size 3x12
                RenderText {#text} at (0,0) size 3x12
                  text run at (0,0) width 3: " "
            RenderTableCell {TD} at (423,72) size 9x12 [bgcolor=#083131] [r=6 c=54 rs=1 cs=1]
              RenderInline {FONT} at (0,0) size 3x12
                RenderText {#text} at (0,0) size 3x12
                  text run at (0,0) width 3: " "
            RenderTableCell {TD} at (431,72) size 9x12 [bgcolor=#2D3433] [r=6 c=55 rs=1 cs=1]
              RenderInline {FONT} at (0,0) size 3x12
                RenderText {#text} at (0,0) size 3x12
                  text run at (0,0) width 3: " "
            RenderTableCell {TD} at (439,72) size 9x12 [bgcolor=#3D4242] [r=6 c=56 rs=1 cs=1]
              RenderInline {FONT} at (0,0) size 3x12
                RenderText {#text} at (0,0) size 3x12
                  text run at (0,0) width 3: " "
            RenderTableCell {TD} at (447,72) size 8x12 [bgcolor=#515C5B] [r=6 c=57 rs=1 cs=1]
              RenderInline {FONT} at (0,0) size 3x12
                RenderText {#text} at (0,0) size 3x12
                  text run at (0,0) width 3: " "
            RenderTableCell {TD} at (454,72) size 9x12 [bgcolor=#777878] [r=6 c=58 rs=1 cs=1]
              RenderInline {FONT} at (0,0) size 3x12
                RenderText {#text} at (0,0) size 3x12
                  text run at (0,0) width 3: " "
            RenderTableCell {TD} at (462,72) size 9x12 [bgcolor=#848788] [r=6 c=59 rs=1 cs=1]
              RenderInline {FONT} at (0,0) size 3x12
                RenderText {#text} at (0,0) size 3x12
                  text run at (0,0) width 3: " "
            RenderTableCell {TD} at (470,72) size 9x12 [bgcolor=#939494] [r=6 c=60 rs=1 cs=1]
              RenderInline {FONT} at (0,0) size 3x12
                RenderText {#text} at (0,0) size 3x12
                  text run at (0,0) width 3: " "
            RenderTableCell {TD} at (478,72) size 9x12 [bgcolor=#5A8787] [r=6 c=61 rs=1 cs=1]
              RenderInline {FONT} at (0,0) size 3x12
                RenderText {#text} at (0,0) size 3x12
                  text run at (0,0) width 3: " "
            RenderTableCell {TD} at (486,72) size 9x12 [bgcolor=#048485] [r=6 c=62 rs=1 cs=1]
              RenderInline {FONT} at (0,0) size 3x12
                RenderText {#text} at (0,0) size 3x12
                  text run at (0,0) width 3: " "
            RenderTableCell {TD} at (494,72) size 8x12 [bgcolor=#048485] [r=6 c=63 rs=1 cs=1]
              RenderInline {FONT} at (0,0) size 3x12
                RenderText {#text} at (0,0) size 3x12
                  text run at (0,0) width 3: " "
            RenderTableCell {TD} at (502,72) size 8x12 [bgcolor=#027777] [r=6 c=64 rs=1 cs=1]
              RenderInline {FONT} at (0,0) size 3x12
                RenderText {#text} at (0,0) size 3x12
                  text run at (0,0) width 3: " "
            RenderTableCell {TD} at (509,72) size 9x12 [bgcolor=#026766] [r=6 c=65 rs=1 cs=1]
              RenderInline {FONT} at (0,0) size 3x12
                RenderText {#text} at (0,0) size 3x12
                  text run at (0,0) width 3: " "
            RenderTableCell {TD} at (517,72) size 9x12 [bgcolor=#026766] [r=6 c=66 rs=1 cs=1]
              RenderInline {FONT} at (0,0) size 3x12
                RenderText {#text} at (0,0) size 3x12
                  text run at (0,0) width 3: " "
            RenderTableCell {TD} at (525,72) size 9x12 [bgcolor=#026766] [r=6 c=67 rs=1 cs=1]
              RenderInline {FONT} at (0,0) size 3x12
                RenderText {#text} at (0,0) size 3x12
                  text run at (0,0) width 3: " "
            RenderTableCell {TD} at (533,72) size 9x12 [bgcolor=#026766] [r=6 c=68 rs=1 cs=1]
              RenderInline {FONT} at (0,0) size 3x12
                RenderText {#text} at (0,0) size 3x12
                  text run at (0,0) width 3: " "
            RenderTableCell {TD} at (541,72) size 9x12 [bgcolor=#026766] [r=6 c=69 rs=1 cs=1]
              RenderInline {FONT} at (0,0) size 3x12
                RenderText {#text} at (0,0) size 3x12
                  text run at (0,0) width 3: " "
            RenderTableCell {TD} at (549,72) size 8x12 [bgcolor=#1A6B6A] [r=6 c=70 rs=1 cs=1]
              RenderInline {FONT} at (0,0) size 3x12
                RenderText {#text} at (0,0) size 3x12
                  text run at (0,0) width 3: " "
            RenderTableCell {TD} at (556,72) size 9x12 [bgcolor=#589594] [r=6 c=71 rs=1 cs=1]
              RenderInline {FONT} at (0,0) size 3x12
                RenderText {#text} at (0,0) size 3x12
                  text run at (0,0) width 3: " "
            RenderTableCell {TD} at (564,72) size 9x12 [bgcolor=#7B918F] [r=6 c=72 rs=1 cs=1]
              RenderInline {FONT} at (0,0) size 3x12
                RenderText {#text} at (0,0) size 3x12
                  text run at (0,0) width 3: " "
            RenderTableCell {TD} at (572,72) size 9x12 [bgcolor=#274C4D] [r=6 c=73 rs=1 cs=1]
              RenderInline {FONT} at (0,0) size 3x12
                RenderText {#text} at (0,0) size 3x12
                  text run at (0,0) width 3: " "
            RenderTableCell {TD} at (580,72) size 9x12 [bgcolor=#2D3433] [r=6 c=74 rs=1 cs=1]
              RenderInline {FONT} at (0,0) size 3x12
                RenderText {#text} at (0,0) size 3x12
                  text run at (0,0) width 3: " "
            RenderTableCell {TD} at (588,72) size 9x12 [bgcolor=#3D4242] [r=6 c=75 rs=1 cs=1]
              RenderInline {FONT} at (0,0) size 3x12
                RenderText {#text} at (0,0) size 3x12
                  text run at (0,0) width 3: " "
            RenderTableCell {TD} at (596,72) size 8x12 [bgcolor=#4D4F4F] [r=6 c=76 rs=1 cs=1]
              RenderInline {FONT} at (0,0) size 3x12
                RenderText {#text} at (0,0) size 3x12
                  text run at (0,0) width 3: " "
            RenderTableCell {TD} at (603,72) size 9x12 [bgcolor=#515C5B] [r=6 c=77 rs=1 cs=1]
              RenderInline {FONT} at (0,0) size 3x12
                RenderText {#text} at (0,0) size 3x12
                  text run at (0,0) width 3: " "
            RenderTableCell {TD} at (611,72) size 9x12 [bgcolor=#1A6B6A] [r=6 c=78 rs=1 cs=1]
              RenderInline {FONT} at (0,0) size 3x12
                RenderText {#text} at (0,0) size 3x12
                  text run at (0,0) width 3: " "
            RenderTableCell {TD} at (619,72) size 9x12 [bgcolor=#026766] [r=6 c=79 rs=1 cs=1]
              RenderInline {FONT} at (0,0) size 3x12
                RenderText {#text} at (0,0) size 3x12
                  text run at (0,0) width 3: " "
            RenderTableCell {TD} at (627,72) size 9x12 [bgcolor=#026766] [r=6 c=80 rs=1 cs=1]
              RenderInline {FONT} at (0,0) size 3x12
                RenderText {#text} at (0,0) size 3x12
                  text run at (0,0) width 3: " "
            RenderTableCell {TD} at (635,72) size 9x12 [bgcolor=#026766] [r=6 c=81 rs=1 cs=1]
              RenderInline {FONT} at (0,0) size 3x12
                RenderText {#text} at (0,0) size 3x12
                  text run at (0,0) width 3: " "
            RenderTableCell {TD} at (643,72) size 9x12 [bgcolor=#026766] [r=6 c=82 rs=1 cs=1]
              RenderInline {FONT} at (0,0) size 3x12
                RenderText {#text} at (0,0) size 3x12
                  text run at (0,0) width 3: " "
            RenderTableCell {TD} at (651,72) size 8x12 [bgcolor=#026766] [r=6 c=83 rs=1 cs=1]
              RenderInline {FONT} at (0,0) size 3x12
                RenderText {#text} at (0,0) size 3x12
                  text run at (0,0) width 3: " "
            RenderTableCell {TD} at (658,72) size 9x12 [bgcolor=#026766] [r=6 c=84 rs=1 cs=1]
              RenderInline {FONT} at (0,0) size 3x12
                RenderText {#text} at (0,0) size 3x12
                  text run at (0,0) width 3: " "
            RenderTableCell {TD} at (666,72) size 9x12 [bgcolor=#026766] [r=6 c=85 rs=1 cs=1]
              RenderInline {FONT} at (0,0) size 3x12
                RenderText {#text} at (0,0) size 3x12
                  text run at (0,0) width 3: " "
            RenderTableCell {TD} at (674,72) size 9x12 [bgcolor=#026766] [r=6 c=86 rs=1 cs=1]
              RenderInline {FONT} at (0,0) size 3x12
                RenderText {#text} at (0,0) size 3x12
                  text run at (0,0) width 3: " "
            RenderTableCell {TD} at (682,72) size 9x12 [bgcolor=#026766] [r=6 c=87 rs=1 cs=1]
              RenderInline {FONT} at (0,0) size 3x12
                RenderText {#text} at (0,0) size 3x12
                  text run at (0,0) width 3: " "
            RenderTableCell {TD} at (690,72) size 9x12 [bgcolor=#026766] [r=6 c=88 rs=1 cs=1]
              RenderInline {FONT} at (0,0) size 3x12
                RenderText {#text} at (0,0) size 3x12
                  text run at (0,0) width 3: " "
            RenderTableCell {TD} at (698,72) size 8x12 [bgcolor=#026766] [r=6 c=89 rs=1 cs=1]
              RenderInline {FONT} at (0,0) size 3x12
                RenderText {#text} at (0,0) size 3x12
                  text run at (0,0) width 3: " "
            RenderTableCell {TD} at (705,72) size 9x12 [bgcolor=#026766] [r=6 c=90 rs=1 cs=1]
              RenderInline {FONT} at (0,0) size 3x12
                RenderText {#text} at (0,0) size 3x12
                  text run at (0,0) width 3: " "
            RenderTableCell {TD} at (713,72) size 9x12 [bgcolor=#025E5E] [r=6 c=91 rs=1 cs=1]
              RenderInline {FONT} at (0,0) size 3x12
                RenderText {#text} at (0,0) size 3x12
                  text run at (0,0) width 3: " "
            RenderTableCell {TD} at (721,72) size 9x12 [bgcolor=#044F4F] [r=6 c=92 rs=1 cs=1]
              RenderInline {FONT} at (0,0) size 3x12
                RenderText {#text} at (0,0) size 3x12
                  text run at (0,0) width 3: " "
            RenderTableCell {TD} at (729,72) size 9x12 [bgcolor=#044140] [r=6 c=93 rs=1 cs=1]
              RenderInline {FONT} at (0,0) size 3x12
                RenderText {#text} at (0,0) size 3x12
                  text run at (0,0) width 3: " "
            RenderTableCell {TD} at (737,72) size 9x12 [bgcolor=#223C3D] [r=6 c=94 rs=1 cs=1]
              RenderInline {FONT} at (0,0) size 3x12
                RenderText {#text} at (0,0) size 3x12
                  text run at (0,0) width 3: " "
            RenderTableCell {TD} at (745,72) size 8x12 [bgcolor=#5E5F60] [r=6 c=95 rs=1 cs=1]
              RenderInline {FONT} at (0,0) size 3x12
                RenderText {#text} at (0,0) size 3x12
                  text run at (0,0) width 3: " "
            RenderTableCell {TD} at (753,72) size 8x12 [bgcolor=#777878] [r=6 c=96 rs=1 cs=1]
              RenderInline {FONT} at (0,0) size 3x12
                RenderText {#text} at (0,0) size 3x12
                  text run at (0,0) width 3: " "
            RenderTableCell {TD} at (760,72) size 9x12 [bgcolor=#848788] [r=6 c=97 rs=1 cs=1]
              RenderInline {FONT} at (0,0) size 3x12
                RenderText {#text} at (0,0) size 3x12
                  text run at (0,0) width 3: " "
            RenderTableCell {TD} at (768,72) size 9x12 [bgcolor=#777878] [r=6 c=98 rs=1 cs=1]
              RenderInline {FONT} at (0,0) size 3x12
                RenderText {#text} at (0,0) size 3x12
                  text run at (0,0) width 3: " "
            RenderTableCell {TD} at (776,72) size 9x12 [bgcolor=#4D4F4F] [r=6 c=99 rs=1 cs=1]
              RenderInline {FONT} at (0,0) size 3x12
                RenderText {#text} at (0,0) size 3x12
                  text run at (0,0) width 3: " "
          RenderTableRow {TR} at (0,84) size 784x12
            RenderTableCell {TD} at (0,84) size 8x12 [bgcolor=#FDFDFB] [r=7 c=0 rs=1 cs=1]
              RenderInline {FONT} at (0,0) size 3x12
                RenderText {#text} at (0,0) size 3x12
                  text run at (0,0) width 3: " "
            RenderTableCell {TD} at (7,84) size 9x12 [bgcolor=#EDEEEF] [r=7 c=1 rs=1 cs=1]
              RenderInline {FONT} at (0,0) size 3x12
                RenderText {#text} at (0,0) size 3x12
                  text run at (0,0) width 3: " "
            RenderTableCell {TD} at (15,84) size 9x12 [bgcolor=#249393] [r=7 c=2 rs=1 cs=1]
              RenderInline {FONT} at (0,0) size 3x12
                RenderText {#text} at (0,0) size 3x12
                  text run at (0,0) width 3: " "
            RenderTableCell {TD} at (23,84) size 9x12 [bgcolor=#048485] [r=7 c=3 rs=1 cs=1]
              RenderInline {FONT} at (0,0) size 3x12
                RenderText {#text} at (0,0) size 3x12
                  text run at (0,0) width 3: " "
            RenderTableCell {TD} at (31,84) size 9x12 [bgcolor=#027777] [r=7 c=4 rs=1 cs=1]
              RenderInline {FONT} at (0,0) size 3x12
                RenderText {#text} at (0,0) size 3x12
                  text run at (0,0) width 3: " "
            RenderTableCell {TD} at (39,84) size 9x12 [bgcolor=#026766] [r=7 c=5 rs=1 cs=1]
              RenderInline {FONT} at (0,0) size 3x12
                RenderText {#text} at (0,0) size 3x12
                  text run at (0,0) width 3: " "
            RenderTableCell {TD} at (47,84) size 8x12 [bgcolor=#026766] [r=7 c=6 rs=1 cs=1]
              RenderInline {FONT} at (0,0) size 3x12
                RenderText {#text} at (0,0) size 3x12
                  text run at (0,0) width 3: " "
            RenderTableCell {TD} at (54,84) size 9x12 [bgcolor=#026766] [r=7 c=7 rs=1 cs=1]
              RenderInline {FONT} at (0,0) size 3x12
                RenderText {#text} at (0,0) size 3x12
                  text run at (0,0) width 3: " "
            RenderTableCell {TD} at (62,84) size 9x12 [bgcolor=#026766] [r=7 c=8 rs=1 cs=1]
              RenderInline {FONT} at (0,0) size 3x12
                RenderText {#text} at (0,0) size 3x12
                  text run at (0,0) width 3: " "
            RenderTableCell {TD} at (70,84) size 9x12 [bgcolor=#026766] [r=7 c=9 rs=1 cs=1]
              RenderInline {FONT} at (0,0) size 3x12
                RenderText {#text} at (0,0) size 3x12
                  text run at (0,0) width 3: " "
            RenderTableCell {TD} at (78,84) size 9x12 [bgcolor=#026766] [r=7 c=10 rs=1 cs=1]
              RenderInline {FONT} at (0,0) size 3x12
                RenderText {#text} at (0,0) size 3x12
                  text run at (0,0) width 3: " "
            RenderTableCell {TD} at (86,84) size 9x12 [bgcolor=#025E5E] [r=7 c=11 rs=1 cs=1]
              RenderInline {FONT} at (0,0) size 3x12
                RenderText {#text} at (0,0) size 3x12
                  text run at (0,0) width 3: " "
            RenderTableCell {TD} at (94,84) size 8x12 [bgcolor=#025E5E] [r=7 c=12 rs=1 cs=1]
              RenderInline {FONT} at (0,0) size 3x12
                RenderText {#text} at (0,0) size 3x12
                  text run at (0,0) width 3: " "
            RenderTableCell {TD} at (101,84) size 9x12 [bgcolor=#044140] [r=7 c=13 rs=1 cs=1]
              RenderInline {FONT} at (0,0) size 3x12
                RenderText {#text} at (0,0) size 3x12
                  text run at (0,0) width 3: " "
            RenderTableCell {TD} at (109,84) size 9x12 [bgcolor=#223C3D] [r=7 c=14 rs=1 cs=1]
              RenderInline {FONT} at (0,0) size 3x12
                RenderText {#text} at (0,0) size 3x12
                  text run at (0,0) width 3: " "
            RenderTableCell {TD} at (117,84) size 9x12 [bgcolor=#848788] [r=7 c=15 rs=1 cs=1]
              RenderInline {FONT} at (0,0) size 3x12
                RenderText {#text} at (0,0) size 3x12
                  text run at (0,0) width 3: " "
            RenderTableCell {TD} at (125,84) size 9x12 [bgcolor=#FDFDFB] [r=7 c=16 rs=1 cs=1]
              RenderInline {FONT} at (0,0) size 3x12
                RenderText {#text} at (0,0) size 3x12
                  text run at (0,0) width 3: " "
            RenderTableCell {TD} at (133,84) size 9x12 [bgcolor=#FDFDFB] [r=7 c=17 rs=1 cs=1]
              RenderInline {FONT} at (0,0) size 3x12
                RenderText {#text} at (0,0) size 3x12
                  text run at (0,0) width 3: " "
            RenderTableCell {TD} at (141,84) size 9x12 [bgcolor=#4D4F4F] [r=7 c=18 rs=1 cs=1]
              RenderInline {FONT} at (0,0) size 3x12
                RenderText {#text} at (0,0) size 3x12
                  text run at (0,0) width 3: " "
            RenderTableCell {TD} at (149,84) size 8x12 [bgcolor=#1E7A79] [r=7 c=19 rs=1 cs=1]
              RenderInline {FONT} at (0,0) size 3x12
                RenderText {#text} at (0,0) size 3x12
                  text run at (0,0) width 3: " "
            RenderTableCell {TD} at (156,84) size 9x12 [bgcolor=#027777] [r=7 c=20 rs=1 cs=1]
              RenderInline {FONT} at (0,0) size 3x12
                RenderText {#text} at (0,0) size 3x12
                  text run at (0,0) width 3: " "
            RenderTableCell {TD} at (164,84) size 9x12 [bgcolor=#026766] [r=7 c=21 rs=1 cs=1]
              RenderInline {FONT} at (0,0) size 3x12
                RenderText {#text} at (0,0) size 3x12
                  text run at (0,0) width 3: " "
            RenderTableCell {TD} at (172,84) size 9x12 [bgcolor=#026766] [r=7 c=22 rs=1 cs=1]
              RenderInline {FONT} at (0,0) size 3x12
                RenderText {#text} at (0,0) size 3x12
                  text run at (0,0) width 3: " "
            RenderTableCell {TD} at (180,84) size 9x12 [bgcolor=#026766] [r=7 c=23 rs=1 cs=1]
              RenderInline {FONT} at (0,0) size 3x12
                RenderText {#text} at (0,0) size 3x12
                  text run at (0,0) width 3: " "
            RenderTableCell {TD} at (188,84) size 9x12 [bgcolor=#026766] [r=7 c=24 rs=1 cs=1]
              RenderInline {FONT} at (0,0) size 3x12
                RenderText {#text} at (0,0) size 3x12
                  text run at (0,0) width 3: " "
            RenderTableCell {TD} at (196,84) size 8x12 [bgcolor=#026766] [r=7 c=25 rs=1 cs=1]
              RenderInline {FONT} at (0,0) size 3x12
                RenderText {#text} at (0,0) size 3x12
                  text run at (0,0) width 3: " "
            RenderTableCell {TD} at (203,84) size 9x12 [bgcolor=#026766] [r=7 c=26 rs=1 cs=1]
              RenderInline {FONT} at (0,0) size 3x12
                RenderText {#text} at (0,0) size 3x12
                  text run at (0,0) width 3: " "
            RenderTableCell {TD} at (211,84) size 9x12 [bgcolor=#026766] [r=7 c=27 rs=1 cs=1]
              RenderInline {FONT} at (0,0) size 3x12
                RenderText {#text} at (0,0) size 3x12
                  text run at (0,0) width 3: " "
            RenderTableCell {TD} at (219,84) size 9x12 [bgcolor=#025E5E] [r=7 c=28 rs=1 cs=1]
              RenderInline {FONT} at (0,0) size 3x12
                RenderText {#text} at (0,0) size 3x12
                  text run at (0,0) width 3: " "
            RenderTableCell {TD} at (227,84) size 9x12 [bgcolor=#025E5E] [r=7 c=29 rs=1 cs=1]
              RenderInline {FONT} at (0,0) size 3x12
                RenderText {#text} at (0,0) size 3x12
                  text run at (0,0) width 3: " "
            RenderTableCell {TD} at (235,84) size 9x12 [bgcolor=#044F4F] [r=7 c=30 rs=1 cs=1]
              RenderInline {FONT} at (0,0) size 3x12
                RenderText {#text} at (0,0) size 3x12
                  text run at (0,0) width 3: " "
            RenderTableCell {TD} at (243,84) size 8x12 [bgcolor=#274C4D] [r=7 c=31 rs=1 cs=1]
              RenderInline {FONT} at (0,0) size 3x12
                RenderText {#text} at (0,0) size 3x12
                  text run at (0,0) width 3: " "
            RenderTableCell {TD} at (251,84) size 8x12 [bgcolor=#777878] [r=7 c=32 rs=1 cs=1]
              RenderInline {FONT} at (0,0) size 3x12
                RenderText {#text} at (0,0) size 3x12
                  text run at (0,0) width 3: " "
            RenderTableCell {TD} at (258,84) size 9x12 [bgcolor=#848788] [r=7 c=33 rs=1 cs=1]
              RenderInline {FONT} at (0,0) size 3x12
                RenderText {#text} at (0,0) size 3x12
                  text run at (0,0) width 3: " "
            RenderTableCell {TD} at (266,84) size 9x12 [bgcolor=#939494] [r=7 c=34 rs=1 cs=1]
              RenderInline {FONT} at (0,0) size 3x12
                RenderText {#text} at (0,0) size 3x12
                  text run at (0,0) width 3: " "
            RenderTableCell {TD} at (274,84) size 9x12 [bgcolor=#7B918F] [r=7 c=35 rs=1 cs=1]
              RenderInline {FONT} at (0,0) size 3x12
                RenderText {#text} at (0,0) size 3x12
                  text run at (0,0) width 3: " "
            RenderTableCell {TD} at (282,84) size 9x12 [bgcolor=#027777] [r=7 c=36 rs=1 cs=1]
              RenderInline {FONT} at (0,0) size 3x12
                RenderText {#text} at (0,0) size 3x12
                  text run at (0,0) width 3: " "
            RenderTableCell {TD} at (290,84) size 9x12 [bgcolor=#027777] [r=7 c=37 rs=1 cs=1]
              RenderInline {FONT} at (0,0) size 3x12
                RenderText {#text} at (0,0) size 3x12
                  text run at (0,0) width 3: " "
            RenderTableCell {TD} at (298,84) size 8x12 [bgcolor=#026766] [r=7 c=38 rs=1 cs=1]
              RenderInline {FONT} at (0,0) size 3x12
                RenderText {#text} at (0,0) size 3x12
                  text run at (0,0) width 3: " "
            RenderTableCell {TD} at (305,84) size 9x12 [bgcolor=#026766] [r=7 c=39 rs=1 cs=1]
              RenderInline {FONT} at (0,0) size 3x12
                RenderText {#text} at (0,0) size 3x12
                  text run at (0,0) width 3: " "
            RenderTableCell {TD} at (313,84) size 9x12 [bgcolor=#026766] [r=7 c=40 rs=1 cs=1]
              RenderInline {FONT} at (0,0) size 3x12
                RenderText {#text} at (0,0) size 3x12
                  text run at (0,0) width 3: " "
            RenderTableCell {TD} at (321,84) size 9x12 [bgcolor=#026766] [r=7 c=41 rs=1 cs=1]
              RenderInline {FONT} at (0,0) size 3x12
                RenderText {#text} at (0,0) size 3x12
                  text run at (0,0) width 3: " "
            RenderTableCell {TD} at (329,84) size 9x12 [bgcolor=#026766] [r=7 c=42 rs=1 cs=1]
              RenderInline {FONT} at (0,0) size 3x12
                RenderText {#text} at (0,0) size 3x12
                  text run at (0,0) width 3: " "
            RenderTableCell {TD} at (337,84) size 9x12 [bgcolor=#026766] [r=7 c=43 rs=1 cs=1]
              RenderInline {FONT} at (0,0) size 3x12
                RenderText {#text} at (0,0) size 3x12
                  text run at (0,0) width 3: " "
            RenderTableCell {TD} at (345,84) size 8x12 [bgcolor=#026766] [r=7 c=44 rs=1 cs=1]
              RenderInline {FONT} at (0,0) size 3x12
                RenderText {#text} at (0,0) size 3x12
                  text run at (0,0) width 3: " "
            RenderTableCell {TD} at (352,84) size 9x12 [bgcolor=#026766] [r=7 c=45 rs=1 cs=1]
              RenderInline {FONT} at (0,0) size 3x12
                RenderText {#text} at (0,0) size 3x12
                  text run at (0,0) width 3: " "
            RenderTableCell {TD} at (360,84) size 9x12 [bgcolor=#026766] [r=7 c=46 rs=1 cs=1]
              RenderInline {FONT} at (0,0) size 3x12
                RenderText {#text} at (0,0) size 3x12
                  text run at (0,0) width 3: " "
            RenderTableCell {TD} at (368,84) size 9x12 [bgcolor=#1A6B6A] [r=7 c=47 rs=1 cs=1]
              RenderInline {FONT} at (0,0) size 3x12
                RenderText {#text} at (0,0) size 3x12
                  text run at (0,0) width 3: " "
            RenderTableCell {TD} at (376,84) size 9x12 [bgcolor=#B6D0D1] [r=7 c=48 rs=1 cs=1]
              RenderInline {FONT} at (0,0) size 3x12
                RenderText {#text} at (0,0) size 3x12
                  text run at (0,0) width 3: " "
            RenderTableCell {TD} at (384,84) size 9x12 [bgcolor=#FDFDFB] [r=7 c=49 rs=1 cs=1]
              RenderInline {FONT} at (0,0) size 3x12
                RenderText {#text} at (0,0) size 3x12
                  text run at (0,0) width 3: " "
            RenderTableCell {TD} at (392,84) size 9x12 [bgcolor=#7B918F] [r=7 c=50 rs=1 cs=1]
              RenderInline {FONT} at (0,0) size 3x12
                RenderText {#text} at (0,0) size 3x12
                  text run at (0,0) width 3: " "
            RenderTableCell {TD} at (400,84) size 8x12 [bgcolor=#044140] [r=7 c=51 rs=1 cs=1]
              RenderInline {FONT} at (0,0) size 3x12
                RenderText {#text} at (0,0) size 3x12
                  text run at (0,0) width 3: " "
            RenderTableCell {TD} at (407,84) size 9x12 [bgcolor=#083131] [r=7 c=52 rs=1 cs=1]
              RenderInline {FONT} at (0,0) size 3x12
                RenderText {#text} at (0,0) size 3x12
                  text run at (0,0) width 3: " "
            RenderTableCell {TD} at (415,84) size 9x12 [bgcolor=#083131] [r=7 c=53 rs=1 cs=1]
              RenderInline {FONT} at (0,0) size 3x12
                RenderText {#text} at (0,0) size 3x12
                  text run at (0,0) width 3: " "
            RenderTableCell {TD} at (423,84) size 9x12 [bgcolor=#2D3433] [r=7 c=54 rs=1 cs=1]
              RenderInline {FONT} at (0,0) size 3x12
                RenderText {#text} at (0,0) size 3x12
                  text run at (0,0) width 3: " "
            RenderTableCell {TD} at (431,84) size 9x12 [bgcolor=#4D4F4F] [r=7 c=55 rs=1 cs=1]
              RenderInline {FONT} at (0,0) size 3x12
                RenderText {#text} at (0,0) size 3x12
                  text run at (0,0) width 3: " "
            RenderTableCell {TD} at (439,84) size 9x12 [bgcolor=#5E5F60] [r=7 c=56 rs=1 cs=1]
              RenderInline {FONT} at (0,0) size 3x12
                RenderText {#text} at (0,0) size 3x12
                  text run at (0,0) width 3: " "
            RenderTableCell {TD} at (447,84) size 8x12 [bgcolor=#777878] [r=7 c=57 rs=1 cs=1]
              RenderInline {FONT} at (0,0) size 3x12
                RenderText {#text} at (0,0) size 3x12
                  text run at (0,0) width 3: " "
            RenderTableCell {TD} at (454,84) size 9x12 [bgcolor=#848788] [r=7 c=58 rs=1 cs=1]
              RenderInline {FONT} at (0,0) size 3x12
                RenderText {#text} at (0,0) size 3x12
                  text run at (0,0) width 3: " "
            RenderTableCell {TD} at (462,84) size 9x12 [bgcolor=#939494] [r=7 c=59 rs=1 cs=1]
              RenderInline {FONT} at (0,0) size 3x12
                RenderText {#text} at (0,0) size 3x12
                  text run at (0,0) width 3: " "
            RenderTableCell {TD} at (470,84) size 9x12 [bgcolor=#939494] [r=7 c=60 rs=1 cs=1]
              RenderInline {FONT} at (0,0) size 3x12
                RenderText {#text} at (0,0) size 3x12
                  text run at (0,0) width 3: " "
            RenderTableCell {TD} at (478,84) size 9x12 [bgcolor=#1B8685] [r=7 c=61 rs=1 cs=1]
              RenderInline {FONT} at (0,0) size 3x12
                RenderText {#text} at (0,0) size 3x12
                  text run at (0,0) width 3: " "
            RenderTableCell {TD} at (486,84) size 9x12 [bgcolor=#048485] [r=7 c=62 rs=1 cs=1]
              RenderInline {FONT} at (0,0) size 3x12
                RenderText {#text} at (0,0) size 3x12
                  text run at (0,0) width 3: " "
            RenderTableCell {TD} at (494,84) size 8x12 [bgcolor=#027777] [r=7 c=63 rs=1 cs=1]
              RenderInline {FONT} at (0,0) size 3x12
                RenderText {#text} at (0,0) size 3x12
                  text run at (0,0) width 3: " "
            RenderTableCell {TD} at (502,84) size 8x12 [bgcolor=#026766] [r=7 c=64 rs=1 cs=1]
              RenderInline {FONT} at (0,0) size 3x12
                RenderText {#text} at (0,0) size 3x12
                  text run at (0,0) width 3: " "
            RenderTableCell {TD} at (509,84) size 9x12 [bgcolor=#026766] [r=7 c=65 rs=1 cs=1]
              RenderInline {FONT} at (0,0) size 3x12
                RenderText {#text} at (0,0) size 3x12
                  text run at (0,0) width 3: " "
            RenderTableCell {TD} at (517,84) size 9x12 [bgcolor=#026766] [r=7 c=66 rs=1 cs=1]
              RenderInline {FONT} at (0,0) size 3x12
                RenderText {#text} at (0,0) size 3x12
                  text run at (0,0) width 3: " "
            RenderTableCell {TD} at (525,84) size 9x12 [bgcolor=#026766] [r=7 c=67 rs=1 cs=1]
              RenderInline {FONT} at (0,0) size 3x12
                RenderText {#text} at (0,0) size 3x12
                  text run at (0,0) width 3: " "
            RenderTableCell {TD} at (533,84) size 9x12 [bgcolor=#026766] [r=7 c=68 rs=1 cs=1]
              RenderInline {FONT} at (0,0) size 3x12
                RenderText {#text} at (0,0) size 3x12
                  text run at (0,0) width 3: " "
            RenderTableCell {TD} at (541,84) size 9x12 [bgcolor=#026766] [r=7 c=69 rs=1 cs=1]
              RenderInline {FONT} at (0,0) size 3x12
                RenderText {#text} at (0,0) size 3x12
                  text run at (0,0) width 3: " "
            RenderTableCell {TD} at (549,84) size 8x12 [bgcolor=#1E7A79] [r=7 c=70 rs=1 cs=1]
              RenderInline {FONT} at (0,0) size 3x12
                RenderText {#text} at (0,0) size 3x12
                  text run at (0,0) width 3: " "
            RenderTableCell {TD} at (556,84) size 9x12 [bgcolor=#E0EAE9] [r=7 c=71 rs=1 cs=1]
              RenderInline {FONT} at (0,0) size 3x12
                RenderText {#text} at (0,0) size 3x12
                  text run at (0,0) width 3: " "
            RenderTableCell {TD} at (564,84) size 9x12 [bgcolor=#FDFDFB] [r=7 c=72 rs=1 cs=1]
              RenderInline {FONT} at (0,0) size 3x12
                RenderText {#text} at (0,0) size 3x12
                  text run at (0,0) width 3: " "
            RenderTableCell {TD} at (572,84) size 9x12 [bgcolor=#515C5B] [r=7 c=73 rs=1 cs=1]
              RenderInline {FONT} at (0,0) size 3x12
                RenderText {#text} at (0,0) size 3x12
                  text run at (0,0) width 3: " "
            RenderTableCell {TD} at (580,84) size 9x12 [bgcolor=#3D4242] [r=7 c=74 rs=1 cs=1]
              RenderInline {FONT} at (0,0) size 3x12
                RenderText {#text} at (0,0) size 3x12
                  text run at (0,0) width 3: " "
            RenderTableCell {TD} at (588,84) size 9x12 [bgcolor=#515C5B] [r=7 c=75 rs=1 cs=1]
              RenderInline {FONT} at (0,0) size 3x12
                RenderText {#text} at (0,0) size 3x12
                  text run at (0,0) width 3: " "
            RenderTableCell {TD} at (596,84) size 8x12 [bgcolor=#696A69] [r=7 c=76 rs=1 cs=1]
              RenderInline {FONT} at (0,0) size 3x12
                RenderText {#text} at (0,0) size 3x12
                  text run at (0,0) width 3: " "
            RenderTableCell {TD} at (603,84) size 9x12 [bgcolor=#777878] [r=7 c=77 rs=1 cs=1]
              RenderInline {FONT} at (0,0) size 3x12
                RenderText {#text} at (0,0) size 3x12
                  text run at (0,0) width 3: " "
            RenderTableCell {TD} at (611,84) size 9x12 [bgcolor=#1E7A79] [r=7 c=78 rs=1 cs=1]
              RenderInline {FONT} at (0,0) size 3x12
                RenderText {#text} at (0,0) size 3x12
                  text run at (0,0) width 3: " "
            RenderTableCell {TD} at (619,84) size 9x12 [bgcolor=#027777] [r=7 c=79 rs=1 cs=1]
              RenderInline {FONT} at (0,0) size 3x12
                RenderText {#text} at (0,0) size 3x12
                  text run at (0,0) width 3: " "
            RenderTableCell {TD} at (627,84) size 9x12 [bgcolor=#026766] [r=7 c=80 rs=1 cs=1]
              RenderInline {FONT} at (0,0) size 3x12
                RenderText {#text} at (0,0) size 3x12
                  text run at (0,0) width 3: " "
            RenderTableCell {TD} at (635,84) size 9x12 [bgcolor=#026766] [r=7 c=81 rs=1 cs=1]
              RenderInline {FONT} at (0,0) size 3x12
                RenderText {#text} at (0,0) size 3x12
                  text run at (0,0) width 3: " "
            RenderTableCell {TD} at (643,84) size 9x12 [bgcolor=#026766] [r=7 c=82 rs=1 cs=1]
              RenderInline {FONT} at (0,0) size 3x12
                RenderText {#text} at (0,0) size 3x12
                  text run at (0,0) width 3: " "
            RenderTableCell {TD} at (651,84) size 8x12 [bgcolor=#026766] [r=7 c=83 rs=1 cs=1]
              RenderInline {FONT} at (0,0) size 3x12
                RenderText {#text} at (0,0) size 3x12
                  text run at (0,0) width 3: " "
            RenderTableCell {TD} at (658,84) size 9x12 [bgcolor=#026766] [r=7 c=84 rs=1 cs=1]
              RenderInline {FONT} at (0,0) size 3x12
                RenderText {#text} at (0,0) size 3x12
                  text run at (0,0) width 3: " "
            RenderTableCell {TD} at (666,84) size 9x12 [bgcolor=#026766] [r=7 c=85 rs=1 cs=1]
              RenderInline {FONT} at (0,0) size 3x12
                RenderText {#text} at (0,0) size 3x12
                  text run at (0,0) width 3: " "
            RenderTableCell {TD} at (674,84) size 9x12 [bgcolor=#026766] [r=7 c=86 rs=1 cs=1]
              RenderInline {FONT} at (0,0) size 3x12
                RenderText {#text} at (0,0) size 3x12
                  text run at (0,0) width 3: " "
            RenderTableCell {TD} at (682,84) size 9x12 [bgcolor=#026766] [r=7 c=87 rs=1 cs=1]
              RenderInline {FONT} at (0,0) size 3x12
                RenderText {#text} at (0,0) size 3x12
                  text run at (0,0) width 3: " "
            RenderTableCell {TD} at (690,84) size 9x12 [bgcolor=#026766] [r=7 c=88 rs=1 cs=1]
              RenderInline {FONT} at (0,0) size 3x12
                RenderText {#text} at (0,0) size 3x12
                  text run at (0,0) width 3: " "
            RenderTableCell {TD} at (698,84) size 8x12 [bgcolor=#026766] [r=7 c=89 rs=1 cs=1]
              RenderInline {FONT} at (0,0) size 3x12
                RenderText {#text} at (0,0) size 3x12
                  text run at (0,0) width 3: " "
            RenderTableCell {TD} at (705,84) size 9x12 [bgcolor=#1E7A79] [r=7 c=90 rs=1 cs=1]
              RenderInline {FONT} at (0,0) size 3x12
                RenderText {#text} at (0,0) size 3x12
                  text run at (0,0) width 3: " "
            RenderTableCell {TD} at (713,84) size 9x12 [bgcolor=#8DB7B6] [r=7 c=91 rs=1 cs=1]
              RenderInline {FONT} at (0,0) size 3x12
                RenderText {#text} at (0,0) size 3x12
                  text run at (0,0) width 3: " "
            RenderTableCell {TD} at (721,84) size 9x12 [bgcolor=#97C1C0] [r=7 c=92 rs=1 cs=1]
              RenderInline {FONT} at (0,0) size 3x12
                RenderText {#text} at (0,0) size 3x12
                  text run at (0,0) width 3: " "
            RenderTableCell {TD} at (729,84) size 9x12 [bgcolor=#274C4D] [r=7 c=93 rs=1 cs=1]
              RenderInline {FONT} at (0,0) size 3x12
                RenderText {#text} at (0,0) size 3x12
                  text run at (0,0) width 3: " "
            RenderTableCell {TD} at (737,84) size 9x12 [bgcolor=#223C3D] [r=7 c=94 rs=1 cs=1]
              RenderInline {FONT} at (0,0) size 3x12
                RenderText {#text} at (0,0) size 3x12
                  text run at (0,0) width 3: " "
            RenderTableCell {TD} at (745,84) size 8x12 [bgcolor=#5E5F60] [r=7 c=95 rs=1 cs=1]
              RenderInline {FONT} at (0,0) size 3x12
                RenderText {#text} at (0,0) size 3x12
                  text run at (0,0) width 3: " "
            RenderTableCell {TD} at (753,84) size 8x12 [bgcolor=#777878] [r=7 c=96 rs=1 cs=1]
              RenderInline {FONT} at (0,0) size 3x12
                RenderText {#text} at (0,0) size 3x12
                  text run at (0,0) width 3: " "
            RenderTableCell {TD} at (760,84) size 9x12 [bgcolor=#848788] [r=7 c=97 rs=1 cs=1]
              RenderInline {FONT} at (0,0) size 3x12
                RenderText {#text} at (0,0) size 3x12
                  text run at (0,0) width 3: " "
            RenderTableCell {TD} at (768,84) size 9x12 [bgcolor=#777878] [r=7 c=98 rs=1 cs=1]
              RenderInline {FONT} at (0,0) size 3x12
                RenderText {#text} at (0,0) size 3x12
                  text run at (0,0) width 3: " "
            RenderTableCell {TD} at (776,84) size 9x12 [bgcolor=#4D4F4F] [r=7 c=99 rs=1 cs=1]
              RenderInline {FONT} at (0,0) size 3x12
                RenderText {#text} at (0,0) size 3x12
                  text run at (0,0) width 3: " "
          RenderTableRow {TR} at (0,96) size 784x12
            RenderTableCell {TD} at (0,96) size 8x12 [bgcolor=#FDFDFB] [r=8 c=0 rs=1 cs=1]
              RenderInline {FONT} at (0,0) size 3x12
                RenderText {#text} at (0,0) size 3x12
                  text run at (0,0) width 3: " "
            RenderTableCell {TD} at (7,96) size 9x12 [bgcolor=#97C1C0] [r=8 c=1 rs=1 cs=1]
              RenderInline {FONT} at (0,0) size 3x12
                RenderText {#text} at (0,0) size 3x12
                  text run at (0,0) width 3: " "
            RenderTableCell {TD} at (15,96) size 9x12 [bgcolor=#048485] [r=8 c=2 rs=1 cs=1]
              RenderInline {FONT} at (0,0) size 3x12
                RenderText {#text} at (0,0) size 3x12
                  text run at (0,0) width 3: " "
            RenderTableCell {TD} at (23,96) size 9x12 [bgcolor=#027777] [r=8 c=3 rs=1 cs=1]
              RenderInline {FONT} at (0,0) size 3x12
                RenderText {#text} at (0,0) size 3x12
                  text run at (0,0) width 3: " "
            RenderTableCell {TD} at (31,96) size 9x12 [bgcolor=#026766] [r=8 c=4 rs=1 cs=1]
              RenderInline {FONT} at (0,0) size 3x12
                RenderText {#text} at (0,0) size 3x12
                  text run at (0,0) width 3: " "
            RenderTableCell {TD} at (39,96) size 9x12 [bgcolor=#026766] [r=8 c=5 rs=1 cs=1]
              RenderInline {FONT} at (0,0) size 3x12
                RenderText {#text} at (0,0) size 3x12
                  text run at (0,0) width 3: " "
            RenderTableCell {TD} at (47,96) size 8x12 [bgcolor=#026766] [r=8 c=6 rs=1 cs=1]
              RenderInline {FONT} at (0,0) size 3x12
                RenderText {#text} at (0,0) size 3x12
                  text run at (0,0) width 3: " "
            RenderTableCell {TD} at (54,96) size 9x12 [bgcolor=#026766] [r=8 c=7 rs=1 cs=1]
              RenderInline {FONT} at (0,0) size 3x12
                RenderText {#text} at (0,0) size 3x12
                  text run at (0,0) width 3: " "
            RenderTableCell {TD} at (62,96) size 9x12 [bgcolor=#026766] [r=8 c=8 rs=1 cs=1]
              RenderInline {FONT} at (0,0) size 3x12
                RenderText {#text} at (0,0) size 3x12
                  text run at (0,0) width 3: " "
            RenderTableCell {TD} at (70,96) size 9x12 [bgcolor=#026766] [r=8 c=9 rs=1 cs=1]
              RenderInline {FONT} at (0,0) size 3x12
                RenderText {#text} at (0,0) size 3x12
                  text run at (0,0) width 3: " "
            RenderTableCell {TD} at (78,96) size 9x12 [bgcolor=#026766] [r=8 c=10 rs=1 cs=1]
              RenderInline {FONT} at (0,0) size 3x12
                RenderText {#text} at (0,0) size 3x12
                  text run at (0,0) width 3: " "
            RenderTableCell {TD} at (86,96) size 9x12 [bgcolor=#025E5E] [r=8 c=11 rs=1 cs=1]
              RenderInline {FONT} at (0,0) size 3x12
                RenderText {#text} at (0,0) size 3x12
                  text run at (0,0) width 3: " "
            RenderTableCell {TD} at (94,96) size 8x12 [bgcolor=#025E5E] [r=8 c=12 rs=1 cs=1]
              RenderInline {FONT} at (0,0) size 3x12
                RenderText {#text} at (0,0) size 3x12
                  text run at (0,0) width 3: " "
            RenderTableCell {TD} at (101,96) size 9x12 [bgcolor=#044140] [r=8 c=13 rs=1 cs=1]
              RenderInline {FONT} at (0,0) size 3x12
                RenderText {#text} at (0,0) size 3x12
                  text run at (0,0) width 3: " "
            RenderTableCell {TD} at (109,96) size 9x12 [bgcolor=#223C3D] [r=8 c=14 rs=1 cs=1]
              RenderInline {FONT} at (0,0) size 3x12
                RenderText {#text} at (0,0) size 3x12
                  text run at (0,0) width 3: " "
            RenderTableCell {TD} at (117,96) size 9x12 [bgcolor=#848788] [r=8 c=15 rs=1 cs=1]
              RenderInline {FONT} at (0,0) size 3x12
                RenderText {#text} at (0,0) size 3x12
                  text run at (0,0) width 3: " "
            RenderTableCell {TD} at (125,96) size 9x12 [bgcolor=#FDFDFB] [r=8 c=16 rs=1 cs=1]
              RenderInline {FONT} at (0,0) size 3x12
                RenderText {#text} at (0,0) size 3x12
                  text run at (0,0) width 3: " "
            RenderTableCell {TD} at (133,96) size 9x12 [bgcolor=#FDFDFB] [r=8 c=17 rs=1 cs=1]
              RenderInline {FONT} at (0,0) size 3x12
                RenderText {#text} at (0,0) size 3x12
                  text run at (0,0) width 3: " "
            RenderTableCell {TD} at (141,96) size 9x12 [bgcolor=#2D3433] [r=8 c=18 rs=1 cs=1]
              RenderInline {FONT} at (0,0) size 3x12
                RenderText {#text} at (0,0) size 3x12
                  text run at (0,0) width 3: " "
            RenderTableCell {TD} at (149,96) size 8x12 [bgcolor=#1E7A79] [r=8 c=19 rs=1 cs=1]
              RenderInline {FONT} at (0,0) size 3x12
                RenderText {#text} at (0,0) size 3x12
                  text run at (0,0) width 3: " "
            RenderTableCell {TD} at (156,96) size 9x12 [bgcolor=#027777] [r=8 c=20 rs=1 cs=1]
              RenderInline {FONT} at (0,0) size 3x12
                RenderText {#text} at (0,0) size 3x12
                  text run at (0,0) width 3: " "
            RenderTableCell {TD} at (164,96) size 9x12 [bgcolor=#026766] [r=8 c=21 rs=1 cs=1]
              RenderInline {FONT} at (0,0) size 3x12
                RenderText {#text} at (0,0) size 3x12
                  text run at (0,0) width 3: " "
            RenderTableCell {TD} at (172,96) size 9x12 [bgcolor=#026766] [r=8 c=22 rs=1 cs=1]
              RenderInline {FONT} at (0,0) size 3x12
                RenderText {#text} at (0,0) size 3x12
                  text run at (0,0) width 3: " "
            RenderTableCell {TD} at (180,96) size 9x12 [bgcolor=#026766] [r=8 c=23 rs=1 cs=1]
              RenderInline {FONT} at (0,0) size 3x12
                RenderText {#text} at (0,0) size 3x12
                  text run at (0,0) width 3: " "
            RenderTableCell {TD} at (188,96) size 9x12 [bgcolor=#026766] [r=8 c=24 rs=1 cs=1]
              RenderInline {FONT} at (0,0) size 3x12
                RenderText {#text} at (0,0) size 3x12
                  text run at (0,0) width 3: " "
            RenderTableCell {TD} at (196,96) size 8x12 [bgcolor=#026766] [r=8 c=25 rs=1 cs=1]
              RenderInline {FONT} at (0,0) size 3x12
                RenderText {#text} at (0,0) size 3x12
                  text run at (0,0) width 3: " "
            RenderTableCell {TD} at (203,96) size 9x12 [bgcolor=#026766] [r=8 c=26 rs=1 cs=1]
              RenderInline {FONT} at (0,0) size 3x12
                RenderText {#text} at (0,0) size 3x12
                  text run at (0,0) width 3: " "
            RenderTableCell {TD} at (211,96) size 9x12 [bgcolor=#026766] [r=8 c=27 rs=1 cs=1]
              RenderInline {FONT} at (0,0) size 3x12
                RenderText {#text} at (0,0) size 3x12
                  text run at (0,0) width 3: " "
            RenderTableCell {TD} at (219,96) size 9x12 [bgcolor=#026766] [r=8 c=28 rs=1 cs=1]
              RenderInline {FONT} at (0,0) size 3x12
                RenderText {#text} at (0,0) size 3x12
                  text run at (0,0) width 3: " "
            RenderTableCell {TD} at (227,96) size 9x12 [bgcolor=#025E5E] [r=8 c=29 rs=1 cs=1]
              RenderInline {FONT} at (0,0) size 3x12
                RenderText {#text} at (0,0) size 3x12
                  text run at (0,0) width 3: " "
            RenderTableCell {TD} at (235,96) size 9x12 [bgcolor=#044F4F] [r=8 c=30 rs=1 cs=1]
              RenderInline {FONT} at (0,0) size 3x12
                RenderText {#text} at (0,0) size 3x12
                  text run at (0,0) width 3: " "
            RenderTableCell {TD} at (243,96) size 8x12 [bgcolor=#044140] [r=8 c=31 rs=1 cs=1]
              RenderInline {FONT} at (0,0) size 3x12
                RenderText {#text} at (0,0) size 3x12
                  text run at (0,0) width 3: " "
            RenderTableCell {TD} at (251,96) size 8x12 [bgcolor=#515C5B] [r=8 c=32 rs=1 cs=1]
              RenderInline {FONT} at (0,0) size 3x12
                RenderText {#text} at (0,0) size 3x12
                  text run at (0,0) width 3: " "
            RenderTableCell {TD} at (258,96) size 9x12 [bgcolor=#777878] [r=8 c=33 rs=1 cs=1]
              RenderInline {FONT} at (0,0) size 3x12
                RenderText {#text} at (0,0) size 3x12
                  text run at (0,0) width 3: " "
            RenderTableCell {TD} at (266,96) size 9x12 [bgcolor=#939494] [r=8 c=34 rs=1 cs=1]
              RenderInline {FONT} at (0,0) size 3x12
                RenderText {#text} at (0,0) size 3x12
                  text run at (0,0) width 3: " "
            RenderTableCell {TD} at (274,96) size 9x12 [bgcolor=#7B918F] [r=8 c=35 rs=1 cs=1]
              RenderInline {FONT} at (0,0) size 3x12
                RenderText {#text} at (0,0) size 3x12
                  text run at (0,0) width 3: " "
            RenderTableCell {TD} at (282,96) size 9x12 [bgcolor=#027777] [r=8 c=36 rs=1 cs=1]
              RenderInline {FONT} at (0,0) size 3x12
                RenderText {#text} at (0,0) size 3x12
                  text run at (0,0) width 3: " "
            RenderTableCell {TD} at (290,96) size 9x12 [bgcolor=#027777] [r=8 c=37 rs=1 cs=1]
              RenderInline {FONT} at (0,0) size 3x12
                RenderText {#text} at (0,0) size 3x12
                  text run at (0,0) width 3: " "
            RenderTableCell {TD} at (298,96) size 8x12 [bgcolor=#026766] [r=8 c=38 rs=1 cs=1]
              RenderInline {FONT} at (0,0) size 3x12
                RenderText {#text} at (0,0) size 3x12
                  text run at (0,0) width 3: " "
            RenderTableCell {TD} at (305,96) size 9x12 [bgcolor=#026766] [r=8 c=39 rs=1 cs=1]
              RenderInline {FONT} at (0,0) size 3x12
                RenderText {#text} at (0,0) size 3x12
                  text run at (0,0) width 3: " "
            RenderTableCell {TD} at (313,96) size 9x12 [bgcolor=#026766] [r=8 c=40 rs=1 cs=1]
              RenderInline {FONT} at (0,0) size 3x12
                RenderText {#text} at (0,0) size 3x12
                  text run at (0,0) width 3: " "
            RenderTableCell {TD} at (321,96) size 9x12 [bgcolor=#026766] [r=8 c=41 rs=1 cs=1]
              RenderInline {FONT} at (0,0) size 3x12
                RenderText {#text} at (0,0) size 3x12
                  text run at (0,0) width 3: " "
            RenderTableCell {TD} at (329,96) size 9x12 [bgcolor=#026766] [r=8 c=42 rs=1 cs=1]
              RenderInline {FONT} at (0,0) size 3x12
                RenderText {#text} at (0,0) size 3x12
                  text run at (0,0) width 3: " "
            RenderTableCell {TD} at (337,96) size 9x12 [bgcolor=#026766] [r=8 c=43 rs=1 cs=1]
              RenderInline {FONT} at (0,0) size 3x12
                RenderText {#text} at (0,0) size 3x12
                  text run at (0,0) width 3: " "
            RenderTableCell {TD} at (345,96) size 8x12 [bgcolor=#026766] [r=8 c=44 rs=1 cs=1]
              RenderInline {FONT} at (0,0) size 3x12
                RenderText {#text} at (0,0) size 3x12
                  text run at (0,0) width 3: " "
            RenderTableCell {TD} at (352,96) size 9x12 [bgcolor=#026766] [r=8 c=45 rs=1 cs=1]
              RenderInline {FONT} at (0,0) size 3x12
                RenderText {#text} at (0,0) size 3x12
                  text run at (0,0) width 3: " "
            RenderTableCell {TD} at (360,96) size 9x12 [bgcolor=#026766] [r=8 c=46 rs=1 cs=1]
              RenderInline {FONT} at (0,0) size 3x12
                RenderText {#text} at (0,0) size 3x12
                  text run at (0,0) width 3: " "
            RenderTableCell {TD} at (368,96) size 9x12 [bgcolor=#1A6B6A] [r=8 c=47 rs=1 cs=1]
              RenderInline {FONT} at (0,0) size 3x12
                RenderText {#text} at (0,0) size 3x12
                  text run at (0,0) width 3: " "
            RenderTableCell {TD} at (376,96) size 9x12 [bgcolor=#B6D0D1] [r=8 c=48 rs=1 cs=1]
              RenderInline {FONT} at (0,0) size 3x12
                RenderText {#text} at (0,0) size 3x12
                  text run at (0,0) width 3: " "
            RenderTableCell {TD} at (384,96) size 9x12 [bgcolor=#FDFDFB] [r=8 c=49 rs=1 cs=1]
              RenderInline {FONT} at (0,0) size 3x12
                RenderText {#text} at (0,0) size 3x12
                  text run at (0,0) width 3: " "
            RenderTableCell {TD} at (392,96) size 9x12 [bgcolor=#848788] [r=8 c=50 rs=1 cs=1]
              RenderInline {FONT} at (0,0) size 3x12
                RenderText {#text} at (0,0) size 3x12
                  text run at (0,0) width 3: " "
            RenderTableCell {TD} at (400,96) size 8x12 [bgcolor=#083131] [r=8 c=51 rs=1 cs=1]
              RenderInline {FONT} at (0,0) size 3x12
                RenderText {#text} at (0,0) size 3x12
                  text run at (0,0) width 3: " "
            RenderTableCell {TD} at (407,96) size 9x12 [bgcolor=#083131] [r=8 c=52 rs=1 cs=1]
              RenderInline {FONT} at (0,0) size 3x12
                RenderText {#text} at (0,0) size 3x12
                  text run at (0,0) width 3: " "
            RenderTableCell {TD} at (415,96) size 9x12 [bgcolor=#3D4242] [r=8 c=53 rs=1 cs=1]
              RenderInline {FONT} at (0,0) size 3x12
                RenderText {#text} at (0,0) size 3x12
                  text run at (0,0) width 3: " "
            RenderTableCell {TD} at (423,96) size 9x12 [bgcolor=#4D4F4F] [r=8 c=54 rs=1 cs=1]
              RenderInline {FONT} at (0,0) size 3x12
                RenderText {#text} at (0,0) size 3x12
                  text run at (0,0) width 3: " "
            RenderTableCell {TD} at (431,96) size 9x12 [bgcolor=#696A69] [r=8 c=55 rs=1 cs=1]
              RenderInline {FONT} at (0,0) size 3x12
                RenderText {#text} at (0,0) size 3x12
                  text run at (0,0) width 3: " "
            RenderTableCell {TD} at (439,96) size 9x12 [bgcolor=#777878] [r=8 c=56 rs=1 cs=1]
              RenderInline {FONT} at (0,0) size 3x12
                RenderText {#text} at (0,0) size 3x12
                  text run at (0,0) width 3: " "
            RenderTableCell {TD} at (447,96) size 8x12 [bgcolor=#848788] [r=8 c=57 rs=1 cs=1]
              RenderInline {FONT} at (0,0) size 3x12
                RenderText {#text} at (0,0) size 3x12
                  text run at (0,0) width 3: " "
            RenderTableCell {TD} at (454,96) size 9x12 [bgcolor=#939494] [r=8 c=58 rs=1 cs=1]
              RenderInline {FONT} at (0,0) size 3x12
                RenderText {#text} at (0,0) size 3x12
                  text run at (0,0) width 3: " "
            RenderTableCell {TD} at (462,96) size 9x12 [bgcolor=#939494] [r=8 c=59 rs=1 cs=1]
              RenderInline {FONT} at (0,0) size 3x12
                RenderText {#text} at (0,0) size 3x12
                  text run at (0,0) width 3: " "
            RenderTableCell {TD} at (470,96) size 9x12 [bgcolor=#7B918F] [r=8 c=60 rs=1 cs=1]
              RenderInline {FONT} at (0,0) size 3x12
                RenderText {#text} at (0,0) size 3x12
                  text run at (0,0) width 3: " "
            RenderTableCell {TD} at (478,96) size 9x12 [bgcolor=#048485] [r=8 c=61 rs=1 cs=1]
              RenderInline {FONT} at (0,0) size 3x12
                RenderText {#text} at (0,0) size 3x12
                  text run at (0,0) width 3: " "
            RenderTableCell {TD} at (486,96) size 9x12 [bgcolor=#027777] [r=8 c=62 rs=1 cs=1]
              RenderInline {FONT} at (0,0) size 3x12
                RenderText {#text} at (0,0) size 3x12
                  text run at (0,0) width 3: " "
            RenderTableCell {TD} at (494,96) size 8x12 [bgcolor=#026766] [r=8 c=63 rs=1 cs=1]
              RenderInline {FONT} at (0,0) size 3x12
                RenderText {#text} at (0,0) size 3x12
                  text run at (0,0) width 3: " "
            RenderTableCell {TD} at (502,96) size 8x12 [bgcolor=#026766] [r=8 c=64 rs=1 cs=1]
              RenderInline {FONT} at (0,0) size 3x12
                RenderText {#text} at (0,0) size 3x12
                  text run at (0,0) width 3: " "
            RenderTableCell {TD} at (509,96) size 9x12 [bgcolor=#026766] [r=8 c=65 rs=1 cs=1]
              RenderInline {FONT} at (0,0) size 3x12
                RenderText {#text} at (0,0) size 3x12
                  text run at (0,0) width 3: " "
            RenderTableCell {TD} at (517,96) size 9x12 [bgcolor=#026766] [r=8 c=66 rs=1 cs=1]
              RenderInline {FONT} at (0,0) size 3x12
                RenderText {#text} at (0,0) size 3x12
                  text run at (0,0) width 3: " "
            RenderTableCell {TD} at (525,96) size 9x12 [bgcolor=#026766] [r=8 c=67 rs=1 cs=1]
              RenderInline {FONT} at (0,0) size 3x12
                RenderText {#text} at (0,0) size 3x12
                  text run at (0,0) width 3: " "
            RenderTableCell {TD} at (533,96) size 9x12 [bgcolor=#026766] [r=8 c=68 rs=1 cs=1]
              RenderInline {FONT} at (0,0) size 3x12
                RenderText {#text} at (0,0) size 3x12
                  text run at (0,0) width 3: " "
            RenderTableCell {TD} at (541,96) size 9x12 [bgcolor=#026766] [r=8 c=69 rs=1 cs=1]
              RenderInline {FONT} at (0,0) size 3x12
                RenderText {#text} at (0,0) size 3x12
                  text run at (0,0) width 3: " "
            RenderTableCell {TD} at (549,96) size 8x12 [bgcolor=#1E7A79] [r=8 c=70 rs=1 cs=1]
              RenderInline {FONT} at (0,0) size 3x12
                RenderText {#text} at (0,0) size 3x12
                  text run at (0,0) width 3: " "
            RenderTableCell {TD} at (556,96) size 9x12 [bgcolor=#E0EAE9] [r=8 c=71 rs=1 cs=1]
              RenderInline {FONT} at (0,0) size 3x12
                RenderText {#text} at (0,0) size 3x12
                  text run at (0,0) width 3: " "
            RenderTableCell {TD} at (564,96) size 9x12 [bgcolor=#FDFDFB] [r=8 c=72 rs=1 cs=1]
              RenderInline {FONT} at (0,0) size 3x12
                RenderText {#text} at (0,0) size 3x12
                  text run at (0,0) width 3: " "
            RenderTableCell {TD} at (572,96) size 9x12 [bgcolor=#4D4F4F] [r=8 c=73 rs=1 cs=1]
              RenderInline {FONT} at (0,0) size 3x12
                RenderText {#text} at (0,0) size 3x12
                  text run at (0,0) width 3: " "
            RenderTableCell {TD} at (580,96) size 9x12 [bgcolor=#515C5B] [r=8 c=74 rs=1 cs=1]
              RenderInline {FONT} at (0,0) size 3x12
                RenderText {#text} at (0,0) size 3x12
                  text run at (0,0) width 3: " "
            RenderTableCell {TD} at (588,96) size 9x12 [bgcolor=#777878] [r=8 c=75 rs=1 cs=1]
              RenderInline {FONT} at (0,0) size 3x12
                RenderText {#text} at (0,0) size 3x12
                  text run at (0,0) width 3: " "
            RenderTableCell {TD} at (596,96) size 8x12 [bgcolor=#848788] [r=8 c=76 rs=1 cs=1]
              RenderInline {FONT} at (0,0) size 3x12
                RenderText {#text} at (0,0) size 3x12
                  text run at (0,0) width 3: " "
            RenderTableCell {TD} at (603,96) size 9x12 [bgcolor=#848788] [r=8 c=77 rs=1 cs=1]
              RenderInline {FONT} at (0,0) size 3x12
                RenderText {#text} at (0,0) size 3x12
                  text run at (0,0) width 3: " "
            RenderTableCell {TD} at (611,96) size 9x12 [bgcolor=#1E7A79] [r=8 c=78 rs=1 cs=1]
              RenderInline {FONT} at (0,0) size 3x12
                RenderText {#text} at (0,0) size 3x12
                  text run at (0,0) width 3: " "
            RenderTableCell {TD} at (619,96) size 9x12 [bgcolor=#027777] [r=8 c=79 rs=1 cs=1]
              RenderInline {FONT} at (0,0) size 3x12
                RenderText {#text} at (0,0) size 3x12
                  text run at (0,0) width 3: " "
            RenderTableCell {TD} at (627,96) size 9x12 [bgcolor=#026766] [r=8 c=80 rs=1 cs=1]
              RenderInline {FONT} at (0,0) size 3x12
                RenderText {#text} at (0,0) size 3x12
                  text run at (0,0) width 3: " "
            RenderTableCell {TD} at (635,96) size 9x12 [bgcolor=#026766] [r=8 c=81 rs=1 cs=1]
              RenderInline {FONT} at (0,0) size 3x12
                RenderText {#text} at (0,0) size 3x12
                  text run at (0,0) width 3: " "
            RenderTableCell {TD} at (643,96) size 9x12 [bgcolor=#026766] [r=8 c=82 rs=1 cs=1]
              RenderInline {FONT} at (0,0) size 3x12
                RenderText {#text} at (0,0) size 3x12
                  text run at (0,0) width 3: " "
            RenderTableCell {TD} at (651,96) size 8x12 [bgcolor=#026766] [r=8 c=83 rs=1 cs=1]
              RenderInline {FONT} at (0,0) size 3x12
                RenderText {#text} at (0,0) size 3x12
                  text run at (0,0) width 3: " "
            RenderTableCell {TD} at (658,96) size 9x12 [bgcolor=#026766] [r=8 c=84 rs=1 cs=1]
              RenderInline {FONT} at (0,0) size 3x12
                RenderText {#text} at (0,0) size 3x12
                  text run at (0,0) width 3: " "
            RenderTableCell {TD} at (666,96) size 9x12 [bgcolor=#026766] [r=8 c=85 rs=1 cs=1]
              RenderInline {FONT} at (0,0) size 3x12
                RenderText {#text} at (0,0) size 3x12
                  text run at (0,0) width 3: " "
            RenderTableCell {TD} at (674,96) size 9x12 [bgcolor=#026766] [r=8 c=86 rs=1 cs=1]
              RenderInline {FONT} at (0,0) size 3x12
                RenderText {#text} at (0,0) size 3x12
                  text run at (0,0) width 3: " "
            RenderTableCell {TD} at (682,96) size 9x12 [bgcolor=#026766] [r=8 c=87 rs=1 cs=1]
              RenderInline {FONT} at (0,0) size 3x12
                RenderText {#text} at (0,0) size 3x12
                  text run at (0,0) width 3: " "
            RenderTableCell {TD} at (690,96) size 9x12 [bgcolor=#026766] [r=8 c=88 rs=1 cs=1]
              RenderInline {FONT} at (0,0) size 3x12
                RenderText {#text} at (0,0) size 3x12
                  text run at (0,0) width 3: " "
            RenderTableCell {TD} at (698,96) size 8x12 [bgcolor=#026766] [r=8 c=89 rs=1 cs=1]
              RenderInline {FONT} at (0,0) size 3x12
                RenderText {#text} at (0,0) size 3x12
                  text run at (0,0) width 3: " "
            RenderTableCell {TD} at (705,96) size 9x12 [bgcolor=#338686] [r=8 c=90 rs=1 cs=1]
              RenderInline {FONT} at (0,0) size 3x12
                RenderText {#text} at (0,0) size 3x12
                  text run at (0,0) width 3: " "
            RenderTableCell {TD} at (713,96) size 9x12 [bgcolor=#EDEEEF] [r=8 c=91 rs=1 cs=1]
              RenderInline {FONT} at (0,0) size 3x12
                RenderText {#text} at (0,0) size 3x12
                  text run at (0,0) width 3: " "
            RenderTableCell {TD} at (721,96) size 9x12 [bgcolor=#FDFDFB] [r=8 c=92 rs=1 cs=1]
              RenderInline {FONT} at (0,0) size 3x12
                RenderText {#text} at (0,0) size 3x12
                  text run at (0,0) width 3: " "
            RenderTableCell {TD} at (729,96) size 9x12 [bgcolor=#223C3D] [r=8 c=93 rs=1 cs=1]
              RenderInline {FONT} at (0,0) size 3x12
                RenderText {#text} at (0,0) size 3x12
                  text run at (0,0) width 3: " "
            RenderTableCell {TD} at (737,96) size 9x12 [bgcolor=#223C3D] [r=8 c=94 rs=1 cs=1]
              RenderInline {FONT} at (0,0) size 3x12
                RenderText {#text} at (0,0) size 3x12
                  text run at (0,0) width 3: " "
            RenderTableCell {TD} at (745,96) size 8x12 [bgcolor=#5E5F60] [r=8 c=95 rs=1 cs=1]
              RenderInline {FONT} at (0,0) size 3x12
                RenderText {#text} at (0,0) size 3x12
                  text run at (0,0) width 3: " "
            RenderTableCell {TD} at (753,96) size 8x12 [bgcolor=#777878] [r=8 c=96 rs=1 cs=1]
              RenderInline {FONT} at (0,0) size 3x12
                RenderText {#text} at (0,0) size 3x12
                  text run at (0,0) width 3: " "
            RenderTableCell {TD} at (760,96) size 9x12 [bgcolor=#848788] [r=8 c=97 rs=1 cs=1]
              RenderInline {FONT} at (0,0) size 3x12
                RenderText {#text} at (0,0) size 3x12
                  text run at (0,0) width 3: " "
            RenderTableCell {TD} at (768,96) size 9x12 [bgcolor=#777878] [r=8 c=98 rs=1 cs=1]
              RenderInline {FONT} at (0,0) size 3x12
                RenderText {#text} at (0,0) size 3x12
                  text run at (0,0) width 3: " "
            RenderTableCell {TD} at (776,96) size 9x12 [bgcolor=#4D4F4F] [r=8 c=99 rs=1 cs=1]
              RenderInline {FONT} at (0,0) size 3x12
                RenderText {#text} at (0,0) size 3x12
                  text run at (0,0) width 3: " "
          RenderTableRow {TR} at (0,108) size 784x12
            RenderTableCell {TD} at (0,108) size 8x12 [bgcolor=#EDEEEF] [r=9 c=0 rs=1 cs=1]
              RenderInline {FONT} at (0,0) size 3x12
                RenderText {#text} at (0,0) size 3x12
                  text run at (0,0) width 3: " "
            RenderTableCell {TD} at (7,108) size 9x12 [bgcolor=#44A3A2] [r=9 c=1 rs=1 cs=1]
              RenderInline {FONT} at (0,0) size 3x12
                RenderText {#text} at (0,0) size 3x12
                  text run at (0,0) width 3: " "
            RenderTableCell {TD} at (15,108) size 9x12 [bgcolor=#048485] [r=9 c=2 rs=1 cs=1]
              RenderInline {FONT} at (0,0) size 3x12
                RenderText {#text} at (0,0) size 3x12
                  text run at (0,0) width 3: " "
            RenderTableCell {TD} at (23,108) size 9x12 [bgcolor=#027777] [r=9 c=3 rs=1 cs=1]
              RenderInline {FONT} at (0,0) size 3x12
                RenderText {#text} at (0,0) size 3x12
                  text run at (0,0) width 3: " "
            RenderTableCell {TD} at (31,108) size 9x12 [bgcolor=#469191] [r=9 c=4 rs=1 cs=1]
              RenderInline {FONT} at (0,0) size 3x12
                RenderText {#text} at (0,0) size 3x12
                  text run at (0,0) width 3: " "
            RenderTableCell {TD} at (39,108) size 9x12 [bgcolor=#7CAEAF] [r=9 c=5 rs=1 cs=1]
              RenderInline {FONT} at (0,0) size 3x12
                RenderText {#text} at (0,0) size 3x12
                  text run at (0,0) width 3: " "
            RenderTableCell {TD} at (47,108) size 8x12 [bgcolor=#97C1C0] [r=9 c=6 rs=1 cs=1]
              RenderInline {FONT} at (0,0) size 3x12
                RenderText {#text} at (0,0) size 3x12
                  text run at (0,0) width 3: " "
            RenderTableCell {TD} at (54,108) size 9x12 [bgcolor=#97C1C0] [r=9 c=7 rs=1 cs=1]
              RenderInline {FONT} at (0,0) size 3x12
                RenderText {#text} at (0,0) size 3x12
                  text run at (0,0) width 3: " "
            RenderTableCell {TD} at (62,108) size 9x12 [bgcolor=#97C1C0] [r=9 c=8 rs=1 cs=1]
              RenderInline {FONT} at (0,0) size 3x12
                RenderText {#text} at (0,0) size 3x12
                  text run at (0,0) width 3: " "
            RenderTableCell {TD} at (70,108) size 9x12 [bgcolor=#7CAEAF] [r=9 c=9 rs=1 cs=1]
              RenderInline {FONT} at (0,0) size 3x12
                RenderText {#text} at (0,0) size 3x12
                  text run at (0,0) width 3: " "
            RenderTableCell {TD} at (78,108) size 9x12 [bgcolor=#469191] [r=9 c=10 rs=1 cs=1]
              RenderInline {FONT} at (0,0) size 3x12
                RenderText {#text} at (0,0) size 3x12
                  text run at (0,0) width 3: " "
            RenderTableCell {TD} at (86,108) size 9x12 [bgcolor=#1A6B6A] [r=9 c=11 rs=1 cs=1]
              RenderInline {FONT} at (0,0) size 3x12
                RenderText {#text} at (0,0) size 3x12
                  text run at (0,0) width 3: " "
            RenderTableCell {TD} at (94,108) size 8x12 [bgcolor=#025E5E] [r=9 c=12 rs=1 cs=1]
              RenderInline {FONT} at (0,0) size 3x12
                RenderText {#text} at (0,0) size 3x12
                  text run at (0,0) width 3: " "
            RenderTableCell {TD} at (101,108) size 9x12 [bgcolor=#044140] [r=9 c=13 rs=1 cs=1]
              RenderInline {FONT} at (0,0) size 3x12
                RenderText {#text} at (0,0) size 3x12
                  text run at (0,0) width 3: " "
            RenderTableCell {TD} at (109,108) size 9x12 [bgcolor=#223C3D] [r=9 c=14 rs=1 cs=1]
              RenderInline {FONT} at (0,0) size 3x12
                RenderText {#text} at (0,0) size 3x12
                  text run at (0,0) width 3: " "
            RenderTableCell {TD} at (117,108) size 9x12 [bgcolor=#848788] [r=9 c=15 rs=1 cs=1]
              RenderInline {FONT} at (0,0) size 3x12
                RenderText {#text} at (0,0) size 3x12
                  text run at (0,0) width 3: " "
            RenderTableCell {TD} at (125,108) size 9x12 [bgcolor=#FDFDFB] [r=9 c=16 rs=1 cs=1]
              RenderInline {FONT} at (0,0) size 3x12
                RenderText {#text} at (0,0) size 3x12
                  text run at (0,0) width 3: " "
            RenderTableCell {TD} at (133,108) size 9x12 [bgcolor=#FDFDFB] [r=9 c=17 rs=1 cs=1]
              RenderInline {FONT} at (0,0) size 3x12
                RenderText {#text} at (0,0) size 3x12
                  text run at (0,0) width 3: " "
            RenderTableCell {TD} at (141,108) size 9x12 [bgcolor=#2D3433] [r=9 c=18 rs=1 cs=1]
              RenderInline {FONT} at (0,0) size 3x12
                RenderText {#text} at (0,0) size 3x12
                  text run at (0,0) width 3: " "
            RenderTableCell {TD} at (149,108) size 8x12 [bgcolor=#1E7A79] [r=9 c=19 rs=1 cs=1]
              RenderInline {FONT} at (0,0) size 3x12
                RenderText {#text} at (0,0) size 3x12
                  text run at (0,0) width 3: " "
            RenderTableCell {TD} at (156,108) size 9x12 [bgcolor=#027777] [r=9 c=20 rs=1 cs=1]
              RenderInline {FONT} at (0,0) size 3x12
                RenderText {#text} at (0,0) size 3x12
                  text run at (0,0) width 3: " "
            RenderTableCell {TD} at (164,108) size 9x12 [bgcolor=#026766] [r=9 c=21 rs=1 cs=1]
              RenderInline {FONT} at (0,0) size 3x12
                RenderText {#text} at (0,0) size 3x12
                  text run at (0,0) width 3: " "
            RenderTableCell {TD} at (172,108) size 9x12 [bgcolor=#1E7A79] [r=9 c=22 rs=1 cs=1]
              RenderInline {FONT} at (0,0) size 3x12
                RenderText {#text} at (0,0) size 3x12
                  text run at (0,0) width 3: " "
            RenderTableCell {TD} at (180,108) size 9x12 [bgcolor=#469191] [r=9 c=23 rs=1 cs=1]
              RenderInline {FONT} at (0,0) size 3x12
                RenderText {#text} at (0,0) size 3x12
                  text run at (0,0) width 3: " "
            RenderTableCell {TD} at (188,108) size 9x12 [bgcolor=#7CAEAF] [r=9 c=24 rs=1 cs=1]
              RenderInline {FONT} at (0,0) size 3x12
                RenderText {#text} at (0,0) size 3x12
                  text run at (0,0) width 3: " "
            RenderTableCell {TD} at (196,108) size 8x12 [bgcolor=#97C1C0] [r=9 c=25 rs=1 cs=1]
              RenderInline {FONT} at (0,0) size 3x12
                RenderText {#text} at (0,0) size 3x12
                  text run at (0,0) width 3: " "
            RenderTableCell {TD} at (203,108) size 9x12 [bgcolor=#97C1C0] [r=9 c=26 rs=1 cs=1]
              RenderInline {FONT} at (0,0) size 3x12
                RenderText {#text} at (0,0) size 3x12
                  text run at (0,0) width 3: " "
            RenderTableCell {TD} at (211,108) size 9x12 [bgcolor=#97C1C0] [r=9 c=27 rs=1 cs=1]
              RenderInline {FONT} at (0,0) size 3x12
                RenderText {#text} at (0,0) size 3x12
                  text run at (0,0) width 3: " "
            RenderTableCell {TD} at (219,108) size 9x12 [bgcolor=#7CAEAF] [r=9 c=28 rs=1 cs=1]
              RenderInline {FONT} at (0,0) size 3x12
                RenderText {#text} at (0,0) size 3x12
                  text run at (0,0) width 3: " "
            RenderTableCell {TD} at (227,108) size 9x12 [bgcolor=#589594] [r=9 c=29 rs=1 cs=1]
              RenderInline {FONT} at (0,0) size 3x12
                RenderText {#text} at (0,0) size 3x12
                  text run at (0,0) width 3: " "
            RenderTableCell {TD} at (235,108) size 9x12 [bgcolor=#1E7A79] [r=9 c=30 rs=1 cs=1]
              RenderInline {FONT} at (0,0) size 3x12
                RenderText {#text} at (0,0) size 3x12
                  text run at (0,0) width 3: " "
            RenderTableCell {TD} at (243,108) size 8x12 [bgcolor=#044F4F] [r=9 c=31 rs=1 cs=1]
              RenderInline {FONT} at (0,0) size 3x12
                RenderText {#text} at (0,0) size 3x12
                  text run at (0,0) width 3: " "
            RenderTableCell {TD} at (251,108) size 8x12 [bgcolor=#344C4E] [r=9 c=32 rs=1 cs=1]
              RenderInline {FONT} at (0,0) size 3x12
                RenderText {#text} at (0,0) size 3x12
                  text run at (0,0) width 3: " "
            RenderTableCell {TD} at (258,108) size 9x12 [bgcolor=#696A69] [r=9 c=33 rs=1 cs=1]
              RenderInline {FONT} at (0,0) size 3x12
                RenderText {#text} at (0,0) size 3x12
                  text run at (0,0) width 3: " "
            RenderTableCell {TD} at (266,108) size 9x12 [bgcolor=#848788] [r=9 c=34 rs=1 cs=1]
              RenderInline {FONT} at (0,0) size 3x12
                RenderText {#text} at (0,0) size 3x12
                  text run at (0,0) width 3: " "
            RenderTableCell {TD} at (274,108) size 9x12 [bgcolor=#848788] [r=9 c=35 rs=1 cs=1]
              RenderInline {FONT} at (0,0) size 3x12
                RenderText {#text} at (0,0) size 3x12
                  text run at (0,0) width 3: " "
            RenderTableCell {TD} at (282,108) size 9x12 [bgcolor=#249393] [r=9 c=36 rs=1 cs=1]
              RenderInline {FONT} at (0,0) size 3x12
                RenderText {#text} at (0,0) size 3x12
                  text run at (0,0) width 3: " "
            RenderTableCell {TD} at (290,108) size 9x12 [bgcolor=#60A2A3] [r=9 c=37 rs=1 cs=1]
              RenderInline {FONT} at (0,0) size 3x12
                RenderText {#text} at (0,0) size 3x12
                  text run at (0,0) width 3: " "
            RenderTableCell {TD} at (298,108) size 8x12 [bgcolor=#8DB7B6] [r=9 c=38 rs=1 cs=1]
              RenderInline {FONT} at (0,0) size 3x12
                RenderText {#text} at (0,0) size 3x12
                  text run at (0,0) width 3: " "
            RenderTableCell {TD} at (305,108) size 9x12 [bgcolor=#97C1C0] [r=9 c=39 rs=1 cs=1]
              RenderInline {FONT} at (0,0) size 3x12
                RenderText {#text} at (0,0) size 3x12
                  text run at (0,0) width 3: " "
            RenderTableCell {TD} at (313,108) size 9x12 [bgcolor=#97C1C0] [r=9 c=40 rs=1 cs=1]
              RenderInline {FONT} at (0,0) size 3x12
                RenderText {#text} at (0,0) size 3x12
                  text run at (0,0) width 3: " "
            RenderTableCell {TD} at (321,108) size 9x12 [bgcolor=#8DB7B6] [r=9 c=41 rs=1 cs=1]
              RenderInline {FONT} at (0,0) size 3x12
                RenderText {#text} at (0,0) size 3x12
                  text run at (0,0) width 3: " "
            RenderTableCell {TD} at (329,108) size 9x12 [bgcolor=#60A2A3] [r=9 c=42 rs=1 cs=1]
              RenderInline {FONT} at (0,0) size 3x12
                RenderText {#text} at (0,0) size 3x12
                  text run at (0,0) width 3: " "
            RenderTableCell {TD} at (337,108) size 9x12 [bgcolor=#287A7A] [r=9 c=43 rs=1 cs=1]
              RenderInline {FONT} at (0,0) size 3x12
                RenderText {#text} at (0,0) size 3x12
                  text run at (0,0) width 3: " "
            RenderTableCell {TD} at (345,108) size 8x12 [bgcolor=#026766] [r=9 c=44 rs=1 cs=1]
              RenderInline {FONT} at (0,0) size 3x12
                RenderText {#text} at (0,0) size 3x12
                  text run at (0,0) width 3: " "
            RenderTableCell {TD} at (352,108) size 9x12 [bgcolor=#026766] [r=9 c=45 rs=1 cs=1]
              RenderInline {FONT} at (0,0) size 3x12
                RenderText {#text} at (0,0) size 3x12
                  text run at (0,0) width 3: " "
            RenderTableCell {TD} at (360,108) size 9x12 [bgcolor=#026766] [r=9 c=46 rs=1 cs=1]
              RenderInline {FONT} at (0,0) size 3x12
                RenderText {#text} at (0,0) size 3x12
                  text run at (0,0) width 3: " "
            RenderTableCell {TD} at (368,108) size 9x12 [bgcolor=#1A6B6A] [r=9 c=47 rs=1 cs=1]
              RenderInline {FONT} at (0,0) size 3x12
                RenderText {#text} at (0,0) size 3x12
                  text run at (0,0) width 3: " "
            RenderTableCell {TD} at (376,108) size 9x12 [bgcolor=#B6D0D1] [r=9 c=48 rs=1 cs=1]
              RenderInline {FONT} at (0,0) size 3x12
                RenderText {#text} at (0,0) size 3x12
                  text run at (0,0) width 3: " "
            RenderTableCell {TD} at (384,108) size 9x12 [bgcolor=#FDFDFB] [r=9 c=49 rs=1 cs=1]
              RenderInline {FONT} at (0,0) size 3x12
                RenderText {#text} at (0,0) size 3x12
                  text run at (0,0) width 3: " "
            RenderTableCell {TD} at (392,108) size 9x12 [bgcolor=#848788] [r=9 c=50 rs=1 cs=1]
              RenderInline {FONT} at (0,0) size 3x12
                RenderText {#text} at (0,0) size 3x12
                  text run at (0,0) width 3: " "
            RenderTableCell {TD} at (400,108) size 8x12 [bgcolor=#274C4D] [r=9 c=51 rs=1 cs=1]
              RenderInline {FONT} at (0,0) size 3x12
                RenderText {#text} at (0,0) size 3x12
                  text run at (0,0) width 3: " "
            RenderTableCell {TD} at (407,108) size 9x12 [bgcolor=#848788] [r=9 c=52 rs=1 cs=1]
              RenderInline {FONT} at (0,0) size 3x12
                RenderText {#text} at (0,0) size 3x12
                  text run at (0,0) width 3: " "
            RenderTableCell {TD} at (415,108) size 9x12 [bgcolor=#B4B4B4] [r=9 c=53 rs=1 cs=1]
              RenderInline {FONT} at (0,0) size 3x12
                RenderText {#text} at (0,0) size 3x12
                  text run at (0,0) width 3: " "
            RenderTableCell {TD} at (423,108) size 9x12 [bgcolor=#BEC2C2] [r=9 c=54 rs=1 cs=1]
              RenderInline {FONT} at (0,0) size 3x12
                RenderText {#text} at (0,0) size 3x12
                  text run at (0,0) width 3: " "
            RenderTableCell {TD} at (431,108) size 9x12 [bgcolor=#BEC2C2] [r=9 c=55 rs=1 cs=1]
              RenderInline {FONT} at (0,0) size 3x12
                RenderText {#text} at (0,0) size 3x12
                  text run at (0,0) width 3: " "
            RenderTableCell {TD} at (439,108) size 9x12 [bgcolor=#B4B4B4] [r=9 c=56 rs=1 cs=1]
              RenderInline {FONT} at (0,0) size 3x12
                RenderText {#text} at (0,0) size 3x12
                  text run at (0,0) width 3: " "
            RenderTableCell {TD} at (447,108) size 8x12 [bgcolor=#A5A6A6] [r=9 c=57 rs=1 cs=1]
              RenderInline {FONT} at (0,0) size 3x12
                RenderText {#text} at (0,0) size 3x12
                  text run at (0,0) width 3: " "
            RenderTableCell {TD} at (454,108) size 9x12 [bgcolor=#939494] [r=9 c=58 rs=1 cs=1]
              RenderInline {FONT} at (0,0) size 3x12
                RenderText {#text} at (0,0) size 3x12
                  text run at (0,0) width 3: " "
            RenderTableCell {TD} at (462,108) size 9x12 [bgcolor=#939494] [r=9 c=59 rs=1 cs=1]
              RenderInline {FONT} at (0,0) size 3x12
                RenderText {#text} at (0,0) size 3x12
                  text run at (0,0) width 3: " "
            RenderTableCell {TD} at (470,108) size 9x12 [bgcolor=#469191] [r=9 c=60 rs=1 cs=1]
              RenderInline {FONT} at (0,0) size 3x12
                RenderText {#text} at (0,0) size 3x12
                  text run at (0,0) width 3: " "
            RenderTableCell {TD} at (478,108) size 9x12 [bgcolor=#048485] [r=9 c=61 rs=1 cs=1]
              RenderInline {FONT} at (0,0) size 3x12
                RenderText {#text} at (0,0) size 3x12
                  text run at (0,0) width 3: " "
            RenderTableCell {TD} at (486,108) size 9x12 [bgcolor=#027777] [r=9 c=62 rs=1 cs=1]
              RenderInline {FONT} at (0,0) size 3x12
                RenderText {#text} at (0,0) size 3x12
                  text run at (0,0) width 3: " "
            RenderTableCell {TD} at (494,108) size 8x12 [bgcolor=#1A6B6A] [r=9 c=63 rs=1 cs=1]
              RenderInline {FONT} at (0,0) size 3x12
                RenderText {#text} at (0,0) size 3x12
                  text run at (0,0) width 3: " "
            RenderTableCell {TD} at (502,108) size 8x12 [bgcolor=#469191] [r=9 c=64 rs=1 cs=1]
              RenderInline {FONT} at (0,0) size 3x12
                RenderText {#text} at (0,0) size 3x12
                  text run at (0,0) width 3: " "
            RenderTableCell {TD} at (509,108) size 9x12 [bgcolor=#7CAEAF] [r=9 c=65 rs=1 cs=1]
              RenderInline {FONT} at (0,0) size 3x12
                RenderText {#text} at (0,0) size 3x12
                  text run at (0,0) width 3: " "
            RenderTableCell {TD} at (517,108) size 9x12 [bgcolor=#97C1C0] [r=9 c=66 rs=1 cs=1]
              RenderInline {FONT} at (0,0) size 3x12
                RenderText {#text} at (0,0) size 3x12
                  text run at (0,0) width 3: " "
            RenderTableCell {TD} at (525,108) size 9x12 [bgcolor=#97C1C0] [r=9 c=67 rs=1 cs=1]
              RenderInline {FONT} at (0,0) size 3x12
                RenderText {#text} at (0,0) size 3x12
                  text run at (0,0) width 3: " "
            RenderTableCell {TD} at (533,108) size 9x12 [bgcolor=#7CAEAF] [r=9 c=68 rs=1 cs=1]
              RenderInline {FONT} at (0,0) size 3x12
                RenderText {#text} at (0,0) size 3x12
                  text run at (0,0) width 3: " "
            RenderTableCell {TD} at (541,108) size 9x12 [bgcolor=#469191] [r=9 c=69 rs=1 cs=1]
              RenderInline {FONT} at (0,0) size 3x12
                RenderText {#text} at (0,0) size 3x12
                  text run at (0,0) width 3: " "
            RenderTableCell {TD} at (549,108) size 8x12 [bgcolor=#338686] [r=9 c=70 rs=1 cs=1]
              RenderInline {FONT} at (0,0) size 3x12
                RenderText {#text} at (0,0) size 3x12
                  text run at (0,0) width 3: " "
            RenderTableCell {TD} at (556,108) size 9x12 [bgcolor=#E0EAE9] [r=9 c=71 rs=1 cs=1]
              RenderInline {FONT} at (0,0) size 3x12
                RenderText {#text} at (0,0) size 3x12
                  text run at (0,0) width 3: " "
            RenderTableCell {TD} at (564,108) size 9x12 [bgcolor=#FDFDFB] [r=9 c=72 rs=1 cs=1]
              RenderInline {FONT} at (0,0) size 3x12
                RenderText {#text} at (0,0) size 3x12
                  text run at (0,0) width 3: " "
            RenderTableCell {TD} at (572,108) size 9x12 [bgcolor=#4D4F4F] [r=9 c=73 rs=1 cs=1]
              RenderInline {FONT} at (0,0) size 3x12
                RenderText {#text} at (0,0) size 3x12
                  text run at (0,0) width 3: " "
            RenderTableCell {TD} at (580,108) size 9x12 [bgcolor=#5E5F60] [r=9 c=74 rs=1 cs=1]
              RenderInline {FONT} at (0,0) size 3x12
                RenderText {#text} at (0,0) size 3x12
                  text run at (0,0) width 3: " "
            RenderTableCell {TD} at (588,108) size 9x12 [bgcolor=#777878] [r=9 c=75 rs=1 cs=1]
              RenderInline {FONT} at (0,0) size 3x12
                RenderText {#text} at (0,0) size 3x12
                  text run at (0,0) width 3: " "
            RenderTableCell {TD} at (596,108) size 8x12 [bgcolor=#939494] [r=9 c=76 rs=1 cs=1]
              RenderInline {FONT} at (0,0) size 3x12
                RenderText {#text} at (0,0) size 3x12
                  text run at (0,0) width 3: " "
            RenderTableCell {TD} at (603,108) size 9x12 [bgcolor=#939494] [r=9 c=77 rs=1 cs=1]
              RenderInline {FONT} at (0,0) size 3x12
                RenderText {#text} at (0,0) size 3x12
                  text run at (0,0) width 3: " "
            RenderTableCell {TD} at (611,108) size 9x12 [bgcolor=#589594] [r=9 c=78 rs=1 cs=1]
              RenderInline {FONT} at (0,0) size 3x12
                RenderText {#text} at (0,0) size 3x12
                  text run at (0,0) width 3: " "
            RenderTableCell {TD} at (619,108) size 9x12 [bgcolor=#5CADAE] [r=9 c=79 rs=1 cs=1]
              RenderInline {FONT} at (0,0) size 3x12
                RenderText {#text} at (0,0) size 3x12
                  text run at (0,0) width 3: " "
            RenderTableCell {TD} at (627,108) size 9x12 [bgcolor=#7DBAB9] [r=9 c=80 rs=1 cs=1]
              RenderInline {FONT} at (0,0) size 3x12
                RenderText {#text} at (0,0) size 3x12
                  text run at (0,0) width 3: " "
            RenderTableCell {TD} at (635,108) size 9x12 [bgcolor=#97C1C0] [r=9 c=81 rs=1 cs=1]
              RenderInline {FONT} at (0,0) size 3x12
                RenderText {#text} at (0,0) size 3x12
                  text run at (0,0) width 3: " "
            RenderTableCell {TD} at (643,108) size 9x12 [bgcolor=#97C1C0] [r=9 c=82 rs=1 cs=1]
              RenderInline {FONT} at (0,0) size 3x12
                RenderText {#text} at (0,0) size 3x12
                  text run at (0,0) width 3: " "
            RenderTableCell {TD} at (651,108) size 8x12 [bgcolor=#7CAEAF] [r=9 c=83 rs=1 cs=1]
              RenderInline {FONT} at (0,0) size 3x12
                RenderText {#text} at (0,0) size 3x12
                  text run at (0,0) width 3: " "
            RenderTableCell {TD} at (658,108) size 9x12 [bgcolor=#469191] [r=9 c=84 rs=1 cs=1]
              RenderInline {FONT} at (0,0) size 3x12
                RenderText {#text} at (0,0) size 3x12
                  text run at (0,0) width 3: " "
            RenderTableCell {TD} at (666,108) size 9x12 [bgcolor=#1E7A79] [r=9 c=85 rs=1 cs=1]
              RenderInline {FONT} at (0,0) size 3x12
                RenderText {#text} at (0,0) size 3x12
                  text run at (0,0) width 3: " "
            RenderTableCell {TD} at (674,108) size 9x12 [bgcolor=#026766] [r=9 c=86 rs=1 cs=1]
              RenderInline {FONT} at (0,0) size 3x12
                RenderText {#text} at (0,0) size 3x12
                  text run at (0,0) width 3: " "
            RenderTableCell {TD} at (682,108) size 9x12 [bgcolor=#026766] [r=9 c=87 rs=1 cs=1]
              RenderInline {FONT} at (0,0) size 3x12
                RenderText {#text} at (0,0) size 3x12
                  text run at (0,0) width 3: " "
            RenderTableCell {TD} at (690,108) size 9x12 [bgcolor=#026766] [r=9 c=88 rs=1 cs=1]
              RenderInline {FONT} at (0,0) size 3x12
                RenderText {#text} at (0,0) size 3x12
                  text run at (0,0) width 3: " "
            RenderTableCell {TD} at (698,108) size 8x12 [bgcolor=#469191] [r=9 c=89 rs=1 cs=1]
              RenderInline {FONT} at (0,0) size 3x12
                RenderText {#text} at (0,0) size 3x12
                  text run at (0,0) width 3: " "
            RenderTableCell {TD} at (705,108) size 9x12 [bgcolor=#7CAEAF] [r=9 c=90 rs=1 cs=1]
              RenderInline {FONT} at (0,0) size 3x12
                RenderText {#text} at (0,0) size 3x12
                  text run at (0,0) width 3: " "
            RenderTableCell {TD} at (713,108) size 9x12 [bgcolor=#EDEEEF] [r=9 c=91 rs=1 cs=1]
              RenderInline {FONT} at (0,0) size 3x12
                RenderText {#text} at (0,0) size 3x12
                  text run at (0,0) width 3: " "
            RenderTableCell {TD} at (721,108) size 9x12 [bgcolor=#FDFDFB] [r=9 c=92 rs=1 cs=1]
              RenderInline {FONT} at (0,0) size 3x12
                RenderText {#text} at (0,0) size 3x12
                  text run at (0,0) width 3: " "
            RenderTableCell {TD} at (729,108) size 9x12 [bgcolor=#848788] [r=9 c=93 rs=1 cs=1]
              RenderInline {FONT} at (0,0) size 3x12
                RenderText {#text} at (0,0) size 3x12
                  text run at (0,0) width 3: " "
            RenderTableCell {TD} at (737,108) size 9x12 [bgcolor=#848788] [r=9 c=94 rs=1 cs=1]
              RenderInline {FONT} at (0,0) size 3x12
                RenderText {#text} at (0,0) size 3x12
                  text run at (0,0) width 3: " "
            RenderTableCell {TD} at (745,108) size 8x12 [bgcolor=#777878] [r=9 c=95 rs=1 cs=1]
              RenderInline {FONT} at (0,0) size 3x12
                RenderText {#text} at (0,0) size 3x12
                  text run at (0,0) width 3: " "
            RenderTableCell {TD} at (753,108) size 8x12 [bgcolor=#777878] [r=9 c=96 rs=1 cs=1]
              RenderInline {FONT} at (0,0) size 3x12
                RenderText {#text} at (0,0) size 3x12
                  text run at (0,0) width 3: " "
            RenderTableCell {TD} at (760,108) size 9x12 [bgcolor=#848788] [r=9 c=97 rs=1 cs=1]
              RenderInline {FONT} at (0,0) size 3x12
                RenderText {#text} at (0,0) size 3x12
                  text run at (0,0) width 3: " "
            RenderTableCell {TD} at (768,108) size 9x12 [bgcolor=#777878] [r=9 c=98 rs=1 cs=1]
              RenderInline {FONT} at (0,0) size 3x12
                RenderText {#text} at (0,0) size 3x12
                  text run at (0,0) width 3: " "
            RenderTableCell {TD} at (776,108) size 9x12 [bgcolor=#4D4F4F] [r=9 c=99 rs=1 cs=1]
              RenderInline {FONT} at (0,0) size 3x12
                RenderText {#text} at (0,0) size 3x12
                  text run at (0,0) width 3: " "
          RenderTableRow {TR} at (0,120) size 784x12
            RenderTableCell {TD} at (0,120) size 8x12 [bgcolor=#E0EAE9] [r=10 c=0 rs=1 cs=1]
              RenderInline {FONT} at (0,0) size 3x12
                RenderText {#text} at (0,0) size 3x12
                  text run at (0,0) width 3: " "
            RenderTableCell {TD} at (7,120) size 9x12 [bgcolor=#249393] [r=10 c=1 rs=1 cs=1]
              RenderInline {FONT} at (0,0) size 3x12
                RenderText {#text} at (0,0) size 3x12
                  text run at (0,0) width 3: " "
            RenderTableCell {TD} at (15,120) size 9x12 [bgcolor=#1B8685] [r=10 c=2 rs=1 cs=1]
              RenderInline {FONT} at (0,0) size 3x12
                RenderText {#text} at (0,0) size 3x12
                  text run at (0,0) width 3: " "
            RenderTableCell {TD} at (23,120) size 9x12 [bgcolor=#A4CCCC] [r=10 c=3 rs=1 cs=1]
              RenderInline {FONT} at (0,0) size 3x12
                RenderText {#text} at (0,0) size 3x12
                  text run at (0,0) width 3: " "
            RenderTableCell {TD} at (31,120) size 9x12 [bgcolor=#EDEEEF] [r=10 c=4 rs=1 cs=1]
              RenderInline {FONT} at (0,0) size 3x12
                RenderText {#text} at (0,0) size 3x12
                  text run at (0,0) width 3: " "
            RenderTableCell {TD} at (39,120) size 9x12 [bgcolor=#CECFCF] [r=10 c=5 rs=1 cs=1]
              RenderInline {FONT} at (0,0) size 3x12
                RenderText {#text} at (0,0) size 3x12
                  text run at (0,0) width 3: " "
            RenderTableCell {TD} at (47,120) size 8x12 [bgcolor=#939494] [r=10 c=6 rs=1 cs=1]
              RenderInline {FONT} at (0,0) size 3x12
                RenderText {#text} at (0,0) size 3x12
                  text run at (0,0) width 3: " "
            RenderTableCell {TD} at (54,120) size 9x12 [bgcolor=#848788] [r=10 c=7 rs=1 cs=1]
              RenderInline {FONT} at (0,0) size 3x12
                RenderText {#text} at (0,0) size 3x12
                  text run at (0,0) width 3: " "
            RenderTableCell {TD} at (62,120) size 9x12 [bgcolor=#939494] [r=10 c=8 rs=1 cs=1]
              RenderInline {FONT} at (0,0) size 3x12
                RenderText {#text} at (0,0) size 3x12
                  text run at (0,0) width 3: " "
            RenderTableCell {TD} at (70,120) size 9x12 [bgcolor=#CECFCF] [r=10 c=9 rs=1 cs=1]
              RenderInline {FONT} at (0,0) size 3x12
                RenderText {#text} at (0,0) size 3x12
                  text run at (0,0) width 3: " "
            RenderTableCell {TD} at (78,120) size 9x12 [bgcolor=#EDEEEF] [r=10 c=10 rs=1 cs=1]
              RenderInline {FONT} at (0,0) size 3x12
                RenderText {#text} at (0,0) size 3x12
                  text run at (0,0) width 3: " "
            RenderTableCell {TD} at (86,120) size 9x12 [bgcolor=#A4CCCC] [r=10 c=11 rs=1 cs=1]
              RenderInline {FONT} at (0,0) size 3x12
                RenderText {#text} at (0,0) size 3x12
                  text run at (0,0) width 3: " "
            RenderTableCell {TD} at (94,120) size 8x12 [bgcolor=#1A6B6A] [r=10 c=12 rs=1 cs=1]
              RenderInline {FONT} at (0,0) size 3x12
                RenderText {#text} at (0,0) size 3x12
                  text run at (0,0) width 3: " "
            RenderTableCell {TD} at (101,120) size 9x12 [bgcolor=#044140] [r=10 c=13 rs=1 cs=1]
              RenderInline {FONT} at (0,0) size 3x12
                RenderText {#text} at (0,0) size 3x12
                  text run at (0,0) width 3: " "
            RenderTableCell {TD} at (109,120) size 9x12 [bgcolor=#223C3D] [r=10 c=14 rs=1 cs=1]
              RenderInline {FONT} at (0,0) size 3x12
                RenderText {#text} at (0,0) size 3x12
                  text run at (0,0) width 3: " "
            RenderTableCell {TD} at (117,120) size 9x12 [bgcolor=#848788] [r=10 c=15 rs=1 cs=1]
              RenderInline {FONT} at (0,0) size 3x12
                RenderText {#text} at (0,0) size 3x12
                  text run at (0,0) width 3: " "
            RenderTableCell {TD} at (125,120) size 9x12 [bgcolor=#FDFDFB] [r=10 c=16 rs=1 cs=1]
              RenderInline {FONT} at (0,0) size 3x12
                RenderText {#text} at (0,0) size 3x12
                  text run at (0,0) width 3: " "
            RenderTableCell {TD} at (133,120) size 9x12 [bgcolor=#FDFDFB] [r=10 c=17 rs=1 cs=1]
              RenderInline {FONT} at (0,0) size 3x12
                RenderText {#text} at (0,0) size 3x12
                  text run at (0,0) width 3: " "
            RenderTableCell {TD} at (141,120) size 9x12 [bgcolor=#2D3433] [r=10 c=18 rs=1 cs=1]
              RenderInline {FONT} at (0,0) size 3x12
                RenderText {#text} at (0,0) size 3x12
                  text run at (0,0) width 3: " "
            RenderTableCell {TD} at (149,120) size 8x12 [bgcolor=#1E7A79] [r=10 c=19 rs=1 cs=1]
              RenderInline {FONT} at (0,0) size 3x12
                RenderText {#text} at (0,0) size 3x12
                  text run at (0,0) width 3: " "
            RenderTableCell {TD} at (156,120) size 9x12 [bgcolor=#027777] [r=10 c=20 rs=1 cs=1]
              RenderInline {FONT} at (0,0) size 3x12
                RenderText {#text} at (0,0) size 3x12
                  text run at (0,0) width 3: " "
            RenderTableCell {TD} at (164,120) size 9x12 [bgcolor=#349392] [r=10 c=21 rs=1 cs=1]
              RenderInline {FONT} at (0,0) size 3x12
                RenderText {#text} at (0,0) size 3x12
                  text run at (0,0) width 3: " "
            RenderTableCell {TD} at (172,120) size 9x12 [bgcolor=#CADEDD] [r=10 c=22 rs=1 cs=1]
              RenderInline {FONT} at (0,0) size 3x12
                RenderText {#text} at (0,0) size 3x12
                  text run at (0,0) width 3: " "
            RenderTableCell {TD} at (180,120) size 9x12 [bgcolor=#EDEEEF] [r=10 c=23 rs=1 cs=1]
              RenderInline {FONT} at (0,0) size 3x12
                RenderText {#text} at (0,0) size 3x12
                  text run at (0,0) width 3: " "
            RenderTableCell {TD} at (188,120) size 9x12 [bgcolor=#BEC2C2] [r=10 c=24 rs=1 cs=1]
              RenderInline {FONT} at (0,0) size 3x12
                RenderText {#text} at (0,0) size 3x12
                  text run at (0,0) width 3: " "
            RenderTableCell {TD} at (196,120) size 8x12 [bgcolor=#939494] [r=10 c=25 rs=1 cs=1]
              RenderInline {FONT} at (0,0) size 3x12
                RenderText {#text} at (0,0) size 3x12
                  text run at (0,0) width 3: " "
            RenderTableCell {TD} at (203,120) size 9x12 [bgcolor=#848788] [r=10 c=26 rs=1 cs=1]
              RenderInline {FONT} at (0,0) size 3x12
                RenderText {#text} at (0,0) size 3x12
                  text run at (0,0) width 3: " "
            RenderTableCell {TD} at (211,120) size 9x12 [bgcolor=#939494] [r=10 c=27 rs=1 cs=1]
              RenderInline {FONT} at (0,0) size 3x12
                RenderText {#text} at (0,0) size 3x12
                  text run at (0,0) width 3: " "
            RenderTableCell {TD} at (219,120) size 9x12 [bgcolor=#BEC2C2] [r=10 c=28 rs=1 cs=1]
              RenderInline {FONT} at (0,0) size 3x12
                RenderText {#text} at (0,0) size 3x12
                  text run at (0,0) width 3: " "
            RenderTableCell {TD} at (227,120) size 9x12 [bgcolor=#EDEEEF] [r=10 c=29 rs=1 cs=1]
              RenderInline {FONT} at (0,0) size 3x12
                RenderText {#text} at (0,0) size 3x12
                  text run at (0,0) width 3: " "
            RenderTableCell {TD} at (235,120) size 9x12 [bgcolor=#CADEDD] [r=10 c=30 rs=1 cs=1]
              RenderInline {FONT} at (0,0) size 3x12
                RenderText {#text} at (0,0) size 3x12
                  text run at (0,0) width 3: " "
            RenderTableCell {TD} at (243,120) size 8x12 [bgcolor=#447877] [r=10 c=31 rs=1 cs=1]
              RenderInline {FONT} at (0,0) size 3x12
                RenderText {#text} at (0,0) size 3x12
                  text run at (0,0) width 3: " "
            RenderTableCell {TD} at (251,120) size 8x12 [bgcolor=#044140] [r=10 c=32 rs=1 cs=1]
              RenderInline {FONT} at (0,0) size 3x12
                RenderText {#text} at (0,0) size 3x12
                  text run at (0,0) width 3: " "
            RenderTableCell {TD} at (258,120) size 9x12 [bgcolor=#5E5F60] [r=10 c=33 rs=1 cs=1]
              RenderInline {FONT} at (0,0) size 3x12
                RenderText {#text} at (0,0) size 3x12
                  text run at (0,0) width 3: " "
            RenderTableCell {TD} at (266,120) size 9x12 [bgcolor=#777878] [r=10 c=34 rs=1 cs=1]
              RenderInline {FONT} at (0,0) size 3x12
                RenderText {#text} at (0,0) size 3x12
                  text run at (0,0) width 3: " "
            RenderTableCell {TD} at (274,120) size 9x12 [bgcolor=#B4B4B4] [r=10 c=35 rs=1 cs=1]
              RenderInline {FONT} at (0,0) size 3x12
                RenderText {#text} at (0,0) size 3x12
                  text run at (0,0) width 3: " "
            RenderTableCell {TD} at (282,120) size 9x12 [bgcolor=#E0EAE9] [r=10 c=36 rs=1 cs=1]
              RenderInline {FONT} at (0,0) size 3x12
                RenderText {#text} at (0,0) size 3x12
                  text run at (0,0) width 3: " "
            RenderTableCell {TD} at (290,120) size 9x12 [bgcolor=#EDEEEF] [r=10 c=37 rs=1 cs=1]
              RenderInline {FONT} at (0,0) size 3x12
                RenderText {#text} at (0,0) size 3x12
                  text run at (0,0) width 3: " "
            RenderTableCell {TD} at (298,120) size 8x12 [bgcolor=#A5A6A6] [r=10 c=38 rs=1 cs=1]
              RenderInline {FONT} at (0,0) size 3x12
                RenderText {#text} at (0,0) size 3x12
                  text run at (0,0) width 3: " "
            RenderTableCell {TD} at (305,120) size 9x12 [bgcolor=#848788] [r=10 c=39 rs=1 cs=1]
              RenderInline {FONT} at (0,0) size 3x12
                RenderText {#text} at (0,0) size 3x12
                  text run at (0,0) width 3: " "
            RenderTableCell {TD} at (313,120) size 9x12 [bgcolor=#848788] [r=10 c=40 rs=1 cs=1]
              RenderInline {FONT} at (0,0) size 3x12
                RenderText {#text} at (0,0) size 3x12
                  text run at (0,0) width 3: " "
            RenderTableCell {TD} at (321,120) size 9x12 [bgcolor=#A5A6A6] [r=10 c=41 rs=1 cs=1]
              RenderInline {FONT} at (0,0) size 3x12
                RenderText {#text} at (0,0) size 3x12
                  text run at (0,0) width 3: " "
            RenderTableCell {TD} at (329,120) size 9x12 [bgcolor=#E0EAE9] [r=10 c=42 rs=1 cs=1]
              RenderInline {FONT} at (0,0) size 3x12
                RenderText {#text} at (0,0) size 3x12
                  text run at (0,0) width 3: " "
            RenderTableCell {TD} at (337,120) size 9x12 [bgcolor=#E0EAE9] [r=10 c=43 rs=1 cs=1]
              RenderInline {FONT} at (0,0) size 3x12
                RenderText {#text} at (0,0) size 3x12
                  text run at (0,0) width 3: " "
            RenderTableCell {TD} at (345,120) size 8x12 [bgcolor=#589594] [r=10 c=44 rs=1 cs=1]
              RenderInline {FONT} at (0,0) size 3x12
                RenderText {#text} at (0,0) size 3x12
                  text run at (0,0) width 3: " "
            RenderTableCell {TD} at (352,120) size 9x12 [bgcolor=#026766] [r=10 c=45 rs=1 cs=1]
              RenderInline {FONT} at (0,0) size 3x12
                RenderText {#text} at (0,0) size 3x12
                  text run at (0,0) width 3: " "
            RenderTableCell {TD} at (360,120) size 9x12 [bgcolor=#026766] [r=10 c=46 rs=1 cs=1]
              RenderInline {FONT} at (0,0) size 3x12
                RenderText {#text} at (0,0) size 3x12
                  text run at (0,0) width 3: " "
            RenderTableCell {TD} at (368,120) size 9x12 [bgcolor=#1A6B6A] [r=10 c=47 rs=1 cs=1]
              RenderInline {FONT} at (0,0) size 3x12
                RenderText {#text} at (0,0) size 3x12
                  text run at (0,0) width 3: " "
            RenderTableCell {TD} at (376,120) size 9x12 [bgcolor=#B6D0D1] [r=10 c=48 rs=1 cs=1]
              RenderInline {FONT} at (0,0) size 3x12
                RenderText {#text} at (0,0) size 3x12
                  text run at (0,0) width 3: " "
            RenderTableCell {TD} at (384,120) size 9x12 [bgcolor=#FDFDFB] [r=10 c=49 rs=1 cs=1]
              RenderInline {FONT} at (0,0) size 3x12
                RenderText {#text} at (0,0) size 3x12
                  text run at (0,0) width 3: " "
            RenderTableCell {TD} at (392,120) size 9x12 [bgcolor=#CECFCF] [r=10 c=50 rs=1 cs=1]
              RenderInline {FONT} at (0,0) size 3x12
                RenderText {#text} at (0,0) size 3x12
                  text run at (0,0) width 3: " "
            RenderTableCell {TD} at (400,120) size 8x12 [bgcolor=#CECFCF] [r=10 c=51 rs=1 cs=1]
              RenderInline {FONT} at (0,0) size 3x12
                RenderText {#text} at (0,0) size 3x12
                  text run at (0,0) width 3: " "
            RenderTableCell {TD} at (407,120) size 9x12 [bgcolor=#B4B4B4] [r=10 c=52 rs=1 cs=1]
              RenderInline {FONT} at (0,0) size 3x12
                RenderText {#text} at (0,0) size 3x12
                  text run at (0,0) width 3: " "
            RenderTableCell {TD} at (415,120) size 9x12 [bgcolor=#939494] [r=10 c=53 rs=1 cs=1]
              RenderInline {FONT} at (0,0) size 3x12
                RenderText {#text} at (0,0) size 3x12
                  text run at (0,0) width 3: " "
            RenderTableCell {TD} at (423,120) size 9x12 [bgcolor=#848788] [r=10 c=54 rs=1 cs=1]
              RenderInline {FONT} at (0,0) size 3x12
                RenderText {#text} at (0,0) size 3x12
                  text run at (0,0) width 3: " "
            RenderTableCell {TD} at (431,120) size 9x12 [bgcolor=#A5A6A6] [r=10 c=55 rs=1 cs=1]
              RenderInline {FONT} at (0,0) size 3x12
                RenderText {#text} at (0,0) size 3x12
                  text run at (0,0) width 3: " "
            RenderTableCell {TD} at (439,120) size 9x12 [bgcolor=#FDFDFB] [r=10 c=56 rs=1 cs=1]
              RenderInline {FONT} at (0,0) size 3x12
                RenderText {#text} at (0,0) size 3x12
                  text run at (0,0) width 3: " "
            RenderTableCell {TD} at (447,120) size 8x12 [bgcolor=#EDEEEF] [r=10 c=57 rs=1 cs=1]
              RenderInline {FONT} at (0,0) size 3x12
                RenderText {#text} at (0,0) size 3x12
                  text run at (0,0) width 3: " "
            RenderTableCell {TD} at (454,120) size 9x12 [bgcolor=#B4B4B4] [r=10 c=58 rs=1 cs=1]
              RenderInline {FONT} at (0,0) size 3x12
                RenderText {#text} at (0,0) size 3x12
                  text run at (0,0) width 3: " "
            RenderTableCell {TD} at (462,120) size 9x12 [bgcolor=#939494] [r=10 c=59 rs=1 cs=1]
              RenderInline {FONT} at (0,0) size 3x12
                RenderText {#text} at (0,0) size 3x12
                  text run at (0,0) width 3: " "
            RenderTableCell {TD} at (470,120) size 9x12 [bgcolor=#1B8685] [r=10 c=60 rs=1 cs=1]
              RenderInline {FONT} at (0,0) size 3x12
                RenderText {#text} at (0,0) size 3x12
                  text run at (0,0) width 3: " "
            RenderTableCell {TD} at (478,120) size 9x12 [bgcolor=#027777] [r=10 c=61 rs=1 cs=1]
              RenderInline {FONT} at (0,0) size 3x12
                RenderText {#text} at (0,0) size 3x12
                  text run at (0,0) width 3: " "
            RenderTableCell {TD} at (486,120) size 9x12 [bgcolor=#349392] [r=10 c=62 rs=1 cs=1]
              RenderInline {FONT} at (0,0) size 3x12
                RenderText {#text} at (0,0) size 3x12
                  text run at (0,0) width 3: " "
            RenderTableCell {TD} at (494,120) size 8x12 [bgcolor=#B6D0D1] [r=10 c=63 rs=1 cs=1]
              RenderInline {FONT} at (0,0) size 3x12
                RenderText {#text} at (0,0) size 3x12
                  text run at (0,0) width 3: " "
            RenderTableCell {TD} at (502,120) size 8x12 [bgcolor=#EDEEEF] [r=10 c=64 rs=1 cs=1]
              RenderInline {FONT} at (0,0) size 3x12
                RenderText {#text} at (0,0) size 3x12
                  text run at (0,0) width 3: " "
            RenderTableCell {TD} at (509,120) size 9x12 [bgcolor=#CECFCF] [r=10 c=65 rs=1 cs=1]
              RenderInline {FONT} at (0,0) size 3x12
                RenderText {#text} at (0,0) size 3x12
                  text run at (0,0) width 3: " "
            RenderTableCell {TD} at (517,120) size 9x12 [bgcolor=#939494] [r=10 c=66 rs=1 cs=1]
              RenderInline {FONT} at (0,0) size 3x12
                RenderText {#text} at (0,0) size 3x12
                  text run at (0,0) width 3: " "
            RenderTableCell {TD} at (525,120) size 9x12 [bgcolor=#848788] [r=10 c=67 rs=1 cs=1]
              RenderInline {FONT} at (0,0) size 3x12
                RenderText {#text} at (0,0) size 3x12
                  text run at (0,0) width 3: " "
            RenderTableCell {TD} at (533,120) size 9x12 [bgcolor=#939494] [r=10 c=68 rs=1 cs=1]
              RenderInline {FONT} at (0,0) size 3x12
                RenderText {#text} at (0,0) size 3x12
                  text run at (0,0) width 3: " "
            RenderTableCell {TD} at (541,120) size 9x12 [bgcolor=#CECFCF] [r=10 c=69 rs=1 cs=1]
              RenderInline {FONT} at (0,0) size 3x12
                RenderText {#text} at (0,0) size 3x12
                  text run at (0,0) width 3: " "
            RenderTableCell {TD} at (549,120) size 8x12 [bgcolor=#B6D8D7] [r=10 c=70 rs=1 cs=1]
              RenderInline {FONT} at (0,0) size 3x12
                RenderText {#text} at (0,0) size 3x12
                  text run at (0,0) width 3: " "
            RenderTableCell {TD} at (556,120) size 9x12 [bgcolor=#EDEEEF] [r=10 c=71 rs=1 cs=1]
              RenderInline {FONT} at (0,0) size 3x12
                RenderText {#text} at (0,0) size 3x12
                  text run at (0,0) width 3: " "
            RenderTableCell {TD} at (564,120) size 9x12 [bgcolor=#FDFDFB] [r=10 c=72 rs=1 cs=1]
              RenderInline {FONT} at (0,0) size 3x12
                RenderText {#text} at (0,0) size 3x12
                  text run at (0,0) width 3: " "
            RenderTableCell {TD} at (572,120) size 9x12 [bgcolor=#4D4F4F] [r=10 c=73 rs=1 cs=1]
              RenderInline {FONT} at (0,0) size 3x12
                RenderText {#text} at (0,0) size 3x12
                  text run at (0,0) width 3: " "
            RenderTableCell {TD} at (580,120) size 9x12 [bgcolor=#5E5F60] [r=10 c=74 rs=1 cs=1]
              RenderInline {FONT} at (0,0) size 3x12
                RenderText {#text} at (0,0) size 3x12
                  text run at (0,0) width 3: " "
            RenderTableCell {TD} at (588,120) size 9x12 [bgcolor=#848788] [r=10 c=75 rs=1 cs=1]
              RenderInline {FONT} at (0,0) size 3x12
                RenderText {#text} at (0,0) size 3x12
                  text run at (0,0) width 3: " "
            RenderTableCell {TD} at (596,120) size 8x12 [bgcolor=#939494] [r=10 c=76 rs=1 cs=1]
              RenderInline {FONT} at (0,0) size 3x12
                RenderText {#text} at (0,0) size 3x12
                  text run at (0,0) width 3: " "
            RenderTableCell {TD} at (603,120) size 9x12 [bgcolor=#CECFCF] [r=10 c=77 rs=1 cs=1]
              RenderInline {FONT} at (0,0) size 3x12
                RenderText {#text} at (0,0) size 3x12
                  text run at (0,0) width 3: " "
            RenderTableCell {TD} at (611,120) size 9x12 [bgcolor=#EDEEEF] [r=10 c=78 rs=1 cs=1]
              RenderInline {FONT} at (0,0) size 3x12
                RenderText {#text} at (0,0) size 3x12
                  text run at (0,0) width 3: " "
            RenderTableCell {TD} at (619,120) size 9x12 [bgcolor=#DEDFDF] [r=10 c=79 rs=1 cs=1]
              RenderInline {FONT} at (0,0) size 3x12
                RenderText {#text} at (0,0) size 3x12
                  text run at (0,0) width 3: " "
            RenderTableCell {TD} at (627,120) size 9x12 [bgcolor=#A5A6A6] [r=10 c=80 rs=1 cs=1]
              RenderInline {FONT} at (0,0) size 3x12
                RenderText {#text} at (0,0) size 3x12
                  text run at (0,0) width 3: " "
            RenderTableCell {TD} at (635,120) size 9x12 [bgcolor=#848788] [r=10 c=81 rs=1 cs=1]
              RenderInline {FONT} at (0,0) size 3x12
                RenderText {#text} at (0,0) size 3x12
                  text run at (0,0) width 3: " "
            RenderTableCell {TD} at (643,120) size 9x12 [bgcolor=#939494] [r=10 c=82 rs=1 cs=1]
              RenderInline {FONT} at (0,0) size 3x12
                RenderText {#text} at (0,0) size 3x12
                  text run at (0,0) width 3: " "
            RenderTableCell {TD} at (651,120) size 8x12 [bgcolor=#BEC2C2] [r=10 c=83 rs=1 cs=1]
              RenderInline {FONT} at (0,0) size 3x12
                RenderText {#text} at (0,0) size 3x12
                  text run at (0,0) width 3: " "
            RenderTableCell {TD} at (658,120) size 9x12 [bgcolor=#EDEEEF] [r=10 c=84 rs=1 cs=1]
              RenderInline {FONT} at (0,0) size 3x12
                RenderText {#text} at (0,0) size 3x12
                  text run at (0,0) width 3: " "
            RenderTableCell {TD} at (666,120) size 9x12 [bgcolor=#CADEDD] [r=10 c=85 rs=1 cs=1]
              RenderInline {FONT} at (0,0) size 3x12
                RenderText {#text} at (0,0) size 3x12
                  text run at (0,0) width 3: " "
            RenderTableCell {TD} at (674,120) size 9x12 [bgcolor=#589594] [r=10 c=86 rs=1 cs=1]
              RenderInline {FONT} at (0,0) size 3x12
                RenderText {#text} at (0,0) size 3x12
                  text run at (0,0) width 3: " "
            RenderTableCell {TD} at (682,120) size 9x12 [bgcolor=#026766] [r=10 c=87 rs=1 cs=1]
              RenderInline {FONT} at (0,0) size 3x12
                RenderText {#text} at (0,0) size 3x12
                  text run at (0,0) width 3: " "
            RenderTableCell {TD} at (690,120) size 9x12 [bgcolor=#026766] [r=10 c=88 rs=1 cs=1]
              RenderInline {FONT} at (0,0) size 3x12
                RenderText {#text} at (0,0) size 3x12
                  text run at (0,0) width 3: " "
            RenderTableCell {TD} at (698,120) size 8x12 [bgcolor=#7CAEAF] [r=10 c=89 rs=1 cs=1]
              RenderInline {FONT} at (0,0) size 3x12
                RenderText {#text} at (0,0) size 3x12
                  text run at (0,0) width 3: " "
            RenderTableCell {TD} at (705,120) size 9x12 [bgcolor=#CECFCF] [r=10 c=90 rs=1 cs=1]
              RenderInline {FONT} at (0,0) size 3x12
                RenderText {#text} at (0,0) size 3x12
                  text run at (0,0) width 3: " "
            RenderTableCell {TD} at (713,120) size 9x12 [bgcolor=#FDFDFB] [r=10 c=91 rs=1 cs=1]
              RenderInline {FONT} at (0,0) size 3x12
                RenderText {#text} at (0,0) size 3x12
                  text run at (0,0) width 3: " "
            RenderTableCell {TD} at (721,120) size 9x12 [bgcolor=#FDFDFB] [r=10 c=92 rs=1 cs=1]
              RenderInline {FONT} at (0,0) size 3x12
                RenderText {#text} at (0,0) size 3x12
                  text run at (0,0) width 3: " "
            RenderTableCell {TD} at (729,120) size 9x12 [bgcolor=#BEC2C2] [r=10 c=93 rs=1 cs=1]
              RenderInline {FONT} at (0,0) size 3x12
                RenderText {#text} at (0,0) size 3x12
                  text run at (0,0) width 3: " "
            RenderTableCell {TD} at (737,120) size 9x12 [bgcolor=#B4B4B4] [r=10 c=94 rs=1 cs=1]
              RenderInline {FONT} at (0,0) size 3x12
                RenderText {#text} at (0,0) size 3x12
                  text run at (0,0) width 3: " "
            RenderTableCell {TD} at (745,120) size 8x12 [bgcolor=#696A69] [r=10 c=95 rs=1 cs=1]
              RenderInline {FONT} at (0,0) size 3x12
                RenderText {#text} at (0,0) size 3x12
                  text run at (0,0) width 3: " "
            RenderTableCell {TD} at (753,120) size 8x12 [bgcolor=#696A69] [r=10 c=96 rs=1 cs=1]
              RenderInline {FONT} at (0,0) size 3x12
                RenderText {#text} at (0,0) size 3x12
                  text run at (0,0) width 3: " "
            RenderTableCell {TD} at (760,120) size 9x12 [bgcolor=#848788] [r=10 c=97 rs=1 cs=1]
              RenderInline {FONT} at (0,0) size 3x12
                RenderText {#text} at (0,0) size 3x12
                  text run at (0,0) width 3: " "
            RenderTableCell {TD} at (768,120) size 9x12 [bgcolor=#777878] [r=10 c=98 rs=1 cs=1]
              RenderInline {FONT} at (0,0) size 3x12
                RenderText {#text} at (0,0) size 3x12
                  text run at (0,0) width 3: " "
            RenderTableCell {TD} at (776,120) size 9x12 [bgcolor=#4D4F4F] [r=10 c=99 rs=1 cs=1]
              RenderInline {FONT} at (0,0) size 3x12
                RenderText {#text} at (0,0) size 3x12
                  text run at (0,0) width 3: " "
          RenderTableRow {TR} at (0,132) size 784x12
            RenderTableCell {TD} at (0,132) size 8x12 [bgcolor=#A4CCCC] [r=11 c=0 rs=1 cs=1]
              RenderInline {FONT} at (0,0) size 3x12
                RenderText {#text} at (0,0) size 3x12
                  text run at (0,0) width 3: " "
            RenderTableCell {TD} at (7,132) size 9x12 [bgcolor=#048485] [r=11 c=1 rs=1 cs=1]
              RenderInline {FONT} at (0,0) size 3x12
                RenderText {#text} at (0,0) size 3x12
                  text run at (0,0) width 3: " "
            RenderTableCell {TD} at (15,132) size 9x12 [bgcolor=#7DBAB9] [r=11 c=2 rs=1 cs=1]
              RenderInline {FONT} at (0,0) size 3x12
                RenderText {#text} at (0,0) size 3x12
                  text run at (0,0) width 3: " "
            RenderTableCell {TD} at (23,132) size 9x12 [bgcolor=#FDFDFB] [r=11 c=3 rs=1 cs=1]
              RenderInline {FONT} at (0,0) size 3x12
                RenderText {#text} at (0,0) size 3x12
                  text run at (0,0) width 3: " "
            RenderTableCell {TD} at (31,132) size 9x12 [bgcolor=#CECFCF] [r=11 c=4 rs=1 cs=1]
              RenderInline {FONT} at (0,0) size 3x12
                RenderText {#text} at (0,0) size 3x12
                  text run at (0,0) width 3: " "
            RenderTableCell {TD} at (39,132) size 9x12 [bgcolor=#072323] [r=11 c=5 rs=1 cs=1]
              RenderInline {FONT} at (0,0) size 3x12
                RenderText {#text} at (0,0) size 3x12
                  text run at (0,0) width 3: " "
            RenderTableCell {TD} at (47,132) size 8x12 [bgcolor=#044140] [r=11 c=6 rs=1 cs=1]
              RenderInline {FONT} at (0,0) size 3x12
                RenderText {#text} at (0,0) size 3x12
                  text run at (0,0) width 3: " "
            RenderTableCell {TD} at (54,132) size 9x12 [bgcolor=#044F4F] [r=11 c=7 rs=1 cs=1]
              RenderInline {FONT} at (0,0) size 3x12
                RenderText {#text} at (0,0) size 3x12
                  text run at (0,0) width 3: " "
            RenderTableCell {TD} at (62,132) size 9x12 [bgcolor=#044F4F] [r=11 c=8 rs=1 cs=1]
              RenderInline {FONT} at (0,0) size 3x12
                RenderText {#text} at (0,0) size 3x12
                  text run at (0,0) width 3: " "
            RenderTableCell {TD} at (70,132) size 9x12 [bgcolor=#044F4F] [r=11 c=9 rs=1 cs=1]
              RenderInline {FONT} at (0,0) size 3x12
                RenderText {#text} at (0,0) size 3x12
                  text run at (0,0) width 3: " "
            RenderTableCell {TD} at (78,132) size 9x12 [bgcolor=#A2B5B4] [r=11 c=10 rs=1 cs=1]
              RenderInline {FONT} at (0,0) size 3x12
                RenderText {#text} at (0,0) size 3x12
                  text run at (0,0) width 3: " "
            RenderTableCell {TD} at (86,132) size 9x12 [bgcolor=#BEC2C2] [r=11 c=11 rs=1 cs=1]
              RenderInline {FONT} at (0,0) size 3x12
                RenderText {#text} at (0,0) size 3x12
                  text run at (0,0) width 3: " "
            RenderTableCell {TD} at (94,132) size 8x12 [bgcolor=#647979] [r=11 c=12 rs=1 cs=1]
              RenderInline {FONT} at (0,0) size 3x12
                RenderText {#text} at (0,0) size 3x12
                  text run at (0,0) width 3: " "
            RenderTableCell {TD} at (101,132) size 9x12 [bgcolor=#044140] [r=11 c=13 rs=1 cs=1]
              RenderInline {FONT} at (0,0) size 3x12
                RenderText {#text} at (0,0) size 3x12
                  text run at (0,0) width 3: " "
            RenderTableCell {TD} at (109,132) size 9x12 [bgcolor=#223C3D] [r=11 c=14 rs=1 cs=1]
              RenderInline {FONT} at (0,0) size 3x12
                RenderText {#text} at (0,0) size 3x12
                  text run at (0,0) width 3: " "
            RenderTableCell {TD} at (117,132) size 9x12 [bgcolor=#848788] [r=11 c=15 rs=1 cs=1]
              RenderInline {FONT} at (0,0) size 3x12
                RenderText {#text} at (0,0) size 3x12
                  text run at (0,0) width 3: " "
            RenderTableCell {TD} at (125,132) size 9x12 [bgcolor=#FDFDFB] [r=11 c=16 rs=1 cs=1]
              RenderInline {FONT} at (0,0) size 3x12
                RenderText {#text} at (0,0) size 3x12
                  text run at (0,0) width 3: " "
            RenderTableCell {TD} at (133,132) size 9x12 [bgcolor=#FDFDFB] [r=11 c=17 rs=1 cs=1]
              RenderInline {FONT} at (0,0) size 3x12
                RenderText {#text} at (0,0) size 3x12
                  text run at (0,0) width 3: " "
            RenderTableCell {TD} at (141,132) size 9x12 [bgcolor=#2D3433] [r=11 c=18 rs=1 cs=1]
              RenderInline {FONT} at (0,0) size 3x12
                RenderText {#text} at (0,0) size 3x12
                  text run at (0,0) width 3: " "
            RenderTableCell {TD} at (149,132) size 8x12 [bgcolor=#1E7A79] [r=11 c=19 rs=1 cs=1]
              RenderInline {FONT} at (0,0) size 3x12
                RenderText {#text} at (0,0) size 3x12
                  text run at (0,0) width 3: " "
            RenderTableCell {TD} at (156,132) size 9x12 [bgcolor=#027777] [r=11 c=20 rs=1 cs=1]
              RenderInline {FONT} at (0,0) size 3x12
                RenderText {#text} at (0,0) size 3x12
                  text run at (0,0) width 3: " "
            RenderTableCell {TD} at (164,132) size 9x12 [bgcolor=#A4CCCC] [r=11 c=21 rs=1 cs=1]
              RenderInline {FONT} at (0,0) size 3x12
                RenderText {#text} at (0,0) size 3x12
                  text run at (0,0) width 3: " "
            RenderTableCell {TD} at (172,132) size 9x12 [bgcolor=#DEDFDF] [r=11 c=22 rs=1 cs=1]
              RenderInline {FONT} at (0,0) size 3x12
                RenderText {#text} at (0,0) size 3x12
                  text run at (0,0) width 3: " "
            RenderTableCell {TD} at (180,132) size 9x12 [bgcolor=#848788] [r=11 c=23 rs=1 cs=1]
              RenderInline {FONT} at (0,0) size 3x12
                RenderText {#text} at (0,0) size 3x12
                  text run at (0,0) width 3: " "
            RenderTableCell {TD} at (188,132) size 9x12 [bgcolor=#072323] [r=11 c=24 rs=1 cs=1]
              RenderInline {FONT} at (0,0) size 3x12
                RenderText {#text} at (0,0) size 3x12
                  text run at (0,0) width 3: " "
            RenderTableCell {TD} at (196,132) size 8x12 [bgcolor=#044140] [r=11 c=25 rs=1 cs=1]
              RenderInline {FONT} at (0,0) size 3x12
                RenderText {#text} at (0,0) size 3x12
                  text run at (0,0) width 3: " "
            RenderTableCell {TD} at (203,132) size 9x12 [bgcolor=#044F4F] [r=11 c=26 rs=1 cs=1]
              RenderInline {FONT} at (0,0) size 3x12
                RenderText {#text} at (0,0) size 3x12
                  text run at (0,0) width 3: " "
            RenderTableCell {TD} at (211,132) size 9x12 [bgcolor=#044F4F] [r=11 c=27 rs=1 cs=1]
              RenderInline {FONT} at (0,0) size 3x12
                RenderText {#text} at (0,0) size 3x12
                  text run at (0,0) width 3: " "
            RenderTableCell {TD} at (219,132) size 9x12 [bgcolor=#044F4F] [r=11 c=28 rs=1 cs=1]
              RenderInline {FONT} at (0,0) size 3x12
                RenderText {#text} at (0,0) size 3x12
                  text run at (0,0) width 3: " "
            RenderTableCell {TD} at (227,132) size 9x12 [bgcolor=#A2B5B4] [r=11 c=29 rs=1 cs=1]
              RenderInline {FONT} at (0,0) size 3x12
                RenderText {#text} at (0,0) size 3x12
                  text run at (0,0) width 3: " "
            RenderTableCell {TD} at (235,132) size 9x12 [bgcolor=#FDFDFB] [r=11 c=30 rs=1 cs=1]
              RenderInline {FONT} at (0,0) size 3x12
                RenderText {#text} at (0,0) size 3x12
                  text run at (0,0) width 3: " "
            RenderTableCell {TD} at (243,132) size 8x12 [bgcolor=#A2B5B4] [r=11 c=31 rs=1 cs=1]
              RenderInline {FONT} at (0,0) size 3x12
                RenderText {#text} at (0,0) size 3x12
                  text run at (0,0) width 3: " "
            RenderTableCell {TD} at (251,132) size 8x12 [bgcolor=#083131] [r=11 c=32 rs=1 cs=1]
              RenderInline {FONT} at (0,0) size 3x12
                RenderText {#text} at (0,0) size 3x12
                  text run at (0,0) width 3: " "
            RenderTableCell {TD} at (258,132) size 9x12 [bgcolor=#515C5B] [r=11 c=33 rs=1 cs=1]
              RenderInline {FONT} at (0,0) size 3x12
                RenderText {#text} at (0,0) size 3x12
                  text run at (0,0) width 3: " "
            RenderTableCell {TD} at (266,132) size 9x12 [bgcolor=#848788] [r=11 c=34 rs=1 cs=1]
              RenderInline {FONT} at (0,0) size 3x12
                RenderText {#text} at (0,0) size 3x12
                  text run at (0,0) width 3: " "
            RenderTableCell {TD} at (274,132) size 9x12 [bgcolor=#EDEEEF] [r=11 c=35 rs=1 cs=1]
              RenderInline {FONT} at (0,0) size 3x12
                RenderText {#text} at (0,0) size 3x12
                  text run at (0,0) width 3: " "
            RenderTableCell {TD} at (282,132) size 9x12 [bgcolor=#FDFDFB] [r=11 c=36 rs=1 cs=1]
              RenderInline {FONT} at (0,0) size 3x12
                RenderText {#text} at (0,0) size 3x12
                  text run at (0,0) width 3: " "
            RenderTableCell {TD} at (290,132) size 9x12 [bgcolor=#5E5F60] [r=11 c=37 rs=1 cs=1]
              RenderInline {FONT} at (0,0) size 3x12
                RenderText {#text} at (0,0) size 3x12
                  text run at (0,0) width 3: " "
            RenderTableCell {TD} at (298,132) size 8x12 [bgcolor=#083131] [r=11 c=38 rs=1 cs=1]
              RenderInline {FONT} at (0,0) size 3x12
                RenderText {#text} at (0,0) size 3x12
                  text run at (0,0) width 3: " "
            RenderTableCell {TD} at (305,132) size 9x12 [bgcolor=#044F4F] [r=11 c=39 rs=1 cs=1]
              RenderInline {FONT} at (0,0) size 3x12
                RenderText {#text} at (0,0) size 3x12
                  text run at (0,0) width 3: " "
            RenderTableCell {TD} at (313,132) size 9x12 [bgcolor=#044F4F] [r=11 c=40 rs=1 cs=1]
              RenderInline {FONT} at (0,0) size 3x12
                RenderText {#text} at (0,0) size 3x12
                  text run at (0,0) width 3: " "
            RenderTableCell {TD} at (321,132) size 9x12 [bgcolor=#044F4F] [r=11 c=41 rs=1 cs=1]
              RenderInline {FONT} at (0,0) size 3x12
                RenderText {#text} at (0,0) size 3x12
                  text run at (0,0) width 3: " "
            RenderTableCell {TD} at (329,132) size 9x12 [bgcolor=#396B6A] [r=11 c=42 rs=1 cs=1]
              RenderInline {FONT} at (0,0) size 3x12
                RenderText {#text} at (0,0) size 3x12
                  text run at (0,0) width 3: " "
            RenderTableCell {TD} at (337,132) size 9x12 [bgcolor=#CECFCF] [r=11 c=43 rs=1 cs=1]
              RenderInline {FONT} at (0,0) size 3x12
                RenderText {#text} at (0,0) size 3x12
                  text run at (0,0) width 3: " "
            RenderTableCell {TD} at (345,132) size 8x12 [bgcolor=#A5A6A6] [r=11 c=44 rs=1 cs=1]
              RenderInline {FONT} at (0,0) size 3x12
                RenderText {#text} at (0,0) size 3x12
                  text run at (0,0) width 3: " "
            RenderTableCell {TD} at (352,132) size 9x12 [bgcolor=#1A5C5C] [r=11 c=45 rs=1 cs=1]
              RenderInline {FONT} at (0,0) size 3x12
                RenderText {#text} at (0,0) size 3x12
                  text run at (0,0) width 3: " "
            RenderTableCell {TD} at (360,132) size 9x12 [bgcolor=#026766] [r=11 c=46 rs=1 cs=1]
              RenderInline {FONT} at (0,0) size 3x12
                RenderText {#text} at (0,0) size 3x12
                  text run at (0,0) width 3: " "
            RenderTableCell {TD} at (368,132) size 9x12 [bgcolor=#1A6B6A] [r=11 c=47 rs=1 cs=1]
              RenderInline {FONT} at (0,0) size 3x12
                RenderText {#text} at (0,0) size 3x12
                  text run at (0,0) width 3: " "
            RenderTableCell {TD} at (376,132) size 9x12 [bgcolor=#B6D0D1] [r=11 c=48 rs=1 cs=1]
              RenderInline {FONT} at (0,0) size 3x12
                RenderText {#text} at (0,0) size 3x12
                  text run at (0,0) width 3: " "
            RenderTableCell {TD} at (384,132) size 9x12 [bgcolor=#FDFDFB] [r=11 c=49 rs=1 cs=1]
              RenderInline {FONT} at (0,0) size 3x12
                RenderText {#text} at (0,0) size 3x12
                  text run at (0,0) width 3: " "
            RenderTableCell {TD} at (392,132) size 9x12 [bgcolor=#EDEEEF] [r=11 c=50 rs=1 cs=1]
              RenderInline {FONT} at (0,0) size 3x12
                RenderText {#text} at (0,0) size 3x12
                  text run at (0,0) width 3: " "
            RenderTableCell {TD} at (400,132) size 8x12 [bgcolor=#4D4F4F] [r=11 c=51 rs=1 cs=1]
              RenderInline {FONT} at (0,0) size 3x12
                RenderText {#text} at (0,0) size 3x12
                  text run at (0,0) width 3: " "
            RenderTableCell {TD} at (407,132) size 9x12 [bgcolor=#1C2524] [r=11 c=52 rs=1 cs=1]
              RenderInline {FONT} at (0,0) size 3x12
                RenderText {#text} at (0,0) size 3x12
                  text run at (0,0) width 3: " "
            RenderTableCell {TD} at (415,132) size 9x12 [bgcolor=#3D4242] [r=11 c=53 rs=1 cs=1]
              RenderInline {FONT} at (0,0) size 3x12
                RenderText {#text} at (0,0) size 3x12
                  text run at (0,0) width 3: " "
            RenderTableCell {TD} at (423,132) size 9x12 [bgcolor=#696A69] [r=11 c=54 rs=1 cs=1]
              RenderInline {FONT} at (0,0) size 3x12
                RenderText {#text} at (0,0) size 3x12
                  text run at (0,0) width 3: " "
            RenderTableCell {TD} at (431,132) size 9x12 [bgcolor=#777878] [r=11 c=55 rs=1 cs=1]
              RenderInline {FONT} at (0,0) size 3x12
                RenderText {#text} at (0,0) size 3x12
                  text run at (0,0) width 3: " "
            RenderTableCell {TD} at (439,132) size 9x12 [bgcolor=#B4B4B4] [r=11 c=56 rs=1 cs=1]
              RenderInline {FONT} at (0,0) size 3x12
                RenderText {#text} at (0,0) size 3x12
                  text run at (0,0) width 3: " "
            RenderTableCell {TD} at (447,132) size 8x12 [bgcolor=#FDFDFB] [r=11 c=57 rs=1 cs=1]
              RenderInline {FONT} at (0,0) size 3x12
                RenderText {#text} at (0,0) size 3x12
                  text run at (0,0) width 3: " "
            RenderTableCell {TD} at (454,132) size 9x12 [bgcolor=#EDEEEF] [r=11 c=58 rs=1 cs=1]
              RenderInline {FONT} at (0,0) size 3x12
                RenderText {#text} at (0,0) size 3x12
                  text run at (0,0) width 3: " "
            RenderTableCell {TD} at (462,132) size 9x12 [bgcolor=#696A69] [r=11 c=59 rs=1 cs=1]
              RenderInline {FONT} at (0,0) size 3x12
                RenderText {#text} at (0,0) size 3x12
                  text run at (0,0) width 3: " "
            RenderTableCell {TD} at (470,132) size 9x12 [bgcolor=#1B8685] [r=11 c=60 rs=1 cs=1]
              RenderInline {FONT} at (0,0) size 3x12
                RenderText {#text} at (0,0) size 3x12
                  text run at (0,0) width 3: " "
            RenderTableCell {TD} at (478,132) size 9x12 [bgcolor=#1B8685] [r=11 c=61 rs=1 cs=1]
              RenderInline {FONT} at (0,0) size 3x12
                RenderText {#text} at (0,0) size 3x12
                  text run at (0,0) width 3: " "
            RenderTableCell {TD} at (486,132) size 9x12 [bgcolor=#E0EAE9] [r=11 c=62 rs=1 cs=1]
              RenderInline {FONT} at (0,0) size 3x12
                RenderText {#text} at (0,0) size 3x12
                  text run at (0,0) width 3: " "
            RenderTableCell {TD} at (494,132) size 8x12 [bgcolor=#FDFDFB] [r=11 c=63 rs=1 cs=1]
              RenderInline {FONT} at (0,0) size 3x12
                RenderText {#text} at (0,0) size 3x12
                  text run at (0,0) width 3: " "
            RenderTableCell {TD} at (502,132) size 8x12 [bgcolor=#777878] [r=11 c=64 rs=1 cs=1]
              RenderInline {FONT} at (0,0) size 3x12
                RenderText {#text} at (0,0) size 3x12
                  text run at (0,0) width 3: " "
            RenderTableCell {TD} at (509,132) size 9x12 [bgcolor=#072323] [r=11 c=65 rs=1 cs=1]
              RenderInline {FONT} at (0,0) size 3x12
                RenderText {#text} at (0,0) size 3x12
                  text run at (0,0) width 3: " "
            RenderTableCell {TD} at (517,132) size 9x12 [bgcolor=#044140] [r=11 c=66 rs=1 cs=1]
              RenderInline {FONT} at (0,0) size 3x12
                RenderText {#text} at (0,0) size 3x12
                  text run at (0,0) width 3: " "
            RenderTableCell {TD} at (525,132) size 9x12 [bgcolor=#044F4F] [r=11 c=67 rs=1 cs=1]
              RenderInline {FONT} at (0,0) size 3x12
                RenderText {#text} at (0,0) size 3x12
                  text run at (0,0) width 3: " "
            RenderTableCell {TD} at (533,132) size 9x12 [bgcolor=#044F4F] [r=11 c=68 rs=1 cs=1]
              RenderInline {FONT} at (0,0) size 3x12
                RenderText {#text} at (0,0) size 3x12
                  text run at (0,0) width 3: " "
            RenderTableCell {TD} at (541,132) size 9x12 [bgcolor=#1A5C5C] [r=11 c=69 rs=1 cs=1]
              RenderInline {FONT} at (0,0) size 3x12
                RenderText {#text} at (0,0) size 3x12
                  text run at (0,0) width 3: " "
            RenderTableCell {TD} at (549,132) size 8x12 [bgcolor=#A2B5B4] [r=11 c=70 rs=1 cs=1]
              RenderInline {FONT} at (0,0) size 3x12
                RenderText {#text} at (0,0) size 3x12
                  text run at (0,0) width 3: " "
            RenderTableCell {TD} at (556,132) size 9x12 [bgcolor=#FDFDFB] [r=11 c=71 rs=1 cs=1]
              RenderInline {FONT} at (0,0) size 3x12
                RenderText {#text} at (0,0) size 3x12
                  text run at (0,0) width 3: " "
            RenderTableCell {TD} at (564,132) size 9x12 [bgcolor=#FDFDFB] [r=11 c=72 rs=1 cs=1]
              RenderInline {FONT} at (0,0) size 3x12
                RenderText {#text} at (0,0) size 3x12
                  text run at (0,0) width 3: " "
            RenderTableCell {TD} at (572,132) size 9x12 [bgcolor=#4D4F4F] [r=11 c=73 rs=1 cs=1]
              RenderInline {FONT} at (0,0) size 3x12
                RenderText {#text} at (0,0) size 3x12
                  text run at (0,0) width 3: " "
            RenderTableCell {TD} at (580,132) size 9x12 [bgcolor=#5E5F60] [r=11 c=74 rs=1 cs=1]
              RenderInline {FONT} at (0,0) size 3x12
                RenderText {#text} at (0,0) size 3x12
                  text run at (0,0) width 3: " "
            RenderTableCell {TD} at (588,132) size 9x12 [bgcolor=#848788] [r=11 c=75 rs=1 cs=1]
              RenderInline {FONT} at (0,0) size 3x12
                RenderText {#text} at (0,0) size 3x12
                  text run at (0,0) width 3: " "
            RenderTableCell {TD} at (596,132) size 8x12 [bgcolor=#CECFCF] [r=11 c=76 rs=1 cs=1]
              RenderInline {FONT} at (0,0) size 3x12
                RenderText {#text} at (0,0) size 3x12
                  text run at (0,0) width 3: " "
            RenderTableCell {TD} at (603,132) size 9x12 [bgcolor=#FDFDFB] [r=11 c=77 rs=1 cs=1]
              RenderInline {FONT} at (0,0) size 3x12
                RenderText {#text} at (0,0) size 3x12
                  text run at (0,0) width 3: " "
            RenderTableCell {TD} at (611,132) size 9x12 [bgcolor=#B4B4B4] [r=11 c=78 rs=1 cs=1]
              RenderInline {FONT} at (0,0) size 3x12
                RenderText {#text} at (0,0) size 3x12
                  text run at (0,0) width 3: " "
            RenderTableCell {TD} at (619,132) size 9x12 [bgcolor=#1C2524] [r=11 c=79 rs=1 cs=1]
              RenderInline {FONT} at (0,0) size 3x12
                RenderText {#text} at (0,0) size 3x12
                  text run at (0,0) width 3: " "
            RenderTableCell {TD} at (627,132) size 9x12 [bgcolor=#044140] [r=11 c=80 rs=1 cs=1]
              RenderInline {FONT} at (0,0) size 3x12
                RenderText {#text} at (0,0) size 3x12
                  text run at (0,0) width 3: " "
            RenderTableCell {TD} at (635,132) size 9x12 [bgcolor=#044F4F] [r=11 c=81 rs=1 cs=1]
              RenderInline {FONT} at (0,0) size 3x12
                RenderText {#text} at (0,0) size 3x12
                  text run at (0,0) width 3: " "
            RenderTableCell {TD} at (643,132) size 9x12 [bgcolor=#044F4F] [r=11 c=82 rs=1 cs=1]
              RenderInline {FONT} at (0,0) size 3x12
                RenderText {#text} at (0,0) size 3x12
                  text run at (0,0) width 3: " "
            RenderTableCell {TD} at (651,132) size 8x12 [bgcolor=#044F4F] [r=11 c=83 rs=1 cs=1]
              RenderInline {FONT} at (0,0) size 3x12
                RenderText {#text} at (0,0) size 3x12
                  text run at (0,0) width 3: " "
            RenderTableCell {TD} at (658,132) size 9x12 [bgcolor=#447877] [r=11 c=84 rs=1 cs=1]
              RenderInline {FONT} at (0,0) size 3x12
                RenderText {#text} at (0,0) size 3x12
                  text run at (0,0) width 3: " "
            RenderTableCell {TD} at (666,132) size 9x12 [bgcolor=#EDEEEF] [r=11 c=85 rs=1 cs=1]
              RenderInline {FONT} at (0,0) size 3x12
                RenderText {#text} at (0,0) size 3x12
                  text run at (0,0) width 3: " "
            RenderTableCell {TD} at (674,132) size 9x12 [bgcolor=#FDFDFB] [r=11 c=86 rs=1 cs=1]
              RenderInline {FONT} at (0,0) size 3x12
                RenderText {#text} at (0,0) size 3x12
                  text run at (0,0) width 3: " "
            RenderTableCell {TD} at (682,132) size 9x12 [bgcolor=#5A8787] [r=11 c=87 rs=1 cs=1]
              RenderInline {FONT} at (0,0) size 3x12
                RenderText {#text} at (0,0) size 3x12
                  text run at (0,0) width 3: " "
            RenderTableCell {TD} at (690,132) size 9x12 [bgcolor=#025E5E] [r=11 c=88 rs=1 cs=1]
              RenderInline {FONT} at (0,0) size 3x12
                RenderText {#text} at (0,0) size 3x12
                  text run at (0,0) width 3: " "
            RenderTableCell {TD} at (698,132) size 8x12 [bgcolor=#025E5E] [r=11 c=89 rs=1 cs=1]
              RenderInline {FONT} at (0,0) size 3x12
                RenderText {#text} at (0,0) size 3x12
                  text run at (0,0) width 3: " "
            RenderTableCell {TD} at (705,132) size 9x12 [bgcolor=#396B6A] [r=11 c=90 rs=1 cs=1]
              RenderInline {FONT} at (0,0) size 3x12
                RenderText {#text} at (0,0) size 3x12
                  text run at (0,0) width 3: " "
            RenderTableCell {TD} at (713,132) size 9x12 [bgcolor=#E0EAE9] [r=11 c=91 rs=1 cs=1]
              RenderInline {FONT} at (0,0) size 3x12
                RenderText {#text} at (0,0) size 3x12
                  text run at (0,0) width 3: " "
            RenderTableCell {TD} at (721,132) size 9x12 [bgcolor=#FDFDFB] [r=11 c=92 rs=1 cs=1]
              RenderInline {FONT} at (0,0) size 3x12
                RenderText {#text} at (0,0) size 3x12
                  text run at (0,0) width 3: " "
            RenderTableCell {TD} at (729,132) size 9x12 [bgcolor=#2D3433] [r=11 c=93 rs=1 cs=1]
              RenderInline {FONT} at (0,0) size 3x12
                RenderText {#text} at (0,0) size 3x12
                  text run at (0,0) width 3: " "
            RenderTableCell {TD} at (737,132) size 9x12 [bgcolor=#1C2524] [r=11 c=94 rs=1 cs=1]
              RenderInline {FONT} at (0,0) size 3x12
                RenderText {#text} at (0,0) size 3x12
                  text run at (0,0) width 3: " "
            RenderTableCell {TD} at (745,132) size 8x12 [bgcolor=#3D4242] [r=11 c=95 rs=1 cs=1]
              RenderInline {FONT} at (0,0) size 3x12
                RenderText {#text} at (0,0) size 3x12
                  text run at (0,0) width 3: " "
            RenderTableCell {TD} at (753,132) size 8x12 [bgcolor=#777878] [r=11 c=96 rs=1 cs=1]
              RenderInline {FONT} at (0,0) size 3x12
                RenderText {#text} at (0,0) size 3x12
                  text run at (0,0) width 3: " "
            RenderTableCell {TD} at (760,132) size 9x12 [bgcolor=#848788] [r=11 c=97 rs=1 cs=1]
              RenderInline {FONT} at (0,0) size 3x12
                RenderText {#text} at (0,0) size 3x12
                  text run at (0,0) width 3: " "
            RenderTableCell {TD} at (768,132) size 9x12 [bgcolor=#777878] [r=11 c=98 rs=1 cs=1]
              RenderInline {FONT} at (0,0) size 3x12
                RenderText {#text} at (0,0) size 3x12
                  text run at (0,0) width 3: " "
            RenderTableCell {TD} at (776,132) size 9x12 [bgcolor=#4D4F4F] [r=11 c=99 rs=1 cs=1]
              RenderInline {FONT} at (0,0) size 3x12
                RenderText {#text} at (0,0) size 3x12
                  text run at (0,0) width 3: " "
          RenderTableRow {TR} at (0,144) size 784x12
            RenderTableCell {TD} at (0,144) size 8x12 [bgcolor=#97C1C0] [r=12 c=0 rs=1 cs=1]
              RenderInline {FONT} at (0,0) size 3x12
                RenderText {#text} at (0,0) size 3x12
                  text run at (0,0) width 3: " "
            RenderTableCell {TD} at (7,144) size 9x12 [bgcolor=#027777] [r=12 c=1 rs=1 cs=1]
              RenderInline {FONT} at (0,0) size 3x12
                RenderText {#text} at (0,0) size 3x12
                  text run at (0,0) width 3: " "
            RenderTableCell {TD} at (15,144) size 9x12 [bgcolor=#60A2A3] [r=12 c=2 rs=1 cs=1]
              RenderInline {FONT} at (0,0) size 3x12
                RenderText {#text} at (0,0) size 3x12
                  text run at (0,0) width 3: " "
            RenderTableCell {TD} at (23,144) size 9x12 [bgcolor=#EDEEEF] [r=12 c=3 rs=1 cs=1]
              RenderInline {FONT} at (0,0) size 3x12
                RenderText {#text} at (0,0) size 3x12
                  text run at (0,0) width 3: " "
            RenderTableCell {TD} at (31,144) size 9x12 [bgcolor=#FDFDFB] [r=12 c=4 rs=1 cs=1]
              RenderInline {FONT} at (0,0) size 3x12
                RenderText {#text} at (0,0) size 3x12
                  text run at (0,0) width 3: " "
            RenderTableCell {TD} at (39,144) size 9x12 [bgcolor=#A2B5B4] [r=12 c=5 rs=1 cs=1]
              RenderInline {FONT} at (0,0) size 3x12
                RenderText {#text} at (0,0) size 3x12
                  text run at (0,0) width 3: " "
            RenderTableCell {TD} at (47,144) size 8x12 [bgcolor=#72A3A1] [r=12 c=6 rs=1 cs=1]
              RenderInline {FONT} at (0,0) size 3x12
                RenderText {#text} at (0,0) size 3x12
                  text run at (0,0) width 3: " "
            RenderTableCell {TD} at (54,144) size 9x12 [bgcolor=#469191] [r=12 c=7 rs=1 cs=1]
              RenderInline {FONT} at (0,0) size 3x12
                RenderText {#text} at (0,0) size 3x12
                  text run at (0,0) width 3: " "
            RenderTableCell {TD} at (62,144) size 9x12 [bgcolor=#338686] [r=12 c=8 rs=1 cs=1]
              RenderInline {FONT} at (0,0) size 3x12
                RenderText {#text} at (0,0) size 3x12
                  text run at (0,0) width 3: " "
            RenderTableCell {TD} at (70,144) size 9x12 [bgcolor=#1E7A79] [r=12 c=9 rs=1 cs=1]
              RenderInline {FONT} at (0,0) size 3x12
                RenderText {#text} at (0,0) size 3x12
                  text run at (0,0) width 3: " "
            RenderTableCell {TD} at (78,144) size 9x12 [bgcolor=#1A6B6A] [r=12 c=10 rs=1 cs=1]
              RenderInline {FONT} at (0,0) size 3x12
                RenderText {#text} at (0,0) size 3x12
                  text run at (0,0) width 3: " "
            RenderTableCell {TD} at (86,144) size 9x12 [bgcolor=#044F4F] [r=12 c=11 rs=1 cs=1]
              RenderInline {FONT} at (0,0) size 3x12
                RenderText {#text} at (0,0) size 3x12
                  text run at (0,0) width 3: " "
            RenderTableCell {TD} at (94,144) size 8x12 [bgcolor=#044140] [r=12 c=12 rs=1 cs=1]
              RenderInline {FONT} at (0,0) size 3x12
                RenderText {#text} at (0,0) size 3x12
                  text run at (0,0) width 3: " "
            RenderTableCell {TD} at (101,144) size 9x12 [bgcolor=#044140] [r=12 c=13 rs=1 cs=1]
              RenderInline {FONT} at (0,0) size 3x12
                RenderText {#text} at (0,0) size 3x12
                  text run at (0,0) width 3: " "
            RenderTableCell {TD} at (109,144) size 9x12 [bgcolor=#223C3D] [r=12 c=14 rs=1 cs=1]
              RenderInline {FONT} at (0,0) size 3x12
                RenderText {#text} at (0,0) size 3x12
                  text run at (0,0) width 3: " "
            RenderTableCell {TD} at (117,144) size 9x12 [bgcolor=#848788] [r=12 c=15 rs=1 cs=1]
              RenderInline {FONT} at (0,0) size 3x12
                RenderText {#text} at (0,0) size 3x12
                  text run at (0,0) width 3: " "
            RenderTableCell {TD} at (125,144) size 9x12 [bgcolor=#FDFDFB] [r=12 c=16 rs=1 cs=1]
              RenderInline {FONT} at (0,0) size 3x12
                RenderText {#text} at (0,0) size 3x12
                  text run at (0,0) width 3: " "
            RenderTableCell {TD} at (133,144) size 9x12 [bgcolor=#FDFDFB] [r=12 c=17 rs=1 cs=1]
              RenderInline {FONT} at (0,0) size 3x12
                RenderText {#text} at (0,0) size 3x12
                  text run at (0,0) width 3: " "
            RenderTableCell {TD} at (141,144) size 9x12 [bgcolor=#2D3433] [r=12 c=18 rs=1 cs=1]
              RenderInline {FONT} at (0,0) size 3x12
                RenderText {#text} at (0,0) size 3x12
                  text run at (0,0) width 3: " "
            RenderTableCell {TD} at (149,144) size 8x12 [bgcolor=#1E7A79] [r=12 c=19 rs=1 cs=1]
              RenderInline {FONT} at (0,0) size 3x12
                RenderText {#text} at (0,0) size 3x12
                  text run at (0,0) width 3: " "
            RenderTableCell {TD} at (156,144) size 9x12 [bgcolor=#027777] [r=12 c=20 rs=1 cs=1]
              RenderInline {FONT} at (0,0) size 3x12
                RenderText {#text} at (0,0) size 3x12
                  text run at (0,0) width 3: " "
            RenderTableCell {TD} at (164,144) size 9x12 [bgcolor=#1A6B6A] [r=12 c=21 rs=1 cs=1]
              RenderInline {FONT} at (0,0) size 3x12
                RenderText {#text} at (0,0) size 3x12
                  text run at (0,0) width 3: " "
            RenderTableCell {TD} at (172,144) size 9x12 [bgcolor=#274C4D] [r=12 c=22 rs=1 cs=1]
              RenderInline {FONT} at (0,0) size 3x12
                RenderText {#text} at (0,0) size 3x12
                  text run at (0,0) width 3: " "
            RenderTableCell {TD} at (180,144) size 9x12 [bgcolor=#274C4D] [r=12 c=23 rs=1 cs=1]
              RenderInline {FONT} at (0,0) size 3x12
                RenderText {#text} at (0,0) size 3x12
                  text run at (0,0) width 3: " "
            RenderTableCell {TD} at (188,144) size 9x12 [bgcolor=#287A7A] [r=12 c=24 rs=1 cs=1]
              RenderInline {FONT} at (0,0) size 3x12
                RenderText {#text} at (0,0) size 3x12
                  text run at (0,0) width 3: " "
            RenderTableCell {TD} at (196,144) size 8x12 [bgcolor=#338686] [r=12 c=25 rs=1 cs=1]
              RenderInline {FONT} at (0,0) size 3x12
                RenderText {#text} at (0,0) size 3x12
                  text run at (0,0) width 3: " "
            RenderTableCell {TD} at (203,144) size 9x12 [bgcolor=#338686] [r=12 c=26 rs=1 cs=1]
              RenderInline {FONT} at (0,0) size 3x12
                RenderText {#text} at (0,0) size 3x12
                  text run at (0,0) width 3: " "
            RenderTableCell {TD} at (211,144) size 9x12 [bgcolor=#469191] [r=12 c=27 rs=1 cs=1]
              RenderInline {FONT} at (0,0) size 3x12
                RenderText {#text} at (0,0) size 3x12
                  text run at (0,0) width 3: " "
            RenderTableCell {TD} at (219,144) size 9x12 [bgcolor=#60A2A3] [r=12 c=28 rs=1 cs=1]
              RenderInline {FONT} at (0,0) size 3x12
                RenderText {#text} at (0,0) size 3x12
                  text run at (0,0) width 3: " "
            RenderTableCell {TD} at (227,144) size 9x12 [bgcolor=#CADEDD] [r=12 c=29 rs=1 cs=1]
              RenderInline {FONT} at (0,0) size 3x12
                RenderText {#text} at (0,0) size 3x12
                  text run at (0,0) width 3: " "
            RenderTableCell {TD} at (235,144) size 9x12 [bgcolor=#FDFDFB] [r=12 c=30 rs=1 cs=1]
              RenderInline {FONT} at (0,0) size 3x12
                RenderText {#text} at (0,0) size 3x12
                  text run at (0,0) width 3: " "
            RenderTableCell {TD} at (243,144) size 8x12 [bgcolor=#B4B4B4] [r=12 c=31 rs=1 cs=1]
              RenderInline {FONT} at (0,0) size 3x12
                RenderText {#text} at (0,0) size 3x12
                  text run at (0,0) width 3: " "
            RenderTableCell {TD} at (251,144) size 8x12 [bgcolor=#072323] [r=12 c=32 rs=1 cs=1]
              RenderInline {FONT} at (0,0) size 3x12
                RenderText {#text} at (0,0) size 3x12
                  text run at (0,0) width 3: " "
            RenderTableCell {TD} at (258,144) size 9x12 [bgcolor=#4D4F4F] [r=12 c=33 rs=1 cs=1]
              RenderInline {FONT} at (0,0) size 3x12
                RenderText {#text} at (0,0) size 3x12
                  text run at (0,0) width 3: " "
            RenderTableCell {TD} at (266,144) size 9x12 [bgcolor=#777878] [r=12 c=34 rs=1 cs=1]
              RenderInline {FONT} at (0,0) size 3x12
                RenderText {#text} at (0,0) size 3x12
                  text run at (0,0) width 3: " "
            RenderTableCell {TD} at (274,144) size 9x12 [bgcolor=#CECFCF] [r=12 c=35 rs=1 cs=1]
              RenderInline {FONT} at (0,0) size 3x12
                RenderText {#text} at (0,0) size 3x12
                  text run at (0,0) width 3: " "
            RenderTableCell {TD} at (282,144) size 9x12 [bgcolor=#FDFDFB] [r=12 c=36 rs=1 cs=1]
              RenderInline {FONT} at (0,0) size 3x12
                RenderText {#text} at (0,0) size 3x12
                  text run at (0,0) width 3: " "
            RenderTableCell {TD} at (290,144) size 9x12 [bgcolor=#CECFCF] [r=12 c=37 rs=1 cs=1]
              RenderInline {FONT} at (0,0) size 3x12
                RenderText {#text} at (0,0) size 3x12
                  text run at (0,0) width 3: " "
            RenderTableCell {TD} at (298,144) size 8x12 [bgcolor=#8DB7B6] [r=12 c=38 rs=1 cs=1]
              RenderInline {FONT} at (0,0) size 3x12
                RenderText {#text} at (0,0) size 3x12
                  text run at (0,0) width 3: " "
            RenderTableCell {TD} at (305,144) size 9x12 [bgcolor=#589594] [r=12 c=39 rs=1 cs=1]
              RenderInline {FONT} at (0,0) size 3x12
                RenderText {#text} at (0,0) size 3x12
                  text run at (0,0) width 3: " "
            RenderTableCell {TD} at (313,144) size 9x12 [bgcolor=#338686] [r=12 c=40 rs=1 cs=1]
              RenderInline {FONT} at (0,0) size 3x12
                RenderText {#text} at (0,0) size 3x12
                  text run at (0,0) width 3: " "
            RenderTableCell {TD} at (321,144) size 9x12 [bgcolor=#287A7A] [r=12 c=41 rs=1 cs=1]
              RenderInline {FONT} at (0,0) size 3x12
                RenderText {#text} at (0,0) size 3x12
                  text run at (0,0) width 3: " "
            RenderTableCell {TD} at (329,144) size 9x12 [bgcolor=#1E7A79] [r=12 c=42 rs=1 cs=1]
              RenderInline {FONT} at (0,0) size 3x12
                RenderText {#text} at (0,0) size 3x12
                  text run at (0,0) width 3: " "
            RenderTableCell {TD} at (337,144) size 9x12 [bgcolor=#1A5C5C] [r=12 c=43 rs=1 cs=1]
              RenderInline {FONT} at (0,0) size 3x12
                RenderText {#text} at (0,0) size 3x12
                  text run at (0,0) width 3: " "
            RenderTableCell {TD} at (345,144) size 8x12 [bgcolor=#044F4F] [r=12 c=44 rs=1 cs=1]
              RenderInline {FONT} at (0,0) size 3x12
                RenderText {#text} at (0,0) size 3x12
                  text run at (0,0) width 3: " "
            RenderTableCell {TD} at (352,144) size 9x12 [bgcolor=#044F4F] [r=12 c=45 rs=1 cs=1]
              RenderInline {FONT} at (0,0) size 3x12
                RenderText {#text} at (0,0) size 3x12
                  text run at (0,0) width 3: " "
            RenderTableCell {TD} at (360,144) size 9x12 [bgcolor=#026766] [r=12 c=46 rs=1 cs=1]
              RenderInline {FONT} at (0,0) size 3x12
                RenderText {#text} at (0,0) size 3x12
                  text run at (0,0) width 3: " "
            RenderTableCell {TD} at (368,144) size 9x12 [bgcolor=#1A6B6A] [r=12 c=47 rs=1 cs=1]
              RenderInline {FONT} at (0,0) size 3x12
                RenderText {#text} at (0,0) size 3x12
                  text run at (0,0) width 3: " "
            RenderTableCell {TD} at (376,144) size 9x12 [bgcolor=#B6D0D1] [r=12 c=48 rs=1 cs=1]
              RenderInline {FONT} at (0,0) size 3x12
                RenderText {#text} at (0,0) size 3x12
                  text run at (0,0) width 3: " "
            RenderTableCell {TD} at (384,144) size 9x12 [bgcolor=#FDFDFB] [r=12 c=49 rs=1 cs=1]
              RenderInline {FONT} at (0,0) size 3x12
                RenderText {#text} at (0,0) size 3x12
                  text run at (0,0) width 3: " "
            RenderTableCell {TD} at (392,144) size 9x12 [bgcolor=#A5A6A6] [r=12 c=50 rs=1 cs=1]
              RenderInline {FONT} at (0,0) size 3x12
                RenderText {#text} at (0,0) size 3x12
                  text run at (0,0) width 3: " "
            RenderTableCell {TD} at (400,144) size 8x12 [bgcolor=#072323] [r=12 c=51 rs=1 cs=1]
              RenderInline {FONT} at (0,0) size 3x12
                RenderText {#text} at (0,0) size 3x12
                  text run at (0,0) width 3: " "
            RenderTableCell {TD} at (407,144) size 9x12 [bgcolor=#3D4242] [r=12 c=52 rs=1 cs=1]
              RenderInline {FONT} at (0,0) size 3x12
                RenderText {#text} at (0,0) size 3x12
                  text run at (0,0) width 3: " "
            RenderTableCell {TD} at (415,144) size 9x12 [bgcolor=#696A69] [r=12 c=53 rs=1 cs=1]
              RenderInline {FONT} at (0,0) size 3x12
                RenderText {#text} at (0,0) size 3x12
                  text run at (0,0) width 3: " "
            RenderTableCell {TD} at (423,144) size 9x12 [bgcolor=#848788] [r=12 c=54 rs=1 cs=1]
              RenderInline {FONT} at (0,0) size 3x12
                RenderText {#text} at (0,0) size 3x12
                  text run at (0,0) width 3: " "
            RenderTableCell {TD} at (431,144) size 9x12 [bgcolor=#939494] [r=12 c=55 rs=1 cs=1]
              RenderInline {FONT} at (0,0) size 3x12
                RenderText {#text} at (0,0) size 3x12
                  text run at (0,0) width 3: " "
            RenderTableCell {TD} at (439,144) size 9x12 [bgcolor=#B4B4B4] [r=12 c=56 rs=1 cs=1]
              RenderInline {FONT} at (0,0) size 3x12
                RenderText {#text} at (0,0) size 3x12
                  text run at (0,0) width 3: " "
            RenderTableCell {TD} at (447,144) size 8x12 [bgcolor=#FDFDFB] [r=12 c=57 rs=1 cs=1]
              RenderInline {FONT} at (0,0) size 3x12
                RenderText {#text} at (0,0) size 3x12
                  text run at (0,0) width 3: " "
            RenderTableCell {TD} at (454,144) size 9x12 [bgcolor=#FDFDFB] [r=12 c=58 rs=1 cs=1]
              RenderInline {FONT} at (0,0) size 3x12
                RenderText {#text} at (0,0) size 3x12
                  text run at (0,0) width 3: " "
            RenderTableCell {TD} at (462,144) size 9x12 [bgcolor=#2D3433] [r=12 c=59 rs=1 cs=1]
              RenderInline {FONT} at (0,0) size 3x12
                RenderText {#text} at (0,0) size 3x12
                  text run at (0,0) width 3: " "
            RenderTableCell {TD} at (470,144) size 9x12 [bgcolor=#1E7A79] [r=12 c=60 rs=1 cs=1]
              RenderInline {FONT} at (0,0) size 3x12
                RenderText {#text} at (0,0) size 3x12
                  text run at (0,0) width 3: " "
            RenderTableCell {TD} at (478,144) size 9x12 [bgcolor=#66BABC] [r=12 c=61 rs=1 cs=1]
              RenderInline {FONT} at (0,0) size 3x12
                RenderText {#text} at (0,0) size 3x12
                  text run at (0,0) width 3: " "
            RenderTableCell {TD} at (486,144) size 9x12 [bgcolor=#FDFDFB] [r=12 c=62 rs=1 cs=1]
              RenderInline {FONT} at (0,0) size 3x12
                RenderText {#text} at (0,0) size 3x12
                  text run at (0,0) width 3: " "
            RenderTableCell {TD} at (494,144) size 8x12 [bgcolor=#DEDFDF] [r=12 c=63 rs=1 cs=1]
              RenderInline {FONT} at (0,0) size 3x12
                RenderText {#text} at (0,0) size 3x12
                  text run at (0,0) width 3: " "
            RenderTableCell {TD} at (502,144) size 8x12 [bgcolor=#072323] [r=12 c=64 rs=1 cs=1]
              RenderInline {FONT} at (0,0) size 3x12
                RenderText {#text} at (0,0) size 3x12
                  text run at (0,0) width 3: " "
            RenderTableCell {TD} at (509,144) size 9x12 [bgcolor=#025E5E] [r=12 c=65 rs=1 cs=1]
              RenderInline {FONT} at (0,0) size 3x12
                RenderText {#text} at (0,0) size 3x12
                  text run at (0,0) width 3: " "
            RenderTableCell {TD} at (517,144) size 9x12 [bgcolor=#026766] [r=12 c=66 rs=1 cs=1]
              RenderInline {FONT} at (0,0) size 3x12
                RenderText {#text} at (0,0) size 3x12
                  text run at (0,0) width 3: " "
            RenderTableCell {TD} at (525,144) size 9x12 [bgcolor=#026766] [r=12 c=67 rs=1 cs=1]
              RenderInline {FONT} at (0,0) size 3x12
                RenderText {#text} at (0,0) size 3x12
                  text run at (0,0) width 3: " "
            RenderTableCell {TD} at (533,144) size 9x12 [bgcolor=#026766] [r=12 c=68 rs=1 cs=1]
              RenderInline {FONT} at (0,0) size 3x12
                RenderText {#text} at (0,0) size 3x12
                  text run at (0,0) width 3: " "
            RenderTableCell {TD} at (541,144) size 9x12 [bgcolor=#026766] [r=12 c=69 rs=1 cs=1]
              RenderInline {FONT} at (0,0) size 3x12
                RenderText {#text} at (0,0) size 3x12
                  text run at (0,0) width 3: " "
            RenderTableCell {TD} at (549,144) size 8x12 [bgcolor=#287A7A] [r=12 c=70 rs=1 cs=1]
              RenderInline {FONT} at (0,0) size 3x12
                RenderText {#text} at (0,0) size 3x12
                  text run at (0,0) width 3: " "
            RenderTableCell {TD} at (556,144) size 9x12 [bgcolor=#EDEEEF] [r=12 c=71 rs=1 cs=1]
              RenderInline {FONT} at (0,0) size 3x12
                RenderText {#text} at (0,0) size 3x12
                  text run at (0,0) width 3: " "
            RenderTableCell {TD} at (564,144) size 9x12 [bgcolor=#FDFDFB] [r=12 c=72 rs=1 cs=1]
              RenderInline {FONT} at (0,0) size 3x12
                RenderText {#text} at (0,0) size 3x12
                  text run at (0,0) width 3: " "
            RenderTableCell {TD} at (572,144) size 9x12 [bgcolor=#4D4F4F] [r=12 c=73 rs=1 cs=1]
              RenderInline {FONT} at (0,0) size 3x12
                RenderText {#text} at (0,0) size 3x12
                  text run at (0,0) width 3: " "
            RenderTableCell {TD} at (580,144) size 9x12 [bgcolor=#5E5F60] [r=12 c=74 rs=1 cs=1]
              RenderInline {FONT} at (0,0) size 3x12
                RenderText {#text} at (0,0) size 3x12
                  text run at (0,0) width 3: " "
            RenderTableCell {TD} at (588,144) size 9x12 [bgcolor=#91A3A3] [r=12 c=75 rs=1 cs=1]
              RenderInline {FONT} at (0,0) size 3x12
                RenderText {#text} at (0,0) size 3x12
                  text run at (0,0) width 3: " "
            RenderTableCell {TD} at (596,144) size 8x12 [bgcolor=#FDFDFB] [r=12 c=76 rs=1 cs=1]
              RenderInline {FONT} at (0,0) size 3x12
                RenderText {#text} at (0,0) size 3x12
                  text run at (0,0) width 3: " "
            RenderTableCell {TD} at (603,144) size 9x12 [bgcolor=#DEDFDF] [r=12 c=77 rs=1 cs=1]
              RenderInline {FONT} at (0,0) size 3x12
                RenderText {#text} at (0,0) size 3x12
                  text run at (0,0) width 3: " "
            RenderTableCell {TD} at (611,144) size 9x12 [bgcolor=#3D4242] [r=12 c=78 rs=1 cs=1]
              RenderInline {FONT} at (0,0) size 3x12
                RenderText {#text} at (0,0) size 3x12
                  text run at (0,0) width 3: " "
            RenderTableCell {TD} at (619,144) size 9x12 [bgcolor=#025E5E] [r=12 c=79 rs=1 cs=1]
              RenderInline {FONT} at (0,0) size 3x12
                RenderText {#text} at (0,0) size 3x12
                  text run at (0,0) width 3: " "
            RenderTableCell {TD} at (627,144) size 9x12 [bgcolor=#026766] [r=12 c=80 rs=1 cs=1]
              RenderInline {FONT} at (0,0) size 3x12
                RenderText {#text} at (0,0) size 3x12
                  text run at (0,0) width 3: " "
            RenderTableCell {TD} at (635,144) size 9x12 [bgcolor=#026766] [r=12 c=81 rs=1 cs=1]
              RenderInline {FONT} at (0,0) size 3x12
                RenderText {#text} at (0,0) size 3x12
                  text run at (0,0) width 3: " "
            RenderTableCell {TD} at (643,144) size 9x12 [bgcolor=#026766] [r=12 c=82 rs=1 cs=1]
              RenderInline {FONT} at (0,0) size 3x12
                RenderText {#text} at (0,0) size 3x12
                  text run at (0,0) width 3: " "
            RenderTableCell {TD} at (651,144) size 8x12 [bgcolor=#026766] [r=12 c=83 rs=1 cs=1]
              RenderInline {FONT} at (0,0) size 3x12
                RenderText {#text} at (0,0) size 3x12
                  text run at (0,0) width 3: " "
            RenderTableCell {TD} at (658,144) size 9x12 [bgcolor=#026766] [r=12 c=84 rs=1 cs=1]
              RenderInline {FONT} at (0,0) size 3x12
                RenderText {#text} at (0,0) size 3x12
                  text run at (0,0) width 3: " "
            RenderTableCell {TD} at (666,144) size 9x12 [bgcolor=#7CAEAF] [r=12 c=85 rs=1 cs=1]
              RenderInline {FONT} at (0,0) size 3x12
                RenderText {#text} at (0,0) size 3x12
                  text run at (0,0) width 3: " "
            RenderTableCell {TD} at (674,144) size 9x12 [bgcolor=#FDFDFB] [r=12 c=86 rs=1 cs=1]
              RenderInline {FONT} at (0,0) size 3x12
                RenderText {#text} at (0,0) size 3x12
                  text run at (0,0) width 3: " "
            RenderTableCell {TD} at (682,144) size 9x12 [bgcolor=#BEC2C2] [r=12 c=87 rs=1 cs=1]
              RenderInline {FONT} at (0,0) size 3x12
                RenderText {#text} at (0,0) size 3x12
                  text run at (0,0) width 3: " "
            RenderTableCell {TD} at (690,144) size 9x12 [bgcolor=#1A5C5C] [r=12 c=88 rs=1 cs=1]
              RenderInline {FONT} at (0,0) size 3x12
                RenderText {#text} at (0,0) size 3x12
                  text run at (0,0) width 3: " "
            RenderTableCell {TD} at (698,144) size 8x12 [bgcolor=#026766] [r=12 c=89 rs=1 cs=1]
              RenderInline {FONT} at (0,0) size 3x12
                RenderText {#text} at (0,0) size 3x12
                  text run at (0,0) width 3: " "
            RenderTableCell {TD} at (705,144) size 9x12 [bgcolor=#338686] [r=12 c=90 rs=1 cs=1]
              RenderInline {FONT} at (0,0) size 3x12
                RenderText {#text} at (0,0) size 3x12
                  text run at (0,0) width 3: " "
            RenderTableCell {TD} at (713,144) size 9x12 [bgcolor=#EDEEEF] [r=12 c=91 rs=1 cs=1]
              RenderInline {FONT} at (0,0) size 3x12
                RenderText {#text} at (0,0) size 3x12
                  text run at (0,0) width 3: " "
            RenderTableCell {TD} at (721,144) size 9x12 [bgcolor=#FDFDFB] [r=12 c=92 rs=1 cs=1]
              RenderInline {FONT} at (0,0) size 3x12
                RenderText {#text} at (0,0) size 3x12
                  text run at (0,0) width 3: " "
            RenderTableCell {TD} at (729,144) size 9x12 [bgcolor=#2D3433] [r=12 c=93 rs=1 cs=1]
              RenderInline {FONT} at (0,0) size 3x12
                RenderText {#text} at (0,0) size 3x12
                  text run at (0,0) width 3: " "
            RenderTableCell {TD} at (737,144) size 9x12 [bgcolor=#223C3D] [r=12 c=94 rs=1 cs=1]
              RenderInline {FONT} at (0,0) size 3x12
                RenderText {#text} at (0,0) size 3x12
                  text run at (0,0) width 3: " "
            RenderTableCell {TD} at (745,144) size 8x12 [bgcolor=#5E5F60] [r=12 c=95 rs=1 cs=1]
              RenderInline {FONT} at (0,0) size 3x12
                RenderText {#text} at (0,0) size 3x12
                  text run at (0,0) width 3: " "
            RenderTableCell {TD} at (753,144) size 8x12 [bgcolor=#777878] [r=12 c=96 rs=1 cs=1]
              RenderInline {FONT} at (0,0) size 3x12
                RenderText {#text} at (0,0) size 3x12
                  text run at (0,0) width 3: " "
            RenderTableCell {TD} at (760,144) size 9x12 [bgcolor=#848788] [r=12 c=97 rs=1 cs=1]
              RenderInline {FONT} at (0,0) size 3x12
                RenderText {#text} at (0,0) size 3x12
                  text run at (0,0) width 3: " "
            RenderTableCell {TD} at (768,144) size 9x12 [bgcolor=#777878] [r=12 c=98 rs=1 cs=1]
              RenderInline {FONT} at (0,0) size 3x12
                RenderText {#text} at (0,0) size 3x12
                  text run at (0,0) width 3: " "
            RenderTableCell {TD} at (776,144) size 9x12 [bgcolor=#4D4F4F] [r=12 c=99 rs=1 cs=1]
              RenderInline {FONT} at (0,0) size 3x12
                RenderText {#text} at (0,0) size 3x12
                  text run at (0,0) width 3: " "
          RenderTableRow {TR} at (0,156) size 784x12
            RenderTableCell {TD} at (0,156) size 8x12 [bgcolor=#97C1C0] [r=13 c=0 rs=1 cs=1]
              RenderInline {FONT} at (0,0) size 3x12
                RenderText {#text} at (0,0) size 3x12
                  text run at (0,0) width 3: " "
            RenderTableCell {TD} at (7,156) size 9x12 [bgcolor=#027777] [r=13 c=1 rs=1 cs=1]
              RenderInline {FONT} at (0,0) size 3x12
                RenderText {#text} at (0,0) size 3x12
                  text run at (0,0) width 3: " "
            RenderTableCell {TD} at (15,156) size 9x12 [bgcolor=#027777] [r=13 c=2 rs=1 cs=1]
              RenderInline {FONT} at (0,0) size 3x12
                RenderText {#text} at (0,0) size 3x12
                  text run at (0,0) width 3: " "
            RenderTableCell {TD} at (23,156) size 9x12 [bgcolor=#447877] [r=13 c=3 rs=1 cs=1]
              RenderInline {FONT} at (0,0) size 3x12
                RenderText {#text} at (0,0) size 3x12
                  text run at (0,0) width 3: " "
            RenderTableCell {TD} at (31,156) size 9x12 [bgcolor=#939494] [r=13 c=4 rs=1 cs=1]
              RenderInline {FONT} at (0,0) size 3x12
                RenderText {#text} at (0,0) size 3x12
                  text run at (0,0) width 3: " "
            RenderTableCell {TD} at (39,156) size 9x12 [bgcolor=#CECFCF] [r=13 c=5 rs=1 cs=1]
              RenderInline {FONT} at (0,0) size 3x12
                RenderText {#text} at (0,0) size 3x12
                  text run at (0,0) width 3: " "
            RenderTableCell {TD} at (47,156) size 8x12 [bgcolor=#EDEEEF] [r=13 c=6 rs=1 cs=1]
              RenderInline {FONT} at (0,0) size 3x12
                RenderText {#text} at (0,0) size 3x12
                  text run at (0,0) width 3: " "
            RenderTableCell {TD} at (54,156) size 9x12 [bgcolor=#FDFDFB] [r=13 c=7 rs=1 cs=1]
              RenderInline {FONT} at (0,0) size 3x12
                RenderText {#text} at (0,0) size 3x12
                  text run at (0,0) width 3: " "
            RenderTableCell {TD} at (62,156) size 9x12 [bgcolor=#E0EAE9] [r=13 c=8 rs=1 cs=1]
              RenderInline {FONT} at (0,0) size 3x12
                RenderText {#text} at (0,0) size 3x12
                  text run at (0,0) width 3: " "
            RenderTableCell {TD} at (70,156) size 9x12 [bgcolor=#CADEDD] [r=13 c=9 rs=1 cs=1]
              RenderInline {FONT} at (0,0) size 3x12
                RenderText {#text} at (0,0) size 3x12
                  text run at (0,0) width 3: " "
            RenderTableCell {TD} at (78,156) size 9x12 [bgcolor=#B6D0D1] [r=13 c=10 rs=1 cs=1]
              RenderInline {FONT} at (0,0) size 3x12
                RenderText {#text} at (0,0) size 3x12
                  text run at (0,0) width 3: " "
            RenderTableCell {TD} at (86,156) size 9x12 [bgcolor=#7CAEAF] [r=13 c=11 rs=1 cs=1]
              RenderInline {FONT} at (0,0) size 3x12
                RenderText {#text} at (0,0) size 3x12
                  text run at (0,0) width 3: " "
            RenderTableCell {TD} at (94,156) size 8x12 [bgcolor=#1A6B6A] [r=13 c=12 rs=1 cs=1]
              RenderInline {FONT} at (0,0) size 3x12
                RenderText {#text} at (0,0) size 3x12
                  text run at (0,0) width 3: " "
            RenderTableCell {TD} at (101,156) size 9x12 [bgcolor=#044140] [r=13 c=13 rs=1 cs=1]
              RenderInline {FONT} at (0,0) size 3x12
                RenderText {#text} at (0,0) size 3x12
                  text run at (0,0) width 3: " "
            RenderTableCell {TD} at (109,156) size 9x12 [bgcolor=#223C3D] [r=13 c=14 rs=1 cs=1]
              RenderInline {FONT} at (0,0) size 3x12
                RenderText {#text} at (0,0) size 3x12
                  text run at (0,0) width 3: " "
            RenderTableCell {TD} at (117,156) size 9x12 [bgcolor=#848788] [r=13 c=15 rs=1 cs=1]
              RenderInline {FONT} at (0,0) size 3x12
                RenderText {#text} at (0,0) size 3x12
                  text run at (0,0) width 3: " "
            RenderTableCell {TD} at (125,156) size 9x12 [bgcolor=#FDFDFB] [r=13 c=16 rs=1 cs=1]
              RenderInline {FONT} at (0,0) size 3x12
                RenderText {#text} at (0,0) size 3x12
                  text run at (0,0) width 3: " "
            RenderTableCell {TD} at (133,156) size 9x12 [bgcolor=#FDFDFB] [r=13 c=17 rs=1 cs=1]
              RenderInline {FONT} at (0,0) size 3x12
                RenderText {#text} at (0,0) size 3x12
                  text run at (0,0) width 3: " "
            RenderTableCell {TD} at (141,156) size 9x12 [bgcolor=#2D3433] [r=13 c=18 rs=1 cs=1]
              RenderInline {FONT} at (0,0) size 3x12
                RenderText {#text} at (0,0) size 3x12
                  text run at (0,0) width 3: " "
            RenderTableCell {TD} at (149,156) size 8x12 [bgcolor=#1E7A79] [r=13 c=19 rs=1 cs=1]
              RenderInline {FONT} at (0,0) size 3x12
                RenderText {#text} at (0,0) size 3x12
                  text run at (0,0) width 3: " "
            RenderTableCell {TD} at (156,156) size 9x12 [bgcolor=#027777] [r=13 c=20 rs=1 cs=1]
              RenderInline {FONT} at (0,0) size 3x12
                RenderText {#text} at (0,0) size 3x12
                  text run at (0,0) width 3: " "
            RenderTableCell {TD} at (164,156) size 9x12 [bgcolor=#338686] [r=13 c=21 rs=1 cs=1]
              RenderInline {FONT} at (0,0) size 3x12
                RenderText {#text} at (0,0) size 3x12
                  text run at (0,0) width 3: " "
            RenderTableCell {TD} at (172,156) size 9x12 [bgcolor=#97C1C0] [r=13 c=22 rs=1 cs=1]
              RenderInline {FONT} at (0,0) size 3x12
                RenderText {#text} at (0,0) size 3x12
                  text run at (0,0) width 3: " "
            RenderTableCell {TD} at (180,156) size 9x12 [bgcolor=#CADEDD] [r=13 c=23 rs=1 cs=1]
              RenderInline {FONT} at (0,0) size 3x12
                RenderText {#text} at (0,0) size 3x12
                  text run at (0,0) width 3: " "
            RenderTableCell {TD} at (188,156) size 9x12 [bgcolor=#E0EAE9] [r=13 c=24 rs=1 cs=1]
              RenderInline {FONT} at (0,0) size 3x12
                RenderText {#text} at (0,0) size 3x12
                  text run at (0,0) width 3: " "
            RenderTableCell {TD} at (196,156) size 8x12 [bgcolor=#E0EAE9] [r=13 c=25 rs=1 cs=1]
              RenderInline {FONT} at (0,0) size 3x12
                RenderText {#text} at (0,0) size 3x12
                  text run at (0,0) width 3: " "
            RenderTableCell {TD} at (203,156) size 9x12 [bgcolor=#DEDFDF] [r=13 c=26 rs=1 cs=1]
              RenderInline {FONT} at (0,0) size 3x12
                RenderText {#text} at (0,0) size 3x12
                  text run at (0,0) width 3: " "
            RenderTableCell {TD} at (211,156) size 9x12 [bgcolor=#CECFCF] [r=13 c=27 rs=1 cs=1]
              RenderInline {FONT} at (0,0) size 3x12
                RenderText {#text} at (0,0) size 3x12
                  text run at (0,0) width 3: " "
            RenderTableCell {TD} at (219,156) size 9x12 [bgcolor=#B4B4B4] [r=13 c=28 rs=1 cs=1]
              RenderInline {FONT} at (0,0) size 3x12
                RenderText {#text} at (0,0) size 3x12
                  text run at (0,0) width 3: " "
            RenderTableCell {TD} at (227,156) size 9x12 [bgcolor=#CECFCF] [r=13 c=29 rs=1 cs=1]
              RenderInline {FONT} at (0,0) size 3x12
                RenderText {#text} at (0,0) size 3x12
                  text run at (0,0) width 3: " "
            RenderTableCell {TD} at (235,156) size 9x12 [bgcolor=#FDFDFB] [r=13 c=30 rs=1 cs=1]
              RenderInline {FONT} at (0,0) size 3x12
                RenderText {#text} at (0,0) size 3x12
                  text run at (0,0) width 3: " "
            RenderTableCell {TD} at (243,156) size 8x12 [bgcolor=#B4B4B4] [r=13 c=31 rs=1 cs=1]
              RenderInline {FONT} at (0,0) size 3x12
                RenderText {#text} at (0,0) size 3x12
                  text run at (0,0) width 3: " "
            RenderTableCell {TD} at (251,156) size 8x12 [bgcolor=#072323] [r=13 c=32 rs=1 cs=1]
              RenderInline {FONT} at (0,0) size 3x12
                RenderText {#text} at (0,0) size 3x12
                  text run at (0,0) width 3: " "
            RenderTableCell {TD} at (258,156) size 9x12 [bgcolor=#4D4F4F] [r=13 c=33 rs=1 cs=1]
              RenderInline {FONT} at (0,0) size 3x12
                RenderText {#text} at (0,0) size 3x12
                  text run at (0,0) width 3: " "
            RenderTableCell {TD} at (266,156) size 9x12 [bgcolor=#696A69] [r=13 c=34 rs=1 cs=1]
              RenderInline {FONT} at (0,0) size 3x12
                RenderText {#text} at (0,0) size 3x12
                  text run at (0,0) width 3: " "
            RenderTableCell {TD} at (274,156) size 9x12 [bgcolor=#848788] [r=13 c=35 rs=1 cs=1]
              RenderInline {FONT} at (0,0) size 3x12
                RenderText {#text} at (0,0) size 3x12
                  text run at (0,0) width 3: " "
            RenderTableCell {TD} at (282,156) size 9x12 [bgcolor=#7B918F] [r=13 c=36 rs=1 cs=1]
              RenderInline {FONT} at (0,0) size 3x12
                RenderText {#text} at (0,0) size 3x12
                  text run at (0,0) width 3: " "
            RenderTableCell {TD} at (290,156) size 9x12 [bgcolor=#B4B4B4] [r=13 c=37 rs=1 cs=1]
              RenderInline {FONT} at (0,0) size 3x12
                RenderText {#text} at (0,0) size 3x12
                  text run at (0,0) width 3: " "
            RenderTableCell {TD} at (298,156) size 8x12 [bgcolor=#DEDFDF] [r=13 c=38 rs=1 cs=1]
              RenderInline {FONT} at (0,0) size 3x12
                RenderText {#text} at (0,0) size 3x12
                  text run at (0,0) width 3: " "
            RenderTableCell {TD} at (305,156) size 9x12 [bgcolor=#FDFDFB] [r=13 c=39 rs=1 cs=1]
              RenderInline {FONT} at (0,0) size 3x12
                RenderText {#text} at (0,0) size 3x12
                  text run at (0,0) width 3: " "
            RenderTableCell {TD} at (313,156) size 9x12 [bgcolor=#EDEEEF] [r=13 c=40 rs=1 cs=1]
              RenderInline {FONT} at (0,0) size 3x12
                RenderText {#text} at (0,0) size 3x12
                  text run at (0,0) width 3: " "
            RenderTableCell {TD} at (321,156) size 9x12 [bgcolor=#E0EAE9] [r=13 c=41 rs=1 cs=1]
              RenderInline {FONT} at (0,0) size 3x12
                RenderText {#text} at (0,0) size 3x12
                  text run at (0,0) width 3: " "
            RenderTableCell {TD} at (329,156) size 9x12 [bgcolor=#CADEDD] [r=13 c=42 rs=1 cs=1]
              RenderInline {FONT} at (0,0) size 3x12
                RenderText {#text} at (0,0) size 3x12
                  text run at (0,0) width 3: " "
            RenderTableCell {TD} at (337,156) size 9x12 [bgcolor=#97C1C0] [r=13 c=43 rs=1 cs=1]
              RenderInline {FONT} at (0,0) size 3x12
                RenderText {#text} at (0,0) size 3x12
                  text run at (0,0) width 3: " "
            RenderTableCell {TD} at (345,156) size 8x12 [bgcolor=#469191] [r=13 c=44 rs=1 cs=1]
              RenderInline {FONT} at (0,0) size 3x12
                RenderText {#text} at (0,0) size 3x12
                  text run at (0,0) width 3: " "
            RenderTableCell {TD} at (352,156) size 9x12 [bgcolor=#026766] [r=13 c=45 rs=1 cs=1]
              RenderInline {FONT} at (0,0) size 3x12
                RenderText {#text} at (0,0) size 3x12
                  text run at (0,0) width 3: " "
            RenderTableCell {TD} at (360,156) size 9x12 [bgcolor=#026766] [r=13 c=46 rs=1 cs=1]
              RenderInline {FONT} at (0,0) size 3x12
                RenderText {#text} at (0,0) size 3x12
                  text run at (0,0) width 3: " "
            RenderTableCell {TD} at (368,156) size 9x12 [bgcolor=#1A6B6A] [r=13 c=47 rs=1 cs=1]
              RenderInline {FONT} at (0,0) size 3x12
                RenderText {#text} at (0,0) size 3x12
                  text run at (0,0) width 3: " "
            RenderTableCell {TD} at (376,156) size 9x12 [bgcolor=#B6D0D1] [r=13 c=48 rs=1 cs=1]
              RenderInline {FONT} at (0,0) size 3x12
                RenderText {#text} at (0,0) size 3x12
                  text run at (0,0) width 3: " "
            RenderTableCell {TD} at (384,156) size 9x12 [bgcolor=#FDFDFB] [r=13 c=49 rs=1 cs=1]
              RenderInline {FONT} at (0,0) size 3x12
                RenderText {#text} at (0,0) size 3x12
                  text run at (0,0) width 3: " "
            RenderTableCell {TD} at (392,156) size 9x12 [bgcolor=#848788] [r=13 c=50 rs=1 cs=1]
              RenderInline {FONT} at (0,0) size 3x12
                RenderText {#text} at (0,0) size 3x12
                  text run at (0,0) width 3: " "
            RenderTableCell {TD} at (400,156) size 8x12 [bgcolor=#072323] [r=13 c=51 rs=1 cs=1]
              RenderInline {FONT} at (0,0) size 3x12
                RenderText {#text} at (0,0) size 3x12
                  text run at (0,0) width 3: " "
            RenderTableCell {TD} at (407,156) size 9x12 [bgcolor=#3D4242] [r=13 c=52 rs=1 cs=1]
              RenderInline {FONT} at (0,0) size 3x12
                RenderText {#text} at (0,0) size 3x12
                  text run at (0,0) width 3: " "
            RenderTableCell {TD} at (415,156) size 9x12 [bgcolor=#696A69] [r=13 c=53 rs=1 cs=1]
              RenderInline {FONT} at (0,0) size 3x12
                RenderText {#text} at (0,0) size 3x12
                  text run at (0,0) width 3: " "
            RenderTableCell {TD} at (423,156) size 9x12 [bgcolor=#848788] [r=13 c=54 rs=1 cs=1]
              RenderInline {FONT} at (0,0) size 3x12
                RenderText {#text} at (0,0) size 3x12
                  text run at (0,0) width 3: " "
            RenderTableCell {TD} at (431,156) size 9x12 [bgcolor=#939494] [r=13 c=55 rs=1 cs=1]
              RenderInline {FONT} at (0,0) size 3x12
                RenderText {#text} at (0,0) size 3x12
                  text run at (0,0) width 3: " "
            RenderTableCell {TD} at (439,156) size 9x12 [bgcolor=#B4B4B4] [r=13 c=56 rs=1 cs=1]
              RenderInline {FONT} at (0,0) size 3x12
                RenderText {#text} at (0,0) size 3x12
                  text run at (0,0) width 3: " "
            RenderTableCell {TD} at (447,156) size 8x12 [bgcolor=#FDFDFB] [r=13 c=57 rs=1 cs=1]
              RenderInline {FONT} at (0,0) size 3x12
                RenderText {#text} at (0,0) size 3x12
                  text run at (0,0) width 3: " "
            RenderTableCell {TD} at (454,156) size 9x12 [bgcolor=#FDFDFB] [r=13 c=58 rs=1 cs=1]
              RenderInline {FONT} at (0,0) size 3x12
                RenderText {#text} at (0,0) size 3x12
                  text run at (0,0) width 3: " "
            RenderTableCell {TD} at (462,156) size 9x12 [bgcolor=#2D3433] [r=13 c=59 rs=1 cs=1]
              RenderInline {FONT} at (0,0) size 3x12
                RenderText {#text} at (0,0) size 3x12
                  text run at (0,0) width 3: " "
            RenderTableCell {TD} at (470,156) size 9x12 [bgcolor=#1E7A79] [r=13 c=60 rs=1 cs=1]
              RenderInline {FONT} at (0,0) size 3x12
                RenderText {#text} at (0,0) size 3x12
                  text run at (0,0) width 3: " "
            RenderTableCell {TD} at (478,156) size 9x12 [bgcolor=#7DBAB9] [r=13 c=61 rs=1 cs=1]
              RenderInline {FONT} at (0,0) size 3x12
                RenderText {#text} at (0,0) size 3x12
                  text run at (0,0) width 3: " "
            RenderTableCell {TD} at (486,156) size 9x12 [bgcolor=#FDFDFB] [r=13 c=62 rs=1 cs=1]
              RenderInline {FONT} at (0,0) size 3x12
                RenderText {#text} at (0,0) size 3x12
                  text run at (0,0) width 3: " "
            RenderTableCell {TD} at (494,156) size 8x12 [bgcolor=#BEC2C2] [r=13 c=63 rs=1 cs=1]
              RenderInline {FONT} at (0,0) size 3x12
                RenderText {#text} at (0,0) size 3x12
                  text run at (0,0) width 3: " "
            RenderTableCell {TD} at (502,156) size 8x12 [bgcolor=#083131] [r=13 c=64 rs=1 cs=1]
              RenderInline {FONT} at (0,0) size 3x12
                RenderText {#text} at (0,0) size 3x12
                  text run at (0,0) width 3: " "
            RenderTableCell {TD} at (509,156) size 9x12 [bgcolor=#026766] [r=13 c=65 rs=1 cs=1]
              RenderInline {FONT} at (0,0) size 3x12
                RenderText {#text} at (0,0) size 3x12
                  text run at (0,0) width 3: " "
            RenderTableCell {TD} at (517,156) size 9x12 [bgcolor=#026766] [r=13 c=66 rs=1 cs=1]
              RenderInline {FONT} at (0,0) size 3x12
                RenderText {#text} at (0,0) size 3x12
                  text run at (0,0) width 3: " "
            RenderTableCell {TD} at (525,156) size 9x12 [bgcolor=#026766] [r=13 c=67 rs=1 cs=1]
              RenderInline {FONT} at (0,0) size 3x12
                RenderText {#text} at (0,0) size 3x12
                  text run at (0,0) width 3: " "
            RenderTableCell {TD} at (533,156) size 9x12 [bgcolor=#026766] [r=13 c=68 rs=1 cs=1]
              RenderInline {FONT} at (0,0) size 3x12
                RenderText {#text} at (0,0) size 3x12
                  text run at (0,0) width 3: " "
            RenderTableCell {TD} at (541,156) size 9x12 [bgcolor=#026766] [r=13 c=69 rs=1 cs=1]
              RenderInline {FONT} at (0,0) size 3x12
                RenderText {#text} at (0,0) size 3x12
                  text run at (0,0) width 3: " "
            RenderTableCell {TD} at (549,156) size 8x12 [bgcolor=#1E7A79] [r=13 c=70 rs=1 cs=1]
              RenderInline {FONT} at (0,0) size 3x12
                RenderText {#text} at (0,0) size 3x12
                  text run at (0,0) width 3: " "
            RenderTableCell {TD} at (556,156) size 9x12 [bgcolor=#E0EAE9] [r=13 c=71 rs=1 cs=1]
              RenderInline {FONT} at (0,0) size 3x12
                RenderText {#text} at (0,0) size 3x12
                  text run at (0,0) width 3: " "
            RenderTableCell {TD} at (564,156) size 9x12 [bgcolor=#FDFDFB] [r=13 c=72 rs=1 cs=1]
              RenderInline {FONT} at (0,0) size 3x12
                RenderText {#text} at (0,0) size 3x12
                  text run at (0,0) width 3: " "
            RenderTableCell {TD} at (572,156) size 9x12 [bgcolor=#4D4F4F] [r=13 c=73 rs=1 cs=1]
              RenderInline {FONT} at (0,0) size 3x12
                RenderText {#text} at (0,0) size 3x12
                  text run at (0,0) width 3: " "
            RenderTableCell {TD} at (580,156) size 9x12 [bgcolor=#5E5F60] [r=13 c=74 rs=1 cs=1]
              RenderInline {FONT} at (0,0) size 3x12
                RenderText {#text} at (0,0) size 3x12
                  text run at (0,0) width 3: " "
            RenderTableCell {TD} at (588,156) size 9x12 [bgcolor=#B4B4B4] [r=13 c=75 rs=1 cs=1]
              RenderInline {FONT} at (0,0) size 3x12
                RenderText {#text} at (0,0) size 3x12
                  text run at (0,0) width 3: " "
            RenderTableCell {TD} at (596,156) size 8x12 [bgcolor=#FDFDFB] [r=13 c=76 rs=1 cs=1]
              RenderInline {FONT} at (0,0) size 3x12
                RenderText {#text} at (0,0) size 3x12
                  text run at (0,0) width 3: " "
            RenderTableCell {TD} at (603,156) size 9x12 [bgcolor=#BEC2C2] [r=13 c=77 rs=1 cs=1]
              RenderInline {FONT} at (0,0) size 3x12
                RenderText {#text} at (0,0) size 3x12
                  text run at (0,0) width 3: " "
            RenderTableCell {TD} at (611,156) size 9x12 [bgcolor=#274C4D] [r=13 c=78 rs=1 cs=1]
              RenderInline {FONT} at (0,0) size 3x12
                RenderText {#text} at (0,0) size 3x12
                  text run at (0,0) width 3: " "
            RenderTableCell {TD} at (619,156) size 9x12 [bgcolor=#027777] [r=13 c=79 rs=1 cs=1]
              RenderInline {FONT} at (0,0) size 3x12
                RenderText {#text} at (0,0) size 3x12
                  text run at (0,0) width 3: " "
            RenderTableCell {TD} at (627,156) size 9x12 [bgcolor=#026766] [r=13 c=80 rs=1 cs=1]
              RenderInline {FONT} at (0,0) size 3x12
                RenderText {#text} at (0,0) size 3x12
                  text run at (0,0) width 3: " "
            RenderTableCell {TD} at (635,156) size 9x12 [bgcolor=#026766] [r=13 c=81 rs=1 cs=1]
              RenderInline {FONT} at (0,0) size 3x12
                RenderText {#text} at (0,0) size 3x12
                  text run at (0,0) width 3: " "
            RenderTableCell {TD} at (643,156) size 9x12 [bgcolor=#026766] [r=13 c=82 rs=1 cs=1]
              RenderInline {FONT} at (0,0) size 3x12
                RenderText {#text} at (0,0) size 3x12
                  text run at (0,0) width 3: " "
            RenderTableCell {TD} at (651,156) size 8x12 [bgcolor=#026766] [r=13 c=83 rs=1 cs=1]
              RenderInline {FONT} at (0,0) size 3x12
                RenderText {#text} at (0,0) size 3x12
                  text run at (0,0) width 3: " "
            RenderTableCell {TD} at (658,156) size 9x12 [bgcolor=#026766] [r=13 c=84 rs=1 cs=1]
              RenderInline {FONT} at (0,0) size 3x12
                RenderText {#text} at (0,0) size 3x12
                  text run at (0,0) width 3: " "
            RenderTableCell {TD} at (666,156) size 9x12 [bgcolor=#469191] [r=13 c=85 rs=1 cs=1]
              RenderInline {FONT} at (0,0) size 3x12
                RenderText {#text} at (0,0) size 3x12
                  text run at (0,0) width 3: " "
            RenderTableCell {TD} at (674,156) size 9x12 [bgcolor=#FDFDFB] [r=13 c=86 rs=1 cs=1]
              RenderInline {FONT} at (0,0) size 3x12
                RenderText {#text} at (0,0) size 3x12
                  text run at (0,0) width 3: " "
            RenderTableCell {TD} at (682,156) size 9x12 [bgcolor=#DEDFDF] [r=13 c=87 rs=1 cs=1]
              RenderInline {FONT} at (0,0) size 3x12
                RenderText {#text} at (0,0) size 3x12
                  text run at (0,0) width 3: " "
            RenderTableCell {TD} at (690,156) size 9x12 [bgcolor=#274C4D] [r=13 c=88 rs=1 cs=1]
              RenderInline {FONT} at (0,0) size 3x12
                RenderText {#text} at (0,0) size 3x12
                  text run at (0,0) width 3: " "
            RenderTableCell {TD} at (698,156) size 8x12 [bgcolor=#026766] [r=13 c=89 rs=1 cs=1]
              RenderInline {FONT} at (0,0) size 3x12
                RenderText {#text} at (0,0) size 3x12
                  text run at (0,0) width 3: " "
            RenderTableCell {TD} at (705,156) size 9x12 [bgcolor=#338686] [r=13 c=90 rs=1 cs=1]
              RenderInline {FONT} at (0,0) size 3x12
                RenderText {#text} at (0,0) size 3x12
                  text run at (0,0) width 3: " "
            RenderTableCell {TD} at (713,156) size 9x12 [bgcolor=#EDEEEF] [r=13 c=91 rs=1 cs=1]
              RenderInline {FONT} at (0,0) size 3x12
                RenderText {#text} at (0,0) size 3x12
                  text run at (0,0) width 3: " "
            RenderTableCell {TD} at (721,156) size 9x12 [bgcolor=#FDFDFB] [r=13 c=92 rs=1 cs=1]
              RenderInline {FONT} at (0,0) size 3x12
                RenderText {#text} at (0,0) size 3x12
                  text run at (0,0) width 3: " "
            RenderTableCell {TD} at (729,156) size 9x12 [bgcolor=#2D3433] [r=13 c=93 rs=1 cs=1]
              RenderInline {FONT} at (0,0) size 3x12
                RenderText {#text} at (0,0) size 3x12
                  text run at (0,0) width 3: " "
            RenderTableCell {TD} at (737,156) size 9x12 [bgcolor=#223C3D] [r=13 c=94 rs=1 cs=1]
              RenderInline {FONT} at (0,0) size 3x12
                RenderText {#text} at (0,0) size 3x12
                  text run at (0,0) width 3: " "
            RenderTableCell {TD} at (745,156) size 8x12 [bgcolor=#5E5F60] [r=13 c=95 rs=1 cs=1]
              RenderInline {FONT} at (0,0) size 3x12
                RenderText {#text} at (0,0) size 3x12
                  text run at (0,0) width 3: " "
            RenderTableCell {TD} at (753,156) size 8x12 [bgcolor=#777878] [r=13 c=96 rs=1 cs=1]
              RenderInline {FONT} at (0,0) size 3x12
                RenderText {#text} at (0,0) size 3x12
                  text run at (0,0) width 3: " "
            RenderTableCell {TD} at (760,156) size 9x12 [bgcolor=#848788] [r=13 c=97 rs=1 cs=1]
              RenderInline {FONT} at (0,0) size 3x12
                RenderText {#text} at (0,0) size 3x12
                  text run at (0,0) width 3: " "
            RenderTableCell {TD} at (768,156) size 9x12 [bgcolor=#777878] [r=13 c=98 rs=1 cs=1]
              RenderInline {FONT} at (0,0) size 3x12
                RenderText {#text} at (0,0) size 3x12
                  text run at (0,0) width 3: " "
            RenderTableCell {TD} at (776,156) size 9x12 [bgcolor=#4D4F4F] [r=13 c=99 rs=1 cs=1]
              RenderInline {FONT} at (0,0) size 3x12
                RenderText {#text} at (0,0) size 3x12
                  text run at (0,0) width 3: " "
          RenderTableRow {TR} at (0,168) size 784x12
            RenderTableCell {TD} at (0,168) size 8x12 [bgcolor=#CADEDD] [r=14 c=0 rs=1 cs=1]
              RenderInline {FONT} at (0,0) size 3x12
                RenderText {#text} at (0,0) size 3x12
                  text run at (0,0) width 3: " "
            RenderTableCell {TD} at (7,168) size 9x12 [bgcolor=#1B8685] [r=14 c=1 rs=1 cs=1]
              RenderInline {FONT} at (0,0) size 3x12
                RenderText {#text} at (0,0) size 3x12
                  text run at (0,0) width 3: " "
            RenderTableCell {TD} at (15,168) size 9x12 [bgcolor=#1B8685] [r=14 c=2 rs=1 cs=1]
              RenderInline {FONT} at (0,0) size 3x12
                RenderText {#text} at (0,0) size 3x12
                  text run at (0,0) width 3: " "
            RenderTableCell {TD} at (23,168) size 9x12 [bgcolor=#287A7A] [r=14 c=3 rs=1 cs=1]
              RenderInline {FONT} at (0,0) size 3x12
                RenderText {#text} at (0,0) size 3x12
                  text run at (0,0) width 3: " "
            RenderTableCell {TD} at (31,168) size 9x12 [bgcolor=#026766] [r=14 c=4 rs=1 cs=1]
              RenderInline {FONT} at (0,0) size 3x12
                RenderText {#text} at (0,0) size 3x12
                  text run at (0,0) width 3: " "
            RenderTableCell {TD} at (39,168) size 9x12 [bgcolor=#044140] [r=14 c=5 rs=1 cs=1]
              RenderInline {FONT} at (0,0) size 3x12
                RenderText {#text} at (0,0) size 3x12
                  text run at (0,0) width 3: " "
            RenderTableCell {TD} at (47,168) size 8x12 [bgcolor=#044140] [r=14 c=6 rs=1 cs=1]
              RenderInline {FONT} at (0,0) size 3x12
                RenderText {#text} at (0,0) size 3x12
                  text run at (0,0) width 3: " "
            RenderTableCell {TD} at (54,168) size 9x12 [bgcolor=#274C4D] [r=14 c=7 rs=1 cs=1]
              RenderInline {FONT} at (0,0) size 3x12
                RenderText {#text} at (0,0) size 3x12
                  text run at (0,0) width 3: " "
            RenderTableCell {TD} at (62,168) size 9x12 [bgcolor=#425A5A] [r=14 c=8 rs=1 cs=1]
              RenderInline {FONT} at (0,0) size 3x12
                RenderText {#text} at (0,0) size 3x12
                  text run at (0,0) width 3: " "
            RenderTableCell {TD} at (70,168) size 9x12 [bgcolor=#647979] [r=14 c=9 rs=1 cs=1]
              RenderInline {FONT} at (0,0) size 3x12
                RenderText {#text} at (0,0) size 3x12
                  text run at (0,0) width 3: " "
            RenderTableCell {TD} at (78,168) size 9x12 [bgcolor=#CECFCF] [r=14 c=10 rs=1 cs=1]
              RenderInline {FONT} at (0,0) size 3x12
                RenderText {#text} at (0,0) size 3x12
                  text run at (0,0) width 3: " "
            RenderTableCell {TD} at (86,168) size 9x12 [bgcolor=#FDFDFB] [r=14 c=11 rs=1 cs=1]
              RenderInline {FONT} at (0,0) size 3x12
                RenderText {#text} at (0,0) size 3x12
                  text run at (0,0) width 3: " "
            RenderTableCell {TD} at (94,168) size 8x12 [bgcolor=#CADEDD] [r=14 c=12 rs=1 cs=1]
              RenderInline {FONT} at (0,0) size 3x12
                RenderText {#text} at (0,0) size 3x12
                  text run at (0,0) width 3: " "
            RenderTableCell {TD} at (101,168) size 9x12 [bgcolor=#044140] [r=14 c=13 rs=1 cs=1]
              RenderInline {FONT} at (0,0) size 3x12
                RenderText {#text} at (0,0) size 3x12
                  text run at (0,0) width 3: " "
            RenderTableCell {TD} at (109,168) size 9x12 [bgcolor=#223C3D] [r=14 c=14 rs=1 cs=1]
              RenderInline {FONT} at (0,0) size 3x12
                RenderText {#text} at (0,0) size 3x12
                  text run at (0,0) width 3: " "
            RenderTableCell {TD} at (117,168) size 9x12 [bgcolor=#848788] [r=14 c=15 rs=1 cs=1]
              RenderInline {FONT} at (0,0) size 3x12
                RenderText {#text} at (0,0) size 3x12
                  text run at (0,0) width 3: " "
            RenderTableCell {TD} at (125,168) size 9x12 [bgcolor=#FDFDFB] [r=14 c=16 rs=1 cs=1]
              RenderInline {FONT} at (0,0) size 3x12
                RenderText {#text} at (0,0) size 3x12
                  text run at (0,0) width 3: " "
            RenderTableCell {TD} at (133,168) size 9x12 [bgcolor=#FDFDFB] [r=14 c=17 rs=1 cs=1]
              RenderInline {FONT} at (0,0) size 3x12
                RenderText {#text} at (0,0) size 3x12
                  text run at (0,0) width 3: " "
            RenderTableCell {TD} at (141,168) size 9x12 [bgcolor=#2D3433] [r=14 c=18 rs=1 cs=1]
              RenderInline {FONT} at (0,0) size 3x12
                RenderText {#text} at (0,0) size 3x12
                  text run at (0,0) width 3: " "
            RenderTableCell {TD} at (149,168) size 8x12 [bgcolor=#1E7A79] [r=14 c=19 rs=1 cs=1]
              RenderInline {FONT} at (0,0) size 3x12
                RenderText {#text} at (0,0) size 3x12
                  text run at (0,0) width 3: " "
            RenderTableCell {TD} at (156,168) size 9x12 [bgcolor=#1B8685] [r=14 c=20 rs=1 cs=1]
              RenderInline {FONT} at (0,0) size 3x12
                RenderText {#text} at (0,0) size 3x12
                  text run at (0,0) width 3: " "
            RenderTableCell {TD} at (164,168) size 9x12 [bgcolor=#EDEEEF] [r=14 c=21 rs=1 cs=1]
              RenderInline {FONT} at (0,0) size 3x12
                RenderText {#text} at (0,0) size 3x12
                  text run at (0,0) width 3: " "
            RenderTableCell {TD} at (172,168) size 9x12 [bgcolor=#FDFDFB] [r=14 c=22 rs=1 cs=1]
              RenderInline {FONT} at (0,0) size 3x12
                RenderText {#text} at (0,0) size 3x12
                  text run at (0,0) width 3: " "
            RenderTableCell {TD} at (180,168) size 9x12 [bgcolor=#777878] [r=14 c=23 rs=1 cs=1]
              RenderInline {FONT} at (0,0) size 3x12
                RenderText {#text} at (0,0) size 3x12
                  text run at (0,0) width 3: " "
            RenderTableCell {TD} at (188,168) size 9x12 [bgcolor=#223C3D] [r=14 c=24 rs=1 cs=1]
              RenderInline {FONT} at (0,0) size 3x12
                RenderText {#text} at (0,0) size 3x12
                  text run at (0,0) width 3: " "
            RenderTableCell {TD} at (196,168) size 8x12 [bgcolor=#072323] [r=14 c=25 rs=1 cs=1]
              RenderInline {FONT} at (0,0) size 3x12
                RenderText {#text} at (0,0) size 3x12
                  text run at (0,0) width 3: " "
            RenderTableCell {TD} at (203,168) size 9x12 [bgcolor=#083131] [r=14 c=26 rs=1 cs=1]
              RenderInline {FONT} at (0,0) size 3x12
                RenderText {#text} at (0,0) size 3x12
                  text run at (0,0) width 3: " "
            RenderTableCell {TD} at (211,168) size 9x12 [bgcolor=#083131] [r=14 c=27 rs=1 cs=1]
              RenderInline {FONT} at (0,0) size 3x12
                RenderText {#text} at (0,0) size 3x12
                  text run at (0,0) width 3: " "
            RenderTableCell {TD} at (219,168) size 9x12 [bgcolor=#044140] [r=14 c=28 rs=1 cs=1]
              RenderInline {FONT} at (0,0) size 3x12
                RenderText {#text} at (0,0) size 3x12
                  text run at (0,0) width 3: " "
            RenderTableCell {TD} at (227,168) size 9x12 [bgcolor=#A2B5B4] [r=14 c=29 rs=1 cs=1]
              RenderInline {FONT} at (0,0) size 3x12
                RenderText {#text} at (0,0) size 3x12
                  text run at (0,0) width 3: " "
            RenderTableCell {TD} at (235,168) size 9x12 [bgcolor=#FDFDFB] [r=14 c=30 rs=1 cs=1]
              RenderInline {FONT} at (0,0) size 3x12
                RenderText {#text} at (0,0) size 3x12
                  text run at (0,0) width 3: " "
            RenderTableCell {TD} at (243,168) size 8x12 [bgcolor=#B4B4B4] [r=14 c=31 rs=1 cs=1]
              RenderInline {FONT} at (0,0) size 3x12
                RenderText {#text} at (0,0) size 3x12
                  text run at (0,0) width 3: " "
            RenderTableCell {TD} at (251,168) size 8x12 [bgcolor=#072323] [r=14 c=32 rs=1 cs=1]
              RenderInline {FONT} at (0,0) size 3x12
                RenderText {#text} at (0,0) size 3x12
                  text run at (0,0) width 3: " "
            RenderTableCell {TD} at (258,168) size 9x12 [bgcolor=#4D4F4F] [r=14 c=33 rs=1 cs=1]
              RenderInline {FONT} at (0,0) size 3x12
                RenderText {#text} at (0,0) size 3x12
                  text run at (0,0) width 3: " "
            RenderTableCell {TD} at (266,168) size 9x12 [bgcolor=#777878] [r=14 c=34 rs=1 cs=1]
              RenderInline {FONT} at (0,0) size 3x12
                RenderText {#text} at (0,0) size 3x12
                  text run at (0,0) width 3: " "
            RenderTableCell {TD} at (274,168) size 9x12 [bgcolor=#939494] [r=14 c=35 rs=1 cs=1]
              RenderInline {FONT} at (0,0) size 3x12
                RenderText {#text} at (0,0) size 3x12
                  text run at (0,0) width 3: " "
            RenderTableCell {TD} at (282,168) size 9x12 [bgcolor=#1B8685] [r=14 c=36 rs=1 cs=1]
              RenderInline {FONT} at (0,0) size 3x12
                RenderText {#text} at (0,0) size 3x12
                  text run at (0,0) width 3: " "
            RenderTableCell {TD} at (290,168) size 9x12 [bgcolor=#025E5E] [r=14 c=37 rs=1 cs=1]
              RenderInline {FONT} at (0,0) size 3x12
                RenderText {#text} at (0,0) size 3x12
                  text run at (0,0) width 3: " "
            RenderTableCell {TD} at (298,168) size 8x12 [bgcolor=#044140] [r=14 c=38 rs=1 cs=1]
              RenderInline {FONT} at (0,0) size 3x12
                RenderText {#text} at (0,0) size 3x12
                  text run at (0,0) width 3: " "
            RenderTableCell {TD} at (305,168) size 9x12 [bgcolor=#044140] [r=14 c=39 rs=1 cs=1]
              RenderInline {FONT} at (0,0) size 3x12
                RenderText {#text} at (0,0) size 3x12
                  text run at (0,0) width 3: " "
            RenderTableCell {TD} at (313,168) size 9x12 [bgcolor=#274C4D] [r=14 c=40 rs=1 cs=1]
              RenderInline {FONT} at (0,0) size 3x12
                RenderText {#text} at (0,0) size 3x12
                  text run at (0,0) width 3: " "
            RenderTableCell {TD} at (321,168) size 9x12 [bgcolor=#527274] [r=14 c=41 rs=1 cs=1]
              RenderInline {FONT} at (0,0) size 3x12
                RenderText {#text} at (0,0) size 3x12
                  text run at (0,0) width 3: " "
            RenderTableCell {TD} at (329,168) size 9x12 [bgcolor=#91A3A3] [r=14 c=42 rs=1 cs=1]
              RenderInline {FONT} at (0,0) size 3x12
                RenderText {#text} at (0,0) size 3x12
                  text run at (0,0) width 3: " "
            RenderTableCell {TD} at (337,168) size 9x12 [bgcolor=#EDEEEF] [r=14 c=43 rs=1 cs=1]
              RenderInline {FONT} at (0,0) size 3x12
                RenderText {#text} at (0,0) size 3x12
                  text run at (0,0) width 3: " "
            RenderTableCell {TD} at (345,168) size 8x12 [bgcolor=#FDFDFB] [r=14 c=44 rs=1 cs=1]
              RenderInline {FONT} at (0,0) size 3x12
                RenderText {#text} at (0,0) size 3x12
                  text run at (0,0) width 3: " "
            RenderTableCell {TD} at (352,168) size 9x12 [bgcolor=#5A8787] [r=14 c=45 rs=1 cs=1]
              RenderInline {FONT} at (0,0) size 3x12
                RenderText {#text} at (0,0) size 3x12
                  text run at (0,0) width 3: " "
            RenderTableCell {TD} at (360,168) size 9x12 [bgcolor=#026766] [r=14 c=46 rs=1 cs=1]
              RenderInline {FONT} at (0,0) size 3x12
                RenderText {#text} at (0,0) size 3x12
                  text run at (0,0) width 3: " "
            RenderTableCell {TD} at (368,168) size 9x12 [bgcolor=#1A6B6A] [r=14 c=47 rs=1 cs=1]
              RenderInline {FONT} at (0,0) size 3x12
                RenderText {#text} at (0,0) size 3x12
                  text run at (0,0) width 3: " "
            RenderTableCell {TD} at (376,168) size 9x12 [bgcolor=#B6D0D1] [r=14 c=48 rs=1 cs=1]
              RenderInline {FONT} at (0,0) size 3x12
                RenderText {#text} at (0,0) size 3x12
                  text run at (0,0) width 3: " "
            RenderTableCell {TD} at (384,168) size 9x12 [bgcolor=#FDFDFB] [r=14 c=49 rs=1 cs=1]
              RenderInline {FONT} at (0,0) size 3x12
                RenderText {#text} at (0,0) size 3x12
                  text run at (0,0) width 3: " "
            RenderTableCell {TD} at (392,168) size 9x12 [bgcolor=#848788] [r=14 c=50 rs=1 cs=1]
              RenderInline {FONT} at (0,0) size 3x12
                RenderText {#text} at (0,0) size 3x12
                  text run at (0,0) width 3: " "
            RenderTableCell {TD} at (400,168) size 8x12 [bgcolor=#072323] [r=14 c=51 rs=1 cs=1]
              RenderInline {FONT} at (0,0) size 3x12
                RenderText {#text} at (0,0) size 3x12
                  text run at (0,0) width 3: " "
            RenderTableCell {TD} at (407,168) size 9x12 [bgcolor=#3D4242] [r=14 c=52 rs=1 cs=1]
              RenderInline {FONT} at (0,0) size 3x12
                RenderText {#text} at (0,0) size 3x12
                  text run at (0,0) width 3: " "
            RenderTableCell {TD} at (415,168) size 9x12 [bgcolor=#696A69] [r=14 c=53 rs=1 cs=1]
              RenderInline {FONT} at (0,0) size 3x12
                RenderText {#text} at (0,0) size 3x12
                  text run at (0,0) width 3: " "
            RenderTableCell {TD} at (423,168) size 9x12 [bgcolor=#848788] [r=14 c=54 rs=1 cs=1]
              RenderInline {FONT} at (0,0) size 3x12
                RenderText {#text} at (0,0) size 3x12
                  text run at (0,0) width 3: " "
            RenderTableCell {TD} at (431,168) size 9x12 [bgcolor=#939494] [r=14 c=55 rs=1 cs=1]
              RenderInline {FONT} at (0,0) size 3x12
                RenderText {#text} at (0,0) size 3x12
                  text run at (0,0) width 3: " "
            RenderTableCell {TD} at (439,168) size 9x12 [bgcolor=#B4B4B4] [r=14 c=56 rs=1 cs=1]
              RenderInline {FONT} at (0,0) size 3x12
                RenderText {#text} at (0,0) size 3x12
                  text run at (0,0) width 3: " "
            RenderTableCell {TD} at (447,168) size 8x12 [bgcolor=#FDFDFB] [r=14 c=57 rs=1 cs=1]
              RenderInline {FONT} at (0,0) size 3x12
                RenderText {#text} at (0,0) size 3x12
                  text run at (0,0) width 3: " "
            RenderTableCell {TD} at (454,168) size 9x12 [bgcolor=#FDFDFB] [r=14 c=58 rs=1 cs=1]
              RenderInline {FONT} at (0,0) size 3x12
                RenderText {#text} at (0,0) size 3x12
                  text run at (0,0) width 3: " "
            RenderTableCell {TD} at (462,168) size 9x12 [bgcolor=#2D3433] [r=14 c=59 rs=1 cs=1]
              RenderInline {FONT} at (0,0) size 3x12
                RenderText {#text} at (0,0) size 3x12
                  text run at (0,0) width 3: " "
            RenderTableCell {TD} at (470,168) size 9x12 [bgcolor=#1E7A79] [r=14 c=60 rs=1 cs=1]
              RenderInline {FONT} at (0,0) size 3x12
                RenderText {#text} at (0,0) size 3x12
                  text run at (0,0) width 3: " "
            RenderTableCell {TD} at (478,168) size 9x12 [bgcolor=#60A2A3] [r=14 c=61 rs=1 cs=1]
              RenderInline {FONT} at (0,0) size 3x12
                RenderText {#text} at (0,0) size 3x12
                  text run at (0,0) width 3: " "
            RenderTableCell {TD} at (486,168) size 9x12 [bgcolor=#FDFDFB] [r=14 c=62 rs=1 cs=1]
              RenderInline {FONT} at (0,0) size 3x12
                RenderText {#text} at (0,0) size 3x12
                  text run at (0,0) width 3: " "
            RenderTableCell {TD} at (494,168) size 8x12 [bgcolor=#E0EAE9] [r=14 c=63 rs=1 cs=1]
              RenderInline {FONT} at (0,0) size 3x12
                RenderText {#text} at (0,0) size 3x12
                  text run at (0,0) width 3: " "
            RenderTableCell {TD} at (502,168) size 8x12 [bgcolor=#044140] [r=14 c=64 rs=1 cs=1]
              RenderInline {FONT} at (0,0) size 3x12
                RenderText {#text} at (0,0) size 3x12
                  text run at (0,0) width 3: " "
            RenderTableCell {TD} at (509,168) size 9x12 [bgcolor=#026766] [r=14 c=65 rs=1 cs=1]
              RenderInline {FONT} at (0,0) size 3x12
                RenderText {#text} at (0,0) size 3x12
                  text run at (0,0) width 3: " "
            RenderTableCell {TD} at (517,168) size 9x12 [bgcolor=#026766] [r=14 c=66 rs=1 cs=1]
              RenderInline {FONT} at (0,0) size 3x12
                RenderText {#text} at (0,0) size 3x12
                  text run at (0,0) width 3: " "
            RenderTableCell {TD} at (525,168) size 9x12 [bgcolor=#026766] [r=14 c=67 rs=1 cs=1]
              RenderInline {FONT} at (0,0) size 3x12
                RenderText {#text} at (0,0) size 3x12
                  text run at (0,0) width 3: " "
            RenderTableCell {TD} at (533,168) size 9x12 [bgcolor=#026766] [r=14 c=68 rs=1 cs=1]
              RenderInline {FONT} at (0,0) size 3x12
                RenderText {#text} at (0,0) size 3x12
                  text run at (0,0) width 3: " "
            RenderTableCell {TD} at (541,168) size 9x12 [bgcolor=#026766] [r=14 c=69 rs=1 cs=1]
              RenderInline {FONT} at (0,0) size 3x12
                RenderText {#text} at (0,0) size 3x12
                  text run at (0,0) width 3: " "
            RenderTableCell {TD} at (549,168) size 8x12 [bgcolor=#287A7A] [r=14 c=70 rs=1 cs=1]
              RenderInline {FONT} at (0,0) size 3x12
                RenderText {#text} at (0,0) size 3x12
                  text run at (0,0) width 3: " "
            RenderTableCell {TD} at (556,168) size 9x12 [bgcolor=#E0EAE9] [r=14 c=71 rs=1 cs=1]
              RenderInline {FONT} at (0,0) size 3x12
                RenderText {#text} at (0,0) size 3x12
                  text run at (0,0) width 3: " "
            RenderTableCell {TD} at (564,168) size 9x12 [bgcolor=#FDFDFB] [r=14 c=72 rs=1 cs=1]
              RenderInline {FONT} at (0,0) size 3x12
                RenderText {#text} at (0,0) size 3x12
                  text run at (0,0) width 3: " "
            RenderTableCell {TD} at (572,168) size 9x12 [bgcolor=#4D4F4F] [r=14 c=73 rs=1 cs=1]
              RenderInline {FONT} at (0,0) size 3x12
                RenderText {#text} at (0,0) size 3x12
                  text run at (0,0) width 3: " "
            RenderTableCell {TD} at (580,168) size 9x12 [bgcolor=#5E5F60] [r=14 c=74 rs=1 cs=1]
              RenderInline {FONT} at (0,0) size 3x12
                RenderText {#text} at (0,0) size 3x12
                  text run at (0,0) width 3: " "
            RenderTableCell {TD} at (588,168) size 9x12 [bgcolor=#A5A6A6] [r=14 c=75 rs=1 cs=1]
              RenderInline {FONT} at (0,0) size 3x12
                RenderText {#text} at (0,0) size 3x12
                  text run at (0,0) width 3: " "
            RenderTableCell {TD} at (596,168) size 8x12 [bgcolor=#FDFDFB] [r=14 c=76 rs=1 cs=1]
              RenderInline {FONT} at (0,0) size 3x12
                RenderText {#text} at (0,0) size 3x12
                  text run at (0,0) width 3: " "
            RenderTableCell {TD} at (603,168) size 9x12 [bgcolor=#DEDFDF] [r=14 c=77 rs=1 cs=1]
              RenderInline {FONT} at (0,0) size 3x12
                RenderText {#text} at (0,0) size 3x12
                  text run at (0,0) width 3: " "
            RenderTableCell {TD} at (611,168) size 9x12 [bgcolor=#396B6A] [r=14 c=78 rs=1 cs=1]
              RenderInline {FONT} at (0,0) size 3x12
                RenderText {#text} at (0,0) size 3x12
                  text run at (0,0) width 3: " "
            RenderTableCell {TD} at (619,168) size 9x12 [bgcolor=#027777] [r=14 c=79 rs=1 cs=1]
              RenderInline {FONT} at (0,0) size 3x12
                RenderText {#text} at (0,0) size 3x12
                  text run at (0,0) width 3: " "
            RenderTableCell {TD} at (627,168) size 9x12 [bgcolor=#026766] [r=14 c=80 rs=1 cs=1]
              RenderInline {FONT} at (0,0) size 3x12
                RenderText {#text} at (0,0) size 3x12
                  text run at (0,0) width 3: " "
            RenderTableCell {TD} at (635,168) size 9x12 [bgcolor=#026766] [r=14 c=81 rs=1 cs=1]
              RenderInline {FONT} at (0,0) size 3x12
                RenderText {#text} at (0,0) size 3x12
                  text run at (0,0) width 3: " "
            RenderTableCell {TD} at (643,168) size 9x12 [bgcolor=#026766] [r=14 c=82 rs=1 cs=1]
              RenderInline {FONT} at (0,0) size 3x12
                RenderText {#text} at (0,0) size 3x12
                  text run at (0,0) width 3: " "
            RenderTableCell {TD} at (651,168) size 8x12 [bgcolor=#026766] [r=14 c=83 rs=1 cs=1]
              RenderInline {FONT} at (0,0) size 3x12
                RenderText {#text} at (0,0) size 3x12
                  text run at (0,0) width 3: " "
            RenderTableCell {TD} at (658,168) size 9x12 [bgcolor=#026766] [r=14 c=84 rs=1 cs=1]
              RenderInline {FONT} at (0,0) size 3x12
                RenderText {#text} at (0,0) size 3x12
                  text run at (0,0) width 3: " "
            RenderTableCell {TD} at (666,168) size 9x12 [bgcolor=#7CAEAF] [r=14 c=85 rs=1 cs=1]
              RenderInline {FONT} at (0,0) size 3x12
                RenderText {#text} at (0,0) size 3x12
                  text run at (0,0) width 3: " "
            RenderTableCell {TD} at (674,168) size 9x12 [bgcolor=#FDFDFB] [r=14 c=86 rs=1 cs=1]
              RenderInline {FONT} at (0,0) size 3x12
                RenderText {#text} at (0,0) size 3x12
                  text run at (0,0) width 3: " "
            RenderTableCell {TD} at (682,168) size 9x12 [bgcolor=#BEC2C2] [r=14 c=87 rs=1 cs=1]
              RenderInline {FONT} at (0,0) size 3x12
                RenderText {#text} at (0,0) size 3x12
                  text run at (0,0) width 3: " "
            RenderTableCell {TD} at (690,168) size 9x12 [bgcolor=#223C3D] [r=14 c=88 rs=1 cs=1]
              RenderInline {FONT} at (0,0) size 3x12
                RenderText {#text} at (0,0) size 3x12
                  text run at (0,0) width 3: " "
            RenderTableCell {TD} at (698,168) size 8x12 [bgcolor=#026766] [r=14 c=89 rs=1 cs=1]
              RenderInline {FONT} at (0,0) size 3x12
                RenderText {#text} at (0,0) size 3x12
                  text run at (0,0) width 3: " "
            RenderTableCell {TD} at (705,168) size 9x12 [bgcolor=#338686] [r=14 c=90 rs=1 cs=1]
              RenderInline {FONT} at (0,0) size 3x12
                RenderText {#text} at (0,0) size 3x12
                  text run at (0,0) width 3: " "
            RenderTableCell {TD} at (713,168) size 9x12 [bgcolor=#EDEEEF] [r=14 c=91 rs=1 cs=1]
              RenderInline {FONT} at (0,0) size 3x12
                RenderText {#text} at (0,0) size 3x12
                  text run at (0,0) width 3: " "
            RenderTableCell {TD} at (721,168) size 9x12 [bgcolor=#FDFDFB] [r=14 c=92 rs=1 cs=1]
              RenderInline {FONT} at (0,0) size 3x12
                RenderText {#text} at (0,0) size 3x12
                  text run at (0,0) width 3: " "
            RenderTableCell {TD} at (729,168) size 9x12 [bgcolor=#2D3433] [r=14 c=93 rs=1 cs=1]
              RenderInline {FONT} at (0,0) size 3x12
                RenderText {#text} at (0,0) size 3x12
                  text run at (0,0) width 3: " "
            RenderTableCell {TD} at (737,168) size 9x12 [bgcolor=#223C3D] [r=14 c=94 rs=1 cs=1]
              RenderInline {FONT} at (0,0) size 3x12
                RenderText {#text} at (0,0) size 3x12
                  text run at (0,0) width 3: " "
            RenderTableCell {TD} at (745,168) size 8x12 [bgcolor=#5E5F60] [r=14 c=95 rs=1 cs=1]
              RenderInline {FONT} at (0,0) size 3x12
                RenderText {#text} at (0,0) size 3x12
                  text run at (0,0) width 3: " "
            RenderTableCell {TD} at (753,168) size 8x12 [bgcolor=#777878] [r=14 c=96 rs=1 cs=1]
              RenderInline {FONT} at (0,0) size 3x12
                RenderText {#text} at (0,0) size 3x12
                  text run at (0,0) width 3: " "
            RenderTableCell {TD} at (760,168) size 9x12 [bgcolor=#848788] [r=14 c=97 rs=1 cs=1]
              RenderInline {FONT} at (0,0) size 3x12
                RenderText {#text} at (0,0) size 3x12
                  text run at (0,0) width 3: " "
            RenderTableCell {TD} at (768,168) size 9x12 [bgcolor=#777878] [r=14 c=98 rs=1 cs=1]
              RenderInline {FONT} at (0,0) size 3x12
                RenderText {#text} at (0,0) size 3x12
                  text run at (0,0) width 3: " "
            RenderTableCell {TD} at (776,168) size 9x12 [bgcolor=#4D4F4F] [r=14 c=99 rs=1 cs=1]
              RenderInline {FONT} at (0,0) size 3x12
                RenderText {#text} at (0,0) size 3x12
                  text run at (0,0) width 3: " "
          RenderTableRow {TR} at (0,180) size 784x12
            RenderTableCell {TD} at (0,180) size 8x12 [bgcolor=#E0EAE9] [r=15 c=0 rs=1 cs=1]
              RenderInline {FONT} at (0,0) size 3x12
                RenderText {#text} at (0,0) size 3x12
                  text run at (0,0) width 3: " "
            RenderTableCell {TD} at (7,180) size 9x12 [bgcolor=#469191] [r=15 c=1 rs=1 cs=1]
              RenderInline {FONT} at (0,0) size 3x12
                RenderText {#text} at (0,0) size 3x12
                  text run at (0,0) width 3: " "
            RenderTableCell {TD} at (15,180) size 9x12 [bgcolor=#A4CCCC] [r=15 c=2 rs=1 cs=1]
              RenderInline {FONT} at (0,0) size 3x12
                RenderText {#text} at (0,0) size 3x12
                  text run at (0,0) width 3: " "
            RenderTableCell {TD} at (23,180) size 9x12 [bgcolor=#E0EAE9] [r=15 c=3 rs=1 cs=1]
              RenderInline {FONT} at (0,0) size 3x12
                RenderText {#text} at (0,0) size 3x12
                  text run at (0,0) width 3: " "
            RenderTableCell {TD} at (31,180) size 9x12 [bgcolor=#7CAEAF] [r=15 c=4 rs=1 cs=1]
              RenderInline {FONT} at (0,0) size 3x12
                RenderText {#text} at (0,0) size 3x12
                  text run at (0,0) width 3: " "
            RenderTableCell {TD} at (39,180) size 9x12 [bgcolor=#026766] [r=15 c=5 rs=1 cs=1]
              RenderInline {FONT} at (0,0) size 3x12
                RenderText {#text} at (0,0) size 3x12
                  text run at (0,0) width 3: " "
            RenderTableCell {TD} at (47,180) size 8x12 [bgcolor=#026766] [r=15 c=6 rs=1 cs=1]
              RenderInline {FONT} at (0,0) size 3x12
                RenderText {#text} at (0,0) size 3x12
                  text run at (0,0) width 3: " "
            RenderTableCell {TD} at (54,180) size 9x12 [bgcolor=#025E5E] [r=15 c=7 rs=1 cs=1]
              RenderInline {FONT} at (0,0) size 3x12
                RenderText {#text} at (0,0) size 3x12
                  text run at (0,0) width 3: " "
            RenderTableCell {TD} at (62,180) size 9x12 [bgcolor=#025E5E] [r=15 c=8 rs=1 cs=1]
              RenderInline {FONT} at (0,0) size 3x12
                RenderText {#text} at (0,0) size 3x12
                  text run at (0,0) width 3: " "
            RenderTableCell {TD} at (70,180) size 9x12 [bgcolor=#025E5E] [r=15 c=9 rs=1 cs=1]
              RenderInline {FONT} at (0,0) size 3x12
                RenderText {#text} at (0,0) size 3x12
                  text run at (0,0) width 3: " "
            RenderTableCell {TD} at (78,180) size 9x12 [bgcolor=#72A3A1] [r=15 c=10 rs=1 cs=1]
              RenderInline {FONT} at (0,0) size 3x12
                RenderText {#text} at (0,0) size 3x12
                  text run at (0,0) width 3: " "
            RenderTableCell {TD} at (86,180) size 9x12 [bgcolor=#FDFDFB] [r=15 c=11 rs=1 cs=1]
              RenderInline {FONT} at (0,0) size 3x12
                RenderText {#text} at (0,0) size 3x12
                  text run at (0,0) width 3: " "
            RenderTableCell {TD} at (94,180) size 8x12 [bgcolor=#EDEEEF] [r=15 c=12 rs=1 cs=1]
              RenderInline {FONT} at (0,0) size 3x12
                RenderText {#text} at (0,0) size 3x12
                  text run at (0,0) width 3: " "
            RenderTableCell {TD} at (101,180) size 9x12 [bgcolor=#072323] [r=15 c=13 rs=1 cs=1]
              RenderInline {FONT} at (0,0) size 3x12
                RenderText {#text} at (0,0) size 3x12
                  text run at (0,0) width 3: " "
            RenderTableCell {TD} at (109,180) size 9x12 [bgcolor=#223C3D] [r=15 c=14 rs=1 cs=1]
              RenderInline {FONT} at (0,0) size 3x12
                RenderText {#text} at (0,0) size 3x12
                  text run at (0,0) width 3: " "
            RenderTableCell {TD} at (117,180) size 9x12 [bgcolor=#848788] [r=15 c=15 rs=1 cs=1]
              RenderInline {FONT} at (0,0) size 3x12
                RenderText {#text} at (0,0) size 3x12
                  text run at (0,0) width 3: " "
            RenderTableCell {TD} at (125,180) size 9x12 [bgcolor=#FDFDFB] [r=15 c=16 rs=1 cs=1]
              RenderInline {FONT} at (0,0) size 3x12
                RenderText {#text} at (0,0) size 3x12
                  text run at (0,0) width 3: " "
            RenderTableCell {TD} at (133,180) size 9x12 [bgcolor=#FDFDFB] [r=15 c=17 rs=1 cs=1]
              RenderInline {FONT} at (0,0) size 3x12
                RenderText {#text} at (0,0) size 3x12
                  text run at (0,0) width 3: " "
            RenderTableCell {TD} at (141,180) size 9x12 [bgcolor=#2D3433] [r=15 c=18 rs=1 cs=1]
              RenderInline {FONT} at (0,0) size 3x12
                RenderText {#text} at (0,0) size 3x12
                  text run at (0,0) width 3: " "
            RenderTableCell {TD} at (149,180) size 8x12 [bgcolor=#1E7A79] [r=15 c=19 rs=1 cs=1]
              RenderInline {FONT} at (0,0) size 3x12
                RenderText {#text} at (0,0) size 3x12
                  text run at (0,0) width 3: " "
            RenderTableCell {TD} at (156,180) size 9x12 [bgcolor=#44A3A2] [r=15 c=20 rs=1 cs=1]
              RenderInline {FONT} at (0,0) size 3x12
                RenderText {#text} at (0,0) size 3x12
                  text run at (0,0) width 3: " "
            RenderTableCell {TD} at (164,180) size 9x12 [bgcolor=#FDFDFB] [r=15 c=21 rs=1 cs=1]
              RenderInline {FONT} at (0,0) size 3x12
                RenderText {#text} at (0,0) size 3x12
                  text run at (0,0) width 3: " "
            RenderTableCell {TD} at (172,180) size 9x12 [bgcolor=#FDFDFB] [r=15 c=22 rs=1 cs=1]
              RenderInline {FONT} at (0,0) size 3x12
                RenderText {#text} at (0,0) size 3x12
                  text run at (0,0) width 3: " "
            RenderTableCell {TD} at (180,180) size 9x12 [bgcolor=#223C3D] [r=15 c=23 rs=1 cs=1]
              RenderInline {FONT} at (0,0) size 3x12
                RenderText {#text} at (0,0) size 3x12
                  text run at (0,0) width 3: " "
            RenderTableCell {TD} at (188,180) size 9x12 [bgcolor=#025E5E] [r=15 c=24 rs=1 cs=1]
              RenderInline {FONT} at (0,0) size 3x12
                RenderText {#text} at (0,0) size 3x12
                  text run at (0,0) width 3: " "
            RenderTableCell {TD} at (196,180) size 8x12 [bgcolor=#025E5E] [r=15 c=25 rs=1 cs=1]
              RenderInline {FONT} at (0,0) size 3x12
                RenderText {#text} at (0,0) size 3x12
                  text run at (0,0) width 3: " "
            RenderTableCell {TD} at (203,180) size 9x12 [bgcolor=#026766] [r=15 c=26 rs=1 cs=1]
              RenderInline {FONT} at (0,0) size 3x12
                RenderText {#text} at (0,0) size 3x12
                  text run at (0,0) width 3: " "
            RenderTableCell {TD} at (211,180) size 9x12 [bgcolor=#026766] [r=15 c=27 rs=1 cs=1]
              RenderInline {FONT} at (0,0) size 3x12
                RenderText {#text} at (0,0) size 3x12
                  text run at (0,0) width 3: " "
            RenderTableCell {TD} at (219,180) size 9x12 [bgcolor=#338686] [r=15 c=28 rs=1 cs=1]
              RenderInline {FONT} at (0,0) size 3x12
                RenderText {#text} at (0,0) size 3x12
                  text run at (0,0) width 3: " "
            RenderTableCell {TD} at (227,180) size 9x12 [bgcolor=#E0EAE9] [r=15 c=29 rs=1 cs=1]
              RenderInline {FONT} at (0,0) size 3x12
                RenderText {#text} at (0,0) size 3x12
                  text run at (0,0) width 3: " "
            RenderTableCell {TD} at (235,180) size 9x12 [bgcolor=#FDFDFB] [r=15 c=30 rs=1 cs=1]
              RenderInline {FONT} at (0,0) size 3x12
                RenderText {#text} at (0,0) size 3x12
                  text run at (0,0) width 3: " "
            RenderTableCell {TD} at (243,180) size 8x12 [bgcolor=#B4B4B4] [r=15 c=31 rs=1 cs=1]
              RenderInline {FONT} at (0,0) size 3x12
                RenderText {#text} at (0,0) size 3x12
                  text run at (0,0) width 3: " "
            RenderTableCell {TD} at (251,180) size 8x12 [bgcolor=#1C2524] [r=15 c=32 rs=1 cs=1]
              RenderInline {FONT} at (0,0) size 3x12
                RenderText {#text} at (0,0) size 3x12
                  text run at (0,0) width 3: " "
            RenderTableCell {TD} at (258,180) size 9x12 [bgcolor=#4D4F4F] [r=15 c=33 rs=1 cs=1]
              RenderInline {FONT} at (0,0) size 3x12
                RenderText {#text} at (0,0) size 3x12
                  text run at (0,0) width 3: " "
            RenderTableCell {TD} at (266,180) size 9x12 [bgcolor=#939494] [r=15 c=34 rs=1 cs=1]
              RenderInline {FONT} at (0,0) size 3x12
                RenderText {#text} at (0,0) size 3x12
                  text run at (0,0) width 3: " "
            RenderTableCell {TD} at (274,180) size 9x12 [bgcolor=#EDEEEF] [r=15 c=35 rs=1 cs=1]
              RenderInline {FONT} at (0,0) size 3x12
                RenderText {#text} at (0,0) size 3x12
                  text run at (0,0) width 3: " "
            RenderTableCell {TD} at (282,180) size 9x12 [bgcolor=#CADEDD] [r=15 c=36 rs=1 cs=1]
              RenderInline {FONT} at (0,0) size 3x12
                RenderText {#text} at (0,0) size 3x12
                  text run at (0,0) width 3: " "
            RenderTableCell {TD} at (290,180) size 9x12 [bgcolor=#338686] [r=15 c=37 rs=1 cs=1]
              RenderInline {FONT} at (0,0) size 3x12
                RenderText {#text} at (0,0) size 3x12
                  text run at (0,0) width 3: " "
            RenderTableCell {TD} at (298,180) size 8x12 [bgcolor=#026766] [r=15 c=38 rs=1 cs=1]
              RenderInline {FONT} at (0,0) size 3x12
                RenderText {#text} at (0,0) size 3x12
                  text run at (0,0) width 3: " "
            RenderTableCell {TD} at (305,180) size 9x12 [bgcolor=#026766] [r=15 c=39 rs=1 cs=1]
              RenderInline {FONT} at (0,0) size 3x12
                RenderText {#text} at (0,0) size 3x12
                  text run at (0,0) width 3: " "
            RenderTableCell {TD} at (313,180) size 9x12 [bgcolor=#025E5E] [r=15 c=40 rs=1 cs=1]
              RenderInline {FONT} at (0,0) size 3x12
                RenderText {#text} at (0,0) size 3x12
                  text run at (0,0) width 3: " "
            RenderTableCell {TD} at (321,180) size 9x12 [bgcolor=#025E5E] [r=15 c=41 rs=1 cs=1]
              RenderInline {FONT} at (0,0) size 3x12
                RenderText {#text} at (0,0) size 3x12
                  text run at (0,0) width 3: " "
            RenderTableCell {TD} at (329,180) size 9x12 [bgcolor=#1A6B6A] [r=15 c=42 rs=1 cs=1]
              RenderInline {FONT} at (0,0) size 3x12
                RenderText {#text} at (0,0) size 3x12
                  text run at (0,0) width 3: " "
            RenderTableCell {TD} at (337,180) size 9x12 [bgcolor=#CADEDD] [r=15 c=43 rs=1 cs=1]
              RenderInline {FONT} at (0,0) size 3x12
                RenderText {#text} at (0,0) size 3x12
                  text run at (0,0) width 3: " "
            RenderTableCell {TD} at (345,180) size 8x12 [bgcolor=#FDFDFB] [r=15 c=44 rs=1 cs=1]
              RenderInline {FONT} at (0,0) size 3x12
                RenderText {#text} at (0,0) size 3x12
                  text run at (0,0) width 3: " "
            RenderTableCell {TD} at (352,180) size 9x12 [bgcolor=#777878] [r=15 c=45 rs=1 cs=1]
              RenderInline {FONT} at (0,0) size 3x12
                RenderText {#text} at (0,0) size 3x12
                  text run at (0,0) width 3: " "
            RenderTableCell {TD} at (360,180) size 9x12 [bgcolor=#044F4F] [r=15 c=46 rs=1 cs=1]
              RenderInline {FONT} at (0,0) size 3x12
                RenderText {#text} at (0,0) size 3x12
                  text run at (0,0) width 3: " "
            RenderTableCell {TD} at (368,180) size 9x12 [bgcolor=#1A6B6A] [r=15 c=47 rs=1 cs=1]
              RenderInline {FONT} at (0,0) size 3x12
                RenderText {#text} at (0,0) size 3x12
                  text run at (0,0) width 3: " "
            RenderTableCell {TD} at (376,180) size 9x12 [bgcolor=#B6D0D1] [r=15 c=48 rs=1 cs=1]
              RenderInline {FONT} at (0,0) size 3x12
                RenderText {#text} at (0,0) size 3x12
                  text run at (0,0) width 3: " "
            RenderTableCell {TD} at (384,180) size 9x12 [bgcolor=#FDFDFB] [r=15 c=49 rs=1 cs=1]
              RenderInline {FONT} at (0,0) size 3x12
                RenderText {#text} at (0,0) size 3x12
                  text run at (0,0) width 3: " "
            RenderTableCell {TD} at (392,180) size 9x12 [bgcolor=#848788] [r=15 c=50 rs=1 cs=1]
              RenderInline {FONT} at (0,0) size 3x12
                RenderText {#text} at (0,0) size 3x12
                  text run at (0,0) width 3: " "
            RenderTableCell {TD} at (400,180) size 8x12 [bgcolor=#072323] [r=15 c=51 rs=1 cs=1]
              RenderInline {FONT} at (0,0) size 3x12
                RenderText {#text} at (0,0) size 3x12
                  text run at (0,0) width 3: " "
            RenderTableCell {TD} at (407,180) size 9x12 [bgcolor=#3D4242] [r=15 c=52 rs=1 cs=1]
              RenderInline {FONT} at (0,0) size 3x12
                RenderText {#text} at (0,0) size 3x12
                  text run at (0,0) width 3: " "
            RenderTableCell {TD} at (415,180) size 9x12 [bgcolor=#696A69] [r=15 c=53 rs=1 cs=1]
              RenderInline {FONT} at (0,0) size 3x12
                RenderText {#text} at (0,0) size 3x12
                  text run at (0,0) width 3: " "
            RenderTableCell {TD} at (423,180) size 9x12 [bgcolor=#848788] [r=15 c=54 rs=1 cs=1]
              RenderInline {FONT} at (0,0) size 3x12
                RenderText {#text} at (0,0) size 3x12
                  text run at (0,0) width 3: " "
            RenderTableCell {TD} at (431,180) size 9x12 [bgcolor=#939494] [r=15 c=55 rs=1 cs=1]
              RenderInline {FONT} at (0,0) size 3x12
                RenderText {#text} at (0,0) size 3x12
                  text run at (0,0) width 3: " "
            RenderTableCell {TD} at (439,180) size 9x12 [bgcolor=#B4B4B4] [r=15 c=56 rs=1 cs=1]
              RenderInline {FONT} at (0,0) size 3x12
                RenderText {#text} at (0,0) size 3x12
                  text run at (0,0) width 3: " "
            RenderTableCell {TD} at (447,180) size 8x12 [bgcolor=#FDFDFB] [r=15 c=57 rs=1 cs=1]
              RenderInline {FONT} at (0,0) size 3x12
                RenderText {#text} at (0,0) size 3x12
                  text run at (0,0) width 3: " "
            RenderTableCell {TD} at (454,180) size 9x12 [bgcolor=#FDFDFB] [r=15 c=58 rs=1 cs=1]
              RenderInline {FONT} at (0,0) size 3x12
                RenderText {#text} at (0,0) size 3x12
                  text run at (0,0) width 3: " "
            RenderTableCell {TD} at (462,180) size 9x12 [bgcolor=#2D3433] [r=15 c=59 rs=1 cs=1]
              RenderInline {FONT} at (0,0) size 3x12
                RenderText {#text} at (0,0) size 3x12
                  text run at (0,0) width 3: " "
            RenderTableCell {TD} at (470,180) size 9x12 [bgcolor=#287A7A] [r=15 c=60 rs=1 cs=1]
              RenderInline {FONT} at (0,0) size 3x12
                RenderText {#text} at (0,0) size 3x12
                  text run at (0,0) width 3: " "
            RenderTableCell {TD} at (478,180) size 9x12 [bgcolor=#027777] [r=15 c=61 rs=1 cs=1]
              RenderInline {FONT} at (0,0) size 3x12
                RenderText {#text} at (0,0) size 3x12
                  text run at (0,0) width 3: " "
            RenderTableCell {TD} at (486,180) size 9x12 [bgcolor=#B6D8D7] [r=15 c=62 rs=1 cs=1]
              RenderInline {FONT} at (0,0) size 3x12
                RenderText {#text} at (0,0) size 3x12
                  text run at (0,0) width 3: " "
            RenderTableCell {TD} at (494,180) size 8x12 [bgcolor=#FDFDFB] [r=15 c=63 rs=1 cs=1]
              RenderInline {FONT} at (0,0) size 3x12
                RenderText {#text} at (0,0) size 3x12
                  text run at (0,0) width 3: " "
            RenderTableCell {TD} at (502,180) size 8x12 [bgcolor=#91A3A3] [r=15 c=64 rs=1 cs=1]
              RenderInline {FONT} at (0,0) size 3x12
                RenderText {#text} at (0,0) size 3x12
                  text run at (0,0) width 3: " "
            RenderTableCell {TD} at (509,180) size 9x12 [bgcolor=#1A6B6A] [r=15 c=65 rs=1 cs=1]
              RenderInline {FONT} at (0,0) size 3x12
                RenderText {#text} at (0,0) size 3x12
                  text run at (0,0) width 3: " "
            RenderTableCell {TD} at (517,180) size 9x12 [bgcolor=#026766] [r=15 c=66 rs=1 cs=1]
              RenderInline {FONT} at (0,0) size 3x12
                RenderText {#text} at (0,0) size 3x12
                  text run at (0,0) width 3: " "
            RenderTableCell {TD} at (525,180) size 9x12 [bgcolor=#026766] [r=15 c=67 rs=1 cs=1]
              RenderInline {FONT} at (0,0) size 3x12
                RenderText {#text} at (0,0) size 3x12
                  text run at (0,0) width 3: " "
            RenderTableCell {TD} at (533,180) size 9x12 [bgcolor=#026766] [r=15 c=68 rs=1 cs=1]
              RenderInline {FONT} at (0,0) size 3x12
                RenderText {#text} at (0,0) size 3x12
                  text run at (0,0) width 3: " "
            RenderTableCell {TD} at (541,180) size 9x12 [bgcolor=#1A6B6A] [r=15 c=69 rs=1 cs=1]
              RenderInline {FONT} at (0,0) size 3x12
                RenderText {#text} at (0,0) size 3x12
                  text run at (0,0) width 3: " "
            RenderTableCell {TD} at (549,180) size 8x12 [bgcolor=#8DB7B6] [r=15 c=70 rs=1 cs=1]
              RenderInline {FONT} at (0,0) size 3x12
                RenderText {#text} at (0,0) size 3x12
                  text run at (0,0) width 3: " "
            RenderTableCell {TD} at (556,180) size 9x12 [bgcolor=#FDFDFB] [r=15 c=71 rs=1 cs=1]
              RenderInline {FONT} at (0,0) size 3x12
                RenderText {#text} at (0,0) size 3x12
                  text run at (0,0) width 3: " "
            RenderTableCell {TD} at (564,180) size 9x12 [bgcolor=#FDFDFB] [r=15 c=72 rs=1 cs=1]
              RenderInline {FONT} at (0,0) size 3x12
                RenderText {#text} at (0,0) size 3x12
                  text run at (0,0) width 3: " "
            RenderTableCell {TD} at (572,180) size 9x12 [bgcolor=#4D4F4F] [r=15 c=73 rs=1 cs=1]
              RenderInline {FONT} at (0,0) size 3x12
                RenderText {#text} at (0,0) size 3x12
                  text run at (0,0) width 3: " "
            RenderTableCell {TD} at (580,180) size 9x12 [bgcolor=#5E5F60] [r=15 c=74 rs=1 cs=1]
              RenderInline {FONT} at (0,0) size 3x12
                RenderText {#text} at (0,0) size 3x12
                  text run at (0,0) width 3: " "
            RenderTableCell {TD} at (588,180) size 9x12 [bgcolor=#848788] [r=15 c=75 rs=1 cs=1]
              RenderInline {FONT} at (0,0) size 3x12
                RenderText {#text} at (0,0) size 3x12
                  text run at (0,0) width 3: " "
            RenderTableCell {TD} at (596,180) size 8x12 [bgcolor=#CECFCF] [r=15 c=76 rs=1 cs=1]
              RenderInline {FONT} at (0,0) size 3x12
                RenderText {#text} at (0,0) size 3x12
                  text run at (0,0) width 3: " "
            RenderTableCell {TD} at (603,180) size 9x12 [bgcolor=#FDFDFB] [r=15 c=77 rs=1 cs=1]
              RenderInline {FONT} at (0,0) size 3x12
                RenderText {#text} at (0,0) size 3x12
                  text run at (0,0) width 3: " "
            RenderTableCell {TD} at (611,180) size 9x12 [bgcolor=#A2B5B4] [r=15 c=78 rs=1 cs=1]
              RenderInline {FONT} at (0,0) size 3x12
                RenderText {#text} at (0,0) size 3x12
                  text run at (0,0) width 3: " "
            RenderTableCell {TD} at (619,180) size 9x12 [bgcolor=#1B8685] [r=15 c=79 rs=1 cs=1]
              RenderInline {FONT} at (0,0) size 3x12
                RenderText {#text} at (0,0) size 3x12
                  text run at (0,0) width 3: " "
            RenderTableCell {TD} at (627,180) size 9x12 [bgcolor=#026766] [r=15 c=80 rs=1 cs=1]
              RenderInline {FONT} at (0,0) size 3x12
                RenderText {#text} at (0,0) size 3x12
                  text run at (0,0) width 3: " "
            RenderTableCell {TD} at (635,180) size 9x12 [bgcolor=#026766] [r=15 c=81 rs=1 cs=1]
              RenderInline {FONT} at (0,0) size 3x12
                RenderText {#text} at (0,0) size 3x12
                  text run at (0,0) width 3: " "
            RenderTableCell {TD} at (643,180) size 9x12 [bgcolor=#026766] [r=15 c=82 rs=1 cs=1]
              RenderInline {FONT} at (0,0) size 3x12
                RenderText {#text} at (0,0) size 3x12
                  text run at (0,0) width 3: " "
            RenderTableCell {TD} at (651,180) size 8x12 [bgcolor=#026766] [r=15 c=83 rs=1 cs=1]
              RenderInline {FONT} at (0,0) size 3x12
                RenderText {#text} at (0,0) size 3x12
                  text run at (0,0) width 3: " "
            RenderTableCell {TD} at (658,180) size 9x12 [bgcolor=#338686] [r=15 c=84 rs=1 cs=1]
              RenderInline {FONT} at (0,0) size 3x12
                RenderText {#text} at (0,0) size 3x12
                  text run at (0,0) width 3: " "
            RenderTableCell {TD} at (666,180) size 9x12 [bgcolor=#E0EAE9] [r=15 c=85 rs=1 cs=1]
              RenderInline {FONT} at (0,0) size 3x12
                RenderText {#text} at (0,0) size 3x12
                  text run at (0,0) width 3: " "
            RenderTableCell {TD} at (674,180) size 9x12 [bgcolor=#EDEEEF] [r=15 c=86 rs=1 cs=1]
              RenderInline {FONT} at (0,0) size 3x12
                RenderText {#text} at (0,0) size 3x12
                  text run at (0,0) width 3: " "
            RenderTableCell {TD} at (682,180) size 9x12 [bgcolor=#515C5B] [r=15 c=87 rs=1 cs=1]
              RenderInline {FONT} at (0,0) size 3x12
                RenderText {#text} at (0,0) size 3x12
                  text run at (0,0) width 3: " "
            RenderTableCell {TD} at (690,180) size 9x12 [bgcolor=#044140] [r=15 c=88 rs=1 cs=1]
              RenderInline {FONT} at (0,0) size 3x12
                RenderText {#text} at (0,0) size 3x12
                  text run at (0,0) width 3: " "
            RenderTableCell {TD} at (698,180) size 8x12 [bgcolor=#026766] [r=15 c=89 rs=1 cs=1]
              RenderInline {FONT} at (0,0) size 3x12
                RenderText {#text} at (0,0) size 3x12
                  text run at (0,0) width 3: " "
            RenderTableCell {TD} at (705,180) size 9x12 [bgcolor=#338686] [r=15 c=90 rs=1 cs=1]
              RenderInline {FONT} at (0,0) size 3x12
                RenderText {#text} at (0,0) size 3x12
                  text run at (0,0) width 3: " "
            RenderTableCell {TD} at (713,180) size 9x12 [bgcolor=#EDEEEF] [r=15 c=91 rs=1 cs=1]
              RenderInline {FONT} at (0,0) size 3x12
                RenderText {#text} at (0,0) size 3x12
                  text run at (0,0) width 3: " "
            RenderTableCell {TD} at (721,180) size 9x12 [bgcolor=#FDFDFB] [r=15 c=92 rs=1 cs=1]
              RenderInline {FONT} at (0,0) size 3x12
                RenderText {#text} at (0,0) size 3x12
                  text run at (0,0) width 3: " "
            RenderTableCell {TD} at (729,180) size 9x12 [bgcolor=#2D3433] [r=15 c=93 rs=1 cs=1]
              RenderInline {FONT} at (0,0) size 3x12
                RenderText {#text} at (0,0) size 3x12
                  text run at (0,0) width 3: " "
            RenderTableCell {TD} at (737,180) size 9x12 [bgcolor=#223C3D] [r=15 c=94 rs=1 cs=1]
              RenderInline {FONT} at (0,0) size 3x12
                RenderText {#text} at (0,0) size 3x12
                  text run at (0,0) width 3: " "
            RenderTableCell {TD} at (745,180) size 8x12 [bgcolor=#5E5F60] [r=15 c=95 rs=1 cs=1]
              RenderInline {FONT} at (0,0) size 3x12
                RenderText {#text} at (0,0) size 3x12
                  text run at (0,0) width 3: " "
            RenderTableCell {TD} at (753,180) size 8x12 [bgcolor=#777878] [r=15 c=96 rs=1 cs=1]
              RenderInline {FONT} at (0,0) size 3x12
                RenderText {#text} at (0,0) size 3x12
                  text run at (0,0) width 3: " "
            RenderTableCell {TD} at (760,180) size 9x12 [bgcolor=#848788] [r=15 c=97 rs=1 cs=1]
              RenderInline {FONT} at (0,0) size 3x12
                RenderText {#text} at (0,0) size 3x12
                  text run at (0,0) width 3: " "
            RenderTableCell {TD} at (768,180) size 9x12 [bgcolor=#777878] [r=15 c=98 rs=1 cs=1]
              RenderInline {FONT} at (0,0) size 3x12
                RenderText {#text} at (0,0) size 3x12
                  text run at (0,0) width 3: " "
            RenderTableCell {TD} at (776,180) size 9x12 [bgcolor=#4D4F4F] [r=15 c=99 rs=1 cs=1]
              RenderInline {FONT} at (0,0) size 3x12
                RenderText {#text} at (0,0) size 3x12
                  text run at (0,0) width 3: " "
          RenderTableRow {TR} at (0,192) size 784x12
            RenderTableCell {TD} at (0,192) size 8x12 [bgcolor=#FDFDFB] [r=16 c=0 rs=1 cs=1]
              RenderInline {FONT} at (0,0) size 3x12
                RenderText {#text} at (0,0) size 3x12
                  text run at (0,0) width 3: " "
            RenderTableCell {TD} at (7,192) size 9x12 [bgcolor=#7CAEAF] [r=16 c=1 rs=1 cs=1]
              RenderInline {FONT} at (0,0) size 3x12
                RenderText {#text} at (0,0) size 3x12
                  text run at (0,0) width 3: " "
            RenderTableCell {TD} at (15,192) size 9x12 [bgcolor=#469191] [r=16 c=2 rs=1 cs=1]
              RenderInline {FONT} at (0,0) size 3x12
                RenderText {#text} at (0,0) size 3x12
                  text run at (0,0) width 3: " "
            RenderTableCell {TD} at (23,192) size 9x12 [bgcolor=#EDEEEF] [r=16 c=3 rs=1 cs=1]
              RenderInline {FONT} at (0,0) size 3x12
                RenderText {#text} at (0,0) size 3x12
                  text run at (0,0) width 3: " "
            RenderTableCell {TD} at (31,192) size 9x12 [bgcolor=#FDFDFB] [r=16 c=4 rs=1 cs=1]
              RenderInline {FONT} at (0,0) size 3x12
                RenderText {#text} at (0,0) size 3x12
                  text run at (0,0) width 3: " "
            RenderTableCell {TD} at (39,192) size 9x12 [bgcolor=#A4CCCC] [r=16 c=5 rs=1 cs=1]
              RenderInline {FONT} at (0,0) size 3x12
                RenderText {#text} at (0,0) size 3x12
                  text run at (0,0) width 3: " "
            RenderTableCell {TD} at (47,192) size 8x12 [bgcolor=#7CAEAF] [r=16 c=6 rs=1 cs=1]
              RenderInline {FONT} at (0,0) size 3x12
                RenderText {#text} at (0,0) size 3x12
                  text run at (0,0) width 3: " "
            RenderTableCell {TD} at (54,192) size 9x12 [bgcolor=#60A2A3] [r=16 c=7 rs=1 cs=1]
              RenderInline {FONT} at (0,0) size 3x12
                RenderText {#text} at (0,0) size 3x12
                  text run at (0,0) width 3: " "
            RenderTableCell {TD} at (62,192) size 9x12 [bgcolor=#72A3A1] [r=16 c=8 rs=1 cs=1]
              RenderInline {FONT} at (0,0) size 3x12
                RenderText {#text} at (0,0) size 3x12
                  text run at (0,0) width 3: " "
            RenderTableCell {TD} at (70,192) size 9x12 [bgcolor=#97C1C0] [r=16 c=9 rs=1 cs=1]
              RenderInline {FONT} at (0,0) size 3x12
                RenderText {#text} at (0,0) size 3x12
                  text run at (0,0) width 3: " "
            RenderTableCell {TD} at (78,192) size 9x12 [bgcolor=#E0EAE9] [r=16 c=10 rs=1 cs=1]
              RenderInline {FONT} at (0,0) size 3x12
                RenderText {#text} at (0,0) size 3x12
                  text run at (0,0) width 3: " "
            RenderTableCell {TD} at (86,192) size 9x12 [bgcolor=#EDEEEF] [r=16 c=11 rs=1 cs=1]
              RenderInline {FONT} at (0,0) size 3x12
                RenderText {#text} at (0,0) size 3x12
                  text run at (0,0) width 3: " "
            RenderTableCell {TD} at (94,192) size 8x12 [bgcolor=#696A69] [r=16 c=12 rs=1 cs=1]
              RenderInline {FONT} at (0,0) size 3x12
                RenderText {#text} at (0,0) size 3x12
                  text run at (0,0) width 3: " "
            RenderTableCell {TD} at (101,192) size 9x12 [bgcolor=#072323] [r=16 c=13 rs=1 cs=1]
              RenderInline {FONT} at (0,0) size 3x12
                RenderText {#text} at (0,0) size 3x12
                  text run at (0,0) width 3: " "
            RenderTableCell {TD} at (109,192) size 9x12 [bgcolor=#223C3D] [r=16 c=14 rs=1 cs=1]
              RenderInline {FONT} at (0,0) size 3x12
                RenderText {#text} at (0,0) size 3x12
                  text run at (0,0) width 3: " "
            RenderTableCell {TD} at (117,192) size 9x12 [bgcolor=#848788] [r=16 c=15 rs=1 cs=1]
              RenderInline {FONT} at (0,0) size 3x12
                RenderText {#text} at (0,0) size 3x12
                  text run at (0,0) width 3: " "
            RenderTableCell {TD} at (125,192) size 9x12 [bgcolor=#FDFDFB] [r=16 c=16 rs=1 cs=1]
              RenderInline {FONT} at (0,0) size 3x12
                RenderText {#text} at (0,0) size 3x12
                  text run at (0,0) width 3: " "
            RenderTableCell {TD} at (133,192) size 9x12 [bgcolor=#FDFDFB] [r=16 c=17 rs=1 cs=1]
              RenderInline {FONT} at (0,0) size 3x12
                RenderText {#text} at (0,0) size 3x12
                  text run at (0,0) width 3: " "
            RenderTableCell {TD} at (141,192) size 9x12 [bgcolor=#2D3433] [r=16 c=18 rs=1 cs=1]
              RenderInline {FONT} at (0,0) size 3x12
                RenderText {#text} at (0,0) size 3x12
                  text run at (0,0) width 3: " "
            RenderTableCell {TD} at (149,192) size 8x12 [bgcolor=#1E7A79] [r=16 c=19 rs=1 cs=1]
              RenderInline {FONT} at (0,0) size 3x12
                RenderText {#text} at (0,0) size 3x12
                  text run at (0,0) width 3: " "
            RenderTableCell {TD} at (156,192) size 9x12 [bgcolor=#1B8685] [r=16 c=20 rs=1 cs=1]
              RenderInline {FONT} at (0,0) size 3x12
                RenderText {#text} at (0,0) size 3x12
                  text run at (0,0) width 3: " "
            RenderTableCell {TD} at (164,192) size 9x12 [bgcolor=#CADEDD] [r=16 c=21 rs=1 cs=1]
              RenderInline {FONT} at (0,0) size 3x12
                RenderText {#text} at (0,0) size 3x12
                  text run at (0,0) width 3: " "
            RenderTableCell {TD} at (172,192) size 9x12 [bgcolor=#FDFDFB] [r=16 c=22 rs=1 cs=1]
              RenderInline {FONT} at (0,0) size 3x12
                RenderText {#text} at (0,0) size 3x12
                  text run at (0,0) width 3: " "
            RenderTableCell {TD} at (180,192) size 9x12 [bgcolor=#B6D0D1] [r=16 c=23 rs=1 cs=1]
              RenderInline {FONT} at (0,0) size 3x12
                RenderText {#text} at (0,0) size 3x12
                  text run at (0,0) width 3: " "
            RenderTableCell {TD} at (188,192) size 9x12 [bgcolor=#7CAEAF] [r=16 c=24 rs=1 cs=1]
              RenderInline {FONT} at (0,0) size 3x12
                RenderText {#text} at (0,0) size 3x12
                  text run at (0,0) width 3: " "
            RenderTableCell {TD} at (196,192) size 8x12 [bgcolor=#60A2A3] [r=16 c=25 rs=1 cs=1]
              RenderInline {FONT} at (0,0) size 3x12
                RenderText {#text} at (0,0) size 3x12
                  text run at (0,0) width 3: " "
            RenderTableCell {TD} at (203,192) size 9x12 [bgcolor=#7CAEAF] [r=16 c=26 rs=1 cs=1]
              RenderInline {FONT} at (0,0) size 3x12
                RenderText {#text} at (0,0) size 3x12
                  text run at (0,0) width 3: " "
            RenderTableCell {TD} at (211,192) size 9x12 [bgcolor=#A4CCCC] [r=16 c=27 rs=1 cs=1]
              RenderInline {FONT} at (0,0) size 3x12
                RenderText {#text} at (0,0) size 3x12
                  text run at (0,0) width 3: " "
            RenderTableCell {TD} at (219,192) size 9x12 [bgcolor=#DEDFDF] [r=16 c=28 rs=1 cs=1]
              RenderInline {FONT} at (0,0) size 3x12
                RenderText {#text} at (0,0) size 3x12
                  text run at (0,0) width 3: " "
            RenderTableCell {TD} at (227,192) size 9x12 [bgcolor=#BEC2C2] [r=16 c=29 rs=1 cs=1]
              RenderInline {FONT} at (0,0) size 3x12
                RenderText {#text} at (0,0) size 3x12
                  text run at (0,0) width 3: " "
            RenderTableCell {TD} at (235,192) size 9x12 [bgcolor=#FDFDFB] [r=16 c=30 rs=1 cs=1]
              RenderInline {FONT} at (0,0) size 3x12
                RenderText {#text} at (0,0) size 3x12
                  text run at (0,0) width 3: " "
            RenderTableCell {TD} at (243,192) size 8x12 [bgcolor=#DEDFDF] [r=16 c=31 rs=1 cs=1]
              RenderInline {FONT} at (0,0) size 3x12
                RenderText {#text} at (0,0) size 3x12
                  text run at (0,0) width 3: " "
            RenderTableCell {TD} at (251,192) size 8x12 [bgcolor=#939494] [r=16 c=32 rs=1 cs=1]
              RenderInline {FONT} at (0,0) size 3x12
                RenderText {#text} at (0,0) size 3x12
                  text run at (0,0) width 3: " "
            RenderTableCell {TD} at (258,192) size 9x12 [bgcolor=#696A69] [r=16 c=33 rs=1 cs=1]
              RenderInline {FONT} at (0,0) size 3x12
                RenderText {#text} at (0,0) size 3x12
                  text run at (0,0) width 3: " "
            RenderTableCell {TD} at (266,192) size 9x12 [bgcolor=#848788] [r=16 c=34 rs=1 cs=1]
              RenderInline {FONT} at (0,0) size 3x12
                RenderText {#text} at (0,0) size 3x12
                  text run at (0,0) width 3: " "
            RenderTableCell {TD} at (274,192) size 9x12 [bgcolor=#CECFCF] [r=16 c=35 rs=1 cs=1]
              RenderInline {FONT} at (0,0) size 3x12
                RenderText {#text} at (0,0) size 3x12
                  text run at (0,0) width 3: " "
            RenderTableCell {TD} at (282,192) size 9x12 [bgcolor=#FDFDFB] [r=16 c=36 rs=1 cs=1]
              RenderInline {FONT} at (0,0) size 3x12
                RenderText {#text} at (0,0) size 3x12
                  text run at (0,0) width 3: " "
            RenderTableCell {TD} at (290,192) size 9x12 [bgcolor=#DEDFDF] [r=16 c=37 rs=1 cs=1]
              RenderInline {FONT} at (0,0) size 3x12
                RenderText {#text} at (0,0) size 3x12
                  text run at (0,0) width 3: " "
            RenderTableCell {TD} at (298,192) size 8x12 [bgcolor=#8DB7B6] [r=16 c=38 rs=1 cs=1]
              RenderInline {FONT} at (0,0) size 3x12
                RenderText {#text} at (0,0) size 3x12
                  text run at (0,0) width 3: " "
            RenderTableCell {TD} at (305,192) size 9x12 [bgcolor=#72A3A1] [r=16 c=39 rs=1 cs=1]
              RenderInline {FONT} at (0,0) size 3x12
                RenderText {#text} at (0,0) size 3x12
                  text run at (0,0) width 3: " "
            RenderTableCell {TD} at (313,192) size 9x12 [bgcolor=#60A2A3] [r=16 c=40 rs=1 cs=1]
              RenderInline {FONT} at (0,0) size 3x12
                RenderText {#text} at (0,0) size 3x12
                  text run at (0,0) width 3: " "
            RenderTableCell {TD} at (321,192) size 9x12 [bgcolor=#7CAEAF] [r=16 c=41 rs=1 cs=1]
              RenderInline {FONT} at (0,0) size 3x12
                RenderText {#text} at (0,0) size 3x12
                  text run at (0,0) width 3: " "
            RenderTableCell {TD} at (329,192) size 9x12 [bgcolor=#B6D8D7] [r=16 c=42 rs=1 cs=1]
              RenderInline {FONT} at (0,0) size 3x12
                RenderText {#text} at (0,0) size 3x12
                  text run at (0,0) width 3: " "
            RenderTableCell {TD} at (337,192) size 9x12 [bgcolor=#FDFDFB] [r=16 c=43 rs=1 cs=1]
              RenderInline {FONT} at (0,0) size 3x12
                RenderText {#text} at (0,0) size 3x12
                  text run at (0,0) width 3: " "
            RenderTableCell {TD} at (345,192) size 8x12 [bgcolor=#B4B4B4] [r=16 c=44 rs=1 cs=1]
              RenderInline {FONT} at (0,0) size 3x12
                RenderText {#text} at (0,0) size 3x12
                  text run at (0,0) width 3: " "
            RenderTableCell {TD} at (352,192) size 9x12 [bgcolor=#1C2524] [r=16 c=45 rs=1 cs=1]
              RenderInline {FONT} at (0,0) size 3x12
                RenderText {#text} at (0,0) size 3x12
                  text run at (0,0) width 3: " "
            RenderTableCell {TD} at (360,192) size 9x12 [bgcolor=#025E5E] [r=16 c=46 rs=1 cs=1]
              RenderInline {FONT} at (0,0) size 3x12
                RenderText {#text} at (0,0) size 3x12
                  text run at (0,0) width 3: " "
            RenderTableCell {TD} at (368,192) size 9x12 [bgcolor=#1A6B6A] [r=16 c=47 rs=1 cs=1]
              RenderInline {FONT} at (0,0) size 3x12
                RenderText {#text} at (0,0) size 3x12
                  text run at (0,0) width 3: " "
            RenderTableCell {TD} at (376,192) size 9x12 [bgcolor=#B6D0D1] [r=16 c=48 rs=1 cs=1]
              RenderInline {FONT} at (0,0) size 3x12
                RenderText {#text} at (0,0) size 3x12
                  text run at (0,0) width 3: " "
            RenderTableCell {TD} at (384,192) size 9x12 [bgcolor=#FDFDFB] [r=16 c=49 rs=1 cs=1]
              RenderInline {FONT} at (0,0) size 3x12
                RenderText {#text} at (0,0) size 3x12
                  text run at (0,0) width 3: " "
            RenderTableCell {TD} at (392,192) size 9x12 [bgcolor=#848788] [r=16 c=50 rs=1 cs=1]
              RenderInline {FONT} at (0,0) size 3x12
                RenderText {#text} at (0,0) size 3x12
                  text run at (0,0) width 3: " "
            RenderTableCell {TD} at (400,192) size 8x12 [bgcolor=#072323] [r=16 c=51 rs=1 cs=1]
              RenderInline {FONT} at (0,0) size 3x12
                RenderText {#text} at (0,0) size 3x12
                  text run at (0,0) width 3: " "
            RenderTableCell {TD} at (407,192) size 9x12 [bgcolor=#3D4242] [r=16 c=52 rs=1 cs=1]
              RenderInline {FONT} at (0,0) size 3x12
                RenderText {#text} at (0,0) size 3x12
                  text run at (0,0) width 3: " "
            RenderTableCell {TD} at (415,192) size 9x12 [bgcolor=#696A69] [r=16 c=53 rs=1 cs=1]
              RenderInline {FONT} at (0,0) size 3x12
                RenderText {#text} at (0,0) size 3x12
                  text run at (0,0) width 3: " "
            RenderTableCell {TD} at (423,192) size 9x12 [bgcolor=#848788] [r=16 c=54 rs=1 cs=1]
              RenderInline {FONT} at (0,0) size 3x12
                RenderText {#text} at (0,0) size 3x12
                  text run at (0,0) width 3: " "
            RenderTableCell {TD} at (431,192) size 9x12 [bgcolor=#939494] [r=16 c=55 rs=1 cs=1]
              RenderInline {FONT} at (0,0) size 3x12
                RenderText {#text} at (0,0) size 3x12
                  text run at (0,0) width 3: " "
            RenderTableCell {TD} at (439,192) size 9x12 [bgcolor=#B4B4B4] [r=16 c=56 rs=1 cs=1]
              RenderInline {FONT} at (0,0) size 3x12
                RenderText {#text} at (0,0) size 3x12
                  text run at (0,0) width 3: " "
            RenderTableCell {TD} at (447,192) size 8x12 [bgcolor=#FDFDFB] [r=16 c=57 rs=1 cs=1]
              RenderInline {FONT} at (0,0) size 3x12
                RenderText {#text} at (0,0) size 3x12
                  text run at (0,0) width 3: " "
            RenderTableCell {TD} at (454,192) size 9x12 [bgcolor=#FDFDFB] [r=16 c=58 rs=1 cs=1]
              RenderInline {FONT} at (0,0) size 3x12
                RenderText {#text} at (0,0) size 3x12
                  text run at (0,0) width 3: " "
            RenderTableCell {TD} at (462,192) size 9x12 [bgcolor=#2D3433] [r=16 c=59 rs=1 cs=1]
              RenderInline {FONT} at (0,0) size 3x12
                RenderText {#text} at (0,0) size 3x12
                  text run at (0,0) width 3: " "
            RenderTableCell {TD} at (470,192) size 9x12 [bgcolor=#447877] [r=16 c=60 rs=1 cs=1]
              RenderInline {FONT} at (0,0) size 3x12
                RenderText {#text} at (0,0) size 3x12
                  text run at (0,0) width 3: " "
            RenderTableCell {TD} at (478,192) size 9x12 [bgcolor=#027777] [r=16 c=61 rs=1 cs=1]
              RenderInline {FONT} at (0,0) size 3x12
                RenderText {#text} at (0,0) size 3x12
                  text run at (0,0) width 3: " "
            RenderTableCell {TD} at (486,192) size 9x12 [bgcolor=#338686] [r=16 c=62 rs=1 cs=1]
              RenderInline {FONT} at (0,0) size 3x12
                RenderText {#text} at (0,0) size 3x12
                  text run at (0,0) width 3: " "
            RenderTableCell {TD} at (494,192) size 8x12 [bgcolor=#B6D0D1] [r=16 c=63 rs=1 cs=1]
              RenderInline {FONT} at (0,0) size 3x12
                RenderText {#text} at (0,0) size 3x12
                  text run at (0,0) width 3: " "
            RenderTableCell {TD} at (502,192) size 8x12 [bgcolor=#FDFDFB] [r=16 c=64 rs=1 cs=1]
              RenderInline {FONT} at (0,0) size 3x12
                RenderText {#text} at (0,0) size 3x12
                  text run at (0,0) width 3: " "
            RenderTableCell {TD} at (509,192) size 9x12 [bgcolor=#B6D0D1] [r=16 c=65 rs=1 cs=1]
              RenderInline {FONT} at (0,0) size 3x12
                RenderText {#text} at (0,0) size 3x12
                  text run at (0,0) width 3: " "
            RenderTableCell {TD} at (517,192) size 9x12 [bgcolor=#7CAEAF] [r=16 c=66 rs=1 cs=1]
              RenderInline {FONT} at (0,0) size 3x12
                RenderText {#text} at (0,0) size 3x12
                  text run at (0,0) width 3: " "
            RenderTableCell {TD} at (525,192) size 9x12 [bgcolor=#60A2A3] [r=16 c=67 rs=1 cs=1]
              RenderInline {FONT} at (0,0) size 3x12
                RenderText {#text} at (0,0) size 3x12
                  text run at (0,0) width 3: " "
            RenderTableCell {TD} at (533,192) size 9x12 [bgcolor=#7CAEAF] [r=16 c=68 rs=1 cs=1]
              RenderInline {FONT} at (0,0) size 3x12
                RenderText {#text} at (0,0) size 3x12
                  text run at (0,0) width 3: " "
            RenderTableCell {TD} at (541,192) size 9x12 [bgcolor=#CADEDD] [r=16 c=69 rs=1 cs=1]
              RenderInline {FONT} at (0,0) size 3x12
                RenderText {#text} at (0,0) size 3x12
                  text run at (0,0) width 3: " "
            RenderTableCell {TD} at (549,192) size 8x12 [bgcolor=#DEDFDF] [r=16 c=70 rs=1 cs=1]
              RenderInline {FONT} at (0,0) size 3x12
                RenderText {#text} at (0,0) size 3x12
                  text run at (0,0) width 3: " "
            RenderTableCell {TD} at (556,192) size 9x12 [bgcolor=#DEDFDF] [r=16 c=71 rs=1 cs=1]
              RenderInline {FONT} at (0,0) size 3x12
                RenderText {#text} at (0,0) size 3x12
                  text run at (0,0) width 3: " "
            RenderTableCell {TD} at (564,192) size 9x12 [bgcolor=#FDFDFB] [r=16 c=72 rs=1 cs=1]
              RenderInline {FONT} at (0,0) size 3x12
                RenderText {#text} at (0,0) size 3x12
                  text run at (0,0) width 3: " "
            RenderTableCell {TD} at (572,192) size 9x12 [bgcolor=#4D4F4F] [r=16 c=73 rs=1 cs=1]
              RenderInline {FONT} at (0,0) size 3x12
                RenderText {#text} at (0,0) size 3x12
                  text run at (0,0) width 3: " "
            RenderTableCell {TD} at (580,192) size 9x12 [bgcolor=#5E5F60] [r=16 c=74 rs=1 cs=1]
              RenderInline {FONT} at (0,0) size 3x12
                RenderText {#text} at (0,0) size 3x12
                  text run at (0,0) width 3: " "
            RenderTableCell {TD} at (588,192) size 9x12 [bgcolor=#848788] [r=16 c=75 rs=1 cs=1]
              RenderInline {FONT} at (0,0) size 3x12
                RenderText {#text} at (0,0) size 3x12
                  text run at (0,0) width 3: " "
            RenderTableCell {TD} at (596,192) size 8x12 [bgcolor=#939494] [r=16 c=76 rs=1 cs=1]
              RenderInline {FONT} at (0,0) size 3x12
                RenderText {#text} at (0,0) size 3x12
                  text run at (0,0) width 3: " "
            RenderTableCell {TD} at (603,192) size 9x12 [bgcolor=#BEC2C2] [r=16 c=77 rs=1 cs=1]
              RenderInline {FONT} at (0,0) size 3x12
                RenderText {#text} at (0,0) size 3x12
                  text run at (0,0) width 3: " "
            RenderTableCell {TD} at (611,192) size 9x12 [bgcolor=#FDFDFB] [r=16 c=78 rs=1 cs=1]
              RenderInline {FONT} at (0,0) size 3x12
                RenderText {#text} at (0,0) size 3x12
                  text run at (0,0) width 3: " "
            RenderTableCell {TD} at (619,192) size 9x12 [bgcolor=#CADEDD] [r=16 c=79 rs=1 cs=1]
              RenderInline {FONT} at (0,0) size 3x12
                RenderText {#text} at (0,0) size 3x12
                  text run at (0,0) width 3: " "
            RenderTableCell {TD} at (627,192) size 9x12 [bgcolor=#8DB7B6] [r=16 c=80 rs=1 cs=1]
              RenderInline {FONT} at (0,0) size 3x12
                RenderText {#text} at (0,0) size 3x12
                  text run at (0,0) width 3: " "
            RenderTableCell {TD} at (635,192) size 9x12 [bgcolor=#72A3A1] [r=16 c=81 rs=1 cs=1]
              RenderInline {FONT} at (0,0) size 3x12
                RenderText {#text} at (0,0) size 3x12
                  text run at (0,0) width 3: " "
            RenderTableCell {TD} at (643,192) size 9x12 [bgcolor=#72A3A1] [r=16 c=82 rs=1 cs=1]
              RenderInline {FONT} at (0,0) size 3x12
                RenderText {#text} at (0,0) size 3x12
                  text run at (0,0) width 3: " "
            RenderTableCell {TD} at (651,192) size 8x12 [bgcolor=#97C1C0] [r=16 c=83 rs=1 cs=1]
              RenderInline {FONT} at (0,0) size 3x12
                RenderText {#text} at (0,0) size 3x12
                  text run at (0,0) width 3: " "
            RenderTableCell {TD} at (658,192) size 9x12 [bgcolor=#EDEEEF] [r=16 c=84 rs=1 cs=1]
              RenderInline {FONT} at (0,0) size 3x12
                RenderText {#text} at (0,0) size 3x12
                  text run at (0,0) width 3: " "
            RenderTableCell {TD} at (666,192) size 9x12 [bgcolor=#DEDFDF] [r=16 c=85 rs=1 cs=1]
              RenderInline {FONT} at (0,0) size 3x12
                RenderText {#text} at (0,0) size 3x12
                  text run at (0,0) width 3: " "
            RenderTableCell {TD} at (674,192) size 9x12 [bgcolor=#696A69] [r=16 c=86 rs=1 cs=1]
              RenderInline {FONT} at (0,0) size 3x12
                RenderText {#text} at (0,0) size 3x12
                  text run at (0,0) width 3: " "
            RenderTableCell {TD} at (682,192) size 9x12 [bgcolor=#072323] [r=16 c=87 rs=1 cs=1]
              RenderInline {FONT} at (0,0) size 3x12
                RenderText {#text} at (0,0) size 3x12
                  text run at (0,0) width 3: " "
            RenderTableCell {TD} at (690,192) size 9x12 [bgcolor=#025E5E] [r=16 c=88 rs=1 cs=1]
              RenderInline {FONT} at (0,0) size 3x12
                RenderText {#text} at (0,0) size 3x12
                  text run at (0,0) width 3: " "
            RenderTableCell {TD} at (698,192) size 8x12 [bgcolor=#026766] [r=16 c=89 rs=1 cs=1]
              RenderInline {FONT} at (0,0) size 3x12
                RenderText {#text} at (0,0) size 3x12
                  text run at (0,0) width 3: " "
            RenderTableCell {TD} at (705,192) size 9x12 [bgcolor=#287A7A] [r=16 c=90 rs=1 cs=1]
              RenderInline {FONT} at (0,0) size 3x12
                RenderText {#text} at (0,0) size 3x12
                  text run at (0,0) width 3: " "
            RenderTableCell {TD} at (713,192) size 9x12 [bgcolor=#E0EAE9] [r=16 c=91 rs=1 cs=1]
              RenderInline {FONT} at (0,0) size 3x12
                RenderText {#text} at (0,0) size 3x12
                  text run at (0,0) width 3: " "
            RenderTableCell {TD} at (721,192) size 9x12 [bgcolor=#FDFDFB] [r=16 c=92 rs=1 cs=1]
              RenderInline {FONT} at (0,0) size 3x12
                RenderText {#text} at (0,0) size 3x12
                  text run at (0,0) width 3: " "
            RenderTableCell {TD} at (729,192) size 9x12 [bgcolor=#B4B4B4] [r=16 c=93 rs=1 cs=1]
              RenderInline {FONT} at (0,0) size 3x12
                RenderText {#text} at (0,0) size 3x12
                  text run at (0,0) width 3: " "
            RenderTableCell {TD} at (737,192) size 9x12 [bgcolor=#91A3A3] [r=16 c=94 rs=1 cs=1]
              RenderInline {FONT} at (0,0) size 3x12
                RenderText {#text} at (0,0) size 3x12
                  text run at (0,0) width 3: " "
            RenderTableCell {TD} at (745,192) size 8x12 [bgcolor=#848788] [r=16 c=95 rs=1 cs=1]
              RenderInline {FONT} at (0,0) size 3x12
                RenderText {#text} at (0,0) size 3x12
                  text run at (0,0) width 3: " "
            RenderTableCell {TD} at (753,192) size 8x12 [bgcolor=#777878] [r=16 c=96 rs=1 cs=1]
              RenderInline {FONT} at (0,0) size 3x12
                RenderText {#text} at (0,0) size 3x12
                  text run at (0,0) width 3: " "
            RenderTableCell {TD} at (760,192) size 9x12 [bgcolor=#848788] [r=16 c=97 rs=1 cs=1]
              RenderInline {FONT} at (0,0) size 3x12
                RenderText {#text} at (0,0) size 3x12
                  text run at (0,0) width 3: " "
            RenderTableCell {TD} at (768,192) size 9x12 [bgcolor=#777878] [r=16 c=98 rs=1 cs=1]
              RenderInline {FONT} at (0,0) size 3x12
                RenderText {#text} at (0,0) size 3x12
                  text run at (0,0) width 3: " "
            RenderTableCell {TD} at (776,192) size 9x12 [bgcolor=#4D4F4F] [r=16 c=99 rs=1 cs=1]
              RenderInline {FONT} at (0,0) size 3x12
                RenderText {#text} at (0,0) size 3x12
                  text run at (0,0) width 3: " "
          RenderTableRow {TR} at (0,204) size 784x12
            RenderTableCell {TD} at (0,204) size 8x12 [bgcolor=#FDFDFB] [r=17 c=0 rs=1 cs=1]
              RenderInline {FONT} at (0,0) size 3x12
                RenderText {#text} at (0,0) size 3x12
                  text run at (0,0) width 3: " "
            RenderTableCell {TD} at (7,204) size 9x12 [bgcolor=#CADEDD] [r=17 c=1 rs=1 cs=1]
              RenderInline {FONT} at (0,0) size 3x12
                RenderText {#text} at (0,0) size 3x12
                  text run at (0,0) width 3: " "
            RenderTableCell {TD} at (15,204) size 9x12 [bgcolor=#1A6B6A] [r=17 c=2 rs=1 cs=1]
              RenderInline {FONT} at (0,0) size 3x12
                RenderText {#text} at (0,0) size 3x12
                  text run at (0,0) width 3: " "
            RenderTableCell {TD} at (23,204) size 9x12 [bgcolor=#1A5C5C] [r=17 c=3 rs=1 cs=1]
              RenderInline {FONT} at (0,0) size 3x12
                RenderText {#text} at (0,0) size 3x12
                  text run at (0,0) width 3: " "
            RenderTableCell {TD} at (31,204) size 9x12 [bgcolor=#647979] [r=17 c=4 rs=1 cs=1]
              RenderInline {FONT} at (0,0) size 3x12
                RenderText {#text} at (0,0) size 3x12
                  text run at (0,0) width 3: " "
            RenderTableCell {TD} at (39,204) size 9x12 [bgcolor=#939494] [r=17 c=5 rs=1 cs=1]
              RenderInline {FONT} at (0,0) size 3x12
                RenderText {#text} at (0,0) size 3x12
                  text run at (0,0) width 3: " "
            RenderTableCell {TD} at (47,204) size 8x12 [bgcolor=#A5A6A6] [r=17 c=6 rs=1 cs=1]
              RenderInline {FONT} at (0,0) size 3x12
                RenderText {#text} at (0,0) size 3x12
                  text run at (0,0) width 3: " "
            RenderTableCell {TD} at (54,204) size 9x12 [bgcolor=#A5A6A6] [r=17 c=7 rs=1 cs=1]
              RenderInline {FONT} at (0,0) size 3x12
                RenderText {#text} at (0,0) size 3x12
                  text run at (0,0) width 3: " "
            RenderTableCell {TD} at (62,204) size 9x12 [bgcolor=#A5A6A6] [r=17 c=8 rs=1 cs=1]
              RenderInline {FONT} at (0,0) size 3x12
                RenderText {#text} at (0,0) size 3x12
                  text run at (0,0) width 3: " "
            RenderTableCell {TD} at (70,204) size 9x12 [bgcolor=#91A3A3] [r=17 c=9 rs=1 cs=1]
              RenderInline {FONT} at (0,0) size 3x12
                RenderText {#text} at (0,0) size 3x12
                  text run at (0,0) width 3: " "
            RenderTableCell {TD} at (78,204) size 9x12 [bgcolor=#696A69] [r=17 c=10 rs=1 cs=1]
              RenderInline {FONT} at (0,0) size 3x12
                RenderText {#text} at (0,0) size 3x12
                  text run at (0,0) width 3: " "
            RenderTableCell {TD} at (86,204) size 9x12 [bgcolor=#1C2524] [r=17 c=11 rs=1 cs=1]
              RenderInline {FONT} at (0,0) size 3x12
                RenderText {#text} at (0,0) size 3x12
                  text run at (0,0) width 3: " "
            RenderTableCell {TD} at (94,204) size 8x12 [bgcolor=#083131] [r=17 c=12 rs=1 cs=1]
              RenderInline {FONT} at (0,0) size 3x12
                RenderText {#text} at (0,0) size 3x12
                  text run at (0,0) width 3: " "
            RenderTableCell {TD} at (101,204) size 9x12 [bgcolor=#044140] [r=17 c=13 rs=1 cs=1]
              RenderInline {FONT} at (0,0) size 3x12
                RenderText {#text} at (0,0) size 3x12
                  text run at (0,0) width 3: " "
            RenderTableCell {TD} at (109,204) size 9x12 [bgcolor=#223C3D] [r=17 c=14 rs=1 cs=1]
              RenderInline {FONT} at (0,0) size 3x12
                RenderText {#text} at (0,0) size 3x12
                  text run at (0,0) width 3: " "
            RenderTableCell {TD} at (117,204) size 9x12 [bgcolor=#777878] [r=17 c=15 rs=1 cs=1]
              RenderInline {FONT} at (0,0) size 3x12
                RenderText {#text} at (0,0) size 3x12
                  text run at (0,0) width 3: " "
            RenderTableCell {TD} at (125,204) size 9x12 [bgcolor=#939494] [r=17 c=16 rs=1 cs=1]
              RenderInline {FONT} at (0,0) size 3x12
                RenderText {#text} at (0,0) size 3x12
                  text run at (0,0) width 3: " "
            RenderTableCell {TD} at (133,204) size 9x12 [bgcolor=#848788] [r=17 c=17 rs=1 cs=1]
              RenderInline {FONT} at (0,0) size 3x12
                RenderText {#text} at (0,0) size 3x12
                  text run at (0,0) width 3: " "
            RenderTableCell {TD} at (141,204) size 9x12 [bgcolor=#2D3433] [r=17 c=18 rs=1 cs=1]
              RenderInline {FONT} at (0,0) size 3x12
                RenderText {#text} at (0,0) size 3x12
                  text run at (0,0) width 3: " "
            RenderTableCell {TD} at (149,204) size 8x12 [bgcolor=#1E7A79] [r=17 c=19 rs=1 cs=1]
              RenderInline {FONT} at (0,0) size 3x12
                RenderText {#text} at (0,0) size 3x12
                  text run at (0,0) width 3: " "
            RenderTableCell {TD} at (156,204) size 9x12 [bgcolor=#027777] [r=17 c=20 rs=1 cs=1]
              RenderInline {FONT} at (0,0) size 3x12
                RenderText {#text} at (0,0) size 3x12
                  text run at (0,0) width 3: " "
            RenderTableCell {TD} at (164,204) size 9x12 [bgcolor=#1A6B6A] [r=17 c=21 rs=1 cs=1]
              RenderInline {FONT} at (0,0) size 3x12
                RenderText {#text} at (0,0) size 3x12
                  text run at (0,0) width 3: " "
            RenderTableCell {TD} at (172,204) size 9x12 [bgcolor=#5A8787] [r=17 c=22 rs=1 cs=1]
              RenderInline {FONT} at (0,0) size 3x12
                RenderText {#text} at (0,0) size 3x12
                  text run at (0,0) width 3: " "
            RenderTableCell {TD} at (180,204) size 9x12 [bgcolor=#A5A6A6] [r=17 c=23 rs=1 cs=1]
              RenderInline {FONT} at (0,0) size 3x12
                RenderText {#text} at (0,0) size 3x12
                  text run at (0,0) width 3: " "
            RenderTableCell {TD} at (188,204) size 9x12 [bgcolor=#A5A6A6] [r=17 c=24 rs=1 cs=1]
              RenderInline {FONT} at (0,0) size 3x12
                RenderText {#text} at (0,0) size 3x12
                  text run at (0,0) width 3: " "
            RenderTableCell {TD} at (196,204) size 8x12 [bgcolor=#A5A6A6] [r=17 c=25 rs=1 cs=1]
              RenderInline {FONT} at (0,0) size 3x12
                RenderText {#text} at (0,0) size 3x12
                  text run at (0,0) width 3: " "
            RenderTableCell {TD} at (203,204) size 9x12 [bgcolor=#939494] [r=17 c=26 rs=1 cs=1]
              RenderInline {FONT} at (0,0) size 3x12
                RenderText {#text} at (0,0) size 3x12
                  text run at (0,0) width 3: " "
            RenderTableCell {TD} at (211,204) size 9x12 [bgcolor=#696A69] [r=17 c=27 rs=1 cs=1]
              RenderInline {FONT} at (0,0) size 3x12
                RenderText {#text} at (0,0) size 3x12
                  text run at (0,0) width 3: " "
            RenderTableCell {TD} at (219,204) size 9x12 [bgcolor=#072323] [r=17 c=28 rs=1 cs=1]
              RenderInline {FONT} at (0,0) size 3x12
                RenderText {#text} at (0,0) size 3x12
                  text run at (0,0) width 3: " "
            RenderTableCell {TD} at (227,204) size 9x12 [bgcolor=#083131] [r=17 c=29 rs=1 cs=1]
              RenderInline {FONT} at (0,0) size 3x12
                RenderText {#text} at (0,0) size 3x12
                  text run at (0,0) width 3: " "
            RenderTableCell {TD} at (235,204) size 9x12 [bgcolor=#647979] [r=17 c=30 rs=1 cs=1]
              RenderInline {FONT} at (0,0) size 3x12
                RenderText {#text} at (0,0) size 3x12
                  text run at (0,0) width 3: " "
            RenderTableCell {TD} at (243,204) size 8x12 [bgcolor=#939494] [r=17 c=31 rs=1 cs=1]
              RenderInline {FONT} at (0,0) size 3x12
                RenderText {#text} at (0,0) size 3x12
                  text run at (0,0) width 3: " "
            RenderTableCell {TD} at (251,204) size 8x12 [bgcolor=#939494] [r=17 c=32 rs=1 cs=1]
              RenderInline {FONT} at (0,0) size 3x12
                RenderText {#text} at (0,0) size 3x12
                  text run at (0,0) width 3: " "
            RenderTableCell {TD} at (258,204) size 9x12 [bgcolor=#3D4242] [r=17 c=33 rs=1 cs=1]
              RenderInline {FONT} at (0,0) size 3x12
                RenderText {#text} at (0,0) size 3x12
                  text run at (0,0) width 3: " "
            RenderTableCell {TD} at (266,204) size 9x12 [bgcolor=#777878] [r=17 c=34 rs=1 cs=1]
              RenderInline {FONT} at (0,0) size 3x12
                RenderText {#text} at (0,0) size 3x12
                  text run at (0,0) width 3: " "
            RenderTableCell {TD} at (274,204) size 9x12 [bgcolor=#848788] [r=17 c=35 rs=1 cs=1]
              RenderInline {FONT} at (0,0) size 3x12
                RenderText {#text} at (0,0) size 3x12
                  text run at (0,0) width 3: " "
            RenderTableCell {TD} at (282,204) size 9x12 [bgcolor=#447877] [r=17 c=36 rs=1 cs=1]
              RenderInline {FONT} at (0,0) size 3x12
                RenderText {#text} at (0,0) size 3x12
                  text run at (0,0) width 3: " "
            RenderTableCell {TD} at (290,204) size 9x12 [bgcolor=#7B918F] [r=17 c=37 rs=1 cs=1]
              RenderInline {FONT} at (0,0) size 3x12
                RenderText {#text} at (0,0) size 3x12
                  text run at (0,0) width 3: " "
            RenderTableCell {TD} at (298,204) size 8x12 [bgcolor=#A5A6A6] [r=17 c=38 rs=1 cs=1]
              RenderInline {FONT} at (0,0) size 3x12
                RenderText {#text} at (0,0) size 3x12
                  text run at (0,0) width 3: " "
            RenderTableCell {TD} at (305,204) size 9x12 [bgcolor=#A5A6A6] [r=17 c=39 rs=1 cs=1]
              RenderInline {FONT} at (0,0) size 3x12
                RenderText {#text} at (0,0) size 3x12
                  text run at (0,0) width 3: " "
            RenderTableCell {TD} at (313,204) size 9x12 [bgcolor=#A5A6A6] [r=17 c=40 rs=1 cs=1]
              RenderInline {FONT} at (0,0) size 3x12
                RenderText {#text} at (0,0) size 3x12
                  text run at (0,0) width 3: " "
            RenderTableCell {TD} at (321,204) size 9x12 [bgcolor=#A5A6A6] [r=17 c=41 rs=1 cs=1]
              RenderInline {FONT} at (0,0) size 3x12
                RenderText {#text} at (0,0) size 3x12
                  text run at (0,0) width 3: " "
            RenderTableCell {TD} at (329,204) size 9x12 [bgcolor=#848788] [r=17 c=42 rs=1 cs=1]
              RenderInline {FONT} at (0,0) size 3x12
                RenderText {#text} at (0,0) size 3x12
                  text run at (0,0) width 3: " "
            RenderTableCell {TD} at (337,204) size 9x12 [bgcolor=#344C4E] [r=17 c=43 rs=1 cs=1]
              RenderInline {FONT} at (0,0) size 3x12
                RenderText {#text} at (0,0) size 3x12
                  text run at (0,0) width 3: " "
            RenderTableCell {TD} at (345,204) size 8x12 [bgcolor=#072323] [r=17 c=44 rs=1 cs=1]
              RenderInline {FONT} at (0,0) size 3x12
                RenderText {#text} at (0,0) size 3x12
                  text run at (0,0) width 3: " "
            RenderTableCell {TD} at (352,204) size 9x12 [bgcolor=#044F4F] [r=17 c=45 rs=1 cs=1]
              RenderInline {FONT} at (0,0) size 3x12
                RenderText {#text} at (0,0) size 3x12
                  text run at (0,0) width 3: " "
            RenderTableCell {TD} at (360,204) size 9x12 [bgcolor=#026766] [r=17 c=46 rs=1 cs=1]
              RenderInline {FONT} at (0,0) size 3x12
                RenderText {#text} at (0,0) size 3x12
                  text run at (0,0) width 3: " "
            RenderTableCell {TD} at (368,204) size 9x12 [bgcolor=#026766] [r=17 c=47 rs=1 cs=1]
              RenderInline {FONT} at (0,0) size 3x12
                RenderText {#text} at (0,0) size 3x12
                  text run at (0,0) width 3: " "
            RenderTableCell {TD} at (376,204) size 9x12 [bgcolor=#589594] [r=17 c=48 rs=1 cs=1]
              RenderInline {FONT} at (0,0) size 3x12
                RenderText {#text} at (0,0) size 3x12
                  text run at (0,0) width 3: " "
            RenderTableCell {TD} at (384,204) size 9x12 [bgcolor=#848788] [r=17 c=49 rs=1 cs=1]
              RenderInline {FONT} at (0,0) size 3x12
                RenderText {#text} at (0,0) size 3x12
                  text run at (0,0) width 3: " "
            RenderTableCell {TD} at (392,204) size 9x12 [bgcolor=#344C4E] [r=17 c=50 rs=1 cs=1]
              RenderInline {FONT} at (0,0) size 3x12
                RenderText {#text} at (0,0) size 3x12
                  text run at (0,0) width 3: " "
            RenderTableCell {TD} at (400,204) size 8x12 [bgcolor=#083131] [r=17 c=51 rs=1 cs=1]
              RenderInline {FONT} at (0,0) size 3x12
                RenderText {#text} at (0,0) size 3x12
                  text run at (0,0) width 3: " "
            RenderTableCell {TD} at (407,204) size 9x12 [bgcolor=#3D4242] [r=17 c=52 rs=1 cs=1]
              RenderInline {FONT} at (0,0) size 3x12
                RenderText {#text} at (0,0) size 3x12
                  text run at (0,0) width 3: " "
            RenderTableCell {TD} at (415,204) size 9x12 [bgcolor=#696A69] [r=17 c=53 rs=1 cs=1]
              RenderInline {FONT} at (0,0) size 3x12
                RenderText {#text} at (0,0) size 3x12
                  text run at (0,0) width 3: " "
            RenderTableCell {TD} at (423,204) size 9x12 [bgcolor=#848788] [r=17 c=54 rs=1 cs=1]
              RenderInline {FONT} at (0,0) size 3x12
                RenderText {#text} at (0,0) size 3x12
                  text run at (0,0) width 3: " "
            RenderTableCell {TD} at (431,204) size 9x12 [bgcolor=#939494] [r=17 c=55 rs=1 cs=1]
              RenderInline {FONT} at (0,0) size 3x12
                RenderText {#text} at (0,0) size 3x12
                  text run at (0,0) width 3: " "
            RenderTableCell {TD} at (439,204) size 9x12 [bgcolor=#A5A6A6] [r=17 c=56 rs=1 cs=1]
              RenderInline {FONT} at (0,0) size 3x12
                RenderText {#text} at (0,0) size 3x12
                  text run at (0,0) width 3: " "
            RenderTableCell {TD} at (447,204) size 8x12 [bgcolor=#91A3A3] [r=17 c=57 rs=1 cs=1]
              RenderInline {FONT} at (0,0) size 3x12
                RenderText {#text} at (0,0) size 3x12
                  text run at (0,0) width 3: " "
            RenderTableCell {TD} at (454,204) size 9x12 [bgcolor=#848788] [r=17 c=58 rs=1 cs=1]
              RenderInline {FONT} at (0,0) size 3x12
                RenderText {#text} at (0,0) size 3x12
                  text run at (0,0) width 3: " "
            RenderTableCell {TD} at (462,204) size 9x12 [bgcolor=#3D4242] [r=17 c=59 rs=1 cs=1]
              RenderInline {FONT} at (0,0) size 3x12
                RenderText {#text} at (0,0) size 3x12
                  text run at (0,0) width 3: " "
            RenderTableCell {TD} at (470,204) size 9x12 [bgcolor=#848788] [r=17 c=60 rs=1 cs=1]
              RenderInline {FONT} at (0,0) size 3x12
                RenderText {#text} at (0,0) size 3x12
                  text run at (0,0) width 3: " "
            RenderTableCell {TD} at (478,204) size 9x12 [bgcolor=#026766] [r=17 c=61 rs=1 cs=1]
              RenderInline {FONT} at (0,0) size 3x12
                RenderText {#text} at (0,0) size 3x12
                  text run at (0,0) width 3: " "
            RenderTableCell {TD} at (486,204) size 9x12 [bgcolor=#026766] [r=17 c=62 rs=1 cs=1]
              RenderInline {FONT} at (0,0) size 3x12
                RenderText {#text} at (0,0) size 3x12
                  text run at (0,0) width 3: " "
            RenderTableCell {TD} at (494,204) size 8x12 [bgcolor=#025E5E] [r=17 c=63 rs=1 cs=1]
              RenderInline {FONT} at (0,0) size 3x12
                RenderText {#text} at (0,0) size 3x12
                  text run at (0,0) width 3: " "
            RenderTableCell {TD} at (502,204) size 8x12 [bgcolor=#526B6B] [r=17 c=64 rs=1 cs=1]
              RenderInline {FONT} at (0,0) size 3x12
                RenderText {#text} at (0,0) size 3x12
                  text run at (0,0) width 3: " "
            RenderTableCell {TD} at (509,204) size 9x12 [bgcolor=#939494] [r=17 c=65 rs=1 cs=1]
              RenderInline {FONT} at (0,0) size 3x12
                RenderText {#text} at (0,0) size 3x12
                  text run at (0,0) width 3: " "
            RenderTableCell {TD} at (517,204) size 9x12 [bgcolor=#A5A6A6] [r=17 c=66 rs=1 cs=1]
              RenderInline {FONT} at (0,0) size 3x12
                RenderText {#text} at (0,0) size 3x12
                  text run at (0,0) width 3: " "
            RenderTableCell {TD} at (525,204) size 9x12 [bgcolor=#A5A6A6] [r=17 c=67 rs=1 cs=1]
              RenderInline {FONT} at (0,0) size 3x12
                RenderText {#text} at (0,0) size 3x12
                  text run at (0,0) width 3: " "
            RenderTableCell {TD} at (533,204) size 9x12 [bgcolor=#A5A6A6] [r=17 c=68 rs=1 cs=1]
              RenderInline {FONT} at (0,0) size 3x12
                RenderText {#text} at (0,0) size 3x12
                  text run at (0,0) width 3: " "
            RenderTableCell {TD} at (541,204) size 9x12 [bgcolor=#696A69] [r=17 c=69 rs=1 cs=1]
              RenderInline {FONT} at (0,0) size 3x12
                RenderText {#text} at (0,0) size 3x12
                  text run at (0,0) width 3: " "
            RenderTableCell {TD} at (549,204) size 8x12 [bgcolor=#083131] [r=17 c=70 rs=1 cs=1]
              RenderInline {FONT} at (0,0) size 3x12
                RenderText {#text} at (0,0) size 3x12
                  text run at (0,0) width 3: " "
            RenderTableCell {TD} at (556,204) size 9x12 [bgcolor=#647979] [r=17 c=71 rs=1 cs=1]
              RenderInline {FONT} at (0,0) size 3x12
                RenderText {#text} at (0,0) size 3x12
                  text run at (0,0) width 3: " "
            RenderTableCell {TD} at (564,204) size 9x12 [bgcolor=#848788] [r=17 c=72 rs=1 cs=1]
              RenderInline {FONT} at (0,0) size 3x12
                RenderText {#text} at (0,0) size 3x12
                  text run at (0,0) width 3: " "
            RenderTableCell {TD} at (572,204) size 9x12 [bgcolor=#2D3433] [r=17 c=73 rs=1 cs=1]
              RenderInline {FONT} at (0,0) size 3x12
                RenderText {#text} at (0,0) size 3x12
                  text run at (0,0) width 3: " "
            RenderTableCell {TD} at (580,204) size 9x12 [bgcolor=#5E5F60] [r=17 c=74 rs=1 cs=1]
              RenderInline {FONT} at (0,0) size 3x12
                RenderText {#text} at (0,0) size 3x12
                  text run at (0,0) width 3: " "
            RenderTableCell {TD} at (588,204) size 9x12 [bgcolor=#848788] [r=17 c=75 rs=1 cs=1]
              RenderInline {FONT} at (0,0) size 3x12
                RenderText {#text} at (0,0) size 3x12
                  text run at (0,0) width 3: " "
            RenderTableCell {TD} at (596,204) size 8x12 [bgcolor=#939494] [r=17 c=76 rs=1 cs=1]
              RenderInline {FONT} at (0,0) size 3x12
                RenderText {#text} at (0,0) size 3x12
                  text run at (0,0) width 3: " "
            RenderTableCell {TD} at (603,204) size 9x12 [bgcolor=#848788] [r=17 c=77 rs=1 cs=1]
              RenderInline {FONT} at (0,0) size 3x12
                RenderText {#text} at (0,0) size 3x12
                  text run at (0,0) width 3: " "
            RenderTableCell {TD} at (611,204) size 9x12 [bgcolor=#527274] [r=17 c=78 rs=1 cs=1]
              RenderInline {FONT} at (0,0) size 3x12
                RenderText {#text} at (0,0) size 3x12
                  text run at (0,0) width 3: " "
            RenderTableCell {TD} at (619,204) size 9x12 [bgcolor=#7B918F] [r=17 c=79 rs=1 cs=1]
              RenderInline {FONT} at (0,0) size 3x12
                RenderText {#text} at (0,0) size 3x12
                  text run at (0,0) width 3: " "
            RenderTableCell {TD} at (627,204) size 9x12 [bgcolor=#A5A6A6] [r=17 c=80 rs=1 cs=1]
              RenderInline {FONT} at (0,0) size 3x12
                RenderText {#text} at (0,0) size 3x12
                  text run at (0,0) width 3: " "
            RenderTableCell {TD} at (635,204) size 9x12 [bgcolor=#A5A6A6] [r=17 c=81 rs=1 cs=1]
              RenderInline {FONT} at (0,0) size 3x12
                RenderText {#text} at (0,0) size 3x12
                  text run at (0,0) width 3: " "
            RenderTableCell {TD} at (643,204) size 9x12 [bgcolor=#A5A6A6] [r=17 c=82 rs=1 cs=1]
              RenderInline {FONT} at (0,0) size 3x12
                RenderText {#text} at (0,0) size 3x12
                  text run at (0,0) width 3: " "
            RenderTableCell {TD} at (651,204) size 8x12 [bgcolor=#939494] [r=17 c=83 rs=1 cs=1]
              RenderInline {FONT} at (0,0) size 3x12
                RenderText {#text} at (0,0) size 3x12
                  text run at (0,0) width 3: " "
            RenderTableCell {TD} at (658,204) size 9x12 [bgcolor=#5E5F60] [r=17 c=84 rs=1 cs=1]
              RenderInline {FONT} at (0,0) size 3x12
                RenderText {#text} at (0,0) size 3x12
                  text run at (0,0) width 3: " "
            RenderTableCell {TD} at (666,204) size 9x12 [bgcolor=#072323] [r=17 c=85 rs=1 cs=1]
              RenderInline {FONT} at (0,0) size 3x12
                RenderText {#text} at (0,0) size 3x12
                  text run at (0,0) width 3: " "
            RenderTableCell {TD} at (674,204) size 9x12 [bgcolor=#044140] [r=17 c=86 rs=1 cs=1]
              RenderInline {FONT} at (0,0) size 3x12
                RenderText {#text} at (0,0) size 3x12
                  text run at (0,0) width 3: " "
            RenderTableCell {TD} at (682,204) size 9x12 [bgcolor=#026766] [r=17 c=87 rs=1 cs=1]
              RenderInline {FONT} at (0,0) size 3x12
                RenderText {#text} at (0,0) size 3x12
                  text run at (0,0) width 3: " "
            RenderTableCell {TD} at (690,204) size 9x12 [bgcolor=#026766] [r=17 c=88 rs=1 cs=1]
              RenderInline {FONT} at (0,0) size 3x12
                RenderText {#text} at (0,0) size 3x12
                  text run at (0,0) width 3: " "
            RenderTableCell {TD} at (698,204) size 8x12 [bgcolor=#026766] [r=17 c=89 rs=1 cs=1]
              RenderInline {FONT} at (0,0) size 3x12
                RenderText {#text} at (0,0) size 3x12
                  text run at (0,0) width 3: " "
            RenderTableCell {TD} at (705,204) size 9x12 [bgcolor=#026766] [r=17 c=90 rs=1 cs=1]
              RenderInline {FONT} at (0,0) size 3x12
                RenderText {#text} at (0,0) size 3x12
                  text run at (0,0) width 3: " "
            RenderTableCell {TD} at (713,204) size 9x12 [bgcolor=#287A7A] [r=17 c=91 rs=1 cs=1]
              RenderInline {FONT} at (0,0) size 3x12
                RenderText {#text} at (0,0) size 3x12
                  text run at (0,0) width 3: " "
            RenderTableCell {TD} at (721,204) size 9x12 [bgcolor=#939494] [r=17 c=92 rs=1 cs=1]
              RenderInline {FONT} at (0,0) size 3x12
                RenderText {#text} at (0,0) size 3x12
                  text run at (0,0) width 3: " "
            RenderTableCell {TD} at (729,204) size 9x12 [bgcolor=#939494] [r=17 c=93 rs=1 cs=1]
              RenderInline {FONT} at (0,0) size 3x12
                RenderText {#text} at (0,0) size 3x12
                  text run at (0,0) width 3: " "
            RenderTableCell {TD} at (737,204) size 9x12 [bgcolor=#939494] [r=17 c=94 rs=1 cs=1]
              RenderInline {FONT} at (0,0) size 3x12
                RenderText {#text} at (0,0) size 3x12
                  text run at (0,0) width 3: " "
            RenderTableCell {TD} at (745,204) size 8x12 [bgcolor=#4D4F4F] [r=17 c=95 rs=1 cs=1]
              RenderInline {FONT} at (0,0) size 3x12
                RenderText {#text} at (0,0) size 3x12
                  text run at (0,0) width 3: " "
            RenderTableCell {TD} at (753,204) size 8x12 [bgcolor=#696A69] [r=17 c=96 rs=1 cs=1]
              RenderInline {FONT} at (0,0) size 3x12
                RenderText {#text} at (0,0) size 3x12
                  text run at (0,0) width 3: " "
            RenderTableCell {TD} at (760,204) size 9x12 [bgcolor=#848788] [r=17 c=97 rs=1 cs=1]
              RenderInline {FONT} at (0,0) size 3x12
                RenderText {#text} at (0,0) size 3x12
                  text run at (0,0) width 3: " "
            RenderTableCell {TD} at (768,204) size 9x12 [bgcolor=#777878] [r=17 c=98 rs=1 cs=1]
              RenderInline {FONT} at (0,0) size 3x12
                RenderText {#text} at (0,0) size 3x12
                  text run at (0,0) width 3: " "
            RenderTableCell {TD} at (776,204) size 9x12 [bgcolor=#4D4F4F] [r=17 c=99 rs=1 cs=1]
              RenderInline {FONT} at (0,0) size 3x12
                RenderText {#text} at (0,0) size 3x12
                  text run at (0,0) width 3: " "
          RenderTableRow {TR} at (0,216) size 784x12
            RenderTableCell {TD} at (0,216) size 8x12 [bgcolor=#FDFDFB] [r=18 c=0 rs=1 cs=1]
              RenderInline {FONT} at (0,0) size 3x12
                RenderText {#text} at (0,0) size 3x12
                  text run at (0,0) width 3: " "
            RenderTableCell {TD} at (7,216) size 9x12 [bgcolor=#EDEEEF] [r=18 c=1 rs=1 cs=1]
              RenderInline {FONT} at (0,0) size 3x12
                RenderText {#text} at (0,0) size 3x12
                  text run at (0,0) width 3: " "
            RenderTableCell {TD} at (15,216) size 9x12 [bgcolor=#7CAEAF] [r=18 c=2 rs=1 cs=1]
              RenderInline {FONT} at (0,0) size 3x12
                RenderText {#text} at (0,0) size 3x12
                  text run at (0,0) width 3: " "
            RenderTableCell {TD} at (23,216) size 9x12 [bgcolor=#025E5E] [r=18 c=3 rs=1 cs=1]
              RenderInline {FONT} at (0,0) size 3x12
                RenderText {#text} at (0,0) size 3x12
                  text run at (0,0) width 3: " "
            RenderTableCell {TD} at (31,216) size 9x12 [bgcolor=#025E5E] [r=18 c=4 rs=1 cs=1]
              RenderInline {FONT} at (0,0) size 3x12
                RenderText {#text} at (0,0) size 3x12
                  text run at (0,0) width 3: " "
            RenderTableCell {TD} at (39,216) size 9x12 [bgcolor=#044F4F] [r=18 c=5 rs=1 cs=1]
              RenderInline {FONT} at (0,0) size 3x12
                RenderText {#text} at (0,0) size 3x12
                  text run at (0,0) width 3: " "
            RenderTableCell {TD} at (47,216) size 8x12 [bgcolor=#044F4F] [r=18 c=6 rs=1 cs=1]
              RenderInline {FONT} at (0,0) size 3x12
                RenderText {#text} at (0,0) size 3x12
                  text run at (0,0) width 3: " "
            RenderTableCell {TD} at (54,216) size 9x12 [bgcolor=#044F4F] [r=18 c=7 rs=1 cs=1]
              RenderInline {FONT} at (0,0) size 3x12
                RenderText {#text} at (0,0) size 3x12
                  text run at (0,0) width 3: " "
            RenderTableCell {TD} at (62,216) size 9x12 [bgcolor=#044F4F] [r=18 c=8 rs=1 cs=1]
              RenderInline {FONT} at (0,0) size 3x12
                RenderText {#text} at (0,0) size 3x12
                  text run at (0,0) width 3: " "
            RenderTableCell {TD} at (70,216) size 9x12 [bgcolor=#044F4F] [r=18 c=9 rs=1 cs=1]
              RenderInline {FONT} at (0,0) size 3x12
                RenderText {#text} at (0,0) size 3x12
                  text run at (0,0) width 3: " "
            RenderTableCell {TD} at (78,216) size 9x12 [bgcolor=#044F4F] [r=18 c=10 rs=1 cs=1]
              RenderInline {FONT} at (0,0) size 3x12
                RenderText {#text} at (0,0) size 3x12
                  text run at (0,0) width 3: " "
            RenderTableCell {TD} at (86,216) size 9x12 [bgcolor=#025E5E] [r=18 c=11 rs=1 cs=1]
              RenderInline {FONT} at (0,0) size 3x12
                RenderText {#text} at (0,0) size 3x12
                  text run at (0,0) width 3: " "
            RenderTableCell {TD} at (94,216) size 8x12 [bgcolor=#025E5E] [r=18 c=12 rs=1 cs=1]
              RenderInline {FONT} at (0,0) size 3x12
                RenderText {#text} at (0,0) size 3x12
                  text run at (0,0) width 3: " "
            RenderTableCell {TD} at (101,216) size 9x12 [bgcolor=#044140] [r=18 c=13 rs=1 cs=1]
              RenderInline {FONT} at (0,0) size 3x12
                RenderText {#text} at (0,0) size 3x12
                  text run at (0,0) width 3: " "
            RenderTableCell {TD} at (109,216) size 9x12 [bgcolor=#223C3D] [r=18 c=14 rs=1 cs=1]
              RenderInline {FONT} at (0,0) size 3x12
                RenderText {#text} at (0,0) size 3x12
                  text run at (0,0) width 3: " "
            RenderTableCell {TD} at (117,216) size 9x12 [bgcolor=#515C5B] [r=18 c=15 rs=1 cs=1]
              RenderInline {FONT} at (0,0) size 3x12
                RenderText {#text} at (0,0) size 3x12
                  text run at (0,0) width 3: " "
            RenderTableCell {TD} at (125,216) size 9x12 [bgcolor=#696A69] [r=18 c=16 rs=1 cs=1]
              RenderInline {FONT} at (0,0) size 3x12
                RenderText {#text} at (0,0) size 3x12
                  text run at (0,0) width 3: " "
            RenderTableCell {TD} at (133,216) size 9x12 [bgcolor=#777878] [r=18 c=17 rs=1 cs=1]
              RenderInline {FONT} at (0,0) size 3x12
                RenderText {#text} at (0,0) size 3x12
                  text run at (0,0) width 3: " "
            RenderTableCell {TD} at (141,216) size 9x12 [bgcolor=#777878] [r=18 c=18 rs=1 cs=1]
              RenderInline {FONT} at (0,0) size 3x12
                RenderText {#text} at (0,0) size 3x12
                  text run at (0,0) width 3: " "
            RenderTableCell {TD} at (149,216) size 8x12 [bgcolor=#1E7A79] [r=18 c=19 rs=1 cs=1]
              RenderInline {FONT} at (0,0) size 3x12
                RenderText {#text} at (0,0) size 3x12
                  text run at (0,0) width 3: " "
            RenderTableCell {TD} at (156,216) size 9x12 [bgcolor=#027777] [r=18 c=20 rs=1 cs=1]
              RenderInline {FONT} at (0,0) size 3x12
                RenderText {#text} at (0,0) size 3x12
                  text run at (0,0) width 3: " "
            RenderTableCell {TD} at (164,216) size 9x12 [bgcolor=#026766] [r=18 c=21 rs=1 cs=1]
              RenderInline {FONT} at (0,0) size 3x12
                RenderText {#text} at (0,0) size 3x12
                  text run at (0,0) width 3: " "
            RenderTableCell {TD} at (172,216) size 9x12 [bgcolor=#025E5E] [r=18 c=22 rs=1 cs=1]
              RenderInline {FONT} at (0,0) size 3x12
                RenderText {#text} at (0,0) size 3x12
                  text run at (0,0) width 3: " "
            RenderTableCell {TD} at (180,216) size 9x12 [bgcolor=#044F4F] [r=18 c=23 rs=1 cs=1]
              RenderInline {FONT} at (0,0) size 3x12
                RenderText {#text} at (0,0) size 3x12
                  text run at (0,0) width 3: " "
            RenderTableCell {TD} at (188,216) size 9x12 [bgcolor=#044F4F] [r=18 c=24 rs=1 cs=1]
              RenderInline {FONT} at (0,0) size 3x12
                RenderText {#text} at (0,0) size 3x12
                  text run at (0,0) width 3: " "
            RenderTableCell {TD} at (196,216) size 8x12 [bgcolor=#044F4F] [r=18 c=25 rs=1 cs=1]
              RenderInline {FONT} at (0,0) size 3x12
                RenderText {#text} at (0,0) size 3x12
                  text run at (0,0) width 3: " "
            RenderTableCell {TD} at (203,216) size 9x12 [bgcolor=#044140] [r=18 c=26 rs=1 cs=1]
              RenderInline {FONT} at (0,0) size 3x12
                RenderText {#text} at (0,0) size 3x12
                  text run at (0,0) width 3: " "
            RenderTableCell {TD} at (211,216) size 9x12 [bgcolor=#044F4F] [r=18 c=27 rs=1 cs=1]
              RenderInline {FONT} at (0,0) size 3x12
                RenderText {#text} at (0,0) size 3x12
                  text run at (0,0) width 3: " "
            RenderTableCell {TD} at (219,216) size 9x12 [bgcolor=#044F4F] [r=18 c=28 rs=1 cs=1]
              RenderInline {FONT} at (0,0) size 3x12
                RenderText {#text} at (0,0) size 3x12
                  text run at (0,0) width 3: " "
            RenderTableCell {TD} at (227,216) size 9x12 [bgcolor=#044140] [r=18 c=29 rs=1 cs=1]
              RenderInline {FONT} at (0,0) size 3x12
                RenderText {#text} at (0,0) size 3x12
                  text run at (0,0) width 3: " "
            RenderTableCell {TD} at (235,216) size 9x12 [bgcolor=#072323] [r=18 c=30 rs=1 cs=1]
              RenderInline {FONT} at (0,0) size 3x12
                RenderText {#text} at (0,0) size 3x12
                  text run at (0,0) width 3: " "
            RenderTableCell {TD} at (243,216) size 8x12 [bgcolor=#2D3433] [r=18 c=31 rs=1 cs=1]
              RenderInline {FONT} at (0,0) size 3x12
                RenderText {#text} at (0,0) size 3x12
                  text run at (0,0) width 3: " "
            RenderTableCell {TD} at (251,216) size 8x12 [bgcolor=#3D4242] [r=18 c=32 rs=1 cs=1]
              RenderInline {FONT} at (0,0) size 3x12
                RenderText {#text} at (0,0) size 3x12
                  text run at (0,0) width 3: " "
            RenderTableCell {TD} at (258,216) size 9x12 [bgcolor=#696A69] [r=18 c=33 rs=1 cs=1]
              RenderInline {FONT} at (0,0) size 3x12
                RenderText {#text} at (0,0) size 3x12
                  text run at (0,0) width 3: " "
            RenderTableCell {TD} at (266,216) size 9x12 [bgcolor=#848788] [r=18 c=34 rs=1 cs=1]
              RenderInline {FONT} at (0,0) size 3x12
                RenderText {#text} at (0,0) size 3x12
                  text run at (0,0) width 3: " "
            RenderTableCell {TD} at (274,216) size 9x12 [bgcolor=#848788] [r=18 c=35 rs=1 cs=1]
              RenderInline {FONT} at (0,0) size 3x12
                RenderText {#text} at (0,0) size 3x12
                  text run at (0,0) width 3: " "
            RenderTableCell {TD} at (282,216) size 9x12 [bgcolor=#027777] [r=18 c=36 rs=1 cs=1]
              RenderInline {FONT} at (0,0) size 3x12
                RenderText {#text} at (0,0) size 3x12
                  text run at (0,0) width 3: " "
            RenderTableCell {TD} at (290,216) size 9x12 [bgcolor=#026766] [r=18 c=37 rs=1 cs=1]
              RenderInline {FONT} at (0,0) size 3x12
                RenderText {#text} at (0,0) size 3x12
                  text run at (0,0) width 3: " "
            RenderTableCell {TD} at (298,216) size 8x12 [bgcolor=#025E5E] [r=18 c=38 rs=1 cs=1]
              RenderInline {FONT} at (0,0) size 3x12
                RenderText {#text} at (0,0) size 3x12
                  text run at (0,0) width 3: " "
            RenderTableCell {TD} at (305,216) size 9x12 [bgcolor=#044F4F] [r=18 c=39 rs=1 cs=1]
              RenderInline {FONT} at (0,0) size 3x12
                RenderText {#text} at (0,0) size 3x12
                  text run at (0,0) width 3: " "
            RenderTableCell {TD} at (313,216) size 9x12 [bgcolor=#044F4F] [r=18 c=40 rs=1 cs=1]
              RenderInline {FONT} at (0,0) size 3x12
                RenderText {#text} at (0,0) size 3x12
                  text run at (0,0) width 3: " "
            RenderTableCell {TD} at (321,216) size 9x12 [bgcolor=#044F4F] [r=18 c=41 rs=1 cs=1]
              RenderInline {FONT} at (0,0) size 3x12
                RenderText {#text} at (0,0) size 3x12
                  text run at (0,0) width 3: " "
            RenderTableCell {TD} at (329,216) size 9x12 [bgcolor=#044F4F] [r=18 c=42 rs=1 cs=1]
              RenderInline {FONT} at (0,0) size 3x12
                RenderText {#text} at (0,0) size 3x12
                  text run at (0,0) width 3: " "
            RenderTableCell {TD} at (337,216) size 9x12 [bgcolor=#044F4F] [r=18 c=43 rs=1 cs=1]
              RenderInline {FONT} at (0,0) size 3x12
                RenderText {#text} at (0,0) size 3x12
                  text run at (0,0) width 3: " "
            RenderTableCell {TD} at (345,216) size 8x12 [bgcolor=#025E5E] [r=18 c=44 rs=1 cs=1]
              RenderInline {FONT} at (0,0) size 3x12
                RenderText {#text} at (0,0) size 3x12
                  text run at (0,0) width 3: " "
            RenderTableCell {TD} at (352,216) size 9x12 [bgcolor=#026766] [r=18 c=45 rs=1 cs=1]
              RenderInline {FONT} at (0,0) size 3x12
                RenderText {#text} at (0,0) size 3x12
                  text run at (0,0) width 3: " "
            RenderTableCell {TD} at (360,216) size 9x12 [bgcolor=#026766] [r=18 c=46 rs=1 cs=1]
              RenderInline {FONT} at (0,0) size 3x12
                RenderText {#text} at (0,0) size 3x12
                  text run at (0,0) width 3: " "
            RenderTableCell {TD} at (368,216) size 9x12 [bgcolor=#026766] [r=18 c=47 rs=1 cs=1]
              RenderInline {FONT} at (0,0) size 3x12
                RenderText {#text} at (0,0) size 3x12
                  text run at (0,0) width 3: " "
            RenderTableCell {TD} at (376,216) size 9x12 [bgcolor=#025E5E] [r=18 c=48 rs=1 cs=1]
              RenderInline {FONT} at (0,0) size 3x12
                RenderText {#text} at (0,0) size 3x12
                  text run at (0,0) width 3: " "
            RenderTableCell {TD} at (384,216) size 9x12 [bgcolor=#044F4F] [r=18 c=49 rs=1 cs=1]
              RenderInline {FONT} at (0,0) size 3x12
                RenderText {#text} at (0,0) size 3x12
                  text run at (0,0) width 3: " "
            RenderTableCell {TD} at (392,216) size 9x12 [bgcolor=#044140] [r=18 c=50 rs=1 cs=1]
              RenderInline {FONT} at (0,0) size 3x12
                RenderText {#text} at (0,0) size 3x12
                  text run at (0,0) width 3: " "
            RenderTableCell {TD} at (400,216) size 8x12 [bgcolor=#083131] [r=18 c=51 rs=1 cs=1]
              RenderInline {FONT} at (0,0) size 3x12
                RenderText {#text} at (0,0) size 3x12
                  text run at (0,0) width 3: " "
            RenderTableCell {TD} at (407,216) size 9x12 [bgcolor=#3D4242] [r=18 c=52 rs=1 cs=1]
              RenderInline {FONT} at (0,0) size 3x12
                RenderText {#text} at (0,0) size 3x12
                  text run at (0,0) width 3: " "
            RenderTableCell {TD} at (415,216) size 9x12 [bgcolor=#696A69] [r=18 c=53 rs=1 cs=1]
              RenderInline {FONT} at (0,0) size 3x12
                RenderText {#text} at (0,0) size 3x12
                  text run at (0,0) width 3: " "
            RenderTableCell {TD} at (423,216) size 9x12 [bgcolor=#848788] [r=18 c=54 rs=1 cs=1]
              RenderInline {FONT} at (0,0) size 3x12
                RenderText {#text} at (0,0) size 3x12
                  text run at (0,0) width 3: " "
            RenderTableCell {TD} at (431,216) size 9x12 [bgcolor=#939494] [r=18 c=55 rs=1 cs=1]
              RenderInline {FONT} at (0,0) size 3x12
                RenderText {#text} at (0,0) size 3x12
                  text run at (0,0) width 3: " "
            RenderTableCell {TD} at (439,216) size 9x12 [bgcolor=#939494] [r=18 c=56 rs=1 cs=1]
              RenderInline {FONT} at (0,0) size 3x12
                RenderText {#text} at (0,0) size 3x12
                  text run at (0,0) width 3: " "
            RenderTableCell {TD} at (447,216) size 8x12 [bgcolor=#848788] [r=18 c=57 rs=1 cs=1]
              RenderInline {FONT} at (0,0) size 3x12
                RenderText {#text} at (0,0) size 3x12
                  text run at (0,0) width 3: " "
            RenderTableCell {TD} at (454,216) size 9x12 [bgcolor=#777878] [r=18 c=58 rs=1 cs=1]
              RenderInline {FONT} at (0,0) size 3x12
                RenderText {#text} at (0,0) size 3x12
                  text run at (0,0) width 3: " "
            RenderTableCell {TD} at (462,216) size 9x12 [bgcolor=#848788] [r=18 c=59 rs=1 cs=1]
              RenderInline {FONT} at (0,0) size 3x12
                RenderText {#text} at (0,0) size 3x12
                  text run at (0,0) width 3: " "
            RenderTableCell {TD} at (470,216) size 9x12 [bgcolor=#848788] [r=18 c=60 rs=1 cs=1]
              RenderInline {FONT} at (0,0) size 3x12
                RenderText {#text} at (0,0) size 3x12
                  text run at (0,0) width 3: " "
            RenderTableCell {TD} at (478,216) size 9x12 [bgcolor=#1A6B6A] [r=18 c=61 rs=1 cs=1]
              RenderInline {FONT} at (0,0) size 3x12
                RenderText {#text} at (0,0) size 3x12
                  text run at (0,0) width 3: " "
            RenderTableCell {TD} at (486,216) size 9x12 [bgcolor=#026766] [r=18 c=62 rs=1 cs=1]
              RenderInline {FONT} at (0,0) size 3x12
                RenderText {#text} at (0,0) size 3x12
                  text run at (0,0) width 3: " "
            RenderTableCell {TD} at (494,216) size 8x12 [bgcolor=#026766] [r=18 c=63 rs=1 cs=1]
              RenderInline {FONT} at (0,0) size 3x12
                RenderText {#text} at (0,0) size 3x12
                  text run at (0,0) width 3: " "
            RenderTableCell {TD} at (502,216) size 8x12 [bgcolor=#025E5E] [r=18 c=64 rs=1 cs=1]
              RenderInline {FONT} at (0,0) size 3x12
                RenderText {#text} at (0,0) size 3x12
                  text run at (0,0) width 3: " "
            RenderTableCell {TD} at (509,216) size 9x12 [bgcolor=#044F4F] [r=18 c=65 rs=1 cs=1]
              RenderInline {FONT} at (0,0) size 3x12
                RenderText {#text} at (0,0) size 3x12
                  text run at (0,0) width 3: " "
            RenderTableCell {TD} at (517,216) size 9x12 [bgcolor=#044F4F] [r=18 c=66 rs=1 cs=1]
              RenderInline {FONT} at (0,0) size 3x12
                RenderText {#text} at (0,0) size 3x12
                  text run at (0,0) width 3: " "
            RenderTableCell {TD} at (525,216) size 9x12 [bgcolor=#044F4F] [r=18 c=67 rs=1 cs=1]
              RenderInline {FONT} at (0,0) size 3x12
                RenderText {#text} at (0,0) size 3x12
                  text run at (0,0) width 3: " "
            RenderTableCell {TD} at (533,216) size 9x12 [bgcolor=#044F4F] [r=18 c=68 rs=1 cs=1]
              RenderInline {FONT} at (0,0) size 3x12
                RenderText {#text} at (0,0) size 3x12
                  text run at (0,0) width 3: " "
            RenderTableCell {TD} at (541,216) size 9x12 [bgcolor=#044F4F] [r=18 c=69 rs=1 cs=1]
              RenderInline {FONT} at (0,0) size 3x12
                RenderText {#text} at (0,0) size 3x12
                  text run at (0,0) width 3: " "
            RenderTableCell {TD} at (549,216) size 8x12 [bgcolor=#025E5E] [r=18 c=70 rs=1 cs=1]
              RenderInline {FONT} at (0,0) size 3x12
                RenderText {#text} at (0,0) size 3x12
                  text run at (0,0) width 3: " "
            RenderTableCell {TD} at (556,216) size 9x12 [bgcolor=#025E5E] [r=18 c=71 rs=1 cs=1]
              RenderInline {FONT} at (0,0) size 3x12
                RenderText {#text} at (0,0) size 3x12
                  text run at (0,0) width 3: " "
            RenderTableCell {TD} at (564,216) size 9x12 [bgcolor=#044140] [r=18 c=72 rs=1 cs=1]
              RenderInline {FONT} at (0,0) size 3x12
                RenderText {#text} at (0,0) size 3x12
                  text run at (0,0) width 3: " "
            RenderTableCell {TD} at (572,216) size 9x12 [bgcolor=#223C3D] [r=18 c=73 rs=1 cs=1]
              RenderInline {FONT} at (0,0) size 3x12
                RenderText {#text} at (0,0) size 3x12
                  text run at (0,0) width 3: " "
            RenderTableCell {TD} at (580,216) size 9x12 [bgcolor=#5E5F60] [r=18 c=74 rs=1 cs=1]
              RenderInline {FONT} at (0,0) size 3x12
                RenderText {#text} at (0,0) size 3x12
                  text run at (0,0) width 3: " "
            RenderTableCell {TD} at (588,216) size 9x12 [bgcolor=#777878] [r=18 c=75 rs=1 cs=1]
              RenderInline {FONT} at (0,0) size 3x12
                RenderText {#text} at (0,0) size 3x12
                  text run at (0,0) width 3: " "
            RenderTableCell {TD} at (596,216) size 8x12 [bgcolor=#939494] [r=18 c=76 rs=1 cs=1]
              RenderInline {FONT} at (0,0) size 3x12
                RenderText {#text} at (0,0) size 3x12
                  text run at (0,0) width 3: " "
            RenderTableCell {TD} at (603,216) size 9x12 [bgcolor=#939494] [r=18 c=77 rs=1 cs=1]
              RenderInline {FONT} at (0,0) size 3x12
                RenderText {#text} at (0,0) size 3x12
                  text run at (0,0) width 3: " "
            RenderTableCell {TD} at (611,216) size 9x12 [bgcolor=#1B8685] [r=18 c=78 rs=1 cs=1]
              RenderInline {FONT} at (0,0) size 3x12
                RenderText {#text} at (0,0) size 3x12
                  text run at (0,0) width 3: " "
            RenderTableCell {TD} at (619,216) size 9x12 [bgcolor=#026766] [r=18 c=79 rs=1 cs=1]
              RenderInline {FONT} at (0,0) size 3x12
                RenderText {#text} at (0,0) size 3x12
                  text run at (0,0) width 3: " "
            RenderTableCell {TD} at (627,216) size 9x12 [bgcolor=#025E5E] [r=18 c=80 rs=1 cs=1]
              RenderInline {FONT} at (0,0) size 3x12
                RenderText {#text} at (0,0) size 3x12
                  text run at (0,0) width 3: " "
            RenderTableCell {TD} at (635,216) size 9x12 [bgcolor=#044F4F] [r=18 c=81 rs=1 cs=1]
              RenderInline {FONT} at (0,0) size 3x12
                RenderText {#text} at (0,0) size 3x12
                  text run at (0,0) width 3: " "
            RenderTableCell {TD} at (643,216) size 9x12 [bgcolor=#044F4F] [r=18 c=82 rs=1 cs=1]
              RenderInline {FONT} at (0,0) size 3x12
                RenderText {#text} at (0,0) size 3x12
                  text run at (0,0) width 3: " "
            RenderTableCell {TD} at (651,216) size 8x12 [bgcolor=#044F4F] [r=18 c=83 rs=1 cs=1]
              RenderInline {FONT} at (0,0) size 3x12
                RenderText {#text} at (0,0) size 3x12
                  text run at (0,0) width 3: " "
            RenderTableCell {TD} at (658,216) size 9x12 [bgcolor=#044F4F] [r=18 c=84 rs=1 cs=1]
              RenderInline {FONT} at (0,0) size 3x12
                RenderText {#text} at (0,0) size 3x12
                  text run at (0,0) width 3: " "
            RenderTableCell {TD} at (666,216) size 9x12 [bgcolor=#025E5E] [r=18 c=85 rs=1 cs=1]
              RenderInline {FONT} at (0,0) size 3x12
                RenderText {#text} at (0,0) size 3x12
                  text run at (0,0) width 3: " "
            RenderTableCell {TD} at (674,216) size 9x12 [bgcolor=#026766] [r=18 c=86 rs=1 cs=1]
              RenderInline {FONT} at (0,0) size 3x12
                RenderText {#text} at (0,0) size 3x12
                  text run at (0,0) width 3: " "
            RenderTableCell {TD} at (682,216) size 9x12 [bgcolor=#026766] [r=18 c=87 rs=1 cs=1]
              RenderInline {FONT} at (0,0) size 3x12
                RenderText {#text} at (0,0) size 3x12
                  text run at (0,0) width 3: " "
            RenderTableCell {TD} at (690,216) size 9x12 [bgcolor=#026766] [r=18 c=88 rs=1 cs=1]
              RenderInline {FONT} at (0,0) size 3x12
                RenderText {#text} at (0,0) size 3x12
                  text run at (0,0) width 3: " "
            RenderTableCell {TD} at (698,216) size 8x12 [bgcolor=#026766] [r=18 c=89 rs=1 cs=1]
              RenderInline {FONT} at (0,0) size 3x12
                RenderText {#text} at (0,0) size 3x12
                  text run at (0,0) width 3: " "
            RenderTableCell {TD} at (705,216) size 9x12 [bgcolor=#026766] [r=18 c=90 rs=1 cs=1]
              RenderInline {FONT} at (0,0) size 3x12
                RenderText {#text} at (0,0) size 3x12
                  text run at (0,0) width 3: " "
            RenderTableCell {TD} at (713,216) size 9x12 [bgcolor=#025E5E] [r=18 c=91 rs=1 cs=1]
              RenderInline {FONT} at (0,0) size 3x12
                RenderText {#text} at (0,0) size 3x12
                  text run at (0,0) width 3: " "
            RenderTableCell {TD} at (721,216) size 9x12 [bgcolor=#044F4F] [r=18 c=92 rs=1 cs=1]
              RenderInline {FONT} at (0,0) size 3x12
                RenderText {#text} at (0,0) size 3x12
                  text run at (0,0) width 3: " "
            RenderTableCell {TD} at (729,216) size 9x12 [bgcolor=#083131] [r=18 c=93 rs=1 cs=1]
              RenderInline {FONT} at (0,0) size 3x12
                RenderText {#text} at (0,0) size 3x12
                  text run at (0,0) width 3: " "
            RenderTableCell {TD} at (737,216) size 9x12 [bgcolor=#1C2524] [r=18 c=94 rs=1 cs=1]
              RenderInline {FONT} at (0,0) size 3x12
                RenderText {#text} at (0,0) size 3x12
                  text run at (0,0) width 3: " "
            RenderTableCell {TD} at (745,216) size 8x12 [bgcolor=#4D4F4F] [r=18 c=95 rs=1 cs=1]
              RenderInline {FONT} at (0,0) size 3x12
                RenderText {#text} at (0,0) size 3x12
                  text run at (0,0) width 3: " "
            RenderTableCell {TD} at (753,216) size 8x12 [bgcolor=#777878] [r=18 c=96 rs=1 cs=1]
              RenderInline {FONT} at (0,0) size 3x12
                RenderText {#text} at (0,0) size 3x12
                  text run at (0,0) width 3: " "
            RenderTableCell {TD} at (760,216) size 9x12 [bgcolor=#848788] [r=18 c=97 rs=1 cs=1]
              RenderInline {FONT} at (0,0) size 3x12
                RenderText {#text} at (0,0) size 3x12
                  text run at (0,0) width 3: " "
            RenderTableCell {TD} at (768,216) size 9x12 [bgcolor=#777878] [r=18 c=98 rs=1 cs=1]
              RenderInline {FONT} at (0,0) size 3x12
                RenderText {#text} at (0,0) size 3x12
                  text run at (0,0) width 3: " "
            RenderTableCell {TD} at (776,216) size 9x12 [bgcolor=#4D4F4F] [r=18 c=99 rs=1 cs=1]
              RenderInline {FONT} at (0,0) size 3x12
                RenderText {#text} at (0,0) size 3x12
                  text run at (0,0) width 3: " "
          RenderTableRow {TR} at (0,228) size 784x12
            RenderTableCell {TD} at (0,228) size 8x12 [bgcolor=#FDFDFB] [r=19 c=0 rs=1 cs=1]
              RenderInline {FONT} at (0,0) size 3x12
                RenderText {#text} at (0,0) size 3x12
                  text run at (0,0) width 3: " "
            RenderTableCell {TD} at (7,228) size 9x12 [bgcolor=#FDFDFB] [r=19 c=1 rs=1 cs=1]
              RenderInline {FONT} at (0,0) size 3x12
                RenderText {#text} at (0,0) size 3x12
                  text run at (0,0) width 3: " "
            RenderTableCell {TD} at (15,228) size 9x12 [bgcolor=#DEDFDF] [r=19 c=2 rs=1 cs=1]
              RenderInline {FONT} at (0,0) size 3x12
                RenderText {#text} at (0,0) size 3x12
                  text run at (0,0) width 3: " "
            RenderTableCell {TD} at (23,228) size 9x12 [bgcolor=#5A8787] [r=19 c=3 rs=1 cs=1]
              RenderInline {FONT} at (0,0) size 3x12
                RenderText {#text} at (0,0) size 3x12
                  text run at (0,0) width 3: " "
            RenderTableCell {TD} at (31,228) size 9x12 [bgcolor=#025E5E] [r=19 c=4 rs=1 cs=1]
              RenderInline {FONT} at (0,0) size 3x12
                RenderText {#text} at (0,0) size 3x12
                  text run at (0,0) width 3: " "
            RenderTableCell {TD} at (39,228) size 9x12 [bgcolor=#025E5E] [r=19 c=5 rs=1 cs=1]
              RenderInline {FONT} at (0,0) size 3x12
                RenderText {#text} at (0,0) size 3x12
                  text run at (0,0) width 3: " "
            RenderTableCell {TD} at (47,228) size 8x12 [bgcolor=#025E5E] [r=19 c=6 rs=1 cs=1]
              RenderInline {FONT} at (0,0) size 3x12
                RenderText {#text} at (0,0) size 3x12
                  text run at (0,0) width 3: " "
            RenderTableCell {TD} at (54,228) size 9x12 [bgcolor=#026766] [r=19 c=7 rs=1 cs=1]
              RenderInline {FONT} at (0,0) size 3x12
                RenderText {#text} at (0,0) size 3x12
                  text run at (0,0) width 3: " "
            RenderTableCell {TD} at (62,228) size 9x12 [bgcolor=#026766] [r=19 c=8 rs=1 cs=1]
              RenderInline {FONT} at (0,0) size 3x12
                RenderText {#text} at (0,0) size 3x12
                  text run at (0,0) width 3: " "
            RenderTableCell {TD} at (70,228) size 9x12 [bgcolor=#026766] [r=19 c=9 rs=1 cs=1]
              RenderInline {FONT} at (0,0) size 3x12
                RenderText {#text} at (0,0) size 3x12
                  text run at (0,0) width 3: " "
            RenderTableCell {TD} at (78,228) size 9x12 [bgcolor=#026766] [r=19 c=10 rs=1 cs=1]
              RenderInline {FONT} at (0,0) size 3x12
                RenderText {#text} at (0,0) size 3x12
                  text run at (0,0) width 3: " "
            RenderTableCell {TD} at (86,228) size 9x12 [bgcolor=#025E5E] [r=19 c=11 rs=1 cs=1]
              RenderInline {FONT} at (0,0) size 3x12
                RenderText {#text} at (0,0) size 3x12
                  text run at (0,0) width 3: " "
            RenderTableCell {TD} at (94,228) size 8x12 [bgcolor=#025E5E] [r=19 c=12 rs=1 cs=1]
              RenderInline {FONT} at (0,0) size 3x12
                RenderText {#text} at (0,0) size 3x12
                  text run at (0,0) width 3: " "
            RenderTableCell {TD} at (101,228) size 9x12 [bgcolor=#044140] [r=19 c=13 rs=1 cs=1]
              RenderInline {FONT} at (0,0) size 3x12
                RenderText {#text} at (0,0) size 3x12
                  text run at (0,0) width 3: " "
            RenderTableCell {TD} at (109,228) size 9x12 [bgcolor=#223C3D] [r=19 c=14 rs=1 cs=1]
              RenderInline {FONT} at (0,0) size 3x12
                RenderText {#text} at (0,0) size 3x12
                  text run at (0,0) width 3: " "
            RenderTableCell {TD} at (117,228) size 9x12 [bgcolor=#4D4F4F] [r=19 c=15 rs=1 cs=1]
              RenderInline {FONT} at (0,0) size 3x12
                RenderText {#text} at (0,0) size 3x12
                  text run at (0,0) width 3: " "
            RenderTableCell {TD} at (125,228) size 9x12 [bgcolor=#777878] [r=19 c=16 rs=1 cs=1]
              RenderInline {FONT} at (0,0) size 3x12
                RenderText {#text} at (0,0) size 3x12
                  text run at (0,0) width 3: " "
            RenderTableCell {TD} at (133,228) size 9x12 [bgcolor=#848788] [r=19 c=17 rs=1 cs=1]
              RenderInline {FONT} at (0,0) size 3x12
                RenderText {#text} at (0,0) size 3x12
                  text run at (0,0) width 3: " "
            RenderTableCell {TD} at (141,228) size 9x12 [bgcolor=#848788] [r=19 c=18 rs=1 cs=1]
              RenderInline {FONT} at (0,0) size 3x12
                RenderText {#text} at (0,0) size 3x12
                  text run at (0,0) width 3: " "
            RenderTableCell {TD} at (149,228) size 8x12 [bgcolor=#1B8685] [r=19 c=19 rs=1 cs=1]
              RenderInline {FONT} at (0,0) size 3x12
                RenderText {#text} at (0,0) size 3x12
                  text run at (0,0) width 3: " "
            RenderTableCell {TD} at (156,228) size 9x12 [bgcolor=#027777] [r=19 c=20 rs=1 cs=1]
              RenderInline {FONT} at (0,0) size 3x12
                RenderText {#text} at (0,0) size 3x12
                  text run at (0,0) width 3: " "
            RenderTableCell {TD} at (164,228) size 9x12 [bgcolor=#026766] [r=19 c=21 rs=1 cs=1]
              RenderInline {FONT} at (0,0) size 3x12
                RenderText {#text} at (0,0) size 3x12
                  text run at (0,0) width 3: " "
            RenderTableCell {TD} at (172,228) size 9x12 [bgcolor=#026766] [r=19 c=22 rs=1 cs=1]
              RenderInline {FONT} at (0,0) size 3x12
                RenderText {#text} at (0,0) size 3x12
                  text run at (0,0) width 3: " "
            RenderTableCell {TD} at (180,228) size 9x12 [bgcolor=#026766] [r=19 c=23 rs=1 cs=1]
              RenderInline {FONT} at (0,0) size 3x12
                RenderText {#text} at (0,0) size 3x12
                  text run at (0,0) width 3: " "
            RenderTableCell {TD} at (188,228) size 9x12 [bgcolor=#025E5E] [r=19 c=24 rs=1 cs=1]
              RenderInline {FONT} at (0,0) size 3x12
                RenderText {#text} at (0,0) size 3x12
                  text run at (0,0) width 3: " "
            RenderTableCell {TD} at (196,228) size 8x12 [bgcolor=#025E5E] [r=19 c=25 rs=1 cs=1]
              RenderInline {FONT} at (0,0) size 3x12
                RenderText {#text} at (0,0) size 3x12
                  text run at (0,0) width 3: " "
            RenderTableCell {TD} at (203,228) size 9x12 [bgcolor=#025E5E] [r=19 c=26 rs=1 cs=1]
              RenderInline {FONT} at (0,0) size 3x12
                RenderText {#text} at (0,0) size 3x12
                  text run at (0,0) width 3: " "
            RenderTableCell {TD} at (211,228) size 9x12 [bgcolor=#044F4F] [r=19 c=27 rs=1 cs=1]
              RenderInline {FONT} at (0,0) size 3x12
                RenderText {#text} at (0,0) size 3x12
                  text run at (0,0) width 3: " "
            RenderTableCell {TD} at (219,228) size 9x12 [bgcolor=#044140] [r=19 c=28 rs=1 cs=1]
              RenderInline {FONT} at (0,0) size 3x12
                RenderText {#text} at (0,0) size 3x12
                  text run at (0,0) width 3: " "
            RenderTableCell {TD} at (227,228) size 9x12 [bgcolor=#072323] [r=19 c=29 rs=1 cs=1]
              RenderInline {FONT} at (0,0) size 3x12
                RenderText {#text} at (0,0) size 3x12
                  text run at (0,0) width 3: " "
            RenderTableCell {TD} at (235,228) size 9x12 [bgcolor=#2D3433] [r=19 c=30 rs=1 cs=1]
              RenderInline {FONT} at (0,0) size 3x12
                RenderText {#text} at (0,0) size 3x12
                  text run at (0,0) width 3: " "
            RenderTableCell {TD} at (243,228) size 8x12 [bgcolor=#4D4F4F] [r=19 c=31 rs=1 cs=1]
              RenderInline {FONT} at (0,0) size 3x12
                RenderText {#text} at (0,0) size 3x12
                  text run at (0,0) width 3: " "
            RenderTableCell {TD} at (251,228) size 8x12 [bgcolor=#5E5F60] [r=19 c=32 rs=1 cs=1]
              RenderInline {FONT} at (0,0) size 3x12
                RenderText {#text} at (0,0) size 3x12
                  text run at (0,0) width 3: " "
            RenderTableCell {TD} at (258,228) size 9x12 [bgcolor=#777878] [r=19 c=33 rs=1 cs=1]
              RenderInline {FONT} at (0,0) size 3x12
                RenderText {#text} at (0,0) size 3x12
                  text run at (0,0) width 3: " "
            RenderTableCell {TD} at (266,228) size 9x12 [bgcolor=#848788] [r=19 c=34 rs=1 cs=1]
              RenderInline {FONT} at (0,0) size 3x12
                RenderText {#text} at (0,0) size 3x12
                  text run at (0,0) width 3: " "
            RenderTableCell {TD} at (274,228) size 9x12 [bgcolor=#848788] [r=19 c=35 rs=1 cs=1]
              RenderInline {FONT} at (0,0) size 3x12
                RenderText {#text} at (0,0) size 3x12
                  text run at (0,0) width 3: " "
            RenderTableCell {TD} at (282,228) size 9x12 [bgcolor=#027777] [r=19 c=36 rs=1 cs=1]
              RenderInline {FONT} at (0,0) size 3x12
                RenderText {#text} at (0,0) size 3x12
                  text run at (0,0) width 3: " "
            RenderTableCell {TD} at (290,228) size 9x12 [bgcolor=#027777] [r=19 c=37 rs=1 cs=1]
              RenderInline {FONT} at (0,0) size 3x12
                RenderText {#text} at (0,0) size 3x12
                  text run at (0,0) width 3: " "
            RenderTableCell {TD} at (298,228) size 8x12 [bgcolor=#026766] [r=19 c=38 rs=1 cs=1]
              RenderInline {FONT} at (0,0) size 3x12
                RenderText {#text} at (0,0) size 3x12
                  text run at (0,0) width 3: " "
            RenderTableCell {TD} at (305,228) size 9x12 [bgcolor=#026766] [r=19 c=39 rs=1 cs=1]
              RenderInline {FONT} at (0,0) size 3x12
                RenderText {#text} at (0,0) size 3x12
                  text run at (0,0) width 3: " "
            RenderTableCell {TD} at (313,228) size 9x12 [bgcolor=#026766] [r=19 c=40 rs=1 cs=1]
              RenderInline {FONT} at (0,0) size 3x12
                RenderText {#text} at (0,0) size 3x12
                  text run at (0,0) width 3: " "
            RenderTableCell {TD} at (321,228) size 9x12 [bgcolor=#026766] [r=19 c=41 rs=1 cs=1]
              RenderInline {FONT} at (0,0) size 3x12
                RenderText {#text} at (0,0) size 3x12
                  text run at (0,0) width 3: " "
            RenderTableCell {TD} at (329,228) size 9x12 [bgcolor=#026766] [r=19 c=42 rs=1 cs=1]
              RenderInline {FONT} at (0,0) size 3x12
                RenderText {#text} at (0,0) size 3x12
                  text run at (0,0) width 3: " "
            RenderTableCell {TD} at (337,228) size 9x12 [bgcolor=#026766] [r=19 c=43 rs=1 cs=1]
              RenderInline {FONT} at (0,0) size 3x12
                RenderText {#text} at (0,0) size 3x12
                  text run at (0,0) width 3: " "
            RenderTableCell {TD} at (345,228) size 8x12 [bgcolor=#026766] [r=19 c=44 rs=1 cs=1]
              RenderInline {FONT} at (0,0) size 3x12
                RenderText {#text} at (0,0) size 3x12
                  text run at (0,0) width 3: " "
            RenderTableCell {TD} at (352,228) size 9x12 [bgcolor=#026766] [r=19 c=45 rs=1 cs=1]
              RenderInline {FONT} at (0,0) size 3x12
                RenderText {#text} at (0,0) size 3x12
                  text run at (0,0) width 3: " "
            RenderTableCell {TD} at (360,228) size 9x12 [bgcolor=#026766] [r=19 c=46 rs=1 cs=1]
              RenderInline {FONT} at (0,0) size 3x12
                RenderText {#text} at (0,0) size 3x12
                  text run at (0,0) width 3: " "
            RenderTableCell {TD} at (368,228) size 9x12 [bgcolor=#026766] [r=19 c=47 rs=1 cs=1]
              RenderInline {FONT} at (0,0) size 3x12
                RenderText {#text} at (0,0) size 3x12
                  text run at (0,0) width 3: " "
            RenderTableCell {TD} at (376,228) size 9x12 [bgcolor=#026766] [r=19 c=48 rs=1 cs=1]
              RenderInline {FONT} at (0,0) size 3x12
                RenderText {#text} at (0,0) size 3x12
                  text run at (0,0) width 3: " "
            RenderTableCell {TD} at (384,228) size 9x12 [bgcolor=#025E5E] [r=19 c=49 rs=1 cs=1]
              RenderInline {FONT} at (0,0) size 3x12
                RenderText {#text} at (0,0) size 3x12
                  text run at (0,0) width 3: " "
            RenderTableCell {TD} at (392,228) size 9x12 [bgcolor=#044F4F] [r=19 c=50 rs=1 cs=1]
              RenderInline {FONT} at (0,0) size 3x12
                RenderText {#text} at (0,0) size 3x12
                  text run at (0,0) width 3: " "
            RenderTableCell {TD} at (400,228) size 8x12 [bgcolor=#083131] [r=19 c=51 rs=1 cs=1]
              RenderInline {FONT} at (0,0) size 3x12
                RenderText {#text} at (0,0) size 3x12
                  text run at (0,0) width 3: " "
            RenderTableCell {TD} at (407,228) size 9x12 [bgcolor=#3D4242] [r=19 c=52 rs=1 cs=1]
              RenderInline {FONT} at (0,0) size 3x12
                RenderText {#text} at (0,0) size 3x12
                  text run at (0,0) width 3: " "
            RenderTableCell {TD} at (415,228) size 9x12 [bgcolor=#5E5F60] [r=19 c=53 rs=1 cs=1]
              RenderInline {FONT} at (0,0) size 3x12
                RenderText {#text} at (0,0) size 3x12
                  text run at (0,0) width 3: " "
            RenderTableCell {TD} at (423,228) size 9x12 [bgcolor=#777878] [r=19 c=54 rs=1 cs=1]
              RenderInline {FONT} at (0,0) size 3x12
                RenderText {#text} at (0,0) size 3x12
                  text run at (0,0) width 3: " "
            RenderTableCell {TD} at (431,228) size 9x12 [bgcolor=#848788] [r=19 c=55 rs=1 cs=1]
              RenderInline {FONT} at (0,0) size 3x12
                RenderText {#text} at (0,0) size 3x12
                  text run at (0,0) width 3: " "
            RenderTableCell {TD} at (439,228) size 9x12 [bgcolor=#939494] [r=19 c=56 rs=1 cs=1]
              RenderInline {FONT} at (0,0) size 3x12
                RenderText {#text} at (0,0) size 3x12
                  text run at (0,0) width 3: " "
            RenderTableCell {TD} at (447,228) size 8x12 [bgcolor=#939494] [r=19 c=57 rs=1 cs=1]
              RenderInline {FONT} at (0,0) size 3x12
                RenderText {#text} at (0,0) size 3x12
                  text run at (0,0) width 3: " "
            RenderTableCell {TD} at (454,228) size 9x12 [bgcolor=#939494] [r=19 c=58 rs=1 cs=1]
              RenderInline {FONT} at (0,0) size 3x12
                RenderText {#text} at (0,0) size 3x12
                  text run at (0,0) width 3: " "
            RenderTableCell {TD} at (462,228) size 9x12 [bgcolor=#939494] [r=19 c=59 rs=1 cs=1]
              RenderInline {FONT} at (0,0) size 3x12
                RenderText {#text} at (0,0) size 3x12
                  text run at (0,0) width 3: " "
            RenderTableCell {TD} at (470,228) size 9x12 [bgcolor=#848788] [r=19 c=60 rs=1 cs=1]
              RenderInline {FONT} at (0,0) size 3x12
                RenderText {#text} at (0,0) size 3x12
                  text run at (0,0) width 3: " "
            RenderTableCell {TD} at (478,228) size 9x12 [bgcolor=#527274] [r=19 c=61 rs=1 cs=1]
              RenderInline {FONT} at (0,0) size 3x12
                RenderText {#text} at (0,0) size 3x12
                  text run at (0,0) width 3: " "
            RenderTableCell {TD} at (486,228) size 9x12 [bgcolor=#026766] [r=19 c=62 rs=1 cs=1]
              RenderInline {FONT} at (0,0) size 3x12
                RenderText {#text} at (0,0) size 3x12
                  text run at (0,0) width 3: " "
            RenderTableCell {TD} at (494,228) size 8x12 [bgcolor=#026766] [r=19 c=63 rs=1 cs=1]
              RenderInline {FONT} at (0,0) size 3x12
                RenderText {#text} at (0,0) size 3x12
                  text run at (0,0) width 3: " "
            RenderTableCell {TD} at (502,228) size 8x12 [bgcolor=#026766] [r=19 c=64 rs=1 cs=1]
              RenderInline {FONT} at (0,0) size 3x12
                RenderText {#text} at (0,0) size 3x12
                  text run at (0,0) width 3: " "
            RenderTableCell {TD} at (509,228) size 9x12 [bgcolor=#026766] [r=19 c=65 rs=1 cs=1]
              RenderInline {FONT} at (0,0) size 3x12
                RenderText {#text} at (0,0) size 3x12
                  text run at (0,0) width 3: " "
            RenderTableCell {TD} at (517,228) size 9x12 [bgcolor=#026766] [r=19 c=66 rs=1 cs=1]
              RenderInline {FONT} at (0,0) size 3x12
                RenderText {#text} at (0,0) size 3x12
                  text run at (0,0) width 3: " "
            RenderTableCell {TD} at (525,228) size 9x12 [bgcolor=#026766] [r=19 c=67 rs=1 cs=1]
              RenderInline {FONT} at (0,0) size 3x12
                RenderText {#text} at (0,0) size 3x12
                  text run at (0,0) width 3: " "
            RenderTableCell {TD} at (533,228) size 9x12 [bgcolor=#026766] [r=19 c=68 rs=1 cs=1]
              RenderInline {FONT} at (0,0) size 3x12
                RenderText {#text} at (0,0) size 3x12
                  text run at (0,0) width 3: " "
            RenderTableCell {TD} at (541,228) size 9x12 [bgcolor=#026766] [r=19 c=69 rs=1 cs=1]
              RenderInline {FONT} at (0,0) size 3x12
                RenderText {#text} at (0,0) size 3x12
                  text run at (0,0) width 3: " "
            RenderTableCell {TD} at (549,228) size 8x12 [bgcolor=#026766] [r=19 c=70 rs=1 cs=1]
              RenderInline {FONT} at (0,0) size 3x12
                RenderText {#text} at (0,0) size 3x12
                  text run at (0,0) width 3: " "
            RenderTableCell {TD} at (556,228) size 9x12 [bgcolor=#025E5E] [r=19 c=71 rs=1 cs=1]
              RenderInline {FONT} at (0,0) size 3x12
                RenderText {#text} at (0,0) size 3x12
                  text run at (0,0) width 3: " "
            RenderTableCell {TD} at (564,228) size 9x12 [bgcolor=#025E5E] [r=19 c=72 rs=1 cs=1]
              RenderInline {FONT} at (0,0) size 3x12
                RenderText {#text} at (0,0) size 3x12
                  text run at (0,0) width 3: " "
            RenderTableCell {TD} at (572,228) size 9x12 [bgcolor=#044F4F] [r=19 c=73 rs=1 cs=1]
              RenderInline {FONT} at (0,0) size 3x12
                RenderText {#text} at (0,0) size 3x12
                  text run at (0,0) width 3: " "
            RenderTableCell {TD} at (580,228) size 9x12 [bgcolor=#425A5A] [r=19 c=74 rs=1 cs=1]
              RenderInline {FONT} at (0,0) size 3x12
                RenderText {#text} at (0,0) size 3x12
                  text run at (0,0) width 3: " "
            RenderTableCell {TD} at (588,228) size 9x12 [bgcolor=#777878] [r=19 c=75 rs=1 cs=1]
              RenderInline {FONT} at (0,0) size 3x12
                RenderText {#text} at (0,0) size 3x12
                  text run at (0,0) width 3: " "
            RenderTableCell {TD} at (596,228) size 8x12 [bgcolor=#848788] [r=19 c=76 rs=1 cs=1]
              RenderInline {FONT} at (0,0) size 3x12
                RenderText {#text} at (0,0) size 3x12
                  text run at (0,0) width 3: " "
            RenderTableCell {TD} at (603,228) size 9x12 [bgcolor=#848788] [r=19 c=77 rs=1 cs=1]
              RenderInline {FONT} at (0,0) size 3x12
                RenderText {#text} at (0,0) size 3x12
                  text run at (0,0) width 3: " "
            RenderTableCell {TD} at (611,228) size 9x12 [bgcolor=#1B8685] [r=19 c=78 rs=1 cs=1]
              RenderInline {FONT} at (0,0) size 3x12
                RenderText {#text} at (0,0) size 3x12
                  text run at (0,0) width 3: " "
            RenderTableCell {TD} at (619,228) size 9x12 [bgcolor=#027777] [r=19 c=79 rs=1 cs=1]
              RenderInline {FONT} at (0,0) size 3x12
                RenderText {#text} at (0,0) size 3x12
                  text run at (0,0) width 3: " "
            RenderTableCell {TD} at (627,228) size 9x12 [bgcolor=#026766] [r=19 c=80 rs=1 cs=1]
              RenderInline {FONT} at (0,0) size 3x12
                RenderText {#text} at (0,0) size 3x12
                  text run at (0,0) width 3: " "
            RenderTableCell {TD} at (635,228) size 9x12 [bgcolor=#026766] [r=19 c=81 rs=1 cs=1]
              RenderInline {FONT} at (0,0) size 3x12
                RenderText {#text} at (0,0) size 3x12
                  text run at (0,0) width 3: " "
            RenderTableCell {TD} at (643,228) size 9x12 [bgcolor=#026766] [r=19 c=82 rs=1 cs=1]
              RenderInline {FONT} at (0,0) size 3x12
                RenderText {#text} at (0,0) size 3x12
                  text run at (0,0) width 3: " "
            RenderTableCell {TD} at (651,228) size 8x12 [bgcolor=#026766] [r=19 c=83 rs=1 cs=1]
              RenderInline {FONT} at (0,0) size 3x12
                RenderText {#text} at (0,0) size 3x12
                  text run at (0,0) width 3: " "
            RenderTableCell {TD} at (658,228) size 9x12 [bgcolor=#026766] [r=19 c=84 rs=1 cs=1]
              RenderInline {FONT} at (0,0) size 3x12
                RenderText {#text} at (0,0) size 3x12
                  text run at (0,0) width 3: " "
            RenderTableCell {TD} at (666,228) size 9x12 [bgcolor=#026766] [r=19 c=85 rs=1 cs=1]
              RenderInline {FONT} at (0,0) size 3x12
                RenderText {#text} at (0,0) size 3x12
                  text run at (0,0) width 3: " "
            RenderTableCell {TD} at (674,228) size 9x12 [bgcolor=#026766] [r=19 c=86 rs=1 cs=1]
              RenderInline {FONT} at (0,0) size 3x12
                RenderText {#text} at (0,0) size 3x12
                  text run at (0,0) width 3: " "
            RenderTableCell {TD} at (682,228) size 9x12 [bgcolor=#026766] [r=19 c=87 rs=1 cs=1]
              RenderInline {FONT} at (0,0) size 3x12
                RenderText {#text} at (0,0) size 3x12
                  text run at (0,0) width 3: " "
            RenderTableCell {TD} at (690,228) size 9x12 [bgcolor=#026766] [r=19 c=88 rs=1 cs=1]
              RenderInline {FONT} at (0,0) size 3x12
                RenderText {#text} at (0,0) size 3x12
                  text run at (0,0) width 3: " "
            RenderTableCell {TD} at (698,228) size 8x12 [bgcolor=#026766] [r=19 c=89 rs=1 cs=1]
              RenderInline {FONT} at (0,0) size 3x12
                RenderText {#text} at (0,0) size 3x12
                  text run at (0,0) width 3: " "
            RenderTableCell {TD} at (705,228) size 9x12 [bgcolor=#026766] [r=19 c=90 rs=1 cs=1]
              RenderInline {FONT} at (0,0) size 3x12
                RenderText {#text} at (0,0) size 3x12
                  text run at (0,0) width 3: " "
            RenderTableCell {TD} at (713,228) size 9x12 [bgcolor=#025E5E] [r=19 c=91 rs=1 cs=1]
              RenderInline {FONT} at (0,0) size 3x12
                RenderText {#text} at (0,0) size 3x12
                  text run at (0,0) width 3: " "
            RenderTableCell {TD} at (721,228) size 9x12 [bgcolor=#044F4F] [r=19 c=92 rs=1 cs=1]
              RenderInline {FONT} at (0,0) size 3x12
                RenderText {#text} at (0,0) size 3x12
                  text run at (0,0) width 3: " "
            RenderTableCell {TD} at (729,228) size 9x12 [bgcolor=#044140] [r=19 c=93 rs=1 cs=1]
              RenderInline {FONT} at (0,0) size 3x12
                RenderText {#text} at (0,0) size 3x12
                  text run at (0,0) width 3: " "
            RenderTableCell {TD} at (737,228) size 9x12 [bgcolor=#223C3D] [r=19 c=94 rs=1 cs=1]
              RenderInline {FONT} at (0,0) size 3x12
                RenderText {#text} at (0,0) size 3x12
                  text run at (0,0) width 3: " "
            RenderTableCell {TD} at (745,228) size 8x12 [bgcolor=#515C5B] [r=19 c=95 rs=1 cs=1]
              RenderInline {FONT} at (0,0) size 3x12
                RenderText {#text} at (0,0) size 3x12
                  text run at (0,0) width 3: " "
            RenderTableCell {TD} at (753,228) size 8x12 [bgcolor=#777878] [r=19 c=96 rs=1 cs=1]
              RenderInline {FONT} at (0,0) size 3x12
                RenderText {#text} at (0,0) size 3x12
                  text run at (0,0) width 3: " "
            RenderTableCell {TD} at (760,228) size 9x12 [bgcolor=#848788] [r=19 c=97 rs=1 cs=1]
              RenderInline {FONT} at (0,0) size 3x12
                RenderText {#text} at (0,0) size 3x12
                  text run at (0,0) width 3: " "
            RenderTableCell {TD} at (768,228) size 9x12 [bgcolor=#696A69] [r=19 c=98 rs=1 cs=1]
              RenderInline {FONT} at (0,0) size 3x12
                RenderText {#text} at (0,0) size 3x12
                  text run at (0,0) width 3: " "
            RenderTableCell {TD} at (776,228) size 9x12 [bgcolor=#4D4F4F] [r=19 c=99 rs=1 cs=1]
              RenderInline {FONT} at (0,0) size 3x12
                RenderText {#text} at (0,0) size 3x12
                  text run at (0,0) width 3: " "
          RenderTableRow {TR} at (0,240) size 784x12
            RenderTableCell {TD} at (0,240) size 8x12 [bgcolor=#FDFDFB] [r=20 c=0 rs=1 cs=1]
              RenderInline {FONT} at (0,0) size 3x12
                RenderText {#text} at (0,0) size 3x12
                  text run at (0,0) width 3: " "
            RenderTableCell {TD} at (7,240) size 9x12 [bgcolor=#FDFDFB] [r=20 c=1 rs=1 cs=1]
              RenderInline {FONT} at (0,0) size 3x12
                RenderText {#text} at (0,0) size 3x12
                  text run at (0,0) width 3: " "
            RenderTableCell {TD} at (15,240) size 9x12 [bgcolor=#EDEEEF] [r=20 c=2 rs=1 cs=1]
              RenderInline {FONT} at (0,0) size 3x12
                RenderText {#text} at (0,0) size 3x12
                  text run at (0,0) width 3: " "
            RenderTableCell {TD} at (23,240) size 9x12 [bgcolor=#CECFCF] [r=20 c=3 rs=1 cs=1]
              RenderInline {FONT} at (0,0) size 3x12
                RenderText {#text} at (0,0) size 3x12
                  text run at (0,0) width 3: " "
            RenderTableCell {TD} at (31,240) size 9x12 [bgcolor=#5A8787] [r=20 c=4 rs=1 cs=1]
              RenderInline {FONT} at (0,0) size 3x12
                RenderText {#text} at (0,0) size 3x12
                  text run at (0,0) width 3: " "
            RenderTableCell {TD} at (39,240) size 9x12 [bgcolor=#044F4F] [r=20 c=5 rs=1 cs=1]
              RenderInline {FONT} at (0,0) size 3x12
                RenderText {#text} at (0,0) size 3x12
                  text run at (0,0) width 3: " "
            RenderTableCell {TD} at (47,240) size 8x12 [bgcolor=#025E5E] [r=20 c=6 rs=1 cs=1]
              RenderInline {FONT} at (0,0) size 3x12
                RenderText {#text} at (0,0) size 3x12
                  text run at (0,0) width 3: " "
            RenderTableCell {TD} at (54,240) size 9x12 [bgcolor=#025E5E] [r=20 c=7 rs=1 cs=1]
              RenderInline {FONT} at (0,0) size 3x12
                RenderText {#text} at (0,0) size 3x12
                  text run at (0,0) width 3: " "
            RenderTableCell {TD} at (62,240) size 9x12 [bgcolor=#025E5E] [r=20 c=8 rs=1 cs=1]
              RenderInline {FONT} at (0,0) size 3x12
                RenderText {#text} at (0,0) size 3x12
                  text run at (0,0) width 3: " "
            RenderTableCell {TD} at (70,240) size 9x12 [bgcolor=#026766] [r=20 c=9 rs=1 cs=1]
              RenderInline {FONT} at (0,0) size 3x12
                RenderText {#text} at (0,0) size 3x12
                  text run at (0,0) width 3: " "
            RenderTableCell {TD} at (78,240) size 9x12 [bgcolor=#026766] [r=20 c=10 rs=1 cs=1]
              RenderInline {FONT} at (0,0) size 3x12
                RenderText {#text} at (0,0) size 3x12
                  text run at (0,0) width 3: " "
            RenderTableCell {TD} at (86,240) size 9x12 [bgcolor=#025E5E] [r=20 c=11 rs=1 cs=1]
              RenderInline {FONT} at (0,0) size 3x12
                RenderText {#text} at (0,0) size 3x12
                  text run at (0,0) width 3: " "
            RenderTableCell {TD} at (94,240) size 8x12 [bgcolor=#025E5E] [r=20 c=12 rs=1 cs=1]
              RenderInline {FONT} at (0,0) size 3x12
                RenderText {#text} at (0,0) size 3x12
                  text run at (0,0) width 3: " "
            RenderTableCell {TD} at (101,240) size 9x12 [bgcolor=#044F4F] [r=20 c=13 rs=1 cs=1]
              RenderInline {FONT} at (0,0) size 3x12
                RenderText {#text} at (0,0) size 3x12
                  text run at (0,0) width 3: " "
            RenderTableCell {TD} at (109,240) size 9x12 [bgcolor=#044140] [r=20 c=14 rs=1 cs=1]
              RenderInline {FONT} at (0,0) size 3x12
                RenderText {#text} at (0,0) size 3x12
                  text run at (0,0) width 3: " "
            RenderTableCell {TD} at (117,240) size 9x12 [bgcolor=#3D4242] [r=20 c=15 rs=1 cs=1]
              RenderInline {FONT} at (0,0) size 3x12
                RenderText {#text} at (0,0) size 3x12
                  text run at (0,0) width 3: " "
            RenderTableCell {TD} at (125,240) size 9x12 [bgcolor=#515C5B] [r=20 c=16 rs=1 cs=1]
              RenderInline {FONT} at (0,0) size 3x12
                RenderText {#text} at (0,0) size 3x12
                  text run at (0,0) width 3: " "
            RenderTableCell {TD} at (133,240) size 9x12 [bgcolor=#696A69] [r=20 c=17 rs=1 cs=1]
              RenderInline {FONT} at (0,0) size 3x12
                RenderText {#text} at (0,0) size 3x12
                  text run at (0,0) width 3: " "
            RenderTableCell {TD} at (141,240) size 9x12 [bgcolor=#526B6B] [r=20 c=18 rs=1 cs=1]
              RenderInline {FONT} at (0,0) size 3x12
                RenderText {#text} at (0,0) size 3x12
                  text run at (0,0) width 3: " "
            RenderTableCell {TD} at (149,240) size 8x12 [bgcolor=#048485] [r=20 c=19 rs=1 cs=1]
              RenderInline {FONT} at (0,0) size 3x12
                RenderText {#text} at (0,0) size 3x12
                  text run at (0,0) width 3: " "
            RenderTableCell {TD} at (156,240) size 9x12 [bgcolor=#027777] [r=20 c=20 rs=1 cs=1]
              RenderInline {FONT} at (0,0) size 3x12
                RenderText {#text} at (0,0) size 3x12
                  text run at (0,0) width 3: " "
            RenderTableCell {TD} at (164,240) size 9x12 [bgcolor=#026766] [r=20 c=21 rs=1 cs=1]
              RenderInline {FONT} at (0,0) size 3x12
                RenderText {#text} at (0,0) size 3x12
                  text run at (0,0) width 3: " "
            RenderTableCell {TD} at (172,240) size 9x12 [bgcolor=#026766] [r=20 c=22 rs=1 cs=1]
              RenderInline {FONT} at (0,0) size 3x12
                RenderText {#text} at (0,0) size 3x12
                  text run at (0,0) width 3: " "
            RenderTableCell {TD} at (180,240) size 9x12 [bgcolor=#025E5E] [r=20 c=23 rs=1 cs=1]
              RenderInline {FONT} at (0,0) size 3x12
                RenderText {#text} at (0,0) size 3x12
                  text run at (0,0) width 3: " "
            RenderTableCell {TD} at (188,240) size 9x12 [bgcolor=#025E5E] [r=20 c=24 rs=1 cs=1]
              RenderInline {FONT} at (0,0) size 3x12
                RenderText {#text} at (0,0) size 3x12
                  text run at (0,0) width 3: " "
            RenderTableCell {TD} at (196,240) size 8x12 [bgcolor=#025E5E] [r=20 c=25 rs=1 cs=1]
              RenderInline {FONT} at (0,0) size 3x12
                RenderText {#text} at (0,0) size 3x12
                  text run at (0,0) width 3: " "
            RenderTableCell {TD} at (203,240) size 9x12 [bgcolor=#044F4F] [r=20 c=26 rs=1 cs=1]
              RenderInline {FONT} at (0,0) size 3x12
                RenderText {#text} at (0,0) size 3x12
                  text run at (0,0) width 3: " "
            RenderTableCell {TD} at (211,240) size 9x12 [bgcolor=#044140] [r=20 c=27 rs=1 cs=1]
              RenderInline {FONT} at (0,0) size 3x12
                RenderText {#text} at (0,0) size 3x12
                  text run at (0,0) width 3: " "
            RenderTableCell {TD} at (219,240) size 9x12 [bgcolor=#072323] [r=20 c=28 rs=1 cs=1]
              RenderInline {FONT} at (0,0) size 3x12
                RenderText {#text} at (0,0) size 3x12
                  text run at (0,0) width 3: " "
            RenderTableCell {TD} at (227,240) size 9x12 [bgcolor=#1C2524] [r=20 c=29 rs=1 cs=1]
              RenderInline {FONT} at (0,0) size 3x12
                RenderText {#text} at (0,0) size 3x12
                  text run at (0,0) width 3: " "
            RenderTableCell {TD} at (235,240) size 9x12 [bgcolor=#2D3433] [r=20 c=30 rs=1 cs=1]
              RenderInline {FONT} at (0,0) size 3x12
                RenderText {#text} at (0,0) size 3x12
                  text run at (0,0) width 3: " "
            RenderTableCell {TD} at (243,240) size 8x12 [bgcolor=#3D4242] [r=20 c=31 rs=1 cs=1]
              RenderInline {FONT} at (0,0) size 3x12
                RenderText {#text} at (0,0) size 3x12
                  text run at (0,0) width 3: " "
            RenderTableCell {TD} at (251,240) size 8x12 [bgcolor=#515C5B] [r=20 c=32 rs=1 cs=1]
              RenderInline {FONT} at (0,0) size 3x12
                RenderText {#text} at (0,0) size 3x12
                  text run at (0,0) width 3: " "
            RenderTableCell {TD} at (258,240) size 9x12 [bgcolor=#696A69] [r=20 c=33 rs=1 cs=1]
              RenderInline {FONT} at (0,0) size 3x12
                RenderText {#text} at (0,0) size 3x12
                  text run at (0,0) width 3: " "
            RenderTableCell {TD} at (266,240) size 9x12 [bgcolor=#696A69] [r=20 c=34 rs=1 cs=1]
              RenderInline {FONT} at (0,0) size 3x12
                RenderText {#text} at (0,0) size 3x12
                  text run at (0,0) width 3: " "
            RenderTableCell {TD} at (274,240) size 9x12 [bgcolor=#696A69] [r=20 c=35 rs=1 cs=1]
              RenderInline {FONT} at (0,0) size 3x12
                RenderText {#text} at (0,0) size 3x12
                  text run at (0,0) width 3: " "
            RenderTableCell {TD} at (282,240) size 9x12 [bgcolor=#027777] [r=20 c=36 rs=1 cs=1]
              RenderInline {FONT} at (0,0) size 3x12
                RenderText {#text} at (0,0) size 3x12
                  text run at (0,0) width 3: " "
            RenderTableCell {TD} at (290,240) size 9x12 [bgcolor=#027777] [r=20 c=37 rs=1 cs=1]
              RenderInline {FONT} at (0,0) size 3x12
                RenderText {#text} at (0,0) size 3x12
                  text run at (0,0) width 3: " "
            RenderTableCell {TD} at (298,240) size 8x12 [bgcolor=#026766] [r=20 c=38 rs=1 cs=1]
              RenderInline {FONT} at (0,0) size 3x12
                RenderText {#text} at (0,0) size 3x12
                  text run at (0,0) width 3: " "
            RenderTableCell {TD} at (305,240) size 9x12 [bgcolor=#026766] [r=20 c=39 rs=1 cs=1]
              RenderInline {FONT} at (0,0) size 3x12
                RenderText {#text} at (0,0) size 3x12
                  text run at (0,0) width 3: " "
            RenderTableCell {TD} at (313,240) size 9x12 [bgcolor=#026766] [r=20 c=40 rs=1 cs=1]
              RenderInline {FONT} at (0,0) size 3x12
                RenderText {#text} at (0,0) size 3x12
                  text run at (0,0) width 3: " "
            RenderTableCell {TD} at (321,240) size 9x12 [bgcolor=#026766] [r=20 c=41 rs=1 cs=1]
              RenderInline {FONT} at (0,0) size 3x12
                RenderText {#text} at (0,0) size 3x12
                  text run at (0,0) width 3: " "
            RenderTableCell {TD} at (329,240) size 9x12 [bgcolor=#026766] [r=20 c=42 rs=1 cs=1]
              RenderInline {FONT} at (0,0) size 3x12
                RenderText {#text} at (0,0) size 3x12
                  text run at (0,0) width 3: " "
            RenderTableCell {TD} at (337,240) size 9x12 [bgcolor=#026766] [r=20 c=43 rs=1 cs=1]
              RenderInline {FONT} at (0,0) size 3x12
                RenderText {#text} at (0,0) size 3x12
                  text run at (0,0) width 3: " "
            RenderTableCell {TD} at (345,240) size 8x12 [bgcolor=#026766] [r=20 c=44 rs=1 cs=1]
              RenderInline {FONT} at (0,0) size 3x12
                RenderText {#text} at (0,0) size 3x12
                  text run at (0,0) width 3: " "
            RenderTableCell {TD} at (352,240) size 9x12 [bgcolor=#026766] [r=20 c=45 rs=1 cs=1]
              RenderInline {FONT} at (0,0) size 3x12
                RenderText {#text} at (0,0) size 3x12
                  text run at (0,0) width 3: " "
            RenderTableCell {TD} at (360,240) size 9x12 [bgcolor=#026766] [r=20 c=46 rs=1 cs=1]
              RenderInline {FONT} at (0,0) size 3x12
                RenderText {#text} at (0,0) size 3x12
                  text run at (0,0) width 3: " "
            RenderTableCell {TD} at (368,240) size 9x12 [bgcolor=#026766] [r=20 c=47 rs=1 cs=1]
              RenderInline {FONT} at (0,0) size 3x12
                RenderText {#text} at (0,0) size 3x12
                  text run at (0,0) width 3: " "
            RenderTableCell {TD} at (376,240) size 9x12 [bgcolor=#025E5E] [r=20 c=48 rs=1 cs=1]
              RenderInline {FONT} at (0,0) size 3x12
                RenderText {#text} at (0,0) size 3x12
                  text run at (0,0) width 3: " "
            RenderTableCell {TD} at (384,240) size 9x12 [bgcolor=#025E5E] [r=20 c=49 rs=1 cs=1]
              RenderInline {FONT} at (0,0) size 3x12
                RenderText {#text} at (0,0) size 3x12
                  text run at (0,0) width 3: " "
            RenderTableCell {TD} at (392,240) size 9x12 [bgcolor=#044F4F] [r=20 c=50 rs=1 cs=1]
              RenderInline {FONT} at (0,0) size 3x12
                RenderText {#text} at (0,0) size 3x12
                  text run at (0,0) width 3: " "
            RenderTableCell {TD} at (400,240) size 8x12 [bgcolor=#083131] [r=20 c=51 rs=1 cs=1]
              RenderInline {FONT} at (0,0) size 3x12
                RenderText {#text} at (0,0) size 3x12
                  text run at (0,0) width 3: " "
            RenderTableCell {TD} at (407,240) size 9x12 [bgcolor=#2D3433] [r=20 c=52 rs=1 cs=1]
              RenderInline {FONT} at (0,0) size 3x12
                RenderText {#text} at (0,0) size 3x12
                  text run at (0,0) width 3: " "
            RenderTableCell {TD} at (415,240) size 9x12 [bgcolor=#4D4F4F] [r=20 c=53 rs=1 cs=1]
              RenderInline {FONT} at (0,0) size 3x12
                RenderText {#text} at (0,0) size 3x12
                  text run at (0,0) width 3: " "
            RenderTableCell {TD} at (423,240) size 9x12 [bgcolor=#5E5F60] [r=20 c=54 rs=1 cs=1]
              RenderInline {FONT} at (0,0) size 3x12
                RenderText {#text} at (0,0) size 3x12
                  text run at (0,0) width 3: " "
            RenderTableCell {TD} at (431,240) size 9x12 [bgcolor=#696A69] [r=20 c=55 rs=1 cs=1]
              RenderInline {FONT} at (0,0) size 3x12
                RenderText {#text} at (0,0) size 3x12
                  text run at (0,0) width 3: " "
            RenderTableCell {TD} at (439,240) size 9x12 [bgcolor=#696A69] [r=20 c=56 rs=1 cs=1]
              RenderInline {FONT} at (0,0) size 3x12
                RenderText {#text} at (0,0) size 3x12
                  text run at (0,0) width 3: " "
            RenderTableCell {TD} at (447,240) size 8x12 [bgcolor=#696A69] [r=20 c=57 rs=1 cs=1]
              RenderInline {FONT} at (0,0) size 3x12
                RenderText {#text} at (0,0) size 3x12
                  text run at (0,0) width 3: " "
            RenderTableCell {TD} at (454,240) size 9x12 [bgcolor=#696A69] [r=20 c=58 rs=1 cs=1]
              RenderInline {FONT} at (0,0) size 3x12
                RenderText {#text} at (0,0) size 3x12
                  text run at (0,0) width 3: " "
            RenderTableCell {TD} at (462,240) size 9x12 [bgcolor=#696A69] [r=20 c=59 rs=1 cs=1]
              RenderInline {FONT} at (0,0) size 3x12
                RenderText {#text} at (0,0) size 3x12
                  text run at (0,0) width 3: " "
            RenderTableCell {TD} at (470,240) size 9x12 [bgcolor=#696A69] [r=20 c=60 rs=1 cs=1]
              RenderInline {FONT} at (0,0) size 3x12
                RenderText {#text} at (0,0) size 3x12
                  text run at (0,0) width 3: " "
            RenderTableCell {TD} at (478,240) size 9x12 [bgcolor=#5E5F60] [r=20 c=61 rs=1 cs=1]
              RenderInline {FONT} at (0,0) size 3x12
                RenderText {#text} at (0,0) size 3x12
                  text run at (0,0) width 3: " "
            RenderTableCell {TD} at (486,240) size 9x12 [bgcolor=#1A5C5C] [r=20 c=62 rs=1 cs=1]
              RenderInline {FONT} at (0,0) size 3x12
                RenderText {#text} at (0,0) size 3x12
                  text run at (0,0) width 3: " "
            RenderTableCell {TD} at (494,240) size 8x12 [bgcolor=#025E5E] [r=20 c=63 rs=1 cs=1]
              RenderInline {FONT} at (0,0) size 3x12
                RenderText {#text} at (0,0) size 3x12
                  text run at (0,0) width 3: " "
            RenderTableCell {TD} at (502,240) size 8x12 [bgcolor=#025E5E] [r=20 c=64 rs=1 cs=1]
              RenderInline {FONT} at (0,0) size 3x12
                RenderText {#text} at (0,0) size 3x12
                  text run at (0,0) width 3: " "
            RenderTableCell {TD} at (509,240) size 9x12 [bgcolor=#025E5E] [r=20 c=65 rs=1 cs=1]
              RenderInline {FONT} at (0,0) size 3x12
                RenderText {#text} at (0,0) size 3x12
                  text run at (0,0) width 3: " "
            RenderTableCell {TD} at (517,240) size 9x12 [bgcolor=#026766] [r=20 c=66 rs=1 cs=1]
              RenderInline {FONT} at (0,0) size 3x12
                RenderText {#text} at (0,0) size 3x12
                  text run at (0,0) width 3: " "
            RenderTableCell {TD} at (525,240) size 9x12 [bgcolor=#026766] [r=20 c=67 rs=1 cs=1]
              RenderInline {FONT} at (0,0) size 3x12
                RenderText {#text} at (0,0) size 3x12
                  text run at (0,0) width 3: " "
            RenderTableCell {TD} at (533,240) size 9x12 [bgcolor=#026766] [r=20 c=68 rs=1 cs=1]
              RenderInline {FONT} at (0,0) size 3x12
                RenderText {#text} at (0,0) size 3x12
                  text run at (0,0) width 3: " "
            RenderTableCell {TD} at (541,240) size 9x12 [bgcolor=#026766] [r=20 c=69 rs=1 cs=1]
              RenderInline {FONT} at (0,0) size 3x12
                RenderText {#text} at (0,0) size 3x12
                  text run at (0,0) width 3: " "
            RenderTableCell {TD} at (549,240) size 8x12 [bgcolor=#026766] [r=20 c=70 rs=1 cs=1]
              RenderInline {FONT} at (0,0) size 3x12
                RenderText {#text} at (0,0) size 3x12
                  text run at (0,0) width 3: " "
            RenderTableCell {TD} at (556,240) size 9x12 [bgcolor=#026766] [r=20 c=71 rs=1 cs=1]
              RenderInline {FONT} at (0,0) size 3x12
                RenderText {#text} at (0,0) size 3x12
                  text run at (0,0) width 3: " "
            RenderTableCell {TD} at (564,240) size 9x12 [bgcolor=#025E5E] [r=20 c=72 rs=1 cs=1]
              RenderInline {FONT} at (0,0) size 3x12
                RenderText {#text} at (0,0) size 3x12
                  text run at (0,0) width 3: " "
            RenderTableCell {TD} at (572,240) size 9x12 [bgcolor=#025E5E] [r=20 c=73 rs=1 cs=1]
              RenderInline {FONT} at (0,0) size 3x12
                RenderText {#text} at (0,0) size 3x12
                  text run at (0,0) width 3: " "
            RenderTableCell {TD} at (580,240) size 9x12 [bgcolor=#026766] [r=20 c=74 rs=1 cs=1]
              RenderInline {FONT} at (0,0) size 3x12
                RenderText {#text} at (0,0) size 3x12
                  text run at (0,0) width 3: " "
            RenderTableCell {TD} at (588,240) size 9x12 [bgcolor=#026766] [r=20 c=75 rs=1 cs=1]
              RenderInline {FONT} at (0,0) size 3x12
                RenderText {#text} at (0,0) size 3x12
                  text run at (0,0) width 3: " "
            RenderTableCell {TD} at (596,240) size 8x12 [bgcolor=#1E7A79] [r=20 c=76 rs=1 cs=1]
              RenderInline {FONT} at (0,0) size 3x12
                RenderText {#text} at (0,0) size 3x12
                  text run at (0,0) width 3: " "
            RenderTableCell {TD} at (603,240) size 9x12 [bgcolor=#287A7A] [r=20 c=77 rs=1 cs=1]
              RenderInline {FONT} at (0,0) size 3x12
                RenderText {#text} at (0,0) size 3x12
                  text run at (0,0) width 3: " "
            RenderTableCell {TD} at (611,240) size 9x12 [bgcolor=#048485] [r=20 c=78 rs=1 cs=1]
              RenderInline {FONT} at (0,0) size 3x12
                RenderText {#text} at (0,0) size 3x12
                  text run at (0,0) width 3: " "
            RenderTableCell {TD} at (619,240) size 9x12 [bgcolor=#027777] [r=20 c=79 rs=1 cs=1]
              RenderInline {FONT} at (0,0) size 3x12
                RenderText {#text} at (0,0) size 3x12
                  text run at (0,0) width 3: " "
            RenderTableCell {TD} at (627,240) size 9x12 [bgcolor=#026766] [r=20 c=80 rs=1 cs=1]
              RenderInline {FONT} at (0,0) size 3x12
                RenderText {#text} at (0,0) size 3x12
                  text run at (0,0) width 3: " "
            RenderTableCell {TD} at (635,240) size 9x12 [bgcolor=#026766] [r=20 c=81 rs=1 cs=1]
              RenderInline {FONT} at (0,0) size 3x12
                RenderText {#text} at (0,0) size 3x12
                  text run at (0,0) width 3: " "
            RenderTableCell {TD} at (643,240) size 9x12 [bgcolor=#026766] [r=20 c=82 rs=1 cs=1]
              RenderInline {FONT} at (0,0) size 3x12
                RenderText {#text} at (0,0) size 3x12
                  text run at (0,0) width 3: " "
            RenderTableCell {TD} at (651,240) size 8x12 [bgcolor=#026766] [r=20 c=83 rs=1 cs=1]
              RenderInline {FONT} at (0,0) size 3x12
                RenderText {#text} at (0,0) size 3x12
                  text run at (0,0) width 3: " "
            RenderTableCell {TD} at (658,240) size 9x12 [bgcolor=#026766] [r=20 c=84 rs=1 cs=1]
              RenderInline {FONT} at (0,0) size 3x12
                RenderText {#text} at (0,0) size 3x12
                  text run at (0,0) width 3: " "
            RenderTableCell {TD} at (666,240) size 9x12 [bgcolor=#026766] [r=20 c=85 rs=1 cs=1]
              RenderInline {FONT} at (0,0) size 3x12
                RenderText {#text} at (0,0) size 3x12
                  text run at (0,0) width 3: " "
            RenderTableCell {TD} at (674,240) size 9x12 [bgcolor=#026766] [r=20 c=86 rs=1 cs=1]
              RenderInline {FONT} at (0,0) size 3x12
                RenderText {#text} at (0,0) size 3x12
                  text run at (0,0) width 3: " "
            RenderTableCell {TD} at (682,240) size 9x12 [bgcolor=#026766] [r=20 c=87 rs=1 cs=1]
              RenderInline {FONT} at (0,0) size 3x12
                RenderText {#text} at (0,0) size 3x12
                  text run at (0,0) width 3: " "
            RenderTableCell {TD} at (690,240) size 9x12 [bgcolor=#026766] [r=20 c=88 rs=1 cs=1]
              RenderInline {FONT} at (0,0) size 3x12
                RenderText {#text} at (0,0) size 3x12
                  text run at (0,0) width 3: " "
            RenderTableCell {TD} at (698,240) size 8x12 [bgcolor=#026766] [r=20 c=89 rs=1 cs=1]
              RenderInline {FONT} at (0,0) size 3x12
                RenderText {#text} at (0,0) size 3x12
                  text run at (0,0) width 3: " "
            RenderTableCell {TD} at (705,240) size 9x12 [bgcolor=#026766] [r=20 c=90 rs=1 cs=1]
              RenderInline {FONT} at (0,0) size 3x12
                RenderText {#text} at (0,0) size 3x12
                  text run at (0,0) width 3: " "
            RenderTableCell {TD} at (713,240) size 9x12 [bgcolor=#025E5E] [r=20 c=91 rs=1 cs=1]
              RenderInline {FONT} at (0,0) size 3x12
                RenderText {#text} at (0,0) size 3x12
                  text run at (0,0) width 3: " "
            RenderTableCell {TD} at (721,240) size 9x12 [bgcolor=#044F4F] [r=20 c=92 rs=1 cs=1]
              RenderInline {FONT} at (0,0) size 3x12
                RenderText {#text} at (0,0) size 3x12
                  text run at (0,0) width 3: " "
            RenderTableCell {TD} at (729,240) size 9x12 [bgcolor=#044140] [r=20 c=93 rs=1 cs=1]
              RenderInline {FONT} at (0,0) size 3x12
                RenderText {#text} at (0,0) size 3x12
                  text run at (0,0) width 3: " "
            RenderTableCell {TD} at (737,240) size 9x12 [bgcolor=#2D3433] [r=20 c=94 rs=1 cs=1]
              RenderInline {FONT} at (0,0) size 3x12
                RenderText {#text} at (0,0) size 3x12
                  text run at (0,0) width 3: " "
            RenderTableCell {TD} at (745,240) size 8x12 [bgcolor=#3D4242] [r=20 c=95 rs=1 cs=1]
              RenderInline {FONT} at (0,0) size 3x12
                RenderText {#text} at (0,0) size 3x12
                  text run at (0,0) width 3: " "
            RenderTableCell {TD} at (753,240) size 8x12 [bgcolor=#515C5B] [r=20 c=96 rs=1 cs=1]
              RenderInline {FONT} at (0,0) size 3x12
                RenderText {#text} at (0,0) size 3x12
                  text run at (0,0) width 3: " "
            RenderTableCell {TD} at (760,240) size 9x12 [bgcolor=#696A69] [r=20 c=97 rs=1 cs=1]
              RenderInline {FONT} at (0,0) size 3x12
                RenderText {#text} at (0,0) size 3x12
                  text run at (0,0) width 3: " "
            RenderTableCell {TD} at (768,240) size 9x12 [bgcolor=#515C5B] [r=20 c=98 rs=1 cs=1]
              RenderInline {FONT} at (0,0) size 3x12
                RenderText {#text} at (0,0) size 3x12
                  text run at (0,0) width 3: " "
            RenderTableCell {TD} at (776,240) size 9x12 [bgcolor=#3D4242] [r=20 c=99 rs=1 cs=1]
              RenderInline {FONT} at (0,0) size 3x12
                RenderText {#text} at (0,0) size 3x12
                  text run at (0,0) width 3: " "
          RenderTableRow {TR} at (0,252) size 784x12
            RenderTableCell {TD} at (0,252) size 8x12 [bgcolor=#FDFDFB] [r=21 c=0 rs=1 cs=1]
              RenderInline {FONT} at (0,0) size 3x12
                RenderText {#text} at (0,0) size 3x12
                  text run at (0,0) width 3: " "
            RenderTableCell {TD} at (7,252) size 9x12 [bgcolor=#FDFDFB] [r=21 c=1 rs=1 cs=1]
              RenderInline {FONT} at (0,0) size 3x12
                RenderText {#text} at (0,0) size 3x12
                  text run at (0,0) width 3: " "
            RenderTableCell {TD} at (15,252) size 9x12 [bgcolor=#FDFDFB] [r=21 c=2 rs=1 cs=1]
              RenderInline {FONT} at (0,0) size 3x12
                RenderText {#text} at (0,0) size 3x12
                  text run at (0,0) width 3: " "
            RenderTableCell {TD} at (23,252) size 9x12 [bgcolor=#EDEEEF] [r=21 c=3 rs=1 cs=1]
              RenderInline {FONT} at (0,0) size 3x12
                RenderText {#text} at (0,0) size 3x12
                  text run at (0,0) width 3: " "
            RenderTableCell {TD} at (31,252) size 9x12 [bgcolor=#CECFCF] [r=21 c=4 rs=1 cs=1]
              RenderInline {FONT} at (0,0) size 3x12
                RenderText {#text} at (0,0) size 3x12
                  text run at (0,0) width 3: " "
            RenderTableCell {TD} at (39,252) size 9x12 [bgcolor=#5A8787] [r=21 c=5 rs=1 cs=1]
              RenderInline {FONT} at (0,0) size 3x12
                RenderText {#text} at (0,0) size 3x12
                  text run at (0,0) width 3: " "
            RenderTableCell {TD} at (47,252) size 8x12 [bgcolor=#1A5C5C] [r=21 c=6 rs=1 cs=1]
              RenderInline {FONT} at (0,0) size 3x12
                RenderText {#text} at (0,0) size 3x12
                  text run at (0,0) width 3: " "
            RenderTableCell {TD} at (54,252) size 9x12 [bgcolor=#044F4F] [r=21 c=7 rs=1 cs=1]
              RenderInline {FONT} at (0,0) size 3x12
                RenderText {#text} at (0,0) size 3x12
                  text run at (0,0) width 3: " "
            RenderTableCell {TD} at (62,252) size 9x12 [bgcolor=#025E5E] [r=21 c=8 rs=1 cs=1]
              RenderInline {FONT} at (0,0) size 3x12
                RenderText {#text} at (0,0) size 3x12
                  text run at (0,0) width 3: " "
            RenderTableCell {TD} at (70,252) size 9x12 [bgcolor=#025E5E] [r=21 c=9 rs=1 cs=1]
              RenderInline {FONT} at (0,0) size 3x12
                RenderText {#text} at (0,0) size 3x12
                  text run at (0,0) width 3: " "
            RenderTableCell {TD} at (78,252) size 9x12 [bgcolor=#025E5E] [r=21 c=10 rs=1 cs=1]
              RenderInline {FONT} at (0,0) size 3x12
                RenderText {#text} at (0,0) size 3x12
                  text run at (0,0) width 3: " "
            RenderTableCell {TD} at (86,252) size 9x12 [bgcolor=#025E5E] [r=21 c=11 rs=1 cs=1]
              RenderInline {FONT} at (0,0) size 3x12
                RenderText {#text} at (0,0) size 3x12
                  text run at (0,0) width 3: " "
            RenderTableCell {TD} at (94,252) size 8x12 [bgcolor=#025E5E] [r=21 c=12 rs=1 cs=1]
              RenderInline {FONT} at (0,0) size 3x12
                RenderText {#text} at (0,0) size 3x12
                  text run at (0,0) width 3: " "
            RenderTableCell {TD} at (101,252) size 9x12 [bgcolor=#025E5E] [r=21 c=13 rs=1 cs=1]
              RenderInline {FONT} at (0,0) size 3x12
                RenderText {#text} at (0,0) size 3x12
                  text run at (0,0) width 3: " "
            RenderTableCell {TD} at (109,252) size 9x12 [bgcolor=#044F4F] [r=21 c=14 rs=1 cs=1]
              RenderInline {FONT} at (0,0) size 3x12
                RenderText {#text} at (0,0) size 3x12
                  text run at (0,0) width 3: " "
            RenderTableCell {TD} at (117,252) size 9x12 [bgcolor=#223C3D] [r=21 c=15 rs=1 cs=1]
              RenderInline {FONT} at (0,0) size 3x12
                RenderText {#text} at (0,0) size 3x12
                  text run at (0,0) width 3: " "
            RenderTableCell {TD} at (125,252) size 9x12 [bgcolor=#344C4E] [r=21 c=16 rs=1 cs=1]
              RenderInline {FONT} at (0,0) size 3x12
                RenderText {#text} at (0,0) size 3x12
                  text run at (0,0) width 3: " "
            RenderTableCell {TD} at (133,252) size 9x12 [bgcolor=#344C4E] [r=21 c=17 rs=1 cs=1]
              RenderInline {FONT} at (0,0) size 3x12
                RenderText {#text} at (0,0) size 3x12
                  text run at (0,0) width 3: " "
            RenderTableCell {TD} at (141,252) size 9x12 [bgcolor=#1A6B6A] [r=21 c=18 rs=1 cs=1]
              RenderInline {FONT} at (0,0) size 3x12
                RenderText {#text} at (0,0) size 3x12
                  text run at (0,0) width 3: " "
            RenderTableCell {TD} at (149,252) size 8x12 [bgcolor=#048485] [r=21 c=19 rs=1 cs=1]
              RenderInline {FONT} at (0,0) size 3x12
                RenderText {#text} at (0,0) size 3x12
                  text run at (0,0) width 3: " "
            RenderTableCell {TD} at (156,252) size 9x12 [bgcolor=#027777] [r=21 c=20 rs=1 cs=1]
              RenderInline {FONT} at (0,0) size 3x12
                RenderText {#text} at (0,0) size 3x12
                  text run at (0,0) width 3: " "
            RenderTableCell {TD} at (164,252) size 9x12 [bgcolor=#026766] [r=21 c=21 rs=1 cs=1]
              RenderInline {FONT} at (0,0) size 3x12
                RenderText {#text} at (0,0) size 3x12
                  text run at (0,0) width 3: " "
            RenderTableCell {TD} at (172,252) size 9x12 [bgcolor=#025E5E] [r=21 c=22 rs=1 cs=1]
              RenderInline {FONT} at (0,0) size 3x12
                RenderText {#text} at (0,0) size 3x12
                  text run at (0,0) width 3: " "
            RenderTableCell {TD} at (180,252) size 9x12 [bgcolor=#025E5E] [r=21 c=23 rs=1 cs=1]
              RenderInline {FONT} at (0,0) size 3x12
                RenderText {#text} at (0,0) size 3x12
                  text run at (0,0) width 3: " "
            RenderTableCell {TD} at (188,252) size 9x12 [bgcolor=#044F4F] [r=21 c=24 rs=1 cs=1]
              RenderInline {FONT} at (0,0) size 3x12
                RenderText {#text} at (0,0) size 3x12
                  text run at (0,0) width 3: " "
            RenderTableCell {TD} at (196,252) size 8x12 [bgcolor=#044140] [r=21 c=25 rs=1 cs=1]
              RenderInline {FONT} at (0,0) size 3x12
                RenderText {#text} at (0,0) size 3x12
                  text run at (0,0) width 3: " "
            RenderTableCell {TD} at (203,252) size 9x12 [bgcolor=#083131] [r=21 c=26 rs=1 cs=1]
              RenderInline {FONT} at (0,0) size 3x12
                RenderText {#text} at (0,0) size 3x12
                  text run at (0,0) width 3: " "
            RenderTableCell {TD} at (211,252) size 9x12 [bgcolor=#083131] [r=21 c=27 rs=1 cs=1]
              RenderInline {FONT} at (0,0) size 3x12
                RenderText {#text} at (0,0) size 3x12
                  text run at (0,0) width 3: " "
            RenderTableCell {TD} at (219,252) size 9x12 [bgcolor=#1C2524] [r=21 c=28 rs=1 cs=1]
              RenderInline {FONT} at (0,0) size 3x12
                RenderText {#text} at (0,0) size 3x12
                  text run at (0,0) width 3: " "
            RenderTableCell {TD} at (227,252) size 9x12 [bgcolor=#2D3433] [r=21 c=29 rs=1 cs=1]
              RenderInline {FONT} at (0,0) size 3x12
                RenderText {#text} at (0,0) size 3x12
                  text run at (0,0) width 3: " "
            RenderTableCell {TD} at (235,252) size 9x12 [bgcolor=#3D4242] [r=21 c=30 rs=1 cs=1]
              RenderInline {FONT} at (0,0) size 3x12
                RenderText {#text} at (0,0) size 3x12
                  text run at (0,0) width 3: " "
            RenderTableCell {TD} at (243,252) size 8x12 [bgcolor=#4D4F4F] [r=21 c=31 rs=1 cs=1]
              RenderInline {FONT} at (0,0) size 3x12
                RenderText {#text} at (0,0) size 3x12
                  text run at (0,0) width 3: " "
            RenderTableCell {TD} at (251,252) size 8x12 [bgcolor=#5E5F60] [r=21 c=32 rs=1 cs=1]
              RenderInline {FONT} at (0,0) size 3x12
                RenderText {#text} at (0,0) size 3x12
                  text run at (0,0) width 3: " "
            RenderTableCell {TD} at (258,252) size 9x12 [bgcolor=#696A69] [r=21 c=33 rs=1 cs=1]
              RenderInline {FONT} at (0,0) size 3x12
                RenderText {#text} at (0,0) size 3x12
                  text run at (0,0) width 3: " "
            RenderTableCell {TD} at (266,252) size 9x12 [bgcolor=#696A69] [r=21 c=34 rs=1 cs=1]
              RenderInline {FONT} at (0,0) size 3x12
                RenderText {#text} at (0,0) size 3x12
                  text run at (0,0) width 3: " "
            RenderTableCell {TD} at (274,252) size 9x12 [bgcolor=#5E5F60] [r=21 c=35 rs=1 cs=1]
              RenderInline {FONT} at (0,0) size 3x12
                RenderText {#text} at (0,0) size 3x12
                  text run at (0,0) width 3: " "
            RenderTableCell {TD} at (282,252) size 9x12 [bgcolor=#027777] [r=21 c=36 rs=1 cs=1]
              RenderInline {FONT} at (0,0) size 3x12
                RenderText {#text} at (0,0) size 3x12
                  text run at (0,0) width 3: " "
            RenderTableCell {TD} at (290,252) size 9x12 [bgcolor=#027777] [r=21 c=37 rs=1 cs=1]
              RenderInline {FONT} at (0,0) size 3x12
                RenderText {#text} at (0,0) size 3x12
                  text run at (0,0) width 3: " "
            RenderTableCell {TD} at (298,252) size 8x12 [bgcolor=#026766] [r=21 c=38 rs=1 cs=1]
              RenderInline {FONT} at (0,0) size 3x12
                RenderText {#text} at (0,0) size 3x12
                  text run at (0,0) width 3: " "
            RenderTableCell {TD} at (305,252) size 9x12 [bgcolor=#025E5E] [r=21 c=39 rs=1 cs=1]
              RenderInline {FONT} at (0,0) size 3x12
                RenderText {#text} at (0,0) size 3x12
                  text run at (0,0) width 3: " "
            RenderTableCell {TD} at (313,252) size 9x12 [bgcolor=#025E5E] [r=21 c=40 rs=1 cs=1]
              RenderInline {FONT} at (0,0) size 3x12
                RenderText {#text} at (0,0) size 3x12
                  text run at (0,0) width 3: " "
            RenderTableCell {TD} at (321,252) size 9x12 [bgcolor=#025E5E] [r=21 c=41 rs=1 cs=1]
              RenderInline {FONT} at (0,0) size 3x12
                RenderText {#text} at (0,0) size 3x12
                  text run at (0,0) width 3: " "
            RenderTableCell {TD} at (329,252) size 9x12 [bgcolor=#025E5E] [r=21 c=42 rs=1 cs=1]
              RenderInline {FONT} at (0,0) size 3x12
                RenderText {#text} at (0,0) size 3x12
                  text run at (0,0) width 3: " "
            RenderTableCell {TD} at (337,252) size 9x12 [bgcolor=#025E5E] [r=21 c=43 rs=1 cs=1]
              RenderInline {FONT} at (0,0) size 3x12
                RenderText {#text} at (0,0) size 3x12
                  text run at (0,0) width 3: " "
            RenderTableCell {TD} at (345,252) size 8x12 [bgcolor=#025E5E] [r=21 c=44 rs=1 cs=1]
              RenderInline {FONT} at (0,0) size 3x12
                RenderText {#text} at (0,0) size 3x12
                  text run at (0,0) width 3: " "
            RenderTableCell {TD} at (352,252) size 9x12 [bgcolor=#025E5E] [r=21 c=45 rs=1 cs=1]
              RenderInline {FONT} at (0,0) size 3x12
                RenderText {#text} at (0,0) size 3x12
                  text run at (0,0) width 3: " "
            RenderTableCell {TD} at (360,252) size 9x12 [bgcolor=#025E5E] [r=21 c=46 rs=1 cs=1]
              RenderInline {FONT} at (0,0) size 3x12
                RenderText {#text} at (0,0) size 3x12
                  text run at (0,0) width 3: " "
            RenderTableCell {TD} at (368,252) size 9x12 [bgcolor=#025E5E] [r=21 c=47 rs=1 cs=1]
              RenderInline {FONT} at (0,0) size 3x12
                RenderText {#text} at (0,0) size 3x12
                  text run at (0,0) width 3: " "
            RenderTableCell {TD} at (376,252) size 9x12 [bgcolor=#025E5E] [r=21 c=48 rs=1 cs=1]
              RenderInline {FONT} at (0,0) size 3x12
                RenderText {#text} at (0,0) size 3x12
                  text run at (0,0) width 3: " "
            RenderTableCell {TD} at (384,252) size 9x12 [bgcolor=#025E5E] [r=21 c=49 rs=1 cs=1]
              RenderInline {FONT} at (0,0) size 3x12
                RenderText {#text} at (0,0) size 3x12
                  text run at (0,0) width 3: " "
            RenderTableCell {TD} at (392,252) size 9x12 [bgcolor=#044F4F] [r=21 c=50 rs=1 cs=1]
              RenderInline {FONT} at (0,0) size 3x12
                RenderText {#text} at (0,0) size 3x12
                  text run at (0,0) width 3: " "
            RenderTableCell {TD} at (400,252) size 8x12 [bgcolor=#083131] [r=21 c=51 rs=1 cs=1]
              RenderInline {FONT} at (0,0) size 3x12
                RenderText {#text} at (0,0) size 3x12
                  text run at (0,0) width 3: " "
            RenderTableCell {TD} at (407,252) size 9x12 [bgcolor=#2D3433] [r=21 c=52 rs=1 cs=1]
              RenderInline {FONT} at (0,0) size 3x12
                RenderText {#text} at (0,0) size 3x12
                  text run at (0,0) width 3: " "
            RenderTableCell {TD} at (415,252) size 9x12 [bgcolor=#3D4242] [r=21 c=53 rs=1 cs=1]
              RenderInline {FONT} at (0,0) size 3x12
                RenderText {#text} at (0,0) size 3x12
                  text run at (0,0) width 3: " "
            RenderTableCell {TD} at (423,252) size 9x12 [bgcolor=#515C5B] [r=21 c=54 rs=1 cs=1]
              RenderInline {FONT} at (0,0) size 3x12
                RenderText {#text} at (0,0) size 3x12
                  text run at (0,0) width 3: " "
            RenderTableCell {TD} at (431,252) size 9x12 [bgcolor=#5E5F60] [r=21 c=55 rs=1 cs=1]
              RenderInline {FONT} at (0,0) size 3x12
                RenderText {#text} at (0,0) size 3x12
                  text run at (0,0) width 3: " "
            RenderTableCell {TD} at (439,252) size 9x12 [bgcolor=#696A69] [r=21 c=56 rs=1 cs=1]
              RenderInline {FONT} at (0,0) size 3x12
                RenderText {#text} at (0,0) size 3x12
                  text run at (0,0) width 3: " "
            RenderTableCell {TD} at (447,252) size 8x12 [bgcolor=#696A69] [r=21 c=57 rs=1 cs=1]
              RenderInline {FONT} at (0,0) size 3x12
                RenderText {#text} at (0,0) size 3x12
                  text run at (0,0) width 3: " "
            RenderTableCell {TD} at (454,252) size 9x12 [bgcolor=#696A69] [r=21 c=58 rs=1 cs=1]
              RenderInline {FONT} at (0,0) size 3x12
                RenderText {#text} at (0,0) size 3x12
                  text run at (0,0) width 3: " "
            RenderTableCell {TD} at (462,252) size 9x12 [bgcolor=#696A69] [r=21 c=59 rs=1 cs=1]
              RenderInline {FONT} at (0,0) size 3x12
                RenderText {#text} at (0,0) size 3x12
                  text run at (0,0) width 3: " "
            RenderTableCell {TD} at (470,252) size 9x12 [bgcolor=#696A69] [r=21 c=60 rs=1 cs=1]
              RenderInline {FONT} at (0,0) size 3x12
                RenderText {#text} at (0,0) size 3x12
                  text run at (0,0) width 3: " "
            RenderTableCell {TD} at (478,252) size 9x12 [bgcolor=#5E5F60] [r=21 c=61 rs=1 cs=1]
              RenderInline {FONT} at (0,0) size 3x12
                RenderText {#text} at (0,0) size 3x12
                  text run at (0,0) width 3: " "
            RenderTableCell {TD} at (486,252) size 9x12 [bgcolor=#425A5A] [r=21 c=62 rs=1 cs=1]
              RenderInline {FONT} at (0,0) size 3x12
                RenderText {#text} at (0,0) size 3x12
                  text run at (0,0) width 3: " "
            RenderTableCell {TD} at (494,252) size 8x12 [bgcolor=#1A5C5C] [r=21 c=63 rs=1 cs=1]
              RenderInline {FONT} at (0,0) size 3x12
                RenderText {#text} at (0,0) size 3x12
                  text run at (0,0) width 3: " "
            RenderTableCell {TD} at (502,252) size 8x12 [bgcolor=#044F4F] [r=21 c=64 rs=1 cs=1]
              RenderInline {FONT} at (0,0) size 3x12
                RenderText {#text} at (0,0) size 3x12
                  text run at (0,0) width 3: " "
            RenderTableCell {TD} at (509,252) size 9x12 [bgcolor=#025E5E] [r=21 c=65 rs=1 cs=1]
              RenderInline {FONT} at (0,0) size 3x12
                RenderText {#text} at (0,0) size 3x12
                  text run at (0,0) width 3: " "
            RenderTableCell {TD} at (517,252) size 9x12 [bgcolor=#025E5E] [r=21 c=66 rs=1 cs=1]
              RenderInline {FONT} at (0,0) size 3x12
                RenderText {#text} at (0,0) size 3x12
                  text run at (0,0) width 3: " "
            RenderTableCell {TD} at (525,252) size 9x12 [bgcolor=#025E5E] [r=21 c=67 rs=1 cs=1]
              RenderInline {FONT} at (0,0) size 3x12
                RenderText {#text} at (0,0) size 3x12
                  text run at (0,0) width 3: " "
            RenderTableCell {TD} at (533,252) size 9x12 [bgcolor=#025E5E] [r=21 c=68 rs=1 cs=1]
              RenderInline {FONT} at (0,0) size 3x12
                RenderText {#text} at (0,0) size 3x12
                  text run at (0,0) width 3: " "
            RenderTableCell {TD} at (541,252) size 9x12 [bgcolor=#025E5E] [r=21 c=69 rs=1 cs=1]
              RenderInline {FONT} at (0,0) size 3x12
                RenderText {#text} at (0,0) size 3x12
                  text run at (0,0) width 3: " "
            RenderTableCell {TD} at (549,252) size 8x12 [bgcolor=#026766] [r=21 c=70 rs=1 cs=1]
              RenderInline {FONT} at (0,0) size 3x12
                RenderText {#text} at (0,0) size 3x12
                  text run at (0,0) width 3: " "
            RenderTableCell {TD} at (556,252) size 9x12 [bgcolor=#026766] [r=21 c=71 rs=1 cs=1]
              RenderInline {FONT} at (0,0) size 3x12
                RenderText {#text} at (0,0) size 3x12
                  text run at (0,0) width 3: " "
            RenderTableCell {TD} at (564,252) size 9x12 [bgcolor=#026766] [r=21 c=72 rs=1 cs=1]
              RenderInline {FONT} at (0,0) size 3x12
                RenderText {#text} at (0,0) size 3x12
                  text run at (0,0) width 3: " "
            RenderTableCell {TD} at (572,252) size 9x12 [bgcolor=#026766] [r=21 c=73 rs=1 cs=1]
              RenderInline {FONT} at (0,0) size 3x12
                RenderText {#text} at (0,0) size 3x12
                  text run at (0,0) width 3: " "
            RenderTableCell {TD} at (580,252) size 9x12 [bgcolor=#026766] [r=21 c=74 rs=1 cs=1]
              RenderInline {FONT} at (0,0) size 3x12
                RenderText {#text} at (0,0) size 3x12
                  text run at (0,0) width 3: " "
            RenderTableCell {TD} at (588,252) size 9x12 [bgcolor=#026766] [r=21 c=75 rs=1 cs=1]
              RenderInline {FONT} at (0,0) size 3x12
                RenderText {#text} at (0,0) size 3x12
                  text run at (0,0) width 3: " "
            RenderTableCell {TD} at (596,252) size 8x12 [bgcolor=#027777] [r=21 c=76 rs=1 cs=1]
              RenderInline {FONT} at (0,0) size 3x12
                RenderText {#text} at (0,0) size 3x12
                  text run at (0,0) width 3: " "
            RenderTableCell {TD} at (603,252) size 9x12 [bgcolor=#027777] [r=21 c=77 rs=1 cs=1]
              RenderInline {FONT} at (0,0) size 3x12
                RenderText {#text} at (0,0) size 3x12
                  text run at (0,0) width 3: " "
            RenderTableCell {TD} at (611,252) size 9x12 [bgcolor=#027777] [r=21 c=78 rs=1 cs=1]
              RenderInline {FONT} at (0,0) size 3x12
                RenderText {#text} at (0,0) size 3x12
                  text run at (0,0) width 3: " "
            RenderTableCell {TD} at (619,252) size 9x12 [bgcolor=#026766] [r=21 c=79 rs=1 cs=1]
              RenderInline {FONT} at (0,0) size 3x12
                RenderText {#text} at (0,0) size 3x12
                  text run at (0,0) width 3: " "
            RenderTableCell {TD} at (627,252) size 9x12 [bgcolor=#026766] [r=21 c=80 rs=1 cs=1]
              RenderInline {FONT} at (0,0) size 3x12
                RenderText {#text} at (0,0) size 3x12
                  text run at (0,0) width 3: " "
            RenderTableCell {TD} at (635,252) size 9x12 [bgcolor=#026766] [r=21 c=81 rs=1 cs=1]
              RenderInline {FONT} at (0,0) size 3x12
                RenderText {#text} at (0,0) size 3x12
                  text run at (0,0) width 3: " "
            RenderTableCell {TD} at (643,252) size 9x12 [bgcolor=#026766] [r=21 c=82 rs=1 cs=1]
              RenderInline {FONT} at (0,0) size 3x12
                RenderText {#text} at (0,0) size 3x12
                  text run at (0,0) width 3: " "
            RenderTableCell {TD} at (651,252) size 8x12 [bgcolor=#026766] [r=21 c=83 rs=1 cs=1]
              RenderInline {FONT} at (0,0) size 3x12
                RenderText {#text} at (0,0) size 3x12
                  text run at (0,0) width 3: " "
            RenderTableCell {TD} at (658,252) size 9x12 [bgcolor=#026766] [r=21 c=84 rs=1 cs=1]
              RenderInline {FONT} at (0,0) size 3x12
                RenderText {#text} at (0,0) size 3x12
                  text run at (0,0) width 3: " "
            RenderTableCell {TD} at (666,252) size 9x12 [bgcolor=#026766] [r=21 c=85 rs=1 cs=1]
              RenderInline {FONT} at (0,0) size 3x12
                RenderText {#text} at (0,0) size 3x12
                  text run at (0,0) width 3: " "
            RenderTableCell {TD} at (674,252) size 9x12 [bgcolor=#026766] [r=21 c=86 rs=1 cs=1]
              RenderInline {FONT} at (0,0) size 3x12
                RenderText {#text} at (0,0) size 3x12
                  text run at (0,0) width 3: " "
            RenderTableCell {TD} at (682,252) size 9x12 [bgcolor=#026766] [r=21 c=87 rs=1 cs=1]
              RenderInline {FONT} at (0,0) size 3x12
                RenderText {#text} at (0,0) size 3x12
                  text run at (0,0) width 3: " "
            RenderTableCell {TD} at (690,252) size 9x12 [bgcolor=#026766] [r=21 c=88 rs=1 cs=1]
              RenderInline {FONT} at (0,0) size 3x12
                RenderText {#text} at (0,0) size 3x12
                  text run at (0,0) width 3: " "
            RenderTableCell {TD} at (698,252) size 8x12 [bgcolor=#026766] [r=21 c=89 rs=1 cs=1]
              RenderInline {FONT} at (0,0) size 3x12
                RenderText {#text} at (0,0) size 3x12
                  text run at (0,0) width 3: " "
            RenderTableCell {TD} at (705,252) size 9x12 [bgcolor=#026766] [r=21 c=90 rs=1 cs=1]
              RenderInline {FONT} at (0,0) size 3x12
                RenderText {#text} at (0,0) size 3x12
                  text run at (0,0) width 3: " "
            RenderTableCell {TD} at (713,252) size 9x12 [bgcolor=#025E5E] [r=21 c=91 rs=1 cs=1]
              RenderInline {FONT} at (0,0) size 3x12
                RenderText {#text} at (0,0) size 3x12
                  text run at (0,0) width 3: " "
            RenderTableCell {TD} at (721,252) size 9x12 [bgcolor=#044F4F] [r=21 c=92 rs=1 cs=1]
              RenderInline {FONT} at (0,0) size 3x12
                RenderText {#text} at (0,0) size 3x12
                  text run at (0,0) width 3: " "
            RenderTableCell {TD} at (729,252) size 9x12 [bgcolor=#044140] [r=21 c=93 rs=1 cs=1]
              RenderInline {FONT} at (0,0) size 3x12
                RenderText {#text} at (0,0) size 3x12
                  text run at (0,0) width 3: " "
            RenderTableCell {TD} at (737,252) size 9x12 [bgcolor=#1C2524] [r=21 c=94 rs=1 cs=1]
              RenderInline {FONT} at (0,0) size 3x12
                RenderText {#text} at (0,0) size 3x12
                  text run at (0,0) width 3: " "
            RenderTableCell {TD} at (745,252) size 8x12 [bgcolor=#3D4242] [r=21 c=95 rs=1 cs=1]
              RenderInline {FONT} at (0,0) size 3x12
                RenderText {#text} at (0,0) size 3x12
                  text run at (0,0) width 3: " "
            RenderTableCell {TD} at (753,252) size 8x12 [bgcolor=#515C5B] [r=21 c=96 rs=1 cs=1]
              RenderInline {FONT} at (0,0) size 3x12
                RenderText {#text} at (0,0) size 3x12
                  text run at (0,0) width 3: " "
            RenderTableCell {TD} at (760,252) size 9x12 [bgcolor=#5E5F60] [r=21 c=97 rs=1 cs=1]
              RenderInline {FONT} at (0,0) size 3x12
                RenderText {#text} at (0,0) size 3x12
                  text run at (0,0) width 3: " "
            RenderTableCell {TD} at (768,252) size 9x12 [bgcolor=#5E5F60] [r=21 c=98 rs=1 cs=1]
              RenderInline {FONT} at (0,0) size 3x12
                RenderText {#text} at (0,0) size 3x12
                  text run at (0,0) width 3: " "
            RenderTableCell {TD} at (776,252) size 9x12 [bgcolor=#515C5B] [r=21 c=99 rs=1 cs=1]
              RenderInline {FONT} at (0,0) size 3x12
                RenderText {#text} at (0,0) size 3x12
                  text run at (0,0) width 3: " "
          RenderTableRow {TR} at (0,264) size 784x12
            RenderTableCell {TD} at (0,264) size 8x12 [bgcolor=#FDFDFB] [r=22 c=0 rs=1 cs=1]
              RenderInline {FONT} at (0,0) size 3x12
                RenderText {#text} at (0,0) size 3x12
                  text run at (0,0) width 3: " "
            RenderTableCell {TD} at (7,264) size 9x12 [bgcolor=#FDFDFB] [r=22 c=1 rs=1 cs=1]
              RenderInline {FONT} at (0,0) size 3x12
                RenderText {#text} at (0,0) size 3x12
                  text run at (0,0) width 3: " "
            RenderTableCell {TD} at (15,264) size 9x12 [bgcolor=#FDFDFB] [r=22 c=2 rs=1 cs=1]
              RenderInline {FONT} at (0,0) size 3x12
                RenderText {#text} at (0,0) size 3x12
                  text run at (0,0) width 3: " "
            RenderTableCell {TD} at (23,264) size 9x12 [bgcolor=#FDFDFB] [r=22 c=3 rs=1 cs=1]
              RenderInline {FONT} at (0,0) size 3x12
                RenderText {#text} at (0,0) size 3x12
                  text run at (0,0) width 3: " "
            RenderTableCell {TD} at (31,264) size 9x12 [bgcolor=#EDEEEF] [r=22 c=4 rs=1 cs=1]
              RenderInline {FONT} at (0,0) size 3x12
                RenderText {#text} at (0,0) size 3x12
                  text run at (0,0) width 3: " "
            RenderTableCell {TD} at (39,264) size 9x12 [bgcolor=#CECFCF] [r=22 c=5 rs=1 cs=1]
              RenderInline {FONT} at (0,0) size 3x12
                RenderText {#text} at (0,0) size 3x12
                  text run at (0,0) width 3: " "
            RenderTableCell {TD} at (47,264) size 8x12 [bgcolor=#91A3A3] [r=22 c=6 rs=1 cs=1]
              RenderInline {FONT} at (0,0) size 3x12
                RenderText {#text} at (0,0) size 3x12
                  text run at (0,0) width 3: " "
            RenderTableCell {TD} at (54,264) size 9x12 [bgcolor=#305D5D] [r=22 c=7 rs=1 cs=1]
              RenderInline {FONT} at (0,0) size 3x12
                RenderText {#text} at (0,0) size 3x12
                  text run at (0,0) width 3: " "
            RenderTableCell {TD} at (62,264) size 9x12 [bgcolor=#044F4F] [r=22 c=8 rs=1 cs=1]
              RenderInline {FONT} at (0,0) size 3x12
                RenderText {#text} at (0,0) size 3x12
                  text run at (0,0) width 3: " "
            RenderTableCell {TD} at (70,264) size 9x12 [bgcolor=#044F4F] [r=22 c=9 rs=1 cs=1]
              RenderInline {FONT} at (0,0) size 3x12
                RenderText {#text} at (0,0) size 3x12
                  text run at (0,0) width 3: " "
            RenderTableCell {TD} at (78,264) size 9x12 [bgcolor=#044F4F] [r=22 c=10 rs=1 cs=1]
              RenderInline {FONT} at (0,0) size 3x12
                RenderText {#text} at (0,0) size 3x12
                  text run at (0,0) width 3: " "
            RenderTableCell {TD} at (86,264) size 9x12 [bgcolor=#025E5E] [r=22 c=11 rs=1 cs=1]
              RenderInline {FONT} at (0,0) size 3x12
                RenderText {#text} at (0,0) size 3x12
                  text run at (0,0) width 3: " "
            RenderTableCell {TD} at (94,264) size 8x12 [bgcolor=#025E5E] [r=22 c=12 rs=1 cs=1]
              RenderInline {FONT} at (0,0) size 3x12
                RenderText {#text} at (0,0) size 3x12
                  text run at (0,0) width 3: " "
            RenderTableCell {TD} at (101,264) size 9x12 [bgcolor=#025E5E] [r=22 c=13 rs=1 cs=1]
              RenderInline {FONT} at (0,0) size 3x12
                RenderText {#text} at (0,0) size 3x12
                  text run at (0,0) width 3: " "
            RenderTableCell {TD} at (109,264) size 9x12 [bgcolor=#025E5E] [r=22 c=14 rs=1 cs=1]
              RenderInline {FONT} at (0,0) size 3x12
                RenderText {#text} at (0,0) size 3x12
                  text run at (0,0) width 3: " "
            RenderTableCell {TD} at (117,264) size 9x12 [bgcolor=#026766] [r=22 c=15 rs=1 cs=1]
              RenderInline {FONT} at (0,0) size 3x12
                RenderText {#text} at (0,0) size 3x12
                  text run at (0,0) width 3: " "
            RenderTableCell {TD} at (125,264) size 9x12 [bgcolor=#027777] [r=22 c=16 rs=1 cs=1]
              RenderInline {FONT} at (0,0) size 3x12
                RenderText {#text} at (0,0) size 3x12
                  text run at (0,0) width 3: " "
            RenderTableCell {TD} at (133,264) size 9x12 [bgcolor=#027777] [r=22 c=17 rs=1 cs=1]
              RenderInline {FONT} at (0,0) size 3x12
                RenderText {#text} at (0,0) size 3x12
                  text run at (0,0) width 3: " "
            RenderTableCell {TD} at (141,264) size 9x12 [bgcolor=#027777] [r=22 c=18 rs=1 cs=1]
              RenderInline {FONT} at (0,0) size 3x12
                RenderText {#text} at (0,0) size 3x12
                  text run at (0,0) width 3: " "
            RenderTableCell {TD} at (149,264) size 8x12 [bgcolor=#027777] [r=22 c=19 rs=1 cs=1]
              RenderInline {FONT} at (0,0) size 3x12
                RenderText {#text} at (0,0) size 3x12
                  text run at (0,0) width 3: " "
            RenderTableCell {TD} at (156,264) size 9x12 [bgcolor=#025E5E] [r=22 c=20 rs=1 cs=1]
              RenderInline {FONT} at (0,0) size 3x12
                RenderText {#text} at (0,0) size 3x12
                  text run at (0,0) width 3: " "
            RenderTableCell {TD} at (164,264) size 9x12 [bgcolor=#044F4F] [r=22 c=21 rs=1 cs=1]
              RenderInline {FONT} at (0,0) size 3x12
                RenderText {#text} at (0,0) size 3x12
                  text run at (0,0) width 3: " "
            RenderTableCell {TD} at (172,264) size 9x12 [bgcolor=#044F4F] [r=22 c=22 rs=1 cs=1]
              RenderInline {FONT} at (0,0) size 3x12
                RenderText {#text} at (0,0) size 3x12
                  text run at (0,0) width 3: " "
            RenderTableCell {TD} at (180,264) size 9x12 [bgcolor=#044140] [r=22 c=23 rs=1 cs=1]
              RenderInline {FONT} at (0,0) size 3x12
                RenderText {#text} at (0,0) size 3x12
                  text run at (0,0) width 3: " "
            RenderTableCell {TD} at (188,264) size 9x12 [bgcolor=#083131] [r=22 c=24 rs=1 cs=1]
              RenderInline {FONT} at (0,0) size 3x12
                RenderText {#text} at (0,0) size 3x12
                  text run at (0,0) width 3: " "
            RenderTableCell {TD} at (196,264) size 8x12 [bgcolor=#083131] [r=22 c=25 rs=1 cs=1]
              RenderInline {FONT} at (0,0) size 3x12
                RenderText {#text} at (0,0) size 3x12
                  text run at (0,0) width 3: " "
            RenderTableCell {TD} at (203,264) size 9x12 [bgcolor=#3D4242] [r=22 c=26 rs=1 cs=1]
              RenderInline {FONT} at (0,0) size 3x12
                RenderText {#text} at (0,0) size 3x12
                  text run at (0,0) width 3: " "
            RenderTableCell {TD} at (211,264) size 9x12 [bgcolor=#5E5F60] [r=22 c=27 rs=1 cs=1]
              RenderInline {FONT} at (0,0) size 3x12
                RenderText {#text} at (0,0) size 3x12
                  text run at (0,0) width 3: " "
            RenderTableCell {TD} at (219,264) size 9x12 [bgcolor=#848788] [r=22 c=28 rs=1 cs=1]
              RenderInline {FONT} at (0,0) size 3x12
                RenderText {#text} at (0,0) size 3x12
                  text run at (0,0) width 3: " "
            RenderTableCell {TD} at (227,264) size 9x12 [bgcolor=#A5A6A6] [r=22 c=29 rs=1 cs=1]
              RenderInline {FONT} at (0,0) size 3x12
                RenderText {#text} at (0,0) size 3x12
                  text run at (0,0) width 3: " "
            RenderTableCell {TD} at (235,264) size 9x12 [bgcolor=#CECFCF] [r=22 c=30 rs=1 cs=1]
              RenderInline {FONT} at (0,0) size 3x12
                RenderText {#text} at (0,0) size 3x12
                  text run at (0,0) width 3: " "
            RenderTableCell {TD} at (243,264) size 8x12 [bgcolor=#EDEEEF] [r=22 c=31 rs=1 cs=1]
              RenderInline {FONT} at (0,0) size 3x12
                RenderText {#text} at (0,0) size 3x12
                  text run at (0,0) width 3: " "
            RenderTableCell {TD} at (251,264) size 8x12 [bgcolor=#FDFDFB] [r=22 c=32 rs=1 cs=1]
              RenderInline {FONT} at (0,0) size 3x12
                RenderText {#text} at (0,0) size 3x12
                  text run at (0,0) width 3: " "
            RenderTableCell {TD} at (258,264) size 9x12 [bgcolor=#FDFDFB] [r=22 c=33 rs=1 cs=1]
              RenderInline {FONT} at (0,0) size 3x12
                RenderText {#text} at (0,0) size 3x12
                  text run at (0,0) width 3: " "
            RenderTableCell {TD} at (266,264) size 9x12 [bgcolor=#FDFDFB] [r=22 c=34 rs=1 cs=1]
              RenderInline {FONT} at (0,0) size 3x12
                RenderText {#text} at (0,0) size 3x12
                  text run at (0,0) width 3: " "
            RenderTableCell {TD} at (274,264) size 9x12 [bgcolor=#EDEEEF] [r=22 c=35 rs=1 cs=1]
              RenderInline {FONT} at (0,0) size 3x12
                RenderText {#text} at (0,0) size 3x12
                  text run at (0,0) width 3: " "
            RenderTableCell {TD} at (282,264) size 9x12 [bgcolor=#027777] [r=22 c=36 rs=1 cs=1]
              RenderInline {FONT} at (0,0) size 3x12
                RenderText {#text} at (0,0) size 3x12
                  text run at (0,0) width 3: " "
            RenderTableCell {TD} at (290,264) size 9x12 [bgcolor=#026766] [r=22 c=37 rs=1 cs=1]
              RenderInline {FONT} at (0,0) size 3x12
                RenderText {#text} at (0,0) size 3x12
                  text run at (0,0) width 3: " "
            RenderTableCell {TD} at (298,264) size 8x12 [bgcolor=#025E5E] [r=22 c=38 rs=1 cs=1]
              RenderInline {FONT} at (0,0) size 3x12
                RenderText {#text} at (0,0) size 3x12
                  text run at (0,0) width 3: " "
            RenderTableCell {TD} at (305,264) size 9x12 [bgcolor=#044F4F] [r=22 c=39 rs=1 cs=1]
              RenderInline {FONT} at (0,0) size 3x12
                RenderText {#text} at (0,0) size 3x12
                  text run at (0,0) width 3: " "
            RenderTableCell {TD} at (313,264) size 9x12 [bgcolor=#044F4F] [r=22 c=40 rs=1 cs=1]
              RenderInline {FONT} at (0,0) size 3x12
                RenderText {#text} at (0,0) size 3x12
                  text run at (0,0) width 3: " "
            RenderTableCell {TD} at (321,264) size 9x12 [bgcolor=#044F4F] [r=22 c=41 rs=1 cs=1]
              RenderInline {FONT} at (0,0) size 3x12
                RenderText {#text} at (0,0) size 3x12
                  text run at (0,0) width 3: " "
            RenderTableCell {TD} at (329,264) size 9x12 [bgcolor=#044F4F] [r=22 c=42 rs=1 cs=1]
              RenderInline {FONT} at (0,0) size 3x12
                RenderText {#text} at (0,0) size 3x12
                  text run at (0,0) width 3: " "
            RenderTableCell {TD} at (337,264) size 9x12 [bgcolor=#044F4F] [r=22 c=43 rs=1 cs=1]
              RenderInline {FONT} at (0,0) size 3x12
                RenderText {#text} at (0,0) size 3x12
                  text run at (0,0) width 3: " "
            RenderTableCell {TD} at (345,264) size 8x12 [bgcolor=#044F4F] [r=22 c=44 rs=1 cs=1]
              RenderInline {FONT} at (0,0) size 3x12
                RenderText {#text} at (0,0) size 3x12
                  text run at (0,0) width 3: " "
            RenderTableCell {TD} at (352,264) size 9x12 [bgcolor=#044F4F] [r=22 c=45 rs=1 cs=1]
              RenderInline {FONT} at (0,0) size 3x12
                RenderText {#text} at (0,0) size 3x12
                  text run at (0,0) width 3: " "
            RenderTableCell {TD} at (360,264) size 9x12 [bgcolor=#044F4F] [r=22 c=46 rs=1 cs=1]
              RenderInline {FONT} at (0,0) size 3x12
                RenderText {#text} at (0,0) size 3x12
                  text run at (0,0) width 3: " "
            RenderTableCell {TD} at (368,264) size 9x12 [bgcolor=#044F4F] [r=22 c=47 rs=1 cs=1]
              RenderInline {FONT} at (0,0) size 3x12
                RenderText {#text} at (0,0) size 3x12
                  text run at (0,0) width 3: " "
            RenderTableCell {TD} at (376,264) size 9x12 [bgcolor=#044F4F] [r=22 c=48 rs=1 cs=1]
              RenderInline {FONT} at (0,0) size 3x12
                RenderText {#text} at (0,0) size 3x12
                  text run at (0,0) width 3: " "
            RenderTableCell {TD} at (384,264) size 9x12 [bgcolor=#044F4F] [r=22 c=49 rs=1 cs=1]
              RenderInline {FONT} at (0,0) size 3x12
                RenderText {#text} at (0,0) size 3x12
                  text run at (0,0) width 3: " "
            RenderTableCell {TD} at (392,264) size 9x12 [bgcolor=#044140] [r=22 c=50 rs=1 cs=1]
              RenderInline {FONT} at (0,0) size 3x12
                RenderText {#text} at (0,0) size 3x12
                  text run at (0,0) width 3: " "
            RenderTableCell {TD} at (400,264) size 8x12 [bgcolor=#083131] [r=22 c=51 rs=1 cs=1]
              RenderInline {FONT} at (0,0) size 3x12
                RenderText {#text} at (0,0) size 3x12
                  text run at (0,0) width 3: " "
            RenderTableCell {TD} at (407,264) size 9x12 [bgcolor=#696A69] [r=22 c=52 rs=1 cs=1]
              RenderInline {FONT} at (0,0) size 3x12
                RenderText {#text} at (0,0) size 3x12
                  text run at (0,0) width 3: " "
            RenderTableCell {TD} at (415,264) size 9x12 [bgcolor=#B4B4B4] [r=22 c=53 rs=1 cs=1]
              RenderInline {FONT} at (0,0) size 3x12
                RenderText {#text} at (0,0) size 3x12
                  text run at (0,0) width 3: " "
            RenderTableCell {TD} at (423,264) size 9x12 [bgcolor=#DEDFDF] [r=22 c=54 rs=1 cs=1]
              RenderInline {FONT} at (0,0) size 3x12
                RenderText {#text} at (0,0) size 3x12
                  text run at (0,0) width 3: " "
            RenderTableCell {TD} at (431,264) size 9x12 [bgcolor=#FDFDFB] [r=22 c=55 rs=1 cs=1]
              RenderInline {FONT} at (0,0) size 3x12
                RenderText {#text} at (0,0) size 3x12
                  text run at (0,0) width 3: " "
            RenderTableCell {TD} at (439,264) size 9x12 [bgcolor=#FDFDFB] [r=22 c=56 rs=1 cs=1]
              RenderInline {FONT} at (0,0) size 3x12
                RenderText {#text} at (0,0) size 3x12
                  text run at (0,0) width 3: " "
            RenderTableCell {TD} at (447,264) size 8x12 [bgcolor=#FDFDFB] [r=22 c=57 rs=1 cs=1]
              RenderInline {FONT} at (0,0) size 3x12
                RenderText {#text} at (0,0) size 3x12
                  text run at (0,0) width 3: " "
            RenderTableCell {TD} at (454,264) size 9x12 [bgcolor=#FDFDFB] [r=22 c=58 rs=1 cs=1]
              RenderInline {FONT} at (0,0) size 3x12
                RenderText {#text} at (0,0) size 3x12
                  text run at (0,0) width 3: " "
            RenderTableCell {TD} at (462,264) size 9x12 [bgcolor=#FDFDFB] [r=22 c=59 rs=1 cs=1]
              RenderInline {FONT} at (0,0) size 3x12
                RenderText {#text} at (0,0) size 3x12
                  text run at (0,0) width 3: " "
            RenderTableCell {TD} at (470,264) size 9x12 [bgcolor=#FDFDFB] [r=22 c=60 rs=1 cs=1]
              RenderInline {FONT} at (0,0) size 3x12
                RenderText {#text} at (0,0) size 3x12
                  text run at (0,0) width 3: " "
            RenderTableCell {TD} at (478,264) size 9x12 [bgcolor=#FDFDFB] [r=22 c=61 rs=1 cs=1]
              RenderInline {FONT} at (0,0) size 3x12
                RenderText {#text} at (0,0) size 3x12
                  text run at (0,0) width 3: " "
            RenderTableCell {TD} at (486,264) size 9x12 [bgcolor=#EDEEEF] [r=22 c=62 rs=1 cs=1]
              RenderInline {FONT} at (0,0) size 3x12
                RenderText {#text} at (0,0) size 3x12
                  text run at (0,0) width 3: " "
            RenderTableCell {TD} at (494,264) size 8x12 [bgcolor=#BEC2C2] [r=22 c=63 rs=1 cs=1]
              RenderInline {FONT} at (0,0) size 3x12
                RenderText {#text} at (0,0) size 3x12
                  text run at (0,0) width 3: " "
            RenderTableCell {TD} at (502,264) size 8x12 [bgcolor=#396B6A] [r=22 c=64 rs=1 cs=1]
              RenderInline {FONT} at (0,0) size 3x12
                RenderText {#text} at (0,0) size 3x12
                  text run at (0,0) width 3: " "
            RenderTableCell {TD} at (509,264) size 9x12 [bgcolor=#044F4F] [r=22 c=65 rs=1 cs=1]
              RenderInline {FONT} at (0,0) size 3x12
                RenderText {#text} at (0,0) size 3x12
                  text run at (0,0) width 3: " "
            RenderTableCell {TD} at (517,264) size 9x12 [bgcolor=#044F4F] [r=22 c=66 rs=1 cs=1]
              RenderInline {FONT} at (0,0) size 3x12
                RenderText {#text} at (0,0) size 3x12
                  text run at (0,0) width 3: " "
            RenderTableCell {TD} at (525,264) size 9x12 [bgcolor=#025E5E] [r=22 c=67 rs=1 cs=1]
              RenderInline {FONT} at (0,0) size 3x12
                RenderText {#text} at (0,0) size 3x12
                  text run at (0,0) width 3: " "
            RenderTableCell {TD} at (533,264) size 9x12 [bgcolor=#025E5E] [r=22 c=68 rs=1 cs=1]
              RenderInline {FONT} at (0,0) size 3x12
                RenderText {#text} at (0,0) size 3x12
                  text run at (0,0) width 3: " "
            RenderTableCell {TD} at (541,264) size 9x12 [bgcolor=#025E5E] [r=22 c=69 rs=1 cs=1]
              RenderInline {FONT} at (0,0) size 3x12
                RenderText {#text} at (0,0) size 3x12
                  text run at (0,0) width 3: " "
            RenderTableCell {TD} at (549,264) size 8x12 [bgcolor=#025E5E] [r=22 c=70 rs=1 cs=1]
              RenderInline {FONT} at (0,0) size 3x12
                RenderText {#text} at (0,0) size 3x12
                  text run at (0,0) width 3: " "
            RenderTableCell {TD} at (556,264) size 9x12 [bgcolor=#025E5E] [r=22 c=71 rs=1 cs=1]
              RenderInline {FONT} at (0,0) size 3x12
                RenderText {#text} at (0,0) size 3x12
                  text run at (0,0) width 3: " "
            RenderTableCell {TD} at (564,264) size 9x12 [bgcolor=#025E5E] [r=22 c=72 rs=1 cs=1]
              RenderInline {FONT} at (0,0) size 3x12
                RenderText {#text} at (0,0) size 3x12
                  text run at (0,0) width 3: " "
            RenderTableCell {TD} at (572,264) size 9x12 [bgcolor=#025E5E] [r=22 c=73 rs=1 cs=1]
              RenderInline {FONT} at (0,0) size 3x12
                RenderText {#text} at (0,0) size 3x12
                  text run at (0,0) width 3: " "
            RenderTableCell {TD} at (580,264) size 9x12 [bgcolor=#026766] [r=22 c=74 rs=1 cs=1]
              RenderInline {FONT} at (0,0) size 3x12
                RenderText {#text} at (0,0) size 3x12
                  text run at (0,0) width 3: " "
            RenderTableCell {TD} at (588,264) size 9x12 [bgcolor=#026766] [r=22 c=75 rs=1 cs=1]
              RenderInline {FONT} at (0,0) size 3x12
                RenderText {#text} at (0,0) size 3x12
                  text run at (0,0) width 3: " "
            RenderTableCell {TD} at (596,264) size 8x12 [bgcolor=#026766] [r=22 c=76 rs=1 cs=1]
              RenderInline {FONT} at (0,0) size 3x12
                RenderText {#text} at (0,0) size 3x12
                  text run at (0,0) width 3: " "
            RenderTableCell {TD} at (603,264) size 9x12 [bgcolor=#026766] [r=22 c=77 rs=1 cs=1]
              RenderInline {FONT} at (0,0) size 3x12
                RenderText {#text} at (0,0) size 3x12
                  text run at (0,0) width 3: " "
            RenderTableCell {TD} at (611,264) size 9x12 [bgcolor=#026766] [r=22 c=78 rs=1 cs=1]
              RenderInline {FONT} at (0,0) size 3x12
                RenderText {#text} at (0,0) size 3x12
                  text run at (0,0) width 3: " "
            RenderTableCell {TD} at (619,264) size 9x12 [bgcolor=#026766] [r=22 c=79 rs=1 cs=1]
              RenderInline {FONT} at (0,0) size 3x12
                RenderText {#text} at (0,0) size 3x12
                  text run at (0,0) width 3: " "
            RenderTableCell {TD} at (627,264) size 9x12 [bgcolor=#026766] [r=22 c=80 rs=1 cs=1]
              RenderInline {FONT} at (0,0) size 3x12
                RenderText {#text} at (0,0) size 3x12
                  text run at (0,0) width 3: " "
            RenderTableCell {TD} at (635,264) size 9x12 [bgcolor=#026766] [r=22 c=81 rs=1 cs=1]
              RenderInline {FONT} at (0,0) size 3x12
                RenderText {#text} at (0,0) size 3x12
                  text run at (0,0) width 3: " "
            RenderTableCell {TD} at (643,264) size 9x12 [bgcolor=#026766] [r=22 c=82 rs=1 cs=1]
              RenderInline {FONT} at (0,0) size 3x12
                RenderText {#text} at (0,0) size 3x12
                  text run at (0,0) width 3: " "
            RenderTableCell {TD} at (651,264) size 8x12 [bgcolor=#026766] [r=22 c=83 rs=1 cs=1]
              RenderInline {FONT} at (0,0) size 3x12
                RenderText {#text} at (0,0) size 3x12
                  text run at (0,0) width 3: " "
            RenderTableCell {TD} at (658,264) size 9x12 [bgcolor=#026766] [r=22 c=84 rs=1 cs=1]
              RenderInline {FONT} at (0,0) size 3x12
                RenderText {#text} at (0,0) size 3x12
                  text run at (0,0) width 3: " "
            RenderTableCell {TD} at (666,264) size 9x12 [bgcolor=#026766] [r=22 c=85 rs=1 cs=1]
              RenderInline {FONT} at (0,0) size 3x12
                RenderText {#text} at (0,0) size 3x12
                  text run at (0,0) width 3: " "
            RenderTableCell {TD} at (674,264) size 9x12 [bgcolor=#026766] [r=22 c=86 rs=1 cs=1]
              RenderInline {FONT} at (0,0) size 3x12
                RenderText {#text} at (0,0) size 3x12
                  text run at (0,0) width 3: " "
            RenderTableCell {TD} at (682,264) size 9x12 [bgcolor=#026766] [r=22 c=87 rs=1 cs=1]
              RenderInline {FONT} at (0,0) size 3x12
                RenderText {#text} at (0,0) size 3x12
                  text run at (0,0) width 3: " "
            RenderTableCell {TD} at (690,264) size 9x12 [bgcolor=#026766] [r=22 c=88 rs=1 cs=1]
              RenderInline {FONT} at (0,0) size 3x12
                RenderText {#text} at (0,0) size 3x12
                  text run at (0,0) width 3: " "
            RenderTableCell {TD} at (698,264) size 8x12 [bgcolor=#026766] [r=22 c=89 rs=1 cs=1]
              RenderInline {FONT} at (0,0) size 3x12
                RenderText {#text} at (0,0) size 3x12
                  text run at (0,0) width 3: " "
            RenderTableCell {TD} at (705,264) size 9x12 [bgcolor=#026766] [r=22 c=90 rs=1 cs=1]
              RenderInline {FONT} at (0,0) size 3x12
                RenderText {#text} at (0,0) size 3x12
                  text run at (0,0) width 3: " "
            RenderTableCell {TD} at (713,264) size 9x12 [bgcolor=#025E5E] [r=22 c=91 rs=1 cs=1]
              RenderInline {FONT} at (0,0) size 3x12
                RenderText {#text} at (0,0) size 3x12
                  text run at (0,0) width 3: " "
            RenderTableCell {TD} at (721,264) size 9x12 [bgcolor=#044F4F] [r=22 c=92 rs=1 cs=1]
              RenderInline {FONT} at (0,0) size 3x12
                RenderText {#text} at (0,0) size 3x12
                  text run at (0,0) width 3: " "
            RenderTableCell {TD} at (729,264) size 9x12 [bgcolor=#044140] [r=22 c=93 rs=1 cs=1]
              RenderInline {FONT} at (0,0) size 3x12
                RenderText {#text} at (0,0) size 3x12
                  text run at (0,0) width 3: " "
            RenderTableCell {TD} at (737,264) size 9x12 [bgcolor=#425A5A] [r=22 c=94 rs=1 cs=1]
              RenderInline {FONT} at (0,0) size 3x12
                RenderText {#text} at (0,0) size 3x12
                  text run at (0,0) width 3: " "
            RenderTableCell {TD} at (745,264) size 8x12 [bgcolor=#A5A6A6] [r=22 c=95 rs=1 cs=1]
              RenderInline {FONT} at (0,0) size 3x12
                RenderText {#text} at (0,0) size 3x12
                  text run at (0,0) width 3: " "
            RenderTableCell {TD} at (753,264) size 8x12 [bgcolor=#CECFCF] [r=22 c=96 rs=1 cs=1]
              RenderInline {FONT} at (0,0) size 3x12
                RenderText {#text} at (0,0) size 3x12
                  text run at (0,0) width 3: " "
            RenderTableCell {TD} at (760,264) size 9x12 [bgcolor=#FDFDFB] [r=22 c=97 rs=1 cs=1]
              RenderInline {FONT} at (0,0) size 3x12
                RenderText {#text} at (0,0) size 3x12
                  text run at (0,0) width 3: " "
            RenderTableCell {TD} at (768,264) size 9x12 [bgcolor=#FDFDFB] [r=22 c=98 rs=1 cs=1]
              RenderInline {FONT} at (0,0) size 3x12
                RenderText {#text} at (0,0) size 3x12
                  text run at (0,0) width 3: " "
            RenderTableCell {TD} at (776,264) size 9x12 [bgcolor=#FDFDFB] [r=22 c=99 rs=1 cs=1]
              RenderInline {FONT} at (0,0) size 3x12
                RenderText {#text} at (0,0) size 3x12
                  text run at (0,0) width 3: " "
          RenderTableRow {TR} at (0,276) size 784x12
            RenderTableCell {TD} at (0,276) size 8x12 [bgcolor=#FDFDFB] [r=23 c=0 rs=1 cs=1]
              RenderInline {FONT} at (0,0) size 3x12
                RenderText {#text} at (0,0) size 3x12
                  text run at (0,0) width 3: " "
            RenderTableCell {TD} at (7,276) size 9x12 [bgcolor=#FDFDFB] [r=23 c=1 rs=1 cs=1]
              RenderInline {FONT} at (0,0) size 3x12
                RenderText {#text} at (0,0) size 3x12
                  text run at (0,0) width 3: " "
            RenderTableCell {TD} at (15,276) size 9x12 [bgcolor=#FDFDFB] [r=23 c=2 rs=1 cs=1]
              RenderInline {FONT} at (0,0) size 3x12
                RenderText {#text} at (0,0) size 3x12
                  text run at (0,0) width 3: " "
            RenderTableCell {TD} at (23,276) size 9x12 [bgcolor=#FDFDFB] [r=23 c=3 rs=1 cs=1]
              RenderInline {FONT} at (0,0) size 3x12
                RenderText {#text} at (0,0) size 3x12
                  text run at (0,0) width 3: " "
            RenderTableCell {TD} at (31,276) size 9x12 [bgcolor=#FDFDFB] [r=23 c=4 rs=1 cs=1]
              RenderInline {FONT} at (0,0) size 3x12
                RenderText {#text} at (0,0) size 3x12
                  text run at (0,0) width 3: " "
            RenderTableCell {TD} at (39,276) size 9x12 [bgcolor=#EDEEEF] [r=23 c=5 rs=1 cs=1]
              RenderInline {FONT} at (0,0) size 3x12
                RenderText {#text} at (0,0) size 3x12
                  text run at (0,0) width 3: " "
            RenderTableCell {TD} at (47,276) size 8x12 [bgcolor=#DEDFDF] [r=23 c=6 rs=1 cs=1]
              RenderInline {FONT} at (0,0) size 3x12
                RenderText {#text} at (0,0) size 3x12
                  text run at (0,0) width 3: " "
            RenderTableCell {TD} at (54,276) size 9x12 [bgcolor=#B4B4B4] [r=23 c=7 rs=1 cs=1]
              RenderInline {FONT} at (0,0) size 3x12
                RenderText {#text} at (0,0) size 3x12
                  text run at (0,0) width 3: " "
            RenderTableCell {TD} at (62,276) size 9x12 [bgcolor=#848788] [r=23 c=8 rs=1 cs=1]
              RenderInline {FONT} at (0,0) size 3x12
                RenderText {#text} at (0,0) size 3x12
                  text run at (0,0) width 3: " "
            RenderTableCell {TD} at (70,276) size 9x12 [bgcolor=#305D5D] [r=23 c=9 rs=1 cs=1]
              RenderInline {FONT} at (0,0) size 3x12
                RenderText {#text} at (0,0) size 3x12
                  text run at (0,0) width 3: " "
            RenderTableCell {TD} at (78,276) size 9x12 [bgcolor=#044F4F] [r=23 c=10 rs=1 cs=1]
              RenderInline {FONT} at (0,0) size 3x12
                RenderText {#text} at (0,0) size 3x12
                  text run at (0,0) width 3: " "
            RenderTableCell {TD} at (86,276) size 9x12 [bgcolor=#044140] [r=23 c=11 rs=1 cs=1]
              RenderInline {FONT} at (0,0) size 3x12
                RenderText {#text} at (0,0) size 3x12
                  text run at (0,0) width 3: " "
            RenderTableCell {TD} at (94,276) size 8x12 [bgcolor=#044F4F] [r=23 c=12 rs=1 cs=1]
              RenderInline {FONT} at (0,0) size 3x12
                RenderText {#text} at (0,0) size 3x12
                  text run at (0,0) width 3: " "
            RenderTableCell {TD} at (101,276) size 9x12 [bgcolor=#044F4F] [r=23 c=13 rs=1 cs=1]
              RenderInline {FONT} at (0,0) size 3x12
                RenderText {#text} at (0,0) size 3x12
                  text run at (0,0) width 3: " "
            RenderTableCell {TD} at (109,276) size 9x12 [bgcolor=#044F4F] [r=23 c=14 rs=1 cs=1]
              RenderInline {FONT} at (0,0) size 3x12
                RenderText {#text} at (0,0) size 3x12
                  text run at (0,0) width 3: " "
            RenderTableCell {TD} at (117,276) size 9x12 [bgcolor=#044F4F] [r=23 c=15 rs=1 cs=1]
              RenderInline {FONT} at (0,0) size 3x12
                RenderText {#text} at (0,0) size 3x12
                  text run at (0,0) width 3: " "
            RenderTableCell {TD} at (125,276) size 9x12 [bgcolor=#025E5E] [r=23 c=16 rs=1 cs=1]
              RenderInline {FONT} at (0,0) size 3x12
                RenderText {#text} at (0,0) size 3x12
                  text run at (0,0) width 3: " "
            RenderTableCell {TD} at (133,276) size 9x12 [bgcolor=#025E5E] [r=23 c=17 rs=1 cs=1]
              RenderInline {FONT} at (0,0) size 3x12
                RenderText {#text} at (0,0) size 3x12
                  text run at (0,0) width 3: " "
            RenderTableCell {TD} at (141,276) size 9x12 [bgcolor=#044F4F] [r=23 c=18 rs=1 cs=1]
              RenderInline {FONT} at (0,0) size 3x12
                RenderText {#text} at (0,0) size 3x12
                  text run at (0,0) width 3: " "
            RenderTableCell {TD} at (149,276) size 8x12 [bgcolor=#044F4F] [r=23 c=19 rs=1 cs=1]
              RenderInline {FONT} at (0,0) size 3x12
                RenderText {#text} at (0,0) size 3x12
                  text run at (0,0) width 3: " "
            RenderTableCell {TD} at (156,276) size 9x12 [bgcolor=#044140] [r=23 c=20 rs=1 cs=1]
              RenderInline {FONT} at (0,0) size 3x12
                RenderText {#text} at (0,0) size 3x12
                  text run at (0,0) width 3: " "
            RenderTableCell {TD} at (164,276) size 9x12 [bgcolor=#044140] [r=23 c=21 rs=1 cs=1]
              RenderInline {FONT} at (0,0) size 3x12
                RenderText {#text} at (0,0) size 3x12
                  text run at (0,0) width 3: " "
            RenderTableCell {TD} at (172,276) size 9x12 [bgcolor=#083131] [r=23 c=22 rs=1 cs=1]
              RenderInline {FONT} at (0,0) size 3x12
                RenderText {#text} at (0,0) size 3x12
                  text run at (0,0) width 3: " "
            RenderTableCell {TD} at (180,276) size 9x12 [bgcolor=#083131] [r=23 c=23 rs=1 cs=1]
              RenderInline {FONT} at (0,0) size 3x12
                RenderText {#text} at (0,0) size 3x12
                  text run at (0,0) width 3: " "
            RenderTableCell {TD} at (188,276) size 9x12 [bgcolor=#344C4E] [r=23 c=24 rs=1 cs=1]
              RenderInline {FONT} at (0,0) size 3x12
                RenderText {#text} at (0,0) size 3x12
                  text run at (0,0) width 3: " "
            RenderTableCell {TD} at (196,276) size 8x12 [bgcolor=#5E5F60] [r=23 c=25 rs=1 cs=1]
              RenderInline {FONT} at (0,0) size 3x12
                RenderText {#text} at (0,0) size 3x12
                  text run at (0,0) width 3: " "
            RenderTableCell {TD} at (203,276) size 9x12 [bgcolor=#777878] [r=23 c=26 rs=1 cs=1]
              RenderInline {FONT} at (0,0) size 3x12
                RenderText {#text} at (0,0) size 3x12
                  text run at (0,0) width 3: " "
            RenderTableCell {TD} at (211,276) size 9x12 [bgcolor=#939494] [r=23 c=27 rs=1 cs=1]
              RenderInline {FONT} at (0,0) size 3x12
                RenderText {#text} at (0,0) size 3x12
                  text run at (0,0) width 3: " "
            RenderTableCell {TD} at (219,276) size 9x12 [bgcolor=#B4B4B4] [r=23 c=28 rs=1 cs=1]
              RenderInline {FONT} at (0,0) size 3x12
                RenderText {#text} at (0,0) size 3x12
                  text run at (0,0) width 3: " "
            RenderTableCell {TD} at (227,276) size 9x12 [bgcolor=#CECFCF] [r=23 c=29 rs=1 cs=1]
              RenderInline {FONT} at (0,0) size 3x12
                RenderText {#text} at (0,0) size 3x12
                  text run at (0,0) width 3: " "
            RenderTableCell {TD} at (235,276) size 9x12 [bgcolor=#EDEEEF] [r=23 c=30 rs=1 cs=1]
              RenderInline {FONT} at (0,0) size 3x12
                RenderText {#text} at (0,0) size 3x12
                  text run at (0,0) width 3: " "
            RenderTableCell {TD} at (243,276) size 8x12 [bgcolor=#FDFDFB] [r=23 c=31 rs=1 cs=1]
              RenderInline {FONT} at (0,0) size 3x12
                RenderText {#text} at (0,0) size 3x12
                  text run at (0,0) width 3: " "
            RenderTableCell {TD} at (251,276) size 8x12 [bgcolor=#FDFDFB] [r=23 c=32 rs=1 cs=1]
              RenderInline {FONT} at (0,0) size 3x12
                RenderText {#text} at (0,0) size 3x12
                  text run at (0,0) width 3: " "
            RenderTableCell {TD} at (258,276) size 9x12 [bgcolor=#FDFDFB] [r=23 c=33 rs=1 cs=1]
              RenderInline {FONT} at (0,0) size 3x12
                RenderText {#text} at (0,0) size 3x12
                  text run at (0,0) width 3: " "
            RenderTableCell {TD} at (266,276) size 9x12 [bgcolor=#FDFDFB] [r=23 c=34 rs=1 cs=1]
              RenderInline {FONT} at (0,0) size 3x12
                RenderText {#text} at (0,0) size 3x12
                  text run at (0,0) width 3: " "
            RenderTableCell {TD} at (274,276) size 9x12 [bgcolor=#E0EAE9] [r=23 c=35 rs=1 cs=1]
              RenderInline {FONT} at (0,0) size 3x12
                RenderText {#text} at (0,0) size 3x12
                  text run at (0,0) width 3: " "
            RenderTableCell {TD} at (282,276) size 9x12 [bgcolor=#025E5E] [r=23 c=36 rs=1 cs=1]
              RenderInline {FONT} at (0,0) size 3x12
                RenderText {#text} at (0,0) size 3x12
                  text run at (0,0) width 3: " "
            RenderTableCell {TD} at (290,276) size 9x12 [bgcolor=#044F4F] [r=23 c=37 rs=1 cs=1]
              RenderInline {FONT} at (0,0) size 3x12
                RenderText {#text} at (0,0) size 3x12
                  text run at (0,0) width 3: " "
            RenderTableCell {TD} at (298,276) size 8x12 [bgcolor=#044140] [r=23 c=38 rs=1 cs=1]
              RenderInline {FONT} at (0,0) size 3x12
                RenderText {#text} at (0,0) size 3x12
                  text run at (0,0) width 3: " "
            RenderTableCell {TD} at (305,276) size 9x12 [bgcolor=#044140] [r=23 c=39 rs=1 cs=1]
              RenderInline {FONT} at (0,0) size 3x12
                RenderText {#text} at (0,0) size 3x12
                  text run at (0,0) width 3: " "
            RenderTableCell {TD} at (313,276) size 9x12 [bgcolor=#044140] [r=23 c=40 rs=1 cs=1]
              RenderInline {FONT} at (0,0) size 3x12
                RenderText {#text} at (0,0) size 3x12
                  text run at (0,0) width 3: " "
            RenderTableCell {TD} at (321,276) size 9x12 [bgcolor=#044140] [r=23 c=41 rs=1 cs=1]
              RenderInline {FONT} at (0,0) size 3x12
                RenderText {#text} at (0,0) size 3x12
                  text run at (0,0) width 3: " "
            RenderTableCell {TD} at (329,276) size 9x12 [bgcolor=#044140] [r=23 c=42 rs=1 cs=1]
              RenderInline {FONT} at (0,0) size 3x12
                RenderText {#text} at (0,0) size 3x12
                  text run at (0,0) width 3: " "
            RenderTableCell {TD} at (337,276) size 9x12 [bgcolor=#044140] [r=23 c=43 rs=1 cs=1]
              RenderInline {FONT} at (0,0) size 3x12
                RenderText {#text} at (0,0) size 3x12
                  text run at (0,0) width 3: " "
            RenderTableCell {TD} at (345,276) size 8x12 [bgcolor=#044140] [r=23 c=44 rs=1 cs=1]
              RenderInline {FONT} at (0,0) size 3x12
                RenderText {#text} at (0,0) size 3x12
                  text run at (0,0) width 3: " "
            RenderTableCell {TD} at (352,276) size 9x12 [bgcolor=#044140] [r=23 c=45 rs=1 cs=1]
              RenderInline {FONT} at (0,0) size 3x12
                RenderText {#text} at (0,0) size 3x12
                  text run at (0,0) width 3: " "
            RenderTableCell {TD} at (360,276) size 9x12 [bgcolor=#044140] [r=23 c=46 rs=1 cs=1]
              RenderInline {FONT} at (0,0) size 3x12
                RenderText {#text} at (0,0) size 3x12
                  text run at (0,0) width 3: " "
            RenderTableCell {TD} at (368,276) size 9x12 [bgcolor=#044140] [r=23 c=47 rs=1 cs=1]
              RenderInline {FONT} at (0,0) size 3x12
                RenderText {#text} at (0,0) size 3x12
                  text run at (0,0) width 3: " "
            RenderTableCell {TD} at (376,276) size 9x12 [bgcolor=#044140] [r=23 c=48 rs=1 cs=1]
              RenderInline {FONT} at (0,0) size 3x12
                RenderText {#text} at (0,0) size 3x12
                  text run at (0,0) width 3: " "
            RenderTableCell {TD} at (384,276) size 9x12 [bgcolor=#044140] [r=23 c=49 rs=1 cs=1]
              RenderInline {FONT} at (0,0) size 3x12
                RenderText {#text} at (0,0) size 3x12
                  text run at (0,0) width 3: " "
            RenderTableCell {TD} at (392,276) size 9x12 [bgcolor=#083131] [r=23 c=50 rs=1 cs=1]
              RenderInline {FONT} at (0,0) size 3x12
                RenderText {#text} at (0,0) size 3x12
                  text run at (0,0) width 3: " "
            RenderTableCell {TD} at (400,276) size 8x12 [bgcolor=#072323] [r=23 c=51 rs=1 cs=1]
              RenderInline {FONT} at (0,0) size 3x12
                RenderText {#text} at (0,0) size 3x12
                  text run at (0,0) width 3: " "
            RenderTableCell {TD} at (407,276) size 9x12 [bgcolor=#647979] [r=23 c=52 rs=1 cs=1]
              RenderInline {FONT} at (0,0) size 3x12
                RenderText {#text} at (0,0) size 3x12
                  text run at (0,0) width 3: " "
            RenderTableCell {TD} at (415,276) size 9x12 [bgcolor=#B4B4B4] [r=23 c=53 rs=1 cs=1]
              RenderInline {FONT} at (0,0) size 3x12
                RenderText {#text} at (0,0) size 3x12
                  text run at (0,0) width 3: " "
            RenderTableCell {TD} at (423,276) size 9x12 [bgcolor=#E0EAE9] [r=23 c=54 rs=1 cs=1]
              RenderInline {FONT} at (0,0) size 3x12
                RenderText {#text} at (0,0) size 3x12
                  text run at (0,0) width 3: " "
            RenderTableCell {TD} at (431,276) size 9x12 [bgcolor=#FDFDFB] [r=23 c=55 rs=1 cs=1]
              RenderInline {FONT} at (0,0) size 3x12
                RenderText {#text} at (0,0) size 3x12
                  text run at (0,0) width 3: " "
            RenderTableCell {TD} at (439,276) size 9x12 [bgcolor=#FDFDFB] [r=23 c=56 rs=1 cs=1]
              RenderInline {FONT} at (0,0) size 3x12
                RenderText {#text} at (0,0) size 3x12
                  text run at (0,0) width 3: " "
            RenderTableCell {TD} at (447,276) size 8x12 [bgcolor=#FDFDFB] [r=23 c=57 rs=1 cs=1]
              RenderInline {FONT} at (0,0) size 3x12
                RenderText {#text} at (0,0) size 3x12
                  text run at (0,0) width 3: " "
            RenderTableCell {TD} at (454,276) size 9x12 [bgcolor=#FDFDFB] [r=23 c=58 rs=1 cs=1]
              RenderInline {FONT} at (0,0) size 3x12
                RenderText {#text} at (0,0) size 3x12
                  text run at (0,0) width 3: " "
            RenderTableCell {TD} at (462,276) size 9x12 [bgcolor=#FDFDFB] [r=23 c=59 rs=1 cs=1]
              RenderInline {FONT} at (0,0) size 3x12
                RenderText {#text} at (0,0) size 3x12
                  text run at (0,0) width 3: " "
            RenderTableCell {TD} at (470,276) size 9x12 [bgcolor=#FDFDFB] [r=23 c=60 rs=1 cs=1]
              RenderInline {FONT} at (0,0) size 3x12
                RenderText {#text} at (0,0) size 3x12
                  text run at (0,0) width 3: " "
            RenderTableCell {TD} at (478,276) size 9x12 [bgcolor=#FDFDFB] [r=23 c=61 rs=1 cs=1]
              RenderInline {FONT} at (0,0) size 3x12
                RenderText {#text} at (0,0) size 3x12
                  text run at (0,0) width 3: " "
            RenderTableCell {TD} at (486,276) size 9x12 [bgcolor=#FDFDFB] [r=23 c=62 rs=1 cs=1]
              RenderInline {FONT} at (0,0) size 3x12
                RenderText {#text} at (0,0) size 3x12
                  text run at (0,0) width 3: " "
            RenderTableCell {TD} at (494,276) size 8x12 [bgcolor=#E0EAE9] [r=23 c=63 rs=1 cs=1]
              RenderInline {FONT} at (0,0) size 3x12
                RenderText {#text} at (0,0) size 3x12
                  text run at (0,0) width 3: " "
            RenderTableCell {TD} at (502,276) size 8x12 [bgcolor=#BEC2C2] [r=23 c=64 rs=1 cs=1]
              RenderInline {FONT} at (0,0) size 3x12
                RenderText {#text} at (0,0) size 3x12
                  text run at (0,0) width 3: " "
            RenderTableCell {TD} at (509,276) size 9x12 [bgcolor=#7B918F] [r=23 c=65 rs=1 cs=1]
              RenderInline {FONT} at (0,0) size 3x12
                RenderText {#text} at (0,0) size 3x12
                  text run at (0,0) width 3: " "
            RenderTableCell {TD} at (517,276) size 9x12 [bgcolor=#305D5D] [r=23 c=66 rs=1 cs=1]
              RenderInline {FONT} at (0,0) size 3x12
                RenderText {#text} at (0,0) size 3x12
                  text run at (0,0) width 3: " "
            RenderTableCell {TD} at (525,276) size 9x12 [bgcolor=#044F4F] [r=23 c=67 rs=1 cs=1]
              RenderInline {FONT} at (0,0) size 3x12
                RenderText {#text} at (0,0) size 3x12
                  text run at (0,0) width 3: " "
            RenderTableCell {TD} at (533,276) size 9x12 [bgcolor=#044F4F] [r=23 c=68 rs=1 cs=1]
              RenderInline {FONT} at (0,0) size 3x12
                RenderText {#text} at (0,0) size 3x12
                  text run at (0,0) width 3: " "
            RenderTableCell {TD} at (541,276) size 9x12 [bgcolor=#044F4F] [r=23 c=69 rs=1 cs=1]
              RenderInline {FONT} at (0,0) size 3x12
                RenderText {#text} at (0,0) size 3x12
                  text run at (0,0) width 3: " "
            RenderTableCell {TD} at (549,276) size 8x12 [bgcolor=#044F4F] [r=23 c=70 rs=1 cs=1]
              RenderInline {FONT} at (0,0) size 3x12
                RenderText {#text} at (0,0) size 3x12
                  text run at (0,0) width 3: " "
            RenderTableCell {TD} at (556,276) size 9x12 [bgcolor=#044F4F] [r=23 c=71 rs=1 cs=1]
              RenderInline {FONT} at (0,0) size 3x12
                RenderText {#text} at (0,0) size 3x12
                  text run at (0,0) width 3: " "
            RenderTableCell {TD} at (564,276) size 9x12 [bgcolor=#044F4F] [r=23 c=72 rs=1 cs=1]
              RenderInline {FONT} at (0,0) size 3x12
                RenderText {#text} at (0,0) size 3x12
                  text run at (0,0) width 3: " "
            RenderTableCell {TD} at (572,276) size 9x12 [bgcolor=#025E5E] [r=23 c=73 rs=1 cs=1]
              RenderInline {FONT} at (0,0) size 3x12
                RenderText {#text} at (0,0) size 3x12
                  text run at (0,0) width 3: " "
            RenderTableCell {TD} at (580,276) size 9x12 [bgcolor=#025E5E] [r=23 c=74 rs=1 cs=1]
              RenderInline {FONT} at (0,0) size 3x12
                RenderText {#text} at (0,0) size 3x12
                  text run at (0,0) width 3: " "
            RenderTableCell {TD} at (588,276) size 9x12 [bgcolor=#025E5E] [r=23 c=75 rs=1 cs=1]
              RenderInline {FONT} at (0,0) size 3x12
                RenderText {#text} at (0,0) size 3x12
                  text run at (0,0) width 3: " "
            RenderTableCell {TD} at (596,276) size 8x12 [bgcolor=#025E5E] [r=23 c=76 rs=1 cs=1]
              RenderInline {FONT} at (0,0) size 3x12
                RenderText {#text} at (0,0) size 3x12
                  text run at (0,0) width 3: " "
            RenderTableCell {TD} at (603,276) size 9x12 [bgcolor=#025E5E] [r=23 c=77 rs=1 cs=1]
              RenderInline {FONT} at (0,0) size 3x12
                RenderText {#text} at (0,0) size 3x12
                  text run at (0,0) width 3: " "
            RenderTableCell {TD} at (611,276) size 9x12 [bgcolor=#026766] [r=23 c=78 rs=1 cs=1]
              RenderInline {FONT} at (0,0) size 3x12
                RenderText {#text} at (0,0) size 3x12
                  text run at (0,0) width 3: " "
            RenderTableCell {TD} at (619,276) size 9x12 [bgcolor=#026766] [r=23 c=79 rs=1 cs=1]
              RenderInline {FONT} at (0,0) size 3x12
                RenderText {#text} at (0,0) size 3x12
                  text run at (0,0) width 3: " "
            RenderTableCell {TD} at (627,276) size 9x12 [bgcolor=#026766] [r=23 c=80 rs=1 cs=1]
              RenderInline {FONT} at (0,0) size 3x12
                RenderText {#text} at (0,0) size 3x12
                  text run at (0,0) width 3: " "
            RenderTableCell {TD} at (635,276) size 9x12 [bgcolor=#026766] [r=23 c=81 rs=1 cs=1]
              RenderInline {FONT} at (0,0) size 3x12
                RenderText {#text} at (0,0) size 3x12
                  text run at (0,0) width 3: " "
            RenderTableCell {TD} at (643,276) size 9x12 [bgcolor=#026766] [r=23 c=82 rs=1 cs=1]
              RenderInline {FONT} at (0,0) size 3x12
                RenderText {#text} at (0,0) size 3x12
                  text run at (0,0) width 3: " "
            RenderTableCell {TD} at (651,276) size 8x12 [bgcolor=#026766] [r=23 c=83 rs=1 cs=1]
              RenderInline {FONT} at (0,0) size 3x12
                RenderText {#text} at (0,0) size 3x12
                  text run at (0,0) width 3: " "
            RenderTableCell {TD} at (658,276) size 9x12 [bgcolor=#026766] [r=23 c=84 rs=1 cs=1]
              RenderInline {FONT} at (0,0) size 3x12
                RenderText {#text} at (0,0) size 3x12
                  text run at (0,0) width 3: " "
            RenderTableCell {TD} at (666,276) size 9x12 [bgcolor=#026766] [r=23 c=85 rs=1 cs=1]
              RenderInline {FONT} at (0,0) size 3x12
                RenderText {#text} at (0,0) size 3x12
                  text run at (0,0) width 3: " "
            RenderTableCell {TD} at (674,276) size 9x12 [bgcolor=#026766] [r=23 c=86 rs=1 cs=1]
              RenderInline {FONT} at (0,0) size 3x12
                RenderText {#text} at (0,0) size 3x12
                  text run at (0,0) width 3: " "
            RenderTableCell {TD} at (682,276) size 9x12 [bgcolor=#026766] [r=23 c=87 rs=1 cs=1]
              RenderInline {FONT} at (0,0) size 3x12
                RenderText {#text} at (0,0) size 3x12
                  text run at (0,0) width 3: " "
            RenderTableCell {TD} at (690,276) size 9x12 [bgcolor=#026766] [r=23 c=88 rs=1 cs=1]
              RenderInline {FONT} at (0,0) size 3x12
                RenderText {#text} at (0,0) size 3x12
                  text run at (0,0) width 3: " "
            RenderTableCell {TD} at (698,276) size 8x12 [bgcolor=#026766] [r=23 c=89 rs=1 cs=1]
              RenderInline {FONT} at (0,0) size 3x12
                RenderText {#text} at (0,0) size 3x12
                  text run at (0,0) width 3: " "
            RenderTableCell {TD} at (705,276) size 9x12 [bgcolor=#026766] [r=23 c=90 rs=1 cs=1]
              RenderInline {FONT} at (0,0) size 3x12
                RenderText {#text} at (0,0) size 3x12
                  text run at (0,0) width 3: " "
            RenderTableCell {TD} at (713,276) size 9x12 [bgcolor=#025E5E] [r=23 c=91 rs=1 cs=1]
              RenderInline {FONT} at (0,0) size 3x12
                RenderText {#text} at (0,0) size 3x12
                  text run at (0,0) width 3: " "
            RenderTableCell {TD} at (721,276) size 9x12 [bgcolor=#044F4F] [r=23 c=92 rs=1 cs=1]
              RenderInline {FONT} at (0,0) size 3x12
                RenderText {#text} at (0,0) size 3x12
                  text run at (0,0) width 3: " "
            RenderTableCell {TD} at (729,276) size 9x12 [bgcolor=#044140] [r=23 c=93 rs=1 cs=1]
              RenderInline {FONT} at (0,0) size 3x12
                RenderText {#text} at (0,0) size 3x12
                  text run at (0,0) width 3: " "
            RenderTableCell {TD} at (737,276) size 9x12 [bgcolor=#425A5A] [r=23 c=94 rs=1 cs=1]
              RenderInline {FONT} at (0,0) size 3x12
                RenderText {#text} at (0,0) size 3x12
                  text run at (0,0) width 3: " "
            RenderTableCell {TD} at (745,276) size 8x12 [bgcolor=#A5A6A6] [r=23 c=95 rs=1 cs=1]
              RenderInline {FONT} at (0,0) size 3x12
                RenderText {#text} at (0,0) size 3x12
                  text run at (0,0) width 3: " "
            RenderTableCell {TD} at (753,276) size 8x12 [bgcolor=#CECFCF] [r=23 c=96 rs=1 cs=1]
              RenderInline {FONT} at (0,0) size 3x12
                RenderText {#text} at (0,0) size 3x12
                  text run at (0,0) width 3: " "
            RenderTableCell {TD} at (760,276) size 9x12 [bgcolor=#FDFDFB] [r=23 c=97 rs=1 cs=1]
              RenderInline {FONT} at (0,0) size 3x12
                RenderText {#text} at (0,0) size 3x12
                  text run at (0,0) width 3: " "
            RenderTableCell {TD} at (768,276) size 9x12 [bgcolor=#FDFDFB] [r=23 c=98 rs=1 cs=1]
              RenderInline {FONT} at (0,0) size 3x12
                RenderText {#text} at (0,0) size 3x12
                  text run at (0,0) width 3: " "
            RenderTableCell {TD} at (776,276) size 9x12 [bgcolor=#FDFDFB] [r=23 c=99 rs=1 cs=1]
              RenderInline {FONT} at (0,0) size 3x12
                RenderText {#text} at (0,0) size 3x12
                  text run at (0,0) width 3: " "
          RenderTableRow {TR} at (0,288) size 784x12
            RenderTableCell {TD} at (0,288) size 8x12 [bgcolor=#FDFDFB] [r=24 c=0 rs=1 cs=1]
              RenderInline {FONT} at (0,0) size 3x12
                RenderText {#text} at (0,0) size 3x12
                  text run at (0,0) width 3: " "
            RenderTableCell {TD} at (7,288) size 9x12 [bgcolor=#FDFDFB] [r=24 c=1 rs=1 cs=1]
              RenderInline {FONT} at (0,0) size 3x12
                RenderText {#text} at (0,0) size 3x12
                  text run at (0,0) width 3: " "
            RenderTableCell {TD} at (15,288) size 9x12 [bgcolor=#FDFDFB] [r=24 c=2 rs=1 cs=1]
              RenderInline {FONT} at (0,0) size 3x12
                RenderText {#text} at (0,0) size 3x12
                  text run at (0,0) width 3: " "
            RenderTableCell {TD} at (23,288) size 9x12 [bgcolor=#FDFDFB] [r=24 c=3 rs=1 cs=1]
              RenderInline {FONT} at (0,0) size 3x12
                RenderText {#text} at (0,0) size 3x12
                  text run at (0,0) width 3: " "
            RenderTableCell {TD} at (31,288) size 9x12 [bgcolor=#FDFDFB] [r=24 c=4 rs=1 cs=1]
              RenderInline {FONT} at (0,0) size 3x12
                RenderText {#text} at (0,0) size 3x12
                  text run at (0,0) width 3: " "
            RenderTableCell {TD} at (39,288) size 9x12 [bgcolor=#FDFDFB] [r=24 c=5 rs=1 cs=1]
              RenderInline {FONT} at (0,0) size 3x12
                RenderText {#text} at (0,0) size 3x12
                  text run at (0,0) width 3: " "
            RenderTableCell {TD} at (47,288) size 8x12 [bgcolor=#EDEEEF] [r=24 c=6 rs=1 cs=1]
              RenderInline {FONT} at (0,0) size 3x12
                RenderText {#text} at (0,0) size 3x12
                  text run at (0,0) width 3: " "
            RenderTableCell {TD} at (54,288) size 9x12 [bgcolor=#DEDFDF] [r=24 c=7 rs=1 cs=1]
              RenderInline {FONT} at (0,0) size 3x12
                RenderText {#text} at (0,0) size 3x12
                  text run at (0,0) width 3: " "
            RenderTableCell {TD} at (62,288) size 9x12 [bgcolor=#CECFCF] [r=24 c=8 rs=1 cs=1]
              RenderInline {FONT} at (0,0) size 3x12
                RenderText {#text} at (0,0) size 3x12
                  text run at (0,0) width 3: " "
            RenderTableCell {TD} at (70,288) size 9x12 [bgcolor=#B4B4B4] [r=24 c=9 rs=1 cs=1]
              RenderInline {FONT} at (0,0) size 3x12
                RenderText {#text} at (0,0) size 3x12
                  text run at (0,0) width 3: " "
            RenderTableCell {TD} at (78,288) size 9x12 [bgcolor=#848788] [r=24 c=10 rs=1 cs=1]
              RenderInline {FONT} at (0,0) size 3x12
                RenderText {#text} at (0,0) size 3x12
                  text run at (0,0) width 3: " "
            RenderTableCell {TD} at (86,288) size 9x12 [bgcolor=#527274] [r=24 c=11 rs=1 cs=1]
              RenderInline {FONT} at (0,0) size 3x12
                RenderText {#text} at (0,0) size 3x12
                  text run at (0,0) width 3: " "
            RenderTableCell {TD} at (94,288) size 8x12 [bgcolor=#305D5D] [r=24 c=12 rs=1 cs=1]
              RenderInline {FONT} at (0,0) size 3x12
                RenderText {#text} at (0,0) size 3x12
                  text run at (0,0) width 3: " "
            RenderTableCell {TD} at (101,288) size 9x12 [bgcolor=#044140] [r=24 c=13 rs=1 cs=1]
              RenderInline {FONT} at (0,0) size 3x12
                RenderText {#text} at (0,0) size 3x12
                  text run at (0,0) width 3: " "
            RenderTableCell {TD} at (109,288) size 9x12 [bgcolor=#044140] [r=24 c=14 rs=1 cs=1]
              RenderInline {FONT} at (0,0) size 3x12
                RenderText {#text} at (0,0) size 3x12
                  text run at (0,0) width 3: " "
            RenderTableCell {TD} at (117,288) size 9x12 [bgcolor=#044140] [r=24 c=15 rs=1 cs=1]
              RenderInline {FONT} at (0,0) size 3x12
                RenderText {#text} at (0,0) size 3x12
                  text run at (0,0) width 3: " "
            RenderTableCell {TD} at (125,288) size 9x12 [bgcolor=#044140] [r=24 c=16 rs=1 cs=1]
              RenderInline {FONT} at (0,0) size 3x12
                RenderText {#text} at (0,0) size 3x12
                  text run at (0,0) width 3: " "
            RenderTableCell {TD} at (133,288) size 9x12 [bgcolor=#044140] [r=24 c=17 rs=1 cs=1]
              RenderInline {FONT} at (0,0) size 3x12
                RenderText {#text} at (0,0) size 3x12
                  text run at (0,0) width 3: " "
            RenderTableCell {TD} at (141,288) size 9x12 [bgcolor=#044140] [r=24 c=18 rs=1 cs=1]
              RenderInline {FONT} at (0,0) size 3x12
                RenderText {#text} at (0,0) size 3x12
                  text run at (0,0) width 3: " "
            RenderTableCell {TD} at (149,288) size 8x12 [bgcolor=#044140] [r=24 c=19 rs=1 cs=1]
              RenderInline {FONT} at (0,0) size 3x12
                RenderText {#text} at (0,0) size 3x12
                  text run at (0,0) width 3: " "
            RenderTableCell {TD} at (156,288) size 9x12 [bgcolor=#223C3D] [r=24 c=20 rs=1 cs=1]
              RenderInline {FONT} at (0,0) size 3x12
                RenderText {#text} at (0,0) size 3x12
                  text run at (0,0) width 3: " "
            RenderTableCell {TD} at (164,288) size 9x12 [bgcolor=#344C4E] [r=24 c=21 rs=1 cs=1]
              RenderInline {FONT} at (0,0) size 3x12
                RenderText {#text} at (0,0) size 3x12
                  text run at (0,0) width 3: " "
            RenderTableCell {TD} at (172,288) size 9x12 [bgcolor=#515C5B] [r=24 c=22 rs=1 cs=1]
              RenderInline {FONT} at (0,0) size 3x12
                RenderText {#text} at (0,0) size 3x12
                  text run at (0,0) width 3: " "
            RenderTableCell {TD} at (180,288) size 9x12 [bgcolor=#696A69] [r=24 c=23 rs=1 cs=1]
              RenderInline {FONT} at (0,0) size 3x12
                RenderText {#text} at (0,0) size 3x12
                  text run at (0,0) width 3: " "
            RenderTableCell {TD} at (188,288) size 9x12 [bgcolor=#848788] [r=24 c=24 rs=1 cs=1]
              RenderInline {FONT} at (0,0) size 3x12
                RenderText {#text} at (0,0) size 3x12
                  text run at (0,0) width 3: " "
            RenderTableCell {TD} at (196,288) size 8x12 [bgcolor=#939494] [r=24 c=25 rs=1 cs=1]
              RenderInline {FONT} at (0,0) size 3x12
                RenderText {#text} at (0,0) size 3x12
                  text run at (0,0) width 3: " "
            RenderTableCell {TD} at (203,288) size 9x12 [bgcolor=#B4B4B4] [r=24 c=26 rs=1 cs=1]
              RenderInline {FONT} at (0,0) size 3x12
                RenderText {#text} at (0,0) size 3x12
                  text run at (0,0) width 3: " "
            RenderTableCell {TD} at (211,288) size 9x12 [bgcolor=#BEC2C2] [r=24 c=27 rs=1 cs=1]
              RenderInline {FONT} at (0,0) size 3x12
                RenderText {#text} at (0,0) size 3x12
                  text run at (0,0) width 3: " "
            RenderTableCell {TD} at (219,288) size 9x12 [bgcolor=#DEDFDF] [r=24 c=28 rs=1 cs=1]
              RenderInline {FONT} at (0,0) size 3x12
                RenderText {#text} at (0,0) size 3x12
                  text run at (0,0) width 3: " "
            RenderTableCell {TD} at (227,288) size 9x12 [bgcolor=#EDEEEF] [r=24 c=29 rs=1 cs=1]
              RenderInline {FONT} at (0,0) size 3x12
                RenderText {#text} at (0,0) size 3x12
                  text run at (0,0) width 3: " "
            RenderTableCell {TD} at (235,288) size 9x12 [bgcolor=#FDFDFB] [r=24 c=30 rs=1 cs=1]
              RenderInline {FONT} at (0,0) size 3x12
                RenderText {#text} at (0,0) size 3x12
                  text run at (0,0) width 3: " "
            RenderTableCell {TD} at (243,288) size 8x12 [bgcolor=#FDFDFB] [r=24 c=31 rs=1 cs=1]
              RenderInline {FONT} at (0,0) size 3x12
                RenderText {#text} at (0,0) size 3x12
                  text run at (0,0) width 3: " "
            RenderTableCell {TD} at (251,288) size 8x12 [bgcolor=#FDFDFB] [r=24 c=32 rs=1 cs=1]
              RenderInline {FONT} at (0,0) size 3x12
                RenderText {#text} at (0,0) size 3x12
                  text run at (0,0) width 3: " "
            RenderTableCell {TD} at (258,288) size 9x12 [bgcolor=#FDFDFB] [r=24 c=33 rs=1 cs=1]
              RenderInline {FONT} at (0,0) size 3x12
                RenderText {#text} at (0,0) size 3x12
                  text run at (0,0) width 3: " "
            RenderTableCell {TD} at (266,288) size 9x12 [bgcolor=#FDFDFB] [r=24 c=34 rs=1 cs=1]
              RenderInline {FONT} at (0,0) size 3x12
                RenderText {#text} at (0,0) size 3x12
                  text run at (0,0) width 3: " "
            RenderTableCell {TD} at (274,288) size 9x12 [bgcolor=#EDEEEF] [r=24 c=35 rs=1 cs=1]
              RenderInline {FONT} at (0,0) size 3x12
                RenderText {#text} at (0,0) size 3x12
                  text run at (0,0) width 3: " "
            RenderTableCell {TD} at (282,288) size 9x12 [bgcolor=#91A3A3] [r=24 c=36 rs=1 cs=1]
              RenderInline {FONT} at (0,0) size 3x12
                RenderText {#text} at (0,0) size 3x12
                  text run at (0,0) width 3: " "
            RenderTableCell {TD} at (290,288) size 9x12 [bgcolor=#7B918F] [r=24 c=37 rs=1 cs=1]
              RenderInline {FONT} at (0,0) size 3x12
                RenderText {#text} at (0,0) size 3x12
                  text run at (0,0) width 3: " "
            RenderTableCell {TD} at (298,288) size 8x12 [bgcolor=#526B6B] [r=24 c=38 rs=1 cs=1]
              RenderInline {FONT} at (0,0) size 3x12
                RenderText {#text} at (0,0) size 3x12
                  text run at (0,0) width 3: " "
            RenderTableCell {TD} at (305,288) size 9x12 [bgcolor=#515C5B] [r=24 c=39 rs=1 cs=1]
              RenderInline {FONT} at (0,0) size 3x12
                RenderText {#text} at (0,0) size 3x12
                  text run at (0,0) width 3: " "
            RenderTableCell {TD} at (313,288) size 9x12 [bgcolor=#515C5B] [r=24 c=40 rs=1 cs=1]
              RenderInline {FONT} at (0,0) size 3x12
                RenderText {#text} at (0,0) size 3x12
                  text run at (0,0) width 3: " "
            RenderTableCell {TD} at (321,288) size 9x12 [bgcolor=#515C5B] [r=24 c=41 rs=1 cs=1]
              RenderInline {FONT} at (0,0) size 3x12
                RenderText {#text} at (0,0) size 3x12
                  text run at (0,0) width 3: " "
            RenderTableCell {TD} at (329,288) size 9x12 [bgcolor=#515C5B] [r=24 c=42 rs=1 cs=1]
              RenderInline {FONT} at (0,0) size 3x12
                RenderText {#text} at (0,0) size 3x12
                  text run at (0,0) width 3: " "
            RenderTableCell {TD} at (337,288) size 9x12 [bgcolor=#515C5B] [r=24 c=43 rs=1 cs=1]
              RenderInline {FONT} at (0,0) size 3x12
                RenderText {#text} at (0,0) size 3x12
                  text run at (0,0) width 3: " "
            RenderTableCell {TD} at (345,288) size 8x12 [bgcolor=#515C5B] [r=24 c=44 rs=1 cs=1]
              RenderInline {FONT} at (0,0) size 3x12
                RenderText {#text} at (0,0) size 3x12
                  text run at (0,0) width 3: " "
            RenderTableCell {TD} at (352,288) size 9x12 [bgcolor=#515C5B] [r=24 c=45 rs=1 cs=1]
              RenderInline {FONT} at (0,0) size 3x12
                RenderText {#text} at (0,0) size 3x12
                  text run at (0,0) width 3: " "
            RenderTableCell {TD} at (360,288) size 9x12 [bgcolor=#515C5B] [r=24 c=46 rs=1 cs=1]
              RenderInline {FONT} at (0,0) size 3x12
                RenderText {#text} at (0,0) size 3x12
                  text run at (0,0) width 3: " "
            RenderTableCell {TD} at (368,288) size 9x12 [bgcolor=#515C5B] [r=24 c=47 rs=1 cs=1]
              RenderInline {FONT} at (0,0) size 3x12
                RenderText {#text} at (0,0) size 3x12
                  text run at (0,0) width 3: " "
            RenderTableCell {TD} at (376,288) size 9x12 [bgcolor=#515C5B] [r=24 c=48 rs=1 cs=1]
              RenderInline {FONT} at (0,0) size 3x12
                RenderText {#text} at (0,0) size 3x12
                  text run at (0,0) width 3: " "
            RenderTableCell {TD} at (384,288) size 9x12 [bgcolor=#515C5B] [r=24 c=49 rs=1 cs=1]
              RenderInline {FONT} at (0,0) size 3x12
                RenderText {#text} at (0,0) size 3x12
                  text run at (0,0) width 3: " "
            RenderTableCell {TD} at (392,288) size 9x12 [bgcolor=#515C5B] [r=24 c=50 rs=1 cs=1]
              RenderInline {FONT} at (0,0) size 3x12
                RenderText {#text} at (0,0) size 3x12
                  text run at (0,0) width 3: " "
            RenderTableCell {TD} at (400,288) size 8x12 [bgcolor=#515C5B] [r=24 c=51 rs=1 cs=1]
              RenderInline {FONT} at (0,0) size 3x12
                RenderText {#text} at (0,0) size 3x12
                  text run at (0,0) width 3: " "
            RenderTableCell {TD} at (407,288) size 9x12 [bgcolor=#848788] [r=24 c=52 rs=1 cs=1]
              RenderInline {FONT} at (0,0) size 3x12
                RenderText {#text} at (0,0) size 3x12
                  text run at (0,0) width 3: " "
            RenderTableCell {TD} at (415,288) size 9x12 [bgcolor=#B4B4B4] [r=24 c=53 rs=1 cs=1]
              RenderInline {FONT} at (0,0) size 3x12
                RenderText {#text} at (0,0) size 3x12
                  text run at (0,0) width 3: " "
            RenderTableCell {TD} at (423,288) size 9x12 [bgcolor=#EDEEEF] [r=24 c=54 rs=1 cs=1]
              RenderInline {FONT} at (0,0) size 3x12
                RenderText {#text} at (0,0) size 3x12
                  text run at (0,0) width 3: " "
            RenderTableCell {TD} at (431,288) size 9x12 [bgcolor=#FDFDFB] [r=24 c=55 rs=1 cs=1]
              RenderInline {FONT} at (0,0) size 3x12
                RenderText {#text} at (0,0) size 3x12
                  text run at (0,0) width 3: " "
            RenderTableCell {TD} at (439,288) size 9x12 [bgcolor=#FDFDFB] [r=24 c=56 rs=1 cs=1]
              RenderInline {FONT} at (0,0) size 3x12
                RenderText {#text} at (0,0) size 3x12
                  text run at (0,0) width 3: " "
            RenderTableCell {TD} at (447,288) size 8x12 [bgcolor=#FDFDFB] [r=24 c=57 rs=1 cs=1]
              RenderInline {FONT} at (0,0) size 3x12
                RenderText {#text} at (0,0) size 3x12
                  text run at (0,0) width 3: " "
            RenderTableCell {TD} at (454,288) size 9x12 [bgcolor=#FDFDFB] [r=24 c=58 rs=1 cs=1]
              RenderInline {FONT} at (0,0) size 3x12
                RenderText {#text} at (0,0) size 3x12
                  text run at (0,0) width 3: " "
            RenderTableCell {TD} at (462,288) size 9x12 [bgcolor=#FDFDFB] [r=24 c=59 rs=1 cs=1]
              RenderInline {FONT} at (0,0) size 3x12
                RenderText {#text} at (0,0) size 3x12
                  text run at (0,0) width 3: " "
            RenderTableCell {TD} at (470,288) size 9x12 [bgcolor=#FDFDFB] [r=24 c=60 rs=1 cs=1]
              RenderInline {FONT} at (0,0) size 3x12
                RenderText {#text} at (0,0) size 3x12
                  text run at (0,0) width 3: " "
            RenderTableCell {TD} at (478,288) size 9x12 [bgcolor=#FDFDFB] [r=24 c=61 rs=1 cs=1]
              RenderInline {FONT} at (0,0) size 3x12
                RenderText {#text} at (0,0) size 3x12
                  text run at (0,0) width 3: " "
            RenderTableCell {TD} at (486,288) size 9x12 [bgcolor=#FDFDFB] [r=24 c=62 rs=1 cs=1]
              RenderInline {FONT} at (0,0) size 3x12
                RenderText {#text} at (0,0) size 3x12
                  text run at (0,0) width 3: " "
            RenderTableCell {TD} at (494,288) size 8x12 [bgcolor=#FDFDFB] [r=24 c=63 rs=1 cs=1]
              RenderInline {FONT} at (0,0) size 3x12
                RenderText {#text} at (0,0) size 3x12
                  text run at (0,0) width 3: " "
            RenderTableCell {TD} at (502,288) size 8x12 [bgcolor=#E0EAE9] [r=24 c=64 rs=1 cs=1]
              RenderInline {FONT} at (0,0) size 3x12
                RenderText {#text} at (0,0) size 3x12
                  text run at (0,0) width 3: " "
            RenderTableCell {TD} at (509,288) size 9x12 [bgcolor=#CECFCF] [r=24 c=65 rs=1 cs=1]
              RenderInline {FONT} at (0,0) size 3x12
                RenderText {#text} at (0,0) size 3x12
                  text run at (0,0) width 3: " "
            RenderTableCell {TD} at (517,288) size 9x12 [bgcolor=#B4B4B4] [r=24 c=66 rs=1 cs=1]
              RenderInline {FONT} at (0,0) size 3x12
                RenderText {#text} at (0,0) size 3x12
                  text run at (0,0) width 3: " "
            RenderTableCell {TD} at (525,288) size 9x12 [bgcolor=#848788] [r=24 c=67 rs=1 cs=1]
              RenderInline {FONT} at (0,0) size 3x12
                RenderText {#text} at (0,0) size 3x12
                  text run at (0,0) width 3: " "
            RenderTableCell {TD} at (533,288) size 9x12 [bgcolor=#526B6B] [r=24 c=68 rs=1 cs=1]
              RenderInline {FONT} at (0,0) size 3x12
                RenderText {#text} at (0,0) size 3x12
                  text run at (0,0) width 3: " "
            RenderTableCell {TD} at (541,288) size 9x12 [bgcolor=#044140] [r=24 c=69 rs=1 cs=1]
              RenderInline {FONT} at (0,0) size 3x12
                RenderText {#text} at (0,0) size 3x12
                  text run at (0,0) width 3: " "
            RenderTableCell {TD} at (549,288) size 8x12 [bgcolor=#044140] [r=24 c=70 rs=1 cs=1]
              RenderInline {FONT} at (0,0) size 3x12
                RenderText {#text} at (0,0) size 3x12
                  text run at (0,0) width 3: " "
            RenderTableCell {TD} at (556,288) size 9x12 [bgcolor=#044140] [r=24 c=71 rs=1 cs=1]
              RenderInline {FONT} at (0,0) size 3x12
                RenderText {#text} at (0,0) size 3x12
                  text run at (0,0) width 3: " "
            RenderTableCell {TD} at (564,288) size 9x12 [bgcolor=#044140] [r=24 c=72 rs=1 cs=1]
              RenderInline {FONT} at (0,0) size 3x12
                RenderText {#text} at (0,0) size 3x12
                  text run at (0,0) width 3: " "
            RenderTableCell {TD} at (572,288) size 9x12 [bgcolor=#044140] [r=24 c=73 rs=1 cs=1]
              RenderInline {FONT} at (0,0) size 3x12
                RenderText {#text} at (0,0) size 3x12
                  text run at (0,0) width 3: " "
            RenderTableCell {TD} at (580,288) size 9x12 [bgcolor=#044140] [r=24 c=74 rs=1 cs=1]
              RenderInline {FONT} at (0,0) size 3x12
                RenderText {#text} at (0,0) size 3x12
                  text run at (0,0) width 3: " "
            RenderTableCell {TD} at (588,288) size 9x12 [bgcolor=#044140] [r=24 c=75 rs=1 cs=1]
              RenderInline {FONT} at (0,0) size 3x12
                RenderText {#text} at (0,0) size 3x12
                  text run at (0,0) width 3: " "
            RenderTableCell {TD} at (596,288) size 8x12 [bgcolor=#044F4F] [r=24 c=76 rs=1 cs=1]
              RenderInline {FONT} at (0,0) size 3x12
                RenderText {#text} at (0,0) size 3x12
                  text run at (0,0) width 3: " "
            RenderTableCell {TD} at (603,288) size 9x12 [bgcolor=#025E5E] [r=24 c=77 rs=1 cs=1]
              RenderInline {FONT} at (0,0) size 3x12
                RenderText {#text} at (0,0) size 3x12
                  text run at (0,0) width 3: " "
            RenderTableCell {TD} at (611,288) size 9x12 [bgcolor=#025E5E] [r=24 c=78 rs=1 cs=1]
              RenderInline {FONT} at (0,0) size 3x12
                RenderText {#text} at (0,0) size 3x12
                  text run at (0,0) width 3: " "
            RenderTableCell {TD} at (619,288) size 9x12 [bgcolor=#026766] [r=24 c=79 rs=1 cs=1]
              RenderInline {FONT} at (0,0) size 3x12
                RenderText {#text} at (0,0) size 3x12
                  text run at (0,0) width 3: " "
            RenderTableCell {TD} at (627,288) size 9x12 [bgcolor=#026766] [r=24 c=80 rs=1 cs=1]
              RenderInline {FONT} at (0,0) size 3x12
                RenderText {#text} at (0,0) size 3x12
                  text run at (0,0) width 3: " "
            RenderTableCell {TD} at (635,288) size 9x12 [bgcolor=#026766] [r=24 c=81 rs=1 cs=1]
              RenderInline {FONT} at (0,0) size 3x12
                RenderText {#text} at (0,0) size 3x12
                  text run at (0,0) width 3: " "
            RenderTableCell {TD} at (643,288) size 9x12 [bgcolor=#026766] [r=24 c=82 rs=1 cs=1]
              RenderInline {FONT} at (0,0) size 3x12
                RenderText {#text} at (0,0) size 3x12
                  text run at (0,0) width 3: " "
            RenderTableCell {TD} at (651,288) size 8x12 [bgcolor=#026766] [r=24 c=83 rs=1 cs=1]
              RenderInline {FONT} at (0,0) size 3x12
                RenderText {#text} at (0,0) size 3x12
                  text run at (0,0) width 3: " "
            RenderTableCell {TD} at (658,288) size 9x12 [bgcolor=#026766] [r=24 c=84 rs=1 cs=1]
              RenderInline {FONT} at (0,0) size 3x12
                RenderText {#text} at (0,0) size 3x12
                  text run at (0,0) width 3: " "
            RenderTableCell {TD} at (666,288) size 9x12 [bgcolor=#026766] [r=24 c=85 rs=1 cs=1]
              RenderInline {FONT} at (0,0) size 3x12
                RenderText {#text} at (0,0) size 3x12
                  text run at (0,0) width 3: " "
            RenderTableCell {TD} at (674,288) size 9x12 [bgcolor=#026766] [r=24 c=86 rs=1 cs=1]
              RenderInline {FONT} at (0,0) size 3x12
                RenderText {#text} at (0,0) size 3x12
                  text run at (0,0) width 3: " "
            RenderTableCell {TD} at (682,288) size 9x12 [bgcolor=#026766] [r=24 c=87 rs=1 cs=1]
              RenderInline {FONT} at (0,0) size 3x12
                RenderText {#text} at (0,0) size 3x12
                  text run at (0,0) width 3: " "
            RenderTableCell {TD} at (690,288) size 9x12 [bgcolor=#026766] [r=24 c=88 rs=1 cs=1]
              RenderInline {FONT} at (0,0) size 3x12
                RenderText {#text} at (0,0) size 3x12
                  text run at (0,0) width 3: " "
            RenderTableCell {TD} at (698,288) size 8x12 [bgcolor=#026766] [r=24 c=89 rs=1 cs=1]
              RenderInline {FONT} at (0,0) size 3x12
                RenderText {#text} at (0,0) size 3x12
                  text run at (0,0) width 3: " "
            RenderTableCell {TD} at (705,288) size 9x12 [bgcolor=#026766] [r=24 c=90 rs=1 cs=1]
              RenderInline {FONT} at (0,0) size 3x12
                RenderText {#text} at (0,0) size 3x12
                  text run at (0,0) width 3: " "
            RenderTableCell {TD} at (713,288) size 9x12 [bgcolor=#025E5E] [r=24 c=91 rs=1 cs=1]
              RenderInline {FONT} at (0,0) size 3x12
                RenderText {#text} at (0,0) size 3x12
                  text run at (0,0) width 3: " "
            RenderTableCell {TD} at (721,288) size 9x12 [bgcolor=#044F4F] [r=24 c=92 rs=1 cs=1]
              RenderInline {FONT} at (0,0) size 3x12
                RenderText {#text} at (0,0) size 3x12
                  text run at (0,0) width 3: " "
            RenderTableCell {TD} at (729,288) size 9x12 [bgcolor=#083131] [r=24 c=93 rs=1 cs=1]
              RenderInline {FONT} at (0,0) size 3x12
                RenderText {#text} at (0,0) size 3x12
                  text run at (0,0) width 3: " "
            RenderTableCell {TD} at (737,288) size 9x12 [bgcolor=#425A5A] [r=24 c=94 rs=1 cs=1]
              RenderInline {FONT} at (0,0) size 3x12
                RenderText {#text} at (0,0) size 3x12
                  text run at (0,0) width 3: " "
            RenderTableCell {TD} at (745,288) size 8x12 [bgcolor=#A5A6A6] [r=24 c=95 rs=1 cs=1]
              RenderInline {FONT} at (0,0) size 3x12
                RenderText {#text} at (0,0) size 3x12
                  text run at (0,0) width 3: " "
            RenderTableCell {TD} at (753,288) size 8x12 [bgcolor=#CECFCF] [r=24 c=96 rs=1 cs=1]
              RenderInline {FONT} at (0,0) size 3x12
                RenderText {#text} at (0,0) size 3x12
                  text run at (0,0) width 3: " "
            RenderTableCell {TD} at (760,288) size 9x12 [bgcolor=#FDFDFB] [r=24 c=97 rs=1 cs=1]
              RenderInline {FONT} at (0,0) size 3x12
                RenderText {#text} at (0,0) size 3x12
                  text run at (0,0) width 3: " "
            RenderTableCell {TD} at (768,288) size 9x12 [bgcolor=#FDFDFB] [r=24 c=98 rs=1 cs=1]
              RenderInline {FONT} at (0,0) size 3x12
                RenderText {#text} at (0,0) size 3x12
                  text run at (0,0) width 3: " "
            RenderTableCell {TD} at (776,288) size 9x12 [bgcolor=#FDFDFB] [r=24 c=99 rs=1 cs=1]
              RenderInline {FONT} at (0,0) size 3x12
                RenderText {#text} at (0,0) size 3x12
                  text run at (0,0) width 3: " "
          RenderTableRow {TR} at (0,300) size 784x12
            RenderTableCell {TD} at (0,300) size 8x12 [bgcolor=#FDFDFB] [r=25 c=0 rs=1 cs=1]
              RenderInline {FONT} at (0,0) size 3x12
                RenderText {#text} at (0,0) size 3x12
                  text run at (0,0) width 3: " "
            RenderTableCell {TD} at (7,300) size 9x12 [bgcolor=#FDFDFB] [r=25 c=1 rs=1 cs=1]
              RenderInline {FONT} at (0,0) size 3x12
                RenderText {#text} at (0,0) size 3x12
                  text run at (0,0) width 3: " "
            RenderTableCell {TD} at (15,300) size 9x12 [bgcolor=#FDFDFB] [r=25 c=2 rs=1 cs=1]
              RenderInline {FONT} at (0,0) size 3x12
                RenderText {#text} at (0,0) size 3x12
                  text run at (0,0) width 3: " "
            RenderTableCell {TD} at (23,300) size 9x12 [bgcolor=#FDFDFB] [r=25 c=3 rs=1 cs=1]
              RenderInline {FONT} at (0,0) size 3x12
                RenderText {#text} at (0,0) size 3x12
                  text run at (0,0) width 3: " "
            RenderTableCell {TD} at (31,300) size 9x12 [bgcolor=#FDFDFB] [r=25 c=4 rs=1 cs=1]
              RenderInline {FONT} at (0,0) size 3x12
                RenderText {#text} at (0,0) size 3x12
                  text run at (0,0) width 3: " "
            RenderTableCell {TD} at (39,300) size 9x12 [bgcolor=#FDFDFB] [r=25 c=5 rs=1 cs=1]
              RenderInline {FONT} at (0,0) size 3x12
                RenderText {#text} at (0,0) size 3x12
                  text run at (0,0) width 3: " "
            RenderTableCell {TD} at (47,300) size 8x12 [bgcolor=#FDFDFB] [r=25 c=6 rs=1 cs=1]
              RenderInline {FONT} at (0,0) size 3x12
                RenderText {#text} at (0,0) size 3x12
                  text run at (0,0) width 3: " "
            RenderTableCell {TD} at (54,300) size 9x12 [bgcolor=#FDFDFB] [r=25 c=7 rs=1 cs=1]
              RenderInline {FONT} at (0,0) size 3x12
                RenderText {#text} at (0,0) size 3x12
                  text run at (0,0) width 3: " "
            RenderTableCell {TD} at (62,300) size 9x12 [bgcolor=#EDEEEF] [r=25 c=8 rs=1 cs=1]
              RenderInline {FONT} at (0,0) size 3x12
                RenderText {#text} at (0,0) size 3x12
                  text run at (0,0) width 3: " "
            RenderTableCell {TD} at (70,300) size 9x12 [bgcolor=#DEDFDF] [r=25 c=9 rs=1 cs=1]
              RenderInline {FONT} at (0,0) size 3x12
                RenderText {#text} at (0,0) size 3x12
                  text run at (0,0) width 3: " "
            RenderTableCell {TD} at (78,300) size 9x12 [bgcolor=#CECFCF] [r=25 c=10 rs=1 cs=1]
              RenderInline {FONT} at (0,0) size 3x12
                RenderText {#text} at (0,0) size 3x12
                  text run at (0,0) width 3: " "
            RenderTableCell {TD} at (86,300) size 9x12 [bgcolor=#BEC2C2] [r=25 c=11 rs=1 cs=1]
              RenderInline {FONT} at (0,0) size 3x12
                RenderText {#text} at (0,0) size 3x12
                  text run at (0,0) width 3: " "
            RenderTableCell {TD} at (94,300) size 8x12 [bgcolor=#A5A6A6] [r=25 c=12 rs=1 cs=1]
              RenderInline {FONT} at (0,0) size 3x12
                RenderText {#text} at (0,0) size 3x12
                  text run at (0,0) width 3: " "
            RenderTableCell {TD} at (101,300) size 9x12 [bgcolor=#939494] [r=25 c=13 rs=1 cs=1]
              RenderInline {FONT} at (0,0) size 3x12
                RenderText {#text} at (0,0) size 3x12
                  text run at (0,0) width 3: " "
            RenderTableCell {TD} at (109,300) size 9x12 [bgcolor=#848788] [r=25 c=14 rs=1 cs=1]
              RenderInline {FONT} at (0,0) size 3x12
                RenderText {#text} at (0,0) size 3x12
                  text run at (0,0) width 3: " "
            RenderTableCell {TD} at (117,300) size 9x12 [bgcolor=#848788] [r=25 c=15 rs=1 cs=1]
              RenderInline {FONT} at (0,0) size 3x12
                RenderText {#text} at (0,0) size 3x12
                  text run at (0,0) width 3: " "
            RenderTableCell {TD} at (125,300) size 9x12 [bgcolor=#848788] [r=25 c=16 rs=1 cs=1]
              RenderInline {FONT} at (0,0) size 3x12
                RenderText {#text} at (0,0) size 3x12
                  text run at (0,0) width 3: " "
            RenderTableCell {TD} at (133,300) size 9x12 [bgcolor=#848788] [r=25 c=17 rs=1 cs=1]
              RenderInline {FONT} at (0,0) size 3x12
                RenderText {#text} at (0,0) size 3x12
                  text run at (0,0) width 3: " "
            RenderTableCell {TD} at (141,300) size 9x12 [bgcolor=#848788] [r=25 c=18 rs=1 cs=1]
              RenderInline {FONT} at (0,0) size 3x12
                RenderText {#text} at (0,0) size 3x12
                  text run at (0,0) width 3: " "
            RenderTableCell {TD} at (149,300) size 8x12 [bgcolor=#848788] [r=25 c=19 rs=1 cs=1]
              RenderInline {FONT} at (0,0) size 3x12
                RenderText {#text} at (0,0) size 3x12
                  text run at (0,0) width 3: " "
            RenderTableCell {TD} at (156,300) size 9x12 [bgcolor=#848788] [r=25 c=20 rs=1 cs=1]
              RenderInline {FONT} at (0,0) size 3x12
                RenderText {#text} at (0,0) size 3x12
                  text run at (0,0) width 3: " "
            RenderTableCell {TD} at (164,300) size 9x12 [bgcolor=#939494] [r=25 c=21 rs=1 cs=1]
              RenderInline {FONT} at (0,0) size 3x12
                RenderText {#text} at (0,0) size 3x12
                  text run at (0,0) width 3: " "
            RenderTableCell {TD} at (172,300) size 9x12 [bgcolor=#939494] [r=25 c=22 rs=1 cs=1]
              RenderInline {FONT} at (0,0) size 3x12
                RenderText {#text} at (0,0) size 3x12
                  text run at (0,0) width 3: " "
            RenderTableCell {TD} at (180,300) size 9x12 [bgcolor=#A5A6A6] [r=25 c=23 rs=1 cs=1]
              RenderInline {FONT} at (0,0) size 3x12
                RenderText {#text} at (0,0) size 3x12
                  text run at (0,0) width 3: " "
            RenderTableCell {TD} at (188,300) size 9x12 [bgcolor=#B4B4B4] [r=25 c=24 rs=1 cs=1]
              RenderInline {FONT} at (0,0) size 3x12
                RenderText {#text} at (0,0) size 3x12
                  text run at (0,0) width 3: " "
            RenderTableCell {TD} at (196,300) size 8x12 [bgcolor=#CECFCF] [r=25 c=25 rs=1 cs=1]
              RenderInline {FONT} at (0,0) size 3x12
                RenderText {#text} at (0,0) size 3x12
                  text run at (0,0) width 3: " "
            RenderTableCell {TD} at (203,300) size 9x12 [bgcolor=#DEDFDF] [r=25 c=26 rs=1 cs=1]
              RenderInline {FONT} at (0,0) size 3x12
                RenderText {#text} at (0,0) size 3x12
                  text run at (0,0) width 3: " "
            RenderTableCell {TD} at (211,300) size 9x12 [bgcolor=#EDEEEF] [r=25 c=27 rs=1 cs=1]
              RenderInline {FONT} at (0,0) size 3x12
                RenderText {#text} at (0,0) size 3x12
                  text run at (0,0) width 3: " "
            RenderTableCell {TD} at (219,300) size 9x12 [bgcolor=#FDFDFB] [r=25 c=28 rs=1 cs=1]
              RenderInline {FONT} at (0,0) size 3x12
                RenderText {#text} at (0,0) size 3x12
                  text run at (0,0) width 3: " "
            RenderTableCell {TD} at (227,300) size 9x12 [bgcolor=#FDFDFB] [r=25 c=29 rs=1 cs=1]
              RenderInline {FONT} at (0,0) size 3x12
                RenderText {#text} at (0,0) size 3x12
                  text run at (0,0) width 3: " "
            RenderTableCell {TD} at (235,300) size 9x12 [bgcolor=#FDFDFB] [r=25 c=30 rs=1 cs=1]
              RenderInline {FONT} at (0,0) size 3x12
                RenderText {#text} at (0,0) size 3x12
                  text run at (0,0) width 3: " "
            RenderTableCell {TD} at (243,300) size 8x12 [bgcolor=#FDFDFB] [r=25 c=31 rs=1 cs=1]
              RenderInline {FONT} at (0,0) size 3x12
                RenderText {#text} at (0,0) size 3x12
                  text run at (0,0) width 3: " "
            RenderTableCell {TD} at (251,300) size 8x12 [bgcolor=#FDFDFB] [r=25 c=32 rs=1 cs=1]
              RenderInline {FONT} at (0,0) size 3x12
                RenderText {#text} at (0,0) size 3x12
                  text run at (0,0) width 3: " "
            RenderTableCell {TD} at (258,300) size 9x12 [bgcolor=#FDFDFB] [r=25 c=33 rs=1 cs=1]
              RenderInline {FONT} at (0,0) size 3x12
                RenderText {#text} at (0,0) size 3x12
                  text run at (0,0) width 3: " "
            RenderTableCell {TD} at (266,300) size 9x12 [bgcolor=#FDFDFB] [r=25 c=34 rs=1 cs=1]
              RenderInline {FONT} at (0,0) size 3x12
                RenderText {#text} at (0,0) size 3x12
                  text run at (0,0) width 3: " "
            RenderTableCell {TD} at (274,300) size 9x12 [bgcolor=#FDFDFB] [r=25 c=35 rs=1 cs=1]
              RenderInline {FONT} at (0,0) size 3x12
                RenderText {#text} at (0,0) size 3x12
                  text run at (0,0) width 3: " "
            RenderTableCell {TD} at (282,300) size 9x12 [bgcolor=#E0EAE9] [r=25 c=36 rs=1 cs=1]
              RenderInline {FONT} at (0,0) size 3x12
                RenderText {#text} at (0,0) size 3x12
                  text run at (0,0) width 3: " "
            RenderTableCell {TD} at (290,300) size 9x12 [bgcolor=#CECFCF] [r=25 c=37 rs=1 cs=1]
              RenderInline {FONT} at (0,0) size 3x12
                RenderText {#text} at (0,0) size 3x12
                  text run at (0,0) width 3: " "
            RenderTableCell {TD} at (298,300) size 8x12 [bgcolor=#B4B4B4] [r=25 c=38 rs=1 cs=1]
              RenderInline {FONT} at (0,0) size 3x12
                RenderText {#text} at (0,0) size 3x12
                  text run at (0,0) width 3: " "
            RenderTableCell {TD} at (305,300) size 9x12 [bgcolor=#A5A6A6] [r=25 c=39 rs=1 cs=1]
              RenderInline {FONT} at (0,0) size 3x12
                RenderText {#text} at (0,0) size 3x12
                  text run at (0,0) width 3: " "
            RenderTableCell {TD} at (313,300) size 9x12 [bgcolor=#A5A6A6] [r=25 c=40 rs=1 cs=1]
              RenderInline {FONT} at (0,0) size 3x12
                RenderText {#text} at (0,0) size 3x12
                  text run at (0,0) width 3: " "
            RenderTableCell {TD} at (321,300) size 9x12 [bgcolor=#A5A6A6] [r=25 c=41 rs=1 cs=1]
              RenderInline {FONT} at (0,0) size 3x12
                RenderText {#text} at (0,0) size 3x12
                  text run at (0,0) width 3: " "
            RenderTableCell {TD} at (329,300) size 9x12 [bgcolor=#A5A6A6] [r=25 c=42 rs=1 cs=1]
              RenderInline {FONT} at (0,0) size 3x12
                RenderText {#text} at (0,0) size 3x12
                  text run at (0,0) width 3: " "
            RenderTableCell {TD} at (337,300) size 9x12 [bgcolor=#A5A6A6] [r=25 c=43 rs=1 cs=1]
              RenderInline {FONT} at (0,0) size 3x12
                RenderText {#text} at (0,0) size 3x12
                  text run at (0,0) width 3: " "
            RenderTableCell {TD} at (345,300) size 8x12 [bgcolor=#A5A6A6] [r=25 c=44 rs=1 cs=1]
              RenderInline {FONT} at (0,0) size 3x12
                RenderText {#text} at (0,0) size 3x12
                  text run at (0,0) width 3: " "
            RenderTableCell {TD} at (352,300) size 9x12 [bgcolor=#A5A6A6] [r=25 c=45 rs=1 cs=1]
              RenderInline {FONT} at (0,0) size 3x12
                RenderText {#text} at (0,0) size 3x12
                  text run at (0,0) width 3: " "
            RenderTableCell {TD} at (360,300) size 9x12 [bgcolor=#A5A6A6] [r=25 c=46 rs=1 cs=1]
              RenderInline {FONT} at (0,0) size 3x12
                RenderText {#text} at (0,0) size 3x12
                  text run at (0,0) width 3: " "
            RenderTableCell {TD} at (368,300) size 9x12 [bgcolor=#A5A6A6] [r=25 c=47 rs=1 cs=1]
              RenderInline {FONT} at (0,0) size 3x12
                RenderText {#text} at (0,0) size 3x12
                  text run at (0,0) width 3: " "
            RenderTableCell {TD} at (376,300) size 9x12 [bgcolor=#A5A6A6] [r=25 c=48 rs=1 cs=1]
              RenderInline {FONT} at (0,0) size 3x12
                RenderText {#text} at (0,0) size 3x12
                  text run at (0,0) width 3: " "
            RenderTableCell {TD} at (384,300) size 9x12 [bgcolor=#A5A6A6] [r=25 c=49 rs=1 cs=1]
              RenderInline {FONT} at (0,0) size 3x12
                RenderText {#text} at (0,0) size 3x12
                  text run at (0,0) width 3: " "
            RenderTableCell {TD} at (392,300) size 9x12 [bgcolor=#A5A6A6] [r=25 c=50 rs=1 cs=1]
              RenderInline {FONT} at (0,0) size 3x12
                RenderText {#text} at (0,0) size 3x12
                  text run at (0,0) width 3: " "
            RenderTableCell {TD} at (400,300) size 8x12 [bgcolor=#A5A6A6] [r=25 c=51 rs=1 cs=1]
              RenderInline {FONT} at (0,0) size 3x12
                RenderText {#text} at (0,0) size 3x12
                  text run at (0,0) width 3: " "
            RenderTableCell {TD} at (407,300) size 9x12 [bgcolor=#B4B4B4] [r=25 c=52 rs=1 cs=1]
              RenderInline {FONT} at (0,0) size 3x12
                RenderText {#text} at (0,0) size 3x12
                  text run at (0,0) width 3: " "
            RenderTableCell {TD} at (415,300) size 9x12 [bgcolor=#CECFCF] [r=25 c=53 rs=1 cs=1]
              RenderInline {FONT} at (0,0) size 3x12
                RenderText {#text} at (0,0) size 3x12
                  text run at (0,0) width 3: " "
            RenderTableCell {TD} at (423,300) size 9x12 [bgcolor=#EDEEEF] [r=25 c=54 rs=1 cs=1]
              RenderInline {FONT} at (0,0) size 3x12
                RenderText {#text} at (0,0) size 3x12
                  text run at (0,0) width 3: " "
            RenderTableCell {TD} at (431,300) size 9x12 [bgcolor=#FDFDFB] [r=25 c=55 rs=1 cs=1]
              RenderInline {FONT} at (0,0) size 3x12
                RenderText {#text} at (0,0) size 3x12
                  text run at (0,0) width 3: " "
            RenderTableCell {TD} at (439,300) size 9x12 [bgcolor=#FDFDFB] [r=25 c=56 rs=1 cs=1]
              RenderInline {FONT} at (0,0) size 3x12
                RenderText {#text} at (0,0) size 3x12
                  text run at (0,0) width 3: " "
            RenderTableCell {TD} at (447,300) size 8x12 [bgcolor=#FDFDFB] [r=25 c=57 rs=1 cs=1]
              RenderInline {FONT} at (0,0) size 3x12
                RenderText {#text} at (0,0) size 3x12
                  text run at (0,0) width 3: " "
            RenderTableCell {TD} at (454,300) size 9x12 [bgcolor=#FDFDFB] [r=25 c=58 rs=1 cs=1]
              RenderInline {FONT} at (0,0) size 3x12
                RenderText {#text} at (0,0) size 3x12
                  text run at (0,0) width 3: " "
            RenderTableCell {TD} at (462,300) size 9x12 [bgcolor=#FDFDFB] [r=25 c=59 rs=1 cs=1]
              RenderInline {FONT} at (0,0) size 3x12
                RenderText {#text} at (0,0) size 3x12
                  text run at (0,0) width 3: " "
            RenderTableCell {TD} at (470,300) size 9x12 [bgcolor=#FDFDFB] [r=25 c=60 rs=1 cs=1]
              RenderInline {FONT} at (0,0) size 3x12
                RenderText {#text} at (0,0) size 3x12
                  text run at (0,0) width 3: " "
            RenderTableCell {TD} at (478,300) size 9x12 [bgcolor=#FDFDFB] [r=25 c=61 rs=1 cs=1]
              RenderInline {FONT} at (0,0) size 3x12
                RenderText {#text} at (0,0) size 3x12
                  text run at (0,0) width 3: " "
            RenderTableCell {TD} at (486,300) size 9x12 [bgcolor=#FDFDFB] [r=25 c=62 rs=1 cs=1]
              RenderInline {FONT} at (0,0) size 3x12
                RenderText {#text} at (0,0) size 3x12
                  text run at (0,0) width 3: " "
            RenderTableCell {TD} at (494,300) size 8x12 [bgcolor=#FDFDFB] [r=25 c=63 rs=1 cs=1]
              RenderInline {FONT} at (0,0) size 3x12
                RenderText {#text} at (0,0) size 3x12
                  text run at (0,0) width 3: " "
            RenderTableCell {TD} at (502,300) size 8x12 [bgcolor=#FDFDFB] [r=25 c=64 rs=1 cs=1]
              RenderInline {FONT} at (0,0) size 3x12
                RenderText {#text} at (0,0) size 3x12
                  text run at (0,0) width 3: " "
            RenderTableCell {TD} at (509,300) size 9x12 [bgcolor=#EDEEEF] [r=25 c=65 rs=1 cs=1]
              RenderInline {FONT} at (0,0) size 3x12
                RenderText {#text} at (0,0) size 3x12
                  text run at (0,0) width 3: " "
            RenderTableCell {TD} at (517,300) size 9x12 [bgcolor=#DEDFDF] [r=25 c=66 rs=1 cs=1]
              RenderInline {FONT} at (0,0) size 3x12
                RenderText {#text} at (0,0) size 3x12
                  text run at (0,0) width 3: " "
            RenderTableCell {TD} at (525,300) size 9x12 [bgcolor=#CECFCF] [r=25 c=67 rs=1 cs=1]
              RenderInline {FONT} at (0,0) size 3x12
                RenderText {#text} at (0,0) size 3x12
                  text run at (0,0) width 3: " "
            RenderTableCell {TD} at (533,300) size 9x12 [bgcolor=#B4B4B4] [r=25 c=68 rs=1 cs=1]
              RenderInline {FONT} at (0,0) size 3x12
                RenderText {#text} at (0,0) size 3x12
                  text run at (0,0) width 3: " "
            RenderTableCell {TD} at (541,300) size 9x12 [bgcolor=#91A3A3] [r=25 c=69 rs=1 cs=1]
              RenderInline {FONT} at (0,0) size 3x12
                RenderText {#text} at (0,0) size 3x12
                  text run at (0,0) width 3: " "
            RenderTableCell {TD} at (549,300) size 8x12 [bgcolor=#848788] [r=25 c=70 rs=1 cs=1]
              RenderInline {FONT} at (0,0) size 3x12
                RenderText {#text} at (0,0) size 3x12
                  text run at (0,0) width 3: " "
            RenderTableCell {TD} at (556,300) size 9x12 [bgcolor=#777878] [r=25 c=71 rs=1 cs=1]
              RenderInline {FONT} at (0,0) size 3x12
                RenderText {#text} at (0,0) size 3x12
                  text run at (0,0) width 3: " "
            RenderTableCell {TD} at (564,300) size 9x12 [bgcolor=#526B6B] [r=25 c=72 rs=1 cs=1]
              RenderInline {FONT} at (0,0) size 3x12
                RenderText {#text} at (0,0) size 3x12
                  text run at (0,0) width 3: " "
            RenderTableCell {TD} at (572,300) size 9x12 [bgcolor=#425A5A] [r=25 c=73 rs=1 cs=1]
              RenderInline {FONT} at (0,0) size 3x12
                RenderText {#text} at (0,0) size 3x12
                  text run at (0,0) width 3: " "
            RenderTableCell {TD} at (580,300) size 9x12 [bgcolor=#425A5A] [r=25 c=74 rs=1 cs=1]
              RenderInline {FONT} at (0,0) size 3x12
                RenderText {#text} at (0,0) size 3x12
                  text run at (0,0) width 3: " "
            RenderTableCell {TD} at (588,300) size 9x12 [bgcolor=#305D5D] [r=25 c=75 rs=1 cs=1]
              RenderInline {FONT} at (0,0) size 3x12
                RenderText {#text} at (0,0) size 3x12
                  text run at (0,0) width 3: " "
            RenderTableCell {TD} at (596,300) size 8x12 [bgcolor=#305D5D] [r=25 c=76 rs=1 cs=1]
              RenderInline {FONT} at (0,0) size 3x12
                RenderText {#text} at (0,0) size 3x12
                  text run at (0,0) width 3: " "
            RenderTableCell {TD} at (603,300) size 9x12 [bgcolor=#305D5D] [r=25 c=77 rs=1 cs=1]
              RenderInline {FONT} at (0,0) size 3x12
                RenderText {#text} at (0,0) size 3x12
                  text run at (0,0) width 3: " "
            RenderTableCell {TD} at (611,300) size 9x12 [bgcolor=#026766] [r=25 c=78 rs=1 cs=1]
              RenderInline {FONT} at (0,0) size 3x12
                RenderText {#text} at (0,0) size 3x12
                  text run at (0,0) width 3: " "
            RenderTableCell {TD} at (619,300) size 9x12 [bgcolor=#026766] [r=25 c=79 rs=1 cs=1]
              RenderInline {FONT} at (0,0) size 3x12
                RenderText {#text} at (0,0) size 3x12
                  text run at (0,0) width 3: " "
            RenderTableCell {TD} at (627,300) size 9x12 [bgcolor=#026766] [r=25 c=80 rs=1 cs=1]
              RenderInline {FONT} at (0,0) size 3x12
                RenderText {#text} at (0,0) size 3x12
                  text run at (0,0) width 3: " "
            RenderTableCell {TD} at (635,300) size 9x12 [bgcolor=#026766] [r=25 c=81 rs=1 cs=1]
              RenderInline {FONT} at (0,0) size 3x12
                RenderText {#text} at (0,0) size 3x12
                  text run at (0,0) width 3: " "
            RenderTableCell {TD} at (643,300) size 9x12 [bgcolor=#026766] [r=25 c=82 rs=1 cs=1]
              RenderInline {FONT} at (0,0) size 3x12
                RenderText {#text} at (0,0) size 3x12
                  text run at (0,0) width 3: " "
            RenderTableCell {TD} at (651,300) size 8x12 [bgcolor=#026766] [r=25 c=83 rs=1 cs=1]
              RenderInline {FONT} at (0,0) size 3x12
                RenderText {#text} at (0,0) size 3x12
                  text run at (0,0) width 3: " "
            RenderTableCell {TD} at (658,300) size 9x12 [bgcolor=#026766] [r=25 c=84 rs=1 cs=1]
              RenderInline {FONT} at (0,0) size 3x12
                RenderText {#text} at (0,0) size 3x12
                  text run at (0,0) width 3: " "
            RenderTableCell {TD} at (666,300) size 9x12 [bgcolor=#026766] [r=25 c=85 rs=1 cs=1]
              RenderInline {FONT} at (0,0) size 3x12
                RenderText {#text} at (0,0) size 3x12
                  text run at (0,0) width 3: " "
            RenderTableCell {TD} at (674,300) size 9x12 [bgcolor=#026766] [r=25 c=86 rs=1 cs=1]
              RenderInline {FONT} at (0,0) size 3x12
                RenderText {#text} at (0,0) size 3x12
                  text run at (0,0) width 3: " "
            RenderTableCell {TD} at (682,300) size 9x12 [bgcolor=#026766] [r=25 c=87 rs=1 cs=1]
              RenderInline {FONT} at (0,0) size 3x12
                RenderText {#text} at (0,0) size 3x12
                  text run at (0,0) width 3: " "
            RenderTableCell {TD} at (690,300) size 9x12 [bgcolor=#026766] [r=25 c=88 rs=1 cs=1]
              RenderInline {FONT} at (0,0) size 3x12
                RenderText {#text} at (0,0) size 3x12
                  text run at (0,0) width 3: " "
            RenderTableCell {TD} at (698,300) size 8x12 [bgcolor=#026766] [r=25 c=89 rs=1 cs=1]
              RenderInline {FONT} at (0,0) size 3x12
                RenderText {#text} at (0,0) size 3x12
                  text run at (0,0) width 3: " "
            RenderTableCell {TD} at (705,300) size 9x12 [bgcolor=#025E5E] [r=25 c=90 rs=1 cs=1]
              RenderInline {FONT} at (0,0) size 3x12
                RenderText {#text} at (0,0) size 3x12
                  text run at (0,0) width 3: " "
            RenderTableCell {TD} at (713,300) size 9x12 [bgcolor=#025E5E] [r=25 c=91 rs=1 cs=1]
              RenderInline {FONT} at (0,0) size 3x12
                RenderText {#text} at (0,0) size 3x12
                  text run at (0,0) width 3: " "
            RenderTableCell {TD} at (721,300) size 9x12 [bgcolor=#044140] [r=25 c=92 rs=1 cs=1]
              RenderInline {FONT} at (0,0) size 3x12
                RenderText {#text} at (0,0) size 3x12
                  text run at (0,0) width 3: " "
            RenderTableCell {TD} at (729,300) size 9x12 [bgcolor=#083131] [r=25 c=93 rs=1 cs=1]
              RenderInline {FONT} at (0,0) size 3x12
                RenderText {#text} at (0,0) size 3x12
                  text run at (0,0) width 3: " "
            RenderTableCell {TD} at (737,300) size 9x12 [bgcolor=#5E5F60] [r=25 c=94 rs=1 cs=1]
              RenderInline {FONT} at (0,0) size 3x12
                RenderText {#text} at (0,0) size 3x12
                  text run at (0,0) width 3: " "
            RenderTableCell {TD} at (745,300) size 8x12 [bgcolor=#A5A6A6] [r=25 c=95 rs=1 cs=1]
              RenderInline {FONT} at (0,0) size 3x12
                RenderText {#text} at (0,0) size 3x12
                  text run at (0,0) width 3: " "
            RenderTableCell {TD} at (753,300) size 8x12 [bgcolor=#DEDFDF] [r=25 c=96 rs=1 cs=1]
              RenderInline {FONT} at (0,0) size 3x12
                RenderText {#text} at (0,0) size 3x12
                  text run at (0,0) width 3: " "
            RenderTableCell {TD} at (760,300) size 9x12 [bgcolor=#FDFDFB] [r=25 c=97 rs=1 cs=1]
              RenderInline {FONT} at (0,0) size 3x12
                RenderText {#text} at (0,0) size 3x12
                  text run at (0,0) width 3: " "
            RenderTableCell {TD} at (768,300) size 9x12 [bgcolor=#FDFDFB] [r=25 c=98 rs=1 cs=1]
              RenderInline {FONT} at (0,0) size 3x12
                RenderText {#text} at (0,0) size 3x12
                  text run at (0,0) width 3: " "
            RenderTableCell {TD} at (776,300) size 9x12 [bgcolor=#FDFDFB] [r=25 c=99 rs=1 cs=1]
              RenderInline {FONT} at (0,0) size 3x12
                RenderText {#text} at (0,0) size 3x12
                  text run at (0,0) width 3: " "
          RenderTableRow {TR} at (0,312) size 784x12
            RenderTableCell {TD} at (0,312) size 8x12 [bgcolor=#FDFDFB] [r=26 c=0 rs=1 cs=1]
              RenderInline {FONT} at (0,0) size 3x12
                RenderText {#text} at (0,0) size 3x12
                  text run at (0,0) width 3: " "
            RenderTableCell {TD} at (7,312) size 9x12 [bgcolor=#FDFDFB] [r=26 c=1 rs=1 cs=1]
              RenderInline {FONT} at (0,0) size 3x12
                RenderText {#text} at (0,0) size 3x12
                  text run at (0,0) width 3: " "
            RenderTableCell {TD} at (15,312) size 9x12 [bgcolor=#FDFDFB] [r=26 c=2 rs=1 cs=1]
              RenderInline {FONT} at (0,0) size 3x12
                RenderText {#text} at (0,0) size 3x12
                  text run at (0,0) width 3: " "
            RenderTableCell {TD} at (23,312) size 9x12 [bgcolor=#FDFDFB] [r=26 c=3 rs=1 cs=1]
              RenderInline {FONT} at (0,0) size 3x12
                RenderText {#text} at (0,0) size 3x12
                  text run at (0,0) width 3: " "
            RenderTableCell {TD} at (31,312) size 9x12 [bgcolor=#FDFDFB] [r=26 c=4 rs=1 cs=1]
              RenderInline {FONT} at (0,0) size 3x12
                RenderText {#text} at (0,0) size 3x12
                  text run at (0,0) width 3: " "
            RenderTableCell {TD} at (39,312) size 9x12 [bgcolor=#FDFDFB] [r=26 c=5 rs=1 cs=1]
              RenderInline {FONT} at (0,0) size 3x12
                RenderText {#text} at (0,0) size 3x12
                  text run at (0,0) width 3: " "
            RenderTableCell {TD} at (47,312) size 8x12 [bgcolor=#FDFDFB] [r=26 c=6 rs=1 cs=1]
              RenderInline {FONT} at (0,0) size 3x12
                RenderText {#text} at (0,0) size 3x12
                  text run at (0,0) width 3: " "
            RenderTableCell {TD} at (54,312) size 9x12 [bgcolor=#FDFDFB] [r=26 c=7 rs=1 cs=1]
              RenderInline {FONT} at (0,0) size 3x12
                RenderText {#text} at (0,0) size 3x12
                  text run at (0,0) width 3: " "
            RenderTableCell {TD} at (62,312) size 9x12 [bgcolor=#FDFDFB] [r=26 c=8 rs=1 cs=1]
              RenderInline {FONT} at (0,0) size 3x12
                RenderText {#text} at (0,0) size 3x12
                  text run at (0,0) width 3: " "
            RenderTableCell {TD} at (70,312) size 9x12 [bgcolor=#FDFDFB] [r=26 c=9 rs=1 cs=1]
              RenderInline {FONT} at (0,0) size 3x12
                RenderText {#text} at (0,0) size 3x12
                  text run at (0,0) width 3: " "
            RenderTableCell {TD} at (78,312) size 9x12 [bgcolor=#EDEEEF] [r=26 c=10 rs=1 cs=1]
              RenderInline {FONT} at (0,0) size 3x12
                RenderText {#text} at (0,0) size 3x12
                  text run at (0,0) width 3: " "
            RenderTableCell {TD} at (86,312) size 9x12 [bgcolor=#EDEEEF] [r=26 c=11 rs=1 cs=1]
              RenderInline {FONT} at (0,0) size 3x12
                RenderText {#text} at (0,0) size 3x12
                  text run at (0,0) width 3: " "
            RenderTableCell {TD} at (94,312) size 8x12 [bgcolor=#DEDFDF] [r=26 c=12 rs=1 cs=1]
              RenderInline {FONT} at (0,0) size 3x12
                RenderText {#text} at (0,0) size 3x12
                  text run at (0,0) width 3: " "
            RenderTableCell {TD} at (101,312) size 9x12 [bgcolor=#CECFCF] [r=26 c=13 rs=1 cs=1]
              RenderInline {FONT} at (0,0) size 3x12
                RenderText {#text} at (0,0) size 3x12
                  text run at (0,0) width 3: " "
            RenderTableCell {TD} at (109,312) size 9x12 [bgcolor=#CECFCF] [r=26 c=14 rs=1 cs=1]
              RenderInline {FONT} at (0,0) size 3x12
                RenderText {#text} at (0,0) size 3x12
                  text run at (0,0) width 3: " "
            RenderTableCell {TD} at (117,312) size 9x12 [bgcolor=#BEC2C2] [r=26 c=15 rs=1 cs=1]
              RenderInline {FONT} at (0,0) size 3x12
                RenderText {#text} at (0,0) size 3x12
                  text run at (0,0) width 3: " "
            RenderTableCell {TD} at (125,312) size 9x12 [bgcolor=#BEC2C2] [r=26 c=16 rs=1 cs=1]
              RenderInline {FONT} at (0,0) size 3x12
                RenderText {#text} at (0,0) size 3x12
                  text run at (0,0) width 3: " "
            RenderTableCell {TD} at (133,312) size 9x12 [bgcolor=#BEC2C2] [r=26 c=17 rs=1 cs=1]
              RenderInline {FONT} at (0,0) size 3x12
                RenderText {#text} at (0,0) size 3x12
                  text run at (0,0) width 3: " "
            RenderTableCell {TD} at (141,312) size 9x12 [bgcolor=#BEC2C2] [r=26 c=18 rs=1 cs=1]
              RenderInline {FONT} at (0,0) size 3x12
                RenderText {#text} at (0,0) size 3x12
                  text run at (0,0) width 3: " "
            RenderTableCell {TD} at (149,312) size 8x12 [bgcolor=#BEC2C2] [r=26 c=19 rs=1 cs=1]
              RenderInline {FONT} at (0,0) size 3x12
                RenderText {#text} at (0,0) size 3x12
                  text run at (0,0) width 3: " "
            RenderTableCell {TD} at (156,312) size 9x12 [bgcolor=#BEC2C2] [r=26 c=20 rs=1 cs=1]
              RenderInline {FONT} at (0,0) size 3x12
                RenderText {#text} at (0,0) size 3x12
                  text run at (0,0) width 3: " "
            RenderTableCell {TD} at (164,312) size 9x12 [bgcolor=#CECFCF] [r=26 c=21 rs=1 cs=1]
              RenderInline {FONT} at (0,0) size 3x12
                RenderText {#text} at (0,0) size 3x12
                  text run at (0,0) width 3: " "
            RenderTableCell {TD} at (172,312) size 9x12 [bgcolor=#CECFCF] [r=26 c=22 rs=1 cs=1]
              RenderInline {FONT} at (0,0) size 3x12
                RenderText {#text} at (0,0) size 3x12
                  text run at (0,0) width 3: " "
            RenderTableCell {TD} at (180,312) size 9x12 [bgcolor=#DEDFDF] [r=26 c=23 rs=1 cs=1]
              RenderInline {FONT} at (0,0) size 3x12
                RenderText {#text} at (0,0) size 3x12
                  text run at (0,0) width 3: " "
            RenderTableCell {TD} at (188,312) size 9x12 [bgcolor=#E0EAE9] [r=26 c=24 rs=1 cs=1]
              RenderInline {FONT} at (0,0) size 3x12
                RenderText {#text} at (0,0) size 3x12
                  text run at (0,0) width 3: " "
            RenderTableCell {TD} at (196,312) size 8x12 [bgcolor=#EDEEEF] [r=26 c=25 rs=1 cs=1]
              RenderInline {FONT} at (0,0) size 3x12
                RenderText {#text} at (0,0) size 3x12
                  text run at (0,0) width 3: " "
            RenderTableCell {TD} at (203,312) size 9x12 [bgcolor=#FDFDFB] [r=26 c=26 rs=1 cs=1]
              RenderInline {FONT} at (0,0) size 3x12
                RenderText {#text} at (0,0) size 3x12
                  text run at (0,0) width 3: " "
            RenderTableCell {TD} at (211,312) size 9x12 [bgcolor=#FDFDFB] [r=26 c=27 rs=1 cs=1]
              RenderInline {FONT} at (0,0) size 3x12
                RenderText {#text} at (0,0) size 3x12
                  text run at (0,0) width 3: " "
            RenderTableCell {TD} at (219,312) size 9x12 [bgcolor=#FDFDFB] [r=26 c=28 rs=1 cs=1]
              RenderInline {FONT} at (0,0) size 3x12
                RenderText {#text} at (0,0) size 3x12
                  text run at (0,0) width 3: " "
            RenderTableCell {TD} at (227,312) size 9x12 [bgcolor=#FDFDFB] [r=26 c=29 rs=1 cs=1]
              RenderInline {FONT} at (0,0) size 3x12
                RenderText {#text} at (0,0) size 3x12
                  text run at (0,0) width 3: " "
            RenderTableCell {TD} at (235,312) size 9x12 [bgcolor=#FDFDFB] [r=26 c=30 rs=1 cs=1]
              RenderInline {FONT} at (0,0) size 3x12
                RenderText {#text} at (0,0) size 3x12
                  text run at (0,0) width 3: " "
            RenderTableCell {TD} at (243,312) size 8x12 [bgcolor=#FDFDFB] [r=26 c=31 rs=1 cs=1]
              RenderInline {FONT} at (0,0) size 3x12
                RenderText {#text} at (0,0) size 3x12
                  text run at (0,0) width 3: " "
            RenderTableCell {TD} at (251,312) size 8x12 [bgcolor=#FDFDFB] [r=26 c=32 rs=1 cs=1]
              RenderInline {FONT} at (0,0) size 3x12
                RenderText {#text} at (0,0) size 3x12
                  text run at (0,0) width 3: " "
            RenderTableCell {TD} at (258,312) size 9x12 [bgcolor=#FDFDFB] [r=26 c=33 rs=1 cs=1]
              RenderInline {FONT} at (0,0) size 3x12
                RenderText {#text} at (0,0) size 3x12
                  text run at (0,0) width 3: " "
            RenderTableCell {TD} at (266,312) size 9x12 [bgcolor=#FDFDFB] [r=26 c=34 rs=1 cs=1]
              RenderInline {FONT} at (0,0) size 3x12
                RenderText {#text} at (0,0) size 3x12
                  text run at (0,0) width 3: " "
            RenderTableCell {TD} at (274,312) size 9x12 [bgcolor=#FDFDFB] [r=26 c=35 rs=1 cs=1]
              RenderInline {FONT} at (0,0) size 3x12
                RenderText {#text} at (0,0) size 3x12
                  text run at (0,0) width 3: " "
            RenderTableCell {TD} at (282,312) size 9x12 [bgcolor=#FDFDFB] [r=26 c=36 rs=1 cs=1]
              RenderInline {FONT} at (0,0) size 3x12
                RenderText {#text} at (0,0) size 3x12
                  text run at (0,0) width 3: " "
            RenderTableCell {TD} at (290,312) size 9x12 [bgcolor=#EDEEEF] [r=26 c=37 rs=1 cs=1]
              RenderInline {FONT} at (0,0) size 3x12
                RenderText {#text} at (0,0) size 3x12
                  text run at (0,0) width 3: " "
            RenderTableCell {TD} at (298,312) size 8x12 [bgcolor=#DEDFDF] [r=26 c=38 rs=1 cs=1]
              RenderInline {FONT} at (0,0) size 3x12
                RenderText {#text} at (0,0) size 3x12
                  text run at (0,0) width 3: " "
            RenderTableCell {TD} at (305,312) size 9x12 [bgcolor=#DEDFDF] [r=26 c=39 rs=1 cs=1]
              RenderInline {FONT} at (0,0) size 3x12
                RenderText {#text} at (0,0) size 3x12
                  text run at (0,0) width 3: " "
            RenderTableCell {TD} at (313,312) size 9x12 [bgcolor=#DEDFDF] [r=26 c=40 rs=1 cs=1]
              RenderInline {FONT} at (0,0) size 3x12
                RenderText {#text} at (0,0) size 3x12
                  text run at (0,0) width 3: " "
            RenderTableCell {TD} at (321,312) size 9x12 [bgcolor=#DEDFDF] [r=26 c=41 rs=1 cs=1]
              RenderInline {FONT} at (0,0) size 3x12
                RenderText {#text} at (0,0) size 3x12
                  text run at (0,0) width 3: " "
            RenderTableCell {TD} at (329,312) size 9x12 [bgcolor=#DEDFDF] [r=26 c=42 rs=1 cs=1]
              RenderInline {FONT} at (0,0) size 3x12
                RenderText {#text} at (0,0) size 3x12
                  text run at (0,0) width 3: " "
            RenderTableCell {TD} at (337,312) size 9x12 [bgcolor=#DEDFDF] [r=26 c=43 rs=1 cs=1]
              RenderInline {FONT} at (0,0) size 3x12
                RenderText {#text} at (0,0) size 3x12
                  text run at (0,0) width 3: " "
            RenderTableCell {TD} at (345,312) size 8x12 [bgcolor=#DEDFDF] [r=26 c=44 rs=1 cs=1]
              RenderInline {FONT} at (0,0) size 3x12
                RenderText {#text} at (0,0) size 3x12
                  text run at (0,0) width 3: " "
            RenderTableCell {TD} at (352,312) size 9x12 [bgcolor=#DEDFDF] [r=26 c=45 rs=1 cs=1]
              RenderInline {FONT} at (0,0) size 3x12
                RenderText {#text} at (0,0) size 3x12
                  text run at (0,0) width 3: " "
            RenderTableCell {TD} at (360,312) size 9x12 [bgcolor=#DEDFDF] [r=26 c=46 rs=1 cs=1]
              RenderInline {FONT} at (0,0) size 3x12
                RenderText {#text} at (0,0) size 3x12
                  text run at (0,0) width 3: " "
            RenderTableCell {TD} at (368,312) size 9x12 [bgcolor=#DEDFDF] [r=26 c=47 rs=1 cs=1]
              RenderInline {FONT} at (0,0) size 3x12
                RenderText {#text} at (0,0) size 3x12
                  text run at (0,0) width 3: " "
            RenderTableCell {TD} at (376,312) size 9x12 [bgcolor=#DEDFDF] [r=26 c=48 rs=1 cs=1]
              RenderInline {FONT} at (0,0) size 3x12
                RenderText {#text} at (0,0) size 3x12
                  text run at (0,0) width 3: " "
            RenderTableCell {TD} at (384,312) size 9x12 [bgcolor=#DEDFDF] [r=26 c=49 rs=1 cs=1]
              RenderInline {FONT} at (0,0) size 3x12
                RenderText {#text} at (0,0) size 3x12
                  text run at (0,0) width 3: " "
            RenderTableCell {TD} at (392,312) size 9x12 [bgcolor=#DEDFDF] [r=26 c=50 rs=1 cs=1]
              RenderInline {FONT} at (0,0) size 3x12
                RenderText {#text} at (0,0) size 3x12
                  text run at (0,0) width 3: " "
            RenderTableCell {TD} at (400,312) size 8x12 [bgcolor=#DEDFDF] [r=26 c=51 rs=1 cs=1]
              RenderInline {FONT} at (0,0) size 3x12
                RenderText {#text} at (0,0) size 3x12
                  text run at (0,0) width 3: " "
            RenderTableCell {TD} at (407,312) size 9x12 [bgcolor=#DEDFDF] [r=26 c=52 rs=1 cs=1]
              RenderInline {FONT} at (0,0) size 3x12
                RenderText {#text} at (0,0) size 3x12
                  text run at (0,0) width 3: " "
            RenderTableCell {TD} at (415,312) size 9x12 [bgcolor=#EDEEEF] [r=26 c=53 rs=1 cs=1]
              RenderInline {FONT} at (0,0) size 3x12
                RenderText {#text} at (0,0) size 3x12
                  text run at (0,0) width 3: " "
            RenderTableCell {TD} at (423,312) size 9x12 [bgcolor=#FDFDFB] [r=26 c=54 rs=1 cs=1]
              RenderInline {FONT} at (0,0) size 3x12
                RenderText {#text} at (0,0) size 3x12
                  text run at (0,0) width 3: " "
            RenderTableCell {TD} at (431,312) size 9x12 [bgcolor=#FDFDFB] [r=26 c=55 rs=1 cs=1]
              RenderInline {FONT} at (0,0) size 3x12
                RenderText {#text} at (0,0) size 3x12
                  text run at (0,0) width 3: " "
            RenderTableCell {TD} at (439,312) size 9x12 [bgcolor=#FDFDFB] [r=26 c=56 rs=1 cs=1]
              RenderInline {FONT} at (0,0) size 3x12
                RenderText {#text} at (0,0) size 3x12
                  text run at (0,0) width 3: " "
            RenderTableCell {TD} at (447,312) size 8x12 [bgcolor=#FDFDFB] [r=26 c=57 rs=1 cs=1]
              RenderInline {FONT} at (0,0) size 3x12
                RenderText {#text} at (0,0) size 3x12
                  text run at (0,0) width 3: " "
            RenderTableCell {TD} at (454,312) size 9x12 [bgcolor=#FDFDFB] [r=26 c=58 rs=1 cs=1]
              RenderInline {FONT} at (0,0) size 3x12
                RenderText {#text} at (0,0) size 3x12
                  text run at (0,0) width 3: " "
            RenderTableCell {TD} at (462,312) size 9x12 [bgcolor=#FDFDFB] [r=26 c=59 rs=1 cs=1]
              RenderInline {FONT} at (0,0) size 3x12
                RenderText {#text} at (0,0) size 3x12
                  text run at (0,0) width 3: " "
            RenderTableCell {TD} at (470,312) size 9x12 [bgcolor=#FDFDFB] [r=26 c=60 rs=1 cs=1]
              RenderInline {FONT} at (0,0) size 3x12
                RenderText {#text} at (0,0) size 3x12
                  text run at (0,0) width 3: " "
            RenderTableCell {TD} at (478,312) size 9x12 [bgcolor=#FDFDFB] [r=26 c=61 rs=1 cs=1]
              RenderInline {FONT} at (0,0) size 3x12
                RenderText {#text} at (0,0) size 3x12
                  text run at (0,0) width 3: " "
            RenderTableCell {TD} at (486,312) size 9x12 [bgcolor=#FDFDFB] [r=26 c=62 rs=1 cs=1]
              RenderInline {FONT} at (0,0) size 3x12
                RenderText {#text} at (0,0) size 3x12
                  text run at (0,0) width 3: " "
            RenderTableCell {TD} at (494,312) size 8x12 [bgcolor=#FDFDFB] [r=26 c=63 rs=1 cs=1]
              RenderInline {FONT} at (0,0) size 3x12
                RenderText {#text} at (0,0) size 3x12
                  text run at (0,0) width 3: " "
            RenderTableCell {TD} at (502,312) size 8x12 [bgcolor=#FDFDFB] [r=26 c=64 rs=1 cs=1]
              RenderInline {FONT} at (0,0) size 3x12
                RenderText {#text} at (0,0) size 3x12
                  text run at (0,0) width 3: " "
            RenderTableCell {TD} at (509,312) size 9x12 [bgcolor=#FDFDFB] [r=26 c=65 rs=1 cs=1]
              RenderInline {FONT} at (0,0) size 3x12
                RenderText {#text} at (0,0) size 3x12
                  text run at (0,0) width 3: " "
            RenderTableCell {TD} at (517,312) size 9x12 [bgcolor=#FDFDFB] [r=26 c=66 rs=1 cs=1]
              RenderInline {FONT} at (0,0) size 3x12
                RenderText {#text} at (0,0) size 3x12
                  text run at (0,0) width 3: " "
            RenderTableCell {TD} at (525,312) size 9x12 [bgcolor=#EDEEEF] [r=26 c=67 rs=1 cs=1]
              RenderInline {FONT} at (0,0) size 3x12
                RenderText {#text} at (0,0) size 3x12
                  text run at (0,0) width 3: " "
            RenderTableCell {TD} at (533,312) size 9x12 [bgcolor=#DEDFDF] [r=26 c=68 rs=1 cs=1]
              RenderInline {FONT} at (0,0) size 3x12
                RenderText {#text} at (0,0) size 3x12
                  text run at (0,0) width 3: " "
            RenderTableCell {TD} at (541,312) size 9x12 [bgcolor=#CECFCF] [r=26 c=69 rs=1 cs=1]
              RenderInline {FONT} at (0,0) size 3x12
                RenderText {#text} at (0,0) size 3x12
                  text run at (0,0) width 3: " "
            RenderTableCell {TD} at (549,312) size 8x12 [bgcolor=#BEC2C2] [r=26 c=70 rs=1 cs=1]
              RenderInline {FONT} at (0,0) size 3x12
                RenderText {#text} at (0,0) size 3x12
                  text run at (0,0) width 3: " "
            RenderTableCell {TD} at (556,312) size 9x12 [bgcolor=#B4B4B4] [r=26 c=71 rs=1 cs=1]
              RenderInline {FONT} at (0,0) size 3x12
                RenderText {#text} at (0,0) size 3x12
                  text run at (0,0) width 3: " "
            RenderTableCell {TD} at (564,312) size 9x12 [bgcolor=#B4B4B4] [r=26 c=72 rs=1 cs=1]
              RenderInline {FONT} at (0,0) size 3x12
                RenderText {#text} at (0,0) size 3x12
                  text run at (0,0) width 3: " "
            RenderTableCell {TD} at (572,312) size 9x12 [bgcolor=#A5A6A6] [r=26 c=73 rs=1 cs=1]
              RenderInline {FONT} at (0,0) size 3x12
                RenderText {#text} at (0,0) size 3x12
                  text run at (0,0) width 3: " "
            RenderTableCell {TD} at (580,312) size 9x12 [bgcolor=#91A3A3] [r=26 c=74 rs=1 cs=1]
              RenderInline {FONT} at (0,0) size 3x12
                RenderText {#text} at (0,0) size 3x12
                  text run at (0,0) width 3: " "
            RenderTableCell {TD} at (588,312) size 9x12 [bgcolor=#939494] [r=26 c=75 rs=1 cs=1]
              RenderInline {FONT} at (0,0) size 3x12
                RenderText {#text} at (0,0) size 3x12
                  text run at (0,0) width 3: " "
            RenderTableCell {TD} at (596,312) size 8x12 [bgcolor=#939494] [r=26 c=76 rs=1 cs=1]
              RenderInline {FONT} at (0,0) size 3x12
                RenderText {#text} at (0,0) size 3x12
                  text run at (0,0) width 3: " "
            RenderTableCell {TD} at (603,312) size 9x12 [bgcolor=#5A8787] [r=26 c=77 rs=1 cs=1]
              RenderInline {FONT} at (0,0) size 3x12
                RenderText {#text} at (0,0) size 3x12
                  text run at (0,0) width 3: " "
            RenderTableCell {TD} at (611,312) size 9x12 [bgcolor=#027777] [r=26 c=78 rs=1 cs=1]
              RenderInline {FONT} at (0,0) size 3x12
                RenderText {#text} at (0,0) size 3x12
                  text run at (0,0) width 3: " "
            RenderTableCell {TD} at (619,312) size 9x12 [bgcolor=#026766] [r=26 c=79 rs=1 cs=1]
              RenderInline {FONT} at (0,0) size 3x12
                RenderText {#text} at (0,0) size 3x12
                  text run at (0,0) width 3: " "
            RenderTableCell {TD} at (627,312) size 9x12 [bgcolor=#026766] [r=26 c=80 rs=1 cs=1]
              RenderInline {FONT} at (0,0) size 3x12
                RenderText {#text} at (0,0) size 3x12
                  text run at (0,0) width 3: " "
            RenderTableCell {TD} at (635,312) size 9x12 [bgcolor=#026766] [r=26 c=81 rs=1 cs=1]
              RenderInline {FONT} at (0,0) size 3x12
                RenderText {#text} at (0,0) size 3x12
                  text run at (0,0) width 3: " "
            RenderTableCell {TD} at (643,312) size 9x12 [bgcolor=#026766] [r=26 c=82 rs=1 cs=1]
              RenderInline {FONT} at (0,0) size 3x12
                RenderText {#text} at (0,0) size 3x12
                  text run at (0,0) width 3: " "
            RenderTableCell {TD} at (651,312) size 8x12 [bgcolor=#026766] [r=26 c=83 rs=1 cs=1]
              RenderInline {FONT} at (0,0) size 3x12
                RenderText {#text} at (0,0) size 3x12
                  text run at (0,0) width 3: " "
            RenderTableCell {TD} at (658,312) size 9x12 [bgcolor=#026766] [r=26 c=84 rs=1 cs=1]
              RenderInline {FONT} at (0,0) size 3x12
                RenderText {#text} at (0,0) size 3x12
                  text run at (0,0) width 3: " "
            RenderTableCell {TD} at (666,312) size 9x12 [bgcolor=#026766] [r=26 c=85 rs=1 cs=1]
              RenderInline {FONT} at (0,0) size 3x12
                RenderText {#text} at (0,0) size 3x12
                  text run at (0,0) width 3: " "
            RenderTableCell {TD} at (674,312) size 9x12 [bgcolor=#026766] [r=26 c=86 rs=1 cs=1]
              RenderInline {FONT} at (0,0) size 3x12
                RenderText {#text} at (0,0) size 3x12
                  text run at (0,0) width 3: " "
            RenderTableCell {TD} at (682,312) size 9x12 [bgcolor=#026766] [r=26 c=87 rs=1 cs=1]
              RenderInline {FONT} at (0,0) size 3x12
                RenderText {#text} at (0,0) size 3x12
                  text run at (0,0) width 3: " "
            RenderTableCell {TD} at (690,312) size 9x12 [bgcolor=#026766] [r=26 c=88 rs=1 cs=1]
              RenderInline {FONT} at (0,0) size 3x12
                RenderText {#text} at (0,0) size 3x12
                  text run at (0,0) width 3: " "
            RenderTableCell {TD} at (698,312) size 8x12 [bgcolor=#025E5E] [r=26 c=89 rs=1 cs=1]
              RenderInline {FONT} at (0,0) size 3x12
                RenderText {#text} at (0,0) size 3x12
                  text run at (0,0) width 3: " "
            RenderTableCell {TD} at (705,312) size 9x12 [bgcolor=#025E5E] [r=26 c=90 rs=1 cs=1]
              RenderInline {FONT} at (0,0) size 3x12
                RenderText {#text} at (0,0) size 3x12
                  text run at (0,0) width 3: " "
            RenderTableCell {TD} at (713,312) size 9x12 [bgcolor=#044F4F] [r=26 c=91 rs=1 cs=1]
              RenderInline {FONT} at (0,0) size 3x12
                RenderText {#text} at (0,0) size 3x12
                  text run at (0,0) width 3: " "
            RenderTableCell {TD} at (721,312) size 9x12 [bgcolor=#044140] [r=26 c=92 rs=1 cs=1]
              RenderInline {FONT} at (0,0) size 3x12
                RenderText {#text} at (0,0) size 3x12
                  text run at (0,0) width 3: " "
            RenderTableCell {TD} at (729,312) size 9x12 [bgcolor=#083131] [r=26 c=93 rs=1 cs=1]
              RenderInline {FONT} at (0,0) size 3x12
                RenderText {#text} at (0,0) size 3x12
                  text run at (0,0) width 3: " "
            RenderTableCell {TD} at (737,312) size 9x12 [bgcolor=#777878] [r=26 c=94 rs=1 cs=1]
              RenderInline {FONT} at (0,0) size 3x12
                RenderText {#text} at (0,0) size 3x12
                  text run at (0,0) width 3: " "
            RenderTableCell {TD} at (745,312) size 8x12 [bgcolor=#B4B4B4] [r=26 c=95 rs=1 cs=1]
              RenderInline {FONT} at (0,0) size 3x12
                RenderText {#text} at (0,0) size 3x12
                  text run at (0,0) width 3: " "
            RenderTableCell {TD} at (753,312) size 8x12 [bgcolor=#DEDFDF] [r=26 c=96 rs=1 cs=1]
              RenderInline {FONT} at (0,0) size 3x12
                RenderText {#text} at (0,0) size 3x12
                  text run at (0,0) width 3: " "
            RenderTableCell {TD} at (760,312) size 9x12 [bgcolor=#FDFDFB] [r=26 c=97 rs=1 cs=1]
              RenderInline {FONT} at (0,0) size 3x12
                RenderText {#text} at (0,0) size 3x12
                  text run at (0,0) width 3: " "
            RenderTableCell {TD} at (768,312) size 9x12 [bgcolor=#FDFDFB] [r=26 c=98 rs=1 cs=1]
              RenderInline {FONT} at (0,0) size 3x12
                RenderText {#text} at (0,0) size 3x12
                  text run at (0,0) width 3: " "
            RenderTableCell {TD} at (776,312) size 9x12 [bgcolor=#FDFDFB] [r=26 c=99 rs=1 cs=1]
              RenderInline {FONT} at (0,0) size 3x12
                RenderText {#text} at (0,0) size 3x12
                  text run at (0,0) width 3: " "
          RenderTableRow {TR} at (0,324) size 784x12
            RenderTableCell {TD} at (0,324) size 8x12 [bgcolor=#FDFDFB] [r=27 c=0 rs=1 cs=1]
              RenderInline {FONT} at (0,0) size 3x12
                RenderText {#text} at (0,0) size 3x12
                  text run at (0,0) width 3: " "
            RenderTableCell {TD} at (7,324) size 9x12 [bgcolor=#FDFDFB] [r=27 c=1 rs=1 cs=1]
              RenderInline {FONT} at (0,0) size 3x12
                RenderText {#text} at (0,0) size 3x12
                  text run at (0,0) width 3: " "
            RenderTableCell {TD} at (15,324) size 9x12 [bgcolor=#FDFDFB] [r=27 c=2 rs=1 cs=1]
              RenderInline {FONT} at (0,0) size 3x12
                RenderText {#text} at (0,0) size 3x12
                  text run at (0,0) width 3: " "
            RenderTableCell {TD} at (23,324) size 9x12 [bgcolor=#FDFDFB] [r=27 c=3 rs=1 cs=1]
              RenderInline {FONT} at (0,0) size 3x12
                RenderText {#text} at (0,0) size 3x12
                  text run at (0,0) width 3: " "
            RenderTableCell {TD} at (31,324) size 9x12 [bgcolor=#FDFDFB] [r=27 c=4 rs=1 cs=1]
              RenderInline {FONT} at (0,0) size 3x12
                RenderText {#text} at (0,0) size 3x12
                  text run at (0,0) width 3: " "
            RenderTableCell {TD} at (39,324) size 9x12 [bgcolor=#FDFDFB] [r=27 c=5 rs=1 cs=1]
              RenderInline {FONT} at (0,0) size 3x12
                RenderText {#text} at (0,0) size 3x12
                  text run at (0,0) width 3: " "
            RenderTableCell {TD} at (47,324) size 8x12 [bgcolor=#FDFDFB] [r=27 c=6 rs=1 cs=1]
              RenderInline {FONT} at (0,0) size 3x12
                RenderText {#text} at (0,0) size 3x12
                  text run at (0,0) width 3: " "
            RenderTableCell {TD} at (54,324) size 9x12 [bgcolor=#FDFDFB] [r=27 c=7 rs=1 cs=1]
              RenderInline {FONT} at (0,0) size 3x12
                RenderText {#text} at (0,0) size 3x12
                  text run at (0,0) width 3: " "
            RenderTableCell {TD} at (62,324) size 9x12 [bgcolor=#FDFDFB] [r=27 c=8 rs=1 cs=1]
              RenderInline {FONT} at (0,0) size 3x12
                RenderText {#text} at (0,0) size 3x12
                  text run at (0,0) width 3: " "
            RenderTableCell {TD} at (70,324) size 9x12 [bgcolor=#FDFDFB] [r=27 c=9 rs=1 cs=1]
              RenderInline {FONT} at (0,0) size 3x12
                RenderText {#text} at (0,0) size 3x12
                  text run at (0,0) width 3: " "
            RenderTableCell {TD} at (78,324) size 9x12 [bgcolor=#FDFDFB] [r=27 c=10 rs=1 cs=1]
              RenderInline {FONT} at (0,0) size 3x12
                RenderText {#text} at (0,0) size 3x12
                  text run at (0,0) width 3: " "
            RenderTableCell {TD} at (86,324) size 9x12 [bgcolor=#FDFDFB] [r=27 c=11 rs=1 cs=1]
              RenderInline {FONT} at (0,0) size 3x12
                RenderText {#text} at (0,0) size 3x12
                  text run at (0,0) width 3: " "
            RenderTableCell {TD} at (94,324) size 8x12 [bgcolor=#FDFDFB] [r=27 c=12 rs=1 cs=1]
              RenderInline {FONT} at (0,0) size 3x12
                RenderText {#text} at (0,0) size 3x12
                  text run at (0,0) width 3: " "
            RenderTableCell {TD} at (101,324) size 9x12 [bgcolor=#EDEEEF] [r=27 c=13 rs=1 cs=1]
              RenderInline {FONT} at (0,0) size 3x12
                RenderText {#text} at (0,0) size 3x12
                  text run at (0,0) width 3: " "
            RenderTableCell {TD} at (109,324) size 9x12 [bgcolor=#EDEEEF] [r=27 c=14 rs=1 cs=1]
              RenderInline {FONT} at (0,0) size 3x12
                RenderText {#text} at (0,0) size 3x12
                  text run at (0,0) width 3: " "
            RenderTableCell {TD} at (117,324) size 9x12 [bgcolor=#EDEEEF] [r=27 c=15 rs=1 cs=1]
              RenderInline {FONT} at (0,0) size 3x12
                RenderText {#text} at (0,0) size 3x12
                  text run at (0,0) width 3: " "
            RenderTableCell {TD} at (125,324) size 9x12 [bgcolor=#EDEEEF] [r=27 c=16 rs=1 cs=1]
              RenderInline {FONT} at (0,0) size 3x12
                RenderText {#text} at (0,0) size 3x12
                  text run at (0,0) width 3: " "
            RenderTableCell {TD} at (133,324) size 9x12 [bgcolor=#EDEEEF] [r=27 c=17 rs=1 cs=1]
              RenderInline {FONT} at (0,0) size 3x12
                RenderText {#text} at (0,0) size 3x12
                  text run at (0,0) width 3: " "
            RenderTableCell {TD} at (141,324) size 9x12 [bgcolor=#EDEEEF] [r=27 c=18 rs=1 cs=1]
              RenderInline {FONT} at (0,0) size 3x12
                RenderText {#text} at (0,0) size 3x12
                  text run at (0,0) width 3: " "
            RenderTableCell {TD} at (149,324) size 8x12 [bgcolor=#EDEEEF] [r=27 c=19 rs=1 cs=1]
              RenderInline {FONT} at (0,0) size 3x12
                RenderText {#text} at (0,0) size 3x12
                  text run at (0,0) width 3: " "
            RenderTableCell {TD} at (156,324) size 9x12 [bgcolor=#EDEEEF] [r=27 c=20 rs=1 cs=1]
              RenderInline {FONT} at (0,0) size 3x12
                RenderText {#text} at (0,0) size 3x12
                  text run at (0,0) width 3: " "
            RenderTableCell {TD} at (164,324) size 9x12 [bgcolor=#EDEEEF] [r=27 c=21 rs=1 cs=1]
              RenderInline {FONT} at (0,0) size 3x12
                RenderText {#text} at (0,0) size 3x12
                  text run at (0,0) width 3: " "
            RenderTableCell {TD} at (172,324) size 9x12 [bgcolor=#EDEEEF] [r=27 c=22 rs=1 cs=1]
              RenderInline {FONT} at (0,0) size 3x12
                RenderText {#text} at (0,0) size 3x12
                  text run at (0,0) width 3: " "
            RenderTableCell {TD} at (180,324) size 9x12 [bgcolor=#FDFDFB] [r=27 c=23 rs=1 cs=1]
              RenderInline {FONT} at (0,0) size 3x12
                RenderText {#text} at (0,0) size 3x12
                  text run at (0,0) width 3: " "
            RenderTableCell {TD} at (188,324) size 9x12 [bgcolor=#FDFDFB] [r=27 c=24 rs=1 cs=1]
              RenderInline {FONT} at (0,0) size 3x12
                RenderText {#text} at (0,0) size 3x12
                  text run at (0,0) width 3: " "
            RenderTableCell {TD} at (196,324) size 8x12 [bgcolor=#FDFDFB] [r=27 c=25 rs=1 cs=1]
              RenderInline {FONT} at (0,0) size 3x12
                RenderText {#text} at (0,0) size 3x12
                  text run at (0,0) width 3: " "
            RenderTableCell {TD} at (203,324) size 9x12 [bgcolor=#FDFDFB] [r=27 c=26 rs=1 cs=1]
              RenderInline {FONT} at (0,0) size 3x12
                RenderText {#text} at (0,0) size 3x12
                  text run at (0,0) width 3: " "
            RenderTableCell {TD} at (211,324) size 9x12 [bgcolor=#FDFDFB] [r=27 c=27 rs=1 cs=1]
              RenderInline {FONT} at (0,0) size 3x12
                RenderText {#text} at (0,0) size 3x12
                  text run at (0,0) width 3: " "
            RenderTableCell {TD} at (219,324) size 9x12 [bgcolor=#FDFDFB] [r=27 c=28 rs=1 cs=1]
              RenderInline {FONT} at (0,0) size 3x12
                RenderText {#text} at (0,0) size 3x12
                  text run at (0,0) width 3: " "
            RenderTableCell {TD} at (227,324) size 9x12 [bgcolor=#FDFDFB] [r=27 c=29 rs=1 cs=1]
              RenderInline {FONT} at (0,0) size 3x12
                RenderText {#text} at (0,0) size 3x12
                  text run at (0,0) width 3: " "
            RenderTableCell {TD} at (235,324) size 9x12 [bgcolor=#FDFDFB] [r=27 c=30 rs=1 cs=1]
              RenderInline {FONT} at (0,0) size 3x12
                RenderText {#text} at (0,0) size 3x12
                  text run at (0,0) width 3: " "
            RenderTableCell {TD} at (243,324) size 8x12 [bgcolor=#FDFDFB] [r=27 c=31 rs=1 cs=1]
              RenderInline {FONT} at (0,0) size 3x12
                RenderText {#text} at (0,0) size 3x12
                  text run at (0,0) width 3: " "
            RenderTableCell {TD} at (251,324) size 8x12 [bgcolor=#FDFDFB] [r=27 c=32 rs=1 cs=1]
              RenderInline {FONT} at (0,0) size 3x12
                RenderText {#text} at (0,0) size 3x12
                  text run at (0,0) width 3: " "
            RenderTableCell {TD} at (258,324) size 9x12 [bgcolor=#FDFDFB] [r=27 c=33 rs=1 cs=1]
              RenderInline {FONT} at (0,0) size 3x12
                RenderText {#text} at (0,0) size 3x12
                  text run at (0,0) width 3: " "
            RenderTableCell {TD} at (266,324) size 9x12 [bgcolor=#FDFDFB] [r=27 c=34 rs=1 cs=1]
              RenderInline {FONT} at (0,0) size 3x12
                RenderText {#text} at (0,0) size 3x12
                  text run at (0,0) width 3: " "
            RenderTableCell {TD} at (274,324) size 9x12 [bgcolor=#FDFDFB] [r=27 c=35 rs=1 cs=1]
              RenderInline {FONT} at (0,0) size 3x12
                RenderText {#text} at (0,0) size 3x12
                  text run at (0,0) width 3: " "
            RenderTableCell {TD} at (282,324) size 9x12 [bgcolor=#FDFDFB] [r=27 c=36 rs=1 cs=1]
              RenderInline {FONT} at (0,0) size 3x12
                RenderText {#text} at (0,0) size 3x12
                  text run at (0,0) width 3: " "
            RenderTableCell {TD} at (290,324) size 9x12 [bgcolor=#FDFDFB] [r=27 c=37 rs=1 cs=1]
              RenderInline {FONT} at (0,0) size 3x12
                RenderText {#text} at (0,0) size 3x12
                  text run at (0,0) width 3: " "
            RenderTableCell {TD} at (298,324) size 8x12 [bgcolor=#FDFDFB] [r=27 c=38 rs=1 cs=1]
              RenderInline {FONT} at (0,0) size 3x12
                RenderText {#text} at (0,0) size 3x12
                  text run at (0,0) width 3: " "
            RenderTableCell {TD} at (305,324) size 9x12 [bgcolor=#FDFDFB] [r=27 c=39 rs=1 cs=1]
              RenderInline {FONT} at (0,0) size 3x12
                RenderText {#text} at (0,0) size 3x12
                  text run at (0,0) width 3: " "
            RenderTableCell {TD} at (313,324) size 9x12 [bgcolor=#FDFDFB] [r=27 c=40 rs=1 cs=1]
              RenderInline {FONT} at (0,0) size 3x12
                RenderText {#text} at (0,0) size 3x12
                  text run at (0,0) width 3: " "
            RenderTableCell {TD} at (321,324) size 9x12 [bgcolor=#FDFDFB] [r=27 c=41 rs=1 cs=1]
              RenderInline {FONT} at (0,0) size 3x12
                RenderText {#text} at (0,0) size 3x12
                  text run at (0,0) width 3: " "
            RenderTableCell {TD} at (329,324) size 9x12 [bgcolor=#FDFDFB] [r=27 c=42 rs=1 cs=1]
              RenderInline {FONT} at (0,0) size 3x12
                RenderText {#text} at (0,0) size 3x12
                  text run at (0,0) width 3: " "
            RenderTableCell {TD} at (337,324) size 9x12 [bgcolor=#FDFDFB] [r=27 c=43 rs=1 cs=1]
              RenderInline {FONT} at (0,0) size 3x12
                RenderText {#text} at (0,0) size 3x12
                  text run at (0,0) width 3: " "
            RenderTableCell {TD} at (345,324) size 8x12 [bgcolor=#FDFDFB] [r=27 c=44 rs=1 cs=1]
              RenderInline {FONT} at (0,0) size 3x12
                RenderText {#text} at (0,0) size 3x12
                  text run at (0,0) width 3: " "
            RenderTableCell {TD} at (352,324) size 9x12 [bgcolor=#FDFDFB] [r=27 c=45 rs=1 cs=1]
              RenderInline {FONT} at (0,0) size 3x12
                RenderText {#text} at (0,0) size 3x12
                  text run at (0,0) width 3: " "
            RenderTableCell {TD} at (360,324) size 9x12 [bgcolor=#FDFDFB] [r=27 c=46 rs=1 cs=1]
              RenderInline {FONT} at (0,0) size 3x12
                RenderText {#text} at (0,0) size 3x12
                  text run at (0,0) width 3: " "
            RenderTableCell {TD} at (368,324) size 9x12 [bgcolor=#FDFDFB] [r=27 c=47 rs=1 cs=1]
              RenderInline {FONT} at (0,0) size 3x12
                RenderText {#text} at (0,0) size 3x12
                  text run at (0,0) width 3: " "
            RenderTableCell {TD} at (376,324) size 9x12 [bgcolor=#FDFDFB] [r=27 c=48 rs=1 cs=1]
              RenderInline {FONT} at (0,0) size 3x12
                RenderText {#text} at (0,0) size 3x12
                  text run at (0,0) width 3: " "
            RenderTableCell {TD} at (384,324) size 9x12 [bgcolor=#FDFDFB] [r=27 c=49 rs=1 cs=1]
              RenderInline {FONT} at (0,0) size 3x12
                RenderText {#text} at (0,0) size 3x12
                  text run at (0,0) width 3: " "
            RenderTableCell {TD} at (392,324) size 9x12 [bgcolor=#FDFDFB] [r=27 c=50 rs=1 cs=1]
              RenderInline {FONT} at (0,0) size 3x12
                RenderText {#text} at (0,0) size 3x12
                  text run at (0,0) width 3: " "
            RenderTableCell {TD} at (400,324) size 8x12 [bgcolor=#FDFDFB] [r=27 c=51 rs=1 cs=1]
              RenderInline {FONT} at (0,0) size 3x12
                RenderText {#text} at (0,0) size 3x12
                  text run at (0,0) width 3: " "
            RenderTableCell {TD} at (407,324) size 9x12 [bgcolor=#FDFDFB] [r=27 c=52 rs=1 cs=1]
              RenderInline {FONT} at (0,0) size 3x12
                RenderText {#text} at (0,0) size 3x12
                  text run at (0,0) width 3: " "
            RenderTableCell {TD} at (415,324) size 9x12 [bgcolor=#FDFDFB] [r=27 c=53 rs=1 cs=1]
              RenderInline {FONT} at (0,0) size 3x12
                RenderText {#text} at (0,0) size 3x12
                  text run at (0,0) width 3: " "
            RenderTableCell {TD} at (423,324) size 9x12 [bgcolor=#FDFDFB] [r=27 c=54 rs=1 cs=1]
              RenderInline {FONT} at (0,0) size 3x12
                RenderText {#text} at (0,0) size 3x12
                  text run at (0,0) width 3: " "
            RenderTableCell {TD} at (431,324) size 9x12 [bgcolor=#FDFDFB] [r=27 c=55 rs=1 cs=1]
              RenderInline {FONT} at (0,0) size 3x12
                RenderText {#text} at (0,0) size 3x12
                  text run at (0,0) width 3: " "
            RenderTableCell {TD} at (439,324) size 9x12 [bgcolor=#FDFDFB] [r=27 c=56 rs=1 cs=1]
              RenderInline {FONT} at (0,0) size 3x12
                RenderText {#text} at (0,0) size 3x12
                  text run at (0,0) width 3: " "
            RenderTableCell {TD} at (447,324) size 8x12 [bgcolor=#FDFDFB] [r=27 c=57 rs=1 cs=1]
              RenderInline {FONT} at (0,0) size 3x12
                RenderText {#text} at (0,0) size 3x12
                  text run at (0,0) width 3: " "
            RenderTableCell {TD} at (454,324) size 9x12 [bgcolor=#FDFDFB] [r=27 c=58 rs=1 cs=1]
              RenderInline {FONT} at (0,0) size 3x12
                RenderText {#text} at (0,0) size 3x12
                  text run at (0,0) width 3: " "
            RenderTableCell {TD} at (462,324) size 9x12 [bgcolor=#FDFDFB] [r=27 c=59 rs=1 cs=1]
              RenderInline {FONT} at (0,0) size 3x12
                RenderText {#text} at (0,0) size 3x12
                  text run at (0,0) width 3: " "
            RenderTableCell {TD} at (470,324) size 9x12 [bgcolor=#FDFDFB] [r=27 c=60 rs=1 cs=1]
              RenderInline {FONT} at (0,0) size 3x12
                RenderText {#text} at (0,0) size 3x12
                  text run at (0,0) width 3: " "
            RenderTableCell {TD} at (478,324) size 9x12 [bgcolor=#FDFDFB] [r=27 c=61 rs=1 cs=1]
              RenderInline {FONT} at (0,0) size 3x12
                RenderText {#text} at (0,0) size 3x12
                  text run at (0,0) width 3: " "
            RenderTableCell {TD} at (486,324) size 9x12 [bgcolor=#FDFDFB] [r=27 c=62 rs=1 cs=1]
              RenderInline {FONT} at (0,0) size 3x12
                RenderText {#text} at (0,0) size 3x12
                  text run at (0,0) width 3: " "
            RenderTableCell {TD} at (494,324) size 8x12 [bgcolor=#FDFDFB] [r=27 c=63 rs=1 cs=1]
              RenderInline {FONT} at (0,0) size 3x12
                RenderText {#text} at (0,0) size 3x12
                  text run at (0,0) width 3: " "
            RenderTableCell {TD} at (502,324) size 8x12 [bgcolor=#FDFDFB] [r=27 c=64 rs=1 cs=1]
              RenderInline {FONT} at (0,0) size 3x12
                RenderText {#text} at (0,0) size 3x12
                  text run at (0,0) width 3: " "
            RenderTableCell {TD} at (509,324) size 9x12 [bgcolor=#B6D8D7] [r=27 c=65 rs=1 cs=1]
              RenderInline {FONT} at (0,0) size 3x12
                RenderText {#text} at (0,0) size 3x12
                  text run at (0,0) width 3: " "
            RenderTableCell {TD} at (517,324) size 9x12 [bgcolor=#5CADAE] [r=27 c=66 rs=1 cs=1]
              RenderInline {FONT} at (0,0) size 3x12
                RenderText {#text} at (0,0) size 3x12
                  text run at (0,0) width 3: " "
            RenderTableCell {TD} at (525,324) size 9x12 [bgcolor=#7DBAB9] [r=27 c=67 rs=1 cs=1]
              RenderInline {FONT} at (0,0) size 3x12
                RenderText {#text} at (0,0) size 3x12
                  text run at (0,0) width 3: " "
            RenderTableCell {TD} at (533,324) size 9x12 [bgcolor=#97C1C0] [r=27 c=68 rs=1 cs=1]
              RenderInline {FONT} at (0,0) size 3x12
                RenderText {#text} at (0,0) size 3x12
                  text run at (0,0) width 3: " "
            RenderTableCell {TD} at (541,324) size 9x12 [bgcolor=#A4CCCC] [r=27 c=69 rs=1 cs=1]
              RenderInline {FONT} at (0,0) size 3x12
                RenderText {#text} at (0,0) size 3x12
                  text run at (0,0) width 3: " "
            RenderTableCell {TD} at (549,324) size 8x12 [bgcolor=#B6D0D1] [r=27 c=70 rs=1 cs=1]
              RenderInline {FONT} at (0,0) size 3x12
                RenderText {#text} at (0,0) size 3x12
                  text run at (0,0) width 3: " "
            RenderTableCell {TD} at (556,324) size 9x12 [bgcolor=#B6D0D1] [r=27 c=71 rs=1 cs=1]
              RenderInline {FONT} at (0,0) size 3x12
                RenderText {#text} at (0,0) size 3x12
                  text run at (0,0) width 3: " "
            RenderTableCell {TD} at (564,324) size 9x12 [bgcolor=#B6D0D1] [r=27 c=72 rs=1 cs=1]
              RenderInline {FONT} at (0,0) size 3x12
                RenderText {#text} at (0,0) size 3x12
                  text run at (0,0) width 3: " "
            RenderTableCell {TD} at (572,324) size 9x12 [bgcolor=#B6D0D1] [r=27 c=73 rs=1 cs=1]
              RenderInline {FONT} at (0,0) size 3x12
                RenderText {#text} at (0,0) size 3x12
                  text run at (0,0) width 3: " "
            RenderTableCell {TD} at (580,324) size 9x12 [bgcolor=#BEC2C2] [r=27 c=74 rs=1 cs=1]
              RenderInline {FONT} at (0,0) size 3x12
                RenderText {#text} at (0,0) size 3x12
                  text run at (0,0) width 3: " "
            RenderTableCell {TD} at (588,324) size 9x12 [bgcolor=#A2B5B4] [r=27 c=75 rs=1 cs=1]
              RenderInline {FONT} at (0,0) size 3x12
                RenderText {#text} at (0,0) size 3x12
                  text run at (0,0) width 3: " "
            RenderTableCell {TD} at (596,324) size 8x12 [bgcolor=#60A2A3] [r=27 c=76 rs=1 cs=1]
              RenderInline {FONT} at (0,0) size 3x12
                RenderText {#text} at (0,0) size 3x12
                  text run at (0,0) width 3: " "
            RenderTableCell {TD} at (603,324) size 9x12 [bgcolor=#1B8685] [r=27 c=77 rs=1 cs=1]
              RenderInline {FONT} at (0,0) size 3x12
                RenderText {#text} at (0,0) size 3x12
                  text run at (0,0) width 3: " "
            RenderTableCell {TD} at (611,324) size 9x12 [bgcolor=#027777] [r=27 c=78 rs=1 cs=1]
              RenderInline {FONT} at (0,0) size 3x12
                RenderText {#text} at (0,0) size 3x12
                  text run at (0,0) width 3: " "
            RenderTableCell {TD} at (619,324) size 9x12 [bgcolor=#026766] [r=27 c=79 rs=1 cs=1]
              RenderInline {FONT} at (0,0) size 3x12
                RenderText {#text} at (0,0) size 3x12
                  text run at (0,0) width 3: " "
            RenderTableCell {TD} at (627,324) size 9x12 [bgcolor=#026766] [r=27 c=80 rs=1 cs=1]
              RenderInline {FONT} at (0,0) size 3x12
                RenderText {#text} at (0,0) size 3x12
                  text run at (0,0) width 3: " "
            RenderTableCell {TD} at (635,324) size 9x12 [bgcolor=#026766] [r=27 c=81 rs=1 cs=1]
              RenderInline {FONT} at (0,0) size 3x12
                RenderText {#text} at (0,0) size 3x12
                  text run at (0,0) width 3: " "
            RenderTableCell {TD} at (643,324) size 9x12 [bgcolor=#026766] [r=27 c=82 rs=1 cs=1]
              RenderInline {FONT} at (0,0) size 3x12
                RenderText {#text} at (0,0) size 3x12
                  text run at (0,0) width 3: " "
            RenderTableCell {TD} at (651,324) size 8x12 [bgcolor=#026766] [r=27 c=83 rs=1 cs=1]
              RenderInline {FONT} at (0,0) size 3x12
                RenderText {#text} at (0,0) size 3x12
                  text run at (0,0) width 3: " "
            RenderTableCell {TD} at (658,324) size 9x12 [bgcolor=#026766] [r=27 c=84 rs=1 cs=1]
              RenderInline {FONT} at (0,0) size 3x12
                RenderText {#text} at (0,0) size 3x12
                  text run at (0,0) width 3: " "
            RenderTableCell {TD} at (666,324) size 9x12 [bgcolor=#026766] [r=27 c=85 rs=1 cs=1]
              RenderInline {FONT} at (0,0) size 3x12
                RenderText {#text} at (0,0) size 3x12
                  text run at (0,0) width 3: " "
            RenderTableCell {TD} at (674,324) size 9x12 [bgcolor=#025E5E] [r=27 c=86 rs=1 cs=1]
              RenderInline {FONT} at (0,0) size 3x12
                RenderText {#text} at (0,0) size 3x12
                  text run at (0,0) width 3: " "
            RenderTableCell {TD} at (682,324) size 9x12 [bgcolor=#025E5E] [r=27 c=87 rs=1 cs=1]
              RenderInline {FONT} at (0,0) size 3x12
                RenderText {#text} at (0,0) size 3x12
                  text run at (0,0) width 3: " "
            RenderTableCell {TD} at (690,324) size 9x12 [bgcolor=#025E5E] [r=27 c=88 rs=1 cs=1]
              RenderInline {FONT} at (0,0) size 3x12
                RenderText {#text} at (0,0) size 3x12
                  text run at (0,0) width 3: " "
            RenderTableCell {TD} at (698,324) size 8x12 [bgcolor=#025E5E] [r=27 c=89 rs=1 cs=1]
              RenderInline {FONT} at (0,0) size 3x12
                RenderText {#text} at (0,0) size 3x12
                  text run at (0,0) width 3: " "
            RenderTableCell {TD} at (705,324) size 9x12 [bgcolor=#044F4F] [r=27 c=90 rs=1 cs=1]
              RenderInline {FONT} at (0,0) size 3x12
                RenderText {#text} at (0,0) size 3x12
                  text run at (0,0) width 3: " "
            RenderTableCell {TD} at (713,324) size 9x12 [bgcolor=#044140] [r=27 c=91 rs=1 cs=1]
              RenderInline {FONT} at (0,0) size 3x12
                RenderText {#text} at (0,0) size 3x12
                  text run at (0,0) width 3: " "
            RenderTableCell {TD} at (721,324) size 9x12 [bgcolor=#072323] [r=27 c=92 rs=1 cs=1]
              RenderInline {FONT} at (0,0) size 3x12
                RenderText {#text} at (0,0) size 3x12
                  text run at (0,0) width 3: " "
            RenderTableCell {TD} at (729,324) size 9x12 [bgcolor=#4D4F4F] [r=27 c=93 rs=1 cs=1]
              RenderInline {FONT} at (0,0) size 3x12
                RenderText {#text} at (0,0) size 3x12
                  text run at (0,0) width 3: " "
            RenderTableCell {TD} at (737,324) size 9x12 [bgcolor=#848788] [r=27 c=94 rs=1 cs=1]
              RenderInline {FONT} at (0,0) size 3x12
                RenderText {#text} at (0,0) size 3x12
                  text run at (0,0) width 3: " "
            RenderTableCell {TD} at (745,324) size 8x12 [bgcolor=#BEC2C2] [r=27 c=95 rs=1 cs=1]
              RenderInline {FONT} at (0,0) size 3x12
                RenderText {#text} at (0,0) size 3x12
                  text run at (0,0) width 3: " "
            RenderTableCell {TD} at (753,324) size 8x12 [bgcolor=#EDEEEF] [r=27 c=96 rs=1 cs=1]
              RenderInline {FONT} at (0,0) size 3x12
                RenderText {#text} at (0,0) size 3x12
                  text run at (0,0) width 3: " "
            RenderTableCell {TD} at (760,324) size 9x12 [bgcolor=#FDFDFB] [r=27 c=97 rs=1 cs=1]
              RenderInline {FONT} at (0,0) size 3x12
                RenderText {#text} at (0,0) size 3x12
                  text run at (0,0) width 3: " "
            RenderTableCell {TD} at (768,324) size 9x12 [bgcolor=#FDFDFB] [r=27 c=98 rs=1 cs=1]
              RenderInline {FONT} at (0,0) size 3x12
                RenderText {#text} at (0,0) size 3x12
                  text run at (0,0) width 3: " "
            RenderTableCell {TD} at (776,324) size 9x12 [bgcolor=#FDFDFB] [r=27 c=99 rs=1 cs=1]
              RenderInline {FONT} at (0,0) size 3x12
                RenderText {#text} at (0,0) size 3x12
                  text run at (0,0) width 3: " "
          RenderTableRow {TR} at (0,336) size 784x12
            RenderTableCell {TD} at (0,336) size 8x12 [bgcolor=#FDFDFB] [r=28 c=0 rs=1 cs=1]
              RenderInline {FONT} at (0,0) size 3x12
                RenderText {#text} at (0,0) size 3x12
                  text run at (0,0) width 3: " "
            RenderTableCell {TD} at (7,336) size 9x12 [bgcolor=#FDFDFB] [r=28 c=1 rs=1 cs=1]
              RenderInline {FONT} at (0,0) size 3x12
                RenderText {#text} at (0,0) size 3x12
                  text run at (0,0) width 3: " "
            RenderTableCell {TD} at (15,336) size 9x12 [bgcolor=#FDFDFB] [r=28 c=2 rs=1 cs=1]
              RenderInline {FONT} at (0,0) size 3x12
                RenderText {#text} at (0,0) size 3x12
                  text run at (0,0) width 3: " "
            RenderTableCell {TD} at (23,336) size 9x12 [bgcolor=#FDFDFB] [r=28 c=3 rs=1 cs=1]
              RenderInline {FONT} at (0,0) size 3x12
                RenderText {#text} at (0,0) size 3x12
                  text run at (0,0) width 3: " "
            RenderTableCell {TD} at (31,336) size 9x12 [bgcolor=#FDFDFB] [r=28 c=4 rs=1 cs=1]
              RenderInline {FONT} at (0,0) size 3x12
                RenderText {#text} at (0,0) size 3x12
                  text run at (0,0) width 3: " "
            RenderTableCell {TD} at (39,336) size 9x12 [bgcolor=#FDFDFB] [r=28 c=5 rs=1 cs=1]
              RenderInline {FONT} at (0,0) size 3x12
                RenderText {#text} at (0,0) size 3x12
                  text run at (0,0) width 3: " "
            RenderTableCell {TD} at (47,336) size 8x12 [bgcolor=#FDFDFB] [r=28 c=6 rs=1 cs=1]
              RenderInline {FONT} at (0,0) size 3x12
                RenderText {#text} at (0,0) size 3x12
                  text run at (0,0) width 3: " "
            RenderTableCell {TD} at (54,336) size 9x12 [bgcolor=#FDFDFB] [r=28 c=7 rs=1 cs=1]
              RenderInline {FONT} at (0,0) size 3x12
                RenderText {#text} at (0,0) size 3x12
                  text run at (0,0) width 3: " "
            RenderTableCell {TD} at (62,336) size 9x12 [bgcolor=#FDFDFB] [r=28 c=8 rs=1 cs=1]
              RenderInline {FONT} at (0,0) size 3x12
                RenderText {#text} at (0,0) size 3x12
                  text run at (0,0) width 3: " "
            RenderTableCell {TD} at (70,336) size 9x12 [bgcolor=#FDFDFB] [r=28 c=9 rs=1 cs=1]
              RenderInline {FONT} at (0,0) size 3x12
                RenderText {#text} at (0,0) size 3x12
                  text run at (0,0) width 3: " "
            RenderTableCell {TD} at (78,336) size 9x12 [bgcolor=#FDFDFB] [r=28 c=10 rs=1 cs=1]
              RenderInline {FONT} at (0,0) size 3x12
                RenderText {#text} at (0,0) size 3x12
                  text run at (0,0) width 3: " "
            RenderTableCell {TD} at (86,336) size 9x12 [bgcolor=#FDFDFB] [r=28 c=11 rs=1 cs=1]
              RenderInline {FONT} at (0,0) size 3x12
                RenderText {#text} at (0,0) size 3x12
                  text run at (0,0) width 3: " "
            RenderTableCell {TD} at (94,336) size 8x12 [bgcolor=#FDFDFB] [r=28 c=12 rs=1 cs=1]
              RenderInline {FONT} at (0,0) size 3x12
                RenderText {#text} at (0,0) size 3x12
                  text run at (0,0) width 3: " "
            RenderTableCell {TD} at (101,336) size 9x12 [bgcolor=#FDFDFB] [r=28 c=13 rs=1 cs=1]
              RenderInline {FONT} at (0,0) size 3x12
                RenderText {#text} at (0,0) size 3x12
                  text run at (0,0) width 3: " "
            RenderTableCell {TD} at (109,336) size 9x12 [bgcolor=#FDFDFB] [r=28 c=14 rs=1 cs=1]
              RenderInline {FONT} at (0,0) size 3x12
                RenderText {#text} at (0,0) size 3x12
                  text run at (0,0) width 3: " "
            RenderTableCell {TD} at (117,336) size 9x12 [bgcolor=#FDFDFB] [r=28 c=15 rs=1 cs=1]
              RenderInline {FONT} at (0,0) size 3x12
                RenderText {#text} at (0,0) size 3x12
                  text run at (0,0) width 3: " "
            RenderTableCell {TD} at (125,336) size 9x12 [bgcolor=#FDFDFB] [r=28 c=16 rs=1 cs=1]
              RenderInline {FONT} at (0,0) size 3x12
                RenderText {#text} at (0,0) size 3x12
                  text run at (0,0) width 3: " "
            RenderTableCell {TD} at (133,336) size 9x12 [bgcolor=#FDFDFB] [r=28 c=17 rs=1 cs=1]
              RenderInline {FONT} at (0,0) size 3x12
                RenderText {#text} at (0,0) size 3x12
                  text run at (0,0) width 3: " "
            RenderTableCell {TD} at (141,336) size 9x12 [bgcolor=#FDFDFB] [r=28 c=18 rs=1 cs=1]
              RenderInline {FONT} at (0,0) size 3x12
                RenderText {#text} at (0,0) size 3x12
                  text run at (0,0) width 3: " "
            RenderTableCell {TD} at (149,336) size 8x12 [bgcolor=#FDFDFB] [r=28 c=19 rs=1 cs=1]
              RenderInline {FONT} at (0,0) size 3x12
                RenderText {#text} at (0,0) size 3x12
                  text run at (0,0) width 3: " "
            RenderTableCell {TD} at (156,336) size 9x12 [bgcolor=#FDFDFB] [r=28 c=20 rs=1 cs=1]
              RenderInline {FONT} at (0,0) size 3x12
                RenderText {#text} at (0,0) size 3x12
                  text run at (0,0) width 3: " "
            RenderTableCell {TD} at (164,336) size 9x12 [bgcolor=#FDFDFB] [r=28 c=21 rs=1 cs=1]
              RenderInline {FONT} at (0,0) size 3x12
                RenderText {#text} at (0,0) size 3x12
                  text run at (0,0) width 3: " "
            RenderTableCell {TD} at (172,336) size 9x12 [bgcolor=#FDFDFB] [r=28 c=22 rs=1 cs=1]
              RenderInline {FONT} at (0,0) size 3x12
                RenderText {#text} at (0,0) size 3x12
                  text run at (0,0) width 3: " "
            RenderTableCell {TD} at (180,336) size 9x12 [bgcolor=#FDFDFB] [r=28 c=23 rs=1 cs=1]
              RenderInline {FONT} at (0,0) size 3x12
                RenderText {#text} at (0,0) size 3x12
                  text run at (0,0) width 3: " "
            RenderTableCell {TD} at (188,336) size 9x12 [bgcolor=#FDFDFB] [r=28 c=24 rs=1 cs=1]
              RenderInline {FONT} at (0,0) size 3x12
                RenderText {#text} at (0,0) size 3x12
                  text run at (0,0) width 3: " "
            RenderTableCell {TD} at (196,336) size 8x12 [bgcolor=#FDFDFB] [r=28 c=25 rs=1 cs=1]
              RenderInline {FONT} at (0,0) size 3x12
                RenderText {#text} at (0,0) size 3x12
                  text run at (0,0) width 3: " "
            RenderTableCell {TD} at (203,336) size 9x12 [bgcolor=#FDFDFB] [r=28 c=26 rs=1 cs=1]
              RenderInline {FONT} at (0,0) size 3x12
                RenderText {#text} at (0,0) size 3x12
                  text run at (0,0) width 3: " "
            RenderTableCell {TD} at (211,336) size 9x12 [bgcolor=#FDFDFB] [r=28 c=27 rs=1 cs=1]
              RenderInline {FONT} at (0,0) size 3x12
                RenderText {#text} at (0,0) size 3x12
                  text run at (0,0) width 3: " "
            RenderTableCell {TD} at (219,336) size 9x12 [bgcolor=#FDFDFB] [r=28 c=28 rs=1 cs=1]
              RenderInline {FONT} at (0,0) size 3x12
                RenderText {#text} at (0,0) size 3x12
                  text run at (0,0) width 3: " "
            RenderTableCell {TD} at (227,336) size 9x12 [bgcolor=#FDFDFB] [r=28 c=29 rs=1 cs=1]
              RenderInline {FONT} at (0,0) size 3x12
                RenderText {#text} at (0,0) size 3x12
                  text run at (0,0) width 3: " "
            RenderTableCell {TD} at (235,336) size 9x12 [bgcolor=#FDFDFB] [r=28 c=30 rs=1 cs=1]
              RenderInline {FONT} at (0,0) size 3x12
                RenderText {#text} at (0,0) size 3x12
                  text run at (0,0) width 3: " "
            RenderTableCell {TD} at (243,336) size 8x12 [bgcolor=#FDFDFB] [r=28 c=31 rs=1 cs=1]
              RenderInline {FONT} at (0,0) size 3x12
                RenderText {#text} at (0,0) size 3x12
                  text run at (0,0) width 3: " "
            RenderTableCell {TD} at (251,336) size 8x12 [bgcolor=#FDFDFB] [r=28 c=32 rs=1 cs=1]
              RenderInline {FONT} at (0,0) size 3x12
                RenderText {#text} at (0,0) size 3x12
                  text run at (0,0) width 3: " "
            RenderTableCell {TD} at (258,336) size 9x12 [bgcolor=#FDFDFB] [r=28 c=33 rs=1 cs=1]
              RenderInline {FONT} at (0,0) size 3x12
                RenderText {#text} at (0,0) size 3x12
                  text run at (0,0) width 3: " "
            RenderTableCell {TD} at (266,336) size 9x12 [bgcolor=#FDFDFB] [r=28 c=34 rs=1 cs=1]
              RenderInline {FONT} at (0,0) size 3x12
                RenderText {#text} at (0,0) size 3x12
                  text run at (0,0) width 3: " "
            RenderTableCell {TD} at (274,336) size 9x12 [bgcolor=#FDFDFB] [r=28 c=35 rs=1 cs=1]
              RenderInline {FONT} at (0,0) size 3x12
                RenderText {#text} at (0,0) size 3x12
                  text run at (0,0) width 3: " "
            RenderTableCell {TD} at (282,336) size 9x12 [bgcolor=#FDFDFB] [r=28 c=36 rs=1 cs=1]
              RenderInline {FONT} at (0,0) size 3x12
                RenderText {#text} at (0,0) size 3x12
                  text run at (0,0) width 3: " "
            RenderTableCell {TD} at (290,336) size 9x12 [bgcolor=#FDFDFB] [r=28 c=37 rs=1 cs=1]
              RenderInline {FONT} at (0,0) size 3x12
                RenderText {#text} at (0,0) size 3x12
                  text run at (0,0) width 3: " "
            RenderTableCell {TD} at (298,336) size 8x12 [bgcolor=#FDFDFB] [r=28 c=38 rs=1 cs=1]
              RenderInline {FONT} at (0,0) size 3x12
                RenderText {#text} at (0,0) size 3x12
                  text run at (0,0) width 3: " "
            RenderTableCell {TD} at (305,336) size 9x12 [bgcolor=#FDFDFB] [r=28 c=39 rs=1 cs=1]
              RenderInline {FONT} at (0,0) size 3x12
                RenderText {#text} at (0,0) size 3x12
                  text run at (0,0) width 3: " "
            RenderTableCell {TD} at (313,336) size 9x12 [bgcolor=#FDFDFB] [r=28 c=40 rs=1 cs=1]
              RenderInline {FONT} at (0,0) size 3x12
                RenderText {#text} at (0,0) size 3x12
                  text run at (0,0) width 3: " "
            RenderTableCell {TD} at (321,336) size 9x12 [bgcolor=#FDFDFB] [r=28 c=41 rs=1 cs=1]
              RenderInline {FONT} at (0,0) size 3x12
                RenderText {#text} at (0,0) size 3x12
                  text run at (0,0) width 3: " "
            RenderTableCell {TD} at (329,336) size 9x12 [bgcolor=#FDFDFB] [r=28 c=42 rs=1 cs=1]
              RenderInline {FONT} at (0,0) size 3x12
                RenderText {#text} at (0,0) size 3x12
                  text run at (0,0) width 3: " "
            RenderTableCell {TD} at (337,336) size 9x12 [bgcolor=#FDFDFB] [r=28 c=43 rs=1 cs=1]
              RenderInline {FONT} at (0,0) size 3x12
                RenderText {#text} at (0,0) size 3x12
                  text run at (0,0) width 3: " "
            RenderTableCell {TD} at (345,336) size 8x12 [bgcolor=#FDFDFB] [r=28 c=44 rs=1 cs=1]
              RenderInline {FONT} at (0,0) size 3x12
                RenderText {#text} at (0,0) size 3x12
                  text run at (0,0) width 3: " "
            RenderTableCell {TD} at (352,336) size 9x12 [bgcolor=#FDFDFB] [r=28 c=45 rs=1 cs=1]
              RenderInline {FONT} at (0,0) size 3x12
                RenderText {#text} at (0,0) size 3x12
                  text run at (0,0) width 3: " "
            RenderTableCell {TD} at (360,336) size 9x12 [bgcolor=#FDFDFB] [r=28 c=46 rs=1 cs=1]
              RenderInline {FONT} at (0,0) size 3x12
                RenderText {#text} at (0,0) size 3x12
                  text run at (0,0) width 3: " "
            RenderTableCell {TD} at (368,336) size 9x12 [bgcolor=#FDFDFB] [r=28 c=47 rs=1 cs=1]
              RenderInline {FONT} at (0,0) size 3x12
                RenderText {#text} at (0,0) size 3x12
                  text run at (0,0) width 3: " "
            RenderTableCell {TD} at (376,336) size 9x12 [bgcolor=#FDFDFB] [r=28 c=48 rs=1 cs=1]
              RenderInline {FONT} at (0,0) size 3x12
                RenderText {#text} at (0,0) size 3x12
                  text run at (0,0) width 3: " "
            RenderTableCell {TD} at (384,336) size 9x12 [bgcolor=#FDFDFB] [r=28 c=49 rs=1 cs=1]
              RenderInline {FONT} at (0,0) size 3x12
                RenderText {#text} at (0,0) size 3x12
                  text run at (0,0) width 3: " "
            RenderTableCell {TD} at (392,336) size 9x12 [bgcolor=#FDFDFB] [r=28 c=50 rs=1 cs=1]
              RenderInline {FONT} at (0,0) size 3x12
                RenderText {#text} at (0,0) size 3x12
                  text run at (0,0) width 3: " "
            RenderTableCell {TD} at (400,336) size 8x12 [bgcolor=#FDFDFB] [r=28 c=51 rs=1 cs=1]
              RenderInline {FONT} at (0,0) size 3x12
                RenderText {#text} at (0,0) size 3x12
                  text run at (0,0) width 3: " "
            RenderTableCell {TD} at (407,336) size 9x12 [bgcolor=#FDFDFB] [r=28 c=52 rs=1 cs=1]
              RenderInline {FONT} at (0,0) size 3x12
                RenderText {#text} at (0,0) size 3x12
                  text run at (0,0) width 3: " "
            RenderTableCell {TD} at (415,336) size 9x12 [bgcolor=#FDFDFB] [r=28 c=53 rs=1 cs=1]
              RenderInline {FONT} at (0,0) size 3x12
                RenderText {#text} at (0,0) size 3x12
                  text run at (0,0) width 3: " "
            RenderTableCell {TD} at (423,336) size 9x12 [bgcolor=#FDFDFB] [r=28 c=54 rs=1 cs=1]
              RenderInline {FONT} at (0,0) size 3x12
                RenderText {#text} at (0,0) size 3x12
                  text run at (0,0) width 3: " "
            RenderTableCell {TD} at (431,336) size 9x12 [bgcolor=#FDFDFB] [r=28 c=55 rs=1 cs=1]
              RenderInline {FONT} at (0,0) size 3x12
                RenderText {#text} at (0,0) size 3x12
                  text run at (0,0) width 3: " "
            RenderTableCell {TD} at (439,336) size 9x12 [bgcolor=#FDFDFB] [r=28 c=56 rs=1 cs=1]
              RenderInline {FONT} at (0,0) size 3x12
                RenderText {#text} at (0,0) size 3x12
                  text run at (0,0) width 3: " "
            RenderTableCell {TD} at (447,336) size 8x12 [bgcolor=#FDFDFB] [r=28 c=57 rs=1 cs=1]
              RenderInline {FONT} at (0,0) size 3x12
                RenderText {#text} at (0,0) size 3x12
                  text run at (0,0) width 3: " "
            RenderTableCell {TD} at (454,336) size 9x12 [bgcolor=#FDFDFB] [r=28 c=58 rs=1 cs=1]
              RenderInline {FONT} at (0,0) size 3x12
                RenderText {#text} at (0,0) size 3x12
                  text run at (0,0) width 3: " "
            RenderTableCell {TD} at (462,336) size 9x12 [bgcolor=#FDFDFB] [r=28 c=59 rs=1 cs=1]
              RenderInline {FONT} at (0,0) size 3x12
                RenderText {#text} at (0,0) size 3x12
                  text run at (0,0) width 3: " "
            RenderTableCell {TD} at (470,336) size 9x12 [bgcolor=#FDFDFB] [r=28 c=60 rs=1 cs=1]
              RenderInline {FONT} at (0,0) size 3x12
                RenderText {#text} at (0,0) size 3x12
                  text run at (0,0) width 3: " "
            RenderTableCell {TD} at (478,336) size 9x12 [bgcolor=#FDFDFB] [r=28 c=61 rs=1 cs=1]
              RenderInline {FONT} at (0,0) size 3x12
                RenderText {#text} at (0,0) size 3x12
                  text run at (0,0) width 3: " "
            RenderTableCell {TD} at (486,336) size 9x12 [bgcolor=#FDFDFB] [r=28 c=62 rs=1 cs=1]
              RenderInline {FONT} at (0,0) size 3x12
                RenderText {#text} at (0,0) size 3x12
                  text run at (0,0) width 3: " "
            RenderTableCell {TD} at (494,336) size 8x12 [bgcolor=#FDFDFB] [r=28 c=63 rs=1 cs=1]
              RenderInline {FONT} at (0,0) size 3x12
                RenderText {#text} at (0,0) size 3x12
                  text run at (0,0) width 3: " "
            RenderTableCell {TD} at (502,336) size 8x12 [bgcolor=#FDFDFB] [r=28 c=64 rs=1 cs=1]
              RenderInline {FONT} at (0,0) size 3x12
                RenderText {#text} at (0,0) size 3x12
                  text run at (0,0) width 3: " "
            RenderTableCell {TD} at (509,336) size 9x12 [bgcolor=#97C1C0] [r=28 c=65 rs=1 cs=1]
              RenderInline {FONT} at (0,0) size 3x12
                RenderText {#text} at (0,0) size 3x12
                  text run at (0,0) width 3: " "
            RenderTableCell {TD} at (517,336) size 9x12 [bgcolor=#048485] [r=28 c=66 rs=1 cs=1]
              RenderInline {FONT} at (0,0) size 3x12
                RenderText {#text} at (0,0) size 3x12
                  text run at (0,0) width 3: " "
            RenderTableCell {TD} at (525,336) size 9x12 [bgcolor=#027777] [r=28 c=67 rs=1 cs=1]
              RenderInline {FONT} at (0,0) size 3x12
                RenderText {#text} at (0,0) size 3x12
                  text run at (0,0) width 3: " "
            RenderTableCell {TD} at (533,336) size 9x12 [bgcolor=#027777] [r=28 c=68 rs=1 cs=1]
              RenderInline {FONT} at (0,0) size 3x12
                RenderText {#text} at (0,0) size 3x12
                  text run at (0,0) width 3: " "
            RenderTableCell {TD} at (541,336) size 9x12 [bgcolor=#027777] [r=28 c=69 rs=1 cs=1]
              RenderInline {FONT} at (0,0) size 3x12
                RenderText {#text} at (0,0) size 3x12
                  text run at (0,0) width 3: " "
            RenderTableCell {TD} at (549,336) size 8x12 [bgcolor=#027777] [r=28 c=70 rs=1 cs=1]
              RenderInline {FONT} at (0,0) size 3x12
                RenderText {#text} at (0,0) size 3x12
                  text run at (0,0) width 3: " "
            RenderTableCell {TD} at (556,336) size 9x12 [bgcolor=#027777] [r=28 c=71 rs=1 cs=1]
              RenderInline {FONT} at (0,0) size 3x12
                RenderText {#text} at (0,0) size 3x12
                  text run at (0,0) width 3: " "
            RenderTableCell {TD} at (564,336) size 9x12 [bgcolor=#027777] [r=28 c=72 rs=1 cs=1]
              RenderInline {FONT} at (0,0) size 3x12
                RenderText {#text} at (0,0) size 3x12
                  text run at (0,0) width 3: " "
            RenderTableCell {TD} at (572,336) size 9x12 [bgcolor=#027777] [r=28 c=73 rs=1 cs=1]
              RenderInline {FONT} at (0,0) size 3x12
                RenderText {#text} at (0,0) size 3x12
                  text run at (0,0) width 3: " "
            RenderTableCell {TD} at (580,336) size 9x12 [bgcolor=#048485] [r=28 c=74 rs=1 cs=1]
              RenderInline {FONT} at (0,0) size 3x12
                RenderText {#text} at (0,0) size 3x12
                  text run at (0,0) width 3: " "
            RenderTableCell {TD} at (588,336) size 9x12 [bgcolor=#048485] [r=28 c=75 rs=1 cs=1]
              RenderInline {FONT} at (0,0) size 3x12
                RenderText {#text} at (0,0) size 3x12
                  text run at (0,0) width 3: " "
            RenderTableCell {TD} at (596,336) size 8x12 [bgcolor=#048485] [r=28 c=76 rs=1 cs=1]
              RenderInline {FONT} at (0,0) size 3x12
                RenderText {#text} at (0,0) size 3x12
                  text run at (0,0) width 3: " "
            RenderTableCell {TD} at (603,336) size 9x12 [bgcolor=#027777] [r=28 c=77 rs=1 cs=1]
              RenderInline {FONT} at (0,0) size 3x12
                RenderText {#text} at (0,0) size 3x12
                  text run at (0,0) width 3: " "
            RenderTableCell {TD} at (611,336) size 9x12 [bgcolor=#026766] [r=28 c=78 rs=1 cs=1]
              RenderInline {FONT} at (0,0) size 3x12
                RenderText {#text} at (0,0) size 3x12
                  text run at (0,0) width 3: " "
            RenderTableCell {TD} at (619,336) size 9x12 [bgcolor=#026766] [r=28 c=79 rs=1 cs=1]
              RenderInline {FONT} at (0,0) size 3x12
                RenderText {#text} at (0,0) size 3x12
                  text run at (0,0) width 3: " "
            RenderTableCell {TD} at (627,336) size 9x12 [bgcolor=#026766] [r=28 c=80 rs=1 cs=1]
              RenderInline {FONT} at (0,0) size 3x12
                RenderText {#text} at (0,0) size 3x12
                  text run at (0,0) width 3: " "
            RenderTableCell {TD} at (635,336) size 9x12 [bgcolor=#025E5E] [r=28 c=81 rs=1 cs=1]
              RenderInline {FONT} at (0,0) size 3x12
                RenderText {#text} at (0,0) size 3x12
                  text run at (0,0) width 3: " "
            RenderTableCell {TD} at (643,336) size 9x12 [bgcolor=#025E5E] [r=28 c=82 rs=1 cs=1]
              RenderInline {FONT} at (0,0) size 3x12
                RenderText {#text} at (0,0) size 3x12
                  text run at (0,0) width 3: " "
            RenderTableCell {TD} at (651,336) size 8x12 [bgcolor=#025E5E] [r=28 c=83 rs=1 cs=1]
              RenderInline {FONT} at (0,0) size 3x12
                RenderText {#text} at (0,0) size 3x12
                  text run at (0,0) width 3: " "
            RenderTableCell {TD} at (658,336) size 9x12 [bgcolor=#025E5E] [r=28 c=84 rs=1 cs=1]
              RenderInline {FONT} at (0,0) size 3x12
                RenderText {#text} at (0,0) size 3x12
                  text run at (0,0) width 3: " "
            RenderTableCell {TD} at (666,336) size 9x12 [bgcolor=#025E5E] [r=28 c=85 rs=1 cs=1]
              RenderInline {FONT} at (0,0) size 3x12
                RenderText {#text} at (0,0) size 3x12
                  text run at (0,0) width 3: " "
            RenderTableCell {TD} at (674,336) size 9x12 [bgcolor=#025E5E] [r=28 c=86 rs=1 cs=1]
              RenderInline {FONT} at (0,0) size 3x12
                RenderText {#text} at (0,0) size 3x12
                  text run at (0,0) width 3: " "
            RenderTableCell {TD} at (682,336) size 9x12 [bgcolor=#025E5E] [r=28 c=87 rs=1 cs=1]
              RenderInline {FONT} at (0,0) size 3x12
                RenderText {#text} at (0,0) size 3x12
                  text run at (0,0) width 3: " "
            RenderTableCell {TD} at (690,336) size 9x12 [bgcolor=#044F4F] [r=28 c=88 rs=1 cs=1]
              RenderInline {FONT} at (0,0) size 3x12
                RenderText {#text} at (0,0) size 3x12
                  text run at (0,0) width 3: " "
            RenderTableCell {TD} at (698,336) size 8x12 [bgcolor=#044140] [r=28 c=89 rs=1 cs=1]
              RenderInline {FONT} at (0,0) size 3x12
                RenderText {#text} at (0,0) size 3x12
                  text run at (0,0) width 3: " "
            RenderTableCell {TD} at (705,336) size 9x12 [bgcolor=#083131] [r=28 c=90 rs=1 cs=1]
              RenderInline {FONT} at (0,0) size 3x12
                RenderText {#text} at (0,0) size 3x12
                  text run at (0,0) width 3: " "
            RenderTableCell {TD} at (713,336) size 9x12 [bgcolor=#072323] [r=28 c=91 rs=1 cs=1]
              RenderInline {FONT} at (0,0) size 3x12
                RenderText {#text} at (0,0) size 3x12
                  text run at (0,0) width 3: " "
            RenderTableCell {TD} at (721,336) size 9x12 [bgcolor=#4D4F4F] [r=28 c=92 rs=1 cs=1]
              RenderInline {FONT} at (0,0) size 3x12
                RenderText {#text} at (0,0) size 3x12
                  text run at (0,0) width 3: " "
            RenderTableCell {TD} at (729,336) size 9x12 [bgcolor=#777878] [r=28 c=93 rs=1 cs=1]
              RenderInline {FONT} at (0,0) size 3x12
                RenderText {#text} at (0,0) size 3x12
                  text run at (0,0) width 3: " "
            RenderTableCell {TD} at (737,336) size 9x12 [bgcolor=#A5A6A6] [r=28 c=94 rs=1 cs=1]
              RenderInline {FONT} at (0,0) size 3x12
                RenderText {#text} at (0,0) size 3x12
                  text run at (0,0) width 3: " "
            RenderTableCell {TD} at (745,336) size 8x12 [bgcolor=#DEDFDF] [r=28 c=95 rs=1 cs=1]
              RenderInline {FONT} at (0,0) size 3x12
                RenderText {#text} at (0,0) size 3x12
                  text run at (0,0) width 3: " "
            RenderTableCell {TD} at (753,336) size 8x12 [bgcolor=#EDEEEF] [r=28 c=96 rs=1 cs=1]
              RenderInline {FONT} at (0,0) size 3x12
                RenderText {#text} at (0,0) size 3x12
                  text run at (0,0) width 3: " "
            RenderTableCell {TD} at (760,336) size 9x12 [bgcolor=#FDFDFB] [r=28 c=97 rs=1 cs=1]
              RenderInline {FONT} at (0,0) size 3x12
                RenderText {#text} at (0,0) size 3x12
                  text run at (0,0) width 3: " "
            RenderTableCell {TD} at (768,336) size 9x12 [bgcolor=#FDFDFB] [r=28 c=98 rs=1 cs=1]
              RenderInline {FONT} at (0,0) size 3x12
                RenderText {#text} at (0,0) size 3x12
                  text run at (0,0) width 3: " "
            RenderTableCell {TD} at (776,336) size 9x12 [bgcolor=#FDFDFB] [r=28 c=99 rs=1 cs=1]
              RenderInline {FONT} at (0,0) size 3x12
                RenderText {#text} at (0,0) size 3x12
                  text run at (0,0) width 3: " "
          RenderTableRow {TR} at (0,348) size 784x12
            RenderTableCell {TD} at (0,348) size 8x12 [bgcolor=#FDFDFB] [r=29 c=0 rs=1 cs=1]
              RenderInline {FONT} at (0,0) size 3x12
                RenderText {#text} at (0,0) size 3x12
                  text run at (0,0) width 3: " "
            RenderTableCell {TD} at (7,348) size 9x12 [bgcolor=#FDFDFB] [r=29 c=1 rs=1 cs=1]
              RenderInline {FONT} at (0,0) size 3x12
                RenderText {#text} at (0,0) size 3x12
                  text run at (0,0) width 3: " "
            RenderTableCell {TD} at (15,348) size 9x12 [bgcolor=#FDFDFB] [r=29 c=2 rs=1 cs=1]
              RenderInline {FONT} at (0,0) size 3x12
                RenderText {#text} at (0,0) size 3x12
                  text run at (0,0) width 3: " "
            RenderTableCell {TD} at (23,348) size 9x12 [bgcolor=#FDFDFB] [r=29 c=3 rs=1 cs=1]
              RenderInline {FONT} at (0,0) size 3x12
                RenderText {#text} at (0,0) size 3x12
                  text run at (0,0) width 3: " "
            RenderTableCell {TD} at (31,348) size 9x12 [bgcolor=#FDFDFB] [r=29 c=4 rs=1 cs=1]
              RenderInline {FONT} at (0,0) size 3x12
                RenderText {#text} at (0,0) size 3x12
                  text run at (0,0) width 3: " "
            RenderTableCell {TD} at (39,348) size 9x12 [bgcolor=#FDFDFB] [r=29 c=5 rs=1 cs=1]
              RenderInline {FONT} at (0,0) size 3x12
                RenderText {#text} at (0,0) size 3x12
                  text run at (0,0) width 3: " "
            RenderTableCell {TD} at (47,348) size 8x12 [bgcolor=#FDFDFB] [r=29 c=6 rs=1 cs=1]
              RenderInline {FONT} at (0,0) size 3x12
                RenderText {#text} at (0,0) size 3x12
                  text run at (0,0) width 3: " "
            RenderTableCell {TD} at (54,348) size 9x12 [bgcolor=#FDFDFB] [r=29 c=7 rs=1 cs=1]
              RenderInline {FONT} at (0,0) size 3x12
                RenderText {#text} at (0,0) size 3x12
                  text run at (0,0) width 3: " "
            RenderTableCell {TD} at (62,348) size 9x12 [bgcolor=#FDFDFB] [r=29 c=8 rs=1 cs=1]
              RenderInline {FONT} at (0,0) size 3x12
                RenderText {#text} at (0,0) size 3x12
                  text run at (0,0) width 3: " "
            RenderTableCell {TD} at (70,348) size 9x12 [bgcolor=#FDFDFB] [r=29 c=9 rs=1 cs=1]
              RenderInline {FONT} at (0,0) size 3x12
                RenderText {#text} at (0,0) size 3x12
                  text run at (0,0) width 3: " "
            RenderTableCell {TD} at (78,348) size 9x12 [bgcolor=#FDFDFB] [r=29 c=10 rs=1 cs=1]
              RenderInline {FONT} at (0,0) size 3x12
                RenderText {#text} at (0,0) size 3x12
                  text run at (0,0) width 3: " "
            RenderTableCell {TD} at (86,348) size 9x12 [bgcolor=#FDFDFB] [r=29 c=11 rs=1 cs=1]
              RenderInline {FONT} at (0,0) size 3x12
                RenderText {#text} at (0,0) size 3x12
                  text run at (0,0) width 3: " "
            RenderTableCell {TD} at (94,348) size 8x12 [bgcolor=#FDFDFB] [r=29 c=12 rs=1 cs=1]
              RenderInline {FONT} at (0,0) size 3x12
                RenderText {#text} at (0,0) size 3x12
                  text run at (0,0) width 3: " "
            RenderTableCell {TD} at (101,348) size 9x12 [bgcolor=#FDFDFB] [r=29 c=13 rs=1 cs=1]
              RenderInline {FONT} at (0,0) size 3x12
                RenderText {#text} at (0,0) size 3x12
                  text run at (0,0) width 3: " "
            RenderTableCell {TD} at (109,348) size 9x12 [bgcolor=#FDFDFB] [r=29 c=14 rs=1 cs=1]
              RenderInline {FONT} at (0,0) size 3x12
                RenderText {#text} at (0,0) size 3x12
                  text run at (0,0) width 3: " "
            RenderTableCell {TD} at (117,348) size 9x12 [bgcolor=#FDFDFB] [r=29 c=15 rs=1 cs=1]
              RenderInline {FONT} at (0,0) size 3x12
                RenderText {#text} at (0,0) size 3x12
                  text run at (0,0) width 3: " "
            RenderTableCell {TD} at (125,348) size 9x12 [bgcolor=#FDFDFB] [r=29 c=16 rs=1 cs=1]
              RenderInline {FONT} at (0,0) size 3x12
                RenderText {#text} at (0,0) size 3x12
                  text run at (0,0) width 3: " "
            RenderTableCell {TD} at (133,348) size 9x12 [bgcolor=#FDFDFB] [r=29 c=17 rs=1 cs=1]
              RenderInline {FONT} at (0,0) size 3x12
                RenderText {#text} at (0,0) size 3x12
                  text run at (0,0) width 3: " "
            RenderTableCell {TD} at (141,348) size 9x12 [bgcolor=#FDFDFB] [r=29 c=18 rs=1 cs=1]
              RenderInline {FONT} at (0,0) size 3x12
                RenderText {#text} at (0,0) size 3x12
                  text run at (0,0) width 3: " "
            RenderTableCell {TD} at (149,348) size 8x12 [bgcolor=#FDFDFB] [r=29 c=19 rs=1 cs=1]
              RenderInline {FONT} at (0,0) size 3x12
                RenderText {#text} at (0,0) size 3x12
                  text run at (0,0) width 3: " "
            RenderTableCell {TD} at (156,348) size 9x12 [bgcolor=#FDFDFB] [r=29 c=20 rs=1 cs=1]
              RenderInline {FONT} at (0,0) size 3x12
                RenderText {#text} at (0,0) size 3x12
                  text run at (0,0) width 3: " "
            RenderTableCell {TD} at (164,348) size 9x12 [bgcolor=#FDFDFB] [r=29 c=21 rs=1 cs=1]
              RenderInline {FONT} at (0,0) size 3x12
                RenderText {#text} at (0,0) size 3x12
                  text run at (0,0) width 3: " "
            RenderTableCell {TD} at (172,348) size 9x12 [bgcolor=#FDFDFB] [r=29 c=22 rs=1 cs=1]
              RenderInline {FONT} at (0,0) size 3x12
                RenderText {#text} at (0,0) size 3x12
                  text run at (0,0) width 3: " "
            RenderTableCell {TD} at (180,348) size 9x12 [bgcolor=#FDFDFB] [r=29 c=23 rs=1 cs=1]
              RenderInline {FONT} at (0,0) size 3x12
                RenderText {#text} at (0,0) size 3x12
                  text run at (0,0) width 3: " "
            RenderTableCell {TD} at (188,348) size 9x12 [bgcolor=#FDFDFB] [r=29 c=24 rs=1 cs=1]
              RenderInline {FONT} at (0,0) size 3x12
                RenderText {#text} at (0,0) size 3x12
                  text run at (0,0) width 3: " "
            RenderTableCell {TD} at (196,348) size 8x12 [bgcolor=#FDFDFB] [r=29 c=25 rs=1 cs=1]
              RenderInline {FONT} at (0,0) size 3x12
                RenderText {#text} at (0,0) size 3x12
                  text run at (0,0) width 3: " "
            RenderTableCell {TD} at (203,348) size 9x12 [bgcolor=#FDFDFB] [r=29 c=26 rs=1 cs=1]
              RenderInline {FONT} at (0,0) size 3x12
                RenderText {#text} at (0,0) size 3x12
                  text run at (0,0) width 3: " "
            RenderTableCell {TD} at (211,348) size 9x12 [bgcolor=#FDFDFB] [r=29 c=27 rs=1 cs=1]
              RenderInline {FONT} at (0,0) size 3x12
                RenderText {#text} at (0,0) size 3x12
                  text run at (0,0) width 3: " "
            RenderTableCell {TD} at (219,348) size 9x12 [bgcolor=#FDFDFB] [r=29 c=28 rs=1 cs=1]
              RenderInline {FONT} at (0,0) size 3x12
                RenderText {#text} at (0,0) size 3x12
                  text run at (0,0) width 3: " "
            RenderTableCell {TD} at (227,348) size 9x12 [bgcolor=#FDFDFB] [r=29 c=29 rs=1 cs=1]
              RenderInline {FONT} at (0,0) size 3x12
                RenderText {#text} at (0,0) size 3x12
                  text run at (0,0) width 3: " "
            RenderTableCell {TD} at (235,348) size 9x12 [bgcolor=#FDFDFB] [r=29 c=30 rs=1 cs=1]
              RenderInline {FONT} at (0,0) size 3x12
                RenderText {#text} at (0,0) size 3x12
                  text run at (0,0) width 3: " "
            RenderTableCell {TD} at (243,348) size 8x12 [bgcolor=#FDFDFB] [r=29 c=31 rs=1 cs=1]
              RenderInline {FONT} at (0,0) size 3x12
                RenderText {#text} at (0,0) size 3x12
                  text run at (0,0) width 3: " "
            RenderTableCell {TD} at (251,348) size 8x12 [bgcolor=#FDFDFB] [r=29 c=32 rs=1 cs=1]
              RenderInline {FONT} at (0,0) size 3x12
                RenderText {#text} at (0,0) size 3x12
                  text run at (0,0) width 3: " "
            RenderTableCell {TD} at (258,348) size 9x12 [bgcolor=#FDFDFB] [r=29 c=33 rs=1 cs=1]
              RenderInline {FONT} at (0,0) size 3x12
                RenderText {#text} at (0,0) size 3x12
                  text run at (0,0) width 3: " "
            RenderTableCell {TD} at (266,348) size 9x12 [bgcolor=#FDFDFB] [r=29 c=34 rs=1 cs=1]
              RenderInline {FONT} at (0,0) size 3x12
                RenderText {#text} at (0,0) size 3x12
                  text run at (0,0) width 3: " "
            RenderTableCell {TD} at (274,348) size 9x12 [bgcolor=#FDFDFB] [r=29 c=35 rs=1 cs=1]
              RenderInline {FONT} at (0,0) size 3x12
                RenderText {#text} at (0,0) size 3x12
                  text run at (0,0) width 3: " "
            RenderTableCell {TD} at (282,348) size 9x12 [bgcolor=#FDFDFB] [r=29 c=36 rs=1 cs=1]
              RenderInline {FONT} at (0,0) size 3x12
                RenderText {#text} at (0,0) size 3x12
                  text run at (0,0) width 3: " "
            RenderTableCell {TD} at (290,348) size 9x12 [bgcolor=#FDFDFB] [r=29 c=37 rs=1 cs=1]
              RenderInline {FONT} at (0,0) size 3x12
                RenderText {#text} at (0,0) size 3x12
                  text run at (0,0) width 3: " "
            RenderTableCell {TD} at (298,348) size 8x12 [bgcolor=#FDFDFB] [r=29 c=38 rs=1 cs=1]
              RenderInline {FONT} at (0,0) size 3x12
                RenderText {#text} at (0,0) size 3x12
                  text run at (0,0) width 3: " "
            RenderTableCell {TD} at (305,348) size 9x12 [bgcolor=#FDFDFB] [r=29 c=39 rs=1 cs=1]
              RenderInline {FONT} at (0,0) size 3x12
                RenderText {#text} at (0,0) size 3x12
                  text run at (0,0) width 3: " "
            RenderTableCell {TD} at (313,348) size 9x12 [bgcolor=#FDFDFB] [r=29 c=40 rs=1 cs=1]
              RenderInline {FONT} at (0,0) size 3x12
                RenderText {#text} at (0,0) size 3x12
                  text run at (0,0) width 3: " "
            RenderTableCell {TD} at (321,348) size 9x12 [bgcolor=#FDFDFB] [r=29 c=41 rs=1 cs=1]
              RenderInline {FONT} at (0,0) size 3x12
                RenderText {#text} at (0,0) size 3x12
                  text run at (0,0) width 3: " "
            RenderTableCell {TD} at (329,348) size 9x12 [bgcolor=#FDFDFB] [r=29 c=42 rs=1 cs=1]
              RenderInline {FONT} at (0,0) size 3x12
                RenderText {#text} at (0,0) size 3x12
                  text run at (0,0) width 3: " "
            RenderTableCell {TD} at (337,348) size 9x12 [bgcolor=#FDFDFB] [r=29 c=43 rs=1 cs=1]
              RenderInline {FONT} at (0,0) size 3x12
                RenderText {#text} at (0,0) size 3x12
                  text run at (0,0) width 3: " "
            RenderTableCell {TD} at (345,348) size 8x12 [bgcolor=#FDFDFB] [r=29 c=44 rs=1 cs=1]
              RenderInline {FONT} at (0,0) size 3x12
                RenderText {#text} at (0,0) size 3x12
                  text run at (0,0) width 3: " "
            RenderTableCell {TD} at (352,348) size 9x12 [bgcolor=#FDFDFB] [r=29 c=45 rs=1 cs=1]
              RenderInline {FONT} at (0,0) size 3x12
                RenderText {#text} at (0,0) size 3x12
                  text run at (0,0) width 3: " "
            RenderTableCell {TD} at (360,348) size 9x12 [bgcolor=#FDFDFB] [r=29 c=46 rs=1 cs=1]
              RenderInline {FONT} at (0,0) size 3x12
                RenderText {#text} at (0,0) size 3x12
                  text run at (0,0) width 3: " "
            RenderTableCell {TD} at (368,348) size 9x12 [bgcolor=#FDFDFB] [r=29 c=47 rs=1 cs=1]
              RenderInline {FONT} at (0,0) size 3x12
                RenderText {#text} at (0,0) size 3x12
                  text run at (0,0) width 3: " "
            RenderTableCell {TD} at (376,348) size 9x12 [bgcolor=#FDFDFB] [r=29 c=48 rs=1 cs=1]
              RenderInline {FONT} at (0,0) size 3x12
                RenderText {#text} at (0,0) size 3x12
                  text run at (0,0) width 3: " "
            RenderTableCell {TD} at (384,348) size 9x12 [bgcolor=#FDFDFB] [r=29 c=49 rs=1 cs=1]
              RenderInline {FONT} at (0,0) size 3x12
                RenderText {#text} at (0,0) size 3x12
                  text run at (0,0) width 3: " "
            RenderTableCell {TD} at (392,348) size 9x12 [bgcolor=#FDFDFB] [r=29 c=50 rs=1 cs=1]
              RenderInline {FONT} at (0,0) size 3x12
                RenderText {#text} at (0,0) size 3x12
                  text run at (0,0) width 3: " "
            RenderTableCell {TD} at (400,348) size 8x12 [bgcolor=#FDFDFB] [r=29 c=51 rs=1 cs=1]
              RenderInline {FONT} at (0,0) size 3x12
                RenderText {#text} at (0,0) size 3x12
                  text run at (0,0) width 3: " "
            RenderTableCell {TD} at (407,348) size 9x12 [bgcolor=#FDFDFB] [r=29 c=52 rs=1 cs=1]
              RenderInline {FONT} at (0,0) size 3x12
                RenderText {#text} at (0,0) size 3x12
                  text run at (0,0) width 3: " "
            RenderTableCell {TD} at (415,348) size 9x12 [bgcolor=#FDFDFB] [r=29 c=53 rs=1 cs=1]
              RenderInline {FONT} at (0,0) size 3x12
                RenderText {#text} at (0,0) size 3x12
                  text run at (0,0) width 3: " "
            RenderTableCell {TD} at (423,348) size 9x12 [bgcolor=#FDFDFB] [r=29 c=54 rs=1 cs=1]
              RenderInline {FONT} at (0,0) size 3x12
                RenderText {#text} at (0,0) size 3x12
                  text run at (0,0) width 3: " "
            RenderTableCell {TD} at (431,348) size 9x12 [bgcolor=#FDFDFB] [r=29 c=55 rs=1 cs=1]
              RenderInline {FONT} at (0,0) size 3x12
                RenderText {#text} at (0,0) size 3x12
                  text run at (0,0) width 3: " "
            RenderTableCell {TD} at (439,348) size 9x12 [bgcolor=#FDFDFB] [r=29 c=56 rs=1 cs=1]
              RenderInline {FONT} at (0,0) size 3x12
                RenderText {#text} at (0,0) size 3x12
                  text run at (0,0) width 3: " "
            RenderTableCell {TD} at (447,348) size 8x12 [bgcolor=#FDFDFB] [r=29 c=57 rs=1 cs=1]
              RenderInline {FONT} at (0,0) size 3x12
                RenderText {#text} at (0,0) size 3x12
                  text run at (0,0) width 3: " "
            RenderTableCell {TD} at (454,348) size 9x12 [bgcolor=#FDFDFB] [r=29 c=58 rs=1 cs=1]
              RenderInline {FONT} at (0,0) size 3x12
                RenderText {#text} at (0,0) size 3x12
                  text run at (0,0) width 3: " "
            RenderTableCell {TD} at (462,348) size 9x12 [bgcolor=#FDFDFB] [r=29 c=59 rs=1 cs=1]
              RenderInline {FONT} at (0,0) size 3x12
                RenderText {#text} at (0,0) size 3x12
                  text run at (0,0) width 3: " "
            RenderTableCell {TD} at (470,348) size 9x12 [bgcolor=#FDFDFB] [r=29 c=60 rs=1 cs=1]
              RenderInline {FONT} at (0,0) size 3x12
                RenderText {#text} at (0,0) size 3x12
                  text run at (0,0) width 3: " "
            RenderTableCell {TD} at (478,348) size 9x12 [bgcolor=#FDFDFB] [r=29 c=61 rs=1 cs=1]
              RenderInline {FONT} at (0,0) size 3x12
                RenderText {#text} at (0,0) size 3x12
                  text run at (0,0) width 3: " "
            RenderTableCell {TD} at (486,348) size 9x12 [bgcolor=#FDFDFB] [r=29 c=62 rs=1 cs=1]
              RenderInline {FONT} at (0,0) size 3x12
                RenderText {#text} at (0,0) size 3x12
                  text run at (0,0) width 3: " "
            RenderTableCell {TD} at (494,348) size 8x12 [bgcolor=#FDFDFB] [r=29 c=63 rs=1 cs=1]
              RenderInline {FONT} at (0,0) size 3x12
                RenderText {#text} at (0,0) size 3x12
                  text run at (0,0) width 3: " "
            RenderTableCell {TD} at (502,348) size 8x12 [bgcolor=#FDFDFB] [r=29 c=64 rs=1 cs=1]
              RenderInline {FONT} at (0,0) size 3x12
                RenderText {#text} at (0,0) size 3x12
                  text run at (0,0) width 3: " "
            RenderTableCell {TD} at (509,348) size 9x12 [bgcolor=#8DB7B6] [r=29 c=65 rs=1 cs=1]
              RenderInline {FONT} at (0,0) size 3x12
                RenderText {#text} at (0,0) size 3x12
                  text run at (0,0) width 3: " "
            RenderTableCell {TD} at (517,348) size 9x12 [bgcolor=#026766] [r=29 c=66 rs=1 cs=1]
              RenderInline {FONT} at (0,0) size 3x12
                RenderText {#text} at (0,0) size 3x12
                  text run at (0,0) width 3: " "
            RenderTableCell {TD} at (525,348) size 9x12 [bgcolor=#025E5E] [r=29 c=67 rs=1 cs=1]
              RenderInline {FONT} at (0,0) size 3x12
                RenderText {#text} at (0,0) size 3x12
                  text run at (0,0) width 3: " "
            RenderTableCell {TD} at (533,348) size 9x12 [bgcolor=#025E5E] [r=29 c=68 rs=1 cs=1]
              RenderInline {FONT} at (0,0) size 3x12
                RenderText {#text} at (0,0) size 3x12
                  text run at (0,0) width 3: " "
            RenderTableCell {TD} at (541,348) size 9x12 [bgcolor=#025E5E] [r=29 c=69 rs=1 cs=1]
              RenderInline {FONT} at (0,0) size 3x12
                RenderText {#text} at (0,0) size 3x12
                  text run at (0,0) width 3: " "
            RenderTableCell {TD} at (549,348) size 8x12 [bgcolor=#026766] [r=29 c=70 rs=1 cs=1]
              RenderInline {FONT} at (0,0) size 3x12
                RenderText {#text} at (0,0) size 3x12
                  text run at (0,0) width 3: " "
            RenderTableCell {TD} at (556,348) size 9x12 [bgcolor=#026766] [r=29 c=71 rs=1 cs=1]
              RenderInline {FONT} at (0,0) size 3x12
                RenderText {#text} at (0,0) size 3x12
                  text run at (0,0) width 3: " "
            RenderTableCell {TD} at (564,348) size 9x12 [bgcolor=#026766] [r=29 c=72 rs=1 cs=1]
              RenderInline {FONT} at (0,0) size 3x12
                RenderText {#text} at (0,0) size 3x12
                  text run at (0,0) width 3: " "
            RenderTableCell {TD} at (572,348) size 9x12 [bgcolor=#026766] [r=29 c=73 rs=1 cs=1]
              RenderInline {FONT} at (0,0) size 3x12
                RenderText {#text} at (0,0) size 3x12
                  text run at (0,0) width 3: " "
            RenderTableCell {TD} at (580,348) size 9x12 [bgcolor=#026766] [r=29 c=74 rs=1 cs=1]
              RenderInline {FONT} at (0,0) size 3x12
                RenderText {#text} at (0,0) size 3x12
                  text run at (0,0) width 3: " "
            RenderTableCell {TD} at (588,348) size 9x12 [bgcolor=#026766] [r=29 c=75 rs=1 cs=1]
              RenderInline {FONT} at (0,0) size 3x12
                RenderText {#text} at (0,0) size 3x12
                  text run at (0,0) width 3: " "
            RenderTableCell {TD} at (596,348) size 8x12 [bgcolor=#026766] [r=29 c=76 rs=1 cs=1]
              RenderInline {FONT} at (0,0) size 3x12
                RenderText {#text} at (0,0) size 3x12
                  text run at (0,0) width 3: " "
            RenderTableCell {TD} at (603,348) size 9x12 [bgcolor=#026766] [r=29 c=77 rs=1 cs=1]
              RenderInline {FONT} at (0,0) size 3x12
                RenderText {#text} at (0,0) size 3x12
                  text run at (0,0) width 3: " "
            RenderTableCell {TD} at (611,348) size 9x12 [bgcolor=#025E5E] [r=29 c=78 rs=1 cs=1]
              RenderInline {FONT} at (0,0) size 3x12
                RenderText {#text} at (0,0) size 3x12
                  text run at (0,0) width 3: " "
            RenderTableCell {TD} at (619,348) size 9x12 [bgcolor=#025E5E] [r=29 c=79 rs=1 cs=1]
              RenderInline {FONT} at (0,0) size 3x12
                RenderText {#text} at (0,0) size 3x12
                  text run at (0,0) width 3: " "
            RenderTableCell {TD} at (627,348) size 9x12 [bgcolor=#025E5E] [r=29 c=80 rs=1 cs=1]
              RenderInline {FONT} at (0,0) size 3x12
                RenderText {#text} at (0,0) size 3x12
                  text run at (0,0) width 3: " "
            RenderTableCell {TD} at (635,348) size 9x12 [bgcolor=#025E5E] [r=29 c=81 rs=1 cs=1]
              RenderInline {FONT} at (0,0) size 3x12
                RenderText {#text} at (0,0) size 3x12
                  text run at (0,0) width 3: " "
            RenderTableCell {TD} at (643,348) size 9x12 [bgcolor=#025E5E] [r=29 c=82 rs=1 cs=1]
              RenderInline {FONT} at (0,0) size 3x12
                RenderText {#text} at (0,0) size 3x12
                  text run at (0,0) width 3: " "
            RenderTableCell {TD} at (651,348) size 8x12 [bgcolor=#044F4F] [r=29 c=83 rs=1 cs=1]
              RenderInline {FONT} at (0,0) size 3x12
                RenderText {#text} at (0,0) size 3x12
                  text run at (0,0) width 3: " "
            RenderTableCell {TD} at (658,348) size 9x12 [bgcolor=#044F4F] [r=29 c=84 rs=1 cs=1]
              RenderInline {FONT} at (0,0) size 3x12
                RenderText {#text} at (0,0) size 3x12
                  text run at (0,0) width 3: " "
            RenderTableCell {TD} at (666,348) size 9x12 [bgcolor=#044F4F] [r=29 c=85 rs=1 cs=1]
              RenderInline {FONT} at (0,0) size 3x12
                RenderText {#text} at (0,0) size 3x12
                  text run at (0,0) width 3: " "
            RenderTableCell {TD} at (674,348) size 9x12 [bgcolor=#044F4F] [r=29 c=86 rs=1 cs=1]
              RenderInline {FONT} at (0,0) size 3x12
                RenderText {#text} at (0,0) size 3x12
                  text run at (0,0) width 3: " "
            RenderTableCell {TD} at (682,348) size 9x12 [bgcolor=#044140] [r=29 c=87 rs=1 cs=1]
              RenderInline {FONT} at (0,0) size 3x12
                RenderText {#text} at (0,0) size 3x12
                  text run at (0,0) width 3: " "
            RenderTableCell {TD} at (690,348) size 9x12 [bgcolor=#083131] [r=29 c=88 rs=1 cs=1]
              RenderInline {FONT} at (0,0) size 3x12
                RenderText {#text} at (0,0) size 3x12
                  text run at (0,0) width 3: " "
            RenderTableCell {TD} at (698,348) size 8x12 [bgcolor=#083131] [r=29 c=89 rs=1 cs=1]
              RenderInline {FONT} at (0,0) size 3x12
                RenderText {#text} at (0,0) size 3x12
                  text run at (0,0) width 3: " "
            RenderTableCell {TD} at (705,348) size 9x12 [bgcolor=#223C3D] [r=29 c=90 rs=1 cs=1]
              RenderInline {FONT} at (0,0) size 3x12
                RenderText {#text} at (0,0) size 3x12
                  text run at (0,0) width 3: " "
            RenderTableCell {TD} at (713,348) size 9x12 [bgcolor=#515C5B] [r=29 c=91 rs=1 cs=1]
              RenderInline {FONT} at (0,0) size 3x12
                RenderText {#text} at (0,0) size 3x12
                  text run at (0,0) width 3: " "
            RenderTableCell {TD} at (721,348) size 9x12 [bgcolor=#777878] [r=29 c=92 rs=1 cs=1]
              RenderInline {FONT} at (0,0) size 3x12
                RenderText {#text} at (0,0) size 3x12
                  text run at (0,0) width 3: " "
            RenderTableCell {TD} at (729,348) size 9x12 [bgcolor=#A5A6A6] [r=29 c=93 rs=1 cs=1]
              RenderInline {FONT} at (0,0) size 3x12
                RenderText {#text} at (0,0) size 3x12
                  text run at (0,0) width 3: " "
            RenderTableCell {TD} at (737,348) size 9x12 [bgcolor=#CECFCF] [r=29 c=94 rs=1 cs=1]
              RenderInline {FONT} at (0,0) size 3x12
                RenderText {#text} at (0,0) size 3x12
                  text run at (0,0) width 3: " "
            RenderTableCell {TD} at (745,348) size 8x12 [bgcolor=#EDEEEF] [r=29 c=95 rs=1 cs=1]
              RenderInline {FONT} at (0,0) size 3x12
                RenderText {#text} at (0,0) size 3x12
                  text run at (0,0) width 3: " "
            RenderTableCell {TD} at (753,348) size 8x12 [bgcolor=#FDFDFB] [r=29 c=96 rs=1 cs=1]
              RenderInline {FONT} at (0,0) size 3x12
                RenderText {#text} at (0,0) size 3x12
                  text run at (0,0) width 3: " "
            RenderTableCell {TD} at (760,348) size 9x12 [bgcolor=#FDFDFB] [r=29 c=97 rs=1 cs=1]
              RenderInline {FONT} at (0,0) size 3x12
                RenderText {#text} at (0,0) size 3x12
                  text run at (0,0) width 3: " "
            RenderTableCell {TD} at (768,348) size 9x12 [bgcolor=#FDFDFB] [r=29 c=98 rs=1 cs=1]
              RenderInline {FONT} at (0,0) size 3x12
                RenderText {#text} at (0,0) size 3x12
                  text run at (0,0) width 3: " "
            RenderTableCell {TD} at (776,348) size 9x12 [bgcolor=#FDFDFB] [r=29 c=99 rs=1 cs=1]
              RenderInline {FONT} at (0,0) size 3x12
                RenderText {#text} at (0,0) size 3x12
                  text run at (0,0) width 3: " "
          RenderTableRow {TR} at (0,360) size 784x12
            RenderTableCell {TD} at (0,360) size 8x12 [bgcolor=#FDFDFB] [r=30 c=0 rs=1 cs=1]
              RenderInline {FONT} at (0,0) size 3x12
                RenderText {#text} at (0,0) size 3x12
                  text run at (0,0) width 3: " "
            RenderTableCell {TD} at (7,360) size 9x12 [bgcolor=#FDFDFB] [r=30 c=1 rs=1 cs=1]
              RenderInline {FONT} at (0,0) size 3x12
                RenderText {#text} at (0,0) size 3x12
                  text run at (0,0) width 3: " "
            RenderTableCell {TD} at (15,360) size 9x12 [bgcolor=#FDFDFB] [r=30 c=2 rs=1 cs=1]
              RenderInline {FONT} at (0,0) size 3x12
                RenderText {#text} at (0,0) size 3x12
                  text run at (0,0) width 3: " "
            RenderTableCell {TD} at (23,360) size 9x12 [bgcolor=#FDFDFB] [r=30 c=3 rs=1 cs=1]
              RenderInline {FONT} at (0,0) size 3x12
                RenderText {#text} at (0,0) size 3x12
                  text run at (0,0) width 3: " "
            RenderTableCell {TD} at (31,360) size 9x12 [bgcolor=#FDFDFB] [r=30 c=4 rs=1 cs=1]
              RenderInline {FONT} at (0,0) size 3x12
                RenderText {#text} at (0,0) size 3x12
                  text run at (0,0) width 3: " "
            RenderTableCell {TD} at (39,360) size 9x12 [bgcolor=#FDFDFB] [r=30 c=5 rs=1 cs=1]
              RenderInline {FONT} at (0,0) size 3x12
                RenderText {#text} at (0,0) size 3x12
                  text run at (0,0) width 3: " "
            RenderTableCell {TD} at (47,360) size 8x12 [bgcolor=#FDFDFB] [r=30 c=6 rs=1 cs=1]
              RenderInline {FONT} at (0,0) size 3x12
                RenderText {#text} at (0,0) size 3x12
                  text run at (0,0) width 3: " "
            RenderTableCell {TD} at (54,360) size 9x12 [bgcolor=#FDFDFB] [r=30 c=7 rs=1 cs=1]
              RenderInline {FONT} at (0,0) size 3x12
                RenderText {#text} at (0,0) size 3x12
                  text run at (0,0) width 3: " "
            RenderTableCell {TD} at (62,360) size 9x12 [bgcolor=#FDFDFB] [r=30 c=8 rs=1 cs=1]
              RenderInline {FONT} at (0,0) size 3x12
                RenderText {#text} at (0,0) size 3x12
                  text run at (0,0) width 3: " "
            RenderTableCell {TD} at (70,360) size 9x12 [bgcolor=#FDFDFB] [r=30 c=9 rs=1 cs=1]
              RenderInline {FONT} at (0,0) size 3x12
                RenderText {#text} at (0,0) size 3x12
                  text run at (0,0) width 3: " "
            RenderTableCell {TD} at (78,360) size 9x12 [bgcolor=#FDFDFB] [r=30 c=10 rs=1 cs=1]
              RenderInline {FONT} at (0,0) size 3x12
                RenderText {#text} at (0,0) size 3x12
                  text run at (0,0) width 3: " "
            RenderTableCell {TD} at (86,360) size 9x12 [bgcolor=#FDFDFB] [r=30 c=11 rs=1 cs=1]
              RenderInline {FONT} at (0,0) size 3x12
                RenderText {#text} at (0,0) size 3x12
                  text run at (0,0) width 3: " "
            RenderTableCell {TD} at (94,360) size 8x12 [bgcolor=#FDFDFB] [r=30 c=12 rs=1 cs=1]
              RenderInline {FONT} at (0,0) size 3x12
                RenderText {#text} at (0,0) size 3x12
                  text run at (0,0) width 3: " "
            RenderTableCell {TD} at (101,360) size 9x12 [bgcolor=#FDFDFB] [r=30 c=13 rs=1 cs=1]
              RenderInline {FONT} at (0,0) size 3x12
                RenderText {#text} at (0,0) size 3x12
                  text run at (0,0) width 3: " "
            RenderTableCell {TD} at (109,360) size 9x12 [bgcolor=#FDFDFB] [r=30 c=14 rs=1 cs=1]
              RenderInline {FONT} at (0,0) size 3x12
                RenderText {#text} at (0,0) size 3x12
                  text run at (0,0) width 3: " "
            RenderTableCell {TD} at (117,360) size 9x12 [bgcolor=#FDFDFB] [r=30 c=15 rs=1 cs=1]
              RenderInline {FONT} at (0,0) size 3x12
                RenderText {#text} at (0,0) size 3x12
                  text run at (0,0) width 3: " "
            RenderTableCell {TD} at (125,360) size 9x12 [bgcolor=#FDFDFB] [r=30 c=16 rs=1 cs=1]
              RenderInline {FONT} at (0,0) size 3x12
                RenderText {#text} at (0,0) size 3x12
                  text run at (0,0) width 3: " "
            RenderTableCell {TD} at (133,360) size 9x12 [bgcolor=#FDFDFB] [r=30 c=17 rs=1 cs=1]
              RenderInline {FONT} at (0,0) size 3x12
                RenderText {#text} at (0,0) size 3x12
                  text run at (0,0) width 3: " "
            RenderTableCell {TD} at (141,360) size 9x12 [bgcolor=#FDFDFB] [r=30 c=18 rs=1 cs=1]
              RenderInline {FONT} at (0,0) size 3x12
                RenderText {#text} at (0,0) size 3x12
                  text run at (0,0) width 3: " "
            RenderTableCell {TD} at (149,360) size 8x12 [bgcolor=#FDFDFB] [r=30 c=19 rs=1 cs=1]
              RenderInline {FONT} at (0,0) size 3x12
                RenderText {#text} at (0,0) size 3x12
                  text run at (0,0) width 3: " "
            RenderTableCell {TD} at (156,360) size 9x12 [bgcolor=#FDFDFB] [r=30 c=20 rs=1 cs=1]
              RenderInline {FONT} at (0,0) size 3x12
                RenderText {#text} at (0,0) size 3x12
                  text run at (0,0) width 3: " "
            RenderTableCell {TD} at (164,360) size 9x12 [bgcolor=#FDFDFB] [r=30 c=21 rs=1 cs=1]
              RenderInline {FONT} at (0,0) size 3x12
                RenderText {#text} at (0,0) size 3x12
                  text run at (0,0) width 3: " "
            RenderTableCell {TD} at (172,360) size 9x12 [bgcolor=#FDFDFB] [r=30 c=22 rs=1 cs=1]
              RenderInline {FONT} at (0,0) size 3x12
                RenderText {#text} at (0,0) size 3x12
                  text run at (0,0) width 3: " "
            RenderTableCell {TD} at (180,360) size 9x12 [bgcolor=#FDFDFB] [r=30 c=23 rs=1 cs=1]
              RenderInline {FONT} at (0,0) size 3x12
                RenderText {#text} at (0,0) size 3x12
                  text run at (0,0) width 3: " "
            RenderTableCell {TD} at (188,360) size 9x12 [bgcolor=#FDFDFB] [r=30 c=24 rs=1 cs=1]
              RenderInline {FONT} at (0,0) size 3x12
                RenderText {#text} at (0,0) size 3x12
                  text run at (0,0) width 3: " "
            RenderTableCell {TD} at (196,360) size 8x12 [bgcolor=#FDFDFB] [r=30 c=25 rs=1 cs=1]
              RenderInline {FONT} at (0,0) size 3x12
                RenderText {#text} at (0,0) size 3x12
                  text run at (0,0) width 3: " "
            RenderTableCell {TD} at (203,360) size 9x12 [bgcolor=#FDFDFB] [r=30 c=26 rs=1 cs=1]
              RenderInline {FONT} at (0,0) size 3x12
                RenderText {#text} at (0,0) size 3x12
                  text run at (0,0) width 3: " "
            RenderTableCell {TD} at (211,360) size 9x12 [bgcolor=#FDFDFB] [r=30 c=27 rs=1 cs=1]
              RenderInline {FONT} at (0,0) size 3x12
                RenderText {#text} at (0,0) size 3x12
                  text run at (0,0) width 3: " "
            RenderTableCell {TD} at (219,360) size 9x12 [bgcolor=#FDFDFB] [r=30 c=28 rs=1 cs=1]
              RenderInline {FONT} at (0,0) size 3x12
                RenderText {#text} at (0,0) size 3x12
                  text run at (0,0) width 3: " "
            RenderTableCell {TD} at (227,360) size 9x12 [bgcolor=#FDFDFB] [r=30 c=29 rs=1 cs=1]
              RenderInline {FONT} at (0,0) size 3x12
                RenderText {#text} at (0,0) size 3x12
                  text run at (0,0) width 3: " "
            RenderTableCell {TD} at (235,360) size 9x12 [bgcolor=#FDFDFB] [r=30 c=30 rs=1 cs=1]
              RenderInline {FONT} at (0,0) size 3x12
                RenderText {#text} at (0,0) size 3x12
                  text run at (0,0) width 3: " "
            RenderTableCell {TD} at (243,360) size 8x12 [bgcolor=#FDFDFB] [r=30 c=31 rs=1 cs=1]
              RenderInline {FONT} at (0,0) size 3x12
                RenderText {#text} at (0,0) size 3x12
                  text run at (0,0) width 3: " "
            RenderTableCell {TD} at (251,360) size 8x12 [bgcolor=#FDFDFB] [r=30 c=32 rs=1 cs=1]
              RenderInline {FONT} at (0,0) size 3x12
                RenderText {#text} at (0,0) size 3x12
                  text run at (0,0) width 3: " "
            RenderTableCell {TD} at (258,360) size 9x12 [bgcolor=#FDFDFB] [r=30 c=33 rs=1 cs=1]
              RenderInline {FONT} at (0,0) size 3x12
                RenderText {#text} at (0,0) size 3x12
                  text run at (0,0) width 3: " "
            RenderTableCell {TD} at (266,360) size 9x12 [bgcolor=#FDFDFB] [r=30 c=34 rs=1 cs=1]
              RenderInline {FONT} at (0,0) size 3x12
                RenderText {#text} at (0,0) size 3x12
                  text run at (0,0) width 3: " "
            RenderTableCell {TD} at (274,360) size 9x12 [bgcolor=#FDFDFB] [r=30 c=35 rs=1 cs=1]
              RenderInline {FONT} at (0,0) size 3x12
                RenderText {#text} at (0,0) size 3x12
                  text run at (0,0) width 3: " "
            RenderTableCell {TD} at (282,360) size 9x12 [bgcolor=#FDFDFB] [r=30 c=36 rs=1 cs=1]
              RenderInline {FONT} at (0,0) size 3x12
                RenderText {#text} at (0,0) size 3x12
                  text run at (0,0) width 3: " "
            RenderTableCell {TD} at (290,360) size 9x12 [bgcolor=#FDFDFB] [r=30 c=37 rs=1 cs=1]
              RenderInline {FONT} at (0,0) size 3x12
                RenderText {#text} at (0,0) size 3x12
                  text run at (0,0) width 3: " "
            RenderTableCell {TD} at (298,360) size 8x12 [bgcolor=#FDFDFB] [r=30 c=38 rs=1 cs=1]
              RenderInline {FONT} at (0,0) size 3x12
                RenderText {#text} at (0,0) size 3x12
                  text run at (0,0) width 3: " "
            RenderTableCell {TD} at (305,360) size 9x12 [bgcolor=#FDFDFB] [r=30 c=39 rs=1 cs=1]
              RenderInline {FONT} at (0,0) size 3x12
                RenderText {#text} at (0,0) size 3x12
                  text run at (0,0) width 3: " "
            RenderTableCell {TD} at (313,360) size 9x12 [bgcolor=#FDFDFB] [r=30 c=40 rs=1 cs=1]
              RenderInline {FONT} at (0,0) size 3x12
                RenderText {#text} at (0,0) size 3x12
                  text run at (0,0) width 3: " "
            RenderTableCell {TD} at (321,360) size 9x12 [bgcolor=#FDFDFB] [r=30 c=41 rs=1 cs=1]
              RenderInline {FONT} at (0,0) size 3x12
                RenderText {#text} at (0,0) size 3x12
                  text run at (0,0) width 3: " "
            RenderTableCell {TD} at (329,360) size 9x12 [bgcolor=#FDFDFB] [r=30 c=42 rs=1 cs=1]
              RenderInline {FONT} at (0,0) size 3x12
                RenderText {#text} at (0,0) size 3x12
                  text run at (0,0) width 3: " "
            RenderTableCell {TD} at (337,360) size 9x12 [bgcolor=#FDFDFB] [r=30 c=43 rs=1 cs=1]
              RenderInline {FONT} at (0,0) size 3x12
                RenderText {#text} at (0,0) size 3x12
                  text run at (0,0) width 3: " "
            RenderTableCell {TD} at (345,360) size 8x12 [bgcolor=#FDFDFB] [r=30 c=44 rs=1 cs=1]
              RenderInline {FONT} at (0,0) size 3x12
                RenderText {#text} at (0,0) size 3x12
                  text run at (0,0) width 3: " "
            RenderTableCell {TD} at (352,360) size 9x12 [bgcolor=#FDFDFB] [r=30 c=45 rs=1 cs=1]
              RenderInline {FONT} at (0,0) size 3x12
                RenderText {#text} at (0,0) size 3x12
                  text run at (0,0) width 3: " "
            RenderTableCell {TD} at (360,360) size 9x12 [bgcolor=#FDFDFB] [r=30 c=46 rs=1 cs=1]
              RenderInline {FONT} at (0,0) size 3x12
                RenderText {#text} at (0,0) size 3x12
                  text run at (0,0) width 3: " "
            RenderTableCell {TD} at (368,360) size 9x12 [bgcolor=#FDFDFB] [r=30 c=47 rs=1 cs=1]
              RenderInline {FONT} at (0,0) size 3x12
                RenderText {#text} at (0,0) size 3x12
                  text run at (0,0) width 3: " "
            RenderTableCell {TD} at (376,360) size 9x12 [bgcolor=#FDFDFB] [r=30 c=48 rs=1 cs=1]
              RenderInline {FONT} at (0,0) size 3x12
                RenderText {#text} at (0,0) size 3x12
                  text run at (0,0) width 3: " "
            RenderTableCell {TD} at (384,360) size 9x12 [bgcolor=#FDFDFB] [r=30 c=49 rs=1 cs=1]
              RenderInline {FONT} at (0,0) size 3x12
                RenderText {#text} at (0,0) size 3x12
                  text run at (0,0) width 3: " "
            RenderTableCell {TD} at (392,360) size 9x12 [bgcolor=#FDFDFB] [r=30 c=50 rs=1 cs=1]
              RenderInline {FONT} at (0,0) size 3x12
                RenderText {#text} at (0,0) size 3x12
                  text run at (0,0) width 3: " "
            RenderTableCell {TD} at (400,360) size 8x12 [bgcolor=#FDFDFB] [r=30 c=51 rs=1 cs=1]
              RenderInline {FONT} at (0,0) size 3x12
                RenderText {#text} at (0,0) size 3x12
                  text run at (0,0) width 3: " "
            RenderTableCell {TD} at (407,360) size 9x12 [bgcolor=#FDFDFB] [r=30 c=52 rs=1 cs=1]
              RenderInline {FONT} at (0,0) size 3x12
                RenderText {#text} at (0,0) size 3x12
                  text run at (0,0) width 3: " "
            RenderTableCell {TD} at (415,360) size 9x12 [bgcolor=#FDFDFB] [r=30 c=53 rs=1 cs=1]
              RenderInline {FONT} at (0,0) size 3x12
                RenderText {#text} at (0,0) size 3x12
                  text run at (0,0) width 3: " "
            RenderTableCell {TD} at (423,360) size 9x12 [bgcolor=#FDFDFB] [r=30 c=54 rs=1 cs=1]
              RenderInline {FONT} at (0,0) size 3x12
                RenderText {#text} at (0,0) size 3x12
                  text run at (0,0) width 3: " "
            RenderTableCell {TD} at (431,360) size 9x12 [bgcolor=#FDFDFB] [r=30 c=55 rs=1 cs=1]
              RenderInline {FONT} at (0,0) size 3x12
                RenderText {#text} at (0,0) size 3x12
                  text run at (0,0) width 3: " "
            RenderTableCell {TD} at (439,360) size 9x12 [bgcolor=#FDFDFB] [r=30 c=56 rs=1 cs=1]
              RenderInline {FONT} at (0,0) size 3x12
                RenderText {#text} at (0,0) size 3x12
                  text run at (0,0) width 3: " "
            RenderTableCell {TD} at (447,360) size 8x12 [bgcolor=#FDFDFB] [r=30 c=57 rs=1 cs=1]
              RenderInline {FONT} at (0,0) size 3x12
                RenderText {#text} at (0,0) size 3x12
                  text run at (0,0) width 3: " "
            RenderTableCell {TD} at (454,360) size 9x12 [bgcolor=#FDFDFB] [r=30 c=58 rs=1 cs=1]
              RenderInline {FONT} at (0,0) size 3x12
                RenderText {#text} at (0,0) size 3x12
                  text run at (0,0) width 3: " "
            RenderTableCell {TD} at (462,360) size 9x12 [bgcolor=#FDFDFB] [r=30 c=59 rs=1 cs=1]
              RenderInline {FONT} at (0,0) size 3x12
                RenderText {#text} at (0,0) size 3x12
                  text run at (0,0) width 3: " "
            RenderTableCell {TD} at (470,360) size 9x12 [bgcolor=#FDFDFB] [r=30 c=60 rs=1 cs=1]
              RenderInline {FONT} at (0,0) size 3x12
                RenderText {#text} at (0,0) size 3x12
                  text run at (0,0) width 3: " "
            RenderTableCell {TD} at (478,360) size 9x12 [bgcolor=#FDFDFB] [r=30 c=61 rs=1 cs=1]
              RenderInline {FONT} at (0,0) size 3x12
                RenderText {#text} at (0,0) size 3x12
                  text run at (0,0) width 3: " "
            RenderTableCell {TD} at (486,360) size 9x12 [bgcolor=#FDFDFB] [r=30 c=62 rs=1 cs=1]
              RenderInline {FONT} at (0,0) size 3x12
                RenderText {#text} at (0,0) size 3x12
                  text run at (0,0) width 3: " "
            RenderTableCell {TD} at (494,360) size 8x12 [bgcolor=#FDFDFB] [r=30 c=63 rs=1 cs=1]
              RenderInline {FONT} at (0,0) size 3x12
                RenderText {#text} at (0,0) size 3x12
                  text run at (0,0) width 3: " "
            RenderTableCell {TD} at (502,360) size 8x12 [bgcolor=#FDFDFB] [r=30 c=64 rs=1 cs=1]
              RenderInline {FONT} at (0,0) size 3x12
                RenderText {#text} at (0,0) size 3x12
                  text run at (0,0) width 3: " "
            RenderTableCell {TD} at (509,360) size 9x12 [bgcolor=#CECFCF] [r=30 c=65 rs=1 cs=1]
              RenderInline {FONT} at (0,0) size 3x12
                RenderText {#text} at (0,0) size 3x12
                  text run at (0,0) width 3: " "
            RenderTableCell {TD} at (517,360) size 9x12 [bgcolor=#7B918F] [r=30 c=66 rs=1 cs=1]
              RenderInline {FONT} at (0,0) size 3x12
                RenderText {#text} at (0,0) size 3x12
                  text run at (0,0) width 3: " "
            RenderTableCell {TD} at (525,360) size 9x12 [bgcolor=#305D5D] [r=30 c=67 rs=1 cs=1]
              RenderInline {FONT} at (0,0) size 3x12
                RenderText {#text} at (0,0) size 3x12
                  text run at (0,0) width 3: " "
            RenderTableCell {TD} at (533,360) size 9x12 [bgcolor=#044140] [r=30 c=68 rs=1 cs=1]
              RenderInline {FONT} at (0,0) size 3x12
                RenderText {#text} at (0,0) size 3x12
                  text run at (0,0) width 3: " "
            RenderTableCell {TD} at (541,360) size 9x12 [bgcolor=#044140] [r=30 c=69 rs=1 cs=1]
              RenderInline {FONT} at (0,0) size 3x12
                RenderText {#text} at (0,0) size 3x12
                  text run at (0,0) width 3: " "
            RenderTableCell {TD} at (549,360) size 8x12 [bgcolor=#044140] [r=30 c=70 rs=1 cs=1]
              RenderInline {FONT} at (0,0) size 3x12
                RenderText {#text} at (0,0) size 3x12
                  text run at (0,0) width 3: " "
            RenderTableCell {TD} at (556,360) size 9x12 [bgcolor=#044F4F] [r=30 c=71 rs=1 cs=1]
              RenderInline {FONT} at (0,0) size 3x12
                RenderText {#text} at (0,0) size 3x12
                  text run at (0,0) width 3: " "
            RenderTableCell {TD} at (564,360) size 9x12 [bgcolor=#044F4F] [r=30 c=72 rs=1 cs=1]
              RenderInline {FONT} at (0,0) size 3x12
                RenderText {#text} at (0,0) size 3x12
                  text run at (0,0) width 3: " "
            RenderTableCell {TD} at (572,360) size 9x12 [bgcolor=#044F4F] [r=30 c=73 rs=1 cs=1]
              RenderInline {FONT} at (0,0) size 3x12
                RenderText {#text} at (0,0) size 3x12
                  text run at (0,0) width 3: " "
            RenderTableCell {TD} at (580,360) size 9x12 [bgcolor=#044F4F] [r=30 c=74 rs=1 cs=1]
              RenderInline {FONT} at (0,0) size 3x12
                RenderText {#text} at (0,0) size 3x12
                  text run at (0,0) width 3: " "
            RenderTableCell {TD} at (588,360) size 9x12 [bgcolor=#044F4F] [r=30 c=75 rs=1 cs=1]
              RenderInline {FONT} at (0,0) size 3x12
                RenderText {#text} at (0,0) size 3x12
                  text run at (0,0) width 3: " "
            RenderTableCell {TD} at (596,360) size 8x12 [bgcolor=#044F4F] [r=30 c=76 rs=1 cs=1]
              RenderInline {FONT} at (0,0) size 3x12
                RenderText {#text} at (0,0) size 3x12
                  text run at (0,0) width 3: " "
            RenderTableCell {TD} at (603,360) size 9x12 [bgcolor=#044F4F] [r=30 c=77 rs=1 cs=1]
              RenderInline {FONT} at (0,0) size 3x12
                RenderText {#text} at (0,0) size 3x12
                  text run at (0,0) width 3: " "
            RenderTableCell {TD} at (611,360) size 9x12 [bgcolor=#044140] [r=30 c=78 rs=1 cs=1]
              RenderInline {FONT} at (0,0) size 3x12
                RenderText {#text} at (0,0) size 3x12
                  text run at (0,0) width 3: " "
            RenderTableCell {TD} at (619,360) size 9x12 [bgcolor=#044140] [r=30 c=79 rs=1 cs=1]
              RenderInline {FONT} at (0,0) size 3x12
                RenderText {#text} at (0,0) size 3x12
                  text run at (0,0) width 3: " "
            RenderTableCell {TD} at (627,360) size 9x12 [bgcolor=#044140] [r=30 c=80 rs=1 cs=1]
              RenderInline {FONT} at (0,0) size 3x12
                RenderText {#text} at (0,0) size 3x12
                  text run at (0,0) width 3: " "
            RenderTableCell {TD} at (635,360) size 9x12 [bgcolor=#044140] [r=30 c=81 rs=1 cs=1]
              RenderInline {FONT} at (0,0) size 3x12
                RenderText {#text} at (0,0) size 3x12
                  text run at (0,0) width 3: " "
            RenderTableCell {TD} at (643,360) size 9x12 [bgcolor=#044140] [r=30 c=82 rs=1 cs=1]
              RenderInline {FONT} at (0,0) size 3x12
                RenderText {#text} at (0,0) size 3x12
                  text run at (0,0) width 3: " "
            RenderTableCell {TD} at (651,360) size 8x12 [bgcolor=#044140] [r=30 c=83 rs=1 cs=1]
              RenderInline {FONT} at (0,0) size 3x12
                RenderText {#text} at (0,0) size 3x12
                  text run at (0,0) width 3: " "
            RenderTableCell {TD} at (658,360) size 9x12 [bgcolor=#044140] [r=30 c=84 rs=1 cs=1]
              RenderInline {FONT} at (0,0) size 3x12
                RenderText {#text} at (0,0) size 3x12
                  text run at (0,0) width 3: " "
            RenderTableCell {TD} at (666,360) size 9x12 [bgcolor=#083131] [r=30 c=85 rs=1 cs=1]
              RenderInline {FONT} at (0,0) size 3x12
                RenderText {#text} at (0,0) size 3x12
                  text run at (0,0) width 3: " "
            RenderTableCell {TD} at (674,360) size 9x12 [bgcolor=#083131] [r=30 c=86 rs=1 cs=1]
              RenderInline {FONT} at (0,0) size 3x12
                RenderText {#text} at (0,0) size 3x12
                  text run at (0,0) width 3: " "
            RenderTableCell {TD} at (682,360) size 9x12 [bgcolor=#083131] [r=30 c=87 rs=1 cs=1]
              RenderInline {FONT} at (0,0) size 3x12
                RenderText {#text} at (0,0) size 3x12
                  text run at (0,0) width 3: " "
            RenderTableCell {TD} at (690,360) size 9x12 [bgcolor=#344C4E] [r=30 c=88 rs=1 cs=1]
              RenderInline {FONT} at (0,0) size 3x12
                RenderText {#text} at (0,0) size 3x12
                  text run at (0,0) width 3: " "
            RenderTableCell {TD} at (698,360) size 8x12 [bgcolor=#515C5B] [r=30 c=89 rs=1 cs=1]
              RenderInline {FONT} at (0,0) size 3x12
                RenderText {#text} at (0,0) size 3x12
                  text run at (0,0) width 3: " "
            RenderTableCell {TD} at (705,360) size 9x12 [bgcolor=#777878] [r=30 c=90 rs=1 cs=1]
              RenderInline {FONT} at (0,0) size 3x12
                RenderText {#text} at (0,0) size 3x12
                  text run at (0,0) width 3: " "
            RenderTableCell {TD} at (713,360) size 9x12 [bgcolor=#939494] [r=30 c=91 rs=1 cs=1]
              RenderInline {FONT} at (0,0) size 3x12
                RenderText {#text} at (0,0) size 3x12
                  text run at (0,0) width 3: " "
            RenderTableCell {TD} at (721,360) size 9x12 [bgcolor=#A5A6A6] [r=30 c=92 rs=1 cs=1]
              RenderInline {FONT} at (0,0) size 3x12
                RenderText {#text} at (0,0) size 3x12
                  text run at (0,0) width 3: " "
            RenderTableCell {TD} at (729,360) size 9x12 [bgcolor=#CECFCF] [r=30 c=93 rs=1 cs=1]
              RenderInline {FONT} at (0,0) size 3x12
                RenderText {#text} at (0,0) size 3x12
                  text run at (0,0) width 3: " "
            RenderTableCell {TD} at (737,360) size 9x12 [bgcolor=#E0EAE9] [r=30 c=94 rs=1 cs=1]
              RenderInline {FONT} at (0,0) size 3x12
                RenderText {#text} at (0,0) size 3x12
                  text run at (0,0) width 3: " "
            RenderTableCell {TD} at (745,360) size 8x12 [bgcolor=#FDFDFB] [r=30 c=95 rs=1 cs=1]
              RenderInline {FONT} at (0,0) size 3x12
                RenderText {#text} at (0,0) size 3x12
                  text run at (0,0) width 3: " "
            RenderTableCell {TD} at (753,360) size 8x12 [bgcolor=#FDFDFB] [r=30 c=96 rs=1 cs=1]
              RenderInline {FONT} at (0,0) size 3x12
                RenderText {#text} at (0,0) size 3x12
                  text run at (0,0) width 3: " "
            RenderTableCell {TD} at (760,360) size 9x12 [bgcolor=#FDFDFB] [r=30 c=97 rs=1 cs=1]
              RenderInline {FONT} at (0,0) size 3x12
                RenderText {#text} at (0,0) size 3x12
                  text run at (0,0) width 3: " "
            RenderTableCell {TD} at (768,360) size 9x12 [bgcolor=#FDFDFB] [r=30 c=98 rs=1 cs=1]
              RenderInline {FONT} at (0,0) size 3x12
                RenderText {#text} at (0,0) size 3x12
                  text run at (0,0) width 3: " "
            RenderTableCell {TD} at (776,360) size 9x12 [bgcolor=#FDFDFB] [r=30 c=99 rs=1 cs=1]
              RenderInline {FONT} at (0,0) size 3x12
                RenderText {#text} at (0,0) size 3x12
                  text run at (0,0) width 3: " "
          RenderTableRow {TR} at (0,372) size 784x12
            RenderTableCell {TD} at (0,372) size 8x12 [bgcolor=#FDFDFB] [r=31 c=0 rs=1 cs=1]
              RenderInline {FONT} at (0,0) size 3x12
                RenderText {#text} at (0,0) size 3x12
                  text run at (0,0) width 3: " "
            RenderTableCell {TD} at (7,372) size 9x12 [bgcolor=#FDFDFB] [r=31 c=1 rs=1 cs=1]
              RenderInline {FONT} at (0,0) size 3x12
                RenderText {#text} at (0,0) size 3x12
                  text run at (0,0) width 3: " "
            RenderTableCell {TD} at (15,372) size 9x12 [bgcolor=#FDFDFB] [r=31 c=2 rs=1 cs=1]
              RenderInline {FONT} at (0,0) size 3x12
                RenderText {#text} at (0,0) size 3x12
                  text run at (0,0) width 3: " "
            RenderTableCell {TD} at (23,372) size 9x12 [bgcolor=#FDFDFB] [r=31 c=3 rs=1 cs=1]
              RenderInline {FONT} at (0,0) size 3x12
                RenderText {#text} at (0,0) size 3x12
                  text run at (0,0) width 3: " "
            RenderTableCell {TD} at (31,372) size 9x12 [bgcolor=#FDFDFB] [r=31 c=4 rs=1 cs=1]
              RenderInline {FONT} at (0,0) size 3x12
                RenderText {#text} at (0,0) size 3x12
                  text run at (0,0) width 3: " "
            RenderTableCell {TD} at (39,372) size 9x12 [bgcolor=#FDFDFB] [r=31 c=5 rs=1 cs=1]
              RenderInline {FONT} at (0,0) size 3x12
                RenderText {#text} at (0,0) size 3x12
                  text run at (0,0) width 3: " "
            RenderTableCell {TD} at (47,372) size 8x12 [bgcolor=#FDFDFB] [r=31 c=6 rs=1 cs=1]
              RenderInline {FONT} at (0,0) size 3x12
                RenderText {#text} at (0,0) size 3x12
                  text run at (0,0) width 3: " "
            RenderTableCell {TD} at (54,372) size 9x12 [bgcolor=#FDFDFB] [r=31 c=7 rs=1 cs=1]
              RenderInline {FONT} at (0,0) size 3x12
                RenderText {#text} at (0,0) size 3x12
                  text run at (0,0) width 3: " "
            RenderTableCell {TD} at (62,372) size 9x12 [bgcolor=#FDFDFB] [r=31 c=8 rs=1 cs=1]
              RenderInline {FONT} at (0,0) size 3x12
                RenderText {#text} at (0,0) size 3x12
                  text run at (0,0) width 3: " "
            RenderTableCell {TD} at (70,372) size 9x12 [bgcolor=#FDFDFB] [r=31 c=9 rs=1 cs=1]
              RenderInline {FONT} at (0,0) size 3x12
                RenderText {#text} at (0,0) size 3x12
                  text run at (0,0) width 3: " "
            RenderTableCell {TD} at (78,372) size 9x12 [bgcolor=#FDFDFB] [r=31 c=10 rs=1 cs=1]
              RenderInline {FONT} at (0,0) size 3x12
                RenderText {#text} at (0,0) size 3x12
                  text run at (0,0) width 3: " "
            RenderTableCell {TD} at (86,372) size 9x12 [bgcolor=#FDFDFB] [r=31 c=11 rs=1 cs=1]
              RenderInline {FONT} at (0,0) size 3x12
                RenderText {#text} at (0,0) size 3x12
                  text run at (0,0) width 3: " "
            RenderTableCell {TD} at (94,372) size 8x12 [bgcolor=#FDFDFB] [r=31 c=12 rs=1 cs=1]
              RenderInline {FONT} at (0,0) size 3x12
                RenderText {#text} at (0,0) size 3x12
                  text run at (0,0) width 3: " "
            RenderTableCell {TD} at (101,372) size 9x12 [bgcolor=#FDFDFB] [r=31 c=13 rs=1 cs=1]
              RenderInline {FONT} at (0,0) size 3x12
                RenderText {#text} at (0,0) size 3x12
                  text run at (0,0) width 3: " "
            RenderTableCell {TD} at (109,372) size 9x12 [bgcolor=#FDFDFB] [r=31 c=14 rs=1 cs=1]
              RenderInline {FONT} at (0,0) size 3x12
                RenderText {#text} at (0,0) size 3x12
                  text run at (0,0) width 3: " "
            RenderTableCell {TD} at (117,372) size 9x12 [bgcolor=#FDFDFB] [r=31 c=15 rs=1 cs=1]
              RenderInline {FONT} at (0,0) size 3x12
                RenderText {#text} at (0,0) size 3x12
                  text run at (0,0) width 3: " "
            RenderTableCell {TD} at (125,372) size 9x12 [bgcolor=#FDFDFB] [r=31 c=16 rs=1 cs=1]
              RenderInline {FONT} at (0,0) size 3x12
                RenderText {#text} at (0,0) size 3x12
                  text run at (0,0) width 3: " "
            RenderTableCell {TD} at (133,372) size 9x12 [bgcolor=#FDFDFB] [r=31 c=17 rs=1 cs=1]
              RenderInline {FONT} at (0,0) size 3x12
                RenderText {#text} at (0,0) size 3x12
                  text run at (0,0) width 3: " "
            RenderTableCell {TD} at (141,372) size 9x12 [bgcolor=#FDFDFB] [r=31 c=18 rs=1 cs=1]
              RenderInline {FONT} at (0,0) size 3x12
                RenderText {#text} at (0,0) size 3x12
                  text run at (0,0) width 3: " "
            RenderTableCell {TD} at (149,372) size 8x12 [bgcolor=#FDFDFB] [r=31 c=19 rs=1 cs=1]
              RenderInline {FONT} at (0,0) size 3x12
                RenderText {#text} at (0,0) size 3x12
                  text run at (0,0) width 3: " "
            RenderTableCell {TD} at (156,372) size 9x12 [bgcolor=#FDFDFB] [r=31 c=20 rs=1 cs=1]
              RenderInline {FONT} at (0,0) size 3x12
                RenderText {#text} at (0,0) size 3x12
                  text run at (0,0) width 3: " "
            RenderTableCell {TD} at (164,372) size 9x12 [bgcolor=#FDFDFB] [r=31 c=21 rs=1 cs=1]
              RenderInline {FONT} at (0,0) size 3x12
                RenderText {#text} at (0,0) size 3x12
                  text run at (0,0) width 3: " "
            RenderTableCell {TD} at (172,372) size 9x12 [bgcolor=#FDFDFB] [r=31 c=22 rs=1 cs=1]
              RenderInline {FONT} at (0,0) size 3x12
                RenderText {#text} at (0,0) size 3x12
                  text run at (0,0) width 3: " "
            RenderTableCell {TD} at (180,372) size 9x12 [bgcolor=#FDFDFB] [r=31 c=23 rs=1 cs=1]
              RenderInline {FONT} at (0,0) size 3x12
                RenderText {#text} at (0,0) size 3x12
                  text run at (0,0) width 3: " "
            RenderTableCell {TD} at (188,372) size 9x12 [bgcolor=#FDFDFB] [r=31 c=24 rs=1 cs=1]
              RenderInline {FONT} at (0,0) size 3x12
                RenderText {#text} at (0,0) size 3x12
                  text run at (0,0) width 3: " "
            RenderTableCell {TD} at (196,372) size 8x12 [bgcolor=#FDFDFB] [r=31 c=25 rs=1 cs=1]
              RenderInline {FONT} at (0,0) size 3x12
                RenderText {#text} at (0,0) size 3x12
                  text run at (0,0) width 3: " "
            RenderTableCell {TD} at (203,372) size 9x12 [bgcolor=#FDFDFB] [r=31 c=26 rs=1 cs=1]
              RenderInline {FONT} at (0,0) size 3x12
                RenderText {#text} at (0,0) size 3x12
                  text run at (0,0) width 3: " "
            RenderTableCell {TD} at (211,372) size 9x12 [bgcolor=#FDFDFB] [r=31 c=27 rs=1 cs=1]
              RenderInline {FONT} at (0,0) size 3x12
                RenderText {#text} at (0,0) size 3x12
                  text run at (0,0) width 3: " "
            RenderTableCell {TD} at (219,372) size 9x12 [bgcolor=#FDFDFB] [r=31 c=28 rs=1 cs=1]
              RenderInline {FONT} at (0,0) size 3x12
                RenderText {#text} at (0,0) size 3x12
                  text run at (0,0) width 3: " "
            RenderTableCell {TD} at (227,372) size 9x12 [bgcolor=#FDFDFB] [r=31 c=29 rs=1 cs=1]
              RenderInline {FONT} at (0,0) size 3x12
                RenderText {#text} at (0,0) size 3x12
                  text run at (0,0) width 3: " "
            RenderTableCell {TD} at (235,372) size 9x12 [bgcolor=#FDFDFB] [r=31 c=30 rs=1 cs=1]
              RenderInline {FONT} at (0,0) size 3x12
                RenderText {#text} at (0,0) size 3x12
                  text run at (0,0) width 3: " "
            RenderTableCell {TD} at (243,372) size 8x12 [bgcolor=#FDFDFB] [r=31 c=31 rs=1 cs=1]
              RenderInline {FONT} at (0,0) size 3x12
                RenderText {#text} at (0,0) size 3x12
                  text run at (0,0) width 3: " "
            RenderTableCell {TD} at (251,372) size 8x12 [bgcolor=#FDFDFB] [r=31 c=32 rs=1 cs=1]
              RenderInline {FONT} at (0,0) size 3x12
                RenderText {#text} at (0,0) size 3x12
                  text run at (0,0) width 3: " "
            RenderTableCell {TD} at (258,372) size 9x12 [bgcolor=#FDFDFB] [r=31 c=33 rs=1 cs=1]
              RenderInline {FONT} at (0,0) size 3x12
                RenderText {#text} at (0,0) size 3x12
                  text run at (0,0) width 3: " "
            RenderTableCell {TD} at (266,372) size 9x12 [bgcolor=#FDFDFB] [r=31 c=34 rs=1 cs=1]
              RenderInline {FONT} at (0,0) size 3x12
                RenderText {#text} at (0,0) size 3x12
                  text run at (0,0) width 3: " "
            RenderTableCell {TD} at (274,372) size 9x12 [bgcolor=#FDFDFB] [r=31 c=35 rs=1 cs=1]
              RenderInline {FONT} at (0,0) size 3x12
                RenderText {#text} at (0,0) size 3x12
                  text run at (0,0) width 3: " "
            RenderTableCell {TD} at (282,372) size 9x12 [bgcolor=#FDFDFB] [r=31 c=36 rs=1 cs=1]
              RenderInline {FONT} at (0,0) size 3x12
                RenderText {#text} at (0,0) size 3x12
                  text run at (0,0) width 3: " "
            RenderTableCell {TD} at (290,372) size 9x12 [bgcolor=#FDFDFB] [r=31 c=37 rs=1 cs=1]
              RenderInline {FONT} at (0,0) size 3x12
                RenderText {#text} at (0,0) size 3x12
                  text run at (0,0) width 3: " "
            RenderTableCell {TD} at (298,372) size 8x12 [bgcolor=#FDFDFB] [r=31 c=38 rs=1 cs=1]
              RenderInline {FONT} at (0,0) size 3x12
                RenderText {#text} at (0,0) size 3x12
                  text run at (0,0) width 3: " "
            RenderTableCell {TD} at (305,372) size 9x12 [bgcolor=#FDFDFB] [r=31 c=39 rs=1 cs=1]
              RenderInline {FONT} at (0,0) size 3x12
                RenderText {#text} at (0,0) size 3x12
                  text run at (0,0) width 3: " "
            RenderTableCell {TD} at (313,372) size 9x12 [bgcolor=#FDFDFB] [r=31 c=40 rs=1 cs=1]
              RenderInline {FONT} at (0,0) size 3x12
                RenderText {#text} at (0,0) size 3x12
                  text run at (0,0) width 3: " "
            RenderTableCell {TD} at (321,372) size 9x12 [bgcolor=#FDFDFB] [r=31 c=41 rs=1 cs=1]
              RenderInline {FONT} at (0,0) size 3x12
                RenderText {#text} at (0,0) size 3x12
                  text run at (0,0) width 3: " "
            RenderTableCell {TD} at (329,372) size 9x12 [bgcolor=#FDFDFB] [r=31 c=42 rs=1 cs=1]
              RenderInline {FONT} at (0,0) size 3x12
                RenderText {#text} at (0,0) size 3x12
                  text run at (0,0) width 3: " "
            RenderTableCell {TD} at (337,372) size 9x12 [bgcolor=#FDFDFB] [r=31 c=43 rs=1 cs=1]
              RenderInline {FONT} at (0,0) size 3x12
                RenderText {#text} at (0,0) size 3x12
                  text run at (0,0) width 3: " "
            RenderTableCell {TD} at (345,372) size 8x12 [bgcolor=#FDFDFB] [r=31 c=44 rs=1 cs=1]
              RenderInline {FONT} at (0,0) size 3x12
                RenderText {#text} at (0,0) size 3x12
                  text run at (0,0) width 3: " "
            RenderTableCell {TD} at (352,372) size 9x12 [bgcolor=#FDFDFB] [r=31 c=45 rs=1 cs=1]
              RenderInline {FONT} at (0,0) size 3x12
                RenderText {#text} at (0,0) size 3x12
                  text run at (0,0) width 3: " "
            RenderTableCell {TD} at (360,372) size 9x12 [bgcolor=#FDFDFB] [r=31 c=46 rs=1 cs=1]
              RenderInline {FONT} at (0,0) size 3x12
                RenderText {#text} at (0,0) size 3x12
                  text run at (0,0) width 3: " "
            RenderTableCell {TD} at (368,372) size 9x12 [bgcolor=#FDFDFB] [r=31 c=47 rs=1 cs=1]
              RenderInline {FONT} at (0,0) size 3x12
                RenderText {#text} at (0,0) size 3x12
                  text run at (0,0) width 3: " "
            RenderTableCell {TD} at (376,372) size 9x12 [bgcolor=#FDFDFB] [r=31 c=48 rs=1 cs=1]
              RenderInline {FONT} at (0,0) size 3x12
                RenderText {#text} at (0,0) size 3x12
                  text run at (0,0) width 3: " "
            RenderTableCell {TD} at (384,372) size 9x12 [bgcolor=#FDFDFB] [r=31 c=49 rs=1 cs=1]
              RenderInline {FONT} at (0,0) size 3x12
                RenderText {#text} at (0,0) size 3x12
                  text run at (0,0) width 3: " "
            RenderTableCell {TD} at (392,372) size 9x12 [bgcolor=#FDFDFB] [r=31 c=50 rs=1 cs=1]
              RenderInline {FONT} at (0,0) size 3x12
                RenderText {#text} at (0,0) size 3x12
                  text run at (0,0) width 3: " "
            RenderTableCell {TD} at (400,372) size 8x12 [bgcolor=#FDFDFB] [r=31 c=51 rs=1 cs=1]
              RenderInline {FONT} at (0,0) size 3x12
                RenderText {#text} at (0,0) size 3x12
                  text run at (0,0) width 3: " "
            RenderTableCell {TD} at (407,372) size 9x12 [bgcolor=#FDFDFB] [r=31 c=52 rs=1 cs=1]
              RenderInline {FONT} at (0,0) size 3x12
                RenderText {#text} at (0,0) size 3x12
                  text run at (0,0) width 3: " "
            RenderTableCell {TD} at (415,372) size 9x12 [bgcolor=#FDFDFB] [r=31 c=53 rs=1 cs=1]
              RenderInline {FONT} at (0,0) size 3x12
                RenderText {#text} at (0,0) size 3x12
                  text run at (0,0) width 3: " "
            RenderTableCell {TD} at (423,372) size 9x12 [bgcolor=#FDFDFB] [r=31 c=54 rs=1 cs=1]
              RenderInline {FONT} at (0,0) size 3x12
                RenderText {#text} at (0,0) size 3x12
                  text run at (0,0) width 3: " "
            RenderTableCell {TD} at (431,372) size 9x12 [bgcolor=#FDFDFB] [r=31 c=55 rs=1 cs=1]
              RenderInline {FONT} at (0,0) size 3x12
                RenderText {#text} at (0,0) size 3x12
                  text run at (0,0) width 3: " "
            RenderTableCell {TD} at (439,372) size 9x12 [bgcolor=#FDFDFB] [r=31 c=56 rs=1 cs=1]
              RenderInline {FONT} at (0,0) size 3x12
                RenderText {#text} at (0,0) size 3x12
                  text run at (0,0) width 3: " "
            RenderTableCell {TD} at (447,372) size 8x12 [bgcolor=#FDFDFB] [r=31 c=57 rs=1 cs=1]
              RenderInline {FONT} at (0,0) size 3x12
                RenderText {#text} at (0,0) size 3x12
                  text run at (0,0) width 3: " "
            RenderTableCell {TD} at (454,372) size 9x12 [bgcolor=#FDFDFB] [r=31 c=58 rs=1 cs=1]
              RenderInline {FONT} at (0,0) size 3x12
                RenderText {#text} at (0,0) size 3x12
                  text run at (0,0) width 3: " "
            RenderTableCell {TD} at (462,372) size 9x12 [bgcolor=#FDFDFB] [r=31 c=59 rs=1 cs=1]
              RenderInline {FONT} at (0,0) size 3x12
                RenderText {#text} at (0,0) size 3x12
                  text run at (0,0) width 3: " "
            RenderTableCell {TD} at (470,372) size 9x12 [bgcolor=#FDFDFB] [r=31 c=60 rs=1 cs=1]
              RenderInline {FONT} at (0,0) size 3x12
                RenderText {#text} at (0,0) size 3x12
                  text run at (0,0) width 3: " "
            RenderTableCell {TD} at (478,372) size 9x12 [bgcolor=#FDFDFB] [r=31 c=61 rs=1 cs=1]
              RenderInline {FONT} at (0,0) size 3x12
                RenderText {#text} at (0,0) size 3x12
                  text run at (0,0) width 3: " "
            RenderTableCell {TD} at (486,372) size 9x12 [bgcolor=#FDFDFB] [r=31 c=62 rs=1 cs=1]
              RenderInline {FONT} at (0,0) size 3x12
                RenderText {#text} at (0,0) size 3x12
                  text run at (0,0) width 3: " "
            RenderTableCell {TD} at (494,372) size 8x12 [bgcolor=#FDFDFB] [r=31 c=63 rs=1 cs=1]
              RenderInline {FONT} at (0,0) size 3x12
                RenderText {#text} at (0,0) size 3x12
                  text run at (0,0) width 3: " "
            RenderTableCell {TD} at (502,372) size 8x12 [bgcolor=#FDFDFB] [r=31 c=64 rs=1 cs=1]
              RenderInline {FONT} at (0,0) size 3x12
                RenderText {#text} at (0,0) size 3x12
                  text run at (0,0) width 3: " "
            RenderTableCell {TD} at (509,372) size 9x12 [bgcolor=#EDEEEF] [r=31 c=65 rs=1 cs=1]
              RenderInline {FONT} at (0,0) size 3x12
                RenderText {#text} at (0,0) size 3x12
                  text run at (0,0) width 3: " "
            RenderTableCell {TD} at (517,372) size 9x12 [bgcolor=#DEDFDF] [r=31 c=66 rs=1 cs=1]
              RenderInline {FONT} at (0,0) size 3x12
                RenderText {#text} at (0,0) size 3x12
                  text run at (0,0) width 3: " "
            RenderTableCell {TD} at (525,372) size 9x12 [bgcolor=#B4B4B4] [r=31 c=67 rs=1 cs=1]
              RenderInline {FONT} at (0,0) size 3x12
                RenderText {#text} at (0,0) size 3x12
                  text run at (0,0) width 3: " "
            RenderTableCell {TD} at (533,372) size 9x12 [bgcolor=#91A3A3] [r=31 c=68 rs=1 cs=1]
              RenderInline {FONT} at (0,0) size 3x12
                RenderText {#text} at (0,0) size 3x12
                  text run at (0,0) width 3: " "
            RenderTableCell {TD} at (541,372) size 9x12 [bgcolor=#848788] [r=31 c=69 rs=1 cs=1]
              RenderInline {FONT} at (0,0) size 3x12
                RenderText {#text} at (0,0) size 3x12
                  text run at (0,0) width 3: " "
            RenderTableCell {TD} at (549,372) size 8x12 [bgcolor=#647979] [r=31 c=70 rs=1 cs=1]
              RenderInline {FONT} at (0,0) size 3x12
                RenderText {#text} at (0,0) size 3x12
                  text run at (0,0) width 3: " "
            RenderTableCell {TD} at (556,372) size 9x12 [bgcolor=#515C5B] [r=31 c=71 rs=1 cs=1]
              RenderInline {FONT} at (0,0) size 3x12
                RenderText {#text} at (0,0) size 3x12
                  text run at (0,0) width 3: " "
            RenderTableCell {TD} at (564,372) size 9x12 [bgcolor=#425A5A] [r=31 c=72 rs=1 cs=1]
              RenderInline {FONT} at (0,0) size 3x12
                RenderText {#text} at (0,0) size 3x12
                  text run at (0,0) width 3: " "
            RenderTableCell {TD} at (572,372) size 9x12 [bgcolor=#344C4E] [r=31 c=73 rs=1 cs=1]
              RenderInline {FONT} at (0,0) size 3x12
                RenderText {#text} at (0,0) size 3x12
                  text run at (0,0) width 3: " "
            RenderTableCell {TD} at (580,372) size 9x12 [bgcolor=#344C4E] [r=31 c=74 rs=1 cs=1]
              RenderInline {FONT} at (0,0) size 3x12
                RenderText {#text} at (0,0) size 3x12
                  text run at (0,0) width 3: " "
            RenderTableCell {TD} at (588,372) size 9x12 [bgcolor=#344C4E] [r=31 c=75 rs=1 cs=1]
              RenderInline {FONT} at (0,0) size 3x12
                RenderText {#text} at (0,0) size 3x12
                  text run at (0,0) width 3: " "
            RenderTableCell {TD} at (596,372) size 8x12 [bgcolor=#274C4D] [r=31 c=76 rs=1 cs=1]
              RenderInline {FONT} at (0,0) size 3x12
                RenderText {#text} at (0,0) size 3x12
                  text run at (0,0) width 3: " "
            RenderTableCell {TD} at (603,372) size 9x12 [bgcolor=#274C4D] [r=31 c=77 rs=1 cs=1]
              RenderInline {FONT} at (0,0) size 3x12
                RenderText {#text} at (0,0) size 3x12
                  text run at (0,0) width 3: " "
            RenderTableCell {TD} at (611,372) size 9x12 [bgcolor=#223C3D] [r=31 c=78 rs=1 cs=1]
              RenderInline {FONT} at (0,0) size 3x12
                RenderText {#text} at (0,0) size 3x12
                  text run at (0,0) width 3: " "
            RenderTableCell {TD} at (619,372) size 9x12 [bgcolor=#274C4D] [r=31 c=79 rs=1 cs=1]
              RenderInline {FONT} at (0,0) size 3x12
                RenderText {#text} at (0,0) size 3x12
                  text run at (0,0) width 3: " "
            RenderTableCell {TD} at (627,372) size 9x12 [bgcolor=#274C4D] [r=31 c=80 rs=1 cs=1]
              RenderInline {FONT} at (0,0) size 3x12
                RenderText {#text} at (0,0) size 3x12
                  text run at (0,0) width 3: " "
            RenderTableCell {TD} at (635,372) size 9x12 [bgcolor=#274C4D] [r=31 c=81 rs=1 cs=1]
              RenderInline {FONT} at (0,0) size 3x12
                RenderText {#text} at (0,0) size 3x12
                  text run at (0,0) width 3: " "
            RenderTableCell {TD} at (643,372) size 9x12 [bgcolor=#344C4E] [r=31 c=82 rs=1 cs=1]
              RenderInline {FONT} at (0,0) size 3x12
                RenderText {#text} at (0,0) size 3x12
                  text run at (0,0) width 3: " "
            RenderTableCell {TD} at (651,372) size 8x12 [bgcolor=#344C4E] [r=31 c=83 rs=1 cs=1]
              RenderInline {FONT} at (0,0) size 3x12
                RenderText {#text} at (0,0) size 3x12
                  text run at (0,0) width 3: " "
            RenderTableCell {TD} at (658,372) size 9x12 [bgcolor=#344C4E] [r=31 c=84 rs=1 cs=1]
              RenderInline {FONT} at (0,0) size 3x12
                RenderText {#text} at (0,0) size 3x12
                  text run at (0,0) width 3: " "
            RenderTableCell {TD} at (666,372) size 9x12 [bgcolor=#5E5F60] [r=31 c=85 rs=1 cs=1]
              RenderInline {FONT} at (0,0) size 3x12
                RenderText {#text} at (0,0) size 3x12
                  text run at (0,0) width 3: " "
            RenderTableCell {TD} at (674,372) size 9x12 [bgcolor=#777878] [r=31 c=86 rs=1 cs=1]
              RenderInline {FONT} at (0,0) size 3x12
                RenderText {#text} at (0,0) size 3x12
                  text run at (0,0) width 3: " "
            RenderTableCell {TD} at (682,372) size 9x12 [bgcolor=#848788] [r=31 c=87 rs=1 cs=1]
              RenderInline {FONT} at (0,0) size 3x12
                RenderText {#text} at (0,0) size 3x12
                  text run at (0,0) width 3: " "
            RenderTableCell {TD} at (690,372) size 9x12 [bgcolor=#848788] [r=31 c=88 rs=1 cs=1]
              RenderInline {FONT} at (0,0) size 3x12
                RenderText {#text} at (0,0) size 3x12
                  text run at (0,0) width 3: " "
            RenderTableCell {TD} at (698,372) size 8x12 [bgcolor=#939494] [r=31 c=89 rs=1 cs=1]
              RenderInline {FONT} at (0,0) size 3x12
                RenderText {#text} at (0,0) size 3x12
                  text run at (0,0) width 3: " "
            RenderTableCell {TD} at (705,372) size 9x12 [bgcolor=#B4B4B4] [r=31 c=90 rs=1 cs=1]
              RenderInline {FONT} at (0,0) size 3x12
                RenderText {#text} at (0,0) size 3x12
                  text run at (0,0) width 3: " "
            RenderTableCell {TD} at (713,372) size 9x12 [bgcolor=#BEC2C2] [r=31 c=91 rs=1 cs=1]
              RenderInline {FONT} at (0,0) size 3x12
                RenderText {#text} at (0,0) size 3x12
                  text run at (0,0) width 3: " "
            RenderTableCell {TD} at (721,372) size 9x12 [bgcolor=#DEDFDF] [r=31 c=92 rs=1 cs=1]
              RenderInline {FONT} at (0,0) size 3x12
                RenderText {#text} at (0,0) size 3x12
                  text run at (0,0) width 3: " "
            RenderTableCell {TD} at (729,372) size 9x12 [bgcolor=#EDEEEF] [r=31 c=93 rs=1 cs=1]
              RenderInline {FONT} at (0,0) size 3x12
                RenderText {#text} at (0,0) size 3x12
                  text run at (0,0) width 3: " "
            RenderTableCell {TD} at (737,372) size 9x12 [bgcolor=#FDFDFB] [r=31 c=94 rs=1 cs=1]
              RenderInline {FONT} at (0,0) size 3x12
                RenderText {#text} at (0,0) size 3x12
                  text run at (0,0) width 3: " "
            RenderTableCell {TD} at (745,372) size 8x12 [bgcolor=#FDFDFB] [r=31 c=95 rs=1 cs=1]
              RenderInline {FONT} at (0,0) size 3x12
                RenderText {#text} at (0,0) size 3x12
                  text run at (0,0) width 3: " "
            RenderTableCell {TD} at (753,372) size 8x12 [bgcolor=#FDFDFB] [r=31 c=96 rs=1 cs=1]
              RenderInline {FONT} at (0,0) size 3x12
                RenderText {#text} at (0,0) size 3x12
                  text run at (0,0) width 3: " "
            RenderTableCell {TD} at (760,372) size 9x12 [bgcolor=#FDFDFB] [r=31 c=97 rs=1 cs=1]
              RenderInline {FONT} at (0,0) size 3x12
                RenderText {#text} at (0,0) size 3x12
                  text run at (0,0) width 3: " "
            RenderTableCell {TD} at (768,372) size 9x12 [bgcolor=#FDFDFB] [r=31 c=98 rs=1 cs=1]
              RenderInline {FONT} at (0,0) size 3x12
                RenderText {#text} at (0,0) size 3x12
                  text run at (0,0) width 3: " "
            RenderTableCell {TD} at (776,372) size 9x12 [bgcolor=#FDFDFB] [r=31 c=99 rs=1 cs=1]
              RenderInline {FONT} at (0,0) size 3x12
                RenderText {#text} at (0,0) size 3x12
                  text run at (0,0) width 3: " "
          RenderTableRow {TR} at (0,384) size 784x12
            RenderTableCell {TD} at (0,384) size 8x12 [bgcolor=#FDFDFB] [r=32 c=0 rs=1 cs=1]
              RenderInline {FONT} at (0,0) size 3x12
                RenderText {#text} at (0,0) size 3x12
                  text run at (0,0) width 3: " "
            RenderTableCell {TD} at (7,384) size 9x12 [bgcolor=#FDFDFB] [r=32 c=1 rs=1 cs=1]
              RenderInline {FONT} at (0,0) size 3x12
                RenderText {#text} at (0,0) size 3x12
                  text run at (0,0) width 3: " "
            RenderTableCell {TD} at (15,384) size 9x12 [bgcolor=#FDFDFB] [r=32 c=2 rs=1 cs=1]
              RenderInline {FONT} at (0,0) size 3x12
                RenderText {#text} at (0,0) size 3x12
                  text run at (0,0) width 3: " "
            RenderTableCell {TD} at (23,384) size 9x12 [bgcolor=#FDFDFB] [r=32 c=3 rs=1 cs=1]
              RenderInline {FONT} at (0,0) size 3x12
                RenderText {#text} at (0,0) size 3x12
                  text run at (0,0) width 3: " "
            RenderTableCell {TD} at (31,384) size 9x12 [bgcolor=#FDFDFB] [r=32 c=4 rs=1 cs=1]
              RenderInline {FONT} at (0,0) size 3x12
                RenderText {#text} at (0,0) size 3x12
                  text run at (0,0) width 3: " "
            RenderTableCell {TD} at (39,384) size 9x12 [bgcolor=#FDFDFB] [r=32 c=5 rs=1 cs=1]
              RenderInline {FONT} at (0,0) size 3x12
                RenderText {#text} at (0,0) size 3x12
                  text run at (0,0) width 3: " "
            RenderTableCell {TD} at (47,384) size 8x12 [bgcolor=#FDFDFB] [r=32 c=6 rs=1 cs=1]
              RenderInline {FONT} at (0,0) size 3x12
                RenderText {#text} at (0,0) size 3x12
                  text run at (0,0) width 3: " "
            RenderTableCell {TD} at (54,384) size 9x12 [bgcolor=#FDFDFB] [r=32 c=7 rs=1 cs=1]
              RenderInline {FONT} at (0,0) size 3x12
                RenderText {#text} at (0,0) size 3x12
                  text run at (0,0) width 3: " "
            RenderTableCell {TD} at (62,384) size 9x12 [bgcolor=#FDFDFB] [r=32 c=8 rs=1 cs=1]
              RenderInline {FONT} at (0,0) size 3x12
                RenderText {#text} at (0,0) size 3x12
                  text run at (0,0) width 3: " "
            RenderTableCell {TD} at (70,384) size 9x12 [bgcolor=#FDFDFB] [r=32 c=9 rs=1 cs=1]
              RenderInline {FONT} at (0,0) size 3x12
                RenderText {#text} at (0,0) size 3x12
                  text run at (0,0) width 3: " "
            RenderTableCell {TD} at (78,384) size 9x12 [bgcolor=#FDFDFB] [r=32 c=10 rs=1 cs=1]
              RenderInline {FONT} at (0,0) size 3x12
                RenderText {#text} at (0,0) size 3x12
                  text run at (0,0) width 3: " "
            RenderTableCell {TD} at (86,384) size 9x12 [bgcolor=#FDFDFB] [r=32 c=11 rs=1 cs=1]
              RenderInline {FONT} at (0,0) size 3x12
                RenderText {#text} at (0,0) size 3x12
                  text run at (0,0) width 3: " "
            RenderTableCell {TD} at (94,384) size 8x12 [bgcolor=#FDFDFB] [r=32 c=12 rs=1 cs=1]
              RenderInline {FONT} at (0,0) size 3x12
                RenderText {#text} at (0,0) size 3x12
                  text run at (0,0) width 3: " "
            RenderTableCell {TD} at (101,384) size 9x12 [bgcolor=#FDFDFB] [r=32 c=13 rs=1 cs=1]
              RenderInline {FONT} at (0,0) size 3x12
                RenderText {#text} at (0,0) size 3x12
                  text run at (0,0) width 3: " "
            RenderTableCell {TD} at (109,384) size 9x12 [bgcolor=#FDFDFB] [r=32 c=14 rs=1 cs=1]
              RenderInline {FONT} at (0,0) size 3x12
                RenderText {#text} at (0,0) size 3x12
                  text run at (0,0) width 3: " "
            RenderTableCell {TD} at (117,384) size 9x12 [bgcolor=#FDFDFB] [r=32 c=15 rs=1 cs=1]
              RenderInline {FONT} at (0,0) size 3x12
                RenderText {#text} at (0,0) size 3x12
                  text run at (0,0) width 3: " "
            RenderTableCell {TD} at (125,384) size 9x12 [bgcolor=#FDFDFB] [r=32 c=16 rs=1 cs=1]
              RenderInline {FONT} at (0,0) size 3x12
                RenderText {#text} at (0,0) size 3x12
                  text run at (0,0) width 3: " "
            RenderTableCell {TD} at (133,384) size 9x12 [bgcolor=#FDFDFB] [r=32 c=17 rs=1 cs=1]
              RenderInline {FONT} at (0,0) size 3x12
                RenderText {#text} at (0,0) size 3x12
                  text run at (0,0) width 3: " "
            RenderTableCell {TD} at (141,384) size 9x12 [bgcolor=#FDFDFB] [r=32 c=18 rs=1 cs=1]
              RenderInline {FONT} at (0,0) size 3x12
                RenderText {#text} at (0,0) size 3x12
                  text run at (0,0) width 3: " "
            RenderTableCell {TD} at (149,384) size 8x12 [bgcolor=#FDFDFB] [r=32 c=19 rs=1 cs=1]
              RenderInline {FONT} at (0,0) size 3x12
                RenderText {#text} at (0,0) size 3x12
                  text run at (0,0) width 3: " "
            RenderTableCell {TD} at (156,384) size 9x12 [bgcolor=#FDFDFB] [r=32 c=20 rs=1 cs=1]
              RenderInline {FONT} at (0,0) size 3x12
                RenderText {#text} at (0,0) size 3x12
                  text run at (0,0) width 3: " "
            RenderTableCell {TD} at (164,384) size 9x12 [bgcolor=#FDFDFB] [r=32 c=21 rs=1 cs=1]
              RenderInline {FONT} at (0,0) size 3x12
                RenderText {#text} at (0,0) size 3x12
                  text run at (0,0) width 3: " "
            RenderTableCell {TD} at (172,384) size 9x12 [bgcolor=#FDFDFB] [r=32 c=22 rs=1 cs=1]
              RenderInline {FONT} at (0,0) size 3x12
                RenderText {#text} at (0,0) size 3x12
                  text run at (0,0) width 3: " "
            RenderTableCell {TD} at (180,384) size 9x12 [bgcolor=#FDFDFB] [r=32 c=23 rs=1 cs=1]
              RenderInline {FONT} at (0,0) size 3x12
                RenderText {#text} at (0,0) size 3x12
                  text run at (0,0) width 3: " "
            RenderTableCell {TD} at (188,384) size 9x12 [bgcolor=#FDFDFB] [r=32 c=24 rs=1 cs=1]
              RenderInline {FONT} at (0,0) size 3x12
                RenderText {#text} at (0,0) size 3x12
                  text run at (0,0) width 3: " "
            RenderTableCell {TD} at (196,384) size 8x12 [bgcolor=#FDFDFB] [r=32 c=25 rs=1 cs=1]
              RenderInline {FONT} at (0,0) size 3x12
                RenderText {#text} at (0,0) size 3x12
                  text run at (0,0) width 3: " "
            RenderTableCell {TD} at (203,384) size 9x12 [bgcolor=#FDFDFB] [r=32 c=26 rs=1 cs=1]
              RenderInline {FONT} at (0,0) size 3x12
                RenderText {#text} at (0,0) size 3x12
                  text run at (0,0) width 3: " "
            RenderTableCell {TD} at (211,384) size 9x12 [bgcolor=#FDFDFB] [r=32 c=27 rs=1 cs=1]
              RenderInline {FONT} at (0,0) size 3x12
                RenderText {#text} at (0,0) size 3x12
                  text run at (0,0) width 3: " "
            RenderTableCell {TD} at (219,384) size 9x12 [bgcolor=#FDFDFB] [r=32 c=28 rs=1 cs=1]
              RenderInline {FONT} at (0,0) size 3x12
                RenderText {#text} at (0,0) size 3x12
                  text run at (0,0) width 3: " "
            RenderTableCell {TD} at (227,384) size 9x12 [bgcolor=#FDFDFB] [r=32 c=29 rs=1 cs=1]
              RenderInline {FONT} at (0,0) size 3x12
                RenderText {#text} at (0,0) size 3x12
                  text run at (0,0) width 3: " "
            RenderTableCell {TD} at (235,384) size 9x12 [bgcolor=#FDFDFB] [r=32 c=30 rs=1 cs=1]
              RenderInline {FONT} at (0,0) size 3x12
                RenderText {#text} at (0,0) size 3x12
                  text run at (0,0) width 3: " "
            RenderTableCell {TD} at (243,384) size 8x12 [bgcolor=#FDFDFB] [r=32 c=31 rs=1 cs=1]
              RenderInline {FONT} at (0,0) size 3x12
                RenderText {#text} at (0,0) size 3x12
                  text run at (0,0) width 3: " "
            RenderTableCell {TD} at (251,384) size 8x12 [bgcolor=#FDFDFB] [r=32 c=32 rs=1 cs=1]
              RenderInline {FONT} at (0,0) size 3x12
                RenderText {#text} at (0,0) size 3x12
                  text run at (0,0) width 3: " "
            RenderTableCell {TD} at (258,384) size 9x12 [bgcolor=#FDFDFB] [r=32 c=33 rs=1 cs=1]
              RenderInline {FONT} at (0,0) size 3x12
                RenderText {#text} at (0,0) size 3x12
                  text run at (0,0) width 3: " "
            RenderTableCell {TD} at (266,384) size 9x12 [bgcolor=#FDFDFB] [r=32 c=34 rs=1 cs=1]
              RenderInline {FONT} at (0,0) size 3x12
                RenderText {#text} at (0,0) size 3x12
                  text run at (0,0) width 3: " "
            RenderTableCell {TD} at (274,384) size 9x12 [bgcolor=#FDFDFB] [r=32 c=35 rs=1 cs=1]
              RenderInline {FONT} at (0,0) size 3x12
                RenderText {#text} at (0,0) size 3x12
                  text run at (0,0) width 3: " "
            RenderTableCell {TD} at (282,384) size 9x12 [bgcolor=#FDFDFB] [r=32 c=36 rs=1 cs=1]
              RenderInline {FONT} at (0,0) size 3x12
                RenderText {#text} at (0,0) size 3x12
                  text run at (0,0) width 3: " "
            RenderTableCell {TD} at (290,384) size 9x12 [bgcolor=#FDFDFB] [r=32 c=37 rs=1 cs=1]
              RenderInline {FONT} at (0,0) size 3x12
                RenderText {#text} at (0,0) size 3x12
                  text run at (0,0) width 3: " "
            RenderTableCell {TD} at (298,384) size 8x12 [bgcolor=#FDFDFB] [r=32 c=38 rs=1 cs=1]
              RenderInline {FONT} at (0,0) size 3x12
                RenderText {#text} at (0,0) size 3x12
                  text run at (0,0) width 3: " "
            RenderTableCell {TD} at (305,384) size 9x12 [bgcolor=#FDFDFB] [r=32 c=39 rs=1 cs=1]
              RenderInline {FONT} at (0,0) size 3x12
                RenderText {#text} at (0,0) size 3x12
                  text run at (0,0) width 3: " "
            RenderTableCell {TD} at (313,384) size 9x12 [bgcolor=#FDFDFB] [r=32 c=40 rs=1 cs=1]
              RenderInline {FONT} at (0,0) size 3x12
                RenderText {#text} at (0,0) size 3x12
                  text run at (0,0) width 3: " "
            RenderTableCell {TD} at (321,384) size 9x12 [bgcolor=#FDFDFB] [r=32 c=41 rs=1 cs=1]
              RenderInline {FONT} at (0,0) size 3x12
                RenderText {#text} at (0,0) size 3x12
                  text run at (0,0) width 3: " "
            RenderTableCell {TD} at (329,384) size 9x12 [bgcolor=#FDFDFB] [r=32 c=42 rs=1 cs=1]
              RenderInline {FONT} at (0,0) size 3x12
                RenderText {#text} at (0,0) size 3x12
                  text run at (0,0) width 3: " "
            RenderTableCell {TD} at (337,384) size 9x12 [bgcolor=#FDFDFB] [r=32 c=43 rs=1 cs=1]
              RenderInline {FONT} at (0,0) size 3x12
                RenderText {#text} at (0,0) size 3x12
                  text run at (0,0) width 3: " "
            RenderTableCell {TD} at (345,384) size 8x12 [bgcolor=#FDFDFB] [r=32 c=44 rs=1 cs=1]
              RenderInline {FONT} at (0,0) size 3x12
                RenderText {#text} at (0,0) size 3x12
                  text run at (0,0) width 3: " "
            RenderTableCell {TD} at (352,384) size 9x12 [bgcolor=#FDFDFB] [r=32 c=45 rs=1 cs=1]
              RenderInline {FONT} at (0,0) size 3x12
                RenderText {#text} at (0,0) size 3x12
                  text run at (0,0) width 3: " "
            RenderTableCell {TD} at (360,384) size 9x12 [bgcolor=#FDFDFB] [r=32 c=46 rs=1 cs=1]
              RenderInline {FONT} at (0,0) size 3x12
                RenderText {#text} at (0,0) size 3x12
                  text run at (0,0) width 3: " "
            RenderTableCell {TD} at (368,384) size 9x12 [bgcolor=#FDFDFB] [r=32 c=47 rs=1 cs=1]
              RenderInline {FONT} at (0,0) size 3x12
                RenderText {#text} at (0,0) size 3x12
                  text run at (0,0) width 3: " "
            RenderTableCell {TD} at (376,384) size 9x12 [bgcolor=#FDFDFB] [r=32 c=48 rs=1 cs=1]
              RenderInline {FONT} at (0,0) size 3x12
                RenderText {#text} at (0,0) size 3x12
                  text run at (0,0) width 3: " "
            RenderTableCell {TD} at (384,384) size 9x12 [bgcolor=#FDFDFB] [r=32 c=49 rs=1 cs=1]
              RenderInline {FONT} at (0,0) size 3x12
                RenderText {#text} at (0,0) size 3x12
                  text run at (0,0) width 3: " "
            RenderTableCell {TD} at (392,384) size 9x12 [bgcolor=#FDFDFB] [r=32 c=50 rs=1 cs=1]
              RenderInline {FONT} at (0,0) size 3x12
                RenderText {#text} at (0,0) size 3x12
                  text run at (0,0) width 3: " "
            RenderTableCell {TD} at (400,384) size 8x12 [bgcolor=#FDFDFB] [r=32 c=51 rs=1 cs=1]
              RenderInline {FONT} at (0,0) size 3x12
                RenderText {#text} at (0,0) size 3x12
                  text run at (0,0) width 3: " "
            RenderTableCell {TD} at (407,384) size 9x12 [bgcolor=#FDFDFB] [r=32 c=52 rs=1 cs=1]
              RenderInline {FONT} at (0,0) size 3x12
                RenderText {#text} at (0,0) size 3x12
                  text run at (0,0) width 3: " "
            RenderTableCell {TD} at (415,384) size 9x12 [bgcolor=#FDFDFB] [r=32 c=53 rs=1 cs=1]
              RenderInline {FONT} at (0,0) size 3x12
                RenderText {#text} at (0,0) size 3x12
                  text run at (0,0) width 3: " "
            RenderTableCell {TD} at (423,384) size 9x12 [bgcolor=#FDFDFB] [r=32 c=54 rs=1 cs=1]
              RenderInline {FONT} at (0,0) size 3x12
                RenderText {#text} at (0,0) size 3x12
                  text run at (0,0) width 3: " "
            RenderTableCell {TD} at (431,384) size 9x12 [bgcolor=#FDFDFB] [r=32 c=55 rs=1 cs=1]
              RenderInline {FONT} at (0,0) size 3x12
                RenderText {#text} at (0,0) size 3x12
                  text run at (0,0) width 3: " "
            RenderTableCell {TD} at (439,384) size 9x12 [bgcolor=#FDFDFB] [r=32 c=56 rs=1 cs=1]
              RenderInline {FONT} at (0,0) size 3x12
                RenderText {#text} at (0,0) size 3x12
                  text run at (0,0) width 3: " "
            RenderTableCell {TD} at (447,384) size 8x12 [bgcolor=#FDFDFB] [r=32 c=57 rs=1 cs=1]
              RenderInline {FONT} at (0,0) size 3x12
                RenderText {#text} at (0,0) size 3x12
                  text run at (0,0) width 3: " "
            RenderTableCell {TD} at (454,384) size 9x12 [bgcolor=#FDFDFB] [r=32 c=58 rs=1 cs=1]
              RenderInline {FONT} at (0,0) size 3x12
                RenderText {#text} at (0,0) size 3x12
                  text run at (0,0) width 3: " "
            RenderTableCell {TD} at (462,384) size 9x12 [bgcolor=#FDFDFB] [r=32 c=59 rs=1 cs=1]
              RenderInline {FONT} at (0,0) size 3x12
                RenderText {#text} at (0,0) size 3x12
                  text run at (0,0) width 3: " "
            RenderTableCell {TD} at (470,384) size 9x12 [bgcolor=#FDFDFB] [r=32 c=60 rs=1 cs=1]
              RenderInline {FONT} at (0,0) size 3x12
                RenderText {#text} at (0,0) size 3x12
                  text run at (0,0) width 3: " "
            RenderTableCell {TD} at (478,384) size 9x12 [bgcolor=#FDFDFB] [r=32 c=61 rs=1 cs=1]
              RenderInline {FONT} at (0,0) size 3x12
                RenderText {#text} at (0,0) size 3x12
                  text run at (0,0) width 3: " "
            RenderTableCell {TD} at (486,384) size 9x12 [bgcolor=#FDFDFB] [r=32 c=62 rs=1 cs=1]
              RenderInline {FONT} at (0,0) size 3x12
                RenderText {#text} at (0,0) size 3x12
                  text run at (0,0) width 3: " "
            RenderTableCell {TD} at (494,384) size 8x12 [bgcolor=#FDFDFB] [r=32 c=63 rs=1 cs=1]
              RenderInline {FONT} at (0,0) size 3x12
                RenderText {#text} at (0,0) size 3x12
                  text run at (0,0) width 3: " "
            RenderTableCell {TD} at (502,384) size 8x12 [bgcolor=#FDFDFB] [r=32 c=64 rs=1 cs=1]
              RenderInline {FONT} at (0,0) size 3x12
                RenderText {#text} at (0,0) size 3x12
                  text run at (0,0) width 3: " "
            RenderTableCell {TD} at (509,384) size 9x12 [bgcolor=#FDFDFB] [r=32 c=65 rs=1 cs=1]
              RenderInline {FONT} at (0,0) size 3x12
                RenderText {#text} at (0,0) size 3x12
                  text run at (0,0) width 3: " "
            RenderTableCell {TD} at (517,384) size 9x12 [bgcolor=#EDEEEF] [r=32 c=66 rs=1 cs=1]
              RenderInline {FONT} at (0,0) size 3x12
                RenderText {#text} at (0,0) size 3x12
                  text run at (0,0) width 3: " "
            RenderTableCell {TD} at (525,384) size 9x12 [bgcolor=#DEDFDF] [r=32 c=67 rs=1 cs=1]
              RenderInline {FONT} at (0,0) size 3x12
                RenderText {#text} at (0,0) size 3x12
                  text run at (0,0) width 3: " "
            RenderTableCell {TD} at (533,384) size 9x12 [bgcolor=#CECFCF] [r=32 c=68 rs=1 cs=1]
              RenderInline {FONT} at (0,0) size 3x12
                RenderText {#text} at (0,0) size 3x12
                  text run at (0,0) width 3: " "
            RenderTableCell {TD} at (541,384) size 9x12 [bgcolor=#BEC2C2] [r=32 c=69 rs=1 cs=1]
              RenderInline {FONT} at (0,0) size 3x12
                RenderText {#text} at (0,0) size 3x12
                  text run at (0,0) width 3: " "
            RenderTableCell {TD} at (549,384) size 8x12 [bgcolor=#B4B4B4] [r=32 c=70 rs=1 cs=1]
              RenderInline {FONT} at (0,0) size 3x12
                RenderText {#text} at (0,0) size 3x12
                  text run at (0,0) width 3: " "
            RenderTableCell {TD} at (556,384) size 9x12 [bgcolor=#B4B4B4] [r=32 c=71 rs=1 cs=1]
              RenderInline {FONT} at (0,0) size 3x12
                RenderText {#text} at (0,0) size 3x12
                  text run at (0,0) width 3: " "
            RenderTableCell {TD} at (564,384) size 9x12 [bgcolor=#A5A6A6] [r=32 c=72 rs=1 cs=1]
              RenderInline {FONT} at (0,0) size 3x12
                RenderText {#text} at (0,0) size 3x12
                  text run at (0,0) width 3: " "
            RenderTableCell {TD} at (572,384) size 9x12 [bgcolor=#91A3A3] [r=32 c=73 rs=1 cs=1]
              RenderInline {FONT} at (0,0) size 3x12
                RenderText {#text} at (0,0) size 3x12
                  text run at (0,0) width 3: " "
            RenderTableCell {TD} at (580,384) size 9x12 [bgcolor=#939494] [r=32 c=74 rs=1 cs=1]
              RenderInline {FONT} at (0,0) size 3x12
                RenderText {#text} at (0,0) size 3x12
                  text run at (0,0) width 3: " "
            RenderTableCell {TD} at (588,384) size 9x12 [bgcolor=#939494] [r=32 c=75 rs=1 cs=1]
              RenderInline {FONT} at (0,0) size 3x12
                RenderText {#text} at (0,0) size 3x12
                  text run at (0,0) width 3: " "
            RenderTableCell {TD} at (596,384) size 8x12 [bgcolor=#939494] [r=32 c=76 rs=1 cs=1]
              RenderInline {FONT} at (0,0) size 3x12
                RenderText {#text} at (0,0) size 3x12
                  text run at (0,0) width 3: " "
            RenderTableCell {TD} at (603,384) size 9x12 [bgcolor=#939494] [r=32 c=77 rs=1 cs=1]
              RenderInline {FONT} at (0,0) size 3x12
                RenderText {#text} at (0,0) size 3x12
                  text run at (0,0) width 3: " "
            RenderTableCell {TD} at (611,384) size 9x12 [bgcolor=#848788] [r=32 c=78 rs=1 cs=1]
              RenderInline {FONT} at (0,0) size 3x12
                RenderText {#text} at (0,0) size 3x12
                  text run at (0,0) width 3: " "
            RenderTableCell {TD} at (619,384) size 9x12 [bgcolor=#939494] [r=32 c=79 rs=1 cs=1]
              RenderInline {FONT} at (0,0) size 3x12
                RenderText {#text} at (0,0) size 3x12
                  text run at (0,0) width 3: " "
            RenderTableCell {TD} at (627,384) size 9x12 [bgcolor=#939494] [r=32 c=80 rs=1 cs=1]
              RenderInline {FONT} at (0,0) size 3x12
                RenderText {#text} at (0,0) size 3x12
                  text run at (0,0) width 3: " "
            RenderTableCell {TD} at (635,384) size 9x12 [bgcolor=#939494] [r=32 c=81 rs=1 cs=1]
              RenderInline {FONT} at (0,0) size 3x12
                RenderText {#text} at (0,0) size 3x12
                  text run at (0,0) width 3: " "
            RenderTableCell {TD} at (643,384) size 9x12 [bgcolor=#939494] [r=32 c=82 rs=1 cs=1]
              RenderInline {FONT} at (0,0) size 3x12
                RenderText {#text} at (0,0) size 3x12
                  text run at (0,0) width 3: " "
            RenderTableCell {TD} at (651,384) size 8x12 [bgcolor=#939494] [r=32 c=83 rs=1 cs=1]
              RenderInline {FONT} at (0,0) size 3x12
                RenderText {#text} at (0,0) size 3x12
                  text run at (0,0) width 3: " "
            RenderTableCell {TD} at (658,384) size 9x12 [bgcolor=#939494] [r=32 c=84 rs=1 cs=1]
              RenderInline {FONT} at (0,0) size 3x12
                RenderText {#text} at (0,0) size 3x12
                  text run at (0,0) width 3: " "
            RenderTableCell {TD} at (666,384) size 9x12 [bgcolor=#A5A6A6] [r=32 c=85 rs=1 cs=1]
              RenderInline {FONT} at (0,0) size 3x12
                RenderText {#text} at (0,0) size 3x12
                  text run at (0,0) width 3: " "
            RenderTableCell {TD} at (674,384) size 9x12 [bgcolor=#A5A6A6] [r=32 c=86 rs=1 cs=1]
              RenderInline {FONT} at (0,0) size 3x12
                RenderText {#text} at (0,0) size 3x12
                  text run at (0,0) width 3: " "
            RenderTableCell {TD} at (682,384) size 9x12 [bgcolor=#B4B4B4] [r=32 c=87 rs=1 cs=1]
              RenderInline {FONT} at (0,0) size 3x12
                RenderText {#text} at (0,0) size 3x12
                  text run at (0,0) width 3: " "
            RenderTableCell {TD} at (690,384) size 9x12 [bgcolor=#BEC2C2] [r=32 c=88 rs=1 cs=1]
              RenderInline {FONT} at (0,0) size 3x12
                RenderText {#text} at (0,0) size 3x12
                  text run at (0,0) width 3: " "
            RenderTableCell {TD} at (698,384) size 8x12 [bgcolor=#CECFCF] [r=32 c=89 rs=1 cs=1]
              RenderInline {FONT} at (0,0) size 3x12
                RenderText {#text} at (0,0) size 3x12
                  text run at (0,0) width 3: " "
            RenderTableCell {TD} at (705,384) size 9x12 [bgcolor=#DEDFDF] [r=32 c=90 rs=1 cs=1]
              RenderInline {FONT} at (0,0) size 3x12
                RenderText {#text} at (0,0) size 3x12
                  text run at (0,0) width 3: " "
            RenderTableCell {TD} at (713,384) size 9x12 [bgcolor=#EDEEEF] [r=32 c=91 rs=1 cs=1]
              RenderInline {FONT} at (0,0) size 3x12
                RenderText {#text} at (0,0) size 3x12
                  text run at (0,0) width 3: " "
            RenderTableCell {TD} at (721,384) size 9x12 [bgcolor=#FDFDFB] [r=32 c=92 rs=1 cs=1]
              RenderInline {FONT} at (0,0) size 3x12
                RenderText {#text} at (0,0) size 3x12
                  text run at (0,0) width 3: " "
            RenderTableCell {TD} at (729,384) size 9x12 [bgcolor=#FDFDFB] [r=32 c=93 rs=1 cs=1]
              RenderInline {FONT} at (0,0) size 3x12
                RenderText {#text} at (0,0) size 3x12
                  text run at (0,0) width 3: " "
            RenderTableCell {TD} at (737,384) size 9x12 [bgcolor=#FDFDFB] [r=32 c=94 rs=1 cs=1]
              RenderInline {FONT} at (0,0) size 3x12
                RenderText {#text} at (0,0) size 3x12
                  text run at (0,0) width 3: " "
            RenderTableCell {TD} at (745,384) size 8x12 [bgcolor=#FDFDFB] [r=32 c=95 rs=1 cs=1]
              RenderInline {FONT} at (0,0) size 3x12
                RenderText {#text} at (0,0) size 3x12
                  text run at (0,0) width 3: " "
            RenderTableCell {TD} at (753,384) size 8x12 [bgcolor=#FDFDFB] [r=32 c=96 rs=1 cs=1]
              RenderInline {FONT} at (0,0) size 3x12
                RenderText {#text} at (0,0) size 3x12
                  text run at (0,0) width 3: " "
            RenderTableCell {TD} at (760,384) size 9x12 [bgcolor=#FDFDFB] [r=32 c=97 rs=1 cs=1]
              RenderInline {FONT} at (0,0) size 3x12
                RenderText {#text} at (0,0) size 3x12
                  text run at (0,0) width 3: " "
            RenderTableCell {TD} at (768,384) size 9x12 [bgcolor=#FDFDFB] [r=32 c=98 rs=1 cs=1]
              RenderInline {FONT} at (0,0) size 3x12
                RenderText {#text} at (0,0) size 3x12
                  text run at (0,0) width 3: " "
            RenderTableCell {TD} at (776,384) size 9x12 [bgcolor=#FDFDFB] [r=32 c=99 rs=1 cs=1]
              RenderInline {FONT} at (0,0) size 3x12
                RenderText {#text} at (0,0) size 3x12
                  text run at (0,0) width 3: " "
          RenderTableRow {TR} at (0,396) size 784x12
            RenderTableCell {TD} at (0,396) size 8x12 [bgcolor=#FDFDFB] [r=33 c=0 rs=1 cs=1]
              RenderInline {FONT} at (0,0) size 3x12
                RenderText {#text} at (0,0) size 3x12
                  text run at (0,0) width 3: " "
            RenderTableCell {TD} at (7,396) size 9x12 [bgcolor=#FDFDFB] [r=33 c=1 rs=1 cs=1]
              RenderInline {FONT} at (0,0) size 3x12
                RenderText {#text} at (0,0) size 3x12
                  text run at (0,0) width 3: " "
            RenderTableCell {TD} at (15,396) size 9x12 [bgcolor=#FDFDFB] [r=33 c=2 rs=1 cs=1]
              RenderInline {FONT} at (0,0) size 3x12
                RenderText {#text} at (0,0) size 3x12
                  text run at (0,0) width 3: " "
            RenderTableCell {TD} at (23,396) size 9x12 [bgcolor=#FDFDFB] [r=33 c=3 rs=1 cs=1]
              RenderInline {FONT} at (0,0) size 3x12
                RenderText {#text} at (0,0) size 3x12
                  text run at (0,0) width 3: " "
            RenderTableCell {TD} at (31,396) size 9x12 [bgcolor=#FDFDFB] [r=33 c=4 rs=1 cs=1]
              RenderInline {FONT} at (0,0) size 3x12
                RenderText {#text} at (0,0) size 3x12
                  text run at (0,0) width 3: " "
            RenderTableCell {TD} at (39,396) size 9x12 [bgcolor=#FDFDFB] [r=33 c=5 rs=1 cs=1]
              RenderInline {FONT} at (0,0) size 3x12
                RenderText {#text} at (0,0) size 3x12
                  text run at (0,0) width 3: " "
            RenderTableCell {TD} at (47,396) size 8x12 [bgcolor=#FDFDFB] [r=33 c=6 rs=1 cs=1]
              RenderInline {FONT} at (0,0) size 3x12
                RenderText {#text} at (0,0) size 3x12
                  text run at (0,0) width 3: " "
            RenderTableCell {TD} at (54,396) size 9x12 [bgcolor=#FDFDFB] [r=33 c=7 rs=1 cs=1]
              RenderInline {FONT} at (0,0) size 3x12
                RenderText {#text} at (0,0) size 3x12
                  text run at (0,0) width 3: " "
            RenderTableCell {TD} at (62,396) size 9x12 [bgcolor=#FDFDFB] [r=33 c=8 rs=1 cs=1]
              RenderInline {FONT} at (0,0) size 3x12
                RenderText {#text} at (0,0) size 3x12
                  text run at (0,0) width 3: " "
            RenderTableCell {TD} at (70,396) size 9x12 [bgcolor=#FDFDFB] [r=33 c=9 rs=1 cs=1]
              RenderInline {FONT} at (0,0) size 3x12
                RenderText {#text} at (0,0) size 3x12
                  text run at (0,0) width 3: " "
            RenderTableCell {TD} at (78,396) size 9x12 [bgcolor=#FDFDFB] [r=33 c=10 rs=1 cs=1]
              RenderInline {FONT} at (0,0) size 3x12
                RenderText {#text} at (0,0) size 3x12
                  text run at (0,0) width 3: " "
            RenderTableCell {TD} at (86,396) size 9x12 [bgcolor=#FDFDFB] [r=33 c=11 rs=1 cs=1]
              RenderInline {FONT} at (0,0) size 3x12
                RenderText {#text} at (0,0) size 3x12
                  text run at (0,0) width 3: " "
            RenderTableCell {TD} at (94,396) size 8x12 [bgcolor=#FDFDFB] [r=33 c=12 rs=1 cs=1]
              RenderInline {FONT} at (0,0) size 3x12
                RenderText {#text} at (0,0) size 3x12
                  text run at (0,0) width 3: " "
            RenderTableCell {TD} at (101,396) size 9x12 [bgcolor=#FDFDFB] [r=33 c=13 rs=1 cs=1]
              RenderInline {FONT} at (0,0) size 3x12
                RenderText {#text} at (0,0) size 3x12
                  text run at (0,0) width 3: " "
            RenderTableCell {TD} at (109,396) size 9x12 [bgcolor=#FDFDFB] [r=33 c=14 rs=1 cs=1]
              RenderInline {FONT} at (0,0) size 3x12
                RenderText {#text} at (0,0) size 3x12
                  text run at (0,0) width 3: " "
            RenderTableCell {TD} at (117,396) size 9x12 [bgcolor=#FDFDFB] [r=33 c=15 rs=1 cs=1]
              RenderInline {FONT} at (0,0) size 3x12
                RenderText {#text} at (0,0) size 3x12
                  text run at (0,0) width 3: " "
            RenderTableCell {TD} at (125,396) size 9x12 [bgcolor=#FDFDFB] [r=33 c=16 rs=1 cs=1]
              RenderInline {FONT} at (0,0) size 3x12
                RenderText {#text} at (0,0) size 3x12
                  text run at (0,0) width 3: " "
            RenderTableCell {TD} at (133,396) size 9x12 [bgcolor=#FDFDFB] [r=33 c=17 rs=1 cs=1]
              RenderInline {FONT} at (0,0) size 3x12
                RenderText {#text} at (0,0) size 3x12
                  text run at (0,0) width 3: " "
            RenderTableCell {TD} at (141,396) size 9x12 [bgcolor=#FDFDFB] [r=33 c=18 rs=1 cs=1]
              RenderInline {FONT} at (0,0) size 3x12
                RenderText {#text} at (0,0) size 3x12
                  text run at (0,0) width 3: " "
            RenderTableCell {TD} at (149,396) size 8x12 [bgcolor=#FDFDFB] [r=33 c=19 rs=1 cs=1]
              RenderInline {FONT} at (0,0) size 3x12
                RenderText {#text} at (0,0) size 3x12
                  text run at (0,0) width 3: " "
            RenderTableCell {TD} at (156,396) size 9x12 [bgcolor=#FDFDFB] [r=33 c=20 rs=1 cs=1]
              RenderInline {FONT} at (0,0) size 3x12
                RenderText {#text} at (0,0) size 3x12
                  text run at (0,0) width 3: " "
            RenderTableCell {TD} at (164,396) size 9x12 [bgcolor=#FDFDFB] [r=33 c=21 rs=1 cs=1]
              RenderInline {FONT} at (0,0) size 3x12
                RenderText {#text} at (0,0) size 3x12
                  text run at (0,0) width 3: " "
            RenderTableCell {TD} at (172,396) size 9x12 [bgcolor=#FDFDFB] [r=33 c=22 rs=1 cs=1]
              RenderInline {FONT} at (0,0) size 3x12
                RenderText {#text} at (0,0) size 3x12
                  text run at (0,0) width 3: " "
            RenderTableCell {TD} at (180,396) size 9x12 [bgcolor=#FDFDFB] [r=33 c=23 rs=1 cs=1]
              RenderInline {FONT} at (0,0) size 3x12
                RenderText {#text} at (0,0) size 3x12
                  text run at (0,0) width 3: " "
            RenderTableCell {TD} at (188,396) size 9x12 [bgcolor=#FDFDFB] [r=33 c=24 rs=1 cs=1]
              RenderInline {FONT} at (0,0) size 3x12
                RenderText {#text} at (0,0) size 3x12
                  text run at (0,0) width 3: " "
            RenderTableCell {TD} at (196,396) size 8x12 [bgcolor=#FDFDFB] [r=33 c=25 rs=1 cs=1]
              RenderInline {FONT} at (0,0) size 3x12
                RenderText {#text} at (0,0) size 3x12
                  text run at (0,0) width 3: " "
            RenderTableCell {TD} at (203,396) size 9x12 [bgcolor=#FDFDFB] [r=33 c=26 rs=1 cs=1]
              RenderInline {FONT} at (0,0) size 3x12
                RenderText {#text} at (0,0) size 3x12
                  text run at (0,0) width 3: " "
            RenderTableCell {TD} at (211,396) size 9x12 [bgcolor=#FDFDFB] [r=33 c=27 rs=1 cs=1]
              RenderInline {FONT} at (0,0) size 3x12
                RenderText {#text} at (0,0) size 3x12
                  text run at (0,0) width 3: " "
            RenderTableCell {TD} at (219,396) size 9x12 [bgcolor=#FDFDFB] [r=33 c=28 rs=1 cs=1]
              RenderInline {FONT} at (0,0) size 3x12
                RenderText {#text} at (0,0) size 3x12
                  text run at (0,0) width 3: " "
            RenderTableCell {TD} at (227,396) size 9x12 [bgcolor=#FDFDFB] [r=33 c=29 rs=1 cs=1]
              RenderInline {FONT} at (0,0) size 3x12
                RenderText {#text} at (0,0) size 3x12
                  text run at (0,0) width 3: " "
            RenderTableCell {TD} at (235,396) size 9x12 [bgcolor=#FDFDFB] [r=33 c=30 rs=1 cs=1]
              RenderInline {FONT} at (0,0) size 3x12
                RenderText {#text} at (0,0) size 3x12
                  text run at (0,0) width 3: " "
            RenderTableCell {TD} at (243,396) size 8x12 [bgcolor=#FDFDFB] [r=33 c=31 rs=1 cs=1]
              RenderInline {FONT} at (0,0) size 3x12
                RenderText {#text} at (0,0) size 3x12
                  text run at (0,0) width 3: " "
            RenderTableCell {TD} at (251,396) size 8x12 [bgcolor=#FDFDFB] [r=33 c=32 rs=1 cs=1]
              RenderInline {FONT} at (0,0) size 3x12
                RenderText {#text} at (0,0) size 3x12
                  text run at (0,0) width 3: " "
            RenderTableCell {TD} at (258,396) size 9x12 [bgcolor=#FDFDFB] [r=33 c=33 rs=1 cs=1]
              RenderInline {FONT} at (0,0) size 3x12
                RenderText {#text} at (0,0) size 3x12
                  text run at (0,0) width 3: " "
            RenderTableCell {TD} at (266,396) size 9x12 [bgcolor=#FDFDFB] [r=33 c=34 rs=1 cs=1]
              RenderInline {FONT} at (0,0) size 3x12
                RenderText {#text} at (0,0) size 3x12
                  text run at (0,0) width 3: " "
            RenderTableCell {TD} at (274,396) size 9x12 [bgcolor=#FDFDFB] [r=33 c=35 rs=1 cs=1]
              RenderInline {FONT} at (0,0) size 3x12
                RenderText {#text} at (0,0) size 3x12
                  text run at (0,0) width 3: " "
            RenderTableCell {TD} at (282,396) size 9x12 [bgcolor=#FDFDFB] [r=33 c=36 rs=1 cs=1]
              RenderInline {FONT} at (0,0) size 3x12
                RenderText {#text} at (0,0) size 3x12
                  text run at (0,0) width 3: " "
            RenderTableCell {TD} at (290,396) size 9x12 [bgcolor=#FDFDFB] [r=33 c=37 rs=1 cs=1]
              RenderInline {FONT} at (0,0) size 3x12
                RenderText {#text} at (0,0) size 3x12
                  text run at (0,0) width 3: " "
            RenderTableCell {TD} at (298,396) size 8x12 [bgcolor=#FDFDFB] [r=33 c=38 rs=1 cs=1]
              RenderInline {FONT} at (0,0) size 3x12
                RenderText {#text} at (0,0) size 3x12
                  text run at (0,0) width 3: " "
            RenderTableCell {TD} at (305,396) size 9x12 [bgcolor=#FDFDFB] [r=33 c=39 rs=1 cs=1]
              RenderInline {FONT} at (0,0) size 3x12
                RenderText {#text} at (0,0) size 3x12
                  text run at (0,0) width 3: " "
            RenderTableCell {TD} at (313,396) size 9x12 [bgcolor=#FDFDFB] [r=33 c=40 rs=1 cs=1]
              RenderInline {FONT} at (0,0) size 3x12
                RenderText {#text} at (0,0) size 3x12
                  text run at (0,0) width 3: " "
            RenderTableCell {TD} at (321,396) size 9x12 [bgcolor=#FDFDFB] [r=33 c=41 rs=1 cs=1]
              RenderInline {FONT} at (0,0) size 3x12
                RenderText {#text} at (0,0) size 3x12
                  text run at (0,0) width 3: " "
            RenderTableCell {TD} at (329,396) size 9x12 [bgcolor=#FDFDFB] [r=33 c=42 rs=1 cs=1]
              RenderInline {FONT} at (0,0) size 3x12
                RenderText {#text} at (0,0) size 3x12
                  text run at (0,0) width 3: " "
            RenderTableCell {TD} at (337,396) size 9x12 [bgcolor=#FDFDFB] [r=33 c=43 rs=1 cs=1]
              RenderInline {FONT} at (0,0) size 3x12
                RenderText {#text} at (0,0) size 3x12
                  text run at (0,0) width 3: " "
            RenderTableCell {TD} at (345,396) size 8x12 [bgcolor=#FDFDFB] [r=33 c=44 rs=1 cs=1]
              RenderInline {FONT} at (0,0) size 3x12
                RenderText {#text} at (0,0) size 3x12
                  text run at (0,0) width 3: " "
            RenderTableCell {TD} at (352,396) size 9x12 [bgcolor=#FDFDFB] [r=33 c=45 rs=1 cs=1]
              RenderInline {FONT} at (0,0) size 3x12
                RenderText {#text} at (0,0) size 3x12
                  text run at (0,0) width 3: " "
            RenderTableCell {TD} at (360,396) size 9x12 [bgcolor=#FDFDFB] [r=33 c=46 rs=1 cs=1]
              RenderInline {FONT} at (0,0) size 3x12
                RenderText {#text} at (0,0) size 3x12
                  text run at (0,0) width 3: " "
            RenderTableCell {TD} at (368,396) size 9x12 [bgcolor=#FDFDFB] [r=33 c=47 rs=1 cs=1]
              RenderInline {FONT} at (0,0) size 3x12
                RenderText {#text} at (0,0) size 3x12
                  text run at (0,0) width 3: " "
            RenderTableCell {TD} at (376,396) size 9x12 [bgcolor=#FDFDFB] [r=33 c=48 rs=1 cs=1]
              RenderInline {FONT} at (0,0) size 3x12
                RenderText {#text} at (0,0) size 3x12
                  text run at (0,0) width 3: " "
            RenderTableCell {TD} at (384,396) size 9x12 [bgcolor=#FDFDFB] [r=33 c=49 rs=1 cs=1]
              RenderInline {FONT} at (0,0) size 3x12
                RenderText {#text} at (0,0) size 3x12
                  text run at (0,0) width 3: " "
            RenderTableCell {TD} at (392,396) size 9x12 [bgcolor=#FDFDFB] [r=33 c=50 rs=1 cs=1]
              RenderInline {FONT} at (0,0) size 3x12
                RenderText {#text} at (0,0) size 3x12
                  text run at (0,0) width 3: " "
            RenderTableCell {TD} at (400,396) size 8x12 [bgcolor=#FDFDFB] [r=33 c=51 rs=1 cs=1]
              RenderInline {FONT} at (0,0) size 3x12
                RenderText {#text} at (0,0) size 3x12
                  text run at (0,0) width 3: " "
            RenderTableCell {TD} at (407,396) size 9x12 [bgcolor=#FDFDFB] [r=33 c=52 rs=1 cs=1]
              RenderInline {FONT} at (0,0) size 3x12
                RenderText {#text} at (0,0) size 3x12
                  text run at (0,0) width 3: " "
            RenderTableCell {TD} at (415,396) size 9x12 [bgcolor=#FDFDFB] [r=33 c=53 rs=1 cs=1]
              RenderInline {FONT} at (0,0) size 3x12
                RenderText {#text} at (0,0) size 3x12
                  text run at (0,0) width 3: " "
            RenderTableCell {TD} at (423,396) size 9x12 [bgcolor=#FDFDFB] [r=33 c=54 rs=1 cs=1]
              RenderInline {FONT} at (0,0) size 3x12
                RenderText {#text} at (0,0) size 3x12
                  text run at (0,0) width 3: " "
            RenderTableCell {TD} at (431,396) size 9x12 [bgcolor=#FDFDFB] [r=33 c=55 rs=1 cs=1]
              RenderInline {FONT} at (0,0) size 3x12
                RenderText {#text} at (0,0) size 3x12
                  text run at (0,0) width 3: " "
            RenderTableCell {TD} at (439,396) size 9x12 [bgcolor=#FDFDFB] [r=33 c=56 rs=1 cs=1]
              RenderInline {FONT} at (0,0) size 3x12
                RenderText {#text} at (0,0) size 3x12
                  text run at (0,0) width 3: " "
            RenderTableCell {TD} at (447,396) size 8x12 [bgcolor=#FDFDFB] [r=33 c=57 rs=1 cs=1]
              RenderInline {FONT} at (0,0) size 3x12
                RenderText {#text} at (0,0) size 3x12
                  text run at (0,0) width 3: " "
            RenderTableCell {TD} at (454,396) size 9x12 [bgcolor=#FDFDFB] [r=33 c=58 rs=1 cs=1]
              RenderInline {FONT} at (0,0) size 3x12
                RenderText {#text} at (0,0) size 3x12
                  text run at (0,0) width 3: " "
            RenderTableCell {TD} at (462,396) size 9x12 [bgcolor=#FDFDFB] [r=33 c=59 rs=1 cs=1]
              RenderInline {FONT} at (0,0) size 3x12
                RenderText {#text} at (0,0) size 3x12
                  text run at (0,0) width 3: " "
            RenderTableCell {TD} at (470,396) size 9x12 [bgcolor=#FDFDFB] [r=33 c=60 rs=1 cs=1]
              RenderInline {FONT} at (0,0) size 3x12
                RenderText {#text} at (0,0) size 3x12
                  text run at (0,0) width 3: " "
            RenderTableCell {TD} at (478,396) size 9x12 [bgcolor=#FDFDFB] [r=33 c=61 rs=1 cs=1]
              RenderInline {FONT} at (0,0) size 3x12
                RenderText {#text} at (0,0) size 3x12
                  text run at (0,0) width 3: " "
            RenderTableCell {TD} at (486,396) size 9x12 [bgcolor=#FDFDFB] [r=33 c=62 rs=1 cs=1]
              RenderInline {FONT} at (0,0) size 3x12
                RenderText {#text} at (0,0) size 3x12
                  text run at (0,0) width 3: " "
            RenderTableCell {TD} at (494,396) size 8x12 [bgcolor=#FDFDFB] [r=33 c=63 rs=1 cs=1]
              RenderInline {FONT} at (0,0) size 3x12
                RenderText {#text} at (0,0) size 3x12
                  text run at (0,0) width 3: " "
            RenderTableCell {TD} at (502,396) size 8x12 [bgcolor=#FDFDFB] [r=33 c=64 rs=1 cs=1]
              RenderInline {FONT} at (0,0) size 3x12
                RenderText {#text} at (0,0) size 3x12
                  text run at (0,0) width 3: " "
            RenderTableCell {TD} at (509,396) size 9x12 [bgcolor=#FDFDFB] [r=33 c=65 rs=1 cs=1]
              RenderInline {FONT} at (0,0) size 3x12
                RenderText {#text} at (0,0) size 3x12
                  text run at (0,0) width 3: " "
            RenderTableCell {TD} at (517,396) size 9x12 [bgcolor=#FDFDFB] [r=33 c=66 rs=1 cs=1]
              RenderInline {FONT} at (0,0) size 3x12
                RenderText {#text} at (0,0) size 3x12
                  text run at (0,0) width 3: " "
            RenderTableCell {TD} at (525,396) size 9x12 [bgcolor=#FDFDFB] [r=33 c=67 rs=1 cs=1]
              RenderInline {FONT} at (0,0) size 3x12
                RenderText {#text} at (0,0) size 3x12
                  text run at (0,0) width 3: " "
            RenderTableCell {TD} at (533,396) size 9x12 [bgcolor=#EDEEEF] [r=33 c=68 rs=1 cs=1]
              RenderInline {FONT} at (0,0) size 3x12
                RenderText {#text} at (0,0) size 3x12
                  text run at (0,0) width 3: " "
            RenderTableCell {TD} at (541,396) size 9x12 [bgcolor=#EDEEEF] [r=33 c=69 rs=1 cs=1]
              RenderInline {FONT} at (0,0) size 3x12
                RenderText {#text} at (0,0) size 3x12
                  text run at (0,0) width 3: " "
            RenderTableCell {TD} at (549,396) size 8x12 [bgcolor=#E0EAE9] [r=33 c=70 rs=1 cs=1]
              RenderInline {FONT} at (0,0) size 3x12
                RenderText {#text} at (0,0) size 3x12
                  text run at (0,0) width 3: " "
            RenderTableCell {TD} at (556,396) size 9x12 [bgcolor=#DEDFDF] [r=33 c=71 rs=1 cs=1]
              RenderInline {FONT} at (0,0) size 3x12
                RenderText {#text} at (0,0) size 3x12
                  text run at (0,0) width 3: " "
            RenderTableCell {TD} at (564,396) size 9x12 [bgcolor=#DEDFDF] [r=33 c=72 rs=1 cs=1]
              RenderInline {FONT} at (0,0) size 3x12
                RenderText {#text} at (0,0) size 3x12
                  text run at (0,0) width 3: " "
            RenderTableCell {TD} at (572,396) size 9x12 [bgcolor=#CECFCF] [r=33 c=73 rs=1 cs=1]
              RenderInline {FONT} at (0,0) size 3x12
                RenderText {#text} at (0,0) size 3x12
                  text run at (0,0) width 3: " "
            RenderTableCell {TD} at (580,396) size 9x12 [bgcolor=#CECFCF] [r=33 c=74 rs=1 cs=1]
              RenderInline {FONT} at (0,0) size 3x12
                RenderText {#text} at (0,0) size 3x12
                  text run at (0,0) width 3: " "
            RenderTableCell {TD} at (588,396) size 9x12 [bgcolor=#CECFCF] [r=33 c=75 rs=1 cs=1]
              RenderInline {FONT} at (0,0) size 3x12
                RenderText {#text} at (0,0) size 3x12
                  text run at (0,0) width 3: " "
            RenderTableCell {TD} at (596,396) size 8x12 [bgcolor=#CECFCF] [r=33 c=76 rs=1 cs=1]
              RenderInline {FONT} at (0,0) size 3x12
                RenderText {#text} at (0,0) size 3x12
                  text run at (0,0) width 3: " "
            RenderTableCell {TD} at (603,396) size 9x12 [bgcolor=#CECFCF] [r=33 c=77 rs=1 cs=1]
              RenderInline {FONT} at (0,0) size 3x12
                RenderText {#text} at (0,0) size 3x12
                  text run at (0,0) width 3: " "
            RenderTableCell {TD} at (611,396) size 9x12 [bgcolor=#CECFCF] [r=33 c=78 rs=1 cs=1]
              RenderInline {FONT} at (0,0) size 3x12
                RenderText {#text} at (0,0) size 3x12
                  text run at (0,0) width 3: " "
            RenderTableCell {TD} at (619,396) size 9x12 [bgcolor=#CECFCF] [r=33 c=79 rs=1 cs=1]
              RenderInline {FONT} at (0,0) size 3x12
                RenderText {#text} at (0,0) size 3x12
                  text run at (0,0) width 3: " "
            RenderTableCell {TD} at (627,396) size 9x12 [bgcolor=#CECFCF] [r=33 c=80 rs=1 cs=1]
              RenderInline {FONT} at (0,0) size 3x12
                RenderText {#text} at (0,0) size 3x12
                  text run at (0,0) width 3: " "
            RenderTableCell {TD} at (635,396) size 9x12 [bgcolor=#CECFCF] [r=33 c=81 rs=1 cs=1]
              RenderInline {FONT} at (0,0) size 3x12
                RenderText {#text} at (0,0) size 3x12
                  text run at (0,0) width 3: " "
            RenderTableCell {TD} at (643,396) size 9x12 [bgcolor=#CECFCF] [r=33 c=82 rs=1 cs=1]
              RenderInline {FONT} at (0,0) size 3x12
                RenderText {#text} at (0,0) size 3x12
                  text run at (0,0) width 3: " "
            RenderTableCell {TD} at (651,396) size 8x12 [bgcolor=#CECFCF] [r=33 c=83 rs=1 cs=1]
              RenderInline {FONT} at (0,0) size 3x12
                RenderText {#text} at (0,0) size 3x12
                  text run at (0,0) width 3: " "
            RenderTableCell {TD} at (658,396) size 9x12 [bgcolor=#CECFCF] [r=33 c=84 rs=1 cs=1]
              RenderInline {FONT} at (0,0) size 3x12
                RenderText {#text} at (0,0) size 3x12
                  text run at (0,0) width 3: " "
            RenderTableCell {TD} at (666,396) size 9x12 [bgcolor=#CECFCF] [r=33 c=85 rs=1 cs=1]
              RenderInline {FONT} at (0,0) size 3x12
                RenderText {#text} at (0,0) size 3x12
                  text run at (0,0) width 3: " "
            RenderTableCell {TD} at (674,396) size 9x12 [bgcolor=#DEDFDF] [r=33 c=86 rs=1 cs=1]
              RenderInline {FONT} at (0,0) size 3x12
                RenderText {#text} at (0,0) size 3x12
                  text run at (0,0) width 3: " "
            RenderTableCell {TD} at (682,396) size 9x12 [bgcolor=#E0EAE9] [r=33 c=87 rs=1 cs=1]
              RenderInline {FONT} at (0,0) size 3x12
                RenderText {#text} at (0,0) size 3x12
                  text run at (0,0) width 3: " "
            RenderTableCell {TD} at (690,396) size 9x12 [bgcolor=#EDEEEF] [r=33 c=88 rs=1 cs=1]
              RenderInline {FONT} at (0,0) size 3x12
                RenderText {#text} at (0,0) size 3x12
                  text run at (0,0) width 3: " "
            RenderTableCell {TD} at (698,396) size 8x12 [bgcolor=#EDEEEF] [r=33 c=89 rs=1 cs=1]
              RenderInline {FONT} at (0,0) size 3x12
                RenderText {#text} at (0,0) size 3x12
                  text run at (0,0) width 3: " "
            RenderTableCell {TD} at (705,396) size 9x12 [bgcolor=#FDFDFB] [r=33 c=90 rs=1 cs=1]
              RenderInline {FONT} at (0,0) size 3x12
                RenderText {#text} at (0,0) size 3x12
                  text run at (0,0) width 3: " "
            RenderTableCell {TD} at (713,396) size 9x12 [bgcolor=#FDFDFB] [r=33 c=91 rs=1 cs=1]
              RenderInline {FONT} at (0,0) size 3x12
                RenderText {#text} at (0,0) size 3x12
                  text run at (0,0) width 3: " "
            RenderTableCell {TD} at (721,396) size 9x12 [bgcolor=#FDFDFB] [r=33 c=92 rs=1 cs=1]
              RenderInline {FONT} at (0,0) size 3x12
                RenderText {#text} at (0,0) size 3x12
                  text run at (0,0) width 3: " "
            RenderTableCell {TD} at (729,396) size 9x12 [bgcolor=#FDFDFB] [r=33 c=93 rs=1 cs=1]
              RenderInline {FONT} at (0,0) size 3x12
                RenderText {#text} at (0,0) size 3x12
                  text run at (0,0) width 3: " "
            RenderTableCell {TD} at (737,396) size 9x12 [bgcolor=#FDFDFB] [r=33 c=94 rs=1 cs=1]
              RenderInline {FONT} at (0,0) size 3x12
                RenderText {#text} at (0,0) size 3x12
                  text run at (0,0) width 3: " "
            RenderTableCell {TD} at (745,396) size 8x12 [bgcolor=#FDFDFB] [r=33 c=95 rs=1 cs=1]
              RenderInline {FONT} at (0,0) size 3x12
                RenderText {#text} at (0,0) size 3x12
                  text run at (0,0) width 3: " "
            RenderTableCell {TD} at (753,396) size 8x12 [bgcolor=#FDFDFB] [r=33 c=96 rs=1 cs=1]
              RenderInline {FONT} at (0,0) size 3x12
                RenderText {#text} at (0,0) size 3x12
                  text run at (0,0) width 3: " "
            RenderTableCell {TD} at (760,396) size 9x12 [bgcolor=#FDFDFB] [r=33 c=97 rs=1 cs=1]
              RenderInline {FONT} at (0,0) size 3x12
                RenderText {#text} at (0,0) size 3x12
                  text run at (0,0) width 3: " "
            RenderTableCell {TD} at (768,396) size 9x12 [bgcolor=#FDFDFB] [r=33 c=98 rs=1 cs=1]
              RenderInline {FONT} at (0,0) size 3x12
                RenderText {#text} at (0,0) size 3x12
                  text run at (0,0) width 3: " "
            RenderTableCell {TD} at (776,396) size 9x12 [bgcolor=#FDFDFB] [r=33 c=99 rs=1 cs=1]
              RenderInline {FONT} at (0,0) size 3x12
                RenderText {#text} at (0,0) size 3x12
                  text run at (0,0) width 3: " "
