layer at (0,0) size 800x600
  RenderView at (0,0) size 800x600
layer at (0,0) size 800x292
  RenderBlock {html} at (0,0) size 800x292
    RenderBody {body} at (8,10) size 784x272
      RenderBlock {p} at (0,0) size 784x18 [color=#000080]
        RenderText {#text} at (0,0) size 458x18
          text run at (0,0) width 458: "The word \"TEST \" should appear twice below, the same size each time."
      RenderBlock (anonymous) at (0,28) size 784x124
        RenderText {#text} at (0,0) size 0x0
layer at (8,38) size 400x120
  RenderSVGRoot {svg} at (0,0) size 400x120
layer at (8,38) size 400x120
  RenderSVGViewportContainer at (0,0) size 400x120
layer at (9,39) size 60x12
  RenderSVGRect {rect} at (1,1) size 60x12 [fill={[type=SOLID] [color=#D3D3D3]}] [x=1.00] [y=1.00] [width=60.00] [height=12.00]
layer at (9,39) size 60x10 scrollHeight 13
  RenderSVGForeignObject {foreignObject} at (1,1) size 60x10
    RenderBlock {div} at (0,0) size 60x13 [color=#000080]
      RenderText {#text} at (0,0) size 24x13
        text run at (0,0) width 24: "TEST"
layer at (18,182) size 390x110
  RenderBlock (relative positioned) {div} at (0,162) size 390x110 [color=#000080] [bgcolor=#D3D3D3]
    RenderBlock {div} at (0,0) size 390x115
      RenderText {#text} at (0,0) size 239x115
        text run at (0,0) width 239: "TEST"
