layer at (0,0) size 800x600
  RenderView at (0,0) size 800x600
layer at (0,0) size 800x600
  RenderBlock {HTML} at (0,0) size 800x600
    RenderBody {BODY} at (8,8) size 784x584
layer at (0,0) size 500x200
  RenderSVGRoot {svg} at (0,0) size 500x200
layer at (0,0) size 500x200
  RenderSVGViewportContainer at (0,0) size 500x200
layer at (0,1) size 310x112
  RenderSVGTransformableContainer {g} at (0,1) size 310x112
layer at (0,14) size 201x46
  RenderSVGText {text} at (0,13) size 202x46 contains 1 chunk(s)
    RenderSVGInlineText {#text} at (0,0) size 106x46
      chunk 1 text run 1 at (0.00,50.00) startOffset 0 endOffset 5 width 105.63: "PASS "
    RenderSVGTSpan {tspan} at (105,0) size 97x46
      RenderSVGInlineText {#text} at (105,0) size 96x46
        chunk 1 text run 1 at (105.63,50.00) startOffset 0 endOffset 4 width 95.63: "PASS"
    RenderSVGInlineText {#text} at (0,0) size 0x0
layer at (210,13) size 100x100
  RenderSVGForeignObject {foreignObject} at (210,12) size 100x100
    RenderBlock {P} at (0,0) size 100x46 [color=#008800]
      RenderText {#text} at (0,0) size 92x46
        text run at (0,0) width 92: "PASS"
layer at (0,0) size 100x100
  RenderSVGViewportContainer {svg} at (0,-1) size 100x100
layer at (0,1) size 310x162
  RenderSVGTransformableContainer {g} at (0,1) size 310x162
layer at (0,64) size 201x46
  RenderSVGText {text} at (0,63) size 202x46 contains 1 chunk(s)
    RenderSVGInlineText {#text} at (0,0) size 106x46
      chunk 1 text run 1 at (0.00,100.00) startOffset 0 endOffset 5 width 105.63: "PASS "
    RenderSVGTSpan {tspan} at (105,0) size 97x46
      RenderSVGInlineText {#text} at (105,0) size 96x46
        chunk 1 text run 1 at (105.63,100.00) startOffset 0 endOffset 4 width 95.63: "PASS"
    RenderSVGInlineText {#text} at (0,0) size 0x0
layer at (210,63) size 100x100
  RenderSVGForeignObject {foreignObject} at (210,62) size 100x100
    RenderBlock {P} at (0,0) size 100x46 [color=#008800]
      RenderText {#text} at (0,0) size 92x46
        text run at (0,0) width 92: "PASS"
layer at (0,0) size 100x100
  RenderSVGViewportContainer {svg} at (0,-1) size 100x100
layer at (0,1) size 310x212 backgroundClip at (0,0) size 500x200 clip at (0,0) size 500x200
  RenderSVGTransformableContainer {g} at (0,1) size 310x212
layer at (0,114) size 201x46
  RenderSVGText {text} at (0,113) size 202x46 contains 1 chunk(s)
    RenderSVGInlineText {#text} at (0,0) size 106x46
      chunk 1 text run 1 at (0.00,150.00) startOffset 0 endOffset 5 width 105.63: "PASS "
    RenderSVGTSpan {tspan} at (105,0) size 97x46
      RenderSVGInlineText {#text} at (105,0) size 96x46
        chunk 1 text run 1 at (105.63,150.00) startOffset 0 endOffset 4 width 95.63: "PASS"
    RenderSVGInlineText {#text} at (0,0) size 0x0
layer at (210,113) size 100x100 backgroundClip at (210,113) size 100x87 clip at (210,113) size 100x87
  RenderSVGForeignObject {foreignObject} at (210,112) size 100x100
    RenderBlock {P} at (0,0) size 100x46 [color=#008800]
      RenderText {#text} at (0,0) size 92x46
        text run at (0,0) width 92: "PASS"
layer at (0,0) size 100x100
  RenderSVGViewportContainer {svg} at (0,-1) size 100x100
