layer at (0,0) size 800x600
  RenderView at (0,0) size 800x600
layer at (0,0) size 800x112
  RenderBlock {HTML} at (0,0) size 800x112
    RenderBody {BODY} at (8,16) size 784x88
      RenderBlock {P} at (0,0) size 784x20
        RenderText {#text} at (0,0) size 706x19
          text run at (0,0) width 706: "This tests that the Strong Password AutoFill button renders in an auto-filled input. It can only be tested in the test tool."
      RenderBlock {DIV} at (0,36) size 784x52
        RenderTextControl {INPUT} at (2,2) size 168x22 [bgcolor=#FAFFBD] [border: (2px inset #000000)]
          RenderFlexibleBox {DIV} at (2,3) size 164x16
            RenderBlock {DIV} at (0,0) size 68x16
            RenderBlock {DIV} at (68,0) size 96x16
              RenderText {#text} at (6,0) size 90x15
                text run at (6,0) width 90: "strong password"
        RenderText {#text} at (172,2) size 4x19
          text run at (172,2) width 4: " "
        RenderTextControl {INPUT} at (178,2) size 168x22 [bgcolor=#FAFFBD] [border: (2px inset #000000)]
          RenderFlexibleBox {DIV} at (2,3) size 164x16
            RenderBlock {DIV} at (0,0) size 68x16
            RenderBlock {DIV} at (68,0) size 96x16
              RenderText {#text} at (6,0) size 90x15
                text run at (6,0) width 90: "strong password"
        RenderText {#text} at (348,2) size 4x19
          text run at (348,2) width 4: " "
        RenderTextControl {INPUT} at (352,2) size 304x22 [bgcolor=#FAFFBD] [border: (2px inset #000000)]
          RenderFlexibleBox {DIV} at (2,3) size 300x16
            RenderBlock {DIV} at (0,0) size 204x16
            RenderBlock {DIV} at (204,0) size 96x16
              RenderText {#text} at (6,0) size 90x15
                text run at (6,0) width 90: "strong password"
        RenderText {#text} at (656,2) size 4x19
          text run at (656,2) width 4: " "
        RenderTextControl {INPUT} at (2,28) size 168x22 [bgcolor=#FAFFBD] [border: (2px inset #000000)]
          RenderFlexibleBox {DIV} at (2,3) size 164x16
            RenderBlock {DIV} at (0,0) size 68x16
            RenderBlock {DIV} at (68,0) size 96x16
              RenderText {#text} at (6,0) size 90x15
                text run at (6,0) width 90: "strong password"
layer at (12,57) size 68x16 scrollWidth 344
  RenderBlock {DIV} at (0,0) size 68x16 [color=#00000099]
    RenderText {#text} at (0,0) size 344x16
      text run at (0,0) width 344: "A quick brown fox jumped over the lazy dog."
layer at (188,57) size 68x16 scrollWidth 344
  RenderBlock {DIV} at (0,0) size 68x16 [color=#00000099]
    RenderText {#text} at (0,0) size 344x16
      text run at (0,0) width 344: "A quick brown fox jumped over the lazy dog."
layer at (362,57) size 204x16 scrollWidth 344
  RenderBlock {DIV} at (0,0) size 204x16 [color=#00000099]
    RenderText {#text} at (0,0) size 344x16
      text run at (0,0) width 344: "A quick brown fox jumped over the lazy dog."
layer at (12,83) size 68x16
  RenderBlock {DIV} at (0,0) size 68x16 [color=#00000099]
