layer at (0,0) size 800x600
  RenderView at (0,0) size 800x600
layer at (0,0) size 800x70
  RenderBlock {HTML} at (0,0) size 800x70
    RenderBody {BODY} at (8,8) size 784x54
      RenderText {#text} at (0,0) size 784x53
        text run at (0,0) width 403: "You should see a 100x100 green square with a scrollbar below. "
        text run at (402,0) width 238: "If you see any red, the test has failed. "
        text run at (639,0) width 145: "This test is checking to"
        text run at (0,18) width 601: "make sure clip applies to the element itself, starts from the border edge, and clips out scrollbars. "
        text run at (601,18) width 171: "The bottom of the scrolling"
        text run at (0,36) width 190: "mechanism should be clipped."
      RenderText {#text} at (0,0) size 0x0
layer at (8,62) size 120x220 backgroundClip at (18,72) size 100x100 clip at (18,72) size 85x100 scrollHeight 1000
  RenderBlock (positioned) {DIV} at (8,62) size 120x220 [bgcolor=#008000] [border: (10px solid #FF0000)]
    RenderBlock {DIV} at (10,10) size 85x1000
