EDITING DELEGATE: shouldBeginEditingInDOMRange:range from 0 of DIV > BODY > HTML > #document to 3 of DIV > BODY > HTML > #document
EDITING DELEGATE: webViewDidBeginEditing:WebViewDidBeginEditingNotification
EDITING DELEGATE: webViewDidChangeSelection:WebViewDidChangeSelectionNotification
EDITING DELEGATE: webViewDidChangeSelection:WebViewDidChangeSelectionNotification
EDITING DELEGATE: webViewDidChangeSelection:WebViewDidChangeSelectionNotification
EDITING DELEGATE: shouldChangeSelectedDOMRange:range from 1 of #text > DIV > DIV > BODY > HTML > #document to 1 of #text > DIV > DIV > BODY > HTML > #document toDOMRange:range from 1 of #text > DIV > DIV > BODY > HTML > #document to 1 of #text > DIV > DIV > BODY > HTML > #document affinity:NSSelectionAffinityDownstream stillSelecting:FALSE
EDITING DELEGATE: webViewDidChangeSelection:WebViewDidChangeSelectionNotification
EDITING DELEGATE: webViewDidChange:WebViewDidChangeNotification
layer at (0,0) size 800x600
  RenderView at (0,0) size 800x600
layer at (0,0) size 800x600
  RenderBlock {HTML} at (0,0) size 800x600
    RenderBody {BODY} at (8,8) size 784x584
      RenderBlock {DIV} at (0,0) size 784x156 [border: (2px solid #0000FF)]
        RenderBlock {DIV} at (14,14) size 756x56
          RenderText {#text} at (0,0) size 66x28
            text run at (0,0) width 66: "Tests: "
          RenderBR {BR} at (0,0) size 0x0
          RenderText {#text} at (0,28) size 595x28
            text run at (0,28) width 595: "Style checks performed on boundaries between style changes."
        RenderBlock {DIV} at (14,86) size 756x56
          RenderText {#text} at (0,0) size 190x28
            text run at (0,0) width 190: "Expected Results: "
          RenderBR {BR} at (189,22) size 1x0
          RenderText {#text} at (0,28) size 438x28
            text run at (0,28) width 438: "Should see this content in the red box below: "
          RenderInline {B} at (0,0) size 13x28
            RenderText {#text} at (437,28) size 13x28
              text run at (437,28) width 13: "a"
          RenderText {#text} at (449,28) size 24x28
            text run at (449,28) width 24: "bc"
      RenderBlock {DIV} at (0,180) size 784x32
        RenderBlock {DIV} at (0,0) size 784x32 [border: (2px solid #FF0000)]
          RenderInline {B} at (0,0) size 12x28
            RenderText {#text} at (2,2) size 12x28
              text run at (2,2) width 12: "a"
          RenderText {#text} at (14,2) size 12x28
            text run at (14,2) width 12: "b"
          RenderText {#text} at (26,2) size 11x28
            text run at (26,2) width 11: "c"
caret: position 1 of child 1 {#text} of child 1 {DIV} of child 3 {DIV} of body
