EDITING DELEGATE: shouldBeginEditingInDOMRange:range from 0 of DIV > BODY > HTML > #document to 3 of DIV > BODY > HTML > #document
EDITING DELEGATE: webViewDidBeginEditing:WebViewDidBeginEditingNotification
EDITING DELEGATE: webViewDidChangeSelection:WebViewDidChangeSelectionNotification
EDITING DELEGATE: webViewDidChangeSelection:WebViewDidChangeSelectionNotification
EDITING DELEGATE: webViewDidChangeSelection:WebViewDidChangeSelectionNotification
EDITING DELEGATE: webViewDidChangeSelection:WebViewDidChangeSelectionNotification
EDITING DELEGATE: webViewDidChangeSelection:WebViewDidChangeSelectionNotification
EDITING DELEGATE: webViewDidChangeSelection:WebViewDidChangeSelectionNotification
EDITING DELEGATE: webViewDidChangeSelection:WebViewDidChangeSelectionNotification
EDITING DELEGATE: webViewDidChangeSelection:WebViewDidChangeSelectionNotification
EDITING DELEGATE: webViewDidChangeSelection:WebViewDidChangeSelectionNotification
EDITING DELEGATE: webViewDidChangeSelection:WebViewDidChangeSelectionNotification
EDITING DELEGATE: webViewDidChangeSelection:WebViewDidChangeSelectionNotification
EDITING DELEGATE: webViewDidChangeSelection:WebViewDidChangeSelectionNotification
EDITING DELEGATE: webViewDidChangeSelection:WebViewDidChangeSelectionNotification
EDITING DELEGATE: shouldDeleteDOMRange:range from 3 of #text > I > SPAN > DIV > BODY > HTML > #document to 4 of #text > I > SPAN > DIV > BODY > HTML > #document
EDITING DELEGATE: webViewDidChangeSelection:WebViewDidChangeSelectionNotification
EDITING DELEGATE: webViewDidChangeSelection:WebViewDidChangeSelectionNotification
EDITING DELEGATE: webViewDidChange:WebViewDidChangeNotification
EDITING DELEGATE: shouldDeleteDOMRange:range from 2 of #text > I > SPAN > DIV > BODY > HTML > #document to 3 of #text > I > SPAN > DIV > BODY > HTML > #document
EDITING DELEGATE: webViewDidChangeSelection:WebViewDidChangeSelectionNotification
EDITING DELEGATE: webViewDidChangeSelection:WebViewDidChangeSelectionNotification
EDITING DELEGATE: webViewDidChange:WebViewDidChangeNotification
EDITING DELEGATE: shouldDeleteDOMRange:range from 1 of #text > I > SPAN > DIV > BODY > HTML > #document to 2 of #text > I > SPAN > DIV > BODY > HTML > #document
EDITING DELEGATE: webViewDidChangeSelection:WebViewDidChangeSelectionNotification
EDITING DELEGATE: webViewDidChangeSelection:WebViewDidChangeSelectionNotification
EDITING DELEGATE: webViewDidChange:WebViewDidChangeNotification
EDITING DELEGATE: shouldDeleteDOMRange:range from 0 of #text > I > SPAN > DIV > BODY > HTML > #document to 1 of #text > I > SPAN > DIV > BODY > HTML > #document
EDITING DELEGATE: shouldChangeSelectedDOMRange:range from 8 of #text > SPAN > DIV > BODY > HTML > #document to 8 of #text > SPAN > DIV > BODY > HTML > #document toDOMRange:range from 8 of #text > SPAN > DIV > BODY > HTML > #document to 8 of #text > SPAN > DIV > BODY > HTML > #document affinity:NSSelectionAffinityDownstream stillSelecting:FALSE
EDITING DELEGATE: webViewDidChangeSelection:WebViewDidChangeSelectionNotification
EDITING DELEGATE: webViewDidChange:WebViewDidChangeNotification
EDITING DELEGATE: shouldDeleteDOMRange:range from 7 of #text > SPAN > DIV > BODY > HTML > #document to 8 of #text > SPAN > DIV > BODY > HTML > #document
EDITING DELEGATE: webViewDidChangeSelection:WebViewDidChangeSelectionNotification
EDITING DELEGATE: webViewDidChangeSelection:WebViewDidChangeSelectionNotification
EDITING DELEGATE: webViewDidChange:WebViewDidChangeNotification
EDITING DELEGATE: shouldChangeSelectedDOMRange:range from 7 of #text > SPAN > DIV > BODY > HTML > #document to 7 of #text > SPAN > DIV > BODY > HTML > #document toDOMRange:range from 8 of #text > SPAN > DIV > BODY > HTML > #document to 8 of #text > SPAN > DIV > BODY > HTML > #document affinity:NSSelectionAffinityDownstream stillSelecting:FALSE
EDITING DELEGATE: webViewDidChangeSelection:WebViewDidChangeSelectionNotification
EDITING DELEGATE: webViewDidChange:WebViewDidChangeNotification
EDITING DELEGATE: shouldChangeSelectedDOMRange:range from 8 of #text > SPAN > DIV > BODY > HTML > #document to 8 of #text > SPAN > DIV > BODY > HTML > #document toDOMRange:range from 9 of #text > SPAN > DIV > BODY > HTML > #document to 9 of #text > SPAN > DIV > BODY > HTML > #document affinity:NSSelectionAffinityDownstream stillSelecting:FALSE
EDITING DELEGATE: webViewDidChangeSelection:WebViewDidChangeSelectionNotification
EDITING DELEGATE: webViewDidChange:WebViewDidChangeNotification
EDITING DELEGATE: shouldChangeSelectedDOMRange:range from 9 of #text > SPAN > DIV > BODY > HTML > #document to 9 of #text > SPAN > DIV > BODY > HTML > #document toDOMRange:range from 10 of #text > SPAN > DIV > BODY > HTML > #document to 10 of #text > SPAN > DIV > BODY > HTML > #document affinity:NSSelectionAffinityDownstream stillSelecting:FALSE
EDITING DELEGATE: webViewDidChangeSelection:WebViewDidChangeSelectionNotification
EDITING DELEGATE: webViewDidChange:WebViewDidChangeNotification
EDITING DELEGATE: shouldChangeSelectedDOMRange:range from 10 of #text > SPAN > DIV > BODY > HTML > #document to 10 of #text > SPAN > DIV > BODY > HTML > #document toDOMRange:range from 11 of #text > SPAN > DIV > BODY > HTML > #document to 11 of #text > SPAN > DIV > BODY > HTML > #document affinity:NSSelectionAffinityDownstream stillSelecting:FALSE
EDITING DELEGATE: webViewDidChangeSelection:WebViewDidChangeSelectionNotification
EDITING DELEGATE: webViewDidChange:WebViewDidChangeNotification
layer at (0,0) size 800x600
  RenderView at (0,0) size 800x600
layer at (0,0) size 800x600
  RenderBlock {HTML} at (0,0) size 800x600
    RenderBody {BODY} at (8,8) size 784x584
      RenderBlock {DIV} at (0,0) size 784x56 [border: (2px solid #FF0000)]
        RenderInline {SPAN} at (0,0) size 154x28
          RenderText {#text} at (14,14) size 112x28
            text run at (14,14) width 112: "here isxxxx"
          RenderText {#text} at (125,14) size 43x28
            text run at (125,14) width 43: " text"
        RenderText {#text} at (0,0) size 0x0
caret: position 11 of child 0 {#text} of child 1 {SPAN} of child 1 {DIV} of body
