EDITING DELEGATE: shouldBeginEditingInDOMRange:range from 0 of DIV > BODY > HTML > #document to 3 of DIV > BODY > HTML > #document
EDITING DELEGATE: webViewDidBeginEditing:WebViewDidBeginEditingNotification
EDITING DELEGATE: webViewDidChangeSelection:WebViewDidChangeSelectionNotification
EDITING DELEGATE: webViewDidChangeSelection:WebViewDidChangeSelectionNotification
EDITING DELEGATE: webViewDidChangeSelection:WebViewDidChangeSelectionNotification
EDITING DELEGATE: webViewDidChangeSelection:WebViewDidChangeSelectionNotification
EDITING DELEGATE: webViewDidChangeSelection:WebViewDidChangeSelectionNotification
EDITING DELEGATE: webViewDidChangeSelection:WebViewDidChangeSelectionNotification
EDITING DELEGATE: webViewDidChangeSelection:WebViewDidChangeSelectionNotification
EDITING DELEGATE: webViewDidChangeSelection:WebViewDidChangeSelectionNotification
EDITING DELEGATE: webViewDidChangeSelection:WebViewDidChangeSelectionNotification
EDITING DELEGATE: webViewDidChangeSelection:WebViewDidChangeSelectionNotification
EDITING DELEGATE: webViewDidChangeSelection:WebViewDidChangeSelectionNotification
EDITING DELEGATE: webViewDidChangeSelection:WebViewDidChangeSelectionNotification
EDITING DELEGATE: webViewDidChangeSelection:WebViewDidChangeSelectionNotification
EDITING DELEGATE: shouldDeleteDOMRange:range from 3 of #text > I > SPAN > DIV > BODY > HTML > #document to 4 of #text > I > SPAN > DIV > BODY > HTML > #document
EDITING DELEGATE: webViewDidChangeSelection:WebViewDidChangeSelectionNotification
EDITING DELEGATE: webViewDidChangeSelection:WebViewDidChangeSelectionNotification
EDITING DELEGATE: webViewDidChange:WebViewDidChangeNotification
EDITING DELEGATE: shouldDeleteDOMRange:range from 2 of #text > I > SPAN > DIV > BODY > HTML > #document to 3 of #text > I > SPAN > DIV > BODY > HTML > #document
EDITING DELEGATE: webViewDidChangeSelection:WebViewDidChangeSelectionNotification
EDITING DELEGATE: webViewDidChangeSelection:WebViewDidChangeSelectionNotification
EDITING DELEGATE: webViewDidChange:WebViewDidChangeNotification
EDITING DELEGATE: shouldDeleteDOMRange:range from 1 of #text > I > SPAN > DIV > BODY > HTML > #document to 2 of #text > I > SPAN > DIV > BODY > HTML > #document
EDITING DELEGATE: webViewDidChangeSelection:WebViewDidChangeSelectionNotification
EDITING DELEGATE: webViewDidChangeSelection:WebViewDidChangeSelectionNotification
EDITING DELEGATE: webViewDidChange:WebViewDidChangeNotification
EDITING DELEGATE: shouldChangeSelectedDOMRange:range from 1 of #text > I > SPAN > DIV > BODY > HTML > #document to 1 of #text > I > SPAN > DIV > BODY > HTML > #document toDOMRange:range from 2 of #text > I > SPAN > DIV > BODY > HTML > #document to 2 of #text > I > SPAN > DIV > BODY > HTML > #document affinity:NSSelectionAffinityDownstream stillSelecting:FALSE
EDITING DELEGATE: webViewDidChangeSelection:WebViewDidChangeSelectionNotification
EDITING DELEGATE: webViewDidChange:WebViewDidChangeNotification
EDITING DELEGATE: shouldChangeSelectedDOMRange:range from 2 of #text > I > SPAN > DIV > BODY > HTML > #document to 2 of #text > I > SPAN > DIV > BODY > HTML > #document toDOMRange:range from 3 of #text > I > SPAN > DIV > BODY > HTML > #document to 3 of #text > I > SPAN > DIV > BODY > HTML > #document affinity:NSSelectionAffinityDownstream stillSelecting:FALSE
EDITING DELEGATE: webViewDidChangeSelection:WebViewDidChangeSelectionNotification
EDITING DELEGATE: webViewDidChange:WebViewDidChangeNotification
EDITING DELEGATE: shouldChangeSelectedDOMRange:range from 3 of #text > I > SPAN > DIV > BODY > HTML > #document to 3 of #text > I > SPAN > DIV > BODY > HTML > #document toDOMRange:range from 4 of #text > I > SPAN > DIV > BODY > HTML > #document to 4 of #text > I > SPAN > DIV > BODY > HTML > #document affinity:NSSelectionAffinityDownstream stillSelecting:FALSE
EDITING DELEGATE: webViewDidChangeSelection:WebViewDidChangeSelectionNotification
EDITING DELEGATE: webViewDidChange:WebViewDidChangeNotification
EDITING DELEGATE: shouldChangeSelectedDOMRange:range from 4 of #text > I > SPAN > DIV > BODY > HTML > #document to 4 of #text > I > SPAN > DIV > BODY > HTML > #document toDOMRange:range from 5 of #text > I > SPAN > DIV > BODY > HTML > #document to 5 of #text > I > SPAN > DIV > BODY > HTML > #document affinity:NSSelectionAffinityDownstream stillSelecting:FALSE
EDITING DELEGATE: webViewDidChangeSelection:WebViewDidChangeSelectionNotification
EDITING DELEGATE: webViewDidChange:WebViewDidChangeNotification
layer at (0,0) size 800x600
  RenderView at (0,0) size 800x600
layer at (0,0) size 800x600
  RenderBlock {HTML} at (0,0) size 800x600
    RenderBody {BODY} at (8,8) size 784x584
      RenderBlock {DIV} at (0,0) size 784x56 [border: (2px solid #FF0000)]
        RenderInline {SPAN} at (0,0) size 164x28
          RenderText {#text} at (14,14) size 70x28
            text run at (14,14) width 70: "here is "
          RenderInline {I} at (0,0) size 53x28
            RenderText {#text} at (83,14) size 53x28
              text run at (83,14) width 53: "sxxxx"
          RenderText {#text} at (135,14) size 43x28
            text run at (135,14) width 43: " text"
        RenderText {#text} at (0,0) size 0x0
caret: position 5 of child 0 {#text} of child 1 {I} of child 1 {SPAN} of child 1 {DIV} of body
