layer at (0,0) size 800x600
  RenderView at (0,0) size 800x600
layer at (0,0) size 800x560
  RenderBlock {HTML} at (0,0) size 800x560
    RenderBody {BODY} at (8,16) size 784x524
      RenderBlock {P} at (0,0) size 784x40
        RenderText {#text} at (0,0) size 762x39
          text run at (0,0) width 762: "Test ensures that nested transformed elements produce the same result as a single compound transform.You should not see any"
          text run at (0,20) width 155: "red in the two tests below"
layer at (78,76) size 402x222
  RenderBlock (relative positioned) {DIV} at (20,60) size 402x222 [border: (1px solid #000000)]
    RenderBlock {P} at (1,17) size 400x20
      RenderText {#text} at (0,0) size 81x19
        text run at (0,0) width 81: "Translate first"
layer at (79,129) size 80x80
  RenderBlock (positioned) {DIV} at (1,53) size 80x80
layer at (79,129) size 80x80
  RenderBlock (positioned) {DIV} at (0,0) size 80x80
layer at (79,129) size 80x80
  RenderBlock (positioned) {DIV} at (0,0) size 80x80
layer at (79,129) size 80x80
  RenderBlock (positioned) {DIV} at (0,0) size 80x80 [bgcolor=#FF0000]
    RenderText {#text} at (0,0) size 58x19
      text run at (0,0) width 58: "Individual"
layer at (79,129) size 80x80
  RenderBlock (positioned) {DIV} at (1,53) size 80x80 [bgcolor=#008000]
layer at (78,318) size 402x222
  RenderBlock (relative positioned) {DIV} at (20,302) size 402x222 [border: (1px solid #000000)]
    RenderBlock {P} at (1,17) size 400x20
      RenderText {#text} at (0,0) size 102x19
        text run at (0,0) width 102: "Translate second"
layer at (79,371) size 80x80
  RenderBlock (positioned) {DIV} at (1,53) size 80x80
layer at (79,371) size 80x80
  RenderBlock (positioned) {DIV} at (0,0) size 80x80
layer at (79,371) size 80x80
  RenderBlock (positioned) {DIV} at (0,0) size 80x80
layer at (79,371) size 80x80
  RenderBlock (positioned) {DIV} at (0,0) size 80x80 [bgcolor=#FF0000]
    RenderText {#text} at (0,0) size 58x19
      text run at (0,0) width 58: "Individual"
layer at (79,371) size 80x80
  RenderBlock (positioned) {DIV} at (1,53) size 80x80 [bgcolor=#008000]
