layer at (0,0) size 800x600
  RenderView at (0,0) size 800x600
layer at (0,0) size 800x526
  RenderBlock {HTML} at (0,0) size 800x526
    RenderBody {BODY} at (8,16) size 784x480
      RenderBlock {P} at (0,0) size 784x20
        RenderText {#text} at (0,0) size 519x19
          text run at (0,0) width 519: "Tests that origin of rotation is the center of the border box, with and without box-sizing"
      RenderBlock {DIV} at (30,50) size 200x200 [bgcolor=#FF0000]
      RenderBlock {DIV} at (30,280) size 200x200 [bgcolor=#FF0000]
layer at (38,66) size 200x200
  RenderBlock {DIV} at (0,0) size 200x200 [bgcolor=#008000] [border: none (100px solid #808080) none]
    RenderText {#text} at (0,0) size 94x19
      text run at (0,0) width 94: "box-sizing: auto"
layer at (38,296) size 200x200
  RenderBlock {DIV} at (0,0) size 200x200 [bgcolor=#008000] [border: none (100px solid #808080) none]
    RenderText {#text} at (0,0) size 94x19
      text run at (0,0) width 94: "box-sizing: auto"
