layer at (0,0) size 800x600
  RenderView at (0,0) size 800x600
layer at (0,0) size 800x600
  RenderBlock {HTML} at (0,0) size 800x600
    RenderBody {BODY} at (8,8) size 784x584
      RenderBlock {P} at (0,0) size 784x36
        RenderText {#text} at (0,0) size 619x18
          text run at (0,0) width 583: "This tests to make sure that plaintext-only regions aren't styled if they aren't fully selected. "
          text run at (582,0) width 37: "Only "
        RenderInline {B} at (0,0) size 22x18
          RenderText {#text} at (618,0) size 22x18
            text run at (618,0) width 22: "foo"
        RenderText {#text} at (639,0) size 739x36
          text run at (639,0) width 100: " should be bold"
          text run at (0,18) width 43: "below."
      RenderBlock {DIV} at (0,52) size 784x46
        RenderBlock {DIV} at (0,0) size 784x18
          RenderInline {B} at (0,0) size 22x18
            RenderText {#text} at (0,0) size 22x18
              text run at (0,0) width 22: "foo"
        RenderTable {TABLE} at (0,18) size 186x28 [border: (1px outset #808080)]
          RenderTableSection {TBODY} at (1,1) size 184x26
            RenderTableRow {TR} at (0,2) size 184x22
              RenderTableCell {TD} at (2,2) size 84x22 [border: (1px inset #808080)] [r=0 c=0 rs=1 cs=1]
                RenderText {#text} at (2,2) size 80x18
                  text run at (2,2) width 80: "non-editable"
              RenderTableCell {TD} at (87,2) size 95x22 [border: (1px inset #808080)] [r=0 c=1 rs=1 cs=1]
                RenderInline {SPAN} at (0,0) size 56x18
                  RenderText {#text} at (2,2) size 56x18
                    text run at (2,2) width 56: "plaintext"
                RenderText {#text} at (57,2) size 35x18
                  text run at (57,2) width 35: "-only"
selection start: position 0 of child 0 {#text} of child 0 {B} of child 0 {DIV} of child 2 {DIV} of body
selection end:   position 9 of child 0 {#text} of child 0 {SPAN} of child 1 {TD} of child 0 {TR} of child 0 {TBODY} of child 1 {TABLE} of child 2 {DIV} of body
