EDITING DELEGATE: shouldBeginEditingInDOMRange:range from 0 of BODY > HTML > #document to 8 of BODY > HTML > #document
EDITING DELEGATE: webViewDidBeginEditing:WebViewDidBeginEditingNotification
EDITING DELEGATE: webViewDidChangeSelection:WebViewDidChangeSelectionNotification
EDITING DELEGATE: webViewDidChangeSelection:WebViewDidChangeSelectionNotification
EDITING DELEGATE: webViewDidChangeSelection:WebViewDidChangeSelectionNotification
EDITING DELEGATE: webViewDidChangeSelection:WebViewDidChangeSelectionNotification
EDITING DELEGATE: webViewDidChangeSelection:WebViewDidChangeSelectionNotification
EDITING DELEGATE: webViewDidChangeSelection:WebViewDidChangeSelectionNotification
EDITING DELEGATE: webViewDidChangeSelection:WebViewDidChangeSelectionNotification
EDITING DELEGATE: webViewDidChangeSelection:WebViewDidChangeSelectionNotification
EDITING DELEGATE: webViewDidChange:WebViewDidChangeNotification
EDITING DELEGATE: webViewDidChangeSelection:WebViewDidChangeSelectionNotification
EDITING DELEGATE: webViewDidChange:WebViewDidChangeNotification
EDITING DELEGATE: webViewDidChangeSelection:WebViewDidChangeSelectionNotification
EDITING DELEGATE: webViewDidChange:WebViewDidChangeNotification
EDITING DELEGATE: webViewDidChangeSelection:WebViewDidChangeSelectionNotification
EDITING DELEGATE: webViewDidChange:WebViewDidChangeNotification
EDITING DELEGATE: webViewDidChangeSelection:WebViewDidChangeSelectionNotification
EDITING DELEGATE: webViewDidChange:WebViewDidChangeNotification
EDITING DELEGATE: webViewDidChangeSelection:WebViewDidChangeSelectionNotification
EDITING DELEGATE: webViewDidChange:WebViewDidChangeNotification
EDITING DELEGATE: webViewDidChangeSelection:WebViewDidChangeSelectionNotification
EDITING DELEGATE: webViewDidChangeSelection:WebViewDidChangeSelectionNotification
EDITING DELEGATE: webViewDidChangeSelection:WebViewDidChangeSelectionNotification
EDITING DELEGATE: webViewDidChangeSelection:WebViewDidChangeSelectionNotification
EDITING DELEGATE: shouldChangeSelectedDOMRange:range from 6 of #text > SPAN > DIV > DIV > DIV > BODY > HTML > #document to 6 of #text > SPAN > DIV > DIV > DIV > BODY > HTML > #document toDOMRange:range from 0 of #text > SPAN > DIV > DIV > DIV > BODY > HTML > #document to 6 of #text > SPAN > DIV > DIV > DIV > BODY > HTML > #document affinity:NSSelectionAffinityDownstream stillSelecting:FALSE
EDITING DELEGATE: webViewDidChangeSelection:WebViewDidChangeSelectionNotification
EDITING DELEGATE: webViewDidChange:WebViewDidChangeNotification
EDITING DELEGATE: webViewDidChangeSelection:WebViewDidChangeSelectionNotification
EDITING DELEGATE: webViewDidChange:WebViewDidChangeNotification
EDITING DELEGATE: webViewDidChangeSelection:WebViewDidChangeSelectionNotification
EDITING DELEGATE: webViewDidChange:WebViewDidChangeNotification
EDITING DELEGATE: webViewDidChangeSelection:WebViewDidChangeSelectionNotification
EDITING DELEGATE: webViewDidChange:WebViewDidChangeNotification
EDITING DELEGATE: webViewDidChangeSelection:WebViewDidChangeSelectionNotification
EDITING DELEGATE: webViewDidChange:WebViewDidChangeNotification
EDITING DELEGATE: webViewDidChangeSelection:WebViewDidChangeSelectionNotification
EDITING DELEGATE: webViewDidChange:WebViewDidChangeNotification
layer at (0,0) size 800x600
  RenderView at (0,0) size 800x600
layer at (0,0) size 800x600
  RenderBlock {HTML} at (0,0) size 800x600
    RenderBody {BODY} at (8,8) size 784x584
      RenderBlock {DIV} at (0,0) size 784x112 [border: (2px solid #0000FF)]
        RenderText {#text} at (14,14) size 738x84
          text run at (14,14) width 718: "Size check should say: 24px. The first two words of the second line should"
          text run at (731,14) width 7: " "
          text run at (14,42) width 329: "appear to be 24px. The rest of the "
          text run at (342,42) width 404: "words on the second line should appear to"
          text run at (745,42) width 7: " "
          text run at (14,70) width 83: "be 30px."
      RenderBlock {DIV} at (0,136) size 784x28
        RenderText {#text} at (0,0) size 116x28
          text run at (0,0) width 116: "Size check: "
        RenderInline {SPAN} at (0,0) size 49x28
          RenderText {#text} at (115,0) size 49x28
            text run at (115,0) width 49: "24px"
      RenderBlock {DIV} at (0,180) size 784x148
        RenderBlock {DIV} at (0,0) size 784x148 [border: (2px solid #FF0000)]
          RenderBlock (anonymous) at (14,14) size 756x28
            RenderText {#text} at (0,0) size 137x28
              text run at (0,0) width 137: "There is a tide"
          RenderBlock {DIV} at (14,42) size 756x64 [border: (2px solid #FF0000)]
            RenderInline {SPAN} at (0,0) size 56x28
              RenderText {#text} at (14,20) size 56x28
                text run at (14,20) width 56: "In the"
            RenderText {#text} at (69,14) size 176x36
              text run at (69,14) width 176: " affairs of men"
          RenderBlock (anonymous) at (14,106) size 756x28
            RenderText {#text} at (0,0) size 236x28
              text run at (0,0) width 236: "Which taken at the flood"
selection start: position 0 of child 0 {#text} of child 0 {SPAN} of child 1 {DIV} of child 1 {DIV} of child 5 {DIV} of body
selection end:   position 6 of child 0 {#text} of child 0 {SPAN} of child 1 {DIV} of child 1 {DIV} of child 5 {DIV} of body
