EDITING DELEGATE: shouldBeginEditingInDOMRange:range from 0 of DIV > BODY > HTML > #document to 4 of DIV > BODY > HTML > #document
EDITING DELEGATE: webViewDidBeginEditing:WebViewDidBeginEditingNotification
EDITING DELEGATE: webViewDidChangeSelection:WebViewDidChangeSelectionNotification
EDITING DELEGATE: webViewDidChangeSelection:WebViewDidChangeSelectionNotification
EDITING DELEGATE: webViewDidChangeSelection:WebViewDidChangeSelectionNotification
EDITING DELEGATE: webViewDidChangeSelection:WebViewDidChangeSelectionNotification
EDITING DELEGATE: webViewDidChangeSelection:WebViewDidChangeSelectionNotification
EDITING DELEGATE: shouldChangeSelectedDOMRange:range from 3 of #text > DIV > DIV > DIV > BODY > HTML > #document to 3 of #text > B > DIV > DIV > DIV > BODY > HTML > #document toDOMRange:range from 3 of #text > DIV > DIV > DIV > BODY > HTML > #document to 3 of #text > B > DIV > DIV > DIV > BODY > HTML > #document affinity:NSSelectionAffinityDownstream stillSelecting:FALSE
EDITING DELEGATE: webViewDidChangeSelection:WebViewDidChangeSelectionNotification
EDITING DELEGATE: webViewDidChange:WebViewDidChangeNotification
layer at (0,0) size 800x600
  RenderView at (0,0) size 800x600
layer at (0,0) size 800x600
  RenderBlock {HTML} at (0,0) size 800x600
    RenderBody {BODY} at (8,8) size 784x584
      RenderBlock {DIV} at (0,0) size 784x184 [border: (2px solid #0000FF)]
        RenderBlock {DIV} at (14,14) size 756x84
          RenderText {#text} at (0,0) size 60x28
            text run at (0,0) width 60: "Tests:"
          RenderBR {BR} at (59,0) size 1x28
          RenderText {#text} at (0,28) size 112x28
            text run at (0,28) width 112: "Bug fix for "
          RenderInline {A} at (111,28) size 257x28 [color=#0000EE]
            RenderText {#text} at (111,28) size 257x28
              text run at (111,28) width 257: "<rdar://problem/3998892>"
          RenderText {#text} at (0,28) size 692x56
            text run at (367,28) width 325: " REGRESSION (Mail): bolding a"
            text run at (0,56) width 92: "selection "
            text run at (91,56) width 545: "from end of line changes unselected text on starting line."
        RenderBlock {DIV} at (14,114) size 756x56
          RenderText {#text} at (0,0) size 184x28
            text run at (0,0) width 184: "Expected Results:"
          RenderBR {BR} at (183,0) size 1x28
          RenderText {#text} at (0,28) size 598x28
            text run at (0,28) width 598: "Should see first line (\"foo\") not bold; second line (\"bar\") bold."
      RenderBlock {DIV} at (0,208) size 784x60
        RenderBlock {DIV} at (0,0) size 784x60 [border: (2px solid #FF0000)]
          RenderBlock {DIV} at (2,2) size 780x28
            RenderText {#text} at (0,0) size 32x28
              text run at (0,0) width 32: "foo"
          RenderBlock {DIV} at (2,30) size 780x28
            RenderInline {B} at (0,0) size 36x28
              RenderText {#text} at (0,0) size 36x28
                text run at (0,0) width 36: "bar"
selection start: position 3 of child 0 {#text} of child 1 {DIV} of child 1 {DIV} of child 3 {DIV} of body
selection end:   position 3 of child 0 {#text} of child 0 {B} of child 3 {DIV} of child 1 {DIV} of child 3 {DIV} of body
