EDITING DELEGATE: shouldBeginEditingInDOMRange:range from 0 of DIV > BODY > HTML > #document to 3 of DIV > BODY > HTML > #document
EDITING DELEGATE: webViewDidBeginEditing:WebViewDidBeginEditingNotification
EDITING DELEGATE: webViewDidChangeSelection:WebViewDidChangeSelectionNotification
EDITING DELEGATE: webViewDidChangeSelection:WebViewDidChangeSelectionNotification
EDITING DELEGATE: webViewDidChangeSelection:WebViewDidChangeSelectionNotification
EDITING DELEGATE: webViewDidChangeSelection:WebViewDidChangeSelectionNotification
EDITING DELEGATE: shouldChangeSelectedDOMRange:range from 1 of #text > B > DIV > DIV > DIV > BODY > HTML > #document to 1 of #text > B > DIV > DIV > DIV > BODY > HTML > #document toDOMRange:range from 1 of #text > B > DIV > DIV > DIV > BODY > HTML > #document to 1 of #text > B > DIV > DIV > DIV > BODY > HTML > #document affinity:NSSelectionAffinityDownstream stillSelecting:FALSE
EDITING DELEGATE: webViewDidChangeSelection:WebViewDidChangeSelectionNotification
EDITING DELEGATE: webViewDidChange:WebViewDidChangeNotification
layer at (0,0) size 800x600
  RenderView at (0,0) size 800x600
layer at (0,0) size 800x600
  RenderBlock {HTML} at (0,0) size 800x600
    RenderBody {BODY} at (8,8) size 784x584
      RenderBlock {DIV} at (0,0) size 784x212 [border: (2px solid #0000FF)]
        RenderBlock {DIV} at (14,14) size 756x56
          RenderText {#text} at (0,0) size 60x28
            text run at (0,0) width 60: "Tests:"
          RenderBR {BR} at (59,0) size 1x28
          RenderText {#text} at (0,28) size 595x28
            text run at (0,28) width 595: "Style checks performed on boundaries between style changes."
        RenderBlock {DIV} at (14,86) size 756x112
          RenderBlock (anonymous) at (0,0) size 756x56
            RenderText {#text} at (0,0) size 184x28
              text run at (0,0) width 184: "Expected Results:"
            RenderBR {BR} at (183,0) size 1x28
            RenderText {#text} at (0,28) size 432x28
              text run at (0,28) width 432: "Should see this content in the red box below:"
            RenderInline {B} at (431,28) size 0x28
          RenderBlock (anonymous) at (0,56) size 756x56
            RenderBlock {DIV} at (0,0) size 756x28
              RenderText {#text} at (0,0) size 12x28
                text run at (0,0) width 12: "a"
            RenderBlock {DIV} at (0,28) size 756x28
              RenderText {#text} at (0,0) size 14x28
                text run at (0,0) width 14: "b"
          RenderBlock (anonymous) at (0,112) size 756x0
            RenderInline {B} at (0,0) size 0x0
            RenderText {#text} at (0,0) size 0x0
      RenderBlock {DIV} at (0,236) size 784x60
        RenderBlock {DIV} at (0,0) size 784x60 [border: (2px solid #FF0000)]
          RenderBlock {DIV} at (2,2) size 780x28
            RenderInline {B} at (0,0) size 12x28
              RenderText {#text} at (0,0) size 12x28
                text run at (0,0) width 12: "a"
          RenderBlock {DIV} at (2,30) size 780x28
            RenderInline {B} at (0,0) size 14x28
              RenderText {#text} at (0,0) size 14x28
                text run at (0,0) width 14: "b"
selection start: position 1 of child 0 {#text} of child 0 {B} of child 0 {DIV} of child 1 {DIV} of child 3 {DIV} of body
selection end:   position 1 of child 0 {#text} of child 0 {B} of child 1 {DIV} of child 1 {DIV} of child 3 {DIV} of body
