layer at (0,0) size 810x600
  RenderView at (0,0) size 800x600
layer at (0,0) size 800x600
  RenderBlock {HTML} at (0,0) size 800x600
    RenderBody {BODY} at (8,8) size 784x576
      RenderBlock {DIV} at (0,0) size 784x108 [border: (3px solid #FFA500)]
        RenderBlock (floating) {DIV} at (11,11) size 122x122 [bgcolor=#FFA500] [border: (3px solid #FFA500)]
        RenderListItem {DIV} at (11,11) size 762x86 [border: (3px solid #FFA500)]
          RenderListItem {DIV} at (11,11) size 740x64 [border: (3px solid #FFA500)]
            RenderListItem {DIV} at (11,11) size 718x42 [border: (3px solid #FFA500)]
              RenderListMarker at (103,11) size 7x19: bullet
              RenderListMarker at (103,11) size 7x19: bullet
              RenderListMarker at (103,11) size 7x19: bullet
              RenderText {#text} at (132,11) size 90x19
                text run at (132,11) width 90: "List item text."
      RenderBlock {UL} at (0,124) size 784x124
        RenderListItem {LI} at (40,0) size 744x124 [border: (2px solid #FF0000)]
          RenderListMarker at (755,52) size 7x19: bullet
          RenderText {#text} at (52,52) size 504x19
            text run at (52,52) width 504: "Foo fofodfosjlkdf dslkdjlk asdlksjald djklsd klasjdkas sdajd lsadjkl asjdlksajdk"
