layer at (0,0) size 800x600
  RenderView at (0,0) size 800x600
layer at (0,0) size 800x400
  RenderBlock {HTML} at (0,0) size 800x400
    RenderBody {BODY} at (8,16) size 784x332
      RenderBlock (floating) {DIV} at (0,0) size 471x384
        RenderBlock {P} at (0,16) size 471x60
          RenderText {#text} at (0,0) size 429x19
            text run at (0,0) width 429: "This test case illustrates incorrect positioning of list items within a "
          RenderInline {CODE} at (0,0) size 468x34
            RenderText {#text} at (428,5) size 468x34
              text run at (428,5) width 40: "text-"
              text run at (0,25) width 94: "align: right"
          RenderText {#text} at (93,20) size 74x19
            text run at (93,20) width 74: " div after a "
          RenderInline {CODE} at (0,0) size 87x14
            RenderText {#text} at (166,25) size 87x14
              text run at (166,25) width 87: "float: left"
          RenderText {#text} at (252,20) size 32x19
            text run at (252,20) width 32: " div. "
          RenderInline {A} at (0,0) size 420x39 [color=#0000EE]
            RenderText {#text} at (283,20) size 420x39
              text run at (283,20) width 137: "Screenshot of correct"
              text run at (0,40) width 56: "behavior"
          RenderText {#text} at (55,40) size 10x19
            text run at (55,40) width 10: "; "
          RenderInline {A} at (0,0) size 128x19 [color=#0000EE]
            RenderText {#text} at (64,40) size 128x19
              text run at (64,40) width 128: "screenshot of Safari"
          RenderText {#text} at (191,40) size 5x19
            text run at (191,40) width 5: "."
        RenderBlock {P} at (0,92) size 471x40
          RenderText {#text} at (0,0) size 455x19
            text run at (0,0) width 455: "This bug only occurs on pages with a standards-compliant DOCTYPE."
          RenderInline {A} at (0,0) size 261x19 [color=#0000EE]
            RenderText {#text} at (0,20) size 261x19
              text run at (0,20) width 261: "View this test case without a DOCTYPE"
          RenderText {#text} at (260,20) size 5x19
            text run at (260,20) width 5: "."
        RenderBlock {OL} at (0,148) size 471x220
          RenderListItem {LI} at (40,0) size 431x40
            RenderListMarker at (-21,0) size 16x19: "1"
            RenderText {#text} at (0,0) size 406x39
              text run at (0,0) width 159: "New larger PowerBook. "
              text run at (158,0) width 248: "Still 1 GHz, but with a 17-inch screen."
              text run at (0,20) width 44: "$3299."
          RenderListItem {LI} at (40,40) size 431x20
            RenderListMarker at (-21,0) size 16x19: "2"
            RenderText {#text} at (0,0) size 359x19
              text run at (0,0) width 315: "New smaller PowerBook, with a 12-inch screen. "
              text run at (314,0) width 45: "$1799."
          RenderListItem {LI} at (40,60) size 431x60
            RenderListMarker at (-21,0) size 16x19: "3"
            RenderText {#text} at (0,0) size 95x19
              text run at (0,0) width 95: "New browser: "
            RenderInline {A} at (0,0) size 39x19 [color=#0000EE]
              RenderText {#text} at (94,0) size 39x19
                text run at (94,0) width 39: "Safari"
            RenderText {#text} at (132,0) size 73x19
              text run at (132,0) width 9: ". "
              text run at (140,0) width 65: "Engine is "
            RenderInline {A} at (0,0) size 78x19 [color=#0000EE]
              RenderText {#text} at (204,0) size 78x19
                text run at (204,0) width 78: "open source"
            RenderText {#text} at (281,0) size 21x19
              text run at (281,0) width 21: " (a "
            RenderInline {A} at (0,0) size 110x19 [color=#0000EE]
              RenderText {#text} at (301,0) size 110x19
                text run at (301,0) width 110: "modified version"
            RenderText {#text} at (410,0) size 18x19
              text run at (410,0) width 18: " of"
            RenderInline {A} at (0,0) size 57x19 [color=#0000EE]
              RenderText {#text} at (0,20) size 57x19
                text run at (0,20) width 57: "KHTML"
            RenderText {#text} at (56,20) size 415x39
              text run at (56,20) width 359: "), rest of the application is free but not open source (just"
              text run at (0,40) width 86: "like the OS). "
              text run at (85,40) width 124: "Only runs on 10.2. "
              text run at (208,40) width 158: "Currently in public beta."
          RenderListItem {LI} at (40,120) size 431x40
            RenderListMarker at (-21,0) size 16x19: "4"
            RenderText {#text} at (0,0) size 399x39
              text run at (0,0) width 243: "New presentation software: Keynote. "
              text run at (242,0) width 157: "The software Steve Jobs"
              text run at (0,20) width 32: "uses."
          RenderListItem {LI} at (40,160) size 431x40
            RenderListMarker at (-21,0) size 16x19: "5"
            RenderText {#text} at (0,0) size 109x19
              text run at (0,0) width 109: "New versions of "
            RenderInline {A} at (0,0) size 48x19 [color=#0000EE]
              RenderText {#text} at (108,0) size 48x19
                text run at (108,0) width 48: "iMovie"
            RenderText {#text} at (155,0) size 9x19
              text run at (155,0) width 9: ", "
            RenderInline {A} at (0,0) size 42x19 [color=#0000EE]
              RenderText {#text} at (163,0) size 42x19
                text run at (163,0) width 42: "iPhoto"
            RenderText {#text} at (204,0) size 9x19
              text run at (204,0) width 9: ", "
            RenderInline {A} at (0,0) size 44x19 [color=#0000EE]
              RenderText {#text} at (212,0) size 44x19
                text run at (212,0) width 44: "iTunes"
            RenderText {#text} at (255,0) size 174x19
              text run at (255,0) width 9: ". "
              text run at (263,0) width 166: "Bundled into a box called"
            RenderInline {A} at (0,0) size 32x19 [color=#0000EE]
              RenderText {#text} at (0,20) size 32x19
                text run at (0,20) width 32: "iLife"
            RenderText {#text} at (31,20) size 59x19
              text run at (31,20) width 59: ", for $49."
          RenderListItem {LI} at (40,200) size 431x20
            RenderListMarker at (-21,0) size 16x19: "6"
            RenderInline {A} at (0,0) size 115x19 [color=#0000EE]
              RenderText {#text} at (0,0) size 115x19
                text run at (0,0) width 115: "Final Cut Express"
            RenderText {#text} at (114,0) size 168x19
              text run at (114,0) width 132: " for creating DVDs. "
              text run at (245,0) width 37: "$299."
      RenderBlock {DIV} at (0,0) size 784x332
        RenderBlock {UL} at (0,0) size 784x160
          RenderListItem {LI} at (40,0) size 744x20
            RenderListMarker at (412,0) size 8x19: bullet
            RenderInline {A} at (0,0) size 40x19 [color=#0000EE]
              RenderText {#text} at (704,0) size 40x19
                text run at (704,0) width 40: "About"
          RenderListItem {LI} at (40,20) size 744x20
            RenderListMarker at (412,0) size 8x19: bullet
            RenderInline {A} at (0,0) size 57x19 [color=#0000EE]
              RenderText {#text} at (687,0) size 57x19
                text run at (687,0) width 57: "Site map"
          RenderListItem {LI} at (40,40) size 744x20
            RenderListMarker at (412,0) size 8x19: bullet
            RenderInline {A} at (0,0) size 58x19 [color=#0000EE]
              RenderText {#text} at (686,0) size 58x19
                text run at (686,0) width 58: "Archives"
          RenderListItem {LI} at (40,60) size 744x20
            RenderListMarker at (412,0) size 8x19: bullet
            RenderInline {A} at (0,0) size 52x19 [color=#0000EE]
              RenderText {#text} at (692,0) size 52x19
                text run at (692,0) width 52: "Projects"
          RenderListItem {LI} at (40,80) size 744x20
            RenderListMarker at (412,0) size 8x19: bullet
            RenderInline {A} at (0,0) size 44x19 [color=#0000EE]
              RenderText {#text} at (700,0) size 44x19
                text run at (700,0) width 44: "Photos"
          RenderListItem {LI} at (40,100) size 744x20
            RenderListMarker at (412,0) size 8x19: bullet
            RenderInline {A} at (0,0) size 58x19 [color=#0000EE]
              RenderText {#text} at (686,0) size 58x19
                text run at (686,0) width 58: "Statistics"
          RenderListItem {LI} at (40,120) size 744x20
            RenderListMarker at (412,0) size 8x19: bullet
            RenderInline {A} at (0,0) size 149x19 [color=#0000EE]
              RenderText {#text} at (595,0) size 149x19
                text run at (595,0) width 149: "Accessibility statement"
          RenderListItem {LI} at (40,140) size 744x20
            RenderListMarker at (412,0) size 8x19: bullet
            RenderInline {A} at (0,0) size 29x19 [color=#0000EE]
              RenderText {#text} at (630,0) size 29x19
                text run at (630,0) width 29: "RSS"
            RenderText {#text} at (658,0) size 11x19
              text run at (658,0) width 11: " ("
            RenderInline {A} at (0,0) size 71x19 [color=#0000EE]
              RenderText {#text} at (668,0) size 71x19
                text run at (668,0) width 71: "more feeds"
            RenderText {#text} at (738,0) size 6x19
              text run at (738,0) width 6: ")"
        RenderBlock {UL} at (0,176) size 784x20
          RenderListItem {LI} at (40,0) size 744x20
            RenderListMarker at (412,0) size 8x19: bullet
            RenderInline {A} at (0,0) size 89x19 [color=#0000EE]
              RenderText {#text} at (655,0) size 89x19
                text run at (655,0) width 89: "What is RSS?"
        RenderBlock {UL} at (0,212) size 784x120
          RenderListItem {LI} at (40,0) size 744x20
            RenderListMarker at (412,0) size 8x19: bullet
            RenderInline {A} at (0,0) size 92x19 [color=#0000EE]
              RenderText {#text} at (652,0) size 92x19
                text run at (652,0) width 92: "RSS Validator"
          RenderListItem {LI} at (40,20) size 744x20
            RenderListMarker at (412,0) size 8x19: bullet
            RenderInline {A} at (0,0) size 149x19 [color=#0000EE]
              RenderText {#text} at (595,0) size 149x19
                text run at (595,0) width 149: "Dive Into Accessibility"
          RenderListItem {LI} at (40,40) size 744x20
            RenderListMarker at (412,0) size 8x19: bullet
            RenderInline {A} at (0,0) size 101x19 [color=#0000EE]
              RenderText {#text} at (643,0) size 101x19
                text run at (643,0) width 101: "Dive Into OS X"
          RenderListItem {LI} at (40,60) size 744x20
            RenderListMarker at (412,0) size 8x19: bullet
            RenderInline {A} at (0,0) size 99x19 [color=#0000EE]
              RenderText {#text} at (645,0) size 99x19
                text run at (645,0) width 99: "Dive Into J2EE"
          RenderListItem {LI} at (40,80) size 744x20
            RenderListMarker at (412,0) size 8x19: bullet
            RenderInline {A} at (0,0) size 111x19 [color=#0000EE]
              RenderText {#text} at (633,0) size 111x19
                text run at (633,0) width 111: "Dive Into Python"
          RenderListItem {LI} at (40,100) size 744x20
            RenderListMarker at (412,0) size 8x19: bullet
            RenderInline {A} at (0,0) size 47x19 [color=#0000EE]
              RenderText {#text} at (697,0) size 47x19
                text run at (697,0) width 47: "r\x{E9}sum\x{E9}"
