layer at (0,0) size 800x600
  RenderView at (0,0) size 800x600
layer at (0,0) size 500x600
  RenderBlock {HTML} at (0,0) size 500x600
    RenderBody {BODY} at (16,8) size 332x584
      RenderBlock (floating) {DIV} at (0,0) size 484x351
        RenderBlock {P} at (16,0) size 80x351
          RenderText {#text} at (1,0) size 39x331
            text run at (1,0) width 331: "This test case illustrates incorrect positioning of list"
            text run at (21,0) width 95: "items within a "
          RenderInline {CODE} at (0,0) size 14x134
            RenderText {#text} at (21,94) size 14x134
              text run at (21,94) width 133: "text-align: right"
          RenderText {#text} at (21,227) size 19x74
            text run at (21,227) width 73: " div after a "
          RenderInline {CODE} at (0,0) size 34x347
            RenderText {#text} at (21,300) size 34x347
              text run at (21,300) width 47: "float:"
              text run at (41,0) width 32: "left"
          RenderText {#text} at (41,31) size 19x32
            text run at (41,31) width 32: " div. "
          RenderInline {A} at (0,0) size 19x197 [color=#0000EE]
            RenderText {#text} at (41,62) size 19x197
              text run at (41,62) width 196: "Screenshot of correct behavior"
          RenderText {#text} at (41,258) size 19x9
            text run at (41,258) width 9: "; "
          RenderInline {A} at (0,0) size 39x335 [color=#0000EE]
            RenderText {#text} at (41,266) size 39x335
              text run at (41,266) width 68: "screenshot"
              text run at (61,0) width 56: "of Safari"
          RenderText {#text} at (61,55) size 19x5
            text run at (61,55) width 4: "."
        RenderBlock {P} at (112,0) size 60x351
          RenderText {#text} at (1,0) size 39x309
            text run at (1,0) width 309: "This bug only occurs on pages with a standards-"
            text run at (21,0) width 150: "compliant DOCTYPE. "
          RenderInline {A} at (0,0) size 39x333 [color=#0000EE]
            RenderText {#text} at (21,149) size 39x333
              text run at (21,149) width 183: "View this test case without a"
              text run at (41,0) width 74: "DOCTYPE"
          RenderText {#text} at (41,73) size 19x5
            text run at (41,73) width 4: "."
        RenderBlock {OL} at (188,0) size 280x351
          RenderListItem {LI} at (0,40) size 40x311
            RenderListMarker at (1,-21) size 19x16: "1"
            RenderText {#text} at (1,0) size 39x304
              text run at (1,0) width 159: "New larger PowerBook. "
              text run at (1,158) width 145: "Still 1 GHz, but with a"
              text run at (21,0) width 146: "17-inch screen. $3299."
          RenderListItem {LI} at (40,40) size 40x311
            RenderListMarker at (1,-21) size 19x16: "2"
            RenderText {#text} at (1,0) size 39x311
              text run at (1,0) width 311: "New smaller PowerBook, with a 12-inch screen."
              text run at (21,0) width 44: "$1799."
          RenderListItem {LI} at (80,40) size 100x311
            RenderListMarker at (1,-21) size 19x16: "3"
            RenderText {#text} at (1,0) size 19x95
              text run at (1,0) width 95: "New browser: "
            RenderInline {A} at (0,0) size 19x39 [color=#0000EE]
              RenderText {#text} at (1,94) size 19x39
                text run at (1,94) width 39: "Safari"
            RenderText {#text} at (1,132) size 19x73
              text run at (1,132) width 8: ". "
              text run at (1,140) width 64: "Engine is "
            RenderInline {A} at (0,0) size 19x78 [color=#0000EE]
              RenderText {#text} at (1,204) size 19x78
                text run at (1,204) width 77: "open source"
            RenderText {#text} at (1,281) size 19x17
              text run at (1,281) width 17: " (a"
            RenderInline {A} at (0,0) size 19x109 [color=#0000EE]
              RenderText {#text} at (21,0) size 19x109
                text run at (21,0) width 109: "modified version"
            RenderText {#text} at (21,108) size 19x23
              text run at (21,108) width 22: " of "
            RenderInline {A} at (0,0) size 19x58 [color=#0000EE]
              RenderText {#text} at (21,130) size 19x58
                text run at (21,130) width 57: "KHTML"
            RenderText {#text} at (21,187) size 79x305
              text run at (21,187) width 78: "), rest of the"
              text run at (41,0) width 305: "application is free but not open source (just like"
              text run at (61,0) width 58: "the OS). "
              text run at (61,57) width 124: "Only runs on 10.2. "
              text run at (61,180) width 122: "Currently in public"
              text run at (81,0) width 31: "beta."
          RenderListItem {LI} at (180,40) size 40x311
            RenderListMarker at (1,-21) size 19x16: "4"
            RenderText {#text} at (1,0) size 39x268
              text run at (1,0) width 243: "New presentation software: Keynote. "
              text run at (1,242) width 25: "The"
              text run at (21,0) width 163: "software Steve Jobs uses."
          RenderListItem {LI} at (220,40) size 40x311
            RenderListMarker at (1,-21) size 19x16: "5"
            RenderText {#text} at (1,0) size 19x109
              text run at (1,0) width 109: "New versions of "
            RenderInline {A} at (0,0) size 19x48 [color=#0000EE]
              RenderText {#text} at (1,108) size 19x48
                text run at (1,108) width 47: "iMovie"
            RenderText {#text} at (1,155) size 19x9
              text run at (1,155) width 8: ", "
            RenderInline {A} at (0,0) size 19x42 [color=#0000EE]
              RenderText {#text} at (1,163) size 19x42
                text run at (1,163) width 42: "iPhoto"
            RenderText {#text} at (1,204) size 19x9
              text run at (1,204) width 8: ", "
            RenderInline {A} at (0,0) size 19x44 [color=#0000EE]
              RenderText {#text} at (1,212) size 19x44
                text run at (1,212) width 43: "iTunes"
            RenderText {#text} at (1,255) size 39x260
              text run at (1,255) width 4: "."
              text run at (21,0) width 169: "Bundled into a box called "
            RenderInline {A} at (0,0) size 19x32 [color=#0000EE]
              RenderText {#text} at (21,168) size 19x32
                text run at (21,168) width 32: "iLife"
            RenderText {#text} at (21,199) size 19x60
              text run at (21,199) width 59: ", for $49."
          RenderListItem {LI} at (260,40) size 20x311
            RenderListMarker at (1,-21) size 19x16: "6"
            RenderInline {A} at (0,0) size 19x115 [color=#0000EE]
              RenderText {#text} at (1,0) size 19x115
                text run at (1,0) width 115: "Final Cut Express"
            RenderText {#text} at (1,114) size 19x168
              text run at (1,114) width 132: " for creating DVDs. "
              text run at (1,245) width 36: "$299."
      RenderBlock {DIV} at (0,0) size 332x584
        RenderBlock {UL} at (0,0) size 160x584
          RenderListItem {LI} at (0,40) size 20x544
            RenderListMarker at (1,292) size 19x7: bullet
            RenderInline {A} at (0,0) size 19x40 [color=#0000EE]
              RenderText {#text} at (1,504) size 19x40
                text run at (1,504) width 40: "About"
          RenderListItem {LI} at (20,40) size 20x544
            RenderListMarker at (1,292) size 19x7: bullet
            RenderInline {A} at (0,0) size 19x57 [color=#0000EE]
              RenderText {#text} at (1,487) size 19x57
                text run at (1,487) width 57: "Site map"
          RenderListItem {LI} at (40,40) size 20x544
            RenderListMarker at (1,292) size 19x7: bullet
            RenderInline {A} at (0,0) size 19x58 [color=#0000EE]
              RenderText {#text} at (1,486) size 19x58
                text run at (1,486) width 58: "Archives"
          RenderListItem {LI} at (60,40) size 20x544
            RenderListMarker at (1,292) size 19x7: bullet
            RenderInline {A} at (0,0) size 19x52 [color=#0000EE]
              RenderText {#text} at (1,492) size 19x52
                text run at (1,492) width 52: "Projects"
          RenderListItem {LI} at (80,40) size 20x544
            RenderListMarker at (1,292) size 19x7: bullet
            RenderInline {A} at (0,0) size 19x44 [color=#0000EE]
              RenderText {#text} at (1,500) size 19x44
                text run at (1,500) width 44: "Photos"
          RenderListItem {LI} at (100,40) size 20x544
            RenderListMarker at (1,292) size 19x7: bullet
            RenderInline {A} at (0,0) size 19x58 [color=#0000EE]
              RenderText {#text} at (1,486) size 19x58
                text run at (1,486) width 58: "Statistics"
          RenderListItem {LI} at (120,40) size 20x544
            RenderListMarker at (1,292) size 19x7: bullet
            RenderInline {A} at (0,0) size 19x149 [color=#0000EE]
              RenderText {#text} at (1,395) size 19x149
                text run at (1,395) width 149: "Accessibility statement"
          RenderListItem {LI} at (140,40) size 20x544
            RenderListMarker at (1,292) size 19x7: bullet
            RenderInline {A} at (0,0) size 19x29 [color=#0000EE]
              RenderText {#text} at (1,430) size 19x29
                text run at (1,430) width 29: "RSS"
            RenderText {#text} at (1,458) size 19x11
              text run at (1,458) width 10: " ("
            RenderInline {A} at (0,0) size 19x71 [color=#0000EE]
              RenderText {#text} at (1,468) size 19x71
                text run at (1,468) width 71: "more feeds"
            RenderText {#text} at (1,538) size 19x6
              text run at (1,538) width 6: ")"
        RenderBlock {UL} at (176,0) size 20x584
          RenderListItem {LI} at (0,40) size 20x544
            RenderListMarker at (1,292) size 19x7: bullet
            RenderInline {A} at (0,0) size 19x89 [color=#0000EE]
              RenderText {#text} at (1,455) size 19x89
                text run at (1,455) width 89: "What is RSS?"
        RenderBlock {UL} at (212,0) size 120x584
          RenderListItem {LI} at (0,40) size 20x544
            RenderListMarker at (1,292) size 19x7: bullet
            RenderInline {A} at (0,0) size 19x92 [color=#0000EE]
              RenderText {#text} at (1,452) size 19x92
                text run at (1,452) width 92: "RSS Validator"
          RenderListItem {LI} at (20,40) size 20x544
            RenderListMarker at (1,292) size 19x7: bullet
            RenderInline {A} at (0,0) size 19x149 [color=#0000EE]
              RenderText {#text} at (1,395) size 19x149
                text run at (1,395) width 149: "Dive Into Accessibility"
          RenderListItem {LI} at (40,40) size 20x544
            RenderListMarker at (1,292) size 19x7: bullet
            RenderInline {A} at (0,0) size 19x101 [color=#0000EE]
              RenderText {#text} at (1,443) size 19x101
                text run at (1,443) width 101: "Dive Into OS X"
          RenderListItem {LI} at (60,40) size 20x544
            RenderListMarker at (1,292) size 19x7: bullet
            RenderInline {A} at (0,0) size 19x99 [color=#0000EE]
              RenderText {#text} at (1,445) size 19x99
                text run at (1,445) width 99: "Dive Into J2EE"
          RenderListItem {LI} at (80,40) size 20x544
            RenderListMarker at (1,292) size 19x7: bullet
            RenderInline {A} at (0,0) size 19x111 [color=#0000EE]
              RenderText {#text} at (1,433) size 19x111
                text run at (1,433) width 111: "Dive Into Python"
          RenderListItem {LI} at (100,40) size 20x544
            RenderListMarker at (1,292) size 19x7: bullet
            RenderInline {A} at (0,0) size 19x47 [color=#0000EE]
              RenderText {#text} at (1,497) size 19x47
                text run at (1,497) width 47: "r\x{E9}sum\x{E9}"
