layer at (0,0) size 800x1944
  RenderView at (0,0) size 800x600
layer at (0,0) size 800x1944
  RenderBlock {HTML} at (0,0) size 800x1944
    RenderBody {BODY} at (8,8) size 784x1920
      RenderBlock {UL} at (0,0) size 186x142 [border: (1px solid #0000FF)]
        RenderListItem {LI} at (41,1) size 144x40 [border: (5px solid #FFA500)]
          RenderListMarker at (-18,10) size 7x19: bullet
          RenderText {#text} at (10,10) size 62x19
            text run at (10,10) width 62: "First item"
        RenderListItem {LI} at (41,41) size 144x60 [border: (5px solid #FFA500)]
          RenderListMarker at (-18,10) size 7x19: bullet
          RenderText {#text} at (10,10) size 107x39
            text run at (10,10) width 107: "Second and very"
            text run at (10,30) width 94: "very long item"
        RenderListItem {LI} at (41,101) size 144x40 [border: (5px solid #FFA500)]
          RenderListMarker at (-18,10) size 7x19: bullet
          RenderText {#text} at (10,10) size 68x19
            text run at (10,10) width 68: "Third item"
      RenderBlock {UL} at (0,158) size 186x142 [border: (1px solid #FF0000)]
        RenderListItem {LI} at (1,1) size 144x40 [border: (5px solid #FFA500)]
          RenderListMarker at (154,10) size 8x19: bullet
          RenderText {#text} at (71,10) size 63x19
            text run at (71,10) width 63: "First item"
        RenderListItem {LI} at (1,41) size 144x60 [border: (5px solid #FFA500)]
          RenderListMarker at (154,10) size 8x19: bullet
          RenderText {#text} at (26,10) size 108x39
            text run at (26,10) width 108: "Second and very"
            text run at (39,30) width 95: "very long item"
        RenderListItem {LI} at (1,101) size 144x40 [border: (5px solid #FFA500)]
          RenderListMarker at (154,10) size 8x19: bullet
          RenderText {#text} at (65,10) size 69x19
            text run at (65,10) width 69: "Third item"
      RenderBlock {UL} at (0,316) size 186x142 [border: (1px solid #0000FF)]
        RenderListItem {LI} at (41,1) size 144x40 [border: (5px solid #FFA500)]
          RenderListMarker at (9,10) size 7x19: bullet
          RenderText {#text} at (25,10) size 62x19
            text run at (25,10) width 62: "First item"
        RenderListItem {LI} at (41,41) size 144x60 [border: (5px solid #FFA500)]
          RenderListMarker at (9,10) size 7x19: bullet
          RenderText {#text} at (25,10) size 122x39
            text run at (25,10) width 107: "Second and very"
            text run at (10,30) width 94: "very long item"
        RenderListItem {LI} at (41,101) size 144x40 [border: (5px solid #FFA500)]
          RenderListMarker at (9,10) size 7x19: bullet
          RenderText {#text} at (25,10) size 68x19
            text run at (25,10) width 68: "Third item"
      RenderBlock {UL} at (0,474) size 186x142 [border: (1px solid #FF0000)]
        RenderListItem {LI} at (1,1) size 144x40 [border: (5px solid #FFA500)]
          RenderListMarker at (127,10) size 8x19: bullet
          RenderText {#text} at (56,10) size 63x19
            text run at (56,10) width 63: "First item"
        RenderListItem {LI} at (1,41) size 144x60 [border: (5px solid #FFA500)]
          RenderListMarker at (127,10) size 8x19: bullet
          RenderText {#text} at (11,10) size 123x39
            text run at (11,10) width 108: "Second and very"
            text run at (39,30) width 95: "very long item"
        RenderListItem {LI} at (1,101) size 144x40 [border: (5px solid #FFA500)]
          RenderListMarker at (127,10) size 8x19: bullet
          RenderText {#text} at (50,10) size 69x19
            text run at (50,10) width 69: "Third item"
      RenderBlock {UL} at (0,632) size 186x142 [border: (1px solid #0000FF)]
        RenderListItem {LI} at (41,1) size 144x40 [border: (5px solid #FFA500)]
          RenderListMarker at (-17,15) size 10x10
          RenderText {#text} at (10,10) size 62x19
            text run at (10,10) width 62: "First item"
        RenderListItem {LI} at (41,41) size 144x60 [border: (5px solid #FFA500)]
          RenderListMarker at (-17,15) size 10x10
          RenderText {#text} at (10,10) size 107x39
            text run at (10,10) width 107: "Second and very"
            text run at (10,30) width 94: "very long item"
        RenderListItem {LI} at (41,101) size 144x40 [border: (5px solid #FFA500)]
          RenderListMarker at (-17,15) size 10x10
          RenderText {#text} at (10,10) size 68x19
            text run at (10,10) width 68: "Third item"
      RenderBlock {UL} at (0,790) size 186x142 [border: (1px solid #FF0000)]
        RenderListItem {LI} at (1,1) size 144x40 [border: (5px solid #FFA500)]
          RenderListMarker at (150,15) size 11x10
          RenderText {#text} at (71,10) size 63x19
            text run at (71,10) width 63: "First item"
        RenderListItem {LI} at (1,41) size 144x60 [border: (5px solid #FFA500)]
          RenderListMarker at (150,15) size 11x10
          RenderText {#text} at (26,10) size 108x39
            text run at (26,10) width 108: "Second and very"
            text run at (39,30) width 95: "very long item"
        RenderListItem {LI} at (1,101) size 144x40 [border: (5px solid #FFA500)]
          RenderListMarker at (150,15) size 11x10
          RenderText {#text} at (65,10) size 69x19
            text run at (65,10) width 69: "Third item"
      RenderBlock {UL} at (0,948) size 186x162 [border: (1px solid #0000FF)]
        RenderListItem {LI} at (41,1) size 144x40 [border: (5px solid #FFA500)]
          RenderListMarker at (10,15) size 10x10
          RenderText {#text} at (27,10) size 62x19
            text run at (27,10) width 62: "First item"
        RenderListItem {LI} at (41,41) size 144x80 [border: (5px solid #FFA500)]
          RenderListMarker at (10,15) size 10x10
          RenderText {#text} at (27,10) size 94x59
            text run at (27,10) width 75: "Second and"
            text run at (10,30) width 94: "very very long"
            text run at (10,50) width 29: "item"
        RenderListItem {LI} at (41,121) size 144x40 [border: (5px solid #FFA500)]
          RenderListMarker at (10,15) size 10x10
          RenderText {#text} at (27,10) size 68x19
            text run at (27,10) width 68: "Third item"
      RenderBlock {UL} at (0,1126) size 186x162 [border: (1px solid #FF0000)]
        RenderListItem {LI} at (1,1) size 144x40 [border: (5px solid #FFA500)]
          RenderListMarker at (123,15) size 11x10
          RenderText {#text} at (54,10) size 63x19
            text run at (54,10) width 63: "First item"
        RenderListItem {LI} at (1,41) size 144x80 [border: (5px solid #FFA500)]
          RenderListMarker at (123,15) size 11x10
          RenderText {#text} at (41,10) size 95x59
            text run at (41,10) width 76: "Second and"
            text run at (39,30) width 95: "very very long"
            text run at (104,50) width 30: "item"
        RenderListItem {LI} at (1,121) size 144x40 [border: (5px solid #FFA500)]
          RenderListMarker at (123,15) size 11x10
          RenderText {#text} at (48,10) size 69x19
            text run at (48,10) width 69: "Third item"
      RenderBlock {OL} at (0,1304) size 186x142 [border: (1px solid #0000FF)]
        RenderListItem {LI} at (41,1) size 144x40 [border: (5px solid #FFA500)]
          RenderListMarker at (-21,10) size 16x19: "1"
          RenderText {#text} at (10,10) size 62x19
            text run at (10,10) width 62: "First item"
        RenderListItem {LI} at (41,41) size 144x60 [border: (5px solid #FFA500)]
          RenderListMarker at (-21,10) size 16x19: "2"
          RenderText {#text} at (10,10) size 107x39
            text run at (10,10) width 107: "Second and very"
            text run at (10,30) width 94: "very long item"
        RenderListItem {LI} at (41,101) size 144x40 [border: (5px solid #FFA500)]
          RenderListMarker at (-21,10) size 16x19: "3"
          RenderText {#text} at (10,10) size 68x19
            text run at (10,10) width 68: "Third item"
      RenderBlock {OL} at (0,1462) size 186x142 [border: (1px solid #FF0000)]
        RenderListItem {LI} at (1,1) size 144x40 [border: (5px solid #FFA500)]
          RenderListMarker at (148,10) size 17x19: "1"
          RenderText {#text} at (71,10) size 63x19
            text run at (71,10) width 63: "First item"
        RenderListItem {LI} at (1,41) size 144x60 [border: (5px solid #FFA500)]
          RenderListMarker at (148,10) size 17x19: "2"
          RenderText {#text} at (26,10) size 108x39
            text run at (26,10) width 108: "Second and very"
            text run at (39,30) width 95: "very long item"
        RenderListItem {LI} at (1,101) size 144x40 [border: (5px solid #FFA500)]
          RenderListMarker at (148,10) size 17x19: "3"
          RenderText {#text} at (65,10) size 69x19
            text run at (65,10) width 69: "Third item"
      RenderBlock {OL} at (0,1620) size 186x142 [border: (1px solid #0000FF)]
        RenderListItem {LI} at (41,1) size 144x40 [border: (5px solid #FFA500)]
          RenderListMarker at (10,10) size 16x19: "1"
          RenderText {#text} at (26,10) size 62x19
            text run at (26,10) width 62: "First item"
        RenderListItem {LI} at (41,41) size 144x60 [border: (5px solid #FFA500)]
          RenderListMarker at (10,10) size 16x19: "2"
          RenderText {#text} at (26,10) size 123x39
            text run at (26,10) width 107: "Second and very"
            text run at (10,30) width 94: "very long item"
        RenderListItem {LI} at (41,101) size 144x40 [border: (5px solid #FFA500)]
          RenderListMarker at (10,10) size 16x19: "3"
          RenderText {#text} at (26,10) size 68x19
            text run at (26,10) width 68: "Third item"
      RenderBlock {OL} at (0,1778) size 186x142 [border: (1px solid #FF0000)]
        RenderListItem {LI} at (1,1) size 144x40 [border: (5px solid #FFA500)]
          RenderListMarker at (117,10) size 17x19: "1"
          RenderText {#text} at (55,10) size 63x19
            text run at (55,10) width 63: "First item"
        RenderListItem {LI} at (1,41) size 144x60 [border: (5px solid #FFA500)]
          RenderListMarker at (117,10) size 17x19: "2"
          RenderText {#text} at (10,10) size 124x39
            text run at (10,10) width 108: "Second and very"
            text run at (39,30) width 95: "very long item"
        RenderListItem {LI} at (1,101) size 144x40 [border: (5px solid #FFA500)]
          RenderListMarker at (117,10) size 17x19: "3"
          RenderText {#text} at (49,10) size 69x19
            text run at (49,10) width 69: "Third item"
