layer at (0,0) size 800x600
  RenderView at (0,0) size 800x600
layer at (0,0) size 800x600
  RenderBlock {HTML} at (0,0) size 800x600
    RenderBody {BODY} at (8,8) size 784x576
      RenderBlock {P} at (0,0) size 784x40
        RenderText {#text} at (0,0) size 54x19
          text run at (0,0) width 54: "Test for "
        RenderInline {I} at (0,0) size 779x39
          RenderInline {A} at (0,0) size 305x19 [color=#0000EE]
            RenderText {#text} at (53,0) size 305x19
              text run at (53,0) width 305: "http://bugs.webkit.org/show_bug.cgi?id=13157"
          RenderText {#text} at (357,0) size 779x39
            text run at (357,0) width 5: " "
            text run at (361,0) width 418: "List markers positioned incorrectly and don't repaint properly on"
            text run at (0,20) width 115: "Oxford homepage"
        RenderText {#text} at (114,20) size 5x19
          text run at (114,20) width 5: "."
      RenderBlock {P} at (0,56) size 784x20
        RenderText {#text} at (0,0) size 407x19
          text run at (0,0) width 407: "There should be a bullet next to each item on the following list:"
      RenderBlock {UL} at (0,92) size 784x100
        RenderListItem {LI} at (40,0) size 744x20
          RenderListMarker at (-18,0) size 7x19: bullet
          RenderText {#text} at (0,0) size 162x19
            text run at (0,0) width 162: "Prospectuses and courses"
        RenderListItem {LI} at (40,20) size 744x20
          RenderListMarker at (-18,0) size 7x19: bullet
          RenderText {#text} at (0,0) size 170x19
            text run at (0,0) width 170: "Undergraduate admissions"
        RenderListItem {LI} at (40,40) size 744x20
          RenderListMarker at (-18,0) size 7x19: bullet
          RenderText {#text} at (0,0) size 134x19
            text run at (0,0) width 134: "Graduate admissions"
        RenderListItem {LI} at (40,60) size 744x20
          RenderListMarker at (-18,0) size 7x19: bullet
          RenderText {#text} at (0,0) size 139x19
            text run at (0,0) width 139: "Continuing education"
        RenderListItem {LI} at (40,80) size 744x20
          RenderListMarker at (-18,0) size 7x19: bullet
          RenderText {#text} at (0,0) size 96x19
            text run at (0,0) width 96: "Online courses"
