layer at (0,0) size 800x600
  RenderView at (0,0) size 800x600
layer at (0,0) size 800x586
  RenderBlock {HTML} at (0,0) size 800x586
    RenderBody {BODY} at (8,19) size 784x559
      RenderBlock {H2} at (0,0) size 784x30
        RenderText {#text} at (0,1) size 302x28
          text run at (0,1) width 302: "A regular two level nested list"
      RenderBlock {P} at (0,49) size 784x21
        RenderText {#text} at (0,0) size 566x19
          text run at (0,0) width 566: "The outer list is numbered using decimal numerals, the inner lists with lower case letters"
      RenderBlock {DIV} at (24,85) size 760x473 [border: (1px solid #000000)]
        RenderListItem {DIV} at (33,1) size 726x22 [border: (1px solid #000000)]
          RenderListMarker at (-21,1) size 16x19: "1"
          RenderText {#text} at (33,1) size 42x19
            text run at (33,1) width 42: "Item 1"
        RenderListItem {DIV} at (33,23) size 726x152 [border: (1px solid #000000)]
          RenderBlock (anonymous) at (33,1) size 692x20
            RenderListMarker at (-54,0) size 16x19: "2"
            RenderText {#text} at (0,0) size 42x19
              text run at (0,0) width 42: "Item 2"
          RenderListItem {DIV} at (33,21) size 692x42 [border: (1px solid #000000)]
            RenderListMarker at (-21,1) size 16x19: "a"
            RenderText {#text} at (33,1) size 41x19
              text run at (33,1) width 41: "Item a"
            RenderBR {BR} at (73,1) size 1x19
            RenderText {#text} at (33,21) size 90x19
              text run at (33,21) width 90: "Item a, Line 2"
          RenderListItem {DIV} at (33,63) size 692x22 [border: (1px solid #000000)]
            RenderListMarker at (-21,1) size 16x19: "b"
            RenderText {#text} at (33,1) size 42x19
              text run at (33,1) width 42: "Item b"
          RenderListItem {DIV} at (33,85) size 692x22 [border: (1px solid #000000)]
            RenderListMarker at (-21,1) size 16x19: "c"
            RenderText {#text} at (33,1) size 41x19
              text run at (33,1) width 41: "Item c"
          RenderBlock {DIV} at (33,107) size 692x22 [border: (1px solid #000000)]
            RenderText {#text} at (33,1) size 92x19
              text run at (33,1) width 92: "Not a list item"
          RenderListItem {DIV} at (33,129) size 692x22 [border: (1px solid #000000)]
            RenderListMarker at (-21,1) size 16x19: "d"
            RenderText {#text} at (33,1) size 42x19
              text run at (33,1) width 42: "Item d"
        RenderListItem {DIV} at (33,175) size 726x22 [border: (1px solid #000000)]
          RenderListMarker at (-21,1) size 16x19: "3"
          RenderText {#text} at (33,1) size 42x19
            text run at (33,1) width 42: "Item 3"
        RenderBlock {DIV} at (33,197) size 726x108 [border: (1px solid #000000)]
          RenderBlock (anonymous) at (33,1) size 692x20
            RenderText {#text} at (0,0) size 92x19
              text run at (0,0) width 92: "Not a list item"
          RenderListItem {DIV} at (33,21) size 692x42 [border: (1px solid #000000)]
            RenderListMarker at (-21,1) size 16x19: "a"
            RenderText {#text} at (33,1) size 41x19
              text run at (33,1) width 41: "Item a"
            RenderBR {BR} at (73,1) size 1x19
            RenderText {#text} at (33,21) size 90x19
              text run at (33,21) width 90: "Item a, Line 2"
          RenderBlock {DIV} at (33,63) size 692x22 [border: (1px solid #000000)]
            RenderText {#text} at (33,1) size 92x19
              text run at (33,1) width 92: "Not a list item"
          RenderListItem {DIV} at (33,85) size 692x22 [border: (1px solid #000000)]
            RenderListMarker at (-21,1) size 16x19: "b"
            RenderText {#text} at (33,1) size 42x19
              text run at (33,1) width 42: "Item b"
        RenderListItem {DIV} at (33,305) size 726x22 [border: (1px solid #000000)]
          RenderListMarker at (-21,1) size 16x19: "4"
          RenderText {#text} at (33,1) size 42x19
            text run at (33,1) width 42: "Item 4"
        RenderListItem {DIV} at (33,327) size 726x122 [border: (1px solid #000000)]
          RenderBlock (anonymous) at (33,1) size 692x20
            RenderListMarker at (-54,0) size 16x19: "5"
            RenderText {#text} at (0,0) size 42x19
              text run at (0,0) width 42: "Item 5"
          RenderListItem {TABLE} at (33,21) size 692x50 [border: (1px dashed #000000)]
            RenderBlock (anonymous) at (1,1) size 690x20
              RenderListMarker at (-22,0) size 16x19: "a"
            RenderTable at (1,21) size 193x28
              RenderTableSection {TBODY} at (0,0) size 193x28
                RenderTableRow {TR} at (0,2) size 193x24
                  RenderTableCell {TD} at (2,2) size 94x24 [border: (1px dotted #000000)] [r=0 c=0 rs=1 cs=1]
                    RenderText {#text} at (2,2) size 90x19
                      text run at (2,2) width 90: "Table Cell A1"
                  RenderTableCell {TD} at (97,2) size 94x24 [border: (1px dotted #000000)] [r=0 c=1 rs=1 cs=1]
                    RenderText {#text} at (2,2) size 89x19
                      text run at (2,2) width 89: "Table Cell B1"
          RenderListItem {TABLE} at (33,71) size 692x50 [border: (1px dashed #000000)]
            RenderBlock (anonymous) at (1,1) size 690x20
              RenderListMarker at (-22,0) size 16x19: "b"
            RenderTable at (1,21) size 217x28
              RenderTableSection {TBODY} at (0,0) size 217x28
                RenderTableRow {TR} at (0,2) size 217x24
                  RenderTableCell {TD} at (2,2) size 106x24 [border: (1px dotted #000000)] [r=0 c=0 rs=1 cs=1]
                    RenderText {#text} at (2,2) size 102x19
                      text run at (2,2) width 102: "Table 2 Cell A1"
                  RenderTableCell {TD} at (109,2) size 106x24 [border: (1px dotted #000000)] [r=0 c=1 rs=1 cs=1]
                    RenderText {#text} at (2,2) size 101x19
                      text run at (2,2) width 101: "Table 2 Cell B1"
        RenderListItem {DIV} at (33,449) size 726x22 [border: (1px solid #000000)]
          RenderListMarker at (-21,1) size 16x19: "6"
          RenderText {#text} at (33,1) size 42x19
            text run at (33,1) width 42: "Item 6"
