layer at (0,0) size 800x600
  RenderView at (0,0) size 800x600
layer at (0,0) size 800x600
  RenderBlock {HTML} at (0,0) size 800x600
    RenderBody {BODY} at (8,8) size 784x576
      RenderBlock {P} at (0,0) size 784x36
        RenderText {#text} at (0,0) size 52x17
          text run at (0,0) width 52: "Test for "
        RenderInline {I} at (0,0) size 770x35
          RenderInline {A} at (0,0) size 308x17 [color=#0000EE]
            RenderText {#text} at (51,0) size 308x17
              text run at (51,0) width 308: "https://bugs.webkit.org/show_bug.cgi?id=23848"
          RenderText {#text} at (358,0) size 770x35
            text run at (358,0) width 412: " REGRESSION: Crash when mouse cursor moves over a link on"
            text run at (0,18) width 121: "www.opportuno.de"
        RenderText {#text} at (120,18) size 5x17
          text run at (120,18) width 5: "."
      RenderBlock {P} at (0,52) size 784x18
        RenderText {#text} at (0,0) size 735x17
          text run at (0,0) width 449: "This tests that changing the z-index of an inline correctly invalidates its "
          text run at (449,0) width 286: "layer\x{2019}s and its stacking context\x{2019}s z-index lists."
      RenderBlock (anonymous) at (0,86) size 784x0
        RenderText {#text} at (0,0) size 0x0
        RenderText {#text} at (0,0) size 0x0
