layer at (0,0) size 800x600
  RenderView at (0,0) size 800x600
layer at (0,0) size 800x474
  RenderBlock {HTML} at (0,0) size 800x474
    RenderBody {BODY} at (8,8) size 784x458
      RenderBlock {DIV} at (0,0) size 784x86
        RenderBlock {DETAILS} at (0,0) size 784x86
          RenderBlock {SUMMARY} at (0,0) size 784x86
            RenderDetailsMarker {DIV} at (0,0) size 112x80 [border: (8px solid #00FF00) (16px solid #00FF00) (24px solid #00FF00) (32px solid #00FF00)]: right
            RenderText {#text} at (121,58) size 94x28
              text run at (121,58) width 94: "Summary"
      RenderBlock {DIV} at (0,86) size 112x183
        RenderBlock {DETAILS} at (0,0) size 112x183
          RenderBlock {SUMMARY} at (0,0) size 112x183
            RenderDetailsMarker {DIV} at (0,0) size 112x80 [border: (8px solid #00FF00) (16px solid #00FF00) (24px solid #00FF00) (32px solid #00FF00)]: down
            RenderText {#text} at (42,89) size 28x94
              text run at (42,89) width 94: "Summary"
      RenderBlock {DIV} at (0,268) size 784x47
        RenderBlock {DETAILS} at (0,0) size 784x46
          RenderBlock {SUMMARY} at (0,0) size 784x46
            RenderDetailsMarker {DIV} at (0,0) size 64x40 [border: (8px solid #00FF00)]: right
            RenderText {#text} at (73,18) size 94x28
              text run at (73,18) width 94: "Summary"
      RenderBlock {DIV} at (0,314) size 64x144
        RenderBlock {DETAILS} at (0,0) size 64x143
          RenderBlock {SUMMARY} at (0,0) size 64x143
            RenderDetailsMarker {DIV} at (0,0) size 64x40 [border: (8px solid #00FF00)]: down
            RenderText {#text} at (18,49) size 28x94
              text run at (18,49) width 94: "Summary"
