layer at (0,0) size 785x1478
  RenderView at (0,0) size 785x600
layer at (0,0) size 785x1478
  RenderBlock {HTML} at (0,0) size 785x1478
    RenderBody {BODY} at (8,8) size 769x1462
      RenderTable {TABLE} at (0,0) size 614x352 [border: (1px outset #808080)]
        RenderTableSection {TBODY} at (1,1) size 612x350
          RenderTableRow {TR} at (0,2) size 612x30
            RenderTableCell {TH} at (2,2) size 608x30 [border: (1px inset #808080)] [r=0 c=0 rs=1 cs=6]
              RenderText {#text} at (227,6) size 154x18
                text run at (227,6) width 154: "text-align not specified"
          RenderTableRow {TR} at (0,34) size 612x30
            RenderTableCell {TH} at (2,50) size 104x30 [border: (1px inset #808080)] [r=1 c=0 rs=2 cs=2]
              RenderText {#text} at (49,6) size 5x18
                text run at (49,6) width 5: " "
            RenderTableCell {TH} at (107,34) size 503x30 [border: (1px inset #808080)] [r=1 c=2 rs=1 cs=4]
              RenderText {#text} at (176,6) size 150x18
                text run at (176,6) width 150: "-webkit-writing-mode"
          RenderTableRow {TR} at (0,66) size 612x30
            RenderTableCell {TH} at (107,66) size 125x30 [border: (1px inset #808080)] [r=2 c=2 rs=1 cs=1]
              RenderText {#text} at (17,6) size 90x18
                text run at (17,6) width 90: "horizontal-tb"
            RenderTableCell {TH} at (233,66) size 125x30 [border: (1px inset #808080)] [r=2 c=3 rs=1 cs=1]
              RenderText {#text} at (17,6) size 90x18
                text run at (17,6) width 90: "horizontal-bt"
            RenderTableCell {TH} at (359,66) size 125x30 [border: (1px inset #808080)] [r=2 c=4 rs=1 cs=1]
              RenderText {#text} at (27,6) size 70x18
                text run at (27,6) width 70: "vertical-lr"
            RenderTableCell {TH} at (485,66) size 125x30 [border: (1px inset #808080)] [r=2 c=5 rs=1 cs=1]
              RenderText {#text} at (27,6) size 70x18
                text run at (27,6) width 70: "vertical-rl"
          RenderTableRow {TR} at (0,98) size 612x124
            RenderTableCell {TH} at (2,208) size 74x30 [border: (1px inset #808080)] [r=3 c=0 rs=4 cs=1]
              RenderText {#text} at (6,6) size 62x18
                text run at (6,6) width 62: "direction"
            RenderTableCell {TH} at (77,145) size 29x30 [border: (1px inset #808080)] [r=3 c=1 rs=1 cs=1]
              RenderText {#text} at (6,6) size 17x18
                text run at (6,6) width 17: "ltr"
            RenderTableCell {TD} at (107,98) size 125x124 [border: (1px solid #000000)] [r=3 c=2 rs=1 cs=1]
              RenderBlock {DIV} at (2,2) size 120x120
                RenderBlock {DETAILS} at (0,0) size 120x18
                  RenderBlock {SUMMARY} at (0,0) size 120x18
                    RenderDetailsMarker {DIV} at (0,3) size 11x11: right
                    RenderText {#text} at (16,0) size 61x18
                      text run at (16,0) width 61: "summary"
                RenderBlock {DETAILS} at (0,18) size 120x18
                  RenderBlock {SUMMARY} at (0,0) size 120x18
                    RenderDetailsMarker {DIV} at (0,3) size 11x11: down
                    RenderText {#text} at (16,0) size 61x18
                      text run at (16,0) width 61: "summary"
            RenderTableCell {TD} at (233,98) size 125x124 [border: (1px solid #000000)] [r=3 c=3 rs=1 cs=1]
              RenderBlock {DIV} at (2,2) size 120x120
                RenderBlock {DETAILS} at (0,0) size 120x18
                  RenderBlock {SUMMARY} at (0,0) size 120x18
                    RenderDetailsMarker {DIV} at (0,4) size 11x11: right
                    RenderText {#text} at (16,0) size 61x18
                      text run at (16,0) width 61: "summary"
                RenderBlock {DETAILS} at (0,18) size 120x18
                  RenderBlock {SUMMARY} at (0,0) size 120x18
                    RenderDetailsMarker {DIV} at (0,4) size 11x11: up
                    RenderText {#text} at (16,0) size 61x18
                      text run at (16,0) width 61: "summary"
            RenderTableCell {TD} at (359,98) size 125x124 [border: (1px solid #000000)] [r=3 c=4 rs=1 cs=1]
              RenderBlock {DIV} at (2,2) size 120x120
                RenderBlock {DETAILS} at (0,0) size 21x120
                  RenderBlock {SUMMARY} at (0,0) size 21x120
                    RenderDetailsMarker {DIV} at (4,0) size 11x11: down
                    RenderText {#text} at (0,10) size 18x61
                      text run at (0,10) width 60: "summary"
                RenderBlock {DETAILS} at (21,0) size 21x120
                  RenderBlock {SUMMARY} at (0,0) size 21x120
                    RenderDetailsMarker {DIV} at (4,0) size 11x11: right
                    RenderText {#text} at (0,10) size 18x61
                      text run at (0,10) width 60: "summary"
            RenderTableCell {TD} at (485,98) size 125x124 [border: (1px solid #000000)] [r=3 c=5 rs=1 cs=1]
              RenderBlock {DIV} at (2,2) size 120x120
                RenderBlock {DETAILS} at (0,0) size 21x120
                  RenderBlock {SUMMARY} at (0,0) size 21x120
                    RenderDetailsMarker {DIV} at (6,0) size 11x11: down
                    RenderText {#text} at (3,10) size 18x61
                      text run at (3,10) width 60: "summary"
                RenderBlock {DETAILS} at (21,0) size 21x120
                  RenderBlock {SUMMARY} at (0,0) size 21x120
                    RenderDetailsMarker {DIV} at (6,0) size 11x11: left
                    RenderText {#text} at (3,10) size 18x61
                      text run at (3,10) width 60: "summary"
          RenderTableRow {TR} at (0,224) size 612x124
            RenderTableCell {TH} at (77,271) size 29x30 [border: (1px inset #808080)] [r=4 c=1 rs=1 cs=1]
              RenderText {#text} at (6,6) size 17x18
                text run at (6,6) width 17: "rtl"
            RenderTableCell {TD} at (107,224) size 125x124 [border: (1px solid #000000)] [r=4 c=2 rs=1 cs=1]
              RenderBlock {DIV} at (2,2) size 120x120
                RenderBlock {DETAILS} at (0,0) size 120x18
                  RenderBlock {SUMMARY} at (0,0) size 120x18
                    RenderDetailsMarker {DIV} at (103,3) size 11x11: left
                    RenderText {#text} at (43,0) size 61x18
                      text run at (43,0) width 61: "summary"
                RenderBlock {DETAILS} at (0,18) size 120x18
                  RenderBlock {SUMMARY} at (0,0) size 120x18
                    RenderDetailsMarker {DIV} at (103,3) size 11x11: down
                    RenderText {#text} at (43,0) size 61x18
                      text run at (43,0) width 61: "summary"
            RenderTableCell {TD} at (233,224) size 125x124 [border: (1px solid #000000)] [r=4 c=3 rs=1 cs=1]
              RenderBlock {DIV} at (2,2) size 120x120
                RenderBlock {DETAILS} at (0,0) size 120x18
                  RenderBlock {SUMMARY} at (0,0) size 120x18
                    RenderDetailsMarker {DIV} at (103,4) size 11x11: left
                    RenderText {#text} at (43,0) size 61x18
                      text run at (43,0) width 61: "summary"
                RenderBlock {DETAILS} at (0,18) size 120x18
                  RenderBlock {SUMMARY} at (0,0) size 120x18
                    RenderDetailsMarker {DIV} at (103,4) size 11x11: up
                    RenderText {#text} at (43,0) size 61x18
                      text run at (43,0) width 61: "summary"
            RenderTableCell {TD} at (359,224) size 125x124 [border: (1px solid #000000)] [r=4 c=4 rs=1 cs=1]
              RenderBlock {DIV} at (2,2) size 120x120
                RenderBlock {DETAILS} at (0,0) size 21x120
                  RenderBlock {SUMMARY} at (0,0) size 21x120
                    RenderDetailsMarker {DIV} at (4,109) size 11x11: up
                    RenderText {#text} at (0,49) size 18x61
                      text run at (0,49) width 60: "summary"
                RenderBlock {DETAILS} at (21,0) size 21x120
                  RenderBlock {SUMMARY} at (0,0) size 21x120
                    RenderDetailsMarker {DIV} at (4,109) size 11x11: right
                    RenderText {#text} at (0,49) size 18x61
                      text run at (0,49) width 60: "summary"
            RenderTableCell {TD} at (485,224) size 125x124 [border: (1px solid #000000)] [r=4 c=5 rs=1 cs=1]
              RenderBlock {DIV} at (2,2) size 120x120
                RenderBlock {DETAILS} at (0,0) size 21x120
                  RenderBlock {SUMMARY} at (0,0) size 21x120
                    RenderDetailsMarker {DIV} at (6,109) size 11x11: up
                    RenderText {#text} at (3,49) size 18x61
                      text run at (3,49) width 60: "summary"
                RenderBlock {DETAILS} at (21,0) size 21x120
                  RenderBlock {SUMMARY} at (0,0) size 21x120
                    RenderDetailsMarker {DIV} at (6,109) size 11x11: left
                    RenderText {#text} at (3,49) size 18x61
                      text run at (3,49) width 60: "summary"
      RenderBlock (anonymous) at (0,352) size 769x18
        RenderBR {BR} at (0,0) size 0x18
      RenderTable {TABLE} at (0,370) size 614x352 [border: (1px outset #808080)]
        RenderTableSection {TBODY} at (1,1) size 612x350
          RenderTableRow {TR} at (0,2) size 612x30
            RenderTableCell {TH} at (2,2) size 608x30 [border: (1px inset #808080)] [r=0 c=0 rs=1 cs=6]
              RenderText {#text} at (255,6) size 98x18
                text run at (255,6) width 98: "text-align: left"
          RenderTableRow {TR} at (0,34) size 612x30
            RenderTableCell {TH} at (2,50) size 104x30 [border: (1px inset #808080)] [r=1 c=0 rs=2 cs=2]
              RenderText {#text} at (49,6) size 5x18
                text run at (49,6) width 5: " "
            RenderTableCell {TH} at (107,34) size 503x30 [border: (1px inset #808080)] [r=1 c=2 rs=1 cs=4]
              RenderText {#text} at (176,6) size 150x18
                text run at (176,6) width 150: "-webkit-writing-mode"
          RenderTableRow {TR} at (0,66) size 612x30
            RenderTableCell {TH} at (107,66) size 125x30 [border: (1px inset #808080)] [r=2 c=2 rs=1 cs=1]
              RenderText {#text} at (17,6) size 90x18
                text run at (17,6) width 90: "horizontal-tb"
            RenderTableCell {TH} at (233,66) size 125x30 [border: (1px inset #808080)] [r=2 c=3 rs=1 cs=1]
              RenderText {#text} at (17,6) size 90x18
                text run at (17,6) width 90: "horizontal-bt"
            RenderTableCell {TH} at (359,66) size 125x30 [border: (1px inset #808080)] [r=2 c=4 rs=1 cs=1]
              RenderText {#text} at (27,6) size 70x18
                text run at (27,6) width 70: "vertical-lr"
            RenderTableCell {TH} at (485,66) size 125x30 [border: (1px inset #808080)] [r=2 c=5 rs=1 cs=1]
              RenderText {#text} at (27,6) size 70x18
                text run at (27,6) width 70: "vertical-rl"
          RenderTableRow {TR} at (0,98) size 612x124
            RenderTableCell {TH} at (2,208) size 74x30 [border: (1px inset #808080)] [r=3 c=0 rs=4 cs=1]
              RenderText {#text} at (6,6) size 62x18
                text run at (6,6) width 62: "direction"
            RenderTableCell {TH} at (77,145) size 29x30 [border: (1px inset #808080)] [r=3 c=1 rs=1 cs=1]
              RenderText {#text} at (6,6) size 17x18
                text run at (6,6) width 17: "ltr"
            RenderTableCell {TD} at (107,98) size 125x124 [border: (1px solid #000000)] [r=3 c=2 rs=1 cs=1]
              RenderBlock {DIV} at (2,2) size 120x120
                RenderBlock {DETAILS} at (0,0) size 120x18
                  RenderBlock {SUMMARY} at (0,0) size 120x18
                    RenderDetailsMarker {DIV} at (0,3) size 11x11: right
                    RenderText {#text} at (16,0) size 61x18
                      text run at (16,0) width 61: "summary"
                RenderBlock {DETAILS} at (0,18) size 120x18
                  RenderBlock {SUMMARY} at (0,0) size 120x18
                    RenderDetailsMarker {DIV} at (0,3) size 11x11: down
                    RenderText {#text} at (16,0) size 61x18
                      text run at (16,0) width 61: "summary"
            RenderTableCell {TD} at (233,98) size 125x124 [border: (1px solid #000000)] [r=3 c=3 rs=1 cs=1]
              RenderBlock {DIV} at (2,2) size 120x120
                RenderBlock {DETAILS} at (0,0) size 120x18
                  RenderBlock {SUMMARY} at (0,0) size 120x18
                    RenderDetailsMarker {DIV} at (0,4) size 11x11: right
                    RenderText {#text} at (16,0) size 61x18
                      text run at (16,0) width 61: "summary"
                RenderBlock {DETAILS} at (0,18) size 120x18
                  RenderBlock {SUMMARY} at (0,0) size 120x18
                    RenderDetailsMarker {DIV} at (0,4) size 11x11: up
                    RenderText {#text} at (16,0) size 61x18
                      text run at (16,0) width 61: "summary"
            RenderTableCell {TD} at (359,98) size 125x124 [border: (1px solid #000000)] [r=3 c=4 rs=1 cs=1]
              RenderBlock {DIV} at (2,2) size 120x120
                RenderBlock {DETAILS} at (0,0) size 21x120
                  RenderBlock {SUMMARY} at (0,0) size 21x120
                    RenderDetailsMarker {DIV} at (4,0) size 11x11: down
                    RenderText {#text} at (0,10) size 18x61
                      text run at (0,10) width 60: "summary"
                RenderBlock {DETAILS} at (21,0) size 21x120
                  RenderBlock {SUMMARY} at (0,0) size 21x120
                    RenderDetailsMarker {DIV} at (4,0) size 11x11: right
                    RenderText {#text} at (0,10) size 18x61
                      text run at (0,10) width 60: "summary"
            RenderTableCell {TD} at (485,98) size 125x124 [border: (1px solid #000000)] [r=3 c=5 rs=1 cs=1]
              RenderBlock {DIV} at (2,2) size 120x120
                RenderBlock {DETAILS} at (0,0) size 21x120
                  RenderBlock {SUMMARY} at (0,0) size 21x120
                    RenderDetailsMarker {DIV} at (6,0) size 11x11: down
                    RenderText {#text} at (3,10) size 18x61
                      text run at (3,10) width 60: "summary"
                RenderBlock {DETAILS} at (21,0) size 21x120
                  RenderBlock {SUMMARY} at (0,0) size 21x120
                    RenderDetailsMarker {DIV} at (6,0) size 11x11: left
                    RenderText {#text} at (3,10) size 18x61
                      text run at (3,10) width 60: "summary"
          RenderTableRow {TR} at (0,224) size 612x124
            RenderTableCell {TH} at (77,271) size 29x30 [border: (1px inset #808080)] [r=4 c=1 rs=1 cs=1]
              RenderText {#text} at (6,6) size 17x18
                text run at (6,6) width 17: "rtl"
            RenderTableCell {TD} at (107,224) size 125x124 [border: (1px solid #000000)] [r=4 c=2 rs=1 cs=1]
              RenderBlock {DIV} at (2,2) size 120x120
                RenderBlock {DETAILS} at (0,0) size 120x18
                  RenderBlock {SUMMARY} at (0,0) size 120x18
                    RenderDetailsMarker {DIV} at (59,3) size 12x11: left
                    RenderText {#text} at (0,0) size 60x18
                      text run at (0,0) width 60: "summary"
                RenderBlock {DETAILS} at (0,18) size 120x18
                  RenderBlock {SUMMARY} at (0,0) size 120x18
                    RenderDetailsMarker {DIV} at (59,3) size 12x11: down
                    RenderText {#text} at (0,0) size 60x18
                      text run at (0,0) width 60: "summary"
            RenderTableCell {TD} at (233,224) size 125x124 [border: (1px solid #000000)] [r=4 c=3 rs=1 cs=1]
              RenderBlock {DIV} at (2,2) size 120x120
                RenderBlock {DETAILS} at (0,0) size 120x18
                  RenderBlock {SUMMARY} at (0,0) size 120x18
                    RenderDetailsMarker {DIV} at (59,4) size 12x11: left
                    RenderText {#text} at (0,0) size 60x18
                      text run at (0,0) width 60: "summary"
                RenderBlock {DETAILS} at (0,18) size 120x18
                  RenderBlock {SUMMARY} at (0,0) size 120x18
                    RenderDetailsMarker {DIV} at (59,4) size 12x11: up
                    RenderText {#text} at (0,0) size 60x18
                      text run at (0,0) width 60: "summary"
            RenderTableCell {TD} at (359,224) size 125x124 [border: (1px solid #000000)] [r=4 c=4 rs=1 cs=1]
              RenderBlock {DIV} at (2,2) size 120x120
                RenderBlock {DETAILS} at (0,0) size 21x120
                  RenderBlock {SUMMARY} at (0,0) size 21x120
                    RenderDetailsMarker {DIV} at (4,59) size 11x12: up
                    RenderText {#text} at (0,0) size 18x60
                      text run at (0,0) width 60: "summary"
                RenderBlock {DETAILS} at (21,0) size 21x120
                  RenderBlock {SUMMARY} at (0,0) size 21x120
                    RenderDetailsMarker {DIV} at (4,59) size 11x12: right
                    RenderText {#text} at (0,0) size 18x60
                      text run at (0,0) width 60: "summary"
            RenderTableCell {TD} at (485,224) size 125x124 [border: (1px solid #000000)] [r=4 c=5 rs=1 cs=1]
              RenderBlock {DIV} at (2,2) size 120x120
                RenderBlock {DETAILS} at (0,0) size 21x120
                  RenderBlock {SUMMARY} at (0,0) size 21x120
                    RenderDetailsMarker {DIV} at (6,59) size 11x12: up
                    RenderText {#text} at (3,0) size 18x60
                      text run at (3,0) width 60: "summary"
                RenderBlock {DETAILS} at (21,0) size 21x120
                  RenderBlock {SUMMARY} at (0,0) size 21x120
                    RenderDetailsMarker {DIV} at (6,59) size 11x12: left
                    RenderText {#text} at (3,0) size 18x60
                      text run at (3,0) width 60: "summary"
      RenderBlock (anonymous) at (0,722) size 769x18
        RenderBR {BR} at (0,0) size 0x18
      RenderTable {TABLE} at (0,740) size 614x352 [border: (1px outset #808080)]
        RenderTableSection {TBODY} at (1,1) size 612x350
          RenderTableRow {TR} at (0,2) size 612x30
            RenderTableCell {TH} at (2,2) size 608x30 [border: (1px inset #808080)] [r=0 c=0 rs=1 cs=6]
              RenderText {#text} at (245,6) size 118x18
                text run at (245,6) width 118: "text-align: center"
          RenderTableRow {TR} at (0,34) size 612x30
            RenderTableCell {TH} at (2,50) size 104x30 [border: (1px inset #808080)] [r=1 c=0 rs=2 cs=2]
              RenderText {#text} at (49,6) size 5x18
                text run at (49,6) width 5: " "
            RenderTableCell {TH} at (107,34) size 503x30 [border: (1px inset #808080)] [r=1 c=2 rs=1 cs=4]
              RenderText {#text} at (176,6) size 150x18
                text run at (176,6) width 150: "-webkit-writing-mode"
          RenderTableRow {TR} at (0,66) size 612x30
            RenderTableCell {TH} at (107,66) size 125x30 [border: (1px inset #808080)] [r=2 c=2 rs=1 cs=1]
              RenderText {#text} at (17,6) size 90x18
                text run at (17,6) width 90: "horizontal-tb"
            RenderTableCell {TH} at (233,66) size 125x30 [border: (1px inset #808080)] [r=2 c=3 rs=1 cs=1]
              RenderText {#text} at (17,6) size 90x18
                text run at (17,6) width 90: "horizontal-bt"
            RenderTableCell {TH} at (359,66) size 125x30 [border: (1px inset #808080)] [r=2 c=4 rs=1 cs=1]
              RenderText {#text} at (27,6) size 70x18
                text run at (27,6) width 70: "vertical-lr"
            RenderTableCell {TH} at (485,66) size 125x30 [border: (1px inset #808080)] [r=2 c=5 rs=1 cs=1]
              RenderText {#text} at (27,6) size 70x18
                text run at (27,6) width 70: "vertical-rl"
          RenderTableRow {TR} at (0,98) size 612x124
            RenderTableCell {TH} at (2,208) size 74x30 [border: (1px inset #808080)] [r=3 c=0 rs=4 cs=1]
              RenderText {#text} at (6,6) size 62x18
                text run at (6,6) width 62: "direction"
            RenderTableCell {TH} at (77,145) size 29x30 [border: (1px inset #808080)] [r=3 c=1 rs=1 cs=1]
              RenderText {#text} at (6,6) size 17x18
                text run at (6,6) width 17: "ltr"
            RenderTableCell {TD} at (107,98) size 125x124 [border: (1px solid #000000)] [r=3 c=2 rs=1 cs=1]
              RenderBlock {DIV} at (2,2) size 120x120
                RenderBlock {DETAILS} at (0,0) size 120x18
                  RenderBlock {SUMMARY} at (0,0) size 120x18
                    RenderDetailsMarker {DIV} at (21,3) size 12x11: right
                    RenderText {#text} at (38,0) size 61x18
                      text run at (38,0) width 61: "summary"
                RenderBlock {DETAILS} at (0,18) size 120x18
                  RenderBlock {SUMMARY} at (0,0) size 120x18
                    RenderDetailsMarker {DIV} at (21,3) size 12x11: down
                    RenderText {#text} at (38,0) size 61x18
                      text run at (38,0) width 61: "summary"
            RenderTableCell {TD} at (233,98) size 125x124 [border: (1px solid #000000)] [r=3 c=3 rs=1 cs=1]
              RenderBlock {DIV} at (2,2) size 120x120
                RenderBlock {DETAILS} at (0,0) size 120x18
                  RenderBlock {SUMMARY} at (0,0) size 120x18
                    RenderDetailsMarker {DIV} at (21,4) size 12x11: right
                    RenderText {#text} at (38,0) size 61x18
                      text run at (38,0) width 61: "summary"
                RenderBlock {DETAILS} at (0,18) size 120x18
                  RenderBlock {SUMMARY} at (0,0) size 120x18
                    RenderDetailsMarker {DIV} at (21,4) size 12x11: up
                    RenderText {#text} at (38,0) size 61x18
                      text run at (38,0) width 61: "summary"
            RenderTableCell {TD} at (359,98) size 125x124 [border: (1px solid #000000)] [r=3 c=4 rs=1 cs=1]
              RenderBlock {DIV} at (2,2) size 120x120
                RenderBlock {DETAILS} at (0,0) size 21x120
                  RenderBlock {SUMMARY} at (0,0) size 21x120
                    RenderDetailsMarker {DIV} at (4,24) size 11x12: down
                    RenderText {#text} at (0,35) size 18x61
                      text run at (0,35) width 60: "summary"
                RenderBlock {DETAILS} at (21,0) size 21x120
                  RenderBlock {SUMMARY} at (0,0) size 21x120
                    RenderDetailsMarker {DIV} at (4,24) size 11x12: right
                    RenderText {#text} at (0,35) size 18x61
                      text run at (0,35) width 60: "summary"
            RenderTableCell {TD} at (485,98) size 125x124 [border: (1px solid #000000)] [r=3 c=5 rs=1 cs=1]
              RenderBlock {DIV} at (2,2) size 120x120
                RenderBlock {DETAILS} at (0,0) size 21x120
                  RenderBlock {SUMMARY} at (0,0) size 21x120
                    RenderDetailsMarker {DIV} at (6,24) size 11x12: down
                    RenderText {#text} at (3,35) size 18x61
                      text run at (3,35) width 60: "summary"
                RenderBlock {DETAILS} at (21,0) size 21x120
                  RenderBlock {SUMMARY} at (0,0) size 21x120
                    RenderDetailsMarker {DIV} at (6,24) size 11x12: left
                    RenderText {#text} at (3,35) size 18x61
                      text run at (3,35) width 60: "summary"
          RenderTableRow {TR} at (0,224) size 612x124
            RenderTableCell {TH} at (77,271) size 29x30 [border: (1px inset #808080)] [r=4 c=1 rs=1 cs=1]
              RenderText {#text} at (6,6) size 17x18
                text run at (6,6) width 17: "rtl"
            RenderTableCell {TD} at (107,224) size 125x124 [border: (1px solid #000000)] [r=4 c=2 rs=1 cs=1]
              RenderBlock {DIV} at (2,2) size 120x120
                RenderBlock {DETAILS} at (0,0) size 120x18
                  RenderBlock {SUMMARY} at (0,0) size 120x18
                    RenderDetailsMarker {DIV} at (81,3) size 11x11: left
                    RenderText {#text} at (21,0) size 61x18
                      text run at (21,0) width 61: "summary"
                RenderBlock {DETAILS} at (0,18) size 120x18
                  RenderBlock {SUMMARY} at (0,0) size 120x18
                    RenderDetailsMarker {DIV} at (81,3) size 11x11: down
                    RenderText {#text} at (21,0) size 61x18
                      text run at (21,0) width 61: "summary"
            RenderTableCell {TD} at (233,224) size 125x124 [border: (1px solid #000000)] [r=4 c=3 rs=1 cs=1]
              RenderBlock {DIV} at (2,2) size 120x120
                RenderBlock {DETAILS} at (0,0) size 120x18
                  RenderBlock {SUMMARY} at (0,0) size 120x18
                    RenderDetailsMarker {DIV} at (81,4) size 11x11: left
                    RenderText {#text} at (21,0) size 61x18
                      text run at (21,0) width 61: "summary"
                RenderBlock {DETAILS} at (0,18) size 120x18
                  RenderBlock {SUMMARY} at (0,0) size 120x18
                    RenderDetailsMarker {DIV} at (81,4) size 11x11: up
                    RenderText {#text} at (21,0) size 61x18
                      text run at (21,0) width 61: "summary"
            RenderTableCell {TD} at (359,224) size 125x124 [border: (1px solid #000000)] [r=4 c=4 rs=1 cs=1]
              RenderBlock {DIV} at (2,2) size 120x120
                RenderBlock {DETAILS} at (0,0) size 21x120
                  RenderBlock {SUMMARY} at (0,0) size 21x120
                    RenderDetailsMarker {DIV} at (4,84) size 11x12: up
                    RenderText {#text} at (0,24) size 18x61
                      text run at (0,24) width 60: "summary"
                RenderBlock {DETAILS} at (21,0) size 21x120
                  RenderBlock {SUMMARY} at (0,0) size 21x120
                    RenderDetailsMarker {DIV} at (4,84) size 11x12: right
                    RenderText {#text} at (0,24) size 18x61
                      text run at (0,24) width 60: "summary"
            RenderTableCell {TD} at (485,224) size 125x124 [border: (1px solid #000000)] [r=4 c=5 rs=1 cs=1]
              RenderBlock {DIV} at (2,2) size 120x120
                RenderBlock {DETAILS} at (0,0) size 21x120
                  RenderBlock {SUMMARY} at (0,0) size 21x120
                    RenderDetailsMarker {DIV} at (6,84) size 11x12: up
                    RenderText {#text} at (3,24) size 18x61
                      text run at (3,24) width 60: "summary"
                RenderBlock {DETAILS} at (21,0) size 21x120
                  RenderBlock {SUMMARY} at (0,0) size 21x120
                    RenderDetailsMarker {DIV} at (6,84) size 11x12: left
                    RenderText {#text} at (3,24) size 18x61
                      text run at (3,24) width 60: "summary"
      RenderBlock (anonymous) at (0,1092) size 769x18
        RenderBR {BR} at (0,0) size 0x18
      RenderTable {TABLE} at (0,1110) size 614x352 [border: (1px outset #808080)]
        RenderTableSection {TBODY} at (1,1) size 612x350
          RenderTableRow {TR} at (0,2) size 612x30
            RenderTableCell {TH} at (2,2) size 608x30 [border: (1px inset #808080)] [r=0 c=0 rs=1 cs=6]
              RenderText {#text} at (249,6) size 109x18
                text run at (249,6) width 109: "text-align: right"
          RenderTableRow {TR} at (0,34) size 612x30
            RenderTableCell {TH} at (2,50) size 104x30 [border: (1px inset #808080)] [r=1 c=0 rs=2 cs=2]
              RenderText {#text} at (49,6) size 5x18
                text run at (49,6) width 5: " "
            RenderTableCell {TH} at (107,34) size 503x30 [border: (1px inset #808080)] [r=1 c=2 rs=1 cs=4]
              RenderText {#text} at (176,6) size 150x18
                text run at (176,6) width 150: "-webkit-writing-mode"
          RenderTableRow {TR} at (0,66) size 612x30
            RenderTableCell {TH} at (107,66) size 125x30 [border: (1px inset #808080)] [r=2 c=2 rs=1 cs=1]
              RenderText {#text} at (17,6) size 90x18
                text run at (17,6) width 90: "horizontal-tb"
            RenderTableCell {TH} at (233,66) size 125x30 [border: (1px inset #808080)] [r=2 c=3 rs=1 cs=1]
              RenderText {#text} at (17,6) size 90x18
                text run at (17,6) width 90: "horizontal-bt"
            RenderTableCell {TH} at (359,66) size 125x30 [border: (1px inset #808080)] [r=2 c=4 rs=1 cs=1]
              RenderText {#text} at (27,6) size 70x18
                text run at (27,6) width 70: "vertical-lr"
            RenderTableCell {TH} at (485,66) size 125x30 [border: (1px inset #808080)] [r=2 c=5 rs=1 cs=1]
              RenderText {#text} at (27,6) size 70x18
                text run at (27,6) width 70: "vertical-rl"
          RenderTableRow {TR} at (0,98) size 612x124
            RenderTableCell {TH} at (2,208) size 74x30 [border: (1px inset #808080)] [r=3 c=0 rs=4 cs=1]
              RenderText {#text} at (6,6) size 62x18
                text run at (6,6) width 62: "direction"
            RenderTableCell {TH} at (77,145) size 29x30 [border: (1px inset #808080)] [r=3 c=1 rs=1 cs=1]
              RenderText {#text} at (6,6) size 17x18
                text run at (6,6) width 17: "ltr"
            RenderTableCell {TD} at (107,98) size 125x124 [border: (1px solid #000000)] [r=3 c=2 rs=1 cs=1]
              RenderBlock {DIV} at (2,2) size 120x120
                RenderBlock {DETAILS} at (0,0) size 120x18
                  RenderBlock {SUMMARY} at (0,0) size 120x18
                    RenderDetailsMarker {DIV} at (43,3) size 12x11: right
                    RenderText {#text} at (60,0) size 60x18
                      text run at (60,0) width 60: "summary"
                RenderBlock {DETAILS} at (0,18) size 120x18
                  RenderBlock {SUMMARY} at (0,0) size 120x18
                    RenderDetailsMarker {DIV} at (43,3) size 12x11: down
                    RenderText {#text} at (60,0) size 60x18
                      text run at (60,0) width 60: "summary"
            RenderTableCell {TD} at (233,98) size 125x124 [border: (1px solid #000000)] [r=3 c=3 rs=1 cs=1]
              RenderBlock {DIV} at (2,2) size 120x120
                RenderBlock {DETAILS} at (0,0) size 120x18
                  RenderBlock {SUMMARY} at (0,0) size 120x18
                    RenderDetailsMarker {DIV} at (43,4) size 12x11: right
                    RenderText {#text} at (60,0) size 60x18
                      text run at (60,0) width 60: "summary"
                RenderBlock {DETAILS} at (0,18) size 120x18
                  RenderBlock {SUMMARY} at (0,0) size 120x18
                    RenderDetailsMarker {DIV} at (43,4) size 12x11: up
                    RenderText {#text} at (60,0) size 60x18
                      text run at (60,0) width 60: "summary"
            RenderTableCell {TD} at (359,98) size 125x124 [border: (1px solid #000000)] [r=3 c=4 rs=1 cs=1]
              RenderBlock {DIV} at (2,2) size 120x120
                RenderBlock {DETAILS} at (0,0) size 21x120
                  RenderBlock {SUMMARY} at (0,0) size 21x120
                    RenderDetailsMarker {DIV} at (4,49) size 11x12: down
                    RenderText {#text} at (0,60) size 18x60
                      text run at (0,60) width 60: "summary"
                RenderBlock {DETAILS} at (21,0) size 21x120
                  RenderBlock {SUMMARY} at (0,0) size 21x120
                    RenderDetailsMarker {DIV} at (4,49) size 11x12: right
                    RenderText {#text} at (0,60) size 18x60
                      text run at (0,60) width 60: "summary"
            RenderTableCell {TD} at (485,98) size 125x124 [border: (1px solid #000000)] [r=3 c=5 rs=1 cs=1]
              RenderBlock {DIV} at (2,2) size 120x120
                RenderBlock {DETAILS} at (0,0) size 21x120
                  RenderBlock {SUMMARY} at (0,0) size 21x120
                    RenderDetailsMarker {DIV} at (6,49) size 11x12: down
                    RenderText {#text} at (3,60) size 18x60
                      text run at (3,60) width 60: "summary"
                RenderBlock {DETAILS} at (21,0) size 21x120
                  RenderBlock {SUMMARY} at (0,0) size 21x120
                    RenderDetailsMarker {DIV} at (6,49) size 11x12: left
                    RenderText {#text} at (3,60) size 18x60
                      text run at (3,60) width 60: "summary"
          RenderTableRow {TR} at (0,224) size 612x124
            RenderTableCell {TH} at (77,271) size 29x30 [border: (1px inset #808080)] [r=4 c=1 rs=1 cs=1]
              RenderText {#text} at (6,6) size 17x18
                text run at (6,6) width 17: "rtl"
            RenderTableCell {TD} at (107,224) size 125x124 [border: (1px solid #000000)] [r=4 c=2 rs=1 cs=1]
              RenderBlock {DIV} at (2,2) size 120x120
                RenderBlock {DETAILS} at (0,0) size 120x18
                  RenderBlock {SUMMARY} at (0,0) size 120x18
                    RenderDetailsMarker {DIV} at (103,3) size 11x11: left
                    RenderText {#text} at (43,0) size 61x18
                      text run at (43,0) width 61: "summary"
                RenderBlock {DETAILS} at (0,18) size 120x18
                  RenderBlock {SUMMARY} at (0,0) size 120x18
                    RenderDetailsMarker {DIV} at (103,3) size 11x11: down
                    RenderText {#text} at (43,0) size 61x18
                      text run at (43,0) width 61: "summary"
            RenderTableCell {TD} at (233,224) size 125x124 [border: (1px solid #000000)] [r=4 c=3 rs=1 cs=1]
              RenderBlock {DIV} at (2,2) size 120x120
                RenderBlock {DETAILS} at (0,0) size 120x18
                  RenderBlock {SUMMARY} at (0,0) size 120x18
                    RenderDetailsMarker {DIV} at (103,4) size 11x11: left
                    RenderText {#text} at (43,0) size 61x18
                      text run at (43,0) width 61: "summary"
                RenderBlock {DETAILS} at (0,18) size 120x18
                  RenderBlock {SUMMARY} at (0,0) size 120x18
                    RenderDetailsMarker {DIV} at (103,4) size 11x11: up
                    RenderText {#text} at (43,0) size 61x18
                      text run at (43,0) width 61: "summary"
            RenderTableCell {TD} at (359,224) size 125x124 [border: (1px solid #000000)] [r=4 c=4 rs=1 cs=1]
              RenderBlock {DIV} at (2,2) size 120x120
                RenderBlock {DETAILS} at (0,0) size 21x120
                  RenderBlock {SUMMARY} at (0,0) size 21x120
                    RenderDetailsMarker {DIV} at (4,109) size 11x11: up
                    RenderText {#text} at (0,49) size 18x61
                      text run at (0,49) width 60: "summary"
                RenderBlock {DETAILS} at (21,0) size 21x120
                  RenderBlock {SUMMARY} at (0,0) size 21x120
                    RenderDetailsMarker {DIV} at (4,109) size 11x11: right
                    RenderText {#text} at (0,49) size 18x61
                      text run at (0,49) width 60: "summary"
            RenderTableCell {TD} at (485,224) size 125x124 [border: (1px solid #000000)] [r=4 c=5 rs=1 cs=1]
              RenderBlock {DIV} at (2,2) size 120x120
                RenderBlock {DETAILS} at (0,0) size 21x120
                  RenderBlock {SUMMARY} at (0,0) size 21x120
                    RenderDetailsMarker {DIV} at (6,109) size 11x11: up
                    RenderText {#text} at (3,49) size 18x61
                      text run at (3,49) width 60: "summary"
                RenderBlock {DETAILS} at (21,0) size 21x120
                  RenderBlock {SUMMARY} at (0,0) size 21x120
                    RenderDetailsMarker {DIV} at (6,109) size 11x11: left
                    RenderText {#text} at (3,49) size 18x61
                      text run at (3,49) width 60: "summary"
