layer at (0,0) size 800x600
  RenderView at (0,0) size 800x600
layer at (0,0) size 800x204
  RenderBlock {HTML} at (0,0) size 800x204
    RenderBody {BODY} at (8,16) size 784x172
      RenderBlock {P} at (0,0) size 784x18
        RenderInline {B} at (0,0) size 194x18
          RenderText {#text} at (0,0) size 194x18
            text run at (0,0) width 194: "Should be bold per HTML5."
      RenderBlock {P} at (0,34) size 784x18
        RenderInline {B} at (0,0) size 161x18
          RenderInline {B} at (0,0) size 161x18
            RenderText {#text} at (0,0) size 161x18
              text run at (0,0) width 161: "Should be equally bold."
      RenderBlock {P} at (0,68) size 784x18
        RenderInline {STRONG} at (0,0) size 194x18
          RenderText {#text} at (0,0) size 194x18
            text run at (0,0) width 194: "Should be bold per HTML5."
      RenderBlock {P} at (0,102) size 784x18
        RenderInline {STRONG} at (0,0) size 161x18
          RenderInline {STRONG} at (0,0) size 161x18
            RenderText {#text} at (0,0) size 161x18
              text run at (0,0) width 161: "Should be equally bold."
      RenderBlock {P} at (0,136) size 784x36
        RenderText {#text} at (0,0) size 741x36
          text run at (0,0) width 490: "The HTML5 spec says that b and strong should render as font-weight: bold, "
          text run at (489,0) width 252: "not font-weight: bolder. The text above"
          text run at (0,18) width 205: "should all render with the same "
          text run at (204,18) width 61: "boldness."
