layer at (0,0) size 785x2938
  RenderView at (0,0) size 785x600
layer at (0,0) size 785x2938
  RenderBlock {HTML} at (0,0) size 785x2938
    RenderBody {BODY} at (8,21) size 769x2901
      RenderBlock {H1} at (0,0) size 769x37
        RenderText {#text} at (0,0) size 272x36
          text run at (0,0) width 272: "Tables and captions"
      RenderBlock {P} at (0,58) size 769x21
        RenderText {#text} at (0,0) size 501x19
          text run at (0,0) width 401: "The table should have width 300px, as should the caption (entirely "
          text run at (401,0) width 100: "above the table):"
      RenderTable {TABLE} at (0,94) size 306x97 [border: (10px solid #008000)]
        RenderBlock {CAPTION} at (0,0) size 306x26 [border: (3px solid #800080)]
          RenderText {#text} at (94,3) size 118x19
            text run at (94,3) width 118: "The table's caption."
        RenderTableSection {TBODY} at (10,36) size 286x50
          RenderTableRow {TR} at (0,2) size 286x22
            RenderTableCell {TD} at (2,2) size 140x22 [r=0 c=0 rs=1 cs=1]
              RenderText {#text} at (1,1) size 29x19
                text run at (1,1) width 29: "Data"
            RenderTableCell {TD} at (144,2) size 140x22 [r=0 c=1 rs=1 cs=1]
              RenderText {#text} at (1,1) size 29x19
                text run at (1,1) width 29: "Data"
          RenderTableRow {TR} at (0,26) size 286x22
            RenderTableCell {TD} at (2,26) size 140x22 [r=1 c=0 rs=1 cs=1]
              RenderText {#text} at (1,1) size 29x19
                text run at (1,1) width 29: "Data"
            RenderTableCell {TD} at (144,26) size 140x22 [r=1 c=1 rs=1 cs=1]
              RenderText {#text} at (1,1) size 29x19
                text run at (1,1) width 29: "Data"
      RenderBlock {P} at (0,206) size 769x21
        RenderText {#text} at (0,0) size 470x19
          text run at (0,0) width 390: "The table should have width 300px, and the caption should have "
          text run at (390,0) width 80: "width 600px."
      RenderTable {TABLE} at (0,242) size 606x97 [border: (10px solid #008000)]
        RenderBlock {CAPTION} at (0,0) size 606x26 [border: (3px solid #800080)]
          RenderText {#text} at (244,3) size 118x19
            text run at (244,3) width 118: "The table's caption."
        RenderTableSection {TBODY} at (10,36) size 586x50
          RenderTableRow {TR} at (0,2) size 586x22
            RenderTableCell {TD} at (2,2) size 290x22 [r=0 c=0 rs=1 cs=1]
              RenderText {#text} at (1,1) size 29x19
                text run at (1,1) width 29: "Data"
            RenderTableCell {TD} at (294,2) size 290x22 [r=0 c=1 rs=1 cs=1]
              RenderText {#text} at (1,1) size 29x19
                text run at (1,1) width 29: "Data"
          RenderTableRow {TR} at (0,26) size 586x22
            RenderTableCell {TD} at (2,26) size 290x22 [r=1 c=0 rs=1 cs=1]
              RenderText {#text} at (1,1) size 29x19
                text run at (1,1) width 29: "Data"
            RenderTableCell {TD} at (294,26) size 290x22 [r=1 c=1 rs=1 cs=1]
              RenderText {#text} at (1,1) size 29x19
                text run at (1,1) width 29: "Data"
      RenderBlock {P} at (0,354) size 769x21
        RenderText {#text} at (0,0) size 470x19
          text run at (0,0) width 390: "The table should have width 600px, and the caption should have "
          text run at (390,0) width 80: "width 300px."
      RenderTable {TABLE} at (0,390) size 600x97 [border: (10px solid #008000)]
        RenderBlock {CAPTION} at (0,0) size 306x26 [border: (3px solid #800080)]
          RenderText {#text} at (94,3) size 118x19
            text run at (94,3) width 118: "The table's caption."
        RenderTableSection {TBODY} at (10,36) size 580x50
          RenderTableRow {TR} at (0,2) size 580x22
            RenderTableCell {TD} at (2,2) size 287x22 [r=0 c=0 rs=1 cs=1]
              RenderText {#text} at (1,1) size 29x19
                text run at (1,1) width 29: "Data"
            RenderTableCell {TD} at (291,2) size 287x22 [r=0 c=1 rs=1 cs=1]
              RenderText {#text} at (1,1) size 29x19
                text run at (1,1) width 29: "Data"
          RenderTableRow {TR} at (0,26) size 580x22
            RenderTableCell {TD} at (2,26) size 287x22 [r=1 c=0 rs=1 cs=1]
              RenderText {#text} at (1,1) size 29x19
                text run at (1,1) width 29: "Data"
            RenderTableCell {TD} at (291,26) size 287x22 [r=1 c=1 rs=1 cs=1]
              RenderText {#text} at (1,1) size 29x19
                text run at (1,1) width 29: "Data"
      RenderBlock {P} at (0,502) size 769x21
        RenderText {#text} at (0,0) size 652x19
          text run at (0,0) width 345: "The next four tables should have their caption on the top, "
          text run at (345,0) width 307: "with a 20px gap between the table and the caption."
      RenderTable {TABLE} at (0,542) size 88x117 [border: (10px solid #008000)]
        RenderBlock {CAPTION} at (0,0) size 88x46 [border: (3px solid #800080)]
          RenderText {#text} at (11,3) size 66x39
            text run at (11,3) width 66: "The table's"
            text run at (20,23) width 48: "caption."
        RenderTableSection {TBODY} at (10,56) size 68x50
          RenderTableRow {TR} at (0,2) size 68x22
            RenderTableCell {TD} at (2,2) size 31x22 [r=0 c=0 rs=1 cs=1]
              RenderText {#text} at (1,1) size 29x19
                text run at (1,1) width 29: "Data"
            RenderTableCell {TD} at (35,2) size 31x22 [r=0 c=1 rs=1 cs=1]
              RenderText {#text} at (1,1) size 29x19
                text run at (1,1) width 29: "Data"
          RenderTableRow {TR} at (0,26) size 68x22
            RenderTableCell {TD} at (2,26) size 31x22 [r=1 c=0 rs=1 cs=1]
              RenderText {#text} at (1,1) size 29x19
                text run at (1,1) width 29: "Data"
            RenderTableCell {TD} at (35,26) size 31x22 [r=1 c=1 rs=1 cs=1]
              RenderText {#text} at (1,1) size 29x19
                text run at (1,1) width 29: "Data"
      RenderTable {TABLE} at (0,658) size 88x137 [border: (10px solid #008000)]
        RenderBlock {CAPTION} at (0,0) size 88x46 [border: (3px solid #800080)]
          RenderText {#text} at (11,3) size 66x39
            text run at (11,3) width 66: "The table's"
            text run at (20,23) width 48: "caption."
        RenderTableSection {TBODY} at (10,76) size 68x50
          RenderTableRow {TR} at (0,2) size 68x22
            RenderTableCell {TD} at (2,2) size 31x22 [r=0 c=0 rs=1 cs=1]
              RenderText {#text} at (1,1) size 29x19
                text run at (1,1) width 29: "Data"
            RenderTableCell {TD} at (35,2) size 31x22 [r=0 c=1 rs=1 cs=1]
              RenderText {#text} at (1,1) size 29x19
                text run at (1,1) width 29: "Data"
          RenderTableRow {TR} at (0,26) size 68x22
            RenderTableCell {TD} at (2,26) size 31x22 [r=1 c=0 rs=1 cs=1]
              RenderText {#text} at (1,1) size 29x19
                text run at (1,1) width 29: "Data"
            RenderTableCell {TD} at (35,26) size 31x22 [r=1 c=1 rs=1 cs=1]
              RenderText {#text} at (1,1) size 29x19
                text run at (1,1) width 29: "Data"
      RenderTable {TABLE} at (0,809) size 88x137 [border: (10px solid #008000)]
        RenderBlock {CAPTION} at (0,0) size 88x46 [border: (3px solid #800080)]
          RenderText {#text} at (11,3) size 66x39
            text run at (11,3) width 66: "The table's"
            text run at (20,23) width 48: "caption."
        RenderTableSection {TBODY} at (10,76) size 68x50
          RenderTableRow {TR} at (0,2) size 68x22
            RenderTableCell {TD} at (2,2) size 31x22 [r=0 c=0 rs=1 cs=1]
              RenderText {#text} at (1,1) size 29x19
                text run at (1,1) width 29: "Data"
            RenderTableCell {TD} at (35,2) size 31x22 [r=0 c=1 rs=1 cs=1]
              RenderText {#text} at (1,1) size 29x19
                text run at (1,1) width 29: "Data"
          RenderTableRow {TR} at (0,26) size 68x22
            RenderTableCell {TD} at (2,26) size 31x22 [r=1 c=0 rs=1 cs=1]
              RenderText {#text} at (1,1) size 29x19
                text run at (1,1) width 29: "Data"
            RenderTableCell {TD} at (35,26) size 31x22 [r=1 c=1 rs=1 cs=1]
              RenderText {#text} at (1,1) size 29x19
                text run at (1,1) width 29: "Data"
      RenderTable {TABLE} at (0,965) size 88x132 [border: (10px solid #008000)]
        RenderBlock {CAPTION} at (0,0) size 88x46 [border: (3px solid #800080)]
          RenderText {#text} at (11,3) size 66x39
            text run at (11,3) width 66: "The table's"
            text run at (20,23) width 48: "caption."
        RenderTableSection {TBODY} at (10,71) size 68x50
          RenderTableRow {TR} at (0,2) size 68x22
            RenderTableCell {TD} at (2,2) size 31x22 [r=0 c=0 rs=1 cs=1]
              RenderText {#text} at (1,1) size 29x19
                text run at (1,1) width 29: "Data"
            RenderTableCell {TD} at (35,2) size 31x22 [r=0 c=1 rs=1 cs=1]
              RenderText {#text} at (1,1) size 29x19
                text run at (1,1) width 29: "Data"
          RenderTableRow {TR} at (0,26) size 68x22
            RenderTableCell {TD} at (2,26) size 31x22 [r=1 c=0 rs=1 cs=1]
              RenderText {#text} at (1,1) size 29x19
                text run at (1,1) width 29: "Data"
            RenderTableCell {TD} at (35,26) size 31x22 [r=1 c=1 rs=1 cs=1]
              RenderText {#text} at (1,1) size 29x19
                text run at (1,1) width 29: "Data"
      RenderBlock {P} at (0,1112) size 769x21
        RenderText {#text} at (0,0) size 658x19
          text run at (0,0) width 351: "The next four tables should have their caption on the right, "
          text run at (351,0) width 307: "with a 20px gap between the table and the caption."
      RenderTable {TABLE} at (0,1148) size 88x117 [border: (10px solid #008000)]
        RenderBlock {CAPTION} at (0,0) size 88x46 [border: (3px solid #800080)]
          RenderText {#text} at (11,3) size 66x39
            text run at (11,3) width 66: "The table's"
            text run at (20,23) width 48: "caption."
        RenderTableSection {TBODY} at (10,56) size 68x50
          RenderTableRow {TR} at (0,2) size 68x22
            RenderTableCell {TD} at (2,2) size 31x22 [r=0 c=0 rs=1 cs=1]
              RenderText {#text} at (1,1) size 29x19
                text run at (1,1) width 29: "Data"
            RenderTableCell {TD} at (35,2) size 31x22 [r=0 c=1 rs=1 cs=1]
              RenderText {#text} at (1,1) size 29x19
                text run at (1,1) width 29: "Data"
          RenderTableRow {TR} at (0,26) size 68x22
            RenderTableCell {TD} at (2,26) size 31x22 [r=1 c=0 rs=1 cs=1]
              RenderText {#text} at (1,1) size 29x19
                text run at (1,1) width 29: "Data"
            RenderTableCell {TD} at (35,26) size 31x22 [r=1 c=1 rs=1 cs=1]
              RenderText {#text} at (1,1) size 29x19
                text run at (1,1) width 29: "Data"
      RenderTable {TABLE} at (0,1264) size 88x137 [border: (10px solid #008000)]
        RenderBlock {CAPTION} at (20,0) size 68x66 [border: (3px solid #800080)]
          RenderText {#text} at (22,3) size 48x59
            text run at (22,3) width 24: "The"
            text run at (15,23) width 38: "table's"
            text run at (10,43) width 48: "caption."
        RenderTableSection {TBODY} at (10,76) size 68x50
          RenderTableRow {TR} at (0,2) size 68x22
            RenderTableCell {TD} at (2,2) size 31x22 [r=0 c=0 rs=1 cs=1]
              RenderText {#text} at (1,1) size 29x19
                text run at (1,1) width 29: "Data"
            RenderTableCell {TD} at (35,2) size 31x22 [r=0 c=1 rs=1 cs=1]
              RenderText {#text} at (1,1) size 29x19
                text run at (1,1) width 29: "Data"
          RenderTableRow {TR} at (0,26) size 68x22
            RenderTableCell {TD} at (2,26) size 31x22 [r=1 c=0 rs=1 cs=1]
              RenderText {#text} at (1,1) size 29x19
                text run at (1,1) width 29: "Data"
            RenderTableCell {TD} at (35,26) size 31x22 [r=1 c=1 rs=1 cs=1]
              RenderText {#text} at (1,1) size 29x19
                text run at (1,1) width 29: "Data"
      RenderTable {TABLE} at (0,1400) size 88x137 [border: (10px solid #008000)]
        RenderBlock {CAPTION} at (20,0) size 68x66 [border: (3px solid #800080)]
          RenderText {#text} at (22,3) size 48x59
            text run at (22,3) width 24: "The"
            text run at (15,23) width 38: "table's"
            text run at (10,43) width 48: "caption."
        RenderTableSection {TBODY} at (10,76) size 68x50
          RenderTableRow {TR} at (0,2) size 68x22
            RenderTableCell {TD} at (2,2) size 31x22 [r=0 c=0 rs=1 cs=1]
              RenderText {#text} at (1,1) size 29x19
                text run at (1,1) width 29: "Data"
            RenderTableCell {TD} at (35,2) size 31x22 [r=0 c=1 rs=1 cs=1]
              RenderText {#text} at (1,1) size 29x19
                text run at (1,1) width 29: "Data"
          RenderTableRow {TR} at (0,26) size 68x22
            RenderTableCell {TD} at (2,26) size 31x22 [r=1 c=0 rs=1 cs=1]
              RenderText {#text} at (1,1) size 29x19
                text run at (1,1) width 29: "Data"
            RenderTableCell {TD} at (35,26) size 31x22 [r=1 c=1 rs=1 cs=1]
              RenderText {#text} at (1,1) size 29x19
                text run at (1,1) width 29: "Data"
      RenderTable {TABLE} at (0,1536) size 88x117 [border: (10px solid #008000)]
        RenderBlock {CAPTION} at (15,0) size 73x46 [border: (3px solid #800080)]
          RenderText {#text} at (4,3) size 65x39
            text run at (4,3) width 65: "The table's"
            text run at (12,23) width 49: "caption."
        RenderTableSection {TBODY} at (10,56) size 68x50
          RenderTableRow {TR} at (0,2) size 68x22
            RenderTableCell {TD} at (2,2) size 31x22 [r=0 c=0 rs=1 cs=1]
              RenderText {#text} at (1,1) size 29x19
                text run at (1,1) width 29: "Data"
            RenderTableCell {TD} at (35,2) size 31x22 [r=0 c=1 rs=1 cs=1]
              RenderText {#text} at (1,1) size 29x19
                text run at (1,1) width 29: "Data"
          RenderTableRow {TR} at (0,26) size 68x22
            RenderTableCell {TD} at (2,26) size 31x22 [r=1 c=0 rs=1 cs=1]
              RenderText {#text} at (1,1) size 29x19
                text run at (1,1) width 29: "Data"
            RenderTableCell {TD} at (35,26) size 31x22 [r=1 c=1 rs=1 cs=1]
              RenderText {#text} at (1,1) size 29x19
                text run at (1,1) width 29: "Data"
      RenderBlock {P} at (0,1668) size 769x21
        RenderText {#text} at (0,0) size 675x19
          text run at (0,0) width 368: "The next four tables should have their caption on the bottom, "
          text run at (368,0) width 307: "with a 20px gap between the table and the caption."
      RenderTable {TABLE} at (0,1704) size 88x117 [border: (10px solid #008000)]
        RenderBlock {CAPTION} at (0,70) size 88x46 [border: (3px solid #800080)]
          RenderText {#text} at (11,3) size 66x39
            text run at (11,3) width 66: "The table's"
            text run at (20,23) width 48: "caption."
        RenderTableSection {TBODY} at (10,10) size 68x50
          RenderTableRow {TR} at (0,2) size 68x22
            RenderTableCell {TD} at (2,2) size 31x22 [r=0 c=0 rs=1 cs=1]
              RenderText {#text} at (1,1) size 29x19
                text run at (1,1) width 29: "Data"
            RenderTableCell {TD} at (35,2) size 31x22 [r=0 c=1 rs=1 cs=1]
              RenderText {#text} at (1,1) size 29x19
                text run at (1,1) width 29: "Data"
          RenderTableRow {TR} at (0,26) size 68x22
            RenderTableCell {TD} at (2,26) size 31x22 [r=1 c=0 rs=1 cs=1]
              RenderText {#text} at (1,1) size 29x19
                text run at (1,1) width 29: "Data"
            RenderTableCell {TD} at (35,26) size 31x22 [r=1 c=1 rs=1 cs=1]
              RenderText {#text} at (1,1) size 29x19
                text run at (1,1) width 29: "Data"
      RenderTable {TABLE} at (0,1840) size 88x137 [border: (10px solid #008000)]
        RenderBlock {CAPTION} at (0,90) size 88x46 [border: (3px solid #800080)]
          RenderText {#text} at (11,3) size 66x39
            text run at (11,3) width 66: "The table's"
            text run at (20,23) width 48: "caption."
        RenderTableSection {TBODY} at (10,10) size 68x50
          RenderTableRow {TR} at (0,2) size 68x22
            RenderTableCell {TD} at (2,2) size 31x22 [r=0 c=0 rs=1 cs=1]
              RenderText {#text} at (1,1) size 29x19
                text run at (1,1) width 29: "Data"
            RenderTableCell {TD} at (35,2) size 31x22 [r=0 c=1 rs=1 cs=1]
              RenderText {#text} at (1,1) size 29x19
                text run at (1,1) width 29: "Data"
          RenderTableRow {TR} at (0,26) size 68x22
            RenderTableCell {TD} at (2,26) size 31x22 [r=1 c=0 rs=1 cs=1]
              RenderText {#text} at (1,1) size 29x19
                text run at (1,1) width 29: "Data"
            RenderTableCell {TD} at (35,26) size 31x22 [r=1 c=1 rs=1 cs=1]
              RenderText {#text} at (1,1) size 29x19
                text run at (1,1) width 29: "Data"
      RenderTable {TABLE} at (0,1976) size 88x137 [border: (10px solid #008000)]
        RenderBlock {CAPTION} at (0,90) size 88x46 [border: (3px solid #800080)]
          RenderText {#text} at (11,3) size 66x39
            text run at (11,3) width 66: "The table's"
            text run at (20,23) width 48: "caption."
        RenderTableSection {TBODY} at (10,10) size 68x50
          RenderTableRow {TR} at (0,2) size 68x22
            RenderTableCell {TD} at (2,2) size 31x22 [r=0 c=0 rs=1 cs=1]
              RenderText {#text} at (1,1) size 29x19
                text run at (1,1) width 29: "Data"
            RenderTableCell {TD} at (35,2) size 31x22 [r=0 c=1 rs=1 cs=1]
              RenderText {#text} at (1,1) size 29x19
                text run at (1,1) width 29: "Data"
          RenderTableRow {TR} at (0,26) size 68x22
            RenderTableCell {TD} at (2,26) size 31x22 [r=1 c=0 rs=1 cs=1]
              RenderText {#text} at (1,1) size 29x19
                text run at (1,1) width 29: "Data"
            RenderTableCell {TD} at (35,26) size 31x22 [r=1 c=1 rs=1 cs=1]
              RenderText {#text} at (1,1) size 29x19
                text run at (1,1) width 29: "Data"
      RenderTable {TABLE} at (0,2127) size 88x132 [border: (10px solid #008000)]
        RenderBlock {CAPTION} at (0,85) size 88x46 [border: (3px solid #800080)]
          RenderText {#text} at (11,3) size 66x39
            text run at (11,3) width 66: "The table's"
            text run at (20,23) width 48: "caption."
        RenderTableSection {TBODY} at (10,10) size 68x50
          RenderTableRow {TR} at (0,2) size 68x22
            RenderTableCell {TD} at (2,2) size 31x22 [r=0 c=0 rs=1 cs=1]
              RenderText {#text} at (1,1) size 29x19
                text run at (1,1) width 29: "Data"
            RenderTableCell {TD} at (35,2) size 31x22 [r=0 c=1 rs=1 cs=1]
              RenderText {#text} at (1,1) size 29x19
                text run at (1,1) width 29: "Data"
          RenderTableRow {TR} at (0,26) size 68x22
            RenderTableCell {TD} at (2,26) size 31x22 [r=1 c=0 rs=1 cs=1]
              RenderText {#text} at (1,1) size 29x19
                text run at (1,1) width 29: "Data"
            RenderTableCell {TD} at (35,26) size 31x22 [r=1 c=1 rs=1 cs=1]
              RenderText {#text} at (1,1) size 29x19
                text run at (1,1) width 29: "Data"
      RenderBlock {P} at (0,2278) size 769x21
        RenderText {#text} at (0,0) size 650x19
          text run at (0,0) width 343: "The next four tables should have their caption on the left, "
          text run at (343,0) width 307: "with a 20px gap between the table and the caption."
      RenderTable {TABLE} at (20,2314) size 88x117 [border: (10px solid #008000)]
        RenderBlock {CAPTION} at (0,0) size 88x46 [border: (3px solid #800080)]
          RenderText {#text} at (11,3) size 66x39
            text run at (11,3) width 66: "The table's"
            text run at (20,23) width 48: "caption."
        RenderTableSection {TBODY} at (10,56) size 68x50
          RenderTableRow {TR} at (0,2) size 68x22
            RenderTableCell {TD} at (2,2) size 31x22 [r=0 c=0 rs=1 cs=1]
              RenderText {#text} at (1,1) size 29x19
                text run at (1,1) width 29: "Data"
            RenderTableCell {TD} at (35,2) size 31x22 [r=0 c=1 rs=1 cs=1]
              RenderText {#text} at (1,1) size 29x19
                text run at (1,1) width 29: "Data"
          RenderTableRow {TR} at (0,26) size 68x22
            RenderTableCell {TD} at (2,26) size 31x22 [r=1 c=0 rs=1 cs=1]
              RenderText {#text} at (1,1) size 29x19
                text run at (1,1) width 29: "Data"
            RenderTableCell {TD} at (35,26) size 31x22 [r=1 c=1 rs=1 cs=1]
              RenderText {#text} at (1,1) size 29x19
                text run at (1,1) width 29: "Data"
      RenderTable {TABLE} at (0,2430) size 88x137 [border: (10px solid #008000)]
        RenderBlock {CAPTION} at (0,0) size 68x66 [border: (3px solid #800080)]
          RenderText {#text} at (22,3) size 48x59
            text run at (22,3) width 24: "The"
            text run at (15,23) width 38: "table's"
            text run at (10,43) width 48: "caption."
        RenderTableSection {TBODY} at (10,76) size 68x50
          RenderTableRow {TR} at (0,2) size 68x22
            RenderTableCell {TD} at (2,2) size 31x22 [r=0 c=0 rs=1 cs=1]
              RenderText {#text} at (1,1) size 29x19
                text run at (1,1) width 29: "Data"
            RenderTableCell {TD} at (35,2) size 31x22 [r=0 c=1 rs=1 cs=1]
              RenderText {#text} at (1,1) size 29x19
                text run at (1,1) width 29: "Data"
          RenderTableRow {TR} at (0,26) size 68x22
            RenderTableCell {TD} at (2,26) size 31x22 [r=1 c=0 rs=1 cs=1]
              RenderText {#text} at (1,1) size 29x19
                text run at (1,1) width 29: "Data"
            RenderTableCell {TD} at (35,26) size 31x22 [r=1 c=1 rs=1 cs=1]
              RenderText {#text} at (1,1) size 29x19
                text run at (1,1) width 29: "Data"
      RenderTable {TABLE} at (15,2566) size 88x137 [border: (10px solid #008000)]
        RenderBlock {CAPTION} at (0,0) size 68x66 [border: (3px solid #800080)]
          RenderText {#text} at (22,3) size 48x59
            text run at (22,3) width 24: "The"
            text run at (15,23) width 38: "table's"
            text run at (10,43) width 48: "caption."
        RenderTableSection {TBODY} at (10,76) size 68x50
          RenderTableRow {TR} at (0,2) size 68x22
            RenderTableCell {TD} at (2,2) size 31x22 [r=0 c=0 rs=1 cs=1]
              RenderText {#text} at (1,1) size 29x19
                text run at (1,1) width 29: "Data"
            RenderTableCell {TD} at (35,2) size 31x22 [r=0 c=1 rs=1 cs=1]
              RenderText {#text} at (1,1) size 29x19
                text run at (1,1) width 29: "Data"
          RenderTableRow {TR} at (0,26) size 68x22
            RenderTableCell {TD} at (2,26) size 31x22 [r=1 c=0 rs=1 cs=1]
              RenderText {#text} at (1,1) size 29x19
                text run at (1,1) width 29: "Data"
            RenderTableCell {TD} at (35,26) size 31x22 [r=1 c=1 rs=1 cs=1]
              RenderText {#text} at (1,1) size 29x19
                text run at (1,1) width 29: "Data"
      RenderTable {TABLE} at (20,2702) size 88x117 [border: (10px solid #008000)]
        RenderBlock {CAPTION} at (0,0) size 73x46 [border: (3px solid #800080)]
          RenderText {#text} at (4,3) size 65x39
            text run at (4,3) width 65: "The table's"
            text run at (12,23) width 49: "caption."
        RenderTableSection {TBODY} at (10,56) size 68x50
          RenderTableRow {TR} at (0,2) size 68x22
            RenderTableCell {TD} at (2,2) size 31x22 [r=0 c=0 rs=1 cs=1]
              RenderText {#text} at (1,1) size 29x19
                text run at (1,1) width 29: "Data"
            RenderTableCell {TD} at (35,2) size 31x22 [r=0 c=1 rs=1 cs=1]
              RenderText {#text} at (1,1) size 29x19
                text run at (1,1) width 29: "Data"
          RenderTableRow {TR} at (0,26) size 68x22
            RenderTableCell {TD} at (2,26) size 31x22 [r=1 c=0 rs=1 cs=1]
              RenderText {#text} at (1,1) size 29x19
                text run at (1,1) width 29: "Data"
            RenderTableCell {TD} at (35,26) size 31x22 [r=1 c=1 rs=1 cs=1]
              RenderText {#text} at (1,1) size 29x19
                text run at (1,1) width 29: "Data"
      RenderBlock {HR} at (0,2826) size 769x3 [border: (1px inset #000000)]
      RenderBlock {P} at (0,2844) size 769x21
        RenderText {#text} at (0,0) size 57x19
          text run at (0,0) width 57: "(Back to "
        RenderInline {A} at (0,0) size 149x19 [color=#0000EE]
          RenderText {#text} at (57,0) size 149x19
            text run at (57,0) width 149: "CSS Testing Information"
        RenderText {#text} at (206,0) size 8x19
          text run at (206,0) width 8: ", "
        RenderInline {A} at (0,0) size 77x19 [color=#0000EE]
          RenderText {#text} at (214,0) size 77x19
            text run at (214,0) width 77: "David Baron"
        RenderText {#text} at (291,0) size 5x19
          text run at (291,0) width 5: ")"
      RenderBlock {P} at (0,2880) size 769x21
        RenderInline {A} at (0,0) size 30x19 [color=#0000EE]
          RenderText {#text} at (0,0) size 30x19
            text run at (0,0) width 30: "LDB"
        RenderText {#text} at (30,0) size 8x19
          text run at (30,0) width 8: ", "
        RenderInline {A} at (0,0) size 151x19 [color=#0000EE]
          RenderText {#text} at (38,0) size 151x19
            text run at (38,0) width 151: "dbaron@fas.harvard.edu"
