layer at (0,0) size 785x1026
  RenderView at (0,0) size 785x600
layer at (0,0) size 785x1026
  RenderBlock {HTML} at (0,0) size 785x1026
    RenderBody {BODY} at (8,8) size 769x1010
      RenderBlock (anonymous) at (0,0) size 769x20
        RenderText {#text} at (0,0) size 104x19
          text run at (0,0) width 104: "auto table cols=2"
      RenderTable {TABLE} at (0,20) size 492x30 [border: (1px outset #808080)]
        RenderTableSection {TBODY} at (1,1) size 490x28
          RenderTableRow {TR} at (0,2) size 490x24
            RenderTableCell {TD} at (2,2) size 240x24 [border: (1px inset #808080)] [r=0 c=0 rs=1 cs=1]
              RenderText {#text} at (2,2) size 236x19
                text run at (2,2) width 236: "auto auto auto auto auto auto auto auto"
            RenderTableCell {TD} at (244,2) size 152x24 [border: (1px inset #808080)] [r=0 c=1 rs=1 cs=1]
              RenderText {#text} at (2,2) size 148x19
                text run at (2,2) width 148: "auto-auto auto auto auto"
            RenderTableCell {TD} at (398,2) size 90x24 [border: (1px inset #808080)] [r=0 c=2 rs=1 cs=1]
              RenderText {#text} at (2,2) size 86x19
                text run at (2,2) width 86: "auto auto auto"
      RenderBlock (anonymous) at (0,50) size 769x40
        RenderBR {BR} at (0,0) size 0x19
        RenderText {#text} at (0,20) size 104x19
          text run at (0,20) width 104: "auto table cols=2"
      RenderTable {TABLE} at (0,90) size 192x30 [border: (1px outset #808080)]
        RenderTableSection {TBODY} at (1,1) size 190x28
          RenderTableRow {TR} at (0,2) size 190x24
            RenderTableCell {TD} at (2,2) size 30x24 [border: (1px inset #808080)] [r=0 c=0 rs=1 cs=1]
              RenderText {#text} at (2,2) size 26x19
                text run at (2,2) width 26: "auto"
            RenderTableCell {TD} at (34,2) size 62x24 [border: (1px inset #808080)] [r=0 c=1 rs=1 cs=1]
              RenderText {#text} at (2,2) size 58x19
                text run at (2,2) width 58: "auto-auto"
            RenderTableCell {TD} at (98,2) size 90x24 [border: (1px inset #808080)] [r=0 c=2 rs=1 cs=1]
              RenderText {#text} at (2,2) size 86x19
                text run at (2,2) width 86: "auto auto auto"
      RenderBlock (anonymous) at (0,120) size 769x40
        RenderBR {BR} at (0,0) size 0x19
        RenderText {#text} at (0,20) size 168x19
          text run at (0,20) width 168: "auto table 2 cols with 1*,1*"
      RenderTable {TABLE} at (0,160) size 192x30 [border: (1px outset #808080)]
        RenderTableCol {COLGROUP} at (0,0) size 0x0
          RenderTableCol {COL} at (0,0) size 0x0
          RenderTableCol {COL} at (0,0) size 0x0
        RenderTableSection {TBODY} at (1,1) size 190x28
          RenderTableRow {TR} at (0,2) size 190x24
            RenderTableCell {TD} at (2,2) size 30x24 [border: (1px inset #808080)] [r=0 c=0 rs=1 cs=1]
              RenderText {#text} at (2,2) size 26x19
                text run at (2,2) width 26: "auto"
            RenderTableCell {TD} at (34,2) size 62x24 [border: (1px inset #808080)] [r=0 c=1 rs=1 cs=1]
              RenderText {#text} at (2,2) size 58x19
                text run at (2,2) width 58: "auto-auto"
            RenderTableCell {TD} at (98,2) size 90x24 [border: (1px inset #808080)] [r=0 c=2 rs=1 cs=1]
              RenderText {#text} at (2,2) size 86x19
                text run at (2,2) width 86: "auto auto auto"
      RenderBlock (anonymous) at (0,190) size 769x40
        RenderBR {BR} at (0,0) size 0x19
        RenderText {#text} at (0,20) size 168x19
          text run at (0,20) width 168: "auto table 2 cols with 2*,1*"
      RenderTable {TABLE} at (0,230) size 192x30 [border: (1px outset #808080)]
        RenderTableCol {COLGROUP} at (0,0) size 0x0
          RenderTableCol {COL} at (0,0) size 0x0
          RenderTableCol {COL} at (0,0) size 0x0
        RenderTableSection {TBODY} at (1,1) size 190x28
          RenderTableRow {TR} at (0,2) size 190x24
            RenderTableCell {TD} at (2,2) size 30x24 [border: (1px inset #808080)] [r=0 c=0 rs=1 cs=1]
              RenderText {#text} at (2,2) size 26x19
                text run at (2,2) width 26: "auto"
            RenderTableCell {TD} at (34,2) size 62x24 [border: (1px inset #808080)] [r=0 c=1 rs=1 cs=1]
              RenderText {#text} at (2,2) size 58x19
                text run at (2,2) width 58: "auto-auto"
            RenderTableCell {TD} at (98,2) size 90x24 [border: (1px inset #808080)] [r=0 c=2 rs=1 cs=1]
              RenderText {#text} at (2,2) size 86x19
                text run at (2,2) width 86: "auto auto auto"
      RenderBlock (anonymous) at (0,260) size 769x40
        RenderBR {BR} at (0,0) size 0x19
        RenderText {#text} at (0,20) size 107x19
          text run at (0,20) width 107: "fixed table cols=2"
      RenderTable {TABLE} at (0,300) size 400x30 [border: (1px outset #808080)]
        RenderTableSection {TBODY} at (1,1) size 398x28
          RenderTableRow {TR} at (0,2) size 398x24
            RenderTableCell {TD} at (2,2) size 65x24 [border: (1px inset #808080)] [r=0 c=0 rs=1 cs=1]
              RenderText {#text} at (2,2) size 26x19
                text run at (2,2) width 26: "auto"
            RenderTableCell {TD} at (68,2) size 134x24 [border: (1px inset #808080)] [r=0 c=1 rs=1 cs=1]
              RenderText {#text} at (2,2) size 58x19
                text run at (2,2) width 58: "auto-auto"
            RenderTableCell {TD} at (203,2) size 194x24 [border: (1px inset #808080)] [r=0 c=2 rs=1 cs=1]
              RenderText {#text} at (2,2) size 86x19
                text run at (2,2) width 86: "auto auto auto"
      RenderBlock (anonymous) at (0,330) size 769x40
        RenderBR {BR} at (0,0) size 0x19
        RenderText {#text} at (0,20) size 104x19
          text run at (0,20) width 104: "auto table cols=3"
      RenderTable {TABLE} at (0,370) size 192x30 [border: (1px outset #808080)]
        RenderTableSection {TBODY} at (1,1) size 190x28
          RenderTableRow {TR} at (0,2) size 190x24
            RenderTableCell {TD} at (2,2) size 30x24 [border: (1px inset #808080)] [r=0 c=0 rs=1 cs=1]
              RenderText {#text} at (2,2) size 26x19
                text run at (2,2) width 26: "auto"
            RenderTableCell {TD} at (34,2) size 62x24 [border: (1px inset #808080)] [r=0 c=1 rs=1 cs=1]
              RenderText {#text} at (2,2) size 58x19
                text run at (2,2) width 58: "auto-auto"
            RenderTableCell {TD} at (98,2) size 90x24 [border: (1px inset #808080)] [r=0 c=2 rs=1 cs=1]
              RenderText {#text} at (2,2) size 86x19
                text run at (2,2) width 86: "auto auto auto"
      RenderBlock (anonymous) at (0,400) size 769x40
        RenderBR {BR} at (0,0) size 0x19
        RenderText {#text} at (0,20) size 107x19
          text run at (0,20) width 107: "fixed table cols=3"
      RenderTable {TABLE} at (0,440) size 400x30 [border: (1px outset #808080)]
        RenderTableSection {TBODY} at (1,1) size 398x28
          RenderTableRow {TR} at (0,2) size 398x24
            RenderTableCell {TD} at (2,2) size 65x24 [border: (1px inset #808080)] [r=0 c=0 rs=1 cs=1]
              RenderText {#text} at (2,2) size 26x19
                text run at (2,2) width 26: "auto"
            RenderTableCell {TD} at (68,2) size 134x24 [border: (1px inset #808080)] [r=0 c=1 rs=1 cs=1]
              RenderText {#text} at (2,2) size 58x19
                text run at (2,2) width 58: "auto-auto"
            RenderTableCell {TD} at (203,2) size 194x24 [border: (1px inset #808080)] [r=0 c=2 rs=1 cs=1]
              RenderText {#text} at (2,2) size 86x19
                text run at (2,2) width 86: "auto auto auto"
      RenderBlock (anonymous) at (0,470) size 769x40
        RenderBR {BR} at (0,0) size 0x19
        RenderText {#text} at (0,20) size 104x19
          text run at (0,20) width 104: "auto table cols=3"
      RenderTable {TABLE} at (0,510) size 366x30 [border: (1px outset #808080)]
        RenderTableSection {TBODY} at (1,1) size 364x28
          RenderTableRow {TR} at (0,2) size 364x24
            RenderTableCell {TD} at (2,2) size 204x24 [border: (1px inset #808080)] [r=0 c=0 rs=1 cs=1]
              RenderText {#text} at (2,2) size 24x19
                text run at (2,2) width 24: "200"
            RenderTableCell {TD} at (208,2) size 62x24 [border: (1px inset #808080)] [r=0 c=1 rs=1 cs=1]
              RenderText {#text} at (2,2) size 58x19
                text run at (2,2) width 58: "auto-auto"
            RenderTableCell {TD} at (272,2) size 90x24 [border: (1px inset #808080)] [r=0 c=2 rs=1 cs=1]
              RenderText {#text} at (2,2) size 86x19
                text run at (2,2) width 86: "auto auto auto"
      RenderBlock (anonymous) at (0,540) size 769x40
        RenderBR {BR} at (0,0) size 0x19
        RenderText {#text} at (0,20) size 107x19
          text run at (0,20) width 107: "fixed table cols=3"
      RenderTable {TABLE} at (0,580) size 400x30 [border: (1px outset #808080)]
        RenderTableSection {TBODY} at (1,1) size 398x28
          RenderTableRow {TR} at (0,2) size 398x24
            RenderTableCell {TD} at (2,2) size 204x24 [border: (1px inset #808080)] [r=0 c=0 rs=1 cs=1]
              RenderText {#text} at (2,2) size 24x19
                text run at (2,2) width 24: "200"
            RenderTableCell {TD} at (208,2) size 76x24 [border: (1px inset #808080)] [r=0 c=1 rs=1 cs=1]
              RenderText {#text} at (2,2) size 58x19
                text run at (2,2) width 58: "auto-auto"
            RenderTableCell {TD} at (285,2) size 112x24 [border: (1px inset #808080)] [r=0 c=2 rs=1 cs=1]
              RenderText {#text} at (2,2) size 86x19
                text run at (2,2) width 86: "auto auto auto"
      RenderBlock (anonymous) at (0,610) size 769x40
        RenderBR {BR} at (0,0) size 0x19
        RenderText {#text} at (0,20) size 104x19
          text run at (0,20) width 104: "auto table cols=2"
      RenderTable {TABLE} at (0,650) size 306x30 [border: (1px outset #808080)]
        RenderTableSection {TBODY} at (1,1) size 304x28
          RenderTableRow {TR} at (0,2) size 304x24
            RenderTableCell {TD} at (2,2) size 30x24 [border: (1px inset #808080)] [r=0 c=0 rs=1 cs=1]
              RenderText {#text} at (2,2) size 26x19
                text run at (2,2) width 26: "auto"
            RenderTableCell {TD} at (34,2) size 62x24 [border: (1px inset #808080)] [r=0 c=1 rs=1 cs=1]
              RenderText {#text} at (2,2) size 58x19
                text run at (2,2) width 58: "auto-auto"
            RenderTableCell {TD} at (98,2) size 204x24 [border: (1px inset #808080)] [r=0 c=2 rs=1 cs=1]
              RenderText {#text} at (2,2) size 24x19
                text run at (2,2) width 24: "200"
      RenderBlock (anonymous) at (0,680) size 769x40
        RenderBR {BR} at (0,0) size 0x19
        RenderText {#text} at (0,20) size 107x19
          text run at (0,20) width 107: "fixed table cols=2"
      RenderTable {TABLE} at (0,720) size 400x30 [border: (1px outset #808080)]
        RenderTableSection {TBODY} at (1,1) size 398x28
          RenderTableRow {TR} at (0,2) size 398x24
            RenderTableCell {TD} at (2,2) size 61x24 [border: (1px inset #808080)] [r=0 c=0 rs=1 cs=1]
              RenderText {#text} at (2,2) size 26x19
                text run at (2,2) width 26: "auto"
            RenderTableCell {TD} at (64,2) size 127x24 [border: (1px inset #808080)] [r=0 c=1 rs=1 cs=1]
              RenderText {#text} at (2,2) size 58x19
                text run at (2,2) width 58: "auto-auto"
            RenderTableCell {TD} at (192,2) size 205x24 [border: (1px inset #808080)] [r=0 c=2 rs=1 cs=1]
              RenderText {#text} at (2,2) size 24x19
                text run at (2,2) width 24: "200"
      RenderBlock (anonymous) at (0,750) size 769x20
        RenderText {#text} at (0,0) size 59x19
          text run at (0,0) width 59: "auto table"
      RenderTable {TABLE} at (0,770) size 86x30 [border: (1px outset #808080)]
        RenderTableSection {TBODY} at (1,1) size 84x28
          RenderTableRow {TR} at (0,2) size 84x24
            RenderTableCell {TD} at (2,2) size 48x24 [border: (1px inset #808080)] [r=0 c=0 rs=1 cs=1]
              RenderText {#text} at (2,2) size 44x19
                text run at (2,2) width 44: "0 0 0 0"
            RenderTableCell {TD} at (52,2) size 30x24 [border: (1px inset #808080)] [r=0 c=1 rs=1 cs=1]
              RenderText {#text} at (2,2) size 26x19
                text run at (2,2) width 26: "auto"
      RenderBlock (anonymous) at (0,800) size 769x40
        RenderBR {BR} at (0,0) size 0x19
        RenderText {#text} at (0,20) size 59x19
          text run at (0,20) width 59: "auto table"
      RenderTable {TABLE} at (0,840) size 138x30 [border: (1px outset #808080)]
        RenderTableSection {TBODY} at (1,1) size 136x28
          RenderTableRow {TR} at (0,2) size 136x24
            RenderTableCell {TD} at (2,2) size 100x24 [border: (1px inset #808080)] [r=0 c=0 rs=1 cs=1]
              RenderText {#text} at (2,2) size 96x19
                text run at (2,2) width 96: "0% 0% 0% 0%"
            RenderTableCell {TD} at (104,2) size 30x24 [border: (1px inset #808080)] [r=0 c=1 rs=1 cs=1]
              RenderText {#text} at (2,2) size 26x19
                text run at (2,2) width 26: "auto"
      RenderBlock (anonymous) at (0,870) size 769x40
        RenderBR {BR} at (0,0) size 0x19
        RenderText {#text} at (0,20) size 59x19
          text run at (0,20) width 59: "auto table"
      RenderTable {TABLE} at (0,910) size 80x30 [border: (1px outset #808080)]
        RenderTableCol {COLGROUP} at (0,0) size 0x0
          RenderTableCol {COL} at (0,0) size 0x0
        RenderTableSection {TBODY} at (1,1) size 78x28
          RenderTableRow {TR} at (0,2) size 78x24
            RenderTableCell {TD} at (2,2) size 42x24 [border: (1px inset #808080)] [r=0 c=0 rs=1 cs=1]
              RenderText {#text} at (2,2) size 38x19
                text run at (2,2) width 38: "0* col"
            RenderTableCell {TD} at (46,2) size 30x24 [border: (1px inset #808080)] [r=0 c=1 rs=1 cs=1]
              RenderText {#text} at (2,2) size 26x19
                text run at (2,2) width 26: "auto"
      RenderBlock (anonymous) at (0,940) size 769x40
        RenderBR {BR} at (0,0) size 0x19
        RenderText {#text} at (0,20) size 62x19
          text run at (0,20) width 62: "fixed table"
      RenderTable {TABLE} at (0,980) size 200x30 [border: (1px outset #808080)]
        RenderTableCol {COLGROUP} at (0,0) size 0x0
          RenderTableCol {COL} at (0,0) size 0x0
        RenderTableSection {TBODY} at (1,1) size 198x28
          RenderTableRow {TR} at (0,2) size 198x24
            RenderTableCell {TD} at (2,2) size 112x24 [border: (1px inset #808080)] [r=0 c=0 rs=1 cs=1]
              RenderText {#text} at (2,2) size 38x19
                text run at (2,2) width 38: "0* col"
            RenderTableCell {TD} at (116,2) size 80x24 [border: (1px inset #808080)] [r=0 c=1 rs=1 cs=1]
              RenderText {#text} at (2,2) size 26x19
                text run at (2,2) width 26: "auto"
