layer at (0,0) size 785x1418
  RenderView at (0,0) size 785x600
layer at (0,0) size 785x1418
  RenderBlock {HTML} at (0,0) size 785x1418
    RenderBody {BODY} at (8,8) size 769x1402
      RenderBlock (anonymous) at (0,0) size 769x20
        RenderText {#text} at (0,0) size 205x19
          text run at (0,0) width 205: "fixed table - width on td overriden"
      RenderTable {TABLE} at (0,20) size 400x58 [border: (10px outset #808080)]
        RenderTableSection {TBODY} at (10,10) size 380x38
          RenderTableRow {TR} at (0,3) size 380x32
            RenderTableCell {TD} at (3,3) size 339x32 [border: (1px inset #808080)] [r=0 c=0 rs=1 cs=1]
              RenderText {#text} at (6,6) size 20x19
                text run at (6,6) width 20: "foo"
            RenderTableCell {TD} at (345,3) size 32x32 [border: (1px inset #808080)] [r=0 c=1 rs=1 cs=1]
              RenderText {#text} at (6,6) size 20x19
                text run at (6,6) width 20: "foo"
      RenderBlock {HR} at (0,86) size 402x2 [border: (1px inset #000000)]
      RenderBlock (anonymous) at (0,96) size 769x40
        RenderBR {BR} at (0,0) size 0x19
        RenderText {#text} at (0,20) size 325x19
          text run at (0,20) width 325: "fixed table - percent cell wins over fix cell (and in IE5)"
      RenderTable {TABLE} at (0,136) size 500x56 [border: (1px outset #808080)]
        RenderTableSection {TBODY} at (1,1) size 498x54
          RenderTableRow {TR} at (0,2) size 498x24
            RenderTableCell {TD} at (2,2) size 246x24 [border: (1px inset #808080)] [r=0 c=0 rs=1 cs=1]
              RenderText {#text} at (2,2) size 31x19
                text run at (2,2) width 31: "20px"
            RenderTableCell {TD} at (250,2) size 246x24 [border: (1px inset #808080)] [r=0 c=1 rs=1 cs=1]
              RenderText {#text} at (2,2) size 26x19
                text run at (2,2) width 26: "auto"
          RenderTableRow {TR} at (0,28) size 498x24
            RenderTableCell {TD} at (2,28) size 246x24 [border: (1px inset #808080)] [r=1 c=0 rs=1 cs=1]
              RenderText {#text} at (2,2) size 29x19
                text run at (2,2) width 29: "50%"
            RenderTableCell {TD} at (250,28) size 246x24 [border: (1px inset #808080)] [r=1 c=1 rs=1 cs=1]
              RenderText {#text} at (2,2) size 26x19
                text run at (2,2) width 26: "auto"
      RenderBlock (anonymous) at (0,192) size 769x40
        RenderBR {BR} at (0,0) size 0x19
        RenderText {#text} at (0,20) size 325x19
          text run at (0,20) width 325: "fixed table - percent cell wins over fix cell (and in IE5)"
      RenderTable {TABLE} at (0,232) size 300x56 [border: (1px outset #808080)]
        RenderTableSection {TBODY} at (1,1) size 298x54
          RenderTableRow {TR} at (0,2) size 298x24
            RenderTableCell {TD} at (2,2) size 33x24 [border: (1px inset #808080)] [r=0 c=0 rs=1 cs=1]
              RenderText {#text} at (2,2) size 24x19
                text run at (2,2) width 24: "100"
            RenderTableCell {TD} at (37,2) size 259x24 [border: (1px inset #808080)] [r=0 c=1 rs=1 cs=1]
              RenderText {#text} at (2,2) size 26x19
                text run at (2,2) width 26: "auto"
          RenderTableRow {TR} at (0,28) size 298x24
            RenderTableCell {TD} at (2,28) size 33x24 [border: (1px inset #808080)] [r=1 c=0 rs=1 cs=1]
              RenderText {#text} at (2,2) size 29x19
                text run at (2,2) width 29: "10%"
            RenderTableCell {TD} at (37,28) size 259x24 [border: (1px inset #808080)] [r=1 c=1 rs=1 cs=1]
              RenderText {#text} at (2,2) size 26x19
                text run at (2,2) width 26: "auto"
      RenderBlock (anonymous) at (0,288) size 769x40
        RenderBR {BR} at (0,0) size 0x19
        RenderText {#text} at (0,20) size 325x19
          text run at (0,20) width 325: "fixed table - percent cell wins over fix cell (and in IE5)"
      RenderTable {TABLE} at (0,328) size 500x56 [border: (1px outset #808080)]
        RenderTableCol {COLGROUP} at (0,0) size 0x0
          RenderTableCol {COL} at (0,0) size 0x0
        RenderTableSection {TBODY} at (1,1) size 498x54
          RenderTableRow {TR} at (0,2) size 498x24
            RenderTableCell {TD} at (2,2) size 246x24 [border: (1px inset #808080)] [r=0 c=0 rs=1 cs=1]
              RenderText {#text} at (2,2) size 108x19
                text run at (2,2) width 108: "50%Col,20%Cell"
            RenderTableCell {TD} at (250,2) size 246x24 [border: (1px inset #808080)] [r=0 c=1 rs=1 cs=1]
              RenderText {#text} at (2,2) size 26x19
                text run at (2,2) width 26: "auto"
          RenderTableRow {TR} at (0,28) size 498x24
            RenderTableCell {TD} at (2,28) size 246x24 [border: (1px inset #808080)] [r=1 c=0 rs=1 cs=1]
              RenderText {#text} at (2,2) size 26x19
                text run at (2,2) width 26: "auto"
            RenderTableCell {TD} at (250,28) size 246x24 [border: (1px inset #808080)] [r=1 c=1 rs=1 cs=1]
              RenderText {#text} at (2,2) size 26x19
                text run at (2,2) width 26: "auto"
      RenderBlock (anonymous) at (0,384) size 769x40
        RenderBR {BR} at (0,0) size 0x19
        RenderText {#text} at (0,20) size 325x19
          text run at (0,20) width 325: "fixed table - percent cell wins over fix cell (and in IE5)"
      RenderTable {TABLE} at (0,424) size 500x56 [border: (1px outset #808080)]
        RenderTableCol {COLGROUP} at (0,0) size 0x0
          RenderTableCol {COL} at (0,0) size 0x0
        RenderTableSection {TBODY} at (1,1) size 498x54
          RenderTableRow {TR} at (0,2) size 498x24
            RenderTableCell {TD} at (2,2) size 246x24 [border: (1px inset #808080)] [r=0 c=0 rs=1 cs=1]
              RenderText {#text} at (2,2) size 108x19
                text run at (2,2) width 108: "20%Col,50%Cell"
            RenderTableCell {TD} at (250,2) size 246x24 [border: (1px inset #808080)] [r=0 c=1 rs=1 cs=1]
              RenderText {#text} at (2,2) size 26x19
                text run at (2,2) width 26: "auto"
          RenderTableRow {TR} at (0,28) size 498x24
            RenderTableCell {TD} at (2,28) size 246x24 [border: (1px inset #808080)] [r=1 c=0 rs=1 cs=1]
              RenderText {#text} at (2,2) size 26x19
                text run at (2,2) width 26: "auto"
            RenderTableCell {TD} at (250,28) size 246x24 [border: (1px inset #808080)] [r=1 c=1 rs=1 cs=1]
              RenderText {#text} at (2,2) size 26x19
                text run at (2,2) width 26: "auto"
      RenderBlock (anonymous) at (0,480) size 769x40
        RenderBR {BR} at (0,0) size 0x19
        RenderText {#text} at (0,20) size 325x19
          text run at (0,20) width 325: "fixed table - percent cell wins over fix cell (and in IE5)"
      RenderTable {TABLE} at (0,520) size 500x56 [border: (1px outset #808080)]
        RenderTableCol {COLGROUP} at (0,0) size 0x0
          RenderTableCol {COL} at (0,0) size 0x0
        RenderTableSection {TBODY} at (1,1) size 498x54
          RenderTableRow {TR} at (0,2) size 498x24
            RenderTableCell {TD} at (2,2) size 246x24 [border: (1px inset #808080)] [r=0 c=0 rs=1 cs=1]
              RenderText {#text} at (2,2) size 111x19
                text run at (2,2) width 111: "50PerCol,100Cell"
            RenderTableCell {TD} at (250,2) size 246x24 [border: (1px inset #808080)] [r=0 c=1 rs=1 cs=1]
              RenderText {#text} at (2,2) size 26x19
                text run at (2,2) width 26: "auto"
          RenderTableRow {TR} at (0,28) size 498x24
            RenderTableCell {TD} at (2,28) size 246x24 [border: (1px inset #808080)] [r=1 c=0 rs=1 cs=1]
              RenderText {#text} at (2,2) size 26x19
                text run at (2,2) width 26: "auto"
            RenderTableCell {TD} at (250,28) size 246x24 [border: (1px inset #808080)] [r=1 c=1 rs=1 cs=1]
              RenderText {#text} at (2,2) size 26x19
                text run at (2,2) width 26: "auto"
      RenderBlock (anonymous) at (0,576) size 769x40
        RenderBR {BR} at (0,0) size 0x19
        RenderText {#text} at (0,20) size 325x19
          text run at (0,20) width 325: "fixed table - percent cell wins over fix cell (and in IE5)"
      RenderTable {TABLE} at (0,616) size 500x56 [border: (1px outset #808080)]
        RenderTableCol {COLGROUP} at (0,0) size 0x0
          RenderTableCol {COL} at (0,0) size 0x0
        RenderTableSection {TBODY} at (1,1) size 498x54
          RenderTableRow {TR} at (0,2) size 498x24
            RenderTableCell {TD} at (2,2) size 115x24 [border: (1px inset #808080)] [r=0 c=0 rs=1 cs=1]
              RenderText {#text} at (2,2) size 111x19
                text run at (2,2) width 111: "20PerCol,300Cell"
            RenderTableCell {TD} at (119,2) size 377x24 [border: (1px inset #808080)] [r=0 c=1 rs=1 cs=1]
              RenderText {#text} at (2,2) size 26x19
                text run at (2,2) width 26: "auto"
          RenderTableRow {TR} at (0,28) size 498x24
            RenderTableCell {TD} at (2,28) size 115x24 [border: (1px inset #808080)] [r=1 c=0 rs=1 cs=1]
              RenderText {#text} at (2,2) size 26x19
                text run at (2,2) width 26: "auto"
            RenderTableCell {TD} at (119,28) size 377x24 [border: (1px inset #808080)] [r=1 c=1 rs=1 cs=1]
              RenderText {#text} at (2,2) size 26x19
                text run at (2,2) width 26: "auto"
      RenderBlock (anonymous) at (0,672) size 769x40
        RenderBR {BR} at (0,0) size 0x19
        RenderText {#text} at (0,20) size 285x19
          text run at (0,20) width 285: "fixed table - % wins over fixed even on colspan"
      RenderTable {TABLE} at (0,712) size 300x56 [border: (1px outset #808080)]
        RenderTableSection {TBODY} at (1,1) size 298x54
          RenderTableRow {TR} at (0,2) size 298x24
            RenderTableCell {TD} at (2,2) size 146x24 [border: (1px inset #808080)] [r=0 c=0 rs=1 cs=2]
              RenderText {#text} at (2,2) size 44x19
                text run at (2,2) width 44: "50CS2"
            RenderTableCell {TD} at (150,2) size 146x24 [border: (1px inset #808080)] [r=0 c=2 rs=1 cs=1]
              RenderText {#text} at (2,2) size 26x19
                text run at (2,2) width 26: "auto"
          RenderTableRow {TR} at (0,28) size 298x24
            RenderTableCell {TD} at (2,28) size 146x24 [border: (1px inset #808080)] [r=1 c=0 rs=1 cs=2]
              RenderText {#text} at (2,2) size 57x19
                text run at (2,2) width 57: "50%CS2"
            RenderTableCell {TD} at (150,28) size 146x24 [border: (1px inset #808080)] [r=1 c=2 rs=1 cs=1]
              RenderText {#text} at (2,2) size 26x19
                text run at (2,2) width 26: "auto"
      RenderBlock (anonymous) at (0,768) size 769x40
        RenderBR {BR} at (0,0) size 0x19
        RenderText {#text} at (0,20) size 285x19
          text run at (0,20) width 285: "fixed table - % wins over fixed even on colspan"
      RenderTable {TABLE} at (0,808) size 300x56 [border: (1px outset #808080)]
        RenderTableSection {TBODY} at (1,1) size 298x54
          RenderTableRow {TR} at (0,2) size 298x24
            RenderTableCell {TD} at (2,2) size 88x24 [border: (1px inset #808080)] [r=0 c=0 rs=1 cs=2]
              RenderText {#text} at (2,2) size 52x19
                text run at (2,2) width 52: "100CS2"
            RenderTableCell {TD} at (91,2) size 205x24 [border: (1px inset #808080)] [r=0 c=2 rs=1 cs=1]
              RenderText {#text} at (2,2) size 20x19
                text run at (2,2) width 20: "bar"
          RenderTableRow {TR} at (0,28) size 298x24
            RenderTableCell {TD} at (2,28) size 88x24 [border: (1px inset #808080)] [r=1 c=0 rs=1 cs=2]
              RenderText {#text} at (2,2) size 57x19
                text run at (2,2) width 57: "30%CS2"
            RenderTableCell {TD} at (91,28) size 205x24 [border: (1px inset #808080)] [r=1 c=2 rs=1 cs=1]
              RenderText {#text} at (2,2) size 20x19
                text run at (2,2) width 20: "bar"
      RenderBlock (anonymous) at (0,864) size 769x40
        RenderBR {BR} at (0,0) size 0x19
        RenderText {#text} at (0,20) size 350x19
          text run at (0,20) width 350: "auto table - percent colspan wins over fixed colspan XXX"
      RenderTable {TABLE} at (0,904) size 769x56 [border: (1px outset #808080)]
        RenderTableSection {TBODY} at (1,1) size 767x54
          RenderTableRow {TR} at (0,2) size 767x24
            RenderTableCell {TD} at (2,2) size 77x24 [border: (1px inset #808080)] [r=0 c=0 rs=1 cs=2]
              RenderText {#text} at (2,2) size 52x19
                text run at (2,2) width 52: "500CS2"
            RenderTableCell {TD} at (80,2) size 685x24 [border: (1px inset #808080)] [r=0 c=2 rs=1 cs=1]
              RenderText {#text} at (2,2) size 26x19
                text run at (2,2) width 26: "atuo"
          RenderTableRow {TR} at (0,28) size 767x24
            RenderTableCell {TD} at (2,28) size 77x24 [border: (1px inset #808080)] [r=1 c=0 rs=1 cs=2]
              RenderText {#text} at (2,2) size 57x19
                text run at (2,2) width 57: "10%CS2"
            RenderTableCell {TD} at (80,28) size 685x24 [border: (1px inset #808080)] [r=1 c=2 rs=1 cs=1]
              RenderText {#text} at (2,2) size 26x19
                text run at (2,2) width 26: "auto"
      RenderBlock (anonymous) at (0,960) size 769x40
        RenderBR {BR} at (0,0) size 0x19
        RenderText {#text} at (0,20) size 313x19
          text run at (0,20) width 313: "auto table - percent colspan wins over fixed colspan"
      RenderTable {TABLE} at (0,1000) size 769x82 [border: (1px outset #808080)]
        RenderTableSection {TBODY} at (1,1) size 767x80
          RenderTableRow {TR} at (0,2) size 767x24
            RenderTableCell {TD} at (2,2) size 154x24 [border: (1px inset #808080)] [r=0 c=0 rs=1 cs=2]
              RenderText {#text} at (2,2) size 52x19
                text run at (2,2) width 52: "500CS2"
            RenderTableCell {TD} at (157,2) size 608x24 [border: (1px inset #808080)] [r=0 c=2 rs=1 cs=1]
              RenderText {#text} at (2,2) size 26x19
                text run at (2,2) width 26: "auto"
          RenderTableRow {TR} at (0,28) size 767x24
            RenderTableCell {TD} at (2,28) size 154x24 [border: (1px inset #808080)] [r=1 c=0 rs=1 cs=2]
              RenderText {#text} at (2,2) size 57x19
                text run at (2,2) width 57: "20%CS2"
            RenderTableCell {TD} at (157,28) size 608x24 [border: (1px inset #808080)] [r=1 c=2 rs=1 cs=1]
              RenderText {#text} at (2,2) size 26x19
                text run at (2,2) width 26: "auto"
          RenderTableRow {TR} at (0,54) size 767x24
            RenderTableCell {TD} at (2,54) size 76x24 [border: (1px inset #808080)] [r=2 c=0 rs=1 cs=1]
              RenderText {#text} at (2,2) size 26x19
                text run at (2,2) width 26: "auto"
            RenderTableCell {TD} at (79,54) size 77x24 [border: (1px inset #808080)] [r=2 c=1 rs=1 cs=1]
              RenderText {#text} at (2,2) size 26x19
                text run at (2,2) width 26: "auto"
            RenderTableCell {TD} at (157,54) size 608x24 [border: (1px inset #808080)] [r=2 c=2 rs=1 cs=1]
              RenderText {#text} at (2,2) size 26x19
                text run at (2,2) width 26: "auto"
      RenderBlock (anonymous) at (0,1082) size 769x40
        RenderBR {BR} at (0,0) size 0x19
        RenderText {#text} at (0,20) size 313x19
          text run at (0,20) width 313: "auto table - percent colspan wins over fixed colspan"
      RenderTable {TABLE} at (0,1122) size 769x82 [border: (1px outset #808080)]
        RenderTableSection {TBODY} at (1,1) size 767x80
          RenderTableRow {TR} at (0,2) size 767x24
            RenderTableCell {TD} at (2,2) size 154x24 [border: (1px inset #808080)] [r=0 c=0 rs=1 cs=2]
              RenderText {#text} at (2,2) size 52x19
                text run at (2,2) width 52: "200CS2"
            RenderTableCell {TD} at (157,2) size 608x24 [border: (1px inset #808080)] [r=0 c=2 rs=1 cs=1]
              RenderText {#text} at (2,2) size 26x19
                text run at (2,2) width 26: "auto"
          RenderTableRow {TR} at (0,28) size 767x24
            RenderTableCell {TD} at (2,28) size 154x24 [border: (1px inset #808080)] [r=1 c=0 rs=1 cs=2]
              RenderText {#text} at (2,2) size 57x19
                text run at (2,2) width 57: "20%CS2"
            RenderTableCell {TD} at (157,28) size 608x24 [border: (1px inset #808080)] [r=1 c=2 rs=1 cs=1]
              RenderText {#text} at (2,2) size 26x19
                text run at (2,2) width 26: "auto"
          RenderTableRow {TR} at (0,54) size 767x24
            RenderTableCell {TD} at (2,54) size 76x24 [border: (1px inset #808080)] [r=2 c=0 rs=1 cs=1]
              RenderText {#text} at (2,2) size 26x19
                text run at (2,2) width 26: "auto"
            RenderTableCell {TD} at (79,54) size 77x24 [border: (1px inset #808080)] [r=2 c=1 rs=1 cs=1]
              RenderText {#text} at (2,2) size 26x19
                text run at (2,2) width 26: "auto"
            RenderTableCell {TD} at (157,54) size 608x24 [border: (1px inset #808080)] [r=2 c=2 rs=1 cs=1]
              RenderText {#text} at (2,2) size 26x19
                text run at (2,2) width 26: "auto"
      RenderBlock (anonymous) at (0,1204) size 769x40
        RenderBR {BR} at (0,0) size 0x19
        RenderText {#text} at (0,20) size 313x19
          text run at (0,20) width 313: "auto table - percent colspan wins over fixed colspan"
      RenderTable {TABLE} at (0,1244) size 769x82 [border: (1px outset #808080)]
        RenderTableSection {TBODY} at (1,1) size 767x80
          RenderTableRow {TR} at (0,2) size 767x24
            RenderTableCell {TD} at (2,2) size 154x24 [border: (1px inset #808080)] [r=0 c=0 rs=1 cs=2]
              RenderText {#text} at (2,2) size 60x19
                text run at (2,2) width 60: "1000CS2"
            RenderTableCell {TD} at (157,2) size 608x24 [border: (1px inset #808080)] [r=0 c=2 rs=1 cs=1]
              RenderText {#text} at (2,2) size 26x19
                text run at (2,2) width 26: "auto"
          RenderTableRow {TR} at (0,28) size 767x24
            RenderTableCell {TD} at (2,28) size 154x24 [border: (1px inset #808080)] [r=1 c=0 rs=1 cs=2]
              RenderText {#text} at (2,2) size 57x19
                text run at (2,2) width 57: "20%CS2"
            RenderTableCell {TD} at (157,28) size 608x24 [border: (1px inset #808080)] [r=1 c=2 rs=1 cs=1]
              RenderText {#text} at (2,2) size 26x19
                text run at (2,2) width 26: "auto"
          RenderTableRow {TR} at (0,54) size 767x24
            RenderTableCell {TD} at (2,54) size 76x24 [border: (1px inset #808080)] [r=2 c=0 rs=1 cs=1]
              RenderText {#text} at (2,2) size 26x19
                text run at (2,2) width 26: "auto"
            RenderTableCell {TD} at (79,54) size 77x24 [border: (1px inset #808080)] [r=2 c=1 rs=1 cs=1]
              RenderText {#text} at (2,2) size 26x19
                text run at (2,2) width 26: "auto"
            RenderTableCell {TD} at (157,54) size 608x24 [border: (1px inset #808080)] [r=2 c=2 rs=1 cs=1]
              RenderText {#text} at (2,2) size 26x19
                text run at (2,2) width 26: "auto"
      RenderBlock (anonymous) at (0,1326) size 769x40
        RenderBR {BR} at (0,0) size 0x19
        RenderText {#text} at (0,20) size 356x19
          text run at (0,20) width 356: "percent cell/col percentage conflict goes to cell (and in IE5)"
      RenderTable {TABLE} at (0,1366) size 500x36 [border: (1px outset #808080)]
        RenderTableCol {COLGROUP} at (0,0) size 0x0
          RenderTableCol {COL} at (0,0) size 0x0
        RenderTableSection {TBODY} at (1,1) size 498x34
          RenderTableRow {TR} at (0,5) size 498x24
            RenderTableCell {TD} at (5,5) size 387x24 [border: (1px inset #808080)] [r=0 c=0 rs=1 cs=1]
              RenderText {#text} at (2,2) size 82x19
                text run at (2,2) width 82: "30%-80%col"
            RenderTableCell {TD} at (396,5) size 97x24 [border: (1px inset #808080)] [r=0 c=1 rs=1 cs=1]
              RenderText {#text} at (2,2) size 26x19
                text run at (2,2) width 26: "auto"
