layer at (0,0) size 785x2492
  RenderView at (0,0) size 785x600
layer at (0,0) size 785x2492
  RenderBlock {HTML} at (0,0) size 785x2493
    RenderBody {BODY} at (8,21) size 769x2464
      RenderBlock {H1} at (0,0) size 769x37
        RenderText {#text} at (0,0) size 540x36
          text run at (0,0) width 540: "Problems with COLSPAN and WIDTH"
      RenderBlock {P} at (0,58) size 769x21
        RenderText {#text} at (0,0) size 242x19
          text run at (0,0) width 242: "Each block of tables should be identical."
      RenderBlock {H2} at (0,98) size 769x28
        RenderText {#text} at (0,0) size 126x26
          text run at (0,0) width 126: "Sized Tables"
      RenderBlock {P} at (0,145) size 769x21
        RenderText {#text} at (0,0) size 732x19
          text run at (0,0) width 732: "The following tables have width=400, which should make them the same width as the red lines which are caused by DIVs:"
      RenderBlock {H3} at (0,183) size 769x24
        RenderText {#text} at (0,0) size 65x22
          text run at (0,0) width 65: "260/140"
      RenderBlock {DIV} at (0,225) size 406x7 [border: (3px solid #FF0000)]
      RenderTable {TABLE} at (0,231) size 400x51
        RenderTableSection {TBODY} at (0,0) size 400x50
          RenderTableRow {TR} at (0,2) size 400x22
            RenderTableCell {TD} at (2,2) size 252x22 [bgcolor=#00FF00] [r=0 c=0 rs=1 cs=1]
              RenderText {#text} at (1,1) size 28x19
                text run at (1,1) width 28: "plain"
            RenderTableCell {TD} at (256,2) size 143x22 [bgcolor=#FFFF00] [r=0 c=1 rs=1 cs=1]
              RenderText {#text} at (1,1) size 66x19
                text run at (1,1) width 66: "width=140"
          RenderTableRow {TR} at (0,26) size 400x22
            RenderTableCell {TD} at (2,26) size 397x22 [bgcolor=#FF00FF] [r=1 c=0 rs=1 cs=2]
              RenderText {#text} at (1,1) size 133x19
                text run at (1,1) width 133: "colspan=2 width=400"
      RenderBlock {DIV} at (0,281) size 406x7 [border: (3px solid #FF0000)]
      RenderTable {TABLE} at (0,287) size 400x51
        RenderTableSection {TBODY} at (0,0) size 400x50
          RenderTableRow {TR} at (0,2) size 400x22
            RenderTableCell {TD} at (2,2) size 262x22 [bgcolor=#00FF00] [r=0 c=0 rs=1 cs=1]
              RenderText {#text} at (1,1) size 66x19
                text run at (1,1) width 66: "width=260"
            RenderTableCell {TD} at (266,2) size 132x22 [bgcolor=#FFFF00] [r=0 c=1 rs=1 cs=1]
              RenderText {#text} at (1,1) size 28x19
                text run at (1,1) width 28: "plain"
          RenderTableRow {TR} at (0,26) size 400x22
            RenderTableCell {TD} at (2,26) size 396x22 [bgcolor=#FF00FF] [r=1 c=0 rs=1 cs=2]
              RenderText {#text} at (1,1) size 133x19
                text run at (1,1) width 133: "colspan=2 width=400"
      RenderBlock {DIV} at (0,337) size 406x7 [border: (3px solid #FF0000)]
      RenderTable {TABLE} at (0,343) size 400x51
        RenderTableSection {TBODY} at (0,0) size 400x50
          RenderTableRow {TR} at (0,2) size 400x22
            RenderTableCell {TD} at (2,2) size 255x22 [bgcolor=#00FF00] [r=0 c=0 rs=1 cs=1]
              RenderText {#text} at (1,1) size 66x19
                text run at (1,1) width 66: "width=260"
            RenderTableCell {TD} at (258,2) size 141x22 [bgcolor=#FFFF00] [r=0 c=1 rs=1 cs=1]
              RenderText {#text} at (1,1) size 66x19
                text run at (1,1) width 66: "width=140"
          RenderTableRow {TR} at (0,26) size 400x22
            RenderTableCell {TD} at (2,26) size 397x22 [bgcolor=#FF00FF] [r=1 c=0 rs=1 cs=2]
              RenderText {#text} at (1,1) size 133x19
                text run at (1,1) width 133: "colspan=2 width=400"
      RenderBlock {DIV} at (0,393) size 406x7 [border: (3px solid #FF0000)]
      RenderTable {TABLE} at (0,399) size 400x51
        RenderTableSection {TBODY} at (0,0) size 400x50
          RenderTableRow {TR} at (0,2) size 400x22
            RenderTableCell {TD} at (2,2) size 255x22 [bgcolor=#00FF00] [r=0 c=0 rs=1 cs=1]
              RenderText {#text} at (1,1) size 66x19
                text run at (1,1) width 66: "width=260"
            RenderTableCell {TD} at (258,2) size 141x22 [bgcolor=#FFFF00] [r=0 c=1 rs=1 cs=1]
              RenderText {#text} at (1,1) size 66x19
                text run at (1,1) width 66: "width=140"
          RenderTableRow {TR} at (0,26) size 400x22
            RenderTableCell {TD} at (2,26) size 397x22 [bgcolor=#FF00FF] [r=1 c=0 rs=1 cs=2]
              RenderText {#text} at (1,1) size 63x19
                text run at (1,1) width 63: "colspan=2"
      RenderBlock {DIV} at (0,449) size 406x7 [border: (3px solid #FF0000)]
      RenderTable {TABLE} at (0,455) size 400x51
        RenderTableSection {TBODY} at (0,0) size 400x50
          RenderTableRow {TR} at (0,2) size 400x22
            RenderTableCell {TD} at (2,2) size 257x22 [bgcolor=#00FF00] [r=0 c=0 rs=1 cs=1]
              RenderText {#text} at (1,1) size 71x19
                text run at (1,1) width 71: "width=65%"
            RenderTableCell {TD} at (260,2) size 138x22 [bgcolor=#FFFF00] [r=0 c=1 rs=1 cs=1]
              RenderText {#text} at (1,1) size 28x19
                text run at (1,1) width 28: "plain"
          RenderTableRow {TR} at (0,26) size 400x22
            RenderTableCell {TD} at (2,26) size 396x22 [bgcolor=#FF00FF] [r=1 c=0 rs=1 cs=2]
              RenderText {#text} at (1,1) size 63x19
                text run at (1,1) width 63: "colspan=2"
      RenderBlock {DIV} at (0,505) size 406x7 [border: (3px solid #FF0000)]
      RenderTable {TABLE} at (0,511) size 400x51
        RenderTableSection {TBODY} at (0,0) size 400x50
          RenderTableRow {TR} at (0,2) size 400x22
            RenderTableCell {TD} at (2,2) size 257x22 [bgcolor=#00FF00] [r=0 c=0 rs=1 cs=1]
              RenderText {#text} at (1,1) size 28x19
                text run at (1,1) width 28: "plain"
            RenderTableCell {TD} at (260,2) size 138x22 [bgcolor=#FFFF00] [r=0 c=1 rs=1 cs=1]
              RenderText {#text} at (1,1) size 71x19
                text run at (1,1) width 71: "width=35%"
          RenderTableRow {TR} at (0,26) size 400x22
            RenderTableCell {TD} at (2,26) size 396x22 [bgcolor=#FF00FF] [r=1 c=0 rs=1 cs=2]
              RenderText {#text} at (1,1) size 63x19
                text run at (1,1) width 63: "colspan=2"
      RenderBlock {DIV} at (0,561) size 406x7 [border: (3px solid #FF0000)]
      RenderTable {TABLE} at (0,567) size 400x51
        RenderTableSection {TBODY} at (0,0) size 400x50
          RenderTableRow {TR} at (0,2) size 400x22
            RenderTableCell {TD} at (2,2) size 257x22 [bgcolor=#00FF00] [r=0 c=0 rs=1 cs=1]
              RenderText {#text} at (1,1) size 71x19
                text run at (1,1) width 71: "width=65%"
            RenderTableCell {TD} at (260,2) size 139x22 [bgcolor=#FFFF00] [r=0 c=1 rs=1 cs=1]
              RenderText {#text} at (1,1) size 71x19
                text run at (1,1) width 71: "width=35%"
          RenderTableRow {TR} at (0,26) size 400x22
            RenderTableCell {TD} at (2,26) size 397x22 [bgcolor=#FF00FF] [r=1 c=0 rs=1 cs=2]
              RenderText {#text} at (1,1) size 63x19
                text run at (1,1) width 63: "colspan=2"
      RenderBlock {DIV} at (0,617) size 406x7 [border: (3px solid #FF0000)]
      RenderBlock {H3} at (0,642) size 769x24
        RenderText {#text} at (0,0) size 65x22
          text run at (0,0) width 65: "140/260"
      RenderBlock {DIV} at (0,684) size 406x7 [border: (3px solid #FF0000)]
      RenderTable {TABLE} at (0,690) size 400x51
        RenderTableSection {TBODY} at (0,0) size 400x50
          RenderTableRow {TR} at (0,2) size 400x22
            RenderTableCell {TD} at (2,2) size 142x22 [bgcolor=#00FF00] [r=0 c=0 rs=1 cs=1]
              RenderText {#text} at (1,1) size 66x19
                text run at (1,1) width 66: "width=140"
            RenderTableCell {TD} at (146,2) size 252x22 [bgcolor=#FFFF00] [r=0 c=1 rs=1 cs=1]
              RenderText {#text} at (1,1) size 28x19
                text run at (1,1) width 28: "plain"
          RenderTableRow {TR} at (0,26) size 400x22
            RenderTableCell {TD} at (2,26) size 396x22 [bgcolor=#FF00FF] [r=1 c=0 rs=1 cs=2]
              RenderText {#text} at (1,1) size 133x19
                text run at (1,1) width 133: "colspan=2 width=400"
      RenderBlock {DIV} at (0,740) size 406x7 [border: (3px solid #FF0000)]
      RenderTable {TABLE} at (0,746) size 400x51
        RenderTableSection {TBODY} at (0,0) size 400x50
          RenderTableRow {TR} at (0,2) size 400x22
            RenderTableCell {TD} at (2,2) size 132x22 [bgcolor=#00FF00] [r=0 c=0 rs=1 cs=1]
              RenderText {#text} at (1,1) size 28x19
                text run at (1,1) width 28: "plain"
            RenderTableCell {TD} at (136,2) size 262x22 [bgcolor=#FFFF00] [r=0 c=1 rs=1 cs=1]
              RenderText {#text} at (1,1) size 66x19
                text run at (1,1) width 66: "width=260"
          RenderTableRow {TR} at (0,26) size 400x22
            RenderTableCell {TD} at (2,26) size 396x22 [bgcolor=#FF00FF] [r=1 c=0 rs=1 cs=2]
              RenderText {#text} at (1,1) size 133x19
                text run at (1,1) width 133: "colspan=2 width=400"
      RenderBlock {DIV} at (0,796) size 406x7 [border: (3px solid #FF0000)]
      RenderTable {TABLE} at (0,802) size 400x51
        RenderTableSection {TBODY} at (0,0) size 400x50
          RenderTableRow {TR} at (0,2) size 400x22
            RenderTableCell {TD} at (2,2) size 140x22 [bgcolor=#00FF00] [r=0 c=0 rs=1 cs=1]
              RenderText {#text} at (1,1) size 66x19
                text run at (1,1) width 66: "width=140"
            RenderTableCell {TD} at (143,2) size 256x22 [bgcolor=#FFFF00] [r=0 c=1 rs=1 cs=1]
              RenderText {#text} at (1,1) size 66x19
                text run at (1,1) width 66: "width=260"
          RenderTableRow {TR} at (0,26) size 400x22
            RenderTableCell {TD} at (2,26) size 397x22 [bgcolor=#FF00FF] [r=1 c=0 rs=1 cs=2]
              RenderText {#text} at (1,1) size 133x19
                text run at (1,1) width 133: "colspan=2 width=400"
      RenderBlock {DIV} at (0,852) size 406x7 [border: (3px solid #FF0000)]
      RenderTable {TABLE} at (0,858) size 400x51
        RenderTableSection {TBODY} at (0,0) size 400x50
          RenderTableRow {TR} at (0,2) size 400x22
            RenderTableCell {TD} at (2,2) size 140x22 [bgcolor=#00FF00] [r=0 c=0 rs=1 cs=1]
              RenderText {#text} at (1,1) size 66x19
                text run at (1,1) width 66: "width=140"
            RenderTableCell {TD} at (143,2) size 256x22 [bgcolor=#FFFF00] [r=0 c=1 rs=1 cs=1]
              RenderText {#text} at (1,1) size 66x19
                text run at (1,1) width 66: "width=260"
          RenderTableRow {TR} at (0,26) size 400x22
            RenderTableCell {TD} at (2,26) size 397x22 [bgcolor=#FF00FF] [r=1 c=0 rs=1 cs=2]
              RenderText {#text} at (1,1) size 63x19
                text run at (1,1) width 63: "colspan=2"
      RenderBlock {DIV} at (0,908) size 406x7 [border: (3px solid #FF0000)]
      RenderTable {TABLE} at (0,914) size 400x51
        RenderTableSection {TBODY} at (0,0) size 400x50
          RenderTableRow {TR} at (0,2) size 400x22
            RenderTableCell {TD} at (2,2) size 138x22 [bgcolor=#00FF00] [r=0 c=0 rs=1 cs=1]
              RenderText {#text} at (1,1) size 71x19
                text run at (1,1) width 71: "width=35%"
            RenderTableCell {TD} at (141,2) size 257x22 [bgcolor=#FFFF00] [r=0 c=1 rs=1 cs=1]
              RenderText {#text} at (1,1) size 28x19
                text run at (1,1) width 28: "plain"
          RenderTableRow {TR} at (0,26) size 400x22
            RenderTableCell {TD} at (2,26) size 396x22 [bgcolor=#FF00FF] [r=1 c=0 rs=1 cs=2]
              RenderText {#text} at (1,1) size 63x19
                text run at (1,1) width 63: "colspan=2"
      RenderBlock {DIV} at (0,964) size 406x7 [border: (3px solid #FF0000)]
      RenderTable {TABLE} at (0,970) size 400x51
        RenderTableSection {TBODY} at (0,0) size 400x50
          RenderTableRow {TR} at (0,2) size 400x22
            RenderTableCell {TD} at (2,2) size 138x22 [bgcolor=#00FF00] [r=0 c=0 rs=1 cs=1]
              RenderText {#text} at (1,1) size 28x19
                text run at (1,1) width 28: "plain"
            RenderTableCell {TD} at (141,2) size 257x22 [bgcolor=#FFFF00] [r=0 c=1 rs=1 cs=1]
              RenderText {#text} at (1,1) size 71x19
                text run at (1,1) width 71: "width=65%"
          RenderTableRow {TR} at (0,26) size 400x22
            RenderTableCell {TD} at (2,26) size 396x22 [bgcolor=#FF00FF] [r=1 c=0 rs=1 cs=2]
              RenderText {#text} at (1,1) size 63x19
                text run at (1,1) width 63: "colspan=2"
      RenderBlock {DIV} at (0,1020) size 406x7 [border: (3px solid #FF0000)]
      RenderTable {TABLE} at (0,1026) size 400x51
        RenderTableSection {TBODY} at (0,0) size 400x50
          RenderTableRow {TR} at (0,2) size 400x22
            RenderTableCell {TD} at (2,2) size 138x22 [bgcolor=#00FF00] [r=0 c=0 rs=1 cs=1]
              RenderText {#text} at (1,1) size 71x19
                text run at (1,1) width 71: "width=35%"
            RenderTableCell {TD} at (141,2) size 258x22 [bgcolor=#FFFF00] [r=0 c=1 rs=1 cs=1]
              RenderText {#text} at (1,1) size 71x19
                text run at (1,1) width 71: "width=65%"
          RenderTableRow {TR} at (0,26) size 400x22
            RenderTableCell {TD} at (2,26) size 397x22 [bgcolor=#FF00FF] [r=1 c=0 rs=1 cs=2]
              RenderText {#text} at (1,1) size 63x19
                text run at (1,1) width 63: "colspan=2"
      RenderBlock {DIV} at (0,1076) size 406x7 [border: (3px solid #FF0000)]
      RenderBlock {H3} at (0,1100) size 769x24
        RenderText {#text} at (0,0) size 38x22
          text run at (0,0) width 38: "50%"
      RenderBlock {DIV} at (0,1142) size 406x7 [border: (3px solid #FF0000)]
      RenderTable {TABLE} at (0,1148) size 400x51
        RenderTableSection {TBODY} at (0,0) size 400x50
          RenderTableRow {TR} at (0,2) size 400x22
            RenderTableCell {TD} at (2,2) size 197x22 [bgcolor=#00FF00] [r=0 c=0 rs=1 cs=1]
              RenderText {#text} at (1,1) size 71x19
                text run at (1,1) width 71: "width=50%"
            RenderTableCell {TD} at (201,2) size 197x22 [bgcolor=#FFFF00] [r=0 c=1 rs=1 cs=1]
              RenderText {#text} at (1,1) size 28x19
                text run at (1,1) width 28: "plain"
          RenderTableRow {TR} at (0,26) size 400x22
            RenderTableCell {TD} at (2,26) size 396x22 [bgcolor=#FF00FF] [r=1 c=0 rs=1 cs=2]
              RenderText {#text} at (1,1) size 133x19
                text run at (1,1) width 133: "colspan=2 width=400"
      RenderBlock {DIV} at (0,1198) size 406x7 [border: (3px solid #FF0000)]
      RenderTable {TABLE} at (0,1204) size 400x51
        RenderTableSection {TBODY} at (0,0) size 400x50
          RenderTableRow {TR} at (0,2) size 400x22
            RenderTableCell {TD} at (2,2) size 197x22 [bgcolor=#00FF00] [r=0 c=0 rs=1 cs=1]
              RenderText {#text} at (1,1) size 28x19
                text run at (1,1) width 28: "plain"
            RenderTableCell {TD} at (201,2) size 197x22 [bgcolor=#FFFF00] [r=0 c=1 rs=1 cs=1]
              RenderText {#text} at (1,1) size 71x19
                text run at (1,1) width 71: "width=50%"
          RenderTableRow {TR} at (0,26) size 400x22
            RenderTableCell {TD} at (2,26) size 396x22 [bgcolor=#FF00FF] [r=1 c=0 rs=1 cs=2]
              RenderText {#text} at (1,1) size 133x19
                text run at (1,1) width 133: "colspan=2 width=400"
      RenderBlock {DIV} at (0,1254) size 406x7 [border: (3px solid #FF0000)]
      RenderTable {TABLE} at (0,1260) size 400x51
        RenderTableSection {TBODY} at (0,0) size 400x50
          RenderTableRow {TR} at (0,2) size 400x22
            RenderTableCell {TD} at (2,2) size 197x22 [bgcolor=#00FF00] [r=0 c=0 rs=1 cs=1]
              RenderText {#text} at (1,1) size 71x19
                text run at (1,1) width 71: "width=50%"
            RenderTableCell {TD} at (201,2) size 197x22 [bgcolor=#FFFF00] [r=0 c=1 rs=1 cs=1]
              RenderText {#text} at (1,1) size 71x19
                text run at (1,1) width 71: "width=50%"
          RenderTableRow {TR} at (0,26) size 400x22
            RenderTableCell {TD} at (2,26) size 396x22 [bgcolor=#FF00FF] [r=1 c=0 rs=1 cs=2]
              RenderText {#text} at (1,1) size 133x19
                text run at (1,1) width 133: "colspan=2 width=400"
      RenderBlock {DIV} at (0,1310) size 406x7 [border: (3px solid #FF0000)]
      RenderTable {TABLE} at (0,1316) size 400x51
        RenderTableSection {TBODY} at (0,0) size 400x50
          RenderTableRow {TR} at (0,2) size 400x22
            RenderTableCell {TD} at (2,2) size 197x22 [bgcolor=#00FF00] [r=0 c=0 rs=1 cs=1]
              RenderText {#text} at (1,1) size 28x19
                text run at (1,1) width 28: "plain"
            RenderTableCell {TD} at (201,2) size 197x22 [bgcolor=#FFFF00] [r=0 c=1 rs=1 cs=1]
              RenderText {#text} at (1,1) size 28x19
                text run at (1,1) width 28: "plain"
          RenderTableRow {TR} at (0,26) size 400x22
            RenderTableCell {TD} at (2,26) size 396x22 [bgcolor=#FF00FF] [r=1 c=0 rs=1 cs=2]
              RenderText {#text} at (1,1) size 133x19
                text run at (1,1) width 133: "colspan=2 width=400"
      RenderBlock {DIV} at (0,1366) size 406x7 [border: (3px solid #FF0000)]
      RenderTable {TABLE} at (0,1372) size 400x51
        RenderTableSection {TBODY} at (0,0) size 400x50
          RenderTableRow {TR} at (0,2) size 400x22
            RenderTableCell {TD} at (2,2) size 197x22 [bgcolor=#00FF00] [r=0 c=0 rs=1 cs=1]
              RenderText {#text} at (1,1) size 66x19
                text run at (1,1) width 66: "width=200"
            RenderTableCell {TD} at (201,2) size 197x22 [bgcolor=#FFFF00] [r=0 c=1 rs=1 cs=1]
              RenderText {#text} at (1,1) size 66x19
                text run at (1,1) width 66: "width=200"
          RenderTableRow {TR} at (0,26) size 400x22
            RenderTableCell {TD} at (2,26) size 396x22 [bgcolor=#FF00FF] [r=1 c=0 rs=1 cs=2]
              RenderText {#text} at (1,1) size 63x19
                text run at (1,1) width 63: "colspan=2"
      RenderBlock {DIV} at (0,1422) size 406x7 [border: (3px solid #FF0000)]
      RenderBlock {H2} at (0,1448) size 769x28
        RenderText {#text} at (0,0) size 227x26
          text run at (0,0) width 227: "Tables Without Width"
      RenderBlock {P} at (0,1495) size 769x41
        RenderText {#text} at (0,0) size 705x39
          text run at (0,0) width 705: "The following tables have no width. They should still be the same size, by virtue of them having a 400 pixel cell and no"
          text run at (0,20) width 147: "padding/margin/borders."
      RenderBlock {H3} at (0,1554) size 769x24
        RenderText {#text} at (0,0) size 65x22
          text run at (0,0) width 65: "260/140"
      RenderBlock {DIV} at (0,1595) size 406x7 [border: (3px solid #FF0000)]
      RenderTable {TABLE} at (0,1601) size 406x51
        RenderTableSection {TBODY} at (0,0) size 406x50
          RenderTableRow {TR} at (0,2) size 406x22
            RenderTableCell {TD} at (2,2) size 258x22 [bgcolor=#00FF00] [r=0 c=0 rs=1 cs=1]
              RenderText {#text} at (1,1) size 28x19
                text run at (1,1) width 28: "plain"
            RenderTableCell {TD} at (262,2) size 142x22 [bgcolor=#FFFF00] [r=0 c=1 rs=1 cs=1]
              RenderText {#text} at (1,1) size 66x19
                text run at (1,1) width 66: "width=140"
          RenderTableRow {TR} at (0,26) size 406x22
            RenderTableCell {TD} at (2,26) size 402x22 [bgcolor=#FF00FF] [r=1 c=0 rs=1 cs=2]
              RenderText {#text} at (1,1) size 133x19
                text run at (1,1) width 133: "colspan=2 width=400"
      RenderBlock {DIV} at (0,1651) size 406x7 [border: (3px solid #FF0000)]
      RenderTable {TABLE} at (0,1657) size 406x51
        RenderTableSection {TBODY} at (0,0) size 406x50
          RenderTableRow {TR} at (0,2) size 406x22
            RenderTableCell {TD} at (2,2) size 262x22 [bgcolor=#00FF00] [r=0 c=0 rs=1 cs=1]
              RenderText {#text} at (1,1) size 66x19
                text run at (1,1) width 66: "width=260"
            RenderTableCell {TD} at (266,2) size 138x22 [bgcolor=#FFFF00] [r=0 c=1 rs=1 cs=1]
              RenderText {#text} at (1,1) size 28x19
                text run at (1,1) width 28: "plain"
          RenderTableRow {TR} at (0,26) size 406x22
            RenderTableCell {TD} at (2,26) size 402x22 [bgcolor=#FF00FF] [r=1 c=0 rs=1 cs=2]
              RenderText {#text} at (1,1) size 133x19
                text run at (1,1) width 133: "colspan=2 width=400"
      RenderBlock {DIV} at (0,1707) size 406x7 [border: (3px solid #FF0000)]
      RenderTable {TABLE} at (0,1713) size 410x51
        RenderTableSection {TBODY} at (0,0) size 410x50
          RenderTableRow {TR} at (0,2) size 410x22
            RenderTableCell {TD} at (2,2) size 262x22 [bgcolor=#00FF00] [r=0 c=0 rs=1 cs=1]
              RenderText {#text} at (1,1) size 66x19
                text run at (1,1) width 66: "width=260"
            RenderTableCell {TD} at (266,2) size 142x22 [bgcolor=#FFFF00] [r=0 c=1 rs=1 cs=1]
              RenderText {#text} at (1,1) size 66x19
                text run at (1,1) width 66: "width=140"
          RenderTableRow {TR} at (0,26) size 410x22
            RenderTableCell {TD} at (2,26) size 406x22 [bgcolor=#FF00FF] [r=1 c=0 rs=1 cs=2]
              RenderText {#text} at (1,1) size 133x19
                text run at (1,1) width 133: "colspan=2 width=400"
      RenderBlock {DIV} at (0,1763) size 406x7 [border: (3px solid #FF0000)]
      RenderTable {TABLE} at (0,1769) size 410x51
        RenderTableSection {TBODY} at (0,0) size 410x50
          RenderTableRow {TR} at (0,2) size 410x22
            RenderTableCell {TD} at (2,2) size 262x22 [bgcolor=#00FF00] [r=0 c=0 rs=1 cs=1]
              RenderText {#text} at (1,1) size 66x19
                text run at (1,1) width 66: "width=260"
            RenderTableCell {TD} at (266,2) size 142x22 [bgcolor=#FFFF00] [r=0 c=1 rs=1 cs=1]
              RenderText {#text} at (1,1) size 66x19
                text run at (1,1) width 66: "width=140"
          RenderTableRow {TR} at (0,26) size 410x22
            RenderTableCell {TD} at (2,26) size 406x22 [bgcolor=#FF00FF] [r=1 c=0 rs=1 cs=2]
              RenderText {#text} at (1,1) size 63x19
                text run at (1,1) width 63: "colspan=2"
      RenderBlock {DIV} at (0,1819) size 406x7 [border: (3px solid #FF0000)]
      RenderBlock {H3} at (0,1844) size 769x24
        RenderText {#text} at (0,0) size 65x22
          text run at (0,0) width 65: "140/260"
      RenderBlock {DIV} at (0,1886) size 406x7 [border: (3px solid #FF0000)]
      RenderTable {TABLE} at (0,1892) size 406x51
        RenderTableSection {TBODY} at (0,0) size 406x50
          RenderTableRow {TR} at (0,2) size 406x22
            RenderTableCell {TD} at (2,2) size 142x22 [bgcolor=#00FF00] [r=0 c=0 rs=1 cs=1]
              RenderText {#text} at (1,1) size 66x19
                text run at (1,1) width 66: "width=140"
            RenderTableCell {TD} at (146,2) size 258x22 [bgcolor=#FFFF00] [r=0 c=1 rs=1 cs=1]
              RenderText {#text} at (1,1) size 28x19
                text run at (1,1) width 28: "plain"
          RenderTableRow {TR} at (0,26) size 406x22
            RenderTableCell {TD} at (2,26) size 402x22 [bgcolor=#FF00FF] [r=1 c=0 rs=1 cs=2]
              RenderText {#text} at (1,1) size 133x19
                text run at (1,1) width 133: "colspan=2 width=400"
      RenderBlock {DIV} at (0,1942) size 406x7 [border: (3px solid #FF0000)]
      RenderTable {TABLE} at (0,1948) size 406x51
        RenderTableSection {TBODY} at (0,0) size 406x50
          RenderTableRow {TR} at (0,2) size 406x22
            RenderTableCell {TD} at (2,2) size 138x22 [bgcolor=#00FF00] [r=0 c=0 rs=1 cs=1]
              RenderText {#text} at (1,1) size 28x19
                text run at (1,1) width 28: "plain"
            RenderTableCell {TD} at (142,2) size 262x22 [bgcolor=#FFFF00] [r=0 c=1 rs=1 cs=1]
              RenderText {#text} at (1,1) size 66x19
                text run at (1,1) width 66: "width=260"
          RenderTableRow {TR} at (0,26) size 406x22
            RenderTableCell {TD} at (2,26) size 402x22 [bgcolor=#FF00FF] [r=1 c=0 rs=1 cs=2]
              RenderText {#text} at (1,1) size 133x19
                text run at (1,1) width 133: "colspan=2 width=400"
      RenderBlock {DIV} at (0,1998) size 406x7 [border: (3px solid #FF0000)]
      RenderTable {TABLE} at (0,2004) size 410x51
        RenderTableSection {TBODY} at (0,0) size 410x50
          RenderTableRow {TR} at (0,2) size 410x22
            RenderTableCell {TD} at (2,2) size 142x22 [bgcolor=#00FF00] [r=0 c=0 rs=1 cs=1]
              RenderText {#text} at (1,1) size 66x19
                text run at (1,1) width 66: "width=140"
            RenderTableCell {TD} at (146,2) size 262x22 [bgcolor=#FFFF00] [r=0 c=1 rs=1 cs=1]
              RenderText {#text} at (1,1) size 66x19
                text run at (1,1) width 66: "width=260"
          RenderTableRow {TR} at (0,26) size 410x22
            RenderTableCell {TD} at (2,26) size 406x22 [bgcolor=#FF00FF] [r=1 c=0 rs=1 cs=2]
              RenderText {#text} at (1,1) size 133x19
                text run at (1,1) width 133: "colspan=2 width=400"
      RenderBlock {DIV} at (0,2054) size 406x7 [border: (3px solid #FF0000)]
      RenderTable {TABLE} at (0,2060) size 410x51
        RenderTableSection {TBODY} at (0,0) size 410x50
          RenderTableRow {TR} at (0,2) size 410x22
            RenderTableCell {TD} at (2,2) size 142x22 [bgcolor=#00FF00] [r=0 c=0 rs=1 cs=1]
              RenderText {#text} at (1,1) size 66x19
                text run at (1,1) width 66: "width=140"
            RenderTableCell {TD} at (146,2) size 262x22 [bgcolor=#FFFF00] [r=0 c=1 rs=1 cs=1]
              RenderText {#text} at (1,1) size 66x19
                text run at (1,1) width 66: "width=260"
          RenderTableRow {TR} at (0,26) size 410x22
            RenderTableCell {TD} at (2,26) size 406x22 [bgcolor=#FF00FF] [r=1 c=0 rs=1 cs=2]
              RenderText {#text} at (1,1) size 63x19
                text run at (1,1) width 63: "colspan=2"
      RenderBlock {DIV} at (0,2110) size 406x7 [border: (3px solid #FF0000)]
      RenderBlock {H3} at (0,2134) size 769x24
        RenderText {#text} at (0,0) size 38x22
          text run at (0,0) width 38: "50%"
      RenderBlock {DIV} at (0,2176) size 406x7 [border: (3px solid #FF0000)]
      RenderTable {TABLE} at (0,2182) size 573x51
        RenderTableSection {TBODY} at (0,0) size 573x50
          RenderTableRow {TR} at (0,2) size 573x22
            RenderTableCell {TD} at (2,2) size 284x22 [bgcolor=#00FF00] [r=0 c=0 rs=1 cs=1]
              RenderText {#text} at (1,1) size 71x19
                text run at (1,1) width 71: "width=50%"
            RenderTableCell {TD} at (287,2) size 284x22 [bgcolor=#FFFF00] [r=0 c=1 rs=1 cs=1]
              RenderText {#text} at (1,1) size 28x19
                text run at (1,1) width 28: "plain"
          RenderTableRow {TR} at (0,26) size 573x22
            RenderTableCell {TD} at (2,26) size 569x22 [bgcolor=#FF00FF] [r=1 c=0 rs=1 cs=2]
              RenderText {#text} at (1,1) size 133x19
                text run at (1,1) width 133: "colspan=2 width=400"
      RenderBlock {DIV} at (0,2232) size 406x7 [border: (3px solid #FF0000)]
      RenderTable {TABLE} at (0,2238) size 573x51
        RenderTableSection {TBODY} at (0,0) size 573x50
          RenderTableRow {TR} at (0,2) size 573x22
            RenderTableCell {TD} at (2,2) size 284x22 [bgcolor=#00FF00] [r=0 c=0 rs=1 cs=1]
              RenderText {#text} at (1,1) size 28x19
                text run at (1,1) width 28: "plain"
            RenderTableCell {TD} at (287,2) size 284x22 [bgcolor=#FFFF00] [r=0 c=1 rs=1 cs=1]
              RenderText {#text} at (1,1) size 71x19
                text run at (1,1) width 71: "width=50%"
          RenderTableRow {TR} at (0,26) size 573x22
            RenderTableCell {TD} at (2,26) size 569x22 [bgcolor=#FF00FF] [r=1 c=0 rs=1 cs=2]
              RenderText {#text} at (1,1) size 133x19
                text run at (1,1) width 133: "colspan=2 width=400"
      RenderBlock {DIV} at (0,2288) size 406x7 [border: (3px solid #FF0000)]
      RenderTable {TABLE} at (0,2294) size 406x51
        RenderTableSection {TBODY} at (0,0) size 406x50
          RenderTableRow {TR} at (0,2) size 406x22
            RenderTableCell {TD} at (2,2) size 200x22 [bgcolor=#00FF00] [r=0 c=0 rs=1 cs=1]
              RenderText {#text} at (1,1) size 71x19
                text run at (1,1) width 71: "width=50%"
            RenderTableCell {TD} at (204,2) size 200x22 [bgcolor=#FFFF00] [r=0 c=1 rs=1 cs=1]
              RenderText {#text} at (1,1) size 71x19
                text run at (1,1) width 71: "width=50%"
          RenderTableRow {TR} at (0,26) size 406x22
            RenderTableCell {TD} at (2,26) size 402x22 [bgcolor=#FF00FF] [r=1 c=0 rs=1 cs=2]
              RenderText {#text} at (1,1) size 133x19
                text run at (1,1) width 133: "colspan=2 width=400"
      RenderBlock {DIV} at (0,2344) size 406x7 [border: (3px solid #FF0000)]
      RenderTable {TABLE} at (0,2350) size 406x51
        RenderTableSection {TBODY} at (0,0) size 406x50
          RenderTableRow {TR} at (0,2) size 406x22
            RenderTableCell {TD} at (2,2) size 200x22 [bgcolor=#00FF00] [r=0 c=0 rs=1 cs=1]
              RenderText {#text} at (1,1) size 28x19
                text run at (1,1) width 28: "plain"
            RenderTableCell {TD} at (204,2) size 200x22 [bgcolor=#FFFF00] [r=0 c=1 rs=1 cs=1]
              RenderText {#text} at (1,1) size 28x19
                text run at (1,1) width 28: "plain"
          RenderTableRow {TR} at (0,26) size 406x22
            RenderTableCell {TD} at (2,26) size 402x22 [bgcolor=#FF00FF] [r=1 c=0 rs=1 cs=2]
              RenderText {#text} at (1,1) size 133x19
                text run at (1,1) width 133: "colspan=2 width=400"
      RenderBlock {DIV} at (0,2400) size 406x7 [border: (3px solid #FF0000)]
      RenderTable {TABLE} at (0,2406) size 410x51
        RenderTableSection {TBODY} at (0,0) size 410x50
          RenderTableRow {TR} at (0,2) size 410x22
            RenderTableCell {TD} at (2,2) size 202x22 [bgcolor=#00FF00] [r=0 c=0 rs=1 cs=1]
              RenderText {#text} at (1,1) size 66x19
                text run at (1,1) width 66: "width=200"
            RenderTableCell {TD} at (206,2) size 202x22 [bgcolor=#FFFF00] [r=0 c=1 rs=1 cs=1]
              RenderText {#text} at (1,1) size 66x19
                text run at (1,1) width 66: "width=200"
          RenderTableRow {TR} at (0,26) size 410x22
            RenderTableCell {TD} at (2,26) size 406x22 [bgcolor=#FF00FF] [r=1 c=0 rs=1 cs=2]
              RenderText {#text} at (1,1) size 63x19
                text run at (1,1) width 63: "colspan=2"
      RenderBlock {DIV} at (0,2456) size 406x7 [border: (3px solid #FF0000)]
