layer at (0,0) size 800x600
  RenderView at (0,0) size 800x600
layer at (0,0) size 800x600
  RenderBlock {HTML} at (0,0) size 800x600
    RenderBody {BODY} at (8,8) size 784x584
      RenderBlock {P} at (0,0) size 784x60
        RenderText {#text} at (0,0) size 768x39
          text run at (0,0) width 568: "This tests for a bug where images with align right/left would fail to be inserted on paste. "
          text run at (567,0) width 201: "You should see a picture of abe"
          text run at (0,20) width 315: "in the editable region below, aligned to the right. "
        RenderInline {B} at (0,0) size 741x39
          RenderText {#text} at (314,20) size 741x39
            text run at (314,20) width 427: "This demonstrates a bug: the focus halo for the editable region"
            text run at (0,40) width 333: "doesn't expand to fit an image with align='right'."
      RenderBlock {DIV} at (0,76) size 784x40
        RenderText {#text} at (0,0) size 725x39
          text run at (0,0) width 721: "Four score and seven years ago our fathers brought forth on this continent a new nation, conceived in liberty and"
          text run at (720,0) width 5: " "
          text run at (0,20) width 375: "dedicated to the proposition that all men are created equal."
