layer at (0,0) size 800x600
  RenderView at (0,0) size 800x600
layer at (0,0) size 800x600
  RenderBlock {HTML} at (0,0) size 800x600
    RenderBody {BODY} at (8,8) size 784x584
      RenderBlock {P} at (0,0) size 784x40
        RenderText {#text} at (0,0) size 784x39
          text run at (0,0) width 415: "This tests insertion before/after links that are also display:block. "
          text run at (414,0) width 370: "Insertion before/after display:block links should go inside"
          text run at (0,20) width 371: "the links so that text is inserted in the expected paragraph."
      RenderBlock {DIV} at (0,56) size 784x20
        RenderBlock {A} at (0,0) size 784x20 [color=#0000EE]
          RenderText {#text} at (0,0) size 36x19
            text run at (0,0) width 36: "all be"
