layer at (0,0) size 800x600
  RenderView at (0,0) size 800x600
layer at (0,0) size 800x600
  RenderBlock {HTML} at (0,0) size 800x600
    RenderBody {BODY} at (8,8) size 784x576
      RenderBlock {P} at (0,0) size 784x20
        RenderText {#text} at (0,0) size 667x19
          text run at (0,0) width 366: "This tests for a bug when replacing the contents of a list. "
          text run at (365,0) width 302: "The list shouldn't be removed, just its contents."
      RenderBlock {DIV} at (0,36) size 784x20
        RenderBlock {UL} at (0,0) size 784x20
          RenderListItem {LI} at (40,0) size 744x20
            RenderListMarker at (-18,0) size 7x19: bullet
            RenderText {#text} at (0,0) size 144x19
              text run at (0,0) width 144: "You shouldn't see this."
