layer at (0,0) size 800x600
  RenderView at (0,0) size 800x600
layer at (0,0) size 800x600
  RenderBlock {HTML} at (0,0) size 800x600
    RenderBody {BODY} at (8,8) size 784x576
      RenderBlock {P} at (0,0) size 784x20
        RenderText {#text} at (0,0) size 613x19
          text run at (0,0) width 613: "This tests to make sure that insertion over a fully selected special element doesn't do expansion."
      RenderBlock {DIV} at (0,36) size 784x20
        RenderBlock {UL} at (0,0) size 784x20
          RenderListItem {LI} at (40,0) size 744x20
            RenderListMarker at (-18,0) size 7x19: bullet
            RenderInline {A} at (0,0) size 22x19 [color=#0000EE]
              RenderText {#text} at (0,0) size 22x19
                text run at (0,0) width 22: "foo"
      RenderBlock {UL} at (0,72) size 784x0
