EDITING DELEGATE: shouldBeginEditingInDOMRange:range from 0 of BODY > HTML > #document to 6 of BODY > HTML > #document
EDITING DELEGATE: webViewDidBeginEditing:WebViewDidBeginEditingNotification
EDITING DELEGATE: webViewDidChangeSelection:WebViewDidChangeSelectionNotification
EDITING DELEGATE: shouldChangeSelectedDOMRange:range from 3 of #text > DIV > BODY > HTML > #document to 3 of #text > DIV > BODY > HTML > #document toDOMRange:range from 0 of DIV > BODY > HTML > #document to 0 of DIV > BODY > HTML > #document affinity:NSSelectionAffinityDownstream stillSelecting:FALSE
EDITING DELEGATE: webViewDidChangeSelection:WebViewDidChangeSelectionNotification
EDITING DELEGATE: webViewDidChangeSelection:WebViewDidChangeSelectionNotification
EDITING DELEGATE: webViewDidChangeSelection:WebViewDidChangeSelectionNotification
EDITING DELEGATE: webViewDidChangeSelection:WebViewDidChangeSelectionNotification
EDITING DELEGATE: webViewDidChangeSelection:WebViewDidChangeSelectionNotification
EDITING DELEGATE: webViewDidChangeSelection:WebViewDidChangeSelectionNotification
EDITING DELEGATE: webViewDidChangeSelection:WebViewDidChangeSelectionNotification
EDITING DELEGATE: webViewDidChangeSelection:WebViewDidChangeSelectionNotification
EDITING DELEGATE: webViewDidChange:WebViewDidChangeNotification
layer at (0,0) size 800x600
  RenderView at (0,0) size 800x600
layer at (0,0) size 800x600
  RenderBlock {HTML} at (0,0) size 800x600
    RenderBody {BODY} at (8,8) size 784x584
      RenderBlock (anonymous) at (0,0) size 784x60
        RenderText {#text} at (0,1) size 780x58
          text run at (0,1) width 774: "Test inserting paragraphs: should see two blue boxes, where the second blue box"
          text run at (773,1) width 7: " "
          text run at (0,31) width 242: "starts with an empty line."
      RenderBlock {DIV} at (0,60) size 784x36
      RenderBlock {DIV} at (0,96) size 784x116 [border: (2px solid #0000FF)]
        RenderBlock {DIV} at (14,14) size 756x58 [border: (2px solid #FF0000)]
          RenderText {#text} at (14,15) size 34x28
            text run at (14,15) width 34: "baz"
        RenderBlock (anonymous) at (14,72) size 756x30
          RenderText {#text} at (0,1) size 31x28
            text run at (0,1) width 31: "bar"
      RenderBlock {DIV} at (0,212) size 784x174 [border: (2px solid #0000FF)]
        RenderBlock (anonymous) at (14,14) size 756x30
          RenderBR {BR} at (0,1) size 0x28
        RenderBlock {DIV} at (14,44) size 756x58 [border: (2px solid #FF0000)]
          RenderText {#text} at (14,15) size 32x28
            text run at (14,15) width 32: "foo"
        RenderBlock {DIV} at (14,102) size 756x58 [border: (2px solid #FF0000)]
          RenderBR {BR} at (14,15) size 0x28
caret: position 0 of child 0 {BR} of child 4 {DIV} of body
