EDITING DELEGATE: shouldBeginEditingInDOMRange:range from 0 of BODY > HTML > #document to 8 of BODY > HTML > #document
EDITING DELEGATE: webViewDidBeginEditing:WebViewDidBeginEditingNotification
EDITING DELEGATE: webViewDidChangeSelection:WebViewDidChangeSelectionNotification
EDITING DELEGATE: shouldChangeSelectedDOMRange:range from 7 of BODY > HTML > #document to 7 of BODY > HTML > #document toDOMRange:range from 0 of DIV > BODY > HTML > #document to 0 of DIV > BODY > HTML > #document affinity:NSSelectionAffinityDownstream stillSelecting:FALSE
EDITING DELEGATE: webViewDidChangeSelection:WebViewDidChangeSelectionNotification
EDITING DELEGATE: webViewDidChangeSelection:WebViewDidChangeSelectionNotification
EDITING DELEGATE: webViewDidChangeSelection:WebViewDidChangeSelectionNotification
EDITING DELEGATE: webViewDidChangeSelection:WebViewDidChangeSelectionNotification
EDITING DELEGATE: webViewDidChangeSelection:WebViewDidChangeSelectionNotification
EDITING DELEGATE: webViewDidChangeSelection:WebViewDidChangeSelectionNotification
EDITING DELEGATE: webViewDidChange:WebViewDidChangeNotification
layer at (0,0) size 800x600
  RenderView at (0,0) size 800x600
layer at (0,0) size 800x600
  RenderBlock {HTML} at (0,0) size 800x600
    RenderBody {BODY} at (8,8) size 784x584
      RenderBlock (anonymous) at (0,0) size 784x60
        RenderText {#text} at (0,1) size 764x58
          text run at (0,1) width 758: "Test inserting paragraphs: should see a blue box with \"bar\" in it, and two blank"
          text run at (757,1) width 7: " "
          text run at (0,31) width 292: "lines between \"foo\" and \"bar\"."
      RenderBlock {DIV} at (0,60) size 784x36
      RenderBlock (anonymous) at (0,96) size 784x90
        RenderInline {SPAN} at (0,0) size 32x28
          RenderText {#text} at (0,1) size 32x28
            text run at (0,1) width 32: "foo"
        RenderBR {BR} at (31,23) size 1x0
        RenderBR {BR} at (0,31) size 0x28
        RenderBR {BR} at (0,61) size 0x28
      RenderBlock {DIV} at (0,186) size 784x58 [border: (2px solid #0000FF)]
        RenderText {#text} at (14,15) size 31x28
          text run at (14,15) width 31: "bar"
caret: position 0 of child 0 {#text} of child 7 {DIV} of body
