EDITING DELEGATE: shouldBeginEditingInDOMRange:range from 0 of DIV > BODY > HTML > #document to 3 of DIV > BODY > HTML > #document
EDITING DELEGATE: webViewDidBeginEditing:WebViewDidBeginEditingNotification
EDITING DELEGATE: webViewDidChangeSelection:WebViewDidChangeSelectionNotification
EDITING DELEGATE: webViewDidChangeSelection:WebViewDidChangeSelectionNotification
EDITING DELEGATE: webViewDidChangeSelection:WebViewDidChangeSelectionNotification
EDITING DELEGATE: webViewDidChange:WebViewDidChangeNotification
layer at (0,0) size 800x600
  RenderView at (0,0) size 800x600
layer at (0,0) size 800x600
  RenderBlock {HTML} at (0,0) size 800x600
    RenderBody {BODY} at (8,8) size 784x584
      RenderBlock {P} at (0,0) size 784x20
        RenderText {#text} at (0,0) size 593x19
          text run at (0,0) width 368: "Tests for a bug in the paragraph separator insertion code. "
          text run at (367,0) width 226: "Only one newline should be added."
      RenderBlock {DIV} at (0,36) size 784x60
        RenderBlock (anonymous) at (0,0) size 784x20
          RenderText {#text} at (0,0) size 22x19
            text run at (0,0) width 22: "foo"
          RenderBR {BR} at (21,15) size 1x0
        RenderBlock {DIV} at (0,20) size 784x20
          RenderBR {BR} at (0,0) size 0x19
        RenderBlock {DIV} at (0,40) size 784x20
          RenderText {#text} at (0,0) size 21x19
            text run at (0,0) width 21: "bar"
caret: position 0 of child 0 {#text} of child 3 {DIV} of child 2 {DIV} of body
