layer at (0,0) size 800x600
  RenderView at (0,0) size 800x600
layer at (0,0) size 800x134
  RenderBlock {HTML} at (0,0) size 800x134
    RenderBody {BODY} at (8,8) size 784x118
      RenderBlock (anonymous) at (0,0) size 784x18
        RenderText {#text} at (0,0) size 537x18
          text run at (0,0) width 304: "You should see a 100x100 green square below. "
          text run at (304,0) width 233: "If you see any red, the test has failed."
layer at (8,26) size 100x100 scrollHeight 200
  RenderBlock {DIV} at (0,18) size 100x100 [bgcolor=#008000]
    RenderBlock {DIV} at (0,100) size 100x100 [bgcolor=#FF0000]
