layer at (0,0) size 800x600
  RenderView at (0,0) size 800x600
layer at (0,0) size 800x600
  RenderBlock {HTML} at (0,0) size 800x600
    RenderBody {BODY} at (8,8) size 784x584
      RenderText {#text} at (0,0) size 462x18
        text run at (0,0) width 462: "The white text and grey backgrounds should all clip to the border-radius. "
      RenderBR {BR} at (462,14) size 0x0
      RenderText {#text} at (240,38) size 4x18
        text run at (240,38) width 4: " "
      RenderText {#text} at (484,38) size 4x18
        text run at (484,38) width 4: " "
      RenderText {#text} at (0,0) size 0x0
      RenderText {#text} at (0,0) size 0x0
      RenderText {#text} at (240,178) size 4x18
        text run at (240,178) width 4: " "
      RenderBR {BR} at (244,192) size 0x0
      RenderText {#text} at (0,0) size 0x0
layer at (18,36) size 220x120 clip at (28,46) size 200x100
  RenderBlock {DIV} at (10,28) size 220x120 [border: (10px solid #000000)]
    RenderBlock {DIV} at (10,10) size 200x100 [color=#FFFFFF] [bgcolor=#808080]
      RenderText {#text} at (0,0) size 81x18
        text run at (0,0) width 81: "static > static"
layer at (262,36) size 220x120 clip at (272,46) size 200x100
  RenderBlock {DIV} at (254,28) size 220x120 [border: (10px solid #000000)]
layer at (272,46) size 200x100
  RenderBlock (relative positioned) {DIV} at (10,10) size 200x100 [color=#FFFFFF] [bgcolor=#808080]
    RenderText {#text} at (0,0) size 95x18
      text run at (0,0) width 95: "static > relative"
layer at (506,36) size 220x120 clip at (516,46) size 200x100
  RenderBlock (relative positioned) {DIV} at (498,28) size 220x120 [border: (10px solid #000000)]
    RenderBlock {DIV} at (10,10) size 200x100 [color=#FFFFFF] [bgcolor=#808080]
      RenderText {#text} at (0,0) size 95x18
        text run at (0,0) width 95: "relative > static"
layer at (18,176) size 220x120 clip at (28,186) size 200x100
  RenderBlock (relative positioned) {DIV} at (10,168) size 220x120 [border: (10px solid #000000)]
layer at (28,186) size 200x100
  RenderBlock (relative positioned) {DIV} at (10,10) size 200x100 [color=#FFFFFF] [bgcolor=#808080]
    RenderText {#text} at (0,0) size 109x18
      text run at (0,0) width 109: "relative > relative"
layer at (18,316) size 220x120 clip at (28,326) size 200x100
  RenderBlock (relative positioned) {DIV} at (10,308) size 220x120 [border: (10px solid #000000)]
layer at (28,326) size 200x100
  RenderBlock (positioned) {DIV} at (10,10) size 200x100 [color=#FFFFFF] [bgcolor=#808080]
    RenderText {#text} at (0,0) size 115x18
      text run at (0,0) width 115: "relative > absolute"
