layer at (0,0) size 800x600
  RenderView at (0,0) size 800x600
layer at (0,0) size 800x212
  RenderBlock {HTML} at (0,0) size 800x212
    RenderBody {BODY} at (8,8) size 784x188
      RenderBlock (anonymous) at (0,0) size 784x154
        RenderEmbeddedObject {EMBED} at (0,0) size 300x150
        RenderText {#text} at (0,0) size 0x0
      RenderBlock {P} at (0,170) size 784x18
        RenderText {#text} at (0,0) size 514x18
          text run at (0,0) width 514: "This tests that the DrawsGradient plugin test fills its window with some gradients."
