layer at (0,0) size 800x600
  RenderView at (0,0) size 800x600
layer at (0,0) size 800x600
  RenderBlock {HTML} at (0,0) size 800x600
    RenderBody {BODY} at (8,20) size 784x564
      RenderBlock {DIV} at (20,0) size 260x180 [bgcolor=#0000807F]
        RenderText {#text} at (0,0) size 0x0
      RenderBlock {P} at (0,400) size 784x18
        RenderText {#text} at (0,0) size 242x18
          text run at (0,0) width 242: "Top and bottom should look the same."
layer at (28,220) size 260x180
  RenderVideo {VIDEO} at (20,200) size 260x180 [bgcolor=#0000807F]
layer at (58,20) size 200x180
  RenderImage {IMG} at (0,0) size 200x180
