layer at (0,0) size 800x600
  RenderView at (0,0) size 800x600
layer at (0,0) size 800x600
  RenderBlock {HTML} at (0,0) size 800x600
    RenderBody {BODY} at (8,8) size 784x576
      RenderBlock {FORM} at (0,0) size 784x88
        RenderTable {TABLE} at (0,0) size 342x88 [border: (1px outset #808080)]
          RenderTableSection {TBODY} at (1,1) size 340x86
            RenderTableRow {TR} at (0,2) size 340x82
              RenderTableCell {TD} at (2,2) size 336x82 [border: (1px inset #808080)] [r=0 c=0 rs=1 cs=1]
                RenderTable {TABLE} at (2,2) size 332x78 [border: (2px outset #808080)]
                  RenderTableSection {TBODY} at (2,2) size 328x74
                    RenderTableRow {TR} at (0,2) size 328x40
                      RenderTableCell {TD} at (2,2) size 94x40 [border: (1px inset #808080)] [r=0 c=0 rs=1 cs=1]
                        RenderText {#text} at (2,2) size 57x35
                          text run at (2,2) width 55: "Member"
                          text run at (2,20) width 57: "Number:"
                      RenderTableCell {TD} at (97,8) size 223x28 [border: (1px inset #808080)] [r=0 c=1 rs=1 cs=1]
                        RenderTextControl {INPUT} at (2,2) size 192x24 [bgcolor=#FFFFFF] [border: (2px inset #000000)]
                        RenderText {#text} at (0,0) size 0x0
                    RenderTableRow {TR} at (0,44) size 328x28
                      RenderTableCell {TD} at (2,47) size 94x22 [border: (1px inset #808080)] [r=1 c=0 rs=1 cs=1]
                        RenderText {#text} at (2,2) size 31x17
                          text run at (2,2) width 31: "PIN:"
                      RenderTableCell {TD} at (97,44) size 223x28 [border: (1px inset #808080)] [r=1 c=1 rs=1 cs=1]
                        RenderTextControl {INPUT} at (2,2) size 192x24 [bgcolor=#FFFFFF] [border: (2px inset #000000)]
                          RenderFlexibleBox {DIV} at (3,3) size 186x18
                            RenderBlock {DIV} at (0,0) size 186x18
                        RenderText {#text} at (0,0) size 0x0
                      RenderTableCell {TD} at (321,56) size 5x4 [border: (1px inset #808080)] [r=1 c=2 rs=1 cs=1]
layer at (118,28) size 186x18
  RenderBlock {DIV} at (3,3) size 186x18
layer at (118,64) size 186x18
  RenderBlock {DIV} at (0,0) size 186x18
