layer at (0,0) size 785x941
  RenderView at (0,0) size 785x600
layer at (0,0) size 785x941
  RenderBlock {HTML} at (0,0) size 785x942
    RenderBody {BODY} at (8,8) size 769x918 [bgcolor=#FFFFFF]
      RenderBlock {H1} at (0,0) size 769x37
        RenderText {#text} at (0,0) size 360x36
          text run at (0,0) width 360: "Tests de conformit\x{E9} CSS 2"
      RenderBlock {H3} at (0,58) size 769x24
        RenderText {#text} at (0,0) size 155x22
          text run at (0,0) width 155: "Tableaux, test 13.8"
      RenderBlock {H6} at (0,106) size 769x14
        RenderText {#text} at (0,0) size 125x13
          text run at (0,0) width 125: "\x{A9} \x{C9}ditions Eyrolles 1998"
      RenderTable {TABLE} at (192,144) size 577x49
        RenderTableSection {TBODY} at (0,0) size 577x48
          RenderTableRow {TR} at (0,2) size 577x20
            RenderTableCell {TD} at (2,2) size 573x20 [r=0 c=0 rs=1 cs=3]
              RenderBlock {HR} at (1,9) size 573x2 [bgcolor=#808080] [border: (1px solid #808080)]
          RenderTableRow {TR} at (0,24) size 577x22
            RenderTableCell {TD} at (2,24) size 143x22 [r=1 c=0 rs=1 cs=1]
              RenderInline {A} at (0,0) size 85x19 [color=#0000EE]
                RenderText {#text} at (1,1) size 85x19
                  text run at (1,1) width 85: "test pr\x{E9}c\x{E9}dent"
            RenderTableCell {TD} at (146,24) size 285x22 [r=1 c=1 rs=1 cs=1]
              RenderInline {B} at (0,0) size 130x19
                RenderText {#text} at (77,1) size 130x19
                  text run at (77,1) width 130: "Cadres de tableaux"
            RenderTableCell {TD} at (432,24) size 143x22 [r=1 c=2 rs=1 cs=1]
              RenderInline {A} at (0,0) size 67x19 [color=#0000EE]
                RenderText {#text} at (75,1) size 67x19
                  text run at (75,1) width 67: "test suivant"
      RenderBlock {P} at (0,144) size 769x21
        RenderText {#text} at (0,0) size 4x19
          text run at (0,0) width 4: " "
      RenderBlock {P} at (0,180) size 769x21
        RenderText {#text} at (0,0) size 4x19
          text run at (0,0) width 4: " "
      RenderBlock {P} at (0,216) size 769x21
        RenderText {#text} at (0,0) size 360x19
          text run at (0,0) width 360: "Ce test v\x{E9}rifie que les cadres s'appliquent bien aux tableaux."
      RenderBlock {PRE} at (0,252) size 769x193
        RenderText {#text} at (0,0) size 576x192
          text run at (0,0) width 472: ".firsttable { border-width : 10pt ; border-color : yellow ;"
          text run at (0,16) width 312: "                border-style : double }"
          text run at (0,32) width 416: ".t1 { border-color : black ; border-style : double ;"
          text run at (0,48) width 288: "                border-width : 5pt }"
          text run at (0,64) width 392: ".t2 { border-color : red ; border-style : solid ;"
          text run at (0,80) width 296: "                border-width : 5pt  }"
          text run at (0,96) width 408: ".t3 { border-color : lime ; border-style : groove ;"
          text run at (0,112) width 296: "                border-width : 5pt  }"
          text run at (0,128) width 576: ".t4 { border-color : blue ; border-style : inset ; border-width : 5pt  }"
          text run at (0,144) width 480: ".secondtable { border-width : 10pt ; border-color : yellow ;"
          text run at (0,160) width 312: "                border-style : double ;"
          text run at (0,176) width 352: "                border-collapse : collapse }"
      RenderTable {TABLE} at (96,457) size 577x137 [border: (13px double #FFFF00)]
        RenderTableSection {TBODY} at (13,13) size 551x110
          RenderTableRow {TR} at (0,2) size 551x34
            RenderTableCell {TD} at (2,2) size 181x34 [border: (6px double #000000)] [r=0 c=0 rs=1 cs=1]
              RenderText {#text} at (7,7) size 8x19
                text run at (7,7) width 8: "1"
            RenderTableCell {TD} at (184,2) size 182x34 [border: (6px solid #FF0000)] [r=0 c=1 rs=1 cs=1]
              RenderText {#text} at (7,7) size 8x19
                text run at (7,7) width 8: "2"
            RenderTableCell {TD} at (367,2) size 182x34 [border: (6px groove #00FF00)] [r=0 c=2 rs=1 cs=1]
              RenderText {#text} at (7,7) size 8x19
                text run at (7,7) width 8: "3"
          RenderTableRow {TR} at (0,38) size 551x34
            RenderTableCell {TD} at (2,38) size 181x34 [border: (6px inset #0000FF)] [r=1 c=0 rs=1 cs=1]
              RenderText {#text} at (7,7) size 8x19
                text run at (7,7) width 8: "4"
            RenderTableCell {TD} at (184,38) size 182x34 [border: (6px double #000000)] [r=1 c=1 rs=1 cs=1]
              RenderText {#text} at (7,7) size 8x19
                text run at (7,7) width 8: "5"
            RenderTableCell {TD} at (367,38) size 182x34 [border: (6px solid #FF0000)] [r=1 c=2 rs=1 cs=1]
              RenderText {#text} at (7,7) size 8x19
                text run at (7,7) width 8: "6"
          RenderTableRow {TR} at (0,74) size 551x34
            RenderTableCell {TD} at (2,74) size 181x34 [border: (6px groove #00FF00)] [r=2 c=0 rs=1 cs=1]
              RenderText {#text} at (7,7) size 8x19
                text run at (7,7) width 8: "7"
            RenderTableCell {TD} at (184,74) size 182x34 [border: (6px inset #0000FF)] [r=2 c=1 rs=1 cs=1]
              RenderText {#text} at (7,7) size 8x19
                text run at (7,7) width 8: "8"
            RenderTableCell {TD} at (367,74) size 182x34 [border: (6px double #000000)] [r=2 c=2 rs=1 cs=1]
              RenderText {#text} at (7,7) size 8x19
                text run at (7,7) width 8: "9"
      RenderBlock (anonymous) at (0,593) size 769x21
        RenderBR {BR} at (0,0) size 0x19
      RenderTable {TABLE} at (96,613) size 577x105 [border: (6px double #FFFF00)]
        RenderTableSection {TBODY} at (6,6) size 564x91
          RenderTableRow {TR} at (0,0) size 564x32
            RenderTableCell {TD} at (0,0) size 205x32 [border: (7px double #000000)] [r=0 c=0 rs=1 cs=1]
              RenderText {#text} at (8,8) size 8x19
                text run at (8,8) width 8: "1"
            RenderTableCell {TD} at (205,0) size 164x32 [border: (7px solid #FF0000)] [r=0 c=1 rs=1 cs=1]
              RenderText {#text} at (4,8) size 8x19
                text run at (4,8) width 8: "2"
            RenderTableCell {TD} at (369,0) size 195x32 [border: (7px groove #00FF00)] [r=0 c=2 rs=1 cs=1]
              RenderText {#text} at (4,8) size 8x19
                text run at (4,8) width 8: "3"
          RenderTableRow {TR} at (0,32) size 564x28
            RenderTableCell {TD} at (0,32) size 205x28 [border: (3px inset #0000FF)] [r=1 c=0 rs=1 cs=1]
              RenderText {#text} at (8,4) size 8x19
                text run at (8,4) width 8: "4"
            RenderTableCell {TD} at (205,32) size 164x28 [border: (3px double #000000)] [r=1 c=1 rs=1 cs=1]
              RenderText {#text} at (4,4) size 8x19
                text run at (4,4) width 8: "5"
            RenderTableCell {TD} at (369,32) size 195x28 [border: (3px solid #FF0000)] [r=1 c=2 rs=1 cs=1]
              RenderText {#text} at (4,4) size 8x19
                text run at (4,4) width 8: "6"
          RenderTableRow {TR} at (0,60) size 564x31
            RenderTableCell {TD} at (0,60) size 205x31 [border: (3px groove #00FF00)] [r=2 c=0 rs=1 cs=1]
              RenderText {#text} at (8,4) size 8x19
                text run at (8,4) width 8: "7"
            RenderTableCell {TD} at (205,60) size 164x31 [border: (3px inset #0000FF)] [r=2 c=1 rs=1 cs=1]
              RenderText {#text} at (4,4) size 8x19
                text run at (4,4) width 8: "8"
            RenderTableCell {TD} at (369,60) size 195x31 [border: (3px double #000000)] [r=2 c=2 rs=1 cs=1]
              RenderText {#text} at (4,4) size 8x19
                text run at (4,4) width 8: "9"
      RenderBlock {P} at (0,733) size 769x41
        RenderText {#text} at (0,0) size 767x39
          text run at (0,0) width 289: "Si toutes les conditions exprim\x{E9}es par les r\x{E8}gles "
          text run at (289,0) width 478: "CSS ci-dessus se retrouvent dans le formatage des tableaux ci-dessus, la valeur"
          text run at (0,20) width 157: "de ce test est 2 et 0 sinon."
      RenderTable {TABLE} at (192,789) size 577x49
        RenderTableSection {TBODY} at (0,0) size 577x48
          RenderTableRow {TR} at (0,2) size 577x20
            RenderTableCell {TD} at (2,2) size 573x20 [r=0 c=0 rs=1 cs=3]
              RenderBlock {HR} at (1,9) size 573x2 [bgcolor=#808080] [border: (1px solid #808080)]
          RenderTableRow {TR} at (0,24) size 577x22
            RenderTableCell {TD} at (2,24) size 143x22 [r=1 c=0 rs=1 cs=1]
              RenderText {#text} at (1,1) size 85x19
                text run at (1,1) width 85: "test pr\x{E9}c\x{E9}dent"
            RenderTableCell {TD} at (146,24) size 285x22 [r=1 c=1 rs=1 cs=1]
              RenderInline {B} at (0,0) size 130x19
                RenderText {#text} at (77,1) size 130x19
                  text run at (77,1) width 130: "Cadres de tableaux"
            RenderTableCell {TD} at (432,24) size 143x22 [r=1 c=2 rs=1 cs=1]
              RenderInline {A} at (0,0) size 67x19 [color=#0000EE]
                RenderText {#text} at (75,1) size 67x19
                  text run at (75,1) width 67: "test suivant"
      RenderBlock {P} at (0,789) size 769x21
        RenderText {#text} at (0,0) size 4x19
          text run at (0,0) width 4: " "
      RenderBlock {P} at (0,825) size 769x21
        RenderText {#text} at (0,0) size 4x19
          text run at (0,0) width 4: " "
      RenderBlock {P} at (0,861) size 769x21
        RenderText {#text} at (0,0) size 4x19
          text run at (0,0) width 4: " "
      RenderBlock {P} at (0,897) size 769x21
        RenderText {#text} at (0,0) size 150x19
          text run at (0,0) width 150: "Auteur : Daniel Glazman."
