layer at (0,0) size 800x600
  RenderView at (0,0) size 800x600
layer at (0,0) size 800x600
  RenderBlock {HTML} at (0,0) size 800x600
    RenderBody {BODY} at (8,8) size 784x576
      RenderTable {TABLE} at (0,0) size 784x82 [bgcolor=#CCCCCC] [border: (1px solid #FF0000)]
        RenderTableSection {TBODY} at (1,1) size 782x80
          RenderTableRow {TR} at (0,2) size 782x24
            RenderTableCell {TD} at (2,2) size 150x24 [border: (1px solid #FF0000)] [r=0 c=0 rs=2 cs=1]
              RenderText {#text} at (2,2) size 4x19
                text run at (2,2) width 4: " "
            RenderTableCell {TD} at (153,2) size 325x24 [border: (1px solid #FF0000)] [r=0 c=1 rs=1 cs=6]
              RenderText {#text} at (2,2) size 4x19
                text run at (2,2) width 4: " "
            RenderTableCell {TD} at (479,2) size 150x24 [border: (1px solid #FF0000)] [r=0 c=7 rs=1 cs=1]
              RenderText {#text} at (2,2) size 4x19
                text run at (2,2) width 4: " "
            RenderTableCell {TD} at (630,2) size 151x24 [border: (1px solid #FF0000)] [r=0 c=8 rs=2 cs=1]
              RenderText {#text} at (2,2) size 4x19
                text run at (2,2) width 4: " "
          RenderTableRow {TR} at (0,28) size 782x24
            RenderTableCell {TD} at (153,28) size 171x24 [border: (1px solid #FF0000)] [r=1 c=1 rs=1 cs=3]
              RenderText {#text} at (2,2) size 94x19
                text run at (2,2) width 94: "Find a Business"
            RenderTableCell {TD} at (325,28) size 153x24 [border: (1px solid #FF0000)] [r=1 c=4 rs=1 cs=3]
              RenderText {#text} at (2,2) size 76x19
                text run at (2,2) width 76: "What's New"
            RenderTableCell {TD} at (479,28) size 150x24 [border: (1px solid #FF0000)] [r=1 c=7 rs=1 cs=1]
              RenderText {#text} at (2,2) size 72x19
                text run at (2,2) width 72: "Search Tips"
          RenderTableRow {TR} at (0,54) size 782x24
            RenderTableCell {TD} at (2,54) size 779x24 [border: (1px solid #FF0000)] [r=2 c=0 rs=1 cs=9]
              RenderText {#text} at (2,2) size 4x19
                text run at (2,2) width 4: " "
      RenderBlock {P} at (0,98) size 784x40
        RenderText {#text} at (0,0) size 759x39
          text run at (0,0) width 759: "bug #17826 : Drag the right edge of the window and either widen or narrow the window; the column widths should oscillate as"
          text run at (0,20) width 318: "you resize the window (tested 1999122008 WinNT)"
