layer at (0,0) size 785x736
  RenderView at (0,0) size 785x600
layer at (0,0) size 785x736
  RenderBlock {HTML} at (0,0) size 785x736
    RenderBody {BODY} at (8,8) size 769x720
      RenderTable {TABLE} at (0,0) size 769x720
        RenderTableSection {TBODY} at (0,0) size 769x720
          RenderTableRow {TR} at (0,0) size 769x360
            RenderTableCell {TD} at (0,0) size 249x360 [r=0 c=0 rs=1 cs=1]
              RenderTable {TABLE} at (0,0) size 249x360
                RenderTableSection {THEAD} at (0,0) size 249x20
                  RenderTableRow {TR} at (0,0) size 249x20
                    RenderTableCell {TH} at (0,0) size 249x20 [r=0 c=0 rs=1 cs=1]
                      RenderText {#text} at (87,0) size 75x19
                        text run at (87,0) width 75: "Header 1/1"
                RenderTableSection {TBODY} at (0,20) size 249x340
                  RenderTableRow {TR} at (0,0) size 249x340
                    RenderTableCell {TD} at (0,0) size 249x340 [r=0 c=0 rs=1 cs=1]
                      RenderText {#text} at (0,0) size 246x339
                        text run at (0,0) width 242: "1 2 3 - - - - - - - - - - - - - - - - - - - - -"
                        text run at (0,20) width 246: "- - - - - - - - - - - - - - - - - - - - - - - - -"
                        text run at (0,40) width 246: "- - - - - - - - - - - - - - - - - - - - - - - - -"
                        text run at (0,60) width 246: "- - - - - - - - - - - - - - - - - - - - - - - - -"
                        text run at (0,80) width 246: "- - - - - - - - - - - - - - - - - - - - - - - - -"
                        text run at (0,100) width 246: "- - - - - - - - - - - - - - - - - - - - - - - - -"
                        text run at (0,120) width 246: "- - - - - - - - - - - - - - - - - - - - - - - - -"
                        text run at (0,140) width 246: "- - - - - - - - - - - - - - - - - - - - - - - - -"
                        text run at (0,160) width 110: "- - - - - - - - - - - "
                        text run at (110,160) width 136: "- - - - - - - - - - - - - -"
                        text run at (0,180) width 246: "- - - - - - - - - - - - - - - - - - - - - - - - -"
                        text run at (0,200) width 246: "- - - - - - - - - - - - - - - - - - - - - - - - -"
                        text run at (0,220) width 246: "- - - - - - - - - - - - - - - - - - - - - - - - -"
                        text run at (0,240) width 246: "- - - - - - - - - - - - - - - - - - - - - - - - -"
                        text run at (0,260) width 246: "- - - - - - - - - - - - - - - - - - - - - - - - -"
                        text run at (0,280) width 246: "- - - - - - - - - - - - - - - - - - - - - - - - -"
                        text run at (0,300) width 246: "- - - - - - - - - - - - - - - - - - - - - - - - -"
                        text run at (0,320) width 206: "- - - - - - - - - - - - - - - - - - - - -"
            RenderTableCell {TD} at (248,0) size 298x360 [r=0 c=1 rs=1 cs=1]
              RenderTable {TABLE} at (0,0) size 298x360
                RenderTableSection {THEAD} at (0,0) size 298x20
                  RenderTableRow {TR} at (0,0) size 298x20
                    RenderTableCell {TH} at (0,0) size 298x20 [r=0 c=0 rs=1 cs=1]
                      RenderText {#text} at (111,0) size 75x19
                        text run at (111,0) width 75: "Header 2/1"
                RenderTableSection {TBODY} at (0,20) size 298x340
                  RenderTableRow {TR} at (0,0) size 298x340
                    RenderTableCell {TD} at (0,0) size 298x340 [r=0 c=0 rs=1 cs=1]
                      RenderText {#text} at (0,0) size 296x339
                        text run at (0,0) width 296: "1 2 3 # # # # # # # # # # # # # # # # # # # # # #"
                        text run at (0,20) width 296: "# # # # # # # # # # # # # # # # # # # # # # # # #"
                        text run at (0,40) width 296: "# # # # # # # # # # # # # # # # # # # # # # # # #"
                        text run at (0,60) width 296: "# # # # # # # # # # # # # # # # # # # # # # # # #"
                        text run at (0,80) width 296: "# # # # # # # # # # # # # # # # # # # # # # # # #"
                        text run at (0,100) width 296: "# # # # # # # # # # # # # # # # # # # # # # # # #"
                        text run at (0,120) width 296: "# # # # # # # # # # # # # # # # # # # # # # # # #"
                        text run at (0,140) width 296: "# # # # # # # # # # # # # # # # # # # # # # # # #"
                        text run at (0,160) width 120: "# # # # # # # # # # "
                        text run at (120,160) width 176: "# # # # # # # # # # # # # # #"
                        text run at (0,180) width 296: "# # # # # # # # # # # # # # # # # # # # # # # # #"
                        text run at (0,200) width 296: "# # # # # # # # # # # # # # # # # # # # # # # # #"
                        text run at (0,220) width 296: "# # # # # # # # # # # # # # # # # # # # # # # # #"
                        text run at (0,240) width 296: "# # # # # # # # # # # # # # # # # # # # # # # # #"
                        text run at (0,260) width 296: "# # # # # # # # # # # # # # # # # # # # # # # # #"
                        text run at (0,280) width 296: "# # # # # # # # # # # # # # # # # # # # # # # # #"
                        text run at (0,300) width 296: "# # # # # # # # # # # # # # # # # # # # # # # # #"
                        text run at (0,320) width 236: "# # # # # # # # # # # # # # # # # # # #"
            RenderTableCell {TD} at (545,0) size 225x360 [r=0 c=2 rs=1 cs=1]
              RenderTable {TABLE} at (0,0) size 224x360
                RenderTableSection {THEAD} at (0,0) size 224x20
                  RenderTableRow {TR} at (0,0) size 224x20
                    RenderTableCell {TH} at (0,0) size 224x20 [r=0 c=0 rs=1 cs=1]
                      RenderText {#text} at (74,0) size 75x19
                        text run at (74,0) width 75: "Header 3/1"
                RenderTableSection {TBODY} at (0,20) size 224x340
                  RenderTableRow {TR} at (0,0) size 224x340
                    RenderTableCell {TD} at (0,0) size 224x340 [r=0 c=0 rs=1 cs=1]
                      RenderText {#text} at (0,0) size 221x339
                        text run at (0,0) width 221: "1 2 3 ! ! ! ! ! ! ! ! ! ! ! ! ! ! ! ! ! ! ! ! !"
                        text run at (0,20) width 221: "! ! ! ! ! ! ! ! ! ! ! ! ! ! ! ! ! ! ! ! ! ! ! ! !"
                        text run at (0,40) width 221: "! ! ! ! ! ! ! ! ! ! ! ! ! ! ! ! ! ! ! ! ! ! ! ! !"
                        text run at (0,60) width 221: "! ! ! ! ! ! ! ! ! ! ! ! ! ! ! ! ! ! ! ! ! ! ! ! !"
                        text run at (0,80) width 221: "! ! ! ! ! ! ! ! ! ! ! ! ! ! ! ! ! ! ! ! ! ! ! ! !"
                        text run at (0,100) width 221: "! ! ! ! ! ! ! ! ! ! ! ! ! ! ! ! ! ! ! ! ! ! ! ! !"
                        text run at (0,120) width 221: "! ! ! ! ! ! ! ! ! ! ! ! ! ! ! ! ! ! ! ! ! ! ! ! !"
                        text run at (0,140) width 221: "! ! ! ! ! ! ! ! ! ! ! ! ! ! ! ! ! ! ! ! ! ! ! ! !"
                        text run at (0,160) width 99: "! ! ! ! ! ! ! ! ! ! ! "
                        text run at (99,160) width 122: "! ! ! ! ! ! ! ! ! ! ! ! ! !"
                        text run at (0,180) width 221: "! ! ! ! ! ! ! ! ! ! ! ! ! ! ! ! ! ! ! ! ! ! ! ! !"
                        text run at (0,200) width 221: "! ! ! ! ! ! ! ! ! ! ! ! ! ! ! ! ! ! ! ! ! ! ! ! !"
                        text run at (0,220) width 221: "! ! ! ! ! ! ! ! ! ! ! ! ! ! ! ! ! ! ! ! ! ! ! ! !"
                        text run at (0,240) width 221: "! ! ! ! ! ! ! ! ! ! ! ! ! ! ! ! ! ! ! ! ! ! ! ! !"
                        text run at (0,260) width 221: "! ! ! ! ! ! ! ! ! ! ! ! ! ! ! ! ! ! ! ! ! ! ! ! !"
                        text run at (0,280) width 221: "! ! ! ! ! ! ! ! ! ! ! ! ! ! ! ! ! ! ! ! ! ! ! ! !"
                        text run at (0,300) width 221: "! ! ! ! ! ! ! ! ! ! ! ! ! ! ! ! ! ! ! ! ! ! ! ! !"
                        text run at (0,320) width 185: "! ! ! ! ! ! ! ! ! ! ! ! ! ! ! ! ! ! ! ! !"
            RenderTableCell {TD} at (769,0) size 0x0 [r=0 c=3 rs=1 cs=1]
          RenderTableRow {TR} at (0,360) size 769x360
            RenderTableCell {TD} at (0,360) size 249x360 [r=1 c=0 rs=1 cs=1]
              RenderTable {TABLE} at (0,0) size 249x360
                RenderTableSection {THEAD} at (0,0) size 249x20
                  RenderTableRow {TR} at (0,0) size 249x20
                    RenderTableCell {TH} at (0,0) size 249x20 [r=0 c=0 rs=1 cs=1]
                      RenderText {#text} at (87,0) size 75x19
                        text run at (87,0) width 75: "Header 1/2"
                RenderTableSection {TBODY} at (0,20) size 249x340
                  RenderTableRow {TR} at (0,0) size 249x340
                    RenderTableCell {TD} at (0,0) size 249x340 [r=0 c=0 rs=1 cs=1]
                      RenderText {#text} at (0,0) size 246x339
                        text run at (0,0) width 242: "1 2 3 - - - - - - - - - - - - - - - - - - - - -"
                        text run at (0,20) width 246: "- - - - - - - - - - - - - - - - - - - - - - - - -"
                        text run at (0,40) width 246: "- - - - - - - - - - - - - - - - - - - - - - - - -"
                        text run at (0,60) width 246: "- - - - - - - - - - - - - - - - - - - - - - - - -"
                        text run at (0,80) width 246: "- - - - - - - - - - - - - - - - - - - - - - - - -"
                        text run at (0,100) width 246: "- - - - - - - - - - - - - - - - - - - - - - - - -"
                        text run at (0,120) width 246: "- - - - - - - - - - - - - - - - - - - - - - - - -"
                        text run at (0,140) width 246: "- - - - - - - - - - - - - - - - - - - - - - - - -"
                        text run at (0,160) width 110: "- - - - - - - - - - - "
                        text run at (110,160) width 136: "- - - - - - - - - - - - - -"
                        text run at (0,180) width 246: "- - - - - - - - - - - - - - - - - - - - - - - - -"
                        text run at (0,200) width 246: "- - - - - - - - - - - - - - - - - - - - - - - - -"
                        text run at (0,220) width 246: "- - - - - - - - - - - - - - - - - - - - - - - - -"
                        text run at (0,240) width 246: "- - - - - - - - - - - - - - - - - - - - - - - - -"
                        text run at (0,260) width 246: "- - - - - - - - - - - - - - - - - - - - - - - - -"
                        text run at (0,280) width 246: "- - - - - - - - - - - - - - - - - - - - - - - - -"
                        text run at (0,300) width 246: "- - - - - - - - - - - - - - - - - - - - - - - - -"
                        text run at (0,320) width 206: "- - - - - - - - - - - - - - - - - - - - -"
            RenderTableCell {TD} at (248,360) size 298x360 [r=1 c=1 rs=1 cs=1]
              RenderTable {TABLE} at (0,0) size 298x360
                RenderTableSection {THEAD} at (0,0) size 298x20
                  RenderTableRow {TR} at (0,0) size 298x20
                    RenderTableCell {TH} at (0,0) size 298x20 [r=0 c=0 rs=1 cs=1]
                      RenderText {#text} at (111,0) size 75x19
                        text run at (111,0) width 75: "Header 2/2"
                RenderTableSection {TBODY} at (0,20) size 298x340
                  RenderTableRow {TR} at (0,0) size 298x340
                    RenderTableCell {TD} at (0,0) size 298x340 [r=0 c=0 rs=1 cs=1]
                      RenderText {#text} at (0,0) size 296x339
                        text run at (0,0) width 296: "1 2 3 # # # # # # # # # # # # # # # # # # # # # #"
                        text run at (0,20) width 296: "# # # # # # # # # # # # # # # # # # # # # # # # #"
                        text run at (0,40) width 296: "# # # # # # # # # # # # # # # # # # # # # # # # #"
                        text run at (0,60) width 296: "# # # # # # # # # # # # # # # # # # # # # # # # #"
                        text run at (0,80) width 296: "# # # # # # # # # # # # # # # # # # # # # # # # #"
                        text run at (0,100) width 296: "# # # # # # # # # # # # # # # # # # # # # # # # #"
                        text run at (0,120) width 296: "# # # # # # # # # # # # # # # # # # # # # # # # #"
                        text run at (0,140) width 296: "# # # # # # # # # # # # # # # # # # # # # # # # #"
                        text run at (0,160) width 120: "# # # # # # # # # # "
                        text run at (120,160) width 176: "# # # # # # # # # # # # # # #"
                        text run at (0,180) width 296: "# # # # # # # # # # # # # # # # # # # # # # # # #"
                        text run at (0,200) width 296: "# # # # # # # # # # # # # # # # # # # # # # # # #"
                        text run at (0,220) width 296: "# # # # # # # # # # # # # # # # # # # # # # # # #"
                        text run at (0,240) width 296: "# # # # # # # # # # # # # # # # # # # # # # # # #"
                        text run at (0,260) width 296: "# # # # # # # # # # # # # # # # # # # # # # # # #"
                        text run at (0,280) width 296: "# # # # # # # # # # # # # # # # # # # # # # # # #"
                        text run at (0,300) width 296: "# # # # # # # # # # # # # # # # # # # # # # # # #"
                        text run at (0,320) width 236: "# # # # # # # # # # # # # # # # # # # #"
            RenderTableCell {TD} at (545,360) size 225x360 [r=1 c=2 rs=1 cs=1]
              RenderTable {TABLE} at (0,0) size 224x360
                RenderTableSection {THEAD} at (0,0) size 224x20
                  RenderTableRow {TR} at (0,0) size 224x20
                    RenderTableCell {TH} at (0,0) size 224x20 [r=0 c=0 rs=1 cs=1]
                      RenderText {#text} at (74,0) size 75x19
                        text run at (74,0) width 75: "Header 3/2"
                RenderTableSection {TBODY} at (0,20) size 224x340
                  RenderTableRow {TR} at (0,0) size 224x340
                    RenderTableCell {TD} at (0,0) size 224x340 [r=0 c=0 rs=1 cs=1]
                      RenderText {#text} at (0,0) size 221x339
                        text run at (0,0) width 221: "1 2 3 ! ! ! ! ! ! ! ! ! ! ! ! ! ! ! ! ! ! ! ! !"
                        text run at (0,20) width 221: "! ! ! ! ! ! ! ! ! ! ! ! ! ! ! ! ! ! ! ! ! ! ! ! !"
                        text run at (0,40) width 221: "! ! ! ! ! ! ! ! ! ! ! ! ! ! ! ! ! ! ! ! ! ! ! ! !"
                        text run at (0,60) width 221: "! ! ! ! ! ! ! ! ! ! ! ! ! ! ! ! ! ! ! ! ! ! ! ! !"
                        text run at (0,80) width 221: "! ! ! ! ! ! ! ! ! ! ! ! ! ! ! ! ! ! ! ! ! ! ! ! !"
                        text run at (0,100) width 221: "! ! ! ! ! ! ! ! ! ! ! ! ! ! ! ! ! ! ! ! ! ! ! ! !"
                        text run at (0,120) width 221: "! ! ! ! ! ! ! ! ! ! ! ! ! ! ! ! ! ! ! ! ! ! ! ! !"
                        text run at (0,140) width 221: "! ! ! ! ! ! ! ! ! ! ! ! ! ! ! ! ! ! ! ! ! ! ! ! !"
                        text run at (0,160) width 99: "! ! ! ! ! ! ! ! ! ! ! "
                        text run at (99,160) width 122: "! ! ! ! ! ! ! ! ! ! ! ! ! !"
                        text run at (0,180) width 221: "! ! ! ! ! ! ! ! ! ! ! ! ! ! ! ! ! ! ! ! ! ! ! ! !"
                        text run at (0,200) width 221: "! ! ! ! ! ! ! ! ! ! ! ! ! ! ! ! ! ! ! ! ! ! ! ! !"
                        text run at (0,220) width 221: "! ! ! ! ! ! ! ! ! ! ! ! ! ! ! ! ! ! ! ! ! ! ! ! !"
                        text run at (0,240) width 221: "! ! ! ! ! ! ! ! ! ! ! ! ! ! ! ! ! ! ! ! ! ! ! ! !"
                        text run at (0,260) width 221: "! ! ! ! ! ! ! ! ! ! ! ! ! ! ! ! ! ! ! ! ! ! ! ! !"
                        text run at (0,280) width 221: "! ! ! ! ! ! ! ! ! ! ! ! ! ! ! ! ! ! ! ! ! ! ! ! !"
                        text run at (0,300) width 221: "! ! ! ! ! ! ! ! ! ! ! ! ! ! ! ! ! ! ! ! ! ! ! ! !"
                        text run at (0,320) width 185: "! ! ! ! ! ! ! ! ! ! ! ! ! ! ! ! ! ! ! ! !"
