layer at (0,0) size 800x600
  RenderView at (0,0) size 800x600
layer at (0,0) size 800x461
  RenderBlock {HTML} at (0,0) size 800x461
    RenderBody {BODY} at (8,8) size 784x445
      RenderBlock {HR} at (0,0) size 784x2 [border: (1px inset #000000)]
      RenderBlock {H3} at (0,20) size 784x24
        RenderText {#text} at (0,0) size 62x22
          text run at (0,0) width 62: "Table 1"
      RenderBlock {PRE} at (0,62) size 784x65
        RenderText {#text} at (0,0) size 224x64
          text run at (0,0) width 224: "<TABLE width=\"500\" border=1>"
          text run at (0,16) width 168: "<COLGROUP width=\"1*\">"
          text run at (0,32) width 168: "<COLGROUP width=\"1*\">"
          text run at (0,48) width 168: "<COLGROUP width=\"3*\">"
      RenderTable {TABLE} at (0,139) size 500x83 [border: (1px outset #808080)]
        RenderTableCol {COLGROUP} at (0,0) size 0x0
        RenderTableCol {COLGROUP} at (0,0) size 0x0
        RenderTableCol {COLGROUP} at (0,0) size 0x0
        RenderTableSection {TBODY} at (1,1) size 498x80
          RenderTableRow {TR} at (0,2) size 498x24
            RenderTableCell {TD} at (2,2) size 164x24 [border: (1px inset #808080)] [r=0 c=0 rs=1 cs=1]
              RenderText {#text} at (2,2) size 39x19
                text run at (2,2) width 39: "Cell A"
            RenderTableCell {TD} at (167,2) size 164x24 [border: (1px inset #808080)] [r=0 c=1 rs=1 cs=1]
              RenderText {#text} at (2,2) size 38x19
                text run at (2,2) width 38: "Cell B"
            RenderTableCell {TD} at (332,2) size 165x24 [border: (1px inset #808080)] [r=0 c=2 rs=1 cs=1]
              RenderText {#text} at (2,2) size 39x19
                text run at (2,2) width 39: "Cell C"
          RenderTableRow {TR} at (0,28) size 498x24
            RenderTableCell {TD} at (2,28) size 164x24 [border: (1px inset #808080)] [r=1 c=0 rs=1 cs=1]
              RenderText {#text} at (2,2) size 39x19
                text run at (2,2) width 39: "Cell D"
            RenderTableCell {TD} at (167,28) size 164x24 [border: (1px inset #808080)] [r=1 c=1 rs=1 cs=1]
              RenderText {#text} at (2,2) size 37x19
                text run at (2,2) width 37: "Cell E"
            RenderTableCell {TD} at (332,28) size 165x24 [border: (1px inset #808080)] [r=1 c=2 rs=1 cs=1]
              RenderText {#text} at (2,2) size 37x19
                text run at (2,2) width 37: "Cell F"
          RenderTableRow {TR} at (0,54) size 498x24
            RenderTableCell {TD} at (2,54) size 164x24 [border: (1px inset #808080)] [r=2 c=0 rs=1 cs=1]
              RenderText {#text} at (2,2) size 39x19
                text run at (2,2) width 39: "Cell G"
            RenderTableCell {TD} at (167,54) size 164x24 [border: (1px inset #808080)] [r=2 c=1 rs=1 cs=1]
              RenderText {#text} at (2,2) size 39x19
                text run at (2,2) width 39: "Cell H"
            RenderTableCell {TD} at (332,54) size 165x24 [border: (1px inset #808080)] [r=2 c=2 rs=1 cs=1]
              RenderText {#text} at (2,2) size 33x19
                text run at (2,2) width 33: "Cell I"
      RenderBlock {HR} at (0,229) size 784x3 [border: (1px inset #000000)]
      RenderBlock {H3} at (0,250) size 784x24
        RenderText {#text} at (0,0) size 62x22
          text run at (0,0) width 62: "Table 2"
      RenderBlock {PRE} at (0,291) size 784x49
        RenderText {#text} at (0,0) size 224x48
          text run at (0,0) width 224: "<TABLE width=\"500\" border=1>"
          text run at (0,16) width 224: "<COLGROUP span=2 width=\"1*\">"
          text run at (0,32) width 168: "<COLGROUP width=\"3*\">"
      RenderTable {TABLE} at (0,352) size 500x83 [border: (1px outset #808080)]
        RenderTableCol {COLGROUP} at (0,0) size 0x0
        RenderTableCol {COLGROUP} at (0,0) size 0x0
        RenderTableSection {TBODY} at (1,1) size 498x80
          RenderTableRow {TR} at (0,2) size 498x24
            RenderTableCell {TD} at (2,2) size 164x24 [border: (1px inset #808080)] [r=0 c=0 rs=1 cs=1]
              RenderText {#text} at (2,2) size 39x19
                text run at (2,2) width 39: "Cell A"
            RenderTableCell {TD} at (167,2) size 164x24 [border: (1px inset #808080)] [r=0 c=1 rs=1 cs=1]
              RenderText {#text} at (2,2) size 38x19
                text run at (2,2) width 38: "Cell B"
            RenderTableCell {TD} at (332,2) size 165x24 [border: (1px inset #808080)] [r=0 c=2 rs=1 cs=1]
              RenderText {#text} at (2,2) size 39x19
                text run at (2,2) width 39: "Cell C"
          RenderTableRow {TR} at (0,28) size 498x24
            RenderTableCell {TD} at (2,28) size 164x24 [border: (1px inset #808080)] [r=1 c=0 rs=1 cs=1]
              RenderText {#text} at (2,2) size 39x19
                text run at (2,2) width 39: "Cell D"
            RenderTableCell {TD} at (167,28) size 164x24 [border: (1px inset #808080)] [r=1 c=1 rs=1 cs=1]
              RenderText {#text} at (2,2) size 37x19
                text run at (2,2) width 37: "Cell E"
            RenderTableCell {TD} at (332,28) size 165x24 [border: (1px inset #808080)] [r=1 c=2 rs=1 cs=1]
              RenderText {#text} at (2,2) size 37x19
                text run at (2,2) width 37: "Cell F"
          RenderTableRow {TR} at (0,54) size 498x24
            RenderTableCell {TD} at (2,54) size 164x24 [border: (1px inset #808080)] [r=2 c=0 rs=1 cs=1]
              RenderText {#text} at (2,2) size 39x19
                text run at (2,2) width 39: "Cell G"
            RenderTableCell {TD} at (167,54) size 164x24 [border: (1px inset #808080)] [r=2 c=1 rs=1 cs=1]
              RenderText {#text} at (2,2) size 39x19
                text run at (2,2) width 39: "Cell H"
            RenderTableCell {TD} at (332,54) size 165x24 [border: (1px inset #808080)] [r=2 c=2 rs=1 cs=1]
              RenderText {#text} at (2,2) size 33x19
                text run at (2,2) width 33: "Cell I"
      RenderBlock {HR} at (0,442) size 784x3 [border: (1px inset #000000)]
