layer at (0,0) size 800x600
  RenderView at (0,0) size 800x600
layer at (0,0) size 800x600
  RenderBlock {HTML} at (0,0) size 800x600
    RenderBody {BODY} at (8,8) size 784x576
      RenderBlock (anonymous) at (0,0) size 784x20
        RenderText {#text} at (0,0) size 733x19
          text run at (0,0) width 733: "This page shows a difference between IE and Netscape 6 rendering of tables / cells with heights expressed in percentages."
      RenderBlock {P} at (0,36) size 784x40
        RenderText {#text} at (0,0) size 760x39
          text run at (0,0) width 201: "The table A below has two cells. "
          text run at (201,0) width 369: "Cell A1 contains an invisible image to make the cell fairly tall. "
          text run at (570,0) width 190: "Cell A2 has a height attribute of"
          text run at (0,20) width 257: "100%, and contains another table, table B."
      RenderBlock {P} at (0,92) size 784x40
        RenderText {#text} at (0,0) size 747x39
          text run at (0,0) width 211: "Table B has two cells, B1 and B2. "
          text run at (211,0) width 239: "B1 has a fixed pixel height of 30 pixels. "
          text run at (450,0) width 157: "B2 has a height of 100%. "
          text run at (607,0) width 140: "In IE, this causes B2 to"
          text run at (0,20) width 728: "stretch to fill the entire height of cell A2, while in Netscape 6 / Gecko, it seems to have no impact on the height of cell A2."
      RenderBlock {P} at (0,148) size 784x209
        RenderTable {TABLE} at (0,0) size 121x209 [border: (1px outset #808080)]
          RenderTableSection {TBODY} at (1,1) size 119x207
            RenderTableRow {TR} at (0,0) size 119x207
              RenderTableCell {TD} at (0,0) size 59x207 [border: (1px inset #808080)] [r=0 c=0 rs=1 cs=1]
                RenderImage {IMG} at (1,1) size 10x200
                RenderText {#text} at (11,186) size 47x19
                  text run at (11,186) width 47: "Cell A1"
              RenderTableCell {TD} at (59,70) size 60x67 [border: (1px inset #808080)] [r=0 c=1 rs=1 cs=1]
                RenderTable {TABLE} at (1,1) size 58x64 [border: (2px outset #808080)]
                  RenderTableSection {TBODY} at (2,2) size 54x60
                    RenderTableRow {TR} at (0,2) size 54x30
                      RenderTableCell {TD} at (2,5) size 50x24 [border: (1px inset #808080)] [r=0 c=0 rs=1 cs=1]
                        RenderText {#text} at (2,2) size 46x19
                          text run at (2,2) width 46: "Cell B1"
                    RenderTableRow {TR} at (0,34) size 54x24
                      RenderTableCell {TD} at (2,34) size 50x24 [bgcolor=#99CC99] [border: (1px inset #808080)] [r=1 c=0 rs=1 cs=1]
                        RenderText {#text} at (2,2) size 46x19
                          text run at (2,2) width 46: "Cell B2"
