layer at (0,0) size 800x600
  RenderView at (0,0) size 800x600
layer at (0,0) size 800x600
  RenderBlock {HTML} at (0,0) size 800x600
    RenderBody {BODY} at (8,8) size 784x584 [bgcolor=#FFFFFF]
      RenderTable {TABLE} at (0,0) size 784x338 [border: (3px solid #008000)]
        RenderBlock {CAPTION} at (0,0) size 398x26 [border: (3px solid #FFA500)]
          RenderText {#text} at (90,3) size 218x19
            text run at (90,3) width 218: "caption text caption text caption text"
        RenderTableSection {TBODY} at (3,29) size 778x306
          RenderTableRow {TR} at (0,2) size 778x302
            RenderTableCell {TD} at (2,2) size 774x302 [r=0 c=0 rs=1 cs=1]
              RenderText {#text} at (1,1) size 768x299
                text run at (1,1) width 759: "table text which should wrap table text which should wrap table text which should wrap table text which should wrap table text"
                text run at (1,21) width 739: "which should wrap table text which should wrap table text which should wrap table text which should wrap table text which"
                text run at (1,41) width 743: "should wrap table text which should wrap table text which should wrap table text which should wrap table text which should"
                text run at (1,61) width 768: "wrap table text which should wrap table text which should wrap table text which should wrap table text which should wrap table"
                text run at (1,81) width 765: "text which should wrap table text which should wrap table text which should wrap table text which should wrap table text which"
                text run at (1,101) width 743: "should wrap table text which should wrap table text which should wrap table text which should wrap table text which should"
                text run at (1,121) width 768: "wrap table text which should wrap table text which should wrap table text which should wrap table text which should wrap table"
                text run at (1,141) width 765: "text which should wrap table text which should wrap table text which should wrap table text which should wrap table text which"
                text run at (1,161) width 743: "should wrap table text which should wrap table text which should wrap table text which should wrap table text which should"
                text run at (1,181) width 764: "wrap table text which should wrap table text which should wrap table text which should wraptable text which should wrap table"
                text run at (1,201) width 765: "text which should wrap table text which should wrap table text which should wrap table text which should wrap table text which"
                text run at (1,221) width 743: "should wrap table text which should wrap table text which should wrap table text which should wrap table text which should"
                text run at (1,241) width 768: "wrap table text which should wrap table text which should wrap table text which should wrap table text which should wrap table"
                text run at (1,261) width 765: "text which should wrap table text which should wrap table text which should wrap table text which should wrap table text which"
                text run at (1,281) width 426: "should wrap table text which should wrap table text which should wrap"
