layer at (0,0) size 800x600
  RenderView at (0,0) size 800x600
layer at (0,0) size 800x600
  RenderBlock {HTML} at (0,0) size 800x600
    RenderBody {BODY} at (8,8) size 784x584
      RenderTable {TABLE} at (0,0) size 258x242 [border: (1px outset #808080)]
        RenderTableSection {TBODY} at (1,1) size 256x240
          RenderTableRow {TR} at (0,2) size 256x24
            RenderTableCell {TD} at (2,12) size 41x4 [border: (1px inset #808080)] [r=0 c=0 rs=1 cs=1]
            RenderTableCell {TD} at (44,2) size 77x24 [border: (1px inset #808080)] [r=0 c=1 rs=1 cs=1]
              RenderText {#text} at (2,2) size 30x19
                text run at (2,2) width 30: "col 1"
            RenderTableCell {TD} at (122,2) size 55x24 [border: (1px inset #808080)] [r=0 c=2 rs=1 cs=1]
              RenderText {#text} at (2,2) size 30x19
                text run at (2,2) width 30: "col 2"
            RenderTableCell {TD} at (178,2) size 77x24 [border: (1px inset #808080)] [r=0 c=3 rs=1 cs=1]
              RenderText {#text} at (2,2) size 30x19
                text run at (2,2) width 30: "col 3"
          RenderTableRow {TR} at (0,28) size 256x24
            RenderTableCell {TD} at (2,28) size 41x24 [border: (1px inset #808080)] [r=1 c=0 rs=1 cs=1]
              RenderText {#text} at (2,2) size 36x19
                text run at (2,2) width 36: "row 1"
            RenderTableCell {TD} at (44,28) size 211x210 [border: (1px inset #808080)] [r=1 c=1 rs=3 cs=3]
              RenderBlock (floating) {DIV} at (2,2) size 206x206 [border: (3px solid #FF0000)]
                RenderText {#text} at (85,3) size 36x19
                  text run at (85,3) width 36: "tjosan"
          RenderTableRow {TR} at (0,54) size 256x50
            RenderTableCell {TD} at (2,67) size 41x24 [border: (1px inset #808080)] [r=2 c=0 rs=1 cs=1]
              RenderText {#text} at (2,2) size 36x19
                text run at (2,2) width 36: "row 2"
          RenderTableRow {TR} at (0,106) size 256x132
            RenderTableCell {TD} at (2,160) size 41x24 [border: (1px inset #808080)] [r=3 c=0 rs=1 cs=1]
              RenderText {#text} at (2,2) size 36x19
                text run at (2,2) width 36: "row 3"
      RenderBlock (anonymous) at (0,242) size 784x26
        RenderButton {INPUT} at (2,2) size 61x22 [bgcolor=#F0F0F0] [border: (2px outset #F0F0F0)]
          RenderBlock (anonymous) at (8,3) size 45x16
            RenderText at (0,0) size 45x16
              text run at (0,0) width 45: "expand"
        RenderText {#text} at (65,3) size 4x19
          text run at (65,3) width 4: " "
        RenderButton {INPUT} at (71,2) size 47x22 [bgcolor=#F0F0F0] [border: (2px outset #F0F0F0)]
          RenderBlock (anonymous) at (8,3) size 31x16
            RenderText at (0,0) size 31x16
              text run at (0,0) width 31: "sizes"
        RenderText {#text} at (0,0) size 0x0
