layer at (0,0) size 800x600
  RenderView at (0,0) size 800x600
layer at (0,0) size 800x600
  RenderBlock {HTML} at (0,0) size 800x600
    RenderBody {BODY} at (8,8) size 784x584
      RenderTable {TABLE} at (0,0) size 194x246 [bgcolor=#FF0000] [border: (1px outset #808080)]
        RenderTableSection {TBODY} at (1,1) size 192x244
          RenderTableRow {TR} at (0,20) size 192x24
            RenderTableCell {TD} at (20,20) size 28x24 [border: (1px inset #808080)] [r=0 c=0 rs=1 cs=1]
              RenderText {#text} at (2,2) size 24x19
                text run at (2,2) width 24: "Cell"
            RenderTableCell {TD} at (68,20) size 104x204 [border: (1px inset #808080)] [r=0 c=1 rs=2 cs=1]
              RenderImage {IMG} at (2,2) size 100x200
              RenderText {#text} at (0,0) size 0x0
          RenderTableRow {TR} at (0,64) size 192x160
            RenderTableCell {TD} at (20,132) size 28x24 [border: (1px inset #808080)] [r=1 c=0 rs=1 cs=1]
              RenderText {#text} at (2,2) size 24x19
                text run at (2,2) width 24: "Cell"
