layer at (0,0) size 800x600
  RenderView at (0,0) size 800x600
layer at (0,0) size 800x600
  RenderBlock {HTML} at (0,0) size 800x600
    RenderBody {BODY} at (8,8) size 784x584
      RenderTable {TABLE} at (0,0) size 276x26
        RenderTableSection {TBODY} at (0,0) size 276x26
          RenderTableRow {TR} at (0,2) size 276x22
            RenderTableCell {TD} at (2,2) size 2x22 [bgcolor=#000000] [r=0 c=0 rs=1 cs=15]
              RenderBR {BR} at (1,1) size 0x19
            RenderTableCell {TD} at (6,2) size 264x18 [bgcolor=#000000] [r=0 c=15 rs=1 cs=1]
              RenderInline {FONT} at (0,0) size 262x15 [color=#AAAAAA]
                RenderText {#text} at (1,1) size 262x15
                  text run at (1,1) width 262: "Copyright \x{A9} 1998-1999 The Mozilla Organization."
              RenderText {#text} at (0,0) size 0x0
            RenderTableCell {TD} at (272,2) size 2x22 [bgcolor=#000000] [r=0 c=16 rs=1 cs=15]
              RenderBR {BR} at (1,1) size 0x19
