layer at (0,0) size 800x600
  RenderView at (0,0) size 800x600
layer at (0,0) size 800x600
  RenderBlock {HTML} at (0,0) size 800x600
    RenderBody {BODY} at (8,8) size 784x584
      RenderTable {TABLE} at (0,0) size 455x80 [border: (1px outset #808080)]
        RenderTableSection {TBODY} at (1,1) size 453x78
          RenderTableRow {TR} at (0,2) size 453x74
            RenderTableCell {TD} at (2,2) size 274x74 [border: (1px inset #808080)] [r=0 c=0 rs=1 cs=1]
              RenderBlock (anonymous) at (2,2) size 270x20
                RenderText {#text} at (0,0) size 244x19
                  text run at (0,0) width 244: "some normal text before the nested table"
              RenderTable {TABLE} at (52,22) size 257x30 [border: (1px outset #808080)]
                RenderTableSection {TBODY} at (1,1) size 255x28
                  RenderTableRow {TR} at (0,2) size 255x24
                    RenderTableCell {TD} at (2,2) size 251x24 [border: (1px inset #808080)] [r=0 c=0 rs=1 cs=1]
                      RenderText {#text} at (2,2) size 210x19
                        text run at (2,2) width 210: "selection of words to pad table cell"
              RenderBlock (anonymous) at (2,52) size 270x20
                RenderText {#text} at (0,0) size 232x19
                  text run at (0,0) width 232: "some normal text after the nested table"
            RenderTableCell {TD} at (278,27) size 173x24 [border: (1px inset #808080)] [r=0 c=1 rs=1 cs=1]
              RenderText {#text} at (2,2) size 169x19
                text run at (2,2) width 169: "contents of table cell to right"
      RenderTable {TABLE} at (0,80) size 40x40 [border: (1px outset #808080)]
        RenderTableSection {TBODY} at (1,1) size 38x38
          RenderTableRow {TR} at (0,2) size 38x34
            RenderTableCell {TD} at (2,2) size 34x34 [border: (1px inset #808080)] [r=0 c=0 rs=1 cs=1]
              RenderTable {TABLE} at (2,2) size 36x30 [border: (1px outset #808080)]
                RenderTableSection {TBODY} at (1,1) size 34x28
                  RenderTableRow {TR} at (0,2) size 34x24
                    RenderTableCell {TD} at (2,2) size 30x24 [border: (1px inset #808080)] [r=0 c=0 rs=1 cs=1]
                      RenderText {#text} at (2,2) size 20x19
                        text run at (2,2) width 20: "foo"
