layer at (0,0) size 800x600
  RenderView at (0,0) size 800x600
layer at (0,0) size 800x600
  RenderBlock {HTML} at (0,0) size 800x600
    RenderBody {BODY} at (8,8) size 784x576
      RenderBlock {P} at (0,0) size 784x282
        RenderTable {TABLE} at (0,0) size 158x282 [border: (2px solid #FFFF00)]
          RenderTableCol {COLGROUP} at (0,0) size 0x0
            RenderTableCol {COL} at (0,0) size 0x0 [border: (3px solid #000000)]
            RenderTableCol {COL} at (0,0) size 0x0
            RenderTableCol {COL} at (0,0) size 0x0
          RenderTableSection {TBODY} at (2,2) size 153x277
            RenderTableRow {TR} at (0,0) size 153x57
              RenderTableCell {TD} at (0,1) size 52x55 [border: (3px solid #FF0000)] [r=0 c=0 rs=1 cs=1]
                RenderText {#text} at (19,19) size 8x19
                  text run at (19,19) width 8: "1"
              RenderTableCell {TD} at (52,0) size 50x57 [border: (3px solid #FF0000)] [r=0 c=1 rs=1 cs=1]
                RenderText {#text} at (18,19) size 8x19
                  text run at (18,19) width 8: "2"
              RenderTableCell {TD} at (102,0) size 51x57 [border: (3px solid #FF0000)] [r=0 c=2 rs=1 cs=1]
                RenderText {#text} at (17,19) size 8x19
                  text run at (17,19) width 8: "3"
            RenderTableRow {TR} at (0,57) size 153x57
              RenderTableCell {TD} at (0,59) size 52x53 [border: (1px solid #FF0000)] [r=1 c=0 rs=1 cs=1]
                RenderText {#text} at (19,17) size 8x19
                  text run at (19,17) width 8: "4"
              RenderTableCell {TD} at (52,57) size 50x57 [border: (3px dashed #0000FF)] [r=1 c=1 rs=1 cs=1]
                RenderText {#text} at (19,19) size 8x19
                  text run at (19,19) width 8: "5"
              RenderTableCell {TD} at (102,57) size 51x57 [border: (3px solid #008000)] [r=1 c=2 rs=1 cs=1]
                RenderText {#text} at (19,19) size 8x19
                  text run at (19,19) width 8: "6"
            RenderTableRow {TR} at (0,114) size 153x55
              RenderTableCell {TD} at (0,115) size 52x53 [border: (1px solid #FF0000)] [r=2 c=0 rs=1 cs=1]
                RenderText {#text} at (19,17) size 8x19
                  text run at (19,17) width 8: "7"
              RenderTableCell {TD} at (52,114) size 50x55 [border: (3px solid #FF0000)] [r=2 c=1 rs=1 cs=1]
                RenderText {#text} at (18,19) size 8x19
                  text run at (18,19) width 8: "8"
              RenderTableCell {TD} at (102,114) size 51x55 [border: (3px solid #FF0000)] [r=2 c=2 rs=1 cs=1]
                RenderText {#text} at (17,19) size 8x19
                  text run at (17,19) width 8: "9"
            RenderTableRow {TR} at (0,169) size 153x53
              RenderTableCell {TD} at (0,169) size 52x53 [border: (1px solid #FF0000)] [r=3 c=0 rs=1 cs=1]
                RenderText {#text} at (19,17) size 16x19
                  text run at (19,17) width 16: "10"
              RenderTableCell {TD} at (52,169) size 50x53 [border: (1px solid #FF0000)] [r=3 c=1 rs=1 cs=1]
                RenderText {#text} at (18,17) size 16x19
                  text run at (18,17) width 16: "11"
              RenderTableCell {TD} at (102,169) size 51x53 [border: (1px solid #FF0000)] [r=3 c=2 rs=1 cs=1]
                RenderText {#text} at (17,17) size 16x19
                  text run at (17,17) width 16: "12"
            RenderTableRow {TR} at (0,222) size 153x55
              RenderTableCell {TD} at (0,222) size 52x55 [border: (1px solid #FF0000)] [r=4 c=0 rs=1 cs=1]
                RenderText {#text} at (19,17) size 16x19
                  text run at (19,17) width 16: "13"
              RenderTableCell {TD} at (52,222) size 50x55 [border: (1px solid #FF0000)] [r=4 c=1 rs=1 cs=1]
                RenderText {#text} at (18,17) size 16x19
                  text run at (18,17) width 16: "14"
              RenderTableCell {TD} at (102,222) size 51x55 [border: (1px solid #FF0000)] [r=4 c=2 rs=1 cs=1]
                RenderText {#text} at (17,17) size 16x19
                  text run at (17,17) width 16: "15"
