layer at (0,0) size 800x600
  RenderView at (0,0) size 800x600
layer at (0,0) size 800x390
  RenderBlock {HTML} at (0,0) size 800x390
    RenderBody {BODY} at (8,16) size 784x342
      RenderBlock {P} at (0,0) size 784x40
        RenderText {#text} at (0,0) size 193x19
          text run at (0,0) width 193: "The black border below should "
        RenderInline {I} at (0,0) size 21x19
          RenderText {#text} at (193,0) size 21x19
            text run at (193,0) width 21: "not"
        RenderText {#text} at (214,0) size 773x39
          text run at (214,0) width 202: " cut through the top left corner of "
          text run at (416,0) width 357: "the blue border. It would cut through with our old behavior,"
          text run at (0,20) width 23: "but "
        RenderInline {A} at (0,0) size 20x19 [color=#0000EE]
          RenderText {#text} at (23,20) size 20x19
            text run at (23,20) width 20: "this"
        RenderText {#text} at (43,20) size 292x19
          text run at (43,20) width 4: " "
          text run at (47,20) width 288: "bug fix changed our behavior to match the spec."
      RenderBlock {DIV} at (32,72) size 720x270 [border: (1px solid #0000FF)]
        RenderTable {DIV} at (1,1) size 115x220 [border: (10px none #000000)]
          RenderTableSection (anonymous) at (1,10) size 104x200
            RenderTableRow {P} at (0,0) size 104x100
              RenderTableCell {SPAN} at (0,0) size 52x11 [border: (1px solid #000000)] [r=0 c=0 rs=1 cs=1]
              RenderTableCell {SPAN} at (52,0) size 52x68 [border: (10px solid #000000)] [r=0 c=1 rs=1 cs=1]
            RenderTableRow {P} at (0,100) size 104x100 [border: (1px solid #0000FF)]
              RenderTableCell {SPAN} at (0,100) size 52x20 [border: (10px solid #000000)] [r=1 c=0 rs=1 cs=1]
              RenderTableCell {SPAN} at (52,100) size 52x68 [border: (10px solid #000000)] [r=1 c=1 rs=1 cs=1]
