layer at (0,0) size 800x600
  RenderView at (0,0) size 800x600
layer at (0,0) size 800x600
  RenderBlock {HTML} at (0,0) size 800x600
    RenderBody {BODY} at (8,8) size 784x584
      RenderBlock {P} at (0,0) size 784x20
        RenderText {#text} at (0,0) size 51x19
          text run at (0,0) width 51: "Test for "
        RenderInline {I} at (0,0) size 680x19
          RenderInline {A} at (0,0) size 350x19 [color=#0000EE]
            RenderText {#text} at (51,0) size 350x19
              text run at (51,0) width 350: "http://bugzilla.opendarwin.org/show_bug.cgi?id=8848"
          RenderText {#text} at (401,0) size 330x19
            text run at (401,0) width 4: " "
            text run at (405,0) width 326: "TFOOT borders are copied to THEAD and TBODY"
        RenderText {#text} at (731,0) size 4x19
          text run at (731,0) width 4: "."
      RenderBlock {HR} at (0,36) size 784x2 [border: (1px inset #000000)]
      RenderTable {TABLE} at (0,46) size 418x208
        RenderTableSection {TBODY} at (0,0) size 418x208
          RenderTableRow {TR} at (0,2) size 418x204
            RenderTableCell {TD} at (2,2) size 102x204 [r=0 c=0 rs=1 cs=1]
              RenderTable {TABLE} at (11,11) size 94x54 [border: none]
                RenderTableSection {THEAD} at (0,0) size 23x53
                  RenderTableRow {TR} at (0,0) size 23x53
                    RenderTableCell {TH} at (0,0) size 23x53 [border: (1px solid #D3D3D3)] [r=0 c=0 rs=1 cs=1]
                      RenderText {#text} at (1,2) size 19x50
                        text run at (1,2) width 50: "Header"
                RenderTableSection {TBODY} at (23,0) size 23x53
                  RenderTableRow {TR} at (0,0) size 23x53
                    RenderTableCell {TD} at (0,0) size 23x53 [border: (1px solid #D3D3D3)] [r=0 c=0 rs=1 cs=1]
                      RenderText {#text} at (1,2) size 19x45
                        text run at (1,2) width 45: "Body 1"
                RenderTableSection {TBODY} at (46,0) size 23x53
                  RenderTableRow {TR} at (0,0) size 23x53
                    RenderTableCell {TD} at (0,0) size 23x53 [border: (1px solid #D3D3D3)] [r=0 c=0 rs=1 cs=1]
                      RenderText {#text} at (1,2) size 19x45
                        text run at (1,2) width 45: "Body 2"
                RenderTableSection {TFOOT} at (69,0) size 24x53 [border: none (2px solid #0000FF) none (2px solid #008000)]
                  RenderTableRow {TR} at (0,0) size 24x53
                    RenderTableCell {TD} at (0,0) size 24x53 [border: (1px solid #D3D3D3)] [r=0 c=0 rs=1 cs=1]
                      RenderText {#text} at (2,2) size 19x41
                        text run at (2,2) width 41: "Footer"
              RenderTable {TABLE} at (11,75) size 94x54 [border: none]
                RenderTableSection {TBODY} at (23,0) size 23x53
                  RenderTableRow {TR} at (0,0) size 23x53
                    RenderTableCell {TD} at (0,0) size 23x53 [border: (1px solid #D3D3D3)] [r=0 c=0 rs=1 cs=1]
                      RenderText {#text} at (1,2) size 19x45
                        text run at (1,2) width 45: "Body 1"
                RenderTableSection {THEAD} at (0,0) size 23x53
                  RenderTableRow {TR} at (0,0) size 23x53
                    RenderTableCell {TH} at (0,0) size 23x53 [border: (1px solid #D3D3D3)] [r=0 c=0 rs=1 cs=1]
                      RenderText {#text} at (1,2) size 19x50
                        text run at (1,2) width 50: "Header"
                RenderTableSection {TBODY} at (46,0) size 23x53
                  RenderTableRow {TR} at (0,0) size 23x53
                    RenderTableCell {TD} at (0,0) size 23x53 [border: (1px solid #D3D3D3)] [r=0 c=0 rs=1 cs=1]
                      RenderText {#text} at (1,2) size 19x45
                        text run at (1,2) width 45: "Body 2"
                RenderTableSection {TFOOT} at (69,0) size 24x53 [border: none (2px solid #0000FF) none (2px solid #008000)]
                  RenderTableRow {TR} at (0,0) size 24x53
                    RenderTableCell {TD} at (0,0) size 24x53 [border: (1px solid #D3D3D3)] [r=0 c=0 rs=1 cs=1]
                      RenderText {#text} at (2,2) size 19x41
                        text run at (2,2) width 41: "Footer"
              RenderTable {TABLE} at (11,139) size 94x54 [border: none]
                RenderTableSection {TBODY} at (23,0) size 23x53
                  RenderTableRow {TR} at (0,0) size 23x53
                    RenderTableCell {TD} at (0,0) size 23x53 [border: (1px solid #D3D3D3)] [r=0 c=0 rs=1 cs=1]
                      RenderText {#text} at (1,2) size 19x45
                        text run at (1,2) width 45: "Body 1"
                RenderTableSection {THEAD} at (0,0) size 23x53
                  RenderTableRow {TR} at (0,0) size 23x53
                    RenderTableCell {TH} at (0,0) size 23x53 [border: (1px solid #D3D3D3)] [r=0 c=0 rs=1 cs=1]
                      RenderText {#text} at (1,2) size 19x50
                        text run at (1,2) width 50: "Header"
                RenderTableSection {TFOOT} at (69,0) size 24x53 [border: none (2px solid #0000FF) none (2px solid #008000)]
                  RenderTableRow {TR} at (0,0) size 24x53
                    RenderTableCell {TD} at (0,0) size 24x53 [border: (1px solid #D3D3D3)] [r=0 c=0 rs=1 cs=1]
                      RenderText {#text} at (2,2) size 19x41
                        text run at (2,2) width 41: "Footer"
                RenderTableSection {TBODY} at (46,0) size 23x53
                  RenderTableRow {TR} at (0,0) size 23x53
                    RenderTableCell {TD} at (0,0) size 23x53 [border: (1px solid #D3D3D3)] [r=0 c=0 rs=1 cs=1]
                      RenderText {#text} at (1,2) size 19x45
                        text run at (1,2) width 45: "Body 2"
            RenderTableCell {TD} at (106,2) size 102x204 [r=0 c=1 rs=1 cs=1]
              RenderTable {TABLE} at (11,11) size 94x54 [border: none]
                RenderTableSection {TBODY} at (23,0) size 23x53
                  RenderTableRow {TR} at (0,0) size 23x53
                    RenderTableCell {TD} at (0,0) size 23x53 [border: (1px solid #D3D3D3)] [r=0 c=0 rs=1 cs=1]
                      RenderText {#text} at (1,2) size 19x45
                        text run at (1,2) width 45: "Body 1"
                RenderTableSection {TFOOT} at (69,0) size 24x53 [border: none (2px solid #0000FF) none (2px solid #008000)]
                  RenderTableRow {TR} at (0,0) size 24x53
                    RenderTableCell {TD} at (0,0) size 24x53 [border: (1px solid #D3D3D3)] [r=0 c=0 rs=1 cs=1]
                      RenderText {#text} at (2,2) size 19x41
                        text run at (2,2) width 41: "Footer"
                RenderTableSection {THEAD} at (0,0) size 23x53
                  RenderTableRow {TR} at (0,0) size 23x53
                    RenderTableCell {TH} at (0,0) size 23x53 [border: (1px solid #D3D3D3)] [r=0 c=0 rs=1 cs=1]
                      RenderText {#text} at (1,2) size 19x50
                        text run at (1,2) width 50: "Header"
                RenderTableSection {TBODY} at (46,0) size 23x53
                  RenderTableRow {TR} at (0,0) size 23x53
                    RenderTableCell {TD} at (0,0) size 23x53 [border: (1px solid #D3D3D3)] [r=0 c=0 rs=1 cs=1]
                      RenderText {#text} at (1,2) size 19x45
                        text run at (1,2) width 45: "Body 2"
              RenderTable {TABLE} at (11,75) size 94x54 [border: none]
                RenderTableSection {TFOOT} at (69,0) size 24x53 [border: none (2px solid #0000FF) none (2px solid #008000)]
                  RenderTableRow {TR} at (0,0) size 24x53
                    RenderTableCell {TD} at (0,0) size 24x53 [border: (1px solid #D3D3D3)] [r=0 c=0 rs=1 cs=1]
                      RenderText {#text} at (2,2) size 19x41
                        text run at (2,2) width 41: "Footer"
                RenderTableSection {TBODY} at (23,0) size 23x53
                  RenderTableRow {TR} at (0,0) size 23x53
                    RenderTableCell {TD} at (0,0) size 23x53 [border: (1px solid #D3D3D3)] [r=0 c=0 rs=1 cs=1]
                      RenderText {#text} at (1,2) size 19x45
                        text run at (1,2) width 45: "Body 1"
                RenderTableSection {THEAD} at (0,0) size 23x53
                  RenderTableRow {TR} at (0,0) size 23x53
                    RenderTableCell {TH} at (0,0) size 23x53 [border: (1px solid #D3D3D3)] [r=0 c=0 rs=1 cs=1]
                      RenderText {#text} at (1,2) size 19x50
                        text run at (1,2) width 50: "Header"
                RenderTableSection {TBODY} at (46,0) size 23x53
                  RenderTableRow {TR} at (0,0) size 23x53
                    RenderTableCell {TD} at (0,0) size 23x53 [border: (1px solid #D3D3D3)] [r=0 c=0 rs=1 cs=1]
                      RenderText {#text} at (1,2) size 19x45
                        text run at (1,2) width 45: "Body 2"
              RenderTable {TABLE} at (11,139) size 94x54 [border: none]
                RenderTableSection {TBODY} at (23,0) size 23x53
                  RenderTableRow {TR} at (0,0) size 23x53
                    RenderTableCell {TD} at (0,0) size 23x53 [border: (1px solid #D3D3D3)] [r=0 c=0 rs=1 cs=1]
                      RenderText {#text} at (1,2) size 19x45
                        text run at (1,2) width 45: "Body 1"
                RenderTableSection {TBODY} at (46,0) size 23x53
                  RenderTableRow {TR} at (0,0) size 23x53
                    RenderTableCell {TD} at (0,0) size 23x53 [border: (1px solid #D3D3D3)] [r=0 c=0 rs=1 cs=1]
                      RenderText {#text} at (1,2) size 19x45
                        text run at (1,2) width 45: "Body 2"
                RenderTableSection {TFOOT} at (69,0) size 24x53 [border: none (2px solid #0000FF) none (2px solid #008000)]
                  RenderTableRow {TR} at (0,0) size 24x53
                    RenderTableCell {TD} at (0,0) size 24x53 [border: (1px solid #D3D3D3)] [r=0 c=0 rs=1 cs=1]
                      RenderText {#text} at (2,2) size 19x41
                        text run at (2,2) width 41: "Footer"
                RenderTableSection {THEAD} at (0,0) size 23x53
                  RenderTableRow {TR} at (0,0) size 23x53
                    RenderTableCell {TH} at (0,0) size 23x53 [border: (1px solid #D3D3D3)] [r=0 c=0 rs=1 cs=1]
                      RenderText {#text} at (1,2) size 19x50
                        text run at (1,2) width 50: "Header"
            RenderTableCell {TD} at (210,2) size 102x204 [r=0 c=2 rs=1 cs=1]
              RenderTable {TABLE} at (11,11) size 96x54 [border: none]
                RenderTableSection {THEAD} at (1,0) size 24x53 [border: none (2px solid #0000FF) none (2px solid #008000)]
                  RenderTableRow {TR} at (0,0) size 24x53
                    RenderTableCell {TH} at (0,0) size 24x53 [border: (1px solid #D3D3D3)] [r=0 c=0 rs=1 cs=1]
                      RenderText {#text} at (2,2) size 19x50
                        text run at (2,2) width 50: "Header"
                RenderTableSection {TBODY} at (25,0) size 24x53
                  RenderTableRow {TR} at (0,0) size 24x53
                    RenderTableCell {TD} at (0,0) size 24x53 [border: (1px solid #D3D3D3)] [r=0 c=0 rs=1 cs=1]
                      RenderText {#text} at (2,2) size 19x45
                        text run at (2,2) width 45: "Body 1"
                RenderTableSection {TBODY} at (49,0) size 23x53
                  RenderTableRow {TR} at (0,0) size 23x53
                    RenderTableCell {TD} at (0,0) size 23x53 [border: (1px solid #D3D3D3)] [r=0 c=0 rs=1 cs=1]
                      RenderText {#text} at (1,2) size 19x45
                        text run at (1,2) width 45: "Body 2"
                RenderTableSection {TFOOT} at (72,0) size 23x53
                  RenderTableRow {TR} at (0,0) size 23x53
                    RenderTableCell {TD} at (0,0) size 23x53 [border: (1px solid #D3D3D3)] [r=0 c=0 rs=1 cs=1]
                      RenderText {#text} at (1,2) size 19x41
                        text run at (1,2) width 41: "Footer"
              RenderTable {TABLE} at (11,75) size 96x54 [border: none]
                RenderTableSection {TBODY} at (25,0) size 24x53
                  RenderTableRow {TR} at (0,0) size 24x53
                    RenderTableCell {TD} at (0,0) size 24x53 [border: (1px solid #D3D3D3)] [r=0 c=0 rs=1 cs=1]
                      RenderText {#text} at (2,2) size 19x45
                        text run at (2,2) width 45: "Body 1"
                RenderTableSection {THEAD} at (1,0) size 24x53 [border: none (2px solid #0000FF) none (2px solid #008000)]
                  RenderTableRow {TR} at (0,0) size 24x53
                    RenderTableCell {TH} at (0,0) size 24x53 [border: (1px solid #D3D3D3)] [r=0 c=0 rs=1 cs=1]
                      RenderText {#text} at (2,2) size 19x50
                        text run at (2,2) width 50: "Header"
                RenderTableSection {TBODY} at (49,0) size 23x53
                  RenderTableRow {TR} at (0,0) size 23x53
                    RenderTableCell {TD} at (0,0) size 23x53 [border: (1px solid #D3D3D3)] [r=0 c=0 rs=1 cs=1]
                      RenderText {#text} at (1,2) size 19x45
                        text run at (1,2) width 45: "Body 2"
                RenderTableSection {TFOOT} at (72,0) size 23x53
                  RenderTableRow {TR} at (0,0) size 23x53
                    RenderTableCell {TD} at (0,0) size 23x53 [border: (1px solid #D3D3D3)] [r=0 c=0 rs=1 cs=1]
                      RenderText {#text} at (1,2) size 19x41
                        text run at (1,2) width 41: "Footer"
              RenderTable {TABLE} at (11,139) size 96x54 [border: none]
                RenderTableSection {TBODY} at (25,0) size 24x53
                  RenderTableRow {TR} at (0,0) size 24x53
                    RenderTableCell {TD} at (0,0) size 24x53 [border: (1px solid #D3D3D3)] [r=0 c=0 rs=1 cs=1]
                      RenderText {#text} at (2,2) size 19x45
                        text run at (2,2) width 45: "Body 1"
                RenderTableSection {THEAD} at (1,0) size 24x53 [border: none (2px solid #0000FF) none (2px solid #008000)]
                  RenderTableRow {TR} at (0,0) size 24x53
                    RenderTableCell {TH} at (0,0) size 24x53 [border: (1px solid #D3D3D3)] [r=0 c=0 rs=1 cs=1]
                      RenderText {#text} at (2,2) size 19x50
                        text run at (2,2) width 50: "Header"
                RenderTableSection {TFOOT} at (72,0) size 23x53
                  RenderTableRow {TR} at (0,0) size 23x53
                    RenderTableCell {TD} at (0,0) size 23x53 [border: (1px solid #D3D3D3)] [r=0 c=0 rs=1 cs=1]
                      RenderText {#text} at (1,2) size 19x41
                        text run at (1,2) width 41: "Footer"
                RenderTableSection {TBODY} at (49,0) size 23x53
                  RenderTableRow {TR} at (0,0) size 23x53
                    RenderTableCell {TD} at (0,0) size 23x53 [border: (1px solid #D3D3D3)] [r=0 c=0 rs=1 cs=1]
                      RenderText {#text} at (1,2) size 19x45
                        text run at (1,2) width 45: "Body 2"
            RenderTableCell {TD} at (314,2) size 102x204 [r=0 c=3 rs=1 cs=1]
              RenderTable {TABLE} at (11,11) size 96x54 [border: none]
                RenderTableSection {TBODY} at (25,0) size 24x53
                  RenderTableRow {TR} at (0,0) size 24x53
                    RenderTableCell {TD} at (0,0) size 24x53 [border: (1px solid #D3D3D3)] [r=0 c=0 rs=1 cs=1]
                      RenderText {#text} at (2,2) size 19x45
                        text run at (2,2) width 45: "Body 1"
                RenderTableSection {TFOOT} at (72,0) size 23x53
                  RenderTableRow {TR} at (0,0) size 23x53
                    RenderTableCell {TD} at (0,0) size 23x53 [border: (1px solid #D3D3D3)] [r=0 c=0 rs=1 cs=1]
                      RenderText {#text} at (1,2) size 19x41
                        text run at (1,2) width 41: "Footer"
                RenderTableSection {THEAD} at (1,0) size 24x53 [border: none (2px solid #0000FF) none (2px solid #008000)]
                  RenderTableRow {TR} at (0,0) size 24x53
                    RenderTableCell {TH} at (0,0) size 24x53 [border: (1px solid #D3D3D3)] [r=0 c=0 rs=1 cs=1]
                      RenderText {#text} at (2,2) size 19x50
                        text run at (2,2) width 50: "Header"
                RenderTableSection {TBODY} at (49,0) size 23x53
                  RenderTableRow {TR} at (0,0) size 23x53
                    RenderTableCell {TD} at (0,0) size 23x53 [border: (1px solid #D3D3D3)] [r=0 c=0 rs=1 cs=1]
                      RenderText {#text} at (1,2) size 19x45
                        text run at (1,2) width 45: "Body 2"
              RenderTable {TABLE} at (11,75) size 96x54 [border: none]
                RenderTableSection {TFOOT} at (72,0) size 23x53
                  RenderTableRow {TR} at (0,0) size 23x53
                    RenderTableCell {TD} at (0,0) size 23x53 [border: (1px solid #D3D3D3)] [r=0 c=0 rs=1 cs=1]
                      RenderText {#text} at (1,2) size 19x41
                        text run at (1,2) width 41: "Footer"
                RenderTableSection {TBODY} at (25,0) size 24x53
                  RenderTableRow {TR} at (0,0) size 24x53
                    RenderTableCell {TD} at (0,0) size 24x53 [border: (1px solid #D3D3D3)] [r=0 c=0 rs=1 cs=1]
                      RenderText {#text} at (2,2) size 19x45
                        text run at (2,2) width 45: "Body 1"
                RenderTableSection {THEAD} at (1,0) size 24x53 [border: none (2px solid #0000FF) none (2px solid #008000)]
                  RenderTableRow {TR} at (0,0) size 24x53
                    RenderTableCell {TH} at (0,0) size 24x53 [border: (1px solid #D3D3D3)] [r=0 c=0 rs=1 cs=1]
                      RenderText {#text} at (2,2) size 19x50
                        text run at (2,2) width 50: "Header"
                RenderTableSection {TBODY} at (49,0) size 23x53
                  RenderTableRow {TR} at (0,0) size 23x53
                    RenderTableCell {TD} at (0,0) size 23x53 [border: (1px solid #D3D3D3)] [r=0 c=0 rs=1 cs=1]
                      RenderText {#text} at (1,2) size 19x45
                        text run at (1,2) width 45: "Body 2"
              RenderTable {TABLE} at (11,139) size 96x54 [border: none]
                RenderTableSection {TBODY} at (25,0) size 24x53
                  RenderTableRow {TR} at (0,0) size 24x53
                    RenderTableCell {TD} at (0,0) size 24x53 [border: (1px solid #D3D3D3)] [r=0 c=0 rs=1 cs=1]
                      RenderText {#text} at (2,2) size 19x45
                        text run at (2,2) width 45: "Body 1"
                RenderTableSection {TBODY} at (49,0) size 23x53
                  RenderTableRow {TR} at (0,0) size 23x53
                    RenderTableCell {TD} at (0,0) size 23x53 [border: (1px solid #D3D3D3)] [r=0 c=0 rs=1 cs=1]
                      RenderText {#text} at (1,2) size 19x45
                        text run at (1,2) width 45: "Body 2"
                RenderTableSection {TFOOT} at (72,0) size 23x53
                  RenderTableRow {TR} at (0,0) size 23x53
                    RenderTableCell {TD} at (0,0) size 23x53 [border: (1px solid #D3D3D3)] [r=0 c=0 rs=1 cs=1]
                      RenderText {#text} at (1,2) size 19x41
                        text run at (1,2) width 41: "Footer"
                RenderTableSection {THEAD} at (1,0) size 24x53 [border: none (2px solid #0000FF) none (2px solid #008000)]
                  RenderTableRow {TR} at (0,0) size 24x53
                    RenderTableCell {TH} at (0,0) size 24x53 [border: (1px solid #D3D3D3)] [r=0 c=0 rs=1 cs=1]
                      RenderText {#text} at (2,2) size 19x50
                        text run at (2,2) width 50: "Header"
