layer at (0,0) size 800x600
  RenderView at (0,0) size 800x600
layer at (0,0) size 800x110
  RenderBlock {HTML} at (0,0) size 800x110
    RenderBody {BODY} at (8,16) size 784x86
      RenderBlock {P} at (0,0) size 784x18
        RenderText {#text} at (0,0) size 269x17
          text run at (0,0) width 269: "Test passes if horizontal operators stretch."
      RenderBlock (anonymous) at (0,34) size 784x52
        RenderMathMLMath {math} at (0,11) size 60x36
          RenderMathMLUnderOver {mover} at (0,0) size 60x36
            RenderMathMLSpace {mspace} at (0,5) size 60x31 [bgcolor=#008000]
            RenderMathMLOperator {mo} at (7,1) size 46x5
              RenderBlock (anonymous) at (0,0) size 14x18
                RenderText {#text} at (0,-67) size 14x158
                  text run at (0,-67) width 14: "^"
        RenderText {#text} at (60,33) size 4x17
          text run at (60,33) width 4: " "
        RenderMathMLMath {math} at (64,17) size 60x35
          RenderMathMLUnderOver {munder} at (0,0) size 60x35
            RenderMathMLSpace {mspace} at (0,0) size 60x30 [bgcolor=#008000]
            RenderMathMLOperator {mo} at (0,30) size 60x4
              RenderBlock (anonymous) at (0,0) size 8x4
                RenderText {#text} at (0,-85) size 8x158
                  text run at (0,-85) width 8: "_"
        RenderText {#text} at (124,33) size 4x17
          text run at (124,33) width 4: " "
        RenderMathMLMath {math} at (128,10) size 60x38
          RenderMathMLUnderOver {mover} at (0,0) size 60x38
            RenderMathMLSpace {mspace} at (0,7) size 60x31 [bgcolor=#008000]
            RenderMathMLOperator {mo} at (7,1) size 46x7
              RenderBlock (anonymous) at (0,0) size 14x8
                RenderText {#text} at (0,-77) size 14x158
                  text run at (0,-77) width 14: "~"
        RenderText {#text} at (188,33) size 4x17
          text run at (188,33) width 4: " "
        RenderMathMLMath {math} at (192,0) size 60x48
          RenderMathMLUnderOver {mover} at (0,0) size 60x48
            RenderMathMLSpace {mspace} at (0,17) size 60x31 [bgcolor=#008000]
            RenderMathMLOperator {mo} at (0,1) size 60x17
              RenderBlock (anonymous) at (0,0) size 12x15
                RenderText {#text} at (0,-70) size 12x158
                  text run at (0,-70) width 12: "\x{AF}"
        RenderText {#text} at (252,33) size 4x17
          text run at (252,33) width 4: " "
        RenderMathMLMath {math} at (256,11) size 60x36
          RenderMathMLUnderOver {mover} at (0,0) size 60x36
            RenderMathMLSpace {mspace} at (0,5) size 60x31 [bgcolor=#008000]
            RenderMathMLOperator {mo} at (7,1) size 46x5
              RenderBlock (anonymous) at (0,0) size 12x17
                RenderText {#text} at (0,-68) size 12x158
                  text run at (0,-68) width 12: "\x{2C6}"
        RenderText {#text} at (316,33) size 4x17
          text run at (316,33) width 4: " "
        RenderMathMLMath {math} at (320,11) size 60x36
          RenderMathMLUnderOver {mover} at (0,0) size 60x36
            RenderMathMLSpace {mspace} at (0,5) size 60x31 [bgcolor=#008000]
            RenderMathMLOperator {mo} at (7,1) size 46x5
              RenderBlock (anonymous) at (0,0) size 12x17
                RenderText {#text} at (0,-68) size 12x158
                  text run at (0,-68) width 12: "\x{2C7}"
        RenderText {#text} at (0,0) size 0x0
