layer at (0,0) size 800x600
  RenderView at (0,0) size 800x600
layer at (0,0) size 800x559
  RenderBlock {html} at (0,0) size 800x559
    RenderBody {body} at (8,16) size 784x527
      RenderBlock {p} at (0,0) size 784x18
        RenderText {#text} at (0,0) size 181x17
          text run at (0,0) width 181: "square root (should be red): "
        RenderMathMLMath {math} at (180,1) size 23x17
          RenderMathMLRoot {msqrt} at (0,0) size 22x17 [color=#FF0000]
            RenderMathMLToken {mn} at (13,2) size 9x12
              RenderBlock (anonymous) at (0,0) size 8x11
                RenderText {#text} at (0,-46) size 8x106
                  text run at (0,-46) width 8: "2"
      RenderBlock {p} at (0,34) size 784x18
        RenderText {#text} at (0,0) size 113x17
          text run at (0,0) width 113: "long square root: "
        RenderMathMLMath {math} at (112,1) size 51x17
          RenderMathMLRoot {msqrt} at (0,0) size 50x17
            RenderMathMLRow {mrow} at (13,2) size 37x14
              RenderMathMLToken {mi} at (0,4) size 10x8 [padding: 0 2 0 0]
                RenderBlock (anonymous) at (0,0) size 9x7
                  RenderText {#text} at (0,-50) size 9x106
                    text run at (0,-50) width 9: "x"
              RenderMathMLOperator {mo} at (9,1) size 20x12
                RenderBlock (anonymous) at (3,0) size 13x12
                  RenderText {#text} at (0,-47) size 13x106
                    text run at (0,-47) width 13: "+"
              RenderMathMLToken {mn} at (28,0) size 9x11
                RenderBlock (anonymous) at (0,0) size 8x11
                  RenderText {#text} at (0,-46) size 8x106
                    text run at (0,-46) width 8: "1"
      RenderBlock {p} at (0,68) size 784x20
        RenderText {#text} at (0,2) size 227x17
          text run at (0,2) width 227: "long square root with implied row: "
        RenderMathMLMath {math} at (226,0) size 61x20
          RenderMathMLRoot {msqrt} at (0,0) size 60x20
            RenderMathMLScripts {msup} at (16,2) size 17x15
              RenderMathMLToken {mi} at (0,6) size 10x9 [padding: 0 2 0 0]
                RenderBlock (anonymous) at (0,0) size 9x7
                  RenderText {#text} at (0,-50) size 9x106
                    text run at (0,-50) width 9: "x"
              RenderMathMLToken {mn} at (9,0) size 7x8
                RenderBlock (anonymous) at (0,0) size 6x8
                  RenderText {#text} at (0,-35) size 6x80
                    text run at (0,-35) width 6: "2"
            RenderMathMLOperator {mo} at (32,6) size 20x13
              RenderBlock (anonymous) at (3,0) size 13x12
                RenderText {#text} at (0,-47) size 13x106
                  text run at (0,-47) width 13: "+"
            RenderMathMLToken {mn} at (51,5) size 9x12
              RenderBlock (anonymous) at (0,0) size 8x11
                RenderText {#text} at (0,-46) size 8x106
                  text run at (0,-46) width 8: "1"
      RenderBlock {p} at (0,104) size 784x39
        RenderText {#text} at (0,6) size 117x17
          text run at (0,6) width 117: "root of a fraction: "
        RenderMathMLMath {math} at (116,0) size 54x39
          RenderMathMLRoot {msqrt} at (0,0) size 53x39
            RenderMathMLFraction {mfrac} at (16,2) size 37x28
              RenderMathMLRow {mrow} at (0,0) size 37x13
                RenderMathMLToken {mi} at (0,4) size 10x8 [padding: 0 2 0 0]
                  RenderBlock (anonymous) at (0,0) size 9x7
                    RenderText {#text} at (0,-50) size 9x106
                      text run at (0,-50) width 9: "x"
                RenderMathMLOperator {mo} at (9,1) size 20x12
                  RenderBlock (anonymous) at (3,0) size 13x12
                    RenderText {#text} at (0,-47) size 13x106
                      text run at (0,-47) width 13: "+"
                RenderMathMLToken {mn} at (28,0) size 9x11
                  RenderBlock (anonymous) at (0,0) size 8x11
                    RenderText {#text} at (0,-46) size 8x106
                      text run at (0,-46) width 8: "1"
              RenderMathMLRow {mrow} at (0,14) size 37x14
                RenderMathMLToken {mi} at (0,4) size 10x8 [padding: 0 2 0 0]
                  RenderBlock (anonymous) at (0,0) size 9x7
                    RenderText {#text} at (0,-50) size 9x106
                      text run at (0,-50) width 9: "x"
                RenderMathMLOperator {mo} at (9,1) size 20x12
                  RenderBlock (anonymous) at (3,0) size 13x12
                    RenderText {#text} at (0,-47) size 13x106
                      text run at (0,-47) width 13: "+"
                RenderMathMLToken {mn} at (28,0) size 9x11
                  RenderBlock (anonymous) at (0,0) size 8x11
                    RenderText {#text} at (0,-46) size 8x106
                      text run at (0,-46) width 8: "2"
      RenderBlock {p} at (0,159) size 784x18
        RenderText {#text} at (0,0) size 177x17
          text run at (0,0) width 177: "cube root (should be blue): "
        RenderMathMLMath {math} at (176,1) size 22x17 [color=#0000FF]
          RenderMathMLRoot {mroot} at (0,0) size 22x17
            RenderMathMLToken {mn} at (13,2) size 9x12
              RenderBlock (anonymous) at (0,0) size 8x11
                RenderText {#text} at (0,-46) size 8x106
                  text run at (0,-46) width 8: "2"
            RenderMathMLToken {mn} at (4,0) size 5x8
              RenderBlock (anonymous) at (0,0) size 5x7
                RenderText {#text} at (0,-26) size 5x60
                  text run at (0,-26) width 5: "3"
      RenderBlock {p} at (0,193) size 784x18
        RenderText {#text} at (0,0) size 77x17
          text run at (0,0) width 77: "long index: "
        RenderMathMLMath {math} at (76,0) size 54x18
          RenderMathMLRoot {mroot} at (0,0) size 53x18
            RenderMathMLToken {mn} at (44,2) size 9x12
              RenderBlock (anonymous) at (0,0) size 8x11
                RenderText {#text} at (0,-46) size 8x106
                  text run at (0,-46) width 8: "2"
            RenderMathMLRow {mrow} at (4,0) size 37x8
              RenderMathMLToken {mi} at (0,2) size 6x5 [padding: 0 1 0 0]
                RenderBlock (anonymous) at (0,0) size 5x4
                  RenderText {#text} at (0,-28) size 5x60
                    text run at (0,-28) width 5: "x"
              RenderMathMLOperator {mo} at (5,0) size 12x7
                RenderBlock (anonymous) at (2,0) size 8x7
                  RenderText {#text} at (0,-26) size 8x60
                    text run at (0,-26) width 8: "+"
              RenderMathMLToken {mi} at (16,2) size 5x6 [padding: 0 1 0 0]
                RenderBlock (anonymous) at (0,0) size 5x6
                  RenderText {#text} at (0,-28) size 5x60
                    text run at (0,-28) width 5: "y"
              RenderMathMLOperator {mo} at (20,0) size 12x7
                RenderBlock (anonymous) at (2,0) size 8x7
                  RenderText {#text} at (0,-26) size 8x60
                    text run at (0,-26) width 8: "+"
              RenderMathMLToken {mi} at (31,2) size 5x5 [padding: 0 1 0 0]
                RenderBlock (anonymous) at (0,0) size 4x4
                  RenderText {#text} at (0,-28) size 4x60
                    text run at (0,-28) width 4: "z"
      RenderBlock {p} at (0,227) size 784x39
        RenderText {#text} at (0,6) size 188x17
          text run at (0,6) width 188: "long index w/ complex base: "
        RenderMathMLMath {math} at (187,0) size 85x39
          RenderMathMLRoot {mroot} at (0,0) size 84x39
            RenderMathMLFraction {mfrac} at (47,2) size 37x28
              RenderMathMLRow {mrow} at (0,0) size 37x13
                RenderMathMLToken {mi} at (0,4) size 10x8 [padding: 0 2 0 0]
                  RenderBlock (anonymous) at (0,0) size 9x7
                    RenderText {#text} at (0,-50) size 9x106
                      text run at (0,-50) width 9: "x"
                RenderMathMLOperator {mo} at (9,1) size 20x12
                  RenderBlock (anonymous) at (3,0) size 13x12
                    RenderText {#text} at (0,-47) size 13x106
                      text run at (0,-47) width 13: "+"
                RenderMathMLToken {mn} at (28,0) size 9x11
                  RenderBlock (anonymous) at (0,0) size 8x11
                    RenderText {#text} at (0,-46) size 8x106
                      text run at (0,-46) width 8: "1"
              RenderMathMLRow {mrow} at (0,14) size 37x14
                RenderMathMLToken {mi} at (0,4) size 10x8 [padding: 0 2 0 0]
                  RenderBlock (anonymous) at (0,0) size 9x7
                    RenderText {#text} at (0,-50) size 9x106
                      text run at (0,-50) width 9: "x"
                RenderMathMLOperator {mo} at (9,1) size 20x12
                  RenderBlock (anonymous) at (3,0) size 13x12
                    RenderText {#text} at (0,-47) size 13x106
                      text run at (0,-47) width 13: "+"
                RenderMathMLToken {mn} at (28,0) size 9x11
                  RenderBlock (anonymous) at (0,0) size 8x11
                    RenderText {#text} at (0,-46) size 8x106
                      text run at (0,-46) width 8: "2"
            RenderMathMLRow {mrow} at (4,8) size 37x8
              RenderMathMLToken {mi} at (0,2) size 6x5 [padding: 0 1 0 0]
                RenderBlock (anonymous) at (0,0) size 5x4
                  RenderText {#text} at (0,-28) size 5x60
                    text run at (0,-28) width 5: "x"
              RenderMathMLOperator {mo} at (5,0) size 12x7
                RenderBlock (anonymous) at (2,0) size 8x7
                  RenderText {#text} at (0,-26) size 8x60
                    text run at (0,-26) width 8: "+"
              RenderMathMLToken {mi} at (16,2) size 5x6 [padding: 0 1 0 0]
                RenderBlock (anonymous) at (0,0) size 5x6
                  RenderText {#text} at (0,-28) size 5x60
                    text run at (0,-28) width 5: "y"
              RenderMathMLOperator {mo} at (20,0) size 12x7
                RenderBlock (anonymous) at (2,0) size 8x7
                  RenderText {#text} at (0,-26) size 8x60
                    text run at (0,-26) width 8: "+"
              RenderMathMLToken {mi} at (31,2) size 5x5 [padding: 0 1 0 0]
                RenderBlock (anonymous) at (0,0) size 4x4
                  RenderText {#text} at (0,-28) size 4x60
                    text run at (0,-28) width 4: "z"
      RenderBlock {p} at (0,282) size 784x28
        RenderText {#text} at (0,10) size 77x17
          text run at (0,10) width 77: "high index: "
        RenderMathMLMath {math} at (76,0) size 23x28
          RenderMathMLRoot {mroot} at (0,0) size 22x28
            RenderMathMLToken {mn} at (14,13) size 8x12
              RenderBlock (anonymous) at (0,0) size 8x11
                RenderText {#text} at (0,-46) size 8x106
                  text run at (0,-46) width 8: "2"
            RenderMathMLFraction {mfrac} at (4,0) size 6x19
              RenderMathMLFraction {mfrac} at (0,0) size 6x13
                RenderMathMLToken {mi} at (0,0) size 6x5 [padding: 0 1 0 0]
                  RenderBlock (anonymous) at (0,0) size 5x4
                    RenderText {#text} at (0,-28) size 5x60
                      text run at (0,-28) width 5: "x"
                RenderMathMLToken {mi} at (0,6) size 5x7 [padding: 0 1 0 0]
                  RenderBlock (anonymous) at (0,0) size 5x6
                    RenderText {#text} at (0,-28) size 5x60
                      text run at (0,-28) width 5: "y"
              RenderMathMLToken {mi} at (0,14) size 5x5 [padding: 0 1 0 0]
                RenderBlock (anonymous) at (0,0) size 4x4
                  RenderText {#text} at (0,-28) size 4x60
                    text run at (0,-28) width 4: "z"
      RenderBlock {p} at (0,326) size 784x55
        RenderText {#text} at (0,13) size 160x17
          text run at (0,13) width 160: "Imbricated square roots: "
        RenderMathMLMath {math} at (159,0) size 334x55
          RenderMathMLRoot {msqrt} at (0,0) size 333x55
            RenderMathMLToken {mn} at (16,16) size 9x12
              RenderBlock (anonymous) at (0,0) size 8x11
                RenderText {#text} at (0,-46) size 8x106
                  text run at (0,-46) width 8: "1"
            RenderMathMLOperator {mo} at (24,17) size 21x13
              RenderBlock (anonymous) at (3,0) size 13x12
                RenderText {#text} at (0,-47) size 13x106
                  text run at (0,-47) width 13: "+"
            RenderMathMLRoot {msqrt} at (44,2) size 289x53
              RenderMathMLRow {mrow} at (16,2) size 273x51
                RenderMathMLToken {mn} at (0,12) size 8x11
                  RenderBlock (anonymous) at (0,0) size 8x11
                    RenderText {#text} at (0,-46) size 8x106
                      text run at (0,-46) width 8: "2"
                RenderMathMLOperator {mo} at (8,13) size 20x12
                  RenderBlock (anonymous) at (3,0) size 13x12
                    RenderText {#text} at (0,-47) size 13x106
                      text run at (0,-47) width 13: "+"
                RenderMathMLRoot {msqrt} at (27,0) size 245x51
                  RenderMathMLRow {mrow} at (16,2) size 228x49
                    RenderMathMLToken {mn} at (0,10) size 8x12
                      RenderBlock (anonymous) at (0,0) size 8x12
                        RenderText {#text} at (0,-46) size 8x106
                          text run at (0,-46) width 8: "3"
                    RenderMathMLOperator {mo} at (8,11) size 20x12
                      RenderBlock (anonymous) at (3,0) size 13x12
                        RenderText {#text} at (0,-47) size 13x106
                          text run at (0,-47) width 13: "+"
                    RenderMathMLRoot {msqrt} at (27,0) size 201x49
                      RenderMathMLRow {mrow} at (16,2) size 184x40
                        RenderMathMLToken {mn} at (0,8) size 8x11
                          RenderBlock (anonymous) at (0,0) size 8x11
                            RenderText {#text} at (0,-46) size 8x106
                              text run at (0,-46) width 8: "4"
                        RenderMathMLOperator {mo} at (8,9) size 20x12
                          RenderBlock (anonymous) at (3,0) size 13x12
                            RenderText {#text} at (0,-47) size 13x106
                              text run at (0,-47) width 13: "+"
                        RenderMathMLRoot {msqrt} at (27,0) size 157x39
                          RenderMathMLRow {mrow} at (16,2) size 140x30
                            RenderMathMLToken {mn} at (0,6) size 8x12
                              RenderBlock (anonymous) at (0,0) size 8x12
                                RenderText {#text} at (0,-46) size 8x106
                                  text run at (0,-46) width 8: "5"
                            RenderMathMLOperator {mo} at (8,7) size 20x12
                              RenderBlock (anonymous) at (3,0) size 13x12
                                RenderText {#text} at (0,-47) size 13x106
                                  text run at (0,-47) width 13: "+"
                            RenderMathMLRoot {msqrt} at (27,0) size 113x30
                              RenderMathMLRow {mrow} at (16,2) size 97x20
                                RenderMathMLToken {mn} at (0,4) size 8x12
                                  RenderBlock (anonymous) at (0,0) size 8x12
                                    RenderText {#text} at (0,-46) size 8x106
                                      text run at (0,-46) width 8: "6"
                                RenderMathMLOperator {mo} at (8,5) size 20x12
                                  RenderBlock (anonymous) at (3,0) size 13x12
                                    RenderText {#text} at (0,-47) size 13x106
                                      text run at (0,-47) width 13: "+"
                                RenderMathMLRoot {msqrt} at (27,0) size 70x20
                                  RenderMathMLRow {mrow} at (16,2) size 53x17
                                    RenderMathMLToken {mn} at (0,2) size 8x12
                                      RenderBlock (anonymous) at (0,0) size 8x12
                                        RenderText {#text} at (0,-46) size 8x106
                                          text run at (0,-46) width 8: "7"
                                    RenderMathMLOperator {mo} at (8,3) size 20x12
                                      RenderBlock (anonymous) at (3,0) size 13x12
                                        RenderText {#text} at (0,-47) size 13x106
                                          text run at (0,-47) width 13: "+"
                                    RenderMathMLRoot {msqrt} at (27,0) size 26x17
                                      RenderMathMLToken {mi} at (13,2) size 13x12 [padding: 0 2 0 0]
                                        RenderBlock (anonymous) at (0,0) size 12x12
                                          RenderText {#text} at (0,-45) size 12x106
                                            text run at (0,-45) width 12: "A"
        RenderText {#text} at (0,0) size 0x0
      RenderBlock {p} at (0,397) size 784x57
        RenderText {#text} at (0,20) size 114x17
          text run at (0,20) width 114: "Imbricated roots: "
        RenderMathMLMath {math} at (113,0) size 351x57
          RenderMathMLRoot {mroot} at (0,0) size 351x57
            RenderMathMLRow {mrow} at (16,2) size 335x55
              RenderMathMLToken {mn} at (0,21) size 8x11
                RenderBlock (anonymous) at (0,0) size 8x11
                  RenderText {#text} at (0,-46) size 8x106
                    text run at (0,-46) width 8: "1"
              RenderMathMLOperator {mo} at (8,22) size 20x12
                RenderBlock (anonymous) at (3,0) size 13x12
                  RenderText {#text} at (0,-47) size 13x106
                    text run at (0,-47) width 13: "+"
              RenderMathMLRoot {mroot} at (27,0) size 307x55
                RenderMathMLRow {mrow} at (16,2) size 290x53
                  RenderMathMLToken {mn} at (0,19) size 8x11
                    RenderBlock (anonymous) at (0,0) size 8x11
                      RenderText {#text} at (0,-46) size 8x106
                        text run at (0,-46) width 8: "2"
                  RenderMathMLOperator {mo} at (8,20) size 20x12
                    RenderBlock (anonymous) at (3,0) size 13x12
                      RenderText {#text} at (0,-47) size 13x106
                        text run at (0,-47) width 13: "+"
                  RenderMathMLRoot {mroot} at (27,0) size 262x53
                    RenderMathMLRow {mrow} at (16,2) size 246x51
                      RenderMathMLToken {mn} at (0,17) size 8x12
                        RenderBlock (anonymous) at (0,0) size 8x12
                          RenderText {#text} at (0,-46) size 8x106
                            text run at (0,-46) width 8: "3"
                      RenderMathMLOperator {mo} at (8,18) size 20x12
                        RenderBlock (anonymous) at (3,0) size 13x12
                          RenderText {#text} at (0,-47) size 13x106
                            text run at (0,-47) width 13: "+"
                      RenderMathMLRoot {mroot} at (27,0) size 218x51
                        RenderMathMLRow {mrow} at (16,2) size 201x49
                          RenderMathMLToken {mn} at (0,15) size 8x11
                            RenderBlock (anonymous) at (0,0) size 8x11
                              RenderText {#text} at (0,-46) size 8x106
                                text run at (0,-46) width 8: "4"
                          RenderMathMLOperator {mo} at (8,16) size 20x12
                            RenderBlock (anonymous) at (3,0) size 13x12
                              RenderText {#text} at (0,-47) size 13x106
                                text run at (0,-47) width 13: "+"
                          RenderMathMLRoot {mroot} at (27,0) size 173x49
                            RenderMathMLRow {mrow} at (16,2) size 157x40
                              RenderMathMLToken {mn} at (0,13) size 8x12
                                RenderBlock (anonymous) at (0,0) size 8x12
                                  RenderText {#text} at (0,-46) size 8x106
                                    text run at (0,-46) width 8: "5"
                              RenderMathMLOperator {mo} at (8,14) size 20x12
                                RenderBlock (anonymous) at (3,0) size 13x12
                                  RenderText {#text} at (0,-47) size 13x106
                                    text run at (0,-47) width 13: "+"
                              RenderMathMLRoot {mroot} at (27,0) size 130x39
                                RenderMathMLRow {mrow} at (16,2) size 113x30
                                  RenderMathMLToken {mn} at (0,11) size 8x12
                                    RenderBlock (anonymous) at (0,0) size 8x12
                                      RenderText {#text} at (0,-46) size 8x106
                                        text run at (0,-46) width 8: "6"
                                  RenderMathMLOperator {mo} at (8,12) size 20x12
                                    RenderBlock (anonymous) at (3,0) size 13x12
                                      RenderText {#text} at (0,-47) size 13x106
                                        text run at (0,-47) width 13: "+"
                                  RenderMathMLRoot {mroot} at (27,0) size 86x30
                                    RenderMathMLRow {mrow} at (16,2) size 70x24
                                      RenderMathMLToken {mn} at (0,9) size 8x12
                                        RenderBlock (anonymous) at (0,0) size 8x12
                                          RenderText {#text} at (0,-46) size 8x106
                                            text run at (0,-46) width 8: "7"
                                      RenderMathMLOperator {mo} at (8,10) size 20x12
                                        RenderBlock (anonymous) at (3,0) size 13x12
                                          RenderText {#text} at (0,-47) size 13x106
                                            text run at (0,-47) width 13: "+"
                                      RenderMathMLRoot {mroot} at (27,0) size 42x24
                                        RenderMathMLToken {mi} at (29,8) size 13x13 [padding: 0 2 0 0]
                                          RenderBlock (anonymous) at (0,0) size 12x12
                                            RenderText {#text} at (0,-45) size 12x106
                                              text run at (0,-45) width 12: "A"
                                        RenderMathMLFraction {mfrac} at (4,0) size 21x14
                                          RenderMathMLRow {mrow} at (0,0) size 21x8
                                            RenderMathMLToken {mi} at (0,2) size 6x5 [padding: 0 1 0 0]
                                              RenderBlock (anonymous) at (0,0) size 5x4
                                                RenderText {#text} at (0,-28) size 5x60
                                                  text run at (0,-28) width 5: "x"
                                            RenderMathMLOperator {mo} at (5,0) size 12x7
                                              RenderBlock (anonymous) at (2,0) size 8x7
                                                RenderText {#text} at (0,-26) size 8x60
                                                  text run at (0,-26) width 8: "+"
                                            RenderMathMLToken {mi} at (16,2) size 5x6 [padding: 0 1 0 0]
                                              RenderBlock (anonymous) at (0,0) size 5x6
                                                RenderText {#text} at (0,-28) size 5x60
                                                  text run at (0,-28) width 5: "y"
                                          RenderMathMLToken {mi} at (8,9) size 5x5 [padding: 0 1 0 0]
                                            RenderBlock (anonymous) at (0,0) size 4x4
                                              RenderText {#text} at (0,-28) size 4x60
                                                text run at (0,-28) width 4: "z"
                                    RenderMathMLToken {mn} at (4,5) size 5x8
                                      RenderBlock (anonymous) at (0,0) size 5x7
                                        RenderText {#text} at (0,-26) size 5x60
                                          text run at (0,-26) width 5: "9"
                                RenderMathMLToken {mn} at (4,8) size 5x8
                                  RenderBlock (anonymous) at (0,0) size 5x7
                                    RenderText {#text} at (0,-26) size 5x60
                                      text run at (0,-26) width 5: "8"
                            RenderMathMLToken {mn} at (4,11) size 5x9
                              RenderBlock (anonymous) at (0,0) size 5x8
                                RenderText {#text} at (0,-25) size 5x60
                                  text run at (0,-25) width 5: "7"
                        RenderMathMLToken {mn} at (4,13) size 5x8
                          RenderBlock (anonymous) at (0,0) size 5x7
                            RenderText {#text} at (0,-26) size 5x60
                              text run at (0,-26) width 5: "6"
                    RenderMathMLToken {mn} at (4,14) size 5x8
                      RenderBlock (anonymous) at (0,0) size 5x7
                        RenderText {#text} at (0,-26) size 5x60
                          text run at (0,-26) width 5: "5"
                RenderMathMLToken {mn} at (4,15) size 5x8
                  RenderBlock (anonymous) at (0,0) size 5x7
                    RenderText {#text} at (0,-25) size 5x60
                      text run at (0,-25) width 5: "4"
            RenderMathMLToken {mn} at (4,16) size 5x8
              RenderBlock (anonymous) at (0,0) size 5x7
                RenderText {#text} at (0,-26) size 5x60
                  text run at (0,-26) width 5: "3"
        RenderText {#text} at (0,0) size 0x0
      RenderBlock {p} at (0,470) size 784x57
        RenderText {#text} at (0,20) size 74x17
          text run at (0,20) width 74: "RTL roots: "
        RenderMathMLMath {math} at (73,0) size 351x57
          RenderMathMLRoot {mroot} at (0,0) size 351x57
            RenderMathMLRow {mrow} at (0,2) size 334x55
              RenderMathMLToken {mn} at (325,21) size 9x11
                RenderBlock (anonymous) at (0,0) size 8x11
                  RenderText {#text} at (0,-46) size 8x106
                    text run at (0,-46) width 8: "1"
              RenderMathMLOperator {mo} at (305,22) size 21x12
                RenderBlock (anonymous) at (3,0) size 13x12
                  RenderText {#text} at (0,-47) size 13x106
                    text run at (0,-47) width 13 RTL: "+"
              RenderMathMLRoot {mroot} at (0,0) size 306x55
                RenderMathMLRow {mrow} at (0,2) size 289x53
                  RenderMathMLToken {mn} at (280,19) size 9x11
                    RenderBlock (anonymous) at (0,0) size 8x11
                      RenderText {#text} at (0,-46) size 8x106
                        text run at (0,-46) width 8: "2"
                  RenderMathMLOperator {mo} at (261,20) size 20x12
                    RenderBlock (anonymous) at (3,0) size 13x12
                      RenderText {#text} at (0,-47) size 13x106
                        text run at (0,-47) width 13 RTL: "+"
                  RenderMathMLRoot {mroot} at (0,0) size 262x53
                    RenderMathMLRow {mrow} at (0,2) size 245x51
                      RenderMathMLToken {mn} at (236,17) size 9x12
                        RenderBlock (anonymous) at (0,0) size 8x12
                          RenderText {#text} at (0,-46) size 8x106
                            text run at (0,-46) width 8: "3"
                      RenderMathMLOperator {mo} at (216,18) size 21x12
                        RenderBlock (anonymous) at (3,0) size 13x12
                          RenderText {#text} at (0,-47) size 13x106
                            text run at (0,-47) width 13 RTL: "+"
                      RenderMathMLRoot {mroot} at (0,0) size 217x51
                        RenderMathMLRow {mrow} at (0,2) size 200x49
                          RenderMathMLToken {mn} at (191,15) size 9x11
                            RenderBlock (anonymous) at (0,0) size 8x11
                              RenderText {#text} at (0,-46) size 8x106
                                text run at (0,-46) width 8: "4"
                          RenderMathMLOperator {mo} at (172,16) size 20x12
                            RenderBlock (anonymous) at (3,0) size 13x12
                              RenderText {#text} at (0,-47) size 13x106
                                text run at (0,-47) width 13 RTL: "+"
                          RenderMathMLRoot {mroot} at (0,0) size 173x49
                            RenderMathMLRow {mrow} at (0,2) size 157x40
                              RenderMathMLToken {mn} at (148,13) size 9x12
                                RenderBlock (anonymous) at (0,0) size 8x12
                                  RenderText {#text} at (0,-46) size 8x106
                                    text run at (0,-46) width 8: "5"
                              RenderMathMLOperator {mo} at (128,14) size 21x12
                                RenderBlock (anonymous) at (3,0) size 13x12
                                  RenderText {#text} at (0,-47) size 13x106
                                    text run at (0,-47) width 13 RTL: "+"
                              RenderMathMLRoot {mroot} at (0,0) size 129x39
                                RenderMathMLRow {mrow} at (0,2) size 113x30
                                  RenderMathMLToken {mn} at (104,11) size 9x12
                                    RenderBlock (anonymous) at (0,0) size 8x12
                                      RenderText {#text} at (0,-46) size 8x106
                                        text run at (0,-46) width 8: "6"
                                  RenderMathMLOperator {mo} at (85,12) size 20x12
                                    RenderBlock (anonymous) at (3,0) size 13x12
                                      RenderText {#text} at (0,-47) size 13x106
                                        text run at (0,-47) width 13 RTL: "+"
                                  RenderMathMLRoot {mroot} at (0,0) size 86x30
                                    RenderMathMLRow {mrow} at (0,2) size 69x24
                                      RenderMathMLToken {mn} at (60,9) size 9x12
                                        RenderBlock (anonymous) at (0,0) size 8x12
                                          RenderText {#text} at (0,-46) size 8x106
                                            text run at (0,-46) width 8: "7"
                                      RenderMathMLOperator {mo} at (41,10) size 20x12
                                        RenderBlock (anonymous) at (3,0) size 13x12
                                          RenderText {#text} at (0,-47) size 13x106
                                            text run at (0,-47) width 13 RTL: "+"
                                      RenderMathMLRoot {mroot} at (0,0) size 42x24
                                        RenderMathMLToken {mi} at (0,8) size 12x13 [padding: 0 0 0 2]
                                          RenderBlock (anonymous) at (0,0) size 12x12
                                            RenderText {#text} at (0,-45) size 12x106
                                              text run at (0,-45) width 12: "A"
                                        RenderMathMLFraction {mfrac} at (16,0) size 21x14
                                          RenderMathMLRow {mrow} at (0,0) size 21x8
                                            RenderMathMLToken {mi} at (15,2) size 6x5 [padding: 0 0 0 1]
                                              RenderBlock (anonymous) at (0,0) size 5x4
                                                RenderText {#text} at (0,-28) size 5x60
                                                  text run at (0,-28) width 5: "x"
                                            RenderMathMLOperator {mo} at (4,0) size 12x7
                                              RenderBlock (anonymous) at (2,0) size 8x7
                                                RenderText {#text} at (0,-26) size 8x60
                                                  text run at (0,-26) width 8 RTL: "+"
                                            RenderMathMLToken {mi} at (0,2) size 5x6 [padding: 0 0 0 1]
                                              RenderBlock (anonymous) at (0,0) size 5x6
                                                RenderText {#text} at (0,-28) size 5x60
                                                  text run at (0,-28) width 5: "y"
                                          RenderMathMLToken {mi} at (8,9) size 5x5 [padding: 0 0 0 1]
                                            RenderBlock (anonymous) at (0,0) size 4x4
                                              RenderText {#text} at (0,-28) size 4x60
                                                text run at (0,-28) width 4: "z"
                                    RenderMathMLToken {mn} at (76,5) size 5x8
                                      RenderBlock (anonymous) at (0,0) size 5x7
                                        RenderText {#text} at (0,-26) size 5x60
                                          text run at (0,-26) width 5: "9"
                                RenderMathMLToken {mn} at (119,8) size 6x8
                                  RenderBlock (anonymous) at (0,0) size 5x7
                                    RenderText {#text} at (0,-26) size 5x60
                                      text run at (0,-26) width 5: "8"
                            RenderMathMLToken {mn} at (163,11) size 5x9
                              RenderBlock (anonymous) at (0,0) size 5x8
                                RenderText {#text} at (0,-25) size 5x60
                                  text run at (0,-25) width 5: "7"
                        RenderMathMLToken {mn} at (207,13) size 6x8
                          RenderBlock (anonymous) at (0,0) size 5x7
                            RenderText {#text} at (0,-26) size 5x60
                              text run at (0,-26) width 5: "6"
                    RenderMathMLToken {mn} at (252,14) size 5x8
                      RenderBlock (anonymous) at (0,0) size 5x7
                        RenderText {#text} at (0,-26) size 5x60
                          text run at (0,-26) width 5: "5"
                RenderMathMLToken {mn} at (296,15) size 6x8
                  RenderBlock (anonymous) at (0,0) size 5x7
                    RenderText {#text} at (0,-25) size 5x60
                      text run at (0,-25) width 5: "4"
            RenderMathMLToken {mn} at (341,16) size 5x8
              RenderBlock (anonymous) at (0,0) size 5x7
                RenderText {#text} at (0,-26) size 5x60
                  text run at (0,-26) width 5: "3"
        RenderText {#text} at (0,0) size 0x0
