layer at (0,0) size 800x600
  RenderView at (0,0) size 800x600
layer at (0,0) size 800x600
  RenderBlock {HTML} at (0,0) size 800x600
    RenderBody {BODY} at (8,10) size 784x582
      RenderBlock {DIV} at (10,0) size 206x206 [border: (3px none #000000)]
      RenderBlock {DIV} at (10,216) size 206x206 [border: (3px none #000000)]
      RenderBlock {DIV} at (0,432) size 784x40
        RenderText {#text} at (0,0) size 600x19
          text run at (0,0) width 600: "PASS - \"border-image-source\" property for \"box\" element at 0.5s saw something close to: 0.5"
        RenderBR {BR} at (599,15) size 1x0
        RenderText {#text} at (0,20) size 666x19
          text run at (0,20) width 666: "PASS - \"border-image-source\" property for \"boxShorthand\" element at 0.5s saw something close to: 0.5"
        RenderBR {BR} at (665,35) size 1x0
