layer at (0,0) size 800x600
  RenderView at (0,0) size 800x600
layer at (0,0) size 800x600
  RenderBlock {HTML} at (0,0) size 800x600
    RenderBody {BODY} at (8,8) size 784x584 [bgcolor=#CCCCCC]
      RenderBlock {P} at (0,0) size 784x20
        RenderText {#text} at (0,0) size 337x19
          text run at (0,0) width 337: "The style declarations which apply to the text below are:"
      RenderBlock {PRE} at (0,36) size 784x64
        RenderText {#text} at (0,0) size 248x64
          text run at (0,0) width 208: ".one {font-style: italic;}"
          text run at (208,0) width 0: " "
          text run at (0,16) width 216: ".two {font-style: oblique;}"
          text run at (216,16) width 0: " "
          text run at (0,32) width 248: ".three, I {font-style: normal;}"
          text run at (248,32) width 0: " "
          text run at (0,48) width 0: " "
      RenderBlock {HR} at (0,113) size 784x2 [border: (1px inset #000000)]
      RenderBlock {P} at (0,131) size 784x20
        RenderText {#text} at (0,0) size 508x19
          text run at (0,0) width 508: "This paragraph should be in italics, but the last word of the sentence should be "
        RenderInline {SPAN} at (0,0) size 41x19
          RenderText {#text} at (508,0) size 41x19
            text run at (508,0) width 41: "normal"
        RenderText {#text} at (549,0) size 4x19
          text run at (549,0) width 4: "."
      RenderBlock {P} at (0,167) size 784x20
        RenderText {#text} at (0,0) size 219x19
          text run at (0,0) width 219: "This paragraph should be oblique."
      RenderBlock {P} at (0,203) size 784x20
        RenderInline {I} at (0,0) size 201x19
          RenderText {#text} at (0,0) size 201x19
            text run at (0,0) width 201: "This paragraph should be normal."
        RenderText {#text} at (0,0) size 0x0
      RenderTable {TABLE} at (0,239) size 575x130 [border: (1px outset #808080)]
        RenderTableSection {TBODY} at (1,1) size 573x128
          RenderTableRow {TR} at (0,0) size 573x28
            RenderTableCell {TD} at (0,0) size 573x28 [bgcolor=#C0C0C0] [border: (1px inset #808080)] [r=0 c=0 rs=1 cs=2]
              RenderInline {STRONG} at (0,0) size 159x19
                RenderText {#text} at (4,4) size 159x19
                  text run at (4,4) width 159: "TABLE Testing Section"
          RenderTableRow {TR} at (0,28) size 573x100
            RenderTableCell {TD} at (0,64) size 12x28 [bgcolor=#C0C0C0] [border: (1px inset #808080)] [r=1 c=0 rs=1 cs=1]
              RenderText {#text} at (4,4) size 4x19
                text run at (4,4) width 4: " "
            RenderTableCell {TD} at (12,28) size 561x100 [border: (1px inset #808080)] [r=1 c=1 rs=1 cs=1]
              RenderBlock {P} at (4,4) size 553x20
                RenderText {#text} at (0,0) size 508x19
                  text run at (0,0) width 508: "This paragraph should be in italics, but the last word of the sentence should be "
                RenderInline {SPAN} at (0,0) size 41x19
                  RenderText {#text} at (508,0) size 41x19
                    text run at (508,0) width 41: "normal"
                RenderText {#text} at (549,0) size 4x19
                  text run at (549,0) width 4: "."
              RenderBlock {P} at (4,40) size 553x20
                RenderText {#text} at (0,0) size 219x19
                  text run at (0,0) width 219: "This paragraph should be oblique."
              RenderBlock {P} at (4,76) size 553x20
                RenderInline {I} at (0,0) size 201x19
                  RenderText {#text} at (0,0) size 201x19
                    text run at (0,0) width 201: "This paragraph should be normal."
                RenderText {#text} at (0,0) size 0x0
