layer at (0,0) size 785x4401
  RenderView at (0,0) size 785x600
layer at (0,0) size 785x4401
  RenderBlock {HTML} at (0,0) size 785x4401
    RenderBody {BODY} at (8,8) size 769x4385 [bgcolor=#CCCCCC]
      RenderBlock {P} at (0,0) size 769x16
        RenderText {#text} at (0,0) size 274x15
          text run at (0,0) width 274: "The style declarations which apply to the text below are:"
      RenderBlock {PRE} at (0,28) size 769x180
        RenderText {#text} at (0,0) size 399x180
          text run at (0,0) width 161: "BODY {font-size: 12px;}"
          text run at (161,0) width 0: " "
          text run at (0,15) width 322: ".one {font: italic small-caps 13pt Helvetica;}"
          text run at (322,15) width 0: " "
          text run at (0,30) width 203: ".two {font: 150%/150% serif;}"
          text run at (203,30) width 0: " "
          text run at (0,45) width 252: ".three {font: 150%/150% sans-serif;}"
          text run at (252,45) width 0: " "
          text run at (0,60) width 231: ".four {font: small/200% cursive;}"
          text run at (231,60) width 0: " "
          text run at (0,75) width 399: ".five {font: italic small-caps 900 150%/150% sans-serif;}"
          text run at (399,75) width 0: " "
          text run at (0,90) width 392: ".six {font: italic small-caps 100 150%/300% sans-serif;}"
          text run at (392,90) width 0: " "
          text run at (0,105) width 392: ".seven {font: italic small-caps 900 150%/2em monospace;}"
          text run at (392,105) width 0: " "
          text run at (0,120) width 399: ".eight {font: italic small-caps 500 150%/1in sans-serif;}"
          text run at (399,120) width 0: " "
          text run at (0,135) width 378: ".nine {font: oblique normal 700 18px/200% sans-serif;}"
          text run at (378,135) width 0: " "
          text run at (0,150) width 301: ".ten {font: normal 400 80%/2.5 sans-serif;}"
          text run at (301,150) width 0: " "
          text run at (0,165) width 266: "SPAN.color {background-color: silver;}"
          text run at (266,165) width 0: " "
      RenderBlock {P} at (0,234) size 769x16
        RenderText {#text} at (0,0) size 721x15
          text run at (0,0) width 431: "This element is unstyled, and should inherit a font-size of 12px from the BODY element. "
          text run at (431,0) width 290: "This is the \"base font size\" referred to in the following tests."
      RenderBlock {P} at (0,267) size 769x22
        RenderText {#text} at (0,0) size 502x20
          text run at (0,0) width 502: "This element should be 13pt. Helvetica which is in small-cap italics."
      RenderBlock {P} at (0,306) size 769x82
        RenderText {#text} at (0,3) size 760x74
          text run at (0,3) width 278: "This element should be in a serif font. "
          text run at (278,3) width 472: "Its font-size should be 150% the base font size, and its line-height"
          text run at (0,30) width 417: "should 150% of that value (18px and 27px, respectively). "
          text run at (417,30) width 343: "Extra text is included for the purposes of testing"
          text run at (0,57) width 152: "this more effectively."
      RenderBlock {P} at (0,405) size 769x82
        RenderText {#text} at (0,3) size 757x75
          text run at (0,3) width 348: "This element should be in a sans-serif font. "
          text run at (348,3) width 409: "Its font-size should be 150% the base font size, and"
          text run at (0,30) width 566: "its line-height should 150% of that value (18px and 27px, respectively). "
          text run at (566,30) width 190: "Extra text is included for"
          text run at (0,57) width 350: "the purposes of testing this more effectively."
      RenderBlock {P} at (0,504) size 769x80
        RenderText {#text} at (0,5) size 746x41
          text run at (0,5) width 601: "This element should be in a cursive font, 'small' in size, with a line-height 200% the height of the text's actual size. "
          text run at (601,5) width 145: "For example, if the font-size"
          text run at (0,31) width 32: "value "
        RenderInline {CODE} at (0,0) size 30x12
          RenderText {#text} at (32,34) size 30x12
            text run at (32,34) width 30: "small"
        RenderText {#text} at (62,31) size 769x42
          text run at (62,31) width 308: " is calculated at 10px, then the line-height should be 20px. "
          text run at (370,31) width 272: "The actual value of the font-size is UA-dependent. "
          text run at (642,31) width 127: "Extra text is included for"
          text run at (0,58) width 238: "the purposes of testing this more effectively."
      RenderBlock {P} at (0,601) size 769x109
        RenderText {#text} at (0,3) size 753x102
          text run at (0,3) width 731: "This element should be in a sans-serif font, italicized and small caps, with a weight of 900. "
          text run at (731,3) width 22: "Its"
          text run at (0,30) width 749: "font-size should be 150% the base font size, and its line-height should be 150% of that value"
          text run at (0,57) width 244: "(18px and 27px, respectively). "
          text run at (244,57) width 476: "Extra text is included for the purposes of testing this more"
          text run at (0,84) width 94: "effectively."
      RenderBlock {P} at (0,727) size 769x217
        RenderText {#text} at (0,16) size 745x184
          text run at (0,16) width 723: "This element should be in a sans-serif font, italicized and small caps, with a weight of 100. "
          text run at (723,16) width 22: "Its"
          text run at (0,70) width 744: "font-size should be 150% the base font size, and its line-height should be 300% of that value"
          text run at (0,124) width 245: "(18px and 54px, respectively). "
          text run at (245,124) width 478: "Extra text is included for the purposes of testing this more"
          text run at (0,178) width 94: "effectively."
      RenderBlock {P} at (0,961) size 769x145
        RenderText {#text} at (0,8) size 750x128
          text run at (0,8) width 750: "This element should be in a monospace font, italicized and small caps, with a weight of"
          text run at (0,44) width 55: "900. "
          text run at (55,44) width 687: "Its font-size should be 150% the base font size, and its line-height should be"
          text run at (0,80) width 618: "2em, or twice the element's font size (18px and 36px, respectively). "
          text run at (618,80) width 113: "Extra text is"
          text run at (0,116) width 499: "included for the purposes of testing this more effectively."
      RenderBlock {P} at (0,1123) size 769x289
        RenderText {#text} at (0,37) size 745x214
          text run at (0,37) width 723: "This element should be in a sans-serif font, italicized and small caps, with a weight of 500. "
          text run at (723,37) width 22: "Its"
          text run at (0,133) width 693: "font-size should be 150% the base font size, or 18px, and its line-height should be 1in. "
          text run at (693,133) width 47: "Extra"
          text run at (0,229) width 525: "text is included for the purposes of testing this more effectively."
      RenderBlock {P} at (0,1429) size 769x145
        RenderText {#text} at (0,7) size 752x129
          text run at (0,7) width 752: "This element should be in a sans-serif font, oblique and not small-caps, with a weight of"
          text run at (0,43) width 40: "700. "
          text run at (40,43) width 663: "Its font-size should be 18 pixels, and its line-height should be 36px (200% this"
          text run at (0,79) width 177: "element's font size). "
          text run at (177,79) width 498: "Extra text is included for the purposes of testing this more"
          text run at (0,115) width 92: "effectively."
      RenderBlock {P} at (0,1591) size 769x51
        RenderText {#text} at (0,6) size 760x38
          text run at (0,6) width 305: "This element should be in a sans-serif font, with a weight of 400. "
          text run at (305,6) width 455: "Its font-size should be 80% of 12px, or 9.6px, and its line-height shoud be 2.5 times that, or 24px."
          text run at (0,31) width 321: "Extra text is included for the purposes of testing this more effectively."
      RenderBlock {P} at (0,1659) size 769x271
        RenderInline {SPAN} at (0,0) size 761x238 [bgcolor=#C0C0C0]
          RenderText {#text} at (0,16) size 761x238
            text run at (0,16) width 723: "This element should be in a sans-serif font, italicized and small caps, with a weight of 100. "
            text run at (723,16) width 22: "Its"
            text run at (0,70) width 744: "font-size should be 150% the base font size, and its line-height should be 300% of that value"
            text run at (0,124) width 761: "(18px and 54px, respectively). The text should have a silver background. The background color"
            text run at (0,178) width 736: "has been set on an inline element and should therefore only cover the text, not the interline"
            text run at (0,232) width 64: "spacing."
        RenderText {#text} at (0,0) size 0x0
      RenderTable {TABLE} at (0,1947) size 769x2438 [border: (1px outset #808080)]
        RenderTableSection {TBODY} at (1,1) size 767x2436
          RenderTableRow {TR} at (0,0) size 767x28
            RenderTableCell {TD} at (0,0) size 767x28 [bgcolor=#C0C0C0] [border: (1px inset #808080)] [r=0 c=0 rs=1 cs=2]
              RenderInline {STRONG} at (0,0) size 159x19
                RenderText {#text} at (4,4) size 159x19
                  text run at (4,4) width 159: "TABLE Testing Section"
          RenderTableRow {TR} at (0,28) size 767x2408
            RenderTableCell {TD} at (0,1217) size 12x29 [bgcolor=#C0C0C0] [border: (1px inset #808080)] [r=1 c=0 rs=1 cs=1]
              RenderText {#text} at (4,3) size 4x21
                text run at (4,4) width 4: " "
            RenderTableCell {TD} at (12,28) size 755x2408 [border: (1px inset #808080)] [r=1 c=1 rs=1 cs=1]
              RenderBlock {P} at (4,4) size 747x40
                RenderText {#text} at (0,0) size 738x39
                  text run at (0,0) width 531: "This element is unstyled, and should inherit a font-size of 12px from the BODY element. "
                  text run at (531,0) width 207: "This is the \"base font size\" referred"
                  text run at (0,20) width 141: "to in the following tests."
              RenderBlock {P} at (4,61) size 747x22
                RenderText {#text} at (0,0) size 502x20
                  text run at (0,0) width 502: "This element should be 13pt. Helvetica which is in small-cap italics."
              RenderBlock {P} at (4,106) size 747x145
                RenderText {#text} at (0,4) size 725x135
                  text run at (0,4) width 367: "This element should be in a serif font. "
                  text run at (367,4) width 358: "Its font-size should be 150% the base"
                  text run at (0,40) width 685: "font size, and its line-height should 150% of that value (18px and 27px,"
                  text run at (0,76) width 136: "respectively). "
                  text run at (136,76) width 556: "Extra text is included for the purposes of testing this more"
                  text run at (0,112) width 109: "effectively."
              RenderBlock {P} at (4,274) size 747x145
                RenderText {#text} at (0,4) size 708x135
                  text run at (0,4) width 471: "This element should be in a sans-serif font. "
                  text run at (471,4) width 237: "Its font-size should be"
                  text run at (0,40) width 685: "150% the base font size, and its line-height should 150% of that"
                  text run at (0,76) width 391: "value (18px and 27px, respectively). "
                  text run at (391,76) width 299: "Extra text is included for the"
                  text run at (0,112) width 432: "purposes of testing this more effectively."
              RenderBlock {P} at (4,442) size 747x80
                RenderText {#text} at (0,5) size 746x41
                  text run at (0,5) width 601: "This element should be in a cursive font, 'small' in size, with a line-height 200% the height of the text's actual size. "
                  text run at (601,5) width 145: "For example, if the font-size"
                  text run at (0,31) width 32: "value "
                RenderInline {CODE} at (0,0) size 30x12
                  RenderText {#text} at (32,34) size 30x12
                    text run at (32,34) width 30: "small"
                RenderText {#text} at (62,31) size 702x42
                  text run at (62,31) width 308: " is calculated at 10px, then the line-height should be 20px. "
                  text run at (370,31) width 272: "The actual value of the font-size is UA-dependent. "
                  text run at (642,31) width 60: "Extra text is"
                  text run at (0,58) width 305: "included for the purposes of testing this more effectively."
              RenderBlock {P} at (4,545) size 747x181
                RenderText {#text} at (0,4) size 719x172
                  text run at (0,4) width 716: "This element should be in a sans-serif font, italicized and small caps,"
                  text run at (0,40) width 226: "with a weight of 900. "
                  text run at (226,40) width 493: "Its font-size should be 150% the base font size,"
                  text run at (0,76) width 670: "and its line-height should be 150% of that value (18px and 27px,"
                  text run at (0,112) width 148: "respectively). "
                  text run at (148,112) width 561: "Extra text is included for the purposes of testing this"
                  text run at (0,148) width 177: "more effectively."
              RenderBlock {P} at (4,749) size 747x361
                RenderText {#text} at (0,22) size 717x316
                  text run at (0,22) width 702: "This element should be in a sans-serif font, italicized and small caps,"
                  text run at (0,94) width 227: "with a weight of 100. "
                  text run at (227,94) width 490: "Its font-size should be 150% the base font size,"
                  text run at (0,166) width 663: "and its line-height should be 300% of that value (18px and 54px,"
                  text run at (0,238) width 147: "respectively). "
                  text run at (147,238) width 559: "Extra text is included for the purposes of testing this"
                  text run at (0,310) width 175: "more effectively."
              RenderBlock {P} at (4,1133) size 747x157
                RenderText {#text} at (0,8) size 740x140
                  text run at (0,8) width 740: "This element should be in a monospace font, italicized and small caps, with a weight"
                  text run at (0,47) width 88: "of 900. "
                  text run at (88,47) width 620: "Its font-size should be 150% the base font size, and its line-height"
                  text run at (0,86) width 716: "should be 2em, or twice the element's font size (18px and 36px, respectively)."
                  text run at (0,125) width 636: "Extra text is included for the purposes of testing this more effectively."
              RenderBlock {P} at (4,1313) size 747x385
                RenderText {#text} at (0,34) size 739x316
                  text run at (0,34) width 702: "This element should be in a sans-serif font, italicized and small caps,"
                  text run at (0,130) width 227: "with a weight of 500. "
                  text run at (227,130) width 490: "Its font-size should be 150% the base font size,"
                  text run at (0,226) width 433: "or 18px, and its line-height should be 1in. "
                  text run at (433,226) width 306: "Extra text is included for the"
                  text run at (0,322) width 428: "purposes of testing this more effectively."
              RenderBlock {P} at (4,1721) size 747x145
                RenderText {#text} at (0,7) size 730x129
                  text run at (0,7) width 730: "This element should be in a sans-serif font, oblique and not small-caps, with a weight"
                  text run at (0,43) width 62: "of 700. "
                  text run at (62,43) width 663: "Its font-size should be 18 pixels, and its line-height should be 36px (200% this"
                  text run at (0,79) width 177: "element's font size). "
                  text run at (177,79) width 498: "Extra text is included for the purposes of testing this more"
                  text run at (0,115) width 92: "effectively."
              RenderBlock {P} at (4,1883) size 747x65
                RenderText {#text} at (0,8) size 742x48
                  text run at (0,8) width 374: "This element should be in a sans-serif font, with a weight of 400. "
                  text run at (374,8) width 368: "Its font-size should be 80% of 12px, or 9.6px, and its line-height"
                  text run at (0,40) width 196: "shoud be 2.5 times that, or 24px. "
                  text run at (196,40) width 399: "Extra text is included for the purposes of testing this more effectively."
              RenderBlock {P} at (4,1971) size 747x433
                RenderInline {SPAN} at (0,0) size 717x388 [bgcolor=#C0C0C0]
                  RenderText {#text} at (0,22) size 717x388
                    text run at (0,22) width 702: "This element should be in a sans-serif font, italicized and small caps,"
                    text run at (0,94) width 227: "with a weight of 100. "
                    text run at (227,94) width 490: "Its font-size should be 150% the base font size,"
                    text run at (0,166) width 663: "and its line-height should be 300% of that value (18px and 54px,"
                    text run at (0,238) width 624: "respectively). The text should have a silver background. The"
                    text run at (0,310) width 643: "background color has been set on an inline element and should"
                    text run at (0,382) width 581: "therefore only cover the text, not the interline spacing."
                RenderText {#text} at (0,0) size 0x0
layer at (8,228) size 769x2 clip at (0,0) size 0x0
  RenderBlock {HR} at (0,220) size 769x2 [border: (1px inset #000000)]
