layer at (0,0) size 785x2821
  RenderView at (0,0) size 785x600
layer at (0,0) size 785x2821
  RenderBlock {HTML} at (0,0) size 785x2821
    RenderBody {BODY} at (8,8) size 769x2805 [bgcolor=#CCCCCC]
      RenderBlock {P} at (0,0) size 769x20
        RenderText {#text} at (0,0) size 337x19
          text run at (0,0) width 337: "The style declarations which apply to the text below are:"
      RenderBlock {PRE} at (0,36) size 769x320
        RenderText {#text} at (0,0) size 224x320
          text run at (0,0) width 200: ".one {font-size: medium;}"
          text run at (200,0) width 0: " "
          text run at (0,16) width 200: ".two {font-size: larger;}"
          text run at (200,16) width 0: " "
          text run at (0,32) width 224: ".three {font-size: smaller;}"
          text run at (224,32) width 0: " "
          text run at (0,48) width 224: ".four {font-size: xx-small;}"
          text run at (224,48) width 0: " "
          text run at (0,64) width 216: ".five {font-size: x-small;}"
          text run at (216,64) width 0: " "
          text run at (0,80) width 192: ".six {font-size: small;}"
          text run at (192,80) width 0: " "
          text run at (0,96) width 208: ".seven {font-size: large;}"
          text run at (208,96) width 0: " "
          text run at (0,112) width 224: ".eight {font-size: x-large;}"
          text run at (224,112) width 0: " "
          text run at (0,128) width 224: ".nine {font-size: xx-large;}"
          text run at (224,128) width 0: " "
          text run at (0,144) width 176: ".a {font-size: 0.5in;}"
          text run at (176,144) width 0: " "
          text run at (0,160) width 160: ".b {font-size: 1cm;}"
          text run at (160,160) width 0: " "
          text run at (0,176) width 168: ".c {font-size: 10mm;}"
          text run at (168,176) width 0: " "
          text run at (0,192) width 168: ".d {font-size: 18pt;}"
          text run at (168,192) width 0: " "
          text run at (0,208) width 176: ".e {font-size: 1.5pc;}"
          text run at (176,208) width 0: " "
          text run at (0,224) width 160: ".f {font-size: 2em;}"
          text run at (160,224) width 0: " "
          text run at (0,240) width 160: ".g {font-size: 3ex;}"
          text run at (160,240) width 0: " "
          text run at (0,256) width 168: ".h {font-size: 25px;}"
          text run at (168,256) width 0: " "
          text run at (0,272) width 168: ".i {font-size: 200%;}"
          text run at (168,272) width 0: " "
          text run at (0,288) width 184: ".j {font-size: -0.5in;}"
          text run at (184,288) width 0: " "
          text run at (0,304) width 0: " "
      RenderBlock {P} at (0,387) size 769x20
        RenderText {#text} at (0,0) size 648x19
          text run at (0,0) width 648: "This paragraph element is unstyled, so the size of the font in this element is the default size for this user agent."
      RenderBlock {P} at (0,423) size 769x20
        RenderText {#text} at (0,0) size 179x19
          text run at (0,0) width 179: "This sentence has been set to "
        RenderInline {CODE} at (0,0) size 48x16
          RenderText {#text} at (179,3) size 48x16
            text run at (179,3) width 48: "medium"
        RenderText {#text} at (227,0) size 343x19
          text run at (227,0) width 343: ", which may or may not be the same size as unstyled text."
      RenderBlock {P} at (0,462) size 769x23
        RenderText {#text} at (0,0) size 366x21
          text run at (0,0) width 366: "This sentence should be larger than unstyled text."
      RenderBlock {P} at (0,503) size 769x17
        RenderText {#text} at (0,0) size 273x15
          text run at (0,0) width 273: "This sentence should be smaller than unstyled text."
      RenderBlock {P} at (0,532) size 769x21
        RenderText {#text} at (0,5) size 303x12
          text run at (0,5) width 303: "This sentence should be very small, but the last word in the sentence should be "
        RenderInline {SPAN} at (0,0) size 47x19
          RenderText {#text} at (303,0) size 47x19
            text run at (303,0) width 47: "medium"
        RenderText {#text} at (350,5) size 2x12
          text run at (350,5) width 2: "."
      RenderBlock {P} at (0,562) size 769x21
        RenderText {#text} at (0,5) size 328x12
          text run at (0,5) width 328: "This sentence should be rather small, but the last word in the sentence should be "
        RenderInline {SPAN} at (0,0) size 47x19
          RenderText {#text} at (328,0) size 47x19
            text run at (328,0) width 47: "medium"
        RenderText {#text} at (375,5) size 3x12
          text run at (375,5) width 3: "."
      RenderBlock {P} at (0,595) size 769x21
        RenderText {#text} at (0,3) size 400x15
          text run at (0,3) width 400: "This sentence should be small, but the last word in the sentence should be "
        RenderInline {SPAN} at (0,0) size 47x19
          RenderText {#text} at (400,0) size 47x19
            text run at (400,0) width 47: "medium"
        RenderText {#text} at (447,3) size 3x15
          text run at (447,3) width 3: "."
      RenderBlock {P} at (0,633) size 769x22
        RenderText {#text} at (0,0) size 534x20
          text run at (0,0) width 534: "This sentence should be large, but the last word in the sentence should be "
        RenderInline {SPAN} at (0,0) size 47x19
          RenderText {#text} at (534,1) size 47x19
            text run at (534,1) width 47: "medium"
        RenderText {#text} at (581,0) size 5x20
          text run at (581,0) width 5: "."
      RenderBlock {P} at (0,678) size 769x57
        RenderText {#text} at (0,0) size 766x27
          text run at (0,0) width 766: "This sentence should be rather large, but the last word in the sentence should be"
        RenderInline {SPAN} at (0,0) size 47x19
          RenderText {#text} at (0,34) size 47x19
            text run at (0,34) width 47: "medium"
        RenderText {#text} at (47,28) size 6x27
          text run at (47,28) width 6: "."
      RenderBlock {P} at (0,766) size 769x75
        RenderText {#text} at (0,0) size 735x73
          text run at (0,0) width 735: "This sentence should be very large, but the last word in the"
          text run at (0,37) width 242: "sentence should be "
        RenderInline {SPAN} at (0,0) size 47x19
          RenderText {#text} at (242,50) size 47x19
            text run at (242,50) width 47: "medium"
        RenderText {#text} at (289,37) size 8x36
          text run at (289,37) width 8: "."
      RenderBlock {P} at (0,888) size 769x58
        RenderText {#text} at (0,1) size 763x55
          text run at (0,1) width 763: "This sentence should be half an inch tall."
      RenderBlock {P} at (0,993) size 769x46
        RenderText {#text} at (0,1) size 671x43
          text run at (0,1) width 671: "This sentence should be one centimeter tall."
      RenderBlock {P} at (0,1076) size 769x46
        RenderText {#text} at (0,1) size 678x43
          text run at (0,1) width 678: "This sentence should be ten millimeters tall."
      RenderBlock {P} at (0,1159) size 769x29
        RenderText {#text} at (0,0) size 422x27
          text run at (0,0) width 422: "This sentence should be eighteen points tall."
      RenderBlock {P} at (0,1211) size 769x29
        RenderText {#text} at (0,0) size 492x27
          text run at (0,0) width 492: "This sentence should be one and one half picas tall."
      RenderBlock {P} at (0,1271) size 769x38
        RenderText {#text} at (0,0) size 454x36
          text run at (0,0) width 454: "This sentence should be two em tall."
      RenderBlock {P} at (0,1340) size 769x25
        RenderText {#text} at (0,0) size 303x23
          text run at (0,0) width 303: "This sentence should be three ex tall."
      RenderBlock {P} at (0,1389) size 769x31
        RenderText {#text} at (0,0) size 467x29
          text run at (0,0) width 467: "This sentence should be twenty-five pixels tall."
      RenderBlock {P} at (0,1451) size 769x38
        RenderText {#text} at (0,0) size 533x36
          text run at (0,0) width 533: "This sentence should be twice normal size."
      RenderBlock {P} at (0,1520) size 769x21
        RenderText {#text} at (0,0) size 638x19
          text run at (0,0) width 638: "This sentence should be normal size, since no negative values are allowed and therefore should be ignored."
      RenderTable {TABLE} at (0,1556) size 769x1249 [border: (1px outset #808080)]
        RenderTableSection {TBODY} at (1,1) size 767x1247
          RenderTableRow {TR} at (0,0) size 767x28
            RenderTableCell {TD} at (0,0) size 767x28 [bgcolor=#C0C0C0] [border: (1px inset #808080)] [r=0 c=0 rs=1 cs=2]
              RenderInline {STRONG} at (0,0) size 159x19
                RenderText {#text} at (4,4) size 159x19
                  text run at (4,4) width 159: "TABLE Testing Section"
          RenderTableRow {TR} at (0,28) size 767x1219
            RenderTableCell {TD} at (0,623) size 12x29 [bgcolor=#C0C0C0] [border: (1px inset #808080)] [r=1 c=0 rs=1 cs=1]
              RenderText {#text} at (4,3) size 4x21
                text run at (4,4) width 4: " "
            RenderTableCell {TD} at (12,28) size 755x1219 [border: (1px inset #808080)] [r=1 c=1 rs=1 cs=1]
              RenderBlock {P} at (4,4) size 747x20
                RenderText {#text} at (0,0) size 648x19
                  text run at (0,0) width 648: "This paragraph element is unstyled, so the size of the font in this element is the default size for this user agent."
              RenderBlock {P} at (4,40) size 747x20
                RenderText {#text} at (0,0) size 179x19
                  text run at (0,0) width 179: "This sentence has been set to "
                RenderInline {CODE} at (0,0) size 48x16
                  RenderText {#text} at (179,3) size 48x16
                    text run at (179,3) width 48: "medium"
                RenderText {#text} at (227,0) size 343x19
                  text run at (227,0) width 343: ", which may or may not be the same size as unstyled text."
              RenderBlock {P} at (4,79) size 747x23
                RenderText {#text} at (0,0) size 366x21
                  text run at (0,0) width 366: "This sentence should be larger than unstyled text."
              RenderBlock {P} at (4,120) size 747x17
                RenderText {#text} at (0,0) size 273x15
                  text run at (0,0) width 273: "This sentence should be smaller than unstyled text."
              RenderBlock {P} at (4,149) size 747x21
                RenderText {#text} at (0,5) size 303x12
                  text run at (0,5) width 303: "This sentence should be very small, but the last word in the sentence should be "
                RenderInline {SPAN} at (0,0) size 47x19
                  RenderText {#text} at (303,0) size 47x19
                    text run at (303,0) width 47: "medium"
                RenderText {#text} at (350,5) size 2x12
                  text run at (350,5) width 2: "."
              RenderBlock {P} at (4,179) size 747x21
                RenderText {#text} at (0,5) size 328x12
                  text run at (0,5) width 328: "This sentence should be rather small, but the last word in the sentence should be "
                RenderInline {SPAN} at (0,0) size 47x19
                  RenderText {#text} at (328,0) size 47x19
                    text run at (328,0) width 47: "medium"
                RenderText {#text} at (375,5) size 3x12
                  text run at (375,5) width 3: "."
              RenderBlock {P} at (4,212) size 747x21
                RenderText {#text} at (0,3) size 400x15
                  text run at (0,3) width 400: "This sentence should be small, but the last word in the sentence should be "
                RenderInline {SPAN} at (0,0) size 47x19
                  RenderText {#text} at (400,0) size 47x19
                    text run at (400,0) width 47: "medium"
                RenderText {#text} at (447,3) size 3x15
                  text run at (447,3) width 3: "."
              RenderBlock {P} at (4,250) size 747x22
                RenderText {#text} at (0,0) size 534x20
                  text run at (0,0) width 534: "This sentence should be large, but the last word in the sentence should be "
                RenderInline {SPAN} at (0,0) size 47x19
                  RenderText {#text} at (534,1) size 47x19
                    text run at (534,1) width 47: "medium"
                RenderText {#text} at (581,0) size 5x20
                  text run at (581,0) width 5: "."
              RenderBlock {P} at (4,295) size 747x57
                RenderText {#text} at (0,0) size 737x55
                  text run at (0,0) width 737: "This sentence should be rather large, but the last word in the sentence should"
                  text run at (0,28) width 29: "be "
                RenderInline {SPAN} at (0,0) size 47x19
                  RenderText {#text} at (29,34) size 47x19
                    text run at (29,34) width 47: "medium"
                RenderText {#text} at (76,28) size 6x27
                  text run at (76,28) width 6: "."
              RenderBlock {P} at (4,383) size 747x75
                RenderText {#text} at (0,0) size 735x73
                  text run at (0,0) width 735: "This sentence should be very large, but the last word in the"
                  text run at (0,37) width 242: "sentence should be "
                RenderInline {SPAN} at (0,0) size 47x19
                  RenderText {#text} at (242,50) size 47x19
                    text run at (242,50) width 47: "medium"
                RenderText {#text} at (289,37) size 8x36
                  text run at (289,37) width 8: "."
              RenderBlock {P} at (4,505) size 747x115
                RenderText {#text} at (0,1) size 681x112
                  text run at (0,1) width 681: "This sentence should be half an inch"
                  text run at (0,58) width 70: "tall."
              RenderBlock {P} at (4,667) size 747x46
                RenderText {#text} at (0,1) size 671x43
                  text run at (0,1) width 671: "This sentence should be one centimeter tall."
              RenderBlock {P} at (4,750) size 747x46
                RenderText {#text} at (0,1) size 678x43
                  text run at (0,1) width 678: "This sentence should be ten millimeters tall."
              RenderBlock {P} at (4,833) size 747x29
                RenderText {#text} at (0,0) size 422x27
                  text run at (0,0) width 422: "This sentence should be eighteen points tall."
              RenderBlock {P} at (4,885) size 747x29
                RenderText {#text} at (0,0) size 492x27
                  text run at (0,0) width 492: "This sentence should be one and one half picas tall."
              RenderBlock {P} at (4,945) size 747x38
                RenderText {#text} at (0,0) size 454x36
                  text run at (0,0) width 454: "This sentence should be two em tall."
              RenderBlock {P} at (4,1014) size 747x25
                RenderText {#text} at (0,0) size 303x23
                  text run at (0,0) width 303: "This sentence should be three ex tall."
              RenderBlock {P} at (4,1063) size 747x31
                RenderText {#text} at (0,0) size 467x29
                  text run at (0,0) width 467: "This sentence should be twenty-five pixels tall."
              RenderBlock {P} at (4,1125) size 747x38
                RenderText {#text} at (0,0) size 533x36
                  text run at (0,0) width 533: "This sentence should be twice normal size."
              RenderBlock {P} at (4,1194) size 747x21
                RenderText {#text} at (0,0) size 638x19
                  text run at (0,0) width 638: "This sentence should be normal size, since no negative values are allowed and therefore should be ignored."
layer at (8,377) size 769x2 clip at (0,0) size 0x0
  RenderBlock {HR} at (0,369) size 769x2 [border: (1px inset #000000)]
