layer at (0,0) size 785x1332
  RenderView at (0,0) size 785x600
layer at (0,0) size 785x1332
  RenderBlock {HTML} at (0,0) size 785x1332
    RenderBody {BODY} at (8,8) size 769x1316 [bgcolor=#CCCCCC]
      RenderBlock {P} at (0,0) size 769x20
        RenderText {#text} at (0,0) size 337x19
          text run at (0,0) width 337: "The style declarations which apply to the text below are:"
      RenderBlock {PRE} at (0,36) size 769x144
        RenderText {#text} at (0,0) size 312x144
          text run at (0,0) width 216: "DIV.a {font-family: serif;}"
          text run at (0,16) width 248: "DIV.b {font-family: monospace;}"
          text run at (0,32) width 208: ".one {font-family: serif;}"
          text run at (0,48) width 248: ".two {font-family: sans-serif;}"
          text run at (0,64) width 240: ".three {font-family: cursive;}"
          text run at (0,80) width 232: ".four {font-family: fantasy;}"
          text run at (0,96) width 248: ".five {font-family: monospace;}"
          text run at (0,112) width 312: ".six {font-family: sans-serif,cursive;}"
          text run at (0,128) width 304: ".seven {font-family: monospace,serif;}"
      RenderBlock {HR} at (0,193) size 769x2 [border: (1px inset #000000)]
      RenderBlock {DIV} at (0,211) size 769x200
        RenderBlock {P} at (0,0) size 769x20
          RenderText {#text} at (0,0) size 599x19
            text run at (0,0) width 599: "This sentence is normal for the first division, which is the next five sentences; it should be a serif font."
        RenderBlock {P} at (0,36) size 769x20
          RenderText {#text} at (0,0) size 228x19
            text run at (0,0) width 228: "This sentence should be in a serif font."
        RenderBlock {P} at (0,72) size 769x19
          RenderText {#text} at (0,0) size 301x18
            text run at (0,0) width 301: "This sentence should be in a sans-serif font."
        RenderBlock {P} at (0,107) size 769x20
          RenderText {#text} at (0,0) size 245x19
            text run at (0,0) width 245: "This sentence should be in a cursive font."
        RenderBlock {P} at (0,143) size 769x25
          RenderText {#text} at (0,0) size 280x25
            text run at (0,0) width 280: "This sentence should be in a fantasy font."
        RenderBlock {P} at (0,184) size 769x16
          RenderText {#text} at (0,0) size 352x16
            text run at (0,0) width 352: "This sentence should be in a monospace font."
      RenderBlock {HR} at (0,424) size 769x2 [border: (1px inset #000000)]
      RenderBlock {P} at (0,442) size 769x19
        RenderText {#text} at (0,0) size 383x18
          text run at (0,0) width 383: "This sentence should be in a sans-serif font, not cursive."
      RenderBlock {P} at (0,477) size 769x18
        RenderText {#text} at (0,0) size 550x18
          text run at (0,0) width 550: "This sentence should be in a monospace font, not serif."
      RenderBlock {HR} at (0,511) size 769x2 [border: (1px inset #000000)]
      RenderBlock {DIV} at (0,526) size 769x212
        RenderBlock {P} at (0,0) size 769x32
          RenderText {#text} at (0,0) size 768x32
            text run at (0,0) width 768: "This sentence is normal for the first division, which is the next five sentences; it should be a"
            text run at (0,16) width 120: "monospace font."
        RenderBlock {P} at (0,48) size 769x20
          RenderText {#text} at (0,0) size 228x19
            text run at (0,0) width 228: "This sentence should be in a serif font."
        RenderBlock {P} at (0,84) size 769x19
          RenderText {#text} at (0,0) size 301x18
            text run at (0,0) width 301: "This sentence should be in a sans-serif font."
        RenderBlock {P} at (0,119) size 769x20
          RenderText {#text} at (0,0) size 245x19
            text run at (0,0) width 245: "This sentence should be in a cursive font."
        RenderBlock {P} at (0,155) size 769x25
          RenderText {#text} at (0,0) size 280x25
            text run at (0,0) width 280: "This sentence should be in a fantasy font."
        RenderBlock {P} at (0,196) size 769x16
          RenderText {#text} at (0,0) size 352x16
            text run at (0,0) width 352: "This sentence should be in a monospace font."
      RenderTable {TABLE} at (0,751) size 769x565 [border: (1px outset #808080)]
        RenderTableSection {TBODY} at (1,1) size 767x563
          RenderTableRow {TR} at (0,0) size 767x28
            RenderTableCell {TD} at (0,0) size 767x28 [bgcolor=#C0C0C0] [border: (1px inset #808080)] [r=0 c=0 rs=1 cs=2]
              RenderInline {STRONG} at (0,0) size 159x19
                RenderText {#text} at (4,4) size 159x19
                  text run at (4,4) width 159: "TABLE Testing Section"
          RenderTableRow {TR} at (0,28) size 767x535
            RenderTableCell {TD} at (0,281) size 12x29 [bgcolor=#C0C0C0] [border: (1px inset #808080)] [r=1 c=0 rs=1 cs=1]
              RenderText {#text} at (4,4) size 4x20
                text run at (4,5) width 4: " "
            RenderTableCell {TD} at (12,28) size 755x535 [border: (1px inset #808080)] [r=1 c=1 rs=1 cs=1]
              RenderBlock {DIV} at (4,4) size 747x200
                RenderBlock {P} at (0,0) size 747x20
                  RenderText {#text} at (0,0) size 599x19
                    text run at (0,0) width 599: "This sentence is normal for the first division, which is the next five sentences; it should be a serif font."
                RenderBlock {P} at (0,36) size 747x20
                  RenderText {#text} at (0,0) size 228x19
                    text run at (0,0) width 228: "This sentence should be in a serif font."
                RenderBlock {P} at (0,72) size 747x19
                  RenderText {#text} at (0,0) size 301x18
                    text run at (0,0) width 301: "This sentence should be in a sans-serif font."
                RenderBlock {P} at (0,107) size 747x20
                  RenderText {#text} at (0,0) size 245x19
                    text run at (0,0) width 245: "This sentence should be in a cursive font."
                RenderBlock {P} at (0,143) size 747x25
                  RenderText {#text} at (0,0) size 280x25
                    text run at (0,0) width 280: "This sentence should be in a fantasy font."
                RenderBlock {P} at (0,184) size 747x16
                  RenderText {#text} at (0,0) size 352x16
                    text run at (0,0) width 352: "This sentence should be in a monospace font."
              RenderBlock {HR} at (4,217) size 747x2 [border: (1px inset #000000)]
              RenderBlock {P} at (4,235) size 747x19
                RenderText {#text} at (0,0) size 383x18
                  text run at (0,0) width 383: "This sentence should be in a sans-serif font, not cursive."
              RenderBlock {P} at (4,270) size 747x18
                RenderText {#text} at (0,0) size 550x18
                  text run at (0,0) width 550: "This sentence should be in a monospace font, not serif."
              RenderBlock {HR} at (4,304) size 747x2 [border: (1px inset #000000)]
              RenderBlock {DIV} at (4,319) size 747x212
                RenderBlock {P} at (0,0) size 747x32
                  RenderText {#text} at (0,0) size 728x32
                    text run at (0,0) width 728: "This sentence is normal for the first division, which is the next five sentences; it should"
                    text run at (0,16) width 160: "be a monospace font."
                RenderBlock {P} at (0,48) size 747x20
                  RenderText {#text} at (0,0) size 228x19
                    text run at (0,0) width 228: "This sentence should be in a serif font."
                RenderBlock {P} at (0,84) size 747x19
                  RenderText {#text} at (0,0) size 301x18
                    text run at (0,0) width 301: "This sentence should be in a sans-serif font."
                RenderBlock {P} at (0,119) size 747x20
                  RenderText {#text} at (0,0) size 245x19
                    text run at (0,0) width 245: "This sentence should be in a cursive font."
                RenderBlock {P} at (0,155) size 747x25
                  RenderText {#text} at (0,0) size 280x25
                    text run at (0,0) width 280: "This sentence should be in a fantasy font."
                RenderBlock {P} at (0,196) size 747x16
                  RenderText {#text} at (0,0) size 352x16
                    text run at (0,0) width 352: "This sentence should be in a monospace font."
