layer at (0,0) size 800x600
  RenderView at (0,0) size 800x600
layer at (0,0) size 800x600
  RenderBlock {HTML} at (0,0) size 800x600
    RenderBody {BODY} at (8,8) size 784x584
      RenderTable {TABLE} at (0,0) size 342x24
        RenderTableSection {TBODY} at (0,0) size 342x24
          RenderTableRow {TR} at (0,2) size 342x2
            RenderTableCell {TD} at (2,2) size 129x2 [r=0 c=0 rs=1 cs=1]
            RenderTableCell {TD} at (133,2) size 207x2 [r=0 c=1 rs=1 cs=1]
          RenderTableRow {TR} at (0,6) size 342x16
            RenderTableCell {TD} at (2,6) size 129x16 [r=1 c=0 rs=1 cs=1]
              RenderText {#text} at (1,1) size 127x14
                text run at (1,1) width 127: "[this should not overlap]"
            RenderTableCell {TD} at (133,6) size 207x16 [r=1 c=1 rs=1 cs=1]
              RenderText {#text} at (1,1) size 205x14
                text run at (1,1) width 205: "[with this, since the table is auto width]"
      RenderTable {TABLE} at (0,24) size 600x24
        RenderTableSection {TBODY} at (0,0) size 600x24
          RenderTableRow {TR} at (0,2) size 600x2
            RenderTableCell {TD} at (2,2) size 297x2 [r=0 c=0 rs=1 cs=1]
            RenderTableCell {TD} at (301,2) size 297x2 [r=0 c=1 rs=1 cs=1]
          RenderTableRow {TR} at (0,6) size 600x16
            RenderTableCell {TD} at (2,6) size 297x16 [r=1 c=0 rs=1 cs=1]
              RenderText {#text} at (1,1) size 127x14
                text run at (1,1) width 127: "[this should not overlap]"
            RenderTableCell {TD} at (301,6) size 297x16 [r=1 c=1 rs=1 cs=1]
              RenderText {#text} at (1,1) size 51x14
                text run at (1,1) width 51: "[with this]"
      RenderTable {TABLE} at (0,48) size 600x19
        RenderTableSection {TBODY} at (0,0) size 600x19
          RenderTableRow {TR} at (0,0) size 600x4
            RenderTableCell {TD} at (0,3) size 85x1 [r=0 c=0 rs=1 cs=1]
            RenderTableCell {TD} at (85,3) size 85x1 [r=0 c=1 rs=1 cs=1]
            RenderTableCell {TD} at (170,3) size 86x1 [r=0 c=2 rs=1 cs=1]
            RenderTableCell {TD} at (256,3) size 86x1 [r=0 c=3 rs=1 cs=1]
            RenderTableCell {TD} at (342,3) size 86x1 [r=0 c=4 rs=1 cs=1]
            RenderTableCell {TD} at (428,3) size 86x1 [r=0 c=5 rs=1 cs=1]
          RenderTableRow {TR} at (0,4) size 600x15
            RenderTableCell {TD} at (0,18) size 85x1 [r=1 c=0 rs=1 cs=1]
            RenderTableCell {TD} at (85,18) size 85x1 [r=1 c=1 rs=1 cs=1]
            RenderTableCell {TD} at (170,18) size 86x1 [r=1 c=2 rs=1 cs=1]
            RenderTableCell {TD} at (256,4) size 86x15 [r=1 c=3 rs=1 cs=1]
              RenderText {#text} at (1,1) size 63x14
                text run at (1,1) width 63: "[should not]"
            RenderTableCell {TD} at (342,4) size 86x15 [r=1 c=4 rs=1 cs=1]
              RenderText {#text} at (1,1) size 51x14
                text run at (1,1) width 51: "[overlap]"
            RenderTableCell {TD} at (428,4) size 86x15 [r=1 c=5 rs=1 cs=1]
              RenderText {#text} at (1,1) size 245x14
                text run at (1,1) width 245: "[at all, since width=0 is ignored]"
            RenderTableCell {TD} at (514,18) size 86x1 [r=1 c=6 rs=1 cs=1]
