layer at (0,0) size 1064x1276
  RenderView at (0,0) size 785x585
layer at (0,0) size 785x1276
  RenderBlock {HTML} at (0,0) size 785x1276
    RenderBody {BODY} at (8,8) size 769x1260
      RenderTable {TABLE} at (0,0) size 1056x1260
        RenderTableSection {TBODY} at (0,0) size 1056x1260
          RenderTableRow {TR} at (0,2) size 1056x1256
            RenderTableCell {TD} at (2,629) size 2x2 [r=0 c=0 rs=1 cs=1]
            RenderTableCell {TD} at (6,2) size 1048x1256 [r=0 c=1 rs=1 cs=1]
              RenderBlock {DIV} at (1,1) size 1046x1254 [bgcolor=#A9AFB8]
                RenderText {#text} at (0,0) size 297x17
                  text run at (0,0) width 104: "This cell should "
                  text run at (104,0) width 193: "be huge and 1000 pixels wide."
