layer at (0,0) size 800x600
  RenderView at (0,0) size 800x600
layer at (0,0) size 800x600
  RenderBlock {HTML} at (0,0) size 800x600
    RenderBody {BODY} at (8,8) size 784x584
      RenderTable at (0,0) size 512x256
        RenderTableSection (anonymous) at (0,0) size 512x256
          RenderTableRow {DIV} at (0,0) size 512x256 [color=#0000FF]
            RenderTableCell (anonymous) at (0,0) size 512x256 [r=0 c=0 rs=1 cs=1]
              RenderBlock (anonymous) at (0,0) size 512x128
                RenderText {#text} at (0,0) size 512x128
                  text run at (0,0) width 512: "ABCD"
              RenderTable at (0,128) size 512x128
                RenderTableSection (anonymous) at (0,0) size 512x128
                  RenderTableRow (anonymous) at (0,0) size 512x128 [color=#FFFF00]
                    RenderTableCell (anonymous) at (0,0) size 512x128 [r=0 c=0 rs=1 cs=1]
                      RenderText at (0,0) size 512x128
                        text run at (0,0) width 512: "4578"
      RenderBlock {DIV} at (0,256) size 784x128 [color=#008000]
        RenderText {#text} at (0,0) size 512x128
          text run at (0,0) width 512: "EFGH"
