layer at (0,0) size 800x600
  RenderView at (0,0) size 800x600
layer at (0,0) size 800x37
  RenderBlock {HTML} at (0,0) size 800x37 [color=#FFFFFF]
    RenderBody {BODY} at (8,8) size 784x21
      RenderTable at (0,0) size 32x21
        RenderTableSection {DIV} at (0,0) size 32x21
          RenderTableRow (anonymous) at (0,0) size 32x21
            RenderTableCell (anonymous) at (0,1) size 10x10 [r=0 c=0 rs=1 cs=1]
              RenderBlock {DIV} at (0,0) size 10x10
                RenderText {#text} at (0,0) size 10x10
                  text run at (0,0) width 10: "A"
            RenderTableCell {TD} at (10,0) size 12x12 [r=0 c=1 rs=1 cs=1]
              RenderText {#text} at (1,1) size 10x10
                text run at (1,1) width 10: "B"
            RenderTableCell (anonymous) at (22,1) size 10x20 [r=0 c=2 rs=1 cs=1]
              RenderBlock {DIV} at (0,0) size 10x10
                RenderText {#text} at (0,0) size 10x10
                  text run at (0,0) width 10: "C"
              RenderBlock {DIV} at (0,10) size 10x10
                RenderText {#text} at (0,0) size 10x10
                  text run at (0,0) width 10: "D"
