layer at (0,0) size 800x600
  RenderView at (0,0) size 800x600
layer at (0,0) size 800x116
  RenderBlock {HTML} at (0,0) size 800x116
    RenderBody {BODY} at (8,8) size 784x100
      RenderBlock {DIV} at (0,0) size 784x100
        RenderTable at (0,0) size 300x100
          RenderTableSection (anonymous) at (0,0) size 300x100
            RenderTableRow {DIV} at (0,0) size 300x100
              RenderTableCell (anonymous) at (0,0) size 100x100 [r=0 c=0 rs=1 cs=1]
                RenderInline (generated) at (0,0) size 100x100 [color=#0000FF]
                  RenderText at (0,0) size 100x100
                    text run at (0,0) width 100: "A"
              RenderTableCell {DIV} at (100,0) size 100x100 [color=#008000] [r=0 c=1 rs=1 cs=1]
                RenderText {#text} at (0,0) size 100x100
                  text run at (0,0) width 100: "B"
              RenderTableCell (anonymous) at (200,0) size 100x100 [r=0 c=2 rs=1 cs=1]
                RenderInline (generated) at (0,0) size 100x100 [color=#FFA500]
                  RenderText at (0,0) size 100x100
                    text run at (0,0) width 100: "C"
