layer at (0,0) size 800x600
  RenderView at (0,0) size 800x600
layer at (0,0) size 800x600
  RenderBlock {HTML} at (0,0) size 800x600
    RenderBody {BODY} at (8,8) size 784x584
      RenderTable {TABLE} at (0,0) size 334x70 [border: (1px outset #808080)]
        RenderTableSection {TBODY} at (1,1) size 332x68
          RenderTableRow {TR} at (0,2) size 332x64
            RenderTableCell {TD} at (2,2) size 267x64 [border: (1px inset #808080)] [r=0 c=0 rs=1 cs=1]
              RenderText {#text} at (2,2) size 239x59
                text run at (2,2) width 239: "This section will provide you with all the"
                text run at (2,22) width 97: "information you "
                text run at (99,22) width 139: "may need to use any of"
                text run at (2,42) width 137: "your Internet software."
            RenderTableCell {TD} at (271,6) size 59x56 [border: (1px inset #808080)] [r=0 c=1 rs=1 cs=1]
              RenderImage {IMG} at (5,2) size 52x51
