layer at (0,0) size 800x600
  RenderView at (0,0) size 800x600
layer at (0,0) size 800x600
  RenderBlock {HTML} at (0,0) size 800x600
    RenderBody {BODY} at (8,8) size 784x584
      RenderTable {TABLE} at (0,0) size 66x96 [border: (1px outset #808080)]
        RenderBlock {CAPTION} at (0,0) size 66x40 [color=#008000] [bgcolor=#FFFFE0]
          RenderText {#text} at (6,0) size 58x39
            text run at (6,0) width 54: "Where is"
            text run at (4,20) width 58: "the table?"
        RenderTableSection {THEAD} at (1,41) size 64x28
          RenderTableRow {TR} at (0,2) size 64x24
            RenderTableCell {TD} at (2,2) size 60x24 [border: (1px inset #808080)] [r=0 c=0 rs=1 cs=1]
              RenderText {#text} at (2,2) size 45x19
                text run at (2,2) width 45: "Header"
        RenderTableSection {TBODY} at (1,69) size 64x26
          RenderTableRow {TR} at (0,0) size 64x24
            RenderTableCell {TD} at (2,0) size 60x24 [border: (1px inset #808080)] [r=0 c=0 rs=1 cs=1]
              RenderText {#text} at (2,2) size 56x19
                text run at (2,2) width 56: "Kibology"
      RenderBlock {HR} at (0,104) size 784x2 [border: (1px inset #000000)]
      RenderTable {TABLE} at (0,114) size 66x56 [border: (1px outset #808080)]
        RenderTableSection {THEAD} at (1,1) size 64x28
          RenderTableRow {TR} at (0,2) size 64x24
            RenderTableCell {TD} at (2,2) size 60x24 [border: (1px inset #808080)] [r=0 c=0 rs=1 cs=1]
              RenderText {#text} at (2,2) size 45x19
                text run at (2,2) width 45: "Header"
        RenderTableSection {TBODY} at (1,29) size 64x26
          RenderTableRow {TR} at (0,0) size 64x24
            RenderTableCell {TD} at (2,0) size 60x24 [border: (1px inset #808080)] [r=0 c=0 rs=1 cs=1]
              RenderText {#text} at (2,2) size 56x19
                text run at (2,2) width 56: "Kibology"
      RenderBlock {HR} at (0,178) size 784x2 [border: (1px inset #000000)]
      RenderTable {TABLE} at (0,188) size 66x96 [border: (1px outset #808080)]
        RenderBlock {CAPTION} at (0,0) size 66x40 [color=#008000] [bgcolor=#FFFFE0]
          RenderText {#text} at (0,0) size 66x39
            text run at (0,0) width 66: "Here is the"
            text run at (18,20) width 30: "table"
        RenderTableSection {THEAD} at (1,41) size 64x28
          RenderTableRow {TR} at (0,2) size 64x24
            RenderTableCell {TD} at (2,2) size 60x24 [border: (1px inset #808080)] [r=0 c=0 rs=1 cs=1]
              RenderText {#text} at (2,2) size 45x19
                text run at (2,2) width 45: "Header"
        RenderTableSection {TBODY} at (1,69) size 64x26
          RenderTableRow {TR} at (0,0) size 64x24
            RenderTableCell {TD} at (2,0) size 60x24 [border: (1px inset #808080)] [r=0 c=0 rs=1 cs=1]
              RenderText {#text} at (2,2) size 56x19
                text run at (2,2) width 56: "Kibology"
      RenderTable {TABLE} at (0,284) size 66x96 [border: (1px outset #808080)]
        RenderTableSection {THEAD} at (1,41) size 64x28
          RenderTableRow {TR} at (0,2) size 64x24
            RenderTableCell {TD} at (2,2) size 60x24 [border: (1px inset #808080)] [r=0 c=0 rs=1 cs=1]
              RenderText {#text} at (2,2) size 45x19
                text run at (2,2) width 45: "Header"
        RenderBlock {CAPTION} at (0,0) size 66x40 [color=#008000] [bgcolor=#FFFFE0]
          RenderText {#text} at (6,0) size 58x39
            text run at (6,0) width 54: "Where is"
            text run at (4,20) width 58: "the table?"
        RenderTableSection {TBODY} at (1,69) size 64x26
          RenderTableRow {TR} at (0,0) size 64x24
            RenderTableCell {TD} at (2,0) size 60x24 [border: (1px inset #808080)] [r=0 c=0 rs=1 cs=1]
              RenderText {#text} at (2,2) size 56x19
                text run at (2,2) width 56: "Kibology"
      RenderBlock {HR} at (0,388) size 784x2 [border: (1px inset #000000)]
      RenderTable {TABLE} at (0,398) size 66x56 [border: (1px outset #808080)]
        RenderTableSection {THEAD} at (1,1) size 64x28
          RenderTableRow {TR} at (0,2) size 64x24
            RenderTableCell {TD} at (2,2) size 60x24 [border: (1px inset #808080)] [r=0 c=0 rs=1 cs=1]
              RenderText {#text} at (2,2) size 45x19
                text run at (2,2) width 45: "Header"
        RenderTableSection {TBODY} at (1,29) size 64x26
          RenderTableRow {TR} at (0,0) size 64x24
            RenderTableCell {TD} at (2,0) size 60x24 [border: (1px inset #808080)] [r=0 c=0 rs=1 cs=1]
              RenderText {#text} at (2,2) size 56x19
                text run at (2,2) width 56: "Kibology"
      RenderBlock {HR} at (0,462) size 784x2 [border: (1px inset #000000)]
      RenderTable {TABLE} at (0,472) size 66x96 [border: (1px outset #808080)]
        RenderTableSection {THEAD} at (1,41) size 64x28
          RenderTableRow {TR} at (0,2) size 64x24
            RenderTableCell {TD} at (2,2) size 60x24 [border: (1px inset #808080)] [r=0 c=0 rs=1 cs=1]
              RenderText {#text} at (2,2) size 45x19
                text run at (2,2) width 45: "Header"
        RenderBlock {CAPTION} at (0,0) size 66x40 [color=#008000] [bgcolor=#FFFFE0]
          RenderText {#text} at (0,0) size 66x39
            text run at (0,0) width 66: "Here is the"
            text run at (18,20) width 30: "table"
        RenderTableSection {TBODY} at (1,69) size 64x26
          RenderTableRow {TR} at (0,0) size 64x24
            RenderTableCell {TD} at (2,0) size 60x24 [border: (1px inset #808080)] [r=0 c=0 rs=1 cs=1]
              RenderText {#text} at (2,2) size 56x19
                text run at (2,2) width 56: "Kibology"
