layer at (0,0) size 785x1596
  RenderView at (0,0) size 785x600
layer at (0,0) size 785x1596
  RenderBlock {HTML} at (0,0) size 785x1596
    RenderBody {BODY} at (8,8) size 769x1580
      RenderTable {TABLE} at (0,0) size 769x75 [border: (1px solid #000000)]
        RenderTableSection {TBODY} at (1,1) size 767x73
          RenderTableRow {TR} at (0,2) size 767x69
            RenderTableCell {TD} at (2,2) size 444x69 [border: (1px solid #000000)] [r=0 c=0 rs=1 cs=1]
              RenderImage {IMG} at (2,2) size 88x65
              RenderImage {IMG} at (90,2) size 88x65
              RenderImage {IMG} at (178,2) size 88x65
              RenderImage {IMG} at (266,2) size 88x65
              RenderImage {IMG} at (354,2) size 88x65
            RenderTableCell {TD} at (448,24) size 317x25 [border: (1px solid #000000)] [r=0 c=1 rs=1 cs=1]
              RenderText {#text} at (2,2) size 148x20
                text run at (2,3) width 148: "Nothing between images"
      RenderTable {TABLE} at (0,75) size 769x335 [border: (1px solid #000000)]
        RenderTableSection {TBODY} at (1,1) size 767x333
          RenderTableRow {TR} at (0,2) size 767x329
            RenderTableCell {TD} at (2,2) size 92x329 [border: (1px solid #000000)] [r=0 c=0 rs=1 cs=1]
              RenderImage {IMG} at (2,2) size 88x65
              RenderText {#text} at (0,0) size 0x0
              RenderImage {IMG} at (2,67) size 88x65
              RenderText {#text} at (0,0) size 0x0
              RenderImage {IMG} at (2,132) size 88x65
              RenderText {#text} at (0,0) size 0x0
              RenderImage {IMG} at (2,197) size 88x65
              RenderText {#text} at (0,0) size 0x0
              RenderImage {IMG} at (2,262) size 88x65
            RenderTableCell {TD} at (96,154) size 669x25 [border: (1px solid #000000)] [r=0 c=1 rs=1 cs=1]
              RenderText {#text} at (2,2) size 144x20
                text run at (2,3) width 144: "Spaces between images"
      RenderTable {TABLE} at (0,410) size 769x335 [border: (1px solid #000000)]
        RenderTableSection {TBODY} at (1,1) size 767x333
          RenderTableRow {TR} at (0,2) size 767x329
            RenderTableCell {TD} at (2,2) size 92x329 [border: (1px solid #000000)] [r=0 c=0 rs=1 cs=1]
              RenderImage {IMG} at (2,2) size 88x65
              RenderText {#text} at (0,0) size 0x0
              RenderImage {IMG} at (2,67) size 88x65
              RenderText {#text} at (0,0) size 0x0
              RenderImage {IMG} at (2,132) size 88x65
              RenderText {#text} at (0,0) size 0x0
              RenderImage {IMG} at (2,197) size 88x65
              RenderText {#text} at (0,0) size 0x0
              RenderImage {IMG} at (2,262) size 88x65
            RenderTableCell {TD} at (96,154) size 669x25 [border: (1px solid #000000)] [r=0 c=1 rs=1 cs=1]
              RenderText {#text} at (2,2) size 156x20
                text run at (2,3) width 156: "Newlines between images"
      RenderTable {TABLE} at (0,745) size 769x80 [border: (1px solid #000000)]
        RenderTableSection {TBODY} at (1,1) size 767x78
          RenderTableRow {TR} at (0,2) size 767x74
            RenderTableCell {TD} at (2,2) size 588x74 [border: (1px solid #000000)] [r=0 c=0 rs=1 cs=1]
              RenderText {#text} at (2,52) size 26x19
                text run at (2,52) width 26: "One"
              RenderImage {IMG} at (28,2) size 88x65
              RenderText {#text} at (116,52) size 28x19
                text run at (116,52) width 28: "Two"
              RenderImage {IMG} at (144,2) size 88x65
              RenderText {#text} at (232,52) size 35x19
                text run at (232,52) width 35: "Three"
              RenderImage {IMG} at (267,2) size 88x65
              RenderText {#text} at (355,52) size 29x19
                text run at (355,52) width 29: "Four"
              RenderImage {IMG} at (384,2) size 88x65
              RenderText {#text} at (472,52) size 26x19
                text run at (472,52) width 26: "Five"
              RenderImage {IMG} at (498,2) size 88x65
            RenderTableCell {TD} at (592,27) size 173x24 [border: (1px solid #000000)] [r=0 c=1 rs=1 cs=1]
              RenderText {#text} at (2,2) size 127x19
                text run at (2,2) width 127: "Text between images"
      RenderTable {TABLE} at (0,825) size 769x375 [border: (1px solid #000000)]
        RenderTableSection {TBODY} at (1,1) size 767x373
          RenderTableRow {TR} at (0,2) size 767x369
            RenderTableCell {TD} at (2,2) size 127x369 [border: (1px solid #000000)] [r=0 c=0 rs=1 cs=1]
              RenderText {#text} at (2,2) size 26x19
                text run at (2,2) width 26: "One"
              RenderImage {IMG} at (2,22) size 88x65
              RenderText {#text} at (90,72) size 28x19
                text run at (90,72) width 28: "Two"
              RenderImage {IMG} at (2,92) size 88x65
              RenderText {#text} at (90,142) size 35x19
                text run at (90,142) width 35: "Three"
              RenderImage {IMG} at (2,162) size 88x65
              RenderText {#text} at (90,212) size 29x19
                text run at (90,212) width 29: "Four"
              RenderImage {IMG} at (2,232) size 88x65
              RenderText {#text} at (90,282) size 26x19
                text run at (90,282) width 26: "Five"
              RenderImage {IMG} at (2,302) size 88x65
            RenderTableCell {TD} at (131,174) size 634x25 [border: (1px solid #000000)] [r=0 c=1 rs=1 cs=1]
              RenderText {#text} at (2,2) size 201x20
                text run at (2,3) width 201: "Text with spaces between images"
      RenderTable {TABLE} at (0,1200) size 769x380 [border: (1px solid #000000)]
        RenderTableSection {TBODY} at (1,1) size 767x378
          RenderTableRow {TR} at (0,2) size 767x374
            RenderTableCell {TD} at (2,2) size 135x374 [border: (1px solid #000000)] [r=0 c=0 rs=1 cs=1]
              RenderText {#text} at (2,2) size 26x89
                text run at (2,2) width 26: "One"
                text run at (2,72) width 11: "A"
              RenderImage {IMG} at (13,22) size 88x65
              RenderText {#text} at (101,72) size 127x89
                text run at (101,72) width 28: "Two"
                text run at (2,142) width 8: "b"
              RenderImage {IMG} at (10,92) size 88x65
              RenderText {#text} at (98,142) size 131x89
                text run at (98,142) width 35: "Three"
                text run at (2,212) width 7: "c"
              RenderImage {IMG} at (9,162) size 88x65
              RenderText {#text} at (97,212) size 124x89
                text run at (97,212) width 29: "Four"
                text run at (2,282) width 8: "d"
              RenderImage {IMG} at (10,232) size 88x65
              RenderText {#text} at (98,282) size 122x89
                text run at (98,282) width 26: "Five"
                text run at (2,352) width 7: "e"
              RenderImage {IMG} at (9,302) size 88x65
            RenderTableCell {TD} at (139,177) size 626x24 [border: (1px solid #000000)] [r=0 c=1 rs=1 cs=1]
              RenderText {#text} at (2,2) size 288x19
                text run at (2,2) width 288: "Text with spaces and more text between images"
