layer at (0,0) size 800x600
  RenderView at (0,0) size 800x600
layer at (0,0) size 800x600
  RenderBlock {HTML} at (0,0) size 800x600
    RenderBody {BODY} at (8,8) size 784x584
      RenderBlock {CENTER} at (0,0) size 784x380
        RenderTable {TABLE} at (0,0) size 784x380
          RenderTableSection {TBODY} at (0,0) size 784x380
            RenderTableRow {TR} at (0,0) size 784x71
              RenderTableCell {TD} at (0,7) size 784x56 [r=0 c=0 rs=1 cs=1]
                RenderBlock {H2} at (0,0) size 784x35
                  RenderInline {FONT} at (0,0) size 102x35
                    RenderText {#text} at (341,0) size 102x35
                      text run at (341,0) width 102: "EET 304"
            RenderTableRow {TR} at (0,70) size 784x23
              RenderTableCell {TD} at (0,72) size 784x19 [r=1 c=0 rs=1 cs=1]
                RenderBlock {P} at (0,0) size 784x18
                  RenderInline {FONT} at (0,0) size 34x18
                    RenderInline {A} at (0,0) size 34x18 [color=#0000EE]
                      RenderText {#text} at (375,0) size 34x18
                        text run at (375,0) width 34: "Home"
            RenderTableRow {TR} at (0,92) size 784x33
              RenderTableCell {TD} at (0,99) size 784x19 [r=2 c=0 rs=1 cs=1]
                RenderInline {A} at (0,0) size 118x19 [color=#0000EE]
                  RenderInline {FONT} at (0,0) size 118x18
                    RenderText {#text} at (333,-1) size 118x20
                      text run at (333,0) width 118: "Course Information"
            RenderTableRow {TR} at (0,124) size 784x33
              RenderTableCell {TD} at (0,131) size 784x19 [r=3 c=0 rs=1 cs=1]
                RenderInline {A} at (0,0) size 46x19 [color=#0000EE]
                  RenderInline {FONT} at (0,0) size 46x18
                    RenderText {#text} at (369,-1) size 46x20
                      text run at (369,0) width 46: "Lecture"
            RenderTableRow {TR} at (0,156) size 784x33
              RenderTableCell {TD} at (0,163) size 784x19 [r=4 c=0 rs=1 cs=1]
                RenderInline {A} at (0,0) size 0x0 [color=#0000EE]
                  RenderInline {FONT} at (0,0) size 0x0
                RenderInline {A} at (0,0) size 64x19 [color=#0000EE]
                  RenderInline {FONT} at (0,0) size 64x18
                    RenderText {#text} at (360,-1) size 64x20
                      text run at (360,0) width 64: "Homework"
            RenderTableRow {TR} at (0,188) size 784x33
              RenderTableCell {TD} at (0,195) size 784x19 [r=5 c=0 rs=1 cs=1]
                RenderInline {A} at (0,0) size 50x19 [color=#0000EE]
                  RenderInline {FONT} at (0,0) size 50x18
                    RenderText {#text} at (367,-1) size 50x20
                      text run at (367,0) width 50: "Quizzes"
            RenderTableRow {TR} at (0,220) size 784x33
              RenderTableCell {TD} at (0,227) size 784x19 [r=6 c=0 rs=1 cs=1]
                RenderInline {FONT} at (0,0) size 38x18 [color=#0000FF]
                  RenderInline {A} at (0,0) size 38x18 [color=#0000EE]
                    RenderText {#text} at (373,-1) size 38x20
                      text run at (373,0) width 38: "Exams"
            RenderTableRow {TR} at (0,252) size 784x33
              RenderTableCell {TD} at (0,259) size 784x19 [r=7 c=0 rs=1 cs=1]
                RenderInline {A} at (0,0) size 0x0 [color=#0000EE]
                  RenderInline {FONT} at (0,0) size 0x0
                RenderInline {A} at (0,0) size 68x19 [color=#0000EE]
                  RenderInline {FONT} at (0,0) size 68x18
                    RenderText {#text} at (358,-1) size 23x20
                      text run at (358,0) width 23: "Lab"
                    RenderInline {U} at (0,0) size 46x18
                      RenderText {#text} at (380,-1) size 46x20
                        text run at (380,0) width 46: "oratory"
            RenderTableRow {TR} at (0,284) size 784x33
              RenderTableCell {TD} at (0,291) size 784x19 [r=8 c=0 rs=1 cs=1]
                RenderInline {A} at (0,0) size 44x19 [color=#0000EE]
                  RenderInline {U} at (0,0) size 44x19
                    RenderInline {FONT} at (0,0) size 44x18
                      RenderText {#text} at (370,-1) size 44x20
                        text run at (370,0) width 44: "Grades"
            RenderTableRow {TR} at (0,316) size 784x32
              RenderTableCell {TD} at (0,323) size 784x19 [r=9 c=0 rs=1 cs=1]
                RenderInline {FONT} at (0,0) size 78x18
                  RenderInline {A} at (0,0) size 78x18 [color=#0000EE]
                    RenderText {#text} at (353,-1) size 78x20
                      text run at (353,0) width 38: "Filter "
                      text run at (391,0) width 40: "Design"
            RenderTableRow {TR} at (0,347) size 784x33
              RenderTableCell {TD} at (0,354) size 784x19 [r=10 c=0 rs=1 cs=1]
                RenderInline {FONT} at (0,0) size 82x18
                  RenderInline {U} at (0,0) size 82x18
                    RenderInline {A} at (0,0) size 82x18 [color=#0000EE]
                      RenderText {#text} at (351,-1) size 82x20
                        text run at (351,0) width 46: "Office "
                        text run at (397,0) width 36: "Hours"
