layer at (0,0) size 800x600
  RenderView at (0,0) size 800x600
layer at (0,0) size 800x600
  RenderBlock {HTML} at (0,0) size 800x600
    RenderBody {BODY} at (8,8) size 784x584
      RenderTable {TABLE} at (0,0) size 600x125
        RenderTableSection {TBODY} at (0,0) size 600x125
          RenderTableRow {TR} at (0,0) size 600x125
            RenderTableCell {TD} at (0,0) size 600x125 [r=0 c=0 rs=1 cs=1]
              RenderBlock (anonymous) at (0,0) size 600x60
                RenderBR {BR} at (300,0) size 0x19
                RenderBR {BR} at (300,20) size 0x19
                RenderBR {BR} at (300,40) size 0x19
              RenderTable {TABLE} at (0,60) size 600x65 [border: (1px outset #808080)]
                RenderTableSection {TBODY} at (1,1) size 598x63
                  RenderTableRow {TR} at (0,0) size 598x63
                    RenderTableCell {TD} at (0,0) size 299x63 [border: (1px inset #808080)] [r=0 c=0 rs=1 cs=1]
                      RenderTable {TABLE} at (1,1) size 297x61
                        RenderTableSection {TBODY} at (0,0) size 297x61
                          RenderTableRow {TR} at (0,1) size 297x19 [bgcolor=#CD9944]
                            RenderTableCell {TD} at (1,1) size 106x19 [r=0 c=0 rs=1 cs=1]
                              RenderInline {FONT} at (0,0) size 40x13 [color=#FFFFFF]
                                RenderText {#text} at (3,3) size 40x13
                                  text run at (3,3) width 40: "Funktion"
                          RenderTableRow {TR} at (0,21) size 297x19 [bgcolor=#E7E7AD]
                            RenderTableCell {TD} at (1,21) size 106x19 [r=1 c=0 rs=1 cs=1]
                              RenderInline {FONT} at (0,0) size 67x13
                                RenderText {#text} at (3,3) size 67x13
                                  text run at (3,3) width 67: "Umlaufrendite"
                          RenderTableRow {TR} at (0,41) size 297x19 [bgcolor=#E7DEA5]
                            RenderTableCell {TD} at (1,41) size 106x19 [r=2 c=0 rs=1 cs=1]
                              RenderInline {FONT} at (0,0) size 70x13
                                RenderText {#text} at (3,3) size 70x13
                                  text run at (3,3) width 70: "10 Jahre US %"
                            RenderTableCell {TD} at (107,41) size 39x19 [r=2 c=1 rs=1 cs=1]
                              RenderInline {FONT} at (0,0) size 21x13
                                RenderText {#text} at (3,3) size 21x13
                                  text run at (3,3) width 21: "4,75"
                            RenderTableCell {TD} at (146,42) size 25x17 [r=2 c=2 rs=1 cs=1]
                              RenderImage {IMG} at (6,3) size 12x11
                            RenderTableCell {TD} at (171,41) size 43x19 [r=2 c=3 rs=1 cs=1]
                              RenderInline {FONT} at (0,0) size 24x13
                                RenderText {#text} at (3,3) size 24x13
                                  text run at (3,3) width 24: "-0.02"
                            RenderTableCell {TD} at (214,41) size 51x19 [r=2 c=4 rs=1 cs=1]
                              RenderInline {FONT} at (0,0) size 30x13
                                RenderText {#text} at (3,3) size 30x13
                                  text run at (3,3) width 30: "03.12."
                            RenderTableCell {TD} at (265,42) size 32x17 [r=2 c=5 rs=1 cs=1]
                              RenderInline {FONT} at (0,0) size 17x13
                                RenderInline {A} at (0,0) size 17x13 [color=#0000EE]
                                  RenderImage {IMG} at (7,3) size 17x10
                    RenderTableCell {TD} at (299,0) size 299x63 [border: (1px inset #808080)] [r=0 c=1 rs=1 cs=1]
                      RenderTable {TABLE} at (1,1) size 297x61
                        RenderTableSection {TBODY} at (0,0) size 297x61
                          RenderTableRow {TR} at (0,1) size 297x21 [bgcolor=#CD9944]
                            RenderTableCell {TD} at (1,1) size 205x20 [r=0 c=0 rs=1 cs=1]
                              RenderInline {FONT} at (0,0) size 44x13 [color=#FFFFFF]
                                RenderText {#text} at (3,2) size 44x15
                                  text run at (3,3) width 44: "Rohstoffe"
                          RenderTableRow {TR} at (0,22) size 297x19 [bgcolor=#E7E7AD]
                            RenderTableCell {TD} at (1,22) size 205x18 [r=1 c=0 rs=1 cs=1]
                              RenderImage {IMG} at (96,3) size 12x11
                            RenderTableCell {TD} at (206,23) size 91x17 [r=1 c=1 rs=1 cs=1]
                              RenderInline {FONT} at (0,0) size 17x13
                                RenderInline {A} at (0,0) size 17x13 [color=#0000EE]
                                  RenderImage {IMG} at (36,3) size 17x10
                          RenderTableRow {TR} at (0,41) size 297x19 [bgcolor=#E7DEA5]
                            RenderTableCell {TD} at (1,42) size 205x18 [r=2 c=0 rs=1 cs=1]
                              RenderImage {IMG} at (96,3) size 12x11
                            RenderTableCell {TD} at (206,42) size 91x17 [r=2 c=1 rs=1 cs=1]
                              RenderInline {FONT} at (0,0) size 17x13
                                RenderInline {A} at (0,0) size 17x13 [color=#0000EE]
                                  RenderImage {IMG} at (36,3) size 17x10
