layer at (0,0) size 800x600
  RenderView at (0,0) size 800x600
layer at (0,0) size 800x248
  RenderBlock {HTML} at (0,0) size 800x248
    RenderBody {BODY} at (8,8) size 784x232
      RenderTable {TABLE} at (0,0) size 706x232 [border: (1px outset #808080)]
        RenderTableSection {TBODY} at (1,1) size 704x230
          RenderTableRow {TR} at (0,2) size 704x226
            RenderTableCell {TD} at (2,2) size 700x226 [border: (1px inset #808080)] [r=0 c=0 rs=1 cs=1]
              RenderInline {A} at (0,0) size 106x36 [color=#0000EE]
                RenderText {#text} at (2,2) size 106x36
                  text run at (2,2) width 106: "Xandros"
              RenderText {#text} at (108,2) size 652x221
                text run at (108,2) width 8: " "
                text run at (116,2) width 534: "in the news. text text text text text text text"
                text run at (2,39) width 275: "text text text text text "
                text run at (277,39) width 377: "text text text text text text text"
                text run at (2,76) width 440: "text text text text text text text text "
                text run at (442,76) width 212: "text text text text"
                text run at (2,113) width 605: "text text text text text text text text text text text "
                text run at (607,113) width 47: "text"
                text run at (2,150) width 652: "text text text text text text text text text text text text"
                text run at (2,187) width 55: "text."
