layer at (0,0) size 785x1054
  RenderView at (0,0) size 785x600
layer at (0,0) size 785x1054
  RenderBlock {HTML} at (0,0) size 785x1054
    RenderBody {BODY} at (8,8) size 769x1038
      RenderBlock (anonymous) at (0,0) size 769x20
        RenderInline {FONT} at (0,0) size 102x19
          RenderText {#text} at (0,0) size 91x19
            text run at (0,0) width 91: "same line as X "
          RenderInline {A} at (0,0) size 11x19
            RenderText {#text} at (91,0) size 11x19
              text run at (91,0) width 11: "X"
      RenderBlock (anonymous) at (0,20) size 769x30
        RenderTable {TABLE} at (0,0) size 53x30 [border: (1px outset #808080)]
          RenderTableSection {TBODY} at (1,1) size 51x28
            RenderTableRow {TR} at (0,2) size 51x24
              RenderTableCell {TD} at (2,2) size 47x24 [border: (1px inset #808080)] [r=0 c=0 rs=1 cs=1]
                RenderText {#text} at (2,2) size 43x19
                  text run at (2,2) width 43: "table-1"
      RenderBlock (anonymous) at (0,50) size 769x20
        RenderInline {FONT} at (0,0) size 9x19
          RenderInline {A} at (0,0) size 9x19
            RenderText {#text} at (0,0) size 9x19
              text run at (0,0) width 9: "Z"
          RenderInline {FONT} at (0,0) size 0x19
            RenderText {#text} at (0,0) size 0x0
      RenderBlock (anonymous) at (0,78) size 769x2
        RenderBlock {HR} at (0,0) size 769x2 [border: (1px inset #000000)]
      RenderBlock (anonymous) at (0,88) size 769x20
        RenderInline {FONT} at (0,0) size 102x19
          RenderInline {FONT} at (0,0) size 102x19
            RenderInline {FONT} at (0,0) size 102x19
              RenderInline {A} at (0,0) size 11x19
                RenderText {#text} at (0,0) size 11x19
                  text run at (0,0) width 11: "X"
              RenderText {#text} at (11,0) size 91x19
                text run at (11,0) width 91: " same line as X"
      RenderBlock (anonymous) at (0,108) size 769x30
        RenderTable {TABLE} at (0,0) size 53x30 [border: (1px outset #808080)]
          RenderTableSection {TBODY} at (1,1) size 51x28
            RenderTableRow {TR} at (0,2) size 51x24
              RenderTableCell {TD} at (2,2) size 47x24 [border: (1px inset #808080)] [r=0 c=0 rs=1 cs=1]
                RenderText {#text} at (2,2) size 43x19
                  text run at (2,2) width 43: "table-2"
      RenderBlock (anonymous) at (0,138) size 769x20
        RenderInline {FONT} at (0,0) size 9x19
          RenderInline {FONT} at (0,0) size 9x19
            RenderInline {FONT} at (0,0) size 9x19
              RenderInline {A} at (0,0) size 9x19
                RenderText {#text} at (0,0) size 9x19
                  text run at (0,0) width 9: "Z"
              RenderInline {FONT} at (0,0) size 0x19
                RenderText {#text} at (0,0) size 0x0
      RenderBlock (anonymous) at (0,166) size 769x2
        RenderBlock {HR} at (0,0) size 769x2 [border: (1px inset #000000)]
      RenderBlock (anonymous) at (0,176) size 769x20
        RenderInline {FONT} at (0,0) size 11x19
          RenderInline {FONT} at (0,0) size 11x19
            RenderInline {FONT} at (0,0) size 11x19
              RenderInline {FONT} at (0,0) size 11x19
                RenderInline {FONT} at (0,0) size 11x19
                  RenderInline {A} at (0,0) size 11x19
                    RenderText {#text} at (0,0) size 11x19
                      text run at (0,0) width 11: "X"
      RenderBlock (anonymous) at (0,196) size 769x30
        RenderTable {TABLE} at (0,0) size 53x30 [border: (1px outset #808080)]
          RenderTableSection {TBODY} at (1,1) size 51x28
            RenderTableRow {TR} at (0,2) size 51x24
              RenderTableCell {TD} at (2,2) size 47x24 [border: (1px inset #808080)] [r=0 c=0 rs=1 cs=1]
                RenderText {#text} at (2,2) size 43x19
                  text run at (2,2) width 43: "table-3"
      RenderBlock (anonymous) at (0,226) size 769x20
        RenderInline {FONT} at (0,0) size 98x19
          RenderInline {FONT} at (0,0) size 98x19
            RenderInline {FONT} at (0,0) size 98x19
              RenderInline {FONT} at (0,0) size 98x19
                RenderInline {FONT} at (0,0) size 98x19
                  RenderText {#text} at (0,0) size 89x19
                    text run at (0,0) width 89: "same line as Z "
                  RenderInline {A} at (0,0) size 9x19
                    RenderText {#text} at (89,0) size 9x19
                      text run at (89,0) width 9: "Z"
                  RenderInline {FONT} at (0,0) size 0x19
                    RenderText {#text} at (0,0) size 0x0
      RenderBlock (anonymous) at (0,254) size 769x2
        RenderBlock {HR} at (0,0) size 769x2 [border: (1px inset #000000)]
      RenderBlock (anonymous) at (0,264) size 769x20
        RenderInline {FONT} at (0,0) size 96x19
          RenderInline {FONT} at (0,0) size 96x19
            RenderInline {FONT} at (0,0) size 96x19
              RenderInline {FONT} at (0,0) size 96x19
                RenderInline {FONT} at (0,0) size 96x19
                  RenderInline {FONT} at (0,0) size 96x19
                    RenderInline {FONT} at (0,0) size 96x19
                      RenderText {#text} at (0,0) size 96x19
                        text run at (0,0) width 96: "line before table"
      RenderBlock (anonymous) at (0,284) size 769x30
        RenderTable {TABLE} at (0,0) size 53x30 [border: (1px outset #808080)]
          RenderTableSection {TBODY} at (1,1) size 51x28
            RenderTableRow {TR} at (0,2) size 51x24
              RenderTableCell {TD} at (2,2) size 47x24 [border: (1px inset #808080)] [r=0 c=0 rs=1 cs=1]
                RenderText {#text} at (2,2) size 43x19
                  text run at (2,2) width 43: "table-4"
      RenderBlock (anonymous) at (0,314) size 769x20
        RenderInline {FONT} at (0,0) size 9x19
          RenderInline {FONT} at (0,0) size 9x19
            RenderInline {FONT} at (0,0) size 9x19
              RenderInline {FONT} at (0,0) size 9x19
                RenderInline {FONT} at (0,0) size 9x19
                  RenderInline {FONT} at (0,0) size 9x19
                    RenderInline {FONT} at (0,0) size 9x19
                      RenderInline {A} at (0,0) size 9x19
                        RenderText {#text} at (0,0) size 9x19
                          text run at (0,0) width 9: "Z"
                      RenderInline {FONT} at (0,0) size 0x19
                        RenderText {#text} at (0,0) size 0x0
      RenderBlock (anonymous) at (0,342) size 769x2
        RenderBlock {HR} at (0,0) size 769x2 [border: (1px inset #000000)]
      RenderBlock (anonymous) at (0,352) size 769x0
        RenderInline {FONT} at (0,0) size 0x0
          RenderInline {FONT} at (0,0) size 0x0
            RenderInline {FONT} at (0,0) size 0x0
              RenderInline {FONT} at (0,0) size 0x0
                RenderInline {FONT} at (0,0) size 0x0
                  RenderInline {FONT} at (0,0) size 0x0
                    RenderInline {FONT} at (0,0) size 0x0
                      RenderInline {FONT} at (0,0) size 0x0
                        RenderInline {FONT} at (0,0) size 0x0
      RenderBlock (anonymous) at (0,352) size 769x30
        RenderTable {TABLE} at (0,0) size 53x30 [border: (1px outset #808080)]
          RenderTableSection {TBODY} at (1,1) size 51x28
            RenderTableRow {TR} at (0,2) size 51x24
              RenderTableCell {TD} at (2,2) size 47x24 [border: (1px inset #808080)] [r=0 c=0 rs=1 cs=1]
                RenderText {#text} at (2,2) size 43x19
                  text run at (2,2) width 43: "table-5"
      RenderBlock (anonymous) at (0,382) size 769x20
        RenderInline {FONT} at (0,0) size 97x19
          RenderInline {FONT} at (0,0) size 97x19
            RenderInline {FONT} at (0,0) size 97x19
              RenderInline {FONT} at (0,0) size 97x19
                RenderInline {FONT} at (0,0) size 97x19
                  RenderInline {FONT} at (0,0) size 97x19
                    RenderInline {FONT} at (0,0) size 97x19
                      RenderInline {FONT} at (0,0) size 97x19
                        RenderInline {FONT} at (0,0) size 97x19
                          RenderText {#text} at (0,0) size 88x19
                            text run at (0,0) width 88: "line after table "
                          RenderInline {A} at (0,0) size 9x19
                            RenderText {#text} at (88,0) size 9x19
                              text run at (88,0) width 9: "Z"
                          RenderInline {FONT} at (0,0) size 0x19
                            RenderText {#text} at (0,0) size 0x0
      RenderBlock (anonymous) at (0,410) size 769x2
        RenderBlock {HR} at (0,0) size 769x2 [border: (1px inset #000000)]
      RenderBlock (anonymous) at (0,420) size 769x20
        RenderInline {FONT} at (0,0) size 96x19
          RenderInline {FONT} at (0,0) size 96x19
            RenderInline {FONT} at (0,0) size 96x19
              RenderInline {FONT} at (0,0) size 96x19
                RenderInline {FONT} at (0,0) size 96x19
                  RenderInline {FONT} at (0,0) size 96x19
                    RenderInline {FONT} at (0,0) size 96x19
                      RenderInline {FONT} at (0,0) size 96x19
                        RenderInline {FONT} at (0,0) size 96x19
                          RenderInline {FONT} at (0,0) size 96x19
                            RenderInline {FONT} at (0,0) size 96x19
                              RenderText {#text} at (0,0) size 96x19
                                text run at (0,0) width 96: "line before table"
      RenderBlock (anonymous) at (0,440) size 769x30
        RenderTable {TABLE} at (0,0) size 53x30 [border: (1px outset #808080)]
          RenderTableSection {TBODY} at (1,1) size 51x28
            RenderTableRow {TR} at (0,2) size 51x24
              RenderTableCell {TD} at (2,2) size 47x24 [border: (1px inset #808080)] [r=0 c=0 rs=1 cs=1]
                RenderText {#text} at (2,2) size 43x19
                  text run at (2,2) width 43: "table-6"
      RenderBlock (anonymous) at (0,470) size 769x0
        RenderInline {FONT} at (0,0) size 0x0
          RenderInline {FONT} at (0,0) size 0x0
            RenderInline {FONT} at (0,0) size 0x0
              RenderInline {FONT} at (0,0) size 0x0
                RenderInline {FONT} at (0,0) size 0x0
                  RenderInline {FONT} at (0,0) size 0x0
                    RenderInline {FONT} at (0,0) size 0x0
                      RenderInline {FONT} at (0,0) size 0x0
                        RenderInline {FONT} at (0,0) size 0x0
                          RenderInline {FONT} at (0,0) size 0x0
                            RenderInline {FONT} at (0,0) size 0x0
                              RenderInline {FONT} at (0,0) size 0x0
                                RenderText {#text} at (0,0) size 0x0
      RenderBlock (anonymous) at (0,478) size 769x2
        RenderBlock {HR} at (0,0) size 769x2 [border: (1px inset #000000)]
      RenderBlock (anonymous) at (0,488) size 769x0
        RenderInline {FONT} at (0,0) size 0x0
          RenderInline {FONT} at (0,0) size 0x0
            RenderInline {FONT} at (0,0) size 0x0
              RenderInline {FONT} at (0,0) size 0x0
                RenderInline {FONT} at (0,0) size 0x0
                  RenderInline {FONT} at (0,0) size 0x0
                    RenderInline {FONT} at (0,0) size 0x0
                      RenderInline {FONT} at (0,0) size 0x0
                        RenderInline {FONT} at (0,0) size 0x0
                          RenderInline {FONT} at (0,0) size 0x0
                            RenderInline {FONT} at (0,0) size 0x0
                              RenderInline {FONT} at (0,0) size 0x0
                                RenderInline {FONT} at (0,0) size 0x0
      RenderBlock (anonymous) at (0,488) size 769x20
        RenderBlock {DIV} at (0,0) size 769x20
          RenderText {#text} at (0,0) size 76x19
            text run at (0,0) width 76: "div before X"
      RenderBlock (anonymous) at (0,508) size 769x20
        RenderInline {FONT} at (0,0) size 11x19
          RenderInline {FONT} at (0,0) size 11x19
            RenderInline {FONT} at (0,0) size 11x19
              RenderInline {FONT} at (0,0) size 11x19
                RenderInline {FONT} at (0,0) size 11x19
                  RenderInline {FONT} at (0,0) size 11x19
                    RenderInline {FONT} at (0,0) size 11x19
                      RenderInline {FONT} at (0,0) size 11x19
                        RenderInline {FONT} at (0,0) size 11x19
                          RenderInline {FONT} at (0,0) size 11x19
                            RenderInline {FONT} at (0,0) size 11x19
                              RenderInline {FONT} at (0,0) size 11x19
                                RenderInline {FONT} at (0,0) size 11x19
                                  RenderInline {A} at (0,0) size 11x19
                                    RenderText {#text} at (0,0) size 11x19
                                      text run at (0,0) width 11: "X"
      RenderBlock (anonymous) at (0,528) size 769x30
        RenderTable {TABLE} at (0,0) size 53x30 [border: (1px outset #808080)]
          RenderTableSection {TBODY} at (1,1) size 51x28
            RenderTableRow {TR} at (0,2) size 51x24
              RenderTableCell {TD} at (2,2) size 47x24 [border: (1px inset #808080)] [r=0 c=0 rs=1 cs=1]
                RenderText {#text} at (2,2) size 43x19
                  text run at (2,2) width 43: "table-7"
      RenderBlock (anonymous) at (0,558) size 769x20
        RenderInline {FONT} at (0,0) size 9x19
          RenderInline {FONT} at (0,0) size 9x19
            RenderInline {FONT} at (0,0) size 9x19
              RenderInline {FONT} at (0,0) size 9x19
                RenderInline {FONT} at (0,0) size 9x19
                  RenderInline {FONT} at (0,0) size 9x19
                    RenderInline {FONT} at (0,0) size 9x19
                      RenderInline {FONT} at (0,0) size 9x19
                        RenderInline {FONT} at (0,0) size 9x19
                          RenderInline {FONT} at (0,0) size 9x19
                            RenderInline {FONT} at (0,0) size 9x19
                              RenderInline {FONT} at (0,0) size 9x19
                                RenderInline {FONT} at (0,0) size 9x19
                                  RenderInline {A} at (0,0) size 9x19
                                    RenderText {#text} at (0,0) size 9x19
                                      text run at (0,0) width 9: "Z"
                                  RenderInline {FONT} at (0,0) size 0x19
                                    RenderText {#text} at (0,0) size 0x0
      RenderBlock (anonymous) at (0,586) size 769x2
        RenderBlock {HR} at (0,0) size 769x2 [border: (1px inset #000000)]
      RenderBlock (anonymous) at (0,596) size 769x20
        RenderInline {FONT} at (0,0) size 11x19
          RenderInline {FONT} at (0,0) size 11x19
            RenderInline {FONT} at (0,0) size 11x19
              RenderInline {FONT} at (0,0) size 11x19
                RenderInline {FONT} at (0,0) size 11x19
                  RenderInline {FONT} at (0,0) size 11x19
                    RenderInline {FONT} at (0,0) size 11x19
                      RenderInline {FONT} at (0,0) size 11x19
                        RenderInline {FONT} at (0,0) size 11x19
                          RenderInline {FONT} at (0,0) size 11x19
                            RenderInline {FONT} at (0,0) size 11x19
                              RenderInline {FONT} at (0,0) size 11x19
                                RenderInline {FONT} at (0,0) size 11x19
                                  RenderInline {FONT} at (0,0) size 11x19
                                    RenderInline {FONT} at (0,0) size 11x19
                                      RenderInline {A} at (0,0) size 11x19
                                        RenderText {#text} at (0,0) size 11x19
                                          text run at (0,0) width 11: "X"
      RenderBlock (anonymous) at (0,616) size 769x50
        RenderBlock {DIV} at (0,0) size 769x20
          RenderText {#text} at (0,0) size 94x19
            text run at (0,0) width 94: "div before table"
        RenderTable {TABLE} at (0,20) size 53x30 [border: (1px outset #808080)]
          RenderTableSection {TBODY} at (1,1) size 51x28
            RenderTableRow {TR} at (0,2) size 51x24
              RenderTableCell {TD} at (2,2) size 47x24 [border: (1px inset #808080)] [r=0 c=0 rs=1 cs=1]
                RenderText {#text} at (2,2) size 43x19
                  text run at (2,2) width 43: "table-8"
      RenderBlock (anonymous) at (0,666) size 769x20
        RenderInline {FONT} at (0,0) size 9x19
          RenderInline {FONT} at (0,0) size 9x19
            RenderInline {FONT} at (0,0) size 9x19
              RenderInline {FONT} at (0,0) size 9x19
                RenderInline {FONT} at (0,0) size 9x19
                  RenderInline {FONT} at (0,0) size 9x19
                    RenderInline {FONT} at (0,0) size 9x19
                      RenderInline {FONT} at (0,0) size 9x19
                        RenderInline {FONT} at (0,0) size 9x19
                          RenderInline {FONT} at (0,0) size 9x19
                            RenderInline {FONT} at (0,0) size 9x19
                              RenderInline {FONT} at (0,0) size 9x19
                                RenderInline {FONT} at (0,0) size 9x19
                                  RenderInline {FONT} at (0,0) size 9x19
                                    RenderInline {FONT} at (0,0) size 9x19
                                      RenderInline {A} at (0,0) size 9x19
                                        RenderText {#text} at (0,0) size 9x19
                                          text run at (0,0) width 9: "Z"
                                      RenderInline {FONT} at (0,0) size 0x19
                                        RenderText {#text} at (0,0) size 0x0
      RenderBlock (anonymous) at (0,694) size 769x2
        RenderBlock {HR} at (0,0) size 769x2 [border: (1px inset #000000)]
      RenderBlock (anonymous) at (0,704) size 769x20
        RenderInline {FONT} at (0,0) size 11x19
          RenderInline {FONT} at (0,0) size 11x19
            RenderInline {FONT} at (0,0) size 11x19
              RenderInline {FONT} at (0,0) size 11x19
                RenderInline {FONT} at (0,0) size 11x19
                  RenderInline {FONT} at (0,0) size 11x19
                    RenderInline {FONT} at (0,0) size 11x19
                      RenderInline {FONT} at (0,0) size 11x19
                        RenderInline {FONT} at (0,0) size 11x19
                          RenderInline {FONT} at (0,0) size 11x19
                            RenderInline {FONT} at (0,0) size 11x19
                              RenderInline {FONT} at (0,0) size 11x19
                                RenderInline {FONT} at (0,0) size 11x19
                                  RenderInline {FONT} at (0,0) size 11x19
                                    RenderInline {FONT} at (0,0) size 11x19
                                      RenderInline {FONT} at (0,0) size 11x19
                                        RenderInline {FONT} at (0,0) size 11x19
                                          RenderInline {A} at (0,0) size 11x19
                                            RenderText {#text} at (0,0) size 11x19
                                              text run at (0,0) width 11: "X"
      RenderBlock (anonymous) at (0,724) size 769x50
        RenderTable {TABLE} at (0,0) size 53x30 [border: (1px outset #808080)]
          RenderTableSection {TBODY} at (1,1) size 51x28
            RenderTableRow {TR} at (0,2) size 51x24
              RenderTableCell {TD} at (2,2) size 47x24 [border: (1px inset #808080)] [r=0 c=0 rs=1 cs=1]
                RenderText {#text} at (2,2) size 43x19
                  text run at (2,2) width 43: "table-9"
        RenderBlock {DIV} at (0,30) size 769x20
          RenderText {#text} at (0,0) size 82x19
            text run at (0,0) width 82: "div after table"
      RenderBlock (anonymous) at (0,774) size 769x20
        RenderInline {FONT} at (0,0) size 9x19
          RenderInline {FONT} at (0,0) size 9x19
            RenderInline {FONT} at (0,0) size 9x19
              RenderInline {FONT} at (0,0) size 9x19
                RenderInline {FONT} at (0,0) size 9x19
                  RenderInline {FONT} at (0,0) size 9x19
                    RenderInline {FONT} at (0,0) size 9x19
                      RenderInline {FONT} at (0,0) size 9x19
                        RenderInline {FONT} at (0,0) size 9x19
                          RenderInline {FONT} at (0,0) size 9x19
                            RenderInline {FONT} at (0,0) size 9x19
                              RenderInline {FONT} at (0,0) size 9x19
                                RenderInline {FONT} at (0,0) size 9x19
                                  RenderInline {FONT} at (0,0) size 9x19
                                    RenderInline {FONT} at (0,0) size 9x19
                                      RenderInline {FONT} at (0,0) size 9x19
                                        RenderInline {FONT} at (0,0) size 9x19
                                          RenderInline {A} at (0,0) size 9x19
                                            RenderText {#text} at (0,0) size 9x19
                                              text run at (0,0) width 9: "Z"
                                          RenderInline {FONT} at (0,0) size 0x19
                                            RenderText {#text} at (0,0) size 0x0
      RenderBlock (anonymous) at (0,802) size 769x2
        RenderBlock {HR} at (0,0) size 769x2 [border: (1px inset #000000)]
      RenderBlock (anonymous) at (0,812) size 769x0
        RenderInline {FONT} at (0,0) size 0x0
          RenderInline {FONT} at (0,0) size 0x0
            RenderInline {FONT} at (0,0) size 0x0
              RenderInline {FONT} at (0,0) size 0x0
                RenderInline {FONT} at (0,0) size 0x0
                  RenderInline {FONT} at (0,0) size 0x0
                    RenderInline {FONT} at (0,0) size 0x0
                      RenderInline {FONT} at (0,0) size 0x0
                        RenderInline {FONT} at (0,0) size 0x0
                          RenderInline {FONT} at (0,0) size 0x0
                            RenderInline {FONT} at (0,0) size 0x0
                              RenderInline {FONT} at (0,0) size 0x0
                                RenderInline {FONT} at (0,0) size 0x0
                                  RenderInline {FONT} at (0,0) size 0x0
                                    RenderInline {FONT} at (0,0) size 0x0
                                      RenderInline {FONT} at (0,0) size 0x0
                                        RenderInline {FONT} at (0,0) size 0x0
                                          RenderInline {FONT} at (0,0) size 0x0
                                            RenderInline {FONT} at (0,0) size 0x0
      RenderBlock (anonymous) at (0,812) size 769x50
        RenderBlock {DIV} at (0,0) size 769x20
          RenderText {#text} at (0,0) size 94x19
            text run at (0,0) width 94: "div before table"
        RenderTable {TABLE} at (0,20) size 61x30 [border: (1px outset #808080)]
          RenderTableSection {TBODY} at (1,1) size 59x28
            RenderTableRow {TR} at (0,2) size 59x24
              RenderTableCell {TD} at (2,2) size 55x24 [border: (1px inset #808080)] [r=0 c=0 rs=1 cs=1]
                RenderText {#text} at (2,2) size 51x19
                  text run at (2,2) width 51: "table-10"
      RenderBlock (anonymous) at (0,862) size 769x20
        RenderInline {FONT} at (0,0) size 9x19
          RenderInline {FONT} at (0,0) size 9x19
            RenderInline {FONT} at (0,0) size 9x19
              RenderInline {FONT} at (0,0) size 9x19
                RenderInline {FONT} at (0,0) size 9x19
                  RenderInline {FONT} at (0,0) size 9x19
                    RenderInline {FONT} at (0,0) size 9x19
                      RenderInline {FONT} at (0,0) size 9x19
                        RenderInline {FONT} at (0,0) size 9x19
                          RenderInline {FONT} at (0,0) size 9x19
                            RenderInline {FONT} at (0,0) size 9x19
                              RenderInline {FONT} at (0,0) size 9x19
                                RenderInline {FONT} at (0,0) size 9x19
                                  RenderInline {FONT} at (0,0) size 9x19
                                    RenderInline {FONT} at (0,0) size 9x19
                                      RenderInline {FONT} at (0,0) size 9x19
                                        RenderInline {FONT} at (0,0) size 9x19
                                          RenderInline {FONT} at (0,0) size 9x19
                                            RenderInline {FONT} at (0,0) size 9x19
                                              RenderInline {A} at (0,0) size 9x19
                                                RenderText {#text} at (0,0) size 9x19
                                                  text run at (0,0) width 9: "Z"
                                              RenderInline {FONT} at (0,0) size 0x19
                                                RenderText {#text} at (0,0) size 0x0
      RenderBlock (anonymous) at (0,890) size 769x2
        RenderBlock {HR} at (0,0) size 769x2 [border: (1px inset #000000)]
      RenderBlock (anonymous) at (0,900) size 769x0
        RenderInline {FONT} at (0,0) size 0x0
          RenderInline {FONT} at (0,0) size 0x0
            RenderInline {FONT} at (0,0) size 0x0
              RenderInline {FONT} at (0,0) size 0x0
                RenderInline {FONT} at (0,0) size 0x0
                  RenderInline {FONT} at (0,0) size 0x0
                    RenderInline {FONT} at (0,0) size 0x0
                      RenderInline {FONT} at (0,0) size 0x0
                        RenderInline {FONT} at (0,0) size 0x0
                          RenderInline {FONT} at (0,0) size 0x0
                            RenderInline {FONT} at (0,0) size 0x0
                              RenderInline {FONT} at (0,0) size 0x0
                                RenderInline {FONT} at (0,0) size 0x0
                                  RenderInline {FONT} at (0,0) size 0x0
                                    RenderInline {FONT} at (0,0) size 0x0
                                      RenderInline {FONT} at (0,0) size 0x0
                                        RenderInline {FONT} at (0,0) size 0x0
                                          RenderInline {FONT} at (0,0) size 0x0
                                            RenderInline {FONT} at (0,0) size 0x0
                                              RenderInline {FONT} at (0,0) size 0x0
                                                RenderInline {FONT} at (0,0) size 0x0
      RenderBlock (anonymous) at (0,900) size 769x50
        RenderTable {TABLE} at (0,0) size 61x30 [border: (1px outset #808080)]
          RenderTableSection {TBODY} at (1,1) size 59x28
            RenderTableRow {TR} at (0,2) size 59x24
              RenderTableCell {TD} at (2,2) size 55x24 [border: (1px inset #808080)] [r=0 c=0 rs=1 cs=1]
                RenderText {#text} at (2,2) size 51x19
                  text run at (2,2) width 51: "table-11"
        RenderBlock {DIV} at (0,30) size 769x20
          RenderText {#text} at (0,0) size 82x19
            text run at (0,0) width 82: "div after table"
      RenderBlock (anonymous) at (0,950) size 769x20
        RenderInline {FONT} at (0,0) size 9x19
          RenderInline {FONT} at (0,0) size 9x19
            RenderInline {FONT} at (0,0) size 9x19
              RenderInline {FONT} at (0,0) size 9x19
                RenderInline {FONT} at (0,0) size 9x19
                  RenderInline {FONT} at (0,0) size 9x19
                    RenderInline {FONT} at (0,0) size 9x19
                      RenderInline {FONT} at (0,0) size 9x19
                        RenderInline {FONT} at (0,0) size 9x19
                          RenderInline {FONT} at (0,0) size 9x19
                            RenderInline {FONT} at (0,0) size 9x19
                              RenderInline {FONT} at (0,0) size 9x19
                                RenderInline {FONT} at (0,0) size 9x19
                                  RenderInline {FONT} at (0,0) size 9x19
                                    RenderInline {FONT} at (0,0) size 9x19
                                      RenderInline {FONT} at (0,0) size 9x19
                                        RenderInline {FONT} at (0,0) size 9x19
                                          RenderInline {FONT} at (0,0) size 9x19
                                            RenderInline {FONT} at (0,0) size 9x19
                                              RenderInline {FONT} at (0,0) size 9x19
                                                RenderInline {FONT} at (0,0) size 9x19
                                                  RenderInline {A} at (0,0) size 9x19
                                                    RenderText {#text} at (0,0) size 9x19
                                                      text run at (0,0) width 9: "Z"
                                                  RenderInline {FONT} at (0,0) size 0x19
                                                    RenderText {#text} at (0,0) size 0x0
      RenderBlock (anonymous) at (0,978) size 769x2
        RenderBlock {HR} at (0,0) size 769x2 [border: (1px inset #000000)]
      RenderBlock (anonymous) at (0,988) size 769x0
        RenderInline {FONT} at (0,0) size 0x0
          RenderInline {FONT} at (0,0) size 0x0
            RenderInline {FONT} at (0,0) size 0x0
              RenderInline {FONT} at (0,0) size 0x0
                RenderInline {FONT} at (0,0) size 0x0
                  RenderInline {FONT} at (0,0) size 0x0
                    RenderInline {FONT} at (0,0) size 0x0
                      RenderInline {FONT} at (0,0) size 0x0
                        RenderInline {FONT} at (0,0) size 0x0
                          RenderInline {FONT} at (0,0) size 0x0
                            RenderInline {FONT} at (0,0) size 0x0
                              RenderInline {FONT} at (0,0) size 0x0
                                RenderInline {FONT} at (0,0) size 0x0
                                  RenderInline {FONT} at (0,0) size 0x0
                                    RenderInline {FONT} at (0,0) size 0x0
                                      RenderInline {FONT} at (0,0) size 0x0
                                        RenderInline {FONT} at (0,0) size 0x0
                                          RenderInline {FONT} at (0,0) size 0x0
                                            RenderInline {FONT} at (0,0) size 0x0
                                              RenderInline {FONT} at (0,0) size 0x0
                                                RenderInline {FONT} at (0,0) size 0x0
                                                  RenderInline {FONT} at (0,0) size 0x0
                                                    RenderInline {FONT} at (0,0) size 0x0
      RenderBlock (anonymous) at (0,988) size 769x50
        RenderBlock {DIV} at (0,0) size 769x20
          RenderText {#text} at (0,0) size 94x19
            text run at (0,0) width 94: "div before table"
        RenderTable {TABLE} at (0,20) size 61x30 [border: (1px outset #808080)]
          RenderTableSection {TBODY} at (1,1) size 59x28
            RenderTableRow {TR} at (0,2) size 59x24
              RenderTableCell {TD} at (2,2) size 55x24 [border: (1px inset #808080)] [r=0 c=0 rs=1 cs=1]
                RenderText {#text} at (2,2) size 51x19
                  text run at (2,2) width 51: "table-12"
      RenderBlock (anonymous) at (0,1038) size 769x0
        RenderInline {FONT} at (0,0) size 0x0
          RenderInline {FONT} at (0,0) size 0x0
            RenderInline {FONT} at (0,0) size 0x0
              RenderInline {FONT} at (0,0) size 0x0
                RenderInline {FONT} at (0,0) size 0x0
                  RenderInline {FONT} at (0,0) size 0x0
                    RenderInline {FONT} at (0,0) size 0x0
                      RenderInline {FONT} at (0,0) size 0x0
                        RenderInline {FONT} at (0,0) size 0x0
                          RenderInline {FONT} at (0,0) size 0x0
                            RenderInline {FONT} at (0,0) size 0x0
                              RenderInline {FONT} at (0,0) size 0x0
                                RenderInline {FONT} at (0,0) size 0x0
                                  RenderInline {FONT} at (0,0) size 0x0
                                    RenderInline {FONT} at (0,0) size 0x0
                                      RenderInline {FONT} at (0,0) size 0x0
                                        RenderInline {FONT} at (0,0) size 0x0
                                          RenderInline {FONT} at (0,0) size 0x0
                                            RenderInline {FONT} at (0,0) size 0x0
                                              RenderInline {FONT} at (0,0) size 0x0
                                                RenderInline {FONT} at (0,0) size 0x0
                                                  RenderInline {FONT} at (0,0) size 0x0
                                                    RenderInline {FONT} at (0,0) size 0x0
                                                      RenderInline {FONT} at (0,0) size 0x0
                                                        RenderText {#text} at (0,0) size 0x0
