layer at (0,0) size 785x12131
  RenderView at (0,0) size 785x600
layer at (0,0) size 785x12131
  RenderBlock {HTML} at (0,0) size 785x12132
    RenderBody {BODY} at (8,8) size 769x12116
      RenderTable {TABLE} at (0,0) size 730x12116 [border: (1px outset #808080)]
        RenderTableSection {TBODY} at (1,1) size 728x12114
          RenderTableRow {TR} at (0,2) size 728x12110
            RenderTableCell {TD} at (2,2) size 11x24 [border: (1px inset #808080)] [r=0 c=0 rs=1 cs=1]
              RenderText {#text} at (2,2) size 7x19
                text run at (2,2) width 7: "x"
            RenderTableCell {TD} at (15,2) size 711x12110 [border: (1px inset #808080)] [r=0 c=1 rs=1 cs=1]
              RenderBlock (anonymous) at (2,2) size 707x0
                RenderInline {FONT} at (0,0) size 0x0
                  RenderText {#text} at (0,0) size 0x0
              RenderBlock (anonymous) at (2,2) size 707x54
                RenderTable {TABLE} at (0,0) size 564x54 [border: (1px outset #808080)]
                  RenderTableSection {TBODY} at (1,1) size 562x52
                    RenderTableRow {TR} at (0,2) size 562x23
                      RenderTableCell {TD} at (2,2) size 109x23 [border: (1px inset #808080)] [r=0 c=0 rs=1 cs=1]
                        RenderText {#text} at (2,2) size 4x18
                          text run at (2,2) width 4: " "
                      RenderTableCell {TD} at (113,2) size 447x4 [border: (1px inset #808080)] [r=0 c=1 rs=1 cs=1]
                    RenderTableRow {TR} at (0,27) size 562x23
                      RenderTableCell {TD} at (2,27) size 109x23 [border: (1px inset #808080)] [r=1 c=0 rs=1 cs=1]
                        RenderText {#text} at (2,2) size 105x18
                          text run at (2,2) width 105: "Search again..."
              RenderBlock (anonymous) at (2,56) size 707x16
                RenderInline {FONT} at (0,0) size 707x16
                  RenderText {#text} at (0,0) size 707x16
                    text run at (0,0) width 330: "This text node only exists once in the original document! "
                    text run at (330,0) width 304: "If it were a large collection of inlines, the page would "
                    text run at (634,0) width 73: "hang forever."
                  RenderInline {A} at (0,0) size 0x0
              RenderBlock (anonymous) at (2,88) size 707x12020
                RenderBlock {H2} at (0,0) size 707x25
                  RenderInline {A} at (0,0) size 169x24
                    RenderText {#text} at (0,0) size 169x24
                      text run at (0,0) width 169: "Table of Contents"
                RenderBlock {P} at (0,41) size 707x161
                  RenderInline {B} at (0,0) size 76x16
                    RenderInline {A} at (0,0) size 76x16 [color=#0000EE]
                      RenderText {#text} at (0,0) size 76x16
                        text run at (0,0) width 76: "Introduction"
                  RenderBR {BR} at (76,13) size 0x0
                  RenderBR {BR} at (0,16) size 0x16
                  RenderInline {A} at (0,0) size 160x16 [color=#0000EE]
                    RenderText {#text} at (0,32) size 160x16
                      text run at (0,32) width 160: "Who Should Use This Book"
                  RenderText {#text} at (160,32) size 4x16
                    text run at (160,32) width 4: " "
                  RenderBR {BR} at (164,45) size 0x0
                  RenderInline {A} at (0,0) size 132x16 [color=#0000EE]
                    RenderText {#text} at (0,48) size 132x16
                      text run at (0,48) width 132: "How To Use This Book"
                  RenderText {#text} at (132,48) size 4x16
                    text run at (132,48) width 4: " "
                  RenderBR {BR} at (136,61) size 0x0
                  RenderInline {A} at (0,0) size 165x16 [color=#0000EE]
                    RenderText {#text} at (0,64) size 165x16
                      text run at (0,64) width 165: "How This Book is Structured"
                  RenderText {#text} at (165,64) size 4x16
                    text run at (165,64) width 4: " "
                  RenderBR {BR} at (169,77) size 0x0
                  RenderInline {A} at (0,0) size 200x16 [color=#0000EE]
                    RenderText {#text} at (0,80) size 200x16
                      text run at (0,80) width 200: "How to Read the Syntax Diagrams"
                  RenderText {#text} at (200,80) size 4x16
                    text run at (200,80) width 4: " "
                  RenderBR {BR} at (204,93) size 0x0
                  RenderInline {A} at (0,0) size 192x16 [color=#0000EE]
                    RenderText {#text} at (0,96) size 192x16
                      text run at (0,96) width 192: "Conventions Used in This Manual"
                  RenderText {#text} at (192,96) size 4x16
                    text run at (192,96) width 4: " "
                  RenderBR {BR} at (196,109) size 0x0
                  RenderInline {A} at (0,0) size 93x16 [color=#0000EE]
                    RenderText {#text} at (0,112) size 93x16
                      text run at (0,112) width 93: "Error Conditions"
                  RenderText {#text} at (93,112) size 4x16
                    text run at (93,112) width 4: " "
                  RenderBR {BR} at (97,125) size 0x0
                  RenderInline {A} at (0,0) size 141x16 [color=#0000EE]
                    RenderText {#text} at (0,128) size 141x16
                      text run at (0,128) width 141: "Highlighting Conventions"
                  RenderText {#text} at (141,128) size 4x16
                    text run at (141,128) width 4: " "
                  RenderBR {BR} at (145,141) size 0x0
                  RenderInline {A} at (0,0) size 215x16 [color=#0000EE]
                    RenderText {#text} at (0,144) size 215x16
                      text run at (0,144) width 215: "Related Documentation for This Book"
                  RenderText {#text} at (0,0) size 0x0
                RenderBlock {P} at (0,214) size 707x1057
                  RenderInline {B} at (0,0) size 58x16
                    RenderInline {A} at (0,0) size 58x16 [color=#0000EE]
                      RenderText {#text} at (0,0) size 58x16
                        text run at (0,0) width 58: "Concepts"
                  RenderBR {BR} at (58,13) size 0x0
                  RenderBR {BR} at (0,16) size 0x16
                  RenderInline {A} at (0,0) size 116x16 [color=#0000EE]
                    RenderText {#text} at (0,32) size 116x16
                      text run at (0,32) width 116: "Relational Database"
                  RenderText {#text} at (116,32) size 4x16
                    text run at (116,32) width 4: " "
                  RenderBR {BR} at (120,45) size 0x0
                  RenderInline {A} at (0,0) size 197x16 [color=#0000EE]
                    RenderText {#text} at (0,48) size 197x16
                      text run at (0,48) width 197: "Structured Query Language (SQL)"
                  RenderText {#text} at (197,48) size 4x16
                    text run at (197,48) width 4: " "
                  RenderBR {BR} at (201,61) size 0x0
                  RenderInline {A} at (0,0) size 92x16 [color=#0000EE]
                    RenderText {#text} at (0,64) size 92x16
                      text run at (0,64) width 92: "Embedded SQL"
                  RenderText {#text} at (92,64) size 4x16
                    text run at (92,64) width 4: " "
                  RenderBR {BR} at (96,77) size 0x0
                  RenderInline {A} at (0,0) size 64x16 [color=#0000EE]
                    RenderText {#text} at (0,80) size 64x16
                      text run at (0,80) width 64: "Static SQL"
                  RenderText {#text} at (64,80) size 4x16
                    text run at (64,80) width 4: " "
                  RenderBR {BR} at (68,93) size 0x0
                  RenderInline {A} at (0,0) size 81x16 [color=#0000EE]
                    RenderText {#text} at (0,96) size 81x16
                      text run at (0,96) width 81: "Dynamic SQL"
                  RenderText {#text} at (81,96) size 4x16
                    text run at (81,96) width 4: " "
                  RenderBR {BR} at (85,109) size 0x0
                  RenderInline {A} at (0,0) size 398x16 [color=#0000EE]
                    RenderText {#text} at (0,112) size 398x16
                      text run at (0,112) width 398: "DB2 Call Level Interface (CLI) & Open Database Connectivity (ODBC)"
                  RenderText {#text} at (398,112) size 4x16
                    text run at (398,112) width 4: " "
                  RenderBR {BR} at (402,125) size 0x0
                  RenderInline {A} at (0,0) size 475x16 [color=#0000EE]
                    RenderText {#text} at (0,128) size 475x16
                      text run at (0,128) width 475: "Java Database Connectivity (JDBC) and Embedded SQL for Java (SQLJ) Programs"
                  RenderText {#text} at (475,128) size 4x16
                    text run at (475,128) width 4: " "
                  RenderBR {BR} at (479,141) size 0x0
                  RenderInline {A} at (0,0) size 88x16 [color=#0000EE]
                    RenderText {#text} at (0,144) size 88x16
                      text run at (0,144) width 88: "Interactive SQL"
                  RenderText {#text} at (88,144) size 4x16
                    text run at (88,144) width 4: " "
                  RenderBR {BR} at (92,157) size 0x0
                  RenderInline {A} at (0,0) size 55x16 [color=#0000EE]
                    RenderText {#text} at (0,160) size 55x16
                      text run at (0,160) width 55: "Schemas"
                  RenderText {#text} at (55,160) size 4x16
                    text run at (55,160) width 4: " "
                  RenderBR {BR} at (59,173) size 0x0
                  RenderInline {A} at (0,0) size 161x16 [color=#0000EE]
                    RenderText {#text} at (0,176) size 161x16
                      text run at (0,176) width 161: "Controlling Use of Schemas"
                  RenderText {#text} at (161,176) size 4x16
                    text run at (161,176) width 4: " "
                  RenderBR {BR} at (165,189) size 0x0
                  RenderInline {A} at (0,0) size 38x16 [color=#0000EE]
                    RenderText {#text} at (0,192) size 38x16
                      text run at (0,192) width 38: "Tables"
                  RenderText {#text} at (38,192) size 4x16
                    text run at (38,192) width 4: " "
                  RenderBR {BR} at (42,205) size 0x0
                  RenderInline {A} at (0,0) size 35x16 [color=#0000EE]
                    RenderText {#text} at (0,208) size 35x16
                      text run at (0,208) width 35: "Views"
                  RenderText {#text} at (35,208) size 4x16
                    text run at (35,208) width 4: " "
                  RenderBR {BR} at (39,221) size 0x0
                  RenderInline {A} at (0,0) size 43x16 [color=#0000EE]
                    RenderText {#text} at (0,224) size 43x16
                      text run at (0,224) width 43: "Aliases"
                  RenderText {#text} at (43,224) size 4x16
                    text run at (43,224) width 4: " "
                  RenderBR {BR} at (47,237) size 0x0
                  RenderInline {A} at (0,0) size 45x16 [color=#0000EE]
                    RenderText {#text} at (0,240) size 45x16
                      text run at (0,240) width 45: "Indexes"
                  RenderText {#text} at (45,240) size 4x16
                    text run at (45,240) width 4: " "
                  RenderBR {BR} at (49,253) size 0x0
                  RenderInline {A} at (0,0) size 30x16 [color=#0000EE]
                    RenderText {#text} at (0,256) size 30x16
                      text run at (0,256) width 30: "Keys"
                  RenderText {#text} at (30,256) size 4x16
                    text run at (30,256) width 4: " "
                  RenderBR {BR} at (34,269) size 0x0
                  RenderInline {A} at (0,0) size 74x16 [color=#0000EE]
                    RenderText {#text} at (0,272) size 74x16
                      text run at (0,272) width 74: "Unique Keys"
                  RenderText {#text} at (74,272) size 4x16
                    text run at (74,272) width 4: " "
                  RenderBR {BR} at (78,285) size 0x0
                  RenderInline {A} at (0,0) size 79x16 [color=#0000EE]
                    RenderText {#text} at (0,288) size 79x16
                      text run at (0,288) width 79: "Primary Keys"
                  RenderText {#text} at (79,288) size 4x16
                    text run at (79,288) width 4: " "
                  RenderBR {BR} at (83,301) size 0x0
                  RenderInline {A} at (0,0) size 77x16 [color=#0000EE]
                    RenderText {#text} at (0,304) size 77x16
                      text run at (0,304) width 77: "Foreign Keys"
                  RenderText {#text} at (77,304) size 4x16
                    text run at (77,304) width 4: " "
                  RenderBR {BR} at (81,317) size 0x0
                  RenderInline {A} at (0,0) size 99x16 [color=#0000EE]
                    RenderText {#text} at (0,320) size 99x16
                      text run at (0,320) width 99: "Partitioning Keys"
                  RenderText {#text} at (99,320) size 4x16
                    text run at (99,320) width 4: " "
                  RenderBR {BR} at (103,333) size 0x0
                  RenderInline {A} at (0,0) size 66x16 [color=#0000EE]
                    RenderText {#text} at (0,336) size 66x16
                      text run at (0,336) width 66: "Constraints"
                  RenderText {#text} at (66,336) size 4x16
                    text run at (66,336) width 4: " "
                  RenderBR {BR} at (70,349) size 0x0
                  RenderInline {A} at (0,0) size 110x16 [color=#0000EE]
                    RenderText {#text} at (0,352) size 110x16
                      text run at (0,352) width 110: "Unique Constraints"
                  RenderText {#text} at (110,352) size 4x16
                    text run at (110,352) width 4: " "
                  RenderBR {BR} at (114,365) size 0x0
                  RenderInline {A} at (0,0) size 131x16 [color=#0000EE]
                    RenderText {#text} at (0,368) size 131x16
                      text run at (0,368) width 131: "Referential Constraints"
                  RenderText {#text} at (131,368) size 4x16
                    text run at (131,368) width 4: " "
                  RenderBR {BR} at (135,381) size 0x0
                  RenderInline {A} at (0,0) size 142x16 [color=#0000EE]
                    RenderText {#text} at (0,384) size 142x16
                      text run at (0,384) width 142: "Table Check Constraints"
                  RenderText {#text} at (142,384) size 4x16
                    text run at (142,384) width 4: " "
                  RenderBR {BR} at (146,397) size 0x0
                  RenderInline {A} at (0,0) size 46x16 [color=#0000EE]
                    RenderText {#text} at (0,400) size 46x16
                      text run at (0,400) width 46: "Triggers"
                  RenderText {#text} at (46,400) size 4x16
                    text run at (46,400) width 4: " "
                  RenderBR {BR} at (50,413) size 0x0
                  RenderInline {A} at (0,0) size 86x16 [color=#0000EE]
                    RenderText {#text} at (0,416) size 86x16
                      text run at (0,416) width 86: "Event Monitors"
                  RenderText {#text} at (86,416) size 4x16
                    text run at (86,416) width 4: " "
                  RenderBR {BR} at (90,429) size 0x0
                  RenderInline {A} at (0,0) size 45x16 [color=#0000EE]
                    RenderText {#text} at (0,432) size 45x16
                      text run at (0,432) width 45: "Queries"
                  RenderText {#text} at (45,432) size 4x16
                    text run at (45,432) width 4: " "
                  RenderBR {BR} at (49,445) size 0x0
                  RenderInline {A} at (0,0) size 107x16 [color=#0000EE]
                    RenderText {#text} at (0,448) size 107x16
                      text run at (0,448) width 107: "Table Expressions"
                  RenderText {#text} at (107,448) size 4x16
                    text run at (107,448) width 4: " "
                  RenderBR {BR} at (111,461) size 0x0
                  RenderInline {A} at (0,0) size 163x16 [color=#0000EE]
                    RenderText {#text} at (0,464) size 163x16
                      text run at (0,464) width 163: "Common Table Expressions"
                  RenderText {#text} at (163,464) size 4x16
                    text run at (163,464) width 4: " "
                  RenderBR {BR} at (167,477) size 0x0
                  RenderInline {A} at (0,0) size 58x16 [color=#0000EE]
                    RenderText {#text} at (0,480) size 58x16
                      text run at (0,480) width 58: "Packages"
                  RenderText {#text} at (58,480) size 4x16
                    text run at (58,480) width 4: " "
                  RenderBR {BR} at (62,493) size 0x0
                  RenderInline {A} at (0,0) size 83x16 [color=#0000EE]
                    RenderText {#text} at (0,496) size 83x16
                      text run at (0,496) width 83: "Catalog Views"
                  RenderText {#text} at (83,496) size 4x16
                    text run at (83,496) width 4: " "
                  RenderBR {BR} at (87,509) size 0x0
                  RenderInline {A} at (0,0) size 297x16 [color=#0000EE]
                    RenderText {#text} at (0,512) size 297x16
                      text run at (0,512) width 297: "Application Processes, Concurrency, and Recovery"
                  RenderText {#text} at (297,512) size 4x16
                    text run at (297,512) width 4: " "
                  RenderBR {BR} at (301,525) size 0x0
                  RenderInline {A} at (0,0) size 81x16 [color=#0000EE]
                    RenderText {#text} at (0,528) size 81x16
                      text run at (0,528) width 81: "Isolation Level"
                  RenderText {#text} at (81,528) size 4x16
                    text run at (81,528) width 4: " "
                  RenderBR {BR} at (85,541) size 0x0
                  RenderInline {A} at (0,0) size 129x16 [color=#0000EE]
                    RenderText {#text} at (0,544) size 129x16
                      text run at (0,544) width 129: "Repeatable Read (RR)"
                  RenderText {#text} at (129,544) size 4x16
                    text run at (129,544) width 4: " "
                  RenderBR {BR} at (133,557) size 0x0
                  RenderInline {A} at (0,0) size 111x16 [color=#0000EE]
                    RenderText {#text} at (0,560) size 111x16
                      text run at (0,560) width 111: "Read Stability (RS)"
                  RenderText {#text} at (111,560) size 4x16
                    text run at (111,560) width 4: " "
                  RenderBR {BR} at (115,573) size 0x0
                  RenderInline {A} at (0,0) size 119x16 [color=#0000EE]
                    RenderText {#text} at (0,576) size 119x16
                      text run at (0,576) width 119: "Cursor Stability (CS)"
                  RenderText {#text} at (119,576) size 4x16
                    text run at (119,576) width 4: " "
                  RenderBR {BR} at (123,589) size 0x0
                  RenderInline {A} at (0,0) size 141x16 [color=#0000EE]
                    RenderText {#text} at (0,592) size 141x16
                      text run at (0,592) width 141: "Uncommitted Read (UR)"
                  RenderText {#text} at (141,592) size 4x16
                    text run at (141,592) width 4: " "
                  RenderBR {BR} at (145,605) size 0x0
                  RenderInline {A} at (0,0) size 175x16 [color=#0000EE]
                    RenderText {#text} at (0,608) size 175x16
                      text run at (0,608) width 175: "Comparison of Isolation Levels"
                  RenderText {#text} at (175,608) size 4x16
                    text run at (175,608) width 4: " "
                  RenderBR {BR} at (179,621) size 0x0
                  RenderInline {A} at (0,0) size 182x16 [color=#0000EE]
                    RenderText {#text} at (0,624) size 182x16
                      text run at (0,624) width 182: "Distributed Relational Database"
                  RenderText {#text} at (182,624) size 4x16
                    text run at (182,624) width 4: " "
                  RenderBR {BR} at (186,637) size 0x0
                  RenderInline {A} at (0,0) size 111x16 [color=#0000EE]
                    RenderText {#text} at (0,640) size 111x16
                      text run at (0,640) width 111: "Application Servers"
                  RenderText {#text} at (111,640) size 4x16
                    text run at (111,640) width 4: " "
                  RenderBR {BR} at (115,653) size 0x0
                  RenderInline {A} at (0,0) size 255x16 [color=#0000EE]
                    RenderText {#text} at (0,656) size 255x16
                      text run at (0,656) width 255: "CONNECT (Type 1) and CONNECT (Type 2)"
                  RenderText {#text} at (255,656) size 4x16
                    text run at (255,656) width 4: " "
                  RenderBR {BR} at (259,669) size 0x0
                  RenderInline {A} at (0,0) size 121x16 [color=#0000EE]
                    RenderText {#text} at (0,672) size 121x16
                      text run at (0,672) width 121: "Remote Unit of Work"
                  RenderText {#text} at (121,672) size 4x16
                    text run at (121,672) width 4: " "
                  RenderBR {BR} at (125,685) size 0x0
                  RenderInline {A} at (0,0) size 258x16 [color=#0000EE]
                    RenderText {#text} at (0,688) size 258x16
                      text run at (0,688) width 258: "Application-Directed Distributed Unit of Work"
                  RenderText {#text} at (258,688) size 4x16
                    text run at (258,688) width 4: " "
                  RenderBR {BR} at (262,701) size 0x0
                  RenderInline {A} at (0,0) size 208x16 [color=#0000EE]
                    RenderText {#text} at (0,704) size 208x16
                      text run at (0,704) width 208: "Data Representation Considerations"
                  RenderText {#text} at (208,704) size 4x16
                    text run at (208,704) width 4: " "
                  RenderBR {BR} at (212,717) size 0x0
                  RenderInline {A} at (0,0) size 143x16 [color=#0000EE]
                    RenderText {#text} at (0,720) size 143x16
                      text run at (0,720) width 143: "DB2 Federated Systems"
                  RenderText {#text} at (143,720) size 4x16
                    text run at (143,720) width 4: " "
                  RenderBR {BR} at (147,733) size 0x0
                  RenderInline {A} at (0,0) size 360x16 [color=#0000EE]
                    RenderText {#text} at (0,736) size 360x16
                      text run at (0,736) width 360: "The Federated Server, Federated Database, and Data Sources"
                  RenderText {#text} at (360,736) size 4x16
                    text run at (360,736) width 4: " "
                  RenderBR {BR} at (364,749) size 0x0
                  RenderInline {A} at (0,0) size 264x16 [color=#0000EE]
                    RenderText {#text} at (0,752) size 264x16
                      text run at (0,752) width 264: "Tasks to Perform in a DB2 Federated System"
                  RenderText {#text} at (264,752) size 4x16
                    text run at (264,752) width 4: " "
                  RenderBR {BR} at (268,765) size 0x0
                  RenderInline {A} at (0,0) size 187x16 [color=#0000EE]
                    RenderText {#text} at (0,768) size 187x16
                      text run at (0,768) width 187: "Wrappers and Wrapper Modules"
                  RenderText {#text} at (187,768) size 4x16
                    text run at (187,768) width 4: " "
                  RenderBR {BR} at (191,781) size 0x0
                  RenderInline {A} at (0,0) size 214x16 [color=#0000EE]
                    RenderText {#text} at (0,784) size 214x16
                      text run at (0,784) width 214: "Server Definitions and Server Options"
                  RenderText {#text} at (214,784) size 4x16
                    text run at (214,784) width 4: " "
                  RenderBR {BR} at (218,797) size 0x0
                  RenderInline {A} at (0,0) size 192x16 [color=#0000EE]
                    RenderText {#text} at (0,800) size 192x16
                      text run at (0,800) width 192: "User Mappings and User Options"
                  RenderText {#text} at (192,800) size 4x16
                    text run at (192,800) width 4: " "
                  RenderBR {BR} at (196,813) size 0x0
                  RenderInline {A} at (0,0) size 119x16 [color=#0000EE]
                    RenderText {#text} at (0,816) size 119x16
                      text run at (0,816) width 119: "Data Type Mappings"
                  RenderText {#text} at (119,816) size 4x16
                    text run at (119,816) width 4: " "
                  RenderBR {BR} at (123,829) size 0x0
                  RenderInline {A} at (0,0) size 417x16 [color=#0000EE]
                    RenderText {#text} at (0,832) size 417x16
                      text run at (0,832) width 417: "Function Mappings, Function Templates, and Function Mapping Options"
                  RenderText {#text} at (417,832) size 4x16
                    text run at (417,832) width 4: " "
                  RenderBR {BR} at (421,845) size 0x0
                  RenderInline {A} at (0,0) size 187x16 [color=#0000EE]
                    RenderText {#text} at (0,848) size 187x16
                      text run at (0,848) width 187: "Nicknames and Column Options"
                  RenderText {#text} at (187,848) size 4x16
                    text run at (187,848) width 4: " "
                  RenderBR {BR} at (191,861) size 0x0
                  RenderInline {A} at (0,0) size 116x16 [color=#0000EE]
                    RenderText {#text} at (0,864) size 116x16
                      text run at (0,864) width 116: "Index Specifications"
                  RenderText {#text} at (116,864) size 4x16
                    text run at (116,864) width 4: " "
                  RenderBR {BR} at (120,877) size 0x0
                  RenderInline {A} at (0,0) size 121x16 [color=#0000EE]
                    RenderText {#text} at (0,880) size 121x16
                      text run at (0,880) width 121: "Distributed Requests"
                  RenderText {#text} at (121,880) size 4x16
                    text run at (121,880) width 4: " "
                  RenderBR {BR} at (125,893) size 0x0
                  RenderInline {A} at (0,0) size 83x16 [color=#0000EE]
                    RenderText {#text} at (0,896) size 83x16
                      text run at (0,896) width 83: "Compensation"
                  RenderText {#text} at (83,896) size 4x16
                    text run at (83,896) width 4: " "
                  RenderBR {BR} at (87,909) size 0x0
                  RenderInline {A} at (0,0) size 80x16 [color=#0000EE]
                    RenderText {#text} at (0,912) size 80x16
                      text run at (0,912) width 80: "Pass-Through"
                  RenderText {#text} at (80,912) size 4x16
                    text run at (80,912) width 4: " "
                  RenderBR {BR} at (84,925) size 0x0
                  RenderInline {A} at (0,0) size 123x16 [color=#0000EE]
                    RenderText {#text} at (0,928) size 123x16
                      text run at (0,928) width 123: "Character Conversion"
                  RenderText {#text} at (123,928) size 4x16
                    text run at (123,928) width 4: " "
                  RenderBR {BR} at (127,941) size 0x0
                  RenderInline {A} at (0,0) size 187x16 [color=#0000EE]
                    RenderText {#text} at (0,944) size 187x16
                      text run at (0,944) width 187: "Character Sets and Code Pages"
                  RenderText {#text} at (187,944) size 4x16
                    text run at (187,944) width 4: " "
                  RenderBR {BR} at (191,957) size 0x0
                  RenderInline {A} at (0,0) size 124x16 [color=#0000EE]
                    RenderText {#text} at (0,960) size 124x16
                      text run at (0,960) width 124: "Code Page Attributes"
                  RenderText {#text} at (124,960) size 4x16
                    text run at (124,960) width 4: " "
                  RenderBR {BR} at (128,973) size 0x0
                  RenderInline {A} at (0,0) size 160x16 [color=#0000EE]
                    RenderText {#text} at (0,976) size 160x16
                      text run at (0,976) width 160: "Authorization and Privileges"
                  RenderText {#text} at (160,976) size 4x16
                    text run at (160,976) width 4: " "
                  RenderBR {BR} at (164,989) size 0x0
                  RenderInline {A} at (0,0) size 253x16 [color=#0000EE]
                    RenderText {#text} at (0,992) size 253x16
                      text run at (0,992) width 253: "Table Spaces and Other Storage Structures"
                  RenderText {#text} at (253,992) size 4x16
                    text run at (253,992) width 4: " "
                  RenderBR {BR} at (257,1005) size 0x0
                  RenderInline {A} at (0,0) size 249x16 [color=#0000EE]
                    RenderText {#text} at (0,1008) size 249x16
                      text run at (0,1008) width 249: "Data Partitioning Across Multiple Partitions"
                  RenderText {#text} at (249,1008) size 4x16
                    text run at (249,1008) width 4: " "
                  RenderBR {BR} at (253,1021) size 0x0
                  RenderInline {A} at (0,0) size 101x16 [color=#0000EE]
                    RenderText {#text} at (0,1024) size 101x16
                      text run at (0,1024) width 101: "Partitioning Maps"
                  RenderText {#text} at (101,1024) size 4x16
                    text run at (101,1024) width 4: " "
                  RenderBR {BR} at (105,1037) size 0x0
                  RenderInline {A} at (0,0) size 99x16 [color=#0000EE]
                    RenderText {#text} at (0,1040) size 99x16
                      text run at (0,1040) width 99: "Table Collocation"
                  RenderText {#text} at (0,0) size 0x0
                RenderBlock {P} at (0,1283) size 707x2129
                  RenderInline {B} at (0,0) size 126x16
                    RenderInline {A} at (0,0) size 126x16 [color=#0000EE]
                      RenderText {#text} at (0,0) size 126x16
                        text run at (0,0) width 126: "Language Elements"
                  RenderBR {BR} at (126,13) size 0x0
                  RenderBR {BR} at (0,16) size 0x16
                  RenderInline {A} at (0,0) size 63x16 [color=#0000EE]
                    RenderText {#text} at (0,32) size 63x16
                      text run at (0,32) width 63: "Characters"
                  RenderText {#text} at (63,32) size 4x16
                    text run at (63,32) width 4: " "
                  RenderBR {BR} at (67,45) size 0x0
                  RenderInline {A} at (0,0) size 128x16 [color=#0000EE]
                    RenderText {#text} at (0,48) size 128x16
                      text run at (0,48) width 128: "MBCS Considerations"
                  RenderText {#text} at (128,48) size 4x16
                    text run at (128,48) width 4: " "
                  RenderBR {BR} at (132,61) size 0x0
                  RenderInline {A} at (0,0) size 42x16 [color=#0000EE]
                    RenderText {#text} at (0,64) size 42x16
                      text run at (0,64) width 42: "Tokens"
                  RenderText {#text} at (42,64) size 4x16
                    text run at (42,64) width 4: " "
                  RenderBR {BR} at (46,77) size 0x0
                  RenderInline {A} at (0,0) size 128x16 [color=#0000EE]
                    RenderText {#text} at (0,80) size 128x16
                      text run at (0,80) width 128: "MBCS Considerations"
                  RenderText {#text} at (128,80) size 4x16
                    text run at (128,80) width 4: " "
                  RenderBR {BR} at (132,93) size 0x0
                  RenderInline {A} at (0,0) size 55x16 [color=#0000EE]
                    RenderText {#text} at (0,96) size 55x16
                      text run at (0,96) width 55: "Identifiers"
                  RenderText {#text} at (55,96) size 4x16
                    text run at (55,96) width 4: " "
                  RenderBR {BR} at (59,109) size 0x0
                  RenderInline {A} at (0,0) size 85x16 [color=#0000EE]
                    RenderText {#text} at (0,112) size 85x16
                      text run at (0,112) width 85: "SQL Identifiers"
                  RenderText {#text} at (85,112) size 4x16
                    text run at (85,112) width 4: " "
                  RenderBR {BR} at (89,125) size 0x0
                  RenderInline {A} at (0,0) size 86x16 [color=#0000EE]
                    RenderText {#text} at (0,128) size 86x16
                      text run at (0,128) width 86: "Host Identifiers"
                  RenderText {#text} at (86,128) size 4x16
                    text run at (86,128) width 4: " "
                  RenderBR {BR} at (90,141) size 0x0
                  RenderInline {A} at (0,0) size 350x16 [color=#0000EE]
                    RenderText {#text} at (0,144) size 350x16
                      text run at (0,144) width 350: "Naming Conventions and Implicit Object Name Qualifications"
                  RenderText {#text} at (350,144) size 4x16
                    text run at (350,144) width 4: " "
                  RenderBR {BR} at (354,157) size 0x0
                  RenderInline {A} at (0,0) size 43x16 [color=#0000EE]
                    RenderText {#text} at (0,160) size 43x16
                      text run at (0,160) width 43: "Aliases"
                  RenderText {#text} at (43,160) size 4x16
                    text run at (43,160) width 4: " "
                  RenderBR {BR} at (47,173) size 0x0
                  RenderInline {A} at (0,0) size 245x16 [color=#0000EE]
                    RenderText {#text} at (0,176) size 245x16
                      text run at (0,176) width 245: "Authorization IDs and authorization-names"
                  RenderText {#text} at (245,176) size 4x16
                    text run at (245,176) width 4: " "
                  RenderBR {BR} at (249,189) size 0x0
                  RenderInline {A} at (0,0) size 238x16 [color=#0000EE]
                    RenderText {#text} at (0,192) size 238x16
                      text run at (0,192) width 238: "Dynamic SQL Characteristics at run-time"
                  RenderText {#text} at (238,192) size 4x16
                    text run at (238,192) width 4: " "
                  RenderBR {BR} at (242,205) size 0x0
                  RenderInline {A} at (0,0) size 258x16 [color=#0000EE]
                    RenderText {#text} at (0,208) size 258x16
                      text run at (0,208) width 258: "Authorization IDs and Statement Preparation"
                  RenderText {#text} at (258,208) size 4x16
                    text run at (258,208) width 4: " "
                  RenderBR {BR} at (262,221) size 0x0
                  RenderInline {A} at (0,0) size 66x16 [color=#0000EE]
                    RenderText {#text} at (0,224) size 66x16
                      text run at (0,224) width 66: "Data Types"
                  RenderText {#text} at (66,224) size 4x16
                    text run at (66,224) width 4: " "
                  RenderBR {BR} at (70,237) size 0x0
                  RenderInline {A} at (0,0) size 29x16 [color=#0000EE]
                    RenderText {#text} at (0,240) size 29x16
                      text run at (0,240) width 29: "Nulls"
                  RenderText {#text} at (29,240) size 4x16
                    text run at (29,240) width 4: " "
                  RenderBR {BR} at (33,253) size 0x0
                  RenderInline {A} at (0,0) size 126x16 [color=#0000EE]
                    RenderText {#text} at (0,256) size 126x16
                      text run at (0,256) width 126: "Large Objects (LOBs)"
                  RenderText {#text} at (126,256) size 4x16
                    text run at (126,256) width 4: " "
                  RenderBR {BR} at (130,269) size 0x0
                  RenderInline {A} at (0,0) size 101x16 [color=#0000EE]
                    RenderText {#text} at (0,272) size 101x16
                      text run at (0,272) width 101: "Character Strings"
                  RenderText {#text} at (101,272) size 4x16
                    text run at (101,272) width 4: " "
                  RenderBR {BR} at (105,285) size 0x0
                  RenderInline {A} at (0,0) size 90x16 [color=#0000EE]
                    RenderText {#text} at (0,288) size 90x16
                      text run at (0,288) width 90: "Graphic Strings"
                  RenderText {#text} at (90,288) size 4x16
                    text run at (90,288) width 4: " "
                  RenderBR {BR} at (94,301) size 0x0
                  RenderInline {A} at (0,0) size 75x16 [color=#0000EE]
                    RenderText {#text} at (0,304) size 75x16
                      text run at (0,304) width 75: "Binary String"
                  RenderText {#text} at (75,304) size 4x16
                    text run at (75,304) width 4: " "
                  RenderBR {BR} at (79,317) size 0x0
                  RenderInline {A} at (0,0) size 52x16 [color=#0000EE]
                    RenderText {#text} at (0,320) size 52x16
                      text run at (0,320) width 52: "Numbers"
                  RenderText {#text} at (52,320) size 4x16
                    text run at (52,320) width 4: " "
                  RenderBR {BR} at (56,333) size 0x0
                  RenderInline {A} at (0,0) size 96x16 [color=#0000EE]
                    RenderText {#text} at (0,336) size 96x16
                      text run at (0,336) width 96: "Datetime Values"
                  RenderText {#text} at (96,336) size 4x16
                    text run at (96,336) width 4: " "
                  RenderBR {BR} at (100,349) size 0x0
                  RenderInline {A} at (0,0) size 106x16 [color=#0000EE]
                    RenderText {#text} at (0,352) size 106x16
                      text run at (0,352) width 106: "DATALINK Values"
                  RenderText {#text} at (106,352) size 4x16
                    text run at (106,352) width 4: " "
                  RenderBR {BR} at (110,365) size 0x0
                  RenderInline {A} at (0,0) size 113x16 [color=#0000EE]
                    RenderText {#text} at (0,368) size 113x16
                      text run at (0,368) width 113: "User Defined Types"
                  RenderText {#text} at (113,368) size 4x16
                    text run at (113,368) width 4: " "
                  RenderBR {BR} at (117,381) size 0x0
                  RenderInline {A} at (0,0) size 143x16 [color=#0000EE]
                    RenderText {#text} at (0,384) size 143x16
                      text run at (0,384) width 143: "Promotion of Data Types"
                  RenderText {#text} at (143,384) size 4x16
                    text run at (143,384) width 4: " "
                  RenderBR {BR} at (147,397) size 0x0
                  RenderInline {A} at (0,0) size 168x16 [color=#0000EE]
                    RenderText {#text} at (0,400) size 168x16
                      text run at (0,400) width 168: "Casting Between Data Types"
                  RenderText {#text} at (168,400) size 4x16
                    text run at (168,400) width 4: " "
                  RenderBR {BR} at (172,413) size 0x0
                  RenderInline {A} at (0,0) size 181x16 [color=#0000EE]
                    RenderText {#text} at (0,416) size 181x16
                      text run at (0,416) width 181: "Assignments and Comparisons"
                  RenderText {#text} at (181,416) size 4x16
                    text run at (181,416) width 4: " "
                  RenderBR {BR} at (185,429) size 0x0
                  RenderInline {A} at (0,0) size 128x16 [color=#0000EE]
                    RenderText {#text} at (0,432) size 128x16
                      text run at (0,432) width 128: "Numeric Assignments"
                  RenderText {#text} at (128,432) size 4x16
                    text run at (128,432) width 4: " "
                  RenderBR {BR} at (132,445) size 0x0
                  RenderInline {A} at (0,0) size 114x16 [color=#0000EE]
                    RenderText {#text} at (0,448) size 114x16
                      text run at (0,448) width 114: "String Assignments"
                  RenderText {#text} at (114,448) size 4x16
                    text run at (114,448) width 4: " "
                  RenderBR {BR} at (118,461) size 0x0
                  RenderInline {A} at (0,0) size 132x16 [color=#0000EE]
                    RenderText {#text} at (0,464) size 132x16
                      text run at (0,464) width 132: "Datetime Assignments"
                  RenderText {#text} at (132,464) size 4x16
                    text run at (132,464) width 4: " "
                  RenderBR {BR} at (136,477) size 0x0
                  RenderInline {A} at (0,0) size 142x16 [color=#0000EE]
                    RenderText {#text} at (0,480) size 142x16
                      text run at (0,480) width 142: "DATALINK Assignments"
                  RenderText {#text} at (142,480) size 4x16
                    text run at (142,480) width 4: " "
                  RenderBR {BR} at (146,493) size 0x0
                  RenderInline {A} at (0,0) size 184x16 [color=#0000EE]
                    RenderText {#text} at (0,496) size 184x16
                      text run at (0,496) width 184: "User-defined Type Assignments"
                  RenderText {#text} at (184,496) size 4x16
                    text run at (184,496) width 4: " "
                  RenderBR {BR} at (188,509) size 0x0
                  RenderInline {A} at (0,0) size 170x16 [color=#0000EE]
                    RenderText {#text} at (0,512) size 170x16
                      text run at (0,512) width 170: "Reference Type Assignments"
                  RenderText {#text} at (170,512) size 4x16
                    text run at (170,512) width 4: " "
                  RenderBR {BR} at (174,525) size 0x0
                  RenderInline {A} at (0,0) size 128x16 [color=#0000EE]
                    RenderText {#text} at (0,528) size 128x16
                      text run at (0,528) width 128: "Numeric Comparisons"
                  RenderText {#text} at (128,528) size 4x16
                    text run at (128,528) width 4: " "
                  RenderBR {BR} at (132,541) size 0x0
                  RenderInline {A} at (0,0) size 114x16 [color=#0000EE]
                    RenderText {#text} at (0,544) size 114x16
                      text run at (0,544) width 114: "String Comparisons"
                  RenderText {#text} at (114,544) size 4x16
                    text run at (114,544) width 4: " "
                  RenderBR {BR} at (118,557) size 0x0
                  RenderInline {A} at (0,0) size 132x16 [color=#0000EE]
                    RenderText {#text} at (0,560) size 132x16
                      text run at (0,560) width 132: "Datetime Comparisons"
                  RenderText {#text} at (132,560) size 4x16
                    text run at (132,560) width 4: " "
                  RenderBR {BR} at (136,573) size 0x0
                  RenderInline {A} at (0,0) size 184x16 [color=#0000EE]
                    RenderText {#text} at (0,576) size 184x16
                      text run at (0,576) width 184: "User-defined Type Comparisons"
                  RenderText {#text} at (184,576) size 4x16
                    text run at (184,576) width 4: " "
                  RenderBR {BR} at (188,589) size 0x0
                  RenderInline {A} at (0,0) size 170x16 [color=#0000EE]
                    RenderText {#text} at (0,592) size 170x16
                      text run at (0,592) width 170: "Reference Type Comparisons"
                  RenderText {#text} at (170,592) size 4x16
                    text run at (170,592) width 4: " "
                  RenderBR {BR} at (174,605) size 0x0
                  RenderInline {A} at (0,0) size 162x16 [color=#0000EE]
                    RenderText {#text} at (0,608) size 162x16
                      text run at (0,608) width 162: "Rules for Result Data Types"
                  RenderText {#text} at (162,608) size 4x16
                    text run at (162,608) width 4: " "
                  RenderBR {BR} at (166,621) size 0x0
                  RenderInline {A} at (0,0) size 101x16 [color=#0000EE]
                    RenderText {#text} at (0,624) size 101x16
                      text run at (0,624) width 101: "Character Strings"
                  RenderText {#text} at (101,624) size 4x16
                    text run at (101,624) width 4: " "
                  RenderBR {BR} at (105,637) size 0x0
                  RenderInline {A} at (0,0) size 90x16 [color=#0000EE]
                    RenderText {#text} at (0,640) size 90x16
                      text run at (0,640) width 90: "Graphic Strings"
                  RenderText {#text} at (90,640) size 4x16
                    text run at (90,640) width 4: " "
                  RenderBR {BR} at (94,653) size 0x0
                  RenderInline {A} at (0,0) size 162x16 [color=#0000EE]
                    RenderText {#text} at (0,656) size 162x16
                      text run at (0,656) width 162: "Binary Large Object (BLOB)"
                  RenderText {#text} at (162,656) size 4x16
                    text run at (162,656) width 4: " "
                  RenderBR {BR} at (166,669) size 0x0
                  RenderInline {A} at (0,0) size 48x16 [color=#0000EE]
                    RenderText {#text} at (0,672) size 48x16
                      text run at (0,672) width 48: "Numeric"
                  RenderText {#text} at (48,672) size 4x16
                    text run at (48,672) width 4: " "
                  RenderBR {BR} at (52,685) size 0x0
                  RenderInline {A} at (0,0) size 34x16 [color=#0000EE]
                    RenderText {#text} at (0,688) size 34x16
                      text run at (0,688) width 34: "DATE"
                  RenderText {#text} at (34,688) size 4x16
                    text run at (34,688) width 4: " "
                  RenderBR {BR} at (38,701) size 0x0
                  RenderInline {A} at (0,0) size 30x16 [color=#0000EE]
                    RenderText {#text} at (0,704) size 30x16
                      text run at (0,704) width 30: "TIME"
                  RenderText {#text} at (30,704) size 4x16
                    text run at (30,704) width 4: " "
                  RenderBR {BR} at (34,717) size 0x0
                  RenderInline {A} at (0,0) size 75x16 [color=#0000EE]
                    RenderText {#text} at (0,720) size 75x16
                      text run at (0,720) width 75: "TIMESTAMP"
                  RenderText {#text} at (75,720) size 4x16
                    text run at (75,720) width 4: " "
                  RenderBR {BR} at (79,733) size 0x0
                  RenderInline {A} at (0,0) size 62x16 [color=#0000EE]
                    RenderText {#text} at (0,736) size 62x16
                      text run at (0,736) width 62: "DATALINK"
                  RenderText {#text} at (62,736) size 4x16
                    text run at (62,736) width 4: " "
                  RenderBR {BR} at (66,749) size 0x0
                  RenderInline {A} at (0,0) size 111x16 [color=#0000EE]
                    RenderText {#text} at (0,752) size 111x16
                      text run at (0,752) width 111: "User-defined Types"
                  RenderText {#text} at (111,752) size 4x16
                    text run at (111,752) width 4: " "
                  RenderBR {BR} at (115,765) size 0x0
                  RenderInline {A} at (0,0) size 154x16 [color=#0000EE]
                    RenderText {#text} at (0,768) size 154x16
                      text run at (0,768) width 154: "Nullable Attribute of Result"
                  RenderText {#text} at (154,768) size 4x16
                    text run at (154,768) width 4: " "
                  RenderBR {BR} at (158,781) size 0x0
                  RenderInline {A} at (0,0) size 163x16 [color=#0000EE]
                    RenderText {#text} at (0,784) size 163x16
                      text run at (0,784) width 163: "Rules for String Conversions"
                  RenderText {#text} at (163,784) size 4x16
                    text run at (163,784) width 4: " "
                  RenderBR {BR} at (167,797) size 0x0
                  RenderInline {A} at (0,0) size 127x16 [color=#0000EE]
                    RenderText {#text} at (0,800) size 127x16
                      text run at (0,800) width 127: "Partition Compatibility"
                  RenderText {#text} at (127,800) size 4x16
                    text run at (127,800) width 4: " "
                  RenderBR {BR} at (131,813) size 0x0
                  RenderInline {A} at (0,0) size 59x16 [color=#0000EE]
                    RenderText {#text} at (0,816) size 59x16
                      text run at (0,816) width 59: "Constants"
                  RenderText {#text} at (59,816) size 4x16
                    text run at (59,816) width 4: " "
                  RenderBR {BR} at (63,829) size 0x0
                  RenderInline {A} at (0,0) size 102x16 [color=#0000EE]
                    RenderText {#text} at (0,832) size 102x16
                      text run at (0,832) width 102: "Integer Constants"
                  RenderText {#text} at (102,832) size 4x16
                    text run at (102,832) width 4: " "
                  RenderBR {BR} at (106,845) size 0x0
                  RenderInline {A} at (0,0) size 143x16 [color=#0000EE]
                    RenderText {#text} at (0,848) size 143x16
                      text run at (0,848) width 143: "Floating-Point Constants"
                  RenderText {#text} at (143,848) size 4x16
                    text run at (143,848) width 4: " "
                  RenderBR {BR} at (147,861) size 0x0
                  RenderInline {A} at (0,0) size 110x16 [color=#0000EE]
                    RenderText {#text} at (0,864) size 110x16
                      text run at (0,864) width 110: "Decimal Constants"
                  RenderText {#text} at (110,864) size 4x16
                    text run at (110,864) width 4: " "
                  RenderBR {BR} at (114,877) size 0x0
                  RenderInline {A} at (0,0) size 157x16 [color=#0000EE]
                    RenderText {#text} at (0,880) size 157x16
                      text run at (0,880) width 157: "Character String Constants"
                  RenderText {#text} at (157,880) size 4x16
                    text run at (157,880) width 4: " "
                  RenderBR {BR} at (161,893) size 0x0
                  RenderInline {A} at (0,0) size 138x16 [color=#0000EE]
                    RenderText {#text} at (0,896) size 138x16
                      text run at (0,896) width 138: "Hexadecimal Constants"
                  RenderText {#text} at (138,896) size 4x16
                    text run at (138,896) width 4: " "
                  RenderBR {BR} at (142,909) size 0x0
                  RenderInline {A} at (0,0) size 146x16 [color=#0000EE]
                    RenderText {#text} at (0,912) size 146x16
                      text run at (0,912) width 146: "Graphic String Constants"
                  RenderText {#text} at (146,912) size 4x16
                    text run at (146,912) width 4: " "
                  RenderBR {BR} at (150,925) size 0x0
                  RenderInline {A} at (0,0) size 238x16 [color=#0000EE]
                    RenderText {#text} at (0,928) size 238x16
                      text run at (0,928) width 238: "Using Constants with User-defined Types"
                  RenderText {#text} at (238,928) size 4x16
                    text run at (238,928) width 4: " "
                  RenderBR {BR} at (242,941) size 0x0
                  RenderInline {A} at (0,0) size 102x16 [color=#0000EE]
                    RenderText {#text} at (0,944) size 102x16
                      text run at (0,944) width 102: "Special Registers"
                  RenderText {#text} at (102,944) size 4x16
                    text run at (102,944) width 4: " "
                  RenderBR {BR} at (106,957) size 0x0
                  RenderInline {A} at (0,0) size 99x16 [color=#0000EE]
                    RenderText {#text} at (0,960) size 99x16
                      text run at (0,960) width 99: "CURRENT DATE"
                  RenderText {#text} at (99,960) size 4x16
                    text run at (99,960) width 4: " "
                  RenderBR {BR} at (103,973) size 0x0
                  RenderInline {A} at (0,0) size 259x16 [color=#0000EE]
                    RenderText {#text} at (0,976) size 259x16
                      text run at (0,976) width 259: "CURRENT DEFAULT TRANSFORM GROUP"
                  RenderText {#text} at (259,976) size 4x16
                    text run at (259,976) width 4: " "
                  RenderBR {BR} at (263,989) size 0x0
                  RenderInline {A} at (0,0) size 120x16 [color=#0000EE]
                    RenderText {#text} at (0,992) size 120x16
                      text run at (0,992) width 120: "CURRENT DEGREE"
                  RenderText {#text} at (120,992) size 4x16
                    text run at (120,992) width 4: " "
                  RenderBR {BR} at (124,1005) size 0x0
                  RenderInline {A} at (0,0) size 161x16 [color=#0000EE]
                    RenderText {#text} at (0,1008) size 161x16
                      text run at (0,1008) width 161: "CURRENT EXPLAIN MODE"
                  RenderText {#text} at (161,1008) size 4x16
                    text run at (161,1008) width 4: " "
                  RenderBR {BR} at (165,1021) size 0x0
                  RenderInline {A} at (0,0) size 193x16 [color=#0000EE]
                    RenderText {#text} at (0,1024) size 193x16
                      text run at (0,1024) width 193: "CURRENT EXPLAIN SNAPSHOT"
                  RenderText {#text} at (193,1024) size 4x16
                    text run at (193,1024) width 4: " "
                  RenderBR {BR} at (197,1037) size 0x0
                  RenderInline {A} at (0,0) size 102x16 [color=#0000EE]
                    RenderText {#text} at (0,1040) size 102x16
                      text run at (0,1040) width 102: "CURRENT NODE"
                  RenderText {#text} at (102,1040) size 4x16
                    text run at (102,1040) width 4: " "
                  RenderBR {BR} at (106,1053) size 0x0
                  RenderInline {A} at (0,0) size 99x16 [color=#0000EE]
                    RenderText {#text} at (0,1056) size 99x16
                      text run at (0,1056) width 99: "CURRENT PATH"
                  RenderText {#text} at (99,1056) size 4x16
                    text run at (99,1056) width 4: " "
                  RenderBR {BR} at (103,1069) size 0x0
                  RenderInline {A} at (0,0) size 203x16 [color=#0000EE]
                    RenderText {#text} at (0,1072) size 203x16
                      text run at (0,1072) width 203: "CURRENT QUERY OPTIMIZATION"
                  RenderText {#text} at (203,1072) size 4x16
                    text run at (203,1072) width 4: " "
                  RenderBR {BR} at (207,1085) size 0x0
                  RenderInline {A} at (0,0) size 159x16 [color=#0000EE]
                    RenderText {#text} at (0,1088) size 159x16
                      text run at (0,1088) width 159: "CURRENT REFRESH AGE"
                  RenderText {#text} at (159,1088) size 4x16
                    text run at (159,1088) width 4: " "
                  RenderBR {BR} at (163,1101) size 0x0
                  RenderInline {A} at (0,0) size 121x16 [color=#0000EE]
                    RenderText {#text} at (0,1104) size 121x16
                      text run at (0,1104) width 121: "CURRENT SCHEMA"
                  RenderText {#text} at (121,1104) size 4x16
                    text run at (121,1104) width 4: " "
                  RenderBR {BR} at (125,1117) size 0x0
                  RenderInline {A} at (0,0) size 119x16 [color=#0000EE]
                    RenderText {#text} at (0,1120) size 119x16
                      text run at (0,1120) width 119: "CURRENT SERVER"
                  RenderText {#text} at (119,1120) size 4x16
                    text run at (119,1120) width 4: " "
                  RenderBR {BR} at (123,1133) size 0x0
                  RenderInline {A} at (0,0) size 95x16 [color=#0000EE]
                    RenderText {#text} at (0,1136) size 95x16
                      text run at (0,1136) width 95: "CURRENT TIME"
                  RenderText {#text} at (95,1136) size 4x16
                    text run at (95,1136) width 4: " "
                  RenderBR {BR} at (99,1149) size 0x0
                  RenderInline {A} at (0,0) size 140x16 [color=#0000EE]
                    RenderText {#text} at (0,1152) size 140x16
                      text run at (0,1152) width 140: "CURRENT TIMESTAMP"
                  RenderText {#text} at (140,1152) size 4x16
                    text run at (140,1152) width 4: " "
                  RenderBR {BR} at (144,1165) size 0x0
                  RenderInline {A} at (0,0) size 130x16 [color=#0000EE]
                    RenderText {#text} at (0,1168) size 130x16
                      text run at (0,1168) width 130: "CURRENT TIMEZONE"
                  RenderText {#text} at (130,1168) size 4x16
                    text run at (130,1168) width 4: " "
                  RenderBR {BR} at (134,1181) size 0x0
                  RenderInline {A} at (0,0) size 36x16 [color=#0000EE]
                    RenderText {#text} at (0,1184) size 36x16
                      text run at (0,1184) width 36: "USER"
                  RenderText {#text} at (36,1184) size 4x16
                    text run at (36,1184) width 4: " "
                  RenderBR {BR} at (40,1197) size 0x0
                  RenderInline {A} at (0,0) size 89x16 [color=#0000EE]
                    RenderText {#text} at (0,1200) size 89x16
                      text run at (0,1200) width 89: "Column Names"
                  RenderText {#text} at (89,1200) size 4x16
                    text run at (89,1200) width 4: " "
                  RenderBR {BR} at (93,1213) size 0x0
                  RenderInline {A} at (0,0) size 143x16 [color=#0000EE]
                    RenderText {#text} at (0,1216) size 143x16
                      text run at (0,1216) width 143: "Qualified Column Names"
                  RenderText {#text} at (143,1216) size 4x16
                    text run at (143,1216) width 4: " "
                  RenderBR {BR} at (147,1229) size 0x0
                  RenderInline {A} at (0,0) size 107x16 [color=#0000EE]
                    RenderText {#text} at (0,1232) size 107x16
                      text run at (0,1232) width 107: "Correlation Names"
                  RenderText {#text} at (107,1232) size 4x16
                    text run at (107,1232) width 4: " "
                  RenderBR {BR} at (111,1245) size 0x0
                  RenderInline {A} at (0,0) size 252x16 [color=#0000EE]
                    RenderText {#text} at (0,1248) size 252x16
                      text run at (0,1248) width 252: "Column Name Qualifiers to Avoid Ambiguity"
                  RenderText {#text} at (252,1248) size 4x16
                    text run at (252,1248) width 4: " "
                  RenderBR {BR} at (256,1261) size 0x0
                  RenderInline {A} at (0,0) size 286x16 [color=#0000EE]
                    RenderText {#text} at (0,1264) size 286x16
                      text run at (0,1264) width 286: "Column Name Qualifiers in Correlated References"
                  RenderText {#text} at (286,1264) size 4x16
                    text run at (286,1264) width 4: " "
                  RenderBR {BR} at (290,1277) size 0x0
                  RenderInline {A} at (0,0) size 169x16 [color=#0000EE]
                    RenderText {#text} at (0,1280) size 169x16
                      text run at (0,1280) width 169: "References to Host Variables"
                  RenderText {#text} at (169,1280) size 4x16
                    text run at (169,1280) width 4: " "
                  RenderBR {BR} at (173,1293) size 0x0
                  RenderInline {A} at (0,0) size 184x16 [color=#0000EE]
                    RenderText {#text} at (0,1296) size 184x16
                      text run at (0,1296) width 184: "Host Variables in Dynamic SQL"
                  RenderText {#text} at (184,1296) size 4x16
                    text run at (184,1296) width 4: " "
                  RenderBR {BR} at (188,1309) size 0x0
                  RenderInline {A} at (0,0) size 337x16 [color=#0000EE]
                    RenderText {#text} at (0,1312) size 337x16
                      text run at (0,1312) width 337: "References to BLOB, CLOB, and DBCLOB Host Variables"
                  RenderText {#text} at (337,1312) size 4x16
                    text run at (337,1312) width 4: " "
                  RenderBR {BR} at (341,1325) size 0x0
                  RenderInline {A} at (0,0) size 185x16 [color=#0000EE]
                    RenderText {#text} at (0,1328) size 185x16
                      text run at (0,1328) width 185: "References to Locator Variables"
                  RenderText {#text} at (185,1328) size 4x16
                    text run at (185,1328) width 4: " "
                  RenderBR {BR} at (189,1341) size 0x0
                  RenderInline {A} at (0,0) size 393x16 [color=#0000EE]
                    RenderText {#text} at (0,1344) size 393x16
                      text run at (0,1344) width 393: "References to BLOB, CLOB, and DBCLOB File Reference Variables"
                  RenderText {#text} at (393,1344) size 4x16
                    text run at (393,1344) width 4: " "
                  RenderBR {BR} at (397,1357) size 0x0
                  RenderInline {A} at (0,0) size 265x16 [color=#0000EE]
                    RenderText {#text} at (0,1360) size 265x16
                      text run at (0,1360) width 265: "References to Structured Type Host Variables"
                  RenderText {#text} at (265,1360) size 4x16
                    text run at (265,1360) width 4: " "
                  RenderBR {BR} at (269,1373) size 0x0
                  RenderInline {A} at (0,0) size 57x16 [color=#0000EE]
                    RenderText {#text} at (0,1376) size 57x16
                      text run at (0,1376) width 57: "Functions"
                  RenderText {#text} at (57,1376) size 4x16
                    text run at (57,1376) width 4: " "
                  RenderBR {BR} at (61,1389) size 0x0
                  RenderInline {A} at (0,0) size 298x16 [color=#0000EE]
                    RenderText {#text} at (0,1392) size 298x16
                      text run at (0,1392) width 298: "External, SQL and Sourced User-Defined Functions"
                  RenderText {#text} at (298,1392) size 4x16
                    text run at (298,1392) width 4: " "
                  RenderBR {BR} at (302,1405) size 0x0
                  RenderInline {A} at (0,0) size 321x16 [color=#0000EE]
                    RenderText {#text} at (0,1408) size 321x16
                      text run at (0,1408) width 321: "Scalar, Column, Row and Table User-Defined Functions"
                  RenderText {#text} at (321,1408) size 4x16
                    text run at (321,1408) width 4: " "
                  RenderBR {BR} at (325,1421) size 0x0
                  RenderInline {A} at (0,0) size 114x16 [color=#0000EE]
                    RenderText {#text} at (0,1424) size 114x16
                      text run at (0,1424) width 114: "Function signatures"
                  RenderText {#text} at (114,1424) size 4x16
                    text run at (114,1424) width 4: " "
                  RenderBR {BR} at (118,1437) size 0x0
                  RenderInline {A} at (0,0) size 57x16 [color=#0000EE]
                    RenderText {#text} at (0,1440) size 57x16
                      text run at (0,1440) width 57: "SQL Path"
                  RenderText {#text} at (57,1440) size 4x16
                    text run at (57,1440) width 4: " "
                  RenderBR {BR} at (61,1453) size 0x0
                  RenderInline {A} at (0,0) size 115x16 [color=#0000EE]
                    RenderText {#text} at (0,1456) size 115x16
                      text run at (0,1456) width 115: "Function Resolution"
                  RenderText {#text} at (115,1456) size 4x16
                    text run at (115,1456) width 4: " "
                  RenderBR {BR} at (119,1469) size 0x0
                  RenderInline {A} at (0,0) size 111x16 [color=#0000EE]
                    RenderText {#text} at (0,1472) size 111x16
                      text run at (0,1472) width 111: "Function Invocation"
                  RenderText {#text} at (111,1472) size 4x16
                    text run at (111,1472) width 4: " "
                  RenderBR {BR} at (115,1485) size 0x0
                  RenderInline {A} at (0,0) size 50x16 [color=#0000EE]
                    RenderText {#text} at (0,1488) size 50x16
                      text run at (0,1488) width 50: "Methods"
                  RenderText {#text} at (50,1488) size 4x16
                    text run at (50,1488) width 4: " "
                  RenderBR {BR} at (54,1501) size 0x0
                  RenderInline {A} at (0,0) size 235x16 [color=#0000EE]
                    RenderText {#text} at (0,1504) size 235x16
                      text run at (0,1504) width 235: "External and SQL User-Defined Methods"
                  RenderText {#text} at (235,1504) size 4x16
                    text run at (235,1504) width 4: " "
                  RenderBR {BR} at (239,1517) size 0x0
                  RenderInline {A} at (0,0) size 109x16 [color=#0000EE]
                    RenderText {#text} at (0,1520) size 109x16
                      text run at (0,1520) width 109: "Method Signatures"
                  RenderText {#text} at (109,1520) size 4x16
                    text run at (109,1520) width 4: " "
                  RenderBR {BR} at (113,1533) size 0x0
                  RenderInline {A} at (0,0) size 104x16 [color=#0000EE]
                    RenderText {#text} at (0,1536) size 104x16
                      text run at (0,1536) width 104: "Method Invocation"
                  RenderText {#text} at (104,1536) size 4x16
                    text run at (104,1536) width 4: " "
                  RenderBR {BR} at (108,1549) size 0x0
                  RenderInline {A} at (0,0) size 108x16 [color=#0000EE]
                    RenderText {#text} at (0,1552) size 108x16
                      text run at (0,1552) width 108: "Method Resolution"
                  RenderText {#text} at (108,1552) size 4x16
                    text run at (108,1552) width 4: " "
                  RenderBR {BR} at (112,1565) size 0x0
                  RenderInline {A} at (0,0) size 187x16 [color=#0000EE]
                    RenderText {#text} at (0,1568) size 187x16
                      text run at (0,1568) width 187: "Method of Choosing the Best Fit"
                  RenderText {#text} at (187,1568) size 4x16
                    text run at (187,1568) width 4: " "
                  RenderBR {BR} at (191,1581) size 0x0
                  RenderInline {A} at (0,0) size 177x16 [color=#0000EE]
                    RenderText {#text} at (0,1584) size 177x16
                      text run at (0,1584) width 177: "Example of Method Resolution"
                  RenderText {#text} at (177,1584) size 4x16
                    text run at (177,1584) width 4: " "
                  RenderBR {BR} at (181,1597) size 0x0
                  RenderInline {A} at (0,0) size 104x16 [color=#0000EE]
                    RenderText {#text} at (0,1600) size 104x16
                      text run at (0,1600) width 104: "Method Invocation"
                  RenderText {#text} at (104,1600) size 4x16
                    text run at (104,1600) width 4: " "
                  RenderBR {BR} at (108,1613) size 0x0
                  RenderInline {A} at (0,0) size 185x16 [color=#0000EE]
                    RenderText {#text} at (0,1616) size 185x16
                      text run at (0,1616) width 185: "Conservative Binding Semantics"
                  RenderText {#text} at (185,1616) size 4x16
                    text run at (185,1616) width 4: " "
                  RenderBR {BR} at (189,1629) size 0x0
                  RenderInline {A} at (0,0) size 72x16 [color=#0000EE]
                    RenderText {#text} at (0,1632) size 72x16
                      text run at (0,1632) width 72: "Expressions"
                  RenderText {#text} at (72,1632) size 4x16
                    text run at (72,1632) width 4: " "
                  RenderBR {BR} at (76,1645) size 0x0
                  RenderInline {A} at (0,0) size 106x16 [color=#0000EE]
                    RenderText {#text} at (0,1648) size 106x16
                      text run at (0,1648) width 106: "Without Operators"
                  RenderText {#text} at (106,1648) size 4x16
                    text run at (106,1648) width 4: " "
                  RenderBR {BR} at (110,1661) size 0x0
                  RenderInline {A} at (0,0) size 190x16 [color=#0000EE]
                    RenderText {#text} at (0,1664) size 190x16
                      text run at (0,1664) width 190: "With the Concatenation Operator"
                  RenderText {#text} at (190,1664) size 4x16
                    text run at (190,1664) width 4: " "
                  RenderBR {BR} at (194,1677) size 0x0
                  RenderInline {A} at (0,0) size 151x16 [color=#0000EE]
                    RenderText {#text} at (0,1680) size 151x16
                      text run at (0,1680) width 151: "With Arithmetic Operators"
                  RenderText {#text} at (151,1680) size 4x16
                    text run at (151,1680) width 4: " "
                  RenderBR {BR} at (155,1693) size 0x0
                  RenderInline {A} at (0,0) size 126x16 [color=#0000EE]
                    RenderText {#text} at (0,1696) size 126x16
                      text run at (0,1696) width 126: "Two Integer Operands"
                  RenderText {#text} at (126,1696) size 4x16
                    text run at (126,1696) width 4: " "
                  RenderBR {BR} at (130,1709) size 0x0
                  RenderInline {A} at (0,0) size 175x16 [color=#0000EE]
                    RenderText {#text} at (0,1712) size 175x16
                      text run at (0,1712) width 175: "Integer and Decimal Operands"
                  RenderText {#text} at (175,1712) size 4x16
                    text run at (175,1712) width 4: " "
                  RenderBR {BR} at (179,1725) size 0x0
                  RenderInline {A} at (0,0) size 134x16 [color=#0000EE]
                    RenderText {#text} at (0,1728) size 134x16
                      text run at (0,1728) width 134: "Two Decimal Operands"
                  RenderText {#text} at (134,1728) size 4x16
                    text run at (134,1728) width 4: " "
                  RenderBR {BR} at (138,1741) size 0x0
                  RenderInline {A} at (0,0) size 154x16 [color=#0000EE]
                    RenderText {#text} at (0,1744) size 154x16
                      text run at (0,1744) width 154: "Decimal Arithmetic in SQL"
                  RenderText {#text} at (154,1744) size 4x16
                    text run at (154,1744) width 4: " "
                  RenderBR {BR} at (158,1757) size 0x0
                  RenderInline {A} at (0,0) size 140x16 [color=#0000EE]
                    RenderText {#text} at (0,1760) size 140x16
                      text run at (0,1760) width 140: "Floating-Point Operands"
                  RenderText {#text} at (140,1760) size 4x16
                    text run at (140,1760) width 4: " "
                  RenderBR {BR} at (144,1773) size 0x0
                  RenderInline {A} at (0,0) size 189x16 [color=#0000EE]
                    RenderText {#text} at (0,1776) size 189x16
                      text run at (0,1776) width 189: "User-defined Types as Operands"
                  RenderText {#text} at (189,1776) size 4x16
                    text run at (189,1776) width 4: " "
                  RenderBR {BR} at (193,1789) size 0x0
                  RenderInline {A} at (0,0) size 97x16 [color=#0000EE]
                    RenderText {#text} at (0,1792) size 97x16
                      text run at (0,1792) width 97: "Scalar Fullselect"
                  RenderText {#text} at (97,1792) size 4x16
                    text run at (97,1792) width 4: " "
                  RenderBR {BR} at (101,1805) size 0x0
                  RenderInline {A} at (0,0) size 203x16 [color=#0000EE]
                    RenderText {#text} at (0,1808) size 203x16
                      text run at (0,1808) width 203: "Datetime Operations and Durations"
                  RenderText {#text} at (203,1808) size 4x16
                    text run at (203,1808) width 4: " "
                  RenderBR {BR} at (207,1821) size 0x0
                  RenderInline {A} at (0,0) size 159x16 [color=#0000EE]
                    RenderText {#text} at (0,1824) size 159x16
                      text run at (0,1824) width 159: "Datetime Arithmetic in SQL"
                  RenderText {#text} at (159,1824) size 4x16
                    text run at (159,1824) width 4: " "
                  RenderBR {BR} at (163,1837) size 0x0
                  RenderInline {A} at (0,0) size 150x16 [color=#0000EE]
                    RenderText {#text} at (0,1840) size 150x16
                      text run at (0,1840) width 150: "Precedence of Operations"
                  RenderText {#text} at (150,1840) size 4x16
                    text run at (150,1840) width 4: " "
                  RenderBR {BR} at (154,1853) size 0x0
                  RenderInline {A} at (0,0) size 112x16 [color=#0000EE]
                    RenderText {#text} at (0,1856) size 112x16
                      text run at (0,1856) width 112: "CASE Expressions"
                  RenderText {#text} at (112,1856) size 4x16
                    text run at (112,1856) width 4: " "
                  RenderBR {BR} at (116,1869) size 0x0
                  RenderInline {A} at (0,0) size 119x16 [color=#0000EE]
                    RenderText {#text} at (0,1872) size 119x16
                      text run at (0,1872) width 119: "CAST Specifications"
                  RenderText {#text} at (119,1872) size 4x16
                    text run at (119,1872) width 4: " "
                  RenderBR {BR} at (123,1885) size 0x0
                  RenderInline {A} at (0,0) size 136x16 [color=#0000EE]
                    RenderText {#text} at (0,1888) size 136x16
                      text run at (0,1888) width 136: "Dereference Operations"
                  RenderText {#text} at (136,1888) size 4x16
                    text run at (136,1888) width 4: " "
                  RenderBR {BR} at (140,1901) size 0x0
                  RenderInline {A} at (0,0) size 96x16 [color=#0000EE]
                    RenderText {#text} at (0,1904) size 96x16
                      text run at (0,1904) width 96: "OLAP Functions"
                  RenderText {#text} at (96,1904) size 4x16
                    text run at (96,1904) width 4: " "
                  RenderBR {BR} at (100,1917) size 0x0
                  RenderInline {A} at (0,0) size 104x16 [color=#0000EE]
                    RenderText {#text} at (0,1920) size 104x16
                      text run at (0,1920) width 104: "Method Invocation"
                  RenderText {#text} at (104,1920) size 4x16
                    text run at (104,1920) width 4: " "
                  RenderBR {BR} at (108,1933) size 0x0
                  RenderInline {A} at (0,0) size 110x16 [color=#0000EE]
                    RenderText {#text} at (0,1936) size 110x16
                      text run at (0,1936) width 110: "Subtype Treatment"
                  RenderText {#text} at (110,1936) size 4x16
                    text run at (110,1936) width 4: " "
                  RenderBR {BR} at (114,1949) size 0x0
                  RenderInline {A} at (0,0) size 62x16 [color=#0000EE]
                    RenderText {#text} at (0,1952) size 62x16
                      text run at (0,1952) width 62: "Predicates"
                  RenderText {#text} at (62,1952) size 4x16
                    text run at (62,1952) width 4: " "
                  RenderBR {BR} at (66,1965) size 0x0
                  RenderInline {A} at (0,0) size 92x16 [color=#0000EE]
                    RenderText {#text} at (0,1968) size 92x16
                      text run at (0,1968) width 92: "Basic Predicate"
                  RenderText {#text} at (92,1968) size 4x16
                    text run at (92,1968) width 4: " "
                  RenderBR {BR} at (96,1981) size 0x0
                  RenderInline {A} at (0,0) size 117x16 [color=#0000EE]
                    RenderText {#text} at (0,1984) size 117x16
                      text run at (0,1984) width 117: "Quantified Predicate"
                  RenderText {#text} at (117,1984) size 4x16
                    text run at (117,1984) width 4: " "
                  RenderBR {BR} at (121,1997) size 0x0
                  RenderInline {A} at (0,0) size 124x16 [color=#0000EE]
                    RenderText {#text} at (0,2000) size 124x16
                      text run at (0,2000) width 124: "BETWEEN Predicate"
                  RenderText {#text} at (124,2000) size 4x16
                    text run at (124,2000) width 4: " "
                  RenderBR {BR} at (128,2013) size 0x0
                  RenderInline {A} at (0,0) size 103x16 [color=#0000EE]
                    RenderText {#text} at (0,2016) size 103x16
                      text run at (0,2016) width 103: "EXISTS Predicate"
                  RenderText {#text} at (103,2016) size 4x16
                    text run at (103,2016) width 4: " "
                  RenderBR {BR} at (107,2029) size 0x0
                  RenderInline {A} at (0,0) size 71x16 [color=#0000EE]
                    RenderText {#text} at (0,2032) size 71x16
                      text run at (0,2032) width 71: "IN Predicate"
                  RenderText {#text} at (71,2032) size 4x16
                    text run at (71,2032) width 4: " "
                  RenderBR {BR} at (75,2045) size 0x0
                  RenderInline {A} at (0,0) size 87x16 [color=#0000EE]
                    RenderText {#text} at (0,2048) size 87x16
                      text run at (0,2048) width 87: "LIKE Predicate"
                  RenderText {#text} at (87,2048) size 4x16
                    text run at (87,2048) width 4: " "
                  RenderBR {BR} at (91,2061) size 0x0
                  RenderInline {A} at (0,0) size 91x16 [color=#0000EE]
                    RenderText {#text} at (0,2064) size 91x16
                      text run at (0,2064) width 91: "NULL Predicate"
                  RenderText {#text} at (91,2064) size 4x16
                    text run at (91,2064) width 4: " "
                  RenderBR {BR} at (95,2077) size 0x0
                  RenderInline {A} at (0,0) size 93x16 [color=#0000EE]
                    RenderText {#text} at (0,2080) size 93x16
                      text run at (0,2080) width 93: "TYPE Predicate"
                  RenderText {#text} at (93,2080) size 4x16
                    text run at (93,2080) width 4: " "
                  RenderBR {BR} at (97,2093) size 0x0
                  RenderInline {A} at (0,0) size 106x16 [color=#0000EE]
                    RenderText {#text} at (0,2096) size 106x16
                      text run at (0,2096) width 106: "Search Conditions"
                  RenderText {#text} at (106,2096) size 4x16
                    text run at (106,2096) width 4: " "
                  RenderBR {BR} at (110,2109) size 0x0
                  RenderInline {A} at (0,0) size 58x16 [color=#0000EE]
                    RenderText {#text} at (0,2112) size 58x16
                      text run at (0,2112) width 58: "Examples"
                  RenderText {#text} at (0,0) size 0x0
                RenderBlock {P} at (0,3424) size 707x2065
                  RenderInline {B} at (0,0) size 61x16
                    RenderInline {A} at (0,0) size 61x16 [color=#0000EE]
                      RenderText {#text} at (0,0) size 61x16
                        text run at (0,0) width 61: "Functions"
                  RenderBR {BR} at (61,13) size 0x0
                  RenderBR {BR} at (0,16) size 0x16
                  RenderInline {A} at (0,0) size 105x16 [color=#0000EE]
                    RenderText {#text} at (0,32) size 105x16
                      text run at (0,32) width 105: "Column Functions"
                  RenderText {#text} at (105,32) size 4x16
                    text run at (105,32) width 4: " "
                  RenderBR {BR} at (109,45) size 0x0
                  RenderInline {A} at (0,0) size 28x16 [color=#0000EE]
                    RenderText {#text} at (0,48) size 28x16
                      text run at (0,48) width 28: "AVG"
                  RenderText {#text} at (28,48) size 4x16
                    text run at (28,48) width 4: " "
                  RenderBR {BR} at (32,61) size 0x0
                  RenderInline {A} at (0,0) size 91x16 [color=#0000EE]
                    RenderText {#text} at (0,64) size 91x16
                      text run at (0,64) width 91: "CORRELATION"
                  RenderText {#text} at (91,64) size 4x16
                    text run at (91,64) width 4: " "
                  RenderBR {BR} at (95,77) size 0x0
                  RenderInline {A} at (0,0) size 44x16 [color=#0000EE]
                    RenderText {#text} at (0,80) size 44x16
                      text run at (0,80) width 44: "COUNT"
                  RenderText {#text} at (44,80) size 4x16
                    text run at (44,80) width 4: " "
                  RenderBR {BR} at (48,93) size 0x0
                  RenderInline {A} at (0,0) size 73x16 [color=#0000EE]
                    RenderText {#text} at (0,96) size 73x16
                      text run at (0,96) width 73: "COUNT_BIG"
                  RenderText {#text} at (73,96) size 4x16
                    text run at (73,96) width 4: " "
                  RenderBR {BR} at (77,109) size 0x0
                  RenderInline {A} at (0,0) size 85x16 [color=#0000EE]
                    RenderText {#text} at (0,112) size 85x16
                      text run at (0,112) width 85: "COVARIANCE"
                  RenderText {#text} at (85,112) size 4x16
                    text run at (85,112) width 4: " "
                  RenderBR {BR} at (89,125) size 0x0
                  RenderInline {A} at (0,0) size 69x16 [color=#0000EE]
                    RenderText {#text} at (0,128) size 69x16
                      text run at (0,128) width 69: "GROUPING"
                  RenderText {#text} at (69,128) size 4x16
                    text run at (69,128) width 4: " "
                  RenderBR {BR} at (73,141) size 0x0
                  RenderInline {A} at (0,0) size 27x16 [color=#0000EE]
                    RenderText {#text} at (0,144) size 27x16
                      text run at (0,144) width 27: "MAX"
                  RenderText {#text} at (27,144) size 4x16
                    text run at (27,144) width 4: " "
                  RenderBR {BR} at (31,157) size 0x0
                  RenderInline {A} at (0,0) size 23x16 [color=#0000EE]
                    RenderText {#text} at (0,160) size 23x16
                      text run at (0,160) width 23: "MIN"
                  RenderText {#text} at (23,160) size 4x16
                    text run at (23,160) width 4: " "
                  RenderBR {BR} at (27,173) size 0x0
                  RenderInline {A} at (0,0) size 147x16 [color=#0000EE]
                    RenderText {#text} at (0,176) size 147x16
                      text run at (0,176) width 147: "REGRESSION Functions"
                  RenderText {#text} at (147,176) size 4x16
                    text run at (147,176) width 4: " "
                  RenderBR {BR} at (151,189) size 0x0
                  RenderInline {A} at (0,0) size 52x16 [color=#0000EE]
                    RenderText {#text} at (0,192) size 52x16
                      text run at (0,192) width 52: "STDDEV"
                  RenderText {#text} at (52,192) size 4x16
                    text run at (52,192) width 4: " "
                  RenderBR {BR} at (56,205) size 0x0
                  RenderInline {A} at (0,0) size 29x16 [color=#0000EE]
                    RenderText {#text} at (0,208) size 29x16
                      text run at (0,208) width 29: "SUM"
                  RenderText {#text} at (29,208) size 4x16
                    text run at (29,208) width 4: " "
                  RenderBR {BR} at (33,221) size 0x0
                  RenderInline {A} at (0,0) size 66x16 [color=#0000EE]
                    RenderText {#text} at (0,224) size 66x16
                      text run at (0,224) width 66: "VARIANCE"
                  RenderText {#text} at (66,224) size 4x16
                    text run at (66,224) width 4: " "
                  RenderBR {BR} at (70,237) size 0x0
                  RenderInline {A} at (0,0) size 98x16 [color=#0000EE]
                    RenderText {#text} at (0,240) size 98x16
                      text run at (0,240) width 98: "Scalar Functions"
                  RenderText {#text} at (98,240) size 4x16
                    text run at (98,240) width 4: " "
                  RenderBR {BR} at (102,253) size 0x0
                  RenderInline {A} at (0,0) size 98x16 [color=#0000EE]
                    RenderText {#text} at (0,256) size 98x16
                      text run at (0,256) width 98: "ABS or ABSVAL"
                  RenderText {#text} at (98,256) size 4x16
                    text run at (98,256) width 4: " "
                  RenderBR {BR} at (102,269) size 0x0
                  RenderInline {A} at (0,0) size 37x16 [color=#0000EE]
                    RenderText {#text} at (0,272) size 37x16
                      text run at (0,272) width 37: "ACOS"
                  RenderText {#text} at (37,272) size 4x16
                    text run at (37,272) width 4: " "
                  RenderBR {BR} at (41,285) size 0x0
                  RenderInline {A} at (0,0) size 33x16 [color=#0000EE]
                    RenderText {#text} at (0,288) size 33x16
                      text run at (0,288) width 33: "ASCII"
                  RenderText {#text} at (33,288) size 4x16
                    text run at (33,288) width 4: " "
                  RenderBR {BR} at (37,301) size 0x0
                  RenderInline {A} at (0,0) size 30x16 [color=#0000EE]
                    RenderText {#text} at (0,304) size 30x16
                      text run at (0,304) width 30: "ASIN"
                  RenderText {#text} at (30,304) size 4x16
                    text run at (30,304) width 4: " "
                  RenderBR {BR} at (34,317) size 0x0
                  RenderInline {A} at (0,0) size 34x16 [color=#0000EE]
                    RenderText {#text} at (0,320) size 34x16
                      text run at (0,320) width 34: "ATAN"
                  RenderText {#text} at (34,320) size 4x16
                    text run at (34,320) width 4: " "
                  RenderBR {BR} at (38,333) size 0x0
                  RenderInline {A} at (0,0) size 41x16 [color=#0000EE]
                    RenderText {#text} at (0,336) size 41x16
                      text run at (0,336) width 41: "ATAN2"
                  RenderText {#text} at (41,336) size 4x16
                    text run at (41,336) width 4: " "
                  RenderBR {BR} at (45,349) size 0x0
                  RenderInline {A} at (0,0) size 41x16 [color=#0000EE]
                    RenderText {#text} at (0,352) size 41x16
                      text run at (0,352) width 41: "BIGINT"
                  RenderText {#text} at (41,352) size 4x16
                    text run at (41,352) width 4: " "
                  RenderBR {BR} at (45,365) size 0x0
                  RenderInline {A} at (0,0) size 35x16 [color=#0000EE]
                    RenderText {#text} at (0,368) size 35x16
                      text run at (0,368) width 35: "BLOB"
                  RenderText {#text} at (35,368) size 4x16
                    text run at (35,368) width 4: " "
                  RenderBR {BR} at (39,381) size 0x0
                  RenderInline {A} at (0,0) size 97x16 [color=#0000EE]
                    RenderText {#text} at (0,384) size 97x16
                      text run at (0,384) width 97: "CEILING or CEIL"
                  RenderText {#text} at (97,384) size 4x16
                    text run at (97,384) width 4: " "
                  RenderBR {BR} at (101,397) size 0x0
                  RenderInline {A} at (0,0) size 36x16 [color=#0000EE]
                    RenderText {#text} at (0,400) size 36x16
                      text run at (0,400) width 36: "CHAR"
                  RenderText {#text} at (36,400) size 4x16
                    text run at (36,400) width 4: " "
                  RenderBR {BR} at (40,413) size 0x0
                  RenderInline {A} at (0,0) size 27x16 [color=#0000EE]
                    RenderText {#text} at (0,416) size 27x16
                      text run at (0,416) width 27: "CHR"
                  RenderText {#text} at (27,416) size 4x16
                    text run at (27,416) width 4: " "
                  RenderBR {BR} at (31,429) size 0x0
                  RenderInline {A} at (0,0) size 35x16 [color=#0000EE]
                    RenderText {#text} at (0,432) size 35x16
                      text run at (0,432) width 35: "CLOB"
                  RenderText {#text} at (35,432) size 4x16
                    text run at (35,432) width 4: " "
                  RenderBR {BR} at (39,445) size 0x0
                  RenderInline {A} at (0,0) size 71x16 [color=#0000EE]
                    RenderText {#text} at (0,448) size 71x16
                      text run at (0,448) width 71: "COALESCE"
                  RenderText {#text} at (71,448) size 4x16
                    text run at (71,448) width 4: " "
                  RenderBR {BR} at (75,461) size 0x0
                  RenderInline {A} at (0,0) size 53x16 [color=#0000EE]
                    RenderText {#text} at (0,464) size 53x16
                      text run at (0,464) width 53: "CONCAT"
                  RenderText {#text} at (53,464) size 4x16
                    text run at (53,464) width 4: " "
                  RenderBR {BR} at (57,477) size 0x0
                  RenderInline {A} at (0,0) size 28x16 [color=#0000EE]
                    RenderText {#text} at (0,480) size 28x16
                      text run at (0,480) width 28: "COS"
                  RenderText {#text} at (28,480) size 4x16
                    text run at (28,480) width 4: " "
                  RenderBR {BR} at (32,493) size 0x0
                  RenderInline {A} at (0,0) size 26x16 [color=#0000EE]
                    RenderText {#text} at (0,496) size 26x16
                      text run at (0,496) width 26: "COT"
                  RenderText {#text} at (26,496) size 4x16
                    text run at (26,496) width 4: " "
                  RenderBR {BR} at (30,509) size 0x0
                  RenderInline {A} at (0,0) size 34x16 [color=#0000EE]
                    RenderText {#text} at (0,512) size 34x16
                      text run at (0,512) width 34: "DATE"
                  RenderText {#text} at (34,512) size 4x16
                    text run at (34,512) width 4: " "
                  RenderBR {BR} at (38,525) size 0x0
                  RenderInline {A} at (0,0) size 27x16 [color=#0000EE]
                    RenderText {#text} at (0,528) size 27x16
                      text run at (0,528) width 27: "DAY"
                  RenderText {#text} at (27,528) size 4x16
                    text run at (27,528) width 4: " "
                  RenderBR {BR} at (31,541) size 0x0
                  RenderInline {A} at (0,0) size 65x16 [color=#0000EE]
                    RenderText {#text} at (0,544) size 65x16
                      text run at (0,544) width 65: "DAYNAME"
                  RenderText {#text} at (65,544) size 4x16
                    text run at (65,544) width 4: " "
                  RenderBR {BR} at (69,557) size 0x0
                  RenderInline {A} at (0,0) size 85x16 [color=#0000EE]
                    RenderText {#text} at (0,560) size 85x16
                      text run at (0,560) width 85: "DAYOFWEEK"
                  RenderText {#text} at (85,560) size 4x16
                    text run at (85,560) width 4: " "
                  RenderBR {BR} at (89,573) size 0x0
                  RenderInline {A} at (0,0) size 114x16 [color=#0000EE]
                    RenderText {#text} at (0,576) size 114x16
                      text run at (0,576) width 114: "DAYOFWEEK_ISO"
                  RenderText {#text} at (114,576) size 4x16
                    text run at (114,576) width 4: " "
                  RenderBR {BR} at (118,589) size 0x0
                  RenderInline {A} at (0,0) size 81x16 [color=#0000EE]
                    RenderText {#text} at (0,592) size 81x16
                      text run at (0,592) width 81: "DAYOFYEAR"
                  RenderText {#text} at (81,592) size 4x16
                    text run at (81,592) width 4: " "
                  RenderBR {BR} at (85,605) size 0x0
                  RenderInline {A} at (0,0) size 36x16 [color=#0000EE]
                    RenderText {#text} at (0,608) size 36x16
                      text run at (0,608) width 36: "DAYS"
                  RenderText {#text} at (36,608) size 4x16
                    text run at (36,608) width 4: " "
                  RenderBR {BR} at (40,621) size 0x0
                  RenderInline {A} at (0,0) size 53x16 [color=#0000EE]
                    RenderText {#text} at (0,624) size 53x16
                      text run at (0,624) width 53: "DBCLOB"
                  RenderText {#text} at (53,624) size 4x16
                    text run at (53,624) width 4: " "
                  RenderBR {BR} at (57,637) size 0x0
                  RenderInline {A} at (0,0) size 57x16 [color=#0000EE]
                    RenderText {#text} at (0,640) size 57x16
                      text run at (0,640) width 57: "DECIMAL"
                  RenderText {#text} at (57,640) size 4x16
                    text run at (57,640) width 4: " "
                  RenderBR {BR} at (61,653) size 0x0
                  RenderInline {A} at (0,0) size 64x16 [color=#0000EE]
                    RenderText {#text} at (0,656) size 64x16
                      text run at (0,656) width 64: "DEGREES"
                  RenderText {#text} at (64,656) size 4x16
                    text run at (64,656) width 4: " "
                  RenderBR {BR} at (68,669) size 0x0
                  RenderInline {A} at (0,0) size 44x16 [color=#0000EE]
                    RenderText {#text} at (0,672) size 44x16
                      text run at (0,672) width 44: "DEREF"
                  RenderText {#text} at (44,672) size 4x16
                    text run at (44,672) width 4: " "
                  RenderBR {BR} at (48,685) size 0x0
                  RenderInline {A} at (0,0) size 82x16 [color=#0000EE]
                    RenderText {#text} at (0,688) size 82x16
                      text run at (0,688) width 82: "DIFFERENCE"
                  RenderText {#text} at (82,688) size 4x16
                    text run at (82,688) width 4: " "
                  RenderBR {BR} at (86,701) size 0x0
                  RenderInline {A} at (0,0) size 41x16 [color=#0000EE]
                    RenderText {#text} at (0,704) size 41x16
                      text run at (0,704) width 41: "DIGITS"
                  RenderText {#text} at (41,704) size 4x16
                    text run at (41,704) width 4: " "
                  RenderBR {BR} at (45,717) size 0x0
                  RenderInline {A} at (0,0) size 82x16 [color=#0000EE]
                    RenderText {#text} at (0,720) size 82x16
                      text run at (0,720) width 82: "DLCOMMENT"
                  RenderText {#text} at (82,720) size 4x16
                    text run at (82,720) width 4: " "
                  RenderBR {BR} at (86,733) size 0x0
                  RenderInline {A} at (0,0) size 78x16 [color=#0000EE]
                    RenderText {#text} at (0,736) size 78x16
                      text run at (0,736) width 78: "DLLINKTYPE"
                  RenderText {#text} at (78,736) size 4x16
                    text run at (78,736) width 4: " "
                  RenderBR {BR} at (82,749) size 0x0
                  RenderInline {A} at (0,0) size 112x16 [color=#0000EE]
                    RenderText {#text} at (0,752) size 112x16
                      text run at (0,752) width 112: "DLURLCOMPLETE"
                  RenderText {#text} at (112,752) size 4x16
                    text run at (112,752) width 4: " "
                  RenderBR {BR} at (116,765) size 0x0
                  RenderInline {A} at (0,0) size 75x16 [color=#0000EE]
                    RenderText {#text} at (0,768) size 75x16
                      text run at (0,768) width 75: "DLURLPATH"
                  RenderText {#text} at (75,768) size 4x16
                    text run at (75,768) width 4: " "
                  RenderBR {BR} at (79,781) size 0x0
                  RenderInline {A} at (0,0) size 110x16 [color=#0000EE]
                    RenderText {#text} at (0,784) size 110x16
                      text run at (0,784) width 110: "DLURLPATHONLY"
                  RenderText {#text} at (110,784) size 4x16
                    text run at (110,784) width 4: " "
                  RenderBR {BR} at (114,797) size 0x0
                  RenderInline {A} at (0,0) size 97x16 [color=#0000EE]
                    RenderText {#text} at (0,800) size 97x16
                      text run at (0,800) width 97: "DLURLSCHEME"
                  RenderText {#text} at (97,800) size 4x16
                    text run at (97,800) width 4: " "
                  RenderBR {BR} at (101,813) size 0x0
                  RenderInline {A} at (0,0) size 95x16 [color=#0000EE]
                    RenderText {#text} at (0,816) size 95x16
                      text run at (0,816) width 95: "DLURLSERVER"
                  RenderText {#text} at (95,816) size 4x16
                    text run at (95,816) width 4: " "
                  RenderBR {BR} at (99,829) size 0x0
                  RenderInline {A} at (0,0) size 59x16 [color=#0000EE]
                    RenderText {#text} at (0,832) size 59x16
                      text run at (0,832) width 59: "DLVALUE"
                  RenderText {#text} at (59,832) size 4x16
                    text run at (59,832) width 4: " "
                  RenderBR {BR} at (63,845) size 0x0
                  RenderInline {A} at (0,0) size 53x16 [color=#0000EE]
                    RenderText {#text} at (0,848) size 53x16
                      text run at (0,848) width 53: "DOUBLE"
                  RenderText {#text} at (53,848) size 4x16
                    text run at (53,848) width 4: " "
                  RenderBR {BR} at (57,861) size 0x0
                  RenderInline {A} at (0,0) size 128x16 [color=#0000EE]
                    RenderText {#text} at (0,864) size 128x16
                      text run at (0,864) width 128: "EVENT_MON_STATE"
                  RenderText {#text} at (128,864) size 4x16
                    text run at (128,864) width 4: " "
                  RenderBR {BR} at (132,877) size 0x0
                  RenderInline {A} at (0,0) size 25x16 [color=#0000EE]
                    RenderText {#text} at (0,880) size 25x16
                      text run at (0,880) width 25: "EXP"
                  RenderText {#text} at (25,880) size 4x16
                    text run at (25,880) width 4: " "
                  RenderBR {BR} at (29,893) size 0x0
                  RenderInline {A} at (0,0) size 41x16 [color=#0000EE]
                    RenderText {#text} at (0,896) size 41x16
                      text run at (0,896) width 41: "FLOAT"
                  RenderText {#text} at (41,896) size 4x16
                    text run at (41,896) width 4: " "
                  RenderBR {BR} at (45,909) size 0x0
                  RenderInline {A} at (0,0) size 44x16 [color=#0000EE]
                    RenderText {#text} at (0,912) size 44x16
                      text run at (0,912) width 44: "FLOOR"
                  RenderText {#text} at (44,912) size 4x16
                    text run at (44,912) width 4: " "
                  RenderBR {BR} at (48,925) size 0x0
                  RenderInline {A} at (0,0) size 127x16 [color=#0000EE]
                    RenderText {#text} at (0,928) size 127x16
                      text run at (0,928) width 127: "GENERATE_UNIQUE"
                  RenderText {#text} at (127,928) size 4x16
                    text run at (127,928) width 4: " "
                  RenderBR {BR} at (131,941) size 0x0
                  RenderInline {A} at (0,0) size 58x16 [color=#0000EE]
                    RenderText {#text} at (0,944) size 58x16
                      text run at (0,944) width 58: "GRAPHIC"
                  RenderText {#text} at (58,944) size 4x16
                    text run at (58,944) width 4: " "
                  RenderBR {BR} at (62,957) size 0x0
                  RenderInline {A} at (0,0) size 25x16 [color=#0000EE]
                    RenderText {#text} at (0,960) size 25x16
                      text run at (0,960) width 25: "HEX"
                  RenderText {#text} at (25,960) size 4x16
                    text run at (25,960) width 4: " "
                  RenderBR {BR} at (29,973) size 0x0
                  RenderInline {A} at (0,0) size 37x16 [color=#0000EE]
                    RenderText {#text} at (0,976) size 37x16
                      text run at (0,976) width 37: "HOUR"
                  RenderText {#text} at (37,976) size 4x16
                    text run at (37,976) width 4: " "
                  RenderBR {BR} at (41,989) size 0x0
                  RenderInline {A} at (0,0) size 46x16 [color=#0000EE]
                    RenderText {#text} at (0,992) size 46x16
                      text run at (0,992) width 46: "INSERT"
                  RenderText {#text} at (46,992) size 4x16
                    text run at (46,992) width 4: " "
                  RenderBR {BR} at (50,1005) size 0x0
                  RenderInline {A} at (0,0) size 56x16 [color=#0000EE]
                    RenderText {#text} at (0,1008) size 56x16
                      text run at (0,1008) width 56: "INTEGER"
                  RenderText {#text} at (56,1008) size 4x16
                    text run at (56,1008) width 4: " "
                  RenderBR {BR} at (60,1021) size 0x0
                  RenderInline {A} at (0,0) size 77x16 [color=#0000EE]
                    RenderText {#text} at (0,1024) size 77x16
                      text run at (0,1024) width 77: "JULIAN_DAY"
                  RenderText {#text} at (77,1024) size 4x16
                    text run at (77,1024) width 4: " "
                  RenderBR {BR} at (81,1037) size 0x0
                  RenderInline {A} at (0,0) size 110x16 [color=#0000EE]
                    RenderText {#text} at (0,1040) size 110x16
                      text run at (0,1040) width 110: "LCASE or LOWER"
                  RenderText {#text} at (110,1040) size 4x16
                    text run at (110,1040) width 4: " "
                  RenderBR {BR} at (114,1053) size 0x0
                  RenderInline {A} at (0,0) size 158x16 [color=#0000EE]
                    RenderText {#text} at (0,1056) size 158x16
                      text run at (0,1056) width 158: "LCASE (SYSFUN schema)"
                  RenderText {#text} at (158,1056) size 4x16
                    text run at (158,1056) width 4: " "
                  RenderBR {BR} at (162,1069) size 0x0
                  RenderInline {A} at (0,0) size 31x16 [color=#0000EE]
                    RenderText {#text} at (0,1072) size 31x16
                      text run at (0,1072) width 31: "LEFT"
                  RenderText {#text} at (31,1072) size 4x16
                    text run at (31,1072) width 4: " "
                  RenderBR {BR} at (35,1085) size 0x0
                  RenderInline {A} at (0,0) size 51x16 [color=#0000EE]
                    RenderText {#text} at (0,1088) size 51x16
                      text run at (0,1088) width 51: "LENGTH"
                  RenderText {#text} at (51,1088) size 4x16
                    text run at (51,1088) width 4: " "
                  RenderBR {BR} at (55,1101) size 0x0
                  RenderInline {A} at (0,0) size 16x16 [color=#0000EE]
                    RenderText {#text} at (0,1104) size 16x16
                      text run at (0,1104) width 16: "LN"
                  RenderText {#text} at (16,1104) size 4x16
                    text run at (16,1104) width 4: " "
                  RenderBR {BR} at (20,1117) size 0x0
                  RenderInline {A} at (0,0) size 51x16 [color=#0000EE]
                    RenderText {#text} at (0,1120) size 51x16
                      text run at (0,1120) width 51: "LOCATE"
                  RenderText {#text} at (51,1120) size 4x16
                    text run at (51,1120) width 4: " "
                  RenderBR {BR} at (55,1133) size 0x0
                  RenderInline {A} at (0,0) size 27x16 [color=#0000EE]
                    RenderText {#text} at (0,1136) size 27x16
                      text run at (0,1136) width 27: "LOG"
                  RenderText {#text} at (27,1136) size 4x16
                    text run at (27,1136) width 4: " "
                  RenderBR {BR} at (31,1149) size 0x0
                  RenderInline {A} at (0,0) size 41x16 [color=#0000EE]
                    RenderText {#text} at (0,1152) size 41x16
                      text run at (0,1152) width 41: "LOG10"
                  RenderText {#text} at (41,1152) size 4x16
                    text run at (41,1152) width 4: " "
                  RenderBR {BR} at (45,1165) size 0x0
                  RenderInline {A} at (0,0) size 106x16 [color=#0000EE]
                    RenderText {#text} at (0,1168) size 106x16
                      text run at (0,1168) width 106: "LONG_VARCHAR"
                  RenderText {#text} at (106,1168) size 4x16
                    text run at (106,1168) width 4: " "
                  RenderBR {BR} at (110,1181) size 0x0
                  RenderInline {A} at (0,0) size 128x16 [color=#0000EE]
                    RenderText {#text} at (0,1184) size 128x16
                      text run at (0,1184) width 128: "LONG_VARGRAPHIC"
                  RenderText {#text} at (128,1184) size 4x16
                    text run at (128,1184) width 4: " "
                  RenderBR {BR} at (132,1197) size 0x0
                  RenderInline {A} at (0,0) size 37x16 [color=#0000EE]
                    RenderText {#text} at (0,1200) size 37x16
                      text run at (0,1200) width 37: "LTRIM"
                  RenderText {#text} at (37,1200) size 4x16
                    text run at (37,1200) width 4: " "
                  RenderBR {BR} at (41,1213) size 0x0
                  RenderInline {A} at (0,0) size 152x16 [color=#0000EE]
                    RenderText {#text} at (0,1216) size 152x16
                      text run at (0,1216) width 152: "LTRIM (SYSFUN schema)"
                  RenderText {#text} at (152,1216) size 4x16
                    text run at (152,1216) width 4: " "
                  RenderBR {BR} at (156,1229) size 0x0
                  RenderInline {A} at (0,0) size 97x16 [color=#0000EE]
                    RenderText {#text} at (0,1232) size 97x16
                      text run at (0,1232) width 97: "MICROSECOND"
                  RenderText {#text} at (97,1232) size 4x16
                    text run at (97,1232) width 4: " "
                  RenderBR {BR} at (101,1245) size 0x0
                  RenderInline {A} at (0,0) size 132x16 [color=#0000EE]
                    RenderText {#text} at (0,1248) size 132x16
                      text run at (0,1248) width 132: "MIDNIGHT_SECONDS"
                  RenderText {#text} at (132,1248) size 4x16
                    text run at (132,1248) width 4: " "
                  RenderBR {BR} at (136,1261) size 0x0
                  RenderInline {A} at (0,0) size 48x16 [color=#0000EE]
                    RenderText {#text} at (0,1264) size 48x16
                      text run at (0,1264) width 48: "MINUTE"
                  RenderText {#text} at (48,1264) size 4x16
                    text run at (48,1264) width 4: " "
                  RenderBR {BR} at (52,1277) size 0x0
                  RenderInline {A} at (0,0) size 30x16 [color=#0000EE]
                    RenderText {#text} at (0,1280) size 30x16
                      text run at (0,1280) width 30: "MOD"
                  RenderText {#text} at (30,1280) size 4x16
                    text run at (30,1280) width 4: " "
                  RenderBR {BR} at (34,1293) size 0x0
                  RenderInline {A} at (0,0) size 46x16 [color=#0000EE]
                    RenderText {#text} at (0,1296) size 46x16
                      text run at (0,1296) width 46: "MONTH"
                  RenderText {#text} at (46,1296) size 4x16
                    text run at (46,1296) width 4: " "
                  RenderBR {BR} at (50,1309) size 0x0
                  RenderInline {A} at (0,0) size 84x16 [color=#0000EE]
                    RenderText {#text} at (0,1312) size 84x16
                      text run at (0,1312) width 84: "MONTHNAME"
                  RenderText {#text} at (84,1312) size 4x16
                    text run at (84,1312) width 4: " "
                  RenderBR {BR} at (88,1325) size 0x0
                  RenderInline {A} at (0,0) size 93x16 [color=#0000EE]
                    RenderText {#text} at (0,1328) size 93x16
                      text run at (0,1328) width 93: "NODENUMBER"
                  RenderText {#text} at (93,1328) size 4x16
                    text run at (93,1328) width 4: " "
                  RenderBR {BR} at (97,1341) size 0x0
                  RenderInline {A} at (0,0) size 43x16 [color=#0000EE]
                    RenderText {#text} at (0,1344) size 43x16
                      text run at (0,1344) width 43: "NULLIF"
                  RenderText {#text} at (43,1344) size 4x16
                    text run at (43,1344) width 4: " "
                  RenderBR {BR} at (47,1357) size 0x0
                  RenderInline {A} at (0,0) size 66x16 [color=#0000EE]
                    RenderText {#text} at (0,1360) size 66x16
                      text run at (0,1360) width 66: "PARTITION"
                  RenderText {#text} at (66,1360) size 4x16
                    text run at (66,1360) width 4: " "
                  RenderBR {BR} at (70,1373) size 0x0
                  RenderInline {A} at (0,0) size 53x16 [color=#0000EE]
                    RenderText {#text} at (0,1376) size 53x16
                      text run at (0,1376) width 53: "POSSTR"
                  RenderText {#text} at (53,1376) size 4x16
                    text run at (53,1376) width 4: " "
                  RenderBR {BR} at (57,1389) size 0x0
                  RenderInline {A} at (0,0) size 50x16 [color=#0000EE]
                    RenderText {#text} at (0,1392) size 50x16
                      text run at (0,1392) width 50: "POWER"
                  RenderText {#text} at (50,1392) size 4x16
                    text run at (50,1392) width 4: " "
                  RenderBR {BR} at (54,1405) size 0x0
                  RenderInline {A} at (0,0) size 62x16 [color=#0000EE]
                    RenderText {#text} at (0,1408) size 62x16
                      text run at (0,1408) width 62: "QUARTER"
                  RenderText {#text} at (62,1408) size 4x16
                    text run at (62,1408) width 4: " "
                  RenderBR {BR} at (66,1421) size 0x0
                  RenderInline {A} at (0,0) size 57x16 [color=#0000EE]
                    RenderText {#text} at (0,1424) size 57x16
                      text run at (0,1424) width 57: "RADIANS"
                  RenderText {#text} at (57,1424) size 4x16
                    text run at (57,1424) width 4: " "
                  RenderBR {BR} at (61,1437) size 0x0
                  RenderInline {A} at (0,0) size 92x16 [color=#0000EE]
                    RenderText {#text} at (0,1440) size 92x16
                      text run at (0,1440) width 92: "RAISE_ERROR"
                  RenderText {#text} at (92,1440) size 4x16
                    text run at (92,1440) width 4: " "
                  RenderBR {BR} at (96,1453) size 0x0
                  RenderInline {A} at (0,0) size 36x16 [color=#0000EE]
                    RenderText {#text} at (0,1456) size 36x16
                      text run at (0,1456) width 36: "RAND"
                  RenderText {#text} at (36,1456) size 4x16
                    text run at (36,1456) width 4: " "
                  RenderBR {BR} at (40,1469) size 0x0
                  RenderInline {A} at (0,0) size 34x16 [color=#0000EE]
                    RenderText {#text} at (0,1472) size 34x16
                      text run at (0,1472) width 34: "REAL"
                  RenderText {#text} at (34,1472) size 4x16
                    text run at (34,1472) width 4: " "
                  RenderBR {BR} at (38,1485) size 0x0
                  RenderInline {A} at (0,0) size 52x16 [color=#0000EE]
                    RenderText {#text} at (0,1488) size 52x16
                      text run at (0,1488) width 52: "REPEAT"
                  RenderText {#text} at (52,1488) size 4x16
                    text run at (52,1488) width 4: " "
                  RenderBR {BR} at (56,1501) size 0x0
                  RenderInline {A} at (0,0) size 61x16 [color=#0000EE]
                    RenderText {#text} at (0,1504) size 61x16
                      text run at (0,1504) width 61: "REPLACE"
                  RenderText {#text} at (61,1504) size 4x16
                    text run at (61,1504) width 4: " "
                  RenderBR {BR} at (65,1517) size 0x0
                  RenderInline {A} at (0,0) size 38x16 [color=#0000EE]
                    RenderText {#text} at (0,1520) size 38x16
                      text run at (0,1520) width 38: "RIGHT"
                  RenderText {#text} at (38,1520) size 4x16
                    text run at (38,1520) width 4: " "
                  RenderBR {BR} at (42,1533) size 0x0
                  RenderInline {A} at (0,0) size 46x16 [color=#0000EE]
                    RenderText {#text} at (0,1536) size 46x16
                      text run at (0,1536) width 46: "ROUND"
                  RenderText {#text} at (46,1536) size 4x16
                    text run at (46,1536) width 4: " "
                  RenderBR {BR} at (50,1549) size 0x0
                  RenderInline {A} at (0,0) size 39x16 [color=#0000EE]
                    RenderText {#text} at (0,1552) size 39x16
                      text run at (0,1552) width 39: "RTRIM"
                  RenderText {#text} at (39,1552) size 4x16
                    text run at (39,1552) width 4: " "
                  RenderBR {BR} at (43,1565) size 0x0
                  RenderInline {A} at (0,0) size 154x16 [color=#0000EE]
                    RenderText {#text} at (0,1568) size 154x16
                      text run at (0,1568) width 154: "RTRIM (SYSFUN schema)"
                  RenderText {#text} at (154,1568) size 4x16
                    text run at (154,1568) width 4: " "
                  RenderBR {BR} at (158,1581) size 0x0
                  RenderInline {A} at (0,0) size 55x16 [color=#0000EE]
                    RenderText {#text} at (0,1584) size 55x16
                      text run at (0,1584) width 55: "SECOND"
                  RenderText {#text} at (55,1584) size 4x16
                    text run at (55,1584) width 4: " "
                  RenderBR {BR} at (59,1597) size 0x0
                  RenderInline {A} at (0,0) size 31x16 [color=#0000EE]
                    RenderText {#text} at (0,1600) size 31x16
                      text run at (0,1600) width 31: "SIGN"
                  RenderText {#text} at (31,1600) size 4x16
                    text run at (31,1600) width 4: " "
                  RenderBR {BR} at (35,1613) size 0x0
                  RenderInline {A} at (0,0) size 21x16 [color=#0000EE]
                    RenderText {#text} at (0,1616) size 21x16
                      text run at (0,1616) width 21: "SIN"
                  RenderText {#text} at (21,1616) size 4x16
                    text run at (21,1616) width 4: " "
                  RenderBR {BR} at (25,1629) size 0x0
                  RenderInline {A} at (0,0) size 62x16 [color=#0000EE]
                    RenderText {#text} at (0,1632) size 62x16
                      text run at (0,1632) width 62: "SMALLINT"
                  RenderText {#text} at (62,1632) size 4x16
                    text run at (62,1632) width 4: " "
                  RenderBR {BR} at (66,1645) size 0x0
                  RenderInline {A} at (0,0) size 62x16 [color=#0000EE]
                    RenderText {#text} at (0,1648) size 62x16
                      text run at (0,1648) width 62: "SOUNDEX"
                  RenderText {#text} at (62,1648) size 4x16
                    text run at (62,1648) width 4: " "
                  RenderBR {BR} at (66,1661) size 0x0
                  RenderInline {A} at (0,0) size 45x16 [color=#0000EE]
                    RenderText {#text} at (0,1664) size 45x16
                      text run at (0,1664) width 45: "SPACE"
                  RenderText {#text} at (45,1664) size 4x16
                    text run at (45,1664) width 4: " "
                  RenderBR {BR} at (49,1677) size 0x0
                  RenderInline {A} at (0,0) size 35x16 [color=#0000EE]
                    RenderText {#text} at (0,1680) size 35x16
                      text run at (0,1680) width 35: "SQRT"
                  RenderText {#text} at (35,1680) size 4x16
                    text run at (35,1680) width 4: " "
                  RenderBR {BR} at (39,1693) size 0x0
                  RenderInline {A} at (0,0) size 52x16 [color=#0000EE]
                    RenderText {#text} at (0,1696) size 52x16
                      text run at (0,1696) width 52: "SUBSTR"
                  RenderText {#text} at (52,1696) size 4x16
                    text run at (52,1696) width 4: " "
                  RenderBR {BR} at (56,1709) size 0x0
                  RenderInline {A} at (0,0) size 86x16 [color=#0000EE]
                    RenderText {#text} at (0,1712) size 86x16
                      text run at (0,1712) width 86: "TABLE_NAME"
                  RenderText {#text} at (86,1712) size 4x16
                    text run at (86,1712) width 4: " "
                  RenderBR {BR} at (90,1725) size 0x0
                  RenderInline {A} at (0,0) size 104x16 [color=#0000EE]
                    RenderText {#text} at (0,1728) size 104x16
                      text run at (0,1728) width 104: "TABLE_SCHEMA"
                  RenderText {#text} at (104,1728) size 4x16
                    text run at (104,1728) width 4: " "
                  RenderBR {BR} at (108,1741) size 0x0
                  RenderInline {A} at (0,0) size 25x16 [color=#0000EE]
                    RenderText {#text} at (0,1744) size 25x16
                      text run at (0,1744) width 25: "TAN"
                  RenderText {#text} at (25,1744) size 4x16
                    text run at (25,1744) width 4: " "
                  RenderBR {BR} at (29,1757) size 0x0
                  RenderInline {A} at (0,0) size 30x16 [color=#0000EE]
                    RenderText {#text} at (0,1760) size 30x16
                      text run at (0,1760) width 30: "TIME"
                  RenderText {#text} at (30,1760) size 4x16
                    text run at (30,1760) width 4: " "
                  RenderBR {BR} at (34,1773) size 0x0
                  RenderInline {A} at (0,0) size 75x16 [color=#0000EE]
                    RenderText {#text} at (0,1776) size 75x16
                      text run at (0,1776) width 75: "TIMESTAMP"
                  RenderText {#text} at (75,1776) size 4x16
                    text run at (75,1776) width 4: " "
                  RenderBR {BR} at (79,1789) size 0x0
                  RenderInline {A} at (0,0) size 104x16 [color=#0000EE]
                    RenderText {#text} at (0,1792) size 104x16
                      text run at (0,1792) width 104: "TIMESTAMP_ISO"
                  RenderText {#text} at (104,1792) size 4x16
                    text run at (104,1792) width 4: " "
                  RenderBR {BR} at (108,1805) size 0x0
                  RenderInline {A} at (0,0) size 103x16 [color=#0000EE]
                    RenderText {#text} at (0,1808) size 103x16
                      text run at (0,1808) width 103: "TIMESTAMPDIFF"
                  RenderText {#text} at (103,1808) size 4x16
                    text run at (103,1808) width 4: " "
                  RenderBR {BR} at (107,1821) size 0x0
                  RenderInline {A} at (0,0) size 75x16 [color=#0000EE]
                    RenderText {#text} at (0,1824) size 75x16
                      text run at (0,1824) width 75: "TRANSLATE"
                  RenderText {#text} at (75,1824) size 4x16
                    text run at (75,1824) width 4: " "
                  RenderBR {BR} at (79,1837) size 0x0
                  RenderInline {A} at (0,0) size 130x16 [color=#0000EE]
                    RenderText {#text} at (0,1840) size 130x16
                      text run at (0,1840) width 130: "TRUNCATE or TRUNC"
                  RenderText {#text} at (130,1840) size 4x16
                    text run at (130,1840) width 4: " "
                  RenderBR {BR} at (134,1853) size 0x0
                  RenderInline {A} at (0,0) size 53x16 [color=#0000EE]
                    RenderText {#text} at (0,1856) size 53x16
                      text run at (0,1856) width 53: "TYPE_ID"
                  RenderText {#text} at (53,1856) size 4x16
                    text run at (53,1856) width 4: " "
                  RenderBR {BR} at (57,1869) size 0x0
                  RenderInline {A} at (0,0) size 79x16 [color=#0000EE]
                    RenderText {#text} at (0,1872) size 79x16
                      text run at (0,1872) width 79: "TYPE_NAME"
                  RenderText {#text} at (79,1872) size 4x16
                    text run at (79,1872) width 4: " "
                  RenderBR {BR} at (83,1885) size 0x0
                  RenderInline {A} at (0,0) size 97x16 [color=#0000EE]
                    RenderText {#text} at (0,1888) size 97x16
                      text run at (0,1888) width 97: "TYPE_SCHEMA"
                  RenderText {#text} at (97,1888) size 4x16
                    text run at (97,1888) width 4: " "
                  RenderBR {BR} at (101,1901) size 0x0
                  RenderInline {A} at (0,0) size 109x16 [color=#0000EE]
                    RenderText {#text} at (0,1904) size 109x16
                      text run at (0,1904) width 109: "UCASE or UPPER"
                  RenderText {#text} at (109,1904) size 4x16
                    text run at (109,1904) width 4: " "
                  RenderBR {BR} at (113,1917) size 0x0
                  RenderInline {A} at (0,0) size 43x16 [color=#0000EE]
                    RenderText {#text} at (0,1920) size 43x16
                      text run at (0,1920) width 43: "VALUE"
                  RenderText {#text} at (43,1920) size 4x16
                    text run at (43,1920) width 4: " "
                  RenderBR {BR} at (47,1933) size 0x0
                  RenderInline {A} at (0,0) size 63x16 [color=#0000EE]
                    RenderText {#text} at (0,1936) size 63x16
                      text run at (0,1936) width 63: "VARCHAR"
                  RenderText {#text} at (63,1936) size 4x16
                    text run at (63,1936) width 4: " "
                  RenderBR {BR} at (67,1949) size 0x0
                  RenderInline {A} at (0,0) size 85x16 [color=#0000EE]
                    RenderText {#text} at (0,1952) size 85x16
                      text run at (0,1952) width 85: "VARGRAPHIC"
                  RenderText {#text} at (85,1952) size 4x16
                    text run at (85,1952) width 4: " "
                  RenderBR {BR} at (89,1965) size 0x0
                  RenderInline {A} at (0,0) size 40x16 [color=#0000EE]
                    RenderText {#text} at (0,1968) size 40x16
                      text run at (0,1968) width 40: "WEEK"
                  RenderText {#text} at (40,1968) size 4x16
                    text run at (40,1968) width 4: " "
                  RenderBR {BR} at (44,1981) size 0x0
                  RenderInline {A} at (0,0) size 69x16 [color=#0000EE]
                    RenderText {#text} at (0,1984) size 69x16
                      text run at (0,1984) width 69: "WEEK_ISO"
                  RenderText {#text} at (69,1984) size 4x16
                    text run at (69,1984) width 4: " "
                  RenderBR {BR} at (73,1997) size 0x0
                  RenderInline {A} at (0,0) size 36x16 [color=#0000EE]
                    RenderText {#text} at (0,2000) size 36x16
                      text run at (0,2000) width 36: "YEAR"
                  RenderText {#text} at (36,2000) size 4x16
                    text run at (36,2000) width 4: " "
                  RenderBR {BR} at (40,2013) size 0x0
                  RenderInline {A} at (0,0) size 92x16 [color=#0000EE]
                    RenderText {#text} at (0,2016) size 92x16
                      text run at (0,2016) width 92: "Table Functions"
                  RenderText {#text} at (92,2016) size 4x16
                    text run at (92,2016) width 4: " "
                  RenderBR {BR} at (96,2029) size 0x0
                  RenderInline {A} at (0,0) size 149x16 [color=#0000EE]
                    RenderText {#text} at (0,2032) size 149x16
                      text run at (0,2032) width 149: "SQLCACHE_SNAPSHOT"
                  RenderText {#text} at (149,2032) size 4x16
                    text run at (149,2032) width 4: " "
                  RenderBR {BR} at (153,2045) size 0x0
                  RenderInline {A} at (0,0) size 135x16 [color=#0000EE]
                    RenderText {#text} at (0,2048) size 135x16
                      text run at (0,2048) width 135: "User-Defined Functions"
                  RenderText {#text} at (0,0) size 0x0
                RenderBlock {P} at (0,5501) size 707x369
                  RenderInline {B} at (0,0) size 49x16
                    RenderInline {A} at (0,0) size 49x16 [color=#0000EE]
                      RenderText {#text} at (0,0) size 49x16
                        text run at (0,0) width 49: "Queries"
                  RenderBR {BR} at (49,13) size 0x0
                  RenderBR {BR} at (0,16) size 0x16
                  RenderInline {A} at (0,0) size 56x16 [color=#0000EE]
                    RenderText {#text} at (0,32) size 56x16
                      text run at (0,32) width 56: "subselect"
                  RenderText {#text} at (56,32) size 4x16
                    text run at (56,32) width 4: " "
                  RenderBR {BR} at (60,45) size 0x0
                  RenderInline {A} at (0,0) size 77x16 [color=#0000EE]
                    RenderText {#text} at (0,48) size 77x16
                      text run at (0,48) width 77: "select-clause"
                  RenderText {#text} at (77,48) size 4x16
                    text run at (77,48) width 4: " "
                  RenderBR {BR} at (81,61) size 0x0
                  RenderInline {A} at (0,0) size 67x16 [color=#0000EE]
                    RenderText {#text} at (0,64) size 67x16
                      text run at (0,64) width 67: "from-clause"
                  RenderText {#text} at (67,64) size 4x16
                    text run at (67,64) width 4: " "
                  RenderBR {BR} at (71,77) size 0x0
                  RenderInline {A} at (0,0) size 85x16 [color=#0000EE]
                    RenderText {#text} at (0,80) size 85x16
                      text run at (0,80) width 85: "table-reference"
                  RenderText {#text} at (85,80) size 4x16
                    text run at (85,80) width 4: " "
                  RenderBR {BR} at (89,93) size 0x0
                  RenderInline {A} at (0,0) size 66x16 [color=#0000EE]
                    RenderText {#text} at (0,96) size 66x16
                      text run at (0,96) width 66: "joined-table"
                  RenderText {#text} at (66,96) size 4x16
                    text run at (66,96) width 4: " "
                  RenderBR {BR} at (70,109) size 0x0
                  RenderInline {A} at (0,0) size 76x16 [color=#0000EE]
                    RenderText {#text} at (0,112) size 76x16
                      text run at (0,112) width 76: "where-clause"
                  RenderText {#text} at (76,112) size 4x16
                    text run at (76,112) width 4: " "
                  RenderBR {BR} at (80,125) size 0x0
                  RenderInline {A} at (0,0) size 92x16 [color=#0000EE]
                    RenderText {#text} at (0,128) size 92x16
                      text run at (0,128) width 92: "group-by-clause"
                  RenderText {#text} at (92,128) size 4x16
                    text run at (92,128) width 4: " "
                  RenderBR {BR} at (96,141) size 0x0
                  RenderInline {A} at (0,0) size 78x16 [color=#0000EE]
                    RenderText {#text} at (0,144) size 78x16
                      text run at (0,144) width 78: "having-clause"
                  RenderText {#text} at (78,144) size 4x16
                    text run at (78,144) width 4: " "
                  RenderBR {BR} at (82,157) size 0x0
                  RenderInline {A} at (0,0) size 139x16 [color=#0000EE]
                    RenderText {#text} at (0,160) size 139x16
                      text run at (0,160) width 139: "Examples of subselects"
                  RenderText {#text} at (139,160) size 4x16
                    text run at (139,160) width 4: " "
                  RenderBR {BR} at (143,173) size 0x0
                  RenderInline {A} at (0,0) size 106x16 [color=#0000EE]
                    RenderText {#text} at (0,176) size 106x16
                      text run at (0,176) width 106: "Examples of Joins"
                  RenderText {#text} at (106,176) size 4x16
                    text run at (106,176) width 4: " "
                  RenderBR {BR} at (110,189) size 0x0
                  RenderInline {A} at (0,0) size 266x16 [color=#0000EE]
                    RenderText {#text} at (0,192) size 266x16
                      text run at (0,192) width 266: "Examples of Grouping Sets, Cube, and Rollup"
                  RenderText {#text} at (266,192) size 4x16
                    text run at (266,192) width 4: " "
                  RenderBR {BR} at (270,205) size 0x0
                  RenderInline {A} at (0,0) size 51x16 [color=#0000EE]
                    RenderText {#text} at (0,208) size 51x16
                      text run at (0,208) width 51: "fullselect"
                  RenderText {#text} at (51,208) size 4x16
                    text run at (51,208) width 4: " "
                  RenderBR {BR} at (55,221) size 0x0
                  RenderInline {A} at (0,0) size 138x16 [color=#0000EE]
                    RenderText {#text} at (0,224) size 138x16
                      text run at (0,224) width 138: "Examples of a fullselect"
                  RenderText {#text} at (138,224) size 4x16
                    text run at (138,224) width 4: " "
                  RenderBR {BR} at (142,237) size 0x0
                  RenderInline {A} at (0,0) size 97x16 [color=#0000EE]
                    RenderText {#text} at (0,240) size 97x16
                      text run at (0,240) width 97: "select-statement"
                  RenderText {#text} at (97,240) size 4x16
                    text run at (97,240) width 4: " "
                  RenderBR {BR} at (101,253) size 0x0
                  RenderInline {A} at (0,0) size 149x16 [color=#0000EE]
                    RenderText {#text} at (0,256) size 149x16
                      text run at (0,256) width 149: "common-table-expression"
                  RenderText {#text} at (149,256) size 4x16
                    text run at (149,256) width 4: " "
                  RenderBR {BR} at (153,269) size 0x0
                  RenderInline {A} at (0,0) size 89x16 [color=#0000EE]
                    RenderText {#text} at (0,272) size 89x16
                      text run at (0,272) width 89: "order-by-clause"
                  RenderText {#text} at (89,272) size 4x16
                    text run at (89,272) width 4: " "
                  RenderBR {BR} at (93,285) size 0x0
                  RenderInline {A} at (0,0) size 81x16 [color=#0000EE]
                    RenderText {#text} at (0,288) size 81x16
                      text run at (0,288) width 81: "update-clause"
                  RenderText {#text} at (81,288) size 4x16
                    text run at (81,288) width 4: " "
                  RenderBR {BR} at (85,301) size 0x0
                  RenderInline {A} at (0,0) size 95x16 [color=#0000EE]
                    RenderText {#text} at (0,304) size 95x16
                      text run at (0,304) width 95: "read-only-clause"
                  RenderText {#text} at (95,304) size 4x16
                    text run at (95,304) width 4: " "
                  RenderBR {BR} at (99,317) size 0x0
                  RenderInline {A} at (0,0) size 95x16 [color=#0000EE]
                    RenderText {#text} at (0,320) size 95x16
                      text run at (0,320) width 95: "fetch-first-clause"
                  RenderText {#text} at (95,320) size 4x16
                    text run at (95,320) width 4: " "
                  RenderBR {BR} at (99,333) size 0x0
                  RenderInline {A} at (0,0) size 109x16 [color=#0000EE]
                    RenderText {#text} at (0,336) size 109x16
                      text run at (0,336) width 109: "optimize-for-clause"
                  RenderText {#text} at (109,336) size 4x16
                    text run at (109,336) width 4: " "
                  RenderBR {BR} at (113,349) size 0x0
                  RenderInline {A} at (0,0) size 184x16 [color=#0000EE]
                    RenderText {#text} at (0,352) size 184x16
                      text run at (0,352) width 184: "Examples of a select-statement"
                  RenderText {#text} at (0,0) size 0x0
                RenderBlock {P} at (0,5882) size 707x1889
                  RenderInline {B} at (0,0) size 102x16
                    RenderInline {A} at (0,0) size 102x16 [color=#0000EE]
                      RenderText {#text} at (0,0) size 102x16
                        text run at (0,0) width 102: "SQL Statements"
                  RenderBR {BR} at (102,13) size 0x0
                  RenderBR {BR} at (0,16) size 0x16
                  RenderInline {A} at (0,0) size 197x16 [color=#0000EE]
                    RenderText {#text} at (0,32) size 197x16
                      text run at (0,32) width 197: "How SQL Statements Are Invoked"
                  RenderText {#text} at (197,32) size 4x16
                    text run at (197,32) width 4: " "
                  RenderBR {BR} at (201,45) size 0x0
                  RenderInline {A} at (0,0) size 293x16 [color=#0000EE]
                    RenderText {#text} at (0,48) size 293x16
                      text run at (0,48) width 293: "Embedding a Statement in an Application Program"
                  RenderText {#text} at (293,48) size 4x16
                    text run at (293,48) width 4: " "
                  RenderBR {BR} at (297,61) size 0x0
                  RenderInline {A} at (0,0) size 208x16 [color=#0000EE]
                    RenderText {#text} at (0,64) size 208x16
                      text run at (0,64) width 208: "Dynamic Preparation and Execution"
                  RenderText {#text} at (208,64) size 4x16
                    text run at (208,64) width 4: " "
                  RenderBR {BR} at (212,77) size 0x0
                  RenderInline {A} at (0,0) size 221x16 [color=#0000EE]
                    RenderText {#text} at (0,80) size 221x16
                      text run at (0,80) width 221: "Static Invocation of a select-statement"
                  RenderText {#text} at (221,80) size 4x16
                    text run at (221,80) width 4: " "
                  RenderBR {BR} at (225,93) size 0x0
                  RenderInline {A} at (0,0) size 238x16 [color=#0000EE]
                    RenderText {#text} at (0,96) size 238x16
                      text run at (0,96) width 238: "Dynamic Invocation of a select-statement"
                  RenderText {#text} at (238,96) size 4x16
                    text run at (238,96) width 4: " "
                  RenderBR {BR} at (242,109) size 0x0
                  RenderInline {A} at (0,0) size 119x16 [color=#0000EE]
                    RenderText {#text} at (0,112) size 119x16
                      text run at (0,112) width 119: "Interactive Invocation"
                  RenderText {#text} at (119,112) size 4x16
                    text run at (119,112) width 4: " "
                  RenderBR {BR} at (123,125) size 0x0
                  RenderInline {A} at (0,0) size 109x16 [color=#0000EE]
                    RenderText {#text} at (0,128) size 109x16
                      text run at (0,128) width 109: "SQL Return Codes"
                  RenderText {#text} at (109,128) size 4x16
                    text run at (109,128) width 4: " "
                  RenderBR {BR} at (113,141) size 0x0
                  RenderInline {A} at (0,0) size 63x16 [color=#0000EE]
                    RenderText {#text} at (0,144) size 63x16
                      text run at (0,144) width 63: "SQLCODE"
                  RenderText {#text} at (63,144) size 4x16
                    text run at (63,144) width 4: " "
                  RenderBR {BR} at (67,157) size 0x0
                  RenderInline {A} at (0,0) size 67x16 [color=#0000EE]
                    RenderText {#text} at (0,160) size 67x16
                      text run at (0,160) width 67: "SQLSTATE"
                  RenderText {#text} at (67,160) size 4x16
                    text run at (67,160) width 4: " "
                  RenderBR {BR} at (71,173) size 0x0
                  RenderInline {A} at (0,0) size 93x16 [color=#0000EE]
                    RenderText {#text} at (0,176) size 93x16
                      text run at (0,176) width 93: "SQL Comments"
                  RenderText {#text} at (93,176) size 4x16
                    text run at (93,176) width 4: " "
                  RenderBR {BR} at (97,189) size 0x0
                  RenderInline {A} at (0,0) size 133x16 [color=#0000EE]
                    RenderText {#text} at (0,192) size 133x16
                      text run at (0,192) width 133: "ALTER BUFFERPOOL"
                  RenderText {#text} at (133,192) size 4x16
                    text run at (133,192) width 4: " "
                  RenderBR {BR} at (137,205) size 0x0
                  RenderInline {A} at (0,0) size 113x16 [color=#0000EE]
                    RenderText {#text} at (0,208) size 113x16
                      text run at (0,208) width 113: "ALTER NICKNAME"
                  RenderText {#text} at (113,208) size 4x16
                    text run at (113,208) width 4: " "
                  RenderBR {BR} at (117,221) size 0x0
                  RenderInline {A} at (0,0) size 129x16 [color=#0000EE]
                    RenderText {#text} at (0,224) size 129x16
                      text run at (0,224) width 129: "ALTER NODEGROUP"
                  RenderText {#text} at (129,224) size 4x16
                    text run at (129,224) width 4: " "
                  RenderBR {BR} at (133,237) size 0x0
                  RenderInline {A} at (0,0) size 99x16 [color=#0000EE]
                    RenderText {#text} at (0,240) size 99x16
                      text run at (0,240) width 99: "ALTER SERVER"
                  RenderText {#text} at (99,240) size 4x16
                    text run at (99,240) width 4: " "
                  RenderBR {BR} at (103,253) size 0x0
                  RenderInline {A} at (0,0) size 86x16 [color=#0000EE]
                    RenderText {#text} at (0,256) size 86x16
                      text run at (0,256) width 86: "ALTER TABLE"
                  RenderText {#text} at (86,256) size 4x16
                    text run at (86,256) width 4: " "
                  RenderBR {BR} at (90,269) size 0x0
                  RenderInline {A} at (0,0) size 131x16 [color=#0000EE]
                    RenderText {#text} at (0,272) size 131x16
                      text run at (0,272) width 131: "ALTER TABLESPACE"
                  RenderText {#text} at (131,272) size 4x16
                    text run at (131,272) width 4: " "
                  RenderBR {BR} at (135,285) size 0x0
                  RenderInline {A} at (0,0) size 151x16 [color=#0000EE]
                    RenderText {#text} at (0,288) size 151x16
                      text run at (0,288) width 151: "ALTER TYPE (Structured)"
                  RenderText {#text} at (151,288) size 4x16
                    text run at (151,288) width 4: " "
                  RenderBR {BR} at (155,301) size 0x0
                  RenderInline {A} at (0,0) size 145x16 [color=#0000EE]
                    RenderText {#text} at (0,304) size 145x16
                      text run at (0,304) width 145: "ALTER USER MAPPING"
                  RenderText {#text} at (145,304) size 4x16
                    text run at (145,304) width 4: " "
                  RenderBR {BR} at (149,317) size 0x0
                  RenderInline {A} at (0,0) size 79x16 [color=#0000EE]
                    RenderText {#text} at (0,320) size 79x16
                      text run at (0,320) width 79: "ALTER VIEW"
                  RenderText {#text} at (79,320) size 4x16
                    text run at (79,320) width 4: " "
                  RenderBR {BR} at (83,333) size 0x0
                  RenderInline {A} at (0,0) size 165x16 [color=#0000EE]
                    RenderText {#text} at (0,336) size 165x16
                      text run at (0,336) width 165: "BEGIN DECLARE SECTION"
                  RenderText {#text} at (165,336) size 4x16
                    text run at (165,336) width 4: " "
                  RenderBR {BR} at (169,349) size 0x0
                  RenderInline {A} at (0,0) size 32x16 [color=#0000EE]
                    RenderText {#text} at (0,352) size 32x16
                      text run at (0,352) width 32: "CALL"
                  RenderText {#text} at (32,352) size 4x16
                    text run at (32,352) width 4: " "
                  RenderBR {BR} at (36,365) size 0x0
                  RenderInline {A} at (0,0) size 44x16 [color=#0000EE]
                    RenderText {#text} at (0,368) size 44x16
                      text run at (0,368) width 44: "CLOSE"
                  RenderText {#text} at (44,368) size 4x16
                    text run at (44,368) width 4: " "
                  RenderBR {BR} at (48,381) size 0x0
                  RenderInline {A} at (0,0) size 89x16 [color=#0000EE]
                    RenderText {#text} at (0,384) size 89x16
                      text run at (0,384) width 89: "COMMENT ON"
                  RenderText {#text} at (89,384) size 4x16
                    text run at (89,384) width 4: " "
                  RenderBR {BR} at (93,397) size 0x0
                  RenderInline {A} at (0,0) size 51x16 [color=#0000EE]
                    RenderText {#text} at (0,400) size 51x16
                      text run at (0,400) width 51: "COMMIT"
                  RenderText {#text} at (51,400) size 4x16
                    text run at (51,400) width 4: " "
                  RenderBR {BR} at (55,413) size 0x0
                  RenderInline {A} at (0,0) size 166x16 [color=#0000EE]
                    RenderText {#text} at (0,416) size 166x16
                      text run at (0,416) width 166: "Compound SQL (Embedded)"
                  RenderText {#text} at (166,416) size 4x16
                    text run at (166,416) width 4: " "
                  RenderBR {BR} at (170,429) size 0x0
                  RenderInline {A} at (0,0) size 113x16 [color=#0000EE]
                    RenderText {#text} at (0,432) size 113x16
                      text run at (0,432) width 113: "CONNECT (Type 1)"
                  RenderText {#text} at (113,432) size 4x16
                    text run at (113,432) width 4: " "
                  RenderBR {BR} at (117,445) size 0x0
                  RenderInline {A} at (0,0) size 113x16 [color=#0000EE]
                    RenderText {#text} at (0,448) size 113x16
                      text run at (0,448) width 113: "CONNECT (Type 2)"
                  RenderText {#text} at (113,448) size 4x16
                    text run at (113,448) width 4: " "
                  RenderBR {BR} at (117,461) size 0x0
                  RenderInline {A} at (0,0) size 93x16 [color=#0000EE]
                    RenderText {#text} at (0,464) size 93x16
                      text run at (0,464) width 93: "CREATE ALIAS"
                  RenderText {#text} at (93,464) size 4x16
                    text run at (93,464) width 4: " "
                  RenderBR {BR} at (97,477) size 0x0
                  RenderInline {A} at (0,0) size 144x16 [color=#0000EE]
                    RenderText {#text} at (0,480) size 144x16
                      text run at (0,480) width 144: "CREATE BUFFERPOOL"
                  RenderText {#text} at (144,480) size 4x16
                    text run at (144,480) width 4: " "
                  RenderBR {BR} at (148,493) size 0x0
                  RenderInline {A} at (0,0) size 150x16 [color=#0000EE]
                    RenderText {#text} at (0,496) size 150x16
                      text run at (0,496) width 150: "CREATE DISTINCT TYPE"
                  RenderText {#text} at (150,496) size 4x16
                    text run at (150,496) width 4: " "
                  RenderBR {BR} at (154,509) size 0x0
                  RenderInline {A} at (0,0) size 162x16 [color=#0000EE]
                    RenderText {#text} at (0,512) size 162x16
                      text run at (0,512) width 162: "CREATE EVENT MONITOR"
                  RenderText {#text} at (162,512) size 4x16
                    text run at (162,512) width 4: " "
                  RenderBR {BR} at (166,525) size 0x0
                  RenderInline {A} at (0,0) size 120x16 [color=#0000EE]
                    RenderText {#text} at (0,528) size 120x16
                      text run at (0,528) width 120: "CREATE FUNCTION"
                  RenderText {#text} at (120,528) size 4x16
                    text run at (120,528) width 4: " "
                  RenderBR {BR} at (124,541) size 0x0
                  RenderInline {A} at (0,0) size 221x16 [color=#0000EE]
                    RenderText {#text} at (0,544) size 221x16
                      text run at (0,544) width 221: "CREATE FUNCTION (External Scalar)"
                  RenderText {#text} at (221,544) size 4x16
                    text run at (221,544) width 4: " "
                  RenderBR {BR} at (225,557) size 0x0
                  RenderInline {A} at (0,0) size 215x16 [color=#0000EE]
                    RenderText {#text} at (0,560) size 215x16
                      text run at (0,560) width 215: "CREATE FUNCTION (External Table)"
                  RenderText {#text} at (215,560) size 4x16
                    text run at (215,560) width 4: " "
                  RenderBR {BR} at (219,573) size 0x0
                  RenderInline {A} at (0,0) size 267x16 [color=#0000EE]
                    RenderText {#text} at (0,576) size 267x16
                      text run at (0,576) width 267: "CREATE FUNCTION (OLE DB External Table)"
                  RenderText {#text} at (267,576) size 4x16
                    text run at (267,576) width 4: " "
                  RenderBR {BR} at (271,589) size 0x0
                  RenderInline {A} at (0,0) size 245x16 [color=#0000EE]
                    RenderText {#text} at (0,592) size 245x16
                      text run at (0,592) width 245: "CREATE FUNCTION (Source or Template)"
                  RenderText {#text} at (245,592) size 4x16
                    text run at (245,592) width 4: " "
                  RenderBR {BR} at (249,605) size 0x0
                  RenderInline {A} at (0,0) size 282x16 [color=#0000EE]
                    RenderText {#text} at (0,608) size 282x16
                      text run at (0,608) width 282: "CREATE FUNCTION (SQL Scalar, Table or Row)"
                  RenderText {#text} at (282,608) size 4x16
                    text run at (282,608) width 4: " "
                  RenderBR {BR} at (286,621) size 0x0
                  RenderInline {A} at (0,0) size 184x16 [color=#0000EE]
                    RenderText {#text} at (0,624) size 184x16
                      text run at (0,624) width 184: "CREATE FUNCTION MAPPING"
                  RenderText {#text} at (184,624) size 4x16
                    text run at (184,624) width 4: " "
                  RenderBR {BR} at (188,637) size 0x0
                  RenderInline {A} at (0,0) size 93x16 [color=#0000EE]
                    RenderText {#text} at (0,640) size 93x16
                      text run at (0,640) width 93: "CREATE INDEX"
                  RenderText {#text} at (93,640) size 4x16
                    text run at (93,640) width 4: " "
                  RenderBR {BR} at (97,653) size 0x0
                  RenderInline {A} at (0,0) size 169x16 [color=#0000EE]
                    RenderText {#text} at (0,656) size 169x16
                      text run at (0,656) width 169: "CREATE INDEX EXTENSION"
                  RenderText {#text} at (169,656) size 4x16
                    text run at (169,656) width 4: " "
                  RenderBR {BR} at (173,669) size 0x0
                  RenderInline {A} at (0,0) size 111x16 [color=#0000EE]
                    RenderText {#text} at (0,672) size 111x16
                      text run at (0,672) width 111: "CREATE METHOD"
                  RenderText {#text} at (111,672) size 4x16
                    text run at (111,672) width 4: " "
                  RenderBR {BR} at (115,685) size 0x0
                  RenderInline {A} at (0,0) size 124x16 [color=#0000EE]
                    RenderText {#text} at (0,688) size 124x16
                      text run at (0,688) width 124: "CREATE NICKNAME"
                  RenderText {#text} at (124,688) size 4x16
                    text run at (124,688) width 4: " "
                  RenderBR {BR} at (128,701) size 0x0
                  RenderInline {A} at (0,0) size 140x16 [color=#0000EE]
                    RenderText {#text} at (0,704) size 140x16
                      text run at (0,704) width 140: "CREATE NODEGROUP"
                  RenderText {#text} at (140,704) size 4x16
                    text run at (140,704) width 4: " "
                  RenderBR {BR} at (144,717) size 0x0
                  RenderInline {A} at (0,0) size 138x16 [color=#0000EE]
                    RenderText {#text} at (0,720) size 138x16
                      text run at (0,720) width 138: "CREATE PROCEDURE"
                  RenderText {#text} at (138,720) size 4x16
                    text run at (138,720) width 4: " "
                  RenderBR {BR} at (142,733) size 0x0
                  RenderInline {A} at (0,0) size 112x16 [color=#0000EE]
                    RenderText {#text} at (0,736) size 112x16
                      text run at (0,736) width 112: "CREATE SCHEMA"
                  RenderText {#text} at (112,736) size 4x16
                    text run at (112,736) width 4: " "
                  RenderBR {BR} at (116,749) size 0x0
                  RenderInline {A} at (0,0) size 110x16 [color=#0000EE]
                    RenderText {#text} at (0,752) size 110x16
                      text run at (0,752) width 110: "CREATE SERVER"
                  RenderText {#text} at (110,752) size 4x16
                    text run at (110,752) width 4: " "
                  RenderBR {BR} at (114,765) size 0x0
                  RenderInline {A} at (0,0) size 97x16 [color=#0000EE]
                    RenderText {#text} at (0,768) size 97x16
                      text run at (0,768) width 97: "CREATE TABLE"
                  RenderText {#text} at (97,768) size 4x16
                    text run at (97,768) width 4: " "
                  RenderBR {BR} at (101,781) size 0x0
                  RenderInline {A} at (0,0) size 142x16 [color=#0000EE]
                    RenderText {#text} at (0,784) size 142x16
                      text run at (0,784) width 142: "CREATE TABLESPACE"
                  RenderText {#text} at (142,784) size 4x16
                    text run at (142,784) width 4: " "
                  RenderBR {BR} at (146,797) size 0x0
                  RenderInline {A} at (0,0) size 137x16 [color=#0000EE]
                    RenderText {#text} at (0,800) size 137x16
                      text run at (0,800) width 137: "CREATE TRANSFORM"
                  RenderText {#text} at (137,800) size 4x16
                    text run at (137,800) width 4: " "
                  RenderBR {BR} at (141,813) size 0x0
                  RenderInline {A} at (0,0) size 113x16 [color=#0000EE]
                    RenderText {#text} at (0,816) size 113x16
                      text run at (0,816) width 113: "CREATE TRIGGER"
                  RenderText {#text} at (113,816) size 4x16
                    text run at (113,816) width 4: " "
                  RenderBR {BR} at (117,829) size 0x0
                  RenderInline {A} at (0,0) size 162x16 [color=#0000EE]
                    RenderText {#text} at (0,832) size 162x16
                      text run at (0,832) width 162: "CREATE TYPE (Structured)"
                  RenderText {#text} at (162,832) size 4x16
                    text run at (162,832) width 4: " "
                  RenderBR {BR} at (166,845) size 0x0
                  RenderInline {A} at (0,0) size 154x16 [color=#0000EE]
                    RenderText {#text} at (0,848) size 154x16
                      text run at (0,848) width 154: "CREATE TYPE MAPPING"
                  RenderText {#text} at (154,848) size 4x16
                    text run at (154,848) width 4: " "
                  RenderBR {BR} at (158,861) size 0x0
                  RenderInline {A} at (0,0) size 156x16 [color=#0000EE]
                    RenderText {#text} at (0,864) size 156x16
                      text run at (0,864) width 156: "CREATE USER MAPPING"
                  RenderText {#text} at (156,864) size 4x16
                    text run at (156,864) width 4: " "
                  RenderBR {BR} at (160,877) size 0x0
                  RenderInline {A} at (0,0) size 90x16 [color=#0000EE]
                    RenderText {#text} at (0,880) size 90x16
                      text run at (0,880) width 90: "CREATE VIEW"
                  RenderText {#text} at (90,880) size 4x16
                    text run at (90,880) width 4: " "
                  RenderBR {BR} at (94,893) size 0x0
                  RenderInline {A} at (0,0) size 123x16 [color=#0000EE]
                    RenderText {#text} at (0,896) size 123x16
                      text run at (0,896) width 123: "CREATE WRAPPER"
                  RenderText {#text} at (123,896) size 4x16
                    text run at (123,896) width 4: " "
                  RenderBR {BR} at (127,909) size 0x0
                  RenderInline {A} at (0,0) size 120x16 [color=#0000EE]
                    RenderText {#text} at (0,912) size 120x16
                      text run at (0,912) width 120: "DECLARE CURSOR"
                  RenderText {#text} at (120,912) size 4x16
                    text run at (120,912) width 4: " "
                  RenderBR {BR} at (124,925) size 0x0
                  RenderInline {A} at (0,0) size 248x16 [color=#0000EE]
                    RenderText {#text} at (0,928) size 248x16
                      text run at (0,928) width 248: "DECLARE GLOBAL TEMPORARY TABLE"
                  RenderText {#text} at (248,928) size 4x16
                    text run at (248,928) width 4: " "
                  RenderBR {BR} at (252,941) size 0x0
                  RenderInline {A} at (0,0) size 50x16 [color=#0000EE]
                    RenderText {#text} at (0,944) size 50x16
                      text run at (0,944) width 50: "DELETE"
                  RenderText {#text} at (50,944) size 4x16
                    text run at (50,944) width 4: " "
                  RenderBR {BR} at (54,957) size 0x0
                  RenderInline {A} at (0,0) size 66x16 [color=#0000EE]
                    RenderText {#text} at (0,960) size 66x16
                      text run at (0,960) width 66: "DESCRIBE"
                  RenderText {#text} at (66,960) size 4x16
                    text run at (66,960) width 4: " "
                  RenderBR {BR} at (70,973) size 0x0
                  RenderInline {A} at (0,0) size 83x16 [color=#0000EE]
                    RenderText {#text} at (0,976) size 83x16
                      text run at (0,976) width 83: "DISCONNECT"
                  RenderText {#text} at (83,976) size 4x16
                    text run at (83,976) width 4: " "
                  RenderBR {BR} at (87,989) size 0x0
                  RenderInline {A} at (0,0) size 37x16 [color=#0000EE]
                    RenderText {#text} at (0,992) size 37x16
                      text run at (0,992) width 37: "DROP"
                  RenderText {#text} at (37,992) size 4x16
                    text run at (37,992) width 4: " "
                  RenderBR {BR} at (41,1005) size 0x0
                  RenderInline {A} at (0,0) size 152x16 [color=#0000EE]
                    RenderText {#text} at (0,1008) size 152x16
                      text run at (0,1008) width 152: "END DECLARE SECTION"
                  RenderText {#text} at (152,1008) size 4x16
                    text run at (152,1008) width 4: " "
                  RenderBR {BR} at (156,1021) size 0x0
                  RenderInline {A} at (0,0) size 59x16 [color=#0000EE]
                    RenderText {#text} at (0,1024) size 59x16
                      text run at (0,1024) width 59: "EXECUTE"
                  RenderText {#text} at (59,1024) size 4x16
                    text run at (59,1024) width 4: " "
                  RenderBR {BR} at (63,1037) size 0x0
                  RenderInline {A} at (0,0) size 134x16 [color=#0000EE]
                    RenderText {#text} at (0,1040) size 134x16
                      text run at (0,1040) width 134: "EXECUTE IMMEDIATE"
                  RenderText {#text} at (134,1040) size 4x16
                    text run at (134,1040) width 4: " "
                  RenderBR {BR} at (138,1053) size 0x0
                  RenderInline {A} at (0,0) size 53x16 [color=#0000EE]
                    RenderText {#text} at (0,1056) size 53x16
                      text run at (0,1056) width 53: "EXPLAIN"
                  RenderText {#text} at (53,1056) size 4x16
                    text run at (53,1056) width 4: " "
                  RenderBR {BR} at (57,1069) size 0x0
                  RenderInline {A} at (0,0) size 42x16 [color=#0000EE]
                    RenderText {#text} at (0,1072) size 42x16
                      text run at (0,1072) width 42: "FETCH"
                  RenderText {#text} at (42,1072) size 4x16
                    text run at (42,1072) width 4: " "
                  RenderBR {BR} at (46,1085) size 0x0
                  RenderInline {A} at (0,0) size 152x16 [color=#0000EE]
                    RenderText {#text} at (0,1088) size 152x16
                      text run at (0,1088) width 152: "FLUSH EVENT MONITOR"
                  RenderText {#text} at (152,1088) size 4x16
                    text run at (152,1088) width 4: " "
                  RenderBR {BR} at (156,1101) size 0x0
                  RenderInline {A} at (0,0) size 100x16 [color=#0000EE]
                    RenderText {#text} at (0,1104) size 100x16
                      text run at (0,1104) width 100: "FREE LOCATOR"
                  RenderText {#text} at (100,1104) size 4x16
                    text run at (100,1104) width 4: " "
                  RenderBR {BR} at (104,1117) size 0x0
                  RenderInline {A} at (0,0) size 177x16 [color=#0000EE]
                    RenderText {#text} at (0,1120) size 177x16
                      text run at (0,1120) width 177: "GRANT (Database Authorities)"
                  RenderText {#text} at (177,1120) size 4x16
                    text run at (177,1120) width 4: " "
                  RenderBR {BR} at (181,1133) size 0x0
                  RenderInline {A} at (0,0) size 146x16 [color=#0000EE]
                    RenderText {#text} at (0,1136) size 146x16
                      text run at (0,1136) width 146: "GRANT (Index Privileges)"
                  RenderText {#text} at (146,1136) size 4x16
                    text run at (146,1136) width 4: " "
                  RenderBR {BR} at (150,1149) size 0x0
                  RenderInline {A} at (0,0) size 166x16 [color=#0000EE]
                    RenderText {#text} at (0,1152) size 166x16
                      text run at (0,1152) width 166: "GRANT (Package Privileges)"
                  RenderText {#text} at (166,1152) size 4x16
                    text run at (166,1152) width 4: " "
                  RenderBR {BR} at (170,1165) size 0x0
                  RenderInline {A} at (0,0) size 163x16 [color=#0000EE]
                    RenderText {#text} at (0,1168) size 163x16
                      text run at (0,1168) width 163: "GRANT (Schema Privileges)"
                  RenderText {#text} at (163,1168) size 4x16
                    text run at (163,1168) width 4: " "
                  RenderBR {BR} at (167,1181) size 0x0
                  RenderInline {A} at (0,0) size 151x16 [color=#0000EE]
                    RenderText {#text} at (0,1184) size 151x16
                      text run at (0,1184) width 151: "GRANT (Server Privileges)"
                  RenderText {#text} at (151,1184) size 4x16
                    text run at (151,1184) width 4: " "
                  RenderBR {BR} at (155,1197) size 0x0
                  RenderInline {A} at (0,0) size 263x16 [color=#0000EE]
                    RenderText {#text} at (0,1200) size 263x16
                      text run at (0,1200) width 263: "GRANT (Table, View, or Nickname Privileges)"
                  RenderText {#text} at (263,1200) size 4x16
                    text run at (263,1200) width 4: " "
                  RenderBR {BR} at (267,1213) size 0x0
                  RenderInline {A} at (0,0) size 187x16 [color=#0000EE]
                    RenderText {#text} at (0,1216) size 187x16
                      text run at (0,1216) width 187: "GRANT (Table Space Privileges)"
                  RenderText {#text} at (187,1216) size 4x16
                    text run at (187,1216) width 4: " "
                  RenderBR {BR} at (191,1229) size 0x0
                  RenderInline {A} at (0,0) size 55x16 [color=#0000EE]
                    RenderText {#text} at (0,1232) size 55x16
                      text run at (0,1232) width 55: "INCLUDE"
                  RenderText {#text} at (55,1232) size 4x16
                    text run at (55,1232) width 4: " "
                  RenderBR {BR} at (59,1245) size 0x0
                  RenderInline {A} at (0,0) size 46x16 [color=#0000EE]
                    RenderText {#text} at (0,1248) size 46x16
                      text run at (0,1248) width 46: "INSERT"
                  RenderText {#text} at (46,1248) size 4x16
                    text run at (46,1248) width 4: " "
                  RenderBR {BR} at (50,1261) size 0x0
                  RenderInline {A} at (0,0) size 80x16 [color=#0000EE]
                    RenderText {#text} at (0,1264) size 80x16
                      text run at (0,1264) width 80: "LOCK TABLE"
                  RenderText {#text} at (80,1264) size 4x16
                    text run at (80,1264) width 4: " "
                  RenderBR {BR} at (84,1277) size 0x0
                  RenderInline {A} at (0,0) size 37x16 [color=#0000EE]
                    RenderText {#text} at (0,1280) size 37x16
                      text run at (0,1280) width 37: "OPEN"
                  RenderText {#text} at (37,1280) size 4x16
                    text run at (37,1280) width 4: " "
                  RenderBR {BR} at (41,1293) size 0x0
                  RenderInline {A} at (0,0) size 63x16 [color=#0000EE]
                    RenderText {#text} at (0,1296) size 63x16
                      text run at (0,1296) width 63: "PREPARE"
                  RenderText {#text} at (63,1296) size 4x16
                    text run at (63,1296) width 4: " "
                  RenderBR {BR} at (67,1309) size 0x0
                  RenderInline {A} at (0,0) size 107x16 [color=#0000EE]
                    RenderText {#text} at (0,1312) size 107x16
                      text run at (0,1312) width 107: "REFRESH TABLE"
                  RenderText {#text} at (107,1312) size 4x16
                    text run at (107,1312) width 4: " "
                  RenderBR {BR} at (111,1325) size 0x0
                  RenderInline {A} at (0,0) size 138x16 [color=#0000EE]
                    RenderText {#text} at (0,1328) size 138x16
                      text run at (0,1328) width 138: "RELEASE (Connection)"
                  RenderText {#text} at (138,1328) size 4x16
                    text run at (138,1328) width 4: " "
                  RenderBR {BR} at (142,1341) size 0x0
                  RenderInline {A} at (0,0) size 139x16 [color=#0000EE]
                    RenderText {#text} at (0,1344) size 139x16
                      text run at (0,1344) width 139: "RELEASE SAVEPOINT"
                  RenderText {#text} at (139,1344) size 4x16
                    text run at (139,1344) width 4: " "
                  RenderBR {BR} at (143,1357) size 0x0
                  RenderInline {A} at (0,0) size 101x16 [color=#0000EE]
                    RenderText {#text} at (0,1360) size 101x16
                      text run at (0,1360) width 101: "RENAME TABLE"
                  RenderText {#text} at (101,1360) size 4x16
                    text run at (101,1360) width 4: " "
                  RenderBR {BR} at (105,1373) size 0x0
                  RenderInline {A} at (0,0) size 146x16 [color=#0000EE]
                    RenderText {#text} at (0,1376) size 146x16
                      text run at (0,1376) width 146: "RENAME TABLESPACE"
                  RenderText {#text} at (146,1376) size 4x16
                    text run at (146,1376) width 4: " "
                  RenderBR {BR} at (150,1389) size 0x0
                  RenderInline {A} at (0,0) size 188x16 [color=#0000EE]
                    RenderText {#text} at (0,1392) size 188x16
                      text run at (0,1392) width 188: "REVOKE (Database Authorities)"
                  RenderText {#text} at (188,1392) size 4x16
                    text run at (188,1392) width 4: " "
                  RenderBR {BR} at (192,1405) size 0x0
                  RenderInline {A} at (0,0) size 157x16 [color=#0000EE]
                    RenderText {#text} at (0,1408) size 157x16
                      text run at (0,1408) width 157: "REVOKE (Index Privileges)"
                  RenderText {#text} at (157,1408) size 4x16
                    text run at (157,1408) width 4: " "
                  RenderBR {BR} at (161,1421) size 0x0
                  RenderInline {A} at (0,0) size 177x16 [color=#0000EE]
                    RenderText {#text} at (0,1424) size 177x16
                      text run at (0,1424) width 177: "REVOKE (Package Privileges)"
                  RenderText {#text} at (177,1424) size 4x16
                    text run at (177,1424) width 4: " "
                  RenderBR {BR} at (181,1437) size 0x0
                  RenderInline {A} at (0,0) size 174x16 [color=#0000EE]
                    RenderText {#text} at (0,1440) size 174x16
                      text run at (0,1440) width 174: "REVOKE (Schema Privileges)"
                  RenderText {#text} at (174,1440) size 4x16
                    text run at (174,1440) width 4: " "
                  RenderBR {BR} at (178,1453) size 0x0
                  RenderInline {A} at (0,0) size 162x16 [color=#0000EE]
                    RenderText {#text} at (0,1456) size 162x16
                      text run at (0,1456) width 162: "REVOKE (Server Privileges)"
                  RenderText {#text} at (162,1456) size 4x16
                    text run at (162,1456) width 4: " "
                  RenderBR {BR} at (166,1469) size 0x0
                  RenderInline {A} at (0,0) size 274x16 [color=#0000EE]
                    RenderText {#text} at (0,1472) size 274x16
                      text run at (0,1472) width 274: "REVOKE (Table, View, or Nickname Privileges)"
                  RenderText {#text} at (274,1472) size 4x16
                    text run at (274,1472) width 4: " "
                  RenderBR {BR} at (278,1485) size 0x0
                  RenderInline {A} at (0,0) size 198x16 [color=#0000EE]
                    RenderText {#text} at (0,1488) size 198x16
                      text run at (0,1488) width 198: "REVOKE (Table Space Privileges)"
                  RenderText {#text} at (198,1488) size 4x16
                    text run at (198,1488) width 4: " "
                  RenderBR {BR} at (202,1501) size 0x0
                  RenderInline {A} at (0,0) size 69x16 [color=#0000EE]
                    RenderText {#text} at (0,1504) size 69x16
                      text run at (0,1504) width 69: "ROLLBACK"
                  RenderText {#text} at (69,1504) size 4x16
                    text run at (69,1504) width 4: " "
                  RenderBR {BR} at (73,1517) size 0x0
                  RenderInline {A} at (0,0) size 74x16 [color=#0000EE]
                    RenderText {#text} at (0,1520) size 74x16
                      text run at (0,1520) width 74: "SAVEPOINT"
                  RenderText {#text} at (74,1520) size 4x16
                    text run at (74,1520) width 4: " "
                  RenderBR {BR} at (78,1533) size 0x0
                  RenderInline {A} at (0,0) size 50x16 [color=#0000EE]
                    RenderText {#text} at (0,1536) size 50x16
                      text run at (0,1536) width 50: "SELECT"
                  RenderText {#text} at (50,1536) size 4x16
                    text run at (50,1536) width 4: " "
                  RenderBR {BR} at (54,1549) size 0x0
                  RenderInline {A} at (0,0) size 83x16 [color=#0000EE]
                    RenderText {#text} at (0,1552) size 83x16
                      text run at (0,1552) width 83: "SELECT INTO"
                  RenderText {#text} at (83,1552) size 4x16
                    text run at (83,1552) width 4: " "
                  RenderBR {BR} at (87,1565) size 0x0
                  RenderInline {A} at (0,0) size 113x16 [color=#0000EE]
                    RenderText {#text} at (0,1568) size 113x16
                      text run at (0,1568) width 113: "SET CONNECTION"
                  RenderText {#text} at (113,1568) size 4x16
                    text run at (113,1568) width 4: " "
                  RenderBR {BR} at (117,1581) size 0x0
                  RenderInline {A} at (0,0) size 288x16 [color=#0000EE]
                    RenderText {#text} at (0,1584) size 288x16
                      text run at (0,1584) width 288: "SET CURRENT DEFAULT TRANSFORM GROUP"
                  RenderText {#text} at (288,1584) size 4x16
                    text run at (288,1584) width 4: " "
                  RenderBR {BR} at (292,1597) size 0x0
                  RenderInline {A} at (0,0) size 149x16 [color=#0000EE]
                    RenderText {#text} at (0,1600) size 149x16
                      text run at (0,1600) width 149: "SET CURRENT DEGREE"
                  RenderText {#text} at (149,1600) size 4x16
                    text run at (149,1600) width 4: " "
                  RenderBR {BR} at (153,1613) size 0x0
                  RenderInline {A} at (0,0) size 190x16 [color=#0000EE]
                    RenderText {#text} at (0,1616) size 190x16
                      text run at (0,1616) width 190: "SET CURRENT EXPLAIN MODE"
                  RenderText {#text} at (190,1616) size 4x16
                    text run at (190,1616) width 4: " "
                  RenderBR {BR} at (194,1629) size 0x0
                  RenderInline {A} at (0,0) size 222x16 [color=#0000EE]
                    RenderText {#text} at (0,1632) size 222x16
                      text run at (0,1632) width 222: "SET CURRENT EXPLAIN SNAPSHOT"
                  RenderText {#text} at (222,1632) size 4x16
                    text run at (222,1632) width 4: " "
                  RenderBR {BR} at (226,1645) size 0x0
                  RenderInline {A} at (0,0) size 183x16 [color=#0000EE]
                    RenderText {#text} at (0,1648) size 183x16
                      text run at (0,1648) width 183: "SET CURRENT PACKAGESET"
                  RenderText {#text} at (183,1648) size 4x16
                    text run at (183,1648) width 4: " "
                  RenderBR {BR} at (187,1661) size 0x0
                  RenderInline {A} at (0,0) size 232x16 [color=#0000EE]
                    RenderText {#text} at (0,1664) size 232x16
                      text run at (0,1664) width 232: "SET CURRENT QUERY OPTIMIZATION"
                  RenderText {#text} at (232,1664) size 4x16
                    text run at (232,1664) width 4: " "
                  RenderBR {BR} at (236,1677) size 0x0
                  RenderInline {A} at (0,0) size 188x16 [color=#0000EE]
                    RenderText {#text} at (0,1680) size 188x16
                      text run at (0,1680) width 188: "SET CURRENT REFRESH AGE"
                  RenderText {#text} at (188,1680) size 4x16
                    text run at (188,1680) width 4: " "
                  RenderBR {BR} at (192,1693) size 0x0
                  RenderInline {A} at (0,0) size 180x16 [color=#0000EE]
                    RenderText {#text} at (0,1696) size 180x16
                      text run at (0,1696) width 180: "SET EVENT MONITOR STATE"
                  RenderText {#text} at (180,1696) size 4x16
                    text run at (180,1696) width 4: " "
                  RenderBR {BR} at (184,1709) size 0x0
                  RenderInline {A} at (0,0) size 95x16 [color=#0000EE]
                    RenderText {#text} at (0,1712) size 95x16
                      text run at (0,1712) width 95: "SET INTEGRITY"
                  RenderText {#text} at (95,1712) size 4x16
                    text run at (95,1712) width 4: " "
                  RenderBR {BR} at (99,1725) size 0x0
                  RenderInline {A} at (0,0) size 99x16 [color=#0000EE]
                    RenderText {#text} at (0,1728) size 99x16
                      text run at (0,1728) width 99: "SET PASSTHRU"
                  RenderText {#text} at (99,1728) size 4x16
                    text run at (99,1728) width 4: " "
                  RenderBR {BR} at (103,1741) size 0x0
                  RenderInline {A} at (0,0) size 63x16 [color=#0000EE]
                    RenderText {#text} at (0,1744) size 63x16
                      text run at (0,1744) width 63: "SET PATH"
                  RenderText {#text} at (63,1744) size 4x16
                    text run at (63,1744) width 4: " "
                  RenderBR {BR} at (67,1757) size 0x0
                  RenderInline {A} at (0,0) size 85x16 [color=#0000EE]
                    RenderText {#text} at (0,1760) size 85x16
                      text run at (0,1760) width 85: "SET SCHEMA"
                  RenderText {#text} at (85,1760) size 4x16
                    text run at (85,1760) width 4: " "
                  RenderBR {BR} at (89,1773) size 0x0
                  RenderInline {A} at (0,0) size 135x16 [color=#0000EE]
                    RenderText {#text} at (0,1776) size 135x16
                      text run at (0,1776) width 135: "SET SERVER OPTION"
                  RenderText {#text} at (135,1776) size 4x16
                    text run at (135,1776) width 4: " "
                  RenderBR {BR} at (139,1789) size 0x0
                  RenderInline {A} at (0,0) size 129x16 [color=#0000EE]
                    RenderText {#text} at (0,1792) size 129x16
                      text run at (0,1792) width 129: "SET transition-variable"
                  RenderText {#text} at (129,1792) size 4x16
                    text run at (129,1792) width 4: " "
                  RenderBR {BR} at (133,1805) size 0x0
                  RenderInline {A} at (0,0) size 118x16 [color=#0000EE]
                    RenderText {#text} at (0,1808) size 118x16
                      text run at (0,1808) width 118: "SIGNAL SQLSTATE"
                  RenderText {#text} at (118,1808) size 4x16
                    text run at (118,1808) width 4: " "
                  RenderBR {BR} at (122,1821) size 0x0
                  RenderInline {A} at (0,0) size 52x16 [color=#0000EE]
                    RenderText {#text} at (0,1824) size 52x16
                      text run at (0,1824) width 52: "UPDATE"
                  RenderText {#text} at (52,1824) size 4x16
                    text run at (52,1824) width 4: " "
                  RenderBR {BR} at (56,1837) size 0x0
                  RenderInline {A} at (0,0) size 52x16 [color=#0000EE]
                    RenderText {#text} at (0,1840) size 52x16
                      text run at (0,1840) width 52: "VALUES"
                  RenderText {#text} at (52,1840) size 4x16
                    text run at (52,1840) width 4: " "
                  RenderBR {BR} at (56,1853) size 0x0
                  RenderInline {A} at (0,0) size 85x16 [color=#0000EE]
                    RenderText {#text} at (0,1856) size 85x16
                      text run at (0,1856) width 85: "VALUES INTO"
                  RenderText {#text} at (85,1856) size 4x16
                    text run at (85,1856) width 4: " "
                  RenderBR {BR} at (89,1869) size 0x0
                  RenderInline {A} at (0,0) size 76x16 [color=#0000EE]
                    RenderText {#text} at (0,1872) size 76x16
                      text run at (0,1872) width 76: "WHENEVER"
                  RenderText {#text} at (0,0) size 0x0
                RenderBlock {P} at (0,7783) size 707x321
                  RenderInline {B} at (0,0) size 103x16
                    RenderInline {A} at (0,0) size 103x16 [color=#0000EE]
                      RenderText {#text} at (0,0) size 103x16
                        text run at (0,0) width 103: "SQL Procedures"
                  RenderBR {BR} at (103,13) size 0x0
                  RenderBR {BR} at (0,16) size 0x16
                  RenderInline {A} at (0,0) size 153x16 [color=#0000EE]
                    RenderText {#text} at (0,32) size 153x16
                      text run at (0,32) width 153: "SQL Procedure Statement"
                  RenderText {#text} at (153,32) size 4x16
                    text run at (153,32) width 4: " "
                  RenderBR {BR} at (157,45) size 0x0
                  RenderInline {A} at (0,0) size 190x16 [color=#0000EE]
                    RenderText {#text} at (0,48) size 190x16
                      text run at (0,48) width 190: "ALLOCATE CURSOR Statement"
                  RenderText {#text} at (190,48) size 4x16
                    text run at (190,48) width 4: " "
                  RenderBR {BR} at (194,61) size 0x0
                  RenderInline {A} at (0,0) size 133x16 [color=#0000EE]
                    RenderText {#text} at (0,64) size 133x16
                      text run at (0,64) width 133: "Assignment Statement"
                  RenderText {#text} at (133,64) size 4x16
                    text run at (133,64) width 4: " "
                  RenderBR {BR} at (137,77) size 0x0
                  RenderInline {A} at (0,0) size 212x16 [color=#0000EE]
                    RenderText {#text} at (0,80) size 212x16
                      text run at (0,80) width 212: "ASSOCIATE LOCATORS Statement"
                  RenderText {#text} at (212,80) size 4x16
                    text run at (212,80) width 4: " "
                  RenderBR {BR} at (216,93) size 0x0
                  RenderInline {A} at (0,0) size 100x16 [color=#0000EE]
                    RenderText {#text} at (0,96) size 100x16
                      text run at (0,96) width 100: "CASE Statement"
                  RenderText {#text} at (100,96) size 4x16
                    text run at (100,96) width 4: " "
                  RenderBR {BR} at (104,109) size 0x0
                  RenderInline {A} at (0,0) size 126x16 [color=#0000EE]
                    RenderText {#text} at (0,112) size 126x16
                      text run at (0,112) width 126: "Compound Statement"
                  RenderText {#text} at (126,112) size 4x16
                    text run at (126,112) width 4: " "
                  RenderBR {BR} at (130,125) size 0x0
                  RenderInline {A} at (0,0) size 91x16 [color=#0000EE]
                    RenderText {#text} at (0,128) size 91x16
                      text run at (0,128) width 91: "FOR Statement"
                  RenderText {#text} at (91,128) size 4x16
                    text run at (91,128) width 4: " "
                  RenderBR {BR} at (95,141) size 0x0
                  RenderInline {A} at (0,0) size 181x16 [color=#0000EE]
                    RenderText {#text} at (0,144) size 181x16
                      text run at (0,144) width 181: "GET DIAGNOSTICS Statement"
                  RenderText {#text} at (181,144) size 4x16
                    text run at (181,144) width 4: " "
                  RenderBR {BR} at (185,157) size 0x0
                  RenderInline {A} at (0,0) size 101x16 [color=#0000EE]
                    RenderText {#text} at (0,160) size 101x16
                      text run at (0,160) width 101: "GOTO Statement"
                  RenderText {#text} at (101,160) size 4x16
                    text run at (101,160) width 4: " "
                  RenderBR {BR} at (105,173) size 0x0
                  RenderInline {A} at (0,0) size 75x16 [color=#0000EE]
                    RenderText {#text} at (0,176) size 75x16
                      text run at (0,176) width 75: "IF Statement"
                  RenderText {#text} at (75,176) size 4x16
                    text run at (75,176) width 4: " "
                  RenderBR {BR} at (79,189) size 0x0
                  RenderInline {A} at (0,0) size 117x16 [color=#0000EE]
                    RenderText {#text} at (0,192) size 117x16
                      text run at (0,192) width 117: "ITERATE Statement"
                  RenderText {#text} at (117,192) size 4x16
                    text run at (117,192) width 4: " "
                  RenderBR {BR} at (121,205) size 0x0
                  RenderInline {A} at (0,0) size 107x16 [color=#0000EE]
                    RenderText {#text} at (0,208) size 107x16
                      text run at (0,208) width 107: "LEAVE Statement"
                  RenderText {#text} at (107,208) size 4x16
                    text run at (107,208) width 4: " "
                  RenderBR {BR} at (111,221) size 0x0
                  RenderInline {A} at (0,0) size 100x16 [color=#0000EE]
                    RenderText {#text} at (0,224) size 100x16
                      text run at (0,224) width 100: "LOOP Statement"
                  RenderText {#text} at (100,224) size 4x16
                    text run at (100,224) width 4: " "
                  RenderBR {BR} at (104,237) size 0x0
                  RenderInline {A} at (0,0) size 116x16 [color=#0000EE]
                    RenderText {#text} at (0,240) size 116x16
                      text run at (0,240) width 116: "REPEAT Statement"
                  RenderText {#text} at (116,240) size 4x16
                    text run at (116,240) width 4: " "
                  RenderBR {BR} at (120,253) size 0x0
                  RenderInline {A} at (0,0) size 129x16 [color=#0000EE]
                    RenderText {#text} at (0,256) size 129x16
                      text run at (0,256) width 129: "RESIGNAL Statement"
                  RenderText {#text} at (129,256) size 4x16
                    text run at (129,256) width 4: " "
                  RenderBR {BR} at (133,269) size 0x0
                  RenderInline {A} at (0,0) size 116x16 [color=#0000EE]
                    RenderText {#text} at (0,272) size 116x16
                      text run at (0,272) width 116: "RETURN Statement"
                  RenderText {#text} at (116,272) size 4x16
                    text run at (116,272) width 4: " "
                  RenderBR {BR} at (120,285) size 0x0
                  RenderInline {A} at (0,0) size 111x16 [color=#0000EE]
                    RenderText {#text} at (0,288) size 111x16
                      text run at (0,288) width 111: "SIGNAL Statement"
                  RenderText {#text} at (111,288) size 4x16
                    text run at (111,288) width 4: " "
                  RenderBR {BR} at (115,301) size 0x0
                  RenderInline {A} at (0,0) size 105x16 [color=#0000EE]
                    RenderText {#text} at (0,304) size 105x16
                      text run at (0,304) width 105: "WHILE Statement"
                  RenderText {#text} at (0,0) size 0x0
                RenderBlock {P} at (0,8116) size 707x17
                  RenderInline {B} at (0,0) size 151x16
                    RenderInline {A} at (0,0) size 151x16 [color=#0000EE]
                      RenderText {#text} at (0,0) size 151x16
                        text run at (0,0) width 151: "Appendix A. SQL Limits"
                  RenderBR {BR} at (151,13) size 0x0
                RenderBlock {P} at (0,8145) size 707x97
                  RenderInline {B} at (0,0) size 276x16
                    RenderInline {A} at (0,0) size 276x16 [color=#0000EE]
                      RenderText {#text} at (0,0) size 276x16
                        text run at (0,0) width 276: "Appendix B. SQL Communications (SQLCA)"
                  RenderBR {BR} at (276,13) size 0x0
                  RenderBR {BR} at (0,16) size 0x16
                  RenderInline {A} at (0,0) size 187x16 [color=#0000EE]
                    RenderText {#text} at (0,32) size 187x16
                      text run at (0,32) width 187: "Viewing the SQLCA Interactively"
                  RenderText {#text} at (187,32) size 4x16
                    text run at (187,32) width 4: " "
                  RenderBR {BR} at (191,45) size 0x0
                  RenderInline {A} at (0,0) size 152x16 [color=#0000EE]
                    RenderText {#text} at (0,48) size 152x16
                      text run at (0,48) width 152: "SQLCA Field Descriptions"
                  RenderText {#text} at (152,48) size 4x16
                    text run at (152,48) width 4: " "
                  RenderBR {BR} at (156,61) size 0x0
                  RenderInline {A} at (0,0) size 137x16 [color=#0000EE]
                    RenderText {#text} at (0,64) size 137x16
                      text run at (0,64) width 137: "Order of Error Reporting"
                  RenderText {#text} at (137,64) size 4x16
                    text run at (137,64) width 4: " "
                  RenderBR {BR} at (141,77) size 0x0
                  RenderInline {A} at (0,0) size 324x16 [color=#0000EE]
                    RenderText {#text} at (0,80) size 324x16
                      text run at (0,80) width 324: "DB2 Enterprise - Extended Edition Usage of the SQLCA"
                  RenderText {#text} at (0,0) size 0x0
                RenderBlock {P} at (0,8254) size 707x177
                  RenderInline {B} at (0,0) size 268x16
                    RenderInline {A} at (0,0) size 268x16 [color=#0000EE]
                      RenderText {#text} at (0,0) size 268x16
                        text run at (0,0) width 268: "Appendix C. SQL Descriptor Area (SQLDA)"
                  RenderBR {BR} at (268,13) size 0x0
                  RenderBR {BR} at (0,16) size 0x16
                  RenderInline {A} at (0,0) size 104x16 [color=#0000EE]
                    RenderText {#text} at (0,32) size 104x16
                      text run at (0,32) width 104: "Field Descriptions"
                  RenderText {#text} at (104,32) size 4x16
                    text run at (104,32) width 4: " "
                  RenderBR {BR} at (108,45) size 0x0
                  RenderInline {A} at (0,0) size 164x16 [color=#0000EE]
                    RenderText {#text} at (0,48) size 164x16
                      text run at (0,48) width 164: "Fields in the SQLDA Header"
                  RenderText {#text} at (164,48) size 4x16
                    text run at (164,48) width 4: " "
                  RenderBR {BR} at (168,61) size 0x0
                  RenderInline {A} at (0,0) size 254x16 [color=#0000EE]
                    RenderText {#text} at (0,64) size 254x16
                      text run at (0,64) width 254: "Fields in an Occurrence of a Base SQLVAR"
                  RenderText {#text} at (254,64) size 4x16
                    text run at (254,64) width 4: " "
                  RenderBR {BR} at (258,77) size 0x0
                  RenderInline {A} at (0,0) size 286x16 [color=#0000EE]
                    RenderText {#text} at (0,80) size 286x16
                      text run at (0,80) width 286: "Fields in an Occurrence of a Secondary SQLVAR"
                  RenderText {#text} at (286,80) size 4x16
                    text run at (286,80) width 4: " "
                  RenderBR {BR} at (290,93) size 0x0
                  RenderInline {A} at (0,0) size 205x16 [color=#0000EE]
                    RenderText {#text} at (0,96) size 205x16
                      text run at (0,96) width 205: "Effect of DESCRIBE on the SQLDA"
                  RenderText {#text} at (205,96) size 4x16
                    text run at (205,96) width 4: " "
                  RenderBR {BR} at (209,109) size 0x0
                  RenderInline {A} at (0,0) size 140x16 [color=#0000EE]
                    RenderText {#text} at (0,112) size 140x16
                      text run at (0,112) width 140: "SQLTYPE and SQLLEN"
                  RenderText {#text} at (140,112) size 4x16
                    text run at (140,112) width 4: " "
                  RenderBR {BR} at (144,125) size 0x0
                  RenderInline {A} at (0,0) size 254x16 [color=#0000EE]
                    RenderText {#text} at (0,128) size 254x16
                      text run at (0,128) width 254: "Unrecognized and Unsupported SQLTYPES"
                  RenderText {#text} at (254,128) size 4x16
                    text run at (254,128) width 4: " "
                  RenderBR {BR} at (258,141) size 0x0
                  RenderInline {A} at (0,0) size 151x16 [color=#0000EE]
                    RenderText {#text} at (0,144) size 151x16
                      text run at (0,144) width 151: "Packed Decimal Numbers"
                  RenderText {#text} at (151,144) size 4x16
                    text run at (151,144) width 4: " "
                  RenderBR {BR} at (155,157) size 0x0
                  RenderInline {A} at (0,0) size 152x16 [color=#0000EE]
                    RenderText {#text} at (0,160) size 152x16
                      text run at (0,160) width 152: "SQLLEN Field for Decimal"
                  RenderText {#text} at (0,0) size 0x0
                RenderBlock {P} at (0,8443) size 707x1169
                  RenderInline {B} at (0,0) size 173x16
                    RenderInline {A} at (0,0) size 173x16 [color=#0000EE]
                      RenderText {#text} at (0,0) size 173x16
                        text run at (0,0) width 173: "Appendix D. Catalog Views"
                  RenderBR {BR} at (173,13) size 0x0
                  RenderBR {BR} at (0,16) size 0x16
                  RenderInline {A} at (0,0) size 145x16 [color=#0000EE]
                    RenderText {#text} at (0,32) size 145x16
                      text run at (0,32) width 145: "Updatable Catalog Views"
                  RenderText {#text} at (145,32) size 4x16
                    text run at (145,32) width 4: " "
                  RenderBR {BR} at (149,45) size 0x0
                  RenderInline {A} at (0,0) size 161x16 [color=#0000EE]
                    RenderText {#text} at (0,48) size 161x16
                      text run at (0,48) width 161: "'Roadmap' to Catalog Views"
                  RenderText {#text} at (161,48) size 4x16
                    text run at (161,48) width 4: " "
                  RenderBR {BR} at (165,61) size 0x0
                  RenderInline {A} at (0,0) size 223x16 [color=#0000EE]
                    RenderText {#text} at (0,64) size 223x16
                      text run at (0,64) width 223: "'Roadmap' to Updatable Catalog Views"
                  RenderText {#text} at (223,64) size 4x16
                    text run at (223,64) width 4: " "
                  RenderBR {BR} at (227,77) size 0x0
                  RenderInline {A} at (0,0) size 137x16 [color=#0000EE]
                    RenderText {#text} at (0,80) size 137x16
                      text run at (0,80) width 137: "SYSIBM.SYSDUMMY1"
                  RenderText {#text} at (137,80) size 4x16
                    text run at (137,80) width 4: " "
                  RenderBR {BR} at (141,93) size 0x0
                  RenderInline {A} at (0,0) size 134x16 [color=#0000EE]
                    RenderText {#text} at (0,96) size 134x16
                      text run at (0,96) width 134: "SYSCAT.ATTRIBUTES"
                  RenderText {#text} at (134,96) size 4x16
                    text run at (134,96) width 4: " "
                  RenderBR {BR} at (138,109) size 0x0
                  RenderInline {A} at (0,0) size 190x16 [color=#0000EE]
                    RenderText {#text} at (0,112) size 190x16
                      text run at (0,112) width 190: "SYSCAT.BUFFERPOOLNODES"
                  RenderText {#text} at (190,112) size 4x16
                    text run at (190,112) width 4: " "
                  RenderBR {BR} at (194,125) size 0x0
                  RenderInline {A} at (0,0) size 153x16 [color=#0000EE]
                    RenderText {#text} at (0,128) size 153x16
                      text run at (0,128) width 153: "SYSCAT.BUFFERPOOLS"
                  RenderText {#text} at (153,128) size 4x16
                    text run at (153,128) width 4: " "
                  RenderBR {BR} at (157,141) size 0x0
                  RenderInline {A} at (0,0) size 163x16 [color=#0000EE]
                    RenderText {#text} at (0,144) size 163x16
                      text run at (0,144) width 163: "SYSCAT.CASTFUNCTIONS"
                  RenderText {#text} at (163,144) size 4x16
                    text run at (163,144) width 4: " "
                  RenderBR {BR} at (167,157) size 0x0
                  RenderInline {A} at (0,0) size 110x16 [color=#0000EE]
                    RenderText {#text} at (0,160) size 110x16
                      text run at (0,160) width 110: "SYSCAT.CHECKS"
                  RenderText {#text} at (110,160) size 4x16
                    text run at (110,160) width 4: " "
                  RenderBR {BR} at (114,173) size 0x0
                  RenderInline {A} at (0,0) size 116x16 [color=#0000EE]
                    RenderText {#text} at (0,176) size 116x16
                      text run at (0,176) width 116: "SYSCAT.COLAUTH"
                  RenderText {#text} at (116,176) size 4x16
                    text run at (116,176) width 4: " "
                  RenderBR {BR} at (120,189) size 0x0
                  RenderInline {A} at (0,0) size 136x16 [color=#0000EE]
                    RenderText {#text} at (0,192) size 136x16
                      text run at (0,192) width 136: "SYSCAT.COLCHECKS"
                  RenderText {#text} at (136,192) size 4x16
                    text run at (136,192) width 4: " "
                  RenderBR {BR} at (140,205) size 0x0
                  RenderInline {A} at (0,0) size 110x16 [color=#0000EE]
                    RenderText {#text} at (0,208) size 110x16
                      text run at (0,208) width 110: "SYSCAT.COLDIST"
                  RenderText {#text} at (110,208) size 4x16
                    text run at (110,208) width 4: " "
                  RenderBR {BR} at (114,221) size 0x0
                  RenderInline {A} at (0,0) size 139x16 [color=#0000EE]
                    RenderText {#text} at (0,224) size 139x16
                      text run at (0,224) width 139: "SYSCAT.COLOPTIONS"
                  RenderText {#text} at (139,224) size 4x16
                    text run at (139,224) width 4: " "
                  RenderBR {BR} at (143,237) size 0x0
                  RenderInline {A} at (0,0) size 120x16 [color=#0000EE]
                    RenderText {#text} at (0,240) size 120x16
                      text run at (0,240) width 120: "SYSCAT.COLUMNS"
                  RenderText {#text} at (120,240) size 4x16
                    text run at (120,240) width 4: " "
                  RenderBR {BR} at (124,253) size 0x0
                  RenderInline {A} at (0,0) size 127x16 [color=#0000EE]
                    RenderText {#text} at (0,256) size 127x16
                      text run at (0,256) width 127: "SYSCAT.CONSTDEP"
                  RenderText {#text} at (127,256) size 4x16
                    text run at (127,256) width 4: " "
                  RenderBR {BR} at (131,269) size 0x0
                  RenderInline {A} at (0,0) size 133x16 [color=#0000EE]
                    RenderText {#text} at (0,272) size 133x16
                      text run at (0,272) width 133: "SYSCAT.DATATYPES"
                  RenderText {#text} at (133,272) size 4x16
                    text run at (133,272) width 4: " "
                  RenderBR {BR} at (137,285) size 0x0
                  RenderInline {A} at (0,0) size 108x16 [color=#0000EE]
                    RenderText {#text} at (0,288) size 108x16
                      text run at (0,288) width 108: "SYSCAT.DBAUTH"
                  RenderText {#text} at (108,288) size 4x16
                    text run at (108,288) width 4: " "
                  RenderBR {BR} at (112,301) size 0x0
                  RenderInline {A} at (0,0) size 167x16 [color=#0000EE]
                    RenderText {#text} at (0,304) size 167x16
                      text run at (0,304) width 167: "SYSCAT.EVENTMONITORS"
                  RenderText {#text} at (167,304) size 4x16
                    text run at (167,304) width 4: " "
                  RenderBR {BR} at (171,317) size 0x0
                  RenderInline {A} at (0,0) size 108x16 [color=#0000EE]
                    RenderText {#text} at (0,320) size 108x16
                      text run at (0,320) width 108: "SYSCAT.EVENTS"
                  RenderText {#text} at (108,320) size 4x16
                    text run at (108,320) width 4: " "
                  RenderBR {BR} at (112,333) size 0x0
                  RenderInline {A} at (0,0) size 174x16 [color=#0000EE]
                    RenderText {#text} at (0,336) size 174x16
                      text run at (0,336) width 174: "SYSCAT.FULLHIERARCHIES"
                  RenderText {#text} at (174,336) size 4x16
                    text run at (174,336) width 4: " "
                  RenderBR {BR} at (178,349) size 0x0
                  RenderInline {A} at (0,0) size 118x16 [color=#0000EE]
                    RenderText {#text} at (0,352) size 118x16
                      text run at (0,352) width 118: "SYSCAT.FUNCDEP"
                  RenderText {#text} at (118,352) size 4x16
                    text run at (118,352) width 4: " "
                  RenderBR {BR} at (122,365) size 0x0
                  RenderInline {A} at (0,0) size 177x16 [color=#0000EE]
                    RenderText {#text} at (0,368) size 177x16
                      text run at (0,368) width 177: "SYSCAT.FUNCMAPOPTIONS"
                  RenderText {#text} at (177,368) size 4x16
                    text run at (177,368) width 4: " "
                  RenderBR {BR} at (181,381) size 0x0
                  RenderInline {A} at (0,0) size 215x16 [color=#0000EE]
                    RenderText {#text} at (0,384) size 215x16
                      text run at (0,384) width 215: "SYSCAT.FUNCMAPPARMOPTIONS"
                  RenderText {#text} at (215,384) size 4x16
                    text run at (215,384) width 4: " "
                  RenderBR {BR} at (219,397) size 0x0
                  RenderInline {A} at (0,0) size 160x16 [color=#0000EE]
                    RenderText {#text} at (0,400) size 160x16
                      text run at (0,400) width 160: "SYSCAT.FUNCMAPPINGS"
                  RenderText {#text} at (160,400) size 4x16
                    text run at (160,400) width 4: " "
                  RenderBR {BR} at (164,413) size 0x0
                  RenderInline {A} at (0,0) size 138x16 [color=#0000EE]
                    RenderText {#text} at (0,416) size 138x16
                      text run at (0,416) width 138: "SYSCAT.FUNCPARMS"
                  RenderText {#text} at (138,416) size 4x16
                    text run at (138,416) width 4: " "
                  RenderBR {BR} at (142,429) size 0x0
                  RenderInline {A} at (0,0) size 129x16 [color=#0000EE]
                    RenderText {#text} at (0,432) size 129x16
                      text run at (0,432) width 129: "SYSCAT.FUNCTIONS"
                  RenderText {#text} at (129,432) size 4x16
                    text run at (129,432) width 4: " "
                  RenderBR {BR} at (133,445) size 0x0
                  RenderInline {A} at (0,0) size 143x16 [color=#0000EE]
                    RenderText {#text} at (0,448) size 143x16
                      text run at (0,448) width 143: "SYSCAT.HIERARCHIES"
                  RenderText {#text} at (143,448) size 4x16
                    text run at (143,448) width 4: " "
                  RenderBR {BR} at (147,461) size 0x0
                  RenderInline {A} at (0,0) size 127x16 [color=#0000EE]
                    RenderText {#text} at (0,464) size 127x16
                      text run at (0,464) width 127: "SYSCAT.INDEXAUTH"
                  RenderText {#text} at (127,464) size 4x16
                    text run at (127,464) width 4: " "
                  RenderBR {BR} at (131,477) size 0x0
                  RenderInline {A} at (0,0) size 146x16 [color=#0000EE]
                    RenderText {#text} at (0,480) size 146x16
                      text run at (0,480) width 146: "SYSCAT.INDEXCOLUSE"
                  RenderText {#text} at (146,480) size 4x16
                    text run at (146,480) width 4: " "
                  RenderBR {BR} at (150,493) size 0x0
                  RenderInline {A} at (0,0) size 120x16 [color=#0000EE]
                    RenderText {#text} at (0,496) size 120x16
                      text run at (0,496) width 120: "SYSCAT.INDEXDEP"
                  RenderText {#text} at (120,496) size 4x16
                    text run at (120,496) width 4: " "
                  RenderBR {BR} at (124,509) size 0x0
                  RenderInline {A} at (0,0) size 111x16 [color=#0000EE]
                    RenderText {#text} at (0,512) size 111x16
                      text run at (0,512) width 111: "SYSCAT.INDEXES"
                  RenderText {#text} at (111,512) size 4x16
                    text run at (111,512) width 4: " "
                  RenderBR {BR} at (115,525) size 0x0
                  RenderInline {A} at (0,0) size 150x16 [color=#0000EE]
                    RenderText {#text} at (0,528) size 150x16
                      text run at (0,528) width 150: "SYSCAT.INDEXOPTIONS"
                  RenderText {#text} at (150,528) size 4x16
                    text run at (150,528) width 4: " "
                  RenderBR {BR} at (154,541) size 0x0
                  RenderInline {A} at (0,0) size 136x16 [color=#0000EE]
                    RenderText {#text} at (0,544) size 136x16
                      text run at (0,544) width 136: "SYSCAT.KEYCOLUSE"
                  RenderText {#text} at (136,544) size 4x16
                    text run at (136,544) width 4: " "
                  RenderBR {BR} at (140,557) size 0x0
                  RenderInline {A} at (0,0) size 163x16 [color=#0000EE]
                    RenderText {#text} at (0,560) size 163x16
                      text run at (0,560) width 163: "SYSCAT.NAMEMAPPINGS"
                  RenderText {#text} at (163,560) size 4x16
                    text run at (163,560) width 4: " "
                  RenderBR {BR} at (167,573) size 0x0
                  RenderInline {A} at (0,0) size 166x16 [color=#0000EE]
                    RenderText {#text} at (0,576) size 166x16
                      text run at (0,576) width 166: "SYSCAT.NODEGROUPDEF"
                  RenderText {#text} at (166,576) size 4x16
                    text run at (166,576) width 4: " "
                  RenderBR {BR} at (170,589) size 0x0
                  RenderInline {A} at (0,0) size 149x16 [color=#0000EE]
                    RenderText {#text} at (0,592) size 149x16
                      text run at (0,592) width 149: "SYSCAT.NODEGROUPS"
                  RenderText {#text} at (149,592) size 4x16
                    text run at (149,592) width 4: " "
                  RenderBR {BR} at (153,605) size 0x0
                  RenderInline {A} at (0,0) size 154x16 [color=#0000EE]
                    RenderText {#text} at (0,608) size 154x16
                      text run at (0,608) width 154: "SYSCAT.PACKAGEAUTH"
                  RenderText {#text} at (154,608) size 4x16
                    text run at (154,608) width 4: " "
                  RenderBR {BR} at (158,621) size 0x0
                  RenderInline {A} at (0,0) size 147x16 [color=#0000EE]
                    RenderText {#text} at (0,624) size 147x16
                      text run at (0,624) width 147: "SYSCAT.PACKAGEDEP"
                  RenderText {#text} at (147,624) size 4x16
                    text run at (147,624) width 4: " "
                  RenderBR {BR} at (151,637) size 0x0
                  RenderInline {A} at (0,0) size 129x16 [color=#0000EE]
                    RenderText {#text} at (0,640) size 129x16
                      text run at (0,640) width 129: "SYSCAT.PACKAGES"
                  RenderText {#text} at (129,640) size 4x16
                    text run at (129,640) width 4: " "
                  RenderBR {BR} at (133,653) size 0x0
                  RenderInline {A} at (0,0) size 160x16 [color=#0000EE]
                    RenderText {#text} at (0,656) size 160x16
                      text run at (0,656) width 160: "SYSCAT.PARTITIONMAPS"
                  RenderText {#text} at (160,656) size 4x16
                    text run at (160,656) width 4: " "
                  RenderBR {BR} at (164,669) size 0x0
                  RenderInline {A} at (0,0) size 160x16 [color=#0000EE]
                    RenderText {#text} at (0,672) size 160x16
                      text run at (0,672) width 160: "SYSCAT.PASSTHRUAUTH"
                  RenderText {#text} at (160,672) size 4x16
                    text run at (160,672) width 4: " "
                  RenderBR {BR} at (164,685) size 0x0
                  RenderInline {A} at (0,0) size 147x16 [color=#0000EE]
                    RenderText {#text} at (0,688) size 147x16
                      text run at (0,688) width 147: "SYSCAT.PROCEDURES"
                  RenderText {#text} at (147,688) size 4x16
                    text run at (147,688) width 4: " "
                  RenderBR {BR} at (151,701) size 0x0
                  RenderInline {A} at (0,0) size 150x16 [color=#0000EE]
                    RenderText {#text} at (0,704) size 150x16
                      text run at (0,704) width 150: "SYSCAT.PROCOPTIONS"
                  RenderText {#text} at (150,704) size 4x16
                    text run at (150,704) width 4: " "
                  RenderBR {BR} at (154,717) size 0x0
                  RenderInline {A} at (0,0) size 188x16 [color=#0000EE]
                    RenderText {#text} at (0,720) size 188x16
                      text run at (0,720) width 188: "SYSCAT.PROCPARMOPTIONS"
                  RenderText {#text} at (188,720) size 4x16
                    text run at (188,720) width 4: " "
                  RenderBR {BR} at (192,733) size 0x0
                  RenderInline {A} at (0,0) size 140x16 [color=#0000EE]
                    RenderText {#text} at (0,736) size 140x16
                      text run at (0,736) width 140: "SYSCAT.PROCPARMS"
                  RenderText {#text} at (140,736) size 4x16
                    text run at (140,736) width 4: " "
                  RenderBR {BR} at (144,749) size 0x0
                  RenderInline {A} at (0,0) size 145x16 [color=#0000EE]
                    RenderText {#text} at (0,752) size 145x16
                      text run at (0,752) width 145: "SYSCAT.REFERENCES"
                  RenderText {#text} at (145,752) size 4x16
                    text run at (145,752) width 4: " "
                  RenderBR {BR} at (149,765) size 0x0
                  RenderInline {A} at (0,0) size 186x16 [color=#0000EE]
                    RenderText {#text} at (0,768) size 186x16
                      text run at (0,768) width 186: "SYSCAT.REVTYPEMAPPINGS"
                  RenderText {#text} at (186,768) size 4x16
                    text run at (186,768) width 4: " "
                  RenderBR {BR} at (190,781) size 0x0
                  RenderInline {A} at (0,0) size 146x16 [color=#0000EE]
                    RenderText {#text} at (0,784) size 146x16
                      text run at (0,784) width 146: "SYSCAT.SCHEMAAUTH"
                  RenderText {#text} at (146,784) size 4x16
                    text run at (146,784) width 4: " "
                  RenderBR {BR} at (150,797) size 0x0
                  RenderInline {A} at (0,0) size 128x16 [color=#0000EE]
                    RenderText {#text} at (0,800) size 128x16
                      text run at (0,800) width 128: "SYSCAT.SCHEMATA"
                  RenderText {#text} at (128,800) size 4x16
                    text run at (128,800) width 4: " "
                  RenderBR {BR} at (132,813) size 0x0
                  RenderInline {A} at (0,0) size 167x16 [color=#0000EE]
                    RenderText {#text} at (0,816) size 167x16
                      text run at (0,816) width 167: "SYSCAT.SERVEROPTIONS"
                  RenderText {#text} at (167,816) size 4x16
                    text run at (167,816) width 4: " "
                  RenderBR {BR} at (171,829) size 0x0
                  RenderInline {A} at (0,0) size 119x16 [color=#0000EE]
                    RenderText {#text} at (0,832) size 119x16
                      text run at (0,832) width 119: "SYSCAT.SERVERS"
                  RenderText {#text} at (119,832) size 4x16
                    text run at (119,832) width 4: " "
                  RenderBR {BR} at (123,845) size 0x0
                  RenderInline {A} at (0,0) size 142x16 [color=#0000EE]
                    RenderText {#text} at (0,848) size 142x16
                      text run at (0,848) width 142: "SYSCAT.STATEMENTS"
                  RenderText {#text} at (142,848) size 4x16
                    text run at (142,848) width 4: " "
                  RenderBR {BR} at (146,861) size 0x0
                  RenderInline {A} at (0,0) size 115x16 [color=#0000EE]
                    RenderText {#text} at (0,864) size 115x16
                      text run at (0,864) width 115: "SYSCAT.TABAUTH"
                  RenderText {#text} at (115,864) size 4x16
                    text run at (115,864) width 4: " "
                  RenderBR {BR} at (119,877) size 0x0
                  RenderInline {A} at (0,0) size 125x16 [color=#0000EE]
                    RenderText {#text} at (0,880) size 125x16
                      text run at (0,880) width 125: "SYSCAT.TABCONST"
                  RenderText {#text} at (125,880) size 4x16
                    text run at (125,880) width 4: " "
                  RenderBR {BR} at (129,893) size 0x0
                  RenderInline {A} at (0,0) size 106x16 [color=#0000EE]
                    RenderText {#text} at (0,896) size 106x16
                      text run at (0,896) width 106: "SYSCAT.TABLES"
                  RenderText {#text} at (106,896) size 4x16
                    text run at (106,896) width 4: " "
                  RenderBR {BR} at (110,909) size 0x0
                  RenderInline {A} at (0,0) size 151x16 [color=#0000EE]
                    RenderText {#text} at (0,912) size 151x16
                      text run at (0,912) width 151: "SYSCAT.TABLESPACES"
                  RenderText {#text} at (151,912) size 4x16
                    text run at (151,912) width 4: " "
                  RenderBR {BR} at (155,925) size 0x0
                  RenderInline {A} at (0,0) size 138x16 [color=#0000EE]
                    RenderText {#text} at (0,928) size 138x16
                      text run at (0,928) width 138: "SYSCAT.TABOPTIONS"
                  RenderText {#text} at (138,928) size 4x16
                    text run at (138,928) width 4: " "
                  RenderBR {BR} at (142,941) size 0x0
                  RenderInline {A} at (0,0) size 151x16 [color=#0000EE]
                    RenderText {#text} at (0,944) size 151x16
                      text run at (0,944) width 151: "SYSCAT.TBSPACEAUTH"
                  RenderText {#text} at (151,944) size 4x16
                    text run at (151,944) width 4: " "
                  RenderBR {BR} at (155,957) size 0x0
                  RenderInline {A} at (0,0) size 112x16 [color=#0000EE]
                    RenderText {#text} at (0,960) size 112x16
                      text run at (0,960) width 112: "SYSCAT.TRIGDEP"
                  RenderText {#text} at (112,960) size 4x16
                    text run at (112,960) width 4: " "
                  RenderBR {BR} at (116,973) size 0x0
                  RenderInline {A} at (0,0) size 122x16 [color=#0000EE]
                    RenderText {#text} at (0,976) size 122x16
                      text run at (0,976) width 122: "SYSCAT.TRIGGERS"
                  RenderText {#text} at (122,976) size 4x16
                    text run at (122,976) width 4: " "
                  RenderBR {BR} at (126,989) size 0x0
                  RenderInline {A} at (0,0) size 159x16 [color=#0000EE]
                    RenderText {#text} at (0,992) size 159x16
                      text run at (0,992) width 159: "SYSCAT.TYPEMAPPINGS"
                  RenderText {#text} at (159,992) size 4x16
                    text run at (159,992) width 4: " "
                  RenderBR {BR} at (163,1005) size 0x0
                  RenderInline {A} at (0,0) size 149x16 [color=#0000EE]
                    RenderText {#text} at (0,1008) size 149x16
                      text run at (0,1008) width 149: "SYSCAT.USEROPTIONS"
                  RenderText {#text} at (149,1008) size 4x16
                    text run at (149,1008) width 4: " "
                  RenderBR {BR} at (153,1021) size 0x0
                  RenderInline {A} at (0,0) size 117x16 [color=#0000EE]
                    RenderText {#text} at (0,1024) size 117x16
                      text run at (0,1024) width 117: "SYSCAT.VIEWDEP"
                  RenderText {#text} at (117,1024) size 4x16
                    text run at (117,1024) width 4: " "
                  RenderBR {BR} at (121,1037) size 0x0
                  RenderInline {A} at (0,0) size 99x16 [color=#0000EE]
                    RenderText {#text} at (0,1040) size 99x16
                      text run at (0,1040) width 99: "SYSCAT.VIEWS"
                  RenderText {#text} at (99,1040) size 4x16
                    text run at (99,1040) width 4: " "
                  RenderBR {BR} at (103,1053) size 0x0
                  RenderInline {A} at (0,0) size 153x16 [color=#0000EE]
                    RenderText {#text} at (0,1056) size 153x16
                      text run at (0,1056) width 153: "SYSCAT.WRAPOPTIONS"
                  RenderText {#text} at (153,1056) size 4x16
                    text run at (153,1056) width 4: " "
                  RenderBR {BR} at (157,1069) size 0x0
                  RenderInline {A} at (0,0) size 132x16 [color=#0000EE]
                    RenderText {#text} at (0,1072) size 132x16
                      text run at (0,1072) width 132: "SYSCAT.WRAPPERS"
                  RenderText {#text} at (132,1072) size 4x16
                    text run at (132,1072) width 4: " "
                  RenderBR {BR} at (136,1085) size 0x0
                  RenderInline {A} at (0,0) size 117x16 [color=#0000EE]
                    RenderText {#text} at (0,1088) size 117x16
                      text run at (0,1088) width 117: "SYSSTAT.COLDIST"
                  RenderText {#text} at (117,1088) size 4x16
                    text run at (117,1088) width 4: " "
                  RenderBR {BR} at (121,1101) size 0x0
                  RenderInline {A} at (0,0) size 127x16 [color=#0000EE]
                    RenderText {#text} at (0,1104) size 127x16
                      text run at (0,1104) width 127: "SYSSTAT.COLUMNS"
                  RenderText {#text} at (127,1104) size 4x16
                    text run at (127,1104) width 4: " "
                  RenderBR {BR} at (131,1117) size 0x0
                  RenderInline {A} at (0,0) size 136x16 [color=#0000EE]
                    RenderText {#text} at (0,1120) size 136x16
                      text run at (0,1120) width 136: "SYSSTAT.FUNCTIONS"
                  RenderText {#text} at (136,1120) size 4x16
                    text run at (136,1120) width 4: " "
                  RenderBR {BR} at (140,1133) size 0x0
                  RenderInline {A} at (0,0) size 118x16 [color=#0000EE]
                    RenderText {#text} at (0,1136) size 118x16
                      text run at (0,1136) width 118: "SYSSTAT.INDEXES"
                  RenderText {#text} at (118,1136) size 4x16
                    text run at (118,1136) width 4: " "
                  RenderBR {BR} at (122,1149) size 0x0
                  RenderInline {A} at (0,0) size 113x16 [color=#0000EE]
                    RenderText {#text} at (0,1152) size 113x16
                      text run at (0,1152) width 113: "SYSSTAT.TABLES"
                  RenderText {#text} at (0,0) size 0x0
                RenderBlock {P} at (0,9624) size 707x177
                  RenderInline {B} at (0,0) size 368x16
                    RenderInline {A} at (0,0) size 368x16 [color=#0000EE]
                      RenderText {#text} at (0,0) size 368x16
                        text run at (0,0) width 368: "Appendix E. Catalog Views For Use With Structured Types"
                  RenderBR {BR} at (368,13) size 0x0
                  RenderBR {BR} at (0,16) size 0x16
                  RenderInline {A} at (0,0) size 161x16 [color=#0000EE]
                    RenderText {#text} at (0,32) size 161x16
                      text run at (0,32) width 161: "'Roadmap' to Catalog Views"
                  RenderText {#text} at (161,32) size 4x16
                    text run at (161,32) width 4: " "
                  RenderBR {BR} at (165,45) size 0x0
                  RenderInline {A} at (0,0) size 109x16 [color=#0000EE]
                    RenderText {#text} at (0,48) size 109x16
                      text run at (0,48) width 109: "OBJCAT.INDEXES"
                  RenderText {#text} at (109,48) size 4x16
                    text run at (109,48) width 4: " "
                  RenderBR {BR} at (113,61) size 0x0
                  RenderInline {A} at (0,0) size 186x16 [color=#0000EE]
                    RenderText {#text} at (0,64) size 186x16
                      text run at (0,64) width 186: "OBJCAT.INDEXEXPLOITRULES"
                  RenderText {#text} at (186,64) size 4x16
                    text run at (186,64) width 4: " "
                  RenderBR {BR} at (190,77) size 0x0
                  RenderInline {A} at (0,0) size 190x16 [color=#0000EE]
                    RenderText {#text} at (0,80) size 190x16
                      text run at (0,80) width 190: "OBJCAT.INDEXEXTENSIONDEP"
                  RenderText {#text} at (190,80) size 4x16
                    text run at (190,80) width 4: " "
                  RenderBR {BR} at (194,93) size 0x0
                  RenderInline {A} at (0,0) size 227x16 [color=#0000EE]
                    RenderText {#text} at (0,96) size 227x16
                      text run at (0,96) width 227: "OBJCAT.INDEXEXTENSIONMETHODS"
                  RenderText {#text} at (227,96) size 4x16
                    text run at (227,96) width 4: " "
                  RenderBR {BR} at (231,109) size 0x0
                  RenderInline {A} at (0,0) size 210x16 [color=#0000EE]
                    RenderText {#text} at (0,112) size 210x16
                      text run at (0,112) width 210: "OBJCAT.INDEXEXTENSIONPARMS"
                  RenderText {#text} at (210,112) size 4x16
                    text run at (210,112) width 4: " "
                  RenderBR {BR} at (214,125) size 0x0
                  RenderInline {A} at (0,0) size 172x16 [color=#0000EE]
                    RenderText {#text} at (0,128) size 172x16
                      text run at (0,128) width 172: "OBJCAT.INDEXEXTENSIONS"
                  RenderText {#text} at (172,128) size 4x16
                    text run at (172,128) width 4: " "
                  RenderBR {BR} at (176,141) size 0x0
                  RenderInline {A} at (0,0) size 172x16 [color=#0000EE]
                    RenderText {#text} at (0,144) size 172x16
                      text run at (0,144) width 172: "OBJCAT.PREDICATESPECS"
                  RenderText {#text} at (172,144) size 4x16
                    text run at (172,144) width 4: " "
                  RenderBR {BR} at (176,157) size 0x0
                  RenderInline {A} at (0,0) size 144x16 [color=#0000EE]
                    RenderText {#text} at (0,160) size 144x16
                      text run at (0,160) width 144: "OBJCAT.TRANSFORMS"
                  RenderText {#text} at (0,0) size 0x0
                RenderBlock {P} at (0,9813) size 707x257
                  RenderInline {B} at (0,0) size 202x16
                    RenderInline {A} at (0,0) size 202x16 [color=#0000EE]
                      RenderText {#text} at (0,0) size 202x16
                        text run at (0,0) width 202: "Appendix F. Federated Systems"
                  RenderBR {BR} at (202,13) size 0x0
                  RenderBR {BR} at (0,16) size 0x16
                  RenderInline {A} at (0,0) size 75x16 [color=#0000EE]
                    RenderText {#text} at (0,32) size 75x16
                      text run at (0,32) width 75: "Server Types"
                  RenderText {#text} at (75,32) size 4x16
                    text run at (75,32) width 4: " "
                  RenderBR {BR} at (79,45) size 0x0
                  RenderInline {A} at (0,0) size 211x16 [color=#0000EE]
                    RenderText {#text} at (0,48) size 211x16
                      text run at (0,48) width 211: "SQL Options for Federated Systems"
                  RenderText {#text} at (211,48) size 4x16
                    text run at (211,48) width 4: " "
                  RenderBR {BR} at (215,61) size 0x0
                  RenderInline {A} at (0,0) size 93x16 [color=#0000EE]
                    RenderText {#text} at (0,64) size 93x16
                      text run at (0,64) width 93: "Column Options"
                  RenderText {#text} at (93,64) size 4x16
                    text run at (93,64) width 4: " "
                  RenderBR {BR} at (97,77) size 0x0
                  RenderInline {A} at (0,0) size 152x16 [color=#0000EE]
                    RenderText {#text} at (0,80) size 152x16
                      text run at (0,80) width 152: "Function Mapping Options"
                  RenderText {#text} at (152,80) size 4x16
                    text run at (152,80) width 4: " "
                  RenderBR {BR} at (156,93) size 0x0
                  RenderInline {A} at (0,0) size 85x16 [color=#0000EE]
                    RenderText {#text} at (0,96) size 85x16
                      text run at (0,96) width 85: "Server Options"
                  RenderText {#text} at (85,96) size 4x16
                    text run at (85,96) width 4: " "
                  RenderBR {BR} at (89,109) size 0x0
                  RenderInline {A} at (0,0) size 76x16 [color=#0000EE]
                    RenderText {#text} at (0,112) size 76x16
                      text run at (0,112) width 76: "User Options"
                  RenderText {#text} at (76,112) size 4x16
                    text run at (76,112) width 4: " "
                  RenderBR {BR} at (80,125) size 0x0
                  RenderInline {A} at (0,0) size 163x16 [color=#0000EE]
                    RenderText {#text} at (0,128) size 163x16
                      text run at (0,128) width 163: "Default Data Type Mappings"
                  RenderText {#text} at (163,128) size 4x16
                    text run at (163,128) width 4: " "
                  RenderBR {BR} at (167,141) size 0x0
                  RenderInline {A} at (0,0) size 675x16 [color=#0000EE]
                    RenderText {#text} at (0,144) size 675x16
                      text run at (0,144) width 675: "Default Type Mappings between DB2 and DB2 Universal Database for OS/390 (and DB2 for MVS/ESA) Data Sources"
                  RenderText {#text} at (675,144) size 4x16
                    text run at (675,144) width 4: " "
                  RenderBR {BR} at (679,157) size 0x0
                  RenderInline {A} at (0,0) size 640x16 [color=#0000EE]
                    RenderText {#text} at (0,160) size 640x16
                      text run at (0,160) width 640: "Default Type Mappings between DB2 and 2 Universal Database for AS/400 (and DB2 for OS/400) Data Sources"
                  RenderText {#text} at (640,160) size 4x16
                    text run at (640,160) width 4: " "
                  RenderBR {BR} at (644,173) size 0x0
                  RenderInline {A} at (0,0) size 363x16 [color=#0000EE]
                    RenderText {#text} at (0,176) size 363x16
                      text run at (0,176) width 363: "Default Type Mappings between DB2 and Oracle Data Sources"
                  RenderText {#text} at (363,176) size 4x16
                    text run at (363,176) width 4: " "
                  RenderBR {BR} at (367,189) size 0x0
                  RenderInline {A} at (0,0) size 533x16 [color=#0000EE]
                    RenderText {#text} at (0,192) size 533x16
                      text run at (0,192) width 533: "Default Type Mappings between DB2 and DB2 for VM and VSE (and SQL/DS) Data Sources"
                  RenderText {#text} at (533,192) size 4x16
                    text run at (533,192) width 4: " "
                  RenderBR {BR} at (537,205) size 0x0
                  RenderInline {A} at (0,0) size 195x16 [color=#0000EE]
                    RenderText {#text} at (0,208) size 195x16
                      text run at (0,208) width 195: "Pass-Through Facility Processing"
                  RenderText {#text} at (195,208) size 4x16
                    text run at (195,208) width 4: " "
                  RenderBR {BR} at (199,221) size 0x0
                  RenderInline {A} at (0,0) size 251x16 [color=#0000EE]
                    RenderText {#text} at (0,224) size 251x16
                      text run at (0,224) width 251: "SQL Processing in Pass-Through Sessions"
                  RenderText {#text} at (251,224) size 4x16
                    text run at (251,224) width 4: " "
                  RenderBR {BR} at (255,237) size 0x0
                  RenderInline {A} at (0,0) size 184x16 [color=#0000EE]
                    RenderText {#text} at (0,240) size 184x16
                      text run at (0,240) width 184: "Considerations and Restrictions"
                  RenderText {#text} at (0,0) size 0x0
                RenderBlock {P} at (0,10082) size 707x417
                  RenderInline {B} at (0,0) size 241x16
                    RenderInline {A} at (0,0) size 241x16 [color=#0000EE]
                      RenderText {#text} at (0,0) size 241x16
                        text run at (0,0) width 241: "Appendix G. Sample Database Tables"
                  RenderBR {BR} at (241,13) size 0x0
                  RenderBR {BR} at (0,16) size 0x16
                  RenderInline {A} at (0,0) size 128x16 [color=#0000EE]
                    RenderText {#text} at (0,32) size 128x16
                      text run at (0,32) width 128: "The Sample Database"
                  RenderText {#text} at (128,32) size 4x16
                    text run at (128,32) width 4: " "
                  RenderBR {BR} at (132,45) size 0x0
                  RenderInline {A} at (0,0) size 185x16 [color=#0000EE]
                    RenderText {#text} at (0,48) size 185x16
                      text run at (0,48) width 185: "To Create the Sample Database"
                  RenderText {#text} at (185,48) size 4x16
                    text run at (185,48) width 4: " "
                  RenderBR {BR} at (189,61) size 0x0
                  RenderInline {A} at (0,0) size 181x16 [color=#0000EE]
                    RenderText {#text} at (0,64) size 181x16
                      text run at (0,64) width 181: "To Erase the Sample Database"
                  RenderText {#text} at (181,64) size 4x16
                    text run at (181,64) width 4: " "
                  RenderBR {BR} at (185,77) size 0x0
                  RenderInline {A} at (0,0) size 103x16 [color=#0000EE]
                    RenderText {#text} at (0,80) size 103x16
                      text run at (0,80) width 103: "CL_SCHED Table"
                  RenderText {#text} at (103,80) size 4x16
                    text run at (103,80) width 4: " "
                  RenderBR {BR} at (107,93) size 0x0
                  RenderInline {A} at (0,0) size 123x16 [color=#0000EE]
                    RenderText {#text} at (0,96) size 123x16
                      text run at (0,96) width 123: "DEPARTMENT Table"
                  RenderText {#text} at (123,96) size 4x16
                    text run at (123,96) width 4: " "
                  RenderBR {BR} at (127,109) size 0x0
                  RenderInline {A} at (0,0) size 108x16 [color=#0000EE]
                    RenderText {#text} at (0,112) size 108x16
                      text run at (0,112) width 108: "EMPLOYEE Table"
                  RenderText {#text} at (108,112) size 4x16
                    text run at (108,112) width 4: " "
                  RenderBR {BR} at (112,125) size 0x0
                  RenderInline {A} at (0,0) size 96x16 [color=#0000EE]
                    RenderText {#text} at (0,128) size 96x16
                      text run at (0,128) width 96: "EMP_ACT Table"
                  RenderText {#text} at (96,128) size 4x16
                    text run at (96,128) width 4: " "
                  RenderBR {BR} at (100,141) size 0x0
                  RenderInline {A} at (0,0) size 116x16 [color=#0000EE]
                    RenderText {#text} at (0,144) size 116x16
                      text run at (0,144) width 116: "EMP_PHOTO Table"
                  RenderText {#text} at (116,144) size 4x16
                    text run at (116,144) width 4: " "
                  RenderBR {BR} at (120,157) size 0x0
                  RenderInline {A} at (0,0) size 127x16 [color=#0000EE]
                    RenderText {#text} at (0,160) size 127x16
                      text run at (0,160) width 127: "EMP_RESUME Table"
                  RenderText {#text} at (127,160) size 4x16
                    text run at (127,160) width 4: " "
                  RenderBR {BR} at (131,173) size 0x0
                  RenderInline {A} at (0,0) size 88x16 [color=#0000EE]
                    RenderText {#text} at (0,176) size 88x16
                      text run at (0,176) width 88: "IN_TRAY Table"
                  RenderText {#text} at (88,176) size 4x16
                    text run at (88,176) width 4: " "
                  RenderBR {BR} at (92,189) size 0x0
                  RenderInline {A} at (0,0) size 64x16 [color=#0000EE]
                    RenderText {#text} at (0,192) size 64x16
                      text run at (0,192) width 64: "ORG Table"
                  RenderText {#text} at (64,192) size 4x16
                    text run at (64,192) width 4: " "
                  RenderBR {BR} at (68,205) size 0x0
                  RenderInline {A} at (0,0) size 94x16 [color=#0000EE]
                    RenderText {#text} at (0,208) size 94x16
                      text run at (0,208) width 94: "PROJECT Table"
                  RenderText {#text} at (94,208) size 4x16
                    text run at (94,208) width 4: " "
                  RenderBR {BR} at (98,221) size 0x0
                  RenderInline {A} at (0,0) size 78x16 [color=#0000EE]
                    RenderText {#text} at (0,224) size 78x16
                      text run at (0,224) width 78: "SALES Table"
                  RenderText {#text} at (78,224) size 4x16
                    text run at (78,224) width 4: " "
                  RenderBR {BR} at (82,237) size 0x0
                  RenderInline {A} at (0,0) size 76x16 [color=#0000EE]
                    RenderText {#text} at (0,240) size 76x16
                      text run at (0,240) width 76: "STAFF Table"
                  RenderText {#text} at (76,240) size 4x16
                    text run at (76,240) width 4: " "
                  RenderBR {BR} at (80,253) size 0x0
                  RenderInline {A} at (0,0) size 86x16 [color=#0000EE]
                    RenderText {#text} at (0,256) size 86x16
                      text run at (0,256) width 86: "STAFFG Table"
                  RenderText {#text} at (86,256) size 4x16
                    text run at (86,256) width 4: " "
                  RenderBR {BR} at (90,269) size 0x0
                  RenderInline {A} at (0,0) size 269x16 [color=#0000EE]
                    RenderText {#text} at (0,272) size 269x16
                      text run at (0,272) width 269: "Sample Files with BLOB and CLOB Data Type"
                  RenderText {#text} at (269,272) size 4x16
                    text run at (269,272) width 4: " "
                  RenderBR {BR} at (273,285) size 0x0
                  RenderInline {A} at (0,0) size 90x16 [color=#0000EE]
                    RenderText {#text} at (0,288) size 90x16
                      text run at (0,288) width 90: "Quintana Photo"
                  RenderText {#text} at (90,288) size 4x16
                    text run at (90,288) width 4: " "
                  RenderBR {BR} at (94,301) size 0x0
                  RenderInline {A} at (0,0) size 104x16 [color=#0000EE]
                    RenderText {#text} at (0,304) size 104x16
                      text run at (0,304) width 104: "Quintana Resume"
                  RenderText {#text} at (104,304) size 4x16
                    text run at (104,304) width 4: " "
                  RenderBR {BR} at (108,317) size 0x0
                  RenderInline {A} at (0,0) size 84x16 [color=#0000EE]
                    RenderText {#text} at (0,320) size 84x16
                      text run at (0,320) width 84: "Nicholls Photo"
                  RenderText {#text} at (84,320) size 4x16
                    text run at (84,320) width 4: " "
                  RenderBR {BR} at (88,333) size 0x0
                  RenderInline {A} at (0,0) size 98x16 [color=#0000EE]
                    RenderText {#text} at (0,336) size 98x16
                      text run at (0,336) width 98: "Nicholls Resume"
                  RenderText {#text} at (98,336) size 4x16
                    text run at (98,336) width 4: " "
                  RenderBR {BR} at (102,349) size 0x0
                  RenderInline {A} at (0,0) size 93x16 [color=#0000EE]
                    RenderText {#text} at (0,352) size 93x16
                      text run at (0,352) width 93: "Adamson Photo"
                  RenderText {#text} at (93,352) size 4x16
                    text run at (93,352) width 4: " "
                  RenderBR {BR} at (97,365) size 0x0
                  RenderInline {A} at (0,0) size 107x16 [color=#0000EE]
                    RenderText {#text} at (0,368) size 107x16
                      text run at (0,368) width 107: "Adamson Resume"
                  RenderText {#text} at (107,368) size 4x16
                    text run at (107,368) width 4: " "
                  RenderBR {BR} at (111,381) size 0x0
                  RenderInline {A} at (0,0) size 79x16 [color=#0000EE]
                    RenderText {#text} at (0,384) size 79x16
                      text run at (0,384) width 79: "Walker Photo"
                  RenderText {#text} at (79,384) size 4x16
                    text run at (79,384) width 4: " "
                  RenderBR {BR} at (83,397) size 0x0
                  RenderInline {A} at (0,0) size 93x16 [color=#0000EE]
                    RenderText {#text} at (0,400) size 93x16
                      text run at (0,400) width 93: "Walker Resume"
                  RenderText {#text} at (0,0) size 0x0
                RenderBlock {P} at (0,10511) size 707x97
                  RenderInline {B} at (0,0) size 379x16
                    RenderInline {A} at (0,0) size 379x16 [color=#0000EE]
                      RenderText {#text} at (0,0) size 379x16
                        text run at (0,0) width 379: "Appendix H. Reserved Schema Names and Reserved Words"
                  RenderBR {BR} at (379,13) size 0x0
                  RenderBR {BR} at (0,16) size 0x16
                  RenderInline {A} at (0,0) size 112x16 [color=#0000EE]
                    RenderText {#text} at (0,32) size 112x16
                      text run at (0,32) width 112: "Reserved Schemas"
                  RenderText {#text} at (112,32) size 4x16
                    text run at (112,32) width 4: " "
                  RenderBR {BR} at (116,45) size 0x0
                  RenderInline {A} at (0,0) size 95x16 [color=#0000EE]
                    RenderText {#text} at (0,48) size 95x16
                      text run at (0,48) width 95: "Reserved Words"
                  RenderText {#text} at (95,48) size 4x16
                    text run at (95,48) width 4: " "
                  RenderBR {BR} at (99,61) size 0x0
                  RenderInline {A} at (0,0) size 152x16 [color=#0000EE]
                    RenderText {#text} at (0,64) size 152x16
                      text run at (0,64) width 152: "IBM SQL Reserved Words"
                  RenderText {#text} at (152,64) size 4x16
                    text run at (152,64) width 4: " "
                  RenderBR {BR} at (156,77) size 0x0
                  RenderInline {A} at (0,0) size 196x16 [color=#0000EE]
                    RenderText {#text} at (0,80) size 196x16
                      text run at (0,80) width 196: "ISO/ANS SQL92 Reserved Words"
                  RenderText {#text} at (0,0) size 0x0
                RenderBlock {P} at (0,10620) size 707x17
                  RenderInline {B} at (0,0) size 272x16
                    RenderInline {A} at (0,0) size 272x16 [color=#0000EE]
                      RenderText {#text} at (0,0) size 272x16
                        text run at (0,0) width 272: "Appendix I. Comparison of Isolation Levels"
                  RenderBR {BR} at (272,13) size 0x0
                RenderBlock {P} at (0,10649) size 707x17
                  RenderInline {B} at (0,0) size 322x16
                    RenderInline {A} at (0,0) size 322x16 [color=#0000EE]
                      RenderText {#text} at (0,0) size 322x16
                        text run at (0,0) width 322: "Appendix J. Interaction of Triggers and Constraints"
                  RenderBR {BR} at (322,13) size 0x0
                RenderBlock {P} at (0,10678) size 707x337
                  RenderInline {B} at (0,0) size 275x16
                    RenderInline {A} at (0,0) size 275x16 [color=#0000EE]
                      RenderText {#text} at (0,0) size 275x16
                        text run at (0,0) width 275: "Appendix K. Explain Tables and Definitions"
                  RenderBR {BR} at (275,13) size 0x0
                  RenderBR {BR} at (0,16) size 0x16
                  RenderInline {A} at (0,0) size 168x16 [color=#0000EE]
                    RenderText {#text} at (0,32) size 168x16
                      text run at (0,32) width 168: "EXPLAIN_ARGUMENT Table"
                  RenderText {#text} at (168,32) size 4x16
                    text run at (168,32) width 4: " "
                  RenderBR {BR} at (172,45) size 0x0
                  RenderInline {A} at (0,0) size 159x16 [color=#0000EE]
                    RenderText {#text} at (0,48) size 159x16
                      text run at (0,48) width 159: "EXPLAIN_INSTANCE Table"
                  RenderText {#text} at (159,48) size 4x16
                    text run at (159,48) width 4: " "
                  RenderBR {BR} at (163,61) size 0x0
                  RenderInline {A} at (0,0) size 145x16 [color=#0000EE]
                    RenderText {#text} at (0,64) size 145x16
                      text run at (0,64) width 145: "EXPLAIN_OBJECT Table"
                  RenderText {#text} at (145,64) size 4x16
                    text run at (145,64) width 4: " "
                  RenderBR {BR} at (149,77) size 0x0
                  RenderInline {A} at (0,0) size 167x16 [color=#0000EE]
                    RenderText {#text} at (0,80) size 167x16
                      text run at (0,80) width 167: "EXPLAIN_OPERATOR Table"
                  RenderText {#text} at (167,80) size 4x16
                    text run at (167,80) width 4: " "
                  RenderBR {BR} at (171,93) size 0x0
                  RenderInline {A} at (0,0) size 168x16 [color=#0000EE]
                    RenderText {#text} at (0,96) size 168x16
                      text run at (0,96) width 168: "EXPLAIN_PREDICATE Table"
                  RenderText {#text} at (168,96) size 4x16
                    text run at (168,96) width 4: " "
                  RenderBR {BR} at (172,109) size 0x0
                  RenderInline {A} at (0,0) size 172x16 [color=#0000EE]
                    RenderText {#text} at (0,112) size 172x16
                      text run at (0,112) width 172: "EXPLAIN_STATEMENT Table"
                  RenderText {#text} at (172,112) size 4x16
                    text run at (172,112) width 4: " "
                  RenderBR {BR} at (176,125) size 0x0
                  RenderInline {A} at (0,0) size 149x16 [color=#0000EE]
                    RenderText {#text} at (0,128) size 149x16
                      text run at (0,128) width 149: "EXPLAIN_STREAM Table"
                  RenderText {#text} at (149,128) size 4x16
                    text run at (149,128) width 4: " "
                  RenderBR {BR} at (153,141) size 0x0
                  RenderInline {A} at (0,0) size 127x16 [color=#0000EE]
                    RenderText {#text} at (0,144) size 127x16
                      text run at (0,144) width 127: "ADVISE_INDEX Table"
                  RenderText {#text} at (127,144) size 4x16
                    text run at (127,144) width 4: " "
                  RenderBR {BR} at (131,157) size 0x0
                  RenderInline {A} at (0,0) size 166x16 [color=#0000EE]
                    RenderText {#text} at (0,160) size 166x16
                      text run at (0,160) width 166: "ADVISE_WORKLOAD Table"
                  RenderText {#text} at (166,160) size 4x16
                    text run at (166,160) width 4: " "
                  RenderBR {BR} at (170,173) size 0x0
                  RenderInline {A} at (0,0) size 202x16 [color=#0000EE]
                    RenderText {#text} at (0,176) size 202x16
                      text run at (0,176) width 202: "Table Definitions for Explain Tables"
                  RenderText {#text} at (202,176) size 4x16
                    text run at (202,176) width 4: " "
                  RenderBR {BR} at (206,189) size 0x0
                  RenderInline {A} at (0,0) size 225x16 [color=#0000EE]
                    RenderText {#text} at (0,192) size 225x16
                      text run at (0,192) width 225: "EXPLAIN_ARGUMENT Table Definition"
                  RenderText {#text} at (225,192) size 4x16
                    text run at (225,192) width 4: " "
                  RenderBR {BR} at (229,205) size 0x0
                  RenderInline {A} at (0,0) size 216x16 [color=#0000EE]
                    RenderText {#text} at (0,208) size 216x16
                      text run at (0,208) width 216: "EXPLAIN_INSTANCE Table Definition"
                  RenderText {#text} at (216,208) size 4x16
                    text run at (216,208) width 4: " "
                  RenderBR {BR} at (220,221) size 0x0
                  RenderInline {A} at (0,0) size 202x16 [color=#0000EE]
                    RenderText {#text} at (0,224) size 202x16
                      text run at (0,224) width 202: "EXPLAIN_OBJECT Table Definition"
                  RenderText {#text} at (202,224) size 4x16
                    text run at (202,224) width 4: " "
                  RenderBR {BR} at (206,237) size 0x0
                  RenderInline {A} at (0,0) size 224x16 [color=#0000EE]
                    RenderText {#text} at (0,240) size 224x16
                      text run at (0,240) width 224: "EXPLAIN_OPERATOR Table Definition"
                  RenderText {#text} at (224,240) size 4x16
                    text run at (224,240) width 4: " "
                  RenderBR {BR} at (228,253) size 0x0
                  RenderInline {A} at (0,0) size 225x16 [color=#0000EE]
                    RenderText {#text} at (0,256) size 225x16
                      text run at (0,256) width 225: "EXPLAIN_PREDICATE Table Definition"
                  RenderText {#text} at (225,256) size 4x16
                    text run at (225,256) width 4: " "
                  RenderBR {BR} at (229,269) size 0x0
                  RenderInline {A} at (0,0) size 229x16 [color=#0000EE]
                    RenderText {#text} at (0,272) size 229x16
                      text run at (0,272) width 229: "EXPLAIN_STATEMENT Table Definition"
                  RenderText {#text} at (229,272) size 4x16
                    text run at (229,272) width 4: " "
                  RenderBR {BR} at (233,285) size 0x0
                  RenderInline {A} at (0,0) size 206x16 [color=#0000EE]
                    RenderText {#text} at (0,288) size 206x16
                      text run at (0,288) width 206: "EXPLAIN_STREAM Table Definition"
                  RenderText {#text} at (206,288) size 4x16
                    text run at (206,288) width 4: " "
                  RenderBR {BR} at (210,301) size 0x0
                  RenderInline {A} at (0,0) size 184x16 [color=#0000EE]
                    RenderText {#text} at (0,304) size 184x16
                      text run at (0,304) width 184: "ADVISE_INDEX Table Definition"
                  RenderText {#text} at (184,304) size 4x16
                    text run at (184,304) width 4: " "
                  RenderBR {BR} at (188,317) size 0x0
                  RenderInline {A} at (0,0) size 223x16 [color=#0000EE]
                    RenderText {#text} at (0,320) size 223x16
                      text run at (0,320) width 223: "ADVISE_WORKLOAD Table Definition"
                  RenderText {#text} at (0,0) size 0x0
                RenderBlock {P} at (0,11027) size 707x17
                  RenderInline {B} at (0,0) size 232x16
                    RenderInline {A} at (0,0) size 232x16 [color=#0000EE]
                      RenderText {#text} at (0,0) size 232x16
                        text run at (0,0) width 232: "Appendix L. Explain Register Values"
                  RenderBR {BR} at (232,13) size 0x0
                RenderBlock {P} at (0,11056) size 707x81
                  RenderInline {B} at (0,0) size 314x16
                    RenderInline {A} at (0,0) size 314x16 [color=#0000EE]
                      RenderText {#text} at (0,0) size 314x16
                        text run at (0,0) width 314: "Appendix M. Recursion Example: Bill of Materials"
                  RenderBR {BR} at (314,13) size 0x0
                  RenderBR {BR} at (0,16) size 0x16
                  RenderInline {A} at (0,0) size 200x16 [color=#0000EE]
                    RenderText {#text} at (0,32) size 200x16
                      text run at (0,32) width 200: "Example 1: Single Level Explosion"
                  RenderText {#text} at (200,32) size 4x16
                    text run at (200,32) width 4: " "
                  RenderBR {BR} at (204,45) size 0x0
                  RenderInline {A} at (0,0) size 204x16 [color=#0000EE]
                    RenderText {#text} at (0,48) size 204x16
                      text run at (0,48) width 204: "Example 2: Summarized Explosion"
                  RenderText {#text} at (204,48) size 4x16
                    text run at (204,48) width 4: " "
                  RenderBR {BR} at (208,61) size 0x0
                  RenderInline {A} at (0,0) size 169x16 [color=#0000EE]
                    RenderText {#text} at (0,64) size 169x16
                      text run at (0,64) width 169: "Example 3: Controlling Depth"
                  RenderText {#text} at (0,0) size 0x0
                RenderBlock {P} at (0,11149) size 707x81
                  RenderInline {B} at (0,0) size 191x16
                    RenderInline {A} at (0,0) size 191x16 [color=#0000EE]
                      RenderText {#text} at (0,0) size 191x16
                        text run at (0,0) width 191: "Appendix N. Exception Tables"
                  RenderBR {BR} at (191,13) size 0x0
                  RenderBR {BR} at (0,16) size 0x16
                  RenderInline {A} at (0,0) size 218x16 [color=#0000EE]
                    RenderText {#text} at (0,32) size 218x16
                      text run at (0,32) width 218: "Rules for Creating an Exception Table"
                  RenderText {#text} at (218,32) size 4x16
                    text run at (218,32) width 4: " "
                  RenderBR {BR} at (222,45) size 0x0
                  RenderInline {A} at (0,0) size 226x16 [color=#0000EE]
                    RenderText {#text} at (0,48) size 226x16
                      text run at (0,48) width 226: "Handling Rows in the Exception Tables"
                  RenderText {#text} at (226,48) size 4x16
                    text run at (226,48) width 4: " "
                  RenderBR {BR} at (230,61) size 0x0
                  RenderInline {A} at (0,0) size 178x16 [color=#0000EE]
                    RenderText {#text} at (0,64) size 178x16
                      text run at (0,64) width 178: "Querying the Exception Tables"
                  RenderText {#text} at (0,0) size 0x0
                RenderBlock {P} at (0,11242) size 707x353
                  RenderInline {B} at (0,0) size 428x16
                    RenderInline {A} at (0,0) size 428x16 [color=#0000EE]
                      RenderText {#text} at (0,0) size 428x16
                        text run at (0,0) width 428: "Appendix O. Japanese and Traditional-Chinese EUC Considerations"
                  RenderBR {BR} at (428,13) size 0x0
                  RenderBR {BR} at (0,16) size 0x16
                  RenderInline {A} at (0,0) size 115x16 [color=#0000EE]
                    RenderText {#text} at (0,32) size 115x16
                      text run at (0,32) width 115: "Language Elements"
                  RenderText {#text} at (115,32) size 4x16
                    text run at (115,32) width 4: " "
                  RenderBR {BR} at (119,45) size 0x0
                  RenderInline {A} at (0,0) size 63x16 [color=#0000EE]
                    RenderText {#text} at (0,48) size 63x16
                      text run at (0,48) width 63: "Characters"
                  RenderText {#text} at (63,48) size 4x16
                    text run at (63,48) width 4: " "
                  RenderBR {BR} at (67,61) size 0x0
                  RenderInline {A} at (0,0) size 42x16 [color=#0000EE]
                    RenderText {#text} at (0,64) size 42x16
                      text run at (0,64) width 42: "Tokens"
                  RenderText {#text} at (42,64) size 4x16
                    text run at (42,64) width 4: " "
                  RenderBR {BR} at (46,77) size 0x0
                  RenderInline {A} at (0,0) size 55x16 [color=#0000EE]
                    RenderText {#text} at (0,80) size 55x16
                      text run at (0,80) width 55: "Identifiers"
                  RenderText {#text} at (55,80) size 4x16
                    text run at (55,80) width 4: " "
                  RenderBR {BR} at (59,93) size 0x0
                  RenderInline {A} at (0,0) size 66x16 [color=#0000EE]
                    RenderText {#text} at (0,96) size 66x16
                      text run at (0,96) width 66: "Data Types"
                  RenderText {#text} at (66,96) size 4x16
                    text run at (66,96) width 4: " "
                  RenderBR {BR} at (70,109) size 0x0
                  RenderInline {A} at (0,0) size 181x16 [color=#0000EE]
                    RenderText {#text} at (0,112) size 181x16
                      text run at (0,112) width 181: "Assignments and Comparisons"
                  RenderText {#text} at (181,112) size 4x16
                    text run at (181,112) width 4: " "
                  RenderBR {BR} at (185,125) size 0x0
                  RenderInline {A} at (0,0) size 162x16 [color=#0000EE]
                    RenderText {#text} at (0,128) size 162x16
                      text run at (0,128) width 162: "Rules for Result Data Types"
                  RenderText {#text} at (162,128) size 4x16
                    text run at (162,128) width 4: " "
                  RenderBR {BR} at (166,141) size 0x0
                  RenderInline {A} at (0,0) size 163x16 [color=#0000EE]
                    RenderText {#text} at (0,144) size 163x16
                      text run at (0,144) width 163: "Rules for String Conversions"
                  RenderText {#text} at (163,144) size 4x16
                    text run at (163,144) width 4: " "
                  RenderBR {BR} at (167,157) size 0x0
                  RenderInline {A} at (0,0) size 59x16 [color=#0000EE]
                    RenderText {#text} at (0,160) size 59x16
                      text run at (0,160) width 59: "Constants"
                  RenderText {#text} at (59,160) size 4x16
                    text run at (59,160) width 4: " "
                  RenderBR {BR} at (63,173) size 0x0
                  RenderInline {A} at (0,0) size 57x16 [color=#0000EE]
                    RenderText {#text} at (0,176) size 57x16
                      text run at (0,176) width 57: "Functions"
                  RenderText {#text} at (57,176) size 4x16
                    text run at (57,176) width 4: " "
                  RenderBR {BR} at (61,189) size 0x0
                  RenderInline {A} at (0,0) size 72x16 [color=#0000EE]
                    RenderText {#text} at (0,192) size 72x16
                      text run at (0,192) width 72: "Expressions"
                  RenderText {#text} at (72,192) size 4x16
                    text run at (72,192) width 4: " "
                  RenderBR {BR} at (76,205) size 0x0
                  RenderInline {A} at (0,0) size 62x16 [color=#0000EE]
                    RenderText {#text} at (0,208) size 62x16
                      text run at (0,208) width 62: "Predicates"
                  RenderText {#text} at (62,208) size 4x16
                    text run at (62,208) width 4: " "
                  RenderBR {BR} at (66,221) size 0x0
                  RenderInline {A} at (0,0) size 57x16 [color=#0000EE]
                    RenderText {#text} at (0,224) size 57x16
                      text run at (0,224) width 57: "Functions"
                  RenderText {#text} at (57,224) size 4x16
                    text run at (57,224) width 4: " "
                  RenderBR {BR} at (61,237) size 0x0
                  RenderInline {A} at (0,0) size 51x16 [color=#0000EE]
                    RenderText {#text} at (0,240) size 51x16
                      text run at (0,240) width 51: "LENGTH"
                  RenderText {#text} at (51,240) size 4x16
                    text run at (51,240) width 4: " "
                  RenderBR {BR} at (55,253) size 0x0
                  RenderInline {A} at (0,0) size 52x16 [color=#0000EE]
                    RenderText {#text} at (0,256) size 52x16
                      text run at (0,256) width 52: "SUBSTR"
                  RenderText {#text} at (52,256) size 4x16
                    text run at (52,256) width 4: " "
                  RenderBR {BR} at (56,269) size 0x0
                  RenderInline {A} at (0,0) size 75x16 [color=#0000EE]
                    RenderText {#text} at (0,272) size 75x16
                      text run at (0,272) width 75: "TRANSLATE"
                  RenderText {#text} at (75,272) size 4x16
                    text run at (75,272) width 4: " "
                  RenderBR {BR} at (79,285) size 0x0
                  RenderInline {A} at (0,0) size 85x16 [color=#0000EE]
                    RenderText {#text} at (0,288) size 85x16
                      text run at (0,288) width 85: "VARGRAPHIC"
                  RenderText {#text} at (85,288) size 4x16
                    text run at (85,288) width 4: " "
                  RenderBR {BR} at (89,301) size 0x0
                  RenderInline {A} at (0,0) size 67x16 [color=#0000EE]
                    RenderText {#text} at (0,304) size 67x16
                      text run at (0,304) width 67: "Statements"
                  RenderText {#text} at (67,304) size 4x16
                    text run at (67,304) width 4: " "
                  RenderBR {BR} at (71,317) size 0x0
                  RenderInline {A} at (0,0) size 62x16 [color=#0000EE]
                    RenderText {#text} at (0,320) size 62x16
                      text run at (0,320) width 62: "CONNECT"
                  RenderText {#text} at (62,320) size 4x16
                    text run at (62,320) width 4: " "
                  RenderBR {BR} at (66,333) size 0x0
                  RenderInline {A} at (0,0) size 63x16 [color=#0000EE]
                    RenderText {#text} at (0,336) size 63x16
                      text run at (0,336) width 63: "PREPARE"
                  RenderText {#text} at (0,0) size 0x0
                RenderBlock {P} at (0,11607) size 707x17
                  RenderInline {B} at (0,0) size 297x16
                    RenderInline {A} at (0,0) size 297x16 [color=#0000EE]
                      RenderText {#text} at (0,0) size 297x16
                        text run at (0,0) width 297: "Appendix P. BNF Specifications for DATALINKs"
                  RenderBR {BR} at (297,13) size 0x0
                RenderBlock {P} at (0,11636) size 707x193
                  RenderInline {B} at (0,0) size 220x16
                    RenderInline {A} at (0,0) size 220x16 [color=#0000EE]
                      RenderText {#text} at (0,0) size 220x16
                        text run at (0,0) width 220: "Appendix Q. Using the DB2 Library"
                  RenderBR {BR} at (220,13) size 0x0
                  RenderBR {BR} at (0,16) size 0x16
                  RenderInline {A} at (0,0) size 198x16 [color=#0000EE]
                    RenderText {#text} at (0,32) size 198x16
                      text run at (0,32) width 198: "DB2 PDF Files and Printed Books"
                  RenderText {#text} at (198,32) size 4x16
                    text run at (198,32) width 4: " "
                  RenderBR {BR} at (202,45) size 0x0
                  RenderInline {A} at (0,0) size 92x16 [color=#0000EE]
                    RenderText {#text} at (0,48) size 92x16
                      text run at (0,48) width 92: "DB2 Information"
                  RenderText {#text} at (92,48) size 4x16
                    text run at (92,48) width 4: " "
                  RenderBR {BR} at (96,61) size 0x0
                  RenderInline {A} at (0,0) size 137x16 [color=#0000EE]
                    RenderText {#text} at (0,64) size 137x16
                      text run at (0,64) width 137: "Printing the PDF Books"
                  RenderText {#text} at (137,64) size 4x16
                    text run at (137,64) width 4: " "
                  RenderBR {BR} at (141,77) size 0x0
                  RenderInline {A} at (0,0) size 157x16 [color=#0000EE]
                    RenderText {#text} at (0,80) size 157x16
                      text run at (0,80) width 157: "Ordering the Printed Books"
                  RenderText {#text} at (157,80) size 4x16
                    text run at (157,80) width 4: " "
                  RenderBR {BR} at (161,93) size 0x0
                  RenderInline {A} at (0,0) size 157x16 [color=#0000EE]
                    RenderText {#text} at (0,96) size 157x16
                      text run at (0,96) width 157: "DB2 Online Documentation"
                  RenderText {#text} at (157,96) size 4x16
                    text run at (157,96) width 4: " "
                  RenderBR {BR} at (161,109) size 0x0
                  RenderInline {A} at (0,0) size 132x16 [color=#0000EE]
                    RenderText {#text} at (0,112) size 132x16
                      text run at (0,112) width 132: "Accessing Online Help"
                  RenderText {#text} at (132,112) size 4x16
                    text run at (132,112) width 4: " "
                  RenderBR {BR} at (136,125) size 0x0
                  RenderInline {A} at (0,0) size 153x16 [color=#0000EE]
                    RenderText {#text} at (0,128) size 153x16
                      text run at (0,128) width 153: "Viewing Information Online"
                  RenderText {#text} at (153,128) size 4x16
                    text run at (153,128) width 4: " "
                  RenderBR {BR} at (157,141) size 0x0
                  RenderInline {A} at (0,0) size 114x16 [color=#0000EE]
                    RenderText {#text} at (0,144) size 114x16
                      text run at (0,144) width 114: "Using DB2 Wizards"
                  RenderText {#text} at (114,144) size 4x16
                    text run at (114,144) width 4: " "
                  RenderBR {BR} at (118,157) size 0x0
                  RenderInline {A} at (0,0) size 175x16 [color=#0000EE]
                    RenderText {#text} at (0,160) size 175x16
                      text run at (0,160) width 175: "Setting Up a Document Server"
                  RenderText {#text} at (175,160) size 4x16
                    text run at (175,160) width 4: " "
                  RenderBR {BR} at (179,173) size 0x0
                  RenderInline {A} at (0,0) size 166x16 [color=#0000EE]
                    RenderText {#text} at (0,176) size 166x16
                      text run at (0,176) width 166: "Searching Information Online"
                  RenderText {#text} at (0,0) size 0x0
                RenderBlock {P} at (0,11841) size 707x49
                  RenderInline {B} at (0,0) size 128x16
                    RenderInline {A} at (0,0) size 128x16 [color=#0000EE]
                      RenderText {#text} at (0,0) size 128x16
                        text run at (0,0) width 128: "Appendix R. Notices"
                  RenderBR {BR} at (128,13) size 0x0
                  RenderBR {BR} at (0,16) size 0x16
                  RenderInline {A} at (0,0) size 68x16 [color=#0000EE]
                    RenderText {#text} at (0,32) size 68x16
                      text run at (0,32) width 68: "Trademarks"
                  RenderText {#text} at (0,0) size 0x0
                RenderBlock {P} at (0,11902) size 707x17
                  RenderInline {B} at (0,0) size 36x16
                    RenderInline {A} at (0,0) size 36x16 [color=#0000EE]
                      RenderText {#text} at (0,0) size 36x16
                        text run at (0,0) width 36: "Index"
                  RenderBR {BR} at (36,13) size 0x0
                RenderBlock {P} at (0,11931) size 707x49
                  RenderInline {B} at (0,0) size 96x16
                    RenderInline {A} at (0,0) size 96x16 [color=#0000EE]
                      RenderText {#text} at (0,0) size 96x16
                        text run at (0,0) width 96: "Contacting IBM"
                  RenderBR {BR} at (96,13) size 0x0
                  RenderBR {BR} at (0,16) size 0x16
                  RenderInline {A} at (0,0) size 112x16 [color=#0000EE]
                    RenderText {#text} at (0,32) size 112x16
                      text run at (0,32) width 112: "Product Information"
                  RenderText {#text} at (0,0) size 0x0
                  RenderInline {A} at (0,0) size 0x0
                  RenderText {#text} at (0,0) size 0x0
                RenderTable {TABLE} at (0,11992) size 24x28
                  RenderTableSection {TBODY} at (0,0) size 24x27
                    RenderTableRow {TR} at (0,2) size 24x0
                    RenderTableRow {TR} at (0,4) size 24x21
                      RenderTableCell {TD} at (2,4) size 9x21 [r=1 c=0 rs=1 cs=1]
                        RenderText {#text} at (1,1) size 7x18
                          text run at (1,1) width 7: "x"
                      RenderTableCell {TD} at (13,4) size 9x21 [r=1 c=1 rs=1 cs=1]
                        RenderText {#text} at (1,1) size 7x18
                          text run at (1,1) width 7: "x"
              RenderBlock (anonymous) at (2,12107) size 707x0
                RenderInline {FONT} at (0,0) size 0x0
