layer at (0,0) size 800x600
  RenderView at (0,0) size 800x600
layer at (0,0) size 800x600
  RenderBlock {HTML} at (0,0) size 800x600
    RenderBody {BODY} at (8,8) size 784x584
      RenderTable {TABLE} at (0,0) size 784x100 [border: (1px outset #808080)]
        RenderTableSection {TBODY} at (1,1) size 782x98
          RenderTableRow {TR} at (0,2) size 782x94
            RenderTableCell {TD} at (2,2) size 624x94 [border: (1px inset #808080)] [r=0 c=0 rs=1 cs=1]
              RenderBlock (anonymous) at (2,2) size 620x20
                RenderText {#text} at (0,0) size 244x19
                  text run at (0,0) width 244: "some normal text before the nested table"
              RenderTable {TABLE} at (52,22) size 558x50 [border: (1px outset #808080)]
                RenderTableSection {TBODY} at (1,1) size 556x48
                  RenderTableRow {TR} at (0,2) size 556x44
                    RenderTableCell {TD} at (2,2) size 183x44 [border: (1px inset #808080)] [r=0 c=0 rs=1 cs=1]
                      RenderText {#text} at (2,2) size 153x39
                        text run at (2,2) width 153: "selection of words to pad"
                        text run at (2,22) width 53: "table cell"
                    RenderTableCell {TD} at (186,2) size 183x44 [border: (1px inset #808080)] [r=0 c=1 rs=1 cs=1]
                      RenderText {#text} at (2,2) size 153x39
                        text run at (2,2) width 153: "selection of words to pad"
                        text run at (2,22) width 53: "table cell"
                    RenderTableCell {TD} at (370,2) size 184x44 [border: (1px inset #808080)] [r=0 c=2 rs=1 cs=1]
                      RenderText {#text} at (2,2) size 153x39
                        text run at (2,2) width 153: "selection of words to pad"
                        text run at (2,22) width 53: "table cell"
              RenderBlock (anonymous) at (2,72) size 620x20
                RenderText {#text} at (0,0) size 232x19
                  text run at (0,0) width 232: "some normal text after the nested table"
            RenderTableCell {TD} at (627,27) size 154x44 [border: (1px inset #808080)] [r=0 c=1 rs=1 cs=1]
              RenderText {#text} at (2,2) size 139x39
                text run at (2,2) width 139: "contents of table cell to"
                text run at (2,22) width 26: "right"
      RenderTable {TABLE} at (0,100) size 784x100 [border: (1px outset #808080)]
        RenderTableSection {TBODY} at (1,1) size 782x98
          RenderTableRow {TR} at (0,2) size 782x94
            RenderTableCell {TD} at (2,2) size 624x94 [border: (1px inset #808080)] [r=0 c=0 rs=1 cs=1]
              RenderBlock (anonymous) at (2,2) size 620x20
                RenderText {#text} at (0,0) size 244x19
                  text run at (0,0) width 244: "some normal text before the nested table"
              RenderTable {TABLE} at (52,22) size 570x50 [border: (1px outset #808080)]
                RenderTableSection {TBODY} at (1,1) size 568x48
                  RenderTableRow {TR} at (0,2) size 568x44
                    RenderTableCell {TD} at (2,2) size 187x44 [border: (1px inset #808080)] [r=0 c=0 rs=1 cs=1]
                      RenderText {#text} at (2,2) size 153x39
                        text run at (2,2) width 153: "selection of words to pad"
                        text run at (2,22) width 53: "table cell"
                    RenderTableCell {TD} at (190,2) size 187x44 [border: (1px inset #808080)] [r=0 c=1 rs=1 cs=1]
                      RenderText {#text} at (2,2) size 153x39
                        text run at (2,2) width 153: "selection of words to pad"
                        text run at (2,22) width 53: "table cell"
                    RenderTableCell {TD} at (378,2) size 188x44 [border: (1px inset #808080)] [r=0 c=2 rs=1 cs=1]
                      RenderText {#text} at (2,2) size 153x39
                        text run at (2,2) width 153: "selection of words to pad"
                        text run at (2,22) width 53: "table cell"
              RenderBlock (anonymous) at (2,72) size 620x20
                RenderText {#text} at (0,0) size 232x19
                  text run at (0,0) width 232: "some normal text after the nested table"
            RenderTableCell {TD} at (627,27) size 154x44 [border: (1px inset #808080)] [r=0 c=1 rs=1 cs=1]
              RenderText {#text} at (2,2) size 139x39
                text run at (2,2) width 139: "contents of table cell to"
                text run at (2,22) width 26: "right"
      RenderTable {TABLE} at (0,200) size 784x128 [border: (1px outset #808080)]
        RenderTableSection {TBODY} at (1,1) size 782x126
          RenderTableRow {TR} at (0,2) size 782x122
            RenderTableCell {TD} at (2,2) size 628x122 [border: (1px inset #808080)] [r=0 c=0 rs=1 cs=1]
              RenderBlock (anonymous) at (2,2) size 624x20
                RenderText {#text} at (0,0) size 244x19
                  text run at (0,0) width 244: "some normal text before the nested table"
              RenderTable {TABLE} at (52,22) size 574x78 [border: (10px solid #000000)]
                RenderTableSection {TBODY} at (15,15) size 544x48
                  RenderTableRow {TR} at (0,2) size 544x44
                    RenderTableCell {TD} at (2,2) size 179x44 [border: (1px inset #000000)] [r=0 c=0 rs=1 cs=1]
                      RenderText {#text} at (2,2) size 153x39
                        text run at (2,2) width 153: "selection of words to pad"
                        text run at (2,22) width 53: "table cell"
                    RenderTableCell {TD} at (182,2) size 180x44 [border: (1px inset #000000)] [r=0 c=1 rs=1 cs=1]
                      RenderText {#text} at (2,2) size 153x39
                        text run at (2,2) width 153: "selection of words to pad"
                        text run at (2,22) width 53: "table cell"
                    RenderTableCell {TD} at (363,2) size 180x44 [border: (1px inset #000000)] [r=0 c=2 rs=1 cs=1]
                      RenderText {#text} at (2,2) size 153x39
                        text run at (2,2) width 153: "selection of words to pad"
                        text run at (2,22) width 53: "table cell"
              RenderBlock (anonymous) at (2,100) size 624x20
                RenderText {#text} at (0,0) size 232x19
                  text run at (0,0) width 232: "some normal text after the nested table"
            RenderTableCell {TD} at (632,41) size 149x44 [border: (1px inset #808080)] [r=0 c=1 rs=1 cs=1]
              RenderText {#text} at (2,2) size 139x39
                text run at (2,2) width 139: "contents of table cell to"
                text run at (2,22) width 26: "right"
