layer at (0,0) size 785x6114
  RenderView at (0,0) size 785x600
layer at (0,0) size 785x6114
  RenderBlock {HTML} at (0,0) size 785x6114
    RenderBody {BODY} at (8,21) size 769x6077
      RenderBlock {H1} at (0,0) size 769x37
        RenderText {#text} at (0,0) size 486x36
          text run at (0,0) width 486: "Vertical alignment and table height"
      RenderBlock {P} at (0,58) size 769x61
        RenderText {#text} at (0,0) size 251x19
          text run at (0,0) width 251: "The following three tables have heights of "
        RenderInline {CODE} at (0,0) size 32x16
          RenderText {#text} at (251,3) size 32x16
            text run at (251,3) width 32: "auto"
        RenderText {#text} at (283,0) size 8x19
          text run at (283,0) width 8: ", "
        RenderInline {CODE} at (0,0) size 32x16
          RenderText {#text} at (291,3) size 32x16
            text run at (291,3) width 32: "30px"
        RenderText {#text} at (323,0) size 34x19
          text run at (323,0) width 34: ", and "
        RenderInline {CODE} at (0,0) size 40x16
          RenderText {#text} at (357,3) size 40x16
            text run at (357,3) width 40: "500px"
        RenderText {#text} at (397,0) size 753x59
          text run at (397,0) width 8: ". "
          text run at (405,0) width 348: "The first one should have the height of the sum of its rows."
          text run at (0,20) width 699: "The second and third can be handled however the browser wants, but there just here to make sure it does something"
          text run at (0,40) width 69: "reasonable."
      RenderTable {TABLE} at (0,134) size 107x159
        RenderTableSection {TBODY} at (0,0) size 107x158
          RenderTableRow {TR} at (0,2) size 107x24
            RenderTableCell {TD} at (2,2) size 33x24 [border: (1px solid #000000)] [r=0 c=0 rs=1 cs=1]
              RenderText {#text} at (2,2) size 29x19
                text run at (2,2) width 29: "Data"
            RenderTableCell {TD} at (37,2) size 33x24 [border: (1px solid #000000)] [r=0 c=1 rs=1 cs=1]
              RenderText {#text} at (2,2) size 29x19
                text run at (2,2) width 29: "Data"
            RenderTableCell {TD} at (72,2) size 33x24 [border: (1px solid #000000)] [r=0 c=2 rs=1 cs=1]
              RenderText {#text} at (2,2) size 29x19
                text run at (2,2) width 29: "Data"
          RenderTableRow {TR} at (0,28) size 107x24
            RenderTableCell {TD} at (2,28) size 33x24 [border: (1px solid #000000)] [r=1 c=0 rs=1 cs=1]
              RenderText {#text} at (2,2) size 29x19
                text run at (2,2) width 29: "Data"
            RenderTableCell {TD} at (37,28) size 33x24 [border: (1px solid #000000)] [r=1 c=1 rs=1 cs=1]
              RenderText {#text} at (2,2) size 29x19
                text run at (2,2) width 29: "Data"
            RenderTableCell {TD} at (72,28) size 33x24 [border: (1px solid #000000)] [r=1 c=2 rs=1 cs=1]
              RenderText {#text} at (2,2) size 29x19
                text run at (2,2) width 29: "Data"
          RenderTableRow {TR} at (0,54) size 107x24
            RenderTableCell {TD} at (2,54) size 33x24 [border: (1px solid #000000)] [r=2 c=0 rs=1 cs=1]
              RenderText {#text} at (2,2) size 29x19
                text run at (2,2) width 29: "Data"
            RenderTableCell {TD} at (37,54) size 33x24 [border: (1px solid #000000)] [r=2 c=1 rs=1 cs=1]
              RenderText {#text} at (2,2) size 29x19
                text run at (2,2) width 29: "Data"
            RenderTableCell {TD} at (72,54) size 33x24 [border: (1px solid #000000)] [r=2 c=2 rs=1 cs=1]
              RenderText {#text} at (2,2) size 29x19
                text run at (2,2) width 29: "Data"
          RenderTableRow {TR} at (0,80) size 107x24
            RenderTableCell {TD} at (2,80) size 33x24 [border: (1px solid #000000)] [r=3 c=0 rs=1 cs=1]
              RenderText {#text} at (2,2) size 29x19
                text run at (2,2) width 29: "Data"
            RenderTableCell {TD} at (37,80) size 33x24 [border: (1px solid #000000)] [r=3 c=1 rs=1 cs=1]
              RenderText {#text} at (2,2) size 29x19
                text run at (2,2) width 29: "Data"
            RenderTableCell {TD} at (72,80) size 33x24 [border: (1px solid #000000)] [r=3 c=2 rs=1 cs=1]
              RenderText {#text} at (2,2) size 29x19
                text run at (2,2) width 29: "Data"
          RenderTableRow {TR} at (0,106) size 107x24
            RenderTableCell {TD} at (2,106) size 33x24 [border: (1px solid #000000)] [r=4 c=0 rs=1 cs=1]
              RenderText {#text} at (2,2) size 29x19
                text run at (2,2) width 29: "Data"
            RenderTableCell {TD} at (37,106) size 33x24 [border: (1px solid #000000)] [r=4 c=1 rs=1 cs=1]
              RenderText {#text} at (2,2) size 29x19
                text run at (2,2) width 29: "Data"
            RenderTableCell {TD} at (72,106) size 33x24 [border: (1px solid #000000)] [r=4 c=2 rs=1 cs=1]
              RenderText {#text} at (2,2) size 29x19
                text run at (2,2) width 29: "Data"
          RenderTableRow {TR} at (0,132) size 107x24
            RenderTableCell {TD} at (2,132) size 33x24 [border: (1px solid #000000)] [r=5 c=0 rs=1 cs=1]
              RenderText {#text} at (2,2) size 29x19
                text run at (2,2) width 29: "Data"
            RenderTableCell {TD} at (37,132) size 33x24 [border: (1px solid #000000)] [r=5 c=1 rs=1 cs=1]
              RenderText {#text} at (2,2) size 29x19
                text run at (2,2) width 29: "Data"
            RenderTableCell {TD} at (72,132) size 33x24 [border: (1px solid #000000)] [r=5 c=2 rs=1 cs=1]
              RenderText {#text} at (2,2) size 29x19
                text run at (2,2) width 29: "Data"
      RenderTable {TABLE} at (0,292) size 107x159
        RenderTableSection {TBODY} at (0,0) size 107x158
          RenderTableRow {TR} at (0,2) size 107x24
            RenderTableCell {TD} at (2,2) size 33x24 [border: (1px solid #000000)] [r=0 c=0 rs=1 cs=1]
              RenderText {#text} at (2,2) size 29x19
                text run at (2,2) width 29: "Data"
            RenderTableCell {TD} at (37,2) size 33x24 [border: (1px solid #000000)] [r=0 c=1 rs=1 cs=1]
              RenderText {#text} at (2,2) size 29x19
                text run at (2,2) width 29: "Data"
            RenderTableCell {TD} at (72,2) size 33x24 [border: (1px solid #000000)] [r=0 c=2 rs=1 cs=1]
              RenderText {#text} at (2,2) size 29x19
                text run at (2,2) width 29: "Data"
          RenderTableRow {TR} at (0,28) size 107x24
            RenderTableCell {TD} at (2,28) size 33x24 [border: (1px solid #000000)] [r=1 c=0 rs=1 cs=1]
              RenderText {#text} at (2,2) size 29x19
                text run at (2,2) width 29: "Data"
            RenderTableCell {TD} at (37,28) size 33x24 [border: (1px solid #000000)] [r=1 c=1 rs=1 cs=1]
              RenderText {#text} at (2,2) size 29x19
                text run at (2,2) width 29: "Data"
            RenderTableCell {TD} at (72,28) size 33x24 [border: (1px solid #000000)] [r=1 c=2 rs=1 cs=1]
              RenderText {#text} at (2,2) size 29x19
                text run at (2,2) width 29: "Data"
          RenderTableRow {TR} at (0,54) size 107x24
            RenderTableCell {TD} at (2,54) size 33x24 [border: (1px solid #000000)] [r=2 c=0 rs=1 cs=1]
              RenderText {#text} at (2,2) size 29x19
                text run at (2,2) width 29: "Data"
            RenderTableCell {TD} at (37,54) size 33x24 [border: (1px solid #000000)] [r=2 c=1 rs=1 cs=1]
              RenderText {#text} at (2,2) size 29x19
                text run at (2,2) width 29: "Data"
            RenderTableCell {TD} at (72,54) size 33x24 [border: (1px solid #000000)] [r=2 c=2 rs=1 cs=1]
              RenderText {#text} at (2,2) size 29x19
                text run at (2,2) width 29: "Data"
          RenderTableRow {TR} at (0,80) size 107x24
            RenderTableCell {TD} at (2,80) size 33x24 [border: (1px solid #000000)] [r=3 c=0 rs=1 cs=1]
              RenderText {#text} at (2,2) size 29x19
                text run at (2,2) width 29: "Data"
            RenderTableCell {TD} at (37,80) size 33x24 [border: (1px solid #000000)] [r=3 c=1 rs=1 cs=1]
              RenderText {#text} at (2,2) size 29x19
                text run at (2,2) width 29: "Data"
            RenderTableCell {TD} at (72,80) size 33x24 [border: (1px solid #000000)] [r=3 c=2 rs=1 cs=1]
              RenderText {#text} at (2,2) size 29x19
                text run at (2,2) width 29: "Data"
          RenderTableRow {TR} at (0,106) size 107x24
            RenderTableCell {TD} at (2,106) size 33x24 [border: (1px solid #000000)] [r=4 c=0 rs=1 cs=1]
              RenderText {#text} at (2,2) size 29x19
                text run at (2,2) width 29: "Data"
            RenderTableCell {TD} at (37,106) size 33x24 [border: (1px solid #000000)] [r=4 c=1 rs=1 cs=1]
              RenderText {#text} at (2,2) size 29x19
                text run at (2,2) width 29: "Data"
            RenderTableCell {TD} at (72,106) size 33x24 [border: (1px solid #000000)] [r=4 c=2 rs=1 cs=1]
              RenderText {#text} at (2,2) size 29x19
                text run at (2,2) width 29: "Data"
          RenderTableRow {TR} at (0,132) size 107x24
            RenderTableCell {TD} at (2,132) size 33x24 [border: (1px solid #000000)] [r=5 c=0 rs=1 cs=1]
              RenderText {#text} at (2,2) size 29x19
                text run at (2,2) width 29: "Data"
            RenderTableCell {TD} at (37,132) size 33x24 [border: (1px solid #000000)] [r=5 c=1 rs=1 cs=1]
              RenderText {#text} at (2,2) size 29x19
                text run at (2,2) width 29: "Data"
            RenderTableCell {TD} at (72,132) size 33x24 [border: (1px solid #000000)] [r=5 c=2 rs=1 cs=1]
              RenderText {#text} at (2,2) size 29x19
                text run at (2,2) width 29: "Data"
      RenderTable {TABLE} at (0,450) size 107x501
        RenderTableSection {TBODY} at (0,0) size 107x500
          RenderTableRow {TR} at (0,2) size 107x81
            RenderTableCell {TD} at (2,30) size 33x25 [border: (1px solid #000000)] [r=0 c=0 rs=1 cs=1]
              RenderText {#text} at (2,2) size 29x20
                text run at (2,3) width 29: "Data"
            RenderTableCell {TD} at (37,30) size 33x25 [border: (1px solid #000000)] [r=0 c=1 rs=1 cs=1]
              RenderText {#text} at (2,2) size 29x20
                text run at (2,3) width 29: "Data"
            RenderTableCell {TD} at (72,30) size 33x25 [border: (1px solid #000000)] [r=0 c=2 rs=1 cs=1]
              RenderText {#text} at (2,2) size 29x20
                text run at (2,3) width 29: "Data"
          RenderTableRow {TR} at (0,85) size 107x81
            RenderTableCell {TD} at (2,113) size 33x25 [border: (1px solid #000000)] [r=1 c=0 rs=1 cs=1]
              RenderText {#text} at (2,2) size 29x20
                text run at (2,3) width 29: "Data"
            RenderTableCell {TD} at (37,113) size 33x25 [border: (1px solid #000000)] [r=1 c=1 rs=1 cs=1]
              RenderText {#text} at (2,2) size 29x20
                text run at (2,3) width 29: "Data"
            RenderTableCell {TD} at (72,113) size 33x25 [border: (1px solid #000000)] [r=1 c=2 rs=1 cs=1]
              RenderText {#text} at (2,2) size 29x20
                text run at (2,3) width 29: "Data"
          RenderTableRow {TR} at (0,168) size 107x81
            RenderTableCell {TD} at (2,196) size 33x25 [border: (1px solid #000000)] [r=2 c=0 rs=1 cs=1]
              RenderText {#text} at (2,2) size 29x20
                text run at (2,3) width 29: "Data"
            RenderTableCell {TD} at (37,196) size 33x25 [border: (1px solid #000000)] [r=2 c=1 rs=1 cs=1]
              RenderText {#text} at (2,2) size 29x20
                text run at (2,3) width 29: "Data"
            RenderTableCell {TD} at (72,196) size 33x25 [border: (1px solid #000000)] [r=2 c=2 rs=1 cs=1]
              RenderText {#text} at (2,2) size 29x20
                text run at (2,3) width 29: "Data"
          RenderTableRow {TR} at (0,251) size 107x81
            RenderTableCell {TD} at (2,279) size 33x25 [border: (1px solid #000000)] [r=3 c=0 rs=1 cs=1]
              RenderText {#text} at (2,2) size 29x20
                text run at (2,3) width 29: "Data"
            RenderTableCell {TD} at (37,279) size 33x25 [border: (1px solid #000000)] [r=3 c=1 rs=1 cs=1]
              RenderText {#text} at (2,2) size 29x20
                text run at (2,3) width 29: "Data"
            RenderTableCell {TD} at (72,279) size 33x25 [border: (1px solid #000000)] [r=3 c=2 rs=1 cs=1]
              RenderText {#text} at (2,2) size 29x20
                text run at (2,3) width 29: "Data"
          RenderTableRow {TR} at (0,334) size 107x81
            RenderTableCell {TD} at (2,362) size 33x25 [border: (1px solid #000000)] [r=4 c=0 rs=1 cs=1]
              RenderText {#text} at (2,2) size 29x20
                text run at (2,3) width 29: "Data"
            RenderTableCell {TD} at (37,362) size 33x25 [border: (1px solid #000000)] [r=4 c=1 rs=1 cs=1]
              RenderText {#text} at (2,2) size 29x20
                text run at (2,3) width 29: "Data"
            RenderTableCell {TD} at (72,362) size 33x25 [border: (1px solid #000000)] [r=4 c=2 rs=1 cs=1]
              RenderText {#text} at (2,2) size 29x20
                text run at (2,3) width 29: "Data"
          RenderTableRow {TR} at (0,417) size 107x81
            RenderTableCell {TD} at (2,445) size 33x25 [border: (1px solid #000000)] [r=5 c=0 rs=1 cs=1]
              RenderText {#text} at (2,2) size 29x20
                text run at (2,3) width 29: "Data"
            RenderTableCell {TD} at (37,445) size 33x25 [border: (1px solid #000000)] [r=5 c=1 rs=1 cs=1]
              RenderText {#text} at (2,2) size 29x20
                text run at (2,3) width 29: "Data"
            RenderTableCell {TD} at (72,445) size 33x25 [border: (1px solid #000000)] [r=5 c=2 rs=1 cs=1]
              RenderText {#text} at (2,2) size 29x20
                text run at (2,3) width 29: "Data"
      RenderBlock {P} at (0,966) size 769x41
        RenderText {#text} at (0,0) size 739x39
          text run at (0,0) width 223: "These tables test percentage heights. "
          text run at (223,0) width 516: "The first should be its natural height; the second should be 50% of the height of the div"
          text run at (0,20) width 152: "(600px), which is 300px."
      RenderTable {TABLE} at (0,1022) size 107x159
        RenderTableSection {TBODY} at (0,0) size 107x158
          RenderTableRow {TR} at (0,2) size 107x24
            RenderTableCell {TD} at (2,2) size 33x24 [border: (1px solid #000000)] [r=0 c=0 rs=1 cs=1]
              RenderText {#text} at (2,2) size 29x19
                text run at (2,2) width 29: "Data"
            RenderTableCell {TD} at (37,2) size 33x24 [border: (1px solid #000000)] [r=0 c=1 rs=1 cs=1]
              RenderText {#text} at (2,2) size 29x19
                text run at (2,2) width 29: "Data"
            RenderTableCell {TD} at (72,2) size 33x24 [border: (1px solid #000000)] [r=0 c=2 rs=1 cs=1]
              RenderText {#text} at (2,2) size 29x19
                text run at (2,2) width 29: "Data"
          RenderTableRow {TR} at (0,28) size 107x24
            RenderTableCell {TD} at (2,28) size 33x24 [border: (1px solid #000000)] [r=1 c=0 rs=1 cs=1]
              RenderText {#text} at (2,2) size 29x19
                text run at (2,2) width 29: "Data"
            RenderTableCell {TD} at (37,28) size 33x24 [border: (1px solid #000000)] [r=1 c=1 rs=1 cs=1]
              RenderText {#text} at (2,2) size 29x19
                text run at (2,2) width 29: "Data"
            RenderTableCell {TD} at (72,28) size 33x24 [border: (1px solid #000000)] [r=1 c=2 rs=1 cs=1]
              RenderText {#text} at (2,2) size 29x19
                text run at (2,2) width 29: "Data"
          RenderTableRow {TR} at (0,54) size 107x24
            RenderTableCell {TD} at (2,54) size 33x24 [border: (1px solid #000000)] [r=2 c=0 rs=1 cs=1]
              RenderText {#text} at (2,2) size 29x19
                text run at (2,2) width 29: "Data"
            RenderTableCell {TD} at (37,54) size 33x24 [border: (1px solid #000000)] [r=2 c=1 rs=1 cs=1]
              RenderText {#text} at (2,2) size 29x19
                text run at (2,2) width 29: "Data"
            RenderTableCell {TD} at (72,54) size 33x24 [border: (1px solid #000000)] [r=2 c=2 rs=1 cs=1]
              RenderText {#text} at (2,2) size 29x19
                text run at (2,2) width 29: "Data"
          RenderTableRow {TR} at (0,80) size 107x24
            RenderTableCell {TD} at (2,80) size 33x24 [border: (1px solid #000000)] [r=3 c=0 rs=1 cs=1]
              RenderText {#text} at (2,2) size 29x19
                text run at (2,2) width 29: "Data"
            RenderTableCell {TD} at (37,80) size 33x24 [border: (1px solid #000000)] [r=3 c=1 rs=1 cs=1]
              RenderText {#text} at (2,2) size 29x19
                text run at (2,2) width 29: "Data"
            RenderTableCell {TD} at (72,80) size 33x24 [border: (1px solid #000000)] [r=3 c=2 rs=1 cs=1]
              RenderText {#text} at (2,2) size 29x19
                text run at (2,2) width 29: "Data"
          RenderTableRow {TR} at (0,106) size 107x24
            RenderTableCell {TD} at (2,106) size 33x24 [border: (1px solid #000000)] [r=4 c=0 rs=1 cs=1]
              RenderText {#text} at (2,2) size 29x19
                text run at (2,2) width 29: "Data"
            RenderTableCell {TD} at (37,106) size 33x24 [border: (1px solid #000000)] [r=4 c=1 rs=1 cs=1]
              RenderText {#text} at (2,2) size 29x19
                text run at (2,2) width 29: "Data"
            RenderTableCell {TD} at (72,106) size 33x24 [border: (1px solid #000000)] [r=4 c=2 rs=1 cs=1]
              RenderText {#text} at (2,2) size 29x19
                text run at (2,2) width 29: "Data"
          RenderTableRow {TR} at (0,132) size 107x24
            RenderTableCell {TD} at (2,132) size 33x24 [border: (1px solid #000000)] [r=5 c=0 rs=1 cs=1]
              RenderText {#text} at (2,2) size 29x19
                text run at (2,2) width 29: "Data"
            RenderTableCell {TD} at (37,132) size 33x24 [border: (1px solid #000000)] [r=5 c=1 rs=1 cs=1]
              RenderText {#text} at (2,2) size 29x19
                text run at (2,2) width 29: "Data"
            RenderTableCell {TD} at (72,132) size 33x24 [border: (1px solid #000000)] [r=5 c=2 rs=1 cs=1]
              RenderText {#text} at (2,2) size 29x19
                text run at (2,2) width 29: "Data"
      RenderBlock {DIV} at (0,1180) size 769x607 [border: (3px solid #800080)]
        RenderTable {TABLE} at (3,3) size 107x300
          RenderTableSection {TBODY} at (0,0) size 107x300
            RenderTableRow {TR} at (0,2) size 107x48
              RenderTableCell {TD} at (2,13) size 33x25 [border: (1px solid #000000)] [r=0 c=0 rs=1 cs=1]
                RenderText {#text} at (2,2) size 29x20
                  text run at (2,3) width 29: "Data"
              RenderTableCell {TD} at (37,13) size 33x25 [border: (1px solid #000000)] [r=0 c=1 rs=1 cs=1]
                RenderText {#text} at (2,2) size 29x20
                  text run at (2,3) width 29: "Data"
              RenderTableCell {TD} at (72,13) size 33x25 [border: (1px solid #000000)] [r=0 c=2 rs=1 cs=1]
                RenderText {#text} at (2,2) size 29x20
                  text run at (2,3) width 29: "Data"
            RenderTableRow {TR} at (0,51) size 107x49
              RenderTableCell {TD} at (2,63) size 33x25 [border: (1px solid #000000)] [r=1 c=0 rs=1 cs=1]
                RenderText {#text} at (2,2) size 29x20
                  text run at (2,3) width 29: "Data"
              RenderTableCell {TD} at (37,63) size 33x25 [border: (1px solid #000000)] [r=1 c=1 rs=1 cs=1]
                RenderText {#text} at (2,2) size 29x20
                  text run at (2,3) width 29: "Data"
              RenderTableCell {TD} at (72,63) size 33x25 [border: (1px solid #000000)] [r=1 c=2 rs=1 cs=1]
                RenderText {#text} at (2,2) size 29x20
                  text run at (2,3) width 29: "Data"
            RenderTableRow {TR} at (0,101) size 107x48
              RenderTableCell {TD} at (2,113) size 33x25 [border: (1px solid #000000)] [r=2 c=0 rs=1 cs=1]
                RenderText {#text} at (2,2) size 29x20
                  text run at (2,3) width 29: "Data"
              RenderTableCell {TD} at (37,113) size 33x25 [border: (1px solid #000000)] [r=2 c=1 rs=1 cs=1]
                RenderText {#text} at (2,2) size 29x20
                  text run at (2,3) width 29: "Data"
              RenderTableCell {TD} at (72,113) size 33x25 [border: (1px solid #000000)] [r=2 c=2 rs=1 cs=1]
                RenderText {#text} at (2,2) size 29x20
                  text run at (2,3) width 29: "Data"
            RenderTableRow {TR} at (0,150) size 107x49
              RenderTableCell {TD} at (2,162) size 33x25 [border: (1px solid #000000)] [r=3 c=0 rs=1 cs=1]
                RenderText {#text} at (2,2) size 29x20
                  text run at (2,3) width 29: "Data"
              RenderTableCell {TD} at (37,162) size 33x25 [border: (1px solid #000000)] [r=3 c=1 rs=1 cs=1]
                RenderText {#text} at (2,2) size 29x20
                  text run at (2,3) width 29: "Data"
              RenderTableCell {TD} at (72,162) size 33x25 [border: (1px solid #000000)] [r=3 c=2 rs=1 cs=1]
                RenderText {#text} at (2,2) size 29x20
                  text run at (2,3) width 29: "Data"
            RenderTableRow {TR} at (0,200) size 107x49
              RenderTableCell {TD} at (2,212) size 33x25 [border: (1px solid #000000)] [r=4 c=0 rs=1 cs=1]
                RenderText {#text} at (2,2) size 29x20
                  text run at (2,3) width 29: "Data"
              RenderTableCell {TD} at (37,212) size 33x25 [border: (1px solid #000000)] [r=4 c=1 rs=1 cs=1]
                RenderText {#text} at (2,2) size 29x20
                  text run at (2,3) width 29: "Data"
              RenderTableCell {TD} at (72,212) size 33x25 [border: (1px solid #000000)] [r=4 c=2 rs=1 cs=1]
                RenderText {#text} at (2,2) size 29x20
                  text run at (2,3) width 29: "Data"
            RenderTableRow {TR} at (0,250) size 107x48
              RenderTableCell {TD} at (2,262) size 33x25 [border: (1px solid #000000)] [r=5 c=0 rs=1 cs=1]
                RenderText {#text} at (2,2) size 29x20
                  text run at (2,3) width 29: "Data"
              RenderTableCell {TD} at (37,262) size 33x25 [border: (1px solid #000000)] [r=5 c=1 rs=1 cs=1]
                RenderText {#text} at (2,2) size 29x20
                  text run at (2,3) width 29: "Data"
              RenderTableCell {TD} at (72,262) size 33x25 [border: (1px solid #000000)] [r=5 c=2 rs=1 cs=1]
                RenderText {#text} at (2,2) size 29x20
                  text run at (2,3) width 29: "Data"
      RenderBlock {P} at (0,1802) size 769x61
        RenderText {#text} at (0,0) size 141x19
          text run at (0,0) width 141: "The following tests test "
        RenderInline {CODE} at (0,0) size 48x16
          RenderText {#text} at (141,3) size 48x16
            text run at (141,3) width 48: "height"
        RenderText {#text} at (189,0) size 160x19
          text run at (189,0) width 160: " on table rows. A value of "
        RenderInline {CODE} at (0,0) size 32x16
          RenderText {#text} at (349,3) size 32x16
            text run at (349,3) width 32: "auto"
        RenderText {#text} at (381,0) size 765x59
          text run at (381,0) width 297: " requires the minimum height needed by the cells. "
          text run at (678,0) width 65: "In a simple"
          text run at (0,20) width 765: "case, this is just the height of the tallest cell (excluding the increased padding, of course, since with the padding the cells have the"
          text run at (0,40) width 78: "same height):"
      RenderTable {TABLE} at (0,1878) size 107x49
        RenderTableSection {TBODY} at (0,0) size 107x48
          RenderTableRow {TR} at (0,2) size 107x44
            RenderTableCell {TD} at (2,12) size 33x24 [border: (1px solid #000000)] [r=0 c=0 rs=1 cs=1]
              RenderText {#text} at (2,2) size 29x19
                text run at (2,2) width 29: "Data"
            RenderTableCell {TD} at (37,2) size 33x44 [border: (1px solid #000000)] [r=0 c=1 rs=1 cs=1]
              RenderText {#text} at (2,2) size 29x19
                text run at (2,2) width 29: "Data"
              RenderBR {BR} at (31,2) size 0x19
              RenderText {#text} at (2,22) size 29x19
                text run at (2,22) width 29: "Data"
            RenderTableCell {TD} at (72,12) size 33x24 [border: (1px solid #000000)] [r=0 c=2 rs=1 cs=1]
              RenderText {#text} at (2,2) size 29x19
                text run at (2,2) width 29: "Data"
      RenderBlock {P} at (0,1942) size 769x41
        RenderText {#text} at (0,0) size 201x19
          text run at (0,0) width 201: "However, vertical-align values of "
        RenderInline {CODE} at (0,0) size 64x16
          RenderText {#text} at (201,3) size 64x16
            text run at (201,3) width 64: "baseline"
        RenderText {#text} at (265,0) size 741x39
          text run at (265,0) width 476: " (the default, but could be overridden in a UA stylesheet) can make it taller than"
          text run at (0,20) width 25: "that:"
      RenderTable {TABLE} at (0,1998) size 289x149
        RenderTableSection {TBODY} at (0,0) size 289x148
          RenderTableRow {TR} at (0,2) size 289x144
            RenderTableCell {TD} at (2,46) size 33x24 [border: (1px solid #000000)] [r=0 c=0 rs=1 cs=1]
              RenderText {#text} at (2,2) size 29x19
                text run at (2,2) width 29: "Data"
            RenderTableCell {TD} at (37,2) size 124x100 [border: (1px solid #000000)] [r=0 c=1 rs=1 cs=1]
              RenderInline {SPAN} at (0,0) size 120x73
                RenderText {#text} at (2,3) size 120x73
                  text run at (2,3) width 120: "Data"
              RenderBR {BR} at (122,46) size 0x19
              RenderText {#text} at (2,78) size 29x19
                text run at (2,78) width 29: "Data"
            RenderTableCell {TD} at (163,46) size 124x100 [border: (1px solid #000000)] [r=0 c=2 rs=1 cs=1]
              RenderText {#text} at (2,2) size 29x19
                text run at (2,2) width 29: "Data"
              RenderBR {BR} at (31,2) size 0x19
              RenderInline {SPAN} at (0,0) size 120x73
                RenderText {#text} at (2,23) size 120x73
                  text run at (2,23) width 120: "Data"
      RenderBlock {P} at (0,2162) size 769x21
        RenderText {#text} at (0,0) size 494x19
          text run at (0,0) width 494: "The exact same thing should happen when the given height for the row is too small:"
      RenderTable {TABLE} at (0,2198) size 289x149
        RenderTableSection {TBODY} at (0,0) size 289x148
          RenderTableRow {TR} at (0,2) size 289x144
            RenderTableCell {TD} at (2,46) size 33x24 [border: (1px solid #000000)] [r=0 c=0 rs=1 cs=1]
              RenderText {#text} at (2,2) size 29x19
                text run at (2,2) width 29: "Data"
            RenderTableCell {TD} at (37,2) size 124x100 [border: (1px solid #000000)] [r=0 c=1 rs=1 cs=1]
              RenderInline {SPAN} at (0,0) size 120x73
                RenderText {#text} at (2,3) size 120x73
                  text run at (2,3) width 120: "Data"
              RenderBR {BR} at (122,46) size 0x19
              RenderText {#text} at (2,78) size 29x19
                text run at (2,78) width 29: "Data"
            RenderTableCell {TD} at (163,46) size 124x100 [border: (1px solid #000000)] [r=0 c=2 rs=1 cs=1]
              RenderText {#text} at (2,2) size 29x19
                text run at (2,2) width 29: "Data"
              RenderBR {BR} at (31,2) size 0x19
              RenderInline {SPAN} at (0,0) size 120x73
                RenderText {#text} at (2,23) size 120x73
                  text run at (2,23) width 120: "Data"
      RenderBlock {P} at (0,2362) size 769x41
        RenderText {#text} at (0,0) size 712x39
          text run at (0,0) width 712: "Padding should also be able to increase the height (here the first cell has 20px padding-top and the second has 20px of"
          text run at (0,20) width 105: "padding-bottom):"
      RenderTable {TABLE} at (0,2418) size 107x48
        RenderTableSection {TBODY} at (0,0) size 107x47
          RenderTableRow {TR} at (0,2) size 107x43
            RenderTableCell {TD} at (2,2) size 33x43 [border: (1px solid #000000)] [r=0 c=0 rs=1 cs=1]
              RenderText {#text} at (2,21) size 29x19
                text run at (2,21) width 29: "Data"
            RenderTableCell {TD} at (37,2) size 33x43 [border: (1px solid #000000)] [r=0 c=1 rs=1 cs=1]
              RenderText {#text} at (2,2) size 29x19
                text run at (2,2) width 29: "Data"
            RenderTableCell {TD} at (72,11) size 33x25 [border: (1px solid #000000)] [r=0 c=2 rs=1 cs=1]
              RenderText {#text} at (2,2) size 29x20
                text run at (2,3) width 29: "Data"
      RenderTable {TABLE} at (0,2465) size 107x48
        RenderTableSection {TBODY} at (0,0) size 107x47
          RenderTableRow {TR} at (0,2) size 107x43
            RenderTableCell {TD} at (2,2) size 33x43 [border: (1px solid #000000)] [r=0 c=0 rs=1 cs=1]
              RenderText {#text} at (2,21) size 29x19
                text run at (2,21) width 29: "Data"
            RenderTableCell {TD} at (37,2) size 33x43 [border: (1px solid #000000)] [r=0 c=1 rs=1 cs=1]
              RenderText {#text} at (2,2) size 29x19
                text run at (2,2) width 29: "Data"
            RenderTableCell {TD} at (72,11) size 33x25 [border: (1px solid #000000)] [r=0 c=2 rs=1 cs=1]
              RenderText {#text} at (2,2) size 29x20
                text run at (2,3) width 29: "Data"
      RenderBlock {P} at (0,2528) size 769x41
        RenderText {#text} at (0,0) size 753x39
          text run at (0,0) width 461: "These two tables should be 200px tall, because of a height on the table row. "
          text run at (461,0) width 292: "The second one should have its second and third"
          text run at (0,20) width 389: "cell's contents offset from the middle by 10px (bottom, then top):"
      RenderTable {TABLE} at (0,2584) size 289x205
        RenderTableSection {TBODY} at (0,0) size 289x204
          RenderTableRow {TR} at (0,2) size 289x200
            RenderTableCell {TD} at (2,46) size 33x24 [border: (1px solid #000000)] [r=0 c=0 rs=1 cs=1]
              RenderText {#text} at (2,2) size 29x19
                text run at (2,2) width 29: "Data"
            RenderTableCell {TD} at (37,2) size 124x100 [border: (1px solid #000000)] [r=0 c=1 rs=1 cs=1]
              RenderInline {SPAN} at (0,0) size 120x73
                RenderText {#text} at (2,3) size 120x73
                  text run at (2,3) width 120: "Data"
              RenderBR {BR} at (122,46) size 0x19
              RenderText {#text} at (2,78) size 29x19
                text run at (2,78) width 29: "Data"
            RenderTableCell {TD} at (163,46) size 124x100 [border: (1px solid #000000)] [r=0 c=2 rs=1 cs=1]
              RenderText {#text} at (2,2) size 29x19
                text run at (2,2) width 29: "Data"
              RenderBR {BR} at (31,2) size 0x19
              RenderInline {SPAN} at (0,0) size 120x73
                RenderText {#text} at (2,23) size 120x73
                  text run at (2,23) width 120: "Data"
      RenderTable {TABLE} at (0,2788) size 107x205
        RenderTableSection {TBODY} at (0,0) size 107x204
          RenderTableRow {TR} at (0,2) size 107x200
            RenderTableCell {TD} at (2,80) size 33x44 [border: (1px solid #000000)] [r=0 c=0 rs=1 cs=1]
              RenderText {#text} at (2,21) size 29x20
                text run at (2,22) width 29: "Data"
            RenderTableCell {TD} at (37,80) size 33x44 [border: (1px solid #000000)] [r=0 c=1 rs=1 cs=1]
              RenderText {#text} at (2,2) size 29x20
                text run at (2,3) width 29: "Data"
            RenderTableCell {TD} at (72,90) size 33x24 [border: (1px solid #000000)] [r=0 c=2 rs=1 cs=1]
              RenderText {#text} at (2,2) size 29x19
                text run at (2,2) width 29: "Data"
      RenderBlock {P} at (0,3008) size 769x41
        RenderText {#text} at (0,0) size 760x39
          text run at (0,0) width 496: "The behavior of percentage heights on table-row or table-row-group is undefined. "
          text run at (496,0) width 264: "However, I think they should be ignored, so"
          text run at (0,20) width 192: "these tables should look normal:"
      RenderTable {TABLE} at (0,3064) size 107x81
        RenderTableSection {TBODY} at (0,0) size 107x80
          RenderTableRow {TR} at (0,2) size 107x24
            RenderTableCell {TD} at (2,2) size 33x24 [border: (1px solid #000000)] [r=0 c=0 rs=1 cs=1]
              RenderText {#text} at (2,2) size 29x19
                text run at (2,2) width 29: "Data"
            RenderTableCell {TD} at (37,2) size 33x24 [border: (1px solid #000000)] [r=0 c=1 rs=1 cs=1]
              RenderText {#text} at (2,2) size 29x19
                text run at (2,2) width 29: "Data"
            RenderTableCell {TD} at (72,2) size 33x24 [border: (1px solid #000000)] [r=0 c=2 rs=1 cs=1]
              RenderText {#text} at (2,2) size 29x19
                text run at (2,2) width 29: "Data"
          RenderTableRow {TR} at (0,28) size 107x24
            RenderTableCell {TD} at (2,28) size 33x24 [border: (1px solid #000000)] [r=1 c=0 rs=1 cs=1]
              RenderText {#text} at (2,2) size 29x19
                text run at (2,2) width 29: "Data"
            RenderTableCell {TD} at (37,28) size 33x24 [border: (1px solid #000000)] [r=1 c=1 rs=1 cs=1]
              RenderText {#text} at (2,2) size 29x19
                text run at (2,2) width 29: "Data"
            RenderTableCell {TD} at (72,28) size 33x24 [border: (1px solid #000000)] [r=1 c=2 rs=1 cs=1]
              RenderText {#text} at (2,2) size 29x19
                text run at (2,2) width 29: "Data"
          RenderTableRow {TR} at (0,54) size 107x24
            RenderTableCell {TD} at (2,54) size 33x24 [border: (1px solid #000000)] [r=2 c=0 rs=1 cs=1]
              RenderText {#text} at (2,2) size 29x19
                text run at (2,2) width 29: "Data"
            RenderTableCell {TD} at (37,54) size 33x24 [border: (1px solid #000000)] [r=2 c=1 rs=1 cs=1]
              RenderText {#text} at (2,2) size 29x19
                text run at (2,2) width 29: "Data"
            RenderTableCell {TD} at (72,54) size 33x24 [border: (1px solid #000000)] [r=2 c=2 rs=1 cs=1]
              RenderText {#text} at (2,2) size 29x19
                text run at (2,2) width 29: "Data"
      RenderTable {TABLE} at (0,3144) size 107x81
        RenderTableSection {TBODY} at (0,0) size 107x80
          RenderTableRow {TR} at (0,2) size 107x24
            RenderTableCell {TD} at (2,2) size 33x24 [border: (1px solid #000000)] [r=0 c=0 rs=1 cs=1]
              RenderText {#text} at (2,2) size 29x19
                text run at (2,2) width 29: "Data"
            RenderTableCell {TD} at (37,2) size 33x24 [border: (1px solid #000000)] [r=0 c=1 rs=1 cs=1]
              RenderText {#text} at (2,2) size 29x19
                text run at (2,2) width 29: "Data"
            RenderTableCell {TD} at (72,2) size 33x24 [border: (1px solid #000000)] [r=0 c=2 rs=1 cs=1]
              RenderText {#text} at (2,2) size 29x19
                text run at (2,2) width 29: "Data"
          RenderTableRow {TR} at (0,28) size 107x24
            RenderTableCell {TD} at (2,28) size 33x24 [border: (1px solid #000000)] [r=1 c=0 rs=1 cs=1]
              RenderText {#text} at (2,2) size 29x19
                text run at (2,2) width 29: "Data"
            RenderTableCell {TD} at (37,28) size 33x24 [border: (1px solid #000000)] [r=1 c=1 rs=1 cs=1]
              RenderText {#text} at (2,2) size 29x19
                text run at (2,2) width 29: "Data"
            RenderTableCell {TD} at (72,28) size 33x24 [border: (1px solid #000000)] [r=1 c=2 rs=1 cs=1]
              RenderText {#text} at (2,2) size 29x19
                text run at (2,2) width 29: "Data"
          RenderTableRow {TR} at (0,54) size 107x24
            RenderTableCell {TD} at (2,54) size 33x24 [border: (1px solid #000000)] [r=2 c=0 rs=1 cs=1]
              RenderText {#text} at (2,2) size 29x19
                text run at (2,2) width 29: "Data"
            RenderTableCell {TD} at (37,54) size 33x24 [border: (1px solid #000000)] [r=2 c=1 rs=1 cs=1]
              RenderText {#text} at (2,2) size 29x19
                text run at (2,2) width 29: "Data"
            RenderTableCell {TD} at (72,54) size 33x24 [border: (1px solid #000000)] [r=2 c=2 rs=1 cs=1]
              RenderText {#text} at (2,2) size 29x19
                text run at (2,2) width 29: "Data"
      RenderTable {TABLE} at (0,3224) size 107x185
        RenderTableSection {THEAD} at (0,0) size 107x54
          RenderTableRow {TR} at (0,2) size 107x24
            RenderTableCell {TD} at (2,2) size 33x24 [border: (1px solid #000000)] [r=0 c=0 rs=1 cs=1]
              RenderText {#text} at (2,2) size 29x19
                text run at (2,2) width 29: "Data"
            RenderTableCell {TD} at (37,2) size 33x24 [border: (1px solid #000000)] [r=0 c=1 rs=1 cs=1]
              RenderText {#text} at (2,2) size 29x19
                text run at (2,2) width 29: "Data"
            RenderTableCell {TD} at (72,2) size 33x24 [border: (1px solid #000000)] [r=0 c=2 rs=1 cs=1]
              RenderText {#text} at (2,2) size 29x19
                text run at (2,2) width 29: "Data"
          RenderTableRow {TR} at (0,28) size 107x24
            RenderTableCell {TD} at (2,28) size 33x24 [border: (1px solid #000000)] [r=1 c=0 rs=1 cs=1]
              RenderText {#text} at (2,2) size 29x19
                text run at (2,2) width 29: "Data"
            RenderTableCell {TD} at (37,28) size 33x24 [border: (1px solid #000000)] [r=1 c=1 rs=1 cs=1]
              RenderText {#text} at (2,2) size 29x19
                text run at (2,2) width 29: "Data"
            RenderTableCell {TD} at (72,28) size 33x24 [border: (1px solid #000000)] [r=1 c=2 rs=1 cs=1]
              RenderText {#text} at (2,2) size 29x19
                text run at (2,2) width 29: "Data"
        RenderTableSection {TFOOT} at (0,132) size 107x52
          RenderTableRow {TR} at (0,0) size 107x24
            RenderTableCell {TD} at (2,0) size 33x24 [border: (1px solid #000000)] [r=0 c=0 rs=1 cs=1]
              RenderText {#text} at (2,2) size 29x19
                text run at (2,2) width 29: "Data"
            RenderTableCell {TD} at (37,0) size 33x24 [border: (1px solid #000000)] [r=0 c=1 rs=1 cs=1]
              RenderText {#text} at (2,2) size 29x19
                text run at (2,2) width 29: "Data"
            RenderTableCell {TD} at (72,0) size 33x24 [border: (1px solid #000000)] [r=0 c=2 rs=1 cs=1]
              RenderText {#text} at (2,2) size 29x19
                text run at (2,2) width 29: "Data"
          RenderTableRow {TR} at (0,26) size 107x24
            RenderTableCell {TD} at (2,26) size 33x24 [border: (1px solid #000000)] [r=1 c=0 rs=1 cs=1]
              RenderText {#text} at (2,2) size 29x19
                text run at (2,2) width 29: "Data"
            RenderTableCell {TD} at (37,26) size 33x24 [border: (1px solid #000000)] [r=1 c=1 rs=1 cs=1]
              RenderText {#text} at (2,2) size 29x19
                text run at (2,2) width 29: "Data"
            RenderTableCell {TD} at (72,26) size 33x24 [border: (1px solid #000000)] [r=1 c=2 rs=1 cs=1]
              RenderText {#text} at (2,2) size 29x19
                text run at (2,2) width 29: "Data"
        RenderTableSection {TBODY} at (0,54) size 107x78
          RenderTableRow {TR} at (0,0) size 107x24
            RenderTableCell {TD} at (2,0) size 33x24 [border: (1px solid #000000)] [r=0 c=0 rs=1 cs=1]
              RenderText {#text} at (2,2) size 29x19
                text run at (2,2) width 29: "Data"
            RenderTableCell {TD} at (37,0) size 33x24 [border: (1px solid #000000)] [r=0 c=1 rs=1 cs=1]
              RenderText {#text} at (2,2) size 29x19
                text run at (2,2) width 29: "Data"
            RenderTableCell {TD} at (72,0) size 33x24 [border: (1px solid #000000)] [r=0 c=2 rs=1 cs=1]
              RenderText {#text} at (2,2) size 29x19
                text run at (2,2) width 29: "Data"
          RenderTableRow {TR} at (0,26) size 107x24
            RenderTableCell {TD} at (2,26) size 33x24 [border: (1px solid #000000)] [r=1 c=0 rs=1 cs=1]
              RenderText {#text} at (2,2) size 29x19
                text run at (2,2) width 29: "Data"
            RenderTableCell {TD} at (37,26) size 33x24 [border: (1px solid #000000)] [r=1 c=1 rs=1 cs=1]
              RenderText {#text} at (2,2) size 29x19
                text run at (2,2) width 29: "Data"
            RenderTableCell {TD} at (72,26) size 33x24 [border: (1px solid #000000)] [r=1 c=2 rs=1 cs=1]
              RenderText {#text} at (2,2) size 29x19
                text run at (2,2) width 29: "Data"
          RenderTableRow {TR} at (0,52) size 107x24
            RenderTableCell {TD} at (2,52) size 33x24 [border: (1px solid #000000)] [r=2 c=0 rs=1 cs=1]
              RenderText {#text} at (2,2) size 29x19
                text run at (2,2) width 29: "Data"
            RenderTableCell {TD} at (37,52) size 33x24 [border: (1px solid #000000)] [r=2 c=1 rs=1 cs=1]
              RenderText {#text} at (2,2) size 29x19
                text run at (2,2) width 29: "Data"
            RenderTableCell {TD} at (72,52) size 33x24 [border: (1px solid #000000)] [r=2 c=2 rs=1 cs=1]
              RenderText {#text} at (2,2) size 29x19
                text run at (2,2) width 29: "Data"
      RenderTable {TABLE} at (0,3408) size 107x185
        RenderTableSection {THEAD} at (0,0) size 107x54
          RenderTableRow {TR} at (0,2) size 107x24
            RenderTableCell {TD} at (2,2) size 33x24 [border: (1px solid #000000)] [r=0 c=0 rs=1 cs=1]
              RenderText {#text} at (2,2) size 29x19
                text run at (2,2) width 29: "Data"
            RenderTableCell {TD} at (37,2) size 33x24 [border: (1px solid #000000)] [r=0 c=1 rs=1 cs=1]
              RenderText {#text} at (2,2) size 29x19
                text run at (2,2) width 29: "Data"
            RenderTableCell {TD} at (72,2) size 33x24 [border: (1px solid #000000)] [r=0 c=2 rs=1 cs=1]
              RenderText {#text} at (2,2) size 29x19
                text run at (2,2) width 29: "Data"
          RenderTableRow {TR} at (0,28) size 107x24
            RenderTableCell {TD} at (2,28) size 33x24 [border: (1px solid #000000)] [r=1 c=0 rs=1 cs=1]
              RenderText {#text} at (2,2) size 29x19
                text run at (2,2) width 29: "Data"
            RenderTableCell {TD} at (37,28) size 33x24 [border: (1px solid #000000)] [r=1 c=1 rs=1 cs=1]
              RenderText {#text} at (2,2) size 29x19
                text run at (2,2) width 29: "Data"
            RenderTableCell {TD} at (72,28) size 33x24 [border: (1px solid #000000)] [r=1 c=2 rs=1 cs=1]
              RenderText {#text} at (2,2) size 29x19
                text run at (2,2) width 29: "Data"
        RenderTableSection {TFOOT} at (0,132) size 107x52
          RenderTableRow {TR} at (0,0) size 107x24
            RenderTableCell {TD} at (2,0) size 33x24 [border: (1px solid #000000)] [r=0 c=0 rs=1 cs=1]
              RenderText {#text} at (2,2) size 29x19
                text run at (2,2) width 29: "Data"
            RenderTableCell {TD} at (37,0) size 33x24 [border: (1px solid #000000)] [r=0 c=1 rs=1 cs=1]
              RenderText {#text} at (2,2) size 29x19
                text run at (2,2) width 29: "Data"
            RenderTableCell {TD} at (72,0) size 33x24 [border: (1px solid #000000)] [r=0 c=2 rs=1 cs=1]
              RenderText {#text} at (2,2) size 29x19
                text run at (2,2) width 29: "Data"
          RenderTableRow {TR} at (0,26) size 107x24
            RenderTableCell {TD} at (2,26) size 33x24 [border: (1px solid #000000)] [r=1 c=0 rs=1 cs=1]
              RenderText {#text} at (2,2) size 29x19
                text run at (2,2) width 29: "Data"
            RenderTableCell {TD} at (37,26) size 33x24 [border: (1px solid #000000)] [r=1 c=1 rs=1 cs=1]
              RenderText {#text} at (2,2) size 29x19
                text run at (2,2) width 29: "Data"
            RenderTableCell {TD} at (72,26) size 33x24 [border: (1px solid #000000)] [r=1 c=2 rs=1 cs=1]
              RenderText {#text} at (2,2) size 29x19
                text run at (2,2) width 29: "Data"
        RenderTableSection {TBODY} at (0,54) size 107x78
          RenderTableRow {TR} at (0,0) size 107x24
            RenderTableCell {TD} at (2,0) size 33x24 [border: (1px solid #000000)] [r=0 c=0 rs=1 cs=1]
              RenderText {#text} at (2,2) size 29x19
                text run at (2,2) width 29: "Data"
            RenderTableCell {TD} at (37,0) size 33x24 [border: (1px solid #000000)] [r=0 c=1 rs=1 cs=1]
              RenderText {#text} at (2,2) size 29x19
                text run at (2,2) width 29: "Data"
            RenderTableCell {TD} at (72,0) size 33x24 [border: (1px solid #000000)] [r=0 c=2 rs=1 cs=1]
              RenderText {#text} at (2,2) size 29x19
                text run at (2,2) width 29: "Data"
          RenderTableRow {TR} at (0,26) size 107x24
            RenderTableCell {TD} at (2,26) size 33x24 [border: (1px solid #000000)] [r=1 c=0 rs=1 cs=1]
              RenderText {#text} at (2,2) size 29x19
                text run at (2,2) width 29: "Data"
            RenderTableCell {TD} at (37,26) size 33x24 [border: (1px solid #000000)] [r=1 c=1 rs=1 cs=1]
              RenderText {#text} at (2,2) size 29x19
                text run at (2,2) width 29: "Data"
            RenderTableCell {TD} at (72,26) size 33x24 [border: (1px solid #000000)] [r=1 c=2 rs=1 cs=1]
              RenderText {#text} at (2,2) size 29x19
                text run at (2,2) width 29: "Data"
          RenderTableRow {TR} at (0,52) size 107x24
            RenderTableCell {TD} at (2,52) size 33x24 [border: (1px solid #000000)] [r=2 c=0 rs=1 cs=1]
              RenderText {#text} at (2,2) size 29x19
                text run at (2,2) width 29: "Data"
            RenderTableCell {TD} at (37,52) size 33x24 [border: (1px solid #000000)] [r=2 c=1 rs=1 cs=1]
              RenderText {#text} at (2,2) size 29x19
                text run at (2,2) width 29: "Data"
            RenderTableCell {TD} at (72,52) size 33x24 [border: (1px solid #000000)] [r=2 c=2 rs=1 cs=1]
              RenderText {#text} at (2,2) size 29x19
                text run at (2,2) width 29: "Data"
      RenderBlock {P} at (0,3608) size 769x21
        RenderText {#text} at (0,0) size 454x19
          text run at (0,0) width 454: "The following table should look normal, since very small heights get ignored:"
      RenderTable {TABLE} at (0,3644) size 107x29
        RenderTableSection {TBODY} at (0,0) size 107x28
          RenderTableRow {TR} at (0,2) size 107x24
            RenderTableCell {TD} at (2,2) size 33x24 [border: (1px solid #000000)] [r=0 c=0 rs=1 cs=1]
              RenderText {#text} at (2,2) size 29x19
                text run at (2,2) width 29: "Data"
            RenderTableCell {TD} at (37,2) size 33x24 [border: (1px solid #000000)] [r=0 c=1 rs=1 cs=1]
              RenderText {#text} at (2,2) size 29x19
                text run at (2,2) width 29: "Data"
            RenderTableCell {TD} at (72,2) size 33x24 [border: (1px solid #000000)] [r=0 c=2 rs=1 cs=1]
              RenderText {#text} at (2,2) size 29x19
                text run at (2,2) width 29: "Data"
      RenderBlock {P} at (0,3688) size 769x21
        RenderText {#text} at (0,0) size 237x19
          text run at (0,0) width 237: "So should this one, for auto cell heights:"
      RenderTable {TABLE} at (0,3724) size 107x29
        RenderTableSection {TBODY} at (0,0) size 107x28
          RenderTableRow {TR} at (0,2) size 107x24
            RenderTableCell {TD} at (2,2) size 33x24 [border: (1px solid #000000)] [r=0 c=0 rs=1 cs=1]
              RenderText {#text} at (2,2) size 29x19
                text run at (2,2) width 29: "Data"
            RenderTableCell {TD} at (37,2) size 33x24 [border: (1px solid #000000)] [r=0 c=1 rs=1 cs=1]
              RenderText {#text} at (2,2) size 29x19
                text run at (2,2) width 29: "Data"
            RenderTableCell {TD} at (72,2) size 33x24 [border: (1px solid #000000)] [r=0 c=2 rs=1 cs=1]
              RenderText {#text} at (2,2) size 29x19
                text run at (2,2) width 29: "Data"
      RenderBlock {P} at (0,3768) size 769x21
        RenderText {#text} at (0,0) size 598x19
          text run at (0,0) width 598: "These tables should look the same - all cells should be 100px tall with the text at the top of the cells:"
      RenderTable {TABLE} at (0,3804) size 107x109
        RenderTableSection {TBODY} at (0,0) size 107x108
          RenderTableRow {TR} at (0,2) size 107x104
            RenderTableCell {TD} at (2,2) size 33x24 [border: (1px solid #000000)] [r=0 c=0 rs=1 cs=1]
              RenderText {#text} at (2,2) size 29x19
                text run at (2,2) width 29: "Data"
            RenderTableCell {TD} at (37,2) size 33x24 [border: (1px solid #000000)] [r=0 c=1 rs=1 cs=1]
              RenderText {#text} at (2,2) size 29x19
                text run at (2,2) width 29: "Data"
            RenderTableCell {TD} at (72,2) size 33x24 [border: (1px solid #000000)] [r=0 c=2 rs=1 cs=1]
              RenderText {#text} at (2,2) size 29x19
                text run at (2,2) width 29: "Data"
      RenderTable {TABLE} at (0,3912) size 107x109
        RenderTableSection {TBODY} at (0,0) size 107x108
          RenderTableRow {TR} at (0,2) size 107x104
            RenderTableCell {TD} at (2,42) size 33x24 [border: (1px solid #000000)] [r=0 c=0 rs=1 cs=1]
              RenderText {#text} at (2,2) size 29x19
                text run at (2,2) width 29: "Data"
            RenderTableCell {TD} at (37,42) size 33x24 [border: (1px solid #000000)] [r=0 c=1 rs=1 cs=1]
              RenderText {#text} at (2,2) size 29x19
                text run at (2,2) width 29: "Data"
            RenderTableCell {TD} at (72,42) size 33x24 [border: (1px solid #000000)] [r=0 c=2 rs=1 cs=1]
              RenderText {#text} at (2,2) size 29x19
                text run at (2,2) width 29: "Data"
      RenderTable {TABLE} at (0,4020) size 107x109
        RenderTableSection {TBODY} at (0,0) size 107x108
          RenderTableRow {TR} at (0,2) size 107x104
            RenderTableCell {TD} at (2,2) size 33x24 [border: (1px solid #000000)] [r=0 c=0 rs=1 cs=1]
              RenderText {#text} at (2,2) size 29x19
                text run at (2,2) width 29: "Data"
            RenderTableCell {TD} at (37,2) size 33x24 [border: (1px solid #000000)] [r=0 c=1 rs=1 cs=1]
              RenderText {#text} at (2,2) size 29x19
                text run at (2,2) width 29: "Data"
            RenderTableCell {TD} at (72,2) size 33x24 [border: (1px solid #000000)] [r=0 c=2 rs=1 cs=1]
              RenderText {#text} at (2,2) size 29x19
                text run at (2,2) width 29: "Data"
      RenderTable {TABLE} at (0,4128) size 107x109
        RenderTableSection {TBODY} at (0,0) size 107x108
          RenderTableRow {TR} at (0,2) size 107x104
            RenderTableCell {TD} at (2,2) size 33x24 [border: (1px solid #000000)] [r=0 c=0 rs=1 cs=1]
              RenderText {#text} at (2,2) size 29x19
                text run at (2,2) width 29: "Data"
            RenderTableCell {TD} at (37,2) size 33x24 [border: (1px solid #000000)] [r=0 c=1 rs=1 cs=1]
              RenderText {#text} at (2,2) size 29x19
                text run at (2,2) width 29: "Data"
            RenderTableCell {TD} at (72,2) size 33x24 [border: (1px solid #000000)] [r=0 c=2 rs=1 cs=1]
              RenderText {#text} at (2,2) size 29x19
                text run at (2,2) width 29: "Data"
      RenderBlock {P} at (0,4252) size 769x21
        RenderText {#text} at (0,0) size 684x19
          text run at (0,0) width 684: "In these four tables, the text should be 20px lower each cell, but should otherwise look like the above three tables:"
      RenderTable {TABLE} at (0,4288) size 103x109
        RenderTableSection {TBODY} at (0,0) size 103x108
          RenderTableRow {TR} at (0,2) size 103x104
            RenderTableCell {TD} at (2,2) size 33x24 [border: (1px solid #000000)] [r=0 c=0 rs=1 cs=1]
              RenderText {#text} at (2,2) size 29x19
                text run at (2,2) width 29: "Data"
            RenderTableCell {TD} at (37,2) size 31x62 [border: (1px solid #000000)] [r=0 c=1 rs=1 cs=1]
              RenderText {#text} at (1,21) size 29x19
                text run at (1,21) width 29: "Data"
            RenderTableCell {TD} at (70,2) size 31x102 [border: (1px solid #000000)] [r=0 c=2 rs=1 cs=1]
              RenderText {#text} at (1,41) size 29x19
                text run at (1,41) width 29: "Data"
      RenderTable {TABLE} at (0,4396) size 103x109
        RenderTableSection {TBODY} at (0,0) size 103x108
          RenderTableRow {TR} at (0,2) size 103x104
            RenderTableCell {TD} at (2,2) size 33x24 [border: (1px solid #000000)] [r=0 c=0 rs=1 cs=1]
              RenderText {#text} at (2,2) size 29x19
                text run at (2,2) width 29: "Data"
            RenderTableCell {TD} at (37,2) size 31x42 [border: (1px solid #000000)] [r=0 c=1 rs=1 cs=1]
              RenderText {#text} at (1,21) size 29x19
                text run at (1,21) width 29: "Data"
            RenderTableCell {TD} at (70,2) size 31x62 [border: (1px solid #000000)] [r=0 c=2 rs=1 cs=1]
              RenderText {#text} at (1,41) size 29x19
                text run at (1,41) width 29: "Data"
      RenderTable {TABLE} at (0,4504) size 103x109
        RenderTableSection {TBODY} at (0,0) size 103x108
          RenderTableRow {TR} at (0,2) size 103x104
            RenderTableCell {TD} at (2,42) size 33x24 [border: (1px solid #000000)] [r=0 c=0 rs=1 cs=1]
              RenderText {#text} at (2,2) size 29x19
                text run at (2,2) width 29: "Data"
            RenderTableCell {TD} at (37,23) size 31x62 [border: (1px solid #000000)] [r=0 c=1 rs=1 cs=1]
              RenderText {#text} at (1,21) size 29x19
                text run at (1,21) width 29: "Data"
            RenderTableCell {TD} at (70,3) size 31x102 [border: (1px solid #000000)] [r=0 c=2 rs=1 cs=1]
              RenderText {#text} at (1,41) size 29x19
                text run at (1,41) width 29: "Data"
      RenderTable {TABLE} at (0,4612) size 107x109
        RenderTableSection {TBODY} at (0,0) size 107x108
          RenderTableRow {TR} at (0,2) size 107x104
            RenderTableCell {TD} at (2,42) size 33x24 [border: (1px solid #000000)] [r=0 c=0 rs=1 cs=1]
              RenderText {#text} at (2,2) size 29x19
                text run at (2,2) width 29: "Data"
            RenderTableCell {TD} at (37,42) size 33x24 [border: (1px solid #000000)] [r=0 c=1 rs=1 cs=1]
              RenderText {#text} at (2,2) size 29x19
                text run at (2,2) width 29: "Data"
            RenderTableCell {TD} at (72,42) size 33x24 [border: (1px solid #000000)] [r=0 c=2 rs=1 cs=1]
              RenderText {#text} at (2,2) size 29x19
                text run at (2,2) width 29: "Data"
      RenderBlock {P} at (0,4736) size 769x21
        RenderText {#text} at (0,0) size 350x19
          text run at (0,0) width 350: "These should have the text 40px from the top in every cell:"
      RenderTable {TABLE} at (0,4772) size 103x108
        RenderTableSection {TBODY} at (0,0) size 103x107
          RenderTableRow {TR} at (0,2) size 103x103
            RenderTableCell {TD} at (2,41) size 33x24 [border: (1px solid #000000)] [r=0 c=0 rs=1 cs=1]
              RenderText {#text} at (2,2) size 29x19
                text run at (2,2) width 29: "Data"
            RenderTableCell {TD} at (37,22) size 31x62 [border: (1px solid #000000)] [r=0 c=1 rs=1 cs=1]
              RenderText {#text} at (1,21) size 29x19
                text run at (1,21) width 29: "Data"
            RenderTableCell {TD} at (70,2) size 31x102 [border: (1px solid #000000)] [r=0 c=2 rs=1 cs=1]
              RenderText {#text} at (1,41) size 29x19
                text run at (1,41) width 29: "Data"
      RenderTable {TABLE} at (0,4879) size 103x107
        RenderTableSection {TBODY} at (0,0) size 103x106
          RenderTableRow {TR} at (0,2) size 103x102
            RenderTableCell {TD} at (2,41) size 33x24 [border: (1px solid #000000)] [r=0 c=0 rs=1 cs=1]
              RenderText {#text} at (2,2) size 29x19
                text run at (2,2) width 29: "Data"
            RenderTableCell {TD} at (37,22) size 31x42 [border: (1px solid #000000)] [r=0 c=1 rs=1 cs=1]
              RenderText {#text} at (1,21) size 29x19
                text run at (1,21) width 29: "Data"
            RenderTableCell {TD} at (70,2) size 31x62 [border: (1px solid #000000)] [r=0 c=2 rs=1 cs=1]
              RenderText {#text} at (1,41) size 29x19
                text run at (1,41) width 29: "Data"
      RenderTable {TABLE} at (0,4985) size 103x107
        RenderTableSection {TBODY} at (0,0) size 103x106
          RenderTableRow {TR} at (0,2) size 103x102
            RenderTableCell {TD} at (2,41) size 33x24 [border: (1px solid #000000)] [r=0 c=0 rs=1 cs=1]
              RenderText {#text} at (2,2) size 29x19
                text run at (2,2) width 29: "Data"
            RenderTableCell {TD} at (37,22) size 31x62 [border: (1px solid #000000)] [r=0 c=1 rs=1 cs=1]
              RenderText {#text} at (1,21) size 29x19
                text run at (1,21) width 29: "Data"
            RenderTableCell {TD} at (70,2) size 31x102 [border: (1px solid #000000)] [r=0 c=2 rs=1 cs=1]
              RenderText {#text} at (1,41) size 29x19
                text run at (1,41) width 29: "Data"
      RenderTable {TABLE} at (0,5091) size 103x107
        RenderTableSection {TBODY} at (0,0) size 103x106
          RenderTableRow {TR} at (0,2) size 103x102
            RenderTableCell {TD} at (2,80) size 33x24 [border: (1px solid #000000)] [r=0 c=0 rs=1 cs=1]
              RenderText {#text} at (2,2) size 29x19
                text run at (2,2) width 29: "Data"
            RenderTableCell {TD} at (37,42) size 31x62 [border: (1px solid #000000)] [r=0 c=1 rs=1 cs=1]
              RenderText {#text} at (1,21) size 29x19
                text run at (1,21) width 29: "Data"
            RenderTableCell {TD} at (70,2) size 31x102 [border: (1px solid #000000)] [r=0 c=2 rs=1 cs=1]
              RenderText {#text} at (1,41) size 29x19
                text run at (1,41) width 29: "Data"
      RenderTable {TABLE} at (0,5197) size 103x69
        RenderTableSection {TBODY} at (0,0) size 103x68
          RenderTableRow {TR} at (0,2) size 103x64
            RenderTableCell {TD} at (2,42) size 33x24 [border: (1px solid #000000)] [r=0 c=0 rs=1 cs=1]
              RenderText {#text} at (2,2) size 29x19
                text run at (2,2) width 29: "Data"
            RenderTableCell {TD} at (37,24) size 31x42 [border: (1px solid #000000)] [r=0 c=1 rs=1 cs=1]
              RenderText {#text} at (1,1) size 29x19
                text run at (1,1) width 29: "Data"
            RenderTableCell {TD} at (70,4) size 31x62 [border: (1px solid #000000)] [r=0 c=2 rs=1 cs=1]
              RenderText {#text} at (1,1) size 29x19
                text run at (1,1) width 29: "Data"
      RenderBlock {P} at (0,5281) size 769x41
        RenderText {#text} at (0,0) size 754x39
          text run at (0,0) width 754: "In each of the following tables, three of the cells should have the same baseline of the first line, and the three so marked should"
          text run at (0,20) width 213: "be aligned top, middle, and bottom:"
      RenderTable {TABLE} at (0,5337) size 452x122
        RenderTableSection {TBODY} at (0,0) size 452x121
          RenderTableRow {TR} at (0,2) size 452x117
            RenderTableCell {TD} at (2,75) size 33x24 [border: (1px solid #000000)] [r=0 c=0 rs=1 cs=1]
              RenderText {#text} at (2,2) size 29x19
                text run at (2,2) width 29: "Data"
            RenderTableCell {TD} at (37,46) size 94x61 [border: (1px solid #000000)] [r=0 c=1 rs=1 cs=1]
              RenderText {#text} at (2,3) size 90x55
                text run at (2,3) width 90: "Data"
            RenderTableCell {TD} at (133,2) size 186x117 [border: (1px solid #000000)] [r=0 c=2 rs=1 cs=1]
              RenderText {#text} at (2,4) size 182x109
                text run at (2,4) width 182: "Data"
            RenderTableCell {TD} at (321,2) size 29x24 [border: (1px solid #000000)] [r=0 c=3 rs=1 cs=1]
              RenderText {#text} at (2,2) size 25x19
                text run at (2,2) width 25: "Top"
            RenderTableCell {TD} at (352,48) size 47x25 [border: (1px solid #000000)] [r=0 c=4 rs=1 cs=1]
              RenderText {#text} at (2,2) size 43x20
                text run at (2,3) width 43: "Middle"
            RenderTableCell {TD} at (401,95) size 49x24 [border: (1px solid #000000)] [r=0 c=5 rs=1 cs=1]
              RenderText {#text} at (2,2) size 45x19
                text run at (2,2) width 45: "Bottom"
      RenderTable {TABLE} at (0,5458) size 452x122
        RenderTableSection {TBODY} at (0,0) size 452x121
          RenderTableRow {TR} at (0,2) size 452x117
            RenderTableCell {TD} at (2,2) size 29x24 [border: (1px solid #000000)] [r=0 c=0 rs=1 cs=1]
              RenderText {#text} at (2,2) size 25x19
                text run at (2,2) width 25: "Top"
            RenderTableCell {TD} at (33,48) size 47x25 [border: (1px solid #000000)] [r=0 c=1 rs=1 cs=1]
              RenderText {#text} at (2,2) size 43x20
                text run at (2,3) width 43: "Middle"
            RenderTableCell {TD} at (82,95) size 49x24 [border: (1px solid #000000)] [r=0 c=2 rs=1 cs=1]
              RenderText {#text} at (2,2) size 45x19
                text run at (2,2) width 45: "Bottom"
            RenderTableCell {TD} at (133,2) size 186x117 [border: (1px solid #000000)] [r=0 c=3 rs=1 cs=1]
              RenderText {#text} at (2,4) size 182x109
                text run at (2,4) width 182: "Data"
            RenderTableCell {TD} at (321,75) size 33x24 [border: (1px solid #000000)] [r=0 c=4 rs=1 cs=1]
              RenderText {#text} at (2,2) size 29x19
                text run at (2,2) width 29: "Data"
            RenderTableCell {TD} at (356,46) size 94x61 [border: (1px solid #000000)] [r=0 c=5 rs=1 cs=1]
              RenderText {#text} at (2,3) size 90x55
                text run at (2,3) width 90: "Data"
      RenderTable {TABLE} at (0,5579) size 452x122
        RenderTableSection {TBODY} at (0,0) size 452x121
          RenderTableRow {TR} at (0,2) size 452x117
            RenderTableCell {TD} at (2,2) size 186x117 [border: (1px solid #000000)] [r=0 c=0 rs=1 cs=1]
              RenderText {#text} at (2,4) size 182x109
                text run at (2,4) width 182: "Data"
            RenderTableCell {TD} at (190,2) size 29x24 [border: (1px solid #000000)] [r=0 c=1 rs=1 cs=1]
              RenderText {#text} at (2,2) size 25x19
                text run at (2,2) width 25: "Top"
            RenderTableCell {TD} at (221,48) size 47x25 [border: (1px solid #000000)] [r=0 c=2 rs=1 cs=1]
              RenderText {#text} at (2,2) size 43x20
                text run at (2,3) width 43: "Middle"
            RenderTableCell {TD} at (270,75) size 33x24 [border: (1px solid #000000)] [r=0 c=3 rs=1 cs=1]
              RenderText {#text} at (2,2) size 29x19
                text run at (2,2) width 29: "Data"
            RenderTableCell {TD} at (305,95) size 49x24 [border: (1px solid #000000)] [r=0 c=4 rs=1 cs=1]
              RenderText {#text} at (2,2) size 45x19
                text run at (2,2) width 45: "Bottom"
            RenderTableCell {TD} at (356,46) size 94x61 [border: (1px solid #000000)] [r=0 c=5 rs=1 cs=1]
              RenderText {#text} at (2,3) size 90x55
                text run at (2,3) width 90: "Data"
      RenderTable {TABLE} at (0,5700) size 452x122
        RenderTableSection {TBODY} at (0,0) size 452x121
          RenderTableRow {TR} at (0,2) size 452x117
            RenderTableCell {TD} at (2,2) size 29x24 [border: (1px solid #000000)] [r=0 c=0 rs=1 cs=1]
              RenderText {#text} at (2,2) size 25x19
                text run at (2,2) width 25: "Top"
            RenderTableCell {TD} at (33,75) size 33x24 [border: (1px solid #000000)] [r=0 c=1 rs=1 cs=1]
              RenderText {#text} at (2,2) size 29x19
                text run at (2,2) width 29: "Data"
            RenderTableCell {TD} at (68,46) size 94x61 [border: (1px solid #000000)] [r=0 c=2 rs=1 cs=1]
              RenderText {#text} at (2,3) size 90x55
                text run at (2,3) width 90: "Data"
            RenderTableCell {TD} at (164,48) size 47x25 [border: (1px solid #000000)] [r=0 c=3 rs=1 cs=1]
              RenderText {#text} at (2,2) size 43x20
                text run at (2,3) width 43: "Middle"
            RenderTableCell {TD} at (213,95) size 49x24 [border: (1px solid #000000)] [r=0 c=4 rs=1 cs=1]
              RenderText {#text} at (2,2) size 45x19
                text run at (2,2) width 45: "Bottom"
            RenderTableCell {TD} at (264,2) size 186x117 [border: (1px solid #000000)] [r=0 c=5 rs=1 cs=1]
              RenderText {#text} at (2,4) size 182x109
                text run at (2,4) width 182: "Data"
      RenderTable {TABLE} at (0,5821) size 452x122
        RenderTableSection {TBODY} at (0,0) size 452x121
          RenderTableRow {TR} at (0,2) size 452x117
            RenderTableCell {TD} at (2,2) size 29x24 [border: (1px solid #000000)] [r=0 c=0 rs=1 cs=1]
              RenderText {#text} at (2,2) size 25x19
                text run at (2,2) width 25: "Top"
            RenderTableCell {TD} at (33,46) size 94x61 [border: (1px solid #000000)] [r=0 c=1 rs=1 cs=1]
              RenderText {#text} at (2,3) size 90x55
                text run at (2,3) width 90: "Data"
            RenderTableCell {TD} at (129,95) size 49x24 [border: (1px solid #000000)] [r=0 c=2 rs=1 cs=1]
              RenderText {#text} at (2,2) size 45x19
                text run at (2,2) width 45: "Bottom"
            RenderTableCell {TD} at (180,75) size 33x24 [border: (1px solid #000000)] [r=0 c=3 rs=1 cs=1]
              RenderText {#text} at (2,2) size 29x19
                text run at (2,2) width 29: "Data"
            RenderTableCell {TD} at (215,2) size 186x117 [border: (1px solid #000000)] [r=0 c=4 rs=1 cs=1]
              RenderText {#text} at (2,4) size 182x109
                text run at (2,4) width 182: "Data"
            RenderTableCell {TD} at (403,48) size 47x25 [border: (1px solid #000000)] [r=0 c=5 rs=1 cs=1]
              RenderText {#text} at (2,2) size 43x20
                text run at (2,3) width 43: "Middle"
      RenderBlock {HR} at (0,5950) size 769x3 [border: (1px inset #000000)]
      RenderBlock {P} at (0,5968) size 769x37
        RenderInline {A} at (0,0) size 88x19 [color=#0000EE]
          RenderImage {IMG} at (0,0) size 88x31
      RenderBlock {P} at (0,6020) size 769x21
        RenderText {#text} at (0,0) size 57x19
          text run at (0,0) width 57: "(Back to "
        RenderInline {A} at (0,0) size 149x19 [color=#0000EE]
          RenderText {#text} at (57,0) size 149x19
            text run at (57,0) width 149: "CSS Testing Information"
        RenderText {#text} at (206,0) size 8x19
          text run at (206,0) width 8: ", "
        RenderInline {A} at (0,0) size 77x19 [color=#0000EE]
          RenderText {#text} at (214,0) size 77x19
            text run at (214,0) width 77: "David Baron"
        RenderText {#text} at (291,0) size 5x19
          text run at (291,0) width 5: ")"
      RenderBlock {P} at (0,6056) size 769x21
        RenderInline {A} at (0,0) size 30x19 [color=#0000EE]
          RenderText {#text} at (0,0) size 30x19
            text run at (0,0) width 30: "LDB"
        RenderText {#text} at (30,0) size 8x19
          text run at (30,0) width 8: ", "
        RenderInline {A} at (0,0) size 151x19 [color=#0000EE]
          RenderText {#text} at (38,0) size 151x19
            text run at (38,0) width 151: "dbaron@fas.harvard.edu"
