layer at (0,0) size 800x600
  RenderView at (0,0) size 800x600
layer at (0,0) size 800x600
  RenderBlock {HTML} at (0,0) size 800x600
    RenderBody {BODY} at (8,8) size 784x576
      RenderBlock {FORM} at (0,0) size 784x30
        RenderTable {TABLE} at (0,0) size 704x30 [bgcolor=#FFE030] [border: (1px outset #808080)]
          RenderTableSection {TBODY} at (1,1) size 702x28
            RenderTableRow {TR} at (0,0) size 702x28
              RenderTableCell {TD} at (0,0) size 702x28 [border: (1px inset #808080)] [r=0 c=0 rs=1 cs=1]
                RenderInline {NOBR} at (0,0) size 700x19
                  RenderTextControl {INPUT} at (3,3) size 220x22 [bgcolor=#FFFFFF] [border: (2px inset #000000)]
                  RenderText {#text} at (225,4) size 14x19
                    text run at (225,4) width 14: " - "
                  RenderTextControl {INPUT} at (241,3) size 220x22 [bgcolor=#FFFFFF] [border: (2px inset #000000)]
                  RenderText {#text} at (463,4) size 14x19
                    text run at (463,4) width 14: " - "
                  RenderTextControl {INPUT} at (479,3) size 220x22 [bgcolor=#FFFFFF] [border: (2px inset #000000)]
                RenderText {#text} at (0,0) size 0x0
            RenderTableRow {TR} at (0,28) size 702x0
layer at (14,15) size 216x16
  RenderBlock {DIV} at (2,3) size 216x16
layer at (252,15) size 216x16
  RenderBlock {DIV} at (2,3) size 216x16
layer at (490,15) size 216x16
  RenderBlock {DIV} at (2,3) size 216x16
