layer at (0,0) size 800x600
  RenderView at (0,0) size 800x600
layer at (0,0) size 800x600
  RenderBlock {HTML} at (0,0) size 800x600
    RenderBody {BODY} at (8,8) size 784x584
      RenderTable {TABLE} at (0,0) size 77x584 [border: (1px outset #808080)]
        RenderTableSection {TBODY} at (1,1) size 75x582
          RenderTableRow {TR} at (0,0) size 75x408
            RenderTableCell {TD} at (0,191) size 75x25 [border: (1px inset #808080)] [r=0 c=0 rs=1 cs=1]
              RenderText {#text} at (2,2) size 71x20
                text run at (2,3) width 71: "height: 70%"
          RenderTableRow {TR} at (0,407) size 75x175
            RenderTableCell {TD} at (0,482) size 75x25 [border: (1px inset #808080)] [r=1 c=0 rs=1 cs=1]
              RenderText {#text} at (2,1) size 71x20
                text run at (2,2) width 71: "height: 30%"
