layer at (0,0) size 785x2016
  RenderView at (0,0) size 785x600
layer at (0,0) size 785x2016
  RenderBlock {HTML} at (0,0) size 785x2016
    RenderBody {BODY} at (0,0) size 785x2016 [bgcolor=#53799F]
      RenderBlock {CENTER} at (0,0) size 785x2016
        RenderBlock (anonymous) at (0,0) size 785x20
          RenderBR {BR} at (392,0) size 1x19
        RenderTable {TABLE} at (19,20) size 747x1976 [border: (1px solid #000000)]
          RenderTableSection {TBODY} at (1,1) size 744x1974
            RenderTableRow {TR} at (0,0) size 744x22
              RenderTableCell {TD} at (0,0) size 744x22 [bgcolor=#3F5694] [border: (1px solid #000000)] [r=0 c=0 rs=1 cs=1]
                RenderText {#text} at (353,1) size 37x19
                  text run at (353,1) width 37: "News"
            RenderTableRow {TR} at (0,22) size 744x42
              RenderTableCell {TD} at (0,22) size 744x42 [border: (1px solid #000000)] [r=1 c=0 rs=1 cs=1]
                RenderInline {B} at (0,0) size 97x19
                  RenderText {#text} at (323,1) size 97x19
                    text run at (323,1) width 97: "11. M\x{E4}rz 2002"
                RenderBR {BR} at (419,16) size 1x0
                RenderText {#text} at (73,21) size 597x19
                  text run at (73,21) width 467: "nun gibt es auch eine kommerzielle Version vom PopUp-Manager, mehr Info "
                  text run at (539,21) width 131: "unter komerz. Scripte"
            RenderTableRow {TR} at (0,64) size 744x42
              RenderTableCell {TD} at (0,64) size 744x42 [border: (1px solid #000000)] [r=2 c=0 rs=1 cs=1]
                RenderInline {B} at (0,0) size 93x19
                  RenderText {#text} at (325,1) size 93x19
                    text run at (325,1) width 93: "09.M\x{E4}rz 2002"
                  RenderBR {BR} at (417,16) size 1x0
                RenderText {#text} at (177,21) size 390x19
                  text run at (177,21) width 390: "neues Script ist online, PopUp-Manager, mehr Info unter Scripte"
            RenderTableRow {TR} at (0,106) size 744x42
              RenderTableCell {TD} at (0,106) size 744x42 [border: (1px solid #000000)] [r=3 c=0 rs=1 cs=1]
                RenderText {#text} at (309,1) size 126x19
                  text run at (309,1) width 126: "17. November 2001"
                RenderBR {BR} at (434,16) size 1x0
                RenderText {#text} at (294,21) size 156x19
                  text run at (294,21) width 156: "Endlich wieder Online! :-)"
            RenderTableRow {TR} at (0,148) size 744x182
              RenderTableCell {TD} at (0,148) size 744x182 [border: (1px solid #000000)] [r=4 c=0 rs=1 cs=1]
                RenderText {#text} at (277,1) size 189x19
                  text run at (277,1) width 189: "23. Oktober 2001 (21:00 Uhr)"
                RenderBR {BR} at (465,16) size 1x0
                RenderText {#text} at (319,21) size 105x19
                  text run at (319,21) width 105: "Es ist vollbracht! "
                RenderBR {BR} at (423,36) size 1x0
                RenderText {#text} at (219,41) size 306x19
                  text run at (219,41) width 306: "Ich habe nun den .htaccess-BUG bei den Scripten:"
                RenderBR {BR} at (524,56) size 1x0
                RenderText {#text} at (120,61) size 504x19
                  text run at (120,61) width 504: "The Real Topsites, Sponsor Manager, Download Manager und Password Manager"
                RenderBR {BR} at (623,76) size 1x0
                RenderText {#text} at (137,81) size 469x19
                  text run at (137,81) width 410: "abgeschafft, brauchte 2 Tage daf\x{FC}r, dabei lag der Fehler vor meiner "
                  text run at (546,81) width 60: "Nase ! :-)"
                RenderBR {BR} at (605,96) size 1x0
                RenderText {#text} at (10,101) size 738x79
                  text run at (10,101) width 360: "F\x{FC}r Euch hei\x{DF}t es, wenn Ihr eines der Scripte benutzt, ladet "
                  text run at (369,101) width 364: "Euch die admin.cgi runter und vereinbart unbedingt ein neues"
                  text run at (3,121) width 70: "Password! "
                  text run at (72,121) width 434: "Au\x{DF}erdem wurde bei der Toplist die Sache mit dem Button Load/Klick "
                  text run at (505,121) width 236: "um programmiert, f\x{FC}r die Leute die den"
                  text run at (7,141) width 209: "Button Load/Klick Modus haben, "
                  text run at (215,141) width 421: "Ihr m\x{FC}st Euch auch die topsites.cgi laden und im Admin Bereich unter "
                  text run at (635,141) width 102: "Modus unten die"
                  text run at (275,161) width 194: "URL zu Eurem Button angeben!"
            RenderTableRow {TR} at (0,330) size 744x42
              RenderTableCell {TD} at (0,330) size 744x42 [border: (1px solid #000000)] [r=5 c=0 rs=1 cs=1]
                RenderText {#text} at (315,1) size 113x19
                  text run at (315,1) width 113: "22. Oktober 2001"
                RenderBR {BR} at (427,16) size 1x0
                RenderText {#text} at (143,21) size 458x19
                  text run at (143,21) width 413: "Download-Bereich ist vorrerst geschlo\x{DF}en, kommen Sie bitte sp\x{E4}ter "
                  text run at (555,21) width 46: "wieder."
            RenderTableRow {TR} at (0,372) size 744x62
              RenderTableCell {TD} at (0,372) size 744x62 [border: (1px solid #000000)] [r=6 c=0 rs=1 cs=1]
                RenderText {#text} at (277,1) size 189x19
                  text run at (277,1) width 189: "21. Oktober 2001 (22:45 Uhr)"
                RenderBR {BR} at (465,16) size 1x0
                RenderText {#text} at (25,21) size 694x39
                  text run at (25,21) width 387: "OK, sorry f\x{FC}r die Unannehmlichkeiten, aber Ihr m\x{FC}sst Euch nun "
                  text run at (411,21) width 308: "noch mal die Scripte runter laden und die admin.cgi"
                  text run at (93,41) width 133: "erneuern, hier kommt "
                  text run at (225,41) width 426: "noch das Password-Manager-Script dazu, sollte jetzt alles sicher sein! "
                RenderBR {BR} at (650,56) size 1x0
            RenderTableRow {TR} at (0,434) size 744x122
              RenderTableCell {TD} at (0,434) size 744x122 [border: (1px solid #000000)] [r=7 c=0 rs=1 cs=1]
                RenderText {#text} at (277,1) size 189x19
                  text run at (277,1) width 189: "21. Oktober 2001 (20:50 Uhr)"
                RenderBR {BR} at (465,16) size 1x0
                RenderText {#text} at (189,21) size 365x19
                  text run at (189,21) width 365: "An alle Leute die follgende Scripte von G5-Scripts benutzen:"
                RenderBR {BR} at (553,36) size 1x0
                RenderText {#text} at (196,41) size 351x19
                  text run at (196,41) width 351: "The Real Topsites, Download Counter, Sponsor Manager"
                RenderBR {BR} at (546,56) size 1x0
                RenderText {#text} at (52,61) size 639x19
                  text run at (52,61) width 442: "bitte noch ein mal runter laden und die admin.cgi erneuern, beim Sponsor "
                  text run at (493,61) width 198: "Manager kommt noch eine Datei"
                RenderBR {BR} at (690,76) size 1x0
                RenderText {#text} at (316,81) size 111x19
                  text run at (316,81) width 111: "'variable.pl' dazu!!"
                RenderBR {BR} at (426,96) size 1x0
                RenderText {#text} at (96,101) size 551x19
                  text run at (96,101) width 452: "Der Grund : man hat festgestellt das .htaccess Password Schutz doch nicht "
                  text run at (547,101) width 100: "das sicherste ist!"
            RenderTableRow {TR} at (0,556) size 744x178
              RenderTableCell {TD} at (0,556) size 744x178 [border: (1px solid #000000)] [r=8 c=0 rs=1 cs=1]
                RenderBlock {P} at (1,1) size 742x120
                  RenderText {#text} at (314,0) size 113x19
                    text run at (314,0) width 113: "13. Oktober 2001"
                  RenderBR {BR} at (426,15) size 1x0
                  RenderText {#text} at (102,20) size 537x19
                    text run at (102,20) width 463: "Ich habe es nun endlich geschafft das Gateway bei der Toplist mit IP-Sperre "
                    text run at (564,20) width 75: "zu versehen,"
                  RenderBR {BR} at (638,35) size 1x0
                  RenderText {#text} at (28,40) size 685x19
                    text run at (28,40) width 423: "dabei war der Fehler den ich vorher nicht verstand eine simple Sache, "
                    text run at (450,40) width 263: "h\x{E4}tte ich doch ein wenig mehr nachgedacht!"
                  RenderBR {BR} at (712,55) size 1x0
                  RenderText {#text} at (11,60) size 734x59
                    text run at (11,60) width 406: "Des weiteren habe ich noch die Datensicherung umgeschrieben, f\x{FC}r "
                    text run at (416,60) width 315: "alle die Listen deren Hits ab und zu mal auf 0 gesetzt"
                    text run at (4,80) width 89: "werden, sollte "
                    text run at (92,80) width 435: "jetzt nicht mehr passieren und ich habe noch den Mail Versand aus dem "
                    text run at (526,80) width 212: "Admin-Bereich umgeschrieben und"
                    text run at (27,100) width 211: "zwar wurde fr\x{FC}her der Text immer "
                    text run at (237,100) width 411: "zusammen gequetscht, die Enters wurden so zu sagen ignoriert, jetzt "
                    text run at (647,100) width 68: "nicht mehr!"
                RenderBlock {P} at (1,137) size 742x40
                  RenderText {#text} at (24,0) size 694x39
                    text run at (24,0) width 362: ">> F\x{FC}r alle die das Script vor dem 11.10.01 runter geladen "
                    text run at (385,0) width 333: "haben, Ihr solltet es Euch noch mal runter laden und die"
                    text run at (156,20) width 113: "folgenden Dateien "
                    text run at (268,20) width 318: "durch die neuen ersetzen: topsites.cgi und admin.cgi ."
            RenderTableRow {TR} at (0,734) size 744x42
              RenderTableCell {TD} at (0,734) size 744x42 [border: (1px solid #000000)] [r=9 c=0 rs=1 cs=1]
                RenderText {#text} at (315,1) size 113x19
                  text run at (315,1) width 113: "11. Oktober 2001"
                RenderBR {BR} at (427,16) size 1x0
                RenderText {#text} at (138,21) size 467x19
                  text run at (138,21) width 467: "neues Script ist online, .htaccess-Password-Manager, mehr Info unter Scripte"
            RenderTableRow {TR} at (0,776) size 744x42
              RenderTableCell {TD} at (0,776) size 744x42 [border: (1px solid #000000)] [r=10 c=0 rs=1 cs=1]
                RenderText {#text} at (308,1) size 127x19
                  text run at (308,1) width 127: "08. September 2001"
                RenderBR {BR} at (434,16) size 1x0
                RenderText {#text} at (214,21) size 315x19
                  text run at (214,21) width 315: "Eine neu Version des Download Counters ist online!"
            RenderTableRow {TR} at (0,818) size 744x62
              RenderTableCell {TD} at (0,818) size 744x62 [border: (1px solid #000000)] [r=11 c=0 rs=1 cs=1]
                RenderText {#text} at (320,1) size 103x19
                  text run at (320,1) width 103: "11. August 2001"
                RenderBR {BR} at (422,16) size 1x0
                RenderText {#text} at (54,21) size 636x19
                  text run at (54,21) width 427: "Ich habe so eben eine random.cgi f\x{FC}r den Topsites Script geschrieben. "
                  text run at (480,21) width 210: "Die random.cgi f\x{FC}hrt den Besucher"
                RenderBR {BR} at (689,36) size 1x0
                RenderText {#text} at (269,41) size 206x19
                  text run at (269,41) width 206: "auf eine zuf\x{E4}llig ausgew\x{E4}hlte Seite."
            RenderTableRow {TR} at (0,880) size 744x62
              RenderTableCell {TD} at (0,880) size 744x62 [border: (1px solid #000000)] [r=12 c=0 rs=1 cs=1]
                RenderText {#text} at (320,1) size 103x19
                  text run at (320,1) width 103: "08. August 2001"
                RenderBR {BR} at (422,16) size 1x0
                RenderText {#text} at (115,21) size 514x19
                  text run at (115,21) width 444: "Ich schreibe gerade eine neue Version von dem Download Counter, bitte "
                  text run at (558,21) width 71: "schreibt mir"
                RenderBR {BR} at (628,36) size 1x0
                RenderText {#text} at (202,41) size 340x19
                  text run at (202,41) width 340: "ins Forum was Ihr da alles haben wollt, wer das benutzt!"
            RenderTableRow {TR} at (0,942) size 744x62
              RenderTableCell {TD} at (0,942) size 744x62 [border: (1px solid #000000)] [r=13 c=0 rs=1 cs=1]
                RenderText {#text} at (332,1) size 80x19
                  text run at (332,1) width 80: "09. Juli 2001"
                RenderBR {BR} at (411,16) size 1x0
                RenderText {#text} at (4,21) size 735x39
                  text run at (4,21) width 430: "eine kleiner Bug in der Topsites.cgi wurde behoben! Wer m\x{F6}chte kann "
                  text run at (433,21) width 306: "sich die jetzige Zip runter laden und die topsites.cgi"
                  text run at (235,41) width 90: "auktualisieren, "
                  text run at (324,41) width 184: "mu\x{DF} aber nicht unbedingt sein!"
            RenderTableRow {TR} at (0,1004) size 744x62
              RenderTableCell {TD} at (0,1004) size 744x62 [border: (1px solid #000000)] [r=14 c=0 rs=1 cs=1]
                RenderText {#text} at (332,1) size 80x19
                  text run at (332,1) width 80: "01. Juli 2001"
                RenderBR {BR} at (411,16) size 1x0
                RenderText {#text} at (103,21) size 538x19
                  text run at (103,21) width 478: "Jetzt haben wir einen Support Forum, postet Eure Fragen da rein und versuche "
                  text run at (580,21) width 61: "Sie alle zu"
                RenderBR {BR} at (640,36) size 1x0
                RenderText {#text} at (78,41) size 588x19
                  text run at (78,41) width 377: "beantworten! Au\x{DF}erdem k\x{F6}nnt Ihr dort auch Eure Vorschl\x{E4}ge "
                  text run at (454,41) width 212: "zu den einzelnen Scripten abgeben!"
            RenderTableRow {TR} at (0,1066) size 744x62
              RenderTableCell {TD} at (0,1066) size 744x62 [border: (1px solid #000000)] [r=15 c=0 rs=1 cs=1]
                RenderText {#text} at (332,1) size 80x19
                  text run at (332,1) width 80: "01. Juli 2001"
                RenderBR {BR} at (411,16) size 1x0
                RenderText {#text} at (130,21) size 484x19
                  text run at (130,21) width 459: "Und wieder eine neue Version von The Real Topsites ist online, die Version "
                  text run at (588,21) width 26: "3.4!"
                RenderBR {BR} at (613,36) size 1x0
                RenderText {#text} at (164,41) size 415x19
                  text run at (164,41) width 415: "Es gibt einige neue Funktionen und es wurde auch einiges verbessert!"
            RenderTableRow {TR} at (0,1128) size 744x62
              RenderTableCell {TD} at (0,1128) size 744x62 [border: (1px solid #000000)] [r=16 c=0 rs=1 cs=1]
                RenderText {#text} at (330,1) size 84x19
                  text run at (330,1) width 84: "20. Juni 2001"
                RenderBR {BR} at (413,16) size 1x0
                RenderText {#text} at (141,21) size 461x19
                  text run at (141,21) width 431: "unser Hoster hat ein paar kleine Probleme also sollte irgend was an der "
                  text run at (571,21) width 31: "Seite"
                RenderBR {BR} at (601,36) size 1x0
                RenderText {#text} at (256,41) size 232x19
                  text run at (256,41) width 232: "nicht gehen, einfach wieder versuchen!"
            RenderTableRow {TR} at (0,1190) size 744x102
              RenderTableCell {TD} at (0,1190) size 744x102 [border: (1px solid #000000)] [r=17 c=0 rs=1 cs=1]
                RenderText {#text} at (330,1) size 84x19
                  text run at (330,1) width 84: "09. Juni 2001"
                RenderBR {BR} at (413,16) size 1x0
                RenderText {#text} at (109,21) size 526x19
                  text run at (109,21) width 423: "Die neue Version (3.3) von The Real Topsites ist online, es gibt einige "
                  text run at (531,21) width 104: "neue Funktionen "
                RenderBR {BR} at (634,36) size 1x0
                RenderText {#text} at (260,41) size 224x19
                  text run at (260,41) width 224: "und es wurde auch einiges ver\x{E4}ndert!"
                RenderBR {BR} at (483,56) size 1x0
                RenderText {#text} at (249,61) size 246x19
                  text run at (249,61) width 246: "Mehr Info unter \"Perl Scripte\" im Men\x{FC}. "
                RenderBR {BR} at (494,76) size 1x0
                RenderText {#text} at (171,81) size 402x19
                  text run at (171,81) width 402: "P.S. den Umstieg auf die Version3.3 kann ich Euch nur empfehlen!"
            RenderTableRow {TR} at (0,1292) size 744x82
              RenderTableCell {TD} at (0,1292) size 744x82 [border: (1px solid #000000)] [r=18 c=0 rs=1 cs=1]
                RenderText {#text} at (330,1) size 84x19
                  text run at (330,1) width 84: "04. Juni 2001"
                RenderBR {BR} at (413,16) size 1x0
                RenderText {#text} at (154,21) size 435x19
                  text run at (154,21) width 435: "Ein kleiner Bug bei Topsites Script wurde gefunden und sofort behoben!"
                RenderBR {BR} at (588,36) size 1x0
                RenderText {#text} at (160,41) size 423x19
                  text run at (160,41) width 423: "Bug: es wurde immer wieder die selbe Site Of The Moment angezeigt!"
                RenderBR {BR} at (582,56) size 1x0
                RenderText {#text} at (163,61) size 418x19
                  text run at (163,61) width 413: "Ladet Euch die jetzige Version runter und ersetzt nur die topsites.cgi "
                  text run at (575,61) width 6: "!"
            RenderTableRow {TR} at (0,1374) size 744x62
              RenderTableCell {TD} at (0,1374) size 744x62 [border: (1px solid #000000)] [r=19 c=0 rs=1 cs=1]
                RenderText {#text} at (330,1) size 84x19
                  text run at (330,1) width 84: "01. Juni 2001"
                RenderBR {BR} at (413,16) size 1x0
                RenderText {#text} at (225,21) size 294x19
                  text run at (225,21) width 294: "Ein neues Script ist online! G5-ICQ Newsletter. "
                RenderBR {BR} at (518,36) size 1x0
                RenderText {#text} at (251,41) size 242x19
                  text run at (251,41) width 242: "Mehr Info unter \"Perl Scripte\" im Men\x{FC}."
            RenderTableRow {TR} at (0,1436) size 744x62
              RenderTableCell {TD} at (0,1436) size 744x62 [border: (1px solid #000000)] [r=20 c=0 rs=1 cs=1]
                RenderText {#text} at (329,1) size 85x19
                  text run at (329,1) width 85: "31. Mai 2001"
                RenderBR {BR} at (413,16) size 1x0
                RenderText {#text} at (172,21) size 399x19
                  text run at (172,21) width 399: "Ich habe einen ICQ-Newsletter Script installiert, unter dem Men\x{FC}."
                RenderBR {BR} at (570,36) size 1x0
                RenderText {#text} at (194,41) size 356x19
                  text run at (194,41) width 356: "Tragt Euch ein, dann seit Ihr immer auf dem neusten Stand!"
            RenderTableRow {TR} at (0,1498) size 744x42
              RenderTableCell {TD} at (0,1498) size 744x42 [border: (1px solid #000000)] [r=21 c=0 rs=1 cs=1]
                RenderText {#text} at (329,1) size 85x19
                  text run at (329,1) width 85: "26. Mai 2001"
                RenderBR {BR} at (413,16) size 1x0
                RenderText {#text} at (271,21) size 202x19
                  text run at (271,21) width 202: "The Real Topsites v3.0 ist online!"
            RenderTableRow {TR} at (0,1540) size 744x62
              RenderTableCell {TD} at (0,1540) size 744x62 [border: (1px solid #000000)] [r=22 c=0 rs=1 cs=1]
                RenderText {#text} at (329,1) size 85x19
                  text run at (329,1) width 85: "25. Mai 2001"
                RenderBR {BR} at (413,16) size 1x0
                RenderText {#text} at (218,21) size 308x19
                  text run at (218,21) width 308: "Ein neues Script ist online! G5-Download Counter."
                RenderBR {BR} at (525,36) size 1x0
                RenderText {#text} at (251,41) size 242x19
                  text run at (251,41) width 242: "Mehr Info unter \"Perl Scripte\" im Men\x{FC}."
            RenderTableRow {TR} at (0,1602) size 744x102
              RenderTableCell {TD} at (0,1602) size 744x102 [border: (1px solid #000000)] [r=23 c=0 rs=1 cs=1]
                RenderText {#text} at (329,1) size 85x19
                  text run at (329,1) width 85: "24. Mai 2001"
                RenderBR {BR} at (413,16) size 1x0
                RenderText {#text} at (138,21) size 468x19
                  text run at (138,21) width 400: "Ich habe es mir sehr lange \x{FC}berlegt, die Entscheidung war wirklich "
                  text run at (537,21) width 69: "nicht leicht!"
                RenderBR {BR} at (605,36) size 1x0
                RenderText {#text} at (112,41) size 519x19
                  text run at (112,41) width 380: "Ich habe mich entschieden den Script \"The Real Topsites\" zum "
                  text run at (491,41) width 140: "Download freizugeben."
                RenderBR {BR} at (630,56) size 1x0
                RenderText {#text} at (233,61) size 277x19
                  text run at (233,61) width 277: "Ihr k\x{F6}nnt es Euch jetzt kostenlos runter laden!"
                RenderBR {BR} at (509,76) size 1x0
                RenderText {#text} at (320,81) size 103x19
                  text run at (320,81) width 103: "Viel Spa\x{DF} damit!"
            RenderTableRow {TR} at (0,1704) size 744x62
              RenderTableCell {TD} at (0,1704) size 744x62 [border: (1px solid #000000)] [r=24 c=0 rs=1 cs=1]
                RenderText {#text} at (329,1) size 85x19
                  text run at (329,1) width 85: "13. Mai 2001"
                RenderBR {BR} at (413,16) size 1x0
                RenderText {#text} at (12,21) size 720x39
                  text run at (12,21) width 446: "Es gab nur eine kleine Ver\x{E4}nderung bei G5-Sponsor-Manager, man kann "
                  text run at (457,21) width 275: "den Script jetzt auch via Java aufrufen, so das"
                  text run at (98,41) width 138: "Euer Server jetzt nicht "
                  text run at (235,41) width 344: "unbedingt SSI unterst\x{FC}tzen mu\x{DF} um den Script ausf\x{FC}hren "
                  text run at (578,41) width 67: "zu k\x{F6}nnen!"
            RenderTableRow {TR} at (0,1766) size 744x62
              RenderTableCell {TD} at (0,1766) size 744x62 [border: (1px solid #000000)] [r=25 c=0 rs=1 cs=1]
                RenderText {#text} at (326,1) size 91x19
                  text run at (326,1) width 91: "22. April 2001"
                RenderBR {BR} at (416,16) size 1x0
                RenderText {#text} at (220,21) size 303x19
                  text run at (220,21) width 303: "Ein neues Script ist online! G5-Sponsor-Manager."
                RenderBR {BR} at (522,36) size 1x0
                RenderText {#text} at (251,41) size 242x19
                  text run at (251,41) width 242: "Mehr Info unter \"Perl Scripte\" im Men\x{FC}."
            RenderTableRow {TR} at (0,1828) size 744x82
              RenderTableCell {TD} at (0,1828) size 744x82 [border: (1px solid #000000)] [r=26 c=0 rs=1 cs=1]
                RenderText {#text} at (326,1) size 91x19
                  text run at (326,1) width 91: "20. April 2001"
                RenderBR {BR} at (416,16) size 1x0
                RenderText {#text} at (210,21) size 324x19
                  text run at (210,21) width 324: "Auf einige Anfragen habe ich eine Demonstration von "
                RenderBR {BR} at (533,36) size 1x0
                RenderText {#text} at (221,41) size 301x19
                  text run at (221,41) width 301: "\"The Real Topsites\" (Toplist Script) ver\x{F6}ffentlicht!"
                RenderBR {BR} at (521,56) size 1x0
                RenderText {#text} at (251,61) size 242x19
                  text run at (251,61) width 242: "Mehr Info unter \"Perl Scripte\" im Men\x{FC}."
            RenderTableRow {TR} at (0,1910) size 744x42
              RenderTableCell {TD} at (0,1910) size 744x42 [border: (1px solid #000000)] [r=27 c=0 rs=1 cs=1]
                RenderText {#text} at (325,1) size 93x19
                  text run at (325,1) width 93: "13. M\x{E4}rz 2001"
                RenderBR {BR} at (417,16) size 1x0
                RenderText {#text} at (237,21) size 270x19
                  text run at (237,21) width 270: "An diesem Tag ging die G5-Script.de online!"
            RenderTableRow {TR} at (0,1952) size 744x22
              RenderTableCell {TD} at (0,1952) size 744x22 [border: (1px solid #000000)] [r=28 c=0 rs=1 cs=1]
                RenderText {#text} at (369,1) size 5x19
                  text run at (369,1) width 5: " "
        RenderBlock (anonymous) at (0,1996) size 785x20
          RenderBR {BR} at (392,0) size 1x19
