layer at (0,0) size 785x7248
  RenderView at (0,0) size 785x600
layer at (0,0) size 785x7248
  RenderBlock {HTML} at (0,0) size 785x7248
    RenderBody {BODY} at (8,21) size 769x7211
      RenderBlock {H1} at (0,0) size 769x37
        RenderText {#text} at (0,0) size 252x36
          text run at (0,0) width 252: "table-layout: fixed"
      RenderBlock {P} at (0,58) size 769x21
        RenderText {#text} at (0,0) size 530x19
          text run at (0,0) width 530: "The following tables should be laid out in the traditional manner because their widths are "
        RenderInline {CODE} at (0,0) size 32x16
          RenderText {#text} at (530,3) size 32x16
            text run at (530,3) width 32: "auto"
        RenderText {#text} at (562,0) size 3x19
          text run at (562,0) width 3: ":"
      RenderTable {TABLE} at (0,94) size 107x55
        RenderTableSection {TBODY} at (0,0) size 107x54
          RenderTableRow {TR} at (0,2) size 107x24
            RenderTableCell {TD} at (2,2) size 33x24 [border: (1px solid #000000)] [r=0 c=0 rs=1 cs=1]
              RenderText {#text} at (2,2) size 29x19
                text run at (2,2) width 29: "Data"
            RenderTableCell {TD} at (37,2) size 33x24 [border: (1px solid #000000)] [r=0 c=1 rs=1 cs=1]
              RenderText {#text} at (2,2) size 29x19
                text run at (2,2) width 29: "Data"
            RenderTableCell {TD} at (72,2) size 33x24 [border: (1px solid #000000)] [r=0 c=2 rs=1 cs=1]
              RenderText {#text} at (2,2) size 29x19
                text run at (2,2) width 29: "Data"
          RenderTableRow {TR} at (0,28) size 107x24
            RenderTableCell {TD} at (2,28) size 33x24 [border: (1px solid #000000)] [r=1 c=0 rs=1 cs=1]
              RenderText {#text} at (2,2) size 29x19
                text run at (2,2) width 29: "Data"
            RenderTableCell {TD} at (37,28) size 33x24 [border: (1px solid #000000)] [r=1 c=1 rs=1 cs=1]
              RenderText {#text} at (2,2) size 29x19
                text run at (2,2) width 29: "Data"
            RenderTableCell {TD} at (72,28) size 33x24 [border: (1px solid #000000)] [r=1 c=2 rs=1 cs=1]
              RenderText {#text} at (2,2) size 29x19
                text run at (2,2) width 29: "Data"
      RenderTable {TABLE} at (0,148) size 769x375
        RenderTableSection {TBODY} at (0,0) size 769x374
          RenderTableRow {TR} at (0,2) size 769x24
            RenderTableCell {TD} at (2,2) size 33x24 [border: (1px solid #000000)] [r=0 c=0 rs=1 cs=1]
              RenderText {#text} at (2,2) size 29x19
                text run at (2,2) width 29: "Data"
            RenderTableCell {TD} at (37,2) size 33x24 [border: (1px solid #000000)] [r=0 c=1 rs=1 cs=1]
              RenderText {#text} at (2,2) size 29x19
                text run at (2,2) width 29: "Data"
            RenderTableCell {TD} at (72,2) size 695x24 [border: (1px solid #000000)] [r=0 c=2 rs=1 cs=1]
              RenderText {#text} at (2,2) size 29x19
                text run at (2,2) width 29: "Data"
          RenderTableRow {TR} at (0,28) size 769x344
            RenderTableCell {TD} at (2,188) size 33x24 [border: (1px solid #000000)] [r=1 c=0 rs=1 cs=1]
              RenderText {#text} at (2,2) size 29x19
                text run at (2,2) width 29: "Data"
            RenderTableCell {TD} at (37,188) size 33x24 [border: (1px solid #000000)] [r=1 c=1 rs=1 cs=1]
              RenderText {#text} at (2,2) size 29x19
                text run at (2,2) width 29: "Data"
            RenderTableCell {TD} at (72,28) size 695x344 [border: (1px solid #000000)] [r=1 c=2 rs=1 cs=1]
              RenderText {#text} at (2,2) size 687x339
                text run at (2,2) width 183: "Lots and lots and lots of data. "
                text run at (185,2) width 183: "Lots and lots and lots of data. "
                text run at (368,2) width 183: "Lots and lots and lots of data. "
                text run at (551,2) width 129: "Lots and lots and lots"
                text run at (2,22) width 50: "of data. "
                text run at (52,22) width 183: "Lots and lots and lots of data. "
                text run at (235,22) width 183: "Lots and lots and lots of data. "
                text run at (418,22) width 183: "Lots and lots and lots of data. "
                text run at (601,22) width 78: "Lots and lots"
                text run at (2,42) width 101: "and lots of data. "
                text run at (103,42) width 183: "Lots and lots and lots of data. "
                text run at (286,42) width 183: "Lots and lots and lots of data. "
                text run at (469,42) width 183: "Lots and lots and lots of data. "
                text run at (652,42) width 27: "Lots"
                text run at (2,62) width 152: "and lots and lots of data. "
                text run at (154,62) width 183: "Lots and lots and lots of data. "
                text run at (337,62) width 183: "Lots and lots and lots of data. "
                text run at (520,62) width 145: "Lots and lots and lots of"
                text run at (2,82) width 34: "data. "
                text run at (36,82) width 183: "Lots and lots and lots of data. "
                text run at (219,82) width 183: "Lots and lots and lots of data. "
                text run at (402,82) width 183: "Lots and lots and lots of data. "
                text run at (585,82) width 104: "Lots and lots and"
                text run at (2,102) width 75: "lots of data. "
                text run at (77,102) width 183: "Lots and lots and lots of data. "
                text run at (260,102) width 183: "Lots and lots and lots of data. "
                text run at (443,102) width 183: "Lots and lots and lots of data. "
                text run at (626,102) width 53: "Lots and"
                text run at (2,122) width 126: "lots and lots of data. "
                text run at (128,122) width 183: "Lots and lots and lots of data. "
                text run at (311,122) width 183: "Lots and lots and lots of data. "
                text run at (494,122) width 179: "Lots and lots and lots of data."
                text run at (2,142) width 183: "Lots and lots and lots of data. "
                text run at (185,142) width 183: "Lots and lots and lots of data. "
                text run at (368,142) width 183: "Lots and lots and lots of data. "
                text run at (551,142) width 129: "Lots and lots and lots"
                text run at (2,162) width 50: "of data. "
                text run at (52,162) width 183: "Lots and lots and lots of data. "
                text run at (235,162) width 183: "Lots and lots and lots of data. "
                text run at (418,162) width 183: "Lots and lots and lots of data. "
                text run at (601,162) width 78: "Lots and lots"
                text run at (2,182) width 101: "and lots of data. "
                text run at (103,182) width 183: "Lots and lots and lots of data. "
                text run at (286,182) width 183: "Lots and lots and lots of data. "
                text run at (469,182) width 183: "Lots and lots and lots of data. "
                text run at (652,182) width 27: "Lots"
                text run at (2,202) width 152: "and lots and lots of data. "
                text run at (154,202) width 183: "Lots and lots and lots of data. "
                text run at (337,202) width 183: "Lots and lots and lots of data. "
                text run at (520,202) width 145: "Lots and lots and lots of"
                text run at (2,222) width 34: "data. "
                text run at (36,222) width 183: "Lots and lots and lots of data. "
                text run at (219,222) width 183: "Lots and lots and lots of data. "
                text run at (402,222) width 183: "Lots and lots and lots of data. "
                text run at (585,222) width 104: "Lots and lots and"
                text run at (2,242) width 75: "lots of data. "
                text run at (77,242) width 183: "Lots and lots and lots of data. "
                text run at (260,242) width 183: "Lots and lots and lots of data. "
                text run at (443,242) width 183: "Lots and lots and lots of data. "
                text run at (626,242) width 53: "Lots and"
                text run at (2,262) width 126: "lots and lots of data. "
                text run at (128,262) width 183: "Lots and lots and lots of data. "
                text run at (311,262) width 183: "Lots and lots and lots of data. "
                text run at (494,262) width 179: "Lots and lots and lots of data."
                text run at (2,282) width 183: "Lots and lots and lots of data. "
                text run at (185,282) width 183: "Lots and lots and lots of data. "
                text run at (368,282) width 183: "Lots and lots and lots of data. "
                text run at (551,282) width 129: "Lots and lots and lots"
                text run at (2,302) width 50: "of data. "
                text run at (52,302) width 183: "Lots and lots and lots of data. "
                text run at (235,302) width 183: "Lots and lots and lots of data. "
                text run at (418,302) width 183: "Lots and lots and lots of data. "
                text run at (601,302) width 78: "Lots and lots"
                text run at (2,322) width 97: "and lots of data."
      RenderTable {TABLE} at (0,522) size 769x375
        RenderTableSection {TBODY} at (0,0) size 769x374
          RenderTableRow {TR} at (0,2) size 769x344
            RenderTableCell {TD} at (2,162) size 33x24 [border: (1px solid #000000)] [r=0 c=0 rs=1 cs=1]
              RenderText {#text} at (2,2) size 29x19
                text run at (2,2) width 29: "Data"
            RenderTableCell {TD} at (37,162) size 33x24 [border: (1px solid #000000)] [r=0 c=1 rs=1 cs=1]
              RenderText {#text} at (2,2) size 29x19
                text run at (2,2) width 29: "Data"
            RenderTableCell {TD} at (72,2) size 695x344 [border: (1px solid #000000)] [r=0 c=2 rs=1 cs=1]
              RenderText {#text} at (2,2) size 687x339
                text run at (2,2) width 183: "Lots and lots and lots of data. "
                text run at (185,2) width 183: "Lots and lots and lots of data. "
                text run at (368,2) width 183: "Lots and lots and lots of data. "
                text run at (551,2) width 129: "Lots and lots and lots"
                text run at (2,22) width 50: "of data. "
                text run at (52,22) width 183: "Lots and lots and lots of data. "
                text run at (235,22) width 183: "Lots and lots and lots of data. "
                text run at (418,22) width 183: "Lots and lots and lots of data. "
                text run at (601,22) width 78: "Lots and lots"
                text run at (2,42) width 101: "and lots of data. "
                text run at (103,42) width 183: "Lots and lots and lots of data. "
                text run at (286,42) width 183: "Lots and lots and lots of data. "
                text run at (469,42) width 183: "Lots and lots and lots of data. "
                text run at (652,42) width 27: "Lots"
                text run at (2,62) width 152: "and lots and lots of data. "
                text run at (154,62) width 183: "Lots and lots and lots of data. "
                text run at (337,62) width 183: "Lots and lots and lots of data. "
                text run at (520,62) width 145: "Lots and lots and lots of"
                text run at (2,82) width 34: "data. "
                text run at (36,82) width 183: "Lots and lots and lots of data. "
                text run at (219,82) width 183: "Lots and lots and lots of data. "
                text run at (402,82) width 183: "Lots and lots and lots of data. "
                text run at (585,82) width 104: "Lots and lots and"
                text run at (2,102) width 75: "lots of data. "
                text run at (77,102) width 183: "Lots and lots and lots of data. "
                text run at (260,102) width 183: "Lots and lots and lots of data. "
                text run at (443,102) width 183: "Lots and lots and lots of data. "
                text run at (626,102) width 53: "Lots and"
                text run at (2,122) width 126: "lots and lots of data. "
                text run at (128,122) width 183: "Lots and lots and lots of data. "
                text run at (311,122) width 183: "Lots and lots and lots of data. "
                text run at (494,122) width 179: "Lots and lots and lots of data."
                text run at (2,142) width 183: "Lots and lots and lots of data. "
                text run at (185,142) width 183: "Lots and lots and lots of data. "
                text run at (368,142) width 183: "Lots and lots and lots of data. "
                text run at (551,142) width 129: "Lots and lots and lots"
                text run at (2,162) width 50: "of data. "
                text run at (52,162) width 183: "Lots and lots and lots of data. "
                text run at (235,162) width 183: "Lots and lots and lots of data. "
                text run at (418,162) width 183: "Lots and lots and lots of data. "
                text run at (601,162) width 78: "Lots and lots"
                text run at (2,182) width 101: "and lots of data. "
                text run at (103,182) width 183: "Lots and lots and lots of data. "
                text run at (286,182) width 183: "Lots and lots and lots of data. "
                text run at (469,182) width 183: "Lots and lots and lots of data. "
                text run at (652,182) width 27: "Lots"
                text run at (2,202) width 152: "and lots and lots of data. "
                text run at (154,202) width 183: "Lots and lots and lots of data. "
                text run at (337,202) width 183: "Lots and lots and lots of data. "
                text run at (520,202) width 145: "Lots and lots and lots of"
                text run at (2,222) width 34: "data. "
                text run at (36,222) width 183: "Lots and lots and lots of data. "
                text run at (219,222) width 183: "Lots and lots and lots of data. "
                text run at (402,222) width 183: "Lots and lots and lots of data. "
                text run at (585,222) width 104: "Lots and lots and"
                text run at (2,242) width 75: "lots of data. "
                text run at (77,242) width 183: "Lots and lots and lots of data. "
                text run at (260,242) width 183: "Lots and lots and lots of data. "
                text run at (443,242) width 183: "Lots and lots and lots of data. "
                text run at (626,242) width 53: "Lots and"
                text run at (2,262) width 126: "lots and lots of data. "
                text run at (128,262) width 183: "Lots and lots and lots of data. "
                text run at (311,262) width 183: "Lots and lots and lots of data. "
                text run at (494,262) width 179: "Lots and lots and lots of data."
                text run at (2,282) width 183: "Lots and lots and lots of data. "
                text run at (185,282) width 183: "Lots and lots and lots of data. "
                text run at (368,282) width 183: "Lots and lots and lots of data. "
                text run at (551,282) width 129: "Lots and lots and lots"
                text run at (2,302) width 50: "of data. "
                text run at (52,302) width 183: "Lots and lots and lots of data. "
                text run at (235,302) width 183: "Lots and lots and lots of data. "
                text run at (418,302) width 183: "Lots and lots and lots of data. "
                text run at (601,302) width 78: "Lots and lots"
                text run at (2,322) width 97: "and lots of data."
          RenderTableRow {TR} at (0,348) size 769x24
            RenderTableCell {TD} at (2,348) size 33x24 [border: (1px solid #000000)] [r=1 c=0 rs=1 cs=1]
              RenderText {#text} at (2,2) size 29x19
                text run at (2,2) width 29: "Data"
            RenderTableCell {TD} at (37,348) size 33x24 [border: (1px solid #000000)] [r=1 c=1 rs=1 cs=1]
              RenderText {#text} at (2,2) size 29x19
                text run at (2,2) width 29: "Data"
            RenderTableCell {TD} at (72,348) size 695x24 [border: (1px solid #000000)] [r=1 c=2 rs=1 cs=1]
              RenderText {#text} at (2,2) size 29x19
                text run at (2,2) width 29: "Data"
      RenderBlock {P} at (0,912) size 769x21
        RenderText {#text} at (0,0) size 705x19
          text run at (0,0) width 705: "All the columns in the following three tables should divide equally the available space (100% of the width of the page):"
      RenderTable {TABLE} at (0,948) size 769x55
        RenderTableSection {TBODY} at (0,0) size 769x54
          RenderTableRow {TR} at (0,2) size 769x24
            RenderTableCell {TD} at (2,2) size 254x24 [border: (1px solid #000000)] [r=0 c=0 rs=1 cs=1]
              RenderText {#text} at (2,2) size 29x19
                text run at (2,2) width 29: "Data"
            RenderTableCell {TD} at (257,2) size 255x24 [border: (1px solid #000000)] [r=0 c=1 rs=1 cs=1]
              RenderText {#text} at (2,2) size 29x19
                text run at (2,2) width 29: "Data"
            RenderTableCell {TD} at (513,2) size 254x24 [border: (1px solid #000000)] [r=0 c=2 rs=1 cs=1]
              RenderText {#text} at (2,2) size 29x19
                text run at (2,2) width 29: "Data"
          RenderTableRow {TR} at (0,28) size 769x24
            RenderTableCell {TD} at (2,28) size 254x24 [border: (1px solid #000000)] [r=1 c=0 rs=1 cs=1]
              RenderText {#text} at (2,2) size 29x19
                text run at (2,2) width 29: "Data"
            RenderTableCell {TD} at (257,28) size 255x24 [border: (1px solid #000000)] [r=1 c=1 rs=1 cs=1]
              RenderText {#text} at (2,2) size 29x19
                text run at (2,2) width 29: "Data"
            RenderTableCell {TD} at (513,28) size 254x24 [border: (1px solid #000000)] [r=1 c=2 rs=1 cs=1]
              RenderText {#text} at (2,2) size 29x19
                text run at (2,2) width 29: "Data"
      RenderTable {TABLE} at (0,1002) size 769x955
        RenderTableSection {TBODY} at (0,0) size 769x954
          RenderTableRow {TR} at (0,2) size 769x24
            RenderTableCell {TD} at (2,2) size 254x24 [border: (1px solid #000000)] [r=0 c=0 rs=1 cs=1]
              RenderText {#text} at (2,2) size 29x19
                text run at (2,2) width 29: "Data"
            RenderTableCell {TD} at (257,2) size 255x24 [border: (1px solid #000000)] [r=0 c=1 rs=1 cs=1]
              RenderText {#text} at (2,2) size 29x19
                text run at (2,2) width 29: "Data"
            RenderTableCell {TD} at (513,2) size 254x24 [border: (1px solid #000000)] [r=0 c=2 rs=1 cs=1]
              RenderText {#text} at (2,2) size 29x19
                text run at (2,2) width 29: "Data"
          RenderTableRow {TR} at (0,28) size 769x924
            RenderTableCell {TD} at (2,478) size 254x24 [border: (1px solid #000000)] [r=1 c=0 rs=1 cs=1]
              RenderText {#text} at (2,2) size 29x19
                text run at (2,2) width 29: "Data"
            RenderTableCell {TD} at (257,478) size 255x24 [border: (1px solid #000000)] [r=1 c=1 rs=1 cs=1]
              RenderText {#text} at (2,2) size 29x19
                text run at (2,2) width 29: "Data"
            RenderTableCell {TD} at (513,28) size 254x924 [border: (1px solid #000000)] [r=1 c=2 rs=1 cs=1]
              RenderText {#text} at (2,2) size 246x919
                text run at (2,2) width 183: "Lots and lots and lots of data. "
                text run at (185,2) width 53: "Lots and"
                text run at (2,22) width 126: "lots and lots of data. "
                text run at (128,22) width 104: "Lots and lots and"
                text run at (2,42) width 75: "lots of data. "
                text run at (77,42) width 145: "Lots and lots and lots of"
                text run at (2,62) width 34: "data. "
                text run at (36,62) width 183: "Lots and lots and lots of data. "
                text run at (219,62) width 27: "Lots"
                text run at (2,82) width 152: "and lots and lots of data. "
                text run at (154,82) width 78: "Lots and lots"
                text run at (2,102) width 101: "and lots of data. "
                text run at (103,102) width 145: "Lots and lots and lots of"
                text run at (2,122) width 34: "data. "
                text run at (36,122) width 183: "Lots and lots and lots of data. "
                text run at (219,122) width 27: "Lots"
                text run at (2,142) width 152: "and lots and lots of data. "
                text run at (154,142) width 78: "Lots and lots"
                text run at (2,162) width 101: "and lots of data. "
                text run at (103,162) width 145: "Lots and lots and lots of"
                text run at (2,182) width 34: "data. "
                text run at (36,182) width 183: "Lots and lots and lots of data. "
                text run at (219,182) width 27: "Lots"
                text run at (2,202) width 152: "and lots and lots of data. "
                text run at (154,202) width 78: "Lots and lots"
                text run at (2,222) width 101: "and lots of data. "
                text run at (103,222) width 145: "Lots and lots and lots of"
                text run at (2,242) width 34: "data. "
                text run at (36,242) width 183: "Lots and lots and lots of data. "
                text run at (219,242) width 27: "Lots"
                text run at (2,262) width 152: "and lots and lots of data. "
                text run at (154,262) width 78: "Lots and lots"
                text run at (2,282) width 101: "and lots of data. "
                text run at (103,282) width 145: "Lots and lots and lots of"
                text run at (2,302) width 34: "data. "
                text run at (36,302) width 183: "Lots and lots and lots of data. "
                text run at (219,302) width 27: "Lots"
                text run at (2,322) width 152: "and lots and lots of data. "
                text run at (154,322) width 78: "Lots and lots"
                text run at (2,342) width 101: "and lots of data. "
                text run at (103,342) width 145: "Lots and lots and lots of"
                text run at (2,362) width 34: "data. "
                text run at (36,362) width 183: "Lots and lots and lots of data. "
                text run at (219,362) width 27: "Lots"
                text run at (2,382) width 152: "and lots and lots of data. "
                text run at (154,382) width 78: "Lots and lots"
                text run at (2,402) width 101: "and lots of data. "
                text run at (103,402) width 145: "Lots and lots and lots of"
                text run at (2,422) width 34: "data. "
                text run at (36,422) width 183: "Lots and lots and lots of data. "
                text run at (219,422) width 27: "Lots"
                text run at (2,442) width 152: "and lots and lots of data. "
                text run at (154,442) width 78: "Lots and lots"
                text run at (2,462) width 101: "and lots of data. "
                text run at (103,462) width 145: "Lots and lots and lots of"
                text run at (2,482) width 34: "data. "
                text run at (36,482) width 183: "Lots and lots and lots of data. "
                text run at (219,482) width 27: "Lots"
                text run at (2,502) width 152: "and lots and lots of data. "
                text run at (154,502) width 78: "Lots and lots"
                text run at (2,522) width 101: "and lots of data. "
                text run at (103,522) width 145: "Lots and lots and lots of"
                text run at (2,542) width 34: "data. "
                text run at (36,542) width 183: "Lots and lots and lots of data. "
                text run at (219,542) width 27: "Lots"
                text run at (2,562) width 152: "and lots and lots of data. "
                text run at (154,562) width 78: "Lots and lots"
                text run at (2,582) width 101: "and lots of data. "
                text run at (103,582) width 145: "Lots and lots and lots of"
                text run at (2,602) width 34: "data. "
                text run at (36,602) width 183: "Lots and lots and lots of data. "
                text run at (219,602) width 27: "Lots"
                text run at (2,622) width 152: "and lots and lots of data. "
                text run at (154,622) width 78: "Lots and lots"
                text run at (2,642) width 101: "and lots of data. "
                text run at (103,642) width 145: "Lots and lots and lots of"
                text run at (2,662) width 34: "data. "
                text run at (36,662) width 183: "Lots and lots and lots of data. "
                text run at (219,662) width 27: "Lots"
                text run at (2,682) width 152: "and lots and lots of data. "
                text run at (154,682) width 78: "Lots and lots"
                text run at (2,702) width 101: "and lots of data. "
                text run at (103,702) width 145: "Lots and lots and lots of"
                text run at (2,722) width 34: "data. "
                text run at (36,722) width 183: "Lots and lots and lots of data. "
                text run at (219,722) width 27: "Lots"
                text run at (2,742) width 152: "and lots and lots of data. "
                text run at (154,742) width 78: "Lots and lots"
                text run at (2,762) width 101: "and lots of data. "
                text run at (103,762) width 145: "Lots and lots and lots of"
                text run at (2,782) width 34: "data. "
                text run at (36,782) width 183: "Lots and lots and lots of data. "
                text run at (219,782) width 27: "Lots"
                text run at (2,802) width 152: "and lots and lots of data. "
                text run at (154,802) width 78: "Lots and lots"
                text run at (2,822) width 101: "and lots of data. "
                text run at (103,822) width 145: "Lots and lots and lots of"
                text run at (2,842) width 34: "data. "
                text run at (36,842) width 183: "Lots and lots and lots of data. "
                text run at (219,842) width 27: "Lots"
                text run at (2,862) width 152: "and lots and lots of data. "
                text run at (154,862) width 78: "Lots and lots"
                text run at (2,882) width 101: "and lots of data. "
                text run at (103,882) width 145: "Lots and lots and lots of"
                text run at (2,902) width 30: "data."
      RenderTable {TABLE} at (0,1956) size 769x955
        RenderTableSection {TBODY} at (0,0) size 769x954
          RenderTableRow {TR} at (0,2) size 769x924
            RenderTableCell {TD} at (2,452) size 254x24 [border: (1px solid #000000)] [r=0 c=0 rs=1 cs=1]
              RenderText {#text} at (2,2) size 29x19
                text run at (2,2) width 29: "Data"
            RenderTableCell {TD} at (257,452) size 255x24 [border: (1px solid #000000)] [r=0 c=1 rs=1 cs=1]
              RenderText {#text} at (2,2) size 29x19
                text run at (2,2) width 29: "Data"
            RenderTableCell {TD} at (513,2) size 254x924 [border: (1px solid #000000)] [r=0 c=2 rs=1 cs=1]
              RenderText {#text} at (2,2) size 246x919
                text run at (2,2) width 183: "Lots and lots and lots of data. "
                text run at (185,2) width 53: "Lots and"
                text run at (2,22) width 126: "lots and lots of data. "
                text run at (128,22) width 104: "Lots and lots and"
                text run at (2,42) width 75: "lots of data. "
                text run at (77,42) width 145: "Lots and lots and lots of"
                text run at (2,62) width 34: "data. "
                text run at (36,62) width 183: "Lots and lots and lots of data. "
                text run at (219,62) width 27: "Lots"
                text run at (2,82) width 152: "and lots and lots of data. "
                text run at (154,82) width 78: "Lots and lots"
                text run at (2,102) width 101: "and lots of data. "
                text run at (103,102) width 145: "Lots and lots and lots of"
                text run at (2,122) width 34: "data. "
                text run at (36,122) width 183: "Lots and lots and lots of data. "
                text run at (219,122) width 27: "Lots"
                text run at (2,142) width 152: "and lots and lots of data. "
                text run at (154,142) width 78: "Lots and lots"
                text run at (2,162) width 101: "and lots of data. "
                text run at (103,162) width 145: "Lots and lots and lots of"
                text run at (2,182) width 34: "data. "
                text run at (36,182) width 183: "Lots and lots and lots of data. "
                text run at (219,182) width 27: "Lots"
                text run at (2,202) width 152: "and lots and lots of data. "
                text run at (154,202) width 78: "Lots and lots"
                text run at (2,222) width 101: "and lots of data. "
                text run at (103,222) width 145: "Lots and lots and lots of"
                text run at (2,242) width 34: "data. "
                text run at (36,242) width 183: "Lots and lots and lots of data. "
                text run at (219,242) width 27: "Lots"
                text run at (2,262) width 152: "and lots and lots of data. "
                text run at (154,262) width 78: "Lots and lots"
                text run at (2,282) width 101: "and lots of data. "
                text run at (103,282) width 145: "Lots and lots and lots of"
                text run at (2,302) width 34: "data. "
                text run at (36,302) width 183: "Lots and lots and lots of data. "
                text run at (219,302) width 27: "Lots"
                text run at (2,322) width 152: "and lots and lots of data. "
                text run at (154,322) width 78: "Lots and lots"
                text run at (2,342) width 101: "and lots of data. "
                text run at (103,342) width 145: "Lots and lots and lots of"
                text run at (2,362) width 34: "data. "
                text run at (36,362) width 183: "Lots and lots and lots of data. "
                text run at (219,362) width 27: "Lots"
                text run at (2,382) width 152: "and lots and lots of data. "
                text run at (154,382) width 78: "Lots and lots"
                text run at (2,402) width 101: "and lots of data. "
                text run at (103,402) width 145: "Lots and lots and lots of"
                text run at (2,422) width 34: "data. "
                text run at (36,422) width 183: "Lots and lots and lots of data. "
                text run at (219,422) width 27: "Lots"
                text run at (2,442) width 152: "and lots and lots of data. "
                text run at (154,442) width 78: "Lots and lots"
                text run at (2,462) width 101: "and lots of data. "
                text run at (103,462) width 145: "Lots and lots and lots of"
                text run at (2,482) width 34: "data. "
                text run at (36,482) width 183: "Lots and lots and lots of data. "
                text run at (219,482) width 27: "Lots"
                text run at (2,502) width 152: "and lots and lots of data. "
                text run at (154,502) width 78: "Lots and lots"
                text run at (2,522) width 101: "and lots of data. "
                text run at (103,522) width 145: "Lots and lots and lots of"
                text run at (2,542) width 34: "data. "
                text run at (36,542) width 183: "Lots and lots and lots of data. "
                text run at (219,542) width 27: "Lots"
                text run at (2,562) width 152: "and lots and lots of data. "
                text run at (154,562) width 78: "Lots and lots"
                text run at (2,582) width 101: "and lots of data. "
                text run at (103,582) width 145: "Lots and lots and lots of"
                text run at (2,602) width 34: "data. "
                text run at (36,602) width 183: "Lots and lots and lots of data. "
                text run at (219,602) width 27: "Lots"
                text run at (2,622) width 152: "and lots and lots of data. "
                text run at (154,622) width 78: "Lots and lots"
                text run at (2,642) width 101: "and lots of data. "
                text run at (103,642) width 145: "Lots and lots and lots of"
                text run at (2,662) width 34: "data. "
                text run at (36,662) width 183: "Lots and lots and lots of data. "
                text run at (219,662) width 27: "Lots"
                text run at (2,682) width 152: "and lots and lots of data. "
                text run at (154,682) width 78: "Lots and lots"
                text run at (2,702) width 101: "and lots of data. "
                text run at (103,702) width 145: "Lots and lots and lots of"
                text run at (2,722) width 34: "data. "
                text run at (36,722) width 183: "Lots and lots and lots of data. "
                text run at (219,722) width 27: "Lots"
                text run at (2,742) width 152: "and lots and lots of data. "
                text run at (154,742) width 78: "Lots and lots"
                text run at (2,762) width 101: "and lots of data. "
                text run at (103,762) width 145: "Lots and lots and lots of"
                text run at (2,782) width 34: "data. "
                text run at (36,782) width 183: "Lots and lots and lots of data. "
                text run at (219,782) width 27: "Lots"
                text run at (2,802) width 152: "and lots and lots of data. "
                text run at (154,802) width 78: "Lots and lots"
                text run at (2,822) width 101: "and lots of data. "
                text run at (103,822) width 145: "Lots and lots and lots of"
                text run at (2,842) width 34: "data. "
                text run at (36,842) width 183: "Lots and lots and lots of data. "
                text run at (219,842) width 27: "Lots"
                text run at (2,862) width 152: "and lots and lots of data. "
                text run at (154,862) width 78: "Lots and lots"
                text run at (2,882) width 101: "and lots of data. "
                text run at (103,882) width 145: "Lots and lots and lots of"
                text run at (2,902) width 30: "data."
          RenderTableRow {TR} at (0,928) size 769x24
            RenderTableCell {TD} at (2,928) size 254x24 [border: (1px solid #000000)] [r=1 c=0 rs=1 cs=1]
              RenderText {#text} at (2,2) size 29x19
                text run at (2,2) width 29: "Data"
            RenderTableCell {TD} at (257,928) size 255x24 [border: (1px solid #000000)] [r=1 c=1 rs=1 cs=1]
              RenderText {#text} at (2,2) size 29x19
                text run at (2,2) width 29: "Data"
            RenderTableCell {TD} at (513,928) size 254x24 [border: (1px solid #000000)] [r=1 c=2 rs=1 cs=1]
              RenderText {#text} at (2,2) size 29x19
                text run at (2,2) width 29: "Data"
      RenderBlock {P} at (0,2926) size 769x21
        RenderText {#text} at (0,0) size 697x19
          text run at (0,0) width 697: "All the columns in the following three tables should divide equally the available space (50% of the width of the page):"
      RenderTable {TABLE} at (0,2962) size 385x55
        RenderTableSection {TBODY} at (0,0) size 385x54
          RenderTableRow {TR} at (0,2) size 385x24
            RenderTableCell {TD} at (2,2) size 126x24 [border: (1px solid #000000)] [r=0 c=0 rs=1 cs=1]
              RenderText {#text} at (2,2) size 29x19
                text run at (2,2) width 29: "Data"
            RenderTableCell {TD} at (129,2) size 126x24 [border: (1px solid #000000)] [r=0 c=1 rs=1 cs=1]
              RenderText {#text} at (2,2) size 29x19
                text run at (2,2) width 29: "Data"
            RenderTableCell {TD} at (257,2) size 126x24 [border: (1px solid #000000)] [r=0 c=2 rs=1 cs=1]
              RenderText {#text} at (2,2) size 29x19
                text run at (2,2) width 29: "Data"
          RenderTableRow {TR} at (0,28) size 385x24
            RenderTableCell {TD} at (2,28) size 126x24 [border: (1px solid #000000)] [r=1 c=0 rs=1 cs=1]
              RenderText {#text} at (2,2) size 29x19
                text run at (2,2) width 29: "Data"
            RenderTableCell {TD} at (129,28) size 126x24 [border: (1px solid #000000)] [r=1 c=1 rs=1 cs=1]
              RenderText {#text} at (2,2) size 29x19
                text run at (2,2) width 29: "Data"
            RenderTableCell {TD} at (257,28) size 126x24 [border: (1px solid #000000)] [r=1 c=2 rs=1 cs=1]
              RenderText {#text} at (2,2) size 29x19
                text run at (2,2) width 29: "Data"
      RenderTable {TABLE} at (0,3016) size 385x2035
        RenderTableSection {TBODY} at (0,0) size 385x2034
          RenderTableRow {TR} at (0,2) size 385x24
            RenderTableCell {TD} at (2,2) size 126x24 [border: (1px solid #000000)] [r=0 c=0 rs=1 cs=1]
              RenderText {#text} at (2,2) size 29x19
                text run at (2,2) width 29: "Data"
            RenderTableCell {TD} at (129,2) size 126x24 [border: (1px solid #000000)] [r=0 c=1 rs=1 cs=1]
              RenderText {#text} at (2,2) size 29x19
                text run at (2,2) width 29: "Data"
            RenderTableCell {TD} at (257,2) size 126x24 [border: (1px solid #000000)] [r=0 c=2 rs=1 cs=1]
              RenderText {#text} at (2,2) size 29x19
                text run at (2,2) width 29: "Data"
          RenderTableRow {TR} at (0,28) size 385x2004
            RenderTableCell {TD} at (2,1018) size 126x24 [border: (1px solid #000000)] [r=1 c=0 rs=1 cs=1]
              RenderText {#text} at (2,2) size 29x19
                text run at (2,2) width 29: "Data"
            RenderTableCell {TD} at (129,1018) size 126x24 [border: (1px solid #000000)] [r=1 c=1 rs=1 cs=1]
              RenderText {#text} at (2,2) size 29x19
                text run at (2,2) width 29: "Data"
            RenderTableCell {TD} at (257,28) size 126x2004 [border: (1px solid #000000)] [r=1 c=2 rs=1 cs=1]
              RenderText {#text} at (2,2) size 114x1999
                text run at (2,2) width 104: "Lots and lots and"
                text run at (2,22) width 75: "lots of data. "
                text run at (77,22) width 27: "Lots"
                text run at (2,42) width 114: "and lots and lots of"
                text run at (2,62) width 34: "data. "
                text run at (36,62) width 78: "Lots and lots"
                text run at (2,82) width 97: "and lots of data."
                text run at (2,102) width 104: "Lots and lots and"
                text run at (2,122) width 75: "lots of data. "
                text run at (77,122) width 27: "Lots"
                text run at (2,142) width 114: "and lots and lots of"
                text run at (2,162) width 34: "data. "
                text run at (36,162) width 78: "Lots and lots"
                text run at (2,182) width 97: "and lots of data."
                text run at (2,202) width 104: "Lots and lots and"
                text run at (2,222) width 75: "lots of data. "
                text run at (77,222) width 27: "Lots"
                text run at (2,242) width 114: "and lots and lots of"
                text run at (2,262) width 34: "data. "
                text run at (36,262) width 78: "Lots and lots"
                text run at (2,282) width 97: "and lots of data."
                text run at (2,302) width 104: "Lots and lots and"
                text run at (2,322) width 75: "lots of data. "
                text run at (77,322) width 27: "Lots"
                text run at (2,342) width 114: "and lots and lots of"
                text run at (2,362) width 34: "data. "
                text run at (36,362) width 78: "Lots and lots"
                text run at (2,382) width 97: "and lots of data."
                text run at (2,402) width 104: "Lots and lots and"
                text run at (2,422) width 75: "lots of data. "
                text run at (77,422) width 27: "Lots"
                text run at (2,442) width 114: "and lots and lots of"
                text run at (2,462) width 34: "data. "
                text run at (36,462) width 78: "Lots and lots"
                text run at (2,482) width 97: "and lots of data."
                text run at (2,502) width 104: "Lots and lots and"
                text run at (2,522) width 75: "lots of data. "
                text run at (77,522) width 27: "Lots"
                text run at (2,542) width 114: "and lots and lots of"
                text run at (2,562) width 34: "data. "
                text run at (36,562) width 78: "Lots and lots"
                text run at (2,582) width 97: "and lots of data."
                text run at (2,602) width 104: "Lots and lots and"
                text run at (2,622) width 75: "lots of data. "
                text run at (77,622) width 27: "Lots"
                text run at (2,642) width 114: "and lots and lots of"
                text run at (2,662) width 34: "data. "
                text run at (36,662) width 78: "Lots and lots"
                text run at (2,682) width 97: "and lots of data."
                text run at (2,702) width 104: "Lots and lots and"
                text run at (2,722) width 75: "lots of data. "
                text run at (77,722) width 27: "Lots"
                text run at (2,742) width 114: "and lots and lots of"
                text run at (2,762) width 34: "data. "
                text run at (36,762) width 78: "Lots and lots"
                text run at (2,782) width 97: "and lots of data."
                text run at (2,802) width 104: "Lots and lots and"
                text run at (2,822) width 75: "lots of data. "
                text run at (77,822) width 27: "Lots"
                text run at (2,842) width 114: "and lots and lots of"
                text run at (2,862) width 34: "data. "
                text run at (36,862) width 78: "Lots and lots"
                text run at (2,882) width 97: "and lots of data."
                text run at (2,902) width 104: "Lots and lots and"
                text run at (2,922) width 75: "lots of data. "
                text run at (77,922) width 27: "Lots"
                text run at (2,942) width 114: "and lots and lots of"
                text run at (2,962) width 34: "data. "
                text run at (36,962) width 78: "Lots and lots"
                text run at (2,982) width 97: "and lots of data."
                text run at (2,1002) width 104: "Lots and lots and"
                text run at (2,1022) width 75: "lots of data. "
                text run at (77,1022) width 27: "Lots"
                text run at (2,1042) width 114: "and lots and lots of"
                text run at (2,1062) width 34: "data. "
                text run at (36,1062) width 78: "Lots and lots"
                text run at (2,1082) width 97: "and lots of data."
                text run at (2,1102) width 104: "Lots and lots and"
                text run at (2,1122) width 75: "lots of data. "
                text run at (77,1122) width 27: "Lots"
                text run at (2,1142) width 114: "and lots and lots of"
                text run at (2,1162) width 34: "data. "
                text run at (36,1162) width 78: "Lots and lots"
                text run at (2,1182) width 97: "and lots of data."
                text run at (2,1202) width 104: "Lots and lots and"
                text run at (2,1222) width 75: "lots of data. "
                text run at (77,1222) width 27: "Lots"
                text run at (2,1242) width 114: "and lots and lots of"
                text run at (2,1262) width 34: "data. "
                text run at (36,1262) width 78: "Lots and lots"
                text run at (2,1282) width 97: "and lots of data."
                text run at (2,1302) width 104: "Lots and lots and"
                text run at (2,1322) width 75: "lots of data. "
                text run at (77,1322) width 27: "Lots"
                text run at (2,1342) width 114: "and lots and lots of"
                text run at (2,1362) width 34: "data. "
                text run at (36,1362) width 78: "Lots and lots"
                text run at (2,1382) width 97: "and lots of data."
                text run at (2,1402) width 104: "Lots and lots and"
                text run at (2,1422) width 75: "lots of data. "
                text run at (77,1422) width 27: "Lots"
                text run at (2,1442) width 114: "and lots and lots of"
                text run at (2,1462) width 34: "data. "
                text run at (36,1462) width 78: "Lots and lots"
                text run at (2,1482) width 97: "and lots of data."
                text run at (2,1502) width 104: "Lots and lots and"
                text run at (2,1522) width 75: "lots of data. "
                text run at (77,1522) width 27: "Lots"
                text run at (2,1542) width 114: "and lots and lots of"
                text run at (2,1562) width 34: "data. "
                text run at (36,1562) width 78: "Lots and lots"
                text run at (2,1582) width 97: "and lots of data."
                text run at (2,1602) width 104: "Lots and lots and"
                text run at (2,1622) width 75: "lots of data. "
                text run at (77,1622) width 27: "Lots"
                text run at (2,1642) width 114: "and lots and lots of"
                text run at (2,1662) width 34: "data. "
                text run at (36,1662) width 78: "Lots and lots"
                text run at (2,1682) width 97: "and lots of data."
                text run at (2,1702) width 104: "Lots and lots and"
                text run at (2,1722) width 75: "lots of data. "
                text run at (77,1722) width 27: "Lots"
                text run at (2,1742) width 114: "and lots and lots of"
                text run at (2,1762) width 34: "data. "
                text run at (36,1762) width 78: "Lots and lots"
                text run at (2,1782) width 97: "and lots of data."
                text run at (2,1802) width 104: "Lots and lots and"
                text run at (2,1822) width 75: "lots of data. "
                text run at (77,1822) width 27: "Lots"
                text run at (2,1842) width 114: "and lots and lots of"
                text run at (2,1862) width 34: "data. "
                text run at (36,1862) width 78: "Lots and lots"
                text run at (2,1882) width 97: "and lots of data."
                text run at (2,1902) width 104: "Lots and lots and"
                text run at (2,1922) width 75: "lots of data. "
                text run at (77,1922) width 27: "Lots"
                text run at (2,1942) width 114: "and lots and lots of"
                text run at (2,1962) width 34: "data. "
                text run at (36,1962) width 78: "Lots and lots"
                text run at (2,1982) width 97: "and lots of data."
      RenderTable {TABLE} at (0,5050) size 385x2035
        RenderTableSection {TBODY} at (0,0) size 385x2034
          RenderTableRow {TR} at (0,2) size 385x2004
            RenderTableCell {TD} at (2,992) size 126x24 [border: (1px solid #000000)] [r=0 c=0 rs=1 cs=1]
              RenderText {#text} at (2,2) size 29x19
                text run at (2,2) width 29: "Data"
            RenderTableCell {TD} at (129,992) size 126x24 [border: (1px solid #000000)] [r=0 c=1 rs=1 cs=1]
              RenderText {#text} at (2,2) size 29x19
                text run at (2,2) width 29: "Data"
            RenderTableCell {TD} at (257,2) size 126x2004 [border: (1px solid #000000)] [r=0 c=2 rs=1 cs=1]
              RenderText {#text} at (2,2) size 114x1999
                text run at (2,2) width 104: "Lots and lots and"
                text run at (2,22) width 75: "lots of data. "
                text run at (77,22) width 27: "Lots"
                text run at (2,42) width 114: "and lots and lots of"
                text run at (2,62) width 34: "data. "
                text run at (36,62) width 78: "Lots and lots"
                text run at (2,82) width 97: "and lots of data."
                text run at (2,102) width 104: "Lots and lots and"
                text run at (2,122) width 75: "lots of data. "
                text run at (77,122) width 27: "Lots"
                text run at (2,142) width 114: "and lots and lots of"
                text run at (2,162) width 34: "data. "
                text run at (36,162) width 78: "Lots and lots"
                text run at (2,182) width 97: "and lots of data."
                text run at (2,202) width 104: "Lots and lots and"
                text run at (2,222) width 75: "lots of data. "
                text run at (77,222) width 27: "Lots"
                text run at (2,242) width 114: "and lots and lots of"
                text run at (2,262) width 34: "data. "
                text run at (36,262) width 78: "Lots and lots"
                text run at (2,282) width 97: "and lots of data."
                text run at (2,302) width 104: "Lots and lots and"
                text run at (2,322) width 75: "lots of data. "
                text run at (77,322) width 27: "Lots"
                text run at (2,342) width 114: "and lots and lots of"
                text run at (2,362) width 34: "data. "
                text run at (36,362) width 78: "Lots and lots"
                text run at (2,382) width 97: "and lots of data."
                text run at (2,402) width 104: "Lots and lots and"
                text run at (2,422) width 75: "lots of data. "
                text run at (77,422) width 27: "Lots"
                text run at (2,442) width 114: "and lots and lots of"
                text run at (2,462) width 34: "data. "
                text run at (36,462) width 78: "Lots and lots"
                text run at (2,482) width 97: "and lots of data."
                text run at (2,502) width 104: "Lots and lots and"
                text run at (2,522) width 75: "lots of data. "
                text run at (77,522) width 27: "Lots"
                text run at (2,542) width 114: "and lots and lots of"
                text run at (2,562) width 34: "data. "
                text run at (36,562) width 78: "Lots and lots"
                text run at (2,582) width 97: "and lots of data."
                text run at (2,602) width 104: "Lots and lots and"
                text run at (2,622) width 75: "lots of data. "
                text run at (77,622) width 27: "Lots"
                text run at (2,642) width 114: "and lots and lots of"
                text run at (2,662) width 34: "data. "
                text run at (36,662) width 78: "Lots and lots"
                text run at (2,682) width 97: "and lots of data."
                text run at (2,702) width 104: "Lots and lots and"
                text run at (2,722) width 75: "lots of data. "
                text run at (77,722) width 27: "Lots"
                text run at (2,742) width 114: "and lots and lots of"
                text run at (2,762) width 34: "data. "
                text run at (36,762) width 78: "Lots and lots"
                text run at (2,782) width 97: "and lots of data."
                text run at (2,802) width 104: "Lots and lots and"
                text run at (2,822) width 75: "lots of data. "
                text run at (77,822) width 27: "Lots"
                text run at (2,842) width 114: "and lots and lots of"
                text run at (2,862) width 34: "data. "
                text run at (36,862) width 78: "Lots and lots"
                text run at (2,882) width 97: "and lots of data."
                text run at (2,902) width 104: "Lots and lots and"
                text run at (2,922) width 75: "lots of data. "
                text run at (77,922) width 27: "Lots"
                text run at (2,942) width 114: "and lots and lots of"
                text run at (2,962) width 34: "data. "
                text run at (36,962) width 78: "Lots and lots"
                text run at (2,982) width 97: "and lots of data."
                text run at (2,1002) width 104: "Lots and lots and"
                text run at (2,1022) width 75: "lots of data. "
                text run at (77,1022) width 27: "Lots"
                text run at (2,1042) width 114: "and lots and lots of"
                text run at (2,1062) width 34: "data. "
                text run at (36,1062) width 78: "Lots and lots"
                text run at (2,1082) width 97: "and lots of data."
                text run at (2,1102) width 104: "Lots and lots and"
                text run at (2,1122) width 75: "lots of data. "
                text run at (77,1122) width 27: "Lots"
                text run at (2,1142) width 114: "and lots and lots of"
                text run at (2,1162) width 34: "data. "
                text run at (36,1162) width 78: "Lots and lots"
                text run at (2,1182) width 97: "and lots of data."
                text run at (2,1202) width 104: "Lots and lots and"
                text run at (2,1222) width 75: "lots of data. "
                text run at (77,1222) width 27: "Lots"
                text run at (2,1242) width 114: "and lots and lots of"
                text run at (2,1262) width 34: "data. "
                text run at (36,1262) width 78: "Lots and lots"
                text run at (2,1282) width 97: "and lots of data."
                text run at (2,1302) width 104: "Lots and lots and"
                text run at (2,1322) width 75: "lots of data. "
                text run at (77,1322) width 27: "Lots"
                text run at (2,1342) width 114: "and lots and lots of"
                text run at (2,1362) width 34: "data. "
                text run at (36,1362) width 78: "Lots and lots"
                text run at (2,1382) width 97: "and lots of data."
                text run at (2,1402) width 104: "Lots and lots and"
                text run at (2,1422) width 75: "lots of data. "
                text run at (77,1422) width 27: "Lots"
                text run at (2,1442) width 114: "and lots and lots of"
                text run at (2,1462) width 34: "data. "
                text run at (36,1462) width 78: "Lots and lots"
                text run at (2,1482) width 97: "and lots of data."
                text run at (2,1502) width 104: "Lots and lots and"
                text run at (2,1522) width 75: "lots of data. "
                text run at (77,1522) width 27: "Lots"
                text run at (2,1542) width 114: "and lots and lots of"
                text run at (2,1562) width 34: "data. "
                text run at (36,1562) width 78: "Lots and lots"
                text run at (2,1582) width 97: "and lots of data."
                text run at (2,1602) width 104: "Lots and lots and"
                text run at (2,1622) width 75: "lots of data. "
                text run at (77,1622) width 27: "Lots"
                text run at (2,1642) width 114: "and lots and lots of"
                text run at (2,1662) width 34: "data. "
                text run at (36,1662) width 78: "Lots and lots"
                text run at (2,1682) width 97: "and lots of data."
                text run at (2,1702) width 104: "Lots and lots and"
                text run at (2,1722) width 75: "lots of data. "
                text run at (77,1722) width 27: "Lots"
                text run at (2,1742) width 114: "and lots and lots of"
                text run at (2,1762) width 34: "data. "
                text run at (36,1762) width 78: "Lots and lots"
                text run at (2,1782) width 97: "and lots of data."
                text run at (2,1802) width 104: "Lots and lots and"
                text run at (2,1822) width 75: "lots of data. "
                text run at (77,1822) width 27: "Lots"
                text run at (2,1842) width 114: "and lots and lots of"
                text run at (2,1862) width 34: "data. "
                text run at (36,1862) width 78: "Lots and lots"
                text run at (2,1882) width 97: "and lots of data."
                text run at (2,1902) width 104: "Lots and lots and"
                text run at (2,1922) width 75: "lots of data. "
                text run at (77,1922) width 27: "Lots"
                text run at (2,1942) width 114: "and lots and lots of"
                text run at (2,1962) width 34: "data. "
                text run at (36,1962) width 78: "Lots and lots"
                text run at (2,1982) width 97: "and lots of data."
          RenderTableRow {TR} at (0,2008) size 385x24
            RenderTableCell {TD} at (2,2008) size 126x24 [border: (1px solid #000000)] [r=1 c=0 rs=1 cs=1]
              RenderText {#text} at (2,2) size 29x19
                text run at (2,2) width 29: "Data"
            RenderTableCell {TD} at (129,2008) size 126x24 [border: (1px solid #000000)] [r=1 c=1 rs=1 cs=1]
              RenderText {#text} at (2,2) size 29x19
                text run at (2,2) width 29: "Data"
            RenderTableCell {TD} at (257,2008) size 126x24 [border: (1px solid #000000)] [r=1 c=2 rs=1 cs=1]
              RenderText {#text} at (2,2) size 29x19
                text run at (2,2) width 29: "Data"
      RenderBlock {P} at (0,7100) size 769x21
        RenderText {#text} at (0,0) size 179x19
          text run at (0,0) width 179: "This test is still being written..."
      RenderBlock {HR} at (0,7136) size 769x3 [border: (1px inset #000000)]
      RenderBlock {P} at (0,7154) size 769x21
        RenderText {#text} at (0,0) size 57x19
          text run at (0,0) width 57: "(Back to "
        RenderInline {A} at (0,0) size 149x19 [color=#0000EE]
          RenderText {#text} at (57,0) size 149x19
            text run at (57,0) width 149: "CSS Testing Information"
        RenderText {#text} at (206,0) size 8x19
          text run at (206,0) width 8: ", "
        RenderInline {A} at (0,0) size 77x19 [color=#0000EE]
          RenderText {#text} at (214,0) size 77x19
            text run at (214,0) width 77: "David Baron"
        RenderText {#text} at (291,0) size 5x19
          text run at (291,0) width 5: ")"
      RenderBlock {P} at (0,7190) size 769x21
        RenderInline {A} at (0,0) size 30x19 [color=#0000EE]
          RenderText {#text} at (0,0) size 30x19
            text run at (0,0) width 30: "LDB"
        RenderText {#text} at (30,0) size 8x19
          text run at (30,0) width 8: ", "
        RenderInline {A} at (0,0) size 151x19 [color=#0000EE]
          RenderText {#text} at (38,0) size 151x19
            text run at (38,0) width 151: "dbaron@fas.harvard.edu"
