layer at (0,0) size 785x1814
  RenderView at (0,0) size 785x600
layer at (0,0) size 785x1814
  RenderBlock {HTML} at (0,0) size 785x1815
    RenderBody {BODY} at (8,8) size 769x584
      RenderText {#text} at (0,0) size 20x19
        text run at (0,0) width 20: "foo"
      RenderTable {TABLE} at (653,0) size 116x1807
        RenderTableSection {TBODY} at (0,0) size 116x1807
          RenderTableRow {TR} at (0,2) size 116x999
            RenderTableCell {TD} at (2,2) size 112x82 [r=0 c=0 rs=1 cs=1]
              RenderBR {BR} at (1,1) size 0x19
              RenderText {#text} at (1,21) size 95x59
                text run at (1,21) width 82: "Create a cool"
                text run at (1,41) width 95: "home page with"
                text run at (1,61) width 18: "the"
          RenderTableRow {TR} at (0,1002) size 116x803
            RenderTableCell {TD} at (2,1002) size 112x63 [r=1 c=0 rs=1 cs=1]
              RenderBR {BR} at (1,1) size 0x19
              RenderText {#text} at (1,21) size 86x39
                text run at (1,21) width 84: "Get organized"
                text run at (1,41) width 86: "online with the"
      RenderText {#text} at (0,0) size 0x0
