layer at (0,0) size 785x2136
  RenderView at (0,0) size 785x600
layer at (0,0) size 785x2136
  RenderBlock {HTML} at (0,0) size 785x2137
    RenderBody {BODY} at (8,8) size 769x2121
      RenderBlock (anonymous) at (0,0) size 769x20
        RenderBR {BR} at (0,0) size 0x19
      RenderBlock {HR} at (0,28) size 769x2 [border: (1px inset #000000)]
      RenderBlock {H3} at (0,48) size 769x24
        RenderText {#text} at (0,0) size 87x22
          text run at (0,0) width 87: "border-top"
      RenderBlock {P} at (0,90) size 769x21
        RenderInline {CODE} at (0,0) size 56x16
          RenderText {#text} at (0,3) size 56x16
            text run at (0,3) width 56: "<table>"
        RenderText {#text} at (56,0) size 31x19
          text run at (56,0) width 31: " has "
        RenderInline {CODE} at (0,0) size 48x16
          RenderText {#text} at (87,3) size 48x16
            text run at (87,3) width 48: "border"
        RenderText {#text} at (135,0) size 70x19
          text run at (135,0) width 70: " attribute; "
        RenderInline {CODE} at (0,0) size 32x16
          RenderText {#text} at (205,3) size 32x16
            text run at (205,3) width 32: "<td>"
        RenderText {#text} at (237,0) size 40x19
          text run at (237,0) width 40: " have "
        RenderInline {CODE} at (0,0) size 296x16
          RenderText {#text} at (277,3) size 296x16
            text run at (277,3) width 296: "style=\"border-top: green 10px solid;\""
        RenderText {#text} at (573,0) size 4x19
          text run at (573,0) width 4: "."
      RenderTable {TABLE} at (0,126) size 428x123 [border: (1px outset #808080)]
        RenderTableSection {TBODY} at (1,1) size 426x120
          RenderTableRow {TR} at (0,5) size 426x33
            RenderTableCell {TD} at (5,5) size 417x33 [border: (10px solid #008000) (1px inset #808080)] [r=0 c=0 rs=1 cs=2]
              RenderText {#text} at (2,11) size 412x19
                text run at (2,11) width 412: "Every cell in this table should have a 10-pixel solid green top border."
          RenderTableRow {TR} at (0,43) size 426x72
            RenderTableCell {TD} at (5,62) size 105x34 [border: (10px solid #008000) (1px inset #808080)] [r=1 c=0 rs=1 cs=1]
              RenderText {#text} at (2,11) size 50x20
                text run at (2,12) width 50: "Cell one"
            RenderTableCell {TD} at (114,43) size 308x72 [border: (10px solid #008000) (1px inset #808080)] [r=1 c=1 rs=1 cs=1]
              RenderBlock (anonymous) at (2,11) size 303x20
                RenderText {#text} at (0,0) size 51x19
                  text run at (0,0) width 51: "Cell two"
              RenderTable {TABLE} at (2,31) size 155x39 [border: (1px outset #808080)]
                RenderTableSection {TBODY} at (1,1) size 153x37
                  RenderTableRow {TR} at (0,2) size 153x33
                    RenderTableCell {TD} at (2,2) size 149x33 [border: (10px solid #008000) (1px inset #808080)] [r=0 c=0 rs=1 cs=1]
                      RenderText {#text} at (2,11) size 145x19
                        text run at (2,11) width 145: "Nested single-cell table!"
      RenderBlock (anonymous) at (0,248) size 769x21
        RenderBR {BR} at (0,0) size 0x19
      RenderBlock {P} at (0,284) size 769x21
        RenderInline {CODE} at (0,0) size 56x16
          RenderText {#text} at (0,3) size 56x16
            text run at (0,3) width 56: "<table>"
        RenderText {#text} at (56,0) size 67x19
          text run at (56,0) width 67: " has *no* "
        RenderInline {CODE} at (0,0) size 48x16
          RenderText {#text} at (123,3) size 48x16
            text run at (123,3) width 48: "border"
        RenderText {#text} at (171,0) size 70x19
          text run at (171,0) width 70: " attribute; "
        RenderInline {CODE} at (0,0) size 32x16
          RenderText {#text} at (241,3) size 32x16
            text run at (241,3) width 32: "<td>"
        RenderText {#text} at (273,0) size 40x19
          text run at (273,0) width 40: " have "
        RenderInline {CODE} at (0,0) size 296x16
          RenderText {#text} at (313,3) size 296x16
            text run at (313,3) width 296: "style=\"border-top: green 10px solid;\""
        RenderText {#text} at (609,0) size 4x19
          text run at (609,0) width 4: "."
      RenderTable {TABLE} at (0,320) size 424x116
        RenderTableSection {TBODY} at (0,0) size 424x115
          RenderTableRow {TR} at (0,5) size 424x32
            RenderTableCell {TD} at (5,5) size 415x32 [border: (10px solid #008000) none] [r=0 c=0 rs=1 cs=2]
              RenderText {#text} at (1,11) size 412x19
                text run at (1,11) width 412: "Every cell in this table should have a 10-pixel solid green top border."
          RenderTableRow {TR} at (0,42) size 424x68
            RenderTableCell {TD} at (5,60) size 104x32 [border: (10px solid #008000) none] [r=1 c=0 rs=1 cs=1]
              RenderText {#text} at (1,11) size 50x19
                text run at (1,11) width 50: "Cell one"
            RenderTableCell {TD} at (113,42) size 307x68 [border: (10px solid #008000) none] [r=1 c=1 rs=1 cs=1]
              RenderBlock (anonymous) at (1,11) size 304x20
                RenderText {#text} at (0,0) size 51x19
                  text run at (0,0) width 51: "Cell two"
              RenderTable {TABLE} at (1,31) size 151x36
                RenderTableSection {TBODY} at (0,0) size 151x36
                  RenderTableRow {TR} at (0,2) size 151x32
                    RenderTableCell {TD} at (2,2) size 147x32 [border: (10px solid #008000) none] [r=0 c=0 rs=1 cs=1]
                      RenderText {#text} at (1,11) size 145x19
                        text run at (1,11) width 145: "Nested single-cell table!"
      RenderBlock (anonymous) at (0,435) size 769x21
        RenderBR {BR} at (0,0) size 0x19
      RenderBlock {HR} at (0,463) size 769x3 [border: (1px inset #000000)]
      RenderBlock {H3} at (0,484) size 769x24
        RenderText {#text} at (0,0) size 100x22
          text run at (0,0) width 100: "border-right"
      RenderBlock {P} at (0,525) size 769x21
        RenderInline {CODE} at (0,0) size 56x16
          RenderText {#text} at (0,3) size 56x16
            text run at (0,3) width 56: "<table>"
        RenderText {#text} at (56,0) size 31x19
          text run at (56,0) width 31: " has "
        RenderInline {CODE} at (0,0) size 48x16
          RenderText {#text} at (87,3) size 48x16
            text run at (87,3) width 48: "border"
        RenderText {#text} at (135,0) size 70x19
          text run at (135,0) width 70: " attribute; "
        RenderInline {CODE} at (0,0) size 32x16
          RenderText {#text} at (205,3) size 32x16
            text run at (205,3) width 32: "<td>"
        RenderText {#text} at (237,0) size 40x19
          text run at (237,0) width 40: " have "
        RenderInline {CODE} at (0,0) size 312x16
          RenderText {#text} at (277,3) size 312x16
            text run at (277,3) width 312: "style=\"border-right: green 10px solid;\""
        RenderText {#text} at (589,0) size 4x19
          text run at (589,0) width 4: "."
      RenderTable {TABLE} at (0,561) size 443x96 [border: (1px outset #808080)]
        RenderTableSection {TBODY} at (1,1) size 441x93
          RenderTableRow {TR} at (0,5) size 441x24
            RenderTableCell {TD} at (5,5) size 432x24 [border: (1px inset #808080) (10px solid #008000) (1px inset #808080)] [r=0 c=0 rs=1 cs=2]
              RenderText {#text} at (2,2) size 418x19
                text run at (2,2) width 418: "Every cell in this table should have a 10-pixel solid green right border."
          RenderTableRow {TR} at (0,34) size 441x54
            RenderTableCell {TD} at (5,49) size 112x24 [border: (1px inset #808080) (10px solid #008000) (1px inset #808080)] [r=1 c=0 rs=1 cs=1]
              RenderText {#text} at (2,2) size 50x19
                text run at (2,2) width 50: "Cell one"
            RenderTableCell {TD} at (121,34) size 316x54 [border: (1px inset #808080) (10px solid #008000) (1px inset #808080)] [r=1 c=1 rs=1 cs=1]
              RenderBlock (anonymous) at (2,2) size 302x20
                RenderText {#text} at (0,0) size 51x19
                  text run at (0,0) width 51: "Cell two"
              RenderTable {TABLE} at (2,22) size 164x30 [border: (1px outset #808080)]
                RenderTableSection {TBODY} at (1,1) size 162x28
                  RenderTableRow {TR} at (0,2) size 162x24
                    RenderTableCell {TD} at (2,2) size 158x24 [border: (1px inset #808080) (10px solid #008000) (1px inset #808080)] [r=0 c=0 rs=1 cs=1]
                      RenderText {#text} at (2,2) size 145x19
                        text run at (2,2) width 145: "Nested single-cell table!"
      RenderBlock (anonymous) at (0,656) size 769x21
        RenderBR {BR} at (0,0) size 0x19
      RenderBlock {P} at (0,692) size 769x21
        RenderInline {CODE} at (0,0) size 56x16
          RenderText {#text} at (0,3) size 56x16
            text run at (0,3) width 56: "<table>"
        RenderText {#text} at (56,0) size 31x19
          text run at (56,0) width 31: " has "
        RenderInline {CODE} at (0,0) size 48x16
          RenderText {#text} at (87,3) size 48x16
            text run at (87,3) width 48: "border"
        RenderText {#text} at (135,0) size 70x19
          text run at (135,0) width 70: " attribute; "
        RenderInline {CODE} at (0,0) size 32x16
          RenderText {#text} at (205,3) size 32x16
            text run at (205,3) width 32: "<td>"
        RenderText {#text} at (237,0) size 40x19
          text run at (237,0) width 40: " have "
        RenderInline {CODE} at (0,0) size 312x16
          RenderText {#text} at (277,3) size 312x16
            text run at (277,3) width 312: "style=\"border-right: green 10px solid;\""
        RenderText {#text} at (589,0) size 4x19
          text run at (589,0) width 4: "."
      RenderTable {TABLE} at (0,728) size 440x86
        RenderTableSection {TBODY} at (0,0) size 440x85
          RenderTableRow {TR} at (0,5) size 440x22
            RenderTableCell {TD} at (5,5) size 431x22 [border: none (10px solid #008000) none] [r=0 c=0 rs=1 cs=2]
              RenderText {#text} at (1,1) size 418x19
                text run at (1,1) width 418: "Every cell in this table should have a 10-pixel solid green right border."
          RenderTableRow {TR} at (0,32) size 440x48
            RenderTableCell {TD} at (5,45) size 113x22 [border: none (10px solid #008000) none] [r=1 c=0 rs=1 cs=1]
              RenderText {#text} at (1,1) size 50x19
                text run at (1,1) width 50: "Cell one"
            RenderTableCell {TD} at (122,32) size 314x48 [border: none (10px solid #008000) none] [r=1 c=1 rs=1 cs=1]
              RenderBlock (anonymous) at (1,1) size 301x20
                RenderText {#text} at (0,0) size 51x19
                  text run at (0,0) width 51: "Cell two"
              RenderTable {TABLE} at (1,21) size 161x26
                RenderTableSection {TBODY} at (0,0) size 161x26
                  RenderTableRow {TR} at (0,2) size 161x22
                    RenderTableCell {TD} at (2,2) size 157x22 [border: none (10px solid #008000) none] [r=0 c=0 rs=1 cs=1]
                      RenderText {#text} at (1,1) size 145x19
                        text run at (1,1) width 145: "Nested single-cell table!"
      RenderBlock (anonymous) at (0,813) size 769x21
        RenderBR {BR} at (0,0) size 0x19
      RenderBlock {HR} at (0,841) size 769x3 [border: (1px inset #000000)]
      RenderBlock {H3} at (0,862) size 769x24
        RenderText {#text} at (0,0) size 118x22
          text run at (0,0) width 118: "border-bottom"
      RenderBlock {P} at (0,904) size 769x21
        RenderInline {CODE} at (0,0) size 56x16
          RenderText {#text} at (0,3) size 56x16
            text run at (0,3) width 56: "<table>"
        RenderText {#text} at (56,0) size 31x19
          text run at (56,0) width 31: " has "
        RenderInline {CODE} at (0,0) size 48x16
          RenderText {#text} at (87,3) size 48x16
            text run at (87,3) width 48: "border"
        RenderText {#text} at (135,0) size 70x19
          text run at (135,0) width 70: " attribute; "
        RenderInline {CODE} at (0,0) size 32x16
          RenderText {#text} at (205,3) size 32x16
            text run at (205,3) width 32: "<td>"
        RenderText {#text} at (237,0) size 40x19
          text run at (237,0) width 40: " have "
        RenderInline {CODE} at (0,0) size 320x16
          RenderText {#text} at (277,3) size 320x16
            text run at (277,3) width 320: "style=\"border-bottom: green 10px solid;\""
        RenderText {#text} at (597,0) size 4x19
          text run at (597,0) width 4: "."
      RenderTable {TABLE} at (0,940) size 451x123 [border: (1px outset #808080)]
        RenderTableSection {TBODY} at (1,1) size 449x120
          RenderTableRow {TR} at (0,5) size 449x33
            RenderTableCell {TD} at (5,5) size 440x33 [border: (1px inset #808080) (10px solid #008000) (1px inset #808080)] [r=0 c=0 rs=1 cs=2]
              RenderText {#text} at (2,2) size 435x19
                text run at (2,2) width 435: "Every cell in this table should have a 10-pixel solid green bottom border."
          RenderTableRow {TR} at (0,43) size 449x72
            RenderTableCell {TD} at (5,62) size 111x34 [border: (1px inset #808080) (10px solid #008000) (1px inset #808080)] [r=1 c=0 rs=1 cs=1]
              RenderText {#text} at (2,2) size 50x20
                text run at (2,3) width 50: "Cell one"
            RenderTableCell {TD} at (120,43) size 325x72 [border: (1px inset #808080) (10px solid #008000) (1px inset #808080)] [r=1 c=1 rs=1 cs=1]
              RenderBlock (anonymous) at (2,2) size 320x20
                RenderText {#text} at (0,0) size 51x19
                  text run at (0,0) width 51: "Cell two"
              RenderTable {TABLE} at (2,22) size 155x39 [border: (1px outset #808080)]
                RenderTableSection {TBODY} at (1,1) size 153x37
                  RenderTableRow {TR} at (0,2) size 153x33
                    RenderTableCell {TD} at (2,2) size 149x33 [border: (1px inset #808080) (10px solid #008000) (1px inset #808080)] [r=0 c=0 rs=1 cs=1]
                      RenderText {#text} at (2,2) size 145x19
                        text run at (2,2) width 145: "Nested single-cell table!"
      RenderBlock (anonymous) at (0,1062) size 769x21
        RenderBR {BR} at (0,0) size 0x19
      RenderBlock {P} at (0,1098) size 769x21
        RenderInline {CODE} at (0,0) size 56x16
          RenderText {#text} at (0,3) size 56x16
            text run at (0,3) width 56: "<table>"
        RenderText {#text} at (56,0) size 67x19
          text run at (56,0) width 67: " has *no* "
        RenderInline {CODE} at (0,0) size 48x16
          RenderText {#text} at (123,3) size 48x16
            text run at (123,3) width 48: "border"
        RenderText {#text} at (171,0) size 70x19
          text run at (171,0) width 70: " attribute; "
        RenderInline {CODE} at (0,0) size 32x16
          RenderText {#text} at (241,3) size 32x16
            text run at (241,3) width 32: "<td>"
        RenderText {#text} at (273,0) size 40x19
          text run at (273,0) width 40: " have "
        RenderInline {CODE} at (0,0) size 320x16
          RenderText {#text} at (313,3) size 320x16
            text run at (313,3) width 320: "style=\"border-bottom: green 10px solid;\""
        RenderText {#text} at (633,0) size 4x19
          text run at (633,0) width 4: "."
      RenderTable {TABLE} at (0,1134) size 447x116
        RenderTableSection {TBODY} at (0,0) size 447x115
          RenderTableRow {TR} at (0,5) size 447x32
            RenderTableCell {TD} at (5,5) size 438x32 [border: none (10px solid #008000) none] [r=0 c=0 rs=1 cs=2]
              RenderText {#text} at (1,1) size 435x19
                text run at (1,1) width 435: "Every cell in this table should have a 10-pixel solid green bottom border."
          RenderTableRow {TR} at (0,42) size 447x68
            RenderTableCell {TD} at (5,60) size 110x32 [border: none (10px solid #008000) none] [r=1 c=0 rs=1 cs=1]
              RenderText {#text} at (1,1) size 50x19
                text run at (1,1) width 50: "Cell one"
            RenderTableCell {TD} at (119,42) size 324x68 [border: none (10px solid #008000) none] [r=1 c=1 rs=1 cs=1]
              RenderBlock (anonymous) at (1,1) size 321x20
                RenderText {#text} at (0,0) size 51x19
                  text run at (0,0) width 51: "Cell two"
              RenderTable {TABLE} at (1,21) size 151x36
                RenderTableSection {TBODY} at (0,0) size 151x36
                  RenderTableRow {TR} at (0,2) size 151x32
                    RenderTableCell {TD} at (2,2) size 147x32 [border: none (10px solid #008000) none] [r=0 c=0 rs=1 cs=1]
                      RenderText {#text} at (1,1) size 145x19
                        text run at (1,1) width 145: "Nested single-cell table!"
      RenderBlock (anonymous) at (0,1249) size 769x21
        RenderBR {BR} at (0,0) size 0x19
      RenderBlock {HR} at (0,1277) size 769x3 [border: (1px inset #000000)]
      RenderBlock {H3} at (0,1298) size 769x24
        RenderText {#text} at (0,0) size 87x22
          text run at (0,0) width 87: "border-left"
      RenderBlock {P} at (0,1339) size 769x21
        RenderInline {CODE} at (0,0) size 56x16
          RenderText {#text} at (0,3) size 56x16
            text run at (0,3) width 56: "<table>"
        RenderText {#text} at (56,0) size 31x19
          text run at (56,0) width 31: " has "
        RenderInline {CODE} at (0,0) size 48x16
          RenderText {#text} at (87,3) size 48x16
            text run at (87,3) width 48: "border"
        RenderText {#text} at (135,0) size 70x19
          text run at (135,0) width 70: " attribute; "
        RenderInline {CODE} at (0,0) size 32x16
          RenderText {#text} at (205,3) size 32x16
            text run at (205,3) width 32: "<td>"
        RenderText {#text} at (237,0) size 40x19
          text run at (237,0) width 40: " have "
        RenderInline {CODE} at (0,0) size 304x16
          RenderText {#text} at (277,3) size 304x16
            text run at (277,3) width 304: "style=\"border-left: green 10px solid;\""
        RenderText {#text} at (581,0) size 4x19
          text run at (581,0) width 4: "."
      RenderTable {TABLE} at (0,1375) size 435x96 [border: (1px outset #808080)]
        RenderTableSection {TBODY} at (1,1) size 433x93
          RenderTableRow {TR} at (0,5) size 433x24
            RenderTableCell {TD} at (5,5) size 424x24 [border: (1px inset #808080) (10px solid #008000)] [r=0 c=0 rs=1 cs=2]
              RenderText {#text} at (11,2) size 410x19
                text run at (11,2) width 410: "Every cell in this table should have a 10-pixel solid green left border."
          RenderTableRow {TR} at (0,34) size 433x54
            RenderTableCell {TD} at (5,49) size 110x24 [border: (1px inset #808080) (10px solid #008000)] [r=1 c=0 rs=1 cs=1]
              RenderText {#text} at (11,2) size 50x19
                text run at (11,2) width 50: "Cell one"
            RenderTableCell {TD} at (119,34) size 310x54 [border: (1px inset #808080) (10px solid #008000)] [r=1 c=1 rs=1 cs=1]
              RenderBlock (anonymous) at (11,2) size 296x20
                RenderText {#text} at (0,0) size 51x19
                  text run at (0,0) width 51: "Cell two"
              RenderTable {TABLE} at (11,22) size 164x30 [border: (1px outset #808080)]
                RenderTableSection {TBODY} at (1,1) size 162x28
                  RenderTableRow {TR} at (0,2) size 162x24
                    RenderTableCell {TD} at (2,2) size 158x24 [border: (1px inset #808080) (10px solid #008000)] [r=0 c=0 rs=1 cs=1]
                      RenderText {#text} at (11,2) size 145x19
                        text run at (11,2) width 145: "Nested single-cell table!"
      RenderBlock (anonymous) at (0,1470) size 769x21
        RenderBR {BR} at (0,0) size 0x19
      RenderBlock {P} at (0,1506) size 769x21
        RenderInline {CODE} at (0,0) size 56x16
          RenderText {#text} at (0,3) size 56x16
            text run at (0,3) width 56: "<table>"
        RenderText {#text} at (56,0) size 67x19
          text run at (56,0) width 67: " has *no* "
        RenderInline {CODE} at (0,0) size 48x16
          RenderText {#text} at (123,3) size 48x16
            text run at (123,3) width 48: "border"
        RenderText {#text} at (171,0) size 70x19
          text run at (171,0) width 70: " attribute; "
        RenderInline {CODE} at (0,0) size 32x16
          RenderText {#text} at (241,3) size 32x16
            text run at (241,3) width 32: "<td>"
        RenderText {#text} at (273,0) size 40x19
          text run at (273,0) width 40: " have "
        RenderInline {CODE} at (0,0) size 304x16
          RenderText {#text} at (313,3) size 304x16
            text run at (313,3) width 304: "style=\"border-left: green 10px solid;\""
        RenderText {#text} at (617,0) size 4x19
          text run at (617,0) width 4: "."
      RenderTable {TABLE} at (0,1542) size 432x86
        RenderTableSection {TBODY} at (0,0) size 432x85
          RenderTableRow {TR} at (0,5) size 432x22
            RenderTableCell {TD} at (5,5) size 423x22 [border: none (10px solid #008000)] [r=0 c=0 rs=1 cs=2]
              RenderText {#text} at (11,1) size 410x19
                text run at (11,1) width 410: "Every cell in this table should have a 10-pixel solid green left border."
          RenderTableRow {TR} at (0,32) size 432x48
            RenderTableCell {TD} at (5,45) size 111x22 [border: none (10px solid #008000)] [r=1 c=0 rs=1 cs=1]
              RenderText {#text} at (11,1) size 50x19
                text run at (11,1) width 50: "Cell one"
            RenderTableCell {TD} at (120,32) size 308x48 [border: none (10px solid #008000)] [r=1 c=1 rs=1 cs=1]
              RenderBlock (anonymous) at (11,1) size 295x20
                RenderText {#text} at (0,0) size 51x19
                  text run at (0,0) width 51: "Cell two"
              RenderTable {TABLE} at (11,21) size 161x26
                RenderTableSection {TBODY} at (0,0) size 161x26
                  RenderTableRow {TR} at (0,2) size 161x22
                    RenderTableCell {TD} at (2,2) size 157x22 [border: none (10px solid #008000)] [r=0 c=0 rs=1 cs=1]
                      RenderText {#text} at (11,1) size 145x19
                        text run at (11,1) width 145: "Nested single-cell table!"
      RenderBlock (anonymous) at (0,1627) size 769x21
        RenderBR {BR} at (0,0) size 0x19
      RenderBlock {HR} at (0,1655) size 769x3 [border: (1px inset #000000)]
      RenderBlock {H3} at (0,1676) size 769x24
        RenderText {#text} at (0,0) size 55x22
          text run at (0,0) width 55: "border"
      RenderBlock {P} at (0,1718) size 769x21
        RenderInline {CODE} at (0,0) size 56x16
          RenderText {#text} at (0,3) size 56x16
            text run at (0,3) width 56: "<table>"
        RenderText {#text} at (56,0) size 31x19
          text run at (56,0) width 31: " has "
        RenderInline {CODE} at (0,0) size 48x16
          RenderText {#text} at (87,3) size 48x16
            text run at (87,3) width 48: "border"
        RenderText {#text} at (135,0) size 70x19
          text run at (135,0) width 70: " attribute; "
        RenderInline {CODE} at (0,0) size 32x16
          RenderText {#text} at (205,3) size 32x16
            text run at (205,3) width 32: "<td>"
        RenderText {#text} at (237,0) size 40x19
          text run at (237,0) width 40: " have "
        RenderInline {CODE} at (0,0) size 264x16
          RenderText {#text} at (277,3) size 264x16
            text run at (277,3) width 264: "style=\"border: green 10px solid;\""
        RenderText {#text} at (541,0) size 4x19
          text run at (541,0) width 4: "."
      RenderTable {TABLE} at (0,1754) size 422x150 [border: (1px outset #808080)]
        RenderTableSection {TBODY} at (1,1) size 420x147
          RenderTableRow {TR} at (0,5) size 420x42
            RenderTableCell {TD} at (5,5) size 411x42 [border: (10px solid #008000)] [r=0 c=0 rs=1 cs=2]
              RenderText {#text} at (11,11) size 388x19
                text run at (11,11) width 388: "Every cell in this table should have a 10-pixel solid green border."
          RenderTableRow {TR} at (0,52) size 420x90
            RenderTableCell {TD} at (5,76) size 110x42 [border: (10px solid #008000)] [r=1 c=0 rs=1 cs=1]
              RenderText {#text} at (11,11) size 50x19
                text run at (11,11) width 50: "Cell one"
            RenderTableCell {TD} at (119,52) size 297x90 [border: (10px solid #008000)] [r=1 c=1 rs=1 cs=1]
              RenderBlock (anonymous) at (11,11) size 274x20
                RenderText {#text} at (0,0) size 51x19
                  text run at (0,0) width 51: "Cell two"
              RenderTable {TABLE} at (11,31) size 173x48 [border: (1px outset #808080)]
                RenderTableSection {TBODY} at (1,1) size 171x46
                  RenderTableRow {TR} at (0,2) size 171x42
                    RenderTableCell {TD} at (2,2) size 167x42 [border: (10px solid #008000)] [r=0 c=0 rs=1 cs=1]
                      RenderText {#text} at (11,11) size 145x19
                        text run at (11,11) width 145: "Nested single-cell table!"
      RenderBlock (anonymous) at (0,1903) size 769x21
        RenderBR {BR} at (0,0) size 0x19
      RenderBlock {P} at (0,1939) size 769x21
        RenderInline {CODE} at (0,0) size 56x16
          RenderText {#text} at (0,3) size 56x16
            text run at (0,3) width 56: "<table>"
        RenderText {#text} at (56,0) size 67x19
          text run at (56,0) width 67: " has *no* "
        RenderInline {CODE} at (0,0) size 48x16
          RenderText {#text} at (123,3) size 48x16
            text run at (123,3) width 48: "border"
        RenderText {#text} at (171,0) size 70x19
          text run at (171,0) width 70: " attribute; "
        RenderInline {CODE} at (0,0) size 32x16
          RenderText {#text} at (241,3) size 32x16
            text run at (241,3) width 32: "<td>"
        RenderText {#text} at (273,0) size 40x19
          text run at (273,0) width 40: " have "
        RenderInline {CODE} at (0,0) size 264x16
          RenderText {#text} at (313,3) size 264x16
            text run at (313,3) width 264: "style=\"border: green 10px solid;\""
        RenderText {#text} at (577,0) size 4x19
          text run at (577,0) width 4: "."
      RenderTable {TABLE} at (0,1975) size 420x146
        RenderTableSection {TBODY} at (0,0) size 420x145
          RenderTableRow {TR} at (0,5) size 420x42
            RenderTableCell {TD} at (5,5) size 411x42 [border: (10px solid #008000)] [r=0 c=0 rs=1 cs=2]
              RenderText {#text} at (11,11) size 388x19
                text run at (11,11) width 388: "Every cell in this table should have a 10-pixel solid green border."
          RenderTableRow {TR} at (0,52) size 420x88
            RenderTableCell {TD} at (5,75) size 111x42 [border: (10px solid #008000)] [r=1 c=0 rs=1 cs=1]
              RenderText {#text} at (11,11) size 50x19
                text run at (11,11) width 50: "Cell one"
            RenderTableCell {TD} at (120,52) size 296x88 [border: (10px solid #008000)] [r=1 c=1 rs=1 cs=1]
              RenderBlock (anonymous) at (11,11) size 273x20
                RenderText {#text} at (0,0) size 51x19
                  text run at (0,0) width 51: "Cell two"
              RenderTable {TABLE} at (11,31) size 171x46
                RenderTableSection {TBODY} at (0,0) size 171x46
                  RenderTableRow {TR} at (0,2) size 171x42
                    RenderTableCell {TD} at (2,2) size 167x42 [border: (10px solid #008000)] [r=0 c=0 rs=1 cs=1]
                      RenderText {#text} at (11,11) size 145x19
                        text run at (11,11) width 145: "Nested single-cell table!"
