layer at (0,0) size 800x600
  RenderView at (0,0) size 800x600
layer at (0,0) size 800x600
  RenderBlock {HTML} at (0,0) size 800x600
    RenderBody {BODY} at (0,0) size 800x600 [bgcolor=#FFFFFF]
      RenderBlock (anonymous) at (0,0) size 800x20
        RenderText {#text} at (0,0) size 314x19
          text run at (0,0) width 314: "The bug showed horizontal scroll bars when resized "
        RenderBR {BR} at (314,15) size 0x0
      RenderTable {TABLE} at (0,20) size 800x90
        RenderTableSection {TBODY} at (0,0) size 800x90
          RenderTableRow {TR} at (0,0) size 800x90
            RenderTableCell {TD} at (0,0) size 800x90 [bgcolor=#FFFFFF] [r=0 c=0 rs=1 cs=1]
              RenderImage {IMG} at (0,0) size 194x90
              RenderImage {IMG} at (667,0) size 133x90
