layer at (0,0) size 800x600
  RenderView at (0,0) size 800x600
layer at (0,0) size 800x600
  RenderBlock {HTML} at (0,0) size 800x600
    RenderBody {BODY} at (8,8) size 784x584
      RenderTable {TABLE} at (0,0) size 784x58 [border: (1px outset #808080)]
        RenderTableSection {TBODY} at (1,1) size 782x56
          RenderTableRow {TR} at (0,4) size 782x48
            RenderTableCell {TD} at (4,14) size 12x28 [border: (1px inset #808080)] [r=0 c=0 rs=1 cs=1]
              RenderText {#text} at (4,4) size 4x19
                text run at (4,4) width 4: " "
            RenderTableCell {TD} at (20,14) size 687x28 [border: (1px inset #808080)] [r=0 c=1 rs=1 cs=1]
              RenderText {#text} at (4,4) size 62x19
                text run at (4,4) width 62: "Top Story"
            RenderTableCell {TD} at (711,4) size 67x48 [border: (1px inset #808080)] [r=0 c=2 rs=1 cs=1]
              RenderText {#text} at (4,4) size 59x39
                text run at (4,4) width 22: "Full"
                text run at (4,24) width 59: "Coverage"
