layer at (0,0) size 800x600
  RenderView at (0,0) size 800x600
layer at (0,0) size 800x74
  RenderBlock {HTML} at (0,0) size 800x74
    RenderBody {BODY} at (8,8) size 784x58
      RenderBlock {DIV} at (0,0) size 784x58
        RenderTable {TABLE} at (0,0) size 100x58 [border: (1px outset #808080)]
          RenderTableSection {TBODY} at (1,1) size 98x56
            RenderTableRow {TR} at (0,2) size 98x52
              RenderTableCell {TD} at (2,2) size 94x52 [border: (1px inset #808080)] [r=0 c=0 rs=1 cs=1]
                RenderText {#text} at (2,3) size 90x46
                  text run at (2,3) width 90: "aaaaa"
