layer at (0,0) size 800x600
  RenderView at (0,0) size 800x600
layer at (0,0) size 800x220
  RenderBlock {HTML} at (0,0) size 800x220
    RenderBody {BODY} at (8,8) size 784x204
      RenderTable {TABLE} at (0,0) size 400x204 [border: (1px outset #808080)]
        RenderBlock {CAPTION} at (0,0) size 400x20
          RenderText {#text} at (54,0) size 292x19
            text run at (54,0) width 292: "Table is 400 px width, set with table width=400."
        RenderTableCol {COLGROUP} at (0,0) size 0x0
          RenderTableCol {COL} at (0,0) size 0x0
          RenderTableCol {COL} at (0,0) size 0x0
          RenderTableCol {COL} at (0,0) size 0x0
        RenderTableSection {TBODY} at (1,21) size 398x182
          RenderTableRow {TR} at (0,0) size 398x182
            RenderTableCell {TD} at (0,0) size 398x182 [border: (1px inset #808080)] [r=0 c=0 rs=1 cs=3]
              RenderText {#text} at (1,1) size 396x179
                text run at (1,1) width 295: "table Cols 1 - 3. There must be a lot of text here "
                text run at (296,1) width 87: "in order to see"
                text run at (1,21) width 194: "the bug. table Cols 1 - 3. There "
                text run at (195,21) width 200: "must be a lot of text here in order"
                text run at (1,41) width 92: "to see the bug. "
                text run at (93,41) width 291: "table Cols 1 - 3. There must be a lot of text here"
                text run at (1,61) width 285: "in order to see the bug. table Cols 1 - 3. There "
                text run at (286,61) width 93: "must be a lot of"
                text run at (1,81) width 199: "text here in order to see the bug. "
                text run at (200,81) width 189: "table Cols 1 - 3. There must be"
                text run at (1,101) width 102: "a lot of text here "
                text run at (103,101) width 281: "in order to see the bug. table Cols 1 - 3. There"
                text run at (1,121) width 296: "must be a lot of text here in order to see the bug. "
                text run at (297,121) width 99: "table Cols 1 - 3."
                text run at (1,141) width 192: "There must be a lot of text here "
                text run at (193,141) width 204: "in order to see the bug. table Cols"
                text run at (1,161) width 77: "1 - 3. There "
                text run at (78,161) width 292: "must be a lot of text here in order to see the bug."
