layer at (0,0) size 800x600
  RenderView at (0,0) size 800x600
layer at (0,0) size 800x600
  RenderBlock {HTML} at (0,0) size 800x600
    RenderBody {BODY} at (8,8) size 784x584
      RenderTable {TABLE} at (0,0) size 66x50
        RenderTableCol {COLGROUP} at (0,0) size 0x0
          RenderTableCol {COL} at (0,0) size 0x0
        RenderTableSection {TBODY} at (0,0) size 66x50
          RenderTableRow {TR} at (0,2) size 66x22
            RenderTableCell {TD} at (2,2) size 62x22 [r=0 c=0 rs=1 cs=2]
              RenderText {#text} at (1,1) size 11x19
                text run at (1,1) width 11: "A"
          RenderTableRow {TR} at (0,26) size 66x22
            RenderTableCell {TD} at (2,26) size 12x22 [r=1 c=0 rs=1 cs=1]
              RenderText {#text} at (1,1) size 10x19
                text run at (1,1) width 10: "B"
            RenderTableCell {TD} at (16,26) size 48x22 [r=1 c=1 rs=1 cs=1]
              RenderText {#text} at (1,1) size 11x19
                text run at (1,1) width 11: "C"
