layer at (0,0) size 800x600
  RenderView at (0,0) size 800x600
layer at (0,0) size 800x600
  RenderBlock {HTML} at (0,0) size 800x600
    RenderBody {BODY} at (8,8) size 784x584
      RenderTable {TABLE} at (0,0) size 61x584
        RenderTableSection {THEAD} at (0,0) size 61x26
          RenderTableRow {TR} at (0,2) size 61x22
            RenderTableCell {TD} at (2,2) size 57x22 [r=0 c=0 rs=1 cs=1]
              RenderText {#text} at (1,1) size 55x19
                text run at (1,1) width 55: "THEAD"
        RenderTableSection {TFOOT} at (0,560) size 61x24
          RenderTableRow {TR} at (0,0) size 61x22
            RenderTableCell {TD} at (2,0) size 57x22 [r=0 c=0 rs=1 cs=1]
              RenderText {#text} at (1,1) size 53x19
                text run at (1,1) width 53: "TFOOT"
        RenderTableSection {TBODY} at (0,26) size 61x534
          RenderTableRow {TR} at (0,0) size 61x532
            RenderTableCell {TD} at (2,255) size 57x22 [r=0 c=0 rs=1 cs=1]
              RenderText {#text} at (1,1) size 53x19
                text run at (1,1) width 53: "TBODY"
