layer at (0,0) size 800x600
  RenderView at (0,0) size 800x600
layer at (0,0) size 800x600
  RenderBlock {HTML} at (0,0) size 800x600
    RenderBody {BODY} at (8,8) size 784x584 [bgcolor=#FFFFFF]
      RenderTable {TABLE} at (0,0) size 706x82 [border: (1px outset #808080)]
        RenderTableSection {TBODY} at (1,1) size 704x80
          RenderTableRow {TR} at (0,2) size 704x24
            RenderTableCell {TH} at (2,12) size 266x4 [border: (1px inset #808080)] [r=0 c=0 rs=1 cs=1]
            RenderTableCell {TD} at (269,2) size 153x24 [border: (1px inset #808080)] [r=0 c=1 rs=1 cs=1]
              RenderText {#text} at (2,2) size 65x19
                text run at (2,2) width 65: "Host name"
            RenderTableCell {TD} at (423,2) size 172x24 [border: (1px inset #808080)] [r=0 c=2 rs=1 cs=1]
              RenderText {#text} at (2,2) size 74x19
                text run at (2,2) width 74: "Architecture"
            RenderTableCell {TD} at (596,2) size 106x24 [border: (1px inset #808080)] [r=0 c=3 rs=1 cs=1]
              RenderText {#text} at (2,2) size 44x19
                text run at (2,2) width 44: "Access"
          RenderTableRow {TR} at (0,28) size 704x24
            RenderTableCell {TD} at (2,28) size 266x24 [border: (1px inset #808080)] [r=1 c=0 rs=1 cs=1]
              RenderText {#text} at (2,2) size 117x19
                text run at (2,2) width 117: "debussy.debian.org"
            RenderTableCell {TD} at (269,28) size 153x24 [border: (1px inset #808080)] [r=1 c=1 rs=1 cs=1]
              RenderText {#text} at (2,2) size 35x19
                text run at (2,2) width 35: "ARM"
            RenderTableCell {TD} at (423,28) size 172x24 [border: (1px inset #808080)] [r=1 c=2 rs=1 cs=1]
              RenderText {#text} at (2,2) size 13x19
                text run at (2,2) width 13: "all"
          RenderTableRow {TR} at (0,54) size 704x24
            RenderTableCell {TD} at (2,54) size 266x24 [border: (1px inset #808080)] [r=2 c=0 rs=1 cs=1]
              RenderText {#text} at (2,2) size 98x19
                text run at (2,2) width 98: "faure.debian.org"
            RenderTableCell {TD} at (269,54) size 153x24 [border: (1px inset #808080)] [r=2 c=1 rs=1 cs=1]
              RenderText {#text} at (2,2) size 32x19
                text run at (2,2) width 32: "alpha"
            RenderTableCell {TD} at (423,54) size 172x24 [border: (1px inset #808080)] [r=2 c=2 rs=1 cs=1]
              RenderText {#text} at (2,2) size 13x19
                text run at (2,2) width 13: "all"
      RenderBlock {P} at (0,98) size 784x20
        RenderText {#text} at (0,0) size 124x19
          text run at (0,0) width 124: "Table nested in table"
      RenderTable {TABLE} at (0,134) size 334x108
        RenderTableSection {TBODY} at (0,0) size 334x108
          RenderTableRow {TR} at (0,2) size 334x104
            RenderTableCell {TD} at (2,2) size 330x104 [r=0 c=0 rs=1 cs=1]
              RenderTable {TABLE} at (1,1) size 298x102 [border: (1px outset #808080)]
                RenderTableSection {TBODY} at (1,1) size 296x100
                  RenderTableRow {TR} at (0,2) size 296x44
                    RenderTableCell {TH} at (2,22) size 121x4 [border: (1px inset #808080)] [r=0 c=0 rs=1 cs=1]
                    RenderTableCell {TD} at (125,2) size 39x44 [border: (1px inset #808080)] [r=0 c=1 rs=1 cs=1]
                      RenderText {#text} at (2,2) size 32x39
                        text run at (2,2) width 29: "Host"
                        text run at (2,22) width 32: "name"
                    RenderTableCell {TD} at (166,12) size 78x24 [border: (1px inset #808080)] [r=0 c=2 rs=1 cs=1]
                      RenderText {#text} at (2,2) size 74x19
                        text run at (2,2) width 74: "Architecture"
                    RenderTableCell {TD} at (246,12) size 48x24 [border: (1px inset #808080)] [r=0 c=3 rs=1 cs=1]
                      RenderText {#text} at (2,2) size 44x19
                        text run at (2,2) width 44: "Access"
                  RenderTableRow {TR} at (0,48) size 296x24
                    RenderTableCell {TD} at (2,48) size 121x24 [border: (1px inset #808080)] [r=1 c=0 rs=1 cs=1]
                      RenderText {#text} at (2,2) size 117x19
                        text run at (2,2) width 117: "debussy.debian.org"
                    RenderTableCell {TD} at (125,48) size 39x24 [border: (1px inset #808080)] [r=1 c=1 rs=1 cs=1]
                      RenderText {#text} at (2,2) size 35x19
                        text run at (2,2) width 35: "ARM"
                    RenderTableCell {TD} at (166,48) size 78x24 [border: (1px inset #808080)] [r=1 c=2 rs=1 cs=1]
                      RenderText {#text} at (2,2) size 13x19
                        text run at (2,2) width 13: "all"
                  RenderTableRow {TR} at (0,74) size 296x24
                    RenderTableCell {TD} at (2,74) size 121x24 [border: (1px inset #808080)] [r=2 c=0 rs=1 cs=1]
                      RenderText {#text} at (2,2) size 98x19
                        text run at (2,2) width 98: "faure.debian.org"
                    RenderTableCell {TD} at (125,74) size 39x24 [border: (1px inset #808080)] [r=2 c=1 rs=1 cs=1]
                      RenderText {#text} at (2,2) size 32x19
                        text run at (2,2) width 32: "alpha"
                    RenderTableCell {TD} at (166,74) size 78x24 [border: (1px inset #808080)] [r=2 c=2 rs=1 cs=1]
                      RenderText {#text} at (2,2) size 13x19
                        text run at (2,2) width 13: "all"
      RenderBlock (anonymous) at (0,242) size 784x20
        RenderBR {BR} at (0,0) size 0x19
      RenderBlock {P} at (0,278) size 784x20
        RenderText {#text} at (0,0) size 108x19
          text run at (0,0) width 108: "Table - no nesting"
      RenderTable {TABLE} at (0,314) size 706x82 [border: (1px outset #808080)]
        RenderTableSection {TBODY} at (1,1) size 704x80
          RenderTableRow {TR} at (0,2) size 704x24
            RenderTableCell {TH} at (2,12) size 266x4 [border: (1px inset #808080)] [r=0 c=0 rs=1 cs=1]
            RenderTableCell {TD} at (269,2) size 153x24 [border: (1px inset #808080)] [r=0 c=1 rs=1 cs=1]
              RenderText {#text} at (2,2) size 65x19
                text run at (2,2) width 65: "Host name"
            RenderTableCell {TD} at (423,2) size 172x24 [border: (1px inset #808080)] [r=0 c=2 rs=1 cs=1]
              RenderText {#text} at (2,2) size 74x19
                text run at (2,2) width 74: "Architecture"
            RenderTableCell {TD} at (596,2) size 106x24 [border: (1px inset #808080)] [r=0 c=3 rs=1 cs=1]
              RenderText {#text} at (2,2) size 44x19
                text run at (2,2) width 44: "Access"
          RenderTableRow {TR} at (0,28) size 704x24
            RenderTableCell {TD} at (2,28) size 266x24 [border: (1px inset #808080)] [r=1 c=0 rs=1 cs=1]
              RenderText {#text} at (2,2) size 117x19
                text run at (2,2) width 117: "debussy.debian.org"
            RenderTableCell {TD} at (269,28) size 153x24 [border: (1px inset #808080)] [r=1 c=1 rs=1 cs=1]
              RenderText {#text} at (2,2) size 35x19
                text run at (2,2) width 35: "ARM"
            RenderTableCell {TD} at (423,28) size 172x24 [border: (1px inset #808080)] [r=1 c=2 rs=1 cs=1]
              RenderText {#text} at (2,2) size 13x19
                text run at (2,2) width 13: "all"
          RenderTableRow {TR} at (0,54) size 704x24
            RenderTableCell {TD} at (2,54) size 266x24 [border: (1px inset #808080)] [r=2 c=0 rs=1 cs=1]
              RenderText {#text} at (2,2) size 98x19
                text run at (2,2) width 98: "faure.debian.org"
            RenderTableCell {TD} at (269,54) size 153x24 [border: (1px inset #808080)] [r=2 c=1 rs=1 cs=1]
              RenderText {#text} at (2,2) size 32x19
                text run at (2,2) width 32: "alpha"
            RenderTableCell {TD} at (423,54) size 172x24 [border: (1px inset #808080)] [r=2 c=2 rs=1 cs=1]
              RenderText {#text} at (2,2) size 13x19
                text run at (2,2) width 13: "all"
