layer at (0,0) size 800x600
  RenderView at (0,0) size 800x600
layer at (0,0) size 800x600
  RenderBlock {HTML} at (0,0) size 800x600
    RenderBody {BODY} at (8,8) size 784x584 [bgcolor=#FFFFFF]
      RenderBlock {P} at (0,0) size 784x60
        RenderText {#text} at (0,0) size 138x19
          text run at (0,0) width 138: "Testcase distilled from "
        RenderInline {A} at (0,0) size 157x19 [color=#0000EE]
          RenderText {#text} at (138,0) size 157x19
            text run at (138,0) width 157: "http://www.microsoft.com"
        RenderBR {BR} at (295,15) size 0x0
        RenderText {#text} at (0,20) size 560x19
          text run at (0,20) width 560: "The problem seems to be that the last cell in each row have an \"excessive\" COLSPAN value."
        RenderBR {BR} at (560,35) size 0x0
        RenderText {#text} at (0,40) size 376x19
          text run at (0,40) width 376: "I have added BORDER=1 to make the cell boundaries visible."
      RenderTable {TABLE} at (0,76) size 784x88 [border: (1px outset #808080)]
        RenderTableSection {TBODY} at (1,1) size 782x86
          RenderTableRow {TR} at (0,0) size 782x22
            RenderTableCell {TD} at (0,0) size 308x62 [border: (1px inset #808080)] [r=0 c=0 rs=2 cs=1]
              RenderImage {IMG} at (1,1) size 250x60
            RenderTableCell {TD} at (307,0) size 22x22 [border: (1px inset #808080)] [r=0 c=1 rs=1 cs=1]
              RenderImage {IMG} at (2,1) size 18x20
            RenderTableCell {TD} at (328,0) size 455x22 [bgcolor=#000000] [border: (1px inset #808080)] [r=0 c=2 rs=1 cs=2]
              RenderText {#text} at (82,1) size 371x19
                text run at (82,1) width 167: "  All Products  |  Support  | "
                text run at (248,1) width 205: "  Search  |  microsoft.com Home  "
          RenderTableRow {TR} at (0,22) size 782x42
            RenderTableCell {TD} at (307,22) size 22x42 [border: (1px inset #808080)] [r=1 c=1 rs=1 cs=1]
              RenderImage {IMG} at (1,1) size 19x40
            RenderTableCell {TD} at (328,22) size 455x42 [border: (1px inset #808080)] [r=1 c=2 rs=1 cs=2]
              RenderImage {IMG} at (140,1) size 201x40
              RenderImage {IMG} at (340,1) size 113x40
              RenderText {#text} at (0,0) size 0x0
          RenderTableRow {TR} at (0,64) size 782x22
            RenderTableCell {TD} at (0,64) size 783x22 [bgcolor=#6699CC] [border: (1px inset #808080)] [r=2 c=0 rs=1 cs=4]
              RenderText {#text} at (1,1) size 673x19
                text run at (1,1) width 60: "  Home  | "
                text run at (61,1) width 115: "  Events/Training  | "
                text run at (176,1) width 83: "  Subscribe  | "
                text run at (259,1) width 124: "  About Microsoft  | "
                text run at (383,1) width 115: "  US/Worldwide  | "
                text run at (498,1) width 92: "  Downloads  | "
                text run at (590,1) width 84: "  MSN.com  |"
      RenderBlock {P} at (0,180) size 784x40
        RenderText {#text} at (0,0) size 620x19
          text run at (0,0) width 620: "The following table is exactly as above, but I have removed COLSPAN for the last cell in row 1 and 2,"
        RenderBR {BR} at (620,15) size 0x0
        RenderText {#text} at (0,20) size 372x19
          text run at (0,20) width 372: "and changed COLSPAN=4 to COLSPAN=3 in the last row."
      RenderTable {TABLE} at (0,236) size 784x88 [border: (1px outset #808080)]
        RenderTableSection {TBODY} at (1,1) size 782x86
          RenderTableRow {TR} at (0,0) size 782x22
            RenderTableCell {TD} at (0,0) size 308x62 [border: (1px inset #808080)] [r=0 c=0 rs=2 cs=1]
              RenderImage {IMG} at (1,1) size 250x60
            RenderTableCell {TD} at (307,0) size 22x22 [border: (1px inset #808080)] [r=0 c=1 rs=1 cs=1]
              RenderImage {IMG} at (2,1) size 18x20
            RenderTableCell {TD} at (328,0) size 455x22 [bgcolor=#000000] [border: (1px inset #808080)] [r=0 c=2 rs=1 cs=1]
              RenderText {#text} at (82,1) size 371x19
                text run at (82,1) width 167: "  All Products  |  Support  | "
                text run at (248,1) width 205: "  Search  |  microsoft.com Home  "
          RenderTableRow {TR} at (0,22) size 782x42
            RenderTableCell {TD} at (307,22) size 22x42 [border: (1px inset #808080)] [r=1 c=1 rs=1 cs=1]
              RenderImage {IMG} at (1,1) size 19x40
            RenderTableCell {TD} at (328,22) size 455x42 [border: (1px inset #808080)] [r=1 c=2 rs=1 cs=1]
              RenderImage {IMG} at (140,1) size 201x40
              RenderImage {IMG} at (340,1) size 113x40
              RenderText {#text} at (0,0) size 0x0
          RenderTableRow {TR} at (0,64) size 782x22
            RenderTableCell {TD} at (0,64) size 783x22 [bgcolor=#6699CC] [border: (1px inset #808080)] [r=2 c=0 rs=1 cs=3]
              RenderText {#text} at (1,1) size 673x19
                text run at (1,1) width 60: "  Home  | "
                text run at (61,1) width 115: "  Events/Training  | "
                text run at (176,1) width 83: "  Subscribe  | "
                text run at (259,1) width 124: "  About Microsoft  | "
                text run at (383,1) width 115: "  US/Worldwide  | "
                text run at (498,1) width 92: "  Downloads  | "
                text run at (590,1) width 84: "  MSN.com  |"
