layer at (0,0) size 800x600
  RenderView at (0,0) size 800x600
layer at (0,0) size 800x551
  RenderBlock {HTML} at (0,0) size 800x551 [bgcolor=#00FF99]
    RenderBody {BODY} at (57,64) size 686x423 [bgcolor=#99FFCC] [border: (3px solid #000000)]
      RenderBlock {P} at (3,3) size 680x64
        RenderText {#text} at (0,7) size 652x50
          text run at (0,7) width 613: "These links are in an element with display table-row, and the li elements "
          text run at (613,7) width 39: "have"
          text run at (0,39) width 160: "display: table-cell. "
          text run at (160,39) width 132: "They disappear:"
      RenderTable at (3,67) size 300x18
        RenderTableSection (anonymous) at (0,0) size 300x18
          RenderTableRow {UL} at (0,0) size 300x18 [bgcolor=#00CC99]
            RenderTableCell {LI} at (0,0) size 75x18 [r=0 c=0 rs=1 cs=1]
              RenderInline {A} at (0,0) size 55x18 [color=#0000EE]
                RenderText {#text} at (10,0) size 55x18
                  text run at (10,0) width 55: "people"
            RenderTableCell {LI} at (75,0) size 75x18 [r=0 c=1 rs=1 cs=1]
              RenderInline {A} at (0,0) size 53x18 [color=#0000EE]
                RenderText {#text} at (11,0) size 53x18
                  text run at (11,0) width 53: "places"
            RenderTableCell {LI} at (150,0) size 75x18 [r=0 c=2 rs=1 cs=1]
              RenderInline {A} at (0,0) size 75x18 [color=#0000EE]
                RenderText {#text} at (0,0) size 75x18
                  text run at (0,0) width 75: "members"
            RenderTableCell {LI} at (225,0) size 75x18 [r=0 c=3 rs=1 cs=1]
              RenderInline {A} at (0,0) size 39x18 [color=#0000EE]
                RenderText {#text} at (18,0) size 39x18
                  text run at (18,0) width 39: "links"
      RenderBlock {DIV} at (3,85) size 680x335
        RenderBlock (anonymous) at (16,16) size 648x18
          RenderText {#text} at (0,0) size 523x18
            text run at (0,0) width 235: "This text is not in the form. "
            text run at (235,0) width 288: "The form should be indented 40px."
        RenderBlock {FORM} at (96,34) size 568x285
          RenderBlock {P} at (0,0) size 568x64
            RenderText {#text} at (0,7) size 558x50
              text run at (0,7) width 202: "This is text in the form. "
              text run at (202,7) width 235: "It should be indented 40px. "
              text run at (437,7) width 121: "The form itself"
              text run at (0,39) width 383: "has the same table-row/table-cell problem as "
              text run at (383,39) width 55: "above."
          RenderBlock {P} at (0,64) size 568x63
            RenderTable {SPAN} at (0,3) size 135x60
              RenderTableSection (anonymous) at (0,0) size 135x60
                RenderTableRow {SPAN} at (0,0) size 135x28
                  RenderTableCell (anonymous) at (0,0) size 135x28 [r=0 c=0 rs=1 cs=1]
                    RenderText {#text} at (0,6) size 135x16
                      text run at (0,6) width 135: "First Name (required)"
                RenderTableRow (anonymous) at (0,28) size 135x32
                  RenderTableCell (anonymous) at (0,28) size 135x32 [r=1 c=0 rs=1 cs=1]
                    RenderTextControl {INPUT} at (2,6) size 122x22 [bgcolor=#FFFFFF] [border: (2px inset #000000)]
            RenderText {#text} at (135,7) size 6x18
              text run at (135,7) width 6: " "
            RenderTable {SPAN} at (141,3) size 134x60
              RenderTableSection (anonymous) at (0,0) size 134x60
                RenderTableRow {SPAN} at (0,0) size 134x28
                  RenderTableCell (anonymous) at (0,0) size 134x28 [r=0 c=0 rs=1 cs=1]
                    RenderText {#text} at (0,6) size 134x16
                      text run at (0,6) width 134: "Last Name (required)"
                RenderTableRow (anonymous) at (0,28) size 134x32
                  RenderTableCell (anonymous) at (0,28) size 134x32 [r=1 c=0 rs=1 cs=1]
                    RenderTextControl {INPUT} at (2,6) size 122x22 [bgcolor=#FFFFFF] [border: (2px inset #000000)]
            RenderText {#text} at (0,0) size 0x0
          RenderBlock {P} at (0,127) size 568x63
            RenderTable {SPAN} at (0,3) size 294x60
              RenderTableSection (anonymous) at (0,0) size 294x60
                RenderTableRow {SPAN} at (0,0) size 294x28
                  RenderTableCell (anonymous) at (0,0) size 294x28 [r=0 c=0 rs=1 cs=1]
                    RenderText {#text} at (0,6) size 90x16
                      text run at (0,6) width 90: "Email Address"
                RenderTableRow (anonymous) at (0,28) size 294x32
                  RenderTableCell (anonymous) at (0,28) size 294x32 [r=1 c=0 rs=1 cs=1]
                    RenderTextControl {INPUT} at (2,6) size 290x22 [bgcolor=#FFFFFF] [border: (2px inset #000000)]
            RenderText {#text} at (0,0) size 0x0
          RenderBlock {P} at (0,190) size 568x63
            RenderTable {SPAN} at (0,3) size 126x60
              RenderTableSection (anonymous) at (0,0) size 126x60
                RenderTableRow {SPAN} at (0,0) size 126x28
                  RenderTableCell (anonymous) at (0,0) size 126x28 [r=0 c=0 rs=1 cs=1]
                    RenderText {#text} at (0,6) size 100x16
                      text run at (0,6) width 100: "Company Name"
                RenderTableRow (anonymous) at (0,28) size 126x32
                  RenderTableCell (anonymous) at (0,28) size 126x32 [r=1 c=0 rs=1 cs=1]
                    RenderTextControl {INPUT} at (2,6) size 122x22 [bgcolor=#FFFFFF] [border: (2px inset #000000)]
            RenderText {#text} at (126,7) size 6x18
              text run at (126,7) width 6: " "
            RenderTable {SPAN} at (132,3) size 126x60
              RenderTableSection (anonymous) at (0,0) size 126x60
                RenderTableRow {SPAN} at (0,0) size 126x28
                  RenderTableCell (anonymous) at (0,0) size 126x28 [r=0 c=0 rs=1 cs=1]
                    RenderText {#text} at (0,6) size 27x16
                      text run at (0,6) width 27: "Title"
                RenderTableRow (anonymous) at (0,28) size 126x32
                  RenderTableCell (anonymous) at (0,28) size 126x32 [r=1 c=0 rs=1 cs=1]
                    RenderTextControl {INPUT} at (2,6) size 122x22 [bgcolor=#FFFFFF] [border: (2px inset #000000)]
            RenderText {#text} at (0,0) size 0x0
          RenderBlock {P} at (0,253) size 568x32
            RenderButton {INPUT} at (2,6) size 60x22 [bgcolor=#F0F0F0] [border: (2px outset #F0F0F0)]
              RenderBlock (anonymous) at (8,3) size 44x16
                RenderText at (0,0) size 44x16
                  text run at (0,0) width 44: "Submit!"
            RenderText {#text} at (64,7) size 6x18
              text run at (64,7) width 6: " "
            RenderButton {INPUT} at (72,6) size 82x22 [bgcolor=#F0F0F0] [border: (2px outset #F0F0F0)]
              RenderBlock (anonymous) at (8,3) size 66x16
                RenderText at (0,0) size 66x16
                  text run at (0,0) width 66: "Clear Form"
            RenderText {#text} at (0,0) size 0x0
layer at (160,287) size 118x16
  RenderBlock {DIV} at (2,3) size 118x16
layer at (301,287) size 118x16
  RenderBlock {DIV} at (2,3) size 118x16
layer at (160,350) size 286x16
  RenderBlock {DIV} at (2,3) size 286x16
layer at (160,413) size 118x16
  RenderBlock {DIV} at (2,3) size 118x16
layer at (292,413) size 118x16
  RenderBlock {DIV} at (2,3) size 118x16
