layer at (0,0) size 800x600
  RenderView at (0,0) size 800x600
layer at (0,0) size 800x600
  RenderBlock {HTML} at (0,0) size 800x600
    RenderBody {BODY} at (8,8) size 784x584 [bgcolor=#CCCCCC]
      RenderTable {TABLE} at (0,0) size 181x30 [border: (1px outset #808080)]
        RenderTableSection {TBODY} at (1,1) size 179x28
          RenderTableRow {TR} at (0,2) size 179x24
            RenderTableCell {TD} at (2,2) size 64x24 [bgcolor=#FFFFFF] [border: (1px inset #808080)] [r=0 c=0 rs=1 cs=1]
              RenderText {#text} at (2,2) size 60x19
                text run at (2,2) width 60: "appName"
            RenderTableCell {TD} at (68,2) size 109x24 [bgcolor=#FFFFFF] [border: (1px inset #808080)] [r=0 c=1 rs=1 cs=1]
              RenderText {#text} at (2,2) size 105x19
                text run at (2,2) width 62: "Netscape "
                text run at (64,2) width 43: "rules!!!"
