layer at (0,0) size 800x600
  RenderView at (0,0) size 800x600
layer at (0,0) size 800x90
  RenderBlock {HTML} at (0,0) size 800x90
    RenderBody {BODY} at (8,16) size 784x66
      RenderBlock {P} at (0,0) size 784x20
        RenderText {#text} at (0,0) size 279x19
          text run at (0,0) width 279: "The background color should span all columns"
      RenderTable {TABLE} at (0,36) size 440x30 [border: (1px outset #808080)]
        RenderTableCol {COLGROUP} at (0,0) size 0x0
          RenderTableCol {COL} at (0,0) size 0x0 [bgcolor=#00FF00]
        RenderTableSection {TBODY} at (1,1) size 438x28
          RenderTableRow {TR} at (0,2) size 438x24
            RenderTableCell {TD} at (2,2) size 107x24 [border: (1px inset #808080)] [r=0 c=0 rs=1 cs=1]
              RenderText {#text} at (2,2) size 103x19
                text run at (2,2) width 103: "Column 1, row 1"
            RenderTableCell {TD} at (111,2) size 107x24 [border: (1px inset #808080)] [r=0 c=1 rs=1 cs=1]
              RenderText {#text} at (2,2) size 103x19
                text run at (2,2) width 103: "Column 2, row 1"
            RenderTableCell {TD} at (220,2) size 107x24 [border: (1px inset #808080)] [r=0 c=2 rs=1 cs=1]
              RenderText {#text} at (2,2) size 103x19
                text run at (2,2) width 103: "Column 3, row 1"
            RenderTableCell {TD} at (329,2) size 107x24 [border: (1px inset #808080)] [r=0 c=3 rs=1 cs=1]
              RenderText {#text} at (2,2) size 103x19
                text run at (2,2) width 103: "Column 4, row 1"
