layer at (0,0) size 800x600
  RenderView at (0,0) size 800x600
layer at (0,0) size 800x600
  RenderBlock {HTML} at (0,0) size 800x600
    RenderBody {BODY} at (8,8) size 784x584
      RenderBlock (anonymous) at (0,0) size 784x20
        RenderText {#text} at (0,0) size 4x19
          text run at (0,0) width 4: " "
      RenderTable {TABLE} at (0,20) size 167x60 [border: (1px outset #808080)]
        RenderTableSection {TBODY} at (1,1) size 165x58
          RenderTableRow {TR} at (0,2) size 165x26
            RenderTableCell {TD} at (2,2) size 73x26 [border: (1px inset #808080)] [r=0 c=0 rs=1 cs=1]
              RenderText {#text} at (3,3) size 67x19
                text run at (3,3) width 67: "Colspan=0"
          RenderTableRow {TR} at (0,30) size 165x26
            RenderTableCell {TD} at (2,30) size 73x26 [border: (1px inset #808080)] [r=1 c=0 rs=1 cs=1]
              RenderText {#text} at (3,3) size 36x19
                text run at (3,3) width 36: "Cell 2"
            RenderTableCell {TD} at (77,30) size 42x26 [border: (1px inset #808080)] [r=1 c=1 rs=1 cs=1]
              RenderText {#text} at (3,3) size 36x19
                text run at (3,3) width 36: "Cell 3"
            RenderTableCell {TD} at (121,30) size 42x26 [border: (1px inset #808080)] [r=1 c=2 rs=1 cs=1]
              RenderText {#text} at (3,3) size 36x19
                text run at (3,3) width 36: "Cell 4"
      RenderBlock (anonymous) at (0,80) size 784x20
        RenderBR {BR} at (0,0) size 0x19
      RenderTable {TABLE} at (0,100) size 167x88 [border: (1px outset #808080)]
        RenderTableSection {TBODY} at (1,1) size 165x86
          RenderTableRow {TR} at (0,2) size 165x26
            RenderTableCell {TD} at (2,2) size 73x26 [border: (1px inset #808080)] [r=0 c=0 rs=1 cs=1]
              RenderText {#text} at (3,3) size 36x19
                text run at (3,3) width 36: "Cell 2"
            RenderTableCell {TD} at (77,2) size 42x26 [border: (1px inset #808080)] [r=0 c=1 rs=1 cs=1]
              RenderText {#text} at (3,3) size 36x19
                text run at (3,3) width 36: "Cell 3"
            RenderTableCell {TD} at (121,2) size 42x26 [border: (1px inset #808080)] [r=0 c=2 rs=1 cs=1]
              RenderText {#text} at (3,3) size 36x19
                text run at (3,3) width 36: "Cell 4"
          RenderTableRow {TR} at (0,30) size 165x26
            RenderTableCell {TD} at (2,30) size 73x26 [border: (1px inset #808080)] [r=1 c=0 rs=1 cs=1]
              RenderText {#text} at (3,3) size 67x19
                text run at (3,3) width 67: "Colspan=0"
          RenderTableRow {TR} at (0,58) size 165x26
            RenderTableCell {TD} at (2,58) size 73x26 [border: (1px inset #808080)] [r=2 c=0 rs=1 cs=1]
              RenderText {#text} at (3,3) size 36x19
                text run at (3,3) width 36: "Cell 5"
            RenderTableCell {TD} at (77,58) size 42x26 [border: (1px inset #808080)] [r=2 c=1 rs=1 cs=1]
              RenderText {#text} at (3,3) size 36x19
                text run at (3,3) width 36: "Cell 6"
            RenderTableCell {TD} at (121,58) size 42x26 [border: (1px inset #808080)] [r=2 c=2 rs=1 cs=1]
              RenderText {#text} at (3,3) size 36x19
                text run at (3,3) width 36: "Cell 7"
