layer at (0,0) size 800x600
  RenderView at (0,0) size 800x600
layer at (0,0) size 800x204
  RenderBlock {HTML} at (0,0) size 800x204
    RenderBody {BODY} at (8,8) size 784x188
      RenderBlock (anonymous) at (0,0) size 784x20
        RenderText {#text} at (0,0) size 195x19
          text run at (0,0) width 195: "Both tables should look identical"
      RenderTable {TABLE} at (0,20) size 200x84 [border: (1px outset #808080)]
        RenderBlock {CAPTION} at (0,0) size 200x37
          RenderText {#text} at (53,0) size 94x36
            text run at (53,0) width 94: "caption"
        RenderTableSection {TBODY} at (1,38) size 198x45
          RenderTableRow {TR} at (0,2) size 198x41
            RenderTableCell {TD} at (2,2) size 194x41 [border: (1px inset #808080)] [r=0 c=0 rs=1 cs=1]
              RenderText {#text} at (2,2) size 62x36
                text run at (2,2) width 62: "cell1"
      RenderTable {TABLE} at (0,104) size 200x84 [border: (1px outset #808080)]
        RenderBlock {CAPTION} at (0,0) size 200x37
          RenderText {#text} at (53,0) size 94x36
            text run at (53,0) width 94: "caption"
        RenderTableSection {TBODY} at (1,38) size 198x45
          RenderTableRow {TR} at (0,2) size 198x41
            RenderTableCell {TD} at (2,2) size 194x41 [border: (1px inset #808080)] [r=0 c=0 rs=1 cs=1]
              RenderText {#text} at (2,2) size 62x36
                text run at (2,2) width 62: "cell1"
