layer at (0,0) size 800x600
  RenderView at (0,0) size 800x600
layer at (0,0) size 800x600
  RenderBlock {HTML} at (0,0) size 800x600
    RenderBody {BODY} at (8,8) size 784x584
      RenderBlock (anonymous) at (0,0) size 784x19
        RenderInline {FONT} at (0,0) size 152x18
          RenderText {#text} at (0,0) size 152x18
            text run at (0,0) width 152: "Blah, blah in Helvetica"
      RenderBlock (anonymous) at (0,19) size 784x25
        RenderTable {TABLE} at (0,0) size 241x25
          RenderTableSection {TBODY} at (0,0) size 241x25
            RenderTableRow {TR} at (0,2) size 241x21
              RenderTableCell {TD} at (2,2) size 237x21 [r=0 c=0 rs=1 cs=1]
                RenderText {#text} at (1,1) size 235x18
                  text run at (1,1) width 235: "Text here is in times, not Helvetica"
      RenderBlock (anonymous) at (0,44) size 784x0
        RenderInline {FONT} at (0,0) size 0x0
        RenderText {#text} at (0,0) size 0x0
