layer at (0,0) size 785x989
  RenderView at (0,0) size 785x600
layer at (0,0) size 785x989
  RenderBlock {HTML} at (0,0) size 785x990
    RenderBody {BODY} at (8,21) size 769x953
      RenderBlock {H1} at (0,0) size 769x37
        RenderText {#text} at (0,0) size 343x36
          text run at (0,0) width 343: "Anonymous table objects"
      RenderBlock {P} at (0,58) size 769x21
        RenderText {#text} at (0,0) size 49x19
          text run at (0,0) width 49: "See the "
        RenderInline {A} at (0,0) size 150x19 [color=#0000EE]
          RenderText {#text} at (49,0) size 150x19
            text run at (49,0) width 51: "relevant "
            text run at (100,0) width 99: "section of CSS2"
        RenderText {#text} at (199,0) size 119x19
          text run at (199,0) width 119: " for an explanation. "
        RenderInline {STRONG} at (0,0) size 273x19
          RenderText {#text} at (318,0) size 273x19
            text run at (318,0) width 122: "This test does not "
            text run at (440,0) width 151: "test inline-tables at all."
        RenderText {#text} at (0,0) size 0x0
      RenderBlock {H2} at (0,98) size 769x28
        RenderText {#text} at (0,0) size 66x26
          text run at (0,0) width 66: "Rule 1"
      RenderTable {DIV} at (0,145) size 139x21 [bgcolor=#00FFFF]
        RenderTableSection (anonymous) at (0,0) size 139x20
          RenderTableRow (anonymous) at (0,0) size 139x20
            RenderTableCell (anonymous) at (0,0) size 139x20 [r=0 c=0 rs=1 cs=1]
              RenderText {#text} at (0,0) size 139x19
                text run at (0,0) width 139: "Table 1, Cell 1, Row 1"
      RenderBlock {H2} at (0,185) size 769x28
        RenderText {#text} at (0,0) size 66x26
          text run at (0,0) width 66: "Rule 2"
      RenderBlock {DIV} at (0,232) size 769x21
        RenderTable at (0,0) size 556x20
          RenderTableSection (anonymous) at (0,0) size 556x20
            RenderTableRow (anonymous) at (0,0) size 556x20
              RenderTableCell {SPAN} at (0,0) size 139x20 [bgcolor=#00FFFF] [r=0 c=0 rs=1 cs=1]
                RenderText {#text} at (0,0) size 139x19
                  text run at (0,0) width 139: "Table 1, Row 1, Cell 1"
              RenderTableCell {SPAN} at (139,0) size 139x20 [bgcolor=#00FFFF] [r=0 c=1 rs=1 cs=1]
                RenderText {#text} at (0,0) size 139x19
                  text run at (0,0) width 139: "Table 1, Row 1, Cell 2"
              RenderTableCell {SPAN} at (278,0) size 139x20 [bgcolor=#00FFFF] [r=0 c=2 rs=1 cs=1]
                RenderText {#text} at (0,0) size 139x19
                  text run at (0,0) width 139: "Table 1, Row 1, Cell 3"
              RenderTableCell {SPAN} at (417,0) size 139x20 [bgcolor=#00FFFF] [r=0 c=3 rs=1 cs=1]
                RenderText {#text} at (0,0) size 139x19
                  text run at (0,0) width 139: "Table 1, Row 1, Cell 4"
      RenderBlock {DIV} at (0,268) size 769x61
        RenderTable at (0,0) size 556x60
          RenderTableSection (anonymous) at (0,0) size 556x60
            RenderTableRow (anonymous) at (0,0) size 556x20
              RenderTableCell {SPAN} at (0,0) size 139x20 [bgcolor=#00FFFF] [r=0 c=0 rs=1 cs=1]
                RenderText {#text} at (0,0) size 139x19
                  text run at (0,0) width 139: "Table 2, Row 1, Cell 1"
              RenderTableCell {SPAN} at (139,0) size 139x20 [bgcolor=#00FFFF] [r=0 c=1 rs=1 cs=1]
                RenderText {#text} at (0,0) size 139x19
                  text run at (0,0) width 139: "Table 2, Row 1, Cell 2"
              RenderTableCell {SPAN} at (278,0) size 139x20 [bgcolor=#00FFFF] [r=0 c=2 rs=1 cs=1]
                RenderText {#text} at (0,0) size 139x19
                  text run at (0,0) width 139: "Table 2, Row 1, Cell 3"
              RenderTableCell {SPAN} at (417,0) size 139x20 [bgcolor=#00FFFF] [r=0 c=3 rs=1 cs=1]
                RenderText {#text} at (0,0) size 139x19
                  text run at (0,0) width 139: "Table 2, Row 1, Cell 4"
            RenderTableRow {SPAN} at (0,20) size 556x20 [bgcolor=#00FFFF]
              RenderTableCell {SPAN} at (0,20) size 139x20 [r=1 c=0 rs=1 cs=1]
                RenderText {#text} at (0,0) size 139x19
                  text run at (0,0) width 139: "Table 2, Row 2, Cell 1"
              RenderTableCell {SPAN} at (139,20) size 139x20 [r=1 c=1 rs=1 cs=1]
                RenderText {#text} at (0,0) size 139x19
                  text run at (0,0) width 139: "Table 2, Row 2, Cell 2"
              RenderTableCell {SPAN} at (278,20) size 139x20 [r=1 c=2 rs=1 cs=1]
                RenderText {#text} at (0,0) size 139x19
                  text run at (0,0) width 139: "Table 2, Row 2, Cell 3"
              RenderTableCell {SPAN} at (417,20) size 139x20 [r=1 c=3 rs=1 cs=1]
                RenderText {#text} at (0,0) size 139x19
                  text run at (0,0) width 139: "Table 2, Row 2, Cell 4"
            RenderTableRow (anonymous) at (0,40) size 556x20
              RenderTableCell {SPAN} at (0,40) size 139x20 [bgcolor=#00FFFF] [r=2 c=0 rs=1 cs=1]
                RenderText {#text} at (0,0) size 139x19
                  text run at (0,0) width 139: "Table 2, Row 3, Cell 1"
              RenderTableCell {SPAN} at (139,40) size 139x20 [bgcolor=#00FFFF] [r=2 c=1 rs=1 cs=1]
                RenderText {#text} at (0,0) size 139x19
                  text run at (0,0) width 139: "Table 2, Row 3, Cell 2"
              RenderTableCell {SPAN} at (278,40) size 139x20 [bgcolor=#00FFFF] [r=2 c=2 rs=1 cs=1]
                RenderText {#text} at (0,0) size 139x19
                  text run at (0,0) width 139: "Table 2, Row 3, Cell 3"
              RenderTableCell {SPAN} at (417,40) size 139x20 [bgcolor=#00FFFF] [r=2 c=3 rs=1 cs=1]
                RenderText {#text} at (0,0) size 139x19
                  text run at (0,0) width 139: "Table 2, Row 3, Cell 4"
      RenderBlock {H2} at (0,347) size 769x28
        RenderText {#text} at (0,0) size 137x26
          text run at (0,0) width 137: "Rules 3 and 4"
      RenderBlock {P} at (0,394) size 769x21
        RenderText {#text} at (0,0) size 474x19
          text run at (0,0) width 403: "This section does not test the behavior of columns, column groups, "
          text run at (403,0) width 71: "or captions."
      RenderBlock {DIV} at (0,430) size 769x61
        RenderTable at (0,0) size 556x60
          RenderTableSection (anonymous) at (0,0) size 556x60
            RenderTableRow {SPAN} at (0,0) size 556x20 [bgcolor=#00FFFF]
              RenderTableCell {SPAN} at (0,0) size 139x20 [r=0 c=0 rs=1 cs=1]
                RenderText {#text} at (0,0) size 139x19
                  text run at (0,0) width 139: "Table 1, Row 1, Cell 1"
              RenderTableCell {SPAN} at (139,0) size 139x20 [r=0 c=1 rs=1 cs=1]
                RenderText {#text} at (0,0) size 139x19
                  text run at (0,0) width 139: "Table 1, Row 1, Cell 2"
              RenderTableCell {SPAN} at (278,0) size 139x20 [r=0 c=2 rs=1 cs=1]
                RenderText {#text} at (0,0) size 139x19
                  text run at (0,0) width 139: "Table 1, Row 1, Cell 3"
              RenderTableCell {SPAN} at (417,0) size 139x20 [r=0 c=3 rs=1 cs=1]
                RenderText {#text} at (0,0) size 139x19
                  text run at (0,0) width 139: "Table 1, Row 1, Cell 4"
            RenderTableRow {SPAN} at (0,20) size 556x20 [bgcolor=#00FFFF]
              RenderTableCell {SPAN} at (0,20) size 139x20 [r=1 c=0 rs=1 cs=1]
                RenderText {#text} at (0,0) size 82x19
                  text run at (0,0) width 82: "T 1, R 2, C 1"
              RenderTableCell {SPAN} at (139,20) size 139x20 [r=1 c=1 rs=1 cs=1]
                RenderText {#text} at (0,0) size 139x19
                  text run at (0,0) width 139: "Table 1, Row 2, Cell 2"
              RenderTableCell {SPAN} at (278,20) size 139x20 [r=1 c=2 rs=1 cs=1]
                RenderText {#text} at (0,0) size 139x19
                  text run at (0,0) width 139: "Table 1, Row 2, Cell 3"
              RenderTableCell {SPAN} at (417,20) size 139x20 [r=1 c=3 rs=1 cs=1]
                RenderText {#text} at (0,0) size 139x19
                  text run at (0,0) width 139: "Table 1, Row 2, Cell 4"
            RenderTableRow {SPAN} at (0,40) size 556x20 [bgcolor=#00FFFF]
              RenderTableCell {SPAN} at (0,40) size 139x20 [r=2 c=0 rs=1 cs=1]
                RenderText {#text} at (0,0) size 139x19
                  text run at (0,0) width 139: "Table 1, Row 3, Cell 1"
              RenderTableCell {SPAN} at (139,40) size 139x20 [r=2 c=1 rs=1 cs=1]
                RenderText {#text} at (0,0) size 139x19
                  text run at (0,0) width 139: "Table 1, Row 3, Cell 2"
              RenderTableCell {SPAN} at (278,40) size 139x20 [r=2 c=2 rs=1 cs=1]
                RenderText {#text} at (0,0) size 82x19
                  text run at (0,0) width 82: "T 1, R 3, C 3"
              RenderTableCell {SPAN} at (417,40) size 139x20 [r=2 c=3 rs=1 cs=1]
                RenderText {#text} at (0,0) size 139x19
                  text run at (0,0) width 139: "Table 1, Row 3, Cell 4"
      RenderBlock {P} at (0,506) size 769x21
        RenderText {#text} at (0,0) size 688x19
          text run at (0,0) width 688: "Note: table-header-group and table-footer-group are tested only in their HTML order, and they only appear once."
      RenderBlock {DIV} at (0,542) size 769x101
        RenderTable at (0,0) size 556x100
          RenderTableSection {SPAN} at (0,0) size 556x20 [bgcolor=#00FFFF]
            RenderTableRow (anonymous) at (0,0) size 556x20
              RenderTableCell {SPAN} at (0,0) size 139x20 [bgcolor=#00FFFF] [r=0 c=0 rs=1 cs=1]
                RenderText {#text} at (0,0) size 139x19
                  text run at (0,0) width 139: "Table 2, Row 1, Cell 1"
              RenderTableCell {SPAN} at (139,0) size 139x20 [bgcolor=#00FFFF] [r=0 c=1 rs=1 cs=1]
                RenderText {#text} at (0,0) size 139x19
                  text run at (0,0) width 139: "Table 2, Row 1, Cell 2"
              RenderTableCell {SPAN} at (278,0) size 139x20 [bgcolor=#00FFFF] [r=0 c=2 rs=1 cs=1]
                RenderText {#text} at (0,0) size 139x19
                  text run at (0,0) width 139: "Table 2, Row 1, Cell 3"
              RenderTableCell {SPAN} at (417,0) size 139x20 [bgcolor=#00FFFF] [r=0 c=3 rs=1 cs=1]
                RenderText {#text} at (0,0) size 139x19
                  text run at (0,0) width 139: "Table 2, Row 1, Cell 4"
          RenderTableSection {SPAN} at (0,80) size 556x20 [bgcolor=#00FFFF]
            RenderTableRow (anonymous) at (0,0) size 556x20
              RenderTableCell {SPAN} at (0,0) size 139x20 [bgcolor=#00FFFF] [r=0 c=0 rs=1 cs=1]
                RenderText {#text} at (0,0) size 139x19
                  text run at (0,0) width 139: "Table 2, Row 5, Cell 1"
              RenderTableCell {SPAN} at (139,0) size 139x20 [bgcolor=#00FFFF] [r=0 c=1 rs=1 cs=1]
                RenderText {#text} at (0,0) size 139x19
                  text run at (0,0) width 139: "Table 2, Row 5, Cell 2"
              RenderTableCell {SPAN} at (278,0) size 139x20 [bgcolor=#00FFFF] [r=0 c=2 rs=1 cs=1]
                RenderText {#text} at (0,0) size 82x19
                  text run at (0,0) width 82: "T 2, R 5, C 5"
              RenderTableCell {SPAN} at (417,0) size 139x20 [bgcolor=#00FFFF] [r=0 c=3 rs=1 cs=1]
                RenderText {#text} at (0,0) size 139x19
                  text run at (0,0) width 139: "Table 2, Row 5, Cell 4"
          RenderTableSection (anonymous) at (0,20) size 556x20
            RenderTableRow {SPAN} at (0,0) size 556x20 [bgcolor=#00FFFF]
              RenderTableCell {SPAN} at (0,0) size 139x20 [r=0 c=0 rs=1 cs=1]
                RenderText {#text} at (0,0) size 82x19
                  text run at (0,0) width 82: "T 2, R 2, C 1"
              RenderTableCell {SPAN} at (139,0) size 139x20 [r=0 c=1 rs=1 cs=1]
                RenderText {#text} at (0,0) size 139x19
                  text run at (0,0) width 139: "Table 2, Row 2, Cell 2"
              RenderTableCell {SPAN} at (278,0) size 139x20 [r=0 c=2 rs=1 cs=1]
                RenderText {#text} at (0,0) size 139x19
                  text run at (0,0) width 139: "Table 2, Row 2, Cell 3"
              RenderTableCell {SPAN} at (417,0) size 139x20 [r=0 c=3 rs=1 cs=1]
                RenderText {#text} at (0,0) size 139x19
                  text run at (0,0) width 139: "Table 2, Row 2, Cell 4"
          RenderTableSection {SPAN} at (0,40) size 556x20 [bgcolor=#00FFFF]
            RenderTableRow (anonymous) at (0,0) size 556x20
              RenderTableCell {SPAN} at (0,0) size 139x20 [bgcolor=#00FFFF] [r=0 c=0 rs=1 cs=1]
                RenderText {#text} at (0,0) size 82x19
                  text run at (0,0) width 82: "T 2, R 3, C 1"
              RenderTableCell {SPAN} at (139,0) size 139x20 [bgcolor=#00FFFF] [r=0 c=1 rs=1 cs=1]
                RenderText {#text} at (0,0) size 138x19
                  text run at (0,0) width 138: "Table 2, Row 3, Cell x"
              RenderTableCell {SPAN} at (278,0) size 139x20 [bgcolor=#00FFFF] [r=0 c=2 rs=1 cs=1]
                RenderText {#text} at (0,0) size 139x19
                  text run at (0,0) width 139: "Table 2, Row 3, Cell 3"
              RenderTableCell {SPAN} at (417,0) size 139x20 [bgcolor=#00FFFF] [r=0 c=3 rs=1 cs=1]
                RenderText {#text} at (0,0) size 139x19
                  text run at (0,0) width 139: "Table 2, Row 3, Cell 4"
          RenderTableSection {SPAN} at (0,60) size 556x20 [bgcolor=#00FFFF]
            RenderTableRow {SPAN} at (0,0) size 556x20
              RenderTableCell {SPAN} at (0,0) size 139x20 [r=0 c=0 rs=1 cs=1]
                RenderText {#text} at (0,0) size 82x19
                  text run at (0,0) width 82: "T 2, R 4, C 1"
              RenderTableCell {SPAN} at (139,0) size 139x20 [r=0 c=1 rs=1 cs=1]
                RenderText {#text} at (0,0) size 138x19
                  text run at (0,0) width 138: "Table 2, Row 4, Cell x"
              RenderTableCell {SPAN} at (278,0) size 139x20 [r=0 c=2 rs=1 cs=1]
                RenderText {#text} at (0,0) size 139x19
                  text run at (0,0) width 139: "Table 2, Row 4, Cell 3"
              RenderTableCell {SPAN} at (417,0) size 139x20 [r=0 c=3 rs=1 cs=1]
                RenderText {#text} at (0,0) size 139x19
                  text run at (0,0) width 139: "Table 2, Row 4, Cell 4"
      RenderBlock {H2} at (0,662) size 769x28
        RenderText {#text} at (0,0) size 66x26
          text run at (0,0) width 66: "Rule 5"
      RenderTable {DIV} at (0,709) size 653x101 [bgcolor=#00FFFF]
        RenderTableSection (anonymous) at (0,0) size 653x100
          RenderTableRow {SPAN} at (0,0) size 653x20 [bgcolor=#00FFFF]
            RenderTableCell {SPAN} at (0,0) size 139x20 [r=0 c=0 rs=1 cs=1]
              RenderText {#text} at (0,0) size 139x19
                text run at (0,0) width 139: "Table 2, Row 1, Cell 1"
            RenderTableCell {SPAN} at (139,0) size 139x20 [r=0 c=1 rs=1 cs=1]
              RenderText {#text} at (0,0) size 139x19
                text run at (0,0) width 139: "Table 2, Row 1, Cell 2"
            RenderTableCell {SPAN} at (278,0) size 236x20 [r=0 c=2 rs=1 cs=1]
              RenderText {#text} at (0,0) size 139x19
                text run at (0,0) width 139: "Table 2, Row 1, Cell 3"
            RenderTableCell {SPAN} at (514,0) size 139x20 [r=0 c=3 rs=1 cs=1]
              RenderText {#text} at (0,0) size 139x19
                text run at (0,0) width 139: "Table 2, Row 1, Cell 4"
          RenderTableRow {SPAN} at (0,20) size 653x60 [bgcolor=#00FFFF]
            RenderTableCell (anonymous) at (0,20) size 139x20 [r=1 c=0 rs=1 cs=1]
              RenderBlock {SPAN} at (0,0) size 139x20
                RenderText {#text} at (0,0) size 139x19
                  text run at (0,0) width 139: "Table 2, Row 2, Cell 1"
            RenderTableCell {SPAN} at (139,20) size 139x20 [r=1 c=1 rs=1 cs=1]
              RenderText {#text} at (0,0) size 139x19
                text run at (0,0) width 139: "Table 2, Row 2, Cell 2"
            RenderTableCell (anonymous) at (278,20) size 236x60 [r=1 c=2 rs=1 cs=1]
              RenderBlock {SPAN} at (0,0) size 236x20
                RenderText {#text} at (0,0) size 139x19
                  text run at (0,0) width 139: "Table 2, Row 2, Cell 3"
              RenderBlock {SPAN} at (0,20) size 236x20
                RenderText {#text} at (0,0) size 167x19
                  text run at (0,0) width 167: "also Table 2, Row 2, Cell 3"
              RenderBlock (anonymous) at (0,40) size 236x20
                RenderText {#text} at (0,0) size 167x19
                  text run at (0,0) width 167: "also Table 2, Row 2, Cell 3"
            RenderTableCell {SPAN} at (514,20) size 139x20 [r=1 c=3 rs=1 cs=1]
              RenderText {#text} at (0,0) size 139x19
                text run at (0,0) width 139: "Table 2, Row 2, Cell 4"
          RenderTableRow {SPAN} at (0,80) size 653x20 [bgcolor=#00FFFF]
            RenderTableCell (anonymous) at (0,80) size 139x20 [r=2 c=0 rs=1 cs=1]
              RenderInline {SPAN} at (0,0) size 139x19
                RenderText {#text} at (0,0) size 139x19
                  text run at (0,0) width 139: "Table 2, Row 3, Cell 1"
            RenderTableCell {SPAN} at (139,80) size 139x20 [r=2 c=1 rs=1 cs=1]
              RenderText {#text} at (0,0) size 139x19
                text run at (0,0) width 139: "Table 2, Row 3, Cell 2"
            RenderTableCell (anonymous) at (278,80) size 236x20 [r=2 c=2 rs=1 cs=1]
              RenderTable {SPAN} at (0,0) size 236x20 [bgcolor=#00FFFF]
                RenderTableSection (anonymous) at (0,0) size 236x20
                  RenderTableRow (anonymous) at (0,0) size 236x20
                    RenderTableCell (anonymous) at (0,0) size 236x20 [r=0 c=0 rs=1 cs=1]
                      RenderText {#text} at (0,0) size 236x19
                        text run at (0,0) width 236: "Table 2, Row 3, Cell 3 (a nested table)"
            RenderTableCell {SPAN} at (514,80) size 139x20 [r=2 c=3 rs=1 cs=1]
              RenderText {#text} at (0,0) size 139x19
                text run at (0,0) width 139: "Table 2, Row 3, Cell 4"
      RenderBlock {HR} at (0,825) size 769x3 [border: (1px inset #000000)]
      RenderBlock {P} at (0,843) size 769x37
        RenderInline {A} at (0,0) size 88x19 [color=#0000EE]
          RenderImage {IMG} at (0,0) size 88x31
      RenderBlock {P} at (0,895) size 769x21
        RenderText {#text} at (0,0) size 57x19
          text run at (0,0) width 57: "(Back to "
        RenderInline {A} at (0,0) size 149x19 [color=#0000EE]
          RenderText {#text} at (57,0) size 149x19
            text run at (57,0) width 149: "CSS Testing Information"
        RenderText {#text} at (206,0) size 8x19
          text run at (206,0) width 8: ", "
        RenderInline {A} at (0,0) size 77x19 [color=#0000EE]
          RenderText {#text} at (214,0) size 77x19
            text run at (214,0) width 77: "David Baron"
        RenderText {#text} at (291,0) size 5x19
          text run at (291,0) width 5: ")"
      RenderBlock {P} at (0,931) size 769x21
        RenderInline {A} at (0,0) size 30x19 [color=#0000EE]
          RenderText {#text} at (0,0) size 30x19
            text run at (0,0) width 30: "LDB"
        RenderText {#text} at (30,0) size 8x19
          text run at (30,0) width 8: ", "
        RenderInline {A} at (0,0) size 151x19 [color=#0000EE]
          RenderText {#text} at (38,0) size 151x19
            text run at (38,0) width 151: "dbaron@fas.harvard.edu"
