layer at (0,0) size 800x600
  RenderView at (0,0) size 800x600
layer at (0,0) size 800x600
  RenderBlock {HTML} at (0,0) size 800x600
    RenderBody {BODY} at (8,16) size 784x568
      RenderTable {TABLE} at (16,0) size 752x76 [border: (1px outset #808080)]
        RenderTableSection {TBODY} at (1,1) size 750x74
          RenderTableRow {TR} at (0,2) size 750x24
            RenderTableCell {TH} at (2,2) size 176x24 [border: (1px inset #808080)] [r=0 c=0 rs=1 cs=1]
              RenderText {#text} at (46,2) size 83x19
                text run at (46,2) width 83: "Header One"
            RenderTableCell {TH} at (179,2) size 269x24 [border: (1px inset #808080)] [r=0 c=1 rs=1 cs=1]
              RenderText {#text} at (92,2) size 83x19
                text run at (92,2) width 83: "Header Two"
            RenderTableCell {TH} at (449,2) size 300x24 [border: (1px inset #808080)] [r=0 c=2 rs=1 cs=1]
              RenderText {#text} at (102,2) size 95x19
                text run at (102,2) width 95: "Header Three"
          RenderTableRow {TR} at (0,28) size 750x44
            RenderTableCell {TD} at (2,28) size 176x44 [border: (1px inset #808080)] [r=1 c=0 rs=1 cs=1]
              RenderText {#text} at (2,2) size 155x39
                text run at (2,2) width 110: "This table uses the"
                text run at (2,22) width 155: "separated borders model."
            RenderTableCell {TD} at (179,28) size 269x44 [border: (1px inset #808080)] [r=1 c=1 rs=1 cs=1]
              RenderText {#text} at (2,2) size 234x39
                text run at (2,2) width 234: "This means that elements within the cell"
                text run at (2,22) width 174: "have border-spacing of 1em."
            RenderTableCell {TD} at (449,28) size 300x44 [border: (1px inset #808080)] [r=1 c=2 rs=1 cs=1]
              RenderText {#text} at (2,2) size 268x39
                text run at (2,2) width 198: "The borders on the header cells, "
                text run at (200,2) width 70: "on all sides,"
                text run at (2,22) width 187: "should be medium solid purple."
