layer at (0,0) size 800x600
  RenderView at (0,0) size 800x600
layer at (0,0) size 800x600
  RenderBlock {HTML} at (0,0) size 800x600
    RenderBody {BODY} at (8,8) size 784x584
      RenderTable {TABLE} at (0,0) size 249x46 [border: (1px outset #808080)]
        RenderTableSection {TBODY} at (1,1) size 247x44
          RenderTableRow {TR} at (0,2) size 247x40
            RenderTableCell {TD} at (2,2) size 243x40 [border: (1px inset #808080)] [r=0 c=0 rs=1 cs=1]
              RenderBlock {UL} at (2,2) size 239x20
                RenderListItem {LI} at (40,0) size 199x20
                  RenderListMarker at (-18,0) size 7x19: bullet
                  RenderText {#text} at (0,0) size 199x19
                    text run at (0,0) width 199: "blah blah blah blah blah blah blah"
