layer at (0,0) size 800x600
  RenderView at (0,0) size 800x600
layer at (0,0) size 800x600
  RenderBlock {HTML} at (0,0) size 800x600
    RenderBody {BODY} at (8,8) size 784x584
      RenderTable {TABLE} at (0,0) size 622x400 [border: (4px outset #808080)]
        RenderTableSection {TBODY} at (4,4) size 614x392
          RenderTableRow {TR} at (0,2) size 614x193
            RenderTableCell {TD} at (2,174) size 204x44 [border: (1px inset #808080)] [r=0 c=0 rs=2 cs=1]
              RenderText {#text} at (2,2) size 188x39
                text run at (2,2) width 188: "1 Some sample text for the first"
                text run at (2,22) width 177: "column. Notice its formatting."
            RenderTableCell {TD} at (208,66) size 404x65 [border: (1px inset #808080)] [r=0 c=1 rs=1 cs=1]
              RenderText {#text} at (2,2) size 398x60
                text run at (2,3) width 386: "2 Here is some sample text to demonstrate the problem. Is there"
                text run at (2,23) width 398: "some setting in Navigator that will make this work correctly ? If so"
                text run at (2,43) width 191: "I haven't found it. Is this a bug ?"
          RenderTableRow {TR} at (0,197) size 614x193
            RenderTableCell {TD} at (208,261) size 404x65 [border: (1px inset #808080)] [r=1 c=1 rs=1 cs=1]
              RenderText {#text} at (2,2) size 398x60
                text run at (2,3) width 386: "3 Here is some sample text to demonstrate the problem. Is there"
                text run at (2,23) width 398: "some setting in Navigator that will make this work correctly ? If so"
                text run at (2,43) width 191: "I haven't found it. Is this a bug ?"
