layer at (0,0) size 800x600
  RenderView at (0,0) size 800x600
layer at (0,0) size 800x104
  RenderBlock {HTML} at (0,0) size 800x104
    RenderBody {BODY} at (8,8) size 784x88
      RenderTable {TABLE} at (0,0) size 282x88 [border: (4px outset #808080)]
        RenderTableSection {THEAD} at (4,4) size 274x28
          RenderTableRow {TR} at (0,2) size 274x24
            RenderTableCell {TD} at (2,2) size 32x24 [border: (1px inset #808080)] [r=0 c=0 rs=1 cs=1]
              RenderText {#text} at (2,2) size 15x19
                text run at (2,2) width 15: "h0"
            RenderTableCell {TD} at (36,2) size 32x24 [border: (1px inset #808080)] [r=0 c=1 rs=1 cs=1]
              RenderText {#text} at (2,2) size 15x19
                text run at (2,2) width 15: "h1"
            RenderTableCell {TD} at (70,2) size 32x24 [border: (1px inset #808080)] [r=0 c=2 rs=1 cs=1]
              RenderText {#text} at (2,2) size 15x19
                text run at (2,2) width 15: "h2"
            RenderTableCell {TD} at (104,2) size 32x24 [border: (1px inset #808080)] [r=0 c=3 rs=1 cs=1]
              RenderText {#text} at (2,2) size 15x19
                text run at (2,2) width 15: "h3"
            RenderTableCell {TD} at (138,2) size 32x24 [border: (1px inset #808080)] [r=0 c=4 rs=1 cs=1]
              RenderText {#text} at (2,2) size 15x19
                text run at (2,2) width 15: "h4"
            RenderTableCell {TD} at (172,2) size 32x24 [border: (1px inset #808080)] [r=0 c=5 rs=1 cs=1]
              RenderText {#text} at (2,2) size 15x19
                text run at (2,2) width 15: "h5"
            RenderTableCell {TD} at (206,2) size 32x24 [border: (1px inset #808080)] [r=0 c=6 rs=1 cs=1]
              RenderText {#text} at (2,2) size 15x19
                text run at (2,2) width 15: "h6"
            RenderTableCell {TD} at (240,2) size 32x24 [border: (1px inset #808080)] [r=0 c=7 rs=1 cs=1]
              RenderText {#text} at (2,2) size 15x19
                text run at (2,2) width 15: "h7"
        RenderTableSection {TBODY} at (4,32) size 274x26
          RenderTableRow {TR} at (0,0) size 274x24
            RenderTableCell {TD} at (2,0) size 32x24 [border: (1px inset #808080)] [r=0 c=0 rs=1 cs=1]
              RenderText {#text} at (2,2) size 28x19
                text run at (2,2) width 28: "r0c0"
            RenderTableCell {TD} at (36,0) size 32x24 [border: (1px inset #808080)] [r=0 c=1 rs=1 cs=1]
              RenderText {#text} at (2,2) size 28x19
                text run at (2,2) width 28: "r0c1"
            RenderTableCell {TD} at (70,0) size 32x24 [border: (1px inset #808080)] [r=0 c=2 rs=1 cs=1]
              RenderText {#text} at (2,2) size 28x19
                text run at (2,2) width 28: "r0c2"
            RenderTableCell {TD} at (104,0) size 32x24 [border: (1px inset #808080)] [r=0 c=3 rs=1 cs=1]
              RenderText {#text} at (2,2) size 28x19
                text run at (2,2) width 28: "r0c3"
            RenderTableCell {TD} at (138,0) size 32x24 [border: (1px inset #808080)] [r=0 c=4 rs=1 cs=1]
              RenderText {#text} at (2,2) size 28x19
                text run at (2,2) width 28: "r0c4"
            RenderTableCell {TD} at (172,0) size 32x24 [border: (1px inset #808080)] [r=0 c=5 rs=1 cs=1]
              RenderText {#text} at (2,2) size 28x19
                text run at (2,2) width 28: "r0c5"
            RenderTableCell {TD} at (206,0) size 32x24 [border: (1px inset #808080)] [r=0 c=6 rs=1 cs=1]
              RenderText {#text} at (2,2) size 28x19
                text run at (2,2) width 28: "r0c6"
            RenderTableCell {TD} at (240,0) size 32x24 [border: (1px inset #808080)] [r=0 c=7 rs=1 cs=1]
              RenderText {#text} at (2,2) size 28x19
                text run at (2,2) width 28: "r0c7"
        RenderTableSection {TFOOT} at (4,58) size 274x26
          RenderTableRow {TR} at (0,0) size 274x24
            RenderTableCell {TD} at (2,0) size 32x24 [border: (1px inset #808080)] [r=0 c=0 rs=1 cs=1]
              RenderText {#text} at (2,2) size 12x19
                text run at (2,2) width 12: "f0"
            RenderTableCell {TD} at (36,0) size 32x24 [border: (1px inset #808080)] [r=0 c=1 rs=1 cs=1]
              RenderText {#text} at (2,2) size 12x19
                text run at (2,2) width 12: "f1"
            RenderTableCell {TD} at (70,0) size 32x24 [border: (1px inset #808080)] [r=0 c=2 rs=1 cs=1]
              RenderText {#text} at (2,2) size 12x19
                text run at (2,2) width 12: "f2"
            RenderTableCell {TD} at (104,0) size 32x24 [border: (1px inset #808080)] [r=0 c=3 rs=1 cs=1]
              RenderText {#text} at (2,2) size 12x19
                text run at (2,2) width 12: "f3"
            RenderTableCell {TD} at (138,0) size 32x24 [border: (1px inset #808080)] [r=0 c=4 rs=1 cs=1]
              RenderText {#text} at (2,2) size 12x19
                text run at (2,2) width 12: "f4"
            RenderTableCell {TD} at (172,0) size 32x24 [border: (1px inset #808080)] [r=0 c=5 rs=1 cs=1]
              RenderText {#text} at (2,2) size 12x19
                text run at (2,2) width 12: "f5"
            RenderTableCell {TD} at (206,0) size 32x24 [border: (1px inset #808080)] [r=0 c=6 rs=1 cs=1]
              RenderText {#text} at (2,2) size 12x19
                text run at (2,2) width 12: "f6"
            RenderTableCell {TD} at (240,0) size 32x24 [border: (1px inset #808080)] [r=0 c=7 rs=1 cs=1]
              RenderText {#text} at (2,2) size 12x19
                text run at (2,2) width 12: "f7"
