layer at (0,0) size 800x600
  RenderView at (0,0) size 800x600
layer at (0,0) size 800x600
  RenderBlock {HTML} at (0,0) size 800x600
    RenderBody {BODY} at (8,8) size 784x584
      RenderTable {TABLE} at (0,0) size 628x50
        RenderTableSection {TBODY} at (0,0) size 628x50
          RenderTableRow {TR} at (0,2) size 628x46
            RenderTableCell {TD} at (2,12) size 205x26 [border: (2px solid #FF0000)] [r=0 c=0 rs=1 cs=1]
              RenderText {#text} at (3,3) size 125x19
                text run at (3,3) width 125: "Cell 1 (width=33%)."
            RenderTableCell {TD} at (208,2) size 418x46 [border: (2px solid #0000FF)] [r=0 c=1 rs=1 cs=1]
              RenderText {#text} at (3,3) size 407x39
                text run at (3,3) width 407: "Cell 3 (width=*) - should be 67% when cell 2 is hidden, 33% when"
                text run at (3,23) width 90: "cell 2 is visible."
