layer at (0,0) size 800x600
  RenderView at (0,0) size 800x600
layer at (0,0) size 800x600
  RenderBlock {HTML} at (0,0) size 800x600
    RenderBody {BODY} at (8,8) size 784x584
      RenderTable {TABLE} at (0,0) size 628x50 [border: (1px outset #808080)]
        RenderTableSection {TBODY} at (1,1) size 626x48
          RenderTableRow {TR} at (0,2) size 626x44
            RenderTableCell {TD} at (2,2) size 622x44 [border: (1px inset #808080)] [r=0 c=0 rs=1 cs=2]
              RenderText {#text} at (2,2) size 590x39
                text run at (2,2) width 413: "This is some text, this is some text, this is some text, this is some text "
                text run at (415,2) width 177: "This is some text, this is some"
                text run at (2,22) width 228: "text, this is some text, this is some text"
