layer at (0,0) size 16472x585
  RenderView at (0,0) size 800x585
layer at (0,0) size 800x585
  RenderBlock {HTML} at (0,0) size 800x585
    RenderBody {BODY} at (8,8) size 784x569
      RenderTable {TABLE} at (0,0) size 16464x120
        RenderTableCol {COLGROUP} at (0,0) size 0x0
          RenderTableCol {COL} at (0,0) size 0x0
          RenderTableCol {COL} at (0,0) size 0x0
          RenderTableCol {COL} at (0,0) size 0x0
          RenderTableCol {COL} at (0,0) size 0x0
          RenderTableCol {COL} at (0,0) size 0x0
          RenderTableCol {COL} at (0,0) size 0x0
          RenderTableCol {COL} at (0,0) size 0x0
          RenderTableCol {COL} at (0,0) size 0x0
        RenderTableSection {TBODY} at (0,0) size 16464x120
          RenderTableRow {TR} at (0,0) size 16464x20
            RenderTableCell {TD} at (0,0) size 592x20 [r=0 c=0 rs=1 cs=8]
              RenderText {#text} at (0,0) size 338x19
                text run at (0,0) width 338: "PRODUCT SPECIFICATIONS DAY CONTRACTS"
            RenderTableCell {TD} at (592,10) size 64x0 [r=0 c=8 rs=1 cs=1]
            RenderTableCell {TD} at (656,10) size 64x0 [r=0 c=9 rs=1 cs=1]
            RenderTableCell {TD} at (720,10) size 64x0 [r=0 c=10 rs=1 cs=1]
            RenderTableCell {TD} at (784,10) size 64x0 [r=0 c=11 rs=1 cs=1]
            RenderTableCell {TD} at (848,10) size 64x0 [r=0 c=12 rs=1 cs=1]
            RenderTableCell {TD} at (912,10) size 64x0 [r=0 c=13 rs=1 cs=1]
            RenderTableCell {TD} at (976,10) size 64x0 [r=0 c=14 rs=1 cs=1]
            RenderTableCell {TD} at (1040,10) size 64x0 [r=0 c=15 rs=1 cs=1]
            RenderTableCell {TD} at (1104,10) size 64x0 [r=0 c=16 rs=1 cs=1]
            RenderTableCell {TD} at (1168,10) size 64x0 [r=0 c=17 rs=1 cs=1]
            RenderTableCell {TD} at (1232,10) size 64x0 [r=0 c=18 rs=1 cs=1]
            RenderTableCell {TD} at (1296,10) size 64x0 [r=0 c=19 rs=1 cs=1]
            RenderTableCell {TD} at (1360,10) size 64x0 [r=0 c=20 rs=1 cs=1]
            RenderTableCell {TD} at (1424,10) size 64x0 [r=0 c=21 rs=1 cs=1]
            RenderTableCell {TD} at (1488,10) size 64x0 [r=0 c=22 rs=1 cs=1]
            RenderTableCell {TD} at (1552,10) size 64x0 [r=0 c=23 rs=1 cs=1]
            RenderTableCell {TD} at (1616,10) size 64x0 [r=0 c=24 rs=1 cs=1]
            RenderTableCell {TD} at (1680,10) size 64x0 [r=0 c=25 rs=1 cs=1]
          RenderTableRow {TR} at (0,20) size 16464x40
            RenderTableCell {TD} at (0,30) size 55x20 [r=1 c=0 rs=1 cs=1]
              RenderText {#text} at (0,0) size 48x19
                text run at (0,0) width 48: "Product"
            RenderTableCell {TD} at (54,30) size 56x20 [r=1 c=1 rs=1 cs=1]
              RenderText {#text} at (0,0) size 53x19
                text run at (0,0) width 53: "Contract"
            RenderTableCell {TD} at (109,30) size 71x20 [r=1 c=2 rs=1 cs=1]
              RenderText {#text} at (0,0) size 48x19
                text run at (0,0) width 48: "Belongs"
            RenderTableCell {TD} at (180,20) size 68x40 [r=1 c=3 rs=1 cs=1]
              RenderText {#text} at (0,0) size 53x39
                text run at (0,0) width 53: "First day"
                text run at (0,20) width 12: "of"
            RenderTableCell {TD} at (248,30) size 71x20 [r=1 c=4 rs=1 cs=1]
              RenderText {#text} at (0,0) size 68x19
                text run at (0,0) width 68: "Last day of"
            RenderTableCell {TD} at (318,30) size 93x20 [r=1 c=5 rs=1 cs=1]
              RenderText {#text} at (0,0) size 45x19
                text run at (0,0) width 45: "Date of"
            RenderTableCell {TD} at (410,30) size 124x20 [r=1 c=6 rs=1 cs=1]
              RenderText {#text} at (0,0) size 108x19
                text run at (0,0) width 108: "Settlement against"
            RenderTableCell {TD} at (533,30) size 59x20 [r=1 c=7 rs=1 cs=1]
              RenderText {#text} at (0,0) size 46x19
                text run at (0,0) width 46: "Quoted"
            RenderTableCell {TD} at (592,40) size 1152x0 [r=1 c=8 rs=1 cs=18]
          RenderTableRow {TR} at (0,60) size 16464x20
            RenderTableCell {TD} at (0,60) size 55x20 [r=2 c=0 rs=1 cs=1]
              RenderText {#text} at (0,0) size 34x19
                text run at (0,0) width 34: "series"
            RenderTableCell {TD} at (54,60) size 56x20 [r=2 c=1 rs=1 cs=1]
              RenderText {#text} at (0,0) size 33x19
                text run at (0,0) width 33: "hours"
            RenderTableCell {TD} at (109,60) size 71x20 [r=2 c=2 rs=1 cs=1]
              RenderText {#text} at (0,0) size 12x19
                text run at (0,0) width 12: "to"
            RenderTableCell {TD} at (180,60) size 68x20 [r=2 c=3 rs=1 cs=1]
              RenderText {#text} at (0,0) size 41x19
                text run at (0,0) width 41: "trading"
            RenderTableCell {TD} at (248,60) size 71x20 [r=2 c=4 rs=1 cs=1]
              RenderText {#text} at (0,0) size 41x19
                text run at (0,0) width 41: "trading"
            RenderTableCell {TD} at (318,60) size 93x20 [r=2 c=5 rs=1 cs=1]
              RenderText {#text} at (0,0) size 60x19
                text run at (0,0) width 60: "settlement"
            RenderTableCell {TD} at (410,60) size 124x20 [r=2 c=6 rs=1 cs=1]
              RenderText {#text} at (0,0) size 4x19
                text run at (0,0) width 4: " "
            RenderTableCell {TD} at (533,60) size 59x20 [r=2 c=7 rs=1 cs=1]
              RenderText {#text} at (0,0) size 52x19
                text run at (0,0) width 52: "currency"
            RenderTableCell {TD} at (592,70) size 1152x0 [r=2 c=8 rs=1 cs=18]
          RenderTableRow {TR} at (0,80) size 16464x40
            RenderTableCell {TD} at (0,80) size 55x40 [r=3 c=0 rs=1 cs=1]
              RenderText {#text} at (0,0) size 49x39
                text run at (0,0) width 49: "D0101-"
                text run at (0,20) width 16: "00"
            RenderTableCell {TD} at (54,90) size 56x20 [r=3 c=1 rs=1 cs=1]
              RenderText {#text} at (0,0) size 16x19
                text run at (0,0) width 16: "24"
            RenderTableCell {TD} at (109,80) size 71x40 [r=3 c=2 rs=1 cs=1]
              RenderText {#text} at (0,0) size 63x39
                text run at (0,0) width 63: "Week 52-"
                text run at (0,20) width 16: "99"
            RenderTableCell {TD} at (180,90) size 68x20 [r=3 c=3 rs=1 cs=1]
              RenderText {#text} at (0,0) size 56x19
                text run at (0,0) width 56: "12/23/99"
            RenderTableCell {TD} at (248,90) size 71x20 [r=3 c=4 rs=1 cs=1]
              RenderText {#text} at (0,0) size 56x19
                text run at (0,0) width 56: "12/30/99"
            RenderTableCell {TD} at (318,90) size 93x20 [r=3 c=5 rs=1 cs=1]
              RenderText {#text} at (0,0) size 40x19
                text run at (0,0) width 40: "1/1/00"
            RenderTableCell {TD} at (410,90) size 124x20 [r=3 c=6 rs=1 cs=1]
              RenderText {#text} at (0,0) size 121x19
                text run at (0,0) width 121: "System Price Elspot"
            RenderTableCell {TD} at (533,90) size 59x20 [r=3 c=7 rs=1 cs=1]
              RenderText {#text} at (0,0) size 36x19
                text run at (0,0) width 36: "NOK"
            RenderTableCell {TD} at (592,100) size 1152x0 [r=3 c=8 rs=1 cs=18]
