layer at (0,0) size 800x600
  RenderView at (0,0) size 800x600
layer at (0,0) size 800x600
  RenderBlock {HTML} at (0,0) size 800x600
    RenderBody {BODY} at (8,8) size 784x584
      RenderBlock (anonymous) at (0,0) size 784x0
        RenderInline {FONT} at (0,0) size 0x0
      RenderTable {TABLE} at (0,0) size 347x42 [bgcolor=#FFFFFF] [border: (1px outset #808080)]
        RenderBlock {CAPTION} at (0,0) size 347x20
          RenderText {#text} at (113,0) size 121x19
            text run at (113,0) width 121: "Complete Price List"
        RenderTableSection {TBODY} at (1,21) size 345x20
          RenderTableRow {TR} at (0,0) size 345x20
            RenderTableCell {TD} at (0,0) size 72x20 [border: (1px inset #808080)] [r=0 c=0 rs=1 cs=1]
              RenderInline {FONT} at (0,0) size 68x16
                RenderText {#text} at (2,2) size 68x16
                  text run at (2,2) width 68: "Apple Store"
            RenderTableCell {TD} at (72,0) size 39x20 [border: (1px inset #808080)] [r=0 c=1 rs=1 cs=1]
              RenderInline {FONT} at (0,0) size 35x16
                RenderText {#text} at (2,2) size 35x16
                  text run at (2,2) width 35: "14415"
            RenderTableCell {TD} at (111,0) size 184x20 [border: (1px inset #808080)] [r=0 c=2 rs=1 cs=1]
              RenderInline {FONT} at (0,0) size 180x16
                RenderText {#text} at (2,2) size 180x16
                  text run at (2,2) width 180: "PB G3 \"FireWire\"-[256MB] 222"
            RenderTableCell {TD} at (295,0) size 50x20 [border: (1px inset #808080)] [r=0 c=3 rs=1 cs=1]
              RenderInline {FONT} at (0,0) size 46x16
                RenderText {#text} at (2,2) size 46x16
                  text run at (2,2) width 46: "$264.00"
