layer at (0,0) size 785x650
  RenderView at (0,0) size 785x600
layer at (0,0) size 785x650
  RenderBlock {HTML} at (0,0) size 785x650
    RenderBody {BODY} at (8,8) size 769x634 [bgcolor=#FFFFFF]
      RenderTable {TABLE} at (0,0) size 308x56 [border: (1px outset #808080)]
        RenderTableCol {COLGROUP} at (0,0) size 0x0
          RenderTableCol {COL} at (0,0) size 0x0
          RenderTableCol {COL} at (0,0) size 0x0
        RenderTableSection {TBODY} at (1,1) size 306x54
          RenderTableRow {TR} at (0,2) size 306x24
          RenderTableRow {TR} at (0,28) size 306x24
      RenderTable {TABLE} at (0,56) size 308x56 [border: (1px outset #808080)]
        RenderTableCol {COLGROUP} at (0,0) size 0x0
          RenderTableCol {COL} at (0,0) size 0x0
          RenderTableCol {COL} at (0,0) size 0x0
        RenderTableSection {TBODY} at (1,1) size 306x54
          RenderTableRow {TR} at (0,2) size 306x24
          RenderTableRow {TR} at (0,28) size 306x24
      RenderTable {TABLE} at (0,112) size 300x56 [border: (1px outset #808080)]
        RenderTableSection {TBODY} at (1,1) size 298x54
          RenderTableRow {TR} at (0,2) size 298x24
          RenderTableRow {TR} at (0,28) size 298x24
      RenderTable {TABLE} at (0,168) size 300x56 [border: (1px outset #808080)]
        RenderTableSection {TBODY} at (1,1) size 298x54
          RenderTableRow {TR} at (0,2) size 298x24
          RenderTableRow {TR} at (0,28) size 298x24
      RenderTable {TABLE} at (0,224) size 300x62 [border: (1px outset #808080)]
        RenderTableSection {TBODY} at (1,1) size 298x60
          RenderTableRow {TR} at (0,2) size 298x30
          RenderTableRow {TR} at (0,34) size 298x24
      RenderTable {TABLE} at (0,286) size 300x62 [border: (1px outset #808080)]
        RenderTableSection {TBODY} at (1,1) size 298x60
          RenderTableRow {TR} at (0,2) size 298x30
          RenderTableRow {TR} at (0,34) size 298x24
      RenderTable {TABLE} at (0,348) size 300x98 [border: (1px outset #808080)]
        RenderTableSection {TBODY} at (1,1) size 298x96
          RenderTableRow {TR} at (0,2) size 298x48
          RenderTableRow {TR} at (0,52) size 298x42
      RenderTable {TABLE} at (0,540) size 300x94 [border: (1px outset #808080)]
        RenderTableSection {TBODY} at (1,1) size 298x92
          RenderTableRow {TR} at (0,2) size 298x62
          RenderTableRow {TR} at (0,66) size 298x24
layer at (11,11) size 200x24 clip at (12,12) size 198x22
  RenderTableCell {TD} at (2,2) size 200x24 [bgcolor=#0000FF] [border: (1px inset #808080)] [r=0 c=0 rs=1 cs=1]
    RenderText {#text} at (2,2) size 4x19
      text run at (2,2) width 4: " "
layer at (213,11) size 100x24 clip at (214,12) size 98x22
  RenderTableCell {TD} at (204,2) size 100x24 [bgcolor=#0000FF] [border: (1px inset #808080)] [r=0 c=1 rs=1 cs=1]
    RenderText {#text} at (2,2) size 4x19
      text run at (2,2) width 4: " "
layer at (11,37) size 200x24 clip at (12,38) size 198x22
  RenderTableCell {TD} at (2,28) size 200x24 [bgcolor=#0000FF] [border: (1px inset #808080)] [r=1 c=0 rs=1 cs=1]
    RenderText {#text} at (2,2) size 4x19
      text run at (2,2) width 4: " "
layer at (213,37) size 100x24 clip at (214,38) size 98x22
  RenderTableCell {TD} at (204,28) size 100x24 [bgcolor=#0000FF] [border: (1px inset #808080)] [r=1 c=1 rs=1 cs=1]
    RenderText {#text} at (2,2) size 4x19
      text run at (2,2) width 4: " "
layer at (11,67) size 200x24 clip at (12,68) size 198x22
  RenderTableCell {TD} at (2,2) size 200x24 [bgcolor=#0000FF] [border: (1px inset #808080)] [r=0 c=0 rs=1 cs=1]
    RenderText {#text} at (2,2) size 4x19
      text run at (2,2) width 4: " "
layer at (213,67) size 100x24 clip at (214,68) size 98x22
  RenderTableCell {TD} at (204,2) size 100x24 [bgcolor=#0000FF] [border: (1px inset #808080)] [r=0 c=1 rs=1 cs=1]
    RenderText {#text} at (2,2) size 4x19
      text run at (2,2) width 4: " "
layer at (11,93) size 200x24 clip at (12,94) size 198x22
  RenderTableCell {TD} at (2,28) size 200x24 [bgcolor=#0000FF] [border: (1px inset #808080)] [r=1 c=0 rs=1 cs=1]
    RenderText {#text} at (2,2) size 4x19
      text run at (2,2) width 4: " "
layer at (213,93) size 100x24 clip at (214,94) size 98x22
  RenderTableCell {TD} at (204,28) size 100x24 [bgcolor=#0000FF] [border: (1px inset #808080)] [r=1 c=1 rs=1 cs=1]
    RenderText {#text} at (2,2) size 4x19
      text run at (2,2) width 4: " "
layer at (11,123) size 234x24 clip at (12,124) size 232x22
  RenderTableCell {TD} at (2,2) size 234x24 [bgcolor=#0000FF] [border: (1px inset #808080)] [r=0 c=0 rs=1 cs=1]
    RenderText {#text} at (2,2) size 4x19
      text run at (2,2) width 4: " "
layer at (247,123) size 58x24 clip at (248,124) size 56x22
  RenderTableCell {TD} at (237,2) size 59x24 [bgcolor=#0000FF] [border: (1px inset #808080)] [r=0 c=1 rs=1 cs=1]
    RenderText {#text} at (2,2) size 4x19
      text run at (2,2) width 4: " "
layer at (11,149) size 234x24 clip at (12,150) size 232x22
  RenderTableCell {TD} at (2,28) size 234x24 [bgcolor=#0000FF] [border: (1px inset #808080)] [r=1 c=0 rs=1 cs=1]
    RenderText {#text} at (2,2) size 4x19
      text run at (2,2) width 4: " "
layer at (247,149) size 58x24 clip at (248,150) size 56x22
  RenderTableCell {TD} at (237,28) size 59x24 [bgcolor=#0000FF] [border: (1px inset #808080)] [r=1 c=1 rs=1 cs=1]
    RenderText {#text} at (2,2) size 4x19
      text run at (2,2) width 4: " "
layer at (11,179) size 154x24 clip at (12,180) size 152x22
  RenderTableCell {TD} at (2,2) size 154x24 [bgcolor=#0000FF] [border: (1px inset #808080)] [r=0 c=0 rs=1 cs=1]
    RenderText {#text} at (2,2) size 4x19
      text run at (2,2) width 4: " "
layer at (167,179) size 138x24 clip at (168,180) size 136x22
  RenderTableCell {TD} at (158,2) size 138x24 [bgcolor=#0000FF] [border: (1px inset #808080)] [r=0 c=1 rs=1 cs=1]
    RenderText {#text} at (2,2) size 4x19
      text run at (2,2) width 4: " "
layer at (11,205) size 154x24 clip at (12,206) size 152x22
  RenderTableCell {TD} at (2,28) size 154x24 [bgcolor=#0000FF] [border: (1px inset #808080)] [r=1 c=0 rs=1 cs=1]
    RenderText {#text} at (2,2) size 4x19
      text run at (2,2) width 4: " "
layer at (167,205) size 138x24 clip at (168,206) size 136x22
  RenderTableCell {TD} at (158,28) size 138x24 [bgcolor=#0000FF] [border: (1px inset #808080)] [r=1 c=1 rs=1 cs=1]
    RenderText {#text} at (2,2) size 4x19
      text run at (2,2) width 4: " "
layer at (11,235) size 154x30 clip at (12,236) size 152x28 scrollWidth 201
  RenderTableCell {TD} at (2,2) size 154x30 [bgcolor=#0000FF] [border: (1px inset #808080)] [r=0 c=0 rs=1 cs=1]
    RenderBlock {FORM} at (2,2) size 150x26
      RenderButton {BUTTON} at (0,2) size 200x22 [bgcolor=#F0F0F0] [border: (2px outset #F0F0F0)]
        RenderBlock (anonymous) at (8,3) size 184x16
          RenderText {#text} at (74,0) size 36x16
            text run at (74,0) width 36: "button"
layer at (167,235) size 138x30 clip at (168,236) size 136x28
  RenderTableCell {TD} at (158,5) size 138x24 [bgcolor=#0000FF] [border: (1px inset #808080)] [r=0 c=1 rs=1 cs=1]
    RenderText {#text} at (2,2) size 4x19
      text run at (2,2) width 4: " "
layer at (11,267) size 154x24 clip at (12,268) size 152x22
  RenderTableCell {TD} at (2,34) size 154x24 [bgcolor=#0000FF] [border: (1px inset #808080)] [r=1 c=0 rs=1 cs=1]
    RenderText {#text} at (2,2) size 4x19
      text run at (2,2) width 4: " "
layer at (167,267) size 138x24 clip at (168,268) size 136x22
  RenderTableCell {TD} at (158,34) size 138x24 [bgcolor=#0000FF] [border: (1px inset #808080)] [r=1 c=1 rs=1 cs=1]
    RenderText {#text} at (2,2) size 4x19
      text run at (2,2) width 4: " "
layer at (11,297) size 281x30 clip at (12,298) size 279x28
  RenderTableCell {TD} at (2,2) size 281x30 [bgcolor=#0000FF] [border: (1px inset #808080)] [r=0 c=0 rs=1 cs=1]
    RenderBlock {FORM} at (2,2) size 277x26
      RenderButton {BUTTON} at (0,2) size 200x22 [bgcolor=#F0F0F0] [border: (2px outset #F0F0F0)]
        RenderBlock (anonymous) at (8,3) size 184x16
          RenderText {#text} at (74,0) size 36x16
            text run at (74,0) width 36: "button"
layer at (294,297) size 11x30 clip at (295,298) size 9x28
  RenderTableCell {TD} at (284,5) size 13x24 [bgcolor=#0000FF] [border: (1px inset #808080)] [r=0 c=1 rs=1 cs=1]
    RenderText {#text} at (2,2) size 4x19
      text run at (2,2) width 4: " "
layer at (11,329) size 281x24 clip at (12,330) size 279x22
  RenderTableCell {TD} at (2,34) size 281x24 [bgcolor=#0000FF] [border: (1px inset #808080)] [r=1 c=0 rs=1 cs=1]
    RenderText {#text} at (2,2) size 4x19
      text run at (2,2) width 4: " "
layer at (294,329) size 11x24 clip at (295,330) size 9x22
  RenderTableCell {TD} at (284,34) size 13x24 [bgcolor=#0000FF] [border: (1px inset #808080)] [r=1 c=1 rs=1 cs=1]
    RenderText {#text} at (2,2) size 4x19
      text run at (2,2) width 4: " "
layer at (11,359) size 172x48 clip at (12,360) size 170x46 scrollWidth 216
  RenderTableCell {TD} at (2,2) size 172x48 [bgcolor=#0000FF] [border: (1px inset #808080)] [r=0 c=0 rs=1 cs=1]
    RenderBlock {DIV} at (11,11) size 206x26 [border: (3px solid #000000)]
      RenderText {#text} at (3,3) size 18x19
        text run at (3,3) width 18: "div"
layer at (185,359) size 120x48 clip at (186,360) size 118x46
  RenderTableCell {TD} at (176,5) size 120x42 [bgcolor=#0000FF] [border: (1px inset #808080)] [r=0 c=1 rs=1 cs=1]
    RenderText {#text} at (11,11) size 4x19
      text run at (11,11) width 4: " "
layer at (11,409) size 172x42 clip at (12,410) size 170x40
  RenderTableCell {TD} at (2,52) size 172x42 [bgcolor=#0000FF] [border: (1px inset #808080)] [r=1 c=0 rs=1 cs=1]
    RenderText {#text} at (11,11) size 4x19
      text run at (11,11) width 4: " "
layer at (185,409) size 120x42 clip at (186,410) size 118x40
  RenderTableCell {TD} at (176,52) size 120x42 [bgcolor=#0000FF] [border: (1px inset #808080)] [r=1 c=1 rs=1 cs=1]
    RenderText {#text} at (11,11) size 4x19
      text run at (11,11) width 4: " "
layer at (8,454) size 300x94 clip at (9,455) size 298x92
  RenderTable {TABLE} at (0,446) size 300x94 [border: (1px outset #808080)]
    RenderTableSection {TBODY} at (1,1) size 298x92
      RenderTableRow {TR} at (0,2) size 298x62
      RenderTableRow {TR} at (0,66) size 298x24
layer at (11,457) size 154x62 clip at (12,458) size 152x60 scrollWidth 207
  RenderTableCell {TD} at (2,2) size 154x62 [bgcolor=#0000FF] [border: (1px inset #808080)] [r=0 c=0 rs=1 cs=1]
    RenderBlock {P} at (2,18) size 206x26 [border: (3px solid #000000)]
      RenderText {#text} at (3,3) size 27x19
        text run at (3,3) width 27: "para"
layer at (167,457) size 138x62 clip at (168,458) size 136x60
  RenderTableCell {TD} at (158,21) size 138x24 [bgcolor=#0000FF] [border: (1px inset #808080)] [r=0 c=1 rs=1 cs=1]
    RenderText {#text} at (2,2) size 4x19
      text run at (2,2) width 4: " "
layer at (11,521) size 154x24 clip at (12,522) size 152x22
  RenderTableCell {TD} at (2,66) size 154x24 [bgcolor=#0000FF] [border: (1px inset #808080)] [r=1 c=0 rs=1 cs=1]
    RenderText {#text} at (2,2) size 4x19
      text run at (2,2) width 4: " "
layer at (167,521) size 138x24 clip at (168,522) size 136x22
  RenderTableCell {TD} at (158,66) size 138x24 [bgcolor=#0000FF] [border: (1px inset #808080)] [r=1 c=1 rs=1 cs=1]
    RenderText {#text} at (2,2) size 4x19
      text run at (2,2) width 4: " "
layer at (11,551) size 254x62 clip at (12,552) size 252x60
  RenderTableCell {TD} at (2,2) size 254x62 [bgcolor=#0000FF] [border: (1px inset #808080)] [r=0 c=0 rs=1 cs=1]
    RenderBlock {P} at (2,18) size 206x26 [border: (3px solid #000000)]
      RenderText {#text} at (3,3) size 27x19
        text run at (3,3) width 27: "para"
layer at (267,551) size 38x62 clip at (268,552) size 36x60
  RenderTableCell {TD} at (258,21) size 38x24 [bgcolor=#0000FF] [border: (1px inset #808080)] [r=0 c=1 rs=1 cs=1]
    RenderText {#text} at (2,2) size 4x19
      text run at (2,2) width 4: " "
layer at (11,615) size 254x24 clip at (12,616) size 252x22
  RenderTableCell {TD} at (2,66) size 254x24 [bgcolor=#0000FF] [border: (1px inset #808080)] [r=1 c=0 rs=1 cs=1]
    RenderText {#text} at (2,2) size 4x19
      text run at (2,2) width 4: " "
layer at (267,615) size 38x24 clip at (268,616) size 36x22
  RenderTableCell {TD} at (258,66) size 38x24 [bgcolor=#0000FF] [border: (1px inset #808080)] [r=1 c=1 rs=1 cs=1]
    RenderText {#text} at (2,2) size 4x19
      text run at (2,2) width 4: " "
