layer at (0,0) size 800x600
  RenderView at (0,0) size 800x600
layer at (0,0) size 800x600
  RenderBlock {HTML} at (0,0) size 800x600
    RenderBody {BODY} at (8,8) size 784x584
      RenderBlock (anonymous) at (0,0) size 784x0
        RenderInline {FONT} at (0,0) size 0x0
      RenderTable {TABLE} at (0,0) size 108x50 [border: (1px outset #808080)]
        RenderBlock {CAPTION} at (0,0) size 108x20
          RenderText {#text} at (32,0) size 44x19
            text run at (32,0) width 44: "TEST1"
        RenderTableSection {TBODY} at (1,21) size 106x28
          RenderTableRow {TR} at (0,2) size 106x24
            RenderTableCell {TD} at (2,2) size 102x24 [border: (1px inset #808080)] [r=0 c=0 rs=1 cs=1]
              RenderText {#text} at (2,2) size 98x19
                text run at (2,2) width 98: "TABLE TEXT1"
      RenderBlock (anonymous) at (0,50) size 784x20
        RenderInline {FONT} at (0,0) size 44x19
          RenderText {#text} at (0,0) size 44x19
            text run at (0,0) width 44: "TEST2"
      RenderTable {TABLE} at (0,70) size 108x30 [border: (1px outset #808080)]
        RenderTableSection {TBODY} at (1,1) size 106x28
          RenderTableRow {TR} at (0,2) size 106x24
            RenderTableCell {TD} at (2,2) size 102x24 [border: (1px inset #808080)] [r=0 c=0 rs=1 cs=1]
              RenderText {#text} at (2,2) size 98x19
                text run at (2,2) width 98: "TABLE TEXT2"
      RenderTable {TABLE} at (0,100) size 108x50 [border: (1px outset #808080)]
        RenderBlock {CAPTION} at (0,0) size 108x20
          RenderText {#text} at (32,0) size 44x19
            text run at (32,0) width 44: "TEST3"
        RenderTableSection {TBODY} at (1,21) size 106x28
          RenderTableRow {TR} at (0,2) size 106x24
            RenderTableCell {TD} at (2,2) size 102x24 [border: (1px inset #808080)] [r=0 c=0 rs=1 cs=1]
              RenderText {#text} at (2,2) size 98x19
                text run at (2,2) width 98: "TABLE TEXT3"
