layer at (0,0) size 800x600
  RenderView at (0,0) size 800x600
layer at (0,0) size 800x72
  RenderBlock {HTML} at (0,0) size 800x72
    RenderBody {BODY} at (8,8) size 784x56
      RenderTable {TABLE} at (0,0) size 657x56 [border: (1px outset #808080)]
        RenderTableSection {TBODY} at (1,1) size 655x54
          RenderTableRow {TR} at (0,2) size 655x24
            RenderTableCell {TD} at (2,2) size 162x24 [border: (1px inset #808080)] [r=0 c=0 rs=1 cs=1]
              RenderText {#text} at (2,2) size 8x19
                text run at (2,2) width 8: "1"
            RenderTableCell {TD} at (165,2) size 486x24 [border: (1px inset #808080)] [r=0 c=1 rs=1 cs=1]
              RenderText {#text} at (2,2) size 384x19
                text run at (2,2) width 384: "HelloHelloHelloHelloHelloHelloHelloHelloHelloHelloHelloHello"
          RenderTableRow {TR} at (0,28) size 655x24
            RenderTableCell {TD} at (2,28) size 651x24 [border: (1px inset #808080)] [r=1 c=0 rs=1 cs=3]
              RenderText {#text} at (2,2) size 8x19
                text run at (2,2) width 8: "3"
