layer at (0,0) size 800x600
  RenderView at (0,0) size 800x600
layer at (0,0) size 800x600
  RenderBlock {HTML} at (0,0) size 800x600
    RenderBody {BODY} at (8,8) size 784x584 [bgcolor=#FFFCCC]
      RenderBlock {CENTER} at (0,0) size 784x134
        RenderTable {TABLE} at (92,0) size 600x134
          RenderTableSection {TBODY} at (0,0) size 600x134
            RenderTableRow {TR} at (0,0) size 600x97
              RenderTableCell {TD} at (0,0) size 150x40 [r=0 c=0 rs=1 cs=1]
                RenderBlock {CENTER} at (0,0) size 150x40
                  RenderInline {IFRAMEX} at (0,0) size 0x39
                    RenderText {#text} at (0,0) size 0x0
                    RenderBR {BR} at (75,0) size 0x19
                    RenderBR {BR} at (75,20) size 0x19
              RenderTableCell {TD} at (150,0) size 1x1 [bgcolor=#FFFFFF] [r=0 c=1 rs=1 cs=1]
                RenderImage {IMG} at (0,0) size 1x1
                RenderText {#text} at (0,0) size 0x0
              RenderTableCell {TD} at (151,0) size 449x97 [r=0 c=2 rs=1 cs=1]
                RenderTable {TABLE} at (0,0) size 449x68
                  RenderTableSection {TBODY} at (0,0) size 449x68
                    RenderTableRow {TR} at (0,2) size 449x64
                      RenderTableCell {TD} at (2,2) size 445x64 [r=0 c=0 rs=1 cs=1]
                        RenderBlock {P} at (2,2) size 441x60
                          RenderText {#text} at (0,0) size 158x19
                            text run at (0,0) width 158: "IMPROVE YOUR SITE "
                          RenderBR {BR} at (158,15) size 0x0
                          RenderText {#text} at (0,20) size 413x39
                            text run at (0,20) width 413: "In this week's Home Improvements you can find an article on how to"
                            text run at (0,40) width 242: "spice up your page by using imagemaps."
                        RenderBlock {P} at (2,78) size 441x0
                RenderTable {TABLE} at (0,68) size 449x29
                  RenderTableSection {TBODY} at (0,0) size 449x29
                    RenderTableRow {TR} at (0,2) size 449x25
                      RenderTableCell {TD} at (2,2) size 445x25 [r=0 c=0 rs=1 cs=1]
                        RenderInline {A} at (0,0) size 95x19 [color=#0000EE]
                          RenderText {#text} at (349,4) size 45x19
                            text run at (349,4) width 45: "MORE"
                          RenderImage {IMG} at (394,1) size 50x18
                        RenderText {#text} at (0,0) size 0x0
            RenderTableRow {TR} at (0,97) size 600x37
              RenderTableCell {TD} at (0,97) size 600x37 [r=1 c=0 rs=1 cs=3]
                RenderBlock (anonymous) at (0,0) size 600x1
                  RenderImage {IMG} at (0,0) size 600x1
                RenderBlock {P} at (0,17) size 600x20
                  RenderBR {BR} at (300,0) size 0x19
