layer at (0,0) size 800x600
  RenderView at (0,0) size 800x600
layer at (0,0) size 800x600
  RenderBlock {HTML} at (0,0) size 800x600
    RenderBody {BODY} at (8,8) size 784x584
      RenderTable {TABLE} at (0,0) size 784x67 [bgcolor=#00FFFF] [border: (1px outset #808080)]
        RenderTableSection {TBODY} at (1,1) size 782x65
          RenderTableRow {TR} at (0,2) size 782x61
            RenderTableCell {TD} at (2,2) size 304x61 [border: (1px inset #808080)] [r=0 c=0 rs=1 cs=1]
              RenderInline {FONT} at (0,0) size 99x36 [color=#0000FF]
                RenderText {#text} at (2,2) size 99x36
                  text run at (2,2) width 99: "Mozilla"
              RenderText {#text} at (101,15) size 267x43
                text run at (101,15) width 143: " code available under a "
                text run at (244,15) width 25: "dual"
                text run at (2,39) width 117: "MPL/GPL license. "
                text run at (119,39) width 131: "See the for more info."
              RenderBR {BR} at (250,54) size 0x0
            RenderTableCell {TD} at (308,20) size 472x25 [border: (1px inset #808080)] [r=0 c=1 rs=1 cs=1]
              RenderText {#text} at (2,2) size 236x20
                text run at (2,3) width 236: "foo bar foo bar foo bar foo bar foo bar"
      RenderBlock (anonymous) at (0,67) size 784x46
        RenderBR {BR} at (0,0) size 0x19
        RenderButton {INPUT} at (2,22) size 61x22 [bgcolor=#F0F0F0] [border: (2px outset #F0F0F0)]
          RenderBlock (anonymous) at (8,3) size 45x16
            RenderText at (0,0) size 45x16
              text run at (0,0) width 45: "Reload"
        RenderText {#text} at (65,23) size 8x19
          text run at (65,23) width 8: "  "
        RenderButton {INPUT} at (75,22) size 92x22 [bgcolor=#F0F0F0] [border: (2px outset #F0F0F0)]
          RenderBlock (anonymous) at (8,3) size 76x16
            RenderText at (0,0) size 76x16
              text run at (0,0) width 76: "Change Font"
        RenderText {#text} at (169,23) size 8x19
          text run at (169,23) width 8: "  "
        RenderTextControl {INPUT} at (179,22) size 150x22 [bgcolor=#FFFFFF] [border: (2px inset #000000)]
        RenderText {#text} at (0,0) size 0x0
layer at (189,100) size 146x16
  RenderBlock {DIV} at (2,3) size 146x16
    RenderText {#text} at (0,0) size 7x16
      text run at (0,0) width 7: "6"
