layer at (0,0) size 800x600
  RenderView at (0,0) size 800x600
layer at (0,0) size 800x600
  RenderBlock {HTML} at (0,0) size 800x600
    RenderBody {BODY} at (8,8) size 784x584
      RenderTable {TABLE} at (0,0) size 369x38
        RenderTableSection {TBODY} at (0,0) size 369x38
          RenderTableRow {TR} at (0,2) size 369x34
            RenderTableCell {TD} at (2,2) size 365x34 [r=0 c=0 rs=1 cs=1]
              RenderTable {TABLE} at (1,1) size 363x32
                RenderTableSection {TBODY} at (0,0) size 363x32
                  RenderTableRow {TR} at (0,2) size 363x28
                    RenderTableCell {TH} at (2,5) size 61x22 [r=0 c=0 rs=1 cs=1]
                      RenderText {#text} at (1,1) size 59x19
                        text run at (1,1) width 59: "User ID:"
                    RenderTableCell {TD} at (65,2) size 296x28 [r=0 c=1 rs=1 cs=1]
                      RenderTextControl {INPUT} at (3,3) size 290x22 [bgcolor=#FFFFFF] [border: (2px inset #000000)]
                      RenderText {#text} at (0,0) size 0x0
layer at (81,19) size 286x16
  RenderBlock {DIV} at (2,3) size 286x16
