layer at (0,0) size 800x600
  RenderView at (0,0) size 800x600
layer at (0,0) size 800x600
  RenderBlock {HTML} at (0,0) size 800x600
    RenderBody {BODY} at (8,8) size 784x576
      RenderBlock {FORM} at (0,0) size 784x322
        RenderTable {TABLE} at (0,0) size 784x322 [border: (1px outset #808080)]
          RenderTableSection {TBODY} at (1,1) size 782x320
            RenderTableRow {TR} at (0,2) size 782x24
              RenderTableCell {TH} at (2,2) size 20x24 [border: (1px inset #808080)] [r=0 c=0 rs=1 cs=1]
                RenderText {#text} at (6,2) size 8x19
                  text run at (6,2) width 8: "#"
              RenderTableCell {TH} at (24,2) size 75x24 [border: (1px inset #808080)] [r=0 c=1 rs=1 cs=1]
                RenderText {#text} at (2,2) size 71x19
                  text run at (2,2) width 71: "Relevance"
              RenderTableCell {TH} at (101,2) size 526x24 [border: (1px inset #808080)] [r=0 c=2 rs=1 cs=1]
                RenderText {#text} at (228,2) size 70x19
                  text run at (228,2) width 70: "Title Long"
              RenderTableCell {TH} at (628,2) size 112x24 [border: (1px inset #808080)] [r=0 c=3 rs=1 cs=1]
                RenderText {#text} at (32,2) size 47x19
                  text run at (32,2) width 47: "Author"
              RenderTableCell {TH} at (741,2) size 38x24 [border: (1px inset #808080)] [r=0 c=4 rs=1 cs=1]
                RenderText {#text} at (2,2) size 33x19
                  text run at (2,2) width 33: "Date"
            RenderTableRow {TR} at (0,28) size 782x44
              RenderTableCell {TD} at (2,54) size 20x24 [border: (1px inset #808080)] [r=1 c=0 rs=2 cs=1]
                RenderText {#text} at (2,2) size 16x19
                  text run at (2,2) width 16: " 1 "
              RenderTableCell {TD} at (24,54) size 75x24 [border: (1px inset #808080)] [r=1 c=1 rs=2 cs=1]
                RenderText {#text} at (2,2) size 16x19
                  text run at (2,2) width 16: "**"
              RenderTableCell {TD} at (101,28) size 526x44 [border: (1px inset #808080)] [r=1 c=2 rs=1 cs=1]
                RenderText {#text} at (2,2) size 456x39
                  text run at (2,2) width 456: "UNIX and Windows 2000 integration toolkit : a complete guide for systems"
                  text run at (2,22) width 169: "administrators / Rawn Shah."
              RenderTableCell {TD} at (628,38) size 112x24 [border: (1px inset #808080)] [r=1 c=3 rs=1 cs=1]
                RenderText {#text} at (2,2) size 77x19
                  text run at (2,2) width 77: "Shah, Rawn."
              RenderTableCell {TD} at (741,38) size 38x24 [border: (1px inset #808080)] [r=1 c=4 rs=1 cs=1]
                RenderText {#text} at (2,2) size 32x19
                  text run at (2,2) width 32: "2000"
            RenderTableRow {TR} at (0,74) size 782x30
              RenderTableCell {TD} at (101,74) size 680x30 [border: (1px inset #808080)] [r=2 c=2 rs=1 cs=4]
                RenderTable {TABLE} at (2,2) size 676x26
                  RenderTableSection {TBODY} at (0,0) size 676x26
                    RenderTableRow {TR} at (0,2) size 676x22
                      RenderTableCell {TD} at (2,2) size 672x22 [r=0 c=0 rs=1 cs=1]
                        RenderText {#text} at (1,1) size 153x19
                          text run at (1,1) width 153: "Title has multiple holdings"
            RenderTableRow {TR} at (0,106) size 782x44
              RenderTableCell {TD} at (2,132) size 20x24 [border: (1px inset #808080)] [r=3 c=0 rs=2 cs=1]
                RenderText {#text} at (2,2) size 16x19
                  text run at (2,2) width 16: " 2 "
              RenderTableCell {TD} at (24,132) size 75x24 [border: (1px inset #808080)] [r=3 c=1 rs=2 cs=1]
                RenderText {#text} at (2,2) size 16x19
                  text run at (2,2) width 16: "**"
              RenderTableCell {TD} at (101,116) size 526x24 [border: (1px inset #808080)] [r=3 c=2 rs=1 cs=1]
                RenderText {#text} at (2,2) size 238x19
                  text run at (2,2) width 238: "Learning Red Hat Linux / Bill McCarty."
              RenderTableCell {TD} at (628,106) size 112x44 [border: (1px inset #808080)] [r=3 c=3 rs=1 cs=1]
                RenderText {#text} at (2,2) size 86x39
                  text run at (2,2) width 86: "McCarty, Bill,"
                  text run at (2,22) width 38: "1953-"
              RenderTableCell {TD} at (741,116) size 38x24 [border: (1px inset #808080)] [r=3 c=4 rs=1 cs=1]
                RenderText {#text} at (2,2) size 32x19
                  text run at (2,2) width 32: "1999"
            RenderTableRow {TR} at (0,152) size 782x30
              RenderTableCell {TD} at (101,152) size 680x30 [border: (1px inset #808080)] [r=4 c=2 rs=1 cs=4]
                RenderTable {TABLE} at (2,2) size 676x26
                  RenderTableSection {TBODY} at (0,0) size 676x26
                    RenderTableRow {TR} at (0,2) size 676x22
                      RenderTableCell {TD} at (2,2) size 672x22 [r=0 c=0 rs=1 cs=1]
                        RenderText {#text} at (1,1) size 153x19
                          text run at (1,1) width 153: "Title has multiple holdings"
            RenderTableRow {TR} at (0,184) size 782x44
              RenderTableCell {TD} at (2,210) size 20x24 [border: (1px inset #808080)] [r=5 c=0 rs=2 cs=1]
                RenderText {#text} at (2,2) size 16x19
                  text run at (2,2) width 16: " 3 "
              RenderTableCell {TD} at (24,210) size 75x24 [border: (1px inset #808080)] [r=5 c=1 rs=2 cs=1]
                RenderText {#text} at (2,2) size 16x19
                  text run at (2,2) width 16: "**"
              RenderTableCell {TD} at (101,194) size 526x24 [border: (1px inset #808080)] [r=5 c=2 rs=1 cs=1]
                RenderText {#text} at (2,2) size 264x19
                  text run at (2,2) width 264: "Learning Debian GNU/Linux / Bill Mccarty."
              RenderTableCell {TD} at (628,184) size 112x44 [border: (1px inset #808080)] [r=5 c=3 rs=1 cs=1]
                RenderText {#text} at (2,2) size 86x39
                  text run at (2,2) width 86: "McCarty, Bill,"
                  text run at (2,22) width 38: "1953-"
              RenderTableCell {TD} at (741,194) size 38x24 [border: (1px inset #808080)] [r=5 c=4 rs=1 cs=1]
                RenderText {#text} at (2,2) size 32x19
                  text run at (2,2) width 32: "1999"
            RenderTableRow {TR} at (0,230) size 782x30
              RenderTableCell {TD} at (101,230) size 680x30 [border: (1px inset #808080)] [r=6 c=2 rs=1 cs=4]
                RenderTable {TABLE} at (2,2) size 676x26
                  RenderTableSection {TBODY} at (0,0) size 676x26
                    RenderTableRow {TR} at (0,2) size 676x22
                      RenderTableCell {TD} at (2,2) size 672x22 [r=0 c=0 rs=1 cs=1]
                        RenderText {#text} at (1,1) size 153x19
                          text run at (1,1) width 153: "Title has multiple holdings"
            RenderTableRow {TR} at (0,262) size 782x24
              RenderTableCell {TD} at (2,278) size 20x24 [border: (1px inset #808080)] [r=7 c=0 rs=2 cs=1]
                RenderText {#text} at (2,2) size 16x19
                  text run at (2,2) width 16: " 4 "
              RenderTableCell {TD} at (24,278) size 75x24 [border: (1px inset #808080)] [r=7 c=1 rs=2 cs=1]
                RenderText {#text} at (2,2) size 16x19
                  text run at (2,2) width 16: "**"
              RenderTableCell {TD} at (101,262) size 526x24 [border: (1px inset #808080)] [r=7 c=2 rs=1 cs=1]
                RenderText {#text} at (2,2) size 373x19
                  text run at (2,2) width 373: "Advanced Java networking / Dick Steflik, Prashant Sridharan."
              RenderTableCell {TD} at (628,262) size 112x24 [border: (1px inset #808080)] [r=7 c=3 rs=1 cs=1]
                RenderText {#text} at (2,2) size 79x19
                  text run at (2,2) width 79: "Steflik, Dick."
              RenderTableCell {TD} at (741,262) size 38x24 [border: (1px inset #808080)] [r=7 c=4 rs=1 cs=1]
                RenderText {#text} at (2,2) size 32x19
                  text run at (2,2) width 32: "2000"
            RenderTableRow {TR} at (0,288) size 782x30
              RenderTableCell {TD} at (101,288) size 680x30 [border: (1px inset #808080)] [r=8 c=2 rs=1 cs=4]
                RenderTable {TABLE} at (2,2) size 676x26
                  RenderTableSection {TBODY} at (0,0) size 676x26
                    RenderTableRow {TR} at (0,2) size 676x22
                      RenderTableCell {TD} at (2,2) size 672x22 [r=0 c=0 rs=1 cs=1]
                        RenderText {#text} at (1,1) size 153x19
                          text run at (1,1) width 153: "Title has multiple holdings"
