layer at (0,0) size 800x600
  RenderView at (0,0) size 800x600
layer at (0,0) size 800x600
  RenderBlock {HTML} at (0,0) size 800x600
    RenderBody {BODY} at (8,8) size 784x584
      RenderBlock (anonymous) at (0,0) size 784x105
        RenderImage {IMG} at (0,0) size 220x100
        RenderText {#text} at (220,85) size 4x19
          text run at (220,85) width 4: " "
        RenderBR {BR} at (224,100) size 0x0
      RenderTable {TABLE} at (0,105) size 784x190
        RenderTableSection {TBODY} at (0,0) size 784x190
          RenderTableRow {TR} at (0,2) size 784x22
            RenderTableCell {TD} at (2,2) size 150x22 [bgcolor=#FF0000] [r=0 c=0 rs=1 cs=1]
              RenderText {#text} at (1,1) size 11x19
                text run at (1,1) width 11: "X"
            RenderTableCell {TD} at (153,2) size 151x22 [bgcolor=#DDDDDD] [r=0 c=1 rs=1 cs=1]
              RenderText {#text} at (1,1) size 11x19
                text run at (1,1) width 11: "X"
            RenderTableCell {TD} at (305,2) size 478x22 [bgcolor=#00FF00] [r=0 c=2 rs=1 cs=1]
              RenderText {#text} at (1,1) size 11x19
                text run at (1,1) width 11: "X"
          RenderTableRow {TR} at (0,26) size 784x162
            RenderTableCell {TD} at (2,26) size 302x102 [bgcolor=#DDDD00] [r=1 c=0 rs=1 cs=2]
              RenderText {#text} at (1,1) size 299x99
                text run at (1,1) width 232: "this_word_has_no_breakable_spaces "
                text run at (233,1) width 47: "... if this"
                text run at (1,21) width 299: "bug is still active and the window is >250px wide,"
                text run at (1,41) width 130: "you can't see that the "
                text run at (131,41) width 106: "word above is 33"
                text run at (1,61) width 254: "characters long. (I could have used a table"
                text run at (1,81) width 46: "instead "
                text run at (47,81) width 112: "but this is simpler)."
            RenderTableCell {TD} at (305,26) size 478x162 [bgcolor=#9999FF] [r=1 c=2 rs=1 cs=1]
              RenderText {#text} at (1,1) size 433x39
                text run at (1,1) width 433: "Try shrinking this table to ~250px wide. The left hand (gold) column will"
                text run at (1,21) width 156: "suddenly expand in width."
              RenderBR {BR} at (157,36) size 0x0
              RenderBR {BR} at (1,41) size 0x19
              RenderText {#text} at (1,61) size 471x99
                text run at (1,61) width 247: "mozilla qa smoke tests smoke qa mozilla "
                text run at (248,61) width 198: "mozilla qa smoke tests smoke qa"
                text run at (1,81) width 45: "mozilla "
                text run at (46,81) width 247: "mozilla qa smoke tests smoke qa mozilla "
                text run at (293,81) width 179: "mozilla qa smoke tests smoke"
                text run at (1,101) width 64: "qa mozilla "
                text run at (65,101) width 247: "mozilla qa smoke tests smoke qa mozilla "
                text run at (312,101) width 135: "mozilla qa smoke tests"
                text run at (1,121) width 108: "smoke qa mozilla "
                text run at (109,121) width 247: "mozilla qa smoke tests smoke qa mozilla "
                text run at (356,121) width 104: "mozilla qa smoke"
                text run at (1,141) width 135: "tests smoke qa mozilla"
