layer at (0,0) size 800x600
  RenderView at (0,0) size 800x600
layer at (0,0) size 800x600
  RenderBlock {HTML} at (0,0) size 800x600
    RenderBody {BODY} at (8,8) size 784x576
      RenderBlock {DIV} at (0,0) size 784x216
        RenderBlock {P} at (0,0) size 784x20
          RenderText {#text} at (229,0) size 326x19
            text run at (229,0) width 326: "Tables I, II, III, IV (cellpadding=0 cellspacing=5)"
        RenderTable {TABLE} at (199,36) size 386x180 [bgcolor=#FFCC00] [border: (1px outset #808080)]
          RenderTableSection {TBODY} at (1,1) size 383x178
            RenderTableRow {TR} at (0,2) size 383x174
              RenderTableCell {TD} at (2,2) size 100x174 [border: (1px inset #808080)] [r=0 c=0 rs=1 cs=1]
                RenderTable {TABLE} at (6,6) size 88x162 [bgcolor=#FFFFFF] [border: (1px outset #808080)]
                  RenderBlock {CAPTION} at (0,0) size 88x20
                    RenderInline {NOBR} at (0,0) size 44x19
                      RenderText {#text} at (22,0) size 44x19
                        text run at (22,0) width 44: "Table I"
                  RenderTableSection {TBODY} at (1,21) size 86x140
                    RenderTableRow {TR} at (0,5) size 86x22
                      RenderTableCell {TD} at (5,5) size 22x22 [border: (1px inset #808080)] [r=0 c=0 rs=1 cs=1]
                        RenderText {#text} at (1,1) size 20x19
                          text run at (1,1) width 20: "1,1"
                      RenderTableCell {TD} at (32,5) size 22x22 [border: (1px inset #808080)] [r=0 c=1 rs=1 cs=1]
                        RenderText {#text} at (1,1) size 20x19
                          text run at (1,1) width 20: "1,2"
                      RenderTableCell {TD} at (59,5) size 22x22 [border: (1px inset #808080)] [r=0 c=2 rs=1 cs=1]
                        RenderText {#text} at (1,1) size 20x19
                          text run at (1,1) width 20: "1,3"
                    RenderTableRow {TR} at (0,32) size 86x22
                      RenderTableCell {TD} at (5,32) size 22x22 [border: (1px inset #808080)] [r=1 c=0 rs=1 cs=1]
                        RenderText {#text} at (1,1) size 20x19
                          text run at (1,1) width 20: "2,1"
                      RenderTableCell {TD} at (32,32) size 22x22 [border: (1px inset #808080)] [r=1 c=1 rs=1 cs=1]
                        RenderText {#text} at (1,1) size 20x19
                          text run at (1,1) width 20: "2,2"
                      RenderTableCell {TD} at (59,32) size 22x22 [bgcolor=#FFFF66] [border: (1px inset #808080)] [r=1 c=2 rs=1 cs=1]
                        RenderText {#text} at (1,1) size 20x19
                          text run at (1,1) width 20: "2,3"
                    RenderTableRow {TR} at (0,59) size 86x22
                      RenderTableCell {TD} at (5,59) size 22x22 [border: (1px inset #808080)] [r=2 c=0 rs=1 cs=1]
                        RenderText {#text} at (1,1) size 20x19
                          text run at (1,1) width 20: "3,1"
                      RenderTableCell {TD} at (32,59) size 22x22 [border: (1px inset #808080)] [r=2 c=1 rs=1 cs=1]
                        RenderText {#text} at (1,1) size 20x19
                          text run at (1,1) width 20: "3,2"
                      RenderTableCell {TD} at (59,59) size 22x22 [bgcolor=#FFFF66] [border: (1px inset #808080)] [r=2 c=2 rs=1 cs=1]
                        RenderText {#text} at (1,1) size 20x19
                          text run at (1,1) width 20: "3,3"
                    RenderTableRow {TR} at (0,86) size 86x22
                      RenderTableCell {TD} at (5,86) size 22x22 [border: (1px inset #808080)] [r=3 c=0 rs=1 cs=1]
                        RenderText {#text} at (1,1) size 20x19
                          text run at (1,1) width 20: "4,1"
                      RenderTableCell {TD} at (32,86) size 22x22 [border: (1px inset #808080)] [r=3 c=1 rs=1 cs=1]
                        RenderText {#text} at (1,1) size 20x19
                          text run at (1,1) width 20: "4,2"
                      RenderTableCell {TD} at (59,86) size 22x22 [bgcolor=#FFFF66] [border: (1px inset #808080)] [r=3 c=2 rs=1 cs=1]
                        RenderText {#text} at (1,1) size 20x19
                          text run at (1,1) width 20: "4,3"
                    RenderTableRow {TR} at (0,113) size 86x22
                      RenderTableCell {TD} at (5,113) size 22x22 [border: (1px inset #808080)] [r=4 c=0 rs=1 cs=1]
                        RenderText {#text} at (1,1) size 20x19
                          text run at (1,1) width 20: "5,1"
                      RenderTableCell {TD} at (32,113) size 22x22 [border: (1px inset #808080)] [r=4 c=1 rs=1 cs=1]
                        RenderText {#text} at (1,1) size 20x19
                          text run at (1,1) width 20: "5,2"
                      RenderTableCell {TD} at (59,113) size 22x22 [border: (1px inset #808080)] [r=4 c=2 rs=1 cs=1]
                        RenderText {#text} at (1,1) size 20x19
                          text run at (1,1) width 20: "5,3"
              RenderTableCell {TD} at (104,2) size 100x174 [border: (1px inset #808080)] [r=0 c=1 rs=1 cs=1]
                RenderTable {TABLE} at (6,6) size 88x162 [bgcolor=#FFFFFF] [border: (1px outset #808080)]
                  RenderBlock {CAPTION} at (0,0) size 88x20
                    RenderInline {NOBR} at (0,0) size 48x19
                      RenderText {#text} at (20,0) size 48x19
                        text run at (20,0) width 48: "Table II"
                  RenderTableSection {TBODY} at (1,21) size 86x140
                    RenderTableRow {TR} at (0,5) size 86x22
                      RenderTableCell {TD} at (5,5) size 22x22 [border: (1px inset #808080)] [r=0 c=0 rs=1 cs=1]
                        RenderText {#text} at (1,1) size 20x19
                          text run at (1,1) width 20: "1,1"
                      RenderTableCell {TD} at (32,5) size 22x22 [border: (1px inset #808080)] [r=0 c=1 rs=1 cs=1]
                        RenderText {#text} at (1,1) size 20x19
                          text run at (1,1) width 20: "1,2"
                      RenderTableCell {TD} at (59,5) size 22x22 [border: (1px inset #808080)] [r=0 c=2 rs=1 cs=1]
                        RenderText {#text} at (1,1) size 20x19
                          text run at (1,1) width 20: "1,3"
                    RenderTableRow {TR} at (0,32) size 86x22
                      RenderTableCell {TD} at (5,32) size 22x22 [border: (1px inset #808080)] [r=1 c=0 rs=1 cs=1]
                        RenderText {#text} at (1,1) size 20x19
                          text run at (1,1) width 20: "2,1"
                      RenderTableCell {TD} at (32,45) size 22x23 [border: (1px inset #808080)] [r=1 c=1 rs=2 cs=1]
                        RenderText {#text} at (1,1) size 20x20
                          text run at (1,2) width 20: "2,2"
                      RenderTableCell {TD} at (59,32) size 22x22 [bgcolor=#FFFF66] [border: (1px inset #808080)] [r=1 c=2 rs=1 cs=1]
                        RenderText {#text} at (1,1) size 20x19
                          text run at (1,1) width 20: "2,3"
                    RenderTableRow {TR} at (0,59) size 86x22
                      RenderTableCell {TD} at (5,72) size 22x23 [border: (1px inset #808080)] [r=2 c=0 rs=2 cs=1]
                        RenderText {#text} at (1,1) size 20x20
                          text run at (1,2) width 20: "3,1"
                      RenderTableCell {TD} at (59,59) size 22x22 [bgcolor=#FFFF66] [border: (1px inset #808080)] [r=2 c=2 rs=1 cs=1]
                        RenderText {#text} at (1,1) size 20x19
                          text run at (1,1) width 20: "3,3"
                    RenderTableRow {TR} at (0,86) size 86x22
                      RenderTableCell {TD} at (32,86) size 22x22 [border: (1px inset #808080)] [r=3 c=1 rs=1 cs=1]
                        RenderText {#text} at (1,1) size 20x19
                          text run at (1,1) width 20: "4,2"
                      RenderTableCell {TD} at (59,86) size 22x22 [bgcolor=#FFFF66] [border: (1px inset #808080)] [r=3 c=2 rs=1 cs=1]
                        RenderText {#text} at (1,1) size 20x19
                          text run at (1,1) width 20: "4,3"
                    RenderTableRow {TR} at (0,113) size 86x22
                      RenderTableCell {TD} at (5,113) size 22x22 [border: (1px inset #808080)] [r=4 c=0 rs=1 cs=1]
                        RenderText {#text} at (1,1) size 20x19
                          text run at (1,1) width 20: "5,1"
                      RenderTableCell {TD} at (32,113) size 22x22 [border: (1px inset #808080)] [r=4 c=1 rs=1 cs=1]
                        RenderText {#text} at (1,1) size 20x19
                          text run at (1,1) width 20: "5,2"
                      RenderTableCell {TD} at (59,113) size 22x22 [border: (1px inset #808080)] [r=4 c=2 rs=1 cs=1]
                        RenderText {#text} at (1,1) size 20x19
                          text run at (1,1) width 20: "5,3"
              RenderTableCell {TD} at (206,2) size 100x154 [border: (1px inset #808080)] [r=0 c=2 rs=1 cs=1]
                RenderTable {TABLE} at (6,6) size 88x142 [bgcolor=#FFFFFF] [border: (1px outset #808080)]
                  RenderBlock {CAPTION} at (0,0) size 88x20
                    RenderInline {NOBR} at (0,0) size 54x19
                      RenderText {#text} at (17,0) size 54x19
                        text run at (17,0) width 54: "Table III"
                  RenderTableSection {TBODY} at (1,21) size 86x120
                    RenderTableRow {TR} at (0,5) size 86x22
                      RenderTableCell {TD} at (5,5) size 22x22 [border: (1px inset #808080)] [r=0 c=0 rs=1 cs=1]
                        RenderText {#text} at (1,1) size 20x19
                          text run at (1,1) width 20: "1,1"
                      RenderTableCell {TD} at (32,5) size 22x22 [border: (1px inset #808080)] [r=0 c=1 rs=1 cs=1]
                        RenderText {#text} at (1,1) size 20x19
                          text run at (1,1) width 20: "1,2"
                      RenderTableCell {TD} at (59,5) size 22x22 [border: (1px inset #808080)] [r=0 c=2 rs=1 cs=1]
                        RenderText {#text} at (1,1) size 20x19
                          text run at (1,1) width 20: "1,3"
                    RenderTableRow {TR} at (0,32) size 86x22
                      RenderTableCell {TD} at (5,32) size 22x22 [border: (1px inset #808080)] [r=1 c=0 rs=1 cs=1]
                        RenderText {#text} at (1,1) size 20x19
                          text run at (1,1) width 20: "2,1"
                      RenderTableCell {TD} at (32,35) size 22x23 [border: (1px inset #808080)] [r=1 c=1 rs=2 cs=1]
                        RenderText {#text} at (1,1) size 20x20
                          text run at (1,2) width 20: "2,2"
                      RenderTableCell {TD} at (59,42) size 22x2 [bgcolor=#FFFF66] [border: (1px inset #808080)] [r=1 c=2 rs=1 cs=1]
                    RenderTableRow {TR} at (0,59) size 86x2
                      RenderTableCell {TD} at (5,62) size 22x23 [border: (1px inset #808080)] [r=2 c=0 rs=2 cs=1]
                        RenderText {#text} at (1,1) size 20x20
                          text run at (1,2) width 20: "3,1"
                      RenderTableCell {TD} at (59,59) size 22x2 [bgcolor=#FFFF66] [border: (1px inset #808080)] [r=2 c=2 rs=1 cs=1]
                    RenderTableRow {TR} at (0,66) size 86x22
                      RenderTableCell {TD} at (32,66) size 22x22 [border: (1px inset #808080)] [r=3 c=1 rs=1 cs=1]
                        RenderText {#text} at (1,1) size 20x19
                          text run at (1,1) width 20: "4,2"
                      RenderTableCell {TD} at (59,76) size 22x2 [bgcolor=#FFFF66] [border: (1px inset #808080)] [r=3 c=2 rs=1 cs=1]
                    RenderTableRow {TR} at (0,93) size 86x22
                      RenderTableCell {TD} at (5,93) size 22x22 [border: (1px inset #808080)] [r=4 c=0 rs=1 cs=1]
                        RenderText {#text} at (1,1) size 20x19
                          text run at (1,1) width 20: "5,1"
                      RenderTableCell {TD} at (32,93) size 22x22 [border: (1px inset #808080)] [r=4 c=1 rs=1 cs=1]
                        RenderText {#text} at (1,1) size 20x19
                          text run at (1,1) width 20: "5,2"
                      RenderTableCell {TD} at (59,93) size 22x22 [border: (1px inset #808080)] [r=4 c=2 rs=1 cs=1]
                        RenderText {#text} at (1,1) size 20x19
                          text run at (1,1) width 20: "5,3"
              RenderTableCell {TD} at (308,2) size 73x152 [border: (1px inset #808080)] [r=0 c=3 rs=1 cs=1]
                RenderTable {TABLE} at (6,6) size 61x140 [bgcolor=#FFFFFF] [border: (1px outset #808080)]
                  RenderBlock {CAPTION} at (0,0) size 61x20
                    RenderInline {NOBR} at (0,0) size 55x19
                      RenderText {#text} at (3,0) size 55x19
                        text run at (3,0) width 55: "Table IV"
                  RenderTableSection {TBODY} at (1,21) size 59x118
                    RenderTableRow {TR} at (0,5) size 59x22
                      RenderTableCell {TD} at (5,5) size 22x22 [border: (1px inset #808080)] [r=0 c=0 rs=1 cs=1]
                        RenderText {#text} at (1,1) size 20x19
                          text run at (1,1) width 20: "1,1"
                      RenderTableCell {TD} at (32,5) size 22x22 [border: (1px inset #808080)] [r=0 c=1 rs=1 cs=1]
                        RenderText {#text} at (1,1) size 20x19
                          text run at (1,1) width 20: "1,2"
                    RenderTableRow {TR} at (0,32) size 59x22
                      RenderTableCell {TD} at (5,32) size 22x22 [border: (1px inset #808080)] [r=1 c=0 rs=1 cs=1]
                        RenderText {#text} at (1,1) size 20x19
                          text run at (1,1) width 20: "2,1"
                      RenderTableCell {TD} at (32,34) size 22x23 [border: (1px inset #808080)] [r=1 c=1 rs=2 cs=1]
                        RenderText {#text} at (1,1) size 20x20
                          text run at (1,2) width 20: "2,2"
                    RenderTableRow {TR} at (0,59) size 59x0
                      RenderTableCell {TD} at (5,61) size 22x23 [border: (1px inset #808080)] [r=2 c=0 rs=2 cs=1]
                        RenderText {#text} at (1,1) size 20x20
                          text run at (1,2) width 20: "3,1"
                    RenderTableRow {TR} at (0,64) size 59x22
                      RenderTableCell {TD} at (32,64) size 22x22 [border: (1px inset #808080)] [r=3 c=1 rs=1 cs=1]
                        RenderText {#text} at (1,1) size 20x19
                          text run at (1,1) width 20: "4,2"
                    RenderTableRow {TR} at (0,91) size 59x22
                      RenderTableCell {TD} at (5,91) size 22x22 [border: (1px inset #808080)] [r=4 c=0 rs=1 cs=1]
                        RenderText {#text} at (1,1) size 20x19
                          text run at (1,1) width 20: "5,1"
                      RenderTableCell {TD} at (32,91) size 22x22 [border: (1px inset #808080)] [r=4 c=1 rs=1 cs=1]
                        RenderText {#text} at (1,1) size 20x19
                          text run at (1,1) width 20: "5,2"
      RenderBlock {HR} at (0,224) size 784x2 [border: (1px inset #000000)]
      RenderBlock {P} at (0,242) size 784x20
        RenderInline {B} at (0,0) size 544x19
          RenderText {#text} at (120,0) size 544x19
            text run at (120,0) width 544: "This demonstrates a problem with \"overlapping rowspan cells\" (look at Table IV)."
      RenderBlock {P} at (0,278) size 784x20
        RenderInline {B} at (0,0) size 53x19
          RenderText {#text} at (0,0) size 53x19
            text run at (0,0) width 53: "Table I:"
        RenderText {#text} at (53,0) size 116x19
          text run at (53,0) width 116: " a regular 5x3 table"
      RenderBlock {P} at (0,314) size 784x20
        RenderInline {B} at (0,0) size 59x19
          RenderText {#text} at (0,0) size 59x19
            text run at (0,0) width 59: "Table II:"
        RenderText {#text} at (59,0) size 386x19
          text run at (59,0) width 386: " introduces rowspan=2 for cells (2,2) and (3,1), which 'overlap'."
      RenderBlock {P} at (0,350) size 784x60
        RenderInline {B} at (0,0) size 65x19
          RenderText {#text} at (0,0) size 65x19
            text run at (0,0) width 65: "Table III:"
        RenderText {#text} at (65,0) size 780x59
          text run at (65,0) width 715: " is Table II, but cells (2,3),(3,3) and (4,3) now have 'empty' contents; the resulting table is still OK. Note that the height"
          text run at (0,20) width 757: "of (2,3) and (4,3) is determined by cells (2,1) and (4,2) respectively, whereas (3,3) has ~0 height since no 'effective' cell in the"
          text run at (0,40) width 538: "row has any definite height requirement (except for border, margin, padding if applicable)."
      RenderBlock {P} at (0,426) size 784x40
        RenderInline {B} at (0,0) size 64x19
          RenderText {#text} at (0,0) size 64x19
            text run at (0,0) width 64: "Table IV:"
        RenderText {#text} at (64,0) size 736x39
          text run at (64,0) width 672: " is Table III, but column 3 has been removed (cells (1,3),(2,3),(3,3),(4,3),(5,3)). This should mirror the first two"
          text run at (0,20) width 271: "columns of Table III (but currently does not)."
      RenderBlock {P} at (0,482) size 784x40
        RenderText {#text} at (0,0) size 766x39
          text run at (0,0) width 766: "Note that cells (2,2) and (3,1) are still in the correct position, with the same size as Table III, but that their cellspacing with (5,1)"
          text run at (0,20) width 116: "and (4,2) is absent."
      RenderBlock {P} at (0,538) size 784x20
        RenderText {#text} at (0,0) size 469x19
          text run at (0,0) width 469: "Tested with Apr25, M4 and 1999051109 (win95, opt.) Dated: May 11 1999"
