layer at (0,0) size 785x3136
  RenderView at (0,0) size 785x600
layer at (0,0) size 785x3136
  RenderBlock {HTML} at (0,0) size 785x3136
    RenderBody {BODY} at (8,8) size 769x3120
      RenderTable {TABLE} at (0,0) size 769x3120 [border: (1px outset #808080)]
        RenderTableSection {TBODY} at (1,1) size 767x3118
          RenderTableRow {TR} at (0,2) size 767x162
            RenderTableCell {TD} at (2,62) size 36x42 [border: (1px inset #808080)] [r=0 c=0 rs=1 cs=1]
              RenderText {#text} at (12,11) size 12x19
                text run at (12,11) width 12: "A"
            RenderTableCell {TD} at (40,59) size 427x48 [border: (1px inset #808080)] [r=0 c=1 rs=1 cs=1]
              RenderImage {IMG} at (175,11) size 77x25
            RenderTableCell {TD} at (469,2) size 296x162 [border: (1px inset #808080)] [r=0 c=2 rs=1 cs=1]
              RenderText {#text} at (12,11) size 272x139
                text run at (12,11) width 272: "test test test test test test test test test test test"
                text run at (12,31) width 101: "test test test test "
                text run at (112,31) width 172: "test test test test test test test"
                text run at (12,51) width 201: "test test test test test test test test "
                text run at (212,51) width 72: "test test test"
                text run at (12,71) width 272: "test test test test test test test test test test test"
                text run at (12,91) width 26: "test "
                text run at (37,91) width 247: "test test test test test test test test test test"
                text run at (12,111) width 126: "test test test test test "
                text run at (137,111) width 147: "test test test test test test"
                text run at (37,131) width 222: "test test test test test test test test test"
          RenderTableRow {TR} at (0,166) size 767x162
            RenderTableCell {TD} at (2,226) size 36x42 [border: (1px inset #808080)] [r=1 c=0 rs=1 cs=1]
              RenderText {#text} at (13,11) size 10x19
                text run at (13,11) width 10: "B"
            RenderTableCell {TD} at (40,215) size 427x64 [border: (1px inset #808080)] [r=1 c=1 rs=1 cs=1]
              RenderImage {IMG} at (198,11) size 31x42
            RenderTableCell {TD} at (469,166) size 296x162 [border: (1px inset #808080)] [r=1 c=2 rs=1 cs=1]
              RenderText {#text} at (12,11) size 272x139
                text run at (12,11) width 272: "test test test test test test test test test test test"
                text run at (12,31) width 101: "test test test test "
                text run at (112,31) width 172: "test test test test test test test"
                text run at (12,51) width 201: "test test test test test test test test "
                text run at (212,51) width 72: "test test test"
                text run at (12,71) width 272: "test test test test test test test test test test test"
                text run at (12,91) width 26: "test "
                text run at (37,91) width 247: "test test test test test test test test test test"
                text run at (12,111) width 126: "test test test test test "
                text run at (137,111) width 147: "test test test test test test"
                text run at (37,131) width 222: "test test test test test test test test test"
          RenderTableRow {TR} at (0,330) size 767x162
            RenderTableCell {TD} at (2,390) size 36x42 [border: (1px inset #808080)] [r=2 c=0 rs=1 cs=1]
              RenderText {#text} at (12,11) size 12x19
                text run at (12,11) width 12: "C"
            RenderTableCell {TD} at (40,331) size 427x160 [border: (1px inset #808080)] [r=2 c=1 rs=1 cs=1]
              RenderImage {IMG} at (103,11) size 221x138
            RenderTableCell {TD} at (469,330) size 296x162 [border: (1px inset #808080)] [r=2 c=2 rs=1 cs=1]
              RenderText {#text} at (12,11) size 272x139
                text run at (12,11) width 272: "test test test test test test test test test test test"
                text run at (12,31) width 101: "test test test test "
                text run at (112,31) width 172: "test test test test test test test"
                text run at (12,51) width 201: "test test test test test test test test "
                text run at (212,51) width 72: "test test test"
                text run at (12,71) width 272: "test test test test test test test test test test test"
                text run at (12,91) width 26: "test "
                text run at (37,91) width 247: "test test test test test test test test test test"
                text run at (12,111) width 126: "test test test test test "
                text run at (137,111) width 147: "test test test test test test"
                text run at (37,131) width 222: "test test test test test test test test test"
          RenderTableRow {TR} at (0,494) size 767x162
            RenderTableCell {TD} at (2,554) size 36x42 [border: (1px inset #808080)] [r=3 c=0 rs=1 cs=1]
              RenderText {#text} at (12,11) size 12x19
                text run at (12,11) width 12: "D"
            RenderTableCell {TD} at (40,521) size 427x108 [border: (1px inset #808080)] [r=3 c=1 rs=1 cs=1]
              RenderImage {IMG} at (113,11) size 201x85
            RenderTableCell {TD} at (469,494) size 296x162 [border: (1px inset #808080)] [r=3 c=2 rs=1 cs=1]
              RenderText {#text} at (12,11) size 272x139
                text run at (12,11) width 272: "test test test test test test test test test test test"
                text run at (12,31) width 101: "test test test test "
                text run at (112,31) width 172: "test test test test test test test"
                text run at (12,51) width 201: "test test test test test test test test "
                text run at (212,51) width 72: "test test test"
                text run at (12,71) width 272: "test test test test test test test test test test test"
                text run at (12,91) width 26: "test "
                text run at (37,91) width 247: "test test test test test test test test test test"
                text run at (12,111) width 126: "test test test test test "
                text run at (137,111) width 147: "test test test test test test"
                text run at (37,131) width 222: "test test test test test test test test test"
          RenderTableRow {TR} at (0,658) size 767x162
            RenderTableCell {TD} at (2,718) size 36x42 [border: (1px inset #808080)] [r=4 c=0 rs=1 cs=1]
              RenderText {#text} at (13,11) size 10x19
                text run at (13,11) width 10: "E"
            RenderTableCell {TD} at (40,703) size 427x72 [border: (1px inset #808080)] [r=4 c=1 rs=1 cs=1]
              RenderImage {IMG} at (186,11) size 55x50
            RenderTableCell {TD} at (469,658) size 296x162 [border: (1px inset #808080)] [r=4 c=2 rs=1 cs=1]
              RenderText {#text} at (12,11) size 272x139
                text run at (12,11) width 272: "test test test test test test test test test test test"
                text run at (12,31) width 101: "test test test test "
                text run at (112,31) width 172: "test test test test test test test"
                text run at (12,51) width 201: "test test test test test test test test "
                text run at (212,51) width 72: "test test test"
                text run at (12,71) width 272: "test test test test test test test test test test test"
                text run at (12,91) width 26: "test "
                text run at (37,91) width 247: "test test test test test test test test test test"
                text run at (12,111) width 126: "test test test test test "
                text run at (137,111) width 147: "test test test test test test"
                text run at (37,131) width 222: "test test test test test test test test test"
          RenderTableRow {TR} at (0,822) size 767x162
            RenderTableCell {TD} at (2,882) size 36x42 [border: (1px inset #808080)] [r=5 c=0 rs=1 cs=1]
              RenderText {#text} at (13,11) size 10x19
                text run at (13,11) width 10: "F"
            RenderTableCell {TD} at (40,867) size 427x72 [border: (1px inset #808080)] [r=5 c=1 rs=1 cs=1]
              RenderImage {IMG} at (95,11) size 237x50
            RenderTableCell {TD} at (469,822) size 296x162 [border: (1px inset #808080)] [r=5 c=2 rs=1 cs=1]
              RenderText {#text} at (12,11) size 272x139
                text run at (12,11) width 272: "test test test test test test test test test test test"
                text run at (12,31) width 101: "test test test test "
                text run at (112,31) width 172: "test test test test test test test"
                text run at (12,51) width 201: "test test test test test test test test "
                text run at (212,51) width 72: "test test test"
                text run at (12,71) width 272: "test test test test test test test test test test test"
                text run at (12,91) width 26: "test "
                text run at (37,91) width 247: "test test test test test test test test test test"
                text run at (12,111) width 126: "test test test test test "
                text run at (137,111) width 147: "test test test test test test"
                text run at (37,131) width 222: "test test test test test test test test test"
          RenderTableRow {TR} at (0,986) size 767x162
            RenderTableCell {TD} at (2,1046) size 36x42 [border: (1px inset #808080)] [r=6 c=0 rs=1 cs=1]
              RenderText {#text} at (12,11) size 12x19
                text run at (12,11) width 12: "G"
            RenderTableCell {TD} at (40,1024) size 427x86 [border: (1px inset #808080)] [r=6 c=1 rs=1 cs=1]
              RenderImage {IMG} at (155,11) size 117x63
            RenderTableCell {TD} at (469,986) size 296x162 [border: (1px inset #808080)] [r=6 c=2 rs=1 cs=1]
              RenderText {#text} at (12,11) size 272x139
                text run at (12,11) width 272: "test test test test test test test test test test test"
                text run at (12,31) width 101: "test test test test "
                text run at (112,31) width 172: "test test test test test test test"
                text run at (12,51) width 201: "test test test test test test test test "
                text run at (212,51) width 72: "test test test"
                text run at (12,71) width 272: "test test test test test test test test test test test"
                text run at (12,91) width 26: "test "
                text run at (37,91) width 247: "test test test test test test test test test test"
                text run at (12,111) width 126: "test test test test test "
                text run at (137,111) width 147: "test test test test test test"
                text run at (37,131) width 222: "test test test test test test test test test"
          RenderTableRow {TR} at (0,1150) size 767x162
            RenderTableCell {TD} at (2,1210) size 36x42 [border: (1px inset #808080)] [r=7 c=0 rs=1 cs=1]
              RenderText {#text} at (12,11) size 12x19
                text run at (12,11) width 12: "H"
            RenderTableCell {TD} at (40,1211) size 427x40 [border: (1px inset #808080)] [r=7 c=1 rs=1 cs=1]
              RenderImage {IMG} at (200,11) size 27x18
            RenderTableCell {TD} at (469,1150) size 296x162 [border: (1px inset #808080)] [r=7 c=2 rs=1 cs=1]
              RenderText {#text} at (12,11) size 272x139
                text run at (12,11) width 272: "test test test test test test test test test test test"
                text run at (12,31) width 101: "test test test test "
                text run at (112,31) width 172: "test test test test test test test"
                text run at (12,51) width 201: "test test test test test test test test "
                text run at (212,51) width 72: "test test test"
                text run at (12,71) width 272: "test test test test test test test test test test test"
                text run at (12,91) width 26: "test "
                text run at (37,91) width 247: "test test test test test test test test test test"
                text run at (12,111) width 126: "test test test test test "
                text run at (137,111) width 147: "test test test test test test"
                text run at (37,131) width 222: "test test test test test test test test test"
          RenderTableRow {TR} at (0,1314) size 767x162
            RenderTableCell {TD} at (2,1374) size 36x42 [border: (1px inset #808080)] [r=8 c=0 rs=1 cs=1]
              RenderText {#text} at (15,11) size 6x19
                text run at (15,11) width 6: "I"
            RenderTableCell {TD} at (40,1353) size 427x84 [border: (1px inset #808080)] [r=8 c=1 rs=1 cs=1]
              RenderImage {IMG} at (126,11) size 175x61
            RenderTableCell {TD} at (469,1314) size 296x162 [border: (1px inset #808080)] [r=8 c=2 rs=1 cs=1]
              RenderText {#text} at (12,11) size 272x139
                text run at (12,11) width 272: "test test test test test test test test test test test"
                text run at (12,31) width 101: "test test test test "
                text run at (112,31) width 172: "test test test test test test test"
                text run at (12,51) width 201: "test test test test test test test test "
                text run at (212,51) width 72: "test test test"
                text run at (12,71) width 272: "test test test test test test test test test test test"
                text run at (12,91) width 26: "test "
                text run at (37,91) width 247: "test test test test test test test test test test"
                text run at (12,111) width 126: "test test test test test "
                text run at (137,111) width 147: "test test test test test test"
                text run at (37,131) width 222: "test test test test test test test test test"
          RenderTableRow {TR} at (0,1478) size 767x162
            RenderTableCell {TD} at (2,1538) size 36x42 [border: (1px inset #808080)] [r=9 c=0 rs=1 cs=1]
              RenderText {#text} at (15,11) size 6x19
                text run at (15,11) width 6: "J"
            RenderTableCell {TD} at (40,1498) size 427x122 [border: (1px inset #808080)] [r=9 c=1 rs=1 cs=1]
              RenderImage {IMG} at (11,11) size 405x100
            RenderTableCell {TD} at (469,1478) size 296x162 [border: (1px inset #808080)] [r=9 c=2 rs=1 cs=1]
              RenderText {#text} at (12,11) size 272x139
                text run at (12,11) width 272: "test test test test test test test test test test test"
                text run at (12,31) width 101: "test test test test "
                text run at (112,31) width 172: "test test test test test test test"
                text run at (12,51) width 201: "test test test test test test test test "
                text run at (212,51) width 72: "test test test"
                text run at (12,71) width 272: "test test test test test test test test test test test"
                text run at (12,91) width 26: "test "
                text run at (37,91) width 247: "test test test test test test test test test test"
                text run at (12,111) width 126: "test test test test test "
                text run at (137,111) width 147: "test test test test test test"
                text run at (37,131) width 222: "test test test test test test test test test"
          RenderTableRow {TR} at (0,1642) size 767x162
            RenderTableCell {TD} at (2,1702) size 36x42 [border: (1px inset #808080)] [r=10 c=0 rs=1 cs=1]
              RenderText {#text} at (12,11) size 12x19
                text run at (12,11) width 12: "K"
            RenderTableCell {TD} at (40,1687) size 427x72 [border: (1px inset #808080)] [r=10 c=1 rs=1 cs=1]
              RenderImage {IMG} at (77,11) size 273x50
            RenderTableCell {TD} at (469,1642) size 296x162 [border: (1px inset #808080)] [r=10 c=2 rs=1 cs=1]
              RenderText {#text} at (12,11) size 272x139
                text run at (12,11) width 272: "test test test test test test test test test test test"
                text run at (12,31) width 101: "test test test test "
                text run at (112,31) width 172: "test test test test test test test"
                text run at (12,51) width 201: "test test test test test test test test "
                text run at (212,51) width 72: "test test test"
                text run at (12,71) width 272: "test test test test test test test test test test test"
                text run at (12,91) width 26: "test "
                text run at (37,91) width 247: "test test test test test test test test test test"
                text run at (12,111) width 126: "test test test test test "
                text run at (137,111) width 147: "test test test test test test"
                text run at (37,131) width 222: "test test test test test test test test test"
          RenderTableRow {TR} at (0,1806) size 767x162
            RenderTableCell {TD} at (2,1866) size 36x42 [border: (1px inset #808080)] [r=11 c=0 rs=1 cs=1]
              RenderText {#text} at (12,11) size 12x19
                text run at (12,11) width 12: "K"
            RenderTableCell {TD} at (40,1852) size 427x70 [border: (1px inset #808080)] [r=11 c=1 rs=1 cs=1]
              RenderImage {IMG} at (168,11) size 91x47
            RenderTableCell {TD} at (469,1806) size 296x162 [border: (1px inset #808080)] [r=11 c=2 rs=1 cs=1]
              RenderText {#text} at (12,11) size 272x139
                text run at (12,11) width 272: "test test test test test test test test test test test"
                text run at (12,31) width 101: "test test test test "
                text run at (112,31) width 172: "test test test test test test test"
                text run at (12,51) width 201: "test test test test test test test test "
                text run at (212,51) width 72: "test test test"
                text run at (12,71) width 272: "test test test test test test test test test test test"
                text run at (12,91) width 26: "test "
                text run at (37,91) width 247: "test test test test test test test test test test"
                text run at (12,111) width 126: "test test test test test "
                text run at (137,111) width 147: "test test test test test test"
                text run at (37,131) width 222: "test test test test test test test test test"
          RenderTableRow {TR} at (0,1970) size 767x162
            RenderTableCell {TD} at (2,2030) size 36x42 [border: (1px inset #808080)] [r=12 c=0 rs=1 cs=1]
              RenderText {#text} at (13,11) size 10x19
                text run at (13,11) width 10: "L"
            RenderTableCell {TD} at (40,2007) size 427x88 [border: (1px inset #808080)] [r=12 c=1 rs=1 cs=1]
              RenderImage {IMG} at (88,11) size 251x66
            RenderTableCell {TD} at (469,1970) size 296x162 [border: (1px inset #808080)] [r=12 c=2 rs=1 cs=1]
              RenderText {#text} at (12,11) size 272x139
                text run at (12,11) width 272: "test test test test test test test test test test test"
                text run at (12,31) width 101: "test test test test "
                text run at (112,31) width 172: "test test test test test test test"
                text run at (12,51) width 201: "test test test test test test test test "
                text run at (212,51) width 72: "test test test"
                text run at (12,71) width 272: "test test test test test test test test test test test"
                text run at (12,91) width 26: "test "
                text run at (37,91) width 247: "test test test test test test test test test test"
                text run at (12,111) width 126: "test test test test test "
                text run at (137,111) width 147: "test test test test test test"
                text run at (37,131) width 222: "test test test test test test test test test"
          RenderTableRow {TR} at (0,2134) size 767x162
            RenderTableCell {TD} at (2,2194) size 36x42 [border: (1px inset #808080)] [r=13 c=0 rs=1 cs=1]
              RenderText {#text} at (11,11) size 14x19
                text run at (11,11) width 14: "M"
            RenderTableCell {TD} at (40,2182) size 427x66 [border: (1px inset #808080)] [r=13 c=1 rs=1 cs=1]
              RenderImage {IMG} at (163,11) size 101x44
            RenderTableCell {TD} at (469,2134) size 296x162 [border: (1px inset #808080)] [r=13 c=2 rs=1 cs=1]
              RenderText {#text} at (12,11) size 272x139
                text run at (12,11) width 272: "test test test test test test test test test test test"
                text run at (12,31) width 101: "test test test test "
                text run at (112,31) width 172: "test test test test test test test"
                text run at (12,51) width 201: "test test test test test test test test "
                text run at (212,51) width 72: "test test test"
                text run at (12,71) width 272: "test test test test test test test test test test test"
                text run at (12,91) width 26: "test "
                text run at (37,91) width 247: "test test test test test test test test test test"
                text run at (12,111) width 126: "test test test test test "
                text run at (137,111) width 147: "test test test test test test"
                text run at (37,131) width 222: "test test test test test test test test test"
          RenderTableRow {TR} at (0,2298) size 767x162
            RenderTableCell {TD} at (2,2358) size 36x42 [border: (1px inset #808080)] [r=14 c=0 rs=1 cs=1]
              RenderText {#text} at (12,11) size 12x19
                text run at (12,11) width 12: "N"
            RenderTableCell {TD} at (40,2361) size 427x36 [border: (1px inset #808080)] [r=14 c=1 rs=1 cs=1]
              RenderImage {IMG} at (201,11) size 25x13
            RenderTableCell {TD} at (469,2298) size 296x162 [border: (1px inset #808080)] [r=14 c=2 rs=1 cs=1]
              RenderText {#text} at (12,11) size 272x139
                text run at (12,11) width 272: "test test test test test test test test test test test"
                text run at (12,31) width 101: "test test test test "
                text run at (112,31) width 172: "test test test test test test test"
                text run at (12,51) width 201: "test test test test test test test test "
                text run at (212,51) width 72: "test test test"
                text run at (12,71) width 272: "test test test test test test test test test test test"
                text run at (12,91) width 26: "test "
                text run at (37,91) width 247: "test test test test test test test test test test"
                text run at (12,111) width 126: "test test test test test "
                text run at (137,111) width 147: "test test test test test test"
                text run at (37,131) width 222: "test test test test test test test test test"
          RenderTableRow {TR} at (0,2462) size 767x162
            RenderTableCell {TD} at (2,2522) size 36x42 [border: (1px inset #808080)] [r=15 c=0 rs=1 cs=1]
              RenderText {#text} at (12,11) size 12x19
                text run at (12,11) width 12: "O"
            RenderTableCell {TD} at (40,2504) size 427x78 [border: (1px inset #808080)] [r=15 c=1 rs=1 cs=1]
              RenderImage {IMG} at (87,11) size 253x56
            RenderTableCell {TD} at (469,2462) size 296x162 [border: (1px inset #808080)] [r=15 c=2 rs=1 cs=1]
              RenderText {#text} at (12,11) size 272x139
                text run at (12,11) width 272: "test test test test test test test test test test test"
                text run at (12,31) width 101: "test test test test "
                text run at (112,31) width 172: "test test test test test test test"
                text run at (12,51) width 201: "test test test test test test test test "
                text run at (212,51) width 72: "test test test"
                text run at (12,71) width 272: "test test test test test test test test test test test"
                text run at (12,91) width 26: "test "
                text run at (37,91) width 247: "test test test test test test test test test test"
                text run at (12,111) width 126: "test test test test test "
                text run at (137,111) width 147: "test test test test test test"
                text run at (37,131) width 222: "test test test test test test test test test"
          RenderTableRow {TR} at (0,2626) size 767x162
            RenderTableCell {TD} at (2,2686) size 36x42 [border: (1px inset #808080)] [r=16 c=0 rs=1 cs=1]
              RenderText {#text} at (13,11) size 10x19
                text run at (13,11) width 10: "P"
            RenderTableCell {TD} at (40,2655) size 427x104 [border: (1px inset #808080)] [r=16 c=1 rs=1 cs=1]
              RenderImage {IMG} at (134,11) size 159x81
            RenderTableCell {TD} at (469,2626) size 296x162 [border: (1px inset #808080)] [r=16 c=2 rs=1 cs=1]
              RenderText {#text} at (12,11) size 272x139
                text run at (12,11) width 272: "test test test test test test test test test test test"
                text run at (12,31) width 101: "test test test test "
                text run at (112,31) width 172: "test test test test test test test"
                text run at (12,51) width 201: "test test test test test test test test "
                text run at (212,51) width 72: "test test test"
                text run at (12,71) width 272: "test test test test test test test test test test test"
                text run at (12,91) width 26: "test "
                text run at (37,91) width 247: "test test test test test test test test test test"
                text run at (12,111) width 126: "test test test test test "
                text run at (137,111) width 147: "test test test test test test"
                text run at (37,131) width 222: "test test test test test test test test test"
          RenderTableRow {TR} at (0,2790) size 767x162
            RenderTableCell {TD} at (2,2850) size 36x42 [border: (1px inset #808080)] [r=17 c=0 rs=1 cs=1]
              RenderText {#text} at (12,11) size 12x19
                text run at (12,11) width 12: "Q"
            RenderTableCell {TD} at (40,2806) size 427x130 [border: (1px inset #808080)] [r=17 c=1 rs=1 cs=1]
              RenderImage {IMG} at (107,11) size 213x108
            RenderTableCell {TD} at (469,2790) size 296x162 [border: (1px inset #808080)] [r=17 c=2 rs=1 cs=1]
              RenderText {#text} at (12,11) size 272x139
                text run at (12,11) width 272: "test test test test test test test test test test test"
                text run at (12,31) width 101: "test test test test "
                text run at (112,31) width 172: "test test test test test test test"
                text run at (12,51) width 201: "test test test test test test test test "
                text run at (212,51) width 72: "test test test"
                text run at (12,71) width 272: "test test test test test test test test test test test"
                text run at (12,91) width 26: "test "
                text run at (37,91) width 247: "test test test test test test test test test test"
                text run at (12,111) width 126: "test test test test test "
                text run at (137,111) width 147: "test test test test test test"
                text run at (37,131) width 222: "test test test test test test test test test"
          RenderTableRow {TR} at (0,2954) size 767x162
            RenderTableCell {TD} at (2,3014) size 36x42 [border: (1px inset #808080)] [r=18 c=0 rs=1 cs=1]
              RenderText {#text} at (13,11) size 10x19
                text run at (13,11) width 10: "R"
            RenderTableCell {TD} at (40,2959) size 427x152 [border: (1px inset #808080)] [r=18 c=1 rs=1 cs=1]
              RenderImage {IMG} at (41,11) size 345x130
            RenderTableCell {TD} at (469,2954) size 296x162 [border: (1px inset #808080)] [r=18 c=2 rs=1 cs=1]
              RenderText {#text} at (12,11) size 272x139
                text run at (12,11) width 272: "test test test test test test test test test test test"
                text run at (12,31) width 101: "test test test test "
                text run at (112,31) width 172: "test test test test test test test"
                text run at (12,51) width 201: "test test test test test test test test "
                text run at (212,51) width 72: "test test test"
                text run at (12,71) width 272: "test test test test test test test test test test test"
                text run at (12,91) width 26: "test "
                text run at (37,91) width 247: "test test test test test test test test test test"
                text run at (12,111) width 126: "test test test test test "
                text run at (137,111) width 147: "test test test test test test"
                text run at (37,131) width 222: "test test test test test test test test test"
