layer at (0,0) size 800x600
  RenderView at (0,0) size 800x600
layer at (0,0) size 800x600
  RenderBlock {HTML} at (0,0) size 800x600
    RenderBody {BODY} at (8,8) size 784x576 [bgcolor=#FFFFFF]
      RenderBlock {P} at (0,0) size 784x40
        RenderText {#text} at (0,0) size 767x39
          text run at (0,0) width 409: "Click on a link on the left hand column. Also note the overlap of the "
          text run at (409,0) width 358: "text box with the submit button. (And, removing the font tag"
          text run at (0,20) width 97: "that is wrapped "
          text run at (97,20) width 224: "around the text box clears up layout)."
      RenderBlock (anonymous) at (0,56) size 784x20
        RenderBR {BR} at (0,0) size 0x19
      RenderBlock {FORM} at (0,76) size 784x136
        RenderBlock {CENTER} at (0,0) size 784x136
          RenderTable {TABLE} at (92,0) size 600x136 [bgcolor=#EEEEEE] [border: (1px outset #808080)]
            RenderTableSection {TBODY} at (1,1) size 598x134
              RenderTableRow {TR} at (0,3) size 598x128
                RenderTableCell {TD} at (3,3) size 123x128 [border: (1px inset #808080)] [r=0 c=0 rs=1 cs=1]
                  RenderTable {TABLE} at (4,4) size 115x120 [bgcolor=#FFFFFF] [border: (1px outset #808080)]
                    RenderTableSection {TBODY} at (1,1) size 113x118
                      RenderTableRow {TR} at (0,2) size 113x28
                        RenderTableCell {TD} at (2,2) size 109x27 [bgcolor=#CCCCCC] [border: (1px inset #808080)] [r=0 c=0 rs=1 cs=1]
                          RenderInline {A} at (0,0) size 63x19 [color=#660099]
                            RenderInline {B} at (0,0) size 63x19
                              RenderText {#text} at (3,3) size 63x20
                                text run at (3,4) width 63: "Netscape"
                          RenderText {#text} at (0,0) size 0x0
                      RenderTableRow {TR} at (0,31) size 113x28
                        RenderTableCell {TD} at (2,32) size 109x27 [bgcolor=#FFFFFF] [border: (1px inset #808080)] [r=1 c=0 rs=1 cs=1]
                          RenderInline {A} at (0,0) size 59x19 [color=#660099]
                            RenderInline {B} at (0,0) size 59x19
                              RenderText {#text} at (3,3) size 59x20
                                text run at (3,4) width 59: "Infoseek"
                          RenderText {#text} at (0,0) size 0x0
                      RenderTableRow {TR} at (0,61) size 113x27
                        RenderTableCell {TD} at (2,61) size 109x27 [bgcolor=#FFFFFF] [border: (1px inset #808080)] [r=2 c=0 rs=1 cs=1]
                          RenderInline {A} at (0,0) size 75x19 [color=#660099]
                            RenderInline {B} at (0,0) size 75x19
                              RenderText {#text} at (3,3) size 75x20
                                text run at (3,4) width 75: "LookSmart"
                          RenderText {#text} at (0,0) size 0x0
                      RenderTableRow {TR} at (0,90) size 113x26
                        RenderTableCell {TD} at (2,90) size 109x26 [bgcolor=#FFFFFF] [border: (1px inset #808080)] [r=3 c=0 rs=1 cs=1]
                          RenderInline {A} at (0,0) size 64x19 [color=#660099]
                            RenderInline {B} at (0,0) size 64x19
                              RenderText {#text} at (3,3) size 64x19
                                text run at (3,3) width 64: "Directory"
                          RenderText {#text} at (0,0) size 0x0
                RenderTableCell {TD} at (128,23) size 468x88 [bgcolor=#CCCCCC] [border: (1px inset #808080)] [r=0 c=1 rs=1 cs=1]
                  RenderTable {TABLE} at (4,4) size 459x80 [border: (1px outset #808080)]
                    RenderTableSection {TBODY} at (1,1) size 457x78
                      RenderTableRow {TR} at (0,4) size 457x36
                        RenderTableCell {TD} at (4,4) size 348x36 [border: (1px inset #808080)] [r=0 c=0 rs=1 cs=3]
                          RenderInline {FONT} at (0,0) size 301x16
                            RenderText {#text} at (0,0) size 0x0
                            RenderTextControl {INPUT} at (7,7) size 297x22 [bgcolor=#FFFFFF] [border: (2px inset #000000)]
                            RenderText {#text} at (0,0) size 0x0
                          RenderText {#text} at (0,0) size 0x0
                        RenderTableCell {TD} at (355,4) size 98x36 [border: (1px inset #808080)] [r=0 c=3 rs=1 cs=1]
                          RenderButton {INPUT} at (7,7) size 59x22 [bgcolor=#F0F0F0] [border: (2px outset #F0F0F0)]
                            RenderBlock (anonymous) at (8,3) size 43x16
                              RenderText at (0,0) size 43x16
                                text run at (0,0) width 43: "Search"
                          RenderText {#text} at (0,0) size 0x0
                      RenderTableRow {TR} at (0,44) size 457x30
                        RenderTableCell {TD} at (4,44) size 114x30 [border: (1px inset #808080)] [r=1 c=0 rs=1 cs=1]
                          RenderText {#text} at (5,5) size 25x19
                            text run at (5,5) width 25: "asdf"
                        RenderTableCell {TD} at (121,44) size 114x30 [border: (1px inset #808080)] [r=1 c=1 rs=1 cs=1]
                          RenderText {#text} at (5,5) size 25x19
                            text run at (5,5) width 25: "asdf"
                        RenderTableCell {TD} at (238,44) size 114x30 [border: (1px inset #808080)] [r=1 c=2 rs=1 cs=1]
                          RenderText {#text} at (5,5) size 25x19
                            text run at (5,5) width 25: "asdf"
                        RenderTableCell {TD} at (355,44) size 98x30 [border: (1px inset #808080)] [r=1 c=3 rs=1 cs=1]
                          RenderText {#text} at (5,5) size 25x19
                            text run at (5,5) width 25: "asdf"
layer at (247,127) size 293x16
  RenderBlock {DIV} at (2,3) size 293x16
