layer at (0,0) size 800x600
  RenderView at (0,0) size 800x600
layer at (0,0) size 800x600
  RenderBlock {HTML} at (0,0) size 800x600
    RenderBody {BODY} at (8,8) size 784x584
      RenderBlock {HR} at (296,0) size 192x2 [border: (1px inset #000000)]
      RenderTable {TABLE} at (0,10) size 350x76 [border: (1px outset #808080)]
        RenderTableSection {TBODY} at (1,1) size 348x74
          RenderTableRow {TR} at (0,2) size 348x24
            RenderTableCell {TD} at (2,2) size 344x24 [border: (1px inset #808080)] [r=0 c=0 rs=1 cs=2]
              RenderText {#text} at (2,2) size 192x19
                text run at (2,2) width 192: "MozillaZine.org Is Now Active!"
          RenderTableRow {TR} at (0,28) size 348x44
            RenderTableCell {TD} at (2,38) size 194x24 [border: (1px inset #808080)] [r=1 c=0 rs=1 cs=1]
              RenderText {#text} at (2,2) size 4x19
                text run at (2,2) width 4: " "
            RenderTableCell {TD} at (198,28) size 148x44 [bgcolor=#FF9900] [border: (1px inset #808080)] [r=1 c=1 rs=1 cs=1]
              RenderText {#text} at (2,2) size 126x39
                text run at (2,2) width 126: "Thursday September"
                text run at (2,22) width 76: "17th, 1998>"
