layer at (0,0) size 800x600
  RenderView at (0,0) size 800x600
layer at (0,0) size 800x68
  RenderBlock {html} at (0,0) size 800x68
    RenderBody {body} at (8,8) size 784x0
      RenderBlock (floating) {float} at (0,0) size 148x60 [bgcolor=#FF0000]
        RenderTable at (0,0) size 148x60
          RenderTableSection (anonymous) at (0,0) size 148x60
            RenderTableRow (anonymous) at (0,0) size 148x20
              RenderTableCell {cell} at (0,0) size 148x20 [color=#FFFFFF] [bgcolor=#008000] [r=0 c=0 rs=1 cs=1]
                RenderText {#text} at (50,0) size 48x19
                  text run at (50,0) width 48: "THERE"
            RenderTableRow {row} at (0,20) size 148x20
              RenderTableCell (anonymous) at (0,20) size 148x20 [r=1 c=0 rs=1 cs=1]
                RenderTable {table} at (0,0) size 148x20
                  RenderTableSection (anonymous) at (0,0) size 148x20
                    RenderTableRow (anonymous) at (0,0) size 148x20
                      RenderTableCell {cell} at (0,0) size 77x20 [color=#FFFFFF] [bgcolor=#008000] [r=0 c=0 rs=1 cs=1]
                        RenderText {#text} at (0,0) size 77x19
                          text run at (0,0) width 77: "SHOULD B"
                      RenderTableCell {cell} at (77,0) size 25x20 [color=#FFFFFF] [bgcolor=#008000] [r=0 c=1 rs=1 cs=1]
                        RenderText {#text} at (0,0) size 25x19
                          text run at (0,0) width 25: "E N"
                      RenderTableCell {cell} at (102,0) size 46x20 [color=#FFFFFF] [bgcolor=#008000] [r=0 c=2 rs=1 cs=1]
                        RenderText {#text} at (0,0) size 46x19
                          text run at (0,0) width 46: "O RED"
            RenderTableRow (anonymous) at (0,40) size 148x20
              RenderTableCell {cell} at (0,40) size 148x20 [color=#FFFFFF] [bgcolor=#008000] [r=2 c=0 rs=1 cs=1]
                RenderText {#text} at (30,0) size 88x19
                  text run at (30,0) width 88: "ANYWHERE"
