layer at (0,0) size 998x585
  RenderView at (0,0) size 800x585
layer at (0,0) size 800x585
  RenderBlock {HTML} at (0,0) size 800x585
    RenderBody {BODY} at (8,8) size 784x569
      RenderTable {TABLE} at (0,0) size 990x156 [border: (2px solid #0000FF)]
        RenderTableSection {TBODY} at (2,2) size 986x152
          RenderTableRow {TR} at (0,2) size 986x148
            RenderTableCell {TD} at (2,2) size 246x148 [border: (1px solid #C0C0C0)] [r=0 c=0 rs=1 cs=1]
              RenderTable {TABLE} at (2,2) size 242x144 [border: (2px solid #008000)]
                RenderTableSection {TBODY} at (2,2) size 238x140
                  RenderTableRow {TR} at (0,2) size 238x94
                    RenderTableCell {TD} at (2,2) size 234x94 [border: (1px solid #C0C0C0)] [r=0 c=0 rs=1 cs=1]
                      RenderTable {TABLE} at (2,2) size 166x38 [border: (2px solid #FF0000)]
                        RenderTableSection {TBODY} at (2,2) size 162x34
                          RenderTableRow {TR} at (0,2) size 162x30
                            RenderTableCell {TD} at (2,2) size 158x30 [border: (1px solid #C0C0C0)] [r=0 c=0 rs=1 cs=1]
                              RenderTextControl {INPUT} at (4,4) size 150x22 [bgcolor=#FFFFFF] [border: (2px inset #000000)]
                              RenderText {#text} at (0,0) size 0x0
                      RenderTable {TABLE} at (2,40) size 230x52 [border: (2px solid #FF0000)]
                        RenderTableSection {TBODY} at (2,2) size 226x48
                          RenderTableRow {TR} at (0,2) size 226x44
                            RenderTableCell {TD} at (2,2) size 222x44 [border: (1px solid #C0C0C0)] [r=0 c=0 rs=1 cs=1]
                              RenderText {#text} at (2,2) size 188x39
                                text run at (2,2) width 188: "THIS TABLE NEEDS TO BE"
                                text run at (2,22) width 39: "HERE"
                  RenderTableRow {TR} at (0,98) size 238x40
                    RenderTableCell {TD} at (2,98) size 234x40 [border: (1px solid #C0C0C0)] [r=1 c=0 rs=1 cs=1]
                      RenderTable {TABLE} at (2,2) size 230x36 [border: (2px solid #FF0000)]
                        RenderTableSection {TBODY} at (2,2) size 226x32
                          RenderTableRow {TR} at (0,2) size 226x28
                            RenderTableCell {TD} at (2,2) size 222x28 [border: (1px solid #C0C0C0)] [r=0 c=0 rs=1 cs=1]
                              RenderMenuList {SELECT} at (4,4) size 214x20 [bgcolor=#FFFFFF]
                                RenderBlock (anonymous) at (4,2) size 189x16
                                  RenderText at (0,0) size 189x16
                                    text run at (0,0) width 189: "USE THIS JAVASCRIPT HERE"
                              RenderText {#text} at (0,0) size 0x0
            RenderTableCell {TD} at (250,2) size 734x44 [border: (1px solid #C0C0C0)] [r=0 c=1 rs=1 cs=1]
              RenderText {#text} at (2,2) size 730x39
                text run at (2,2) width 730: "KEEPoTHEoTEXToHEREoASoLONGoASoPOSSIBLEooKEEPoTHEoTEXToHEREoASoLONGoASoPOSSIBLE"
                text run at (2,22) width 586: "THIS SIMULATES THE PROBLEM ON THE WWW.MAPBLAST.COM/ \"CREATE MAP\""
layer at (30,31) size 146x16 scrollWidth 163
  RenderBlock {DIV} at (2,3) size 146x16
    RenderText {#text} at (0,0) size 162x16
      text run at (0,0) width 162: "THIS NEEDS THIS VALUE"
