layer at (0,0) size 800x600
  RenderView at (0,0) size 800x600
layer at (0,0) size 800x248
  RenderBlock {HTML} at (0,0) size 800x248
    RenderBody {BODY} at (8,21) size 784x219
      RenderBlock {H1} at (0,0) size 784x37
        RenderText {#text} at (0,0) size 352x36
          text run at (0,0) width 352: "insertRow() bugs, 0 based"
      RenderTable {TABLE} at (0,58) size 141x161 [border: (1px outset #808080)]
        RenderTableSection {TBODY} at (1,1) size 139x158
          RenderTableRow {TR} at (0,2) size 139x24
            RenderTableCell {TD} at (2,2) size 135x24 [border: (1px inset #808080)] [r=0 c=0 rs=1 cs=1]
              RenderText {#text} at (2,2) size 131x19
                text run at (2,2) width 131: "This is row number 0."
          RenderTableRow {TR} at (0,28) size 139x24
            RenderTableCell {TD} at (2,28) size 135x24 [border: (1px inset #808080)] [r=1 c=0 rs=1 cs=1]
              RenderText {#text} at (2,2) size 131x19
                text run at (2,2) width 131: "This is row number 1."
          RenderTableRow {TR} at (0,54) size 139x24
            RenderTableCell {TD} at (2,54) size 135x24 [border: (1px inset #808080)] [r=2 c=0 rs=1 cs=1]
              RenderText {#text} at (2,2) size 131x19
                text run at (2,2) width 131: "This is row number 2."
          RenderTableRow {TR} at (0,80) size 139x24
            RenderTableCell {TD} at (2,80) size 135x24 [border: (1px inset #808080)] [r=3 c=0 rs=1 cs=1]
              RenderText {#text} at (2,2) size 131x19
                text run at (2,2) width 131: "This is row number 3."
          RenderTableRow {TR} at (0,106) size 139x24
            RenderTableCell {TD} at (2,106) size 135x24 [border: (1px inset #808080)] [r=4 c=0 rs=1 cs=1]
              RenderText {#text} at (2,2) size 131x19
                text run at (2,2) width 131: "This is row number 4."
          RenderTableRow {TR} at (0,132) size 139x24
            RenderTableCell {TD} at (2,132) size 135x24 [border: (1px inset #808080)] [r=5 c=0 rs=1 cs=1]
              RenderText {#text} at (2,2) size 131x19
                text run at (2,2) width 131: "This is row number 5."
