layer at (0,0) size 800x600
  RenderView at (0,0) size 800x600
layer at (0,0) size 800x600
  RenderBlock {HTML} at (0,0) size 800x600
    RenderBody {BODY} at (8,8) size 784x584
      RenderTable {TABLE} at (0,0) size 784x280 [border: (4px solid #0000FF)]
        RenderTableSection {TBODY} at (4,4) size 776x272
          RenderTableRow {TR} at (0,2) size 776x268
            RenderTableCell {TD} at (2,2) size 605x120 [border: (1px solid #0000FF)] [r=0 c=0 rs=1 cs=1]
              RenderTable {TABLE} at (2,2) size 601x116 [border: (4px solid #008000)]
                RenderTableSection {TBODY} at (4,4) size 593x108
                  RenderTableRow {TR} at (0,2) size 593x104
                    RenderTableCell {TD} at (2,2) size 589x104 [border: (1px solid #008000)] [r=0 c=0 rs=1 cs=1]
                      RenderText {#text} at (2,2) size 580x99
                        text run at (2,2) width 580: "this is a bunch of text. this is a bunch of text. this is a bunch of text. this is a bunch of text. this is a"
                        text run at (2,22) width 488: "bunch of text. this is a bunch of text. this is a bunch of text. this is a bunch of text. "
                        text run at (490,22) width 84: "this is a bunch"
                        text run at (2,42) width 578: "of text. this is a bunch of text. this is a bunch of text. this is a bunch of text. this is a bunch of text."
                        text run at (2,62) width 580: "this is a bunch of text. this is a bunch of text. this is a bunch of text. this is a bunch of text. this is a"
                        text run at (2,82) width 82: "bunch of text."
            RenderTableCell {TD} at (609,2) size 165x268 [border: (1px solid #0000FF)] [r=0 c=1 rs=1 cs=1]
              RenderTable {TABLE} at (2,2) size 161x264 [border: (4px solid #008000)]
                RenderTableSection {TBODY} at (4,4) size 153x256
                  RenderTableRow {TR} at (0,2) size 153x252
                    RenderTableCell {TD} at (2,2) size 149x252 [border: (1px solid #008000)] [r=0 c=0 rs=1 cs=1]
                      RenderBlock (anonymous) at (2,2) size 145x20
                        RenderText {#text} at (0,0) size 111x19
                          text run at (0,0) width 111: "this cell is nowrap."
                      RenderTable {TABLE} at (2,22) size 145x228 [border: (4px solid #FF0000)]
                        RenderTableSection {TBODY} at (4,4) size 137x220
                          RenderTableRow {TR} at (0,2) size 137x216
                            RenderTableCell {TD} at (2,2) size 133x216 [border: (1px solid #FF0000)] [r=0 c=0 rs=1 cs=1]
                              RenderBlock (anonymous) at (2,2) size 129x60
                                RenderText {#text} at (0,0) size 124x59
                                  text run at (0,0) width 124: "this text is in a cell of"
                                  text run at (0,20) width 120: "a table, contained in"
                                  text run at (0,40) width 7: "a"
                              RenderBlock {P} at (2,78) size 129x20
                                RenderInline {B} at (0,0) size 129x19
                                  RenderText {#text} at (0,0) size 129x19
                                    text run at (0,0) width 129: "cell with NOWRAP"
                              RenderBlock (anonymous) at (2,114) size 129x100
                                RenderText {#text} at (0,0) size 128x99
                                  text run at (0,0) width 112: "but this text should"
                                  text run at (0,20) width 40: "wrap! "
                                  text run at (40,20) width 78: "only the bold"
                                  text run at (0,40) width 123: "text should not wrap"
                                  text run at (0,60) width 128: "be cause is contained"
                                  text run at (0,80) width 123: "in a P that's nowrap."
      RenderBlock (anonymous) at (0,280) size 784x40
        RenderBR {BR} at (0,0) size 0x19
        RenderText {#text} at (0,20) size 312x19
          text run at (0,20) width 312: "Tables have a thick border, cells have a thin border."
