layer at (0,0) size 800x600
  RenderView at (0,0) size 800x600
layer at (0,0) size 800x600
  RenderBlock {HTML} at (0,0) size 800x600
    RenderBody {BODY} at (8,8) size 784x584
      RenderBlock (anonymous) at (0,0) size 784x20
        RenderText {#text} at (0,0) size 270x19
          text run at (0,0) width 270: "This table should have cell spacing of 2px"
      RenderTable {TABLE} at (0,20) size 98x60 [border: (1px outset #808080)]
        RenderTableSection {TBODY} at (1,1) size 96x58
          RenderTableRow {TR} at (0,2) size 96x28
            RenderTableCell {TD} at (2,2) size 43x28 [border: (3px inset #000000)] [r=0 c=0 rs=1 cs=1]
              RenderText {#text} at (4,4) size 35x19
                text run at (4,4) width 35: "AAA"
            RenderTableCell {TD} at (46,4) size 48x24 [border: (1px inset #808080)] [r=0 c=1 rs=1 cs=1]
              RenderText {#text} at (2,2) size 43x19
                text run at (2,2) width 43: "BBBB"
          RenderTableRow {TR} at (0,32) size 96x24
            RenderTableCell {TD} at (2,32) size 43x24 [border: (1px inset #808080)] [r=1 c=0 rs=1 cs=1]
              RenderText {#text} at (2,2) size 35x19
                text run at (2,2) width 35: "AAA"
            RenderTableCell {TD} at (46,32) size 48x24 [border: (1px inset #808080)] [r=1 c=1 rs=1 cs=1]
              RenderText {#text} at (2,2) size 43x19
                text run at (2,2) width 43: "BBBB"
      RenderBlock (anonymous) at (0,80) size 784x40
        RenderBR {BR} at (0,0) size 0x19
        RenderText {#text} at (0,20) size 270x19
          text run at (0,20) width 270: "This table should have cell spacing of 5px"
      RenderTable {TABLE} at (0,120) size 103x65 [border: (1px outset #808080)]
        RenderTableSection {TBODY} at (1,1) size 101x63
          RenderTableRow {TR} at (0,5) size 101x24
            RenderTableCell {TD} at (5,5) size 39x24 [border: (1px inset #808080)] [r=0 c=0 rs=1 cs=1]
              RenderText {#text} at (2,2) size 35x19
                text run at (2,2) width 35: "AAA"
            RenderTableCell {TD} at (48,5) size 48x24 [border: (1px inset #808080)] [r=0 c=1 rs=1 cs=1]
              RenderText {#text} at (2,2) size 43x19
                text run at (2,2) width 43: "BBBB"
          RenderTableRow {TR} at (0,34) size 101x24
            RenderTableCell {TD} at (5,34) size 39x24 [border: (1px inset #808080)] [r=1 c=0 rs=1 cs=1]
              RenderText {#text} at (2,2) size 35x19
                text run at (2,2) width 35: "AAA"
            RenderTableCell {TD} at (48,34) size 48x24 [border: (1px inset #808080)] [r=1 c=1 rs=1 cs=1]
              RenderText {#text} at (2,2) size 43x19
                text run at (2,2) width 43: "BBBB"
      RenderBlock (anonymous) at (0,185) size 784x40
        RenderBR {BR} at (0,0) size 0x19
        RenderText {#text} at (0,20) size 403x19
          text run at (0,20) width 403: "This table should have cell spacingX of 5px, spacingY of 10px"
      RenderTable {TABLE} at (0,225) size 103x80 [border: (1px outset #808080)]
        RenderTableSection {TBODY} at (1,1) size 101x78
          RenderTableRow {TR} at (0,10) size 101x24
            RenderTableCell {TD} at (5,10) size 39x24 [border: (1px inset #808080)] [r=0 c=0 rs=1 cs=1]
              RenderText {#text} at (2,2) size 35x19
                text run at (2,2) width 35: "AAA"
            RenderTableCell {TD} at (48,10) size 48x24 [border: (1px inset #808080)] [r=0 c=1 rs=1 cs=1]
              RenderText {#text} at (2,2) size 43x19
                text run at (2,2) width 43: "BBBB"
          RenderTableRow {TR} at (0,44) size 101x24
            RenderTableCell {TD} at (5,44) size 39x24 [border: (1px inset #808080)] [r=1 c=0 rs=1 cs=1]
              RenderText {#text} at (2,2) size 35x19
                text run at (2,2) width 35: "AAA"
            RenderTableCell {TD} at (48,44) size 48x24 [border: (1px inset #808080)] [r=1 c=1 rs=1 cs=1]
              RenderText {#text} at (2,2) size 43x19
                text run at (2,2) width 43: "BBBB"
      RenderBlock (anonymous) at (0,305) size 784x40
        RenderBR {BR} at (0,0) size 0x19
        RenderText {#text} at (0,20) size 403x19
          text run at (0,20) width 403: "This table should have cell spacingX of 5px, spacingY of 10px"
      RenderTable {TABLE} at (0,345) size 103x80 [border: (1px outset #808080)]
        RenderTableSection {TBODY} at (1,1) size 101x78
          RenderTableRow {TR} at (0,10) size 101x24
            RenderTableCell {TD} at (5,10) size 39x24 [border: (1px inset #808080)] [r=0 c=0 rs=1 cs=1]
              RenderText {#text} at (2,2) size 35x19
                text run at (2,2) width 35: "AAA"
            RenderTableCell {TD} at (48,10) size 48x24 [border: (1px inset #808080)] [r=0 c=1 rs=1 cs=1]
              RenderText {#text} at (2,2) size 43x19
                text run at (2,2) width 43: "BBBB"
          RenderTableRow {TR} at (0,44) size 101x24
            RenderTableCell {TD} at (5,44) size 39x24 [border: (1px inset #808080)] [r=1 c=0 rs=1 cs=1]
              RenderText {#text} at (2,2) size 35x19
                text run at (2,2) width 35: "AAA"
            RenderTableCell {TD} at (48,44) size 48x24 [border: (1px inset #808080)] [r=1 c=1 rs=1 cs=1]
              RenderText {#text} at (2,2) size 43x19
                text run at (2,2) width 43: "BBBB"
