layer at (0,0) size 800x600
  RenderView at (0,0) size 800x600
layer at (0,0) size 800x600
  RenderBlock {HTML} at (0,0) size 800x600
    RenderBody {BODY} at (8,8) size 784x584
      RenderBlock (anonymous) at (0,0) size 784x20
        RenderText {#text} at (0,0) size 273x19
          text run at (0,0) width 273: "This table should have cell padding of 5px"
      RenderTable {TABLE} at (0,20) size 110x72 [border: (1px outset #808080)]
        RenderTableSection {TBODY} at (1,1) size 108x70
          RenderTableRow {TR} at (0,2) size 108x32
            RenderTableCell {TD} at (2,2) size 47x32 [border: (1px inset #808080)] [r=0 c=0 rs=1 cs=1]
              RenderText {#text} at (6,6) size 35x19
                text run at (6,6) width 35: "AAA"
            RenderTableCell {TD} at (50,2) size 56x32 [border: (1px inset #808080)] [r=0 c=1 rs=1 cs=1]
              RenderText {#text} at (6,6) size 43x19
                text run at (6,6) width 43: "BBBB"
          RenderTableRow {TR} at (0,36) size 108x32
            RenderTableCell {TD} at (2,36) size 47x32 [border: (1px inset #808080)] [r=1 c=0 rs=1 cs=1]
              RenderText {#text} at (6,6) size 35x19
                text run at (6,6) width 35: "AAA"
            RenderTableCell {TD} at (50,36) size 56x32 [border: (1px inset #808080)] [r=1 c=1 rs=1 cs=1]
              RenderText {#text} at (6,6) size 43x19
                text run at (6,6) width 43: "BBBB"
      RenderBlock (anonymous) at (0,92) size 784x40
        RenderBR {BR} at (0,0) size 0x19
        RenderText {#text} at (0,20) size 273x19
          text run at (0,20) width 273: "This table should have cell padding of 5px"
      RenderTable {TABLE} at (0,132) size 110x72 [border: (1px outset #808080)]
        RenderTableSection {TBODY} at (1,1) size 108x70
          RenderTableRow {TR} at (0,2) size 108x32
            RenderTableCell {TD} at (2,2) size 47x32 [border: (1px inset #808080)] [r=0 c=0 rs=1 cs=1]
              RenderText {#text} at (6,6) size 35x19
                text run at (6,6) width 35: "AAA"
            RenderTableCell {TD} at (50,2) size 56x32 [border: (1px inset #808080)] [r=0 c=1 rs=1 cs=1]
              RenderText {#text} at (6,6) size 43x19
                text run at (6,6) width 43: "BBBB"
          RenderTableRow {TR} at (0,36) size 108x32
            RenderTableCell {TD} at (2,36) size 47x32 [border: (1px inset #808080)] [r=1 c=0 rs=1 cs=1]
              RenderText {#text} at (6,6) size 35x19
                text run at (6,6) width 35: "AAA"
            RenderTableCell {TD} at (50,36) size 56x32 [border: (1px inset #808080)] [r=1 c=1 rs=1 cs=1]
              RenderText {#text} at (6,6) size 43x19
                text run at (6,6) width 43: "BBBB"
      RenderBlock (anonymous) at (0,204) size 784x40
        RenderBR {BR} at (0,0) size 0x19
        RenderText {#text} at (0,20) size 273x19
          text run at (0,20) width 273: "This table should have cell padding of 5px"
      RenderTable {TABLE} at (0,244) size 110x72 [border: (1px outset #808080)]
        RenderTableSection {TBODY} at (1,1) size 108x70
          RenderTableRow {TR} at (0,2) size 108x32
            RenderTableCell {TD} at (2,2) size 47x32 [border: (1px inset #808080)] [r=0 c=0 rs=1 cs=1]
              RenderText {#text} at (6,6) size 35x19
                text run at (6,6) width 35: "AAA"
            RenderTableCell {TD} at (50,2) size 56x32 [border: (1px inset #808080)] [r=0 c=1 rs=1 cs=1]
              RenderText {#text} at (6,6) size 43x19
                text run at (6,6) width 43: "BBBB"
          RenderTableRow {TR} at (0,36) size 108x32
            RenderTableCell {TD} at (2,36) size 47x32 [border: (1px inset #808080)] [r=1 c=0 rs=1 cs=1]
              RenderText {#text} at (6,6) size 35x19
                text run at (6,6) width 35: "AAA"
            RenderTableCell {TD} at (50,36) size 56x32 [border: (1px inset #808080)] [r=1 c=1 rs=1 cs=1]
              RenderText {#text} at (6,6) size 43x19
                text run at (6,6) width 43: "BBBB"
      RenderBlock (anonymous) at (0,316) size 784x40
        RenderBR {BR} at (0,0) size 0x19
        RenderText {#text} at (0,20) size 542x19
          text run at (0,20) width 542: "This table should have cell padding of 5px except the 1st cell's left padding will be 0"
      RenderTable {TABLE} at (0,356) size 110x72 [border: (1px outset #808080)]
        RenderTableSection {TBODY} at (1,1) size 108x70
          RenderTableRow {TR} at (0,2) size 108x32
            RenderTableCell {TD} at (2,2) size 47x32 [border: (1px inset #808080)] [r=0 c=0 rs=1 cs=1]
              RenderText {#text} at (1,6) size 35x19
                text run at (1,6) width 35: "AAA"
            RenderTableCell {TD} at (50,2) size 56x32 [border: (1px inset #808080)] [r=0 c=1 rs=1 cs=1]
              RenderText {#text} at (6,6) size 43x19
                text run at (6,6) width 43: "BBBB"
          RenderTableRow {TR} at (0,36) size 108x32
            RenderTableCell {TD} at (2,36) size 47x32 [border: (1px inset #808080)] [r=1 c=0 rs=1 cs=1]
              RenderText {#text} at (6,6) size 35x19
                text run at (6,6) width 35: "AAA"
            RenderTableCell {TD} at (50,36) size 56x32 [border: (1px inset #808080)] [r=1 c=1 rs=1 cs=1]
              RenderText {#text} at (6,6) size 43x19
                text run at (6,6) width 43: "BBBB"
      RenderBlock (anonymous) at (0,428) size 784x40
        RenderBR {BR} at (0,0) size 0x19
        RenderText {#text} at (0,20) size 553x19
          text run at (0,20) width 553: "This table should have cell padding of 5px except the last cell's left padding will be 30"
      RenderTable {TABLE} at (0,468) size 135x72 [border: (1px outset #808080)]
        RenderTableSection {TBODY} at (1,1) size 133x70
          RenderTableRow {TR} at (0,2) size 133x32
            RenderTableCell {TD} at (2,2) size 47x32 [border: (1px inset #808080)] [r=0 c=0 rs=1 cs=1]
              RenderText {#text} at (6,6) size 35x19
                text run at (6,6) width 35: "AAA"
            RenderTableCell {TD} at (50,2) size 81x32 [border: (1px inset #808080)] [r=0 c=1 rs=1 cs=1]
              RenderText {#text} at (6,6) size 43x19
                text run at (6,6) width 43: "BBBB"
          RenderTableRow {TR} at (0,36) size 133x32
            RenderTableCell {TD} at (2,36) size 47x32 [border: (1px inset #808080)] [r=1 c=0 rs=1 cs=1]
              RenderText {#text} at (6,6) size 35x19
                text run at (6,6) width 35: "AAA"
            RenderTableCell {TD} at (50,36) size 81x32 [border: (1px inset #808080)] [r=1 c=1 rs=1 cs=1]
              RenderText {#text} at (31,6) size 43x19
                text run at (31,6) width 43: "BBBB"
