layer at (0,0) size 800x2467
  RenderView at (0,0) size 800x600
layer at (0,0) size 800x2467
  RenderBlock {HTML} at (0,0) size 800x2468
    RenderBody {BODY} at (8,8) size 784x2444 [bgcolor=#FFDEAD]
      RenderBlock {H1} at (0,0) size 784x76
        RenderInline {FONT} at (0,0) size 470x74 [color=#FF0000]
          RenderText {#text} at (0,1) size 294x36
            text run at (0,1) width 294: "Acceptance Test Case"
          RenderBR {BR} at (293,1) size 1x36
          RenderText {#text} at (0,39) size 470x36
            text run at (0,39) width 470: "Web Browser: Web View (HTML)"
      RenderBlock {P} at (0,97) size 784x31
        RenderInline {FONT} at (0,0) size 353x28 [color=#FF0000]
          RenderInline {B} at (0,0) size 353x28
            RenderText {#text} at (0,1) size 353x28
              text run at (0,1) width 353: "Table: <TH> & <TD> ROWSPAN"
        RenderText {#text} at (0,0) size 0x0
      RenderBlock {HR} at (0,143) size 784x3 [border: (1px inset #000000)]
      RenderBlock (anonymous) at (0,153) size 784x61
        RenderText {#text} at (0,0) size 277x19
          text run at (0,0) width 277: "This acceptance test case tests the optional "
        RenderInline {B} at (0,0) size 43x19
          RenderText {#text} at (276,0) size 43x19
            text run at (276,0) width 43: "<TH>"
        RenderText {#text} at (318,0) size 21x19
          text run at (318,0) width 21: " & "
        RenderInline {B} at (0,0) size 42x19
          RenderText {#text} at (338,0) size 42x19
            text run at (338,0) width 42: "<TD>"
        RenderText {#text} at (379,0) size 28x19
          text run at (379,0) width 28: " tag "
        RenderInline {B} at (0,0) size 82x19
          RenderText {#text} at (406,0) size 82x19
            text run at (406,0) width 82: "ROWSPAN"
        RenderText {#text} at (487,0) size 739x39
          text run at (487,0) width 109: " attribute which, "
          text run at (595,0) width 144: "when placed in a table"
          text run at (0,20) width 564: "header or data tag, specifies how many rows the table header or data cell will span. The "
        RenderInline {B} at (0,0) size 82x19
          RenderText {#text} at (563,20) size 82x19
            text run at (563,20) width 82: "ROWSPAN"
        RenderText {#text} at (644,20) size 774x39
          text run at (644,20) width 130: " attribute is set to an"
          text run at (0,40) width 475: "integer value equal the number of rows the table header or data cell spans."
      RenderBlock {P} at (0,229) size 784x21
        RenderInline {B} at (0,0) size 120x19
          RenderText {#text} at (0,0) size 120x19
            text run at (0,0) width 120: "Test Instructions:"
        RenderText {#text} at (0,0) size 0x0
      RenderBlock {OL} at (0,265) size 784x263
        RenderListItem {LI} at (40,0) size 744x20
          RenderListMarker at (-21,0) size 16x19: "1"
          RenderText {#text} at (0,0) size 510x19
            text run at (0,0) width 510: "Verify that the sample text displays as stated in each of the following test cases:"
        RenderBlock {P} at (40,36) size 744x110
          RenderTable {TABLE} at (0,0) size 531x110 [bgcolor=#F08080]
            RenderTableSection {TBODY} at (0,0) size 531x110
              RenderTableRow {TR} at (0,2) size 531x34
                RenderTableCell {TD} at (2,2) size 96x34 [r=0 c=0 rs=1 cs=1]
                  RenderInline {A} at (0,0) size 82x19 [color=#0000EE]
                    RenderText {#text} at (7,7) size 82x19
                      text run at (7,7) width 82: "Test Case #1"
                RenderTableCell {TD} at (99,2) size 430x34 [r=0 c=1 rs=1 cs=1]
                  RenderInline {FONT} at (0,0) size 316x19 [color=#0000FF]
                    RenderInline {B} at (0,0) size 316x19
                      RenderText {#text} at (7,7) size 316x19
                        text run at (7,7) width 316: "table with header cells spanning multiple rows"
              RenderTableRow {TR} at (0,38) size 531x34
                RenderTableCell {TD} at (2,38) size 96x34 [r=1 c=0 rs=1 cs=1]
                  RenderInline {A} at (0,0) size 82x19 [color=#0000EE]
                    RenderText {#text} at (7,7) size 82x19
                      text run at (7,7) width 82: "Test Case #2"
                RenderTableCell {TD} at (99,38) size 430x34 [r=1 c=1 rs=1 cs=1]
                  RenderInline {FONT} at (0,0) size 300x19 [color=#0000FF]
                    RenderInline {B} at (0,0) size 300x19
                      RenderText {#text} at (7,7) size 300x19
                        text run at (7,7) width 300: "table with data cells spanning multiple rows"
              RenderTableRow {TR} at (0,74) size 531x34
                RenderTableCell {TD} at (2,74) size 96x34 [r=2 c=0 rs=1 cs=1]
                  RenderInline {A} at (0,0) size 82x19 [color=#0000EE]
                    RenderText {#text} at (7,7) size 82x19
                      text run at (7,7) width 82: "Test Case #3"
                RenderTableCell {TD} at (99,74) size 430x34 [r=2 c=1 rs=1 cs=1]
                  RenderInline {FONT} at (0,0) size 415x19 [color=#0000FF]
                    RenderInline {B} at (0,0) size 415x19
                      RenderText {#text} at (7,7) size 415x19
                        text run at (7,7) width 415: "table with nested header & data cells spanning multiple rows"
        RenderBlock {P} at (40,162) size 744x0
        RenderListItem {LI} at (40,162) size 744x20
          RenderListMarker at (-21,0) size 16x19: "2"
          RenderText {#text} at (0,0) size 288x19
            text run at (0,0) width 288: "Verify that the table is maintained when you "
          RenderInline {B} at (0,0) size 134x19
            RenderText {#text} at (287,0) size 134x19
              text run at (287,0) width 134: "minimize/maximize"
          RenderText {#text} at (420,0) size 73x19
            text run at (420,0) width 73: " the screen."
        RenderListItem {LI} at (40,182) size 744x20
          RenderListMarker at (-21,0) size 16x19: "3"
          RenderText {#text} at (0,0) size 288x19
            text run at (0,0) width 288: "Verify that the table is maintained when you "
          RenderInline {B} at (0,0) size 126x19
            RenderText {#text} at (287,0) size 126x19
              text run at (287,0) width 126: "re-size left & right"
          RenderText {#text} at (412,0) size 73x19
            text run at (412,0) width 73: " the screen."
        RenderListItem {LI} at (40,202) size 744x20
          RenderListMarker at (-21,0) size 16x19: "4"
          RenderText {#text} at (0,0) size 288x19
            text run at (0,0) width 288: "Verify that the table is maintained when you "
          RenderInline {B} at (0,0) size 141x19
            RenderText {#text} at (287,0) size 141x19
              text run at (287,0) width 141: "re-size top & bottom"
          RenderText {#text} at (427,0) size 73x19
            text run at (427,0) width 73: " the screen."
        RenderListItem {LI} at (40,222) size 744x20
          RenderListMarker at (-21,0) size 16x19: "5"
          RenderText {#text} at (0,0) size 416x19
            text run at (0,0) width 416: "Verify re-draw takes place correctly after maximizing the screen."
        RenderListItem {LI} at (40,242) size 744x20
          RenderListMarker at (-21,0) size 16x19: "6"
          RenderText {#text} at (0,0) size 132x19
            text run at (0,0) width 132: "Verify reload works."
      RenderBlock {HR} at (0,543) size 784x3 [border: (1px inset #000000)]
      RenderBlock {P} at (0,561) size 784x65
        RenderTable {TABLE} at (0,0) size 667x64 [bgcolor=#F08080] [border: (1px outset #808080)]
          RenderTableSection {TBODY} at (1,1) size 665x62
            RenderTableRow {TR} at (0,2) size 665x58
              RenderTableCell {TH} at (2,2) size 661x58 [border: (1px inset #808080)] [r=0 c=0 rs=1 cs=1]
                RenderInline {A} at (0,0) size 0x19
                RenderText {#text} at (11,11) size 95x19
                  text run at (11,11) width 95: "Test Case #1: "
                RenderInline {FONT} at (0,0) size 316x19 [color=#0000FF]
                  RenderText {#text} at (105,11) size 316x19
                    text run at (105,11) width 316: "table with header cells spanning multiple rows"
                RenderText {#text} at (420,11) size 5x19
                  text run at (420,11) width 5: " "
                RenderInline {FONT} at (0,0) size 627x32
                  RenderInline {I} at (0,0) size 627x32
                    RenderText {#text} at (424,14) size 627x32
                      text run at (424,14) width 214: "(using <TH ROWSPAN=integer value>"
                      text run at (11,31) width 21: "tag)"
                RenderText {#text} at (0,0) size 0x0
      RenderBlock {P} at (0,641) size 784x129
        RenderBlock (anonymous) at (0,0) size 784x20
          RenderBR {BR} at (0,0) size 0x19
        RenderTable {TABLE} at (0,20) size 706x108 [bgcolor=#FFD700] [border: (1px outset #808080)]
          RenderTableSection {TBODY} at (1,1) size 704x106
            RenderTableRow {TR} at (0,2) size 704x102
              RenderTableCell {TD} at (2,2) size 700x102 [border: (1px inset #808080)] [r=0 c=0 rs=1 cs=1]
                RenderInline {FONT} at (0,0) size 671x79 [color=#FF0000]
                  RenderInline {B} at (0,0) size 671x79
                    RenderText {#text} at (11,11) size 361x19
                      text run at (11,11) width 361: "In the following sample table you should see that the "
                    RenderInline {FONT} at (0,0) size 82x19 [color=#0000FF]
                      RenderText {#text} at (371,11) size 82x19
                        text run at (371,11) width 82: "ROWSPAN"
                    RenderText {#text} at (452,11) size 671x39
                      text run at (452,11) width 5: " "
                      text run at (456,11) width 226: "attribute applies an integer value"
                      text run at (11,31) width 222: "equal to the number of rows the "
                    RenderInline {FONT} at (0,0) size 69x19 [color=#0000FF]
                      RenderText {#text} at (232,31) size 69x19
                        text run at (232,31) width 69: "HEADER"
                    RenderText {#text} at (300,31) size 671x59
                      text run at (300,31) width 138: " cell is to span. This "
                      text run at (438,31) width 235: "tells the browser to make the table"
                      text run at (11,51) width 613: "header cell occupy the same vertical space as the integer number of cells specified in rows "
                      text run at (623,51) width 59: "above or"
                      text run at (11,71) width 655: "below it. The browser flows the contents of the spanning cell to occupy the entire spanned space."
      RenderBlock {P} at (0,785) size 784x41
        RenderBR {BR} at (0,0) size 0x19
        RenderBR {BR} at (0,20) size 0x19
      RenderBlock {UL} at (0,841) size 784x285
        RenderTable {TABLE} at (40,0) size 484x284 [border: (1px outset #808080)]
          RenderBlock {CAPTION} at (0,0) size 484x20
            RenderText {#text} at (100,0) size 41x19
              text run at (100,0) width 41: "Table "
            RenderInline {B} at (0,0) size 89x19
              RenderText {#text} at (140,0) size 89x19
                text run at (140,0) width 89: "Header Cells"
            RenderText {#text} at (228,0) size 155x19
              text run at (228,0) width 155: " spanning multiple rows"
          RenderTableSection {TBODY} at (1,21) size 482x262
            RenderTableRow {TR} at (0,2) size 482x24
              RenderTableCell {TH} at (2,5) size 101x44 [bgcolor=#FFE4C4] [border: (1px inset #808080)] [r=0 c=0 rs=2 cs=1]
                RenderText {#text} at (19,2) size 63x19
                  text run at (19,2) width 63: "Header 1"
                RenderBR {BR} at (81,2) size 1x19
                RenderText {#text} at (7,22) size 87x19
                  text run at (7,22) width 87: "span=2 rows"
              RenderTableCell {TD} at (104,2) size 41x24 [bgcolor=#EE82EE] [border: (1px inset #808080)] [r=0 c=1 rs=1 cs=1]
                RenderText {#text} at (2,2) size 32x19
                  text run at (2,2) width 32: "col 1"
              RenderTableCell {TD} at (146,2) size 41x24 [bgcolor=#EE82EE] [border: (1px inset #808080)] [r=0 c=2 rs=1 cs=1]
                RenderText {#text} at (2,2) size 32x19
                  text run at (2,2) width 32: "col 2"
              RenderTableCell {TD} at (188,2) size 41x24 [bgcolor=#EE82EE] [border: (1px inset #808080)] [r=0 c=3 rs=1 cs=1]
                RenderText {#text} at (2,2) size 32x19
                  text run at (2,2) width 32: "col 3"
              RenderTableCell {TD} at (230,2) size 41x24 [bgcolor=#EE82EE] [border: (1px inset #808080)] [r=0 c=4 rs=1 cs=1]
                RenderText {#text} at (2,2) size 32x19
                  text run at (2,2) width 32: "col 4"
              RenderTableCell {TD} at (272,2) size 41x24 [bgcolor=#EE82EE] [border: (1px inset #808080)] [r=0 c=5 rs=1 cs=1]
                RenderText {#text} at (2,2) size 32x19
                  text run at (2,2) width 32: "col 5"
              RenderTableCell {TD} at (314,2) size 41x24 [bgcolor=#EE82EE] [border: (1px inset #808080)] [r=0 c=6 rs=1 cs=1]
                RenderText {#text} at (2,2) size 32x19
                  text run at (2,2) width 32: "col 6"
              RenderTableCell {TD} at (356,2) size 40x24 [bgcolor=#EE82EE] [border: (1px inset #808080)] [r=0 c=7 rs=1 cs=1]
                RenderText {#text} at (2,2) size 32x19
                  text run at (2,2) width 32: "col 7"
              RenderTableCell {TD} at (397,2) size 41x24 [bgcolor=#EE82EE] [border: (1px inset #808080)] [r=0 c=8 rs=1 cs=1]
                RenderText {#text} at (2,2) size 32x19
                  text run at (2,2) width 32: "col 8"
              RenderTableCell {TD} at (439,2) size 41x24 [bgcolor=#EE82EE] [border: (1px inset #808080)] [r=0 c=9 rs=1 cs=1]
                RenderText {#text} at (2,2) size 32x19
                  text run at (2,2) width 32: "col 9"
            RenderTableRow {TR} at (0,28) size 482x24
              RenderTableCell {TD} at (104,28) size 41x24 [bgcolor=#EE82EE] [border: (1px inset #808080)] [r=1 c=1 rs=1 cs=1]
                RenderText {#text} at (2,2) size 32x19
                  text run at (2,2) width 32: "col 1"
              RenderTableCell {TD} at (146,28) size 41x24 [bgcolor=#EE82EE] [border: (1px inset #808080)] [r=1 c=2 rs=1 cs=1]
                RenderText {#text} at (2,2) size 32x19
                  text run at (2,2) width 32: "col 2"
              RenderTableCell {TD} at (188,28) size 41x24 [bgcolor=#EE82EE] [border: (1px inset #808080)] [r=1 c=3 rs=1 cs=1]
                RenderText {#text} at (2,2) size 32x19
                  text run at (2,2) width 32: "col 3"
              RenderTableCell {TD} at (230,28) size 41x24 [bgcolor=#EE82EE] [border: (1px inset #808080)] [r=1 c=4 rs=1 cs=1]
                RenderText {#text} at (2,2) size 32x19
                  text run at (2,2) width 32: "col 4"
              RenderTableCell {TD} at (272,28) size 41x24 [bgcolor=#EE82EE] [border: (1px inset #808080)] [r=1 c=5 rs=1 cs=1]
                RenderText {#text} at (2,2) size 32x19
                  text run at (2,2) width 32: "col 5"
              RenderTableCell {TD} at (314,28) size 41x24 [bgcolor=#EE82EE] [border: (1px inset #808080)] [r=1 c=6 rs=1 cs=1]
                RenderText {#text} at (2,2) size 32x19
                  text run at (2,2) width 32: "col 6"
              RenderTableCell {TD} at (356,28) size 40x24 [bgcolor=#EE82EE] [border: (1px inset #808080)] [r=1 c=7 rs=1 cs=1]
                RenderText {#text} at (2,2) size 32x19
                  text run at (2,2) width 32: "col 7"
              RenderTableCell {TD} at (397,28) size 41x24 [bgcolor=#EE82EE] [border: (1px inset #808080)] [r=1 c=8 rs=1 cs=1]
                RenderText {#text} at (2,2) size 32x19
                  text run at (2,2) width 32: "col 8"
              RenderTableCell {TD} at (439,28) size 41x24 [bgcolor=#EE82EE] [border: (1px inset #808080)] [r=1 c=9 rs=1 cs=1]
                RenderText {#text} at (2,2) size 32x19
                  text run at (2,2) width 32: "col 9"
            RenderTableRow {TR} at (0,54) size 482x24
              RenderTableCell {TH} at (2,96) size 101x44 [bgcolor=#FFE4C4] [border: (1px inset #808080)] [r=2 c=0 rs=5 cs=1]
                RenderText {#text} at (19,2) size 63x19
                  text run at (19,2) width 63: "Header 2"
                RenderBR {BR} at (81,2) size 1x19
                RenderText {#text} at (7,22) size 87x19
                  text run at (7,22) width 87: "span=5 rows"
              RenderTableCell {TD} at (104,54) size 41x24 [bgcolor=#90EE90] [border: (1px inset #808080)] [r=2 c=1 rs=1 cs=1]
                RenderText {#text} at (2,2) size 32x19
                  text run at (2,2) width 32: "col 1"
              RenderTableCell {TD} at (146,54) size 41x24 [bgcolor=#90EE90] [border: (1px inset #808080)] [r=2 c=2 rs=1 cs=1]
                RenderText {#text} at (2,2) size 32x19
                  text run at (2,2) width 32: "col 2"
              RenderTableCell {TD} at (188,54) size 41x24 [bgcolor=#90EE90] [border: (1px inset #808080)] [r=2 c=3 rs=1 cs=1]
                RenderText {#text} at (2,2) size 32x19
                  text run at (2,2) width 32: "col 3"
              RenderTableCell {TD} at (230,54) size 41x24 [bgcolor=#90EE90] [border: (1px inset #808080)] [r=2 c=4 rs=1 cs=1]
                RenderText {#text} at (2,2) size 32x19
                  text run at (2,2) width 32: "col 4"
              RenderTableCell {TD} at (272,54) size 41x24 [bgcolor=#90EE90] [border: (1px inset #808080)] [r=2 c=5 rs=1 cs=1]
                RenderText {#text} at (2,2) size 32x19
                  text run at (2,2) width 32: "col 5"
              RenderTableCell {TD} at (314,54) size 41x24 [bgcolor=#90EE90] [border: (1px inset #808080)] [r=2 c=6 rs=1 cs=1]
                RenderText {#text} at (2,2) size 32x19
                  text run at (2,2) width 32: "col 6"
              RenderTableCell {TD} at (356,54) size 40x24 [bgcolor=#90EE90] [border: (1px inset #808080)] [r=2 c=7 rs=1 cs=1]
                RenderText {#text} at (2,2) size 32x19
                  text run at (2,2) width 32: "col 7"
              RenderTableCell {TD} at (397,54) size 41x24 [bgcolor=#90EE90] [border: (1px inset #808080)] [r=2 c=8 rs=1 cs=1]
                RenderText {#text} at (2,2) size 32x19
                  text run at (2,2) width 32: "col 8"
              RenderTableCell {TD} at (439,54) size 41x24 [bgcolor=#90EE90] [border: (1px inset #808080)] [r=2 c=9 rs=1 cs=1]
                RenderText {#text} at (2,2) size 32x19
                  text run at (2,2) width 32: "col 9"
            RenderTableRow {TR} at (0,80) size 482x24
              RenderTableCell {TD} at (104,80) size 41x24 [bgcolor=#90EE90] [border: (1px inset #808080)] [r=3 c=1 rs=1 cs=1]
                RenderText {#text} at (2,2) size 32x19
                  text run at (2,2) width 32: "col 1"
              RenderTableCell {TD} at (146,80) size 41x24 [bgcolor=#90EE90] [border: (1px inset #808080)] [r=3 c=2 rs=1 cs=1]
                RenderText {#text} at (2,2) size 32x19
                  text run at (2,2) width 32: "col 2"
              RenderTableCell {TD} at (188,80) size 41x24 [bgcolor=#90EE90] [border: (1px inset #808080)] [r=3 c=3 rs=1 cs=1]
                RenderText {#text} at (2,2) size 32x19
                  text run at (2,2) width 32: "col 3"
              RenderTableCell {TD} at (230,80) size 41x24 [bgcolor=#90EE90] [border: (1px inset #808080)] [r=3 c=4 rs=1 cs=1]
                RenderText {#text} at (2,2) size 32x19
                  text run at (2,2) width 32: "col 4"
              RenderTableCell {TD} at (272,80) size 41x24 [bgcolor=#90EE90] [border: (1px inset #808080)] [r=3 c=5 rs=1 cs=1]
                RenderText {#text} at (2,2) size 32x19
                  text run at (2,2) width 32: "col 5"
              RenderTableCell {TD} at (314,80) size 41x24 [bgcolor=#90EE90] [border: (1px inset #808080)] [r=3 c=6 rs=1 cs=1]
                RenderText {#text} at (2,2) size 32x19
                  text run at (2,2) width 32: "col 6"
              RenderTableCell {TD} at (356,80) size 40x24 [bgcolor=#90EE90] [border: (1px inset #808080)] [r=3 c=7 rs=1 cs=1]
                RenderText {#text} at (2,2) size 32x19
                  text run at (2,2) width 32: "col 7"
              RenderTableCell {TD} at (397,80) size 41x24 [bgcolor=#90EE90] [border: (1px inset #808080)] [r=3 c=8 rs=1 cs=1]
                RenderText {#text} at (2,2) size 32x19
                  text run at (2,2) width 32: "col 8"
              RenderTableCell {TD} at (439,80) size 41x24 [bgcolor=#90EE90] [border: (1px inset #808080)] [r=3 c=9 rs=1 cs=1]
                RenderText {#text} at (2,2) size 32x19
                  text run at (2,2) width 32: "col 9"
            RenderTableRow {TR} at (0,106) size 482x24 [bgcolor=#FFE4C4]
              RenderTableCell {TD} at (104,106) size 41x24 [bgcolor=#90EE90] [border: (1px inset #808080)] [r=4 c=1 rs=1 cs=1]
                RenderText {#text} at (2,2) size 32x19
                  text run at (2,2) width 32: "col 1"
              RenderTableCell {TD} at (146,106) size 41x24 [bgcolor=#90EE90] [border: (1px inset #808080)] [r=4 c=2 rs=1 cs=1]
                RenderText {#text} at (2,2) size 32x19
                  text run at (2,2) width 32: "col 2"
              RenderTableCell {TD} at (188,106) size 41x24 [bgcolor=#90EE90] [border: (1px inset #808080)] [r=4 c=3 rs=1 cs=1]
                RenderText {#text} at (2,2) size 32x19
                  text run at (2,2) width 32: "col 3"
              RenderTableCell {TD} at (230,106) size 41x24 [bgcolor=#90EE90] [border: (1px inset #808080)] [r=4 c=4 rs=1 cs=1]
                RenderText {#text} at (2,2) size 32x19
                  text run at (2,2) width 32: "col 4"
              RenderTableCell {TD} at (272,106) size 41x24 [bgcolor=#90EE90] [border: (1px inset #808080)] [r=4 c=5 rs=1 cs=1]
                RenderText {#text} at (2,2) size 32x19
                  text run at (2,2) width 32: "col 5"
              RenderTableCell {TD} at (314,106) size 41x24 [bgcolor=#90EE90] [border: (1px inset #808080)] [r=4 c=6 rs=1 cs=1]
                RenderText {#text} at (2,2) size 32x19
                  text run at (2,2) width 32: "col 6"
              RenderTableCell {TD} at (356,106) size 40x24 [bgcolor=#90EE90] [border: (1px inset #808080)] [r=4 c=7 rs=1 cs=1]
                RenderText {#text} at (2,2) size 32x19
                  text run at (2,2) width 32: "col 7"
              RenderTableCell {TD} at (397,106) size 41x24 [bgcolor=#90EE90] [border: (1px inset #808080)] [r=4 c=8 rs=1 cs=1]
                RenderText {#text} at (2,2) size 32x19
                  text run at (2,2) width 32: "col 8"
              RenderTableCell {TD} at (439,106) size 41x24 [bgcolor=#90EE90] [border: (1px inset #808080)] [r=4 c=9 rs=1 cs=1]
                RenderText {#text} at (2,2) size 32x19
                  text run at (2,2) width 32: "col 9"
            RenderTableRow {TR} at (0,132) size 482x24
              RenderTableCell {TD} at (104,132) size 41x24 [bgcolor=#90EE90] [border: (1px inset #808080)] [r=5 c=1 rs=1 cs=1]
                RenderText {#text} at (2,2) size 32x19
                  text run at (2,2) width 32: "col 1"
              RenderTableCell {TD} at (146,132) size 41x24 [bgcolor=#90EE90] [border: (1px inset #808080)] [r=5 c=2 rs=1 cs=1]
                RenderText {#text} at (2,2) size 32x19
                  text run at (2,2) width 32: "col 2"
              RenderTableCell {TD} at (188,132) size 41x24 [bgcolor=#90EE90] [border: (1px inset #808080)] [r=5 c=3 rs=1 cs=1]
                RenderText {#text} at (2,2) size 32x19
                  text run at (2,2) width 32: "col 3"
              RenderTableCell {TD} at (230,132) size 41x24 [bgcolor=#90EE90] [border: (1px inset #808080)] [r=5 c=4 rs=1 cs=1]
                RenderText {#text} at (2,2) size 32x19
                  text run at (2,2) width 32: "col 4"
              RenderTableCell {TD} at (272,132) size 41x24 [bgcolor=#90EE90] [border: (1px inset #808080)] [r=5 c=5 rs=1 cs=1]
                RenderText {#text} at (2,2) size 32x19
                  text run at (2,2) width 32: "col 5"
              RenderTableCell {TD} at (314,132) size 41x24 [bgcolor=#90EE90] [border: (1px inset #808080)] [r=5 c=6 rs=1 cs=1]
                RenderText {#text} at (2,2) size 32x19
                  text run at (2,2) width 32: "col 6"
              RenderTableCell {TD} at (356,132) size 40x24 [bgcolor=#90EE90] [border: (1px inset #808080)] [r=5 c=7 rs=1 cs=1]
                RenderText {#text} at (2,2) size 32x19
                  text run at (2,2) width 32: "col 7"
              RenderTableCell {TD} at (397,132) size 41x24 [bgcolor=#90EE90] [border: (1px inset #808080)] [r=5 c=8 rs=1 cs=1]
                RenderText {#text} at (2,2) size 32x19
                  text run at (2,2) width 32: "col 8"
              RenderTableCell {TD} at (439,132) size 41x24 [bgcolor=#90EE90] [border: (1px inset #808080)] [r=5 c=9 rs=1 cs=1]
                RenderText {#text} at (2,2) size 32x19
                  text run at (2,2) width 32: "col 9"
            RenderTableRow {TR} at (0,158) size 482x24
              RenderTableCell {TD} at (104,158) size 41x24 [bgcolor=#90EE90] [border: (1px inset #808080)] [r=6 c=1 rs=1 cs=1]
                RenderText {#text} at (2,2) size 32x19
                  text run at (2,2) width 32: "col 1"
              RenderTableCell {TD} at (146,158) size 41x24 [bgcolor=#90EE90] [border: (1px inset #808080)] [r=6 c=2 rs=1 cs=1]
                RenderText {#text} at (2,2) size 32x19
                  text run at (2,2) width 32: "col 2"
              RenderTableCell {TD} at (188,158) size 41x24 [bgcolor=#90EE90] [border: (1px inset #808080)] [r=6 c=3 rs=1 cs=1]
                RenderText {#text} at (2,2) size 32x19
                  text run at (2,2) width 32: "col 3"
              RenderTableCell {TD} at (230,158) size 41x24 [bgcolor=#90EE90] [border: (1px inset #808080)] [r=6 c=4 rs=1 cs=1]
                RenderText {#text} at (2,2) size 32x19
                  text run at (2,2) width 32: "col 4"
              RenderTableCell {TD} at (272,158) size 41x24 [bgcolor=#90EE90] [border: (1px inset #808080)] [r=6 c=5 rs=1 cs=1]
                RenderText {#text} at (2,2) size 32x19
                  text run at (2,2) width 32: "col 5"
              RenderTableCell {TD} at (314,158) size 41x24 [bgcolor=#90EE90] [border: (1px inset #808080)] [r=6 c=6 rs=1 cs=1]
                RenderText {#text} at (2,2) size 32x19
                  text run at (2,2) width 32: "col 6"
              RenderTableCell {TD} at (356,158) size 40x24 [bgcolor=#90EE90] [border: (1px inset #808080)] [r=6 c=7 rs=1 cs=1]
                RenderText {#text} at (2,2) size 32x19
                  text run at (2,2) width 32: "col 7"
              RenderTableCell {TD} at (397,158) size 41x24 [bgcolor=#90EE90] [border: (1px inset #808080)] [r=6 c=8 rs=1 cs=1]
                RenderText {#text} at (2,2) size 32x19
                  text run at (2,2) width 32: "col 8"
              RenderTableCell {TD} at (439,158) size 41x24 [bgcolor=#90EE90] [border: (1px inset #808080)] [r=6 c=9 rs=1 cs=1]
                RenderText {#text} at (2,2) size 32x19
                  text run at (2,2) width 32: "col 9"
            RenderTableRow {TR} at (0,184) size 482x24
              RenderTableCell {TH} at (2,200) size 101x44 [bgcolor=#FFE4C4] [border: (1px inset #808080)] [r=7 c=0 rs=3 cs=1]
                RenderText {#text} at (19,2) size 63x19
                  text run at (19,2) width 63: "Header 3"
                RenderBR {BR} at (81,2) size 1x19
                RenderText {#text} at (7,22) size 87x19
                  text run at (7,22) width 87: "span=3 rows"
              RenderTableCell {TD} at (104,184) size 41x24 [bgcolor=#ADD8E6] [border: (1px inset #808080)] [r=7 c=1 rs=1 cs=1]
                RenderText {#text} at (2,2) size 32x19
                  text run at (2,2) width 32: "col 1"
              RenderTableCell {TD} at (146,184) size 41x24 [bgcolor=#ADD8E6] [border: (1px inset #808080)] [r=7 c=2 rs=1 cs=1]
                RenderText {#text} at (2,2) size 32x19
                  text run at (2,2) width 32: "col 2"
              RenderTableCell {TD} at (188,184) size 41x24 [bgcolor=#ADD8E6] [border: (1px inset #808080)] [r=7 c=3 rs=1 cs=1]
                RenderText {#text} at (2,2) size 32x19
                  text run at (2,2) width 32: "col 3"
              RenderTableCell {TD} at (230,184) size 41x24 [bgcolor=#ADD8E6] [border: (1px inset #808080)] [r=7 c=4 rs=1 cs=1]
                RenderText {#text} at (2,2) size 32x19
                  text run at (2,2) width 32: "col 4"
              RenderTableCell {TD} at (272,184) size 41x24 [bgcolor=#ADD8E6] [border: (1px inset #808080)] [r=7 c=5 rs=1 cs=1]
                RenderText {#text} at (2,2) size 32x19
                  text run at (2,2) width 32: "col 5"
              RenderTableCell {TD} at (314,184) size 41x24 [bgcolor=#ADD8E6] [border: (1px inset #808080)] [r=7 c=6 rs=1 cs=1]
                RenderText {#text} at (2,2) size 32x19
                  text run at (2,2) width 32: "col 6"
              RenderTableCell {TD} at (356,184) size 40x24 [bgcolor=#ADD8E6] [border: (1px inset #808080)] [r=7 c=7 rs=1 cs=1]
                RenderText {#text} at (2,2) size 32x19
                  text run at (2,2) width 32: "col 7"
              RenderTableCell {TD} at (397,184) size 41x24 [bgcolor=#ADD8E6] [border: (1px inset #808080)] [r=7 c=8 rs=1 cs=1]
                RenderText {#text} at (2,2) size 32x19
                  text run at (2,2) width 32: "col 8"
              RenderTableCell {TD} at (439,184) size 41x24 [bgcolor=#ADD8E6] [border: (1px inset #808080)] [r=7 c=9 rs=1 cs=1]
                RenderText {#text} at (2,2) size 32x19
                  text run at (2,2) width 32: "col 9"
            RenderTableRow {TR} at (0,210) size 482x24
              RenderTableCell {TD} at (104,210) size 41x24 [bgcolor=#ADD8E6] [border: (1px inset #808080)] [r=8 c=1 rs=1 cs=1]
                RenderText {#text} at (2,2) size 32x19
                  text run at (2,2) width 32: "col 1"
              RenderTableCell {TD} at (146,210) size 41x24 [bgcolor=#ADD8E6] [border: (1px inset #808080)] [r=8 c=2 rs=1 cs=1]
                RenderText {#text} at (2,2) size 32x19
                  text run at (2,2) width 32: "col 2"
              RenderTableCell {TD} at (188,210) size 41x24 [bgcolor=#ADD8E6] [border: (1px inset #808080)] [r=8 c=3 rs=1 cs=1]
                RenderText {#text} at (2,2) size 32x19
                  text run at (2,2) width 32: "col 3"
              RenderTableCell {TD} at (230,210) size 41x24 [bgcolor=#ADD8E6] [border: (1px inset #808080)] [r=8 c=4 rs=1 cs=1]
                RenderText {#text} at (2,2) size 32x19
                  text run at (2,2) width 32: "col 4"
              RenderTableCell {TD} at (272,210) size 41x24 [bgcolor=#ADD8E6] [border: (1px inset #808080)] [r=8 c=5 rs=1 cs=1]
                RenderText {#text} at (2,2) size 32x19
                  text run at (2,2) width 32: "col 5"
              RenderTableCell {TD} at (314,210) size 41x24 [bgcolor=#ADD8E6] [border: (1px inset #808080)] [r=8 c=6 rs=1 cs=1]
                RenderText {#text} at (2,2) size 32x19
                  text run at (2,2) width 32: "col 6"
              RenderTableCell {TD} at (356,210) size 40x24 [bgcolor=#ADD8E6] [border: (1px inset #808080)] [r=8 c=7 rs=1 cs=1]
                RenderText {#text} at (2,2) size 32x19
                  text run at (2,2) width 32: "col 7"
              RenderTableCell {TD} at (397,210) size 41x24 [bgcolor=#ADD8E6] [border: (1px inset #808080)] [r=8 c=8 rs=1 cs=1]
                RenderText {#text} at (2,2) size 32x19
                  text run at (2,2) width 32: "col 8"
              RenderTableCell {TD} at (439,210) size 41x24 [bgcolor=#ADD8E6] [border: (1px inset #808080)] [r=8 c=9 rs=1 cs=1]
                RenderText {#text} at (2,2) size 32x19
                  text run at (2,2) width 32: "col 9"
            RenderTableRow {TR} at (0,236) size 482x24
              RenderTableCell {TD} at (104,236) size 41x24 [bgcolor=#ADD8E6] [border: (1px inset #808080)] [r=9 c=1 rs=1 cs=1]
                RenderText {#text} at (2,2) size 32x19
                  text run at (2,2) width 32: "col 1"
              RenderTableCell {TD} at (146,236) size 41x24 [bgcolor=#ADD8E6] [border: (1px inset #808080)] [r=9 c=2 rs=1 cs=1]
                RenderText {#text} at (2,2) size 32x19
                  text run at (2,2) width 32: "col 2"
              RenderTableCell {TD} at (188,236) size 41x24 [bgcolor=#ADD8E6] [border: (1px inset #808080)] [r=9 c=3 rs=1 cs=1]
                RenderText {#text} at (2,2) size 32x19
                  text run at (2,2) width 32: "col 3"
              RenderTableCell {TD} at (230,236) size 41x24 [bgcolor=#ADD8E6] [border: (1px inset #808080)] [r=9 c=4 rs=1 cs=1]
                RenderText {#text} at (2,2) size 32x19
                  text run at (2,2) width 32: "col 4"
              RenderTableCell {TD} at (272,236) size 41x24 [bgcolor=#ADD8E6] [border: (1px inset #808080)] [r=9 c=5 rs=1 cs=1]
                RenderText {#text} at (2,2) size 32x19
                  text run at (2,2) width 32: "col 5"
              RenderTableCell {TD} at (314,236) size 41x24 [bgcolor=#ADD8E6] [border: (1px inset #808080)] [r=9 c=6 rs=1 cs=1]
                RenderText {#text} at (2,2) size 32x19
                  text run at (2,2) width 32: "col 6"
              RenderTableCell {TD} at (356,236) size 40x24 [bgcolor=#ADD8E6] [border: (1px inset #808080)] [r=9 c=7 rs=1 cs=1]
                RenderText {#text} at (2,2) size 32x19
                  text run at (2,2) width 32: "col 7"
              RenderTableCell {TD} at (397,236) size 41x24 [bgcolor=#ADD8E6] [border: (1px inset #808080)] [r=9 c=8 rs=1 cs=1]
                RenderText {#text} at (2,2) size 32x19
                  text run at (2,2) width 32: "col 8"
              RenderTableCell {TD} at (439,236) size 41x24 [bgcolor=#ADD8E6] [border: (1px inset #808080)] [r=9 c=9 rs=1 cs=1]
                RenderText {#text} at (2,2) size 32x19
                  text run at (2,2) width 32: "col 9"
      RenderBlock {P} at (0,1141) size 784x0
      RenderBlock {HR} at (0,1141) size 784x3 [border: (1px inset #000000)]
      RenderBlock {P} at (0,1159) size 784x49
        RenderTable {TABLE} at (0,0) size 667x48 [bgcolor=#F08080] [border: (1px outset #808080)]
          RenderTableSection {TBODY} at (1,1) size 665x46
            RenderTableRow {TR} at (0,2) size 665x42
              RenderTableCell {TH} at (2,2) size 661x42 [border: (1px inset #808080)] [r=0 c=0 rs=1 cs=1]
                RenderInline {A} at (0,0) size 0x19
                RenderText {#text} at (11,11) size 95x19
                  text run at (11,11) width 95: "Test Case #2: "
                RenderInline {FONT} at (0,0) size 300x19 [color=#0000FF]
                  RenderText {#text} at (105,11) size 300x19
                    text run at (105,11) width 300: "table with data cells spanning multiple rows"
                RenderText {#text} at (404,11) size 5x19
                  text run at (404,11) width 5: " "
                RenderInline {FONT} at (0,0) size 237x15
                  RenderInline {I} at (0,0) size 237x15
                    RenderText {#text} at (408,14) size 237x15
                      text run at (408,14) width 237: "(using <TD ROWSPAN=integer value> tag)"
                RenderText {#text} at (0,0) size 0x0
      RenderBlock {P} at (0,1223) size 784x129
        RenderBlock (anonymous) at (0,0) size 784x20
          RenderBR {BR} at (0,0) size 0x19
        RenderTable {TABLE} at (0,20) size 706x108 [bgcolor=#FFD700] [border: (1px outset #808080)]
          RenderTableSection {TBODY} at (1,1) size 704x106
            RenderTableRow {TR} at (0,2) size 704x102
              RenderTableCell {TD} at (2,2) size 700x102 [border: (1px inset #808080)] [r=0 c=0 rs=1 cs=1]
                RenderInline {FONT} at (0,0) size 671x79 [color=#FF0000]
                  RenderInline {B} at (0,0) size 671x79
                    RenderText {#text} at (11,11) size 361x19
                      text run at (11,11) width 361: "In the following sample table you should see that the "
                    RenderInline {FONT} at (0,0) size 82x19 [color=#0000FF]
                      RenderText {#text} at (371,11) size 82x19
                        text run at (371,11) width 82: "ROWSPAN"
                    RenderText {#text} at (452,11) size 671x39
                      text run at (452,11) width 5: " "
                      text run at (456,11) width 226: "attribute applies an integer value"
                      text run at (11,31) width 222: "equal to the number of rows the "
                    RenderInline {FONT} at (0,0) size 44x19 [color=#0000FF]
                      RenderText {#text} at (232,31) size 44x19
                        text run at (232,31) width 44: "DATA"
                    RenderText {#text} at (275,31) size 670x59
                      text run at (275,31) width 138: " cell is to span. This "
                      text run at (412,31) width 269: "tells the browser to make the table data"
                      text run at (11,51) width 562: "cell occupy the same vertical space as the integer number of cells specified in rows "
                      text run at (572,51) width 104: "above or below"
                      text run at (11,71) width 611: "it. The browser flows the contents of the spanning cell to occupy the entire spanned space."
      RenderBlock {P} at (0,1367) size 784x41
        RenderBR {BR} at (0,0) size 0x19
        RenderBR {BR} at (0,20) size 0x19
      RenderBlock {UL} at (0,1423) size 784x285
        RenderTable {TABLE} at (40,0) size 484x284 [border: (1px outset #808080)]
          RenderBlock {CAPTION} at (0,0) size 484x20
            RenderText {#text} at (109,0) size 41x19
              text run at (109,0) width 41: "Table "
            RenderInline {B} at (0,0) size 71x19
              RenderText {#text} at (149,0) size 71x19
                text run at (149,0) width 71: "Data Cells"
            RenderText {#text} at (219,0) size 155x19
              text run at (219,0) width 155: " spanning multiple rows"
          RenderTableSection {TBODY} at (1,21) size 482x262
            RenderTableRow {TR} at (0,2) size 482x24
              RenderTableCell {TH} at (2,2) size 42x24 [bgcolor=#EE82EE] [border: (1px inset #808080)] [r=0 c=0 rs=1 cs=1]
                RenderText {#text} at (2,2) size 37x19
                  text run at (2,2) width 37: "Head"
              RenderTableCell {TD} at (45,5) size 89x44 [bgcolor=#FFFACD] [border: (1px inset #808080)] [r=0 c=1 rs=2 cs=1]
                RenderText {#text} at (2,2) size 43x19
                  text run at (2,2) width 43: "Data 1"
                RenderBR {BR} at (44,2) size 1x19
                RenderText {#text} at (2,22) size 82x19
                  text run at (2,22) width 82: "span=2 rows"
              RenderTableCell {TD} at (135,2) size 37x24 [bgcolor=#EE82EE] [border: (1px inset #808080)] [r=0 c=2 rs=1 cs=1]
                RenderText {#text} at (2,2) size 32x19
                  text run at (2,2) width 32: "col 1"
              RenderTableCell {TD} at (173,2) size 38x24 [bgcolor=#EE82EE] [border: (1px inset #808080)] [r=0 c=3 rs=1 cs=1]
                RenderText {#text} at (2,2) size 32x19
                  text run at (2,2) width 32: "col 2"
              RenderTableCell {TD} at (212,2) size 37x24 [bgcolor=#EE82EE] [border: (1px inset #808080)] [r=0 c=4 rs=1 cs=1]
                RenderText {#text} at (2,2) size 32x19
                  text run at (2,2) width 32: "col 3"
              RenderTableCell {TD} at (250,2) size 38x24 [bgcolor=#EE82EE] [border: (1px inset #808080)] [r=0 c=5 rs=1 cs=1]
                RenderText {#text} at (2,2) size 32x19
                  text run at (2,2) width 32: "col 4"
              RenderTableCell {TD} at (289,2) size 37x24 [bgcolor=#EE82EE] [border: (1px inset #808080)] [r=0 c=6 rs=1 cs=1]
                RenderText {#text} at (2,2) size 32x19
                  text run at (2,2) width 32: "col 5"
              RenderTableCell {TD} at (327,2) size 38x24 [bgcolor=#EE82EE] [border: (1px inset #808080)] [r=0 c=7 rs=1 cs=1]
                RenderText {#text} at (2,2) size 32x19
                  text run at (2,2) width 32: "col 6"
              RenderTableCell {TD} at (366,2) size 37x24 [bgcolor=#EE82EE] [border: (1px inset #808080)] [r=0 c=8 rs=1 cs=1]
                RenderText {#text} at (2,2) size 32x19
                  text run at (2,2) width 32: "col 7"
              RenderTableCell {TD} at (404,2) size 38x24 [bgcolor=#EE82EE] [border: (1px inset #808080)] [r=0 c=9 rs=1 cs=1]
                RenderText {#text} at (2,2) size 32x19
                  text run at (2,2) width 32: "col 8"
              RenderTableCell {TD} at (443,2) size 37x24 [bgcolor=#EE82EE] [border: (1px inset #808080)] [r=0 c=10 rs=1 cs=1]
                RenderText {#text} at (2,2) size 32x19
                  text run at (2,2) width 32: "col 9"
            RenderTableRow {TR} at (0,28) size 482x24
              RenderTableCell {TH} at (2,28) size 42x24 [bgcolor=#EE82EE] [border: (1px inset #808080)] [r=1 c=0 rs=1 cs=1]
                RenderText {#text} at (2,2) size 37x19
                  text run at (2,2) width 37: "Head"
              RenderTableCell {TD} at (135,28) size 37x24 [bgcolor=#EE82EE] [border: (1px inset #808080)] [r=1 c=2 rs=1 cs=1]
                RenderText {#text} at (2,2) size 32x19
                  text run at (2,2) width 32: "col 1"
              RenderTableCell {TD} at (173,28) size 38x24 [bgcolor=#EE82EE] [border: (1px inset #808080)] [r=1 c=3 rs=1 cs=1]
                RenderText {#text} at (2,2) size 32x19
                  text run at (2,2) width 32: "col 2"
              RenderTableCell {TD} at (212,28) size 37x24 [bgcolor=#EE82EE] [border: (1px inset #808080)] [r=1 c=4 rs=1 cs=1]
                RenderText {#text} at (2,2) size 32x19
                  text run at (2,2) width 32: "col 3"
              RenderTableCell {TD} at (250,28) size 38x24 [bgcolor=#EE82EE] [border: (1px inset #808080)] [r=1 c=5 rs=1 cs=1]
                RenderText {#text} at (2,2) size 32x19
                  text run at (2,2) width 32: "col 4"
              RenderTableCell {TD} at (289,28) size 37x24 [bgcolor=#EE82EE] [border: (1px inset #808080)] [r=1 c=6 rs=1 cs=1]
                RenderText {#text} at (2,2) size 32x19
                  text run at (2,2) width 32: "col 5"
              RenderTableCell {TD} at (327,28) size 38x24 [bgcolor=#EE82EE] [border: (1px inset #808080)] [r=1 c=7 rs=1 cs=1]
                RenderText {#text} at (2,2) size 32x19
                  text run at (2,2) width 32: "col 6"
              RenderTableCell {TD} at (366,28) size 37x24 [bgcolor=#EE82EE] [border: (1px inset #808080)] [r=1 c=8 rs=1 cs=1]
                RenderText {#text} at (2,2) size 32x19
                  text run at (2,2) width 32: "col 7"
              RenderTableCell {TD} at (404,28) size 38x24 [bgcolor=#EE82EE] [border: (1px inset #808080)] [r=1 c=9 rs=1 cs=1]
                RenderText {#text} at (2,2) size 32x19
                  text run at (2,2) width 32: "col 8"
              RenderTableCell {TD} at (443,28) size 37x24 [bgcolor=#EE82EE] [border: (1px inset #808080)] [r=1 c=10 rs=1 cs=1]
                RenderText {#text} at (2,2) size 32x19
                  text run at (2,2) width 32: "col 9"
            RenderTableRow {TR} at (0,54) size 482x24
              RenderTableCell {TH} at (2,54) size 42x24 [bgcolor=#90EE90] [border: (1px inset #808080)] [r=2 c=0 rs=1 cs=1]
                RenderText {#text} at (2,2) size 37x19
                  text run at (2,2) width 37: "Head"
              RenderTableCell {TD} at (45,96) size 89x44 [bgcolor=#FFFACD] [border: (1px inset #808080)] [r=2 c=1 rs=5 cs=1]
                RenderText {#text} at (2,2) size 43x19
                  text run at (2,2) width 43: "Data 2"
                RenderBR {BR} at (44,2) size 1x19
                RenderText {#text} at (2,22) size 82x19
                  text run at (2,22) width 82: "span=5 rows"
              RenderTableCell {TD} at (135,54) size 37x24 [bgcolor=#90EE90] [border: (1px inset #808080)] [r=2 c=2 rs=1 cs=1]
                RenderText {#text} at (2,2) size 32x19
                  text run at (2,2) width 32: "col 1"
              RenderTableCell {TD} at (173,54) size 38x24 [bgcolor=#90EE90] [border: (1px inset #808080)] [r=2 c=3 rs=1 cs=1]
                RenderText {#text} at (2,2) size 32x19
                  text run at (2,2) width 32: "col 2"
              RenderTableCell {TD} at (212,54) size 37x24 [bgcolor=#90EE90] [border: (1px inset #808080)] [r=2 c=4 rs=1 cs=1]
                RenderText {#text} at (2,2) size 32x19
                  text run at (2,2) width 32: "col 3"
              RenderTableCell {TD} at (250,54) size 38x24 [bgcolor=#90EE90] [border: (1px inset #808080)] [r=2 c=5 rs=1 cs=1]
                RenderText {#text} at (2,2) size 32x19
                  text run at (2,2) width 32: "col 4"
              RenderTableCell {TD} at (289,54) size 37x24 [bgcolor=#90EE90] [border: (1px inset #808080)] [r=2 c=6 rs=1 cs=1]
                RenderText {#text} at (2,2) size 32x19
                  text run at (2,2) width 32: "col 5"
              RenderTableCell {TD} at (327,54) size 38x24 [bgcolor=#90EE90] [border: (1px inset #808080)] [r=2 c=7 rs=1 cs=1]
                RenderText {#text} at (2,2) size 32x19
                  text run at (2,2) width 32: "col 6"
              RenderTableCell {TD} at (366,54) size 37x24 [bgcolor=#90EE90] [border: (1px inset #808080)] [r=2 c=8 rs=1 cs=1]
                RenderText {#text} at (2,2) size 32x19
                  text run at (2,2) width 32: "col 7"
              RenderTableCell {TD} at (404,54) size 38x24 [bgcolor=#90EE90] [border: (1px inset #808080)] [r=2 c=9 rs=1 cs=1]
                RenderText {#text} at (2,2) size 32x19
                  text run at (2,2) width 32: "col 8"
              RenderTableCell {TD} at (443,54) size 37x24 [bgcolor=#90EE90] [border: (1px inset #808080)] [r=2 c=10 rs=1 cs=1]
                RenderText {#text} at (2,2) size 32x19
                  text run at (2,2) width 32: "col 9"
            RenderTableRow {TR} at (0,80) size 482x24
              RenderTableCell {TH} at (2,80) size 42x24 [bgcolor=#90EE90] [border: (1px inset #808080)] [r=3 c=0 rs=1 cs=1]
                RenderText {#text} at (2,2) size 37x19
                  text run at (2,2) width 37: "Head"
              RenderTableCell {TD} at (135,80) size 37x24 [bgcolor=#90EE90] [border: (1px inset #808080)] [r=3 c=2 rs=1 cs=1]
                RenderText {#text} at (2,2) size 32x19
                  text run at (2,2) width 32: "col 1"
              RenderTableCell {TD} at (173,80) size 38x24 [bgcolor=#90EE90] [border: (1px inset #808080)] [r=3 c=3 rs=1 cs=1]
                RenderText {#text} at (2,2) size 32x19
                  text run at (2,2) width 32: "col 2"
              RenderTableCell {TD} at (212,80) size 37x24 [bgcolor=#90EE90] [border: (1px inset #808080)] [r=3 c=4 rs=1 cs=1]
                RenderText {#text} at (2,2) size 32x19
                  text run at (2,2) width 32: "col 3"
              RenderTableCell {TD} at (250,80) size 38x24 [bgcolor=#90EE90] [border: (1px inset #808080)] [r=3 c=5 rs=1 cs=1]
                RenderText {#text} at (2,2) size 32x19
                  text run at (2,2) width 32: "col 4"
              RenderTableCell {TD} at (289,80) size 37x24 [bgcolor=#90EE90] [border: (1px inset #808080)] [r=3 c=6 rs=1 cs=1]
                RenderText {#text} at (2,2) size 32x19
                  text run at (2,2) width 32: "col 5"
              RenderTableCell {TD} at (327,80) size 38x24 [bgcolor=#90EE90] [border: (1px inset #808080)] [r=3 c=7 rs=1 cs=1]
                RenderText {#text} at (2,2) size 32x19
                  text run at (2,2) width 32: "col 6"
              RenderTableCell {TD} at (366,80) size 37x24 [bgcolor=#90EE90] [border: (1px inset #808080)] [r=3 c=8 rs=1 cs=1]
                RenderText {#text} at (2,2) size 32x19
                  text run at (2,2) width 32: "col 7"
              RenderTableCell {TD} at (404,80) size 38x24 [bgcolor=#90EE90] [border: (1px inset #808080)] [r=3 c=9 rs=1 cs=1]
                RenderText {#text} at (2,2) size 32x19
                  text run at (2,2) width 32: "col 8"
              RenderTableCell {TD} at (443,80) size 37x24 [bgcolor=#90EE90] [border: (1px inset #808080)] [r=3 c=10 rs=1 cs=1]
                RenderText {#text} at (2,2) size 32x19
                  text run at (2,2) width 32: "col 9"
            RenderTableRow {TR} at (0,106) size 482x24
              RenderTableCell {TH} at (2,106) size 42x24 [bgcolor=#90EE90] [border: (1px inset #808080)] [r=4 c=0 rs=1 cs=1]
                RenderText {#text} at (2,2) size 37x19
                  text run at (2,2) width 37: "Head"
              RenderTableCell {TD} at (135,106) size 37x24 [bgcolor=#90EE90] [border: (1px inset #808080)] [r=4 c=2 rs=1 cs=1]
                RenderText {#text} at (2,2) size 32x19
                  text run at (2,2) width 32: "col 1"
              RenderTableCell {TD} at (173,106) size 38x24 [bgcolor=#90EE90] [border: (1px inset #808080)] [r=4 c=3 rs=1 cs=1]
                RenderText {#text} at (2,2) size 32x19
                  text run at (2,2) width 32: "col 2"
              RenderTableCell {TD} at (212,106) size 37x24 [bgcolor=#90EE90] [border: (1px inset #808080)] [r=4 c=4 rs=1 cs=1]
                RenderText {#text} at (2,2) size 32x19
                  text run at (2,2) width 32: "col 3"
              RenderTableCell {TD} at (250,106) size 38x24 [bgcolor=#90EE90] [border: (1px inset #808080)] [r=4 c=5 rs=1 cs=1]
                RenderText {#text} at (2,2) size 32x19
                  text run at (2,2) width 32: "col 4"
              RenderTableCell {TD} at (289,106) size 37x24 [bgcolor=#90EE90] [border: (1px inset #808080)] [r=4 c=6 rs=1 cs=1]
                RenderText {#text} at (2,2) size 32x19
                  text run at (2,2) width 32: "col 5"
              RenderTableCell {TD} at (327,106) size 38x24 [bgcolor=#90EE90] [border: (1px inset #808080)] [r=4 c=7 rs=1 cs=1]
                RenderText {#text} at (2,2) size 32x19
                  text run at (2,2) width 32: "col 6"
              RenderTableCell {TD} at (366,106) size 37x24 [bgcolor=#90EE90] [border: (1px inset #808080)] [r=4 c=8 rs=1 cs=1]
                RenderText {#text} at (2,2) size 32x19
                  text run at (2,2) width 32: "col 7"
              RenderTableCell {TD} at (404,106) size 38x24 [bgcolor=#90EE90] [border: (1px inset #808080)] [r=4 c=9 rs=1 cs=1]
                RenderText {#text} at (2,2) size 32x19
                  text run at (2,2) width 32: "col 8"
              RenderTableCell {TD} at (443,106) size 37x24 [bgcolor=#90EE90] [border: (1px inset #808080)] [r=4 c=10 rs=1 cs=1]
                RenderText {#text} at (2,2) size 32x19
                  text run at (2,2) width 32: "col 9"
            RenderTableRow {TR} at (0,132) size 482x24
              RenderTableCell {TH} at (2,132) size 42x24 [bgcolor=#90EE90] [border: (1px inset #808080)] [r=5 c=0 rs=1 cs=1]
                RenderText {#text} at (2,2) size 37x19
                  text run at (2,2) width 37: "Head"
              RenderTableCell {TD} at (135,132) size 37x24 [bgcolor=#90EE90] [border: (1px inset #808080)] [r=5 c=2 rs=1 cs=1]
                RenderText {#text} at (2,2) size 32x19
                  text run at (2,2) width 32: "col 1"
              RenderTableCell {TD} at (173,132) size 38x24 [bgcolor=#90EE90] [border: (1px inset #808080)] [r=5 c=3 rs=1 cs=1]
                RenderText {#text} at (2,2) size 32x19
                  text run at (2,2) width 32: "col 2"
              RenderTableCell {TD} at (212,132) size 37x24 [bgcolor=#90EE90] [border: (1px inset #808080)] [r=5 c=4 rs=1 cs=1]
                RenderText {#text} at (2,2) size 32x19
                  text run at (2,2) width 32: "col 3"
              RenderTableCell {TD} at (250,132) size 38x24 [bgcolor=#90EE90] [border: (1px inset #808080)] [r=5 c=5 rs=1 cs=1]
                RenderText {#text} at (2,2) size 32x19
                  text run at (2,2) width 32: "col 4"
              RenderTableCell {TD} at (289,132) size 37x24 [bgcolor=#90EE90] [border: (1px inset #808080)] [r=5 c=6 rs=1 cs=1]
                RenderText {#text} at (2,2) size 32x19
                  text run at (2,2) width 32: "col 5"
              RenderTableCell {TD} at (327,132) size 38x24 [bgcolor=#90EE90] [border: (1px inset #808080)] [r=5 c=7 rs=1 cs=1]
                RenderText {#text} at (2,2) size 32x19
                  text run at (2,2) width 32: "col 6"
              RenderTableCell {TD} at (366,132) size 37x24 [bgcolor=#90EE90] [border: (1px inset #808080)] [r=5 c=8 rs=1 cs=1]
                RenderText {#text} at (2,2) size 32x19
                  text run at (2,2) width 32: "col 7"
              RenderTableCell {TD} at (404,132) size 38x24 [bgcolor=#90EE90] [border: (1px inset #808080)] [r=5 c=9 rs=1 cs=1]
                RenderText {#text} at (2,2) size 32x19
                  text run at (2,2) width 32: "col 8"
              RenderTableCell {TD} at (443,132) size 37x24 [bgcolor=#90EE90] [border: (1px inset #808080)] [r=5 c=10 rs=1 cs=1]
                RenderText {#text} at (2,2) size 32x19
                  text run at (2,2) width 32: "col 9"
            RenderTableRow {TR} at (0,158) size 482x24
              RenderTableCell {TH} at (2,158) size 42x24 [bgcolor=#90EE90] [border: (1px inset #808080)] [r=6 c=0 rs=1 cs=1]
                RenderText {#text} at (2,2) size 37x19
                  text run at (2,2) width 37: "Head"
              RenderTableCell {TD} at (135,158) size 37x24 [bgcolor=#90EE90] [border: (1px inset #808080)] [r=6 c=2 rs=1 cs=1]
                RenderText {#text} at (2,2) size 32x19
                  text run at (2,2) width 32: "col 1"
              RenderTableCell {TD} at (173,158) size 38x24 [bgcolor=#90EE90] [border: (1px inset #808080)] [r=6 c=3 rs=1 cs=1]
                RenderText {#text} at (2,2) size 32x19
                  text run at (2,2) width 32: "col 2"
              RenderTableCell {TD} at (212,158) size 37x24 [bgcolor=#90EE90] [border: (1px inset #808080)] [r=6 c=4 rs=1 cs=1]
                RenderText {#text} at (2,2) size 32x19
                  text run at (2,2) width 32: "col 3"
              RenderTableCell {TD} at (250,158) size 38x24 [bgcolor=#90EE90] [border: (1px inset #808080)] [r=6 c=5 rs=1 cs=1]
                RenderText {#text} at (2,2) size 32x19
                  text run at (2,2) width 32: "col 4"
              RenderTableCell {TD} at (289,158) size 37x24 [bgcolor=#90EE90] [border: (1px inset #808080)] [r=6 c=6 rs=1 cs=1]
                RenderText {#text} at (2,2) size 32x19
                  text run at (2,2) width 32: "col 5"
              RenderTableCell {TD} at (327,158) size 38x24 [bgcolor=#90EE90] [border: (1px inset #808080)] [r=6 c=7 rs=1 cs=1]
                RenderText {#text} at (2,2) size 32x19
                  text run at (2,2) width 32: "col 6"
              RenderTableCell {TD} at (366,158) size 37x24 [bgcolor=#90EE90] [border: (1px inset #808080)] [r=6 c=8 rs=1 cs=1]
                RenderText {#text} at (2,2) size 32x19
                  text run at (2,2) width 32: "col 7"
              RenderTableCell {TD} at (404,158) size 38x24 [bgcolor=#90EE90] [border: (1px inset #808080)] [r=6 c=9 rs=1 cs=1]
                RenderText {#text} at (2,2) size 32x19
                  text run at (2,2) width 32: "col 8"
              RenderTableCell {TD} at (443,158) size 37x24 [bgcolor=#90EE90] [border: (1px inset #808080)] [r=6 c=10 rs=1 cs=1]
                RenderText {#text} at (2,2) size 32x19
                  text run at (2,2) width 32: "col 9"
            RenderTableRow {TR} at (0,184) size 482x24
              RenderTableCell {TH} at (2,184) size 42x24 [bgcolor=#ADD8E6] [border: (1px inset #808080)] [r=7 c=0 rs=1 cs=1]
                RenderText {#text} at (2,2) size 37x19
                  text run at (2,2) width 37: "Head"
              RenderTableCell {TD} at (45,200) size 89x44 [bgcolor=#FFFACD] [border: (1px inset #808080)] [r=7 c=1 rs=3 cs=1]
                RenderText {#text} at (2,2) size 43x19
                  text run at (2,2) width 43: "Data 3"
                RenderBR {BR} at (44,2) size 1x19
                RenderText {#text} at (2,22) size 82x19
                  text run at (2,22) width 82: "span=3 rows"
              RenderTableCell {TD} at (135,184) size 37x24 [bgcolor=#ADD8E6] [border: (1px inset #808080)] [r=7 c=2 rs=1 cs=1]
                RenderText {#text} at (2,2) size 32x19
                  text run at (2,2) width 32: "col 1"
              RenderTableCell {TD} at (173,184) size 38x24 [bgcolor=#ADD8E6] [border: (1px inset #808080)] [r=7 c=3 rs=1 cs=1]
                RenderText {#text} at (2,2) size 32x19
                  text run at (2,2) width 32: "col 2"
              RenderTableCell {TD} at (212,184) size 37x24 [bgcolor=#ADD8E6] [border: (1px inset #808080)] [r=7 c=4 rs=1 cs=1]
                RenderText {#text} at (2,2) size 32x19
                  text run at (2,2) width 32: "col 3"
              RenderTableCell {TD} at (250,184) size 38x24 [bgcolor=#ADD8E6] [border: (1px inset #808080)] [r=7 c=5 rs=1 cs=1]
                RenderText {#text} at (2,2) size 32x19
                  text run at (2,2) width 32: "col 4"
              RenderTableCell {TD} at (289,184) size 37x24 [bgcolor=#ADD8E6] [border: (1px inset #808080)] [r=7 c=6 rs=1 cs=1]
                RenderText {#text} at (2,2) size 32x19
                  text run at (2,2) width 32: "col 5"
              RenderTableCell {TD} at (327,184) size 38x24 [bgcolor=#ADD8E6] [border: (1px inset #808080)] [r=7 c=7 rs=1 cs=1]
                RenderText {#text} at (2,2) size 32x19
                  text run at (2,2) width 32: "col 6"
              RenderTableCell {TD} at (366,184) size 37x24 [bgcolor=#ADD8E6] [border: (1px inset #808080)] [r=7 c=8 rs=1 cs=1]
                RenderText {#text} at (2,2) size 32x19
                  text run at (2,2) width 32: "col 7"
              RenderTableCell {TD} at (404,184) size 38x24 [bgcolor=#ADD8E6] [border: (1px inset #808080)] [r=7 c=9 rs=1 cs=1]
                RenderText {#text} at (2,2) size 32x19
                  text run at (2,2) width 32: "col 8"
              RenderTableCell {TD} at (443,184) size 37x24 [bgcolor=#ADD8E6] [border: (1px inset #808080)] [r=7 c=10 rs=1 cs=1]
                RenderText {#text} at (2,2) size 32x19
                  text run at (2,2) width 32: "col 9"
            RenderTableRow {TR} at (0,210) size 482x24
              RenderTableCell {TH} at (2,210) size 42x24 [bgcolor=#ADD8E6] [border: (1px inset #808080)] [r=8 c=0 rs=1 cs=1]
                RenderText {#text} at (2,2) size 37x19
                  text run at (2,2) width 37: "Head"
              RenderTableCell {TD} at (135,210) size 37x24 [bgcolor=#ADD8E6] [border: (1px inset #808080)] [r=8 c=2 rs=1 cs=1]
                RenderText {#text} at (2,2) size 32x19
                  text run at (2,2) width 32: "col 1"
              RenderTableCell {TD} at (173,210) size 38x24 [bgcolor=#ADD8E6] [border: (1px inset #808080)] [r=8 c=3 rs=1 cs=1]
                RenderText {#text} at (2,2) size 32x19
                  text run at (2,2) width 32: "col 2"
              RenderTableCell {TD} at (212,210) size 37x24 [bgcolor=#ADD8E6] [border: (1px inset #808080)] [r=8 c=4 rs=1 cs=1]
                RenderText {#text} at (2,2) size 32x19
                  text run at (2,2) width 32: "col 3"
              RenderTableCell {TD} at (250,210) size 38x24 [bgcolor=#ADD8E6] [border: (1px inset #808080)] [r=8 c=5 rs=1 cs=1]
                RenderText {#text} at (2,2) size 32x19
                  text run at (2,2) width 32: "col 4"
              RenderTableCell {TD} at (289,210) size 37x24 [bgcolor=#ADD8E6] [border: (1px inset #808080)] [r=8 c=6 rs=1 cs=1]
                RenderText {#text} at (2,2) size 32x19
                  text run at (2,2) width 32: "col 5"
              RenderTableCell {TD} at (327,210) size 38x24 [bgcolor=#ADD8E6] [border: (1px inset #808080)] [r=8 c=7 rs=1 cs=1]
                RenderText {#text} at (2,2) size 32x19
                  text run at (2,2) width 32: "col 6"
              RenderTableCell {TD} at (366,210) size 37x24 [bgcolor=#ADD8E6] [border: (1px inset #808080)] [r=8 c=8 rs=1 cs=1]
                RenderText {#text} at (2,2) size 32x19
                  text run at (2,2) width 32: "col 7"
              RenderTableCell {TD} at (404,210) size 38x24 [bgcolor=#ADD8E6] [border: (1px inset #808080)] [r=8 c=9 rs=1 cs=1]
                RenderText {#text} at (2,2) size 32x19
                  text run at (2,2) width 32: "col 8"
              RenderTableCell {TD} at (443,210) size 37x24 [bgcolor=#ADD8E6] [border: (1px inset #808080)] [r=8 c=10 rs=1 cs=1]
                RenderText {#text} at (2,2) size 32x19
                  text run at (2,2) width 32: "col 9"
            RenderTableRow {TR} at (0,236) size 482x24
              RenderTableCell {TH} at (2,236) size 42x24 [bgcolor=#ADD8E6] [border: (1px inset #808080)] [r=9 c=0 rs=1 cs=1]
                RenderText {#text} at (2,2) size 37x19
                  text run at (2,2) width 37: "Head"
              RenderTableCell {TD} at (135,236) size 37x24 [bgcolor=#ADD8E6] [border: (1px inset #808080)] [r=9 c=2 rs=1 cs=1]
                RenderText {#text} at (2,2) size 32x19
                  text run at (2,2) width 32: "col 1"
              RenderTableCell {TD} at (173,236) size 38x24 [bgcolor=#ADD8E6] [border: (1px inset #808080)] [r=9 c=3 rs=1 cs=1]
                RenderText {#text} at (2,2) size 32x19
                  text run at (2,2) width 32: "col 2"
              RenderTableCell {TD} at (212,236) size 37x24 [bgcolor=#ADD8E6] [border: (1px inset #808080)] [r=9 c=4 rs=1 cs=1]
                RenderText {#text} at (2,2) size 32x19
                  text run at (2,2) width 32: "col 3"
              RenderTableCell {TD} at (250,236) size 38x24 [bgcolor=#ADD8E6] [border: (1px inset #808080)] [r=9 c=5 rs=1 cs=1]
                RenderText {#text} at (2,2) size 32x19
                  text run at (2,2) width 32: "col 4"
              RenderTableCell {TD} at (289,236) size 37x24 [bgcolor=#ADD8E6] [border: (1px inset #808080)] [r=9 c=6 rs=1 cs=1]
                RenderText {#text} at (2,2) size 32x19
                  text run at (2,2) width 32: "col 5"
              RenderTableCell {TD} at (327,236) size 38x24 [bgcolor=#ADD8E6] [border: (1px inset #808080)] [r=9 c=7 rs=1 cs=1]
                RenderText {#text} at (2,2) size 32x19
                  text run at (2,2) width 32: "col 6"
              RenderTableCell {TD} at (366,236) size 37x24 [bgcolor=#ADD8E6] [border: (1px inset #808080)] [r=9 c=8 rs=1 cs=1]
                RenderText {#text} at (2,2) size 32x19
                  text run at (2,2) width 32: "col 7"
              RenderTableCell {TD} at (404,236) size 38x24 [bgcolor=#ADD8E6] [border: (1px inset #808080)] [r=9 c=9 rs=1 cs=1]
                RenderText {#text} at (2,2) size 32x19
                  text run at (2,2) width 32: "col 8"
              RenderTableCell {TD} at (443,236) size 37x24 [bgcolor=#ADD8E6] [border: (1px inset #808080)] [r=9 c=10 rs=1 cs=1]
                RenderText {#text} at (2,2) size 32x19
                  text run at (2,2) width 32: "col 9"
      RenderBlock {P} at (0,1723) size 784x0
      RenderBlock {HR} at (0,1723) size 784x3 [border: (1px inset #000000)]
      RenderBlock {P} at (0,1741) size 784x65
        RenderTable {TABLE} at (0,0) size 667x64 [bgcolor=#F08080] [border: (1px outset #808080)]
          RenderTableSection {TBODY} at (1,1) size 665x62
            RenderTableRow {TR} at (0,2) size 665x58
              RenderTableCell {TH} at (2,2) size 661x58 [border: (1px inset #808080)] [r=0 c=0 rs=1 cs=1]
                RenderInline {A} at (0,0) size 0x19
                RenderText {#text} at (11,11) size 95x19
                  text run at (11,11) width 95: "Test Case #3: "
                RenderInline {FONT} at (0,0) size 416x19 [color=#0000FF]
                  RenderText {#text} at (105,11) size 416x19
                    text run at (105,11) width 416: "table with nested header & data cells spanning multiple rows"
                RenderText {#text} at (520,11) size 5x19
                  text run at (520,11) width 5: " "
                RenderInline {FONT} at (0,0) size 576x32
                  RenderInline {I} at (0,0) size 576x32
                    RenderText {#text} at (524,14) size 576x32
                      text run at (524,14) width 63: "(using <TH"
                      text run at (11,31) width 349: "ROWSPAN=integer value> <TD ROWSPAN=integer value> tag)"
                RenderText {#text} at (0,0) size 0x0
      RenderBlock {P} at (0,1821) size 784x41
        RenderBR {BR} at (0,0) size 0x19
        RenderBR {BR} at (0,20) size 0x19
      RenderBlock {UL} at (0,1877) size 784x485
        RenderTable {TABLE} at (40,0) size 484x484 [border: (1px outset #808080)]
          RenderBlock {CAPTION} at (0,0) size 484x20
            RenderText {#text} at (31,0) size 88x19
              text run at (31,0) width 88: "Nested Table "
            RenderInline {B} at (0,0) size 90x19
              RenderText {#text} at (118,0) size 90x19
                text run at (118,0) width 90: "Header Cells"
            RenderText {#text} at (207,0) size 21x19
              text run at (207,0) width 21: " & "
            RenderInline {B} at (0,0) size 72x19
              RenderText {#text} at (227,0) size 72x19
                text run at (227,0) width 72: "Data Cells"
            RenderText {#text} at (298,0) size 155x19
              text run at (298,0) width 155: " spanning multiple rows"
          RenderTableSection {TBODY} at (1,21) size 482x462
            RenderTableRow {TR} at (0,2) size 482x44
              RenderTableCell {TH} at (2,130) size 83x64 [bgcolor=#FFE4C4] [border: (1px inset #808080)] [r=0 c=0 rs=7 cs=1]
                RenderText {#text} at (10,2) size 63x19
                  text run at (10,2) width 63: "Header 1"
                RenderBR {BR} at (72,2) size 1x19
                RenderText {#text} at (16,22) size 51x39
                  text run at (16,22) width 51: "span=7"
                  text run at (25,42) width 33: "rows"
              RenderTableCell {TD} at (86,15) size 80x64 [bgcolor=#FFFACD] [border: (1px inset #808080)] [r=0 c=1 rs=2 cs=1]
                RenderText {#text} at (2,2) size 43x19
                  text run at (2,2) width 43: "Data 1"
                RenderBR {BR} at (44,2) size 1x19
                RenderText {#text} at (2,22) size 47x39
                  text run at (2,22) width 47: "span=2"
                  text run at (2,42) width 32: "rows"
              RenderTableCell {TD} at (167,2) size 34x44 [bgcolor=#EE82EE] [border: (1px inset #808080)] [r=0 c=2 rs=1 cs=1]
                RenderText {#text} at (2,2) size 20x39
                  text run at (2,2) width 20: "col"
                  text run at (2,22) width 8: "1"
              RenderTableCell {TD} at (202,2) size 34x44 [bgcolor=#EE82EE] [border: (1px inset #808080)] [r=0 c=3 rs=1 cs=1]
                RenderText {#text} at (2,2) size 20x39
                  text run at (2,2) width 20: "col"
                  text run at (2,22) width 8: "2"
              RenderTableCell {TD} at (237,2) size 34x44 [bgcolor=#EE82EE] [border: (1px inset #808080)] [r=0 c=4 rs=1 cs=1]
                RenderText {#text} at (2,2) size 20x39
                  text run at (2,2) width 20: "col"
                  text run at (2,22) width 8: "3"
              RenderTableCell {TD} at (272,2) size 34x44 [bgcolor=#EE82EE] [border: (1px inset #808080)] [r=0 c=5 rs=1 cs=1]
                RenderText {#text} at (2,2) size 20x39
                  text run at (2,2) width 20: "col"
                  text run at (2,22) width 8: "4"
              RenderTableCell {TD} at (307,2) size 34x44 [bgcolor=#EE82EE] [border: (1px inset #808080)] [r=0 c=6 rs=1 cs=1]
                RenderText {#text} at (2,2) size 20x39
                  text run at (2,2) width 20: "col"
                  text run at (2,22) width 8: "5"
              RenderTableCell {TD} at (342,2) size 34x44 [bgcolor=#EE82EE] [border: (1px inset #808080)] [r=0 c=7 rs=1 cs=1]
                RenderText {#text} at (2,2) size 20x39
                  text run at (2,2) width 20: "col"
                  text run at (2,22) width 8: "6"
              RenderTableCell {TD} at (377,2) size 33x44 [bgcolor=#EE82EE] [border: (1px inset #808080)] [r=0 c=8 rs=1 cs=1]
                RenderText {#text} at (2,2) size 20x39
                  text run at (2,2) width 20: "col"
                  text run at (2,22) width 8: "7"
              RenderTableCell {TD} at (411,2) size 34x44 [bgcolor=#EE82EE] [border: (1px inset #808080)] [r=0 c=9 rs=1 cs=1]
                RenderText {#text} at (2,2) size 20x39
                  text run at (2,2) width 20: "col"
                  text run at (2,22) width 8: "8"
              RenderTableCell {TD} at (446,2) size 34x44 [bgcolor=#EE82EE] [border: (1px inset #808080)] [r=0 c=10 rs=1 cs=1]
                RenderText {#text} at (2,2) size 20x39
                  text run at (2,2) width 20: "col"
                  text run at (2,22) width 8: "9"
            RenderTableRow {TR} at (0,48) size 482x44
              RenderTableCell {TD} at (167,48) size 34x44 [bgcolor=#EE82EE] [border: (1px inset #808080)] [r=1 c=2 rs=1 cs=1]
                RenderText {#text} at (2,2) size 20x39
                  text run at (2,2) width 20: "col"
                  text run at (2,22) width 8: "1"
              RenderTableCell {TD} at (202,48) size 34x44 [bgcolor=#EE82EE] [border: (1px inset #808080)] [r=1 c=3 rs=1 cs=1]
                RenderText {#text} at (2,2) size 20x39
                  text run at (2,2) width 20: "col"
                  text run at (2,22) width 8: "2"
              RenderTableCell {TD} at (237,48) size 34x44 [bgcolor=#EE82EE] [border: (1px inset #808080)] [r=1 c=4 rs=1 cs=1]
                RenderText {#text} at (2,2) size 20x39
                  text run at (2,2) width 20: "col"
                  text run at (2,22) width 8: "3"
              RenderTableCell {TD} at (272,48) size 34x44 [bgcolor=#EE82EE] [border: (1px inset #808080)] [r=1 c=5 rs=1 cs=1]
                RenderText {#text} at (2,2) size 20x39
                  text run at (2,2) width 20: "col"
                  text run at (2,22) width 8: "4"
              RenderTableCell {TD} at (307,48) size 34x44 [bgcolor=#EE82EE] [border: (1px inset #808080)] [r=1 c=6 rs=1 cs=1]
                RenderText {#text} at (2,2) size 20x39
                  text run at (2,2) width 20: "col"
                  text run at (2,22) width 8: "5"
              RenderTableCell {TD} at (342,48) size 34x44 [bgcolor=#EE82EE] [border: (1px inset #808080)] [r=1 c=7 rs=1 cs=1]
                RenderText {#text} at (2,2) size 20x39
                  text run at (2,2) width 20: "col"
                  text run at (2,22) width 8: "6"
              RenderTableCell {TD} at (377,48) size 33x44 [bgcolor=#EE82EE] [border: (1px inset #808080)] [r=1 c=8 rs=1 cs=1]
                RenderText {#text} at (2,2) size 20x39
                  text run at (2,2) width 20: "col"
                  text run at (2,22) width 8: "7"
              RenderTableCell {TD} at (411,48) size 34x44 [bgcolor=#EE82EE] [border: (1px inset #808080)] [r=1 c=9 rs=1 cs=1]
                RenderText {#text} at (2,2) size 20x39
                  text run at (2,2) width 20: "col"
                  text run at (2,22) width 8: "8"
              RenderTableCell {TD} at (446,48) size 34x44 [bgcolor=#EE82EE] [border: (1px inset #808080)] [r=1 c=10 rs=1 cs=1]
                RenderText {#text} at (2,2) size 20x39
                  text run at (2,2) width 20: "col"
                  text run at (2,22) width 8: "9"
            RenderTableRow {TR} at (0,94) size 482x44
              RenderTableCell {TD} at (86,176) size 80x64 [bgcolor=#FFFACD] [border: (1px inset #808080)] [r=2 c=1 rs=5 cs=1]
                RenderText {#text} at (2,2) size 43x19
                  text run at (2,2) width 43: "Data 2"
                RenderBR {BR} at (44,2) size 1x19
                RenderText {#text} at (2,22) size 47x39
                  text run at (2,22) width 47: "span=5"
                  text run at (2,42) width 32: "rows"
              RenderTableCell {TD} at (167,94) size 34x44 [bgcolor=#90EE90] [border: (1px inset #808080)] [r=2 c=2 rs=1 cs=1]
                RenderText {#text} at (2,2) size 20x39
                  text run at (2,2) width 20: "col"
                  text run at (2,22) width 8: "1"
              RenderTableCell {TD} at (202,94) size 34x44 [bgcolor=#90EE90] [border: (1px inset #808080)] [r=2 c=3 rs=1 cs=1]
                RenderText {#text} at (2,2) size 20x39
                  text run at (2,2) width 20: "col"
                  text run at (2,22) width 8: "2"
              RenderTableCell {TD} at (237,94) size 34x44 [bgcolor=#90EE90] [border: (1px inset #808080)] [r=2 c=4 rs=1 cs=1]
                RenderText {#text} at (2,2) size 20x39
                  text run at (2,2) width 20: "col"
                  text run at (2,22) width 8: "3"
              RenderTableCell {TD} at (272,94) size 34x44 [bgcolor=#90EE90] [border: (1px inset #808080)] [r=2 c=5 rs=1 cs=1]
                RenderText {#text} at (2,2) size 20x39
                  text run at (2,2) width 20: "col"
                  text run at (2,22) width 8: "4"
              RenderTableCell {TD} at (307,94) size 34x44 [bgcolor=#90EE90] [border: (1px inset #808080)] [r=2 c=6 rs=1 cs=1]
                RenderText {#text} at (2,2) size 20x39
                  text run at (2,2) width 20: "col"
                  text run at (2,22) width 8: "5"
              RenderTableCell {TD} at (342,94) size 34x44 [bgcolor=#90EE90] [border: (1px inset #808080)] [r=2 c=7 rs=1 cs=1]
                RenderText {#text} at (2,2) size 20x39
                  text run at (2,2) width 20: "col"
                  text run at (2,22) width 8: "6"
              RenderTableCell {TD} at (377,94) size 33x44 [bgcolor=#90EE90] [border: (1px inset #808080)] [r=2 c=8 rs=1 cs=1]
                RenderText {#text} at (2,2) size 20x39
                  text run at (2,2) width 20: "col"
                  text run at (2,22) width 8: "7"
              RenderTableCell {TD} at (411,94) size 34x44 [bgcolor=#90EE90] [border: (1px inset #808080)] [r=2 c=9 rs=1 cs=1]
                RenderText {#text} at (2,2) size 20x39
                  text run at (2,2) width 20: "col"
                  text run at (2,22) width 8: "8"
              RenderTableCell {TD} at (446,94) size 34x44 [bgcolor=#90EE90] [border: (1px inset #808080)] [r=2 c=10 rs=1 cs=1]
                RenderText {#text} at (2,2) size 20x39
                  text run at (2,2) width 20: "col"
                  text run at (2,22) width 8: "9"
            RenderTableRow {TR} at (0,140) size 482x44
              RenderTableCell {TD} at (167,140) size 34x44 [bgcolor=#90EE90] [border: (1px inset #808080)] [r=3 c=2 rs=1 cs=1]
                RenderText {#text} at (2,2) size 20x39
                  text run at (2,2) width 20: "col"
                  text run at (2,22) width 8: "1"
              RenderTableCell {TD} at (202,140) size 34x44 [bgcolor=#90EE90] [border: (1px inset #808080)] [r=3 c=3 rs=1 cs=1]
                RenderText {#text} at (2,2) size 20x39
                  text run at (2,2) width 20: "col"
                  text run at (2,22) width 8: "2"
              RenderTableCell {TD} at (237,140) size 34x44 [bgcolor=#90EE90] [border: (1px inset #808080)] [r=3 c=4 rs=1 cs=1]
                RenderText {#text} at (2,2) size 20x39
                  text run at (2,2) width 20: "col"
                  text run at (2,22) width 8: "3"
              RenderTableCell {TD} at (272,140) size 34x44 [bgcolor=#90EE90] [border: (1px inset #808080)] [r=3 c=5 rs=1 cs=1]
                RenderText {#text} at (2,2) size 20x39
                  text run at (2,2) width 20: "col"
                  text run at (2,22) width 8: "4"
              RenderTableCell {TD} at (307,140) size 34x44 [bgcolor=#90EE90] [border: (1px inset #808080)] [r=3 c=6 rs=1 cs=1]
                RenderText {#text} at (2,2) size 20x39
                  text run at (2,2) width 20: "col"
                  text run at (2,22) width 8: "5"
              RenderTableCell {TD} at (342,140) size 34x44 [bgcolor=#90EE90] [border: (1px inset #808080)] [r=3 c=7 rs=1 cs=1]
                RenderText {#text} at (2,2) size 20x39
                  text run at (2,2) width 20: "col"
                  text run at (2,22) width 8: "6"
              RenderTableCell {TD} at (377,140) size 33x44 [bgcolor=#90EE90] [border: (1px inset #808080)] [r=3 c=8 rs=1 cs=1]
                RenderText {#text} at (2,2) size 20x39
                  text run at (2,2) width 20: "col"
                  text run at (2,22) width 8: "7"
              RenderTableCell {TD} at (411,140) size 34x44 [bgcolor=#90EE90] [border: (1px inset #808080)] [r=3 c=9 rs=1 cs=1]
                RenderText {#text} at (2,2) size 20x39
                  text run at (2,2) width 20: "col"
                  text run at (2,22) width 8: "8"
              RenderTableCell {TD} at (446,140) size 34x44 [bgcolor=#90EE90] [border: (1px inset #808080)] [r=3 c=10 rs=1 cs=1]
                RenderText {#text} at (2,2) size 20x39
                  text run at (2,2) width 20: "col"
                  text run at (2,22) width 8: "9"
            RenderTableRow {TR} at (0,186) size 482x44
              RenderTableCell {TD} at (167,186) size 34x44 [bgcolor=#90EE90] [border: (1px inset #808080)] [r=4 c=2 rs=1 cs=1]
                RenderText {#text} at (2,2) size 20x39
                  text run at (2,2) width 20: "col"
                  text run at (2,22) width 8: "1"
              RenderTableCell {TD} at (202,186) size 34x44 [bgcolor=#90EE90] [border: (1px inset #808080)] [r=4 c=3 rs=1 cs=1]
                RenderText {#text} at (2,2) size 20x39
                  text run at (2,2) width 20: "col"
                  text run at (2,22) width 8: "2"
              RenderTableCell {TD} at (237,186) size 34x44 [bgcolor=#90EE90] [border: (1px inset #808080)] [r=4 c=4 rs=1 cs=1]
                RenderText {#text} at (2,2) size 20x39
                  text run at (2,2) width 20: "col"
                  text run at (2,22) width 8: "3"
              RenderTableCell {TD} at (272,186) size 34x44 [bgcolor=#90EE90] [border: (1px inset #808080)] [r=4 c=5 rs=1 cs=1]
                RenderText {#text} at (2,2) size 20x39
                  text run at (2,2) width 20: "col"
                  text run at (2,22) width 8: "4"
              RenderTableCell {TD} at (307,186) size 34x44 [bgcolor=#90EE90] [border: (1px inset #808080)] [r=4 c=6 rs=1 cs=1]
                RenderText {#text} at (2,2) size 20x39
                  text run at (2,2) width 20: "col"
                  text run at (2,22) width 8: "5"
              RenderTableCell {TD} at (342,186) size 34x44 [bgcolor=#90EE90] [border: (1px inset #808080)] [r=4 c=7 rs=1 cs=1]
                RenderText {#text} at (2,2) size 20x39
                  text run at (2,2) width 20: "col"
                  text run at (2,22) width 8: "6"
              RenderTableCell {TD} at (377,186) size 33x44 [bgcolor=#90EE90] [border: (1px inset #808080)] [r=4 c=8 rs=1 cs=1]
                RenderText {#text} at (2,2) size 20x39
                  text run at (2,2) width 20: "col"
                  text run at (2,22) width 8: "7"
              RenderTableCell {TD} at (411,186) size 34x44 [bgcolor=#90EE90] [border: (1px inset #808080)] [r=4 c=9 rs=1 cs=1]
                RenderText {#text} at (2,2) size 20x39
                  text run at (2,2) width 20: "col"
                  text run at (2,22) width 8: "8"
              RenderTableCell {TD} at (446,186) size 34x44 [bgcolor=#90EE90] [border: (1px inset #808080)] [r=4 c=10 rs=1 cs=1]
                RenderText {#text} at (2,2) size 20x39
                  text run at (2,2) width 20: "col"
                  text run at (2,22) width 8: "9"
            RenderTableRow {TR} at (0,232) size 482x44
              RenderTableCell {TD} at (167,232) size 34x44 [bgcolor=#90EE90] [border: (1px inset #808080)] [r=5 c=2 rs=1 cs=1]
                RenderText {#text} at (2,2) size 20x39
                  text run at (2,2) width 20: "col"
                  text run at (2,22) width 8: "1"
              RenderTableCell {TD} at (202,232) size 34x44 [bgcolor=#90EE90] [border: (1px inset #808080)] [r=5 c=3 rs=1 cs=1]
                RenderText {#text} at (2,2) size 20x39
                  text run at (2,2) width 20: "col"
                  text run at (2,22) width 8: "2"
              RenderTableCell {TD} at (237,232) size 34x44 [bgcolor=#90EE90] [border: (1px inset #808080)] [r=5 c=4 rs=1 cs=1]
                RenderText {#text} at (2,2) size 20x39
                  text run at (2,2) width 20: "col"
                  text run at (2,22) width 8: "3"
              RenderTableCell {TD} at (272,232) size 34x44 [bgcolor=#90EE90] [border: (1px inset #808080)] [r=5 c=5 rs=1 cs=1]
                RenderText {#text} at (2,2) size 20x39
                  text run at (2,2) width 20: "col"
                  text run at (2,22) width 8: "4"
              RenderTableCell {TD} at (307,232) size 34x44 [bgcolor=#90EE90] [border: (1px inset #808080)] [r=5 c=6 rs=1 cs=1]
                RenderText {#text} at (2,2) size 20x39
                  text run at (2,2) width 20: "col"
                  text run at (2,22) width 8: "5"
              RenderTableCell {TD} at (342,232) size 34x44 [bgcolor=#90EE90] [border: (1px inset #808080)] [r=5 c=7 rs=1 cs=1]
                RenderText {#text} at (2,2) size 20x39
                  text run at (2,2) width 20: "col"
                  text run at (2,22) width 8: "6"
              RenderTableCell {TD} at (377,232) size 33x44 [bgcolor=#90EE90] [border: (1px inset #808080)] [r=5 c=8 rs=1 cs=1]
                RenderText {#text} at (2,2) size 20x39
                  text run at (2,2) width 20: "col"
                  text run at (2,22) width 8: "7"
              RenderTableCell {TD} at (411,232) size 34x44 [bgcolor=#90EE90] [border: (1px inset #808080)] [r=5 c=9 rs=1 cs=1]
                RenderText {#text} at (2,2) size 20x39
                  text run at (2,2) width 20: "col"
                  text run at (2,22) width 8: "8"
              RenderTableCell {TD} at (446,232) size 34x44 [bgcolor=#90EE90] [border: (1px inset #808080)] [r=5 c=10 rs=1 cs=1]
                RenderText {#text} at (2,2) size 20x39
                  text run at (2,2) width 20: "col"
                  text run at (2,22) width 8: "9"
            RenderTableRow {TR} at (0,278) size 482x44
              RenderTableCell {TD} at (167,278) size 34x44 [bgcolor=#90EE90] [border: (1px inset #808080)] [r=6 c=2 rs=1 cs=1]
                RenderText {#text} at (2,2) size 20x39
                  text run at (2,2) width 20: "col"
                  text run at (2,22) width 8: "1"
              RenderTableCell {TD} at (202,278) size 34x44 [bgcolor=#90EE90] [border: (1px inset #808080)] [r=6 c=3 rs=1 cs=1]
                RenderText {#text} at (2,2) size 20x39
                  text run at (2,2) width 20: "col"
                  text run at (2,22) width 8: "2"
              RenderTableCell {TD} at (237,278) size 34x44 [bgcolor=#90EE90] [border: (1px inset #808080)] [r=6 c=4 rs=1 cs=1]
                RenderText {#text} at (2,2) size 20x39
                  text run at (2,2) width 20: "col"
                  text run at (2,22) width 8: "3"
              RenderTableCell {TD} at (272,278) size 34x44 [bgcolor=#90EE90] [border: (1px inset #808080)] [r=6 c=5 rs=1 cs=1]
                RenderText {#text} at (2,2) size 20x39
                  text run at (2,2) width 20: "col"
                  text run at (2,22) width 8: "4"
              RenderTableCell {TD} at (307,278) size 34x44 [bgcolor=#90EE90] [border: (1px inset #808080)] [r=6 c=6 rs=1 cs=1]
                RenderText {#text} at (2,2) size 20x39
                  text run at (2,2) width 20: "col"
                  text run at (2,22) width 8: "5"
              RenderTableCell {TD} at (342,278) size 34x44 [bgcolor=#90EE90] [border: (1px inset #808080)] [r=6 c=7 rs=1 cs=1]
                RenderText {#text} at (2,2) size 20x39
                  text run at (2,2) width 20: "col"
                  text run at (2,22) width 8: "6"
              RenderTableCell {TD} at (377,278) size 33x44 [bgcolor=#90EE90] [border: (1px inset #808080)] [r=6 c=8 rs=1 cs=1]
                RenderText {#text} at (2,2) size 20x39
                  text run at (2,2) width 20: "col"
                  text run at (2,22) width 8: "7"
              RenderTableCell {TD} at (411,278) size 34x44 [bgcolor=#90EE90] [border: (1px inset #808080)] [r=6 c=9 rs=1 cs=1]
                RenderText {#text} at (2,2) size 20x39
                  text run at (2,2) width 20: "col"
                  text run at (2,22) width 8: "8"
              RenderTableCell {TD} at (446,278) size 34x44 [bgcolor=#90EE90] [border: (1px inset #808080)] [r=6 c=10 rs=1 cs=1]
                RenderText {#text} at (2,2) size 20x39
                  text run at (2,2) width 20: "col"
                  text run at (2,22) width 8: "9"
            RenderTableRow {TR} at (0,324) size 482x44
              RenderTableCell {TH} at (2,360) size 83x64 [bgcolor=#FFE4C4] [border: (1px inset #808080)] [r=7 c=0 rs=3 cs=1]
                RenderText {#text} at (10,2) size 63x19
                  text run at (10,2) width 63: "Header 2"
                RenderBR {BR} at (72,2) size 1x19
                RenderText {#text} at (16,22) size 51x39
                  text run at (16,22) width 51: "span=3"
                  text run at (25,42) width 33: "rows"
              RenderTableCell {TD} at (86,360) size 80x64 [bgcolor=#FFFACD] [border: (1px inset #808080)] [r=7 c=1 rs=3 cs=1]
                RenderText {#text} at (2,2) size 43x19
                  text run at (2,2) width 43: "Data 3"
                RenderBR {BR} at (44,2) size 1x19
                RenderText {#text} at (2,22) size 47x39
                  text run at (2,22) width 47: "span=3"
                  text run at (2,42) width 32: "rows"
              RenderTableCell {TD} at (167,324) size 34x44 [bgcolor=#ADD8E6] [border: (1px inset #808080)] [r=7 c=2 rs=1 cs=1]
                RenderText {#text} at (2,2) size 20x39
                  text run at (2,2) width 20: "col"
                  text run at (2,22) width 8: "1"
              RenderTableCell {TD} at (202,324) size 34x44 [bgcolor=#ADD8E6] [border: (1px inset #808080)] [r=7 c=3 rs=1 cs=1]
                RenderText {#text} at (2,2) size 20x39
                  text run at (2,2) width 20: "col"
                  text run at (2,22) width 8: "2"
              RenderTableCell {TD} at (237,324) size 34x44 [bgcolor=#ADD8E6] [border: (1px inset #808080)] [r=7 c=4 rs=1 cs=1]
                RenderText {#text} at (2,2) size 20x39
                  text run at (2,2) width 20: "col"
                  text run at (2,22) width 8: "3"
              RenderTableCell {TD} at (272,324) size 34x44 [bgcolor=#ADD8E6] [border: (1px inset #808080)] [r=7 c=5 rs=1 cs=1]
                RenderText {#text} at (2,2) size 20x39
                  text run at (2,2) width 20: "col"
                  text run at (2,22) width 8: "4"
              RenderTableCell {TD} at (307,324) size 34x44 [bgcolor=#ADD8E6] [border: (1px inset #808080)] [r=7 c=6 rs=1 cs=1]
                RenderText {#text} at (2,2) size 20x39
                  text run at (2,2) width 20: "col"
                  text run at (2,22) width 8: "5"
              RenderTableCell {TD} at (342,324) size 34x44 [bgcolor=#ADD8E6] [border: (1px inset #808080)] [r=7 c=7 rs=1 cs=1]
                RenderText {#text} at (2,2) size 20x39
                  text run at (2,2) width 20: "col"
                  text run at (2,22) width 8: "6"
              RenderTableCell {TD} at (377,324) size 33x44 [bgcolor=#ADD8E6] [border: (1px inset #808080)] [r=7 c=8 rs=1 cs=1]
                RenderText {#text} at (2,2) size 20x39
                  text run at (2,2) width 20: "col"
                  text run at (2,22) width 8: "7"
              RenderTableCell {TD} at (411,324) size 34x44 [bgcolor=#ADD8E6] [border: (1px inset #808080)] [r=7 c=9 rs=1 cs=1]
                RenderText {#text} at (2,2) size 20x39
                  text run at (2,2) width 20: "col"
                  text run at (2,22) width 8: "8"
              RenderTableCell {TD} at (446,324) size 34x44 [bgcolor=#ADD8E6] [border: (1px inset #808080)] [r=7 c=10 rs=1 cs=1]
                RenderText {#text} at (2,2) size 20x39
                  text run at (2,2) width 20: "col"
                  text run at (2,22) width 8: "9"
            RenderTableRow {TR} at (0,370) size 482x44
              RenderTableCell {TD} at (167,370) size 34x44 [bgcolor=#ADD8E6] [border: (1px inset #808080)] [r=8 c=2 rs=1 cs=1]
                RenderText {#text} at (2,2) size 20x39
                  text run at (2,2) width 20: "col"
                  text run at (2,22) width 8: "1"
              RenderTableCell {TD} at (202,370) size 34x44 [bgcolor=#ADD8E6] [border: (1px inset #808080)] [r=8 c=3 rs=1 cs=1]
                RenderText {#text} at (2,2) size 20x39
                  text run at (2,2) width 20: "col"
                  text run at (2,22) width 8: "2"
              RenderTableCell {TD} at (237,370) size 34x44 [bgcolor=#ADD8E6] [border: (1px inset #808080)] [r=8 c=4 rs=1 cs=1]
                RenderText {#text} at (2,2) size 20x39
                  text run at (2,2) width 20: "col"
                  text run at (2,22) width 8: "3"
              RenderTableCell {TD} at (272,370) size 34x44 [bgcolor=#ADD8E6] [border: (1px inset #808080)] [r=8 c=5 rs=1 cs=1]
                RenderText {#text} at (2,2) size 20x39
                  text run at (2,2) width 20: "col"
                  text run at (2,22) width 8: "4"
              RenderTableCell {TD} at (307,370) size 34x44 [bgcolor=#ADD8E6] [border: (1px inset #808080)] [r=8 c=6 rs=1 cs=1]
                RenderText {#text} at (2,2) size 20x39
                  text run at (2,2) width 20: "col"
                  text run at (2,22) width 8: "5"
              RenderTableCell {TD} at (342,370) size 34x44 [bgcolor=#ADD8E6] [border: (1px inset #808080)] [r=8 c=7 rs=1 cs=1]
                RenderText {#text} at (2,2) size 20x39
                  text run at (2,2) width 20: "col"
                  text run at (2,22) width 8: "6"
              RenderTableCell {TD} at (377,370) size 33x44 [bgcolor=#ADD8E6] [border: (1px inset #808080)] [r=8 c=8 rs=1 cs=1]
                RenderText {#text} at (2,2) size 20x39
                  text run at (2,2) width 20: "col"
                  text run at (2,22) width 8: "7"
              RenderTableCell {TD} at (411,370) size 34x44 [bgcolor=#ADD8E6] [border: (1px inset #808080)] [r=8 c=9 rs=1 cs=1]
                RenderText {#text} at (2,2) size 20x39
                  text run at (2,2) width 20: "col"
                  text run at (2,22) width 8: "8"
              RenderTableCell {TD} at (446,370) size 34x44 [bgcolor=#ADD8E6] [border: (1px inset #808080)] [r=8 c=10 rs=1 cs=1]
                RenderText {#text} at (2,2) size 20x39
                  text run at (2,2) width 20: "col"
                  text run at (2,22) width 8: "9"
            RenderTableRow {TR} at (0,416) size 482x44
              RenderTableCell {TD} at (167,416) size 34x44 [bgcolor=#ADD8E6] [border: (1px inset #808080)] [r=9 c=2 rs=1 cs=1]
                RenderText {#text} at (2,2) size 20x39
                  text run at (2,2) width 20: "col"
                  text run at (2,22) width 8: "1"
              RenderTableCell {TD} at (202,416) size 34x44 [bgcolor=#ADD8E6] [border: (1px inset #808080)] [r=9 c=3 rs=1 cs=1]
                RenderText {#text} at (2,2) size 20x39
                  text run at (2,2) width 20: "col"
                  text run at (2,22) width 8: "2"
              RenderTableCell {TD} at (237,416) size 34x44 [bgcolor=#ADD8E6] [border: (1px inset #808080)] [r=9 c=4 rs=1 cs=1]
                RenderText {#text} at (2,2) size 20x39
                  text run at (2,2) width 20: "col"
                  text run at (2,22) width 8: "3"
              RenderTableCell {TD} at (272,416) size 34x44 [bgcolor=#ADD8E6] [border: (1px inset #808080)] [r=9 c=5 rs=1 cs=1]
                RenderText {#text} at (2,2) size 20x39
                  text run at (2,2) width 20: "col"
                  text run at (2,22) width 8: "4"
              RenderTableCell {TD} at (307,416) size 34x44 [bgcolor=#ADD8E6] [border: (1px inset #808080)] [r=9 c=6 rs=1 cs=1]
                RenderText {#text} at (2,2) size 20x39
                  text run at (2,2) width 20: "col"
                  text run at (2,22) width 8: "5"
              RenderTableCell {TD} at (342,416) size 34x44 [bgcolor=#ADD8E6] [border: (1px inset #808080)] [r=9 c=7 rs=1 cs=1]
                RenderText {#text} at (2,2) size 20x39
                  text run at (2,2) width 20: "col"
                  text run at (2,22) width 8: "6"
              RenderTableCell {TD} at (377,416) size 33x44 [bgcolor=#ADD8E6] [border: (1px inset #808080)] [r=9 c=8 rs=1 cs=1]
                RenderText {#text} at (2,2) size 20x39
                  text run at (2,2) width 20: "col"
                  text run at (2,22) width 8: "7"
              RenderTableCell {TD} at (411,416) size 34x44 [bgcolor=#ADD8E6] [border: (1px inset #808080)] [r=9 c=9 rs=1 cs=1]
                RenderText {#text} at (2,2) size 20x39
                  text run at (2,2) width 20: "col"
                  text run at (2,22) width 8: "8"
              RenderTableCell {TD} at (446,416) size 34x44 [bgcolor=#ADD8E6] [border: (1px inset #808080)] [r=9 c=10 rs=1 cs=1]
                RenderText {#text} at (2,2) size 20x39
                  text run at (2,2) width 20: "col"
                  text run at (2,22) width 8: "9"
      RenderBlock {P} at (0,2377) size 784x0
      RenderBlock {HR} at (0,2377) size 784x3 [border: (1px inset #000000)]
      RenderBlock (anonymous) at (0,2387) size 784x21
        RenderImage {IMG} at (0,2) size 13x13
        RenderText {#text} at (13,0) size 131x19
          text run at (13,0) width 131: " Created 9/19/96 by "
        RenderInline {A} at (0,0) size 84x19 [color=#0000EE]
          RenderText {#text} at (143,0) size 84x19
            text run at (143,0) width 84: "Ronald Greti"
        RenderBR {BR} at (226,0) size 1x19
      RenderBlock {P} at (0,2423) size 784x21
        RenderBR {BR} at (0,0) size 0x19
