layer at (0,0) size 800x600
  RenderView at (0,0) size 800x600
layer at (0,0) size 800x600
  RenderBlock {HTML} at (0,0) size 800x600
    RenderBody {BODY} at (8,8) size 784x584
      RenderBlock {P} at (0,0) size 784x36
        RenderText {#text} at (0,0) size 54x18
          text run at (0,0) width 54: "Test for "
        RenderInline {I} at (0,0) size 773x36
          RenderInline {A} at (0,0) size 353x18 [color=#0000EE]
            RenderText {#text} at (53,0) size 353x18
              text run at (53,0) width 353: "http://bugzilla.opendarwin.org/show_bug.cgi?id=9193"
          RenderText {#text} at (405,0) size 773x36
            text run at (405,0) width 5: " "
            text run at (409,0) width 364: "REGRESSION: setting an opacity on an element with an"
            text run at (0,18) width 321: "outline causes the outline to disappear completely"
        RenderText {#text} at (320,18) size 5x18
          text run at (320,18) width 5: "."
      RenderBlock {HR} at (0,52) size 784x2 [border: (1px inset #000000)]
layer at (8,70) size 100x100
  RenderBlock {DIV} at (0,62) size 100x100 [bgcolor=#C0C0C0]
