layer at (0,0) size 800x600
  RenderView at (0,0) size 800x600
layer at (0,0) size 800x600
  RenderBlock {HTML} at (0,0) size 800x600
    RenderBody {BODY} at (8,8) size 784x584
      RenderBlock (anonymous) at (0,0) size 784x18
        RenderText {#text} at (0,0) size 149x18
          text run at (0,0) width 149: "Scrollbars should work"
layer at (8,26) size 100x100 clip at (8,26) size 85x85 scrollWidth 241 scrollHeight 180
  RenderBlock (relative positioned) {DIV} at (0,18) size 100x100
    RenderText {#text} at (0,0) size 242x18
      text run at (0,0) width 242: "aaaaaaaaaaaaaaaaaaaaaaaaaaaaaaaaaa"
    RenderBR {BR} at (0,0) size 0x0
    RenderText {#text} at (0,18) size 8x18
      text run at (0,18) width 8: "a"
    RenderBR {BR} at (7,18) size 1x18
    RenderText {#text} at (0,36) size 8x18
      text run at (0,36) width 8: "a"
    RenderBR {BR} at (7,36) size 1x18
    RenderText {#text} at (0,54) size 8x18
      text run at (0,54) width 8: "a"
    RenderBR {BR} at (7,54) size 1x18
    RenderText {#text} at (0,72) size 8x18
      text run at (0,72) width 8: "a"
    RenderBR {BR} at (7,72) size 1x18
    RenderText {#text} at (0,90) size 8x18
      text run at (0,90) width 8: "a"
    RenderBR {BR} at (7,90) size 1x18
    RenderText {#text} at (0,108) size 8x18
      text run at (0,108) width 8: "a"
    RenderBR {BR} at (7,108) size 1x18
    RenderText {#text} at (0,126) size 8x18
      text run at (0,126) width 8: "a"
    RenderBR {BR} at (7,126) size 1x18
    RenderText {#text} at (0,144) size 8x18
      text run at (0,144) width 8: "a"
    RenderBR {BR} at (7,144) size 1x18
    RenderText {#text} at (0,162) size 8x18
      text run at (0,162) width 8: "a"
    RenderBR {BR} at (7,162) size 1x18
