layer at (0,0) size 785x1066
  RenderView at (0,0) size 785x600
layer at (0,0) size 785x1066
  RenderBlock {HTML} at (0,0) size 785x1066
    RenderBody {BODY} at (8,8) size 769x1050
      RenderBlock {CENTER} at (0,0) size 769x18
        RenderText {#text} at (322,0) size 125x17
          text run at (322,0) width 125: "bottom caption tests"
      RenderBlock (anonymous) at (0,18) size 769x18
        RenderText {#text} at (0,0) size 103x17
          text run at (0,0) width 103: "table 1 - original"
      RenderTable {TABLE} at (5,46) size 90x93 [border: (10px solid #008000)]
        RenderBlock {CAPTION} at (10,2) size 80x25 [border: (3px solid #800080)]
          RenderText {#text} at (9,4) size 46x17
            text run at (9,4) width 46: "caption"
          RenderBlock {INPUT} at (57,6) size 12x12
        RenderTableSection {TBODY} at (10,37) size 70x46
          RenderTableRow {TR} at (0,2) size 70x20
            RenderTableCell {TD} at (2,2) size 32x20 [r=0 c=0 rs=1 cs=1]
              RenderText {#text} at (1,1) size 30x17
                text run at (1,1) width 30: "Data"
            RenderTableCell {TD} at (36,2) size 32x20 [r=0 c=1 rs=1 cs=1]
              RenderText {#text} at (1,1) size 30x17
                text run at (1,1) width 30: "Data"
          RenderTableRow {TR} at (0,24) size 70x20
            RenderTableCell {TD} at (2,24) size 32x20 [r=1 c=0 rs=1 cs=1]
              RenderText {#text} at (1,1) size 30x17
                text run at (1,1) width 30: "Data"
            RenderTableCell {TD} at (36,24) size 32x20 [r=1 c=1 rs=1 cs=1]
              RenderText {#text} at (1,1) size 30x17
                text run at (1,1) width 30: "Data"
      RenderBlock (anonymous) at (0,144) size 769x18
        RenderText {#text} at (0,0) size 188x17
          text run at (0,0) width 188: "table 2 - caption gains content"
      RenderTable {TABLE} at (5,172) size 90x111 [border: (10px solid #008000)]
        RenderBlock {CAPTION} at (10,2) size 80x43 [border: (3px solid #800080)]
          RenderText {#text} at (9,4) size 46x17
            text run at (9,4) width 46: "caption"
          RenderBlock {INPUT} at (57,6) size 12x12
          RenderText {#text} at (17,22) size 46x17
            text run at (17,22) width 46: "foo foo"
        RenderTableSection {TBODY} at (10,55) size 70x46
          RenderTableRow {TR} at (0,2) size 70x20
            RenderTableCell {TD} at (2,2) size 32x20 [r=0 c=0 rs=1 cs=1]
              RenderText {#text} at (1,1) size 30x17
                text run at (1,1) width 30: "Data"
            RenderTableCell {TD} at (36,2) size 32x20 [r=0 c=1 rs=1 cs=1]
              RenderText {#text} at (1,1) size 30x17
                text run at (1,1) width 30: "Data"
          RenderTableRow {TR} at (0,24) size 70x20
            RenderTableCell {TD} at (2,24) size 32x20 [r=1 c=0 rs=1 cs=1]
              RenderText {#text} at (1,1) size 30x17
                text run at (1,1) width 30: "Data"
            RenderTableCell {TD} at (36,24) size 32x20 [r=1 c=1 rs=1 cs=1]
              RenderText {#text} at (1,1) size 30x17
                text run at (1,1) width 30: "Data"
      RenderBlock (anonymous) at (0,288) size 769x18
        RenderText {#text} at (0,0) size 384x17
          text run at (0,0) width 384: "table 3 - caption gains content extending its max element size"
      RenderTable {TABLE} at (5,316) size 148x111 [border: (10px solid #008000)]
        RenderBlock {CAPTION} at (10,2) size 138x43 [border: (3px solid #800080)]
          RenderText {#text} at (38,4) size 46x17
            text run at (38,4) width 46: "caption"
          RenderBlock {INPUT} at (86,6) size 12x12
          RenderText {#text} at (3,22) size 142x17
            text run at (3,22) width 142: "very_large_very_large"
        RenderTableSection {TBODY} at (10,55) size 128x46
          RenderTableRow {TR} at (0,2) size 128x20
            RenderTableCell {TD} at (2,2) size 61x20 [r=0 c=0 rs=1 cs=1]
              RenderText {#text} at (1,1) size 30x17
                text run at (1,1) width 30: "Data"
            RenderTableCell {TD} at (65,2) size 61x20 [r=0 c=1 rs=1 cs=1]
              RenderText {#text} at (1,1) size 30x17
                text run at (1,1) width 30: "Data"
          RenderTableRow {TR} at (0,24) size 128x20
            RenderTableCell {TD} at (2,24) size 61x20 [r=1 c=0 rs=1 cs=1]
              RenderText {#text} at (1,1) size 30x17
                text run at (1,1) width 30: "Data"
            RenderTableCell {TD} at (65,24) size 61x20 [r=1 c=1 rs=1 cs=1]
              RenderText {#text} at (1,1) size 30x17
                text run at (1,1) width 30: "Data"
      RenderBlock (anonymous) at (0,432) size 769x18
        RenderText {#text} at (0,0) size 186x17
          text run at (0,0) width 186: "table 4 - caption loses content"
      RenderTable {TABLE} at (5,460) size 90x92 [border: (10px solid #008000)]
        RenderBlock {CAPTION} at (10,2) size 80x24 [border: (3px solid #800080)]
          RenderText {#text} at (17,3) size 46x17
            text run at (17,3) width 46: "caption"
        RenderTableSection {TBODY} at (10,36) size 70x46
          RenderTableRow {TR} at (0,2) size 70x20
            RenderTableCell {TD} at (2,2) size 32x20 [r=0 c=0 rs=1 cs=1]
              RenderText {#text} at (1,1) size 30x17
                text run at (1,1) width 30: "Data"
            RenderTableCell {TD} at (36,2) size 32x20 [r=0 c=1 rs=1 cs=1]
              RenderText {#text} at (1,1) size 30x17
                text run at (1,1) width 30: "Data"
          RenderTableRow {TR} at (0,24) size 70x20
            RenderTableCell {TD} at (2,24) size 32x20 [r=1 c=0 rs=1 cs=1]
              RenderText {#text} at (1,1) size 30x17
                text run at (1,1) width 30: "Data"
            RenderTableCell {TD} at (36,24) size 32x20 [r=1 c=1 rs=1 cs=1]
              RenderText {#text} at (1,1) size 30x17
                text run at (1,1) width 30: "Data"
      RenderBlock (anonymous) at (0,557) size 769x18
        RenderText {#text} at (0,0) size 154x17
          text run at (0,0) width 154: "table 5 - table gets wider"
      RenderTable {TABLE} at (5,585) size 136x93 [border: (10px solid #008000)]
        RenderBlock {CAPTION} at (10,2) size 126x25 [border: (3px solid #800080)]
          RenderText {#text} at (32,4) size 46x17
            text run at (32,4) width 46: "caption"
          RenderBlock {INPUT} at (80,6) size 12x12
        RenderTableSection {TBODY} at (10,37) size 116x46
          RenderTableRow {TR} at (0,2) size 116x20
            RenderTableCell {TD} at (2,2) size 32x20 [r=0 c=0 rs=1 cs=1]
              RenderText {#text} at (1,1) size 30x17
                text run at (1,1) width 30: "Data"
            RenderTableCell {TD} at (36,2) size 78x20 [r=0 c=1 rs=1 cs=1]
              RenderText {#text} at (1,1) size 30x17
                text run at (1,1) width 30: "Data"
              RenderText {#text} at (31,1) size 46x17
                text run at (31,1) width 46: "foo foo"
          RenderTableRow {TR} at (0,24) size 116x20
            RenderTableCell {TD} at (2,24) size 32x20 [r=1 c=0 rs=1 cs=1]
              RenderText {#text} at (1,1) size 30x17
                text run at (1,1) width 30: "Data"
            RenderTableCell {TD} at (36,24) size 78x20 [r=1 c=1 rs=1 cs=1]
              RenderText {#text} at (1,1) size 30x17
                text run at (1,1) width 30: "Data"
      RenderBlock (anonymous) at (0,683) size 769x18
        RenderText {#text} at (0,0) size 149x17
          text run at (0,0) width 149: "table 6 - table gets taller"
      RenderTable {TABLE} at (5,711) size 106x115 [border: (10px solid #008000)]
        RenderBlock {CAPTION} at (10,2) size 96x25 [border: (3px solid #800080)]
          RenderText {#text} at (17,4) size 46x17
            text run at (17,4) width 46: "caption"
          RenderBlock {INPUT} at (65,6) size 12x12
        RenderTableSection {TBODY} at (10,37) size 86x68
          RenderTableRow {TR} at (0,2) size 86x20
            RenderTableCell {TD} at (2,2) size 48x20 [r=0 c=0 rs=1 cs=1]
              RenderText {#text} at (1,1) size 30x17
                text run at (1,1) width 30: "Data"
            RenderTableCell {TD} at (52,2) size 32x20 [r=0 c=1 rs=1 cs=1]
              RenderText {#text} at (1,1) size 30x17
                text run at (1,1) width 30: "Data"
          RenderTableRow {TR} at (0,24) size 86x20
            RenderTableCell {TD} at (2,24) size 48x20 [r=1 c=0 rs=1 cs=1]
              RenderText {#text} at (1,1) size 30x17
                text run at (1,1) width 30: "Data"
            RenderTableCell {TD} at (52,24) size 32x20 [r=1 c=1 rs=1 cs=1]
              RenderText {#text} at (1,1) size 30x17
                text run at (1,1) width 30: "Data"
          RenderTableRow {TR} at (0,46) size 86x20
            RenderTableCell {TD} at (2,46) size 48x20 [r=2 c=0 rs=1 cs=1]
              RenderText {#text} at (1,1) size 46x17
                text run at (1,1) width 46: "foo foo"
      RenderBlock (anonymous) at (0,831) size 769x18
        RenderText {#text} at (0,0) size 139x17
          text run at (0,0) width 139: "table 7 - insert caption"
      RenderTable {TABLE} at (5,859) size 90x92 [border: (10px solid #008000)]
        RenderTableSection {TBODY} at (10,36) size 70x46
          RenderTableRow {TR} at (0,2) size 70x20
            RenderTableCell {TD} at (2,2) size 32x20 [r=0 c=0 rs=1 cs=1]
              RenderText {#text} at (1,1) size 30x17
                text run at (1,1) width 30: "Data"
            RenderTableCell {TD} at (36,2) size 32x20 [r=0 c=1 rs=1 cs=1]
              RenderText {#text} at (1,1) size 30x17
                text run at (1,1) width 30: "Data"
          RenderTableRow {TR} at (0,24) size 70x20
            RenderTableCell {TD} at (2,24) size 32x20 [r=1 c=0 rs=1 cs=1]
              RenderText {#text} at (1,1) size 30x17
                text run at (1,1) width 30: "Data"
            RenderTableCell {TD} at (36,24) size 32x20 [r=1 c=1 rs=1 cs=1]
              RenderText {#text} at (1,1) size 30x17
                text run at (1,1) width 30: "Data"
        RenderBlock {CAPTION} at (10,2) size 80x24 [border: (3px solid #800080)]
          RenderText {#text} at (13,3) size 54x17
            text run at (13,3) width 54: "new cap"
      RenderBlock (anonymous) at (0,956) size 769x18
        RenderText {#text} at (0,0) size 152x17
          text run at (0,0) width 152: "table 8 - remove caption"
      RenderTable {TABLE} at (5,984) size 90x66 [border: (10px solid #008000)]
        RenderTableSection {TBODY} at (10,10) size 70x46
          RenderTableRow {TR} at (0,2) size 70x20
            RenderTableCell {TD} at (2,2) size 32x20 [r=0 c=0 rs=1 cs=1]
              RenderText {#text} at (1,1) size 30x17
                text run at (1,1) width 30: "Data"
            RenderTableCell {TD} at (36,2) size 32x20 [r=0 c=1 rs=1 cs=1]
              RenderText {#text} at (1,1) size 30x17
                text run at (1,1) width 30: "Data"
          RenderTableRow {TR} at (0,24) size 70x20
            RenderTableCell {TD} at (2,24) size 32x20 [r=1 c=0 rs=1 cs=1]
              RenderText {#text} at (1,1) size 30x17
                text run at (1,1) width 30: "Data"
            RenderTableCell {TD} at (36,24) size 32x20 [r=1 c=1 rs=1 cs=1]
              RenderText {#text} at (1,1) size 30x17
                text run at (1,1) width 30: "Data"
