layer at (0,0) size 785x2368
  RenderView at (0,0) size 785x600
layer at (0,0) size 785x2368
  RenderBlock {HTML} at (0,0) size 785x2369
    RenderBody {BODY} at (8,21) size 769x2340
      RenderBlock {H1} at (0,0) size 769x37
        RenderText {#text} at (0,0) size 541x36
          text run at (0,0) width 541: "Problems with COLSPAN and WIDTH"
      RenderBlock {P} at (0,58) size 769x19
        RenderText {#text} at (0,0) size 254x17
          text run at (0,0) width 254: "Each block of tables should be identical."
      RenderBlock {H2} at (0,96) size 769x28
        RenderText {#text} at (0,0) size 129x26
          text run at (0,0) width 129: "Sized Tables"
      RenderBlock {P} at (0,143) size 769x37
        RenderText {#text} at (0,0) size 732x35
          text run at (0,0) width 732: "The following tables have width=400, which should make them the same width as the red lines which are caused by"
          text run at (0,18) width 39: "DIVs:"
      RenderBlock {H3} at (0,197) size 769x23
        RenderText {#text} at (0,0) size 65x21
          text run at (0,0) width 65: "260/140"
      RenderBlock {DIV} at (0,238) size 406x7 [border: (3px solid #FF0000)]
      RenderTable {TABLE} at (0,244) size 400x47
        RenderTableSection {TBODY} at (0,0) size 400x46
          RenderTableRow {TR} at (0,2) size 400x20
            RenderTableCell {TD} at (2,2) size 252x20 [bgcolor=#00FF00] [r=0 c=0 rs=1 cs=1]
              RenderText {#text} at (1,1) size 31x17
                text run at (1,1) width 31: "plain"
            RenderTableCell {TD} at (256,2) size 142x20 [bgcolor=#FFFF00] [r=0 c=1 rs=1 cs=1]
              RenderText {#text} at (1,1) size 69x17
                text run at (1,1) width 69: "width=140"
          RenderTableRow {TR} at (0,24) size 400x20
            RenderTableCell {TD} at (2,24) size 396x20 [bgcolor=#FF00FF] [r=1 c=0 rs=1 cs=2]
              RenderText {#text} at (1,1) size 138x17
                text run at (1,1) width 138: "colspan=2 width=400"
      RenderBlock {DIV} at (0,290) size 406x7 [border: (3px solid #FF0000)]
      RenderTable {TABLE} at (0,296) size 400x47
        RenderTableSection {TBODY} at (0,0) size 400x46
          RenderTableRow {TR} at (0,2) size 400x20
            RenderTableCell {TD} at (2,2) size 262x20 [bgcolor=#00FF00] [r=0 c=0 rs=1 cs=1]
              RenderText {#text} at (1,1) size 69x17
                text run at (1,1) width 69: "width=260"
            RenderTableCell {TD} at (266,2) size 132x20 [bgcolor=#FFFF00] [r=0 c=1 rs=1 cs=1]
              RenderText {#text} at (1,1) size 31x17
                text run at (1,1) width 31: "plain"
          RenderTableRow {TR} at (0,24) size 400x20
            RenderTableCell {TD} at (2,24) size 396x20 [bgcolor=#FF00FF] [r=1 c=0 rs=1 cs=2]
              RenderText {#text} at (1,1) size 138x17
                text run at (1,1) width 138: "colspan=2 width=400"
      RenderBlock {DIV} at (0,342) size 406x7 [border: (3px solid #FF0000)]
      RenderTable {TABLE} at (0,348) size 400x47
        RenderTableSection {TBODY} at (0,0) size 400x46
          RenderTableRow {TR} at (0,2) size 400x20
            RenderTableCell {TD} at (2,2) size 255x20 [bgcolor=#00FF00] [r=0 c=0 rs=1 cs=1]
              RenderText {#text} at (1,1) size 69x17
                text run at (1,1) width 69: "width=260"
            RenderTableCell {TD} at (258,2) size 141x20 [bgcolor=#FFFF00] [r=0 c=1 rs=1 cs=1]
              RenderText {#text} at (1,1) size 69x17
                text run at (1,1) width 69: "width=140"
          RenderTableRow {TR} at (0,24) size 400x20
            RenderTableCell {TD} at (2,24) size 397x20 [bgcolor=#FF00FF] [r=1 c=0 rs=1 cs=2]
              RenderText {#text} at (1,1) size 138x17
                text run at (1,1) width 138: "colspan=2 width=400"
      RenderBlock {DIV} at (0,394) size 406x7 [border: (3px solid #FF0000)]
      RenderTable {TABLE} at (0,400) size 400x47
        RenderTableSection {TBODY} at (0,0) size 400x46
          RenderTableRow {TR} at (0,2) size 400x20
            RenderTableCell {TD} at (2,2) size 255x20 [bgcolor=#00FF00] [r=0 c=0 rs=1 cs=1]
              RenderText {#text} at (1,1) size 69x17
                text run at (1,1) width 69: "width=260"
            RenderTableCell {TD} at (258,2) size 141x20 [bgcolor=#FFFF00] [r=0 c=1 rs=1 cs=1]
              RenderText {#text} at (1,1) size 69x17
                text run at (1,1) width 69: "width=140"
          RenderTableRow {TR} at (0,24) size 400x20
            RenderTableCell {TD} at (2,24) size 397x20 [bgcolor=#FF00FF] [r=1 c=0 rs=1 cs=2]
              RenderText {#text} at (1,1) size 65x17
                text run at (1,1) width 65: "colspan=2"
      RenderBlock {DIV} at (0,446) size 406x7 [border: (3px solid #FF0000)]
      RenderTable {TABLE} at (0,452) size 400x47
        RenderTableSection {TBODY} at (0,0) size 400x46
          RenderTableRow {TR} at (0,2) size 400x20
            RenderTableCell {TD} at (2,2) size 257x20 [bgcolor=#00FF00] [r=0 c=0 rs=1 cs=1]
              RenderText {#text} at (1,1) size 74x17
                text run at (1,1) width 74: "width=65%"
            RenderTableCell {TD} at (260,2) size 138x20 [bgcolor=#FFFF00] [r=0 c=1 rs=1 cs=1]
              RenderText {#text} at (1,1) size 31x17
                text run at (1,1) width 31: "plain"
          RenderTableRow {TR} at (0,24) size 400x20
            RenderTableCell {TD} at (2,24) size 396x20 [bgcolor=#FF00FF] [r=1 c=0 rs=1 cs=2]
              RenderText {#text} at (1,1) size 65x17
                text run at (1,1) width 65: "colspan=2"
      RenderBlock {DIV} at (0,498) size 406x7 [border: (3px solid #FF0000)]
      RenderTable {TABLE} at (0,504) size 400x47
        RenderTableSection {TBODY} at (0,0) size 400x46
          RenderTableRow {TR} at (0,2) size 400x20
            RenderTableCell {TD} at (2,2) size 257x20 [bgcolor=#00FF00] [r=0 c=0 rs=1 cs=1]
              RenderText {#text} at (1,1) size 31x17
                text run at (1,1) width 31: "plain"
            RenderTableCell {TD} at (260,2) size 138x20 [bgcolor=#FFFF00] [r=0 c=1 rs=1 cs=1]
              RenderText {#text} at (1,1) size 74x17
                text run at (1,1) width 74: "width=35%"
          RenderTableRow {TR} at (0,24) size 400x20
            RenderTableCell {TD} at (2,24) size 396x20 [bgcolor=#FF00FF] [r=1 c=0 rs=1 cs=2]
              RenderText {#text} at (1,1) size 65x17
                text run at (1,1) width 65: "colspan=2"
      RenderBlock {DIV} at (0,550) size 406x7 [border: (3px solid #FF0000)]
      RenderTable {TABLE} at (0,556) size 400x47
        RenderTableSection {TBODY} at (0,0) size 400x46
          RenderTableRow {TR} at (0,2) size 400x20
            RenderTableCell {TD} at (2,2) size 257x20 [bgcolor=#00FF00] [r=0 c=0 rs=1 cs=1]
              RenderText {#text} at (1,1) size 74x17
                text run at (1,1) width 74: "width=65%"
            RenderTableCell {TD} at (260,2) size 139x20 [bgcolor=#FFFF00] [r=0 c=1 rs=1 cs=1]
              RenderText {#text} at (1,1) size 74x17
                text run at (1,1) width 74: "width=35%"
          RenderTableRow {TR} at (0,24) size 400x20
            RenderTableCell {TD} at (2,24) size 397x20 [bgcolor=#FF00FF] [r=1 c=0 rs=1 cs=2]
              RenderText {#text} at (1,1) size 65x17
                text run at (1,1) width 65: "colspan=2"
      RenderBlock {DIV} at (0,602) size 406x7 [border: (3px solid #FF0000)]
      RenderBlock {H3} at (0,627) size 769x23
        RenderText {#text} at (0,0) size 65x21
          text run at (0,0) width 65: "140/260"
      RenderBlock {DIV} at (0,668) size 406x7 [border: (3px solid #FF0000)]
      RenderTable {TABLE} at (0,674) size 400x47
        RenderTableSection {TBODY} at (0,0) size 400x46
          RenderTableRow {TR} at (0,2) size 400x20
            RenderTableCell {TD} at (2,2) size 143x20 [bgcolor=#00FF00] [r=0 c=0 rs=1 cs=1]
              RenderText {#text} at (1,1) size 69x17
                text run at (1,1) width 69: "width=140"
            RenderTableCell {TD} at (146,2) size 253x20 [bgcolor=#FFFF00] [r=0 c=1 rs=1 cs=1]
              RenderText {#text} at (1,1) size 31x17
                text run at (1,1) width 31: "plain"
          RenderTableRow {TR} at (0,24) size 400x20
            RenderTableCell {TD} at (2,24) size 397x20 [bgcolor=#FF00FF] [r=1 c=0 rs=1 cs=2]
              RenderText {#text} at (1,1) size 138x17
                text run at (1,1) width 138: "colspan=2 width=400"
      RenderBlock {DIV} at (0,720) size 406x7 [border: (3px solid #FF0000)]
      RenderTable {TABLE} at (0,726) size 400x47
        RenderTableSection {TBODY} at (0,0) size 400x46
          RenderTableRow {TR} at (0,2) size 400x20
            RenderTableCell {TD} at (2,2) size 132x20 [bgcolor=#00FF00] [r=0 c=0 rs=1 cs=1]
              RenderText {#text} at (1,1) size 31x17
                text run at (1,1) width 31: "plain"
            RenderTableCell {TD} at (136,2) size 262x20 [bgcolor=#FFFF00] [r=0 c=1 rs=1 cs=1]
              RenderText {#text} at (1,1) size 69x17
                text run at (1,1) width 69: "width=260"
          RenderTableRow {TR} at (0,24) size 400x20
            RenderTableCell {TD} at (2,24) size 396x20 [bgcolor=#FF00FF] [r=1 c=0 rs=1 cs=2]
              RenderText {#text} at (1,1) size 138x17
                text run at (1,1) width 138: "colspan=2 width=400"
      RenderBlock {DIV} at (0,772) size 406x7 [border: (3px solid #FF0000)]
      RenderTable {TABLE} at (0,778) size 400x47
        RenderTableSection {TBODY} at (0,0) size 400x46
          RenderTableRow {TR} at (0,2) size 400x20
            RenderTableCell {TD} at (2,2) size 140x20 [bgcolor=#00FF00] [r=0 c=0 rs=1 cs=1]
              RenderText {#text} at (1,1) size 69x17
                text run at (1,1) width 69: "width=140"
            RenderTableCell {TD} at (143,2) size 256x20 [bgcolor=#FFFF00] [r=0 c=1 rs=1 cs=1]
              RenderText {#text} at (1,1) size 69x17
                text run at (1,1) width 69: "width=260"
          RenderTableRow {TR} at (0,24) size 400x20
            RenderTableCell {TD} at (2,24) size 397x20 [bgcolor=#FF00FF] [r=1 c=0 rs=1 cs=2]
              RenderText {#text} at (1,1) size 138x17
                text run at (1,1) width 138: "colspan=2 width=400"
      RenderBlock {DIV} at (0,824) size 406x7 [border: (3px solid #FF0000)]
      RenderTable {TABLE} at (0,830) size 400x47
        RenderTableSection {TBODY} at (0,0) size 400x46
          RenderTableRow {TR} at (0,2) size 400x20
            RenderTableCell {TD} at (2,2) size 140x20 [bgcolor=#00FF00] [r=0 c=0 rs=1 cs=1]
              RenderText {#text} at (1,1) size 69x17
                text run at (1,1) width 69: "width=140"
            RenderTableCell {TD} at (143,2) size 256x20 [bgcolor=#FFFF00] [r=0 c=1 rs=1 cs=1]
              RenderText {#text} at (1,1) size 69x17
                text run at (1,1) width 69: "width=260"
          RenderTableRow {TR} at (0,24) size 400x20
            RenderTableCell {TD} at (2,24) size 397x20 [bgcolor=#FF00FF] [r=1 c=0 rs=1 cs=2]
              RenderText {#text} at (1,1) size 65x17
                text run at (1,1) width 65: "colspan=2"
      RenderBlock {DIV} at (0,876) size 406x7 [border: (3px solid #FF0000)]
      RenderTable {TABLE} at (0,882) size 400x47
        RenderTableSection {TBODY} at (0,0) size 400x46
          RenderTableRow {TR} at (0,2) size 400x20
            RenderTableCell {TD} at (2,2) size 138x20 [bgcolor=#00FF00] [r=0 c=0 rs=1 cs=1]
              RenderText {#text} at (1,1) size 74x17
                text run at (1,1) width 74: "width=35%"
            RenderTableCell {TD} at (141,2) size 257x20 [bgcolor=#FFFF00] [r=0 c=1 rs=1 cs=1]
              RenderText {#text} at (1,1) size 31x17
                text run at (1,1) width 31: "plain"
          RenderTableRow {TR} at (0,24) size 400x20
            RenderTableCell {TD} at (2,24) size 396x20 [bgcolor=#FF00FF] [r=1 c=0 rs=1 cs=2]
              RenderText {#text} at (1,1) size 65x17
                text run at (1,1) width 65: "colspan=2"
      RenderBlock {DIV} at (0,928) size 406x7 [border: (3px solid #FF0000)]
      RenderTable {TABLE} at (0,934) size 400x47
        RenderTableSection {TBODY} at (0,0) size 400x46
          RenderTableRow {TR} at (0,2) size 400x20
            RenderTableCell {TD} at (2,2) size 138x20 [bgcolor=#00FF00] [r=0 c=0 rs=1 cs=1]
              RenderText {#text} at (1,1) size 31x17
                text run at (1,1) width 31: "plain"
            RenderTableCell {TD} at (141,2) size 257x20 [bgcolor=#FFFF00] [r=0 c=1 rs=1 cs=1]
              RenderText {#text} at (1,1) size 74x17
                text run at (1,1) width 74: "width=65%"
          RenderTableRow {TR} at (0,24) size 400x20
            RenderTableCell {TD} at (2,24) size 396x20 [bgcolor=#FF00FF] [r=1 c=0 rs=1 cs=2]
              RenderText {#text} at (1,1) size 65x17
                text run at (1,1) width 65: "colspan=2"
      RenderBlock {DIV} at (0,980) size 406x7 [border: (3px solid #FF0000)]
      RenderTable {TABLE} at (0,986) size 400x47
        RenderTableSection {TBODY} at (0,0) size 400x46
          RenderTableRow {TR} at (0,2) size 400x20
            RenderTableCell {TD} at (2,2) size 138x20 [bgcolor=#00FF00] [r=0 c=0 rs=1 cs=1]
              RenderText {#text} at (1,1) size 74x17
                text run at (1,1) width 74: "width=35%"
            RenderTableCell {TD} at (141,2) size 258x20 [bgcolor=#FFFF00] [r=0 c=1 rs=1 cs=1]
              RenderText {#text} at (1,1) size 74x17
                text run at (1,1) width 74: "width=65%"
          RenderTableRow {TR} at (0,24) size 400x20
            RenderTableCell {TD} at (2,24) size 397x20 [bgcolor=#FF00FF] [r=1 c=0 rs=1 cs=2]
              RenderText {#text} at (1,1) size 65x17
                text run at (1,1) width 65: "colspan=2"
      RenderBlock {DIV} at (0,1032) size 406x7 [border: (3px solid #FF0000)]
      RenderBlock {H3} at (0,1056) size 769x23
        RenderText {#text} at (0,0) size 39x21
          text run at (0,0) width 39: "50%"
      RenderBlock {DIV} at (0,1097) size 406x7 [border: (3px solid #FF0000)]
      RenderTable {TABLE} at (0,1103) size 400x47
        RenderTableSection {TBODY} at (0,0) size 400x46
          RenderTableRow {TR} at (0,2) size 400x20
            RenderTableCell {TD} at (2,2) size 197x20 [bgcolor=#00FF00] [r=0 c=0 rs=1 cs=1]
              RenderText {#text} at (1,1) size 74x17
                text run at (1,1) width 74: "width=50%"
            RenderTableCell {TD} at (201,2) size 197x20 [bgcolor=#FFFF00] [r=0 c=1 rs=1 cs=1]
              RenderText {#text} at (1,1) size 31x17
                text run at (1,1) width 31: "plain"
          RenderTableRow {TR} at (0,24) size 400x20
            RenderTableCell {TD} at (2,24) size 396x20 [bgcolor=#FF00FF] [r=1 c=0 rs=1 cs=2]
              RenderText {#text} at (1,1) size 138x17
                text run at (1,1) width 138: "colspan=2 width=400"
      RenderBlock {DIV} at (0,1149) size 406x7 [border: (3px solid #FF0000)]
      RenderTable {TABLE} at (0,1155) size 400x47
        RenderTableSection {TBODY} at (0,0) size 400x46
          RenderTableRow {TR} at (0,2) size 400x20
            RenderTableCell {TD} at (2,2) size 197x20 [bgcolor=#00FF00] [r=0 c=0 rs=1 cs=1]
              RenderText {#text} at (1,1) size 31x17
                text run at (1,1) width 31: "plain"
            RenderTableCell {TD} at (201,2) size 197x20 [bgcolor=#FFFF00] [r=0 c=1 rs=1 cs=1]
              RenderText {#text} at (1,1) size 74x17
                text run at (1,1) width 74: "width=50%"
          RenderTableRow {TR} at (0,24) size 400x20
            RenderTableCell {TD} at (2,24) size 396x20 [bgcolor=#FF00FF] [r=1 c=0 rs=1 cs=2]
              RenderText {#text} at (1,1) size 138x17
                text run at (1,1) width 138: "colspan=2 width=400"
      RenderBlock {DIV} at (0,1201) size 406x7 [border: (3px solid #FF0000)]
      RenderTable {TABLE} at (0,1207) size 400x47
        RenderTableSection {TBODY} at (0,0) size 400x46
          RenderTableRow {TR} at (0,2) size 400x20
            RenderTableCell {TD} at (2,2) size 197x20 [bgcolor=#00FF00] [r=0 c=0 rs=1 cs=1]
              RenderText {#text} at (1,1) size 74x17
                text run at (1,1) width 74: "width=50%"
            RenderTableCell {TD} at (201,2) size 197x20 [bgcolor=#FFFF00] [r=0 c=1 rs=1 cs=1]
              RenderText {#text} at (1,1) size 74x17
                text run at (1,1) width 74: "width=50%"
          RenderTableRow {TR} at (0,24) size 400x20
            RenderTableCell {TD} at (2,24) size 396x20 [bgcolor=#FF00FF] [r=1 c=0 rs=1 cs=2]
              RenderText {#text} at (1,1) size 138x17
                text run at (1,1) width 138: "colspan=2 width=400"
      RenderBlock {DIV} at (0,1253) size 406x7 [border: (3px solid #FF0000)]
      RenderTable {TABLE} at (0,1259) size 400x47
        RenderTableSection {TBODY} at (0,0) size 400x46
          RenderTableRow {TR} at (0,2) size 400x20
            RenderTableCell {TD} at (2,2) size 197x20 [bgcolor=#00FF00] [r=0 c=0 rs=1 cs=1]
              RenderText {#text} at (1,1) size 31x17
                text run at (1,1) width 31: "plain"
            RenderTableCell {TD} at (201,2) size 197x20 [bgcolor=#FFFF00] [r=0 c=1 rs=1 cs=1]
              RenderText {#text} at (1,1) size 31x17
                text run at (1,1) width 31: "plain"
          RenderTableRow {TR} at (0,24) size 400x20
            RenderTableCell {TD} at (2,24) size 396x20 [bgcolor=#FF00FF] [r=1 c=0 rs=1 cs=2]
              RenderText {#text} at (1,1) size 138x17
                text run at (1,1) width 138: "colspan=2 width=400"
      RenderBlock {DIV} at (0,1305) size 406x7 [border: (3px solid #FF0000)]
      RenderTable {TABLE} at (0,1311) size 400x47
        RenderTableSection {TBODY} at (0,0) size 400x46
          RenderTableRow {TR} at (0,2) size 400x20
            RenderTableCell {TD} at (2,2) size 197x20 [bgcolor=#00FF00] [r=0 c=0 rs=1 cs=1]
              RenderText {#text} at (1,1) size 69x17
                text run at (1,1) width 69: "width=200"
            RenderTableCell {TD} at (201,2) size 197x20 [bgcolor=#FFFF00] [r=0 c=1 rs=1 cs=1]
              RenderText {#text} at (1,1) size 69x17
                text run at (1,1) width 69: "width=200"
          RenderTableRow {TR} at (0,24) size 400x20
            RenderTableCell {TD} at (2,24) size 396x20 [bgcolor=#FF00FF] [r=1 c=0 rs=1 cs=2]
              RenderText {#text} at (1,1) size 65x17
                text run at (1,1) width 65: "colspan=2"
      RenderBlock {DIV} at (0,1357) size 406x7 [border: (3px solid #FF0000)]
      RenderBlock {H2} at (0,1383) size 769x28
        RenderText {#text} at (0,0) size 230x26
          text run at (0,0) width 230: "Tables Without Width"
      RenderBlock {P} at (0,1430) size 769x37
        RenderText {#text} at (0,0) size 753x35
          text run at (0,0) width 753: "The following tables have no width. They should still be the same size, by virtue of them having a 400 pixel cell and no"
          text run at (0,18) width 154: "padding/margin/borders."
      RenderBlock {H3} at (0,1485) size 769x23
        RenderText {#text} at (0,0) size 65x21
          text run at (0,0) width 65: "260/140"
      RenderBlock {DIV} at (0,1525) size 406x7 [border: (3px solid #FF0000)]
      RenderTable {TABLE} at (0,1531) size 406x47
        RenderTableSection {TBODY} at (0,0) size 406x46
          RenderTableRow {TR} at (0,2) size 406x20
            RenderTableCell {TD} at (2,2) size 258x20 [bgcolor=#00FF00] [r=0 c=0 rs=1 cs=1]
              RenderText {#text} at (1,1) size 31x17
                text run at (1,1) width 31: "plain"
            RenderTableCell {TD} at (262,2) size 142x20 [bgcolor=#FFFF00] [r=0 c=1 rs=1 cs=1]
              RenderText {#text} at (1,1) size 69x17
                text run at (1,1) width 69: "width=140"
          RenderTableRow {TR} at (0,24) size 406x20
            RenderTableCell {TD} at (2,24) size 402x20 [bgcolor=#FF00FF] [r=1 c=0 rs=1 cs=2]
              RenderText {#text} at (1,1) size 138x17
                text run at (1,1) width 138: "colspan=2 width=400"
      RenderBlock {DIV} at (0,1577) size 406x7 [border: (3px solid #FF0000)]
      RenderTable {TABLE} at (0,1583) size 406x47
        RenderTableSection {TBODY} at (0,0) size 406x46
          RenderTableRow {TR} at (0,2) size 406x20
            RenderTableCell {TD} at (2,2) size 262x20 [bgcolor=#00FF00] [r=0 c=0 rs=1 cs=1]
              RenderText {#text} at (1,1) size 69x17
                text run at (1,1) width 69: "width=260"
            RenderTableCell {TD} at (266,2) size 138x20 [bgcolor=#FFFF00] [r=0 c=1 rs=1 cs=1]
              RenderText {#text} at (1,1) size 31x17
                text run at (1,1) width 31: "plain"
          RenderTableRow {TR} at (0,24) size 406x20
            RenderTableCell {TD} at (2,24) size 402x20 [bgcolor=#FF00FF] [r=1 c=0 rs=1 cs=2]
              RenderText {#text} at (1,1) size 138x17
                text run at (1,1) width 138: "colspan=2 width=400"
      RenderBlock {DIV} at (0,1629) size 406x7 [border: (3px solid #FF0000)]
      RenderTable {TABLE} at (0,1635) size 410x47
        RenderTableSection {TBODY} at (0,0) size 410x46
          RenderTableRow {TR} at (0,2) size 410x20
            RenderTableCell {TD} at (2,2) size 262x20 [bgcolor=#00FF00] [r=0 c=0 rs=1 cs=1]
              RenderText {#text} at (1,1) size 69x17
                text run at (1,1) width 69: "width=260"
            RenderTableCell {TD} at (266,2) size 142x20 [bgcolor=#FFFF00] [r=0 c=1 rs=1 cs=1]
              RenderText {#text} at (1,1) size 69x17
                text run at (1,1) width 69: "width=140"
          RenderTableRow {TR} at (0,24) size 410x20
            RenderTableCell {TD} at (2,24) size 406x20 [bgcolor=#FF00FF] [r=1 c=0 rs=1 cs=2]
              RenderText {#text} at (1,1) size 138x17
                text run at (1,1) width 138: "colspan=2 width=400"
      RenderBlock {DIV} at (0,1681) size 406x7 [border: (3px solid #FF0000)]
      RenderTable {TABLE} at (0,1687) size 410x47
        RenderTableSection {TBODY} at (0,0) size 410x46
          RenderTableRow {TR} at (0,2) size 410x20
            RenderTableCell {TD} at (2,2) size 262x20 [bgcolor=#00FF00] [r=0 c=0 rs=1 cs=1]
              RenderText {#text} at (1,1) size 69x17
                text run at (1,1) width 69: "width=260"
            RenderTableCell {TD} at (266,2) size 142x20 [bgcolor=#FFFF00] [r=0 c=1 rs=1 cs=1]
              RenderText {#text} at (1,1) size 69x17
                text run at (1,1) width 69: "width=140"
          RenderTableRow {TR} at (0,24) size 410x20
            RenderTableCell {TD} at (2,24) size 406x20 [bgcolor=#FF00FF] [r=1 c=0 rs=1 cs=2]
              RenderText {#text} at (1,1) size 65x17
                text run at (1,1) width 65: "colspan=2"
      RenderBlock {DIV} at (0,1733) size 406x7 [border: (3px solid #FF0000)]
      RenderBlock {H3} at (0,1758) size 769x23
        RenderText {#text} at (0,0) size 65x21
          text run at (0,0) width 65: "140/260"
      RenderBlock {DIV} at (0,1799) size 406x7 [border: (3px solid #FF0000)]
      RenderTable {TABLE} at (0,1805) size 406x47
        RenderTableSection {TBODY} at (0,0) size 406x46
          RenderTableRow {TR} at (0,2) size 406x20
            RenderTableCell {TD} at (2,2) size 142x20 [bgcolor=#00FF00] [r=0 c=0 rs=1 cs=1]
              RenderText {#text} at (1,1) size 69x17
                text run at (1,1) width 69: "width=140"
            RenderTableCell {TD} at (146,2) size 258x20 [bgcolor=#FFFF00] [r=0 c=1 rs=1 cs=1]
              RenderText {#text} at (1,1) size 31x17
                text run at (1,1) width 31: "plain"
          RenderTableRow {TR} at (0,24) size 406x20
            RenderTableCell {TD} at (2,24) size 402x20 [bgcolor=#FF00FF] [r=1 c=0 rs=1 cs=2]
              RenderText {#text} at (1,1) size 138x17
                text run at (1,1) width 138: "colspan=2 width=400"
      RenderBlock {DIV} at (0,1851) size 406x7 [border: (3px solid #FF0000)]
      RenderTable {TABLE} at (0,1857) size 406x47
        RenderTableSection {TBODY} at (0,0) size 406x46
          RenderTableRow {TR} at (0,2) size 406x20
            RenderTableCell {TD} at (2,2) size 138x20 [bgcolor=#00FF00] [r=0 c=0 rs=1 cs=1]
              RenderText {#text} at (1,1) size 31x17
                text run at (1,1) width 31: "plain"
            RenderTableCell {TD} at (142,2) size 262x20 [bgcolor=#FFFF00] [r=0 c=1 rs=1 cs=1]
              RenderText {#text} at (1,1) size 69x17
                text run at (1,1) width 69: "width=260"
          RenderTableRow {TR} at (0,24) size 406x20
            RenderTableCell {TD} at (2,24) size 402x20 [bgcolor=#FF00FF] [r=1 c=0 rs=1 cs=2]
              RenderText {#text} at (1,1) size 138x17
                text run at (1,1) width 138: "colspan=2 width=400"
      RenderBlock {DIV} at (0,1903) size 406x7 [border: (3px solid #FF0000)]
      RenderTable {TABLE} at (0,1909) size 410x47
        RenderTableSection {TBODY} at (0,0) size 410x46
          RenderTableRow {TR} at (0,2) size 410x20
            RenderTableCell {TD} at (2,2) size 142x20 [bgcolor=#00FF00] [r=0 c=0 rs=1 cs=1]
              RenderText {#text} at (1,1) size 69x17
                text run at (1,1) width 69: "width=140"
            RenderTableCell {TD} at (146,2) size 262x20 [bgcolor=#FFFF00] [r=0 c=1 rs=1 cs=1]
              RenderText {#text} at (1,1) size 69x17
                text run at (1,1) width 69: "width=260"
          RenderTableRow {TR} at (0,24) size 410x20
            RenderTableCell {TD} at (2,24) size 406x20 [bgcolor=#FF00FF] [r=1 c=0 rs=1 cs=2]
              RenderText {#text} at (1,1) size 138x17
                text run at (1,1) width 138: "colspan=2 width=400"
      RenderBlock {DIV} at (0,1955) size 406x7 [border: (3px solid #FF0000)]
      RenderTable {TABLE} at (0,1961) size 410x47
        RenderTableSection {TBODY} at (0,0) size 410x46
          RenderTableRow {TR} at (0,2) size 410x20
            RenderTableCell {TD} at (2,2) size 142x20 [bgcolor=#00FF00] [r=0 c=0 rs=1 cs=1]
              RenderText {#text} at (1,1) size 69x17
                text run at (1,1) width 69: "width=140"
            RenderTableCell {TD} at (146,2) size 262x20 [bgcolor=#FFFF00] [r=0 c=1 rs=1 cs=1]
              RenderText {#text} at (1,1) size 69x17
                text run at (1,1) width 69: "width=260"
          RenderTableRow {TR} at (0,24) size 410x20
            RenderTableCell {TD} at (2,24) size 406x20 [bgcolor=#FF00FF] [r=1 c=0 rs=1 cs=2]
              RenderText {#text} at (1,1) size 65x17
                text run at (1,1) width 65: "colspan=2"
      RenderBlock {DIV} at (0,2007) size 406x7 [border: (3px solid #FF0000)]
      RenderBlock {H3} at (0,2031) size 769x23
        RenderText {#text} at (0,0) size 39x21
          text run at (0,0) width 39: "50%"
      RenderBlock {DIV} at (0,2072) size 406x7 [border: (3px solid #FF0000)]
      RenderTable {TABLE} at (0,2078) size 564x47
        RenderTableSection {TBODY} at (0,0) size 564x46
          RenderTableRow {TR} at (0,2) size 564x20
            RenderTableCell {TD} at (2,2) size 279x20 [bgcolor=#00FF00] [r=0 c=0 rs=1 cs=1]
              RenderText {#text} at (1,1) size 74x17
                text run at (1,1) width 74: "width=50%"
            RenderTableCell {TD} at (282,2) size 280x20 [bgcolor=#FFFF00] [r=0 c=1 rs=1 cs=1]
              RenderText {#text} at (1,1) size 31x17
                text run at (1,1) width 31: "plain"
          RenderTableRow {TR} at (0,24) size 564x20
            RenderTableCell {TD} at (2,24) size 560x20 [bgcolor=#FF00FF] [r=1 c=0 rs=1 cs=2]
              RenderText {#text} at (1,1) size 138x17
                text run at (1,1) width 138: "colspan=2 width=400"
      RenderBlock {DIV} at (0,2124) size 406x7 [border: (3px solid #FF0000)]
      RenderTable {TABLE} at (0,2130) size 564x47
        RenderTableSection {TBODY} at (0,0) size 564x46
          RenderTableRow {TR} at (0,2) size 564x20
            RenderTableCell {TD} at (2,2) size 279x20 [bgcolor=#00FF00] [r=0 c=0 rs=1 cs=1]
              RenderText {#text} at (1,1) size 31x17
                text run at (1,1) width 31: "plain"
            RenderTableCell {TD} at (282,2) size 280x20 [bgcolor=#FFFF00] [r=0 c=1 rs=1 cs=1]
              RenderText {#text} at (1,1) size 74x17
                text run at (1,1) width 74: "width=50%"
          RenderTableRow {TR} at (0,24) size 564x20
            RenderTableCell {TD} at (2,24) size 560x20 [bgcolor=#FF00FF] [r=1 c=0 rs=1 cs=2]
              RenderText {#text} at (1,1) size 138x17
                text run at (1,1) width 138: "colspan=2 width=400"
      RenderBlock {DIV} at (0,2176) size 406x7 [border: (3px solid #FF0000)]
      RenderTable {TABLE} at (0,2182) size 406x47
        RenderTableSection {TBODY} at (0,0) size 406x46
          RenderTableRow {TR} at (0,2) size 406x20
            RenderTableCell {TD} at (2,2) size 200x20 [bgcolor=#00FF00] [r=0 c=0 rs=1 cs=1]
              RenderText {#text} at (1,1) size 74x17
                text run at (1,1) width 74: "width=50%"
            RenderTableCell {TD} at (204,2) size 200x20 [bgcolor=#FFFF00] [r=0 c=1 rs=1 cs=1]
              RenderText {#text} at (1,1) size 74x17
                text run at (1,1) width 74: "width=50%"
          RenderTableRow {TR} at (0,24) size 406x20
            RenderTableCell {TD} at (2,24) size 402x20 [bgcolor=#FF00FF] [r=1 c=0 rs=1 cs=2]
              RenderText {#text} at (1,1) size 138x17
                text run at (1,1) width 138: "colspan=2 width=400"
      RenderBlock {DIV} at (0,2228) size 406x7 [border: (3px solid #FF0000)]
      RenderTable {TABLE} at (0,2234) size 406x47
        RenderTableSection {TBODY} at (0,0) size 406x46
          RenderTableRow {TR} at (0,2) size 406x20
            RenderTableCell {TD} at (2,2) size 200x20 [bgcolor=#00FF00] [r=0 c=0 rs=1 cs=1]
              RenderText {#text} at (1,1) size 31x17
                text run at (1,1) width 31: "plain"
            RenderTableCell {TD} at (204,2) size 200x20 [bgcolor=#FFFF00] [r=0 c=1 rs=1 cs=1]
              RenderText {#text} at (1,1) size 31x17
                text run at (1,1) width 31: "plain"
          RenderTableRow {TR} at (0,24) size 406x20
            RenderTableCell {TD} at (2,24) size 402x20 [bgcolor=#FF00FF] [r=1 c=0 rs=1 cs=2]
              RenderText {#text} at (1,1) size 138x17
                text run at (1,1) width 138: "colspan=2 width=400"
      RenderBlock {DIV} at (0,2280) size 406x7 [border: (3px solid #FF0000)]
      RenderTable {TABLE} at (0,2286) size 410x47
        RenderTableSection {TBODY} at (0,0) size 410x46
          RenderTableRow {TR} at (0,2) size 410x20
            RenderTableCell {TD} at (2,2) size 202x20 [bgcolor=#00FF00] [r=0 c=0 rs=1 cs=1]
              RenderText {#text} at (1,1) size 69x17
                text run at (1,1) width 69: "width=200"
            RenderTableCell {TD} at (206,2) size 202x20 [bgcolor=#FFFF00] [r=0 c=1 rs=1 cs=1]
              RenderText {#text} at (1,1) size 69x17
                text run at (1,1) width 69: "width=200"
          RenderTableRow {TR} at (0,24) size 410x20
            RenderTableCell {TD} at (2,24) size 406x20 [bgcolor=#FF00FF] [r=1 c=0 rs=1 cs=2]
              RenderText {#text} at (1,1) size 65x17
                text run at (1,1) width 65: "colspan=2"
      RenderBlock {DIV} at (0,2332) size 406x7 [border: (3px solid #FF0000)]
