layer at (0,0) size 800x600
  RenderView at (0,0) size 800x600
layer at (0,0) size 800x600
  RenderBlock {HTML} at (0,0) size 800x600
    RenderBody {BODY} at (8,8) size 784x584 [bgcolor=#CCCCCC]
      RenderBlock {P} at (0,0) size 784x20
        RenderText {#text} at (0,0) size 363x19
          text run at (0,0) width 363: "The style declarations which apply to the text below are:"
      RenderBlock {PRE} at (0,36) size 784x42
        RenderText {#text} at (0,0) size 281x42
          text run at (0,0) width 281: ".one {list-style-position: outside;}"
          text run at (280,0) width 1: " "
          text run at (0,14) width 274: ".two {list-style-position: inside;}"
          text run at (273,14) width 1: " "
          text run at (0,28) width 0: " "
      RenderBlock {HR} at (0,91) size 784x2 [border: (1px inset #000000)]
      RenderBlock {UL} at (0,109) size 784x40
        RenderListItem {LI} at (40,0) size 744x40
          RenderListMarker at (-18,0) size 7x19: bullet
          RenderText {#text} at (0,0) size 743x39
            text run at (0,0) width 743: "The text in this item should behave as expected; that is, it should line up with itself on the left margin, leaving blank"
            text run at (0,20) width 158: "space beneath the bullet."
      RenderBlock {UL} at (0,165) size 784x40
        RenderListItem {LI} at (40,0) size 744x40
          RenderListMarker at (-1,0) size 7x19: bullet
          RenderText {#text} at (15,0) size 720x39
            text run at (15,0) width 705: "The text in this item should not behave as expected; that is, it should line up with the bullet on the left margin,"
            text run at (0,20) width 268: "leaving no blank space beneath the bullet."
      RenderTable {TABLE} at (0,221) size 784x150 [border: (1px outset #808080)]
        RenderTableSection {TBODY} at (1,1) size 782x148
          RenderTableRow {TR} at (0,0) size 782x28
            RenderTableCell {TD} at (0,0) size 782x28 [bgcolor=#C0C0C0] [border: (1px inset #808080)] [r=0 c=0 rs=1 cs=2]
              RenderInline {STRONG} at (0,0) size 161x19
                RenderText {#text} at (4,4) size 161x19
                  text run at (4,4) width 161: "TABLE Testing Section"
          RenderTableRow {TR} at (0,28) size 782x120
            RenderTableCell {TD} at (0,74) size 12x28 [bgcolor=#C0C0C0] [border: (1px inset #808080)] [r=1 c=0 rs=1 cs=1]
              RenderText {#text} at (4,4) size 4x19
                text run at (4,4) width 4: " "
            RenderTableCell {TD} at (12,28) size 770x120 [border: (1px inset #808080)] [r=1 c=1 rs=1 cs=1]
              RenderBlock {UL} at (4,4) size 762x40
                RenderListItem {LI} at (40,0) size 722x40
                  RenderListMarker at (-18,0) size 7x19: bullet
                  RenderText {#text} at (0,0) size 704x39
                    text run at (0,0) width 704: "The text in this item should behave as expected; that is, it should line up with itself on the left margin, leaving"
                    text run at (0,20) width 197: "blank space beneath the bullet."
              RenderBlock {UL} at (4,60) size 762x40
                RenderListItem {LI} at (40,0) size 722x40
                  RenderListMarker at (-1,0) size 7x19: bullet
                  RenderText {#text} at (15,0) size 720x39
                    text run at (15,0) width 705: "The text in this item should not behave as expected; that is, it should line up with the bullet on the left margin,"
                    text run at (0,20) width 268: "leaving no blank space beneath the bullet."
