layer at (0,0) size 800x600
  RenderView at (0,0) size 800x600
layer at (0,0) size 800x600
  RenderBlock {HTML} at (0,0) size 800x600
    RenderBody {BODY} at (8,8) size 784x584 [bgcolor=#CCCCCC]
      RenderBlock {P} at (0,0) size 784x20
        RenderText {#text} at (0,0) size 363x19
          text run at (0,0) width 363: "The style declarations which apply to the text below are:"
      RenderBlock {PRE} at (0,36) size 784x28
        RenderText {#text} at (0,0) size 484x28
          text run at (0,0) width 297: ".one {list-style: upper-alpha inside;}"
          text run at (296,0) width 1: " "
          text run at (0,14) width 484: ".two {list-style: url(../resources/oransqr.gif) disc outside;}"
          text run at (483,14) width 1: " "
      RenderBlock {HR} at (0,77) size 784x2 [border: (1px inset #000000)]
      RenderBlock {UL} at (0,95) size 784x40
        RenderListItem {LI} at (40,0) size 744x40
          RenderListMarker at (0,0) size 20x19: "A"
          RenderText {#text} at (19,0) size 694x39
            text run at (19,0) width 675: "The text in this item should not behave as expected; that is, it should line up with the capital-A on the left"
            text run at (0,20) width 345: "margin, leaving no blank space beneath the capital-A."
      RenderBlock {UL} at (0,151) size 784x40
        RenderListItem {LI} at (40,0) size 744x40
          RenderListMarker at (-22,0) size 15x15
          RenderText {#text} at (0,0) size 727x39
            text run at (0,0) width 489: "The text in this item have an orange square for its bullet; failing that, a disc. "
            text run at (488,0) width 239: "Also, the bullet should be outside the"
            text run at (0,20) width 290: "text block, as the list has been set to 'outside'."
      RenderTable {TABLE} at (0,207) size 784x150 [border: (1px outset #808080)]
        RenderTableSection {TBODY} at (1,1) size 782x148
          RenderTableRow {TR} at (0,0) size 782x28
            RenderTableCell {TD} at (0,0) size 782x28 [bgcolor=#C0C0C0] [border: (1px inset #808080)] [r=0 c=0 rs=1 cs=2]
              RenderInline {STRONG} at (0,0) size 161x19
                RenderText {#text} at (4,4) size 161x19
                  text run at (4,4) width 161: "TABLE Testing Section"
          RenderTableRow {TR} at (0,28) size 782x120
            RenderTableCell {TD} at (0,74) size 12x28 [bgcolor=#C0C0C0] [border: (1px inset #808080)] [r=1 c=0 rs=1 cs=1]
              RenderText {#text} at (4,4) size 4x19
                text run at (4,4) width 4: " "
            RenderTableCell {TD} at (12,28) size 770x120 [border: (1px inset #808080)] [r=1 c=1 rs=1 cs=1]
              RenderBlock {UL} at (4,4) size 762x40
                RenderListItem {LI} at (40,0) size 722x40
                  RenderListMarker at (0,0) size 20x19: "A"
                  RenderText {#text} at (19,0) size 694x39
                    text run at (19,0) width 675: "The text in this item should not behave as expected; that is, it should line up with the capital-A on the left"
                    text run at (0,20) width 345: "margin, leaving no blank space beneath the capital-A."
              RenderBlock {UL} at (4,60) size 762x40
                RenderListItem {LI} at (40,0) size 722x40
                  RenderListMarker at (-22,0) size 15x15
                  RenderText {#text} at (0,0) size 703x39
                    text run at (0,0) width 489: "The text in this item have an orange square for its bullet; failing that, a disc. "
                    text run at (488,0) width 215: "Also, the bullet should be outside"
                    text run at (0,20) width 314: "the text block, as the list has been set to 'outside'."
