layer at (0,0) size 800x600
  RenderView at (0,0) size 800x600
layer at (0,0) size 800x600
  RenderBlock {HTML} at (0,0) size 800x600
    RenderBody {BODY} at (8,8) size 784x584
      RenderBlock (anonymous) at (0,0) size 784x18
        RenderText {#text} at (0,0) size 218x17
          text run at (0,0) width 218: "The 2 tables should look the same"
      RenderTable {TABLE} at (0,18) size 610x28 [bgcolor=#FFA500] [border: (1px outset #808080)]
        RenderTableCol {COLGROUP} at (0,0) size 0x0
          RenderTableCol {COL} at (0,0) size 0x0
          RenderTableCol {COL} at (0,0) size 0x0
          RenderTableCol {COL} at (0,0) size 0x0
        RenderTableSection {TBODY} at (1,1) size 608x26
          RenderTableRow {TR} at (0,2) size 608x22
            RenderTableCell {TD} at (2,2) size 100x22 [border: (1px inset #808080)] [r=0 c=0 rs=1 cs=1]
              RenderText {#text} at (2,2) size 24x17
                text run at (2,2) width 24: "100"
            RenderTableCell {TD} at (104,2) size 200x22 [border: (1px inset #808080)] [r=0 c=1 rs=1 cs=1]
              RenderText {#text} at (2,2) size 24x17
                text run at (2,2) width 24: "200"
            RenderTableCell {TD} at (306,2) size 300x22 [border: (1px inset #808080)] [r=0 c=2 rs=1 cs=1]
              RenderText {#text} at (2,2) size 24x17
                text run at (2,2) width 24: "300"
      RenderBlock (anonymous) at (0,46) size 784x18
        RenderBR {BR} at (0,0) size 0x17
      RenderTable {TABLE} at (0,64) size 610x28 [bgcolor=#FFA500] [border: (1px outset #808080)]
        RenderTableCol {COLGROUP} at (0,0) size 0x0
          RenderTableCol {COL} at (0,0) size 0x0
          RenderTableCol {COL} at (0,0) size 0x0
          RenderTableCol {COL} at (0,0) size 0x0
        RenderTableSection {TBODY} at (1,1) size 608x26
          RenderTableRow {TR} at (0,2) size 608x22
            RenderTableCell {TD} at (2,2) size 100x22 [border: (1px inset #808080)] [r=0 c=0 rs=1 cs=1]
              RenderText {#text} at (2,2) size 24x17
                text run at (2,2) width 24: "100"
            RenderTableCell {TD} at (104,2) size 200x22 [border: (1px inset #808080)] [r=0 c=1 rs=1 cs=1]
              RenderText {#text} at (2,2) size 24x17
                text run at (2,2) width 24: "200"
            RenderTableCell {TD} at (306,2) size 300x22 [border: (1px inset #808080)] [r=0 c=2 rs=1 cs=1]
              RenderText {#text} at (2,2) size 24x17
                text run at (2,2) width 24: "300"
