layer at (0,0) size 800x600
  RenderView at (0,0) size 800x600
layer at (0,0) size 800x600
  RenderBlock {HTML} at (0,0) size 800x600
    RenderBody {BODY} at (8,8) size 784x584
      RenderBlock {P} at (0,0) size 784x36
        RenderText {#text} at (0,0) size 763x36
          text run at (0,0) width 304: "You should see a 200x200 green square below. "
          text run at (303,0) width 243: "If you see any red, the test has failed. "
          text run at (545,0) width 218: "This test is checking to make sure"
          text run at (0,18) width 560: "that boxes will shift to avoid floats that try to intrude into their space (just as tables do)."
      RenderBlock {DIV} at (0,52) size 200x200 [bgcolor=#FF0000]
        RenderBlock (floating) {DIV} at (0,0) size 100x200 [bgcolor=#008000]
        RenderDeprecatedFlexibleBox {DIV} at (100,0) size 100x200 [bgcolor=#008000]
