layer at (0,0) size 800x600
  RenderView at (0,0) size 800x600
layer at (0,0) size 800x600
  RenderBlock {HTML} at (0,0) size 800x600
    RenderBody {BODY} at (8,8) size 784x584
      RenderBlock {P} at (0,0) size 784x36
        RenderText {#text} at (0,0) size 765x36
          text run at (0,0) width 558: "You should see a 100x100 olive-bordered green square below with a vertical scrollbar. "
          text run at (557,0) width 208: "The scrollable area should all be"
          text run at (0,18) width 253: "green and should be about 1000px tall. "
          text run at (252,18) width 334: "If you do not see a scrollbar, then the test has failed."
layer at (8,60) size 104x104 clip at (10,62) size 85x100 scrollHeight 1000
  RenderDeprecatedFlexibleBox {DIV} at (0,52) size 104x104 [bgcolor=#008000] [border: (2px solid #808000)]
    RenderBlock {DIV} at (2,2) size 85x1000
