layer at (0,0) size 800x600
  RenderView at (0,0) size 800x600
layer at (0,0) size 800x600
  RenderBlock {HTML} at (0,0) size 800x600
    RenderBody {BODY} at (8,8) size 784x584
      RenderBlock {P} at (0,0) size 784x54
        RenderText {#text} at (0,0) size 783x54
          text run at (0,0) width 783: "You should see a single 100x100 green square below. If your browser supports the display of ALT text, you should see the"
          text run at (0,18) width 249: "word \"Image\" inside the green square. "
          text run at (248,18) width 275: "If you see any red, then the test has failed. "
          text run at (522,18) width 218: "This test is checking to make sure"
          text run at (0,36) width 327: "replaced elements inside boxes get stretched when "
        RenderInline {CODE} at (0,0) size 141x15
          RenderText {#text} at (326,38) size 141x15
            text run at (326,38) width 141: "box-align: stretch"
        RenderText {#text} at (466,36) size 81x18
          text run at (466,36) width 81: " is specified."
      RenderDeprecatedFlexibleBox {DIV} at (0,70) size 100x100 [bgcolor=#FF0000]
        RenderImage {IMG} at (0,0) size 100x100 [bgcolor=#008000]
