layer at (0,0) size 800x600
  RenderView at (0,0) size 800x600
layer at (0,0) size 800x298
  RenderBlock {HTML} at (0,0) size 800x298
    RenderBody {BODY} at (8,20) size 784x270
      RenderBlock {DIV} at (0,252) size 784x18
        RenderText {#text} at (0,0) size 613x18
          text run at (0,0) width 613: "PASS - \"-webkit-transform.1\" property for \"inner\" element at 0.5s saw something close to: 0.76"
        RenderBR {BR} at (612,0) size 1x18
layer at (28,20) size 122x232
  RenderBlock {DIV} at (20,0) size 122x232 [border: (1px solid #000000)]
layer at (29,31) size 100x100
  RenderBlock {DIV} at (1,11) size 100x100
layer at (39,31) size 100x100
  RenderBlock {DIV} at (10,0) size 100x100 [bgcolor=#008000]
    RenderText {#text} at (33,0) size 34x77
      text run at (33,0) width 34: "1"
