layer at (0,0) size 800x600
  RenderView at (0,0) size 800x600
layer at (0,0) size 800x306
  RenderBlock {HTML} at (0,0) size 800x306
    RenderBody {BODY} at (8,16) size 784x270
      RenderBlock {P} at (0,0) size 784x18
        RenderText {#text} at (0,0) size 456x18
          text run at (0,0) width 456: "You should see the original and three copies of the green box with text."
layer at (28,54) size 122x232
  RenderBlock {DIV} at (20,38) size 122x232 [border: (1px solid #000000)]
layer at (39,65) size 100x100
  RenderBlock {DIV} at (11,11) size 100x100 [bgcolor=#008000]
layer at (39,65) size 100x100 clip at (39,65) size 85x85 scrollHeight 500
  RenderBlock (relative positioned) {DIV} at (0,0) size 100x100
layer at (39,65) size 85x500 backgroundClip at (39,65) size 85x85 clip at (39,65) size 85x85
  RenderBlock {DIV} at (0,0) size 85x500
    RenderText {#text} at (0,0) size 83x414
      text run at (0,0) width 43: "Lorem"
      text run at (0,18) width 77: "ipsum dolor"
      text run at (0,36) width 55: "sit amet,"
      text run at (0,54) width 73: "consectetur"
      text run at (0,72) width 71: "adipisicing"
      text run at (0,90) width 70: "elit, sed do"
      text run at (0,108) width 55: "eiusmod"
      text run at (0,126) width 46: "tempor"
      text run at (0,144) width 82: "incididunt ut"
      text run at (0,162) width 56: "labore et"
      text run at (0,180) width 41: "dolore"
      text run at (0,198) width 43: "magna"
      text run at (0,216) width 64: "aliqua. Ut"
      text run at (0,234) width 52: "enim ad"
      text run at (0,252) width 42: "minim"
      text run at (0,270) width 82: "veniam, quis"
      text run at (0,288) width 48: "nostrud"
      text run at (0,306) width 76: "exercitation"
      text run at (0,324) width 52: "ullamco"
      text run at (0,342) width 71: "laboris nisi"
      text run at (0,360) width 80: "ut aliquip ex"
      text run at (0,378) width 83: "ea commodo"
      text run at (0,396) width 68: "consequat."
