layer at (0,0) size 800x600
  RenderView at (0,0) size 800x600
layer at (0,0) size 800x322
  RenderBlock {HTML} at (0,0) size 800x322
    RenderBody {BODY} at (8,16) size 784x291
      RenderBlock {P} at (0,0) size 784x40
        RenderText {#text} at (0,0) size 761x39
          text run at (0,0) width 391: "Change your window size. However the lines wrap, the blue "
          text run at (390,0) width 371: "rectanglues should always have their middles on the same"
          text run at (0,20) width 86: "alignment as "
          text run at (85,20) width 210: "other blue rectangles on the line."
      RenderBlock {P} at (15,56) size 754x235 [color=#0000FF] [bgcolor=#FFFFFF] [border: (1px solid #C0C0C0)]
        RenderText {#text} at (8,35) size 61x16
          text run at (8,35) width 61: "\x{C9}\x{C9}\x{C9} "
        RenderImage {IMG} at (68,26) size 31x31
        RenderText {#text} at (98,35) size 16x16
          text run at (98,35) width 16: " "
        RenderInline {SPAN} at (0,0) size 113x39 [color=#C0C0C0]
          RenderText {#text} at (113,17) size 113x39
            text run at (113,17) width 113: "xxx"
        RenderText {#text} at (226,35) size 15x16
          text run at (226,35) width 15: " "
        RenderImage {IMG} at (241,16) size 50x51
        RenderText {#text} at (291,35) size 75x16
          text run at (291,35) width 15: " "
          text run at (306,35) width 60: "\x{C9}\x{C9}\x{C9} "
        RenderImage {IMG} at (366,36) size 10x11
        RenderText {#text} at (376,35) size 15x16
          text run at (376,35) width 15: " "
        RenderInline {SMALL} at (0,0) size 30x11 [color=#C0C0C0]
          RenderText {#text} at (391,39) size 30x11
            text run at (391,39) width 30: "xxx"
        RenderText {#text} at (421,35) size 15x16
          text run at (421,35) width 15: " "
        RenderImage {IMG} at (436,31) size 20x21
        RenderText {#text} at (456,35) size 75x16
          text run at (456,35) width 15: " "
          text run at (471,35) width 60: "\x{C9}\x{C9}\x{C9} "
        RenderImage {IMG} at (531,8) size 65x66
        RenderText {#text} at (596,35) size 75x16
          text run at (596,35) width 15: " "
          text run at (611,35) width 60: "\x{C9}\x{C9}\x{C9} "
        RenderImage {IMG} at (671,23) size 35x36
        RenderText {#text} at (0,0) size 0x0
        RenderInline {SPAN} at (0,0) size 91x31 [color=#C0C0C0]
          RenderText {#text} at (8,93) size 91x31
            text run at (8,93) width 91: "xxx"
        RenderText {#text} at (98,105) size 16x16
          text run at (98,105) width 16: " "
        RenderImage {IMG} at (113,86) size 51x51
        RenderText {#text} at (163,105) size 16x16
          text run at (163,105) width 16: " "
        RenderInline {SPAN} at (0,0) size 350x24 [color=#C0C0C0]
          RenderText {#text} at (178,99) size 91x24
            text run at (178,99) width 91: "xxx "
          RenderInline {SPAN} at (0,0) size 170x58
            RenderText {#text} at (268,72) size 170x58
              text run at (268,72) width 170: "xxx"
          RenderText {#text} at (437,99) size 91x24
            text run at (437,99) width 91: " xxx"
        RenderText {#text} at (527,105) size 16x16
          text run at (527,105) width 16: " "
        RenderImage {IMG} at (542,86) size 51x51
        RenderText {#text} at (592,105) size 16x16
          text run at (592,105) width 16: " "
        RenderInline {SMALL} at (0,0) size 31x11 [color=#C0C0C0]
          RenderText {#text} at (607,109) size 31x11
            text run at (607,109) width 31: "xxx"
        RenderText {#text} at (637,105) size 16x16
          text run at (637,105) width 16: " "
        RenderImage {IMG} at (652,103) size 16x16
        RenderText {#text} at (667,105) size 16x16
          text run at (667,105) width 16: " "
        RenderInline {BIG} at (0,0) size 61x21 [color=#C0C0C0]
          RenderText {#text} at (682,101) size 61x21
            text run at (682,101) width 61: "xxx"
        RenderText {#text} at (0,0) size 0x0
        RenderImage {IMG} at (8,136) size 91x91
        RenderText {#text} at (98,175) size 61x16
          text run at (98,175) width 16: " "
          text run at (113,175) width 46: "\x{C9}\x{C9}\x{C9}"
