layer at (0,0) size 800x600
  RenderView at (0,0) size 800x600
layer at (0,0) size 800x288
  RenderBlock {HTML} at (0,0) size 800x288
    RenderBody {BODY} at (8,18) size 784x252 [color=#000080]
      RenderBlock {P} at (0,0) size 784x252
        RenderText {#text} at (0,8) size 783x55
          text run at (0,8) width 783: "This text should be 18px monospace, in small-caps, italicized, and very bold, with double line"
          text run at (0,44) width 75: "spacing. "
        RenderInline {SPAN} at (0,0) size 781x199 [color=#C0C0C0]
          RenderText {#text} at (74,44) size 781x199
            text run at (74,44) width 498: "dummy text dummy text dummy text dummy text dummy text dummy "
            text run at (571,44) width 210: "text dummy text dummy text"
            text run at (0,80) width 318: "dummy text dummy text dummy text dummy "
            text run at (317,80) width 439: "text dummy text dummy text dummy text dummy text dummy"
            text run at (0,116) width 90: "text dummy "
            text run at (89,116) width 539: "text dummy text dummy text dummy text dummy text dummy text dummy "
            text run at (627,116) width 121: "text dummy text"
            text run at (0,152) width 408: "dummy text dummy text dummy text dummy text dummy "
            text run at (407,152) width 349: "text dummy text dummy text dummy text dummy"
            text run at (0,188) width 180: "text dummy text dummy "
            text run at (179,188) width 539: "text dummy text dummy text dummy text dummy text dummy text dummy "
            text run at (717,188) width 31: "text"
            text run at (0,224) width 438: "dummy text dummy text dummy text dummy text dummy text"
        RenderText {#text} at (0,0) size 0x0
