layer at (0,0) size 800x600
  RenderView at (0,0) size 800x600
layer at (0,0) size 800x324
  RenderBlock {HTML} at (0,0) size 800x324
    RenderBody {BODY} at (8,18) size 784x288 [color=#000080]
      RenderBlock {P} at (0,0) size 784x288
        RenderText {#text} at (0,7) size 784x58
          text run at (0,7) width 784: "This text should be 18px sans-serif, in small-caps, oblique, and bold. There should be a 9px"
          text run at (0,43) width 202: "gap between each line. "
        RenderInline {SPAN} at (0,0) size 738x238 [color=#C0C0C0]
          RenderText {#text} at (201,43) size 738x238
            text run at (201,43) width 526: "dummy text dummy text dummy text dummy text dummy text"
            text run at (0,79) width 70: "dummy "
            text run at (69,79) width 637: "text dummy text dummy text dummy text dummy text dummy text dummy "
            text run at (705,79) width 33: "text"
            text run at (0,115) width 600: "dummy text dummy text dummy text dummy text dummy text dummy "
            text run at (599,115) width 139: "text dummy text"
            text run at (0,151) width 494: "dummy text dummy text dummy text dummy text dummy "
            text run at (493,151) width 245: "text dummy text dummy text"
            text run at (0,187) width 388: "dummy text dummy text dummy text dummy "
            text run at (387,187) width 351: "text dummy text dummy text dummy text"
            text run at (0,223) width 282: "dummy text dummy text dummy "
            text run at (281,223) width 457: "text dummy text dummy text dummy text dummy text"
            text run at (0,259) width 176: "dummy text dummy "
            text run at (175,259) width 563: "text dummy text dummy text dummy text dummy text dummy text"
        RenderText {#text} at (0,0) size 0x0
