layer at (0,0) size 800x600
  RenderView at (0,0) size 800x600
layer at (0,0) size 800x225
  RenderBlock {HTML} at (0,0) size 800x225
    RenderBody {BODY} at (8,18) size 784x189 [color=#000080]
      RenderBlock {P} at (0,0) size 784x189
        RenderText {#text} at (0,2) size 663x22
          text run at (0,2) width 663: "This text should be 18px sans-serif. There should be a 9px gap between each line. "
        RenderInline {SPAN} at (0,0) size 780x184 [color=#C0C0C0]
          RenderText {#text} at (662,2) size 780x184
            text run at (662,2) width 94: "dummy text"
            text run at (0,29) width 457: "dummy text dummy text dummy text dummy text dummy "
            text run at (456,29) width 324: "text dummy text dummy text dummy text"
            text run at (0,56) width 261: "dummy text dummy text dummy "
            text run at (260,56) width 520: "text dummy text dummy text dummy text dummy text dummy text"
            text run at (0,83) width 65: "dummy "
            text run at (64,83) width 589: "text dummy text dummy text dummy text dummy text dummy text dummy "
            text run at (652,83) width 128: "text dummy text"
            text run at (0,110) width 457: "dummy text dummy text dummy text dummy text dummy "
            text run at (456,110) width 324: "text dummy text dummy text dummy text"
            text run at (0,137) width 261: "dummy text dummy text dummy "
            text run at (260,137) width 520: "text dummy text dummy text dummy text dummy text dummy text"
            text run at (0,164) width 65: "dummy "
            text run at (64,164) width 520: "text dummy text dummy text dummy text dummy text dummy text"
        RenderText {#text} at (0,0) size 0x0
