layer at (0,0) size 785x1432
  RenderView at (0,0) size 785x600
layer at (0,0) size 785x1432
  RenderBlock {HTML} at (0,0) size 785x1432
    RenderBody {BODY} at (8,8) size 769x1416
      RenderBlock {DIV} at (0,0) size 769x200
        RenderBlock (floating) {DIV} at (569,0) size 200x200 [bgcolor=#FF0000]
        RenderTable {TABLE} at (0,0) size 569x46 [border: (2px solid #008000)]
          RenderTableSection {TBODY} at (2,2) size 565x42
            RenderTableRow {TR} at (0,2) size 565x38
              RenderTableCell {TD} at (2,2) size 561x38 [r=0 c=0 rs=1 cs=1]
                RenderText {#text} at (41,1) size 519x36
                  text run at (41,1) width 519: "This is a table. It should sit on the same line as the float and wrap as needed to fit"
                  text run at (354,19) width 5 RTL: "."
                  text run at (358,19) width 202: "within the remaining line width"
      RenderBlock {DIV} at (0,200) size 769x200
        RenderBlock (floating) {DIV} at (569,0) size 200x200 [bgcolor=#FF0000]
      RenderBlock {DIV} at (0,408) size 769x200
        RenderBlock (floating) {DIV} at (569,0) size 200x200 [bgcolor=#FF0000]
        RenderBlock {HR} at (0,0) size 569x2 [border: (1px inset #000000)]
      RenderBlock {DIV} at (0,608) size 769x200
        RenderBlock (floating) {DIV} at (569,0) size 200x200 [bgcolor=#FF0000]
        RenderTable {TABLE} at (184,0) size 385x46 [border: (2px solid #008000)]
          RenderTableSection {TBODY} at (2,2) size 381x42
            RenderTableRow {TR} at (0,2) size 381x38
              RenderTableCell {TD} at (2,2) size 377x38 [r=0 c=0 rs=1 cs=1]
                RenderText {#text} at (20,1) size 370x36
                  text run at (20,1) width 356: "This is a table. It should sit on the same line as the float"
                  text run at (6,19) width 5 RTL: "."
                  text run at (10,19) width 366: "and wrap as needed to fit within the remaining line width"
      RenderBlock {DIV} at (0,808) size 769x200
        RenderBlock (floating) {DIV} at (569,0) size 200x200 [bgcolor=#FF0000]
      RenderBlock {DIV} at (0,1016) size 769x200
        RenderBlock (floating) {DIV} at (569,0) size 200x200 [bgcolor=#FF0000]
        RenderBlock {HR} at (182,0) size 387x2 [border: (1px inset #000000)]
      RenderBlock {DIV} at (0,1216) size 769x200
        RenderBlock (floating) {DIV} at (569,0) size 200x200 [bgcolor=#FF0000]
        RenderImage {IMG} at (184,0) size 385x50 [bgcolor=#008000]
layer at (8,208) size 569x55 clip at (25,210) size 550x36
  RenderBlock {DIV} at (0,0) size 569x55 [border: (2px solid #0000FF)]
    RenderText {#text} at (30,2) size 537x36
      text run at (30,2) width 537: "This is an overflow:scroll region. It should sit on the same line as the float and wrap"
      text run at (260,20) width 5 RTL: "."
      text run at (264,20) width 303: "as needed to fit within the remaining line width"
layer at (189,816) size 388x73 clip at (206,818) size 369x54
  RenderBlock {DIV} at (180,0) size 389x73 [border: (2px solid #0000FF)]
    RenderText {#text} at (51,2) size 367x54
      text run at (51,2) width 336: "This is an overflow:scroll region. It should sit on the"
      text run at (20,20) width 367: "same line as the float and wrap as needed to fit within the"
      text run at (249,38) width 5 RTL: "."
      text run at (253,38) width 134: "remaining line width"
