layer at (0,0) size 812x585
  RenderView at (0,0) size 800x585
layer at (0,0) size 800x138
  RenderBlock {HTML} at (0,0) size 800x138
    RenderBody {BODY} at (8,8) size 784x122
      RenderBlock {DIV} at (0,0) size 800x50
        RenderBlock (floating) {DIV} at (0,0) size 554x22 [border: (2px solid #FF0000)]
          RenderText {#text} at (2,2) size 508x18
            text run at (2,2) width 508: "(Parent DIV have no border set) There should be a green table below this block"
        RenderTable {TABLE} at (0,22) size 800x28 [border: (2px solid #008000)]
          RenderTableSection {TBODY} at (2,2) size 796x24
            RenderTableRow {TR} at (0,2) size 796x20
              RenderTableCell {TD} at (2,2) size 792x20 [r=0 c=0 rs=1 cs=1]
                RenderText {#text} at (1,1) size 23x18
                  text run at (1,1) width 23: "test"
      RenderBlock (anonymous) at (0,50) size 784x18
        RenderBR {BR} at (0,0) size 0x18
      RenderBlock {DIV} at (0,68) size 804x54 [border: (2px solid #0000FF)]
        RenderBlock (floating) {DIV} at (2,2) size 554x22 [border: (2px solid #FF0000)]
          RenderText {#text} at (2,2) size 548x18
            text run at (2,2) width 249: "(Parent DIV have 2px blue border set) "
            text run at (250,2) width 300: "There should be a green table below this block"
        RenderTable {TABLE} at (2,24) size 800x28 [border: (2px solid #008000)]
          RenderTableSection {TBODY} at (2,2) size 796x24
            RenderTableRow {TR} at (0,2) size 796x20
              RenderTableCell {TD} at (2,2) size 792x20 [r=0 c=0 rs=1 cs=1]
                RenderText {#text} at (1,1) size 23x18
                  text run at (1,1) width 23: "test"
