layer at (0,0) size 785x639
  RenderView at (0,0) size 785x600
layer at (0,0) size 785x639
  RenderBlock {HTML} at (0,0) size 785x640
    RenderBody {BODY} at (8,21) size 769x600
      RenderBlock {H1} at (0,0) size 769x74
        RenderText {#text} at (0,0) size 542x37
          text run at (0,0) width 542: "Margins and block formating contexts ("
        RenderInline {A} at (0,0) size 749x74 [color=#0000EE]
          RenderText {#text} at (0,0) size 749x74
            text run at (541,0) width 208: "additional tests"
            text run at (0,37) width 254: "from Alan Gresley"
        RenderText {#text} at (253,37) size 11x37
          text run at (253,37) width 11: ")"
      RenderBlock {H3} at (0,95) size 769x66
        RenderText {#text} at (0,0) size 685x22
          text run at (0,0) width 685: "The orange stripe has 'overflow: auto', 'margin-left: 100px' and 'margin-right: 100px'"
        RenderBR {BR} at (684,0) size 1x22
        RenderText {#text} at (0,21) size 648x23
          text run at (0,21) width 648: "The lime stripes are floats with various width (topmost is 0, bottommost is 150px)"
        RenderBR {BR} at (647,21) size 1x23
        RenderText {#text} at (0,43) size 392x23
          text run at (0,43) width 392: "The wrapping container has a solid silver border."
      RenderBlock {DIV} at (16,179) size 650x29 [border: (5px solid #C0C0C0)]
        RenderBlock (floating) {DIV} at (5,5) size 0x16 [bgcolor=#00FF00]
          RenderText {#text} at (0,0) size 39x18
            text run at (0,0) width 39: "floatL"
      RenderBlock {DIV} at (16,223) size 650x29 [border: (5px solid #C0C0C0)]
        RenderBlock (floating) {DIV} at (5,5) size 50x16 [bgcolor=#00FF00]
          RenderText {#text} at (0,0) size 39x18
            text run at (0,0) width 39: "floatL"
      RenderBlock {DIV} at (16,267) size 650x29 [border: (5px solid #C0C0C0)]
        RenderBlock (floating) {DIV} at (5,5) size 100x16 [bgcolor=#00FF00]
          RenderText {#text} at (0,0) size 39x18
            text run at (0,0) width 39: "floatL"
      RenderBlock {DIV} at (16,311) size 650x29 [border: (5px solid #C0C0C0)]
        RenderBlock (floating) {DIV} at (5,5) size 150x16 [bgcolor=#00FF00]
          RenderText {#text} at (0,0) size 82x18
            text run at (0,0) width 82: "floatL 150px"
      RenderBlock {DIV} at (16,355) size 650x29 [border: (5px solid #C0C0C0)]
        RenderBlock (floating) {DIV} at (645,5) size 0x16 [bgcolor=#00FF00]
          RenderText {#text} at (0,0) size 40x18
            text run at (0,0) width 40: "floatR"
      RenderBlock {DIV} at (16,399) size 650x29 [border: (5px solid #C0C0C0)]
        RenderBlock (floating) {DIV} at (595,5) size 50x16 [bgcolor=#00FF00]
          RenderText {#text} at (0,0) size 40x18
            text run at (0,0) width 40: "floatR"
      RenderBlock {DIV} at (16,443) size 650x29 [border: (5px solid #C0C0C0)]
        RenderBlock (floating) {DIV} at (545,5) size 100x16 [bgcolor=#00FF00]
          RenderText {#text} at (0,0) size 40x18
            text run at (0,0) width 40: "floatR"
      RenderBlock {DIV} at (16,487) size 650x29 [border: (5px solid #C0C0C0)]
        RenderBlock (floating) {DIV} at (495,5) size 150x16 [bgcolor=#00FF00]
          RenderText {#text} at (0,0) size 84x18
            text run at (0,0) width 84: "floatR 150px"
      RenderBlock {H3} at (0,534) size 769x66
        RenderText {#text} at (0,0) size 660x22
          text run at (0,0) width 660: "The orange stripe has 'overflow: auto', 'margin-left: auto' and 'margin-right: auto'"
        RenderBR {BR} at (659,0) size 1x22
        RenderText {#text} at (0,21) size 648x23
          text run at (0,21) width 648: "The lime stripes are floats with various width (topmost is 0, bottommost is 150px)"
        RenderBR {BR} at (647,21) size 1x23
        RenderText {#text} at (0,43) size 392x23
          text run at (0,43) width 392: "The wrapping container has a solid silver border."
layer at (129,206) size 440x18
  RenderBlock {DIV} at (105,5) size 440x18 [bgcolor=#FFA500]
    RenderText {#text} at (0,0) size 174x18
      text run at (0,0) width 174: "<div> with 'overflow: auto'"
layer at (129,250) size 440x18
  RenderBlock {DIV} at (105,5) size 440x18 [bgcolor=#FFA500]
    RenderText {#text} at (0,0) size 174x18
      text run at (0,0) width 174: "<div> with 'overflow: auto'"
layer at (129,294) size 440x18
  RenderBlock {DIV} at (105,5) size 440x18 [bgcolor=#FFA500]
    RenderText {#text} at (0,0) size 174x18
      text run at (0,0) width 174: "<div> with 'overflow: auto'"
layer at (179,338) size 390x18
  RenderBlock {DIV} at (155,5) size 390x18 [bgcolor=#FFA500]
    RenderText {#text} at (0,0) size 174x18
      text run at (0,0) width 174: "<div> with 'overflow: auto'"
layer at (129,382) size 440x18
  RenderBlock {DIV} at (105,5) size 440x18 [bgcolor=#FFA500]
    RenderText {#text} at (0,0) size 174x18
      text run at (0,0) width 174: "<div> with 'overflow: auto'"
layer at (129,426) size 440x18
  RenderBlock {DIV} at (105,5) size 440x18 [bgcolor=#FFA500]
    RenderText {#text} at (0,0) size 174x18
      text run at (0,0) width 174: "<div> with 'overflow: auto'"
layer at (129,470) size 440x18
  RenderBlock {DIV} at (105,5) size 440x18 [bgcolor=#FFA500]
    RenderText {#text} at (0,0) size 174x18
      text run at (0,0) width 174: "<div> with 'overflow: auto'"
layer at (129,514) size 390x18
  RenderBlock {DIV} at (105,5) size 390x18 [bgcolor=#FFA500]
    RenderText {#text} at (0,0) size 174x18
      text run at (0,0) width 174: "<div> with 'overflow: auto'"
