layer at (0,0) size 800x600
  RenderView at (0,0) size 800x600
layer at (0,0) size 800x600
  RenderBlock {HTML} at (0,0) size 800x600
    RenderBody {BODY} at (8,8) size 784x584
      RenderBlock {P} at (0,0) size 784x18
        RenderText {#text} at (0,0) size 257x18
          text run at (0,0) width 257: "Text should not overlap the blue square."
      RenderBlock {DIV} at (0,34) size 406x190 [border: (3px solid #800000)]
        RenderText {#text} at (5,5) size 393x90
          text run at (5,5) width 371: "Fusce at ante. In hac habitasse platea dictumst. Maecenas "
          text run at (5,23) width 393: "iaculis nonummy magna. Vivamus a tortor vitae enim ornare "
          text run at (5,41) width 357: "consectetuer. Lorem ipsum dolor sit amet, consectetuer "
          text run at (5,59) width 374: "adipiscing elit. Etiam et ipsum. Nam consectetuer mi eget "
          text run at (5,77) width 37: "velit. "
        RenderBlock (floating) {DIV} at (337,77) size 64x64 [bgcolor=#ADD8E6]
        RenderText {#text} at (41,77) size 348x108
          text run at (41,77) width 260: "Sed nec risus vitae felis auctor ultricies. "
          text run at (5,95) width 336: "Pellentesque aliquet quam ac lorem. Duis interdum, "
          text run at (5,113) width 328: "elit in ultricies auctor, erat pede sollicitudin libero, "
          text run at (5,131) width 269: "non ultrices odio elit in augue. Ut egestas "
          text run at (5,149) width 348: "bibendum lectus. Class aptent taciti sociosqu ad litora "
          text run at (5,167) width 342: "torquent per conubia nostra, per inceptos hymenaeos."
