layer at (0,0) size 800x600
  RenderView at (0,0) size 800x600
layer at (0,0) size 800x600
  RenderBlock {HTML} at (0,0) size 800x600
    RenderBody {BODY} at (8,8) size 784x584
      RenderBlock {DIV} at (0,0) size 784x100
        RenderText {#text} at (0,0) size 255x18
          text run at (0,0) width 255: "This test checks for regressions against "
        RenderInline {A} at (0,0) size 784x36 [color=#0000EE]
          RenderText {#text} at (254,0) size 784x36
            text run at (254,0) width 530: "Radar 4279765: REGRESSION: \"More...\" links on flickr groups pages have hover"
            text run at (0,18) width 118: "issues (flickr.com)"
        RenderText {#text} at (117,18) size 399x18
          text run at (117,18) width 399: ". Click on the word TEST below and it should turn into PASS."
      RenderBlock {DIV} at (0,100) size 784x200
        RenderBlock (floating) {DIV} at (0,0) size 238x200
          RenderImage {IMG} at (0,0) size 100x100
          RenderBR {BR} at (100,86) size 0x18
          RenderBlock (floating) {H1} at (0,167) size 238x115
            RenderInline {A} at (0,0) size 238x115 [color=#0000EE]
              RenderText {#text} at (0,0) size 238x115
                text run at (0,0) width 238: "PASS"
          RenderText {#text} at (0,0) size 0x0
        RenderBR {BR} at (237,0) size 1x18
