layer at (0,0) size 800x600
  RenderView at (0,0) size 800x600
layer at (0,0) size 800x600
  RenderBlock {HTML} at (0,0) size 800x600
    RenderBody {BODY} at (8,8) size 784x584
      RenderBlock {DIV} at (0,0) size 784x36
        RenderText {#text} at (0,0) size 255x18
          text run at (0,0) width 255: "This test checks for regressions against "
        RenderInline {A} at (0,0) size 784x36 [color=#0000EE]
          RenderText {#text} at (254,0) size 784x36
            text run at (254,0) width 530: "Radar 4279765: REGRESSION: \"More...\" links on flickr groups pages have hover"
            text run at (0,18) width 118: "issues (flickr.com)"
        RenderText {#text} at (117,18) size 604x18
          text run at (117,18) width 604: ", or rather, a related painting issue. The word \"PASS\" should appear below in translucent blue."
layer at (8,44) size 784x125
  RenderBlock {DIV} at (0,36) size 784x125
    RenderBlock (floating) {DIV} at (0,0) size 100x125
      RenderImage {IMG} at (0,0) size 100x100
      RenderBR {BR} at (100,86) size 0x18
      RenderBlock (floating) {H1} at (24,121) size 76x38
        RenderInline {A} at (0,0) size 76x37 [color=#0000EE]
          RenderText {#text} at (0,0) size 76x37
            text run at (0,0) width 76: "PASS"
      RenderText {#text} at (0,0) size 0x0
    RenderBR {BR} at (100,0) size 0x18
