layer at (0,0) size 800x600
  RenderView at (0,0) size 800x600
layer at (0,0) size 800x600
  RenderBlock {HTML} at (0,0) size 800x600
    RenderBody {BODY} at (8,8) size 784x584
      RenderBlock {P} at (0,0) size 784x36
        RenderText {#text} at (0,0) size 120x18
          text run at (0,0) width 120: "Rendering test for "
        RenderInline {I} at (0,0) size 756x36
          RenderInline {A} at (0,0) size 306x18 [color=#0000EE]
            RenderText {#text} at (119,0) size 306x18
              text run at (119,0) width 306: "http://bugs.webkit.org/show_bug.cgi?id=17107"
          RenderText {#text} at (424,0) size 756x36
            text run at (424,0) width 5: " "
            text run at (428,0) width 328: "REGRESSION(r29834): Article text on redhat.com"
            text run at (0,18) width 274: "magazine site appears to be painting twice"
        RenderText {#text} at (273,18) size 5x18
          text run at (273,18) width 5: "."
      RenderBlock {P} at (0,52) size 784x18
        RenderText {#text} at (0,0) size 367x18
          text run at (0,0) width 367: "These two lines of text should be the same shade of gray:"
      RenderBlock {DIV} at (0,86) size 784x28 [color=#00000080]
        RenderText {#text} at (0,0) size 267x28
          text run at (0,0) width 267: "Lorem ipsum dolor sit amet"
      RenderBlock {DIV} at (0,114) size 784x0 [color=#00000080]
        RenderBlock (floating) {DIV} at (0,0) size 267x28
          RenderText {#text} at (0,0) size 267x28
            text run at (0,0) width 267: "Lorem ipsum dolor sit amet"
      RenderBlock (anonymous) at (0,114) size 784x28
        RenderBR {BR} at (266,0) size 1x18
