layer at (0,0) size 800x600
  RenderView at (0,0) size 800x600
layer at (0,0) size 800x600
  RenderBlock {HTML} at (0,0) size 800x600
    RenderBody {BODY} at (8,8) size 784x584
      RenderBlock {P} at (0,0) size 784x36
        RenderText {#text} at (0,0) size 54x18
          text run at (0,0) width 54: "Test for "
        RenderInline {I} at (0,0) size 721x36
          RenderInline {A} at (0,0) size 305x18 [color=#0000EE]
            RenderText {#text} at (53,0) size 305x18
              text run at (53,0) width 305: "http://bugs.webkit.org/show_bug.cgi?id=15296"
          RenderText {#text} at (357,0) size 721x36
            text run at (357,0) width 5: " "
            text run at (361,0) width 360: "REGRESSION (r19716-r19719): width not specified for"
            text run at (0,18) width 298: "<marquee> tag is causing the alignment issue"
        RenderText {#text} at (297,18) size 5x18
          text run at (297,18) width 5: "."
      RenderBlock {P} at (0,52) size 784x18
        RenderText {#text} at (0,0) size 273x18
          text run at (0,0) width 273: "This should be a green 100\x{D7}100px square:"
      RenderBlock {DIV} at (0,86) size 100x100 [bgcolor=#FF0000]
        RenderBlock (floating) {DIV} at (0,0) size 50x100 [bgcolor=#008000]
        RenderBlock {DIV} at (0,0) size 100x100
          RenderText {#text} at (0,0) size 0x0
layer at (58,94) size 50x100 scrollX -50
  RenderBlock {MARQUEE} at (50,0) size 50x100 [bgcolor=#008000]
