layer at (0,0) size 800x600
  RenderView at (0,0) size 800x600
layer at (0,0) size 800x600
  RenderBlock {HTML} at (0,0) size 800x600
    RenderBody {BODY} at (8,8) size 784x584
layer at (8,8) size 18x0
  RenderBlock (relative positioned) {DIV} at (0,0) size 18x0
    RenderBlock (floating) {DIV} at (8,0) size 10x100 [bgcolor=#C0C0C0]
layer at (8,8) size 61x68
  RenderBlock (positioned) {DIV} at (8,8) size 61x68
    RenderBlock {DIV} at (0,0) size 61x18
      RenderBlock (floating) {DIV} at (55,0) size 6x50 [bgcolor=#FFA500]
      RenderBlock {DIV} at (0,0) size 61x18 [bgcolor=#0000FF]
        RenderText {#text} at (0,0) size 56x18
          text run at (0,0) width 56: "A B C D"
        RenderBlock (floating) {DIV} at (50,18) size 6x50 [bgcolor=#008000]
