layer at (0,0) size 800x600
  RenderView at (0,0) size 800x600
layer at (0,0) size 800x600
  RenderBlock {HTML} at (0,0) size 800x600
    RenderBody {BODY} at (8,8) size 784x584
layer at (8,8) size 18x172
  RenderBlock (relative positioned) {DIV} at (0,0) size 18x172
    RenderBlock (floating) {DIV} at (8,0) size 10x100 [bgcolor=#C0C0C0]
    RenderBlock {DIV} at (0,0) size 18x172
      RenderBlock {DIV} at (0,0) size 18x172
        RenderBlock (floating) {DIV} at (3,0) size 5x50 [bgcolor=#FFA500]
        RenderBlock {DIV} at (0,0) size 18x172 [bgcolor=#0000FF]
          RenderText {#text} at (0,100) size 12x72
            text run at (0,100) width 12: "A"
            text run at (0,118) width 11: "B"
            text run at (0,136) width 11: "C"
            text run at (0,154) width 12: "D"
          RenderBlock (floating) {DIV} at (13,154) size 5x50 [bgcolor=#008000]
