layer at (0,0) size 800x600
  RenderView at (0,0) size 800x600
layer at (0,0) size 800x600
  RenderBlock {HTML} at (0,0) size 800x600
    RenderBody {BODY} at (8,8) size 784x584
      RenderBlock (floating) {P} at (242,16) size 542x18
        RenderText {#text} at (0,0) size 542x18
          text run at (0,0) width 542: "The 'hr' below should span the width of the page, not just to the left edge of this text."
      RenderBlock {HR} at (0,50) size 784x2 [border: (1px inset #000000)]
      RenderBlock (floating) {P} at (230,76) size 554x18
        RenderText {#text} at (0,0) size 554x18
          text run at (0,0) width 554: "The table below should span the width of the page, not just to the left edge of this text."
      RenderTable {TABLE} at (0,110) size 784x64 [border: (10px outset #808080)]
        RenderTableSection {TBODY} at (10,10) size 764x44
          RenderTableRow {TR} at (0,2) size 764x40
            RenderTableCell {TD} at (2,2) size 760x40 [border: (1px inset #808080)] [r=0 c=0 rs=1 cs=1]
              RenderText {#text} at (2,2) size 735x36
                text run at (2,2) width 374: "This is a table that should fill the entire width of the page. "
                text run at (375,2) width 362: "It should clear the float and then take up the width of the"
                text run at (2,20) width 208: "page. If it doesn't then it's a bug."
      RenderBlock (floating) {P} at (351,190) size 433x18
        RenderText {#text} at (0,0) size 433x18
          text run at (0,0) width 433: "The overflow auto section below should span the width of the page."
layer at (8,232) size 784x36
  RenderBlock {DIV} at (0,224) size 784x36
    RenderText {#text} at (0,0) size 778x36
      text run at (0,0) width 363: "This is a div that should fill the entire width of the page. "
      text run at (362,0) width 416: "It should clear the float and then take up the width of the page. If"
      text run at (0,18) width 155: "it doesn't then it's a bug."
