layer at (0,0) size 785x773 backgroundClip at (0,0) size 785x772.88 clip at (0,0) size 785x772.88
  RenderView at (0,0) size 785x600
layer at (0,0) size 785x600
  RenderBlock {html} at (0,0) size 785x600
    RenderBody {body} at (8,16) size 769x600
      RenderBlock {parsererror} at (16,0) size 737x136.88 [bgcolor=#FFDDDD] [border: (2px solid #CC7777)]
        RenderBlock {h3} at (18,20.72) size 701x22
          RenderText {#text} at (0,0) size 323x22
            text run at (0,0) width 323: "This page contains the following errors:"
        RenderBlock {div} at (18,61.44) size 701x14
          RenderText {#text} at (0,0) size 584x14
            text run at (0,0) width 584: "error on line 5 at column 7: Opening and ending tag mismatch: rect line 4 and svg"
            text run at (583,0) width 1: " "
        RenderBlock {h3} at (18,94.16) size 701x22
          RenderText {#text} at (0,0) size 424x22
            text run at (0,0) width 424: "Below is a rendering of the page up to the first error."
      RenderBlock (anonymous) at (0,152.88) size 769x604
layer at (8,169) size 769x600
  RenderSVGRoot {svg} at (0,0) size 769x600
layer at (8,168.88) size 769x600
  RenderSVGViewportContainer at (0,0) size 769x600
layer at (18,178.88) size 200x200
  RenderSVGRect {rect} at (10,10) size 200x200 [fill={[type=SOLID] [color=#FF0000]}] [x=10.00] [y=10.00] [width=200.00] [height=200.00]
layer at (18,178.88) size 200x200
  RenderSVGRect {rect} at (10,10) size 200x200 [fill={[type=SOLID] [color=#FF0000]}] [x=10.00] [y=10.00] [width=200.00] [height=200.00]
