layer at (0,0) size 800x600
  RenderView at (0,0) size 800x600
layer at (0,0) size 800x600
  RenderBlock {HTML} at (0,0) size 800x600
    RenderBody {BODY} at (8,8) size 784x584
      RenderBlock {METER} at (0,1) size 80x17
        RenderMeter {DIV} at (0,0) size 80x16
          RenderBlock {DIV} at (0,0) size 80x16
            RenderBlock {DIV} at (0,0) size 40x16
      RenderText {#text} at (80,0) size 4x17
        text run at (80,0) width 4: " "
      RenderBlock {METER} at (84,1) size 80x17
        RenderMeter {DIV} at (0,0) size 80x16
          RenderBlock {DIV} at (0,0) size 80x16
            RenderBlock {DIV} at (0,0) size 40x16
      RenderText {#text} at (0,0) size 0x0
      RenderText {#text} at (0,0) size 0x0
