layer at (0,0) size 800x600
  RenderView at (0,0) size 800x600
layer at (0,0) size 800x600
  RenderBlock {HTML} at (0,0) size 800x600
    RenderBody {BODY} at (8,8) size 784x579
      RenderBlock (anonymous) at (0,0) size 784x18
        RenderText {#text} at (0,0) size 317x17
          text run at (0,0) width 317: "This tests that the slider control considers padding."
        RenderBR {BR} at (317,0) size 0x17
      RenderBlock {DIV} at (0,18) size 784x44 [bgcolor=#ADD8E6]
        RenderSlider {INPUT} at (2,2) size 100x40 [color=#909090] [bgcolor=#FFFFFF]
          RenderFlexibleBox {DIV} at (10,10) size 80x20
            RenderBlock {DIV} at (0,0) size 80x20
              RenderBlock {DIV} at (0,0) size 20x20
        RenderText {#text} at (0,0) size 0x0
      RenderBlock {PRE} at (0,75) size 784x0
