layer at (0,0) size 800x600
  RenderView at (0,0) size 800x600
layer at (0,0) size 800x52
  RenderBlock {HTML} at (0,0) size 800x52
    RenderBody {BODY} at (8,8) size 784x36
      RenderText {#text} at (0,0) size 267x18
        text run at (0,0) width 267: "You should see the word \"worked\" below"
      RenderBR {BR} at (267,0) size 0x18
      RenderText {#text} at (0,18) size 48x18
        text run at (0,18) width 48: "worked"
