layer at (0,0) size 800x600
  RenderView at (0,0) size 800x600
layer at (0,0) size 800x196
  RenderBlock {HTML} at (0,0) size 800x196
    RenderBody {BODY} at (8,15) size 784x166
      RenderBlock {P} at (0,0) size 784x75
        RenderText {#text} at (0,29) size 95x17
          text run at (0,29) width 95: "This tests bug "
        RenderInline {A} at (0,0) size 651x17 [color=#0000EE]
          RenderText {#text} at (94,29) size 651x17
            text run at (94,29) width 651: "Bug 13174: line-height in font shorthand does not override a previously stated line-height property"
        RenderText {#text} at (744,29) size 6x17
          text run at (744,29) width 6: "."
      RenderBlock {P} at (0,90) size 784x76
        RenderText {#text} at (0,29) size 130x17
          text run at (0,29) width 130: "This text should be "
        RenderInline {CODE} at (0,0) size 190x17
          RenderText {#text} at (129,30) size 190x17
            text run at (129,30) width 190: "font:15px/5em Georgia"
        RenderText {#text} at (318,29) size 5x17
          text run at (318,29) width 5: "."
