layer at (0,0) size 800x600
  RenderView at (0,0) size 800x600
layer at (0,0) size 800x162
  RenderBlock {HTML} at (0,0) size 800x162
    RenderBody {BODY} at (8,16) size 784x138
      RenderBlock {P} at (0,0) size 784x20
        RenderText {#text} at (0,0) size 277x19
          text run at (0,0) width 277: "The following two squares should be identical."
      RenderTable {TABLE} at (0,36) size 316x102
        RenderTableSection {TBODY} at (0,0) size 316x102
          RenderTableRow {TR} at (0,16) size 316x70
            RenderTableCell {TD} at (16,16) size 134x70 [bgcolor=#00FF00] [border: (3px solid #000000)] [r=0 c=0 rs=1 cs=1]
              RenderBlock {DIV} at (3,3) size 128x16 [bgcolor=#FFFF00]
              RenderBlock {DIV} at (3,51) size 128x16 [bgcolor=#FF0000]
                RenderBlock (floating) {DIV} at (0,0) size 128x16 [bgcolor=#FFFF00]
                RenderBlock {DIV} at (0,0) size 128x16
            RenderTableCell {TD} at (166,16) size 134x70 [bgcolor=#00FF00] [border: (3px solid #000000)] [r=0 c=1 rs=1 cs=1]
              RenderBlock {DIV} at (3,3) size 128x16 [border: (16px solid #FFFF00) none]
              RenderBlock {DIV} at (3,19) size 128x32 [border: (32px solid #00FF00) none]
              RenderBlock {DIV} at (3,51) size 128x16 [border: (16px solid #FFFF00) none]
