layer at (0,0) size 800x600
  RenderView at (0,0) size 800x600
layer at (0,0) size 800x92
  RenderBlock {HTML} at (0,0) size 800x92
    RenderBody {BODY} at (8,16) size 784x68
      RenderBlock {P} at (0,0) size 784x20
        RenderText {#text} at (0,0) size 185x19
          text run at (0,0) width 185: "There should be no red below."
      RenderBlock {DIV} at (0,36) size 784x32 [bgcolor=#FF0000] [border: (16px solid #00FF00)]
        RenderBlock {DIV} at (16,32) size 752x0
          RenderBlock {DIV} at (0,0) size 752x0
          RenderBlock {DIV} at (0,0) size 752x0
        RenderBlock {DIV} at (16,16) size 752x0
          RenderBlock {DIV} at (0,0) size 752x0
          RenderBlock {DIV} at (0,0) size 752x0
