layer at (0,0) size 800x600
  RenderView at (0,0) size 800x600
layer at (0,0) size 800x77 layerType: background only
layer at (10,13) size 320x64
  RenderBlock (positioned) zI: -1 {DIV} at (10,13) size 320x64 [color=#FFFF00] [bgcolor=#FF0000]
    RenderText zI: -1 {#text} at (0,0) size 34x19
      text run at (0,0) width 34: "FAIL"
layer at (0,0) size 800x77 layerType: foreground only
  RenderBlock {HTML} at (0,0) size 800x77
    RenderBody {BODY} at (10,2) size 780x1
      RenderBlock {DIV} at (2,0) size 776x1
        RenderBlock {DIV} at (20,11) size 736x0
          RenderBlock {DIV} at (0,0) size 736x0
      RenderBlock (floating) {DIV} at (0,11) size 320x64 [color=#FFFFFF] [bgcolor=#008000]
        RenderText {#text} at (0,0) size 166x19
          text run at (0,0) width 166: "This block should be green."
      RenderBlock {DIV} at (50,47) size 680x0
