layer at (0,0) size 785x1750
  RenderView at (0,0) size 785x600
layer at (0,0) size 785x1750
  RenderBlock {HTML} at (0,0) size 785x1750
    RenderBody {BODY} at (8,20) size 769x1710 [bgcolor=#A6A972]
      RenderBlock {DIV} at (83,0) size 603x1710 [bgcolor=#FDFDE9] [border: (1px solid #000000)]
        RenderBlock {DIV} at (1,31) size 600x70
        RenderBlock {DIV} at (1,114) size 600x1524
          RenderBlock {P} at (20,0) size 560x80 [color=#333333]
            RenderText {#text} at (0,1) size 524x38
              text run at (0,1) width 524: "We are trying to understand how UVic students perform Shakespeare related research for"
              text run at (0,21) width 266: "classes as well as for their own interest. The "
            RenderInline {A} at (0,0) size 176x18
              RenderText {#text} at (266,21) size 176x18
                text run at (266,21) width 176: "Internet Shakespeare Editions"
            RenderText {#text} at (442,21) size 537x58
              text run at (442,21) width 59: " are being"
              text run at (0,41) width 276: "developed for students as well as Shakespeare "
              text run at (276,41) width 261: "scholars world wide to better understand the"
              text run at (0,61) width 244: "man, his plays and our interpretations of "
              text run at (244,61) width 35: "them."
          RenderBlock {P} at (20,93) size 560x21 [color=#333333]
            RenderText {#text} at (0,1) size 459x18
              text run at (0,1) width 459: "Please take the time to carefully review and complete the following questions."
          RenderBlock {FORM} at (20,138) size 560x1353
            RenderBlock {H2} at (0,0) size 560x17 [color=#333333]
              RenderText {#text} at (0,0) size 203x17
                text run at (0,0) width 203: "PERSONAL INFORMATION"
            RenderBlock (floating) {SPAN} at (0,27) size 325x20 [color=#333333]
              RenderText {#text} at (0,1) size 68x18
                text run at (0,1) width 68: "Your Name*"
            RenderTextControl {INPUT} at (325,27) size 184x22 [bgcolor=#FFFFFF] [border: (2px inset #000000)]
            RenderBlock (floating) {SPAN} at (0,51) size 325x20 [color=#333333]
              RenderText {#text} at (0,1) size 121x18
                text run at (0,1) width 121: "Your e-mail address*"
            RenderTextControl {INPUT} at (325,51) size 184x22 [bgcolor=#FFFFFF] [border: (2px inset #000000)]
            RenderBlock (floating) {SPAN} at (0,75) size 325x20 [color=#333333]
              RenderText {#text} at (0,1) size 128x18
                text run at (0,1) width 128: "Your degree program*"
            RenderMenuList {SELECT} at (325,75) size 180x20 [bgcolor=#FFFFFF]
              RenderBlock (anonymous) at (4,2) size 155x16
                RenderText at (0,0) size 99x16
                  text run at (0,0) width 99: "Program options"
            RenderBlock (floating) {SPAN} at (0,97) size 325x20 [color=#333333]
              RenderText {#text} at (0,1) size 111x18
                text run at (0,1) width 111: "Your year of study*"
            RenderMenuList {SELECT} at (325,97) size 180x20 [bgcolor=#FFFFFF]
              RenderBlock (anonymous) at (4,2) size 155x16
                RenderText at (0,0) size 143x16
                  text run at (0,0) width 143: "Years you've been here"
            RenderBlock (floating) {SPAN} at (0,119) size 325x20 [color=#333333]
              RenderText {#text} at (0,1) size 156x18
                text run at (0,1) width 156: "Shakespeare classes taken"
            RenderMenuList {SELECT} at (325,119) size 180x20 [bgcolor=#FFFFFF]
              RenderBlock (anonymous) at (4,2) size 155x16
                RenderText at (0,0) size 84x16
                  text run at (0,0) width 84: "Number taken"
            RenderBlock {P} at (0,152) size 560x21 [color=#333333]
              RenderText {#text} at (0,1) size 156x18
                text run at (0,1) width 156: "* indicates a required field"
            RenderBlock {H2} at (0,197) size 560x18 [color=#333333]
              RenderText {#text} at (0,0) size 296x17
                text run at (0,0) width 296: "SHAKESPEARE RESEARCH QUESTIONS"
            RenderBlock (floating) {SPAN} at (0,224) size 325x21 [color=#333333]
              RenderText {#text} at (0,1) size 324x18
                text run at (0,1) width 324: "What percentage of your research time is spent online?"
            RenderMenuList {SELECT} at (325,224) size 180x21 [bgcolor=#FFFFFF]
              RenderBlock (anonymous) at (4,2) size 155x16
                RenderText at (0,0) size 119x16
                  text run at (0,0) width 119: "Percentages of time"
            RenderBlock (floating) {SPAN} at (0,246) size 325x21 [color=#333333]
              RenderText {#text} at (0,1) size 302x38
                text run at (0,1) width 302: "What is holding you back from doing more research"
                text run at (0,21) width 40: "online?"
            RenderMenuList {SELECT} at (325,246) size 180x21 [bgcolor=#FFFFFF]
              RenderBlock (anonymous) at (4,2) size 155x16
                RenderText at (0,0) size 55x16
                  text run at (0,0) width 55: "Reasons"
            RenderBlock (floating) {SPAN} at (0,268) size 325x21 [color=#333333]
              RenderText {#text} at (0,1) size 222x18
                text run at (0,1) width 222: "Your research is primarily focused on:"
            RenderBlock {SPAN} at (325,268) size 180x22 [color=#333333]
              RenderBlock {INPUT} at (5,3) size 13x13 [color=#000000]
              RenderText {#text} at (21,2) size 33x18
                text run at (21,2) width 33: "Texts"
            RenderBlock {SPAN} at (325,289) size 180x22 [color=#333333]
              RenderBlock {INPUT} at (5,3) size 13x13 [color=#000000]
              RenderText {#text} at (21,2) size 133x18
                text run at (21,2) width 133: "Performance materials"
            RenderBlock {SPAN} at (325,310) size 180x22 [color=#333333]
              RenderBlock {INPUT} at (5,3) size 13x13 [color=#000000]
              RenderText {#text} at (21,2) size 21x18
                text run at (21,2) width 21: "n/a"
            RenderBlock {H2} at (0,356) size 560x18 [color=#333333]
              RenderText {#text} at (0,0) size 378x17
                text run at (0,0) width 378: "INTERNET SHAKESPEARE EDITIONS QUESTIONS"
            RenderBlock (floating) {SPAN} at (0,383) size 325x21 [color=#333333]
              RenderText {#text} at (0,1) size 307x18
                text run at (0,1) width 307: "Have you used UVic's Internet Shakespeare Editions?"
            RenderBlock {SPAN} at (325,383) size 180x22 [color=#333333]
              RenderText {#text} at (0,2) size 20x18
                text run at (0,2) width 20: "Yes"
              RenderBlock {INPUT} at (25,3) size 13x13 [color=#000000]
              RenderText {#text} at (41,2) size 19x18
                text run at (41,2) width 4: " "
                text run at (45,2) width 15: "No"
              RenderBlock {INPUT} at (65,3) size 13x13 [color=#000000]
              RenderText {#text} at (0,0) size 0x0
            RenderBlock {P} at (0,417) size 560x21 [color=#333333]
              RenderText {#text} at (0,1) size 382x18
                text run at (0,1) width 382: "-- If you answered no to this question, skip to the next section --"
            RenderBlock (floating) {SPAN} at (0,450) size 325x21 [color=#333333]
              RenderText {#text} at (0,1) size 277x18
                text run at (0,1) width 277: "Which area of the ISE did you find most useful?"
            RenderMenuList {SELECT} at (325,450) size 180x21 [bgcolor=#FFFFFF]
              RenderBlock (anonymous) at (4,2) size 155x16
                RenderText at (0,0) size 111x16
                  text run at (0,0) width 111: "Sections of the ISE"
            RenderBlock (floating) {SPAN} at (0,472) size 325x21 [color=#333333]
              RenderText {#text} at (0,1) size 253x18
                text run at (0,1) width 253: "How did you find the navigation of the ISE?"
            RenderMenuList {SELECT} at (325,472) size 180x21 [bgcolor=#FFFFFF]
              RenderBlock (anonymous) at (4,2) size 155x16
                RenderText at (0,0) size 97x16
                  text run at (0,0) width 97: "Level of difficulty"
            RenderBlock (floating) {SPAN} at (0,494) size 325x21 [color=#333333]
              RenderText {#text} at (0,1) size 209x18
                text run at (0,1) width 209: "Please describe your use of the ISE."
            RenderBlock {H2} at (0,648) size 560x18 [color=#333333]
              RenderText {#text} at (0,0) size 293x17
                text run at (0,0) width 293: "TOOLS IN DEVELOPMENT QUESTIONS"
            RenderBlock {P} at (0,679) size 560x61 [color=#333333]
              RenderText {#text} at (0,1) size 555x58
                text run at (0,1) width 453: "We are in the process of both making new material available and developing "
                text run at (453,1) width 102: "new tools to view"
                text run at (0,21) width 356: "and extrapolate information from Shakespeare's works. The "
                text run at (356,21) width 159: "following images are visual"
                text run at (0,41) width 346: "representations of some of the ideas being thrown around."
            RenderBlock {P} at (0,752) size 560x21 [color=#333333]
              RenderText {#text} at (0,1) size 334x18
                text run at (0,1) width 334: "Please review them carefully and provide feedback below"
            RenderBlock (floating) {SPAN} at (0,785) size 325x21 [color=#333333]
              RenderText {#text} at (0,1) size 146x18
                text run at (0,1) width 146: "Your comments on Fig. 1"
            RenderBlock (floating) {SPAN} at (0,916) size 325x21 [color=#333333]
              RenderText {#text} at (0,1) size 146x18
                text run at (0,1) width 146: "Your comments on Fig. 2"
            RenderBlock (floating) {SPAN} at (0,1047) size 325x21 [color=#333333]
              RenderText {#text} at (0,1) size 146x18
                text run at (0,1) width 146: "Your comments on Fig. 3"
            RenderBlock {H2} at (0,1198) size 560x18 [color=#333333]
              RenderText {#text} at (0,0) size 141x17
                text run at (0,0) width 141: "OTHER FEEDBACK"
            RenderBlock (floating) {SPAN} at (0,1225) size 325x21 [color=#333333]
              RenderText {#text} at (0,1) size 221x18
                text run at (0,1) width 221: "Please enter any other thoughts here."
          RenderBlock {P} at (20,1503) size 560x21 [color=#333333]
            RenderText {#text} at (0,1) size 232x18
              text run at (0,1) width 232: "Thank you for your time filling this out."
        RenderBlock {DIV} at (1,1657) size 600x52 [border: (1px dashed #A6A972) none]
          RenderBlock {SPAN} at (0,16) size 600x20 [color=#333333]
            RenderText {#text} at (245,1) size 110x18
              text run at (245,1) width 110: "\x{A9}2003 Kevin Davis"
layer at (440,303) size 180x16
  RenderBlock {DIV} at (2,3) size 180x16
layer at (440,327) size 180x16
  RenderBlock {DIV} at (2,3) size 180x16
layer at (113,791) size 506x106 clip at (114,792) size 504x104
  RenderTextControl {TEXTAREA} at (0,517) size 506x107 [bgcolor=#FFFFFF] [border: (1px solid #000000)]
    RenderBlock {DIV} at (3,3) size 500x16
layer at (113,1079) size 506x106 clip at (114,1080) size 504x104
  RenderTextControl {TEXTAREA} at (0,805) size 506x107 [bgcolor=#FFFFFF] [border: (1px solid #000000)]
    RenderBlock {DIV} at (3,3) size 500x16
layer at (113,1210) size 506x106 clip at (114,1211) size 504x104
  RenderTextControl {TEXTAREA} at (0,936) size 506x107 [bgcolor=#FFFFFF] [border: (1px solid #000000)]
    RenderBlock {DIV} at (3,3) size 500x16
layer at (113,1341) size 506x106 clip at (114,1342) size 504x104
  RenderTextControl {TEXTAREA} at (0,1067) size 506x107 [bgcolor=#FFFFFF] [border: (1px solid #000000)]
    RenderBlock {DIV} at (3,3) size 500x16
layer at (113,1519) size 506x106 clip at (114,1520) size 504x104
  RenderTextControl {TEXTAREA} at (0,1245) size 506x107 [bgcolor=#FFFFFF] [border: (1px solid #000000)]
    RenderBlock {DIV} at (3,3) size 500x16
