layer at (0,0) size 800x600
  RenderView at (0,0) size 800x600
layer at (0,0) size 800x120
  RenderBlock {HTML} at (0,0) size 800x120
    RenderBody {BODY} at (8,8) size 784x104
      RenderImage {IMG} at (0,50) size 200x50 [border: (2px dashed #800000)]
      RenderText {#text} at (200,86) size 4x18
        text run at (200,86) width 4: " "
      RenderImage {IMG} at (204,0) size 100x100 [border: (2px dashed #800000)]
      RenderText {#text} at (0,0) size 0x0
