layer at (0,0) size 800x600
  RenderView at (0,0) size 800x600
layer at (0,0) size 800x600
  RenderBlock {HTML} at (0,0) size 800x600
    RenderBody {BODY} at (8,8) size 784x584 [bgcolor=#CCCCCC]
      RenderBlock {P} at (0,0) size 784x18
        RenderText {#text} at (0,0) size 363x18
          text run at (0,0) width 363: "The style declarations which apply to the text below are:"
      RenderBlock {PRE} at (0,34) size 784x75
        RenderText {#text} at (0,0) size 219x75
          text run at (0,0) width 188: ".one {text-align: left;}"
          text run at (187,0) width 1: " "
          text run at (0,15) width 196: ".two {text-align: right;}"
          text run at (195,15) width 1: " "
          text run at (0,30) width 219: ".three {text-align: center;}"
          text run at (218,30) width 1: " "
          text run at (0,45) width 219: ".four {text-align: justify;}"
          text run at (218,45) width 1: " "
          text run at (0,60) width 0: " "
      RenderBlock {HR} at (0,122) size 784x2 [border: (1px inset #000000)]
      RenderBlock {P} at (0,140) size 784x18
        RenderText {#text} at (0,0) size 240x18
          text run at (0,0) width 240: "This sentence should be left-justified."
      RenderBlock {P} at (0,174) size 784x18
        RenderText {#text} at (535,0) size 249x18
          text run at (535,0) width 249: "This sentence should be right-justified."
      RenderBlock {P} at (0,208) size 784x18
        RenderText {#text} at (284,0) size 216x18
          text run at (284,0) width 216: "This sentence should be centered."
      RenderBlock {P} at (0,242) size 784x54
        RenderText {#text} at (0,0) size 784x54
          text run at (0,0) width 784: "This sentence should be fully justified, which means that the right and left margins of this paragraph should line up, no"
          text run at (0,18) width 784: "matter how long the paragraph becomes; the exception, of course, is the last line, which should be left-justified in Western"
          text run at (0,36) width 68: "languages."
      RenderTable {TABLE} at (0,312) size 784x192 [border: (1px outset #808080)]
        RenderTableSection {TBODY} at (1,1) size 782x190
          RenderTableRow {TR} at (0,0) size 782x26
            RenderTableCell {TD} at (0,0) size 782x26 [bgcolor=#C0C0C0] [border: (1px inset #808080)] [r=0 c=0 rs=1 cs=2]
              RenderInline {STRONG} at (0,0) size 161x18
                RenderText {#text} at (4,4) size 161x18
                  text run at (4,4) width 161: "TABLE Testing Section"
          RenderTableRow {TR} at (0,26) size 782x164
            RenderTableCell {TD} at (0,95) size 12x26 [bgcolor=#C0C0C0] [border: (1px inset #808080)] [r=1 c=0 rs=1 cs=1]
              RenderText {#text} at (4,4) size 4x18
                text run at (4,4) width 4: " "
            RenderTableCell {TD} at (12,26) size 770x164 [border: (1px inset #808080)] [r=1 c=1 rs=1 cs=1]
              RenderBlock {P} at (4,4) size 762x18
                RenderText {#text} at (0,0) size 240x18
                  text run at (0,0) width 240: "This sentence should be left-justified."
              RenderBlock {P} at (4,38) size 762x18
                RenderText {#text} at (513,0) size 249x18
                  text run at (513,0) width 249: "This sentence should be right-justified."
              RenderBlock {P} at (4,72) size 762x18
                RenderText {#text} at (273,0) size 216x18
                  text run at (273,0) width 216: "This sentence should be centered."
              RenderBlock {P} at (4,106) size 762x54
                RenderText {#text} at (0,0) size 762x54
                  text run at (0,0) width 762: "This sentence should be fully justified, which means that the right and left margins of this paragraph should line up, no"
                  text run at (0,18) width 762: "matter how long the paragraph becomes; the exception, of course, is the last line, which should be left-justified in"
                  text run at (0,36) width 125: "Western languages."
