layer at (0,0) size 785x1246
  RenderView at (0,0) size 785x600
layer at (0,0) size 785x1246
  RenderBlock {HTML} at (0,0) size 785x1246
    RenderBody {BODY} at (8,8) size 769x1230 [bgcolor=#CCCCCC]
      RenderBlock {P} at (0,0) size 769x18
        RenderText {#text} at (0,0) size 363x18
          text run at (0,0) width 363: "The style declarations which apply to the text below are:"
      RenderBlock {PRE} at (0,34) size 769x165
        RenderText {#text} at (0,0) size 375x165
          text run at (0,0) width 344: ".one {text-indent: 0.5in; background: aqua;}"
          text run at (343,0) width 1: " "
          text run at (0,15) width 328: ".two {text-indent: 2cm; background: aqua;}"
          text run at (327,15) width 1: " "
          text run at (0,30) width 352: ".three {text-indent: 20mm; background: aqua;}"
          text run at (351,30) width 1: " "
          text run at (0,45) width 344: ".four {text-indent: 24pt; background: aqua;}"
          text run at (343,45) width 1: " "
          text run at (0,60) width 336: ".five {text-indent: 2pc; background: aqua;}"
          text run at (335,60) width 1: " "
          text run at (0,75) width 328: ".six {text-indent: 2em; background: aqua;}"
          text run at (327,75) width 1: " "
          text run at (0,90) width 344: ".seven {text-indent: 2ex; background: aqua;}"
          text run at (343,90) width 1: " "
          text run at (0,105) width 344: ".eight {text-indent: 50%; background: aqua;}"
          text run at (343,105) width 1: " "
          text run at (0,120) width 344: ".nine {text-indent: 25px; background: aqua;}"
          text run at (343,120) width 1: " "
          text run at (0,135) width 375: "blockquote {text-indent: 50%; background: aqua;}"
          text run at (374,135) width 1: " "
          text run at (0,150) width 0: " "
      RenderBlock {HR} at (0,212) size 769x2 [border: (1px inset #000000)]
      RenderBlock {P} at (0,230) size 769x18 [bgcolor=#00FFFF]
        RenderText {#text} at (48,0) size 394x18
          text run at (48,0) width 394: "The first line of this sentence should be indented half an inch."
      RenderBlock {P} at (0,264) size 769x18 [bgcolor=#00FFFF]
        RenderText {#text} at (75,0) size 421x18
          text run at (75,0) width 421: "The first line of this sentence should be indented two centimeters."
      RenderBlock {P} at (0,298) size 769x18 [bgcolor=#00FFFF]
        RenderText {#text} at (75,0) size 440x18
          text run at (75,0) width 440: "The first line of this sentence should be indented twenty millimeters."
      RenderBlock {P} at (0,332) size 769x18 [bgcolor=#00FFFF]
        RenderText {#text} at (32,0) size 437x18
          text run at (32,0) width 437: "The first line of this sentence should be indented twenty-four points."
      RenderBlock {P} at (0,366) size 769x18 [bgcolor=#00FFFF]
        RenderText {#text} at (32,0) size 380x18
          text run at (32,0) width 380: "The first line of this sentence should be indented two picas."
      RenderBlock {P} at (0,400) size 769x18 [bgcolor=#00FFFF]
        RenderText {#text} at (32,0) size 366x18
          text run at (32,0) width 366: "The first line of this sentence should be indented two em."
      RenderBlock {P} at (0,434) size 769x18 [bgcolor=#00FFFF]
        RenderText {#text} at (14,0) size 362x18
          text run at (14,0) width 362: "The first line of this sentence should be indented two ex."
      RenderBlock {P} at (0,468) size 769x36 [bgcolor=#00FFFF]
        RenderText {#text} at (384,0) size 751x36
          text run at (384,0) width 367: "The first line of this sentence should be indented halfway"
          text run at (0,18) width 567: "across the page, but the rest of it should be flush with the normal left margin of the page."
      RenderBlock {P} at (0,520) size 769x36 [bgcolor=#00FFFF]
        RenderText {#text} at (25,0) size 739x36
          text run at (25,0) width 714: "The first line of this sentence should be indented 25 pixels, but the rest of it should be flush with the normal left"
          text run at (0,18) width 125: "margin of the page."
      RenderBlock {P} at (0,572) size 769x54 [bgcolor=#00FFFF]
        RenderText {#text} at (48,0) size 425x18
          text run at (48,0) width 425: "Only the first line of this sentence should be indented half an inch,"
        RenderBR {BR} at (472,0) size 1x18
        RenderText {#text} at (0,18) size 266x18
          text run at (0,18) width 266: "no matter where the lines might start, and"
        RenderBR {BR} at (265,18) size 1x18
        RenderInline {EM} at (0,0) size 201x18
          RenderText {#text} at (0,36) size 201x18
            text run at (0,36) width 201: "regardless of any other markup"
        RenderText {#text} at (200,36) size 149x18
          text run at (200,36) width 149: " which may be present."
      RenderBlock {BLOCKQUOTE} at (40,642) size 689x54 [bgcolor=#00FFFF]
        RenderText {#text} at (344,0) size 684x54
          text run at (344,0) width 340: "In the first half of the test page, this BLOCKQUOTE"
          text run at (0,18) width 676: "element should have a text indent equal to 50% of the BODY element's width, since BLOCKQUOTE is a"
          text run at (0,36) width 374: "child of BODY; in the second half, it is a child of TABLE."
      RenderTable {TABLE} at (0,712) size 769x518 [border: (1px outset #808080)]
        RenderTableSection {TBODY} at (1,1) size 767x516
          RenderTableRow {TR} at (0,0) size 767x26
            RenderTableCell {TD} at (0,0) size 767x26 [bgcolor=#C0C0C0] [border: (1px inset #808080)] [r=0 c=0 rs=1 cs=2]
              RenderInline {STRONG} at (0,0) size 161x18
                RenderText {#text} at (4,4) size 161x18
                  text run at (4,4) width 161: "TABLE Testing Section"
          RenderTableRow {TR} at (0,26) size 767x490
            RenderTableCell {TD} at (0,258) size 12x26 [bgcolor=#C0C0C0] [border: (1px inset #808080)] [r=1 c=0 rs=1 cs=1]
              RenderText {#text} at (4,4) size 4x18
                text run at (4,4) width 4: " "
            RenderTableCell {TD} at (12,26) size 755x490 [border: (1px inset #808080)] [r=1 c=1 rs=1 cs=1]
              RenderBlock {P} at (4,4) size 747x18 [bgcolor=#00FFFF]
                RenderText {#text} at (48,0) size 394x18
                  text run at (48,0) width 394: "The first line of this sentence should be indented half an inch."
              RenderBlock {P} at (4,38) size 747x18 [bgcolor=#00FFFF]
                RenderText {#text} at (75,0) size 421x18
                  text run at (75,0) width 421: "The first line of this sentence should be indented two centimeters."
              RenderBlock {P} at (4,72) size 747x18 [bgcolor=#00FFFF]
                RenderText {#text} at (75,0) size 440x18
                  text run at (75,0) width 440: "The first line of this sentence should be indented twenty millimeters."
              RenderBlock {P} at (4,106) size 747x18 [bgcolor=#00FFFF]
                RenderText {#text} at (32,0) size 437x18
                  text run at (32,0) width 437: "The first line of this sentence should be indented twenty-four points."
              RenderBlock {P} at (4,140) size 747x18 [bgcolor=#00FFFF]
                RenderText {#text} at (32,0) size 380x18
                  text run at (32,0) width 380: "The first line of this sentence should be indented two picas."
              RenderBlock {P} at (4,174) size 747x18 [bgcolor=#00FFFF]
                RenderText {#text} at (32,0) size 366x18
                  text run at (32,0) width 366: "The first line of this sentence should be indented two em."
              RenderBlock {P} at (4,208) size 747x18 [bgcolor=#00FFFF]
                RenderText {#text} at (14,0) size 362x18
                  text run at (14,0) width 362: "The first line of this sentence should be indented two ex."
              RenderBlock {P} at (4,242) size 747x36 [bgcolor=#00FFFF]
                RenderText {#text} at (373,0) size 740x36
                  text run at (373,0) width 367: "The first line of this sentence should be indented halfway"
                  text run at (0,18) width 567: "across the page, but the rest of it should be flush with the normal left margin of the page."
              RenderBlock {P} at (4,294) size 747x36 [bgcolor=#00FFFF]
                RenderText {#text} at (25,0) size 739x36
                  text run at (25,0) width 714: "The first line of this sentence should be indented 25 pixels, but the rest of it should be flush with the normal left"
                  text run at (0,18) width 125: "margin of the page."
              RenderBlock {P} at (4,346) size 747x54 [bgcolor=#00FFFF]
                RenderText {#text} at (48,0) size 425x18
                  text run at (48,0) width 425: "Only the first line of this sentence should be indented half an inch,"
                RenderBR {BR} at (472,0) size 1x18
                RenderText {#text} at (0,18) size 266x18
                  text run at (0,18) width 266: "no matter where the lines might start, and"
                RenderBR {BR} at (265,18) size 1x18
                RenderInline {EM} at (0,0) size 201x18
                  RenderText {#text} at (0,36) size 201x18
                    text run at (0,36) width 201: "regardless of any other markup"
                RenderText {#text} at (200,36) size 149x18
                  text run at (200,36) width 149: " which may be present."
              RenderBlock {BLOCKQUOTE} at (44,416) size 667x54 [bgcolor=#00FFFF]
                RenderText {#text} at (333,0) size 651x54
                  text run at (333,0) width 228: "In the first half of the test page, this"
                  text run at (0,18) width 651: "BLOCKQUOTE element should have a text indent equal to 50% of the BODY element's width, since"
                  text run at (0,36) width 512: "BLOCKQUOTE is a child of BODY; in the second half, it is a child of TABLE."
