layer at (0,0) size 785x4273
  RenderView at (0,0) size 785x600
layer at (0,0) size 785x4273
  RenderBlock {HTML} at (0,0) size 785x4273
    RenderBody {BODY} at (8,8) size 769x4257 [bgcolor=#CCCCCC]
      RenderBlock {P} at (0,0) size 769x15
        RenderText {#text} at (0,0) size 264x14
          text run at (0,0) width 264: "The style declarations which apply to the text below are:"
      RenderBlock {PRE} at (0,27) size 769x168
        RenderText {#text} at (0,0) size 399x168
          text run at (0,0) width 161: "BODY {font-size: 12px;}"
          text run at (160,0) width 1: " "
          text run at (0,14) width 322: ".one {font: italic small-caps 13pt Helvetica;}"
          text run at (321,14) width 1: " "
          text run at (0,28) width 203: ".two {font: 150%/150% serif;}"
          text run at (202,28) width 1: " "
          text run at (0,42) width 252: ".three {font: 150%/150% sans-serif;}"
          text run at (251,42) width 1: " "
          text run at (0,56) width 231: ".four {font: small/200% cursive;}"
          text run at (230,56) width 1: " "
          text run at (0,70) width 399: ".five {font: italic small-caps 900 150%/150% sans-serif;}"
          text run at (398,70) width 1: " "
          text run at (0,84) width 392: ".six {font: italic small-caps 100 150%/300% sans-serif;}"
          text run at (391,84) width 1: " "
          text run at (0,98) width 392: ".seven {font: italic small-caps 900 150%/2em monospace;}"
          text run at (391,98) width 1: " "
          text run at (0,112) width 399: ".eight {font: italic small-caps 500 150%/1in sans-serif;}"
          text run at (398,112) width 1: " "
          text run at (0,126) width 378: ".nine {font: oblique normal 700 18px/200% sans-serif;}"
          text run at (377,126) width 1: " "
          text run at (0,140) width 301: ".ten {font: normal 400 80%/2.5 sans-serif;}"
          text run at (300,140) width 1: " "
          text run at (0,154) width 266: "SPAN.color {background-color: silver;}"
          text run at (265,154) width 1: " "
      RenderBlock {P} at (0,221) size 769x15
        RenderText {#text} at (0,0) size 706x14
          text run at (0,0) width 423: "This element is unstyled, and should inherit a font-size of 12px from the BODY element. "
          text run at (422,0) width 284: "This is the \"base font size\" referred to in the following tests."
      RenderBlock {P} at (0,253) size 769x21
        RenderText {#text} at (0,0) size 496x19
          text run at (0,0) width 496: "This element should be 13pt. Helvetica which is in small-cap italics."
      RenderBlock {P} at (0,291) size 769x82
        RenderText {#text} at (0,3) size 762x74
          text run at (0,3) width 282: "This element should be in a serif font. "
          text run at (281,3) width 481: "Its font-size should be 150% the base font size, and its line-height"
          text run at (0,30) width 423: "should 150% of that value (18px and 27px, respectively). "
          text run at (422,30) width 298: "Extra text is included for the purposes of"
          text run at (0,57) width 207: "testing this more effectively."
      RenderBlock {P} at (0,390) size 769x82
        RenderText {#text} at (0,3) size 760x74
          text run at (0,3) width 348: "This element should be in a sans-serif font. "
          text run at (347,3) width 413: "Its font-size should be 150% the base font size, and"
          text run at (0,30) width 568: "its line-height should 150% of that value (18px and 27px, respectively). "
          text run at (568,30) width 192: "Extra text is included for"
          text run at (0,57) width 350: "the purposes of testing this more effectively."
      RenderBlock {P} at (0,489) size 769x81
        RenderText {#text} at (0,5) size 749x41
          text run at (0,5) width 619: "This element should be in a cursive font, 'small' in size, with a line-height 200% the height of the text's actual size. "
          text run at (619,5) width 130: "For example, if the font-"
          text run at (0,31) width 57: "size value "
        RenderInline {CODE} at (0,0) size 30x11
          RenderText {#text} at (57,35) size 30x11
            text run at (57,35) width 30: "small"
        RenderText {#text} at (87,31) size 747x43
          text run at (87,31) width 321: " is calculated at 10px, then the line-height should be 20px. "
          text run at (408,31) width 274: "The actual value of the font-size is UA-dependent. "
          text run at (682,31) width 65: "Extra text is"
          text run at (0,59) width 307: "included for the purposes of testing this more effectively."
      RenderBlock {P} at (0,587) size 769x109
        RenderText {#text} at (0,3) size 732x101
          text run at (0,3) width 711: "This element should be in a sans-serif font, italicized and small caps, with a weight of 900. "
          text run at (710,3) width 22: "Its"
          text run at (0,30) width 731: "font-size should be 150% the base font size, and its line-height should be 150% of that value"
          text run at (0,57) width 235: "(18px and 27px, respectively). "
          text run at (234,57) width 465: "Extra text is included for the purposes of testing this more"
          text run at (0,84) width 90: "effectively."
      RenderBlock {P} at (0,713) size 769x163
        RenderText {#text} at (0,17) size 765x128
          text run at (0,17) width 698: "This element should be in a sans-serif font, italicized and small caps, with a weight of 100. "
          text run at (697,17) width 68: "Its font-"
          text run at (0,71) width 757: "size should be 150% the base font size, and its line-height should be 300% of that value (18px and"
          text run at (0,125) width 154: "54px, respectively). "
          text run at (153,125) width 556: "Extra text is included for the purposes of testing this more effectively."
      RenderBlock {P} at (0,893) size 769x145
        RenderText {#text} at (0,8) size 750x128
          text run at (0,8) width 750: "This element should be in a monospace font, italicized and small caps, with a weight of"
          text run at (0,44) width 55: "900. "
          text run at (54,44) width 688: "Its font-size should be 150% the base font size, and its line-height should be"
          text run at (0,80) width 618: "2em, or twice the element's font size (18px and 36px, respectively). "
          text run at (617,80) width 114: "Extra text is"
          text run at (0,116) width 499: "included for the purposes of testing this more effectively."
      RenderBlock {P} at (0,1055) size 769x289
        RenderText {#text} at (0,38) size 765x212
          text run at (0,38) width 698: "This element should be in a sans-serif font, italicized and small caps, with a weight of 500. "
          text run at (697,38) width 68: "Its font-"
          text run at (0,134) width 631: "size should be 150% the base font size, or 18px, and its line-height should be 1in. "
          text run at (631,134) width 99: "Extra text is"
          text run at (0,230) width 451: "included for the purposes of testing this more effectively."
      RenderBlock {P} at (0,1361) size 769x145
        RenderText {#text} at (0,8) size 752x128
          text run at (0,8) width 752: "This element should be in a sans-serif font, oblique and not small-caps, with a weight of"
          text run at (0,44) width 40: "700. "
          text run at (40,44) width 665: "Its font-size should be 18 pixels, and its line-height should be 36px (200% this"
          text run at (0,80) width 176: "element's font size). "
          text run at (175,80) width 501: "Extra text is included for the purposes of testing this more"
          text run at (0,116) width 93: "effectively."
      RenderBlock {P} at (0,1523) size 769x51
        RenderText {#text} at (0,7) size 754x36
          text run at (0,7) width 301: "This element should be in a sans-serif font, with a weight of 400. "
          text run at (301,7) width 453: "Its font-size should be 80% of 12px, or 9.6px, and its line-height shoud be 2.5 times that, or 24px."
          text run at (0,32) width 318: "Extra text is included for the purposes of testing this more effectively."
      RenderBlock {P} at (0,1591) size 769x217
        RenderInline {SPAN} at (0,0) size 765x182 [bgcolor=#C0C0C0]
          RenderText {#text} at (0,17) size 765x182
            text run at (0,17) width 698: "This element should be in a sans-serif font, italicized and small caps, with a weight of 100. "
            text run at (697,17) width 68: "Its font-"
            text run at (0,71) width 757: "size should be 150% the base font size, and its line-height should be 300% of that value (18px and"
            text run at (0,125) width 748: "54px, respectively). The text should have a silver background. The background color has been set"
            text run at (0,179) width 677: "on an inline element and should therefore only cover the text, not the interline spacing."
        RenderText {#text} at (0,0) size 0x0
      RenderTable {TABLE} at (0,1825) size 769x2432 [border: (1px outset #808080)]
        RenderTableSection {TBODY} at (1,1) size 767x2430
          RenderTableRow {TR} at (0,0) size 767x26
            RenderTableCell {TD} at (0,0) size 767x26 [bgcolor=#C0C0C0] [border: (1px inset #808080)] [r=0 c=0 rs=1 cs=2]
              RenderInline {STRONG} at (0,0) size 161x17
                RenderText {#text} at (4,4) size 161x17
                  text run at (4,4) width 161: "TABLE Testing Section"
          RenderTableRow {TR} at (0,26) size 767x2404
            RenderTableCell {TD} at (0,1214) size 12x27 [bgcolor=#C0C0C0] [border: (1px inset #808080)] [r=1 c=0 rs=1 cs=1]
              RenderText {#text} at (4,3) size 4x19
                text run at (4,4) width 4: " "
            RenderTableCell {TD} at (12,26) size 755x2404 [border: (1px inset #808080)] [r=1 c=1 rs=1 cs=1]
              RenderBlock {P} at (4,4) size 747x36
                RenderText {#text} at (0,0) size 732x35
                  text run at (0,0) width 564: "This element is unstyled, and should inherit a font-size of 12px from the BODY element. "
                  text run at (563,0) width 169: "This is the \"base font size\""
                  text run at (0,18) width 204: "referred to in the following tests."
              RenderBlock {P} at (4,57) size 747x21
                RenderText {#text} at (0,0) size 496x19
                  text run at (0,0) width 496: "This element should be 13pt. Helvetica which is in small-cap italics."
              RenderBlock {P} at (4,101) size 747x145
                RenderText {#text} at (0,5) size 735x134
                  text run at (0,5) width 374: "This element should be in a serif font. "
                  text run at (373,5) width 362: "Its font-size should be 150% the base"
                  text run at (0,41) width 694: "font size, and its line-height should 150% of that value (18px and 27px,"
                  text run at (0,77) width 138: "respectively). "
                  text run at (137,77) width 564: "Extra text is included for the purposes of testing this more"
                  text run at (0,113) width 110: "effectively."
              RenderBlock {P} at (4,269) size 747x145
                RenderText {#text} at (0,4) size 733x135
                  text run at (0,4) width 461: "This element should be in a sans-serif font. "
                  text run at (460,4) width 233: "Its font-size should be"
                  text run at (0,40) width 733: "150% the base font size, and its line-height should 150% of that value"
                  text run at (0,76) width 324: "(18px and 27px, respectively). "
                  text run at (323,76) width 400: "Extra text is included for the purposes"
                  text run at (0,112) width 320: "of testing this more effectively."
              RenderBlock {P} at (4,437) size 747x81
                RenderText {#text} at (0,5) size 720x41
                  text run at (0,5) width 619: "This element should be in a cursive font, 'small' in size, with a line-height 200% the height of the text's actual size. "
                  text run at (619,5) width 101: "For example, if the"
                  text run at (0,31) width 83: "font-size value "
                RenderInline {CODE} at (0,0) size 30x11
                  RenderText {#text} at (83,35) size 30x11
                    text run at (83,35) width 30: "small"
                RenderText {#text} at (113,31) size 737x43
                  text run at (113,31) width 321: " is calculated at 10px, then the line-height should be 20px. "
                  text run at (434,31) width 274: "The actual value of the font-size is UA-dependent. "
                  text run at (708,31) width 29: "Extra"
                  text run at (0,59) width 343: "text is included for the purposes of testing this more effectively."
              RenderBlock {P} at (4,541) size 747x181
                RenderText {#text} at (0,4) size 721x171
                  text run at (0,4) width 713: "This element should be in a sans-serif font, italicized and small caps,"
                  text run at (0,40) width 226: "with a weight of 900. "
                  text run at (225,40) width 496: "Its font-size should be 150% the base font size,"
                  text run at (0,76) width 669: "and its line-height should be 150% of that value (18px and 27px,"
                  text run at (0,112) width 147: "respectively). "
                  text run at (146,112) width 562: "Extra text is included for the purposes of testing this"
                  text run at (0,148) width 175: "more effectively."
              RenderBlock {P} at (4,745) size 747x361
                RenderText {#text} at (0,22) size 716x315
                  text run at (0,22) width 701: "This element should be in a sans-serif font, italicized and small caps,"
                  text run at (0,94) width 225: "with a weight of 100. "
                  text run at (224,94) width 492: "Its font-size should be 150% the base font size,"
                  text run at (0,166) width 661: "and its line-height should be 300% of that value (18px and 54px,"
                  text run at (0,238) width 146: "respectively). "
                  text run at (145,238) width 560: "Extra text is included for the purposes of testing this"
                  text run at (0,310) width 174: "more effectively."
              RenderBlock {P} at (4,1129) size 747x157
                RenderText {#text} at (0,8) size 740x140
                  text run at (0,8) width 740: "This element should be in a monospace font, italicized and small caps, with a weight"
                  text run at (0,47) width 88: "of 900. "
                  text run at (88,47) width 620: "Its font-size should be 150% the base font size, and its line-height"
                  text run at (0,86) width 716: "should be 2em, or twice the element's font size (18px and 36px, respectively)."
                  text run at (0,125) width 636: "Extra text is included for the purposes of testing this more effectively."
              RenderBlock {P} at (4,1309) size 747x385
                RenderText {#text} at (0,34) size 739x315
                  text run at (0,34) width 701: "This element should be in a sans-serif font, italicized and small caps,"
                  text run at (0,130) width 225: "with a weight of 500. "
                  text run at (224,130) width 492: "Its font-size should be 150% the base font size,"
                  text run at (0,226) width 433: "or 18px, and its line-height should be 1in. "
                  text run at (433,226) width 306: "Extra text is included for the"
                  text run at (0,322) width 427: "purposes of testing this more effectively."
              RenderBlock {P} at (4,1717) size 747x145
                RenderText {#text} at (0,8) size 730x128
                  text run at (0,8) width 730: "This element should be in a sans-serif font, oblique and not small-caps, with a weight"
                  text run at (0,44) width 62: "of 700. "
                  text run at (61,44) width 666: "Its font-size should be 18 pixels, and its line-height should be 36px (200% this"
                  text run at (0,80) width 176: "element's font size). "
                  text run at (175,80) width 501: "Extra text is included for the purposes of testing this more"
                  text run at (0,116) width 93: "effectively."
              RenderBlock {P} at (4,1879) size 747x65
                RenderText {#text} at (0,8) size 714x47
                  text run at (0,8) width 378: "This element should be in a sans-serif font, with a weight of 400. "
                  text run at (378,8) width 336: "Its font-size should be 80% of 12px, or 9.6px, and its line-"
                  text run at (0,40) width 235: "height shoud be 2.5 times that, or 24px. "
                  text run at (235,40) width 404: "Extra text is included for the purposes of testing this more effectively."
              RenderBlock {P} at (4,1967) size 747x433
                RenderInline {SPAN} at (0,0) size 747x387 [bgcolor=#C0C0C0]
                  RenderText {#text} at (0,22) size 747x387
                    text run at (0,22) width 701: "This element should be in a sans-serif font, italicized and small caps,"
                    text run at (0,94) width 225: "with a weight of 100. "
                    text run at (224,94) width 492: "Its font-size should be 150% the base font size,"
                    text run at (0,166) width 661: "and its line-height should be 300% of that value (18px and 54px,"
                    text run at (0,238) width 747: "respectively). The text should have a silver background. The background"
                    text run at (0,310) width 743: "color has been set on an inline element and should therefore only cover"
                    text run at (0,382) width 353: "the text, not the interline spacing."
                RenderText {#text} at (0,0) size 0x0
layer at (8,215) size 769x2 clip at (0,0) size 0x0
  RenderBlock {HR} at (0,207) size 769x2 [border: (1px inset #000000)]
