layer at (0,0) size 800x600
  RenderView at (0,0) size 800x600
layer at (0,0) size 800x534
  RenderBlock {HTML} at (0,0) size 800x534
    RenderBody {BODY} at (8,20) size 784x498
      RenderBlock {DIV} at (20,0) size 240x200 [bgcolor=#0000807F]
      RenderBlock (anonymous) at (0,220) size 784x244
        RenderText {#text} at (0,0) size 0x0
      RenderBlock {P} at (0,480) size 784x18
        RenderText {#text} at (0,0) size 242x18
          text run at (0,0) width 242: "Top and bottom should look the same."
layer at (28,260) size 240x200
  RenderHTMLCanvas {CANVAS} at (20,20) size 240x200 [bgcolor=#0000807F]
