layer at (0,0) size 800x600
  RenderView at (0,0) size 800x600
layer at (0,0) size 800x600
  RenderBlock {HTML} at (0,0) size 800x600
    RenderBody {BODY} at (8,8) size 784x584
      RenderBlock {P} at (0,0) size 784x54
        RenderText {#text} at (0,0) size 748x54
          text run at (0,0) width 748: "Assuming the port-specific theme draws focus rings, this test can be used to ensure that a focus ring is not drawn for an"
          text run at (0,18) width 738: "<area> with a 0px outline-width. This test PASSED if no red focus ring is drawn around the <area> in the imagemap"
          text run at (0,36) width 53: "(below)."
      RenderBlock (anonymous) at (0,70) size 784x128
        RenderInline {MAP} at (0,0) size 0x0
          RenderText {#text} at (0,0) size 0x0
          RenderText {#text} at (0,0) size 0x0
        RenderText {#text} at (0,0) size 0x0
        RenderImage {IMG} at (0,0) size 128x128
        RenderText {#text} at (0,0) size 0x0
