layer at (0,0) size 800x600
  RenderView at (0,0) size 800x600
layer at (0,0) size 800x600
  RenderBlock {HTML} at (0,0) size 800x600
    RenderBody {BODY} at (8,8) size 784x576
      RenderBlock {P} at (0,0) size 784x18
        RenderText {#text} at (0,0) size 733x18
          text run at (0,0) width 430: "Test pixel cracks when background sprite is transformed with scale. "
          text run at (430,0) width 303: "Need to run pixel test to verify if it is successful."
layer at (12,72) size 16x16
  RenderBlock (positioned) {DIV} at (12,72) size 16x16
layer at (24,72) size 16x16
  RenderBlock (positioned) {DIV} at (24,72) size 16x16
layer at (36,72) size 16x16
  RenderBlock (positioned) {DIV} at (36,72) size 16x16
layer at (48,72) size 16x16
  RenderBlock (positioned) {DIV} at (48,72) size 16x16
layer at (60,72) size 16x16
  RenderBlock (positioned) {DIV} at (60,72) size 16x16
layer at (72,72) size 16x16
  RenderBlock (positioned) {DIV} at (72,72) size 16x16
layer at (84,72) size 16x16
  RenderBlock (positioned) {DIV} at (84,72) size 16x16
layer at (96,72) size 16x16
  RenderBlock (positioned) {DIV} at (96,72) size 16x16
layer at (108,72) size 16x16
  RenderBlock (positioned) {DIV} at (108,72) size 16x16
layer at (120,72) size 16x16
  RenderBlock (positioned) {DIV} at (120,72) size 16x16
layer at (132,72) size 16x16
  RenderBlock (positioned) {DIV} at (132,72) size 16x16
layer at (144,72) size 16x16
  RenderBlock (positioned) {DIV} at (144,72) size 16x16
layer at (156,72) size 16x16
  RenderBlock (positioned) {DIV} at (156,72) size 16x16
layer at (168,72) size 16x16
  RenderBlock (positioned) {DIV} at (168,72) size 16x16
layer at (180,72) size 16x16
  RenderBlock (positioned) {DIV} at (180,72) size 16x16
layer at (192,72) size 16x16
  RenderBlock (positioned) {DIV} at (192,72) size 16x16
layer at (204,72) size 16x16
  RenderBlock (positioned) {DIV} at (204,72) size 16x16
layer at (216,72) size 16x16
  RenderBlock (positioned) {DIV} at (216,72) size 16x16
layer at (228,72) size 16x16
  RenderBlock (positioned) {DIV} at (228,72) size 16x16
layer at (240,72) size 16x16
  RenderBlock (positioned) {DIV} at (240,72) size 16x16
layer at (252,72) size 16x16
  RenderBlock (positioned) {DIV} at (252,72) size 16x16
layer at (264,72) size 16x16
  RenderBlock (positioned) {DIV} at (264,72) size 16x16
layer at (276,72) size 16x16
  RenderBlock (positioned) {DIV} at (276,72) size 16x16
layer at (288,72) size 16x16
  RenderBlock (positioned) {DIV} at (288,72) size 16x16
layer at (300,72) size 16x16
  RenderBlock (positioned) {DIV} at (300,72) size 16x16
layer at (312,72) size 16x16
  RenderBlock (positioned) {DIV} at (312,72) size 16x16
layer at (324,72) size 16x16
  RenderBlock (positioned) {DIV} at (324,72) size 16x16
layer at (336,72) size 16x16
  RenderBlock (positioned) {DIV} at (336,72) size 16x16
layer at (348,72) size 16x16
  RenderBlock (positioned) {DIV} at (348,72) size 16x16
layer at (360,72) size 16x16
  RenderBlock (positioned) {DIV} at (360,72) size 16x16
layer at (372,72) size 16x16
  RenderBlock (positioned) {DIV} at (372,72) size 16x16
layer at (384,72) size 16x16
  RenderBlock (positioned) {DIV} at (384,72) size 16x16
layer at (396,72) size 16x16
  RenderBlock (positioned) {DIV} at (396,72) size 16x16
layer at (408,72) size 16x16
  RenderBlock (positioned) {DIV} at (408,72) size 16x16
layer at (420,72) size 16x16
  RenderBlock (positioned) {DIV} at (420,72) size 16x16
layer at (432,72) size 16x16
  RenderBlock (positioned) {DIV} at (432,72) size 16x16
layer at (444,72) size 16x16
  RenderBlock (positioned) {DIV} at (444,72) size 16x16
layer at (456,72) size 16x16
  RenderBlock (positioned) {DIV} at (456,72) size 16x16
layer at (468,72) size 16x16
  RenderBlock (positioned) {DIV} at (468,72) size 16x16
layer at (480,72) size 16x16
  RenderBlock (positioned) {DIV} at (480,72) size 16x16
layer at (12,84) size 16x16
  RenderBlock (positioned) {DIV} at (12,84) size 16x16
layer at (24,84) size 16x16
  RenderBlock (positioned) {DIV} at (24,84) size 16x16
layer at (36,84) size 16x16
  RenderBlock (positioned) {DIV} at (36,84) size 16x16
layer at (48,84) size 16x16
  RenderBlock (positioned) {DIV} at (48,84) size 16x16
layer at (60,84) size 16x16
  RenderBlock (positioned) {DIV} at (60,84) size 16x16
layer at (72,84) size 16x16
  RenderBlock (positioned) {DIV} at (72,84) size 16x16
layer at (84,84) size 16x16
  RenderBlock (positioned) {DIV} at (84,84) size 16x16
layer at (96,84) size 16x16
  RenderBlock (positioned) {DIV} at (96,84) size 16x16
layer at (108,84) size 16x16
  RenderBlock (positioned) {DIV} at (108,84) size 16x16
layer at (120,84) size 16x16
  RenderBlock (positioned) {DIV} at (120,84) size 16x16
layer at (132,84) size 16x16
  RenderBlock (positioned) {DIV} at (132,84) size 16x16
layer at (144,84) size 16x16
  RenderBlock (positioned) {DIV} at (144,84) size 16x16
layer at (156,84) size 16x16
  RenderBlock (positioned) {DIV} at (156,84) size 16x16
layer at (168,84) size 16x16
  RenderBlock (positioned) {DIV} at (168,84) size 16x16
layer at (180,84) size 16x16
  RenderBlock (positioned) {DIV} at (180,84) size 16x16
layer at (192,84) size 16x16
  RenderBlock (positioned) {DIV} at (192,84) size 16x16
layer at (204,84) size 16x16
  RenderBlock (positioned) {DIV} at (204,84) size 16x16
layer at (216,84) size 16x16
  RenderBlock (positioned) {DIV} at (216,84) size 16x16
layer at (228,84) size 16x16
  RenderBlock (positioned) {DIV} at (228,84) size 16x16
layer at (240,84) size 16x16
  RenderBlock (positioned) {DIV} at (240,84) size 16x16
layer at (252,84) size 16x16
  RenderBlock (positioned) {DIV} at (252,84) size 16x16
layer at (264,84) size 16x16
  RenderBlock (positioned) {DIV} at (264,84) size 16x16
layer at (276,84) size 16x16
  RenderBlock (positioned) {DIV} at (276,84) size 16x16
layer at (288,84) size 16x16
  RenderBlock (positioned) {DIV} at (288,84) size 16x16
layer at (300,84) size 16x16
  RenderBlock (positioned) {DIV} at (300,84) size 16x16
layer at (312,84) size 16x16
  RenderBlock (positioned) {DIV} at (312,84) size 16x16
layer at (324,84) size 16x16
  RenderBlock (positioned) {DIV} at (324,84) size 16x16
layer at (336,84) size 16x16
  RenderBlock (positioned) {DIV} at (336,84) size 16x16
layer at (348,84) size 16x16
  RenderBlock (positioned) {DIV} at (348,84) size 16x16
layer at (360,84) size 16x16
  RenderBlock (positioned) {DIV} at (360,84) size 16x16
layer at (372,84) size 16x16
  RenderBlock (positioned) {DIV} at (372,84) size 16x16
layer at (384,84) size 16x16
  RenderBlock (positioned) {DIV} at (384,84) size 16x16
layer at (396,84) size 16x16
  RenderBlock (positioned) {DIV} at (396,84) size 16x16
layer at (408,84) size 16x16
  RenderBlock (positioned) {DIV} at (408,84) size 16x16
layer at (420,84) size 16x16
  RenderBlock (positioned) {DIV} at (420,84) size 16x16
layer at (432,84) size 16x16
  RenderBlock (positioned) {DIV} at (432,84) size 16x16
layer at (444,84) size 16x16
  RenderBlock (positioned) {DIV} at (444,84) size 16x16
layer at (456,84) size 16x16
  RenderBlock (positioned) {DIV} at (456,84) size 16x16
layer at (468,84) size 16x16
  RenderBlock (positioned) {DIV} at (468,84) size 16x16
layer at (480,84) size 16x16
  RenderBlock (positioned) {DIV} at (480,84) size 16x16
layer at (12,96) size 16x16
  RenderBlock (positioned) {DIV} at (12,96) size 16x16
layer at (24,96) size 16x16
  RenderBlock (positioned) {DIV} at (24,96) size 16x16
layer at (36,96) size 16x16
  RenderBlock (positioned) {DIV} at (36,96) size 16x16
layer at (48,96) size 16x16
  RenderBlock (positioned) {DIV} at (48,96) size 16x16
layer at (60,96) size 16x16
  RenderBlock (positioned) {DIV} at (60,96) size 16x16
layer at (72,96) size 16x16
  RenderBlock (positioned) {DIV} at (72,96) size 16x16
layer at (84,96) size 16x16
  RenderBlock (positioned) {DIV} at (84,96) size 16x16
layer at (96,96) size 16x16
  RenderBlock (positioned) {DIV} at (96,96) size 16x16
layer at (108,96) size 16x16
  RenderBlock (positioned) {DIV} at (108,96) size 16x16
layer at (120,96) size 16x16
  RenderBlock (positioned) {DIV} at (120,96) size 16x16
layer at (132,96) size 16x16
  RenderBlock (positioned) {DIV} at (132,96) size 16x16
layer at (144,96) size 16x16
  RenderBlock (positioned) {DIV} at (144,96) size 16x16
layer at (156,96) size 16x16
  RenderBlock (positioned) {DIV} at (156,96) size 16x16
layer at (168,96) size 16x16
  RenderBlock (positioned) {DIV} at (168,96) size 16x16
layer at (180,96) size 16x16
  RenderBlock (positioned) {DIV} at (180,96) size 16x16
layer at (192,96) size 16x16
  RenderBlock (positioned) {DIV} at (192,96) size 16x16
layer at (204,96) size 16x16
  RenderBlock (positioned) {DIV} at (204,96) size 16x16
layer at (216,96) size 16x16
  RenderBlock (positioned) {DIV} at (216,96) size 16x16
layer at (228,96) size 16x16
  RenderBlock (positioned) {DIV} at (228,96) size 16x16
layer at (240,96) size 16x16
  RenderBlock (positioned) {DIV} at (240,96) size 16x16
layer at (252,96) size 16x16
  RenderBlock (positioned) {DIV} at (252,96) size 16x16
layer at (264,96) size 16x16
  RenderBlock (positioned) {DIV} at (264,96) size 16x16
layer at (276,96) size 16x16
  RenderBlock (positioned) {DIV} at (276,96) size 16x16
layer at (288,96) size 16x16
  RenderBlock (positioned) {DIV} at (288,96) size 16x16
layer at (300,96) size 16x16
  RenderBlock (positioned) {DIV} at (300,96) size 16x16
layer at (312,96) size 16x16
  RenderBlock (positioned) {DIV} at (312,96) size 16x16
layer at (324,96) size 16x16
  RenderBlock (positioned) {DIV} at (324,96) size 16x16
layer at (336,96) size 16x16
  RenderBlock (positioned) {DIV} at (336,96) size 16x16
layer at (348,96) size 16x16
  RenderBlock (positioned) {DIV} at (348,96) size 16x16
layer at (360,96) size 16x16
  RenderBlock (positioned) {DIV} at (360,96) size 16x16
layer at (372,96) size 16x16
  RenderBlock (positioned) {DIV} at (372,96) size 16x16
layer at (384,96) size 16x16
  RenderBlock (positioned) {DIV} at (384,96) size 16x16
layer at (396,96) size 16x16
  RenderBlock (positioned) {DIV} at (396,96) size 16x16
layer at (408,96) size 16x16
  RenderBlock (positioned) {DIV} at (408,96) size 16x16
layer at (420,96) size 16x16
  RenderBlock (positioned) {DIV} at (420,96) size 16x16
layer at (432,96) size 16x16
  RenderBlock (positioned) {DIV} at (432,96) size 16x16
layer at (444,96) size 16x16
  RenderBlock (positioned) {DIV} at (444,96) size 16x16
layer at (456,96) size 16x16
  RenderBlock (positioned) {DIV} at (456,96) size 16x16
layer at (468,96) size 16x16
  RenderBlock (positioned) {DIV} at (468,96) size 16x16
layer at (480,96) size 16x16
  RenderBlock (positioned) {DIV} at (480,96) size 16x16
layer at (12,108) size 16x16
  RenderBlock (positioned) {DIV} at (12,108) size 16x16
layer at (24,108) size 16x16
  RenderBlock (positioned) {DIV} at (24,108) size 16x16
layer at (36,108) size 16x16
  RenderBlock (positioned) {DIV} at (36,108) size 16x16
layer at (48,108) size 16x16
  RenderBlock (positioned) {DIV} at (48,108) size 16x16
layer at (60,108) size 16x16
  RenderBlock (positioned) {DIV} at (60,108) size 16x16
layer at (72,108) size 16x16
  RenderBlock (positioned) {DIV} at (72,108) size 16x16
layer at (84,108) size 16x16
  RenderBlock (positioned) {DIV} at (84,108) size 16x16
layer at (96,108) size 16x16
  RenderBlock (positioned) {DIV} at (96,108) size 16x16
layer at (108,108) size 16x16
  RenderBlock (positioned) {DIV} at (108,108) size 16x16
layer at (120,108) size 16x16
  RenderBlock (positioned) {DIV} at (120,108) size 16x16
layer at (132,108) size 16x16
  RenderBlock (positioned) {DIV} at (132,108) size 16x16
layer at (144,108) size 16x16
  RenderBlock (positioned) {DIV} at (144,108) size 16x16
layer at (156,108) size 16x16
  RenderBlock (positioned) {DIV} at (156,108) size 16x16
layer at (168,108) size 16x16
  RenderBlock (positioned) {DIV} at (168,108) size 16x16
layer at (180,108) size 16x16
  RenderBlock (positioned) {DIV} at (180,108) size 16x16
layer at (192,108) size 16x16
  RenderBlock (positioned) {DIV} at (192,108) size 16x16
layer at (204,108) size 16x16
  RenderBlock (positioned) {DIV} at (204,108) size 16x16
layer at (216,108) size 16x16
  RenderBlock (positioned) {DIV} at (216,108) size 16x16
layer at (228,108) size 16x16
  RenderBlock (positioned) {DIV} at (228,108) size 16x16
layer at (240,108) size 16x16
  RenderBlock (positioned) {DIV} at (240,108) size 16x16
layer at (252,108) size 16x16
  RenderBlock (positioned) {DIV} at (252,108) size 16x16
layer at (264,108) size 16x16
  RenderBlock (positioned) {DIV} at (264,108) size 16x16
layer at (276,108) size 16x16
  RenderBlock (positioned) {DIV} at (276,108) size 16x16
layer at (288,108) size 16x16
  RenderBlock (positioned) {DIV} at (288,108) size 16x16
layer at (300,108) size 16x16
  RenderBlock (positioned) {DIV} at (300,108) size 16x16
layer at (312,108) size 16x16
  RenderBlock (positioned) {DIV} at (312,108) size 16x16
layer at (324,108) size 16x16
  RenderBlock (positioned) {DIV} at (324,108) size 16x16
layer at (336,108) size 16x16
  RenderBlock (positioned) {DIV} at (336,108) size 16x16
layer at (348,108) size 16x16
  RenderBlock (positioned) {DIV} at (348,108) size 16x16
layer at (360,108) size 16x16
  RenderBlock (positioned) {DIV} at (360,108) size 16x16
layer at (372,108) size 16x16
  RenderBlock (positioned) {DIV} at (372,108) size 16x16
layer at (384,108) size 16x16
  RenderBlock (positioned) {DIV} at (384,108) size 16x16
layer at (396,108) size 16x16
  RenderBlock (positioned) {DIV} at (396,108) size 16x16
layer at (408,108) size 16x16
  RenderBlock (positioned) {DIV} at (408,108) size 16x16
layer at (420,108) size 16x16
  RenderBlock (positioned) {DIV} at (420,108) size 16x16
layer at (432,108) size 16x16
  RenderBlock (positioned) {DIV} at (432,108) size 16x16
layer at (444,108) size 16x16
  RenderBlock (positioned) {DIV} at (444,108) size 16x16
layer at (456,108) size 16x16
  RenderBlock (positioned) {DIV} at (456,108) size 16x16
layer at (468,108) size 16x16
  RenderBlock (positioned) {DIV} at (468,108) size 16x16
layer at (480,108) size 16x16
  RenderBlock (positioned) {DIV} at (480,108) size 16x16
layer at (12,120) size 16x16
  RenderBlock (positioned) {DIV} at (12,120) size 16x16
layer at (24,120) size 16x16
  RenderBlock (positioned) {DIV} at (24,120) size 16x16
layer at (36,120) size 16x16
  RenderBlock (positioned) {DIV} at (36,120) size 16x16
layer at (48,120) size 16x16
  RenderBlock (positioned) {DIV} at (48,120) size 16x16
layer at (60,120) size 16x16
  RenderBlock (positioned) {DIV} at (60,120) size 16x16
layer at (72,120) size 16x16
  RenderBlock (positioned) {DIV} at (72,120) size 16x16
layer at (84,120) size 16x16
  RenderBlock (positioned) {DIV} at (84,120) size 16x16
layer at (96,120) size 16x16
  RenderBlock (positioned) {DIV} at (96,120) size 16x16
layer at (108,120) size 16x16
  RenderBlock (positioned) {DIV} at (108,120) size 16x16
layer at (120,120) size 16x16
  RenderBlock (positioned) {DIV} at (120,120) size 16x16
layer at (132,120) size 16x16
  RenderBlock (positioned) {DIV} at (132,120) size 16x16
layer at (144,120) size 16x16
  RenderBlock (positioned) {DIV} at (144,120) size 16x16
layer at (156,120) size 16x16
  RenderBlock (positioned) {DIV} at (156,120) size 16x16
layer at (168,120) size 16x16
  RenderBlock (positioned) {DIV} at (168,120) size 16x16
layer at (180,120) size 16x16
  RenderBlock (positioned) {DIV} at (180,120) size 16x16
layer at (192,120) size 16x16
  RenderBlock (positioned) {DIV} at (192,120) size 16x16
layer at (204,120) size 16x16
  RenderBlock (positioned) {DIV} at (204,120) size 16x16
layer at (216,120) size 16x16
  RenderBlock (positioned) {DIV} at (216,120) size 16x16
layer at (228,120) size 16x16
  RenderBlock (positioned) {DIV} at (228,120) size 16x16
layer at (240,120) size 16x16
  RenderBlock (positioned) {DIV} at (240,120) size 16x16
layer at (252,120) size 16x16
  RenderBlock (positioned) {DIV} at (252,120) size 16x16
layer at (264,120) size 16x16
  RenderBlock (positioned) {DIV} at (264,120) size 16x16
layer at (276,120) size 16x16
  RenderBlock (positioned) {DIV} at (276,120) size 16x16
layer at (288,120) size 16x16
  RenderBlock (positioned) {DIV} at (288,120) size 16x16
layer at (300,120) size 16x16
  RenderBlock (positioned) {DIV} at (300,120) size 16x16
layer at (312,120) size 16x16
  RenderBlock (positioned) {DIV} at (312,120) size 16x16
layer at (324,120) size 16x16
  RenderBlock (positioned) {DIV} at (324,120) size 16x16
layer at (336,120) size 16x16
  RenderBlock (positioned) {DIV} at (336,120) size 16x16
layer at (348,120) size 16x16
  RenderBlock (positioned) {DIV} at (348,120) size 16x16
layer at (360,120) size 16x16
  RenderBlock (positioned) {DIV} at (360,120) size 16x16
layer at (372,120) size 16x16
  RenderBlock (positioned) {DIV} at (372,120) size 16x16
layer at (384,120) size 16x16
  RenderBlock (positioned) {DIV} at (384,120) size 16x16
layer at (396,120) size 16x16
  RenderBlock (positioned) {DIV} at (396,120) size 16x16
layer at (408,120) size 16x16
  RenderBlock (positioned) {DIV} at (408,120) size 16x16
layer at (420,120) size 16x16
  RenderBlock (positioned) {DIV} at (420,120) size 16x16
layer at (432,120) size 16x16
  RenderBlock (positioned) {DIV} at (432,120) size 16x16
layer at (444,120) size 16x16
  RenderBlock (positioned) {DIV} at (444,120) size 16x16
layer at (456,120) size 16x16
  RenderBlock (positioned) {DIV} at (456,120) size 16x16
layer at (468,120) size 16x16
  RenderBlock (positioned) {DIV} at (468,120) size 16x16
layer at (480,120) size 16x16
  RenderBlock (positioned) {DIV} at (480,120) size 16x16
layer at (12,132) size 16x16
  RenderBlock (positioned) {DIV} at (12,132) size 16x16
layer at (24,132) size 16x16
  RenderBlock (positioned) {DIV} at (24,132) size 16x16
layer at (36,132) size 16x16
  RenderBlock (positioned) {DIV} at (36,132) size 16x16
layer at (48,132) size 16x16
  RenderBlock (positioned) {DIV} at (48,132) size 16x16
layer at (60,132) size 16x16
  RenderBlock (positioned) {DIV} at (60,132) size 16x16
layer at (72,132) size 16x16
  RenderBlock (positioned) {DIV} at (72,132) size 16x16
layer at (84,132) size 16x16
  RenderBlock (positioned) {DIV} at (84,132) size 16x16
layer at (96,132) size 16x16
  RenderBlock (positioned) {DIV} at (96,132) size 16x16
layer at (108,132) size 16x16
  RenderBlock (positioned) {DIV} at (108,132) size 16x16
layer at (120,132) size 16x16
  RenderBlock (positioned) {DIV} at (120,132) size 16x16
layer at (132,132) size 16x16
  RenderBlock (positioned) {DIV} at (132,132) size 16x16
layer at (144,132) size 16x16
  RenderBlock (positioned) {DIV} at (144,132) size 16x16
layer at (156,132) size 16x16
  RenderBlock (positioned) {DIV} at (156,132) size 16x16
layer at (168,132) size 16x16
  RenderBlock (positioned) {DIV} at (168,132) size 16x16
layer at (180,132) size 16x16
  RenderBlock (positioned) {DIV} at (180,132) size 16x16
layer at (192,132) size 16x16
  RenderBlock (positioned) {DIV} at (192,132) size 16x16
layer at (204,132) size 16x16
  RenderBlock (positioned) {DIV} at (204,132) size 16x16
layer at (216,132) size 16x16
  RenderBlock (positioned) {DIV} at (216,132) size 16x16
layer at (228,132) size 16x16
  RenderBlock (positioned) {DIV} at (228,132) size 16x16
layer at (240,132) size 16x16
  RenderBlock (positioned) {DIV} at (240,132) size 16x16
layer at (252,132) size 16x16
  RenderBlock (positioned) {DIV} at (252,132) size 16x16
layer at (264,132) size 16x16
  RenderBlock (positioned) {DIV} at (264,132) size 16x16
layer at (276,132) size 16x16
  RenderBlock (positioned) {DIV} at (276,132) size 16x16
layer at (288,132) size 16x16
  RenderBlock (positioned) {DIV} at (288,132) size 16x16
layer at (300,132) size 16x16
  RenderBlock (positioned) {DIV} at (300,132) size 16x16
layer at (312,132) size 16x16
  RenderBlock (positioned) {DIV} at (312,132) size 16x16
layer at (324,132) size 16x16
  RenderBlock (positioned) {DIV} at (324,132) size 16x16
layer at (336,132) size 16x16
  RenderBlock (positioned) {DIV} at (336,132) size 16x16
layer at (348,132) size 16x16
  RenderBlock (positioned) {DIV} at (348,132) size 16x16
layer at (360,132) size 16x16
  RenderBlock (positioned) {DIV} at (360,132) size 16x16
layer at (372,132) size 16x16
  RenderBlock (positioned) {DIV} at (372,132) size 16x16
layer at (384,132) size 16x16
  RenderBlock (positioned) {DIV} at (384,132) size 16x16
layer at (396,132) size 16x16
  RenderBlock (positioned) {DIV} at (396,132) size 16x16
layer at (408,132) size 16x16
  RenderBlock (positioned) {DIV} at (408,132) size 16x16
layer at (420,132) size 16x16
  RenderBlock (positioned) {DIV} at (420,132) size 16x16
layer at (432,132) size 16x16
  RenderBlock (positioned) {DIV} at (432,132) size 16x16
layer at (444,132) size 16x16
  RenderBlock (positioned) {DIV} at (444,132) size 16x16
layer at (456,132) size 16x16
  RenderBlock (positioned) {DIV} at (456,132) size 16x16
layer at (468,132) size 16x16
  RenderBlock (positioned) {DIV} at (468,132) size 16x16
layer at (480,132) size 16x16
  RenderBlock (positioned) {DIV} at (480,132) size 16x16
layer at (12,144) size 16x16
  RenderBlock (positioned) {DIV} at (12,144) size 16x16
layer at (24,144) size 16x16
  RenderBlock (positioned) {DIV} at (24,144) size 16x16
layer at (36,144) size 16x16
  RenderBlock (positioned) {DIV} at (36,144) size 16x16
layer at (48,144) size 16x16
  RenderBlock (positioned) {DIV} at (48,144) size 16x16
layer at (60,144) size 16x16
  RenderBlock (positioned) {DIV} at (60,144) size 16x16
layer at (72,144) size 16x16
  RenderBlock (positioned) {DIV} at (72,144) size 16x16
layer at (84,144) size 16x16
  RenderBlock (positioned) {DIV} at (84,144) size 16x16
layer at (96,144) size 16x16
  RenderBlock (positioned) {DIV} at (96,144) size 16x16
layer at (108,144) size 16x16
  RenderBlock (positioned) {DIV} at (108,144) size 16x16
layer at (120,144) size 16x16
  RenderBlock (positioned) {DIV} at (120,144) size 16x16
layer at (132,144) size 16x16
  RenderBlock (positioned) {DIV} at (132,144) size 16x16
layer at (144,144) size 16x16
  RenderBlock (positioned) {DIV} at (144,144) size 16x16
layer at (156,144) size 16x16
  RenderBlock (positioned) {DIV} at (156,144) size 16x16
layer at (168,144) size 16x16
  RenderBlock (positioned) {DIV} at (168,144) size 16x16
layer at (180,144) size 16x16
  RenderBlock (positioned) {DIV} at (180,144) size 16x16
layer at (192,144) size 16x16
  RenderBlock (positioned) {DIV} at (192,144) size 16x16
layer at (204,144) size 16x16
  RenderBlock (positioned) {DIV} at (204,144) size 16x16
layer at (216,144) size 16x16
  RenderBlock (positioned) {DIV} at (216,144) size 16x16
layer at (228,144) size 16x16
  RenderBlock (positioned) {DIV} at (228,144) size 16x16
layer at (240,144) size 16x16
  RenderBlock (positioned) {DIV} at (240,144) size 16x16
layer at (252,144) size 16x16
  RenderBlock (positioned) {DIV} at (252,144) size 16x16
layer at (264,144) size 16x16
  RenderBlock (positioned) {DIV} at (264,144) size 16x16
layer at (276,144) size 16x16
  RenderBlock (positioned) {DIV} at (276,144) size 16x16
layer at (288,144) size 16x16
  RenderBlock (positioned) {DIV} at (288,144) size 16x16
layer at (300,144) size 16x16
  RenderBlock (positioned) {DIV} at (300,144) size 16x16
layer at (312,144) size 16x16
  RenderBlock (positioned) {DIV} at (312,144) size 16x16
layer at (324,144) size 16x16
  RenderBlock (positioned) {DIV} at (324,144) size 16x16
layer at (336,144) size 16x16
  RenderBlock (positioned) {DIV} at (336,144) size 16x16
layer at (348,144) size 16x16
  RenderBlock (positioned) {DIV} at (348,144) size 16x16
layer at (360,144) size 16x16
  RenderBlock (positioned) {DIV} at (360,144) size 16x16
layer at (372,144) size 16x16
  RenderBlock (positioned) {DIV} at (372,144) size 16x16
layer at (384,144) size 16x16
  RenderBlock (positioned) {DIV} at (384,144) size 16x16
layer at (396,144) size 16x16
  RenderBlock (positioned) {DIV} at (396,144) size 16x16
layer at (408,144) size 16x16
  RenderBlock (positioned) {DIV} at (408,144) size 16x16
layer at (420,144) size 16x16
  RenderBlock (positioned) {DIV} at (420,144) size 16x16
layer at (432,144) size 16x16
  RenderBlock (positioned) {DIV} at (432,144) size 16x16
layer at (444,144) size 16x16
  RenderBlock (positioned) {DIV} at (444,144) size 16x16
layer at (456,144) size 16x16
  RenderBlock (positioned) {DIV} at (456,144) size 16x16
layer at (468,144) size 16x16
  RenderBlock (positioned) {DIV} at (468,144) size 16x16
layer at (480,144) size 16x16
  RenderBlock (positioned) {DIV} at (480,144) size 16x16
layer at (12,156) size 16x16
  RenderBlock (positioned) {DIV} at (12,156) size 16x16
layer at (24,156) size 16x16
  RenderBlock (positioned) {DIV} at (24,156) size 16x16
layer at (36,156) size 16x16
  RenderBlock (positioned) {DIV} at (36,156) size 16x16
layer at (48,156) size 16x16
  RenderBlock (positioned) {DIV} at (48,156) size 16x16
layer at (60,156) size 16x16
  RenderBlock (positioned) {DIV} at (60,156) size 16x16
layer at (72,156) size 16x16
  RenderBlock (positioned) {DIV} at (72,156) size 16x16
layer at (84,156) size 16x16
  RenderBlock (positioned) {DIV} at (84,156) size 16x16
layer at (96,156) size 16x16
  RenderBlock (positioned) {DIV} at (96,156) size 16x16
layer at (108,156) size 16x16
  RenderBlock (positioned) {DIV} at (108,156) size 16x16
layer at (120,156) size 16x16
  RenderBlock (positioned) {DIV} at (120,156) size 16x16
layer at (132,156) size 16x16
  RenderBlock (positioned) {DIV} at (132,156) size 16x16
layer at (144,156) size 16x16
  RenderBlock (positioned) {DIV} at (144,156) size 16x16
layer at (156,156) size 16x16
  RenderBlock (positioned) {DIV} at (156,156) size 16x16
layer at (168,156) size 16x16
  RenderBlock (positioned) {DIV} at (168,156) size 16x16
layer at (180,156) size 16x16
  RenderBlock (positioned) {DIV} at (180,156) size 16x16
layer at (192,156) size 16x16
  RenderBlock (positioned) {DIV} at (192,156) size 16x16
layer at (204,156) size 16x16
  RenderBlock (positioned) {DIV} at (204,156) size 16x16
layer at (216,156) size 16x16
  RenderBlock (positioned) {DIV} at (216,156) size 16x16
layer at (228,156) size 16x16
  RenderBlock (positioned) {DIV} at (228,156) size 16x16
layer at (240,156) size 16x16
  RenderBlock (positioned) {DIV} at (240,156) size 16x16
layer at (252,156) size 16x16
  RenderBlock (positioned) {DIV} at (252,156) size 16x16
layer at (264,156) size 16x16
  RenderBlock (positioned) {DIV} at (264,156) size 16x16
layer at (276,156) size 16x16
  RenderBlock (positioned) {DIV} at (276,156) size 16x16
layer at (288,156) size 16x16
  RenderBlock (positioned) {DIV} at (288,156) size 16x16
layer at (300,156) size 16x16
  RenderBlock (positioned) {DIV} at (300,156) size 16x16
layer at (312,156) size 16x16
  RenderBlock (positioned) {DIV} at (312,156) size 16x16
layer at (324,156) size 16x16
  RenderBlock (positioned) {DIV} at (324,156) size 16x16
layer at (336,156) size 16x16
  RenderBlock (positioned) {DIV} at (336,156) size 16x16
layer at (348,156) size 16x16
  RenderBlock (positioned) {DIV} at (348,156) size 16x16
layer at (360,156) size 16x16
  RenderBlock (positioned) {DIV} at (360,156) size 16x16
layer at (372,156) size 16x16
  RenderBlock (positioned) {DIV} at (372,156) size 16x16
layer at (384,156) size 16x16
  RenderBlock (positioned) {DIV} at (384,156) size 16x16
layer at (396,156) size 16x16
  RenderBlock (positioned) {DIV} at (396,156) size 16x16
layer at (408,156) size 16x16
  RenderBlock (positioned) {DIV} at (408,156) size 16x16
layer at (420,156) size 16x16
  RenderBlock (positioned) {DIV} at (420,156) size 16x16
layer at (432,156) size 16x16
  RenderBlock (positioned) {DIV} at (432,156) size 16x16
layer at (444,156) size 16x16
  RenderBlock (positioned) {DIV} at (444,156) size 16x16
layer at (456,156) size 16x16
  RenderBlock (positioned) {DIV} at (456,156) size 16x16
layer at (468,156) size 16x16
  RenderBlock (positioned) {DIV} at (468,156) size 16x16
layer at (480,156) size 16x16
  RenderBlock (positioned) {DIV} at (480,156) size 16x16
layer at (12,168) size 16x16
  RenderBlock (positioned) {DIV} at (12,168) size 16x16
layer at (24,168) size 16x16
  RenderBlock (positioned) {DIV} at (24,168) size 16x16
layer at (36,168) size 16x16
  RenderBlock (positioned) {DIV} at (36,168) size 16x16
layer at (48,168) size 16x16
  RenderBlock (positioned) {DIV} at (48,168) size 16x16
layer at (60,168) size 16x16
  RenderBlock (positioned) {DIV} at (60,168) size 16x16
layer at (72,168) size 16x16
  RenderBlock (positioned) {DIV} at (72,168) size 16x16
layer at (84,168) size 16x16
  RenderBlock (positioned) {DIV} at (84,168) size 16x16
layer at (96,168) size 16x16
  RenderBlock (positioned) {DIV} at (96,168) size 16x16
layer at (108,168) size 16x16
  RenderBlock (positioned) {DIV} at (108,168) size 16x16
layer at (120,168) size 16x16
  RenderBlock (positioned) {DIV} at (120,168) size 16x16
layer at (132,168) size 16x16
  RenderBlock (positioned) {DIV} at (132,168) size 16x16
layer at (144,168) size 16x16
  RenderBlock (positioned) {DIV} at (144,168) size 16x16
layer at (156,168) size 16x16
  RenderBlock (positioned) {DIV} at (156,168) size 16x16
layer at (168,168) size 16x16
  RenderBlock (positioned) {DIV} at (168,168) size 16x16
layer at (180,168) size 16x16
  RenderBlock (positioned) {DIV} at (180,168) size 16x16
layer at (192,168) size 16x16
  RenderBlock (positioned) {DIV} at (192,168) size 16x16
layer at (204,168) size 16x16
  RenderBlock (positioned) {DIV} at (204,168) size 16x16
layer at (216,168) size 16x16
  RenderBlock (positioned) {DIV} at (216,168) size 16x16
layer at (228,168) size 16x16
  RenderBlock (positioned) {DIV} at (228,168) size 16x16
layer at (240,168) size 16x16
  RenderBlock (positioned) {DIV} at (240,168) size 16x16
layer at (252,168) size 16x16
  RenderBlock (positioned) {DIV} at (252,168) size 16x16
layer at (264,168) size 16x16
  RenderBlock (positioned) {DIV} at (264,168) size 16x16
layer at (276,168) size 16x16
  RenderBlock (positioned) {DIV} at (276,168) size 16x16
layer at (288,168) size 16x16
  RenderBlock (positioned) {DIV} at (288,168) size 16x16
layer at (300,168) size 16x16
  RenderBlock (positioned) {DIV} at (300,168) size 16x16
layer at (312,168) size 16x16
  RenderBlock (positioned) {DIV} at (312,168) size 16x16
layer at (324,168) size 16x16
  RenderBlock (positioned) {DIV} at (324,168) size 16x16
layer at (336,168) size 16x16
  RenderBlock (positioned) {DIV} at (336,168) size 16x16
layer at (348,168) size 16x16
  RenderBlock (positioned) {DIV} at (348,168) size 16x16
layer at (360,168) size 16x16
  RenderBlock (positioned) {DIV} at (360,168) size 16x16
layer at (372,168) size 16x16
  RenderBlock (positioned) {DIV} at (372,168) size 16x16
layer at (384,168) size 16x16
  RenderBlock (positioned) {DIV} at (384,168) size 16x16
layer at (396,168) size 16x16
  RenderBlock (positioned) {DIV} at (396,168) size 16x16
layer at (408,168) size 16x16
  RenderBlock (positioned) {DIV} at (408,168) size 16x16
layer at (420,168) size 16x16
  RenderBlock (positioned) {DIV} at (420,168) size 16x16
layer at (432,168) size 16x16
  RenderBlock (positioned) {DIV} at (432,168) size 16x16
layer at (444,168) size 16x16
  RenderBlock (positioned) {DIV} at (444,168) size 16x16
layer at (456,168) size 16x16
  RenderBlock (positioned) {DIV} at (456,168) size 16x16
layer at (468,168) size 16x16
  RenderBlock (positioned) {DIV} at (468,168) size 16x16
layer at (480,168) size 16x16
  RenderBlock (positioned) {DIV} at (480,168) size 16x16
layer at (12,180) size 16x16
  RenderBlock (positioned) {DIV} at (12,180) size 16x16
layer at (24,180) size 16x16
  RenderBlock (positioned) {DIV} at (24,180) size 16x16
layer at (36,180) size 16x16
  RenderBlock (positioned) {DIV} at (36,180) size 16x16
layer at (48,180) size 16x16
  RenderBlock (positioned) {DIV} at (48,180) size 16x16
layer at (60,180) size 16x16
  RenderBlock (positioned) {DIV} at (60,180) size 16x16
layer at (72,180) size 16x16
  RenderBlock (positioned) {DIV} at (72,180) size 16x16
layer at (84,180) size 16x16
  RenderBlock (positioned) {DIV} at (84,180) size 16x16
layer at (96,180) size 16x16
  RenderBlock (positioned) {DIV} at (96,180) size 16x16
layer at (108,180) size 16x16
  RenderBlock (positioned) {DIV} at (108,180) size 16x16
layer at (120,180) size 16x16
  RenderBlock (positioned) {DIV} at (120,180) size 16x16
layer at (132,180) size 16x16
  RenderBlock (positioned) {DIV} at (132,180) size 16x16
layer at (144,180) size 16x16
  RenderBlock (positioned) {DIV} at (144,180) size 16x16
layer at (156,180) size 16x16
  RenderBlock (positioned) {DIV} at (156,180) size 16x16
layer at (168,180) size 16x16
  RenderBlock (positioned) {DIV} at (168,180) size 16x16
layer at (180,180) size 16x16
  RenderBlock (positioned) {DIV} at (180,180) size 16x16
layer at (192,180) size 16x16
  RenderBlock (positioned) {DIV} at (192,180) size 16x16
layer at (204,180) size 16x16
  RenderBlock (positioned) {DIV} at (204,180) size 16x16
layer at (216,180) size 16x16
  RenderBlock (positioned) {DIV} at (216,180) size 16x16
layer at (228,180) size 16x16
  RenderBlock (positioned) {DIV} at (228,180) size 16x16
layer at (240,180) size 16x16
  RenderBlock (positioned) {DIV} at (240,180) size 16x16
layer at (252,180) size 16x16
  RenderBlock (positioned) {DIV} at (252,180) size 16x16
layer at (264,180) size 16x16
  RenderBlock (positioned) {DIV} at (264,180) size 16x16
layer at (276,180) size 16x16
  RenderBlock (positioned) {DIV} at (276,180) size 16x16
layer at (288,180) size 16x16
  RenderBlock (positioned) {DIV} at (288,180) size 16x16
layer at (300,180) size 16x16
  RenderBlock (positioned) {DIV} at (300,180) size 16x16
layer at (312,180) size 16x16
  RenderBlock (positioned) {DIV} at (312,180) size 16x16
layer at (324,180) size 16x16
  RenderBlock (positioned) {DIV} at (324,180) size 16x16
layer at (336,180) size 16x16
  RenderBlock (positioned) {DIV} at (336,180) size 16x16
layer at (348,180) size 16x16
  RenderBlock (positioned) {DIV} at (348,180) size 16x16
layer at (360,180) size 16x16
  RenderBlock (positioned) {DIV} at (360,180) size 16x16
layer at (372,180) size 16x16
  RenderBlock (positioned) {DIV} at (372,180) size 16x16
layer at (384,180) size 16x16
  RenderBlock (positioned) {DIV} at (384,180) size 16x16
layer at (396,180) size 16x16
  RenderBlock (positioned) {DIV} at (396,180) size 16x16
layer at (408,180) size 16x16
  RenderBlock (positioned) {DIV} at (408,180) size 16x16
layer at (420,180) size 16x16
  RenderBlock (positioned) {DIV} at (420,180) size 16x16
layer at (432,180) size 16x16
  RenderBlock (positioned) {DIV} at (432,180) size 16x16
layer at (444,180) size 16x16
  RenderBlock (positioned) {DIV} at (444,180) size 16x16
layer at (456,180) size 16x16
  RenderBlock (positioned) {DIV} at (456,180) size 16x16
layer at (468,180) size 16x16
  RenderBlock (positioned) {DIV} at (468,180) size 16x16
layer at (480,180) size 16x16
  RenderBlock (positioned) {DIV} at (480,180) size 16x16
layer at (12,192) size 16x16
  RenderBlock (positioned) {DIV} at (12,192) size 16x16
layer at (24,192) size 16x16
  RenderBlock (positioned) {DIV} at (24,192) size 16x16
layer at (36,192) size 16x16
  RenderBlock (positioned) {DIV} at (36,192) size 16x16
layer at (48,192) size 16x16
  RenderBlock (positioned) {DIV} at (48,192) size 16x16
layer at (60,192) size 16x16
  RenderBlock (positioned) {DIV} at (60,192) size 16x16
layer at (72,192) size 16x16
  RenderBlock (positioned) {DIV} at (72,192) size 16x16
layer at (84,192) size 16x16
  RenderBlock (positioned) {DIV} at (84,192) size 16x16
layer at (96,192) size 16x16
  RenderBlock (positioned) {DIV} at (96,192) size 16x16
layer at (108,192) size 16x16
  RenderBlock (positioned) {DIV} at (108,192) size 16x16
layer at (120,192) size 16x16
  RenderBlock (positioned) {DIV} at (120,192) size 16x16
layer at (132,192) size 16x16
  RenderBlock (positioned) {DIV} at (132,192) size 16x16
layer at (144,192) size 16x16
  RenderBlock (positioned) {DIV} at (144,192) size 16x16
layer at (156,192) size 16x16
  RenderBlock (positioned) {DIV} at (156,192) size 16x16
layer at (168,192) size 16x16
  RenderBlock (positioned) {DIV} at (168,192) size 16x16
layer at (180,192) size 16x16
  RenderBlock (positioned) {DIV} at (180,192) size 16x16
layer at (192,192) size 16x16
  RenderBlock (positioned) {DIV} at (192,192) size 16x16
layer at (204,192) size 16x16
  RenderBlock (positioned) {DIV} at (204,192) size 16x16
layer at (216,192) size 16x16
  RenderBlock (positioned) {DIV} at (216,192) size 16x16
layer at (228,192) size 16x16
  RenderBlock (positioned) {DIV} at (228,192) size 16x16
layer at (240,192) size 16x16
  RenderBlock (positioned) {DIV} at (240,192) size 16x16
layer at (252,192) size 16x16
  RenderBlock (positioned) {DIV} at (252,192) size 16x16
layer at (264,192) size 16x16
  RenderBlock (positioned) {DIV} at (264,192) size 16x16
layer at (276,192) size 16x16
  RenderBlock (positioned) {DIV} at (276,192) size 16x16
layer at (288,192) size 16x16
  RenderBlock (positioned) {DIV} at (288,192) size 16x16
layer at (300,192) size 16x16
  RenderBlock (positioned) {DIV} at (300,192) size 16x16
layer at (312,192) size 16x16
  RenderBlock (positioned) {DIV} at (312,192) size 16x16
layer at (324,192) size 16x16
  RenderBlock (positioned) {DIV} at (324,192) size 16x16
layer at (336,192) size 16x16
  RenderBlock (positioned) {DIV} at (336,192) size 16x16
layer at (348,192) size 16x16
  RenderBlock (positioned) {DIV} at (348,192) size 16x16
layer at (360,192) size 16x16
  RenderBlock (positioned) {DIV} at (360,192) size 16x16
layer at (372,192) size 16x16
  RenderBlock (positioned) {DIV} at (372,192) size 16x16
layer at (384,192) size 16x16
  RenderBlock (positioned) {DIV} at (384,192) size 16x16
layer at (396,192) size 16x16
  RenderBlock (positioned) {DIV} at (396,192) size 16x16
layer at (408,192) size 16x16
  RenderBlock (positioned) {DIV} at (408,192) size 16x16
layer at (420,192) size 16x16
  RenderBlock (positioned) {DIV} at (420,192) size 16x16
layer at (432,192) size 16x16
  RenderBlock (positioned) {DIV} at (432,192) size 16x16
layer at (444,192) size 16x16
  RenderBlock (positioned) {DIV} at (444,192) size 16x16
layer at (456,192) size 16x16
  RenderBlock (positioned) {DIV} at (456,192) size 16x16
layer at (468,192) size 16x16
  RenderBlock (positioned) {DIV} at (468,192) size 16x16
layer at (480,192) size 16x16
  RenderBlock (positioned) {DIV} at (480,192) size 16x16
layer at (12,204) size 16x16
  RenderBlock (positioned) {DIV} at (12,204) size 16x16
layer at (24,204) size 16x16
  RenderBlock (positioned) {DIV} at (24,204) size 16x16
layer at (36,204) size 16x16
  RenderBlock (positioned) {DIV} at (36,204) size 16x16
layer at (48,204) size 16x16
  RenderBlock (positioned) {DIV} at (48,204) size 16x16
layer at (60,204) size 16x16
  RenderBlock (positioned) {DIV} at (60,204) size 16x16
layer at (72,204) size 16x16
  RenderBlock (positioned) {DIV} at (72,204) size 16x16
layer at (84,204) size 16x16
  RenderBlock (positioned) {DIV} at (84,204) size 16x16
layer at (96,204) size 16x16
  RenderBlock (positioned) {DIV} at (96,204) size 16x16
layer at (108,204) size 16x16
  RenderBlock (positioned) {DIV} at (108,204) size 16x16
layer at (120,204) size 16x16
  RenderBlock (positioned) {DIV} at (120,204) size 16x16
layer at (132,204) size 16x16
  RenderBlock (positioned) {DIV} at (132,204) size 16x16
layer at (144,204) size 16x16
  RenderBlock (positioned) {DIV} at (144,204) size 16x16
layer at (156,204) size 16x16
  RenderBlock (positioned) {DIV} at (156,204) size 16x16
layer at (168,204) size 16x16
  RenderBlock (positioned) {DIV} at (168,204) size 16x16
layer at (180,204) size 16x16
  RenderBlock (positioned) {DIV} at (180,204) size 16x16
layer at (192,204) size 16x16
  RenderBlock (positioned) {DIV} at (192,204) size 16x16
layer at (204,204) size 16x16
  RenderBlock (positioned) {DIV} at (204,204) size 16x16
layer at (216,204) size 16x16
  RenderBlock (positioned) {DIV} at (216,204) size 16x16
layer at (228,204) size 16x16
  RenderBlock (positioned) {DIV} at (228,204) size 16x16
layer at (240,204) size 16x16
  RenderBlock (positioned) {DIV} at (240,204) size 16x16
layer at (252,204) size 16x16
  RenderBlock (positioned) {DIV} at (252,204) size 16x16
layer at (264,204) size 16x16
  RenderBlock (positioned) {DIV} at (264,204) size 16x16
layer at (276,204) size 16x16
  RenderBlock (positioned) {DIV} at (276,204) size 16x16
layer at (288,204) size 16x16
  RenderBlock (positioned) {DIV} at (288,204) size 16x16
layer at (300,204) size 16x16
  RenderBlock (positioned) {DIV} at (300,204) size 16x16
layer at (312,204) size 16x16
  RenderBlock (positioned) {DIV} at (312,204) size 16x16
layer at (324,204) size 16x16
  RenderBlock (positioned) {DIV} at (324,204) size 16x16
layer at (336,204) size 16x16
  RenderBlock (positioned) {DIV} at (336,204) size 16x16
layer at (348,204) size 16x16
  RenderBlock (positioned) {DIV} at (348,204) size 16x16
layer at (360,204) size 16x16
  RenderBlock (positioned) {DIV} at (360,204) size 16x16
layer at (372,204) size 16x16
  RenderBlock (positioned) {DIV} at (372,204) size 16x16
layer at (384,204) size 16x16
  RenderBlock (positioned) {DIV} at (384,204) size 16x16
layer at (396,204) size 16x16
  RenderBlock (positioned) {DIV} at (396,204) size 16x16
layer at (408,204) size 16x16
  RenderBlock (positioned) {DIV} at (408,204) size 16x16
layer at (420,204) size 16x16
  RenderBlock (positioned) {DIV} at (420,204) size 16x16
layer at (432,204) size 16x16
  RenderBlock (positioned) {DIV} at (432,204) size 16x16
layer at (444,204) size 16x16
  RenderBlock (positioned) {DIV} at (444,204) size 16x16
layer at (456,204) size 16x16
  RenderBlock (positioned) {DIV} at (456,204) size 16x16
layer at (468,204) size 16x16
  RenderBlock (positioned) {DIV} at (468,204) size 16x16
layer at (480,204) size 16x16
  RenderBlock (positioned) {DIV} at (480,204) size 16x16
layer at (12,216) size 16x16
  RenderBlock (positioned) {DIV} at (12,216) size 16x16
layer at (24,216) size 16x16
  RenderBlock (positioned) {DIV} at (24,216) size 16x16
layer at (36,216) size 16x16
  RenderBlock (positioned) {DIV} at (36,216) size 16x16
layer at (48,216) size 16x16
  RenderBlock (positioned) {DIV} at (48,216) size 16x16
layer at (60,216) size 16x16
  RenderBlock (positioned) {DIV} at (60,216) size 16x16
layer at (72,216) size 16x16
  RenderBlock (positioned) {DIV} at (72,216) size 16x16
layer at (84,216) size 16x16
  RenderBlock (positioned) {DIV} at (84,216) size 16x16
layer at (96,216) size 16x16
  RenderBlock (positioned) {DIV} at (96,216) size 16x16
layer at (108,216) size 16x16
  RenderBlock (positioned) {DIV} at (108,216) size 16x16
layer at (120,216) size 16x16
  RenderBlock (positioned) {DIV} at (120,216) size 16x16
layer at (132,216) size 16x16
  RenderBlock (positioned) {DIV} at (132,216) size 16x16
layer at (144,216) size 16x16
  RenderBlock (positioned) {DIV} at (144,216) size 16x16
layer at (156,216) size 16x16
  RenderBlock (positioned) {DIV} at (156,216) size 16x16
layer at (168,216) size 16x16
  RenderBlock (positioned) {DIV} at (168,216) size 16x16
layer at (180,216) size 16x16
  RenderBlock (positioned) {DIV} at (180,216) size 16x16
layer at (192,216) size 16x16
  RenderBlock (positioned) {DIV} at (192,216) size 16x16
layer at (204,216) size 16x16
  RenderBlock (positioned) {DIV} at (204,216) size 16x16
layer at (216,216) size 16x16
  RenderBlock (positioned) {DIV} at (216,216) size 16x16
layer at (228,216) size 16x16
  RenderBlock (positioned) {DIV} at (228,216) size 16x16
layer at (240,216) size 16x16
  RenderBlock (positioned) {DIV} at (240,216) size 16x16
layer at (252,216) size 16x16
  RenderBlock (positioned) {DIV} at (252,216) size 16x16
layer at (264,216) size 16x16
  RenderBlock (positioned) {DIV} at (264,216) size 16x16
layer at (276,216) size 16x16
  RenderBlock (positioned) {DIV} at (276,216) size 16x16
layer at (288,216) size 16x16
  RenderBlock (positioned) {DIV} at (288,216) size 16x16
layer at (300,216) size 16x16
  RenderBlock (positioned) {DIV} at (300,216) size 16x16
layer at (312,216) size 16x16
  RenderBlock (positioned) {DIV} at (312,216) size 16x16
layer at (324,216) size 16x16
  RenderBlock (positioned) {DIV} at (324,216) size 16x16
layer at (336,216) size 16x16
  RenderBlock (positioned) {DIV} at (336,216) size 16x16
layer at (348,216) size 16x16
  RenderBlock (positioned) {DIV} at (348,216) size 16x16
layer at (360,216) size 16x16
  RenderBlock (positioned) {DIV} at (360,216) size 16x16
layer at (372,216) size 16x16
  RenderBlock (positioned) {DIV} at (372,216) size 16x16
layer at (384,216) size 16x16
  RenderBlock (positioned) {DIV} at (384,216) size 16x16
layer at (396,216) size 16x16
  RenderBlock (positioned) {DIV} at (396,216) size 16x16
layer at (408,216) size 16x16
  RenderBlock (positioned) {DIV} at (408,216) size 16x16
layer at (420,216) size 16x16
  RenderBlock (positioned) {DIV} at (420,216) size 16x16
layer at (432,216) size 16x16
  RenderBlock (positioned) {DIV} at (432,216) size 16x16
layer at (444,216) size 16x16
  RenderBlock (positioned) {DIV} at (444,216) size 16x16
layer at (456,216) size 16x16
  RenderBlock (positioned) {DIV} at (456,216) size 16x16
layer at (468,216) size 16x16
  RenderBlock (positioned) {DIV} at (468,216) size 16x16
layer at (480,216) size 16x16
  RenderBlock (positioned) {DIV} at (480,216) size 16x16
layer at (12,228) size 16x16
  RenderBlock (positioned) {DIV} at (12,228) size 16x16
layer at (24,228) size 16x16
  RenderBlock (positioned) {DIV} at (24,228) size 16x16
layer at (36,228) size 16x16
  RenderBlock (positioned) {DIV} at (36,228) size 16x16
layer at (48,228) size 16x16
  RenderBlock (positioned) {DIV} at (48,228) size 16x16
layer at (60,228) size 16x16
  RenderBlock (positioned) {DIV} at (60,228) size 16x16
layer at (72,228) size 16x16
  RenderBlock (positioned) {DIV} at (72,228) size 16x16
layer at (84,228) size 16x16
  RenderBlock (positioned) {DIV} at (84,228) size 16x16
layer at (96,228) size 16x16
  RenderBlock (positioned) {DIV} at (96,228) size 16x16
layer at (108,228) size 16x16
  RenderBlock (positioned) {DIV} at (108,228) size 16x16
layer at (120,228) size 16x16
  RenderBlock (positioned) {DIV} at (120,228) size 16x16
layer at (132,228) size 16x16
  RenderBlock (positioned) {DIV} at (132,228) size 16x16
layer at (144,228) size 16x16
  RenderBlock (positioned) {DIV} at (144,228) size 16x16
layer at (156,228) size 16x16
  RenderBlock (positioned) {DIV} at (156,228) size 16x16
layer at (168,228) size 16x16
  RenderBlock (positioned) {DIV} at (168,228) size 16x16
layer at (180,228) size 16x16
  RenderBlock (positioned) {DIV} at (180,228) size 16x16
layer at (192,228) size 16x16
  RenderBlock (positioned) {DIV} at (192,228) size 16x16
layer at (204,228) size 16x16
  RenderBlock (positioned) {DIV} at (204,228) size 16x16
layer at (216,228) size 16x16
  RenderBlock (positioned) {DIV} at (216,228) size 16x16
layer at (228,228) size 16x16
  RenderBlock (positioned) {DIV} at (228,228) size 16x16
layer at (240,228) size 16x16
  RenderBlock (positioned) {DIV} at (240,228) size 16x16
layer at (252,228) size 16x16
  RenderBlock (positioned) {DIV} at (252,228) size 16x16
layer at (264,228) size 16x16
  RenderBlock (positioned) {DIV} at (264,228) size 16x16
layer at (276,228) size 16x16
  RenderBlock (positioned) {DIV} at (276,228) size 16x16
layer at (288,228) size 16x16
  RenderBlock (positioned) {DIV} at (288,228) size 16x16
layer at (300,228) size 16x16
  RenderBlock (positioned) {DIV} at (300,228) size 16x16
layer at (312,228) size 16x16
  RenderBlock (positioned) {DIV} at (312,228) size 16x16
layer at (324,228) size 16x16
  RenderBlock (positioned) {DIV} at (324,228) size 16x16
layer at (336,228) size 16x16
  RenderBlock (positioned) {DIV} at (336,228) size 16x16
layer at (348,228) size 16x16
  RenderBlock (positioned) {DIV} at (348,228) size 16x16
layer at (360,228) size 16x16
  RenderBlock (positioned) {DIV} at (360,228) size 16x16
layer at (372,228) size 16x16
  RenderBlock (positioned) {DIV} at (372,228) size 16x16
layer at (384,228) size 16x16
  RenderBlock (positioned) {DIV} at (384,228) size 16x16
layer at (396,228) size 16x16
  RenderBlock (positioned) {DIV} at (396,228) size 16x16
layer at (408,228) size 16x16
  RenderBlock (positioned) {DIV} at (408,228) size 16x16
layer at (420,228) size 16x16
  RenderBlock (positioned) {DIV} at (420,228) size 16x16
layer at (432,228) size 16x16
  RenderBlock (positioned) {DIV} at (432,228) size 16x16
layer at (444,228) size 16x16
  RenderBlock (positioned) {DIV} at (444,228) size 16x16
layer at (456,228) size 16x16
  RenderBlock (positioned) {DIV} at (456,228) size 16x16
layer at (468,228) size 16x16
  RenderBlock (positioned) {DIV} at (468,228) size 16x16
layer at (480,228) size 16x16
  RenderBlock (positioned) {DIV} at (480,228) size 16x16
layer at (12,240) size 16x16
  RenderBlock (positioned) {DIV} at (12,240) size 16x16
layer at (24,240) size 16x16
  RenderBlock (positioned) {DIV} at (24,240) size 16x16
layer at (36,240) size 16x16
  RenderBlock (positioned) {DIV} at (36,240) size 16x16
layer at (48,240) size 16x16
  RenderBlock (positioned) {DIV} at (48,240) size 16x16
layer at (60,240) size 16x16
  RenderBlock (positioned) {DIV} at (60,240) size 16x16
layer at (72,240) size 16x16
  RenderBlock (positioned) {DIV} at (72,240) size 16x16
layer at (84,240) size 16x16
  RenderBlock (positioned) {DIV} at (84,240) size 16x16
layer at (96,240) size 16x16
  RenderBlock (positioned) {DIV} at (96,240) size 16x16
layer at (108,240) size 16x16
  RenderBlock (positioned) {DIV} at (108,240) size 16x16
layer at (120,240) size 16x16
  RenderBlock (positioned) {DIV} at (120,240) size 16x16
layer at (132,240) size 16x16
  RenderBlock (positioned) {DIV} at (132,240) size 16x16
layer at (144,240) size 16x16
  RenderBlock (positioned) {DIV} at (144,240) size 16x16
layer at (156,240) size 16x16
  RenderBlock (positioned) {DIV} at (156,240) size 16x16
layer at (168,240) size 16x16
  RenderBlock (positioned) {DIV} at (168,240) size 16x16
layer at (180,240) size 16x16
  RenderBlock (positioned) {DIV} at (180,240) size 16x16
layer at (192,240) size 16x16
  RenderBlock (positioned) {DIV} at (192,240) size 16x16
layer at (204,240) size 16x16
  RenderBlock (positioned) {DIV} at (204,240) size 16x16
layer at (216,240) size 16x16
  RenderBlock (positioned) {DIV} at (216,240) size 16x16
layer at (228,240) size 16x16
  RenderBlock (positioned) {DIV} at (228,240) size 16x16
layer at (240,240) size 16x16
  RenderBlock (positioned) {DIV} at (240,240) size 16x16
layer at (252,240) size 16x16
  RenderBlock (positioned) {DIV} at (252,240) size 16x16
layer at (264,240) size 16x16
  RenderBlock (positioned) {DIV} at (264,240) size 16x16
layer at (276,240) size 16x16
  RenderBlock (positioned) {DIV} at (276,240) size 16x16
layer at (288,240) size 16x16
  RenderBlock (positioned) {DIV} at (288,240) size 16x16
layer at (300,240) size 16x16
  RenderBlock (positioned) {DIV} at (300,240) size 16x16
layer at (312,240) size 16x16
  RenderBlock (positioned) {DIV} at (312,240) size 16x16
layer at (324,240) size 16x16
  RenderBlock (positioned) {DIV} at (324,240) size 16x16
layer at (336,240) size 16x16
  RenderBlock (positioned) {DIV} at (336,240) size 16x16
layer at (348,240) size 16x16
  RenderBlock (positioned) {DIV} at (348,240) size 16x16
layer at (360,240) size 16x16
  RenderBlock (positioned) {DIV} at (360,240) size 16x16
layer at (372,240) size 16x16
  RenderBlock (positioned) {DIV} at (372,240) size 16x16
layer at (384,240) size 16x16
  RenderBlock (positioned) {DIV} at (384,240) size 16x16
layer at (396,240) size 16x16
  RenderBlock (positioned) {DIV} at (396,240) size 16x16
layer at (408,240) size 16x16
  RenderBlock (positioned) {DIV} at (408,240) size 16x16
layer at (420,240) size 16x16
  RenderBlock (positioned) {DIV} at (420,240) size 16x16
layer at (432,240) size 16x16
  RenderBlock (positioned) {DIV} at (432,240) size 16x16
layer at (444,240) size 16x16
  RenderBlock (positioned) {DIV} at (444,240) size 16x16
layer at (456,240) size 16x16
  RenderBlock (positioned) {DIV} at (456,240) size 16x16
layer at (468,240) size 16x16
  RenderBlock (positioned) {DIV} at (468,240) size 16x16
layer at (480,240) size 16x16
  RenderBlock (positioned) {DIV} at (480,240) size 16x16
layer at (12,252) size 16x16
  RenderBlock (positioned) {DIV} at (12,252) size 16x16
layer at (24,252) size 16x16
  RenderBlock (positioned) {DIV} at (24,252) size 16x16
layer at (36,252) size 16x16
  RenderBlock (positioned) {DIV} at (36,252) size 16x16
layer at (48,252) size 16x16
  RenderBlock (positioned) {DIV} at (48,252) size 16x16
layer at (60,252) size 16x16
  RenderBlock (positioned) {DIV} at (60,252) size 16x16
layer at (72,252) size 16x16
  RenderBlock (positioned) {DIV} at (72,252) size 16x16
layer at (84,252) size 16x16
  RenderBlock (positioned) {DIV} at (84,252) size 16x16
layer at (96,252) size 16x16
  RenderBlock (positioned) {DIV} at (96,252) size 16x16
layer at (108,252) size 16x16
  RenderBlock (positioned) {DIV} at (108,252) size 16x16
layer at (120,252) size 16x16
  RenderBlock (positioned) {DIV} at (120,252) size 16x16
layer at (132,252) size 16x16
  RenderBlock (positioned) {DIV} at (132,252) size 16x16
layer at (144,252) size 16x16
  RenderBlock (positioned) {DIV} at (144,252) size 16x16
layer at (156,252) size 16x16
  RenderBlock (positioned) {DIV} at (156,252) size 16x16
layer at (168,252) size 16x16
  RenderBlock (positioned) {DIV} at (168,252) size 16x16
layer at (180,252) size 16x16
  RenderBlock (positioned) {DIV} at (180,252) size 16x16
layer at (192,252) size 16x16
  RenderBlock (positioned) {DIV} at (192,252) size 16x16
layer at (204,252) size 16x16
  RenderBlock (positioned) {DIV} at (204,252) size 16x16
layer at (216,252) size 16x16
  RenderBlock (positioned) {DIV} at (216,252) size 16x16
layer at (228,252) size 16x16
  RenderBlock (positioned) {DIV} at (228,252) size 16x16
layer at (240,252) size 16x16
  RenderBlock (positioned) {DIV} at (240,252) size 16x16
layer at (252,252) size 16x16
  RenderBlock (positioned) {DIV} at (252,252) size 16x16
layer at (264,252) size 16x16
  RenderBlock (positioned) {DIV} at (264,252) size 16x16
layer at (276,252) size 16x16
  RenderBlock (positioned) {DIV} at (276,252) size 16x16
layer at (288,252) size 16x16
  RenderBlock (positioned) {DIV} at (288,252) size 16x16
layer at (300,252) size 16x16
  RenderBlock (positioned) {DIV} at (300,252) size 16x16
layer at (312,252) size 16x16
  RenderBlock (positioned) {DIV} at (312,252) size 16x16
layer at (324,252) size 16x16
  RenderBlock (positioned) {DIV} at (324,252) size 16x16
layer at (336,252) size 16x16
  RenderBlock (positioned) {DIV} at (336,252) size 16x16
layer at (348,252) size 16x16
  RenderBlock (positioned) {DIV} at (348,252) size 16x16
layer at (360,252) size 16x16
  RenderBlock (positioned) {DIV} at (360,252) size 16x16
layer at (372,252) size 16x16
  RenderBlock (positioned) {DIV} at (372,252) size 16x16
layer at (384,252) size 16x16
  RenderBlock (positioned) {DIV} at (384,252) size 16x16
layer at (396,252) size 16x16
  RenderBlock (positioned) {DIV} at (396,252) size 16x16
layer at (408,252) size 16x16
  RenderBlock (positioned) {DIV} at (408,252) size 16x16
layer at (420,252) size 16x16
  RenderBlock (positioned) {DIV} at (420,252) size 16x16
layer at (432,252) size 16x16
  RenderBlock (positioned) {DIV} at (432,252) size 16x16
layer at (444,252) size 16x16
  RenderBlock (positioned) {DIV} at (444,252) size 16x16
layer at (456,252) size 16x16
  RenderBlock (positioned) {DIV} at (456,252) size 16x16
layer at (468,252) size 16x16
  RenderBlock (positioned) {DIV} at (468,252) size 16x16
layer at (480,252) size 16x16
  RenderBlock (positioned) {DIV} at (480,252) size 16x16
layer at (12,264) size 16x16
  RenderBlock (positioned) {DIV} at (12,264) size 16x16
layer at (24,264) size 16x16
  RenderBlock (positioned) {DIV} at (24,264) size 16x16
layer at (36,264) size 16x16
  RenderBlock (positioned) {DIV} at (36,264) size 16x16
layer at (48,264) size 16x16
  RenderBlock (positioned) {DIV} at (48,264) size 16x16
layer at (60,264) size 16x16
  RenderBlock (positioned) {DIV} at (60,264) size 16x16
layer at (72,264) size 16x16
  RenderBlock (positioned) {DIV} at (72,264) size 16x16
layer at (84,264) size 16x16
  RenderBlock (positioned) {DIV} at (84,264) size 16x16
layer at (96,264) size 16x16
  RenderBlock (positioned) {DIV} at (96,264) size 16x16
layer at (108,264) size 16x16
  RenderBlock (positioned) {DIV} at (108,264) size 16x16
layer at (120,264) size 16x16
  RenderBlock (positioned) {DIV} at (120,264) size 16x16
layer at (132,264) size 16x16
  RenderBlock (positioned) {DIV} at (132,264) size 16x16
layer at (144,264) size 16x16
  RenderBlock (positioned) {DIV} at (144,264) size 16x16
layer at (156,264) size 16x16
  RenderBlock (positioned) {DIV} at (156,264) size 16x16
layer at (168,264) size 16x16
  RenderBlock (positioned) {DIV} at (168,264) size 16x16
layer at (180,264) size 16x16
  RenderBlock (positioned) {DIV} at (180,264) size 16x16
layer at (192,264) size 16x16
  RenderBlock (positioned) {DIV} at (192,264) size 16x16
layer at (204,264) size 16x16
  RenderBlock (positioned) {DIV} at (204,264) size 16x16
layer at (216,264) size 16x16
  RenderBlock (positioned) {DIV} at (216,264) size 16x16
layer at (228,264) size 16x16
  RenderBlock (positioned) {DIV} at (228,264) size 16x16
layer at (240,264) size 16x16
  RenderBlock (positioned) {DIV} at (240,264) size 16x16
layer at (252,264) size 16x16
  RenderBlock (positioned) {DIV} at (252,264) size 16x16
layer at (264,264) size 16x16
  RenderBlock (positioned) {DIV} at (264,264) size 16x16
layer at (276,264) size 16x16
  RenderBlock (positioned) {DIV} at (276,264) size 16x16
layer at (288,264) size 16x16
  RenderBlock (positioned) {DIV} at (288,264) size 16x16
layer at (300,264) size 16x16
  RenderBlock (positioned) {DIV} at (300,264) size 16x16
layer at (312,264) size 16x16
  RenderBlock (positioned) {DIV} at (312,264) size 16x16
layer at (324,264) size 16x16
  RenderBlock (positioned) {DIV} at (324,264) size 16x16
layer at (336,264) size 16x16
  RenderBlock (positioned) {DIV} at (336,264) size 16x16
layer at (348,264) size 16x16
  RenderBlock (positioned) {DIV} at (348,264) size 16x16
layer at (360,264) size 16x16
  RenderBlock (positioned) {DIV} at (360,264) size 16x16
layer at (372,264) size 16x16
  RenderBlock (positioned) {DIV} at (372,264) size 16x16
layer at (384,264) size 16x16
  RenderBlock (positioned) {DIV} at (384,264) size 16x16
layer at (396,264) size 16x16
  RenderBlock (positioned) {DIV} at (396,264) size 16x16
layer at (408,264) size 16x16
  RenderBlock (positioned) {DIV} at (408,264) size 16x16
layer at (420,264) size 16x16
  RenderBlock (positioned) {DIV} at (420,264) size 16x16
layer at (432,264) size 16x16
  RenderBlock (positioned) {DIV} at (432,264) size 16x16
layer at (444,264) size 16x16
  RenderBlock (positioned) {DIV} at (444,264) size 16x16
layer at (456,264) size 16x16
  RenderBlock (positioned) {DIV} at (456,264) size 16x16
layer at (468,264) size 16x16
  RenderBlock (positioned) {DIV} at (468,264) size 16x16
layer at (480,264) size 16x16
  RenderBlock (positioned) {DIV} at (480,264) size 16x16
layer at (12,276) size 16x16
  RenderBlock (positioned) {DIV} at (12,276) size 16x16
layer at (24,276) size 16x16
  RenderBlock (positioned) {DIV} at (24,276) size 16x16
layer at (36,276) size 16x16
  RenderBlock (positioned) {DIV} at (36,276) size 16x16
layer at (48,276) size 16x16
  RenderBlock (positioned) {DIV} at (48,276) size 16x16
layer at (60,276) size 16x16
  RenderBlock (positioned) {DIV} at (60,276) size 16x16
layer at (72,276) size 16x16
  RenderBlock (positioned) {DIV} at (72,276) size 16x16
layer at (84,276) size 16x16
  RenderBlock (positioned) {DIV} at (84,276) size 16x16
layer at (96,276) size 16x16
  RenderBlock (positioned) {DIV} at (96,276) size 16x16
layer at (108,276) size 16x16
  RenderBlock (positioned) {DIV} at (108,276) size 16x16
layer at (120,276) size 16x16
  RenderBlock (positioned) {DIV} at (120,276) size 16x16
layer at (132,276) size 16x16
  RenderBlock (positioned) {DIV} at (132,276) size 16x16
layer at (144,276) size 16x16
  RenderBlock (positioned) {DIV} at (144,276) size 16x16
layer at (156,276) size 16x16
  RenderBlock (positioned) {DIV} at (156,276) size 16x16
layer at (168,276) size 16x16
  RenderBlock (positioned) {DIV} at (168,276) size 16x16
layer at (180,276) size 16x16
  RenderBlock (positioned) {DIV} at (180,276) size 16x16
layer at (192,276) size 16x16
  RenderBlock (positioned) {DIV} at (192,276) size 16x16
layer at (204,276) size 16x16
  RenderBlock (positioned) {DIV} at (204,276) size 16x16
layer at (216,276) size 16x16
  RenderBlock (positioned) {DIV} at (216,276) size 16x16
layer at (228,276) size 16x16
  RenderBlock (positioned) {DIV} at (228,276) size 16x16
layer at (240,276) size 16x16
  RenderBlock (positioned) {DIV} at (240,276) size 16x16
layer at (252,276) size 16x16
  RenderBlock (positioned) {DIV} at (252,276) size 16x16
layer at (264,276) size 16x16
  RenderBlock (positioned) {DIV} at (264,276) size 16x16
layer at (276,276) size 16x16
  RenderBlock (positioned) {DIV} at (276,276) size 16x16
layer at (288,276) size 16x16
  RenderBlock (positioned) {DIV} at (288,276) size 16x16
layer at (300,276) size 16x16
  RenderBlock (positioned) {DIV} at (300,276) size 16x16
layer at (312,276) size 16x16
  RenderBlock (positioned) {DIV} at (312,276) size 16x16
layer at (324,276) size 16x16
  RenderBlock (positioned) {DIV} at (324,276) size 16x16
layer at (336,276) size 16x16
  RenderBlock (positioned) {DIV} at (336,276) size 16x16
layer at (348,276) size 16x16
  RenderBlock (positioned) {DIV} at (348,276) size 16x16
layer at (360,276) size 16x16
  RenderBlock (positioned) {DIV} at (360,276) size 16x16
layer at (372,276) size 16x16
  RenderBlock (positioned) {DIV} at (372,276) size 16x16
layer at (384,276) size 16x16
  RenderBlock (positioned) {DIV} at (384,276) size 16x16
layer at (396,276) size 16x16
  RenderBlock (positioned) {DIV} at (396,276) size 16x16
layer at (408,276) size 16x16
  RenderBlock (positioned) {DIV} at (408,276) size 16x16
layer at (420,276) size 16x16
  RenderBlock (positioned) {DIV} at (420,276) size 16x16
layer at (432,276) size 16x16
  RenderBlock (positioned) {DIV} at (432,276) size 16x16
layer at (444,276) size 16x16
  RenderBlock (positioned) {DIV} at (444,276) size 16x16
layer at (456,276) size 16x16
  RenderBlock (positioned) {DIV} at (456,276) size 16x16
layer at (468,276) size 16x16
  RenderBlock (positioned) {DIV} at (468,276) size 16x16
layer at (480,276) size 16x16
  RenderBlock (positioned) {DIV} at (480,276) size 16x16
layer at (12,288) size 16x16
  RenderBlock (positioned) {DIV} at (12,288) size 16x16
layer at (24,288) size 16x16
  RenderBlock (positioned) {DIV} at (24,288) size 16x16
layer at (36,288) size 16x16
  RenderBlock (positioned) {DIV} at (36,288) size 16x16
layer at (48,288) size 16x16
  RenderBlock (positioned) {DIV} at (48,288) size 16x16
layer at (60,288) size 16x16
  RenderBlock (positioned) {DIV} at (60,288) size 16x16
layer at (72,288) size 16x16
  RenderBlock (positioned) {DIV} at (72,288) size 16x16
layer at (84,288) size 16x16
  RenderBlock (positioned) {DIV} at (84,288) size 16x16
layer at (96,288) size 16x16
  RenderBlock (positioned) {DIV} at (96,288) size 16x16
layer at (108,288) size 16x16
  RenderBlock (positioned) {DIV} at (108,288) size 16x16
layer at (120,288) size 16x16
  RenderBlock (positioned) {DIV} at (120,288) size 16x16
layer at (132,288) size 16x16
  RenderBlock (positioned) {DIV} at (132,288) size 16x16
layer at (144,288) size 16x16
  RenderBlock (positioned) {DIV} at (144,288) size 16x16
layer at (156,288) size 16x16
  RenderBlock (positioned) {DIV} at (156,288) size 16x16
layer at (168,288) size 16x16
  RenderBlock (positioned) {DIV} at (168,288) size 16x16
layer at (180,288) size 16x16
  RenderBlock (positioned) {DIV} at (180,288) size 16x16
layer at (192,288) size 16x16
  RenderBlock (positioned) {DIV} at (192,288) size 16x16
layer at (204,288) size 16x16
  RenderBlock (positioned) {DIV} at (204,288) size 16x16
layer at (216,288) size 16x16
  RenderBlock (positioned) {DIV} at (216,288) size 16x16
layer at (228,288) size 16x16
  RenderBlock (positioned) {DIV} at (228,288) size 16x16
layer at (240,288) size 16x16
  RenderBlock (positioned) {DIV} at (240,288) size 16x16
layer at (252,288) size 16x16
  RenderBlock (positioned) {DIV} at (252,288) size 16x16
layer at (264,288) size 16x16
  RenderBlock (positioned) {DIV} at (264,288) size 16x16
layer at (276,288) size 16x16
  RenderBlock (positioned) {DIV} at (276,288) size 16x16
layer at (288,288) size 16x16
  RenderBlock (positioned) {DIV} at (288,288) size 16x16
layer at (300,288) size 16x16
  RenderBlock (positioned) {DIV} at (300,288) size 16x16
layer at (312,288) size 16x16
  RenderBlock (positioned) {DIV} at (312,288) size 16x16
layer at (324,288) size 16x16
  RenderBlock (positioned) {DIV} at (324,288) size 16x16
layer at (336,288) size 16x16
  RenderBlock (positioned) {DIV} at (336,288) size 16x16
layer at (348,288) size 16x16
  RenderBlock (positioned) {DIV} at (348,288) size 16x16
layer at (360,288) size 16x16
  RenderBlock (positioned) {DIV} at (360,288) size 16x16
layer at (372,288) size 16x16
  RenderBlock (positioned) {DIV} at (372,288) size 16x16
layer at (384,288) size 16x16
  RenderBlock (positioned) {DIV} at (384,288) size 16x16
layer at (396,288) size 16x16
  RenderBlock (positioned) {DIV} at (396,288) size 16x16
layer at (408,288) size 16x16
  RenderBlock (positioned) {DIV} at (408,288) size 16x16
layer at (420,288) size 16x16
  RenderBlock (positioned) {DIV} at (420,288) size 16x16
layer at (432,288) size 16x16
  RenderBlock (positioned) {DIV} at (432,288) size 16x16
layer at (444,288) size 16x16
  RenderBlock (positioned) {DIV} at (444,288) size 16x16
layer at (456,288) size 16x16
  RenderBlock (positioned) {DIV} at (456,288) size 16x16
layer at (468,288) size 16x16
  RenderBlock (positioned) {DIV} at (468,288) size 16x16
layer at (480,288) size 16x16
  RenderBlock (positioned) {DIV} at (480,288) size 16x16
layer at (12,300) size 16x16
  RenderBlock (positioned) {DIV} at (12,300) size 16x16
layer at (24,300) size 16x16
  RenderBlock (positioned) {DIV} at (24,300) size 16x16
layer at (36,300) size 16x16
  RenderBlock (positioned) {DIV} at (36,300) size 16x16
layer at (48,300) size 16x16
  RenderBlock (positioned) {DIV} at (48,300) size 16x16
layer at (60,300) size 16x16
  RenderBlock (positioned) {DIV} at (60,300) size 16x16
layer at (72,300) size 16x16
  RenderBlock (positioned) {DIV} at (72,300) size 16x16
layer at (84,300) size 16x16
  RenderBlock (positioned) {DIV} at (84,300) size 16x16
layer at (96,300) size 16x16
  RenderBlock (positioned) {DIV} at (96,300) size 16x16
layer at (108,300) size 16x16
  RenderBlock (positioned) {DIV} at (108,300) size 16x16
layer at (120,300) size 16x16
  RenderBlock (positioned) {DIV} at (120,300) size 16x16
layer at (132,300) size 16x16
  RenderBlock (positioned) {DIV} at (132,300) size 16x16
layer at (144,300) size 16x16
  RenderBlock (positioned) {DIV} at (144,300) size 16x16
layer at (156,300) size 16x16
  RenderBlock (positioned) {DIV} at (156,300) size 16x16
layer at (168,300) size 16x16
  RenderBlock (positioned) {DIV} at (168,300) size 16x16
layer at (180,300) size 16x16
  RenderBlock (positioned) {DIV} at (180,300) size 16x16
layer at (192,300) size 16x16
  RenderBlock (positioned) {DIV} at (192,300) size 16x16
layer at (204,300) size 16x16
  RenderBlock (positioned) {DIV} at (204,300) size 16x16
layer at (216,300) size 16x16
  RenderBlock (positioned) {DIV} at (216,300) size 16x16
layer at (228,300) size 16x16
  RenderBlock (positioned) {DIV} at (228,300) size 16x16
layer at (240,300) size 16x16
  RenderBlock (positioned) {DIV} at (240,300) size 16x16
layer at (252,300) size 16x16
  RenderBlock (positioned) {DIV} at (252,300) size 16x16
layer at (264,300) size 16x16
  RenderBlock (positioned) {DIV} at (264,300) size 16x16
layer at (276,300) size 16x16
  RenderBlock (positioned) {DIV} at (276,300) size 16x16
layer at (288,300) size 16x16
  RenderBlock (positioned) {DIV} at (288,300) size 16x16
layer at (300,300) size 16x16
  RenderBlock (positioned) {DIV} at (300,300) size 16x16
layer at (312,300) size 16x16
  RenderBlock (positioned) {DIV} at (312,300) size 16x16
layer at (324,300) size 16x16
  RenderBlock (positioned) {DIV} at (324,300) size 16x16
layer at (336,300) size 16x16
  RenderBlock (positioned) {DIV} at (336,300) size 16x16
layer at (348,300) size 16x16
  RenderBlock (positioned) {DIV} at (348,300) size 16x16
layer at (360,300) size 16x16
  RenderBlock (positioned) {DIV} at (360,300) size 16x16
layer at (372,300) size 16x16
  RenderBlock (positioned) {DIV} at (372,300) size 16x16
layer at (384,300) size 16x16
  RenderBlock (positioned) {DIV} at (384,300) size 16x16
layer at (396,300) size 16x16
  RenderBlock (positioned) {DIV} at (396,300) size 16x16
layer at (408,300) size 16x16
  RenderBlock (positioned) {DIV} at (408,300) size 16x16
layer at (420,300) size 16x16
  RenderBlock (positioned) {DIV} at (420,300) size 16x16
layer at (432,300) size 16x16
  RenderBlock (positioned) {DIV} at (432,300) size 16x16
layer at (444,300) size 16x16
  RenderBlock (positioned) {DIV} at (444,300) size 16x16
layer at (456,300) size 16x16
  RenderBlock (positioned) {DIV} at (456,300) size 16x16
layer at (468,300) size 16x16
  RenderBlock (positioned) {DIV} at (468,300) size 16x16
layer at (480,300) size 16x16
  RenderBlock (positioned) {DIV} at (480,300) size 16x16
layer at (12,312) size 16x16
  RenderBlock (positioned) {DIV} at (12,312) size 16x16
layer at (24,312) size 16x16
  RenderBlock (positioned) {DIV} at (24,312) size 16x16
layer at (36,312) size 16x16
  RenderBlock (positioned) {DIV} at (36,312) size 16x16
layer at (48,312) size 16x16
  RenderBlock (positioned) {DIV} at (48,312) size 16x16
layer at (60,312) size 16x16
  RenderBlock (positioned) {DIV} at (60,312) size 16x16
layer at (72,312) size 16x16
  RenderBlock (positioned) {DIV} at (72,312) size 16x16
layer at (84,312) size 16x16
  RenderBlock (positioned) {DIV} at (84,312) size 16x16
layer at (96,312) size 16x16
  RenderBlock (positioned) {DIV} at (96,312) size 16x16
layer at (108,312) size 16x16
  RenderBlock (positioned) {DIV} at (108,312) size 16x16
layer at (120,312) size 16x16
  RenderBlock (positioned) {DIV} at (120,312) size 16x16
layer at (132,312) size 16x16
  RenderBlock (positioned) {DIV} at (132,312) size 16x16
layer at (144,312) size 16x16
  RenderBlock (positioned) {DIV} at (144,312) size 16x16
layer at (156,312) size 16x16
  RenderBlock (positioned) {DIV} at (156,312) size 16x16
layer at (168,312) size 16x16
  RenderBlock (positioned) {DIV} at (168,312) size 16x16
layer at (180,312) size 16x16
  RenderBlock (positioned) {DIV} at (180,312) size 16x16
layer at (192,312) size 16x16
  RenderBlock (positioned) {DIV} at (192,312) size 16x16
layer at (204,312) size 16x16
  RenderBlock (positioned) {DIV} at (204,312) size 16x16
layer at (216,312) size 16x16
  RenderBlock (positioned) {DIV} at (216,312) size 16x16
layer at (228,312) size 16x16
  RenderBlock (positioned) {DIV} at (228,312) size 16x16
layer at (240,312) size 16x16
  RenderBlock (positioned) {DIV} at (240,312) size 16x16
layer at (252,312) size 16x16
  RenderBlock (positioned) {DIV} at (252,312) size 16x16
layer at (264,312) size 16x16
  RenderBlock (positioned) {DIV} at (264,312) size 16x16
layer at (276,312) size 16x16
  RenderBlock (positioned) {DIV} at (276,312) size 16x16
layer at (288,312) size 16x16
  RenderBlock (positioned) {DIV} at (288,312) size 16x16
layer at (300,312) size 16x16
  RenderBlock (positioned) {DIV} at (300,312) size 16x16
layer at (312,312) size 16x16
  RenderBlock (positioned) {DIV} at (312,312) size 16x16
layer at (324,312) size 16x16
  RenderBlock (positioned) {DIV} at (324,312) size 16x16
layer at (336,312) size 16x16
  RenderBlock (positioned) {DIV} at (336,312) size 16x16
layer at (348,312) size 16x16
  RenderBlock (positioned) {DIV} at (348,312) size 16x16
layer at (360,312) size 16x16
  RenderBlock (positioned) {DIV} at (360,312) size 16x16
layer at (372,312) size 16x16
  RenderBlock (positioned) {DIV} at (372,312) size 16x16
layer at (384,312) size 16x16
  RenderBlock (positioned) {DIV} at (384,312) size 16x16
layer at (396,312) size 16x16
  RenderBlock (positioned) {DIV} at (396,312) size 16x16
layer at (408,312) size 16x16
  RenderBlock (positioned) {DIV} at (408,312) size 16x16
layer at (420,312) size 16x16
  RenderBlock (positioned) {DIV} at (420,312) size 16x16
layer at (432,312) size 16x16
  RenderBlock (positioned) {DIV} at (432,312) size 16x16
layer at (444,312) size 16x16
  RenderBlock (positioned) {DIV} at (444,312) size 16x16
layer at (456,312) size 16x16
  RenderBlock (positioned) {DIV} at (456,312) size 16x16
layer at (468,312) size 16x16
  RenderBlock (positioned) {DIV} at (468,312) size 16x16
layer at (480,312) size 16x16
  RenderBlock (positioned) {DIV} at (480,312) size 16x16
layer at (12,324) size 16x16
  RenderBlock (positioned) {DIV} at (12,324) size 16x16
layer at (24,324) size 16x16
  RenderBlock (positioned) {DIV} at (24,324) size 16x16
layer at (36,324) size 16x16
  RenderBlock (positioned) {DIV} at (36,324) size 16x16
layer at (48,324) size 16x16
  RenderBlock (positioned) {DIV} at (48,324) size 16x16
layer at (60,324) size 16x16
  RenderBlock (positioned) {DIV} at (60,324) size 16x16
layer at (72,324) size 16x16
  RenderBlock (positioned) {DIV} at (72,324) size 16x16
layer at (84,324) size 16x16
  RenderBlock (positioned) {DIV} at (84,324) size 16x16
layer at (96,324) size 16x16
  RenderBlock (positioned) {DIV} at (96,324) size 16x16
layer at (108,324) size 16x16
  RenderBlock (positioned) {DIV} at (108,324) size 16x16
layer at (120,324) size 16x16
  RenderBlock (positioned) {DIV} at (120,324) size 16x16
layer at (132,324) size 16x16
  RenderBlock (positioned) {DIV} at (132,324) size 16x16
layer at (144,324) size 16x16
  RenderBlock (positioned) {DIV} at (144,324) size 16x16
layer at (156,324) size 16x16
  RenderBlock (positioned) {DIV} at (156,324) size 16x16
layer at (168,324) size 16x16
  RenderBlock (positioned) {DIV} at (168,324) size 16x16
layer at (180,324) size 16x16
  RenderBlock (positioned) {DIV} at (180,324) size 16x16
layer at (192,324) size 16x16
  RenderBlock (positioned) {DIV} at (192,324) size 16x16
layer at (204,324) size 16x16
  RenderBlock (positioned) {DIV} at (204,324) size 16x16
layer at (216,324) size 16x16
  RenderBlock (positioned) {DIV} at (216,324) size 16x16
layer at (228,324) size 16x16
  RenderBlock (positioned) {DIV} at (228,324) size 16x16
layer at (240,324) size 16x16
  RenderBlock (positioned) {DIV} at (240,324) size 16x16
layer at (252,324) size 16x16
  RenderBlock (positioned) {DIV} at (252,324) size 16x16
layer at (264,324) size 16x16
  RenderBlock (positioned) {DIV} at (264,324) size 16x16
layer at (276,324) size 16x16
  RenderBlock (positioned) {DIV} at (276,324) size 16x16
layer at (288,324) size 16x16
  RenderBlock (positioned) {DIV} at (288,324) size 16x16
layer at (300,324) size 16x16
  RenderBlock (positioned) {DIV} at (300,324) size 16x16
layer at (312,324) size 16x16
  RenderBlock (positioned) {DIV} at (312,324) size 16x16
layer at (324,324) size 16x16
  RenderBlock (positioned) {DIV} at (324,324) size 16x16
layer at (336,324) size 16x16
  RenderBlock (positioned) {DIV} at (336,324) size 16x16
layer at (348,324) size 16x16
  RenderBlock (positioned) {DIV} at (348,324) size 16x16
layer at (360,324) size 16x16
  RenderBlock (positioned) {DIV} at (360,324) size 16x16
layer at (372,324) size 16x16
  RenderBlock (positioned) {DIV} at (372,324) size 16x16
layer at (384,324) size 16x16
  RenderBlock (positioned) {DIV} at (384,324) size 16x16
layer at (396,324) size 16x16
  RenderBlock (positioned) {DIV} at (396,324) size 16x16
layer at (408,324) size 16x16
  RenderBlock (positioned) {DIV} at (408,324) size 16x16
layer at (420,324) size 16x16
  RenderBlock (positioned) {DIV} at (420,324) size 16x16
layer at (432,324) size 16x16
  RenderBlock (positioned) {DIV} at (432,324) size 16x16
layer at (444,324) size 16x16
  RenderBlock (positioned) {DIV} at (444,324) size 16x16
layer at (456,324) size 16x16
  RenderBlock (positioned) {DIV} at (456,324) size 16x16
layer at (468,324) size 16x16
  RenderBlock (positioned) {DIV} at (468,324) size 16x16
layer at (480,324) size 16x16
  RenderBlock (positioned) {DIV} at (480,324) size 16x16
layer at (12,336) size 16x16
  RenderBlock (positioned) {DIV} at (12,336) size 16x16
layer at (24,336) size 16x16
  RenderBlock (positioned) {DIV} at (24,336) size 16x16
layer at (36,336) size 16x16
  RenderBlock (positioned) {DIV} at (36,336) size 16x16
layer at (48,336) size 16x16
  RenderBlock (positioned) {DIV} at (48,336) size 16x16
layer at (60,336) size 16x16
  RenderBlock (positioned) {DIV} at (60,336) size 16x16
layer at (72,336) size 16x16
  RenderBlock (positioned) {DIV} at (72,336) size 16x16
layer at (84,336) size 16x16
  RenderBlock (positioned) {DIV} at (84,336) size 16x16
layer at (96,336) size 16x16
  RenderBlock (positioned) {DIV} at (96,336) size 16x16
layer at (108,336) size 16x16
  RenderBlock (positioned) {DIV} at (108,336) size 16x16
layer at (120,336) size 16x16
  RenderBlock (positioned) {DIV} at (120,336) size 16x16
layer at (132,336) size 16x16
  RenderBlock (positioned) {DIV} at (132,336) size 16x16
layer at (144,336) size 16x16
  RenderBlock (positioned) {DIV} at (144,336) size 16x16
layer at (156,336) size 16x16
  RenderBlock (positioned) {DIV} at (156,336) size 16x16
layer at (168,336) size 16x16
  RenderBlock (positioned) {DIV} at (168,336) size 16x16
layer at (180,336) size 16x16
  RenderBlock (positioned) {DIV} at (180,336) size 16x16
layer at (192,336) size 16x16
  RenderBlock (positioned) {DIV} at (192,336) size 16x16
layer at (204,336) size 16x16
  RenderBlock (positioned) {DIV} at (204,336) size 16x16
layer at (216,336) size 16x16
  RenderBlock (positioned) {DIV} at (216,336) size 16x16
layer at (228,336) size 16x16
  RenderBlock (positioned) {DIV} at (228,336) size 16x16
layer at (240,336) size 16x16
  RenderBlock (positioned) {DIV} at (240,336) size 16x16
layer at (252,336) size 16x16
  RenderBlock (positioned) {DIV} at (252,336) size 16x16
layer at (264,336) size 16x16
  RenderBlock (positioned) {DIV} at (264,336) size 16x16
layer at (276,336) size 16x16
  RenderBlock (positioned) {DIV} at (276,336) size 16x16
layer at (288,336) size 16x16
  RenderBlock (positioned) {DIV} at (288,336) size 16x16
layer at (300,336) size 16x16
  RenderBlock (positioned) {DIV} at (300,336) size 16x16
layer at (312,336) size 16x16
  RenderBlock (positioned) {DIV} at (312,336) size 16x16
layer at (324,336) size 16x16
  RenderBlock (positioned) {DIV} at (324,336) size 16x16
layer at (336,336) size 16x16
  RenderBlock (positioned) {DIV} at (336,336) size 16x16
layer at (348,336) size 16x16
  RenderBlock (positioned) {DIV} at (348,336) size 16x16
layer at (360,336) size 16x16
  RenderBlock (positioned) {DIV} at (360,336) size 16x16
layer at (372,336) size 16x16
  RenderBlock (positioned) {DIV} at (372,336) size 16x16
layer at (384,336) size 16x16
  RenderBlock (positioned) {DIV} at (384,336) size 16x16
layer at (396,336) size 16x16
  RenderBlock (positioned) {DIV} at (396,336) size 16x16
layer at (408,336) size 16x16
  RenderBlock (positioned) {DIV} at (408,336) size 16x16
layer at (420,336) size 16x16
  RenderBlock (positioned) {DIV} at (420,336) size 16x16
layer at (432,336) size 16x16
  RenderBlock (positioned) {DIV} at (432,336) size 16x16
layer at (444,336) size 16x16
  RenderBlock (positioned) {DIV} at (444,336) size 16x16
layer at (456,336) size 16x16
  RenderBlock (positioned) {DIV} at (456,336) size 16x16
layer at (468,336) size 16x16
  RenderBlock (positioned) {DIV} at (468,336) size 16x16
layer at (480,336) size 16x16
  RenderBlock (positioned) {DIV} at (480,336) size 16x16
layer at (12,348) size 16x16
  RenderBlock (positioned) {DIV} at (12,348) size 16x16
layer at (24,348) size 16x16
  RenderBlock (positioned) {DIV} at (24,348) size 16x16
layer at (36,348) size 16x16
  RenderBlock (positioned) {DIV} at (36,348) size 16x16
layer at (48,348) size 16x16
  RenderBlock (positioned) {DIV} at (48,348) size 16x16
layer at (60,348) size 16x16
  RenderBlock (positioned) {DIV} at (60,348) size 16x16
layer at (72,348) size 16x16
  RenderBlock (positioned) {DIV} at (72,348) size 16x16
layer at (84,348) size 16x16
  RenderBlock (positioned) {DIV} at (84,348) size 16x16
layer at (96,348) size 16x16
  RenderBlock (positioned) {DIV} at (96,348) size 16x16
layer at (108,348) size 16x16
  RenderBlock (positioned) {DIV} at (108,348) size 16x16
layer at (120,348) size 16x16
  RenderBlock (positioned) {DIV} at (120,348) size 16x16
layer at (132,348) size 16x16
  RenderBlock (positioned) {DIV} at (132,348) size 16x16
layer at (144,348) size 16x16
  RenderBlock (positioned) {DIV} at (144,348) size 16x16
layer at (156,348) size 16x16
  RenderBlock (positioned) {DIV} at (156,348) size 16x16
layer at (168,348) size 16x16
  RenderBlock (positioned) {DIV} at (168,348) size 16x16
layer at (180,348) size 16x16
  RenderBlock (positioned) {DIV} at (180,348) size 16x16
layer at (192,348) size 16x16
  RenderBlock (positioned) {DIV} at (192,348) size 16x16
layer at (204,348) size 16x16
  RenderBlock (positioned) {DIV} at (204,348) size 16x16
layer at (216,348) size 16x16
  RenderBlock (positioned) {DIV} at (216,348) size 16x16
layer at (228,348) size 16x16
  RenderBlock (positioned) {DIV} at (228,348) size 16x16
layer at (240,348) size 16x16
  RenderBlock (positioned) {DIV} at (240,348) size 16x16
layer at (252,348) size 16x16
  RenderBlock (positioned) {DIV} at (252,348) size 16x16
layer at (264,348) size 16x16
  RenderBlock (positioned) {DIV} at (264,348) size 16x16
layer at (276,348) size 16x16
  RenderBlock (positioned) {DIV} at (276,348) size 16x16
layer at (288,348) size 16x16
  RenderBlock (positioned) {DIV} at (288,348) size 16x16
layer at (300,348) size 16x16
  RenderBlock (positioned) {DIV} at (300,348) size 16x16
layer at (312,348) size 16x16
  RenderBlock (positioned) {DIV} at (312,348) size 16x16
layer at (324,348) size 16x16
  RenderBlock (positioned) {DIV} at (324,348) size 16x16
layer at (336,348) size 16x16
  RenderBlock (positioned) {DIV} at (336,348) size 16x16
layer at (348,348) size 16x16
  RenderBlock (positioned) {DIV} at (348,348) size 16x16
layer at (360,348) size 16x16
  RenderBlock (positioned) {DIV} at (360,348) size 16x16
layer at (372,348) size 16x16
  RenderBlock (positioned) {DIV} at (372,348) size 16x16
layer at (384,348) size 16x16
  RenderBlock (positioned) {DIV} at (384,348) size 16x16
layer at (396,348) size 16x16
  RenderBlock (positioned) {DIV} at (396,348) size 16x16
layer at (408,348) size 16x16
  RenderBlock (positioned) {DIV} at (408,348) size 16x16
layer at (420,348) size 16x16
  RenderBlock (positioned) {DIV} at (420,348) size 16x16
layer at (432,348) size 16x16
  RenderBlock (positioned) {DIV} at (432,348) size 16x16
layer at (444,348) size 16x16
  RenderBlock (positioned) {DIV} at (444,348) size 16x16
layer at (456,348) size 16x16
  RenderBlock (positioned) {DIV} at (456,348) size 16x16
layer at (468,348) size 16x16
  RenderBlock (positioned) {DIV} at (468,348) size 16x16
layer at (480,348) size 16x16
  RenderBlock (positioned) {DIV} at (480,348) size 16x16
layer at (12,360) size 16x16
  RenderBlock (positioned) {DIV} at (12,360) size 16x16
layer at (24,360) size 16x16
  RenderBlock (positioned) {DIV} at (24,360) size 16x16
layer at (36,360) size 16x16
  RenderBlock (positioned) {DIV} at (36,360) size 16x16
layer at (48,360) size 16x16
  RenderBlock (positioned) {DIV} at (48,360) size 16x16
layer at (60,360) size 16x16
  RenderBlock (positioned) {DIV} at (60,360) size 16x16
layer at (72,360) size 16x16
  RenderBlock (positioned) {DIV} at (72,360) size 16x16
layer at (84,360) size 16x16
  RenderBlock (positioned) {DIV} at (84,360) size 16x16
layer at (96,360) size 16x16
  RenderBlock (positioned) {DIV} at (96,360) size 16x16
layer at (108,360) size 16x16
  RenderBlock (positioned) {DIV} at (108,360) size 16x16
layer at (120,360) size 16x16
  RenderBlock (positioned) {DIV} at (120,360) size 16x16
layer at (132,360) size 16x16
  RenderBlock (positioned) {DIV} at (132,360) size 16x16
layer at (144,360) size 16x16
  RenderBlock (positioned) {DIV} at (144,360) size 16x16
layer at (156,360) size 16x16
  RenderBlock (positioned) {DIV} at (156,360) size 16x16
layer at (168,360) size 16x16
  RenderBlock (positioned) {DIV} at (168,360) size 16x16
layer at (180,360) size 16x16
  RenderBlock (positioned) {DIV} at (180,360) size 16x16
layer at (192,360) size 16x16
  RenderBlock (positioned) {DIV} at (192,360) size 16x16
layer at (204,360) size 16x16
  RenderBlock (positioned) {DIV} at (204,360) size 16x16
layer at (216,360) size 16x16
  RenderBlock (positioned) {DIV} at (216,360) size 16x16
layer at (228,360) size 16x16
  RenderBlock (positioned) {DIV} at (228,360) size 16x16
layer at (240,360) size 16x16
  RenderBlock (positioned) {DIV} at (240,360) size 16x16
layer at (252,360) size 16x16
  RenderBlock (positioned) {DIV} at (252,360) size 16x16
layer at (264,360) size 16x16
  RenderBlock (positioned) {DIV} at (264,360) size 16x16
layer at (276,360) size 16x16
  RenderBlock (positioned) {DIV} at (276,360) size 16x16
layer at (288,360) size 16x16
  RenderBlock (positioned) {DIV} at (288,360) size 16x16
layer at (300,360) size 16x16
  RenderBlock (positioned) {DIV} at (300,360) size 16x16
layer at (312,360) size 16x16
  RenderBlock (positioned) {DIV} at (312,360) size 16x16
layer at (324,360) size 16x16
  RenderBlock (positioned) {DIV} at (324,360) size 16x16
layer at (336,360) size 16x16
  RenderBlock (positioned) {DIV} at (336,360) size 16x16
layer at (348,360) size 16x16
  RenderBlock (positioned) {DIV} at (348,360) size 16x16
layer at (360,360) size 16x16
  RenderBlock (positioned) {DIV} at (360,360) size 16x16
layer at (372,360) size 16x16
  RenderBlock (positioned) {DIV} at (372,360) size 16x16
layer at (384,360) size 16x16
  RenderBlock (positioned) {DIV} at (384,360) size 16x16
layer at (396,360) size 16x16
  RenderBlock (positioned) {DIV} at (396,360) size 16x16
layer at (408,360) size 16x16
  RenderBlock (positioned) {DIV} at (408,360) size 16x16
layer at (420,360) size 16x16
  RenderBlock (positioned) {DIV} at (420,360) size 16x16
layer at (432,360) size 16x16
  RenderBlock (positioned) {DIV} at (432,360) size 16x16
layer at (444,360) size 16x16
  RenderBlock (positioned) {DIV} at (444,360) size 16x16
layer at (456,360) size 16x16
  RenderBlock (positioned) {DIV} at (456,360) size 16x16
layer at (468,360) size 16x16
  RenderBlock (positioned) {DIV} at (468,360) size 16x16
layer at (480,360) size 16x16
  RenderBlock (positioned) {DIV} at (480,360) size 16x16
layer at (12,372) size 16x16
  RenderBlock (positioned) {DIV} at (12,372) size 16x16
layer at (24,372) size 16x16
  RenderBlock (positioned) {DIV} at (24,372) size 16x16
layer at (36,372) size 16x16
  RenderBlock (positioned) {DIV} at (36,372) size 16x16
layer at (48,372) size 16x16
  RenderBlock (positioned) {DIV} at (48,372) size 16x16
layer at (60,372) size 16x16
  RenderBlock (positioned) {DIV} at (60,372) size 16x16
layer at (72,372) size 16x16
  RenderBlock (positioned) {DIV} at (72,372) size 16x16
layer at (84,372) size 16x16
  RenderBlock (positioned) {DIV} at (84,372) size 16x16
layer at (96,372) size 16x16
  RenderBlock (positioned) {DIV} at (96,372) size 16x16
layer at (108,372) size 16x16
  RenderBlock (positioned) {DIV} at (108,372) size 16x16
layer at (120,372) size 16x16
  RenderBlock (positioned) {DIV} at (120,372) size 16x16
layer at (132,372) size 16x16
  RenderBlock (positioned) {DIV} at (132,372) size 16x16
layer at (144,372) size 16x16
  RenderBlock (positioned) {DIV} at (144,372) size 16x16
layer at (156,372) size 16x16
  RenderBlock (positioned) {DIV} at (156,372) size 16x16
layer at (168,372) size 16x16
  RenderBlock (positioned) {DIV} at (168,372) size 16x16
layer at (180,372) size 16x16
  RenderBlock (positioned) {DIV} at (180,372) size 16x16
layer at (192,372) size 16x16
  RenderBlock (positioned) {DIV} at (192,372) size 16x16
layer at (204,372) size 16x16
  RenderBlock (positioned) {DIV} at (204,372) size 16x16
layer at (216,372) size 16x16
  RenderBlock (positioned) {DIV} at (216,372) size 16x16
layer at (228,372) size 16x16
  RenderBlock (positioned) {DIV} at (228,372) size 16x16
layer at (240,372) size 16x16
  RenderBlock (positioned) {DIV} at (240,372) size 16x16
layer at (252,372) size 16x16
  RenderBlock (positioned) {DIV} at (252,372) size 16x16
layer at (264,372) size 16x16
  RenderBlock (positioned) {DIV} at (264,372) size 16x16
layer at (276,372) size 16x16
  RenderBlock (positioned) {DIV} at (276,372) size 16x16
layer at (288,372) size 16x16
  RenderBlock (positioned) {DIV} at (288,372) size 16x16
layer at (300,372) size 16x16
  RenderBlock (positioned) {DIV} at (300,372) size 16x16
layer at (312,372) size 16x16
  RenderBlock (positioned) {DIV} at (312,372) size 16x16
layer at (324,372) size 16x16
  RenderBlock (positioned) {DIV} at (324,372) size 16x16
layer at (336,372) size 16x16
  RenderBlock (positioned) {DIV} at (336,372) size 16x16
layer at (348,372) size 16x16
  RenderBlock (positioned) {DIV} at (348,372) size 16x16
layer at (360,372) size 16x16
  RenderBlock (positioned) {DIV} at (360,372) size 16x16
layer at (372,372) size 16x16
  RenderBlock (positioned) {DIV} at (372,372) size 16x16
layer at (384,372) size 16x16
  RenderBlock (positioned) {DIV} at (384,372) size 16x16
layer at (396,372) size 16x16
  RenderBlock (positioned) {DIV} at (396,372) size 16x16
layer at (408,372) size 16x16
  RenderBlock (positioned) {DIV} at (408,372) size 16x16
layer at (420,372) size 16x16
  RenderBlock (positioned) {DIV} at (420,372) size 16x16
layer at (432,372) size 16x16
  RenderBlock (positioned) {DIV} at (432,372) size 16x16
layer at (444,372) size 16x16
  RenderBlock (positioned) {DIV} at (444,372) size 16x16
layer at (456,372) size 16x16
  RenderBlock (positioned) {DIV} at (456,372) size 16x16
layer at (468,372) size 16x16
  RenderBlock (positioned) {DIV} at (468,372) size 16x16
layer at (480,372) size 16x16
  RenderBlock (positioned) {DIV} at (480,372) size 16x16
layer at (12,384) size 16x16
  RenderBlock (positioned) {DIV} at (12,384) size 16x16
layer at (24,384) size 16x16
  RenderBlock (positioned) {DIV} at (24,384) size 16x16
layer at (36,384) size 16x16
  RenderBlock (positioned) {DIV} at (36,384) size 16x16
layer at (48,384) size 16x16
  RenderBlock (positioned) {DIV} at (48,384) size 16x16
layer at (60,384) size 16x16
  RenderBlock (positioned) {DIV} at (60,384) size 16x16
layer at (72,384) size 16x16
  RenderBlock (positioned) {DIV} at (72,384) size 16x16
layer at (84,384) size 16x16
  RenderBlock (positioned) {DIV} at (84,384) size 16x16
layer at (96,384) size 16x16
  RenderBlock (positioned) {DIV} at (96,384) size 16x16
layer at (108,384) size 16x16
  RenderBlock (positioned) {DIV} at (108,384) size 16x16
layer at (120,384) size 16x16
  RenderBlock (positioned) {DIV} at (120,384) size 16x16
layer at (132,384) size 16x16
  RenderBlock (positioned) {DIV} at (132,384) size 16x16
layer at (144,384) size 16x16
  RenderBlock (positioned) {DIV} at (144,384) size 16x16
layer at (156,384) size 16x16
  RenderBlock (positioned) {DIV} at (156,384) size 16x16
layer at (168,384) size 16x16
  RenderBlock (positioned) {DIV} at (168,384) size 16x16
layer at (180,384) size 16x16
  RenderBlock (positioned) {DIV} at (180,384) size 16x16
layer at (192,384) size 16x16
  RenderBlock (positioned) {DIV} at (192,384) size 16x16
layer at (204,384) size 16x16
  RenderBlock (positioned) {DIV} at (204,384) size 16x16
layer at (216,384) size 16x16
  RenderBlock (positioned) {DIV} at (216,384) size 16x16
layer at (228,384) size 16x16
  RenderBlock (positioned) {DIV} at (228,384) size 16x16
layer at (240,384) size 16x16
  RenderBlock (positioned) {DIV} at (240,384) size 16x16
layer at (252,384) size 16x16
  RenderBlock (positioned) {DIV} at (252,384) size 16x16
layer at (264,384) size 16x16
  RenderBlock (positioned) {DIV} at (264,384) size 16x16
layer at (276,384) size 16x16
  RenderBlock (positioned) {DIV} at (276,384) size 16x16
layer at (288,384) size 16x16
  RenderBlock (positioned) {DIV} at (288,384) size 16x16
layer at (300,384) size 16x16
  RenderBlock (positioned) {DIV} at (300,384) size 16x16
layer at (312,384) size 16x16
  RenderBlock (positioned) {DIV} at (312,384) size 16x16
layer at (324,384) size 16x16
  RenderBlock (positioned) {DIV} at (324,384) size 16x16
layer at (336,384) size 16x16
  RenderBlock (positioned) {DIV} at (336,384) size 16x16
layer at (348,384) size 16x16
  RenderBlock (positioned) {DIV} at (348,384) size 16x16
layer at (360,384) size 16x16
  RenderBlock (positioned) {DIV} at (360,384) size 16x16
layer at (372,384) size 16x16
  RenderBlock (positioned) {DIV} at (372,384) size 16x16
layer at (384,384) size 16x16
  RenderBlock (positioned) {DIV} at (384,384) size 16x16
layer at (396,384) size 16x16
  RenderBlock (positioned) {DIV} at (396,384) size 16x16
layer at (408,384) size 16x16
  RenderBlock (positioned) {DIV} at (408,384) size 16x16
layer at (420,384) size 16x16
  RenderBlock (positioned) {DIV} at (420,384) size 16x16
layer at (432,384) size 16x16
  RenderBlock (positioned) {DIV} at (432,384) size 16x16
layer at (444,384) size 16x16
  RenderBlock (positioned) {DIV} at (444,384) size 16x16
layer at (456,384) size 16x16
  RenderBlock (positioned) {DIV} at (456,384) size 16x16
layer at (468,384) size 16x16
  RenderBlock (positioned) {DIV} at (468,384) size 16x16
layer at (480,384) size 16x16
  RenderBlock (positioned) {DIV} at (480,384) size 16x16
layer at (12,396) size 16x16
  RenderBlock (positioned) {DIV} at (12,396) size 16x16
layer at (24,396) size 16x16
  RenderBlock (positioned) {DIV} at (24,396) size 16x16
layer at (36,396) size 16x16
  RenderBlock (positioned) {DIV} at (36,396) size 16x16
layer at (48,396) size 16x16
  RenderBlock (positioned) {DIV} at (48,396) size 16x16
layer at (60,396) size 16x16
  RenderBlock (positioned) {DIV} at (60,396) size 16x16
layer at (72,396) size 16x16
  RenderBlock (positioned) {DIV} at (72,396) size 16x16
layer at (84,396) size 16x16
  RenderBlock (positioned) {DIV} at (84,396) size 16x16
layer at (96,396) size 16x16
  RenderBlock (positioned) {DIV} at (96,396) size 16x16
layer at (108,396) size 16x16
  RenderBlock (positioned) {DIV} at (108,396) size 16x16
layer at (120,396) size 16x16
  RenderBlock (positioned) {DIV} at (120,396) size 16x16
layer at (132,396) size 16x16
  RenderBlock (positioned) {DIV} at (132,396) size 16x16
layer at (144,396) size 16x16
  RenderBlock (positioned) {DIV} at (144,396) size 16x16
layer at (156,396) size 16x16
  RenderBlock (positioned) {DIV} at (156,396) size 16x16
layer at (168,396) size 16x16
  RenderBlock (positioned) {DIV} at (168,396) size 16x16
layer at (180,396) size 16x16
  RenderBlock (positioned) {DIV} at (180,396) size 16x16
layer at (192,396) size 16x16
  RenderBlock (positioned) {DIV} at (192,396) size 16x16
layer at (204,396) size 16x16
  RenderBlock (positioned) {DIV} at (204,396) size 16x16
layer at (216,396) size 16x16
  RenderBlock (positioned) {DIV} at (216,396) size 16x16
layer at (228,396) size 16x16
  RenderBlock (positioned) {DIV} at (228,396) size 16x16
layer at (240,396) size 16x16
  RenderBlock (positioned) {DIV} at (240,396) size 16x16
layer at (252,396) size 16x16
  RenderBlock (positioned) {DIV} at (252,396) size 16x16
layer at (264,396) size 16x16
  RenderBlock (positioned) {DIV} at (264,396) size 16x16
layer at (276,396) size 16x16
  RenderBlock (positioned) {DIV} at (276,396) size 16x16
layer at (288,396) size 16x16
  RenderBlock (positioned) {DIV} at (288,396) size 16x16
layer at (300,396) size 16x16
  RenderBlock (positioned) {DIV} at (300,396) size 16x16
layer at (312,396) size 16x16
  RenderBlock (positioned) {DIV} at (312,396) size 16x16
layer at (324,396) size 16x16
  RenderBlock (positioned) {DIV} at (324,396) size 16x16
layer at (336,396) size 16x16
  RenderBlock (positioned) {DIV} at (336,396) size 16x16
layer at (348,396) size 16x16
  RenderBlock (positioned) {DIV} at (348,396) size 16x16
layer at (360,396) size 16x16
  RenderBlock (positioned) {DIV} at (360,396) size 16x16
layer at (372,396) size 16x16
  RenderBlock (positioned) {DIV} at (372,396) size 16x16
layer at (384,396) size 16x16
  RenderBlock (positioned) {DIV} at (384,396) size 16x16
layer at (396,396) size 16x16
  RenderBlock (positioned) {DIV} at (396,396) size 16x16
layer at (408,396) size 16x16
  RenderBlock (positioned) {DIV} at (408,396) size 16x16
layer at (420,396) size 16x16
  RenderBlock (positioned) {DIV} at (420,396) size 16x16
layer at (432,396) size 16x16
  RenderBlock (positioned) {DIV} at (432,396) size 16x16
layer at (444,396) size 16x16
  RenderBlock (positioned) {DIV} at (444,396) size 16x16
layer at (456,396) size 16x16
  RenderBlock (positioned) {DIV} at (456,396) size 16x16
layer at (468,396) size 16x16
  RenderBlock (positioned) {DIV} at (468,396) size 16x16
layer at (480,396) size 16x16
  RenderBlock (positioned) {DIV} at (480,396) size 16x16
layer at (12,408) size 16x16
  RenderBlock (positioned) {DIV} at (12,408) size 16x16
layer at (24,408) size 16x16
  RenderBlock (positioned) {DIV} at (24,408) size 16x16
layer at (36,408) size 16x16
  RenderBlock (positioned) {DIV} at (36,408) size 16x16
layer at (48,408) size 16x16
  RenderBlock (positioned) {DIV} at (48,408) size 16x16
layer at (60,408) size 16x16
  RenderBlock (positioned) {DIV} at (60,408) size 16x16
layer at (72,408) size 16x16
  RenderBlock (positioned) {DIV} at (72,408) size 16x16
layer at (84,408) size 16x16
  RenderBlock (positioned) {DIV} at (84,408) size 16x16
layer at (96,408) size 16x16
  RenderBlock (positioned) {DIV} at (96,408) size 16x16
layer at (108,408) size 16x16
  RenderBlock (positioned) {DIV} at (108,408) size 16x16
layer at (120,408) size 16x16
  RenderBlock (positioned) {DIV} at (120,408) size 16x16
layer at (132,408) size 16x16
  RenderBlock (positioned) {DIV} at (132,408) size 16x16
layer at (144,408) size 16x16
  RenderBlock (positioned) {DIV} at (144,408) size 16x16
layer at (156,408) size 16x16
  RenderBlock (positioned) {DIV} at (156,408) size 16x16
layer at (168,408) size 16x16
  RenderBlock (positioned) {DIV} at (168,408) size 16x16
layer at (180,408) size 16x16
  RenderBlock (positioned) {DIV} at (180,408) size 16x16
layer at (192,408) size 16x16
  RenderBlock (positioned) {DIV} at (192,408) size 16x16
layer at (204,408) size 16x16
  RenderBlock (positioned) {DIV} at (204,408) size 16x16
layer at (216,408) size 16x16
  RenderBlock (positioned) {DIV} at (216,408) size 16x16
layer at (228,408) size 16x16
  RenderBlock (positioned) {DIV} at (228,408) size 16x16
layer at (240,408) size 16x16
  RenderBlock (positioned) {DIV} at (240,408) size 16x16
layer at (252,408) size 16x16
  RenderBlock (positioned) {DIV} at (252,408) size 16x16
layer at (264,408) size 16x16
  RenderBlock (positioned) {DIV} at (264,408) size 16x16
layer at (276,408) size 16x16
  RenderBlock (positioned) {DIV} at (276,408) size 16x16
layer at (288,408) size 16x16
  RenderBlock (positioned) {DIV} at (288,408) size 16x16
layer at (300,408) size 16x16
  RenderBlock (positioned) {DIV} at (300,408) size 16x16
layer at (312,408) size 16x16
  RenderBlock (positioned) {DIV} at (312,408) size 16x16
layer at (324,408) size 16x16
  RenderBlock (positioned) {DIV} at (324,408) size 16x16
layer at (336,408) size 16x16
  RenderBlock (positioned) {DIV} at (336,408) size 16x16
layer at (348,408) size 16x16
  RenderBlock (positioned) {DIV} at (348,408) size 16x16
layer at (360,408) size 16x16
  RenderBlock (positioned) {DIV} at (360,408) size 16x16
layer at (372,408) size 16x16
  RenderBlock (positioned) {DIV} at (372,408) size 16x16
layer at (384,408) size 16x16
  RenderBlock (positioned) {DIV} at (384,408) size 16x16
layer at (396,408) size 16x16
  RenderBlock (positioned) {DIV} at (396,408) size 16x16
layer at (408,408) size 16x16
  RenderBlock (positioned) {DIV} at (408,408) size 16x16
layer at (420,408) size 16x16
  RenderBlock (positioned) {DIV} at (420,408) size 16x16
layer at (432,408) size 16x16
  RenderBlock (positioned) {DIV} at (432,408) size 16x16
layer at (444,408) size 16x16
  RenderBlock (positioned) {DIV} at (444,408) size 16x16
layer at (456,408) size 16x16
  RenderBlock (positioned) {DIV} at (456,408) size 16x16
layer at (468,408) size 16x16
  RenderBlock (positioned) {DIV} at (468,408) size 16x16
layer at (480,408) size 16x16
  RenderBlock (positioned) {DIV} at (480,408) size 16x16
layer at (12,420) size 16x16
  RenderBlock (positioned) {DIV} at (12,420) size 16x16
layer at (24,420) size 16x16
  RenderBlock (positioned) {DIV} at (24,420) size 16x16
layer at (36,420) size 16x16
  RenderBlock (positioned) {DIV} at (36,420) size 16x16
layer at (48,420) size 16x16
  RenderBlock (positioned) {DIV} at (48,420) size 16x16
layer at (60,420) size 16x16
  RenderBlock (positioned) {DIV} at (60,420) size 16x16
layer at (72,420) size 16x16
  RenderBlock (positioned) {DIV} at (72,420) size 16x16
layer at (84,420) size 16x16
  RenderBlock (positioned) {DIV} at (84,420) size 16x16
layer at (96,420) size 16x16
  RenderBlock (positioned) {DIV} at (96,420) size 16x16
layer at (108,420) size 16x16
  RenderBlock (positioned) {DIV} at (108,420) size 16x16
layer at (120,420) size 16x16
  RenderBlock (positioned) {DIV} at (120,420) size 16x16
layer at (132,420) size 16x16
  RenderBlock (positioned) {DIV} at (132,420) size 16x16
layer at (144,420) size 16x16
  RenderBlock (positioned) {DIV} at (144,420) size 16x16
layer at (156,420) size 16x16
  RenderBlock (positioned) {DIV} at (156,420) size 16x16
layer at (168,420) size 16x16
  RenderBlock (positioned) {DIV} at (168,420) size 16x16
layer at (180,420) size 16x16
  RenderBlock (positioned) {DIV} at (180,420) size 16x16
layer at (192,420) size 16x16
  RenderBlock (positioned) {DIV} at (192,420) size 16x16
layer at (204,420) size 16x16
  RenderBlock (positioned) {DIV} at (204,420) size 16x16
layer at (216,420) size 16x16
  RenderBlock (positioned) {DIV} at (216,420) size 16x16
layer at (228,420) size 16x16
  RenderBlock (positioned) {DIV} at (228,420) size 16x16
layer at (240,420) size 16x16
  RenderBlock (positioned) {DIV} at (240,420) size 16x16
layer at (252,420) size 16x16
  RenderBlock (positioned) {DIV} at (252,420) size 16x16
layer at (264,420) size 16x16
  RenderBlock (positioned) {DIV} at (264,420) size 16x16
layer at (276,420) size 16x16
  RenderBlock (positioned) {DIV} at (276,420) size 16x16
layer at (288,420) size 16x16
  RenderBlock (positioned) {DIV} at (288,420) size 16x16
layer at (300,420) size 16x16
  RenderBlock (positioned) {DIV} at (300,420) size 16x16
layer at (312,420) size 16x16
  RenderBlock (positioned) {DIV} at (312,420) size 16x16
layer at (324,420) size 16x16
  RenderBlock (positioned) {DIV} at (324,420) size 16x16
layer at (336,420) size 16x16
  RenderBlock (positioned) {DIV} at (336,420) size 16x16
layer at (348,420) size 16x16
  RenderBlock (positioned) {DIV} at (348,420) size 16x16
layer at (360,420) size 16x16
  RenderBlock (positioned) {DIV} at (360,420) size 16x16
layer at (372,420) size 16x16
  RenderBlock (positioned) {DIV} at (372,420) size 16x16
layer at (384,420) size 16x16
  RenderBlock (positioned) {DIV} at (384,420) size 16x16
layer at (396,420) size 16x16
  RenderBlock (positioned) {DIV} at (396,420) size 16x16
layer at (408,420) size 16x16
  RenderBlock (positioned) {DIV} at (408,420) size 16x16
layer at (420,420) size 16x16
  RenderBlock (positioned) {DIV} at (420,420) size 16x16
layer at (432,420) size 16x16
  RenderBlock (positioned) {DIV} at (432,420) size 16x16
layer at (444,420) size 16x16
  RenderBlock (positioned) {DIV} at (444,420) size 16x16
layer at (456,420) size 16x16
  RenderBlock (positioned) {DIV} at (456,420) size 16x16
layer at (468,420) size 16x16
  RenderBlock (positioned) {DIV} at (468,420) size 16x16
layer at (480,420) size 16x16
  RenderBlock (positioned) {DIV} at (480,420) size 16x16
