layer at (0,0) size 880x1258
  RenderView at (0,0) size 785x585
layer at (0,0) size 785x1258
  RenderBlock {HTML} at (0,0) size 785x1259
    RenderBody {BODY} at (8,8) size 769x1243 [bgcolor=#CCCCCC]
      RenderBlock {P} at (0,0) size 769x20
        RenderText {#text} at (0,0) size 337x19
          text run at (0,0) width 337: "The style declarations which apply to the text below are:"
      RenderBlock {PRE} at (0,36) size 769x32
        RenderText {#text} at (0,0) size 872x32
          text run at (0,0) width 872: "BODY {background-image: url(../resources/bg.gif); background-repeat: repeat-x; background-attachment: fixed;}"
          text run at (872,0) width 0: " "
          text run at (0,16) width 0: " "
      RenderBlock {P} at (0,99) size 769x100
        RenderText {#text} at (0,0) size 769x99
          text run at (0,0) width 768: "This document should have a green grid-pattern line across the top of the page (or at least a tiled background) which does NOT"
          text run at (0,20) width 154: "scroll with the document. "
          text run at (154,20) width 615: "It should, instead, appear to be a fixed pattern past which the content scrolls, even when the end of the"
          text run at (0,40) width 102: "page is reached. "
          text run at (102,40) width 664: "In addition, the default Test Suite background should NOT appear, as it's been overridden by the styles shown"
          text run at (0,60) width 45: "above. "
          text run at (45,60) width 619: "I'll have to add a lot of extra text to the page in order to make all this something we can actually check. "
          text run at (664,60) width 95: "Don't worry, I'll"
          text run at (0,80) width 113: "think of something."
      RenderBlock {P} at (0,215) size 769x20
        RenderText {#text} at (0,0) size 484x19
          text run at (0,0) width 397: "In fact, why not the relevant section from the CSS1 specification? "
          text run at (397,0) width 87: "A capital idea."
      RenderBlock {H4} at (0,284) size 769x21
        RenderInline {A} at (0,0) size 213x19
          RenderText {#text} at (0,0) size 213x19
            text run at (0,0) width 213: "5.3.5    'background-attachment'"
        RenderText {#text} at (0,0) size 0x0
      RenderBlock {P} at (0,325) size 769x101
        RenderInline {EM} at (0,0) size 42x19
          RenderText {#text} at (0,0) size 42x19
            text run at (0,0) width 42: "Value:"
        RenderText {#text} at (42,0) size 76x19
          text run at (42,0) width 76: " scroll | fixed"
        RenderBR {BR} at (118,0) size 0x19
        RenderInline {EM} at (0,0) size 43x19
          RenderText {#text} at (0,20) size 43x19
            text run at (0,20) width 43: "Initial:"
        RenderText {#text} at (43,20) size 36x19
          text run at (43,20) width 36: " scroll"
        RenderBR {BR} at (79,20) size 0x19
        RenderInline {EM} at (0,0) size 69x19
          RenderText {#text} at (0,40) size 69x19
            text run at (0,40) width 69: "Applies to:"
        RenderText {#text} at (69,40) size 73x19
          text run at (69,40) width 73: " all elements"
        RenderBR {BR} at (142,40) size 0x19
        RenderInline {EM} at (0,0) size 63x19
          RenderText {#text} at (0,60) size 63x19
            text run at (0,60) width 63: "Inherited:"
        RenderText {#text} at (63,60) size 19x19
          text run at (63,60) width 19: " no"
        RenderBR {BR} at (82,60) size 0x19
        RenderInline {EM} at (0,0) size 123x19
          RenderText {#text} at (0,80) size 123x19
            text run at (0,80) width 123: "Percentage values:"
        RenderText {#text} at (123,80) size 31x19
          text run at (123,80) width 31: " N/A"
        RenderBR {BR} at (154,80) size 0x19
      RenderBlock {P} at (0,441) size 769x41
        RenderText {#text} at (0,0) size 766x39
          text run at (0,0) width 766: "If a background image is specified, the value of 'background-attachment' determines if it is fixed with regard to the canvas or if it"
          text run at (0,20) width 177: "scrolls along with the content."
      RenderBlock {PRE} at (0,497) size 769x81
        RenderText {#text} at (0,0) size 296x80
          text run at (0,0) width 72: "  BODY { "
          text run at (72,0) width 0: " "
          text run at (0,16) width 296: "    background: red url(pendant.gif);"
          text run at (296,16) width 0: " "
          text run at (0,32) width 256: "    background-repeat: repeat-y;"
          text run at (256,32) width 0: " "
          text run at (0,48) width 264: "    background-attachment: fixed;"
          text run at (264,48) width 0: " "
          text run at (0,64) width 24: "  }"
          text run at (24,64) width 0: " "
      RenderBlock {P} at (0,593) size 769x41
        RenderInline {EM} at (0,0) size 72x19
          RenderText {#text} at (0,0) size 72x19
            text run at (0,0) width 72: "CSS1 core:"
        RenderText {#text} at (72,0) size 761x39
          text run at (72,0) width 689: " UAs may treat 'fixed' as 'scroll'. However, it is recommended they interpret 'fixed' correctly, at least on the HTML"
          text run at (0,20) width 728: "and BODY elements, since there is no way for an author to provide an image only for those browsers that support 'fixed'."
      RenderTable {TABLE} at (0,649) size 769x594 [border: (1px outset #808080)]
        RenderTableSection {TBODY} at (1,1) size 767x591
          RenderTableRow {TR} at (0,0) size 767x28
            RenderTableCell {TD} at (0,0) size 767x28 [bgcolor=#C0C0C0] [border: (1px inset #808080)] [r=0 c=0 rs=1 cs=2]
              RenderInline {STRONG} at (0,0) size 159x19
                RenderText {#text} at (4,4) size 159x19
                  text run at (4,4) width 159: "TABLE Testing Section"
          RenderTableRow {TR} at (0,28) size 767x563
            RenderTableCell {TD} at (0,295) size 12x29 [bgcolor=#C0C0C0] [border: (1px inset #808080)] [r=1 c=0 rs=1 cs=1]
              RenderText {#text} at (4,3) size 4x21
                text run at (4,4) width 4: " "
            RenderTableCell {TD} at (12,28) size 755x563 [border: (1px inset #808080)] [r=1 c=1 rs=1 cs=1]
              RenderBlock {P} at (4,4) size 747x100
                RenderText {#text} at (0,0) size 742x99
                  text run at (0,0) width 731: "This document should have a green grid-pattern line across the top of the page (or at least a tiled background) which does"
                  text run at (0,20) width 191: "NOT scroll with the document. "
                  text run at (191,20) width 551: "It should, instead, appear to be a fixed pattern past which the content scrolls, even when the"
                  text run at (0,40) width 166: "end of the page is reached. "
                  text run at (166,40) width 562: "In addition, the default Test Suite background should NOT appear, as it's been overridden by"
                  text run at (0,60) width 147: "the styles shown above. "
                  text run at (147,60) width 571: "I'll have to add a lot of extra text to the page in order to make all this something we can actually"
                  text run at (0,80) width 44: "check. "
                  text run at (44,80) width 212: "Don't worry, I'll think of something."
              RenderBlock {P} at (4,120) size 747x20
                RenderText {#text} at (0,0) size 484x19
                  text run at (0,0) width 397: "In fact, why not the relevant section from the CSS1 specification? "
                  text run at (397,0) width 87: "A capital idea."
              RenderBlock {H4} at (4,189) size 747x21
                RenderInline {A} at (0,0) size 213x19
                  RenderText {#text} at (0,0) size 213x19
                    text run at (0,0) width 213: "5.3.5    'background-attachment'"
                RenderText {#text} at (0,0) size 0x0
              RenderBlock {P} at (4,230) size 747x101
                RenderInline {EM} at (0,0) size 42x19
                  RenderText {#text} at (0,0) size 42x19
                    text run at (0,0) width 42: "Value:"
                RenderText {#text} at (42,0) size 76x19
                  text run at (42,0) width 76: " scroll | fixed"
                RenderBR {BR} at (118,0) size 0x19
                RenderInline {EM} at (0,0) size 43x19
                  RenderText {#text} at (0,20) size 43x19
                    text run at (0,20) width 43: "Initial:"
                RenderText {#text} at (43,20) size 36x19
                  text run at (43,20) width 36: " scroll"
                RenderBR {BR} at (79,20) size 0x19
                RenderInline {EM} at (0,0) size 69x19
                  RenderText {#text} at (0,40) size 69x19
                    text run at (0,40) width 69: "Applies to:"
                RenderText {#text} at (69,40) size 73x19
                  text run at (69,40) width 73: " all elements"
                RenderBR {BR} at (142,40) size 0x19
                RenderInline {EM} at (0,0) size 63x19
                  RenderText {#text} at (0,60) size 63x19
                    text run at (0,60) width 63: "Inherited:"
                RenderText {#text} at (63,60) size 19x19
                  text run at (63,60) width 19: " no"
                RenderBR {BR} at (82,60) size 0x19
                RenderInline {EM} at (0,0) size 123x19
                  RenderText {#text} at (0,80) size 123x19
                    text run at (0,80) width 123: "Percentage values:"
                RenderText {#text} at (123,80) size 31x19
                  text run at (123,80) width 31: " N/A"
                RenderBR {BR} at (154,80) size 0x19
              RenderBlock {P} at (4,346) size 747x41
                RenderText {#text} at (0,0) size 744x39
                  text run at (0,0) width 744: "If a background image is specified, the value of 'background-attachment' determines if it is fixed with regard to the canvas or"
                  text run at (0,20) width 199: "if it scrolls along with the content."
              RenderBlock {PRE} at (4,402) size 747x81
                RenderText {#text} at (0,0) size 296x80
                  text run at (0,0) width 72: "  BODY { "
                  text run at (72,0) width 0: " "
                  text run at (0,16) width 296: "    background: red url(pendant.gif);"
                  text run at (296,16) width 0: " "
                  text run at (0,32) width 256: "    background-repeat: repeat-y;"
                  text run at (256,32) width 0: " "
                  text run at (0,48) width 264: "    background-attachment: fixed;"
                  text run at (264,48) width 0: " "
                  text run at (0,64) width 24: "  }"
                  text run at (24,64) width 0: " "
              RenderBlock {P} at (4,498) size 747x61
                RenderInline {EM} at (0,0) size 72x19
                  RenderText {#text} at (0,0) size 72x19
                    text run at (0,0) width 72: "CSS1 core:"
                RenderText {#text} at (72,0) size 732x59
                  text run at (72,0) width 642: " UAs may treat 'fixed' as 'scroll'. However, it is recommended they interpret 'fixed' correctly, at least on the"
                  text run at (0,20) width 732: "HTML and BODY elements, since there is no way for an author to provide an image only for those browsers that support"
                  text run at (0,40) width 39: "'fixed'."
layer at (8,89) size 769x2 clip at (0,0) size 0x0
  RenderBlock {HR} at (0,81) size 769x2 [border: (1px inset #000000)]
layer at (8,259) size 769x2 clip at (0,0) size 0x0
  RenderBlock {HR} at (0,251) size 769x2 [border: (1px inset #000000)]
layer at (8,269) size 769x2 clip at (0,0) size 0x0
  RenderBlock {HR} at (0,261) size 769x2 [border: (1px inset #000000)]
layer at (25,843) size 747x2 clip at (0,0) size 0x0
  RenderBlock {HR} at (4,156) size 747x2 [border: (1px inset #000000)]
layer at (25,853) size 747x2 clip at (0,0) size 0x0
  RenderBlock {HR} at (4,166) size 747x2 [border: (1px inset #000000)]
