layer at (0,0) size 800x600
  RenderView at (0,0) size 800x600
layer at (0,0) size 800x64
  RenderBlock {HTML} at (0,0) size 800x64
    RenderBody {BODY} at (8,8) size 784x48
      RenderBlock {FORM} at (0,0) size 784x48
        RenderMenuList {SELECT} at (2,2) size 66x20 [color=#007AFF] [bgcolor=#EBF5FF]
          RenderBlock (anonymous) at (5,3) size 56x14
            RenderText at (0,0) size 33x14
              text run at (0,0) width 33: "Three"
        RenderText {#text} at (70,1) size 4x19
          text run at (70,1) width 4: " "
        RenderBR {BR} at (74,1) size 0x19
        RenderMenuList {SELECT} at (2,26) size 66x20 [color=#007AFF] [bgcolor=#EBF5FF]
          RenderBlock (anonymous) at (5,3) size 56x14
            RenderText at (0,0) size 33x14
              text run at (0,0) width 33: "Three"
        RenderText {#text} at (0,0) size 0x0
