layer at (0,0) size 800x600
  RenderView at (0,0) size 800x600
layer at (0,0) size 800x462
  RenderBlock {HTML} at (0,0) size 800x462
    RenderBody {BODY} at (4,4) size 137x450 [border: (1px dashed #C0C0C0)]
      RenderBlock {P} at (1,10) size 135x27
        RenderText {#text} at (0,-2) size 133x30
          text run at (0,-2) width 130: "The following six blue boxes must"
          text run at (0,7) width 133: "be of the same width. There must be"
          text run at (0,16) width 26: "no red."
      RenderBlock {P} at (10,46) size 117x27 [bgcolor=#008000] [border: (9px solid #0000FF)]
        RenderText {#text} at (9,7) size 2x12
          text run at (9,7) width 2: " "
      RenderBlock {P} at (1,127) size 135x9
        RenderText {#text} at (0,-2) size 12x12
          text run at (0,-2) width 12: "      "
        RenderText {#text} at (0,0) size 0x0
        RenderEmbeddedObject {OBJECT} at (9,0) size 117x43 [bgcolor=#FF0000] [border: (9px solid #0000FF)]
          layer at (0,0) size 99x25
            RenderView at (0,0) size 99x25
          layer at (0,0) size 99x25
            RenderSVGRoot {svg} at (0,0) size 99x25
              RenderSVGRect {rect} at (0,0) size 99x25 [stroke={[type=SOLID] [color=#008000] [stroke width=12.00]}] [fill={[type=SOLID] [color=#00FF00]}] [x=0.00] [y=0.00] [width=1000.00] [height=250.00]
              RenderSVGPath {path} at (14,4) size 71x16 [fill={[type=SOLID] [color=#008000]}] [data="M 500 50 L 150 200 L 850 200 Z"]
      RenderBlock {P} at (1,190) size 135x9
        RenderEmbeddedObject {OBJECT} at (9,0) size 117x43 [bgcolor=#FF0000] [border: (9px solid #0000FF)]
          layer at (0,0) size 99x25
            RenderView at (0,0) size 99x25
          layer at (0,0) size 99x25
            RenderSVGRoot {svg} at (0,0) size 99x25
              RenderSVGRect {rect} at (0,0) size 99x25 [stroke={[type=SOLID] [color=#008000] [stroke width=12.00]}] [fill={[type=SOLID] [color=#00FF00]}] [x=0.00] [y=0.00] [width=1000.00] [height=250.00]
              RenderSVGPath {path} at (14,4) size 71x16 [fill={[type=SOLID] [color=#008000]}] [data="M 500 50 L 150 200 L 850 200 Z"]
      RenderTable at (1,253) size 135x44
        RenderTableSection (anonymous) at (0,0) size 135x44
          RenderTableRow (anonymous) at (0,0) size 135x44
            RenderTableCell {P} at (0,0) size 135x44 [r=0 c=0 rs=1 cs=1]
              RenderEmbeddedObject {OBJECT} at (9,0) size 117x43 [bgcolor=#FF0000] [border: (9px solid #0000FF)]
                layer at (0,0) size 99x25
                  RenderView at (0,0) size 99x25
                layer at (0,0) size 99x25
                  RenderSVGRoot {svg} at (0,0) size 99x25
                    RenderSVGRect {rect} at (0,0) size 99x25 [stroke={[type=SOLID] [color=#008000] [stroke width=12.00]}] [fill={[type=SOLID] [color=#00FF00]}] [x=0.00] [y=0.00] [width=1000.00] [height=250.00]
                    RenderSVGPath {path} at (14,4) size 71x16 [fill={[type=SOLID] [color=#008000]}] [data="M 500 50 L 150 200 L 850 200 Z"]
      RenderTable {TABLE} at (1,351) size 135x44
        RenderTableSection {TBODY} at (0,0) size 135x44
          RenderTableRow {TR} at (0,0) size 135x44
            RenderTableCell {TD} at (0,0) size 135x44 [r=0 c=0 rs=1 cs=1]
              RenderEmbeddedObject {OBJECT} at (9,0) size 117x43 [bgcolor=#FF0000] [border: (9px solid #0000FF)]
                layer at (0,0) size 99x25
                  RenderView at (0,0) size 99x25
                layer at (0,0) size 99x25
                  RenderSVGRoot {svg} at (0,0) size 99x25
                    RenderSVGRect {rect} at (0,0) size 99x25 [stroke={[type=SOLID] [color=#008000] [stroke width=12.00]}] [fill={[type=SOLID] [color=#00FF00]}] [x=0.00] [y=0.00] [width=1000.00] [height=250.00]
                    RenderSVGPath {path} at (14,4) size 71x16 [fill={[type=SOLID] [color=#008000]}] [data="M 500 50 L 150 200 L 850 200 Z"]
      RenderBlock (floating) {P} at (1,449) size 135x9
        RenderEmbeddedObject {OBJECT} at (9,0) size 117x43 [bgcolor=#FF0000] [border: (9px solid #0000FF)]
          layer at (0,0) size 99x25
            RenderView at (0,0) size 99x25
          layer at (0,0) size 99x25
            RenderSVGRoot {svg} at (0,0) size 99x25
              RenderSVGRect {rect} at (0,0) size 99x25 [stroke={[type=SOLID] [color=#008000] [stroke width=12.00]}] [fill={[type=SOLID] [color=#00FF00]}] [x=0.00] [y=0.00] [width=1000.00] [height=250.00]
              RenderSVGPath {path} at (14,4) size 71x16 [fill={[type=SOLID] [color=#008000]}] [data="M 500 50 L 150 200 L 850 200 Z"]
