CONSOLE MESSAGE: TypeError: null is not an object (evaluating 'triangleSpan.nextSibling.nextSibling.nextSibling.nextSibling.style')
CONSOLE MESSAGE: TypeError: null is not an object (evaluating 'triangleSpan.nextSibling.nextSibling.nextSibling.nextSibling.style')
CONSOLE MESSAGE: TypeError: null is not an object (evaluating 'triangleSpan.nextSibling.nextSibling.nextSibling.nextSibling.style')
CONSOLE MESSAGE: TypeError: null is not an object (evaluating 'triangleSpan.nextSibling.nextSibling.nextSibling.nextSibling.style')
layer at (0,0) size 800x600
  RenderView at (0,0) size 800x600
layer at (0,0) size 800x600
  RenderBlock {HTML} at (0,0) size 800x600
    RenderBody {BODY} at (8,8) size 784x584
      RenderBlock (floating) {DIV} at (5,5) size 79x29 [bgcolor=#ADD8E6]
        RenderInline {SPAN} at (0,0) size 8x17
          RenderText {#text} at (5,6) size 8x17
            text run at (5,6) width 8: "\x{25B8}"
        RenderText {#text} at (13,6) size 61x17
          text run at (13,6) width 61: " Project"
        RenderText {#text} at (0,0) size 0x0
selection start: position 0 of child 1 {SPAN} of child 3 {DIV} of body
selection end:   position 0 of child 1 {#text} of child 3 {DIV} of child 3 {DIV} of body
