layer at (0,0) size 785x1458
  RenderView at (0,0) size 785x600
layer at (0,0) size 785x1458
  RenderBlock {HTML} at (0,0) size 785x1458
    RenderBody {BODY} at (8,8) size 769x1442 [bgcolor=#CCCCCC]
      RenderBlock {P} at (0,0) size 769x18
        RenderText {#text} at (0,0) size 355x18
          text run at (0,0) width 355: "The style declarations which apply to the text below are:"
      RenderBlock {PRE} at (0,34) size 769x255
        RenderText {#text} at (0,0) size 688x255
          text run at (0,0) width 648: "BODY {background-image: url(../resources/bg.gif); background-position: right top;"
          text run at (648,0) width 0: " "
          text run at (0,15) width 288: "      background-repeat: no-repeat;}"
          text run at (288,15) width 0: " "
          text run at (0,30) width 624: ".one {background-image: url(../resources/bg.gif); background-position: center;"
          text run at (624,30) width 0: " "
          text run at (0,45) width 480: "      background-repeat: no-repeat; background-color: aqua;}"
          text run at (480,45) width 0: " "
          text run at (0,60) width 632: ".two {background-image: url(../resources/bg.gif); background-position: 50% 50%;"
          text run at (632,60) width 0: " "
          text run at (0,75) width 480: "      background-repeat: no-repeat; background-color: aqua;}"
          text run at (480,75) width 0: " "
          text run at (0,90) width 688: ".three {background-image: url(../resources/bg.gif); background-position: bottom right;"
          text run at (688,90) width 0: " "
          text run at (0,105) width 496: "        background-repeat: no-repeat; background-color: aqua;}"
          text run at (496,105) width 0: " "
          text run at (0,120) width 656: ".four {background-image: url(../resources/bg.gif); background-position: 100% 100%;"
          text run at (656,120) width 0: " "
          text run at (0,135) width 488: "       background-repeat: no-repeat; background-color: aqua;}"
          text run at (488,135) width 0: " "
          text run at (0,150) width 632: ".five {background-image: url(../resources/bg.gif); background-position: 0% 50%;"
          text run at (632,150) width 0: " "
          text run at (0,165) width 488: "       background-repeat: no-repeat; background-color: aqua;}"
          text run at (488,165) width 0: " "
          text run at (0,180) width 632: ".six {background-image: url(../resources/bg.gif); background-position: 75% 25%;"
          text run at (632,180) width 0: " "
          text run at (0,195) width 488: "       background-repeat: no-repeat; background-color: aqua;}"
          text run at (488,195) width 0: " "
          text run at (0,210) width 664: ".seven {background-image: url(../resources/bg.gif); background-position: 20px 20px;"
          text run at (664,210) width 0: " "
          text run at (0,225) width 488: "       background-repeat: no-repeat; background-color: aqua;}"
          text run at (488,225) width 0: " "
          text run at (0,240) width 0: " "
      RenderBlock {HR} at (0,302) size 769x2 [border: (1px inset #000000)]
      RenderBlock {P} at (0,320) size 769x18
        RenderText {#text} at (0,0) size 503x18
          text run at (0,0) width 503: "This document should have a single, small green image in its upper right corner."
      RenderBlock {P} at (0,354) size 769x54 [bgcolor=#00FFFF]
        RenderText {#text} at (0,0) size 768x54
          text run at (0,0) width 735: "This paragraph should have a single, small green image exactly in its center; that is, the center of the image should be"
          text run at (0,18) width 227: "fixed at the center of the paragraph. "
          text run at (227,18) width 541: "The background color will make it easier to determine the edges of the paragraph, and"
          text run at (0,36) width 262: "therefore allow you to calculate its center."
      RenderBlock {P} at (0,424) size 769x54 [bgcolor=#00FFFF]
        RenderText {#text} at (0,0) size 768x54
          text run at (0,0) width 735: "This paragraph should have a single, small green image exactly in its center; that is, the center of the image should be"
          text run at (0,18) width 227: "fixed at the center of the paragraph. "
          text run at (227,18) width 541: "The background color will make it easier to determine the edges of the paragraph, and"
          text run at (0,36) width 262: "therefore allow you to calculate its center."
      RenderBlock {P} at (0,494) size 769x54 [bgcolor=#00FFFF]
        RenderText {#text} at (0,0) size 749x54
          text run at (0,0) width 730: "This paragraph should have a single, small green image in its lower-right corner; that is, the lower right corner of the"
          text run at (0,18) width 409: "image should be fixed at the lower right corner of the paragraph. "
          text run at (409,18) width 340: "The background color will make it easier to determine"
          text run at (0,36) width 436: "the edges of the paragraph, and therefore allow you to see its corners."
      RenderBlock {P} at (0,564) size 769x54 [bgcolor=#00FFFF]
        RenderText {#text} at (0,0) size 749x54
          text run at (0,0) width 730: "This paragraph should have a single, small green image in its lower-right corner; that is, the lower right corner of the"
          text run at (0,18) width 409: "image should be fixed at the lower right corner of the paragraph. "
          text run at (409,18) width 340: "The background color will make it easier to determine"
          text run at (0,36) width 436: "the edges of the paragraph, and therefore allow you to see its corners."
      RenderBlock {P} at (0,634) size 769x54 [bgcolor=#00FFFF]
        RenderText {#text} at (0,0) size 768x54
          text run at (0,0) width 768: "This paragraph should have a single, small green image exactly at the left center; that is, the left center of the image should"
          text run at (0,18) width 270: "be fixed at the left center of the paragraph. "
          text run at (270,18) width 443: "The background color will make it easier to determine the edges of the"
          text run at (0,36) width 360: "paragraph, and therefore allow you to calculate its center."
      RenderBlock {P} at (0,704) size 769x54 [bgcolor=#00FFFF]
        RenderText {#text} at (0,0) size 761x54
          text run at (0,0) width 749: "This paragraph should have a single, small green image positioned 75% of the way across the element, and 25% down."
          text run at (0,18) width 761: "The background color will make it easier to determine the edges of the paragraph, which should help in determining if all"
          text run at (0,36) width 647: "this is so, and the extra text should make the element long enough for this test to be simpler to evaluate."
      RenderBlock {P} at (0,774) size 769x72 [bgcolor=#00FFFF]
        RenderText {#text} at (0,0) size 760x72
          text run at (0,0) width 749: "This paragraph should have a single, small green image positioned 20 pixels down and to the left of the upper left-hand"
          text run at (0,18) width 760: "corner; that is, the upper left-hand corner of the image should be 20 pixels down and to the left of the upper-left corner of"
          text run at (0,36) width 80: "the element. "
          text run at (80,36) width 656: "The background color will make it easier to determine the edges of the paragraph, which should assist in"
          text run at (0,54) width 120: "evaluating this test."
      RenderTable {TABLE} at (0,862) size 769x580 [border: (1px outset #808080)]
        RenderTableSection {TBODY} at (1,1) size 767x578
          RenderTableRow {TR} at (0,0) size 767x26
            RenderTableCell {TD} at (0,0) size 767x26 [bgcolor=#C0C0C0] [border: (1px inset #808080)] [r=0 c=0 rs=1 cs=2]
              RenderInline {STRONG} at (0,0) size 163x18
                RenderText {#text} at (4,4) size 163x18
                  text run at (4,4) width 163: "TABLE Testing Section"
          RenderTableRow {TR} at (0,26) size 767x552
            RenderTableCell {TD} at (0,289) size 12x26 [bgcolor=#C0C0C0] [border: (1px inset #808080)] [r=1 c=0 rs=1 cs=1]
              RenderText {#text} at (4,4) size 4x18
                text run at (4,4) width 4: " "
            RenderTableCell {TD} at (12,26) size 755x552 [border: (1px inset #808080)] [r=1 c=1 rs=1 cs=1]
              RenderBlock {P} at (4,4) size 747x18
                RenderText {#text} at (0,0) size 503x18
                  text run at (0,0) width 503: "This document should have a single, small green image in its upper right corner."
              RenderBlock {P} at (4,38) size 747x54 [bgcolor=#00FFFF]
                RenderText {#text} at (0,0) size 741x54
                  text run at (0,0) width 735: "This paragraph should have a single, small green image exactly in its center; that is, the center of the image should be"
                  text run at (0,18) width 227: "fixed at the center of the paragraph. "
                  text run at (227,18) width 514: "The background color will make it easier to determine the edges of the paragraph,"
                  text run at (0,36) width 289: "and therefore allow you to calculate its center."
              RenderBlock {P} at (4,108) size 747x54 [bgcolor=#00FFFF]
                RenderText {#text} at (0,0) size 741x54
                  text run at (0,0) width 735: "This paragraph should have a single, small green image exactly in its center; that is, the center of the image should be"
                  text run at (0,18) width 227: "fixed at the center of the paragraph. "
                  text run at (227,18) width 514: "The background color will make it easier to determine the edges of the paragraph,"
                  text run at (0,36) width 289: "and therefore allow you to calculate its center."
              RenderBlock {P} at (4,178) size 747x54 [bgcolor=#00FFFF]
                RenderText {#text} at (0,0) size 730x54
                  text run at (0,0) width 730: "This paragraph should have a single, small green image in its lower-right corner; that is, the lower right corner of the"
                  text run at (0,18) width 409: "image should be fixed at the lower right corner of the paragraph. "
                  text run at (409,18) width 274: "The background color will make it easier to"
                  text run at (0,36) width 502: "determine the edges of the paragraph, and therefore allow you to see its corners."
              RenderBlock {P} at (4,248) size 747x54 [bgcolor=#00FFFF]
                RenderText {#text} at (0,0) size 730x54
                  text run at (0,0) width 730: "This paragraph should have a single, small green image in its lower-right corner; that is, the lower right corner of the"
                  text run at (0,18) width 409: "image should be fixed at the lower right corner of the paragraph. "
                  text run at (409,18) width 274: "The background color will make it easier to"
                  text run at (0,36) width 502: "determine the edges of the paragraph, and therefore allow you to see its corners."
              RenderBlock {P} at (4,318) size 747x54 [bgcolor=#00FFFF]
                RenderText {#text} at (0,0) size 736x54
                  text run at (0,0) width 722: "This paragraph should have a single, small green image exactly at the left center; that is, the left center of the image"
                  text run at (0,18) width 316: "should be fixed at the left center of the paragraph. "
                  text run at (316,18) width 420: "The background color will make it easier to determine the edges of"
                  text run at (0,36) width 383: "the paragraph, and therefore allow you to calculate its center."
              RenderBlock {P} at (4,388) size 747x72 [bgcolor=#00FFFF]
                RenderText {#text} at (0,0) size 705x72
                  text run at (0,0) width 705: "This paragraph should have a single, small green image positioned 75% of the way across the element, and 25%"
                  text run at (0,18) width 44: "down. "
                  text run at (44,18) width 650: "The background color will make it easier to determine the edges of the paragraph, which should help in"
                  text run at (0,36) width 698: "determining if all this is so, and the extra text should make the element long enough for this test to be simpler to"
                  text run at (0,54) width 56: "evaluate."
              RenderBlock {P} at (4,476) size 747x72 [bgcolor=#00FFFF]
                RenderText {#text} at (0,0) size 744x72
                  text run at (0,0) width 718: "This paragraph should have a single, small green image positioned 20 pixels down and to the left of the upper left-"
                  text run at (0,18) width 734: "hand corner; that is, the upper left-hand corner of the image should be 20 pixels down and to the left of the upper-left"
                  text run at (0,36) width 141: "corner of the element. "
                  text run at (141,36) width 603: "The background color will make it easier to determine the edges of the paragraph, which should"
                  text run at (0,54) width 173: "assist in evaluating this test."
