layer at (0,0) size 800x600
  RenderView at (0,0) size 800x600
layer at (0,0) size 800x600
  RenderBlock {HTML} at (0,0) size 800x600
    RenderBody {BODY} at (8,8) size 784x584
      RenderBlock (anonymous) at (0,0) size 784x20
        RenderText {#text} at (0,0) size 205x19
          text run at (0,0) width 205: "The 2 tables should look the same"
      RenderTable {TABLE} at (0,20) size 91x56 [bgcolor=#FFA500] [border: (1px outset #808080)]
        RenderTableSection {TBODY} at (1,1) size 89x54
          RenderTableRow {TR} at (0,2) size 89x24
            RenderTableCell {TD} at (2,2) size 27x24 [border: (1px inset #808080)] [r=0 c=0 rs=1 cs=1]
              RenderText {#text} at (2,2) size 23x19
                text run at (2,2) width 23: "c11"
            RenderTableCell {TD} at (31,2) size 27x24 [border: (1px inset #808080)] [r=0 c=1 rs=1 cs=1]
              RenderText {#text} at (2,2) size 23x19
                text run at (2,2) width 23: "c13"
          RenderTableRow {TR} at (0,28) size 89x24
            RenderTableCell {TD} at (2,28) size 27x24 [border: (1px inset #808080)] [r=1 c=0 rs=1 cs=1]
              RenderText {#text} at (2,2) size 23x19
                text run at (2,2) width 23: "c21"
            RenderTableCell {TD} at (31,28) size 27x24 [border: (1px inset #808080)] [r=1 c=1 rs=1 cs=1]
              RenderText {#text} at (2,2) size 23x19
                text run at (2,2) width 23: "c22"
            RenderTableCell {TD} at (60,28) size 27x24 [border: (1px inset #808080)] [r=1 c=2 rs=1 cs=1]
              RenderText {#text} at (2,2) size 23x19
                text run at (2,2) width 23: "c23"
      RenderBlock (anonymous) at (0,76) size 784x20
        RenderBR {BR} at (0,0) size 0x19
      RenderTable {TABLE} at (0,96) size 91x56 [bgcolor=#FFA500] [border: (1px outset #808080)]
        RenderTableSection {TBODY} at (1,1) size 89x54
          RenderTableRow {TR} at (0,2) size 89x24
            RenderTableCell {TD} at (2,2) size 27x24 [border: (1px inset #808080)] [r=0 c=0 rs=1 cs=1]
              RenderText {#text} at (2,2) size 23x19
                text run at (2,2) width 23: "c11"
            RenderTableCell {TD} at (31,2) size 27x24 [border: (1px inset #808080)] [r=0 c=1 rs=1 cs=1]
              RenderText {#text} at (2,2) size 23x19
                text run at (2,2) width 23: "c13"
          RenderTableRow {TR} at (0,28) size 89x24
            RenderTableCell {TD} at (2,28) size 27x24 [border: (1px inset #808080)] [r=1 c=0 rs=1 cs=1]
              RenderText {#text} at (2,2) size 23x19
                text run at (2,2) width 23: "c21"
            RenderTableCell {TD} at (31,28) size 27x24 [border: (1px inset #808080)] [r=1 c=1 rs=1 cs=1]
              RenderText {#text} at (2,2) size 23x19
                text run at (2,2) width 23: "c22"
            RenderTableCell {TD} at (60,28) size 27x24 [border: (1px inset #808080)] [r=1 c=2 rs=1 cs=1]
              RenderText {#text} at (2,2) size 23x19
                text run at (2,2) width 23: "c23"
