layer at (0,0) size 800x600
  RenderView at (0,0) size 800x600
layer at (0,0) size 800x600
  RenderBlock {HTML} at (0,0) size 800x600
    RenderBody {BODY} at (8,8) size 784x584
      RenderInline {SPAN} at (0,0) size 782x279
        RenderText {#text} at (0,0) size 782x279
          text run at (0,0) width 442: "I am typing a lot of text so that this goes onto many lines. I am still typing. "
          text run at (442,0) width 340: "I am typing a lot of text so that this goes onto many lines."
          text run at (0,20) width 779: "I am still typing. I am typing a lot of text so that this goes onto many lines. I am still typing. I am typing a lot of text so that this goes"
          text run at (0,40) width 780: "onto many lines. I am still typing. I am typing a lot of text so that this goes onto many lines. I am still typing. I am typing a lot of text"
          text run at (0,60) width 768: "so that this goes onto many lines. I am still typing. I am typing a lot of text so that this goes onto many lines. I am still typing. I am"
          text run at (0,80) width 782: "typing a lot of text so that this goes onto many lines. I am still typing. I am typing a lot of text so that this goes onto many lines. I am"
          text run at (0,100) width 779: "still typing. I am typing a lot of text so that this goes onto many lines. I am still typing. I am typing a lot of text so that this goes onto"
          text run at (0,120) width 767: "many lines. I am still typing. I am typing a lot of text so that this goes onto many lines. I am still typing. I am typing a lot of text so"
          text run at (0,140) width 750: "that this goes onto many lines. I am still typing. I am typing a lot of text so that this goes onto many lines. I am still typing. I am"
          text run at (0,160) width 782: "typing a lot of text so that this goes onto many lines. I am still typing. I am typing a lot of text so that this goes onto many lines. I am"
          text run at (0,180) width 779: "still typing. I am typing a lot of text so that this goes onto many lines. I am still typing. I am typing a lot of text so that this goes onto"
          text run at (0,200) width 767: "many lines. I am still typing. I am typing a lot of text so that this goes onto many lines. I am still typing. I am typing a lot of text so"
          text run at (0,220) width 750: "that this goes onto many lines. I am still typing. I am typing a lot of text so that this goes onto many lines. I am still typing. I am"
          text run at (0,240) width 782: "typing a lot of text so that this goes onto many lines. I am still typing. I am typing a lot of text so that this goes onto many lines. I am"
          text run at (0,260) width 505: "still typing. I am typing a lot of text so that this goes onto many lines. I am still typing."
      RenderText {#text} at (0,0) size 0x0
