layer at (0,0) size 800x600
  RenderView at (0,0) size 800x600
layer at (0,0) size 800x600
  RenderBlock {HTML} at (0,0) size 800x600
    RenderBody {BODY} at (8,8) size 784x584
      RenderBlock {P} at (0,0) size 784x20
        RenderText {#text} at (0,0) size 51x19
          text run at (0,0) width 51: "Test for "
        RenderInline {I} at (0,0) size 528x19
          RenderInline {A} at (0,0) size 499x19 [color=#0000EE]
            RenderText {#text} at (51,0) size 499x19
              text run at (51,0) width 499: "REGRESSION(r27173): Web Inspector freezes beneath Image::drawPattern()"
          RenderText {#text} at (550,0) size 29x19
            text run at (550,0) width 29: " Bug"
        RenderText {#text} at (579,0) size 4x19
          text run at (579,0) width 4: "."
      RenderBlock {P} at (0,36) size 784x20
        RenderText {#text} at (0,0) size 548x19
          text run at (0,0) width 548: "There should be four empty squares with black borders. WebKit should not hang or assert."
      RenderBlock {DIV} at (8,72) size 106x106 [border: (3px solid #000000)]
      RenderBlock {DIV} at (8,186) size 106x106 [border: (3px solid #000000)]
      RenderBlock {DIV} at (8,300) size 106x106 [border: (3px solid #000000)]
      RenderBlock {DIV} at (8,414) size 106x106 [border: (3px solid #000000)]
