layer at (0,0) size 785x1731
  RenderView at (0,0) size 785x600
layer at (0,0) size 785x1731
  RenderBlock {HTML} at (0,0) size 785x1732
    RenderBody {BODY} at (8,17) size 769x1707 [color=#00FF00] [bgcolor=#333333]
      RenderBlock {H1} at (0,0) size 769x30
        RenderText {#text} at (0,0) size 528x30
          text run at (0,0) width 528: "CSS2 Table Backgrounds Test Suite"
      RenderBlock {H2} at (0,47) size 769x24
        RenderText {#text} at (0,0) size 300x23
          text run at (0,0) width 300: "Part C: Background Layers"
      RenderBlock {H3} at (0,86) size 769x18
        RenderText {#text} at (0,0) size 153x17
          text run at (0,0) width 153: "empty-cells: show"
      RenderBlock {P} at (0,118) size 769x16
        RenderText {#text} at (0,0) size 336x15
          text run at (0,0) width 336: "Both tables should have a blue background."
      RenderBlock {P} at (0,146) size 769x16
        RenderText {#text} at (0,0) size 496x15
          text run at (0,0) width 496: "In table cell C (third cell in the first row), which is empty:"
      RenderBlock {UL} at (0,174) size 769x121
        RenderListItem {LI} at (40,0) size 729x30
          RenderListMarker at (-16,0) size 6x15: bullet
          RenderText {#text} at (0,0) size 728x30
            text run at (0,0) width 728: "Four sets of horizontal double violet stripes surrounded by aqua should run just inside the"
            text run at (0,15) width 128: "top border edge."
        RenderListItem {LI} at (40,30) size 729x30
          RenderListMarker at (-16,0) size 6x15: bullet
          RenderText {#text} at (0,0) size 704x30
            text run at (0,0) width 704: "One set of aqua-backed double violet stripes should run just inside the left, right, and"
            text run at (0,15) width 160: "bottom border edges."
        RenderListItem {LI} at (40,60) size 729x30
          RenderListMarker at (-16,0) size 6x15: bullet
          RenderText {#text} at (0,0) size 720x30
            text run at (0,0) width 720: "The third set along the top should turn down at the right edge and go under the fourth set"
            text run at (0,15) width 216: "to form the right-edge set."
        RenderListItem {LI} at (40,90) size 729x15
          RenderListMarker at (-16,0) size 6x15: bullet
          RenderText {#text} at (0,0) size 560x15
            text run at (0,0) width 560: "The fourth set should turn down at the left edge to form the left set."
        RenderListItem {LI} at (40,105) size 729x15
          RenderListMarker at (-16,0) size 6x15: bullet
          RenderText {#text} at (0,0) size 416x15
            text run at (0,0) width 416: "The bottom stripe should be straight and cut across "
          RenderInline {EM} at (0,0) size 32x15
            RenderText {#text} at (416,0) size 32x15
              text run at (416,0) width 32: "over"
          RenderText {#text} at (448,0) size 120x15
            text run at (448,0) width 120: " the side sets."
      RenderBlock {P} at (0,307) size 769x16
        RenderText {#text} at (0,0) size 376x15
          text run at (0,0) width 376: "In table cell A, (first cell in the first row):"
      RenderBlock {UL} at (0,335) size 769x76
        RenderListItem {LI} at (40,0) size 729x30
          RenderListMarker at (-16,0) size 6x15: bullet
          RenderText {#text} at (0,0) size 712x30
            text run at (0,0) width 712: "Three sets of horizontal aqua-backed double violet stripes should run just inside the top"
            text run at (0,15) width 96: "border edge."
        RenderListItem {LI} at (40,30) size 729x15
          RenderListMarker at (-16,0) size 6x15: bullet
          RenderText {#text} at (0,0) size 256x15
            text run at (0,0) width 256: "The first set should run across."
        RenderListItem {LI} at (40,45) size 729x30
          RenderListMarker at (-16,0) size 6x15: bullet
          RenderText {#text} at (0,0) size 720x30
            text run at (0,0) width 720: "The second set should turn down at the left edge, going over the third set to form another"
            text run at (0,15) width 376: "set that runs just inside the left border edge."
      RenderBlock {P} at (0,423) size 769x16
        RenderText {#text} at (0,0) size 368x15
          text run at (0,0) width 368: "In table cell D, (last cell in the first row):"
      RenderBlock {UL} at (0,451) size 769x61
        RenderListItem {LI} at (40,0) size 729x30
          RenderListMarker at (-16,0) size 6x15: bullet
          RenderText {#text} at (0,0) size 688x30
            text run at (0,0) width 688: "Two sets of horizontal aqua-backed double violet strips should run just inside the top"
            text run at (0,15) width 96: "border edge."
        RenderListItem {LI} at (40,30) size 729x30
          RenderListMarker at (-16,0) size 6x15: bullet
          RenderText {#text} at (0,0) size 720x30
            text run at (0,0) width 720: "The first set should turn down at the right edge, going under the second horizontal set to"
            text run at (0,15) width 392: "run vertically just inside the right border edge."
      RenderBlock {P} at (0,524) size 769x16
        RenderText {#text} at (0,0) size 384x15
          text run at (0,0) width 384: "In table cell G, (third cell in the second row):"
      RenderBlock {UL} at (0,552) size 769x91
        RenderListItem {LI} at (40,0) size 729x30
          RenderListMarker at (-16,0) size 6x15: bullet
          RenderText {#text} at (0,0) size 696x30
            text run at (0,0) width 696: "Two sets of horizontal aqua-backed double violet stripes should run just inside the top"
            text run at (0,15) width 96: "border edge."
        RenderListItem {LI} at (40,30) size 729x30
          RenderListMarker at (-16,0) size 6x15: bullet
          RenderText {#text} at (0,0) size 696x30
            text run at (0,0) width 696: "A set of vertical stripes should run down just inside the left border edge, going under"
            text run at (0,15) width 192: "both horizontal stripes."
        RenderListItem {LI} at (40,60) size 729x30
          RenderListMarker at (-16,0) size 6x15: bullet
          RenderText {#text} at (0,0) size 696x30
            text run at (0,0) width 696: "Another set of vertical stripes should run down just inside the right border edge, also"
            text run at (0,15) width 288: "going under both horizontal stripes."
      RenderBlock {DL} at (0,655) size 769x91
        RenderBlock {DT} at (0,0) size 769x15
          RenderText {#text} at (0,0) size 32x15
            text run at (0,0) width 32: "next"
        RenderBlock {DD} at (40,15) size 729x15
          RenderInline {A} at (0,0) size 288x15 [color=#FFFF00]
            RenderText {#text} at (0,0) size 288x15
              text run at (0,0) width 288: "Background Layers: empty-cells: show"
          RenderText {#text} at (0,0) size 0x0
        RenderBlock {DT} at (0,30) size 769x15
          RenderText {#text} at (0,0) size 64x15
            text run at (0,0) width 64: "previous"
        RenderBlock {DD} at (40,45) size 729x15
          RenderInline {A} at (0,0) size 376x15 [color=#FFFF00]
            RenderText {#text} at (0,0) size 376x15
              text run at (0,0) width 376: "Background Position: Background on 'table-cell'"
          RenderText {#text} at (0,0) size 0x0
        RenderBlock {DT} at (0,60) size 769x15
          RenderText {#text} at (0,0) size 64x15
            text run at (0,0) width 64: "contents"
        RenderBlock {DD} at (40,75) size 729x15
          RenderInline {A} at (0,0) size 136x15 [color=#FFFF00]
            RenderText {#text} at (0,0) size 136x15
              text run at (0,0) width 136: "Table of Contents"
          RenderText {#text} at (0,0) size 0x0
      RenderTable {TABLE} at (0,758) size 618x467 [color=#FFFFFF] [bgcolor=#0000FF] [border: (1px dotted #FFFFFF)]
        RenderBlock {CAPTION} at (0,0) size 618x22
          RenderText {#text} at (163,0) size 292x22
            text run at (163,0) width 292: "With 'border-collapse: separate'"
        RenderTableCol {COLGROUP} at (0,0) size 0x0
          RenderTableCol {COL} at (0,0) size 0x0
          RenderTableCol {COL} at (0,0) size 0x0
          RenderTableCol {COL} at (0,0) size 0x0
        RenderTableCol {COLGROUP} at (0,0) size 0x0
          RenderTableCol {COL} at (0,0) size 0x0
        RenderTableSection {THEAD} at (1,23) size 616x114
          RenderTableRow {TR} at (0,7) size 616x100
            RenderTableCell {TH} at (7,44) size 130x26 [border: (1px dotted #FFFFFF)] [r=0 c=0 rs=1 cs=1]
              RenderText {#text} at (42,2) size 46x22
                text run at (42,2) width 46: "TH A"
            RenderTableCell {TH} at (144,32) size 220x50 [border: (13px dotted #FFFFFF)] [r=0 c=1 rs=1 cs=1]
              RenderText {#text} at (87,14) size 46x22
                text run at (87,14) width 46: "TH B"
            RenderTableCell {TH} at (371,55) size 118x4 [border: (1px dotted #FFFFFF)] [r=0 c=2 rs=1 cs=1]
            RenderTableCell {TH} at (496,44) size 113x26 [border: (1px dotted #FFFFFF)] [r=0 c=3 rs=1 cs=1]
              RenderText {#text} at (34,2) size 45x22
                text run at (34,2) width 45: "TH D"
        RenderTableSection {TFOOT} at (1,343) size 616x122
          RenderTableRow {TR} at (0,0) size 616x115
            RenderTableCell {TD} at (7,44) size 357x27 [border: (1px dotted #FFFFFF)] [r=0 c=0 rs=1 cs=2]
              RenderText {#text} at (2,2) size 47x23
                text run at (2,3) width 47: "TD M"
            RenderTableCell {TD} at (371,44) size 118x27 [border: (1px dotted #FFFFFF)] [r=0 c=2 rs=1 cs=1]
              RenderText {#text} at (2,2) size 46x23
                text run at (2,3) width 46: "TD O"
            RenderTableCell {TD} at (496,44) size 113x27 [border: (1px dotted #FFFFFF)] [r=0 c=3 rs=1 cs=1]
              RenderText {#text} at (2,2) size 44x23
                text run at (2,3) width 44: "TD P"
        RenderTableSection {TBODY} at (1,137) size 616x206
          RenderTableRow {TR} at (0,0) size 616x108
            RenderTableCell {TD} at (7,74) size 130x51 [border: (13px dotted #FFFFFF)] [r=0 c=0 rs=2 cs=1]
              RenderText {#text} at (14,14) size 44x23
                text run at (14,15) width 44: "TD E"
            RenderTableCell {TD} at (144,41) size 220x26 [border: (1px dotted #FFFFFF)] [r=0 c=1 rs=1 cs=1]
              RenderText {#text} at (2,2) size 43x22
                text run at (2,2) width 43: "TD F"
            RenderTableCell {TD} at (371,41) size 118x26 [border: (1px dotted #FFFFFF)] [r=0 c=2 rs=1 cs=1]
              RenderText {#text} at (2,2) size 46x22
                text run at (2,2) width 46: "TD G"
            RenderTableCell {TD} at (496,41) size 113x26 [border: (1px dotted #FFFFFF)] [r=0 c=3 rs=1 cs=1]
              RenderText {#text} at (2,2) size 45x22
                text run at (2,2) width 45: "TD H"
          RenderTableRow {TR} at (0,115) size 616x84
            RenderTableCell {TD} at (144,144) size 220x26 [border: (1px dotted #FFFFFF)] [r=1 c=1 rs=1 cs=1]
              RenderText {#text} at (2,2) size 42x22
                text run at (2,2) width 42: "TD J"
            RenderTableCell {TD} at (371,144) size 118x26 [border: (1px dotted #FFFFFF)] [r=1 c=2 rs=1 cs=1]
              RenderText {#text} at (2,2) size 45x22
                text run at (2,2) width 45: "TD K"
            RenderTableCell {TD} at (496,144) size 113x26 [border: (1px dotted #FFFFFF)] [r=1 c=3 rs=1 cs=1]
              RenderText {#text} at (2,2) size 43x22
                text run at (2,2) width 43: "TD L"
      RenderTable {TABLE} at (0,1224) size 578x433 [color=#FFFFFF] [bgcolor=#0000FF] [border: (6px dotted #FFFFFF)]
        RenderBlock {CAPTION} at (0,0) size 578x22
          RenderText {#text} at (144,0) size 290x22
            text run at (144,0) width 290: "With 'border-collapse: collapse'"
        RenderTableCol {COLGROUP} at (0,0) size 0x0
          RenderTableCol {COL} at (0,0) size 0x0
          RenderTableCol {COL} at (0,0) size 0x0
          RenderTableCol {COL} at (0,0) size 0x0
        RenderTableCol {COLGROUP} at (0,0) size 0x0
          RenderTableCol {COL} at (0,0) size 0x0
        RenderTableSection {THEAD} at (0,28) size 577x99
          RenderTableRow {TR} at (0,0) size 577x99
            RenderTableCell {TH} at (0,34) size 135x31 [border: (1px dotted #FFFFFF)] [r=0 c=0 rs=1 cs=1]
              RenderText {#text} at (42,2) size 46x22
                text run at (42,2) width 46: "TH A"
            RenderTableCell {TH} at (135,31) size 207x37 [border: (7px dotted #FFFFFF)] [r=0 c=1 rs=1 cs=1]
              RenderText {#text} at (81,8) size 46x22
                text run at (81,8) width 46: "TH B"
            RenderTableCell {TH} at (342,48) size 123x3 [border: (1px dotted #FFFFFF)] [r=0 c=2 rs=1 cs=1]
            RenderTableCell {TH} at (465,37) size 112x25 [border: (1px dotted #FFFFFF)] [r=0 c=3 rs=1 cs=1]
              RenderText {#text} at (34,2) size 45x22
                text run at (34,2) width 45: "TH D"
        RenderTableSection {TFOOT} at (0,317) size 577x114
          RenderTableRow {TR} at (0,0) size 577x114
            RenderTableCell {TD} at (0,41) size 342x32 [border: (7px dotted #FFFFFF)] [r=0 c=0 rs=1 cs=2]
              RenderText {#text} at (2,8) size 47x23
                text run at (2,9) width 47: "TD M"
            RenderTableCell {TD} at (342,44) size 123x26 [border: (1px dotted #FFFFFF)] [r=0 c=2 rs=1 cs=1]
              RenderText {#text} at (2,2) size 46x23
                text run at (2,3) width 46: "TD O"
            RenderTableCell {TD} at (465,44) size 112x26 [border: (1px dotted #FFFFFF)] [r=0 c=3 rs=1 cs=1]
              RenderText {#text} at (2,2) size 44x23
                text run at (2,3) width 44: "TD P"
        RenderTableSection {TBODY} at (0,127) size 577x190
          RenderTableRow {TR} at (0,0) size 577x107
            RenderTableCell {TD} at (0,76) size 135x38 [border: (7px dotted #FFFFFF)] [r=0 c=0 rs=2 cs=1]
              RenderText {#text} at (8,8) size 44x23
                text run at (8,9) width 44: "TD E"
            RenderTableCell {TD} at (135,38) size 207x31 [border: (7px dotted #FFFFFF)] [r=0 c=1 rs=1 cs=1]
              RenderText {#text} at (8,8) size 43x22
                text run at (8,8) width 43: "TD F"
            RenderTableCell {TD} at (342,41) size 123x25 [border: (1px dotted #FFFFFF)] [r=0 c=2 rs=1 cs=1]
              RenderText {#text} at (2,2) size 46x22
                text run at (2,2) width 46: "TD G"
            RenderTableCell {TD} at (465,41) size 112x25 [border: (1px dotted #FFFFFF)] [r=0 c=3 rs=1 cs=1]
              RenderText {#text} at (2,2) size 45x22
                text run at (2,2) width 45: "TD H"
          RenderTableRow {TR} at (0,107) size 577x83
            RenderTableCell {TD} at (135,136) size 207x25 [border: (1px dotted #FFFFFF)] [r=1 c=1 rs=1 cs=1]
              RenderText {#text} at (8,2) size 42x22
                text run at (8,2) width 42: "TD J"
            RenderTableCell {TD} at (342,136) size 123x25 [border: (1px dotted #FFFFFF)] [r=1 c=2 rs=1 cs=1]
              RenderText {#text} at (2,2) size 45x22
                text run at (2,2) width 45: "TD K"
            RenderTableCell {TD} at (465,136) size 112x25 [border: (1px dotted #FFFFFF)] [r=1 c=3 rs=1 cs=1]
              RenderText {#text} at (2,2) size 43x22
                text run at (2,2) width 43: "TD L"
      RenderBlock {DIV} at (0,1656) size 769x35
        RenderInline {A} at (0,0) size 88x15 [color=#FFFF00]
          RenderImage {IMG} at (0,0) size 88x31
        RenderText {#text} at (0,0) size 0x0
      RenderBlock {ADDRESS} at (0,1690) size 769x16
        RenderText {#text} at (0,0) size 704x15
          text run at (0,0) width 704: "CSS2 Table Backgrounds Test Suite designed and written by fantasai <fantasai@escape.com>"
