layer at (0,0) size 785x734
  RenderView at (0,0) size 785x600
layer at (0,0) size 785x538
  RenderBlock {HTML} at (0,0) size 785x538
    RenderBody {BODY} at (8,8) size 769x522
      RenderTable {TABLE} at (0,0) size 228x522 [border: (1px outset #808080)]
        RenderBlock {CAPTION} at (0,0) size 228x206 [border: (3px solid #FFA500)]
          RenderText {#text} at (103,3) size 22x19
            text run at (103,3) width 22: "cap"
        RenderTableSection {TBODY} at (1,207) size 226x314
          RenderTableRow {TR} at (0,30) size 226x92
            RenderTableCell {TD} at (30,50) size 52x52 [border: (1px inset #808080)] [r=0 c=0 rs=1 cs=1]
              RenderText {#text} at (16,16) size 20x19
                text run at (16,16) width 20: "foo"
            RenderTableCell {TD} at (112,30) size 84x92 [border: (1px inset #808080)] [r=0 c=1 rs=1 cs=1]
              RenderText {#text} at (16,16) size 20x19
                text run at (16,16) width 20: "bar"
              RenderBR {BR} at (36,16) size 0x19
              RenderText {#text} at (16,36) size 21x19
                text run at (16,36) width 21: "baz"
              RenderBR {BR} at (37,36) size 0x19
              RenderText {#text} at (16,56) size 21x19
                text run at (16,56) width 21: "zap"
          RenderTableRow {TR} at (0,152) size 226x132
            RenderTableCell {TD} at (30,192) size 52x52 [border: (1px inset #808080)] [r=1 c=0 rs=1 cs=1]
              RenderText {#text} at (16,16) size 20x19
                text run at (16,16) width 20: "foo"
            RenderTableCell {TD} at (112,200) size 84x84 [border: (1px inset #808080)] [r=1 c=1 rs=1 cs=1]
              RenderBlock {DIV} at (16,16) size 52x52 [border: (1px solid #008000)]
                RenderBlock {DIV} at (1,1) size 402x302 [border: (1px solid #FF0000)]
                  RenderText {#text} at (1,1) size 8x19
                    text run at (1,1) width 8: "d"
