layer at (0,0) size 800x600
  RenderView at (0,0) size 800x600
layer at (0,0) size 800x600
  RenderBlock {HTML} at (0,0) size 800x600
    RenderBody {BODY} at (8,8) size 784x584
      RenderTable {TABLE} at (0,0) size 417x108 [border: (2px outset #808080)]
        RenderBlock {CAPTION} at (0,0) size 417x18
          RenderText {#text} at (14,0) size 389x18
            text run at (14,0) width 389: "Communicator 4.5 Installers for Mac and Windows Platforms"
        RenderTableSection {TBODY} at (2,20) size 412x85
          RenderTableRow {TR} at (0,0) size 412x23
            RenderTableCell {TH} at (0,9) size 119x5 [border: (3px none #808080) none none (3px solid #808080)] [r=0 c=0 rs=1 cs=1]
            RenderTableCell {TH} at (119,0) size 110x23 [border: (3px none #808080) none none (1px solid #808080)] [r=0 c=1 rs=1 cs=1]
              RenderText {#text} at (2,4) size 107x18
                text run at (2,4) width 107: "Macintosh PPC"
            RenderTableCell {TH} at (229,0) size 87x23 [border: (3px none #808080) none none (1px solid #808080)] [r=0 c=2 rs=1 cs=1]
              RenderText {#text} at (2,4) size 84x18
                text run at (2,4) width 84: "Windows 95"
            RenderTableCell {TH} at (316,0) size 96x23 [border: (3px none #808080) (2px solid #808080) none (1px solid #808080)] [r=0 c=3 rs=1 cs=1]
              RenderText {#text} at (2,4) size 91x18
                text run at (2,4) width 91: "Windows NT"
          RenderTableRow {TR} at (0,23) size 412x20
            RenderTableCell {TD} at (0,23) size 119x20 [border: none none none (3px solid #808080)] [r=1 c=0 rs=1 cs=1]
              RenderText {#text} at (4,1) size 73x18
                text run at (4,1) width 73: "Base Install"
            RenderTableCell {TD} at (119,23) size 110x20 [border: none none none (1px solid #808080)] [r=1 c=1 rs=1 cs=1]
              RenderText {#text} at (2,1) size 21x18
                text run at (2,1) width 21: "yes"
            RenderTableCell {TD} at (229,23) size 87x20 [border: none none none (1px solid #808080)] [r=1 c=2 rs=1 cs=1]
              RenderText {#text} at (2,1) size 21x18
                text run at (2,1) width 21: "yes"
            RenderTableCell {TD} at (316,23) size 96x20 [border: none (2px solid #808080) none (1px solid #808080)] [r=1 c=3 rs=1 cs=1]
              RenderText {#text} at (2,1) size 21x18
                text run at (2,1) width 21: "yes"
          RenderTableRow {TR} at (0,43) size 412x20
            RenderTableCell {TD} at (0,43) size 119x20 [border: none none none (3px solid #808080)] [r=2 c=0 rs=1 cs=1]
              RenderText {#text} at (4,1) size 103x18
                text run at (4,1) width 103: "Complete Install"
            RenderTableCell {TD} at (119,43) size 110x20 [border: none none none (1px solid #808080)] [r=2 c=1 rs=1 cs=1]
              RenderText {#text} at (2,1) size 21x18
                text run at (2,1) width 21: "yes"
            RenderTableCell {TD} at (229,43) size 87x20 [border: none none none (1px solid #808080)] [r=2 c=2 rs=1 cs=1]
              RenderText {#text} at (2,1) size 21x18
                text run at (2,1) width 21: "yes"
            RenderTableCell {TD} at (316,43) size 96x20 [border: none (2px solid #808080) none (1px solid #808080)] [r=2 c=3 rs=1 cs=1]
              RenderText {#text} at (2,1) size 21x18
                text run at (2,1) width 21: "yes"
          RenderTableRow {TR} at (0,63) size 412x22
            RenderTableCell {TD} at (0,63) size 119x22 [border: none none (2px none #808080) (3px solid #808080)] [r=3 c=0 rs=1 cs=1]
              RenderText {#text} at (4,1) size 114x18
                text run at (4,1) width 114: "Pro Edition Install"
            RenderTableCell {TD} at (119,63) size 110x22 [border: none none (2px none #808080) (1px solid #808080)] [r=3 c=1 rs=1 cs=1]
              RenderText {#text} at (2,1) size 21x18
                text run at (2,1) width 21: "yes"
            RenderTableCell {TD} at (229,63) size 87x22 [border: none none (2px none #808080) (1px solid #808080)] [r=3 c=2 rs=1 cs=1]
              RenderText {#text} at (2,1) size 21x18
                text run at (2,1) width 21: "yes"
            RenderTableCell {TD} at (316,63) size 96x22 [border: none (2px solid #808080) (2px none #808080) (1px solid #808080)] [r=3 c=3 rs=1 cs=1]
              RenderText {#text} at (2,1) size 21x18
                text run at (2,1) width 21: "yes"
