layer at (0,0) size 800x600
  RenderView at (0,0) size 800x600
layer at (0,0) size 800x116
  RenderBlock {HTML} at (0,0) size 800x116
    RenderBody {BODY} at (8,8) size 784x100
      RenderTable {TABLE} at (0,0) size 200x100 [bgcolor=#0000FF]
        RenderTableSection {TBODY} at (0,0) size 200x100
          RenderTableRow {TR} at (0,0) size 200x100
            RenderTableCell {TD} at (0,41) size 60x18 [r=0 c=0 rs=1 cs=1]
              RenderText {#text} at (0,0) size 21x18
                text run at (0,0) width 21: "foo"
            RenderTableCell {TD} at (59,0) size 142x50 [r=0 c=1 rs=1 cs=1]
              RenderBlock {DIV} at (0,0) size 50x50 [bgcolor=#008000]
                RenderBlock {DIV} at (0,0) size 400x300 [bgcolor=#FF0000]
                  RenderText {#text} at (0,0) size 8x18
                    text run at (0,0) width 8: "d"
