layer at (0,0) size 800x600
  RenderView at (0,0) size 800x600
layer at (0,0) size 800x136
  RenderBlock {html} at (0,0) size 800x136
    RenderBody {body} at (8,16) size 784x112
      RenderBlock {p} at (0,0) size 784x20
        RenderText {#text} at (0,0) size 271x19
          text run at (0,0) width 271: "The table caption should be aligned at the left"
      RenderTable {table} at (0,36) size 118x76 [border: (1px outset #808080)]
        RenderBlock {caption} at (0,0) size 118x20
          RenderText {#text} at (24,0) size 70x19
            text run at (24,0) width 70: "CAPTION"
        RenderTableSection (anonymous) at (1,21) size 116x54
          RenderTableRow {tr} at (0,2) size 116x24
            RenderTableCell {td} at (2,2) size 36x24 [border: (1px inset #808080)] [r=0 c=0 rs=1 cs=1]
              RenderText {#text} at (2,2) size 32x19
                text run at (2,2) width 32: "cell 1"
            RenderTableCell {td} at (40,2) size 36x24 [border: (1px inset #808080)] [r=0 c=1 rs=1 cs=1]
              RenderText {#text} at (2,2) size 32x19
                text run at (2,2) width 32: "cell 2"
            RenderTableCell {td} at (78,2) size 36x24 [border: (1px inset #808080)] [r=0 c=2 rs=1 cs=1]
              RenderText {#text} at (2,2) size 32x19
                text run at (2,2) width 32: "cell 3"
          RenderTableRow {tr} at (0,28) size 116x24
            RenderTableCell {td} at (2,28) size 36x24 [border: (1px inset #808080)] [r=1 c=0 rs=1 cs=1]
              RenderText {#text} at (2,2) size 32x19
                text run at (2,2) width 32: "cell 4"
            RenderTableCell {td} at (40,28) size 36x24 [border: (1px inset #808080)] [r=1 c=1 rs=1 cs=1]
              RenderText {#text} at (2,2) size 32x19
                text run at (2,2) width 32: "cell 5"
            RenderTableCell {td} at (78,28) size 36x24 [border: (1px inset #808080)] [r=1 c=2 rs=1 cs=1]
              RenderText {#text} at (2,2) size 32x19
                text run at (2,2) width 32: "cell 6"
