layer at (0,0) size 800x600
  RenderView at (0,0) size 800x600
layer at (0,0) size 800x56
  RenderBlock {HTML} at (0,0) size 800x56
    RenderBody {BODY} at (8,8) size 784x40
      RenderText {#text} at (0,0) size 266x19
        text run at (0,0) width 266: "You should see the word \"worked\" below"
      RenderBR {BR} at (265,0) size 1x19
      RenderText {#text} at (0,20) size 48x19
        text run at (0,20) width 48: "worked"
