EDITING DELEGATE: shouldBeginEditingInDOMRange:range from 0 of DIV > BODY > HTML > #document to 3 of DIV > BODY > HTML > #document
EDITING DELEGATE: webViewDidBeginEditing:WebViewDidBeginEditingNotification
EDITING DELEGATE: webViewDidChangeSelection:WebViewDidChangeSelectionNotification
EDITING DELEGATE: webViewDidChangeSelection:WebViewDidChangeSelectionNotification
EDITING DELEGATE: webViewDidChangeSelection:WebViewDidChangeSelectionNotification
EDITING DELEGATE: webViewDidChangeSelection:WebViewDidChangeSelectionNotification
EDITING DELEGATE: shouldDeleteDOMRange:range from 0 of P > DIV > DIV > BODY > HTML > #document to 0 of P > DIV > DIV > BODY > HTML > #document
EDITING DELEGATE: shouldChangeSelectedDOMRange:range from 0 of P > DIV > DIV > BODY > HTML > #document to 4 of DIV > DIV > BODY > HTML > #document toDOMRange:range from 0 of P > DIV > DIV > BODY > HTML > #document to 0 of P > DIV > DIV > BODY > HTML > #document affinity:NSSelectionAffinityDownstream stillSelecting:FALSE
EDITING DELEGATE: webViewDidChangeSelection:WebViewDidChangeSelectionNotification
EDITING DELEGATE: webViewDidChange:WebViewDidChangeNotification
layer at (0,0) size 800x600
  RenderView at (0,0) size 800x600
layer at (0,0) size 800x600
  RenderBlock {HTML} at (0,0) size 800x600
    RenderBody {BODY} at (8,8) size 784x584
      RenderBlock {DIV} at (0,0) size 784x233 [border: (2px solid #0000FF)]
        RenderBlock {DIV} at (14,14) size 756x81
          RenderText {#text} at (0,0) size 65x26
            text run at (0,0) width 65: "Tests: "
          RenderBR {BR} at (0,0) size 0x0
          RenderText {#text} at (0,27) size 742x53
            text run at (0,27) width 742: "Deleting when a selection starts in a blank line created by a block with a BR"
            text run at (0,54) width 552: "placeholder in it and extends to the end of the document."
        RenderBlock {DIV} at (14,111) size 756x108
          RenderText {#text} at (0,0) size 189x26
            text run at (0,0) width 189: "Expected Results: "
          RenderBR {BR} at (188,0) size 1x26
          RenderText {#text} at (0,27) size 742x80
            text run at (0,27) width 716: "Should see the two lines in the red box. First line should be \"A\". Next one"
            text run at (0,54) width 742: "should be empty. Insertion point should be blinking at the start of the second"
            text run at (0,81) width 43: "line."
      RenderBlock {DIV} at (0,257) size 784x58
        RenderBlock {DIV} at (0,0) size 784x58 [border: (2px solid #FF0000)]
          RenderBlock {P} at (2,2) size 780x27
            RenderText {#text} at (0,0) size 17x26
              text run at (0,0) width 17: "A"
          RenderBlock {P} at (2,29) size 780x27
            RenderBR {BR} at (0,0) size 0x26
caret: position 0 of child 0 {BR} of child 3 {P} of child 1 {DIV} of child 3 {DIV} of body
