EDITING DELEGATE: shouldBeginEditingInDOMRange:range from 0 of DIV > BODY > HTML > #document to 3 of DIV > BODY > HTML > #document
EDITING DELEGATE: webViewDidBeginEditing:WebViewDidBeginEditingNotification
EDITING DELEGATE: webViewDidChangeSelection:WebViewDidChangeSelectionNotification
EDITING DELEGATE: webViewDidChangeSelection:WebViewDidChangeSelectionNotification
EDITING DELEGATE: webViewDidChangeSelection:WebViewDidChangeSelectionNotification
EDITING DELEGATE: shouldDeleteDOMRange:range from 0 of P > DIV > BODY > HTML > #document to 2 of DIV > BODY > HTML > #document
EDITING DELEGATE: shouldChangeSelectedDOMRange:range from 0 of P > DIV > BODY > HTML > #document to 2 of DIV > BODY > HTML > #document toDOMRange:range from 0 of P > DIV > BODY > HTML > #document to 0 of P > DIV > BODY > HTML > #document affinity:NSSelectionAffinityDownstream stillSelecting:FALSE
EDITING DELEGATE: webViewDidChangeSelection:WebViewDidChangeSelectionNotification
EDITING DELEGATE: webViewDidChange:WebViewDidChangeNotification
layer at (0,0) size 800x600
  RenderView at (0,0) size 800x600
layer at (0,0) size 800x600
  RenderBlock {HTML} at (0,0) size 800x600
    RenderBody {BODY} at (8,8) size 784x584
      RenderBlock {DIV} at (0,0) size 784x233 [border: (2px solid #0000FF)]
        RenderBlock {DIV} at (14,14) size 756x81
          RenderText {#text} at (0,0) size 60x26
            text run at (0,0) width 60: "Tests:"
          RenderBR {BR} at (59,0) size 1x26
          RenderText {#text} at (0,27) size 616x26
            text run at (0,27) width 616: "Delete at the end of document when there is a BR following a P."
          RenderBR {BR} at (615,27) size 1x26
          RenderText {#text} at (0,54) size 437x26
            text run at (0,54) width 437: "This is a test case for rdar://problem/4110366"
        RenderBlock {DIV} at (14,111) size 756x108
          RenderText {#text} at (0,0) size 184x26
            text run at (0,0) width 184: "Expected Results:"
          RenderBR {BR} at (183,0) size 1x26
          RenderText {#text} at (0,27) size 715x53
            text run at (0,27) width 239: "Red box with four lines. "
            text run at (238,27) width 477: "The second line is a nested red box with the word"
            text run at (0,54) width 80: "\"hello\". "
            text run at (79,54) width 305: "The other three lines are empty."
          RenderBR {BR} at (383,54) size 1x26
          RenderText {#text} at (0,81) size 461x26
            text run at (0,81) width 461: "Selection is a caret at the start of the fourth line."
      RenderBlock {DIV} at (0,257) size 784x138 [border: (2px solid #FF0000)]
        RenderBlock {P} at (2,26) size 780x31 [border: (2px solid #FF0000)]
          RenderText {#text} at (2,2) size 48x26
            text run at (2,2) width 48: "hello"
        RenderBlock {P} at (2,81) size 780x31 [border: (2px solid #FF0000)]
          RenderBR {BR} at (2,2) size 0x26
caret: position 0 of child 0 {BR} of child 1 {P} of child 3 {DIV} of body
