EDITING DELEGATE: shouldBeginEditingInDOMRange:range from 0 of BODY > HTML > #document to 6 of BODY > HTML > #document
EDITING DELEGATE: webViewDidBeginEditing:WebViewDidBeginEditingNotification
EDITING DELEGATE: webViewDidChangeSelection:WebViewDidChangeSelectionNotification
EDITING DELEGATE: webViewDidChangeSelection:WebViewDidChangeSelectionNotification
EDITING DELEGATE: webViewDidChangeSelection:WebViewDidChangeSelectionNotification
EDITING DELEGATE: shouldDeleteDOMRange:range from 1 of #text > DIV > DIV > BODY > HTML > #document to 0 of DIV > DIV > DIV > DIV > BODY > HTML > #document
EDITING DELEGATE: shouldChangeSelectedDOMRange:range from 0 of DIV > DIV > BODY > HTML > #document to 0 of DIV > DIV > DIV > DIV > BODY > HTML > #document toDOMRange:range from 0 of DIV > DIV > DIV > DIV > BODY > HTML > #document to 0 of DIV > DIV > DIV > DIV > BODY > HTML > #document affinity:NSSelectionAffinityDownstream stillSelecting:FALSE
EDITING DELEGATE: webViewDidChangeSelection:WebViewDidChangeSelectionNotification
EDITING DELEGATE: webViewDidChange:WebViewDidChangeNotification
layer at (0,0) size 800x600
  RenderView at (0,0) size 800x600
layer at (0,0) size 800x600
  RenderBlock {HTML} at (0,0) size 800x600
    RenderBody {BODY} at (8,8) size 784x584
      RenderBlock {DIV} at (0,0) size 784x55 [border: (2px solid #0000FF)]
        RenderText {#text} at (14,14) size 516x26
          text run at (14,14) width 516: "Should see \"XX\" in a yellow box nested in a red box."
      RenderBlock {DIV} at (0,79) size 784x61
        RenderBlock {DIV} at (0,0) size 784x61 [border: (2px solid #FF0000)]
          RenderBlock {DIV} at (14,14) size 756x33 [border: (3px solid #FFFF00)]
            RenderBlock {DIV} at (3,3) size 750x27
              RenderText {#text} at (0,0) size 34x26
                text run at (0,0) width 34: "XX"
caret: position 0 of child 0 {#text} of child 0 {DIV} of child 0 {DIV} of child 1 {DIV} of child 3 {DIV} of body
