layer at (0,0) size 800x600
  RenderView at (0,0) size 800x600
layer at (0,0) size 800x408
  RenderBlock {html} at (0,0) size 800x408
    RenderBody {body} at (0,10) size 800x398
      RenderBlock {div} at (10,0) size 780x25 [border: none (2px solid #000000) none]
        RenderInline {span} at (0,0) size 726x17
          RenderText {#text} at (0,0) size 726x17
            text run at (0,0) width 726: "This XML file does not appear to have any style information associated with it. The document tree is shown below."
        RenderBR {br} at (725,0) size 1x17
      RenderBlock {div} at (20,38) size 780x360
        RenderBlock {div} at (0,0) size 780x360
          RenderBlock {div} at (0,0) size 780x360
            RenderBlock {div} at (0,0) size 780x15
              RenderBlock {span} at (-10,5) size 10x10
              RenderInline {span} at (0,0) size 48x15 [color=#881280]
                RenderText {#text} at (0,0) size 40x15
                  text run at (0,0) width 40: "<html"
                RenderText {#text} at (40,0) size 8x15
                  text run at (40,0) width 8: ">"
            RenderBlock {div} at (13,15) size 767x330
              RenderBlock (anonymous) at (0,0) size 767x0
                RenderInline {span} at (0,0) size 0x0
              RenderBlock {div} at (0,0) size 767x195
                RenderBlock {div} at (0,0) size 767x195
                  RenderBlock {div} at (0,0) size 767x15
                    RenderBlock {span} at (-10,5) size 10x10
                    RenderInline {span} at (0,0) size 48x15 [color=#881280]
                      RenderText {#text} at (0,0) size 40x15
                        text run at (0,0) width 40: "<head"
                      RenderText {#text} at (40,0) size 8x15
                        text run at (40,0) width 8: ">"
                  RenderBlock {div} at (13,15) size 754x165
                    RenderBlock (anonymous) at (0,0) size 754x0
                      RenderInline {span} at (0,0) size 0x0
                    RenderBlock {div} at (0,0) size 754x45
                      RenderBlock {div} at (0,0) size 754x45
                        RenderBlock {div} at (0,0) size 754x15
                          RenderBlock {span} at (-10,5) size 10x10
                          RenderInline {span} at (0,0) size 64x15 [color=#881280]
                            RenderText {#text} at (0,0) size 56x15
                              text run at (0,0) width 56: "<script"
                            RenderText {#text} at (56,0) size 8x15
                              text run at (56,0) width 8: ">"
                        RenderBlock {div} at (13,15) size 741x15
                          RenderInline {span} at (0,0) size 456x15
                            RenderText {#text} at (0,0) size 456x15
                              text run at (0,0) width 184: "if (window.testRunner) "
                              text run at (184,0) width 272: "testRunner.dumpEditingCallbacks();"
                        RenderBlock {div} at (0,30) size 754x15
                          RenderInline {span} at (0,0) size 72x15 [color=#881280]
                            RenderText {#text} at (0,0) size 64x15
                              text run at (0,0) width 64: "</script"
                            RenderText {#text} at (64,0) size 8x15
                              text run at (64,0) width 8: ">"
                    RenderBlock (anonymous) at (0,45) size 754x0
                      RenderInline {span} at (0,0) size 0x0
                    RenderBlock {div} at (0,45) size 754x15
                      RenderInline {span} at (0,0) size 56x15 [color=#881280]
                        RenderText {#text} at (0,0) size 48x15
                          text run at (0,0) width 48: "<title"
                        RenderText {#text} at (48,0) size 8x15
                          text run at (48,0) width 8: ">"
                      RenderInline {span} at (0,0) size 96x15
                        RenderText {#text} at (56,0) size 96x15
                          text run at (56,0) width 96: "Editing Test"
                      RenderInline {span} at (0,0) size 64x15 [color=#881280]
                        RenderText {#text} at (152,0) size 56x15
                          text run at (152,0) width 56: "</title"
                        RenderText {#text} at (208,0) size 8x15
                          text run at (208,0) width 8: ">"
                    RenderBlock (anonymous) at (0,60) size 754x0
                      RenderInline {span} at (0,0) size 0x0
                    RenderBlock {div} at (0,60) size 754x105
                      RenderBlock {div} at (0,0) size 754x105
                        RenderBlock {div} at (0,0) size 754x15
                          RenderBlock {span} at (-10,5) size 10x10
                          RenderInline {span} at (0,0) size 248x15 [color=#881280]
                            RenderText {#text} at (0,0) size 56x15
                              text run at (0,0) width 56: "<script"
                            RenderInline {span} at (0,0) size 184x15
                              RenderText {#text} at (56,0) size 8x15
                                text run at (56,0) width 8: " "
                              RenderInline {span} at (0,0) size 32x15 [color=#994500]
                                RenderText {#text} at (64,0) size 32x15
                                  text run at (64,0) width 32: "type"
                              RenderText {#text} at (96,0) size 16x15
                                text run at (96,0) width 16: "=\""
                              RenderInline {span} at (0,0) size 120x15 [color=#1A1AA6]
                                RenderText {#text} at (112,0) size 120x15
                                  text run at (112,0) width 120: "text/javascript"
                              RenderText {#text} at (232,0) size 8x15
                                text run at (232,0) width 8: "\""
                            RenderText {#text} at (240,0) size 8x15
                              text run at (240,0) width 8: ">"
                        RenderBlock {div} at (13,15) size 741x75
                          RenderInline {span} at (0,0) size 728x75
                            RenderText {#text} at (0,0) size 728x75
                              text run at (0,0) width 648: "function getContainer(containerID) {return document.getElementById(containerID);}"
                              text run at (0,15) width 232: "window.onload = function() { "
                              text run at (232,15) width 472: "var newcontainer = getContainer('identity-options-horiz'); "
                              text run at (704,15) width 24: "var"
                              text run at (0,30) width 392: "oldcontainer = getContainer('identity-options'); "
                              text run at (392,30) width 160: "if (oldcontainer) { "
                              text run at (552,30) width 120: "var paranodes ="
                              text run at (0,45) width 320: "oldcontainer.getElementsByTagName(\"p\"); "
                              text run at (320,45) width 384: "// move all the paragraph nodes to new container"
                              text run at (0,60) width 248: "while (paranodes.length > 0) { "
                              text run at (248,60) width 320: "newcontainer.appendChild(paranodes[0]); "
                              text run at (568,60) width 16: "} "
                              text run at (584,60) width 24: "} }"
                        RenderBlock {div} at (0,90) size 754x15
                          RenderInline {span} at (0,0) size 72x15 [color=#881280]
                            RenderText {#text} at (0,0) size 64x15
                              text run at (0,0) width 64: "</script"
                            RenderText {#text} at (64,0) size 8x15
                              text run at (64,0) width 8: ">"
                    RenderBlock (anonymous) at (0,165) size 754x0
                      RenderInline {span} at (0,0) size 0x0
                  RenderBlock {div} at (0,180) size 767x15
                    RenderInline {span} at (0,0) size 56x15 [color=#881280]
                      RenderText {#text} at (0,0) size 48x15
                        text run at (0,0) width 48: "</head"
                      RenderText {#text} at (48,0) size 8x15
                        text run at (48,0) width 8: ">"
              RenderBlock (anonymous) at (0,195) size 767x0
                RenderInline {span} at (0,0) size 0x0
              RenderBlock {div} at (0,195) size 767x135
                RenderBlock {div} at (0,0) size 767x135
                  RenderBlock {div} at (0,0) size 767x15
                    RenderBlock {span} at (-10,5) size 10x10
                    RenderInline {span} at (0,0) size 48x15 [color=#881280]
                      RenderText {#text} at (0,0) size 40x15
                        text run at (0,0) width 40: "<body"
                      RenderText {#text} at (40,0) size 8x15
                        text run at (40,0) width 8: ">"
                  RenderBlock {div} at (13,15) size 754x105
                    RenderBlock (anonymous) at (0,0) size 754x0
                      RenderInline {span} at (0,0) size 0x0
                    RenderBlock {div} at (0,0) size 754x30
                      RenderInline {span} at (0,0) size 624x15 [color=#881280]
                        RenderText {#text} at (0,0) size 32x15
                          text run at (0,0) width 32: "<div"
                        RenderInline {span} at (0,0) size 360x15
                          RenderText {#text} at (32,0) size 8x15
                            text run at (32,0) width 8: " "
                          RenderInline {span} at (0,0) size 40x15 [color=#994500]
                            RenderText {#text} at (40,0) size 40x15
                              text run at (40,0) width 40: "style"
                          RenderText {#text} at (80,0) size 16x15
                            text run at (80,0) width 16: "=\""
                          RenderInline {span} at (0,0) size 288x15 [color=#1A1AA6]
                            RenderText {#text} at (96,0) size 288x15
                              text run at (96,0) width 288: "border-style:solid; border-color:red"
                          RenderText {#text} at (384,0) size 8x15
                            text run at (384,0) width 8: "\""
                        RenderInline {span} at (0,0) size 224x15
                          RenderText {#text} at (392,0) size 8x15
                            text run at (392,0) width 8: " "
                          RenderInline {span} at (0,0) size 16x15 [color=#994500]
                            RenderText {#text} at (400,0) size 16x15
                              text run at (400,0) width 16: "id"
                          RenderText {#text} at (416,0) size 16x15
                            text run at (416,0) width 16: "=\""
                          RenderInline {span} at (0,0) size 176x15 [color=#1A1AA6]
                            RenderText {#text} at (432,0) size 176x15
                              text run at (432,0) width 176: "identity-options-horiz"
                          RenderText {#text} at (608,0) size 8x15
                            text run at (608,0) width 8: "\""
                        RenderText {#text} at (616,0) size 8x15
                          text run at (616,0) width 8: ">"
                      RenderInline {span} at (0,0) size 712x30
                        RenderText {#text} at (624,0) size 712x30
                          text run at (624,0) width 88: "Destination"
                          text run at (0,15) width 72: "container"
                      RenderInline {span} at (0,0) size 48x15 [color=#881280]
                        RenderText {#text} at (72,15) size 40x15
                          text run at (72,15) width 40: "</div"
                        RenderText {#text} at (112,15) size 8x15
                          text run at (112,15) width 8: ">"
                    RenderBlock (anonymous) at (0,30) size 754x0
                      RenderInline {span} at (0,0) size 0x0
                    RenderBlock {div} at (0,30) size 754x75
                      RenderBlock {div} at (0,0) size 754x75
                        RenderBlock {div} at (0,0) size 754x15
                          RenderBlock {span} at (-10,5) size 10x10
                          RenderInline {span} at (0,0) size 584x15 [color=#881280]
                            RenderText {#text} at (0,0) size 32x15
                              text run at (0,0) width 32: "<div"
                            RenderInline {span} at (0,0) size 368x15
                              RenderText {#text} at (32,0) size 8x15
                                text run at (32,0) width 8: " "
                              RenderInline {span} at (0,0) size 40x15 [color=#994500]
                                RenderText {#text} at (40,0) size 40x15
                                  text run at (40,0) width 40: "style"
                              RenderText {#text} at (80,0) size 16x15
                                text run at (80,0) width 16: "=\""
                              RenderInline {span} at (0,0) size 296x15 [color=#1A1AA6]
                                RenderText {#text} at (96,0) size 296x15
                                  text run at (96,0) width 296: "border-style:solid; border-color:blue"
                              RenderText {#text} at (392,0) size 8x15
                                text run at (392,0) width 8: "\""
                            RenderInline {span} at (0,0) size 176x15
                              RenderText {#text} at (400,0) size 8x15
                                text run at (400,0) width 8: " "
                              RenderInline {span} at (0,0) size 16x15 [color=#994500]
                                RenderText {#text} at (408,0) size 16x15
                                  text run at (408,0) width 16: "id"
                              RenderText {#text} at (424,0) size 16x15
                                text run at (424,0) width 16: "=\""
                              RenderInline {span} at (0,0) size 128x15 [color=#1A1AA6]
                                RenderText {#text} at (440,0) size 128x15
                                  text run at (440,0) width 128: "identity-options"
                              RenderText {#text} at (568,0) size 8x15
                                text run at (568,0) width 8: "\""
                            RenderText {#text} at (576,0) size 8x15
                              text run at (576,0) width 8: ">"
                        RenderBlock {div} at (13,15) size 741x45
                          RenderBlock (anonymous) at (0,0) size 741x15
                            RenderInline {span} at (0,0) size 128x15
                              RenderText {#text} at (0,0) size 128x15
                                text run at (0,0) width 128: "Source container"
                          RenderBlock {div} at (0,15) size 741x15
                            RenderInline {span} at (0,0) size 136x15 [color=#881280]
                              RenderText {#text} at (0,0) size 16x15
                                text run at (0,0) width 16: "<p"
                              RenderInline {span} at (0,0) size 112x15
                                RenderText {#text} at (16,0) size 8x15
                                  text run at (16,0) width 8: " "
                                RenderInline {span} at (0,0) size 40x15 [color=#994500]
                                  RenderText {#text} at (24,0) size 40x15
                                    text run at (24,0) width 40: "class"
                                RenderText {#text} at (64,0) size 16x15
                                  text run at (64,0) width 16: "=\""
                                RenderInline {span} at (0,0) size 40x15 [color=#1A1AA6]
                                  RenderText {#text} at (80,0) size 40x15
                                    text run at (80,0) width 40: "label"
                                RenderText {#text} at (120,0) size 8x15
                                  text run at (120,0) width 8: "\""
                              RenderText {#text} at (128,0) size 8x15
                                text run at (128,0) width 8: ">"
                            RenderInline {span} at (0,0) size 24x15
                              RenderText {#text} at (136,0) size 24x15
                                text run at (136,0) width 24: "one"
                            RenderInline {span} at (0,0) size 32x15 [color=#881280]
                              RenderText {#text} at (160,0) size 24x15
                                text run at (160,0) width 24: "</p"
                              RenderText {#text} at (184,0) size 8x15
                                text run at (184,0) width 8: ">"
                          RenderBlock (anonymous) at (0,30) size 741x0
                            RenderInline {span} at (0,0) size 0x0
                          RenderBlock {div} at (0,30) size 741x15
                            RenderInline {span} at (0,0) size 136x15 [color=#881280]
                              RenderText {#text} at (0,0) size 16x15
                                text run at (0,0) width 16: "<p"
                              RenderInline {span} at (0,0) size 112x15
                                RenderText {#text} at (16,0) size 8x15
                                  text run at (16,0) width 8: " "
                                RenderInline {span} at (0,0) size 40x15 [color=#994500]
                                  RenderText {#text} at (24,0) size 40x15
                                    text run at (24,0) width 40: "class"
                                RenderText {#text} at (64,0) size 16x15
                                  text run at (64,0) width 16: "=\""
                                RenderInline {span} at (0,0) size 40x15 [color=#1A1AA6]
                                  RenderText {#text} at (80,0) size 40x15
                                    text run at (80,0) width 40: "label"
                                RenderText {#text} at (120,0) size 8x15
                                  text run at (120,0) width 8: "\""
                              RenderText {#text} at (128,0) size 8x15
                                text run at (128,0) width 8: ">"
                            RenderInline {span} at (0,0) size 24x15
                              RenderText {#text} at (136,0) size 24x15
                                text run at (136,0) width 24: "two"
                            RenderInline {span} at (0,0) size 32x15 [color=#881280]
                              RenderText {#text} at (160,0) size 24x15
                                text run at (160,0) width 24: "</p"
                              RenderText {#text} at (184,0) size 8x15
                                text run at (184,0) width 8: ">"
                          RenderBlock (anonymous) at (0,45) size 741x0
                            RenderInline {span} at (0,0) size 0x0
                        RenderBlock {div} at (0,60) size 754x15
                          RenderInline {span} at (0,0) size 48x15 [color=#881280]
                            RenderText {#text} at (0,0) size 40x15
                              text run at (0,0) width 40: "</div"
                            RenderText {#text} at (40,0) size 8x15
                              text run at (40,0) width 8: ">"
                    RenderBlock (anonymous) at (0,105) size 754x0
                      RenderInline {span} at (0,0) size 0x0
                  RenderBlock {div} at (0,120) size 767x15
                    RenderInline {span} at (0,0) size 56x15 [color=#881280]
                      RenderText {#text} at (0,0) size 48x15
                        text run at (0,0) width 48: "</body"
                      RenderText {#text} at (48,0) size 8x15
                        text run at (48,0) width 8: ">"
              RenderBlock (anonymous) at (0,330) size 767x0
                RenderInline {span} at (0,0) size 0x0
            RenderBlock {div} at (0,345) size 780x15
              RenderInline {span} at (0,0) size 56x15 [color=#881280]
                RenderText {#text} at (0,0) size 48x15
                  text run at (0,0) width 48: "</html"
                RenderText {#text} at (48,0) size 8x15
                  text run at (48,0) width 8: ">"
