layer at (0,0) size 800x600
  RenderView at (0,0) size 800x600
layer at (0,0) size 800x325
  RenderBlock {HTML} at (0,0) size 800x325
    RenderBody {BODY} at (8,16) size 784x301
      RenderBlock {P} at (0,0) size 784x20
        RenderText {#text} at (0,0) size 57x19
          text run at (0,0) width 57: "Tests for "
        RenderInline {A} at (0,0) size 291x19 [color=#0000EE]
          RenderText {#text} at (57,0) size 291x19
            text run at (57,0) width 291: "https://bugs.webkit.org/show_bug.cgi?id=24552"
      RenderBlock (anonymous) at (0,36) size 784x125
        RenderText {#text} at (120,105) size 4x19
          text run at (120,105) width 4: " "
        RenderInline {A} at (0,0) size 57x19 [color=#0000EE]
          RenderText {#text} at (124,105) size 57x19
            text run at (124,105) width 57: "Link here"
        RenderText {#text} at (0,0) size 0x0
      RenderBlock {DIV} at (0,281) size 784x20
        RenderText {#text} at (0,0) size 162x19
          text run at (0,0) width 162: "Found link node, so PASS"
layer at (18,62) size 100x100
  RenderBlock {DIV} at (10,10) size 100x100 [bgcolor=#808080]
