layer at (0,0) size 800x600
  RenderView at (0,0) size 800x600
layer at (0,0) size 800x600
  RenderBlock {HTML} at (0,0) size 800x600
    RenderBody {BODY} at (8,8) size 784x584
      RenderBlock {P} at (0,0) size 784x40
        RenderText {#text} at (0,0) size 51x19
          text run at (0,0) width 51: "Test for "
        RenderInline {I} at (0,0) size 767x39
          RenderInline {A} at (0,0) size 350x19 [color=#0000EE]
            RenderText {#text} at (51,0) size 350x19
              text run at (51,0) width 350: "http://bugzilla.opendarwin.org/show_bug.cgi?id=9193"
          RenderText {#text} at (401,0) size 767x39
            text run at (401,0) width 4: " "
            text run at (405,0) width 362: "REGRESSION: setting an opacity on an element with an"
            text run at (0,20) width 319: "outline causes the outline to disappear completely"
        RenderText {#text} at (319,20) size 4x19
          text run at (319,20) width 4: "."
      RenderBlock {HR} at (0,56) size 784x2 [border: (1px inset #000000)]
layer at (8,74) size 100x100
  RenderBlock {DIV} at (0,66) size 100x100 [bgcolor=#C0C0C0]
