layer at (0,0) size 800x600
  RenderView at (0,0) size 800x600
layer at (0,0) size 800x600
  RenderBlock {HTML} at (0,0) size 800x600
    RenderBody {BODY} at (8,8) size 784x584
      RenderBlock (anonymous) at (0,0) size 784x20
        RenderText {#text} at (0,0) size 140x19
          text run at (0,0) width 140: "Scrollbars should work"
layer at (8,28) size 100x100 clip at (8,28) size 85x85 scrollWidth 238 scrollHeight 200
  RenderBlock (relative positioned) {DIV} at (0,20) size 100x100
    RenderText {#text} at (0,0) size 238x19
      text run at (0,0) width 238: "aaaaaaaaaaaaaaaaaaaaaaaaaaaaaaaaaa"
    RenderBR {BR} at (0,0) size 0x0
    RenderText {#text} at (0,20) size 7x19
      text run at (0,20) width 7: "a"
    RenderBR {BR} at (7,35) size 0x0
    RenderText {#text} at (0,40) size 7x19
      text run at (0,40) width 7: "a"
    RenderBR {BR} at (7,55) size 0x0
    RenderText {#text} at (0,60) size 7x19
      text run at (0,60) width 7: "a"
    RenderBR {BR} at (7,75) size 0x0
    RenderText {#text} at (0,80) size 7x19
      text run at (0,80) width 7: "a"
    RenderBR {BR} at (7,95) size 0x0
    RenderText {#text} at (0,100) size 7x19
      text run at (0,100) width 7: "a"
    RenderBR {BR} at (7,115) size 0x0
    RenderText {#text} at (0,120) size 7x19
      text run at (0,120) width 7: "a"
    RenderBR {BR} at (7,135) size 0x0
    RenderText {#text} at (0,140) size 7x19
      text run at (0,140) width 7: "a"
    RenderBR {BR} at (7,155) size 0x0
    RenderText {#text} at (0,160) size 7x19
      text run at (0,160) width 7: "a"
    RenderBR {BR} at (7,175) size 0x0
    RenderText {#text} at (0,180) size 7x19
      text run at (0,180) width 7: "a"
    RenderBR {BR} at (7,195) size 0x0
