layer at (0,0) size 800x600
  RenderView at (0,0) size 800x600
layer at (0,0) size 800x600
  RenderBlock {HTML} at (0,0) size 800x600
    RenderBody {BODY} at (8,8) size 784x584
      RenderBlock {DIV} at (0,0) size 784x20
        RenderText {#text} at (0,0) size 0x0
layer at (108,8) size 32x19
  RenderInline (relative positioned) {SPAN} at (0,0) size 32x19
    RenderText {#text} at (0,0) size 32x19
      text run at (0,0) width 32: "Hello"
layer at (158,58) size 32x20
  RenderBlock (positioned) {DIV} at (50,50) size 32x20 [color=#FFFFFF] [bgcolor=#008000]
    RenderText {#text} at (0,0) size 32x19
      text run at (0,0) width 32: "Hello"
