layer at (0,0) size 800x600
  RenderView at (0,0) size 800x600
layer at (0,0) size 800x600
  RenderBlock {HTML} at (0,0) size 800x600 [border: (100px solid #000000)]
    RenderBody {BODY} at (108,108) size 584x384
layer at (600,400) size 200x200
  RenderBlock (positioned) {DIV} at (600,400) size 200x200 [bgcolor=#008000]
    RenderText {#text} at (0,0) size 199x59
      text run at (0,0) width 170: "This should be in the bottom"
      text run at (0,20) width 199: "right-hand corner of the viewport"
      text run at (0,40) width 116: "even when resizing."
