layer at (0,0) size 800x600
  RenderView at (0,0) size 800x600
layer at (0,0) size 800x600
  RenderBlock {HTML} at (0,0) size 800x600
    RenderBody {BODY} at (8,8) size 784x576
      RenderBlock {P} at (0,0) size 784x20
        RenderText {#text} at (0,0) size 551x19
          text run at (0,0) width 335: "In this test case you should only see one line green text. "
          text run at (335,0) width 216: "If there is any red the test has failed."
layer at (8,44) size 121x20
  RenderBlock (positioned) {DIV} at (0,0) size 121x20 [color=#008000]
    RenderText {#text} at (0,0) size 121x19
      text run at (0,0) width 121: "You should see this."
