layer at (0,0) size 800x600
  RenderView at (0,0) size 800x600
layer at (0,0) size 800x600
  RenderBlock {HTML} at (0,0) size 800x600
    RenderBody {BODY} at (8,8) size 784x576
      RenderBlock {P} at (0,0) size 784x20
        RenderText {#text} at (0,0) size 373x19
          text run at (0,0) width 373: "The green square should be on the right hand side of the page."
      RenderBlock {DIV} at (0,36) size 784x0
layer at (692,44) size 100x100
  RenderBlock (positioned) {DIV} at (692,44) size 100x100 [bgcolor=#90EE90]
