layer at (0,0) size 800x600
  RenderView at (0,0) size 800x600
layer at (0,0) size 800x600
  RenderBlock {HTML} at (0,0) size 800x600
    RenderBody {BODY} at (8,8) size 784x584
      RenderBlock {P} at (0,0) size 784x20
        RenderText {#text} at (0,0) size 595x19
          text run at (0,0) width 595: "The black outline box should be a 50px by 50px square with its top left corner anchored to the left "
        RenderInline {SPAN} at (0,0) size 25x19 [color=#0000FF]
          RenderText {#text} at (595,0) size 25x19
            text run at (595,0) width 25: "blue"
        RenderText {#text} at (620,0) size 140x19
          text run at (620,0) width 140: " border on the first line."
      RenderBlock {DIV} at (0,36) size 600x80
        RenderText {#text} at (0,0) size 178x19
          text run at (0,0) width 178: "ILorem ipsum dolor sit amet, "
        RenderText {#text} at (425,40) size 559x39
          text run at (425,40) width 134: "duis aute irure dolor in"
          text run at (0,60) width 185: "reprehenderit in voluptate velit."
layer at (8,44) size 595x61
  RenderInline (relative positioned) {SPAN} at (0,0) size 595x61 [bgcolor=#008000] [border: (1px solid #808080) (20px solid #FFA500) (1px solid #808080) (20px solid #0000FF)]
    RenderText {#text} at (218,0) size 595x39
      text run at (218,0) width 377: "con a pariatur. Excepteur sint occaecat cupidatat non proident,"
      text run at (0,20) width 284: "sunt in culp qui officia deserunt mollit animequs "
    RenderText {#text} at (284,20) size 552x39
      text run at (284,20) width 268: "ILOREM ipsum dol sDuis aute irure dolor in"
      text run at (0,40) width 385: "reprehenderit in voluptate velit esse cillum dolore eu fugiat nullat "
layer at (216,44) size 50x50
  RenderBlock (positioned) {DIV} at (20,1) size 50x50
