layer at (0,0) size 800x600
  RenderView at (0,0) size 800x600
layer at (0,0) size 800x600
  RenderBlock {HTML} at (0,0) size 800x600
    RenderBody {BODY} at (8,8) size 784x584
      RenderBlock {P} at (0,0) size 784x40
        RenderText {#text} at (0,0) size 634x19
          text run at (0,0) width 634: "The black outline box should be a 50px by 50px square with its bottom right corner anchored to the right "
        RenderInline {SPAN} at (0,0) size 41x19 [color=#FFA500]
          RenderText {#text} at (634,0) size 41x19
            text run at (634,0) width 41: "orange"
        RenderText {#text} at (675,0) size 761x39
          text run at (675,0) width 86: " border on the"
          text run at (0,20) width 55: "third line."
      RenderBlock {DIV} at (0,56) size 600x80
        RenderText {#text} at (0,0) size 178x19
          text run at (0,0) width 178: "ILorem ipsum dolor sit amet, "
        RenderText {#text} at (425,40) size 559x39
          text run at (425,40) width 134: "duis aute irure dolor in"
          text run at (0,60) width 185: "reprehenderit in voluptate velit."
layer at (8,64) size 595x61
  RenderInline (relative positioned) {SPAN} at (0,0) size 595x61 [bgcolor=#008000] [border: (1px solid #808080) (20px solid #FFA500) (1px solid #808080) (20px solid #0000FF)]
    RenderText {#text} at (218,0) size 595x39
      text run at (218,0) width 377: "con a pariatur. Excepteur sint occaecat cupidatat non proident,"
      text run at (0,20) width 284: "sunt in culp qui officia deserunt mollit animequs "
    RenderText {#text} at (284,20) size 552x39
      text run at (284,20) width 268: "ILOREM ipsum dol sDuis aute irure dolor in"
      text run at (0,40) width 385: "reprehenderit in voluptate velit esse cillum dolore eu fugiat nullat "
layer at (353,73) size 50x50
  RenderBlock (positioned) {DIV} at (157,10) size 50x50
