layer at (0,0) size 800x600
  RenderView at (0,0) size 800x600
layer at (0,0) size 800x600
  RenderBlock {HTML} at (0,0) size 800x600
    RenderBody {BODY} at (8,8) size 784x584
      RenderBlock {P} at (0,0) size 784x20
        RenderText {#text} at (0,0) size 599x19
          text run at (0,0) width 599: "The red box should be entirely inside the black box with the text content spilling out of both of them."
layer at (8,44) size 404x104
  RenderBlock (relative positioned) {DIV} at (0,36) size 404x104 [border: (2px solid #000000)]
layer at (10,66) size 400x60
  RenderBlock (positioned) {DIV} at (2,22) size 400x60 [border: (2px solid #FF0000)]
    RenderText {#text} at (2,2) size 388x139
      text run at (2,2) width 378: "Lorem ipsum dolor sit amet, consectetur adipisicing elit, sed do"
      text run at (2,22) width 378: "eiusmod tempor incididunt ut labore et dolore magna aliqua. Ut"
      text run at (2,42) width 380: "enim ad minim veniam, quis nostrud exercitation ullamco laboris"
      text run at (2,62) width 388: "nisi ut aliquip ex ea commodo consequat. Duis aute irure dolor in"
      text run at (2,82) width 377: "reprehenderit in voluptate velit esse cillum dolore eu fugiat nulla"
      text run at (2,102) width 382: "pariatur. Excepteur sint occaecat cupidatat non proident, sunt in"
      text run at (2,122) width 310: "culpa qui officia deserunt mollit anim id est laborum."
