layer at (0,0) size 800x600
  RenderView at (0,0) size 800x600
layer at (0,0) size 800x42
  RenderBlock {HTML} at (0,0) size 800x42
    RenderBody {BODY} at (8,8) size 784x26
      RenderText {#text} at (0,0) size 0x0
layer at (8,10) size 100x22
  RenderButton {BUTTON} at (0,2) size 100x22 [bgcolor=#F0F0F0] [border: (2px outset #F0F0F0)]
    RenderBlock (anonymous) at (8,3) size 84x16
      RenderText {#text} at (16,0) size 52x16
        text run at (16,0) width 52: "Click Me"
layer at (84,29) size 27x16
  RenderBlock (positioned) {DIV} at (76,19) size 27x16
    RenderText {#text} at (0,0) size 27x16
      text run at (0,0) width 27: "Now"
