layer at (0,0) size 814x854
  RenderView at (0,0) size 785x585
layer at (0,0) size 785x585
  RenderBlock {HTML} at (0,0) size 785x585
    RenderBody {BODY} at (8,8) size 769x569
      RenderText {#text} at (0,0) size 757x39
        text run at (0,0) width 757: "Document canvas should be big enough to fit both blue and red (relative positioned) rectangles (ie. have scrollbars if they don't"
        text run at (0,20) width 86: "fit to the view)"
layer at (8,48) size 504x504
  RenderBlock (positioned) {DIV} at (8,48) size 504x504 [border: (2px solid #0000FF)]
layer at (310,350) size 504x504
  RenderBlock (relative positioned) {DIV} at (2,2) size 504x504 [border: (2px solid #FF0000)]
