layer at (0,0) size 800x600
  RenderView at (0,0) size 800x600
layer at (0,0) size 800x600
  RenderBlock {HTML} at (0,0) size 800x600
    RenderBody {BODY} at (8,8) size 784x584
      RenderBlock {P} at (0,0) size 784x40
        RenderText {#text} at (0,0) size 202x19
          text run at (0,0) width 202: "This tests for a regression against "
        RenderInline {I} at (0,0) size 750x39
          RenderInline {A} at (0,0) size 350x19 [color=#0000EE]
            RenderText {#text} at (202,0) size 350x19
              text run at (202,0) width 350: "http://bugzilla.opendarwin.org/show_bug.cgi?id=7095"
          RenderText {#text} at (552,0) size 750x39
            text run at (552,0) width 4: " "
            text run at (556,0) width 194: "Removing positioning from an"
            text run at (0,20) width 223: "element does not relayout properly"
        RenderText {#text} at (223,20) size 4x19
          text run at (223,20) width 4: "."
      RenderBlock {P} at (0,56) size 784x20
        RenderText {#text} at (0,0) size 355x19
          text run at (0,0) width 355: "The green square should be to the left of the yellow square."
      RenderBlock {HR} at (0,92) size 784x2 [border: (1px inset #000000)]
layer at (8,110) size 200x100
  RenderBlock (relative positioned) {DIV} at (0,102) size 200x100 [bgcolor=#FFFF00]
    RenderBlock {DIV} at (0,0) size 100x100 [bgcolor=#008000]
