layer at (0,0) size 800x600
  RenderView at (0,0) size 800x600
layer at (0,0) size 800x416
  RenderBlock {HTML} at (0,0) size 800x416
    RenderBody {BODY} at (8,8) size 784x400
      RenderBlock (anonymous) at (0,0) size 784x20
        RenderText {#text} at (0,0) size 549x19
          text run at (0,0) width 297: "There should be a green 100x100 square below. "
          text run at (297,0) width 252: "If you see any red, then the test has failed."
layer at (8,28) size 380x380
  RenderBlock (relative positioned) {DIV} at (0,20) size 380x380 [border: (20px solid #00000000)]
    RenderInline {SPAN} at (0,0) size 250x19
      RenderText {#text} at (0,0) size 0x0
      RenderBlock {DIV} at (90,40) size 250x220 [border: (10px solid #00000000)]
      RenderText {#text} at (0,0) size 0x0
    RenderText {#text} at (0,0) size 0x0
layer at (228,78) size 100x100
  RenderBlock (positioned) {DIV} at (220,50) size 100x100 [bgcolor=#FF0000]
layer at (228,78) size 100x100
  RenderBlock (positioned) {DIV} at (220,50) size 100x100 [bgcolor=#008000]
