layer at (0,0) size 785x711
  RenderView at (0,0) size 785x600
layer at (0,0) size 785x711
  RenderBlock {HTML} at (0,0) size 785x711
    RenderBody {BODY} at (8,8) size 769x695 [bgcolor=#CCCCCC]
      RenderBlock {P} at (0,0) size 769x18
        RenderInline (generated) at (0,0) size 10x18 [color=#800000]
          RenderText at (0,0) size 10x18
            text run at (0,0) width 10: "T"
        RenderText {#text} at (9,0) size 354x18
          text run at (9,0) width 354: "he style declarations which apply to the text below are:"
      RenderBlock {PRE} at (0,34) size 769x60
        RenderText {#text} at (0,0) size 305x60
          text run at (0,0) width 242: "P:first-letter {color: maroon;}"
          text run at (241,0) width 1: " "
          text run at (0,15) width 281: ".two:first-letter {font-size: 200%;}"
          text run at (280,15) width 1: " "
          text run at (0,30) width 305: "P.three:first-letter {font-size: 350%;}"
          text run at (304,30) width 1: " "
          text run at (0,45) width 0: " "
      RenderBlock {P} at (0,125) size 769x54
        RenderInline (generated) at (0,0) size 10x18 [color=#800000]
          RenderText at (0,0) size 10x18
            text run at (0,0) width 10: "T"
        RenderText {#text} at (0,0) size 766x54
          text run at (9,0) width 444: "he first letter of this paragraph, and only that one, should be maroon. "
          text run at (452,0) width 304: "If this precise combination does not occur, then"
          text run at (0,18) width 216: "the user agent has failed this test. "
          text run at (215,18) width 551: "Remember that in order to ensure a complete test, the paragraph must be displayed on"
          text run at (0,36) width 124: "more than one line."
      RenderBlock {P} at (0,195) size 769x73
        RenderInline (generated) at (0,0) size 20x37 [color=#800000]
          RenderText at (0,0) size 20x37
            text run at (0,0) width 20: "T"
        RenderText {#text} at (0,15) size 751x58
          text run at (19,15) width 625: "he first letter of this paragraph, and only that one, should be a larger font size, as well as maroon. "
          text run at (643,15) width 88: "If this precise"
          text run at (0,37) width 433: "combination does not occur, then the user agent has failed this test. "
          text run at (432,37) width 319: "Remember that in order to ensure a complete test,"
          text run at (0,55) width 355: "the paragraph must be displayed on more than one line."
      RenderBlock {P} at (0,284) size 769x100
        RenderInline (generated) at (0,0) size 76x64 [color=#800000]
          RenderText at (0,0) size 76x64
            text run at (0,0) width 76: "\"W"
        RenderText {#text} at (0,36) size 754x64
          text run at (75,36) width 325: "e should check for quotation support,\" it was said. "
          text run at (399,36) width 338: "The first two characters in this paragraph-- a double-"
          text run at (0,64) width 628: "quote mark and a capital 'W'-- should be 350% bigger than the rest of the paragraph, and maroon. "
          text run at (627,64) width 127: "Note that this is not"
          text run at (0,82) width 289: "required under CSS1, but it is recommended."
      RenderTable {TABLE} at (0,400) size 769x295 [border: (1px outset #808080)]
        RenderTableSection {TBODY} at (1,1) size 767x293
          RenderTableRow {TR} at (0,0) size 767x26
            RenderTableCell {TD} at (0,0) size 767x26 [bgcolor=#C0C0C0] [border: (1px inset #808080)] [r=0 c=0 rs=1 cs=2]
              RenderInline {STRONG} at (4,4) size 161x18
                RenderText {#text} at (4,4) size 161x18
                  text run at (4,4) width 161: "TABLE Testing Section"
          RenderTableRow {TR} at (0,26) size 767x267
            RenderTableCell {TD} at (0,146) size 12x27 [bgcolor=#C0C0C0] [border: (1px inset #808080)] [r=1 c=0 rs=1 cs=1]
              RenderText {#text} at (4,124) size 4x19
                text run at (4,4) width 4: " "
            RenderTableCell {TD} at (12,26) size 755x267 [border: (1px inset #808080)] [r=1 c=1 rs=1 cs=1]
              RenderBlock {P} at (4,4) size 747x54
                RenderInline (generated) at (0,0) size 10x18 [color=#800000]
                  RenderText at (0,0) size 10x18
                    text run at (0,0) width 10: "T"
                RenderText {#text} at (0,0) size 725x54
                  text run at (9,0) width 444: "he first letter of this paragraph, and only that one, should be maroon. "
                  text run at (452,0) width 273: "If this precise combination does not occur,"
                  text run at (0,18) width 248: "then the user agent has failed this test. "
                  text run at (247,18) width 465: "Remember that in order to ensure a complete test, the paragraph must be"
                  text run at (0,36) width 209: "displayed on more than one line."
              RenderBlock {P} at (4,74) size 747x73
                RenderInline (generated) at (0,0) size 20x37 [color=#800000]
                  RenderText at (0,0) size 20x37
                    text run at (0,0) width 20: "T"
                RenderText {#text} at (0,15) size 731x58
                  text run at (19,15) width 625: "he first letter of this paragraph, and only that one, should be a larger font size, as well as maroon. "
                  text run at (643,15) width 88: "If this precise"
                  text run at (0,37) width 433: "combination does not occur, then the user agent has failed this test. "
                  text run at (432,37) width 289: "Remember that in order to ensure a complete"
                  text run at (0,55) width 385: "test, the paragraph must be displayed on more than one line."
              RenderBlock {P} at (4,163) size 747x100
                RenderInline (generated) at (0,0) size 76x64 [color=#800000]
                  RenderText at (0,0) size 76x64
                    text run at (0,0) width 76: "\"W"
                RenderText {#text} at (0,36) size 737x64
                  text run at (75,36) width 325: "e should check for quotation support,\" it was said. "
                  text run at (399,36) width 338: "The first two characters in this paragraph-- a double-"
                  text run at (0,64) width 628: "quote mark and a capital 'W'-- should be 350% bigger than the rest of the paragraph, and maroon. "
                  text run at (627,64) width 102: "Note that this is"
                  text run at (0,82) width 314: "not required under CSS1, but it is recommended."
layer at (8,115) size 769x2 clip at (0,0) size 0x0
  RenderBlock {HR} at (0,107) size 769x2 [color=#808080] [border: (1px inset #808080)]
