layer at (0,0) size 800x600
  RenderView at (0,0) size 800x600
layer at (0,0) size 800x118
  RenderBlock {HTML} at (0,0) size 800x118
    RenderBody {BODY} at (8,16) size 784x86
      RenderBlock {P} at (0,0) size 784x18
        RenderText {#text} at (0,0) size 295x17
          text run at (0,0) width 295: "The following paragraphs should be identical:"
      RenderBlock {P} at (0,34) size 784x18
        RenderText {#text} at (0,0) size 199x17
          text run at (0,0) width 199: "This should be in a bold font."
      RenderBlock {P} at (0,68) size 784x18
        RenderText {#text} at (0,0) size 199x17
          text run at (0,0) width 199: "This should be in a bold font."
