layer at (0,0) size 800x600
  RenderView at (0,0) size 800x600
layer at (0,0) size 800x50
  RenderBlock {HTML} at (0,0) size 800x50
    RenderBody {BODY} at (8,16) size 784x18
      RenderBlock {P} at (0,0) size 784x18 [color=#FFFFFF]
        RenderText {#text} at (0,0) size 244x17
          text run at (0,0) width 244: "This should have a green background."
