layer at (0,0) size 800x600
  RenderView at (0,0) size 800x600
layer at (0,0) size 800x152
  RenderBlock {HTML} at (0,0) size 800x152
    RenderBody {BODY} at (8,16) size 784x120 [color=#000080]
      RenderBlock {P} at (0,0) size 784x18
        RenderText {#text} at (0,0) size 326x17
          text run at (0,0) width 326: "These four lines should look identical, to the pixel."
      RenderBlock {P} at (0,34) size 784x18
        RenderText {#text} at (0,0) size 326x17
          text run at (0,0) width 326: "These four lines should look identical, to the pixel."
      RenderBlock {P} at (0,68) size 784x18
        RenderText {#text} at (0,0) size 326x17
          text run at (0,0) width 326: "These four lines should look identical, to the pixel."
      RenderBlock {P} at (0,102) size 784x18
        RenderText {#text} at (0,0) size 326x17
          text run at (0,0) width 326: "These four lines should look identical, to the pixel."
