layer at (0,0) size 800x600
  RenderView at (0,0) size 800x600
layer at (0,0) size 800x560
  RenderBlock {HTML} at (0,0) size 800x560
    RenderBody {BODY} at (8,16) size 784x528 [color=#008000]
      RenderBlock {P} at (0,0) size 784x18
        RenderText {#text} at (0,0) size 166x17
          text run at (0,0) width 166: "This line should be green."
      RenderBlock {P} at (0,34) size 784x18
        RenderText {#text} at (0,0) size 166x17
          text run at (0,0) width 166: "This line should be green."
      RenderBlock {P} at (0,68) size 784x18
        RenderText {#text} at (0,0) size 166x17
          text run at (0,0) width 166: "This line should be green."
      RenderBlock {P} at (0,102) size 784x18
        RenderText {#text} at (0,0) size 166x17
          text run at (0,0) width 166: "This line should be green."
      RenderBlock {OL} at (0,136) size 784x18
        RenderListItem {LI} at (40,0) size 744x18
          RenderListMarker at (-20,0) size 16x17: "1"
          RenderText {#text} at (0,0) size 166x17
            text run at (0,0) width 166: "This line should be green."
      RenderBlock {P} at (0,170) size 784x18
        RenderText {#text} at (0,0) size 166x17
          text run at (0,0) width 166: "This line should be green."
      RenderBlock {UL} at (0,204) size 784x18
        RenderListItem {LI} at (40,0) size 744x18
          RenderListMarker at (-17,0) size 7x17: bullet
          RenderText {#text} at (0,0) size 166x17
            text run at (0,0) width 166: "This line should be green."
      RenderBlock {BLOCKQUOTE} at (40,238) size 704x18
        RenderBlock {P} at (0,0) size 704x18
          RenderText {#text} at (0,0) size 166x17
            text run at (0,0) width 166: "This line should be green."
      RenderBlock {P} at (0,272) size 784x18
        RenderInline {ACRONYM} at (0,0) size 166x17
          RenderText {#text} at (0,0) size 166x17
            text run at (0,0) width 166: "This line should be green."
        RenderText {#text} at (0,0) size 0x0
      RenderBlock {ADDRESS} at (0,306) size 784x18
        RenderText {#text} at (0,0) size 166x17
          text run at (0,0) width 166: "This line should be green."
      RenderBlock {P} at (0,340) size 784x18
        RenderInline {SPAN} at (0,0) size 166x17
          RenderText {#text} at (0,0) size 166x17
            text run at (0,0) width 166: "This line should be green."
        RenderText {#text} at (0,0) size 0x0
      RenderBlock {P} at (0,374) size 784x18
        RenderText {#text} at (0,0) size 166x17
          text run at (0,0) width 166: "This line should be green."
      RenderBlock {P} at (0,408) size 784x18
        RenderText {#text} at (0,0) size 166x17
          text run at (0,0) width 166: "This line should be green."
      RenderBlock {P} at (0,442) size 784x18
        RenderText {#text} at (0,0) size 166x17
          text run at (0,0) width 166: "This line should be green."
      RenderBlock {P} at (0,476) size 784x18
        RenderText {#text} at (48,0) size 166x17
          text run at (48,0) width 166: "This line should be green."
      RenderBlock {P} at (0,510) size 784x18
        RenderText {#text} at (0,0) size 166x17
          text run at (0,0) width 166: "This line should be green."
