layer at (0,0) size 800x600
  RenderView at (0,0) size 800x600
layer at (0,0) size 800x220
  RenderBlock {HTML} at (0,0) size 800x220
    RenderBody {BODY} at (8,16) size 784x188 [color=#FF0000]
      RenderBlock {P} at (0,0) size 784x18 [color=#008000]
        RenderText {#text} at (0,0) size 166x17
          text run at (0,0) width 166: "This line should be green."
      RenderBlock {P} at (0,34) size 784x18 [color=#008000]
        RenderText {#text} at (0,0) size 166x17
          text run at (0,0) width 166: "This line should be green."
      RenderBlock {P} at (0,68) size 784x18 [color=#008000]
        RenderText {#text} at (0,0) size 166x17
          text run at (0,0) width 166: "This line should be green."
      RenderBlock {P} at (0,102) size 784x18 [color=#008000]
        RenderText {#text} at (0,0) size 166x17
          text run at (0,0) width 166: "This line should be green."
      RenderBlock {P} at (0,136) size 784x18 [color=#008000]
        RenderText {#text} at (0,0) size 166x17
          text run at (0,0) width 166: "This line should be green."
      RenderBlock {P} at (0,170) size 784x18 [color=#008000]
        RenderText {#text} at (0,0) size 166x17
          text run at (0,0) width 166: "This line should be green."
