layer at (0,0) size 800x600
  RenderView at (0,0) size 800x600
layer at (0,0) size 800x152
  RenderBlock {HTML} at (0,0) size 800x152
    RenderBody {BODY} at (8,16) size 784x120
      RenderBlock {P} at (0,0) size 784x18
        RenderText {#text} at (0,0) size 344x17
          text run at (0,0) width 344: "The following three paragraphs should look identical:"
      RenderBlock {P} at (0,34) size 784x18
        RenderText {#text} at (0,0) size 153x17
          text run at (0,0) width 153: "This is a test paragraph."
      RenderBlock {P} at (0,68) size 784x18
        RenderInline (generated) at (0,0) size 33x17
          RenderText at (0,0) size 33x17
            text run at (0,0) width 33: "This "
        RenderText {#text} at (32,0) size 121x17
          text run at (32,0) width 121: "is a test paragraph."
      RenderBlock {P} at (0,102) size 784x18
        RenderInline (generated) at (0,0) size 33x17
          RenderText at (0,0) size 33x17
            text run at (0,0) width 33: "This "
        RenderText {#text} at (32,0) size 121x17
          text run at (32,0) width 121: "is a test paragraph."
