layer at (0,0) size 800x600
  RenderView at (0,0) size 800x600
layer at (0,0) size 800x102
  RenderBlock {HTML} at (0,0) size 800x102
    RenderBody {BODY} at (8,16) size 784x70 [color=#FF0000]
      RenderBlock {P} at (0,0) size 784x18 [color=#008000]
        RenderText {#text} at (0,0) size 166x17
          text run at (0,0) width 166: "This line should be green."
      RenderBlock {UL} at (0,34) size 784x36
        RenderListItem {LI} at (40,0) size 744x36
          RenderBlock (anonymous) at (0,0) size 744x18
            RenderInline {SPAN} at (0,0) size 166x17 [color=#008000]
              RenderText {#text} at (0,0) size 166x17
                text run at (0,0) width 166: "This line should be green."
            RenderText {#text} at (0,0) size 0x0
          RenderBlock {UL} at (0,18) size 744x18
            RenderListItem {LI} at (40,0) size 704x18 [color=#008000]
              RenderText {#text} at (0,0) size 166x17
                text run at (0,0) width 166: "This line should be green."
