layer at (0,0) size 800x600
  RenderView at (0,0) size 800x600
layer at (0,0) size 800x255
  RenderBlock {HTML} at (0,0) size 800x255
    RenderBody {BODY} at (8,16) size 784x223 [color=#0000FF]
      RenderBlock {P} at (0,0) size 784x36
        RenderInline (generated) at (0,0) size 10x17 [color=#008000]
          RenderText at (0,0) size 10x17
            text run at (0,0) width 10: "T"
        RenderText {#text} at (9,0) size 20x17
          text run at (9,0) width 20: "he "
        RenderInline {STRONG} at (0,0) size 70x17
          RenderText {#text} at (28,0) size 70x17
            text run at (28,0) width 70: "first letter"
        RenderText {#text} at (97,0) size 306x17
          text run at (97,0) width 209: " of this paragraph, and only that "
          text run at (305,0) width 98: "one, should be "
        RenderInline {STRONG} at (0,0) size 39x17
          RenderText {#text} at (402,0) size 39x17
            text run at (402,0) width 39: "green"
        RenderText {#text} at (440,0) size 776x35
          text run at (440,0) width 184: ". If this precise combination "
          text run at (623,0) width 153: "does not occur, then the"
          text run at (0,18) width 189: "user agent has failed this test."
      RenderBlock {P} at (0,52) size 784x55
        RenderInline (generated) at (0,0) size 20x36 [color=#008000]
          RenderText at (0,0) size 20x36
            text run at (0,0) width 20: "T"
        RenderText {#text} at (19,15) size 20x17
          text run at (19,15) width 20: "he "
        RenderInline {STRONG} at (0,0) size 70x17
          RenderText {#text} at (38,15) size 70x17
            text run at (38,15) width 70: "first letter"
        RenderText {#text} at (107,15) size 333x17
          text run at (107,15) width 209: " of this paragraph, and only that "
          text run at (315,15) width 125: "one, should be in a "
        RenderInline {STRONG} at (0,0) size 43x17
          RenderText {#text} at (439,15) size 43x17
            text run at (439,15) width 43: "larger"
        RenderText {#text} at (481,15) size 134x17
          text run at (481,15) width 134: " font size, as well as "
        RenderInline {STRONG} at (0,0) size 39x17
          RenderText {#text} at (614,15) size 39x17
            text run at (614,15) width 39: "green"
        RenderText {#text} at (652,15) size 748x39
          text run at (652,15) width 96: ". If this precise"
          text run at (0,37) width 185: "combination does not occur, "
          text run at (184,37) width 245: "then the user agent has failed this test."
      RenderBlock {P} at (0,123) size 784x100
        RenderInline (generated) at (0,0) size 58x62 [color=#008000]
          RenderText at (0,1) size 58x62
            text run at (0,1) width 58: "\"T"
        RenderText {#text} at (57,37) size 20x17
          text run at (57,37) width 20: "he "
        RenderInline {STRONG} at (0,0) size 134x17
          RenderText {#text} at (76,37) size 134x17
            text run at (76,37) width 134: "first two characters"
        RenderText {#text} at (209,37) size 461x17
          text run at (209,37) width 133: " in this paragraph (a "
          text run at (341,37) width 329: "double-quote mark and a capital 'T') should be in a "
        RenderInline {STRONG} at (0,0) size 85x17
          RenderText {#text} at (669,37) size 85x17
            text run at (669,37) width 43: "much "
            text run at (711,37) width 43: "larger"
        RenderText {#text} at (753,37) size 784x44
          text run at (753,37) width 31: " font"
          text run at (0,64) width 252: "size than the rest of the paragraph, and "
        RenderInline {STRONG} at (0,0) size 38x17
          RenderText {#text} at (251,64) size 38x17
            text run at (251,64) width 38: "green"
        RenderText {#text} at (288,64) size 759x35
          text run at (288,64) width 285: ". If this precise combination does not occur, "
          text run at (572,64) width 187: "then the user agent has failed"
          text run at (0,82) width 54: "this test."
