layer at (0,0) size 800x600
  RenderView at (0,0) size 800x600
layer at (0,0) size 800x50
  RenderBlock {HTML} at (0,0) size 800x50
    RenderBody {BODY} at (8,16) size 784x18
      RenderBlock {P} at (0,0) size 784x18
        RenderInline {A} at (0,0) size 261x17 [color=#0000FF]
          RenderText {#text} at (0,0) size 261x17
            text run at (0,0) width 261: "If you focus this link, it should go green."
