layer at (0,0) size 800x600
  RenderView at (0,0) size 800x600
layer at (0,0) size 800x454
  RenderBlock {HTML} at (0,0) size 800x454
    RenderBody {BODY} at (8,16) size 784x430 [color=#0000FF]
      RenderBlock {P} at (0,0) size 784x237
        RenderInline (generated) at (0,0) size 88x159 [color=#00FFFF]
          RenderText at (0,3) size 88x159
            text run at (0,3) width 88: "T"
        RenderText {#text} at (87,88) size 59x53
          text run at (87,88) width 59: "he "
        RenderInline {STRONG} at (0,0) size 207x53
          RenderText {#text} at (145,88) size 207x53
            text run at (145,88) width 207: "first letter"
        RenderText {#text} at (351,88) size 783x94
          text run at (351,88) width 432: " of this paragraph, and"
          text run at (0,165) width 61: "only that "
          text run at (60,165) width 98: "one, should be "
        RenderInline {STRONG} at (0,0) size 88x17
          RenderText {#text} at (157,165) size 88x17
            text run at (157,165) width 88: "600% bigger"
        RenderText {#text} at (244,165) size 527x17
          text run at (244,165) width 138: " than the normal text "
          text run at (381,165) width 390: "(300% bigger than the rest of first line of this paragraph) and"
        RenderInline {STRONG} at (0,0) size 34x17
          RenderText {#text} at (0,183) size 34x17
            text run at (0,183) width 34: "aqua"
        RenderText {#text} at (33,183) size 113x17
          text run at (33,183) width 113: ", while the entire "
        RenderInline {STRONG} at (0,0) size 58x17
          RenderText {#text} at (145,183) size 58x17
            text run at (145,183) width 58: "first line"
        RenderText {#text} at (202,183) size 71x17
          text run at (202,183) width 5: " "
          text run at (206,183) width 67: "should be "
        RenderInline {STRONG} at (0,0) size 88x17
          RenderText {#text} at (272,183) size 88x17
            text run at (272,183) width 88: "300% bigger"
        RenderText {#text} at (359,183) size 113x17
          text run at (359,183) width 113: " than normal and "
        RenderInline {STRONG} at (0,0) size 26x17
          RenderText {#text} at (471,183) size 26x17
            text run at (471,183) width 26: "teal"
        RenderText {#text} at (496,183) size 778x53
          text run at (496,183) width 281: ". If this precise combination does not occur,"
          text run at (0,201) width 421: "then the user agent has failed this test. Remember that in order to "
          text run at (420,201) width 358: "ensure a complete test, the paragraph must be displayed"
          text run at (0,219) width 57: "on more "
          text run at (56,219) width 149: "than one line. (TEST1)"
      RenderBlock {P} at (0,253) size 784x73
        RenderInline (generated) at (0,0) size 33x36 [color=#00FFFF]
          RenderText at (0,0) size 33x36
            text run at (0,0) width 33: "\"T"
        RenderText {#text} at (32,15) size 99x17
          text run at (32,15) width 99: "est\": The first "
        RenderInline {STRONG} at (0,0) size 111x17
          RenderText {#text} at (130,15) size 111x17
            text run at (130,15) width 111: "two characters"
        RenderText {#text} at (240,15) size 452x17
          text run at (240,15) width 121: " in this paragraph "
          text run at (360,15) width 332: "(a double-quote mark and a capital 'T') should be "
        RenderInline {STRONG} at (0,0) size 89x17
          RenderText {#text} at (691,15) size 89x17
            text run at (691,15) width 45: "200% "
            text run at (735,15) width 45: "bigger"
        RenderText {#text} at (0,37) size 223x17
          text run at (0,37) width 223: "than the rest of the paragraph, and "
        RenderInline {STRONG} at (0,0) size 34x17
          RenderText {#text} at (222,37) size 34x17
            text run at (222,37) width 34: "aqua"
        RenderText {#text} at (255,37) size 151x17
          text run at (255,37) width 151: ". In addition, the entire "
        RenderInline {STRONG} at (0,0) size 58x17
          RenderText {#text} at (405,37) size 58x17
            text run at (405,37) width 34: "first "
            text run at (438,37) width 25: "line"
        RenderText {#text} at (462,37) size 99x17
          text run at (462,37) width 99: " should be in a "
        RenderInline {STRONG} at (0,0) size 163x17
          RenderText {#text} at (560,37) size 163x17
            text run at (560,37) width 138: "small-caps font and "
            text run at (697,37) width 26: "teal"
        RenderText {#text} at (722,37) size 738x35
          text run at (722,37) width 5: "."
          text run at (0,55) width 323: "Remember that in order to ensure a complete test, "
          text run at (322,55) width 416: "the paragraph must be displayed on more than one line. (TEST2)"
      RenderBlock {P} at (0,342) size 784x54
        RenderInline (generated) at (0,0) size 10x17 [color=#00FFFF]
          RenderText at (0,0) size 10x17
            text run at (0,0) width 10: "T"
        RenderText {#text} at (9,0) size 20x17
          text run at (9,0) width 20: "he "
        RenderInline {STRONG} at (0,0) size 70x17
          RenderText {#text} at (28,0) size 70x17
            text run at (28,0) width 70: "first letter"
        RenderText {#text} at (97,0) size 306x17
          text run at (97,0) width 209: " of this paragraph, and only that "
          text run at (305,0) width 98: "one, should be "
        RenderInline {STRONG} at (0,0) size 35x17
          RenderText {#text} at (402,0) size 35x17
            text run at (402,0) width 35: "aqua"
        RenderText {#text} at (436,0) size 112x17
          text run at (436,0) width 112: ", while the entire "
        RenderInline {STRONG} at (0,0) size 59x17
          RenderText {#text} at (547,0) size 59x17
            text run at (547,0) width 59: "first line"
        RenderText {#text} at (605,0) size 70x17
          text run at (605,0) width 70: " should be "
        RenderInline {STRONG} at (0,0) size 26x17
          RenderText {#text} at (674,0) size 26x17
            text run at (674,0) width 26: "teal"
        RenderText {#text} at (699,0) size 770x53
          text run at (699,0) width 24: ". If "
          text run at (722,0) width 24: "this"
          text run at (0,18) width 384: "precise combination does not occur, then the user agent has "
          text run at (383,18) width 387: "failed this test. Remember that in order to ensure a complete"
          text run at (0,36) width 31: "test, "
          text run at (30,36) width 416: "the paragraph must be displayed on more than one line. (TEST3)"
      RenderBlock {DIV} at (0,412) size 784x18
        RenderText {#text} at (0,0) size 168x17
          text run at (0,0) width 168: "You should see the words "
        RenderInline {STRONG} at (0,0) size 68x17
          RenderText {#text} at (167,0) size 68x17
            text run at (167,0) width 68: "\"TEST1\""
        RenderText {#text} at (234,0) size 9x17
          text run at (234,0) width 9: ", "
        RenderInline {STRONG} at (0,0) size 68x17
          RenderText {#text} at (242,0) size 68x17
            text run at (242,0) width 68: "\"TEST2\""
        RenderText {#text} at (309,0) size 36x17
          text run at (309,0) width 36: ", and "
        RenderInline {STRONG} at (0,0) size 67x17
          RenderText {#text} at (344,0) size 67x17
            text run at (344,0) width 67: "\"TEST3\""
        RenderText {#text} at (410,0) size 241x17
          text run at (410,0) width 89: " at the end of "
          text run at (498,0) width 153: "three paragraphs above."
