layer at (0,0) size 800x600
  RenderView at (0,0) size 800x600
layer at (0,0) size 800x214
  RenderBlock {HTML} at (0,0) size 800x214
    RenderBody {BODY} at (8,8) size 784x198
      RenderBlock {UL} at (0,0) size 784x144 [color=#FF0000]
        RenderListItem {LI} at (0,0) size 784x18
          RenderInline {SPAN} at (0,0) size 138x17 [color=#008000]
            RenderText {#text} at (0,0) size 138x17
              text run at (0,0) width 138: "This should be green."
          RenderText {#text} at (0,0) size 0x0
        RenderListItem {LI} at (0,18) size 784x72
          RenderBlock (anonymous) at (0,0) size 784x18
            RenderInline {SPAN} at (0,0) size 138x17 [color=#008000]
              RenderText {#text} at (0,0) size 138x17
                text run at (0,0) width 138: "This should be green."
            RenderText {#text} at (0,0) size 0x0
          RenderBlock {UL} at (0,18) size 784x54
            RenderListItem {LI} at (0,0) size 784x18
              RenderInline {SPAN} at (0,0) size 138x17 [color=#008000]
                RenderText {#text} at (0,0) size 138x17
                  text run at (0,0) width 138: "This should be green."
              RenderText {#text} at (0,0) size 0x0
            RenderListItem {LI} at (0,18) size 784x18
              RenderInline {SPAN} at (0,0) size 138x17 [color=#008000]
                RenderText {#text} at (0,0) size 138x17
                  text run at (0,0) width 138: "This should be green."
              RenderText {#text} at (0,0) size 0x0
            RenderListItem {LI} at (0,36) size 784x18
              RenderInline {SPAN} at (0,0) size 138x17 [color=#008000]
                RenderText {#text} at (0,0) size 138x17
                  text run at (0,0) width 138: "This should be green."
              RenderText {#text} at (0,0) size 0x0
        RenderListItem {LI} at (0,90) size 784x18
          RenderInline {SPAN} at (0,0) size 138x17 [color=#008000]
            RenderText {#text} at (0,0) size 138x17
              text run at (0,0) width 138: "This should be green."
          RenderText {#text} at (0,0) size 0x0
        RenderListItem {LI} at (0,108) size 784x18
          RenderInline {SPAN} at (0,0) size 138x17 [color=#008000]
            RenderText {#text} at (0,0) size 138x17
              text run at (0,0) width 138: "This should be green."
          RenderText {#text} at (0,0) size 0x0
        RenderListItem {LI} at (0,126) size 784x18
          RenderInline {SPAN} at (0,0) size 138x17 [color=#008000]
            RenderText {#text} at (0,0) size 138x17
              text run at (0,0) width 138: "This should be green."
          RenderText {#text} at (0,0) size 0x0
      RenderBlock {P} at (0,144) size 784x18 [color=#008000]
        RenderText {#text} at (0,0) size 138x17
          text run at (0,0) width 138: "This should be green."
      RenderBlock {P} at (0,162) size 784x18 [color=#008000]
        RenderText {#text} at (0,0) size 138x17
          text run at (0,0) width 138: "This should be green."
      RenderBlock {P} at (0,180) size 784x18 [color=#008000]
        RenderText {#text} at (0,0) size 138x17
          text run at (0,0) width 138: "This should be green."
