layer at (0,0) size 800x600
  RenderView at (0,0) size 800x600
layer at (0,0) size 800x50
  RenderBlock {HTML} at (0,0) size 800x50
    RenderBody {BODY} at (8,16) size 784x18
      RenderBlock {P} at (0,0) size 784x18
        RenderInline {A} at (0,0) size 320x17 [color=#008000]
          RenderText {#text} at (0,0) size 320x17
            text run at (0,0) width 320: "Whatever you do to this link, it should stay green."
        RenderText {#text} at (319,0) size 202x17
          text run at (319,0) width 202: " (hover, focus, activate, follow)"
