layer at (0,0) size 800x600
  RenderView at (0,0) size 800x600
layer at (0,0) size 800x230
  RenderBlock {HTML} at (0,0) size 800x230
    RenderBody {BODY} at (8,16) size 784x198
      RenderBlock {P} at (20,0) size 764x91 [color=#0000FF] [border: none (10px double #0000FF)]
        RenderText {#text} at (10,1) size 361x17
          text run at (10,1) width 361: "\x{21E6} This paragraph should have two blue lines on its left. "
        RenderInline {SPAN} at (0,0) size 752x89 [color=#C0C0C0]
          RenderText {#text} at (370,1) size 752x89
            text run at (370,1) width 374: "dummy text dummy text dummy text dummy text dummy"
            text run at (10,19) width 81: "text dummy "
            text run at (90,19) width 487: "text dummy text dummy text dummy text dummy text dummy text dummy "
            text run at (576,19) width 186: "text dummy text dummy text"
            text run at (10,37) width 296: "dummy text dummy text dummy text dummy "
            text run at (305,37) width 429: "text dummy text dummy text dummy text dummy text dummy text"
            text run at (10,55) width 53: "dummy "
            text run at (62,55) width 487: "text dummy text dummy text dummy text dummy text dummy text dummy "
            text run at (548,55) width 186: "text dummy text dummy text"
            text run at (10,73) width 158: "dummy text dummy text"
        RenderText {#text} at (0,0) size 0x0
      RenderBlock {P} at (20,107) size 764x91 [color=#0000FF] [border: none (1px solid #0000FF)]
        RenderText {#text} at (1,1) size 367x17
          text run at (1,1) width 367: "\x{21E6} This paragraph should have a thin blue line on its left. "
        RenderInline {SPAN} at (0,0) size 752x89 [color=#C0C0C0]
          RenderText {#text} at (367,1) size 752x89
            text run at (367,1) width 374: "dummy text dummy text dummy text dummy text dummy"
            text run at (1,19) width 81: "text dummy "
            text run at (81,19) width 487: "text dummy text dummy text dummy text dummy text dummy text dummy "
            text run at (567,19) width 186: "text dummy text dummy text"
            text run at (1,37) width 296: "dummy text dummy text dummy text dummy "
            text run at (296,37) width 429: "text dummy text dummy text dummy text dummy text dummy text"
            text run at (1,55) width 53: "dummy "
            text run at (53,55) width 487: "text dummy text dummy text dummy text dummy text dummy text dummy "
            text run at (539,55) width 186: "text dummy text dummy text"
            text run at (1,73) width 158: "dummy text dummy text"
        RenderText {#text} at (0,0) size 0x0
