layer at (0,0) size 800x600
  RenderView at (0,0) size 800x600
layer at (0,0) size 800x118
  RenderBlock {HTML} at (0,0) size 800x118
    RenderBody {BODY} at (8,16) size 784x86
      RenderBlock {P} at (0,0) size 784x18
        RenderText {#text} at (0,0) size 234x17
          text run at (0,0) width 234: "There should be no red on this page:"
      RenderBlock {P} at (0,34) size 784x18 [color=#FF0000]
        RenderText {#text} at (0,0) size 4x17
          text run at (0,0) width 4: " "
      RenderBlock {P} at (0,68) size 784x18 [color=#FF0000]
        RenderText {#text} at (0,0) size 4x17
          text run at (0,0) width 4: " "
