layer at (0,0) size 800x600
  RenderView at (0,0) size 800x600
layer at (0,0) size 800x250
  RenderBlock {HTML} at (0,0) size 800x250
    RenderBody {BODY} at (8,16) size 784x218 [color=#0000FF]
      RenderBlock {P} at (0,0) size 784x38
        RenderText {#text} at (0,16) size 489x17
          text run at (0,16) width 489: "There should be a solid blue line to the left of every occurance of the word \""
        RenderInline {SPAN} at (0,0) size 133x36 [border: none (2px solid #0000FF)]
          RenderText {#text} at (490,1) size 131x36
            text run at (490,1) width 131: "\x{21E6}THERE"
        RenderText {#text} at (620,16) size 11x17
          text run at (620,16) width 11: "\"."
      RenderTable {TABLE} at (0,54) size 282x130
        RenderTableSection {TBODY} at (0,0) size 282x130
          RenderTableRow {TR} at (0,2) size 282x40
            RenderTableCell {TD} at (2,2) size 278x40 [border: none (2px solid #0000FF)] [r=0 c=0 rs=1 cs=2]
              RenderText {#text} at (3,2) size 130x36
                text run at (3,2) width 130: "\x{21E6}THERE"
          RenderTableRow {TR} at (0,44) size 282x84
            RenderTableCell {TD} at (2,66) size 134x40 [border: none (2px solid #0000FF)] [r=1 c=0 rs=1 cs=1]
              RenderText {#text} at (3,2) size 130x36
                text run at (3,2) width 130: "\x{21E6}THERE"
            RenderTableCell {TD} at (137,44) size 143x84 [border: none (2px solid #0000FF)] [r=1 c=1 rs=1 cs=1]
              RenderBlock (anonymous) at (3,1) size 138x38
                RenderText {#text} at (0,1) size 130x36
                  text run at (0,1) width 130: "\x{21E6}THERE"
              RenderTable {TABLE} at (3,39) size 138x44
                RenderTableSection {TBODY} at (0,0) size 138x44
                  RenderTableRow {TR} at (0,2) size 138x40
                    RenderTableCell {TD} at (2,2) size 134x40 [border: none (2px solid #0000FF)] [r=0 c=0 rs=1 cs=1]
                      RenderText {#text} at (3,2) size 130x36
                        text run at (3,2) width 130: "\x{21E6}THERE"
      RenderBlock {P} at (0,200) size 784x18
        RenderText {#text} at (0,0) size 344x17
          text run at (0,0) width 344: "There should be 3 short lines and 2 long lines in total."
