layer at (0,0) size 800x600
  RenderView at (0,0) size 800x600
layer at (0,0) size 800x40
  RenderBlock {HTML} at (0,0) size 800x40
    RenderBody {BODY} at (8,8) size 784x24
      RenderBlock {DIV} at (0,0) size 784x24 [color=#000080]
        RenderBlock {DIV} at (0,0) size 784x24 [border: (3px solid #000080) none]
          RenderText {#text} at (0,3) size 268x17
            text run at (0,3) width 268: "This box should be open ended at the left."
