layer at (0,0) size 800x600
  RenderView at (0,0) size 800x600
layer at (0,0) size 800x150
  RenderBlock {HTML} at (0,0) size 800x150
    RenderBody {BODY} at (8,16) size 784x124 [color=#000080]
      RenderBlock {P} at (0,0) size 784x18
        RenderText {#text} at (0,0) size 296x17
          text run at (0,0) width 296: "The five \"matches\" below should be identical."
      RenderBlock {DIV} at (0,34) size 200x90 [color=#FFA500]
        RenderBlock {P} at (0,0) size 200x10 [bgcolor=#A52A2A]
          RenderImage {IMG} at (0,0) size 48x10
          RenderText {#text} at (48,0) size 10x10
            text run at (48,0) width 10: "x"
        RenderBlock {P} at (48,20) size 152x10 [bgcolor=#A52A2A]
          RenderText {#text} at (0,0) size 10x10
            text run at (0,0) width 10: "x"
        RenderBlock {P} at (48,40) size 152x10 [bgcolor=#A52A2A]
          RenderText {#text} at (0,0) size 10x10
            text run at (0,0) width 10: "x"
        RenderBlock {P} at (48,60) size 152x10 [bgcolor=#A52A2A]
          RenderText {#text} at (0,0) size 10x10
            text run at (0,0) width 10: "x"
        RenderBlock {P} at (48,80) size 152x10 [bgcolor=#A52A2A]
          RenderText {#text} at (0,0) size 10x10
            text run at (0,0) width 10: "x"
