layer at (0,0) size 800x600
  RenderView at (0,0) size 800x600
layer at (0,0) size 800x201
  RenderBlock {HTML} at (0,0) size 800x201
    RenderBody {BODY} at (8,16) size 784x153
      RenderBlock {P} at (0,0) size 784x18 [color=#0000FF]
        RenderText {#text} at (0,0) size 268x17
          text run at (0,0) width 268: "There should be no border around the cat:"
      RenderBlock {DIV} at (32,50) size 720x103 [color=#FF0000]
        RenderInline {A} at (0,0) size 98x17 [color=#0000EE]
          RenderImage {IMG} at (0,0) size 98x99
        RenderText {#text} at (0,0) size 0x0
