layer at (0,0) size 800x600
  RenderView at (0,0) size 800x600
layer at (0,0) size 800x140
  RenderBlock {HTML} at (0,0) size 800x140
    RenderBody {BODY} at (8,16) size 784x109
      RenderBlock {P} at (0,0) size 784x18
        RenderText {#text} at (0,0) size 164x17
          text run at (0,0) width 164: "It should say \"HI\" below:"
      RenderBlock {DIV} at (15,34) size 165x75 [color=#FFFFFF] [bgcolor=#000080]
        RenderText {#text} at (0,0) size 135x15
          text run at (0,0) width 135: "xx xx xx "
        RenderInline {SPAN} at (0,0) size 165x45
          RenderText {#text} at (135,0) size 165x45
            text run at (135,0) width 30: "xx"
            text run at (0,15) width 165: "xx xx xx xx"
            text run at (0,30) width 30: "xx"
        RenderText {#text} at (75,30) size 165x45
          text run at (75,30) width 90: " xx xx"
          text run at (0,45) width 165: "xx xx xx xx"
          text run at (0,60) width 165: "xx xx xx xx"
