layer at (0,0) size 800x600
  RenderView at (0,0) size 800x600
layer at (0,0) size 800x320
  RenderBlock {HTML} at (0,0) size 800x320
    RenderBody {BODY} at (8,8) size 784x304
      RenderBlock {DIV} at (0,0) size 784x18
        RenderText {#text} at (0,0) size 348x17
          text run at (0,0) width 348: "The blue bits of text should be decorated as described."
      RenderBlock {P} at (0,34) size 784x236 [color=#C0C0C0]
        RenderText {#text} at (0,0) size 777x54
          text run at (0,0) width 486: "dummy text dummy text dummy text dummy text dummy text dummy text "
          text run at (485,0) width 292: "dummy text dummy text dummy text dummy"
          text run at (0,18) width 190: "text dummy text dummy text "
          text run at (189,18) width 487: "dummy text dummy text dummy text dummy text dummy text dummy text "
          text run at (675,18) width 77: "dummy text"
          text run at (0,37) width 405: "dummy text dummy text dummy text dummy text dummy text "
        RenderInline {SPAN} at (0,0) size 777x53 [color=#0000FF] [border: none (10px double #0000FF)]
          RenderText {#text} at (414,37) size 177x17
            text run at (414,37) width 177: "\x{21E6} two blue lines to the left "
          RenderInline {SPAN} at (0,0) size 777x53 [color=#C0C0C0]
            RenderText {#text} at (590,37) size 777x53
              text run at (590,37) width 54: "dummy "
              text run at (643,37) width 106: "text dummy text"
              text run at (0,55) width 377: "dummy text dummy text dummy text dummy text dummy "
              text run at (376,55) width 401: "text dummy text dummy text dummy text dummy text dummy"
              text run at (0,73) width 24: "text"
          RenderText {#text} at (23,73) size 5x17
            text run at (23,73) width 5: " "
        RenderText {#text} at (27,73) size 777x90
          text run at (27,73) width 406: "dummy text dummy text dummy text dummy text dummy text "
          text run at (432,73) width 320: "dummy text dummy text dummy text dummy text"
          text run at (0,91) width 162: "dummy text dummy text "
          text run at (161,91) width 487: "dummy text dummy text dummy text dummy text dummy text dummy text "
          text run at (647,91) width 130: "dummy text dummy"
          text run at (0,109) width 352: "text dummy text dummy text dummy text dummy text "
          text run at (351,109) width 401: "dummy text dummy text dummy text dummy text dummy text"
          text run at (0,127) width 81: "dummy text "
          text run at (80,127) width 487: "dummy text dummy text dummy text dummy text dummy text dummy text "
          text run at (566,127) width 211: "dummy text dummy text dummy"
          text run at (0,146) width 190: "text dummy text dummy text "
        RenderInline {SPAN} at (0,0) size 200x17 [color=#0000FF] [border: none (1px solid #0000FF)]
          RenderText {#text} at (190,146) size 200x17
            text run at (190,146) width 200: "\x{21E6} one thin blue line to the left "
        RenderText {#text} at (389,146) size 777x89
          text run at (389,146) width 53: "dummy "
          text run at (441,146) width 321: "text dummy text dummy text dummy text dummy"
          text run at (0,164) width 162: "text dummy text dummy "
          text run at (161,164) width 487: "text dummy text dummy text dummy text dummy text dummy text dummy "
          text run at (647,164) width 105: "text dummy text"
          text run at (0,182) width 377: "dummy text dummy text dummy text dummy text dummy "
          text run at (376,182) width 401: "text dummy text dummy text dummy text dummy text dummy"
          text run at (0,200) width 81: "text dummy "
          text run at (80,200) width 487: "text dummy text dummy text dummy text dummy text dummy text dummy "
          text run at (566,200) width 186: "text dummy text dummy text"
          text run at (0,218) width 296: "dummy text dummy text dummy text dummy "
          text run at (295,218) width 187: "text dummy text dummy text"
      RenderBlock {DIV} at (0,286) size 784x18
        RenderText {#text} at (0,0) size 425x17
          text run at (0,0) width 425: "(All the lines of text in the block above should be equally spaced.)"
