layer at (0,0) size 800x600
  RenderView at (0,0) size 800x600
layer at (0,0) size 800x318
  RenderBlock {HTML} at (0,0) size 800x318
    RenderBody {BODY} at (8,8) size 784x302
      RenderBlock {DIV} at (0,0) size 784x18
        RenderText {#text} at (0,0) size 348x17
          text run at (0,0) width 348: "The blue bits of text should be decorated as described."
      RenderBlock {P} at (0,34) size 784x234 [color=#C0C0C0]
        RenderText {#text} at (0,0) size 777x71
          text run at (0,0) width 486: "dummy text dummy text dummy text dummy text dummy text dummy text "
          text run at (485,0) width 292: "dummy text dummy text dummy text dummy"
          text run at (0,18) width 190: "text dummy text dummy text "
          text run at (189,18) width 487: "dummy text dummy text dummy text dummy text dummy text dummy text "
          text run at (675,18) width 77: "dummy text"
          text run at (0,36) width 405: "dummy text dummy text dummy text dummy text dummy text "
          text run at (404,36) width 373: "dummy text dummy text dummy text dummy text dummy"
          text run at (0,54) width 109: "text dummy text "
          text run at (108,54) width 487: "dummy text dummy text dummy text dummy text dummy text dummy text "
        RenderInline {SPAN} at (0,0) size 133x27 [color=#0000FF] [border: (10px double #0000FF) none]
          RenderText {#text} at (594,54) size 133x17
            text run at (594,54) width 133: "two blue lines above"
        RenderText {#text} at (726,54) size 780x107
          text run at (726,54) width 54: " dummy"
          text run at (0,72) width 109: "text dummy text "
          text run at (108,72) width 487: "dummy text dummy text dummy text dummy text dummy text dummy text "
          text run at (594,72) width 158: "dummy text dummy text"
          text run at (0,90) width 324: "dummy text dummy text dummy text dummy text "
          text run at (323,90) width 454: "dummy text dummy text dummy text dummy text dummy text dummy"
          text run at (0,108) width 28: "text "
          text run at (27,108) width 487: "dummy text dummy text dummy text dummy text dummy text dummy text "
          text run at (513,108) width 239: "dummy text dummy text dummy text"
          text run at (0,126) width 243: "dummy text dummy text dummy text "
          text run at (242,126) width 486: "dummy text dummy text dummy text dummy text dummy text dummy text "
          text run at (727,126) width 50: "dummy"
          text run at (0,144) width 109: "text dummy text "
        RenderInline {SPAN} at (0,0) size 155x18 [color=#0000FF] [border: (1px solid #0000FF) none]
          RenderText {#text} at (108,144) size 155x17
            text run at (108,144) width 117: "one thin blue line "
            text run at (224,144) width 39: "above"
        RenderText {#text} at (262,144) size 777x89
          text run at (262,144) width 410: " dummy text dummy text dummy text dummy text dummy text "
          text run at (671,144) width 77: "dummy text"
          text run at (0,162) width 405: "dummy text dummy text dummy text dummy text dummy text "
          text run at (404,162) width 373: "dummy text dummy text dummy text dummy text dummy"
          text run at (0,180) width 109: "text dummy text "
          text run at (108,180) width 487: "dummy text dummy text dummy text dummy text dummy text dummy text "
          text run at (594,180) width 158: "dummy text dummy text"
          text run at (0,198) width 324: "dummy text dummy text dummy text dummy text "
          text run at (323,198) width 454: "dummy text dummy text dummy text dummy text dummy text dummy"
          text run at (0,216) width 28: "text "
          text run at (27,216) width 321: "dummy text dummy text dummy text dummy text"
      RenderBlock {DIV} at (0,284) size 784x18
        RenderText {#text} at (0,0) size 425x17
          text run at (0,0) width 425: "(All the lines of text in the block above should be equally spaced.)"
