layer at (0,0) size 800x600
  RenderView at (0,0) size 800x600
layer at (0,0) size 800x86
  RenderBlock {HTML} at (0,0) size 800x86
    RenderBody {BODY} at (8,16) size 784x54
      RenderBlock {P} at (0,0) size 176x54 [bgcolor=#FFFFFF] [border: none (16px solid #008000) none]
        RenderText {#text} at (0,0) size 155x53
          text run at (0,0) width 154: "There should be a green"
          text run at (0,18) width 155: "block to the right of this"
          text run at (0,36) width 28: "text."
