layer at (0,0) size 800x600
  RenderView at (0,0) size 800x600
layer at (0,0) size 800x250
  RenderBlock {HTML} at (0,0) size 800x250
    RenderBody {BODY} at (8,16) size 784x218 [color=#0000FF]
      RenderBlock {P} at (0,0) size 784x38
        RenderText {#text} at (0,16) size 498x17
          text run at (0,16) width 498: "There should be a solid blue line to the right of every occurance of the word \""
        RenderInline {SPAN} at (0,0) size 140x36 [border: none (2px solid #0000FF) none]
          RenderText {#text} at (497,1) size 138x36
            text run at (497,1) width 138: "THERE \x{2799}"
        RenderText {#text} at (636,16) size 12x17
          text run at (636,16) width 12: "\"."
      RenderTable {TABLE} at (0,54) size 298x130
        RenderTableSection {TBODY} at (0,0) size 298x130
          RenderTableRow {TR} at (0,2) size 298x40
            RenderTableCell {TD} at (2,2) size 294x40 [border: none (2px solid #0000FF) none] [r=0 c=0 rs=1 cs=2]
              RenderText {#text} at (152,2) size 139x36
                text run at (152,2) width 139: "THERE \x{2799}"
          RenderTableRow {TR} at (0,44) size 298x84
            RenderTableCell {TD} at (2,66) size 142x40 [border: none (2px solid #0000FF) none] [r=1 c=0 rs=1 cs=1]
              RenderText {#text} at (1,2) size 138x36
                text run at (1,2) width 138: "THERE \x{2799}"
            RenderTableCell {TD} at (145,44) size 151x84 [border: none (2px solid #0000FF) none] [r=1 c=1 rs=1 cs=1]
              RenderBlock (anonymous) at (1,1) size 146x38
                RenderText {#text} at (8,1) size 138x36
                  text run at (8,1) width 138: "THERE \x{2798}"
              RenderTable {TABLE} at (1,39) size 146x44
                RenderTableSection {TBODY} at (0,0) size 146x44
                  RenderTableRow {TR} at (0,2) size 146x40
                    RenderTableCell {TD} at (2,2) size 142x40 [border: none (2px solid #0000FF) none] [r=0 c=0 rs=1 cs=1]
                      RenderText {#text} at (1,2) size 138x36
                        text run at (1,2) width 138: "THERE \x{2799}"
      RenderBlock {P} at (0,200) size 784x18
        RenderText {#text} at (0,0) size 344x17
          text run at (0,0) width 344: "There should be 3 short lines and 2 long lines in total."
