layer at (0,0) size 800x600
  RenderView at (0,0) size 800x600
layer at (0,0) size 800x110
  RenderBlock {HTML} at (0,0) size 800x110
    RenderBody {BODY} at (8,16) size 784x86
      RenderBlock {P} at (0,0) size 784x18
        RenderText {#text} at (0,0) size 226x17
          text run at (0,0) width 226: "There should be a green bar below:"
      RenderBlock {DIV} at (0,66) size 120x20 [color=#FFFFFF]
        RenderInline {SPAN} at (0,0) size 40x40 [bgcolor=#008000]
          RenderText {#text} at (0,0) size 40x20
            text run at (0,0) width 40: "xx"
        RenderText {#text} at (0,0) size 0x0
