layer at (0,0) size 800x600
  RenderView at (0,0) size 800x600
layer at (0,0) size 800x150
  RenderBlock {HTML} at (0,0) size 800x150
    RenderBody {BODY} at (8,16) size 784x124 [color=#000080]
      RenderBlock {P} at (0,0) size 784x18
        RenderText {#text} at (0,0) size 257x17
          text run at (0,0) width 257: "The five bars below should be identical."
      RenderBlock {DIV} at (0,34) size 106x90 [color=#0000FF]
        RenderBlock {P} at (0,0) size 106x10 [bgcolor=#000080]
          RenderText {#text} at (48,0) size 10x10
            text run at (48,0) width 10: "x"
        RenderBlock {P} at (0,20) size 106x10 [bgcolor=#000080]
          RenderText {#text} at (48,0) size 10x10
            text run at (48,0) width 10: "x"
        RenderBlock {P} at (0,40) size 106x10 [bgcolor=#000080]
          RenderText {#text} at (48,0) size 10x10
            text run at (48,0) width 10: "x"
        RenderBlock {P} at (0,60) size 106x10 [bgcolor=#000080]
          RenderText {#text} at (48,0) size 10x10
            text run at (48,0) width 10: "x"
        RenderBlock {P} at (0,80) size 106x10 [bgcolor=#000080]
          RenderText {#text} at (48,0) size 11x10
            text run at (48,0) width 11: "x"
