layer at (0,0) size 800x600
  RenderView at (0,0) size 800x600
layer at (0,0) size 800x230
  RenderBlock {HTML} at (0,0) size 800x230
    RenderBody {BODY} at (8,16) size 784x198
      RenderBlock {P} at (0,0) size 764x91 [color=#0000FF] [border: none (10px double #0000FF) none]
        RenderText {#text} at (0,1) size 370x17
          text run at (0,1) width 370: "This paragraph should have two blue lines on its right. \x{21E8} "
        RenderInline {SPAN} at (0,0) size 752x89 [color=#C0C0C0]
          RenderText {#text} at (369,1) size 752x89
            text run at (369,1) width 374: "dummy text dummy text dummy text dummy text dummy"
            text run at (0,19) width 81: "text dummy "
            text run at (80,19) width 487: "text dummy text dummy text dummy text dummy text dummy text dummy "
            text run at (566,19) width 186: "text dummy text dummy text"
            text run at (0,37) width 296: "dummy text dummy text dummy text dummy "
            text run at (295,37) width 429: "text dummy text dummy text dummy text dummy text dummy text"
            text run at (0,55) width 53: "dummy "
            text run at (52,55) width 487: "text dummy text dummy text dummy text dummy text dummy text dummy "
            text run at (538,55) width 186: "text dummy text dummy text"
            text run at (0,73) width 158: "dummy text dummy text"
        RenderText {#text} at (0,0) size 0x0
      RenderBlock {P} at (0,107) size 764x91 [color=#0000FF] [border: none (1px solid #0000FF) none]
        RenderText {#text} at (0,1) size 376x17
          text run at (0,1) width 376: "This paragraph should have a thin blue line on its right. \x{21E8} "
        RenderInline {SPAN} at (0,0) size 752x89 [color=#C0C0C0]
          RenderText {#text} at (375,1) size 752x89
            text run at (375,1) width 373: "dummy text dummy text dummy text dummy text dummy"
            text run at (0,19) width 81: "text dummy "
            text run at (80,19) width 487: "text dummy text dummy text dummy text dummy text dummy text dummy "
            text run at (566,19) width 186: "text dummy text dummy text"
            text run at (0,37) width 296: "dummy text dummy text dummy text dummy "
            text run at (295,37) width 429: "text dummy text dummy text dummy text dummy text dummy text"
            text run at (0,55) width 53: "dummy "
            text run at (52,55) width 487: "text dummy text dummy text dummy text dummy text dummy text dummy "
            text run at (538,55) width 186: "text dummy text dummy text"
            text run at (0,73) width 158: "dummy text dummy text"
        RenderText {#text} at (0,0) size 0x0
