layer at (0,0) size 800x600
  RenderView at (0,0) size 800x600
layer at (0,0) size 800x273
  RenderBlock {HTML} at (0,0) size 800x273
    RenderBody {BODY} at (8,16) size 784x36
      RenderBlock {P} at (0,0) size 784x36 [color=#000080]
        RenderText {#text} at (0,0) size 764x35
          text run at (0,0) width 395: "The blue boxes below should be in numeric order and form a "
          text run at (394,0) width 370: "backwards \"D\". (Boxes labelled \"A\" should be in the first"
          text run at (0,18) width 57: "column; "
          text run at (56,18) width 409: "boxes labelled \"B\" should be in the second; arrows indicate the "
          text run at (464,18) width 123: "correct alignment.)"
      RenderBlock {DIV} at (16,52) size 320x0
        RenderBlock (floating) {P} at (190,4) size 126x33 [color=#FFFFFF] [bgcolor=#000080] [border: (3px solid #0000FF)]
          RenderText {#text} at (78,8) size 41x17
            text run at (78,8) width 41: "B 2 \x{21E8}"
        RenderBlock (floating) {P} at (56,4) size 126x33 [color=#FFFFFF] [bgcolor=#000080] [border: (3px solid #0000FF)]
          RenderText {#text} at (78,8) size 41x17
            text run at (78,8) width 41: "A 1 \x{21E8}"
        RenderBlock (floating) {P} at (190,45) size 126x33 [color=#FFFFFF] [bgcolor=#000080] [border: (3px solid #0000FF)]
          RenderText {#text} at (78,8) size 41x17
            text run at (78,8) width 41: "B 4 \x{21E8}"
        RenderBlock (floating) {P} at (4,45) size 126x33 [color=#FFFFFF] [bgcolor=#000080] [border: (3px solid #0000FF)]
          RenderText {#text} at (7,8) size 41x17
            text run at (7,8) width 41: "\x{21E6} A 3"
        RenderBlock (floating) {P} at (190,86) size 126x33 [color=#FFFFFF] [bgcolor=#000080] [border: (3px solid #0000FF)]
          RenderText {#text} at (78,8) size 41x17
            text run at (78,8) width 41: "B 6 \x{21E8}"
        RenderBlock (floating) {P} at (4,86) size 126x33 [color=#FFFFFF] [bgcolor=#000080] [border: (3px solid #0000FF)]
          RenderText {#text} at (7,8) size 41x17
            text run at (7,8) width 41: "\x{21E6} A 5"
        RenderBlock (floating) {P} at (4,127) size 126x33 [color=#FFFFFF] [bgcolor=#000080] [border: (3px solid #0000FF)]
          RenderText {#text} at (7,8) size 41x17
            text run at (7,8) width 41: "\x{21E6} A 7"
        RenderBlock (floating) {P} at (190,127) size 126x33 [color=#FFFFFF] [bgcolor=#000080] [border: (3px solid #0000FF)]
          RenderText {#text} at (78,8) size 41x17
            text run at (78,8) width 41: "B 8 \x{21E8}"
        RenderBlock (floating) {P} at (190,168) size 126x33 [color=#FFFFFF] [bgcolor=#000080] [border: (3px solid #0000FF)]
          RenderText {#text} at (70,8) size 49x17
            text run at (70,8) width 49: "B 10 \x{21E8}"
        RenderBlock (floating) {P} at (56,168) size 126x33 [color=#FFFFFF] [bgcolor=#000080] [border: (3px solid #0000FF)]
          RenderText {#text} at (78,8) size 41x17
            text run at (78,8) width 41: "A 9 \x{21E8}"
