layer at (0,0) size 800x600
  RenderView at (0,0) size 800x600
layer at (0,0) size 800x285
  RenderBlock {HTML} at (0,0) size 800x285
    RenderBody {BODY} at (8,16) size 784x253
      RenderBlock {P} at (0,0) size 784x253 [color=#000080]
        RenderImage {IMG} at (734,0) size 50x50
        RenderText {#text} at (0,1) size 340x17
          text run at (0,1) width 340: "This text should flow around the box on the right. \x{21E8} "
        RenderInline {SPAN} at (0,0) size 777x251 [color=#C0C0C0]
          RenderText {#text} at (339,1) size 777x251
            text run at (339,1) width 374: "dummy text dummy text dummy text dummy text dummy"
            text run at (0,19) width 81: "text dummy "
            text run at (80,19) width 487: "text dummy text dummy text dummy text dummy text dummy text dummy "
            text run at (566,19) width 158: "text dummy text dummy"
            text run at (0,37) width 324: "text dummy text dummy text dummy text dummy "
            text run at (323,37) width 401: "text dummy text dummy text dummy text dummy text dummy"
            text run at (0,55) width 81: "text dummy "
            text run at (80,55) width 487: "text dummy text dummy text dummy text dummy text dummy text dummy "
            text run at (566,55) width 186: "text dummy text dummy text"
            text run at (0,73) width 296: "dummy text dummy text dummy text dummy "
            text run at (295,73) width 482: "text dummy text dummy text dummy text dummy text dummy text dummy"
            text run at (0,91) width 486: "text dummy text dummy text dummy text dummy text dummy text dummy "
            text run at (485,91) width 267: "text dummy text dummy text dummy text"
            text run at (0,109) width 215: "dummy text dummy text dummy "
            text run at (214,109) width 486: "text dummy text dummy text dummy text dummy text dummy text dummy "
            text run at (699,109) width 78: "text dummy"
            text run at (0,127) width 405: "text dummy text dummy text dummy text dummy text dummy "
            text run at (404,127) width 348: "text dummy text dummy text dummy text dummy text"
            text run at (0,145) width 134: "dummy text dummy "
            text run at (133,145) width 487: "text dummy text dummy text dummy text dummy text dummy text dummy "
            text run at (619,145) width 158: "text dummy text dummy"
            text run at (0,163) width 324: "text dummy text dummy text dummy text dummy "
            text run at (323,163) width 429: "text dummy text dummy text dummy text dummy text dummy text"
            text run at (0,181) width 53: "dummy "
            text run at (52,181) width 487: "text dummy text dummy text dummy text dummy text dummy text dummy "
            text run at (538,181) width 239: "text dummy text dummy text dummy"
            text run at (0,199) width 243: "text dummy text dummy text dummy "
            text run at (242,199) width 486: "text dummy text dummy text dummy text dummy text dummy text dummy "
            text run at (727,199) width 25: "text"
            text run at (0,217) width 458: "dummy text dummy text dummy text dummy text dummy text dummy "
            text run at (457,217) width 320: "text dummy text dummy text dummy text dummy"
            text run at (0,235) width 162: "text dummy text dummy "
            text run at (161,235) width 430: "text dummy text dummy text dummy text dummy text dummy text"
        RenderText {#text} at (0,0) size 0x0
