layer at (0,0) size 800x600
  RenderView at (0,0) size 800x600
layer at (0,0) size 800x238
  RenderBlock {HTML} at (0,0) size 800x238
    RenderBody {BODY} at (8,16) size 784x124
      RenderBlock {P} at (0,0) size 784x38 [color=#000080]
        RenderText {#text} at (0,2) size 405x17
          text run at (0,2) width 252: "In the following test, the purple square "
          text run at (251,2) width 154: "should be on the left (\x{21E6}"
        RenderImage {IMG} at (404,0) size 21x20
        RenderText {#text} at (424,2) size 220x17
          text run at (424,2) width 220: "), and the teal square on the right ("
        RenderImage {IMG} at (643,0) size 21x20
        RenderText {#text} at (663,2) size 755x35
          text run at (663,2) width 92: "\x{21E8}) of the blue"
          text run at (0,20) width 63: "rectangle."
      RenderBlock {DIV} at (0,54) size 784x70
        RenderBlock {DIV} at (16,0) size 752x70 [color=#0000FF] [bgcolor=#000080]
          RenderImage {IMG} at (8,8) size 160x160
          RenderImage {IMG} at (584,8) size 160x160
          RenderText {#text} at (168,8) size 400x53
            text run at (168,8) width 400: "Blue rectangle. Blue rectangle. Blue rectangle. Blue rectangle."
            text run at (168,26) width 202: "Blue rectangle. Blue rectangle. "
            text run at (369,26) width 199: "Blue rectangle. Blue rectangle."
            text run at (168,44) width 400: "Blue rectangle. Blue rectangle. Blue rectangle. Blue rectangle."
