layer at (0,0) size 800x600
  RenderView at (0,0) size 800x600
layer at (0,0) size 800x544
  RenderBlock {HTML} at (0,0) size 800x544
    RenderBody {BODY} at (8,16) size 784x512
      RenderBlock {P} at (0,0) size 784x54 [color=#000080]
        RenderText {#text} at (0,0) size 776x53
          text run at (0,0) width 416: "The big coloured boxes should be level with the top of the small "
          text run at (415,0) width 337: "coloured boxes of the same color (unless there is not"
          text run at (0,18) width 89: "enough room "
          text run at (88,18) width 410: "for the big box to fit on the small box's line after the small box, "
          text run at (497,18) width 279: "in which case the big box should be as high"
          text run at (0,36) width 141: "as possible below the "
          text run at (140,36) width 73: "small box)."
      RenderBlock {DIV} at (16,70) size 752x442 [color=#C0C0C0] [border: (5px solid #800080)]
        RenderText {#text} at (21,22) size 567x17
          text run at (21,22) width 486: "dummy text dummy text dummy text dummy text dummy text dummy text "
          text run at (506,22) width 82: "dummy text "
        RenderInline {SPAN} at (0,0) size 18x23 [color=#FFFFFF] [bgcolor=#008080] [border: (3px solid #00FFFF)]
          RenderText {#text} at (590,22) size 12x17
            text run at (590,22) width 12: "A"
        RenderText {#text} at (604,22) size 5x17
          text run at (604,22) width 5: " "
        RenderBlock (floating) {P} at (21,41) size 150x58 [color=#FFFFFF] [bgcolor=#008080] [border: (3px solid #00FFFF)]
          RenderText {#text} at (19,20) size 47x17
            text run at (19,20) width 47: "AAAA"
        RenderText {#text} at (608,22) size 515x37
          text run at (608,22) width 78: "dummy text"
          text run at (171,42) width 405: "dummy text dummy text dummy text dummy text dummy text "
        RenderInline {SPAN} at (0,0) size 18x23 [color=#FFFFFF] [bgcolor=#800080] [border: (3px solid #FF00FF)]
          RenderText {#text} at (578,42) size 12x17
            text run at (578,42) width 12: "B"
        RenderText {#text} at (592,42) size 5x17
          text run at (592,42) width 5: " "
        RenderBlock (floating) {P} at (581,61) size 150x58 [color=#FFFFFF] [bgcolor=#800080] [border: (3px solid #FF00FF)]
          RenderText {#text} at (19,20) size 43x17
            text run at (19,20) width 43: "BBBB"
        RenderText {#text} at (596,42) size 405x37
          text run at (596,42) width 130: "dummy text dummy"
          text run at (321,62) width 109: "text dummy text "
        RenderInline {SPAN} at (0,0) size 18x23 [color=#FFFFFF] [bgcolor=#FFA500] [border: (3px solid #FFFF00)]
          RenderText {#text} at (432,62) size 12x17
            text run at (432,62) width 12: "C"
        RenderText {#text} at (446,62) size 5x17
          text run at (446,62) width 5: " "
        RenderBlock (floating) {P} at (171,61) size 150x58 [color=#FFFFFF] [bgcolor=#FFA500] [border: (3px solid #FFFF00)]
          RenderText {#text} at (19,20) size 43x17
            text run at (19,20) width 43: "CCCC"
        RenderText {#text} at (450,62) size 260x57
          text run at (450,62) width 131: "dummy text dummy"
          text run at (321,82) width 239: "text dummy text dummy text dummy"
          text run at (321,102) width 109: "text dummy text "
        RenderInline {SPAN} at (0,0) size 19x23 [color=#FFFFFF] [bgcolor=#008000] [border: (3px solid #00FF00)]
          RenderText {#text} at (432,102) size 13x17
            text run at (432,102) width 13: "D"
        RenderText {#text} at (447,102) size 5x17
          text run at (447,102) width 5: " "
        RenderBlock (floating) {P} at (21,121) size 150x58 [color=#FFFFFF] [bgcolor=#008000] [border: (3px solid #00FF00)]
          RenderText {#text} at (19,20) size 47x17
            text run at (19,20) width 47: "DDDD"
        RenderText {#text} at (451,102) size 696x317
          text run at (451,102) width 78: "dummy text"
          text run at (171,122) width 405: "dummy text dummy text dummy text dummy text dummy text "
          text run at (575,122) width 131: "dummy text dummy"
          text run at (171,142) width 352: "text dummy text dummy text dummy text dummy text "
          text run at (522,142) width 159: "dummy text dummy text"
          text run at (171,162) width 324: "dummy text dummy text dummy text dummy text "
          text run at (494,162) width 212: "dummy text dummy text dummy"
          text run at (21,182) width 271: "text dummy text dummy text dummy text "
          text run at (291,182) width 402: "dummy text dummy text dummy text dummy text dummy text"
          text run at (21,202) width 81: "dummy text "
          text run at (101,202) width 487: "dummy text dummy text dummy text dummy text dummy text dummy text "
          text run at (587,202) width 130: "dummy text dummy"
          text run at (21,222) width 352: "text dummy text dummy text dummy text dummy text "
          text run at (372,222) width 321: "dummy text dummy text dummy text dummy text"
          text run at (21,242) width 162: "dummy text dummy text "
          text run at (182,242) width 487: "dummy text dummy text dummy text dummy text dummy text dummy text "
          text run at (668,242) width 49: "dummy"
          text run at (21,262) width 433: "text dummy text dummy text dummy text dummy text dummy text "
          text run at (453,262) width 240: "dummy text dummy text dummy text"
          text run at (21,282) width 243: "dummy text dummy text dummy text "
          text run at (263,282) width 454: "dummy text dummy text dummy text dummy text dummy text dummy"
          text run at (21,302) width 28: "text "
          text run at (48,302) width 487: "dummy text dummy text dummy text dummy text dummy text dummy text "
          text run at (534,302) width 159: "dummy text dummy text"
          text run at (21,322) width 324: "dummy text dummy text dummy text dummy text "
          text run at (344,322) width 373: "dummy text dummy text dummy text dummy text dummy"
          text run at (21,342) width 109: "text dummy text "
          text run at (129,342) width 487: "dummy text dummy text dummy text dummy text dummy text dummy text "
          text run at (615,342) width 78: "dummy text"
          text run at (21,362) width 405: "dummy text dummy text dummy text dummy text dummy text "
          text run at (425,362) width 292: "dummy text dummy text dummy text dummy"
          text run at (21,382) width 190: "text dummy text dummy text "
          text run at (210,382) width 483: "dummy text dummy text dummy text dummy text dummy text dummy text"
          text run at (21,402) width 482: "dummy text dummy text dummy text dummy text dummy text dummy text"
