layer at (0,0) size 800x600
  RenderView at (0,0) size 800x600
layer at (0,0) size 800x285
  RenderBlock {HTML} at (0,0) size 800x285
    RenderBody {BODY} at (8,16) size 784x253
      RenderBlock {P} at (0,0) size 784x253 [color=#000080]
        RenderImage {IMG} at (0,0) size 50x50
        RenderText {#text} at (50,1) size 331x17
          text run at (50,1) width 331: "\x{21E6} This text should flow around the box on the left. "
        RenderInline {SPAN} at (0,0) size 782x251 [color=#C0C0C0]
          RenderText {#text} at (380,1) size 782x251
            text run at (380,1) width 402: "dummy text dummy text dummy text dummy text dummy text"
            text run at (50,19) width 53: "dummy "
            text run at (102,19) width 487: "text dummy text dummy text dummy text dummy text dummy text dummy "
            text run at (588,19) width 186: "text dummy text dummy text"
            text run at (50,37) width 296: "dummy text dummy text dummy text dummy "
            text run at (345,37) width 429: "text dummy text dummy text dummy text dummy text dummy text"
            text run at (0,55) width 53: "dummy "
            text run at (52,55) width 487: "text dummy text dummy text dummy text dummy text dummy text dummy "
            text run at (538,55) width 239: "text dummy text dummy text dummy"
            text run at (0,73) width 243: "text dummy text dummy text dummy "
            text run at (242,73) width 486: "text dummy text dummy text dummy text dummy text dummy text dummy "
            text run at (727,73) width 25: "text"
            text run at (0,91) width 458: "dummy text dummy text dummy text dummy text dummy text dummy "
            text run at (457,91) width 320: "text dummy text dummy text dummy text dummy"
            text run at (0,109) width 162: "text dummy text dummy "
            text run at (161,109) width 487: "text dummy text dummy text dummy text dummy text dummy text dummy "
            text run at (647,109) width 105: "text dummy text"
            text run at (0,127) width 377: "dummy text dummy text dummy text dummy text dummy "
            text run at (376,127) width 401: "text dummy text dummy text dummy text dummy text dummy"
            text run at (0,145) width 81: "text dummy "
            text run at (80,145) width 487: "text dummy text dummy text dummy text dummy text dummy text dummy "
            text run at (566,145) width 186: "text dummy text dummy text"
            text run at (0,163) width 296: "dummy text dummy text dummy text dummy "
            text run at (295,163) width 482: "text dummy text dummy text dummy text dummy text dummy text dummy"
            text run at (0,181) width 486: "text dummy text dummy text dummy text dummy text dummy text dummy "
            text run at (485,181) width 267: "text dummy text dummy text dummy text"
            text run at (0,199) width 215: "dummy text dummy text dummy "
            text run at (214,199) width 486: "text dummy text dummy text dummy text dummy text dummy text dummy "
            text run at (699,199) width 78: "text dummy"
            text run at (0,217) width 405: "text dummy text dummy text dummy text dummy text dummy "
            text run at (404,217) width 348: "text dummy text dummy text dummy text dummy text"
            text run at (0,235) width 134: "dummy text dummy "
            text run at (133,235) width 430: "text dummy text dummy text dummy text dummy text dummy text"
        RenderText {#text} at (0,0) size 0x0
