layer at (0,0) size 800x600
  RenderView at (0,0) size 800x600
layer at (0,0) size 800x484
  RenderBlock {HTML} at (0,0) size 800x484
    RenderBody {BODY} at (8,16) size 784x452
      RenderBlock {P} at (0,0) size 784x54 [color=#000080]
        RenderText {#text} at (0,0) size 761x53
          text run at (0,0) width 416: "The big coloured boxes should be level with the top of the small "
          text run at (415,0) width 337: "coloured boxes of the same color (unless there is not"
          text run at (0,18) width 89: "enough room "
          text run at (88,18) width 410: "for the big box to fit on the small box's line after the small box, "
          text run at (497,18) width 264: "in which case the big box should be level"
          text run at (0,36) width 147: "with the bottom of the "
          text run at (146,36) width 142: "respective small box)."
      RenderBlock {DIV} at (16,70) size 752x382 [color=#C0C0C0] [border: (5px solid #800080)]
        RenderText {#text} at (171,22) size 486x17
          text run at (171,22) width 486: "dummy text dummy text dummy text dummy text dummy text dummy text "
        RenderInline {SPAN} at (0,0) size 18x23 [color=#FFFFFF] [bgcolor=#008080] [border: (3px solid #00FFFF)]
          RenderText {#text} at (659,22) size 12x17
            text run at (659,22) width 12: "A"
        RenderText {#text} at (673,22) size 5x17
          text run at (673,22) width 5: " "
        RenderBlock (floating) {P} at (21,21) size 150x58 [color=#FFFFFF] [bgcolor=#008080] [border: (3px solid #00FFFF)]
          RenderText {#text} at (19,20) size 47x17
            text run at (19,20) width 47: "AAAA"
        RenderText {#text} at (677,22) size 556x37
          text run at (677,22) width 50: "dummy"
          text run at (171,42) width 433: "text dummy text dummy text dummy text dummy text dummy text "
        RenderInline {SPAN} at (0,0) size 18x23 [color=#FFFFFF] [bgcolor=#800080] [border: (3px solid #FF00FF)]
          RenderText {#text} at (606,42) size 12x17
            text run at (606,42) width 12: "B"
        RenderText {#text} at (620,42) size 5x17
          text run at (620,42) width 5: " "
        RenderBlock (floating) {P} at (581,61) size 150x58 [color=#FFFFFF] [bgcolor=#800080] [border: (3px solid #FF00FF)]
          RenderText {#text} at (19,20) size 43x17
            text run at (19,20) width 43: "BBBB"
        RenderText {#text} at (624,42) size 696x317
          text run at (624,42) width 77: "dummy text"
          text run at (171,62) width 401: "dummy text dummy text dummy text dummy text dummy text"
          text run at (21,82) width 486: "dummy text dummy text dummy text dummy text dummy text dummy text "
          text run at (506,82) width 50: "dummy"
          text run at (21,102) width 433: "text dummy text dummy text dummy text dummy text dummy text "
          text run at (453,102) width 78: "dummy text"
          text run at (21,122) width 405: "dummy text dummy text dummy text dummy text dummy text "
          text run at (425,122) width 292: "dummy text dummy text dummy text dummy"
          text run at (21,142) width 190: "text dummy text dummy text "
          text run at (210,142) width 483: "dummy text dummy text dummy text dummy text dummy text dummy text"
          text run at (21,162) width 486: "dummy text dummy text dummy text dummy text dummy text dummy text "
          text run at (506,162) width 211: "dummy text dummy text dummy"
          text run at (21,182) width 271: "text dummy text dummy text dummy text "
          text run at (291,182) width 402: "dummy text dummy text dummy text dummy text dummy text"
          text run at (21,202) width 81: "dummy text "
          text run at (101,202) width 487: "dummy text dummy text dummy text dummy text dummy text dummy text "
          text run at (587,202) width 130: "dummy text dummy"
          text run at (21,222) width 352: "text dummy text dummy text dummy text dummy text "
          text run at (372,222) width 321: "dummy text dummy text dummy text dummy text"
          text run at (21,242) width 162: "dummy text dummy text "
          text run at (182,242) width 487: "dummy text dummy text dummy text dummy text dummy text dummy text "
          text run at (668,242) width 49: "dummy"
          text run at (21,262) width 433: "text dummy text dummy text dummy text dummy text dummy text "
          text run at (453,262) width 240: "dummy text dummy text dummy text"
          text run at (21,282) width 243: "dummy text dummy text dummy text "
          text run at (263,282) width 454: "dummy text dummy text dummy text dummy text dummy text dummy"
          text run at (21,302) width 28: "text "
          text run at (48,302) width 487: "dummy text dummy text dummy text dummy text dummy text dummy text "
          text run at (534,302) width 159: "dummy text dummy text"
          text run at (21,322) width 324: "dummy text dummy text dummy text dummy text "
          text run at (344,322) width 373: "dummy text dummy text dummy text dummy text dummy"
          text run at (21,342) width 109: "text dummy text "
          text run at (129,342) width 483: "dummy text dummy text dummy text dummy text dummy text dummy text"
