layer at (0,0) size 800x600
  RenderView at (0,0) size 800x600
layer at (0,0) size 800x464
  RenderBlock {HTML} at (0,0) size 800x464
    RenderBody {BODY} at (8,16) size 784x432
      RenderBlock {P} at (0,0) size 784x54 [color=#000080]
        RenderText {#text} at (0,0) size 776x53
          text run at (0,0) width 416: "The big coloured boxes should be level with the top of the small "
          text run at (415,0) width 337: "coloured boxes of the same color (unless there is not"
          text run at (0,18) width 89: "enough room "
          text run at (88,18) width 410: "for the big box to fit on the small box's line after the small box, "
          text run at (497,18) width 279: "in which case the big box should be as high"
          text run at (0,36) width 141: "as possible below the "
          text run at (140,36) width 73: "small box)."
      RenderBlock {DIV} at (16,70) size 752x362 [color=#C0C0C0] [border: (5px solid #800080)]
        RenderText {#text} at (171,22) size 324x17
          text run at (171,22) width 324: "dummy text dummy text dummy text dummy text "
        RenderInline {SPAN} at (0,0) size 19x23 [color=#FFFFFF] [bgcolor=#008080] [border: (3px solid #00FFFF)]
          RenderText {#text} at (497,22) size 13x17
            text run at (497,22) width 13: "A"
        RenderText {#text} at (512,22) size 5x17
          text run at (512,22) width 5: " "
        RenderBlock (floating) {P} at (21,21) size 150x58 [color=#FFFFFF] [bgcolor=#008080] [border: (3px solid #00FFFF)]
          RenderText {#text} at (19,20) size 47x17
            text run at (19,20) width 47: "AAAA"
        RenderText {#text} at (0,0) size 0x0
        RenderInline {SPAN} at (0,0) size 17x23 [color=#FFFFFF] [bgcolor=#800080] [border: (3px solid #FF00FF)]
          RenderText {#text} at (519,22) size 11x17
            text run at (519,22) width 11: "B"
        RenderText {#text} at (0,0) size 0x0
        RenderBlock (floating) {P} at (581,21) size 150x58 [color=#FFFFFF] [bgcolor=#800080] [border: (3px solid #FF00FF)]
          RenderText {#text} at (19,20) size 43x17
            text run at (19,20) width 43: "BBBB"
        RenderText {#text} at (171,42) size 696x297
          text run at (171,42) width 401: "dummy text dummy text dummy text dummy text dummy text"
          text run at (171,62) width 81: "dummy text "
          text run at (251,62) width 321: "dummy text dummy text dummy text dummy text"
          text run at (21,82) width 162: "dummy text dummy text "
          text run at (182,82) width 487: "dummy text dummy text dummy text dummy text dummy text dummy text "
          text run at (668,82) width 49: "dummy"
          text run at (21,102) width 433: "text dummy text dummy text dummy text dummy text dummy text "
          text run at (453,102) width 240: "dummy text dummy text dummy text"
          text run at (21,122) width 243: "dummy text dummy text dummy text "
          text run at (263,122) width 454: "dummy text dummy text dummy text dummy text dummy text dummy"
          text run at (21,142) width 28: "text "
          text run at (48,142) width 487: "dummy text dummy text dummy text dummy text dummy text dummy text "
          text run at (534,142) width 159: "dummy text dummy text"
          text run at (21,162) width 324: "dummy text dummy text dummy text dummy text "
          text run at (344,162) width 373: "dummy text dummy text dummy text dummy text dummy"
          text run at (21,182) width 109: "text dummy text "
          text run at (129,182) width 487: "dummy text dummy text dummy text dummy text dummy text dummy text "
          text run at (615,182) width 78: "dummy text"
          text run at (21,202) width 405: "dummy text dummy text dummy text dummy text dummy text "
          text run at (425,202) width 292: "dummy text dummy text dummy text dummy"
          text run at (21,222) width 190: "text dummy text dummy text "
          text run at (210,222) width 483: "dummy text dummy text dummy text dummy text dummy text dummy text"
          text run at (21,242) width 486: "dummy text dummy text dummy text dummy text dummy text dummy text "
          text run at (506,242) width 211: "dummy text dummy text dummy"
          text run at (21,262) width 271: "text dummy text dummy text dummy text "
          text run at (291,262) width 402: "dummy text dummy text dummy text dummy text dummy text"
          text run at (21,282) width 81: "dummy text "
          text run at (101,282) width 487: "dummy text dummy text dummy text dummy text dummy text dummy text "
          text run at (587,282) width 130: "dummy text dummy"
          text run at (21,302) width 352: "text dummy text dummy text dummy text dummy text "
          text run at (372,302) width 321: "dummy text dummy text dummy text dummy text"
          text run at (21,322) width 162: "dummy text dummy text "
          text run at (182,322) width 483: "dummy text dummy text dummy text dummy text dummy text dummy text"
