layer at (0,0) size 800x600
  RenderView at (0,0) size 800x600
layer at (0,0) size 800x255
  RenderBlock {HTML} at (0,0) size 800x255
    RenderBody {BODY} at (8,16) size 784x224
      RenderBlock {P} at (0,0) size 784x36
        RenderText {#text} at (0,0) size 727x35
          text run at (0,0) width 387: "Change your window size. However the lines wrap, the blue "
          text run at (387,0) width 340: "rectanglues should always have their tops on the same"
          text run at (0,18) width 83: "alignment as "
          text run at (83,18) width 204: "other blue rectangles on the line."
      RenderBlock {P} at (15,52) size 754x172 [color=#0000FF] [bgcolor=#FFFFFF] [border: (1px solid #C0C0C0)]
        RenderInline {SPAN} at (8,8) size 46x16
          RenderText {#text} at (8,8) size 46x16
            text run at (8,8) width 46: "xxx"
        RenderText {#text} at (53,8) size 16x16
          text run at (53,8) width 16: " "
        RenderImage {IMG} at (68,8) size 11x11
        RenderText {#text} at (78,8) size 16x16
          text run at (78,8) width 16: " "
        RenderInline {SPAN} at (93,7) size 112x39
          RenderText {#text} at (93,7) size 112x39
            text run at (93,7) width 112: "xxx"
        RenderText {#text} at (204,8) size 16x16
          text run at (204,8) width 16: " "
        RenderImage {IMG} at (219,8) size 11x11
        RenderText {#text} at (229,8) size 16x16
          text run at (229,8) width 16: " "
        RenderInline {SPAN} at (244,8) size 46x16
          RenderText {#text} at (244,8) size 46x16
            text run at (244,8) width 46: "xxx"
        RenderText {#text} at (289,8) size 16x16
          text run at (289,8) width 16: " "
        RenderImage {IMG} at (304,8) size 11x11
        RenderText {#text} at (314,8) size 16x16
          text run at (314,8) width 16: " "
        RenderInline {SPAN} at (329,8) size 46x16
          RenderText {#text} at (329,8) size 46x16
            text run at (329,8) width 46: "xxx"
        RenderText {#text} at (374,8) size 16x16
          text run at (374,8) width 16: " "
        RenderImage {IMG} at (389,8) size 11x11
        RenderText {#text} at (399,8) size 16x16
          text run at (399,8) width 16: " "
        RenderInline {BIG} at (414,8) size 61x21
          RenderText {#text} at (414,8) size 61x21
            text run at (414,8) width 61: "xxx"
        RenderText {#text} at (474,8) size 16x16
          text run at (474,8) width 16: " "
        RenderImage {IMG} at (489,8) size 21x21
        RenderText {#text} at (509,8) size 16x16
          text run at (509,8) width 16: " "
        RenderInline {SPAN} at (524,8) size 46x16
          RenderText {#text} at (524,8) size 46x16
            text run at (524,8) width 46: "xxx"
        RenderText {#text} at (569,8) size 16x16
          text run at (569,8) width 16: " "
        RenderImage {IMG} at (584,8) size 66x66
        RenderText {#text} at (649,8) size 16x16
          text run at (649,8) width 16: " "
        RenderInline {SPAN} at (664,8) size 46x16
          RenderText {#text} at (664,8) size 46x16
            text run at (664,8) width 46: "xxx"
        RenderText {#text} at (0,0) size 0x0
        RenderImage {IMG} at (8,73) size 36x36
        RenderText {#text} at (43,73) size 16x16
          text run at (43,73) width 16: " "
        RenderInline {SPAN} at (58,73) size 91x31
          RenderText {#text} at (58,73) size 91x31
            text run at (58,73) width 91: "xxx"
        RenderText {#text} at (148,73) size 16x16
          text run at (148,73) width 16: " "
        RenderImage {IMG} at (163,73) size 51x51
        RenderText {#text} at (213,73) size 16x16
          text run at (213,73) width 16: " "
        RenderInline {SPAN} at (228,73) size 46x16
          RenderText {#text} at (228,73) size 46x16
            text run at (228,73) width 46: "xxx"
        RenderText {#text} at (273,73) size 16x16
          text run at (273,73) width 16: " "
        RenderImage {IMG} at (288,73) size 16x16
        RenderText {#text} at (303,73) size 16x16
          text run at (303,73) width 16: " "
        RenderInline {BIG} at (318,73) size 61x21
          RenderText {#text} at (318,73) size 61x21
            text run at (318,73) width 61: "xxx"
        RenderText {#text} at (378,73) size 16x16
          text run at (378,73) width 16: " "
        RenderImage {IMG} at (393,73) size 91x91
        RenderText {#text} at (0,0) size 0x0
