layer at (0,0) size 800x600
  RenderView at (0,0) size 800x600
layer at (0,0) size 800x494
  RenderBlock {HTML} at (0,0) size 800x494
    RenderBody {BODY} at (8,16) size 784x470
      RenderBlock {P} at (0,0) size 784x18
        RenderText {#text} at (0,0) size 469x17
          text run at (0,0) width 469: "The square below should be exactly 50% wide on the ruler at the bottom."
      RenderBlock {DIV} at (0,34) size 784x396
        RenderImage {IMG} at (0,0) size 392x392
