layer at (0,0) size 800x600
  RenderView at (0,0) size 800x600
layer at (0,0) size 800x318
  RenderBlock {HTML} at (0,0) size 800x318
    RenderBody {BODY} at (8,16) size 784x286
      RenderBlock {P} at (0,0) size 784x18 [color=#000080]
        RenderText {#text} at (0,0) size 218x17
          text run at (0,0) width 218: "There should be no red anywhere."
      RenderBlock {P} at (0,34) size 784x18 [color=#000080]
        RenderText {#text} at (0,0) size 336x17
          text run at (0,0) width 336: "There should be two identical squares after this line:"
      RenderBlock {DIV} at (16,68) size 752x35
        RenderImage {IMG} at (0,0) size 15x15
        RenderBlock {SPAN} at (0,20) size 15x15 [color=#0000FF] [bgcolor=#FF0000]
          RenderText {#text} at (0,0) size 15x15
            text run at (0,0) width 15: "X"
      RenderBlock {P} at (0,119) size 784x18 [color=#000080]
        RenderText {#text} at (0,0) size 336x17
          text run at (0,0) width 336: "There should be two identical squares after this line:"
      RenderBlock {DIV} at (16,153) size 752x133
        RenderImage {IMG} at (0,0) size 64x64
        RenderBlock {SPAN} at (0,69) size 64x64 [color=#0000FF] [bgcolor=#FF0000]
          RenderText {#text} at (0,0) size 64x64
            text run at (0,0) width 64: "X"
