layer at (0,0) size 800x600
  RenderView at (0,0) size 800x600
layer at (0,0) size 800x319
  RenderBlock {HTML} at (0,0) size 800x319
    RenderBody {BODY} at (8,16) size 784x288
      RenderBlock {P} at (0,0) size 784x36
        RenderText {#text} at (0,0) size 750x35
          text run at (0,0) width 387: "Change your window size. However the lines wrap, the blue "
          text run at (387,0) width 363: "rectanglues should always have their middles on the same"
          text run at (0,18) width 83: "alignment as "
          text run at (83,18) width 204: "other blue rectangles on the line."
      RenderBlock {P} at (15,52) size 754x236 [color=#0000FF] [bgcolor=#FFFFFF] [border: (1px solid #C0C0C0)]
        RenderText {#text} at (8,35) size 61x15
          text run at (8,35) width 61: "\x{C9}\x{C9}\x{C9} "
        RenderImage {IMG} at (68,26) size 31x30
        RenderText {#text} at (98,35) size 16x15
          text run at (98,35) width 16: " "
        RenderInline {SPAN} at (113,17) size 112x38 [color=#C0C0C0]
          RenderText {#text} at (113,17) size 112x38
            text run at (113,17) width 112: "xxx"
        RenderText {#text} at (224,35) size 16x15
          text run at (224,35) width 16: " "
        RenderImage {IMG} at (239,16) size 51x50
        RenderText {#text} at (289,35) size 76x15
          text run at (289,35) width 16: " "
          text run at (304,35) width 61: "\x{C9}\x{C9}\x{C9} "
        RenderImage {IMG} at (364,36) size 11x10
        RenderText {#text} at (374,35) size 16x15
          text run at (374,35) width 16: " "
        RenderInline {SMALL} at (389,39) size 31x10 [color=#C0C0C0]
          RenderText {#text} at (389,39) size 31x10
            text run at (389,39) width 31: "xxx"
        RenderText {#text} at (419,35) size 16x15
          text run at (419,35) width 16: " "
        RenderImage {IMG} at (434,31) size 21x20
        RenderText {#text} at (454,35) size 76x15
          text run at (454,35) width 16: " "
          text run at (469,35) width 61: "\x{C9}\x{C9}\x{C9} "
        RenderImage {IMG} at (529,8) size 66x66
        RenderText {#text} at (594,35) size 76x15
          text run at (594,35) width 16: " "
          text run at (609,35) width 61: "\x{C9}\x{C9}\x{C9} "
        RenderImage {IMG} at (669,23) size 36x36
        RenderText {#text} at (0,0) size 0x0
        RenderInline {SPAN} at (8,94) size 91x31 [color=#C0C0C0]
          RenderText {#text} at (8,94) size 91x31
            text run at (8,94) width 91: "xxx"
        RenderText {#text} at (98,106) size 16x16
          text run at (98,106) width 16: " "
        RenderImage {IMG} at (113,87) size 51x51
        RenderText {#text} at (163,106) size 16x16
          text run at (163,106) width 16: " "
        RenderInline {SPAN} at (178,100) size 353x24 [color=#C0C0C0]
          RenderText {#text} at (178,100) size 93x24
            text run at (178,100) width 93: "xxx "
          RenderInline {SPAN} at (270,73) size 169x57
            RenderText {#text} at (270,73) size 169x57
              text run at (270,73) width 169: "xxx"
          RenderText {#text} at (438,100) size 93x24
            text run at (438,100) width 93: " xxx"
        RenderText {#text} at (530,106) size 16x16
          text run at (530,106) width 16: " "
        RenderImage {IMG} at (545,87) size 51x51
        RenderText {#text} at (595,106) size 16x16
          text run at (595,106) width 16: " "
        RenderInline {SMALL} at (610,110) size 31x11 [color=#C0C0C0]
          RenderText {#text} at (610,110) size 31x11
            text run at (610,110) width 31: "xxx"
        RenderText {#text} at (640,106) size 16x16
          text run at (640,106) width 16: " "
        RenderImage {IMG} at (655,105) size 16x15
        RenderText {#text} at (670,106) size 16x16
          text run at (670,106) width 16: " "
        RenderInline {BIG} at (685,102) size 61x21 [color=#C0C0C0]
          RenderText {#text} at (685,102) size 61x21
            text run at (685,102) width 61: "xxx"
        RenderText {#text} at (0,0) size 0x0
        RenderImage {IMG} at (8,137) size 91x91
        RenderText {#text} at (98,176) size 61x16
          text run at (98,176) width 16: " "
          text run at (113,176) width 46: "\x{C9}\x{C9}\x{C9}"
