layer at (0,0) size 800x600
  RenderView at (0,0) size 800x600
layer at (0,0) size 800x94
  RenderBlock {HTML} at (0,0) size 800x94
    RenderBody {BODY} at (8,16) size 784x70
      RenderBlock {P} at (0,0) size 784x18
        RenderText {#text} at (0,0) size 298x17
          text run at (0,0) width 298: "The following two lines should look the same:"
      RenderBlock {DIV} at (0,34) size 784x18
        RenderInline {SPAN} at (0,0) size 19x17
          RenderInline (generated) at (0,0) size 19x17
            RenderCounter at (0,0) size 19x17
              text run at (0,0) width 19: "a.a"
        RenderText {#text} at (18,0) size 5x17
          text run at (18,0) width 5: " "
        RenderInline {SPAN} at (0,0) size 20x17
          RenderInline (generated) at (0,0) size 20x17
            RenderCounter at (22,0) size 20x17
              text run at (22,0) width 20: "a.b"
        RenderText {#text} at (41,0) size 5x17
          text run at (41,0) width 5: " "
        RenderInline {SPAN} at (0,0) size 19x17
          RenderInline (generated) at (0,0) size 19x17
            RenderCounter at (45,0) size 19x17
              text run at (45,0) width 19: "a.c"
        RenderText {#text} at (63,0) size 5x17
          text run at (63,0) width 5: " "
        RenderInline {SPAN} at (0,0) size 20x17
          RenderInline (generated) at (0,0) size 20x17
            RenderCounter at (67,0) size 20x17
              text run at (67,0) width 20: "a.d"
        RenderText {#text} at (86,0) size 5x17
          text run at (86,0) width 5: " "
        RenderInline {SPAN} at (0,0) size 19x17
          RenderInline (generated) at (0,0) size 19x17
            RenderCounter at (90,0) size 19x17
              text run at (90,0) width 19: "a.e"
        RenderText {#text} at (108,0) size 5x17
          text run at (108,0) width 5: " "
        RenderInline {SPAN} at (0,0) size 18x17
          RenderInline (generated) at (0,0) size 18x17
            RenderCounter at (112,0) size 18x17
              text run at (112,0) width 18: "a.f"
        RenderText {#text} at (129,0) size 5x17
          text run at (129,0) width 5: " "
        RenderInline {SPAN} at (0,0) size 20x17
          RenderInline (generated) at (0,0) size 20x17
            RenderCounter at (133,0) size 20x17
              text run at (133,0) width 20: "a.g"
        RenderText {#text} at (152,0) size 5x17
          text run at (152,0) width 5: " "
        RenderInline {SPAN} at (0,0) size 20x17
          RenderInline (generated) at (0,0) size 20x17
            RenderCounter at (156,0) size 20x17
              text run at (156,0) width 20: "a.h"
        RenderText {#text} at (175,0) size 5x17
          text run at (175,0) width 5: " "
        RenderInline {SPAN} at (0,0) size 16x17
          RenderInline (generated) at (0,0) size 16x17
            RenderCounter at (179,0) size 16x17
              text run at (179,0) width 16: "a.i"
        RenderText {#text} at (194,0) size 5x17
          text run at (194,0) width 5: " "
        RenderInline {SPAN} at (0,0) size 17x17
          RenderInline (generated) at (0,0) size 17x17
            RenderCounter at (198,0) size 17x17
              text run at (198,0) width 17: "a.j"
        RenderText {#text} at (214,0) size 5x17
          text run at (214,0) width 5: " "
        RenderInline {SPAN} at (0,0) size 20x17
          RenderInline (generated) at (0,0) size 20x17
            RenderCounter at (218,0) size 20x17
              text run at (218,0) width 20: "a.k"
        RenderText {#text} at (237,0) size 5x17
          text run at (237,0) width 5: " "
        RenderInline {SPAN} at (0,0) size 17x17
          RenderInline (generated) at (0,0) size 17x17
            RenderCounter at (241,0) size 17x17
              text run at (241,0) width 17: "a.l"
        RenderText {#text} at (0,0) size 0x0
      RenderBlock {DIV} at (0,52) size 784x18
        RenderText {#text} at (0,0) size 258x17
          text run at (0,0) width 23: "a.a "
          text run at (22,0) width 24: "a.b "
          text run at (45,0) width 23: "a.c "
          text run at (67,0) width 24: "a.d "
          text run at (90,0) width 23: "a.e "
          text run at (112,0) width 22: "a.f "
          text run at (133,0) width 24: "a.g "
          text run at (156,0) width 24: "a.h "
          text run at (179,0) width 20: "a.i "
          text run at (198,0) width 21: "a.j "
          text run at (218,0) width 24: "a.k "
          text run at (241,0) width 17: "a.l"
