layer at (0,0) size 800x600
  RenderView at (0,0) size 800x600
layer at (0,0) size 800x96
  RenderBlock {HTML} at (0,0) size 800x96
    RenderBody {BODY} at (8,16) size 784x72
      RenderBlock {P} at (0,0) size 784x18
        RenderText {#text} at (0,0) size 298x17
          text run at (0,0) width 298: "The following two lines should look the same:"
      RenderBlock {DIV} at (0,34) size 784x19
        RenderInline {SPAN} at (0,0) size 9x17
          RenderInline (generated) at (0,0) size 9x17
            RenderCounter at (0,1) size 9x17
              text run at (0,1) width 9: "\x{10D0}"
        RenderText {#text} at (8,1) size 5x17
          text run at (8,1) width 5: " "
        RenderInline {SPAN} at (0,0) size 9x17
          RenderInline (generated) at (0,0) size 9x17
            RenderCounter at (12,1) size 9x17
              text run at (12,1) width 9: "\x{10D1}"
        RenderText {#text} at (20,1) size 5x17
          text run at (20,1) width 5: " "
        RenderInline {SPAN} at (0,0) size 9x17
          RenderInline (generated) at (0,0) size 9x17
            RenderCounter at (24,1) size 9x17
              text run at (24,1) width 9: "\x{10D2}"
        RenderText {#text} at (32,1) size 5x17
          text run at (32,1) width 5: " "
        RenderInline {SPAN} at (0,0) size 14x17
          RenderInline (generated) at (0,0) size 14x17
            RenderCounter at (36,1) size 14x17
              text run at (36,1) width 14: "\x{10D3}"
        RenderText {#text} at (49,1) size 5x17
          text run at (49,1) width 5: " "
        RenderInline {SPAN} at (0,0) size 9x17
          RenderInline (generated) at (0,0) size 9x17
            RenderCounter at (53,1) size 9x17
              text run at (53,1) width 9: "\x{10D4}"
        RenderText {#text} at (61,1) size 5x17
          text run at (61,1) width 5: " "
        RenderInline {SPAN} at (0,0) size 9x17
          RenderInline (generated) at (0,0) size 9x17
            RenderCounter at (65,1) size 9x17
              text run at (65,1) width 9: "\x{10D5}"
        RenderText {#text} at (73,1) size 5x17
          text run at (73,1) width 5: " "
        RenderInline {SPAN} at (0,0) size 10x17
          RenderInline (generated) at (0,0) size 10x17
            RenderCounter at (77,1) size 10x17
              text run at (77,1) width 10: "\x{10D6}"
        RenderText {#text} at (86,1) size 5x17
          text run at (86,1) width 5: " "
        RenderInline {SPAN} at (0,0) size 10x17
          RenderInline (generated) at (0,0) size 10x17
            RenderCounter at (90,1) size 10x17
              text run at (90,1) width 10: "\x{10F1}"
        RenderText {#text} at (99,1) size 5x17
          text run at (99,1) width 5: " "
        RenderInline {SPAN} at (0,0) size 13x17
          RenderInline (generated) at (0,0) size 13x17
            RenderCounter at (103,1) size 13x17
              text run at (103,1) width 13: "\x{10D7}"
        RenderText {#text} at (115,1) size 5x17
          text run at (115,1) width 5: " "
        RenderInline {SPAN} at (0,0) size 9x17
          RenderInline (generated) at (0,0) size 9x17
            RenderCounter at (119,1) size 9x17
              text run at (119,1) width 9: "\x{10D8}"
        RenderText {#text} at (127,1) size 5x17
          text run at (127,1) width 5: " "
        RenderInline {SPAN} at (0,0) size 18x17
          RenderInline (generated) at (0,0) size 18x17
            RenderCounter at (131,1) size 18x17
              text run at (131,1) width 18: "\x{10D8}\x{10D0}"
        RenderText {#text} at (148,1) size 5x17
          text run at (148,1) width 5: " "
        RenderInline {SPAN} at (0,0) size 17x17
          RenderInline (generated) at (0,0) size 17x17
            RenderCounter at (152,1) size 17x17
              text run at (152,1) width 17: "\x{10D8}\x{10D1}"
        RenderText {#text} at (168,1) size 5x17
          text run at (168,1) width 5: " "
        RenderInline {SPAN} at (0,0) size 9x17
          RenderInline (generated) at (0,0) size 9x17
            RenderCounter at (172,1) size 9x17
              text run at (172,1) width 9: "\x{10D9}"
        RenderText {#text} at (180,1) size 5x17
          text run at (180,1) width 5: " "
        RenderInline {SPAN} at (0,0) size 18x17
          RenderInline (generated) at (0,0) size 18x17
            RenderCounter at (184,1) size 18x17
              text run at (184,1) width 18: "\x{10DA}"
        RenderText {#text} at (201,1) size 5x17
          text run at (201,1) width 5: " "
        RenderInline {SPAN} at (0,0) size 9x17
          RenderInline (generated) at (0,0) size 9x17
            RenderCounter at (205,1) size 9x17
              text run at (205,1) width 9: "\x{10DB}"
        RenderText {#text} at (214,1) size 4x17
          text run at (214,1) width 4: " "
        RenderInline {SPAN} at (0,0) size 9x17
          RenderInline (generated) at (0,0) size 9x17
            RenderCounter at (218,1) size 9x17
              text run at (218,1) width 9: "\x{10DC}"
        RenderText {#text} at (226,1) size 5x17
          text run at (226,1) width 5: " "
        RenderInline {SPAN} at (0,0) size 9x17
          RenderInline (generated) at (0,0) size 9x17
            RenderCounter at (230,1) size 9x17
              text run at (230,1) width 9: "\x{10F2}"
        RenderText {#text} at (238,1) size 5x17
          text run at (238,1) width 5: " "
        RenderInline {SPAN} at (0,0) size 14x17
          RenderInline (generated) at (0,0) size 14x17
            RenderCounter at (242,1) size 14x17
              text run at (242,1) width 14: "\x{10DD}"
        RenderText {#text} at (255,1) size 5x17
          text run at (255,1) width 5: " "
        RenderInline {SPAN} at (0,0) size 9x17
          RenderInline (generated) at (0,0) size 9x17
            RenderCounter at (259,1) size 9x17
              text run at (259,1) width 9: "\x{10DE}"
        RenderText {#text} at (267,1) size 5x17
          text run at (267,1) width 5: " "
        RenderInline {SPAN} at (0,0) size 9x17
          RenderInline (generated) at (0,0) size 9x17
            RenderCounter at (271,1) size 9x17
              text run at (271,1) width 9: "\x{10DF}"
        RenderText {#text} at (279,1) size 5x17
          text run at (279,1) width 5: " "
        RenderInline {SPAN} at (0,0) size 14x17
          RenderInline (generated) at (0,0) size 14x17
            RenderCounter at (283,1) size 14x17
              text run at (283,1) width 14: "\x{10E0}"
        RenderText {#text} at (296,1) size 5x17
          text run at (296,1) width 5: " "
        RenderInline {SPAN} at (0,0) size 9x17
          RenderInline (generated) at (0,0) size 9x17
            RenderCounter at (300,1) size 9x17
              text run at (300,1) width 9: "\x{10E1}"
        RenderText {#text} at (308,1) size 5x17
          text run at (308,1) width 5: " "
        RenderInline {SPAN} at (0,0) size 12x17
          RenderInline (generated) at (0,0) size 12x17
            RenderCounter at (312,1) size 12x17
              text run at (312,1) width 12: "\x{10E2}"
        RenderText {#text} at (323,1) size 5x17
          text run at (323,1) width 5: " "
        RenderInline {SPAN} at (0,0) size 9x17
          RenderInline (generated) at (0,0) size 9x17
            RenderCounter at (327,1) size 9x17
              text run at (327,1) width 9: "\x{10F3}"
        RenderText {#text} at (335,1) size 5x17
          text run at (335,1) width 5: " "
        RenderInline {SPAN} at (0,0) size 13x17
          RenderInline (generated) at (0,0) size 13x17
            RenderCounter at (339,1) size 13x17
              text run at (339,1) width 13: "\x{10E4}"
        RenderText {#text} at (351,1) size 5x17
          text run at (351,1) width 5: " "
        RenderInline {SPAN} at (0,0) size 10x17
          RenderInline (generated) at (0,0) size 10x17
            RenderCounter at (355,1) size 10x17
              text run at (355,1) width 10: "\x{10E5}"
        RenderText {#text} at (364,1) size 5x17
          text run at (364,1) width 5: " "
        RenderInline {SPAN} at (0,0) size 13x17
          RenderInline (generated) at (0,0) size 13x17
            RenderCounter at (368,1) size 13x17
              text run at (368,1) width 13: "\x{10E6}"
        RenderText {#text} at (380,1) size 5x17
          text run at (380,1) width 5: " "
        RenderInline {SPAN} at (0,0) size 10x17
          RenderInline (generated) at (0,0) size 10x17
            RenderCounter at (384,1) size 10x17
              text run at (384,1) width 10: "\x{10E7}"
        RenderText {#text} at (393,1) size 5x17
          text run at (393,1) width 5: " "
        RenderInline {SPAN} at (0,0) size 9x17
          RenderInline (generated) at (0,0) size 9x17
            RenderCounter at (397,1) size 9x17
              text run at (397,1) width 9: "\x{10E8}"
        RenderText {#text} at (405,1) size 5x17
          text run at (405,1) width 5: " "
        RenderInline {SPAN} at (0,0) size 9x17
          RenderInline (generated) at (0,0) size 9x17
            RenderCounter at (409,1) size 9x17
              text run at (409,1) width 9: "\x{10E9}"
        RenderText {#text} at (417,1) size 5x17
          text run at (417,1) width 5: " "
        RenderInline {SPAN} at (0,0) size 10x17
          RenderInline (generated) at (0,0) size 10x17
            RenderCounter at (421,1) size 10x17
              text run at (421,1) width 10: "\x{10EA}"
        RenderText {#text} at (430,1) size 5x17
          text run at (430,1) width 5: " "
        RenderInline {SPAN} at (0,0) size 10x17
          RenderInline (generated) at (0,0) size 10x17
            RenderCounter at (434,1) size 10x17
              text run at (434,1) width 10: "\x{10EB}"
        RenderText {#text} at (443,1) size 5x17
          text run at (443,1) width 5: " "
        RenderInline {SPAN} at (0,0) size 9x17
          RenderInline (generated) at (0,0) size 9x17
            RenderCounter at (447,1) size 9x17
              text run at (447,1) width 9: "\x{10EC}"
        RenderText {#text} at (455,1) size 5x17
          text run at (455,1) width 5: " "
        RenderInline {SPAN} at (0,0) size 9x17
          RenderInline (generated) at (0,0) size 9x17
            RenderCounter at (459,1) size 9x17
              text run at (459,1) width 9: "\x{10ED}"
        RenderText {#text} at (467,1) size 5x17
          text run at (467,1) width 5: " "
        RenderInline {SPAN} at (0,0) size 9x17
          RenderInline (generated) at (0,0) size 9x17
            RenderCounter at (471,1) size 9x17
              text run at (471,1) width 9: "\x{10EE}"
        RenderText {#text} at (479,1) size 5x17
          text run at (479,1) width 5: " "
        RenderInline {SPAN} at (0,0) size 9x17
          RenderInline (generated) at (0,0) size 9x17
            RenderCounter at (483,1) size 9x17
              text run at (483,1) width 9: "\x{10F4}"
        RenderText {#text} at (492,1) size 4x17
          text run at (492,1) width 4: " "
        RenderInline {SPAN} at (0,0) size 8x17
          RenderInline (generated) at (0,0) size 8x17
            RenderCounter at (496,1) size 8x17
              text run at (496,1) width 8: "\x{10EF}"
        RenderText {#text} at (503,1) size 5x17
          text run at (503,1) width 5: " "
        RenderInline {SPAN} at (0,0) size 10x17
          RenderInline (generated) at (0,0) size 10x17
            RenderCounter at (507,1) size 10x17
              text run at (507,1) width 10: "\x{10F0}"
        RenderText {#text} at (516,1) size 5x17
          text run at (516,1) width 5: " "
        RenderInline {SPAN} at (0,0) size 10x17
          RenderInline (generated) at (0,0) size 10x17
            RenderCounter at (520,1) size 10x17
              text run at (520,1) width 10: "\x{10F5}"
        RenderText {#text} at (529,1) size 5x17
          text run at (529,1) width 5: " "
        RenderInline {SPAN} at (0,0) size 48x17
          RenderInline (generated) at (0,0) size 48x17
            RenderCounter at (533,1) size 48x17
              text run at (533,1) width 48: "\x{10F5}\x{10F0}\x{10E8}\x{10DF}\x{10D7}"
        RenderText {#text} at (0,0) size 0x0
      RenderBlock {DIV} at (0,53) size 784x19
        RenderText {#text} at (0,1) size 581x17
          text run at (0,1) width 13: "\x{10D0} "
          text run at (12,1) width 13: "\x{10D1} "
          text run at (24,1) width 13: "\x{10D2} "
          text run at (36,1) width 18: "\x{10D3} "
          text run at (53,1) width 13: "\x{10D4} "
          text run at (65,1) width 13: "\x{10D5} "
          text run at (77,1) width 14: "\x{10D6} "
          text run at (90,1) width 14: "\x{10F1} "
          text run at (103,1) width 17: "\x{10D7} "
          text run at (119,1) width 13: "\x{10D8} "
          text run at (131,1) width 22: "\x{10D8}\x{10D0} "
          text run at (152,1) width 21: "\x{10D8}\x{10D1} "
          text run at (172,1) width 13: "\x{10D9} "
          text run at (184,1) width 22: "\x{10DA} "
          text run at (205,1) width 13: "\x{10DB} "
          text run at (218,1) width 13: "\x{10DC} "
          text run at (230,1) width 13: "\x{10F2} "
          text run at (242,1) width 18: "\x{10DD} "
          text run at (259,1) width 13: "\x{10DE} "
          text run at (271,1) width 13: "\x{10DF} "
          text run at (283,1) width 18: "\x{10E0} "
          text run at (300,1) width 13: "\x{10E1} "
          text run at (312,1) width 16: "\x{10E2} "
          text run at (327,1) width 13: "\x{10F3} "
          text run at (339,1) width 17: "\x{10E4} "
          text run at (355,1) width 14: "\x{10E5} "
          text run at (368,1) width 17: "\x{10E6} "
          text run at (384,1) width 14: "\x{10E7} "
          text run at (397,1) width 13: "\x{10E8} "
          text run at (409,1) width 13: "\x{10E9} "
          text run at (421,1) width 14: "\x{10EA} "
          text run at (434,1) width 14: "\x{10EB} "
          text run at (447,1) width 13: "\x{10EC} "
          text run at (459,1) width 13: "\x{10ED} "
          text run at (471,1) width 13: "\x{10EE} "
          text run at (483,1) width 13: "\x{10F4} "
          text run at (496,1) width 12: "\x{10EF} "
          text run at (507,1) width 14: "\x{10F0} "
          text run at (520,1) width 14: "\x{10F5} "
          text run at (533,1) width 48: "\x{10F5}\x{10F0}\x{10E8}\x{10DF}\x{10D7}"
