layer at (0,0) size 800x600
  RenderView at (0,0) size 800x600
layer at (0,0) size 800x94
  RenderBlock {HTML} at (0,0) size 800x94
    RenderBody {BODY} at (8,16) size 784x70
      RenderBlock {P} at (0,0) size 784x18
        RenderText {#text} at (0,0) size 284x17
          text run at (0,0) width 284: "The following two lines should be the same:"
      RenderBlock {DIV} at (0,34) size 784x18
        RenderInline {SPAN} at (0,0) size 195x17
          RenderInline (generated) at (0,0) size 24x17
            RenderText at (0,0) size 11x17
              text run at (0,0) width 11: "B"
            RenderCounter at (10,0) size 9x17
              text run at (10,0) width 9: "1"
            RenderText at (18,0) size 6x17
              text run at (18,0) width 6: "-"
          RenderInline {SPAN} at (0,0) size 146x17
            RenderInline (generated) at (0,0) size 36x17
              RenderText at (24,0) size 11x17
                text run at (24,0) width 11: "B"
              RenderCounter at (34,0) size 21x17
                text run at (34,0) width 21: "1.1"
              RenderText at (54,0) size 6x17
                text run at (54,0) width 6: "-"
            RenderInline {SPAN} at (0,0) size 73x17
              RenderInline (generated) at (0,0) size 36x17
                RenderText at (60,0) size 11x17
                  text run at (60,0) width 11: "B"
                RenderCounter at (70,0) size 21x17
                  text run at (70,0) width 21: "1.2"
                RenderText at (90,0) size 6x17
                  text run at (90,0) width 6: "-"
              RenderInline (generated) at (0,0) size 37x17
                RenderText at (96,0) size 12x17
                  text run at (96,0) width 12: "A"
                RenderCounter at (107,0) size 21x17
                  text run at (107,0) width 21: "1.3"
                RenderText at (127,0) size 6x17
                  text run at (127,0) width 6: "-"
            RenderInline (generated) at (0,0) size 38x17
              RenderText at (132,0) size 13x17
                text run at (132,0) width 13: "A"
              RenderCounter at (144,0) size 21x17
                text run at (144,0) width 21: "1.4"
              RenderText at (164,0) size 6x17
                text run at (164,0) width 6: "-"
          RenderInline (generated) at (0,0) size 26x17
            RenderText at (169,0) size 13x17
              text run at (169,0) width 13: "A"
            RenderCounter at (181,0) size 9x17
              text run at (181,0) width 9: "2"
            RenderText at (189,0) size 6x17
              text run at (189,0) width 6: "-"
      RenderBlock {DIV} at (0,52) size 784x18
        RenderText {#text} at (0,0) size 195x17
          text run at (0,0) width 195: "B1-B1.1-B1.2-A1.3-A1.4-A2-"
