layer at (0,0) size 800x600
  RenderView at (0,0) size 800x600
layer at (0,0) size 800x94
  RenderBlock {HTML} at (0,0) size 800x94
    RenderBody {BODY} at (8,16) size 784x70
      RenderBlock {P} at (0,0) size 784x18
        RenderText {#text} at (0,0) size 298x17
          text run at (0,0) width 298: "The following two lines should look the same:"
      RenderBlock {DIV} at (0,34) size 784x18
        RenderInline {SPAN} at (0,0) size 12x17
          RenderInline (generated) at (0,0) size 12x17
            RenderCounter at (0,0) size 12x17
              text run at (0,0) width 12: "A"
        RenderText {#text} at (11,0) size 5x17
          text run at (11,0) width 5: " "
        RenderInline {SPAN} at (0,0) size 12x17
          RenderInline (generated) at (0,0) size 12x17
            RenderCounter at (15,0) size 12x17
              text run at (15,0) width 12: "B"
        RenderText {#text} at (26,0) size 5x17
          text run at (26,0) width 5: " "
        RenderInline {SPAN} at (0,0) size 11x17
          RenderInline (generated) at (0,0) size 11x17
            RenderCounter at (30,0) size 11x17
              text run at (30,0) width 11: "C"
        RenderText {#text} at (40,0) size 5x17
          text run at (40,0) width 5: " "
        RenderInline {SPAN} at (0,0) size 13x17
          RenderInline (generated) at (0,0) size 13x17
            RenderCounter at (44,0) size 13x17
              text run at (44,0) width 13: "D"
        RenderText {#text} at (56,0) size 5x17
          text run at (56,0) width 5: " "
        RenderInline {SPAN} at (0,0) size 11x17
          RenderInline (generated) at (0,0) size 11x17
            RenderCounter at (60,0) size 11x17
              text run at (60,0) width 11: "E"
        RenderText {#text} at (70,0) size 5x17
          text run at (70,0) width 5: " "
        RenderInline {SPAN} at (0,0) size 10x17
          RenderInline (generated) at (0,0) size 10x17
            RenderCounter at (74,0) size 10x17
              text run at (74,0) width 10: "F"
        RenderText {#text} at (83,0) size 5x17
          text run at (83,0) width 5: " "
        RenderInline {SPAN} at (0,0) size 12x17
          RenderInline (generated) at (0,0) size 12x17
            RenderCounter at (87,0) size 12x17
              text run at (87,0) width 12: "G"
        RenderText {#text} at (98,0) size 5x17
          text run at (98,0) width 5: " "
        RenderInline {SPAN} at (0,0) size 13x17
          RenderInline (generated) at (0,0) size 13x17
            RenderCounter at (102,0) size 13x17
              text run at (102,0) width 13: "H"
        RenderText {#text} at (114,0) size 5x17
          text run at (114,0) width 5: " "
        RenderInline {SPAN} at (0,0) size 6x17
          RenderInline (generated) at (0,0) size 6x17
            RenderCounter at (118,0) size 6x17
              text run at (118,0) width 6: "I"
        RenderText {#text} at (123,0) size 5x17
          text run at (123,0) width 5: " "
        RenderInline {SPAN} at (0,0) size 7x17
          RenderInline (generated) at (0,0) size 7x17
            RenderCounter at (127,0) size 7x17
              text run at (127,0) width 7: "J"
        RenderText {#text} at (133,0) size 5x17
          text run at (133,0) width 5: " "
        RenderInline {SPAN} at (0,0) size 13x17
          RenderInline (generated) at (0,0) size 13x17
            RenderCounter at (137,0) size 13x17
              text run at (137,0) width 13: "K"
        RenderText {#text} at (149,0) size 5x17
          text run at (149,0) width 5: " "
        RenderInline {SPAN} at (0,0) size 11x17
          RenderInline (generated) at (0,0) size 11x17
            RenderCounter at (153,0) size 11x17
              text run at (153,0) width 11: "L"
        RenderText {#text} at (0,0) size 0x0
      RenderBlock {DIV} at (0,52) size 784x18
        RenderText {#text} at (0,0) size 164x17
          text run at (0,0) width 16: "A "
          text run at (15,0) width 16: "B "
          text run at (30,0) width 15: "C "
          text run at (44,0) width 17: "D "
          text run at (60,0) width 15: "E "
          text run at (74,0) width 14: "F "
          text run at (87,0) width 16: "G "
          text run at (102,0) width 17: "H "
          text run at (118,0) width 10: "I "
          text run at (127,0) width 11: "J "
          text run at (137,0) width 17: "K "
          text run at (153,0) width 11: "L"
