layer at (0,0) size 800x600
  RenderView at (0,0) size 800x600
layer at (0,0) size 800x94
  RenderBlock {HTML} at (0,0) size 800x94
    RenderBody {BODY} at (8,16) size 784x70
      RenderBlock {P} at (0,0) size 784x18
        RenderText {#text} at (0,0) size 237x17
          text run at (0,0) width 237: "The following two lines should look "
        RenderInline {EM} at (0,0) size 93x17
          RenderText {#text} at (236,0) size 93x17
            text run at (236,0) width 93: "approximately"
        RenderText {#text} at (328,0) size 66x17
          text run at (328,0) width 66: " the same:"
      RenderBlock {DIV} at (0,34) size 784x18
        RenderInline {SPAN} at (0,0) size 6x17
          RenderInline (generated) at (0,0) size 6x17
            RenderCounter at (0,0) size 6x17
              text run at (0,0) width 6: "\x{2022}"
        RenderText {#text} at (5,0) size 5x17
          text run at (5,0) width 5: " "
        RenderInline {SPAN} at (0,0) size 7x17
          RenderInline (generated) at (0,0) size 7x17
            RenderCounter at (9,0) size 7x17
              text run at (9,0) width 7: "\x{2022}"
        RenderText {#text} at (15,0) size 5x17
          text run at (15,0) width 5: " "
        RenderInline {SPAN} at (0,0) size 6x17
          RenderInline (generated) at (0,0) size 6x17
            RenderCounter at (19,0) size 6x17
              text run at (19,0) width 6: "\x{2022}"
        RenderText {#text} at (24,0) size 5x17
          text run at (24,0) width 5: " "
        RenderInline {SPAN} at (0,0) size 7x17
          RenderInline (generated) at (0,0) size 7x17
            RenderCounter at (28,0) size 7x17
              text run at (28,0) width 7: "\x{2022}"
        RenderText {#text} at (34,0) size 5x17
          text run at (34,0) width 5: " "
        RenderInline {SPAN} at (0,0) size 7x17
          RenderInline (generated) at (0,0) size 7x17
            RenderCounter at (38,0) size 7x17
              text run at (38,0) width 7: "\x{2022}"
        RenderText {#text} at (44,0) size 5x17
          text run at (44,0) width 5: " "
        RenderInline {SPAN} at (0,0) size 6x17
          RenderInline (generated) at (0,0) size 6x17
            RenderCounter at (48,0) size 6x17
              text run at (48,0) width 6: "\x{2022}"
        RenderText {#text} at (53,0) size 5x17
          text run at (53,0) width 5: " "
        RenderInline {SPAN} at (0,0) size 7x17
          RenderInline (generated) at (0,0) size 7x17
            RenderCounter at (57,0) size 7x17
              text run at (57,0) width 7: "\x{2022}"
        RenderText {#text} at (63,0) size 5x17
          text run at (63,0) width 5: " "
        RenderInline {SPAN} at (0,0) size 6x17
          RenderInline (generated) at (0,0) size 6x17
            RenderCounter at (67,0) size 6x17
              text run at (67,0) width 6: "\x{2022}"
        RenderText {#text} at (72,0) size 5x17
          text run at (72,0) width 5: " "
        RenderInline {SPAN} at (0,0) size 7x17
          RenderInline (generated) at (0,0) size 7x17
            RenderCounter at (76,0) size 7x17
              text run at (76,0) width 7: "\x{2022}"
        RenderText {#text} at (82,0) size 5x17
          text run at (82,0) width 5: " "
        RenderInline {SPAN} at (0,0) size 7x17
          RenderInline (generated) at (0,0) size 7x17
            RenderCounter at (86,0) size 7x17
              text run at (86,0) width 7: "\x{2022}"
        RenderText {#text} at (92,0) size 5x17
          text run at (92,0) width 5: " "
        RenderInline {SPAN} at (0,0) size 6x17
          RenderInline (generated) at (0,0) size 6x17
            RenderCounter at (96,0) size 6x17
              text run at (96,0) width 6: "\x{2022}"
        RenderText {#text} at (101,0) size 5x17
          text run at (101,0) width 5: " "
        RenderInline {SPAN} at (0,0) size 7x17
          RenderInline (generated) at (0,0) size 7x17
            RenderCounter at (105,0) size 7x17
              text run at (105,0) width 7: "\x{2022}"
        RenderText {#text} at (0,0) size 0x0
      RenderBlock {DIV} at (0,52) size 784x18
        RenderText {#text} at (0,0) size 112x17
          text run at (0,0) width 10: "\x{2022} "
          text run at (9,0) width 11: "\x{2022} "
          text run at (19,0) width 10: "\x{2022} "
          text run at (28,0) width 11: "\x{2022} "
          text run at (38,0) width 11: "\x{2022} "
          text run at (48,0) width 10: "\x{2022} "
          text run at (57,0) width 11: "\x{2022} "
          text run at (67,0) width 10: "\x{2022} "
          text run at (76,0) width 11: "\x{2022} "
          text run at (86,0) width 11: "\x{2022} "
          text run at (96,0) width 10: "\x{2022} "
          text run at (105,0) width 7: "\x{2022}"
