layer at (0,0) size 800x600
  RenderView at (0,0) size 800x600
layer at (0,0) size 800x94
  RenderBlock {HTML} at (0,0) size 800x94
    RenderBody {BODY} at (8,16) size 784x70
      RenderBlock {P} at (0,0) size 784x18
        RenderText {#text} at (0,0) size 283x17
          text run at (0,0) width 283: "The following two lines should be identical:"
      RenderBlock {DIV} at (0,34) size 784x18
        RenderInline {SPAN} at (0,0) size 12x17
          RenderInline (generated) at (0,0) size 12x17
            RenderCounter at (0,0) size 8x17
              text run at (0,0) width 8: "0"
            RenderText at (8,0) size 4x17
              text run at (8,0) width 4: " "
        RenderInline {SPAN} at (0,0) size 8x17
          RenderInline {SPAN} at (0,0) size 8x17
            RenderInline (generated) at (0,0) size 8x17
              RenderCounter at (12,0) size 8x17
                text run at (12,0) width 8: "1"
              RenderText at (0,0) size 0x0
      RenderBlock {DIV} at (0,52) size 784x18
        RenderText {#text} at (0,0) size 20x17
          text run at (0,0) width 20: "0 1"
