layer at (0,0) size 800x600
  RenderView at (0,0) size 800x600
layer at (0,0) size 800x94
  RenderBlock {HTML} at (0,0) size 800x94
    RenderBody {BODY} at (8,16) size 784x70
      RenderBlock {P} at (0,0) size 784x18
        RenderText {#text} at (0,0) size 298x17
          text run at (0,0) width 298: "The following two lines should look the same:"
      RenderBlock {DIV} at (0,34) size 784x18
        RenderInline {SPAN} at (0,0) size 5x17
          RenderInline (generated) at (0,0) size 5x17
            RenderCounter at (0,0) size 5x17
              text run at (0,0) width 5: "i"
        RenderText {#text} at (4,0) size 5x17
          text run at (4,0) width 5: " "
        RenderInline {SPAN} at (0,0) size 10x17
          RenderInline (generated) at (0,0) size 10x17
            RenderCounter at (8,0) size 10x17
              text run at (8,0) width 10: "ii"
        RenderText {#text} at (17,0) size 5x17
          text run at (17,0) width 5: " "
        RenderInline {SPAN} at (0,0) size 14x17
          RenderInline (generated) at (0,0) size 14x17
            RenderCounter at (21,0) size 14x17
              text run at (21,0) width 14: "iii"
        RenderText {#text} at (34,0) size 5x17
          text run at (34,0) width 5: " "
        RenderInline {SPAN} at (0,0) size 14x17
          RenderInline (generated) at (0,0) size 14x17
            RenderCounter at (38,0) size 14x17
              text run at (38,0) width 14: "iv"
        RenderText {#text} at (51,0) size 5x17
          text run at (51,0) width 5: " "
        RenderInline {SPAN} at (0,0) size 9x17
          RenderInline (generated) at (0,0) size 9x17
            RenderCounter at (55,0) size 9x17
              text run at (55,0) width 9: "v"
        RenderText {#text} at (63,0) size 5x17
          text run at (63,0) width 5: " "
        RenderInline {SPAN} at (0,0) size 13x17
          RenderInline (generated) at (0,0) size 13x17
            RenderCounter at (67,0) size 13x17
              text run at (67,0) width 13: "vi"
        RenderText {#text} at (79,0) size 5x17
          text run at (79,0) width 5: " "
        RenderInline {SPAN} at (0,0) size 18x17
          RenderInline (generated) at (0,0) size 18x17
            RenderCounter at (83,0) size 18x17
              text run at (83,0) width 18: "vii"
        RenderText {#text} at (100,0) size 5x17
          text run at (100,0) width 5: " "
        RenderInline {SPAN} at (0,0) size 22x17
          RenderInline (generated) at (0,0) size 22x17
            RenderCounter at (104,0) size 22x17
              text run at (104,0) width 22: "viii"
        RenderText {#text} at (125,0) size 5x17
          text run at (125,0) width 5: " "
        RenderInline {SPAN} at (0,0) size 14x17
          RenderInline (generated) at (0,0) size 14x17
            RenderCounter at (129,0) size 14x17
              text run at (129,0) width 14: "ix"
        RenderText {#text} at (142,0) size 5x17
          text run at (142,0) width 5: " "
        RenderInline {SPAN} at (0,0) size 9x17
          RenderInline (generated) at (0,0) size 9x17
            RenderCounter at (146,0) size 9x17
              text run at (146,0) width 9: "x"
        RenderText {#text} at (154,0) size 5x17
          text run at (154,0) width 5: " "
        RenderInline {SPAN} at (0,0) size 13x17
          RenderInline (generated) at (0,0) size 13x17
            RenderCounter at (158,0) size 13x17
              text run at (158,0) width 13: "xi"
        RenderText {#text} at (170,0) size 5x17
          text run at (170,0) width 5: " "
        RenderInline {SPAN} at (0,0) size 18x17
          RenderInline (generated) at (0,0) size 18x17
            RenderCounter at (174,0) size 18x17
              text run at (174,0) width 18: "xii"
        RenderText {#text} at (191,0) size 5x17
          text run at (191,0) width 5: " "
        RenderInline {SPAN} at (0,0) size 26x17
          RenderInline (generated) at (0,0) size 26x17
            RenderCounter at (195,0) size 26x17
              text run at (195,0) width 26: "xlix"
        RenderText {#text} at (220,0) size 5x17
          text run at (220,0) width 5: " "
        RenderInline {SPAN} at (0,0) size 5x17
          RenderInline (generated) at (0,0) size 5x17
            RenderCounter at (224,0) size 5x17
              text run at (224,0) width 5: "l"
        RenderText {#text} at (228,0) size 5x17
          text run at (228,0) width 5: " "
        RenderInline {SPAN} at (0,0) size 64x17
          RenderInline (generated) at (0,0) size 64x17
            RenderCounter at (232,0) size 64x17
              text run at (232,0) width 64: "ccclxxxix"
        RenderText {#text} at (295,0) size 5x17
          text run at (295,0) width 5: " "
        RenderInline {SPAN} at (0,0) size 37x17
          RenderInline (generated) at (0,0) size 37x17
            RenderCounter at (299,0) size 37x17
              text run at (299,0) width 37: "cccxc"
        RenderText {#text} at (335,0) size 5x17
          text run at (335,0) width 5: " "
        RenderInline {SPAN} at (0,0) size 94x17
          RenderInline (generated) at (0,0) size 94x17
            RenderCounter at (339,0) size 94x17
              text run at (339,0) width 94: "mmmcdlxxxix"
        RenderText {#text} at (432,0) size 5x17
          text run at (432,0) width 5: " "
        RenderInline {SPAN} at (0,0) size 69x17
          RenderInline (generated) at (0,0) size 69x17
            RenderCounter at (436,0) size 69x17
              text run at (436,0) width 69: "mmmcdxc"
        RenderText {#text} at (504,0) size 5x17
          text run at (504,0) width 5: " "
        RenderInline {SPAN} at (0,0) size 73x17
          RenderInline (generated) at (0,0) size 73x17
            RenderCounter at (508,0) size 73x17
              text run at (508,0) width 73: "mmmcdxci"
        RenderText {#text} at (0,0) size 0x0
      RenderBlock {DIV} at (0,52) size 784x18
        RenderText {#text} at (0,0) size 581x17
          text run at (0,0) width 9: "i "
          text run at (8,0) width 14: "ii "
          text run at (21,0) width 18: "iii "
          text run at (38,0) width 18: "iv "
          text run at (55,0) width 13: "v "
          text run at (67,0) width 17: "vi "
          text run at (83,0) width 22: "vii "
          text run at (104,0) width 26: "viii "
          text run at (129,0) width 18: "ix "
          text run at (146,0) width 13: "x "
          text run at (158,0) width 17: "xi "
          text run at (174,0) width 22: "xii "
          text run at (195,0) width 30: "xlix "
          text run at (224,0) width 9: "l "
          text run at (232,0) width 68: "ccclxxxix "
          text run at (299,0) width 41: "cccxc "
          text run at (339,0) width 98: "mmmcdlxxxix "
          text run at (436,0) width 73: "mmmcdxc "
          text run at (508,0) width 73: "mmmcdxci"
