layer at (0,0) size 800x600
  RenderView at (0,0) size 800x600
layer at (0,0) size 800x118
  RenderBlock {HTML} at (0,0) size 800x118
    RenderBody {BODY} at (8,16) size 784x86
      RenderBlock {P} at (0,0) size 784x18 [bgcolor=#00FF00]
        RenderText {#text} at (0,0) size 166x17
          text run at (0,0) width 166: "This line should be green."
      RenderBlock {P} at (0,34) size 784x18 [bgcolor=#00FF00]
        RenderText {#text} at (0,0) size 61x17
          text run at (0,0) width 61: "This line "
        RenderInline {SPAN} at (0,0) size 102x17
          RenderText {#text} at (60,0) size 102x17
            text run at (60,0) width 102: "should be green"
        RenderText {#text} at (161,0) size 30x17
          text run at (161,0) width 30: " too."
      RenderBlock {P} at (0,68) size 784x18 [bgcolor=#AAFFAA]
        RenderText {#text} at (0,0) size 197x17
          text run at (0,0) width 197: "This line should be pale green."
