layer at (0,0) size 800x600
  RenderView at (0,0) size 800x600
layer at (0,0) size 800x350
  RenderBlock {HTML} at (0,0) size 800x350
    RenderBody {BODY} at (0,16) size 800x334
      RenderBlock {P} at (0,0) size 800x18
        RenderText {#text} at (0,0) size 233x17
          text run at (0,0) width 233: "There should be no red on this page."
      RenderBlock {DIV} at (0,34) size 165x75 [color=#FFFFFF]
        RenderText {#text} at (0,0) size 165x75
          text run at (0,0) width 165: "           "
          text run at (0,15) width 165: "           "
          text run at (0,30) width 165: "           "
          text run at (0,45) width 165: "           "
          text run at (0,60) width 165: "          X"
      RenderBlock {DIV} at (0,109) size 165x75 [color=#FFFFFF]
        RenderText {#text} at (0,0) size 165x75
          text run at (0,0) width 165: "           "
          text run at (0,15) width 165: "           "
          text run at (0,30) width 165: "X          "
          text run at (0,45) width 165: "           "
          text run at (0,60) width 165: "           "
      RenderBlock {DIV} at (0,184) size 165x75 [color=#FFFFFF]
        RenderText {#text} at (0,0) size 165x75
          text run at (0,0) width 165: "           "
          text run at (0,15) width 165: "        X  "
          text run at (0,30) width 165: "           "
          text run at (0,45) width 165: "           "
          text run at (0,60) width 165: "           "
      RenderBlock {DIV} at (0,259) size 165x75 [color=#FFFFFF]
        RenderText {#text} at (0,0) size 165x75
          text run at (0,0) width 165: "           "
          text run at (0,15) width 165: "           "
          text run at (0,30) width 165: "  X        "
          text run at (0,45) width 165: "           "
          text run at (0,60) width 165: "           "
