layer at (0,0) size 800x600
  RenderView at (0,0) size 800x600
layer at (0,0) size 800x324
  RenderBlock {HTML} at (0,0) size 800x324
    RenderBody {BODY} at (8,18) size 784x288 [color=#000080]
      RenderBlock {P} at (0,0) size 784x288
        RenderText {#text} at (0,8) size 783x56
          text run at (0,8) width 783: "This text should be 18px sans-serif, in small-caps, oblique, and bold. There should be a 9px"
          text run at (0,44) width 201: "gap between each line. "
        RenderInline {SPAN} at (0,0) size 737x236 [color=#C0C0C0]
          RenderText {#text} at (200,44) size 737x236
            text run at (200,44) width 526: "dummy text dummy text dummy text dummy text dummy text"
            text run at (0,80) width 69: "dummy "
            text run at (68,80) width 637: "text dummy text dummy text dummy text dummy text dummy text dummy "
            text run at (704,80) width 33: "text"
            text run at (0,116) width 599: "dummy text dummy text dummy text dummy text dummy text dummy "
            text run at (598,116) width 139: "text dummy text"
            text run at (0,152) width 493: "dummy text dummy text dummy text dummy text dummy "
            text run at (492,152) width 245: "text dummy text dummy text"
            text run at (0,188) width 387: "dummy text dummy text dummy text dummy "
            text run at (386,188) width 351: "text dummy text dummy text dummy text"
            text run at (0,224) width 281: "dummy text dummy text dummy "
            text run at (280,224) width 457: "text dummy text dummy text dummy text dummy text"
            text run at (0,260) width 175: "dummy text dummy "
            text run at (174,260) width 563: "text dummy text dummy text dummy text dummy text dummy text"
        RenderText {#text} at (0,0) size 0x0
