layer at (0,0) size 800x600
  RenderView at (0,0) size 800x600
layer at (0,0) size 800x468
  RenderBlock {HTML} at (0,0) size 800x468
    RenderBody {BODY} at (8,18) size 784x432
      RenderBlock {P} at (0,0) size 784x432
        RenderInline {SPAN} at (0,0) size 781x398 [color=#FFFFFF] [bgcolor=#000080]
          RenderText {#text} at (0,17) size 768x74
            text run at (0,17) width 469: "This text should be 18px sans-serif, in small-caps, italicized, "
            text run at (468,17) width 300: "and very light. There should be a 36px"
            text run at (0,71) width 203: "gap betwen each line. The "
            text run at (202,71) width 441: "text should have a blue background, the gap should not. "
          RenderInline {SPAN} at (0,0) size 781x344 [color=#0000FF]
            RenderText {#text} at (642,71) size 781x344
              text run at (642,71) width 139: "dummy text dummy"
              text run at (0,125) width 360: "text dummy text dummy text dummy text dummy "
              text run at (359,125) width 392: "text dummy text dummy text dummy text dummy text"
              text run at (0,179) width 143: "dummy text dummy "
              text run at (142,179) width 540: "text dummy text dummy text dummy text dummy text dummy text dummy "
              text run at (681,179) width 85: "text dummy"
              text run at (0,233) width 449: "text dummy text dummy text dummy text dummy text dummy "
              text run at (448,233) width 303: "text dummy text dummy text dummy text"
              text run at (0,287) width 233: "dummy text dummy text dummy "
              text run at (232,287) width 534: "text dummy text dummy text dummy text dummy text dummy text dummy"
              text run at (0,341) width 539: "text dummy text dummy text dummy text dummy text dummy text dummy "
              text run at (538,341) width 213: "text dummy text dummy text"
              text run at (0,395) width 265: "dummy text dummy text dummy text"
          RenderText {#text} at (0,0) size 0x0
        RenderText {#text} at (0,0) size 0x0
