layer at (0,0) size 800x600
  RenderView at (0,0) size 800x600
layer at (0,0) size 800x259
  RenderBlock {HTML} at (0,0) size 800x259
    RenderBody {BODY} at (8,8) size 784x243
      RenderBlock {DIV} at (0,0) size 784x105
        RenderBlock {P} at (0,0) size 784x18 [color=#000080]
          RenderText {#text} at (0,0) size 242x17
            text run at (0,0) width 242: "This sentence should be in a serif font."
        RenderBlock {P} at (0,18) size 784x18 [color=#000080]
          RenderText {#text} at (0,0) size 242x17
            text run at (0,0) width 242: "This sentence should be in a serif font."
        RenderBlock {P} at (0,36) size 784x18 [color=#000080]
          RenderText {#text} at (0,0) size 311x17
            text run at (0,0) width 311: "This sentence should be in a sans-serif font."
        RenderBlock {P} at (0,54) size 784x18 [color=#000080]
          RenderText {#text} at (0,0) size 260x17
            text run at (0,0) width 260: "This sentence should be in a cursive font."
        RenderBlock {P} at (0,72) size 784x18 [color=#000080]
          RenderText {#text} at (0,0) size 260x17
            text run at (0,0) width 260: "This sentence should be in a fantasy font."
        RenderBlock {P} at (0,90) size 784x15 [color=#000080]
          RenderText {#text} at (0,0) size 352x15
            text run at (0,0) width 352: "This sentence should be in a monospace font."
      RenderBlock {P} at (0,105) size 784x18 [color=#000080]
        RenderText {#text} at (0,0) size 311x17
          text run at (0,0) width 311: "This sentence should be in a sans-serif font."
      RenderBlock {P} at (0,123) size 784x18 [color=#000080]
        RenderText {#text} at (0,0) size 440x18
          text run at (0,0) width 440: "This sentence should be in a monospace font."
      RenderBlock {DIV} at (0,141) size 784x102
        RenderBlock {P} at (0,0) size 784x15 [color=#000080]
          RenderText {#text} at (0,0) size 352x15
            text run at (0,0) width 352: "This sentence should be in a monospace font."
        RenderBlock {P} at (0,15) size 784x18 [color=#000080]
          RenderText {#text} at (0,0) size 242x17
            text run at (0,0) width 242: "This sentence should be in a serif font."
        RenderBlock {P} at (0,33) size 784x18 [color=#000080]
          RenderText {#text} at (0,0) size 311x17
            text run at (0,0) width 311: "This sentence should be in a sans-serif font."
        RenderBlock {P} at (0,51) size 784x18 [color=#000080]
          RenderText {#text} at (0,0) size 260x17
            text run at (0,0) width 260: "This sentence should be in a cursive font."
        RenderBlock {P} at (0,69) size 784x18 [color=#000080]
          RenderText {#text} at (0,0) size 260x17
            text run at (0,0) width 260: "This sentence should be in a fantasy font."
        RenderBlock {P} at (0,87) size 784x15 [color=#000080]
          RenderText {#text} at (0,0) size 352x15
            text run at (0,0) width 352: "This sentence should be in a monospace font."
