layer at (0,0) size 800x600
  RenderView at (0,0) size 800x600
layer at (0,0) size 800x288
  RenderBlock {HTML} at (0,0) size 800x288
    RenderBody {BODY} at (8,18) size 784x252 [color=#000080]
      RenderBlock {P} at (0,0) size 784x252
        RenderText {#text} at (0,9) size 775x56
          text run at (0,9) width 775: "This text should be 18px monospace, in small-caps, italicized, and very bold, with double"
          text run at (0,45) width 121: "line spacing. "
        RenderInline {SPAN} at (0,45) size 768x200 [color=#C0C0C0]
          RenderText {#text} at (0,45) size 768x200
            text run at (120,45) width 522: "dummy text dummy text dummy text dummy text dummy text dummy "
            text run at (642,45) width 126: "text dummy text"
            text run at (0,81) width 427: "dummy text dummy text dummy text dummy text dummy "
            text run at (427,81) width 314: "text dummy text dummy text dummy text"
            text run at (0,117) width 239: "dummy text dummy text dummy "
            text run at (239,117) width 502: "text dummy text dummy text dummy text dummy text dummy text"
            text run at (0,153) width 51: "dummy "
            text run at (51,153) width 564: "text dummy text dummy text dummy text dummy text dummy text dummy "
            text run at (615,153) width 126: "text dummy text"
            text run at (0,189) width 427: "dummy text dummy text dummy text dummy text dummy "
            text run at (427,189) width 314: "text dummy text dummy text dummy text"
            text run at (0,225) width 239: "dummy text dummy text dummy "
            text run at (239,225) width 502: "text dummy text dummy text dummy text dummy text dummy text"
        RenderText {#text} at (0,0) size 0x0
