layer at (0,0) size 800x600
  RenderView at (0,0) size 800x600
layer at (0,0) size 800x101
  RenderBlock {HTML} at (0,0) size 800x101
    RenderBody {BODY} at (8,13) size 784x75 [color=#000080]
      RenderBlock {P} at (0,0) size 784x75
        RenderText {#text} at (0,1) size 636x15
          text run at (0,1) width 636: "This text should be 13px Helvetica in small-caps and italicized. There should be a small gap between each line. "
        RenderInline {SPAN} at (0,1) size 784x74 [color=#C0C0C0]
          RenderText {#text} at (0,1) size 784x75
            text run at (635,1) width 133: "dummy text dummy text"
            text run at (0,16) width 244: "dummy text dummy text dummy text dummy "
            text run at (243,16) width 409: "text dummy text dummy text dummy text dummy text dummy text dummy "
            text run at (651,16) width 133: "text dummy text dummy"
            text run at (0,31) width 272: "text dummy text dummy text dummy text dummy "
            text run at (271,31) width 409: "text dummy text dummy text dummy text dummy text dummy text dummy "
            text run at (679,31) width 93: "text dummy text"
            text run at (0,46) width 312: "dummy text dummy text dummy text dummy text dummy "
            text run at (311,46) width 409: "text dummy text dummy text dummy text dummy text dummy text dummy "
            text run at (719,46) width 65: "text dummy"
            text run at (0,61) width 340: "text dummy text dummy text dummy text dummy text dummy "
            text run at (339,61) width 365: "text dummy text dummy text dummy text dummy text dummy text"
        RenderText {#text} at (0,0) size 0x0
