layer at (0,0) size 800x600
  RenderView at (0,0) size 800x600
layer at (0,0) size 800x600
  RenderBlock {HTML} at (0,0) size 800x600
    RenderBody {BODY} at (8,8) size 784x576
      RenderBlock {UL} at (0,0) size 784x36
        RenderListItem {LI} at (40,0) size 744x36
          RenderListMarker at (-1,0) size 7x18: bullet
          RenderText {#text} at (14,0) size 272x18
            text run at (14,0) width 272: "This list item should have an inside bullet."
          RenderBR {BR} at (285,0) size 1x18
          RenderText {#text} at (0,18) size 252x18
            text run at (0,18) width 252: "This line should begin under the bullet."
