layer at (0,0) size 800x600
  RenderView at (0,0) size 800x600
layer at (0,0) size 800x274
  RenderBlock {HTML} at (0,0) size 800x274
    RenderBody {BODY} at (8,21) size 784x237
      RenderBlock {H1} at (0,0) size 784x37
        RenderText {#text} at (0,0) size 420x37
          text run at (0,0) width 420: "Shorthand border properties 2"
      RenderBlock {P} at (0,58) size 784x19
        RenderText {#text} at (0,0) size 510x18
          text run at (0,0) width 411: "This test was written to test a point I mentioned to Tantek \x{C7}elik "
          text run at (410,0) width 100: "on 2000-07-13."
      RenderBlock {P} at (0,92) size 784x25 [color=#008000] [border: (3px solid #008000)]
        RenderText {#text} at (3,3) size 277x18
          text run at (3,3) width 277: "This paragraph should have a green border."
      RenderBlock {P} at (0,132) size 784x25 [color=#008000] [border: (3px solid #008000)]
        RenderText {#text} at (3,3) size 277x18
          text run at (3,3) width 277: "This paragraph should have a green border."
      RenderBlock {P} at (0,172) size 784x25 [color=#008000] [border: (3px solid #008000)]
        RenderText {#text} at (3,3) size 277x18
          text run at (3,3) width 277: "This paragraph should have a green border."
      RenderBlock {P} at (0,212) size 784x25 [color=#008000] [border: (3px solid #008000)]
        RenderText {#text} at (3,3) size 277x18
          text run at (3,3) width 277: "This paragraph should have a green border."
