layer at (0,0) size 800x600
  RenderView at (0,0) size 800x600
layer at (0,0) size 800x600
  RenderBlock {HTML} at (0,0) size 800x600
    RenderBody {BODY} at (8,8) size 784x584
      RenderBlock {P} at (0,0) size 784x18
        RenderText {#text} at (0,0) size 733x18
          text run at (0,0) width 733: "The word \"PASSED\" should be shown below with a cirlce before and a square after. This is a test for WebKit bug "
        RenderInline {A} at (732,0) size 40x18 [color=#0000EE]
          RenderText {#text} at (732,0) size 40x18
            text run at (732,0) width 40: "11197"
        RenderText {#text} at (771,0) size 5x18
          text run at (771,0) width 5: "."
      RenderBlock (anonymous) at (0,34) size 784x16
        RenderInline {CODE} at (0,0) size 62x16
          RenderInline (generated) at (0,0) size 8x16
            RenderCounter at (0,0) size 8x16
              text run at (0,0) width 8: "\x{25E6}"
          RenderText {#text} at (7,0) size 48x16
            text run at (7,0) width 48: "PASSED"
          RenderInline (generated) at (54,0) size 8x16
            RenderCounter at (54,0) size 8x16
              text run at (54,0) width 8: "\x{25A0}"
        RenderText {#text} at (0,0) size 0x0
