layer at (0,0) size 785x1217
  RenderView at (0,0) size 785x600
layer at (0,0) size 785x1217
  RenderBlock {HTML} at (0,0) size 785x1218
    RenderBody {BODY} at (8,16) size 769x1194
      RenderBlock {P} at (0,0) size 769x18
        RenderText {#text} at (0,0) size 164x18
          text run at (0,0) width 164: "div, span, nested div/span"
      RenderBlock {P} at (0,34) size 769x18
        RenderText {#text} at (0,0) size 66x18
          text run at (0,0) width 66: "Single div"
      RenderBlock {DIV} at (1,68) size 767x20 [border: (1px solid #000000)]
        RenderText {#text} at (742,1) size 24x18
          text run at (742,1) width 24 RTL: "abc"
      RenderBlock {P} at (0,104) size 769x18
        RenderText {#text} at (0,0) size 419x18
          text run at (0,0) width 419: "The following 2 lines should be identical, ignorning whitespaces:"
      RenderBlock {DIV} at (1,138) size 767x38 [border: (1px solid #000000)]
        RenderBlock (anonymous) at (1,1) size 765x18
          RenderText {#text} at (741,0) size 24x18
            text run at (741,0) width 24 RTL: "abc"
        RenderBlock {DIV} at (1,19) size 765x18
          RenderText {#text} at (741,0) size 24x18
            text run at (741,0) width 24: "cba"
      RenderBlock {P} at (0,192) size 769x18
        RenderText {#text} at (0,0) size 426x18
          text run at (0,0) width 426: "The following 2 textes should be identical, ignorning whitespaces:"
      RenderBlock {DIV} at (1,226) size 767x20 [border: (1px solid #000000)]
        RenderText {#text} at (738,1) size 28x18
          text run at (738,1) width 28 RTL: "abc "
        RenderInline {SPAN} at (0,0) size 23x18
          RenderText {#text} at (716,1) size 23x18
            text run at (716,1) width 23 RTL: "abc"
      RenderBlock {P} at (0,262) size 769x18
        RenderText {#text} at (0,0) size 419x18
          text run at (0,0) width 419: "The following 2 lines should be identical, ignorning whitespaces:"
      RenderBlock {DIV} at (1,296) size 767x38 [border: (1px solid #000000)]
        RenderBlock {DIV} at (1,1) size 765x18
          RenderText {#text} at (741,0) size 24x18
            text run at (741,0) width 24: "cba"
        RenderBlock (anonymous) at (1,19) size 765x18
          RenderText {#text} at (741,0) size 24x18
            text run at (741,0) width 24 RTL: "abc"
      RenderBlock {P} at (0,350) size 769x18
        RenderText {#text} at (0,0) size 426x18
          text run at (0,0) width 426: "The following 2 textes should be identical, ignorning whitespaces:"
      RenderBlock {DIV} at (1,384) size 767x20 [border: (1px solid #000000)]
        RenderInline {SPAN} at (0,0) size 28x18
          RenderText {#text} at (738,1) size 28x18
            text run at (738,1) width 28 RTL: "abc "
        RenderText {#text} at (716,1) size 23x18
          text run at (716,1) width 23 RTL: "abc"
      RenderBlock {P} at (0,420) size 769x18
        RenderText {#text} at (0,0) size 75x18
          text run at (0,0) width 75: "Single span"
      RenderBlock (anonymous) at (0,454) size 769x18
        RenderInline {SPAN} at (0,0) size 25x20 [border: (1px solid #000000)]
          RenderText {#text} at (2,0) size 23x18
            text run at (2,0) width 23 RTL: "abc"
        RenderText {#text} at (0,0) size 0x0
      RenderBlock {P} at (0,488) size 769x18
        RenderText {#text} at (0,0) size 426x18
          text run at (0,0) width 426: "The following 2 textes should be identical, ignorning whitespaces:"
      RenderBlock (anonymous) at (0,522) size 769x18
        RenderInline {SPAN} at (0,0) size 51x20 [border: (1px solid #000000)]
          RenderText {#text} at (24,0) size 27x18
            text run at (24,0) width 27 RTL: "abc "
          RenderInline {SPAN} at (0,0) size 23x18
            RenderText {#text} at (2,0) size 23x18
              text run at (2,0) width 23 RTL: "abc"
        RenderText {#text} at (0,0) size 0x0
      RenderBlock {P} at (0,556) size 769x18
        RenderText {#text} at (0,0) size 426x18
          text run at (0,0) width 426: "The following 2 textes should be identical, ignorning whitespaces:"
      RenderBlock (anonymous) at (0,590) size 769x18
        RenderInline {SPAN} at (0,0) size 51x20 [border: (1px solid #000000)]
          RenderInline {SPAN} at (0,0) size 27x18
            RenderText {#text} at (24,0) size 27x18
              text run at (24,0) width 27 RTL: "abc "
          RenderText {#text} at (2,0) size 23x18
            text run at (2,0) width 23 RTL: "abc"
        RenderText {#text} at (0,0) size 0x0
      RenderBlock {P} at (0,624) size 769x18
        RenderText {#text} at (0,0) size 426x18
          text run at (0,0) width 426: "The following 2 textes should be identical, ignorning whitespaces:"
      RenderBlock (anonymous) at (0,658) size 769x18
        RenderInline {SPAN} at (0,0) size 24x20 [border: (1px solid #000000)]
          RenderText {#text} at (0,0) size 23x18
            text run at (0,0) width 23 RTL: "abc"
      RenderBlock (anonymous) at (0,676) size 769x18
        RenderBlock {DIV} at (0,0) size 769x18
          RenderText {#text} at (746,0) size 23x18
            text run at (746,0) width 23: "cba"
      RenderBlock (anonymous) at (0,694) size 769x18
        RenderInline {SPAN} at (0,0) size 2x20 [border: (1px solid #000000)]
        RenderText {#text} at (0,0) size 0x0
      RenderBlock {P} at (0,728) size 769x18
        RenderText {#text} at (0,0) size 426x18
          text run at (0,0) width 426: "The following 2 textes should be identical, ignorning whitespaces:"
      RenderBlock (anonymous) at (0,762) size 769x18
        RenderInline {SPAN} at (0,0) size 1x20 [border: (1px solid #000000)]
      RenderBlock (anonymous) at (0,780) size 769x18
        RenderBlock {DIV} at (0,0) size 769x18
          RenderText {#text} at (746,0) size 23x18
            text run at (746,0) width 23: "cba"
      RenderBlock (anonymous) at (0,798) size 769x18
        RenderInline {SPAN} at (0,0) size 24x20 [border: (1px solid #000000)]
          RenderText {#text} at (2,0) size 23x18
            text run at (2,0) width 23 RTL: "abc"
        RenderText {#text} at (0,0) size 0x0
      RenderBlock {P} at (0,832) size 769x18
        RenderText {#text} at (0,0) size 30x18
          text run at (0,0) width 30: "ruby"
      RenderBlock {DIV} at (0,866) size 769x30 [border: (1px solid #000000)]
        RenderRuby (inline) {RUBY} at (0,0) size 23x18
          RenderRubyRun (anonymous) at (166,11) size 23x18
            RenderRubyText {RT} at (0,-10) size 23x10
              RenderText {#text} at (5,0) size 12x10
                text run at (5,0) width 12: "def"
            RenderRubyBase (anonymous) at (0,0) size 23x18
              RenderText {#text} at (0,0) size 23x18
                text run at (0,0) width 23 RTL: "abc"
        RenderText {#text} at (160,11) size 5x18
          text run at (160,11) width 5 RTL: " "
        RenderRuby (inline) {RUBY} at (0,0) size 24x18
          RenderRubyRun (anonymous) at (136,11) size 24x18
            RenderRubyText {RT} at (0,-10) size 23x10
              RenderText {#text} at (5,0) size 12x10
                text run at (5,0) width 12 RTL: "def"
            RenderRubyBase (anonymous) at (0,0) size 23x18
              RenderText {#text} at (0,0) size 23x18
                text run at (0,0) width 23 RTL: "abc"
        RenderText {#text} at (131,11) size 5x18
          text run at (131,11) width 5 RTL: " "
        RenderRuby (inline) {RUBY} at (0,0) size 24x18
          RenderRubyRun (anonymous) at (107,11) size 24x18
            RenderRubyBase (anonymous) at (0,0) size 23x18
              RenderText {#text} at (0,0) size 23x18
                text run at (0,0) width 23 RTL: "abc"
        RenderText {#text} at (102,11) size 5x18
          text run at (102,11) width 5 RTL: " "
        RenderRuby (inline) {RUBY} at (0,0) size 13x18
          RenderRubyRun (anonymous) at (89,27) size 13x0
            RenderRubyText {RT} at (0,-10) size 12x10
              RenderText {#text} at (0,0) size 12x10
                text run at (0,0) width 12: "def"
        RenderText {#text} at (84,11) size 5x18
          text run at (84,11) width 5 RTL: " "
        RenderRuby (inline) {RUBY} at (0,0) size 23x18
          RenderRubyRun (anonymous) at (60,11) size 23x18
            RenderRubyBase (anonymous) at (0,0) size 23x18
              RenderInline {RB} at (0,0) size 23x18
                RenderText {#text} at (0,0) size 23x18
                  text run at (0,0) width 23 RTL: "abc"
        RenderText {#text} at (55,11) size 5x18
          text run at (55,11) width 5 RTL: " "
        RenderRuby (inline) {RUBY} at (0,0) size 23x18
          RenderRubyRun (anonymous) at (31,11) size 23x18
            RenderRubyText {RT} at (0,-10) size 23x10
              RenderText {#text} at (5,0) size 12x10
                text run at (5,0) width 12: "def"
            RenderRubyBase (anonymous) at (0,0) size 23x18
              RenderInline {RB} at (0,0) size 23x18
                RenderText {#text} at (0,0) size 23x18
                  text run at (0,0) width 23 RTL: "abc"
        RenderText {#text} at (26,11) size 5x18
          text run at (26,11) width 5 RTL: " "
        RenderRuby (inline) {RUBY} at (0,0) size 23x18
          RenderRubyRun (anonymous) at (2,11) size 23x18
            RenderRubyText {RT} at (0,-10) size 23x10
              RenderText {#text} at (5,0) size 12x10
                text run at (5,0) width 12: "def"
            RenderRubyBase (anonymous) at (0,0) size 23x18
              RenderInline {RB} at (0,0) size 23x18
                RenderText {#text} at (0,0) size 23x18
                  text run at (0,0) width 23 RTL: "abc"
        RenderText {#text} at (0,0) size 0x0
      RenderBlock {P} at (0,912) size 769x18
        RenderText {#text} at (0,0) size 426x18
          text run at (0,0) width 426: "The following 2 tables should be identical, ignorning whitespaces:"
      RenderTable {TABLE} at (1,946) size 85x66 [border: (1px solid #808080)]
        RenderBlock {CAPTION} at (0,0) size 85x18
          RenderText {#text} at (0,0) size 85x18
            text run at (0,0) width 85: "NormalTable"
        RenderTableSection {TBODY} at (1,19) size 83x46
          RenderTableRow {TR} at (0,2) size 83x20
            RenderTableCell {TD} at (43,2) size 38x20 [r=0 c=0 rs=1 cs=1]
              RenderText {#text} at (13,1) size 23x18
                text run at (13,1) width 23: "abc"
            RenderTableCell {TD} at (2,2) size 40x20 [r=0 c=1 rs=1 cs=1]
              RenderText {#text} at (18,1) size 21x18
                text run at (18,1) width 21: "def"
          RenderTableRow {TR} at (0,24) size 83x20
            RenderTableCell {TD} at (43,24) size 38x20 [r=1 c=0 rs=1 cs=1]
              RenderText {#text} at (18,1) size 18x18
                text run at (18,1) width 18: "hij"
            RenderTableCell {TD} at (2,24) size 40x20 [r=1 c=1 rs=1 cs=1]
              RenderText {#text} at (14,1) size 25x18
                text run at (14,1) width 25: "opq"
      RenderTable {DIV} at (1,1013) size 145x57 [border: (1px solid #000000)]
        RenderBlock {DIV} at (0,0) size 144x18
          RenderText {#text} at (0,0) size 144x18
            text run at (0,0) width 144: "AnonymousTableRow"
        RenderTableSection (anonymous) at (1,19) size 142x36
          RenderTableRow {DIV} at (0,0) size 142x18
            RenderTableCell {DIV} at (73,0) size 69x18 [r=0 c=0 rs=1 cs=1]
              RenderText {#text} at (45,0) size 24x18
                text run at (45,0) width 24: "abc"
            RenderTableCell {DIV} at (0,0) size 74x18 [r=0 c=1 rs=1 cs=1]
              RenderText {#text} at (53,0) size 21x18
                text run at (53,0) width 21: "def"
          RenderTableRow {DIV} at (0,18) size 142x18
            RenderTableCell {DIV} at (73,18) size 69x18 [r=1 c=0 rs=1 cs=1]
              RenderText {#text} at (51,0) size 18x18
                text run at (51,0) width 18: "hij"
            RenderTableCell {DIV} at (0,18) size 74x18 [r=1 c=1 rs=1 cs=1]
              RenderText {#text} at (49,0) size 25x18
                text run at (49,0) width 25: "opq"
      RenderBlock {P} at (0,1085) size 769x19
        RenderText {#text} at (0,0) size 505x18
          text run at (0,0) width 505: "Anonymous TABLE, TABLE_ROW, TABLE_ROW_GROUP, TABLE_CELL"
      RenderBlock {DIV} at (0,1119) size 769x75 [border: (1px solid #000000)]
        RenderTable at (1,1) size 24x72
          RenderTableSection (anonymous) at (0,18) size 24x36
            RenderTableRow {DIV} at (0,0) size 24x18
              RenderTableCell (anonymous) at (0,0) size 24x18 [r=0 c=0 rs=1 cs=1]
                RenderText {#text} at (1,0) size 23x18
                  text run at (1,0) width 23 RTL: "abc"
            RenderTableRow (anonymous) at (0,18) size 24x18
              RenderTableCell {DIV} at (0,18) size 24x18 [r=1 c=0 rs=1 cs=1]
                RenderText {#text} at (3,0) size 21x18
                  text run at (3,0) width 21 RTL: "def"
          RenderBlock {DIV} at (0,0) size 24x18
            RenderText {#text} at (7,0) size 17x18
              text run at (7,0) width 17 RTL: "hij"
          RenderTableSection {DIV} at (0,54) size 24x18
            RenderTableRow (anonymous) at (0,0) size 24x18
              RenderTableCell (anonymous) at (0,0) size 24x18 [r=0 c=0 rs=1 cs=1]
                RenderText {#text} at (0,0) size 24x18
                  text run at (0,0) width 24 RTL: "opq"
