layer at (0,0) size 800x600
  RenderView at (0,0) size 800x600
layer at (0,0) size 800x600
  RenderBlock {HTML} at (0,0) size 800x600
    RenderBody {BODY} at (8,8) size 784x584
      RenderBlock {DIV} at (0,0) size 784x18 [color=#008000] [bgcolor=#FFFF00]
        RenderText {#text} at (0,0) size 109x18
          text run at (0,0) width 109: "Green on Yellow"
      RenderBlock {DIV} at (0,18) size 784x18 [color=#0000FF] [bgcolor=#C0C0C0]
        RenderText {#text} at (0,0) size 93x18
          text run at (0,0) width 93: "Blue on Silver"
      RenderBlock {DIV} at (0,36) size 784x18 [color=#008000]
        RenderText {#text} at (0,0) size 40x18
          text run at (0,0) width 40: "Green"
      RenderBlock {DIV} at (0,54) size 784x18 [color=#0000FF]
        RenderText {#text} at (0,0) size 31x18
          text run at (0,0) width 31: "Blue"
      RenderBlock {DIV} at (0,72) size 784x18 [color=#008000]
        RenderText {#text} at (0,0) size 40x18
          text run at (0,0) width 40: "Green"
      RenderBlock {DIV} at (0,90) size 784x18 [color=#0000FF]
        RenderText {#text} at (0,0) size 31x18
          text run at (0,0) width 31: "Blue"
