layer at (0,0) size 785x1621
  RenderView at (0,0) size 785x600
layer at (0,0) size 785x1621
  RenderBlock {HTML} at (0,0) size 785x1622
    RenderBody {BODY} at (8,16) size 769x1558 [bgcolor=#FFFFFF]
      RenderBlock {P} at (0,0) size 769x19
        RenderText {#text} at (0,0) size 168x19
          text run at (0,0) width 168: "This page is part of the "
        RenderInline {A} at (167,0) size 73x19 [color=#0000EE]
          RenderText {#text} at (167,0) size 73x19
            text run at (167,0) width 73: "CSS3.info"
        RenderText {#text} at (239,0) size 5x19
          text run at (239,0) width 5: " "
        RenderInline {A} at (243,0) size 133x19 [color=#0000EE]
          RenderText {#text} at (243,0) size 133x19
            text run at (243,0) width 133: "CSS selectors test"
        RenderText {#text} at (375,0) size 136x19
          text run at (375,0) width 136: ". See more info on "
        RenderInline {A} at (510,0) size 111x19 [color=#0000EE]
          RenderText {#text} at (510,0) size 111x19
            text run at (510,0) width 111: "CSS3 selectors"
        RenderText {#text} at (620,0) size 6x19
          text run at (620,0) width 6: "."
      RenderBlock {DIV} at (0,34) size 769x0 [bgcolor=#009900]
      RenderBlock {OL} at (0,34) size 769x1524
        RenderListItem {LI} at (40,0) size 616x196 [bgcolor=#AAAAAA]
          RenderBlock {DIV} at (16,16) size 584x24 [bgcolor=#990000]
            RenderBlock {DIV} at (0,0) size 584x24 [bgcolor=#009900]
          RenderBlock {PRE} at (16,53) size 584x77 [bgcolor=#FFFFFF]
            RenderListMarker at (-38,6) size 18x19: "1"
            RenderText {#text} at (6,9) size 87x61
              text run at (6,9) width 63: ":empty {"
              text run at (68,9) width 1: " "
              text run at (6,24) width 9: "}"
              text run at (14,24) width 1: " "
              text run at (6,39) width 1: " "
              text run at (6,54) width 87: "<div></div>"
          RenderBlock {P} at (16,145) size 584x19
            RenderText {#text} at (0,0) size 484x19
              text run at (0,0) width 484: "The CSS selector should match the div element, because it is empty"
        RenderListItem {LI} at (40,243) size 616x197 [bgcolor=#AAAAAA]
          RenderBlock {DIV} at (16,16) size 584x24 [bgcolor=#990000]
            RenderBlock {DIV} at (0,0) size 584x24 [bgcolor=#009900]
          RenderBlock {PRE} at (16,53) size 584x77 [bgcolor=#FFFFFF]
            RenderListMarker at (-38,6) size 18x19: "2"
            RenderText {#text} at (6,9) size 266x61
              text run at (6,9) width 63: ":empty {"
              text run at (68,9) width 1: " "
              text run at (6,24) width 9: "}"
              text run at (14,24) width 1: " "
              text run at (6,39) width 1: " "
              text run at (6,54) width 266: "<div><!-- Just a comment --></div>"
          RenderBlock {P} at (16,145) size 584x19
            RenderText {#text} at (0,0) size 484x19
              text run at (0,0) width 484: "The CSS selector should match the div element, because it is empty"
        RenderListItem {LI} at (40,487) size 616x197 [bgcolor=#AAAAAA]
          RenderBlock {DIV} at (16,16) size 584x24 [bgcolor=#009900]
            RenderBlock {DIV} at (0,0) size 584x24
          RenderBlock {PRE} at (16,53) size 584x77 [bgcolor=#FFFFFF]
            RenderListMarker at (-38,6) size 18x19: "3"
            RenderText {#text} at (6,9) size 95x61
              text run at (6,9) width 63: ":empty {"
              text run at (68,9) width 1: " "
              text run at (6,24) width 9: "}"
              text run at (14,24) width 1: " "
              text run at (6,39) width 1: " "
              text run at (6,54) width 95: "<div> </div>"
          RenderBlock {P} at (16,145) size 584x19
            RenderText {#text} at (0,0) size 538x19
              text run at (0,0) width 538: "The CSS selector should not match the div element, because it is not empty"
        RenderListItem {LI} at (40,731) size 616x242 [bgcolor=#AAAAAA]
          RenderBlock {DIV} at (16,16) size 584x43 [bgcolor=#009900]
            RenderBlock {DIV} at (0,0) size 584x43
              RenderListMarker at (-38,12) size 18x19: "4"
              RenderText {#text} at (12,12) size 5x19
                text run at (12,12) width 5: "."
          RenderBlock {PRE} at (16,71) size 584x104 [bgcolor=#FFFFFF]
            RenderText {#text} at (6,6) size 219x91
              text run at (6,6) width 63: ":empty {"
              text run at (68,6) width 1: " "
              text run at (6,21) width 9: "}"
              text run at (14,21) width 1: " "
              text run at (6,36) width 1: " "
              text run at (6,51) width 48: "<div> "
              text run at (53,51) width 1: " "
              text run at (6,66) width 219: "   How about regular text..."
              text run at (224,66) width 1: " "
              text run at (6,81) width 48: "</div>"
          RenderBlock {P} at (16,190) size 584x19
            RenderText {#text} at (0,0) size 538x19
              text run at (0,0) width 538: "The CSS selector should not match the div element, because it is not empty"
        RenderListItem {LI} at (40,1020) size 616x196 [bgcolor=#AAAAAA]
          RenderBlock {DIV} at (16,16) size 584x24 [bgcolor=#009900]
            RenderBlock {DIV} at (0,0) size 584x24
              RenderBlock {BLOCKQUOTE} at (12,12) size 560x0 [bgcolor=#990000]
          RenderBlock {PRE} at (16,53) size 584x77 [bgcolor=#FFFFFF]
            RenderListMarker at (-38,6) size 18x19: "5"
            RenderText {#text} at (6,9) size 282x61
              text run at (6,9) width 63: ":empty {"
              text run at (68,9) width 1: " "
              text run at (6,24) width 9: "}"
              text run at (14,24) width 1: " "
              text run at (6,39) width 1: " "
              text run at (6,54) width 282: "<div><blockquote></blockquote></div>"
          RenderBlock {P} at (16,145) size 584x19
            RenderText {#text} at (0,0) size 538x19
              text run at (0,0) width 538: "The CSS selector should not match the div element, because it is not empty"
        RenderListItem {LI} at (40,1263) size 616x261 [bgcolor=#AAAAAA]
          RenderBlock {DIV} at (16,16) size 584x24 [bgcolor=#009900]
            RenderBlock {DIV} at (0,0) size 584x24
              RenderBlock {DIV} at (12,12) size 560x0 [bgcolor=#990000]
          RenderBlock {PRE} at (16,53) size 584x122 [bgcolor=#FFFFFF]
            RenderListMarker at (-38,6) size 18x19: "6"
            RenderText {#text} at (6,9) size 375x106
              text run at (6,9) width 63: ":empty {"
              text run at (68,9) width 1: " "
              text run at (6,24) width 9: "}"
              text run at (14,24) width 1: " "
              text run at (6,39) width 1: " "
              text run at (6,54) width 219: "<div id='appendChild'></div>"
              text run at (224,54) width 1: " "
              text run at (6,69) width 1: " "
              text run at (6,84) width 375: "var ib = document.getElementById('appendChild');"
              text run at (380,84) width 1: " "
              text run at (6,99) width 360: "ib.appendChild(document.createElement(\"div\"));"
          RenderBlock {P} at (16,190) size 584x38
            RenderText {#text} at (0,0) size 575x37
              text run at (0,0) width 575: "The CSS selector should not match the orignal div element, because it will not be"
              text run at (0,18) width 49: "empty "
              text run at (48,18) width 454: "anymore after the Javascript code appends a child element to it."
