layer at (0,0) size 800x600
  RenderView at (0,0) size 800x600
layer at (0,0) size 800x600
  RenderBlock {HTML} at (0,0) size 800x600
    RenderBody {BODY} at (8,8) size 784x584
      RenderBlock {P} at (0,0) size 784x18
        RenderText {#text} at (0,0) size 54x18
          text run at (0,0) width 54: "Test for "
        RenderInline {I} at (0,0) size 696x18
          RenderInline {A} at (0,0) size 353x18 [color=#0000EE]
            RenderText {#text} at (53,0) size 353x18
              text run at (53,0) width 353: "http://bugzilla.opendarwin.org/show_bug.cgi?id=4227"
          RenderText {#text} at (405,0) size 344x18
            text run at (405,0) width 5: " "
            text run at (409,0) width 340: "The ex unit doesn't work for font-variant: small-caps"
        RenderText {#text} at (748,0) size 5x18
          text run at (748,0) width 5: "."
      RenderBlock {P} at (0,34) size 784x18
        RenderText {#text} at (0,0) size 248x18
          text run at (0,0) width 248: "There should be a green square below:"
      RenderBlock {DIV} at (0,68) size 144x144 [bgcolor=#008000]
