layer at (0,0) size 800x600
  RenderView at (0,0) size 800x600
layer at (0,0) size 800x68
  RenderBlock {HTML} at (0,0) size 800x68
    RenderBody {BODY} at (8,16) size 784x36
      RenderBlock {P} at (0,0) size 784x36
        RenderInline (generated) at (0,0) size 5x18 [color=#CB000F]
          RenderText {#text} at (0,0) size 5x18
            text run at (0,0) width 5: "I"
        RenderText {#text} at (5,0) size 147x18
          text run at (5,0) width 147: " am adding a new text. "
        RenderText {#text} at (152,0) size 775x36
          text run at (152,0) width 378: "This is a test paragraph. You can insert extra text at its start; "
          text run at (530,0) width 245: "the :first-letter styles should be updated"
          text run at (0,18) width 179: "to accomodate this new text."
