layer at (0,0) size 800x600
  RenderView at (0,0) size 800x600
layer at (0,0) size 800x600
  RenderBlock {HTML} at (0,0) size 800x600
    RenderBody {BODY} at (8,8) size 784x584
      RenderBlock {H3} at (0,0) size 784x22
        RenderText {#text} at (0,0) size 575x22
          text run at (0,0) width 575: "Test case for First-line text-decoration style inherited from Parent Block"
      RenderBlock {P} at (0,40) size 784x19
        RenderText {#text} at (0,0) size 461x18
          text run at (0,0) width 461: "The First line text and its text-decoration must be of the same color."
      RenderBlock {DIV} at (0,74) size 784x101 [color=#FF0000]
        RenderBlock {P} at (0,0) size 784x66 [color=#008000]
          RenderText {#text} at (0,10) size 626x28
            text run at (0,10) width 626: "Underline Underline Underline Underline"
          RenderBR {BR} at (625,10) size 1x28
          RenderText {#text} at (0,48) size 286x18
            text run at (0,48) width 286: "Underline Underline Underline Underline"
          RenderBR {BR} at (285,48) size 1x18
        RenderBlock (anonymous) at (0,82) size 784x18
          RenderText {#text} at (0,0) size 268x18
            text run at (0,0) width 268: "Underline Underline Underline Underline"
      RenderBlock (anonymous) at (0,174) size 784x19
        RenderBR {BR} at (0,0) size 0x18
      RenderBlock {DIV} at (0,208) size 784x101 [color=#FF0000]
        RenderBlock {P} at (0,0) size 784x66 [color=#008000]
          RenderText {#text} at (0,10) size 553x28
            text run at (0,10) width 553: "Overline Overline Overline Overline"
          RenderBR {BR} at (552,10) size 1x28
          RenderText {#text} at (0,48) size 251x18
            text run at (0,48) width 251: "Overline Overline Overline Overline"
          RenderBR {BR} at (250,48) size 1x18
        RenderBlock (anonymous) at (0,82) size 784x18
          RenderText {#text} at (0,0) size 236x18
            text run at (0,0) width 236: "Overline Overline Overline Overline"
      RenderBlock (anonymous) at (0,308) size 784x19
        RenderBR {BR} at (0,0) size 0x18
      RenderBlock {DIV} at (0,342) size 784x101 [color=#FF0000]
        RenderBlock {P} at (0,0) size 784x66 [color=#008000]
          RenderText {#text} at (0,10) size 709x28
            text run at (0,10) width 709: "Line-Through Line-Through Line-Through Line"
          RenderBR {BR} at (708,10) size 1x28
          RenderText {#text} at (0,48) size 399x18
            text run at (0,48) width 399: "Line-Through Line-Through Line-Through Line-Through"
          RenderBR {BR} at (398,48) size 1x18
        RenderBlock (anonymous) at (0,82) size 784x18
          RenderText {#text} at (0,0) size 371x18
            text run at (0,0) width 371: "Line-Through Line-Through Line-Through Line-Through"
      RenderBlock (anonymous) at (0,442) size 784x19
        RenderBR {BR} at (0,0) size 0x18
