layer at (0,0) size 800x600
  RenderView at (0,0) size 800x600
layer at (0,0) size 800x600
  RenderBlock {HTML} at (0,0) size 800x600
    RenderBody {BODY} at (8,8) size 784x584
      RenderBlock {P} at (0,0) size 784x36
        RenderText {#text} at (0,0) size 749x36
          text run at (0,0) width 749: "Assuming the port-specific theme draws focus rings, this test can be used to ensure that a focus ring is drawn with an"
          text run at (0,18) width 146: "outline offset of 10 px."
      RenderBlock (anonymous) at (0,52) size 784x18
        RenderText {#text} at (0,0) size 114x18
          text run at (0,0) width 114: "(Some filler text) "
        RenderInline {A} at (0,0) size 27x18 [color=#0000EE]
          RenderText {#text} at (113,0) size 27x18
            text run at (113,0) width 27: "Test"
        RenderText {#text} at (0,0) size 0x0
