layer at (0,0) size 800x600
  RenderView at (0,0) size 800x600
layer at (0,0) size 800x600
  RenderBlock {HTML} at (0,0) size 800x600
    RenderBody {BODY} at (8,8) size 784x584
      RenderTable {TABLE} at (0,0) size 460x96
        RenderTableSection {TBODY} at (0,0) size 460x96
          RenderTableRow {TR} at (0,2) size 460x92
            RenderTableCell {TD} at (2,2) size 102x92 [r=0 c=0 rs=1 cs=1]
              RenderText {#text} at (1,1) size 100x90
                text run at (1,1) width 81: "This is some"
                text run at (1,19) width 95: "filler text. This"
                text run at (1,37) width 83: "is some filler"
                text run at (1,55) width 72: "text.This is"
                text run at (1,73) width 100: "some filler text."
            RenderTableCell {TD} at (106,20) size 352x56 [r=0 c=1 rs=1 cs=1]
              RenderText {#text} at (1,1) size 203x18
                text run at (1,1) width 203: "The text in this anchor element "
              RenderInline {A} at (0,0) size 246x36 [color=#0000EE]
                RenderText {#text} at (203,1) size 44x18
                  text run at (203,1) width 44: "should"
                RenderBR {BR} at (246,1) size 1x18
                RenderText {#text} at (1,19) size 48x18
                  text run at (1,19) width 48: "contain"
              RenderText {#text} at (48,19) size 326x36
                text run at (48,19) width 279: " 2 detached pieces. This test shows how the"
                text run at (1,37) width 134: "link would look text."
