layer at (0,0) size 800x600
  RenderView at (0,0) size 800x600
layer at (0,0) size 800x600
  RenderBlock {HTML} at (0,0) size 800x600
    RenderBody {BODY} at (8,8) size 784x584
      RenderBlock {P} at (0,0) size 784x18
        RenderText {#text} at (0,0) size 280x18
          text run at (0,0) width 280: "Each box should contain two identical lines"
      RenderBlock {DIV} at (0,34) size 784x86 [border: (1px solid #000000)]
        RenderBlock {P} at (9,17) size 766x18
          RenderText {#text} at (0,0) size 282x18
            text run at (0,0) width 282: "ABCDEFGHIJKLMNOPQRSTUVWXYZ"
        RenderBlock {P} at (9,51) size 766x18
          RenderInline {SPAN} at (0,0) size 16x16
            RenderText {#text} at (0,1) size 16x16
              text run at (0,1) width 16: "A"
          RenderText {#text} at (16,0) size 266x18
            text run at (16,0) width 266: "BCDEFGHIJKLMNOPQRSTUVWXYZ"
      RenderBlock {DIV} at (0,128) size 784x86 [border: (1px solid #000000)]
        RenderBlock {P} at (9,17) size 766x18
          RenderText {#text} at (0,0) size 361x18
            text run at (0,0) width 361: "ABCDEFGHIJKLMNOPQRSTUVWXYZ"
        RenderBlock {P} at (9,51) size 766x18
          RenderInline {SPAN} at (0,0) size 240x16
            RenderText {#text} at (0,1) size 240x16
              text run at (0,1) width 240: "ABCDEFGHIJKLMNO"
          RenderText {#text} at (240,0) size 121x18
            text run at (240,0) width 121: "PQRSTUVWXYZ"
      RenderBlock {DIV} at (0,222) size 784x86 [border: (1px solid #000000)]
        RenderBlock {P} at (9,17) size 766x18
          RenderText {#text} at (0,0) size 293x18
            text run at (0,0) width 293: "ABCDEFGHIJKLMNOPQRSTUVWXYZ"
        RenderBlock {P} at (9,51) size 766x18
          RenderText {#text} at (0,0) size 12x18
            text run at (0,0) width 12: "A"
          RenderInline {SPAN} at (0,0) size 49x16
            RenderText {#text} at (11,1) size 49x16
              text run at (11,1) width 49: "BCD"
          RenderText {#text} at (59,0) size 234x18
            text run at (59,0) width 234: "EFGHIJKLMNOPQRSTUVWXYZ"
      RenderBlock {DIV} at (0,316) size 784x86 [border: (1px solid #000000)]
        RenderBlock {P} at (9,17) size 766x18
          RenderText {#text} at (0,0) size 308x18
            text run at (0,0) width 308: "ABCDEFGHIJKLMNOPQRSTUVWXYZ"
        RenderBlock {P} at (9,51) size 766x18
          RenderText {#text} at (0,0) size 145x18
            text run at (0,0) width 145: "ABCDEFGHIJKLMN"
          RenderInline {SPAN} at (0,0) size 30x18
            RenderText {#text} at (144,0) size 30x18
              text run at (144,0) width 30: "OPQ"
          RenderInline {SPAN} at (0,0) size 113x16
            RenderText {#text} at (173,1) size 113x16
              text run at (173,1) width 113: "RSTUVWX"
          RenderText {#text} at (285,0) size 23x18
            text run at (285,0) width 23: "YZ"
      RenderBlock {DIV} at (0,410) size 784x86 [border: (1px solid #000000)]
        RenderBlock {P} at (9,17) size 766x18
          RenderText {#text} at (0,0) size 297x18
            text run at (0,0) width 297: "ABCDEFGHIJKLMNOPQRSTUVWXYZ"
        RenderBlock {P} at (9,51) size 766x18
          RenderText {#text} at (0,0) size 157x18
            text run at (0,0) width 157: "ABCDEFGHIJKLMNO"
          RenderInline {SPAN} at (0,0) size 119x16
            RenderText {#text} at (156,1) size 33x16
              text run at (156,1) width 33: "PQ"
            RenderInline {SPAN} at (0,0) size 39x18
              RenderText {#text} at (188,0) size 39x18
                text run at (188,0) width 39: "RSTU"
            RenderText {#text} at (226,1) size 49x16
              text run at (226,1) width 49: "VWX"
          RenderText {#text} at (274,0) size 23x18
            text run at (274,0) width 23: "YZ"
