layer at (0,0) size 800x600
  RenderView at (0,0) size 800x600
layer at (0,0) size 800x600
  RenderBlock {HTML} at (0,0) size 800x600
    RenderBody {BODY} at (8,8) size 784x584
      RenderInline {SPAN} at (0,0) size 298x23
        RenderText {#text} at (0,0) size 298x23
          text run at (0,0) width 298: "Hello. This is absolutely regular text."
      RenderText {#text} at (297,4) size 5x18
        text run at (297,4) width 5: " "
      RenderBR {BR} at (301,4) size 1x18
      RenderInline {SPAN} at (0,0) size 765x23
        RenderText {#text} at (0,23) size 765x23
          text run at (0,23) width 765: "Hello. This is text with -webkit-font-smoothing:auto. It should look like absolutely regular text."
      RenderText {#text} at (764,27) size 5x18
        text run at (764,27) width 5: " "
      RenderBR {BR} at (768,27) size 1x18
      RenderInline {SPAN} at (0,0) size 430x23
        RenderText {#text} at (0,46) size 430x23
          text run at (0,46) width 430: "Hello. This is text with -webkit-font-smoothing:none."
      RenderText {#text} at (429,50) size 5x18
        text run at (429,50) width 5: " "
      RenderBR {BR} at (433,50) size 1x18
      RenderInline {SPAN} at (0,0) size 477x23
        RenderText {#text} at (0,69) size 477x23
          text run at (0,69) width 477: "Hello. This is text with -webkit-font-smoothing:antialiased."
      RenderText {#text} at (476,73) size 5x18
        text run at (476,73) width 5: " "
      RenderBR {BR} at (480,73) size 1x18
      RenderInline {SPAN} at (0,0) size 702x46
        RenderText {#text} at (0,92) size 702x46
          text run at (0,92) width 702: "Hello. This is text with -webkit-font-smoothing:subpixel-antialiased. It should look like"
          text run at (0,115) width 184: "absolutely regular text."
      RenderText {#text} at (183,119) size 5x18
        text run at (183,119) width 5: " "
      RenderBR {BR} at (187,119) size 1x18
