layer at (0,0) size 800x600
  RenderView at (0,0) size 800x600
layer at (0,0) size 800x600
  RenderBlock {HTML} at (0,0) size 800x600
    RenderBody {BODY} at (8,8) size 784x576
      RenderBlock {P} at (0,0) size 784x36
        RenderText {#text} at (0,0) size 54x18
          text run at (0,0) width 54: "Test for "
        RenderInline {I} at (0,0) size 759x36
          RenderInline {A} at (0,0) size 312x18 [color=#0000EE]
            RenderText {#text} at (53,0) size 312x18
              text run at (53,0) width 312: "https://bugs.webkit.org/show_bug.cgi?id=34147"
          RenderText {#text} at (364,0) size 759x36
            text run at (364,0) width 395: " If @font-face does not provide an explicit italic/bold variant,"
            text run at (0,18) width 96: "regular is used"
        RenderText {#text} at (95,18) size 5x18
          text run at (95,18) width 5: "."
      RenderBlock {P} at (0,52) size 784x18
        RenderText {#text} at (0,0) size 93x18
          text run at (0,0) width 93: "Ahem regular:"
      RenderBlock {P} at (0,86) size 784x16
        RenderText {#text} at (0,0) size 192x16
          text run at (0,0) width 192: "Ahem regular"
      RenderBlock {P} at (0,118) size 784x18
        RenderText {#text} at (0,0) size 138x18
          text run at (0,0) width 138: "Ahem synthetic bold:"
      RenderBlock (anonymous) at (0,152) size 784x0
        RenderInline {STRONG} at (0,0) size 0x0
      RenderBlock (anonymous) at (0,152) size 784x16
        RenderBlock {P} at (0,0) size 784x16
          RenderText {#text} at (0,0) size 323x16
            text run at (0,0) width 323: "Ahem synthetic bold"
      RenderBlock (anonymous) at (0,184) size 784x0
        RenderInline {STRONG} at (0,0) size 0x0
        RenderText {#text} at (0,0) size 0x0
      RenderBlock {P} at (0,184) size 784x18
        RenderText {#text} at (0,0) size 142x18
          text run at (0,0) width 142: "Ahem synthetic italic:"
      RenderBlock (anonymous) at (0,218) size 784x0
        RenderInline {I} at (0,0) size 0x0
      RenderBlock (anonymous) at (0,218) size 784x16
        RenderBlock {P} at (0,0) size 784x16
          RenderText {#text} at (0,0) size 336x16
            text run at (0,0) width 336: "Ahem synthetic italic"
      RenderBlock (anonymous) at (0,250) size 784x0
        RenderInline {I} at (0,0) size 0x0
        RenderText {#text} at (0,0) size 0x0
      RenderBlock {P} at (0,250) size 784x18
        RenderText {#text} at (0,0) size 174x18
          text run at (0,0) width 174: "Ahem synthetic bold italic:"
      RenderBlock (anonymous) at (0,284) size 784x0
        RenderInline {STRONG} at (0,0) size 0x0
          RenderInline {I} at (0,0) size 0x0
      RenderBlock (anonymous) at (0,284) size 784x16
        RenderBlock {P} at (0,0) size 784x16
          RenderText {#text} at (0,0) size 442x16
            text run at (0,0) width 442: "Ahem synthetic bold italic"
      RenderBlock (anonymous) at (0,316) size 784x0
        RenderInline {STRONG} at (0,0) size 0x0
          RenderInline {I} at (0,0) size 0x0
        RenderText {#text} at (0,0) size 0x0
        RenderText {#text} at (0,0) size 0x0
