layer at (0,0) size 800x600
  RenderView at (0,0) size 800x600
layer at (0,0) size 800x441
  RenderBlock {HTML} at (0,0) size 800x441
    RenderBody {BODY} at (8,16) size 784x409
      RenderBlock {P} at (0,0) size 784x18
        RenderText {#text} at (0,0) size 470x18
          text run at (0,0) width 470: "Fails indicate that the font property specification is invalid in strict mode."
      RenderBlock {P} at (0,50) size 784x37
        RenderText {#text} at (0,0) size 220x37
          text run at (0,0) width 220: "24pt italic = 24pt"
      RenderBlock {P} at (0,119) size 784x18
        RenderText {#text} at (0,0) size 147x18
          text run at (0,0) width 147: "24pt italic Arial = 24pt"
      RenderBlock {P} at (0,153) size 784x18
        RenderText {#text} at (0,0) size 190x18
          text run at (0,0) width 190: "24pt italic 'Arial' = 24pt Arial"
      RenderBlock {P} at (0,187) size 784x18
        RenderText {#text} at (0,0) size 109x18
          text run at (0,0) width 109: "italic 24pt = fails"
      RenderBlock {P} at (0,221) size 784x18
        RenderText {#text} at (0,0) size 221x18
          text run at (0,0) width 221: "italic 24pt Arial = 24pt Arial Italic"
      RenderBlock {P} at (0,255) size 784x18
        RenderText {#text} at (0,0) size 227x18
          text run at (0,0) width 227: "italic 24pt 'Arial' = 24pt Arial Italic"
      RenderBlock {P} at (0,289) size 784x18
        RenderText {#text} at (0,0) size 146x18
          text run at (0,0) width 146: "Arial 24pt italic = fails"
      RenderBlock {P} at (0,323) size 784x18
        RenderText {#text} at (0,0) size 152x18
          text run at (0,0) width 152: "'Arial' 24pt italic = fails"
      RenderBlock {P} at (0,357) size 784x18
        RenderText {#text} at (0,0) size 146x18
          text run at (0,0) width 146: "Arial italic 24pt = fails"
      RenderBlock {P} at (0,391) size 784x18
        RenderText {#text} at (0,0) size 152x18
          text run at (0,0) width 152: "'Arial' italic 24pt = fails"
