layer at (0,0) size 800x600
  RenderView at (0,0) size 800x600
layer at (0,0) size 800x600
  RenderBlock {HTML} at (0,0) size 800x600
    RenderBody {BODY} at (8,8) size 784x584
      RenderBlock {P} at (0,0) size 784x36
        RenderText {#text} at (0,0) size 782x36
          text run at (0,0) width 490: "This tests that when @font-face rules with unicode-range are specified for a "
          text run at (489,0) width 293: "font that exists on the system, the system font"
          text run at (0,18) width 160: "is used for all characters "
          text run at (159,18) width 159: "not explictly overridden."
      RenderBlock {P} at (0,52) size 784x18
        RenderText {#text} at (0,0) size 523x18
          text run at (0,0) width 455: "In the next line, the digits should be in Times, but the letters should be "
          text run at (454,0) width 69: "in Courier."
      RenderBlock (anonymous) at (0,86) size 784x28
        RenderInline {SPAN} at (0,0) size 279x28
          RenderText {#text} at (0,0) size 279x28
            text run at (0,0) width 279: "ABCDEFGHIJ 1234567890"
        RenderText {#text} at (0,0) size 0x0
