layer at (0,0) size 800x600
  RenderView at (0,0) size 800x600
layer at (0,0) size 800x600
  RenderBlock {HTML} at (0,0) size 800x600
    RenderBody {BODY} at (8,8) size 784x584
      RenderBlock {P} at (0,0) size 784x18
        RenderText {#text} at (0,0) size 180x18
          text run at (0,0) width 180: "Each font name in that font:"
      RenderBlock {DIV} at (4,34) size 776x27 [border: (1px solid #ADD8E6)]
        RenderInline {B} at (1,1) size 109x19
          RenderText {#text} at (1,1) size 109x19
            text run at (1,1) width 109: "Helvetica bold"
        RenderText {#text} at (109,1) size 76x19
          text run at (109,1) width 76: " Helvetica "
        RenderInline {I} at (184,1) size 136x19
          RenderText {#text} at (184,1) size 77x19
            text run at (184,1) width 77: "Courier "
          RenderInline {B} at (260,1) size 60x25
            RenderText {#text} at (260,1) size 60x25
              text run at (260,1) width 60: "Papyrus"
        RenderText {#text} at (0,0) size 0x0
      RenderBlock {DIV} at (4,64) size 776x28 [border: (1px solid #ADD8E6)]
        RenderInline {SPAN} at (1,1) size 68x19
          RenderText {#text} at (1,1) size 68x19
            text run at (1,1) width 68: "Courier"
        RenderText {#text} at (68,1) size 10x19
          text run at (68,1) width 10: " "
        RenderInline {SPAN} at (77,1) size 69x19
          RenderText {#text} at (77,1) size 69x19
            text run at (77,1) width 69: "Courier"
        RenderText {#text} at (145,1) size 10x19
          text run at (145,1) width 10: " "
        RenderInline {SPAN} at (154,1) size 68x19
          RenderText {#text} at (154,1) size 68x19
            text run at (154,1) width 68: "Courier"
        RenderText {#text} at (221,1) size 11x19
          text run at (221,1) width 11: " "
        RenderInline {SPAN} at (231,1) size 68x19
          RenderText {#text} at (231,1) size 68x19
            text run at (231,1) width 68: "Courier"
        RenderText {#text} at (298,1) size 11x19
          text run at (298,1) width 11: " "
        RenderInline {SPAN} at (308,1) size 68x19
          RenderText {#text} at (308,1) size 68x19
            text run at (308,1) width 68: "Courier"
        RenderText {#text} at (375,1) size 11x19
          text run at (375,1) width 11: " "
        RenderInline {SPAN} at (385,1) size 111x19
          RenderText {#text} at (385,1) size 111x19
            text run at (385,1) width 111: "Helvetica Bold"
        RenderText {#text} at (495,1) size 10x19
          text run at (495,1) width 10: " "
        RenderInline {SPAN} at (504,1) size 112x19
          RenderText {#text} at (504,1) size 112x19
            text run at (504,1) width 112: "Helvetica Bold"
        RenderText {#text} at (615,1) size 10x19
          text run at (615,1) width 10: " "
        RenderInline {SPAN} at (624,1) size 60x25
          RenderText {#text} at (624,1) size 60x25
            text run at (624,1) width 60: "Papyrus"
        RenderText {#text} at (683,1) size 10x19
          text run at (683,1) width 10: " "
        RenderInline {SPAN} at (692,1) size 60x25
          RenderText {#text} at (692,1) size 60x25
            text run at (692,1) width 60: "Papyrus"
        RenderText {#text} at (0,0) size 0x0
      RenderBlock {DIV} at (4,95) size 776x39 [border: (1px solid #ADD8E6)]
        RenderInline {SPAN} at (1,1) size 68x19
          RenderText {#text} at (1,1) size 68x19
            text run at (1,1) width 68: "Courier"
        RenderText {#text} at (68,1) size 10x19
          text run at (68,1) width 10: " "
        RenderInline {SPAN} at (77,1) size 69x19
          RenderText {#text} at (77,1) size 69x19
            text run at (77,1) width 69: "Courier"
        RenderText {#text} at (145,1) size 10x19
          text run at (145,1) width 10: " "
        RenderInline {SPAN} at (154,1) size 68x19
          RenderText {#text} at (154,1) size 68x19
            text run at (154,1) width 68: "Courier"
        RenderText {#text} at (221,1) size 11x19
          text run at (221,1) width 11: " "
        RenderInline {SPAN} at (231,1) size 68x19
          RenderText {#text} at (231,1) size 68x19
            text run at (231,1) width 68: "Courier"
        RenderText {#text} at (298,1) size 11x19
          text run at (298,1) width 11: " "
        RenderInline {SPAN} at (308,1) size 68x19
          RenderText {#text} at (308,1) size 68x19
            text run at (308,1) width 68: "Courier"
        RenderText {#text} at (375,1) size 11x19
          text run at (375,1) width 11: " "
        RenderInline {SPAN} at (385,1) size 111x18
          RenderText {#text} at (385,1) size 111x18
            text run at (385,1) width 111: "Helvetica Bold"
        RenderText {#text} at (495,1) size 10x19
          text run at (495,1) width 10: " "
        RenderInline {SPAN} at (504,1) size 112x18
          RenderText {#text} at (504,1) size 112x18
            text run at (504,1) width 112: "Helvetica Bold"
        RenderText {#text} at (615,1) size 10x19
          text run at (615,1) width 10: " "
        RenderInline {SPAN} at (624,1) size 112x18
          RenderText {#text} at (624,1) size 112x18
            text run at (624,1) width 112: "Helvetica Bold"
        RenderText {#text} at (0,0) size 0x0
        RenderInline {SPAN} at (1,19) size 111x19
          RenderText {#text} at (1,19) size 111x19
            text run at (1,19) width 111: "Helvetica Bold"
        RenderText {#text} at (0,0) size 0x0
      RenderBlock {DIV} at (4,137) size 776x39 [border: (1px solid #ADD8E6)]
        RenderInline {SPAN} at (1,1) size 68x19
          RenderText {#text} at (1,1) size 68x19
            text run at (1,1) width 68: "Courier"
        RenderText {#text} at (68,1) size 10x19
          text run at (68,1) width 10: " "
        RenderInline {SPAN} at (77,1) size 69x19
          RenderText {#text} at (77,1) size 69x19
            text run at (77,1) width 69: "Courier"
        RenderText {#text} at (145,1) size 10x19
          text run at (145,1) width 10: " "
        RenderInline {SPAN} at (154,1) size 68x19
          RenderText {#text} at (154,1) size 68x19
            text run at (154,1) width 68: "Courier"
        RenderText {#text} at (221,1) size 11x19
          text run at (221,1) width 11: " "
        RenderInline {SPAN} at (231,1) size 68x19
          RenderText {#text} at (231,1) size 68x19
            text run at (231,1) width 68: "Courier"
        RenderText {#text} at (298,1) size 11x19
          text run at (298,1) width 11: " "
        RenderInline {SPAN} at (308,1) size 68x19
          RenderText {#text} at (308,1) size 68x19
            text run at (308,1) width 68: "Courier"
        RenderText {#text} at (375,1) size 11x19
          text run at (375,1) width 11: " "
        RenderInline {SPAN} at (385,1) size 111x18
          RenderText {#text} at (385,1) size 111x18
            text run at (385,1) width 111: "Helvetica Bold"
        RenderText {#text} at (495,1) size 10x19
          text run at (495,1) width 10: " "
        RenderInline {SPAN} at (504,1) size 112x18
          RenderText {#text} at (504,1) size 112x18
            text run at (504,1) width 112: "Helvetica Bold"
        RenderText {#text} at (615,1) size 10x19
          text run at (615,1) width 10: " "
        RenderInline {SPAN} at (624,1) size 112x18
          RenderText {#text} at (624,1) size 112x18
            text run at (624,1) width 112: "Helvetica Bold"
        RenderText {#text} at (0,0) size 0x0
        RenderInline {SPAN} at (1,19) size 111x19
          RenderText {#text} at (1,19) size 111x19
            text run at (1,19) width 111: "Helvetica Bold"
        RenderText {#text} at (0,0) size 0x0
      RenderBlock {DIV} at (4,179) size 776x28 [border: (1px solid #ADD8E6)]
        RenderInline {B} at (1,1) size 186x25
          RenderText {#text} at (1,1) size 186x25
            text run at (1,1) width 186: "Papyrus synthetic bold"
        RenderText {#text} at (186,1) size 67x25
          text run at (186,1) width 67: " Papyrus "
        RenderInline {I} at (252,1) size 397x25
          RenderText {#text} at (252,1) size 168x25
            text run at (252,1) width 168: "Papyrus synthetic italic "
          RenderInline {B} at (419,1) size 230x25
            RenderText {#text} at (419,1) size 230x25
              text run at (419,1) width 230: "Papyrus synthetic bold italic"
        RenderText {#text} at (0,0) size 0x0
      RenderBlock {P} at (0,222) size 784x19
        RenderText {#text} at (0,0) size 228x18
          text run at (0,0) width 228: "Times followed by Ahem (normal):"
      RenderBlock {DIV} at (4,256) size 776x21 [border: (1px solid #ADD8E6)]
        RenderText {#text} at (1,1) size 44x18
          text run at (1,1) width 44: "Times "
        RenderInline {I} at (44,2) size 65x17
          RenderText {#text} at (44,2) size 65x17
            text run at (44,2) width 65: "AHEM"
        RenderText {#text} at (0,0) size 0x0
      RenderBlock {P} at (0,292) size 784x19
        RenderText {#text} at (0,0) size 104x18
          text run at (0,0) width 104: "Ahem (normal):"
      RenderBlock {DIV} at (4,326) size 776x19 [border: (1px solid #ADD8E6)]
        RenderText {#text} at (1,1) size 80x16
          text run at (1,1) width 80: "AHEM "
        RenderInline {I} at (81,1) size 64x16
          RenderText {#text} at (81,1) size 64x16
            text run at (81,1) width 64: "AHEM"
        RenderText {#text} at (0,0) size 0x0
      RenderBlock {P} at (0,360) size 784x19
        RenderText {#text} at (0,0) size 333x18
          text run at (0,0) width 333: "Ahem (normal) followed by Ahem (synthetic bold):"
      RenderBlock {DIV} at (4,394) size 776x19 [border: (1px solid #ADD8E6)]
        RenderText {#text} at (1,1) size 80x16
          text run at (1,1) width 80: "AHEM "
        RenderInline {B} at (81,1) size 68x16
          RenderText {#text} at (81,1) size 68x16
            text run at (81,1) width 68: "AHEM"
        RenderText {#text} at (0,0) size 0x0
      RenderBlock {P} at (0,428) size 784x19
        RenderText {#text} at (0,0) size 343x18
          text run at (0,0) width 343: "Ahem (normal) followed by Ahem (synthetic italics):"
      RenderBlock {DIV} at (4,462) size 776x19 [border: (1px solid #ADD8E6)]
        RenderText {#text} at (1,1) size 80x16
          text run at (1,1) width 80: "AHEM "
        RenderInline {I} at (81,1) size 64x16
          RenderText {#text} at (81,1) size 64x16
            text run at (81,1) width 64: "AHEM"
        RenderText {#text} at (0,0) size 0x0
