layer at (0,0) size 800x600
  RenderView at (0,0) size 800x600
layer at (0,0) size 800x412
  RenderBlock {HTML} at (0,0) size 800x413
    RenderBody {BODY} at (8,16) size 784x184
      RenderBlock {P} at (0,0) size 784x18
        RenderText {#text} at (0,0) size 447x18
          text run at (0,0) width 447: "For each of pairs, the first one and the second one should be identical."
        RenderText {#text} at (0,0) size 0x0
      RenderTable {TABLE} at (0,34) size 150x363
        RenderTableSection {TBODY} at (0,0) size 150x363
          RenderTableRow {TR} at (0,2) size 150x76
            RenderTableCell {TD} at (2,2) size 72x76 [r=0 c=0 rs=1 cs=1]
              RenderBlock {SECTION} at (1,1) size 70x74
                RenderBlock {HR} at (0,0) size 70x2 [border: (1px inset #000000)]
                RenderBlock {H1} at (0,21) size 70x31 [border: (1px solid #00FF00)]
                  RenderText {#text} at (1,1) size 68x28
                    text run at (1,1) width 68: "MMM"
                RenderBlock {HR} at (0,71) size 70x3 [border: (1px inset #000000)]
            RenderTableCell {TD} at (75,2) size 73x76 [r=0 c=1 rs=1 cs=1]
              RenderBlock {HR} at (1,1) size 70x2 [border: (1px inset #000000)]
              RenderBlock {H2} at (1,22) size 70x31 [border: (1px solid #00FF00)]
                RenderText {#text} at (1,1) size 68x28
                  text run at (1,1) width 68: "MMM"
              RenderBlock {HR} at (1,72) size 70x3 [border: (1px inset #000000)]
          RenderTableRow {TR} at (0,79) size 150x69
            RenderTableCell {TD} at (2,79) size 72x69 [r=1 c=0 rs=1 cs=1]
              RenderBlock {ARTICLE} at (1,1) size 70x66
                RenderBlock {SECTION} at (0,0) size 70x66
                  RenderBlock {HR} at (0,0) size 70x2 [border: (1px inset #000000)]
                  RenderBlock {H1} at (0,20) size 70x25 [border: (1px solid #00FF00)]
                    RenderText {#text} at (1,1) size 54x22
                      text run at (1,1) width 54: "MMM"
                  RenderBlock {HR} at (0,63) size 70x3 [border: (1px inset #000000)]
            RenderTableCell {TD} at (75,79) size 73x69 [r=1 c=1 rs=1 cs=1]
              RenderBlock {HR} at (1,1) size 70x2 [border: (1px inset #000000)]
              RenderBlock {H3} at (1,21) size 70x25 [border: (1px solid #00FF00)]
                RenderText {#text} at (1,1) size 54x22
                  text run at (1,1) width 54: "MMM"
              RenderBlock {HR} at (1,64) size 70x3 [border: (1px inset #000000)]
          RenderTableRow {TR} at (0,149) size 150x69
            RenderTableCell {TD} at (2,149) size 72x69 [r=2 c=0 rs=1 cs=1]
              RenderBlock {NAV} at (1,1) size 70x67
                RenderBlock {ARTICLE} at (0,0) size 70x67
                  RenderBlock {SECTION} at (0,0) size 70x67
                    RenderBlock {HR} at (0,0) size 70x2 [border: (1px inset #000000)]
                    RenderBlock {H1} at (0,23) size 70x21 [border: (1px solid #00FF00)]
                      RenderText {#text} at (1,1) size 46x18
                        text run at (1,1) width 46: "MMM"
                    RenderBlock {HR} at (0,64) size 70x3 [border: (1px inset #000000)]
            RenderTableCell {TD} at (75,149) size 73x69 [r=2 c=1 rs=1 cs=1]
              RenderBlock {HR} at (1,1) size 70x2 [border: (1px inset #000000)]
              RenderBlock {H4} at (1,24) size 70x21 [border: (1px solid #00FF00)]
                RenderText {#text} at (1,1) size 46x18
                  text run at (1,1) width 46: "MMM"
              RenderBlock {HR} at (1,65) size 70x3 [border: (1px inset #000000)]
          RenderTableRow {TR} at (0,219) size 150x69
            RenderTableCell {TD} at (2,219) size 72x69 [r=3 c=0 rs=1 cs=1]
              RenderBlock {NAV} at (1,1) size 70x66
                RenderBlock {ASIDE} at (0,0) size 70x66
                  RenderBlock {ARTICLE} at (0,0) size 70x66
                    RenderBlock {SECTION} at (0,0) size 70x66
                      RenderBlock {HR} at (0,0) size 70x2 [border: (1px inset #000000)]
                      RenderBlock {H1} at (0,24) size 70x18 [border: (1px solid #00FF00)]
                        RenderText {#text} at (1,1) size 37x15
                          text run at (1,1) width 37: "MMM"
                      RenderBlock {HR} at (0,63) size 70x3 [border: (1px inset #000000)]
            RenderTableCell {TD} at (75,219) size 73x69 [r=3 c=1 rs=1 cs=1]
              RenderBlock {HR} at (1,1) size 70x2 [border: (1px inset #000000)]
              RenderBlock {H5} at (1,25) size 70x18 [border: (1px solid #00FF00)]
                RenderText {#text} at (1,1) size 37x15
                  text run at (1,1) width 37: "MMM"
              RenderBlock {HR} at (1,64) size 70x3 [border: (1px inset #000000)]
          RenderTableRow {TR} at (0,289) size 150x72
            RenderTableCell {TD} at (2,289) size 72x72 [r=4 c=0 rs=1 cs=1]
              RenderBlock {SECTION} at (1,1) size 70x69
                RenderBlock {DIV} at (0,0) size 70x69
                  RenderBlock {NAV} at (0,0) size 70x69
                    RenderBlock {ASIDE} at (0,0) size 70x69
                      RenderBlock {ARTICLE} at (0,0) size 70x69
                        RenderBlock {SECTION} at (0,0) size 70x69
                          RenderBlock {HR} at (0,0) size 70x2 [border: (1px inset #000000)]
                          RenderBlock {H1} at (0,26) size 70x16 [border: (1px solid #00FF00)]
                            RenderText {#text} at (1,1) size 32x13
                              text run at (1,1) width 32: "MMM"
                          RenderBlock {HR} at (0,66) size 70x3 [border: (1px inset #000000)]
                  RenderBlock {DIV} at (0,68) size 70x0
            RenderTableCell {TD} at (75,289) size 73x72 [r=4 c=1 rs=1 cs=1]
              RenderBlock {HR} at (1,1) size 70x2 [border: (1px inset #000000)]
              RenderBlock {H6} at (1,27) size 70x16 [border: (1px solid #00FF00)]
                RenderText {#text} at (1,1) size 32x13
                  text run at (1,1) width 32: "MMM"
              RenderBlock {HR} at (1,67) size 70x3 [border: (1px inset #000000)]
      RenderTable {TABLE} at (149,34) size 363x150
        RenderTableSection {TBODY} at (0,0) size 363x150
          RenderTableRow {TR} at (0,2) size 76x150
            RenderTableCell {TD} at (2,2) size 76x72 [r=0 c=0 rs=1 cs=1]
              RenderBlock {SECTION} at (1,1) size 74x70
                RenderBlock {HR} at (0,0) size 2x70 [border: (1px inset #000000)]
                RenderBlock {H1} at (21,0) size 31x70 [border: (1px solid #00FF00)]
                  RenderText {#text} at (1,1) size 28x68
                    text run at (1,1) width 68: "MMM"
                RenderBlock {HR} at (71,0) size 3x70 [border: (1px inset #000000)]
            RenderTableCell {TD} at (2,75) size 76x73 [r=0 c=1 rs=1 cs=1]
              RenderBlock {HR} at (1,1) size 2x70 [border: (1px inset #000000)]
              RenderBlock {H2} at (22,1) size 31x70 [border: (1px solid #00FF00)]
                RenderText {#text} at (1,1) size 28x68
                  text run at (1,1) width 68: "MMM"
              RenderBlock {HR} at (72,1) size 3x70 [border: (1px inset #000000)]
          RenderTableRow {TR} at (0,79) size 68x151
            RenderTableCell {TD} at (79,2) size 69x72 [r=1 c=0 rs=1 cs=1]
              RenderBlock {ARTICLE} at (1,1) size 66x70
                RenderBlock {SECTION} at (0,0) size 66x70
                  RenderBlock {HR} at (0,0) size 2x70 [border: (1px inset #000000)]
                  RenderBlock {H1} at (20,0) size 25x70 [border: (1px solid #00FF00)]
                    RenderText {#text} at (1,1) size 22x54
                      text run at (1,1) width 54: "MMM"
                  RenderBlock {HR} at (63,0) size 3x70 [border: (1px inset #000000)]
            RenderTableCell {TD} at (79,75) size 69x73 [r=1 c=1 rs=1 cs=1]
              RenderBlock {HR} at (1,1) size 2x70 [border: (1px inset #000000)]
              RenderBlock {H3} at (21,1) size 25x70 [border: (1px solid #00FF00)]
                RenderText {#text} at (1,1) size 22x54
                  text run at (1,1) width 54: "MMM"
              RenderBlock {HR} at (64,1) size 3x70 [border: (1px inset #000000)]
          RenderTableRow {TR} at (0,149) size 69x151
            RenderTableCell {TD} at (149,2) size 69x72 [r=2 c=0 rs=1 cs=1]
              RenderBlock {NAV} at (1,1) size 67x70
                RenderBlock {ARTICLE} at (0,0) size 67x70
                  RenderBlock {SECTION} at (0,0) size 67x70
                    RenderBlock {HR} at (0,0) size 2x70 [border: (1px inset #000000)]
                    RenderBlock {H1} at (23,0) size 21x70 [border: (1px solid #00FF00)]
                      RenderText {#text} at (1,1) size 18x46
                        text run at (1,1) width 46: "MMM"
                    RenderBlock {HR} at (64,0) size 3x70 [border: (1px inset #000000)]
            RenderTableCell {TD} at (149,75) size 69x73 [r=2 c=1 rs=1 cs=1]
              RenderBlock {HR} at (1,1) size 2x70 [border: (1px inset #000000)]
              RenderBlock {H4} at (24,1) size 21x70 [border: (1px solid #00FF00)]
                RenderText {#text} at (1,1) size 18x46
                  text run at (1,1) width 46: "MMM"
              RenderBlock {HR} at (65,1) size 3x70 [border: (1px inset #000000)]
          RenderTableRow {TR} at (0,219) size 68x151
            RenderTableCell {TD} at (219,2) size 69x72 [r=3 c=0 rs=1 cs=1]
              RenderBlock {NAV} at (1,1) size 66x70
                RenderBlock {ASIDE} at (0,0) size 66x70
                  RenderBlock {ARTICLE} at (0,0) size 66x70
                    RenderBlock {SECTION} at (0,0) size 66x70
                      RenderBlock {HR} at (0,0) size 2x70 [border: (1px inset #000000)]
                      RenderBlock {H1} at (24,0) size 18x70 [border: (1px solid #00FF00)]
                        RenderText {#text} at (1,1) size 15x37
                          text run at (1,1) width 37: "MMM"
                      RenderBlock {HR} at (63,0) size 3x70 [border: (1px inset #000000)]
            RenderTableCell {TD} at (219,75) size 69x73 [r=3 c=1 rs=1 cs=1]
              RenderBlock {HR} at (1,1) size 2x70 [border: (1px inset #000000)]
              RenderBlock {H5} at (25,1) size 18x70 [border: (1px solid #00FF00)]
                RenderText {#text} at (1,1) size 15x37
                  text run at (1,1) width 37: "MMM"
              RenderBlock {HR} at (64,1) size 3x70 [border: (1px inset #000000)]
          RenderTableRow {TR} at (0,289) size 71x151
            RenderTableCell {TD} at (289,2) size 72x72 [r=4 c=0 rs=1 cs=1]
              RenderBlock {SECTION} at (1,1) size 69x70
                RenderBlock {DIV} at (0,0) size 69x70
                  RenderBlock {NAV} at (0,0) size 69x70
                    RenderBlock {ASIDE} at (0,0) size 69x70
                      RenderBlock {ARTICLE} at (0,0) size 69x70
                        RenderBlock {SECTION} at (0,0) size 69x70
                          RenderBlock {HR} at (0,0) size 2x70 [border: (1px inset #000000)]
                          RenderBlock {H1} at (26,0) size 16x70 [border: (1px solid #00FF00)]
                            RenderText {#text} at (1,1) size 13x32
                              text run at (1,1) width 32: "MMM"
                          RenderBlock {HR} at (66,0) size 3x70 [border: (1px inset #000000)]
                  RenderBlock {DIV} at (68,0) size 0x70
            RenderTableCell {TD} at (289,75) size 72x73 [r=4 c=1 rs=1 cs=1]
              RenderBlock {HR} at (1,1) size 2x70 [border: (1px inset #000000)]
              RenderBlock {H6} at (27,1) size 16x70 [border: (1px solid #00FF00)]
                RenderText {#text} at (1,1) size 13x32
                  text run at (1,1) width 32: "MMM"
              RenderBlock {HR} at (67,1) size 3x70 [border: (1px inset #000000)]
