layer at (0,0) size 800x600
  RenderView at (0,0) size 800x600
layer at (0,0) size 800x600
  RenderBlock {HTML} at (0,0) size 800x600
    RenderBody {BODY} at (8,8) size 784x576
      RenderBlock {DIV} at (0,0) size 784x18
        RenderInline {SPAN} at (0,0) size 228x18 [color=#FF0000]
          RenderText {#text} at (0,0) size 228x18
            text run at (0,0) width 228: "This should turn red when hovered."
        RenderText {#text} at (0,0) size 0x0
      RenderBlock {HR} at (0,26) size 784x2 [border: (1px inset #000000)]
      RenderBlock {P} at (0,44) size 784x36
        RenderText {#text} at (0,0) size 54x18
          text run at (0,0) width 54: "Test for "
        RenderInline {I} at (0,0) size 751x36
          RenderInline {A} at (0,0) size 353x18 [color=#0000EE]
            RenderText {#text} at (53,0) size 353x18
              text run at (53,0) width 353: "http://bugzilla.opendarwin.org/show_bug.cgi?id=7327"
          RenderText {#text} at (405,0) size 751x36
            text run at (405,0) width 346: " REGRESSION (r12869): :hover subselector does not"
            text run at (0,18) width 132: "work in quirks mode"
        RenderText {#text} at (131,18) size 101x18
          text run at (131,18) width 101: ". This tests that "
        RenderInline {CODE} at (0,0) size 95x15
          RenderText {#text} at (231,20) size 95x15
            text run at (231,20) width 95: "span#t:hover"
        RenderText {#text} at (325,18) size 174x18
          text run at (325,18) width 174: " matches the hovered span."
