layer at (0,0) size 785x1352
  RenderView at (0,0) size 785x600
layer at (0,0) size 785x1352
  RenderBlock {HTML} at (0,0) size 785x1352
    RenderBody {BODY} at (8,8) size 769x1323
      RenderBlock {H1} at (0,0) size 769x37 [color=#FF0000]
        RenderText {#text} at (0,0) size 524x37
          text run at (0,0) width 524: "This should be red: hsl(0, 100%, 50%)"
      RenderBlock {H1} at (0,58) size 769x38 [color=#00FF00]
        RenderText {#text} at (0,0) size 587x37
          text run at (0,0) width 587: "This should be green: hsl(120, 100%, 50%)"
      RenderBlock {H1} at (0,116) size 769x38 [color=#00FFFF]
        RenderText {#text} at (0,0) size 578x37
          text run at (0,0) width 578: "This should be aqua: hsl(180, 100%, 50%)"
      RenderBlock {H1} at (0,175) size 769x38 [color=#0000FF]
        RenderText {#text} at (0,0) size 570x37
          text run at (0,0) width 570: "This should be blue: hsl(240, 100%, 50%)"
      RenderBlock {H1} at (0,233) size 769x38 [color=#80FF80]
        RenderText {#text} at (0,0) size 657x37
          text run at (0,0) width 657: "This should be light green: hsl(120, 100%, 75%)"
      RenderBlock {H1} at (0,292) size 769x38 [color=#008000]
        RenderText {#text} at (0,0) size 660x37
          text run at (0,0) width 660: "This should be dark green: hsl(120, 100%, 25%)"
      RenderBlock {H1} at (0,350) size 769x38 [color=#40BF40]
        RenderText {#text} at (0,0) size 659x37
          text run at (0,0) width 659: "This should be pastel green: hsl(120, 50%, 50%)"
      RenderBlock (anonymous) at (0,409) size 769x37
        RenderInline {B} at (0,0) size 142x18
          RenderText {#text} at (0,0) size 142x18
            text run at (0,0) width 142: "Out of bounds cases:"
        RenderBR {BR} at (141,0) size 1x18
        RenderText {#text} at (0,18) size 412x18
          text run at (0,18) width 412: "Check percentages larger than 100%, should be limited to 100%"
      RenderBlock {H1} at (0,466) size 769x38 [color=#00FF00]
        RenderText {#text} at (0,0) size 587x37
          text run at (0,0) width 587: "This should be green: hsl(120, 100%, 50%)"
      RenderBlock {H1} at (0,524) size 769x38 [color=#00FF00]
        RenderText {#text} at (0,0) size 637x37
          text run at (0,0) width 637: "This should be green too: hsl(120, 200%, 50%)"
      RenderBlock (anonymous) at (0,583) size 769x19
        RenderText {#text} at (0,0) size 480x18
          text run at (0,0) width 480: "Check percentages less than 0% (negative values), should be limited to 0%"
      RenderBlock {H1} at (0,622) size 769x38 [color=#808080]
        RenderText {#text} at (0,0) size 539x37
          text run at (0,0) width 539: "This should be grey: hsl(120, 0%, 50%)"
      RenderBlock {H1} at (0,681) size 769x38 [color=#808080]
        RenderText {#text} at (0,0) size 638x37
          text run at (0,0) width 638: "This should be grey, too: hsl(120, -100%, 50%)"
      RenderBlock (anonymous) at (0,739) size 769x37
        RenderText {#text} at (0,0) size 764x36
          text run at (0,0) width 764: "Check Hue values that are larger than 360, should be normalized back to a value between 0 and 360. As Hue values are"
          text run at (0,18) width 461: "in degrees, there is no maximum like percentages, they are loop around."
      RenderBlock {H1} at (0,797) size 769x38 [color=#008000]
        RenderText {#text} at (0,0) size 660x37
          text run at (0,0) width 660: "This should be dark green: hsl(120, 100%, 25%)"
      RenderBlock {H1} at (0,855) size 769x38 [color=#008000]
        RenderText {#text} at (0,0) size 719x37
          text run at (0,0) width 719: "This should be dark green, too: hsl(480, 100%, 25%)"
      RenderBlock (anonymous) at (0,914) size 769x18
        RenderText {#text} at (0,0) size 261x18
          text run at (0,0) width 261: "Check Hue values with a negative angle."
      RenderBlock {H1} at (0,953) size 769x38 [color=#80FF80]
        RenderText {#text} at (0,0) size 657x37
          text run at (0,0) width 657: "This should be light green: hsl(120, 100%, 75%)"
      RenderBlock {H1} at (0,1011) size 769x38 [color=#80FF80]
        RenderText {#text} at (0,0) size 726x37
          text run at (0,0) width 726: "This should be light green, too: hsl(-240, 100%, 75%)"
      RenderBlock {H1} at (0,1070) size 769x38 [color=#80FF80]
        RenderText {#text} at (0,0) size 726x37
          text run at (0,0) width 726: "This should be light green, too: hsl(-600, 100%, 75%)"
      RenderBlock (anonymous) at (0,1128) size 769x19
        RenderText {#text} at (0,0) size 299x18
          text run at (0,0) width 299: "Check Hues values with a floating point angle."
      RenderBlock {H1} at (0,1168) size 769x38 [color=#FF0000]
        RenderText {#text} at (0,0) size 548x37
          text run at (0,0) width 548: "This should be red: hsl(0.0, 100%, 50%)"
      RenderBlock {H1} at (0,1226) size 769x38 [color=#00FF00]
        RenderText {#text} at (0,0) size 627x37
          text run at (0,0) width 627: "This should be green: hsl(120.00, 100%, 50%)"
      RenderBlock {H1} at (0,1285) size 769x38 [color=#0000FF]
        RenderText {#text} at (0,0) size 626x37
          text run at (0,0) width 626: "This should be blue: hsl(240.000, 100%, 50%)"
