layer at (0,0) size 800x600
  RenderView at (0,0) size 800x600
layer at (0,0) size 800x600
  RenderBlock {HTML} at (0,0) size 800x600
    RenderBody {BODY} at (8,8) size 784x571 [bgcolor=#FFFF00]
      RenderBlock {H1} at (0,0) size 784x37 [color=#FF000080]
        RenderText {#text} at (0,0) size 394x37
          text run at (0,0) width 394: "This should be red, alpha 0.5"
      RenderBlock {H1} at (0,58) size 784x38 [color=#FF000080]
        RenderText {#text} at (0,0) size 455x37
          text run at (0,0) width 455: "This should also be red, alpha 0.5"
      RenderBlock {H1} at (0,116) size 784x38 [color=#00FF0000]
        RenderText {#text} at (0,0) size 424x37
          text run at (0,0) width 424: "This should be green, alpha 0.0"
      RenderBlock {H1} at (0,175) size 784x38 [color=#00FF0000]
        RenderText {#text} at (0,0) size 485x37
          text run at (0,0) width 485: "This should also be green, alpha 0.0"
      RenderBlock {H1} at (0,233) size 784x38 [color=#00FF00]
        RenderText {#text} at (0,0) size 424x37
          text run at (0,0) width 424: "This should be green, alpha 1.0"
      RenderBlock {H1} at (0,292) size 784x38 [color=#00FF00]
        RenderText {#text} at (0,0) size 485x37
          text run at (0,0) width 485: "This should also be green, alpha 1.0"
