layer at (0,0) size 800x600
  RenderView at (0,0) size 800x600
layer at (0,0) size 800x600
  RenderBlock {HTML} at (0,0) size 800x600
    RenderBody {BODY} at (8,8) size 784x584
      RenderTextControl {INPUT} at (0,0) size 501x82 [bgcolor=#FFFFFF] [border: (2px inset #808080)]
        RenderFlexibleBox {DIV} at (3,3) size 495x47
          RenderBlock {DIV} at (0,23) size 0x0
          RenderBlock {DIV} at (0,0) size 473x47
          RenderBlock {DIV} at (472,12) size 23x23
      RenderBR {BR} at (500,28) size 1x18
      RenderTextControl {INPUT} at (0,82) size 501x82 [bgcolor=#FFFFFF] [border: (2px inset #808080)]
      RenderBR {BR} at (500,110) size 1x18
      RenderTextControl {INPUT} at (0,164) size 255x25 [bgcolor=#FFFFFF] [border: (2px inset #808080)]
        RenderFlexibleBox {DIV} at (6,1) size 243x23
          RenderBlock {DIV} at (0,0) size 243x23
layer at (11,11) size 473x47
  RenderBlock {DIV} at (0,0) size 473x47
    RenderText {#text} at (0,0) size 351x47
      text run at (0,0) width 351: "value jgq not clipped"
layer at (11,93) size 495x47
  RenderBlock {DIV} at (3,3) size 495x47
    RenderText {#text} at (0,0) size 351x47
      text run at (0,0) width 351: "value jgq not clipped"
layer at (14,173) size 243x23
  RenderBlock {DIV} at (0,0) size 243x23
    RenderText {#text} at (0,0) size 116x23
      text run at (0,0) width 116: "Sample Input"
