layer at (0,0) size 785x2924
  RenderView at (0,0) size 785x600
layer at (0,0) size 785x2924
  RenderBlock {HTML} at (0,0) size 785x2924
    RenderBody {BODY} at (8,16) size 769x2860 [bgcolor=#FFFFFF]
      RenderBlock {P} at (0,0) size 769x19
        RenderText {#text} at (0,0) size 168x19
          text run at (0,0) width 168: "This page is part of the "
        RenderInline {A} at (167,0) size 73x19 [color=#0000EE]
          RenderText {#text} at (167,0) size 73x19
            text run at (167,0) width 73: "CSS3.info"
        RenderText {#text} at (239,0) size 5x19
          text run at (239,0) width 5: " "
        RenderInline {A} at (243,0) size 133x19 [color=#0000EE]
          RenderText {#text} at (243,0) size 133x19
            text run at (243,0) width 133: "CSS selectors test"
        RenderText {#text} at (375,0) size 136x19
          text run at (375,0) width 136: ". See more info on "
        RenderInline {A} at (510,0) size 111x19 [color=#0000EE]
          RenderText {#text} at (510,0) size 111x19
            text run at (510,0) width 111: "CSS3 selectors"
        RenderText {#text} at (620,0) size 6x19
          text run at (620,0) width 6: "."
      RenderBlock {DIV} at (0,34) size 769x0 [bgcolor=#009900]
      RenderBlock {OL} at (0,34) size 769x2826
        RenderListItem {LI} at (40,0) size 616x215 [bgcolor=#AAAAAA]
          RenderBlock {DIV} at (16,16) size 584x24 [bgcolor=#990000]
            RenderBlock {DIV} at (0,0) size 584x24 [bgcolor=#009900]
          RenderBlock {PRE} at (16,53) size 584x77 [bgcolor=#FFFFFF]
            RenderListMarker at (-38,6) size 18x19: "1"
            RenderText {#text} at (6,9) size 274x61
              text run at (6,9) width 141: "div:last-of-type {"
              text run at (146,9) width 1: " "
              text run at (6,24) width 9: "}"
              text run at (14,24) width 1: " "
              text run at (6,39) width 1: " "
              text run at (6,54) width 274: "<div>Does this element match?</div>"
          RenderBlock {P} at (16,145) size 584x38
            RenderText {#text} at (0,0) size 555x37
              text run at (0,0) width 555: "The CSS selector should match the marked div element, because it is the only"
              text run at (0,18) width 139: "element of this type"
        RenderListItem {LI} at (40,262) size 616x230 [bgcolor=#AAAAAA]
          RenderBlock {DIV} at (16,16) size 584x24 [bgcolor=#990000]
            RenderBlock {DIV} at (0,0) size 584x0
            RenderBlock {DIV} at (0,0) size 584x24 [bgcolor=#009900]
          RenderBlock {PRE} at (16,53) size 584x92 [bgcolor=#FFFFFF]
            RenderListMarker at (-38,6) size 18x19: "2"
            RenderText {#text} at (6,9) size 274x76
              text run at (6,9) width 141: "div:last-of-type {"
              text run at (146,9) width 1: " "
              text run at (6,24) width 9: "}"
              text run at (14,24) width 1: " "
              text run at (6,39) width 1: " "
              text run at (6,54) width 87: "<div></div>"
              text run at (92,54) width 1: " "
              text run at (6,69) width 274: "<div>Does this element match?</div>"
          RenderBlock {P} at (16,160) size 584x38
            RenderText {#text} at (0,0) size 550x37
              text run at (0,0) width 550: "The CSS selector should match the marked div element, because it is the last"
              text run at (0,18) width 139: "element of this type"
        RenderListItem {LI} at (40,539) size 616x230 [bgcolor=#AAAAAA]
          RenderBlock {DIV} at (16,16) size 584x24 [bgcolor=#990000]
            RenderBlock {DIV} at (0,0) size 584x24 [bgcolor=#009900]
            RenderBlock {BLOCKQUOTE} at (0,24) size 584x0 [bgcolor=#009900]
          RenderBlock {PRE} at (16,53) size 584x92 [bgcolor=#FFFFFF]
            RenderListMarker at (-38,6) size 18x19: "3"
            RenderText {#text} at (6,9) size 274x76
              text run at (6,9) width 141: "div:last-of-type {"
              text run at (146,9) width 1: " "
              text run at (6,24) width 9: "}"
              text run at (14,24) width 1: " "
              text run at (6,39) width 1: " "
              text run at (6,54) width 274: "<div>Does this element match?</div>"
              text run at (279,54) width 1: " "
              text run at (6,69) width 196: "<blockquote></blockquote>"
          RenderBlock {P} at (16,160) size 584x38
            RenderText {#text} at (0,0) size 550x37
              text run at (0,0) width 550: "The CSS selector should match the marked div element, because it is the last"
              text run at (0,18) width 139: "element of this type"
        RenderListItem {LI} at (40,816) size 616x260 [bgcolor=#AAAAAA]
          RenderBlock {DIV} at (16,16) size 584x24 [bgcolor=#990000]
            RenderBlock {BLOCKQUOTE} at (0,0) size 584x24 [bgcolor=#009900]
              RenderBlock {DIV} at (0,0) size 584x24
            RenderBlock {DIV} at (0,24) size 584x0 [bgcolor=#009900]
          RenderBlock {PRE} at (16,53) size 584x122 [bgcolor=#FFFFFF]
            RenderListMarker at (-38,6) size 18x19: "4"
            RenderText {#text} at (6,9) size 297x106
              text run at (6,9) width 141: "div:last-of-type {"
              text run at (146,9) width 1: " "
              text run at (6,24) width 9: "}"
              text run at (14,24) width 1: " "
              text run at (6,39) width 1: " "
              text run at (6,54) width 95: "<blockquote>"
              text run at (100,54) width 1: " "
              text run at (6,69) width 297: "   <div>Does this element match?</div>"
              text run at (302,69) width 1: " "
              text run at (6,84) width 102: "</blockquote>"
              text run at (107,84) width 1: " "
              text run at (6,99) width 87: "<div></div>"
          RenderBlock {P} at (16,190) size 584x38
            RenderText {#text} at (0,0) size 550x37
              text run at (0,0) width 550: "The CSS selector should match the marked div element, because it is the last"
              text run at (0,18) width 233: "element of this type in this scope"
        RenderListItem {LI} at (40,1123) size 616x245 [bgcolor=#AAAAAA]
          RenderBlock {DIV} at (16,16) size 584x24 [bgcolor=#990000]
            RenderBlock {DIV} at (0,0) size 584x24 [bgcolor=#009900]
              RenderBlock {DIV} at (0,0) size 584x24
          RenderBlock {PRE} at (16,53) size 584x107 [bgcolor=#FFFFFF]
            RenderListMarker at (-38,6) size 18x19: "5"
            RenderText {#text} at (6,9) size 297x91
              text run at (6,9) width 141: "div:last-of-type {"
              text run at (146,9) width 1: " "
              text run at (6,24) width 9: "}"
              text run at (14,24) width 1: " "
              text run at (6,39) width 1: " "
              text run at (6,54) width 40: "<div>"
              text run at (45,54) width 1: " "
              text run at (6,69) width 297: "   <div>Does this element match?</div>"
              text run at (302,69) width 1: " "
              text run at (6,84) width 48: "</div>"
          RenderBlock {P} at (16,175) size 584x38
            RenderText {#text} at (0,0) size 550x37
              text run at (0,0) width 550: "The CSS selector should match the marked div element, because it is the last"
              text run at (0,18) width 284: "element of this type in the current scope"
        RenderListItem {LI} at (40,1415) size 616x261 [bgcolor=#AAAAAA]
          RenderBlock {DIV} at (16,16) size 584x24 [bgcolor=#990000]
            RenderBlock {DIV} at (0,0) size 584x24 [bgcolor=#009900]
            RenderBlock {BLOCKQUOTE} at (0,24) size 584x0 [bgcolor=#009900]
              RenderBlock {DIV} at (0,0) size 584x0
          RenderBlock {PRE} at (16,53) size 584x122 [bgcolor=#FFFFFF]
            RenderListMarker at (-38,6) size 18x19: "6"
            RenderText {#text} at (6,9) size 274x106
              text run at (6,9) width 141: "div:last-of-type {"
              text run at (146,9) width 1: " "
              text run at (6,24) width 9: "}"
              text run at (14,24) width 1: " "
              text run at (6,39) width 1: " "
              text run at (6,54) width 274: "<div>Does this element match?</div>"
              text run at (279,54) width 1: " "
              text run at (6,69) width 95: "<blockquote>"
              text run at (100,69) width 1: " "
              text run at (6,84) width 110: "   <div></div>"
              text run at (115,84) width 1: " "
              text run at (6,99) width 102: "</blockquote>"
          RenderBlock {P} at (16,190) size 584x38
            RenderText {#text} at (0,0) size 550x37
              text run at (0,0) width 550: "The CSS selector should match the marked div element, because it is the last"
              text run at (0,18) width 284: "element of this type in the current scope"
        RenderListItem {LI} at (40,1723) size 616x230 [bgcolor=#AAAAAA]
          RenderBlock {DIV} at (16,16) size 584x24 [bgcolor=#009900]
            RenderBlock {DIV} at (0,0) size 584x24
            RenderBlock {DIV} at (0,24) size 584x0 [bgcolor=#990000]
          RenderBlock {PRE} at (16,53) size 584x92 [bgcolor=#FFFFFF]
            RenderListMarker at (-38,6) size 18x19: "7"
            RenderText {#text} at (6,9) size 274x76
              text run at (6,9) width 141: "div:last-of-type {"
              text run at (146,9) width 1: " "
              text run at (6,24) width 9: "}"
              text run at (14,24) width 1: " "
              text run at (6,39) width 1: " "
              text run at (6,54) width 274: "<div>Does this element match?</div>"
              text run at (279,54) width 1: " "
              text run at (6,69) width 87: "<div></div>"
          RenderBlock {P} at (16,160) size 584x38
            RenderText {#text} at (0,0) size 578x37
              text run at (0,0) width 578: "The CSS selector should not match the marked div element, because it is the first"
              text run at (0,18) width 139: "element of this type"
        RenderListItem {LI} at (40,2000) size 616x230 [bgcolor=#AAAAAA]
          RenderBlock {DIV} at (16,16) size 584x24 [bgcolor=#009900]
            RenderBlock {DIV} at (0,0) size 584x24
            RenderBlock {DIV} at (0,24) size 584x0 [bgcolor=#990000]
          RenderBlock {PRE} at (16,53) size 584x92 [bgcolor=#FFFFFF]
            RenderListMarker at (-38,6) size 18x19: "8"
            RenderText {#text} at (6,9) size 274x76
              text run at (6,9) width 141: "div:last-of-type {"
              text run at (146,9) width 1: " "
              text run at (6,24) width 9: "}"
              text run at (14,24) width 1: " "
              text run at (6,39) width 1: " "
              text run at (6,54) width 274: "<div>Does this element match?</div>"
              text run at (279,54) width 1: " "
              text run at (6,69) width 87: "<DIV></DIV>"
          RenderBlock {P} at (16,160) size 584x38
            RenderText {#text} at (0,0) size 578x37
              text run at (0,0) width 578: "The CSS selector should not match the marked div element, because it is the first"
              text run at (0,18) width 139: "element of this type"
        RenderListItem {LI} at (40,2277) size 616x260 [bgcolor=#AAAAAA]
          RenderBlock {DIV} at (16,16) size 584x24 [bgcolor=#990000]
            RenderBlock {DIV} at (0,0) size 584x0
            RenderBlock {DIV} at (0,0) size 584x24 [bgcolor=#009900]
          RenderBlock {PRE} at (16,53) size 584x122 [bgcolor=#FFFFFF]
            RenderListMarker at (-38,6) size 18x19: "9"
            RenderText {#text} at (6,9) size 469x106
              text run at (6,9) width 141: "div:last-of-type {"
              text run at (146,9) width 1: " "
              text run at (6,24) width 9: "}"
              text run at (14,24) width 1: " "
              text run at (6,39) width 1: " "
              text run at (6,54) width 219: "<div id='insertAfter'></div>"
              text run at (224,54) width 1: " "
              text run at (6,69) width 1: " "
              text run at (6,84) width 375: "var ib = document.getElementById('insertAfter');"
              text run at (380,84) width 1: " "
              text run at (6,99) width 469: "ib.parentElement.appendChild(document.createElement(\"div\"));"
          RenderBlock {P} at (16,190) size 584x38
            RenderText {#text} at (0,0) size 571x37
              text run at (0,0) width 571: "The CSS selector should match the div element that is inserted by the Javascript"
              text run at (0,18) width 40: "code."
        RenderListItem {LI} at (40,2584) size 616x242 [bgcolor=#AAAAAA]
          RenderBlock {DIV} at (16,16) size 584x24 [bgcolor=#009900]
            RenderBlock {DIV} at (0,0) size 584x24
            RenderBlock {DIV} at (0,24) size 584x0 [bgcolor=#990000]
          RenderBlock {PRE} at (16,53) size 584x122 [bgcolor=#FFFFFF]
            RenderListMarker at (-47,6) size 27x19: "10"
            RenderText {#text} at (6,9) size 469x106
              text run at (6,9) width 141: "div:last-of-type {"
              text run at (146,9) width 1: " "
              text run at (6,24) width 9: "}"
              text run at (14,24) width 1: " "
              text run at (6,39) width 1: " "
              text run at (6,54) width 219: "<div id='insertAfter'></div>"
              text run at (224,54) width 1: " "
              text run at (6,69) width 1: " "
              text run at (6,84) width 375: "var ib = document.getElementById('insertAfter');"
              text run at (380,84) width 1: " "
              text run at (6,99) width 469: "ib.parentElement.appendChild(document.createElement(\"div\"));"
          RenderBlock {P} at (16,190) size 584x19
            RenderText {#text} at (0,0) size 534x19
              text run at (0,0) width 534: "The original div element should not be a match for the :last-of-type selector."
