layer at (0,0) size 785x2279
  RenderView at (0,0) size 785x600
layer at (0,0) size 785x2279
  RenderBlock {HTML} at (0,0) size 785x2280
    RenderBody {BODY} at (8,16) size 769x2216 [bgcolor=#FFFFFF]
      RenderBlock {P} at (0,0) size 769x19
        RenderText {#text} at (0,0) size 168x19
          text run at (0,0) width 168: "This page is part of the "
        RenderInline {A} at (167,0) size 73x19 [color=#0000EE]
          RenderText {#text} at (167,0) size 73x19
            text run at (167,0) width 73: "CSS3.info"
        RenderText {#text} at (239,0) size 5x19
          text run at (239,0) width 5: " "
        RenderInline {A} at (243,0) size 133x19 [color=#0000EE]
          RenderText {#text} at (243,0) size 133x19
            text run at (243,0) width 133: "CSS selectors test"
        RenderText {#text} at (375,0) size 136x19
          text run at (375,0) width 136: ". See more info on "
        RenderInline {A} at (510,0) size 111x19 [color=#0000EE]
          RenderText {#text} at (510,0) size 111x19
            text run at (510,0) width 111: "CSS3 selectors"
        RenderText {#text} at (620,0) size 6x19
          text run at (620,0) width 6: "."
      RenderBlock {DIV} at (0,34) size 769x0 [bgcolor=#009900]
      RenderBlock {OL} at (0,34) size 769x2182
        RenderListItem {LI} at (40,0) size 616x245 [bgcolor=#AAAAAA]
          RenderBlock {DIV} at (16,16) size 584x24 [bgcolor=#990000]
            RenderBlock {DIV} at (0,0) size 584x24 [bgcolor=#009900]
          RenderBlock {PRE} at (16,53) size 584x107 [bgcolor=#FFFFFF]
            RenderListMarker at (-38,6) size 18x19: "1"
            RenderText {#text} at (6,9) size 134x91
              text run at (6,9) width 134: "div :last-child {"
              text run at (139,9) width 1: " "
              text run at (6,24) width 9: "}"
              text run at (14,24) width 1: " "
              text run at (6,39) width 1: " "
              text run at (6,54) width 40: "<div>"
              text run at (45,54) width 1: " "
              text run at (6,69) width 110: "   <div></div>"
              text run at (115,69) width 1: " "
              text run at (6,84) width 48: "</div>"
          RenderBlock {P} at (16,175) size 584x38
            RenderText {#text} at (0,0) size 574x37
              text run at (0,0) width 574: "The CSS selector should match the inner div element, because it is the only child"
              text run at (0,18) width 168: "of the outer div element"
        RenderListItem {LI} at (40,292) size 616x260 [bgcolor=#AAAAAA]
          RenderBlock {DIV} at (16,16) size 584x24 [bgcolor=#990000]
            RenderBlock {BLOCKQUOTE} at (0,0) size 584x0
            RenderBlock {DIV} at (0,0) size 584x24 [bgcolor=#009900]
          RenderBlock {PRE} at (16,53) size 584x122 [bgcolor=#FFFFFF]
            RenderListMarker at (-38,6) size 18x19: "2"
            RenderText {#text} at (6,9) size 219x106
              text run at (6,9) width 134: "div :last-child {"
              text run at (139,9) width 1: " "
              text run at (6,24) width 9: "}"
              text run at (14,24) width 1: " "
              text run at (6,39) width 1: " "
              text run at (6,54) width 48: "<div> "
              text run at (53,54) width 1: " "
              text run at (6,69) width 219: "   <blockquote></blockquote>"
              text run at (224,69) width 1: " "
              text run at (6,84) width 110: "   <div></div>"
              text run at (115,84) width 1: " "
              text run at (6,99) width 48: "</div>"
          RenderBlock {P} at (16,190) size 584x38
            RenderText {#text} at (0,0) size 570x37
              text run at (0,0) width 570: "The CSS selector should match the inner div element, because it is the last child"
              text run at (0,18) width 168: "of the outer div element"
        RenderListItem {LI} at (40,599) size 616x278 [bgcolor=#AAAAAA]
          RenderBlock {DIV} at (16,16) size 584x24 [bgcolor=#990000]
            RenderBlock {DIV} at (0,0) size 584x24 [bgcolor=#009900]
          RenderBlock {PRE} at (16,53) size 584x122 [bgcolor=#FFFFFF]
            RenderListMarker at (-38,6) size 18x19: "3"
            RenderText {#text} at (6,9) size 204x106
              text run at (6,9) width 134: "div :last-child {"
              text run at (139,9) width 1: " "
              text run at (6,24) width 9: "}"
              text run at (14,24) width 1: " "
              text run at (6,39) width 1: " "
              text run at (6,54) width 48: "<div> "
              text run at (53,54) width 1: " "
              text run at (6,69) width 110: "   <div></div>"
              text run at (115,69) width 1: " "
              text run at (6,84) width 204: "   <!-- Just a comment -->"
              text run at (209,84) width 1: " "
              text run at (6,99) width 48: "</div>"
          RenderBlock {P} at (16,190) size 584x56
            RenderText {#text} at (0,0) size 570x55
              text run at (0,0) width 570: "The CSS selector should match the inner div element, because it is the last child"
              text run at (0,18) width 172: "of the outer div element "
              text run at (171,18) width 363: "Comments are not elements, so they should not be"
              text run at (0,37) width 307: "considered when determining the last child."
        RenderListItem {LI} at (40,924) size 616x294 [bgcolor=#AAAAAA]
          RenderBlock {DIV} at (16,16) size 584x43 [bgcolor=#990000]
            RenderBlock {DIV} at (0,0) size 584x24 [bgcolor=#009900]
            RenderBlock (anonymous) at (0,24) size 584x19
              RenderListMarker at (-38,0) size 18x19: "4"
              RenderText {#text} at (0,0) size 5x19
                text run at (0,0) width 5: "."
          RenderBlock {PRE} at (16,71) size 584x119 [bgcolor=#FFFFFF]
            RenderText {#text} at (6,6) size 219x106
              text run at (6,6) width 134: "div :last-child {"
              text run at (139,6) width 1: " "
              text run at (6,21) width 9: "}"
              text run at (14,21) width 1: " "
              text run at (6,36) width 1: " "
              text run at (6,51) width 48: "<div> "
              text run at (53,51) width 1: " "
              text run at (6,66) width 110: "   <div></div>"
              text run at (115,66) width 1: " "
              text run at (6,81) width 219: "   How about regular text..."
              text run at (224,81) width 1: " "
              text run at (6,96) width 48: "</div>"
          RenderBlock {P} at (16,205) size 584x56
            RenderText {#text} at (0,0) size 570x55
              text run at (0,0) width 570: "The CSS selector should match the inner div element, because it is the last child"
              text run at (0,18) width 177: "of the outer div element. "
              text run at (176,18) width 352: "Regular text is not an element, so it should not be"
              text run at (0,37) width 307: "considered when determining the last child."
        RenderListItem {LI} at (40,1265) size 616x260 [bgcolor=#AAAAAA]
          RenderBlock {DIV} at (16,16) size 584x24 [bgcolor=#009900]
            RenderBlock {DIV} at (0,0) size 584x24
            RenderBlock {BLOCKQUOTE} at (0,24) size 584x0 [bgcolor=#990000]
          RenderBlock {PRE} at (16,53) size 584x122 [bgcolor=#FFFFFF]
            RenderListMarker at (-38,6) size 18x19: "5"
            RenderText {#text} at (6,9) size 219x106
              text run at (6,9) width 134: "div :last-child {"
              text run at (139,9) width 1: " "
              text run at (6,24) width 9: "}"
              text run at (14,24) width 1: " "
              text run at (6,39) width 1: " "
              text run at (6,54) width 48: "<div> "
              text run at (53,54) width 1: " "
              text run at (6,69) width 110: "   <div></div>"
              text run at (115,69) width 1: " "
              text run at (6,84) width 219: "   <blockquote></blockquote>"
              text run at (224,84) width 1: " "
              text run at (6,99) width 48: "</div>"
          RenderBlock {P} at (16,190) size 584x38
            RenderText {#text} at (0,0) size 560x37
              text run at (0,0) width 560: "The CSS selector should not match the inner div element, because it is the first"
              text run at (0,18) width 205: "child of the outer div element"
        RenderListItem {LI} at (40,1572) size 616x290 [bgcolor=#AAAAAA]
          RenderBlock {DIV} at (16,16) size 584x24 [bgcolor=#990000]
            RenderBlock {DIV} at (0,0) size 584x0
            RenderBlock {DIV} at (0,0) size 584x24 [bgcolor=#009900]
          RenderBlock {PRE} at (16,53) size 584x152 [bgcolor=#FFFFFF]
            RenderListMarker at (-38,6) size 18x19: "6"
            RenderText {#text} at (6,9) size 469x136
              text run at (6,9) width 134: "div :last-child {"
              text run at (139,9) width 1: " "
              text run at (6,24) width 9: "}"
              text run at (14,24) width 1: " "
              text run at (6,39) width 1: " "
              text run at (6,54) width 40: "<div>"
              text run at (45,54) width 1: " "
              text run at (6,69) width 243: "   <div id='insertAfter'></div>"
              text run at (248,69) width 1: " "
              text run at (6,84) width 48: "</div>"
              text run at (53,84) width 1: " "
              text run at (6,99) width 1: " "
              text run at (6,114) width 375: "var ib = document.getElementById('insertAfter');"
              text run at (380,114) width 1: " "
              text run at (6,129) width 469: "ib.parentElement.appendChild(document.createElement(\"div\"));"
          RenderBlock {P} at (16,220) size 584x38
            RenderText {#text} at (0,0) size 571x37
              text run at (0,0) width 571: "The CSS selector should match the div element that is inserted by the Javascript"
              text run at (0,18) width 40: "code."
        RenderListItem {LI} at (40,1909) size 616x272 [bgcolor=#AAAAAA]
          RenderBlock {DIV} at (16,16) size 584x24 [bgcolor=#009900]
            RenderBlock {DIV} at (0,0) size 584x24
            RenderBlock {DIV} at (0,24) size 584x0 [bgcolor=#990000]
          RenderBlock {PRE} at (16,53) size 584x152 [bgcolor=#FFFFFF]
            RenderListMarker at (-38,6) size 18x19: "7"
            RenderText {#text} at (6,9) size 469x136
              text run at (6,9) width 134: "div :last-child {"
              text run at (139,9) width 1: " "
              text run at (6,24) width 9: "}"
              text run at (14,24) width 1: " "
              text run at (6,39) width 1: " "
              text run at (6,54) width 40: "<div>"
              text run at (45,54) width 1: " "
              text run at (6,69) width 243: "   <div id='insertAfter'></div>"
              text run at (248,69) width 1: " "
              text run at (6,84) width 48: "</div>"
              text run at (53,84) width 1: " "
              text run at (6,99) width 1: " "
              text run at (6,114) width 375: "var ib = document.getElementById('insertAfter');"
              text run at (380,114) width 1: " "
              text run at (6,129) width 469: "ib.parentElement.appendChild(document.createElement(\"div\"));"
          RenderBlock {P} at (16,220) size 584x19
            RenderText {#text} at (0,0) size 518x19
              text run at (0,0) width 518: "The original div element should not be a match for the :last-child selector."
