layer at (0,0) size 800x600
  RenderView at (0,0) size 800x600
layer at (0,0) size 800x195
  RenderBlock {HTML} at (0,0) size 800x196
    RenderBody {BODY} at (8,15) size 784x166
      RenderBlock {P} at (0,0) size 784x75
        RenderText {#text} at (0,28) size 95x19
          text run at (0,28) width 95: "This tests bug "
        RenderInline {A} at (94,28) size 651x19 [color=#0000EE]
          RenderText {#text} at (94,28) size 651x19
            text run at (94,28) width 651: "Bug 13174: line-height in font shorthand does not override a previously stated line-height property"
        RenderText {#text} at (744,28) size 6x19
          text run at (744,28) width 6: "."
      RenderBlock {P} at (0,90) size 784x76
        RenderText {#text} at (0,28) size 130x19
          text run at (0,28) width 130: "This text should be "
        RenderInline {CODE} at (129,28) size 190x19
          RenderText {#text} at (129,28) size 190x19
            text run at (129,28) width 190: "font:15px/5em Georgia"
        RenderText {#text} at (318,28) size 5x19
          text run at (318,28) width 5: "."
