layer at (0,0) size 800x600
  RenderView at (0,0) size 800x600
layer at (0,0) size 800x600
  RenderBlock {HTML} at (0,0) size 800x600
    RenderBody {BODY} at (8,8) size 784x584
      RenderBlock {DIV} at (0,0) size 784x18
        RenderText {#text} at (0,0) size 54x18
          text run at (0,0) width 54: "Test for "
        RenderInline {A} at (0,0) size 121x18 [color=#0000EE]
          RenderText {#text} at (53,0) size 121x18
            text run at (53,0) width 121: "Bugzilla Bug 9934"
        RenderText {#text} at (173,0) size 462x18
          text run at (173,0) width 462: " Selecting text in text field with {line-height:100%} causes it to bounce."
      RenderBlock {DIV} at (0,18) size 784x23
        RenderTextControl {INPUT} at (2,2) size 147x19 [bgcolor=#FFFFFF] [border: (2px inset #000000)]
      RenderBlock {DIV} at (0,41) size 784x36
        RenderText {#text} at (0,0) size 749x36
          text run at (0,0) width 585: "Select the text in the text field using horizontal mouse movements, then drag up and down. "
          text run at (584,0) width 165: "The text should not move"
          text run at (0,18) width 64: "vertically."
layer at (13,31) size 141x13
  RenderBlock {DIV} at (3,3) size 141x13
    RenderText {#text} at (0,0) size 68x13
      text run at (0,0) width 68: "Lorem Ipsum"
