layer at (0,0) size 800x600
  RenderView at (0,0) size 800x600
layer at (0,0) size 800x600
  RenderBlock {HTML} at (0,0) size 800x600
    RenderBody {BODY} at (8,8) size 784x584
      RenderText {#text} at (0,37) size 295x18
        text run at (0,37) width 295: "The following inputs should not be stretched. "
      RenderBlock {INPUT} at (296,3) size 13x50
      RenderText {#text} at (310,37) size 5x18
        text run at (310,37) width 5: " "
      RenderBlock {INPUT} at (316,3) size 13x50
      RenderText {#text} at (0,0) size 0x0
