layer at (0,0) size 800x600
  RenderView at (0,0) size 800x600
layer at (0,0) size 800x600
  RenderBlock {HTML} at (0,0) size 800x600
    RenderBody {BODY} at (8,8) size 784x576
      RenderBlock {P} at (0,0) size 784x0
        RenderInline {SPAN} at (0,0) size 0x0
        RenderText {#text} at (0,0) size 0x0
        RenderText {#text} at (0,0) size 0x0
      RenderBlock {P} at (0,0) size 784x126
        RenderInline {SPAN} at (0,0) size 0x18
          RenderBR {BR} at (0,0) size 0x18
        RenderText {#text} at (0,0) size 0x0
        RenderBR {BR} at (0,18) size 0x18
        RenderBR {BR} at (0,36) size 0x18
        RenderBR {BR} at (0,54) size 0x18
        RenderBR {BR} at (0,72) size 0x18
        RenderBR {BR} at (0,90) size 0x18
        RenderBR {BR} at (0,108) size 0x18
      RenderBlock {P} at (0,142) size 784x144
        RenderInline {SPAN} at (0,0) size 8x36
          RenderBR {BR} at (0,0) size 0x18
          RenderText {#text} at (0,18) size 8x18
            text run at (0,18) width 8: "x"
        RenderText {#text} at (8,18) size 4x18
          text run at (8,18) width 4: " "
        RenderBR {BR} at (12,18) size 0x18
        RenderBR {BR} at (0,36) size 0x18
        RenderBR {BR} at (0,54) size 0x18
        RenderBR {BR} at (0,72) size 0x18
        RenderBR {BR} at (0,90) size 0x18
        RenderBR {BR} at (0,108) size 0x18
        RenderBR {BR} at (0,126) size 0x18
      RenderBlock {P} at (0,302) size 784x36
        RenderInline {SPAN} at (0,0) size 8x36
          RenderText {#text} at (0,0) size 8x18
            text run at (0,0) width 8: "x"
          RenderBR {BR} at (8,0) size 0x18
          RenderBR {BR} at (0,18) size 0x18
        RenderText {#text} at (0,0) size 0x0
