layer at (0,0) size 800x600
  RenderView at (0,0) size 800x600
layer at (0,0) size 800x600
  RenderBlock {HTML} at (0,0) size 800x600
    RenderBody {BODY} at (8,8) size 784x542
      RenderBlock {HR} at (0,0) size 784x2 [border: (1px inset #000000)]
      RenderBlock {P} at (0,18) size 784x18
        RenderText {#text} at (0,0) size 54x18
          text run at (0,0) width 54: "Test for "
        RenderInline {I} at (0,0) size 655x18
          RenderInline {A} at (0,0) size 310x18 [color=#0000EE]
            RenderText {#text} at (53,0) size 311x18
              text run at (53,0) width 311: "https://bugs.webkit.org/show_bug.cgi?id=22118"
          RenderText {#text} at (363,0) size 345x18
            text run at (363,0) width 5: " "
            text run at (367,0) width 341: "Resize corner does not track in transformed elements"
        RenderText {#text} at (707,0) size 5x18
          text run at (707,0) width 5: "."
      RenderBlock {HR} at (0,52) size 784x2 [border: (1px inset #000000)]
layer at (58,112) size 163x129 clip at (60,114) size 159x125
  RenderBlock {DIV} at (50,104) size 163x129 [border: (2px solid #0000FF)]
