layer at (0,0) size 800x600
  RenderView at (0,0) size 800x600
layer at (0,0) size 800x600
  RenderBlock {HTML} at (0,0) size 800x600
    RenderBody {BODY} at (8,8) size 784x584
      RenderBlock {P} at (0,18) size 784x18
        RenderText {#text} at (0,0) size 54x18
          text run at (0,0) width 54: "Test for "
        RenderInline {I} at (53,0) size 680x18
          RenderInline {A} at (53,0) size 353x18 [color=#0000EE]
            RenderText {#text} at (53,0) size 353x18
              text run at (53,0) width 353: "http://bugzilla.opendarwin.org/show_bug.cgi?id=9547"
          RenderText {#text} at (405,0) size 328x18
            text run at (405,0) width 5: " "
            text run at (409,0) width 324: "Resize corner does not track the mouse accurately"
        RenderText {#text} at (732,0) size 5x18
          text run at (732,0) width 5: "."
      RenderBlock (anonymous) at (0,187) size 784x349
        RenderText {#text} at (0,0) size 0x0
        RenderBR {BR} at (169,107) size 0x18
        RenderText {#text} at (0,0) size 0x0
        RenderBR {BR} at (180,160) size 0x18
        RenderText {#text} at (0,0) size 0x0
layer at (8,8) size 784x2 clip at (0,0) size 0x0
  RenderBlock {HR} at (0,0) size 784x2 [color=#808080] [border: (1px inset #808080)]
layer at (8,60) size 784x2 clip at (0,0) size 0x0
  RenderBlock {HR} at (0,52) size 784x2 [color=#808080] [border: (1px inset #808080)]
layer at (8,70) size 173x125 clip at (10,72) size 169x121
  RenderBlock {DIV} at (0,62) size 173x125 [border: (2px solid #0000FF)]
layer at (8,195) size 169x121 clip at (10,197) size 165x117
  RenderTextControl {TEXTAREA} at (0,0) size 169x121 [bgcolor=#FFFFFF] [border: (2px solid #0000FF)]
    RenderBlock {DIV} at (4,4) size 161x13
layer at (8,316) size 180x53 clip at (9,317) size 178x51
  RenderTextControl {TEXTAREA} at (0,121) size 180x53 [bgcolor=#FFFFFF] [border: (1px solid #000000)]
    RenderBlock {DIV} at (3,3) size 174x13
layer at (8,369) size 323x175
  RenderIFrame {IFRAME} at (0,174) size 323x175 [border: (2px inset #000000)]
    layer at (0,0) size 319x171
      RenderView at (0,0) size 319x171
    layer at (0,0) size 319x171
      RenderBlock {HTML} at (0,0) size 319x171
        RenderBody {BODY} at (8,8) size 303x155
