layer at (0,0) size 800x600
  RenderView at (0,0) size 800x600
layer at (0,0) size 800x600
  RenderBlock {HTML} at (0,0) size 800x600
    RenderBody {BODY} at (8,8) size 784x576
      RenderBlock {P} at (0,0) size 784x36
        RenderText {#text} at (0,0) size 218x18
          text run at (0,0) width 218: "This tests for a regression against "
        RenderInline {I} at (0,0) size 722x36
          RenderInline {A} at (217,0) size 354x18 [color=#0000EE]
            RenderText {#text} at (217,0) size 354x18
              text run at (217,0) width 354: "http://bugzilla.opendarwin.org/show_bug.cgi?id=6334"
          RenderText {#text} at (0,0) size 722x36
            text run at (570,0) width 152: " REGRESSION: <input"
            text run at (0,18) width 374: "type=\"button\"> text is reversed on \"visual Hebrew\" pages"
        RenderText {#text} at (373,18) size 5x18
          text run at (373,18) width 5: "."
      RenderBlock {P} at (0,70) size 784x19
        RenderText {#text} at (0,1) size 310x18
          text run at (0,1) width 310: "The text on both buttons should like this: \x{5E8}\x{5D5}\x{5EA}\x{5E4}\x{5DB}"
      RenderBlock (anonymous) at (0,105) size 784x38
        RenderButton {BUTTON} at (0,0) size 47x19 [color=#000000D8] [bgcolor=#C0C0C0] [border: none (2px outset #C0C0C0) none (2px outset #C0C0C0)]
          RenderBlock (anonymous) at (8,2) size 31x14
            RenderText {#text} at (0,0) size 31x13
              text run at (0,0) width 31: "\x{5E8}\x{5D5}\x{5EA}\x{5E4}\x{5DB}"
        RenderText {#text} at (0,0) size 0x0
        RenderBR {BR} at (46,-1) size 1x18
        RenderButton {INPUT} at (0,19) size 47x19 [color=#000000D8] [bgcolor=#C0C0C0] [border: none (2px outset #C0C0C0) none (2px outset #C0C0C0)]
          RenderBlock (anonymous) at (8,2) size 31x14
            RenderText at (0,0) size 31x13
              text run at (0,0) width 31 RTL: "\x{5DB}\x{5E4}\x{5EA}\x{5D5}\x{5E8}"
        RenderText {#text} at (0,0) size 0x0
      RenderBlock {P} at (0,169) size 784x18
        RenderText {#text} at (0,0) size 255x18
          text run at (0,0) width 255: "The following lines should be identical:"
      RenderBlock {P} at (0,203) size 784x19
        RenderText {#text} at (0,1) size 81x18
          text run at (0,1) width 16: "21"
          text run at (16,1) width 65 RTL: "\x{5D4}\x{5DE}\x{5D0}\x{5D4} \x{5D4}-"
      RenderBlock {P} at (0,238) size 784x19
        RenderText {#text} at (0,1) size 81x18
          text run at (0,1) width 81: "21-\x{5D4} \x{5D4}\x{5D0}\x{5DE}\x{5D4}"
layer at (8,60) size 784x2 clip at (0,0) size 0x0
  RenderBlock {HR} at (0,52) size 784x2 [color=#808080] [border: (1px inset #808080)]
layer at (8,159) size 784x2 clip at (0,0) size 0x0
  RenderBlock {HR} at (0,151) size 784x2 [color=#808080] [border: (1px inset #808080)]
