layer at (0,0) size 800x600
  RenderView at (0,0) size 800x600
layer at (0,0) size 800x600
  RenderBlock {HTML} at (0,0) size 800x600
    RenderBody {BODY} at (8,8) size 784x576
      RenderBlock {H1} at (0,0) size 784x37
        RenderText {#text} at (0,0) size 251x37
          text run at (0,0) width 251: "setAttribute() Test"
      RenderBlock {P} at (0,58) size 784x19 [color=#008000]
        RenderText {#text} at (0,0) size 481x18
          text run at (0,0) width 481: "This element's Class attribute is set using setAttribute(). It should be green."
      RenderBlock {P} at (0,92) size 784x19 [color=#008000]
        RenderText {#text} at (0,0) size 463x18
          text run at (0,0) width 463: "This element's ID attribute is set using setAttribute(). It should be green."
      RenderBlock {P} at (0,126) size 784x19 [color=#008000]
        RenderText {#text} at (0,0) size 476x18
          text run at (0,0) width 476: "This element's Title attribute is set using setAttribute(). It should be green."
      RenderBlock {P} at (0,160) size 784x19 [color=#008000]
        RenderText {#text} at (0,0) size 401x18
          text run at (0,0) width 401: "This element's Title attribute is hard-coded. It should be green."
      RenderBlock {P} at (0,194) size 784x19 [color=#008000]
        RenderText {#text} at (0,0) size 479x18
          text run at (0,0) width 479: "This element's Lang attribute is set using setAttribute(). It should be green."
