layer at (0,0) size 785x633
  RenderView at (0,0) size 785x600
layer at (0,0) size 785x633
  RenderBlock {HTML} at (0,0) size 785x634
    RenderBody {BODY} at (8,20) size 769x564
      RenderBlock {DIV} at (20,0) size 729x114
        RenderInline {SPAN} at (0,0) size 108x57 [textStrokeWidth=1.00]
          RenderText {#text} at (0,0) size 108x57
            text run at (0,0) width 108: "This"
        RenderText {#text} at (107,0) size 17x57
          text run at (107,0) width 17: " "
        RenderInline {SPAN} at (123,0) size 96x57 [textFillColor=#FFFFFF] [textStrokeWidth=1.00]
          RenderText {#text} at (123,0) size 96x57
            text run at (123,0) width 96: "text"
        RenderText {#text} at (218,0) size 17x57
          text run at (218,0) width 17: " "
        RenderInline {SPAN} at (234,0) size 128x57 [color=#0000004D]
          RenderText {#text} at (234,0) size 128x57
            text run at (234,0) width 128: "casts"
        RenderText {#text} at (361,0) size 17x57
          text run at (361,0) width 17: " "
        RenderInline {SPAN} at (377,0) size 206x57
          RenderText {#text} at (377,0) size 206x57
            text run at (377,0) width 206: "multiple"
        RenderText {#text} at (0,56) size 218x58
          text run at (0,56) width 218: "shadows"
      RenderBlock {DIV} at (50,163) size 100x101
      RenderBlock {DIV} at (50,313) size 100x101 [bgcolor=#FFFFFF]
      RenderBlock {DIV} at (50,463) size 100x101 [bgcolor=#00000033]
selection start: position 0 of child 0 {#text} of child 7 {SPAN} of child 0 {DIV} of body
selection end:   position 6 of child 0 {#text} of child 7 {SPAN} of child 0 {DIV} of body
