layer at (0,0) size 800x600
  RenderView at (0,0) size 800x600
layer at (0,0) size 800x600
  RenderBlock {HTML} at (0,0) size 800x600
    RenderBody {BODY} at (8,8) size 784x584
      RenderInline {SPAN} at (0,0) size 646x138
        RenderText {#text} at (0,0) size 646x138
          text run at (0,0) width 646: "fin LYAWA (No kerning or"
          text run at (0,69) width 227: "ligatures)"
      RenderText {#text} at (226,109) size 5x18
        text run at (226,109) width 5: " "
      RenderBR {BR} at (230,109) size 1x18
      RenderInline {SPAN} at (0,0) size 677x138
        RenderText {#text} at (0,138) size 677x138
          text run at (0,138) width 677: "fin LYAWA (No kerning or"
          text run at (0,207) width 227: "ligatures)"
      RenderText {#text} at (226,247) size 5x18
        text run at (226,247) width 5: " "
      RenderBR {BR} at (230,247) size 1x18
      RenderInline {SPAN} at (0,0) size 608x138
        RenderText {#text} at (0,276) size 608x138
          text run at (0,276) width 608: "fin LYAWA (Kerning and"
          text run at (0,345) width 227: "ligatures)"
      RenderText {#text} at (226,385) size 5x18
        text run at (226,385) width 5: " "
      RenderBR {BR} at (230,385) size 1x18
      RenderInline {SPAN} at (0,0) size 608x138
        RenderText {#text} at (0,414) size 608x138
          text run at (0,414) width 608: "fin LYAWA (Kerning and"
          text run at (0,483) width 227: "ligatures)"
      RenderText {#text} at (226,523) size 5x18
        text run at (226,523) width 5: " "
      RenderBR {BR} at (230,523) size 1x18
