layer at (0,0) size 800x600
  RenderView at (0,0) size 800x600
layer at (0,0) size 800x137
  RenderBlock {HTML} at (0,0) size 800x137
    RenderBody {BODY} at (8,16) size 784x113
      RenderBlock {P} at (0,0) size 784x18
        RenderText {#text} at (0,0) size 308x18
          text run at (0,0) width 308: "This test checks that text input fields handle the "
        RenderInline {CODE} at (0,0) size 165x15
          RenderText {#text} at (307,2) size 165x15
            text run at (307,2) width 165: "-webkit-border-radius"
        RenderText {#text} at (471,0) size 300x18
          text run at (471,0) width 300: " CSS property correctly, or degrade gracefully."
      RenderBlock {P} at (0,34) size 784x18
        RenderText {#text} at (0,0) size 629x18
          text run at (0,0) width 629: "If the test passes, you will see a text entry field containing \"default text\" inside the grey div below."
      RenderBlock {DIV} at (0,68) size 163x45 [bgcolor=#888888]
        RenderTextControl {INPUT} at (11,9) size 133x25 [bgcolor=#00FF00] [border: (2px inset #000000)]
          RenderFlexibleBox {DIV} at (3,3) size 127x19
            RenderBlock {DIV} at (0,9) size 0x0
            RenderBlock {DIV} at (0,3) size 108x13
            RenderBlock {DIV} at (108,0) size 19x19
        RenderText {#text} at (0,0) size 0x0
layer at (22,99) size 108x13
  RenderBlock {DIV} at (0,0) size 108x13
    RenderText {#text} at (0,0) size 60x13
      text run at (0,0) width 60: "default text"
