layer at (0,0) size 785x876
  RenderView at (0,0) size 785x600
layer at (0,0) size 785x876
  RenderBlock {HTML} at (0,0) size 785x877
    RenderBody {BODY} at (8,8) size 769x849
      RenderBlock {P} at (0,0) size 769x18
        RenderText {#text} at (0,0) size 548x18
          text run at (0,0) width 548: "This test checks that text with text-overflow:ellipsis follows 'text-align: left' correctly."
      RenderBlock {P} at (0,34) size 769x18
        RenderText {#text} at (0,0) size 496x18
          text run at (0,0) width 496: "The text in all boxes should be left aligned, sticking to the left side of the box"
      RenderBlock {H3} at (0,70) size 769x23
        RenderText {#text} at (0,0) size 84x22
          text run at (0,0) width 84: "Single line"
      RenderBlock {H3} at (0,151) size 769x23
        RenderText {#text} at (0,0) size 80x22
          text run at (0,0) width 80: "Multi line"
      RenderBlock {H3} at (0,286) size 769x23
        RenderText {#text} at (0,0) size 230x22
          text run at (0,0) width 230: "Containing replaced content"
      RenderBlock {H3} at (0,377) size 769x23
        RenderText {#text} at (0,0) size 394x22
          text run at (0,0) width 394: "Containing replaced content blocking the ellipsis"
      RenderBlock {H3} at (0,469) size 769x23
        RenderText {#text} at (0,0) size 198x22
          text run at (0,0) width 198: "Right-To-Left single line"
      RenderBlock {H3} at (0,550) size 769x23
        RenderText {#text} at (0,0) size 197x22
          text run at (0,0) width 197: "Right-To-Left Multi line"
      RenderBlock {H3} at (0,685) size 769x23
        RenderText {#text} at (0,0) size 342x22
          text run at (0,0) width 342: "Right-To-Left containing replaced content"
      RenderBlock {H3} at (0,776) size 769x23
        RenderText {#text} at (0,0) size 506x22
          text run at (0,0) width 506: "Right-To-Left containing replaced content blocking the ellipsis"
layer at (8,119) size 310x20 clip at (9,120) size 308x18 scrollWidth 737
  RenderBlock {DIV} at (0,111) size 310x21 [border: (1px solid #000000)]
    RenderText {#text} at (1,1) size 737x18
      text run at (1,1) width 737: "Lorem ipsum dolor sit amet, consectetur adipiscing elit. Vivamus vitae eros non libero faucibus sagittis sed ut eros."
layer at (8,200) size 310x74 clip at (9,201) size 308x72 scrollWidth 737
  RenderBlock {DIV} at (0,192) size 310x75 [border: (1px solid #000000)]
    RenderText {#text} at (1,1) size 737x18
      text run at (1,1) width 737: "Lorem ipsum dolor sit amet, consectetur adipiscing elit. Vivamus vitae eros non libero faucibus sagittis sed ut eros."
    RenderBR {BR} at (737,1) size 1x18
    RenderText {#text} at (1,19) size 727x18
      text run at (1,19) width 727: "orem ipsum dolor sit amet, consectetur adipiscing elit. Vivamus vitae eros non libero faucibus sagittis sed ut eros."
    RenderBR {BR} at (727,19) size 1x18
    RenderText {#text} at (1,37) size 719x18
      text run at (1,37) width 719: "rem ipsum dolor sit amet, consectetur adipiscing elit. Vivamus vitae eros non libero faucibus sagittis sed ut eros."
    RenderBR {BR} at (719,37) size 1x18
    RenderText {#text} at (1,55) size 714x18
      text run at (1,55) width 714: "em ipsum dolor sit amet, consectetur adipiscing elit. Vivamus vitae eros non libero faucibus sagittis sed ut eros."
    RenderBR {BR} at (714,55) size 1x18
layer at (8,335) size 310x31 clip at (9,336) size 308x29 scrollWidth 766
  RenderBlock {DIV} at (0,326) size 310x32 [border: (1px solid #000000)]
    RenderText {#text} at (1,12) size 186x18
      text run at (1,12) width 186: "Lorem ipsum dolor sit amet, "
    RenderImage {IMG} at (186,1) size 26x25
    RenderText {#text} at (211,12) size 556x18
      text run at (211,12) width 556: " consectetur adipiscing elit. Vivamus vitae eros non libero faucibus sagittis sed ut eros."
layer at (8,427) size 310x31 clip at (9,428) size 308x29 scrollWidth 762
  RenderBlock {DIV} at (0,418) size 310x32 [border: (1px solid #000000)]
    RenderText {#text} at (1,12) size 278x18
      text run at (1,12) width 278: "Lorem ipsum dolor sit amet, consectetur ad"
    RenderImage {IMG} at (278,1) size 26x25
    RenderText {#text} at (303,12) size 460x18
      text run at (303,12) width 460: "ipiscing elit. Vivamus vitae eros non libero faucibus sagittis sed ut eros."
layer at (8,518) size 310x20 clip at (9,519) size 308x18 scrollX 429 scrollWidth 737
  RenderBlock {DIV} at (0,510) size 310x21 [border: (1px solid #000000)]
    RenderText {#text} at (-427,1) size 737x18
      text run at (-427,1) width 736 RTL: "Lorem ipsum dolor sit amet, consectetur adipiscing elit. Vivamus vitae eros non libero faucibus sagittis sed ut eros."
layer at (8,599) size 310x74 clip at (9,600) size 308x72 scrollX 429 scrollWidth 737
  RenderBlock {DIV} at (0,591) size 310x75 [border: (1px solid #000000)]
    RenderText {#text} at (-427,1) size 737x18
      text run at (-427,1) width 736 RTL: "Lorem ipsum dolor sit amet, consectetur adipiscing elit. Vivamus vitae eros non libero faucibus sagittis sed ut eros."
    RenderBR {BR} at (-428,1) size 1x18
    RenderText {#text} at (-417,19) size 727x18
      text run at (-417,19) width 726 RTL: "orem ipsum dolor sit amet, consectetur adipiscing elit. Vivamus vitae eros non libero faucibus sagittis sed ut eros."
    RenderBR {BR} at (-418,19) size 1x18
    RenderText {#text} at (-409,37) size 719x18
      text run at (-409,37) width 718 RTL: "rem ipsum dolor sit amet, consectetur adipiscing elit. Vivamus vitae eros non libero faucibus sagittis sed ut eros."
    RenderBR {BR} at (-410,37) size 1x18
    RenderText {#text} at (-404,55) size 714x18
      text run at (-404,55) width 713 RTL: "em ipsum dolor sit amet, consectetur adipiscing elit. Vivamus vitae eros non libero faucibus sagittis sed ut eros."
    RenderBR {BR} at (-405,55) size 1x18
layer at (8,734) size 310x31 clip at (9,735) size 308x29 scrollX 458 scrollWidth 766
  RenderBlock {DIV} at (0,725) size 310x32 [border: (1px solid #000000)]
    RenderText {#text} at (122,12) size 187x18
      text run at (122,12) width 187 RTL: "Lorem ipsum dolor sit amet, "
    RenderImage {IMG} at (97,1) size 26x25
    RenderText {#text} at (-457,12) size 556x18
      text run at (-457,12) width 555 RTL: " consectetur adipiscing elit. Vivamus vitae eros non libero faucibus sagittis sed ut eros."
layer at (8,825) size 310x31 clip at (9,826) size 308x29 scrollX 454 scrollWidth 762
  RenderBlock {DIV} at (0,817) size 310x32 [border: (1px solid #000000)]
    RenderText {#text} at (31,12) size 278x18
      text run at (31,12) width 278 RTL: "Lorem ipsum dolor sit amet, consectetur ad"
    RenderImage {IMG} at (6,1) size 26x25
    RenderText {#text} at (-452,12) size 460x18
      text run at (-452,12) width 459 RTL: "ipiscing elit. Vivamus vitae eros non libero faucibus sagittis sed ut eros."
