layer at (0,0) size 785x892
  RenderView at (0,0) size 785x600
layer at (0,0) size 785x892
  RenderBlock {HTML} at (0,0) size 785x893
    RenderBody {BODY} at (8,8) size 769x865
      RenderBlock {P} at (0,0) size 769x18
        RenderText {#text} at (0,0) size 567x18
          text run at (0,0) width 567: "This test checks that text with text-overflow:ellipsis follows 'text-align: justify' correctly."
      RenderBlock {P} at (0,34) size 769x36
        RenderText {#text} at (0,0) size 753x36
          text run at (0,0) width 753: "LTR text should be aligned with the left hand side of their box. RTL text should be aligned with the right hand side of"
          text run at (0,18) width 62: "their box."
      RenderBlock {H3} at (0,88) size 769x23
        RenderText {#text} at (0,0) size 83x22
          text run at (0,0) width 83: "Single line"
      RenderBlock {H3} at (0,169) size 769x22
        RenderText {#text} at (0,0) size 79x22
          text run at (0,0) width 79: "Multi line"
      RenderBlock {H3} at (0,303) size 769x23
        RenderText {#text} at (0,0) size 227x22
          text run at (0,0) width 227: "Containing replaced content"
      RenderBlock {H3} at (0,395) size 769x22
        RenderText {#text} at (0,0) size 389x22
          text run at (0,0) width 389: "Containing replaced content blocking the ellipsis"
      RenderBlock {H3} at (0,486) size 769x23
        RenderText {#text} at (0,0) size 195x22
          text run at (0,0) width 195: "Right-To-Left single line"
      RenderBlock {H3} at (0,566) size 769x23
        RenderText {#text} at (0,0) size 194x22
          text run at (0,0) width 194: "Right-To-Left Multi line"
      RenderBlock {H3} at (0,701) size 769x23
        RenderText {#text} at (0,0) size 337x22
          text run at (0,0) width 337: "Right-To-Left containing replaced content"
      RenderBlock {H3} at (0,792) size 769x23
        RenderText {#text} at (0,0) size 499x22
          text run at (0,0) width 499: "Right-To-Left containing replaced content blocking the ellipsis"
layer at (8,137) size 310x20 clip at (9,138) size 308x18 scrollWidth 737
  RenderBlock {DIV} at (0,129) size 310x21 [border: (1px solid #000000)]
    RenderText {#text} at (1,1) size 737x18
      text run at (1,1) width 737: "Lorem ipsum dolor sit amet, consectetur adipiscing elit. Vivamus vitae eros non libero faucibus sagittis sed ut eros."
layer at (8,218) size 310x74 clip at (9,219) size 308x72 scrollWidth 737
  RenderBlock {DIV} at (0,209) size 310x75 [border: (1px solid #000000)]
    RenderText {#text} at (1,1) size 737x18
      text run at (1,1) width 737: "Lorem ipsum dolor sit amet, consectetur adipiscing elit. Vivamus vitae eros non libero faucibus sagittis sed ut eros."
    RenderBR {BR} at (737,1) size 1x18
    RenderText {#text} at (1,19) size 727x18
      text run at (1,19) width 727: "orem ipsum dolor sit amet, consectetur adipiscing elit. Vivamus vitae eros non libero faucibus sagittis sed ut eros."
    RenderBR {BR} at (727,19) size 1x18
    RenderText {#text} at (1,37) size 719x18
      text run at (1,37) width 719: "rem ipsum dolor sit amet, consectetur adipiscing elit. Vivamus vitae eros non libero faucibus sagittis sed ut eros."
    RenderBR {BR} at (719,37) size 1x18
    RenderText {#text} at (1,55) size 714x18
      text run at (1,55) width 714: "em ipsum dolor sit amet, consectetur adipiscing elit. Vivamus vitae eros non libero faucibus sagittis sed ut eros."
    RenderBR {BR} at (714,55) size 1x18
layer at (8,352) size 310x31 clip at (9,353) size 308x29 scrollWidth 766
  RenderBlock {DIV} at (0,344) size 310x32 [border: (1px solid #000000)]
    RenderText {#text} at (1,12) size 186x18
      text run at (1,12) width 186: "Lorem ipsum dolor sit amet, "
    RenderImage {IMG} at (186,1) size 26x25
    RenderText {#text} at (211,12) size 556x18
      text run at (211,12) width 556: " consectetur adipiscing elit. Vivamus vitae eros non libero faucibus sagittis sed ut eros."
layer at (8,443) size 310x31 clip at (9,444) size 308x29 scrollWidth 762
  RenderBlock {DIV} at (0,435) size 310x32 [border: (1px solid #000000)]
    RenderText {#text} at (1,12) size 278x18
      text run at (1,12) width 278: "Lorem ipsum dolor sit amet, consectetur ad"
    RenderImage {IMG} at (278,1) size 26x25
    RenderText {#text} at (303,12) size 460x18
      text run at (303,12) width 460: "ipiscing elit. Vivamus vitae eros non libero faucibus sagittis sed ut eros."
layer at (8,535) size 310x20 clip at (9,536) size 308x18 scrollX 429 scrollWidth 737
  RenderBlock {DIV} at (0,526) size 310x21 [border: (1px solid #000000)]
    RenderText {#text} at (-428,1) size 737x18
      text run at (-427,1) width 736 RTL: "Lorem ipsum dolor sit amet, consectetur adipiscing elit. Vivamus vitae eros non libero faucibus sagittis sed ut eros."
layer at (8,615) size 310x74 clip at (9,616) size 308x72 scrollX 429 scrollWidth 737
  RenderBlock {DIV} at (0,607) size 310x75 [border: (1px solid #000000)]
    RenderText {#text} at (-428,1) size 737x18
      text run at (-427,1) width 736 RTL: "Lorem ipsum dolor sit amet, consectetur adipiscing elit. Vivamus vitae eros non libero faucibus sagittis sed ut eros."
    RenderBR {BR} at (-428,1) size 1x18
    RenderText {#text} at (-418,19) size 727x18
      text run at (-417,19) width 726 RTL: "orem ipsum dolor sit amet, consectetur adipiscing elit. Vivamus vitae eros non libero faucibus sagittis sed ut eros."
    RenderBR {BR} at (-418,19) size 1x18
    RenderText {#text} at (-410,37) size 719x18
      text run at (-409,37) width 718 RTL: "rem ipsum dolor sit amet, consectetur adipiscing elit. Vivamus vitae eros non libero faucibus sagittis sed ut eros."
    RenderBR {BR} at (-410,37) size 1x18
    RenderText {#text} at (-405,55) size 714x18
      text run at (-404,55) width 713 RTL: "em ipsum dolor sit amet, consectetur adipiscing elit. Vivamus vitae eros non libero faucibus sagittis sed ut eros."
    RenderBR {BR} at (-405,55) size 1x18
layer at (8,750) size 310x31 clip at (9,751) size 308x29 scrollX 458 scrollWidth 766
  RenderBlock {DIV} at (0,741) size 310x32 [border: (1px solid #000000)]
    RenderText {#text} at (123,12) size 186x18
      text run at (123,12) width 186 RTL: "Lorem ipsum dolor sit amet, "
    RenderImage {IMG} at (98,1) size 26x25
    RenderText {#text} at (-457,12) size 556x18
      text run at (-456,12) width 555 RTL: " consectetur adipiscing elit. Vivamus vitae eros non libero faucibus sagittis sed ut eros."
layer at (8,841) size 310x31 clip at (9,842) size 308x29 scrollX 454 scrollWidth 762
  RenderBlock {DIV} at (0,833) size 310x32 [border: (1px solid #000000)]
    RenderText {#text} at (31,12) size 278x18
      text run at (31,12) width 278 RTL: "Lorem ipsum dolor sit amet, consectetur ad"
    RenderImage {IMG} at (6,1) size 26x25
    RenderText {#text} at (-453,12) size 460x18
      text run at (-452,12) width 459 RTL: "ipiscing elit. Vivamus vitae eros non libero faucibus sagittis sed ut eros."
