layer at (0,0) size 800x600
  RenderView at (0,0) size 800x600
layer at (0,0) size 800x375
  RenderBlock {HTML} at (0,0) size 800x376
    RenderBody {BODY} at (8,8) size 784x360
      RenderBlock (anonymous) at (0,0) size 784x18
        RenderText {#text} at (0,0) size 664x18
          text run at (0,0) width 664: "The text in the button, popup menu and list box should have the same case as in the accompanying text."
      RenderBlock {DIV} at (0,18) size 784x57
        RenderMenuList {SELECT} at (0,37) size 72x19 [bgcolor=#FFFFFF]
          RenderBlock (anonymous) at (0,0) size 72x18
            RenderText at (8,2) size 36x13
              text run at (8,2) width 36: "HELLO"
        RenderText {#text} at (72,35) size 4x19
          text run at (72,35) width 4: " "
        RenderListBox {SELECT} at (76,0) size 58x57 [bgcolor=#FFFFFF] [border: (1px inset #808080)]
        RenderText {#text} at (134,35) size 4x19
          text run at (134,35) width 4: " "
        RenderInline {SPAN} at (138,35) size 116x19
          RenderText {#text} at (138,35) size 116x19
            text run at (138,35) width 116: "HELLO WORLD"
        RenderText {#text} at (0,0) size 0x0
      RenderBlock {DIV} at (0,74) size 784x58
        RenderMenuList {SELECT} at (0,37) size 68x19 [bgcolor=#FFFFFF]
          RenderBlock (anonymous) at (0,0) size 68x18
            RenderText at (8,2) size 34x13
              text run at (8,2) width 34: "HeLLo"
        RenderText {#text} at (68,35) size 4x19
          text run at (68,35) width 4: " "
        RenderListBox {SELECT} at (72,0) size 54x57 [bgcolor=#FFFFFF] [border: (1px inset #808080)]
        RenderText {#text} at (126,35) size 4x19
          text run at (126,35) width 4: " "
        RenderInline {SPAN} at (130,35) size 101x19
          RenderText {#text} at (130,35) size 101x19
            text run at (130,35) width 101: "HeLLo WoRLd"
        RenderText {#text} at (0,0) size 0x0
      RenderBlock {DIV} at (0,131) size 784x58
        RenderMenuList {SELECT} at (0,37) size 60x19 [bgcolor=#FFFFFF]
          RenderBlock (anonymous) at (0,0) size 60x18
            RenderText at (8,2) size 26x13
              text run at (8,2) width 26: "hello"
        RenderText {#text} at (60,35) size 4x19
          text run at (60,35) width 4: " "
        RenderListBox {SELECT} at (64,0) size 46x57 [bgcolor=#FFFFFF] [border: (1px inset #808080)]
        RenderText {#text} at (110,35) size 4x19
          text run at (110,35) width 4: " "
        RenderInline {SPAN} at (114,35) size 74x19
          RenderText {#text} at (114,35) size 74x19
            text run at (114,35) width 74: "hello world"
        RenderText {#text} at (0,0) size 0x0
      RenderBlock {DIV} at (0,188) size 784x58
        RenderMenuList {SELECT} at (0,37) size 60x19 [bgcolor=#FFFFFF]
          RenderBlock (anonymous) at (0,0) size 60x18
            RenderText at (8,2) size 15x13
              text run at (8,2) width 15: "SS"
        RenderText {#text} at (60,35) size 4x19
          text run at (60,35) width 4: " "
        RenderListBox {SELECT} at (64,0) size 46x57 [bgcolor=#FFFFFF] [border: (1px inset #808080)]
        RenderText {#text} at (110,35) size 4x19
          text run at (110,35) width 4: " "
        RenderInline {SPAN} at (114,35) size 58x19
          RenderText {#text} at (114,35) size 58x19
            text run at (114,35) width 58: "SS SSSS"
        RenderText {#text} at (0,0) size 0x0
      RenderBlock {DIV} at (0,245) size 784x58
        RenderMenuList {SELECT} at (0,37) size 45x19 [bgcolor=#FFFFFF]
          RenderBlock (anonymous) at (0,0) size 45x18
            RenderText at (8,2) size 7x13
              text run at (8,2) width 7: "\x{DF}"
        RenderText {#text} at (45,35) size 4x19
          text run at (45,35) width 4: " "
        RenderListBox {SELECT} at (49,0) size 31x57 [bgcolor=#FFFFFF] [border: (1px inset #808080)]
        RenderText {#text} at (80,35) size 4x19
          text run at (80,35) width 4: " "
        RenderInline {SPAN} at (84,35) size 28x19
          RenderText {#text} at (84,35) size 28x19
            text run at (84,35) width 28: "\x{DF} \x{DF}\x{DF}"
        RenderText {#text} at (0,0) size 0x0
      RenderBlock {DIV} at (0,302) size 784x58
        RenderMenuList {SELECT} at (0,37) size 45x19 [bgcolor=#FFFFFF]
          RenderBlock (anonymous) at (0,0) size 45x18
            RenderText at (8,2) size 7x13
              text run at (8,2) width 7: "\x{DF}"
        RenderText {#text} at (45,35) size 4x19
          text run at (45,35) width 4: " "
        RenderListBox {SELECT} at (49,0) size 31x57 [bgcolor=#FFFFFF] [border: (1px inset #808080)]
        RenderText {#text} at (80,35) size 4x19
          text run at (80,35) width 4: " "
        RenderInline {SPAN} at (84,35) size 28x19
          RenderText {#text} at (84,35) size 28x19
            text run at (84,35) width 28: "\x{DF} \x{DF}\x{DF}"
        RenderText {#text} at (0,0) size 0x0
