layer at (0,0) size 800x600
  RenderView at (0,0) size 800x600
layer at (0,0) size 800x600
  RenderBlock {HTML} at (0,0) size 800x600
    RenderBody {BODY} at (0,0) size 800x600
      RenderBlock (anonymous) at (0,0) size 800x20
        RenderText {#text} at (0,0) size 54x19
          text run at (0,0) width 54: "e\x{300}e\x{300}e\x{300}e\x{300}e\x{300}e\x{300}X"
      RenderBlock (anonymous) at (0,38) size 800x40
        RenderText {#text} at (0,0) size 207x19
          text run at (0,0) width 207: "This tests for regressions against "
        RenderInline {I} at (0,0) size 777x39
          RenderText {#text} at (207,0) size 777x39
            text run at (207,0) width 570: "http://bugzilla.opendarwin.org/show_bug.cgi?id=5878 pointToOffset always takes the CG"
            text run at (0,20) width 62: "code path"
        RenderText {#text} at (62,20) size 632x19
          text run at (62,20) width 632: " by clicking the X and verifying that the correct caret position (13) is reported to the editing delegate."
layer at (0,28) size 800x2 clip at (0,0) size 0x0
  RenderBlock {HR} at (0,28) size 800x2 [border: (1px inset #000000)]
caret: position 13 of child 2 {#text} of body
