layer at (0,0) size 800x600
  RenderView at (0,0) size 800x600
layer at (0,0) size 800x378
  RenderBlock {HTML} at (0,0) size 800x378
    RenderBody {BODY} at (8,16) size 784x354
      RenderBlock {P} at (0,0) size 784x40
        RenderText {#text} at (0,0) size 174x19
          text run at (0,0) width 174: "Test for regressions against "
        RenderInline {I} at (0,0) size 757x39
          RenderInline {A} at (0,0) size 348x19 [color=#0000EE]
            RenderText {#text} at (174,0) size 348x19
              text run at (174,0) width 348: "http://bugzilla.opendarwin.org/show_bug.cgi?id=3922"
          RenderText {#text} at (522,0) size 757x39
            text run at (522,0) width 235: " Variable word/letter spacing and full"
            text run at (0,20) width 321: "justification not supported for ATSUI-rendered text"
        RenderText {#text} at (321,20) size 4x19
          text run at (321,20) width 4: "."
      RenderBlock (anonymous) at (0,56) size 784x20
        RenderText {#text} at (0,0) size 507x19
          text run at (0,0) width 507: "Each green box should be identical to the blue box it follows, except for accents."
      RenderTable {TABLE} at (0,94) size 620x260
        RenderTableSection {TBODY} at (0,0) size 620x260
          RenderTableRow {TR} at (0,2) size 620x22
            RenderTableCell {TD} at (2,2) size 204x22 [r=0 c=0 rs=1 cs=1]
              RenderText {#text} at (58,1) size 88x19
                text run at (58,1) width 88: "Word spacing"
            RenderTableCell {TD} at (208,2) size 204x22 [r=0 c=1 rs=1 cs=1]
              RenderText {#text} at (57,1) size 90x19
                text run at (57,1) width 90: "Letter spacing"
            RenderTableCell {TD} at (414,2) size 204x22 [r=0 c=2 rs=1 cs=1]
              RenderText {#text} at (64,1) size 76x19
                text run at (64,1) width 76: "Justification"
          RenderTableRow {TR} at (0,26) size 620x232
            RenderTableCell {TD} at (2,26) size 204x174 [r=1 c=0 rs=1 cs=1]
              RenderBlock {DIV} at (1,1) size 202x172
                RenderBlock {DIV} at (0,0) size 202x38 [border: (1px solid #0000FF)]
                  RenderText {#text} at (23,0) size 181x37
                    text run at (23,0) width 41 RTL: "\x{5E9}\x{5C1}\x{5B0}\x{5DC}\x{5B7}\x{5D7}\x{5B0}\x{5EA}\x{5BC}\x{5B4}\x{5D9}\x{5D5}"
                    text run at (74,0) width 4 RTL: " "
                    text run at (78,0) width 23 RTL: "\x{5E1}\x{5B5}\x{5E4}\x{5B6}\x{5E8}"
                    text run at (111,0) width 4 RTL: " "
                    text run at (115,0) width 14 RTL: "\x{5DC}\x{5B0}\x{5DA}\x{5B8}"
                    text run at (139,0) width 4 RTL: " "
                    text run at (143,0) width 24 RTL: "\x{5D0}\x{5B8}\x{5D7}\x{5B4}\x{5D9},"
                    text run at (177,0) width 4 RTL: " "
                    text run at (181,0) width 20 RTL: "\x{5D9}\x{5B0}\x{5D4}\x{5B4}\x{5D9},"
                    text run at (20,18) width 43 RTL: "\x{5DE}\x{5B0}\x{5DB}\x{5B7}\x{5E8}\x{5B0}\x{5EA}\x{5BC}\x{5B4}\x{5D9}\x{5D5}."
                    text run at (73,18) width 4 RTL: " "
                    text run at (77,18) width 14 RTL: "\x{5DC}\x{5B8}\x{5DA}\x{5B0}"
                    text run at (101,18) width 4 RTL: " "
                    text run at (105,18) width 39 RTL: "\x{5E6}\x{5B0}\x{5DE}\x{5B4}\x{5D9}\x{5EA}\x{5D5}\x{5BC}\x{5EA}"
                    text run at (154,18) width 4 RTL: " "
                    text run at (158,18) width 43 RTL: "\x{5D5}\x{5BC}\x{5DE}\x{5B4}\x{5DE}\x{5B0}\x{5DB}\x{5BC}\x{5B6}\x{5E8}\x{5B6}\x{5EA}"
                RenderBlock {DIV} at (0,43) size 202x62 [border: (1px solid #0000FF)]
                  RenderText {#text} at (1,1) size 169x59
                    text run at (1,1) width 42: "Lore\x{300}m"
                    text run at (53,1) width 42: " ipsum"
                    text run at (105,1) width 37: " dolor"
                    text run at (152,1) width 18: " sit"
                    text run at (1,21) width 34: "ame\x{300}t,"
                    text run at (45,21) width 82: " consectetuer"
                    text run at (1,41) width 64: "adipiscing"
                    text run at (75,41) width 27: " e\x{300}lit."
                RenderBlock {DIV} at (0,110) size 202x62 [border: (1px solid #008000)]
                  RenderText {#text} at (1,1) size 169x59
                    text run at (1,1) width 42: "Lorem"
                    text run at (53,1) width 42: " ipsum"
                    text run at (105,1) width 37: " dolor"
                    text run at (152,1) width 18: " sit"
                    text run at (1,21) width 34: "amet,"
                    text run at (45,21) width 82: " consectetuer"
                    text run at (1,41) width 64: "adipiscing"
                    text run at (75,41) width 27: " elit."
            RenderTableCell {TD} at (208,26) size 204x232 [r=1 c=1 rs=1 cs=1]
              RenderBlock {DIV} at (1,1) size 202x230
                RenderBlock {DIV} at (0,0) size 202x56 [border: (1px solid #0000FF)]
                  RenderText {#text} at (28,0) size 189x55
                    text run at (28,0) width 173 RTL: "\x{5D9}\x{5B0}\x{5D4}\x{5B4}\x{5D9}, \x{5D0}\x{5B8}\x{5D7}\x{5B4}\x{5D9}, \x{5DC}\x{5B0}\x{5DA}\x{5B8} \x{5E1}\x{5B5}\x{5E4}\x{5B6}\x{5E8}"
                    text run at (48,18) width 153 RTL: "\x{5E9}\x{5C1}\x{5B0}\x{5DC}\x{5B7}\x{5D7}\x{5B0}\x{5EA}\x{5BC}\x{5B4}\x{5D9}\x{5D5} \x{5D5}\x{5BC}\x{5DE}\x{5B4}\x{5DE}\x{5B0}\x{5DB}\x{5BC}\x{5B6}\x{5E8}\x{5B6}\x{5EA}"
                    text run at (12,36) width 189 RTL: "\x{5E6}\x{5B0}\x{5DE}\x{5B4}\x{5D9}\x{5EA}\x{5D5}\x{5BC}\x{5EA} \x{5DC}\x{5B8}\x{5DA}\x{5B0} \x{5DE}\x{5B0}\x{5DB}\x{5B7}\x{5E8}\x{5B0}\x{5EA}\x{5BC}\x{5B4}\x{5D9}\x{5D5}."
                RenderBlock {DIV} at (0,61) size 202x82 [border: (1px solid #0000FF)]
                  RenderText {#text} at (1,1) size 171x79
                    text run at (1,1) width 139: "Lore\x{300}m ipsum"
                    text run at (1,21) width 164: "dolor sit ame\x{300}t,"
                    text run at (1,41) width 138: "consectetue\x{300}r"
                    text run at (1,61) width 171: "adipiscing e\x{300}lit."
                RenderBlock {DIV} at (0,148) size 202x82 [border: (1px solid #008000)]
                  RenderText {#text} at (1,1) size 171x79
                    text run at (1,1) width 139: "Lorem ipsum"
                    text run at (1,21) width 164: "dolor sit amet,"
                    text run at (1,41) width 138: "consectetuer"
                    text run at (1,61) width 171: "adipiscing elit."
            RenderTableCell {TD} at (414,26) size 204x134 [r=1 c=2 rs=1 cs=1]
              RenderBlock {DIV} at (1,1) size 202x132
                RenderBlock {DIV} at (0,0) size 202x38 [border: (1px solid #0000FF)]
                  RenderText {#text} at (1,0) size 200x37
                    text run at (1,0) width 200 RTL: "\x{5D9}\x{5B0}\x{5D4}\x{5B4}\x{5D9}, \x{5D0}\x{5B8}\x{5D7}\x{5B4}\x{5D9}, \x{5DC}\x{5B0}\x{5DA}\x{5B8} \x{5E1}\x{5B5}\x{5E4}\x{5B6}\x{5E8} \x{5E9}\x{5C1}\x{5B0}\x{5DC}\x{5B7}\x{5D7}\x{5B0}\x{5EA}\x{5BC}\x{5B4}\x{5D9}\x{5D5} \x{5D5}\x{5BC}\x{5DE}\x{5B4}\x{5DE}\x{5B0}\x{5DB}\x{5BC}\x{5B6}\x{5E8}\x{5B6}\x{5EA}"
                    text run at (97,18) width 104 RTL: "\x{5E6}\x{5B0}\x{5DE}\x{5B4}\x{5D9}\x{5EA}\x{5D5}\x{5BC}\x{5EA} \x{5DC}\x{5B8}\x{5DA}\x{5B0} \x{5DE}\x{5B0}\x{5DB}\x{5B7}\x{5E8}\x{5B0}\x{5EA}\x{5BC}\x{5B4}\x{5D9}\x{5D5}."
                RenderBlock {DIV} at (0,43) size 202x42 [border: (1px solid #0000FF)]
                  RenderText {#text} at (1,1) size 200x39
                    text run at (1,1) width 200: "Lore\x{300}m ipsum dolor sit ame\x{300}t,"
                    text run at (1,21) width 173: "consectetue\x{300}r adipiscing e\x{300}lit."
                RenderBlock {DIV} at (0,90) size 202x42 [border: (1px solid #008000)]
                  RenderText {#text} at (1,1) size 200x39
                    text run at (1,1) width 200: "Lorem ipsum dolor sit amet,"
                    text run at (1,21) width 173: "consectetuer adipiscing elit."
layer at (8,100) size 784x2 clip at (0,0) size 0x0
  RenderBlock {HR} at (0,84) size 784x2 [border: (1px inset #000000)]
