layer at (0,0) size 785x756
  RenderView at (0,0) size 785x600
layer at (0,0) size 785x756
  RenderBlock {HTML} at (0,0) size 785x756
    RenderBody {BODY} at (8,8) size 769x740
      RenderBlock {DIV} at (0,0) size 769x18
        RenderInline {SPAN} at (0,0) size 325x17
          RenderText {#text} at (0,0) size 309x17
            text run at (0,0) width 309: "No font is specified. expected: yen sign, actual: \x{A5}"
          RenderInline {SPAN} at (0,0) size 8x17
            RenderText {#text} at (309,0) size 8x17
              text run at (309,0) width 8: "\x{A5}"
          RenderInline {SPAN} at (0,0) size 8x17
            RenderText {#text} at (317,0) size 8x17
              text run at (317,0) width 8: "\x{A5}"
      RenderBlock {DIV} at (0,18) size 769x18
        RenderInline {SPAN} at (0,0) size 385x16
          RenderText {#text} at (0,0) size 366x16
            text run at (0,0) width 366: "Using font \"MS PGothic\". expected: yen sign, actual: \x{A5}"
          RenderInline {SPAN} at (0,0) size 10x16
            RenderText {#text} at (365,0) size 10x16
              text run at (365,0) width 10: "\x{A5}"
          RenderInline {SPAN} at (0,0) size 11x16
            RenderText {#text} at (374,0) size 11x16
              text run at (374,0) width 11: "\x{A5}"
        RenderInline {SPAN} at (0,0) size 10x16
          RenderText {#text} at (384,0) size 10x16
            text run at (384,0) width 10: "\x{A5}"
      RenderBlock {DIV} at (0,36) size 769x18
        RenderInline {SPAN} at (0,0) size 440x16
          RenderText {#text} at (0,0) size 424x16
            text run at (0,0) width 424: "Using font \"MS Gothic\". expected: yen sign, actual: \x{A5}"
          RenderInline {SPAN} at (0,0) size 8x16
            RenderText {#text} at (424,0) size 8x16
              text run at (424,0) width 8: "\x{A5}"
          RenderInline {SPAN} at (0,0) size 8x16
            RenderText {#text} at (432,0) size 8x16
              text run at (432,0) width 8: "\x{A5}"
        RenderInline {SPAN} at (0,0) size 8x16
          RenderText {#text} at (440,0) size 8x16
            text run at (440,0) width 8: "\x{A5}"
      RenderBlock {DIV} at (0,54) size 769x18
        RenderInline {SPAN} at (0,0) size 390x16
          RenderText {#text} at (0,0) size 374x16
            text run at (0,0) width 374: "Using font \"MS PMincho\". expected: yen sign, actual: \x{A5}"
          RenderInline {SPAN} at (0,0) size 9x16
            RenderText {#text} at (373,0) size 9x16
              text run at (373,0) width 9: "\x{A5}"
          RenderInline {SPAN} at (0,0) size 9x16
            RenderText {#text} at (381,0) size 9x16
              text run at (381,0) width 9: "\x{A5}"
        RenderInline {SPAN} at (0,0) size 9x16
          RenderText {#text} at (389,0) size 9x16
            text run at (389,0) width 9: "\x{A5}"
      RenderBlock {DIV} at (0,72) size 769x18
        RenderInline {SPAN} at (0,0) size 440x16
          RenderText {#text} at (0,0) size 424x16
            text run at (0,0) width 424: "Using font \"MS Mincho\". expected: yen sign, actual: \x{A5}"
          RenderInline {SPAN} at (0,0) size 8x16
            RenderText {#text} at (424,0) size 8x16
              text run at (424,0) width 8: "\x{A5}"
          RenderInline {SPAN} at (0,0) size 8x16
            RenderText {#text} at (432,0) size 8x16
              text run at (432,0) width 8: "\x{A5}"
        RenderInline {SPAN} at (0,0) size 8x16
          RenderText {#text} at (440,0) size 8x16
            text run at (440,0) width 8: "\x{A5}"
      RenderBlock {DIV} at (0,90) size 769x24
        RenderInline {SPAN} at (0,0) size 409x24
          RenderText {#text} at (0,0) size 389x24
            text run at (0,0) width 389: "Using font \"Meiryo\". expected: yen sign, actual: \x{A5}"
          RenderInline {SPAN} at (0,0) size 10x24
            RenderText {#text} at (389,0) size 10x24
              text run at (389,0) width 10: "\x{A5}"
          RenderInline {SPAN} at (0,0) size 11x24
            RenderText {#text} at (398,0) size 11x24
              text run at (398,0) width 11: "\x{A5}"
        RenderInline {SPAN} at (0,0) size 11x24
          RenderText {#text} at (408,0) size 11x24
            text run at (408,0) width 11: "\x{A5}"
      RenderBlock {DIV} at (0,114) size 769x18
        RenderInline {SPAN} at (0,0) size 400x16
          RenderText {#text} at (0,0) size 382x16
            text run at (0,0) width 382: "Using font \"\x{FF2D}\x{FF33} \x{FF30}\x{30B4}\x{30B7}\x{30C3}\x{30AF}\". expected: yen sign, actual: \x{A5}"
          RenderInline {SPAN} at (0,0) size 10x16
            RenderText {#text} at (381,0) size 10x16
              text run at (381,0) width 10: "\x{A5}"
          RenderInline {SPAN} at (0,0) size 10x16
            RenderText {#text} at (390,0) size 10x16
              text run at (390,0) width 10: "\x{A5}"
        RenderInline {SPAN} at (0,0) size 11x16
          RenderText {#text} at (399,0) size 11x16
            text run at (399,0) width 11: "\x{A5}"
      RenderBlock {DIV} at (0,132) size 769x18
        RenderInline {SPAN} at (0,0) size 472x16
          RenderText {#text} at (0,0) size 456x16
            text run at (0,0) width 456: "Using font \"\x{FF2D}\x{FF33} \x{30B4}\x{30B7}\x{30C3}\x{30AF}\". expected: yen sign, actual: \x{A5}"
          RenderInline {SPAN} at (0,0) size 8x16
            RenderText {#text} at (456,0) size 8x16
              text run at (456,0) width 8: "\x{A5}"
          RenderInline {SPAN} at (0,0) size 8x16
            RenderText {#text} at (464,0) size 8x16
              text run at (464,0) width 8: "\x{A5}"
        RenderInline {SPAN} at (0,0) size 8x16
          RenderText {#text} at (472,0) size 8x16
            text run at (472,0) width 8: "\x{A5}"
      RenderBlock {DIV} at (0,150) size 769x18
        RenderInline {SPAN} at (0,0) size 382x16
          RenderText {#text} at (0,0) size 366x16
            text run at (0,0) width 366: "Using font \"\x{FF2D}\x{FF33} \x{FF30}\x{660E}\x{671D}\". expected: yen sign, actual: \x{A5}"
          RenderInline {SPAN} at (0,0) size 9x16
            RenderText {#text} at (365,0) size 9x16
              text run at (365,0) width 9: "\x{A5}"
          RenderInline {SPAN} at (0,0) size 9x16
            RenderText {#text} at (373,0) size 9x16
              text run at (373,0) width 9: "\x{A5}"
        RenderInline {SPAN} at (0,0) size 9x16
          RenderText {#text} at (381,0) size 9x16
            text run at (381,0) width 9: "\x{A5}"
      RenderBlock {DIV} at (0,168) size 769x18
        RenderInline {SPAN} at (0,0) size 440x16
          RenderText {#text} at (0,0) size 424x16
            text run at (0,0) width 424: "Using font \"\x{FF2D}\x{FF33} \x{660E}\x{671D}\". expected: yen sign, actual: \x{A5}"
          RenderInline {SPAN} at (0,0) size 8x16
            RenderText {#text} at (424,0) size 8x16
              text run at (424,0) width 8: "\x{A5}"
          RenderInline {SPAN} at (0,0) size 8x16
            RenderText {#text} at (432,0) size 8x16
              text run at (432,0) width 8: "\x{A5}"
        RenderInline {SPAN} at (0,0) size 8x16
          RenderText {#text} at (440,0) size 8x16
            text run at (440,0) width 8: "\x{A5}"
      RenderBlock {DIV} at (0,186) size 769x24
        RenderInline {SPAN} at (0,0) size 421x24
          RenderText {#text} at (0,0) size 401x24
            text run at (0,0) width 401: "Using font \"\x{30E1}\x{30A4}\x{30EA}\x{30AA}\". expected: yen sign, actual: \x{A5}"
          RenderInline {SPAN} at (0,0) size 10x24
            RenderText {#text} at (401,0) size 10x24
              text run at (401,0) width 10: "\x{A5}"
          RenderInline {SPAN} at (0,0) size 11x24
            RenderText {#text} at (410,0) size 11x24
              text run at (410,0) width 11: "\x{A5}"
        RenderInline {SPAN} at (0,0) size 11x24
          RenderText {#text} at (420,0) size 11x24
            text run at (420,0) width 11: "\x{A5}"
      RenderBlock {DIV} at (0,210) size 769x18
        RenderInline {SPAN} at (0,0) size 323x17
          RenderText {#text} at (0,0) size 314x17
            text run at (0,0) width 314: "Using font \"Times\". expected: backslash, actual: \\"
          RenderInline {SPAN} at (0,0) size 5x17
            RenderText {#text} at (313,0) size 5x17
              text run at (313,0) width 5: "\\"
          RenderInline {SPAN} at (0,0) size 6x17
            RenderText {#text} at (317,0) size 6x17
              text run at (317,0) width 6: "\\"
        RenderInline {SPAN} at (0,0) size 5x17
          RenderText {#text} at (322,0) size 5x17
            text run at (322,0) width 5: "\\"
      RenderBlock {DIV} at (0,228) size 769x18
        RenderInline {SPAN} at (0,0) size 326x17
          RenderText {#text} at (0,0) size 317x17
            text run at (0,0) width 317: "Using font \"foobar\". expected: backslash, actual: \\"
          RenderInline {SPAN} at (0,0) size 5x17
            RenderText {#text} at (316,0) size 5x17
              text run at (316,0) width 5: "\\"
          RenderInline {SPAN} at (0,0) size 6x17
            RenderText {#text} at (320,0) size 6x17
              text run at (320,0) width 6: "\\"
        RenderInline {SPAN} at (0,0) size 5x17
          RenderText {#text} at (325,0) size 5x17
            text run at (325,0) width 5: "\\"
      RenderBlock {DIV} at (0,246) size 769x18
        RenderInline {SPAN} at (0,0) size 468x17
          RenderText {#text} at (0,0) size 452x17
            text run at (0,0) width 452: "Using font \"*INVALID FONT NAME*\". expected: yen sign, actual: \x{A5}"
          RenderInline {SPAN} at (0,0) size 8x17
            RenderText {#text} at (452,0) size 8x17
              text run at (452,0) width 8: "\x{A5}"
          RenderInline {SPAN} at (0,0) size 8x17
            RenderText {#text} at (460,0) size 8x17
              text run at (460,0) width 8: "\x{A5}"
        RenderInline {SPAN} at (0,0) size 8x17
          RenderText {#text} at (468,0) size 8x17
            text run at (468,0) width 8: "\x{A5}"
      RenderBlock {DIV} at (0,264) size 769x18
        RenderInline {SPAN} at (0,0) size 314x17
          RenderText {#text} at (0,0) size 298x17
            text run at (0,0) width 298: "Using font \"serif\". expected: yen sign, actual: \x{A5}"
          RenderInline {SPAN} at (0,0) size 8x17
            RenderText {#text} at (298,0) size 8x17
              text run at (298,0) width 8: "\x{A5}"
          RenderInline {SPAN} at (0,0) size 8x17
            RenderText {#text} at (306,0) size 8x17
              text run at (306,0) width 8: "\x{A5}"
        RenderInline {SPAN} at (0,0) size 8x17
          RenderText {#text} at (314,0) size 8x17
            text run at (314,0) width 8: "\x{A5}"
      RenderBlock {DIV} at (0,282) size 769x19
        RenderInline {SPAN} at (0,0) size 387x18
          RenderText {#text} at (0,0) size 370x18
            text run at (0,0) width 370: "Using font \"sans-serif\". expected: yen sign, actual: \x{A5}"
          RenderInline {SPAN} at (0,0) size 9x18
            RenderText {#text} at (369,0) size 9x18
              text run at (369,0) width 9: "\x{A5}"
          RenderInline {SPAN} at (0,0) size 10x18
            RenderText {#text} at (377,0) size 10x18
              text run at (377,0) width 10: "\x{A5}"
        RenderInline {SPAN} at (0,0) size 10x18
          RenderText {#text} at (386,0) size 10x18
            text run at (386,0) width 10: "\x{A5}"
      RenderBlock {DIV} at (0,301) size 769x18
        RenderInline {SPAN} at (0,0) size 332x17
          RenderText {#text} at (0,0) size 316x17
            text run at (0,0) width 316: "Using font \"cursive\". expected: yen sign, actual: \x{A5}"
          RenderInline {SPAN} at (0,0) size 8x17
            RenderText {#text} at (316,0) size 8x17
              text run at (316,0) width 8: "\x{A5}"
          RenderInline {SPAN} at (0,0) size 8x17
            RenderText {#text} at (324,0) size 8x17
              text run at (324,0) width 8: "\x{A5}"
        RenderInline {SPAN} at (0,0) size 8x17
          RenderText {#text} at (332,0) size 8x17
            text run at (332,0) width 8: "\x{A5}"
      RenderBlock {DIV} at (0,319) size 769x25
        RenderInline {SPAN} at (0,0) size 350x25
          RenderText {#text} at (0,0) size 332x25
            text run at (0,0) width 332: "Using font \"fantasy\". expected: yen sign, actual: \x{A5}"
          RenderInline {SPAN} at (0,0) size 10x25
            RenderText {#text} at (331,0) size 10x25
              text run at (331,0) width 10: "\x{A5}"
          RenderInline {SPAN} at (0,0) size 10x25
            RenderText {#text} at (340,0) size 10x25
              text run at (340,0) width 10: "\x{A5}"
        RenderInline {SPAN} at (0,0) size 10x25
          RenderText {#text} at (349,0) size 10x25
            text run at (349,0) width 10: "\x{A5}"
      RenderBlock {DIV} at (0,344) size 769x18
        RenderInline {SPAN} at (0,0) size 439x15
          RenderText {#text} at (0,3) size 423x15
            text run at (0,3) width 423: "Using font \"monospace\". expected: yen sign, actual: \x{A5}"
          RenderInline {SPAN} at (0,0) size 9x15
            RenderText {#text} at (422,3) size 9x15
              text run at (422,3) width 9: "\x{A5}"
          RenderInline {SPAN} at (0,0) size 9x15
            RenderText {#text} at (430,3) size 9x15
              text run at (430,3) width 9: "\x{A5}"
        RenderInline {SPAN} at (0,0) size 8x15
          RenderText {#text} at (438,3) size 8x15
            text run at (438,3) width 8: "\x{A5}"
      RenderBlock {DIV} at (0,362) size 769x18
        RenderInline {SPAN} at (0,0) size 370x17
          RenderText {#text} at (0,0) size 361x17
            text run at (0,0) width 361: "Using font \"-webkit-body\". expected: backslash, actual: \\"
          RenderInline {SPAN} at (0,0) size 5x17
            RenderText {#text} at (360,0) size 5x17
              text run at (360,0) width 5: "\\"
          RenderInline {SPAN} at (0,0) size 6x17
            RenderText {#text} at (364,0) size 6x17
              text run at (364,0) width 6: "\\"
        RenderInline {SPAN} at (0,0) size 5x17
          RenderText {#text} at (369,0) size 5x17
            text run at (369,0) width 5: "\\"
      RenderBlock {DIV} at (0,380) size 769x24
        RenderInline {SPAN} at (0,0) size 409x24
          RenderText {#text} at (0,0) size 390x24
            text run at (0,0) width 390: "Using font \"caption\". expected: yen sign, actual: \x{A5}"
          RenderInline {SPAN} at (0,0) size 10x24
            RenderText {#text} at (389,0) size 10x24
              text run at (389,0) width 10: "\x{A5}"
          RenderInline {SPAN} at (0,0) size 11x24
            RenderText {#text} at (398,0) size 11x24
              text run at (398,0) width 11: "\x{A5}"
      RenderBlock {DIV} at (0,404) size 769x24
        RenderInline {SPAN} at (0,0) size 383x24
          RenderText {#text} at (0,0) size 364x24
            text run at (0,0) width 364: "Using font \"icon\". expected: yen sign, actual: \x{A5}"
          RenderInline {SPAN} at (0,0) size 10x24
            RenderText {#text} at (363,0) size 10x24
              text run at (363,0) width 10: "\x{A5}"
          RenderInline {SPAN} at (0,0) size 11x24
            RenderText {#text} at (372,0) size 11x24
              text run at (372,0) width 11: "\x{A5}"
      RenderBlock {DIV} at (0,428) size 769x24
        RenderInline {SPAN} at (0,0) size 395x24
          RenderText {#text} at (0,0) size 376x24
            text run at (0,0) width 376: "Using font \"menu\". expected: yen sign, actual: \x{A5}"
          RenderInline {SPAN} at (0,0) size 10x24
            RenderText {#text} at (375,0) size 10x24
              text run at (375,0) width 10: "\x{A5}"
          RenderInline {SPAN} at (0,0) size 11x24
            RenderText {#text} at (384,0) size 11x24
              text run at (384,0) width 11: "\x{A5}"
      RenderBlock {DIV} at (0,452) size 769x24
        RenderInline {SPAN} at (0,0) size 457x24
          RenderText {#text} at (0,0) size 438x24
            text run at (0,0) width 438: "Using font \"message-box\". expected: yen sign, actual: \x{A5}"
          RenderInline {SPAN} at (0,0) size 10x24
            RenderText {#text} at (437,0) size 10x24
              text run at (437,0) width 10: "\x{A5}"
          RenderInline {SPAN} at (0,0) size 11x24
            RenderText {#text} at (446,0) size 11x24
              text run at (446,0) width 11: "\x{A5}"
      RenderBlock {DIV} at (0,476) size 769x24
        RenderInline {SPAN} at (0,0) size 457x24
          RenderText {#text} at (0,0) size 438x24
            text run at (0,0) width 438: "Using font \"small-caption\". expected: yen sign, actual: \x{A5}"
          RenderInline {SPAN} at (0,0) size 10x24
            RenderText {#text} at (437,0) size 10x24
              text run at (437,0) width 10: "\x{A5}"
          RenderInline {SPAN} at (0,0) size 11x24
            RenderText {#text} at (446,0) size 11x24
              text run at (446,0) width 11: "\x{A5}"
      RenderBlock {DIV} at (0,500) size 769x24
        RenderInline {SPAN} at (0,0) size 430x24
          RenderText {#text} at (0,0) size 411x24
            text run at (0,0) width 411: "Using font \"status-bar\". expected: yen sign, actual: \x{A5}"
          RenderInline {SPAN} at (0,0) size 10x24
            RenderText {#text} at (410,0) size 10x24
              text run at (410,0) width 10: "\x{A5}"
          RenderInline {SPAN} at (0,0) size 11x24
            RenderText {#text} at (419,0) size 11x24
              text run at (419,0) width 11: "\x{A5}"
      RenderBlock {DIV} at (0,524) size 769x18
        RenderInline {SPAN} at (0,0) size 372x15
          RenderText {#text} at (0,2) size 358x15
            text run at (0,2) width 358: "Using font \"-webkit-mini-control\". expected: yen sign, actual: \x{A5}"
          RenderInline {SPAN} at (0,0) size 8x15
            RenderText {#text} at (357,2) size 8x15
              text run at (357,2) width 8: "\x{A5}"
          RenderInline {SPAN} at (0,0) size 8x15
            RenderText {#text} at (364,2) size 8x15
              text run at (364,2) width 8: "\x{A5}"
      RenderBlock {DIV} at (0,542) size 769x18
        RenderInline {SPAN} at (0,0) size 379x15
          RenderText {#text} at (0,2) size 365x15
            text run at (0,2) width 365: "Using font \"-webkit-small-control\". expected: yen sign, actual: \x{A5}"
          RenderInline {SPAN} at (0,0) size 8x15
            RenderText {#text} at (364,2) size 8x15
              text run at (364,2) width 8: "\x{A5}"
          RenderInline {SPAN} at (0,0) size 8x15
            RenderText {#text} at (371,2) size 8x15
              text run at (371,2) width 8: "\x{A5}"
      RenderBlock {DIV} at (0,560) size 769x18
        RenderInline {SPAN} at (0,0) size 344x15
          RenderText {#text} at (0,2) size 330x15
            text run at (0,2) width 330: "Using font \"-webkit-control\". expected: yen sign, actual: \x{A5}"
          RenderInline {SPAN} at (0,0) size 8x15
            RenderText {#text} at (329,2) size 8x15
              text run at (329,2) width 8: "\x{A5}"
          RenderInline {SPAN} at (0,0) size 8x15
            RenderText {#text} at (336,2) size 8x15
              text run at (336,2) width 8: "\x{A5}"
      RenderBlock {DIV} at (0,578) size 769x18
        RenderInline {SPAN} at (0,0) size 496x16
          RenderText {#text} at (0,0) size 480x16
            text run at (0,0) width 480: "Using font \"MS Gothic, Times\". expected: yen sign, actual: \x{A5}"
          RenderInline {SPAN} at (0,0) size 8x16
            RenderText {#text} at (480,0) size 8x16
              text run at (480,0) width 8: "\x{A5}"
          RenderInline {SPAN} at (0,0) size 8x16
            RenderText {#text} at (488,0) size 8x16
              text run at (488,0) width 8: "\x{A5}"
        RenderInline {SPAN} at (0,0) size 8x16
          RenderText {#text} at (496,0) size 8x16
            text run at (496,0) width 8: "\x{A5}"
      RenderBlock {DIV} at (0,596) size 769x18
        RenderInline {SPAN} at (0,0) size 401x17
          RenderText {#text} at (0,0) size 392x17
            text run at (0,0) width 392: "Using font \"Times, MS Gothic\". expected: backslash, actual: \\"
          RenderInline {SPAN} at (0,0) size 5x17
            RenderText {#text} at (391,0) size 5x17
              text run at (391,0) width 5: "\\"
          RenderInline {SPAN} at (0,0) size 6x17
            RenderText {#text} at (395,0) size 6x17
              text run at (395,0) width 6: "\\"
        RenderInline {SPAN} at (0,0) size 5x17
          RenderText {#text} at (400,0) size 5x17
            text run at (400,0) width 5: "\\"
      RenderBlock {DIV} at (0,614) size 769x18
        RenderInline {SPAN} at (0,0) size 504x16
          RenderText {#text} at (0,0) size 488x16
            text run at (0,0) width 488: "Using font \"MS Gothic, foobar\". expected: yen sign, actual: \x{A5}"
          RenderInline {SPAN} at (0,0) size 8x16
            RenderText {#text} at (488,0) size 8x16
              text run at (488,0) width 8: "\x{A5}"
          RenderInline {SPAN} at (0,0) size 8x16
            RenderText {#text} at (496,0) size 8x16
              text run at (496,0) width 8: "\x{A5}"
        RenderInline {SPAN} at (0,0) size 8x16
          RenderText {#text} at (504,0) size 8x16
            text run at (504,0) width 8: "\x{A5}"
      RenderBlock {DIV} at (0,632) size 769x18
        RenderInline {SPAN} at (0,0) size 512x16
          RenderText {#text} at (0,0) size 496x16
            text run at (0,0) width 496: "Using font \"foobar, MS Gothic\". expected: backslash, actual: \\"
          RenderInline {SPAN} at (0,0) size 8x16
            RenderText {#text} at (496,0) size 8x16
              text run at (496,0) width 8: "\\"
          RenderInline {SPAN} at (0,0) size 8x16
            RenderText {#text} at (504,0) size 8x16
              text run at (504,0) width 8: "\\"
        RenderInline {SPAN} at (0,0) size 8x16
          RenderText {#text} at (512,0) size 8x16
            text run at (512,0) width 8: "\\"
      RenderBlock {DIV} at (0,650) size 769x18
        RenderInline {SPAN} at (0,0) size 360x17
          RenderText {#text} at (0,0) size 344x17
            text run at (0,0) width 344: "Using font \"serif, Times\". expected: yen sign, actual: \x{A5}"
          RenderInline {SPAN} at (0,0) size 8x17
            RenderText {#text} at (344,0) size 8x17
              text run at (344,0) width 8: "\x{A5}"
          RenderInline {SPAN} at (0,0) size 8x17
            RenderText {#text} at (352,0) size 8x17
              text run at (352,0) width 8: "\x{A5}"
        RenderInline {SPAN} at (0,0) size 8x17
          RenderText {#text} at (360,0) size 8x17
            text run at (360,0) width 8: "\x{A5}"
      RenderBlock {DIV} at (0,668) size 769x18
        RenderInline {SPAN} at (0,0) size 358x17
          RenderText {#text} at (0,0) size 349x17
            text run at (0,0) width 349: "Using font \"Times, serif\". expected: backslash, actual: \\"
          RenderInline {SPAN} at (0,0) size 5x17
            RenderText {#text} at (348,0) size 5x17
              text run at (348,0) width 5: "\\"
          RenderInline {SPAN} at (0,0) size 6x17
            RenderText {#text} at (352,0) size 6x17
              text run at (352,0) width 6: "\\"
        RenderInline {SPAN} at (0,0) size 5x17
          RenderText {#text} at (357,0) size 5x17
            text run at (357,0) width 5: "\\"
      RenderBlock {DIV} at (0,686) size 769x18
        RenderInline {SPAN} at (0,0) size 349x17
          RenderText {#text} at (0,0) size 333x17
            text run at (0,0) width 333: "Using font \"serif, serif\". expected: yen sign, actual: \x{A5}"
          RenderInline {SPAN} at (0,0) size 8x17
            RenderText {#text} at (333,0) size 8x17
              text run at (333,0) width 8: "\x{A5}"
          RenderInline {SPAN} at (0,0) size 8x17
            RenderText {#text} at (341,0) size 8x17
              text run at (341,0) width 8: "\x{A5}"
        RenderInline {SPAN} at (0,0) size 8x17
          RenderText {#text} at (349,0) size 8x17
            text run at (349,0) width 8: "\x{A5}"
      RenderBlock {DIV} at (0,704) size 769x18
        RenderInline {SPAN} at (0,0) size 372x17
          RenderText {#text} at (0,0) size 363x17
            text run at (0,0) width 363: "Using font \"foobar, Times\". expected: backslash, actual: \\"
          RenderInline {SPAN} at (0,0) size 5x17
            RenderText {#text} at (362,0) size 5x17
              text run at (362,0) width 5: "\\"
          RenderInline {SPAN} at (0,0) size 6x17
            RenderText {#text} at (366,0) size 6x17
              text run at (366,0) width 6: "\\"
        RenderInline {SPAN} at (0,0) size 5x17
          RenderText {#text} at (371,0) size 5x17
            text run at (371,0) width 5: "\\"
      RenderBlock {DIV} at (0,722) size 769x18
        RenderInline {SPAN} at (0,0) size 372x17
          RenderText {#text} at (0,0) size 363x17
            text run at (0,0) width 363: "Using font \"Times, foobar\". expected: backslash, actual: \\"
          RenderInline {SPAN} at (0,0) size 5x17
            RenderText {#text} at (362,0) size 5x17
              text run at (362,0) width 5: "\\"
          RenderInline {SPAN} at (0,0) size 6x17
            RenderText {#text} at (366,0) size 6x17
              text run at (366,0) width 6: "\\"
        RenderInline {SPAN} at (0,0) size 5x17
          RenderText {#text} at (371,0) size 5x17
            text run at (371,0) width 5: "\\"
