layer at (0,0) size 800x600
  RenderView at (0,0) size 800x600
layer at (0,0) size 800x600
  RenderBlock {HTML} at (0,0) size 800x600
    RenderBody {BODY} at (8,8) size 784x584
      RenderBlock {P} at (0,0) size 784x20
        RenderText {#text} at (0,0) size 511x19
          text run at (0,0) width 511: "In each box below, the words or letters should be in the same order on every line."
      RenderBlock {DIV} at (8,36) size 768x70 [border: (1px solid #ADD8E6)]
        RenderBlock {DIV} at (5,5) size 758x20
          RenderText {#text} at (0,0) size 46x19
            text run at (0,0) width 46: "Lorem "
          RenderInline {SPAN} at (0,0) size 75x19
            RenderText {#text} at (46,0) size 75x19
              text run at (46,0) width 75: "ipsum dolor"
          RenderText {#text} at (121,0) size 56x19
            text run at (121,0) width 56: " sit amet."
        RenderBlock {DIV} at (5,25) size 758x20
          RenderText {#text} at (0,0) size 46x19
            text run at (0,0) width 46: "Lorem "
          RenderInline {SPAN} at (0,0) size 38x19
            RenderText {#text} at (46,0) size 38x19
              text run at (46,0) width 38: "ipsum"
          RenderInline {SPAN} at (0,0) size 37x19
            RenderText {#text} at (84,0) size 37x19
              text run at (84,0) width 37: " dolor"
          RenderText {#text} at (121,0) size 56x19
            text run at (121,0) width 56: " sit amet."
        RenderBlock {DIV} at (5,45) size 758x20
          RenderText {#text} at (0,0) size 46x19
            text run at (0,0) width 46: "Lorem "
          RenderInline {SPAN} at (0,0) size 42x19
            RenderText {#text} at (46,0) size 42x19
              text run at (46,0) width 42: "ipsum "
          RenderInline {B} at (0,0) size 91x19
            RenderInline {SPAN} at (0,0) size 36x19
              RenderText {#text} at (88,0) size 36x19
                text run at (88,0) width 36: "dolor"
            RenderText {#text} at (124,0) size 4x19
              text run at (124,0) width 4: " "
            RenderInline {I} at (0,0) size 14x19
              RenderText {#text} at (128,0) size 14x19
                text run at (128,0) width 14: "sit"
            RenderText {#text} at (142,0) size 37x19
              text run at (142,0) width 37: " amet"
          RenderText {#text} at (179,0) size 4x19
            text run at (179,0) width 4: "."
      RenderBlock {DIV} at (8,114) size 768x70 [border: (1px solid #ADD8E6)]
        RenderBlock {DIV} at (5,5) size 758x20
          RenderText {#text} at (0,0) size 46x19
            text run at (0,0) width 46: "Lorem "
          RenderInline {SPAN} at (0,0) size 55x19
            RenderText {#text} at (46,0) size 55x19
              text run at (46,0) width 18 RTL: " \x{5DB}\x{5DC}"
              text run at (64,0) width 9: "if"
              text run at (73,0) width 28 RTL: "\x{5D9}\x{5D5}\x{5EA}\x{5E8} "
          RenderText {#text} at (101,0) size 56x19
            text run at (101,0) width 56: " sit amet."
        RenderBlock {DIV} at (5,25) size 758x20
          RenderText {#text} at (0,0) size 46x19
            text run at (0,0) width 46: "Lorem "
          RenderInline {SPAN} at (0,0) size 28x19
            RenderText {#text} at (73,0) size 28x19
              text run at (73,0) width 28 RTL: "\x{5D9}\x{5D5}\x{5EA}\x{5E8} "
          RenderInline {SPAN} at (0,0) size 27x19
            RenderText {#text} at (46,0) size 27x19
              text run at (46,0) width 18 RTL: " \x{5DB}\x{5DC}"
              text run at (64,0) width 9: "if"
          RenderText {#text} at (101,0) size 56x19
            text run at (101,0) width 56: " sit amet."
        RenderBlock {DIV} at (5,45) size 758x20
          RenderText {#text} at (0,0) size 46x19
            text run at (0,0) width 46: "Lorem "
          RenderInline {SPAN} at (0,0) size 28x19
            RenderText {#text} at (73,0) size 28x19
              text run at (73,0) width 28 RTL: "\x{5D9}\x{5D5}\x{5EA}\x{5E8} "
          RenderInline {B} at (0,0) size 110x19
            RenderInline {SPAN} at (0,0) size 27x19
              RenderText {#text} at (46,0) size 27x19
                text run at (46,0) width 18 RTL: " \x{5DB}\x{5DC}"
                text run at (64,0) width 9: "if"
            RenderText {#text} at (101,0) size 4x19
              text run at (101,0) width 4: " "
            RenderInline {I} at (0,0) size 14x19
              RenderText {#text} at (105,0) size 14x19
                text run at (105,0) width 14: "sit"
            RenderText {#text} at (119,0) size 37x19
              text run at (119,0) width 37: " amet"
          RenderText {#text} at (156,0) size 4x19
            text run at (156,0) width 4: "."
      RenderBlock {DIV} at (8,192) size 768x50 [border: (1px solid #ADD8E6)]
        RenderBlock {DIV} at (5,5) size 758x20
          RenderInline {SPAN} at (0,0) size 19x19
            RenderText {#text} at (0,0) size 19x19
              text run at (0,0) width 19: "a b"
          RenderText {#text} at (0,0) size 0x0
        RenderBlock {DIV} at (5,25) size 758x20
          RenderInline {SPAN} at (0,0) size 7x19
            RenderText {#text} at (0,0) size 7x19
              text run at (0,0) width 7: "a"
          RenderInline {SPAN} at (0,0) size 12x19
            RenderText {#text} at (7,0) size 12x19
              text run at (7,0) width 12: " b"
          RenderText {#text} at (0,0) size 0x0
      RenderBlock {DIV} at (8,250) size 768x70 [border: (1px solid #ADD8E6)]
        RenderBlock {DIV} at (5,5) size 758x20
          RenderText {#text} at (730,0) size 28x19
            text run at (730,0) width 28 RTL: "\x{5D0}\x{5D7}\x{5EA} "
          RenderInline {SPAN} at (0,0) size 69x19
            RenderText {#text} at (661,0) size 69x19
              text run at (661,0) width 69 RTL: "\x{5E9}\x{5EA}\x{5D9}\x{5D9}\x{5DD} \x{5E9}\x{5DC}\x{5D5}\x{5E9}"
          RenderText {#text} at (593,0) size 68x19
            text run at (593,0) width 68 RTL: " \x{5D0}\x{5E8}\x{5D1}\x{5E2} \x{5D7}\x{5DE}\x{5E9}."
        RenderBlock {DIV} at (5,25) size 758x20
          RenderText {#text} at (730,0) size 28x19
            text run at (730,0) width 28 RTL: "\x{5D0}\x{5D7}\x{5EA} "
          RenderInline {SPAN} at (0,0) size 34x19
            RenderText {#text} at (696,0) size 34x19
              text run at (696,0) width 34 RTL: "\x{5E9}\x{5EA}\x{5D9}\x{5D9}\x{5DD}"
          RenderInline {SPAN} at (0,0) size 35x19
            RenderText {#text} at (661,0) size 35x19
              text run at (661,0) width 35 RTL: " \x{5E9}\x{5DC}\x{5D5}\x{5E9}"
          RenderText {#text} at (593,0) size 68x19
            text run at (593,0) width 68 RTL: " \x{5D0}\x{5E8}\x{5D1}\x{5E2} \x{5D7}\x{5DE}\x{5E9}."
        RenderBlock {DIV} at (5,45) size 758x20
          RenderText {#text} at (730,0) size 28x19
            text run at (730,0) width 28 RTL: "\x{5D0}\x{5D7}\x{5EA} "
          RenderInline {SPAN} at (0,0) size 38x19
            RenderText {#text} at (692,0) size 38x19
              text run at (692,0) width 38 RTL: "\x{5E9}\x{5EA}\x{5D9}\x{5D9}\x{5DD} "
          RenderInline {B} at (0,0) size 101x19
            RenderInline {SPAN} at (0,0) size 34x19
              RenderText {#text} at (658,0) size 34x19
                text run at (658,0) width 34 RTL: "\x{5E9}\x{5DC}\x{5D5}\x{5E9}"
            RenderText {#text} at (654,0) size 4x19
              text run at (654,0) width 4 RTL: " "
            RenderInline {I} at (0,0) size 31x19
              RenderText {#text} at (623,0) size 31x19
                text run at (623,0) width 31 RTL: "\x{5D0}\x{5E8}\x{5D1}\x{5E2}"
            RenderText {#text} at (591,0) size 32x19
              text run at (591,0) width 32 RTL: " \x{5D7}\x{5DE}\x{5E9}"
          RenderText {#text} at (587,0) size 4x19
            text run at (587,0) width 4 RTL: "."
