layer at (0,0) size 800x600
  RenderView at (0,0) size 800x600
layer at (0,0) size 800x600
  RenderBlock {HTML} at (0,0) size 800x600
    RenderBody {BODY} at (8,8) size 784x576
      RenderBlock {P} at (0,0) size 784x40
        RenderText {#text} at (0,0) size 172x19
          text run at (0,0) width 172: "This is a regression test for "
        RenderInline {I} at (0,0) size 769x39
          RenderInline {A} at (0,0) size 348x19 [color=#0000EE]
            RenderText {#text} at (172,0) size 348x19
              text run at (172,0) width 348: "http://bugzilla.opendarwin.org/show_bug.cgi?id=9432"
          RenderText {#text} at (520,0) size 769x39
            text run at (520,0) width 4: " "
            text run at (524,0) width 245: "REGRESSION: crash in capitalization"
            text run at (0,20) width 273: "code due to empty-string generated content"
        RenderText {#text} at (273,20) size 4x19
          text run at (273,20) width 4: "."
      RenderBlock {P} at (0,74) size 784x20
        RenderInline {SPAN} at (0,0) size 85x19
          RenderText {#text} at (0,0) size 46x19
            text run at (0,0) width 46: "Lorem "
          RenderInline {SPAN} at (0,0) size 39x19
            RenderInline (generated) at (0,0) size 0x19
              RenderText at (0,0) size 0x0
            RenderText {#text} at (46,0) size 39x19
              text run at (46,0) width 39: "Ipsum"
        RenderText {#text} at (85,0) size 4x19
          text run at (85,0) width 4: " "
        RenderInline {I} at (0,0) size 61x19
          RenderText {#text} at (89,0) size 61x19
            text run at (89,0) width 61: "should be"
        RenderText {#text} at (150,0) size 89x19
          text run at (150,0) width 89: " Lorem Ipsum"
      RenderBlock {P} at (0,110) size 784x20
        RenderInline {SPAN} at (0,0) size 85x19
          RenderText {#text} at (0,0) size 23x19
            text run at (0,0) width 23: "Lor"
          RenderInline {SPAN} at (0,0) size 62x19
            RenderInline (generated) at (0,0) size 0x19
              RenderText at (0,0) size 0x0
            RenderText {#text} at (23,0) size 62x19
              text run at (23,0) width 62: "em Ipsum"
        RenderText {#text} at (85,0) size 4x19
          text run at (85,0) width 4: " "
        RenderInline {I} at (0,0) size 61x19
          RenderText {#text} at (89,0) size 61x19
            text run at (89,0) width 61: "should be"
        RenderText {#text} at (150,0) size 89x19
          text run at (150,0) width 89: " Lorem Ipsum"
layer at (8,64) size 784x2 clip at (0,0) size 0x0
  RenderBlock {HR} at (0,56) size 784x2 [border: (1px inset #000000)]
