layer at (0,0) size 800x600
  RenderView at (0,0) size 800x600
layer at (0,0) size 800x600
  RenderBlock {HTML} at (0,0) size 800x600
    RenderBody {BODY} at (8,8) size 784x576
      RenderBlock {P} at (0,0) size 784x40
        RenderText {#text} at (0,0) size 52x19
          text run at (0,0) width 52: "Test for "
        RenderInline {I} at (0,0) size 768x39
          RenderInline {A} at (0,0) size 300x19 [color=#0000EE]
            RenderText {#text} at (52,0) size 300x19
              text run at (52,0) width 300: "http://bugs.webkit.org/show_bug.cgi?id=11671"
          RenderText {#text} at (352,0) size 768x39
            text run at (352,0) width 4: " "
            text run at (356,0) width 412: "REGRESSION (r13702): text-transform: capitalize changes non-"
            text run at (0,20) width 164: "breaking spaces to spaces"
        RenderText {#text} at (164,20) size 4x19
          text run at (164,20) width 4: "."
      RenderBlock {P} at (0,56) size 784x20
        RenderText {#text} at (0,0) size 284x19
          text run at (0,0) width 284: "The next three lines should all look the same."
      RenderBlock {P} at (0,92) size 784x20
        RenderText {#text} at (0,0) size 101x19
          text run at (0,0) width 101: "Lorem     Ipsum"
      RenderBlock {P} at (0,128) size 784x20
        RenderText {#text} at (0,0) size 62x19
          text run at (0,0) width 62: "Lorem     "
        RenderInline {SPAN} at (0,0) size 39x19
          RenderText {#text} at (62,0) size 39x19
            text run at (62,0) width 39: "Ipsum"
      RenderBlock {P} at (0,164) size 784x20
        RenderText {#text} at (0,0) size 101x19
          text run at (0,0) width 101: "Lorem     Ipsum"
