layer at (0,0) size 800x600
  RenderView at (0,0) size 800x600
layer at (0,0) size 800x600
  RenderBlock {HTML} at (0,0) size 800x600
    RenderBody {BODY} at (8,8) size 784x464
      RenderBlock {P} at (0,0) size 784x80
        RenderText {#text} at (0,0) size 784x79
          text run at (0,0) width 417: "The single Hebrew glyph below should be in the Lucida Grande font. "
          text run at (417,0) width 360: "It should not be a synthetic bold, because the first font in the"
          text run at (0,20) width 220: "list (Ahem) does not have the glyph. "
          text run at (220,20) width 534: "Therefore we fall back to the second font in the list (Lucida Grande), which does support"
          text run at (0,40) width 35: "bold. "
          text run at (35,40) width 749: "This test is making sure we don't make incorrect assumptions based off the fact that we would have to synthesize bold for the"
          text run at (0,60) width 109: "first font in the list."
      RenderBlock {P} at (0,208) size 784x152
        RenderText {#text} at (0,19) size 75x128
          text run at (0,19) width 75 RTL: "\x{5D0}"
