layer at (0,0) size 800x600
  RenderView at (0,0) size 800x600
layer at (0,0) size 800x600
  RenderBlock {HTML} at (0,0) size 800x600
    RenderBody {BODY} at (8,8) size 784x584
      RenderBlock (anonymous) at (0,0) size 784x18
        RenderText {#text} at (0,0) size 419x17
          text run at (0,0) width 419: "Pixel test for complex text rendering with opacity (Chromium bug "
        RenderInline {A} at (0,0) size 32x17 [color=#0000EE]
          RenderText {#text} at (419,0) size 32x17
            text run at (419,0) width 32: "8768"
        RenderText {#text} at (451,0) size 9x17
          text run at (451,0) width 9: ")."
      RenderBlock {P} at (0,34) size 784x0
      RenderBlock {DIV} at (0,34) size 784x33
        RenderInline {SPAN} at (0,0) size 47x27
          RenderText {#text} at (0,5) size 47x27
            text run at (0,5) width 47: "\x{916}\x{94B}\x{91C}\x{947}\x{902}"
        RenderText {#text} at (47,5) size 7x27
          text run at (47,5) width 7: " "
        RenderText {#text} at (100,5) size 7x27
          text run at (100,5) width 7: " "
        RenderText {#text} at (153,5) size 7x27
          text run at (153,5) width 7: " "
        RenderText {#text} at (206,5) size 7x27
          text run at (206,5) width 7: " "
        RenderText {#text} at (260,5) size 7x27
          text run at (260,5) width 7: " "
        RenderText {#text} at (313,5) size 7x27
          text run at (313,5) width 7: " "
        RenderText {#text} at (366,5) size 7x27
          text run at (366,5) width 7: " "
        RenderText {#text} at (419,5) size 7x27
          text run at (419,5) width 7: " "
        RenderText {#text} at (473,5) size 7x27
          text run at (473,5) width 7: " "
        RenderText {#text} at (526,5) size 7x27
          text run at (526,5) width 7: " "
        RenderText {#text} at (0,0) size 0x0
      RenderBlock {DIV} at (0,67) size 784x28
        RenderInline {SPAN} at (0,0) size 54x27
          RenderText {#text} at (592,0) size 54x27
            text run at (592,0) width 54 RTL: "\x{64A}\x{624}\x{644}\x{645}\x{646}\x{64A}"
        RenderText {#text} at (586,0) size 7x27
          text run at (586,0) width 7 RTL: " "
        RenderText {#text} at (527,0) size 7x27
          text run at (527,0) width 7 RTL: " "
        RenderText {#text} at (467,0) size 7x27
          text run at (467,0) width 7 RTL: " "
        RenderText {#text} at (408,0) size 7x27
          text run at (408,0) width 7 RTL: " "
        RenderText {#text} at (349,0) size 7x27
          text run at (349,0) width 7 RTL: " "
        RenderText {#text} at (290,0) size 7x27
          text run at (290,0) width 7 RTL: " "
        RenderText {#text} at (230,0) size 7x27
          text run at (230,0) width 7 RTL: " "
        RenderText {#text} at (171,0) size 7x27
          text run at (171,0) width 7 RTL: " "
        RenderText {#text} at (112,0) size 7x27
          text run at (112,0) width 7 RTL: " "
        RenderText {#text} at (53,0) size 7x27
          text run at (53,0) width 7 RTL: " "
        RenderText {#text} at (0,0) size 0x0
layer at (8,42) size 48x27
  RenderInline {SPAN} at (0,0) size 48x27
    RenderText {#text} at (53,5) size 48x27
      text run at (53,5) width 48: "\x{916}\x{94B}\x{91C}\x{947}\x{902}"
layer at (8,42) size 48x27
  RenderInline {SPAN} at (0,0) size 48x27
    RenderText {#text} at (106,5) size 48x27
      text run at (106,5) width 48: "\x{916}\x{94B}\x{91C}\x{947}\x{902}"
layer at (8,42) size 48x27
  RenderInline {SPAN} at (0,0) size 48x27
    RenderText {#text} at (159,5) size 48x27
      text run at (159,5) width 48: "\x{916}\x{94B}\x{91C}\x{947}\x{902}"
layer at (8,42) size 47x27
  RenderInline {SPAN} at (0,0) size 47x27
    RenderText {#text} at (213,5) size 47x27
      text run at (213,5) width 47: "\x{916}\x{94B}\x{91C}\x{947}\x{902}"
layer at (8,42) size 48x27
  RenderInline {SPAN} at (0,0) size 48x27
    RenderText {#text} at (266,5) size 48x27
      text run at (266,5) width 48: "\x{916}\x{94B}\x{91C}\x{947}\x{902}"
layer at (8,42) size 48x27
  RenderInline {SPAN} at (0,0) size 48x27
    RenderText {#text} at (319,5) size 48x27
      text run at (319,5) width 48: "\x{916}\x{94B}\x{91C}\x{947}\x{902}"
layer at (8,42) size 48x27
  RenderInline {SPAN} at (0,0) size 48x27
    RenderText {#text} at (372,5) size 48x27
      text run at (372,5) width 48: "\x{916}\x{94B}\x{91C}\x{947}\x{902}"
layer at (8,42) size 47x27
  RenderInline {SPAN} at (0,0) size 47x27
    RenderText {#text} at (426,5) size 47x27
      text run at (426,5) width 47: "\x{916}\x{94B}\x{91C}\x{947}\x{902}"
layer at (8,42) size 48x27
  RenderInline {SPAN} at (0,0) size 48x27
    RenderText {#text} at (479,5) size 48x27
      text run at (479,5) width 48: "\x{916}\x{94B}\x{91C}\x{947}\x{902}"
layer at (8,42) size 48x27
  RenderInline {SPAN} at (0,0) size 48x27
    RenderText {#text} at (532,5) size 48x27
      text run at (532,5) width 48: "\x{916}\x{94B}\x{91C}\x{947}\x{902}"
layer at (8,75) size 54x27
  RenderInline {SPAN} at (0,0) size 54x27
    RenderText {#text} at (533,0) size 54x27
      text run at (533,0) width 54 RTL: "\x{64A}\x{624}\x{644}\x{645}\x{646}\x{64A}"
layer at (8,75) size 53x27
  RenderInline {SPAN} at (0,0) size 53x27
    RenderText {#text} at (474,0) size 53x27
      text run at (474,0) width 53 RTL: "\x{64A}\x{624}\x{644}\x{645}\x{646}\x{64A}"
layer at (8,75) size 54x27
  RenderInline {SPAN} at (0,0) size 54x27
    RenderText {#text} at (414,0) size 54x27
      text run at (414,0) width 54 RTL: "\x{64A}\x{624}\x{644}\x{645}\x{646}\x{64A}"
layer at (8,75) size 54x27
  RenderInline {SPAN} at (0,0) size 54x27
    RenderText {#text} at (355,0) size 54x27
      text run at (355,0) width 54 RTL: "\x{64A}\x{624}\x{644}\x{645}\x{646}\x{64A}"
layer at (8,75) size 54x27
  RenderInline {SPAN} at (0,0) size 54x27
    RenderText {#text} at (296,0) size 54x27
      text run at (296,0) width 54 RTL: "\x{64A}\x{624}\x{644}\x{645}\x{646}\x{64A}"
layer at (8,75) size 53x27
  RenderInline {SPAN} at (0,0) size 53x27
    RenderText {#text} at (237,0) size 53x27
      text run at (237,0) width 53 RTL: "\x{64A}\x{624}\x{644}\x{645}\x{646}\x{64A}"
layer at (8,75) size 54x27
  RenderInline {SPAN} at (0,0) size 54x27
    RenderText {#text} at (177,0) size 54x27
      text run at (177,0) width 54 RTL: "\x{64A}\x{624}\x{644}\x{645}\x{646}\x{64A}"
layer at (8,75) size 54x27
  RenderInline {SPAN} at (0,0) size 54x27
    RenderText {#text} at (118,0) size 54x27
      text run at (118,0) width 54 RTL: "\x{64A}\x{624}\x{644}\x{645}\x{646}\x{64A}"
layer at (8,75) size 54x27
  RenderInline {SPAN} at (0,0) size 54x27
    RenderText {#text} at (59,0) size 54x27
      text run at (59,0) width 54 RTL: "\x{64A}\x{624}\x{644}\x{645}\x{646}\x{64A}"
layer at (8,75) size 53x27
  RenderInline {SPAN} at (0,0) size 53x27
    RenderText {#text} at (0,0) size 53x27
      text run at (0,0) width 53 RTL: "\x{64A}\x{624}\x{644}\x{645}\x{646}\x{64A}"
