layer at (0,0) size 800x600
  RenderView at (0,0) size 800x600
layer at (0,0) size 800x600
  RenderBlock {HTML} at (0,0) size 800x600
    RenderBody {BODY} at (8,8) size 784x584
      RenderBlock {P} at (0,0) size 784x20
        RenderText {#text} at (0,0) size 264x19
          text run at (0,0) width 264: "This tests GraphicsContext::drawBidiText()."
      RenderListBox {SELECT} at (2,36) size 333x208 [bgcolor=#FFFFFF] [border: (1px inset #808080)]
      RenderListBox {SELECT} at (2,246) size 364x18 [bgcolor=#FFFFFF] [border: (1px inset #808080)]
