layer at (0,0) size 800x600
  RenderView at (0,0) size 800x600
layer at (0,0) size 800x600
  RenderBlock {HTML} at (0,0) size 800x600
    RenderBody {BODY} at (8,8) size 784x584
      RenderBlock {P} at (0,0) size 784x20
        RenderText {#text} at (0,0) size 257x19
          text run at (0,0) width 257: "The following boxes should be identical."
      RenderBlock {DIV} at (0,36) size 80x50 [border: (1px solid #000000)]
        RenderText {#text} at (5,5) size 70x19
          text run at (5,5) width 70: "Lorem......."
          text run at (75,5) width 0: " "
        RenderInline {SPAN} at (0,0) size 38x19
          RenderText {#text} at (5,25) size 38x19
            text run at (5,25) width 38 RTL: "muspi"
        RenderText {#text} at (43,25) size 0x19
          text run at (43,25) width 0: " "
      RenderBlock {DIV} at (0,94) size 80x50 [border: (1px solid #000000)]
        RenderText {#text} at (5,5) size 70x39
          text run at (5,5) width 70: "Lorem......."
          text run at (75,5) width 0: " "
          text run at (5,25) width 38: "ipsum"
          text run at (43,25) width 0: " "
