layer at (0,0) size 785x731
  RenderView at (0,0) size 785x600
layer at (0,0) size 785x731
  RenderBlock {HTML} at (0,0) size 785x731
    RenderBody {BODY} at (8,8) size 769x0
      RenderBlock (floating) {DIV} at (8,8) size 366x147 [border: (3px solid #000000)]
        RenderText {#text} at (3,3) size 270x27
          text run at (3,3) width 270: "Lorem ipsum dolor sit amet,"
        RenderInline {SPAN} at (0,0) size 213x27
          RenderText {#text} at (3,46) size 213x27
            text run at (3,46) width 213: "consectetur adipiscing"
        RenderText {#text} at (216,46) size 130x27
          text run at (216,46) width 6: " "
          text run at (222,46) width 124: "elit. Aliquam"
        RenderInline {SPAN} at (0,0) size 109x27
          RenderText {#text} at (3,74) size 109x27
            text run at (3,74) width 109: "odio sapien"
        RenderText {#text} at (112,74) size 330x69
          text run at (112,74) width 12: ", "
          text run at (124,74) width 209: "lobortis eu iaculis vel,"
          text run at (3,116) width 208: "scelerisque nec dolor."
      RenderBlock (floating) {DIV} at (390,8) size 366x147 [border: (3px solid #000000)]
        RenderText {#text} at (3,3) size 276x27
          text run at (3,3) width 276: "Lorem ipsum dolor sit amet,"
        RenderInline {SPAN} at (0,0) size 217x27
          RenderText {#text} at (3,46) size 217x27
            text run at (3,46) width 217: "consectetur adipiscing"
        RenderText {#text} at (220,46) size 135x27
          text run at (220,46) width 6: " "
          text run at (226,46) width 129: "elit. Aliquam"
        RenderInline {SPAN} at (0,0) size 111x27
          RenderText {#text} at (3,74) size 111x27
            text run at (3,74) width 111: "odio sa\x{300}pien"
        RenderText {#text} at (114,74) size 338x69
          text run at (114,74) width 12: ", "
          text run at (126,74) width 215: "lobortis eu iaculis vel,"
          text run at (3,116) width 210: "scelerisque nec dolor."
      RenderBlock (floating) {DIV} at (8,171) size 366x161 [border: (3px solid #000000)]
        RenderText {#text} at (3,18) size 70x27
          text run at (3,18) width 70: "Lorem "
        RenderInline {SPAN} at (0,0) size 57x27
          RenderText {#text} at (73,18) size 57x27
            text run at (73,18) width 57: "ipsum"
        RenderText {#text} at (130,18) size 6x27
          text run at (130,18) width 6: " "
        RenderInline {SPAN} at (0,0) size 50x27
          RenderText {#text} at (136,18) size 50x27
            text run at (136,18) width 50: "dolor"
        RenderText {#text} at (186,18) size 6x27
          text run at (186,18) width 6: " "
        RenderInline {SPAN} at (0,0) size 22x27
          RenderText {#text} at (192,18) size 22x27
            text run at (192,18) width 22: "sit"
        RenderText {#text} at (214,18) size 6x27
          text run at (214,18) width 6: " "
        RenderInline {SPAN} at (0,0) size 47x27
          RenderText {#text} at (220,18) size 47x27
            text run at (220,18) width 47: "amet"
        RenderText {#text} at (267,18) size 6x27
          text run at (267,18) width 6: ","
        RenderInline {SPAN} at (0,0) size 111x27
          RenderText {#text} at (3,62) size 111x27
            text run at (3,62) width 111: "consectetur"
        RenderText {#text} at (114,62) size 6x27
          text run at (114,62) width 6: " "
        RenderInline {SPAN} at (0,0) size 96x27
          RenderText {#text} at (120,62) size 96x27
            text run at (120,62) width 96: "adipiscing"
        RenderText {#text} at (216,62) size 6x27
          text run at (216,62) width 6: " "
        RenderInline {SPAN} at (0,0) size 30x27
          RenderText {#text} at (222,62) size 30x27
            text run at (222,62) width 30: "elit"
        RenderText {#text} at (252,62) size 12x27
          text run at (252,62) width 12: ". "
        RenderInline {SPAN} at (0,0) size 82x27
          RenderText {#text} at (264,62) size 82x27
            text run at (264,62) width 82: "Aliquam"
        RenderText {#text} at (346,62) size 6x27
          text run at (346,62) width 6: ","
        RenderInline {SPAN} at (0,0) size 42x27
          RenderText {#text} at (3,102) size 42x27
            text run at (3,102) width 42: "odio"
        RenderText {#text} at (45,102) size 6x27
          text run at (45,102) width 6: " "
        RenderInline {SPAN} at (0,0) size 61x27
          RenderText {#text} at (51,102) size 61x27
            text run at (51,102) width 61: "sapien"
        RenderText {#text} at (112,102) size 12x27
          text run at (112,102) width 12: ", "
        RenderInline {SPAN} at (0,0) size 72x27
          RenderText {#text} at (124,102) size 72x27
            text run at (124,102) width 72: "lobortis"
        RenderText {#text} at (196,102) size 330x55
          text run at (196,102) width 6: " "
          text run at (202,102) width 131: "eu iaculis vel,"
          text run at (3,130) width 208: "scelerisque nec dolor."
      RenderBlock (floating) {DIV} at (390,171) size 366x158 [border: (3px solid #000000)]
        RenderText {#text} at (3,3) size 70x27
          text run at (3,3) width 70: "Lorem "
        RenderInline {SPAN} at (0,0) size 57x27
          RenderText {#text} at (73,3) size 57x27
            text run at (73,3) width 57: "ipsum"
        RenderText {#text} at (130,3) size 6x27
          text run at (130,3) width 6: " "
        RenderInline {SPAN} at (0,0) size 50x27
          RenderText {#text} at (136,3) size 50x27
            text run at (136,3) width 50: "dolor"
        RenderText {#text} at (186,3) size 6x27
          text run at (186,3) width 6: " "
        RenderInline {SPAN} at (0,0) size 22x27
          RenderText {#text} at (192,3) size 22x27
            text run at (192,3) width 22: "sit"
        RenderText {#text} at (214,3) size 6x27
          text run at (214,3) width 6: " "
        RenderInline {SPAN} at (0,0) size 47x27
          RenderText {#text} at (220,3) size 47x27
            text run at (220,3) width 47: "amet"
        RenderText {#text} at (267,3) size 6x27
          text run at (267,3) width 6: ","
        RenderInline {SPAN} at (0,0) size 111x27
          RenderText {#text} at (3,45) size 111x27
            text run at (3,45) width 111: "consectetur"
        RenderText {#text} at (114,45) size 6x27
          text run at (114,45) width 6: " "
        RenderInline {SPAN} at (0,0) size 96x27
          RenderText {#text} at (120,45) size 96x27
            text run at (120,45) width 96: "adipiscing"
        RenderText {#text} at (216,45) size 6x27
          text run at (216,45) width 6: " "
        RenderInline {SPAN} at (0,0) size 30x27
          RenderText {#text} at (222,45) size 30x27
            text run at (222,45) width 30: "elit"
        RenderText {#text} at (252,45) size 12x27
          text run at (252,45) width 12: ". "
        RenderInline {SPAN} at (0,0) size 82x27
          RenderText {#text} at (264,45) size 82x27
            text run at (264,45) width 82: "Aliquam"
        RenderText {#text} at (346,45) size 6x27
          text run at (346,45) width 6: ","
        RenderInline {SPAN} at (0,0) size 42x27
          RenderText {#text} at (3,88) size 42x27
            text run at (3,88) width 42: "odio"
        RenderText {#text} at (45,88) size 6x27
          text run at (45,88) width 6: " "
        RenderInline {SPAN} at (0,0) size 61x27
          RenderText {#text} at (51,88) size 61x27
            text run at (51,88) width 61: "sapien"
        RenderText {#text} at (112,88) size 12x27
          text run at (112,88) width 12: ", "
        RenderInline {SPAN} at (0,0) size 72x27
          RenderText {#text} at (124,88) size 72x27
            text run at (124,88) width 72: "lobortis"
        RenderText {#text} at (196,88) size 330x66
          text run at (196,88) width 6: " "
          text run at (202,88) width 131: "eu iaculis vel,"
          text run at (3,127) width 208: "scelerisque nec dolor."
      RenderBlock (floating) {DIV} at (390,345) size 366x207 [border: (3px solid #000000)]
        RenderText {#text} at (3,13) size 270x27
          text run at (3,13) width 270: "Lorem ipsum dolor sit amet,"
        RenderInline {SPAN} at (0,0) size 213x27
          RenderText {#text} at (3,66) size 213x27
            text run at (3,66) width 213: "consectetur adipiscing"
        RenderText {#text} at (216,66) size 130x27
          text run at (216,66) width 6: " "
          text run at (222,66) width 124: "elit. Aliquam"
        RenderInline {SPAN} at (0,0) size 109x27
          RenderText {#text} at (3,114) size 109x27
            text run at (3,114) width 109: "odio sapien"
        RenderText {#text} at (112,114) size 330x79
          text run at (112,114) width 12: ", "
          text run at (124,114) width 209: "lobortis eu iaculis vel,"
          text run at (3,166) width 208: "scelerisque nec dolor."
      RenderBlock (floating) {DIV} at (8,568) size 366x147 [border: (3px solid #000000)]
        RenderText {#text} at (3,3) size 270x27
          text run at (3,3) width 270: "Lorem ipsum dolor sit amet,"
        RenderInline {SPAN} at (0,0) size 213x27
          RenderText {#text} at (3,46) size 213x27
            text run at (3,46) width 213: "consectetur adipiscing"
        RenderText {#text} at (216,46) size 130x27
          text run at (216,46) width 6: " "
          text run at (222,46) width 124: "elit. Aliquam"
        RenderInline {SPAN} at (0,0) size 109x27
          RenderText {#text} at (3,74) size 109x27
            text run at (3,74) width 109: "odio sapien"
        RenderText {#text} at (112,74) size 330x69
          text run at (112,74) width 12: ", "
          text run at (124,74) width 209: "lobortis eu iaculis vel,"
          text run at (3,116) width 208: "scelerisque nec dolor."
selection start: position 10 of child 0 {#text} of child 1 {SPAN} of child 10 {DIV} of body
selection end:   position 7 of child 0 {#text} of child 3 {SPAN} of child 10 {DIV} of body
