layer at (0,0) size 800x600
  RenderView at (0,0) size 800x600
layer at (164,0) size 636x600
  RenderBlock {HTML} at (0,0) size 636x600
    RenderBody {BODY} at (8,8) size 0x584
      RenderBlock (floating) {DIV} at (8,8) size 136x366 [border: (3px solid #000000)]
        RenderText {#text} at (15,3) size 20x247
          text run at (15,3) width 247: "\x{305B}\x{3063}\x{304B}\x{304F}\x{898B}\x{3064}\x{3051}\x{305F}\x{3059}\x{3070}\x{3089}\x{3057}\x{3044}\x{8A18}\x{4E8B}"
        RenderInline {SPAN} at (0,0) size 53x344
          RenderText {#text} at (15,250) size 53x344
            text run at (15,250) width 97: "\x{304C}\x{3069}\x{3053}\x{306B}\x{3042}\x{3063}"
            text run at (48,3) width 117: "\x{305F}\x{304B}\x{5FD8}\x{308C}\x{3066}\x{3057}\x{307E}"
        RenderText {#text} at (48,120) size 20x166
          text run at (48,120) width 166: "\x{3063}\x{305F}\x{7D4C}\x{9A13}\x{306F}\x{3042}\x{308A}\x{307E}\x{3059}\x{304B}"
        RenderInline {SPAN} at (0,0) size 52x354
          RenderText {#text} at (48,286) size 52x354
            text run at (48,286) width 71: "\x{306A}\x{3089}\x{30BF}\x{30A4}\x{30C8}"
            text run at (80,3) width 181: "\x{30EB}\x{3068}\x{30A2}\x{30C9}\x{30EC}\x{30B9}\x{3060}\x{3051}\x{3067}\x{306A}\x{304F}\x{3001}"
        RenderText {#text} at (80,184) size 52x344
          text run at (80,184) width 163: "\x{8A2A}\x{554F}\x{3057}\x{305F}\x{30A6}\x{30A7}\x{30D6}\x{30DA}\x{30FC}\x{30B8}"
          text run at (112,3) width 333: "\x{306E}\x{30B3}\x{30F3}\x{30C6}\x{30F3}\x{30C4}\x{304B}\x{3089}\x{3082}\x{691C}\x{7D22}\x{3059}\x{308B}\x{3053}\x{3068}\x{304C}\x{3067}\x{304D}\x{307E}\x{3059}\x{3002}"
      RenderBlock (floating) {DIV} at (160,8) size 137x366 [border: (3px solid #000000)]
        RenderText {#text} at (15,3) size 20x51
          text run at (15,3) width 51: "\x{305B}\x{3063}\x{304B}"
        RenderInline {SPAN} at (0,0) size 20x97
          RenderText {#text} at (15,54) size 20x97
            text run at (15,54) width 97: "\x{304F}\x{898B}\x{3064}\x{3051}\x{305F}\x{3059}"
        RenderInline {SPAN} at (0,0) size 20x63
          RenderText {#text} at (15,151) size 20x63
            text run at (15,151) width 63: "\x{3070}\x{3089}\x{3057}\x{3044}"
        RenderInline {SPAN} at (0,0) size 20x70
          RenderText {#text} at (15,214) size 20x70
            text run at (15,214) width 70: "\x{8A18}\x{4E8B}\x{304C}\x{3069}"
        RenderInline {SPAN} at (0,0) size 20x63
          RenderText {#text} at (15,284) size 20x63
            text run at (15,284) width 63: "\x{3053}\x{306B}\x{3042}\x{3063}"
        RenderInline {SPAN} at (0,0) size 20x101
          RenderText {#text} at (50,3) size 20x101
            text run at (50,3) width 101: "\x{305F}\x{304B}\x{5FD8}\x{308C}\x{3066}\x{3057}"
        RenderInline {SPAN} at (0,0) size 20x84
          RenderText {#text} at (50,104) size 20x84
            text run at (50,104) width 84: "\x{307E}\x{3063}\x{305F}\x{7D4C}\x{9A13}"
        RenderInline {SPAN} at (0,0) size 20x99
          RenderText {#text} at (50,188) size 20x99
            text run at (50,188) width 99: "\x{306F}\x{3042}\x{308A}\x{307E}\x{3059}\x{304B}"
        RenderInline {SPAN} at (0,0) size 53x355
          RenderText {#text} at (50,287) size 53x355
            text run at (50,287) width 71: "\x{306A}\x{3089}\x{30BF}\x{30A4}\x{30C8}"
            text run at (83,3) width 32: "\x{30EB}\x{3068}"
        RenderInline {SPAN} at (0,0) size 20x126
          RenderText {#text} at (83,35) size 20x126
            text run at (83,35) width 126: "\x{30A2}\x{30C9}\x{30EC}\x{30B9}\x{3060}\x{3051}\x{3067}\x{306A}"
        RenderInline {SPAN} at (0,0) size 20x107
          RenderText {#text} at (83,161) size 20x107
            text run at (83,161) width 107: "\x{304F}\x{3001}\x{8A2A}\x{554F}\x{3057}\x{305F}\x{30A6}"
        RenderInline {SPAN} at (0,0) size 50x344
          RenderText {#text} at (83,268) size 50x344
            text run at (83,268) width 79: "\x{30A7}\x{30D6}\x{30DA}\x{30FC}\x{30B8}"
            text run at (113,3) width 64: "\x{306E}\x{30B3}\x{30F3}\x{30C6}"
        RenderText {#text} at (113,67) size 20x269
          text run at (113,67) width 269: "\x{30F3}\x{30C4}\x{304B}\x{3089}\x{3082}\x{691C}\x{7D22}\x{3059}\x{308B}\x{3053}\x{3068}\x{304C}\x{3067}\x{304D}\x{307E}\x{3059}\x{3002}"
      RenderBlock (floating) {DIV} at (313,8) size 137x366 [border: (3px solid #000000)]
        RenderText {#text} at (4,3) size 20x51
          text run at (4,3) width 51: "\x{305B}\x{3063}\x{304B}"
        RenderInline {SPAN} at (0,0) size 20x97
          RenderText {#text} at (4,54) size 20x97
            text run at (4,54) width 97: "\x{304F}\x{898B}\x{3064}\x{3051}\x{305F}\x{3059}"
        RenderInline {SPAN} at (0,0) size 20x63
          RenderText {#text} at (4,151) size 20x63
            text run at (4,151) width 63: "\x{3070}\x{3089}\x{3057}\x{3044}"
        RenderInline {SPAN} at (0,0) size 20x70
          RenderText {#text} at (4,214) size 20x70
            text run at (4,214) width 70: "\x{8A18}\x{4E8B}\x{304C}\x{3069}"
        RenderInline {SPAN} at (0,0) size 20x63
          RenderText {#text} at (4,284) size 20x63
            text run at (4,284) width 63: "\x{3053}\x{306B}\x{3042}\x{3063}"
        RenderInline {SPAN} at (0,0) size 20x101
          RenderText {#text} at (37,3) size 20x101
            text run at (37,3) width 101: "\x{305F}\x{304B}\x{5FD8}\x{308C}\x{3066}\x{3057}"
        RenderInline {SPAN} at (0,0) size 20x84
          RenderText {#text} at (37,104) size 20x84
            text run at (37,104) width 84: "\x{307E}\x{3063}\x{305F}\x{7D4C}\x{9A13}"
        RenderInline {SPAN} at (0,0) size 20x99
          RenderText {#text} at (37,188) size 20x99
            text run at (37,188) width 99: "\x{306F}\x{3042}\x{308A}\x{307E}\x{3059}\x{304B}"
        RenderInline {SPAN} at (0,0) size 53x355
          RenderText {#text} at (37,287) size 55x355
            text run at (37,287) width 71: "\x{306A}\x{3089}\x{30BF}\x{30A4}\x{30C8}"
            text run at (72,3) width 32: "\x{30EB}\x{3068}"
        RenderInline {SPAN} at (0,0) size 20x126
          RenderText {#text} at (72,35) size 20x126
            text run at (72,35) width 126: "\x{30A2}\x{30C9}\x{30EC}\x{30B9}\x{3060}\x{3051}\x{3067}\x{306A}"
        RenderInline {SPAN} at (0,0) size 20x107
          RenderText {#text} at (72,161) size 20x107
            text run at (72,161) width 107: "\x{304F}\x{3001}\x{8A2A}\x{554F}\x{3057}\x{305F}\x{30A6}"
        RenderInline {SPAN} at (0,0) size 50x344
          RenderText {#text} at (72,268) size 53x344
            text run at (72,268) width 79: "\x{30A7}\x{30D6}\x{30DA}\x{30FC}\x{30B8}"
            text run at (105,3) width 64: "\x{306E}\x{30B3}\x{30F3}\x{30C6}"
        RenderText {#text} at (105,67) size 20x269
          text run at (105,67) width 269: "\x{30F3}\x{30C4}\x{304B}\x{3089}\x{3082}\x{691C}\x{7D22}\x{3059}\x{308B}\x{3053}\x{3068}\x{304C}\x{3067}\x{304D}\x{307E}\x{3059}\x{3002}"
      RenderBlock (floating) {DIV} at (466,8) size 154x366 [border: (3px solid #000000)]
        RenderText {#text} at (12,3) size 20x247
          text run at (12,3) width 247: "\x{305B}\x{3063}\x{304B}\x{304F}\x{898B}\x{3064}\x{3051}\x{305F}\x{3059}\x{3070}\x{3089}\x{3057}\x{3044}\x{8A18}\x{4E8B}"
        RenderInline {SPAN} at (0,0) size 57x344
          RenderText {#text} at (12,250) size 57x344
            text run at (12,250) width 97: "\x{304C}\x{3069}\x{3053}\x{306B}\x{3042}\x{3063}"
            text run at (49,3) width 117: "\x{305F}\x{304B}\x{5FD8}\x{308C}\x{3066}\x{3057}\x{307E}"
        RenderText {#text} at (49,120) size 20x166
          text run at (49,120) width 166: "\x{3063}\x{305F}\x{7D4C}\x{9A13}\x{306F}\x{3042}\x{308A}\x{307E}\x{3059}\x{304B}"
        RenderInline {SPAN} at (0,0) size 57x354
          RenderText {#text} at (49,286) size 57x354
            text run at (49,286) width 71: "\x{306A}\x{3089}\x{30BF}\x{30A4}\x{30C8}"
            text run at (86,3) width 181: "\x{30EB}\x{3068}\x{30A2}\x{30C9}\x{30EC}\x{30B9}\x{3060}\x{3051}\x{3067}\x{306A}\x{304F}\x{3001}"
        RenderText {#text} at (86,184) size 57x344
          text run at (86,184) width 163: "\x{8A2A}\x{554F}\x{3057}\x{305F}\x{30A6}\x{30A7}\x{30D6}\x{30DA}\x{30FC}\x{30B8}"
          text run at (123,3) width 333: "\x{306E}\x{30B3}\x{30F3}\x{30C6}\x{30F3}\x{30C4}\x{304B}\x{3089}\x{3082}\x{691C}\x{7D22}\x{3059}\x{308B}\x{3053}\x{3068}\x{304C}\x{3067}\x{304D}\x{307E}\x{3059}\x{3002}"
