layer at (0,0) size 800x600
  RenderView at (0,0) size 800x600
layer at (0,0) size 800x600
  RenderBlock {HTML} at (0,0) size 800x600
    RenderBody {BODY} at (8,8) size 744x584
      RenderBlock {P} at (0,0) size 78x584
        RenderInline {SPAN} at (0,0) size 53x192
          RenderText {#text} at (24,0) size 53x96
            text run at (24,0) width 96: "\x{6587}\x{5B57}"
          RenderInline {SPAN} at (0,0) size 53x48
            RenderCombineText {#text} at (24,96) size 53x48
              text run at (24,96) width 48: "\x{FFFC}"
          RenderText {#text} at (24,144) size 53x48
            text run at (24,144) width 48: "\x{5E74}"
        RenderText {#text} at (0,0) size 0x0
      RenderBlock {P} at (126,0) size 81x584
        RenderInline {SPAN} at (0,0) size 54x192
          RenderText {#text} at (26,0) size 54x96
            text run at (26,0) width 97: "\x{6587}\x{5B57}"
          RenderInline {SPAN} at (0,0) size 54x48
            RenderCombineText {#text} at (26,96) size 54x48
              text run at (26,96) width 49: "\x{FFFC}"
          RenderText {#text} at (26,144) size 54x48
            text run at (26,144) width 49: "\x{5E74}"
        RenderText {#text} at (0,0) size 0x0
      RenderBlock {P} at (254,0) size 79x584
        RenderInline {SPAN} at (0,0) size 53x192
          RenderText {#text} at (24,0) size 53x96
            text run at (24,0) width 96: "\x{6587}\x{5B57}"
          RenderInline {SPAN} at (0,0) size 53x48
            RenderCombineText {#text} at (24,96) size 53x48
              text run at (24,96) width 48: "\x{FFFC}"
          RenderText {#text} at (24,144) size 53x48
            text run at (24,144) width 48: "\x{5E74}"
        RenderText {#text} at (0,0) size 0x0
