layer at (0,0) size 800x600
  RenderView at (0,0) size 800x600
layer at (0,0) size 800x600
  RenderBlock {HTML} at (0,0) size 800x600
    RenderBody {BODY} at (8,8) size 784x576
      RenderBlock {P} at (0,0) size 784x18
        RenderText {#text} at (0,0) size 52x17
          text run at (0,0) width 52: "Test for "
        RenderInline {I} at (0,0) size 507x17
          RenderInline {A} at (0,0) size 154x17 [color=#0000EE]
            RenderText {#text} at (52,0) size 154x17
              text run at (52,0) width 154: "rdar://problem/9528843"
          RenderText {#text} at (206,0) size 353x17
            text run at (206,0) width 4: " "
            text run at (210,0) width 349: "STIX glyphs not rendered on this stackoverflow answer"
        RenderText {#text} at (559,0) size 4x17
          text run at (559,0) width 4: "."
      RenderBlock {P} at (0,34) size 784x43
        RenderText {#text} at (0,21) size 95x17
          text run at (0,21) width 95: "A black circle: "
        RenderInline {SPAN} at (0,0) size 44x36
          RenderText {#text} at (95,6) size 44x36
            text run at (95,6) width 44: "\x{26AB}"
        RenderText {#text} at (0,0) size 0x0
      RenderBlock {P} at (0,93) size 784x43
        RenderText {#text} at (0,21) size 136x17
          text run at (0,21) width 136: "Another black circle: "
        RenderInline {SPAN} at (0,0) size 45x36
          RenderText {#text} at (136,6) size 45x36
            text run at (136,6) width 45: "\x{26AB}"
        RenderText {#text} at (0,0) size 0x0
