layer at (0,0) size 800x600
  RenderView at (0,0) size 800x600
layer at (0,0) size 800x600
  RenderBlock {HTML} at (0,0) size 800x600
    RenderBody {BODY} at (8,8) size 784x584
      RenderBlock {P} at (0,0) size 784x20
        RenderText {#text} at (0,0) size 52x19
          text run at (0,0) width 52: "Test for "
        RenderInline {I} at (0,0) size 619x19
          RenderInline {A} at (0,0) size 301x19 [color=#0000EE]
            RenderText {#text} at (52,0) size 301x19
              text run at (52,0) width 301: "http://bugs.webkit.org/show_bug.cgi?id=12039"
          RenderText {#text} at (353,0) size 318x19
            text run at (353,0) width 4: " "
            text run at (357,0) width 314: "Assertion failure in WebCore::Font::primaryFont"
        RenderText {#text} at (671,0) size 4x19
          text run at (671,0) width 4: "."
      RenderBlock (anonymous) at (0,36) size 784x20
        RenderInline {SPAN} at (0,0) size 37x19
          RenderText {#text} at (0,0) size 37x19
            text run at (0,0) width 37: "PASS"
        RenderText {#text} at (0,0) size 0x0
        RenderText {#text} at (0,0) size 0x0
