layer at (0,0) size 800x600
  RenderView at (0,0) size 800x600
layer at (0,0) size 800x600
  RenderBlock {HTML} at (0,0) size 800x600
    RenderBody {BODY} at (8,8) size 784x552
      RenderBlock (anonymous) at (0,0) size 784x20
        RenderText {#text} at (0,0) size 457x19
          text run at (0,0) width 457: "This tests the ZWJ and ZWNJ format control characters on basic Latin text."
      RenderBlock {DIV} at (0,60) size 784x224
        RenderBlock {P} at (0,0) size 784x48
          RenderText {#text} at (0,1) size 276x46
            text run at (0,1) width 276: "fi fl ff ffi ffl fl f   i"
        RenderBlock {P} at (0,88) size 784x48
          RenderText {#text} at (0,1) size 276x46
            text run at (0,1) width 276: "f\x{200C}i f\x{200C}l f\x{200C}f f\x{200C}f\x{200C}i f\x{200C}f\x{200C}l f\x{200C}\x{200C}\x{200C}\x{200C}\x{200C}\x{200C}\x{200C}l f\x{200C}\x{200C}\x{200C}\x{200C}\x{200C}\x{200C}\x{200C} \x{200C}\x{200C}\x{200C}\x{200C}\x{200C}\x{200C}\x{200C} \x{200C}\x{200C}\x{200C}\x{200C}\x{200C}\x{200C}\x{200C} \x{200C}\x{200C}\x{200C}\x{200C}\x{200C}\x{200C}\x{200C}i"
        RenderBlock {P} at (0,176) size 784x48
          RenderText {#text} at (0,1) size 276x46
            text run at (0,1) width 276: "f\x{200D}i f\x{200D}l f\x{200D}f f\x{200D}f\x{200D}i f\x{200D}f\x{200D}l f\x{200D}\x{200D}\x{200D}\x{200D}\x{200D}\x{200D}\x{200D}l f\x{200D}\x{200D}\x{200D}\x{200D}\x{200D}\x{200D}\x{200D} \x{200D}\x{200D}\x{200D}\x{200D}\x{200D}\x{200D}\x{200D} \x{200D}\x{200D}\x{200D}\x{200D}\x{200D}\x{200D}\x{200D} \x{200D}\x{200D}\x{200D}\x{200D}\x{200D}\x{200D}\x{200D}i"
      RenderBlock {DIV} at (0,324) size 784x224
        RenderBlock {P} at (0,0) size 784x48
          RenderText {#text} at (0,1) size 276x46
            text run at (0,1) width 276: "fi fl ff ffi ffl fl f   i"
        RenderBlock {P} at (0,88) size 784x48
          RenderText {#text} at (0,1) size 276x46
            text run at (0,1) width 276: "f\x{200C}i f\x{200C}l f\x{200C}f f\x{200C}f\x{200C}i f\x{200C}f\x{200C}l f\x{200C}\x{200C}\x{200C}\x{200C}\x{200C}\x{200C}\x{200C}l f\x{200C}\x{200C}\x{200C}\x{200C}\x{200C}\x{200C}\x{200C} \x{200C}\x{200C}\x{200C}\x{200C}\x{200C}\x{200C}\x{200C} \x{200C}\x{200C}\x{200C}\x{200C}\x{200C}\x{200C}\x{200C} \x{200C}\x{200C}\x{200C}\x{200C}\x{200C}\x{200C}\x{200C}i"
        RenderBlock {P} at (0,176) size 784x48
          RenderText {#text} at (0,1) size 276x46
            text run at (0,1) width 276: "f\x{200D}i f\x{200D}l f\x{200D}f f\x{200D}f\x{200D}i f\x{200D}f\x{200D}l f\x{200D}\x{200D}\x{200D}\x{200D}\x{200D}\x{200D}\x{200D}l f\x{200D}\x{200D}\x{200D}\x{200D}\x{200D}\x{200D}\x{200D} \x{200D}\x{200D}\x{200D}\x{200D}\x{200D}\x{200D}\x{200D} \x{200D}\x{200D}\x{200D}\x{200D}\x{200D}\x{200D}\x{200D} \x{200D}\x{200D}\x{200D}\x{200D}\x{200D}\x{200D}\x{200D}i"
