layer at (0,0) size 800x600
  RenderView at (0,0) size 800x600
layer at (0,0) size 800x442
  RenderBlock {HTML} at (0,0) size 800x442
    RenderBody {BODY} at (8,8) size 784x426
      RenderBlock (anonymous) at (0,0) size 784x20
        RenderText {#text} at (0,0) size 593x19
          text run at (0,0) width 593: "This test is designed to test WebKit's mappings for the generic font families for Hangul scripts."
      RenderBlock {DIV} at (0,20) size 784x136
        RenderText {#text} at (0,10) size 752x125
          text run at (0,10) width 752: "\x{AD6D}\x{D68C}\x{BC95} \x{AC1C}\x{C815}\x{C548}\x{C5D0} \x{B300}\x{D55C} \x{BC15}\x{ADFC}\x{D61C} \x{B300}\x{D1B5}"
          text run at (0,78) width 100: "\x{B839}\x{C758}"
      RenderBlock {DIV} at (0,156) size 784x136
        RenderText {#text} at (0,10) size 752x125
          text run at (0,10) width 752: "\x{AD6D}\x{D68C}\x{BC95} \x{AC1C}\x{C815}\x{C548}\x{C5D0} \x{B300}\x{D55C} \x{BC15}\x{ADFC}\x{D61C} \x{B300}\x{D1B5}"
          text run at (0,78) width 100: "\x{B839}\x{C758}"
      RenderBlock {DIV} at (0,292) size 784x134
        RenderText {#text} at (0,9) size 756x124
          text run at (0,9) width 756: "\x{AD6D}\x{D68C}\x{BC95} \x{AC1C}\x{C815}\x{C548}\x{C5D0} \x{B300}\x{D55C} \x{BC15}\x{ADFC}\x{D61C} \x{B300}\x{D1B5}"
          text run at (0,76) width 100: "\x{B839}\x{C758}"
