layer at (0,0) size 800x600
  RenderView at (0,0) size 800x600
layer at (0,0) size 800x600
  RenderBlock {HTML} at (0,0) size 800x600
    RenderBody {BODY} at (8,8) size 784x584
      RenderBlock (floating) {DIV} at (4,0) size 344x276
        RenderBlock {P} at (0,16) size 344x20
          RenderInline {TT} at (0,0) size 120x16
            RenderText {#text} at (0,3) size 120x16
              text run at (0,3) width 120: "hyphens: manual"
          RenderText {#text} at (120,0) size 127x19
            text run at (120,0) width 127: " without soft hyphens"
        RenderBlock {DIV} at (0,52) size 344x224 [border: (3px solid #000000)]
          RenderBlock (floating) {DIV} at (262,7) size 75x90 [bgcolor=#F0F8FF]
          RenderText {#text} at (7,7) size 330x209
            text run at (7,7) width 245: "The chief difficulty Alice found at"
            text run at (7,28) width 245: "first was in managing her"
            text run at (7,49) width 245: "flamingo: she succeeded in getting"
            text run at (7,70) width 245: "its body tucked away,"
            text run at (7,91) width 245: "comfortably enough, under her"
            text run at (7,112) width 307: "arm, with its legs hanging down, "
            text run at (314,112) width 23: "but"
            text run at (7,133) width 330: "generally, just as she had got its neck nicely"
            text run at (7,154) width 95: "straightened "
            text run at (101,154) width 236: "out, and was going to give the"
            text run at (7,175) width 247: "hedgehog a blow with its head, it "
            text run at (253,175) width 84: "would twist"
            text run at (7,196) width 270: "itself round and look up in her face\x{2026}"
      RenderBlock (floating) {DIV} at (356,0) size 344x276
        RenderBlock {P} at (0,16) size 344x20
          RenderInline {TT} at (0,0) size 104x16
            RenderText {#text} at (0,3) size 104x16
              text run at (0,3) width 104: "hyphens: none"
          RenderText {#text} at (104,0) size 108x19
            text run at (104,0) width 108: " with soft hyphens"
        RenderBlock {DIV} at (0,52) size 344x224 [border: (3px solid #000000)]
          RenderBlock (floating) {DIV} at (262,7) size 75x90 [bgcolor=#F0F8FF]
          RenderText {#text} at (7,7) size 330x209
            text run at (7,7) width 245: "The chief difficulty Alice found at"
            text run at (7,28) width 245: "first was in managing her"
            text run at (7,49) width 245: "flamingo: she succeeded in get\x{AD}ting"
            text run at (7,70) width 245: "its body tucked away,"
            text run at (7,91) width 245: "com\x{AD}fortably enough, under her"
            text run at (7,112) width 307: "arm, with its legs hanging down, "
            text run at (314,112) width 23: "but"
            text run at (7,133) width 330: "generally, just as she had got its neck nicely"
            text run at (7,154) width 95: "straight\x{AD}ened "
            text run at (101,154) width 236: "out, and was going to give the"
            text run at (7,175) width 247: "hedge\x{AD}hog a blow with its head, it "
            text run at (253,175) width 84: "would twist"
            text run at (7,196) width 270: "itself round and look up in her face\x{2026}"
      RenderBlock (floating) {DIV} at (4,276) size 344x276
        RenderBlock {P} at (0,16) size 344x20
          RenderInline {TT} at (0,0) size 120x16
            RenderText {#text} at (0,3) size 120x16
              text run at (0,3) width 120: "hyphens: manual"
          RenderText {#text} at (120,0) size 108x19
            text run at (120,0) width 108: " with soft hyphens"
        RenderBlock {DIV} at (0,52) size 344x224 [border: (3px solid #000000)]
          RenderBlock (floating) {DIV} at (262,7) size 75x90 [bgcolor=#F0F8FF]
          RenderText {#text} at (7,7) size 330x209
            text run at (7,7) width 245: "The chief difficulty Alice found at"
            text run at (7,28) width 245: "first was in managing her"
            text run at (7,49) width 245: "flamingo: she succeeded in get\x{AD}ting"
            text run at (7,70) width 208: "its body tucked away, "
            text run at (215,70) width 37: "com\x{AD}" + hyphen string "\x{2010}"
            text run at (7,91) width 245: "fortably enough, under her arm,"
            text run at (7,112) width 202: "with its legs hanging down, "
            text run at (208,112) width 129: "but generally, just"
            text run at (7,133) width 330: "as she had got its neck nicely straight\x{AD}ened"
            text run at (7,154) width 330: "out, and was going to give the hedge\x{AD}hog a"
            text run at (7,175) width 159: "blow with its head, it "
            text run at (165,175) width 172: "would twist itself round"
            text run at (7,196) width 184: "and look up in her face\x{2026}"
      RenderBlock (floating) {DIV} at (356,276) size 344x276
        RenderBlock {P} at (0,16) size 344x20
          RenderInline {TT} at (0,0) size 104x16
            RenderText {#text} at (0,3) size 104x16
              text run at (0,3) width 104: "hyphens: auto"
          RenderText {#text} at (104,0) size 127x19
            text run at (104,0) width 127: " without soft hyphens"
        RenderBlock {DIV} at (0,52) size 344x224 [border: (3px solid #000000)]
          RenderBlock (floating) {DIV} at (262,7) size 75x90 [bgcolor=#F0F8FF]
          RenderText {#text} at (7,7) size 330x209
            text run at (7,7) width 245: "The chief difficulty Alice found at"
            text run at (7,28) width 245: "first was in managing her"
            text run at (7,49) width 245: "flamingo: she succeeded in getting"
            text run at (7,70) width 245: "its body tucked away,"
            text run at (7,91) width 245: "comfortably enough, under her"
            text run at (7,112) width 307: "arm, with its legs hanging down, "
            text run at (314,112) width 23: "but"
            text run at (7,133) width 330: "generally, just as she had got its neck nicely"
            text run at (7,154) width 95: "straightened "
            text run at (101,154) width 236: "out, and was going to give the"
            text run at (7,175) width 247: "hedgehog a blow with its head, it "
            text run at (253,175) width 84: "would twist"
            text run at (7,196) width 270: "itself round and look up in her face\x{2026}"
