layer at (0,0) size 800x600
  RenderView at (0,0) size 800x600
layer at (0,0) size 800x600
  RenderBlock {HTML} at (0,0) size 800x600
    RenderBody {BODY} at (8,8) size 784x584
      RenderBlock {P} at (0,0) size 784x36
        RenderText {#text} at (0,0) size 52x17
          text run at (0,0) width 52: "Test for "
        RenderInline {I} at (0,0) size 758x35
          RenderInline {A} at (0,0) size 348x17 [color=#0000EE]
            RenderText {#text} at (52,0) size 348x17
              text run at (52,0) width 348: "http://bugzilla.opendarwin.org/show_bug.cgi?id=7433"
          RenderText {#text} at (400,0) size 758x35
            text run at (400,0) width 358: " REGRESSION (r12789): Second RTL text run on a line"
            text run at (0,18) width 116: "cannot be selected"
        RenderText {#text} at (116,18) size 4x17
          text run at (116,18) width 4: "."
      RenderBlock {P} at (0,52) size 784x18
        RenderText {#text} at (0,0) size 648x17
          text run at (0,0) width 648: "The rightmost two words in the Hebrew text should be selectable by dragging or double-clicking them."
      RenderBlock (anonymous) at (0,96) size 784x18
        RenderInline {SPAN} at (0,0) size 116x17
          RenderText {#text} at (0,0) size 116x17
            text run at (0,0) width 50 RTL: "\x{5E9}\x{5EA}\x{5D4} \x{5DE}\x{5D9}\x{5E5}"
            text run at (50,0) width 66 RTL: "\x{5D0}\x{5DB}\x{5DC}\x{5EA} \x{5E4}\x{5DC}\x{5E4}\x{5DC} "
        RenderText {#text} at (0,0) size 0x0
layer at (8,94) size 784x2 clip at (0,0) size 0x0
  RenderBlock {HR} at (0,86) size 784x2 [color=#808080] [border: (1px inset #808080)]
caret: position 3 of child 0 {#text} of child 7 {SPAN} of body
