layer at (0,0) size 800x600
  RenderView at (0,0) size 800x600
layer at (0,0) size 800x600
  RenderBlock {HTML} at (0,0) size 800x600
    RenderBody {BODY} at (8,8) size 784x584
      RenderBlock {DIV} at (0,0) size 784x154
        RenderBlock {DIV} at (0,0) size 106x46 [border: (3px solid #000000)]
          RenderText {#text} at (3,3) size 81x19
            text run at (3,3) width 81: "a. b. "
          RenderInline {SPAN} at (0,0) size 3x19
            RenderText {#text} at (84,3) size 3x19
              text run at (84,3) width 3: "i"
          RenderText {#text} at (87,3) size 100x39
            text run at (87,3) width 16: "\x{306F}"
            text run at (3,23) width 56: "xxxxxxx"
        RenderBlock {DIV} at (0,54) size 106x46 [border: (3px solid #000000)]
          RenderText {#text} at (3,3) size 100x39
            text run at (3,3) width 100: "a. b. i\x{306F}"
            text run at (3,23) width 56: "xxxxxxx"
        RenderBlock {DIV} at (0,108) size 106x46 [border: (3px solid #000000)]
          RenderText {#text} at (3,3) size 168x39
            text run at (3,3) width 168: "xxxxxxxxxxxxxxxxxxxxx"
            text run at (3,23) width 32: "\x{FF08}\x{624B}\x{FF09}"
      RenderBlock {DIV} at (0,162) size 784x154
        RenderBlock {DIV} at (0,0) size 106x46 [border: (3px solid #000000)]
          RenderText {#text} at (3,3) size 81x19
            text run at (3,3) width 81: "a. b. "
          RenderInline {SPAN} at (0,0) size 3x19
            RenderText {#text} at (84,3) size 3x19
              text run at (84,3) width 3: "i"
          RenderText {#text} at (87,3) size 100x39
            text run at (87,3) width 16: "\x{306F}"
            text run at (3,23) width 56: "xxxxxxx"
        RenderBlock {DIV} at (0,54) size 106x46 [border: (3px solid #000000)]
          RenderText {#text} at (3,3) size 100x39
            text run at (3,3) width 100: "a. b. i\x{306F}"
            text run at (3,23) width 56: "xxxxxxx"
        RenderBlock {DIV} at (0,108) size 106x46 [border: (3px solid #000000)]
          RenderText {#text} at (3,3) size 168x39
            text run at (3,3) width 168: "xxxxxxxxxxxxxxxxxxxxx"
            text run at (3,23) width 32: "\x{FF08}\x{624B}\x{FF09}"
